[12987.857s][info][gc,heap        ] GC(32898) ParOldGen: 311484K(311808K)->311500K(311808K)
[12987.857s][info][gc,metaspace   ] GC(32898) Metaspace: 8795K(9024K)->8795K(9024K) NonClass: 8142K(8320K)->8142K(8320K) Class: 652K(704K)->652K(704K)
[12987.857s][info][gc             ] GC(32898) Pause Young (Allocation Failure) 426M->304M(423M) 91.392ms
[12987.857s][info][gc,cpu         ] GC(32898) User=0.00s Sys=0.00s Real=0.09s
[12988.216s][info][gc,start       ] GC(32899) Pause Young (Allocation Failure)
[12988.217s][info][gc,heap        ] GC(32899) PSYoungGen: 121072K(121344K)->256K(117760K) Eden: 120832K(120832K)->0K(117248K) From: 240K(512K)->256K(512K)
[12988.218s][info][gc,heap        ] GC(32899) ParOldGen: 311500K(311808K)->311516K(311808K)
[12988.218s][info][gc,metaspace   ] GC(32899) Metaspace: 8795K(9024K)->8795K(9024K) NonClass: 8142K(8320K)->8142K(8320K) Class: 652K(704K)->652K(704K)
[12988.218s][info][gc             ] GC(32899) Pause Young (Allocation Failure) 422M->304M(419M) 1.065ms
[12988.218s][info][gc,cpu         ] GC(32899) User=0.01s Sys=0.00s Real=0.00s
[12988.589s][info][gc,start       ] GC(32900) Pause Young (Allocation Failure)
[12988.590s][info][gc,heap        ] GC(32900) PSYoungGen: 117504K(117760K)->256K(114176K) Eden: 117248K(117248K)->0K(113664K) From: 256K(512K)->256K(512K)
[12988.590s][info][gc,heap        ] GC(32900) ParOldGen: 311516K(311808K)->311532K(311808K)
[12988.590s][info][gc,metaspace   ] GC(32900) Metaspace: 8795K(9024K)->8795K(9024K) NonClass: 8142K(8320K)->8142K(8320K) Class: 652K(704K)->652K(704K)
[12988.590s][info][gc             ] GC(32900) Pause Young (Allocation Failure) 418M->304M(416M) 1.156ms
[12988.590s][info][gc,cpu         ] GC(32900) User=0.00s Sys=0.00s Real=0.00s
[12988.946s][info][gc,start       ] GC(32901) Pause Young (Allocation Failure)
[12988.948s][info][gc,heap        ] GC(32901) PSYoungGen: 113920K(114176K)->240K(110592K) Eden: 113664K(113664K)->0K(110080K) From: 256K(512K)->240K(512K)
[12988.948s][info][gc,heap        ] GC(32901) ParOldGen: 311532K(311808K)->311548K(311808K)
[12988.948s][info][gc,metaspace   ] GC(32901) Metaspace: 8795K(9024K)->8795K(9024K) NonClass: 8142K(8320K)->8142K(8320K) Class: 652K(704K)->652K(704K)
[12988.948s][info][gc             ] GC(32901) Pause Young (Allocation Failure) 415M->304M(412M) 1.198ms
[12988.948s][info][gc,cpu         ] GC(32901) User=0.00s Sys=0.00s Real=0.00s
[12989.304s][info][gc,start       ] GC(32902) Pause Young (Allocation Failure)
[12989.305s][info][gc,heap        ] GC(32902) PSYoungGen: 110320K(110592K)->208K(107520K) Eden: 110080K(110080K)->0K(107008K) From: 240K(512K)->208K(512K)
[12989.305s][info][gc,heap        ] GC(32902) ParOldGen: 311548K(311808K)->311556K(311808K)
[12989.305s][info][gc,metaspace   ] GC(32902) Metaspace: 8795K(9024K)->8795K(9024K) NonClass: 8142K(8320K)->8142K(8320K) Class: 652K(704K)->652K(704K)
[12989.305s][info][gc             ] GC(32902) Pause Young (Allocation Failure) 411M->304M(409M) 1.565ms
[12989.305s][info][gc,cpu         ] GC(32902) User=0.00s Sys=0.00s Real=0.00s
[12989.629s][info][gc,start       ] GC(32903) Pause Young (Allocation Failure)
[12989.630s][info][gc,heap        ] GC(32903) PSYoungGen: 107216K(107520K)->240K(104448K) Eden: 107008K(107008K)->0K(103936K) From: 208K(512K)->240K(512K)
[12989.630s][info][gc,heap        ] GC(32903) ParOldGen: 311556K(311808K)->311572K(311808K)
[12989.630s][info][gc,metaspace   ] GC(32903) Metaspace: 8795K(9024K)->8795K(9024K) NonClass: 8142K(8320K)->8142K(8320K) Class: 652K(704K)->652K(704K)
[12989.630s][info][gc             ] GC(32903) Pause Young (Allocation Failure) 408M->304M(406M) 1.446ms
[12989.630s][info][gc,cpu         ] GC(32903) User=0.00s Sys=0.00s Real=0.01s
[12989.966s][info][gc,start       ] GC(32904) Pause Young (Allocation Failure)
[12989.967s][info][gc,heap        ] GC(32904) PSYoungGen: 104176K(104448K)->256K(101376K) Eden: 103936K(103936K)->0K(100864K) From: 240K(512K)->256K(512K)
[12989.967s][info][gc,heap        ] GC(32904) ParOldGen: 311572K(311808K)->311588K(311808K)
[12989.967s][info][gc,metaspace   ] GC(32904) Metaspace: 8795K(9024K)->8795K(9024K) NonClass: 8142K(8320K)->8142K(8320K) Class: 652K(704K)->652K(704K)
[12989.967s][info][gc             ] GC(32904) Pause Young (Allocation Failure) 406M->304M(403M) 1.467ms
[12989.967s][info][gc,cpu         ] GC(32904) User=0.00s Sys=0.00s Real=0.00s
[12990.262s][info][gc,start       ] GC(32905) Pause Young (Allocation Failure)
[12990.263s][info][gc,heap        ] GC(32905) PSYoungGen: 101120K(101376K)->240K(98304K) Eden: 100864K(100864K)->0K(97792K) From: 256K(512K)->240K(512K)
[12990.263s][info][gc,heap        ] GC(32905) ParOldGen: 311588K(311808K)->311604K(311808K)
[12990.263s][info][gc,metaspace   ] GC(32905) Metaspace: 8795K(9024K)->8795K(9024K) NonClass: 8142K(8320K)->8142K(8320K) Class: 652K(704K)->652K(704K)
[12990.263s][info][gc             ] GC(32905) Pause Young (Allocation Failure) 403M->304M(400M) 1.115ms
[12990.263s][info][gc,cpu         ] GC(32905) User=0.00s Sys=0.00s Real=0.00s
[12990.587s][info][gc,start       ] GC(32906) Pause Young (Allocation Failure)
[12990.588s][info][gc,heap        ] GC(32906) PSYoungGen: 98032K(98304K)->224K(95744K) Eden: 97792K(97792K)->0K(95232K) From: 240K(512K)->224K(512K)
[12990.588s][info][gc,heap        ] GC(32906) ParOldGen: 311604K(311808K)->311620K(311808K)
[12990.588s][info][gc,metaspace   ] GC(32906) Metaspace: 8795K(9024K)->8795K(9024K) NonClass: 8142K(8320K)->8142K(8320K) Class: 652K(704K)->652K(704K)
[12990.588s][info][gc             ] GC(32906) Pause Young (Allocation Failure) 400M->304M(398M) 1.512ms
[12990.588s][info][gc,cpu         ] GC(32906) User=0.00s Sys=0.00s Real=0.00s
[12990.885s][info][gc,start       ] GC(32907) Pause Young (Allocation Failure)
[12990.886s][info][gc,heap        ] GC(32907) PSYoungGen: 95456K(95744K)->224K(93184K) Eden: 95232K(95232K)->0K(92672K) From: 224K(512K)->224K(512K)
[12990.886s][info][gc,heap        ] GC(32907) ParOldGen: 311620K(311808K)->311636K(311808K)
[12990.886s][info][gc,metaspace   ] GC(32907) Metaspace: 8795K(9024K)->8795K(9024K) NonClass: 8142K(8320K)->8142K(8320K) Class: 652K(704K)->652K(704K)
[12990.886s][info][gc             ] GC(32907) Pause Young (Allocation Failure) 397M->304M(395M) 1.073ms
[12990.886s][info][gc,cpu         ] GC(32907) User=0.01s Sys=0.00s Real=0.00s
[12991.157s][info][gc,start       ] GC(32908) Pause Young (Allocation Failure)
[12991.158s][info][gc,heap        ] GC(32908) PSYoungGen: 92896K(93184K)->256K(90624K) Eden: 92672K(92672K)->0K(90112K) From: 224K(512K)->256K(512K)
[12991.158s][info][gc,heap        ] GC(32908) ParOldGen: 311636K(311808K)->311652K(311808K)
[12991.158s][info][gc,metaspace   ] GC(32908) Metaspace: 8795K(9024K)->8795K(9024K) NonClass: 8142K(8320K)->8142K(8320K) Class: 652K(704K)->652K(704K)
[12991.158s][info][gc             ] GC(32908) Pause Young (Allocation Failure) 395M->304M(393M) 1.071ms
[12991.158s][info][gc,cpu         ] GC(32908) User=0.00s Sys=0.00s Real=0.00s
[12991.420s][info][gc,start       ] GC(32909) Pause Young (Allocation Failure)
[12991.422s][info][gc,heap        ] GC(32909) PSYoungGen: 90368K(90624K)->256K(88064K) Eden: 90112K(90112K)->0K(87552K) From: 256K(512K)->256K(512K)
[12991.422s][info][gc,heap        ] GC(32909) ParOldGen: 311652K(311808K)->311668K(311808K)
[12991.422s][info][gc,metaspace   ] GC(32909) Metaspace: 8795K(9024K)->8795K(9024K) NonClass: 8142K(8320K)->8142K(8320K) Class: 652K(704K)->652K(704K)
[12991.422s][info][gc             ] GC(32909) Pause Young (Allocation Failure) 392M->304M(390M) 1.131ms
[12991.422s][info][gc,cpu         ] GC(32909) User=0.01s Sys=0.00s Real=0.00s
[12991.697s][info][gc,start       ] GC(32910) Pause Young (Allocation Failure)
[12991.698s][info][gc,heap        ] GC(32910) PSYoungGen: 87808K(88064K)->256K(202752K) Eden: 87552K(87552K)->0K(202240K) From: 256K(512K)->256K(512K)
[12991.698s][info][gc,heap        ] GC(32910) ParOldGen: 311668K(311808K)->311684K(311808K)
[12991.698s][info][gc,metaspace   ] GC(32910) Metaspace: 8795K(9024K)->8795K(9024K) NonClass: 8142K(8320K)->8142K(8320K) Class: 652K(704K)->652K(704K)
[12991.698s][info][gc             ] GC(32910) Pause Young (Allocation Failure) 390M->304M(502M) 1.115ms
[12991.698s][info][gc,cpu         ] GC(32910) User=0.00s Sys=0.00s Real=0.00s
[12992.298s][info][gc,start       ] GC(32911) Pause Young (Allocation Failure)
[12992.299s][info][gc,heap        ] GC(32911) PSYoungGen: 202496K(202752K)->256K(195584K) Eden: 202240K(202240K)->0K(195072K) From: 256K(512K)->256K(512K)
[12992.299s][info][gc,heap        ] GC(32911) ParOldGen: 311684K(311808K)->311700K(311808K)
[12992.299s][info][gc,metaspace   ] GC(32911) Metaspace: 8795K(9024K)->8795K(9024K) NonClass: 8142K(8320K)->8142K(8320K) Class: 652K(704K)->652K(704K)
[12992.299s][info][gc             ] GC(32911) Pause Young (Allocation Failure) 502M->304M(495M) 1.135ms
[12992.299s][info][gc,cpu         ] GC(32911) User=0.01s Sys=0.00s Real=0.00s
[12992.880s][info][gc,start       ] GC(32912) Pause Young (Allocation Failure)
[12992.882s][info][gc,heap        ] GC(32912) PSYoungGen: 195328K(195584K)->256K(188416K) Eden: 195072K(195072K)->0K(187904K) From: 256K(512K)->256K(512K)
[12992.882s][info][gc,heap        ] GC(32912) ParOldGen: 311700K(311808K)->311716K(311808K)
[12992.882s][info][gc,metaspace   ] GC(32912) Metaspace: 8795K(9024K)->8795K(9024K) NonClass: 8142K(8320K)->8142K(8320K) Class: 652K(704K)->652K(704K)
[12992.882s][info][gc             ] GC(32912) Pause Young (Allocation Failure) 495M->304M(488M) 1.111ms
[12992.882s][info][gc,cpu         ] GC(32912) User=0.00s Sys=0.00s Real=0.00s
[12993.506s][info][gc,start       ] GC(32913) Pause Young (Allocation Failure)
[12993.507s][info][gc,heap        ] GC(32913) PSYoungGen: 188160K(188416K)->240K(181760K) Eden: 187904K(187904K)->0K(181248K) From: 256K(512K)->240K(512K)
[12993.507s][info][gc,heap        ] GC(32913) ParOldGen: 311716K(311808K)->311732K(311808K)
[12993.507s][info][gc,metaspace   ] GC(32913) Metaspace: 8795K(9024K)->8795K(9024K) NonClass: 8142K(8320K)->8142K(8320K) Class: 652K(704K)->652K(704K)
[12993.507s][info][gc             ] GC(32913) Pause Young (Allocation Failure) 488M->304M(482M) 1.090ms
[12993.507s][info][gc,cpu         ] GC(32913) User=0.01s Sys=0.00s Real=0.00s
[12994.041s][info][gc,start       ] GC(32914) Pause Young (Allocation Failure)
[12994.042s][info][gc,heap        ] GC(32914) PSYoungGen: 181488K(181760K)->208K(175104K) Eden: 181248K(181248K)->0K(174592K) From: 240K(512K)->208K(512K)
[12994.042s][info][gc,heap        ] GC(32914) ParOldGen: 311732K(311808K)->311748K(311808K)
[12994.042s][info][gc,metaspace   ] GC(32914) Metaspace: 8795K(9024K)->8795K(9024K) NonClass: 8142K(8320K)->8142K(8320K) Class: 652K(704K)->652K(704K)
[12994.042s][info][gc             ] GC(32914) Pause Young (Allocation Failure) 481M->304M(475M) 1.183ms
[12994.042s][info][gc,cpu         ] GC(32914) User=0.01s Sys=0.00s Real=0.00s
[12994.582s][info][gc,start       ] GC(32915) Pause Young (Allocation Failure)
[12994.583s][info][gc,heap        ] GC(32915) PSYoungGen: 174800K(175104K)->256K(168960K) Eden: 174592K(174592K)->0K(168448K) From: 208K(512K)->256K(512K)
[12994.583s][info][gc,heap        ] GC(32915) ParOldGen: 311748K(311808K)->311764K(311808K)
[12994.583s][info][gc,metaspace   ] GC(32915) Metaspace: 8795K(9024K)->8795K(9024K) NonClass: 8142K(8320K)->8142K(8320K) Class: 652K(704K)->652K(704K)
[12994.583s][info][gc             ] GC(32915) Pause Young (Allocation Failure) 475M->304M(469M) 1.204ms
[12994.583s][info][gc,cpu         ] GC(32915) User=0.00s Sys=0.00s Real=0.00s
[12995.098s][info][gc,start       ] GC(32916) Pause Young (Allocation Failure)
[12995.100s][info][gc,heap        ] GC(32916) PSYoungGen: 168704K(168960K)->288K(163328K) Eden: 168448K(168448K)->0K(162816K) From: 256K(512K)->288K(512K)
[12995.100s][info][gc,heap        ] GC(32916) ParOldGen: 311764K(311808K)->311780K(311808K)
[12995.100s][info][gc,metaspace   ] GC(32916) Metaspace: 8795K(9024K)->8795K(9024K) NonClass: 8142K(8320K)->8142K(8320K) Class: 652K(704K)->652K(704K)
[12995.100s][info][gc             ] GC(32916) Pause Young (Allocation Failure) 469M->304M(464M) 2.033ms
[12995.100s][info][gc,cpu         ] GC(32916) User=0.01s Sys=0.00s Real=0.00s
[12995.608s][info][gc,start       ] GC(32917) Pause Young (Allocation Failure)
[12995.610s][info][gc,heap        ] GC(32917) PSYoungGen: 163104K(163328K)->272K(157696K) Eden: 162816K(162816K)->0K(157184K) From: 288K(512K)->272K(512K)
[12995.610s][info][gc,heap        ] GC(32917) ParOldGen: 311780K(311808K)->311796K(311808K)
[12995.610s][info][gc,metaspace   ] GC(32917) Metaspace: 8795K(9024K)->8795K(9024K) NonClass: 8142K(8320K)->8142K(8320K) Class: 652K(704K)->652K(704K)
[12995.610s][info][gc             ] GC(32917) Pause Young (Allocation Failure) 463M->304M(458M) 1.995ms
[12995.610s][info][gc,cpu         ] GC(32917) User=0.00s Sys=0.00s Real=0.00s
[12996.060s][info][gc,start       ] GC(32918) Pause Young (Allocation Failure)
[12996.062s][info][gc,heap        ] GC(32918) PSYoungGen: 157456K(157696K)->240K(152576K) Eden: 157184K(157184K)->0K(152064K) From: 272K(512K)->240K(512K)
[12996.062s][info][gc,heap        ] GC(32918) ParOldGen: 311796K(311808K)->311812K(312320K)
[12996.062s][info][gc,metaspace   ] GC(32918) Metaspace: 8795K(9024K)->8795K(9024K) NonClass: 8142K(8320K)->8142K(8320K) Class: 652K(704K)->652K(704K)
[12996.062s][info][gc             ] GC(32918) Pause Young (Allocation Failure) 458M->304M(454M) 1.994ms
[12996.062s][info][gc,cpu         ] GC(32918) User=0.00s Sys=0.01s Real=0.00s
[12996.520s][info][gc,start       ] GC(32919) Pause Young (Allocation Failure)
[12996.522s][info][gc,heap        ] GC(32919) PSYoungGen: 152304K(152576K)->256K(147456K) Eden: 152064K(152064K)->0K(146944K) From: 240K(512K)->256K(512K)
[12996.522s][info][gc,heap        ] GC(32919) ParOldGen: 311812K(312320K)->311820K(312320K)
[12996.522s][info][gc,metaspace   ] GC(32919) Metaspace: 8795K(9024K)->8795K(9024K) NonClass: 8142K(8320K)->8142K(8320K) Class: 652K(704K)->652K(704K)
[12996.522s][info][gc             ] GC(32919) Pause Young (Allocation Failure) 453M->304M(449M) 2.004ms
[12996.522s][info][gc,cpu         ] GC(32919) User=0.00s Sys=0.00s Real=0.01s
[12996.969s][info][gc,start       ] GC(32920) Pause Young (Allocation Failure)
[12996.971s][info][gc,heap        ] GC(32920) PSYoungGen: 147200K(147456K)->272K(142848K) Eden: 146944K(146944K)->0K(142336K) From: 256K(512K)->272K(512K)
[12996.971s][info][gc,heap        ] GC(32920) ParOldGen: 311820K(312320K)->311836K(312320K)
[12996.971s][info][gc,metaspace   ] GC(32920) Metaspace: 8795K(9024K)->8795K(9024K) NonClass: 8142K(8320K)->8142K(8320K) Class: 652K(704K)->652K(704K)
[12996.971s][info][gc             ] GC(32920) Pause Young (Allocation Failure) 448M->304M(444M) 1.565ms
[12996.971s][info][gc,cpu         ] GC(32920) User=0.00s Sys=0.00s Real=0.01s
[12997.429s][info][gc,start       ] GC(32921) Pause Young (Allocation Failure)
[12997.431s][info][gc,heap        ] GC(32921) PSYoungGen: 142608K(142848K)->240K(138240K) Eden: 142336K(142336K)->0K(137728K) From: 272K(512K)->240K(512K)
[12997.431s][info][gc,heap        ] GC(32921) ParOldGen: 311836K(312320K)->311852K(312320K)
[12997.431s][info][gc,metaspace   ] GC(32921) Metaspace: 8795K(9024K)->8795K(9024K) NonClass: 8142K(8320K)->8142K(8320K) Class: 652K(704K)->652K(704K)
[12997.431s][info][gc             ] GC(32921) Pause Young (Allocation Failure) 443M->304M(440M) 2.271ms
[12997.431s][info][gc,cpu         ] GC(32921) User=0.00s Sys=0.00s Real=0.01s
[12997.836s][info][gc,start       ] GC(32922) Pause Young (Allocation Failure)
[12997.838s][info][gc,heap        ] GC(32922) PSYoungGen: 137968K(138240K)->256K(133632K) Eden: 137728K(137728K)->0K(133120K) From: 240K(512K)->256K(512K)
[12997.838s][info][gc,heap        ] GC(32922) ParOldGen: 311852K(312320K)->311868K(312320K)
[12997.838s][info][gc,metaspace   ] GC(32922) Metaspace: 8795K(9024K)->8795K(9024K) NonClass: 8142K(8320K)->8142K(8320K) Class: 652K(704K)->652K(704K)
[12997.838s][info][gc             ] GC(32922) Pause Young (Allocation Failure) 439M->304M(435M) 1.920ms
[12997.838s][info][gc,cpu         ] GC(32922) User=0.01s Sys=0.00s Real=0.00s
[12998.224s][info][gc,start       ] GC(32923) Pause Young (Allocation Failure)
[12998.226s][info][gc,heap        ] GC(32923) PSYoungGen: 133376K(133632K)->240K(129536K) Eden: 133120K(133120K)->0K(129024K) From: 256K(512K)->240K(512K)
[12998.226s][info][gc,heap        ] GC(32923) ParOldGen: 311868K(312320K)->311884K(312320K)
[12998.226s][info][gc,metaspace   ] GC(32923) Metaspace: 8795K(9024K)->8795K(9024K) NonClass: 8142K(8320K)->8142K(8320K) Class: 652K(704K)->652K(704K)
[12998.226s][info][gc             ] GC(32923) Pause Young (Allocation Failure) 434M->304M(431M) 2.064ms
[12998.226s][info][gc,cpu         ] GC(32923) User=0.01s Sys=0.00s Real=0.00s
[12998.606s][info][gc,start       ] GC(32924) Pause Young (Allocation Failure)
[12998.608s][info][gc,heap        ] GC(32924) PSYoungGen: 129264K(129536K)->256K(125440K) Eden: 129024K(129024K)->0K(124928K) From: 240K(512K)->256K(512K)
[12998.608s][info][gc,heap        ] GC(32924) ParOldGen: 311884K(312320K)->311892K(312320K)
[12998.608s][info][gc,metaspace   ] GC(32924) Metaspace: 8795K(9024K)->8795K(9024K) NonClass: 8142K(8320K)->8142K(8320K) Class: 652K(704K)->652K(704K)
[12998.608s][info][gc             ] GC(32924) Pause Young (Allocation Failure) 430M->304M(427M) 1.924ms
[12998.608s][info][gc,cpu         ] GC(32924) User=0.01s Sys=0.00s Real=0.00s
[12999.001s][info][gc,start       ] GC(32925) Pause Young (Allocation Failure)
[12999.004s][info][gc,heap        ] GC(32925) PSYoungGen: 125184K(125440K)->288K(121344K) Eden: 124928K(124928K)->0K(120832K) From: 256K(512K)->288K(512K)
[12999.004s][info][gc,heap        ] GC(32925) ParOldGen: 311892K(312320K)->311908K(312320K)
[12999.004s][info][gc,metaspace   ] GC(32925) Metaspace: 8795K(9024K)->8795K(9024K) NonClass: 8142K(8320K)->8142K(8320K) Class: 652K(704K)->652K(704K)
[12999.004s][info][gc             ] GC(32925) Pause Young (Allocation Failure) 426M->304M(423M) 2.730ms
[12999.004s][info][gc,cpu         ] GC(32925) User=0.00s Sys=0.00s Real=0.00s
[12999.391s][info][gc,start       ] GC(32926) Pause Young (Allocation Failure)
[12999.394s][info][gc,heap        ] GC(32926) PSYoungGen: 121120K(121344K)->240K(117760K) Eden: 120832K(120832K)->0K(117248K) From: 288K(512K)->240K(512K)
[12999.394s][info][gc,heap        ] GC(32926) ParOldGen: 311908K(312320K)->311924K(312320K)
[12999.394s][info][gc,metaspace   ] GC(32926) Metaspace: 8795K(9024K)->8795K(9024K) NonClass: 8142K(8320K)->8142K(8320K) Class: 652K(704K)->652K(704K)
[12999.394s][info][gc             ] GC(32926) Pause Young (Allocation Failure) 422M->304M(420M) 2.762ms
[12999.394s][info][gc,cpu         ] GC(32926) User=0.00s Sys=0.00s Real=0.00s
[12999.737s][info][gc,start       ] GC(32927) Pause Young (Allocation Failure)
[12999.739s][info][gc,heap        ] GC(32927) PSYoungGen: 117488K(117760K)->256K(114176K) Eden: 117248K(117248K)->0K(113664K) From: 240K(512K)->256K(512K)
[12999.739s][info][gc,heap        ] GC(32927) ParOldGen: 311924K(312320K)->311940K(312320K)
[12999.739s][info][gc,metaspace   ] GC(32927) Metaspace: 8795K(9024K)->8795K(9024K) NonClass: 8142K(8320K)->8142K(8320K) Class: 652K(704K)->652K(704K)
[12999.739s][info][gc             ] GC(32927) Pause Young (Allocation Failure) 419M->304M(416M) 1.163ms
[12999.739s][info][gc,cpu         ] GC(32927) User=0.00s Sys=0.00s Real=0.00s
[13000.096s][info][gc,start       ] GC(32928) Pause Young (Allocation Failure)
[13000.097s][info][gc,heap        ] GC(32928) PSYoungGen: 113920K(114176K)->256K(110592K) Eden: 113664K(113664K)->0K(110080K) From: 256K(512K)->256K(512K)
[13000.097s][info][gc,heap        ] GC(32928) ParOldGen: 311940K(312320K)->311956K(312320K)
[13000.097s][info][gc,metaspace   ] GC(32928) Metaspace: 8795K(9024K)->8795K(9024K) NonClass: 8142K(8320K)->8142K(8320K) Class: 652K(704K)->652K(704K)
[13000.097s][info][gc             ] GC(32928) Pause Young (Allocation Failure) 415M->304M(413M) 1.104ms
[13000.097s][info][gc,cpu         ] GC(32928) User=0.00s Sys=0.00s Real=0.00s
[13000.430s][info][gc,start       ] GC(32929) Pause Young (Allocation Failure)
[13000.431s][info][gc,heap        ] GC(32929) PSYoungGen: 110336K(110592K)->256K(107520K) Eden: 110080K(110080K)->0K(107008K) From: 256K(512K)->256K(512K)
[13000.431s][info][gc,heap        ] GC(32929) ParOldGen: 311956K(312320K)->311972K(312320K)
[13000.431s][info][gc,metaspace   ] GC(32929) Metaspace: 8795K(9024K)->8795K(9024K) NonClass: 8142K(8320K)->8142K(8320K) Class: 652K(704K)->652K(704K)
[13000.431s][info][gc             ] GC(32929) Pause Young (Allocation Failure) 412M->304M(410M) 1.045ms
[13000.431s][info][gc,cpu         ] GC(32929) User=0.00s Sys=0.00s Real=0.00s
[13000.747s][info][gc,start       ] GC(32930) Pause Young (Allocation Failure)
[13000.748s][info][gc,heap        ] GC(32930) PSYoungGen: 107264K(107520K)->256K(104448K) Eden: 107008K(107008K)->0K(103936K) From: 256K(512K)->256K(512K)
[13000.748s][info][gc,heap        ] GC(32930) ParOldGen: 311972K(312320K)->311988K(312320K)
[13000.748s][info][gc,metaspace   ] GC(32930) Metaspace: 8795K(9024K)->8795K(9024K) NonClass: 8142K(8320K)->8142K(8320K) Class: 652K(704K)->652K(704K)
[13000.748s][info][gc             ] GC(32930) Pause Young (Allocation Failure) 409M->304M(407M) 1.085ms
[13000.748s][info][gc,cpu         ] GC(32930) User=0.01s Sys=0.00s Real=0.00s
[13001.069s][info][gc,start       ] GC(32931) Pause Young (Allocation Failure)
[13001.070s][info][gc,heap        ] GC(32931) PSYoungGen: 104192K(104448K)->240K(101376K) Eden: 103936K(103936K)->0K(100864K) From: 256K(512K)->240K(512K)
[13001.070s][info][gc,heap        ] GC(32931) ParOldGen: 311988K(312320K)->312004K(312320K)
[13001.070s][info][gc,metaspace   ] GC(32931) Metaspace: 8795K(9024K)->8795K(9024K) NonClass: 8142K(8320K)->8142K(8320K) Class: 652K(704K)->652K(704K)
[13001.070s][info][gc             ] GC(32931) Pause Young (Allocation Failure) 406M->304M(404M) 1.119ms
[13001.070s][info][gc,cpu         ] GC(32931) User=0.00s Sys=0.00s Real=0.00s
[13001.386s][info][gc,start       ] GC(32932) Pause Young (Allocation Failure)
[13001.387s][info][gc,heap        ] GC(32932) PSYoungGen: 101104K(101376K)->256K(98304K) Eden: 100864K(100864K)->0K(97792K) From: 240K(512K)->256K(512K)
[13001.387s][info][gc,heap        ] GC(32932) ParOldGen: 312004K(312320K)->312020K(312320K)
[13001.387s][info][gc,metaspace   ] GC(32932) Metaspace: 8795K(9024K)->8795K(9024K) NonClass: 8142K(8320K)->8142K(8320K) Class: 652K(704K)->652K(704K)
[13001.387s][info][gc             ] GC(32932) Pause Young (Allocation Failure) 403M->304M(401M) 1.106ms
[13001.387s][info][gc,cpu         ] GC(32932) User=0.00s Sys=0.00s Real=0.00s
[13001.675s][info][gc,start       ] GC(32933) Pause Young (Allocation Failure)
[13001.676s][info][gc,heap        ] GC(32933) PSYoungGen: 98048K(98304K)->256K(95744K) Eden: 97792K(97792K)->0K(95232K) From: 256K(512K)->256K(512K)
[13001.676s][info][gc,heap        ] GC(32933) ParOldGen: 312020K(312320K)->312036K(312320K)
[13001.676s][info][gc,metaspace   ] GC(32933) Metaspace: 8795K(9024K)->8795K(9024K) NonClass: 8142K(8320K)->8142K(8320K) Class: 652K(704K)->652K(704K)
[13001.677s][info][gc             ] GC(32933) Pause Young (Allocation Failure) 400M->304M(398M) 1.194ms
[13001.677s][info][gc,cpu         ] GC(32933) User=0.00s Sys=0.00s Real=0.00s
[13001.990s][info][gc,start       ] GC(32934) Pause Young (Allocation Failure)
[13001.991s][info][gc,heap        ] GC(32934) PSYoungGen: 95488K(95744K)->256K(93184K) Eden: 95232K(95232K)->0K(92672K) From: 256K(512K)->256K(512K)
[13001.991s][info][gc,heap        ] GC(32934) ParOldGen: 312036K(312320K)->312052K(312320K)
[13001.991s][info][gc,metaspace   ] GC(32934) Metaspace: 8795K(9024K)->8795K(9024K) NonClass: 8142K(8320K)->8142K(8320K) Class: 652K(704K)->652K(704K)
[13001.991s][info][gc             ] GC(32934) Pause Young (Allocation Failure) 397M->304M(396M) 1.120ms
[13001.991s][info][gc,cpu         ] GC(32934) User=0.00s Sys=0.00s Real=0.01s
[13002.301s][info][gc,start       ] GC(32935) Pause Young (Allocation Failure)
[13002.302s][info][gc,heap        ] GC(32935) PSYoungGen: 92928K(93184K)->288K(90624K) Eden: 92672K(92672K)->0K(90112K) From: 256K(512K)->288K(512K)
[13002.302s][info][gc,heap        ] GC(32935) ParOldGen: 312052K(312320K)->312068K(312320K)
[13002.302s][info][gc,metaspace   ] GC(32935) Metaspace: 8795K(9024K)->8795K(9024K) NonClass: 8142K(8320K)->8142K(8320K) Class: 652K(704K)->652K(704K)
[13002.302s][info][gc             ] GC(32935) Pause Young (Allocation Failure) 395M->305M(393M) 1.146ms
[13002.302s][info][gc,cpu         ] GC(32935) User=0.00s Sys=0.00s Real=0.00s
[13002.585s][info][gc,start       ] GC(32936) Pause Young (Allocation Failure)
[13002.586s][info][gc,heap        ] GC(32936) PSYoungGen: 90400K(90624K)->256K(88064K) Eden: 90112K(90112K)->0K(87552K) From: 288K(512K)->256K(512K)
[13002.586s][info][gc,heap        ] GC(32936) ParOldGen: 312068K(312320K)->312084K(312320K)
[13002.586s][info][gc,metaspace   ] GC(32936) Metaspace: 8795K(9024K)->8795K(9024K) NonClass: 8142K(8320K)->8142K(8320K) Class: 652K(704K)->652K(704K)
[13002.586s][info][gc             ] GC(32936) Pause Young (Allocation Failure) 393M->305M(391M) 1.180ms
[13002.586s][info][gc,cpu         ] GC(32936) User=0.01s Sys=0.00s Real=0.00s
[13002.876s][info][gc,start       ] GC(32937) Pause Young (Allocation Failure)
[13002.878s][info][gc,heap        ] GC(32937) PSYoungGen: 87808K(88064K)->240K(202752K) Eden: 87552K(87552K)->0K(202240K) From: 256K(512K)->240K(512K)
[13002.878s][info][gc,heap        ] GC(32937) ParOldGen: 312084K(312320K)->312100K(312320K)
[13002.878s][info][gc,metaspace   ] GC(32937) Metaspace: 8795K(9024K)->8795K(9024K) NonClass: 8142K(8320K)->8142K(8320K) Class: 652K(704K)->652K(704K)
[13002.878s][info][gc             ] GC(32937) Pause Young (Allocation Failure) 390M->305M(503M) 2.228ms
[13002.878s][info][gc,cpu         ] GC(32937) User=0.00s Sys=0.00s Real=0.00s
[13003.460s][info][gc,start       ] GC(32938) Pause Young (Allocation Failure)
[13003.461s][info][gc,heap        ] GC(32938) PSYoungGen: 202480K(202752K)->208K(195584K) Eden: 202240K(202240K)->0K(195072K) From: 240K(512K)->208K(512K)
[13003.461s][info][gc,heap        ] GC(32938) ParOldGen: 312100K(312320K)->312116K(312320K)
[13003.461s][info][gc,metaspace   ] GC(32938) Metaspace: 8795K(9024K)->8795K(9024K) NonClass: 8142K(8320K)->8142K(8320K) Class: 652K(704K)->652K(704K)
[13003.461s][info][gc             ] GC(32938) Pause Young (Allocation Failure) 502M->305M(496M) 1.051ms
[13003.462s][info][gc,cpu         ] GC(32938) User=0.00s Sys=0.00s Real=0.00s
[13004.053s][info][gc,start       ] GC(32939) Pause Young (Allocation Failure)
[13004.054s][info][gc,heap        ] GC(32939) PSYoungGen: 195280K(195584K)->272K(188416K) Eden: 195072K(195072K)->0K(187904K) From: 208K(512K)->272K(512K)
[13004.054s][info][gc,heap        ] GC(32939) ParOldGen: 312116K(312320K)->312124K(312320K)
[13004.054s][info][gc,metaspace   ] GC(32939) Metaspace: 8795K(9024K)->8795K(9024K) NonClass: 8142K(8320K)->8142K(8320K) Class: 652K(704K)->652K(704K)
[13004.054s][info][gc             ] GC(32939) Pause Young (Allocation Failure) 495M->305M(489M) 1.887ms
[13004.054s][info][gc,cpu         ] GC(32939) User=0.00s Sys=0.00s Real=0.00s
[13004.628s][info][gc,start       ] GC(32940) Pause Young (Allocation Failure)
[13004.630s][info][gc,heap        ] GC(32940) PSYoungGen: 188176K(188416K)->288K(181760K) Eden: 187904K(187904K)->0K(181248K) From: 272K(512K)->288K(512K)
[13004.630s][info][gc,heap        ] GC(32940) ParOldGen: 312124K(312320K)->312140K(312320K)
[13004.630s][info][gc,metaspace   ] GC(32940) Metaspace: 8795K(9024K)->8795K(9024K) NonClass: 8142K(8320K)->8142K(8320K) Class: 652K(704K)->652K(704K)
[13004.630s][info][gc             ] GC(32940) Pause Young (Allocation Failure) 488M->305M(482M) 1.970ms
[13004.630s][info][gc,cpu         ] GC(32940) User=0.01s Sys=0.00s Real=0.01s
[13005.139s][info][gc,start       ] GC(32941) Pause Young (Allocation Failure)
[13005.141s][info][gc,heap        ] GC(32941) PSYoungGen: 181536K(181760K)->224K(175104K) Eden: 181248K(181248K)->0K(174592K) From: 288K(512K)->224K(512K)
[13005.141s][info][gc,heap        ] GC(32941) ParOldGen: 312140K(312320K)->312156K(312320K)
[13005.141s][info][gc,metaspace   ] GC(32941) Metaspace: 8795K(9024K)->8795K(9024K) NonClass: 8142K(8320K)->8142K(8320K) Class: 652K(704K)->652K(704K)
[13005.141s][info][gc             ] GC(32941) Pause Young (Allocation Failure) 482M->305M(476M) 1.996ms
[13005.141s][info][gc,cpu         ] GC(32941) User=0.01s Sys=0.00s Real=0.01s
[13005.661s][info][gc,start       ] GC(32942) Pause Young (Allocation Failure)
[13005.663s][info][gc,heap        ] GC(32942) PSYoungGen: 174816K(175104K)->256K(168960K) Eden: 174592K(174592K)->0K(168448K) From: 224K(512K)->256K(512K)
[13005.663s][info][gc,heap        ] GC(32942) ParOldGen: 312156K(312320K)->312172K(312320K)
[13005.663s][info][gc,metaspace   ] GC(32942) Metaspace: 8795K(9024K)->8795K(9024K) NonClass: 8142K(8320K)->8142K(8320K) Class: 652K(704K)->652K(704K)
[13005.663s][info][gc             ] GC(32942) Pause Young (Allocation Failure) 475M->305M(470M) 1.460ms
[13005.663s][info][gc,cpu         ] GC(32942) User=0.00s Sys=0.00s Real=0.00s
[13006.182s][info][gc,start       ] GC(32943) Pause Young (Allocation Failure)
[13006.184s][info][gc,heap        ] GC(32943) PSYoungGen: 168704K(168960K)->288K(163328K) Eden: 168448K(168448K)->0K(162816K) From: 256K(512K)->288K(512K)
[13006.184s][info][gc,heap        ] GC(32943) ParOldGen: 312172K(312320K)->312180K(312320K)
[13006.184s][info][gc,metaspace   ] GC(32943) Metaspace: 8795K(9024K)->8795K(9024K) NonClass: 8142K(8320K)->8142K(8320K) Class: 652K(704K)->652K(704K)
[13006.184s][info][gc             ] GC(32943) Pause Young (Allocation Failure) 469M->305M(464M) 2.069ms
[13006.184s][info][gc,cpu         ] GC(32943) User=0.00s Sys=0.00s Real=0.00s
[13006.684s][info][gc,start       ] GC(32944) Pause Young (Allocation Failure)
[13006.685s][info][gc,heap        ] GC(32944) PSYoungGen: 163104K(163328K)->240K(157696K) Eden: 162816K(162816K)->0K(157184K) From: 288K(512K)->240K(512K)
[13006.685s][info][gc,heap        ] GC(32944) ParOldGen: 312180K(312320K)->312196K(312320K)
[13006.685s][info][gc,metaspace   ] GC(32944) Metaspace: 8795K(9024K)->8795K(9024K) NonClass: 8142K(8320K)->8142K(8320K) Class: 652K(704K)->652K(704K)
[13006.685s][info][gc             ] GC(32944) Pause Young (Allocation Failure) 464M->305M(459M) 1.425ms
[13006.685s][info][gc,cpu         ] GC(32944) User=0.00s Sys=0.00s Real=0.00s
[13007.147s][info][gc,start       ] GC(32945) Pause Young (Allocation Failure)
[13007.148s][info][gc,heap        ] GC(32945) PSYoungGen: 157424K(157696K)->240K(152576K) Eden: 157184K(157184K)->0K(152064K) From: 240K(512K)->240K(512K)
[13007.148s][info][gc,heap        ] GC(32945) ParOldGen: 312196K(312320K)->312212K(312320K)
[13007.148s][info][gc,metaspace   ] GC(32945) Metaspace: 8795K(9024K)->8795K(9024K) NonClass: 8142K(8320K)->8142K(8320K) Class: 652K(704K)->652K(704K)
[13007.148s][info][gc             ] GC(32945) Pause Young (Allocation Failure) 458M->305M(454M) 1.162ms
[13007.148s][info][gc,cpu         ] GC(32945) User=0.00s Sys=0.00s Real=0.00s
[13007.615s][info][gc,start       ] GC(32946) Pause Young (Allocation Failure)
[13007.617s][info][gc,heap        ] GC(32946) PSYoungGen: 152304K(152576K)->256K(147456K) Eden: 152064K(152064K)->0K(146944K) From: 240K(512K)->256K(512K)
[13007.617s][info][gc,heap        ] GC(32946) ParOldGen: 312212K(312320K)->312228K(312320K)
[13007.617s][info][gc,metaspace   ] GC(32946) Metaspace: 8795K(9024K)->8795K(9024K) NonClass: 8142K(8320K)->8142K(8320K) Class: 652K(704K)->652K(704K)
[13007.617s][info][gc             ] GC(32946) Pause Young (Allocation Failure) 453M->305M(449M) 1.991ms
[13007.617s][info][gc,cpu         ] GC(32946) User=0.00s Sys=0.01s Real=0.00s
[13008.057s][info][gc,start       ] GC(32947) Pause Young (Allocation Failure)
[13008.059s][info][gc,heap        ] GC(32947) PSYoungGen: 147200K(147456K)->256K(142848K) Eden: 146944K(146944K)->0K(142336K) From: 256K(512K)->256K(512K)
[13008.059s][info][gc,heap        ] GC(32947) ParOldGen: 312228K(312320K)->312244K(312320K)
[13008.059s][info][gc,metaspace   ] GC(32947) Metaspace: 8795K(9024K)->8795K(9024K) NonClass: 8142K(8320K)->8142K(8320K) Class: 652K(704K)->652K(704K)
[13008.059s][info][gc             ] GC(32947) Pause Young (Allocation Failure) 448M->305M(444M) 1.972ms
[13008.059s][info][gc,cpu         ] GC(32947) User=0.01s Sys=0.00s Real=0.00s
[13008.471s][info][gc,start       ] GC(32948) Pause Young (Allocation Failure)
[13008.473s][info][gc,heap        ] GC(32948) PSYoungGen: 142592K(142848K)->224K(138240K) Eden: 142336K(142336K)->0K(137728K) From: 256K(512K)->224K(512K)
[13008.473s][info][gc,heap        ] GC(32948) ParOldGen: 312244K(312320K)->312260K(312320K)
[13008.473s][info][gc,metaspace   ] GC(32948) Metaspace: 8795K(9024K)->8795K(9024K) NonClass: 8142K(8320K)->8142K(8320K) Class: 652K(704K)->652K(704K)
[13008.473s][info][gc             ] GC(32948) Pause Young (Allocation Failure) 444M->305M(440M) 2.124ms
[13008.473s][info][gc,cpu         ] GC(32948) User=0.00s Sys=0.00s Real=0.00s
[13008.882s][info][gc,start       ] GC(32949) Pause Young (Allocation Failure)
[13008.883s][info][gc,heap        ] GC(32949) PSYoungGen: 137952K(138240K)->144K(133632K) Eden: 137728K(137728K)->0K(133120K) From: 224K(512K)->144K(512K)
[13008.883s][info][gc,heap        ] GC(32949) ParOldGen: 312260K(312320K)->312268K(312320K)
[13008.883s][info][gc,metaspace   ] GC(32949) Metaspace: 8795K(9024K)->8795K(9024K) NonClass: 8142K(8320K)->8142K(8320K) Class: 652K(704K)->652K(704K)
[13008.883s][info][gc             ] GC(32949) Pause Young (Allocation Failure) 439M->305M(435M) 1.163ms
[13008.883s][info][gc,cpu         ] GC(32949) User=0.00s Sys=0.00s Real=0.00s
[13009.284s][info][gc,start       ] GC(32950) Pause Young (Allocation Failure)
[13009.285s][info][gc,heap        ] GC(32950) PSYoungGen: 133264K(133632K)->256K(129536K) Eden: 133120K(133120K)->0K(129024K) From: 144K(512K)->256K(512K)
[13009.285s][info][gc,heap        ] GC(32950) ParOldGen: 312268K(312320K)->312284K(312320K)
[13009.285s][info][gc,metaspace   ] GC(32950) Metaspace: 8795K(9024K)->8795K(9024K) NonClass: 8142K(8320K)->8142K(8320K) Class: 652K(704K)->652K(704K)
[13009.285s][info][gc             ] GC(32950) Pause Young (Allocation Failure) 435M->305M(431M) 1.086ms
[13009.285s][info][gc,cpu         ] GC(32950) User=0.00s Sys=0.00s Real=0.00s
[13009.676s][info][gc,start       ] GC(32951) Pause Young (Allocation Failure)
[13009.677s][info][gc,heap        ] GC(32951) PSYoungGen: 129280K(129536K)->240K(125440K) Eden: 129024K(129024K)->0K(124928K) From: 256K(512K)->240K(512K)
[13009.677s][info][gc,heap        ] GC(32951) ParOldGen: 312284K(312320K)->312300K(312320K)
[13009.677s][info][gc,metaspace   ] GC(32951) Metaspace: 8795K(9024K)->8795K(9024K) NonClass: 8142K(8320K)->8142K(8320K) Class: 652K(704K)->652K(704K)
[13009.677s][info][gc             ] GC(32951) Pause Young (Allocation Failure) 431M->305M(427M) 1.075ms
[13009.677s][info][gc,cpu         ] GC(32951) User=0.00s Sys=0.00s Real=0.00s
[13010.034s][info][gc,start       ] GC(32952) Pause Young (Allocation Failure)
[13010.035s][info][gc,heap        ] GC(32952) PSYoungGen: 125168K(125440K)->320K(121344K) Eden: 124928K(124928K)->0K(120832K) From: 240K(512K)->320K(512K)
[13010.035s][info][gc,heap        ] GC(32952) ParOldGen: 312300K(312320K)->312316K(312320K)
[13010.035s][info][gc,metaspace   ] GC(32952) Metaspace: 8795K(9024K)->8795K(9024K) NonClass: 8142K(8320K)->8142K(8320K) Class: 652K(704K)->652K(704K)
[13010.035s][info][gc             ] GC(32952) Pause Young (Allocation Failure) 427M->305M(423M) 1.135ms
[13010.035s][info][gc,cpu         ] GC(32952) User=0.00s Sys=0.00s Real=0.00s
[13010.418s][info][gc,start       ] GC(32953) Pause Young (Allocation Failure)
[13010.419s][info][gc,heap        ] GC(32953) PSYoungGen: 121152K(121344K)->240K(117760K) Eden: 120832K(120832K)->0K(117248K) From: 320K(512K)->240K(512K)
[13010.419s][info][gc,heap        ] GC(32953) ParOldGen: 312316K(312320K)->312332K(312832K)
[13010.419s][info][gc,metaspace   ] GC(32953) Metaspace: 8795K(9024K)->8795K(9024K) NonClass: 8142K(8320K)->8142K(8320K) Class: 652K(704K)->652K(704K)
[13010.419s][info][gc             ] GC(32953) Pause Young (Allocation Failure) 423M->305M(420M) 1.153ms
[13010.419s][info][gc,cpu         ] GC(32953) User=0.00s Sys=0.00s Real=0.00s
[13010.802s][info][gc,start       ] GC(32954) Pause Young (Allocation Failure)
[13010.803s][info][gc,heap        ] GC(32954) PSYoungGen: 117488K(117760K)->256K(114176K) Eden: 117248K(117248K)->0K(113664K) From: 240K(512K)->256K(512K)
[13010.803s][info][gc,heap        ] GC(32954) ParOldGen: 312332K(312832K)->312348K(312832K)
[13010.803s][info][gc,metaspace   ] GC(32954) Metaspace: 8795K(9024K)->8795K(9024K) NonClass: 8142K(8320K)->8142K(8320K) Class: 652K(704K)->652K(704K)
[13010.803s][info][gc             ] GC(32954) Pause Young (Allocation Failure) 419M->305M(417M) 1.173ms
[13010.803s][info][gc,cpu         ] GC(32954) User=0.00s Sys=0.00s Real=0.00s
[13011.140s][info][gc,start       ] GC(32955) Pause Young (Allocation Failure)
[13011.141s][info][gc,heap        ] GC(32955) PSYoungGen: 113920K(114176K)->224K(110592K) Eden: 113664K(113664K)->0K(110080K) From: 256K(512K)->224K(512K)
[13011.141s][info][gc,heap        ] GC(32955) ParOldGen: 312348K(312832K)->312364K(312832K)
[13011.141s][info][gc,metaspace   ] GC(32955) Metaspace: 8795K(9024K)->8795K(9024K) NonClass: 8142K(8320K)->8142K(8320K) Class: 652K(704K)->652K(704K)
[13011.141s][info][gc             ] GC(32955) Pause Young (Allocation Failure) 416M->305M(413M) 1.040ms
[13011.141s][info][gc,cpu         ] GC(32955) User=0.00s Sys=0.00s Real=0.01s
[13011.461s][info][gc,start       ] GC(32956) Pause Young (Allocation Failure)
[13011.462s][info][gc,heap        ] GC(32956) PSYoungGen: 110304K(110592K)->240K(107520K) Eden: 110080K(110080K)->0K(107008K) From: 224K(512K)->240K(512K)
[13011.462s][info][gc,heap        ] GC(32956) ParOldGen: 312364K(312832K)->312380K(312832K)
[13011.462s][info][gc,metaspace   ] GC(32956) Metaspace: 8795K(9024K)->8795K(9024K) NonClass: 8142K(8320K)->8142K(8320K) Class: 652K(704K)->652K(704K)
[13011.462s][info][gc             ] GC(32956) Pause Young (Allocation Failure) 412M->305M(410M) 1.034ms
[13011.462s][info][gc,cpu         ] GC(32956) User=0.00s Sys=0.00s Real=0.00s
[13011.773s][info][gc,start       ] GC(32957) Pause Young (Allocation Failure)
[13011.774s][info][gc,heap        ] GC(32957) PSYoungGen: 107248K(107520K)->256K(104448K) Eden: 107008K(107008K)->0K(103936K) From: 240K(512K)->256K(512K)
[13011.774s][info][gc,heap        ] GC(32957) ParOldGen: 312380K(312832K)->312396K(312832K)
[13011.774s][info][gc,metaspace   ] GC(32957) Metaspace: 8795K(9024K)->8795K(9024K) NonClass: 8142K(8320K)->8142K(8320K) Class: 652K(704K)->652K(704K)
[13011.774s][info][gc             ] GC(32957) Pause Young (Allocation Failure) 409M->305M(407M) 1.087ms
[13011.774s][info][gc,cpu         ] GC(32957) User=0.00s Sys=0.00s Real=0.00s
[13012.077s][info][gc,start       ] GC(32958) Pause Young (Allocation Failure)
[13012.078s][info][gc,heap        ] GC(32958) PSYoungGen: 104192K(104448K)->240K(101376K) Eden: 103936K(103936K)->0K(100864K) From: 256K(512K)->240K(512K)
[13012.078s][info][gc,heap        ] GC(32958) ParOldGen: 312396K(312832K)->312412K(312832K)
[13012.078s][info][gc,metaspace   ] GC(32958) Metaspace: 8795K(9024K)->8795K(9024K) NonClass: 8142K(8320K)->8142K(8320K) Class: 652K(704K)->652K(704K)
[13012.078s][info][gc             ] GC(32958) Pause Young (Allocation Failure) 406M->305M(404M) 1.154ms
[13012.078s][info][gc,cpu         ] GC(32958) User=0.01s Sys=0.00s Real=0.00s
[13012.377s][info][gc,start       ] GC(32959) Pause Young (Allocation Failure)
[13012.379s][info][gc,heap        ] GC(32959) PSYoungGen: 101104K(101376K)->272K(98304K) Eden: 100864K(100864K)->0K(97792K) From: 240K(512K)->272K(512K)
[13012.379s][info][gc,heap        ] GC(32959) ParOldGen: 312412K(312832K)->312428K(312832K)
[13012.379s][info][gc,metaspace   ] GC(32959) Metaspace: 8795K(9024K)->8795K(9024K) NonClass: 8142K(8320K)->8142K(8320K) Class: 652K(704K)->652K(704K)
[13012.379s][info][gc             ] GC(32959) Pause Young (Allocation Failure) 403M->305M(401M) 2.023ms
[13012.379s][info][gc,cpu         ] GC(32959) User=0.00s Sys=0.00s Real=0.00s
[13012.666s][info][gc,start       ] GC(32960) Pause Young (Allocation Failure)
[13012.667s][info][gc,heap        ] GC(32960) PSYoungGen: 98064K(98304K)->256K(95744K) Eden: 97792K(97792K)->0K(95232K) From: 272K(512K)->256K(512K)
[13012.667s][info][gc,heap        ] GC(32960) ParOldGen: 312428K(312832K)->312444K(312832K)
[13012.667s][info][gc,metaspace   ] GC(32960) Metaspace: 8795K(9024K)->8795K(9024K) NonClass: 8142K(8320K)->8142K(8320K) Class: 652K(704K)->652K(704K)
[13012.667s][info][gc             ] GC(32960) Pause Young (Allocation Failure) 400M->305M(399M) 1.174ms
[13012.667s][info][gc,cpu         ] GC(32960) User=0.00s Sys=0.00s Real=0.00s
[13012.947s][info][gc,start       ] GC(32961) Pause Young (Allocation Failure)
[13012.948s][info][gc,heap        ] GC(32961) PSYoungGen: 95488K(95744K)->256K(93184K) Eden: 95232K(95232K)->0K(92672K) From: 256K(512K)->256K(512K)
[13012.948s][info][gc,heap        ] GC(32961) ParOldGen: 312444K(312832K)->312460K(312832K)
[13012.948s][info][gc,metaspace   ] GC(32961) Metaspace: 8795K(9024K)->8795K(9024K) NonClass: 8142K(8320K)->8142K(8320K) Class: 652K(704K)->652K(704K)
[13012.948s][info][gc             ] GC(32961) Pause Young (Allocation Failure) 398M->305M(396M) 1.079ms
[13012.948s][info][gc,cpu         ] GC(32961) User=0.01s Sys=0.00s Real=0.00s
[13013.217s][info][gc,start       ] GC(32962) Pause Young (Allocation Failure)
[13013.218s][info][gc,heap        ] GC(32962) PSYoungGen: 92928K(93184K)->240K(90624K) Eden: 92672K(92672K)->0K(90112K) From: 256K(512K)->240K(512K)
[13013.218s][info][gc,heap        ] GC(32962) ParOldGen: 312460K(312832K)->312476K(312832K)
[13013.218s][info][gc,metaspace   ] GC(32962) Metaspace: 8795K(9024K)->8795K(9024K) NonClass: 8142K(8320K)->8142K(8320K) Class: 652K(704K)->652K(704K)
[13013.218s][info][gc             ] GC(32962) Pause Young (Allocation Failure) 395M->305M(394M) 1.133ms
[13013.218s][info][gc,cpu         ] GC(32962) User=0.00s Sys=0.00s Real=0.00s
[13013.491s][info][gc,start       ] GC(32963) Pause Young (Allocation Failure)
[13013.492s][info][gc,heap        ] GC(32963) PSYoungGen: 90352K(90624K)->240K(88064K) Eden: 90112K(90112K)->0K(87552K) From: 240K(512K)->240K(512K)
[13013.492s][info][gc,heap        ] GC(32963) ParOldGen: 312476K(312832K)->312492K(312832K)
[13013.492s][info][gc,metaspace   ] GC(32963) Metaspace: 8795K(9024K)->8795K(9024K) NonClass: 8142K(8320K)->8142K(8320K) Class: 652K(704K)->652K(704K)
[13013.492s][info][gc             ] GC(32963) Pause Young (Allocation Failure) 393M->305M(391M) 1.195ms
[13013.492s][info][gc,cpu         ] GC(32963) User=0.00s Sys=0.00s Real=0.00s
[13013.758s][info][gc,start       ] GC(32964) Pause Young (Allocation Failure)
[13013.759s][info][gc,heap        ] GC(32964) PSYoungGen: 87792K(88064K)->240K(202752K) Eden: 87552K(87552K)->0K(202240K) From: 240K(512K)->240K(512K)
[13013.759s][info][gc,heap        ] GC(32964) ParOldGen: 312492K(312832K)->312508K(312832K)
[13013.759s][info][gc,metaspace   ] GC(32964) Metaspace: 8795K(9024K)->8795K(9024K) NonClass: 8142K(8320K)->8142K(8320K) Class: 652K(704K)->652K(704K)
[13013.759s][info][gc             ] GC(32964) Pause Young (Allocation Failure) 390M->305M(503M) 1.092ms
[13013.759s][info][gc,cpu         ] GC(32964) User=0.00s Sys=0.00s Real=0.00s
[13014.370s][info][gc,start       ] GC(32965) Pause Young (Allocation Failure)
[13014.371s][info][gc,heap        ] GC(32965) PSYoungGen: 202480K(202752K)->240K(195584K) Eden: 202240K(202240K)->0K(195072K) From: 240K(512K)->240K(512K)
[13014.371s][info][gc,heap        ] GC(32965) ParOldGen: 312508K(312832K)->312524K(312832K)
[13014.371s][info][gc,metaspace   ] GC(32965) Metaspace: 8795K(9024K)->8795K(9024K) NonClass: 8142K(8320K)->8142K(8320K) Class: 652K(704K)->652K(704K)
[13014.371s][info][gc             ] GC(32965) Pause Young (Allocation Failure) 502M->305M(496M) 1.170ms
[13014.371s][info][gc,cpu         ] GC(32965) User=0.01s Sys=0.00s Real=0.01s
[13015.021s][info][gc,start       ] GC(32966) Pause Young (Allocation Failure)
[13015.023s][info][gc,heap        ] GC(32966) PSYoungGen: 195312K(195584K)->272K(188416K) Eden: 195072K(195072K)->0K(187904K) From: 240K(512K)->272K(512K)
[13015.023s][info][gc,heap        ] GC(32966) ParOldGen: 312524K(312832K)->312540K(312832K)
[13015.023s][info][gc,metaspace   ] GC(32966) Metaspace: 8795K(9024K)->8795K(9024K) NonClass: 8142K(8320K)->8142K(8320K) Class: 652K(704K)->652K(704K)
[13015.023s][info][gc             ] GC(32966) Pause Young (Allocation Failure) 495M->305M(489M) 1.188ms
[13015.023s][info][gc,cpu         ] GC(32966) User=0.00s Sys=0.00s Real=0.00s
[13015.591s][info][gc,start       ] GC(32967) Pause Young (Allocation Failure)
[13015.592s][info][gc,heap        ] GC(32967) PSYoungGen: 188176K(188416K)->256K(181760K) Eden: 187904K(187904K)->0K(181248K) From: 272K(512K)->256K(512K)
[13015.592s][info][gc,heap        ] GC(32967) ParOldGen: 312540K(312832K)->312556K(312832K)
[13015.592s][info][gc,metaspace   ] GC(32967) Metaspace: 8795K(9024K)->8795K(9024K) NonClass: 8142K(8320K)->8142K(8320K) Class: 652K(704K)->652K(704K)
[13015.592s][info][gc             ] GC(32967) Pause Young (Allocation Failure) 488M->305M(483M) 1.179ms
[13015.592s][info][gc,cpu         ] GC(32967) User=0.00s Sys=0.00s Real=0.00s
[13016.196s][info][gc,start       ] GC(32968) Pause Young (Allocation Failure)
[13016.197s][info][gc,heap        ] GC(32968) PSYoungGen: 181504K(181760K)->144K(175104K) Eden: 181248K(181248K)->0K(174592K) From: 256K(512K)->144K(512K)
[13016.197s][info][gc,heap        ] GC(32968) ParOldGen: 312556K(312832K)->312564K(312832K)
[13016.197s][info][gc,metaspace   ] GC(32968) Metaspace: 8795K(9024K)->8795K(9024K) NonClass: 8142K(8320K)->8142K(8320K) Class: 652K(704K)->652K(704K)
[13016.197s][info][gc             ] GC(32968) Pause Young (Allocation Failure) 482M->305M(476M) 1.082ms
[13016.197s][info][gc,cpu         ] GC(32968) User=0.01s Sys=0.00s Real=0.00s
[13016.836s][info][gc,start       ] GC(32969) Pause Young (Allocation Failure)
[13016.837s][info][gc,heap        ] GC(32969) PSYoungGen: 174736K(175104K)->256K(168960K) Eden: 174592K(174592K)->0K(168448K) From: 144K(512K)->256K(512K)
[13016.837s][info][gc,heap        ] GC(32969) ParOldGen: 312564K(312832K)->312580K(312832K)
[13016.837s][info][gc,metaspace   ] GC(32969) Metaspace: 8795K(9024K)->8795K(9024K) NonClass: 8142K(8320K)->8142K(8320K) Class: 652K(704K)->652K(704K)
[13016.837s][info][gc             ] GC(32969) Pause Young (Allocation Failure) 475M->305M(470M) 1.184ms
[13016.837s][info][gc,cpu         ] GC(32969) User=0.00s Sys=0.00s Real=0.00s
[13017.411s][info][gc,start       ] GC(32970) Pause Young (Allocation Failure)
[13017.412s][info][gc,heap        ] GC(32970) PSYoungGen: 168704K(168960K)->240K(163328K) Eden: 168448K(168448K)->0K(162816K) From: 256K(512K)->240K(512K)
[13017.412s][info][gc,heap        ] GC(32970) ParOldGen: 312580K(312832K)->312596K(312832K)
[13017.412s][info][gc,metaspace   ] GC(32970) Metaspace: 8795K(9024K)->8795K(9024K) NonClass: 8142K(8320K)->8142K(8320K) Class: 652K(704K)->652K(704K)
[13017.412s][info][gc             ] GC(32970) Pause Young (Allocation Failure) 470M->305M(465M) 1.194ms
[13017.412s][info][gc,cpu         ] GC(32970) User=0.00s Sys=0.00s Real=0.00s
[13018.030s][info][gc,start       ] GC(32971) Pause Young (Allocation Failure)
[13018.031s][info][gc,heap        ] GC(32971) PSYoungGen: 163056K(163328K)->240K(157696K) Eden: 162816K(162816K)->0K(157184K) From: 240K(512K)->240K(512K)
[13018.031s][info][gc,heap        ] GC(32971) ParOldGen: 312596K(312832K)->312612K(312832K)
[13018.031s][info][gc,metaspace   ] GC(32971) Metaspace: 8795K(9024K)->8795K(9024K) NonClass: 8142K(8320K)->8142K(8320K) Class: 652K(704K)->652K(704K)
[13018.031s][info][gc             ] GC(32971) Pause Young (Allocation Failure) 464M->305M(459M) 1.305ms
[13018.031s][info][gc,cpu         ] GC(32971) User=0.00s Sys=0.00s Real=0.01s
[13018.556s][info][gc,start       ] GC(32972) Pause Young (Allocation Failure)
[13018.557s][info][gc,heap        ] GC(32972) PSYoungGen: 157424K(157696K)->272K(152576K) Eden: 157184K(157184K)->0K(152064K) From: 240K(512K)->272K(512K)
[13018.557s][info][gc,heap        ] GC(32972) ParOldGen: 312612K(312832K)->312628K(312832K)
[13018.557s][info][gc,metaspace   ] GC(32972) Metaspace: 8795K(9024K)->8795K(9024K) NonClass: 8142K(8320K)->8142K(8320K) Class: 652K(704K)->652K(704K)
[13018.557s][info][gc             ] GC(32972) Pause Young (Allocation Failure) 459M->305M(454M) 1.137ms
[13018.557s][info][gc,cpu         ] GC(32972) User=0.01s Sys=0.00s Real=0.00s
[13019.073s][info][gc,start       ] GC(32973) Pause Young (Allocation Failure)
[13019.074s][info][gc,heap        ] GC(32973) PSYoungGen: 152336K(152576K)->240K(147456K) Eden: 152064K(152064K)->0K(146944K) From: 272K(512K)->240K(512K)
[13019.074s][info][gc,heap        ] GC(32973) ParOldGen: 312628K(312832K)->312644K(312832K)
[13019.074s][info][gc,metaspace   ] GC(32973) Metaspace: 8795K(9024K)->8795K(9024K) NonClass: 8142K(8320K)->8142K(8320K) Class: 652K(704K)->652K(704K)
[13019.074s][info][gc             ] GC(32973) Pause Young (Allocation Failure) 454M->305M(449M) 1.206ms
[13019.074s][info][gc,cpu         ] GC(32973) User=0.00s Sys=0.00s Real=0.00s
[13019.612s][info][gc,start       ] GC(32974) Pause Young (Allocation Failure)
[13019.613s][info][gc,heap        ] GC(32974) PSYoungGen: 147184K(147456K)->256K(142848K) Eden: 146944K(146944K)->0K(142336K) From: 240K(512K)->256K(512K)
[13019.613s][info][gc,heap        ] GC(32974) ParOldGen: 312644K(312832K)->312660K(312832K)
[13019.613s][info][gc,metaspace   ] GC(32974) Metaspace: 8795K(9024K)->8795K(9024K) NonClass: 8142K(8320K)->8142K(8320K) Class: 652K(704K)->652K(704K)
[13019.613s][info][gc             ] GC(32974) Pause Young (Allocation Failure) 449M->305M(445M) 1.141ms
[13019.613s][info][gc,cpu         ] GC(32974) User=0.00s Sys=0.00s Real=0.00s
[13020.106s][info][gc,start       ] GC(32975) Pause Young (Allocation Failure)
[13020.107s][info][gc,heap        ] GC(32975) PSYoungGen: 142592K(142848K)->256K(138240K) Eden: 142336K(142336K)->0K(137728K) From: 256K(512K)->256K(512K)
[13020.107s][info][gc,heap        ] GC(32975) ParOldGen: 312660K(312832K)->312676K(312832K)
[13020.107s][info][gc,metaspace   ] GC(32975) Metaspace: 8795K(9024K)->8795K(9024K) NonClass: 8142K(8320K)->8142K(8320K) Class: 652K(704K)->652K(704K)
[13020.107s][info][gc             ] GC(32975) Pause Young (Allocation Failure) 444M->305M(440M) 1.629ms
[13020.107s][info][gc,cpu         ] GC(32975) User=0.00s Sys=0.00s Real=0.00s
[13020.600s][info][gc,start       ] GC(32976) Pause Young (Allocation Failure)
[13020.601s][info][gc,heap        ] GC(32976) PSYoungGen: 137984K(138240K)->240K(133632K) Eden: 137728K(137728K)->0K(133120K) From: 256K(512K)->240K(512K)
[13020.601s][info][gc,heap        ] GC(32976) ParOldGen: 312676K(312832K)->312692K(312832K)
[13020.601s][info][gc,metaspace   ] GC(32976) Metaspace: 8795K(9024K)->8795K(9024K) NonClass: 8142K(8320K)->8142K(8320K) Class: 652K(704K)->652K(704K)
[13020.601s][info][gc             ] GC(32976) Pause Young (Allocation Failure) 440M->305M(436M) 1.221ms
[13020.601s][info][gc,cpu         ] GC(32976) User=0.00s Sys=0.00s Real=0.01s
[13021.044s][info][gc,start       ] GC(32977) Pause Young (Allocation Failure)
[13021.045s][info][gc,heap        ] GC(32977) PSYoungGen: 133360K(133632K)->256K(129536K) Eden: 133120K(133120K)->0K(129024K) From: 240K(512K)->256K(512K)
[13021.045s][info][gc,heap        ] GC(32977) ParOldGen: 312692K(312832K)->312708K(312832K)
[13021.045s][info][gc,metaspace   ] GC(32977) Metaspace: 8795K(9024K)->8795K(9024K) NonClass: 8142K(8320K)->8142K(8320K) Class: 652K(704K)->652K(704K)
[13021.045s][info][gc             ] GC(32977) Pause Young (Allocation Failure) 435M->305M(432M) 1.106ms
[13021.045s][info][gc,cpu         ] GC(32977) User=0.01s Sys=0.00s Real=0.00s
[13021.460s][info][gc,start       ] GC(32978) Pause Young (Allocation Failure)
[13021.462s][info][gc,heap        ] GC(32978) PSYoungGen: 129280K(129536K)->272K(125440K) Eden: 129024K(129024K)->0K(124928K) From: 256K(512K)->272K(512K)
[13021.462s][info][gc,heap        ] GC(32978) ParOldGen: 312708K(312832K)->312724K(312832K)
[13021.462s][info][gc,metaspace   ] GC(32978) Metaspace: 8795K(9024K)->8795K(9024K) NonClass: 8142K(8320K)->8142K(8320K) Class: 652K(704K)->652K(704K)
[13021.462s][info][gc             ] GC(32978) Pause Young (Allocation Failure) 431M->305M(428M) 2.265ms
[13021.462s][info][gc,cpu         ] GC(32978) User=0.00s Sys=0.00s Real=0.01s
[13021.876s][info][gc,start       ] GC(32979) Pause Young (Allocation Failure)
[13021.877s][info][gc,heap        ] GC(32979) PSYoungGen: 125200K(125440K)->256K(121344K) Eden: 124928K(124928K)->0K(120832K) From: 272K(512K)->256K(512K)
[13021.877s][info][gc,heap        ] GC(32979) ParOldGen: 312724K(312832K)->312740K(312832K)
[13021.877s][info][gc,metaspace   ] GC(32979) Metaspace: 8795K(9024K)->8795K(9024K) NonClass: 8142K(8320K)->8142K(8320K) Class: 652K(704K)->652K(704K)
[13021.877s][info][gc             ] GC(32979) Pause Young (Allocation Failure) 427M->305M(424M) 1.180ms
[13021.877s][info][gc,cpu         ] GC(32979) User=0.00s Sys=0.00s Real=0.00s
[13022.270s][info][gc,start       ] GC(32980) Pause Young (Allocation Failure)
[13022.271s][info][gc,heap        ] GC(32980) PSYoungGen: 121088K(121344K)->240K(117760K) Eden: 120832K(120832K)->0K(117248K) From: 256K(512K)->240K(512K)
[13022.271s][info][gc,heap        ] GC(32980) ParOldGen: 312740K(312832K)->312756K(312832K)
[13022.271s][info][gc,metaspace   ] GC(32980) Metaspace: 8795K(9024K)->8795K(9024K) NonClass: 8142K(8320K)->8142K(8320K) Class: 652K(704K)->652K(704K)
[13022.271s][info][gc             ] GC(32980) Pause Young (Allocation Failure) 423M->305M(420M) 1.143ms
[13022.271s][info][gc,cpu         ] GC(32980) User=0.00s Sys=0.00s Real=0.01s
[13022.642s][info][gc,start       ] GC(32981) Pause Young (Allocation Failure)
[13022.644s][info][gc,heap        ] GC(32981) PSYoungGen: 117488K(117760K)->240K(114176K) Eden: 117248K(117248K)->0K(113664K) From: 240K(512K)->240K(512K)
[13022.644s][info][gc,heap        ] GC(32981) ParOldGen: 312756K(312832K)->312772K(312832K)
[13022.644s][info][gc,metaspace   ] GC(32981) Metaspace: 8795K(9024K)->8795K(9024K) NonClass: 8142K(8320K)->8142K(8320K) Class: 652K(704K)->652K(704K)
[13022.644s][info][gc             ] GC(32981) Pause Young (Allocation Failure) 420M->305M(417M) 1.569ms
[13022.644s][info][gc,cpu         ] GC(32981) User=0.01s Sys=0.00s Real=0.00s
[13023.084s][info][gc,start       ] GC(32982) Pause Young (Allocation Failure)
[13023.085s][info][gc,heap        ] GC(32982) PSYoungGen: 113904K(114176K)->256K(110592K) Eden: 113664K(113664K)->0K(110080K) From: 240K(512K)->256K(512K)
[13023.085s][info][gc,heap        ] GC(32982) ParOldGen: 312772K(312832K)->312788K(312832K)
[13023.085s][info][gc,metaspace   ] GC(32982) Metaspace: 8795K(9024K)->8795K(9024K) NonClass: 8142K(8320K)->8142K(8320K) Class: 652K(704K)->652K(704K)
[13023.085s][info][gc             ] GC(32982) Pause Young (Allocation Failure) 416M->305M(413M) 1.159ms
[13023.085s][info][gc,cpu         ] GC(32982) User=0.00s Sys=0.00s Real=0.00s
[13023.440s][info][gc,start       ] GC(32983) Pause Young (Allocation Failure)
[13023.441s][info][gc,heap        ] GC(32983) PSYoungGen: 110336K(110592K)->256K(107520K) Eden: 110080K(110080K)->0K(107008K) From: 256K(512K)->256K(512K)
[13023.441s][info][gc,heap        ] GC(32983) ParOldGen: 312788K(312832K)->312804K(312832K)
[13023.441s][info][gc,metaspace   ] GC(32983) Metaspace: 8795K(9024K)->8795K(9024K) NonClass: 8142K(8320K)->8142K(8320K) Class: 652K(704K)->652K(704K)
[13023.441s][info][gc             ] GC(32983) Pause Young (Allocation Failure) 413M->305M(410M) 1.137ms
[13023.441s][info][gc,cpu         ] GC(32983) User=0.00s Sys=0.00s Real=0.01s
[13023.801s][info][gc,start       ] GC(32984) Pause Young (Allocation Failure)
[13023.802s][info][gc,heap        ] GC(32984) PSYoungGen: 107264K(107520K)->256K(104448K) Eden: 107008K(107008K)->0K(103936K) From: 256K(512K)->256K(512K)
[13023.802s][info][gc,heap        ] GC(32984) ParOldGen: 312804K(312832K)->312820K(312832K)
[13023.802s][info][gc,metaspace   ] GC(32984) Metaspace: 8795K(9024K)->8795K(9024K) NonClass: 8142K(8320K)->8142K(8320K) Class: 652K(704K)->652K(704K)
[13023.802s][info][gc             ] GC(32984) Pause Young (Allocation Failure) 410M->305M(407M) 1.167ms
[13023.802s][info][gc,cpu         ] GC(32984) User=0.00s Sys=0.00s Real=0.00s
[13024.161s][info][gc,start       ] GC(32985) Pause Young (Allocation Failure)
[13024.162s][info][gc,heap        ] GC(32985) PSYoungGen: 104192K(104448K)->256K(101376K) Eden: 103936K(103936K)->0K(100864K) From: 256K(512K)->256K(512K)
[13024.162s][info][gc,heap        ] GC(32985) ParOldGen: 312820K(312832K)->312836K(313344K)
[13024.162s][info][gc,metaspace   ] GC(32985) Metaspace: 8795K(9024K)->8795K(9024K) NonClass: 8142K(8320K)->8142K(8320K) Class: 652K(704K)->652K(704K)
[13024.162s][info][gc             ] GC(32985) Pause Young (Allocation Failure) 407M->305M(405M) 1.173ms
[13024.162s][info][gc,cpu         ] GC(32985) User=0.00s Sys=0.00s Real=0.00s
[13024.481s][info][gc,start       ] GC(32986) Pause Young (Allocation Failure)
[13024.482s][info][gc,heap        ] GC(32986) PSYoungGen: 101120K(101376K)->256K(98304K) Eden: 100864K(100864K)->0K(97792K) From: 256K(512K)->256K(512K)
[13024.482s][info][gc,heap        ] GC(32986) ParOldGen: 312836K(313344K)->312852K(313344K)
[13024.482s][info][gc,metaspace   ] GC(32986) Metaspace: 8795K(9024K)->8795K(9024K) NonClass: 8142K(8320K)->8142K(8320K) Class: 652K(704K)->652K(704K)
[13024.482s][info][gc             ] GC(32986) Pause Young (Allocation Failure) 404M->305M(402M) 1.154ms
[13024.482s][info][gc,cpu         ] GC(32986) User=0.00s Sys=0.00s Real=0.00s
[13024.785s][info][gc,start       ] GC(32987) Pause Young (Allocation Failure)
[13024.786s][info][gc,heap        ] GC(32987) PSYoungGen: 98048K(98304K)->256K(95744K) Eden: 97792K(97792K)->0K(95232K) From: 256K(512K)->256K(512K)
[13024.787s][info][gc,heap        ] GC(32987) ParOldGen: 312852K(313344K)->312868K(313344K)
[13024.787s][info][gc,metaspace   ] GC(32987) Metaspace: 8795K(9024K)->8795K(9024K) NonClass: 8142K(8320K)->8142K(8320K) Class: 652K(704K)->652K(704K)
[13024.787s][info][gc             ] GC(32987) Pause Young (Allocation Failure) 401M->305M(399M) 1.117ms
[13024.787s][info][gc,cpu         ] GC(32987) User=0.01s Sys=0.00s Real=0.00s
[13025.088s][info][gc,start       ] GC(32988) Pause Young (Allocation Failure)
[13025.089s][info][gc,heap        ] GC(32988) PSYoungGen: 95488K(95744K)->288K(93184K) Eden: 95232K(95232K)->0K(92672K) From: 256K(512K)->288K(512K)
[13025.089s][info][gc,heap        ] GC(32988) ParOldGen: 312868K(313344K)->312884K(313344K)
[13025.089s][info][gc,metaspace   ] GC(32988) Metaspace: 8795K(9024K)->8795K(9024K) NonClass: 8142K(8320K)->8142K(8320K) Class: 652K(704K)->652K(704K)
[13025.089s][info][gc             ] GC(32988) Pause Young (Allocation Failure) 398M->305M(397M) 1.100ms
[13025.089s][info][gc,cpu         ] GC(32988) User=0.00s Sys=0.00s Real=0.00s
[13025.376s][info][gc,start       ] GC(32989) Pause Young (Allocation Failure)
[13025.378s][info][gc,heap        ] GC(32989) PSYoungGen: 92960K(93184K)->272K(90624K) Eden: 92672K(92672K)->0K(90112K) From: 288K(512K)->272K(512K)
[13025.378s][info][gc,heap        ] GC(32989) ParOldGen: 312884K(313344K)->312900K(313344K)
[13025.378s][info][gc,metaspace   ] GC(32989) Metaspace: 8795K(9024K)->8795K(9024K) NonClass: 8142K(8320K)->8142K(8320K) Class: 652K(704K)->652K(704K)
[13025.378s][info][gc             ] GC(32989) Pause Young (Allocation Failure) 396M->305M(394M) 1.985ms
[13025.378s][info][gc,cpu         ] GC(32989) User=0.00s Sys=0.00s Real=0.00s
[13025.652s][info][gc,start       ] GC(32990) Pause Young (Allocation Failure)
[13025.654s][info][gc,heap        ] GC(32990) PSYoungGen: 90384K(90624K)->272K(88064K) Eden: 90112K(90112K)->0K(87552K) From: 272K(512K)->272K(512K)
[13025.654s][info][gc,heap        ] GC(32990) ParOldGen: 312900K(313344K)->312908K(313344K)
[13025.654s][info][gc,metaspace   ] GC(32990) Metaspace: 8795K(9024K)->8795K(9024K) NonClass: 8142K(8320K)->8142K(8320K) Class: 652K(704K)->652K(704K)
[13025.654s][info][gc             ] GC(32990) Pause Young (Allocation Failure) 393M->305M(392M) 2.216ms
[13025.654s][info][gc,cpu         ] GC(32990) User=0.01s Sys=0.00s Real=0.00s
[13025.934s][info][gc,start       ] GC(32991) Pause Young (Allocation Failure)
[13025.937s][info][gc,heap        ] GC(32991) PSYoungGen: 87824K(88064K)->272K(202752K) Eden: 87552K(87552K)->0K(202240K) From: 272K(512K)->272K(512K)
[13025.937s][info][gc,heap        ] GC(32991) ParOldGen: 312908K(313344K)->312916K(313344K)
[13025.937s][info][gc,metaspace   ] GC(32991) Metaspace: 8795K(9024K)->8795K(9024K) NonClass: 8142K(8320K)->8142K(8320K) Class: 652K(704K)->652K(704K)
[13025.937s][info][gc             ] GC(32991) Pause Young (Allocation Failure) 391M->305M(504M) 2.869ms
[13025.937s][info][gc,cpu         ] GC(32991) User=0.00s Sys=0.00s Real=0.00s
[13026.576s][info][gc,start       ] GC(32992) Pause Young (Allocation Failure)
[13026.579s][info][gc,heap        ] GC(32992) PSYoungGen: 202512K(202752K)->256K(195584K) Eden: 202240K(202240K)->0K(195072K) From: 272K(512K)->256K(512K)
[13026.579s][info][gc,heap        ] GC(32992) ParOldGen: 312916K(313344K)->312924K(313344K)
[13026.579s][info][gc,metaspace   ] GC(32992) Metaspace: 8795K(9024K)->8795K(9024K) NonClass: 8142K(8320K)->8142K(8320K) Class: 652K(704K)->652K(704K)
[13026.579s][info][gc             ] GC(32992) Pause Young (Allocation Failure) 503M->305M(497M) 2.854ms
[13026.579s][info][gc,cpu         ] GC(32992) User=0.01s Sys=0.00s Real=0.00s
[13027.199s][info][gc,start       ] GC(32993) Pause Young (Allocation Failure)
[13027.202s][info][gc,heap        ] GC(32993) PSYoungGen: 195328K(195584K)->272K(188416K) Eden: 195072K(195072K)->0K(187904K) From: 256K(512K)->272K(512K)
[13027.202s][info][gc,heap        ] GC(32993) ParOldGen: 312924K(313344K)->312932K(313344K)
[13027.202s][info][gc,metaspace   ] GC(32993) Metaspace: 8795K(9024K)->8795K(9024K) NonClass: 8142K(8320K)->8142K(8320K) Class: 652K(704K)->652K(704K)
[13027.202s][info][gc             ] GC(32993) Pause Young (Allocation Failure) 496M->305M(490M) 2.749ms
[13027.202s][info][gc,cpu         ] GC(32993) User=0.00s Sys=0.00s Real=0.01s
[13027.837s][info][gc,start       ] GC(32994) Pause Young (Allocation Failure)
[13027.838s][info][gc,heap        ] GC(32994) PSYoungGen: 188176K(188416K)->256K(181760K) Eden: 187904K(187904K)->0K(181248K) From: 272K(512K)->256K(512K)
[13027.838s][info][gc,heap        ] GC(32994) ParOldGen: 312932K(313344K)->312948K(313344K)
[13027.838s][info][gc,metaspace   ] GC(32994) Metaspace: 8795K(9024K)->8795K(9024K) NonClass: 8142K(8320K)->8142K(8320K) Class: 652K(704K)->652K(704K)
[13027.838s][info][gc             ] GC(32994) Pause Young (Allocation Failure) 489M->305M(483M) 1.171ms
[13027.838s][info][gc,cpu         ] GC(32994) User=0.00s Sys=0.00s Real=0.00s
[13028.412s][info][gc,start       ] GC(32995) Pause Young (Allocation Failure)
[13028.414s][info][gc,heap        ] GC(32995) PSYoungGen: 181504K(181760K)->288K(175104K) Eden: 181248K(181248K)->0K(174592K) From: 256K(512K)->288K(512K)
[13028.414s][info][gc,heap        ] GC(32995) ParOldGen: 312948K(313344K)->312956K(313344K)
[13028.414s][info][gc,metaspace   ] GC(32995) Metaspace: 8795K(9024K)->8795K(9024K) NonClass: 8142K(8320K)->8142K(8320K) Class: 652K(704K)->652K(704K)
[13028.414s][info][gc             ] GC(32995) Pause Young (Allocation Failure) 482M->305M(477M) 2.055ms
[13028.414s][info][gc,cpu         ] GC(32995) User=0.00s Sys=0.00s Real=0.00s
[13029.056s][info][gc,start       ] GC(32996) Pause Young (Allocation Failure)
[13029.058s][info][gc,heap        ] GC(32996) PSYoungGen: 174880K(175104K)->160K(168960K) Eden: 174592K(174592K)->0K(168448K) From: 288K(512K)->160K(512K)
[13029.058s][info][gc,heap        ] GC(32996) ParOldGen: 312956K(313344K)->312972K(313344K)
[13029.058s][info][gc,metaspace   ] GC(32996) Metaspace: 8795K(9024K)->8795K(9024K) NonClass: 8142K(8320K)->8142K(8320K) Class: 652K(704K)->652K(704K)
[13029.058s][info][gc             ] GC(32996) Pause Young (Allocation Failure) 476M->305M(471M) 2.029ms
[13029.058s][info][gc,cpu         ] GC(32996) User=0.00s Sys=0.00s Real=0.00s
[13029.648s][info][gc,start       ] GC(32997) Pause Young (Allocation Failure)
[13029.650s][info][gc,heap        ] GC(32997) PSYoungGen: 168608K(168960K)->240K(163328K) Eden: 168448K(168448K)->0K(162816K) From: 160K(512K)->240K(512K)
[13029.650s][info][gc,heap        ] GC(32997) ParOldGen: 312972K(313344K)->312980K(313344K)
[13029.650s][info][gc,metaspace   ] GC(32997) Metaspace: 8795K(9024K)->8795K(9024K) NonClass: 8142K(8320K)->8142K(8320K) Class: 652K(704K)->652K(704K)
[13029.650s][info][gc             ] GC(32997) Pause Young (Allocation Failure) 470M->305M(465M) 2.217ms
[13029.650s][info][gc,cpu         ] GC(32997) User=0.00s Sys=0.00s Real=0.00s
[13030.177s][info][gc,start       ] GC(32998) Pause Young (Allocation Failure)
[13030.178s][info][gc,heap        ] GC(32998) PSYoungGen: 163056K(163328K)->240K(157696K) Eden: 162816K(162816K)->0K(157184K) From: 240K(512K)->240K(512K)
[13030.178s][info][gc,heap        ] GC(32998) ParOldGen: 312980K(313344K)->312996K(313344K)
[13030.178s][info][gc,metaspace   ] GC(32998) Metaspace: 8795K(9024K)->8795K(9024K) NonClass: 8142K(8320K)->8142K(8320K) Class: 652K(704K)->652K(704K)
[13030.178s][info][gc             ] GC(32998) Pause Young (Allocation Failure) 464M->305M(460M) 1.143ms
[13030.178s][info][gc,cpu         ] GC(32998) User=0.00s Sys=0.00s Real=0.00s
[13030.682s][info][gc,start       ] GC(32999) Pause Young (Allocation Failure)
[13030.683s][info][gc,heap        ] GC(32999) PSYoungGen: 157424K(157696K)->240K(152576K) Eden: 157184K(157184K)->0K(152064K) From: 240K(512K)->240K(512K)
[13030.683s][info][gc,heap        ] GC(32999) ParOldGen: 312996K(313344K)->313012K(313344K)
[13030.683s][info][gc,metaspace   ] GC(32999) Metaspace: 8795K(9024K)->8795K(9024K) NonClass: 8142K(8320K)->8142K(8320K) Class: 652K(704K)->652K(704K)
[13030.684s][info][gc             ] GC(32999) Pause Young (Allocation Failure) 459M->305M(455M) 1.188ms
[13030.684s][info][gc,cpu         ] GC(32999) User=0.00s Sys=0.00s Real=0.00s
[13031.210s][info][gc,start       ] GC(33000) Pause Young (Allocation Failure)
[13031.212s][info][gc,heap        ] GC(33000) PSYoungGen: 152304K(152576K)->272K(147456K) Eden: 152064K(152064K)->0K(146944K) From: 240K(512K)->272K(512K)
[13031.212s][info][gc,heap        ] GC(33000) ParOldGen: 313012K(313344K)->313028K(313344K)
[13031.212s][info][gc,metaspace   ] GC(33000) Metaspace: 8795K(9024K)->8795K(9024K) NonClass: 8142K(8320K)->8142K(8320K) Class: 652K(704K)->652K(704K)
[13031.212s][info][gc             ] GC(33000) Pause Young (Allocation Failure) 454M->305M(450M) 1.200ms
[13031.212s][info][gc,cpu         ] GC(33000) User=0.01s Sys=0.00s Real=0.00s
[13031.678s][info][gc,start       ] GC(33001) Pause Young (Allocation Failure)
[13031.679s][info][gc,heap        ] GC(33001) PSYoungGen: 147216K(147456K)->256K(142848K) Eden: 146944K(146944K)->0K(142336K) From: 272K(512K)->256K(512K)
[13031.679s][info][gc,heap        ] GC(33001) ParOldGen: 313028K(313344K)->313044K(313344K)
[13031.679s][info][gc,metaspace   ] GC(33001) Metaspace: 8795K(9024K)->8795K(9024K) NonClass: 8142K(8320K)->8142K(8320K) Class: 652K(704K)->652K(704K)
[13031.679s][info][gc             ] GC(33001) Pause Young (Allocation Failure) 449M->305M(445M) 1.190ms
[13031.679s][info][gc,cpu         ] GC(33001) User=0.00s Sys=0.00s Real=0.00s
[13032.146s][info][gc,start       ] GC(33002) Pause Young (Allocation Failure)
[13032.147s][info][gc,heap        ] GC(33002) PSYoungGen: 142592K(142848K)->256K(138240K) Eden: 142336K(142336K)->0K(137728K) From: 256K(512K)->256K(512K)
[13032.147s][info][gc,heap        ] GC(33002) ParOldGen: 313044K(313344K)->313060K(313344K)
[13032.147s][info][gc,metaspace   ] GC(33002) Metaspace: 8795K(9024K)->8795K(9024K) NonClass: 8142K(8320K)->8142K(8320K) Class: 652K(704K)->652K(704K)
[13032.147s][info][gc             ] GC(33002) Pause Young (Allocation Failure) 444M->305M(441M) 1.172ms
[13032.147s][info][gc,cpu         ] GC(33002) User=0.01s Sys=0.00s Real=0.00s
[13032.594s][info][gc,start       ] GC(33003) Pause Young (Allocation Failure)
[13032.595s][info][gc,heap        ] GC(33003) PSYoungGen: 137984K(138240K)->240K(133632K) Eden: 137728K(137728K)->0K(133120K) From: 256K(512K)->240K(512K)
[13032.595s][info][gc,heap        ] GC(33003) ParOldGen: 313060K(313344K)->313076K(313344K)
[13032.595s][info][gc,metaspace   ] GC(33003) Metaspace: 8795K(9024K)->8795K(9024K) NonClass: 8142K(8320K)->8142K(8320K) Class: 652K(704K)->652K(704K)
[13032.595s][info][gc             ] GC(33003) Pause Young (Allocation Failure) 440M->305M(436M) 1.423ms
[13032.595s][info][gc,cpu         ] GC(33003) User=0.00s Sys=0.00s Real=0.00s
[13033.006s][info][gc,start       ] GC(33004) Pause Young (Allocation Failure)
[13033.008s][info][gc,heap        ] GC(33004) PSYoungGen: 133360K(133632K)->240K(129536K) Eden: 133120K(133120K)->0K(129024K) From: 240K(512K)->240K(512K)
[13033.008s][info][gc,heap        ] GC(33004) ParOldGen: 313076K(313344K)->313092K(313344K)
[13033.008s][info][gc,metaspace   ] GC(33004) Metaspace: 8795K(9024K)->8795K(9024K) NonClass: 8142K(8320K)->8142K(8320K) Class: 652K(704K)->652K(704K)
[13033.008s][info][gc             ] GC(33004) Pause Young (Allocation Failure) 435M->305M(432M) 1.158ms
[13033.008s][info][gc,cpu         ] GC(33004) User=0.00s Sys=0.00s Real=0.00s
[13033.430s][info][gc,start       ] GC(33005) Pause Young (Allocation Failure)
[13033.432s][info][gc,heap        ] GC(33005) PSYoungGen: 129264K(129536K)->240K(125440K) Eden: 129024K(129024K)->0K(124928K) From: 240K(512K)->240K(512K)
[13033.432s][info][gc,heap        ] GC(33005) ParOldGen: 313092K(313344K)->313108K(313344K)
[13033.432s][info][gc,metaspace   ] GC(33005) Metaspace: 8795K(9024K)->8795K(9024K) NonClass: 8142K(8320K)->8142K(8320K) Class: 652K(704K)->652K(704K)
[13033.432s][info][gc             ] GC(33005) Pause Young (Allocation Failure) 431M->306M(428M) 2.053ms
[13033.432s][info][gc,cpu         ] GC(33005) User=0.00s Sys=0.00s Real=0.01s
[13033.813s][info][gc,start       ] GC(33006) Pause Young (Allocation Failure)
[13033.815s][info][gc,heap        ] GC(33006) PSYoungGen: 125168K(125440K)->224K(121344K) Eden: 124928K(124928K)->0K(120832K) From: 240K(512K)->224K(512K)
[13033.816s][info][gc,heap        ] GC(33006) ParOldGen: 313108K(313344K)->313124K(313344K)
[13033.816s][info][gc,metaspace   ] GC(33006) Metaspace: 8795K(9024K)->8795K(9024K) NonClass: 8142K(8320K)->8142K(8320K) Class: 652K(704K)->652K(704K)
[13033.816s][info][gc             ] GC(33006) Pause Young (Allocation Failure) 428M->306M(424M) 2.068ms
[13033.816s][info][gc,cpu         ] GC(33006) User=0.00s Sys=0.00s Real=0.00s
[13034.188s][info][gc,start       ] GC(33007) Pause Young (Allocation Failure)
[13034.190s][info][gc,heap        ] GC(33007) PSYoungGen: 121056K(121344K)->240K(117760K) Eden: 120832K(120832K)->0K(117248K) From: 224K(512K)->240K(512K)
[13034.190s][info][gc,heap        ] GC(33007) ParOldGen: 313124K(313344K)->313132K(313344K)
[13034.190s][info][gc,metaspace   ] GC(33007) Metaspace: 8795K(9024K)->8795K(9024K) NonClass: 8142K(8320K)->8142K(8320K) Class: 652K(704K)->652K(704K)
[13034.190s][info][gc             ] GC(33007) Pause Young (Allocation Failure) 424M->306M(421M) 2.144ms
[13034.190s][info][gc,cpu         ] GC(33007) User=0.00s Sys=0.00s Real=0.00s
[13034.556s][info][gc,start       ] GC(33008) Pause Young (Allocation Failure)
[13034.558s][info][gc,heap        ] GC(33008) PSYoungGen: 117488K(117760K)->272K(114176K) Eden: 117248K(117248K)->0K(113664K) From: 240K(512K)->272K(512K)
[13034.558s][info][gc,heap        ] GC(33008) ParOldGen: 313132K(313344K)->313148K(313344K)
[13034.558s][info][gc,metaspace   ] GC(33008) Metaspace: 8795K(9024K)->8795K(9024K) NonClass: 8142K(8320K)->8142K(8320K) Class: 652K(704K)->652K(704K)
[13034.558s][info][gc             ] GC(33008) Pause Young (Allocation Failure) 420M->306M(417M) 2.316ms
[13034.558s][info][gc,cpu         ] GC(33008) User=0.00s Sys=0.00s Real=0.00s
[13034.933s][info][gc,start       ] GC(33009) Pause Young (Allocation Failure)
[13034.935s][info][gc,heap        ] GC(33009) PSYoungGen: 113936K(114176K)->272K(110592K) Eden: 113664K(113664K)->0K(110080K) From: 272K(512K)->272K(512K)
[13034.935s][info][gc,heap        ] GC(33009) ParOldGen: 313148K(313344K)->313164K(313344K)
[13034.935s][info][gc,metaspace   ] GC(33009) Metaspace: 8795K(9024K)->8795K(9024K) NonClass: 8142K(8320K)->8142K(8320K) Class: 652K(704K)->652K(704K)
[13034.935s][info][gc             ] GC(33009) Pause Young (Allocation Failure) 417M->306M(414M) 2.695ms
[13034.935s][info][gc,cpu         ] GC(33009) User=0.00s Sys=0.00s Real=0.00s
[13035.276s][info][gc,start       ] GC(33010) Pause Young (Allocation Failure)
[13035.278s][info][gc,heap        ] GC(33010) PSYoungGen: 110352K(110592K)->240K(107520K) Eden: 110080K(110080K)->0K(107008K) From: 272K(512K)->240K(512K)
[13035.278s][info][gc,heap        ] GC(33010) ParOldGen: 313164K(313344K)->313172K(313344K)
[13035.278s][info][gc,metaspace   ] GC(33010) Metaspace: 8795K(9024K)->8795K(9024K) NonClass: 8142K(8320K)->8142K(8320K) Class: 652K(704K)->652K(704K)
[13035.278s][info][gc             ] GC(33010) Pause Young (Allocation Failure) 413M->306M(411M) 2.328ms
[13035.278s][info][gc,cpu         ] GC(33010) User=0.00s Sys=0.00s Real=0.00s
[13035.621s][info][gc,start       ] GC(33011) Pause Young (Allocation Failure)
[13035.624s][info][gc,heap        ] GC(33011) PSYoungGen: 107248K(107520K)->224K(104448K) Eden: 107008K(107008K)->0K(103936K) From: 240K(512K)->224K(512K)
[13035.624s][info][gc,heap        ] GC(33011) ParOldGen: 313172K(313344K)->313180K(313344K)
[13035.624s][info][gc,metaspace   ] GC(33011) Metaspace: 8795K(9024K)->8795K(9024K) NonClass: 8142K(8320K)->8142K(8320K) Class: 652K(704K)->652K(704K)
[13035.624s][info][gc             ] GC(33011) Pause Young (Allocation Failure) 410M->306M(408M) 2.702ms
[13035.624s][info][gc,cpu         ] GC(33011) User=0.00s Sys=0.00s Real=0.00s
[13035.973s][info][gc,start       ] GC(33012) Pause Young (Allocation Failure)
[13035.975s][info][gc,heap        ] GC(33012) PSYoungGen: 104160K(104448K)->224K(101376K) Eden: 103936K(103936K)->0K(100864K) From: 224K(512K)->224K(512K)
[13035.975s][info][gc,heap        ] GC(33012) ParOldGen: 313180K(313344K)->313188K(313344K)
[13035.975s][info][gc,metaspace   ] GC(33012) Metaspace: 8795K(9024K)->8795K(9024K) NonClass: 8142K(8320K)->8142K(8320K) Class: 652K(704K)->652K(704K)
[13035.975s][info][gc             ] GC(33012) Pause Young (Allocation Failure) 407M->306M(405M) 2.326ms
[13035.975s][info][gc,cpu         ] GC(33012) User=0.00s Sys=0.00s Real=0.00s
[13036.291s][info][gc,start       ] GC(33013) Pause Young (Allocation Failure)
[13036.294s][info][gc,heap        ] GC(33013) PSYoungGen: 101088K(101376K)->272K(98304K) Eden: 100864K(100864K)->0K(97792K) From: 224K(512K)->272K(512K)
[13036.294s][info][gc,heap        ] GC(33013) ParOldGen: 313188K(313344K)->313196K(313344K)
[13036.294s][info][gc,metaspace   ] GC(33013) Metaspace: 8795K(9024K)->8795K(9024K) NonClass: 8142K(8320K)->8142K(8320K) Class: 652K(704K)->652K(704K)
[13036.294s][info][gc             ] GC(33013) Pause Young (Allocation Failure) 404M->306M(402M) 2.515ms
[13036.294s][info][gc,cpu         ] GC(33013) User=0.00s Sys=0.00s Real=0.00s
[13036.614s][info][gc,start       ] GC(33014) Pause Young (Allocation Failure)
[13036.617s][info][gc,heap        ] GC(33014) PSYoungGen: 98064K(98304K)->272K(95744K) Eden: 97792K(97792K)->0K(95232K) From: 272K(512K)->272K(512K)
[13036.617s][info][gc,heap        ] GC(33014) ParOldGen: 313196K(313344K)->313212K(313344K)
[13036.617s][info][gc,metaspace   ] GC(33014) Metaspace: 8795K(9024K)->8795K(9024K) NonClass: 8142K(8320K)->8142K(8320K) Class: 652K(704K)->652K(704K)
[13036.617s][info][gc             ] GC(33014) Pause Young (Allocation Failure) 401M->306M(399M) 2.898ms
[13036.617s][info][gc,cpu         ] GC(33014) User=0.00s Sys=0.00s Real=0.00s
[13036.914s][info][gc,start       ] GC(33015) Pause Young (Allocation Failure)
[13036.916s][info][gc,heap        ] GC(33015) PSYoungGen: 95504K(95744K)->272K(93184K) Eden: 95232K(95232K)->0K(92672K) From: 272K(512K)->272K(512K)
[13036.916s][info][gc,heap        ] GC(33015) ParOldGen: 313212K(313344K)->313228K(313344K)
[13036.916s][info][gc,metaspace   ] GC(33015) Metaspace: 8795K(9024K)->8795K(9024K) NonClass: 8142K(8320K)->8142K(8320K) Class: 652K(704K)->652K(704K)
[13036.916s][info][gc             ] GC(33015) Pause Young (Allocation Failure) 399M->306M(397M) 2.547ms
[13036.916s][info][gc,cpu         ] GC(33015) User=0.00s Sys=0.00s Real=0.00s
[13037.212s][info][gc,start       ] GC(33016) Pause Young (Allocation Failure)
[13037.214s][info][gc,heap        ] GC(33016) PSYoungGen: 92944K(93184K)->240K(90624K) Eden: 92672K(92672K)->0K(90112K) From: 272K(512K)->240K(512K)
[13037.214s][info][gc,heap        ] GC(33016) ParOldGen: 313228K(313344K)->313244K(313344K)
[13037.214s][info][gc,metaspace   ] GC(33016) Metaspace: 8795K(9024K)->8795K(9024K) NonClass: 8142K(8320K)->8142K(8320K) Class: 652K(704K)->652K(704K)
[13037.214s][info][gc             ] GC(33016) Pause Young (Allocation Failure) 396M->306M(394M) 2.660ms
[13037.214s][info][gc,cpu         ] GC(33016) User=0.00s Sys=0.00s Real=0.00s
[13037.511s][info][gc,start       ] GC(33017) Pause Young (Allocation Failure)
[13037.513s][info][gc,heap        ] GC(33017) PSYoungGen: 90352K(90624K)->224K(88064K) Eden: 90112K(90112K)->0K(87552K) From: 240K(512K)->224K(512K)
[13037.513s][info][gc,heap        ] GC(33017) ParOldGen: 313244K(313344K)->313252K(313344K)
[13037.513s][info][gc,metaspace   ] GC(33017) Metaspace: 8795K(9024K)->8795K(9024K) NonClass: 8142K(8320K)->8142K(8320K) Class: 652K(704K)->652K(704K)
[13037.513s][info][gc             ] GC(33017) Pause Young (Allocation Failure) 394M->306M(392M) 2.304ms
[13037.513s][info][gc,cpu         ] GC(33017) User=0.01s Sys=0.00s Real=0.00s
[13037.788s][info][gc,start       ] GC(33018) Pause Young (Allocation Failure)
[13037.791s][info][gc,heap        ] GC(33018) PSYoungGen: 87776K(88064K)->240K(202752K) Eden: 87552K(87552K)->0K(202240K) From: 224K(512K)->240K(512K)
[13037.791s][info][gc,heap        ] GC(33018) ParOldGen: 313252K(313344K)->313260K(313344K)
[13037.791s][info][gc,metaspace   ] GC(33018) Metaspace: 8795K(9024K)->8795K(9024K) NonClass: 8142K(8320K)->8142K(8320K) Class: 652K(704K)->652K(704K)
[13037.791s][info][gc             ] GC(33018) Pause Young (Allocation Failure) 391M->306M(504M) 2.722ms
[13037.791s][info][gc,cpu         ] GC(33018) User=0.00s Sys=0.00s Real=0.01s
[13038.450s][info][gc,start       ] GC(33019) Pause Young (Allocation Failure)
[13038.453s][info][gc,heap        ] GC(33019) PSYoungGen: 202480K(202752K)->272K(195584K) Eden: 202240K(202240K)->0K(195072K) From: 240K(512K)->272K(512K)
[13038.453s][info][gc,heap        ] GC(33019) ParOldGen: 313260K(313344K)->313268K(313344K)
[13038.453s][info][gc,metaspace   ] GC(33019) Metaspace: 8795K(9024K)->8795K(9024K) NonClass: 8142K(8320K)->8142K(8320K) Class: 652K(704K)->652K(704K)
[13038.453s][info][gc             ] GC(33019) Pause Young (Allocation Failure) 503M->306M(497M) 2.899ms
[13038.453s][info][gc,cpu         ] GC(33019) User=0.00s Sys=0.00s Real=0.00s
[13039.055s][info][gc,start       ] GC(33020) Pause Young (Allocation Failure)
[13039.057s][info][gc,heap        ] GC(33020) PSYoungGen: 195344K(195584K)->256K(188416K) Eden: 195072K(195072K)->0K(187904K) From: 272K(512K)->256K(512K)
[13039.057s][info][gc,heap        ] GC(33020) ParOldGen: 313268K(313344K)->313284K(313344K)
[13039.057s][info][gc,metaspace   ] GC(33020) Metaspace: 8795K(9024K)->8795K(9024K) NonClass: 8142K(8320K)->8142K(8320K) Class: 652K(704K)->652K(704K)
[13039.057s][info][gc             ] GC(33020) Pause Young (Allocation Failure) 496M->306M(490M) 2.457ms
[13039.057s][info][gc,cpu         ] GC(33020) User=0.01s Sys=0.00s Real=0.00s
[13039.643s][info][gc,start       ] GC(33021) Pause Young (Allocation Failure)
[13039.646s][info][gc,heap        ] GC(33021) PSYoungGen: 188160K(188416K)->224K(181760K) Eden: 187904K(187904K)->0K(181248K) From: 256K(512K)->224K(512K)
[13039.646s][info][gc,heap        ] GC(33021) ParOldGen: 313284K(313344K)->313300K(313344K)
[13039.646s][info][gc,metaspace   ] GC(33021) Metaspace: 8795K(9024K)->8795K(9024K) NonClass: 8142K(8320K)->8142K(8320K) Class: 652K(704K)->652K(704K)
[13039.646s][info][gc             ] GC(33021) Pause Young (Allocation Failure) 489M->306M(483M) 2.662ms
[13039.646s][info][gc,cpu         ] GC(33021) User=0.01s Sys=0.00s Real=0.00s
[13040.250s][info][gc,start       ] GC(33022) Pause Young (Allocation Failure)
[13040.253s][info][gc,heap        ] GC(33022) PSYoungGen: 181472K(181760K)->256K(175104K) Eden: 181248K(181248K)->0K(174592K) From: 224K(512K)->256K(512K)
[13040.253s][info][gc,heap        ] GC(33022) ParOldGen: 313300K(313344K)->313308K(313344K)
[13040.253s][info][gc,metaspace   ] GC(33022) Metaspace: 8795K(9024K)->8795K(9024K) NonClass: 8142K(8320K)->8142K(8320K) Class: 652K(704K)->652K(704K)
[13040.253s][info][gc             ] GC(33022) Pause Young (Allocation Failure) 483M->306M(477M) 2.955ms
[13040.253s][info][gc,cpu         ] GC(33022) User=0.01s Sys=0.00s Real=0.00s
[13040.810s][info][gc,start       ] GC(33023) Pause Young (Allocation Failure)
[13040.812s][info][gc,heap        ] GC(33023) PSYoungGen: 174848K(175104K)->240K(168960K) Eden: 174592K(174592K)->0K(168448K) From: 256K(512K)->240K(512K)
[13040.813s][info][gc,heap        ] GC(33023) ParOldGen: 313308K(313344K)->313324K(313344K)
[13040.813s][info][gc,metaspace   ] GC(33023) Metaspace: 8795K(9024K)->8795K(9024K) NonClass: 8142K(8320K)->8142K(8320K) Class: 652K(704K)->652K(704K)
[13040.813s][info][gc             ] GC(33023) Pause Young (Allocation Failure) 476M->306M(471M) 2.476ms
[13040.813s][info][gc,cpu         ] GC(33023) User=0.01s Sys=0.00s Real=0.01s
[13041.402s][info][gc,start       ] GC(33024) Pause Young (Allocation Failure)
[13041.405s][info][gc,heap        ] GC(33024) PSYoungGen: 168688K(168960K)->256K(163328K) Eden: 168448K(168448K)->0K(162816K) From: 240K(512K)->256K(512K)
[13041.405s][info][gc,heap        ] GC(33024) ParOldGen: 313324K(313344K)->313332K(313344K)
[13041.405s][info][gc,metaspace   ] GC(33024) Metaspace: 8795K(9024K)->8795K(9024K) NonClass: 8142K(8320K)->8142K(8320K) Class: 652K(704K)->652K(704K)
[13041.405s][info][gc             ] GC(33024) Pause Young (Allocation Failure) 470M->306M(465M) 2.374ms
[13041.405s][info][gc,cpu         ] GC(33024) User=0.00s Sys=0.00s Real=0.00s
[13041.929s][info][gc,start       ] GC(33025) Pause Young (Allocation Failure)
[13041.932s][info][gc,heap        ] GC(33025) PSYoungGen: 163072K(163328K)->224K(157696K) Eden: 162816K(162816K)->0K(157184K) From: 256K(512K)->224K(512K)
[13041.932s][info][gc,heap        ] GC(33025) ParOldGen: 313332K(313344K)->313340K(313344K)
[13041.932s][info][gc,metaspace   ] GC(33025) Metaspace: 8795K(9024K)->8795K(9024K) NonClass: 8142K(8320K)->8142K(8320K) Class: 652K(704K)->652K(704K)
[13041.932s][info][gc             ] GC(33025) Pause Young (Allocation Failure) 465M->306M(460M) 2.900ms
[13041.932s][info][gc,cpu         ] GC(33025) User=0.00s Sys=0.00s Real=0.01s
[13042.449s][info][gc,start       ] GC(33026) Pause Young (Allocation Failure)
[13042.450s][info][gc,heap        ] GC(33026) PSYoungGen: 157408K(157696K)->240K(152576K) Eden: 157184K(157184K)->0K(152064K) From: 224K(512K)->240K(512K)
[13042.450s][info][gc,heap        ] GC(33026) ParOldGen: 313340K(313344K)->313356K(313856K)
[13042.450s][info][gc,metaspace   ] GC(33026) Metaspace: 8795K(9024K)->8795K(9024K) NonClass: 8142K(8320K)->8142K(8320K) Class: 652K(704K)->652K(704K)
[13042.450s][info][gc             ] GC(33026) Pause Young (Allocation Failure) 459M->306M(455M) 1.297ms
[13042.450s][info][gc,cpu         ] GC(33026) User=0.00s Sys=0.00s Real=0.01s
[13042.952s][info][gc,start       ] GC(33027) Pause Young (Allocation Failure)
[13042.953s][info][gc,heap        ] GC(33027) PSYoungGen: 152304K(152576K)->256K(147456K) Eden: 152064K(152064K)->0K(146944K) From: 240K(512K)->256K(512K)
[13042.953s][info][gc,heap        ] GC(33027) ParOldGen: 313356K(313856K)->313372K(313856K)
[13042.953s][info][gc,metaspace   ] GC(33027) Metaspace: 8795K(9024K)->8795K(9024K) NonClass: 8142K(8320K)->8142K(8320K) Class: 652K(704K)->652K(704K)
[13042.954s][info][gc             ] GC(33027) Pause Young (Allocation Failure) 454M->306M(450M) 1.202ms
[13042.954s][info][gc,cpu         ] GC(33027) User=0.00s Sys=0.00s Real=0.00s
[13043.449s][info][gc,start       ] GC(33028) Pause Young (Allocation Failure)
[13043.450s][info][gc,heap        ] GC(33028) PSYoungGen: 147200K(147456K)->240K(142848K) Eden: 146944K(146944K)->0K(142336K) From: 256K(512K)->240K(512K)
[13043.450s][info][gc,heap        ] GC(33028) ParOldGen: 313372K(313856K)->313388K(313856K)
[13043.450s][info][gc,metaspace   ] GC(33028) Metaspace: 8795K(9024K)->8795K(9024K) NonClass: 8142K(8320K)->8142K(8320K) Class: 652K(704K)->652K(704K)
[13043.450s][info][gc             ] GC(33028) Pause Young (Allocation Failure) 449M->306M(446M) 1.173ms
[13043.450s][info][gc,cpu         ] GC(33028) User=0.00s Sys=0.01s Real=0.01s
[13043.911s][info][gc,start       ] GC(33029) Pause Young (Allocation Failure)
[13043.912s][info][gc,heap        ] GC(33029) PSYoungGen: 142576K(142848K)->176K(138240K) Eden: 142336K(142336K)->0K(137728K) From: 240K(512K)->176K(512K)
[13043.912s][info][gc,heap        ] GC(33029) ParOldGen: 313388K(313856K)->313396K(313856K)
[13043.912s][info][gc,metaspace   ] GC(33029) Metaspace: 8795K(9024K)->8795K(9024K) NonClass: 8142K(8320K)->8142K(8320K) Class: 652K(704K)->652K(704K)
[13043.912s][info][gc             ] GC(33029) Pause Young (Allocation Failure) 445M->306M(441M) 1.154ms
[13043.912s][info][gc,cpu         ] GC(33029) User=0.00s Sys=0.00s Real=0.00s
[13044.342s][info][gc,start       ] GC(33030) Pause Young (Allocation Failure)
[13044.343s][info][gc,heap        ] GC(33030) PSYoungGen: 137904K(138240K)->256K(133632K) Eden: 137728K(137728K)->0K(133120K) From: 176K(512K)->256K(512K)
[13044.343s][info][gc,heap        ] GC(33030) ParOldGen: 313396K(313856K)->313412K(313856K)
[13044.343s][info][gc,metaspace   ] GC(33030) Metaspace: 8795K(9024K)->8795K(9024K) NonClass: 8142K(8320K)->8142K(8320K) Class: 652K(704K)->652K(704K)
[13044.343s][info][gc             ] GC(33030) Pause Young (Allocation Failure) 440M->306M(437M) 1.189ms
[13044.343s][info][gc,cpu         ] GC(33030) User=0.00s Sys=0.00s Real=0.00s
[13044.767s][info][gc,start       ] GC(33031) Pause Young (Allocation Failure)
[13044.769s][info][gc,heap        ] GC(33031) PSYoungGen: 133376K(133632K)->272K(129536K) Eden: 133120K(133120K)->0K(129024K) From: 256K(512K)->272K(512K)
[13044.769s][info][gc,heap        ] GC(33031) ParOldGen: 313412K(313856K)->313428K(313856K)
[13044.769s][info][gc,metaspace   ] GC(33031) Metaspace: 8795K(9024K)->8795K(9024K) NonClass: 8142K(8320K)->8142K(8320K) Class: 652K(704K)->652K(704K)
[13044.769s][info][gc             ] GC(33031) Pause Young (Allocation Failure) 436M->306M(433M) 1.206ms
[13044.769s][info][gc,cpu         ] GC(33031) User=0.01s Sys=0.00s Real=0.00s
[13045.201s][info][gc,start       ] GC(33032) Pause Young (Allocation Failure)
[13045.202s][info][gc,heap        ] GC(33032) PSYoungGen: 129296K(129536K)->240K(125440K) Eden: 129024K(129024K)->0K(124928K) From: 272K(512K)->240K(512K)
[13045.202s][info][gc,heap        ] GC(33032) ParOldGen: 313428K(313856K)->313444K(313856K)
[13045.202s][info][gc,metaspace   ] GC(33032) Metaspace: 8795K(9024K)->8795K(9024K) NonClass: 8142K(8320K)->8142K(8320K) Class: 652K(704K)->652K(704K)
[13045.202s][info][gc             ] GC(33032) Pause Young (Allocation Failure) 432M->306M(429M) 1.142ms
[13045.202s][info][gc,cpu         ] GC(33032) User=0.00s Sys=0.00s Real=0.00s
[13045.600s][info][gc,start       ] GC(33033) Pause Young (Allocation Failure)
[13045.601s][info][gc,heap        ] GC(33033) PSYoungGen: 125168K(125440K)->272K(121344K) Eden: 124928K(124928K)->0K(120832K) From: 240K(512K)->272K(512K)
[13045.601s][info][gc,heap        ] GC(33033) ParOldGen: 313444K(313856K)->313460K(313856K)
[13045.601s][info][gc,metaspace   ] GC(33033) Metaspace: 8795K(9024K)->8795K(9024K) NonClass: 8142K(8320K)->8142K(8320K) Class: 652K(704K)->652K(704K)
[13045.601s][info][gc             ] GC(33033) Pause Young (Allocation Failure) 428M->306M(425M) 1.203ms
[13045.601s][info][gc,cpu         ] GC(33033) User=0.00s Sys=0.00s Real=0.01s
[13045.993s][info][gc,start       ] GC(33034) Pause Young (Allocation Failure)
[13045.994s][info][gc,heap        ] GC(33034) PSYoungGen: 121104K(121344K)->240K(117760K) Eden: 120832K(120832K)->0K(117248K) From: 272K(512K)->240K(512K)
[13045.994s][info][gc,heap        ] GC(33034) ParOldGen: 313460K(313856K)->313476K(313856K)
[13045.994s][info][gc,metaspace   ] GC(33034) Metaspace: 8795K(9024K)->8795K(9024K) NonClass: 8142K(8320K)->8142K(8320K) Class: 652K(704K)->652K(704K)
[13045.994s][info][gc             ] GC(33034) Pause Young (Allocation Failure) 424M->306M(421M) 1.139ms
[13045.994s][info][gc,cpu         ] GC(33034) User=0.01s Sys=0.00s Real=0.00s
[13046.350s][info][gc,start       ] GC(33035) Pause Young (Allocation Failure)
[13046.351s][info][gc,heap        ] GC(33035) PSYoungGen: 117488K(117760K)->224K(114176K) Eden: 117248K(117248K)->0K(113664K) From: 240K(512K)->224K(512K)
[13046.351s][info][gc,heap        ] GC(33035) ParOldGen: 313476K(313856K)->313492K(313856K)
[13046.351s][info][gc,metaspace   ] GC(33035) Metaspace: 8795K(9024K)->8795K(9024K) NonClass: 8142K(8320K)->8142K(8320K) Class: 652K(704K)->652K(704K)
[13046.351s][info][gc             ] GC(33035) Pause Young (Allocation Failure) 420M->306M(418M) 1.159ms
[13046.351s][info][gc,cpu         ] GC(33035) User=0.00s Sys=0.00s Real=0.01s
[13046.704s][info][gc,start       ] GC(33036) Pause Young (Allocation Failure)
[13046.705s][info][gc,heap        ] GC(33036) PSYoungGen: 113888K(114176K)->240K(110592K) Eden: 113664K(113664K)->0K(110080K) From: 224K(512K)->240K(512K)
[13046.705s][info][gc,heap        ] GC(33036) ParOldGen: 313492K(313856K)->313508K(313856K)
[13046.705s][info][gc,metaspace   ] GC(33036) Metaspace: 8795K(9024K)->8795K(9024K) NonClass: 8142K(8320K)->8142K(8320K) Class: 652K(704K)->652K(704K)
[13046.705s][info][gc             ] GC(33036) Pause Young (Allocation Failure) 417M->306M(414M) 1.151ms
[13046.705s][info][gc,cpu         ] GC(33036) User=0.00s Sys=0.00s Real=0.00s
[13047.073s][info][gc,start       ] GC(33037) Pause Young (Allocation Failure)
[13047.074s][info][gc,heap        ] GC(33037) PSYoungGen: 110320K(110592K)->288K(107520K) Eden: 110080K(110080K)->0K(107008K) From: 240K(512K)->288K(512K)
[13047.074s][info][gc,heap        ] GC(33037) ParOldGen: 313508K(313856K)->313524K(313856K)
[13047.074s][info][gc,metaspace   ] GC(33037) Metaspace: 8795K(9024K)->8795K(9024K) NonClass: 8142K(8320K)->8142K(8320K) Class: 652K(704K)->652K(704K)
[13047.074s][info][gc             ] GC(33037) Pause Young (Allocation Failure) 413M->306M(411M) 1.182ms
[13047.074s][info][gc,cpu         ] GC(33037) User=0.01s Sys=0.00s Real=0.00s
[13047.426s][info][gc,start       ] GC(33038) Pause Young (Allocation Failure)
[13047.427s][info][gc,heap        ] GC(33038) PSYoungGen: 107296K(107520K)->240K(104448K) Eden: 107008K(107008K)->0K(103936K) From: 288K(512K)->240K(512K)
[13047.427s][info][gc,heap        ] GC(33038) ParOldGen: 313524K(313856K)->313540K(313856K)
[13047.427s][info][gc,metaspace   ] GC(33038) Metaspace: 8795K(9024K)->8795K(9024K) NonClass: 8142K(8320K)->8142K(8320K) Class: 652K(704K)->652K(704K)
[13047.427s][info][gc             ] GC(33038) Pause Young (Allocation Failure) 410M->306M(408M) 1.227ms
[13047.427s][info][gc,cpu         ] GC(33038) User=0.01s Sys=0.00s Real=0.00s
[13047.764s][info][gc,start       ] GC(33039) Pause Young (Allocation Failure)
[13047.765s][info][gc,heap        ] GC(33039) PSYoungGen: 104176K(104448K)->256K(101376K) Eden: 103936K(103936K)->0K(100864K) From: 240K(512K)->256K(512K)
[13047.765s][info][gc,heap        ] GC(33039) ParOldGen: 313540K(313856K)->313556K(313856K)
[13047.765s][info][gc,metaspace   ] GC(33039) Metaspace: 8795K(9024K)->8795K(9024K) NonClass: 8142K(8320K)->8142K(8320K) Class: 652K(704K)->652K(704K)
[13047.766s][info][gc             ] GC(33039) Pause Young (Allocation Failure) 407M->306M(405M) 1.214ms
[13047.766s][info][gc,cpu         ] GC(33039) User=0.00s Sys=0.00s Real=0.00s
[13048.091s][info][gc,start       ] GC(33040) Pause Young (Allocation Failure)
[13048.092s][info][gc,heap        ] GC(33040) PSYoungGen: 101120K(101376K)->256K(98304K) Eden: 100864K(100864K)->0K(97792K) From: 256K(512K)->256K(512K)
[13048.092s][info][gc,heap        ] GC(33040) ParOldGen: 313556K(313856K)->313572K(313856K)
[13048.092s][info][gc,metaspace   ] GC(33040) Metaspace: 8795K(9024K)->8795K(9024K) NonClass: 8142K(8320K)->8142K(8320K) Class: 652K(704K)->652K(704K)
[13048.092s][info][gc             ] GC(33040) Pause Young (Allocation Failure) 404M->306M(402M) 1.185ms
[13048.092s][info][gc,cpu         ] GC(33040) User=0.00s Sys=0.00s Real=0.00s
[13048.426s][info][gc,start       ] GC(33041) Pause Young (Allocation Failure)
[13048.427s][info][gc,heap        ] GC(33041) PSYoungGen: 98048K(98304K)->240K(95744K) Eden: 97792K(97792K)->0K(95232K) From: 256K(512K)->240K(512K)
[13048.427s][info][gc,heap        ] GC(33041) ParOldGen: 313572K(313856K)->313588K(313856K)
[13048.427s][info][gc,metaspace   ] GC(33041) Metaspace: 8795K(9024K)->8795K(9024K) NonClass: 8142K(8320K)->8142K(8320K) Class: 652K(704K)->652K(704K)
[13048.427s][info][gc             ] GC(33041) Pause Young (Allocation Failure) 401M->306M(400M) 1.217ms
[13048.427s][info][gc,cpu         ] GC(33041) User=0.00s Sys=0.00s Real=0.00s
[13048.737s][info][gc,start       ] GC(33042) Pause Young (Allocation Failure)
[13048.739s][info][gc,heap        ] GC(33042) PSYoungGen: 95472K(95744K)->256K(93184K) Eden: 95232K(95232K)->0K(92672K) From: 240K(512K)->256K(512K)
[13048.739s][info][gc,heap        ] GC(33042) ParOldGen: 313588K(313856K)->313604K(313856K)
[13048.739s][info][gc,metaspace   ] GC(33042) Metaspace: 8795K(9024K)->8795K(9024K) NonClass: 8142K(8320K)->8142K(8320K) Class: 652K(704K)->652K(704K)
[13048.739s][info][gc             ] GC(33042) Pause Young (Allocation Failure) 399M->306M(397M) 1.162ms
[13048.739s][info][gc,cpu         ] GC(33042) User=0.01s Sys=0.00s Real=0.00s
[13049.028s][info][gc,start       ] GC(33043) Pause Young (Allocation Failure)
[13049.029s][info][gc,heap        ] GC(33043) PSYoungGen: 92928K(93184K)->240K(90624K) Eden: 92672K(92672K)->0K(90112K) From: 256K(512K)->240K(512K)
[13049.029s][info][gc,heap        ] GC(33043) ParOldGen: 313604K(313856K)->313620K(313856K)
[13049.029s][info][gc,metaspace   ] GC(33043) Metaspace: 8795K(9024K)->8795K(9024K) NonClass: 8142K(8320K)->8142K(8320K) Class: 652K(704K)->652K(704K)
[13049.029s][info][gc             ] GC(33043) Pause Young (Allocation Failure) 397M->306M(395M) 1.200ms
[13049.029s][info][gc,cpu         ] GC(33043) User=0.01s Sys=0.00s Real=0.00s
[13049.322s][info][gc,start       ] GC(33044) Pause Young (Allocation Failure)
[13049.323s][info][gc,heap        ] GC(33044) PSYoungGen: 90352K(90624K)->256K(88064K) Eden: 90112K(90112K)->0K(87552K) From: 240K(512K)->256K(512K)
[13049.323s][info][gc,heap        ] GC(33044) ParOldGen: 313620K(313856K)->313636K(313856K)
[13049.323s][info][gc,metaspace   ] GC(33044) Metaspace: 8795K(9024K)->8795K(9024K) NonClass: 8142K(8320K)->8142K(8320K) Class: 652K(704K)->652K(704K)
[13049.323s][info][gc             ] GC(33044) Pause Young (Allocation Failure) 394M->306M(392M) 1.142ms
[13049.323s][info][gc,cpu         ] GC(33044) User=0.00s Sys=0.00s Real=0.00s
[13049.635s][info][gc,start       ] GC(33045) Pause Young (Allocation Failure)
[13049.636s][info][gc,heap        ] GC(33045) PSYoungGen: 87808K(88064K)->256K(202752K) Eden: 87552K(87552K)->0K(202240K) From: 256K(512K)->256K(512K)
[13049.637s][info][gc,heap        ] GC(33045) ParOldGen: 313636K(313856K)->313652K(313856K)
[13049.637s][info][gc,metaspace   ] GC(33045) Metaspace: 8795K(9024K)->8795K(9024K) NonClass: 8142K(8320K)->8142K(8320K) Class: 652K(704K)->652K(704K)
[13049.637s][info][gc             ] GC(33045) Pause Young (Allocation Failure) 392M->306M(504M) 1.233ms
[13049.637s][info][gc,cpu         ] GC(33045) User=0.00s Sys=0.00s Real=0.00s
[13050.319s][info][gc,start       ] GC(33046) Pause Young (Allocation Failure)
[13050.321s][info][gc,heap        ] GC(33046) PSYoungGen: 202496K(202752K)->256K(195584K) Eden: 202240K(202240K)->0K(195072K) From: 256K(512K)->256K(512K)
[13050.321s][info][gc,heap        ] GC(33046) ParOldGen: 313652K(313856K)->313660K(313856K)
[13050.321s][info][gc,metaspace   ] GC(33046) Metaspace: 8795K(9024K)->8795K(9024K) NonClass: 8142K(8320K)->8142K(8320K) Class: 652K(704K)->652K(704K)
[13050.321s][info][gc             ] GC(33046) Pause Young (Allocation Failure) 504M->306M(497M) 2.155ms
[13050.321s][info][gc,cpu         ] GC(33046) User=0.00s Sys=0.00s Real=0.01s
[13051.005s][info][gc,start       ] GC(33047) Pause Young (Allocation Failure)
[13051.007s][info][gc,heap        ] GC(33047) PSYoungGen: 195328K(195584K)->224K(188416K) Eden: 195072K(195072K)->0K(187904K) From: 256K(512K)->224K(512K)
[13051.007s][info][gc,heap        ] GC(33047) ParOldGen: 313660K(313856K)->313676K(313856K)
[13051.007s][info][gc,metaspace   ] GC(33047) Metaspace: 8795K(9024K)->8795K(9024K) NonClass: 8142K(8320K)->8142K(8320K) Class: 652K(704K)->652K(704K)
[13051.007s][info][gc             ] GC(33047) Pause Young (Allocation Failure) 497M->306M(490M) 2.118ms
[13051.007s][info][gc,cpu         ] GC(33047) User=0.00s Sys=0.00s Real=0.00s
[13051.605s][info][gc,start       ] GC(33048) Pause Young (Allocation Failure)
[13051.607s][info][gc,heap        ] GC(33048) PSYoungGen: 188128K(188416K)->224K(181760K) Eden: 187904K(187904K)->0K(181248K) From: 224K(512K)->224K(512K)
[13051.607s][info][gc,heap        ] GC(33048) ParOldGen: 313676K(313856K)->313692K(313856K)
[13051.607s][info][gc,metaspace   ] GC(33048) Metaspace: 8795K(9024K)->8795K(9024K) NonClass: 8142K(8320K)->8142K(8320K) Class: 652K(704K)->652K(704K)
[13051.607s][info][gc             ] GC(33048) Pause Young (Allocation Failure) 490M->306M(484M) 2.100ms
[13051.607s][info][gc,cpu         ] GC(33048) User=0.00s Sys=0.00s Real=0.00s
[13052.198s][info][gc,start       ] GC(33049) Pause Young (Allocation Failure)
[13052.199s][info][gc,heap        ] GC(33049) PSYoungGen: 181472K(181760K)->240K(175104K) Eden: 181248K(181248K)->0K(174592K) From: 224K(512K)->240K(512K)
[13052.199s][info][gc,heap        ] GC(33049) ParOldGen: 313692K(313856K)->313708K(313856K)
[13052.199s][info][gc,metaspace   ] GC(33049) Metaspace: 8795K(9024K)->8795K(9024K) NonClass: 8142K(8320K)->8142K(8320K) Class: 652K(704K)->652K(704K)
[13052.199s][info][gc             ] GC(33049) Pause Young (Allocation Failure) 483M->306M(477M) 1.662ms
[13052.199s][info][gc,cpu         ] GC(33049) User=0.01s Sys=0.00s Real=0.00s
[13052.791s][info][gc,start       ] GC(33050) Pause Young (Allocation Failure)
[13052.792s][info][gc,heap        ] GC(33050) PSYoungGen: 174832K(175104K)->224K(168960K) Eden: 174592K(174592K)->0K(168448K) From: 240K(512K)->224K(512K)
[13052.792s][info][gc,heap        ] GC(33050) ParOldGen: 313708K(313856K)->313724K(313856K)
[13052.792s][info][gc,metaspace   ] GC(33050) Metaspace: 8795K(9024K)->8795K(9024K) NonClass: 8142K(8320K)->8142K(8320K) Class: 652K(704K)->652K(704K)
[13052.792s][info][gc             ] GC(33050) Pause Young (Allocation Failure) 477M->306M(471M) 1.226ms
[13052.792s][info][gc,cpu         ] GC(33050) User=0.00s Sys=0.00s Real=0.00s
[13053.351s][info][gc,start       ] GC(33051) Pause Young (Allocation Failure)
[13053.353s][info][gc,heap        ] GC(33051) PSYoungGen: 168672K(168960K)->192K(163328K) Eden: 168448K(168448K)->0K(162816K) From: 224K(512K)->192K(512K)
[13053.353s][info][gc,heap        ] GC(33051) ParOldGen: 313724K(313856K)->313732K(313856K)
[13053.353s][info][gc,metaspace   ] GC(33051) Metaspace: 8795K(9024K)->8795K(9024K) NonClass: 8142K(8320K)->8142K(8320K) Class: 652K(704K)->652K(704K)
[13053.353s][info][gc             ] GC(33051) Pause Young (Allocation Failure) 471M->306M(466M) 2.022ms
[13053.353s][info][gc,cpu         ] GC(33051) User=0.01s Sys=0.00s Real=0.00s
[13053.900s][info][gc,start       ] GC(33052) Pause Young (Allocation Failure)
[13053.901s][info][gc,heap        ] GC(33052) PSYoungGen: 163008K(163328K)->272K(157696K) Eden: 162816K(162816K)->0K(157184K) From: 192K(512K)->272K(512K)
[13053.901s][info][gc,heap        ] GC(33052) ParOldGen: 313732K(313856K)->313748K(313856K)
[13053.901s][info][gc,metaspace   ] GC(33052) Metaspace: 8795K(9024K)->8795K(9024K) NonClass: 8142K(8320K)->8142K(8320K) Class: 652K(704K)->652K(704K)
[13053.901s][info][gc             ] GC(33052) Pause Young (Allocation Failure) 465M->306M(460M) 1.258ms
[13053.901s][info][gc,cpu         ] GC(33052) User=0.00s Sys=0.00s Real=0.01s
[13054.450s][info][gc,start       ] GC(33053) Pause Young (Allocation Failure)
[13054.452s][info][gc,heap        ] GC(33053) PSYoungGen: 157456K(157696K)->288K(152576K) Eden: 157184K(157184K)->0K(152064K) From: 272K(512K)->288K(512K)
[13054.452s][info][gc,heap        ] GC(33053) ParOldGen: 313748K(313856K)->313764K(313856K)
[13054.452s][info][gc,metaspace   ] GC(33053) Metaspace: 8795K(9024K)->8795K(9024K) NonClass: 8142K(8320K)->8142K(8320K) Class: 652K(704K)->652K(704K)
[13054.452s][info][gc             ] GC(33053) Pause Young (Allocation Failure) 460M->306M(455M) 1.275ms
[13054.452s][info][gc,cpu         ] GC(33053) User=0.00s Sys=0.00s Real=0.00s
[13054.962s][info][gc,start       ] GC(33054) Pause Young (Allocation Failure)
[13054.963s][info][gc,heap        ] GC(33054) PSYoungGen: 152352K(152576K)->288K(147456K) Eden: 152064K(152064K)->0K(146944K) From: 288K(512K)->288K(512K)
[13054.963s][info][gc,heap        ] GC(33054) ParOldGen: 313764K(313856K)->313780K(313856K)
[13054.963s][info][gc,metaspace   ] GC(33054) Metaspace: 8795K(9024K)->8795K(9024K) NonClass: 8142K(8320K)->8142K(8320K) Class: 652K(704K)->652K(704K)
[13054.963s][info][gc             ] GC(33054) Pause Young (Allocation Failure) 455M->306M(450M) 1.309ms
[13054.963s][info][gc,cpu         ] GC(33054) User=0.00s Sys=0.00s Real=0.00s
[13055.437s][info][gc,start       ] GC(33055) Pause Young (Allocation Failure)
[13055.438s][info][gc,heap        ] GC(33055) PSYoungGen: 147232K(147456K)->256K(142848K) Eden: 146944K(146944K)->0K(142336K) From: 288K(512K)->256K(512K)
[13055.438s][info][gc,heap        ] GC(33055) ParOldGen: 313780K(313856K)->313796K(313856K)
[13055.438s][info][gc,metaspace   ] GC(33055) Metaspace: 8795K(9024K)->8795K(9024K) NonClass: 8142K(8320K)->8142K(8320K) Class: 652K(704K)->652K(704K)
[13055.438s][info][gc             ] GC(33055) Pause Young (Allocation Failure) 450M->306M(446M) 1.191ms
[13055.439s][info][gc,cpu         ] GC(33055) User=0.00s Sys=0.00s Real=0.00s
[13055.931s][info][gc,start       ] GC(33056) Pause Young (Allocation Failure)
[13055.932s][info][gc,heap        ] GC(33056) PSYoungGen: 142592K(142848K)->240K(138240K) Eden: 142336K(142336K)->0K(137728K) From: 256K(512K)->240K(512K)
[13055.932s][info][gc,heap        ] GC(33056) ParOldGen: 313796K(313856K)->313812K(313856K)
[13055.932s][info][gc,metaspace   ] GC(33056) Metaspace: 8795K(9024K)->8795K(9024K) NonClass: 8142K(8320K)->8142K(8320K) Class: 652K(704K)->652K(704K)
[13055.932s][info][gc             ] GC(33056) Pause Young (Allocation Failure) 445M->306M(441M) 1.186ms
[13055.932s][info][gc,cpu         ] GC(33056) User=0.00s Sys=0.00s Real=0.00s
[13056.390s][info][gc,start       ] GC(33057) Pause Young (Allocation Failure)
[13056.391s][info][gc,heap        ] GC(33057) PSYoungGen: 137968K(138240K)->256K(133632K) Eden: 137728K(137728K)->0K(133120K) From: 240K(512K)->256K(512K)
[13056.391s][info][gc,heap        ] GC(33057) ParOldGen: 313812K(313856K)->313828K(313856K)
[13056.391s][info][gc,metaspace   ] GC(33057) Metaspace: 8795K(9024K)->8795K(9024K) NonClass: 8142K(8320K)->8142K(8320K) Class: 652K(704K)->652K(704K)
[13056.391s][info][gc             ] GC(33057) Pause Young (Allocation Failure) 441M->306M(437M) 1.169ms
[13056.391s][info][gc,cpu         ] GC(33057) User=0.01s Sys=0.00s Real=0.01s
[13056.839s][info][gc,start       ] GC(33058) Pause Young (Allocation Failure)
[13056.842s][info][gc,heap        ] GC(33058) PSYoungGen: 133376K(133632K)->256K(129536K) Eden: 133120K(133120K)->0K(129024K) From: 256K(512K)->256K(512K)
[13056.842s][info][gc,heap        ] GC(33058) ParOldGen: 313828K(313856K)->313836K(313856K)
[13056.842s][info][gc,metaspace   ] GC(33058) Metaspace: 8795K(9024K)->8795K(9024K) NonClass: 8142K(8320K)->8142K(8320K) Class: 652K(704K)->652K(704K)
[13056.842s][info][gc             ] GC(33058) Pause Young (Allocation Failure) 436M->306M(433M) 2.266ms
[13056.842s][info][gc,cpu         ] GC(33058) User=0.00s Sys=0.00s Real=0.01s
[13057.256s][info][gc,start       ] GC(33059) Pause Young (Allocation Failure)
[13057.258s][info][gc,heap        ] GC(33059) PSYoungGen: 129280K(129536K)->224K(125440K) Eden: 129024K(129024K)->0K(124928K) From: 256K(512K)->224K(512K)
[13057.258s][info][gc,heap        ] GC(33059) ParOldGen: 313836K(313856K)->313844K(313856K)
[13057.258s][info][gc,metaspace   ] GC(33059) Metaspace: 8795K(9024K)->8795K(9024K) NonClass: 8142K(8320K)->8142K(8320K) Class: 652K(704K)->652K(704K)
[13057.258s][info][gc             ] GC(33059) Pause Young (Allocation Failure) 432M->306M(429M) 2.153ms
[13057.258s][info][gc,cpu         ] GC(33059) User=0.00s Sys=0.00s Real=0.00s
[13057.678s][info][gc,start       ] GC(33060) Pause Young (Allocation Failure)
[13057.680s][info][gc,heap        ] GC(33060) PSYoungGen: 125152K(125440K)->256K(121344K) Eden: 124928K(124928K)->0K(120832K) From: 224K(512K)->256K(512K)
[13057.680s][info][gc,heap        ] GC(33060) ParOldGen: 313844K(313856K)->313852K(313856K)
[13057.680s][info][gc,metaspace   ] GC(33060) Metaspace: 8795K(9024K)->8795K(9024K) NonClass: 8142K(8320K)->8142K(8320K) Class: 652K(704K)->652K(704K)
[13057.680s][info][gc             ] GC(33060) Pause Young (Allocation Failure) 428M->306M(425M) 2.176ms
[13057.680s][info][gc,cpu         ] GC(33060) User=0.00s Sys=0.00s Real=0.00s
[13058.069s][info][gc,start       ] GC(33061) Pause Young (Allocation Failure)
[13058.071s][info][gc,heap        ] GC(33061) PSYoungGen: 121088K(121344K)->256K(117760K) Eden: 120832K(120832K)->0K(117248K) From: 256K(512K)->256K(512K)
[13058.071s][info][gc,heap        ] GC(33061) ParOldGen: 313852K(313856K)->313868K(314368K)
[13058.071s][info][gc,metaspace   ] GC(33061) Metaspace: 8795K(9024K)->8795K(9024K) NonClass: 8142K(8320K)->8142K(8320K) Class: 652K(704K)->652K(704K)
[13058.071s][info][gc             ] GC(33061) Pause Young (Allocation Failure) 424M->306M(422M) 1.303ms
[13058.071s][info][gc,cpu         ] GC(33061) User=0.00s Sys=0.00s Real=0.01s
[13058.488s][info][gc,start       ] GC(33062) Pause Young (Allocation Failure)
[13058.490s][info][gc,heap        ] GC(33062) PSYoungGen: 117504K(117760K)->224K(114176K) Eden: 117248K(117248K)->0K(113664K) From: 256K(512K)->224K(512K)
[13058.490s][info][gc,heap        ] GC(33062) ParOldGen: 313868K(314368K)->313884K(314368K)
[13058.490s][info][gc,metaspace   ] GC(33062) Metaspace: 8795K(9024K)->8795K(9024K) NonClass: 8142K(8320K)->8142K(8320K) Class: 652K(704K)->652K(704K)
[13058.490s][info][gc             ] GC(33062) Pause Young (Allocation Failure) 421M->306M(418M) 2.103ms
[13058.490s][info][gc,cpu         ] GC(33062) User=0.00s Sys=0.00s Real=0.00s
[13058.858s][info][gc,start       ] GC(33063) Pause Young (Allocation Failure)
[13058.860s][info][gc,heap        ] GC(33063) PSYoungGen: 113888K(114176K)->224K(110592K) Eden: 113664K(113664K)->0K(110080K) From: 224K(512K)->224K(512K)
[13058.860s][info][gc,heap        ] GC(33063) ParOldGen: 313884K(314368K)->313892K(314368K)
[13058.860s][info][gc,metaspace   ] GC(33063) Metaspace: 8795K(9024K)->8795K(9024K) NonClass: 8142K(8320K)->8142K(8320K) Class: 652K(704K)->652K(704K)
[13058.860s][info][gc             ] GC(33063) Pause Young (Allocation Failure) 417M->306M(415M) 2.051ms
[13058.860s][info][gc,cpu         ] GC(33063) User=0.00s Sys=0.00s Real=0.00s
[13059.214s][info][gc,start       ] GC(33064) Pause Young (Allocation Failure)
[13059.216s][info][gc,heap        ] GC(33064) PSYoungGen: 110304K(110592K)->256K(107520K) Eden: 110080K(110080K)->0K(107008K) From: 224K(512K)->256K(512K)
[13059.216s][info][gc,heap        ] GC(33064) ParOldGen: 313892K(314368K)->313908K(314368K)
[13059.216s][info][gc,metaspace   ] GC(33064) Metaspace: 8795K(9024K)->8795K(9024K) NonClass: 8142K(8320K)->8142K(8320K) Class: 652K(704K)->652K(704K)
[13059.216s][info][gc             ] GC(33064) Pause Young (Allocation Failure) 414M->306M(412M) 1.549ms
[13059.216s][info][gc,cpu         ] GC(33064) User=0.01s Sys=0.00s Real=0.00s
[13059.582s][info][gc,start       ] GC(33065) Pause Young (Allocation Failure)
[13059.583s][info][gc,heap        ] GC(33065) PSYoungGen: 107264K(107520K)->240K(104448K) Eden: 107008K(107008K)->0K(103936K) From: 256K(512K)->240K(512K)
[13059.583s][info][gc,heap        ] GC(33065) ParOldGen: 313908K(314368K)->313924K(314368K)
[13059.583s][info][gc,metaspace   ] GC(33065) Metaspace: 8795K(9024K)->8795K(9024K) NonClass: 8142K(8320K)->8142K(8320K) Class: 652K(704K)->652K(704K)
[13059.583s][info][gc             ] GC(33065) Pause Young (Allocation Failure) 411M->306M(409M) 1.432ms
[13059.583s][info][gc,cpu         ] GC(33065) User=0.00s Sys=0.00s Real=0.00s
[13059.921s][info][gc,start       ] GC(33066) Pause Young (Allocation Failure)
[13059.922s][info][gc,heap        ] GC(33066) PSYoungGen: 104176K(104448K)->256K(101376K) Eden: 103936K(103936K)->0K(100864K) From: 240K(512K)->256K(512K)
[13059.922s][info][gc,heap        ] GC(33066) ParOldGen: 313924K(314368K)->313940K(314368K)
[13059.922s][info][gc,metaspace   ] GC(33066) Metaspace: 8795K(9024K)->8795K(9024K) NonClass: 8142K(8320K)->8142K(8320K) Class: 652K(704K)->652K(704K)
[13059.922s][info][gc             ] GC(33066) Pause Young (Allocation Failure) 408M->306M(406M) 1.593ms
[13059.922s][info][gc,cpu         ] GC(33066) User=0.00s Sys=0.00s Real=0.00s
[13060.274s][info][gc,start       ] GC(33067) Pause Young (Allocation Failure)
[13060.275s][info][gc,heap        ] GC(33067) PSYoungGen: 101120K(101376K)->240K(98304K) Eden: 100864K(100864K)->0K(97792K) From: 256K(512K)->240K(512K)
[13060.275s][info][gc,heap        ] GC(33067) ParOldGen: 313940K(314368K)->313956K(314368K)
[13060.275s][info][gc,metaspace   ] GC(33067) Metaspace: 8795K(9024K)->8795K(9024K) NonClass: 8142K(8320K)->8142K(8320K) Class: 652K(704K)->652K(704K)
[13060.275s][info][gc             ] GC(33067) Pause Young (Allocation Failure) 405M->306M(403M) 1.277ms
[13060.275s][info][gc,cpu         ] GC(33067) User=0.00s Sys=0.00s Real=0.00s
[13060.607s][info][gc,start       ] GC(33068) Pause Young (Allocation Failure)
[13060.609s][info][gc,heap        ] GC(33068) PSYoungGen: 98032K(98304K)->240K(95744K) Eden: 97792K(97792K)->0K(95232K) From: 240K(512K)->240K(512K)
[13060.609s][info][gc,heap        ] GC(33068) ParOldGen: 313956K(314368K)->313964K(314368K)
[13060.609s][info][gc,metaspace   ] GC(33068) Metaspace: 8795K(9024K)->8795K(9024K) NonClass: 8142K(8320K)->8142K(8320K) Class: 652K(704K)->652K(704K)
[13060.609s][info][gc             ] GC(33068) Pause Young (Allocation Failure) 402M->306M(400M) 1.985ms
[13060.609s][info][gc,cpu         ] GC(33068) User=0.00s Sys=0.00s Real=0.00s
[13060.919s][info][gc,start       ] GC(33069) Pause Young (Allocation Failure)
[13060.921s][info][gc,heap        ] GC(33069) PSYoungGen: 95472K(95744K)->224K(93184K) Eden: 95232K(95232K)->0K(92672K) From: 240K(512K)->224K(512K)
[13060.921s][info][gc,heap        ] GC(33069) ParOldGen: 313964K(314368K)->313972K(314368K)
[13060.921s][info][gc,metaspace   ] GC(33069) Metaspace: 8795K(9024K)->8795K(9024K) NonClass: 8142K(8320K)->8142K(8320K) Class: 652K(704K)->652K(704K)
[13060.921s][info][gc             ] GC(33069) Pause Young (Allocation Failure) 399M->306M(398M) 2.048ms
[13060.921s][info][gc,cpu         ] GC(33069) User=0.01s Sys=0.00s Real=0.01s
[13061.235s][info][gc,start       ] GC(33070) Pause Young (Allocation Failure)
[13061.237s][info][gc,heap        ] GC(33070) PSYoungGen: 92896K(93184K)->288K(90624K) Eden: 92672K(92672K)->0K(90112K) From: 224K(512K)->288K(512K)
[13061.237s][info][gc,heap        ] GC(33070) ParOldGen: 313972K(314368K)->313988K(314368K)
[13061.237s][info][gc,metaspace   ] GC(33070) Metaspace: 8795K(9024K)->8795K(9024K) NonClass: 8142K(8320K)->8142K(8320K) Class: 652K(704K)->652K(704K)
[13061.237s][info][gc             ] GC(33070) Pause Young (Allocation Failure) 397M->306M(395M) 1.221ms
[13061.237s][info][gc,cpu         ] GC(33070) User=0.00s Sys=0.00s Real=0.00s
[13061.563s][info][gc,start       ] GC(33071) Pause Young (Allocation Failure)
[13061.566s][info][gc,heap        ] GC(33071) PSYoungGen: 90400K(90624K)->272K(88064K) Eden: 90112K(90112K)->0K(87552K) From: 288K(512K)->272K(512K)
[13061.566s][info][gc,heap        ] GC(33071) ParOldGen: 313988K(314368K)->313996K(314368K)
[13061.566s][info][gc,metaspace   ] GC(33071) Metaspace: 8795K(9024K)->8795K(9024K) NonClass: 8142K(8320K)->8142K(8320K) Class: 652K(704K)->652K(704K)
[13061.566s][info][gc             ] GC(33071) Pause Young (Allocation Failure) 394M->306M(393M) 3.001ms
[13061.566s][info][gc,cpu         ] GC(33071) User=0.00s Sys=0.00s Real=0.00s
[13061.835s][info][gc,start       ] GC(33072) Pause Young (Allocation Failure)
[13061.838s][info][gc,heap        ] GC(33072) PSYoungGen: 87822K(88064K)->272K(202752K) Eden: 87550K(87552K)->0K(202240K) From: 272K(512K)->272K(512K)
[13061.838s][info][gc,heap        ] GC(33072) ParOldGen: 313996K(314368K)->314012K(314368K)
[13061.838s][info][gc,metaspace   ] GC(33072) Metaspace: 8795K(9024K)->8795K(9024K) NonClass: 8142K(8320K)->8142K(8320K) Class: 652K(704K)->652K(704K)
[13061.838s][info][gc             ] GC(33072) Pause Young (Allocation Failure) 392M->306M(505M) 2.517ms
[13061.838s][info][gc,cpu         ] GC(33072) User=0.01s Sys=0.00s Real=0.00s
[13062.475s][info][gc,start       ] GC(33073) Pause Young (Allocation Failure)
[13062.477s][info][gc,heap        ] GC(33073) PSYoungGen: 202512K(202752K)->272K(195584K) Eden: 202240K(202240K)->0K(195072K) From: 272K(512K)->272K(512K)
[13062.477s][info][gc,heap        ] GC(33073) ParOldGen: 314012K(314368K)->314028K(314368K)
[13062.477s][info][gc,metaspace   ] GC(33073) Metaspace: 8795K(9024K)->8795K(9024K) NonClass: 8142K(8320K)->8142K(8320K) Class: 652K(704K)->652K(704K)
[13062.477s][info][gc             ] GC(33073) Pause Young (Allocation Failure) 504M->306M(498M) 2.202ms
[13062.477s][info][gc,cpu         ] GC(33073) User=0.00s Sys=0.00s Real=0.00s
[13063.146s][info][gc,start       ] GC(33074) Pause Young (Allocation Failure)
[13063.149s][info][gc,heap        ] GC(33074) PSYoungGen: 195344K(195584K)->240K(188416K) Eden: 195072K(195072K)->0K(187904K) From: 272K(512K)->240K(512K)
[13063.149s][info][gc,heap        ] GC(33074) ParOldGen: 314028K(314368K)->314044K(314368K)
[13063.149s][info][gc,metaspace   ] GC(33074) Metaspace: 8795K(9024K)->8795K(9024K) NonClass: 8142K(8320K)->8142K(8320K) Class: 652K(704K)->652K(704K)
[13063.149s][info][gc             ] GC(33074) Pause Young (Allocation Failure) 497M->306M(491M) 2.734ms
[13063.149s][info][gc,cpu         ] GC(33074) User=0.00s Sys=0.00s Real=0.00s
[13063.757s][info][gc,start       ] GC(33075) Pause Young (Allocation Failure)
[13063.758s][info][gc,heap        ] GC(33075) PSYoungGen: 188144K(188416K)->240K(181760K) Eden: 187904K(187904K)->0K(181248K) From: 240K(512K)->240K(512K)
[13063.758s][info][gc,heap        ] GC(33075) ParOldGen: 314044K(314368K)->314060K(314368K)
[13063.758s][info][gc,metaspace   ] GC(33075) Metaspace: 8795K(9024K)->8795K(9024K) NonClass: 8142K(8320K)->8142K(8320K) Class: 652K(704K)->652K(704K)
[13063.758s][info][gc             ] GC(33075) Pause Young (Allocation Failure) 490M->306M(484M) 1.218ms
[13063.758s][info][gc,cpu         ] GC(33075) User=0.01s Sys=0.00s Real=0.00s
[13064.329s][info][gc,start       ] GC(33076) Pause Young (Allocation Failure)
[13064.330s][info][gc,heap        ] GC(33076) PSYoungGen: 181488K(181760K)->240K(175104K) Eden: 181248K(181248K)->0K(174592K) From: 240K(512K)->240K(512K)
[13064.330s][info][gc,heap        ] GC(33076) ParOldGen: 314060K(314368K)->314076K(314368K)
[13064.330s][info][gc,metaspace   ] GC(33076) Metaspace: 8795K(9024K)->8795K(9024K) NonClass: 8142K(8320K)->8142K(8320K) Class: 652K(704K)->652K(704K)
[13064.330s][info][gc             ] GC(33076) Pause Young (Allocation Failure) 483M->306M(478M) 1.202ms
[13064.331s][info][gc,cpu         ] GC(33076) User=0.00s Sys=0.01s Real=0.01s
[13065.005s][info][gc,start       ] GC(33077) Pause Young (Allocation Failure)
[13065.006s][info][gc,heap        ] GC(33077) PSYoungGen: 174832K(175104K)->240K(168960K) Eden: 174592K(174592K)->0K(168448K) From: 240K(512K)->240K(512K)
[13065.006s][info][gc,heap        ] GC(33077) ParOldGen: 314076K(314368K)->314092K(314368K)
[13065.006s][info][gc,metaspace   ] GC(33077) Metaspace: 8795K(9024K)->8795K(9024K) NonClass: 8142K(8320K)->8142K(8320K) Class: 652K(704K)->652K(704K)
[13065.006s][info][gc             ] GC(33077) Pause Young (Allocation Failure) 477M->306M(472M) 1.292ms
[13065.006s][info][gc,cpu         ] GC(33077) User=0.00s Sys=0.00s Real=0.00s
[13065.578s][info][gc,start       ] GC(33078) Pause Young (Allocation Failure)
[13065.580s][info][gc,heap        ] GC(33078) PSYoungGen: 168688K(168960K)->256K(163328K) Eden: 168448K(168448K)->0K(162816K) From: 240K(512K)->256K(512K)
[13065.581s][info][gc,heap        ] GC(33078) ParOldGen: 314092K(314368K)->314100K(314368K)
[13065.581s][info][gc,metaspace   ] GC(33078) Metaspace: 8795K(9024K)->8795K(9024K) NonClass: 8142K(8320K)->8142K(8320K) Class: 652K(704K)->652K(704K)
[13065.581s][info][gc             ] GC(33078) Pause Young (Allocation Failure) 471M->306M(466M) 2.115ms
[13065.581s][info][gc,cpu         ] GC(33078) User=0.00s Sys=0.00s Real=0.01s
[13066.111s][info][gc,start       ] GC(33079) Pause Young (Allocation Failure)
[13066.113s][info][gc,heap        ] GC(33079) PSYoungGen: 163072K(163328K)->256K(157696K) Eden: 162816K(162816K)->0K(157184K) From: 256K(512K)->256K(512K)
[13066.113s][info][gc,heap        ] GC(33079) ParOldGen: 314100K(314368K)->314116K(314368K)
[13066.113s][info][gc,metaspace   ] GC(33079) Metaspace: 8795K(9024K)->8795K(9024K) NonClass: 8142K(8320K)->8142K(8320K) Class: 652K(704K)->652K(704K)
[13066.113s][info][gc             ] GC(33079) Pause Young (Allocation Failure) 465M->307M(461M) 2.145ms
[13066.113s][info][gc,cpu         ] GC(33079) User=0.00s Sys=0.00s Real=0.00s
[13066.625s][info][gc,start       ] GC(33080) Pause Young (Allocation Failure)
[13066.627s][info][gc,heap        ] GC(33080) PSYoungGen: 157440K(157696K)->224K(152576K) Eden: 157184K(157184K)->0K(152064K) From: 256K(512K)->224K(512K)
[13066.627s][info][gc,heap        ] GC(33080) ParOldGen: 314116K(314368K)->314132K(314368K)
[13066.627s][info][gc,metaspace   ] GC(33080) Metaspace: 8795K(9024K)->8795K(9024K) NonClass: 8142K(8320K)->8142K(8320K) Class: 652K(704K)->652K(704K)
[13066.627s][info][gc             ] GC(33080) Pause Young (Allocation Failure) 460M->306M(456M) 2.271ms
[13066.627s][info][gc,cpu         ] GC(33080) User=0.00s Sys=0.00s Real=0.00s
[13067.107s][info][gc,start       ] GC(33081) Pause Young (Allocation Failure)
[13067.108s][info][gc,heap        ] GC(33081) PSYoungGen: 152288K(152576K)->256K(147456K) Eden: 152064K(152064K)->0K(146944K) From: 224K(512K)->256K(512K)
[13067.108s][info][gc,heap        ] GC(33081) ParOldGen: 314132K(314368K)->314148K(314368K)
[13067.108s][info][gc,metaspace   ] GC(33081) Metaspace: 8795K(9024K)->8795K(9024K) NonClass: 8142K(8320K)->8142K(8320K) Class: 652K(704K)->652K(704K)
[13067.109s][info][gc             ] GC(33081) Pause Young (Allocation Failure) 455M->307M(451M) 1.385ms
[13067.109s][info][gc,cpu         ] GC(33081) User=0.00s Sys=0.00s Real=0.00s
[13067.563s][info][gc,start       ] GC(33082) Pause Young (Allocation Failure)
[13067.564s][info][gc,heap        ] GC(33082) PSYoungGen: 147200K(147456K)->240K(142848K) Eden: 146944K(146944K)->0K(142336K) From: 256K(512K)->240K(512K)
[13067.564s][info][gc,heap        ] GC(33082) ParOldGen: 314148K(314368K)->314164K(314368K)
[13067.564s][info][gc,metaspace   ] GC(33082) Metaspace: 8795K(9024K)->8795K(9024K) NonClass: 8142K(8320K)->8142K(8320K) Class: 652K(704K)->652K(704K)
[13067.564s][info][gc             ] GC(33082) Pause Young (Allocation Failure) 450M->307M(446M) 1.185ms
[13067.564s][info][gc,cpu         ] GC(33082) User=0.00s Sys=0.00s Real=0.00s
[13068.030s][info][gc,start       ] GC(33083) Pause Young (Allocation Failure)
[13068.032s][info][gc,heap        ] GC(33083) PSYoungGen: 142576K(142848K)->256K(138240K) Eden: 142336K(142336K)->0K(137728K) From: 240K(512K)->256K(512K)
[13068.032s][info][gc,heap        ] GC(33083) ParOldGen: 314164K(314368K)->314180K(314368K)
[13068.032s][info][gc,metaspace   ] GC(33083) Metaspace: 8795K(9024K)->8795K(9024K) NonClass: 8142K(8320K)->8142K(8320K) Class: 652K(704K)->652K(704K)
[13068.032s][info][gc             ] GC(33083) Pause Young (Allocation Failure) 446M->307M(442M) 1.147ms
[13068.032s][info][gc,cpu         ] GC(33083) User=0.00s Sys=0.00s Real=0.00s
[13068.493s][info][gc,start       ] GC(33084) Pause Young (Allocation Failure)
[13068.494s][info][gc,heap        ] GC(33084) PSYoungGen: 137984K(138240K)->256K(133632K) Eden: 137728K(137728K)->0K(133120K) From: 256K(512K)->256K(512K)
[13068.494s][info][gc,heap        ] GC(33084) ParOldGen: 314180K(314368K)->314196K(314368K)
[13068.494s][info][gc,metaspace   ] GC(33084) Metaspace: 8795K(9024K)->8795K(9024K) NonClass: 8142K(8320K)->8142K(8320K) Class: 652K(704K)->652K(704K)
[13068.494s][info][gc             ] GC(33084) Pause Young (Allocation Failure) 441M->307M(437M) 1.174ms
[13068.494s][info][gc,cpu         ] GC(33084) User=0.00s Sys=0.00s Real=0.00s
[13068.999s][info][gc,start       ] GC(33085) Pause Young (Allocation Failure)
[13069.001s][info][gc,heap        ] GC(33085) PSYoungGen: 133376K(133632K)->240K(129536K) Eden: 133120K(133120K)->0K(129024K) From: 256K(512K)->240K(512K)
[13069.001s][info][gc,heap        ] GC(33085) ParOldGen: 314196K(314368K)->314204K(314368K)
[13069.001s][info][gc,metaspace   ] GC(33085) Metaspace: 8795K(9024K)->8795K(9024K) NonClass: 8142K(8320K)->8142K(8320K) Class: 652K(704K)->652K(704K)
[13069.001s][info][gc             ] GC(33085) Pause Young (Allocation Failure) 437M->307M(433M) 1.471ms
[13069.001s][info][gc,cpu         ] GC(33085) User=0.00s Sys=0.00s Real=0.01s
[13069.440s][info][gc,start       ] GC(33086) Pause Young (Allocation Failure)
[13069.441s][info][gc,heap        ] GC(33086) PSYoungGen: 129264K(129536K)->240K(125440K) Eden: 129024K(129024K)->0K(124928K) From: 240K(512K)->240K(512K)
[13069.441s][info][gc,heap        ] GC(33086) ParOldGen: 314204K(314368K)->314220K(314368K)
[13069.441s][info][gc,metaspace   ] GC(33086) Metaspace: 8795K(9024K)->8795K(9024K) NonClass: 8142K(8320K)->8142K(8320K) Class: 652K(704K)->652K(704K)
[13069.441s][info][gc             ] GC(33086) Pause Young (Allocation Failure) 433M->307M(429M) 1.528ms
[13069.441s][info][gc,cpu         ] GC(33086) User=0.00s Sys=0.00s Real=0.01s
[13069.851s][info][gc,start       ] GC(33087) Pause Young (Allocation Failure)
[13069.853s][info][gc,heap        ] GC(33087) PSYoungGen: 125168K(125440K)->240K(121344K) Eden: 124928K(124928K)->0K(120832K) From: 240K(512K)->240K(512K)
[13069.853s][info][gc,heap        ] GC(33087) ParOldGen: 314220K(314368K)->314236K(314368K)
[13069.853s][info][gc,metaspace   ] GC(33087) Metaspace: 8795K(9024K)->8795K(9024K) NonClass: 8142K(8320K)->8142K(8320K) Class: 652K(704K)->652K(704K)
[13069.853s][info][gc             ] GC(33087) Pause Young (Allocation Failure) 429M->307M(425M) 1.384ms
[13069.853s][info][gc,cpu         ] GC(33087) User=0.00s Sys=0.00s Real=0.00s
[13070.252s][info][gc,start       ] GC(33088) Pause Young (Allocation Failure)
[13070.254s][info][gc,heap        ] GC(33088) PSYoungGen: 121072K(121344K)->224K(117760K) Eden: 120832K(120832K)->0K(117248K) From: 240K(512K)->224K(512K)
[13070.254s][info][gc,heap        ] GC(33088) ParOldGen: 314236K(314368K)->314252K(314368K)
[13070.254s][info][gc,metaspace   ] GC(33088) Metaspace: 8795K(9024K)->8795K(9024K) NonClass: 8142K(8320K)->8142K(8320K) Class: 652K(704K)->652K(704K)
[13070.254s][info][gc             ] GC(33088) Pause Young (Allocation Failure) 425M->307M(422M) 1.216ms
[13070.254s][info][gc,cpu         ] GC(33088) User=0.00s Sys=0.00s Real=0.00s
[13070.664s][info][gc,start       ] GC(33089) Pause Young (Allocation Failure)
[13070.665s][info][gc,heap        ] GC(33089) PSYoungGen: 117472K(117760K)->288K(114176K) Eden: 117248K(117248K)->0K(113664K) From: 224K(512K)->288K(512K)
[13070.665s][info][gc,heap        ] GC(33089) ParOldGen: 314252K(314368K)->314268K(314368K)
[13070.665s][info][gc,metaspace   ] GC(33089) Metaspace: 8795K(9024K)->8795K(9024K) NonClass: 8142K(8320K)->8142K(8320K) Class: 652K(704K)->652K(704K)
[13070.665s][info][gc             ] GC(33089) Pause Young (Allocation Failure) 421M->307M(418M) 1.230ms
[13070.665s][info][gc,cpu         ] GC(33089) User=0.00s Sys=0.00s Real=0.00s
[13071.040s][info][gc,start       ] GC(33090) Pause Young (Allocation Failure)
[13071.041s][info][gc,heap        ] GC(33090) PSYoungGen: 113952K(114176K)->240K(110592K) Eden: 113664K(113664K)->0K(110080K) From: 288K(512K)->240K(512K)
[13071.041s][info][gc,heap        ] GC(33090) ParOldGen: 314268K(314368K)->314284K(314368K)
[13071.041s][info][gc,metaspace   ] GC(33090) Metaspace: 8795K(9024K)->8795K(9024K) NonClass: 8142K(8320K)->8142K(8320K) Class: 652K(704K)->652K(704K)
[13071.041s][info][gc             ] GC(33090) Pause Young (Allocation Failure) 418M->307M(415M) 1.186ms
[13071.041s][info][gc,cpu         ] GC(33090) User=0.00s Sys=0.00s Real=0.01s
[13071.416s][info][gc,start       ] GC(33091) Pause Young (Allocation Failure)
[13071.417s][info][gc,heap        ] GC(33091) PSYoungGen: 110320K(110592K)->256K(107520K) Eden: 110080K(110080K)->0K(107008K) From: 240K(512K)->256K(512K)
[13071.417s][info][gc,heap        ] GC(33091) ParOldGen: 314284K(314368K)->314300K(314368K)
[13071.417s][info][gc,metaspace   ] GC(33091) Metaspace: 8795K(9024K)->8795K(9024K) NonClass: 8142K(8320K)->8142K(8320K) Class: 652K(704K)->652K(704K)
[13071.418s][info][gc             ] GC(33091) Pause Young (Allocation Failure) 414M->307M(412M) 1.333ms
[13071.418s][info][gc,cpu         ] GC(33091) User=0.00s Sys=0.00s Real=0.00s
[13071.785s][info][gc,start       ] GC(33092) Pause Young (Allocation Failure)
[13071.787s][info][gc,heap        ] GC(33092) PSYoungGen: 107264K(107520K)->224K(104448K) Eden: 107008K(107008K)->0K(103936K) From: 256K(512K)->224K(512K)
[13071.787s][info][gc,heap        ] GC(33092) ParOldGen: 314300K(314368K)->314316K(314368K)
[13071.787s][info][gc,metaspace   ] GC(33092) Metaspace: 8795K(9024K)->8795K(9024K) NonClass: 8142K(8320K)->8142K(8320K) Class: 652K(704K)->652K(704K)
[13071.787s][info][gc             ] GC(33092) Pause Young (Allocation Failure) 411M->307M(409M) 1.204ms
[13071.787s][info][gc,cpu         ] GC(33092) User=0.00s Sys=0.00s Real=0.00s
[13072.142s][info][gc,start       ] GC(33093) Pause Young (Allocation Failure)
[13072.143s][info][gc,heap        ] GC(33093) PSYoungGen: 104160K(104448K)->256K(101376K) Eden: 103936K(103936K)->0K(100864K) From: 224K(512K)->256K(512K)
[13072.143s][info][gc,heap        ] GC(33093) ParOldGen: 314316K(314368K)->314332K(314368K)
[13072.143s][info][gc,metaspace   ] GC(33093) Metaspace: 8795K(9024K)->8795K(9024K) NonClass: 8142K(8320K)->8142K(8320K) Class: 652K(704K)->652K(704K)
[13072.143s][info][gc             ] GC(33093) Pause Young (Allocation Failure) 408M->307M(406M) 1.119ms
[13072.143s][info][gc,cpu         ] GC(33093) User=0.00s Sys=0.00s Real=0.00s
[13072.477s][info][gc,start       ] GC(33094) Pause Young (Allocation Failure)
[13072.478s][info][gc,heap        ] GC(33094) PSYoungGen: 101120K(101376K)->256K(98304K) Eden: 100864K(100864K)->0K(97792K) From: 256K(512K)->256K(512K)
[13072.478s][info][gc,heap        ] GC(33094) ParOldGen: 314332K(314368K)->314348K(314368K)
[13072.478s][info][gc,metaspace   ] GC(33094) Metaspace: 8795K(9024K)->8795K(9024K) NonClass: 8142K(8320K)->8142K(8320K) Class: 652K(704K)->652K(704K)
[13072.478s][info][gc             ] GC(33094) Pause Young (Allocation Failure) 405M->307M(403M) 1.309ms
[13072.478s][info][gc,cpu         ] GC(33094) User=0.00s Sys=0.00s Real=0.00s
[13072.797s][info][gc,start       ] GC(33095) Pause Young (Allocation Failure)
[13072.798s][info][gc,heap        ] GC(33095) PSYoungGen: 98048K(98304K)->256K(95744K) Eden: 97792K(97792K)->0K(95232K) From: 256K(512K)->256K(512K)
[13072.798s][info][gc,heap        ] GC(33095) ParOldGen: 314348K(314368K)->314364K(314368K)
[13072.798s][info][gc,metaspace   ] GC(33095) Metaspace: 8795K(9024K)->8795K(9024K) NonClass: 8142K(8320K)->8142K(8320K) Class: 652K(704K)->652K(704K)
[13072.798s][info][gc             ] GC(33095) Pause Young (Allocation Failure) 402M->307M(400M) 1.206ms
[13072.798s][info][gc,cpu         ] GC(33095) User=0.00s Sys=0.00s Real=0.00s
[13073.100s][info][gc,start       ] GC(33096) Pause Young (Allocation Failure)
[13073.101s][info][gc,heap        ] GC(33096) PSYoungGen: 95488K(95744K)->256K(93184K) Eden: 95232K(95232K)->0K(92672K) From: 256K(512K)->256K(512K)
[13073.101s][info][gc,heap        ] GC(33096) ParOldGen: 314364K(314368K)->314380K(314880K)
[13073.101s][info][gc,metaspace   ] GC(33096) Metaspace: 8795K(9024K)->8795K(9024K) NonClass: 8142K(8320K)->8142K(8320K) Class: 652K(704K)->652K(704K)
[13073.101s][info][gc             ] GC(33096) Pause Young (Allocation Failure) 400M->307M(398M) 1.134ms
[13073.101s][info][gc,cpu         ] GC(33096) User=0.00s Sys=0.00s Real=0.01s
[13073.380s][info][gc,start       ] GC(33097) Pause Young (Allocation Failure)
[13073.382s][info][gc,heap        ] GC(33097) PSYoungGen: 92928K(93184K)->192K(90624K) Eden: 92672K(92672K)->0K(90112K) From: 256K(512K)->192K(512K)
[13073.382s][info][gc,heap        ] GC(33097) ParOldGen: 314380K(314880K)->314396K(314880K)
[13073.382s][info][gc,metaspace   ] GC(33097) Metaspace: 8795K(9024K)->8795K(9024K) NonClass: 8142K(8320K)->8142K(8320K) Class: 652K(704K)->652K(704K)
[13073.382s][info][gc             ] GC(33097) Pause Young (Allocation Failure) 397M->307M(396M) 1.978ms
[13073.382s][info][gc,cpu         ] GC(33097) User=0.00s Sys=0.00s Real=0.01s
[13073.694s][info][gc,start       ] GC(33098) Pause Young (Allocation Failure)
[13073.695s][info][gc,heap        ] GC(33098) PSYoungGen: 90304K(90624K)->256K(88064K) Eden: 90112K(90112K)->0K(87552K) From: 192K(512K)->256K(512K)
[13073.695s][info][gc,heap        ] GC(33098) ParOldGen: 314396K(314880K)->314412K(314880K)
[13073.695s][info][gc,metaspace   ] GC(33098) Metaspace: 8795K(9024K)->8795K(9024K) NonClass: 8142K(8320K)->8142K(8320K) Class: 652K(704K)->652K(704K)
[13073.695s][info][gc             ] GC(33098) Pause Young (Allocation Failure) 395M->307M(393M) 1.429ms
[13073.695s][info][gc,cpu         ] GC(33098) User=0.00s Sys=0.00s Real=0.00s
[13073.976s][info][gc,start       ] GC(33099) Pause Young (Allocation Failure)
[13073.977s][info][gc,heap        ] GC(33099) PSYoungGen: 87808K(88064K)->224K(202752K) Eden: 87552K(87552K)->0K(202240K) From: 256K(512K)->224K(512K)
[13073.977s][info][gc,heap        ] GC(33099) ParOldGen: 314412K(314880K)->314428K(314880K)
[13073.977s][info][gc,metaspace   ] GC(33099) Metaspace: 8795K(9024K)->8795K(9024K) NonClass: 8142K(8320K)->8142K(8320K) Class: 652K(704K)->652K(704K)
[13073.977s][info][gc             ] GC(33099) Pause Young (Allocation Failure) 392M->307M(505M) 1.186ms
[13073.977s][info][gc,cpu         ] GC(33099) User=0.00s Sys=0.00s Real=0.00s
[13074.665s][info][gc,start       ] GC(33100) Pause Young (Allocation Failure)
[13074.667s][info][gc,heap        ] GC(33100) PSYoungGen: 202464K(202752K)->224K(195584K) Eden: 202240K(202240K)->0K(195072K) From: 224K(512K)->224K(512K)
[13074.667s][info][gc,heap        ] GC(33100) ParOldGen: 314428K(314880K)->314444K(314880K)
[13074.667s][info][gc,metaspace   ] GC(33100) Metaspace: 8795K(9024K)->8795K(9024K) NonClass: 8142K(8320K)->8142K(8320K) Class: 652K(704K)->652K(704K)
[13074.667s][info][gc             ] GC(33100) Pause Young (Allocation Failure) 504M->307M(498M) 2.144ms
[13074.668s][info][gc,cpu         ] GC(33100) User=0.00s Sys=0.00s Real=0.00s
[13075.300s][info][gc,start       ] GC(33101) Pause Young (Allocation Failure)
[13075.302s][info][gc,heap        ] GC(33101) PSYoungGen: 195296K(195584K)->224K(188416K) Eden: 195072K(195072K)->0K(187904K) From: 224K(512K)->224K(512K)
[13075.302s][info][gc,heap        ] GC(33101) ParOldGen: 314444K(314880K)->314460K(314880K)
[13075.302s][info][gc,metaspace   ] GC(33101) Metaspace: 8795K(9024K)->8795K(9024K) NonClass: 8142K(8320K)->8142K(8320K) Class: 652K(704K)->652K(704K)
[13075.302s][info][gc             ] GC(33101) Pause Young (Allocation Failure) 497M->307M(491M) 2.194ms
[13075.302s][info][gc,cpu         ] GC(33101) User=0.00s Sys=0.00s Real=0.01s
[13075.899s][info][gc,start       ] GC(33102) Pause Young (Allocation Failure)
[13075.901s][info][gc,heap        ] GC(33102) PSYoungGen: 188128K(188416K)->256K(181760K) Eden: 187904K(187904K)->0K(181248K) From: 224K(512K)->256K(512K)
[13075.901s][info][gc,heap        ] GC(33102) ParOldGen: 314460K(314880K)->314468K(314880K)
[13075.901s][info][gc,metaspace   ] GC(33102) Metaspace: 8795K(9024K)->8795K(9024K) NonClass: 8142K(8320K)->8142K(8320K) Class: 652K(704K)->652K(704K)
[13075.901s][info][gc             ] GC(33102) Pause Young (Allocation Failure) 490M->307M(485M) 2.163ms
[13075.901s][info][gc,cpu         ] GC(33102) User=0.00s Sys=0.00s Real=0.01s
[13076.529s][info][gc,start       ] GC(33103) Pause Young (Allocation Failure)
[13076.531s][info][gc,heap        ] GC(33103) PSYoungGen: 181504K(181760K)->224K(175104K) Eden: 181248K(181248K)->0K(174592K) From: 256K(512K)->224K(512K)
[13076.531s][info][gc,heap        ] GC(33103) ParOldGen: 314468K(314880K)->314484K(314880K)
[13076.531s][info][gc,metaspace   ] GC(33103) Metaspace: 8795K(9024K)->8795K(9024K) NonClass: 8142K(8320K)->8142K(8320K) Class: 652K(704K)->652K(704K)
[13076.531s][info][gc             ] GC(33103) Pause Young (Allocation Failure) 484M->307M(478M) 2.193ms
[13076.531s][info][gc,cpu         ] GC(33103) User=0.00s Sys=0.00s Real=0.01s
[13077.114s][info][gc,start       ] GC(33104) Pause Young (Allocation Failure)
[13077.117s][info][gc,heap        ] GC(33104) PSYoungGen: 174816K(175104K)->272K(168960K) Eden: 174592K(174592K)->0K(168448K) From: 224K(512K)->272K(512K)
[13077.117s][info][gc,heap        ] GC(33104) ParOldGen: 314484K(314880K)->314500K(314880K)
[13077.117s][info][gc,metaspace   ] GC(33104) Metaspace: 8795K(9024K)->8795K(9024K) NonClass: 8142K(8320K)->8142K(8320K) Class: 652K(704K)->652K(704K)
[13077.117s][info][gc             ] GC(33104) Pause Young (Allocation Failure) 477M->307M(472M) 2.377ms
[13077.117s][info][gc,cpu         ] GC(33104) User=0.00s Sys=0.00s Real=0.00s
[13077.644s][info][gc,start       ] GC(33105) Pause Young (Allocation Failure)
[13077.645s][info][gc,heap        ] GC(33105) PSYoungGen: 168720K(168960K)->240K(163328K) Eden: 168448K(168448K)->0K(162816K) From: 272K(512K)->240K(512K)
[13077.645s][info][gc,heap        ] GC(33105) ParOldGen: 314500K(314880K)->314516K(314880K)
[13077.645s][info][gc,metaspace   ] GC(33105) Metaspace: 8795K(9024K)->8795K(9024K) NonClass: 8142K(8320K)->8142K(8320K) Class: 652K(704K)->652K(704K)
[13077.645s][info][gc             ] GC(33105) Pause Young (Allocation Failure) 471M->307M(467M) 1.153ms
[13077.645s][info][gc,cpu         ] GC(33105) User=0.00s Sys=0.00s Real=0.00s
[13078.169s][info][gc,start       ] GC(33106) Pause Young (Allocation Failure)
[13078.170s][info][gc,heap        ] GC(33106) PSYoungGen: 163056K(163328K)->256K(157696K) Eden: 162816K(162816K)->0K(157184K) From: 240K(512K)->256K(512K)
[13078.170s][info][gc,heap        ] GC(33106) ParOldGen: 314516K(314880K)->314532K(314880K)
[13078.170s][info][gc,metaspace   ] GC(33106) Metaspace: 8795K(9024K)->8795K(9024K) NonClass: 8142K(8320K)->8142K(8320K) Class: 652K(704K)->652K(704K)
[13078.170s][info][gc             ] GC(33106) Pause Young (Allocation Failure) 466M->307M(461M) 1.163ms
[13078.170s][info][gc,cpu         ] GC(33106) User=0.01s Sys=0.00s Real=0.00s
[13078.703s][info][gc,start       ] GC(33107) Pause Young (Allocation Failure)
[13078.704s][info][gc,heap        ] GC(33107) PSYoungGen: 157440K(157696K)->256K(152576K) Eden: 157184K(157184K)->0K(152064K) From: 256K(512K)->256K(512K)
[13078.704s][info][gc,heap        ] GC(33107) ParOldGen: 314532K(314880K)->314548K(314880K)
[13078.704s][info][gc,metaspace   ] GC(33107) Metaspace: 8795K(9024K)->8795K(9024K) NonClass: 8142K(8320K)->8142K(8320K) Class: 652K(704K)->652K(704K)
[13078.704s][info][gc             ] GC(33107) Pause Young (Allocation Failure) 460M->307M(456M) 1.204ms
[13078.704s][info][gc,cpu         ] GC(33107) User=0.00s Sys=0.00s Real=0.00s
[13079.207s][info][gc,start       ] GC(33108) Pause Young (Allocation Failure)
[13079.208s][info][gc,heap        ] GC(33108) PSYoungGen: 152320K(152576K)->256K(147456K) Eden: 152064K(152064K)->0K(146944K) From: 256K(512K)->256K(512K)
[13079.208s][info][gc,heap        ] GC(33108) ParOldGen: 314548K(314880K)->314564K(314880K)
[13079.208s][info][gc,metaspace   ] GC(33108) Metaspace: 8795K(9024K)->8795K(9024K) NonClass: 8142K(8320K)->8142K(8320K) Class: 652K(704K)->652K(704K)
[13079.208s][info][gc             ] GC(33108) Pause Young (Allocation Failure) 455M->307M(451M) 1.190ms
[13079.208s][info][gc,cpu         ] GC(33108) User=0.00s Sys=0.00s Real=0.00s
[13079.703s][info][gc,start       ] GC(33109) Pause Young (Allocation Failure)
[13079.704s][info][gc,heap        ] GC(33109) PSYoungGen: 147200K(147456K)->240K(142848K) Eden: 146944K(146944K)->0K(142336K) From: 256K(512K)->240K(512K)
[13079.704s][info][gc,heap        ] GC(33109) ParOldGen: 314564K(314880K)->314580K(314880K)
[13079.704s][info][gc,metaspace   ] GC(33109) Metaspace: 8795K(9024K)->8795K(9024K) NonClass: 8142K(8320K)->8142K(8320K) Class: 652K(704K)->652K(704K)
[13079.704s][info][gc             ] GC(33109) Pause Young (Allocation Failure) 450M->307M(447M) 1.184ms
[13079.704s][info][gc,cpu         ] GC(33109) User=0.00s Sys=0.00s Real=0.00s
[13080.171s][info][gc,start       ] GC(33110) Pause Young (Allocation Failure)
[13080.172s][info][gc,heap        ] GC(33110) PSYoungGen: 142576K(142848K)->256K(138240K) Eden: 142336K(142336K)->0K(137728K) From: 240K(512K)->256K(512K)
[13080.172s][info][gc,heap        ] GC(33110) ParOldGen: 314580K(314880K)->314596K(314880K)
[13080.172s][info][gc,metaspace   ] GC(33110) Metaspace: 8795K(9024K)->8795K(9024K) NonClass: 8142K(8320K)->8142K(8320K) Class: 652K(704K)->652K(704K)
[13080.172s][info][gc             ] GC(33110) Pause Young (Allocation Failure) 446M->307M(442M) 1.177ms
[13080.172s][info][gc,cpu         ] GC(33110) User=0.00s Sys=0.00s Real=0.00s
[13080.615s][info][gc,start       ] GC(33111) Pause Young (Allocation Failure)
[13080.616s][info][gc,heap        ] GC(33111) PSYoungGen: 137984K(138240K)->256K(133632K) Eden: 137728K(137728K)->0K(133120K) From: 256K(512K)->256K(512K)
[13080.616s][info][gc,heap        ] GC(33111) ParOldGen: 314596K(314880K)->314612K(314880K)
[13080.617s][info][gc,metaspace   ] GC(33111) Metaspace: 8795K(9024K)->8795K(9024K) NonClass: 8142K(8320K)->8142K(8320K) Class: 652K(704K)->652K(704K)
[13080.617s][info][gc             ] GC(33111) Pause Young (Allocation Failure) 441M->307M(438M) 1.175ms
[13080.617s][info][gc,cpu         ] GC(33111) User=0.01s Sys=0.00s Real=0.00s
[13081.044s][info][gc,start       ] GC(33112) Pause Young (Allocation Failure)
[13081.046s][info][gc,heap        ] GC(33112) PSYoungGen: 133376K(133632K)->256K(129536K) Eden: 133120K(133120K)->0K(129024K) From: 256K(512K)->256K(512K)
[13081.046s][info][gc,heap        ] GC(33112) ParOldGen: 314612K(314880K)->314628K(314880K)
[13081.046s][info][gc,metaspace   ] GC(33112) Metaspace: 8795K(9024K)->8795K(9024K) NonClass: 8142K(8320K)->8142K(8320K) Class: 652K(704K)->652K(704K)
[13081.046s][info][gc             ] GC(33112) Pause Young (Allocation Failure) 437M->307M(434M) 1.191ms
[13081.046s][info][gc,cpu         ] GC(33112) User=0.00s Sys=0.00s Real=0.00s
[13081.468s][info][gc,start       ] GC(33113) Pause Young (Allocation Failure)
[13081.470s][info][gc,heap        ] GC(33113) PSYoungGen: 129280K(129536K)->288K(125440K) Eden: 129024K(129024K)->0K(124928K) From: 256K(512K)->288K(512K)
[13081.470s][info][gc,heap        ] GC(33113) ParOldGen: 314628K(314880K)->314644K(314880K)
[13081.470s][info][gc,metaspace   ] GC(33113) Metaspace: 8795K(9024K)->8795K(9024K) NonClass: 8142K(8320K)->8142K(8320K) Class: 652K(704K)->652K(704K)
[13081.470s][info][gc             ] GC(33113) Pause Young (Allocation Failure) 433M->307M(430M) 1.209ms
[13081.470s][info][gc,cpu         ] GC(33113) User=0.00s Sys=0.00s Real=0.00s
[13081.893s][info][gc,start       ] GC(33114) Pause Young (Allocation Failure)
[13081.894s][info][gc,heap        ] GC(33114) PSYoungGen: 125216K(125440K)->256K(121344K) Eden: 124928K(124928K)->0K(120832K) From: 288K(512K)->256K(512K)
[13081.894s][info][gc,heap        ] GC(33114) ParOldGen: 314644K(314880K)->314660K(314880K)
[13081.894s][info][gc,metaspace   ] GC(33114) Metaspace: 8795K(9024K)->8795K(9024K) NonClass: 8142K(8320K)->8142K(8320K) Class: 652K(704K)->652K(704K)
[13081.894s][info][gc             ] GC(33114) Pause Young (Allocation Failure) 429M->307M(426M) 1.489ms
[13081.894s][info][gc,cpu         ] GC(33114) User=0.00s Sys=0.01s Real=0.00s
[13082.271s][info][gc,start       ] GC(33115) Pause Young (Allocation Failure)
[13082.272s][info][gc,heap        ] GC(33115) PSYoungGen: 121088K(121344K)->256K(117760K) Eden: 120832K(120832K)->0K(117248K) From: 256K(512K)->256K(512K)
[13082.272s][info][gc,heap        ] GC(33115) ParOldGen: 314660K(314880K)->314676K(314880K)
[13082.272s][info][gc,metaspace   ] GC(33115) Metaspace: 8795K(9024K)->8795K(9024K) NonClass: 8142K(8320K)->8142K(8320K) Class: 652K(704K)->652K(704K)
[13082.272s][info][gc             ] GC(33115) Pause Young (Allocation Failure) 425M->307M(422M) 1.172ms
[13082.272s][info][gc,cpu         ] GC(33115) User=0.00s Sys=0.00s Real=0.00s
[13082.635s][info][gc,start       ] GC(33116) Pause Young (Allocation Failure)
[13082.636s][info][gc,heap        ] GC(33116) PSYoungGen: 117504K(117760K)->288K(114176K) Eden: 117248K(117248K)->0K(113664K) From: 256K(512K)->288K(512K)
[13082.636s][info][gc,heap        ] GC(33116) ParOldGen: 314676K(314880K)->314692K(314880K)
[13082.636s][info][gc,metaspace   ] GC(33116) Metaspace: 8795K(9024K)->8795K(9024K) NonClass: 8142K(8320K)->8142K(8320K) Class: 652K(704K)->652K(704K)
[13082.636s][info][gc             ] GC(33116) Pause Young (Allocation Failure) 422M->307M(419M) 1.153ms
[13082.636s][info][gc,cpu         ] GC(33116) User=0.00s Sys=0.00s Real=0.00s
[13083.043s][info][gc,start       ] GC(33117) Pause Young (Allocation Failure)
[13083.044s][info][gc,heap        ] GC(33117) PSYoungGen: 113952K(114176K)->240K(110592K) Eden: 113664K(113664K)->0K(110080K) From: 288K(512K)->240K(512K)
[13083.044s][info][gc,heap        ] GC(33117) ParOldGen: 314692K(314880K)->314708K(314880K)
[13083.044s][info][gc,metaspace   ] GC(33117) Metaspace: 8795K(9024K)->8795K(9024K) NonClass: 8142K(8320K)->8142K(8320K) Class: 652K(704K)->652K(704K)
[13083.044s][info][gc             ] GC(33117) Pause Young (Allocation Failure) 418M->307M(415M) 1.185ms
[13083.044s][info][gc,cpu         ] GC(33117) User=0.00s Sys=0.00s Real=0.00s
[13083.399s][info][gc,start       ] GC(33118) Pause Young (Allocation Failure)
[13083.400s][info][gc,heap        ] GC(33118) PSYoungGen: 110320K(110592K)->240K(107520K) Eden: 110080K(110080K)->0K(107008K) From: 240K(512K)->240K(512K)
[13083.400s][info][gc,heap        ] GC(33118) ParOldGen: 314708K(314880K)->314724K(314880K)
[13083.400s][info][gc,metaspace   ] GC(33118) Metaspace: 8795K(9024K)->8795K(9024K) NonClass: 8142K(8320K)->8142K(8320K) Class: 652K(704K)->652K(704K)
[13083.400s][info][gc             ] GC(33118) Pause Young (Allocation Failure) 415M->307M(412M) 1.182ms
[13083.400s][info][gc,cpu         ] GC(33118) User=0.00s Sys=0.00s Real=0.00s
[13083.755s][info][gc,start       ] GC(33119) Pause Young (Allocation Failure)
[13083.756s][info][gc,heap        ] GC(33119) PSYoungGen: 107248K(107520K)->240K(104448K) Eden: 107008K(107008K)->0K(103936K) From: 240K(512K)->240K(512K)
[13083.756s][info][gc,heap        ] GC(33119) ParOldGen: 314724K(314880K)->314740K(314880K)
[13083.756s][info][gc,metaspace   ] GC(33119) Metaspace: 8795K(9024K)->8795K(9024K) NonClass: 8142K(8320K)->8142K(8320K) Class: 652K(704K)->652K(704K)
[13083.756s][info][gc             ] GC(33119) Pause Young (Allocation Failure) 412M->307M(409M) 1.329ms
[13083.756s][info][gc,cpu         ] GC(33119) User=0.00s Sys=0.01s Real=0.00s
[13084.102s][info][gc,start       ] GC(33120) Pause Young (Allocation Failure)
[13084.103s][info][gc,heap        ] GC(33120) PSYoungGen: 104176K(104448K)->256K(101376K) Eden: 103936K(103936K)->0K(100864K) From: 240K(512K)->256K(512K)
[13084.103s][info][gc,heap        ] GC(33120) ParOldGen: 314740K(314880K)->314756K(314880K)
[13084.103s][info][gc,metaspace   ] GC(33120) Metaspace: 8795K(9024K)->8795K(9024K) NonClass: 8142K(8320K)->8142K(8320K) Class: 652K(704K)->652K(704K)
[13084.103s][info][gc             ] GC(33120) Pause Young (Allocation Failure) 409M->307M(406M) 1.414ms
[13084.103s][info][gc,cpu         ] GC(33120) User=0.00s Sys=0.00s Real=0.00s
[13084.446s][info][gc,start       ] GC(33121) Pause Young (Allocation Failure)
[13084.449s][info][gc,heap        ] GC(33121) PSYoungGen: 101120K(101376K)->272K(98304K) Eden: 100864K(100864K)->0K(97792K) From: 256K(512K)->272K(512K)
[13084.449s][info][gc,heap        ] GC(33121) ParOldGen: 314756K(314880K)->314764K(314880K)
[13084.449s][info][gc,metaspace   ] GC(33121) Metaspace: 8795K(9024K)->8795K(9024K) NonClass: 8142K(8320K)->8142K(8320K) Class: 652K(704K)->652K(704K)
[13084.449s][info][gc             ] GC(33121) Pause Young (Allocation Failure) 406M->307M(403M) 2.698ms
[13084.449s][info][gc,cpu         ] GC(33121) User=0.01s Sys=0.00s Real=0.00s
[13084.761s][info][gc,start       ] GC(33122) Pause Young (Allocation Failure)
[13084.764s][info][gc,heap        ] GC(33122) PSYoungGen: 98064K(98304K)->240K(95744K) Eden: 97792K(97792K)->0K(95232K) From: 272K(512K)->240K(512K)
[13084.764s][info][gc,heap        ] GC(33122) ParOldGen: 314764K(314880K)->314772K(314880K)
[13084.764s][info][gc,metaspace   ] GC(33122) Metaspace: 8795K(9024K)->8795K(9024K) NonClass: 8142K(8320K)->8142K(8320K) Class: 652K(704K)->652K(704K)
[13084.764s][info][gc             ] GC(33122) Pause Young (Allocation Failure) 403M->307M(401M) 2.772ms
[13084.764s][info][gc,cpu         ] GC(33122) User=0.00s Sys=0.00s Real=0.00s
[13085.064s][info][gc,start       ] GC(33123) Pause Young (Allocation Failure)
[13085.067s][info][gc,heap        ] GC(33123) PSYoungGen: 95472K(95744K)->192K(93184K) Eden: 95232K(95232K)->0K(92672K) From: 240K(512K)->192K(512K)
[13085.067s][info][gc,heap        ] GC(33123) ParOldGen: 314772K(314880K)->314780K(314880K)
[13085.067s][info][gc,metaspace   ] GC(33123) Metaspace: 8795K(9024K)->8795K(9024K) NonClass: 8142K(8320K)->8142K(8320K) Class: 652K(704K)->652K(704K)
[13085.067s][info][gc             ] GC(33123) Pause Young (Allocation Failure) 400M->307M(398M) 2.761ms
[13085.067s][info][gc,cpu         ] GC(33123) User=0.01s Sys=0.00s Real=0.00s
[13085.367s][info][gc,start       ] GC(33124) Pause Young (Allocation Failure)
[13085.368s][info][gc,heap        ] GC(33124) PSYoungGen: 92864K(93184K)->240K(90624K) Eden: 92672K(92672K)->0K(90112K) From: 192K(512K)->240K(512K)
[13085.368s][info][gc,heap        ] GC(33124) ParOldGen: 314780K(314880K)->314796K(314880K)
[13085.368s][info][gc,metaspace   ] GC(33124) Metaspace: 8795K(9024K)->8795K(9024K) NonClass: 8142K(8320K)->8142K(8320K) Class: 652K(704K)->652K(704K)
[13085.368s][info][gc             ] GC(33124) Pause Young (Allocation Failure) 398M->307M(396M) 1.187ms
[13085.368s][info][gc,cpu         ] GC(33124) User=0.00s Sys=0.00s Real=0.00s
[13085.665s][info][gc,start       ] GC(33125) Pause Young (Allocation Failure)
[13085.666s][info][gc,heap        ] GC(33125) PSYoungGen: 90352K(90624K)->256K(88064K) Eden: 90112K(90112K)->0K(87552K) From: 240K(512K)->256K(512K)
[13085.666s][info][gc,heap        ] GC(33125) ParOldGen: 314796K(314880K)->314812K(314880K)
[13085.666s][info][gc,metaspace   ] GC(33125) Metaspace: 8795K(9024K)->8795K(9024K) NonClass: 8142K(8320K)->8142K(8320K) Class: 652K(704K)->652K(704K)
[13085.666s][info][gc             ] GC(33125) Pause Young (Allocation Failure) 395M->307M(393M) 1.201ms
[13085.666s][info][gc,cpu         ] GC(33125) User=0.00s Sys=0.00s Real=0.00s
[13085.968s][info][gc,start       ] GC(33126) Pause Young (Allocation Failure)
[13085.969s][info][gc,heap        ] GC(33126) PSYoungGen: 87808K(88064K)->256K(202752K) Eden: 87552K(87552K)->0K(202240K) From: 256K(512K)->256K(512K)
[13085.969s][info][gc,heap        ] GC(33126) ParOldGen: 314812K(314880K)->314828K(314880K)
[13085.969s][info][gc,metaspace   ] GC(33126) Metaspace: 8795K(9024K)->8795K(9024K) NonClass: 8142K(8320K)->8142K(8320K) Class: 652K(704K)->652K(704K)
[13085.970s][info][gc             ] GC(33126) Pause Young (Allocation Failure) 393M->307M(505M) 1.186ms
[13085.970s][info][gc,cpu         ] GC(33126) User=0.00s Sys=0.00s Real=0.00s
[13086.628s][info][gc,start       ] GC(33127) Pause Young (Allocation Failure)
[13086.629s][info][gc,heap        ] GC(33127) PSYoungGen: 202496K(202752K)->256K(195584K) Eden: 202240K(202240K)->0K(195072K) From: 256K(512K)->256K(512K)
[13086.629s][info][gc,heap        ] GC(33127) ParOldGen: 314828K(314880K)->314844K(314880K)
[13086.629s][info][gc,metaspace   ] GC(33127) Metaspace: 8795K(9024K)->8795K(9024K) NonClass: 8142K(8320K)->8142K(8320K) Class: 652K(704K)->652K(704K)
[13086.629s][info][gc             ] GC(33127) Pause Young (Allocation Failure) 505M->307M(498M) 1.168ms
[13086.629s][info][gc,cpu         ] GC(33127) User=0.00s Sys=0.00s Real=0.00s
[13087.265s][info][gc,start       ] GC(33128) Pause Young (Allocation Failure)
[13087.267s][info][gc,heap        ] GC(33128) PSYoungGen: 195328K(195584K)->256K(188416K) Eden: 195072K(195072K)->0K(187904K) From: 256K(512K)->256K(512K)
[13087.267s][info][gc,heap        ] GC(33128) ParOldGen: 314844K(314880K)->314860K(314880K)
[13087.267s][info][gc,metaspace   ] GC(33128) Metaspace: 8795K(9024K)->8795K(9024K) NonClass: 8142K(8320K)->8142K(8320K) Class: 652K(704K)->652K(704K)
[13087.267s][info][gc             ] GC(33128) Pause Young (Allocation Failure) 498M->307M(491M) 1.226ms
[13087.267s][info][gc,cpu         ] GC(33128) User=0.00s Sys=0.00s Real=0.00s
[13087.882s][info][gc,start       ] GC(33129) Pause Young (Allocation Failure)
[13087.883s][info][gc,heap        ] GC(33129) PSYoungGen: 188160K(188416K)->256K(181760K) Eden: 187904K(187904K)->0K(181248K) From: 256K(512K)->256K(512K)
[13087.883s][info][gc,heap        ] GC(33129) ParOldGen: 314860K(314880K)->314876K(314880K)
[13087.883s][info][gc,metaspace   ] GC(33129) Metaspace: 8795K(9024K)->8795K(9024K) NonClass: 8142K(8320K)->8142K(8320K) Class: 652K(704K)->652K(704K)
[13087.883s][info][gc             ] GC(33129) Pause Young (Allocation Failure) 491M->307M(485M) 1.160ms
[13087.883s][info][gc,cpu         ] GC(33129) User=0.01s Sys=0.01s Real=0.00s
[13088.509s][info][gc,start       ] GC(33130) Pause Young (Allocation Failure)
[13088.510s][info][gc,heap        ] GC(33130) PSYoungGen: 181504K(181760K)->272K(175104K) Eden: 181248K(181248K)->0K(174592K) From: 256K(512K)->272K(512K)
[13088.511s][info][gc,heap        ] GC(33130) ParOldGen: 314876K(314880K)->314892K(315392K)
[13088.511s][info][gc,metaspace   ] GC(33130) Metaspace: 8795K(9024K)->8795K(9024K) NonClass: 8142K(8320K)->8142K(8320K) Class: 652K(704K)->652K(704K)
[13088.511s][info][gc             ] GC(33130) Pause Young (Allocation Failure) 484M->307M(479M) 1.226ms
[13088.511s][info][gc,cpu         ] GC(33130) User=0.00s Sys=0.00s Real=0.01s
[13089.294s][info][gc,start       ] GC(33131) Pause Young (Allocation Failure)
[13089.296s][info][gc,heap        ] GC(33131) PSYoungGen: 174864K(175104K)->256K(168960K) Eden: 174592K(174592K)->0K(168448K) From: 272K(512K)->256K(512K)
[13089.296s][info][gc,heap        ] GC(33131) ParOldGen: 314892K(315392K)->314900K(315392K)
[13089.296s][info][gc,metaspace   ] GC(33131) Metaspace: 8795K(9024K)->8795K(9024K) NonClass: 8142K(8320K)->8142K(8320K) Class: 652K(704K)->652K(704K)
[13089.296s][info][gc             ] GC(33131) Pause Young (Allocation Failure) 478M->307M(473M) 1.436ms
[13089.296s][info][gc,cpu         ] GC(33131) User=0.01s Sys=0.00s Real=0.00s
[13089.851s][info][gc,start       ] GC(33132) Pause Young (Allocation Failure)
[13089.852s][info][gc,heap        ] GC(33132) PSYoungGen: 168704K(168960K)->256K(163328K) Eden: 168448K(168448K)->0K(162816K) From: 256K(512K)->256K(512K)
[13089.852s][info][gc,heap        ] GC(33132) ParOldGen: 314900K(315392K)->314916K(315392K)
[13089.852s][info][gc,metaspace   ] GC(33132) Metaspace: 8795K(9024K)->8795K(9024K) NonClass: 8142K(8320K)->8142K(8320K) Class: 652K(704K)->652K(704K)
[13089.852s][info][gc             ] GC(33132) Pause Young (Allocation Failure) 472M->307M(467M) 1.153ms
[13089.852s][info][gc,cpu         ] GC(33132) User=0.01s Sys=0.00s Real=0.00s
[13090.451s][info][gc,start       ] GC(33133) Pause Young (Allocation Failure)
[13090.452s][info][gc,heap        ] GC(33133) PSYoungGen: 163072K(163328K)->240K(157696K) Eden: 162816K(162816K)->0K(157184K) From: 256K(512K)->240K(512K)
[13090.452s][info][gc,heap        ] GC(33133) ParOldGen: 314916K(315392K)->314932K(315392K)
[13090.452s][info][gc,metaspace   ] GC(33133) Metaspace: 8795K(9024K)->8795K(9024K) NonClass: 8142K(8320K)->8142K(8320K) Class: 652K(704K)->652K(704K)
[13090.452s][info][gc             ] GC(33133) Pause Young (Allocation Failure) 466M->307M(462M) 1.355ms
[13090.452s][info][gc,cpu         ] GC(33133) User=0.00s Sys=0.00s Real=0.00s
[13090.997s][info][gc,start       ] GC(33134) Pause Young (Allocation Failure)
[13090.999s][info][gc,heap        ] GC(33134) PSYoungGen: 157424K(157696K)->224K(152576K) Eden: 157184K(157184K)->0K(152064K) From: 240K(512K)->224K(512K)
[13090.999s][info][gc,heap        ] GC(33134) ParOldGen: 314932K(315392K)->314948K(315392K)
[13090.999s][info][gc,metaspace   ] GC(33134) Metaspace: 8795K(9024K)->8795K(9024K) NonClass: 8142K(8320K)->8142K(8320K) Class: 652K(704K)->652K(704K)
[13090.999s][info][gc             ] GC(33134) Pause Young (Allocation Failure) 461M->307M(457M) 1.264ms
[13090.999s][info][gc,cpu         ] GC(33134) User=0.00s Sys=0.00s Real=0.00s
[13091.542s][info][gc,start       ] GC(33135) Pause Young (Allocation Failure)
[13091.543s][info][gc,heap        ] GC(33135) PSYoungGen: 152288K(152576K)->256K(147456K) Eden: 152064K(152064K)->0K(146944K) From: 224K(512K)->256K(512K)
[13091.543s][info][gc,heap        ] GC(33135) ParOldGen: 314948K(315392K)->314964K(315392K)
[13091.543s][info][gc,metaspace   ] GC(33135) Metaspace: 8795K(9024K)->8795K(9024K) NonClass: 8142K(8320K)->8142K(8320K) Class: 652K(704K)->652K(704K)
[13091.543s][info][gc             ] GC(33135) Pause Young (Allocation Failure) 456M->307M(452M) 1.203ms
[13091.543s][info][gc,cpu         ] GC(33135) User=0.00s Sys=0.00s Real=0.00s
[13092.020s][info][gc,start       ] GC(33136) Pause Young (Allocation Failure)
[13092.021s][info][gc,heap        ] GC(33136) PSYoungGen: 147200K(147456K)->256K(142848K) Eden: 146944K(146944K)->0K(142336K) From: 256K(512K)->256K(512K)
[13092.021s][info][gc,heap        ] GC(33136) ParOldGen: 314964K(315392K)->314980K(315392K)
[13092.021s][info][gc,metaspace   ] GC(33136) Metaspace: 8795K(9024K)->8795K(9024K) NonClass: 8142K(8320K)->8142K(8320K) Class: 652K(704K)->652K(704K)
[13092.021s][info][gc             ] GC(33136) Pause Young (Allocation Failure) 451M->307M(447M) 1.214ms
[13092.021s][info][gc,cpu         ] GC(33136) User=0.00s Sys=0.00s Real=0.01s
[13092.504s][info][gc,start       ] GC(33137) Pause Young (Allocation Failure)
[13092.506s][info][gc,heap        ] GC(33137) PSYoungGen: 142592K(142848K)->256K(138240K) Eden: 142336K(142336K)->0K(137728K) From: 256K(512K)->256K(512K)
[13092.506s][info][gc,heap        ] GC(33137) ParOldGen: 314980K(315392K)->314996K(315392K)
[13092.506s][info][gc,metaspace   ] GC(33137) Metaspace: 8795K(9024K)->8795K(9024K) NonClass: 8142K(8320K)->8142K(8320K) Class: 652K(704K)->652K(704K)
[13092.506s][info][gc             ] GC(33137) Pause Young (Allocation Failure) 446M->307M(443M) 1.638ms
[13092.506s][info][gc,cpu         ] GC(33137) User=0.01s Sys=0.00s Real=0.00s
[13092.941s][info][gc,start       ] GC(33138) Pause Young (Allocation Failure)
[13092.942s][info][gc,heap        ] GC(33138) PSYoungGen: 137984K(138240K)->272K(133632K) Eden: 137728K(137728K)->0K(133120K) From: 256K(512K)->272K(512K)
[13092.942s][info][gc,heap        ] GC(33138) ParOldGen: 314996K(315392K)->315012K(315392K)
[13092.942s][info][gc,metaspace   ] GC(33138) Metaspace: 8795K(9024K)->8795K(9024K) NonClass: 8142K(8320K)->8142K(8320K) Class: 652K(704K)->652K(704K)
[13092.942s][info][gc             ] GC(33138) Pause Young (Allocation Failure) 442M->307M(438M) 1.225ms
[13092.942s][info][gc,cpu         ] GC(33138) User=0.01s Sys=0.00s Real=0.00s
[13093.364s][info][gc,start       ] GC(33139) Pause Young (Allocation Failure)
[13093.365s][info][gc,heap        ] GC(33139) PSYoungGen: 133392K(133632K)->256K(129536K) Eden: 133120K(133120K)->0K(129024K) From: 272K(512K)->256K(512K)
[13093.365s][info][gc,heap        ] GC(33139) ParOldGen: 315012K(315392K)->315028K(315392K)
[13093.365s][info][gc,metaspace   ] GC(33139) Metaspace: 8795K(9024K)->8795K(9024K) NonClass: 8142K(8320K)->8142K(8320K) Class: 652K(704K)->652K(704K)
[13093.365s][info][gc             ] GC(33139) Pause Young (Allocation Failure) 437M->307M(434M) 1.234ms
[13093.365s][info][gc,cpu         ] GC(33139) User=0.00s Sys=0.00s Real=0.00s
[13093.843s][info][gc,start       ] GC(33140) Pause Young (Allocation Failure)
[13093.846s][info][gc,heap        ] GC(33140) PSYoungGen: 129280K(129536K)->272K(125440K) Eden: 129024K(129024K)->0K(124928K) From: 256K(512K)->272K(512K)
[13093.846s][info][gc,heap        ] GC(33140) ParOldGen: 315028K(315392K)->315044K(315392K)
[13093.846s][info][gc,metaspace   ] GC(33140) Metaspace: 8795K(9024K)->8795K(9024K) NonClass: 8142K(8320K)->8142K(8320K) Class: 652K(704K)->652K(704K)
[13093.846s][info][gc             ] GC(33140) Pause Young (Allocation Failure) 433M->307M(430M) 2.116ms
[13093.846s][info][gc,cpu         ] GC(33140) User=0.01s Sys=0.00s Real=0.00s
[13094.252s][info][gc,start       ] GC(33141) Pause Young (Allocation Failure)
[13094.254s][info][gc,heap        ] GC(33141) PSYoungGen: 125200K(125440K)->256K(121344K) Eden: 124928K(124928K)->0K(120832K) From: 272K(512K)->256K(512K)
[13094.254s][info][gc,heap        ] GC(33141) ParOldGen: 315044K(315392K)->315060K(315392K)
[13094.254s][info][gc,metaspace   ] GC(33141) Metaspace: 8795K(9024K)->8795K(9024K) NonClass: 8142K(8320K)->8142K(8320K) Class: 652K(704K)->652K(704K)
[13094.254s][info][gc             ] GC(33141) Pause Young (Allocation Failure) 429M->307M(426M) 1.999ms
[13094.254s][info][gc,cpu         ] GC(33141) User=0.00s Sys=0.00s Real=0.00s
[13094.677s][info][gc,start       ] GC(33142) Pause Young (Allocation Failure)
[13094.679s][info][gc,heap        ] GC(33142) PSYoungGen: 121088K(121344K)->160K(117760K) Eden: 120832K(120832K)->0K(117248K) From: 256K(512K)->160K(512K)
[13094.679s][info][gc,heap        ] GC(33142) ParOldGen: 315060K(315392K)->315076K(315392K)
[13094.679s][info][gc,metaspace   ] GC(33142) Metaspace: 8795K(9024K)->8795K(9024K) NonClass: 8142K(8320K)->8142K(8320K) Class: 652K(704K)->652K(704K)
[13094.679s][info][gc             ] GC(33142) Pause Young (Allocation Failure) 425M->307M(423M) 2.117ms
[13094.679s][info][gc,cpu         ] GC(33142) User=0.01s Sys=0.00s Real=0.00s
[13095.114s][info][gc,start       ] GC(33143) Pause Young (Allocation Failure)
[13095.116s][info][gc,heap        ] GC(33143) PSYoungGen: 117408K(117760K)->240K(114176K) Eden: 117248K(117248K)->0K(113664K) From: 160K(512K)->240K(512K)
[13095.117s][info][gc,heap        ] GC(33143) ParOldGen: 315076K(315392K)->315092K(315392K)
[13095.117s][info][gc,metaspace   ] GC(33143) Metaspace: 8795K(9024K)->8795K(9024K) NonClass: 8142K(8320K)->8142K(8320K) Class: 652K(704K)->652K(704K)
[13095.117s][info][gc             ] GC(33143) Pause Young (Allocation Failure) 422M->307M(419M) 2.093ms
[13095.117s][info][gc,cpu         ] GC(33143) User=0.00s Sys=0.00s Real=0.00s
[13095.505s][info][gc,start       ] GC(33144) Pause Young (Allocation Failure)
[13095.507s][info][gc,heap        ] GC(33144) PSYoungGen: 113904K(114176K)->272K(110592K) Eden: 113664K(113664K)->0K(110080K) From: 240K(512K)->272K(512K)
[13095.507s][info][gc,heap        ] GC(33144) ParOldGen: 315092K(315392K)->315100K(315392K)
[13095.507s][info][gc,metaspace   ] GC(33144) Metaspace: 8795K(9024K)->8795K(9024K) NonClass: 8142K(8320K)->8142K(8320K) Class: 652K(704K)->652K(704K)
[13095.507s][info][gc             ] GC(33144) Pause Young (Allocation Failure) 418M->307M(416M) 2.182ms
[13095.507s][info][gc,cpu         ] GC(33144) User=0.00s Sys=0.00s Real=0.00s
[13095.871s][info][gc,start       ] GC(33145) Pause Young (Allocation Failure)
[13095.873s][info][gc,heap        ] GC(33145) PSYoungGen: 110352K(110592K)->256K(107520K) Eden: 110080K(110080K)->0K(107008K) From: 272K(512K)->256K(512K)
[13095.873s][info][gc,heap        ] GC(33145) ParOldGen: 315100K(315392K)->315116K(315392K)
[13095.873s][info][gc,metaspace   ] GC(33145) Metaspace: 8795K(9024K)->8795K(9024K) NonClass: 8142K(8320K)->8142K(8320K) Class: 652K(704K)->652K(704K)
[13095.873s][info][gc             ] GC(33145) Pause Young (Allocation Failure) 415M->307M(413M) 2.027ms
[13095.873s][info][gc,cpu         ] GC(33145) User=0.00s Sys=0.00s Real=0.00s
[13096.239s][info][gc,start       ] GC(33146) Pause Young (Allocation Failure)
[13096.241s][info][gc,heap        ] GC(33146) PSYoungGen: 107264K(107520K)->224K(104448K) Eden: 107008K(107008K)->0K(103936K) From: 256K(512K)->224K(512K)
[13096.241s][info][gc,heap        ] GC(33146) ParOldGen: 315116K(315392K)->315124K(315392K)
[13096.241s][info][gc,metaspace   ] GC(33146) Metaspace: 8795K(9024K)->8795K(9024K) NonClass: 8142K(8320K)->8142K(8320K) Class: 652K(704K)->652K(704K)
[13096.241s][info][gc             ] GC(33146) Pause Young (Allocation Failure) 412M->307M(410M) 2.143ms
[13096.241s][info][gc,cpu         ] GC(33146) User=0.00s Sys=0.00s Real=0.01s
[13096.602s][info][gc,start       ] GC(33147) Pause Young (Allocation Failure)
[13096.603s][info][gc,heap        ] GC(33147) PSYoungGen: 104160K(104448K)->240K(101376K) Eden: 103936K(103936K)->0K(100864K) From: 224K(512K)->240K(512K)
[13096.603s][info][gc,heap        ] GC(33147) ParOldGen: 315124K(315392K)->315140K(315392K)
[13096.603s][info][gc,metaspace   ] GC(33147) Metaspace: 8795K(9024K)->8795K(9024K) NonClass: 8142K(8320K)->8142K(8320K) Class: 652K(704K)->652K(704K)
[13096.603s][info][gc             ] GC(33147) Pause Young (Allocation Failure) 409M->307M(407M) 1.496ms
[13096.603s][info][gc,cpu         ] GC(33147) User=0.00s Sys=0.00s Real=0.00s
[13096.957s][info][gc,start       ] GC(33148) Pause Young (Allocation Failure)
[13096.959s][info][gc,heap        ] GC(33148) PSYoungGen: 101104K(101376K)->240K(98304K) Eden: 100864K(100864K)->0K(97792K) From: 240K(512K)->240K(512K)
[13096.959s][info][gc,heap        ] GC(33148) ParOldGen: 315140K(315392K)->315148K(315392K)
[13096.959s][info][gc,metaspace   ] GC(33148) Metaspace: 8795K(9024K)->8795K(9024K) NonClass: 8142K(8320K)->8142K(8320K) Class: 652K(704K)->652K(704K)
[13096.959s][info][gc             ] GC(33148) Pause Young (Allocation Failure) 406M->307M(404M) 2.106ms
[13096.959s][info][gc,cpu         ] GC(33148) User=0.01s Sys=0.00s Real=0.00s
[13097.273s][info][gc,start       ] GC(33149) Pause Young (Allocation Failure)
[13097.275s][info][gc,heap        ] GC(33149) PSYoungGen: 98032K(98304K)->240K(95744K) Eden: 97792K(97792K)->0K(95232K) From: 240K(512K)->240K(512K)
[13097.275s][info][gc,heap        ] GC(33149) ParOldGen: 315148K(315392K)->315164K(315392K)
[13097.275s][info][gc,metaspace   ] GC(33149) Metaspace: 8795K(9024K)->8795K(9024K) NonClass: 8142K(8320K)->8142K(8320K) Class: 652K(704K)->652K(704K)
[13097.275s][info][gc             ] GC(33149) Pause Young (Allocation Failure) 403M->308M(401M) 2.099ms
[13097.275s][info][gc,cpu         ] GC(33149) User=0.00s Sys=0.00s Real=0.00s
[13097.626s][info][gc,start       ] GC(33150) Pause Young (Allocation Failure)
[13097.628s][info][gc,heap        ] GC(33150) PSYoungGen: 95472K(95744K)->272K(93184K) Eden: 95232K(95232K)->0K(92672K) From: 240K(512K)->272K(512K)
[13097.628s][info][gc,heap        ] GC(33150) ParOldGen: 315164K(315392K)->315172K(315392K)
[13097.628s][info][gc,metaspace   ] GC(33150) Metaspace: 8795K(9024K)->8795K(9024K) NonClass: 8142K(8320K)->8142K(8320K) Class: 652K(704K)->652K(704K)
[13097.628s][info][gc             ] GC(33150) Pause Young (Allocation Failure) 401M->308M(399M) 2.208ms
[13097.628s][info][gc,cpu         ] GC(33150) User=0.00s Sys=0.00s Real=0.00s
[13097.972s][info][gc,start       ] GC(33151) Pause Young (Allocation Failure)
[13097.973s][info][gc,heap        ] GC(33151) PSYoungGen: 92944K(93184K)->208K(90624K) Eden: 92672K(92672K)->0K(90112K) From: 272K(512K)->208K(512K)
[13097.973s][info][gc,heap        ] GC(33151) ParOldGen: 315172K(315392K)->315188K(315392K)
[13097.973s][info][gc,metaspace   ] GC(33151) Metaspace: 8795K(9024K)->8795K(9024K) NonClass: 8142K(8320K)->8142K(8320K) Class: 652K(704K)->652K(704K)
[13097.973s][info][gc             ] GC(33151) Pause Young (Allocation Failure) 398M->308M(396M) 1.557ms
[13097.973s][info][gc,cpu         ] GC(33151) User=0.00s Sys=0.00s Real=0.00s
[13098.268s][info][gc,start       ] GC(33152) Pause Young (Allocation Failure)
[13098.269s][info][gc,heap        ] GC(33152) PSYoungGen: 90320K(90624K)->240K(88064K) Eden: 90112K(90112K)->0K(87552K) From: 208K(512K)->240K(512K)
[13098.269s][info][gc,heap        ] GC(33152) ParOldGen: 315188K(315392K)->315204K(315392K)
[13098.269s][info][gc,metaspace   ] GC(33152) Metaspace: 8795K(9024K)->8795K(9024K) NonClass: 8142K(8320K)->8142K(8320K) Class: 652K(704K)->652K(704K)
[13098.269s][info][gc             ] GC(33152) Pause Young (Allocation Failure) 396M->308M(394M) 1.482ms
[13098.269s][info][gc,cpu         ] GC(33152) User=0.00s Sys=0.00s Real=0.00s
[13098.549s][info][gc,start       ] GC(33153) Pause Young (Allocation Failure)
[13098.551s][info][gc,heap        ] GC(33153) PSYoungGen: 87792K(88064K)->272K(202752K) Eden: 87552K(87552K)->0K(202240K) From: 240K(512K)->272K(512K)
[13098.551s][info][gc,heap        ] GC(33153) ParOldGen: 315204K(315392K)->315212K(315392K)
[13098.551s][info][gc,metaspace   ] GC(33153) Metaspace: 8795K(9024K)->8795K(9024K) NonClass: 8142K(8320K)->8142K(8320K) Class: 652K(704K)->652K(704K)
[13098.551s][info][gc             ] GC(33153) Pause Young (Allocation Failure) 393M->308M(506M) 2.047ms
[13098.551s][info][gc,cpu         ] GC(33153) User=0.00s Sys=0.00s Real=0.01s
[13099.222s][info][gc,start       ] GC(33154) Pause Young (Allocation Failure)
[13099.224s][info][gc,heap        ] GC(33154) PSYoungGen: 202512K(202752K)->224K(195584K) Eden: 202240K(202240K)->0K(195072K) From: 272K(512K)->224K(512K)
[13099.224s][info][gc,heap        ] GC(33154) ParOldGen: 315212K(315392K)->315220K(315392K)
[13099.224s][info][gc,metaspace   ] GC(33154) Metaspace: 8795K(9024K)->8795K(9024K) NonClass: 8142K(8320K)->8142K(8320K) Class: 652K(704K)->652K(704K)
[13099.224s][info][gc             ] GC(33154) Pause Young (Allocation Failure) 505M->308M(499M) 2.032ms
[13099.225s][info][gc,cpu         ] GC(33154) User=0.00s Sys=0.00s Real=0.00s
[13099.854s][info][gc,start       ] GC(33155) Pause Young (Allocation Failure)
[13099.855s][info][gc,heap        ] GC(33155) PSYoungGen: 195296K(195584K)->224K(188416K) Eden: 195072K(195072K)->0K(187904K) From: 224K(512K)->224K(512K)
[13099.855s][info][gc,heap        ] GC(33155) ParOldGen: 315220K(315392K)->315236K(315392K)
[13099.855s][info][gc,metaspace   ] GC(33155) Metaspace: 8795K(9024K)->8795K(9024K) NonClass: 8142K(8320K)->8142K(8320K) Class: 652K(704K)->652K(704K)
[13099.855s][info][gc             ] GC(33155) Pause Young (Allocation Failure) 498M->308M(492M) 1.464ms
[13099.855s][info][gc,cpu         ] GC(33155) User=0.00s Sys=0.00s Real=0.00s
[13100.467s][info][gc,start       ] GC(33156) Pause Young (Allocation Failure)
[13100.468s][info][gc,heap        ] GC(33156) PSYoungGen: 188128K(188416K)->256K(181760K) Eden: 187904K(187904K)->0K(181248K) From: 224K(512K)->256K(512K)
[13100.468s][info][gc,heap        ] GC(33156) ParOldGen: 315236K(315392K)->315252K(315392K)
[13100.468s][info][gc,metaspace   ] GC(33156) Metaspace: 8795K(9024K)->8795K(9024K) NonClass: 8142K(8320K)->8142K(8320K) Class: 652K(704K)->652K(704K)
[13100.468s][info][gc             ] GC(33156) Pause Young (Allocation Failure) 491M->308M(485M) 1.172ms
[13100.468s][info][gc,cpu         ] GC(33156) User=0.00s Sys=0.00s Real=0.00s
[13101.046s][info][gc,start       ] GC(33157) Pause Young (Allocation Failure)
[13101.047s][info][gc,heap        ] GC(33157) PSYoungGen: 181504K(181760K)->240K(175104K) Eden: 181248K(181248K)->0K(174592K) From: 256K(512K)->240K(512K)
[13101.047s][info][gc,heap        ] GC(33157) ParOldGen: 315252K(315392K)->315268K(315392K)
[13101.048s][info][gc,metaspace   ] GC(33157) Metaspace: 8795K(9024K)->8795K(9024K) NonClass: 8142K(8320K)->8142K(8320K) Class: 652K(704K)->652K(704K)
[13101.048s][info][gc             ] GC(33157) Pause Young (Allocation Failure) 485M->308M(479M) 1.219ms
[13101.048s][info][gc,cpu         ] GC(33157) User=0.00s Sys=0.00s Real=0.00s
[13101.585s][info][gc,start       ] GC(33158) Pause Young (Allocation Failure)
[13101.587s][info][gc,heap        ] GC(33158) PSYoungGen: 174832K(175104K)->224K(168960K) Eden: 174592K(174592K)->0K(168448K) From: 240K(512K)->224K(512K)
[13101.587s][info][gc,heap        ] GC(33158) ParOldGen: 315268K(315392K)->315284K(315392K)
[13101.587s][info][gc,metaspace   ] GC(33158) Metaspace: 8795K(9024K)->8795K(9024K) NonClass: 8142K(8320K)->8142K(8320K) Class: 652K(704K)->652K(704K)
[13101.587s][info][gc             ] GC(33158) Pause Young (Allocation Failure) 478M->308M(473M) 1.417ms
[13101.587s][info][gc,cpu         ] GC(33158) User=0.00s Sys=0.00s Real=0.00s
[13102.135s][info][gc,start       ] GC(33159) Pause Young (Allocation Failure)
[13102.138s][info][gc,heap        ] GC(33159) PSYoungGen: 168672K(168960K)->240K(163328K) Eden: 168448K(168448K)->0K(162816K) From: 224K(512K)->240K(512K)
[13102.138s][info][gc,heap        ] GC(33159) ParOldGen: 315284K(315392K)->315300K(315392K)
[13102.138s][info][gc,metaspace   ] GC(33159) Metaspace: 8795K(9024K)->8795K(9024K) NonClass: 8142K(8320K)->8142K(8320K) Class: 652K(704K)->652K(704K)
[13102.138s][info][gc             ] GC(33159) Pause Young (Allocation Failure) 472M->308M(467M) 2.150ms
[13102.138s][info][gc,cpu         ] GC(33159) User=0.00s Sys=0.00s Real=0.00s
[13102.717s][info][gc,start       ] GC(33160) Pause Young (Allocation Failure)
[13102.718s][info][gc,heap        ] GC(33160) PSYoungGen: 163056K(163328K)->256K(157696K) Eden: 162816K(162816K)->0K(157184K) From: 240K(512K)->256K(512K)
[13102.718s][info][gc,heap        ] GC(33160) ParOldGen: 315300K(315392K)->315308K(315392K)
[13102.718s][info][gc,metaspace   ] GC(33160) Metaspace: 8795K(9024K)->8795K(9024K) NonClass: 8142K(8320K)->8142K(8320K) Class: 652K(704K)->652K(704K)
[13102.718s][info][gc             ] GC(33160) Pause Young (Allocation Failure) 467M->308M(462M) 1.964ms
[13102.719s][info][gc,cpu         ] GC(33160) User=0.00s Sys=0.00s Real=0.00s
[13103.244s][info][gc,start       ] GC(33161) Pause Young (Allocation Failure)
[13103.245s][info][gc,heap        ] GC(33161) PSYoungGen: 157440K(157696K)->288K(152576K) Eden: 157184K(157184K)->0K(152064K) From: 256K(512K)->288K(512K)
[13103.245s][info][gc,heap        ] GC(33161) ParOldGen: 315308K(315392K)->315324K(315392K)
[13103.245s][info][gc,metaspace   ] GC(33161) Metaspace: 8795K(9024K)->8795K(9024K) NonClass: 8142K(8320K)->8142K(8320K) Class: 652K(704K)->652K(704K)
[13103.245s][info][gc             ] GC(33161) Pause Young (Allocation Failure) 461M->308M(457M) 1.287ms
[13103.245s][info][gc,cpu         ] GC(33161) User=0.00s Sys=0.00s Real=0.00s
[13103.757s][info][gc,start       ] GC(33162) Pause Young (Allocation Failure)
[13103.758s][info][gc,heap        ] GC(33162) PSYoungGen: 152352K(152576K)->256K(147456K) Eden: 152064K(152064K)->0K(146944K) From: 288K(512K)->256K(512K)
[13103.758s][info][gc,heap        ] GC(33162) ParOldGen: 315324K(315392K)->315340K(315392K)
[13103.758s][info][gc,metaspace   ] GC(33162) Metaspace: 8795K(9024K)->8795K(9024K) NonClass: 8142K(8320K)->8142K(8320K) Class: 652K(704K)->652K(704K)
[13103.758s][info][gc             ] GC(33162) Pause Young (Allocation Failure) 456M->308M(452M) 1.229ms
[13103.758s][info][gc,cpu         ] GC(33162) User=0.00s Sys=0.00s Real=0.00s
[13104.239s][info][gc,start       ] GC(33163) Pause Young (Allocation Failure)
[13104.241s][info][gc,heap        ] GC(33163) PSYoungGen: 147200K(147456K)->272K(142848K) Eden: 146944K(146944K)->0K(142336K) From: 256K(512K)->272K(512K)
[13104.241s][info][gc,heap        ] GC(33163) ParOldGen: 315340K(315392K)->315356K(315392K)
[13104.241s][info][gc,metaspace   ] GC(33163) Metaspace: 8795K(9024K)->8795K(9024K) NonClass: 8142K(8320K)->8142K(8320K) Class: 652K(704K)->652K(704K)
[13104.241s][info][gc             ] GC(33163) Pause Young (Allocation Failure) 451M->308M(447M) 2.107ms
[13104.241s][info][gc,cpu         ] GC(33163) User=0.00s Sys=0.00s Real=0.01s
[13104.696s][info][gc,start       ] GC(33164) Pause Young (Allocation Failure)
[13104.698s][info][gc,heap        ] GC(33164) PSYoungGen: 142608K(142848K)->224K(138240K) Eden: 142336K(142336K)->0K(137728K) From: 272K(512K)->224K(512K)
[13104.698s][info][gc,heap        ] GC(33164) ParOldGen: 315356K(315392K)->315364K(315392K)
[13104.698s][info][gc,metaspace   ] GC(33164) Metaspace: 8795K(9024K)->8795K(9024K) NonClass: 8142K(8320K)->8142K(8320K) Class: 652K(704K)->652K(704K)
[13104.698s][info][gc             ] GC(33164) Pause Young (Allocation Failure) 447M->308M(443M) 2.142ms
[13104.698s][info][gc,cpu         ] GC(33164) User=0.00s Sys=0.00s Real=0.00s
[13105.146s][info][gc,start       ] GC(33165) Pause Young (Allocation Failure)
[13105.147s][info][gc,heap        ] GC(33165) PSYoungGen: 137952K(138240K)->256K(133632K) Eden: 137728K(137728K)->0K(133120K) From: 224K(512K)->256K(512K)
[13105.147s][info][gc,heap        ] GC(33165) ParOldGen: 315364K(315392K)->315380K(315392K)
[13105.147s][info][gc,metaspace   ] GC(33165) Metaspace: 8795K(9024K)->8795K(9024K) NonClass: 8142K(8320K)->8142K(8320K) Class: 652K(704K)->652K(704K)
[13105.147s][info][gc             ] GC(33165) Pause Young (Allocation Failure) 442M->308M(438M) 1.195ms
[13105.147s][info][gc,cpu         ] GC(33165) User=0.00s Sys=0.00s Real=0.00s
[13105.593s][info][gc,start       ] GC(33166) Pause Young (Allocation Failure)
[13105.595s][info][gc,heap        ] GC(33166) PSYoungGen: 133376K(133632K)->272K(129536K) Eden: 133120K(133120K)->0K(129024K) From: 256K(512K)->272K(512K)
[13105.595s][info][gc,heap        ] GC(33166) ParOldGen: 315380K(315392K)->315396K(315904K)
[13105.595s][info][gc,metaspace   ] GC(33166) Metaspace: 8795K(9024K)->8795K(9024K) NonClass: 8142K(8320K)->8142K(8320K) Class: 652K(704K)->652K(704K)
[13105.595s][info][gc             ] GC(33166) Pause Young (Allocation Failure) 438M->308M(435M) 2.135ms
[13105.595s][info][gc,cpu         ] GC(33166) User=0.00s Sys=0.00s Real=0.00s
[13106.002s][info][gc,start       ] GC(33167) Pause Young (Allocation Failure)
[13106.004s][info][gc,heap        ] GC(33167) PSYoungGen: 129296K(129536K)->240K(125440K) Eden: 129024K(129024K)->0K(124928K) From: 272K(512K)->240K(512K)
[13106.004s][info][gc,heap        ] GC(33167) ParOldGen: 315396K(315904K)->315412K(315904K)
[13106.004s][info][gc,metaspace   ] GC(33167) Metaspace: 8795K(9024K)->8795K(9024K) NonClass: 8142K(8320K)->8142K(8320K) Class: 652K(704K)->652K(704K)
[13106.004s][info][gc             ] GC(33167) Pause Young (Allocation Failure) 434M->308M(431M) 2.044ms
[13106.004s][info][gc,cpu         ] GC(33167) User=0.00s Sys=0.00s Real=0.00s
[13106.400s][info][gc,start       ] GC(33168) Pause Young (Allocation Failure)
[13106.402s][info][gc,heap        ] GC(33168) PSYoungGen: 125168K(125440K)->256K(121344K) Eden: 124928K(124928K)->0K(120832K) From: 240K(512K)->256K(512K)
[13106.402s][info][gc,heap        ] GC(33168) ParOldGen: 315412K(315904K)->315420K(315904K)
[13106.402s][info][gc,metaspace   ] GC(33168) Metaspace: 8795K(9024K)->8795K(9024K) NonClass: 8142K(8320K)->8142K(8320K) Class: 652K(704K)->652K(704K)
[13106.402s][info][gc             ] GC(33168) Pause Young (Allocation Failure) 430M->308M(427M) 2.006ms
[13106.402s][info][gc,cpu         ] GC(33168) User=0.00s Sys=0.00s Real=0.00s
[13106.794s][info][gc,start       ] GC(33169) Pause Young (Allocation Failure)
[13106.796s][info][gc,heap        ] GC(33169) PSYoungGen: 121088K(121344K)->224K(117760K) Eden: 120832K(120832K)->0K(117248K) From: 256K(512K)->224K(512K)
[13106.796s][info][gc,heap        ] GC(33169) ParOldGen: 315420K(315904K)->315436K(315904K)
[13106.796s][info][gc,metaspace   ] GC(33169) Metaspace: 8795K(9024K)->8795K(9024K) NonClass: 8142K(8320K)->8142K(8320K) Class: 652K(704K)->652K(704K)
[13106.796s][info][gc             ] GC(33169) Pause Young (Allocation Failure) 426M->308M(423M) 2.259ms
[13106.796s][info][gc,cpu         ] GC(33169) User=0.01s Sys=0.00s Real=0.00s
[13107.173s][info][gc,start       ] GC(33170) Pause Young (Allocation Failure)
[13107.175s][info][gc,heap        ] GC(33170) PSYoungGen: 117472K(117760K)->272K(114176K) Eden: 117248K(117248K)->0K(113664K) From: 224K(512K)->272K(512K)
[13107.175s][info][gc,heap        ] GC(33170) ParOldGen: 315436K(315904K)->315452K(315904K)
[13107.175s][info][gc,metaspace   ] GC(33170) Metaspace: 8795K(9024K)->8795K(9024K) NonClass: 8142K(8320K)->8142K(8320K) Class: 652K(704K)->652K(704K)
[13107.175s][info][gc             ] GC(33170) Pause Young (Allocation Failure) 422M->308M(420M) 2.138ms
[13107.175s][info][gc,cpu         ] GC(33170) User=0.00s Sys=0.00s Real=0.00s
[13107.519s][info][gc,start       ] GC(33171) Pause Young (Allocation Failure)
[13107.521s][info][gc,heap        ] GC(33171) PSYoungGen: 113936K(114176K)->256K(110592K) Eden: 113664K(113664K)->0K(110080K) From: 272K(512K)->256K(512K)
[13107.521s][info][gc,heap        ] GC(33171) ParOldGen: 315452K(315904K)->315468K(315904K)
[13107.521s][info][gc,metaspace   ] GC(33171) Metaspace: 8795K(9024K)->8795K(9024K) NonClass: 8142K(8320K)->8142K(8320K) Class: 652K(704K)->652K(704K)
[13107.521s][info][gc             ] GC(33171) Pause Young (Allocation Failure) 419M->308M(416M) 2.026ms
[13107.521s][info][gc,cpu         ] GC(33171) User=0.00s Sys=0.00s Real=0.01s
[13107.873s][info][gc,start       ] GC(33172) Pause Young (Allocation Failure)
[13107.875s][info][gc,heap        ] GC(33172) PSYoungGen: 110336K(110592K)->224K(107520K) Eden: 110080K(110080K)->0K(107008K) From: 256K(512K)->224K(512K)
[13107.875s][info][gc,heap        ] GC(33172) ParOldGen: 315468K(315904K)->315484K(315904K)
[13107.875s][info][gc,metaspace   ] GC(33172) Metaspace: 8795K(9024K)->8795K(9024K) NonClass: 8142K(8320K)->8142K(8320K) Class: 652K(704K)->652K(704K)
[13107.875s][info][gc             ] GC(33172) Pause Young (Allocation Failure) 415M->308M(413M) 2.029ms
[13107.875s][info][gc,cpu         ] GC(33172) User=0.00s Sys=0.00s Real=0.00s
[13108.240s][info][gc,start       ] GC(33173) Pause Young (Allocation Failure)
[13108.242s][info][gc,heap        ] GC(33173) PSYoungGen: 107232K(107520K)->256K(104448K) Eden: 107008K(107008K)->0K(103936K) From: 224K(512K)->256K(512K)
[13108.242s][info][gc,heap        ] GC(33173) ParOldGen: 315484K(315904K)->315492K(315904K)
[13108.242s][info][gc,metaspace   ] GC(33173) Metaspace: 8795K(9024K)->8795K(9024K) NonClass: 8142K(8320K)->8142K(8320K) Class: 652K(704K)->652K(704K)
[13108.242s][info][gc             ] GC(33173) Pause Young (Allocation Failure) 412M->308M(410M) 2.794ms
[13108.242s][info][gc,cpu         ] GC(33173) User=0.01s Sys=0.00s Real=0.01s
[13108.577s][info][gc,start       ] GC(33174) Pause Young (Allocation Failure)
[13108.579s][info][gc,heap        ] GC(33174) PSYoungGen: 104192K(104448K)->240K(101376K) Eden: 103936K(103936K)->0K(100864K) From: 256K(512K)->240K(512K)
[13108.579s][info][gc,heap        ] GC(33174) ParOldGen: 315492K(315904K)->315508K(315904K)
[13108.579s][info][gc,metaspace   ] GC(33174) Metaspace: 8795K(9024K)->8795K(9024K) NonClass: 8142K(8320K)->8142K(8320K) Class: 652K(704K)->652K(704K)
[13108.579s][info][gc             ] GC(33174) Pause Young (Allocation Failure) 409M->308M(407M) 2.334ms
[13108.579s][info][gc,cpu         ] GC(33174) User=0.00s Sys=0.00s Real=0.00s
[13108.935s][info][gc,start       ] GC(33175) Pause Young (Allocation Failure)
[13108.938s][info][gc,heap        ] GC(33175) PSYoungGen: 101104K(101376K)->256K(98304K) Eden: 100864K(100864K)->0K(97792K) From: 240K(512K)->256K(512K)
[13108.938s][info][gc,heap        ] GC(33175) ParOldGen: 315508K(315904K)->315516K(315904K)
[13108.938s][info][gc,metaspace   ] GC(33175) Metaspace: 8795K(9024K)->8795K(9024K) NonClass: 8142K(8320K)->8142K(8320K) Class: 652K(704K)->652K(704K)
[13108.938s][info][gc             ] GC(33175) Pause Young (Allocation Failure) 406M->308M(404M) 2.505ms
[13108.938s][info][gc,cpu         ] GC(33175) User=0.00s Sys=0.00s Real=0.00s
[13109.229s][info][gc,start       ] GC(33176) Pause Young (Allocation Failure)
[13109.230s][info][gc,heap        ] GC(33176) PSYoungGen: 98048K(98304K)->208K(95744K) Eden: 97792K(97792K)->0K(95232K) From: 256K(512K)->208K(512K)
[13109.230s][info][gc,heap        ] GC(33176) ParOldGen: 315516K(315904K)->315532K(315904K)
[13109.230s][info][gc,metaspace   ] GC(33176) Metaspace: 8795K(9024K)->8795K(9024K) NonClass: 8142K(8320K)->8142K(8320K) Class: 652K(704K)->652K(704K)
[13109.230s][info][gc             ] GC(33176) Pause Young (Allocation Failure) 403M->308M(402M) 1.263ms
[13109.230s][info][gc,cpu         ] GC(33176) User=0.00s Sys=0.00s Real=0.01s
[13109.535s][info][gc,start       ] GC(33177) Pause Young (Allocation Failure)
[13109.536s][info][gc,heap        ] GC(33177) PSYoungGen: 95440K(95744K)->240K(93184K) Eden: 95232K(95232K)->0K(92672K) From: 208K(512K)->240K(512K)
[13109.536s][info][gc,heap        ] GC(33177) ParOldGen: 315532K(315904K)->315548K(315904K)
[13109.536s][info][gc,metaspace   ] GC(33177) Metaspace: 8795K(9024K)->8795K(9024K) NonClass: 8142K(8320K)->8142K(8320K) Class: 652K(704K)->652K(704K)
[13109.536s][info][gc             ] GC(33177) Pause Young (Allocation Failure) 401M->308M(399M) 1.093ms
[13109.536s][info][gc,cpu         ] GC(33177) User=0.00s Sys=0.00s Real=0.00s
[13109.810s][info][gc,start       ] GC(33178) Pause Young (Allocation Failure)
[13109.811s][info][gc,heap        ] GC(33178) PSYoungGen: 92912K(93184K)->256K(90624K) Eden: 92672K(92672K)->0K(90112K) From: 240K(512K)->256K(512K)
[13109.811s][info][gc,heap        ] GC(33178) ParOldGen: 315548K(315904K)->315564K(315904K)
[13109.811s][info][gc,metaspace   ] GC(33178) Metaspace: 8795K(9024K)->8795K(9024K) NonClass: 8142K(8320K)->8142K(8320K) Class: 652K(704K)->652K(704K)
[13109.811s][info][gc             ] GC(33178) Pause Young (Allocation Failure) 398M->308M(397M) 1.121ms
[13109.811s][info][gc,cpu         ] GC(33178) User=0.01s Sys=0.00s Real=0.01s
[13110.091s][info][gc,start       ] GC(33179) Pause Young (Allocation Failure)
[13110.092s][info][gc,heap        ] GC(33179) PSYoungGen: 90368K(90624K)->224K(88064K) Eden: 90112K(90112K)->0K(87552K) From: 256K(512K)->224K(512K)
[13110.092s][info][gc,heap        ] GC(33179) ParOldGen: 315564K(315904K)->315580K(315904K)
[13110.092s][info][gc,metaspace   ] GC(33179) Metaspace: 8795K(9024K)->8795K(9024K) NonClass: 8142K(8320K)->8142K(8320K) Class: 652K(704K)->652K(704K)
[13110.092s][info][gc             ] GC(33179) Pause Young (Allocation Failure) 396M->308M(394M) 1.040ms
[13110.092s][info][gc,cpu         ] GC(33179) User=0.01s Sys=0.00s Real=0.00s
[13110.344s][info][gc,start       ] GC(33180) Pause Young (Allocation Failure)
[13110.345s][info][gc,heap        ] GC(33180) PSYoungGen: 87776K(88064K)->256K(202752K) Eden: 87552K(87552K)->0K(202240K) From: 224K(512K)->256K(512K)
[13110.345s][info][gc,heap        ] GC(33180) ParOldGen: 315580K(315904K)->315596K(315904K)
[13110.345s][info][gc,metaspace   ] GC(33180) Metaspace: 8795K(9024K)->8795K(9024K) NonClass: 8142K(8320K)->8142K(8320K) Class: 652K(704K)->652K(704K)
[13110.345s][info][gc             ] GC(33180) Pause Young (Allocation Failure) 393M->308M(506M) 1.163ms
[13110.345s][info][gc,cpu         ] GC(33180) User=0.00s Sys=0.00s Real=0.00s
[13110.926s][info][gc,start       ] GC(33181) Pause Young (Allocation Failure)
[13110.927s][info][gc,heap        ] GC(33181) PSYoungGen: 202496K(202752K)->224K(195584K) Eden: 202240K(202240K)->0K(195072K) From: 256K(512K)->224K(512K)
[13110.927s][info][gc,heap        ] GC(33181) ParOldGen: 315596K(315904K)->315612K(315904K)
[13110.927s][info][gc,metaspace   ] GC(33181) Metaspace: 8795K(9024K)->8795K(9024K) NonClass: 8142K(8320K)->8142K(8320K) Class: 652K(704K)->652K(704K)
[13110.927s][info][gc             ] GC(33181) Pause Young (Allocation Failure) 505M->308M(499M) 1.066ms
[13110.927s][info][gc,cpu         ] GC(33181) User=0.00s Sys=0.00s Real=0.00s
[13111.497s][info][gc,start       ] GC(33182) Pause Young (Allocation Failure)
[13111.498s][info][gc,heap        ] GC(33182) PSYoungGen: 195296K(195584K)->240K(188416K) Eden: 195072K(195072K)->0K(187904K) From: 224K(512K)->240K(512K)
[13111.498s][info][gc,heap        ] GC(33182) ParOldGen: 315612K(315904K)->315628K(315904K)
[13111.498s][info][gc,metaspace   ] GC(33182) Metaspace: 8795K(9024K)->8795K(9024K) NonClass: 8142K(8320K)->8142K(8320K) Class: 652K(704K)->652K(704K)
[13111.498s][info][gc             ] GC(33182) Pause Young (Allocation Failure) 498M->308M(492M) 1.149ms
[13111.498s][info][gc,cpu         ] GC(33182) User=0.00s Sys=0.00s Real=0.00s
[13112.022s][info][gc,start       ] GC(33183) Pause Young (Allocation Failure)
[13112.023s][info][gc,heap        ] GC(33183) PSYoungGen: 188144K(188416K)->240K(181760K) Eden: 187904K(187904K)->0K(181248K) From: 240K(512K)->240K(512K)
[13112.023s][info][gc,heap        ] GC(33183) ParOldGen: 315628K(315904K)->315644K(315904K)
[13112.023s][info][gc,metaspace   ] GC(33183) Metaspace: 8795K(9024K)->8795K(9024K) NonClass: 8142K(8320K)->8142K(8320K) Class: 652K(704K)->652K(704K)
[13112.023s][info][gc             ] GC(33183) Pause Young (Allocation Failure) 491M->308M(486M) 1.132ms
[13112.023s][info][gc,cpu         ] GC(33183) User=0.00s Sys=0.00s Real=0.00s
[13112.574s][info][gc,start       ] GC(33184) Pause Young (Allocation Failure)
[13112.575s][info][gc,heap        ] GC(33184) PSYoungGen: 181488K(181760K)->224K(175104K) Eden: 181248K(181248K)->0K(174592K) From: 240K(512K)->224K(512K)
[13112.575s][info][gc,heap        ] GC(33184) ParOldGen: 315644K(315904K)->315660K(315904K)
[13112.575s][info][gc,metaspace   ] GC(33184) Metaspace: 8795K(9024K)->8795K(9024K) NonClass: 8142K(8320K)->8142K(8320K) Class: 652K(704K)->652K(704K)
[13112.575s][info][gc             ] GC(33184) Pause Young (Allocation Failure) 485M->308M(479M) 1.087ms
[13112.575s][info][gc,cpu         ] GC(33184) User=0.00s Sys=0.00s Real=0.00s
[13113.101s][info][gc,start       ] GC(33185) Pause Young (Allocation Failure)
[13113.102s][info][gc,heap        ] GC(33185) PSYoungGen: 174816K(175104K)->288K(168960K) Eden: 174592K(174592K)->0K(168448K) From: 224K(512K)->288K(512K)
[13113.102s][info][gc,heap        ] GC(33185) ParOldGen: 315660K(315904K)->315676K(315904K)
[13113.102s][info][gc,metaspace   ] GC(33185) Metaspace: 8795K(9024K)->8795K(9024K) NonClass: 8142K(8320K)->8142K(8320K) Class: 652K(704K)->652K(704K)
[13113.102s][info][gc             ] GC(33185) Pause Young (Allocation Failure) 478M->308M(473M) 1.434ms
[13113.102s][info][gc,cpu         ] GC(33185) User=0.00s Sys=0.00s Real=0.00s
[13113.623s][info][gc,start       ] GC(33186) Pause Young (Allocation Failure)
[13113.625s][info][gc,heap        ] GC(33186) PSYoungGen: 168736K(168960K)->224K(163328K) Eden: 168448K(168448K)->0K(162816K) From: 288K(512K)->224K(512K)
[13113.625s][info][gc,heap        ] GC(33186) ParOldGen: 315676K(315904K)->315692K(315904K)
[13113.625s][info][gc,metaspace   ] GC(33186) Metaspace: 8795K(9024K)->8795K(9024K) NonClass: 8142K(8320K)->8142K(8320K) Class: 652K(704K)->652K(704K)
[13113.625s][info][gc             ] GC(33186) Pause Young (Allocation Failure) 473M->308M(468M) 1.878ms
[13113.625s][info][gc,cpu         ] GC(33186) User=0.01s Sys=0.00s Real=0.00s
[13114.119s][info][gc,start       ] GC(33187) Pause Young (Allocation Failure)
[13114.121s][info][gc,heap        ] GC(33187) PSYoungGen: 163040K(163328K)->272K(157696K) Eden: 162816K(162816K)->0K(157184K) From: 224K(512K)->272K(512K)
[13114.121s][info][gc,heap        ] GC(33187) ParOldGen: 315692K(315904K)->315700K(315904K)
[13114.121s][info][gc,metaspace   ] GC(33187) Metaspace: 8795K(9024K)->8795K(9024K) NonClass: 8142K(8320K)->8142K(8320K) Class: 652K(704K)->652K(704K)
[13114.121s][info][gc             ] GC(33187) Pause Young (Allocation Failure) 467M->308M(462M) 1.889ms
[13114.121s][info][gc,cpu         ] GC(33187) User=0.00s Sys=0.00s Real=0.01s
[13114.599s][info][gc,start       ] GC(33188) Pause Young (Allocation Failure)
[13114.601s][info][gc,heap        ] GC(33188) PSYoungGen: 157456K(157696K)->272K(152576K) Eden: 157184K(157184K)->0K(152064K) From: 272K(512K)->272K(512K)
[13114.601s][info][gc,heap        ] GC(33188) ParOldGen: 315700K(315904K)->315708K(315904K)
[13114.601s][info][gc,metaspace   ] GC(33188) Metaspace: 8795K(9024K)->8795K(9024K) NonClass: 8142K(8320K)->8142K(8320K) Class: 652K(704K)->652K(704K)
[13114.601s][info][gc             ] GC(33188) Pause Young (Allocation Failure) 462M->308M(457M) 1.940ms
[13114.601s][info][gc,cpu         ] GC(33188) User=0.01s Sys=0.00s Real=0.01s
[13115.049s][info][gc,start       ] GC(33189) Pause Young (Allocation Failure)
[13115.050s][info][gc,heap        ] GC(33189) PSYoungGen: 152336K(152576K)->256K(147456K) Eden: 152064K(152064K)->0K(146944K) From: 272K(512K)->256K(512K)
[13115.050s][info][gc,heap        ] GC(33189) ParOldGen: 315708K(315904K)->315724K(315904K)
[13115.050s][info][gc,metaspace   ] GC(33189) Metaspace: 8795K(9024K)->8795K(9024K) NonClass: 8142K(8320K)->8142K(8320K) Class: 652K(704K)->652K(704K)
[13115.050s][info][gc             ] GC(33189) Pause Young (Allocation Failure) 457M->308M(452M) 1.391ms
[13115.050s][info][gc,cpu         ] GC(33189) User=0.00s Sys=0.00s Real=0.01s
[13115.473s][info][gc,start       ] GC(33190) Pause Young (Allocation Failure)
[13115.475s][info][gc,heap        ] GC(33190) PSYoungGen: 147200K(147456K)->256K(142848K) Eden: 146944K(146944K)->0K(142336K) From: 256K(512K)->256K(512K)
[13115.475s][info][gc,heap        ] GC(33190) ParOldGen: 315724K(315904K)->315732K(315904K)
[13115.475s][info][gc,metaspace   ] GC(33190) Metaspace: 8795K(9024K)->8795K(9024K) NonClass: 8142K(8320K)->8142K(8320K) Class: 652K(704K)->652K(704K)
[13115.475s][info][gc             ] GC(33190) Pause Young (Allocation Failure) 452M->308M(448M) 2.040ms
[13115.475s][info][gc,cpu         ] GC(33190) User=0.01s Sys=0.00s Real=0.00s
[13115.890s][info][gc,start       ] GC(33191) Pause Young (Allocation Failure)
[13115.891s][info][gc,heap        ] GC(33191) PSYoungGen: 142592K(142848K)->240K(138240K) Eden: 142336K(142336K)->0K(137728K) From: 256K(512K)->240K(512K)
[13115.891s][info][gc,heap        ] GC(33191) ParOldGen: 315732K(315904K)->315748K(315904K)
[13115.891s][info][gc,metaspace   ] GC(33191) Metaspace: 8795K(9024K)->8795K(9024K) NonClass: 8142K(8320K)->8142K(8320K) Class: 652K(704K)->652K(704K)
[13115.891s][info][gc             ] GC(33191) Pause Young (Allocation Failure) 447M->308M(443M) 1.074ms
[13115.891s][info][gc,cpu         ] GC(33191) User=0.00s Sys=0.00s Real=0.01s
[13116.278s][info][gc,start       ] GC(33192) Pause Young (Allocation Failure)
[13116.279s][info][gc,heap        ] GC(33192) PSYoungGen: 137968K(138240K)->240K(133632K) Eden: 137728K(137728K)->0K(133120K) From: 240K(512K)->240K(512K)
[13116.279s][info][gc,heap        ] GC(33192) ParOldGen: 315748K(315904K)->315764K(315904K)
[13116.279s][info][gc,metaspace   ] GC(33192) Metaspace: 8795K(9024K)->8795K(9024K) NonClass: 8142K(8320K)->8142K(8320K) Class: 652K(704K)->652K(704K)
[13116.279s][info][gc             ] GC(33192) Pause Young (Allocation Failure) 443M->308M(439M) 1.079ms
[13116.279s][info][gc,cpu         ] GC(33192) User=0.00s Sys=0.00s Real=0.00s
[13116.673s][info][gc,start       ] GC(33193) Pause Young (Allocation Failure)
[13116.674s][info][gc,heap        ] GC(33193) PSYoungGen: 133360K(133632K)->240K(129536K) Eden: 133120K(133120K)->0K(129024K) From: 240K(512K)->240K(512K)
[13116.674s][info][gc,heap        ] GC(33193) ParOldGen: 315764K(315904K)->315780K(315904K)
[13116.674s][info][gc,metaspace   ] GC(33193) Metaspace: 8795K(9024K)->8795K(9024K) NonClass: 8142K(8320K)->8142K(8320K) Class: 652K(704K)->652K(704K)
[13116.674s][info][gc             ] GC(33193) Pause Young (Allocation Failure) 438M->308M(435M) 1.071ms
[13116.674s][info][gc,cpu         ] GC(33193) User=0.00s Sys=0.00s Real=0.00s
[13117.064s][info][gc,start       ] GC(33194) Pause Young (Allocation Failure)
[13117.065s][info][gc,heap        ] GC(33194) PSYoungGen: 129264K(129536K)->144K(125440K) Eden: 129024K(129024K)->0K(124928K) From: 240K(512K)->144K(512K)
[13117.065s][info][gc,heap        ] GC(33194) ParOldGen: 315780K(315904K)->315788K(315904K)
[13117.065s][info][gc,metaspace   ] GC(33194) Metaspace: 8795K(9024K)->8795K(9024K) NonClass: 8142K(8320K)->8142K(8320K) Class: 652K(704K)->652K(704K)
[13117.065s][info][gc             ] GC(33194) Pause Young (Allocation Failure) 434M->308M(431M) 1.128ms
[13117.065s][info][gc,cpu         ] GC(33194) User=0.01s Sys=0.00s Real=0.00s
[13117.438s][info][gc,start       ] GC(33195) Pause Young (Allocation Failure)
[13117.439s][info][gc,heap        ] GC(33195) PSYoungGen: 125072K(125440K)->240K(121344K) Eden: 124928K(124928K)->0K(120832K) From: 144K(512K)->240K(512K)
[13117.439s][info][gc,heap        ] GC(33195) ParOldGen: 315788K(315904K)->315804K(315904K)
[13117.439s][info][gc,metaspace   ] GC(33195) Metaspace: 8795K(9024K)->8795K(9024K) NonClass: 8142K(8320K)->8142K(8320K) Class: 652K(704K)->652K(704K)
[13117.439s][info][gc             ] GC(33195) Pause Young (Allocation Failure) 430M->308M(427M) 1.169ms
[13117.439s][info][gc,cpu         ] GC(33195) User=0.01s Sys=0.00s Real=0.00s
[13117.785s][info][gc,start       ] GC(33196) Pause Young (Allocation Failure)
[13117.786s][info][gc,heap        ] GC(33196) PSYoungGen: 121072K(121344K)->256K(117760K) Eden: 120832K(120832K)->0K(117248K) From: 240K(512K)->256K(512K)
[13117.786s][info][gc,heap        ] GC(33196) ParOldGen: 315804K(315904K)->315820K(315904K)
[13117.786s][info][gc,metaspace   ] GC(33196) Metaspace: 8795K(9024K)->8795K(9024K) NonClass: 8142K(8320K)->8142K(8320K) Class: 652K(704K)->652K(704K)
[13117.786s][info][gc             ] GC(33196) Pause Young (Allocation Failure) 426M->308M(423M) 1.047ms
[13117.786s][info][gc,cpu         ] GC(33196) User=0.00s Sys=0.00s Real=0.00s
[13118.147s][info][gc,start       ] GC(33197) Pause Young (Allocation Failure)
[13118.148s][info][gc,heap        ] GC(33197) PSYoungGen: 117504K(117760K)->224K(114176K) Eden: 117248K(117248K)->0K(113664K) From: 256K(512K)->224K(512K)
[13118.148s][info][gc,heap        ] GC(33197) ParOldGen: 315820K(315904K)->315836K(315904K)
[13118.148s][info][gc,metaspace   ] GC(33197) Metaspace: 8795K(9024K)->8795K(9024K) NonClass: 8142K(8320K)->8142K(8320K) Class: 652K(704K)->652K(704K)
[13118.148s][info][gc             ] GC(33197) Pause Young (Allocation Failure) 423M->308M(420M) 1.133ms
[13118.148s][info][gc,cpu         ] GC(33197) User=0.00s Sys=0.00s Real=0.00s
[13118.488s][info][gc,start       ] GC(33198) Pause Young (Allocation Failure)
[13118.489s][info][gc,heap        ] GC(33198) PSYoungGen: 113888K(114176K)->256K(110592K) Eden: 113664K(113664K)->0K(110080K) From: 224K(512K)->256K(512K)
[13118.489s][info][gc,heap        ] GC(33198) ParOldGen: 315836K(315904K)->315852K(315904K)
[13118.489s][info][gc,metaspace   ] GC(33198) Metaspace: 8795K(9024K)->8795K(9024K) NonClass: 8142K(8320K)->8142K(8320K) Class: 652K(704K)->652K(704K)
[13118.489s][info][gc             ] GC(33198) Pause Young (Allocation Failure) 419M->308M(416M) 1.122ms
[13118.489s][info][gc,cpu         ] GC(33198) User=0.00s Sys=0.00s Real=0.00s
[13118.818s][info][gc,start       ] GC(33199) Pause Young (Allocation Failure)
[13118.819s][info][gc,heap        ] GC(33199) PSYoungGen: 110336K(110592K)->224K(107520K) Eden: 110080K(110080K)->0K(107008K) From: 256K(512K)->224K(512K)
[13118.819s][info][gc,heap        ] GC(33199) ParOldGen: 315852K(315904K)->315868K(315904K)
[13118.819s][info][gc,metaspace   ] GC(33199) Metaspace: 8795K(9024K)->8795K(9024K) NonClass: 8142K(8320K)->8142K(8320K) Class: 652K(704K)->652K(704K)
[13118.819s][info][gc             ] GC(33199) Pause Young (Allocation Failure) 416M->308M(413M) 1.068ms
[13118.819s][info][gc,cpu         ] GC(33199) User=0.00s Sys=0.00s Real=0.00s
[13119.117s][info][gc,start       ] GC(33200) Pause Young (Allocation Failure)
[13119.118s][info][gc,heap        ] GC(33200) PSYoungGen: 107232K(107520K)->288K(104448K) Eden: 107008K(107008K)->0K(103936K) From: 224K(512K)->288K(512K)
[13119.118s][info][gc,heap        ] GC(33200) ParOldGen: 315868K(315904K)->315884K(315904K)
[13119.118s][info][gc,metaspace   ] GC(33200) Metaspace: 8795K(9024K)->8795K(9024K) NonClass: 8142K(8320K)->8142K(8320K) Class: 652K(704K)->652K(704K)
[13119.118s][info][gc             ] GC(33200) Pause Young (Allocation Failure) 413M->308M(410M) 1.108ms
[13119.118s][info][gc,cpu         ] GC(33200) User=0.00s Sys=0.00s Real=0.00s
[13119.457s][info][gc,start       ] GC(33201) Pause Young (Allocation Failure)
[13119.458s][info][gc,heap        ] GC(33201) PSYoungGen: 104224K(104448K)->240K(101376K) Eden: 103936K(103936K)->0K(100864K) From: 288K(512K)->240K(512K)
[13119.458s][info][gc,heap        ] GC(33201) ParOldGen: 315884K(315904K)->315900K(315904K)
[13119.458s][info][gc,metaspace   ] GC(33201) Metaspace: 8795K(9024K)->8795K(9024K) NonClass: 8142K(8320K)->8142K(8320K) Class: 652K(704K)->652K(704K)
[13119.458s][info][gc             ] GC(33201) Pause Young (Allocation Failure) 410M->308M(407M) 1.236ms
[13119.458s][info][gc,cpu         ] GC(33201) User=0.00s Sys=0.00s Real=0.00s
[13119.833s][info][gc,start       ] GC(33202) Pause Young (Allocation Failure)
[13119.834s][info][gc,heap        ] GC(33202) PSYoungGen: 101104K(101376K)->256K(98304K) Eden: 100864K(100864K)->0K(97792K) From: 240K(512K)->256K(512K)
[13119.834s][info][gc,heap        ] GC(33202) ParOldGen: 315900K(315904K)->315916K(316416K)
[13119.834s][info][gc,metaspace   ] GC(33202) Metaspace: 8795K(9024K)->8795K(9024K) NonClass: 8142K(8320K)->8142K(8320K) Class: 652K(704K)->652K(704K)
[13119.834s][info][gc             ] GC(33202) Pause Young (Allocation Failure) 407M->308M(405M) 1.229ms
[13119.834s][info][gc,cpu         ] GC(33202) User=0.01s Sys=0.00s Real=0.00s
[13120.121s][info][gc,start       ] GC(33203) Pause Young (Allocation Failure)
[13120.122s][info][gc,heap        ] GC(33203) PSYoungGen: 98048K(98304K)->240K(95744K) Eden: 97792K(97792K)->0K(95232K) From: 256K(512K)->240K(512K)
[13120.122s][info][gc,heap        ] GC(33203) ParOldGen: 315916K(316416K)->315932K(316416K)
[13120.122s][info][gc,metaspace   ] GC(33203) Metaspace: 8795K(9024K)->8795K(9024K) NonClass: 8142K(8320K)->8142K(8320K) Class: 652K(704K)->652K(704K)
[13120.122s][info][gc             ] GC(33203) Pause Young (Allocation Failure) 404M->308M(402M) 1.159ms
[13120.123s][info][gc,cpu         ] GC(33203) User=0.00s Sys=0.00s Real=0.00s
[13120.406s][info][gc,start       ] GC(33204) Pause Young (Allocation Failure)
[13120.407s][info][gc,heap        ] GC(33204) PSYoungGen: 95472K(95744K)->256K(93184K) Eden: 95232K(95232K)->0K(92672K) From: 240K(512K)->256K(512K)
[13120.407s][info][gc,heap        ] GC(33204) ParOldGen: 315932K(316416K)->315948K(316416K)
[13120.407s][info][gc,metaspace   ] GC(33204) Metaspace: 8795K(9024K)->8795K(9024K) NonClass: 8142K(8320K)->8142K(8320K) Class: 652K(704K)->652K(704K)
[13120.407s][info][gc             ] GC(33204) Pause Young (Allocation Failure) 401M->308M(400M) 1.121ms
[13120.407s][info][gc,cpu         ] GC(33204) User=0.00s Sys=0.00s Real=0.00s
[13120.677s][info][gc,start       ] GC(33205) Pause Young (Allocation Failure)
[13120.678s][info][gc,heap        ] GC(33205) PSYoungGen: 92928K(93184K)->256K(90624K) Eden: 92672K(92672K)->0K(90112K) From: 256K(512K)->256K(512K)
[13120.678s][info][gc,heap        ] GC(33205) ParOldGen: 315948K(316416K)->315964K(316416K)
[13120.678s][info][gc,metaspace   ] GC(33205) Metaspace: 8795K(9024K)->8795K(9024K) NonClass: 8142K(8320K)->8142K(8320K) Class: 652K(704K)->652K(704K)
[13120.678s][info][gc             ] GC(33205) Pause Young (Allocation Failure) 399M->308M(397M) 1.101ms
[13120.678s][info][gc,cpu         ] GC(33205) User=0.01s Sys=0.00s Real=0.00s
[13120.944s][info][gc,start       ] GC(33206) Pause Young (Allocation Failure)
[13120.945s][info][gc,heap        ] GC(33206) PSYoungGen: 90368K(90624K)->256K(88064K) Eden: 90112K(90112K)->0K(87552K) From: 256K(512K)->256K(512K)
[13120.945s][info][gc,heap        ] GC(33206) ParOldGen: 315964K(316416K)->315980K(316416K)
[13120.945s][info][gc,metaspace   ] GC(33206) Metaspace: 8795K(9024K)->8795K(9024K) NonClass: 8142K(8320K)->8142K(8320K) Class: 652K(704K)->652K(704K)
[13120.945s][info][gc             ] GC(33206) Pause Young (Allocation Failure) 396M->308M(395M) 1.111ms
[13120.945s][info][gc,cpu         ] GC(33206) User=0.00s Sys=0.00s Real=0.00s
[13121.204s][info][gc,start       ] GC(33207) Pause Young (Allocation Failure)
[13121.205s][info][gc,heap        ] GC(33207) PSYoungGen: 87808K(88064K)->256K(202752K) Eden: 87552K(87552K)->0K(202240K) From: 256K(512K)->256K(512K)
[13121.205s][info][gc,heap        ] GC(33207) ParOldGen: 315980K(316416K)->315996K(316416K)
[13121.205s][info][gc,metaspace   ] GC(33207) Metaspace: 8795K(9024K)->8795K(9024K) NonClass: 8142K(8320K)->8142K(8320K) Class: 652K(704K)->652K(704K)
[13121.205s][info][gc             ] GC(33207) Pause Young (Allocation Failure) 394M->308M(507M) 1.079ms
[13121.205s][info][gc,cpu         ] GC(33207) User=0.00s Sys=0.00s Real=0.00s
[13121.823s][info][gc,start       ] GC(33208) Pause Young (Allocation Failure)
[13121.825s][info][gc,heap        ] GC(33208) PSYoungGen: 202496K(202752K)->272K(195584K) Eden: 202240K(202240K)->0K(195072K) From: 256K(512K)->272K(512K)
[13121.825s][info][gc,heap        ] GC(33208) ParOldGen: 315996K(316416K)->316004K(316416K)
[13121.825s][info][gc,metaspace   ] GC(33208) Metaspace: 8795K(9024K)->8795K(9024K) NonClass: 8142K(8320K)->8142K(8320K) Class: 652K(704K)->652K(704K)
[13121.825s][info][gc             ] GC(33208) Pause Young (Allocation Failure) 506M->308M(500M) 1.929ms
[13121.825s][info][gc,cpu         ] GC(33208) User=0.00s Sys=0.00s Real=0.00s
[13122.439s][info][gc,start       ] GC(33209) Pause Young (Allocation Failure)
[13122.440s][info][gc,heap        ] GC(33209) PSYoungGen: 195344K(195584K)->240K(188416K) Eden: 195072K(195072K)->0K(187904K) From: 272K(512K)->240K(512K)
[13122.440s][info][gc,heap        ] GC(33209) ParOldGen: 316004K(316416K)->316020K(316416K)
[13122.440s][info][gc,metaspace   ] GC(33209) Metaspace: 8795K(9024K)->8795K(9024K) NonClass: 8142K(8320K)->8142K(8320K) Class: 652K(704K)->652K(704K)
[13122.440s][info][gc             ] GC(33209) Pause Young (Allocation Failure) 499M->308M(493M) 1.441ms
[13122.440s][info][gc,cpu         ] GC(33209) User=0.00s Sys=0.00s Real=0.00s
[13123.046s][info][gc,start       ] GC(33210) Pause Young (Allocation Failure)
[13123.047s][info][gc,heap        ] GC(33210) PSYoungGen: 188144K(188416K)->240K(181760K) Eden: 187904K(187904K)->0K(181248K) From: 240K(512K)->240K(512K)
[13123.047s][info][gc,heap        ] GC(33210) ParOldGen: 316020K(316416K)->316036K(316416K)
[13123.047s][info][gc,metaspace   ] GC(33210) Metaspace: 8795K(9024K)->8795K(9024K) NonClass: 8142K(8320K)->8142K(8320K) Class: 652K(704K)->652K(704K)
[13123.047s][info][gc             ] GC(33210) Pause Young (Allocation Failure) 492M->308M(486M) 1.172ms
[13123.047s][info][gc,cpu         ] GC(33210) User=0.01s Sys=0.00s Real=0.00s
[13123.622s][info][gc,start       ] GC(33211) Pause Young (Allocation Failure)
[13123.623s][info][gc,heap        ] GC(33211) PSYoungGen: 181488K(181760K)->256K(175104K) Eden: 181248K(181248K)->0K(174592K) From: 240K(512K)->256K(512K)
[13123.623s][info][gc,heap        ] GC(33211) ParOldGen: 316036K(316416K)->316052K(316416K)
[13123.623s][info][gc,metaspace   ] GC(33211) Metaspace: 8795K(9024K)->8795K(9024K) NonClass: 8142K(8320K)->8142K(8320K) Class: 652K(704K)->652K(704K)
[13123.623s][info][gc             ] GC(33211) Pause Young (Allocation Failure) 485M->308M(480M) 1.204ms
[13123.623s][info][gc,cpu         ] GC(33211) User=0.00s Sys=0.00s Real=0.00s
[13124.213s][info][gc,start       ] GC(33212) Pause Young (Allocation Failure)
[13124.215s][info][gc,heap        ] GC(33212) PSYoungGen: 174848K(175104K)->240K(168960K) Eden: 174592K(174592K)->0K(168448K) From: 256K(512K)->240K(512K)
[13124.215s][info][gc,heap        ] GC(33212) ParOldGen: 316052K(316416K)->316068K(316416K)
[13124.215s][info][gc,metaspace   ] GC(33212) Metaspace: 8795K(9024K)->8795K(9024K) NonClass: 8142K(8320K)->8142K(8320K) Class: 652K(704K)->652K(704K)
[13124.215s][info][gc             ] GC(33212) Pause Young (Allocation Failure) 479M->308M(474M) 1.219ms
[13124.215s][info][gc,cpu         ] GC(33212) User=0.00s Sys=0.00s Real=0.00s
[13124.762s][info][gc,start       ] GC(33213) Pause Young (Allocation Failure)
[13124.763s][info][gc,heap        ] GC(33213) PSYoungGen: 168688K(168960K)->240K(163328K) Eden: 168448K(168448K)->0K(162816K) From: 240K(512K)->240K(512K)
[13124.763s][info][gc,heap        ] GC(33213) ParOldGen: 316068K(316416K)->316084K(316416K)
[13124.763s][info][gc,metaspace   ] GC(33213) Metaspace: 8795K(9024K)->8795K(9024K) NonClass: 8142K(8320K)->8142K(8320K) Class: 652K(704K)->652K(704K)
[13124.763s][info][gc             ] GC(33213) Pause Young (Allocation Failure) 473M->308M(468M) 1.139ms
[13124.763s][info][gc,cpu         ] GC(33213) User=0.00s Sys=0.01s Real=0.00s
[13125.282s][info][gc,start       ] GC(33214) Pause Young (Allocation Failure)
[13125.283s][info][gc,heap        ] GC(33214) PSYoungGen: 163056K(163328K)->256K(157696K) Eden: 162816K(162816K)->0K(157184K) From: 240K(512K)->256K(512K)
[13125.283s][info][gc,heap        ] GC(33214) ParOldGen: 316084K(316416K)->316092K(316416K)
[13125.283s][info][gc,metaspace   ] GC(33214) Metaspace: 8795K(9024K)->8795K(9024K) NonClass: 8142K(8320K)->8142K(8320K) Class: 652K(704K)->652K(704K)
[13125.283s][info][gc             ] GC(33214) Pause Young (Allocation Failure) 467M->308M(463M) 1.339ms
[13125.283s][info][gc,cpu         ] GC(33214) User=0.00s Sys=0.00s Real=0.00s
[13125.801s][info][gc,start       ] GC(33215) Pause Young (Allocation Failure)
[13125.802s][info][gc,heap        ] GC(33215) PSYoungGen: 157440K(157696K)->256K(152576K) Eden: 157184K(157184K)->0K(152064K) From: 256K(512K)->256K(512K)
[13125.802s][info][gc,heap        ] GC(33215) ParOldGen: 316092K(316416K)->316108K(316416K)
[13125.802s][info][gc,metaspace   ] GC(33215) Metaspace: 8795K(9024K)->8795K(9024K) NonClass: 8142K(8320K)->8142K(8320K) Class: 652K(704K)->652K(704K)
[13125.802s][info][gc             ] GC(33215) Pause Young (Allocation Failure) 462M->308M(458M) 1.221ms
[13125.802s][info][gc,cpu         ] GC(33215) User=0.00s Sys=0.00s Real=0.00s
[13126.319s][info][gc,start       ] GC(33216) Pause Young (Allocation Failure)
[13126.320s][info][gc,heap        ] GC(33216) PSYoungGen: 152320K(152576K)->240K(147456K) Eden: 152064K(152064K)->0K(146944K) From: 256K(512K)->240K(512K)
[13126.320s][info][gc,heap        ] GC(33216) ParOldGen: 316108K(316416K)->316124K(316416K)
[13126.320s][info][gc,metaspace   ] GC(33216) Metaspace: 8795K(9024K)->8795K(9024K) NonClass: 8142K(8320K)->8142K(8320K) Class: 652K(704K)->652K(704K)
[13126.320s][info][gc             ] GC(33216) Pause Young (Allocation Failure) 457M->308M(453M) 1.168ms
[13126.320s][info][gc,cpu         ] GC(33216) User=0.00s Sys=0.00s Real=0.01s
[13126.796s][info][gc,start       ] GC(33217) Pause Young (Allocation Failure)
[13126.798s][info][gc,heap        ] GC(33217) PSYoungGen: 147184K(147456K)->240K(142848K) Eden: 146944K(146944K)->0K(142336K) From: 240K(512K)->240K(512K)
[13126.798s][info][gc,heap        ] GC(33217) ParOldGen: 316124K(316416K)->316132K(316416K)
[13126.798s][info][gc,metaspace   ] GC(33217) Metaspace: 8795K(9024K)->8795K(9024K) NonClass: 8142K(8320K)->8142K(8320K) Class: 652K(704K)->652K(704K)
[13126.798s][info][gc             ] GC(33217) Pause Young (Allocation Failure) 452M->308M(448M) 2.121ms
[13126.798s][info][gc,cpu         ] GC(33217) User=0.01s Sys=0.00s Real=0.00s
[13127.246s][info][gc,start       ] GC(33218) Pause Young (Allocation Failure)
[13127.248s][info][gc,heap        ] GC(33218) PSYoungGen: 142576K(142848K)->272K(138240K) Eden: 142336K(142336K)->0K(137728K) From: 240K(512K)->272K(512K)
[13127.248s][info][gc,heap        ] GC(33218) ParOldGen: 316132K(316416K)->316140K(316416K)
[13127.248s][info][gc,metaspace   ] GC(33218) Metaspace: 8795K(9024K)->8795K(9024K) NonClass: 8142K(8320K)->8142K(8320K) Class: 652K(704K)->652K(704K)
[13127.248s][info][gc             ] GC(33218) Pause Young (Allocation Failure) 447M->308M(444M) 2.104ms
[13127.248s][info][gc,cpu         ] GC(33218) User=0.00s Sys=0.00s Real=0.00s
[13127.696s][info][gc,start       ] GC(33219) Pause Young (Allocation Failure)
[13127.698s][info][gc,heap        ] GC(33219) PSYoungGen: 138000K(138240K)->272K(133632K) Eden: 137728K(137728K)->0K(133120K) From: 272K(512K)->272K(512K)
[13127.698s][info][gc,heap        ] GC(33219) ParOldGen: 316140K(316416K)->316156K(316416K)
[13127.698s][info][gc,metaspace   ] GC(33219) Metaspace: 8795K(9024K)->8795K(9024K) NonClass: 8142K(8320K)->8142K(8320K) Class: 652K(704K)->652K(704K)
[13127.698s][info][gc             ] GC(33219) Pause Young (Allocation Failure) 443M->309M(439M) 2.305ms
[13127.698s][info][gc,cpu         ] GC(33219) User=0.00s Sys=0.00s Real=0.00s
[13128.151s][info][gc,start       ] GC(33220) Pause Young (Allocation Failure)
[13128.153s][info][gc,heap        ] GC(33220) PSYoungGen: 133392K(133632K)->256K(129536K) Eden: 133120K(133120K)->0K(129024K) From: 272K(512K)->256K(512K)
[13128.153s][info][gc,heap        ] GC(33220) ParOldGen: 316156K(316416K)->316172K(316416K)
[13128.153s][info][gc,metaspace   ] GC(33220) Metaspace: 8795K(9024K)->8795K(9024K) NonClass: 8142K(8320K)->8142K(8320K) Class: 652K(704K)->652K(704K)
[13128.153s][info][gc             ] GC(33220) Pause Young (Allocation Failure) 439M->309M(435M) 1.690ms
[13128.153s][info][gc,cpu         ] GC(33220) User=0.00s Sys=0.00s Real=0.00s
[13128.545s][info][gc,start       ] GC(33221) Pause Young (Allocation Failure)
[13128.547s][info][gc,heap        ] GC(33221) PSYoungGen: 129280K(129536K)->240K(125440K) Eden: 129024K(129024K)->0K(124928K) From: 256K(512K)->240K(512K)
[13128.547s][info][gc,heap        ] GC(33221) ParOldGen: 316172K(316416K)->316180K(316416K)
[13128.547s][info][gc,metaspace   ] GC(33221) Metaspace: 8795K(9024K)->8795K(9024K) NonClass: 8142K(8320K)->8142K(8320K) Class: 652K(704K)->652K(704K)
[13128.547s][info][gc             ] GC(33221) Pause Young (Allocation Failure) 435M->309M(431M) 2.073ms
[13128.547s][info][gc,cpu         ] GC(33221) User=0.01s Sys=0.00s Real=0.00s
[13128.937s][info][gc,start       ] GC(33222) Pause Young (Allocation Failure)
[13128.939s][info][gc,heap        ] GC(33222) PSYoungGen: 125168K(125440K)->272K(121344K) Eden: 124928K(124928K)->0K(120832K) From: 240K(512K)->272K(512K)
[13128.939s][info][gc,heap        ] GC(33222) ParOldGen: 316180K(316416K)->316188K(316416K)
[13128.939s][info][gc,metaspace   ] GC(33222) Metaspace: 8795K(9024K)->8795K(9024K) NonClass: 8142K(8320K)->8142K(8320K) Class: 652K(704K)->652K(704K)
[13128.939s][info][gc             ] GC(33222) Pause Young (Allocation Failure) 431M->309M(427M) 2.115ms
[13128.939s][info][gc,cpu         ] GC(33222) User=0.00s Sys=0.00s Real=0.00s
[13129.319s][info][gc,start       ] GC(33223) Pause Young (Allocation Failure)
[13129.321s][info][gc,heap        ] GC(33223) PSYoungGen: 121104K(121344K)->272K(117760K) Eden: 120832K(120832K)->0K(117248K) From: 272K(512K)->272K(512K)
[13129.321s][info][gc,heap        ] GC(33223) ParOldGen: 316188K(316416K)->316204K(316416K)
[13129.321s][info][gc,metaspace   ] GC(33223) Metaspace: 8795K(9024K)->8795K(9024K) NonClass: 8142K(8320K)->8142K(8320K) Class: 652K(704K)->652K(704K)
[13129.321s][info][gc             ] GC(33223) Pause Young (Allocation Failure) 427M->309M(424M) 2.230ms
[13129.321s][info][gc,cpu         ] GC(33223) User=0.00s Sys=0.00s Real=0.01s
[13129.695s][info][gc,start       ] GC(33224) Pause Young (Allocation Failure)
[13129.697s][info][gc,heap        ] GC(33224) PSYoungGen: 117520K(117760K)->240K(114176K) Eden: 117248K(117248K)->0K(113664K) From: 272K(512K)->240K(512K)
[13129.697s][info][gc,heap        ] GC(33224) ParOldGen: 316204K(316416K)->316220K(316416K)
[13129.697s][info][gc,metaspace   ] GC(33224) Metaspace: 8795K(9024K)->8795K(9024K) NonClass: 8142K(8320K)->8142K(8320K) Class: 652K(704K)->652K(704K)
[13129.697s][info][gc             ] GC(33224) Pause Young (Allocation Failure) 423M->309M(420M) 2.189ms
[13129.697s][info][gc,cpu         ] GC(33224) User=0.00s Sys=0.00s Real=0.00s
[13130.084s][info][gc,start       ] GC(33225) Pause Young (Allocation Failure)
[13130.086s][info][gc,heap        ] GC(33225) PSYoungGen: 113904K(114176K)->128K(110592K) Eden: 113664K(113664K)->0K(110080K) From: 240K(512K)->128K(512K)
[13130.086s][info][gc,heap        ] GC(33225) ParOldGen: 316220K(316416K)->316236K(316416K)
[13130.086s][info][gc,metaspace   ] GC(33225) Metaspace: 8795K(9024K)->8795K(9024K) NonClass: 8142K(8320K)->8142K(8320K) Class: 652K(704K)->652K(704K)
[13130.086s][info][gc             ] GC(33225) Pause Young (Allocation Failure) 420M->308M(417M) 2.001ms
[13130.086s][info][gc,cpu         ] GC(33225) User=0.00s Sys=0.00s Real=0.00s
[13130.481s][info][gc,start       ] GC(33226) Pause Young (Allocation Failure)
[13130.483s][info][gc,heap        ] GC(33226) PSYoungGen: 110208K(110592K)->240K(107520K) Eden: 110080K(110080K)->0K(107008K) From: 128K(512K)->240K(512K)
[13130.483s][info][gc,heap        ] GC(33226) ParOldGen: 316236K(316416K)->316244K(316416K)
[13130.483s][info][gc,metaspace   ] GC(33226) Metaspace: 8795K(9024K)->8795K(9024K) NonClass: 8142K(8320K)->8142K(8320K) Class: 652K(704K)->652K(704K)
[13130.483s][info][gc             ] GC(33226) Pause Young (Allocation Failure) 416M->309M(414M) 2.083ms
[13130.483s][info][gc,cpu         ] GC(33226) User=0.00s Sys=0.00s Real=0.00s
[13130.840s][info][gc,start       ] GC(33227) Pause Young (Allocation Failure)
[13130.842s][info][gc,heap        ] GC(33227) PSYoungGen: 107248K(107520K)->240K(104448K) Eden: 107008K(107008K)->0K(103936K) From: 240K(512K)->240K(512K)
[13130.842s][info][gc,heap        ] GC(33227) ParOldGen: 316244K(316416K)->316252K(316416K)
[13130.842s][info][gc,metaspace   ] GC(33227) Metaspace: 8795K(9024K)->8795K(9024K) NonClass: 8142K(8320K)->8142K(8320K) Class: 652K(704K)->652K(704K)
[13130.842s][info][gc             ] GC(33227) Pause Young (Allocation Failure) 413M->309M(411M) 2.151ms
[13130.842s][info][gc,cpu         ] GC(33227) User=0.00s Sys=0.00s Real=0.01s
[13131.185s][info][gc,start       ] GC(33228) Pause Young (Allocation Failure)
[13131.187s][info][gc,heap        ] GC(33228) PSYoungGen: 104176K(104448K)->288K(101376K) Eden: 103936K(103936K)->0K(100864K) From: 240K(512K)->288K(512K)
[13131.187s][info][gc,heap        ] GC(33228) ParOldGen: 316252K(316416K)->316260K(316416K)
[13131.187s][info][gc,metaspace   ] GC(33228) Metaspace: 8795K(9024K)->8795K(9024K) NonClass: 8142K(8320K)->8142K(8320K) Class: 652K(704K)->652K(704K)
[13131.187s][info][gc             ] GC(33228) Pause Young (Allocation Failure) 410M->309M(408M) 2.337ms
[13131.187s][info][gc,cpu         ] GC(33228) User=0.00s Sys=0.00s Real=0.00s
[13131.510s][info][gc,start       ] GC(33229) Pause Young (Allocation Failure)
[13131.512s][info][gc,heap        ] GC(33229) PSYoungGen: 101152K(101376K)->256K(98304K) Eden: 100864K(100864K)->0K(97792K) From: 288K(512K)->256K(512K)
[13131.512s][info][gc,heap        ] GC(33229) ParOldGen: 316260K(316416K)->316276K(316416K)
[13131.512s][info][gc,metaspace   ] GC(33229) Metaspace: 8795K(9024K)->8795K(9024K) NonClass: 8142K(8320K)->8142K(8320K) Class: 652K(704K)->652K(704K)
[13131.512s][info][gc             ] GC(33229) Pause Young (Allocation Failure) 407M->309M(405M) 2.267ms
[13131.512s][info][gc,cpu         ] GC(33229) User=0.00s Sys=0.00s Real=0.01s
[13131.836s][info][gc,start       ] GC(33230) Pause Young (Allocation Failure)
[13131.837s][info][gc,heap        ] GC(33230) PSYoungGen: 98048K(98304K)->240K(95744K) Eden: 97792K(97792K)->0K(95232K) From: 256K(512K)->240K(512K)
[13131.837s][info][gc,heap        ] GC(33230) ParOldGen: 316276K(316416K)->316292K(316416K)
[13131.837s][info][gc,metaspace   ] GC(33230) Metaspace: 8795K(9024K)->8795K(9024K) NonClass: 8142K(8320K)->8142K(8320K) Class: 652K(704K)->652K(704K)
[13131.837s][info][gc             ] GC(33230) Pause Young (Allocation Failure) 404M->309M(402M) 1.299ms
[13131.837s][info][gc,cpu         ] GC(33230) User=0.00s Sys=0.00s Real=0.00s
[13132.142s][info][gc,start       ] GC(33231) Pause Young (Allocation Failure)
[13132.143s][info][gc,heap        ] GC(33231) PSYoungGen: 95472K(95744K)->256K(93184K) Eden: 95232K(95232K)->0K(92672K) From: 240K(512K)->256K(512K)
[13132.143s][info][gc,heap        ] GC(33231) ParOldGen: 316292K(316416K)->316308K(316416K)
[13132.143s][info][gc,metaspace   ] GC(33231) Metaspace: 8795K(9024K)->8795K(9024K) NonClass: 8142K(8320K)->8142K(8320K) Class: 652K(704K)->652K(704K)
[13132.143s][info][gc             ] GC(33231) Pause Young (Allocation Failure) 402M->309M(400M) 1.090ms
[13132.143s][info][gc,cpu         ] GC(33231) User=0.01s Sys=0.00s Real=0.00s
[13132.455s][info][gc,start       ] GC(33232) Pause Young (Allocation Failure)
[13132.456s][info][gc,heap        ] GC(33232) PSYoungGen: 92928K(93184K)->256K(90624K) Eden: 92672K(92672K)->0K(90112K) From: 256K(512K)->256K(512K)
[13132.456s][info][gc,heap        ] GC(33232) ParOldGen: 316308K(316416K)->316324K(316416K)
[13132.456s][info][gc,metaspace   ] GC(33232) Metaspace: 8795K(9024K)->8795K(9024K) NonClass: 8142K(8320K)->8142K(8320K) Class: 652K(704K)->652K(704K)
[13132.456s][info][gc             ] GC(33232) Pause Young (Allocation Failure) 399M->309M(397M) 1.118ms
[13132.456s][info][gc,cpu         ] GC(33232) User=0.00s Sys=0.00s Real=0.00s
[13132.734s][info][gc,start       ] GC(33233) Pause Young (Allocation Failure)
[13132.735s][info][gc,heap        ] GC(33233) PSYoungGen: 90368K(90624K)->320K(88064K) Eden: 90112K(90112K)->0K(87552K) From: 256K(512K)->320K(512K)
[13132.735s][info][gc,heap        ] GC(33233) ParOldGen: 316324K(316416K)->316340K(316416K)
[13132.735s][info][gc,metaspace   ] GC(33233) Metaspace: 8795K(9024K)->8795K(9024K) NonClass: 8142K(8320K)->8142K(8320K) Class: 652K(704K)->652K(704K)
[13132.735s][info][gc             ] GC(33233) Pause Young (Allocation Failure) 397M->309M(395M) 1.159ms
[13132.735s][info][gc,cpu         ] GC(33233) User=0.00s Sys=0.00s Real=0.00s
[13133.025s][info][gc,start       ] GC(33234) Pause Young (Allocation Failure)
[13133.027s][info][gc,heap        ] GC(33234) PSYoungGen: 87872K(88064K)->272K(202752K) Eden: 87552K(87552K)->0K(202240K) From: 320K(512K)->272K(512K)
[13133.027s][info][gc,heap        ] GC(33234) ParOldGen: 316340K(316416K)->316356K(316416K)
[13133.027s][info][gc,metaspace   ] GC(33234) Metaspace: 8795K(9024K)->8795K(9024K) NonClass: 8142K(8320K)->8142K(8320K) Class: 652K(704K)->652K(704K)
[13133.027s][info][gc             ] GC(33234) Pause Young (Allocation Failure) 394M->309M(507M) 1.138ms
[13133.027s][info][gc,cpu         ] GC(33234) User=0.00s Sys=0.00s Real=0.00s
[13133.674s][info][gc,start       ] GC(33235) Pause Young (Allocation Failure)
[13133.675s][info][gc,heap        ] GC(33235) PSYoungGen: 202512K(202752K)->256K(195584K) Eden: 202240K(202240K)->0K(195072K) From: 272K(512K)->256K(512K)
[13133.675s][info][gc,heap        ] GC(33235) ParOldGen: 316356K(316416K)->316372K(316416K)
[13133.675s][info][gc,metaspace   ] GC(33235) Metaspace: 8795K(9024K)->8795K(9024K) NonClass: 8142K(8320K)->8142K(8320K) Class: 652K(704K)->652K(704K)
[13133.675s][info][gc             ] GC(33235) Pause Young (Allocation Failure) 506M->309M(500M) 1.156ms
[13133.675s][info][gc,cpu         ] GC(33235) User=0.00s Sys=0.00s Real=0.00s
[13134.291s][info][gc,start       ] GC(33236) Pause Young (Allocation Failure)
[13134.292s][info][gc,heap        ] GC(33236) PSYoungGen: 195328K(195584K)->240K(188416K) Eden: 195072K(195072K)->0K(187904K) From: 256K(512K)->240K(512K)
[13134.292s][info][gc,heap        ] GC(33236) ParOldGen: 316372K(316416K)->316380K(316416K)
[13134.292s][info][gc,metaspace   ] GC(33236) Metaspace: 8795K(9024K)->8795K(9024K) NonClass: 8142K(8320K)->8142K(8320K) Class: 652K(704K)->652K(704K)
[13134.292s][info][gc             ] GC(33236) Pause Young (Allocation Failure) 499M->309M(493M) 1.432ms
[13134.292s][info][gc,cpu         ] GC(33236) User=0.00s Sys=0.00s Real=0.00s
[13134.863s][info][gc,start       ] GC(33237) Pause Young (Allocation Failure)
[13134.864s][info][gc,heap        ] GC(33237) PSYoungGen: 188144K(188416K)->256K(181760K) Eden: 187904K(187904K)->0K(181248K) From: 240K(512K)->256K(512K)
[13134.864s][info][gc,heap        ] GC(33237) ParOldGen: 316380K(316416K)->316396K(316416K)
[13134.864s][info][gc,metaspace   ] GC(33237) Metaspace: 8795K(9024K)->8795K(9024K) NonClass: 8142K(8320K)->8142K(8320K) Class: 652K(704K)->652K(704K)
[13134.864s][info][gc             ] GC(33237) Pause Young (Allocation Failure) 492M->309M(486M) 1.163ms
[13134.864s][info][gc,cpu         ] GC(33237) User=0.00s Sys=0.00s Real=0.00s
[13135.454s][info][gc,start       ] GC(33238) Pause Young (Allocation Failure)
[13135.455s][info][gc,heap        ] GC(33238) PSYoungGen: 181504K(181760K)->256K(175104K) Eden: 181248K(181248K)->0K(174592K) From: 256K(512K)->256K(512K)
[13135.455s][info][gc,heap        ] GC(33238) ParOldGen: 316396K(316416K)->316412K(316416K)
[13135.455s][info][gc,metaspace   ] GC(33238) Metaspace: 8795K(9024K)->8795K(9024K) NonClass: 8142K(8320K)->8142K(8320K) Class: 652K(704K)->652K(704K)
[13135.455s][info][gc             ] GC(33238) Pause Young (Allocation Failure) 486M->309M(480M) 1.163ms
[13135.455s][info][gc,cpu         ] GC(33238) User=0.00s Sys=0.00s Real=0.00s
[13136.027s][info][gc,start       ] GC(33239) Pause Young (Allocation Failure)
[13136.028s][info][gc,heap        ] GC(33239) PSYoungGen: 174848K(175104K)->240K(168960K) Eden: 174592K(174592K)->0K(168448K) From: 256K(512K)->240K(512K)
[13136.028s][info][gc,heap        ] GC(33239) ParOldGen: 316412K(316416K)->316428K(316928K)
[13136.028s][info][gc,metaspace   ] GC(33239) Metaspace: 8795K(9024K)->8795K(9024K) NonClass: 8142K(8320K)->8142K(8320K) Class: 652K(704K)->652K(704K)
[13136.028s][info][gc             ] GC(33239) Pause Young (Allocation Failure) 479M->309M(474M) 1.188ms
[13136.028s][info][gc,cpu         ] GC(33239) User=0.00s Sys=0.00s Real=0.00s
[13136.567s][info][gc,start       ] GC(33240) Pause Young (Allocation Failure)
[13136.568s][info][gc,heap        ] GC(33240) PSYoungGen: 168688K(168960K)->240K(163328K) Eden: 168448K(168448K)->0K(162816K) From: 240K(512K)->240K(512K)
[13136.568s][info][gc,heap        ] GC(33240) ParOldGen: 316428K(316928K)->316444K(316928K)
[13136.568s][info][gc,metaspace   ] GC(33240) Metaspace: 8795K(9024K)->8795K(9024K) NonClass: 8142K(8320K)->8142K(8320K) Class: 652K(704K)->652K(704K)
[13136.568s][info][gc             ] GC(33240) Pause Young (Allocation Failure) 473M->309M(469M) 1.126ms
[13136.568s][info][gc,cpu         ] GC(33240) User=0.01s Sys=0.00s Real=0.00s
[13137.098s][info][gc,start       ] GC(33241) Pause Young (Allocation Failure)
[13137.100s][info][gc,heap        ] GC(33241) PSYoungGen: 163056K(163328K)->256K(157696K) Eden: 162816K(162816K)->0K(157184K) From: 240K(512K)->256K(512K)
[13137.100s][info][gc,heap        ] GC(33241) ParOldGen: 316444K(316928K)->316460K(316928K)
[13137.100s][info][gc,metaspace   ] GC(33241) Metaspace: 8795K(9024K)->8795K(9024K) NonClass: 8142K(8320K)->8142K(8320K) Class: 652K(704K)->652K(704K)
[13137.100s][info][gc             ] GC(33241) Pause Young (Allocation Failure) 468M->309M(463M) 1.146ms
[13137.100s][info][gc,cpu         ] GC(33241) User=0.00s Sys=0.00s Real=0.00s
[13137.636s][info][gc,start       ] GC(33242) Pause Young (Allocation Failure)
[13137.637s][info][gc,heap        ] GC(33242) PSYoungGen: 157440K(157696K)->224K(152576K) Eden: 157184K(157184K)->0K(152064K) From: 256K(512K)->224K(512K)
[13137.638s][info][gc,heap        ] GC(33242) ParOldGen: 316460K(316928K)->316476K(316928K)
[13137.638s][info][gc,metaspace   ] GC(33242) Metaspace: 8795K(9024K)->8795K(9024K) NonClass: 8142K(8320K)->8142K(8320K) Class: 652K(704K)->652K(704K)
[13137.638s][info][gc             ] GC(33242) Pause Young (Allocation Failure) 462M->309M(458M) 2.029ms
[13137.638s][info][gc,cpu         ] GC(33242) User=0.00s Sys=0.00s Real=0.00s
[13138.100s][info][gc,start       ] GC(33243) Pause Young (Allocation Failure)
[13138.102s][info][gc,heap        ] GC(33243) PSYoungGen: 152288K(152576K)->224K(147456K) Eden: 152064K(152064K)->0K(146944K) From: 224K(512K)->224K(512K)
[13138.102s][info][gc,heap        ] GC(33243) ParOldGen: 316476K(316928K)->316484K(316928K)
[13138.102s][info][gc,metaspace   ] GC(33243) Metaspace: 8795K(9024K)->8795K(9024K) NonClass: 8142K(8320K)->8142K(8320K) Class: 652K(704K)->652K(704K)
[13138.102s][info][gc             ] GC(33243) Pause Young (Allocation Failure) 457M->309M(453M) 2.059ms
[13138.102s][info][gc,cpu         ] GC(33243) User=0.00s Sys=0.00s Real=0.00s
[13138.559s][info][gc,start       ] GC(33244) Pause Young (Allocation Failure)
[13138.561s][info][gc,heap        ] GC(33244) PSYoungGen: 147168K(147456K)->256K(142848K) Eden: 146944K(146944K)->0K(142336K) From: 224K(512K)->256K(512K)
[13138.561s][info][gc,heap        ] GC(33244) ParOldGen: 316484K(316928K)->316500K(316928K)
[13138.561s][info][gc,metaspace   ] GC(33244) Metaspace: 8795K(9024K)->8795K(9024K) NonClass: 8142K(8320K)->8142K(8320K) Class: 652K(704K)->652K(704K)
[13138.561s][info][gc             ] GC(33244) Pause Young (Allocation Failure) 452M->309M(449M) 2.084ms
[13138.561s][info][gc,cpu         ] GC(33244) User=0.00s Sys=0.00s Real=0.01s
[13139.070s][info][gc,start       ] GC(33245) Pause Young (Allocation Failure)
[13139.073s][info][gc,heap        ] GC(33245) PSYoungGen: 142592K(142848K)->272K(138240K) Eden: 142336K(142336K)->0K(137728K) From: 256K(512K)->272K(512K)
[13139.073s][info][gc,heap        ] GC(33245) ParOldGen: 316500K(316928K)->316516K(316928K)
[13139.073s][info][gc,metaspace   ] GC(33245) Metaspace: 8795K(9024K)->8795K(9024K) NonClass: 8142K(8320K)->8142K(8320K) Class: 652K(704K)->652K(704K)
[13139.073s][info][gc             ] GC(33245) Pause Young (Allocation Failure) 448M->309M(444M) 2.156ms
[13139.073s][info][gc,cpu         ] GC(33245) User=0.00s Sys=0.00s Real=0.00s
[13139.523s][info][gc,start       ] GC(33246) Pause Young (Allocation Failure)
[13139.526s][info][gc,heap        ] GC(33246) PSYoungGen: 138000K(138240K)->272K(133632K) Eden: 137728K(137728K)->0K(133120K) From: 272K(512K)->272K(512K)
[13139.526s][info][gc,heap        ] GC(33246) ParOldGen: 316516K(316928K)->316532K(316928K)
[13139.526s][info][gc,metaspace   ] GC(33246) Metaspace: 8795K(9024K)->8795K(9024K) NonClass: 8142K(8320K)->8142K(8320K) Class: 652K(704K)->652K(704K)
[13139.526s][info][gc             ] GC(33246) Pause Young (Allocation Failure) 443M->309M(440M) 2.247ms
[13139.526s][info][gc,cpu         ] GC(33246) User=0.00s Sys=0.00s Real=0.00s
[13139.952s][info][gc,start       ] GC(33247) Pause Young (Allocation Failure)
[13139.954s][info][gc,heap        ] GC(33247) PSYoungGen: 133392K(133632K)->240K(129536K) Eden: 133120K(133120K)->0K(129024K) From: 272K(512K)->240K(512K)
[13139.954s][info][gc,heap        ] GC(33247) ParOldGen: 316532K(316928K)->316548K(316928K)
[13139.954s][info][gc,metaspace   ] GC(33247) Metaspace: 8795K(9024K)->8795K(9024K) NonClass: 8142K(8320K)->8142K(8320K) Class: 652K(704K)->652K(704K)
[13139.954s][info][gc             ] GC(33247) Pause Young (Allocation Failure) 439M->309M(436M) 1.167ms
[13139.954s][info][gc,cpu         ] GC(33247) User=0.00s Sys=0.00s Real=0.00s
[13140.374s][info][gc,start       ] GC(33248) Pause Young (Allocation Failure)
[13140.375s][info][gc,heap        ] GC(33248) PSYoungGen: 129264K(129536K)->240K(125440K) Eden: 129024K(129024K)->0K(124928K) From: 240K(512K)->240K(512K)
[13140.375s][info][gc,heap        ] GC(33248) ParOldGen: 316548K(316928K)->316564K(316928K)
[13140.375s][info][gc,metaspace   ] GC(33248) Metaspace: 8795K(9024K)->8795K(9024K) NonClass: 8142K(8320K)->8142K(8320K) Class: 652K(704K)->652K(704K)
[13140.375s][info][gc             ] GC(33248) Pause Young (Allocation Failure) 435M->309M(432M) 1.117ms
[13140.375s][info][gc,cpu         ] GC(33248) User=0.00s Sys=0.00s Real=0.00s
[13140.802s][info][gc,start       ] GC(33249) Pause Young (Allocation Failure)
[13140.804s][info][gc,heap        ] GC(33249) PSYoungGen: 125168K(125440K)->272K(121344K) Eden: 124928K(124928K)->0K(120832K) From: 240K(512K)->272K(512K)
[13140.804s][info][gc,heap        ] GC(33249) ParOldGen: 316564K(316928K)->316580K(316928K)
[13140.804s][info][gc,metaspace   ] GC(33249) Metaspace: 8795K(9024K)->8795K(9024K) NonClass: 8142K(8320K)->8142K(8320K) Class: 652K(704K)->652K(704K)
[13140.804s][info][gc             ] GC(33249) Pause Young (Allocation Failure) 431M->309M(428M) 2.054ms
[13140.804s][info][gc,cpu         ] GC(33249) User=0.00s Sys=0.00s Real=0.00s
[13141.191s][info][gc,start       ] GC(33250) Pause Young (Allocation Failure)
[13141.193s][info][gc,heap        ] GC(33250) PSYoungGen: 121104K(121344K)->272K(117760K) Eden: 120832K(120832K)->0K(117248K) From: 272K(512K)->272K(512K)
[13141.193s][info][gc,heap        ] GC(33250) ParOldGen: 316580K(316928K)->316596K(316928K)
[13141.193s][info][gc,metaspace   ] GC(33250) Metaspace: 8795K(9024K)->8795K(9024K) NonClass: 8142K(8320K)->8142K(8320K) Class: 652K(704K)->652K(704K)
[13141.193s][info][gc             ] GC(33250) Pause Young (Allocation Failure) 427M->309M(424M) 1.982ms
[13141.193s][info][gc,cpu         ] GC(33250) User=0.00s Sys=0.00s Real=0.00s
[13141.540s][info][gc,start       ] GC(33251) Pause Young (Allocation Failure)
[13141.543s][info][gc,heap        ] GC(33251) PSYoungGen: 117520K(117760K)->240K(114176K) Eden: 117248K(117248K)->0K(113664K) From: 272K(512K)->240K(512K)
[13141.543s][info][gc,heap        ] GC(33251) ParOldGen: 316596K(316928K)->316604K(316928K)
[13141.543s][info][gc,metaspace   ] GC(33251) Metaspace: 8795K(9024K)->8795K(9024K) NonClass: 8142K(8320K)->8142K(8320K) Class: 652K(704K)->652K(704K)
[13141.543s][info][gc             ] GC(33251) Pause Young (Allocation Failure) 423M->309M(421M) 2.156ms
[13141.543s][info][gc,cpu         ] GC(33251) User=0.00s Sys=0.00s Real=0.00s
[13141.901s][info][gc,start       ] GC(33252) Pause Young (Allocation Failure)
[13141.903s][info][gc,heap        ] GC(33252) PSYoungGen: 113904K(114176K)->240K(110592K) Eden: 113664K(113664K)->0K(110080K) From: 240K(512K)->240K(512K)
[13141.903s][info][gc,heap        ] GC(33252) ParOldGen: 316604K(316928K)->316620K(316928K)
[13141.903s][info][gc,metaspace   ] GC(33252) Metaspace: 8795K(9024K)->8795K(9024K) NonClass: 8142K(8320K)->8142K(8320K) Class: 652K(704K)->652K(704K)
[13141.903s][info][gc             ] GC(33252) Pause Young (Allocation Failure) 420M->309M(417M) 1.817ms
[13141.903s][info][gc,cpu         ] GC(33252) User=0.00s Sys=0.00s Real=0.00s
[13142.263s][info][gc,start       ] GC(33253) Pause Young (Allocation Failure)
[13142.264s][info][gc,heap        ] GC(33253) PSYoungGen: 110320K(110592K)->240K(107520K) Eden: 110080K(110080K)->0K(107008K) From: 240K(512K)->240K(512K)
[13142.264s][info][gc,heap        ] GC(33253) ParOldGen: 316620K(316928K)->316636K(316928K)
[13142.264s][info][gc,metaspace   ] GC(33253) Metaspace: 8795K(9024K)->8795K(9024K) NonClass: 8142K(8320K)->8142K(8320K) Class: 652K(704K)->652K(704K)
[13142.264s][info][gc             ] GC(33253) Pause Young (Allocation Failure) 416M->309M(414M) 1.175ms
[13142.264s][info][gc,cpu         ] GC(33253) User=0.00s Sys=0.00s Real=0.00s
[13142.644s][info][gc,start       ] GC(33254) Pause Young (Allocation Failure)
[13142.645s][info][gc,heap        ] GC(33254) PSYoungGen: 107248K(107520K)->288K(104448K) Eden: 107008K(107008K)->0K(103936K) From: 240K(512K)->288K(512K)
[13142.645s][info][gc,heap        ] GC(33254) ParOldGen: 316636K(316928K)->316652K(316928K)
[13142.645s][info][gc,metaspace   ] GC(33254) Metaspace: 8795K(9024K)->8795K(9024K) NonClass: 8142K(8320K)->8142K(8320K) Class: 652K(704K)->652K(704K)
[13142.646s][info][gc             ] GC(33254) Pause Young (Allocation Failure) 413M->309M(411M) 1.080ms
[13142.646s][info][gc,cpu         ] GC(33254) User=0.00s Sys=0.00s Real=0.00s
[13142.980s][info][gc,start       ] GC(33255) Pause Young (Allocation Failure)
[13142.981s][info][gc,heap        ] GC(33255) PSYoungGen: 104224K(104448K)->240K(101376K) Eden: 103936K(103936K)->0K(100864K) From: 288K(512K)->240K(512K)
[13142.981s][info][gc,heap        ] GC(33255) ParOldGen: 316652K(316928K)->316668K(316928K)
[13142.981s][info][gc,metaspace   ] GC(33255) Metaspace: 8795K(9024K)->8795K(9024K) NonClass: 8142K(8320K)->8142K(8320K) Class: 652K(704K)->652K(704K)
[13142.981s][info][gc             ] GC(33255) Pause Young (Allocation Failure) 411M->309M(408M) 1.520ms
[13142.981s][info][gc,cpu         ] GC(33255) User=0.00s Sys=0.00s Real=0.01s
[13143.291s][info][gc,start       ] GC(33256) Pause Young (Allocation Failure)
[13143.294s][info][gc,heap        ] GC(33256) PSYoungGen: 101104K(101376K)->272K(98304K) Eden: 100864K(100864K)->0K(97792K) From: 240K(512K)->272K(512K)
[13143.294s][info][gc,heap        ] GC(33256) ParOldGen: 316668K(316928K)->316676K(316928K)
[13143.294s][info][gc,metaspace   ] GC(33256) Metaspace: 8795K(9024K)->8795K(9024K) NonClass: 8142K(8320K)->8142K(8320K) Class: 652K(704K)->652K(704K)
[13143.294s][info][gc             ] GC(33256) Pause Young (Allocation Failure) 407M->309M(405M) 2.199ms
[13143.294s][info][gc,cpu         ] GC(33256) User=0.00s Sys=0.00s Real=0.00s
[13143.620s][info][gc,start       ] GC(33257) Pause Young (Allocation Failure)
[13143.622s][info][gc,heap        ] GC(33257) PSYoungGen: 98064K(98304K)->256K(95744K) Eden: 97792K(97792K)->0K(95232K) From: 272K(512K)->256K(512K)
[13143.622s][info][gc,heap        ] GC(33257) ParOldGen: 316676K(316928K)->316692K(316928K)
[13143.622s][info][gc,metaspace   ] GC(33257) Metaspace: 8795K(9024K)->8795K(9024K) NonClass: 8142K(8320K)->8142K(8320K) Class: 652K(704K)->652K(704K)
[13143.622s][info][gc             ] GC(33257) Pause Young (Allocation Failure) 405M->309M(403M) 1.484ms
[13143.622s][info][gc,cpu         ] GC(33257) User=0.01s Sys=0.00s Real=0.00s
[13143.945s][info][gc,start       ] GC(33258) Pause Young (Allocation Failure)
[13143.946s][info][gc,heap        ] GC(33258) PSYoungGen: 95488K(95744K)->272K(93184K) Eden: 95232K(95232K)->0K(92672K) From: 256K(512K)->272K(512K)
[13143.946s][info][gc,heap        ] GC(33258) ParOldGen: 316692K(316928K)->316700K(316928K)
[13143.946s][info][gc,metaspace   ] GC(33258) Metaspace: 8795K(9024K)->8795K(9024K) NonClass: 8142K(8320K)->8142K(8320K) Class: 652K(704K)->652K(704K)
[13143.946s][info][gc             ] GC(33258) Pause Young (Allocation Failure) 402M->309M(400M) 1.452ms
[13143.946s][info][gc,cpu         ] GC(33258) User=0.00s Sys=0.00s Real=0.00s
[13144.249s][info][gc,start       ] GC(33259) Pause Young (Allocation Failure)
[13144.250s][info][gc,heap        ] GC(33259) PSYoungGen: 92944K(93184K)->208K(90624K) Eden: 92672K(92672K)->0K(90112K) From: 272K(512K)->208K(512K)
[13144.250s][info][gc,heap        ] GC(33259) ParOldGen: 316700K(316928K)->316716K(316928K)
[13144.250s][info][gc,metaspace   ] GC(33259) Metaspace: 8795K(9024K)->8795K(9024K) NonClass: 8142K(8320K)->8142K(8320K) Class: 652K(704K)->652K(704K)
[13144.250s][info][gc             ] GC(33259) Pause Young (Allocation Failure) 400M->309M(398M) 1.431ms
[13144.250s][info][gc,cpu         ] GC(33259) User=0.00s Sys=0.00s Real=0.00s
[13144.536s][info][gc,start       ] GC(33260) Pause Young (Allocation Failure)
[13144.537s][info][gc,heap        ] GC(33260) PSYoungGen: 90320K(90624K)->224K(88064K) Eden: 90112K(90112K)->0K(87552K) From: 208K(512K)->224K(512K)
[13144.537s][info][gc,heap        ] GC(33260) ParOldGen: 316716K(316928K)->316732K(316928K)
[13144.537s][info][gc,metaspace   ] GC(33260) Metaspace: 8795K(9024K)->8795K(9024K) NonClass: 8142K(8320K)->8142K(8320K) Class: 652K(704K)->652K(704K)
[13144.537s][info][gc             ] GC(33260) Pause Young (Allocation Failure) 397M->309M(395M) 1.154ms
[13144.537s][info][gc,cpu         ] GC(33260) User=0.00s Sys=0.00s Real=0.00s
[13144.804s][info][gc,start       ] GC(33261) Pause Young (Allocation Failure)
[13144.805s][info][gc,heap        ] GC(33261) PSYoungGen: 87776K(88064K)->240K(202752K) Eden: 87552K(87552K)->0K(202240K) From: 224K(512K)->240K(512K)
[13144.805s][info][gc,heap        ] GC(33261) ParOldGen: 316732K(316928K)->316748K(316928K)
[13144.805s][info][gc,metaspace   ] GC(33261) Metaspace: 8795K(9024K)->8795K(9024K) NonClass: 8142K(8320K)->8142K(8320K) Class: 652K(704K)->652K(704K)
[13144.805s][info][gc             ] GC(33261) Pause Young (Allocation Failure) 395M->309M(507M) 1.114ms
[13144.805s][info][gc,cpu         ] GC(33261) User=0.00s Sys=0.00s Real=0.00s
[13145.424s][info][gc,start       ] GC(33262) Pause Young (Allocation Failure)
[13145.425s][info][gc,heap        ] GC(33262) PSYoungGen: 202480K(202752K)->256K(195584K) Eden: 202240K(202240K)->0K(195072K) From: 240K(512K)->256K(512K)
[13145.425s][info][gc,heap        ] GC(33262) ParOldGen: 316748K(316928K)->316764K(316928K)
[13145.425s][info][gc,metaspace   ] GC(33262) Metaspace: 8795K(9024K)->8795K(9024K) NonClass: 8142K(8320K)->8142K(8320K) Class: 652K(704K)->652K(704K)
[13145.425s][info][gc             ] GC(33262) Pause Young (Allocation Failure) 507M->309M(500M) 1.173ms
[13145.425s][info][gc,cpu         ] GC(33262) User=0.00s Sys=0.00s Real=0.00s
[13146.041s][info][gc,start       ] GC(33263) Pause Young (Allocation Failure)
[13146.042s][info][gc,heap        ] GC(33263) PSYoungGen: 195328K(195584K)->256K(188416K) Eden: 195072K(195072K)->0K(187904K) From: 256K(512K)->256K(512K)
[13146.042s][info][gc,heap        ] GC(33263) ParOldGen: 316764K(316928K)->316780K(316928K)
[13146.042s][info][gc,metaspace   ] GC(33263) Metaspace: 8795K(9024K)->8795K(9024K) NonClass: 8142K(8320K)->8142K(8320K) Class: 652K(704K)->652K(704K)
[13146.042s][info][gc             ] GC(33263) Pause Young (Allocation Failure) 500M->309M(493M) 1.153ms
[13146.042s][info][gc,cpu         ] GC(33263) User=0.00s Sys=0.00s Real=0.00s
[13146.639s][info][gc,start       ] GC(33264) Pause Young (Allocation Failure)
[13146.640s][info][gc,heap        ] GC(33264) PSYoungGen: 188160K(188416K)->288K(181760K) Eden: 187904K(187904K)->0K(181248K) From: 256K(512K)->288K(512K)
[13146.640s][info][gc,heap        ] GC(33264) ParOldGen: 316780K(316928K)->316796K(316928K)
[13146.640s][info][gc,metaspace   ] GC(33264) Metaspace: 8795K(9024K)->8795K(9024K) NonClass: 8142K(8320K)->8142K(8320K) Class: 652K(704K)->652K(704K)
[13146.641s][info][gc             ] GC(33264) Pause Young (Allocation Failure) 493M->309M(487M) 1.196ms
[13146.641s][info][gc,cpu         ] GC(33264) User=0.01s Sys=0.00s Real=0.01s
[13147.254s][info][gc,start       ] GC(33265) Pause Young (Allocation Failure)
[13147.257s][info][gc,heap        ] GC(33265) PSYoungGen: 181536K(181760K)->272K(175104K) Eden: 181248K(181248K)->0K(174592K) From: 288K(512K)->272K(512K)
[13147.257s][info][gc,heap        ] GC(33265) ParOldGen: 316796K(316928K)->316812K(316928K)
[13147.257s][info][gc,metaspace   ] GC(33265) Metaspace: 8795K(9024K)->8795K(9024K) NonClass: 8142K(8320K)->8142K(8320K) Class: 652K(704K)->652K(704K)
[13147.257s][info][gc             ] GC(33265) Pause Young (Allocation Failure) 486M->309M(480M) 2.320ms
[13147.257s][info][gc,cpu         ] GC(33265) User=0.00s Sys=0.00s Real=0.00s
[13147.908s][info][gc,start       ] GC(33266) Pause Young (Allocation Failure)
[13147.911s][info][gc,heap        ] GC(33266) PSYoungGen: 174864K(175104K)->224K(168960K) Eden: 174592K(174592K)->0K(168448K) From: 272K(512K)->224K(512K)
[13147.911s][info][gc,heap        ] GC(33266) ParOldGen: 316812K(316928K)->316828K(316928K)
[13147.911s][info][gc,metaspace   ] GC(33266) Metaspace: 8795K(9024K)->8795K(9024K) NonClass: 8142K(8320K)->8142K(8320K) Class: 652K(704K)->652K(704K)
[13147.911s][info][gc             ] GC(33266) Pause Young (Allocation Failure) 480M->309M(474M) 2.946ms
[13147.911s][info][gc,cpu         ] GC(33266) User=0.01s Sys=0.00s Real=0.01s
[13148.509s][info][gc,start       ] GC(33267) Pause Young (Allocation Failure)
[13148.510s][info][gc,heap        ] GC(33267) PSYoungGen: 168672K(168960K)->240K(163328K) Eden: 168448K(168448K)->0K(162816K) From: 224K(512K)->240K(512K)
[13148.510s][info][gc,heap        ] GC(33267) ParOldGen: 316828K(316928K)->316844K(316928K)
[13148.510s][info][gc,metaspace   ] GC(33267) Metaspace: 8795K(9024K)->8795K(9024K) NonClass: 8142K(8320K)->8142K(8320K) Class: 652K(704K)->652K(704K)
[13148.510s][info][gc             ] GC(33267) Pause Young (Allocation Failure) 474M->309M(469M) 1.160ms
[13148.510s][info][gc,cpu         ] GC(33267) User=0.01s Sys=0.00s Real=0.00s
[13149.040s][info][gc,start       ] GC(33268) Pause Young (Allocation Failure)
[13149.041s][info][gc,heap        ] GC(33268) PSYoungGen: 163056K(163328K)->240K(157696K) Eden: 162816K(162816K)->0K(157184K) From: 240K(512K)->240K(512K)
[13149.041s][info][gc,heap        ] GC(33268) ParOldGen: 316844K(316928K)->316860K(316928K)
[13149.041s][info][gc,metaspace   ] GC(33268) Metaspace: 8795K(9024K)->8795K(9024K) NonClass: 8142K(8320K)->8142K(8320K) Class: 652K(704K)->652K(704K)
[13149.041s][info][gc             ] GC(33268) Pause Young (Allocation Failure) 468M->309M(463M) 1.339ms
[13149.041s][info][gc,cpu         ] GC(33268) User=0.00s Sys=0.00s Real=0.01s
[13149.580s][info][gc,start       ] GC(33269) Pause Young (Allocation Failure)
[13149.581s][info][gc,heap        ] GC(33269) PSYoungGen: 157424K(157696K)->256K(152576K) Eden: 157184K(157184K)->0K(152064K) From: 240K(512K)->256K(512K)
[13149.581s][info][gc,heap        ] GC(33269) ParOldGen: 316860K(316928K)->316876K(316928K)
[13149.581s][info][gc,metaspace   ] GC(33269) Metaspace: 8795K(9024K)->8795K(9024K) NonClass: 8142K(8320K)->8142K(8320K) Class: 652K(704K)->652K(704K)
[13149.581s][info][gc             ] GC(33269) Pause Young (Allocation Failure) 463M->309M(458M) 1.165ms
[13149.581s][info][gc,cpu         ] GC(33269) User=0.00s Sys=0.00s Real=0.01s
[13150.100s][info][gc,start       ] GC(33270) Pause Young (Allocation Failure)
[13150.101s][info][gc,heap        ] GC(33270) PSYoungGen: 152320K(152576K)->256K(147456K) Eden: 152064K(152064K)->0K(146944K) From: 256K(512K)->256K(512K)
[13150.101s][info][gc,heap        ] GC(33270) ParOldGen: 316876K(316928K)->316892K(316928K)
[13150.101s][info][gc,metaspace   ] GC(33270) Metaspace: 8795K(9024K)->8795K(9024K) NonClass: 8142K(8320K)->8142K(8320K) Class: 652K(704K)->652K(704K)
[13150.101s][info][gc             ] GC(33270) Pause Young (Allocation Failure) 458M->309M(453M) 1.196ms
[13150.101s][info][gc,cpu         ] GC(33270) User=0.00s Sys=0.00s Real=0.01s
[13150.601s][info][gc,start       ] GC(33271) Pause Young (Allocation Failure)
[13150.603s][info][gc,heap        ] GC(33271) PSYoungGen: 147200K(147456K)->256K(142848K) Eden: 146944K(146944K)->0K(142336K) From: 256K(512K)->256K(512K)
[13150.603s][info][gc,heap        ] GC(33271) ParOldGen: 316892K(316928K)->316908K(316928K)
[13150.603s][info][gc,metaspace   ] GC(33271) Metaspace: 8795K(9024K)->8795K(9024K) NonClass: 8142K(8320K)->8142K(8320K) Class: 652K(704K)->652K(704K)
[13150.603s][info][gc             ] GC(33271) Pause Young (Allocation Failure) 453M->309M(449M) 1.189ms
[13150.603s][info][gc,cpu         ] GC(33271) User=0.00s Sys=0.00s Real=0.00s
[13151.076s][info][gc,start       ] GC(33272) Pause Young (Allocation Failure)
[13151.078s][info][gc,heap        ] GC(33272) PSYoungGen: 142592K(142848K)->256K(138240K) Eden: 142336K(142336K)->0K(137728K) From: 256K(512K)->256K(512K)
[13151.078s][info][gc,heap        ] GC(33272) ParOldGen: 316908K(316928K)->316924K(316928K)
[13151.078s][info][gc,metaspace   ] GC(33272) Metaspace: 8795K(9024K)->8795K(9024K) NonClass: 8142K(8320K)->8142K(8320K) Class: 652K(704K)->652K(704K)
[13151.078s][info][gc             ] GC(33272) Pause Young (Allocation Failure) 448M->309M(444M) 2.146ms
[13151.078s][info][gc,cpu         ] GC(33272) User=0.00s Sys=0.00s Real=0.00s
[13151.556s][info][gc,start       ] GC(33273) Pause Young (Allocation Failure)
[13151.558s][info][gc,heap        ] GC(33273) PSYoungGen: 137984K(138240K)->240K(133632K) Eden: 137728K(137728K)->0K(133120K) From: 256K(512K)->240K(512K)
[13151.558s][info][gc,heap        ] GC(33273) ParOldGen: 316924K(316928K)->316932K(317440K)
[13151.558s][info][gc,metaspace   ] GC(33273) Metaspace: 8795K(9024K)->8795K(9024K) NonClass: 8142K(8320K)->8142K(8320K) Class: 652K(704K)->652K(704K)
[13151.558s][info][gc             ] GC(33273) Pause Young (Allocation Failure) 444M->309M(440M) 2.179ms
[13151.558s][info][gc,cpu         ] GC(33273) User=0.00s Sys=0.00s Real=0.00s
[13151.990s][info][gc,start       ] GC(33274) Pause Young (Allocation Failure)
[13151.992s][info][gc,heap        ] GC(33274) PSYoungGen: 133360K(133632K)->240K(129536K) Eden: 133120K(133120K)->0K(129024K) From: 240K(512K)->240K(512K)
[13151.992s][info][gc,heap        ] GC(33274) ParOldGen: 316932K(317440K)->316940K(317440K)
[13151.992s][info][gc,metaspace   ] GC(33274) Metaspace: 8795K(9024K)->8795K(9024K) NonClass: 8142K(8320K)->8142K(8320K) Class: 652K(704K)->652K(704K)
[13151.992s][info][gc             ] GC(33274) Pause Young (Allocation Failure) 439M->309M(436M) 2.184ms
[13151.992s][info][gc,cpu         ] GC(33274) User=0.00s Sys=0.01s Real=0.01s
[13152.415s][info][gc,start       ] GC(33275) Pause Young (Allocation Failure)
[13152.417s][info][gc,heap        ] GC(33275) PSYoungGen: 129264K(129536K)->256K(125440K) Eden: 129024K(129024K)->0K(124928K) From: 240K(512K)->256K(512K)
[13152.417s][info][gc,heap        ] GC(33275) ParOldGen: 316940K(317440K)->316948K(317440K)
[13152.417s][info][gc,metaspace   ] GC(33275) Metaspace: 8795K(9024K)->8795K(9024K) NonClass: 8142K(8320K)->8142K(8320K) Class: 652K(704K)->652K(704K)
[13152.417s][info][gc             ] GC(33275) Pause Young (Allocation Failure) 435M->309M(432M) 2.302ms
[13152.417s][info][gc,cpu         ] GC(33275) User=0.00s Sys=0.00s Real=0.00s
[13152.833s][info][gc,start       ] GC(33276) Pause Young (Allocation Failure)
[13152.834s][info][gc,heap        ] GC(33276) PSYoungGen: 125184K(125440K)->272K(121344K) Eden: 124928K(124928K)->0K(120832K) From: 256K(512K)->272K(512K)
[13152.834s][info][gc,heap        ] GC(33276) ParOldGen: 316948K(317440K)->316964K(317440K)
[13152.834s][info][gc,metaspace   ] GC(33276) Metaspace: 8795K(9024K)->8795K(9024K) NonClass: 8142K(8320K)->8142K(8320K) Class: 652K(704K)->652K(704K)
[13152.834s][info][gc             ] GC(33276) Pause Young (Allocation Failure) 431M->309M(428M) 1.292ms
[13152.834s][info][gc,cpu         ] GC(33276) User=0.00s Sys=0.01s Real=0.00s
[13153.260s][info][gc,start       ] GC(33277) Pause Young (Allocation Failure)
[13153.261s][info][gc,heap        ] GC(33277) PSYoungGen: 121104K(121344K)->240K(117760K) Eden: 120832K(120832K)->0K(117248K) From: 272K(512K)->240K(512K)
[13153.261s][info][gc,heap        ] GC(33277) ParOldGen: 316964K(317440K)->316980K(317440K)
[13153.261s][info][gc,metaspace   ] GC(33277) Metaspace: 8795K(9024K)->8795K(9024K) NonClass: 8142K(8320K)->8142K(8320K) Class: 652K(704K)->652K(704K)
[13153.261s][info][gc             ] GC(33277) Pause Young (Allocation Failure) 427M->309M(425M) 1.246ms
[13153.261s][info][gc,cpu         ] GC(33277) User=0.00s Sys=0.00s Real=0.01s
[13153.667s][info][gc,start       ] GC(33278) Pause Young (Allocation Failure)
[13153.668s][info][gc,heap        ] GC(33278) PSYoungGen: 117488K(117760K)->224K(114176K) Eden: 117248K(117248K)->0K(113664K) From: 240K(512K)->224K(512K)
[13153.668s][info][gc,heap        ] GC(33278) ParOldGen: 316980K(317440K)->316996K(317440K)
[13153.668s][info][gc,metaspace   ] GC(33278) Metaspace: 8795K(9024K)->8795K(9024K) NonClass: 8142K(8320K)->8142K(8320K) Class: 652K(704K)->652K(704K)
[13153.668s][info][gc             ] GC(33278) Pause Young (Allocation Failure) 424M->309M(421M) 1.230ms
[13153.668s][info][gc,cpu         ] GC(33278) User=0.00s Sys=0.00s Real=0.00s
[13154.037s][info][gc,start       ] GC(33279) Pause Young (Allocation Failure)
[13154.038s][info][gc,heap        ] GC(33279) PSYoungGen: 113888K(114176K)->288K(110592K) Eden: 113664K(113664K)->0K(110080K) From: 224K(512K)->288K(512K)
[13154.038s][info][gc,heap        ] GC(33279) ParOldGen: 316996K(317440K)->317012K(317440K)
[13154.038s][info][gc,metaspace   ] GC(33279) Metaspace: 8795K(9024K)->8795K(9024K) NonClass: 8142K(8320K)->8142K(8320K) Class: 652K(704K)->652K(704K)
[13154.038s][info][gc             ] GC(33279) Pause Young (Allocation Failure) 420M->309M(418M) 1.188ms
[13154.038s][info][gc,cpu         ] GC(33279) User=0.00s Sys=0.00s Real=0.00s
[13154.415s][info][gc,start       ] GC(33280) Pause Young (Allocation Failure)
[13154.416s][info][gc,heap        ] GC(33280) PSYoungGen: 110368K(110592K)->256K(107520K) Eden: 110080K(110080K)->0K(107008K) From: 288K(512K)->256K(512K)
[13154.416s][info][gc,heap        ] GC(33280) ParOldGen: 317012K(317440K)->317028K(317440K)
[13154.416s][info][gc,metaspace   ] GC(33280) Metaspace: 8795K(9024K)->8795K(9024K) NonClass: 8142K(8320K)->8142K(8320K) Class: 652K(704K)->652K(704K)
[13154.416s][info][gc             ] GC(33280) Pause Young (Allocation Failure) 417M->309M(415M) 1.181ms
[13154.416s][info][gc,cpu         ] GC(33280) User=0.00s Sys=0.00s Real=0.00s
[13154.760s][info][gc,start       ] GC(33281) Pause Young (Allocation Failure)
[13154.762s][info][gc,heap        ] GC(33281) PSYoungGen: 107264K(107520K)->240K(104448K) Eden: 107008K(107008K)->0K(103936K) From: 256K(512K)->240K(512K)
[13154.762s][info][gc,heap        ] GC(33281) ParOldGen: 317028K(317440K)->317044K(317440K)
[13154.762s][info][gc,metaspace   ] GC(33281) Metaspace: 8795K(9024K)->8795K(9024K) NonClass: 8142K(8320K)->8142K(8320K) Class: 652K(704K)->652K(704K)
[13154.762s][info][gc             ] GC(33281) Pause Young (Allocation Failure) 414M->309M(412M) 1.154ms
[13154.762s][info][gc,cpu         ] GC(33281) User=0.00s Sys=0.00s Real=0.00s
[13155.110s][info][gc,start       ] GC(33282) Pause Young (Allocation Failure)
[13155.111s][info][gc,heap        ] GC(33282) PSYoungGen: 104176K(104448K)->288K(101376K) Eden: 103936K(103936K)->0K(100864K) From: 240K(512K)->288K(512K)
[13155.111s][info][gc,heap        ] GC(33282) ParOldGen: 317044K(317440K)->317060K(317440K)
[13155.111s][info][gc,metaspace   ] GC(33282) Metaspace: 8795K(9024K)->8795K(9024K) NonClass: 8142K(8320K)->8142K(8320K) Class: 652K(704K)->652K(704K)
[13155.111s][info][gc             ] GC(33282) Pause Young (Allocation Failure) 411M->309M(409M) 1.202ms
[13155.111s][info][gc,cpu         ] GC(33282) User=0.00s Sys=0.00s Real=0.01s
[13155.471s][info][gc,start       ] GC(33283) Pause Young (Allocation Failure)
[13155.473s][info][gc,heap        ] GC(33283) PSYoungGen: 101152K(101376K)->240K(98304K) Eden: 100864K(100864K)->0K(97792K) From: 288K(512K)->240K(512K)
[13155.473s][info][gc,heap        ] GC(33283) ParOldGen: 317060K(317440K)->317076K(317440K)
[13155.473s][info][gc,metaspace   ] GC(33283) Metaspace: 8795K(9024K)->8795K(9024K) NonClass: 8142K(8320K)->8142K(8320K) Class: 652K(704K)->652K(704K)
[13155.473s][info][gc             ] GC(33283) Pause Young (Allocation Failure) 408M->309M(406M) 1.244ms
[13155.473s][info][gc,cpu         ] GC(33283) User=0.00s Sys=0.00s Real=0.00s
[13155.879s][info][gc,start       ] GC(33284) Pause Young (Allocation Failure)
[13155.881s][info][gc,heap        ] GC(33284) PSYoungGen: 98032K(98304K)->272K(95744K) Eden: 97792K(97792K)->0K(95232K) From: 240K(512K)->272K(512K)
[13155.881s][info][gc,heap        ] GC(33284) ParOldGen: 317076K(317440K)->317092K(317440K)
[13155.881s][info][gc,metaspace   ] GC(33284) Metaspace: 8795K(9024K)->8795K(9024K) NonClass: 8142K(8320K)->8142K(8320K) Class: 652K(704K)->652K(704K)
[13155.881s][info][gc             ] GC(33284) Pause Young (Allocation Failure) 405M->309M(403M) 1.558ms
[13155.881s][info][gc,cpu         ] GC(33284) User=0.01s Sys=0.00s Real=0.01s
[13156.211s][info][gc,start       ] GC(33285) Pause Young (Allocation Failure)
[13156.212s][info][gc,heap        ] GC(33285) PSYoungGen: 95504K(95744K)->256K(93184K) Eden: 95232K(95232K)->0K(92672K) From: 272K(512K)->256K(512K)
[13156.212s][info][gc,heap        ] GC(33285) ParOldGen: 317092K(317440K)->317108K(317440K)
[13156.212s][info][gc,metaspace   ] GC(33285) Metaspace: 8795K(9024K)->8795K(9024K) NonClass: 8142K(8320K)->8142K(8320K) Class: 652K(704K)->652K(704K)
[13156.213s][info][gc             ] GC(33285) Pause Young (Allocation Failure) 402M->309M(401M) 1.204ms
[13156.213s][info][gc,cpu         ] GC(33285) User=0.00s Sys=0.00s Real=0.00s
[13156.517s][info][gc,start       ] GC(33286) Pause Young (Allocation Failure)
[13156.519s][info][gc,heap        ] GC(33286) PSYoungGen: 92928K(93184K)->256K(90624K) Eden: 92672K(92672K)->0K(90112K) From: 256K(512K)->256K(512K)
[13156.519s][info][gc,heap        ] GC(33286) ParOldGen: 317108K(317440K)->317116K(317440K)
[13156.519s][info][gc,metaspace   ] GC(33286) Metaspace: 8795K(9024K)->8795K(9024K) NonClass: 8142K(8320K)->8142K(8320K) Class: 652K(704K)->652K(704K)
[13156.519s][info][gc             ] GC(33286) Pause Young (Allocation Failure) 400M->309M(398M) 2.070ms
[13156.520s][info][gc,cpu         ] GC(33286) User=0.00s Sys=0.00s Real=0.00s
[13156.815s][info][gc,start       ] GC(33287) Pause Young (Allocation Failure)
[13156.817s][info][gc,heap        ] GC(33287) PSYoungGen: 90368K(90624K)->288K(88064K) Eden: 90112K(90112K)->0K(87552K) From: 256K(512K)->288K(512K)
[13156.817s][info][gc,heap        ] GC(33287) ParOldGen: 317116K(317440K)->317132K(317440K)
[13156.817s][info][gc,metaspace   ] GC(33287) Metaspace: 8795K(9024K)->8795K(9024K) NonClass: 8142K(8320K)->8142K(8320K) Class: 652K(704K)->652K(704K)
[13156.817s][info][gc             ] GC(33287) Pause Young (Allocation Failure) 397M->309M(396M) 2.121ms
[13156.817s][info][gc,cpu         ] GC(33287) User=0.01s Sys=0.00s Real=0.00s
[13157.113s][info][gc,start       ] GC(33288) Pause Young (Allocation Failure)
[13157.116s][info][gc,heap        ] GC(33288) PSYoungGen: 87840K(88064K)->240K(202752K) Eden: 87552K(87552K)->0K(202240K) From: 288K(512K)->240K(512K)
[13157.116s][info][gc,heap        ] GC(33288) ParOldGen: 317132K(317440K)->317140K(317440K)
[13157.116s][info][gc,metaspace   ] GC(33288) Metaspace: 8795K(9024K)->8795K(9024K) NonClass: 8142K(8320K)->8142K(8320K) Class: 652K(704K)->652K(704K)
[13157.116s][info][gc             ] GC(33288) Pause Young (Allocation Failure) 395M->309M(508M) 2.908ms
[13157.116s][info][gc,cpu         ] GC(33288) User=0.00s Sys=0.00s Real=0.00s
[13157.779s][info][gc,start       ] GC(33289) Pause Young (Allocation Failure)
[13157.780s][info][gc,heap        ] GC(33289) PSYoungGen: 202480K(202752K)->256K(195584K) Eden: 202240K(202240K)->0K(195072K) From: 240K(512K)->256K(512K)
[13157.780s][info][gc,heap        ] GC(33289) ParOldGen: 317140K(317440K)->317156K(317440K)
[13157.780s][info][gc,metaspace   ] GC(33289) Metaspace: 8795K(9024K)->8795K(9024K) NonClass: 8142K(8320K)->8142K(8320K) Class: 652K(704K)->652K(704K)
[13157.780s][info][gc             ] GC(33289) Pause Young (Allocation Failure) 507M->309M(501M) 1.267ms
[13157.780s][info][gc,cpu         ] GC(33289) User=0.00s Sys=0.00s Real=0.01s
[13158.421s][info][gc,start       ] GC(33290) Pause Young (Allocation Failure)
[13158.423s][info][gc,heap        ] GC(33290) PSYoungGen: 195328K(195584K)->256K(188416K) Eden: 195072K(195072K)->0K(187904K) From: 256K(512K)->256K(512K)
[13158.423s][info][gc,heap        ] GC(33290) ParOldGen: 317156K(317440K)->317172K(317440K)
[13158.423s][info][gc,metaspace   ] GC(33290) Metaspace: 8795K(9024K)->8795K(9024K) NonClass: 8142K(8320K)->8142K(8320K) Class: 652K(704K)->652K(704K)
[13158.423s][info][gc             ] GC(33290) Pause Young (Allocation Failure) 500M->309M(494M) 1.293ms
[13158.423s][info][gc,cpu         ] GC(33290) User=0.00s Sys=0.00s Real=0.00s
[13159.057s][info][gc,start       ] GC(33291) Pause Young (Allocation Failure)
[13159.058s][info][gc,heap        ] GC(33291) PSYoungGen: 188160K(188416K)->288K(181760K) Eden: 187904K(187904K)->0K(181248K) From: 256K(512K)->288K(512K)
[13159.058s][info][gc,heap        ] GC(33291) ParOldGen: 317172K(317440K)->317188K(317440K)
[13159.058s][info][gc,metaspace   ] GC(33291) Metaspace: 8795K(9024K)->8795K(9024K) NonClass: 8142K(8320K)->8142K(8320K) Class: 652K(704K)->652K(704K)
[13159.058s][info][gc             ] GC(33291) Pause Young (Allocation Failure) 493M->310M(487M) 1.202ms
[13159.058s][info][gc,cpu         ] GC(33291) User=0.00s Sys=0.00s Real=0.00s
[13159.647s][info][gc,start       ] GC(33292) Pause Young (Allocation Failure)
[13159.649s][info][gc,heap        ] GC(33292) PSYoungGen: 181536K(181760K)->272K(175104K) Eden: 181248K(181248K)->0K(174592K) From: 288K(512K)->272K(512K)
[13159.649s][info][gc,heap        ] GC(33292) ParOldGen: 317188K(317440K)->317204K(317440K)
[13159.649s][info][gc,metaspace   ] GC(33292) Metaspace: 8795K(9024K)->8795K(9024K) NonClass: 8142K(8320K)->8142K(8320K) Class: 652K(704K)->652K(704K)
[13159.649s][info][gc             ] GC(33292) Pause Young (Allocation Failure) 487M->310M(481M) 2.297ms
[13159.649s][info][gc,cpu         ] GC(33292) User=0.00s Sys=0.00s Real=0.00s
[13160.236s][info][gc,start       ] GC(33293) Pause Young (Allocation Failure)
[13160.239s][info][gc,heap        ] GC(33293) PSYoungGen: 174864K(175104K)->272K(168960K) Eden: 174592K(174592K)->0K(168448K) From: 272K(512K)->272K(512K)
[13160.239s][info][gc,heap        ] GC(33293) ParOldGen: 317204K(317440K)->317220K(317440K)
[13160.239s][info][gc,metaspace   ] GC(33293) Metaspace: 8795K(9024K)->8795K(9024K) NonClass: 8142K(8320K)->8142K(8320K) Class: 652K(704K)->652K(704K)
[13160.239s][info][gc             ] GC(33293) Pause Young (Allocation Failure) 480M->310M(475M) 2.902ms
[13160.239s][info][gc,cpu         ] GC(33293) User=0.00s Sys=0.00s Real=0.00s
[13160.791s][info][gc,start       ] GC(33294) Pause Young (Allocation Failure)
[13160.793s][info][gc,heap        ] GC(33294) PSYoungGen: 168720K(168960K)->256K(163328K) Eden: 168448K(168448K)->0K(162816K) From: 272K(512K)->256K(512K)
[13160.794s][info][gc,heap        ] GC(33294) ParOldGen: 317220K(317440K)->317236K(317440K)
[13160.794s][info][gc,metaspace   ] GC(33294) Metaspace: 8795K(9024K)->8795K(9024K) NonClass: 8142K(8320K)->8142K(8320K) Class: 652K(704K)->652K(704K)
[13160.794s][info][gc             ] GC(33294) Pause Young (Allocation Failure) 474M->310M(469M) 2.172ms
[13160.794s][info][gc,cpu         ] GC(33294) User=0.00s Sys=0.00s Real=0.00s
[13161.382s][info][gc,start       ] GC(33295) Pause Young (Allocation Failure)
[13161.385s][info][gc,heap        ] GC(33295) PSYoungGen: 163072K(163328K)->224K(157696K) Eden: 162816K(162816K)->0K(157184K) From: 256K(512K)->224K(512K)
[13161.385s][info][gc,heap        ] GC(33295) ParOldGen: 317236K(317440K)->317252K(317440K)
[13161.385s][info][gc,metaspace   ] GC(33295) Metaspace: 8795K(9024K)->8795K(9024K) NonClass: 8142K(8320K)->8142K(8320K) Class: 652K(704K)->652K(704K)
[13161.385s][info][gc             ] GC(33295) Pause Young (Allocation Failure) 469M->310M(464M) 3.612ms
[13161.385s][info][gc,cpu         ] GC(33295) User=0.01s Sys=0.00s Real=0.00s
[13161.927s][info][gc,start       ] GC(33296) Pause Young (Allocation Failure)
[13161.929s][info][gc,heap        ] GC(33296) PSYoungGen: 157408K(157696K)->256K(152576K) Eden: 157184K(157184K)->0K(152064K) From: 224K(512K)->256K(512K)
[13161.929s][info][gc,heap        ] GC(33296) ParOldGen: 317252K(317440K)->317260K(317440K)
[13161.929s][info][gc,metaspace   ] GC(33296) Metaspace: 8795K(9024K)->8795K(9024K) NonClass: 8142K(8320K)->8142K(8320K) Class: 652K(704K)->652K(704K)
[13161.929s][info][gc             ] GC(33296) Pause Young (Allocation Failure) 463M->310M(459M) 2.289ms
[13161.929s][info][gc,cpu         ] GC(33296) User=0.00s Sys=0.00s Real=0.00s
[13162.474s][info][gc,start       ] GC(33297) Pause Young (Allocation Failure)
[13162.477s][info][gc,heap        ] GC(33297) PSYoungGen: 152320K(152576K)->256K(147456K) Eden: 152064K(152064K)->0K(146944K) From: 256K(512K)->256K(512K)
[13162.477s][info][gc,heap        ] GC(33297) ParOldGen: 317260K(317440K)->317268K(317440K)
[13162.477s][info][gc,metaspace   ] GC(33297) Metaspace: 8795K(9024K)->8795K(9024K) NonClass: 8142K(8320K)->8142K(8320K) Class: 652K(704K)->652K(704K)
[13162.477s][info][gc             ] GC(33297) Pause Young (Allocation Failure) 458M->310M(454M) 2.156ms
[13162.477s][info][gc,cpu         ] GC(33297) User=0.00s Sys=0.00s Real=0.00s
[13162.962s][info][gc,start       ] GC(33298) Pause Young (Allocation Failure)
[13162.964s][info][gc,heap        ] GC(33298) PSYoungGen: 147200K(147456K)->256K(142848K) Eden: 146944K(146944K)->0K(142336K) From: 256K(512K)->256K(512K)
[13162.964s][info][gc,heap        ] GC(33298) ParOldGen: 317268K(317440K)->317284K(317440K)
[13162.964s][info][gc,metaspace   ] GC(33298) Metaspace: 8795K(9024K)->8795K(9024K) NonClass: 8142K(8320K)->8142K(8320K) Class: 652K(704K)->652K(704K)
[13162.964s][info][gc             ] GC(33298) Pause Young (Allocation Failure) 453M->310M(449M) 1.196ms
[13162.964s][info][gc,cpu         ] GC(33298) User=0.00s Sys=0.00s Real=0.00s
[13163.448s][info][gc,start       ] GC(33299) Pause Young (Allocation Failure)
[13163.450s][info][gc,heap        ] GC(33299) PSYoungGen: 142592K(142848K)->240K(138240K) Eden: 142336K(142336K)->0K(137728K) From: 256K(512K)->240K(512K)
[13163.450s][info][gc,heap        ] GC(33299) ParOldGen: 317284K(317440K)->317300K(317440K)
[13163.450s][info][gc,metaspace   ] GC(33299) Metaspace: 8795K(9024K)->8795K(9024K) NonClass: 8142K(8320K)->8142K(8320K) Class: 652K(704K)->652K(704K)
[13163.450s][info][gc             ] GC(33299) Pause Young (Allocation Failure) 449M->310M(445M) 2.138ms
[13163.450s][info][gc,cpu         ] GC(33299) User=0.00s Sys=0.00s Real=0.00s
[13163.905s][info][gc,start       ] GC(33300) Pause Young (Allocation Failure)
[13163.907s][info][gc,heap        ] GC(33300) PSYoungGen: 137968K(138240K)->240K(133632K) Eden: 137728K(137728K)->0K(133120K) From: 240K(512K)->240K(512K)
[13163.907s][info][gc,heap        ] GC(33300) ParOldGen: 317300K(317440K)->317308K(317440K)
[13163.907s][info][gc,metaspace   ] GC(33300) Metaspace: 8795K(9024K)->8795K(9024K) NonClass: 8142K(8320K)->8142K(8320K) Class: 652K(704K)->652K(704K)
[13163.907s][info][gc             ] GC(33300) Pause Young (Allocation Failure) 444M->310M(440M) 2.178ms
[13163.907s][info][gc,cpu         ] GC(33300) User=0.00s Sys=0.00s Real=0.00s
[13164.378s][info][gc,start       ] GC(33301) Pause Young (Allocation Failure)
[13164.380s][info][gc,heap        ] GC(33301) PSYoungGen: 133360K(133632K)->272K(129536K) Eden: 133120K(133120K)->0K(129024K) From: 240K(512K)->272K(512K)
[13164.380s][info][gc,heap        ] GC(33301) ParOldGen: 317308K(317440K)->317316K(317440K)
[13164.380s][info][gc,metaspace   ] GC(33301) Metaspace: 8795K(9024K)->8795K(9024K) NonClass: 8142K(8320K)->8142K(8320K) Class: 652K(704K)->652K(704K)
[13164.380s][info][gc             ] GC(33301) Pause Young (Allocation Failure) 440M->310M(436M) 2.093ms
[13164.380s][info][gc,cpu         ] GC(33301) User=0.00s Sys=0.00s Real=0.00s
[13164.816s][info][gc,start       ] GC(33302) Pause Young (Allocation Failure)
[13164.817s][info][gc,heap        ] GC(33302) PSYoungGen: 129296K(129536K)->256K(125440K) Eden: 129024K(129024K)->0K(124928K) From: 272K(512K)->256K(512K)
[13164.817s][info][gc,heap        ] GC(33302) ParOldGen: 317316K(317440K)->317332K(317440K)
[13164.817s][info][gc,metaspace   ] GC(33302) Metaspace: 8795K(9024K)->8795K(9024K) NonClass: 8142K(8320K)->8142K(8320K) Class: 652K(704K)->652K(704K)
[13164.817s][info][gc             ] GC(33302) Pause Young (Allocation Failure) 436M->310M(432M) 1.217ms
[13164.817s][info][gc,cpu         ] GC(33302) User=0.01s Sys=0.00s Real=0.00s
[13165.224s][info][gc,start       ] GC(33303) Pause Young (Allocation Failure)
[13165.227s][info][gc,heap        ] GC(33303) PSYoungGen: 125184K(125440K)->240K(121344K) Eden: 124928K(124928K)->0K(120832K) From: 256K(512K)->240K(512K)
[13165.227s][info][gc,heap        ] GC(33303) ParOldGen: 317332K(317440K)->317348K(317440K)
[13165.227s][info][gc,metaspace   ] GC(33303) Metaspace: 8795K(9024K)->8795K(9024K) NonClass: 8142K(8320K)->8142K(8320K) Class: 652K(704K)->652K(704K)
[13165.227s][info][gc             ] GC(33303) Pause Young (Allocation Failure) 432M->310M(428M) 2.115ms
[13165.227s][info][gc,cpu         ] GC(33303) User=0.00s Sys=0.00s Real=0.00s
[13165.600s][info][gc,start       ] GC(33304) Pause Young (Allocation Failure)
[13165.602s][info][gc,heap        ] GC(33304) PSYoungGen: 121072K(121344K)->224K(117760K) Eden: 120832K(120832K)->0K(117248K) From: 240K(512K)->224K(512K)
[13165.602s][info][gc,heap        ] GC(33304) ParOldGen: 317348K(317440K)->317364K(317440K)
[13165.602s][info][gc,metaspace   ] GC(33304) Metaspace: 8795K(9024K)->8795K(9024K) NonClass: 8142K(8320K)->8142K(8320K) Class: 652K(704K)->652K(704K)
[13165.602s][info][gc             ] GC(33304) Pause Young (Allocation Failure) 428M->310M(425M) 2.054ms
[13165.602s][info][gc,cpu         ] GC(33304) User=0.01s Sys=0.00s Real=0.01s
[13165.994s][info][gc,start       ] GC(33305) Pause Young (Allocation Failure)
[13165.996s][info][gc,heap        ] GC(33305) PSYoungGen: 117472K(117760K)->240K(114176K) Eden: 117248K(117248K)->0K(113664K) From: 224K(512K)->240K(512K)
[13165.996s][info][gc,heap        ] GC(33305) ParOldGen: 317364K(317440K)->317372K(317440K)
[13165.996s][info][gc,metaspace   ] GC(33305) Metaspace: 8795K(9024K)->8795K(9024K) NonClass: 8142K(8320K)->8142K(8320K) Class: 652K(704K)->652K(704K)
[13165.996s][info][gc             ] GC(33305) Pause Young (Allocation Failure) 424M->310M(421M) 2.112ms
[13165.996s][info][gc,cpu         ] GC(33305) User=0.00s Sys=0.01s Real=0.00s
[13166.349s][info][gc,start       ] GC(33306) Pause Young (Allocation Failure)
[13166.350s][info][gc,heap        ] GC(33306) PSYoungGen: 113904K(114176K)->256K(110592K) Eden: 113664K(113664K)->0K(110080K) From: 240K(512K)->256K(512K)
[13166.350s][info][gc,heap        ] GC(33306) ParOldGen: 317372K(317440K)->317380K(317440K)
[13166.350s][info][gc,metaspace   ] GC(33306) Metaspace: 8795K(9024K)->8795K(9024K) NonClass: 8142K(8320K)->8142K(8320K) Class: 652K(704K)->652K(704K)
[13166.350s][info][gc             ] GC(33306) Pause Young (Allocation Failure) 421M->310M(418M) 1.673ms
[13166.350s][info][gc,cpu         ] GC(33306) User=0.00s Sys=0.00s Real=0.01s
[13166.740s][info][gc,start       ] GC(33307) Pause Young (Allocation Failure)
[13166.742s][info][gc,heap        ] GC(33307) PSYoungGen: 110336K(110592K)->272K(107520K) Eden: 110080K(110080K)->0K(107008K) From: 256K(512K)->272K(512K)
[13166.742s][info][gc,heap        ] GC(33307) ParOldGen: 317380K(317440K)->317396K(317440K)
[13166.742s][info][gc,metaspace   ] GC(33307) Metaspace: 8795K(9024K)->8795K(9024K) NonClass: 8142K(8320K)->8142K(8320K) Class: 652K(704K)->652K(704K)
[13166.742s][info][gc             ] GC(33307) Pause Young (Allocation Failure) 417M->310M(415M) 2.130ms
[13166.742s][info][gc,cpu         ] GC(33307) User=0.00s Sys=0.00s Real=0.01s
[13167.101s][info][gc,start       ] GC(33308) Pause Young (Allocation Failure)
[13167.102s][info][gc,heap        ] GC(33308) PSYoungGen: 107280K(107520K)->256K(104448K) Eden: 107008K(107008K)->0K(103936K) From: 272K(512K)->256K(512K)
[13167.102s][info][gc,heap        ] GC(33308) ParOldGen: 317396K(317440K)->317412K(317440K)
[13167.102s][info][gc,metaspace   ] GC(33308) Metaspace: 8795K(9024K)->8795K(9024K) NonClass: 8142K(8320K)->8142K(8320K) Class: 652K(704K)->652K(704K)
[13167.102s][info][gc             ] GC(33308) Pause Young (Allocation Failure) 414M->310M(412M) 1.659ms
[13167.102s][info][gc,cpu         ] GC(33308) User=0.00s Sys=0.00s Real=0.00s
[13167.448s][info][gc,start       ] GC(33309) Pause Young (Allocation Failure)
[13167.449s][info][gc,heap        ] GC(33309) PSYoungGen: 104192K(104448K)->240K(101376K) Eden: 103936K(103936K)->0K(100864K) From: 256K(512K)->240K(512K)
[13167.449s][info][gc,heap        ] GC(33309) ParOldGen: 317412K(317440K)->317428K(317440K)
[13167.449s][info][gc,metaspace   ] GC(33309) Metaspace: 8795K(9024K)->8795K(9024K) NonClass: 8142K(8320K)->8142K(8320K) Class: 652K(704K)->652K(704K)
[13167.449s][info][gc             ] GC(33309) Pause Young (Allocation Failure) 411M->310M(409M) 1.458ms
[13167.449s][info][gc,cpu         ] GC(33309) User=0.00s Sys=0.00s Real=0.00s
[13167.785s][info][gc,start       ] GC(33310) Pause Young (Allocation Failure)
[13167.787s][info][gc,heap        ] GC(33310) PSYoungGen: 101104K(101376K)->240K(98304K) Eden: 100864K(100864K)->0K(97792K) From: 240K(512K)->240K(512K)
[13167.787s][info][gc,heap        ] GC(33310) ParOldGen: 317428K(317440K)->317436K(317440K)
[13167.787s][info][gc,metaspace   ] GC(33310) Metaspace: 8795K(9024K)->8795K(9024K) NonClass: 8142K(8320K)->8142K(8320K) Class: 652K(704K)->652K(704K)
[13167.787s][info][gc             ] GC(33310) Pause Young (Allocation Failure) 408M->310M(406M) 2.070ms
[13167.787s][info][gc,cpu         ] GC(33310) User=0.00s Sys=0.00s Real=0.00s
[13168.124s][info][gc,start       ] GC(33311) Pause Young (Allocation Failure)
[13168.125s][info][gc,heap        ] GC(33311) PSYoungGen: 98032K(98304K)->256K(95744K) Eden: 97792K(97792K)->0K(95232K) From: 240K(512K)->256K(512K)
[13168.125s][info][gc,heap        ] GC(33311) ParOldGen: 317436K(317440K)->317452K(317952K)
[13168.125s][info][gc,metaspace   ] GC(33311) Metaspace: 8795K(9024K)->8795K(9024K) NonClass: 8142K(8320K)->8142K(8320K) Class: 652K(704K)->652K(704K)
[13168.126s][info][gc             ] GC(33311) Pause Young (Allocation Failure) 405M->310M(404M) 1.289ms
[13168.126s][info][gc,cpu         ] GC(33311) User=0.00s Sys=0.00s Real=0.00s
[13168.444s][info][gc,start       ] GC(33312) Pause Young (Allocation Failure)
[13168.446s][info][gc,heap        ] GC(33312) PSYoungGen: 95488K(95744K)->240K(93184K) Eden: 95232K(95232K)->0K(92672K) From: 256K(512K)->240K(512K)
[13168.446s][info][gc,heap        ] GC(33312) ParOldGen: 317452K(317952K)->317460K(317952K)
[13168.446s][info][gc,metaspace   ] GC(33312) Metaspace: 8795K(9024K)->8795K(9024K) NonClass: 8142K(8320K)->8142K(8320K) Class: 652K(704K)->652K(704K)
[13168.446s][info][gc             ] GC(33312) Pause Young (Allocation Failure) 403M->310M(401M) 1.713ms
[13168.446s][info][gc,cpu         ] GC(33312) User=0.01s Sys=0.00s Real=0.00s
[13168.774s][info][gc,start       ] GC(33313) Pause Young (Allocation Failure)
[13168.775s][info][gc,heap        ] GC(33313) PSYoungGen: 92912K(93184K)->256K(90624K) Eden: 92672K(92672K)->0K(90112K) From: 240K(512K)->256K(512K)
[13168.775s][info][gc,heap        ] GC(33313) ParOldGen: 317460K(317952K)->317476K(317952K)
[13168.775s][info][gc,metaspace   ] GC(33313) Metaspace: 8795K(9024K)->8795K(9024K) NonClass: 8142K(8320K)->8142K(8320K) Class: 652K(704K)->652K(704K)
[13168.775s][info][gc             ] GC(33313) Pause Young (Allocation Failure) 400M->310M(399M) 1.155ms
[13168.775s][info][gc,cpu         ] GC(33313) User=0.01s Sys=0.00s Real=0.00s
[13169.112s][info][gc,start       ] GC(33314) Pause Young (Allocation Failure)
[13169.113s][info][gc,heap        ] GC(33314) PSYoungGen: 90368K(90624K)->240K(88064K) Eden: 90112K(90112K)->0K(87552K) From: 256K(512K)->240K(512K)
[13169.113s][info][gc,heap        ] GC(33314) ParOldGen: 317476K(317952K)->317492K(317952K)
[13169.113s][info][gc,metaspace   ] GC(33314) Metaspace: 8795K(9024K)->8795K(9024K) NonClass: 8142K(8320K)->8142K(8320K) Class: 652K(704K)->652K(704K)
[13169.113s][info][gc             ] GC(33314) Pause Young (Allocation Failure) 398M->310M(396M) 1.163ms
[13169.113s][info][gc,cpu         ] GC(33314) User=0.00s Sys=0.00s Real=0.00s
[13169.406s][info][gc,start       ] GC(33315) Pause Young (Allocation Failure)
[13169.407s][info][gc,heap        ] GC(33315) PSYoungGen: 87792K(88064K)->240K(202752K) Eden: 87552K(87552K)->0K(202240K) From: 240K(512K)->240K(512K)
[13169.407s][info][gc,heap        ] GC(33315) ParOldGen: 317492K(317952K)->317508K(317952K)
[13169.407s][info][gc,metaspace   ] GC(33315) Metaspace: 8795K(9024K)->8795K(9024K) NonClass: 8142K(8320K)->8142K(8320K) Class: 652K(704K)->652K(704K)
[13169.407s][info][gc             ] GC(33315) Pause Young (Allocation Failure) 395M->310M(508M) 1.174ms
[13169.407s][info][gc,cpu         ] GC(33315) User=0.00s Sys=0.00s Real=0.00s
[13170.098s][info][gc,start       ] GC(33316) Pause Young (Allocation Failure)
[13170.099s][info][gc,heap        ] GC(33316) PSYoungGen: 202480K(202752K)->288K(195584K) Eden: 202240K(202240K)->0K(195072K) From: 240K(512K)->288K(512K)
[13170.099s][info][gc,heap        ] GC(33316) ParOldGen: 317508K(317952K)->317524K(317952K)
[13170.099s][info][gc,metaspace   ] GC(33316) Metaspace: 8795K(9024K)->8795K(9024K) NonClass: 8142K(8320K)->8142K(8320K) Class: 652K(704K)->652K(704K)
[13170.099s][info][gc             ] GC(33316) Pause Young (Allocation Failure) 507M->310M(501M) 1.155ms
[13170.099s][info][gc,cpu         ] GC(33316) User=0.00s Sys=0.00s Real=0.00s
[13170.749s][info][gc,start       ] GC(33317) Pause Young (Allocation Failure)
[13170.751s][info][gc,heap        ] GC(33317) PSYoungGen: 195360K(195584K)->240K(188416K) Eden: 195072K(195072K)->0K(187904K) From: 288K(512K)->240K(512K)
[13170.751s][info][gc,heap        ] GC(33317) ParOldGen: 317524K(317952K)->317540K(317952K)
[13170.751s][info][gc,metaspace   ] GC(33317) Metaspace: 8795K(9024K)->8795K(9024K) NonClass: 8142K(8320K)->8142K(8320K) Class: 652K(704K)->652K(704K)
[13170.751s][info][gc             ] GC(33317) Pause Young (Allocation Failure) 500M->310M(494M) 1.178ms
[13170.751s][info][gc,cpu         ] GC(33317) User=0.01s Sys=0.00s Real=0.01s
[13171.322s][info][gc,start       ] GC(33318) Pause Young (Allocation Failure)
[13171.323s][info][gc,heap        ] GC(33318) PSYoungGen: 188144K(188416K)->240K(181760K) Eden: 187904K(187904K)->0K(181248K) From: 240K(512K)->240K(512K)
[13171.323s][info][gc,heap        ] GC(33318) ParOldGen: 317540K(317952K)->317556K(317952K)
[13171.323s][info][gc,metaspace   ] GC(33318) Metaspace: 8795K(9024K)->8795K(9024K) NonClass: 8142K(8320K)->8142K(8320K) Class: 652K(704K)->652K(704K)
[13171.323s][info][gc             ] GC(33318) Pause Young (Allocation Failure) 493M->310M(488M) 1.182ms
[13171.323s][info][gc,cpu         ] GC(33318) User=0.00s Sys=0.00s Real=0.00s
[13171.900s][info][gc,start       ] GC(33319) Pause Young (Allocation Failure)
[13171.902s][info][gc,heap        ] GC(33319) PSYoungGen: 181488K(181760K)->240K(175104K) Eden: 181248K(181248K)->0K(174592K) From: 240K(512K)->240K(512K)
[13171.902s][info][gc,heap        ] GC(33319) ParOldGen: 317556K(317952K)->317572K(317952K)
[13171.902s][info][gc,metaspace   ] GC(33319) Metaspace: 8795K(9024K)->8795K(9024K) NonClass: 8142K(8320K)->8142K(8320K) Class: 652K(704K)->652K(704K)
[13171.902s][info][gc             ] GC(33319) Pause Young (Allocation Failure) 487M->310M(481M) 1.147ms
[13171.902s][info][gc,cpu         ] GC(33319) User=0.00s Sys=0.00s Real=0.00s
[13172.556s][info][gc,start       ] GC(33320) Pause Young (Allocation Failure)
[13172.557s][info][gc,heap        ] GC(33320) PSYoungGen: 174832K(175104K)->240K(168960K) Eden: 174592K(174592K)->0K(168448K) From: 240K(512K)->240K(512K)
[13172.557s][info][gc,heap        ] GC(33320) ParOldGen: 317572K(317952K)->317588K(317952K)
[13172.557s][info][gc,metaspace   ] GC(33320) Metaspace: 8795K(9024K)->8795K(9024K) NonClass: 8142K(8320K)->8142K(8320K) Class: 652K(704K)->652K(704K)
[13172.557s][info][gc             ] GC(33320) Pause Young (Allocation Failure) 480M->310M(475M) 1.140ms
[13172.557s][info][gc,cpu         ] GC(33320) User=0.00s Sys=0.00s Real=0.00s
[13173.150s][info][gc,start       ] GC(33321) Pause Young (Allocation Failure)
[13173.151s][info][gc,heap        ] GC(33321) PSYoungGen: 168688K(168960K)->256K(163328K) Eden: 168448K(168448K)->0K(162816K) From: 240K(512K)->256K(512K)
[13173.151s][info][gc,heap        ] GC(33321) ParOldGen: 317588K(317952K)->317604K(317952K)
[13173.151s][info][gc,metaspace   ] GC(33321) Metaspace: 8795K(9024K)->8795K(9024K) NonClass: 8142K(8320K)->8142K(8320K) Class: 652K(704K)->652K(704K)
[13173.151s][info][gc             ] GC(33321) Pause Young (Allocation Failure) 474M->310M(470M) 1.198ms
[13173.151s][info][gc,cpu         ] GC(33321) User=0.00s Sys=0.00s Real=0.01s
[13173.679s][info][gc,start       ] GC(33322) Pause Young (Allocation Failure)
[13173.681s][info][gc,heap        ] GC(33322) PSYoungGen: 163072K(163328K)->256K(157696K) Eden: 162816K(162816K)->0K(157184K) From: 256K(512K)->256K(512K)
[13173.681s][info][gc,heap        ] GC(33322) ParOldGen: 317604K(317952K)->317620K(317952K)
[13173.681s][info][gc,metaspace   ] GC(33322) Metaspace: 8795K(9024K)->8795K(9024K) NonClass: 8142K(8320K)->8142K(8320K) Class: 652K(704K)->652K(704K)
[13173.681s][info][gc             ] GC(33322) Pause Young (Allocation Failure) 469M->310M(464M) 1.164ms
[13173.681s][info][gc,cpu         ] GC(33322) User=0.00s Sys=0.00s Real=0.01s
[13174.206s][info][gc,start       ] GC(33323) Pause Young (Allocation Failure)
[13174.207s][info][gc,heap        ] GC(33323) PSYoungGen: 157440K(157696K)->240K(152576K) Eden: 157184K(157184K)->0K(152064K) From: 256K(512K)->240K(512K)
[13174.207s][info][gc,heap        ] GC(33323) ParOldGen: 317620K(317952K)->317636K(317952K)
[13174.207s][info][gc,metaspace   ] GC(33323) Metaspace: 8795K(9024K)->8795K(9024K) NonClass: 8142K(8320K)->8142K(8320K) Class: 652K(704K)->652K(704K)
[13174.207s][info][gc             ] GC(33323) Pause Young (Allocation Failure) 463M->310M(459M) 1.148ms
[13174.207s][info][gc,cpu         ] GC(33323) User=0.00s Sys=0.00s Real=0.00s
[13174.696s][info][gc,start       ] GC(33324) Pause Young (Allocation Failure)
[13174.698s][info][gc,heap        ] GC(33324) PSYoungGen: 152304K(152576K)->256K(147456K) Eden: 152064K(152064K)->0K(146944K) From: 240K(512K)->256K(512K)
[13174.698s][info][gc,heap        ] GC(33324) ParOldGen: 317636K(317952K)->317644K(317952K)
[13174.698s][info][gc,metaspace   ] GC(33324) Metaspace: 8795K(9024K)->8795K(9024K) NonClass: 8142K(8320K)->8142K(8320K) Class: 652K(704K)->652K(704K)
[13174.698s][info][gc             ] GC(33324) Pause Young (Allocation Failure) 458M->310M(454M) 2.141ms
[13174.698s][info][gc,cpu         ] GC(33324) User=0.00s Sys=0.00s Real=0.00s
[13175.208s][info][gc,start       ] GC(33325) Pause Young (Allocation Failure)
[13175.209s][info][gc,heap        ] GC(33325) PSYoungGen: 147200K(147456K)->224K(142848K) Eden: 146944K(146944K)->0K(142336K) From: 256K(512K)->224K(512K)
[13175.210s][info][gc,heap        ] GC(33325) ParOldGen: 317644K(317952K)->317652K(317952K)
[13175.210s][info][gc,metaspace   ] GC(33325) Metaspace: 8795K(9024K)->8795K(9024K) NonClass: 8142K(8320K)->8142K(8320K) Class: 652K(704K)->652K(704K)
[13175.210s][info][gc             ] GC(33325) Pause Young (Allocation Failure) 453M->310M(450M) 1.145ms
[13175.210s][info][gc,cpu         ] GC(33325) User=0.00s Sys=0.00s Real=0.00s
[13175.675s][info][gc,start       ] GC(33326) Pause Young (Allocation Failure)
[13175.676s][info][gc,heap        ] GC(33326) PSYoungGen: 142560K(142848K)->240K(138240K) Eden: 142336K(142336K)->0K(137728K) From: 224K(512K)->240K(512K)
[13175.676s][info][gc,heap        ] GC(33326) ParOldGen: 317652K(317952K)->317668K(317952K)
[13175.676s][info][gc,metaspace   ] GC(33326) Metaspace: 8795K(9024K)->8795K(9024K) NonClass: 8142K(8320K)->8142K(8320K) Class: 652K(704K)->652K(704K)
[13175.676s][info][gc             ] GC(33326) Pause Young (Allocation Failure) 449M->310M(445M) 1.135ms
[13175.676s][info][gc,cpu         ] GC(33326) User=0.00s Sys=0.00s Real=0.00s
[13176.125s][info][gc,start       ] GC(33327) Pause Young (Allocation Failure)
[13176.126s][info][gc,heap        ] GC(33327) PSYoungGen: 137968K(138240K)->224K(133632K) Eden: 137728K(137728K)->0K(133120K) From: 240K(512K)->224K(512K)
[13176.126s][info][gc,heap        ] GC(33327) ParOldGen: 317668K(317952K)->317684K(317952K)
[13176.126s][info][gc,metaspace   ] GC(33327) Metaspace: 8795K(9024K)->8795K(9024K) NonClass: 8142K(8320K)->8142K(8320K) Class: 652K(704K)->652K(704K)
[13176.126s][info][gc             ] GC(33327) Pause Young (Allocation Failure) 444M->310M(441M) 1.174ms
[13176.126s][info][gc,cpu         ] GC(33327) User=0.01s Sys=0.00s Real=0.00s
[13176.566s][info][gc,start       ] GC(33328) Pause Young (Allocation Failure)
[13176.567s][info][gc,heap        ] GC(33328) PSYoungGen: 133344K(133632K)->256K(129536K) Eden: 133120K(133120K)->0K(129024K) From: 224K(512K)->256K(512K)
[13176.567s][info][gc,heap        ] GC(33328) ParOldGen: 317684K(317952K)->317700K(317952K)
[13176.567s][info][gc,metaspace   ] GC(33328) Metaspace: 8795K(9024K)->8795K(9024K) NonClass: 8142K(8320K)->8142K(8320K) Class: 652K(704K)->652K(704K)
[13176.567s][info][gc             ] GC(33328) Pause Young (Allocation Failure) 440M->310M(437M) 1.160ms
[13176.567s][info][gc,cpu         ] GC(33328) User=0.00s Sys=0.00s Real=0.00s
[13177.001s][info][gc,start       ] GC(33329) Pause Young (Allocation Failure)
[13177.002s][info][gc,heap        ] GC(33329) PSYoungGen: 129280K(129536K)->256K(125440K) Eden: 129024K(129024K)->0K(124928K) From: 256K(512K)->256K(512K)
[13177.002s][info][gc,heap        ] GC(33329) ParOldGen: 317700K(317952K)->317716K(317952K)
[13177.002s][info][gc,metaspace   ] GC(33329) Metaspace: 8795K(9024K)->8795K(9024K) NonClass: 8142K(8320K)->8142K(8320K) Class: 652K(704K)->652K(704K)
[13177.002s][info][gc             ] GC(33329) Pause Young (Allocation Failure) 436M->310M(433M) 1.153ms
[13177.002s][info][gc,cpu         ] GC(33329) User=0.00s Sys=0.00s Real=0.00s
[13177.409s][info][gc,start       ] GC(33330) Pause Young (Allocation Failure)
[13177.410s][info][gc,heap        ] GC(33330) PSYoungGen: 125184K(125440K)->256K(121344K) Eden: 124928K(124928K)->0K(120832K) From: 256K(512K)->256K(512K)
[13177.410s][info][gc,heap        ] GC(33330) ParOldGen: 317716K(317952K)->317732K(317952K)
[13177.410s][info][gc,metaspace   ] GC(33330) Metaspace: 8795K(9024K)->8795K(9024K) NonClass: 8142K(8320K)->8142K(8320K) Class: 652K(704K)->652K(704K)
[13177.411s][info][gc             ] GC(33330) Pause Young (Allocation Failure) 432M->310M(429M) 1.081ms
[13177.411s][info][gc,cpu         ] GC(33330) User=0.00s Sys=0.00s Real=0.01s
[13177.789s][info][gc,start       ] GC(33331) Pause Young (Allocation Failure)
[13177.790s][info][gc,heap        ] GC(33331) PSYoungGen: 121088K(121344K)->240K(117760K) Eden: 120832K(120832K)->0K(117248K) From: 256K(512K)->240K(512K)
[13177.790s][info][gc,heap        ] GC(33331) ParOldGen: 317732K(317952K)->317748K(317952K)
[13177.790s][info][gc,metaspace   ] GC(33331) Metaspace: 8795K(9024K)->8795K(9024K) NonClass: 8142K(8320K)->8142K(8320K) Class: 652K(704K)->652K(704K)
[13177.790s][info][gc             ] GC(33331) Pause Young (Allocation Failure) 428M->310M(425M) 1.162ms
[13177.790s][info][gc,cpu         ] GC(33331) User=0.01s Sys=0.00s Real=0.00s
[13178.162s][info][gc,start       ] GC(33332) Pause Young (Allocation Failure)
[13178.164s][info][gc,heap        ] GC(33332) PSYoungGen: 117488K(117760K)->256K(114176K) Eden: 117248K(117248K)->0K(113664K) From: 240K(512K)->256K(512K)
[13178.164s][info][gc,heap        ] GC(33332) ParOldGen: 317748K(317952K)->317764K(317952K)
[13178.164s][info][gc,metaspace   ] GC(33332) Metaspace: 8795K(9024K)->8795K(9024K) NonClass: 8142K(8320K)->8142K(8320K) Class: 652K(704K)->652K(704K)
[13178.164s][info][gc             ] GC(33332) Pause Young (Allocation Failure) 425M->310M(422M) 1.198ms
[13178.164s][info][gc,cpu         ] GC(33332) User=0.00s Sys=0.00s Real=0.00s
[13178.519s][info][gc,start       ] GC(33333) Pause Young (Allocation Failure)
[13178.521s][info][gc,heap        ] GC(33333) PSYoungGen: 113920K(114176K)->288K(110592K) Eden: 113664K(113664K)->0K(110080K) From: 256K(512K)->288K(512K)
[13178.521s][info][gc,heap        ] GC(33333) ParOldGen: 317764K(317952K)->317780K(317952K)
[13178.521s][info][gc,metaspace   ] GC(33333) Metaspace: 8795K(9024K)->8795K(9024K) NonClass: 8142K(8320K)->8142K(8320K) Class: 652K(704K)->652K(704K)
[13178.521s][info][gc             ] GC(33333) Pause Young (Allocation Failure) 421M->310M(418M) 2.047ms
[13178.521s][info][gc,cpu         ] GC(33333) User=0.00s Sys=0.01s Real=0.01s
[13178.866s][info][gc,start       ] GC(33334) Pause Young (Allocation Failure)
[13178.868s][info][gc,heap        ] GC(33334) PSYoungGen: 110368K(110592K)->240K(107520K) Eden: 110080K(110080K)->0K(107008K) From: 288K(512K)->240K(512K)
[13178.868s][info][gc,heap        ] GC(33334) ParOldGen: 317780K(317952K)->317796K(317952K)
[13178.868s][info][gc,metaspace   ] GC(33334) Metaspace: 8795K(9024K)->8795K(9024K) NonClass: 8142K(8320K)->8142K(8320K) Class: 652K(704K)->652K(704K)
[13178.868s][info][gc             ] GC(33334) Pause Young (Allocation Failure) 418M->310M(415M) 2.143ms
[13178.868s][info][gc,cpu         ] GC(33334) User=0.01s Sys=0.00s Real=0.00s
[13179.218s][info][gc,start       ] GC(33335) Pause Young (Allocation Failure)
[13179.220s][info][gc,heap        ] GC(33335) PSYoungGen: 107248K(107520K)->240K(104448K) Eden: 107008K(107008K)->0K(103936K) From: 240K(512K)->240K(512K)
[13179.220s][info][gc,heap        ] GC(33335) ParOldGen: 317796K(317952K)->317804K(317952K)
[13179.220s][info][gc,metaspace   ] GC(33335) Metaspace: 8795K(9024K)->8795K(9024K) NonClass: 8142K(8320K)->8142K(8320K) Class: 652K(704K)->652K(704K)
[13179.220s][info][gc             ] GC(33335) Pause Young (Allocation Failure) 415M->310M(412M) 2.072ms
[13179.220s][info][gc,cpu         ] GC(33335) User=0.00s Sys=0.00s Real=0.00s
[13179.553s][info][gc,start       ] GC(33336) Pause Young (Allocation Failure)
[13179.555s][info][gc,heap        ] GC(33336) PSYoungGen: 104176K(104448K)->224K(101376K) Eden: 103936K(103936K)->0K(100864K) From: 240K(512K)->224K(512K)
[13179.555s][info][gc,heap        ] GC(33336) ParOldGen: 317804K(317952K)->317812K(317952K)
[13179.555s][info][gc,metaspace   ] GC(33336) Metaspace: 8795K(9024K)->8795K(9024K) NonClass: 8142K(8320K)->8142K(8320K) Class: 652K(704K)->652K(704K)
[13179.555s][info][gc             ] GC(33336) Pause Young (Allocation Failure) 412M->310M(409M) 2.048ms
[13179.555s][info][gc,cpu         ] GC(33336) User=0.00s Sys=0.00s Real=0.00s
[13179.894s][info][gc,start       ] GC(33337) Pause Young (Allocation Failure)
[13179.896s][info][gc,heap        ] GC(33337) PSYoungGen: 101088K(101376K)->256K(98304K) Eden: 100864K(100864K)->0K(97792K) From: 224K(512K)->256K(512K)
[13179.896s][info][gc,heap        ] GC(33337) ParOldGen: 317812K(317952K)->317820K(317952K)
[13179.896s][info][gc,metaspace   ] GC(33337) Metaspace: 8795K(9024K)->8795K(9024K) NonClass: 8142K(8320K)->8142K(8320K) Class: 652K(704K)->652K(704K)
[13179.896s][info][gc             ] GC(33337) Pause Young (Allocation Failure) 409M->310M(406M) 2.506ms
[13179.896s][info][gc,cpu         ] GC(33337) User=0.00s Sys=0.00s Real=0.00s
[13180.207s][info][gc,start       ] GC(33338) Pause Young (Allocation Failure)
[13180.209s][info][gc,heap        ] GC(33338) PSYoungGen: 98048K(98304K)->304K(95744K) Eden: 97792K(97792K)->0K(95232K) From: 256K(512K)->304K(512K)
[13180.209s][info][gc,heap        ] GC(33338) ParOldGen: 317820K(317952K)->317836K(317952K)
[13180.209s][info][gc,metaspace   ] GC(33338) Metaspace: 8795K(9024K)->8795K(9024K) NonClass: 8142K(8320K)->8142K(8320K) Class: 652K(704K)->652K(704K)
[13180.209s][info][gc             ] GC(33338) Pause Young (Allocation Failure) 406M->310M(404M) 2.484ms
[13180.209s][info][gc,cpu         ] GC(33338) User=0.00s Sys=0.00s Real=0.00s
[13180.552s][info][gc,start       ] GC(33339) Pause Young (Allocation Failure)
[13180.554s][info][gc,heap        ] GC(33339) PSYoungGen: 95536K(95744K)->272K(93184K) Eden: 95232K(95232K)->0K(92672K) From: 304K(512K)->272K(512K)
[13180.554s][info][gc,heap        ] GC(33339) ParOldGen: 317836K(317952K)->317852K(317952K)
[13180.554s][info][gc,metaspace   ] GC(33339) Metaspace: 8795K(9024K)->8795K(9024K) NonClass: 8142K(8320K)->8142K(8320K) Class: 652K(704K)->652K(704K)
[13180.554s][info][gc             ] GC(33339) Pause Young (Allocation Failure) 403M->310M(401M) 2.275ms
[13180.554s][info][gc,cpu         ] GC(33339) User=0.00s Sys=0.00s Real=0.00s
[13180.842s][info][gc,start       ] GC(33340) Pause Young (Allocation Failure)
[13180.845s][info][gc,heap        ] GC(33340) PSYoungGen: 92944K(93184K)->256K(90624K) Eden: 92672K(92672K)->0K(90112K) From: 272K(512K)->256K(512K)
[13180.845s][info][gc,heap        ] GC(33340) ParOldGen: 317852K(317952K)->317868K(317952K)
[13180.845s][info][gc,metaspace   ] GC(33340) Metaspace: 8795K(9024K)->8795K(9024K) NonClass: 8142K(8320K)->8142K(8320K) Class: 652K(704K)->652K(704K)
[13180.845s][info][gc             ] GC(33340) Pause Young (Allocation Failure) 401M->310M(399M) 2.688ms
[13180.845s][info][gc,cpu         ] GC(33340) User=0.01s Sys=0.00s Real=0.00s
[13181.135s][info][gc,start       ] GC(33341) Pause Young (Allocation Failure)
[13181.137s][info][gc,heap        ] GC(33341) PSYoungGen: 90368K(90624K)->224K(88064K) Eden: 90112K(90112K)->0K(87552K) From: 256K(512K)->224K(512K)
[13181.137s][info][gc,heap        ] GC(33341) ParOldGen: 317868K(317952K)->317884K(317952K)
[13181.137s][info][gc,metaspace   ] GC(33341) Metaspace: 8795K(9024K)->8795K(9024K) NonClass: 8142K(8320K)->8142K(8320K) Class: 652K(704K)->652K(704K)
[13181.137s][info][gc             ] GC(33341) Pause Young (Allocation Failure) 398M->310M(396M) 2.057ms
[13181.137s][info][gc,cpu         ] GC(33341) User=0.00s Sys=0.01s Real=0.00s
[13181.421s][info][gc,start       ] GC(33342) Pause Young (Allocation Failure)
[13181.423s][info][gc,heap        ] GC(33342) PSYoungGen: 87776K(88064K)->256K(202752K) Eden: 87552K(87552K)->0K(202240K) From: 224K(512K)->256K(512K)
[13181.423s][info][gc,heap        ] GC(33342) ParOldGen: 317884K(317952K)->317900K(317952K)
[13181.423s][info][gc,metaspace   ] GC(33342) Metaspace: 8795K(9024K)->8795K(9024K) NonClass: 8142K(8320K)->8142K(8320K) Class: 652K(704K)->652K(704K)
[13181.423s][info][gc             ] GC(33342) Pause Young (Allocation Failure) 396M->310M(508M) 1.494ms
[13181.423s][info][gc,cpu         ] GC(33342) User=0.00s Sys=0.00s Real=0.00s
[13182.088s][info][gc,start       ] GC(33343) Pause Young (Allocation Failure)
[13182.089s][info][gc,heap        ] GC(33343) PSYoungGen: 202496K(202752K)->256K(195584K) Eden: 202240K(202240K)->0K(195072K) From: 256K(512K)->256K(512K)
[13182.089s][info][gc,heap        ] GC(33343) ParOldGen: 317900K(317952K)->317916K(317952K)
[13182.089s][info][gc,metaspace   ] GC(33343) Metaspace: 8795K(9024K)->8795K(9024K) NonClass: 8142K(8320K)->8142K(8320K) Class: 652K(704K)->652K(704K)
[13182.089s][info][gc             ] GC(33343) Pause Young (Allocation Failure) 508M->310M(501M) 1.165ms
[13182.089s][info][gc,cpu         ] GC(33343) User=0.00s Sys=0.00s Real=0.00s
[13182.722s][info][gc,start       ] GC(33344) Pause Young (Allocation Failure)
[13182.724s][info][gc,heap        ] GC(33344) PSYoungGen: 195328K(195584K)->240K(188416K) Eden: 195072K(195072K)->0K(187904K) From: 256K(512K)->240K(512K)
[13182.724s][info][gc,heap        ] GC(33344) ParOldGen: 317916K(317952K)->317932K(317952K)
[13182.724s][info][gc,metaspace   ] GC(33344) Metaspace: 8795K(9024K)->8795K(9024K) NonClass: 8142K(8320K)->8142K(8320K) Class: 652K(704K)->652K(704K)
[13182.724s][info][gc             ] GC(33344) Pause Young (Allocation Failure) 501M->310M(494M) 2.107ms
[13182.724s][info][gc,cpu         ] GC(33344) User=0.00s Sys=0.00s Real=0.00s
[13183.333s][info][gc,start       ] GC(33345) Pause Young (Allocation Failure)
[13183.335s][info][gc,heap        ] GC(33345) PSYoungGen: 188144K(188416K)->240K(181760K) Eden: 187904K(187904K)->0K(181248K) From: 240K(512K)->240K(512K)
[13183.335s][info][gc,heap        ] GC(33345) ParOldGen: 317932K(317952K)->317948K(317952K)
[13183.335s][info][gc,metaspace   ] GC(33345) Metaspace: 8795K(9024K)->8795K(9024K) NonClass: 8142K(8320K)->8142K(8320K) Class: 652K(704K)->652K(704K)
[13183.335s][info][gc             ] GC(33345) Pause Young (Allocation Failure) 494M->310M(488M) 2.378ms
[13183.335s][info][gc,cpu         ] GC(33345) User=0.00s Sys=0.00s Real=0.00s
[13183.934s][info][gc,start       ] GC(33346) Pause Young (Allocation Failure)
[13183.936s][info][gc,heap        ] GC(33346) PSYoungGen: 181488K(181760K)->240K(175104K) Eden: 181248K(181248K)->0K(174592K) From: 240K(512K)->240K(512K)
[13183.936s][info][gc,heap        ] GC(33346) ParOldGen: 317948K(317952K)->317956K(318464K)
[13183.936s][info][gc,metaspace   ] GC(33346) Metaspace: 8795K(9024K)->8795K(9024K) NonClass: 8142K(8320K)->8142K(8320K) Class: 652K(704K)->652K(704K)
[13183.936s][info][gc             ] GC(33346) Pause Young (Allocation Failure) 487M->310M(482M) 2.366ms
[13183.936s][info][gc,cpu         ] GC(33346) User=0.00s Sys=0.00s Real=0.00s
[13184.496s][info][gc,start       ] GC(33347) Pause Young (Allocation Failure)
[13184.497s][info][gc,heap        ] GC(33347) PSYoungGen: 174832K(175104K)->288K(168960K) Eden: 174592K(174592K)->0K(168448K) From: 240K(512K)->288K(512K)
[13184.497s][info][gc,heap        ] GC(33347) ParOldGen: 317956K(318464K)->317972K(318464K)
[13184.497s][info][gc,metaspace   ] GC(33347) Metaspace: 8795K(9024K)->8795K(9024K) NonClass: 8142K(8320K)->8142K(8320K) Class: 652K(704K)->652K(704K)
[13184.497s][info][gc             ] GC(33347) Pause Young (Allocation Failure) 481M->310M(476M) 1.171ms
[13184.497s][info][gc,cpu         ] GC(33347) User=0.01s Sys=0.00s Real=0.00s
[13185.040s][info][gc,start       ] GC(33348) Pause Young (Allocation Failure)
[13185.041s][info][gc,heap        ] GC(33348) PSYoungGen: 168736K(168960K)->256K(163328K) Eden: 168448K(168448K)->0K(162816K) From: 288K(512K)->256K(512K)
[13185.041s][info][gc,heap        ] GC(33348) ParOldGen: 317972K(318464K)->317988K(318464K)
[13185.041s][info][gc,metaspace   ] GC(33348) Metaspace: 8795K(9024K)->8795K(9024K) NonClass: 8142K(8320K)->8142K(8320K) Class: 652K(704K)->652K(704K)
[13185.041s][info][gc             ] GC(33348) Pause Young (Allocation Failure) 475M->310M(470M) 1.202ms
[13185.041s][info][gc,cpu         ] GC(33348) User=0.00s Sys=0.00s Real=0.01s
[13185.562s][info][gc,start       ] GC(33349) Pause Young (Allocation Failure)
[13185.563s][info][gc,heap        ] GC(33349) PSYoungGen: 163072K(163328K)->240K(157696K) Eden: 162816K(162816K)->0K(157184K) From: 256K(512K)->240K(512K)
[13185.563s][info][gc,heap        ] GC(33349) ParOldGen: 317988K(318464K)->318004K(318464K)
[13185.563s][info][gc,metaspace   ] GC(33349) Metaspace: 8795K(9024K)->8795K(9024K) NonClass: 8142K(8320K)->8142K(8320K) Class: 652K(704K)->652K(704K)
[13185.563s][info][gc             ] GC(33349) Pause Young (Allocation Failure) 469M->310M(465M) 1.214ms
[13185.563s][info][gc,cpu         ] GC(33349) User=0.00s Sys=0.00s Real=0.00s
[13186.071s][info][gc,start       ] GC(33350) Pause Young (Allocation Failure)
[13186.072s][info][gc,heap        ] GC(33350) PSYoungGen: 157424K(157696K)->272K(152576K) Eden: 157184K(157184K)->0K(152064K) From: 240K(512K)->272K(512K)
[13186.072s][info][gc,heap        ] GC(33350) ParOldGen: 318004K(318464K)->318020K(318464K)
[13186.072s][info][gc,metaspace   ] GC(33350) Metaspace: 8795K(9024K)->8795K(9024K) NonClass: 8142K(8320K)->8142K(8320K) Class: 652K(704K)->652K(704K)
[13186.072s][info][gc             ] GC(33350) Pause Young (Allocation Failure) 464M->310M(460M) 1.167ms
[13186.072s][info][gc,cpu         ] GC(33350) User=0.00s Sys=0.00s Real=0.00s
[13186.530s][info][gc,start       ] GC(33351) Pause Young (Allocation Failure)
[13186.531s][info][gc,heap        ] GC(33351) PSYoungGen: 152336K(152576K)->240K(147456K) Eden: 152064K(152064K)->0K(146944K) From: 272K(512K)->240K(512K)
[13186.531s][info][gc,heap        ] GC(33351) ParOldGen: 318020K(318464K)->318036K(318464K)
[13186.531s][info][gc,metaspace   ] GC(33351) Metaspace: 8795K(9024K)->8795K(9024K) NonClass: 8142K(8320K)->8142K(8320K) Class: 652K(704K)->652K(704K)
[13186.531s][info][gc             ] GC(33351) Pause Young (Allocation Failure) 459M->310M(455M) 1.178ms
[13186.531s][info][gc,cpu         ] GC(33351) User=0.00s Sys=0.00s Real=0.01s
[13186.992s][info][gc,start       ] GC(33352) Pause Young (Allocation Failure)
[13186.993s][info][gc,heap        ] GC(33352) PSYoungGen: 147184K(147456K)->240K(142848K) Eden: 146944K(146944K)->0K(142336K) From: 240K(512K)->240K(512K)
[13186.993s][info][gc,heap        ] GC(33352) ParOldGen: 318036K(318464K)->318052K(318464K)
[13186.993s][info][gc,metaspace   ] GC(33352) Metaspace: 8795K(9024K)->8795K(9024K) NonClass: 8142K(8320K)->8142K(8320K) Class: 652K(704K)->652K(704K)
[13186.993s][info][gc             ] GC(33352) Pause Young (Allocation Failure) 454M->310M(450M) 1.167ms
[13186.993s][info][gc,cpu         ] GC(33352) User=0.00s Sys=0.00s Real=0.00s
[13187.450s][info][gc,start       ] GC(33353) Pause Young (Allocation Failure)
[13187.451s][info][gc,heap        ] GC(33353) PSYoungGen: 142576K(142848K)->240K(138240K) Eden: 142336K(142336K)->0K(137728K) From: 240K(512K)->240K(512K)
[13187.451s][info][gc,heap        ] GC(33353) ParOldGen: 318052K(318464K)->318068K(318464K)
[13187.451s][info][gc,metaspace   ] GC(33353) Metaspace: 8795K(9024K)->8795K(9024K) NonClass: 8142K(8320K)->8142K(8320K) Class: 652K(704K)->652K(704K)
[13187.451s][info][gc             ] GC(33353) Pause Young (Allocation Failure) 449M->310M(446M) 1.189ms
[13187.452s][info][gc,cpu         ] GC(33353) User=0.00s Sys=0.00s Real=0.00s
[13187.877s][info][gc,start       ] GC(33354) Pause Young (Allocation Failure)
[13187.878s][info][gc,heap        ] GC(33354) PSYoungGen: 137968K(138240K)->240K(133632K) Eden: 137728K(137728K)->0K(133120K) From: 240K(512K)->240K(512K)
[13187.878s][info][gc,heap        ] GC(33354) ParOldGen: 318068K(318464K)->318084K(318464K)
[13187.878s][info][gc,metaspace   ] GC(33354) Metaspace: 8795K(9024K)->8795K(9024K) NonClass: 8142K(8320K)->8142K(8320K) Class: 652K(704K)->652K(704K)
[13187.878s][info][gc             ] GC(33354) Pause Young (Allocation Failure) 445M->310M(441M) 1.092ms
[13187.878s][info][gc,cpu         ] GC(33354) User=0.00s Sys=0.00s Real=0.00s
[13188.270s][info][gc,start       ] GC(33355) Pause Young (Allocation Failure)
[13188.271s][info][gc,heap        ] GC(33355) PSYoungGen: 133360K(133632K)->256K(129536K) Eden: 133120K(133120K)->0K(129024K) From: 240K(512K)->256K(512K)
[13188.271s][info][gc,heap        ] GC(33355) ParOldGen: 318084K(318464K)->318100K(318464K)
[13188.271s][info][gc,metaspace   ] GC(33355) Metaspace: 8795K(9024K)->8795K(9024K) NonClass: 8142K(8320K)->8142K(8320K) Class: 652K(704K)->652K(704K)
[13188.271s][info][gc             ] GC(33355) Pause Young (Allocation Failure) 440M->310M(437M) 1.153ms
[13188.271s][info][gc,cpu         ] GC(33355) User=0.00s Sys=0.00s Real=0.01s
[13188.647s][info][gc,start       ] GC(33356) Pause Young (Allocation Failure)
[13188.648s][info][gc,heap        ] GC(33356) PSYoungGen: 129280K(129536K)->256K(125440K) Eden: 129024K(129024K)->0K(124928K) From: 256K(512K)->256K(512K)
[13188.648s][info][gc,heap        ] GC(33356) ParOldGen: 318100K(318464K)->318116K(318464K)
[13188.648s][info][gc,metaspace   ] GC(33356) Metaspace: 8795K(9024K)->8795K(9024K) NonClass: 8142K(8320K)->8142K(8320K) Class: 652K(704K)->652K(704K)
[13188.648s][info][gc             ] GC(33356) Pause Young (Allocation Failure) 436M->310M(433M) 1.161ms
[13188.648s][info][gc,cpu         ] GC(33356) User=0.00s Sys=0.00s Real=0.00s
[13189.006s][info][gc,start       ] GC(33357) Pause Young (Allocation Failure)
[13189.007s][info][gc,heap        ] GC(33357) PSYoungGen: 125184K(125440K)->272K(121344K) Eden: 124928K(124928K)->0K(120832K) From: 256K(512K)->272K(512K)
[13189.007s][info][gc,heap        ] GC(33357) ParOldGen: 318116K(318464K)->318132K(318464K)
[13189.007s][info][gc,metaspace   ] GC(33357) Metaspace: 8795K(9024K)->8795K(9024K) NonClass: 8142K(8320K)->8142K(8320K) Class: 652K(704K)->652K(704K)
[13189.007s][info][gc             ] GC(33357) Pause Young (Allocation Failure) 432M->310M(429M) 1.065ms
[13189.007s][info][gc,cpu         ] GC(33357) User=0.00s Sys=0.00s Real=0.00s
[13189.363s][info][gc,start       ] GC(33358) Pause Young (Allocation Failure)
[13189.364s][info][gc,heap        ] GC(33358) PSYoungGen: 121104K(121344K)->240K(117760K) Eden: 120832K(120832K)->0K(117248K) From: 272K(512K)->240K(512K)
[13189.364s][info][gc,heap        ] GC(33358) ParOldGen: 318132K(318464K)->318148K(318464K)
[13189.364s][info][gc,metaspace   ] GC(33358) Metaspace: 8795K(9024K)->8795K(9024K) NonClass: 8142K(8320K)->8142K(8320K) Class: 652K(704K)->652K(704K)
[13189.364s][info][gc             ] GC(33358) Pause Young (Allocation Failure) 428M->310M(426M) 1.060ms
[13189.364s][info][gc,cpu         ] GC(33358) User=0.00s Sys=0.00s Real=0.00s
[13189.700s][info][gc,start       ] GC(33359) Pause Young (Allocation Failure)
[13189.701s][info][gc,heap        ] GC(33359) PSYoungGen: 117488K(117760K)->256K(114176K) Eden: 117248K(117248K)->0K(113664K) From: 240K(512K)->256K(512K)
[13189.701s][info][gc,heap        ] GC(33359) ParOldGen: 318148K(318464K)->318164K(318464K)
[13189.701s][info][gc,metaspace   ] GC(33359) Metaspace: 8795K(9024K)->8795K(9024K) NonClass: 8142K(8320K)->8142K(8320K) Class: 652K(704K)->652K(704K)
[13189.701s][info][gc             ] GC(33359) Pause Young (Allocation Failure) 425M->310M(422M) 1.120ms
[13189.701s][info][gc,cpu         ] GC(33359) User=0.00s Sys=0.00s Real=0.00s
[13190.050s][info][gc,start       ] GC(33360) Pause Young (Allocation Failure)
[13190.052s][info][gc,heap        ] GC(33360) PSYoungGen: 113920K(114176K)->272K(110592K) Eden: 113664K(113664K)->0K(110080K) From: 256K(512K)->272K(512K)
[13190.052s][info][gc,heap        ] GC(33360) ParOldGen: 318164K(318464K)->318180K(318464K)
[13190.052s][info][gc,metaspace   ] GC(33360) Metaspace: 8795K(9024K)->8795K(9024K) NonClass: 8142K(8320K)->8142K(8320K) Class: 652K(704K)->652K(704K)
[13190.052s][info][gc             ] GC(33360) Pause Young (Allocation Failure) 421M->310M(419M) 2.046ms
[13190.052s][info][gc,cpu         ] GC(33360) User=0.00s Sys=0.00s Real=0.01s
[13190.375s][info][gc,start       ] GC(33361) Pause Young (Allocation Failure)
[13190.377s][info][gc,heap        ] GC(33361) PSYoungGen: 110352K(110592K)->224K(107520K) Eden: 110080K(110080K)->0K(107008K) From: 272K(512K)->224K(512K)
[13190.377s][info][gc,heap        ] GC(33361) ParOldGen: 318180K(318464K)->318188K(318464K)
[13190.377s][info][gc,metaspace   ] GC(33361) Metaspace: 8795K(9024K)->8795K(9024K) NonClass: 8142K(8320K)->8142K(8320K) Class: 652K(704K)->652K(704K)
[13190.377s][info][gc             ] GC(33361) Pause Young (Allocation Failure) 418M->310M(416M) 1.968ms
[13190.377s][info][gc,cpu         ] GC(33361) User=0.00s Sys=0.00s Real=0.00s
[13190.680s][info][gc,start       ] GC(33362) Pause Young (Allocation Failure)
[13190.682s][info][gc,heap        ] GC(33362) PSYoungGen: 107232K(107520K)->128K(104448K) Eden: 107008K(107008K)->0K(103936K) From: 224K(512K)->128K(512K)
[13190.682s][info][gc,heap        ] GC(33362) ParOldGen: 318188K(318464K)->318196K(318464K)
[13190.682s][info][gc,metaspace   ] GC(33362) Metaspace: 8795K(9024K)->8795K(9024K) NonClass: 8142K(8320K)->8142K(8320K) Class: 652K(704K)->652K(704K)
[13190.682s][info][gc             ] GC(33362) Pause Young (Allocation Failure) 415M->310M(413M) 2.179ms
[13190.682s][info][gc,cpu         ] GC(33362) User=0.00s Sys=0.00s Real=0.01s
[13191.008s][info][gc,start       ] GC(33363) Pause Young (Allocation Failure)
[13191.010s][info][gc,heap        ] GC(33363) PSYoungGen: 104064K(104448K)->208K(101376K) Eden: 103936K(103936K)->0K(100864K) From: 128K(512K)->208K(512K)
[13191.010s][info][gc,heap        ] GC(33363) ParOldGen: 318196K(318464K)->318204K(318464K)
[13191.010s][info][gc,metaspace   ] GC(33363) Metaspace: 8795K(9024K)->8795K(9024K) NonClass: 8142K(8320K)->8142K(8320K) Class: 652K(704K)->652K(704K)
[13191.010s][info][gc             ] GC(33363) Pause Young (Allocation Failure) 412M->310M(410M) 2.034ms
[13191.010s][info][gc,cpu         ] GC(33363) User=0.00s Sys=0.00s Real=0.00s
[13191.318s][info][gc,start       ] GC(33364) Pause Young (Allocation Failure)
[13191.319s][info][gc,heap        ] GC(33364) PSYoungGen: 101072K(101376K)->128K(98304K) Eden: 100864K(100864K)->0K(97792K) From: 208K(512K)->128K(512K)
[13191.319s][info][gc,heap        ] GC(33364) ParOldGen: 318204K(318464K)->318212K(318464K)
[13191.319s][info][gc,metaspace   ] GC(33364) Metaspace: 8795K(9024K)->8795K(9024K) NonClass: 8142K(8320K)->8142K(8320K) Class: 652K(704K)->652K(704K)
[13191.319s][info][gc             ] GC(33364) Pause Young (Allocation Failure) 409M->310M(407M) 1.223ms
[13191.319s][info][gc,cpu         ] GC(33364) User=0.01s Sys=0.00s Real=0.00s
[13191.608s][info][gc,start       ] GC(33365) Pause Young (Allocation Failure)
[13191.609s][info][gc,heap        ] GC(33365) PSYoungGen: 97920K(98304K)->240K(95744K) Eden: 97792K(97792K)->0K(95232K) From: 128K(512K)->240K(512K)
[13191.609s][info][gc,heap        ] GC(33365) ParOldGen: 318212K(318464K)->318228K(318464K)
[13191.609s][info][gc,metaspace   ] GC(33365) Metaspace: 8795K(9024K)->8795K(9024K) NonClass: 8142K(8320K)->8142K(8320K) Class: 652K(704K)->652K(704K)
[13191.609s][info][gc             ] GC(33365) Pause Young (Allocation Failure) 406M->311M(404M) 1.162ms
[13191.609s][info][gc,cpu         ] GC(33365) User=0.01s Sys=0.00s Real=0.00s
[13191.885s][info][gc,start       ] GC(33366) Pause Young (Allocation Failure)
[13191.887s][info][gc,heap        ] GC(33366) PSYoungGen: 95472K(95744K)->240K(93184K) Eden: 95232K(95232K)->0K(92672K) From: 240K(512K)->240K(512K)
[13191.887s][info][gc,heap        ] GC(33366) ParOldGen: 318228K(318464K)->318244K(318464K)
[13191.887s][info][gc,metaspace   ] GC(33366) Metaspace: 8795K(9024K)->8795K(9024K) NonClass: 8142K(8320K)->8142K(8320K) Class: 652K(704K)->652K(704K)
[13191.887s][info][gc             ] GC(33366) Pause Young (Allocation Failure) 404M->311M(402M) 1.968ms
[13191.887s][info][gc,cpu         ] GC(33366) User=0.00s Sys=0.00s Real=0.00s
[13192.174s][info][gc,start       ] GC(33367) Pause Young (Allocation Failure)
[13192.176s][info][gc,heap        ] GC(33367) PSYoungGen: 92912K(93184K)->240K(90624K) Eden: 92672K(92672K)->0K(90112K) From: 240K(512K)->240K(512K)
[13192.176s][info][gc,heap        ] GC(33367) ParOldGen: 318244K(318464K)->318260K(318464K)
[13192.176s][info][gc,metaspace   ] GC(33367) Metaspace: 8795K(9024K)->8795K(9024K) NonClass: 8142K(8320K)->8142K(8320K) Class: 652K(704K)->652K(704K)
[13192.176s][info][gc             ] GC(33367) Pause Young (Allocation Failure) 401M->311M(399M) 2.042ms
[13192.176s][info][gc,cpu         ] GC(33367) User=0.00s Sys=0.00s Real=0.00s
[13192.443s][info][gc,start       ] GC(33368) Pause Young (Allocation Failure)
[13192.445s][info][gc,heap        ] GC(33368) PSYoungGen: 90352K(90624K)->240K(88064K) Eden: 90112K(90112K)->0K(87552K) From: 240K(512K)->240K(512K)
[13192.445s][info][gc,heap        ] GC(33368) ParOldGen: 318260K(318464K)->318276K(318464K)
[13192.445s][info][gc,metaspace   ] GC(33368) Metaspace: 8795K(9024K)->8795K(9024K) NonClass: 8142K(8320K)->8142K(8320K) Class: 652K(704K)->652K(704K)
[13192.445s][info][gc             ] GC(33368) Pause Young (Allocation Failure) 399M->311M(397M) 2.045ms
[13192.445s][info][gc,cpu         ] GC(33368) User=0.00s Sys=0.00s Real=0.00s
[13192.716s][info][gc,start       ] GC(33369) Pause Young (Allocation Failure)
[13192.718s][info][gc,heap        ] GC(33369) PSYoungGen: 87792K(88064K)->208K(202752K) Eden: 87552K(87552K)->0K(202240K) From: 240K(512K)->208K(512K)
[13192.718s][info][gc,heap        ] GC(33369) ParOldGen: 318276K(318464K)->318292K(318464K)
[13192.718s][info][gc,metaspace   ] GC(33369) Metaspace: 8795K(9024K)->8795K(9024K) NonClass: 8142K(8320K)->8142K(8320K) Class: 652K(704K)->652K(704K)
[13192.718s][info][gc             ] GC(33369) Pause Young (Allocation Failure) 396M->311M(509M) 1.887ms
[13192.718s][info][gc,cpu         ] GC(33369) User=0.00s Sys=0.00s Real=0.00s
[13193.307s][info][gc,start       ] GC(33370) Pause Young (Allocation Failure)
[13193.309s][info][gc,heap        ] GC(33370) PSYoungGen: 202448K(202752K)->272K(195584K) Eden: 202240K(202240K)->0K(195072K) From: 208K(512K)->272K(512K)
[13193.309s][info][gc,heap        ] GC(33370) ParOldGen: 318292K(318464K)->318300K(318464K)
[13193.309s][info][gc,metaspace   ] GC(33370) Metaspace: 8795K(9024K)->8795K(9024K) NonClass: 8142K(8320K)->8142K(8320K) Class: 652K(704K)->652K(704K)
[13193.309s][info][gc             ] GC(33370) Pause Young (Allocation Failure) 508M->311M(502M) 2.044ms
[13193.309s][info][gc,cpu         ] GC(33370) User=0.00s Sys=0.00s Real=0.00s
[13193.925s][info][gc,start       ] GC(33371) Pause Young (Allocation Failure)
[13193.927s][info][gc,heap        ] GC(33371) PSYoungGen: 195344K(195584K)->256K(188416K) Eden: 195072K(195072K)->0K(187904K) From: 272K(512K)->256K(512K)
[13193.927s][info][gc,heap        ] GC(33371) ParOldGen: 318300K(318464K)->318316K(318464K)
[13193.927s][info][gc,metaspace   ] GC(33371) Metaspace: 8795K(9024K)->8795K(9024K) NonClass: 8142K(8320K)->8142K(8320K) Class: 652K(704K)->652K(704K)
[13193.927s][info][gc             ] GC(33371) Pause Young (Allocation Failure) 501M->311M(495M) 2.050ms
[13193.927s][info][gc,cpu         ] GC(33371) User=0.01s Sys=0.00s Real=0.00s
[13194.528s][info][gc,start       ] GC(33372) Pause Young (Allocation Failure)
[13194.530s][info][gc,heap        ] GC(33372) PSYoungGen: 188160K(188416K)->240K(181760K) Eden: 187904K(187904K)->0K(181248K) From: 256K(512K)->240K(512K)
[13194.530s][info][gc,heap        ] GC(33372) ParOldGen: 318316K(318464K)->318324K(318464K)
[13194.530s][info][gc,metaspace   ] GC(33372) Metaspace: 8795K(9024K)->8795K(9024K) NonClass: 8142K(8320K)->8142K(8320K) Class: 652K(704K)->652K(704K)
[13194.530s][info][gc             ] GC(33372) Pause Young (Allocation Failure) 494M->311M(488M) 1.931ms
[13194.530s][info][gc,cpu         ] GC(33372) User=0.00s Sys=0.00s Real=0.00s
[13195.089s][info][gc,start       ] GC(33373) Pause Young (Allocation Failure)
[13195.091s][info][gc,heap        ] GC(33373) PSYoungGen: 181488K(181760K)->272K(175104K) Eden: 181248K(181248K)->0K(174592K) From: 240K(512K)->272K(512K)
[13195.091s][info][gc,heap        ] GC(33373) ParOldGen: 318324K(318464K)->318332K(318464K)
[13195.091s][info][gc,metaspace   ] GC(33373) Metaspace: 8795K(9024K)->8795K(9024K) NonClass: 8142K(8320K)->8142K(8320K) Class: 652K(704K)->652K(704K)
[13195.091s][info][gc             ] GC(33373) Pause Young (Allocation Failure) 488M->311M(482M) 2.234ms
[13195.091s][info][gc,cpu         ] GC(33373) User=0.01s Sys=0.00s Real=0.01s
[13195.607s][info][gc,start       ] GC(33374) Pause Young (Allocation Failure)
[13195.609s][info][gc,heap        ] GC(33374) PSYoungGen: 174864K(175104K)->160K(168960K) Eden: 174592K(174592K)->0K(168448K) From: 272K(512K)->160K(512K)
[13195.609s][info][gc,heap        ] GC(33374) ParOldGen: 318332K(318464K)->318348K(318464K)
[13195.609s][info][gc,metaspace   ] GC(33374) Metaspace: 8795K(9024K)->8795K(9024K) NonClass: 8142K(8320K)->8142K(8320K) Class: 652K(704K)->652K(704K)
[13195.609s][info][gc             ] GC(33374) Pause Young (Allocation Failure) 481M->311M(476M) 2.019ms
[13195.609s][info][gc,cpu         ] GC(33374) User=0.00s Sys=0.00s Real=0.00s
[13196.115s][info][gc,start       ] GC(33375) Pause Young (Allocation Failure)
[13196.116s][info][gc,heap        ] GC(33375) PSYoungGen: 168608K(168960K)->272K(163328K) Eden: 168448K(168448K)->0K(162816K) From: 160K(512K)->272K(512K)
[13196.116s][info][gc,heap        ] GC(33375) ParOldGen: 318348K(318464K)->318364K(318464K)
[13196.116s][info][gc,metaspace   ] GC(33375) Metaspace: 8795K(9024K)->8795K(9024K) NonClass: 8142K(8320K)->8142K(8320K) Class: 652K(704K)->652K(704K)
[13196.116s][info][gc             ] GC(33375) Pause Young (Allocation Failure) 475M->311M(470M) 1.231ms
[13196.116s][info][gc,cpu         ] GC(33375) User=0.00s Sys=0.00s Real=0.00s
[13196.620s][info][gc,start       ] GC(33376) Pause Young (Allocation Failure)
[13196.621s][info][gc,heap        ] GC(33376) PSYoungGen: 163088K(163328K)->240K(157696K) Eden: 162816K(162816K)->0K(157184K) From: 272K(512K)->240K(512K)
[13196.621s][info][gc,heap        ] GC(33376) ParOldGen: 318364K(318464K)->318380K(318464K)
[13196.621s][info][gc,metaspace   ] GC(33376) Metaspace: 8795K(9024K)->8795K(9024K) NonClass: 8142K(8320K)->8142K(8320K) Class: 652K(704K)->652K(704K)
[13196.621s][info][gc             ] GC(33376) Pause Young (Allocation Failure) 470M->311M(465M) 1.065ms
[13196.621s][info][gc,cpu         ] GC(33376) User=0.00s Sys=0.00s Real=0.01s
[13197.086s][info][gc,start       ] GC(33377) Pause Young (Allocation Failure)
[13197.087s][info][gc,heap        ] GC(33377) PSYoungGen: 157424K(157696K)->240K(152576K) Eden: 157184K(157184K)->0K(152064K) From: 240K(512K)->240K(512K)
[13197.087s][info][gc,heap        ] GC(33377) ParOldGen: 318380K(318464K)->318396K(318464K)
[13197.087s][info][gc,metaspace   ] GC(33377) Metaspace: 8795K(9024K)->8795K(9024K) NonClass: 8142K(8320K)->8142K(8320K) Class: 652K(704K)->652K(704K)
[13197.087s][info][gc             ] GC(33377) Pause Young (Allocation Failure) 464M->311M(460M) 1.189ms
[13197.087s][info][gc,cpu         ] GC(33377) User=0.00s Sys=0.00s Real=0.00s
[13197.643s][info][gc,start       ] GC(33378) Pause Young (Allocation Failure)
[13197.644s][info][gc,heap        ] GC(33378) PSYoungGen: 152304K(152576K)->256K(147456K) Eden: 152064K(152064K)->0K(146944K) From: 240K(512K)->256K(512K)
[13197.644s][info][gc,heap        ] GC(33378) ParOldGen: 318396K(318464K)->318412K(318464K)
[13197.644s][info][gc,metaspace   ] GC(33378) Metaspace: 8795K(9024K)->8795K(9024K) NonClass: 8142K(8320K)->8142K(8320K) Class: 652K(704K)->652K(704K)
[13197.644s][info][gc             ] GC(33378) Pause Young (Allocation Failure) 459M->311M(455M) 1.189ms
[13197.644s][info][gc,cpu         ] GC(33378) User=0.00s Sys=0.00s Real=0.00s
[13198.119s][info][gc,start       ] GC(33379) Pause Young (Allocation Failure)
[13198.120s][info][gc,heap        ] GC(33379) PSYoungGen: 147200K(147456K)->192K(142848K) Eden: 146944K(146944K)->0K(142336K) From: 256K(512K)->192K(512K)
[13198.120s][info][gc,heap        ] GC(33379) ParOldGen: 318412K(318464K)->318428K(318464K)
[13198.120s][info][gc,metaspace   ] GC(33379) Metaspace: 8795K(9024K)->8795K(9024K) NonClass: 8142K(8320K)->8142K(8320K) Class: 652K(704K)->652K(704K)
[13198.120s][info][gc             ] GC(33379) Pause Young (Allocation Failure) 454M->311M(450M) 1.167ms
[13198.120s][info][gc,cpu         ] GC(33379) User=0.00s Sys=0.00s Real=0.00s
[13198.544s][info][gc,start       ] GC(33380) Pause Young (Allocation Failure)
[13198.545s][info][gc,heap        ] GC(33380) PSYoungGen: 142528K(142848K)->224K(138240K) Eden: 142336K(142336K)->0K(137728K) From: 192K(512K)->224K(512K)
[13198.545s][info][gc,heap        ] GC(33380) ParOldGen: 318428K(318464K)->318444K(318464K)
[13198.545s][info][gc,metaspace   ] GC(33380) Metaspace: 8795K(9024K)->8795K(9024K) NonClass: 8142K(8320K)->8142K(8320K) Class: 652K(704K)->652K(704K)
[13198.545s][info][gc             ] GC(33380) Pause Young (Allocation Failure) 450M->311M(446M) 1.572ms
[13198.545s][info][gc,cpu         ] GC(33380) User=0.01s Sys=0.00s Real=0.00s
[13198.993s][info][gc,start       ] GC(33381) Pause Young (Allocation Failure)
[13198.994s][info][gc,heap        ] GC(33381) PSYoungGen: 137952K(138240K)->272K(133632K) Eden: 137728K(137728K)->0K(133120K) From: 224K(512K)->272K(512K)
[13198.994s][info][gc,heap        ] GC(33381) ParOldGen: 318444K(318464K)->318460K(318464K)
[13198.994s][info][gc,metaspace   ] GC(33381) Metaspace: 8795K(9024K)->8795K(9024K) NonClass: 8142K(8320K)->8142K(8320K) Class: 652K(704K)->652K(704K)
[13198.994s][info][gc             ] GC(33381) Pause Young (Allocation Failure) 445M->311M(441M) 1.409ms
[13198.994s][info][gc,cpu         ] GC(33381) User=0.01s Sys=0.00s Real=0.00s
[13199.400s][info][gc,start       ] GC(33382) Pause Young (Allocation Failure)
[13199.402s][info][gc,heap        ] GC(33382) PSYoungGen: 133392K(133632K)->208K(129536K) Eden: 133120K(133120K)->0K(129024K) From: 272K(512K)->208K(512K)
[13199.402s][info][gc,heap        ] GC(33382) ParOldGen: 318460K(318464K)->318468K(318976K)
[13199.402s][info][gc,metaspace   ] GC(33382) Metaspace: 8795K(9024K)->8795K(9024K) NonClass: 8142K(8320K)->8142K(8320K) Class: 652K(704K)->652K(704K)
[13199.402s][info][gc             ] GC(33382) Pause Young (Allocation Failure) 441M->311M(438M) 1.987ms
[13199.402s][info][gc,cpu         ] GC(33382) User=0.00s Sys=0.00s Real=0.00s
[13199.820s][info][gc,start       ] GC(33383) Pause Young (Allocation Failure)
[13199.821s][info][gc,heap        ] GC(33383) PSYoungGen: 129232K(129536K)->256K(125440K) Eden: 129024K(129024K)->0K(124928K) From: 208K(512K)->256K(512K)
[13199.821s][info][gc,heap        ] GC(33383) ParOldGen: 318468K(318976K)->318484K(318976K)
[13199.821s][info][gc,metaspace   ] GC(33383) Metaspace: 8795K(9024K)->8795K(9024K) NonClass: 8142K(8320K)->8142K(8320K) Class: 652K(704K)->652K(704K)
[13199.821s][info][gc             ] GC(33383) Pause Young (Allocation Failure) 437M->311M(434M) 1.197ms
[13199.821s][info][gc,cpu         ] GC(33383) User=0.00s Sys=0.01s Real=0.01s
[13200.206s][info][gc,start       ] GC(33384) Pause Young (Allocation Failure)
[13200.207s][info][gc,heap        ] GC(33384) PSYoungGen: 125184K(125440K)->256K(121344K) Eden: 124928K(124928K)->0K(120832K) From: 256K(512K)->256K(512K)
[13200.207s][info][gc,heap        ] GC(33384) ParOldGen: 318484K(318976K)->318500K(318976K)
[13200.207s][info][gc,metaspace   ] GC(33384) Metaspace: 8795K(9024K)->8795K(9024K) NonClass: 8142K(8320K)->8142K(8320K) Class: 652K(704K)->652K(704K)
[13200.207s][info][gc             ] GC(33384) Pause Young (Allocation Failure) 433M->311M(430M) 1.143ms
[13200.207s][info][gc,cpu         ] GC(33384) User=0.00s Sys=0.00s Real=0.00s
[13200.607s][info][gc,start       ] GC(33385) Pause Young (Allocation Failure)
[13200.608s][info][gc,heap        ] GC(33385) PSYoungGen: 121088K(121344K)->256K(117760K) Eden: 120832K(120832K)->0K(117248K) From: 256K(512K)->256K(512K)
[13200.608s][info][gc,heap        ] GC(33385) ParOldGen: 318500K(318976K)->318516K(318976K)
[13200.608s][info][gc,metaspace   ] GC(33385) Metaspace: 8795K(9024K)->8795K(9024K) NonClass: 8142K(8320K)->8142K(8320K) Class: 652K(704K)->652K(704K)
[13200.608s][info][gc             ] GC(33385) Pause Young (Allocation Failure) 429M->311M(426M) 1.121ms
[13200.608s][info][gc,cpu         ] GC(33385) User=0.00s Sys=0.00s Real=0.00s
[13201.006s][info][gc,start       ] GC(33386) Pause Young (Allocation Failure)
[13201.007s][info][gc,heap        ] GC(33386) PSYoungGen: 117504K(117760K)->352K(114176K) Eden: 117248K(117248K)->0K(113664K) From: 256K(512K)->352K(512K)
[13201.007s][info][gc,heap        ] GC(33386) ParOldGen: 318516K(318976K)->318532K(318976K)
[13201.007s][info][gc,metaspace   ] GC(33386) Metaspace: 8795K(9024K)->8795K(9024K) NonClass: 8142K(8320K)->8142K(8320K) Class: 652K(704K)->652K(704K)
[13201.007s][info][gc             ] GC(33386) Pause Young (Allocation Failure) 425M->311M(423M) 1.202ms
[13201.007s][info][gc,cpu         ] GC(33386) User=0.00s Sys=0.00s Real=0.00s
[13201.381s][info][gc,start       ] GC(33387) Pause Young (Allocation Failure)
[13201.382s][info][gc,heap        ] GC(33387) PSYoungGen: 114016K(114176K)->240K(110592K) Eden: 113664K(113664K)->0K(110080K) From: 352K(512K)->240K(512K)
[13201.382s][info][gc,heap        ] GC(33387) ParOldGen: 318532K(318976K)->318580K(318976K)
[13201.382s][info][gc,metaspace   ] GC(33387) Metaspace: 8795K(9024K)->8795K(9024K) NonClass: 8142K(8320K)->8142K(8320K) Class: 652K(704K)->652K(704K)
[13201.382s][info][gc             ] GC(33387) Pause Young (Allocation Failure) 422M->311M(419M) 1.242ms
[13201.383s][info][gc,cpu         ] GC(33387) User=0.00s Sys=0.00s Real=0.00s
[13201.745s][info][gc,start       ] GC(33388) Pause Young (Allocation Failure)
[13201.746s][info][gc,heap        ] GC(33388) PSYoungGen: 110320K(110592K)->240K(107520K) Eden: 110080K(110080K)->0K(107008K) From: 240K(512K)->240K(512K)
[13201.746s][info][gc,heap        ] GC(33388) ParOldGen: 318580K(318976K)->318596K(318976K)
[13201.746s][info][gc,metaspace   ] GC(33388) Metaspace: 8795K(9024K)->8795K(9024K) NonClass: 8142K(8320K)->8142K(8320K) Class: 652K(704K)->652K(704K)
[13201.746s][info][gc             ] GC(33388) Pause Young (Allocation Failure) 418M->311M(416M) 1.158ms
[13201.746s][info][gc,cpu         ] GC(33388) User=0.00s Sys=0.00s Real=0.00s
[13202.102s][info][gc,start       ] GC(33389) Pause Young (Allocation Failure)
[13202.103s][info][gc,heap        ] GC(33389) PSYoungGen: 107248K(107520K)->240K(104448K) Eden: 107008K(107008K)->0K(103936K) From: 240K(512K)->240K(512K)
[13202.103s][info][gc,heap        ] GC(33389) ParOldGen: 318596K(318976K)->318612K(318976K)
[13202.103s][info][gc,metaspace   ] GC(33389) Metaspace: 8795K(9024K)->8795K(9024K) NonClass: 8142K(8320K)->8142K(8320K) Class: 652K(704K)->652K(704K)
[13202.103s][info][gc             ] GC(33389) Pause Young (Allocation Failure) 415M->311M(413M) 1.160ms
[13202.103s][info][gc,cpu         ] GC(33389) User=0.01s Sys=0.00s Real=0.00s
[13202.456s][info][gc,start       ] GC(33390) Pause Young (Allocation Failure)
[13202.457s][info][gc,heap        ] GC(33390) PSYoungGen: 104176K(104448K)->240K(101376K) Eden: 103936K(103936K)->0K(100864K) From: 240K(512K)->240K(512K)
[13202.457s][info][gc,heap        ] GC(33390) ParOldGen: 318612K(318976K)->318628K(318976K)
[13202.457s][info][gc,metaspace   ] GC(33390) Metaspace: 8795K(9024K)->8795K(9024K) NonClass: 8142K(8320K)->8142K(8320K) Class: 652K(704K)->652K(704K)
[13202.457s][info][gc             ] GC(33390) Pause Young (Allocation Failure) 412M->311M(410M) 1.178ms
[13202.457s][info][gc,cpu         ] GC(33390) User=0.00s Sys=0.00s Real=0.00s
[13202.833s][info][gc,start       ] GC(33391) Pause Young (Allocation Failure)
[13202.834s][info][gc,heap        ] GC(33391) PSYoungGen: 101104K(101376K)->288K(98304K) Eden: 100864K(100864K)->0K(97792K) From: 240K(512K)->288K(512K)
[13202.834s][info][gc,heap        ] GC(33391) ParOldGen: 318628K(318976K)->318644K(318976K)
[13202.834s][info][gc,metaspace   ] GC(33391) Metaspace: 8795K(9024K)->8795K(9024K) NonClass: 8142K(8320K)->8142K(8320K) Class: 652K(704K)->652K(704K)
[13202.834s][info][gc             ] GC(33391) Pause Young (Allocation Failure) 409M->311M(407M) 1.249ms
[13202.834s][info][gc,cpu         ] GC(33391) User=0.00s Sys=0.00s Real=0.00s
[13203.183s][info][gc,start       ] GC(33392) Pause Young (Allocation Failure)
[13203.185s][info][gc,heap        ] GC(33392) PSYoungGen: 98080K(98304K)->224K(95744K) Eden: 97792K(97792K)->0K(95232K) From: 288K(512K)->224K(512K)
[13203.185s][info][gc,heap        ] GC(33392) ParOldGen: 318644K(318976K)->318693K(318976K)
[13203.185s][info][gc,metaspace   ] GC(33392) Metaspace: 8795K(9024K)->8795K(9024K) NonClass: 8142K(8320K)->8142K(8320K) Class: 652K(704K)->652K(704K)
[13203.185s][info][gc             ] GC(33392) Pause Young (Allocation Failure) 406M->311M(405M) 2.092ms
[13203.185s][info][gc,cpu         ] GC(33392) User=0.00s Sys=0.00s Real=0.00s
[13203.483s][info][gc,start       ] GC(33393) Pause Young (Allocation Failure)
[13203.485s][info][gc,heap        ] GC(33393) PSYoungGen: 95456K(95744K)->224K(93184K) Eden: 95232K(95232K)->0K(92672K) From: 224K(512K)->224K(512K)
[13203.485s][info][gc,heap        ] GC(33393) ParOldGen: 318693K(318976K)->318709K(318976K)
[13203.485s][info][gc,metaspace   ] GC(33393) Metaspace: 8795K(9024K)->8795K(9024K) NonClass: 8142K(8320K)->8142K(8320K) Class: 652K(704K)->652K(704K)
[13203.485s][info][gc             ] GC(33393) Pause Young (Allocation Failure) 404M->311M(402M) 2.142ms
[13203.485s][info][gc,cpu         ] GC(33393) User=0.00s Sys=0.00s Real=0.00s
[13203.772s][info][gc,start       ] GC(33394) Pause Young (Allocation Failure)
[13203.775s][info][gc,heap        ] GC(33394) PSYoungGen: 92896K(93184K)->272K(90624K) Eden: 92672K(92672K)->0K(90112K) From: 224K(512K)->272K(512K)
[13203.775s][info][gc,heap        ] GC(33394) ParOldGen: 318709K(318976K)->318717K(318976K)
[13203.775s][info][gc,metaspace   ] GC(33394) Metaspace: 8795K(9024K)->8795K(9024K) NonClass: 8142K(8320K)->8142K(8320K) Class: 652K(704K)->652K(704K)
[13203.775s][info][gc             ] GC(33394) Pause Young (Allocation Failure) 401M->311M(400M) 2.239ms
[13203.775s][info][gc,cpu         ] GC(33394) User=0.00s Sys=0.00s Real=0.00s
[13204.104s][info][gc,start       ] GC(33395) Pause Young (Allocation Failure)
[13204.106s][info][gc,heap        ] GC(33395) PSYoungGen: 90384K(90624K)->272K(88064K) Eden: 90112K(90112K)->0K(87552K) From: 272K(512K)->272K(512K)
[13204.107s][info][gc,heap        ] GC(33395) ParOldGen: 318717K(318976K)->318725K(318976K)
[13204.107s][info][gc,metaspace   ] GC(33395) Metaspace: 8795K(9024K)->8795K(9024K) NonClass: 8142K(8320K)->8142K(8320K) Class: 652K(704K)->652K(704K)
[13204.107s][info][gc             ] GC(33395) Pause Young (Allocation Failure) 399M->311M(397M) 2.160ms
[13204.107s][info][gc,cpu         ] GC(33395) User=0.00s Sys=0.00s Real=0.00s
[13204.399s][info][gc,start       ] GC(33396) Pause Young (Allocation Failure)
[13204.401s][info][gc,heap        ] GC(33396) PSYoungGen: 87824K(88064K)->224K(202752K) Eden: 87552K(87552K)->0K(202240K) From: 272K(512K)->224K(512K)
[13204.401s][info][gc,heap        ] GC(33396) ParOldGen: 318725K(318976K)->318733K(318976K)
[13204.401s][info][gc,metaspace   ] GC(33396) Metaspace: 8795K(9024K)->8795K(9024K) NonClass: 8142K(8320K)->8142K(8320K) Class: 652K(704K)->652K(704K)
[13204.401s][info][gc             ] GC(33396) Pause Young (Allocation Failure) 397M->311M(509M) 2.164ms
[13204.401s][info][gc,cpu         ] GC(33396) User=0.00s Sys=0.00s Real=0.01s
[13205.074s][info][gc,start       ] GC(33397) Pause Young (Allocation Failure)
[13205.076s][info][gc,heap        ] GC(33397) PSYoungGen: 202464K(202752K)->224K(195584K) Eden: 202240K(202240K)->0K(195072K) From: 224K(512K)->224K(512K)
[13205.076s][info][gc,heap        ] GC(33397) ParOldGen: 318733K(318976K)->318749K(318976K)
[13205.076s][info][gc,metaspace   ] GC(33397) Metaspace: 8795K(9024K)->8795K(9024K) NonClass: 8142K(8320K)->8142K(8320K) Class: 652K(704K)->652K(704K)
[13205.076s][info][gc             ] GC(33397) Pause Young (Allocation Failure) 508M->311M(502M) 2.071ms
[13205.076s][info][gc,cpu         ] GC(33397) User=0.00s Sys=0.00s Real=0.00s
[13205.725s][info][gc,start       ] GC(33398) Pause Young (Allocation Failure)
[13205.728s][info][gc,heap        ] GC(33398) PSYoungGen: 195296K(195584K)->224K(188416K) Eden: 195072K(195072K)->0K(187904K) From: 224K(512K)->224K(512K)
[13205.728s][info][gc,heap        ] GC(33398) ParOldGen: 318749K(318976K)->318765K(318976K)
[13205.728s][info][gc,metaspace   ] GC(33398) Metaspace: 8795K(9024K)->8795K(9024K) NonClass: 8142K(8320K)->8142K(8320K) Class: 652K(704K)->652K(704K)
[13205.728s][info][gc             ] GC(33398) Pause Young (Allocation Failure) 501M->311M(495M) 2.164ms
[13205.728s][info][gc,cpu         ] GC(33398) User=0.00s Sys=0.00s Real=0.00s
[13206.309s][info][gc,start       ] GC(33399) Pause Young (Allocation Failure)
[13206.311s][info][gc,heap        ] GC(33399) PSYoungGen: 188128K(188416K)->272K(181760K) Eden: 187904K(187904K)->0K(181248K) From: 224K(512K)->272K(512K)
[13206.311s][info][gc,heap        ] GC(33399) ParOldGen: 318765K(318976K)->318781K(318976K)
[13206.311s][info][gc,metaspace   ] GC(33399) Metaspace: 8795K(9024K)->8795K(9024K) NonClass: 8142K(8320K)->8142K(8320K) Class: 652K(704K)->652K(704K)
[13206.311s][info][gc             ] GC(33399) Pause Young (Allocation Failure) 495M->311M(489M) 2.055ms
[13206.311s][info][gc,cpu         ] GC(33399) User=0.01s Sys=0.00s Real=0.01s
[13206.909s][info][gc,start       ] GC(33400) Pause Young (Allocation Failure)
[13206.911s][info][gc,heap        ] GC(33400) PSYoungGen: 181520K(181760K)->272K(175104K) Eden: 181248K(181248K)->0K(174592K) From: 272K(512K)->272K(512K)
[13206.912s][info][gc,heap        ] GC(33400) ParOldGen: 318781K(318976K)->318789K(318976K)
[13206.912s][info][gc,metaspace   ] GC(33400) Metaspace: 8795K(9024K)->8795K(9024K) NonClass: 8142K(8320K)->8142K(8320K) Class: 652K(704K)->652K(704K)
[13206.912s][info][gc             ] GC(33400) Pause Young (Allocation Failure) 488M->311M(482M) 2.131ms
[13206.912s][info][gc,cpu         ] GC(33400) User=0.00s Sys=0.00s Real=0.01s
[13207.490s][info][gc,start       ] GC(33401) Pause Young (Allocation Failure)
[13207.492s][info][gc,heap        ] GC(33401) PSYoungGen: 174864K(175104K)->240K(168960K) Eden: 174592K(174592K)->0K(168448K) From: 272K(512K)->240K(512K)
[13207.492s][info][gc,heap        ] GC(33401) ParOldGen: 318789K(318976K)->318805K(318976K)
[13207.492s][info][gc,metaspace   ] GC(33401) Metaspace: 8795K(9024K)->8795K(9024K) NonClass: 8142K(8320K)->8142K(8320K) Class: 652K(704K)->652K(704K)
[13207.492s][info][gc             ] GC(33401) Pause Young (Allocation Failure) 482M->311M(476M) 2.200ms
[13207.492s][info][gc,cpu         ] GC(33401) User=0.00s Sys=0.00s Real=0.01s
[13208.035s][info][gc,start       ] GC(33402) Pause Young (Allocation Failure)
[13208.037s][info][gc,heap        ] GC(33402) PSYoungGen: 168688K(168960K)->224K(163328K) Eden: 168448K(168448K)->0K(162816K) From: 240K(512K)->224K(512K)
[13208.037s][info][gc,heap        ] GC(33402) ParOldGen: 318805K(318976K)->318813K(318976K)
[13208.037s][info][gc,metaspace   ] GC(33402) Metaspace: 8795K(9024K)->8795K(9024K) NonClass: 8142K(8320K)->8142K(8320K) Class: 652K(704K)->652K(704K)
[13208.037s][info][gc             ] GC(33402) Pause Young (Allocation Failure) 476M->311M(471M) 2.391ms
[13208.037s][info][gc,cpu         ] GC(33402) User=0.00s Sys=0.00s Real=0.00s
[13208.579s][info][gc,start       ] GC(33403) Pause Young (Allocation Failure)
[13208.581s][info][gc,heap        ] GC(33403) PSYoungGen: 163040K(163328K)->240K(157696K) Eden: 162816K(162816K)->0K(157184K) From: 224K(512K)->240K(512K)
[13208.581s][info][gc,heap        ] GC(33403) ParOldGen: 318813K(318976K)->318829K(318976K)
[13208.581s][info][gc,metaspace   ] GC(33403) Metaspace: 8795K(9024K)->8795K(9024K) NonClass: 8142K(8320K)->8142K(8320K) Class: 652K(704K)->652K(704K)
[13208.581s][info][gc             ] GC(33403) Pause Young (Allocation Failure) 470M->311M(465M) 1.589ms
[13208.581s][info][gc,cpu         ] GC(33403) User=0.00s Sys=0.00s Real=0.01s
[13209.104s][info][gc,start       ] GC(33404) Pause Young (Allocation Failure)
[13209.105s][info][gc,heap        ] GC(33404) PSYoungGen: 157424K(157696K)->240K(152576K) Eden: 157184K(157184K)->0K(152064K) From: 240K(512K)->240K(512K)
[13209.105s][info][gc,heap        ] GC(33404) ParOldGen: 318829K(318976K)->318845K(318976K)
[13209.105s][info][gc,metaspace   ] GC(33404) Metaspace: 8795K(9024K)->8795K(9024K) NonClass: 8142K(8320K)->8142K(8320K) Class: 652K(704K)->652K(704K)
[13209.105s][info][gc             ] GC(33404) Pause Young (Allocation Failure) 465M->311M(460M) 1.194ms
[13209.105s][info][gc,cpu         ] GC(33404) User=0.00s Sys=0.01s Real=0.00s
[13209.596s][info][gc,start       ] GC(33405) Pause Young (Allocation Failure)
[13209.597s][info][gc,heap        ] GC(33405) PSYoungGen: 152304K(152576K)->256K(147456K) Eden: 152064K(152064K)->0K(146944K) From: 240K(512K)->256K(512K)
[13209.597s][info][gc,heap        ] GC(33405) ParOldGen: 318845K(318976K)->318861K(318976K)
[13209.597s][info][gc,metaspace   ] GC(33405) Metaspace: 8795K(9024K)->8795K(9024K) NonClass: 8142K(8320K)->8142K(8320K) Class: 652K(704K)->652K(704K)
[13209.597s][info][gc             ] GC(33405) Pause Young (Allocation Failure) 460M->311M(455M) 1.168ms
[13209.597s][info][gc,cpu         ] GC(33405) User=0.00s Sys=0.00s Real=0.00s
[13210.047s][info][gc,start       ] GC(33406) Pause Young (Allocation Failure)
[13210.049s][info][gc,heap        ] GC(33406) PSYoungGen: 147200K(147456K)->240K(142848K) Eden: 146944K(146944K)->0K(142336K) From: 256K(512K)->240K(512K)
[13210.049s][info][gc,heap        ] GC(33406) ParOldGen: 318861K(318976K)->318877K(318976K)
[13210.049s][info][gc,metaspace   ] GC(33406) Metaspace: 8795K(9024K)->8795K(9024K) NonClass: 8142K(8320K)->8142K(8320K) Class: 652K(704K)->652K(704K)
[13210.049s][info][gc             ] GC(33406) Pause Young (Allocation Failure) 455M->311M(451M) 1.149ms
[13210.049s][info][gc,cpu         ] GC(33406) User=0.01s Sys=0.00s Real=0.00s
[13210.532s][info][gc,start       ] GC(33407) Pause Young (Allocation Failure)
[13210.534s][info][gc,heap        ] GC(33407) PSYoungGen: 142576K(142848K)->256K(138240K) Eden: 142336K(142336K)->0K(137728K) From: 240K(512K)->256K(512K)
[13210.535s][info][gc,heap        ] GC(33407) ParOldGen: 318877K(318976K)->318885K(318976K)
[13210.535s][info][gc,metaspace   ] GC(33407) Metaspace: 8795K(9024K)->8795K(9024K) NonClass: 8142K(8320K)->8142K(8320K) Class: 652K(704K)->652K(704K)
[13210.535s][info][gc             ] GC(33407) Pause Young (Allocation Failure) 450M->311M(446M) 2.137ms
[13210.535s][info][gc,cpu         ] GC(33407) User=0.01s Sys=0.00s Real=0.00s
[13210.971s][info][gc,start       ] GC(33408) Pause Young (Allocation Failure)
[13210.972s][info][gc,heap        ] GC(33408) PSYoungGen: 137984K(138240K)->288K(133632K) Eden: 137728K(137728K)->0K(133120K) From: 256K(512K)->288K(512K)
[13210.972s][info][gc,heap        ] GC(33408) ParOldGen: 318885K(318976K)->318901K(318976K)
[13210.972s][info][gc,metaspace   ] GC(33408) Metaspace: 8795K(9024K)->8795K(9024K) NonClass: 8142K(8320K)->8142K(8320K) Class: 652K(704K)->652K(704K)
[13210.972s][info][gc             ] GC(33408) Pause Young (Allocation Failure) 446M->311M(442M) 1.354ms
[13210.972s][info][gc,cpu         ] GC(33408) User=0.00s Sys=0.00s Real=0.00s
[13211.392s][info][gc,start       ] GC(33409) Pause Young (Allocation Failure)
[13211.393s][info][gc,heap        ] GC(33409) PSYoungGen: 133408K(133632K)->256K(129536K) Eden: 133120K(133120K)->0K(129024K) From: 288K(512K)->256K(512K)
[13211.393s][info][gc,heap        ] GC(33409) ParOldGen: 318901K(318976K)->318917K(318976K)
[13211.393s][info][gc,metaspace   ] GC(33409) Metaspace: 8795K(9024K)->8795K(9024K) NonClass: 8142K(8320K)->8142K(8320K) Class: 652K(704K)->652K(704K)
[13211.393s][info][gc             ] GC(33409) Pause Young (Allocation Failure) 441M->311M(438M) 1.194ms
[13211.393s][info][gc,cpu         ] GC(33409) User=0.00s Sys=0.00s Real=0.00s
[13211.835s][info][gc,start       ] GC(33410) Pause Young (Allocation Failure)
[13211.836s][info][gc,heap        ] GC(33410) PSYoungGen: 129280K(129536K)->144K(125440K) Eden: 129024K(129024K)->0K(124928K) From: 256K(512K)->144K(512K)
[13211.836s][info][gc,heap        ] GC(33410) ParOldGen: 318917K(318976K)->318933K(318976K)
[13211.836s][info][gc,metaspace   ] GC(33410) Metaspace: 8795K(9024K)->8795K(9024K) NonClass: 8142K(8320K)->8142K(8320K) Class: 652K(704K)->652K(704K)
[13211.836s][info][gc             ] GC(33410) Pause Young (Allocation Failure) 437M->311M(434M) 1.231ms
[13211.836s][info][gc,cpu         ] GC(33410) User=0.00s Sys=0.00s Real=0.00s
[13212.246s][info][gc,start       ] GC(33411) Pause Young (Allocation Failure)
[13212.247s][info][gc,heap        ] GC(33411) PSYoungGen: 125072K(125440K)->224K(121344K) Eden: 124928K(124928K)->0K(120832K) From: 144K(512K)->224K(512K)
[13212.247s][info][gc,heap        ] GC(33411) ParOldGen: 318933K(318976K)->318941K(318976K)
[13212.247s][info][gc,metaspace   ] GC(33411) Metaspace: 8795K(9024K)->8795K(9024K) NonClass: 8142K(8320K)->8142K(8320K) Class: 652K(704K)->652K(704K)
[13212.247s][info][gc             ] GC(33411) Pause Young (Allocation Failure) 433M->311M(430M) 1.154ms
[13212.247s][info][gc,cpu         ] GC(33411) User=0.00s Sys=0.00s Real=0.00s
[13212.661s][info][gc,start       ] GC(33412) Pause Young (Allocation Failure)
[13212.663s][info][gc,heap        ] GC(33412) PSYoungGen: 121056K(121344K)->256K(117760K) Eden: 120832K(120832K)->0K(117248K) From: 224K(512K)->256K(512K)
[13212.663s][info][gc,heap        ] GC(33412) ParOldGen: 318941K(318976K)->318957K(318976K)
[13212.663s][info][gc,metaspace   ] GC(33412) Metaspace: 8795K(9024K)->8795K(9024K) NonClass: 8142K(8320K)->8142K(8320K) Class: 652K(704K)->652K(704K)
[13212.663s][info][gc             ] GC(33412) Pause Young (Allocation Failure) 429M->311M(426M) 1.215ms
[13212.663s][info][gc,cpu         ] GC(33412) User=0.00s Sys=0.00s Real=0.00s
[13213.055s][info][gc,start       ] GC(33413) Pause Young (Allocation Failure)
[13213.056s][info][gc,heap        ] GC(33413) PSYoungGen: 117504K(117760K)->272K(114176K) Eden: 117248K(117248K)->0K(113664K) From: 256K(512K)->272K(512K)
[13213.056s][info][gc,heap        ] GC(33413) ParOldGen: 318957K(318976K)->318973K(318976K)
[13213.056s][info][gc,metaspace   ] GC(33413) Metaspace: 8795K(9024K)->8795K(9024K) NonClass: 8142K(8320K)->8142K(8320K) Class: 652K(704K)->652K(704K)
[13213.056s][info][gc             ] GC(33413) Pause Young (Allocation Failure) 426M->311M(423M) 1.179ms
[13213.057s][info][gc,cpu         ] GC(33413) User=0.00s Sys=0.00s Real=0.00s
[13213.436s][info][gc,start       ] GC(33414) Pause Young (Allocation Failure)
[13213.437s][info][gc,heap        ] GC(33414) PSYoungGen: 113936K(114176K)->256K(110592K) Eden: 113664K(113664K)->0K(110080K) From: 272K(512K)->256K(512K)
[13213.437s][info][gc,heap        ] GC(33414) ParOldGen: 318973K(318976K)->318989K(319488K)
[13213.437s][info][gc,metaspace   ] GC(33414) Metaspace: 8795K(9024K)->8795K(9024K) NonClass: 8142K(8320K)->8142K(8320K) Class: 652K(704K)->652K(704K)
[13213.437s][info][gc             ] GC(33414) Pause Young (Allocation Failure) 422M->311M(420M) 1.126ms
[13213.437s][info][gc,cpu         ] GC(33414) User=0.00s Sys=0.00s Real=0.00s
[13213.807s][info][gc,start       ] GC(33415) Pause Young (Allocation Failure)
[13213.808s][info][gc,heap        ] GC(33415) PSYoungGen: 110336K(110592K)->256K(107520K) Eden: 110080K(110080K)->0K(107008K) From: 256K(512K)->256K(512K)
[13213.808s][info][gc,heap        ] GC(33415) ParOldGen: 318989K(319488K)->319005K(319488K)
[13213.808s][info][gc,metaspace   ] GC(33415) Metaspace: 8795K(9024K)->8795K(9024K) NonClass: 8142K(8320K)->8142K(8320K) Class: 652K(704K)->652K(704K)
[13213.808s][info][gc             ] GC(33415) Pause Young (Allocation Failure) 419M->311M(417M) 1.113ms
[13213.808s][info][gc,cpu         ] GC(33415) User=0.00s Sys=0.00s Real=0.00s
[13214.152s][info][gc,start       ] GC(33416) Pause Young (Allocation Failure)
[13214.153s][info][gc,heap        ] GC(33416) PSYoungGen: 107264K(107520K)->240K(104448K) Eden: 107008K(107008K)->0K(103936K) From: 256K(512K)->240K(512K)
[13214.153s][info][gc,heap        ] GC(33416) ParOldGen: 319005K(319488K)->319021K(319488K)
[13214.153s][info][gc,metaspace   ] GC(33416) Metaspace: 8795K(9024K)->8795K(9024K) NonClass: 8142K(8320K)->8142K(8320K) Class: 652K(704K)->652K(704K)
[13214.153s][info][gc             ] GC(33416) Pause Young (Allocation Failure) 416M->311M(414M) 1.163ms
[13214.153s][info][gc,cpu         ] GC(33416) User=0.00s Sys=0.00s Real=0.00s
[13214.471s][info][gc,start       ] GC(33417) Pause Young (Allocation Failure)
[13214.472s][info][gc,heap        ] GC(33417) PSYoungGen: 104176K(104448K)->256K(101376K) Eden: 103936K(103936K)->0K(100864K) From: 240K(512K)->256K(512K)
[13214.472s][info][gc,heap        ] GC(33417) ParOldGen: 319021K(319488K)->319037K(319488K)
[13214.472s][info][gc,metaspace   ] GC(33417) Metaspace: 8795K(9024K)->8795K(9024K) NonClass: 8142K(8320K)->8142K(8320K) Class: 652K(704K)->652K(704K)
[13214.472s][info][gc             ] GC(33417) Pause Young (Allocation Failure) 413M->311M(411M) 1.175ms
[13214.473s][info][gc,cpu         ] GC(33417) User=0.00s Sys=0.00s Real=0.00s
[13214.772s][info][gc,start       ] GC(33418) Pause Young (Allocation Failure)
[13214.773s][info][gc,heap        ] GC(33418) PSYoungGen: 101120K(101376K)->256K(98304K) Eden: 100864K(100864K)->0K(97792K) From: 256K(512K)->256K(512K)
[13214.773s][info][gc,heap        ] GC(33418) ParOldGen: 319037K(319488K)->319053K(319488K)
[13214.773s][info][gc,metaspace   ] GC(33418) Metaspace: 8795K(9024K)->8795K(9024K) NonClass: 8142K(8320K)->8142K(8320K) Class: 652K(704K)->652K(704K)
[13214.773s][info][gc             ] GC(33418) Pause Young (Allocation Failure) 410M->311M(408M) 1.192ms
[13214.773s][info][gc,cpu         ] GC(33418) User=0.00s Sys=0.00s Real=0.00s
[13215.074s][info][gc,start       ] GC(33419) Pause Young (Allocation Failure)
[13215.075s][info][gc,heap        ] GC(33419) PSYoungGen: 98048K(98304K)->256K(95744K) Eden: 97792K(97792K)->0K(95232K) From: 256K(512K)->256K(512K)
[13215.075s][info][gc,heap        ] GC(33419) ParOldGen: 319053K(319488K)->319069K(319488K)
[13215.075s][info][gc,metaspace   ] GC(33419) Metaspace: 8795K(9024K)->8795K(9024K) NonClass: 8142K(8320K)->8142K(8320K) Class: 652K(704K)->652K(704K)
[13215.075s][info][gc             ] GC(33419) Pause Young (Allocation Failure) 407M->311M(405M) 1.123ms
[13215.075s][info][gc,cpu         ] GC(33419) User=0.01s Sys=0.00s Real=0.00s
[13215.376s][info][gc,start       ] GC(33420) Pause Young (Allocation Failure)
[13215.378s][info][gc,heap        ] GC(33420) PSYoungGen: 95488K(95744K)->272K(93184K) Eden: 95232K(95232K)->0K(92672K) From: 256K(512K)->272K(512K)
[13215.378s][info][gc,heap        ] GC(33420) ParOldGen: 319069K(319488K)->319085K(319488K)
[13215.378s][info][gc,metaspace   ] GC(33420) Metaspace: 8795K(9024K)->8795K(9024K) NonClass: 8142K(8320K)->8142K(8320K) Class: 652K(704K)->652K(704K)
[13215.378s][info][gc             ] GC(33420) Pause Young (Allocation Failure) 404M->311M(403M) 2.221ms
[13215.378s][info][gc,cpu         ] GC(33420) User=0.00s Sys=0.00s Real=0.00s
[13215.695s][info][gc,start       ] GC(33421) Pause Young (Allocation Failure)
[13215.696s][info][gc,heap        ] GC(33421) PSYoungGen: 92944K(93184K)->256K(90624K) Eden: 92672K(92672K)->0K(90112K) From: 272K(512K)->256K(512K)
[13215.696s][info][gc,heap        ] GC(33421) ParOldGen: 319085K(319488K)->319101K(319488K)
[13215.696s][info][gc,metaspace   ] GC(33421) Metaspace: 8795K(9024K)->8795K(9024K) NonClass: 8142K(8320K)->8142K(8320K) Class: 652K(704K)->652K(704K)
[13215.696s][info][gc             ] GC(33421) Pause Young (Allocation Failure) 402M->311M(400M) 1.194ms
[13215.696s][info][gc,cpu         ] GC(33421) User=0.00s Sys=0.00s Real=0.00s
[13215.988s][info][gc,start       ] GC(33422) Pause Young (Allocation Failure)
[13215.989s][info][gc,heap        ] GC(33422) PSYoungGen: 90368K(90624K)->256K(88064K) Eden: 90112K(90112K)->0K(87552K) From: 256K(512K)->256K(512K)
[13215.989s][info][gc,heap        ] GC(33422) ParOldGen: 319101K(319488K)->319117K(319488K)
[13215.989s][info][gc,metaspace   ] GC(33422) Metaspace: 8795K(9024K)->8795K(9024K) NonClass: 8142K(8320K)->8142K(8320K) Class: 652K(704K)->652K(704K)
[13215.989s][info][gc             ] GC(33422) Pause Young (Allocation Failure) 399M->311M(398M) 1.152ms
[13215.989s][info][gc,cpu         ] GC(33422) User=0.00s Sys=0.00s Real=0.00s
[13216.257s][info][gc,start       ] GC(33423) Pause Young (Allocation Failure)
[13216.258s][info][gc,heap        ] GC(33423) PSYoungGen: 87808K(88064K)->288K(202752K) Eden: 87552K(87552K)->0K(202240K) From: 256K(512K)->288K(512K)
[13216.258s][info][gc,heap        ] GC(33423) ParOldGen: 319117K(319488K)->319133K(319488K)
[13216.258s][info][gc,metaspace   ] GC(33423) Metaspace: 8795K(9024K)->8795K(9024K) NonClass: 8142K(8320K)->8142K(8320K) Class: 652K(704K)->652K(704K)
[13216.258s][info][gc             ] GC(33423) Pause Young (Allocation Failure) 397M->311M(510M) 1.190ms
[13216.258s][info][gc,cpu         ] GC(33423) User=0.00s Sys=0.00s Real=0.00s
[13216.929s][info][gc,start       ] GC(33424) Pause Young (Allocation Failure)
[13216.930s][info][gc,heap        ] GC(33424) PSYoungGen: 202528K(202752K)->272K(195584K) Eden: 202240K(202240K)->0K(195072K) From: 288K(512K)->272K(512K)
[13216.930s][info][gc,heap        ] GC(33424) ParOldGen: 319133K(319488K)->319149K(319488K)
[13216.930s][info][gc,metaspace   ] GC(33424) Metaspace: 8795K(9024K)->8795K(9024K) NonClass: 8142K(8320K)->8142K(8320K) Class: 652K(704K)->652K(704K)
[13216.930s][info][gc             ] GC(33424) Pause Young (Allocation Failure) 509M->311M(503M) 1.188ms
[13216.930s][info][gc,cpu         ] GC(33424) User=0.00s Sys=0.00s Real=0.01s
[13217.562s][info][gc,start       ] GC(33425) Pause Young (Allocation Failure)
[13217.563s][info][gc,heap        ] GC(33425) PSYoungGen: 195344K(195584K)->240K(188416K) Eden: 195072K(195072K)->0K(187904K) From: 272K(512K)->240K(512K)
[13217.563s][info][gc,heap        ] GC(33425) ParOldGen: 319149K(319488K)->319165K(319488K)
[13217.563s][info][gc,metaspace   ] GC(33425) Metaspace: 8795K(9024K)->8795K(9024K) NonClass: 8142K(8320K)->8142K(8320K) Class: 652K(704K)->652K(704K)
[13217.563s][info][gc             ] GC(33425) Pause Young (Allocation Failure) 502M->311M(496M) 1.203ms
[13217.563s][info][gc,cpu         ] GC(33425) User=0.01s Sys=0.00s Real=0.00s
[13218.148s][info][gc,start       ] GC(33426) Pause Young (Allocation Failure)
[13218.149s][info][gc,heap        ] GC(33426) PSYoungGen: 188144K(188416K)->240K(181760K) Eden: 187904K(187904K)->0K(181248K) From: 240K(512K)->240K(512K)
[13218.149s][info][gc,heap        ] GC(33426) ParOldGen: 319165K(319488K)->319181K(319488K)
[13218.149s][info][gc,metaspace   ] GC(33426) Metaspace: 8795K(9024K)->8795K(9024K) NonClass: 8142K(8320K)->8142K(8320K) Class: 652K(704K)->652K(704K)
[13218.149s][info][gc             ] GC(33426) Pause Young (Allocation Failure) 495M->311M(489M) 1.165ms
[13218.150s][info][gc,cpu         ] GC(33426) User=0.00s Sys=0.00s Real=0.00s
[13218.769s][info][gc,start       ] GC(33427) Pause Young (Allocation Failure)
[13218.770s][info][gc,heap        ] GC(33427) PSYoungGen: 181488K(181760K)->272K(175104K) Eden: 181248K(181248K)->0K(174592K) From: 240K(512K)->272K(512K)
[13218.770s][info][gc,heap        ] GC(33427) ParOldGen: 319181K(319488K)->319197K(319488K)
[13218.770s][info][gc,metaspace   ] GC(33427) Metaspace: 8795K(9024K)->8795K(9024K) NonClass: 8142K(8320K)->8142K(8320K) Class: 652K(704K)->652K(704K)
[13218.770s][info][gc             ] GC(33427) Pause Young (Allocation Failure) 488M->311M(483M) 1.201ms
[13218.770s][info][gc,cpu         ] GC(33427) User=0.01s Sys=0.00s Real=0.00s
[13219.324s][info][gc,start       ] GC(33428) Pause Young (Allocation Failure)
[13219.325s][info][gc,heap        ] GC(33428) PSYoungGen: 174864K(175104K)->256K(168960K) Eden: 174592K(174592K)->0K(168448K) From: 272K(512K)->256K(512K)
[13219.325s][info][gc,heap        ] GC(33428) ParOldGen: 319197K(319488K)->319213K(319488K)
[13219.325s][info][gc,metaspace   ] GC(33428) Metaspace: 8795K(9024K)->8795K(9024K) NonClass: 8142K(8320K)->8142K(8320K) Class: 652K(704K)->652K(704K)
[13219.325s][info][gc             ] GC(33428) Pause Young (Allocation Failure) 482M->311M(477M) 1.183ms
[13219.325s][info][gc,cpu         ] GC(33428) User=0.01s Sys=0.00s Real=0.00s
[13219.869s][info][gc,start       ] GC(33429) Pause Young (Allocation Failure)
[13219.870s][info][gc,heap        ] GC(33429) PSYoungGen: 168704K(168960K)->288K(163328K) Eden: 168448K(168448K)->0K(162816K) From: 256K(512K)->288K(512K)
[13219.870s][info][gc,heap        ] GC(33429) ParOldGen: 319213K(319488K)->319229K(319488K)
[13219.870s][info][gc,metaspace   ] GC(33429) Metaspace: 8795K(9024K)->8795K(9024K) NonClass: 8142K(8320K)->8142K(8320K) Class: 652K(704K)->652K(704K)
[13219.870s][info][gc             ] GC(33429) Pause Young (Allocation Failure) 476M->312M(471M) 1.440ms
[13219.870s][info][gc,cpu         ] GC(33429) User=0.00s Sys=0.00s Real=0.01s
[13220.394s][info][gc,start       ] GC(33430) Pause Young (Allocation Failure)
[13220.395s][info][gc,heap        ] GC(33430) PSYoungGen: 163104K(163328K)->240K(157696K) Eden: 162816K(162816K)->0K(157184K) From: 288K(512K)->240K(512K)
[13220.395s][info][gc,heap        ] GC(33430) ParOldGen: 319229K(319488K)->319245K(319488K)
[13220.395s][info][gc,metaspace   ] GC(33430) Metaspace: 8795K(9024K)->8795K(9024K) NonClass: 8142K(8320K)->8142K(8320K) Class: 652K(704K)->652K(704K)
[13220.395s][info][gc             ] GC(33430) Pause Young (Allocation Failure) 471M->311M(466M) 1.256ms
[13220.395s][info][gc,cpu         ] GC(33430) User=0.00s Sys=0.00s Real=0.00s
[13220.915s][info][gc,start       ] GC(33431) Pause Young (Allocation Failure)
[13220.917s][info][gc,heap        ] GC(33431) PSYoungGen: 157424K(157696K)->256K(152576K) Eden: 157184K(157184K)->0K(152064K) From: 240K(512K)->256K(512K)
[13220.917s][info][gc,heap        ] GC(33431) ParOldGen: 319245K(319488K)->319261K(319488K)
[13220.917s][info][gc,metaspace   ] GC(33431) Metaspace: 8795K(9024K)->8795K(9024K) NonClass: 8142K(8320K)->8142K(8320K) Class: 652K(704K)->652K(704K)
[13220.917s][info][gc             ] GC(33431) Pause Young (Allocation Failure) 465M->312M(461M) 1.120ms
[13220.917s][info][gc,cpu         ] GC(33431) User=0.00s Sys=0.00s Real=0.00s
[13221.376s][info][gc,start       ] GC(33432) Pause Young (Allocation Failure)
[13221.379s][info][gc,heap        ] GC(33432) PSYoungGen: 152320K(152576K)->304K(147456K) Eden: 152064K(152064K)->0K(146944K) From: 256K(512K)->304K(512K)
[13221.379s][info][gc,heap        ] GC(33432) ParOldGen: 319261K(319488K)->319269K(319488K)
[13221.379s][info][gc,metaspace   ] GC(33432) Metaspace: 8795K(9024K)->8795K(9024K) NonClass: 8142K(8320K)->8142K(8320K) Class: 652K(704K)->652K(704K)
[13221.379s][info][gc             ] GC(33432) Pause Young (Allocation Failure) 460M->312M(456M) 2.220ms
[13221.379s][info][gc,cpu         ] GC(33432) User=0.00s Sys=0.00s Real=0.00s
[13221.832s][info][gc,start       ] GC(33433) Pause Young (Allocation Failure)
[13221.834s][info][gc,heap        ] GC(33433) PSYoungGen: 147248K(147456K)->256K(142848K) Eden: 146944K(146944K)->0K(142336K) From: 304K(512K)->256K(512K)
[13221.834s][info][gc,heap        ] GC(33433) ParOldGen: 319269K(319488K)->319285K(319488K)
[13221.834s][info][gc,metaspace   ] GC(33433) Metaspace: 8795K(9024K)->8795K(9024K) NonClass: 8142K(8320K)->8142K(8320K) Class: 652K(704K)->652K(704K)
[13221.834s][info][gc             ] GC(33433) Pause Young (Allocation Failure) 455M->312M(451M) 1.535ms
[13221.834s][info][gc,cpu         ] GC(33433) User=0.01s Sys=0.00s Real=0.00s
[13222.315s][info][gc,start       ] GC(33434) Pause Young (Allocation Failure)
[13222.316s][info][gc,heap        ] GC(33434) PSYoungGen: 142592K(142848K)->256K(138240K) Eden: 142336K(142336K)->0K(137728K) From: 256K(512K)->256K(512K)
[13222.316s][info][gc,heap        ] GC(33434) ParOldGen: 319285K(319488K)->319301K(319488K)
[13222.316s][info][gc,metaspace   ] GC(33434) Metaspace: 8795K(9024K)->8795K(9024K) NonClass: 8142K(8320K)->8142K(8320K) Class: 652K(704K)->652K(704K)
[13222.316s][info][gc             ] GC(33434) Pause Young (Allocation Failure) 451M->312M(447M) 1.230ms
[13222.316s][info][gc,cpu         ] GC(33434) User=0.01s Sys=0.00s Real=0.00s
[13222.744s][info][gc,start       ] GC(33435) Pause Young (Allocation Failure)
[13222.746s][info][gc,heap        ] GC(33435) PSYoungGen: 137984K(138240K)->272K(133632K) Eden: 137728K(137728K)->0K(133120K) From: 256K(512K)->272K(512K)
[13222.746s][info][gc,heap        ] GC(33435) ParOldGen: 319301K(319488K)->319317K(319488K)
[13222.746s][info][gc,metaspace   ] GC(33435) Metaspace: 8795K(9024K)->8795K(9024K) NonClass: 8142K(8320K)->8142K(8320K) Class: 652K(704K)->652K(704K)
[13222.746s][info][gc             ] GC(33435) Pause Young (Allocation Failure) 446M->312M(442M) 2.168ms
[13222.746s][info][gc,cpu         ] GC(33435) User=0.00s Sys=0.00s Real=0.00s
[13223.187s][info][gc,start       ] GC(33436) Pause Young (Allocation Failure)
[13223.188s][info][gc,heap        ] GC(33436) PSYoungGen: 133392K(133632K)->224K(129536K) Eden: 133120K(133120K)->0K(129024K) From: 272K(512K)->224K(512K)
[13223.188s][info][gc,heap        ] GC(33436) ParOldGen: 319317K(319488K)->319333K(319488K)
[13223.188s][info][gc,metaspace   ] GC(33436) Metaspace: 8795K(9024K)->8795K(9024K) NonClass: 8142K(8320K)->8142K(8320K) Class: 652K(704K)->652K(704K)
[13223.188s][info][gc             ] GC(33436) Pause Young (Allocation Failure) 442M->312M(438M) 1.189ms
[13223.188s][info][gc,cpu         ] GC(33436) User=0.00s Sys=0.00s Real=0.00s
[13223.574s][info][gc,start       ] GC(33437) Pause Young (Allocation Failure)
[13223.575s][info][gc,heap        ] GC(33437) PSYoungGen: 129248K(129536K)->256K(125440K) Eden: 129024K(129024K)->0K(124928K) From: 224K(512K)->256K(512K)
[13223.575s][info][gc,heap        ] GC(33437) ParOldGen: 319333K(319488K)->319349K(319488K)
[13223.575s][info][gc,metaspace   ] GC(33437) Metaspace: 8795K(9024K)->8795K(9024K) NonClass: 8142K(8320K)->8142K(8320K) Class: 652K(704K)->652K(704K)
[13223.575s][info][gc             ] GC(33437) Pause Young (Allocation Failure) 438M->312M(434M) 1.176ms
[13223.575s][info][gc,cpu         ] GC(33437) User=0.00s Sys=0.00s Real=0.00s
[13223.982s][info][gc,start       ] GC(33438) Pause Young (Allocation Failure)
[13223.983s][info][gc,heap        ] GC(33438) PSYoungGen: 125184K(125440K)->288K(121344K) Eden: 124928K(124928K)->0K(120832K) From: 256K(512K)->288K(512K)
[13223.983s][info][gc,heap        ] GC(33438) ParOldGen: 319349K(319488K)->319365K(319488K)
[13223.983s][info][gc,metaspace   ] GC(33438) Metaspace: 8795K(9024K)->8795K(9024K) NonClass: 8142K(8320K)->8142K(8320K) Class: 652K(704K)->652K(704K)
[13223.983s][info][gc             ] GC(33438) Pause Young (Allocation Failure) 434M->312M(430M) 1.162ms
[13223.983s][info][gc,cpu         ] GC(33438) User=0.00s Sys=0.00s Real=0.00s
[13224.366s][info][gc,start       ] GC(33439) Pause Young (Allocation Failure)
[13224.367s][info][gc,heap        ] GC(33439) PSYoungGen: 121120K(121344K)->224K(117760K) Eden: 120832K(120832K)->0K(117248K) From: 288K(512K)->224K(512K)
[13224.367s][info][gc,heap        ] GC(33439) ParOldGen: 319365K(319488K)->319381K(319488K)
[13224.367s][info][gc,metaspace   ] GC(33439) Metaspace: 8795K(9024K)->8795K(9024K) NonClass: 8142K(8320K)->8142K(8320K) Class: 652K(704K)->652K(704K)
[13224.367s][info][gc             ] GC(33439) Pause Young (Allocation Failure) 430M->312M(427M) 1.151ms
[13224.367s][info][gc,cpu         ] GC(33439) User=0.00s Sys=0.00s Real=0.00s
[13224.752s][info][gc,start       ] GC(33440) Pause Young (Allocation Failure)
[13224.753s][info][gc,heap        ] GC(33440) PSYoungGen: 117472K(117760K)->256K(114176K) Eden: 117248K(117248K)->0K(113664K) From: 224K(512K)->256K(512K)
[13224.753s][info][gc,heap        ] GC(33440) ParOldGen: 319381K(319488K)->319397K(319488K)
[13224.753s][info][gc,metaspace   ] GC(33440) Metaspace: 8795K(9024K)->8795K(9024K) NonClass: 8142K(8320K)->8142K(8320K) Class: 652K(704K)->652K(704K)
[13224.753s][info][gc             ] GC(33440) Pause Young (Allocation Failure) 426M->312M(423M) 1.166ms
[13224.753s][info][gc,cpu         ] GC(33440) User=0.00s Sys=0.00s Real=0.00s
[13225.136s][info][gc,start       ] GC(33441) Pause Young (Allocation Failure)
[13225.137s][info][gc,heap        ] GC(33441) PSYoungGen: 113920K(114176K)->224K(110592K) Eden: 113664K(113664K)->0K(110080K) From: 256K(512K)->224K(512K)
[13225.137s][info][gc,heap        ] GC(33441) ParOldGen: 319397K(319488K)->319413K(319488K)
[13225.137s][info][gc,metaspace   ] GC(33441) Metaspace: 8795K(9024K)->8795K(9024K) NonClass: 8142K(8320K)->8142K(8320K) Class: 652K(704K)->652K(704K)
[13225.137s][info][gc             ] GC(33441) Pause Young (Allocation Failure) 423M->312M(420M) 1.157ms
[13225.137s][info][gc,cpu         ] GC(33441) User=0.01s Sys=0.00s Real=0.00s
[13225.514s][info][gc,start       ] GC(33442) Pause Young (Allocation Failure)
[13225.515s][info][gc,heap        ] GC(33442) PSYoungGen: 110304K(110592K)->256K(107520K) Eden: 110080K(110080K)->0K(107008K) From: 224K(512K)->256K(512K)
[13225.515s][info][gc,heap        ] GC(33442) ParOldGen: 319413K(319488K)->319429K(319488K)
[13225.515s][info][gc,metaspace   ] GC(33442) Metaspace: 8795K(9024K)->8795K(9024K) NonClass: 8142K(8320K)->8142K(8320K) Class: 652K(704K)->652K(704K)
[13225.515s][info][gc             ] GC(33442) Pause Young (Allocation Failure) 419M->312M(417M) 1.214ms
[13225.515s][info][gc,cpu         ] GC(33442) User=0.00s Sys=0.00s Real=0.00s
[13225.856s][info][gc,start       ] GC(33443) Pause Young (Allocation Failure)
[13225.858s][info][gc,heap        ] GC(33443) PSYoungGen: 107264K(107520K)->256K(104448K) Eden: 107008K(107008K)->0K(103936K) From: 256K(512K)->256K(512K)
[13225.858s][info][gc,heap        ] GC(33443) ParOldGen: 319429K(319488K)->319445K(319488K)
[13225.858s][info][gc,metaspace   ] GC(33443) Metaspace: 8795K(9024K)->8795K(9024K) NonClass: 8142K(8320K)->8142K(8320K) Class: 652K(704K)->652K(704K)
[13225.858s][info][gc             ] GC(33443) Pause Young (Allocation Failure) 416M->312M(414M) 2.231ms
[13225.858s][info][gc,cpu         ] GC(33443) User=0.01s Sys=0.00s Real=0.00s
[13226.188s][info][gc,start       ] GC(33444) Pause Young (Allocation Failure)
[13226.190s][info][gc,heap        ] GC(33444) PSYoungGen: 104192K(104448K)->224K(101376K) Eden: 103936K(103936K)->0K(100864K) From: 256K(512K)->224K(512K)
[13226.190s][info][gc,heap        ] GC(33444) ParOldGen: 319445K(319488K)->319461K(319488K)
[13226.190s][info][gc,metaspace   ] GC(33444) Metaspace: 8795K(9024K)->8795K(9024K) NonClass: 8142K(8320K)->8142K(8320K) Class: 652K(704K)->652K(704K)
[13226.190s][info][gc             ] GC(33444) Pause Young (Allocation Failure) 413M->312M(411M) 2.049ms
[13226.190s][info][gc,cpu         ] GC(33444) User=0.00s Sys=0.00s Real=0.00s
[13226.507s][info][gc,start       ] GC(33445) Pause Young (Allocation Failure)
[13226.510s][info][gc,heap        ] GC(33445) PSYoungGen: 101088K(101376K)->272K(98304K) Eden: 100864K(100864K)->0K(97792K) From: 224K(512K)->272K(512K)
[13226.510s][info][gc,heap        ] GC(33445) ParOldGen: 319461K(319488K)->319469K(319488K)
[13226.510s][info][gc,metaspace   ] GC(33445) Metaspace: 8795K(9024K)->8795K(9024K) NonClass: 8142K(8320K)->8142K(8320K) Class: 652K(704K)->652K(704K)
[13226.510s][info][gc             ] GC(33445) Pause Young (Allocation Failure) 410M->312M(408M) 2.238ms
[13226.510s][info][gc,cpu         ] GC(33445) User=0.00s Sys=0.00s Real=0.00s
[13226.830s][info][gc,start       ] GC(33446) Pause Young (Allocation Failure)
[13226.832s][info][gc,heap        ] GC(33446) PSYoungGen: 98064K(98304K)->224K(95744K) Eden: 97792K(97792K)->0K(95232K) From: 272K(512K)->224K(512K)
[13226.832s][info][gc,heap        ] GC(33446) ParOldGen: 319469K(319488K)->319477K(319488K)
[13226.832s][info][gc,metaspace   ] GC(33446) Metaspace: 8795K(9024K)->8795K(9024K) NonClass: 8142K(8320K)->8142K(8320K) Class: 652K(704K)->652K(704K)
[13226.832s][info][gc             ] GC(33446) Pause Young (Allocation Failure) 407M->312M(405M) 2.121ms
[13226.832s][info][gc,cpu         ] GC(33446) User=0.00s Sys=0.00s Real=0.01s
[13227.142s][info][gc,start       ] GC(33447) Pause Young (Allocation Failure)
[13227.143s][info][gc,heap        ] GC(33447) PSYoungGen: 95456K(95744K)->256K(93184K) Eden: 95232K(95232K)->0K(92672K) From: 224K(512K)->256K(512K)
[13227.143s][info][gc,heap        ] GC(33447) ParOldGen: 319477K(319488K)->319493K(320000K)
[13227.143s][info][gc,metaspace   ] GC(33447) Metaspace: 8795K(9024K)->8795K(9024K) NonClass: 8142K(8320K)->8142K(8320K) Class: 652K(704K)->652K(704K)
[13227.143s][info][gc             ] GC(33447) Pause Young (Allocation Failure) 405M->312M(403M) 1.311ms
[13227.143s][info][gc,cpu         ] GC(33447) User=0.00s Sys=0.00s Real=0.00s
[13227.457s][info][gc,start       ] GC(33448) Pause Young (Allocation Failure)
[13227.459s][info][gc,heap        ] GC(33448) PSYoungGen: 92928K(93184K)->208K(90624K) Eden: 92672K(92672K)->0K(90112K) From: 256K(512K)->208K(512K)
[13227.459s][info][gc,heap        ] GC(33448) ParOldGen: 319493K(320000K)->319501K(320000K)
[13227.459s][info][gc,metaspace   ] GC(33448) Metaspace: 8795K(9024K)->8795K(9024K) NonClass: 8142K(8320K)->8142K(8320K) Class: 652K(704K)->652K(704K)
[13227.459s][info][gc             ] GC(33448) Pause Young (Allocation Failure) 402M->312M(401M) 2.065ms
[13227.459s][info][gc,cpu         ] GC(33448) User=0.00s Sys=0.00s Real=0.00s
[13227.762s][info][gc,start       ] GC(33449) Pause Young (Allocation Failure)
[13227.763s][info][gc,heap        ] GC(33449) PSYoungGen: 90320K(90624K)->240K(88064K) Eden: 90112K(90112K)->0K(87552K) From: 208K(512K)->240K(512K)
[13227.763s][info][gc,heap        ] GC(33449) ParOldGen: 319501K(320000K)->319517K(320000K)
[13227.763s][info][gc,metaspace   ] GC(33449) Metaspace: 8795K(9024K)->8795K(9024K) NonClass: 8142K(8320K)->8142K(8320K) Class: 652K(704K)->652K(704K)
[13227.763s][info][gc             ] GC(33449) Pause Young (Allocation Failure) 400M->312M(398M) 1.174ms
[13227.763s][info][gc,cpu         ] GC(33449) User=0.00s Sys=0.00s Real=0.00s
[13228.052s][info][gc,start       ] GC(33450) Pause Young (Allocation Failure)
[13228.053s][info][gc,heap        ] GC(33450) PSYoungGen: 87792K(88064K)->240K(202752K) Eden: 87552K(87552K)->0K(202240K) From: 240K(512K)->240K(512K)
[13228.053s][info][gc,heap        ] GC(33450) ParOldGen: 319517K(320000K)->319533K(320000K)
[13228.053s][info][gc,metaspace   ] GC(33450) Metaspace: 8795K(9024K)->8795K(9024K) NonClass: 8142K(8320K)->8142K(8320K) Class: 652K(704K)->652K(704K)
[13228.053s][info][gc             ] GC(33450) Pause Young (Allocation Failure) 397M->312M(510M) 1.148ms
[13228.053s][info][gc,cpu         ] GC(33450) User=0.00s Sys=0.00s Real=0.00s
[13228.708s][info][gc,start       ] GC(33451) Pause Young (Allocation Failure)
[13228.710s][info][gc,heap        ] GC(33451) PSYoungGen: 202480K(202752K)->240K(195584K) Eden: 202240K(202240K)->0K(195072K) From: 240K(512K)->240K(512K)
[13228.710s][info][gc,heap        ] GC(33451) ParOldGen: 319533K(320000K)->319549K(320000K)
[13228.710s][info][gc,metaspace   ] GC(33451) Metaspace: 8795K(9024K)->8795K(9024K) NonClass: 8142K(8320K)->8142K(8320K) Class: 652K(704K)->652K(704K)
[13228.710s][info][gc             ] GC(33451) Pause Young (Allocation Failure) 509M->312M(503M) 1.184ms
[13228.710s][info][gc,cpu         ] GC(33451) User=0.00s Sys=0.00s Real=0.00s
[13229.359s][info][gc,start       ] GC(33452) Pause Young (Allocation Failure)
[13229.360s][info][gc,heap        ] GC(33452) PSYoungGen: 195312K(195584K)->240K(188416K) Eden: 195072K(195072K)->0K(187904K) From: 240K(512K)->240K(512K)
[13229.360s][info][gc,heap        ] GC(33452) ParOldGen: 319549K(320000K)->319565K(320000K)
[13229.360s][info][gc,metaspace   ] GC(33452) Metaspace: 8795K(9024K)->8795K(9024K) NonClass: 8142K(8320K)->8142K(8320K) Class: 652K(704K)->652K(704K)
[13229.360s][info][gc             ] GC(33452) Pause Young (Allocation Failure) 502M->312M(496M) 1.313ms
[13229.360s][info][gc,cpu         ] GC(33452) User=0.00s Sys=0.00s Real=0.01s
[13230.014s][info][gc,start       ] GC(33453) Pause Young (Allocation Failure)
[13230.016s][info][gc,heap        ] GC(33453) PSYoungGen: 188144K(188416K)->288K(181760K) Eden: 187904K(187904K)->0K(181248K) From: 240K(512K)->288K(512K)
[13230.016s][info][gc,heap        ] GC(33453) ParOldGen: 319565K(320000K)->319581K(320000K)
[13230.016s][info][gc,metaspace   ] GC(33453) Metaspace: 8795K(9024K)->8795K(9024K) NonClass: 8142K(8320K)->8142K(8320K) Class: 652K(704K)->652K(704K)
[13230.016s][info][gc             ] GC(33453) Pause Young (Allocation Failure) 495M->312M(490M) 1.226ms
[13230.016s][info][gc,cpu         ] GC(33453) User=0.00s Sys=0.00s Real=0.00s
[13230.557s][info][gc,start       ] GC(33454) Pause Young (Allocation Failure)
[13230.558s][info][gc,heap        ] GC(33454) PSYoungGen: 181536K(181760K)->256K(175104K) Eden: 181248K(181248K)->0K(174592K) From: 288K(512K)->256K(512K)
[13230.558s][info][gc,heap        ] GC(33454) ParOldGen: 319581K(320000K)->319597K(320000K)
[13230.558s][info][gc,metaspace   ] GC(33454) Metaspace: 8795K(9024K)->8795K(9024K) NonClass: 8142K(8320K)->8142K(8320K) Class: 652K(704K)->652K(704K)
[13230.558s][info][gc             ] GC(33454) Pause Young (Allocation Failure) 489M->312M(483M) 1.169ms
[13230.558s][info][gc,cpu         ] GC(33454) User=0.00s Sys=0.00s Real=0.00s
[13231.129s][info][gc,start       ] GC(33455) Pause Young (Allocation Failure)
[13231.130s][info][gc,heap        ] GC(33455) PSYoungGen: 174848K(175104K)->240K(168960K) Eden: 174592K(174592K)->0K(168448K) From: 256K(512K)->240K(512K)
[13231.130s][info][gc,heap        ] GC(33455) ParOldGen: 319597K(320000K)->319613K(320000K)
[13231.130s][info][gc,metaspace   ] GC(33455) Metaspace: 8795K(9024K)->8795K(9024K) NonClass: 8142K(8320K)->8142K(8320K) Class: 652K(704K)->652K(704K)
[13231.130s][info][gc             ] GC(33455) Pause Young (Allocation Failure) 482M->312M(477M) 1.142ms
[13231.130s][info][gc,cpu         ] GC(33455) User=0.00s Sys=0.00s Real=0.00s
[13231.723s][info][gc,start       ] GC(33456) Pause Young (Allocation Failure)
[13231.724s][info][gc,heap        ] GC(33456) PSYoungGen: 168688K(168960K)->256K(163328K) Eden: 168448K(168448K)->0K(162816K) From: 240K(512K)->256K(512K)
[13231.724s][info][gc,heap        ] GC(33456) ParOldGen: 319613K(320000K)->319629K(320000K)
[13231.724s][info][gc,metaspace   ] GC(33456) Metaspace: 8795K(9024K)->8795K(9024K) NonClass: 8142K(8320K)->8142K(8320K) Class: 652K(704K)->652K(704K)
[13231.724s][info][gc             ] GC(33456) Pause Young (Allocation Failure) 476M->312M(472M) 1.198ms
[13231.724s][info][gc,cpu         ] GC(33456) User=0.00s Sys=0.00s Real=0.00s
[13232.248s][info][gc,start       ] GC(33457) Pause Young (Allocation Failure)
[13232.249s][info][gc,heap        ] GC(33457) PSYoungGen: 163072K(163328K)->240K(157696K) Eden: 162816K(162816K)->0K(157184K) From: 256K(512K)->240K(512K)
[13232.249s][info][gc,heap        ] GC(33457) ParOldGen: 319629K(320000K)->319645K(320000K)
[13232.249s][info][gc,metaspace   ] GC(33457) Metaspace: 8795K(9024K)->8795K(9024K) NonClass: 8142K(8320K)->8142K(8320K) Class: 652K(704K)->652K(704K)
[13232.249s][info][gc             ] GC(33457) Pause Young (Allocation Failure) 471M->312M(466M) 1.198ms
[13232.249s][info][gc,cpu         ] GC(33457) User=0.01s Sys=0.00s Real=0.00s
[13232.752s][info][gc,start       ] GC(33458) Pause Young (Allocation Failure)
[13232.753s][info][gc,heap        ] GC(33458) PSYoungGen: 157424K(157696K)->224K(152576K) Eden: 157184K(157184K)->0K(152064K) From: 240K(512K)->224K(512K)
[13232.754s][info][gc,heap        ] GC(33458) ParOldGen: 319645K(320000K)->319661K(320000K)
[13232.754s][info][gc,metaspace   ] GC(33458) Metaspace: 8795K(9024K)->8795K(9024K) NonClass: 8142K(8320K)->8142K(8320K) Class: 652K(704K)->652K(704K)
[13232.754s][info][gc             ] GC(33458) Pause Young (Allocation Failure) 465M->312M(461M) 1.276ms
[13232.754s][info][gc,cpu         ] GC(33458) User=0.00s Sys=0.00s Real=0.00s
[13233.280s][info][gc,start       ] GC(33459) Pause Young (Allocation Failure)
[13233.281s][info][gc,heap        ] GC(33459) PSYoungGen: 152288K(152576K)->240K(147456K) Eden: 152064K(152064K)->0K(146944K) From: 224K(512K)->240K(512K)
[13233.281s][info][gc,heap        ] GC(33459) ParOldGen: 319661K(320000K)->319677K(320000K)
[13233.281s][info][gc,metaspace   ] GC(33459) Metaspace: 8795K(9024K)->8795K(9024K) NonClass: 8142K(8320K)->8142K(8320K) Class: 652K(704K)->652K(704K)
[13233.281s][info][gc             ] GC(33459) Pause Young (Allocation Failure) 460M->312M(456M) 1.212ms
[13233.281s][info][gc,cpu         ] GC(33459) User=0.00s Sys=0.00s Real=0.01s
[13233.772s][info][gc,start       ] GC(33460) Pause Young (Allocation Failure)
[13233.773s][info][gc,heap        ] GC(33460) PSYoungGen: 147184K(147456K)->240K(142848K) Eden: 146944K(146944K)->0K(142336K) From: 240K(512K)->240K(512K)
[13233.773s][info][gc,heap        ] GC(33460) ParOldGen: 319677K(320000K)->319693K(320000K)
[13233.773s][info][gc,metaspace   ] GC(33460) Metaspace: 8795K(9024K)->8795K(9024K) NonClass: 8142K(8320K)->8142K(8320K) Class: 652K(704K)->652K(704K)
[13233.773s][info][gc             ] GC(33460) Pause Young (Allocation Failure) 455M->312M(452M) 1.193ms
[13233.773s][info][gc,cpu         ] GC(33460) User=0.00s Sys=0.00s Real=0.00s
[13234.224s][info][gc,start       ] GC(33461) Pause Young (Allocation Failure)
[13234.225s][info][gc,heap        ] GC(33461) PSYoungGen: 142576K(142848K)->256K(138240K) Eden: 142336K(142336K)->0K(137728K) From: 240K(512K)->256K(512K)
[13234.225s][info][gc,heap        ] GC(33461) ParOldGen: 319693K(320000K)->319709K(320000K)
[13234.225s][info][gc,metaspace   ] GC(33461) Metaspace: 8795K(9024K)->8795K(9024K) NonClass: 8142K(8320K)->8142K(8320K) Class: 652K(704K)->652K(704K)
[13234.225s][info][gc             ] GC(33461) Pause Young (Allocation Failure) 451M->312M(447M) 1.182ms
[13234.225s][info][gc,cpu         ] GC(33461) User=0.01s Sys=0.00s Real=0.00s
[13234.678s][info][gc,start       ] GC(33462) Pause Young (Allocation Failure)
[13234.680s][info][gc,heap        ] GC(33462) PSYoungGen: 137984K(138240K)->256K(133632K) Eden: 137728K(137728K)->0K(133120K) From: 256K(512K)->256K(512K)
[13234.680s][info][gc,heap        ] GC(33462) ParOldGen: 319709K(320000K)->319725K(320000K)
[13234.680s][info][gc,metaspace   ] GC(33462) Metaspace: 8795K(9024K)->8795K(9024K) NonClass: 8142K(8320K)->8142K(8320K) Class: 652K(704K)->652K(704K)
[13234.680s][info][gc             ] GC(33462) Pause Young (Allocation Failure) 446M->312M(443M) 1.168ms
[13234.680s][info][gc,cpu         ] GC(33462) User=0.01s Sys=0.00s Real=0.00s
[13235.091s][info][gc,start       ] GC(33463) Pause Young (Allocation Failure)
[13235.093s][info][gc,heap        ] GC(33463) PSYoungGen: 133376K(133632K)->256K(129536K) Eden: 133120K(133120K)->0K(129024K) From: 256K(512K)->256K(512K)
[13235.093s][info][gc,heap        ] GC(33463) ParOldGen: 319725K(320000K)->319741K(320000K)
[13235.093s][info][gc,metaspace   ] GC(33463) Metaspace: 8795K(9024K)->8795K(9024K) NonClass: 8142K(8320K)->8142K(8320K) Class: 652K(704K)->652K(704K)
[13235.093s][info][gc             ] GC(33463) Pause Young (Allocation Failure) 442M->312M(439M) 1.172ms
[13235.093s][info][gc,cpu         ] GC(33463) User=0.00s Sys=0.00s Real=0.00s
[13235.501s][info][gc,start       ] GC(33464) Pause Young (Allocation Failure)
[13235.503s][info][gc,heap        ] GC(33464) PSYoungGen: 129280K(129536K)->272K(125440K) Eden: 129024K(129024K)->0K(124928K) From: 256K(512K)->272K(512K)
[13235.503s][info][gc,heap        ] GC(33464) ParOldGen: 319741K(320000K)->319749K(320000K)
[13235.503s][info][gc,metaspace   ] GC(33464) Metaspace: 8795K(9024K)->8795K(9024K) NonClass: 8142K(8320K)->8142K(8320K) Class: 652K(704K)->652K(704K)
[13235.503s][info][gc             ] GC(33464) Pause Young (Allocation Failure) 438M->312M(435M) 1.637ms
[13235.503s][info][gc,cpu         ] GC(33464) User=0.00s Sys=0.00s Real=0.00s
[13235.922s][info][gc,start       ] GC(33465) Pause Young (Allocation Failure)
[13235.923s][info][gc,heap        ] GC(33465) PSYoungGen: 125200K(125440K)->240K(121344K) Eden: 124928K(124928K)->0K(120832K) From: 272K(512K)->240K(512K)
[13235.923s][info][gc,heap        ] GC(33465) ParOldGen: 319749K(320000K)->319765K(320000K)
[13235.923s][info][gc,metaspace   ] GC(33465) Metaspace: 8795K(9024K)->8795K(9024K) NonClass: 8142K(8320K)->8142K(8320K) Class: 652K(704K)->652K(704K)
[13235.923s][info][gc             ] GC(33465) Pause Young (Allocation Failure) 434M->312M(431M) 1.107ms
[13235.923s][info][gc,cpu         ] GC(33465) User=0.01s Sys=0.00s Real=0.00s
[13236.283s][info][gc,start       ] GC(33466) Pause Young (Allocation Failure)
[13236.284s][info][gc,heap        ] GC(33466) PSYoungGen: 121072K(121344K)->240K(117760K) Eden: 120832K(120832K)->0K(117248K) From: 240K(512K)->240K(512K)
[13236.284s][info][gc,heap        ] GC(33466) ParOldGen: 319765K(320000K)->319781K(320000K)
[13236.284s][info][gc,metaspace   ] GC(33466) Metaspace: 8795K(9024K)->8795K(9024K) NonClass: 8142K(8320K)->8142K(8320K) Class: 652K(704K)->652K(704K)
[13236.284s][info][gc             ] GC(33466) Pause Young (Allocation Failure) 430M->312M(427M) 1.106ms
[13236.284s][info][gc,cpu         ] GC(33466) User=0.00s Sys=0.00s Real=0.00s
[13236.626s][info][gc,start       ] GC(33467) Pause Young (Allocation Failure)
[13236.628s][info][gc,heap        ] GC(33467) PSYoungGen: 117488K(117760K)->240K(114176K) Eden: 117248K(117248K)->0K(113664K) From: 240K(512K)->240K(512K)
[13236.628s][info][gc,heap        ] GC(33467) ParOldGen: 319781K(320000K)->319789K(320000K)
[13236.628s][info][gc,metaspace   ] GC(33467) Metaspace: 8795K(9024K)->8795K(9024K) NonClass: 8142K(8320K)->8142K(8320K) Class: 652K(704K)->652K(704K)
[13236.628s][info][gc             ] GC(33467) Pause Young (Allocation Failure) 427M->312M(424M) 1.922ms
[13236.628s][info][gc,cpu         ] GC(33467) User=0.01s Sys=0.00s Real=0.00s
[13236.967s][info][gc,start       ] GC(33468) Pause Young (Allocation Failure)
[13236.969s][info][gc,heap        ] GC(33468) PSYoungGen: 113904K(114176K)->272K(110592K) Eden: 113664K(113664K)->0K(110080K) From: 240K(512K)->272K(512K)
[13236.969s][info][gc,heap        ] GC(33468) ParOldGen: 319789K(320000K)->319805K(320000K)
[13236.969s][info][gc,metaspace   ] GC(33468) Metaspace: 8795K(9024K)->8795K(9024K) NonClass: 8142K(8320K)->8142K(8320K) Class: 652K(704K)->652K(704K)
[13236.969s][info][gc             ] GC(33468) Pause Young (Allocation Failure) 423M->312M(420M) 2.075ms
[13236.969s][info][gc,cpu         ] GC(33468) User=0.00s Sys=0.00s Real=0.00s
[13237.286s][info][gc,start       ] GC(33469) Pause Young (Allocation Failure)
[13237.287s][info][gc,heap        ] GC(33469) PSYoungGen: 110352K(110592K)->240K(107520K) Eden: 110080K(110080K)->0K(107008K) From: 272K(512K)->240K(512K)
[13237.287s][info][gc,heap        ] GC(33469) ParOldGen: 319805K(320000K)->319821K(320000K)
[13237.287s][info][gc,metaspace   ] GC(33469) Metaspace: 8795K(9024K)->8795K(9024K) NonClass: 8142K(8320K)->8142K(8320K) Class: 652K(704K)->652K(704K)
[13237.287s][info][gc             ] GC(33469) Pause Young (Allocation Failure) 420M->312M(417M) 1.067ms
[13237.287s][info][gc,cpu         ] GC(33469) User=0.00s Sys=0.00s Real=0.00s
[13237.636s][info][gc,start       ] GC(33470) Pause Young (Allocation Failure)
[13237.638s][info][gc,heap        ] GC(33470) PSYoungGen: 107248K(107520K)->240K(104448K) Eden: 107008K(107008K)->0K(103936K) From: 240K(512K)->240K(512K)
[13237.638s][info][gc,heap        ] GC(33470) ParOldGen: 319821K(320000K)->319837K(320000K)
[13237.638s][info][gc,metaspace   ] GC(33470) Metaspace: 8795K(9024K)->8795K(9024K) NonClass: 8142K(8320K)->8142K(8320K) Class: 652K(704K)->652K(704K)
[13237.638s][info][gc             ] GC(33470) Pause Young (Allocation Failure) 417M->312M(414M) 2.057ms
[13237.638s][info][gc,cpu         ] GC(33470) User=0.00s Sys=0.00s Real=0.00s
[13237.956s][info][gc,start       ] GC(33471) Pause Young (Allocation Failure)
[13237.958s][info][gc,heap        ] GC(33471) PSYoungGen: 104176K(104448K)->256K(101376K) Eden: 103936K(103936K)->0K(100864K) From: 240K(512K)->256K(512K)
[13237.958s][info][gc,heap        ] GC(33471) ParOldGen: 319837K(320000K)->319845K(320000K)
[13237.958s][info][gc,metaspace   ] GC(33471) Metaspace: 8795K(9024K)->8795K(9024K) NonClass: 8142K(8320K)->8142K(8320K) Class: 652K(704K)->652K(704K)
[13237.958s][info][gc             ] GC(33471) Pause Young (Allocation Failure) 414M->312M(411M) 2.106ms
[13237.958s][info][gc,cpu         ] GC(33471) User=0.00s Sys=0.00s Real=0.00s
[13238.303s][info][gc,start       ] GC(33472) Pause Young (Allocation Failure)
[13238.306s][info][gc,heap        ] GC(33472) PSYoungGen: 101120K(101376K)->240K(98304K) Eden: 100864K(100864K)->0K(97792K) From: 256K(512K)->240K(512K)
[13238.306s][info][gc,heap        ] GC(33472) ParOldGen: 319845K(320000K)->319861K(320000K)
[13238.306s][info][gc,metaspace   ] GC(33472) Metaspace: 8795K(9024K)->8795K(9024K) NonClass: 8142K(8320K)->8142K(8320K) Class: 652K(704K)->652K(704K)
[13238.306s][info][gc             ] GC(33472) Pause Young (Allocation Failure) 411M->312M(408M) 2.872ms
[13238.306s][info][gc,cpu         ] GC(33472) User=0.01s Sys=0.00s Real=0.00s
[13238.621s][info][gc,start       ] GC(33473) Pause Young (Allocation Failure)
[13238.622s][info][gc,heap        ] GC(33473) PSYoungGen: 98032K(98304K)->256K(95744K) Eden: 97792K(97792K)->0K(95232K) From: 240K(512K)->256K(512K)
[13238.622s][info][gc,heap        ] GC(33473) ParOldGen: 319861K(320000K)->319877K(320000K)
[13238.622s][info][gc,metaspace   ] GC(33473) Metaspace: 8795K(9024K)->8795K(9024K) NonClass: 8142K(8320K)->8142K(8320K) Class: 652K(704K)->652K(704K)
[13238.622s][info][gc             ] GC(33473) Pause Young (Allocation Failure) 408M->312M(406M) 1.183ms
[13238.622s][info][gc,cpu         ] GC(33473) User=0.00s Sys=0.00s Real=0.00s
[13238.952s][info][gc,start       ] GC(33474) Pause Young (Allocation Failure)
[13238.953s][info][gc,heap        ] GC(33474) PSYoungGen: 95488K(95744K)->240K(93184K) Eden: 95232K(95232K)->0K(92672K) From: 256K(512K)->240K(512K)
[13238.953s][info][gc,heap        ] GC(33474) ParOldGen: 319877K(320000K)->319893K(320000K)
[13238.953s][info][gc,metaspace   ] GC(33474) Metaspace: 8795K(9024K)->8795K(9024K) NonClass: 8142K(8320K)->8142K(8320K) Class: 652K(704K)->652K(704K)
[13238.953s][info][gc             ] GC(33474) Pause Young (Allocation Failure) 405M->312M(403M) 1.199ms
[13238.953s][info][gc,cpu         ] GC(33474) User=0.00s Sys=0.00s Real=0.00s
[13239.266s][info][gc,start       ] GC(33475) Pause Young (Allocation Failure)
[13239.267s][info][gc,heap        ] GC(33475) PSYoungGen: 92912K(93184K)->256K(90624K) Eden: 92672K(92672K)->0K(90112K) From: 240K(512K)->256K(512K)
[13239.267s][info][gc,heap        ] GC(33475) ParOldGen: 319893K(320000K)->319909K(320000K)
[13239.267s][info][gc,metaspace   ] GC(33475) Metaspace: 8795K(9024K)->8795K(9024K) NonClass: 8142K(8320K)->8142K(8320K) Class: 652K(704K)->652K(704K)
[13239.267s][info][gc             ] GC(33475) Pause Young (Allocation Failure) 403M->312M(401M) 1.189ms
[13239.267s][info][gc,cpu         ] GC(33475) User=0.00s Sys=0.00s Real=0.00s
[13239.559s][info][gc,start       ] GC(33476) Pause Young (Allocation Failure)
[13239.560s][info][gc,heap        ] GC(33476) PSYoungGen: 90368K(90624K)->224K(88064K) Eden: 90112K(90112K)->0K(87552K) From: 256K(512K)->224K(512K)
[13239.560s][info][gc,heap        ] GC(33476) ParOldGen: 319909K(320000K)->319925K(320000K)
[13239.560s][info][gc,metaspace   ] GC(33476) Metaspace: 8795K(9024K)->8795K(9024K) NonClass: 8142K(8320K)->8142K(8320K) Class: 652K(704K)->652K(704K)
[13239.560s][info][gc             ] GC(33476) Pause Young (Allocation Failure) 400M->312M(398M) 1.490ms
[13239.560s][info][gc,cpu         ] GC(33476) User=0.00s Sys=0.00s Real=0.01s
[13239.863s][info][gc,start       ] GC(33477) Pause Young (Allocation Failure)
[13239.864s][info][gc,heap        ] GC(33477) PSYoungGen: 87776K(88064K)->240K(202752K) Eden: 87552K(87552K)->0K(202240K) From: 224K(512K)->240K(512K)
[13239.864s][info][gc,heap        ] GC(33477) ParOldGen: 319925K(320000K)->319941K(320000K)
[13239.864s][info][gc,metaspace   ] GC(33477) Metaspace: 8795K(9024K)->8795K(9024K) NonClass: 8142K(8320K)->8142K(8320K) Class: 652K(704K)->652K(704K)
[13239.864s][info][gc             ] GC(33477) Pause Young (Allocation Failure) 398M->312M(510M) 1.200ms
[13239.864s][info][gc,cpu         ] GC(33477) User=0.00s Sys=0.00s Real=0.00s
[13240.548s][info][gc,start       ] GC(33478) Pause Young (Allocation Failure)
[13240.549s][info][gc,heap        ] GC(33478) PSYoungGen: 202480K(202752K)->272K(195584K) Eden: 202240K(202240K)->0K(195072K) From: 240K(512K)->272K(512K)
[13240.549s][info][gc,heap        ] GC(33478) ParOldGen: 319941K(320000K)->319957K(320000K)
[13240.549s][info][gc,metaspace   ] GC(33478) Metaspace: 8795K(9024K)->8795K(9024K) NonClass: 8142K(8320K)->8142K(8320K) Class: 652K(704K)->652K(704K)
[13240.549s][info][gc             ] GC(33478) Pause Young (Allocation Failure) 510M->312M(503M) 1.203ms
[13240.549s][info][gc,cpu         ] GC(33478) User=0.00s Sys=0.00s Real=0.00s
[13241.152s][info][gc,start       ] GC(33479) Pause Young (Allocation Failure)
[13241.153s][info][gc,heap        ] GC(33479) PSYoungGen: 195344K(195584K)->272K(188416K) Eden: 195072K(195072K)->0K(187904K) From: 272K(512K)->272K(512K)
[13241.153s][info][gc,heap        ] GC(33479) ParOldGen: 319957K(320000K)->319973K(320000K)
[13241.153s][info][gc,metaspace   ] GC(33479) Metaspace: 8795K(9024K)->8795K(9024K) NonClass: 8142K(8320K)->8142K(8320K) Class: 652K(704K)->652K(704K)
[13241.153s][info][gc             ] GC(33479) Pause Young (Allocation Failure) 503M->312M(496M) 1.340ms
[13241.153s][info][gc,cpu         ] GC(33479) User=0.00s Sys=0.00s Real=0.00s
[13241.758s][info][gc,start       ] GC(33480) Pause Young (Allocation Failure)
[13241.759s][info][gc,heap        ] GC(33480) PSYoungGen: 188176K(188416K)->240K(181760K) Eden: 187904K(187904K)->0K(181248K) From: 272K(512K)->240K(512K)
[13241.759s][info][gc,heap        ] GC(33480) ParOldGen: 319973K(320000K)->319989K(320000K)
[13241.759s][info][gc,metaspace   ] GC(33480) Metaspace: 8795K(9024K)->8795K(9024K) NonClass: 8142K(8320K)->8142K(8320K) Class: 652K(704K)->652K(704K)
[13241.759s][info][gc             ] GC(33480) Pause Young (Allocation Failure) 496M->312M(490M) 1.151ms
[13241.759s][info][gc,cpu         ] GC(33480) User=0.00s Sys=0.00s Real=0.00s
[13242.335s][info][gc,start       ] GC(33481) Pause Young (Allocation Failure)
[13242.338s][info][gc,heap        ] GC(33481) PSYoungGen: 181488K(181760K)->224K(175104K) Eden: 181248K(181248K)->0K(174592K) From: 240K(512K)->224K(512K)
[13242.338s][info][gc,heap        ] GC(33481) ParOldGen: 319989K(320000K)->319997K(320000K)
[13242.338s][info][gc,metaspace   ] GC(33481) Metaspace: 8795K(9024K)->8795K(9024K) NonClass: 8142K(8320K)->8142K(8320K) Class: 652K(704K)->652K(704K)
[13242.338s][info][gc             ] GC(33481) Pause Young (Allocation Failure) 489M->312M(483M) 2.103ms
[13242.338s][info][gc,cpu         ] GC(33481) User=0.01s Sys=0.00s Real=0.00s
[13242.898s][info][gc,start       ] GC(33482) Pause Young (Allocation Failure)
[13242.900s][info][gc,heap        ] GC(33482) PSYoungGen: 174816K(175104K)->240K(168960K) Eden: 174592K(174592K)->0K(168448K) From: 224K(512K)->240K(512K)
[13242.900s][info][gc,heap        ] GC(33482) ParOldGen: 319997K(320000K)->320005K(320512K)
[13242.900s][info][gc,metaspace   ] GC(33482) Metaspace: 8795K(9024K)->8795K(9024K) NonClass: 8142K(8320K)->8142K(8320K) Class: 652K(704K)->652K(704K)
[13242.900s][info][gc             ] GC(33482) Pause Young (Allocation Failure) 483M->312M(478M) 2.216ms
[13242.900s][info][gc,cpu         ] GC(33482) User=0.00s Sys=0.00s Real=0.00s
[13243.484s][info][gc,start       ] GC(33483) Pause Young (Allocation Failure)
[13243.486s][info][gc,heap        ] GC(33483) PSYoungGen: 168688K(168960K)->272K(163328K) Eden: 168448K(168448K)->0K(162816K) From: 240K(512K)->272K(512K)
[13243.486s][info][gc,heap        ] GC(33483) ParOldGen: 320005K(320512K)->320013K(320512K)
[13243.486s][info][gc,metaspace   ] GC(33483) Metaspace: 8795K(9024K)->8795K(9024K) NonClass: 8142K(8320K)->8142K(8320K) Class: 652K(704K)->652K(704K)
[13243.486s][info][gc             ] GC(33483) Pause Young (Allocation Failure) 477M->312M(472M) 2.211ms
[13243.486s][info][gc,cpu         ] GC(33483) User=0.00s Sys=0.00s Real=0.00s
[13244.013s][info][gc,start       ] GC(33484) Pause Young (Allocation Failure)
[13244.015s][info][gc,heap        ] GC(33484) PSYoungGen: 163088K(163328K)->224K(157696K) Eden: 162816K(162816K)->0K(157184K) From: 272K(512K)->224K(512K)
[13244.015s][info][gc,heap        ] GC(33484) ParOldGen: 320013K(320512K)->320029K(320512K)
[13244.015s][info][gc,metaspace   ] GC(33484) Metaspace: 8795K(9024K)->8795K(9024K) NonClass: 8142K(8320K)->8142K(8320K) Class: 652K(704K)->652K(704K)
[13244.015s][info][gc             ] GC(33484) Pause Young (Allocation Failure) 471M->312M(467M) 2.217ms
[13244.015s][info][gc,cpu         ] GC(33484) User=0.01s Sys=0.00s Real=0.00s
[13244.538s][info][gc,start       ] GC(33485) Pause Young (Allocation Failure)
[13244.540s][info][gc,heap        ] GC(33485) PSYoungGen: 157408K(157696K)->224K(152576K) Eden: 157184K(157184K)->0K(152064K) From: 224K(512K)->224K(512K)
[13244.540s][info][gc,heap        ] GC(33485) ParOldGen: 320029K(320512K)->320037K(320512K)
[13244.540s][info][gc,metaspace   ] GC(33485) Metaspace: 8795K(9024K)->8795K(9024K) NonClass: 8142K(8320K)->8142K(8320K) Class: 652K(704K)->652K(704K)
[13244.541s][info][gc             ] GC(33485) Pause Young (Allocation Failure) 466M->312M(462M) 2.199ms
[13244.541s][info][gc,cpu         ] GC(33485) User=0.00s Sys=0.00s Real=0.01s
[13245.032s][info][gc,start       ] GC(33486) Pause Young (Allocation Failure)
[13245.035s][info][gc,heap        ] GC(33486) PSYoungGen: 152288K(152576K)->304K(147456K) Eden: 152064K(152064K)->0K(146944K) From: 224K(512K)->304K(512K)
[13245.035s][info][gc,heap        ] GC(33486) ParOldGen: 320037K(320512K)->320053K(320512K)
[13245.035s][info][gc,metaspace   ] GC(33486) Metaspace: 8795K(9024K)->8795K(9024K) NonClass: 8142K(8320K)->8142K(8320K) Class: 652K(704K)->652K(704K)
[13245.035s][info][gc             ] GC(33486) Pause Young (Allocation Failure) 461M->312M(457M) 2.355ms
[13245.035s][info][gc,cpu         ] GC(33486) User=0.00s Sys=0.00s Real=0.00s
[13245.502s][info][gc,start       ] GC(33487) Pause Young (Allocation Failure)
[13245.504s][info][gc,heap        ] GC(33487) PSYoungGen: 147248K(147456K)->240K(142848K) Eden: 146944K(146944K)->0K(142336K) From: 304K(512K)->240K(512K)
[13245.504s][info][gc,heap        ] GC(33487) ParOldGen: 320053K(320512K)->320069K(320512K)
[13245.504s][info][gc,metaspace   ] GC(33487) Metaspace: 8795K(9024K)->8795K(9024K) NonClass: 8142K(8320K)->8142K(8320K) Class: 652K(704K)->652K(704K)
[13245.504s][info][gc             ] GC(33487) Pause Young (Allocation Failure) 456M->312M(452M) 2.207ms
[13245.504s][info][gc,cpu         ] GC(33487) User=0.00s Sys=0.00s Real=0.00s
[13245.992s][info][gc,start       ] GC(33488) Pause Young (Allocation Failure)
[13245.993s][info][gc,heap        ] GC(33488) PSYoungGen: 142576K(142848K)->240K(138240K) Eden: 142336K(142336K)->0K(137728K) From: 240K(512K)->240K(512K)
[13245.993s][info][gc,heap        ] GC(33488) ParOldGen: 320069K(320512K)->320085K(320512K)
[13245.993s][info][gc,metaspace   ] GC(33488) Metaspace: 8795K(9024K)->8795K(9024K) NonClass: 8142K(8320K)->8142K(8320K) Class: 652K(704K)->652K(704K)
[13245.993s][info][gc             ] GC(33488) Pause Young (Allocation Failure) 451M->312M(448M) 1.636ms
[13245.993s][info][gc,cpu         ] GC(33488) User=0.00s Sys=0.00s Real=0.00s
[13246.459s][info][gc,start       ] GC(33489) Pause Young (Allocation Failure)
[13246.461s][info][gc,heap        ] GC(33489) PSYoungGen: 137968K(138240K)->240K(133632K) Eden: 137728K(137728K)->0K(133120K) From: 240K(512K)->240K(512K)
[13246.461s][info][gc,heap        ] GC(33489) ParOldGen: 320085K(320512K)->320093K(320512K)
[13246.461s][info][gc,metaspace   ] GC(33489) Metaspace: 8795K(9024K)->8795K(9024K) NonClass: 8142K(8320K)->8142K(8320K) Class: 652K(704K)->652K(704K)
[13246.461s][info][gc             ] GC(33489) Pause Young (Allocation Failure) 447M->312M(443M) 2.058ms
[13246.461s][info][gc,cpu         ] GC(33489) User=0.01s Sys=0.00s Real=0.01s
[13246.891s][info][gc,start       ] GC(33490) Pause Young (Allocation Failure)
[13246.893s][info][gc,heap        ] GC(33490) PSYoungGen: 133360K(133632K)->272K(129536K) Eden: 133120K(133120K)->0K(129024K) From: 240K(512K)->272K(512K)
[13246.893s][info][gc,heap        ] GC(33490) ParOldGen: 320093K(320512K)->320101K(320512K)
[13246.894s][info][gc,metaspace   ] GC(33490) Metaspace: 8795K(9024K)->8795K(9024K) NonClass: 8142K(8320K)->8142K(8320K) Class: 652K(704K)->652K(704K)
[13246.894s][info][gc             ] GC(33490) Pause Young (Allocation Failure) 442M->312M(439M) 2.211ms
[13246.894s][info][gc,cpu         ] GC(33490) User=0.00s Sys=0.00s Real=0.00s
[13247.351s][info][gc,start       ] GC(33491) Pause Young (Allocation Failure)
[13247.353s][info][gc,heap        ] GC(33491) PSYoungGen: 129296K(129536K)->240K(125440K) Eden: 129024K(129024K)->0K(124928K) From: 272K(512K)->240K(512K)
[13247.353s][info][gc,heap        ] GC(33491) ParOldGen: 320101K(320512K)->320117K(320512K)
[13247.353s][info][gc,metaspace   ] GC(33491) Metaspace: 8795K(9024K)->8795K(9024K) NonClass: 8142K(8320K)->8142K(8320K) Class: 652K(704K)->652K(704K)
[13247.353s][info][gc             ] GC(33491) Pause Young (Allocation Failure) 438M->312M(435M) 1.627ms
[13247.353s][info][gc,cpu         ] GC(33491) User=0.01s Sys=0.00s Real=0.00s
[13247.767s][info][gc,start       ] GC(33492) Pause Young (Allocation Failure)
[13247.768s][info][gc,heap        ] GC(33492) PSYoungGen: 125168K(125440K)->240K(121344K) Eden: 124928K(124928K)->0K(120832K) From: 240K(512K)->240K(512K)
[13247.768s][info][gc,heap        ] GC(33492) ParOldGen: 320117K(320512K)->320133K(320512K)
[13247.768s][info][gc,metaspace   ] GC(33492) Metaspace: 8795K(9024K)->8795K(9024K) NonClass: 8142K(8320K)->8142K(8320K) Class: 652K(704K)->652K(704K)
[13247.768s][info][gc             ] GC(33492) Pause Young (Allocation Failure) 434M->312M(431M) 1.175ms
[13247.768s][info][gc,cpu         ] GC(33492) User=0.00s Sys=0.00s Real=0.00s
[13248.191s][info][gc,start       ] GC(33493) Pause Young (Allocation Failure)
[13248.192s][info][gc,heap        ] GC(33493) PSYoungGen: 121072K(121344K)->288K(117760K) Eden: 120832K(120832K)->0K(117248K) From: 240K(512K)->288K(512K)
[13248.192s][info][gc,heap        ] GC(33493) ParOldGen: 320133K(320512K)->320149K(320512K)
[13248.192s][info][gc,metaspace   ] GC(33493) Metaspace: 8795K(9024K)->8795K(9024K) NonClass: 8142K(8320K)->8142K(8320K) Class: 652K(704K)->652K(704K)
[13248.192s][info][gc             ] GC(33493) Pause Young (Allocation Failure) 430M->312M(428M) 1.203ms
[13248.192s][info][gc,cpu         ] GC(33493) User=0.00s Sys=0.00s Real=0.00s
[13248.586s][info][gc,start       ] GC(33494) Pause Young (Allocation Failure)
[13248.587s][info][gc,heap        ] GC(33494) PSYoungGen: 117536K(117760K)->288K(114176K) Eden: 117248K(117248K)->0K(113664K) From: 288K(512K)->288K(512K)
[13248.587s][info][gc,heap        ] GC(33494) ParOldGen: 320149K(320512K)->320165K(320512K)
[13248.587s][info][gc,metaspace   ] GC(33494) Metaspace: 8795K(9024K)->8795K(9024K) NonClass: 8142K(8320K)->8142K(8320K) Class: 652K(704K)->652K(704K)
[13248.587s][info][gc             ] GC(33494) Pause Young (Allocation Failure) 427M->312M(424M) 1.155ms
[13248.587s][info][gc,cpu         ] GC(33494) User=0.00s Sys=0.00s Real=0.00s
[13248.987s][info][gc,start       ] GC(33495) Pause Young (Allocation Failure)
[13248.988s][info][gc,heap        ] GC(33495) PSYoungGen: 113952K(114176K)->256K(110592K) Eden: 113664K(113664K)->0K(110080K) From: 288K(512K)->256K(512K)
[13248.988s][info][gc,heap        ] GC(33495) ParOldGen: 320165K(320512K)->320181K(320512K)
[13248.988s][info][gc,metaspace   ] GC(33495) Metaspace: 8795K(9024K)->8795K(9024K) NonClass: 8142K(8320K)->8142K(8320K) Class: 652K(704K)->652K(704K)
[13248.988s][info][gc             ] GC(33495) Pause Young (Allocation Failure) 423M->312M(421M) 1.159ms
[13248.988s][info][gc,cpu         ] GC(33495) User=0.00s Sys=0.00s Real=0.00s
[13249.344s][info][gc,start       ] GC(33496) Pause Young (Allocation Failure)
[13249.347s][info][gc,heap        ] GC(33496) PSYoungGen: 110336K(110592K)->256K(107520K) Eden: 110080K(110080K)->0K(107008K) From: 256K(512K)->256K(512K)
[13249.347s][info][gc,heap        ] GC(33496) ParOldGen: 320181K(320512K)->320197K(320512K)
[13249.347s][info][gc,metaspace   ] GC(33496) Metaspace: 8795K(9024K)->8795K(9024K) NonClass: 8142K(8320K)->8142K(8320K) Class: 652K(704K)->652K(704K)
[13249.347s][info][gc             ] GC(33496) Pause Young (Allocation Failure) 420M->312M(418M) 2.241ms
[13249.347s][info][gc,cpu         ] GC(33496) User=0.00s Sys=0.00s Real=0.00s
[13249.682s][info][gc,start       ] GC(33497) Pause Young (Allocation Failure)
[13249.684s][info][gc,heap        ] GC(33497) PSYoungGen: 107264K(107520K)->272K(104448K) Eden: 107008K(107008K)->0K(103936K) From: 256K(512K)->272K(512K)
[13249.684s][info][gc,heap        ] GC(33497) ParOldGen: 320197K(320512K)->320205K(320512K)
[13249.684s][info][gc,metaspace   ] GC(33497) Metaspace: 8795K(9024K)->8795K(9024K) NonClass: 8142K(8320K)->8142K(8320K) Class: 652K(704K)->652K(704K)
[13249.684s][info][gc             ] GC(33497) Pause Young (Allocation Failure) 417M->312M(415M) 2.097ms
[13249.684s][info][gc,cpu         ] GC(33497) User=0.01s Sys=0.00s Real=0.00s
[13250.037s][info][gc,start       ] GC(33498) Pause Young (Allocation Failure)
[13250.040s][info][gc,heap        ] GC(33498) PSYoungGen: 104208K(104448K)->256K(101376K) Eden: 103936K(103936K)->0K(100864K) From: 272K(512K)->256K(512K)
[13250.040s][info][gc,heap        ] GC(33498) ParOldGen: 320205K(320512K)->320221K(320512K)
[13250.040s][info][gc,metaspace   ] GC(33498) Metaspace: 8795K(9024K)->8795K(9024K) NonClass: 8142K(8320K)->8142K(8320K) Class: 652K(704K)->652K(704K)
[13250.040s][info][gc             ] GC(33498) Pause Young (Allocation Failure) 414M->312M(412M) 2.230ms
[13250.040s][info][gc,cpu         ] GC(33498) User=0.00s Sys=0.00s Real=0.00s
[13250.372s][info][gc,start       ] GC(33499) Pause Young (Allocation Failure)
[13250.374s][info][gc,heap        ] GC(33499) PSYoungGen: 101120K(101376K)->224K(98304K) Eden: 100864K(100864K)->0K(97792K) From: 256K(512K)->224K(512K)
[13250.374s][info][gc,heap        ] GC(33499) ParOldGen: 320221K(320512K)->320229K(320512K)
[13250.374s][info][gc,metaspace   ] GC(33499) Metaspace: 8795K(9024K)->8795K(9024K) NonClass: 8142K(8320K)->8142K(8320K) Class: 652K(704K)->652K(704K)
[13250.374s][info][gc             ] GC(33499) Pause Young (Allocation Failure) 411M->312M(409M) 2.084ms
[13250.374s][info][gc,cpu         ] GC(33499) User=0.00s Sys=0.00s Real=0.00s
[13250.697s][info][gc,start       ] GC(33500) Pause Young (Allocation Failure)
[13250.700s][info][gc,heap        ] GC(33500) PSYoungGen: 98016K(98304K)->240K(95744K) Eden: 97792K(97792K)->0K(95232K) From: 224K(512K)->240K(512K)
[13250.700s][info][gc,heap        ] GC(33500) ParOldGen: 320229K(320512K)->320237K(320512K)
[13250.700s][info][gc,metaspace   ] GC(33500) Metaspace: 8795K(9024K)->8795K(9024K) NonClass: 8142K(8320K)->8142K(8320K) Class: 652K(704K)->652K(704K)
[13250.700s][info][gc             ] GC(33500) Pause Young (Allocation Failure) 408M->312M(406M) 2.811ms
[13250.700s][info][gc,cpu         ] GC(33500) User=0.00s Sys=0.00s Real=0.00s
[13250.988s][info][gc,start       ] GC(33501) Pause Young (Allocation Failure)
[13250.990s][info][gc,heap        ] GC(33501) PSYoungGen: 95472K(95744K)->256K(93184K) Eden: 95232K(95232K)->0K(92672K) From: 240K(512K)->256K(512K)
[13250.990s][info][gc,heap        ] GC(33501) ParOldGen: 320237K(320512K)->320245K(320512K)
[13250.990s][info][gc,metaspace   ] GC(33501) Metaspace: 8795K(9024K)->8795K(9024K) NonClass: 8142K(8320K)->8142K(8320K) Class: 652K(704K)->652K(704K)
[13250.990s][info][gc             ] GC(33501) Pause Young (Allocation Failure) 405M->312M(404M) 2.278ms
[13250.990s][info][gc,cpu         ] GC(33501) User=0.00s Sys=0.00s Real=0.00s
[13251.284s][info][gc,start       ] GC(33502) Pause Young (Allocation Failure)
[13251.286s][info][gc,heap        ] GC(33502) PSYoungGen: 92928K(93184K)->272K(90624K) Eden: 92672K(92672K)->0K(90112K) From: 256K(512K)->272K(512K)
[13251.287s][info][gc,heap        ] GC(33502) ParOldGen: 320245K(320512K)->320253K(320512K)
[13251.287s][info][gc,metaspace   ] GC(33502) Metaspace: 8795K(9024K)->8795K(9024K) NonClass: 8142K(8320K)->8142K(8320K) Class: 652K(704K)->652K(704K)
[13251.287s][info][gc             ] GC(33502) Pause Young (Allocation Failure) 403M->313M(401M) 2.923ms
[13251.287s][info][gc,cpu         ] GC(33502) User=0.00s Sys=0.00s Real=0.00s
[13251.574s][info][gc,start       ] GC(33503) Pause Young (Allocation Failure)
[13251.576s][info][gc,heap        ] GC(33503) PSYoungGen: 90384K(90624K)->224K(88064K) Eden: 90112K(90112K)->0K(87552K) From: 272K(512K)->224K(512K)
[13251.576s][info][gc,heap        ] GC(33503) ParOldGen: 320253K(320512K)->320261K(320512K)
[13251.576s][info][gc,metaspace   ] GC(33503) Metaspace: 8795K(9024K)->8795K(9024K) NonClass: 8142K(8320K)->8142K(8320K) Class: 652K(704K)->652K(704K)
[13251.576s][info][gc             ] GC(33503) Pause Young (Allocation Failure) 401M->312M(399M) 2.320ms
[13251.576s][info][gc,cpu         ] GC(33503) User=0.00s Sys=0.00s Real=0.00s
[13251.851s][info][gc,start       ] GC(33504) Pause Young (Allocation Failure)
[13251.852s][info][gc,heap        ] GC(33504) PSYoungGen: 87776K(88064K)->224K(202752K) Eden: 87552K(87552K)->0K(202240K) From: 224K(512K)->224K(512K)
[13251.852s][info][gc,heap        ] GC(33504) ParOldGen: 320261K(320512K)->320277K(320512K)
[13251.852s][info][gc,metaspace   ] GC(33504) Metaspace: 8795K(9024K)->8795K(9024K) NonClass: 8142K(8320K)->8142K(8320K) Class: 652K(704K)->652K(704K)
[13251.852s][info][gc             ] GC(33504) Pause Young (Allocation Failure) 398M->312M(511M) 1.328ms
[13251.852s][info][gc,cpu         ] GC(33504) User=0.00s Sys=0.00s Real=0.00s
[13252.516s][info][gc,start       ] GC(33505) Pause Young (Allocation Failure)
[13252.518s][info][gc,heap        ] GC(33505) PSYoungGen: 202464K(202752K)->240K(195584K) Eden: 202240K(202240K)->0K(195072K) From: 224K(512K)->240K(512K)
[13252.519s][info][gc,heap        ] GC(33505) ParOldGen: 320277K(320512K)->320293K(320512K)
[13252.519s][info][gc,metaspace   ] GC(33505) Metaspace: 8795K(9024K)->8795K(9024K) NonClass: 8142K(8320K)->8142K(8320K) Class: 652K(704K)->652K(704K)
[13252.519s][info][gc             ] GC(33505) Pause Young (Allocation Failure) 510M->313M(504M) 2.115ms
[13252.519s][info][gc,cpu         ] GC(33505) User=0.00s Sys=0.00s Real=0.00s
[13253.180s][info][gc,start       ] GC(33506) Pause Young (Allocation Failure)
[13253.182s][info][gc,heap        ] GC(33506) PSYoungGen: 195312K(195584K)->272K(188416K) Eden: 195072K(195072K)->0K(187904K) From: 240K(512K)->272K(512K)
[13253.182s][info][gc,heap        ] GC(33506) ParOldGen: 320293K(320512K)->320301K(320512K)
[13253.182s][info][gc,metaspace   ] GC(33506) Metaspace: 8795K(9024K)->8795K(9024K) NonClass: 8142K(8320K)->8142K(8320K) Class: 652K(704K)->652K(704K)
[13253.182s][info][gc             ] GC(33506) Pause Young (Allocation Failure) 503M->313M(497M) 2.230ms
[13253.182s][info][gc,cpu         ] GC(33506) User=0.00s Sys=0.00s Real=0.01s
[13253.787s][info][gc,start       ] GC(33507) Pause Young (Allocation Failure)
[13253.789s][info][gc,heap        ] GC(33507) PSYoungGen: 188176K(188416K)->256K(181760K) Eden: 187904K(187904K)->0K(181248K) From: 272K(512K)->256K(512K)
[13253.789s][info][gc,heap        ] GC(33507) ParOldGen: 320301K(320512K)->320317K(320512K)
[13253.789s][info][gc,metaspace   ] GC(33507) Metaspace: 8795K(9024K)->8795K(9024K) NonClass: 8142K(8320K)->8142K(8320K) Class: 652K(704K)->652K(704K)
[13253.789s][info][gc             ] GC(33507) Pause Young (Allocation Failure) 496M->313M(490M) 1.514ms
[13253.789s][info][gc,cpu         ] GC(33507) User=0.01s Sys=0.00s Real=0.00s
[13254.379s][info][gc,start       ] GC(33508) Pause Young (Allocation Failure)
[13254.381s][info][gc,heap        ] GC(33508) PSYoungGen: 181504K(181760K)->240K(175104K) Eden: 181248K(181248K)->0K(174592K) From: 256K(512K)->240K(512K)
[13254.381s][info][gc,heap        ] GC(33508) ParOldGen: 320317K(320512K)->320325K(320512K)
[13254.381s][info][gc,metaspace   ] GC(33508) Metaspace: 8795K(9024K)->8795K(9024K) NonClass: 8142K(8320K)->8142K(8320K) Class: 652K(704K)->652K(704K)
[13254.381s][info][gc             ] GC(33508) Pause Young (Allocation Failure) 490M->313M(484M) 2.106ms
[13254.381s][info][gc,cpu         ] GC(33508) User=0.00s Sys=0.00s Real=0.01s
[13255.005s][info][gc,start       ] GC(33509) Pause Young (Allocation Failure)
[13255.006s][info][gc,heap        ] GC(33509) PSYoungGen: 174832K(175104K)->256K(168960K) Eden: 174592K(174592K)->0K(168448K) From: 240K(512K)->256K(512K)
[13255.006s][info][gc,heap        ] GC(33509) ParOldGen: 320325K(320512K)->320341K(320512K)
[13255.006s][info][gc,metaspace   ] GC(33509) Metaspace: 8795K(9024K)->8795K(9024K) NonClass: 8142K(8320K)->8142K(8320K) Class: 652K(704K)->652K(704K)
[13255.006s][info][gc             ] GC(33509) Pause Young (Allocation Failure) 483M->313M(478M) 1.167ms
[13255.006s][info][gc,cpu         ] GC(33509) User=0.00s Sys=0.00s Real=0.00s
[13255.564s][info][gc,start       ] GC(33510) Pause Young (Allocation Failure)
[13255.566s][info][gc,heap        ] GC(33510) PSYoungGen: 168704K(168960K)->224K(163328K) Eden: 168448K(168448K)->0K(162816K) From: 256K(512K)->224K(512K)
[13255.566s][info][gc,heap        ] GC(33510) ParOldGen: 320341K(320512K)->320349K(320512K)
[13255.566s][info][gc,metaspace   ] GC(33510) Metaspace: 8795K(9024K)->8795K(9024K) NonClass: 8142K(8320K)->8142K(8320K) Class: 652K(704K)->652K(704K)
[13255.566s][info][gc             ] GC(33510) Pause Young (Allocation Failure) 477M->313M(472M) 2.078ms
[13255.566s][info][gc,cpu         ] GC(33510) User=0.00s Sys=0.00s Real=0.00s
[13256.078s][info][gc,start       ] GC(33511) Pause Young (Allocation Failure)
[13256.079s][info][gc,heap        ] GC(33511) PSYoungGen: 163040K(163328K)->256K(157696K) Eden: 162816K(162816K)->0K(157184K) From: 224K(512K)->256K(512K)
[13256.080s][info][gc,heap        ] GC(33511) ParOldGen: 320349K(320512K)->320365K(320512K)
[13256.080s][info][gc,metaspace   ] GC(33511) Metaspace: 8795K(9024K)->8795K(9024K) NonClass: 8142K(8320K)->8142K(8320K) Class: 652K(704K)->652K(704K)
[13256.080s][info][gc             ] GC(33511) Pause Young (Allocation Failure) 472M->313M(467M) 1.584ms
[13256.080s][info][gc,cpu         ] GC(33511) User=0.01s Sys=0.00s Real=0.00s
[13256.584s][info][gc,start       ] GC(33512) Pause Young (Allocation Failure)
[13256.585s][info][gc,heap        ] GC(33512) PSYoungGen: 157440K(157696K)->256K(152576K) Eden: 157184K(157184K)->0K(152064K) From: 256K(512K)->256K(512K)
[13256.585s][info][gc,heap        ] GC(33512) ParOldGen: 320365K(320512K)->320381K(320512K)
[13256.585s][info][gc,metaspace   ] GC(33512) Metaspace: 8795K(9024K)->8795K(9024K) NonClass: 8142K(8320K)->8142K(8320K) Class: 652K(704K)->652K(704K)
[13256.585s][info][gc             ] GC(33512) Pause Young (Allocation Failure) 466M->313M(462M) 1.461ms
[13256.585s][info][gc,cpu         ] GC(33512) User=0.00s Sys=0.00s Real=0.00s
[13257.046s][info][gc,start       ] GC(33513) Pause Young (Allocation Failure)
[13257.047s][info][gc,heap        ] GC(33513) PSYoungGen: 152320K(152576K)->208K(147456K) Eden: 152064K(152064K)->0K(146944K) From: 256K(512K)->208K(512K)
[13257.047s][info][gc,heap        ] GC(33513) ParOldGen: 320381K(320512K)->320397K(320512K)
[13257.047s][info][gc,metaspace   ] GC(33513) Metaspace: 8795K(9024K)->8795K(9024K) NonClass: 8142K(8320K)->8142K(8320K) Class: 652K(704K)->652K(704K)
[13257.047s][info][gc             ] GC(33513) Pause Young (Allocation Failure) 461M->313M(457M) 1.155ms
[13257.047s][info][gc,cpu         ] GC(33513) User=0.00s Sys=0.00s Real=0.00s
[13257.515s][info][gc,start       ] GC(33514) Pause Young (Allocation Failure)
[13257.517s][info][gc,heap        ] GC(33514) PSYoungGen: 147152K(147456K)->224K(142848K) Eden: 146944K(146944K)->0K(142336K) From: 208K(512K)->224K(512K)
[13257.517s][info][gc,heap        ] GC(33514) ParOldGen: 320397K(320512K)->320405K(320512K)
[13257.517s][info][gc,metaspace   ] GC(33514) Metaspace: 8795K(9024K)->8795K(9024K) NonClass: 8142K(8320K)->8142K(8320K) Class: 652K(704K)->652K(704K)
[13257.517s][info][gc             ] GC(33514) Pause Young (Allocation Failure) 456M->313M(452M) 2.185ms
[13257.517s][info][gc,cpu         ] GC(33514) User=0.01s Sys=0.00s Real=0.00s
[13258.015s][info][gc,start       ] GC(33515) Pause Young (Allocation Failure)
[13258.017s][info][gc,heap        ] GC(33515) PSYoungGen: 142560K(142848K)->176K(138240K) Eden: 142336K(142336K)->0K(137728K) From: 224K(512K)->176K(512K)
[13258.017s][info][gc,heap        ] GC(33515) ParOldGen: 320405K(320512K)->320413K(320512K)
[13258.017s][info][gc,metaspace   ] GC(33515) Metaspace: 8795K(9024K)->8795K(9024K) NonClass: 8142K(8320K)->8142K(8320K) Class: 652K(704K)->652K(704K)
[13258.017s][info][gc             ] GC(33515) Pause Young (Allocation Failure) 452M->313M(448M) 2.061ms
[13258.017s][info][gc,cpu         ] GC(33515) User=0.00s Sys=0.00s Real=0.00s
[13258.478s][info][gc,start       ] GC(33516) Pause Young (Allocation Failure)
[13258.480s][info][gc,heap        ] GC(33516) PSYoungGen: 137904K(138240K)->256K(133632K) Eden: 137728K(137728K)->0K(133120K) From: 176K(512K)->256K(512K)
[13258.480s][info][gc,heap        ] GC(33516) ParOldGen: 320413K(320512K)->320429K(320512K)
[13258.480s][info][gc,metaspace   ] GC(33516) Metaspace: 8795K(9024K)->8795K(9024K) NonClass: 8142K(8320K)->8142K(8320K) Class: 652K(704K)->652K(704K)
[13258.480s][info][gc             ] GC(33516) Pause Young (Allocation Failure) 447M->313M(443M) 1.610ms
[13258.480s][info][gc,cpu         ] GC(33516) User=0.00s Sys=0.00s Real=0.00s
[13258.938s][info][gc,start       ] GC(33517) Pause Young (Allocation Failure)
[13258.940s][info][gc,heap        ] GC(33517) PSYoungGen: 133376K(133632K)->288K(129536K) Eden: 133120K(133120K)->0K(129024K) From: 256K(512K)->288K(512K)
[13258.940s][info][gc,heap        ] GC(33517) ParOldGen: 320429K(320512K)->320445K(320512K)
[13258.940s][info][gc,metaspace   ] GC(33517) Metaspace: 8795K(9024K)->8795K(9024K) NonClass: 8142K(8320K)->8142K(8320K) Class: 652K(704K)->652K(704K)
[13258.940s][info][gc             ] GC(33517) Pause Young (Allocation Failure) 443M->313M(439M) 1.189ms
[13258.940s][info][gc,cpu         ] GC(33517) User=0.01s Sys=0.00s Real=0.00s
[13259.371s][info][gc,start       ] GC(33518) Pause Young (Allocation Failure)
[13259.372s][info][gc,heap        ] GC(33518) PSYoungGen: 129312K(129536K)->288K(125440K) Eden: 129024K(129024K)->0K(124928K) From: 288K(512K)->288K(512K)
[13259.372s][info][gc,heap        ] GC(33518) ParOldGen: 320445K(320512K)->320461K(320512K)
[13259.372s][info][gc,metaspace   ] GC(33518) Metaspace: 8795K(9024K)->8795K(9024K) NonClass: 8142K(8320K)->8142K(8320K) Class: 652K(704K)->652K(704K)
[13259.372s][info][gc             ] GC(33518) Pause Young (Allocation Failure) 439M->313M(435M) 1.257ms
[13259.372s][info][gc,cpu         ] GC(33518) User=0.00s Sys=0.00s Real=0.00s
[13259.790s][info][gc,start       ] GC(33519) Pause Young (Allocation Failure)
[13259.791s][info][gc,heap        ] GC(33519) PSYoungGen: 125216K(125440K)->240K(121344K) Eden: 124928K(124928K)->0K(120832K) From: 288K(512K)->240K(512K)
[13259.791s][info][gc,heap        ] GC(33519) ParOldGen: 320461K(320512K)->320477K(320512K)
[13259.791s][info][gc,metaspace   ] GC(33519) Metaspace: 8795K(9024K)->8795K(9024K) NonClass: 8142K(8320K)->8142K(8320K) Class: 652K(704K)->652K(704K)
[13259.791s][info][gc             ] GC(33519) Pause Young (Allocation Failure) 435M->313M(431M) 1.513ms
[13259.791s][info][gc,cpu         ] GC(33519) User=0.00s Sys=0.00s Real=0.01s
[13260.177s][info][gc,start       ] GC(33520) Pause Young (Allocation Failure)
[13260.179s][info][gc,heap        ] GC(33520) PSYoungGen: 121072K(121344K)->256K(117760K) Eden: 120832K(120832K)->0K(117248K) From: 240K(512K)->256K(512K)
[13260.179s][info][gc,heap        ] GC(33520) ParOldGen: 320477K(320512K)->320493K(320512K)
[13260.179s][info][gc,metaspace   ] GC(33520) Metaspace: 8795K(9024K)->8795K(9024K) NonClass: 8142K(8320K)->8142K(8320K) Class: 652K(704K)->652K(704K)
[13260.179s][info][gc             ] GC(33520) Pause Young (Allocation Failure) 431M->313M(428M) 1.193ms
[13260.179s][info][gc,cpu         ] GC(33520) User=0.00s Sys=0.00s Real=0.00s
[13260.597s][info][gc,start       ] GC(33521) Pause Young (Allocation Failure)
[13260.598s][info][gc,heap        ] GC(33521) PSYoungGen: 117504K(117760K)->256K(114176K) Eden: 117248K(117248K)->0K(113664K) From: 256K(512K)->256K(512K)
[13260.598s][info][gc,heap        ] GC(33521) ParOldGen: 320493K(320512K)->320509K(320512K)
[13260.598s][info][gc,metaspace   ] GC(33521) Metaspace: 8795K(9024K)->8795K(9024K) NonClass: 8142K(8320K)->8142K(8320K) Class: 652K(704K)->652K(704K)
[13260.598s][info][gc             ] GC(33521) Pause Young (Allocation Failure) 427M->313M(424M) 1.169ms
[13260.598s][info][gc,cpu         ] GC(33521) User=0.00s Sys=0.00s Real=0.00s
[13260.966s][info][gc,start       ] GC(33522) Pause Young (Allocation Failure)
[13260.968s][info][gc,heap        ] GC(33522) PSYoungGen: 113920K(114176K)->224K(110592K) Eden: 113664K(113664K)->0K(110080K) From: 256K(512K)->224K(512K)
[13260.968s][info][gc,heap        ] GC(33522) ParOldGen: 320509K(320512K)->320525K(321024K)
[13260.968s][info][gc,metaspace   ] GC(33522) Metaspace: 8795K(9024K)->8795K(9024K) NonClass: 8142K(8320K)->8142K(8320K) Class: 652K(704K)->652K(704K)
[13260.968s][info][gc             ] GC(33522) Pause Young (Allocation Failure) 424M->313M(421M) 1.201ms
[13260.968s][info][gc,cpu         ] GC(33522) User=0.00s Sys=0.00s Real=0.00s
[13261.329s][info][gc,start       ] GC(33523) Pause Young (Allocation Failure)
[13261.330s][info][gc,heap        ] GC(33523) PSYoungGen: 110304K(110592K)->272K(107520K) Eden: 110080K(110080K)->0K(107008K) From: 224K(512K)->272K(512K)
[13261.330s][info][gc,heap        ] GC(33523) ParOldGen: 320525K(321024K)->320541K(321024K)
[13261.330s][info][gc,metaspace   ] GC(33523) Metaspace: 8795K(9024K)->8795K(9024K) NonClass: 8142K(8320K)->8142K(8320K) Class: 652K(704K)->652K(704K)
[13261.330s][info][gc             ] GC(33523) Pause Young (Allocation Failure) 420M->313M(418M) 1.178ms
[13261.331s][info][gc,cpu         ] GC(33523) User=0.00s Sys=0.00s Real=0.01s
[13261.667s][info][gc,start       ] GC(33524) Pause Young (Allocation Failure)
[13261.668s][info][gc,heap        ] GC(33524) PSYoungGen: 107280K(107520K)->256K(104448K) Eden: 107008K(107008K)->0K(103936K) From: 272K(512K)->256K(512K)
[13261.669s][info][gc,heap        ] GC(33524) ParOldGen: 320541K(321024K)->320557K(321024K)
[13261.669s][info][gc,metaspace   ] GC(33524) Metaspace: 8795K(9024K)->8795K(9024K) NonClass: 8142K(8320K)->8142K(8320K) Class: 652K(704K)->652K(704K)
[13261.669s][info][gc             ] GC(33524) Pause Young (Allocation Failure) 417M->313M(415M) 1.231ms
[13261.669s][info][gc,cpu         ] GC(33524) User=0.00s Sys=0.00s Real=0.00s
[13262.009s][info][gc,start       ] GC(33525) Pause Young (Allocation Failure)
[13262.010s][info][gc,heap        ] GC(33525) PSYoungGen: 104192K(104448K)->240K(101376K) Eden: 103936K(103936K)->0K(100864K) From: 256K(512K)->240K(512K)
[13262.010s][info][gc,heap        ] GC(33525) ParOldGen: 320557K(321024K)->320573K(321024K)
[13262.010s][info][gc,metaspace   ] GC(33525) Metaspace: 8795K(9024K)->8795K(9024K) NonClass: 8142K(8320K)->8142K(8320K) Class: 652K(704K)->652K(704K)
[13262.010s][info][gc             ] GC(33525) Pause Young (Allocation Failure) 414M->313M(412M) 1.152ms
[13262.010s][info][gc,cpu         ] GC(33525) User=0.00s Sys=0.00s Real=0.00s
[13262.325s][info][gc,start       ] GC(33526) Pause Young (Allocation Failure)
[13262.327s][info][gc,heap        ] GC(33526) PSYoungGen: 101104K(101376K)->240K(98304K) Eden: 100864K(100864K)->0K(97792K) From: 240K(512K)->240K(512K)
[13262.328s][info][gc,heap        ] GC(33526) ParOldGen: 320573K(321024K)->320581K(321024K)
[13262.328s][info][gc,metaspace   ] GC(33526) Metaspace: 8795K(9024K)->8795K(9024K) NonClass: 8142K(8320K)->8142K(8320K) Class: 652K(704K)->652K(704K)
[13262.328s][info][gc             ] GC(33526) Pause Young (Allocation Failure) 411M->313M(409M) 2.127ms
[13262.328s][info][gc,cpu         ] GC(33526) User=0.00s Sys=0.00s Real=0.00s
[13262.652s][info][gc,start       ] GC(33527) Pause Young (Allocation Failure)
[13262.654s][info][gc,heap        ] GC(33527) PSYoungGen: 98032K(98304K)->256K(95744K) Eden: 97792K(97792K)->0K(95232K) From: 240K(512K)->256K(512K)
[13262.654s][info][gc,heap        ] GC(33527) ParOldGen: 320581K(321024K)->320589K(321024K)
[13262.654s][info][gc,metaspace   ] GC(33527) Metaspace: 8795K(9024K)->8795K(9024K) NonClass: 8142K(8320K)->8142K(8320K) Class: 652K(704K)->652K(704K)
[13262.654s][info][gc             ] GC(33527) Pause Young (Allocation Failure) 408M->313M(407M) 1.339ms
[13262.654s][info][gc,cpu         ] GC(33527) User=0.00s Sys=0.00s Real=0.00s
[13262.966s][info][gc,start       ] GC(33528) Pause Young (Allocation Failure)
[13262.967s][info][gc,heap        ] GC(33528) PSYoungGen: 95488K(95744K)->288K(93184K) Eden: 95232K(95232K)->0K(92672K) From: 256K(512K)->288K(512K)
[13262.967s][info][gc,heap        ] GC(33528) ParOldGen: 320589K(321024K)->320605K(321024K)
[13262.967s][info][gc,metaspace   ] GC(33528) Metaspace: 8795K(9024K)->8795K(9024K) NonClass: 8142K(8320K)->8142K(8320K) Class: 652K(704K)->652K(704K)
[13262.967s][info][gc             ] GC(33528) Pause Young (Allocation Failure) 406M->313M(404M) 1.260ms
[13262.967s][info][gc,cpu         ] GC(33528) User=0.00s Sys=0.00s Real=0.00s
[13263.279s][info][gc,start       ] GC(33529) Pause Young (Allocation Failure)
[13263.280s][info][gc,heap        ] GC(33529) PSYoungGen: 92960K(93184K)->256K(90624K) Eden: 92672K(92672K)->0K(90112K) From: 288K(512K)->256K(512K)
[13263.280s][info][gc,heap        ] GC(33529) ParOldGen: 320605K(321024K)->320621K(321024K)
[13263.280s][info][gc,metaspace   ] GC(33529) Metaspace: 8795K(9024K)->8795K(9024K) NonClass: 8142K(8320K)->8142K(8320K) Class: 652K(704K)->652K(704K)
[13263.280s][info][gc             ] GC(33529) Pause Young (Allocation Failure) 403M->313M(402M) 1.152ms
[13263.280s][info][gc,cpu         ] GC(33529) User=0.01s Sys=0.00s Real=0.01s
[13263.588s][info][gc,start       ] GC(33530) Pause Young (Allocation Failure)
[13263.590s][info][gc,heap        ] GC(33530) PSYoungGen: 90368K(90624K)->272K(88064K) Eden: 90112K(90112K)->0K(87552K) From: 256K(512K)->272K(512K)
[13263.590s][info][gc,heap        ] GC(33530) ParOldGen: 320621K(321024K)->320629K(321024K)
[13263.590s][info][gc,metaspace   ] GC(33530) Metaspace: 8795K(9024K)->8795K(9024K) NonClass: 8142K(8320K)->8142K(8320K) Class: 652K(704K)->652K(704K)
[13263.590s][info][gc             ] GC(33530) Pause Young (Allocation Failure) 401M->313M(399M) 2.317ms
[13263.590s][info][gc,cpu         ] GC(33530) User=0.00s Sys=0.00s Real=0.00s
[13263.879s][info][gc,start       ] GC(33531) Pause Young (Allocation Failure)
[13263.880s][info][gc,heap        ] GC(33531) PSYoungGen: 87824K(88064K)->256K(202752K) Eden: 87552K(87552K)->0K(202240K) From: 272K(512K)->256K(512K)
[13263.880s][info][gc,heap        ] GC(33531) ParOldGen: 320629K(321024K)->320645K(321024K)
[13263.880s][info][gc,metaspace   ] GC(33531) Metaspace: 8795K(9024K)->8795K(9024K) NonClass: 8142K(8320K)->8142K(8320K) Class: 652K(704K)->652K(704K)
[13263.880s][info][gc             ] GC(33531) Pause Young (Allocation Failure) 398M->313M(511M) 1.181ms
[13263.880s][info][gc,cpu         ] GC(33531) User=0.00s Sys=0.00s Real=0.00s
[13264.554s][info][gc,start       ] GC(33532) Pause Young (Allocation Failure)
[13264.555s][info][gc,heap        ] GC(33532) PSYoungGen: 202496K(202752K)->256K(195584K) Eden: 202240K(202240K)->0K(195072K) From: 256K(512K)->256K(512K)
[13264.555s][info][gc,heap        ] GC(33532) ParOldGen: 320645K(321024K)->320661K(321024K)
[13264.555s][info][gc,metaspace   ] GC(33532) Metaspace: 8795K(9024K)->8795K(9024K) NonClass: 8142K(8320K)->8142K(8320K) Class: 652K(704K)->652K(704K)
[13264.555s][info][gc             ] GC(33532) Pause Young (Allocation Failure) 510M->313M(504M) 1.193ms
[13264.555s][info][gc,cpu         ] GC(33532) User=0.00s Sys=0.00s Real=0.00s
[13265.245s][info][gc,start       ] GC(33533) Pause Young (Allocation Failure)
[13265.246s][info][gc,heap        ] GC(33533) PSYoungGen: 195328K(195584K)->256K(188416K) Eden: 195072K(195072K)->0K(187904K) From: 256K(512K)->256K(512K)
[13265.246s][info][gc,heap        ] GC(33533) ParOldGen: 320661K(321024K)->320677K(321024K)
[13265.246s][info][gc,metaspace   ] GC(33533) Metaspace: 8795K(9024K)->8795K(9024K) NonClass: 8142K(8320K)->8142K(8320K) Class: 652K(704K)->652K(704K)
[13265.246s][info][gc             ] GC(33533) Pause Young (Allocation Failure) 503M->313M(497M) 1.121ms
[13265.246s][info][gc,cpu         ] GC(33533) User=0.01s Sys=0.00s Real=0.00s
[13265.887s][info][gc,start       ] GC(33534) Pause Young (Allocation Failure)
[13265.888s][info][gc,heap        ] GC(33534) PSYoungGen: 188160K(188416K)->256K(181760K) Eden: 187904K(187904K)->0K(181248K) From: 256K(512K)->256K(512K)
[13265.888s][info][gc,heap        ] GC(33534) ParOldGen: 320677K(321024K)->320693K(321024K)
[13265.888s][info][gc,metaspace   ] GC(33534) Metaspace: 8795K(9024K)->8795K(9024K) NonClass: 8142K(8320K)->8142K(8320K) Class: 652K(704K)->652K(704K)
[13265.888s][info][gc             ] GC(33534) Pause Young (Allocation Failure) 496M->313M(491M) 1.167ms
[13265.888s][info][gc,cpu         ] GC(33534) User=0.01s Sys=0.00s Real=0.00s
[13266.452s][info][gc,start       ] GC(33535) Pause Young (Allocation Failure)
[13266.453s][info][gc,heap        ] GC(33535) PSYoungGen: 181504K(181760K)->288K(175104K) Eden: 181248K(181248K)->0K(174592K) From: 256K(512K)->288K(512K)
[13266.453s][info][gc,heap        ] GC(33535) ParOldGen: 320693K(321024K)->320709K(321024K)
[13266.453s][info][gc,metaspace   ] GC(33535) Metaspace: 8795K(9024K)->8795K(9024K) NonClass: 8142K(8320K)->8142K(8320K) Class: 652K(704K)->652K(704K)
[13266.453s][info][gc             ] GC(33535) Pause Young (Allocation Failure) 490M->313M(484M) 1.156ms
[13266.453s][info][gc,cpu         ] GC(33535) User=0.01s Sys=0.00s Real=0.00s
[13267.013s][info][gc,start       ] GC(33536) Pause Young (Allocation Failure)
[13267.016s][info][gc,heap        ] GC(33536) PSYoungGen: 174880K(175104K)->256K(168960K) Eden: 174592K(174592K)->0K(168448K) From: 288K(512K)->256K(512K)
[13267.016s][info][gc,heap        ] GC(33536) ParOldGen: 320709K(321024K)->320725K(321024K)
[13267.016s][info][gc,metaspace   ] GC(33536) Metaspace: 8795K(9024K)->8795K(9024K) NonClass: 8142K(8320K)->8142K(8320K) Class: 652K(704K)->652K(704K)
[13267.016s][info][gc             ] GC(33536) Pause Young (Allocation Failure) 483M->313M(478M) 2.113ms
[13267.016s][info][gc,cpu         ] GC(33536) User=0.00s Sys=0.00s Real=0.00s
[13267.589s][info][gc,start       ] GC(33537) Pause Young (Allocation Failure)
[13267.591s][info][gc,heap        ] GC(33537) PSYoungGen: 168704K(168960K)->224K(163328K) Eden: 168448K(168448K)->0K(162816K) From: 256K(512K)->224K(512K)
[13267.591s][info][gc,heap        ] GC(33537) ParOldGen: 320725K(321024K)->320733K(321024K)
[13267.591s][info][gc,metaspace   ] GC(33537) Metaspace: 8795K(9024K)->8795K(9024K) NonClass: 8142K(8320K)->8142K(8320K) Class: 652K(704K)->652K(704K)
[13267.591s][info][gc             ] GC(33537) Pause Young (Allocation Failure) 477M->313M(473M) 2.129ms
[13267.591s][info][gc,cpu         ] GC(33537) User=0.01s Sys=0.00s Real=0.01s
[13268.098s][info][gc,start       ] GC(33538) Pause Young (Allocation Failure)
[13268.099s][info][gc,heap        ] GC(33538) PSYoungGen: 163040K(163328K)->224K(157696K) Eden: 162816K(162816K)->0K(157184K) From: 224K(512K)->224K(512K)
[13268.099s][info][gc,heap        ] GC(33538) ParOldGen: 320733K(321024K)->320749K(321024K)
[13268.099s][info][gc,metaspace   ] GC(33538) Metaspace: 8795K(9024K)->8795K(9024K) NonClass: 8142K(8320K)->8142K(8320K) Class: 652K(704K)->652K(704K)
[13268.099s][info][gc             ] GC(33538) Pause Young (Allocation Failure) 472M->313M(467M) 1.145ms
[13268.099s][info][gc,cpu         ] GC(33538) User=0.00s Sys=0.00s Real=0.00s
[13268.606s][info][gc,start       ] GC(33539) Pause Young (Allocation Failure)
[13268.607s][info][gc,heap        ] GC(33539) PSYoungGen: 157408K(157696K)->256K(152576K) Eden: 157184K(157184K)->0K(152064K) From: 224K(512K)->256K(512K)
[13268.607s][info][gc,heap        ] GC(33539) ParOldGen: 320749K(321024K)->320765K(321024K)
[13268.607s][info][gc,metaspace   ] GC(33539) Metaspace: 8795K(9024K)->8795K(9024K) NonClass: 8142K(8320K)->8142K(8320K) Class: 652K(704K)->652K(704K)
[13268.607s][info][gc             ] GC(33539) Pause Young (Allocation Failure) 466M->313M(462M) 1.215ms
[13268.607s][info][gc,cpu         ] GC(33539) User=0.00s Sys=0.00s Real=0.00s
[13269.116s][info][gc,start       ] GC(33540) Pause Young (Allocation Failure)
[13269.117s][info][gc,heap        ] GC(33540) PSYoungGen: 152320K(152576K)->256K(147456K) Eden: 152064K(152064K)->0K(146944K) From: 256K(512K)->256K(512K)
[13269.117s][info][gc,heap        ] GC(33540) ParOldGen: 320765K(321024K)->320781K(321024K)
[13269.117s][info][gc,metaspace   ] GC(33540) Metaspace: 8795K(9024K)->8795K(9024K) NonClass: 8142K(8320K)->8142K(8320K) Class: 652K(704K)->652K(704K)
[13269.117s][info][gc             ] GC(33540) Pause Young (Allocation Failure) 461M->313M(457M) 1.209ms
[13269.117s][info][gc,cpu         ] GC(33540) User=0.00s Sys=0.00s Real=0.00s
[13269.585s][info][gc,start       ] GC(33541) Pause Young (Allocation Failure)
[13269.586s][info][gc,heap        ] GC(33541) PSYoungGen: 147200K(147456K)->256K(142848K) Eden: 146944K(146944K)->0K(142336K) From: 256K(512K)->256K(512K)
[13269.586s][info][gc,heap        ] GC(33541) ParOldGen: 320781K(321024K)->320797K(321024K)
[13269.586s][info][gc,metaspace   ] GC(33541) Metaspace: 8795K(9024K)->8795K(9024K) NonClass: 8142K(8320K)->8142K(8320K) Class: 652K(704K)->652K(704K)
[13269.586s][info][gc             ] GC(33541) Pause Young (Allocation Failure) 457M->313M(453M) 1.497ms
[13269.586s][info][gc,cpu         ] GC(33541) User=0.00s Sys=0.00s Real=0.00s
[13270.047s][info][gc,start       ] GC(33542) Pause Young (Allocation Failure)
[13270.048s][info][gc,heap        ] GC(33542) PSYoungGen: 142592K(142848K)->288K(138240K) Eden: 142336K(142336K)->0K(137728K) From: 256K(512K)->288K(512K)
[13270.048s][info][gc,heap        ] GC(33542) ParOldGen: 320797K(321024K)->320813K(321024K)
[13270.048s][info][gc,metaspace   ] GC(33542) Metaspace: 8795K(9024K)->8795K(9024K) NonClass: 8142K(8320K)->8142K(8320K) Class: 652K(704K)->652K(704K)
[13270.048s][info][gc             ] GC(33542) Pause Young (Allocation Failure) 452M->313M(448M) 1.192ms
[13270.048s][info][gc,cpu         ] GC(33542) User=0.01s Sys=0.00s Real=0.00s
[13270.485s][info][gc,start       ] GC(33543) Pause Young (Allocation Failure)
[13270.486s][info][gc,heap        ] GC(33543) PSYoungGen: 138016K(138240K)->256K(133632K) Eden: 137728K(137728K)->0K(133120K) From: 288K(512K)->256K(512K)
[13270.486s][info][gc,heap        ] GC(33543) ParOldGen: 320813K(321024K)->320829K(321024K)
[13270.486s][info][gc,metaspace   ] GC(33543) Metaspace: 8795K(9024K)->8795K(9024K) NonClass: 8142K(8320K)->8142K(8320K) Class: 652K(704K)->652K(704K)
[13270.486s][info][gc             ] GC(33543) Pause Young (Allocation Failure) 448M->313M(444M) 1.176ms
[13270.486s][info][gc,cpu         ] GC(33543) User=0.00s Sys=0.00s Real=0.00s
[13270.903s][info][gc,start       ] GC(33544) Pause Young (Allocation Failure)
[13270.904s][info][gc,heap        ] GC(33544) PSYoungGen: 133376K(133632K)->256K(129536K) Eden: 133120K(133120K)->0K(129024K) From: 256K(512K)->256K(512K)
[13270.904s][info][gc,heap        ] GC(33544) ParOldGen: 320829K(321024K)->320845K(321024K)
[13270.904s][info][gc,metaspace   ] GC(33544) Metaspace: 8795K(9024K)->8795K(9024K) NonClass: 8142K(8320K)->8142K(8320K) Class: 652K(704K)->652K(704K)
[13270.904s][info][gc             ] GC(33544) Pause Young (Allocation Failure) 443M->313M(440M) 1.133ms
[13270.904s][info][gc,cpu         ] GC(33544) User=0.00s Sys=0.00s Real=0.00s
[13271.296s][info][gc,start       ] GC(33545) Pause Young (Allocation Failure)
[13271.297s][info][gc,heap        ] GC(33545) PSYoungGen: 129280K(129536K)->256K(125440K) Eden: 129024K(129024K)->0K(124928K) From: 256K(512K)->256K(512K)
[13271.297s][info][gc,heap        ] GC(33545) ParOldGen: 320845K(321024K)->320861K(321024K)
[13271.297s][info][gc,metaspace   ] GC(33545) Metaspace: 8795K(9024K)->8795K(9024K) NonClass: 8142K(8320K)->8142K(8320K) Class: 652K(704K)->652K(704K)
[13271.297s][info][gc             ] GC(33545) Pause Young (Allocation Failure) 439M->313M(436M) 1.143ms
[13271.298s][info][gc,cpu         ] GC(33545) User=0.00s Sys=0.00s Real=0.00s
[13271.687s][info][gc,start       ] GC(33546) Pause Young (Allocation Failure)
[13271.689s][info][gc,heap        ] GC(33546) PSYoungGen: 125184K(125440K)->240K(121344K) Eden: 124928K(124928K)->0K(120832K) From: 256K(512K)->240K(512K)
[13271.689s][info][gc,heap        ] GC(33546) ParOldGen: 320861K(321024K)->320877K(321024K)
[13271.689s][info][gc,metaspace   ] GC(33546) Metaspace: 8795K(9024K)->8795K(9024K) NonClass: 8142K(8320K)->8142K(8320K) Class: 652K(704K)->652K(704K)
[13271.689s][info][gc             ] GC(33546) Pause Young (Allocation Failure) 435M->313M(432M) 1.182ms
[13271.689s][info][gc,cpu         ] GC(33546) User=0.01s Sys=0.00s Real=0.00s
[13272.068s][info][gc,start       ] GC(33547) Pause Young (Allocation Failure)
[13272.069s][info][gc,heap        ] GC(33547) PSYoungGen: 121072K(121344K)->256K(117760K) Eden: 120832K(120832K)->0K(117248K) From: 240K(512K)->256K(512K)
[13272.069s][info][gc,heap        ] GC(33547) ParOldGen: 320877K(321024K)->320893K(321024K)
[13272.069s][info][gc,metaspace   ] GC(33547) Metaspace: 8795K(9024K)->8795K(9024K) NonClass: 8142K(8320K)->8142K(8320K) Class: 652K(704K)->652K(704K)
[13272.069s][info][gc             ] GC(33547) Pause Young (Allocation Failure) 431M->313M(428M) 1.203ms
[13272.069s][info][gc,cpu         ] GC(33547) User=0.00s Sys=0.00s Real=0.00s
[13272.437s][info][gc,start       ] GC(33548) Pause Young (Allocation Failure)
[13272.438s][info][gc,heap        ] GC(33548) PSYoungGen: 117504K(117760K)->256K(114176K) Eden: 117248K(117248K)->0K(113664K) From: 256K(512K)->256K(512K)
[13272.438s][info][gc,heap        ] GC(33548) ParOldGen: 320893K(321024K)->320909K(321024K)
[13272.438s][info][gc,metaspace   ] GC(33548) Metaspace: 8795K(9024K)->8795K(9024K) NonClass: 8142K(8320K)->8142K(8320K) Class: 652K(704K)->652K(704K)
[13272.438s][info][gc             ] GC(33548) Pause Young (Allocation Failure) 428M->313M(425M) 1.190ms
[13272.438s][info][gc,cpu         ] GC(33548) User=0.00s Sys=0.00s Real=0.00s
[13272.806s][info][gc,start       ] GC(33549) Pause Young (Allocation Failure)
[13272.807s][info][gc,heap        ] GC(33549) PSYoungGen: 113920K(114176K)->240K(110592K) Eden: 113664K(113664K)->0K(110080K) From: 256K(512K)->240K(512K)
[13272.807s][info][gc,heap        ] GC(33549) ParOldGen: 320909K(321024K)->320925K(321024K)
[13272.807s][info][gc,metaspace   ] GC(33549) Metaspace: 8795K(9024K)->8795K(9024K) NonClass: 8142K(8320K)->8142K(8320K) Class: 652K(704K)->652K(704K)
[13272.807s][info][gc             ] GC(33549) Pause Young (Allocation Failure) 424M->313M(421M) 1.061ms
[13272.807s][info][gc,cpu         ] GC(33549) User=0.01s Sys=0.00s Real=0.00s
[13273.160s][info][gc,start       ] GC(33550) Pause Young (Allocation Failure)
[13273.162s][info][gc,heap        ] GC(33550) PSYoungGen: 110320K(110592K)->240K(107520K) Eden: 110080K(110080K)->0K(107008K) From: 240K(512K)->240K(512K)
[13273.162s][info][gc,heap        ] GC(33550) ParOldGen: 320925K(321024K)->320941K(321024K)
[13273.162s][info][gc,metaspace   ] GC(33550) Metaspace: 8795K(9024K)->8795K(9024K) NonClass: 8142K(8320K)->8142K(8320K) Class: 652K(704K)->652K(704K)
[13273.162s][info][gc             ] GC(33550) Pause Young (Allocation Failure) 421M->313M(418M) 1.234ms
[13273.162s][info][gc,cpu         ] GC(33550) User=0.01s Sys=0.00s Real=0.00s
[13273.498s][info][gc,start       ] GC(33551) Pause Young (Allocation Failure)
[13273.499s][info][gc,heap        ] GC(33551) PSYoungGen: 107248K(107520K)->256K(104448K) Eden: 107008K(107008K)->0K(103936K) From: 240K(512K)->256K(512K)
[13273.499s][info][gc,heap        ] GC(33551) ParOldGen: 320941K(321024K)->320957K(321024K)
[13273.499s][info][gc,metaspace   ] GC(33551) Metaspace: 8795K(9024K)->8795K(9024K) NonClass: 8142K(8320K)->8142K(8320K) Class: 652K(704K)->652K(704K)
[13273.499s][info][gc             ] GC(33551) Pause Young (Allocation Failure) 418M->313M(415M) 1.202ms
[13273.499s][info][gc,cpu         ] GC(33551) User=0.00s Sys=0.00s Real=0.00s
[13273.854s][info][gc,start       ] GC(33552) Pause Young (Allocation Failure)
[13273.855s][info][gc,heap        ] GC(33552) PSYoungGen: 104192K(104448K)->240K(101376K) Eden: 103936K(103936K)->0K(100864K) From: 256K(512K)->240K(512K)
[13273.855s][info][gc,heap        ] GC(33552) ParOldGen: 320957K(321024K)->320973K(321024K)
[13273.855s][info][gc,metaspace   ] GC(33552) Metaspace: 8795K(9024K)->8795K(9024K) NonClass: 8142K(8320K)->8142K(8320K) Class: 652K(704K)->652K(704K)
[13273.855s][info][gc             ] GC(33552) Pause Young (Allocation Failure) 415M->313M(412M) 1.223ms
[13273.855s][info][gc,cpu         ] GC(33552) User=0.00s Sys=0.00s Real=0.00s
[13274.183s][info][gc,start       ] GC(33553) Pause Young (Allocation Failure)
[13274.185s][info][gc,heap        ] GC(33553) PSYoungGen: 101104K(101376K)->256K(98304K) Eden: 100864K(100864K)->0K(97792K) From: 240K(512K)->256K(512K)
[13274.185s][info][gc,heap        ] GC(33553) ParOldGen: 320973K(321024K)->320989K(321024K)
[13274.185s][info][gc,metaspace   ] GC(33553) Metaspace: 8795K(9024K)->8795K(9024K) NonClass: 8142K(8320K)->8142K(8320K) Class: 652K(704K)->652K(704K)
[13274.185s][info][gc             ] GC(33553) Pause Young (Allocation Failure) 412M->313M(409M) 1.196ms
[13274.185s][info][gc,cpu         ] GC(33553) User=0.01s Sys=0.00s Real=0.00s
[13274.486s][info][gc,start       ] GC(33554) Pause Young (Allocation Failure)
[13274.487s][info][gc,heap        ] GC(33554) PSYoungGen: 98048K(98304K)->256K(95744K) Eden: 97792K(97792K)->0K(95232K) From: 256K(512K)->256K(512K)
[13274.487s][info][gc,heap        ] GC(33554) ParOldGen: 320989K(321024K)->321005K(321024K)
[13274.487s][info][gc,metaspace   ] GC(33554) Metaspace: 8795K(9024K)->8795K(9024K) NonClass: 8142K(8320K)->8142K(8320K) Class: 652K(704K)->652K(704K)
[13274.487s][info][gc             ] GC(33554) Pause Young (Allocation Failure) 409M->313M(407M) 1.326ms
[13274.487s][info][gc,cpu         ] GC(33554) User=0.00s Sys=0.00s Real=0.00s
[13274.805s][info][gc,start       ] GC(33555) Pause Young (Allocation Failure)
[13274.806s][info][gc,heap        ] GC(33555) PSYoungGen: 95488K(95744K)->240K(93184K) Eden: 95232K(95232K)->0K(92672K) From: 256K(512K)->240K(512K)
[13274.806s][info][gc,heap        ] GC(33555) ParOldGen: 321005K(321024K)->321021K(321024K)
[13274.806s][info][gc,metaspace   ] GC(33555) Metaspace: 8795K(9024K)->8795K(9024K) NonClass: 8142K(8320K)->8142K(8320K) Class: 652K(704K)->652K(704K)
[13274.806s][info][gc             ] GC(33555) Pause Young (Allocation Failure) 406M->313M(404M) 1.188ms
[13274.806s][info][gc,cpu         ] GC(33555) User=0.00s Sys=0.00s Real=0.00s
[13275.112s][info][gc,start       ] GC(33556) Pause Young (Allocation Failure)
[13275.114s][info][gc,heap        ] GC(33556) PSYoungGen: 92912K(93184K)->288K(90624K) Eden: 92672K(92672K)->0K(90112K) From: 240K(512K)->288K(512K)
[13275.114s][info][gc,heap        ] GC(33556) ParOldGen: 321021K(321024K)->321029K(321536K)
[13275.114s][info][gc,metaspace   ] GC(33556) Metaspace: 8795K(9024K)->8795K(9024K) NonClass: 8142K(8320K)->8142K(8320K) Class: 652K(704K)->652K(704K)
[13275.114s][info][gc             ] GC(33556) Pause Young (Allocation Failure) 404M->313M(402M) 2.321ms
[13275.114s][info][gc,cpu         ] GC(33556) User=0.00s Sys=0.00s Real=0.00s
[13275.395s][info][gc,start       ] GC(33557) Pause Young (Allocation Failure)
[13275.397s][info][gc,heap        ] GC(33557) PSYoungGen: 90400K(90624K)->224K(88064K) Eden: 90112K(90112K)->0K(87552K) From: 288K(512K)->224K(512K)
[13275.397s][info][gc,heap        ] GC(33557) ParOldGen: 321029K(321536K)->321037K(321536K)
[13275.397s][info][gc,metaspace   ] GC(33557) Metaspace: 8795K(9024K)->8795K(9024K) NonClass: 8142K(8320K)->8142K(8320K) Class: 652K(704K)->652K(704K)
[13275.397s][info][gc             ] GC(33557) Pause Young (Allocation Failure) 401M->313M(400M) 2.033ms
[13275.397s][info][gc,cpu         ] GC(33557) User=0.00s Sys=0.00s Real=0.00s
[13275.666s][info][gc,start       ] GC(33558) Pause Young (Allocation Failure)
[13275.668s][info][gc,heap        ] GC(33558) PSYoungGen: 87776K(88064K)->272K(202752K) Eden: 87552K(87552K)->0K(202240K) From: 224K(512K)->272K(512K)
[13275.668s][info][gc,heap        ] GC(33558) ParOldGen: 321037K(321536K)->321045K(321536K)
[13275.668s][info][gc,metaspace   ] GC(33558) Metaspace: 8795K(9024K)->8795K(9024K) NonClass: 8142K(8320K)->8142K(8320K) Class: 652K(704K)->652K(704K)
[13275.668s][info][gc             ] GC(33558) Pause Young (Allocation Failure) 399M->313M(512M) 2.201ms
[13275.668s][info][gc,cpu         ] GC(33558) User=0.00s Sys=0.00s Real=0.00s
[13276.341s][info][gc,start       ] GC(33559) Pause Young (Allocation Failure)
[13276.343s][info][gc,heap        ] GC(33559) PSYoungGen: 202512K(202752K)->272K(195584K) Eden: 202240K(202240K)->0K(195072K) From: 272K(512K)->272K(512K)
[13276.343s][info][gc,heap        ] GC(33559) ParOldGen: 321045K(321536K)->321061K(321536K)
[13276.343s][info][gc,metaspace   ] GC(33559) Metaspace: 8795K(9024K)->8795K(9024K) NonClass: 8142K(8320K)->8142K(8320K) Class: 652K(704K)->652K(704K)
[13276.343s][info][gc             ] GC(33559) Pause Young (Allocation Failure) 511M->313M(505M) 2.089ms
[13276.343s][info][gc,cpu         ] GC(33559) User=0.00s Sys=0.00s Real=0.00s
[13276.982s][info][gc,start       ] GC(33560) Pause Young (Allocation Failure)
[13276.984s][info][gc,heap        ] GC(33560) PSYoungGen: 195344K(195584K)->224K(188416K) Eden: 195072K(195072K)->0K(187904K) From: 272K(512K)->224K(512K)
[13276.984s][info][gc,heap        ] GC(33560) ParOldGen: 321061K(321536K)->321077K(321536K)
[13276.984s][info][gc,metaspace   ] GC(33560) Metaspace: 8795K(9024K)->8795K(9024K) NonClass: 8142K(8320K)->8142K(8320K) Class: 652K(704K)->652K(704K)
[13276.984s][info][gc             ] GC(33560) Pause Young (Allocation Failure) 504M->313M(498M) 2.014ms
[13276.984s][info][gc,cpu         ] GC(33560) User=0.00s Sys=0.00s Real=0.00s
[13277.565s][info][gc,start       ] GC(33561) Pause Young (Allocation Failure)
[13277.567s][info][gc,heap        ] GC(33561) PSYoungGen: 188128K(188416K)->256K(181760K) Eden: 187904K(187904K)->0K(181248K) From: 224K(512K)->256K(512K)
[13277.567s][info][gc,heap        ] GC(33561) ParOldGen: 321077K(321536K)->321085K(321536K)
[13277.567s][info][gc,metaspace   ] GC(33561) Metaspace: 8795K(9024K)->8795K(9024K) NonClass: 8142K(8320K)->8142K(8320K) Class: 652K(704K)->652K(704K)
[13277.567s][info][gc             ] GC(33561) Pause Young (Allocation Failure) 497M->313M(491M) 1.645ms
[13277.567s][info][gc,cpu         ] GC(33561) User=0.01s Sys=0.00s Real=0.00s
[13278.113s][info][gc,start       ] GC(33562) Pause Young (Allocation Failure)
[13278.114s][info][gc,heap        ] GC(33562) PSYoungGen: 181504K(181760K)->240K(175104K) Eden: 181248K(181248K)->0K(174592K) From: 256K(512K)->240K(512K)
[13278.114s][info][gc,heap        ] GC(33562) ParOldGen: 321085K(321536K)->321101K(321536K)
[13278.114s][info][gc,metaspace   ] GC(33562) Metaspace: 8795K(9024K)->8795K(9024K) NonClass: 8142K(8320K)->8142K(8320K) Class: 652K(704K)->652K(704K)
[13278.114s][info][gc             ] GC(33562) Pause Young (Allocation Failure) 490M->313M(485M) 1.108ms
[13278.114s][info][gc,cpu         ] GC(33562) User=0.00s Sys=0.00s Real=0.00s
[13278.626s][info][gc,start       ] GC(33563) Pause Young (Allocation Failure)
[13278.628s][info][gc,heap        ] GC(33563) PSYoungGen: 174832K(175104K)->240K(168960K) Eden: 174592K(174592K)->0K(168448K) From: 240K(512K)->240K(512K)
[13278.628s][info][gc,heap        ] GC(33563) ParOldGen: 321101K(321536K)->321117K(321536K)
[13278.628s][info][gc,metaspace   ] GC(33563) Metaspace: 8795K(9024K)->8795K(9024K) NonClass: 8142K(8320K)->8142K(8320K) Class: 652K(704K)->652K(704K)
[13278.628s][info][gc             ] GC(33563) Pause Young (Allocation Failure) 484M->313M(479M) 1.159ms
[13278.628s][info][gc,cpu         ] GC(33563) User=0.00s Sys=0.00s Real=0.00s
[13279.134s][info][gc,start       ] GC(33564) Pause Young (Allocation Failure)
[13279.135s][info][gc,heap        ] GC(33564) PSYoungGen: 168688K(168960K)->240K(163328K) Eden: 168448K(168448K)->0K(162816K) From: 240K(512K)->240K(512K)
[13279.135s][info][gc,heap        ] GC(33564) ParOldGen: 321117K(321536K)->321133K(321536K)
[13279.135s][info][gc,metaspace   ] GC(33564) Metaspace: 8795K(9024K)->8795K(9024K) NonClass: 8142K(8320K)->8142K(8320K) Class: 652K(704K)->652K(704K)
[13279.135s][info][gc             ] GC(33564) Pause Young (Allocation Failure) 478M->313M(473M) 1.175ms
[13279.135s][info][gc,cpu         ] GC(33564) User=0.01s Sys=0.00s Real=0.00s
[13279.603s][info][gc,start       ] GC(33565) Pause Young (Allocation Failure)
[13279.605s][info][gc,heap        ] GC(33565) PSYoungGen: 163056K(163328K)->256K(157696K) Eden: 162816K(162816K)->0K(157184K) From: 240K(512K)->256K(512K)
[13279.605s][info][gc,heap        ] GC(33565) ParOldGen: 321133K(321536K)->321141K(321536K)
[13279.605s][info][gc,metaspace   ] GC(33565) Metaspace: 8795K(9024K)->8795K(9024K) NonClass: 8142K(8320K)->8142K(8320K) Class: 652K(704K)->652K(704K)
[13279.605s][info][gc             ] GC(33565) Pause Young (Allocation Failure) 472M->313M(468M) 1.898ms
[13279.605s][info][gc,cpu         ] GC(33565) User=0.00s Sys=0.00s Real=0.00s
[13280.054s][info][gc,start       ] GC(33566) Pause Young (Allocation Failure)
[13280.055s][info][gc,heap        ] GC(33566) PSYoungGen: 157440K(157696K)->256K(152576K) Eden: 157184K(157184K)->0K(152064K) From: 256K(512K)->256K(512K)
[13280.055s][info][gc,heap        ] GC(33566) ParOldGen: 321141K(321536K)->321157K(321536K)
[13280.055s][info][gc,metaspace   ] GC(33566) Metaspace: 8795K(9024K)->8795K(9024K) NonClass: 8142K(8320K)->8142K(8320K) Class: 652K(704K)->652K(704K)
[13280.055s][info][gc             ] GC(33566) Pause Young (Allocation Failure) 467M->313M(463M) 1.175ms
[13280.055s][info][gc,cpu         ] GC(33566) User=0.00s Sys=0.00s Real=0.00s
[13280.520s][info][gc,start       ] GC(33567) Pause Young (Allocation Failure)
[13280.521s][info][gc,heap        ] GC(33567) PSYoungGen: 152320K(152576K)->224K(147456K) Eden: 152064K(152064K)->0K(146944K) From: 256K(512K)->224K(512K)
[13280.521s][info][gc,heap        ] GC(33567) ParOldGen: 321157K(321536K)->321173K(321536K)
[13280.521s][info][gc,metaspace   ] GC(33567) Metaspace: 8795K(9024K)->8795K(9024K) NonClass: 8142K(8320K)->8142K(8320K) Class: 652K(704K)->652K(704K)
[13280.521s][info][gc             ] GC(33567) Pause Young (Allocation Failure) 462M->313M(458M) 1.231ms
[13280.521s][info][gc,cpu         ] GC(33567) User=0.00s Sys=0.00s Real=0.01s
[13280.984s][info][gc,start       ] GC(33568) Pause Young (Allocation Failure)
[13280.985s][info][gc,heap        ] GC(33568) PSYoungGen: 147168K(147456K)->240K(142848K) Eden: 146944K(146944K)->0K(142336K) From: 224K(512K)->240K(512K)
[13280.985s][info][gc,heap        ] GC(33568) ParOldGen: 321173K(321536K)->321189K(321536K)
[13280.985s][info][gc,metaspace   ] GC(33568) Metaspace: 8795K(9024K)->8795K(9024K) NonClass: 8142K(8320K)->8142K(8320K) Class: 652K(704K)->652K(704K)
[13280.985s][info][gc             ] GC(33568) Pause Young (Allocation Failure) 457M->313M(453M) 1.219ms
[13280.985s][info][gc,cpu         ] GC(33568) User=0.00s Sys=0.00s Real=0.00s
[13281.486s][info][gc,start       ] GC(33569) Pause Young (Allocation Failure)
[13281.488s][info][gc,heap        ] GC(33569) PSYoungGen: 142576K(142848K)->240K(138240K) Eden: 142336K(142336K)->0K(137728K) From: 240K(512K)->240K(512K)
[13281.488s][info][gc,heap        ] GC(33569) ParOldGen: 321189K(321536K)->321205K(321536K)
[13281.488s][info][gc,metaspace   ] GC(33569) Metaspace: 8795K(9024K)->8795K(9024K) NonClass: 8142K(8320K)->8142K(8320K) Class: 652K(704K)->652K(704K)
[13281.488s][info][gc             ] GC(33569) Pause Young (Allocation Failure) 452M->313M(449M) 1.612ms
[13281.488s][info][gc,cpu         ] GC(33569) User=0.00s Sys=0.00s Real=0.00s
[13281.946s][info][gc,start       ] GC(33570) Pause Young (Allocation Failure)
[13281.947s][info][gc,heap        ] GC(33570) PSYoungGen: 137968K(138240K)->256K(133632K) Eden: 137728K(137728K)->0K(133120K) From: 240K(512K)->256K(512K)
[13281.947s][info][gc,heap        ] GC(33570) ParOldGen: 321205K(321536K)->321221K(321536K)
[13281.947s][info][gc,metaspace   ] GC(33570) Metaspace: 8795K(9024K)->8795K(9024K) NonClass: 8142K(8320K)->8142K(8320K) Class: 652K(704K)->652K(704K)
[13281.947s][info][gc             ] GC(33570) Pause Young (Allocation Failure) 448M->313M(444M) 1.208ms
[13281.947s][info][gc,cpu         ] GC(33570) User=0.00s Sys=0.00s Real=0.00s
[13282.391s][info][gc,start       ] GC(33571) Pause Young (Allocation Failure)
[13282.392s][info][gc,heap        ] GC(33571) PSYoungGen: 133376K(133632K)->240K(129536K) Eden: 133120K(133120K)->0K(129024K) From: 256K(512K)->240K(512K)
[13282.392s][info][gc,heap        ] GC(33571) ParOldGen: 321221K(321536K)->321237K(321536K)
[13282.392s][info][gc,metaspace   ] GC(33571) Metaspace: 8795K(9024K)->8795K(9024K) NonClass: 8142K(8320K)->8142K(8320K) Class: 652K(704K)->652K(704K)
[13282.393s][info][gc             ] GC(33571) Pause Young (Allocation Failure) 443M->313M(440M) 1.487ms
[13282.393s][info][gc,cpu         ] GC(33571) User=0.00s Sys=0.00s Real=0.00s
[13282.824s][info][gc,start       ] GC(33572) Pause Young (Allocation Failure)
[13282.826s][info][gc,heap        ] GC(33572) PSYoungGen: 129264K(129536K)->256K(125440K) Eden: 129024K(129024K)->0K(124928K) From: 240K(512K)->256K(512K)
[13282.826s][info][gc,heap        ] GC(33572) ParOldGen: 321237K(321536K)->321253K(321536K)
[13282.826s][info][gc,metaspace   ] GC(33572) Metaspace: 8795K(9024K)->8795K(9024K) NonClass: 8142K(8320K)->8142K(8320K) Class: 652K(704K)->652K(704K)
[13282.826s][info][gc             ] GC(33572) Pause Young (Allocation Failure) 439M->313M(436M) 1.182ms
[13282.826s][info][gc,cpu         ] GC(33572) User=0.01s Sys=0.00s Real=0.00s
[13283.230s][info][gc,start       ] GC(33573) Pause Young (Allocation Failure)
[13283.231s][info][gc,heap        ] GC(33573) PSYoungGen: 125184K(125440K)->240K(121344K) Eden: 124928K(124928K)->0K(120832K) From: 256K(512K)->240K(512K)
[13283.231s][info][gc,heap        ] GC(33573) ParOldGen: 321253K(321536K)->321269K(321536K)
[13283.231s][info][gc,metaspace   ] GC(33573) Metaspace: 8795K(9024K)->8795K(9024K) NonClass: 8142K(8320K)->8142K(8320K) Class: 652K(704K)->652K(704K)
[13283.231s][info][gc             ] GC(33573) Pause Young (Allocation Failure) 435M->313M(432M) 1.210ms
[13283.231s][info][gc,cpu         ] GC(33573) User=0.00s Sys=0.00s Real=0.01s
[13283.633s][info][gc,start       ] GC(33574) Pause Young (Allocation Failure)
[13283.635s][info][gc,heap        ] GC(33574) PSYoungGen: 121072K(121344K)->256K(117760K) Eden: 120832K(120832K)->0K(117248K) From: 240K(512K)->256K(512K)
[13283.635s][info][gc,heap        ] GC(33574) ParOldGen: 321269K(321536K)->321285K(321536K)
[13283.635s][info][gc,metaspace   ] GC(33574) Metaspace: 8795K(9024K)->8795K(9024K) NonClass: 8142K(8320K)->8142K(8320K) Class: 652K(704K)->652K(704K)
[13283.635s][info][gc             ] GC(33574) Pause Young (Allocation Failure) 431M->314M(429M) 2.114ms
[13283.635s][info][gc,cpu         ] GC(33574) User=0.00s Sys=0.00s Real=0.00s
[13284.045s][info][gc,start       ] GC(33575) Pause Young (Allocation Failure)
[13284.046s][info][gc,heap        ] GC(33575) PSYoungGen: 117504K(117760K)->256K(114176K) Eden: 117248K(117248K)->0K(113664K) From: 256K(512K)->256K(512K)
[13284.046s][info][gc,heap        ] GC(33575) ParOldGen: 321285K(321536K)->321301K(321536K)
[13284.046s][info][gc,metaspace   ] GC(33575) Metaspace: 8795K(9024K)->8795K(9024K) NonClass: 8142K(8320K)->8142K(8320K) Class: 652K(704K)->652K(704K)
[13284.046s][info][gc             ] GC(33575) Pause Young (Allocation Failure) 428M->314M(425M) 1.151ms
[13284.046s][info][gc,cpu         ] GC(33575) User=0.00s Sys=0.00s Real=0.00s
[13284.396s][info][gc,start       ] GC(33576) Pause Young (Allocation Failure)
[13284.397s][info][gc,heap        ] GC(33576) PSYoungGen: 113920K(114176K)->256K(110592K) Eden: 113664K(113664K)->0K(110080K) From: 256K(512K)->256K(512K)
[13284.397s][info][gc,heap        ] GC(33576) ParOldGen: 321301K(321536K)->321317K(321536K)
[13284.397s][info][gc,metaspace   ] GC(33576) Metaspace: 8795K(9024K)->8795K(9024K) NonClass: 8142K(8320K)->8142K(8320K) Class: 652K(704K)->652K(704K)
[13284.397s][info][gc             ] GC(33576) Pause Young (Allocation Failure) 425M->314M(422M) 1.182ms
[13284.397s][info][gc,cpu         ] GC(33576) User=0.00s Sys=0.00s Real=0.00s
[13284.752s][info][gc,start       ] GC(33577) Pause Young (Allocation Failure)
[13284.755s][info][gc,heap        ] GC(33577) PSYoungGen: 110336K(110592K)->272K(107520K) Eden: 110080K(110080K)->0K(107008K) From: 256K(512K)->272K(512K)
[13284.755s][info][gc,heap        ] GC(33577) ParOldGen: 321317K(321536K)->321333K(321536K)
[13284.755s][info][gc,metaspace   ] GC(33577) Metaspace: 8795K(9024K)->8795K(9024K) NonClass: 8142K(8320K)->8142K(8320K) Class: 652K(704K)->652K(704K)
[13284.755s][info][gc             ] GC(33577) Pause Young (Allocation Failure) 421M->314M(419M) 2.258ms
[13284.755s][info][gc,cpu         ] GC(33577) User=0.01s Sys=0.00s Real=0.00s
[13285.078s][info][gc,start       ] GC(33578) Pause Young (Allocation Failure)
[13285.080s][info][gc,heap        ] GC(33578) PSYoungGen: 107280K(107520K)->256K(104448K) Eden: 107008K(107008K)->0K(103936K) From: 272K(512K)->256K(512K)
[13285.080s][info][gc,heap        ] GC(33578) ParOldGen: 321333K(321536K)->321341K(321536K)
[13285.080s][info][gc,metaspace   ] GC(33578) Metaspace: 8795K(9024K)->8795K(9024K) NonClass: 8142K(8320K)->8142K(8320K) Class: 652K(704K)->652K(704K)
[13285.080s][info][gc             ] GC(33578) Pause Young (Allocation Failure) 418M->314M(416M) 2.085ms
[13285.080s][info][gc,cpu         ] GC(33578) User=0.00s Sys=0.00s Real=0.00s
[13285.405s][info][gc,start       ] GC(33579) Pause Young (Allocation Failure)
[13285.407s][info][gc,heap        ] GC(33579) PSYoungGen: 104192K(104448K)->256K(101376K) Eden: 103936K(103936K)->0K(100864K) From: 256K(512K)->256K(512K)
[13285.407s][info][gc,heap        ] GC(33579) ParOldGen: 321341K(321536K)->321357K(321536K)
[13285.407s][info][gc,metaspace   ] GC(33579) Metaspace: 8795K(9024K)->8795K(9024K) NonClass: 8142K(8320K)->8142K(8320K) Class: 652K(704K)->652K(704K)
[13285.407s][info][gc             ] GC(33579) Pause Young (Allocation Failure) 415M->314M(413M) 2.118ms
[13285.407s][info][gc,cpu         ] GC(33579) User=0.00s Sys=0.00s Real=0.00s
[13285.713s][info][gc,start       ] GC(33580) Pause Young (Allocation Failure)
[13285.716s][info][gc,heap        ] GC(33580) PSYoungGen: 101120K(101376K)->272K(98304K) Eden: 100864K(100864K)->0K(97792K) From: 256K(512K)->272K(512K)
[13285.716s][info][gc,heap        ] GC(33580) ParOldGen: 321357K(321536K)->321365K(321536K)
[13285.716s][info][gc,metaspace   ] GC(33580) Metaspace: 8795K(9024K)->8795K(9024K) NonClass: 8142K(8320K)->8142K(8320K) Class: 652K(704K)->652K(704K)
[13285.716s][info][gc             ] GC(33580) Pause Young (Allocation Failure) 412M->314M(410M) 2.456ms
[13285.716s][info][gc,cpu         ] GC(33580) User=0.01s Sys=0.00s Real=0.00s
[13286.026s][info][gc,start       ] GC(33581) Pause Young (Allocation Failure)
[13286.027s][info][gc,heap        ] GC(33581) PSYoungGen: 98064K(98304K)->240K(95744K) Eden: 97792K(97792K)->0K(95232K) From: 272K(512K)->240K(512K)
[13286.027s][info][gc,heap        ] GC(33581) ParOldGen: 321365K(321536K)->321381K(321536K)
[13286.027s][info][gc,metaspace   ] GC(33581) Metaspace: 8795K(9024K)->8795K(9024K) NonClass: 8142K(8320K)->8142K(8320K) Class: 652K(704K)->652K(704K)
[13286.027s][info][gc             ] GC(33581) Pause Young (Allocation Failure) 409M->314M(407M) 1.266ms
[13286.027s][info][gc,cpu         ] GC(33581) User=0.00s Sys=0.00s Real=0.00s
[13286.340s][info][gc,start       ] GC(33582) Pause Young (Allocation Failure)
[13286.342s][info][gc,heap        ] GC(33582) PSYoungGen: 95472K(95744K)->256K(93184K) Eden: 95232K(95232K)->0K(92672K) From: 240K(512K)->256K(512K)
[13286.342s][info][gc,heap        ] GC(33582) ParOldGen: 321381K(321536K)->321389K(321536K)
[13286.343s][info][gc,metaspace   ] GC(33582) Metaspace: 8795K(9024K)->8795K(9024K) NonClass: 8142K(8320K)->8142K(8320K) Class: 652K(704K)->652K(704K)
[13286.343s][info][gc             ] GC(33582) Pause Young (Allocation Failure) 407M->314M(405M) 2.201ms
[13286.343s][info][gc,cpu         ] GC(33582) User=0.00s Sys=0.00s Real=0.00s
[13286.615s][info][gc,start       ] GC(33583) Pause Young (Allocation Failure)
[13286.616s][info][gc,heap        ] GC(33583) PSYoungGen: 92928K(93184K)->240K(90624K) Eden: 92672K(92672K)->0K(90112K) From: 256K(512K)->240K(512K)
[13286.616s][info][gc,heap        ] GC(33583) ParOldGen: 321389K(321536K)->321405K(321536K)
[13286.616s][info][gc,metaspace   ] GC(33583) Metaspace: 8795K(9024K)->8795K(9024K) NonClass: 8142K(8320K)->8142K(8320K) Class: 652K(704K)->652K(704K)
[13286.616s][info][gc             ] GC(33583) Pause Young (Allocation Failure) 404M->314M(402M) 1.137ms
[13286.616s][info][gc,cpu         ] GC(33583) User=0.00s Sys=0.00s Real=0.00s
[13286.921s][info][gc,start       ] GC(33584) Pause Young (Allocation Failure)
[13286.922s][info][gc,heap        ] GC(33584) PSYoungGen: 90352K(90624K)->256K(88064K) Eden: 90112K(90112K)->0K(87552K) From: 240K(512K)->256K(512K)
[13286.922s][info][gc,heap        ] GC(33584) ParOldGen: 321405K(321536K)->321421K(321536K)
[13286.922s][info][gc,metaspace   ] GC(33584) Metaspace: 8795K(9024K)->8795K(9024K) NonClass: 8142K(8320K)->8142K(8320K) Class: 652K(704K)->652K(704K)
[13286.922s][info][gc             ] GC(33584) Pause Young (Allocation Failure) 402M->314M(400M) 1.126ms
[13286.922s][info][gc,cpu         ] GC(33584) User=0.00s Sys=0.00s Real=0.00s
[13287.201s][info][gc,start       ] GC(33585) Pause Young (Allocation Failure)
[13287.202s][info][gc,heap        ] GC(33585) PSYoungGen: 87808K(88064K)->256K(202752K) Eden: 87552K(87552K)->0K(202240K) From: 256K(512K)->256K(512K)
[13287.202s][info][gc,heap        ] GC(33585) ParOldGen: 321421K(321536K)->321437K(321536K)
[13287.202s][info][gc,metaspace   ] GC(33585) Metaspace: 8795K(9024K)->8795K(9024K) NonClass: 8142K(8320K)->8142K(8320K) Class: 652K(704K)->652K(704K)
[13287.202s][info][gc             ] GC(33585) Pause Young (Allocation Failure) 399M->314M(512M) 1.202ms
[13287.202s][info][gc,cpu         ] GC(33585) User=0.00s Sys=0.00s Real=0.00s
[13287.828s][info][gc,start       ] GC(33586) Pause Young (Allocation Failure)
[13287.829s][info][gc,heap        ] GC(33586) PSYoungGen: 202496K(202752K)->256K(195584K) Eden: 202240K(202240K)->0K(195072K) From: 256K(512K)->256K(512K)
[13287.829s][info][gc,heap        ] GC(33586) ParOldGen: 321437K(321536K)->321453K(321536K)
[13287.829s][info][gc,metaspace   ] GC(33586) Metaspace: 8795K(9024K)->8795K(9024K) NonClass: 8142K(8320K)->8142K(8320K) Class: 652K(704K)->652K(704K)
[13287.829s][info][gc             ] GC(33586) Pause Young (Allocation Failure) 511M->314M(505M) 1.181ms
[13287.829s][info][gc,cpu         ] GC(33586) User=0.00s Sys=0.00s Real=0.00s
[13288.442s][info][gc,start       ] GC(33587) Pause Young (Allocation Failure)
[13288.443s][info][gc,heap        ] GC(33587) PSYoungGen: 195328K(195584K)->240K(188416K) Eden: 195072K(195072K)->0K(187904K) From: 256K(512K)->240K(512K)
[13288.443s][info][gc,heap        ] GC(33587) ParOldGen: 321453K(321536K)->321469K(321536K)
[13288.443s][info][gc,metaspace   ] GC(33587) Metaspace: 8795K(9024K)->8795K(9024K) NonClass: 8142K(8320K)->8142K(8320K) Class: 652K(704K)->652K(704K)
[13288.443s][info][gc             ] GC(33587) Pause Young (Allocation Failure) 504M->314M(498M) 1.192ms
[13288.443s][info][gc,cpu         ] GC(33587) User=0.00s Sys=0.00s Real=0.00s
[13289.025s][info][gc,start       ] GC(33588) Pause Young (Allocation Failure)
[13289.026s][info][gc,heap        ] GC(33588) PSYoungGen: 188144K(188416K)->240K(181760K) Eden: 187904K(187904K)->0K(181248K) From: 240K(512K)->240K(512K)
[13289.026s][info][gc,heap        ] GC(33588) ParOldGen: 321469K(321536K)->321485K(321536K)
[13289.026s][info][gc,metaspace   ] GC(33588) Metaspace: 8795K(9024K)->8795K(9024K) NonClass: 8142K(8320K)->8142K(8320K) Class: 652K(704K)->652K(704K)
[13289.026s][info][gc             ] GC(33588) Pause Young (Allocation Failure) 497M->314M(491M) 1.081ms
[13289.026s][info][gc,cpu         ] GC(33588) User=0.00s Sys=0.00s Real=0.00s
[13289.568s][info][gc,start       ] GC(33589) Pause Young (Allocation Failure)
[13289.569s][info][gc,heap        ] GC(33589) PSYoungGen: 181488K(181760K)->272K(175104K) Eden: 181248K(181248K)->0K(174592K) From: 240K(512K)->272K(512K)
[13289.569s][info][gc,heap        ] GC(33589) ParOldGen: 321485K(321536K)->321501K(321536K)
[13289.569s][info][gc,metaspace   ] GC(33589) Metaspace: 8795K(9024K)->8795K(9024K) NonClass: 8142K(8320K)->8142K(8320K) Class: 652K(704K)->652K(704K)
[13289.570s][info][gc             ] GC(33589) Pause Young (Allocation Failure) 491M->314M(485M) 1.207ms
[13289.570s][info][gc,cpu         ] GC(33589) User=0.00s Sys=0.00s Real=0.00s
[13290.187s][info][gc,start       ] GC(33590) Pause Young (Allocation Failure)
[13290.189s][info][gc,heap        ] GC(33590) PSYoungGen: 174864K(175104K)->288K(168960K) Eden: 174592K(174592K)->0K(168448K) From: 272K(512K)->288K(512K)
[13290.189s][info][gc,heap        ] GC(33590) ParOldGen: 321501K(321536K)->321517K(321536K)
[13290.189s][info][gc,metaspace   ] GC(33590) Metaspace: 8795K(9024K)->8795K(9024K) NonClass: 8142K(8320K)->8142K(8320K) Class: 652K(704K)->652K(704K)
[13290.189s][info][gc             ] GC(33590) Pause Young (Allocation Failure) 484M->314M(479M) 1.189ms
[13290.189s][info][gc,cpu         ] GC(33590) User=0.00s Sys=0.00s Real=0.00s
[13290.748s][info][gc,start       ] GC(33591) Pause Young (Allocation Failure)
[13290.749s][info][gc,heap        ] GC(33591) PSYoungGen: 168736K(168960K)->272K(163328K) Eden: 168448K(168448K)->0K(162816K) From: 288K(512K)->272K(512K)
[13290.749s][info][gc,heap        ] GC(33591) ParOldGen: 321517K(321536K)->321533K(321536K)
[13290.749s][info][gc,metaspace   ] GC(33591) Metaspace: 8795K(9024K)->8795K(9024K) NonClass: 8142K(8320K)->8142K(8320K) Class: 652K(704K)->652K(704K)
[13290.749s][info][gc             ] GC(33591) Pause Young (Allocation Failure) 478M->314M(473M) 1.168ms
[13290.749s][info][gc,cpu         ] GC(33591) User=0.00s Sys=0.00s Real=0.00s
[13291.276s][info][gc,start       ] GC(33592) Pause Young (Allocation Failure)
[13291.277s][info][gc,heap        ] GC(33592) PSYoungGen: 163088K(163328K)->256K(157696K) Eden: 162816K(162816K)->0K(157184K) From: 272K(512K)->256K(512K)
[13291.277s][info][gc,heap        ] GC(33592) ParOldGen: 321533K(321536K)->321549K(322048K)
[13291.277s][info][gc,metaspace   ] GC(33592) Metaspace: 8795K(9024K)->8795K(9024K) NonClass: 8142K(8320K)->8142K(8320K) Class: 652K(704K)->652K(704K)
[13291.277s][info][gc             ] GC(33592) Pause Young (Allocation Failure) 473M->314M(468M) 1.252ms
[13291.277s][info][gc,cpu         ] GC(33592) User=0.00s Sys=0.00s Real=0.00s
[13291.786s][info][gc,start       ] GC(33593) Pause Young (Allocation Failure)
[13291.787s][info][gc,heap        ] GC(33593) PSYoungGen: 157440K(157696K)->240K(152576K) Eden: 157184K(157184K)->0K(152064K) From: 256K(512K)->240K(512K)
[13291.787s][info][gc,heap        ] GC(33593) ParOldGen: 321549K(322048K)->321565K(322048K)
[13291.787s][info][gc,metaspace   ] GC(33593) Metaspace: 8795K(9024K)->8795K(9024K) NonClass: 8142K(8320K)->8142K(8320K) Class: 652K(704K)->652K(704K)
[13291.787s][info][gc             ] GC(33593) Pause Young (Allocation Failure) 467M->314M(463M) 1.187ms
[13291.787s][info][gc,cpu         ] GC(33593) User=0.00s Sys=0.00s Real=0.00s
[13292.271s][info][gc,start       ] GC(33594) Pause Young (Allocation Failure)
[13292.273s][info][gc,heap        ] GC(33594) PSYoungGen: 152304K(152576K)->224K(147456K) Eden: 152064K(152064K)->0K(146944K) From: 240K(512K)->224K(512K)
[13292.273s][info][gc,heap        ] GC(33594) ParOldGen: 321565K(322048K)->321581K(322048K)
[13292.273s][info][gc,metaspace   ] GC(33594) Metaspace: 8795K(9024K)->8795K(9024K) NonClass: 8142K(8320K)->8142K(8320K) Class: 652K(704K)->652K(704K)
[13292.273s][info][gc             ] GC(33594) Pause Young (Allocation Failure) 462M->314M(458M) 2.149ms
[13292.273s][info][gc,cpu         ] GC(33594) User=0.00s Sys=0.00s Real=0.00s
[13292.743s][info][gc,start       ] GC(33595) Pause Young (Allocation Failure)
[13292.745s][info][gc,heap        ] GC(33595) PSYoungGen: 147168K(147456K)->224K(142848K) Eden: 146944K(146944K)->0K(142336K) From: 224K(512K)->224K(512K)
[13292.745s][info][gc,heap        ] GC(33595) ParOldGen: 321581K(322048K)->321597K(322048K)
[13292.745s][info][gc,metaspace   ] GC(33595) Metaspace: 8795K(9024K)->8795K(9024K) NonClass: 8142K(8320K)->8142K(8320K) Class: 652K(704K)->652K(704K)
[13292.745s][info][gc             ] GC(33595) Pause Young (Allocation Failure) 457M->314M(454M) 2.174ms
[13292.745s][info][gc,cpu         ] GC(33595) User=0.01s Sys=0.00s Real=0.00s
[13293.194s][info][gc,start       ] GC(33596) Pause Young (Allocation Failure)
[13293.196s][info][gc,heap        ] GC(33596) PSYoungGen: 142560K(142848K)->256K(138240K) Eden: 142336K(142336K)->0K(137728K) From: 224K(512K)->256K(512K)
[13293.196s][info][gc,heap        ] GC(33596) ParOldGen: 321597K(322048K)->321605K(322048K)
[13293.196s][info][gc,metaspace   ] GC(33596) Metaspace: 8795K(9024K)->8795K(9024K) NonClass: 8142K(8320K)->8142K(8320K) Class: 652K(704K)->652K(704K)
[13293.196s][info][gc             ] GC(33596) Pause Young (Allocation Failure) 453M->314M(449M) 2.228ms
[13293.196s][info][gc,cpu         ] GC(33596) User=0.00s Sys=0.00s Real=0.00s
[13293.689s][info][gc,start       ] GC(33597) Pause Young (Allocation Failure)
[13293.692s][info][gc,heap        ] GC(33597) PSYoungGen: 137984K(138240K)->224K(133632K) Eden: 137728K(137728K)->0K(133120K) From: 256K(512K)->224K(512K)
[13293.692s][info][gc,heap        ] GC(33597) ParOldGen: 321605K(322048K)->321613K(322048K)
[13293.692s][info][gc,metaspace   ] GC(33597) Metaspace: 8795K(9024K)->8795K(9024K) NonClass: 8142K(8320K)->8142K(8320K) Class: 652K(704K)->652K(704K)
[13293.692s][info][gc             ] GC(33597) Pause Young (Allocation Failure) 448M->314M(445M) 2.670ms
[13293.692s][info][gc,cpu         ] GC(33597) User=0.01s Sys=0.00s Real=0.01s
[13294.119s][info][gc,start       ] GC(33598) Pause Young (Allocation Failure)
[13294.121s][info][gc,heap        ] GC(33598) PSYoungGen: 133344K(133632K)->224K(129536K) Eden: 133120K(133120K)->0K(129024K) From: 224K(512K)->224K(512K)
[13294.121s][info][gc,heap        ] GC(33598) ParOldGen: 321613K(322048K)->321621K(322048K)
[13294.121s][info][gc,metaspace   ] GC(33598) Metaspace: 8795K(9024K)->8795K(9024K) NonClass: 8142K(8320K)->8142K(8320K) Class: 652K(704K)->652K(704K)
[13294.121s][info][gc             ] GC(33598) Pause Young (Allocation Failure) 444M->314M(441M) 1.954ms
[13294.121s][info][gc,cpu         ] GC(33598) User=0.00s Sys=0.00s Real=0.01s
[13294.535s][info][gc,start       ] GC(33599) Pause Young (Allocation Failure)
[13294.537s][info][gc,heap        ] GC(33599) PSYoungGen: 129248K(129536K)->288K(125440K) Eden: 129024K(129024K)->0K(124928K) From: 224K(512K)->288K(512K)
[13294.537s][info][gc,heap        ] GC(33599) ParOldGen: 321621K(322048K)->321637K(322048K)
[13294.537s][info][gc,metaspace   ] GC(33599) Metaspace: 8795K(9024K)->8795K(9024K) NonClass: 8142K(8320K)->8142K(8320K) Class: 652K(704K)->652K(704K)
[13294.537s][info][gc             ] GC(33599) Pause Young (Allocation Failure) 440M->314M(437M) 1.159ms
[13294.537s][info][gc,cpu         ] GC(33599) User=0.01s Sys=0.00s Real=0.00s
[13294.956s][info][gc,start       ] GC(33600) Pause Young (Allocation Failure)
[13294.957s][info][gc,heap        ] GC(33600) PSYoungGen: 125216K(125440K)->256K(121344K) Eden: 124928K(124928K)->0K(120832K) From: 288K(512K)->256K(512K)
[13294.957s][info][gc,heap        ] GC(33600) ParOldGen: 321637K(322048K)->321653K(322048K)
[13294.957s][info][gc,metaspace   ] GC(33600) Metaspace: 8795K(9024K)->8795K(9024K) NonClass: 8142K(8320K)->8142K(8320K) Class: 652K(704K)->652K(704K)
[13294.957s][info][gc             ] GC(33600) Pause Young (Allocation Failure) 436M->314M(433M) 1.199ms
[13294.957s][info][gc,cpu         ] GC(33600) User=0.00s Sys=0.00s Real=0.00s
[13295.372s][info][gc,start       ] GC(33601) Pause Young (Allocation Failure)
[13295.374s][info][gc,heap        ] GC(33601) PSYoungGen: 121088K(121344K)->240K(117760K) Eden: 120832K(120832K)->0K(117248K) From: 256K(512K)->240K(512K)
[13295.374s][info][gc,heap        ] GC(33601) ParOldGen: 321653K(322048K)->321669K(322048K)
[13295.374s][info][gc,metaspace   ] GC(33601) Metaspace: 8795K(9024K)->8795K(9024K) NonClass: 8142K(8320K)->8142K(8320K) Class: 652K(704K)->652K(704K)
[13295.374s][info][gc             ] GC(33601) Pause Young (Allocation Failure) 432M->314M(429M) 2.340ms
[13295.374s][info][gc,cpu         ] GC(33601) User=0.01s Sys=0.00s Real=0.00s
[13295.756s][info][gc,start       ] GC(33602) Pause Young (Allocation Failure)
[13295.758s][info][gc,heap        ] GC(33602) PSYoungGen: 117488K(117760K)->240K(114176K) Eden: 117248K(117248K)->0K(113664K) From: 240K(512K)->240K(512K)
[13295.758s][info][gc,heap        ] GC(33602) ParOldGen: 321669K(322048K)->321685K(322048K)
[13295.758s][info][gc,metaspace   ] GC(33602) Metaspace: 8795K(9024K)->8795K(9024K) NonClass: 8142K(8320K)->8142K(8320K) Class: 652K(704K)->652K(704K)
[13295.758s][info][gc             ] GC(33602) Pause Young (Allocation Failure) 428M->314M(426M) 1.194ms
[13295.758s][info][gc,cpu         ] GC(33602) User=0.00s Sys=0.00s Real=0.00s
[13296.143s][info][gc,start       ] GC(33603) Pause Young (Allocation Failure)
[13296.144s][info][gc,heap        ] GC(33603) PSYoungGen: 113904K(114176K)->256K(110592K) Eden: 113664K(113664K)->0K(110080K) From: 240K(512K)->256K(512K)
[13296.145s][info][gc,heap        ] GC(33603) ParOldGen: 321685K(322048K)->321701K(322048K)
[13296.145s][info][gc,metaspace   ] GC(33603) Metaspace: 8795K(9024K)->8795K(9024K) NonClass: 8142K(8320K)->8142K(8320K) Class: 652K(704K)->652K(704K)
[13296.145s][info][gc             ] GC(33603) Pause Young (Allocation Failure) 425M->314M(422M) 1.148ms
[13296.145s][info][gc,cpu         ] GC(33603) User=0.00s Sys=0.00s Real=0.00s
[13296.517s][info][gc,start       ] GC(33604) Pause Young (Allocation Failure)
[13296.518s][info][gc,heap        ] GC(33604) PSYoungGen: 110336K(110592K)->240K(107520K) Eden: 110080K(110080K)->0K(107008K) From: 256K(512K)->240K(512K)
[13296.518s][info][gc,heap        ] GC(33604) ParOldGen: 321701K(322048K)->321717K(322048K)
[13296.518s][info][gc,metaspace   ] GC(33604) Metaspace: 8795K(9024K)->8795K(9024K) NonClass: 8142K(8320K)->8142K(8320K) Class: 652K(704K)->652K(704K)
[13296.518s][info][gc             ] GC(33604) Pause Young (Allocation Failure) 421M->314M(419M) 1.155ms
[13296.518s][info][gc,cpu         ] GC(33604) User=0.00s Sys=0.00s Real=0.00s
[13296.858s][info][gc,start       ] GC(33605) Pause Young (Allocation Failure)
[13296.859s][info][gc,heap        ] GC(33605) PSYoungGen: 107248K(107520K)->256K(104448K) Eden: 107008K(107008K)->0K(103936K) From: 240K(512K)->256K(512K)
[13296.859s][info][gc,heap        ] GC(33605) ParOldGen: 321717K(322048K)->321733K(322048K)
[13296.859s][info][gc,metaspace   ] GC(33605) Metaspace: 8795K(9024K)->8795K(9024K) NonClass: 8142K(8320K)->8142K(8320K) Class: 652K(704K)->652K(704K)
[13296.859s][info][gc             ] GC(33605) Pause Young (Allocation Failure) 418M->314M(416M) 1.178ms
[13296.859s][info][gc,cpu         ] GC(33605) User=0.00s Sys=0.00s Real=0.00s
[13297.193s][info][gc,start       ] GC(33606) Pause Young (Allocation Failure)
[13297.194s][info][gc,heap        ] GC(33606) PSYoungGen: 104192K(104448K)->224K(101376K) Eden: 103936K(103936K)->0K(100864K) From: 256K(512K)->224K(512K)
[13297.194s][info][gc,heap        ] GC(33606) ParOldGen: 321733K(322048K)->321749K(322048K)
[13297.194s][info][gc,metaspace   ] GC(33606) Metaspace: 8795K(9024K)->8795K(9024K) NonClass: 8142K(8320K)->8142K(8320K) Class: 652K(704K)->652K(704K)
[13297.194s][info][gc             ] GC(33606) Pause Young (Allocation Failure) 415M->314M(413M) 1.173ms
[13297.194s][info][gc,cpu         ] GC(33606) User=0.00s Sys=0.00s Real=0.00s
[13297.517s][info][gc,start       ] GC(33607) Pause Young (Allocation Failure)
[13297.518s][info][gc,heap        ] GC(33607) PSYoungGen: 101088K(101376K)->256K(98304K) Eden: 100864K(100864K)->0K(97792K) From: 224K(512K)->256K(512K)
[13297.518s][info][gc,heap        ] GC(33607) ParOldGen: 321749K(322048K)->321765K(322048K)
[13297.518s][info][gc,metaspace   ] GC(33607) Metaspace: 8795K(9024K)->8795K(9024K) NonClass: 8142K(8320K)->8142K(8320K) Class: 652K(704K)->652K(704K)
[13297.518s][info][gc             ] GC(33607) Pause Young (Allocation Failure) 412M->314M(410M) 1.196ms
[13297.518s][info][gc,cpu         ] GC(33607) User=0.00s Sys=0.00s Real=0.00s
[13297.859s][info][gc,start       ] GC(33608) Pause Young (Allocation Failure)
[13297.861s][info][gc,heap        ] GC(33608) PSYoungGen: 98048K(98304K)->240K(95744K) Eden: 97792K(97792K)->0K(95232K) From: 256K(512K)->240K(512K)
[13297.861s][info][gc,heap        ] GC(33608) ParOldGen: 321765K(322048K)->321773K(322048K)
[13297.861s][info][gc,metaspace   ] GC(33608) Metaspace: 8795K(9024K)->8795K(9024K) NonClass: 8142K(8320K)->8142K(8320K) Class: 652K(704K)->652K(704K)
[13297.861s][info][gc             ] GC(33608) Pause Young (Allocation Failure) 409M->314M(408M) 2.162ms
[13297.861s][info][gc,cpu         ] GC(33608) User=0.00s Sys=0.00s Real=0.01s
[13298.170s][info][gc,start       ] GC(33609) Pause Young (Allocation Failure)
[13298.172s][info][gc,heap        ] GC(33609) PSYoungGen: 95472K(95744K)->224K(93184K) Eden: 95232K(95232K)->0K(92672K) From: 240K(512K)->224K(512K)
[13298.172s][info][gc,heap        ] GC(33609) ParOldGen: 321773K(322048K)->321781K(322048K)
[13298.172s][info][gc,metaspace   ] GC(33609) Metaspace: 8795K(9024K)->8795K(9024K) NonClass: 8142K(8320K)->8142K(8320K) Class: 652K(704K)->652K(704K)
[13298.172s][info][gc             ] GC(33609) Pause Young (Allocation Failure) 407M->314M(405M) 2.100ms
[13298.172s][info][gc,cpu         ] GC(33609) User=0.00s Sys=0.00s Real=0.01s
[13298.467s][info][gc,start       ] GC(33610) Pause Young (Allocation Failure)
[13298.469s][info][gc,heap        ] GC(33610) PSYoungGen: 92896K(93184K)->272K(90624K) Eden: 92672K(92672K)->0K(90112K) From: 224K(512K)->272K(512K)
[13298.469s][info][gc,heap        ] GC(33610) ParOldGen: 321781K(322048K)->321789K(322048K)
[13298.469s][info][gc,metaspace   ] GC(33610) Metaspace: 8795K(9024K)->8795K(9024K) NonClass: 8142K(8320K)->8142K(8320K) Class: 652K(704K)->652K(704K)
[13298.469s][info][gc             ] GC(33610) Pause Young (Allocation Failure) 404M->314M(403M) 2.159ms
[13298.469s][info][gc,cpu         ] GC(33610) User=0.01s Sys=0.00s Real=0.00s
[13298.762s][info][gc,start       ] GC(33611) Pause Young (Allocation Failure)
[13298.764s][info][gc,heap        ] GC(33611) PSYoungGen: 90384K(90624K)->256K(88064K) Eden: 90112K(90112K)->0K(87552K) From: 272K(512K)->256K(512K)
[13298.764s][info][gc,heap        ] GC(33611) ParOldGen: 321789K(322048K)->321805K(322048K)
[13298.764s][info][gc,metaspace   ] GC(33611) Metaspace: 8795K(9024K)->8795K(9024K) NonClass: 8142K(8320K)->8142K(8320K) Class: 652K(704K)->652K(704K)
[13298.764s][info][gc             ] GC(33611) Pause Young (Allocation Failure) 402M->314M(400M) 2.065ms
[13298.764s][info][gc,cpu         ] GC(33611) User=0.00s Sys=0.00s Real=0.00s
[13299.041s][info][gc,start       ] GC(33612) Pause Young (Allocation Failure)
[13299.044s][info][gc,heap        ] GC(33612) PSYoungGen: 87808K(88064K)->224K(202752K) Eden: 87552K(87552K)->0K(202240K) From: 256K(512K)->224K(512K)
[13299.044s][info][gc,heap        ] GC(33612) ParOldGen: 321805K(322048K)->321821K(322048K)
[13299.044s][info][gc,metaspace   ] GC(33612) Metaspace: 8795K(9024K)->8795K(9024K) NonClass: 8142K(8320K)->8142K(8320K) Class: 652K(704K)->652K(704K)
[13299.044s][info][gc             ] GC(33612) Pause Young (Allocation Failure) 400M->314M(512M) 2.633ms
[13299.044s][info][gc,cpu         ] GC(33612) User=0.00s Sys=0.00s Real=0.00s
[13299.735s][info][gc,start       ] GC(33613) Pause Young (Allocation Failure)
[13299.737s][info][gc,heap        ] GC(33613) PSYoungGen: 202464K(202752K)->224K(195584K) Eden: 202240K(202240K)->0K(195072K) From: 224K(512K)->224K(512K)
[13299.737s][info][gc,heap        ] GC(33613) ParOldGen: 321821K(322048K)->321829K(322048K)
[13299.737s][info][gc,metaspace   ] GC(33613) Metaspace: 8795K(9024K)->8795K(9024K) NonClass: 8142K(8320K)->8142K(8320K) Class: 652K(704K)->652K(704K)
[13299.738s][info][gc             ] GC(33613) Pause Young (Allocation Failure) 511M->314M(505M) 2.293ms
[13299.738s][info][gc,cpu         ] GC(33613) User=0.00s Sys=0.00s Real=0.00s
[13300.389s][info][gc,start       ] GC(33614) Pause Young (Allocation Failure)
[13300.391s][info][gc,heap        ] GC(33614) PSYoungGen: 195296K(195584K)->224K(188416K) Eden: 195072K(195072K)->0K(187904K) From: 224K(512K)->224K(512K)
[13300.391s][info][gc,heap        ] GC(33614) ParOldGen: 321829K(322048K)->321845K(322048K)
[13300.391s][info][gc,metaspace   ] GC(33614) Metaspace: 8795K(9024K)->8795K(9024K) NonClass: 8142K(8320K)->8142K(8320K) Class: 652K(704K)->652K(704K)
[13300.391s][info][gc             ] GC(33614) Pause Young (Allocation Failure) 505M->314M(498M) 2.082ms
[13300.391s][info][gc,cpu         ] GC(33614) User=0.00s Sys=0.00s Real=0.01s
[13300.990s][info][gc,start       ] GC(33615) Pause Young (Allocation Failure)
[13300.992s][info][gc,heap        ] GC(33615) PSYoungGen: 188128K(188416K)->256K(181760K) Eden: 187904K(187904K)->0K(181248K) From: 224K(512K)->256K(512K)
[13300.992s][info][gc,heap        ] GC(33615) ParOldGen: 321845K(322048K)->321861K(322048K)
[13300.992s][info][gc,metaspace   ] GC(33615) Metaspace: 8795K(9024K)->8795K(9024K) NonClass: 8142K(8320K)->8142K(8320K) Class: 652K(704K)->652K(704K)
[13300.992s][info][gc             ] GC(33615) Pause Young (Allocation Failure) 498M->314M(492M) 2.236ms
[13300.992s][info][gc,cpu         ] GC(33615) User=0.00s Sys=0.00s Real=0.01s
[13301.571s][info][gc,start       ] GC(33616) Pause Young (Allocation Failure)
[13301.574s][info][gc,heap        ] GC(33616) PSYoungGen: 181504K(181760K)->256K(175104K) Eden: 181248K(181248K)->0K(174592K) From: 256K(512K)->256K(512K)
[13301.574s][info][gc,heap        ] GC(33616) ParOldGen: 321861K(322048K)->321869K(322048K)
[13301.574s][info][gc,metaspace   ] GC(33616) Metaspace: 8795K(9024K)->8795K(9024K) NonClass: 8142K(8320K)->8142K(8320K) Class: 652K(704K)->652K(704K)
[13301.574s][info][gc             ] GC(33616) Pause Young (Allocation Failure) 491M->314M(485M) 2.289ms
[13301.574s][info][gc,cpu         ] GC(33616) User=0.00s Sys=0.00s Real=0.00s
[13302.124s][info][gc,start       ] GC(33617) Pause Young (Allocation Failure)
[13302.126s][info][gc,heap        ] GC(33617) PSYoungGen: 174848K(175104K)->224K(168960K) Eden: 174592K(174592K)->0K(168448K) From: 256K(512K)->224K(512K)
[13302.126s][info][gc,heap        ] GC(33617) ParOldGen: 321869K(322048K)->321877K(322048K)
[13302.126s][info][gc,metaspace   ] GC(33617) Metaspace: 8795K(9024K)->8795K(9024K) NonClass: 8142K(8320K)->8142K(8320K) Class: 652K(704K)->652K(704K)
[13302.126s][info][gc             ] GC(33617) Pause Young (Allocation Failure) 485M->314M(479M) 2.106ms
[13302.126s][info][gc,cpu         ] GC(33617) User=0.00s Sys=0.00s Real=0.00s
[13302.669s][info][gc,start       ] GC(33618) Pause Young (Allocation Failure)
[13302.671s][info][gc,heap        ] GC(33618) PSYoungGen: 168672K(168960K)->256K(163328K) Eden: 168448K(168448K)->0K(162816K) From: 224K(512K)->256K(512K)
[13302.671s][info][gc,heap        ] GC(33618) ParOldGen: 321877K(322048K)->321885K(322048K)
[13302.671s][info][gc,metaspace   ] GC(33618) Metaspace: 8795K(9024K)->8795K(9024K) NonClass: 8142K(8320K)->8142K(8320K) Class: 652K(704K)->652K(704K)
[13302.671s][info][gc             ] GC(33618) Pause Young (Allocation Failure) 479M->314M(474M) 2.158ms
[13302.671s][info][gc,cpu         ] GC(33618) User=0.00s Sys=0.00s Real=0.01s
[13303.229s][info][gc,start       ] GC(33619) Pause Young (Allocation Failure)
[13303.230s][info][gc,heap        ] GC(33619) PSYoungGen: 163072K(163328K)->256K(157696K) Eden: 162816K(162816K)->0K(157184K) From: 256K(512K)->256K(512K)
[13303.230s][info][gc,heap        ] GC(33619) ParOldGen: 321885K(322048K)->321901K(322048K)
[13303.230s][info][gc,metaspace   ] GC(33619) Metaspace: 8795K(9024K)->8795K(9024K) NonClass: 8142K(8320K)->8142K(8320K) Class: 652K(704K)->652K(704K)
[13303.230s][info][gc             ] GC(33619) Pause Young (Allocation Failure) 473M->314M(468M) 1.428ms
[13303.230s][info][gc,cpu         ] GC(33619) User=0.00s Sys=0.00s Real=0.01s
[13303.743s][info][gc,start       ] GC(33620) Pause Young (Allocation Failure)
[13303.744s][info][gc,heap        ] GC(33620) PSYoungGen: 157440K(157696K)->256K(152576K) Eden: 157184K(157184K)->0K(152064K) From: 256K(512K)->256K(512K)
[13303.744s][info][gc,heap        ] GC(33620) ParOldGen: 321901K(322048K)->321917K(322048K)
[13303.744s][info][gc,metaspace   ] GC(33620) Metaspace: 8795K(9024K)->8795K(9024K) NonClass: 8142K(8320K)->8142K(8320K) Class: 652K(704K)->652K(704K)
[13303.744s][info][gc             ] GC(33620) Pause Young (Allocation Failure) 468M->314M(463M) 1.216ms
[13303.744s][info][gc,cpu         ] GC(33620) User=0.00s Sys=0.00s Real=0.00s
[13304.234s][info][gc,start       ] GC(33621) Pause Young (Allocation Failure)
[13304.235s][info][gc,heap        ] GC(33621) PSYoungGen: 152320K(152576K)->224K(147456K) Eden: 152064K(152064K)->0K(146944K) From: 256K(512K)->224K(512K)
[13304.235s][info][gc,heap        ] GC(33621) ParOldGen: 321917K(322048K)->321933K(322048K)
[13304.235s][info][gc,metaspace   ] GC(33621) Metaspace: 8795K(9024K)->8795K(9024K) NonClass: 8142K(8320K)->8142K(8320K) Class: 652K(704K)->652K(704K)
[13304.235s][info][gc             ] GC(33621) Pause Young (Allocation Failure) 463M->314M(458M) 1.072ms
[13304.236s][info][gc,cpu         ] GC(33621) User=0.01s Sys=0.00s Real=0.00s
[13304.753s][info][gc,start       ] GC(33622) Pause Young (Allocation Failure)
[13304.754s][info][gc,heap        ] GC(33622) PSYoungGen: 147168K(147456K)->256K(142848K) Eden: 146944K(146944K)->0K(142336K) From: 224K(512K)->256K(512K)
[13304.754s][info][gc,heap        ] GC(33622) ParOldGen: 321933K(322048K)->321949K(322048K)
[13304.754s][info][gc,metaspace   ] GC(33622) Metaspace: 8795K(9024K)->8795K(9024K) NonClass: 8142K(8320K)->8142K(8320K) Class: 652K(704K)->652K(704K)
[13304.754s][info][gc             ] GC(33622) Pause Young (Allocation Failure) 458M->314M(454M) 1.174ms
[13304.754s][info][gc,cpu         ] GC(33622) User=0.00s Sys=0.00s Real=0.00s
[13305.206s][info][gc,start       ] GC(33623) Pause Young (Allocation Failure)
[13305.207s][info][gc,heap        ] GC(33623) PSYoungGen: 142592K(142848K)->256K(138240K) Eden: 142336K(142336K)->0K(137728K) From: 256K(512K)->256K(512K)
[13305.207s][info][gc,heap        ] GC(33623) ParOldGen: 321949K(322048K)->321965K(322048K)
[13305.207s][info][gc,metaspace   ] GC(33623) Metaspace: 8795K(9024K)->8795K(9024K) NonClass: 8142K(8320K)->8142K(8320K) Class: 652K(704K)->652K(704K)
[13305.207s][info][gc             ] GC(33623) Pause Young (Allocation Failure) 453M->314M(449M) 1.253ms
[13305.207s][info][gc,cpu         ] GC(33623) User=0.00s Sys=0.00s Real=0.00s
[13305.666s][info][gc,start       ] GC(33624) Pause Young (Allocation Failure)
[13305.667s][info][gc,heap        ] GC(33624) PSYoungGen: 137984K(138240K)->256K(133632K) Eden: 137728K(137728K)->0K(133120K) From: 256K(512K)->256K(512K)
[13305.667s][info][gc,heap        ] GC(33624) ParOldGen: 321965K(322048K)->321981K(322048K)
[13305.667s][info][gc,metaspace   ] GC(33624) Metaspace: 8795K(9024K)->8795K(9024K) NonClass: 8142K(8320K)->8142K(8320K) Class: 652K(704K)->652K(704K)
[13305.667s][info][gc             ] GC(33624) Pause Young (Allocation Failure) 449M->314M(445M) 1.162ms
[13305.667s][info][gc,cpu         ] GC(33624) User=0.00s Sys=0.01s Real=0.00s
[13306.114s][info][gc,start       ] GC(33625) Pause Young (Allocation Failure)
[13306.116s][info][gc,heap        ] GC(33625) PSYoungGen: 133376K(133632K)->224K(129536K) Eden: 133120K(133120K)->0K(129024K) From: 256K(512K)->224K(512K)
[13306.116s][info][gc,heap        ] GC(33625) ParOldGen: 321981K(322048K)->321997K(322048K)
[13306.116s][info][gc,metaspace   ] GC(33625) Metaspace: 8795K(9024K)->8795K(9024K) NonClass: 8142K(8320K)->8142K(8320K) Class: 652K(704K)->652K(704K)
[13306.116s][info][gc             ] GC(33625) Pause Young (Allocation Failure) 444M->314M(441M) 2.092ms
[13306.116s][info][gc,cpu         ] GC(33625) User=0.00s Sys=0.00s Real=0.00s
[13306.534s][info][gc,start       ] GC(33626) Pause Young (Allocation Failure)
[13306.536s][info][gc,heap        ] GC(33626) PSYoungGen: 129248K(129536K)->272K(125440K) Eden: 129024K(129024K)->0K(124928K) From: 224K(512K)->272K(512K)
[13306.536s][info][gc,heap        ] GC(33626) ParOldGen: 321997K(322048K)->322005K(322048K)
[13306.536s][info][gc,metaspace   ] GC(33626) Metaspace: 8795K(9024K)->8795K(9024K) NonClass: 8142K(8320K)->8142K(8320K) Class: 652K(704K)->652K(704K)
[13306.536s][info][gc             ] GC(33626) Pause Young (Allocation Failure) 440M->314M(437M) 2.114ms
[13306.536s][info][gc,cpu         ] GC(33626) User=0.01s Sys=0.00s Real=0.00s
[13306.940s][info][gc,start       ] GC(33627) Pause Young (Allocation Failure)
[13306.942s][info][gc,heap        ] GC(33627) PSYoungGen: 125200K(125440K)->224K(121344K) Eden: 124928K(124928K)->0K(120832K) From: 272K(512K)->224K(512K)
[13306.942s][info][gc,heap        ] GC(33627) ParOldGen: 322005K(322048K)->322021K(322048K)
[13306.942s][info][gc,metaspace   ] GC(33627) Metaspace: 8795K(9024K)->8795K(9024K) NonClass: 8142K(8320K)->8142K(8320K) Class: 652K(704K)->652K(704K)
[13306.942s][info][gc             ] GC(33627) Pause Young (Allocation Failure) 436M->314M(433M) 2.031ms
[13306.942s][info][gc,cpu         ] GC(33627) User=0.00s Sys=0.00s Real=0.01s
[13307.336s][info][gc,start       ] GC(33628) Pause Young (Allocation Failure)
[13307.338s][info][gc,heap        ] GC(33628) PSYoungGen: 121056K(121344K)->240K(117760K) Eden: 120832K(120832K)->0K(117248K) From: 224K(512K)->240K(512K)
[13307.338s][info][gc,heap        ] GC(33628) ParOldGen: 322021K(322048K)->322029K(322048K)
[13307.338s][info][gc,metaspace   ] GC(33628) Metaspace: 8795K(9024K)->8795K(9024K) NonClass: 8142K(8320K)->8142K(8320K) Class: 652K(704K)->652K(704K)
[13307.338s][info][gc             ] GC(33628) Pause Young (Allocation Failure) 432M->314M(429M) 2.117ms
[13307.338s][info][gc,cpu         ] GC(33628) User=0.01s Sys=0.00s Real=0.00s
[13307.710s][info][gc,start       ] GC(33629) Pause Young (Allocation Failure)
[13307.712s][info][gc,heap        ] GC(33629) PSYoungGen: 117488K(117760K)->240K(114176K) Eden: 117248K(117248K)->0K(113664K) From: 240K(512K)->240K(512K)
[13307.712s][info][gc,heap        ] GC(33629) ParOldGen: 322029K(322048K)->322037K(322048K)
[13307.712s][info][gc,metaspace   ] GC(33629) Metaspace: 8795K(9024K)->8795K(9024K) NonClass: 8142K(8320K)->8142K(8320K) Class: 652K(704K)->652K(704K)
[13307.712s][info][gc             ] GC(33629) Pause Young (Allocation Failure) 429M->314M(426M) 2.048ms
[13307.712s][info][gc,cpu         ] GC(33629) User=0.00s Sys=0.00s Real=0.01s
[13308.071s][info][gc,start       ] GC(33630) Pause Young (Allocation Failure)
[13308.073s][info][gc,heap        ] GC(33630) PSYoungGen: 113904K(114176K)->224K(110592K) Eden: 113664K(113664K)->0K(110080K) From: 240K(512K)->224K(512K)
[13308.073s][info][gc,heap        ] GC(33630) ParOldGen: 322037K(322048K)->322045K(322048K)
[13308.073s][info][gc,metaspace   ] GC(33630) Metaspace: 8795K(9024K)->8795K(9024K) NonClass: 8142K(8320K)->8142K(8320K) Class: 652K(704K)->652K(704K)
[13308.073s][info][gc             ] GC(33630) Pause Young (Allocation Failure) 425M->314M(422M) 2.234ms
[13308.073s][info][gc,cpu         ] GC(33630) User=0.00s Sys=0.00s Real=0.00s
[13308.398s][info][gc,start       ] GC(33631) Pause Young (Allocation Failure)
[13308.400s][info][gc,heap        ] GC(33631) PSYoungGen: 110304K(110592K)->272K(107520K) Eden: 110080K(110080K)->0K(107008K) From: 224K(512K)->272K(512K)
[13308.400s][info][gc,heap        ] GC(33631) ParOldGen: 322045K(322048K)->322053K(322560K)
[13308.400s][info][gc,metaspace   ] GC(33631) Metaspace: 8795K(9024K)->8795K(9024K) NonClass: 8142K(8320K)->8142K(8320K) Class: 652K(704K)->652K(704K)
[13308.400s][info][gc             ] GC(33631) Pause Young (Allocation Failure) 422M->314M(420M) 2.123ms
[13308.400s][info][gc,cpu         ] GC(33631) User=0.00s Sys=0.00s Real=0.01s
[13308.730s][info][gc,start       ] GC(33632) Pause Young (Allocation Failure)
[13308.731s][info][gc,heap        ] GC(33632) PSYoungGen: 107280K(107520K)->240K(104448K) Eden: 107008K(107008K)->0K(103936K) From: 272K(512K)->240K(512K)
[13308.731s][info][gc,heap        ] GC(33632) ParOldGen: 322053K(322560K)->322069K(322560K)
[13308.731s][info][gc,metaspace   ] GC(33632) Metaspace: 8795K(9024K)->8795K(9024K) NonClass: 8142K(8320K)->8142K(8320K) Class: 652K(704K)->652K(704K)
[13308.731s][info][gc             ] GC(33632) Pause Young (Allocation Failure) 419M->314M(417M) 1.197ms
[13308.731s][info][gc,cpu         ] GC(33632) User=0.00s Sys=0.00s Real=0.01s
[13309.056s][info][gc,start       ] GC(33633) Pause Young (Allocation Failure)
[13309.057s][info][gc,heap        ] GC(33633) PSYoungGen: 104176K(104448K)->288K(101376K) Eden: 103936K(103936K)->0K(100864K) From: 240K(512K)->288K(512K)
[13309.057s][info][gc,heap        ] GC(33633) ParOldGen: 322069K(322560K)->322085K(322560K)
[13309.057s][info][gc,metaspace   ] GC(33633) Metaspace: 8795K(9024K)->8795K(9024K) NonClass: 8142K(8320K)->8142K(8320K) Class: 652K(704K)->652K(704K)
[13309.057s][info][gc             ] GC(33633) Pause Young (Allocation Failure) 416M->314M(414M) 1.136ms
[13309.057s][info][gc,cpu         ] GC(33633) User=0.00s Sys=0.00s Real=0.00s
[13309.359s][info][gc,start       ] GC(33634) Pause Young (Allocation Failure)
[13309.360s][info][gc,heap        ] GC(33634) PSYoungGen: 101152K(101376K)->272K(98304K) Eden: 100864K(100864K)->0K(97792K) From: 288K(512K)->272K(512K)
[13309.360s][info][gc,heap        ] GC(33634) ParOldGen: 322085K(322560K)->322101K(322560K)
[13309.360s][info][gc,metaspace   ] GC(33634) Metaspace: 8795K(9024K)->8795K(9024K) NonClass: 8142K(8320K)->8142K(8320K) Class: 652K(704K)->652K(704K)
[13309.360s][info][gc             ] GC(33634) Pause Young (Allocation Failure) 413M->314M(411M) 1.086ms
[13309.360s][info][gc,cpu         ] GC(33634) User=0.00s Sys=0.00s Real=0.01s
[13309.678s][info][gc,start       ] GC(33635) Pause Young (Allocation Failure)
[13309.679s][info][gc,heap        ] GC(33635) PSYoungGen: 98064K(98304K)->224K(95744K) Eden: 97792K(97792K)->0K(95232K) From: 272K(512K)->224K(512K)
[13309.679s][info][gc,heap        ] GC(33635) ParOldGen: 322101K(322560K)->322117K(322560K)
[13309.679s][info][gc,metaspace   ] GC(33635) Metaspace: 8795K(9024K)->8795K(9024K) NonClass: 8142K(8320K)->8142K(8320K) Class: 652K(704K)->652K(704K)
[13309.679s][info][gc             ] GC(33635) Pause Young (Allocation Failure) 410M->314M(408M) 1.150ms
[13309.679s][info][gc,cpu         ] GC(33635) User=0.00s Sys=0.00s Real=0.00s
[13309.961s][info][gc,start       ] GC(33636) Pause Young (Allocation Failure)
[13309.963s][info][gc,heap        ] GC(33636) PSYoungGen: 95456K(95744K)->256K(93184K) Eden: 95232K(95232K)->0K(92672K) From: 224K(512K)->256K(512K)
[13309.963s][info][gc,heap        ] GC(33636) ParOldGen: 322117K(322560K)->322125K(322560K)
[13309.963s][info][gc,metaspace   ] GC(33636) Metaspace: 8795K(9024K)->8795K(9024K) NonClass: 8142K(8320K)->8142K(8320K) Class: 652K(704K)->652K(704K)
[13309.964s][info][gc             ] GC(33636) Pause Young (Allocation Failure) 407M->314M(406M) 2.049ms
[13309.964s][info][gc,cpu         ] GC(33636) User=0.00s Sys=0.00s Real=0.00s
[13310.243s][info][gc,start       ] GC(33637) Pause Young (Allocation Failure)
[13310.245s][info][gc,heap        ] GC(33637) PSYoungGen: 92928K(93184K)->304K(90624K) Eden: 92672K(92672K)->0K(90112K) From: 256K(512K)->304K(512K)
[13310.245s][info][gc,heap        ] GC(33637) ParOldGen: 322125K(322560K)->322141K(322560K)
[13310.245s][info][gc,metaspace   ] GC(33637) Metaspace: 8795K(9024K)->8795K(9024K) NonClass: 8142K(8320K)->8142K(8320K) Class: 652K(704K)->652K(704K)
[13310.245s][info][gc             ] GC(33637) Pause Young (Allocation Failure) 405M->314M(403M) 1.946ms
[13310.245s][info][gc,cpu         ] GC(33637) User=0.00s Sys=0.00s Real=0.00s
[13310.513s][info][gc,start       ] GC(33638) Pause Young (Allocation Failure)
[13310.515s][info][gc,heap        ] GC(33638) PSYoungGen: 90416K(90624K)->256K(88064K) Eden: 90112K(90112K)->0K(87552K) From: 304K(512K)->256K(512K)
[13310.515s][info][gc,heap        ] GC(33638) ParOldGen: 322141K(322560K)->322157K(322560K)
[13310.515s][info][gc,metaspace   ] GC(33638) Metaspace: 8795K(9024K)->8795K(9024K) NonClass: 8142K(8320K)->8142K(8320K) Class: 652K(704K)->652K(704K)
[13310.515s][info][gc             ] GC(33638) Pause Young (Allocation Failure) 402M->314M(401M) 1.166ms
[13310.515s][info][gc,cpu         ] GC(33638) User=0.00s Sys=0.00s Real=0.00s
[13310.788s][info][gc,start       ] GC(33639) Pause Young (Allocation Failure)
[13310.790s][info][gc,heap        ] GC(33639) PSYoungGen: 87808K(88064K)->224K(202752K) Eden: 87552K(87552K)->0K(202240K) From: 256K(512K)->224K(512K)
[13310.790s][info][gc,heap        ] GC(33639) ParOldGen: 322157K(322560K)->322165K(322560K)
[13310.790s][info][gc,metaspace   ] GC(33639) Metaspace: 8795K(9024K)->8795K(9024K) NonClass: 8142K(8320K)->8142K(8320K) Class: 652K(704K)->652K(704K)
[13310.790s][info][gc             ] GC(33639) Pause Young (Allocation Failure) 400M->314M(513M) 2.013ms
[13310.790s][info][gc,cpu         ] GC(33639) User=0.00s Sys=0.00s Real=0.00s
[13311.400s][info][gc,start       ] GC(33640) Pause Young (Allocation Failure)
[13311.401s][info][gc,heap        ] GC(33640) PSYoungGen: 202464K(202752K)->272K(195584K) Eden: 202240K(202240K)->0K(195072K) From: 224K(512K)->272K(512K)
[13311.401s][info][gc,heap        ] GC(33640) ParOldGen: 322165K(322560K)->322181K(322560K)
[13311.401s][info][gc,metaspace   ] GC(33640) Metaspace: 8795K(9024K)->8795K(9024K) NonClass: 8142K(8320K)->8142K(8320K) Class: 652K(704K)->652K(704K)
[13311.401s][info][gc             ] GC(33640) Pause Young (Allocation Failure) 512M->314M(506M) 1.099ms
[13311.401s][info][gc,cpu         ] GC(33640) User=0.00s Sys=0.00s Real=0.01s
[13312.009s][info][gc,start       ] GC(33641) Pause Young (Allocation Failure)
[13312.011s][info][gc,heap        ] GC(33641) PSYoungGen: 195344K(195584K)->224K(188416K) Eden: 195072K(195072K)->0K(187904K) From: 272K(512K)->224K(512K)
[13312.011s][info][gc,heap        ] GC(33641) ParOldGen: 322181K(322560K)->322189K(322560K)
[13312.011s][info][gc,metaspace   ] GC(33641) Metaspace: 8795K(9024K)->8795K(9024K) NonClass: 8142K(8320K)->8142K(8320K) Class: 652K(704K)->652K(704K)
[13312.011s][info][gc             ] GC(33641) Pause Young (Allocation Failure) 505M->314M(499M) 2.005ms
[13312.011s][info][gc,cpu         ] GC(33641) User=0.00s Sys=0.01s Real=0.01s
[13312.633s][info][gc,start       ] GC(33642) Pause Young (Allocation Failure)
[13312.635s][info][gc,heap        ] GC(33642) PSYoungGen: 188128K(188416K)->224K(181760K) Eden: 187904K(187904K)->0K(181248K) From: 224K(512K)->224K(512K)
[13312.635s][info][gc,heap        ] GC(33642) ParOldGen: 322189K(322560K)->322205K(322560K)
[13312.635s][info][gc,metaspace   ] GC(33642) Metaspace: 8795K(9024K)->8795K(9024K) NonClass: 8142K(8320K)->8142K(8320K) Class: 652K(704K)->652K(704K)
[13312.635s][info][gc             ] GC(33642) Pause Young (Allocation Failure) 498M->314M(492M) 2.146ms
[13312.635s][info][gc,cpu         ] GC(33642) User=0.01s Sys=0.00s Real=0.00s
[13313.223s][info][gc,start       ] GC(33643) Pause Young (Allocation Failure)
[13313.224s][info][gc,heap        ] GC(33643) PSYoungGen: 181472K(181760K)->240K(175104K) Eden: 181248K(181248K)->0K(174592K) From: 224K(512K)->240K(512K)
[13313.224s][info][gc,heap        ] GC(33643) ParOldGen: 322205K(322560K)->322221K(322560K)
[13313.224s][info][gc,metaspace   ] GC(33643) Metaspace: 8795K(9024K)->8795K(9024K) NonClass: 8142K(8320K)->8142K(8320K) Class: 652K(704K)->652K(704K)
[13313.224s][info][gc             ] GC(33643) Pause Young (Allocation Failure) 491M->314M(486M) 1.290ms
[13313.224s][info][gc,cpu         ] GC(33643) User=0.00s Sys=0.00s Real=0.00s
[13313.771s][info][gc,start       ] GC(33644) Pause Young (Allocation Failure)
[13313.772s][info][gc,heap        ] GC(33644) PSYoungGen: 174832K(175104K)->240K(168960K) Eden: 174592K(174592K)->0K(168448K) From: 240K(512K)->240K(512K)
[13313.772s][info][gc,heap        ] GC(33644) ParOldGen: 322221K(322560K)->322237K(322560K)
[13313.772s][info][gc,metaspace   ] GC(33644) Metaspace: 8795K(9024K)->8795K(9024K) NonClass: 8142K(8320K)->8142K(8320K) Class: 652K(704K)->652K(704K)
[13313.772s][info][gc             ] GC(33644) Pause Young (Allocation Failure) 485M->314M(480M) 1.136ms
[13313.772s][info][gc,cpu         ] GC(33644) User=0.00s Sys=0.00s Real=0.00s
[13314.325s][info][gc,start       ] GC(33645) Pause Young (Allocation Failure)
[13314.327s][info][gc,heap        ] GC(33645) PSYoungGen: 168688K(168960K)->256K(163328K) Eden: 168448K(168448K)->0K(162816K) From: 240K(512K)->256K(512K)
[13314.327s][info][gc,heap        ] GC(33645) ParOldGen: 322237K(322560K)->322245K(322560K)
[13314.327s][info][gc,metaspace   ] GC(33645) Metaspace: 8795K(9024K)->8795K(9024K) NonClass: 8142K(8320K)->8142K(8320K) Class: 652K(704K)->652K(704K)
[13314.327s][info][gc             ] GC(33645) Pause Young (Allocation Failure) 479M->314M(474M) 1.477ms
[13314.327s][info][gc,cpu         ] GC(33645) User=0.00s Sys=0.00s Real=0.00s
[13314.873s][info][gc,start       ] GC(33646) Pause Young (Allocation Failure)
[13314.874s][info][gc,heap        ] GC(33646) PSYoungGen: 163072K(163328K)->256K(157696K) Eden: 162816K(162816K)->0K(157184K) From: 256K(512K)->256K(512K)
[13314.874s][info][gc,heap        ] GC(33646) ParOldGen: 322245K(322560K)->322261K(322560K)
[13314.874s][info][gc,metaspace   ] GC(33646) Metaspace: 8795K(9024K)->8795K(9024K) NonClass: 8142K(8320K)->8142K(8320K) Class: 652K(704K)->652K(704K)
[13314.874s][info][gc             ] GC(33646) Pause Young (Allocation Failure) 473M->314M(469M) 1.180ms
[13314.874s][info][gc,cpu         ] GC(33646) User=0.00s Sys=0.00s Real=0.00s
[13315.374s][info][gc,start       ] GC(33647) Pause Young (Allocation Failure)
[13315.375s][info][gc,heap        ] GC(33647) PSYoungGen: 157440K(157696K)->224K(152576K) Eden: 157184K(157184K)->0K(152064K) From: 256K(512K)->224K(512K)
[13315.375s][info][gc,heap        ] GC(33647) ParOldGen: 322261K(322560K)->322277K(322560K)
[13315.375s][info][gc,metaspace   ] GC(33647) Metaspace: 8795K(9024K)->8795K(9024K) NonClass: 8142K(8320K)->8142K(8320K) Class: 652K(704K)->652K(704K)
[13315.375s][info][gc             ] GC(33647) Pause Young (Allocation Failure) 468M->314M(464M) 1.189ms
[13315.375s][info][gc,cpu         ] GC(33647) User=0.00s Sys=0.00s Real=0.00s
[13315.852s][info][gc,start       ] GC(33648) Pause Young (Allocation Failure)
[13315.853s][info][gc,heap        ] GC(33648) PSYoungGen: 152288K(152576K)->240K(147456K) Eden: 152064K(152064K)->0K(146944K) From: 224K(512K)->240K(512K)
[13315.853s][info][gc,heap        ] GC(33648) ParOldGen: 322277K(322560K)->322293K(322560K)
[13315.853s][info][gc,metaspace   ] GC(33648) Metaspace: 8795K(9024K)->8795K(9024K) NonClass: 8142K(8320K)->8142K(8320K) Class: 652K(704K)->652K(704K)
[13315.853s][info][gc             ] GC(33648) Pause Young (Allocation Failure) 463M->314M(459M) 1.163ms
[13315.853s][info][gc,cpu         ] GC(33648) User=0.00s Sys=0.00s Real=0.00s
[13316.296s][info][gc,start       ] GC(33649) Pause Young (Allocation Failure)
[13316.297s][info][gc,heap        ] GC(33649) PSYoungGen: 147184K(147456K)->224K(142848K) Eden: 146944K(146944K)->0K(142336K) From: 240K(512K)->224K(512K)
[13316.297s][info][gc,heap        ] GC(33649) ParOldGen: 322293K(322560K)->322309K(322560K)
[13316.297s][info][gc,metaspace   ] GC(33649) Metaspace: 8795K(9024K)->8795K(9024K) NonClass: 8142K(8320K)->8142K(8320K) Class: 652K(704K)->652K(704K)
[13316.297s][info][gc             ] GC(33649) Pause Young (Allocation Failure) 458M->314M(454M) 1.188ms
[13316.297s][info][gc,cpu         ] GC(33649) User=0.00s Sys=0.00s Real=0.00s
[13316.789s][info][gc,start       ] GC(33650) Pause Young (Allocation Failure)
[13316.790s][info][gc,heap        ] GC(33650) PSYoungGen: 142560K(142848K)->256K(138240K) Eden: 142336K(142336K)->0K(137728K) From: 224K(512K)->256K(512K)
[13316.790s][info][gc,heap        ] GC(33650) ParOldGen: 322309K(322560K)->322325K(322560K)
[13316.790s][info][gc,metaspace   ] GC(33650) Metaspace: 8795K(9024K)->8795K(9024K) NonClass: 8142K(8320K)->8142K(8320K) Class: 652K(704K)->652K(704K)
[13316.790s][info][gc             ] GC(33650) Pause Young (Allocation Failure) 453M->315M(450M) 1.195ms
[13316.790s][info][gc,cpu         ] GC(33650) User=0.00s Sys=0.00s Real=0.01s
[13317.220s][info][gc,start       ] GC(33651) Pause Young (Allocation Failure)
[13317.221s][info][gc,heap        ] GC(33651) PSYoungGen: 137984K(138240K)->256K(133632K) Eden: 137728K(137728K)->0K(133120K) From: 256K(512K)->256K(512K)
[13317.221s][info][gc,heap        ] GC(33651) ParOldGen: 322325K(322560K)->322341K(322560K)
[13317.221s][info][gc,metaspace   ] GC(33651) Metaspace: 8795K(9024K)->8795K(9024K) NonClass: 8142K(8320K)->8142K(8320K) Class: 652K(704K)->652K(704K)
[13317.221s][info][gc             ] GC(33651) Pause Young (Allocation Failure) 449M->315M(445M) 1.125ms
[13317.221s][info][gc,cpu         ] GC(33651) User=0.00s Sys=0.00s Real=0.01s
[13317.650s][info][gc,start       ] GC(33652) Pause Young (Allocation Failure)
[13317.651s][info][gc,heap        ] GC(33652) PSYoungGen: 133376K(133632K)->256K(129536K) Eden: 133120K(133120K)->0K(129024K) From: 256K(512K)->256K(512K)
[13317.651s][info][gc,heap        ] GC(33652) ParOldGen: 322341K(322560K)->322357K(322560K)
[13317.651s][info][gc,metaspace   ] GC(33652) Metaspace: 8795K(9024K)->8795K(9024K) NonClass: 8142K(8320K)->8142K(8320K) Class: 652K(704K)->652K(704K)
[13317.651s][info][gc             ] GC(33652) Pause Young (Allocation Failure) 445M->315M(441M) 1.139ms
[13317.651s][info][gc,cpu         ] GC(33652) User=0.00s Sys=0.00s Real=0.01s
[13318.065s][info][gc,start       ] GC(33653) Pause Young (Allocation Failure)
[13318.067s][info][gc,heap        ] GC(33653) PSYoungGen: 129280K(129536K)->272K(125440K) Eden: 129024K(129024K)->0K(124928K) From: 256K(512K)->272K(512K)
[13318.067s][info][gc,heap        ] GC(33653) ParOldGen: 322357K(322560K)->322373K(322560K)
[13318.067s][info][gc,metaspace   ] GC(33653) Metaspace: 8795K(9024K)->8795K(9024K) NonClass: 8142K(8320K)->8142K(8320K) Class: 652K(704K)->652K(704K)
[13318.067s][info][gc             ] GC(33653) Pause Young (Allocation Failure) 441M->315M(437M) 2.098ms
[13318.067s][info][gc,cpu         ] GC(33653) User=0.00s Sys=0.00s Real=0.00s
[13318.463s][info][gc,start       ] GC(33654) Pause Young (Allocation Failure)
[13318.464s][info][gc,heap        ] GC(33654) PSYoungGen: 125200K(125440K)->240K(121344K) Eden: 124928K(124928K)->0K(120832K) From: 272K(512K)->240K(512K)
[13318.464s][info][gc,heap        ] GC(33654) ParOldGen: 322373K(322560K)->322389K(322560K)
[13318.464s][info][gc,metaspace   ] GC(33654) Metaspace: 8795K(9024K)->8795K(9024K) NonClass: 8142K(8320K)->8142K(8320K) Class: 652K(704K)->652K(704K)
[13318.464s][info][gc             ] GC(33654) Pause Young (Allocation Failure) 437M->315M(433M) 1.188ms
[13318.464s][info][gc,cpu         ] GC(33654) User=0.00s Sys=0.00s Real=0.00s
[13318.851s][info][gc,start       ] GC(33655) Pause Young (Allocation Failure)
[13318.853s][info][gc,heap        ] GC(33655) PSYoungGen: 121072K(121344K)->272K(117760K) Eden: 120832K(120832K)->0K(117248K) From: 240K(512K)->272K(512K)
[13318.853s][info][gc,heap        ] GC(33655) ParOldGen: 322389K(322560K)->322405K(322560K)
[13318.853s][info][gc,metaspace   ] GC(33655) Metaspace: 8795K(9024K)->8795K(9024K) NonClass: 8142K(8320K)->8142K(8320K) Class: 652K(704K)->652K(704K)
[13318.853s][info][gc             ] GC(33655) Pause Young (Allocation Failure) 433M->315M(430M) 2.132ms
[13318.853s][info][gc,cpu         ] GC(33655) User=0.00s Sys=0.00s Real=0.00s
[13319.271s][info][gc,start       ] GC(33656) Pause Young (Allocation Failure)
[13319.273s][info][gc,heap        ] GC(33656) PSYoungGen: 117520K(117760K)->240K(114176K) Eden: 117248K(117248K)->0K(113664K) From: 272K(512K)->240K(512K)
[13319.273s][info][gc,heap        ] GC(33656) ParOldGen: 322405K(322560K)->322413K(322560K)
[13319.273s][info][gc,metaspace   ] GC(33656) Metaspace: 8795K(9024K)->8795K(9024K) NonClass: 8142K(8320K)->8142K(8320K) Class: 652K(704K)->652K(704K)
[13319.273s][info][gc             ] GC(33656) Pause Young (Allocation Failure) 429M->315M(426M) 2.035ms
[13319.273s][info][gc,cpu         ] GC(33656) User=0.00s Sys=0.00s Real=0.00s
[13319.628s][info][gc,start       ] GC(33657) Pause Young (Allocation Failure)
[13319.630s][info][gc,heap        ] GC(33657) PSYoungGen: 113904K(114176K)->224K(110592K) Eden: 113664K(113664K)->0K(110080K) From: 240K(512K)->224K(512K)
[13319.630s][info][gc,heap        ] GC(33657) ParOldGen: 322413K(322560K)->322421K(322560K)
[13319.630s][info][gc,metaspace   ] GC(33657) Metaspace: 8795K(9024K)->8795K(9024K) NonClass: 8142K(8320K)->8142K(8320K) Class: 652K(704K)->652K(704K)
[13319.630s][info][gc             ] GC(33657) Pause Young (Allocation Failure) 426M->315M(423M) 2.165ms
[13319.630s][info][gc,cpu         ] GC(33657) User=0.00s Sys=0.00s Real=0.00s
[13320.027s][info][gc,start       ] GC(33658) Pause Young (Allocation Failure)
[13320.029s][info][gc,heap        ] GC(33658) PSYoungGen: 110304K(110592K)->272K(107520K) Eden: 110080K(110080K)->0K(107008K) From: 224K(512K)->272K(512K)
[13320.030s][info][gc,heap        ] GC(33658) ParOldGen: 322421K(322560K)->322429K(322560K)
[13320.030s][info][gc,metaspace   ] GC(33658) Metaspace: 8795K(9024K)->8795K(9024K) NonClass: 8142K(8320K)->8142K(8320K) Class: 652K(704K)->652K(704K)
[13320.030s][info][gc             ] GC(33658) Pause Young (Allocation Failure) 422M->315M(420M) 2.107ms
[13320.030s][info][gc,cpu         ] GC(33658) User=0.00s Sys=0.00s Real=0.00s
[13320.371s][info][gc,start       ] GC(33659) Pause Young (Allocation Failure)
[13320.373s][info][gc,heap        ] GC(33659) PSYoungGen: 107280K(107520K)->224K(104448K) Eden: 107008K(107008K)->0K(103936K) From: 272K(512K)->224K(512K)
[13320.373s][info][gc,heap        ] GC(33659) ParOldGen: 322429K(322560K)->322437K(322560K)
[13320.373s][info][gc,metaspace   ] GC(33659) Metaspace: 8795K(9024K)->8795K(9024K) NonClass: 8142K(8320K)->8142K(8320K) Class: 652K(704K)->652K(704K)
[13320.373s][info][gc             ] GC(33659) Pause Young (Allocation Failure) 419M->315M(417M) 2.127ms
[13320.373s][info][gc,cpu         ] GC(33659) User=0.01s Sys=0.00s Real=0.00s
[13320.712s][info][gc,start       ] GC(33660) Pause Young (Allocation Failure)
[13320.714s][info][gc,heap        ] GC(33660) PSYoungGen: 104160K(104448K)->224K(101376K) Eden: 103936K(103936K)->0K(100864K) From: 224K(512K)->224K(512K)
[13320.714s][info][gc,heap        ] GC(33660) ParOldGen: 322437K(322560K)->322445K(322560K)
[13320.714s][info][gc,metaspace   ] GC(33660) Metaspace: 8795K(9024K)->8795K(9024K) NonClass: 8142K(8320K)->8142K(8320K) Class: 652K(704K)->652K(704K)
[13320.714s][info][gc             ] GC(33660) Pause Young (Allocation Failure) 416M->315M(414M) 2.050ms
[13320.714s][info][gc,cpu         ] GC(33660) User=0.01s Sys=0.00s Real=0.00s
[13321.073s][info][gc,start       ] GC(33661) Pause Young (Allocation Failure)
[13321.075s][info][gc,heap        ] GC(33661) PSYoungGen: 101088K(101376K)->256K(98304K) Eden: 100864K(100864K)->0K(97792K) From: 224K(512K)->256K(512K)
[13321.075s][info][gc,heap        ] GC(33661) ParOldGen: 322445K(322560K)->322453K(322560K)
[13321.075s][info][gc,metaspace   ] GC(33661) Metaspace: 8795K(9024K)->8795K(9024K) NonClass: 8142K(8320K)->8142K(8320K) Class: 652K(704K)->652K(704K)
[13321.075s][info][gc             ] GC(33661) Pause Young (Allocation Failure) 413M->315M(411M) 1.855ms
[13321.075s][info][gc,cpu         ] GC(33661) User=0.00s Sys=0.00s Real=0.00s
[13321.382s][info][gc,start       ] GC(33662) Pause Young (Allocation Failure)
[13321.383s][info][gc,heap        ] GC(33662) PSYoungGen: 98048K(98304K)->288K(95744K) Eden: 97792K(97792K)->0K(95232K) From: 256K(512K)->288K(512K)
[13321.383s][info][gc,heap        ] GC(33662) ParOldGen: 322453K(322560K)->322469K(322560K)
[13321.383s][info][gc,metaspace   ] GC(33662) Metaspace: 8795K(9024K)->8795K(9024K) NonClass: 8142K(8320K)->8142K(8320K) Class: 652K(704K)->652K(704K)
[13321.383s][info][gc             ] GC(33662) Pause Young (Allocation Failure) 410M->315M(408M) 1.218ms
[13321.383s][info][gc,cpu         ] GC(33662) User=0.00s Sys=0.00s Real=0.00s
[13321.681s][info][gc,start       ] GC(33663) Pause Young (Allocation Failure)
[13321.683s][info][gc,heap        ] GC(33663) PSYoungGen: 95520K(95744K)->256K(93184K) Eden: 95232K(95232K)->0K(92672K) From: 288K(512K)->256K(512K)
[13321.683s][info][gc,heap        ] GC(33663) ParOldGen: 322469K(322560K)->322485K(322560K)
[13321.683s][info][gc,metaspace   ] GC(33663) Metaspace: 8795K(9024K)->8795K(9024K) NonClass: 8142K(8320K)->8142K(8320K) Class: 652K(704K)->652K(704K)
[13321.683s][info][gc             ] GC(33663) Pause Young (Allocation Failure) 408M->315M(406M) 1.198ms
[13321.683s][info][gc,cpu         ] GC(33663) User=0.00s Sys=0.00s Real=0.00s
[13321.994s][info][gc,start       ] GC(33664) Pause Young (Allocation Failure)
[13321.996s][info][gc,heap        ] GC(33664) PSYoungGen: 92928K(93184K)->288K(90624K) Eden: 92672K(92672K)->0K(90112K) From: 256K(512K)->288K(512K)
[13321.996s][info][gc,heap        ] GC(33664) ParOldGen: 322485K(322560K)->322501K(322560K)
[13321.996s][info][gc,metaspace   ] GC(33664) Metaspace: 8795K(9024K)->8795K(9024K) NonClass: 8142K(8320K)->8142K(8320K) Class: 652K(704K)->652K(704K)
[13321.996s][info][gc             ] GC(33664) Pause Young (Allocation Failure) 405M->315M(403M) 1.176ms
[13321.996s][info][gc,cpu         ] GC(33664) User=0.00s Sys=0.00s Real=0.00s
[13322.287s][info][gc,start       ] GC(33665) Pause Young (Allocation Failure)
[13322.288s][info][gc,heap        ] GC(33665) PSYoungGen: 90400K(90624K)->288K(88064K) Eden: 90112K(90112K)->0K(87552K) From: 288K(512K)->288K(512K)
[13322.288s][info][gc,heap        ] GC(33665) ParOldGen: 322501K(322560K)->322517K(322560K)
[13322.288s][info][gc,metaspace   ] GC(33665) Metaspace: 8795K(9024K)->8795K(9024K) NonClass: 8142K(8320K)->8142K(8320K) Class: 652K(704K)->652K(704K)
[13322.288s][info][gc             ] GC(33665) Pause Young (Allocation Failure) 403M->315M(401M) 1.200ms
[13322.288s][info][gc,cpu         ] GC(33665) User=0.01s Sys=0.00s Real=0.00s
[13322.638s][info][gc,start       ] GC(33666) Pause Young (Allocation Failure)
[13322.639s][info][gc,heap        ] GC(33666) PSYoungGen: 87840K(88064K)->256K(202752K) Eden: 87552K(87552K)->0K(202240K) From: 288K(512K)->256K(512K)
[13322.639s][info][gc,heap        ] GC(33666) ParOldGen: 322517K(322560K)->322533K(322560K)
[13322.639s][info][gc,metaspace   ] GC(33666) Metaspace: 8795K(9024K)->8795K(9024K) NonClass: 8142K(8320K)->8142K(8320K) Class: 652K(704K)->652K(704K)
[13322.639s][info][gc             ] GC(33666) Pause Young (Allocation Failure) 400M->315M(513M) 1.187ms
[13322.639s][info][gc,cpu         ] GC(33666) User=0.00s Sys=0.00s Real=0.00s
[13323.318s][info][gc,start       ] GC(33667) Pause Young (Allocation Failure)
[13323.320s][info][gc,heap        ] GC(33667) PSYoungGen: 202496K(202752K)->256K(195584K) Eden: 202240K(202240K)->0K(195072K) From: 256K(512K)->256K(512K)
[13323.320s][info][gc,heap        ] GC(33667) ParOldGen: 322533K(322560K)->322549K(322560K)
[13323.320s][info][gc,metaspace   ] GC(33667) Metaspace: 8795K(9024K)->8795K(9024K) NonClass: 8142K(8320K)->8142K(8320K) Class: 652K(704K)->652K(704K)
[13323.320s][info][gc             ] GC(33667) Pause Young (Allocation Failure) 512M->315M(506M) 1.202ms
[13323.320s][info][gc,cpu         ] GC(33667) User=0.01s Sys=0.00s Real=0.00s
[13323.970s][info][gc,start       ] GC(33668) Pause Young (Allocation Failure)
[13323.971s][info][gc,heap        ] GC(33668) PSYoungGen: 195328K(195584K)->256K(188416K) Eden: 195072K(195072K)->0K(187904K) From: 256K(512K)->256K(512K)
[13323.971s][info][gc,heap        ] GC(33668) ParOldGen: 322549K(322560K)->322565K(323072K)
[13323.971s][info][gc,metaspace   ] GC(33668) Metaspace: 8795K(9024K)->8795K(9024K) NonClass: 8142K(8320K)->8142K(8320K) Class: 652K(704K)->652K(704K)
[13323.971s][info][gc             ] GC(33668) Pause Young (Allocation Failure) 505M->315M(499M) 1.181ms
[13323.971s][info][gc,cpu         ] GC(33668) User=0.01s Sys=0.00s Real=0.01s
[13324.589s][info][gc,start       ] GC(33669) Pause Young (Allocation Failure)
[13324.590s][info][gc,heap        ] GC(33669) PSYoungGen: 188160K(188416K)->240K(181760K) Eden: 187904K(187904K)->0K(181248K) From: 256K(512K)->240K(512K)
[13324.590s][info][gc,heap        ] GC(33669) ParOldGen: 322565K(323072K)->322581K(323072K)
[13324.590s][info][gc,metaspace   ] GC(33669) Metaspace: 8795K(9024K)->8795K(9024K) NonClass: 8142K(8320K)->8142K(8320K) Class: 652K(704K)->652K(704K)
[13324.590s][info][gc             ] GC(33669) Pause Young (Allocation Failure) 498M->315M(493M) 1.262ms
[13324.590s][info][gc,cpu         ] GC(33669) User=0.00s Sys=0.00s Real=0.01s
[13325.225s][info][gc,start       ] GC(33670) Pause Young (Allocation Failure)
[13325.227s][info][gc,heap        ] GC(33670) PSYoungGen: 181488K(181760K)->224K(175104K) Eden: 181248K(181248K)->0K(174592K) From: 240K(512K)->224K(512K)
[13325.227s][info][gc,heap        ] GC(33670) ParOldGen: 322581K(323072K)->322597K(323072K)
[13325.227s][info][gc,metaspace   ] GC(33670) Metaspace: 8795K(9024K)->8795K(9024K) NonClass: 8142K(8320K)->8142K(8320K) Class: 652K(704K)->652K(704K)
[13325.227s][info][gc             ] GC(33670) Pause Young (Allocation Failure) 492M->315M(486M) 2.161ms
[13325.227s][info][gc,cpu         ] GC(33670) User=0.00s Sys=0.00s Real=0.00s
[13325.778s][info][gc,start       ] GC(33671) Pause Young (Allocation Failure)
[13325.780s][info][gc,heap        ] GC(33671) PSYoungGen: 174816K(175104K)->256K(168960K) Eden: 174592K(174592K)->0K(168448K) From: 224K(512K)->256K(512K)
[13325.780s][info][gc,heap        ] GC(33671) ParOldGen: 322597K(323072K)->322605K(323072K)
[13325.780s][info][gc,metaspace   ] GC(33671) Metaspace: 8795K(9024K)->8795K(9024K) NonClass: 8142K(8320K)->8142K(8320K) Class: 652K(704K)->652K(704K)
[13325.780s][info][gc             ] GC(33671) Pause Young (Allocation Failure) 485M->315M(480M) 2.122ms
[13325.780s][info][gc,cpu         ] GC(33671) User=0.00s Sys=0.00s Real=0.00s
[13326.377s][info][gc,start       ] GC(33672) Pause Young (Allocation Failure)
[13326.379s][info][gc,heap        ] GC(33672) PSYoungGen: 168704K(168960K)->208K(163328K) Eden: 168448K(168448K)->0K(162816K) From: 256K(512K)->208K(512K)
[13326.379s][info][gc,heap        ] GC(33672) ParOldGen: 322605K(323072K)->322621K(323072K)
[13326.379s][info][gc,metaspace   ] GC(33672) Metaspace: 8795K(9024K)->8795K(9024K) NonClass: 8142K(8320K)->8142K(8320K) Class: 652K(704K)->652K(704K)
[13326.379s][info][gc             ] GC(33672) Pause Young (Allocation Failure) 479M->315M(475M) 2.200ms
[13326.379s][info][gc,cpu         ] GC(33672) User=0.00s Sys=0.00s Real=0.00s
[13326.900s][info][gc,start       ] GC(33673) Pause Young (Allocation Failure)
[13326.901s][info][gc,heap        ] GC(33673) PSYoungGen: 163024K(163328K)->240K(157696K) Eden: 162816K(162816K)->0K(157184K) From: 208K(512K)->240K(512K)
[13326.901s][info][gc,heap        ] GC(33673) ParOldGen: 322621K(323072K)->322637K(323072K)
[13326.901s][info][gc,metaspace   ] GC(33673) Metaspace: 8795K(9024K)->8795K(9024K) NonClass: 8142K(8320K)->8142K(8320K) Class: 652K(704K)->652K(704K)
[13326.901s][info][gc             ] GC(33673) Pause Young (Allocation Failure) 474M->315M(469M) 1.193ms
[13326.901s][info][gc,cpu         ] GC(33673) User=0.00s Sys=0.00s Real=0.00s
[13327.437s][info][gc,start       ] GC(33674) Pause Young (Allocation Failure)
[13327.438s][info][gc,heap        ] GC(33674) PSYoungGen: 157424K(157696K)->240K(152576K) Eden: 157184K(157184K)->0K(152064K) From: 240K(512K)->240K(512K)
[13327.438s][info][gc,heap        ] GC(33674) ParOldGen: 322637K(323072K)->322653K(323072K)
[13327.438s][info][gc,metaspace   ] GC(33674) Metaspace: 8795K(9024K)->8795K(9024K) NonClass: 8142K(8320K)->8142K(8320K) Class: 652K(704K)->652K(704K)
[13327.438s][info][gc             ] GC(33674) Pause Young (Allocation Failure) 468M->315M(464M) 1.414ms
[13327.438s][info][gc,cpu         ] GC(33674) User=0.00s Sys=0.00s Real=0.00s
[13327.910s][info][gc,start       ] GC(33675) Pause Young (Allocation Failure)
[13327.911s][info][gc,heap        ] GC(33675) PSYoungGen: 152304K(152576K)->240K(147456K) Eden: 152064K(152064K)->0K(146944K) From: 240K(512K)->240K(512K)
[13327.911s][info][gc,heap        ] GC(33675) ParOldGen: 322653K(323072K)->322669K(323072K)
[13327.911s][info][gc,metaspace   ] GC(33675) Metaspace: 8795K(9024K)->8795K(9024K) NonClass: 8142K(8320K)->8142K(8320K) Class: 652K(704K)->652K(704K)
[13327.911s][info][gc             ] GC(33675) Pause Young (Allocation Failure) 463M->315M(459M) 1.125ms
[13327.911s][info][gc,cpu         ] GC(33675) User=0.00s Sys=0.00s Real=0.01s
[13328.376s][info][gc,start       ] GC(33676) Pause Young (Allocation Failure)
[13328.377s][info][gc,heap        ] GC(33676) PSYoungGen: 147184K(147456K)->240K(142848K) Eden: 146944K(146944K)->0K(142336K) From: 240K(512K)->240K(512K)
[13328.377s][info][gc,heap        ] GC(33676) ParOldGen: 322669K(323072K)->322685K(323072K)
[13328.377s][info][gc,metaspace   ] GC(33676) Metaspace: 8795K(9024K)->8795K(9024K) NonClass: 8142K(8320K)->8142K(8320K) Class: 652K(704K)->652K(704K)
[13328.377s][info][gc             ] GC(33676) Pause Young (Allocation Failure) 458M->315M(455M) 1.090ms
[13328.377s][info][gc,cpu         ] GC(33676) User=0.01s Sys=0.00s Real=0.00s
[13328.781s][info][gc,start       ] GC(33677) Pause Young (Allocation Failure)
[13328.782s][info][gc,heap        ] GC(33677) PSYoungGen: 142576K(142848K)->256K(138240K) Eden: 142336K(142336K)->0K(137728K) From: 240K(512K)->256K(512K)
[13328.782s][info][gc,heap        ] GC(33677) ParOldGen: 322685K(323072K)->322701K(323072K)
[13328.782s][info][gc,metaspace   ] GC(33677) Metaspace: 8795K(9024K)->8795K(9024K) NonClass: 8142K(8320K)->8142K(8320K) Class: 652K(704K)->652K(704K)
[13328.782s][info][gc             ] GC(33677) Pause Young (Allocation Failure) 454M->315M(450M) 1.095ms
[13328.782s][info][gc,cpu         ] GC(33677) User=0.00s Sys=0.00s Real=0.00s
[13329.170s][info][gc,start       ] GC(33678) Pause Young (Allocation Failure)
[13329.171s][info][gc,heap        ] GC(33678) PSYoungGen: 137984K(138240K)->224K(133632K) Eden: 137728K(137728K)->0K(133120K) From: 256K(512K)->224K(512K)
[13329.171s][info][gc,heap        ] GC(33678) ParOldGen: 322701K(323072K)->322717K(323072K)
[13329.171s][info][gc,metaspace   ] GC(33678) Metaspace: 8795K(9024K)->8795K(9024K) NonClass: 8142K(8320K)->8142K(8320K) Class: 652K(704K)->652K(704K)
[13329.171s][info][gc             ] GC(33678) Pause Young (Allocation Failure) 449M->315M(446M) 1.051ms
[13329.171s][info][gc,cpu         ] GC(33678) User=0.00s Sys=0.00s Real=0.01s
[13329.578s][info][gc,start       ] GC(33679) Pause Young (Allocation Failure)
[13329.579s][info][gc,heap        ] GC(33679) PSYoungGen: 133344K(133632K)->240K(129536K) Eden: 133120K(133120K)->0K(129024K) From: 224K(512K)->240K(512K)
[13329.579s][info][gc,heap        ] GC(33679) ParOldGen: 322717K(323072K)->322733K(323072K)
[13329.579s][info][gc,metaspace   ] GC(33679) Metaspace: 8795K(9024K)->8795K(9024K) NonClass: 8142K(8320K)->8142K(8320K) Class: 652K(704K)->652K(704K)
[13329.579s][info][gc             ] GC(33679) Pause Young (Allocation Failure) 445M->315M(442M) 1.082ms
[13329.579s][info][gc,cpu         ] GC(33679) User=0.00s Sys=0.00s Real=0.00s
[13329.991s][info][gc,start       ] GC(33680) Pause Young (Allocation Failure)
[13329.992s][info][gc,heap        ] GC(33680) PSYoungGen: 129264K(129536K)->240K(125440K) Eden: 129024K(129024K)->0K(124928K) From: 240K(512K)->240K(512K)
[13329.992s][info][gc,heap        ] GC(33680) ParOldGen: 322733K(323072K)->322749K(323072K)
[13329.992s][info][gc,metaspace   ] GC(33680) Metaspace: 8795K(9024K)->8795K(9024K) NonClass: 8142K(8320K)->8142K(8320K) Class: 652K(704K)->652K(704K)
[13329.992s][info][gc             ] GC(33680) Pause Young (Allocation Failure) 441M->315M(438M) 1.190ms
[13329.993s][info][gc,cpu         ] GC(33680) User=0.00s Sys=0.00s Real=0.00s
[13330.380s][info][gc,start       ] GC(33681) Pause Young (Allocation Failure)
[13330.382s][info][gc,heap        ] GC(33681) PSYoungGen: 125168K(125440K)->240K(121344K) Eden: 124928K(124928K)->0K(120832K) From: 240K(512K)->240K(512K)
[13330.382s][info][gc,heap        ] GC(33681) ParOldGen: 322749K(323072K)->322765K(323072K)
[13330.382s][info][gc,metaspace   ] GC(33681) Metaspace: 8795K(9024K)->8795K(9024K) NonClass: 8142K(8320K)->8142K(8320K) Class: 652K(704K)->652K(704K)
[13330.382s][info][gc             ] GC(33681) Pause Young (Allocation Failure) 437M->315M(434M) 2.125ms
[13330.382s][info][gc,cpu         ] GC(33681) User=0.00s Sys=0.00s Real=0.01s
[13330.773s][info][gc,start       ] GC(33682) Pause Young (Allocation Failure)
[13330.775s][info][gc,heap        ] GC(33682) PSYoungGen: 121072K(121344K)->256K(117760K) Eden: 120832K(120832K)->0K(117248K) From: 240K(512K)->256K(512K)
[13330.775s][info][gc,heap        ] GC(33682) ParOldGen: 322765K(323072K)->322781K(323072K)
[13330.775s][info][gc,metaspace   ] GC(33682) Metaspace: 8795K(9024K)->8795K(9024K) NonClass: 8142K(8320K)->8142K(8320K) Class: 652K(704K)->652K(704K)
[13330.775s][info][gc             ] GC(33682) Pause Young (Allocation Failure) 433M->315M(430M) 2.258ms
[13330.775s][info][gc,cpu         ] GC(33682) User=0.00s Sys=0.00s Real=0.00s
[13331.136s][info][gc,start       ] GC(33683) Pause Young (Allocation Failure)
[13331.140s][info][gc,heap        ] GC(33683) PSYoungGen: 117504K(117760K)->240K(114176K) Eden: 117248K(117248K)->0K(113664K) From: 256K(512K)->240K(512K)
[13331.140s][info][gc,heap        ] GC(33683) ParOldGen: 322781K(323072K)->322789K(323072K)
[13331.140s][info][gc,metaspace   ] GC(33683) Metaspace: 8795K(9024K)->8795K(9024K) NonClass: 8142K(8320K)->8142K(8320K) Class: 652K(704K)->652K(704K)
[13331.140s][info][gc             ] GC(33683) Pause Young (Allocation Failure) 429M->315M(427M) 3.547ms
[13331.140s][info][gc,cpu         ] GC(33683) User=0.00s Sys=0.00s Real=0.00s
[13331.519s][info][gc,start       ] GC(33684) Pause Young (Allocation Failure)
[13331.523s][info][gc,heap        ] GC(33684) PSYoungGen: 113904K(114176K)->272K(110592K) Eden: 113664K(113664K)->0K(110080K) From: 240K(512K)->272K(512K)
[13331.523s][info][gc,heap        ] GC(33684) ParOldGen: 322789K(323072K)->322797K(323072K)
[13331.523s][info][gc,metaspace   ] GC(33684) Metaspace: 8795K(9024K)->8795K(9024K) NonClass: 8142K(8320K)->8142K(8320K) Class: 652K(704K)->652K(704K)
[13331.523s][info][gc             ] GC(33684) Pause Young (Allocation Failure) 426M->315M(423M) 3.408ms
[13331.523s][info][gc,cpu         ] GC(33684) User=0.00s Sys=0.00s Real=0.01s
[13331.875s][info][gc,start       ] GC(33685) Pause Young (Allocation Failure)
[13331.876s][info][gc,heap        ] GC(33685) PSYoungGen: 110352K(110592K)->256K(107520K) Eden: 110080K(110080K)->0K(107008K) From: 272K(512K)->256K(512K)
[13331.876s][info][gc,heap        ] GC(33685) ParOldGen: 322797K(323072K)->322813K(323072K)
[13331.876s][info][gc,metaspace   ] GC(33685) Metaspace: 8795K(9024K)->8795K(9024K) NonClass: 8142K(8320K)->8142K(8320K) Class: 652K(704K)->652K(704K)
[13331.876s][info][gc             ] GC(33685) Pause Young (Allocation Failure) 422M->315M(420M) 1.291ms
[13331.876s][info][gc,cpu         ] GC(33685) User=0.01s Sys=0.00s Real=0.00s
[13332.210s][info][gc,start       ] GC(33686) Pause Young (Allocation Failure)
[13332.211s][info][gc,heap        ] GC(33686) PSYoungGen: 107264K(107520K)->224K(104448K) Eden: 107008K(107008K)->0K(103936K) From: 256K(512K)->224K(512K)
[13332.211s][info][gc,heap        ] GC(33686) ParOldGen: 322813K(323072K)->322829K(323072K)
[13332.211s][info][gc,metaspace   ] GC(33686) Metaspace: 8795K(9024K)->8795K(9024K) NonClass: 8142K(8320K)->8142K(8320K) Class: 652K(704K)->652K(704K)
[13332.211s][info][gc             ] GC(33686) Pause Young (Allocation Failure) 419M->315M(417M) 1.215ms
[13332.211s][info][gc,cpu         ] GC(33686) User=0.01s Sys=0.00s Real=0.01s
[13332.553s][info][gc,start       ] GC(33687) Pause Young (Allocation Failure)
[13332.554s][info][gc,heap        ] GC(33687) PSYoungGen: 104160K(104448K)->240K(101376K) Eden: 103936K(103936K)->0K(100864K) From: 224K(512K)->240K(512K)
[13332.554s][info][gc,heap        ] GC(33687) ParOldGen: 322829K(323072K)->322845K(323072K)
[13332.554s][info][gc,metaspace   ] GC(33687) Metaspace: 8795K(9024K)->8795K(9024K) NonClass: 8142K(8320K)->8142K(8320K) Class: 652K(704K)->652K(704K)
[13332.554s][info][gc             ] GC(33687) Pause Young (Allocation Failure) 416M->315M(414M) 1.185ms
[13332.554s][info][gc,cpu         ] GC(33687) User=0.00s Sys=0.00s Real=0.00s
[13332.860s][info][gc,start       ] GC(33688) Pause Young (Allocation Failure)
[13332.861s][info][gc,heap        ] GC(33688) PSYoungGen: 101104K(101376K)->272K(98304K) Eden: 100864K(100864K)->0K(97792K) From: 240K(512K)->272K(512K)
[13332.861s][info][gc,heap        ] GC(33688) ParOldGen: 322845K(323072K)->322861K(323072K)
[13332.861s][info][gc,metaspace   ] GC(33688) Metaspace: 8795K(9024K)->8795K(9024K) NonClass: 8142K(8320K)->8142K(8320K) Class: 652K(704K)->652K(704K)
[13332.861s][info][gc             ] GC(33688) Pause Young (Allocation Failure) 414M->315M(411M) 1.129ms
[13332.861s][info][gc,cpu         ] GC(33688) User=0.01s Sys=0.00s Real=0.01s
[13333.144s][info][gc,start       ] GC(33689) Pause Young (Allocation Failure)
[13333.145s][info][gc,heap        ] GC(33689) PSYoungGen: 98064K(98304K)->256K(95744K) Eden: 97792K(97792K)->0K(95232K) From: 272K(512K)->256K(512K)
[13333.145s][info][gc,heap        ] GC(33689) ParOldGen: 322861K(323072K)->322877K(323072K)
[13333.145s][info][gc,metaspace   ] GC(33689) Metaspace: 8795K(9024K)->8795K(9024K) NonClass: 8142K(8320K)->8142K(8320K) Class: 652K(704K)->652K(704K)
[13333.145s][info][gc             ] GC(33689) Pause Young (Allocation Failure) 411M->315M(409M) 1.073ms
[13333.145s][info][gc,cpu         ] GC(33689) User=0.00s Sys=0.00s Real=0.00s
[13333.407s][info][gc,start       ] GC(33690) Pause Young (Allocation Failure)
[13333.408s][info][gc,heap        ] GC(33690) PSYoungGen: 95488K(95744K)->256K(93184K) Eden: 95232K(95232K)->0K(92672K) From: 256K(512K)->256K(512K)
[13333.408s][info][gc,heap        ] GC(33690) ParOldGen: 322877K(323072K)->322893K(323072K)
[13333.408s][info][gc,metaspace   ] GC(33690) Metaspace: 8795K(9024K)->8795K(9024K) NonClass: 8142K(8320K)->8142K(8320K) Class: 652K(704K)->652K(704K)
[13333.408s][info][gc             ] GC(33690) Pause Young (Allocation Failure) 408M->315M(406M) 1.042ms
[13333.408s][info][gc,cpu         ] GC(33690) User=0.00s Sys=0.00s Real=0.00s
[13333.678s][info][gc,start       ] GC(33691) Pause Young (Allocation Failure)
[13333.680s][info][gc,heap        ] GC(33691) PSYoungGen: 92928K(93184K)->256K(90624K) Eden: 92672K(92672K)->0K(90112K) From: 256K(512K)->256K(512K)
[13333.680s][info][gc,heap        ] GC(33691) ParOldGen: 322893K(323072K)->322901K(323072K)
[13333.680s][info][gc,metaspace   ] GC(33691) Metaspace: 8795K(9024K)->8795K(9024K) NonClass: 8142K(8320K)->8142K(8320K) Class: 652K(704K)->652K(704K)
[13333.680s][info][gc             ] GC(33691) Pause Young (Allocation Failure) 406M->315M(404M) 2.120ms
[13333.680s][info][gc,cpu         ] GC(33691) User=0.00s Sys=0.00s Real=0.00s
[13333.948s][info][gc,start       ] GC(33692) Pause Young (Allocation Failure)
[13333.950s][info][gc,heap        ] GC(33692) PSYoungGen: 90368K(90624K)->272K(88064K) Eden: 90112K(90112K)->0K(87552K) From: 256K(512K)->272K(512K)
[13333.950s][info][gc,heap        ] GC(33692) ParOldGen: 322901K(323072K)->322917K(323072K)
[13333.950s][info][gc,metaspace   ] GC(33692) Metaspace: 8795K(9024K)->8795K(9024K) NonClass: 8142K(8320K)->8142K(8320K) Class: 652K(704K)->652K(704K)
[13333.950s][info][gc             ] GC(33692) Pause Young (Allocation Failure) 403M->315M(401M) 1.653ms
[13333.950s][info][gc,cpu         ] GC(33692) User=0.00s Sys=0.00s Real=0.00s
[13334.239s][info][gc,start       ] GC(33693) Pause Young (Allocation Failure)
[13334.240s][info][gc,heap        ] GC(33693) PSYoungGen: 87824K(88064K)->240K(202752K) Eden: 87552K(87552K)->0K(202240K) From: 272K(512K)->240K(512K)
[13334.240s][info][gc,heap        ] GC(33693) ParOldGen: 322917K(323072K)->322933K(323072K)
[13334.240s][info][gc,metaspace   ] GC(33693) Metaspace: 8795K(9024K)->8795K(9024K) NonClass: 8142K(8320K)->8142K(8320K) Class: 652K(704K)->652K(704K)
[13334.240s][info][gc             ] GC(33693) Pause Young (Allocation Failure) 401M->315M(513M) 1.162ms
[13334.240s][info][gc,cpu         ] GC(33693) User=0.00s Sys=0.00s Real=0.00s
[13334.861s][info][gc,start       ] GC(33694) Pause Young (Allocation Failure)
[13334.864s][info][gc,heap        ] GC(33694) PSYoungGen: 202480K(202752K)->256K(195584K) Eden: 202240K(202240K)->0K(195072K) From: 240K(512K)->256K(512K)
[13334.864s][info][gc,heap        ] GC(33694) ParOldGen: 322933K(323072K)->322949K(323072K)
[13334.864s][info][gc,metaspace   ] GC(33694) Metaspace: 8795K(9024K)->8795K(9024K) NonClass: 8142K(8320K)->8142K(8320K) Class: 652K(704K)->652K(704K)
[13334.864s][info][gc             ] GC(33694) Pause Young (Allocation Failure) 513M->315M(506M) 2.355ms
[13334.864s][info][gc,cpu         ] GC(33694) User=0.00s Sys=0.00s Real=0.00s
[13335.469s][info][gc,start       ] GC(33695) Pause Young (Allocation Failure)
[13335.470s][info][gc,heap        ] GC(33695) PSYoungGen: 195328K(195584K)->240K(188416K) Eden: 195072K(195072K)->0K(187904K) From: 256K(512K)->240K(512K)
[13335.470s][info][gc,heap        ] GC(33695) ParOldGen: 322949K(323072K)->322965K(323072K)
[13335.470s][info][gc,metaspace   ] GC(33695) Metaspace: 8795K(9024K)->8795K(9024K) NonClass: 8142K(8320K)->8142K(8320K) Class: 652K(704K)->652K(704K)
[13335.470s][info][gc             ] GC(33695) Pause Young (Allocation Failure) 506M->315M(499M) 1.196ms
[13335.470s][info][gc,cpu         ] GC(33695) User=0.00s Sys=0.00s Real=0.00s
[13336.059s][info][gc,start       ] GC(33696) Pause Young (Allocation Failure)
[13336.060s][info][gc,heap        ] GC(33696) PSYoungGen: 188144K(188416K)->256K(181760K) Eden: 187904K(187904K)->0K(181248K) From: 240K(512K)->256K(512K)
[13336.060s][info][gc,heap        ] GC(33696) ParOldGen: 322965K(323072K)->322981K(323072K)
[13336.060s][info][gc,metaspace   ] GC(33696) Metaspace: 8795K(9024K)->8795K(9024K) NonClass: 8142K(8320K)->8142K(8320K) Class: 652K(704K)->652K(704K)
[13336.060s][info][gc             ] GC(33696) Pause Young (Allocation Failure) 499M->315M(493M) 1.214ms
[13336.060s][info][gc,cpu         ] GC(33696) User=0.00s Sys=0.00s Real=0.01s
[13336.609s][info][gc,start       ] GC(33697) Pause Young (Allocation Failure)
[13336.611s][info][gc,heap        ] GC(33697) PSYoungGen: 181504K(181760K)->240K(175104K) Eden: 181248K(181248K)->0K(174592K) From: 256K(512K)->240K(512K)
[13336.611s][info][gc,heap        ] GC(33697) ParOldGen: 322981K(323072K)->322997K(323072K)
[13336.611s][info][gc,metaspace   ] GC(33697) Metaspace: 8795K(9024K)->8795K(9024K) NonClass: 8142K(8320K)->8142K(8320K) Class: 652K(704K)->652K(704K)
[13336.611s][info][gc             ] GC(33697) Pause Young (Allocation Failure) 492M->315M(486M) 1.160ms
[13336.611s][info][gc,cpu         ] GC(33697) User=0.00s Sys=0.00s Real=0.01s
[13337.133s][info][gc,start       ] GC(33698) Pause Young (Allocation Failure)
[13337.134s][info][gc,heap        ] GC(33698) PSYoungGen: 174832K(175104K)->240K(168960K) Eden: 174592K(174592K)->0K(168448K) From: 240K(512K)->240K(512K)
[13337.134s][info][gc,heap        ] GC(33698) ParOldGen: 322997K(323072K)->323013K(323072K)
[13337.134s][info][gc,metaspace   ] GC(33698) Metaspace: 8795K(9024K)->8795K(9024K) NonClass: 8142K(8320K)->8142K(8320K) Class: 652K(704K)->652K(704K)
[13337.134s][info][gc             ] GC(33698) Pause Young (Allocation Failure) 486M->315M(480M) 1.097ms
[13337.134s][info][gc,cpu         ] GC(33698) User=0.00s Sys=0.00s Real=0.00s
[13337.632s][info][gc,start       ] GC(33699) Pause Young (Allocation Failure)
[13337.633s][info][gc,heap        ] GC(33699) PSYoungGen: 168688K(168960K)->256K(163328K) Eden: 168448K(168448K)->0K(162816K) From: 240K(512K)->256K(512K)
[13337.633s][info][gc,heap        ] GC(33699) ParOldGen: 323013K(323072K)->323029K(323072K)
[13337.633s][info][gc,metaspace   ] GC(33699) Metaspace: 8795K(9024K)->8795K(9024K) NonClass: 8142K(8320K)->8142K(8320K) Class: 652K(704K)->652K(704K)
[13337.633s][info][gc             ] GC(33699) Pause Young (Allocation Failure) 480M->315M(475M) 1.085ms
[13337.633s][info][gc,cpu         ] GC(33699) User=0.00s Sys=0.00s Real=0.00s
[13338.094s][info][gc,start       ] GC(33700) Pause Young (Allocation Failure)
[13338.095s][info][gc,heap        ] GC(33700) PSYoungGen: 163072K(163328K)->240K(157696K) Eden: 162816K(162816K)->0K(157184K) From: 256K(512K)->240K(512K)
[13338.095s][info][gc,heap        ] GC(33700) ParOldGen: 323029K(323072K)->323045K(323072K)
[13338.095s][info][gc,metaspace   ] GC(33700) Metaspace: 8795K(9024K)->8795K(9024K) NonClass: 8142K(8320K)->8142K(8320K) Class: 652K(704K)->652K(704K)
[13338.095s][info][gc             ] GC(33700) Pause Young (Allocation Failure) 474M->315M(469M) 1.124ms
[13338.095s][info][gc,cpu         ] GC(33700) User=0.00s Sys=0.00s Real=0.00s
[13338.554s][info][gc,start       ] GC(33701) Pause Young (Allocation Failure)
[13338.555s][info][gc,heap        ] GC(33701) PSYoungGen: 157424K(157696K)->240K(152576K) Eden: 157184K(157184K)->0K(152064K) From: 240K(512K)->240K(512K)
[13338.555s][info][gc,heap        ] GC(33701) ParOldGen: 323045K(323072K)->323061K(323072K)
[13338.555s][info][gc,metaspace   ] GC(33701) Metaspace: 8795K(9024K)->8795K(9024K) NonClass: 8142K(8320K)->8142K(8320K) Class: 652K(704K)->652K(704K)
[13338.555s][info][gc             ] GC(33701) Pause Young (Allocation Failure) 469M->315M(464M) 1.170ms
[13338.555s][info][gc,cpu         ] GC(33701) User=0.00s Sys=0.00s Real=0.00s
[13338.986s][info][gc,start       ] GC(33702) Pause Young (Allocation Failure)
[13338.987s][info][gc,heap        ] GC(33702) PSYoungGen: 152304K(152576K)->240K(147456K) Eden: 152064K(152064K)->0K(146944K) From: 240K(512K)->240K(512K)
[13338.987s][info][gc,heap        ] GC(33702) ParOldGen: 323061K(323072K)->323077K(323584K)
[13338.987s][info][gc,metaspace   ] GC(33702) Metaspace: 8795K(9024K)->8795K(9024K) NonClass: 8142K(8320K)->8142K(8320K) Class: 652K(704K)->652K(704K)
[13338.987s][info][gc             ] GC(33702) Pause Young (Allocation Failure) 464M->315M(460M) 1.098ms
[13338.987s][info][gc,cpu         ] GC(33702) User=0.01s Sys=0.00s Real=0.00s
[13339.456s][info][gc,start       ] GC(33703) Pause Young (Allocation Failure)
[13339.457s][info][gc,heap        ] GC(33703) PSYoungGen: 147184K(147456K)->256K(142848K) Eden: 146944K(146944K)->0K(142336K) From: 240K(512K)->256K(512K)
[13339.457s][info][gc,heap        ] GC(33703) ParOldGen: 323077K(323584K)->323093K(323584K)
[13339.457s][info][gc,metaspace   ] GC(33703) Metaspace: 8795K(9024K)->8795K(9024K) NonClass: 8142K(8320K)->8142K(8320K) Class: 652K(704K)->652K(704K)
[13339.457s][info][gc             ] GC(33703) Pause Young (Allocation Failure) 459M->315M(455M) 1.146ms
[13339.457s][info][gc,cpu         ] GC(33703) User=0.00s Sys=0.00s Real=0.00s
[13339.880s][info][gc,start       ] GC(33704) Pause Young (Allocation Failure)
[13339.881s][info][gc,heap        ] GC(33704) PSYoungGen: 142592K(142848K)->256K(138240K) Eden: 142336K(142336K)->0K(137728K) From: 256K(512K)->256K(512K)
[13339.881s][info][gc,heap        ] GC(33704) ParOldGen: 323093K(323584K)->323109K(323584K)
[13339.881s][info][gc,metaspace   ] GC(33704) Metaspace: 8795K(9024K)->8795K(9024K) NonClass: 8142K(8320K)->8142K(8320K) Class: 652K(704K)->652K(704K)
[13339.881s][info][gc             ] GC(33704) Pause Young (Allocation Failure) 454M->315M(451M) 1.084ms
[13339.881s][info][gc,cpu         ] GC(33704) User=0.00s Sys=0.00s Real=0.01s
[13340.291s][info][gc,start       ] GC(33705) Pause Young (Allocation Failure)
[13340.292s][info][gc,heap        ] GC(33705) PSYoungGen: 137984K(138240K)->256K(133632K) Eden: 137728K(137728K)->0K(133120K) From: 256K(512K)->256K(512K)
[13340.292s][info][gc,heap        ] GC(33705) ParOldGen: 323109K(323584K)->323125K(323584K)
[13340.292s][info][gc,metaspace   ] GC(33705) Metaspace: 8795K(9024K)->8795K(9024K) NonClass: 8142K(8320K)->8142K(8320K) Class: 652K(704K)->652K(704K)
[13340.292s][info][gc             ] GC(33705) Pause Young (Allocation Failure) 450M->315M(446M) 1.108ms
[13340.292s][info][gc,cpu         ] GC(33705) User=0.00s Sys=0.00s Real=0.00s
[13340.672s][info][gc,start       ] GC(33706) Pause Young (Allocation Failure)
[13340.673s][info][gc,heap        ] GC(33706) PSYoungGen: 133376K(133632K)->240K(129536K) Eden: 133120K(133120K)->0K(129024K) From: 256K(512K)->240K(512K)
[13340.673s][info][gc,heap        ] GC(33706) ParOldGen: 323125K(323584K)->323141K(323584K)
[13340.673s][info][gc,metaspace   ] GC(33706) Metaspace: 8795K(9024K)->8795K(9024K) NonClass: 8142K(8320K)->8142K(8320K) Class: 652K(704K)->652K(704K)
[13340.673s][info][gc             ] GC(33706) Pause Young (Allocation Failure) 445M->315M(442M) 1.116ms
[13340.673s][info][gc,cpu         ] GC(33706) User=0.00s Sys=0.00s Real=0.00s
[13341.102s][info][gc,start       ] GC(33707) Pause Young (Allocation Failure)
[13341.103s][info][gc,heap        ] GC(33707) PSYoungGen: 129264K(129536K)->256K(125440K) Eden: 129024K(129024K)->0K(124928K) From: 240K(512K)->256K(512K)
[13341.103s][info][gc,heap        ] GC(33707) ParOldGen: 323141K(323584K)->323157K(323584K)
[13341.103s][info][gc,metaspace   ] GC(33707) Metaspace: 8795K(9024K)->8795K(9024K) NonClass: 8142K(8320K)->8142K(8320K) Class: 652K(704K)->652K(704K)
[13341.103s][info][gc             ] GC(33707) Pause Young (Allocation Failure) 441M->315M(438M) 1.135ms
[13341.103s][info][gc,cpu         ] GC(33707) User=0.00s Sys=0.00s Real=0.00s
[13341.466s][info][gc,start       ] GC(33708) Pause Young (Allocation Failure)
[13341.468s][info][gc,heap        ] GC(33708) PSYoungGen: 125184K(125440K)->256K(121344K) Eden: 124928K(124928K)->0K(120832K) From: 256K(512K)->256K(512K)
[13341.468s][info][gc,heap        ] GC(33708) ParOldGen: 323157K(323584K)->323165K(323584K)
[13341.468s][info][gc,metaspace   ] GC(33708) Metaspace: 8795K(9024K)->8795K(9024K) NonClass: 8142K(8320K)->8142K(8320K) Class: 652K(704K)->652K(704K)
[13341.468s][info][gc             ] GC(33708) Pause Young (Allocation Failure) 437M->315M(434M) 2.144ms
[13341.468s][info][gc,cpu         ] GC(33708) User=0.01s Sys=0.00s Real=0.00s
[13341.844s][info][gc,start       ] GC(33709) Pause Young (Allocation Failure)
[13341.847s][info][gc,heap        ] GC(33709) PSYoungGen: 121088K(121344K)->240K(117760K) Eden: 120832K(120832K)->0K(117248K) From: 256K(512K)->240K(512K)
[13341.847s][info][gc,heap        ] GC(33709) ParOldGen: 323165K(323584K)->323173K(323584K)
[13341.847s][info][gc,metaspace   ] GC(33709) Metaspace: 8795K(9024K)->8795K(9024K) NonClass: 8142K(8320K)->8142K(8320K) Class: 652K(704K)->652K(704K)
[13341.847s][info][gc             ] GC(33709) Pause Young (Allocation Failure) 433M->315M(431M) 2.744ms
[13341.847s][info][gc,cpu         ] GC(33709) User=0.00s Sys=0.00s Real=0.00s
[13342.199s][info][gc,start       ] GC(33710) Pause Young (Allocation Failure)
[13342.201s][info][gc,heap        ] GC(33710) PSYoungGen: 117488K(117760K)->272K(114176K) Eden: 117248K(117248K)->0K(113664K) From: 240K(512K)->272K(512K)
[13342.201s][info][gc,heap        ] GC(33710) ParOldGen: 323173K(323584K)->323181K(323584K)
[13342.201s][info][gc,metaspace   ] GC(33710) Metaspace: 8795K(9024K)->8795K(9024K) NonClass: 8142K(8320K)->8142K(8320K) Class: 652K(704K)->652K(704K)
[13342.201s][info][gc             ] GC(33710) Pause Young (Allocation Failure) 430M->315M(427M) 1.902ms
[13342.201s][info][gc,cpu         ] GC(33710) User=0.00s Sys=0.00s Real=0.01s
[13342.532s][info][gc,start       ] GC(33711) Pause Young (Allocation Failure)
[13342.534s][info][gc,heap        ] GC(33711) PSYoungGen: 113936K(114176K)->256K(110592K) Eden: 113664K(113664K)->0K(110080K) From: 272K(512K)->256K(512K)
[13342.534s][info][gc,heap        ] GC(33711) ParOldGen: 323181K(323584K)->323197K(323584K)
[13342.534s][info][gc,metaspace   ] GC(33711) Metaspace: 8795K(9024K)->8795K(9024K) NonClass: 8142K(8320K)->8142K(8320K) Class: 652K(704K)->652K(704K)
[13342.534s][info][gc             ] GC(33711) Pause Young (Allocation Failure) 426M->315M(424M) 2.168ms
[13342.534s][info][gc,cpu         ] GC(33711) User=0.00s Sys=0.00s Real=0.00s
[13342.852s][info][gc,start       ] GC(33712) Pause Young (Allocation Failure)
[13342.853s][info][gc,heap        ] GC(33712) PSYoungGen: 110336K(110592K)->144K(107520K) Eden: 110080K(110080K)->0K(107008K) From: 256K(512K)->144K(512K)
[13342.853s][info][gc,heap        ] GC(33712) ParOldGen: 323197K(323584K)->323205K(323584K)
[13342.853s][info][gc,metaspace   ] GC(33712) Metaspace: 8795K(9024K)->8795K(9024K) NonClass: 8142K(8320K)->8142K(8320K) Class: 652K(704K)->652K(704K)
[13342.853s][info][gc             ] GC(33712) Pause Young (Allocation Failure) 423M->315M(421M) 1.143ms
[13342.853s][info][gc,cpu         ] GC(33712) User=0.00s Sys=0.00s Real=0.00s
[13343.162s][info][gc,start       ] GC(33713) Pause Young (Allocation Failure)
[13343.163s][info][gc,heap        ] GC(33713) PSYoungGen: 107152K(107520K)->272K(104448K) Eden: 107008K(107008K)->0K(103936K) From: 144K(512K)->272K(512K)
[13343.163s][info][gc,heap        ] GC(33713) ParOldGen: 323205K(323584K)->323221K(323584K)
[13343.163s][info][gc,metaspace   ] GC(33713) Metaspace: 8795K(9024K)->8795K(9024K) NonClass: 8142K(8320K)->8142K(8320K) Class: 652K(704K)->652K(704K)
[13343.163s][info][gc             ] GC(33713) Pause Young (Allocation Failure) 420M->315M(418M) 1.091ms
[13343.163s][info][gc,cpu         ] GC(33713) User=0.01s Sys=0.00s Real=0.00s
[13343.501s][info][gc,start       ] GC(33714) Pause Young (Allocation Failure)
[13343.502s][info][gc,heap        ] GC(33714) PSYoungGen: 104208K(104448K)->256K(101376K) Eden: 103936K(103936K)->0K(100864K) From: 272K(512K)->256K(512K)
[13343.502s][info][gc,heap        ] GC(33714) ParOldGen: 323221K(323584K)->323237K(323584K)
[13343.502s][info][gc,metaspace   ] GC(33714) Metaspace: 8795K(9024K)->8795K(9024K) NonClass: 8142K(8320K)->8142K(8320K) Class: 652K(704K)->652K(704K)
[13343.502s][info][gc             ] GC(33714) Pause Young (Allocation Failure) 417M->315M(415M) 1.109ms
[13343.502s][info][gc,cpu         ] GC(33714) User=0.00s Sys=0.00s Real=0.00s
[13343.844s][info][gc,start       ] GC(33715) Pause Young (Allocation Failure)
[13343.845s][info][gc,heap        ] GC(33715) PSYoungGen: 101120K(101376K)->240K(98304K) Eden: 100864K(100864K)->0K(97792K) From: 256K(512K)->240K(512K)
[13343.845s][info][gc,heap        ] GC(33715) ParOldGen: 323237K(323584K)->323253K(323584K)
[13343.845s][info][gc,metaspace   ] GC(33715) Metaspace: 8795K(9024K)->8795K(9024K) NonClass: 8142K(8320K)->8142K(8320K) Class: 652K(704K)->652K(704K)
[13343.845s][info][gc             ] GC(33715) Pause Young (Allocation Failure) 414M->315M(412M) 1.261ms
[13343.845s][info][gc,cpu         ] GC(33715) User=0.00s Sys=0.00s Real=0.00s
[13344.158s][info][gc,start       ] GC(33716) Pause Young (Allocation Failure)
[13344.159s][info][gc,heap        ] GC(33716) PSYoungGen: 98032K(98304K)->224K(95744K) Eden: 97792K(97792K)->0K(95232K) From: 240K(512K)->224K(512K)
[13344.159s][info][gc,heap        ] GC(33716) ParOldGen: 323253K(323584K)->323269K(323584K)
[13344.159s][info][gc,metaspace   ] GC(33716) Metaspace: 8795K(9024K)->8795K(9024K) NonClass: 8142K(8320K)->8142K(8320K) Class: 652K(704K)->652K(704K)
[13344.159s][info][gc             ] GC(33716) Pause Young (Allocation Failure) 411M->315M(409M) 1.187ms
[13344.159s][info][gc,cpu         ] GC(33716) User=0.00s Sys=0.00s Real=0.00s
[13344.440s][info][gc,start       ] GC(33717) Pause Young (Allocation Failure)
[13344.442s][info][gc,heap        ] GC(33717) PSYoungGen: 95456K(95744K)->256K(93184K) Eden: 95232K(95232K)->0K(92672K) From: 224K(512K)->256K(512K)
[13344.442s][info][gc,heap        ] GC(33717) ParOldGen: 323269K(323584K)->323285K(323584K)
[13344.442s][info][gc,metaspace   ] GC(33717) Metaspace: 8795K(9024K)->8795K(9024K) NonClass: 8142K(8320K)->8142K(8320K) Class: 652K(704K)->652K(704K)
[13344.442s][info][gc             ] GC(33717) Pause Young (Allocation Failure) 408M->315M(407M) 1.229ms
[13344.442s][info][gc,cpu         ] GC(33717) User=0.01s Sys=0.00s Real=0.00s
[13344.727s][info][gc,start       ] GC(33718) Pause Young (Allocation Failure)
[13344.728s][info][gc,heap        ] GC(33718) PSYoungGen: 92928K(93184K)->256K(90624K) Eden: 92672K(92672K)->0K(90112K) From: 256K(512K)->256K(512K)
[13344.728s][info][gc,heap        ] GC(33718) ParOldGen: 323285K(323584K)->323301K(323584K)
[13344.728s][info][gc,metaspace   ] GC(33718) Metaspace: 8795K(9024K)->8795K(9024K) NonClass: 8142K(8320K)->8142K(8320K) Class: 652K(704K)->652K(704K)
[13344.728s][info][gc             ] GC(33718) Pause Young (Allocation Failure) 406M->315M(404M) 1.199ms
[13344.728s][info][gc,cpu         ] GC(33718) User=0.00s Sys=0.00s Real=0.00s
[13345.010s][info][gc,start       ] GC(33719) Pause Young (Allocation Failure)
[13345.011s][info][gc,heap        ] GC(33719) PSYoungGen: 90368K(90624K)->256K(88064K) Eden: 90112K(90112K)->0K(87552K) From: 256K(512K)->256K(512K)
[13345.011s][info][gc,heap        ] GC(33719) ParOldGen: 323301K(323584K)->323317K(323584K)
[13345.011s][info][gc,metaspace   ] GC(33719) Metaspace: 8795K(9024K)->8795K(9024K) NonClass: 8142K(8320K)->8142K(8320K) Class: 652K(704K)->652K(704K)
[13345.011s][info][gc             ] GC(33719) Pause Young (Allocation Failure) 403M->315M(402M) 1.182ms
[13345.011s][info][gc,cpu         ] GC(33719) User=0.00s Sys=0.00s Real=0.01s
[13345.309s][info][gc,start       ] GC(33720) Pause Young (Allocation Failure)
[13345.310s][info][gc,heap        ] GC(33720) PSYoungGen: 87808K(88064K)->240K(202752K) Eden: 87552K(87552K)->0K(202240K) From: 256K(512K)->240K(512K)
[13345.310s][info][gc,heap        ] GC(33720) ParOldGen: 323317K(323584K)->323333K(323584K)
[13345.310s][info][gc,metaspace   ] GC(33720) Metaspace: 8795K(9024K)->8795K(9024K) NonClass: 8142K(8320K)->8142K(8320K) Class: 652K(704K)->652K(704K)
[13345.310s][info][gc             ] GC(33720) Pause Young (Allocation Failure) 401M->315M(514M) 1.202ms
[13345.310s][info][gc,cpu         ] GC(33720) User=0.00s Sys=0.00s Real=0.00s
[13345.953s][info][gc,start       ] GC(33721) Pause Young (Allocation Failure)
[13345.954s][info][gc,heap        ] GC(33721) PSYoungGen: 202480K(202752K)->256K(195584K) Eden: 202240K(202240K)->0K(195072K) From: 240K(512K)->256K(512K)
[13345.954s][info][gc,heap        ] GC(33721) ParOldGen: 323333K(323584K)->323349K(323584K)
[13345.954s][info][gc,metaspace   ] GC(33721) Metaspace: 8795K(9024K)->8795K(9024K) NonClass: 8142K(8320K)->8142K(8320K) Class: 652K(704K)->652K(704K)
[13345.954s][info][gc             ] GC(33721) Pause Young (Allocation Failure) 513M->316M(507M) 1.219ms
[13345.954s][info][gc,cpu         ] GC(33721) User=0.00s Sys=0.00s Real=0.00s
[13346.609s][info][gc,start       ] GC(33722) Pause Young (Allocation Failure)
[13346.611s][info][gc,heap        ] GC(33722) PSYoungGen: 195328K(195584K)->272K(188416K) Eden: 195072K(195072K)->0K(187904K) From: 256K(512K)->272K(512K)
[13346.611s][info][gc,heap        ] GC(33722) ParOldGen: 323349K(323584K)->323365K(323584K)
[13346.611s][info][gc,metaspace   ] GC(33722) Metaspace: 8795K(9024K)->8795K(9024K) NonClass: 8142K(8320K)->8142K(8320K) Class: 652K(704K)->652K(704K)
[13346.611s][info][gc             ] GC(33722) Pause Young (Allocation Failure) 506M->316M(500M) 2.052ms
[13346.611s][info][gc,cpu         ] GC(33722) User=0.00s Sys=0.00s Real=0.01s
[13347.198s][info][gc,start       ] GC(33723) Pause Young (Allocation Failure)
[13347.200s][info][gc,heap        ] GC(33723) PSYoungGen: 188176K(188416K)->240K(181760K) Eden: 187904K(187904K)->0K(181248K) From: 272K(512K)->240K(512K)
[13347.200s][info][gc,heap        ] GC(33723) ParOldGen: 323365K(323584K)->323373K(323584K)
[13347.200s][info][gc,metaspace   ] GC(33723) Metaspace: 8795K(9024K)->8795K(9024K) NonClass: 8142K(8320K)->8142K(8320K) Class: 652K(704K)->652K(704K)
[13347.200s][info][gc             ] GC(33723) Pause Young (Allocation Failure) 499M->316M(493M) 2.054ms
[13347.200s][info][gc,cpu         ] GC(33723) User=0.00s Sys=0.00s Real=0.00s
[13347.767s][info][gc,start       ] GC(33724) Pause Young (Allocation Failure)
[13347.769s][info][gc,heap        ] GC(33724) PSYoungGen: 181488K(181760K)->256K(175104K) Eden: 181248K(181248K)->0K(174592K) From: 240K(512K)->256K(512K)
[13347.769s][info][gc,heap        ] GC(33724) ParOldGen: 323373K(323584K)->323389K(323584K)
[13347.769s][info][gc,metaspace   ] GC(33724) Metaspace: 8795K(9024K)->8795K(9024K) NonClass: 8142K(8320K)->8142K(8320K) Class: 652K(704K)->652K(704K)
[13347.769s][info][gc             ] GC(33724) Pause Young (Allocation Failure) 493M->316M(487M) 2.209ms
[13347.770s][info][gc,cpu         ] GC(33724) User=0.01s Sys=0.00s Real=0.00s
[13348.339s][info][gc,start       ] GC(33725) Pause Young (Allocation Failure)
[13348.341s][info][gc,heap        ] GC(33725) PSYoungGen: 174848K(175104K)->240K(168960K) Eden: 174592K(174592K)->0K(168448K) From: 256K(512K)->240K(512K)
[13348.341s][info][gc,heap        ] GC(33725) ParOldGen: 323389K(323584K)->323405K(323584K)
[13348.341s][info][gc,metaspace   ] GC(33725) Metaspace: 8795K(9024K)->8795K(9024K) NonClass: 8142K(8320K)->8142K(8320K) Class: 652K(704K)->652K(704K)
[13348.341s][info][gc             ] GC(33725) Pause Young (Allocation Failure) 486M->316M(481M) 2.051ms
[13348.341s][info][gc,cpu         ] GC(33725) User=0.00s Sys=0.00s Real=0.01s
[13348.876s][info][gc,start       ] GC(33726) Pause Young (Allocation Failure)
[13348.878s][info][gc,heap        ] GC(33726) PSYoungGen: 168688K(168960K)->240K(163328K) Eden: 168448K(168448K)->0K(162816K) From: 240K(512K)->240K(512K)
[13348.878s][info][gc,heap        ] GC(33726) ParOldGen: 323405K(323584K)->323413K(323584K)
[13348.878s][info][gc,metaspace   ] GC(33726) Metaspace: 8795K(9024K)->8795K(9024K) NonClass: 8142K(8320K)->8142K(8320K) Class: 652K(704K)->652K(704K)
[13348.878s][info][gc             ] GC(33726) Pause Young (Allocation Failure) 480M->316M(475M) 1.617ms
[13348.878s][info][gc,cpu         ] GC(33726) User=0.00s Sys=0.00s Real=0.00s
[13349.353s][info][gc,start       ] GC(33727) Pause Young (Allocation Failure)
[13349.354s][info][gc,heap        ] GC(33727) PSYoungGen: 163056K(163328K)->240K(157696K) Eden: 162816K(162816K)->0K(157184K) From: 240K(512K)->240K(512K)
[13349.354s][info][gc,heap        ] GC(33727) ParOldGen: 323413K(323584K)->323429K(323584K)
[13349.354s][info][gc,metaspace   ] GC(33727) Metaspace: 8795K(9024K)->8795K(9024K) NonClass: 8142K(8320K)->8142K(8320K) Class: 652K(704K)->652K(704K)
[13349.354s][info][gc             ] GC(33727) Pause Young (Allocation Failure) 475M->316M(470M) 1.178ms
[13349.354s][info][gc,cpu         ] GC(33727) User=0.00s Sys=0.00s Real=0.00s
[13349.851s][info][gc,start       ] GC(33728) Pause Young (Allocation Failure)
[13349.852s][info][gc,heap        ] GC(33728) PSYoungGen: 157424K(157696K)->240K(152576K) Eden: 157184K(157184K)->0K(152064K) From: 240K(512K)->240K(512K)
[13349.852s][info][gc,heap        ] GC(33728) ParOldGen: 323429K(323584K)->323445K(323584K)
[13349.852s][info][gc,metaspace   ] GC(33728) Metaspace: 8795K(9024K)->8795K(9024K) NonClass: 8142K(8320K)->8142K(8320K) Class: 652K(704K)->652K(704K)
[13349.852s][info][gc             ] GC(33728) Pause Young (Allocation Failure) 469M->316M(465M) 1.190ms
[13349.852s][info][gc,cpu         ] GC(33728) User=0.00s Sys=0.00s Real=0.00s
[13350.335s][info][gc,start       ] GC(33729) Pause Young (Allocation Failure)
[13350.336s][info][gc,heap        ] GC(33729) PSYoungGen: 152304K(152576K)->256K(147456K) Eden: 152064K(152064K)->0K(146944K) From: 240K(512K)->256K(512K)
[13350.336s][info][gc,heap        ] GC(33729) ParOldGen: 323445K(323584K)->323461K(323584K)
[13350.336s][info][gc,metaspace   ] GC(33729) Metaspace: 8795K(9024K)->8795K(9024K) NonClass: 8142K(8320K)->8142K(8320K) Class: 652K(704K)->652K(704K)
[13350.336s][info][gc             ] GC(33729) Pause Young (Allocation Failure) 464M->316M(460M) 1.189ms
[13350.336s][info][gc,cpu         ] GC(33729) User=0.00s Sys=0.00s Real=0.00s
[13350.823s][info][gc,start       ] GC(33730) Pause Young (Allocation Failure)
[13350.824s][info][gc,heap        ] GC(33730) PSYoungGen: 147200K(147456K)->240K(142848K) Eden: 146944K(146944K)->0K(142336K) From: 256K(512K)->240K(512K)
[13350.824s][info][gc,heap        ] GC(33730) ParOldGen: 323461K(323584K)->323477K(323584K)
[13350.824s][info][gc,metaspace   ] GC(33730) Metaspace: 8795K(9024K)->8795K(9024K) NonClass: 8142K(8320K)->8142K(8320K) Class: 652K(704K)->652K(704K)
[13350.824s][info][gc             ] GC(33730) Pause Young (Allocation Failure) 459M->316M(455M) 1.172ms
[13350.824s][info][gc,cpu         ] GC(33730) User=0.00s Sys=0.00s Real=0.00s
[13351.269s][info][gc,start       ] GC(33731) Pause Young (Allocation Failure)
[13351.270s][info][gc,heap        ] GC(33731) PSYoungGen: 142576K(142848K)->288K(138240K) Eden: 142336K(142336K)->0K(137728K) From: 240K(512K)->288K(512K)
[13351.270s][info][gc,heap        ] GC(33731) ParOldGen: 323477K(323584K)->323493K(323584K)
[13351.270s][info][gc,metaspace   ] GC(33731) Metaspace: 8795K(9024K)->8795K(9024K) NonClass: 8142K(8320K)->8142K(8320K) Class: 652K(704K)->652K(704K)
[13351.271s][info][gc             ] GC(33731) Pause Young (Allocation Failure) 455M->316M(451M) 1.174ms
[13351.271s][info][gc,cpu         ] GC(33731) User=0.00s Sys=0.00s Real=0.01s
[13351.715s][info][gc,start       ] GC(33732) Pause Young (Allocation Failure)
[13351.716s][info][gc,heap        ] GC(33732) PSYoungGen: 138016K(138240K)->256K(133632K) Eden: 137728K(137728K)->0K(133120K) From: 288K(512K)->256K(512K)
[13351.716s][info][gc,heap        ] GC(33732) ParOldGen: 323493K(323584K)->323509K(323584K)
[13351.716s][info][gc,metaspace   ] GC(33732) Metaspace: 8795K(9024K)->8795K(9024K) NonClass: 8142K(8320K)->8142K(8320K) Class: 652K(704K)->652K(704K)
[13351.716s][info][gc             ] GC(33732) Pause Young (Allocation Failure) 450M->316M(446M) 1.201ms
[13351.717s][info][gc,cpu         ] GC(33732) User=0.00s Sys=0.00s Real=0.00s
[13352.132s][info][gc,start       ] GC(33733) Pause Young (Allocation Failure)
[13352.134s][info][gc,heap        ] GC(33733) PSYoungGen: 133376K(133632K)->256K(129536K) Eden: 133120K(133120K)->0K(129024K) From: 256K(512K)->256K(512K)
[13352.134s][info][gc,heap        ] GC(33733) ParOldGen: 323509K(323584K)->323525K(323584K)
[13352.134s][info][gc,metaspace   ] GC(33733) Metaspace: 8795K(9024K)->8795K(9024K) NonClass: 8142K(8320K)->8142K(8320K) Class: 652K(704K)->652K(704K)
[13352.134s][info][gc             ] GC(33733) Pause Young (Allocation Failure) 446M->316M(442M) 2.119ms
[13352.134s][info][gc,cpu         ] GC(33733) User=0.01s Sys=0.00s Real=0.00s
[13352.538s][info][gc,start       ] GC(33734) Pause Young (Allocation Failure)
[13352.540s][info][gc,heap        ] GC(33734) PSYoungGen: 129280K(129536K)->240K(125440K) Eden: 129024K(129024K)->0K(124928K) From: 256K(512K)->240K(512K)
[13352.540s][info][gc,heap        ] GC(33734) ParOldGen: 323525K(323584K)->323541K(323584K)
[13352.540s][info][gc,metaspace   ] GC(33734) Metaspace: 8795K(9024K)->8795K(9024K) NonClass: 8142K(8320K)->8142K(8320K) Class: 652K(704K)->652K(704K)
[13352.540s][info][gc             ] GC(33734) Pause Young (Allocation Failure) 442M->316M(438M) 2.101ms
[13352.540s][info][gc,cpu         ] GC(33734) User=0.00s Sys=0.00s Real=0.00s
[13352.963s][info][gc,start       ] GC(33735) Pause Young (Allocation Failure)
[13352.965s][info][gc,heap        ] GC(33735) PSYoungGen: 125168K(125440K)->240K(121344K) Eden: 124928K(124928K)->0K(120832K) From: 240K(512K)->240K(512K)
[13352.965s][info][gc,heap        ] GC(33735) ParOldGen: 323541K(323584K)->323549K(323584K)
[13352.965s][info][gc,metaspace   ] GC(33735) Metaspace: 8795K(9024K)->8795K(9024K) NonClass: 8142K(8320K)->8142K(8320K) Class: 652K(704K)->652K(704K)
[13352.965s][info][gc             ] GC(33735) Pause Young (Allocation Failure) 438M->316M(434M) 2.074ms
[13352.965s][info][gc,cpu         ] GC(33735) User=0.00s Sys=0.00s Real=0.00s
[13353.357s][info][gc,start       ] GC(33736) Pause Young (Allocation Failure)
[13353.359s][info][gc,heap        ] GC(33736) PSYoungGen: 121072K(121344K)->224K(117760K) Eden: 120832K(120832K)->0K(117248K) From: 240K(512K)->224K(512K)
[13353.359s][info][gc,heap        ] GC(33736) ParOldGen: 323549K(323584K)->323557K(323584K)
[13353.359s][info][gc,metaspace   ] GC(33736) Metaspace: 8795K(9024K)->8795K(9024K) NonClass: 8142K(8320K)->8142K(8320K) Class: 652K(704K)->652K(704K)
[13353.359s][info][gc             ] GC(33736) Pause Young (Allocation Failure) 434M->316M(431M) 2.146ms
[13353.359s][info][gc,cpu         ] GC(33736) User=0.00s Sys=0.00s Real=0.00s
[13353.753s][info][gc,start       ] GC(33737) Pause Young (Allocation Failure)
[13353.756s][info][gc,heap        ] GC(33737) PSYoungGen: 117472K(117760K)->272K(114176K) Eden: 117248K(117248K)->0K(113664K) From: 224K(512K)->272K(512K)
[13353.756s][info][gc,heap        ] GC(33737) ParOldGen: 323557K(323584K)->323565K(323584K)
[13353.756s][info][gc,metaspace   ] GC(33737) Metaspace: 8795K(9024K)->8795K(9024K) NonClass: 8142K(8320K)->8142K(8320K) Class: 652K(704K)->652K(704K)
[13353.756s][info][gc             ] GC(33737) Pause Young (Allocation Failure) 430M->316M(427M) 2.893ms
[13353.756s][info][gc,cpu         ] GC(33737) User=0.00s Sys=0.00s Real=0.00s
[13354.122s][info][gc,start       ] GC(33738) Pause Young (Allocation Failure)
[13354.124s][info][gc,heap        ] GC(33738) PSYoungGen: 113936K(114176K)->224K(110592K) Eden: 113664K(113664K)->0K(110080K) From: 272K(512K)->224K(512K)
[13354.124s][info][gc,heap        ] GC(33738) ParOldGen: 323565K(323584K)->323573K(323584K)
[13354.124s][info][gc,metaspace   ] GC(33738) Metaspace: 8795K(9024K)->8795K(9024K) NonClass: 8142K(8320K)->8142K(8320K) Class: 652K(704K)->652K(704K)
[13354.124s][info][gc             ] GC(33738) Pause Young (Allocation Failure) 427M->316M(424M) 2.058ms
[13354.124s][info][gc,cpu         ] GC(33738) User=0.00s Sys=0.00s Real=0.00s
[13354.499s][info][gc,start       ] GC(33739) Pause Young (Allocation Failure)
[13354.501s][info][gc,heap        ] GC(33739) PSYoungGen: 110304K(110592K)->256K(107520K) Eden: 110080K(110080K)->0K(107008K) From: 224K(512K)->256K(512K)
[13354.501s][info][gc,heap        ] GC(33739) ParOldGen: 323573K(323584K)->323589K(324096K)
[13354.501s][info][gc,metaspace   ] GC(33739) Metaspace: 8795K(9024K)->8795K(9024K) NonClass: 8142K(8320K)->8142K(8320K) Class: 652K(704K)->652K(704K)
[13354.501s][info][gc             ] GC(33739) Pause Young (Allocation Failure) 423M->316M(421M) 1.676ms
[13354.501s][info][gc,cpu         ] GC(33739) User=0.00s Sys=0.00s Real=0.01s
[13354.840s][info][gc,start       ] GC(33740) Pause Young (Allocation Failure)
[13354.841s][info][gc,heap        ] GC(33740) PSYoungGen: 107264K(107520K)->240K(104448K) Eden: 107008K(107008K)->0K(103936K) From: 256K(512K)->240K(512K)
[13354.841s][info][gc,heap        ] GC(33740) ParOldGen: 323589K(324096K)->323605K(324096K)
[13354.841s][info][gc,metaspace   ] GC(33740) Metaspace: 8795K(9024K)->8795K(9024K) NonClass: 8142K(8320K)->8142K(8320K) Class: 652K(704K)->652K(704K)
[13354.841s][info][gc             ] GC(33740) Pause Young (Allocation Failure) 420M->316M(418M) 1.146ms
[13354.841s][info][gc,cpu         ] GC(33740) User=0.00s Sys=0.00s Real=0.01s
[13355.152s][info][gc,start       ] GC(33741) Pause Young (Allocation Failure)
[13355.153s][info][gc,heap        ] GC(33741) PSYoungGen: 104176K(104448K)->240K(101376K) Eden: 103936K(103936K)->0K(100864K) From: 240K(512K)->240K(512K)
[13355.153s][info][gc,heap        ] GC(33741) ParOldGen: 323605K(324096K)->323621K(324096K)
[13355.154s][info][gc,metaspace   ] GC(33741) Metaspace: 8795K(9024K)->8795K(9024K) NonClass: 8142K(8320K)->8142K(8320K) Class: 652K(704K)->652K(704K)
[13355.154s][info][gc             ] GC(33741) Pause Young (Allocation Failure) 417M->316M(415M) 1.155ms
[13355.154s][info][gc,cpu         ] GC(33741) User=0.00s Sys=0.00s Real=0.00s
[13355.470s][info][gc,start       ] GC(33742) Pause Young (Allocation Failure)
[13355.471s][info][gc,heap        ] GC(33742) PSYoungGen: 101104K(101376K)->272K(98304K) Eden: 100864K(100864K)->0K(97792K) From: 240K(512K)->272K(512K)
[13355.471s][info][gc,heap        ] GC(33742) ParOldGen: 323621K(324096K)->323637K(324096K)
[13355.471s][info][gc,metaspace   ] GC(33742) Metaspace: 8795K(9024K)->8795K(9024K) NonClass: 8142K(8320K)->8142K(8320K) Class: 652K(704K)->652K(704K)
[13355.471s][info][gc             ] GC(33742) Pause Young (Allocation Failure) 414M->316M(412M) 1.973ms
[13355.472s][info][gc,cpu         ] GC(33742) User=0.00s Sys=0.00s Real=0.01s
[13355.776s][info][gc,start       ] GC(33743) Pause Young (Allocation Failure)
[13355.778s][info][gc,heap        ] GC(33743) PSYoungGen: 98064K(98304K)->256K(95744K) Eden: 97792K(97792K)->0K(95232K) From: 272K(512K)->256K(512K)
[13355.778s][info][gc,heap        ] GC(33743) ParOldGen: 323637K(324096K)->323653K(324096K)
[13355.778s][info][gc,metaspace   ] GC(33743) Metaspace: 8795K(9024K)->8795K(9024K) NonClass: 8142K(8320K)->8142K(8320K) Class: 652K(704K)->652K(704K)
[13355.778s][info][gc             ] GC(33743) Pause Young (Allocation Failure) 411M->316M(410M) 2.118ms
[13355.778s][info][gc,cpu         ] GC(33743) User=0.00s Sys=0.00s Real=0.00s
[13356.085s][info][gc,start       ] GC(33744) Pause Young (Allocation Failure)
[13356.087s][info][gc,heap        ] GC(33744) PSYoungGen: 95488K(95744K)->240K(93184K) Eden: 95232K(95232K)->0K(92672K) From: 256K(512K)->240K(512K)
[13356.087s][info][gc,heap        ] GC(33744) ParOldGen: 323653K(324096K)->323661K(324096K)
[13356.087s][info][gc,metaspace   ] GC(33744) Metaspace: 8795K(9024K)->8795K(9024K) NonClass: 8142K(8320K)->8142K(8320K) Class: 652K(704K)->652K(704K)
[13356.087s][info][gc             ] GC(33744) Pause Young (Allocation Failure) 409M->316M(407M) 2.107ms
[13356.087s][info][gc,cpu         ] GC(33744) User=0.01s Sys=0.00s Real=0.00s
[13356.391s][info][gc,start       ] GC(33745) Pause Young (Allocation Failure)
[13356.393s][info][gc,heap        ] GC(33745) PSYoungGen: 92912K(93184K)->224K(90624K) Eden: 92672K(92672K)->0K(90112K) From: 240K(512K)->224K(512K)
[13356.393s][info][gc,heap        ] GC(33745) ParOldGen: 323661K(324096K)->323669K(324096K)
[13356.393s][info][gc,metaspace   ] GC(33745) Metaspace: 8795K(9024K)->8795K(9024K) NonClass: 8142K(8320K)->8142K(8320K) Class: 652K(704K)->652K(704K)
[13356.393s][info][gc             ] GC(33745) Pause Young (Allocation Failure) 406M->316M(405M) 2.158ms
[13356.393s][info][gc,cpu         ] GC(33745) User=0.01s Sys=0.00s Real=0.00s
[13356.695s][info][gc,start       ] GC(33746) Pause Young (Allocation Failure)
[13356.696s][info][gc,heap        ] GC(33746) PSYoungGen: 90336K(90624K)->256K(88064K) Eden: 90112K(90112K)->0K(87552K) From: 224K(512K)->256K(512K)
[13356.696s][info][gc,heap        ] GC(33746) ParOldGen: 323669K(324096K)->323685K(324096K)
[13356.696s][info][gc,metaspace   ] GC(33746) Metaspace: 8795K(9024K)->8795K(9024K) NonClass: 8142K(8320K)->8142K(8320K) Class: 652K(704K)->652K(704K)
[13356.696s][info][gc             ] GC(33746) Pause Young (Allocation Failure) 404M->316M(402M) 1.530ms
[13356.696s][info][gc,cpu         ] GC(33746) User=0.01s Sys=0.00s Real=0.00s
[13356.975s][info][gc,start       ] GC(33747) Pause Young (Allocation Failure)
[13356.976s][info][gc,heap        ] GC(33747) PSYoungGen: 87808K(88064K)->256K(202752K) Eden: 87552K(87552K)->0K(202240K) From: 256K(512K)->256K(512K)
[13356.976s][info][gc,heap        ] GC(33747) ParOldGen: 323685K(324096K)->323701K(324096K)
[13356.976s][info][gc,metaspace   ] GC(33747) Metaspace: 8795K(9024K)->8795K(9024K) NonClass: 8142K(8320K)->8142K(8320K) Class: 652K(704K)->652K(704K)
[13356.976s][info][gc             ] GC(33747) Pause Young (Allocation Failure) 401M->316M(514M) 1.182ms
[13356.976s][info][gc,cpu         ] GC(33747) User=0.00s Sys=0.00s Real=0.00s
[13357.639s][info][gc,start       ] GC(33748) Pause Young (Allocation Failure)
[13357.640s][info][gc,heap        ] GC(33748) PSYoungGen: 202496K(202752K)->256K(195584K) Eden: 202240K(202240K)->0K(195072K) From: 256K(512K)->256K(512K)
[13357.640s][info][gc,heap        ] GC(33748) ParOldGen: 323701K(324096K)->323717K(324096K)
[13357.640s][info][gc,metaspace   ] GC(33748) Metaspace: 8795K(9024K)->8795K(9024K) NonClass: 8142K(8320K)->8142K(8320K) Class: 652K(704K)->652K(704K)
[13357.640s][info][gc             ] GC(33748) Pause Young (Allocation Failure) 513M->316M(507M) 1.190ms
[13357.640s][info][gc,cpu         ] GC(33748) User=0.00s Sys=0.00s Real=0.00s
[13358.275s][info][gc,start       ] GC(33749) Pause Young (Allocation Failure)
[13358.276s][info][gc,heap        ] GC(33749) PSYoungGen: 195328K(195584K)->272K(188416K) Eden: 195072K(195072K)->0K(187904K) From: 256K(512K)->272K(512K)
[13358.276s][info][gc,heap        ] GC(33749) ParOldGen: 323717K(324096K)->323733K(324096K)
[13358.276s][info][gc,metaspace   ] GC(33749) Metaspace: 8795K(9024K)->8795K(9024K) NonClass: 8142K(8320K)->8142K(8320K) Class: 652K(704K)->652K(704K)
[13358.276s][info][gc             ] GC(33749) Pause Young (Allocation Failure) 506M->316M(500M) 1.267ms
[13358.276s][info][gc,cpu         ] GC(33749) User=0.00s Sys=0.00s Real=0.00s
[13358.897s][info][gc,start       ] GC(33750) Pause Young (Allocation Failure)
[13358.898s][info][gc,heap        ] GC(33750) PSYoungGen: 188176K(188416K)->256K(181760K) Eden: 187904K(187904K)->0K(181248K) From: 272K(512K)->256K(512K)
[13358.898s][info][gc,heap        ] GC(33750) ParOldGen: 323733K(324096K)->323749K(324096K)
[13358.898s][info][gc,metaspace   ] GC(33750) Metaspace: 8795K(9024K)->8795K(9024K) NonClass: 8142K(8320K)->8142K(8320K) Class: 652K(704K)->652K(704K)
[13358.898s][info][gc             ] GC(33750) Pause Young (Allocation Failure) 499M->316M(494M) 1.188ms
[13358.899s][info][gc,cpu         ] GC(33750) User=0.00s Sys=0.00s Real=0.00s
[13359.486s][info][gc,start       ] GC(33751) Pause Young (Allocation Failure)
[13359.488s][info][gc,heap        ] GC(33751) PSYoungGen: 181504K(181760K)->272K(175104K) Eden: 181248K(181248K)->0K(174592K) From: 256K(512K)->272K(512K)
[13359.488s][info][gc,heap        ] GC(33751) ParOldGen: 323749K(324096K)->323765K(324096K)
[13359.488s][info][gc,metaspace   ] GC(33751) Metaspace: 8795K(9024K)->8795K(9024K) NonClass: 8142K(8320K)->8142K(8320K) Class: 652K(704K)->652K(704K)
[13359.488s][info][gc             ] GC(33751) Pause Young (Allocation Failure) 493M->316M(487M) 1.198ms
[13359.488s][info][gc,cpu         ] GC(33751) User=0.01s Sys=0.00s Real=0.00s
[13360.053s][info][gc,start       ] GC(33752) Pause Young (Allocation Failure)
[13360.055s][info][gc,heap        ] GC(33752) PSYoungGen: 174864K(175104K)->224K(168960K) Eden: 174592K(174592K)->0K(168448K) From: 272K(512K)->224K(512K)
[13360.055s][info][gc,heap        ] GC(33752) ParOldGen: 323765K(324096K)->323781K(324096K)
[13360.055s][info][gc,metaspace   ] GC(33752) Metaspace: 8795K(9024K)->8795K(9024K) NonClass: 8142K(8320K)->8142K(8320K) Class: 652K(704K)->652K(704K)
[13360.055s][info][gc             ] GC(33752) Pause Young (Allocation Failure) 486M->316M(481M) 2.166ms
[13360.055s][info][gc,cpu         ] GC(33752) User=0.00s Sys=0.00s Real=0.00s
[13360.628s][info][gc,start       ] GC(33753) Pause Young (Allocation Failure)
[13360.629s][info][gc,heap        ] GC(33753) PSYoungGen: 168672K(168960K)->224K(163328K) Eden: 168448K(168448K)->0K(162816K) From: 224K(512K)->224K(512K)
[13360.629s][info][gc,heap        ] GC(33753) ParOldGen: 323781K(324096K)->323797K(324096K)
[13360.629s][info][gc,metaspace   ] GC(33753) Metaspace: 8795K(9024K)->8795K(9024K) NonClass: 8142K(8320K)->8142K(8320K) Class: 652K(704K)->652K(704K)
[13360.629s][info][gc             ] GC(33753) Pause Young (Allocation Failure) 480M->316M(476M) 1.204ms
[13360.629s][info][gc,cpu         ] GC(33753) User=0.00s Sys=0.00s Real=0.00s
[13361.168s][info][gc,start       ] GC(33754) Pause Young (Allocation Failure)
[13361.170s][info][gc,heap        ] GC(33754) PSYoungGen: 163040K(163328K)->304K(157696K) Eden: 162816K(162816K)->0K(157184K) From: 224K(512K)->304K(512K)
[13361.171s][info][gc,heap        ] GC(33754) ParOldGen: 323797K(324096K)->323805K(324096K)
[13361.171s][info][gc,metaspace   ] GC(33754) Metaspace: 8795K(9024K)->8795K(9024K) NonClass: 8142K(8320K)->8142K(8320K) Class: 652K(704K)->652K(704K)
[13361.171s][info][gc             ] GC(33754) Pause Young (Allocation Failure) 475M->316M(470M) 2.126ms
[13361.171s][info][gc,cpu         ] GC(33754) User=0.00s Sys=0.00s Real=0.01s
[13361.677s][info][gc,start       ] GC(33755) Pause Young (Allocation Failure)
[13361.679s][info][gc,heap        ] GC(33755) PSYoungGen: 157488K(157696K)->224K(152576K) Eden: 157184K(157184K)->0K(152064K) From: 304K(512K)->224K(512K)
[13361.679s][info][gc,heap        ] GC(33755) ParOldGen: 323805K(324096K)->323813K(324096K)
[13361.679s][info][gc,metaspace   ] GC(33755) Metaspace: 8795K(9024K)->8795K(9024K) NonClass: 8142K(8320K)->8142K(8320K) Class: 652K(704K)->652K(704K)
[13361.679s][info][gc             ] GC(33755) Pause Young (Allocation Failure) 470M->316M(465M) 2.103ms
[13361.679s][info][gc,cpu         ] GC(33755) User=0.00s Sys=0.00s Real=0.00s
[13362.180s][info][gc,start       ] GC(33756) Pause Young (Allocation Failure)
[13362.182s][info][gc,heap        ] GC(33756) PSYoungGen: 152288K(152576K)->224K(147456K) Eden: 152064K(152064K)->0K(146944K) From: 224K(512K)->224K(512K)
[13362.182s][info][gc,heap        ] GC(33756) ParOldGen: 323813K(324096K)->323821K(324096K)
[13362.182s][info][gc,metaspace   ] GC(33756) Metaspace: 8795K(9024K)->8795K(9024K) NonClass: 8142K(8320K)->8142K(8320K) Class: 652K(704K)->652K(704K)
[13362.182s][info][gc             ] GC(33756) Pause Young (Allocation Failure) 464M->316M(460M) 2.177ms
[13362.182s][info][gc,cpu         ] GC(33756) User=0.01s Sys=0.00s Real=0.01s
[13362.716s][info][gc,start       ] GC(33757) Pause Young (Allocation Failure)
[13362.717s][info][gc,heap        ] GC(33757) PSYoungGen: 147168K(147456K)->256K(142848K) Eden: 146944K(146944K)->0K(142336K) From: 224K(512K)->256K(512K)
[13362.717s][info][gc,heap        ] GC(33757) ParOldGen: 323821K(324096K)->323837K(324096K)
[13362.717s][info][gc,metaspace   ] GC(33757) Metaspace: 8795K(9024K)->8795K(9024K) NonClass: 8142K(8320K)->8142K(8320K) Class: 652K(704K)->652K(704K)
[13362.717s][info][gc             ] GC(33757) Pause Young (Allocation Failure) 459M->316M(456M) 1.454ms
[13362.717s][info][gc,cpu         ] GC(33757) User=0.01s Sys=0.00s Real=0.00s
[13363.197s][info][gc,start       ] GC(33758) Pause Young (Allocation Failure)
[13363.199s][info][gc,heap        ] GC(33758) PSYoungGen: 142592K(142848K)->272K(138240K) Eden: 142336K(142336K)->0K(137728K) From: 256K(512K)->272K(512K)
[13363.199s][info][gc,heap        ] GC(33758) ParOldGen: 323837K(324096K)->323853K(324096K)
[13363.199s][info][gc,metaspace   ] GC(33758) Metaspace: 8795K(9024K)->8795K(9024K) NonClass: 8142K(8320K)->8142K(8320K) Class: 652K(704K)->652K(704K)
[13363.199s][info][gc             ] GC(33758) Pause Young (Allocation Failure) 455M->316M(451M) 2.150ms
[13363.199s][info][gc,cpu         ] GC(33758) User=0.00s Sys=0.00s Real=0.00s
[13363.663s][info][gc,start       ] GC(33759) Pause Young (Allocation Failure)
[13363.665s][info][gc,heap        ] GC(33759) PSYoungGen: 138000K(138240K)->240K(133632K) Eden: 137728K(137728K)->0K(133120K) From: 272K(512K)->240K(512K)
[13363.665s][info][gc,heap        ] GC(33759) ParOldGen: 323853K(324096K)->323869K(324096K)
[13363.665s][info][gc,metaspace   ] GC(33759) Metaspace: 8795K(9024K)->8795K(9024K) NonClass: 8142K(8320K)->8142K(8320K) Class: 652K(704K)->652K(704K)
[13363.665s][info][gc             ] GC(33759) Pause Young (Allocation Failure) 451M->316M(447M) 2.228ms
[13363.665s][info][gc,cpu         ] GC(33759) User=0.00s Sys=0.00s Real=0.00s
[13364.111s][info][gc,start       ] GC(33760) Pause Young (Allocation Failure)
[13364.113s][info][gc,heap        ] GC(33760) PSYoungGen: 133360K(133632K)->208K(129536K) Eden: 133120K(133120K)->0K(129024K) From: 240K(512K)->208K(512K)
[13364.113s][info][gc,heap        ] GC(33760) ParOldGen: 323869K(324096K)->323885K(324096K)
[13364.113s][info][gc,metaspace   ] GC(33760) Metaspace: 8795K(9024K)->8795K(9024K) NonClass: 8142K(8320K)->8142K(8320K) Class: 652K(704K)->652K(704K)
[13364.113s][info][gc             ] GC(33760) Pause Young (Allocation Failure) 446M->316M(443M) 1.165ms
[13364.113s][info][gc,cpu         ] GC(33760) User=0.00s Sys=0.00s Real=0.00s
[13364.530s][info][gc,start       ] GC(33761) Pause Young (Allocation Failure)
[13364.531s][info][gc,heap        ] GC(33761) PSYoungGen: 129232K(129536K)->256K(125440K) Eden: 129024K(129024K)->0K(124928K) From: 208K(512K)->256K(512K)
[13364.531s][info][gc,heap        ] GC(33761) ParOldGen: 323885K(324096K)->323901K(324096K)
[13364.531s][info][gc,metaspace   ] GC(33761) Metaspace: 8795K(9024K)->8795K(9024K) NonClass: 8142K(8320K)->8142K(8320K) Class: 652K(704K)->652K(704K)
[13364.531s][info][gc             ] GC(33761) Pause Young (Allocation Failure) 442M->316M(439M) 1.207ms
[13364.531s][info][gc,cpu         ] GC(33761) User=0.00s Sys=0.00s Real=0.01s
[13364.976s][info][gc,start       ] GC(33762) Pause Young (Allocation Failure)
[13364.977s][info][gc,heap        ] GC(33762) PSYoungGen: 125184K(125440K)->256K(121344K) Eden: 124928K(124928K)->0K(120832K) From: 256K(512K)->256K(512K)
[13364.977s][info][gc,heap        ] GC(33762) ParOldGen: 323901K(324096K)->323917K(324096K)
[13364.977s][info][gc,metaspace   ] GC(33762) Metaspace: 8795K(9024K)->8795K(9024K) NonClass: 8142K(8320K)->8142K(8320K) Class: 652K(704K)->652K(704K)
[13364.977s][info][gc             ] GC(33762) Pause Young (Allocation Failure) 438M->316M(435M) 1.202ms
[13364.977s][info][gc,cpu         ] GC(33762) User=0.00s Sys=0.00s Real=0.00s
[13365.398s][info][gc,start       ] GC(33763) Pause Young (Allocation Failure)
[13365.399s][info][gc,heap        ] GC(33763) PSYoungGen: 121088K(121344K)->272K(117760K) Eden: 120832K(120832K)->0K(117248K) From: 256K(512K)->272K(512K)
[13365.400s][info][gc,heap        ] GC(33763) ParOldGen: 323917K(324096K)->323933K(324096K)
[13365.400s][info][gc,metaspace   ] GC(33763) Metaspace: 8795K(9024K)->8795K(9024K) NonClass: 8142K(8320K)->8142K(8320K) Class: 652K(704K)->652K(704K)
[13365.400s][info][gc             ] GC(33763) Pause Young (Allocation Failure) 434M->316M(431M) 1.177ms
[13365.400s][info][gc,cpu         ] GC(33763) User=0.00s Sys=0.00s Real=0.00s
[13365.767s][info][gc,start       ] GC(33764) Pause Young (Allocation Failure)
[13365.768s][info][gc,heap        ] GC(33764) PSYoungGen: 117520K(117760K)->256K(114176K) Eden: 117248K(117248K)->0K(113664K) From: 272K(512K)->256K(512K)
[13365.768s][info][gc,heap        ] GC(33764) ParOldGen: 323933K(324096K)->323949K(324096K)
[13365.768s][info][gc,metaspace   ] GC(33764) Metaspace: 8795K(9024K)->8795K(9024K) NonClass: 8142K(8320K)->8142K(8320K) Class: 652K(704K)->652K(704K)
[13365.768s][info][gc             ] GC(33764) Pause Young (Allocation Failure) 431M->316M(428M) 1.216ms
[13365.768s][info][gc,cpu         ] GC(33764) User=0.01s Sys=0.00s Real=0.00s
[13366.133s][info][gc,start       ] GC(33765) Pause Young (Allocation Failure)
[13366.134s][info][gc,heap        ] GC(33765) PSYoungGen: 113920K(114176K)->240K(110592K) Eden: 113664K(113664K)->0K(110080K) From: 256K(512K)->240K(512K)
[13366.134s][info][gc,heap        ] GC(33765) ParOldGen: 323949K(324096K)->323965K(324096K)
[13366.134s][info][gc,metaspace   ] GC(33765) Metaspace: 8795K(9024K)->8795K(9024K) NonClass: 8142K(8320K)->8142K(8320K) Class: 652K(704K)->652K(704K)
[13366.134s][info][gc             ] GC(33765) Pause Young (Allocation Failure) 427M->316M(424M) 1.204ms
[13366.134s][info][gc,cpu         ] GC(33765) User=0.00s Sys=0.00s Real=0.00s
[13366.480s][info][gc,start       ] GC(33766) Pause Young (Allocation Failure)
[13366.482s][info][gc,heap        ] GC(33766) PSYoungGen: 110320K(110592K)->256K(107520K) Eden: 110080K(110080K)->0K(107008K) From: 240K(512K)->256K(512K)
[13366.482s][info][gc,heap        ] GC(33766) ParOldGen: 323965K(324096K)->323973K(324096K)
[13366.482s][info][gc,metaspace   ] GC(33766) Metaspace: 8795K(9024K)->8795K(9024K) NonClass: 8142K(8320K)->8142K(8320K) Class: 652K(704K)->652K(704K)
[13366.482s][info][gc             ] GC(33766) Pause Young (Allocation Failure) 424M->316M(421M) 2.319ms
[13366.482s][info][gc,cpu         ] GC(33766) User=0.01s Sys=0.00s Real=0.01s
[13366.855s][info][gc,start       ] GC(33767) Pause Young (Allocation Failure)
[13366.857s][info][gc,heap        ] GC(33767) PSYoungGen: 107264K(107520K)->272K(104448K) Eden: 107008K(107008K)->0K(103936K) From: 256K(512K)->272K(512K)
[13366.857s][info][gc,heap        ] GC(33767) ParOldGen: 323973K(324096K)->323981K(324096K)
[13366.857s][info][gc,metaspace   ] GC(33767) Metaspace: 8795K(9024K)->8795K(9024K) NonClass: 8142K(8320K)->8142K(8320K) Class: 652K(704K)->652K(704K)
[13366.858s][info][gc             ] GC(33767) Pause Young (Allocation Failure) 421M->316M(418M) 2.781ms
[13366.858s][info][gc,cpu         ] GC(33767) User=0.00s Sys=0.00s Real=0.00s
[13367.206s][info][gc,start       ] GC(33768) Pause Young (Allocation Failure)
[13367.207s][info][gc,heap        ] GC(33768) PSYoungGen: 104208K(104448K)->256K(101376K) Eden: 103936K(103936K)->0K(100864K) From: 272K(512K)->256K(512K)
[13367.207s][info][gc,heap        ] GC(33768) ParOldGen: 323981K(324096K)->323997K(324096K)
[13367.207s][info][gc,metaspace   ] GC(33768) Metaspace: 8795K(9024K)->8795K(9024K) NonClass: 8142K(8320K)->8142K(8320K) Class: 652K(704K)->652K(704K)
[13367.207s][info][gc             ] GC(33768) Pause Young (Allocation Failure) 418M->316M(415M) 1.217ms
[13367.207s][info][gc,cpu         ] GC(33768) User=0.01s Sys=0.00s Real=0.00s
[13367.531s][info][gc,start       ] GC(33769) Pause Young (Allocation Failure)
[13367.532s][info][gc,heap        ] GC(33769) PSYoungGen: 101120K(101376K)->256K(98304K) Eden: 100864K(100864K)->0K(97792K) From: 256K(512K)->256K(512K)
[13367.532s][info][gc,heap        ] GC(33769) ParOldGen: 323997K(324096K)->324013K(324096K)
[13367.532s][info][gc,metaspace   ] GC(33769) Metaspace: 8795K(9024K)->8795K(9024K) NonClass: 8142K(8320K)->8142K(8320K) Class: 652K(704K)->652K(704K)
[13367.532s][info][gc             ] GC(33769) Pause Young (Allocation Failure) 415M->316M(412M) 1.231ms
[13367.532s][info][gc,cpu         ] GC(33769) User=0.00s Sys=0.00s Real=0.00s
[13367.856s][info][gc,start       ] GC(33770) Pause Young (Allocation Failure)
[13367.857s][info][gc,heap        ] GC(33770) PSYoungGen: 98048K(98304K)->256K(95744K) Eden: 97792K(97792K)->0K(95232K) From: 256K(512K)->256K(512K)
[13367.857s][info][gc,heap        ] GC(33770) ParOldGen: 324013K(324096K)->324029K(324096K)
[13367.857s][info][gc,metaspace   ] GC(33770) Metaspace: 8795K(9024K)->8795K(9024K) NonClass: 8142K(8320K)->8142K(8320K) Class: 652K(704K)->652K(704K)
[13367.857s][info][gc             ] GC(33770) Pause Young (Allocation Failure) 412M->316M(410M) 1.209ms
[13367.857s][info][gc,cpu         ] GC(33770) User=0.00s Sys=0.00s Real=0.00s
[13368.174s][info][gc,start       ] GC(33771) Pause Young (Allocation Failure)
[13368.175s][info][gc,heap        ] GC(33771) PSYoungGen: 95488K(95744K)->240K(93184K) Eden: 95232K(95232K)->0K(92672K) From: 256K(512K)->240K(512K)
[13368.175s][info][gc,heap        ] GC(33771) ParOldGen: 324029K(324096K)->324045K(324096K)
[13368.175s][info][gc,metaspace   ] GC(33771) Metaspace: 8795K(9024K)->8795K(9024K) NonClass: 8142K(8320K)->8142K(8320K) Class: 652K(704K)->652K(704K)
[13368.175s][info][gc             ] GC(33771) Pause Young (Allocation Failure) 409M->316M(407M) 1.200ms
[13368.175s][info][gc,cpu         ] GC(33771) User=0.00s Sys=0.00s Real=0.00s
[13368.469s][info][gc,start       ] GC(33772) Pause Young (Allocation Failure)
[13368.470s][info][gc,heap        ] GC(33772) PSYoungGen: 92912K(93184K)->256K(90624K) Eden: 92672K(92672K)->0K(90112K) From: 240K(512K)->256K(512K)
[13368.470s][info][gc,heap        ] GC(33772) ParOldGen: 324045K(324096K)->324061K(324096K)
[13368.470s][info][gc,metaspace   ] GC(33772) Metaspace: 8795K(9024K)->8795K(9024K) NonClass: 8142K(8320K)->8142K(8320K) Class: 652K(704K)->652K(704K)
[13368.470s][info][gc             ] GC(33772) Pause Young (Allocation Failure) 407M->316M(405M) 1.165ms
[13368.470s][info][gc,cpu         ] GC(33772) User=0.00s Sys=0.00s Real=0.00s
[13368.770s][info][gc,start       ] GC(33773) Pause Young (Allocation Failure)
[13368.771s][info][gc,heap        ] GC(33773) PSYoungGen: 90368K(90624K)->240K(88064K) Eden: 90112K(90112K)->0K(87552K) From: 256K(512K)->240K(512K)
[13368.771s][info][gc,heap        ] GC(33773) ParOldGen: 324061K(324096K)->324077K(324096K)
[13368.771s][info][gc,metaspace   ] GC(33773) Metaspace: 8795K(9024K)->8795K(9024K) NonClass: 8142K(8320K)->8142K(8320K) Class: 652K(704K)->652K(704K)
[13368.771s][info][gc             ] GC(33773) Pause Young (Allocation Failure) 404M->316M(402M) 1.194ms
[13368.771s][info][gc,cpu         ] GC(33773) User=0.00s Sys=0.00s Real=0.01s
[13369.083s][info][gc,start       ] GC(33774) Pause Young (Allocation Failure)
[13369.084s][info][gc,heap        ] GC(33774) PSYoungGen: 87792K(88064K)->240K(202752K) Eden: 87552K(87552K)->0K(202240K) From: 240K(512K)->240K(512K)
[13369.084s][info][gc,heap        ] GC(33774) ParOldGen: 324077K(324096K)->324093K(324096K)
[13369.084s][info][gc,metaspace   ] GC(33774) Metaspace: 8795K(9024K)->8795K(9024K) NonClass: 8142K(8320K)->8142K(8320K) Class: 652K(704K)->652K(704K)
[13369.084s][info][gc             ] GC(33774) Pause Young (Allocation Failure) 402M->316M(514M) 1.209ms
[13369.084s][info][gc,cpu         ] GC(33774) User=0.00s Sys=0.00s Real=0.00s
[13369.737s][info][gc,start       ] GC(33775) Pause Young (Allocation Failure)
[13369.738s][info][gc,heap        ] GC(33775) PSYoungGen: 202480K(202752K)->256K(195584K) Eden: 202240K(202240K)->0K(195072K) From: 240K(512K)->256K(512K)
[13369.739s][info][gc,heap        ] GC(33775) ParOldGen: 324093K(324096K)->324109K(324608K)
[13369.739s][info][gc,metaspace   ] GC(33775) Metaspace: 8795K(9024K)->8795K(9024K) NonClass: 8142K(8320K)->8142K(8320K) Class: 652K(704K)->652K(704K)
[13369.739s][info][gc             ] GC(33775) Pause Young (Allocation Failure) 514M->316M(508M) 1.224ms
[13369.739s][info][gc,cpu         ] GC(33775) User=0.00s Sys=0.00s Real=0.00s
[13370.342s][info][gc,start       ] GC(33776) Pause Young (Allocation Failure)
[13370.344s][info][gc,heap        ] GC(33776) PSYoungGen: 195328K(195584K)->256K(188416K) Eden: 195072K(195072K)->0K(187904K) From: 256K(512K)->256K(512K)
[13370.344s][info][gc,heap        ] GC(33776) ParOldGen: 324109K(324608K)->324125K(324608K)
[13370.344s][info][gc,metaspace   ] GC(33776) Metaspace: 8795K(9024K)->8795K(9024K) NonClass: 8142K(8320K)->8142K(8320K) Class: 652K(704K)->652K(704K)
[13370.344s][info][gc             ] GC(33776) Pause Young (Allocation Failure) 507M->316M(501M) 1.245ms
[13370.344s][info][gc,cpu         ] GC(33776) User=0.00s Sys=0.00s Real=0.00s
[13370.955s][info][gc,start       ] GC(33777) Pause Young (Allocation Failure)
[13370.957s][info][gc,heap        ] GC(33777) PSYoungGen: 188160K(188416K)->240K(181760K) Eden: 187904K(187904K)->0K(181248K) From: 256K(512K)->240K(512K)
[13370.957s][info][gc,heap        ] GC(33777) ParOldGen: 324125K(324608K)->324141K(324608K)
[13370.957s][info][gc,metaspace   ] GC(33777) Metaspace: 8795K(9024K)->8795K(9024K) NonClass: 8142K(8320K)->8142K(8320K) Class: 652K(704K)->652K(704K)
[13370.957s][info][gc             ] GC(33777) Pause Young (Allocation Failure) 500M->316M(494M) 1.187ms
[13370.957s][info][gc,cpu         ] GC(33777) User=0.01s Sys=0.00s Real=0.00s
[13371.565s][info][gc,start       ] GC(33778) Pause Young (Allocation Failure)
[13371.566s][info][gc,heap        ] GC(33778) PSYoungGen: 181488K(181760K)->144K(175104K) Eden: 181248K(181248K)->0K(174592K) From: 240K(512K)->144K(512K)
[13371.566s][info][gc,heap        ] GC(33778) ParOldGen: 324141K(324608K)->324149K(324608K)
[13371.566s][info][gc,metaspace   ] GC(33778) Metaspace: 8795K(9024K)->8795K(9024K) NonClass: 8142K(8320K)->8142K(8320K) Class: 652K(704K)->652K(704K)
[13371.566s][info][gc             ] GC(33778) Pause Young (Allocation Failure) 493M->316M(488M) 1.152ms
[13371.566s][info][gc,cpu         ] GC(33778) User=0.00s Sys=0.00s Real=0.00s
[13372.118s][info][gc,start       ] GC(33779) Pause Young (Allocation Failure)
[13372.119s][info][gc,heap        ] GC(33779) PSYoungGen: 174736K(175104K)->240K(168960K) Eden: 174592K(174592K)->0K(168448K) From: 144K(512K)->240K(512K)
[13372.119s][info][gc,heap        ] GC(33779) ParOldGen: 324149K(324608K)->324165K(324608K)
[13372.119s][info][gc,metaspace   ] GC(33779) Metaspace: 8795K(9024K)->8795K(9024K) NonClass: 8142K(8320K)->8142K(8320K) Class: 652K(704K)->652K(704K)
[13372.119s][info][gc             ] GC(33779) Pause Young (Allocation Failure) 487M->316M(482M) 1.146ms
[13372.119s][info][gc,cpu         ] GC(33779) User=0.00s Sys=0.00s Real=0.00s
[13372.721s][info][gc,start       ] GC(33780) Pause Young (Allocation Failure)
[13372.722s][info][gc,heap        ] GC(33780) PSYoungGen: 168688K(168960K)->240K(163328K) Eden: 168448K(168448K)->0K(162816K) From: 240K(512K)->240K(512K)
[13372.722s][info][gc,heap        ] GC(33780) ParOldGen: 324165K(324608K)->324181K(324608K)
[13372.722s][info][gc,metaspace   ] GC(33780) Metaspace: 8795K(9024K)->8795K(9024K) NonClass: 8142K(8320K)->8142K(8320K) Class: 652K(704K)->652K(704K)
[13372.722s][info][gc             ] GC(33780) Pause Young (Allocation Failure) 481M->316M(476M) 1.218ms
[13372.722s][info][gc,cpu         ] GC(33780) User=0.00s Sys=0.00s Real=0.00s
[13373.239s][info][gc,start       ] GC(33781) Pause Young (Allocation Failure)
[13373.241s][info][gc,heap        ] GC(33781) PSYoungGen: 163056K(163328K)->272K(157696K) Eden: 162816K(162816K)->0K(157184K) From: 240K(512K)->272K(512K)
[13373.241s][info][gc,heap        ] GC(33781) ParOldGen: 324181K(324608K)->324197K(324608K)
[13373.241s][info][gc,metaspace   ] GC(33781) Metaspace: 8795K(9024K)->8795K(9024K) NonClass: 8142K(8320K)->8142K(8320K) Class: 652K(704K)->652K(704K)
[13373.241s][info][gc             ] GC(33781) Pause Young (Allocation Failure) 475M->316M(471M) 2.230ms
[13373.241s][info][gc,cpu         ] GC(33781) User=0.00s Sys=0.00s Real=0.01s
[13373.750s][info][gc,start       ] GC(33782) Pause Young (Allocation Failure)
[13373.752s][info][gc,heap        ] GC(33782) PSYoungGen: 157456K(157696K)->224K(152576K) Eden: 157184K(157184K)->0K(152064K) From: 272K(512K)->224K(512K)
[13373.752s][info][gc,heap        ] GC(33782) ParOldGen: 324197K(324608K)->324205K(324608K)
[13373.752s][info][gc,metaspace   ] GC(33782) Metaspace: 8795K(9024K)->8795K(9024K) NonClass: 8142K(8320K)->8142K(8320K) Class: 652K(704K)->652K(704K)
[13373.752s][info][gc             ] GC(33782) Pause Young (Allocation Failure) 470M->316M(466M) 2.133ms
[13373.752s][info][gc,cpu         ] GC(33782) User=0.00s Sys=0.00s Real=0.01s
[13374.263s][info][gc,start       ] GC(33783) Pause Young (Allocation Failure)
[13374.265s][info][gc,heap        ] GC(33783) PSYoungGen: 152288K(152576K)->272K(147456K) Eden: 152064K(152064K)->0K(146944K) From: 224K(512K)->272K(512K)
[13374.265s][info][gc,heap        ] GC(33783) ParOldGen: 324205K(324608K)->324213K(324608K)
[13374.265s][info][gc,metaspace   ] GC(33783) Metaspace: 8795K(9024K)->8795K(9024K) NonClass: 8142K(8320K)->8142K(8320K) Class: 652K(704K)->652K(704K)
[13374.265s][info][gc             ] GC(33783) Pause Young (Allocation Failure) 465M->316M(461M) 1.774ms
[13374.265s][info][gc,cpu         ] GC(33783) User=0.00s Sys=0.00s Real=0.00s
[13374.771s][info][gc,start       ] GC(33784) Pause Young (Allocation Failure)
[13374.773s][info][gc,heap        ] GC(33784) PSYoungGen: 147216K(147456K)->256K(142848K) Eden: 146944K(146944K)->0K(142336K) From: 272K(512K)->256K(512K)
[13374.773s][info][gc,heap        ] GC(33784) ParOldGen: 324213K(324608K)->324229K(324608K)
[13374.773s][info][gc,metaspace   ] GC(33784) Metaspace: 8795K(9024K)->8795K(9024K) NonClass: 8142K(8320K)->8142K(8320K) Class: 652K(704K)->652K(704K)
[13374.773s][info][gc             ] GC(33784) Pause Young (Allocation Failure) 460M->316M(456M) 1.388ms
[13374.773s][info][gc,cpu         ] GC(33784) User=0.00s Sys=0.00s Real=0.00s
[13375.248s][info][gc,start       ] GC(33785) Pause Young (Allocation Failure)
[13375.251s][info][gc,heap        ] GC(33785) PSYoungGen: 142592K(142848K)->272K(138240K) Eden: 142336K(142336K)->0K(137728K) From: 256K(512K)->272K(512K)
[13375.251s][info][gc,heap        ] GC(33785) ParOldGen: 324229K(324608K)->324245K(324608K)
[13375.251s][info][gc,metaspace   ] GC(33785) Metaspace: 8795K(9024K)->8795K(9024K) NonClass: 8142K(8320K)->8142K(8320K) Class: 652K(704K)->652K(704K)
[13375.251s][info][gc             ] GC(33785) Pause Young (Allocation Failure) 455M->316M(452M) 2.405ms
[13375.251s][info][gc,cpu         ] GC(33785) User=0.00s Sys=0.00s Real=0.01s
[13375.715s][info][gc,start       ] GC(33786) Pause Young (Allocation Failure)
[13375.717s][info][gc,heap        ] GC(33786) PSYoungGen: 138000K(138240K)->240K(133632K) Eden: 137728K(137728K)->0K(133120K) From: 272K(512K)->240K(512K)
[13375.717s][info][gc,heap        ] GC(33786) ParOldGen: 324245K(324608K)->324261K(324608K)
[13375.717s][info][gc,metaspace   ] GC(33786) Metaspace: 8795K(9024K)->8795K(9024K) NonClass: 8142K(8320K)->8142K(8320K) Class: 652K(704K)->652K(704K)
[13375.717s][info][gc             ] GC(33786) Pause Young (Allocation Failure) 451M->316M(447M) 2.105ms
[13375.717s][info][gc,cpu         ] GC(33786) User=0.00s Sys=0.00s Real=0.00s
[13376.154s][info][gc,start       ] GC(33787) Pause Young (Allocation Failure)
[13376.156s][info][gc,heap        ] GC(33787) PSYoungGen: 133360K(133632K)->208K(129536K) Eden: 133120K(133120K)->0K(129024K) From: 240K(512K)->208K(512K)
[13376.156s][info][gc,heap        ] GC(33787) ParOldGen: 324261K(324608K)->324269K(324608K)
[13376.156s][info][gc,metaspace   ] GC(33787) Metaspace: 8795K(9024K)->8795K(9024K) NonClass: 8142K(8320K)->8142K(8320K) Class: 652K(704K)->652K(704K)
[13376.156s][info][gc             ] GC(33787) Pause Young (Allocation Failure) 446M->316M(443M) 1.827ms
[13376.156s][info][gc,cpu         ] GC(33787) User=0.01s Sys=0.00s Real=0.00s
[13376.582s][info][gc,start       ] GC(33788) Pause Young (Allocation Failure)
[13376.584s][info][gc,heap        ] GC(33788) PSYoungGen: 129232K(129536K)->208K(125440K) Eden: 129024K(129024K)->0K(124928K) From: 208K(512K)->208K(512K)
[13376.584s][info][gc,heap        ] GC(33788) ParOldGen: 324269K(324608K)->324285K(324608K)
[13376.584s][info][gc,metaspace   ] GC(33788) Metaspace: 8795K(9024K)->8795K(9024K) NonClass: 8142K(8320K)->8142K(8320K) Class: 652K(704K)->652K(704K)
[13376.585s][info][gc             ] GC(33788) Pause Young (Allocation Failure) 442M->316M(439M) 2.219ms
[13376.585s][info][gc,cpu         ] GC(33788) User=0.01s Sys=0.00s Real=0.00s
[13376.967s][info][gc,start       ] GC(33789) Pause Young (Allocation Failure)
[13376.969s][info][gc,heap        ] GC(33789) PSYoungGen: 125136K(125440K)->272K(121344K) Eden: 124928K(124928K)->0K(120832K) From: 208K(512K)->272K(512K)
[13376.969s][info][gc,heap        ] GC(33789) ParOldGen: 324285K(324608K)->324293K(324608K)
[13376.969s][info][gc,metaspace   ] GC(33789) Metaspace: 8795K(9024K)->8795K(9024K) NonClass: 8142K(8320K)->8142K(8320K) Class: 652K(704K)->652K(704K)
[13376.969s][info][gc             ] GC(33789) Pause Young (Allocation Failure) 438M->316M(435M) 2.307ms
[13376.969s][info][gc,cpu         ] GC(33789) User=0.00s Sys=0.00s Real=0.00s
[13377.404s][info][gc,start       ] GC(33790) Pause Young (Allocation Failure)
[13377.406s][info][gc,heap        ] GC(33790) PSYoungGen: 121104K(121344K)->240K(117760K) Eden: 120832K(120832K)->0K(117248K) From: 272K(512K)->240K(512K)
[13377.406s][info][gc,heap        ] GC(33790) ParOldGen: 324293K(324608K)->324301K(324608K)
[13377.406s][info][gc,metaspace   ] GC(33790) Metaspace: 8795K(9024K)->8795K(9024K) NonClass: 8142K(8320K)->8142K(8320K) Class: 652K(704K)->652K(704K)
[13377.406s][info][gc             ] GC(33790) Pause Young (Allocation Failure) 434M->316M(432M) 2.127ms
[13377.406s][info][gc,cpu         ] GC(33790) User=0.01s Sys=0.00s Real=0.00s
[13377.775s][info][gc,start       ] GC(33791) Pause Young (Allocation Failure)
[13377.776s][info][gc,heap        ] GC(33791) PSYoungGen: 117488K(117760K)->256K(114176K) Eden: 117248K(117248K)->0K(113664K) From: 240K(512K)->256K(512K)
[13377.776s][info][gc,heap        ] GC(33791) ParOldGen: 324301K(324608K)->324317K(324608K)
[13377.776s][info][gc,metaspace   ] GC(33791) Metaspace: 8795K(9024K)->8795K(9024K) NonClass: 8142K(8320K)->8142K(8320K) Class: 652K(704K)->652K(704K)
[13377.776s][info][gc             ] GC(33791) Pause Young (Allocation Failure) 431M->316M(428M) 1.528ms
[13377.776s][info][gc,cpu         ] GC(33791) User=0.00s Sys=0.00s Real=0.00s
[13378.135s][info][gc,start       ] GC(33792) Pause Young (Allocation Failure)
[13378.136s][info][gc,heap        ] GC(33792) PSYoungGen: 113920K(114176K)->256K(110592K) Eden: 113664K(113664K)->0K(110080K) From: 256K(512K)->256K(512K)
[13378.136s][info][gc,heap        ] GC(33792) ParOldGen: 324317K(324608K)->324333K(324608K)
[13378.136s][info][gc,metaspace   ] GC(33792) Metaspace: 8795K(9024K)->8795K(9024K) NonClass: 8142K(8320K)->8142K(8320K) Class: 652K(704K)->652K(704K)
[13378.136s][info][gc             ] GC(33792) Pause Young (Allocation Failure) 427M->316M(425M) 1.183ms
[13378.136s][info][gc,cpu         ] GC(33792) User=0.01s Sys=0.00s Real=0.00s
[13378.525s][info][gc,start       ] GC(33793) Pause Young (Allocation Failure)
[13378.526s][info][gc,heap        ] GC(33793) PSYoungGen: 110336K(110592K)->256K(107520K) Eden: 110080K(110080K)->0K(107008K) From: 256K(512K)->256K(512K)
[13378.526s][info][gc,heap        ] GC(33793) ParOldGen: 324333K(324608K)->324349K(324608K)
[13378.526s][info][gc,metaspace   ] GC(33793) Metaspace: 8795K(9024K)->8795K(9024K) NonClass: 8142K(8320K)->8142K(8320K) Class: 652K(704K)->652K(704K)
[13378.526s][info][gc             ] GC(33793) Pause Young (Allocation Failure) 424M->316M(422M) 1.221ms
[13378.526s][info][gc,cpu         ] GC(33793) User=0.00s Sys=0.00s Real=0.00s
[13378.882s][info][gc,start       ] GC(33794) Pause Young (Allocation Failure)
[13378.884s][info][gc,heap        ] GC(33794) PSYoungGen: 107264K(107520K)->240K(104448K) Eden: 107008K(107008K)->0K(103936K) From: 256K(512K)->240K(512K)
[13378.884s][info][gc,heap        ] GC(33794) ParOldGen: 324349K(324608K)->324365K(324608K)
[13378.884s][info][gc,metaspace   ] GC(33794) Metaspace: 8795K(9024K)->8795K(9024K) NonClass: 8142K(8320K)->8142K(8320K) Class: 652K(704K)->652K(704K)
[13378.884s][info][gc             ] GC(33794) Pause Young (Allocation Failure) 421M->316M(419M) 2.134ms
[13378.884s][info][gc,cpu         ] GC(33794) User=0.00s Sys=0.00s Real=0.00s
[13379.205s][info][gc,start       ] GC(33795) Pause Young (Allocation Failure)
[13379.207s][info][gc,heap        ] GC(33795) PSYoungGen: 104176K(104448K)->240K(101376K) Eden: 103936K(103936K)->0K(100864K) From: 240K(512K)->240K(512K)
[13379.207s][info][gc,heap        ] GC(33795) ParOldGen: 324365K(324608K)->324381K(324608K)
[13379.207s][info][gc,metaspace   ] GC(33795) Metaspace: 8795K(9024K)->8795K(9024K) NonClass: 8142K(8320K)->8142K(8320K) Class: 652K(704K)->652K(704K)
[13379.207s][info][gc             ] GC(33795) Pause Young (Allocation Failure) 418M->317M(416M) 1.518ms
[13379.207s][info][gc,cpu         ] GC(33795) User=0.00s Sys=0.00s Real=0.00s
[13379.548s][info][gc,start       ] GC(33796) Pause Young (Allocation Failure)
[13379.549s][info][gc,heap        ] GC(33796) PSYoungGen: 101104K(101376K)->224K(98304K) Eden: 100864K(100864K)->0K(97792K) From: 240K(512K)->224K(512K)
[13379.549s][info][gc,heap        ] GC(33796) ParOldGen: 324381K(324608K)->324397K(324608K)
[13379.549s][info][gc,metaspace   ] GC(33796) Metaspace: 8795K(9024K)->8795K(9024K) NonClass: 8142K(8320K)->8142K(8320K) Class: 652K(704K)->652K(704K)
[13379.549s][info][gc             ] GC(33796) Pause Young (Allocation Failure) 415M->317M(413M) 1.157ms
[13379.549s][info][gc,cpu         ] GC(33796) User=0.00s Sys=0.00s Real=0.00s
[13379.862s][info][gc,start       ] GC(33797) Pause Young (Allocation Failure)
[13379.863s][info][gc,heap        ] GC(33797) PSYoungGen: 98016K(98304K)->272K(95744K) Eden: 97792K(97792K)->0K(95232K) From: 224K(512K)->272K(512K)
[13379.863s][info][gc,heap        ] GC(33797) ParOldGen: 324397K(324608K)->324413K(324608K)
[13379.863s][info][gc,metaspace   ] GC(33797) Metaspace: 8795K(9024K)->8795K(9024K) NonClass: 8142K(8320K)->8142K(8320K) Class: 652K(704K)->652K(704K)
[13379.863s][info][gc             ] GC(33797) Pause Young (Allocation Failure) 412M->317M(410M) 1.165ms
[13379.863s][info][gc,cpu         ] GC(33797) User=0.01s Sys=0.00s Real=0.00s
[13380.160s][info][gc,start       ] GC(33798) Pause Young (Allocation Failure)
[13380.161s][info][gc,heap        ] GC(33798) PSYoungGen: 95504K(95744K)->256K(93184K) Eden: 95232K(95232K)->0K(92672K) From: 272K(512K)->256K(512K)
[13380.161s][info][gc,heap        ] GC(33798) ParOldGen: 324413K(324608K)->324429K(324608K)
[13380.161s][info][gc,metaspace   ] GC(33798) Metaspace: 8795K(9024K)->8795K(9024K) NonClass: 8142K(8320K)->8142K(8320K) Class: 652K(704K)->652K(704K)
[13380.161s][info][gc             ] GC(33798) Pause Young (Allocation Failure) 410M->317M(408M) 1.149ms
[13380.161s][info][gc,cpu         ] GC(33798) User=0.00s Sys=0.00s Real=0.01s
[13380.446s][info][gc,start       ] GC(33799) Pause Young (Allocation Failure)
[13380.447s][info][gc,heap        ] GC(33799) PSYoungGen: 92928K(93184K)->240K(90624K) Eden: 92672K(92672K)->0K(90112K) From: 256K(512K)->240K(512K)
[13380.447s][info][gc,heap        ] GC(33799) ParOldGen: 324429K(324608K)->324445K(324608K)
[13380.447s][info][gc,metaspace   ] GC(33799) Metaspace: 8795K(9024K)->8795K(9024K) NonClass: 8142K(8320K)->8142K(8320K) Class: 652K(704K)->652K(704K)
[13380.447s][info][gc             ] GC(33799) Pause Young (Allocation Failure) 407M->317M(405M) 1.157ms
[13380.447s][info][gc,cpu         ] GC(33799) User=0.00s Sys=0.00s Real=0.00s
[13380.720s][info][gc,start       ] GC(33800) Pause Young (Allocation Failure)
[13380.722s][info][gc,heap        ] GC(33800) PSYoungGen: 90352K(90624K)->256K(88064K) Eden: 90112K(90112K)->0K(87552K) From: 240K(512K)->256K(512K)
[13380.722s][info][gc,heap        ] GC(33800) ParOldGen: 324445K(324608K)->324461K(324608K)
[13380.722s][info][gc,metaspace   ] GC(33800) Metaspace: 8795K(9024K)->8795K(9024K) NonClass: 8142K(8320K)->8142K(8320K) Class: 652K(704K)->652K(704K)
[13380.722s][info][gc             ] GC(33800) Pause Young (Allocation Failure) 405M->317M(403M) 1.174ms
[13380.722s][info][gc,cpu         ] GC(33800) User=0.00s Sys=0.00s Real=0.00s
[13380.984s][info][gc,start       ] GC(33801) Pause Young (Allocation Failure)
[13380.985s][info][gc,heap        ] GC(33801) PSYoungGen: 87808K(88064K)->256K(202752K) Eden: 87552K(87552K)->0K(202240K) From: 256K(512K)->256K(512K)
[13380.985s][info][gc,heap        ] GC(33801) ParOldGen: 324461K(324608K)->324477K(324608K)
[13380.985s][info][gc,metaspace   ] GC(33801) Metaspace: 8795K(9024K)->8795K(9024K) NonClass: 8142K(8320K)->8142K(8320K) Class: 652K(704K)->652K(704K)
[13380.985s][info][gc             ] GC(33801) Pause Young (Allocation Failure) 402M->317M(515M) 1.155ms
[13380.985s][info][gc,cpu         ] GC(33801) User=0.00s Sys=0.00s Real=0.00s
[13381.649s][info][gc,start       ] GC(33802) Pause Young (Allocation Failure)
[13381.650s][info][gc,heap        ] GC(33802) PSYoungGen: 202496K(202752K)->240K(195584K) Eden: 202240K(202240K)->0K(195072K) From: 256K(512K)->240K(512K)
[13381.650s][info][gc,heap        ] GC(33802) ParOldGen: 324477K(324608K)->324493K(324608K)
[13381.650s][info][gc,metaspace   ] GC(33802) Metaspace: 8795K(9024K)->8795K(9024K) NonClass: 8142K(8320K)->8142K(8320K) Class: 652K(704K)->652K(704K)
[13381.650s][info][gc             ] GC(33802) Pause Young (Allocation Failure) 514M->317M(508M) 1.128ms
[13381.650s][info][gc,cpu         ] GC(33802) User=0.01s Sys=0.00s Real=0.00s
[13382.255s][info][gc,start       ] GC(33803) Pause Young (Allocation Failure)
[13382.257s][info][gc,heap        ] GC(33803) PSYoungGen: 195312K(195584K)->272K(188416K) Eden: 195072K(195072K)->0K(187904K) From: 240K(512K)->272K(512K)
[13382.257s][info][gc,heap        ] GC(33803) ParOldGen: 324493K(324608K)->324501K(324608K)
[13382.257s][info][gc,metaspace   ] GC(33803) Metaspace: 8795K(9024K)->8795K(9024K) NonClass: 8142K(8320K)->8142K(8320K) Class: 652K(704K)->652K(704K)
[13382.257s][info][gc             ] GC(33803) Pause Young (Allocation Failure) 507M->317M(501M) 2.269ms
[13382.257s][info][gc,cpu         ] GC(33803) User=0.01s Sys=0.00s Real=0.00s
[13382.875s][info][gc,start       ] GC(33804) Pause Young (Allocation Failure)
[13382.877s][info][gc,heap        ] GC(33804) PSYoungGen: 188176K(188416K)->256K(181760K) Eden: 187904K(187904K)->0K(181248K) From: 272K(512K)->256K(512K)
[13382.877s][info][gc,heap        ] GC(33804) ParOldGen: 324501K(324608K)->324517K(324608K)
[13382.877s][info][gc,metaspace   ] GC(33804) Metaspace: 8795K(9024K)->8795K(9024K) NonClass: 8142K(8320K)->8142K(8320K) Class: 652K(704K)->652K(704K)
[13382.877s][info][gc             ] GC(33804) Pause Young (Allocation Failure) 500M->317M(494M) 2.060ms
[13382.877s][info][gc,cpu         ] GC(33804) User=0.00s Sys=0.00s Real=0.00s
[13383.456s][info][gc,start       ] GC(33805) Pause Young (Allocation Failure)
[13383.459s][info][gc,heap        ] GC(33805) PSYoungGen: 181504K(181760K)->224K(175104K) Eden: 181248K(181248K)->0K(174592K) From: 256K(512K)->224K(512K)
[13383.459s][info][gc,heap        ] GC(33805) ParOldGen: 324517K(324608K)->324533K(324608K)
[13383.459s][info][gc,metaspace   ] GC(33805) Metaspace: 8795K(9024K)->8795K(9024K) NonClass: 8142K(8320K)->8142K(8320K) Class: 652K(704K)->652K(704K)
[13383.459s][info][gc             ] GC(33805) Pause Young (Allocation Failure) 494M->317M(488M) 2.933ms
[13383.459s][info][gc,cpu         ] GC(33805) User=0.00s Sys=0.00s Real=0.00s
[13384.038s][info][gc,start       ] GC(33806) Pause Young (Allocation Failure)
[13384.042s][info][gc,heap        ] GC(33806) PSYoungGen: 174816K(175104K)->224K(168960K) Eden: 174592K(174592K)->0K(168448K) From: 224K(512K)->224K(512K)
[13384.042s][info][gc,heap        ] GC(33806) ParOldGen: 324533K(324608K)->324541K(324608K)
[13384.042s][info][gc,metaspace   ] GC(33806) Metaspace: 8795K(9024K)->8795K(9024K) NonClass: 8142K(8320K)->8142K(8320K) Class: 652K(704K)->652K(704K)
[13384.042s][info][gc             ] GC(33806) Pause Young (Allocation Failure) 487M->317M(482M) 3.527ms
[13384.042s][info][gc,cpu         ] GC(33806) User=0.01s Sys=0.00s Real=0.01s
[13384.586s][info][gc,start       ] GC(33807) Pause Young (Allocation Failure)
[13384.588s][info][gc,heap        ] GC(33807) PSYoungGen: 168672K(168960K)->272K(163328K) Eden: 168448K(168448K)->0K(162816K) From: 224K(512K)->272K(512K)
[13384.588s][info][gc,heap        ] GC(33807) ParOldGen: 324541K(324608K)->324557K(324608K)
[13384.588s][info][gc,metaspace   ] GC(33807) Metaspace: 8795K(9024K)->8795K(9024K) NonClass: 8142K(8320K)->8142K(8320K) Class: 652K(704K)->652K(704K)
[13384.588s][info][gc             ] GC(33807) Pause Young (Allocation Failure) 481M->317M(476M) 2.351ms
[13384.588s][info][gc,cpu         ] GC(33807) User=0.00s Sys=0.00s Real=0.00s
[13385.115s][info][gc,start       ] GC(33808) Pause Young (Allocation Failure)
[13385.118s][info][gc,heap        ] GC(33808) PSYoungGen: 163088K(163328K)->240K(157696K) Eden: 162816K(162816K)->0K(157184K) From: 272K(512K)->240K(512K)
[13385.118s][info][gc,heap        ] GC(33808) ParOldGen: 324557K(324608K)->324565K(324608K)
[13385.118s][info][gc,metaspace   ] GC(33808) Metaspace: 8795K(9024K)->8795K(9024K) NonClass: 8142K(8320K)->8142K(8320K) Class: 652K(704K)->652K(704K)
[13385.118s][info][gc             ] GC(33808) Pause Young (Allocation Failure) 476M->317M(471M) 2.438ms
[13385.118s][info][gc,cpu         ] GC(33808) User=0.00s Sys=0.00s Real=0.00s
[13385.640s][info][gc,start       ] GC(33809) Pause Young (Allocation Failure)
[13385.641s][info][gc,heap        ] GC(33809) PSYoungGen: 157424K(157696K)->240K(152576K) Eden: 157184K(157184K)->0K(152064K) From: 240K(512K)->240K(512K)
[13385.641s][info][gc,heap        ] GC(33809) ParOldGen: 324565K(324608K)->324581K(324608K)
[13385.641s][info][gc,metaspace   ] GC(33809) Metaspace: 8795K(9024K)->8795K(9024K) NonClass: 8142K(8320K)->8142K(8320K) Class: 652K(704K)->652K(704K)
[13385.641s][info][gc             ] GC(33809) Pause Young (Allocation Failure) 470M->317M(466M) 1.219ms
[13385.641s][info][gc,cpu         ] GC(33809) User=0.01s Sys=0.00s Real=0.01s
[13386.153s][info][gc,start       ] GC(33810) Pause Young (Allocation Failure)
[13386.155s][info][gc,heap        ] GC(33810) PSYoungGen: 152304K(152576K)->256K(147456K) Eden: 152064K(152064K)->0K(146944K) From: 240K(512K)->256K(512K)
[13386.155s][info][gc,heap        ] GC(33810) ParOldGen: 324581K(324608K)->324589K(324608K)
[13386.155s][info][gc,metaspace   ] GC(33810) Metaspace: 8795K(9024K)->8795K(9024K) NonClass: 8142K(8320K)->8142K(8320K) Class: 652K(704K)->652K(704K)
[13386.155s][info][gc             ] GC(33810) Pause Young (Allocation Failure) 465M->317M(461M) 2.048ms
[13386.155s][info][gc,cpu         ] GC(33810) User=0.00s Sys=0.00s Real=0.00s
[13386.621s][info][gc,start       ] GC(33811) Pause Young (Allocation Failure)
[13386.623s][info][gc,heap        ] GC(33811) PSYoungGen: 147200K(147456K)->272K(142848K) Eden: 146944K(146944K)->0K(142336K) From: 256K(512K)->272K(512K)
[13386.623s][info][gc,heap        ] GC(33811) ParOldGen: 324589K(324608K)->324605K(324608K)
[13386.623s][info][gc,metaspace   ] GC(33811) Metaspace: 8795K(9024K)->8795K(9024K) NonClass: 8142K(8320K)->8142K(8320K) Class: 652K(704K)->652K(704K)
[13386.623s][info][gc             ] GC(33811) Pause Young (Allocation Failure) 460M->317M(456M) 2.175ms
[13386.623s][info][gc,cpu         ] GC(33811) User=0.00s Sys=0.00s Real=0.00s
[13387.129s][info][gc,start       ] GC(33812) Pause Young (Allocation Failure)
[13387.131s][info][gc,heap        ] GC(33812) PSYoungGen: 142608K(142848K)->224K(138240K) Eden: 142336K(142336K)->0K(137728K) From: 272K(512K)->224K(512K)
[13387.131s][info][gc,heap        ] GC(33812) ParOldGen: 324605K(324608K)->324621K(325120K)
[13387.131s][info][gc,metaspace   ] GC(33812) Metaspace: 8795K(9024K)->8795K(9024K) NonClass: 8142K(8320K)->8142K(8320K) Class: 652K(704K)->652K(704K)
[13387.131s][info][gc             ] GC(33812) Pause Young (Allocation Failure) 456M->317M(452M) 2.149ms
[13387.131s][info][gc,cpu         ] GC(33812) User=0.01s Sys=0.00s Real=0.01s
[13387.567s][info][gc,start       ] GC(33813) Pause Young (Allocation Failure)
[13387.569s][info][gc,heap        ] GC(33813) PSYoungGen: 137952K(138240K)->272K(133632K) Eden: 137728K(137728K)->0K(133120K) From: 224K(512K)->272K(512K)
[13387.569s][info][gc,heap        ] GC(33813) ParOldGen: 324621K(325120K)->324629K(325120K)
[13387.569s][info][gc,metaspace   ] GC(33813) Metaspace: 8795K(9024K)->8795K(9024K) NonClass: 8142K(8320K)->8142K(8320K) Class: 652K(704K)->652K(704K)
[13387.569s][info][gc             ] GC(33813) Pause Young (Allocation Failure) 451M->317M(448M) 2.340ms
[13387.569s][info][gc,cpu         ] GC(33813) User=0.00s Sys=0.00s Real=0.00s
[13388.009s][info][gc,start       ] GC(33814) Pause Young (Allocation Failure)
[13388.011s][info][gc,heap        ] GC(33814) PSYoungGen: 133392K(133632K)->256K(129536K) Eden: 133120K(133120K)->0K(129024K) From: 272K(512K)->256K(512K)
[13388.011s][info][gc,heap        ] GC(33814) ParOldGen: 324629K(325120K)->324637K(325120K)
[13388.011s][info][gc,metaspace   ] GC(33814) Metaspace: 8795K(9024K)->8795K(9024K) NonClass: 8142K(8320K)->8142K(8320K) Class: 652K(704K)->652K(704K)
[13388.011s][info][gc             ] GC(33814) Pause Young (Allocation Failure) 447M->317M(444M) 2.087ms
[13388.011s][info][gc,cpu         ] GC(33814) User=0.00s Sys=0.00s Real=0.01s
[13388.412s][info][gc,start       ] GC(33815) Pause Young (Allocation Failure)
[13388.414s][info][gc,heap        ] GC(33815) PSYoungGen: 129280K(129536K)->272K(125440K) Eden: 129024K(129024K)->0K(124928K) From: 256K(512K)->272K(512K)
[13388.414s][info][gc,heap        ] GC(33815) ParOldGen: 324637K(325120K)->324653K(325120K)
[13388.414s][info][gc,metaspace   ] GC(33815) Metaspace: 8795K(9024K)->8795K(9024K) NonClass: 8142K(8320K)->8142K(8320K) Class: 652K(704K)->652K(704K)
[13388.414s][info][gc             ] GC(33815) Pause Young (Allocation Failure) 443M->317M(440M) 2.101ms
[13388.414s][info][gc,cpu         ] GC(33815) User=0.00s Sys=0.00s Real=0.00s
[13388.818s][info][gc,start       ] GC(33816) Pause Young (Allocation Failure)
[13388.820s][info][gc,heap        ] GC(33816) PSYoungGen: 125200K(125440K)->256K(121344K) Eden: 124928K(124928K)->0K(120832K) From: 272K(512K)->256K(512K)
[13388.820s][info][gc,heap        ] GC(33816) ParOldGen: 324653K(325120K)->324661K(325120K)
[13388.820s][info][gc,metaspace   ] GC(33816) Metaspace: 8795K(9024K)->8795K(9024K) NonClass: 8142K(8320K)->8142K(8320K) Class: 652K(704K)->652K(704K)
[13388.820s][info][gc             ] GC(33816) Pause Young (Allocation Failure) 439M->317M(436M) 2.185ms
[13388.820s][info][gc,cpu         ] GC(33816) User=0.01s Sys=0.00s Real=0.00s
[13389.248s][info][gc,start       ] GC(33817) Pause Young (Allocation Failure)
[13389.249s][info][gc,heap        ] GC(33817) PSYoungGen: 121088K(121344K)->240K(117760K) Eden: 120832K(120832K)->0K(117248K) From: 256K(512K)->240K(512K)
[13389.249s][info][gc,heap        ] GC(33817) ParOldGen: 324661K(325120K)->324677K(325120K)
[13389.249s][info][gc,metaspace   ] GC(33817) Metaspace: 8795K(9024K)->8795K(9024K) NonClass: 8142K(8320K)->8142K(8320K) Class: 652K(704K)->652K(704K)
[13389.250s][info][gc             ] GC(33817) Pause Young (Allocation Failure) 435M->317M(432M) 1.762ms
[13389.250s][info][gc,cpu         ] GC(33817) User=0.00s Sys=0.00s Real=0.00s
[13389.635s][info][gc,start       ] GC(33818) Pause Young (Allocation Failure)
[13389.637s][info][gc,heap        ] GC(33818) PSYoungGen: 117488K(117760K)->288K(114176K) Eden: 117248K(117248K)->0K(113664K) From: 240K(512K)->288K(512K)
[13389.637s][info][gc,heap        ] GC(33818) ParOldGen: 324677K(325120K)->324693K(325120K)
[13389.637s][info][gc,metaspace   ] GC(33818) Metaspace: 8795K(9024K)->8795K(9024K) NonClass: 8142K(8320K)->8142K(8320K) Class: 652K(704K)->652K(704K)
[13389.637s][info][gc             ] GC(33818) Pause Young (Allocation Failure) 431M->317M(429M) 1.171ms
[13389.637s][info][gc,cpu         ] GC(33818) User=0.00s Sys=0.00s Real=0.00s
[13390.007s][info][gc,start       ] GC(33819) Pause Young (Allocation Failure)
[13390.009s][info][gc,heap        ] GC(33819) PSYoungGen: 113952K(114176K)->224K(110592K) Eden: 113664K(113664K)->0K(110080K) From: 288K(512K)->224K(512K)
[13390.009s][info][gc,heap        ] GC(33819) ParOldGen: 324693K(325120K)->324709K(325120K)
[13390.009s][info][gc,metaspace   ] GC(33819) Metaspace: 8795K(9024K)->8795K(9024K) NonClass: 8142K(8320K)->8142K(8320K) Class: 652K(704K)->652K(704K)
[13390.009s][info][gc             ] GC(33819) Pause Young (Allocation Failure) 428M->317M(425M) 1.203ms
[13390.009s][info][gc,cpu         ] GC(33819) User=0.00s Sys=0.00s Real=0.00s
[13390.372s][info][gc,start       ] GC(33820) Pause Young (Allocation Failure)
[13390.373s][info][gc,heap        ] GC(33820) PSYoungGen: 110304K(110592K)->240K(107520K) Eden: 110080K(110080K)->0K(107008K) From: 224K(512K)->240K(512K)
[13390.373s][info][gc,heap        ] GC(33820) ParOldGen: 324709K(325120K)->324725K(325120K)
[13390.373s][info][gc,metaspace   ] GC(33820) Metaspace: 8795K(9024K)->8795K(9024K) NonClass: 8142K(8320K)->8142K(8320K) Class: 652K(704K)->652K(704K)
[13390.373s][info][gc             ] GC(33820) Pause Young (Allocation Failure) 424M->317M(422M) 1.193ms
[13390.373s][info][gc,cpu         ] GC(33820) User=0.00s Sys=0.00s Real=0.00s
[13390.743s][info][gc,start       ] GC(33821) Pause Young (Allocation Failure)
[13390.744s][info][gc,heap        ] GC(33821) PSYoungGen: 107248K(107520K)->240K(104448K) Eden: 107008K(107008K)->0K(103936K) From: 240K(512K)->240K(512K)
[13390.744s][info][gc,heap        ] GC(33821) ParOldGen: 324725K(325120K)->324741K(325120K)
[13390.744s][info][gc,metaspace   ] GC(33821) Metaspace: 8795K(9024K)->8795K(9024K) NonClass: 8142K(8320K)->8142K(8320K) Class: 652K(704K)->652K(704K)
[13390.744s][info][gc             ] GC(33821) Pause Young (Allocation Failure) 421M->317M(419M) 1.200ms
[13390.744s][info][gc,cpu         ] GC(33821) User=0.00s Sys=0.00s Real=0.00s
[13391.073s][info][gc,start       ] GC(33822) Pause Young (Allocation Failure)
[13391.074s][info][gc,heap        ] GC(33822) PSYoungGen: 104176K(104448K)->240K(101376K) Eden: 103936K(103936K)->0K(100864K) From: 240K(512K)->240K(512K)
[13391.075s][info][gc,heap        ] GC(33822) ParOldGen: 324741K(325120K)->324757K(325120K)
[13391.075s][info][gc,metaspace   ] GC(33822) Metaspace: 8795K(9024K)->8795K(9024K) NonClass: 8142K(8320K)->8142K(8320K) Class: 652K(704K)->652K(704K)
[13391.075s][info][gc             ] GC(33822) Pause Young (Allocation Failure) 418M->317M(416M) 1.178ms
[13391.075s][info][gc,cpu         ] GC(33822) User=0.00s Sys=0.00s Real=0.00s
[13391.418s][info][gc,start       ] GC(33823) Pause Young (Allocation Failure)
[13391.420s][info][gc,heap        ] GC(33823) PSYoungGen: 101104K(101376K)->192K(98304K) Eden: 100864K(100864K)->0K(97792K) From: 240K(512K)->192K(512K)
[13391.420s][info][gc,heap        ] GC(33823) ParOldGen: 324757K(325120K)->324765K(325120K)
[13391.420s][info][gc,metaspace   ] GC(33823) Metaspace: 8795K(9024K)->8795K(9024K) NonClass: 8142K(8320K)->8142K(8320K) Class: 652K(704K)->652K(704K)
[13391.420s][info][gc             ] GC(33823) Pause Young (Allocation Failure) 415M->317M(413M) 2.113ms
[13391.420s][info][gc,cpu         ] GC(33823) User=0.00s Sys=0.00s Real=0.00s
[13391.740s][info][gc,start       ] GC(33824) Pause Young (Allocation Failure)
[13391.742s][info][gc,heap        ] GC(33824) PSYoungGen: 97984K(98304K)->240K(95744K) Eden: 97792K(97792K)->0K(95232K) From: 192K(512K)->240K(512K)
[13391.742s][info][gc,heap        ] GC(33824) ParOldGen: 324765K(325120K)->324781K(325120K)
[13391.742s][info][gc,metaspace   ] GC(33824) Metaspace: 8795K(9024K)->8795K(9024K) NonClass: 8142K(8320K)->8142K(8320K) Class: 652K(704K)->652K(704K)
[13391.742s][info][gc             ] GC(33824) Pause Young (Allocation Failure) 412M->317M(411M) 1.181ms
[13391.742s][info][gc,cpu         ] GC(33824) User=0.00s Sys=0.00s Real=0.00s
[13392.060s][info][gc,start       ] GC(33825) Pause Young (Allocation Failure)
[13392.061s][info][gc,heap        ] GC(33825) PSYoungGen: 95472K(95744K)->256K(93184K) Eden: 95232K(95232K)->0K(92672K) From: 240K(512K)->256K(512K)
[13392.061s][info][gc,heap        ] GC(33825) ParOldGen: 324781K(325120K)->324797K(325120K)
[13392.061s][info][gc,metaspace   ] GC(33825) Metaspace: 8795K(9024K)->8795K(9024K) NonClass: 8142K(8320K)->8142K(8320K) Class: 652K(704K)->652K(704K)
[13392.061s][info][gc             ] GC(33825) Pause Young (Allocation Failure) 410M->317M(408M) 1.210ms
[13392.061s][info][gc,cpu         ] GC(33825) User=0.00s Sys=0.00s Real=0.01s
[13392.377s][info][gc,start       ] GC(33826) Pause Young (Allocation Failure)
[13392.379s][info][gc,heap        ] GC(33826) PSYoungGen: 92928K(93184K)->288K(90624K) Eden: 92672K(92672K)->0K(90112K) From: 256K(512K)->288K(512K)
[13392.379s][info][gc,heap        ] GC(33826) ParOldGen: 324797K(325120K)->324813K(325120K)
[13392.379s][info][gc,metaspace   ] GC(33826) Metaspace: 8795K(9024K)->8795K(9024K) NonClass: 8142K(8320K)->8142K(8320K) Class: 652K(704K)->652K(704K)
[13392.379s][info][gc             ] GC(33826) Pause Young (Allocation Failure) 407M->317M(406M) 1.213ms
[13392.379s][info][gc,cpu         ] GC(33826) User=0.01s Sys=0.00s Real=0.00s
[13392.663s][info][gc,start       ] GC(33827) Pause Young (Allocation Failure)
[13392.664s][info][gc,heap        ] GC(33827) PSYoungGen: 90400K(90624K)->256K(88064K) Eden: 90112K(90112K)->0K(87552K) From: 288K(512K)->256K(512K)
[13392.664s][info][gc,heap        ] GC(33827) ParOldGen: 324813K(325120K)->324829K(325120K)
[13392.665s][info][gc,metaspace   ] GC(33827) Metaspace: 8795K(9024K)->8795K(9024K) NonClass: 8142K(8320K)->8142K(8320K) Class: 652K(704K)->652K(704K)
[13392.665s][info][gc             ] GC(33827) Pause Young (Allocation Failure) 405M->317M(403M) 1.208ms
[13392.665s][info][gc,cpu         ] GC(33827) User=0.01s Sys=0.00s Real=0.00s
[13392.957s][info][gc,start       ] GC(33828) Pause Young (Allocation Failure)
[13392.958s][info][gc,heap        ] GC(33828) PSYoungGen: 87808K(88064K)->240K(202752K) Eden: 87552K(87552K)->0K(202240K) From: 256K(512K)->240K(512K)
[13392.958s][info][gc,heap        ] GC(33828) ParOldGen: 324829K(325120K)->324845K(325120K)
[13392.958s][info][gc,metaspace   ] GC(33828) Metaspace: 8795K(9024K)->8795K(9024K) NonClass: 8142K(8320K)->8142K(8320K) Class: 652K(704K)->652K(704K)
[13392.958s][info][gc             ] GC(33828) Pause Young (Allocation Failure) 402M->317M(515M) 1.180ms
[13392.958s][info][gc,cpu         ] GC(33828) User=0.00s Sys=0.00s Real=0.00s
[13393.674s][info][gc,start       ] GC(33829) Pause Young (Allocation Failure)
[13393.675s][info][gc,heap        ] GC(33829) PSYoungGen: 202480K(202752K)->256K(195584K) Eden: 202240K(202240K)->0K(195072K) From: 240K(512K)->256K(512K)
[13393.675s][info][gc,heap        ] GC(33829) ParOldGen: 324845K(325120K)->324861K(325120K)
[13393.675s][info][gc,metaspace   ] GC(33829) Metaspace: 8795K(9024K)->8795K(9024K) NonClass: 8142K(8320K)->8142K(8320K) Class: 652K(704K)->652K(704K)
[13393.675s][info][gc             ] GC(33829) Pause Young (Allocation Failure) 514M->317M(508M) 1.190ms
[13393.675s][info][gc,cpu         ] GC(33829) User=0.00s Sys=0.00s Real=0.00s
[13394.314s][info][gc,start       ] GC(33830) Pause Young (Allocation Failure)
[13394.316s][info][gc,heap        ] GC(33830) PSYoungGen: 195328K(195584K)->208K(188416K) Eden: 195072K(195072K)->0K(187904K) From: 256K(512K)->208K(512K)
[13394.316s][info][gc,heap        ] GC(33830) ParOldGen: 324861K(325120K)->324869K(325120K)
[13394.316s][info][gc,metaspace   ] GC(33830) Metaspace: 8795K(9024K)->8795K(9024K) NonClass: 8142K(8320K)->8142K(8320K) Class: 652K(704K)->652K(704K)
[13394.316s][info][gc             ] GC(33830) Pause Young (Allocation Failure) 507M->317M(501M) 2.148ms
[13394.316s][info][gc,cpu         ] GC(33830) User=0.00s Sys=0.01s Real=0.00s
[13394.904s][info][gc,start       ] GC(33831) Pause Young (Allocation Failure)
[13394.905s][info][gc,heap        ] GC(33831) PSYoungGen: 188112K(188416K)->320K(181760K) Eden: 187904K(187904K)->0K(181248K) From: 208K(512K)->320K(512K)
[13394.905s][info][gc,heap        ] GC(33831) ParOldGen: 324869K(325120K)->324885K(325120K)
[13394.905s][info][gc,metaspace   ] GC(33831) Metaspace: 8795K(9024K)->8795K(9024K) NonClass: 8142K(8320K)->8142K(8320K) Class: 652K(704K)->652K(704K)
[13394.905s][info][gc             ] GC(33831) Pause Young (Allocation Failure) 500M->317M(495M) 1.230ms
[13394.905s][info][gc,cpu         ] GC(33831) User=0.01s Sys=0.00s Real=0.00s
[13395.502s][info][gc,start       ] GC(33832) Pause Young (Allocation Failure)
[13395.503s][info][gc,heap        ] GC(33832) PSYoungGen: 181568K(181760K)->240K(175104K) Eden: 181248K(181248K)->0K(174592K) From: 320K(512K)->240K(512K)
[13395.503s][info][gc,heap        ] GC(33832) ParOldGen: 324885K(325120K)->324901K(325120K)
[13395.503s][info][gc,metaspace   ] GC(33832) Metaspace: 8795K(9024K)->8795K(9024K) NonClass: 8142K(8320K)->8142K(8320K) Class: 652K(704K)->652K(704K)
[13395.503s][info][gc             ] GC(33832) Pause Young (Allocation Failure) 494M->317M(488M) 1.196ms
[13395.503s][info][gc,cpu         ] GC(33832) User=0.00s Sys=0.00s Real=0.00s
[13396.096s][info][gc,start       ] GC(33833) Pause Young (Allocation Failure)
[13396.097s][info][gc,heap        ] GC(33833) PSYoungGen: 174832K(175104K)->256K(168960K) Eden: 174592K(174592K)->0K(168448K) From: 240K(512K)->256K(512K)
[13396.097s][info][gc,heap        ] GC(33833) ParOldGen: 324901K(325120K)->324917K(325120K)
[13396.097s][info][gc,metaspace   ] GC(33833) Metaspace: 8795K(9024K)->8795K(9024K) NonClass: 8142K(8320K)->8142K(8320K) Class: 652K(704K)->652K(704K)
[13396.097s][info][gc             ] GC(33833) Pause Young (Allocation Failure) 488M->317M(482M) 1.227ms
[13396.097s][info][gc,cpu         ] GC(33833) User=0.00s Sys=0.00s Real=0.00s
[13396.679s][info][gc,start       ] GC(33834) Pause Young (Allocation Failure)
[13396.680s][info][gc,heap        ] GC(33834) PSYoungGen: 168704K(168960K)->240K(163328K) Eden: 168448K(168448K)->0K(162816K) From: 256K(512K)->240K(512K)
[13396.680s][info][gc,heap        ] GC(33834) ParOldGen: 324917K(325120K)->324933K(325120K)
[13396.680s][info][gc,metaspace   ] GC(33834) Metaspace: 8795K(9024K)->8795K(9024K) NonClass: 8142K(8320K)->8142K(8320K) Class: 652K(704K)->652K(704K)
[13396.680s][info][gc             ] GC(33834) Pause Young (Allocation Failure) 482M->317M(477M) 1.231ms
[13396.680s][info][gc,cpu         ] GC(33834) User=0.00s Sys=0.00s Real=0.01s
[13397.255s][info][gc,start       ] GC(33835) Pause Young (Allocation Failure)
[13397.256s][info][gc,heap        ] GC(33835) PSYoungGen: 163056K(163328K)->240K(157696K) Eden: 162816K(162816K)->0K(157184K) From: 240K(512K)->240K(512K)
[13397.256s][info][gc,heap        ] GC(33835) ParOldGen: 324933K(325120K)->324949K(325120K)
[13397.256s][info][gc,metaspace   ] GC(33835) Metaspace: 8795K(9024K)->8795K(9024K) NonClass: 8142K(8320K)->8142K(8320K) Class: 652K(704K)->652K(704K)
[13397.256s][info][gc             ] GC(33835) Pause Young (Allocation Failure) 476M->317M(471M) 1.221ms
[13397.256s][info][gc,cpu         ] GC(33835) User=0.01s Sys=0.00s Real=0.00s
[13397.768s][info][gc,start       ] GC(33836) Pause Young (Allocation Failure)
[13397.769s][info][gc,heap        ] GC(33836) PSYoungGen: 157424K(157696K)->240K(152576K) Eden: 157184K(157184K)->0K(152064K) From: 240K(512K)->240K(512K)
[13397.769s][info][gc,heap        ] GC(33836) ParOldGen: 324949K(325120K)->324965K(325120K)
[13397.769s][info][gc,metaspace   ] GC(33836) Metaspace: 8795K(9024K)->8795K(9024K) NonClass: 8142K(8320K)->8142K(8320K) Class: 652K(704K)->652K(704K)
[13397.769s][info][gc             ] GC(33836) Pause Young (Allocation Failure) 471M->317M(466M) 1.203ms
[13397.769s][info][gc,cpu         ] GC(33836) User=0.00s Sys=0.00s Real=0.00s
[13398.265s][info][gc,start       ] GC(33837) Pause Young (Allocation Failure)
[13398.266s][info][gc,heap        ] GC(33837) PSYoungGen: 152304K(152576K)->240K(147456K) Eden: 152064K(152064K)->0K(146944K) From: 240K(512K)->240K(512K)
[13398.266s][info][gc,heap        ] GC(33837) ParOldGen: 324965K(325120K)->324981K(325120K)
[13398.266s][info][gc,metaspace   ] GC(33837) Metaspace: 8795K(9024K)->8795K(9024K) NonClass: 8142K(8320K)->8142K(8320K) Class: 652K(704K)->652K(704K)
[13398.266s][info][gc             ] GC(33837) Pause Young (Allocation Failure) 466M->317M(461M) 1.198ms
[13398.266s][info][gc,cpu         ] GC(33837) User=0.00s Sys=0.00s Real=0.00s
[13398.742s][info][gc,start       ] GC(33838) Pause Young (Allocation Failure)
[13398.743s][info][gc,heap        ] GC(33838) PSYoungGen: 147184K(147456K)->256K(142848K) Eden: 146944K(146944K)->0K(142336K) From: 240K(512K)->256K(512K)
[13398.743s][info][gc,heap        ] GC(33838) ParOldGen: 324981K(325120K)->324989K(325120K)
[13398.743s][info][gc,metaspace   ] GC(33838) Metaspace: 8795K(9024K)->8795K(9024K) NonClass: 8142K(8320K)->8142K(8320K) Class: 652K(704K)->652K(704K)
[13398.743s][info][gc             ] GC(33838) Pause Young (Allocation Failure) 461M->317M(457M) 1.287ms
[13398.743s][info][gc,cpu         ] GC(33838) User=0.00s Sys=0.00s Real=0.00s
[13399.237s][info][gc,start       ] GC(33839) Pause Young (Allocation Failure)
[13399.238s][info][gc,heap        ] GC(33839) PSYoungGen: 142592K(142848K)->224K(138240K) Eden: 142336K(142336K)->0K(137728K) From: 256K(512K)->224K(512K)
[13399.238s][info][gc,heap        ] GC(33839) ParOldGen: 324989K(325120K)->325005K(325120K)
[13399.238s][info][gc,metaspace   ] GC(33839) Metaspace: 8795K(9024K)->8795K(9024K) NonClass: 8142K(8320K)->8142K(8320K) Class: 652K(704K)->652K(704K)
[13399.238s][info][gc             ] GC(33839) Pause Young (Allocation Failure) 456M->317M(452M) 1.183ms
[13399.238s][info][gc,cpu         ] GC(33839) User=0.00s Sys=0.01s Real=0.00s
[13399.716s][info][gc,start       ] GC(33840) Pause Young (Allocation Failure)
[13399.717s][info][gc,heap        ] GC(33840) PSYoungGen: 137952K(138240K)->288K(133632K) Eden: 137728K(137728K)->0K(133120K) From: 224K(512K)->288K(512K)
[13399.717s][info][gc,heap        ] GC(33840) ParOldGen: 325005K(325120K)->325021K(325120K)
[13399.717s][info][gc,metaspace   ] GC(33840) Metaspace: 8795K(9024K)->8795K(9024K) NonClass: 8142K(8320K)->8142K(8320K) Class: 652K(704K)->652K(704K)
[13399.717s][info][gc             ] GC(33840) Pause Young (Allocation Failure) 452M->317M(448M) 1.177ms
[13399.717s][info][gc,cpu         ] GC(33840) User=0.00s Sys=0.00s Real=0.00s
[13400.133s][info][gc,start       ] GC(33841) Pause Young (Allocation Failure)
[13400.134s][info][gc,heap        ] GC(33841) PSYoungGen: 133408K(133632K)->256K(129536K) Eden: 133120K(133120K)->0K(129024K) From: 288K(512K)->256K(512K)
[13400.134s][info][gc,heap        ] GC(33841) ParOldGen: 325021K(325120K)->325037K(325120K)
[13400.134s][info][gc,metaspace   ] GC(33841) Metaspace: 8795K(9024K)->8795K(9024K) NonClass: 8142K(8320K)->8142K(8320K) Class: 652K(704K)->652K(704K)
[13400.134s][info][gc             ] GC(33841) Pause Young (Allocation Failure) 447M->317M(444M) 1.173ms
[13400.134s][info][gc,cpu         ] GC(33841) User=0.00s Sys=0.00s Real=0.00s
[13400.569s][info][gc,start       ] GC(33842) Pause Young (Allocation Failure)
[13400.570s][info][gc,heap        ] GC(33842) PSYoungGen: 129280K(129536K)->240K(125440K) Eden: 129024K(129024K)->0K(124928K) From: 256K(512K)->240K(512K)
[13400.570s][info][gc,heap        ] GC(33842) ParOldGen: 325037K(325120K)->325053K(325120K)
[13400.570s][info][gc,metaspace   ] GC(33842) Metaspace: 8795K(9024K)->8795K(9024K) NonClass: 8142K(8320K)->8142K(8320K) Class: 652K(704K)->652K(704K)
[13400.570s][info][gc             ] GC(33842) Pause Young (Allocation Failure) 443M->317M(440M) 1.156ms
[13400.570s][info][gc,cpu         ] GC(33842) User=0.00s Sys=0.00s Real=0.00s
[13400.979s][info][gc,start       ] GC(33843) Pause Young (Allocation Failure)
[13400.980s][info][gc,heap        ] GC(33843) PSYoungGen: 125168K(125440K)->256K(121344K) Eden: 124928K(124928K)->0K(120832K) From: 240K(512K)->256K(512K)
[13400.980s][info][gc,heap        ] GC(33843) ParOldGen: 325053K(325120K)->325069K(325120K)
[13400.980s][info][gc,metaspace   ] GC(33843) Metaspace: 8795K(9024K)->8795K(9024K) NonClass: 8142K(8320K)->8142K(8320K) Class: 652K(704K)->652K(704K)
[13400.980s][info][gc             ] GC(33843) Pause Young (Allocation Failure) 439M->317M(436M) 1.598ms
[13400.980s][info][gc,cpu         ] GC(33843) User=0.00s Sys=0.00s Real=0.01s
[13401.371s][info][gc,start       ] GC(33844) Pause Young (Allocation Failure)
[13401.373s][info][gc,heap        ] GC(33844) PSYoungGen: 121088K(121344K)->240K(117760K) Eden: 120832K(120832K)->0K(117248K) From: 256K(512K)->240K(512K)
[13401.374s][info][gc,heap        ] GC(33844) ParOldGen: 325069K(325120K)->325085K(325120K)
[13401.374s][info][gc,metaspace   ] GC(33844) Metaspace: 8795K(9024K)->8795K(9024K) NonClass: 8142K(8320K)->8142K(8320K) Class: 652K(704K)->652K(704K)
[13401.374s][info][gc             ] GC(33844) Pause Young (Allocation Failure) 435M->317M(432M) 2.141ms
[13401.374s][info][gc,cpu         ] GC(33844) User=0.00s Sys=0.00s Real=0.00s
[13401.746s][info][gc,start       ] GC(33845) Pause Young (Allocation Failure)
[13401.748s][info][gc,heap        ] GC(33845) PSYoungGen: 117488K(117760K)->256K(114176K) Eden: 117248K(117248K)->0K(113664K) From: 240K(512K)->256K(512K)
[13401.748s][info][gc,heap        ] GC(33845) ParOldGen: 325085K(325120K)->325093K(325120K)
[13401.748s][info][gc,metaspace   ] GC(33845) Metaspace: 8795K(9024K)->8795K(9024K) NonClass: 8142K(8320K)->8142K(8320K) Class: 652K(704K)->652K(704K)
[13401.748s][info][gc             ] GC(33845) Pause Young (Allocation Failure) 432M->317M(429M) 2.117ms
[13401.748s][info][gc,cpu         ] GC(33845) User=0.00s Sys=0.00s Real=0.00s
[13402.120s][info][gc,start       ] GC(33846) Pause Young (Allocation Failure)
[13402.122s][info][gc,heap        ] GC(33846) PSYoungGen: 113920K(114176K)->256K(110592K) Eden: 113664K(113664K)->0K(110080K) From: 256K(512K)->256K(512K)
[13402.122s][info][gc,heap        ] GC(33846) ParOldGen: 325093K(325120K)->325109K(325120K)
[13402.122s][info][gc,metaspace   ] GC(33846) Metaspace: 8795K(9024K)->8795K(9024K) NonClass: 8142K(8320K)->8142K(8320K) Class: 652K(704K)->652K(704K)
[13402.122s][info][gc             ] GC(33846) Pause Young (Allocation Failure) 428M->317M(425M) 2.168ms
[13402.122s][info][gc,cpu         ] GC(33846) User=0.00s Sys=0.00s Real=0.01s
[13402.466s][info][gc,start       ] GC(33847) Pause Young (Allocation Failure)
[13402.468s][info][gc,heap        ] GC(33847) PSYoungGen: 110336K(110592K)->240K(107520K) Eden: 110080K(110080K)->0K(107008K) From: 256K(512K)->240K(512K)
[13402.468s][info][gc,heap        ] GC(33847) ParOldGen: 325109K(325120K)->325125K(325632K)
[13402.468s][info][gc,metaspace   ] GC(33847) Metaspace: 8795K(9024K)->8795K(9024K) NonClass: 8142K(8320K)->8142K(8320K) Class: 652K(704K)->652K(704K)
[13402.468s][info][gc             ] GC(33847) Pause Young (Allocation Failure) 425M->317M(423M) 2.164ms
[13402.468s][info][gc,cpu         ] GC(33847) User=0.01s Sys=0.00s Real=0.00s
[13402.809s][info][gc,start       ] GC(33848) Pause Young (Allocation Failure)
[13402.811s][info][gc,heap        ] GC(33848) PSYoungGen: 107248K(107520K)->224K(104448K) Eden: 107008K(107008K)->0K(103936K) From: 240K(512K)->224K(512K)
[13402.811s][info][gc,heap        ] GC(33848) ParOldGen: 325125K(325632K)->325133K(325632K)
[13402.811s][info][gc,metaspace   ] GC(33848) Metaspace: 8795K(9024K)->8795K(9024K) NonClass: 8142K(8320K)->8142K(8320K) Class: 652K(704K)->652K(704K)
[13402.811s][info][gc             ] GC(33848) Pause Young (Allocation Failure) 422M->317M(420M) 2.525ms
[13402.811s][info][gc,cpu         ] GC(33848) User=0.01s Sys=0.00s Real=0.01s
[13403.162s][info][gc,start       ] GC(33849) Pause Young (Allocation Failure)
[13403.164s][info][gc,heap        ] GC(33849) PSYoungGen: 104160K(104448K)->240K(101376K) Eden: 103936K(103936K)->0K(100864K) From: 224K(512K)->240K(512K)
[13403.164s][info][gc,heap        ] GC(33849) ParOldGen: 325133K(325632K)->325149K(325632K)
[13403.164s][info][gc,metaspace   ] GC(33849) Metaspace: 8795K(9024K)->8795K(9024K) NonClass: 8142K(8320K)->8142K(8320K) Class: 652K(704K)->652K(704K)
[13403.164s][info][gc             ] GC(33849) Pause Young (Allocation Failure) 419M->317M(417M) 2.359ms
[13403.164s][info][gc,cpu         ] GC(33849) User=0.00s Sys=0.00s Real=0.00s
[13403.513s][info][gc,start       ] GC(33850) Pause Young (Allocation Failure)
[13403.516s][info][gc,heap        ] GC(33850) PSYoungGen: 101104K(101376K)->240K(98304K) Eden: 100864K(100864K)->0K(97792K) From: 240K(512K)->240K(512K)
[13403.516s][info][gc,heap        ] GC(33850) ParOldGen: 325149K(325632K)->325165K(325632K)
[13403.516s][info][gc,metaspace   ] GC(33850) Metaspace: 8795K(9024K)->8795K(9024K) NonClass: 8142K(8320K)->8142K(8320K) Class: 652K(704K)->652K(704K)
[13403.516s][info][gc             ] GC(33850) Pause Young (Allocation Failure) 416M->317M(414M) 2.888ms
[13403.516s][info][gc,cpu         ] GC(33850) User=0.00s Sys=0.00s Real=0.00s
[13403.832s][info][gc,start       ] GC(33851) Pause Young (Allocation Failure)
[13403.834s][info][gc,heap        ] GC(33851) PSYoungGen: 98032K(98304K)->240K(95744K) Eden: 97792K(97792K)->0K(95232K) From: 240K(512K)->240K(512K)
[13403.834s][info][gc,heap        ] GC(33851) ParOldGen: 325165K(325632K)->325181K(325632K)
[13403.834s][info][gc,metaspace   ] GC(33851) Metaspace: 8795K(9024K)->8795K(9024K) NonClass: 8142K(8320K)->8142K(8320K) Class: 652K(704K)->652K(704K)
[13403.834s][info][gc             ] GC(33851) Pause Young (Allocation Failure) 413M->317M(411M) 2.643ms
[13403.834s][info][gc,cpu         ] GC(33851) User=0.00s Sys=0.00s Real=0.00s
[13404.138s][info][gc,start       ] GC(33852) Pause Young (Allocation Failure)
[13404.141s][info][gc,heap        ] GC(33852) PSYoungGen: 95472K(95744K)->288K(93184K) Eden: 95232K(95232K)->0K(92672K) From: 240K(512K)->288K(512K)
[13404.141s][info][gc,heap        ] GC(33852) ParOldGen: 325181K(325632K)->325197K(325632K)
[13404.141s][info][gc,metaspace   ] GC(33852) Metaspace: 8795K(9024K)->8795K(9024K) NonClass: 8142K(8320K)->8142K(8320K) Class: 652K(704K)->652K(704K)
[13404.141s][info][gc             ] GC(33852) Pause Young (Allocation Failure) 410M->317M(409M) 2.146ms
[13404.141s][info][gc,cpu         ] GC(33852) User=0.01s Sys=0.00s Real=0.01s
[13404.456s][info][gc,start       ] GC(33853) Pause Young (Allocation Failure)
[13404.458s][info][gc,heap        ] GC(33853) PSYoungGen: 92960K(93184K)->256K(90624K) Eden: 92672K(92672K)->0K(90112K) From: 288K(512K)->256K(512K)
[13404.458s][info][gc,heap        ] GC(33853) ParOldGen: 325197K(325632K)->325205K(325632K)
[13404.458s][info][gc,metaspace   ] GC(33853) Metaspace: 8795K(9024K)->8795K(9024K) NonClass: 8142K(8320K)->8142K(8320K) Class: 652K(704K)->652K(704K)
[13404.458s][info][gc             ] GC(33853) Pause Young (Allocation Failure) 408M->317M(406M) 2.092ms
[13404.458s][info][gc,cpu         ] GC(33853) User=0.01s Sys=0.00s Real=0.00s
[13404.765s][info][gc,start       ] GC(33854) Pause Young (Allocation Failure)
[13404.768s][info][gc,heap        ] GC(33854) PSYoungGen: 90368K(90624K)->240K(88064K) Eden: 90112K(90112K)->0K(87552K) From: 256K(512K)->240K(512K)
[13404.768s][info][gc,heap        ] GC(33854) ParOldGen: 325205K(325632K)->325213K(325632K)
[13404.768s][info][gc,metaspace   ] GC(33854) Metaspace: 8795K(9024K)->8795K(9024K) NonClass: 8142K(8320K)->8142K(8320K) Class: 652K(704K)->652K(704K)
[13404.768s][info][gc             ] GC(33854) Pause Young (Allocation Failure) 405M->317M(404M) 2.580ms
[13404.768s][info][gc,cpu         ] GC(33854) User=0.00s Sys=0.00s Real=0.00s
[13405.061s][info][gc,start       ] GC(33855) Pause Young (Allocation Failure)
[13405.063s][info][gc,heap        ] GC(33855) PSYoungGen: 87792K(88064K)->240K(202752K) Eden: 87552K(87552K)->0K(202240K) From: 240K(512K)->240K(512K)
[13405.063s][info][gc,heap        ] GC(33855) ParOldGen: 325213K(325632K)->325221K(325632K)
[13405.063s][info][gc,metaspace   ] GC(33855) Metaspace: 8795K(9024K)->8795K(9024K) NonClass: 8142K(8320K)->8142K(8320K) Class: 652K(704K)->652K(704K)
[13405.063s][info][gc             ] GC(33855) Pause Young (Allocation Failure) 403M->317M(516M) 2.283ms
[13405.063s][info][gc,cpu         ] GC(33855) User=0.00s Sys=0.00s Real=0.00s
[13405.708s][info][gc,start       ] GC(33856) Pause Young (Allocation Failure)
[13405.710s][info][gc,heap        ] GC(33856) PSYoungGen: 202480K(202752K)->272K(195584K) Eden: 202240K(202240K)->0K(195072K) From: 240K(512K)->272K(512K)
[13405.710s][info][gc,heap        ] GC(33856) ParOldGen: 325221K(325632K)->325229K(325632K)
[13405.710s][info][gc,metaspace   ] GC(33856) Metaspace: 8795K(9024K)->8795K(9024K) NonClass: 8142K(8320K)->8142K(8320K) Class: 652K(704K)->652K(704K)
[13405.710s][info][gc             ] GC(33856) Pause Young (Allocation Failure) 515M->317M(509M) 2.257ms
[13405.710s][info][gc,cpu         ] GC(33856) User=0.00s Sys=0.00s Real=0.00s
[13406.305s][info][gc,start       ] GC(33857) Pause Young (Allocation Failure)
[13406.308s][info][gc,heap        ] GC(33857) PSYoungGen: 195344K(195584K)->256K(188416K) Eden: 195072K(195072K)->0K(187904K) From: 272K(512K)->256K(512K)
[13406.308s][info][gc,heap        ] GC(33857) ParOldGen: 325229K(325632K)->325245K(325632K)
[13406.308s][info][gc,metaspace   ] GC(33857) Metaspace: 8795K(9024K)->8795K(9024K) NonClass: 8142K(8320K)->8142K(8320K) Class: 652K(704K)->652K(704K)
[13406.308s][info][gc             ] GC(33857) Pause Young (Allocation Failure) 508M->317M(502M) 2.255ms
[13406.308s][info][gc,cpu         ] GC(33857) User=0.00s Sys=0.00s Real=0.00s
[13406.879s][info][gc,start       ] GC(33858) Pause Young (Allocation Failure)
[13406.880s][info][gc,heap        ] GC(33858) PSYoungGen: 188160K(188416K)->240K(181760K) Eden: 187904K(187904K)->0K(181248K) From: 256K(512K)->240K(512K)
[13406.880s][info][gc,heap        ] GC(33858) ParOldGen: 325245K(325632K)->325261K(325632K)
[13406.880s][info][gc,metaspace   ] GC(33858) Metaspace: 8795K(9024K)->8795K(9024K) NonClass: 8142K(8320K)->8142K(8320K) Class: 652K(704K)->652K(704K)
[13406.880s][info][gc             ] GC(33858) Pause Young (Allocation Failure) 501M->317M(495M) 1.674ms
[13406.880s][info][gc,cpu         ] GC(33858) User=0.00s Sys=0.00s Real=0.01s
[13407.471s][info][gc,start       ] GC(33859) Pause Young (Allocation Failure)
[13407.473s][info][gc,heap        ] GC(33859) PSYoungGen: 181488K(181760K)->240K(175104K) Eden: 181248K(181248K)->0K(174592K) From: 240K(512K)->240K(512K)
[13407.473s][info][gc,heap        ] GC(33859) ParOldGen: 325261K(325632K)->325277K(325632K)
[13407.473s][info][gc,metaspace   ] GC(33859) Metaspace: 8795K(9024K)->8795K(9024K) NonClass: 8142K(8320K)->8142K(8320K) Class: 652K(704K)->652K(704K)
[13407.473s][info][gc             ] GC(33859) Pause Young (Allocation Failure) 494M->317M(489M) 1.514ms
[13407.473s][info][gc,cpu         ] GC(33859) User=0.00s Sys=0.00s Real=0.00s
[13408.034s][info][gc,start       ] GC(33860) Pause Young (Allocation Failure)
[13408.036s][info][gc,heap        ] GC(33860) PSYoungGen: 174832K(175104K)->256K(168960K) Eden: 174592K(174592K)->0K(168448K) From: 240K(512K)->256K(512K)
[13408.036s][info][gc,heap        ] GC(33860) ParOldGen: 325277K(325632K)->325293K(325632K)
[13408.036s][info][gc,metaspace   ] GC(33860) Metaspace: 8795K(9024K)->8795K(9024K) NonClass: 8142K(8320K)->8142K(8320K) Class: 652K(704K)->652K(704K)
[13408.036s][info][gc             ] GC(33860) Pause Young (Allocation Failure) 488M->317M(483M) 2.092ms
[13408.036s][info][gc,cpu         ] GC(33860) User=0.00s Sys=0.00s Real=0.00s
[13408.633s][info][gc,start       ] GC(33861) Pause Young (Allocation Failure)
[13408.634s][info][gc,heap        ] GC(33861) PSYoungGen: 168704K(168960K)->240K(163328K) Eden: 168448K(168448K)->0K(162816K) From: 256K(512K)->240K(512K)
[13408.634s][info][gc,heap        ] GC(33861) ParOldGen: 325293K(325632K)->325309K(325632K)
[13408.634s][info][gc,metaspace   ] GC(33861) Metaspace: 8795K(9024K)->8795K(9024K) NonClass: 8142K(8320K)->8142K(8320K) Class: 652K(704K)->652K(704K)
[13408.634s][info][gc             ] GC(33861) Pause Young (Allocation Failure) 482M->317M(477M) 1.154ms
[13408.634s][info][gc,cpu         ] GC(33861) User=0.00s Sys=0.00s Real=0.00s
[13409.141s][info][gc,start       ] GC(33862) Pause Young (Allocation Failure)
[13409.142s][info][gc,heap        ] GC(33862) PSYoungGen: 163056K(163328K)->288K(157696K) Eden: 162816K(162816K)->0K(157184K) From: 240K(512K)->288K(512K)
[13409.142s][info][gc,heap        ] GC(33862) ParOldGen: 325309K(325632K)->325325K(325632K)
[13409.142s][info][gc,metaspace   ] GC(33862) Metaspace: 8795K(9024K)->8795K(9024K) NonClass: 8142K(8320K)->8142K(8320K) Class: 652K(704K)->652K(704K)
[13409.142s][info][gc             ] GC(33862) Pause Young (Allocation Failure) 476M->317M(472M) 1.191ms
[13409.142s][info][gc,cpu         ] GC(33862) User=0.00s Sys=0.00s Real=0.00s
[13409.683s][info][gc,start       ] GC(33863) Pause Young (Allocation Failure)
[13409.685s][info][gc,heap        ] GC(33863) PSYoungGen: 157472K(157696K)->272K(152576K) Eden: 157184K(157184K)->0K(152064K) From: 288K(512K)->272K(512K)
[13409.685s][info][gc,heap        ] GC(33863) ParOldGen: 325325K(325632K)->325333K(325632K)
[13409.685s][info][gc,metaspace   ] GC(33863) Metaspace: 8795K(9024K)->8795K(9024K) NonClass: 8142K(8320K)->8142K(8320K) Class: 652K(704K)->652K(704K)
[13409.685s][info][gc             ] GC(33863) Pause Young (Allocation Failure) 471M->317M(467M) 2.239ms
[13409.685s][info][gc,cpu         ] GC(33863) User=0.00s Sys=0.00s Real=0.00s
[13410.171s][info][gc,start       ] GC(33864) Pause Young (Allocation Failure)
[13410.173s][info][gc,heap        ] GC(33864) PSYoungGen: 152336K(152576K)->224K(147456K) Eden: 152064K(152064K)->0K(146944K) From: 272K(512K)->224K(512K)
[13410.173s][info][gc,heap        ] GC(33864) ParOldGen: 325333K(325632K)->325349K(325632K)
[13410.173s][info][gc,metaspace   ] GC(33864) Metaspace: 8795K(9024K)->8795K(9024K) NonClass: 8142K(8320K)->8142K(8320K) Class: 652K(704K)->652K(704K)
[13410.173s][info][gc             ] GC(33864) Pause Young (Allocation Failure) 466M->317M(462M) 2.091ms
[13410.173s][info][gc,cpu         ] GC(33864) User=0.01s Sys=0.00s Real=0.00s
[13410.627s][info][gc,start       ] GC(33865) Pause Young (Allocation Failure)
[13410.629s][info][gc,heap        ] GC(33865) PSYoungGen: 147168K(147456K)->192K(142848K) Eden: 146944K(146944K)->0K(142336K) From: 224K(512K)->192K(512K)
[13410.629s][info][gc,heap        ] GC(33865) ParOldGen: 325349K(325632K)->325357K(325632K)
[13410.629s][info][gc,metaspace   ] GC(33865) Metaspace: 8795K(9024K)->8795K(9024K) NonClass: 8142K(8320K)->8142K(8320K) Class: 652K(704K)->652K(704K)
[13410.629s][info][gc             ] GC(33865) Pause Young (Allocation Failure) 461M->317M(457M) 1.796ms
[13410.629s][info][gc,cpu         ] GC(33865) User=0.00s Sys=0.00s Real=0.00s
[13411.117s][info][gc,start       ] GC(33866) Pause Young (Allocation Failure)
[13411.119s][info][gc,heap        ] GC(33866) PSYoungGen: 142528K(142848K)->240K(138240K) Eden: 142336K(142336K)->0K(137728K) From: 192K(512K)->240K(512K)
[13411.119s][info][gc,heap        ] GC(33866) ParOldGen: 325357K(325632K)->325373K(325632K)
[13411.119s][info][gc,metaspace   ] GC(33866) Metaspace: 8795K(9024K)->8795K(9024K) NonClass: 8142K(8320K)->8142K(8320K) Class: 652K(704K)->652K(704K)
[13411.119s][info][gc             ] GC(33866) Pause Young (Allocation Failure) 456M->317M(453M) 1.635ms
[13411.119s][info][gc,cpu         ] GC(33866) User=0.00s Sys=0.00s Real=0.00s
[13411.545s][info][gc,start       ] GC(33867) Pause Young (Allocation Failure)
[13411.546s][info][gc,heap        ] GC(33867) PSYoungGen: 137968K(138240K)->256K(133632K) Eden: 137728K(137728K)->0K(133120K) From: 240K(512K)->256K(512K)
[13411.546s][info][gc,heap        ] GC(33867) ParOldGen: 325373K(325632K)->325389K(325632K)
[13411.546s][info][gc,metaspace   ] GC(33867) Metaspace: 8795K(9024K)->8795K(9024K) NonClass: 8142K(8320K)->8142K(8320K) Class: 652K(704K)->652K(704K)
[13411.546s][info][gc             ] GC(33867) Pause Young (Allocation Failure) 452M->318M(448M) 1.185ms
[13411.546s][info][gc,cpu         ] GC(33867) User=0.00s Sys=0.00s Real=0.00s
[13411.963s][info][gc,start       ] GC(33868) Pause Young (Allocation Failure)
[13411.964s][info][gc,heap        ] GC(33868) PSYoungGen: 133376K(133632K)->256K(129536K) Eden: 133120K(133120K)->0K(129024K) From: 256K(512K)->256K(512K)
[13411.964s][info][gc,heap        ] GC(33868) ParOldGen: 325389K(325632K)->325405K(325632K)
[13411.964s][info][gc,metaspace   ] GC(33868) Metaspace: 8795K(9024K)->8795K(9024K) NonClass: 8142K(8320K)->8142K(8320K) Class: 652K(704K)->652K(704K)
[13411.964s][info][gc             ] GC(33868) Pause Young (Allocation Failure) 448M->318M(444M) 1.197ms
[13411.964s][info][gc,cpu         ] GC(33868) User=0.00s Sys=0.00s Real=0.00s
[13412.363s][info][gc,start       ] GC(33869) Pause Young (Allocation Failure)
[13412.364s][info][gc,heap        ] GC(33869) PSYoungGen: 129280K(129536K)->240K(125440K) Eden: 129024K(129024K)->0K(124928K) From: 256K(512K)->240K(512K)
[13412.364s][info][gc,heap        ] GC(33869) ParOldGen: 325405K(325632K)->325421K(325632K)
[13412.364s][info][gc,metaspace   ] GC(33869) Metaspace: 8795K(9024K)->8795K(9024K) NonClass: 8142K(8320K)->8142K(8320K) Class: 652K(704K)->652K(704K)
[13412.364s][info][gc             ] GC(33869) Pause Young (Allocation Failure) 444M->318M(440M) 1.108ms
[13412.364s][info][gc,cpu         ] GC(33869) User=0.00s Sys=0.00s Real=0.00s
[13412.735s][info][gc,start       ] GC(33870) Pause Young (Allocation Failure)
[13412.736s][info][gc,heap        ] GC(33870) PSYoungGen: 125168K(125440K)->240K(121344K) Eden: 124928K(124928K)->0K(120832K) From: 240K(512K)->240K(512K)
[13412.736s][info][gc,heap        ] GC(33870) ParOldGen: 325421K(325632K)->325437K(325632K)
[13412.736s][info][gc,metaspace   ] GC(33870) Metaspace: 8795K(9024K)->8795K(9024K) NonClass: 8142K(8320K)->8142K(8320K) Class: 652K(704K)->652K(704K)
[13412.736s][info][gc             ] GC(33870) Pause Young (Allocation Failure) 440M->318M(436M) 1.131ms
[13412.736s][info][gc,cpu         ] GC(33870) User=0.00s Sys=0.00s Real=0.00s
[13413.128s][info][gc,start       ] GC(33871) Pause Young (Allocation Failure)
[13413.130s][info][gc,heap        ] GC(33871) PSYoungGen: 121072K(121344K)->240K(117760K) Eden: 120832K(120832K)->0K(117248K) From: 240K(512K)->240K(512K)
[13413.130s][info][gc,heap        ] GC(33871) ParOldGen: 325437K(325632K)->325453K(325632K)
[13413.130s][info][gc,metaspace   ] GC(33871) Metaspace: 8795K(9024K)->8795K(9024K) NonClass: 8142K(8320K)->8142K(8320K) Class: 652K(704K)->652K(704K)
[13413.130s][info][gc             ] GC(33871) Pause Young (Allocation Failure) 436M->318M(433M) 2.025ms
[13413.130s][info][gc,cpu         ] GC(33871) User=0.00s Sys=0.00s Real=0.00s
[13413.530s][info][gc,start       ] GC(33872) Pause Young (Allocation Failure)
[13413.532s][info][gc,heap        ] GC(33872) PSYoungGen: 117488K(117760K)->256K(114176K) Eden: 117248K(117248K)->0K(113664K) From: 240K(512K)->256K(512K)
[13413.532s][info][gc,heap        ] GC(33872) ParOldGen: 325453K(325632K)->325469K(325632K)
[13413.532s][info][gc,metaspace   ] GC(33872) Metaspace: 8795K(9024K)->8795K(9024K) NonClass: 8142K(8320K)->8142K(8320K) Class: 652K(704K)->652K(704K)
[13413.532s][info][gc             ] GC(33872) Pause Young (Allocation Failure) 432M->318M(429M) 2.300ms
[13413.532s][info][gc,cpu         ] GC(33872) User=0.00s Sys=0.00s Real=0.01s
[13413.926s][info][gc,start       ] GC(33873) Pause Young (Allocation Failure)
[13413.928s][info][gc,heap        ] GC(33873) PSYoungGen: 113920K(114176K)->240K(110592K) Eden: 113664K(113664K)->0K(110080K) From: 256K(512K)->240K(512K)
[13413.928s][info][gc,heap        ] GC(33873) ParOldGen: 325469K(325632K)->325485K(325632K)
[13413.928s][info][gc,metaspace   ] GC(33873) Metaspace: 8795K(9024K)->8795K(9024K) NonClass: 8142K(8320K)->8142K(8320K) Class: 652K(704K)->652K(704K)
[13413.928s][info][gc             ] GC(33873) Pause Young (Allocation Failure) 429M->318M(426M) 2.204ms
[13413.928s][info][gc,cpu         ] GC(33873) User=0.00s Sys=0.00s Real=0.00s
[13414.307s][info][gc,start       ] GC(33874) Pause Young (Allocation Failure)
[13414.309s][info][gc,heap        ] GC(33874) PSYoungGen: 110320K(110592K)->224K(107520K) Eden: 110080K(110080K)->0K(107008K) From: 240K(512K)->224K(512K)
[13414.309s][info][gc,heap        ] GC(33874) ParOldGen: 325485K(325632K)->325493K(325632K)
[13414.309s][info][gc,metaspace   ] GC(33874) Metaspace: 8795K(9024K)->8795K(9024K) NonClass: 8142K(8320K)->8142K(8320K) Class: 652K(704K)->652K(704K)
[13414.309s][info][gc             ] GC(33874) Pause Young (Allocation Failure) 425M->318M(423M) 2.513ms
[13414.309s][info][gc,cpu         ] GC(33874) User=0.01s Sys=0.00s Real=0.00s
[13414.690s][info][gc,start       ] GC(33875) Pause Young (Allocation Failure)
[13414.692s][info][gc,heap        ] GC(33875) PSYoungGen: 107232K(107520K)->240K(104448K) Eden: 107008K(107008K)->0K(103936K) From: 224K(512K)->240K(512K)
[13414.692s][info][gc,heap        ] GC(33875) ParOldGen: 325493K(325632K)->325501K(325632K)
[13414.692s][info][gc,metaspace   ] GC(33875) Metaspace: 8795K(9024K)->8795K(9024K) NonClass: 8142K(8320K)->8142K(8320K) Class: 652K(704K)->652K(704K)
[13414.692s][info][gc             ] GC(33875) Pause Young (Allocation Failure) 422M->318M(420M) 2.047ms
[13414.692s][info][gc,cpu         ] GC(33875) User=0.00s Sys=0.00s Real=0.00s
[13415.080s][info][gc,start       ] GC(33876) Pause Young (Allocation Failure)
[13415.083s][info][gc,heap        ] GC(33876) PSYoungGen: 104176K(104448K)->240K(101376K) Eden: 103936K(103936K)->0K(100864K) From: 240K(512K)->240K(512K)
[13415.083s][info][gc,heap        ] GC(33876) ParOldGen: 325501K(325632K)->325509K(325632K)
[13415.083s][info][gc,metaspace   ] GC(33876) Metaspace: 8795K(9024K)->8795K(9024K) NonClass: 8142K(8320K)->8142K(8320K) Class: 652K(704K)->652K(704K)
[13415.083s][info][gc             ] GC(33876) Pause Young (Allocation Failure) 419M->318M(417M) 2.198ms
[13415.083s][info][gc,cpu         ] GC(33876) User=0.00s Sys=0.00s Real=0.00s
[13415.423s][info][gc,start       ] GC(33877) Pause Young (Allocation Failure)
[13415.425s][info][gc,heap        ] GC(33877) PSYoungGen: 101104K(101376K)->256K(98304K) Eden: 100864K(100864K)->0K(97792K) From: 240K(512K)->256K(512K)
[13415.425s][info][gc,heap        ] GC(33877) ParOldGen: 325509K(325632K)->325525K(325632K)
[13415.425s][info][gc,metaspace   ] GC(33877) Metaspace: 8795K(9024K)->8795K(9024K) NonClass: 8142K(8320K)->8142K(8320K) Class: 652K(704K)->652K(704K)
[13415.425s][info][gc             ] GC(33877) Pause Young (Allocation Failure) 416M->318M(414M) 1.641ms
[13415.425s][info][gc,cpu         ] GC(33877) User=0.00s Sys=0.00s Real=0.00s
[13415.723s][info][gc,start       ] GC(33878) Pause Young (Allocation Failure)
[13415.724s][info][gc,heap        ] GC(33878) PSYoungGen: 98048K(98304K)->256K(95744K) Eden: 97792K(97792K)->0K(95232K) From: 256K(512K)->256K(512K)
[13415.724s][info][gc,heap        ] GC(33878) ParOldGen: 325525K(325632K)->325541K(325632K)
[13415.724s][info][gc,metaspace   ] GC(33878) Metaspace: 8795K(9024K)->8795K(9024K) NonClass: 8142K(8320K)->8142K(8320K) Class: 652K(704K)->652K(704K)
[13415.724s][info][gc             ] GC(33878) Pause Young (Allocation Failure) 413M->318M(411M) 1.175ms
[13415.724s][info][gc,cpu         ] GC(33878) User=0.00s Sys=0.00s Real=0.00s
[13416.055s][info][gc,start       ] GC(33879) Pause Young (Allocation Failure)
[13416.057s][info][gc,heap        ] GC(33879) PSYoungGen: 95488K(95744K)->256K(93184K) Eden: 95232K(95232K)->0K(92672K) From: 256K(512K)->256K(512K)
[13416.057s][info][gc,heap        ] GC(33879) ParOldGen: 325541K(325632K)->325557K(325632K)
[13416.057s][info][gc,metaspace   ] GC(33879) Metaspace: 8795K(9024K)->8795K(9024K) NonClass: 8142K(8320K)->8142K(8320K) Class: 652K(704K)->652K(704K)
[13416.057s][info][gc             ] GC(33879) Pause Young (Allocation Failure) 411M->318M(409M) 1.630ms
[13416.057s][info][gc,cpu         ] GC(33879) User=0.00s Sys=0.00s Real=0.00s
[13416.341s][info][gc,start       ] GC(33880) Pause Young (Allocation Failure)
[13416.342s][info][gc,heap        ] GC(33880) PSYoungGen: 92928K(93184K)->256K(90624K) Eden: 92672K(92672K)->0K(90112K) From: 256K(512K)->256K(512K)
[13416.342s][info][gc,heap        ] GC(33880) ParOldGen: 325557K(325632K)->325573K(325632K)
[13416.342s][info][gc,metaspace   ] GC(33880) Metaspace: 8795K(9024K)->8795K(9024K) NonClass: 8142K(8320K)->8142K(8320K) Class: 652K(704K)->652K(704K)
[13416.342s][info][gc             ] GC(33880) Pause Young (Allocation Failure) 408M->318M(406M) 1.194ms
[13416.342s][info][gc,cpu         ] GC(33880) User=0.00s Sys=0.00s Real=0.00s
[13416.651s][info][gc,start       ] GC(33881) Pause Young (Allocation Failure)
[13416.652s][info][gc,heap        ] GC(33881) PSYoungGen: 90368K(90624K)->256K(88064K) Eden: 90112K(90112K)->0K(87552K) From: 256K(512K)->256K(512K)
[13416.652s][info][gc,heap        ] GC(33881) ParOldGen: 325573K(325632K)->325589K(325632K)
[13416.652s][info][gc,metaspace   ] GC(33881) Metaspace: 8795K(9024K)->8795K(9024K) NonClass: 8142K(8320K)->8142K(8320K) Class: 652K(704K)->652K(704K)
[13416.652s][info][gc             ] GC(33881) Pause Young (Allocation Failure) 406M->318M(404M) 1.249ms
[13416.652s][info][gc,cpu         ] GC(33881) User=0.00s Sys=0.00s Real=0.00s
[13416.964s][info][gc,start       ] GC(33882) Pause Young (Allocation Failure)
[13416.965s][info][gc,heap        ] GC(33882) PSYoungGen: 87808K(88064K)->256K(202752K) Eden: 87552K(87552K)->0K(202240K) From: 256K(512K)->256K(512K)
[13416.965s][info][gc,heap        ] GC(33882) ParOldGen: 325589K(325632K)->325605K(325632K)
[13416.965s][info][gc,metaspace   ] GC(33882) Metaspace: 8795K(9024K)->8795K(9024K) NonClass: 8142K(8320K)->8142K(8320K) Class: 652K(704K)->652K(704K)
[13416.965s][info][gc             ] GC(33882) Pause Young (Allocation Failure) 403M->318M(516M) 1.191ms
[13416.965s][info][gc,cpu         ] GC(33882) User=0.01s Sys=0.00s Real=0.00s
[13417.697s][info][gc,start       ] GC(33883) Pause Young (Allocation Failure)
[13417.698s][info][gc,heap        ] GC(33883) PSYoungGen: 202496K(202752K)->256K(195584K) Eden: 202240K(202240K)->0K(195072K) From: 256K(512K)->256K(512K)
[13417.698s][info][gc,heap        ] GC(33883) ParOldGen: 325605K(325632K)->325621K(325632K)
[13417.698s][info][gc,metaspace   ] GC(33883) Metaspace: 8795K(9024K)->8795K(9024K) NonClass: 8142K(8320K)->8142K(8320K) Class: 652K(704K)->652K(704K)
[13417.698s][info][gc             ] GC(33883) Pause Young (Allocation Failure) 515M->318M(509M) 1.304ms
[13417.698s][info][gc,cpu         ] GC(33883) User=0.01s Sys=0.00s Real=0.00s
[13418.334s][info][gc,start       ] GC(33884) Pause Young (Allocation Failure)
[13418.335s][info][gc,heap        ] GC(33884) PSYoungGen: 195328K(195584K)->256K(188416K) Eden: 195072K(195072K)->0K(187904K) From: 256K(512K)->256K(512K)
[13418.335s][info][gc,heap        ] GC(33884) ParOldGen: 325621K(325632K)->325629K(325632K)
[13418.335s][info][gc,metaspace   ] GC(33884) Metaspace: 8795K(9024K)->8795K(9024K) NonClass: 8142K(8320K)->8142K(8320K) Class: 652K(704K)->652K(704K)
[13418.335s][info][gc             ] GC(33884) Pause Young (Allocation Failure) 508M->318M(502M) 1.235ms
[13418.335s][info][gc,cpu         ] GC(33884) User=0.00s Sys=0.00s Real=0.00s
[13418.991s][info][gc,start       ] GC(33885) Pause Young (Allocation Failure)
[13418.993s][info][gc,heap        ] GC(33885) PSYoungGen: 188160K(188416K)->288K(181760K) Eden: 187904K(187904K)->0K(181248K) From: 256K(512K)->288K(512K)
[13418.993s][info][gc,heap        ] GC(33885) ParOldGen: 325629K(325632K)->325645K(326144K)
[13418.993s][info][gc,metaspace   ] GC(33885) Metaspace: 8795K(9024K)->8795K(9024K) NonClass: 8142K(8320K)->8142K(8320K) Class: 652K(704K)->652K(704K)
[13418.993s][info][gc             ] GC(33885) Pause Young (Allocation Failure) 501M->318M(496M) 1.304ms
[13418.993s][info][gc,cpu         ] GC(33885) User=0.00s Sys=0.00s Real=0.00s
[13419.573s][info][gc,start       ] GC(33886) Pause Young (Allocation Failure)
[13419.574s][info][gc,heap        ] GC(33886) PSYoungGen: 181536K(181760K)->240K(175104K) Eden: 181248K(181248K)->0K(174592K) From: 288K(512K)->240K(512K)
[13419.574s][info][gc,heap        ] GC(33886) ParOldGen: 325645K(326144K)->325661K(326144K)
[13419.574s][info][gc,metaspace   ] GC(33886) Metaspace: 8795K(9024K)->8795K(9024K) NonClass: 8142K(8320K)->8142K(8320K) Class: 652K(704K)->652K(704K)
[13419.574s][info][gc             ] GC(33886) Pause Young (Allocation Failure) 495M->318M(489M) 1.235ms
[13419.574s][info][gc,cpu         ] GC(33886) User=0.00s Sys=0.00s Real=0.00s
[13420.127s][info][gc,start       ] GC(33887) Pause Young (Allocation Failure)
[13420.128s][info][gc,heap        ] GC(33887) PSYoungGen: 174832K(175104K)->256K(168960K) Eden: 174592K(174592K)->0K(168448K) From: 240K(512K)->256K(512K)
[13420.128s][info][gc,heap        ] GC(33887) ParOldGen: 325661K(326144K)->325677K(326144K)
[13420.128s][info][gc,metaspace   ] GC(33887) Metaspace: 8795K(9024K)->8795K(9024K) NonClass: 8142K(8320K)->8142K(8320K) Class: 652K(704K)->652K(704K)
[13420.128s][info][gc             ] GC(33887) Pause Young (Allocation Failure) 488M->318M(483M) 1.188ms
[13420.128s][info][gc,cpu         ] GC(33887) User=0.00s Sys=0.00s Real=0.00s
[13420.682s][info][gc,start       ] GC(33888) Pause Young (Allocation Failure)
[13420.683s][info][gc,heap        ] GC(33888) PSYoungGen: 168704K(168960K)->256K(163328K) Eden: 168448K(168448K)->0K(162816K) From: 256K(512K)->256K(512K)
[13420.683s][info][gc,heap        ] GC(33888) ParOldGen: 325677K(326144K)->325693K(326144K)
[13420.683s][info][gc,metaspace   ] GC(33888) Metaspace: 8795K(9024K)->8795K(9024K) NonClass: 8142K(8320K)->8142K(8320K) Class: 652K(704K)->652K(704K)
[13420.683s][info][gc             ] GC(33888) Pause Young (Allocation Failure) 482M->318M(478M) 1.215ms
[13420.683s][info][gc,cpu         ] GC(33888) User=0.00s Sys=0.00s Real=0.00s
[13421.187s][info][gc,start       ] GC(33889) Pause Young (Allocation Failure)
[13421.188s][info][gc,heap        ] GC(33889) PSYoungGen: 163072K(163328K)->240K(157696K) Eden: 162816K(162816K)->0K(157184K) From: 256K(512K)->240K(512K)
[13421.188s][info][gc,heap        ] GC(33889) ParOldGen: 325693K(326144K)->325709K(326144K)
[13421.188s][info][gc,metaspace   ] GC(33889) Metaspace: 8795K(9024K)->8795K(9024K) NonClass: 8142K(8320K)->8142K(8320K) Class: 652K(704K)->652K(704K)
[13421.188s][info][gc             ] GC(33889) Pause Young (Allocation Failure) 477M->318M(472M) 1.225ms
[13421.188s][info][gc,cpu         ] GC(33889) User=0.00s Sys=0.00s Real=0.00s
[13421.668s][info][gc,start       ] GC(33890) Pause Young (Allocation Failure)
[13421.669s][info][gc,heap        ] GC(33890) PSYoungGen: 157424K(157696K)->240K(152576K) Eden: 157184K(157184K)->0K(152064K) From: 240K(512K)->240K(512K)
[13421.669s][info][gc,heap        ] GC(33890) ParOldGen: 325709K(326144K)->325725K(326144K)
[13421.669s][info][gc,metaspace   ] GC(33890) Metaspace: 8795K(9024K)->8795K(9024K) NonClass: 8142K(8320K)->8142K(8320K) Class: 652K(704K)->652K(704K)
[13421.670s][info][gc             ] GC(33890) Pause Young (Allocation Failure) 471M->318M(467M) 1.181ms
[13421.670s][info][gc,cpu         ] GC(33890) User=0.00s Sys=0.00s Real=0.00s
[13422.187s][info][gc,start       ] GC(33891) Pause Young (Allocation Failure)
[13422.188s][info][gc,heap        ] GC(33891) PSYoungGen: 152304K(152576K)->224K(147456K) Eden: 152064K(152064K)->0K(146944K) From: 240K(512K)->224K(512K)
[13422.188s][info][gc,heap        ] GC(33891) ParOldGen: 325725K(326144K)->325741K(326144K)
[13422.188s][info][gc,metaspace   ] GC(33891) Metaspace: 8795K(9024K)->8795K(9024K) NonClass: 8142K(8320K)->8142K(8320K) Class: 652K(704K)->652K(704K)
[13422.188s][info][gc             ] GC(33891) Pause Young (Allocation Failure) 466M->318M(462M) 1.209ms
[13422.188s][info][gc,cpu         ] GC(33891) User=0.00s Sys=0.00s Real=0.00s
[13422.660s][info][gc,start       ] GC(33892) Pause Young (Allocation Failure)
[13422.662s][info][gc,heap        ] GC(33892) PSYoungGen: 147168K(147456K)->256K(142848K) Eden: 146944K(146944K)->0K(142336K) From: 224K(512K)->256K(512K)
[13422.662s][info][gc,heap        ] GC(33892) ParOldGen: 325741K(326144K)->325749K(326144K)
[13422.662s][info][gc,metaspace   ] GC(33892) Metaspace: 8795K(9024K)->8795K(9024K) NonClass: 8142K(8320K)->8142K(8320K) Class: 652K(704K)->652K(704K)
[13422.662s][info][gc             ] GC(33892) Pause Young (Allocation Failure) 461M->318M(458M) 1.637ms
[13422.662s][info][gc,cpu         ] GC(33892) User=0.00s Sys=0.00s Real=0.00s
[13423.128s][info][gc,start       ] GC(33893) Pause Young (Allocation Failure)
[13423.130s][info][gc,heap        ] GC(33893) PSYoungGen: 142592K(142848K)->256K(138240K) Eden: 142336K(142336K)->0K(137728K) From: 256K(512K)->256K(512K)
[13423.130s][info][gc,heap        ] GC(33893) ParOldGen: 325749K(326144K)->325765K(326144K)
[13423.130s][info][gc,metaspace   ] GC(33893) Metaspace: 8795K(9024K)->8795K(9024K) NonClass: 8142K(8320K)->8142K(8320K) Class: 652K(704K)->652K(704K)
[13423.130s][info][gc             ] GC(33893) Pause Young (Allocation Failure) 457M->318M(453M) 1.204ms
[13423.130s][info][gc,cpu         ] GC(33893) User=0.00s Sys=0.00s Real=0.00s
[13423.572s][info][gc,start       ] GC(33894) Pause Young (Allocation Failure)
[13423.573s][info][gc,heap        ] GC(33894) PSYoungGen: 137984K(138240K)->240K(133632K) Eden: 137728K(137728K)->0K(133120K) From: 256K(512K)->240K(512K)
[13423.573s][info][gc,heap        ] GC(33894) ParOldGen: 325765K(326144K)->325781K(326144K)
[13423.573s][info][gc,metaspace   ] GC(33894) Metaspace: 8795K(9024K)->8795K(9024K) NonClass: 8142K(8320K)->8142K(8320K) Class: 652K(704K)->652K(704K)
[13423.573s][info][gc             ] GC(33894) Pause Young (Allocation Failure) 452M->318M(449M) 1.157ms
[13423.573s][info][gc,cpu         ] GC(33894) User=0.00s Sys=0.01s Real=0.00s
[13424.023s][info][gc,start       ] GC(33895) Pause Young (Allocation Failure)
[13424.025s][info][gc,heap        ] GC(33895) PSYoungGen: 133360K(133632K)->240K(129536K) Eden: 133120K(133120K)->0K(129024K) From: 240K(512K)->240K(512K)
[13424.025s][info][gc,heap        ] GC(33895) ParOldGen: 325781K(326144K)->325797K(326144K)
[13424.025s][info][gc,metaspace   ] GC(33895) Metaspace: 8795K(9024K)->8795K(9024K) NonClass: 8142K(8320K)->8142K(8320K) Class: 652K(704K)->652K(704K)
[13424.025s][info][gc             ] GC(33895) Pause Young (Allocation Failure) 448M->318M(445M) 1.241ms
[13424.025s][info][gc,cpu         ] GC(33895) User=0.00s Sys=0.00s Real=0.00s
[13424.426s][info][gc,start       ] GC(33896) Pause Young (Allocation Failure)
[13424.427s][info][gc,heap        ] GC(33896) PSYoungGen: 129264K(129536K)->256K(125440K) Eden: 129024K(129024K)->0K(124928K) From: 240K(512K)->256K(512K)
[13424.427s][info][gc,heap        ] GC(33896) ParOldGen: 325797K(326144K)->325813K(326144K)
[13424.427s][info][gc,metaspace   ] GC(33896) Metaspace: 8795K(9024K)->8795K(9024K) NonClass: 8142K(8320K)->8142K(8320K) Class: 652K(704K)->652K(704K)
[13424.427s][info][gc             ] GC(33896) Pause Young (Allocation Failure) 444M->318M(441M) 1.149ms
[13424.427s][info][gc,cpu         ] GC(33896) User=0.00s Sys=0.00s Real=0.00s
[13424.833s][info][gc,start       ] GC(33897) Pause Young (Allocation Failure)
[13424.834s][info][gc,heap        ] GC(33897) PSYoungGen: 125184K(125440K)->256K(121344K) Eden: 124928K(124928K)->0K(120832K) From: 256K(512K)->256K(512K)
[13424.834s][info][gc,heap        ] GC(33897) ParOldGen: 325813K(326144K)->325829K(326144K)
[13424.834s][info][gc,metaspace   ] GC(33897) Metaspace: 8795K(9024K)->8795K(9024K) NonClass: 8142K(8320K)->8142K(8320K) Class: 652K(704K)->652K(704K)
[13424.834s][info][gc             ] GC(33897) Pause Young (Allocation Failure) 440M->318M(437M) 1.172ms
[13424.834s][info][gc,cpu         ] GC(33897) User=0.00s Sys=0.00s Real=0.00s
[13425.225s][info][gc,start       ] GC(33898) Pause Young (Allocation Failure)
[13425.226s][info][gc,heap        ] GC(33898) PSYoungGen: 121088K(121344K)->224K(117760K) Eden: 120832K(120832K)->0K(117248K) From: 256K(512K)->224K(512K)
[13425.226s][info][gc,heap        ] GC(33898) ParOldGen: 325829K(326144K)->325845K(326144K)
[13425.226s][info][gc,metaspace   ] GC(33898) Metaspace: 8795K(9024K)->8795K(9024K) NonClass: 8142K(8320K)->8142K(8320K) Class: 652K(704K)->652K(704K)
[13425.226s][info][gc             ] GC(33898) Pause Young (Allocation Failure) 436M->318M(433M) 1.209ms
[13425.226s][info][gc,cpu         ] GC(33898) User=0.00s Sys=0.00s Real=0.00s
[13425.592s][info][gc,start       ] GC(33899) Pause Young (Allocation Failure)
[13425.594s][info][gc,heap        ] GC(33899) PSYoungGen: 117472K(117760K)->256K(114176K) Eden: 117248K(117248K)->0K(113664K) From: 224K(512K)->256K(512K)
[13425.594s][info][gc,heap        ] GC(33899) ParOldGen: 325845K(326144K)->325861K(326144K)
[13425.594s][info][gc,metaspace   ] GC(33899) Metaspace: 8795K(9024K)->8795K(9024K) NonClass: 8142K(8320K)->8142K(8320K) Class: 652K(704K)->652K(704K)
[13425.594s][info][gc             ] GC(33899) Pause Young (Allocation Failure) 432M->318M(430M) 1.160ms
[13425.594s][info][gc,cpu         ] GC(33899) User=0.00s Sys=0.00s Real=0.00s
[13425.949s][info][gc,start       ] GC(33900) Pause Young (Allocation Failure)
[13425.950s][info][gc,heap        ] GC(33900) PSYoungGen: 113920K(114176K)->256K(110592K) Eden: 113664K(113664K)->0K(110080K) From: 256K(512K)->256K(512K)
[13425.950s][info][gc,heap        ] GC(33900) ParOldGen: 325861K(326144K)->325877K(326144K)
[13425.950s][info][gc,metaspace   ] GC(33900) Metaspace: 8795K(9024K)->8795K(9024K) NonClass: 8142K(8320K)->8142K(8320K) Class: 652K(704K)->652K(704K)
[13425.950s][info][gc             ] GC(33900) Pause Young (Allocation Failure) 429M->318M(426M) 1.184ms
[13425.950s][info][gc,cpu         ] GC(33900) User=0.00s Sys=0.00s Real=0.00s
[13426.327s][info][gc,start       ] GC(33901) Pause Young (Allocation Failure)
[13426.328s][info][gc,heap        ] GC(33901) PSYoungGen: 110336K(110592K)->320K(107520K) Eden: 110080K(110080K)->0K(107008K) From: 256K(512K)->320K(512K)
[13426.328s][info][gc,heap        ] GC(33901) ParOldGen: 325877K(326144K)->325893K(326144K)
[13426.328s][info][gc,metaspace   ] GC(33901) Metaspace: 8795K(9024K)->8795K(9024K) NonClass: 8142K(8320K)->8142K(8320K) Class: 652K(704K)->652K(704K)
[13426.328s][info][gc             ] GC(33901) Pause Young (Allocation Failure) 425M->318M(423M) 1.188ms
[13426.328s][info][gc,cpu         ] GC(33901) User=0.00s Sys=0.00s Real=0.00s
[13426.715s][info][gc,start       ] GC(33902) Pause Young (Allocation Failure)
[13426.716s][info][gc,heap        ] GC(33902) PSYoungGen: 107328K(107520K)->256K(104448K) Eden: 107008K(107008K)->0K(103936K) From: 320K(512K)->256K(512K)
[13426.716s][info][gc,heap        ] GC(33902) ParOldGen: 325893K(326144K)->325909K(326144K)
[13426.716s][info][gc,metaspace   ] GC(33902) Metaspace: 8795K(9024K)->8795K(9024K) NonClass: 8142K(8320K)->8142K(8320K) Class: 652K(704K)->652K(704K)
[13426.716s][info][gc             ] GC(33902) Pause Young (Allocation Failure) 423M->318M(420M) 1.284ms
[13426.716s][info][gc,cpu         ] GC(33902) User=0.00s Sys=0.00s Real=0.00s
[13427.049s][info][gc,start       ] GC(33903) Pause Young (Allocation Failure)
[13427.050s][info][gc,heap        ] GC(33903) PSYoungGen: 104192K(104448K)->240K(101376K) Eden: 103936K(103936K)->0K(100864K) From: 256K(512K)->240K(512K)
[13427.050s][info][gc,heap        ] GC(33903) ParOldGen: 325909K(326144K)->325925K(326144K)
[13427.050s][info][gc,metaspace   ] GC(33903) Metaspace: 8795K(9024K)->8795K(9024K) NonClass: 8142K(8320K)->8142K(8320K) Class: 652K(704K)->652K(704K)
[13427.050s][info][gc             ] GC(33903) Pause Young (Allocation Failure) 420M->318M(417M) 1.182ms
[13427.050s][info][gc,cpu         ] GC(33903) User=0.00s Sys=0.00s Real=0.00s
[13427.383s][info][gc,start       ] GC(33904) Pause Young (Allocation Failure)
[13427.384s][info][gc,heap        ] GC(33904) PSYoungGen: 101104K(101376K)->256K(98304K) Eden: 100864K(100864K)->0K(97792K) From: 240K(512K)->256K(512K)
[13427.384s][info][gc,heap        ] GC(33904) ParOldGen: 325925K(326144K)->325941K(326144K)
[13427.384s][info][gc,metaspace   ] GC(33904) Metaspace: 8795K(9024K)->8795K(9024K) NonClass: 8142K(8320K)->8142K(8320K) Class: 652K(704K)->652K(704K)
[13427.384s][info][gc             ] GC(33904) Pause Young (Allocation Failure) 417M->318M(414M) 1.196ms
[13427.384s][info][gc,cpu         ] GC(33904) User=0.00s Sys=0.00s Real=0.00s
[13427.706s][info][gc,start       ] GC(33905) Pause Young (Allocation Failure)
[13427.707s][info][gc,heap        ] GC(33905) PSYoungGen: 98048K(98304K)->272K(95744K) Eden: 97792K(97792K)->0K(95232K) From: 256K(512K)->272K(512K)
[13427.707s][info][gc,heap        ] GC(33905) ParOldGen: 325941K(326144K)->325957K(326144K)
[13427.707s][info][gc,metaspace   ] GC(33905) Metaspace: 8795K(9024K)->8795K(9024K) NonClass: 8142K(8320K)->8142K(8320K) Class: 652K(704K)->652K(704K)
[13427.707s][info][gc             ] GC(33905) Pause Young (Allocation Failure) 414M->318M(412M) 1.221ms
[13427.707s][info][gc,cpu         ] GC(33905) User=0.00s Sys=0.00s Real=0.00s
[13428.040s][info][gc,start       ] GC(33906) Pause Young (Allocation Failure)
[13428.041s][info][gc,heap        ] GC(33906) PSYoungGen: 95504K(95744K)->256K(93184K) Eden: 95232K(95232K)->0K(92672K) From: 272K(512K)->256K(512K)
[13428.041s][info][gc,heap        ] GC(33906) ParOldGen: 325957K(326144K)->325973K(326144K)
[13428.042s][info][gc,metaspace   ] GC(33906) Metaspace: 8795K(9024K)->8795K(9024K) NonClass: 8142K(8320K)->8142K(8320K) Class: 652K(704K)->652K(704K)
[13428.042s][info][gc             ] GC(33906) Pause Young (Allocation Failure) 411M->318M(409M) 1.214ms
[13428.042s][info][gc,cpu         ] GC(33906) User=0.01s Sys=0.00s Real=0.00s
[13428.345s][info][gc,start       ] GC(33907) Pause Young (Allocation Failure)
[13428.348s][info][gc,heap        ] GC(33907) PSYoungGen: 92928K(93184K)->272K(90624K) Eden: 92672K(92672K)->0K(90112K) From: 256K(512K)->272K(512K)
[13428.348s][info][gc,heap        ] GC(33907) ParOldGen: 325973K(326144K)->325981K(326144K)
[13428.348s][info][gc,metaspace   ] GC(33907) Metaspace: 8795K(9024K)->8795K(9024K) NonClass: 8142K(8320K)->8142K(8320K) Class: 652K(704K)->652K(704K)
[13428.348s][info][gc             ] GC(33907) Pause Young (Allocation Failure) 409M->318M(407M) 2.384ms
[13428.348s][info][gc,cpu         ] GC(33907) User=0.00s Sys=0.00s Real=0.00s
[13428.638s][info][gc,start       ] GC(33908) Pause Young (Allocation Failure)
[13428.641s][info][gc,heap        ] GC(33908) PSYoungGen: 90384K(90624K)->224K(88064K) Eden: 90112K(90112K)->0K(87552K) From: 272K(512K)->224K(512K)
[13428.641s][info][gc,heap        ] GC(33908) ParOldGen: 325981K(326144K)->325989K(326144K)
[13428.641s][info][gc,metaspace   ] GC(33908) Metaspace: 8795K(9024K)->8795K(9024K) NonClass: 8142K(8320K)->8142K(8320K) Class: 652K(704K)->652K(704K)
[13428.641s][info][gc             ] GC(33908) Pause Young (Allocation Failure) 406M->318M(404M) 2.661ms
[13428.641s][info][gc,cpu         ] GC(33908) User=0.01s Sys=0.00s Real=0.01s
[13428.930s][info][gc,start       ] GC(33909) Pause Young (Allocation Failure)
[13428.931s][info][gc,heap        ] GC(33909) PSYoungGen: 87776K(88064K)->256K(202752K) Eden: 87552K(87552K)->0K(202240K) From: 224K(512K)->256K(512K)
[13428.931s][info][gc,heap        ] GC(33909) ParOldGen: 325989K(326144K)->326005K(326144K)
[13428.931s][info][gc,metaspace   ] GC(33909) Metaspace: 8795K(9024K)->8795K(9024K) NonClass: 8142K(8320K)->8142K(8320K) Class: 652K(704K)->652K(704K)
[13428.931s][info][gc             ] GC(33909) Pause Young (Allocation Failure) 404M->318M(516M) 1.255ms
[13428.931s][info][gc,cpu         ] GC(33909) User=0.00s Sys=0.00s Real=0.01s
[13429.564s][info][gc,start       ] GC(33910) Pause Young (Allocation Failure)
[13429.565s][info][gc,heap        ] GC(33910) PSYoungGen: 202496K(202752K)->240K(195584K) Eden: 202240K(202240K)->0K(195072K) From: 256K(512K)->240K(512K)
[13429.565s][info][gc,heap        ] GC(33910) ParOldGen: 326005K(326144K)->326021K(326144K)
[13429.565s][info][gc,metaspace   ] GC(33910) Metaspace: 8795K(9024K)->8795K(9024K) NonClass: 8142K(8320K)->8142K(8320K) Class: 652K(704K)->652K(704K)
[13429.565s][info][gc             ] GC(33910) Pause Young (Allocation Failure) 516M->318M(509M) 1.148ms
[13429.565s][info][gc,cpu         ] GC(33910) User=0.00s Sys=0.00s Real=0.00s
[13430.145s][info][gc,start       ] GC(33911) Pause Young (Allocation Failure)
[13430.147s][info][gc,heap        ] GC(33911) PSYoungGen: 195312K(195584K)->256K(188416K) Eden: 195072K(195072K)->0K(187904K) From: 240K(512K)->256K(512K)
[13430.147s][info][gc,heap        ] GC(33911) ParOldGen: 326021K(326144K)->326037K(326144K)
[13430.147s][info][gc,metaspace   ] GC(33911) Metaspace: 8795K(9024K)->8795K(9024K) NonClass: 8142K(8320K)->8142K(8320K) Class: 652K(704K)->652K(704K)
[13430.147s][info][gc             ] GC(33911) Pause Young (Allocation Failure) 509M->318M(502M) 1.608ms
[13430.147s][info][gc,cpu         ] GC(33911) User=0.00s Sys=0.00s Real=0.00s
[13430.707s][info][gc,start       ] GC(33912) Pause Young (Allocation Failure)
[13430.709s][info][gc,heap        ] GC(33912) PSYoungGen: 188160K(188416K)->224K(181760K) Eden: 187904K(187904K)->0K(181248K) From: 256K(512K)->224K(512K)
[13430.709s][info][gc,heap        ] GC(33912) ParOldGen: 326037K(326144K)->326053K(326144K)
[13430.710s][info][gc,metaspace   ] GC(33912) Metaspace: 8795K(9024K)->8795K(9024K) NonClass: 8142K(8320K)->8142K(8320K) Class: 652K(704K)->652K(704K)
[13430.710s][info][gc             ] GC(33912) Pause Young (Allocation Failure) 502M->318M(496M) 2.055ms
[13430.710s][info][gc,cpu         ] GC(33912) User=0.01s Sys=0.00s Real=0.00s
[13431.235s][info][gc,start       ] GC(33913) Pause Young (Allocation Failure)
[13431.237s][info][gc,heap        ] GC(33913) PSYoungGen: 181472K(181760K)->288K(175104K) Eden: 181248K(181248K)->0K(174592K) From: 224K(512K)->288K(512K)
[13431.237s][info][gc,heap        ] GC(33913) ParOldGen: 326053K(326144K)->326061K(326144K)
[13431.237s][info][gc,metaspace   ] GC(33913) Metaspace: 8795K(9024K)->8795K(9024K) NonClass: 8142K(8320K)->8142K(8320K) Class: 652K(704K)->652K(704K)
[13431.237s][info][gc             ] GC(33913) Pause Young (Allocation Failure) 495M->318M(489M) 2.252ms
[13431.237s][info][gc,cpu         ] GC(33913) User=0.00s Sys=0.00s Real=0.00s
[13431.796s][info][gc,start       ] GC(33914) Pause Young (Allocation Failure)
[13431.798s][info][gc,heap        ] GC(33914) PSYoungGen: 174880K(175104K)->256K(168960K) Eden: 174592K(174592K)->0K(168448K) From: 288K(512K)->256K(512K)
[13431.798s][info][gc,heap        ] GC(33914) ParOldGen: 326061K(326144K)->326077K(326144K)
[13431.798s][info][gc,metaspace   ] GC(33914) Metaspace: 8795K(9024K)->8795K(9024K) NonClass: 8142K(8320K)->8142K(8320K) Class: 652K(704K)->652K(704K)
[13431.798s][info][gc             ] GC(33914) Pause Young (Allocation Failure) 489M->318M(483M) 2.127ms
[13431.798s][info][gc,cpu         ] GC(33914) User=0.00s Sys=0.00s Real=0.00s
[13432.308s][info][gc,start       ] GC(33915) Pause Young (Allocation Failure)
[13432.309s][info][gc,heap        ] GC(33915) PSYoungGen: 168704K(168960K)->288K(163328K) Eden: 168448K(168448K)->0K(162816K) From: 256K(512K)->288K(512K)
[13432.309s][info][gc,heap        ] GC(33915) ParOldGen: 326077K(326144K)->326093K(326144K)
[13432.309s][info][gc,metaspace   ] GC(33915) Metaspace: 8795K(9024K)->8795K(9024K) NonClass: 8142K(8320K)->8142K(8320K) Class: 652K(704K)->652K(704K)
[13432.309s][info][gc             ] GC(33915) Pause Young (Allocation Failure) 483M->318M(478M) 1.085ms
[13432.309s][info][gc,cpu         ] GC(33915) User=0.01s Sys=0.00s Real=0.00s
[13432.812s][info][gc,start       ] GC(33916) Pause Young (Allocation Failure)
[13432.814s][info][gc,heap        ] GC(33916) PSYoungGen: 163104K(163328K)->272K(157696K) Eden: 162816K(162816K)->0K(157184K) From: 288K(512K)->272K(512K)
[13432.814s][info][gc,heap        ] GC(33916) ParOldGen: 326093K(326144K)->326109K(326144K)
[13432.814s][info][gc,metaspace   ] GC(33916) Metaspace: 8795K(9024K)->8795K(9024K) NonClass: 8142K(8320K)->8142K(8320K) Class: 652K(704K)->652K(704K)
[13432.814s][info][gc             ] GC(33916) Pause Young (Allocation Failure) 477M->318M(472M) 2.206ms
[13432.814s][info][gc,cpu         ] GC(33916) User=0.01s Sys=0.00s Real=0.00s
[13433.298s][info][gc,start       ] GC(33917) Pause Young (Allocation Failure)
[13433.300s][info][gc,heap        ] GC(33917) PSYoungGen: 157456K(157696K)->256K(152576K) Eden: 157184K(157184K)->0K(152064K) From: 272K(512K)->256K(512K)
[13433.300s][info][gc,heap        ] GC(33917) ParOldGen: 326109K(326144K)->326125K(326144K)
[13433.300s][info][gc,metaspace   ] GC(33917) Metaspace: 8795K(9024K)->8795K(9024K) NonClass: 8142K(8320K)->8142K(8320K) Class: 652K(704K)->652K(704K)
[13433.300s][info][gc             ] GC(33917) Pause Young (Allocation Failure) 472M->318M(467M) 2.065ms
[13433.300s][info][gc,cpu         ] GC(33917) User=0.00s Sys=0.00s Real=0.00s
[13433.792s][info][gc,start       ] GC(33918) Pause Young (Allocation Failure)
[13433.794s][info][gc,heap        ] GC(33918) PSYoungGen: 152320K(152576K)->272K(147456K) Eden: 152064K(152064K)->0K(146944K) From: 256K(512K)->272K(512K)
[13433.794s][info][gc,heap        ] GC(33918) ParOldGen: 326125K(326144K)->326133K(326144K)
[13433.794s][info][gc,metaspace   ] GC(33918) Metaspace: 8795K(9024K)->8795K(9024K) NonClass: 8142K(8320K)->8142K(8320K) Class: 652K(704K)->652K(704K)
[13433.794s][info][gc             ] GC(33918) Pause Young (Allocation Failure) 467M->318M(462M) 2.023ms
[13433.794s][info][gc,cpu         ] GC(33918) User=0.00s Sys=0.00s Real=0.00s
[13434.259s][info][gc,start       ] GC(33919) Pause Young (Allocation Failure)
[13434.261s][info][gc,heap        ] GC(33919) PSYoungGen: 147216K(147456K)->224K(142848K) Eden: 146944K(146944K)->0K(142336K) From: 272K(512K)->224K(512K)
[13434.261s][info][gc,heap        ] GC(33919) ParOldGen: 326133K(326144K)->326141K(326144K)
[13434.261s][info][gc,metaspace   ] GC(33919) Metaspace: 8795K(9024K)->8795K(9024K) NonClass: 8142K(8320K)->8142K(8320K) Class: 652K(704K)->652K(704K)
[13434.261s][info][gc             ] GC(33919) Pause Young (Allocation Failure) 462M->318M(458M) 2.828ms
[13434.261s][info][gc,cpu         ] GC(33919) User=0.00s Sys=0.00s Real=0.01s
[13434.693s][info][gc,start       ] GC(33920) Pause Young (Allocation Failure)
[13434.696s][info][gc,heap        ] GC(33920) PSYoungGen: 142560K(142848K)->160K(138240K) Eden: 142336K(142336K)->0K(137728K) From: 224K(512K)->160K(512K)
[13434.696s][info][gc,heap        ] GC(33920) ParOldGen: 326141K(326144K)->326157K(326656K)
[13434.696s][info][gc,metaspace   ] GC(33920) Metaspace: 8795K(9024K)->8795K(9024K) NonClass: 8142K(8320K)->8142K(8320K) Class: 652K(704K)->652K(704K)
[13434.696s][info][gc             ] GC(33920) Pause Young (Allocation Failure) 457M->318M(454M) 2.532ms
[13434.696s][info][gc,cpu         ] GC(33920) User=0.00s Sys=0.00s Real=0.00s
[13435.113s][info][gc,start       ] GC(33921) Pause Young (Allocation Failure)
[13435.114s][info][gc,heap        ] GC(33921) PSYoungGen: 137888K(138240K)->256K(133632K) Eden: 137728K(137728K)->0K(133120K) From: 160K(512K)->256K(512K)
[13435.114s][info][gc,heap        ] GC(33921) ParOldGen: 326157K(326656K)->326173K(326656K)
[13435.114s][info][gc,metaspace   ] GC(33921) Metaspace: 8795K(9024K)->8795K(9024K) NonClass: 8142K(8320K)->8142K(8320K) Class: 652K(704K)->652K(704K)
[13435.114s][info][gc             ] GC(33921) Pause Young (Allocation Failure) 453M->318M(449M) 1.150ms
[13435.114s][info][gc,cpu         ] GC(33921) User=0.00s Sys=0.00s Real=0.00s
[13435.514s][info][gc,start       ] GC(33922) Pause Young (Allocation Failure)
[13435.515s][info][gc,heap        ] GC(33922) PSYoungGen: 133376K(133632K)->240K(129536K) Eden: 133120K(133120K)->0K(129024K) From: 256K(512K)->240K(512K)
[13435.515s][info][gc,heap        ] GC(33922) ParOldGen: 326173K(326656K)->326189K(326656K)
[13435.515s][info][gc,metaspace   ] GC(33922) Metaspace: 8795K(9024K)->8795K(9024K) NonClass: 8142K(8320K)->8142K(8320K) Class: 652K(704K)->652K(704K)
[13435.516s][info][gc             ] GC(33922) Pause Young (Allocation Failure) 448M->318M(445M) 1.216ms
[13435.516s][info][gc,cpu         ] GC(33922) User=0.00s Sys=0.00s Real=0.00s
[13435.893s][info][gc,start       ] GC(33923) Pause Young (Allocation Failure)
[13435.894s][info][gc,heap        ] GC(33923) PSYoungGen: 129264K(129536K)->224K(125440K) Eden: 129024K(129024K)->0K(124928K) From: 240K(512K)->224K(512K)
[13435.894s][info][gc,heap        ] GC(33923) ParOldGen: 326189K(326656K)->326205K(326656K)
[13435.894s][info][gc,metaspace   ] GC(33923) Metaspace: 8795K(9024K)->8795K(9024K) NonClass: 8142K(8320K)->8142K(8320K) Class: 652K(704K)->652K(704K)
[13435.894s][info][gc             ] GC(33923) Pause Young (Allocation Failure) 444M->318M(441M) 1.169ms
[13435.894s][info][gc,cpu         ] GC(33923) User=0.00s Sys=0.00s Real=0.00s
[13436.270s][info][gc,start       ] GC(33924) Pause Young (Allocation Failure)
[13436.271s][info][gc,heap        ] GC(33924) PSYoungGen: 125152K(125440K)->240K(121344K) Eden: 124928K(124928K)->0K(120832K) From: 224K(512K)->240K(512K)
[13436.271s][info][gc,heap        ] GC(33924) ParOldGen: 326205K(326656K)->326221K(326656K)
[13436.271s][info][gc,metaspace   ] GC(33924) Metaspace: 8795K(9024K)->8795K(9024K) NonClass: 8142K(8320K)->8142K(8320K) Class: 652K(704K)->652K(704K)
[13436.271s][info][gc             ] GC(33924) Pause Young (Allocation Failure) 440M->318M(437M) 1.178ms
[13436.271s][info][gc,cpu         ] GC(33924) User=0.00s Sys=0.00s Real=0.01s
[13436.629s][info][gc,start       ] GC(33925) Pause Young (Allocation Failure)
[13436.630s][info][gc,heap        ] GC(33925) PSYoungGen: 121072K(121344K)->256K(117760K) Eden: 120832K(120832K)->0K(117248K) From: 240K(512K)->256K(512K)
[13436.631s][info][gc,heap        ] GC(33925) ParOldGen: 326221K(326656K)->326237K(326656K)
[13436.631s][info][gc,metaspace   ] GC(33925) Metaspace: 8795K(9024K)->8795K(9024K) NonClass: 8142K(8320K)->8142K(8320K) Class: 652K(704K)->652K(704K)
[13436.631s][info][gc             ] GC(33925) Pause Young (Allocation Failure) 436M->318M(434M) 1.196ms
[13436.631s][info][gc,cpu         ] GC(33925) User=0.00s Sys=0.00s Real=0.01s
[13437.005s][info][gc,start       ] GC(33926) Pause Young (Allocation Failure)
[13437.006s][info][gc,heap        ] GC(33926) PSYoungGen: 117504K(117760K)->256K(114176K) Eden: 117248K(117248K)->0K(113664K) From: 256K(512K)->256K(512K)
[13437.006s][info][gc,heap        ] GC(33926) ParOldGen: 326237K(326656K)->326253K(326656K)
[13437.006s][info][gc,metaspace   ] GC(33926) Metaspace: 8795K(9024K)->8795K(9024K) NonClass: 8142K(8320K)->8142K(8320K) Class: 652K(704K)->652K(704K)
[13437.006s][info][gc             ] GC(33926) Pause Young (Allocation Failure) 433M->318M(430M) 1.183ms
[13437.006s][info][gc,cpu         ] GC(33926) User=0.00s Sys=0.00s Real=0.00s
[13437.353s][info][gc,start       ] GC(33927) Pause Young (Allocation Failure)
[13437.354s][info][gc,heap        ] GC(33927) PSYoungGen: 113920K(114176K)->240K(110592K) Eden: 113664K(113664K)->0K(110080K) From: 256K(512K)->240K(512K)
[13437.354s][info][gc,heap        ] GC(33927) ParOldGen: 326253K(326656K)->326269K(326656K)
[13437.354s][info][gc,metaspace   ] GC(33927) Metaspace: 8795K(9024K)->8795K(9024K) NonClass: 8142K(8320K)->8142K(8320K) Class: 652K(704K)->652K(704K)
[13437.354s][info][gc             ] GC(33927) Pause Young (Allocation Failure) 429M->318M(427M) 1.074ms
[13437.354s][info][gc,cpu         ] GC(33927) User=0.00s Sys=0.00s Real=0.00s
[13437.693s][info][gc,start       ] GC(33928) Pause Young (Allocation Failure)
[13437.695s][info][gc,heap        ] GC(33928) PSYoungGen: 110320K(110592K)->256K(107520K) Eden: 110080K(110080K)->0K(107008K) From: 240K(512K)->256K(512K)
[13437.695s][info][gc,heap        ] GC(33928) ParOldGen: 326269K(326656K)->326285K(326656K)
[13437.695s][info][gc,metaspace   ] GC(33928) Metaspace: 8795K(9024K)->8795K(9024K) NonClass: 8142K(8320K)->8142K(8320K) Class: 652K(704K)->652K(704K)
[13437.695s][info][gc             ] GC(33928) Pause Young (Allocation Failure) 426M->318M(424M) 1.174ms
[13437.695s][info][gc,cpu         ] GC(33928) User=0.00s Sys=0.00s Real=0.00s
[13438.030s][info][gc,start       ] GC(33929) Pause Young (Allocation Failure)
[13438.032s][info][gc,heap        ] GC(33929) PSYoungGen: 107264K(107520K)->224K(104448K) Eden: 107008K(107008K)->0K(103936K) From: 256K(512K)->224K(512K)
[13438.032s][info][gc,heap        ] GC(33929) ParOldGen: 326285K(326656K)->326301K(326656K)
[13438.032s][info][gc,metaspace   ] GC(33929) Metaspace: 8795K(9024K)->8795K(9024K) NonClass: 8142K(8320K)->8142K(8320K) Class: 652K(704K)->652K(704K)
[13438.032s][info][gc             ] GC(33929) Pause Young (Allocation Failure) 423M->318M(421M) 2.106ms
[13438.032s][info][gc,cpu         ] GC(33929) User=0.00s Sys=0.00s Real=0.01s
[13438.365s][info][gc,start       ] GC(33930) Pause Young (Allocation Failure)
[13438.367s][info][gc,heap        ] GC(33930) PSYoungGen: 104160K(104448K)->288K(101376K) Eden: 103936K(103936K)->0K(100864K) From: 224K(512K)->288K(512K)
[13438.367s][info][gc,heap        ] GC(33930) ParOldGen: 326301K(326656K)->326309K(326656K)
[13438.367s][info][gc,metaspace   ] GC(33930) Metaspace: 8795K(9024K)->8795K(9024K) NonClass: 8142K(8320K)->8142K(8320K) Class: 652K(704K)->652K(704K)
[13438.367s][info][gc             ] GC(33930) Pause Young (Allocation Failure) 420M->318M(418M) 2.138ms
[13438.367s][info][gc,cpu         ] GC(33930) User=0.00s Sys=0.00s Real=0.00s
[13438.696s][info][gc,start       ] GC(33931) Pause Young (Allocation Failure)
[13438.698s][info][gc,heap        ] GC(33931) PSYoungGen: 101152K(101376K)->240K(98304K) Eden: 100864K(100864K)->0K(97792K) From: 288K(512K)->240K(512K)
[13438.698s][info][gc,heap        ] GC(33931) ParOldGen: 326309K(326656K)->326325K(326656K)
[13438.698s][info][gc,metaspace   ] GC(33931) Metaspace: 8795K(9024K)->8795K(9024K) NonClass: 8142K(8320K)->8142K(8320K) Class: 652K(704K)->652K(704K)
[13438.698s][info][gc             ] GC(33931) Pause Young (Allocation Failure) 417M->318M(415M) 2.273ms
[13438.698s][info][gc,cpu         ] GC(33931) User=0.00s Sys=0.00s Real=0.00s
[13439.008s][info][gc,start       ] GC(33932) Pause Young (Allocation Failure)
[13439.010s][info][gc,heap        ] GC(33932) PSYoungGen: 98032K(98304K)->224K(95744K) Eden: 97792K(97792K)->0K(95232K) From: 240K(512K)->224K(512K)
[13439.010s][info][gc,heap        ] GC(33932) ParOldGen: 326325K(326656K)->326341K(326656K)
[13439.010s][info][gc,metaspace   ] GC(33932) Metaspace: 8795K(9024K)->8795K(9024K) NonClass: 8142K(8320K)->8142K(8320K) Class: 652K(704K)->652K(704K)
[13439.010s][info][gc             ] GC(33932) Pause Young (Allocation Failure) 414M->318M(412M) 2.249ms
[13439.010s][info][gc,cpu         ] GC(33932) User=0.00s Sys=0.00s Real=0.00s
[13439.318s][info][gc,start       ] GC(33933) Pause Young (Allocation Failure)
[13439.320s][info][gc,heap        ] GC(33933) PSYoungGen: 95456K(95744K)->224K(93184K) Eden: 95232K(95232K)->0K(92672K) From: 224K(512K)->224K(512K)
[13439.320s][info][gc,heap        ] GC(33933) ParOldGen: 326341K(326656K)->326349K(326656K)
[13439.320s][info][gc,metaspace   ] GC(33933) Metaspace: 8795K(9024K)->8795K(9024K) NonClass: 8142K(8320K)->8142K(8320K) Class: 652K(704K)->652K(704K)
[13439.320s][info][gc             ] GC(33933) Pause Young (Allocation Failure) 411M->318M(410M) 2.130ms
[13439.320s][info][gc,cpu         ] GC(33933) User=0.01s Sys=0.00s Real=0.00s
[13439.622s][info][gc,start       ] GC(33934) Pause Young (Allocation Failure)
[13439.624s][info][gc,heap        ] GC(33934) PSYoungGen: 92896K(93184K)->240K(90624K) Eden: 92672K(92672K)->0K(90112K) From: 224K(512K)->240K(512K)
[13439.624s][info][gc,heap        ] GC(33934) ParOldGen: 326349K(326656K)->326357K(326656K)
[13439.624s][info][gc,metaspace   ] GC(33934) Metaspace: 8795K(9024K)->8795K(9024K) NonClass: 8142K(8320K)->8142K(8320K) Class: 652K(704K)->652K(704K)
[13439.624s][info][gc             ] GC(33934) Pause Young (Allocation Failure) 409M->318M(407M) 1.663ms
[13439.624s][info][gc,cpu         ] GC(33934) User=0.01s Sys=0.00s Real=0.00s
[13439.930s][info][gc,start       ] GC(33935) Pause Young (Allocation Failure)
[13439.931s][info][gc,heap        ] GC(33935) PSYoungGen: 90352K(90624K)->240K(88064K) Eden: 90112K(90112K)->0K(87552K) From: 240K(512K)->240K(512K)
[13439.931s][info][gc,heap        ] GC(33935) ParOldGen: 326357K(326656K)->326373K(326656K)
[13439.931s][info][gc,metaspace   ] GC(33935) Metaspace: 8795K(9024K)->8795K(9024K) NonClass: 8142K(8320K)->8142K(8320K) Class: 652K(704K)->652K(704K)
[13439.931s][info][gc             ] GC(33935) Pause Young (Allocation Failure) 406M->318M(405M) 1.225ms
[13439.931s][info][gc,cpu         ] GC(33935) User=0.00s Sys=0.00s Real=0.01s
[13440.212s][info][gc,start       ] GC(33936) Pause Young (Allocation Failure)
[13440.213s][info][gc,heap        ] GC(33936) PSYoungGen: 87792K(88064K)->240K(202752K) Eden: 87552K(87552K)->0K(202240K) From: 240K(512K)->240K(512K)
[13440.213s][info][gc,heap        ] GC(33936) ParOldGen: 326373K(326656K)->326389K(326656K)
[13440.213s][info][gc,metaspace   ] GC(33936) Metaspace: 8795K(9024K)->8795K(9024K) NonClass: 8142K(8320K)->8142K(8320K) Class: 652K(704K)->652K(704K)
[13440.213s][info][gc             ] GC(33936) Pause Young (Allocation Failure) 404M->318M(517M) 1.169ms
[13440.214s][info][gc,cpu         ] GC(33936) User=0.00s Sys=0.01s Real=0.00s
[13440.899s][info][gc,start       ] GC(33937) Pause Young (Allocation Failure)
[13440.900s][info][gc,heap        ] GC(33937) PSYoungGen: 202480K(202752K)->240K(195584K) Eden: 202240K(202240K)->0K(195072K) From: 240K(512K)->240K(512K)
[13440.900s][info][gc,heap        ] GC(33937) ParOldGen: 326389K(326656K)->326405K(326656K)
[13440.900s][info][gc,metaspace   ] GC(33937) Metaspace: 8795K(9024K)->8795K(9024K) NonClass: 8142K(8320K)->8142K(8320K) Class: 652K(704K)->652K(704K)
[13440.900s][info][gc             ] GC(33937) Pause Young (Allocation Failure) 516M->318M(510M) 1.161ms
[13440.900s][info][gc,cpu         ] GC(33937) User=0.00s Sys=0.00s Real=0.00s
[13441.515s][info][gc,start       ] GC(33938) Pause Young (Allocation Failure)
[13441.516s][info][gc,heap        ] GC(33938) PSYoungGen: 195312K(195584K)->256K(188416K) Eden: 195072K(195072K)->0K(187904K) From: 240K(512K)->256K(512K)
[13441.516s][info][gc,heap        ] GC(33938) ParOldGen: 326405K(326656K)->326421K(326656K)
[13441.516s][info][gc,metaspace   ] GC(33938) Metaspace: 8795K(9024K)->8795K(9024K) NonClass: 8142K(8320K)->8142K(8320K) Class: 652K(704K)->652K(704K)
[13441.516s][info][gc             ] GC(33938) Pause Young (Allocation Failure) 509M->319M(503M) 1.271ms
[13441.516s][info][gc,cpu         ] GC(33938) User=0.00s Sys=0.00s Real=0.00s
[13442.128s][info][gc,start       ] GC(33939) Pause Young (Allocation Failure)
[13442.129s][info][gc,heap        ] GC(33939) PSYoungGen: 188160K(188416K)->256K(181760K) Eden: 187904K(187904K)->0K(181248K) From: 256K(512K)->256K(512K)
[13442.129s][info][gc,heap        ] GC(33939) ParOldGen: 326421K(326656K)->326437K(326656K)
[13442.129s][info][gc,metaspace   ] GC(33939) Metaspace: 8795K(9024K)->8795K(9024K) NonClass: 8142K(8320K)->8142K(8320K) Class: 652K(704K)->652K(704K)
[13442.130s][info][gc             ] GC(33939) Pause Young (Allocation Failure) 502M->319M(496M) 1.231ms
[13442.130s][info][gc,cpu         ] GC(33939) User=0.01s Sys=0.00s Real=0.00s
[13442.659s][info][gc,start       ] GC(33940) Pause Young (Allocation Failure)
[13442.660s][info][gc,heap        ] GC(33940) PSYoungGen: 181504K(181760K)->240K(175104K) Eden: 181248K(181248K)->0K(174592K) From: 256K(512K)->240K(512K)
[13442.660s][info][gc,heap        ] GC(33940) ParOldGen: 326437K(326656K)->326453K(326656K)
[13442.660s][info][gc,metaspace   ] GC(33940) Metaspace: 8795K(9024K)->8795K(9024K) NonClass: 8142K(8320K)->8142K(8320K) Class: 652K(704K)->652K(704K)
[13442.660s][info][gc             ] GC(33940) Pause Young (Allocation Failure) 496M->319M(490M) 1.177ms
[13442.660s][info][gc,cpu         ] GC(33940) User=0.00s Sys=0.00s Real=0.00s
[13443.179s][info][gc,start       ] GC(33941) Pause Young (Allocation Failure)
[13443.180s][info][gc,heap        ] GC(33941) PSYoungGen: 174832K(175104K)->256K(168960K) Eden: 174592K(174592K)->0K(168448K) From: 240K(512K)->256K(512K)
[13443.180s][info][gc,heap        ] GC(33941) ParOldGen: 326453K(326656K)->326469K(326656K)
[13443.180s][info][gc,metaspace   ] GC(33941) Metaspace: 8795K(9024K)->8795K(9024K) NonClass: 8142K(8320K)->8142K(8320K) Class: 652K(704K)->652K(704K)
[13443.180s][info][gc             ] GC(33941) Pause Young (Allocation Failure) 489M->319M(484M) 1.185ms
[13443.180s][info][gc,cpu         ] GC(33941) User=0.01s Sys=0.00s Real=0.00s
[13443.720s][info][gc,start       ] GC(33942) Pause Young (Allocation Failure)
[13443.721s][info][gc,heap        ] GC(33942) PSYoungGen: 168704K(168960K)->240K(163328K) Eden: 168448K(168448K)->0K(162816K) From: 256K(512K)->240K(512K)
[13443.721s][info][gc,heap        ] GC(33942) ParOldGen: 326469K(326656K)->326485K(326656K)
[13443.721s][info][gc,metaspace   ] GC(33942) Metaspace: 8795K(9024K)->8795K(9024K) NonClass: 8142K(8320K)->8142K(8320K) Class: 652K(704K)->652K(704K)
[13443.721s][info][gc             ] GC(33942) Pause Young (Allocation Failure) 483M->319M(478M) 1.189ms
[13443.721s][info][gc,cpu         ] GC(33942) User=0.01s Sys=0.00s Real=0.00s
[13444.237s][info][gc,start       ] GC(33943) Pause Young (Allocation Failure)
[13444.238s][info][gc,heap        ] GC(33943) PSYoungGen: 163056K(163328K)->240K(157696K) Eden: 162816K(162816K)->0K(157184K) From: 240K(512K)->240K(512K)
[13444.238s][info][gc,heap        ] GC(33943) ParOldGen: 326485K(326656K)->326501K(326656K)
[13444.238s][info][gc,metaspace   ] GC(33943) Metaspace: 8795K(9024K)->8795K(9024K) NonClass: 8142K(8320K)->8142K(8320K) Class: 652K(704K)->652K(704K)
[13444.238s][info][gc             ] GC(33943) Pause Young (Allocation Failure) 478M->319M(473M) 1.197ms
[13444.238s][info][gc,cpu         ] GC(33943) User=0.01s Sys=0.00s Real=0.00s
[13444.746s][info][gc,start       ] GC(33944) Pause Young (Allocation Failure)
[13444.747s][info][gc,heap        ] GC(33944) PSYoungGen: 157424K(157696K)->256K(152576K) Eden: 157184K(157184K)->0K(152064K) From: 240K(512K)->256K(512K)
[13444.747s][info][gc,heap        ] GC(33944) ParOldGen: 326501K(326656K)->326517K(326656K)
[13444.747s][info][gc,metaspace   ] GC(33944) Metaspace: 8795K(9024K)->8795K(9024K) NonClass: 8142K(8320K)->8142K(8320K) Class: 652K(704K)->652K(704K)
[13444.747s][info][gc             ] GC(33944) Pause Young (Allocation Failure) 472M->319M(468M) 1.119ms
[13444.747s][info][gc,cpu         ] GC(33944) User=0.00s Sys=0.00s Real=0.00s
[13445.243s][info][gc,start       ] GC(33945) Pause Young (Allocation Failure)
[13445.244s][info][gc,heap        ] GC(33945) PSYoungGen: 152320K(152576K)->240K(147456K) Eden: 152064K(152064K)->0K(146944K) From: 256K(512K)->240K(512K)
[13445.244s][info][gc,heap        ] GC(33945) ParOldGen: 326517K(326656K)->326533K(326656K)
[13445.244s][info][gc,metaspace   ] GC(33945) Metaspace: 8795K(9024K)->8795K(9024K) NonClass: 8142K(8320K)->8142K(8320K) Class: 652K(704K)->652K(704K)
[13445.245s][info][gc             ] GC(33945) Pause Young (Allocation Failure) 467M->319M(463M) 1.136ms
[13445.245s][info][gc,cpu         ] GC(33945) User=0.00s Sys=0.00s Real=0.00s
[13445.714s][info][gc,start       ] GC(33946) Pause Young (Allocation Failure)
[13445.715s][info][gc,heap        ] GC(33946) PSYoungGen: 147184K(147456K)->240K(142848K) Eden: 146944K(146944K)->0K(142336K) From: 240K(512K)->240K(512K)
[13445.715s][info][gc,heap        ] GC(33946) ParOldGen: 326533K(326656K)->326549K(326656K)
[13445.715s][info][gc,metaspace   ] GC(33946) Metaspace: 8795K(9024K)->8795K(9024K) NonClass: 8142K(8320K)->8142K(8320K) Class: 652K(704K)->652K(704K)
[13445.715s][info][gc             ] GC(33946) Pause Young (Allocation Failure) 462M->319M(458M) 1.188ms
[13445.715s][info][gc,cpu         ] GC(33946) User=0.01s Sys=0.00s Real=0.00s
[13446.164s][info][gc,start       ] GC(33947) Pause Young (Allocation Failure)
[13446.167s][info][gc,heap        ] GC(33947) PSYoungGen: 142576K(142848K)->272K(138240K) Eden: 142336K(142336K)->0K(137728K) From: 240K(512K)->272K(512K)
[13446.167s][info][gc,heap        ] GC(33947) ParOldGen: 326549K(326656K)->326557K(326656K)
[13446.167s][info][gc,metaspace   ] GC(33947) Metaspace: 8795K(9024K)->8795K(9024K) NonClass: 8142K(8320K)->8142K(8320K) Class: 652K(704K)->652K(704K)
[13446.167s][info][gc             ] GC(33947) Pause Young (Allocation Failure) 458M->319M(454M) 2.143ms
[13446.167s][info][gc,cpu         ] GC(33947) User=0.00s Sys=0.00s Real=0.00s
[13446.605s][info][gc,start       ] GC(33948) Pause Young (Allocation Failure)
[13446.606s][info][gc,heap        ] GC(33948) PSYoungGen: 138000K(138240K)->272K(133632K) Eden: 137728K(137728K)->0K(133120K) From: 272K(512K)->272K(512K)
[13446.606s][info][gc,heap        ] GC(33948) ParOldGen: 326557K(326656K)->326573K(326656K)
[13446.606s][info][gc,metaspace   ] GC(33948) Metaspace: 8795K(9024K)->8795K(9024K) NonClass: 8142K(8320K)->8142K(8320K) Class: 652K(704K)->652K(704K)
[13446.606s][info][gc             ] GC(33948) Pause Young (Allocation Failure) 453M->319M(449M) 1.123ms
[13446.606s][info][gc,cpu         ] GC(33948) User=0.00s Sys=0.00s Real=0.00s
[13447.043s][info][gc,start       ] GC(33949) Pause Young (Allocation Failure)
[13447.044s][info][gc,heap        ] GC(33949) PSYoungGen: 133392K(133632K)->192K(129536K) Eden: 133120K(133120K)->0K(129024K) From: 272K(512K)->192K(512K)
[13447.044s][info][gc,heap        ] GC(33949) ParOldGen: 326573K(326656K)->326589K(326656K)
[13447.044s][info][gc,metaspace   ] GC(33949) Metaspace: 8795K(9024K)->8795K(9024K) NonClass: 8142K(8320K)->8142K(8320K) Class: 652K(704K)->652K(704K)
[13447.044s][info][gc             ] GC(33949) Pause Young (Allocation Failure) 449M->319M(445M) 1.321ms
[13447.044s][info][gc,cpu         ] GC(33949) User=0.00s Sys=0.00s Real=0.00s
[13447.442s][info][gc,start       ] GC(33950) Pause Young (Allocation Failure)
[13447.444s][info][gc,heap        ] GC(33950) PSYoungGen: 129216K(129536K)->272K(125440K) Eden: 129024K(129024K)->0K(124928K) From: 192K(512K)->272K(512K)
[13447.444s][info][gc,heap        ] GC(33950) ParOldGen: 326589K(326656K)->326597K(326656K)
[13447.444s][info][gc,metaspace   ] GC(33950) Metaspace: 8795K(9024K)->8795K(9024K) NonClass: 8142K(8320K)->8142K(8320K) Class: 652K(704K)->652K(704K)
[13447.444s][info][gc             ] GC(33950) Pause Young (Allocation Failure) 445M->319M(441M) 2.169ms
[13447.444s][info][gc,cpu         ] GC(33950) User=0.00s Sys=0.00s Real=0.00s
[13447.860s][info][gc,start       ] GC(33951) Pause Young (Allocation Failure)
[13447.863s][info][gc,heap        ] GC(33951) PSYoungGen: 125200K(125440K)->256K(121344K) Eden: 124928K(124928K)->0K(120832K) From: 272K(512K)->256K(512K)
[13447.863s][info][gc,heap        ] GC(33951) ParOldGen: 326597K(326656K)->326613K(326656K)
[13447.863s][info][gc,metaspace   ] GC(33951) Metaspace: 8795K(9024K)->8795K(9024K) NonClass: 8142K(8320K)->8142K(8320K) Class: 652K(704K)->652K(704K)
[13447.863s][info][gc             ] GC(33951) Pause Young (Allocation Failure) 441M->319M(437M) 2.266ms
[13447.863s][info][gc,cpu         ] GC(33951) User=0.00s Sys=0.00s Real=0.00s
[13448.261s][info][gc,start       ] GC(33952) Pause Young (Allocation Failure)
[13448.263s][info][gc,heap        ] GC(33952) PSYoungGen: 121088K(121344K)->272K(117760K) Eden: 120832K(120832K)->0K(117248K) From: 256K(512K)->272K(512K)
[13448.263s][info][gc,heap        ] GC(33952) ParOldGen: 326613K(326656K)->326629K(326656K)
[13448.263s][info][gc,metaspace   ] GC(33952) Metaspace: 8795K(9024K)->8795K(9024K) NonClass: 8142K(8320K)->8142K(8320K) Class: 652K(704K)->652K(704K)
[13448.263s][info][gc             ] GC(33952) Pause Young (Allocation Failure) 437M->319M(434M) 2.090ms
[13448.263s][info][gc,cpu         ] GC(33952) User=0.01s Sys=0.00s Real=0.00s
[13448.639s][info][gc,start       ] GC(33953) Pause Young (Allocation Failure)
[13448.642s][info][gc,heap        ] GC(33953) PSYoungGen: 117520K(117760K)->272K(114176K) Eden: 117248K(117248K)->0K(113664K) From: 272K(512K)->272K(512K)
[13448.642s][info][gc,heap        ] GC(33953) ParOldGen: 326629K(326656K)->326637K(326656K)
[13448.642s][info][gc,metaspace   ] GC(33953) Metaspace: 8795K(9024K)->8795K(9024K) NonClass: 8142K(8320K)->8142K(8320K) Class: 652K(704K)->652K(704K)
[13448.642s][info][gc             ] GC(33953) Pause Young (Allocation Failure) 433M->319M(430M) 3.138ms
[13448.642s][info][gc,cpu         ] GC(33953) User=0.00s Sys=0.00s Real=0.01s
[13449.019s][info][gc,start       ] GC(33954) Pause Young (Allocation Failure)
[13449.020s][info][gc,heap        ] GC(33954) PSYoungGen: 113936K(114176K)->240K(110592K) Eden: 113664K(113664K)->0K(110080K) From: 272K(512K)->240K(512K)
[13449.020s][info][gc,heap        ] GC(33954) ParOldGen: 326637K(326656K)->326653K(326656K)
[13449.020s][info][gc,metaspace   ] GC(33954) Metaspace: 8795K(9024K)->8795K(9024K) NonClass: 8142K(8320K)->8142K(8320K) Class: 652K(704K)->652K(704K)
[13449.020s][info][gc             ] GC(33954) Pause Young (Allocation Failure) 430M->319M(427M) 1.269ms
[13449.020s][info][gc,cpu         ] GC(33954) User=0.00s Sys=0.00s Real=0.01s
[13449.414s][info][gc,start       ] GC(33955) Pause Young (Allocation Failure)
[13449.415s][info][gc,heap        ] GC(33955) PSYoungGen: 110320K(110592K)->144K(107520K) Eden: 110080K(110080K)->0K(107008K) From: 240K(512K)->144K(512K)
[13449.415s][info][gc,heap        ] GC(33955) ParOldGen: 326653K(326656K)->326661K(327168K)
[13449.415s][info][gc,metaspace   ] GC(33955) Metaspace: 8795K(9024K)->8795K(9024K) NonClass: 8142K(8320K)->8142K(8320K) Class: 652K(704K)->652K(704K)
[13449.415s][info][gc             ] GC(33955) Pause Young (Allocation Failure) 426M->319M(424M) 1.192ms
[13449.415s][info][gc,cpu         ] GC(33955) User=0.00s Sys=0.00s Real=0.00s
[13449.749s][info][gc,start       ] GC(33956) Pause Young (Allocation Failure)
[13449.750s][info][gc,heap        ] GC(33956) PSYoungGen: 107152K(107520K)->256K(104448K) Eden: 107008K(107008K)->0K(103936K) From: 144K(512K)->256K(512K)
[13449.750s][info][gc,heap        ] GC(33956) ParOldGen: 326661K(327168K)->326677K(327168K)
[13449.750s][info][gc,metaspace   ] GC(33956) Metaspace: 8795K(9024K)->8795K(9024K) NonClass: 8142K(8320K)->8142K(8320K) Class: 652K(704K)->652K(704K)
[13449.750s][info][gc             ] GC(33956) Pause Young (Allocation Failure) 423M->319M(421M) 1.213ms
[13449.750s][info][gc,cpu         ] GC(33956) User=0.00s Sys=0.00s Real=0.00s
[13450.082s][info][gc,start       ] GC(33957) Pause Young (Allocation Failure)
[13450.083s][info][gc,heap        ] GC(33957) PSYoungGen: 104192K(104448K)->272K(101376K) Eden: 103936K(103936K)->0K(100864K) From: 256K(512K)->272K(512K)
[13450.083s][info][gc,heap        ] GC(33957) ParOldGen: 326677K(327168K)->326693K(327168K)
[13450.083s][info][gc,metaspace   ] GC(33957) Metaspace: 8795K(9024K)->8795K(9024K) NonClass: 8142K(8320K)->8142K(8320K) Class: 652K(704K)->652K(704K)
[13450.083s][info][gc             ] GC(33957) Pause Young (Allocation Failure) 420M->319M(418M) 1.195ms
[13450.083s][info][gc,cpu         ] GC(33957) User=0.00s Sys=0.00s Real=0.00s
[13450.422s][info][gc,start       ] GC(33958) Pause Young (Allocation Failure)
[13450.423s][info][gc,heap        ] GC(33958) PSYoungGen: 101136K(101376K)->256K(98304K) Eden: 100864K(100864K)->0K(97792K) From: 272K(512K)->256K(512K)
[13450.423s][info][gc,heap        ] GC(33958) ParOldGen: 326693K(327168K)->326709K(327168K)
[13450.423s][info][gc,metaspace   ] GC(33958) Metaspace: 8795K(9024K)->8795K(9024K) NonClass: 8142K(8320K)->8142K(8320K) Class: 652K(704K)->652K(704K)
[13450.423s][info][gc             ] GC(33958) Pause Young (Allocation Failure) 417M->319M(415M) 1.240ms
[13450.423s][info][gc,cpu         ] GC(33958) User=0.00s Sys=0.00s Real=0.00s
[13450.726s][info][gc,start       ] GC(33959) Pause Young (Allocation Failure)
[13450.728s][info][gc,heap        ] GC(33959) PSYoungGen: 98048K(98304K)->288K(95744K) Eden: 97792K(97792K)->0K(95232K) From: 256K(512K)->288K(512K)
[13450.728s][info][gc,heap        ] GC(33959) ParOldGen: 326709K(327168K)->326725K(327168K)
[13450.728s][info][gc,metaspace   ] GC(33959) Metaspace: 8795K(9024K)->8795K(9024K) NonClass: 8142K(8320K)->8142K(8320K) Class: 652K(704K)->652K(704K)
[13450.728s][info][gc             ] GC(33959) Pause Young (Allocation Failure) 414M->319M(413M) 1.658ms
[13450.728s][info][gc,cpu         ] GC(33959) User=0.00s Sys=0.00s Real=0.00s
[13451.032s][info][gc,start       ] GC(33960) Pause Young (Allocation Failure)
[13451.033s][info][gc,heap        ] GC(33960) PSYoungGen: 95520K(95744K)->240K(93184K) Eden: 95232K(95232K)->0K(92672K) From: 288K(512K)->240K(512K)
[13451.033s][info][gc,heap        ] GC(33960) ParOldGen: 326725K(327168K)->326741K(327168K)
[13451.033s][info][gc,metaspace   ] GC(33960) Metaspace: 8795K(9024K)->8795K(9024K) NonClass: 8142K(8320K)->8142K(8320K) Class: 652K(704K)->652K(704K)
[13451.033s][info][gc             ] GC(33960) Pause Young (Allocation Failure) 412M->319M(410M) 1.176ms
[13451.033s][info][gc,cpu         ] GC(33960) User=0.00s Sys=0.00s Real=0.00s
[13451.315s][info][gc,start       ] GC(33961) Pause Young (Allocation Failure)
[13451.316s][info][gc,heap        ] GC(33961) PSYoungGen: 92912K(93184K)->208K(90624K) Eden: 92672K(92672K)->0K(90112K) From: 240K(512K)->208K(512K)
[13451.316s][info][gc,heap        ] GC(33961) ParOldGen: 326741K(327168K)->326749K(327168K)
[13451.316s][info][gc,metaspace   ] GC(33961) Metaspace: 8795K(9024K)->8795K(9024K) NonClass: 8142K(8320K)->8142K(8320K) Class: 652K(704K)->652K(704K)
[13451.316s][info][gc             ] GC(33961) Pause Young (Allocation Failure) 409M->319M(408M) 1.166ms
[13451.316s][info][gc,cpu         ] GC(33961) User=0.00s Sys=0.00s Real=0.00s
[13451.624s][info][gc,start       ] GC(33962) Pause Young (Allocation Failure)
[13451.626s][info][gc,heap        ] GC(33962) PSYoungGen: 90320K(90624K)->256K(88064K) Eden: 90112K(90112K)->0K(87552K) From: 208K(512K)->256K(512K)
[13451.626s][info][gc,heap        ] GC(33962) ParOldGen: 326749K(327168K)->326765K(327168K)
[13451.626s][info][gc,metaspace   ] GC(33962) Metaspace: 8795K(9024K)->8795K(9024K) NonClass: 8142K(8320K)->8142K(8320K) Class: 652K(704K)->652K(704K)
[13451.626s][info][gc             ] GC(33962) Pause Young (Allocation Failure) 407M->319M(405M) 1.673ms
[13451.626s][info][gc,cpu         ] GC(33962) User=0.00s Sys=0.00s Real=0.00s
[13451.896s][info][gc,start       ] GC(33963) Pause Young (Allocation Failure)
[13451.898s][info][gc,heap        ] GC(33963) PSYoungGen: 87808K(88064K)->224K(202752K) Eden: 87552K(87552K)->0K(202240K) From: 256K(512K)->224K(512K)
[13451.899s][info][gc,heap        ] GC(33963) ParOldGen: 326765K(327168K)->326781K(327168K)
[13451.899s][info][gc,metaspace   ] GC(33963) Metaspace: 8795K(9024K)->8795K(9024K) NonClass: 8142K(8320K)->8142K(8320K) Class: 652K(704K)->652K(704K)
[13451.899s][info][gc             ] GC(33963) Pause Young (Allocation Failure) 404M->319M(517M) 2.164ms
[13451.899s][info][gc,cpu         ] GC(33963) User=0.00s Sys=0.00s Real=0.00s
[13452.672s][info][gc,start       ] GC(33964) Pause Young (Allocation Failure)
[13452.675s][info][gc,heap        ] GC(33964) PSYoungGen: 202464K(202752K)->272K(195584K) Eden: 202240K(202240K)->0K(195072K) From: 224K(512K)->272K(512K)
[13452.675s][info][gc,heap        ] GC(33964) ParOldGen: 326781K(327168K)->326789K(327168K)
[13452.675s][info][gc,metaspace   ] GC(33964) Metaspace: 8795K(9024K)->8795K(9024K) NonClass: 8142K(8320K)->8142K(8320K) Class: 652K(704K)->652K(704K)
[13452.675s][info][gc             ] GC(33964) Pause Young (Allocation Failure) 516M->319M(510M) 3.583ms
[13452.675s][info][gc,cpu         ] GC(33964) User=0.00s Sys=0.00s Real=0.00s
[13453.350s][info][gc,start       ] GC(33965) Pause Young (Allocation Failure)
[13453.352s][info][gc,heap        ] GC(33965) PSYoungGen: 195344K(195584K)->240K(188416K) Eden: 195072K(195072K)->0K(187904K) From: 272K(512K)->240K(512K)
[13453.352s][info][gc,heap        ] GC(33965) ParOldGen: 326789K(327168K)->326797K(327168K)
[13453.352s][info][gc,metaspace   ] GC(33965) Metaspace: 8795K(9024K)->8795K(9024K) NonClass: 8142K(8320K)->8142K(8320K) Class: 652K(704K)->652K(704K)
[13453.352s][info][gc             ] GC(33965) Pause Young (Allocation Failure) 509M->319M(503M) 2.201ms
[13453.352s][info][gc,cpu         ] GC(33965) User=0.00s Sys=0.00s Real=0.01s
[13453.958s][info][gc,start       ] GC(33966) Pause Young (Allocation Failure)
[13453.960s][info][gc,heap        ] GC(33966) PSYoungGen: 188144K(188416K)->272K(181760K) Eden: 187904K(187904K)->0K(181248K) From: 240K(512K)->272K(512K)
[13453.960s][info][gc,heap        ] GC(33966) ParOldGen: 326797K(327168K)->326805K(327168K)
[13453.960s][info][gc,metaspace   ] GC(33966) Metaspace: 8795K(9024K)->8795K(9024K) NonClass: 8142K(8320K)->8142K(8320K) Class: 652K(704K)->652K(704K)
[13453.960s][info][gc             ] GC(33966) Pause Young (Allocation Failure) 502M->319M(497M) 2.158ms
[13453.960s][info][gc,cpu         ] GC(33966) User=0.00s Sys=0.00s Real=0.00s
[13454.581s][info][gc,start       ] GC(33967) Pause Young (Allocation Failure)
[13454.582s][info][gc,heap        ] GC(33967) PSYoungGen: 181520K(181760K)->240K(175104K) Eden: 181248K(181248K)->0K(174592K) From: 272K(512K)->240K(512K)
[13454.582s][info][gc,heap        ] GC(33967) ParOldGen: 326805K(327168K)->326821K(327168K)
[13454.582s][info][gc,metaspace   ] GC(33967) Metaspace: 8795K(9024K)->8795K(9024K) NonClass: 8142K(8320K)->8142K(8320K) Class: 652K(704K)->652K(704K)
[13454.582s][info][gc             ] GC(33967) Pause Young (Allocation Failure) 496M->319M(490M) 1.323ms
[13454.582s][info][gc,cpu         ] GC(33967) User=0.01s Sys=0.00s Real=0.00s
[13455.159s][info][gc,start       ] GC(33968) Pause Young (Allocation Failure)
[13455.160s][info][gc,heap        ] GC(33968) PSYoungGen: 174832K(175104K)->240K(168960K) Eden: 174592K(174592K)->0K(168448K) From: 240K(512K)->240K(512K)
[13455.160s][info][gc,heap        ] GC(33968) ParOldGen: 326821K(327168K)->326837K(327168K)
[13455.160s][info][gc,metaspace   ] GC(33968) Metaspace: 8795K(9024K)->8795K(9024K) NonClass: 8142K(8320K)->8142K(8320K) Class: 652K(704K)->652K(704K)
[13455.160s][info][gc             ] GC(33968) Pause Young (Allocation Failure) 489M->319M(484M) 1.164ms
[13455.160s][info][gc,cpu         ] GC(33968) User=0.00s Sys=0.00s Real=0.00s
[13455.682s][info][gc,start       ] GC(33969) Pause Young (Allocation Failure)
[13455.683s][info][gc,heap        ] GC(33969) PSYoungGen: 168688K(168960K)->272K(163328K) Eden: 168448K(168448K)->0K(162816K) From: 240K(512K)->272K(512K)
[13455.683s][info][gc,heap        ] GC(33969) ParOldGen: 326837K(327168K)->326853K(327168K)
[13455.683s][info][gc,metaspace   ] GC(33969) Metaspace: 8795K(9024K)->8795K(9024K) NonClass: 8142K(8320K)->8142K(8320K) Class: 652K(704K)->652K(704K)
[13455.683s][info][gc             ] GC(33969) Pause Young (Allocation Failure) 483M->319M(479M) 1.198ms
[13455.683s][info][gc,cpu         ] GC(33969) User=0.01s Sys=0.00s Real=0.00s
[13456.219s][info][gc,start       ] GC(33970) Pause Young (Allocation Failure)
[13456.220s][info][gc,heap        ] GC(33970) PSYoungGen: 163088K(163328K)->240K(157696K) Eden: 162816K(162816K)->0K(157184K) From: 272K(512K)->240K(512K)
[13456.220s][info][gc,heap        ] GC(33970) ParOldGen: 326853K(327168K)->326869K(327168K)
[13456.220s][info][gc,metaspace   ] GC(33970) Metaspace: 8795K(9024K)->8795K(9024K) NonClass: 8142K(8320K)->8142K(8320K) Class: 652K(704K)->652K(704K)
[13456.220s][info][gc             ] GC(33970) Pause Young (Allocation Failure) 478M->319M(473M) 1.163ms
[13456.221s][info][gc,cpu         ] GC(33970) User=0.00s Sys=0.00s Real=0.01s
[13456.747s][info][gc,start       ] GC(33971) Pause Young (Allocation Failure)
[13456.748s][info][gc,heap        ] GC(33971) PSYoungGen: 157424K(157696K)->240K(152576K) Eden: 157184K(157184K)->0K(152064K) From: 240K(512K)->240K(512K)
[13456.748s][info][gc,heap        ] GC(33971) ParOldGen: 326869K(327168K)->326885K(327168K)
[13456.748s][info][gc,metaspace   ] GC(33971) Metaspace: 8795K(9024K)->8795K(9024K) NonClass: 8142K(8320K)->8142K(8320K) Class: 652K(704K)->652K(704K)
[13456.748s][info][gc             ] GC(33971) Pause Young (Allocation Failure) 472M->319M(468M) 1.189ms
[13456.748s][info][gc,cpu         ] GC(33971) User=0.00s Sys=0.00s Real=0.00s
[13457.219s][info][gc,start       ] GC(33972) Pause Young (Allocation Failure)
[13457.221s][info][gc,heap        ] GC(33972) PSYoungGen: 152304K(152576K)->240K(147456K) Eden: 152064K(152064K)->0K(146944K) From: 240K(512K)->240K(512K)
[13457.221s][info][gc,heap        ] GC(33972) ParOldGen: 326885K(327168K)->326901K(327168K)
[13457.221s][info][gc,metaspace   ] GC(33972) Metaspace: 8795K(9024K)->8795K(9024K) NonClass: 8142K(8320K)->8142K(8320K) Class: 652K(704K)->652K(704K)
[13457.221s][info][gc             ] GC(33972) Pause Young (Allocation Failure) 467M->319M(463M) 1.175ms
[13457.221s][info][gc,cpu         ] GC(33972) User=0.00s Sys=0.00s Real=0.01s
[13457.700s][info][gc,start       ] GC(33973) Pause Young (Allocation Failure)
[13457.702s][info][gc,heap        ] GC(33973) PSYoungGen: 147184K(147456K)->272K(142848K) Eden: 146944K(146944K)->0K(142336K) From: 240K(512K)->272K(512K)
[13457.703s][info][gc,heap        ] GC(33973) ParOldGen: 326901K(327168K)->326909K(327168K)
[13457.703s][info][gc,metaspace   ] GC(33973) Metaspace: 8795K(9024K)->8795K(9024K) NonClass: 8142K(8320K)->8142K(8320K) Class: 652K(704K)->652K(704K)
[13457.703s][info][gc             ] GC(33973) Pause Young (Allocation Failure) 462M->319M(459M) 2.142ms
[13457.703s][info][gc,cpu         ] GC(33973) User=0.00s Sys=0.00s Real=0.00s
[13458.153s][info][gc,start       ] GC(33974) Pause Young (Allocation Failure)
[13458.154s][info][gc,heap        ] GC(33974) PSYoungGen: 142608K(142848K)->240K(138240K) Eden: 142336K(142336K)->0K(137728K) From: 272K(512K)->240K(512K)
[13458.154s][info][gc,heap        ] GC(33974) ParOldGen: 326909K(327168K)->326925K(327168K)
[13458.154s][info][gc,metaspace   ] GC(33974) Metaspace: 8795K(9024K)->8795K(9024K) NonClass: 8142K(8320K)->8142K(8320K) Class: 652K(704K)->652K(704K)
[13458.154s][info][gc             ] GC(33974) Pause Young (Allocation Failure) 458M->319M(454M) 1.204ms
[13458.154s][info][gc,cpu         ] GC(33974) User=0.00s Sys=0.00s Real=0.00s
[13458.589s][info][gc,start       ] GC(33975) Pause Young (Allocation Failure)
[13458.590s][info][gc,heap        ] GC(33975) PSYoungGen: 137968K(138240K)->240K(133632K) Eden: 137728K(137728K)->0K(133120K) From: 240K(512K)->240K(512K)
[13458.590s][info][gc,heap        ] GC(33975) ParOldGen: 326925K(327168K)->326941K(327168K)
[13458.590s][info][gc,metaspace   ] GC(33975) Metaspace: 8795K(9024K)->8795K(9024K) NonClass: 8142K(8320K)->8142K(8320K) Class: 652K(704K)->652K(704K)
[13458.590s][info][gc             ] GC(33975) Pause Young (Allocation Failure) 453M->319M(450M) 1.156ms
[13458.590s][info][gc,cpu         ] GC(33975) User=0.00s Sys=0.00s Real=0.00s
[13458.993s][info][gc,start       ] GC(33976) Pause Young (Allocation Failure)
[13458.994s][info][gc,heap        ] GC(33976) PSYoungGen: 133360K(133632K)->256K(129536K) Eden: 133120K(133120K)->0K(129024K) From: 240K(512K)->256K(512K)
[13458.994s][info][gc,heap        ] GC(33976) ParOldGen: 326941K(327168K)->326957K(327168K)
[13458.994s][info][gc,metaspace   ] GC(33976) Metaspace: 8795K(9024K)->8795K(9024K) NonClass: 8142K(8320K)->8142K(8320K) Class: 652K(704K)->652K(704K)
[13458.994s][info][gc             ] GC(33976) Pause Young (Allocation Failure) 449M->319M(446M) 1.189ms
[13458.994s][info][gc,cpu         ] GC(33976) User=0.00s Sys=0.00s Real=0.00s
[13459.416s][info][gc,start       ] GC(33977) Pause Young (Allocation Failure)
[13459.417s][info][gc,heap        ] GC(33977) PSYoungGen: 129280K(129536K)->256K(125440K) Eden: 129024K(129024K)->0K(124928K) From: 256K(512K)->256K(512K)
[13459.417s][info][gc,heap        ] GC(33977) ParOldGen: 326957K(327168K)->326973K(327168K)
[13459.417s][info][gc,metaspace   ] GC(33977) Metaspace: 8795K(9024K)->8795K(9024K) NonClass: 8142K(8320K)->8142K(8320K) Class: 652K(704K)->652K(704K)
[13459.418s][info][gc             ] GC(33977) Pause Young (Allocation Failure) 445M->319M(442M) 1.172ms
[13459.418s][info][gc,cpu         ] GC(33977) User=0.00s Sys=0.00s Real=0.00s
[13459.838s][info][gc,start       ] GC(33978) Pause Young (Allocation Failure)
[13459.839s][info][gc,heap        ] GC(33978) PSYoungGen: 125184K(125440K)->256K(121344K) Eden: 124928K(124928K)->0K(120832K) From: 256K(512K)->256K(512K)
[13459.839s][info][gc,heap        ] GC(33978) ParOldGen: 326973K(327168K)->326989K(327168K)
[13459.839s][info][gc,metaspace   ] GC(33978) Metaspace: 8795K(9024K)->8795K(9024K) NonClass: 8142K(8320K)->8142K(8320K) Class: 652K(704K)->652K(704K)
[13459.839s][info][gc             ] GC(33978) Pause Young (Allocation Failure) 441M->319M(438M) 1.197ms
[13459.839s][info][gc,cpu         ] GC(33978) User=0.00s Sys=0.00s Real=0.00s
[13460.210s][info][gc,start       ] GC(33979) Pause Young (Allocation Failure)
[13460.211s][info][gc,heap        ] GC(33979) PSYoungGen: 121088K(121344K)->256K(117760K) Eden: 120832K(120832K)->0K(117248K) From: 256K(512K)->256K(512K)
[13460.211s][info][gc,heap        ] GC(33979) ParOldGen: 326989K(327168K)->327005K(327168K)
[13460.211s][info][gc,metaspace   ] GC(33979) Metaspace: 8795K(9024K)->8795K(9024K) NonClass: 8142K(8320K)->8142K(8320K) Class: 652K(704K)->652K(704K)
[13460.211s][info][gc             ] GC(33979) Pause Young (Allocation Failure) 437M->319M(434M) 1.222ms
[13460.211s][info][gc,cpu         ] GC(33979) User=0.00s Sys=0.00s Real=0.01s
[13460.589s][info][gc,start       ] GC(33980) Pause Young (Allocation Failure)
[13460.591s][info][gc,heap        ] GC(33980) PSYoungGen: 117504K(117760K)->256K(114176K) Eden: 117248K(117248K)->0K(113664K) From: 256K(512K)->256K(512K)
[13460.591s][info][gc,heap        ] GC(33980) ParOldGen: 327005K(327168K)->327013K(327168K)
[13460.591s][info][gc,metaspace   ] GC(33980) Metaspace: 8795K(9024K)->8795K(9024K) NonClass: 8142K(8320K)->8142K(8320K) Class: 652K(704K)->652K(704K)
[13460.591s][info][gc             ] GC(33980) Pause Young (Allocation Failure) 434M->319M(431M) 2.128ms
[13460.591s][info][gc,cpu         ] GC(33980) User=0.00s Sys=0.00s Real=0.01s
[13460.935s][info][gc,start       ] GC(33981) Pause Young (Allocation Failure)
[13460.936s][info][gc,heap        ] GC(33981) PSYoungGen: 113920K(114176K)->256K(110592K) Eden: 113664K(113664K)->0K(110080K) From: 256K(512K)->256K(512K)
[13460.936s][info][gc,heap        ] GC(33981) ParOldGen: 327013K(327168K)->327029K(327168K)
[13460.936s][info][gc,metaspace   ] GC(33981) Metaspace: 8795K(9024K)->8795K(9024K) NonClass: 8142K(8320K)->8142K(8320K) Class: 652K(704K)->652K(704K)
[13460.936s][info][gc             ] GC(33981) Pause Young (Allocation Failure) 430M->319M(427M) 1.484ms
[13460.936s][info][gc,cpu         ] GC(33981) User=0.01s Sys=0.00s Real=0.00s
[13461.295s][info][gc,start       ] GC(33982) Pause Young (Allocation Failure)
[13461.296s][info][gc,heap        ] GC(33982) PSYoungGen: 110336K(110592K)->288K(107520K) Eden: 110080K(110080K)->0K(107008K) From: 256K(512K)->288K(512K)
[13461.296s][info][gc,heap        ] GC(33982) ParOldGen: 327029K(327168K)->327045K(327168K)
[13461.297s][info][gc,metaspace   ] GC(33982) Metaspace: 8795K(9024K)->8795K(9024K) NonClass: 8142K(8320K)->8142K(8320K) Class: 652K(704K)->652K(704K)
[13461.297s][info][gc             ] GC(33982) Pause Young (Allocation Failure) 427M->319M(424M) 1.198ms
[13461.297s][info][gc,cpu         ] GC(33982) User=0.01s Sys=0.00s Real=0.00s
[13461.627s][info][gc,start       ] GC(33983) Pause Young (Allocation Failure)
[13461.628s][info][gc,heap        ] GC(33983) PSYoungGen: 107296K(107520K)->256K(104448K) Eden: 107008K(107008K)->0K(103936K) From: 288K(512K)->256K(512K)
[13461.628s][info][gc,heap        ] GC(33983) ParOldGen: 327045K(327168K)->327061K(327168K)
[13461.628s][info][gc,metaspace   ] GC(33983) Metaspace: 8795K(9024K)->8795K(9024K) NonClass: 8142K(8320K)->8142K(8320K) Class: 652K(704K)->652K(704K)
[13461.628s][info][gc             ] GC(33983) Pause Young (Allocation Failure) 424M->319M(421M) 1.160ms
[13461.628s][info][gc,cpu         ] GC(33983) User=0.00s Sys=0.00s Real=0.00s
[13461.949s][info][gc,start       ] GC(33984) Pause Young (Allocation Failure)
[13461.951s][info][gc,heap        ] GC(33984) PSYoungGen: 104192K(104448K)->208K(101376K) Eden: 103936K(103936K)->0K(100864K) From: 256K(512K)->208K(512K)
[13461.951s][info][gc,heap        ] GC(33984) ParOldGen: 327061K(327168K)->327069K(327168K)
[13461.951s][info][gc,metaspace   ] GC(33984) Metaspace: 8795K(9024K)->8795K(9024K) NonClass: 8142K(8320K)->8142K(8320K) Class: 652K(704K)->652K(704K)
[13461.951s][info][gc             ] GC(33984) Pause Young (Allocation Failure) 421M->319M(418M) 2.050ms
[13461.951s][info][gc,cpu         ] GC(33984) User=0.00s Sys=0.00s Real=0.01s
[13462.259s][info][gc,start       ] GC(33985) Pause Young (Allocation Failure)
[13462.261s][info][gc,heap        ] GC(33985) PSYoungGen: 101072K(101376K)->256K(98304K) Eden: 100864K(100864K)->0K(97792K) From: 208K(512K)->256K(512K)
[13462.261s][info][gc,heap        ] GC(33985) ParOldGen: 327069K(327168K)->327085K(327168K)
[13462.261s][info][gc,metaspace   ] GC(33985) Metaspace: 8795K(9024K)->8795K(9024K) NonClass: 8142K(8320K)->8142K(8320K) Class: 652K(704K)->652K(704K)
[13462.261s][info][gc             ] GC(33985) Pause Young (Allocation Failure) 418M->319M(415M) 1.249ms
[13462.261s][info][gc,cpu         ] GC(33985) User=0.00s Sys=0.00s Real=0.01s
[13462.556s][info][gc,start       ] GC(33986) Pause Young (Allocation Failure)
[13462.557s][info][gc,heap        ] GC(33986) PSYoungGen: 98048K(98304K)->240K(95744K) Eden: 97792K(97792K)->0K(95232K) From: 256K(512K)->240K(512K)
[13462.557s][info][gc,heap        ] GC(33986) ParOldGen: 327085K(327168K)->327101K(327168K)
[13462.557s][info][gc,metaspace   ] GC(33986) Metaspace: 8795K(9024K)->8795K(9024K) NonClass: 8142K(8320K)->8142K(8320K) Class: 652K(704K)->652K(704K)
[13462.557s][info][gc             ] GC(33986) Pause Young (Allocation Failure) 415M->319M(413M) 1.223ms
[13462.557s][info][gc,cpu         ] GC(33986) User=0.00s Sys=0.00s Real=0.00s
[13462.889s][info][gc,start       ] GC(33987) Pause Young (Allocation Failure)
[13462.890s][info][gc,heap        ] GC(33987) PSYoungGen: 95472K(95744K)->224K(93184K) Eden: 95232K(95232K)->0K(92672K) From: 240K(512K)->224K(512K)
[13462.890s][info][gc,heap        ] GC(33987) ParOldGen: 327101K(327168K)->327117K(327168K)
[13462.890s][info][gc,metaspace   ] GC(33987) Metaspace: 8795K(9024K)->8795K(9024K) NonClass: 8142K(8320K)->8142K(8320K) Class: 652K(704K)->652K(704K)
[13462.890s][info][gc             ] GC(33987) Pause Young (Allocation Failure) 412M->319M(410M) 1.149ms
[13462.890s][info][gc,cpu         ] GC(33987) User=0.00s Sys=0.00s Real=0.00s
[13463.209s][info][gc,start       ] GC(33988) Pause Young (Allocation Failure)
[13463.210s][info][gc,heap        ] GC(33988) PSYoungGen: 92896K(93184K)->256K(90624K) Eden: 92672K(92672K)->0K(90112K) From: 224K(512K)->256K(512K)
[13463.210s][info][gc,heap        ] GC(33988) ParOldGen: 327117K(327168K)->327133K(327168K)
[13463.210s][info][gc,metaspace   ] GC(33988) Metaspace: 8795K(9024K)->8795K(9024K) NonClass: 8142K(8320K)->8142K(8320K) Class: 652K(704K)->652K(704K)
[13463.210s][info][gc             ] GC(33988) Pause Young (Allocation Failure) 410M->319M(408M) 1.171ms
[13463.210s][info][gc,cpu         ] GC(33988) User=0.00s Sys=0.00s Real=0.01s
[13463.490s][info][gc,start       ] GC(33989) Pause Young (Allocation Failure)
[13463.491s][info][gc,heap        ] GC(33989) PSYoungGen: 90368K(90624K)->304K(88064K) Eden: 90112K(90112K)->0K(87552K) From: 256K(512K)->304K(512K)
[13463.491s][info][gc,heap        ] GC(33989) ParOldGen: 327133K(327168K)->327149K(327168K)
[13463.491s][info][gc,metaspace   ] GC(33989) Metaspace: 8795K(9024K)->8795K(9024K) NonClass: 8142K(8320K)->8142K(8320K) Class: 652K(704K)->652K(704K)
[13463.491s][info][gc             ] GC(33989) Pause Young (Allocation Failure) 407M->319M(405M) 1.168ms
[13463.491s][info][gc,cpu         ] GC(33989) User=0.00s Sys=0.00s Real=0.00s
[13463.785s][info][gc,start       ] GC(33990) Pause Young (Allocation Failure)
[13463.787s][info][gc,heap        ] GC(33990) PSYoungGen: 87856K(88064K)->256K(202752K) Eden: 87552K(87552K)->0K(202240K) From: 304K(512K)->256K(512K)
[13463.787s][info][gc,heap        ] GC(33990) ParOldGen: 327149K(327168K)->327165K(327168K)
[13463.787s][info][gc,metaspace   ] GC(33990) Metaspace: 8795K(9024K)->8795K(9024K) NonClass: 8142K(8320K)->8142K(8320K) Class: 652K(704K)->652K(704K)
[13463.787s][info][gc             ] GC(33990) Pause Young (Allocation Failure) 405M->319M(517M) 1.176ms
[13463.787s][info][gc,cpu         ] GC(33990) User=0.00s Sys=0.00s Real=0.00s
[13464.423s][info][gc,start       ] GC(33991) Pause Young (Allocation Failure)
[13464.424s][info][gc,heap        ] GC(33991) PSYoungGen: 202496K(202752K)->240K(195584K) Eden: 202240K(202240K)->0K(195072K) From: 256K(512K)->240K(512K)
[13464.424s][info][gc,heap        ] GC(33991) ParOldGen: 327165K(327168K)->327181K(327680K)
[13464.424s][info][gc,metaspace   ] GC(33991) Metaspace: 8795K(9024K)->8795K(9024K) NonClass: 8142K(8320K)->8142K(8320K) Class: 652K(704K)->652K(704K)
[13464.424s][info][gc             ] GC(33991) Pause Young (Allocation Failure) 517M->319M(511M) 1.223ms
[13464.424s][info][gc,cpu         ] GC(33991) User=0.00s Sys=0.00s Real=0.00s
[13465.041s][info][gc,start       ] GC(33992) Pause Young (Allocation Failure)
[13465.042s][info][gc,heap        ] GC(33992) PSYoungGen: 195312K(195584K)->240K(188416K) Eden: 195072K(195072K)->0K(187904K) From: 240K(512K)->240K(512K)
[13465.042s][info][gc,heap        ] GC(33992) ParOldGen: 327181K(327680K)->327197K(327680K)
[13465.042s][info][gc,metaspace   ] GC(33992) Metaspace: 8795K(9024K)->8795K(9024K) NonClass: 8142K(8320K)->8142K(8320K) Class: 652K(704K)->652K(704K)
[13465.042s][info][gc             ] GC(33992) Pause Young (Allocation Failure) 510M->319M(504M) 1.156ms
[13465.042s][info][gc,cpu         ] GC(33992) User=0.00s Sys=0.01s Real=0.00s
[13465.630s][info][gc,start       ] GC(33993) Pause Young (Allocation Failure)
[13465.631s][info][gc,heap        ] GC(33993) PSYoungGen: 188144K(188416K)->240K(181760K) Eden: 187904K(187904K)->0K(181248K) From: 240K(512K)->240K(512K)
[13465.631s][info][gc,heap        ] GC(33993) ParOldGen: 327197K(327680K)->327213K(327680K)
[13465.631s][info][gc,metaspace   ] GC(33993) Metaspace: 8795K(9024K)->8795K(9024K) NonClass: 8142K(8320K)->8142K(8320K) Class: 652K(704K)->652K(704K)
[13465.631s][info][gc             ] GC(33993) Pause Young (Allocation Failure) 503M->319M(497M) 1.133ms
[13465.631s][info][gc,cpu         ] GC(33993) User=0.00s Sys=0.00s Real=0.01s
[13466.166s][info][gc,start       ] GC(33994) Pause Young (Allocation Failure)
[13466.167s][info][gc,heap        ] GC(33994) PSYoungGen: 181488K(181760K)->240K(175104K) Eden: 181248K(181248K)->0K(174592K) From: 240K(512K)->240K(512K)
[13466.167s][info][gc,heap        ] GC(33994) ParOldGen: 327213K(327680K)->327229K(327680K)
[13466.167s][info][gc,metaspace   ] GC(33994) Metaspace: 8795K(9024K)->8795K(9024K) NonClass: 8142K(8320K)->8142K(8320K) Class: 652K(704K)->652K(704K)
[13466.167s][info][gc             ] GC(33994) Pause Young (Allocation Failure) 496M->319M(491M) 1.191ms
[13466.167s][info][gc,cpu         ] GC(33994) User=0.00s Sys=0.00s Real=0.00s
[13466.691s][info][gc,start       ] GC(33995) Pause Young (Allocation Failure)
[13466.693s][info][gc,heap        ] GC(33995) PSYoungGen: 174832K(175104K)->240K(168960K) Eden: 174592K(174592K)->0K(168448K) From: 240K(512K)->240K(512K)
[13466.693s][info][gc,heap        ] GC(33995) ParOldGen: 327229K(327680K)->327245K(327680K)
[13466.693s][info][gc,metaspace   ] GC(33995) Metaspace: 8795K(9024K)->8795K(9024K) NonClass: 8142K(8320K)->8142K(8320K) Class: 652K(704K)->652K(704K)
[13466.693s][info][gc             ] GC(33995) Pause Young (Allocation Failure) 490M->319M(485M) 1.237ms
[13466.693s][info][gc,cpu         ] GC(33995) User=0.00s Sys=0.00s Real=0.00s
[13467.241s][info][gc,start       ] GC(33996) Pause Young (Allocation Failure)
[13467.242s][info][gc,heap        ] GC(33996) PSYoungGen: 168688K(168960K)->256K(163328K) Eden: 168448K(168448K)->0K(162816K) From: 240K(512K)->256K(512K)
[13467.242s][info][gc,heap        ] GC(33996) ParOldGen: 327245K(327680K)->327261K(327680K)
[13467.242s][info][gc,metaspace   ] GC(33996) Metaspace: 8795K(9024K)->8795K(9024K) NonClass: 8142K(8320K)->8142K(8320K) Class: 652K(704K)->652K(704K)
[13467.242s][info][gc             ] GC(33996) Pause Young (Allocation Failure) 484M->319M(479M) 1.236ms
[13467.242s][info][gc,cpu         ] GC(33996) User=0.00s Sys=0.00s Real=0.00s
[13467.777s][info][gc,start       ] GC(33997) Pause Young (Allocation Failure)
[13467.779s][info][gc,heap        ] GC(33997) PSYoungGen: 163072K(163328K)->224K(157696K) Eden: 162816K(162816K)->0K(157184K) From: 256K(512K)->224K(512K)
[13467.779s][info][gc,heap        ] GC(33997) ParOldGen: 327261K(327680K)->327277K(327680K)
[13467.779s][info][gc,metaspace   ] GC(33997) Metaspace: 8795K(9024K)->8795K(9024K) NonClass: 8142K(8320K)->8142K(8320K) Class: 652K(704K)->652K(704K)
[13467.779s][info][gc             ] GC(33997) Pause Young (Allocation Failure) 478M->319M(474M) 1.183ms
[13467.779s][info][gc,cpu         ] GC(33997) User=0.00s Sys=0.00s Real=0.00s
[13468.254s][info][gc,start       ] GC(33998) Pause Young (Allocation Failure)
[13468.256s][info][gc,heap        ] GC(33998) PSYoungGen: 157408K(157696K)->256K(152576K) Eden: 157184K(157184K)->0K(152064K) From: 224K(512K)->256K(512K)
[13468.256s][info][gc,heap        ] GC(33998) ParOldGen: 327277K(327680K)->327285K(327680K)
[13468.256s][info][gc,metaspace   ] GC(33998) Metaspace: 8795K(9024K)->8795K(9024K) NonClass: 8142K(8320K)->8142K(8320K) Class: 652K(704K)->652K(704K)
[13468.256s][info][gc             ] GC(33998) Pause Young (Allocation Failure) 473M->319M(469M) 2.069ms
[13468.256s][info][gc,cpu         ] GC(33998) User=0.00s Sys=0.00s Real=0.00s
[13468.739s][info][gc,start       ] GC(33999) Pause Young (Allocation Failure)
[13468.741s][info][gc,heap        ] GC(33999) PSYoungGen: 152320K(152576K)->224K(147456K) Eden: 152064K(152064K)->0K(146944K) From: 256K(512K)->224K(512K)
[13468.741s][info][gc,heap        ] GC(33999) ParOldGen: 327285K(327680K)->327293K(327680K)
[13468.741s][info][gc,metaspace   ] GC(33999) Metaspace: 8795K(9024K)->8795K(9024K) NonClass: 8142K(8320K)->8142K(8320K) Class: 652K(704K)->652K(704K)
[13468.742s][info][gc             ] GC(33999) Pause Young (Allocation Failure) 468M->319M(464M) 2.052ms
[13468.742s][info][gc,cpu         ] GC(33999) User=0.00s Sys=0.00s Real=0.01s
[13469.198s][info][gc,start       ] GC(34000) Pause Young (Allocation Failure)
[13469.200s][info][gc,heap        ] GC(34000) PSYoungGen: 147168K(147456K)->224K(142848K) Eden: 146944K(146944K)->0K(142336K) From: 224K(512K)->224K(512K)
[13469.200s][info][gc,heap        ] GC(34000) ParOldGen: 327293K(327680K)->327301K(327680K)
[13469.200s][info][gc,metaspace   ] GC(34000) Metaspace: 8795K(9024K)->8795K(9024K) NonClass: 8142K(8320K)->8142K(8320K) Class: 652K(704K)->652K(704K)
[13469.200s][info][gc             ] GC(34000) Pause Young (Allocation Failure) 463M->319M(459M) 2.171ms
[13469.200s][info][gc,cpu         ] GC(34000) User=0.00s Sys=0.00s Real=0.00s
[13469.695s][info][gc,start       ] GC(34001) Pause Young (Allocation Failure)
[13469.697s][info][gc,heap        ] GC(34001) PSYoungGen: 142560K(142848K)->272K(138240K) Eden: 142336K(142336K)->0K(137728K) From: 224K(512K)->272K(512K)
[13469.697s][info][gc,heap        ] GC(34001) ParOldGen: 327301K(327680K)->327317K(327680K)
[13469.698s][info][gc,metaspace   ] GC(34001) Metaspace: 8795K(9024K)->8795K(9024K) NonClass: 8142K(8320K)->8142K(8320K) Class: 652K(704K)->652K(704K)
[13469.698s][info][gc             ] GC(34001) Pause Young (Allocation Failure) 458M->319M(455M) 2.242ms
[13469.698s][info][gc,cpu         ] GC(34001) User=0.01s Sys=0.00s Real=0.00s
[13470.166s][info][gc,start       ] GC(34002) Pause Young (Allocation Failure)
[13470.168s][info][gc,heap        ] GC(34002) PSYoungGen: 138000K(138240K)->272K(133632K) Eden: 137728K(137728K)->0K(133120K) From: 272K(512K)->272K(512K)
[13470.168s][info][gc,heap        ] GC(34002) ParOldGen: 327317K(327680K)->327325K(327680K)
[13470.168s][info][gc,metaspace   ] GC(34002) Metaspace: 8795K(9024K)->8795K(9024K) NonClass: 8142K(8320K)->8142K(8320K) Class: 652K(704K)->652K(704K)
[13470.168s][info][gc             ] GC(34002) Pause Young (Allocation Failure) 454M->319M(450M) 2.158ms
[13470.168s][info][gc,cpu         ] GC(34002) User=0.00s Sys=0.00s Real=0.00s
[13470.600s][info][gc,start       ] GC(34003) Pause Young (Allocation Failure)
[13470.601s][info][gc,heap        ] GC(34003) PSYoungGen: 133392K(133632K)->240K(129536K) Eden: 133120K(133120K)->0K(129024K) From: 272K(512K)->240K(512K)
[13470.601s][info][gc,heap        ] GC(34003) ParOldGen: 327325K(327680K)->327341K(327680K)
[13470.601s][info][gc,metaspace   ] GC(34003) Metaspace: 8795K(9024K)->8795K(9024K) NonClass: 8142K(8320K)->8142K(8320K) Class: 652K(704K)->652K(704K)
[13470.601s][info][gc             ] GC(34003) Pause Young (Allocation Failure) 449M->319M(446M) 1.203ms
[13470.601s][info][gc,cpu         ] GC(34003) User=0.00s Sys=0.00s Real=0.01s
[13470.999s][info][gc,start       ] GC(34004) Pause Young (Allocation Failure)
[13471.001s][info][gc,heap        ] GC(34004) PSYoungGen: 129264K(129536K)->256K(125440K) Eden: 129024K(129024K)->0K(124928K) From: 240K(512K)->256K(512K)
[13471.001s][info][gc,heap        ] GC(34004) ParOldGen: 327341K(327680K)->327357K(327680K)
[13471.001s][info][gc,metaspace   ] GC(34004) Metaspace: 8795K(9024K)->8795K(9024K) NonClass: 8142K(8320K)->8142K(8320K) Class: 652K(704K)->652K(704K)
[13471.001s][info][gc             ] GC(34004) Pause Young (Allocation Failure) 445M->319M(442M) 2.300ms
[13471.001s][info][gc,cpu         ] GC(34004) User=0.00s Sys=0.00s Real=0.01s
[13471.390s][info][gc,start       ] GC(34005) Pause Young (Allocation Failure)
[13471.392s][info][gc,heap        ] GC(34005) PSYoungGen: 125184K(125440K)->240K(121344K) Eden: 124928K(124928K)->0K(120832K) From: 256K(512K)->240K(512K)
[13471.392s][info][gc,heap        ] GC(34005) ParOldGen: 327357K(327680K)->327373K(327680K)
[13471.392s][info][gc,metaspace   ] GC(34005) Metaspace: 8795K(9024K)->8795K(9024K) NonClass: 8142K(8320K)->8142K(8320K) Class: 652K(704K)->652K(704K)
[13471.392s][info][gc             ] GC(34005) Pause Young (Allocation Failure) 441M->319M(438M) 2.131ms
[13471.392s][info][gc,cpu         ] GC(34005) User=0.00s Sys=0.00s Real=0.01s
[13471.779s][info][gc,start       ] GC(34006) Pause Young (Allocation Failure)
[13471.781s][info][gc,heap        ] GC(34006) PSYoungGen: 121072K(121344K)->256K(117760K) Eden: 120832K(120832K)->0K(117248K) From: 240K(512K)->256K(512K)
[13471.781s][info][gc,heap        ] GC(34006) ParOldGen: 327373K(327680K)->327381K(327680K)
[13471.781s][info][gc,metaspace   ] GC(34006) Metaspace: 8795K(9024K)->8795K(9024K) NonClass: 8142K(8320K)->8142K(8320K) Class: 652K(704K)->652K(704K)
[13471.781s][info][gc             ] GC(34006) Pause Young (Allocation Failure) 437M->319M(435M) 2.303ms
[13471.781s][info][gc,cpu         ] GC(34006) User=0.00s Sys=0.00s Real=0.01s
[13472.199s][info][gc,start       ] GC(34007) Pause Young (Allocation Failure)
[13472.201s][info][gc,heap        ] GC(34007) PSYoungGen: 117504K(117760K)->256K(114176K) Eden: 117248K(117248K)->0K(113664K) From: 256K(512K)->256K(512K)
[13472.201s][info][gc,heap        ] GC(34007) ParOldGen: 327381K(327680K)->327389K(327680K)
[13472.201s][info][gc,metaspace   ] GC(34007) Metaspace: 8795K(9024K)->8795K(9024K) NonClass: 8142K(8320K)->8142K(8320K) Class: 652K(704K)->652K(704K)
[13472.201s][info][gc             ] GC(34007) Pause Young (Allocation Failure) 434M->319M(431M) 2.080ms
[13472.201s][info][gc,cpu         ] GC(34007) User=0.00s Sys=0.00s Real=0.01s
[13472.584s][info][gc,start       ] GC(34008) Pause Young (Allocation Failure)
[13472.587s][info][gc,heap        ] GC(34008) PSYoungGen: 113920K(114176K)->256K(110592K) Eden: 113664K(113664K)->0K(110080K) From: 256K(512K)->256K(512K)
[13472.587s][info][gc,heap        ] GC(34008) ParOldGen: 327389K(327680K)->327397K(327680K)
[13472.587s][info][gc,metaspace   ] GC(34008) Metaspace: 8795K(9024K)->8795K(9024K) NonClass: 8142K(8320K)->8142K(8320K) Class: 652K(704K)->652K(704K)
[13472.587s][info][gc             ] GC(34008) Pause Young (Allocation Failure) 430M->319M(428M) 2.121ms
[13472.587s][info][gc,cpu         ] GC(34008) User=0.00s Sys=0.00s Real=0.00s
[13472.968s][info][gc,start       ] GC(34009) Pause Young (Allocation Failure)
[13472.970s][info][gc,heap        ] GC(34009) PSYoungGen: 110336K(110592K)->272K(107520K) Eden: 110080K(110080K)->0K(107008K) From: 256K(512K)->272K(512K)
[13472.970s][info][gc,heap        ] GC(34009) ParOldGen: 327397K(327680K)->327405K(327680K)
[13472.970s][info][gc,metaspace   ] GC(34009) Metaspace: 8795K(9024K)->8795K(9024K) NonClass: 8142K(8320K)->8142K(8320K) Class: 652K(704K)->652K(704K)
[13472.970s][info][gc             ] GC(34009) Pause Young (Allocation Failure) 427M->319M(425M) 2.207ms
[13472.970s][info][gc,cpu         ] GC(34009) User=0.00s Sys=0.00s Real=0.01s
[13473.304s][info][gc,start       ] GC(34010) Pause Young (Allocation Failure)
[13473.306s][info][gc,heap        ] GC(34010) PSYoungGen: 107280K(107520K)->256K(104448K) Eden: 107008K(107008K)->0K(103936K) From: 272K(512K)->256K(512K)
[13473.306s][info][gc,heap        ] GC(34010) ParOldGen: 327405K(327680K)->327413K(327680K)
[13473.306s][info][gc,metaspace   ] GC(34010) Metaspace: 8795K(9024K)->8795K(9024K) NonClass: 8142K(8320K)->8142K(8320K) Class: 652K(704K)->652K(704K)
[13473.306s][info][gc             ] GC(34010) Pause Young (Allocation Failure) 424M->319M(422M) 2.153ms
[13473.306s][info][gc,cpu         ] GC(34010) User=0.00s Sys=0.00s Real=0.00s
[13473.645s][info][gc,start       ] GC(34011) Pause Young (Allocation Failure)
[13473.647s][info][gc,heap        ] GC(34011) PSYoungGen: 104192K(104448K)->240K(101376K) Eden: 103936K(103936K)->0K(100864K) From: 256K(512K)->240K(512K)
[13473.647s][info][gc,heap        ] GC(34011) ParOldGen: 327413K(327680K)->327421K(327680K)
[13473.647s][info][gc,metaspace   ] GC(34011) Metaspace: 8795K(9024K)->8795K(9024K) NonClass: 8142K(8320K)->8142K(8320K) Class: 652K(704K)->652K(704K)
[13473.647s][info][gc             ] GC(34011) Pause Young (Allocation Failure) 421M->319M(419M) 2.148ms
[13473.647s][info][gc,cpu         ] GC(34011) User=0.01s Sys=0.00s Real=0.00s
[13473.959s][info][gc,start       ] GC(34012) Pause Young (Allocation Failure)
[13473.961s][info][gc,heap        ] GC(34012) PSYoungGen: 101104K(101376K)->256K(98304K) Eden: 100864K(100864K)->0K(97792K) From: 240K(512K)->256K(512K)
[13473.961s][info][gc,heap        ] GC(34012) ParOldGen: 327421K(327680K)->327437K(327680K)
[13473.961s][info][gc,metaspace   ] GC(34012) Metaspace: 8795K(9024K)->8795K(9024K) NonClass: 8142K(8320K)->8142K(8320K) Class: 652K(704K)->652K(704K)
[13473.961s][info][gc             ] GC(34012) Pause Young (Allocation Failure) 418M->320M(416M) 1.657ms
[13473.961s][info][gc,cpu         ] GC(34012) User=0.00s Sys=0.00s Real=0.01s
[13474.282s][info][gc,start       ] GC(34013) Pause Young (Allocation Failure)
[13474.283s][info][gc,heap        ] GC(34013) PSYoungGen: 98048K(98304K)->256K(95744K) Eden: 97792K(97792K)->0K(95232K) From: 256K(512K)->256K(512K)
[13474.283s][info][gc,heap        ] GC(34013) ParOldGen: 327437K(327680K)->327453K(327680K)
[13474.283s][info][gc,metaspace   ] GC(34013) Metaspace: 8795K(9024K)->8795K(9024K) NonClass: 8142K(8320K)->8142K(8320K) Class: 652K(704K)->652K(704K)
[13474.283s][info][gc             ] GC(34013) Pause Young (Allocation Failure) 415M->320M(413M) 1.253ms
[13474.283s][info][gc,cpu         ] GC(34013) User=0.00s Sys=0.00s Real=0.00s
[13474.597s][info][gc,start       ] GC(34014) Pause Young (Allocation Failure)
[13474.599s][info][gc,heap        ] GC(34014) PSYoungGen: 95488K(95744K)->272K(93184K) Eden: 95232K(95232K)->0K(92672K) From: 256K(512K)->272K(512K)
[13474.599s][info][gc,heap        ] GC(34014) ParOldGen: 327453K(327680K)->327469K(327680K)
[13474.599s][info][gc,metaspace   ] GC(34014) Metaspace: 8795K(9024K)->8795K(9024K) NonClass: 8142K(8320K)->8142K(8320K) Class: 652K(704K)->652K(704K)
[13474.600s][info][gc             ] GC(34014) Pause Young (Allocation Failure) 413M->320M(411M) 2.469ms
[13474.600s][info][gc,cpu         ] GC(34014) User=0.01s Sys=0.00s Real=0.00s
[13474.898s][info][gc,start       ] GC(34015) Pause Young (Allocation Failure)
[13474.899s][info][gc,heap        ] GC(34015) PSYoungGen: 92944K(93184K)->256K(90624K) Eden: 92672K(92672K)->0K(90112K) From: 272K(512K)->256K(512K)
[13474.899s][info][gc,heap        ] GC(34015) ParOldGen: 327469K(327680K)->327485K(327680K)
[13474.899s][info][gc,metaspace   ] GC(34015) Metaspace: 8795K(9024K)->8795K(9024K) NonClass: 8142K(8320K)->8142K(8320K) Class: 652K(704K)->652K(704K)
[13474.899s][info][gc             ] GC(34015) Pause Young (Allocation Failure) 410M->320M(408M) 1.637ms
[13474.899s][info][gc,cpu         ] GC(34015) User=0.00s Sys=0.00s Real=0.00s
[13475.214s][info][gc,start       ] GC(34016) Pause Young (Allocation Failure)
[13475.216s][info][gc,heap        ] GC(34016) PSYoungGen: 90368K(90624K)->240K(88064K) Eden: 90112K(90112K)->0K(87552K) From: 256K(512K)->240K(512K)
[13475.216s][info][gc,heap        ] GC(34016) ParOldGen: 327485K(327680K)->327501K(327680K)
[13475.216s][info][gc,metaspace   ] GC(34016) Metaspace: 8795K(9024K)->8795K(9024K) NonClass: 8142K(8320K)->8142K(8320K) Class: 652K(704K)->652K(704K)
[13475.216s][info][gc             ] GC(34016) Pause Young (Allocation Failure) 408M->320M(406M) 1.175ms
[13475.216s][info][gc,cpu         ] GC(34016) User=0.01s Sys=0.00s Real=0.00s
[13475.524s][info][gc,start       ] GC(34017) Pause Young (Allocation Failure)
[13475.525s][info][gc,heap        ] GC(34017) PSYoungGen: 87792K(88064K)->272K(202752K) Eden: 87552K(87552K)->0K(202240K) From: 240K(512K)->272K(512K)
[13475.525s][info][gc,heap        ] GC(34017) ParOldGen: 327501K(327680K)->327517K(327680K)
[13475.525s][info][gc,metaspace   ] GC(34017) Metaspace: 8795K(9024K)->8795K(9024K) NonClass: 8142K(8320K)->8142K(8320K) Class: 652K(704K)->652K(704K)
[13475.525s][info][gc             ] GC(34017) Pause Young (Allocation Failure) 405M->320M(518M) 1.165ms
[13475.525s][info][gc,cpu         ] GC(34017) User=0.01s Sys=0.00s Real=0.00s
[13476.181s][info][gc,start       ] GC(34018) Pause Young (Allocation Failure)
[13476.182s][info][gc,heap        ] GC(34018) PSYoungGen: 202512K(202752K)->240K(195584K) Eden: 202240K(202240K)->0K(195072K) From: 272K(512K)->240K(512K)
[13476.182s][info][gc,heap        ] GC(34018) ParOldGen: 327517K(327680K)->327533K(327680K)
[13476.182s][info][gc,metaspace   ] GC(34018) Metaspace: 8795K(9024K)->8795K(9024K) NonClass: 8142K(8320K)->8142K(8320K) Class: 652K(704K)->652K(704K)
[13476.182s][info][gc             ] GC(34018) Pause Young (Allocation Failure) 517M->320M(511M) 1.521ms
[13476.182s][info][gc,cpu         ] GC(34018) User=0.00s Sys=0.00s Real=0.00s
[13476.872s][info][gc,start       ] GC(34019) Pause Young (Allocation Failure)
[13476.873s][info][gc,heap        ] GC(34019) PSYoungGen: 195312K(195584K)->256K(188416K) Eden: 195072K(195072K)->0K(187904K) From: 240K(512K)->256K(512K)
[13476.873s][info][gc,heap        ] GC(34019) ParOldGen: 327533K(327680K)->327549K(327680K)
[13476.873s][info][gc,metaspace   ] GC(34019) Metaspace: 8795K(9024K)->8795K(9024K) NonClass: 8142K(8320K)->8142K(8320K) Class: 652K(704K)->652K(704K)
[13476.873s][info][gc             ] GC(34019) Pause Young (Allocation Failure) 510M->320M(504M) 1.221ms
[13476.873s][info][gc,cpu         ] GC(34019) User=0.00s Sys=0.00s Real=0.00s
[13477.518s][info][gc,start       ] GC(34020) Pause Young (Allocation Failure)
[13477.519s][info][gc,heap        ] GC(34020) PSYoungGen: 188160K(188416K)->256K(181760K) Eden: 187904K(187904K)->0K(181248K) From: 256K(512K)->256K(512K)
[13477.519s][info][gc,heap        ] GC(34020) ParOldGen: 327549K(327680K)->327565K(327680K)
[13477.519s][info][gc,metaspace   ] GC(34020) Metaspace: 8795K(9024K)->8795K(9024K) NonClass: 8142K(8320K)->8142K(8320K) Class: 652K(704K)->652K(704K)
[13477.519s][info][gc             ] GC(34020) Pause Young (Allocation Failure) 503M->320M(497M) 1.204ms
[13477.519s][info][gc,cpu         ] GC(34020) User=0.00s Sys=0.00s Real=0.00s
[13478.101s][info][gc,start       ] GC(34021) Pause Young (Allocation Failure)
[13478.102s][info][gc,heap        ] GC(34021) PSYoungGen: 181504K(181760K)->240K(175104K) Eden: 181248K(181248K)->0K(174592K) From: 256K(512K)->240K(512K)
[13478.102s][info][gc,heap        ] GC(34021) ParOldGen: 327565K(327680K)->327581K(327680K)
[13478.102s][info][gc,metaspace   ] GC(34021) Metaspace: 8795K(9024K)->8795K(9024K) NonClass: 8142K(8320K)->8142K(8320K) Class: 652K(704K)->652K(704K)
[13478.102s][info][gc             ] GC(34021) Pause Young (Allocation Failure) 497M->320M(491M) 1.202ms
[13478.102s][info][gc,cpu         ] GC(34021) User=0.00s Sys=0.00s Real=0.00s
[13478.651s][info][gc,start       ] GC(34022) Pause Young (Allocation Failure)
[13478.652s][info][gc,heap        ] GC(34022) PSYoungGen: 174832K(175104K)->256K(168960K) Eden: 174592K(174592K)->0K(168448K) From: 240K(512K)->256K(512K)
[13478.652s][info][gc,heap        ] GC(34022) ParOldGen: 327581K(327680K)->327597K(327680K)
[13478.652s][info][gc,metaspace   ] GC(34022) Metaspace: 8795K(9024K)->8795K(9024K) NonClass: 8142K(8320K)->8142K(8320K) Class: 652K(704K)->652K(704K)
[13478.652s][info][gc             ] GC(34022) Pause Young (Allocation Failure) 490M->320M(485M) 1.149ms
[13478.652s][info][gc,cpu         ] GC(34022) User=0.01s Sys=0.00s Real=0.00s
[13479.184s][info][gc,start       ] GC(34023) Pause Young (Allocation Failure)
[13479.185s][info][gc,heap        ] GC(34023) PSYoungGen: 168704K(168960K)->240K(163328K) Eden: 168448K(168448K)->0K(162816K) From: 256K(512K)->240K(512K)
[13479.185s][info][gc,heap        ] GC(34023) ParOldGen: 327597K(327680K)->327613K(327680K)
[13479.185s][info][gc,metaspace   ] GC(34023) Metaspace: 8795K(9024K)->8795K(9024K) NonClass: 8142K(8320K)->8142K(8320K) Class: 652K(704K)->652K(704K)
[13479.185s][info][gc             ] GC(34023) Pause Young (Allocation Failure) 484M->320M(479M) 1.186ms
[13479.185s][info][gc,cpu         ] GC(34023) User=0.00s Sys=0.00s Real=0.00s
[13479.699s][info][gc,start       ] GC(34024) Pause Young (Allocation Failure)
[13479.700s][info][gc,heap        ] GC(34024) PSYoungGen: 163056K(163328K)->240K(157696K) Eden: 162816K(162816K)->0K(157184K) From: 240K(512K)->240K(512K)
[13479.700s][info][gc,heap        ] GC(34024) ParOldGen: 327613K(327680K)->327629K(327680K)
[13479.700s][info][gc,metaspace   ] GC(34024) Metaspace: 8795K(9024K)->8795K(9024K) NonClass: 8142K(8320K)->8142K(8320K) Class: 652K(704K)->652K(704K)
[13479.700s][info][gc             ] GC(34024) Pause Young (Allocation Failure) 479M->320M(474M) 1.202ms
[13479.700s][info][gc,cpu         ] GC(34024) User=0.01s Sys=0.00s Real=0.01s
[13480.196s][info][gc,start       ] GC(34025) Pause Young (Allocation Failure)
[13480.197s][info][gc,heap        ] GC(34025) PSYoungGen: 157424K(157696K)->224K(152576K) Eden: 157184K(157184K)->0K(152064K) From: 240K(512K)->224K(512K)
[13480.197s][info][gc,heap        ] GC(34025) ParOldGen: 327629K(327680K)->327645K(327680K)
[13480.197s][info][gc,metaspace   ] GC(34025) Metaspace: 8795K(9024K)->8795K(9024K) NonClass: 8142K(8320K)->8142K(8320K) Class: 652K(704K)->652K(704K)
[13480.197s][info][gc             ] GC(34025) Pause Young (Allocation Failure) 473M->320M(469M) 1.178ms
[13480.197s][info][gc,cpu         ] GC(34025) User=0.00s Sys=0.00s Real=0.00s
[13480.716s][info][gc,start       ] GC(34026) Pause Young (Allocation Failure)
[13480.718s][info][gc,heap        ] GC(34026) PSYoungGen: 152288K(152576K)->304K(147456K) Eden: 152064K(152064K)->0K(146944K) From: 224K(512K)->304K(512K)
[13480.718s][info][gc,heap        ] GC(34026) ParOldGen: 327645K(327680K)->327653K(327680K)
[13480.718s][info][gc,metaspace   ] GC(34026) Metaspace: 8795K(9024K)->8795K(9024K) NonClass: 8142K(8320K)->8142K(8320K) Class: 652K(704K)->652K(704K)
[13480.718s][info][gc             ] GC(34026) Pause Young (Allocation Failure) 468M->320M(464M) 2.145ms
[13480.718s][info][gc,cpu         ] GC(34026) User=0.00s Sys=0.00s Real=0.00s
[13481.209s][info][gc,start       ] GC(34027) Pause Young (Allocation Failure)
[13481.211s][info][gc,heap        ] GC(34027) PSYoungGen: 147248K(147456K)->256K(142848K) Eden: 146944K(146944K)->0K(142336K) From: 304K(512K)->256K(512K)
[13481.211s][info][gc,heap        ] GC(34027) ParOldGen: 327653K(327680K)->327661K(327680K)
[13481.211s][info][gc,metaspace   ] GC(34027) Metaspace: 8795K(9024K)->8795K(9024K) NonClass: 8142K(8320K)->8142K(8320K) Class: 652K(704K)->652K(704K)
[13481.211s][info][gc             ] GC(34027) Pause Young (Allocation Failure) 463M->320M(459M) 2.180ms
[13481.211s][info][gc,cpu         ] GC(34027) User=0.00s Sys=0.00s Real=0.01s
[13481.674s][info][gc,start       ] GC(34028) Pause Young (Allocation Failure)
[13481.676s][info][gc,heap        ] GC(34028) PSYoungGen: 142592K(142848K)->208K(138240K) Eden: 142336K(142336K)->0K(137728K) From: 256K(512K)->208K(512K)
[13481.676s][info][gc,heap        ] GC(34028) ParOldGen: 327661K(327680K)->327669K(327680K)
[13481.676s][info][gc,metaspace   ] GC(34028) Metaspace: 8795K(9024K)->8795K(9024K) NonClass: 8142K(8320K)->8142K(8320K) Class: 652K(704K)->652K(704K)
[13481.676s][info][gc             ] GC(34028) Pause Young (Allocation Failure) 459M->320M(455M) 2.082ms
[13481.676s][info][gc,cpu         ] GC(34028) User=0.01s Sys=0.00s Real=0.00s
[13482.127s][info][gc,start       ] GC(34029) Pause Young (Allocation Failure)
[13482.129s][info][gc,heap        ] GC(34029) PSYoungGen: 137936K(138240K)->224K(133632K) Eden: 137728K(137728K)->0K(133120K) From: 208K(512K)->224K(512K)
[13482.129s][info][gc,heap        ] GC(34029) ParOldGen: 327669K(327680K)->327677K(327680K)
[13482.129s][info][gc,metaspace   ] GC(34029) Metaspace: 8795K(9024K)->8795K(9024K) NonClass: 8142K(8320K)->8142K(8320K) Class: 652K(704K)->652K(704K)
[13482.129s][info][gc             ] GC(34029) Pause Young (Allocation Failure) 454M->320M(450M) 2.055ms
[13482.129s][info][gc,cpu         ] GC(34029) User=0.00s Sys=0.00s Real=0.00s
[13482.556s][info][gc,start       ] GC(34030) Pause Young (Allocation Failure)
[13482.558s][info][gc,heap        ] GC(34030) PSYoungGen: 133344K(133632K)->208K(129536K) Eden: 133120K(133120K)->0K(129024K) From: 224K(512K)->208K(512K)
[13482.558s][info][gc,heap        ] GC(34030) ParOldGen: 327677K(327680K)->327693K(328192K)
[13482.558s][info][gc,metaspace   ] GC(34030) Metaspace: 8795K(9024K)->8795K(9024K) NonClass: 8142K(8320K)->8142K(8320K) Class: 652K(704K)->652K(704K)
[13482.558s][info][gc             ] GC(34030) Pause Young (Allocation Failure) 450M->320M(447M) 2.013ms
[13482.558s][info][gc,cpu         ] GC(34030) User=0.00s Sys=0.00s Real=0.00s
[13482.965s][info][gc,start       ] GC(34031) Pause Young (Allocation Failure)
[13482.967s][info][gc,heap        ] GC(34031) PSYoungGen: 129232K(129536K)->240K(125440K) Eden: 129024K(129024K)->0K(124928K) From: 208K(512K)->240K(512K)
[13482.967s][info][gc,heap        ] GC(34031) ParOldGen: 327693K(328192K)->327709K(328192K)
[13482.967s][info][gc,metaspace   ] GC(34031) Metaspace: 8795K(9024K)->8795K(9024K) NonClass: 8142K(8320K)->8142K(8320K) Class: 652K(704K)->652K(704K)
[13482.967s][info][gc             ] GC(34031) Pause Young (Allocation Failure) 446M->320M(443M) 2.152ms
[13482.967s][info][gc,cpu         ] GC(34031) User=0.00s Sys=0.00s Real=0.00s
[13483.358s][info][gc,start       ] GC(34032) Pause Young (Allocation Failure)
[13483.360s][info][gc,heap        ] GC(34032) PSYoungGen: 125168K(125440K)->256K(121344K) Eden: 124928K(124928K)->0K(120832K) From: 240K(512K)->256K(512K)
[13483.360s][info][gc,heap        ] GC(34032) ParOldGen: 327709K(328192K)->327725K(328192K)
[13483.360s][info][gc,metaspace   ] GC(34032) Metaspace: 8795K(9024K)->8795K(9024K) NonClass: 8142K(8320K)->8142K(8320K) Class: 652K(704K)->652K(704K)
[13483.360s][info][gc             ] GC(34032) Pause Young (Allocation Failure) 442M->320M(439M) 2.173ms
[13483.360s][info][gc,cpu         ] GC(34032) User=0.00s Sys=0.00s Real=0.00s
[13483.743s][info][gc,start       ] GC(34033) Pause Young (Allocation Failure)
[13483.745s][info][gc,heap        ] GC(34033) PSYoungGen: 121088K(121344K)->240K(117760K) Eden: 120832K(120832K)->0K(117248K) From: 256K(512K)->240K(512K)
[13483.745s][info][gc,heap        ] GC(34033) ParOldGen: 327725K(328192K)->327741K(328192K)
[13483.745s][info][gc,metaspace   ] GC(34033) Metaspace: 8795K(9024K)->8795K(9024K) NonClass: 8142K(8320K)->8142K(8320K) Class: 652K(704K)->652K(704K)
[13483.745s][info][gc             ] GC(34033) Pause Young (Allocation Failure) 438M->320M(435M) 2.400ms
[13483.745s][info][gc,cpu         ] GC(34033) User=0.00s Sys=0.00s Real=0.00s
[13484.129s][info][gc,start       ] GC(34034) Pause Young (Allocation Failure)
[13484.132s][info][gc,heap        ] GC(34034) PSYoungGen: 117488K(117760K)->224K(114176K) Eden: 117248K(117248K)->0K(113664K) From: 240K(512K)->224K(512K)
[13484.132s][info][gc,heap        ] GC(34034) ParOldGen: 327741K(328192K)->327749K(328192K)
[13484.132s][info][gc,metaspace   ] GC(34034) Metaspace: 8795K(9024K)->8795K(9024K) NonClass: 8142K(8320K)->8142K(8320K) Class: 652K(704K)->652K(704K)
[13484.132s][info][gc             ] GC(34034) Pause Young (Allocation Failure) 434M->320M(432M) 2.750ms
[13484.132s][info][gc,cpu         ] GC(34034) User=0.01s Sys=0.00s Real=0.01s
[13484.493s][info][gc,start       ] GC(34035) Pause Young (Allocation Failure)
[13484.495s][info][gc,heap        ] GC(34035) PSYoungGen: 113888K(114176K)->288K(110592K) Eden: 113664K(113664K)->0K(110080K) From: 224K(512K)->288K(512K)
[13484.495s][info][gc,heap        ] GC(34035) ParOldGen: 327749K(328192K)->327757K(328192K)
[13484.495s][info][gc,metaspace   ] GC(34035) Metaspace: 8795K(9024K)->8795K(9024K) NonClass: 8142K(8320K)->8142K(8320K) Class: 652K(704K)->652K(704K)
[13484.495s][info][gc             ] GC(34035) Pause Young (Allocation Failure) 431M->320M(428M) 2.079ms
[13484.495s][info][gc,cpu         ] GC(34035) User=0.00s Sys=0.00s Real=0.00s
[13484.852s][info][gc,start       ] GC(34036) Pause Young (Allocation Failure)
[13484.854s][info][gc,heap        ] GC(34036) PSYoungGen: 110368K(110592K)->208K(107520K) Eden: 110080K(110080K)->0K(107008K) From: 288K(512K)->208K(512K)
[13484.854s][info][gc,heap        ] GC(34036) ParOldGen: 327757K(328192K)->327765K(328192K)
[13484.854s][info][gc,metaspace   ] GC(34036) Metaspace: 8795K(9024K)->8795K(9024K) NonClass: 8142K(8320K)->8142K(8320K) Class: 652K(704K)->652K(704K)
[13484.854s][info][gc             ] GC(34036) Pause Young (Allocation Failure) 427M->320M(425M) 2.619ms
[13484.854s][info][gc,cpu         ] GC(34036) User=0.00s Sys=0.00s Real=0.00s
[13485.192s][info][gc,start       ] GC(34037) Pause Young (Allocation Failure)
[13485.194s][info][gc,heap        ] GC(34037) PSYoungGen: 107216K(107520K)->240K(104448K) Eden: 107008K(107008K)->0K(103936K) From: 208K(512K)->240K(512K)
[13485.194s][info][gc,heap        ] GC(34037) ParOldGen: 327765K(328192K)->327773K(328192K)
[13485.194s][info][gc,metaspace   ] GC(34037) Metaspace: 8795K(9024K)->8795K(9024K) NonClass: 8142K(8320K)->8142K(8320K) Class: 652K(704K)->652K(704K)
[13485.194s][info][gc             ] GC(34037) Pause Young (Allocation Failure) 424M->320M(422M) 2.592ms
[13485.194s][info][gc,cpu         ] GC(34037) User=0.01s Sys=0.00s Real=0.00s
[13485.519s][info][gc,start       ] GC(34038) Pause Young (Allocation Failure)
[13485.521s][info][gc,heap        ] GC(34038) PSYoungGen: 104176K(104448K)->224K(101376K) Eden: 103936K(103936K)->0K(100864K) From: 240K(512K)->224K(512K)
[13485.521s][info][gc,heap        ] GC(34038) ParOldGen: 327773K(328192K)->327781K(328192K)
[13485.521s][info][gc,metaspace   ] GC(34038) Metaspace: 8795K(9024K)->8795K(9024K) NonClass: 8142K(8320K)->8142K(8320K) Class: 652K(704K)->652K(704K)
[13485.521s][info][gc             ] GC(34038) Pause Young (Allocation Failure) 421M->320M(419M) 2.522ms
[13485.521s][info][gc,cpu         ] GC(34038) User=0.00s Sys=0.00s Real=0.01s
[13485.848s][info][gc,start       ] GC(34039) Pause Young (Allocation Failure)
[13485.851s][info][gc,heap        ] GC(34039) PSYoungGen: 101088K(101376K)->304K(98304K) Eden: 100864K(100864K)->0K(97792K) From: 224K(512K)->304K(512K)
[13485.851s][info][gc,heap        ] GC(34039) ParOldGen: 327781K(328192K)->327789K(328192K)
[13485.851s][info][gc,metaspace   ] GC(34039) Metaspace: 8795K(9024K)->8795K(9024K) NonClass: 8142K(8320K)->8142K(8320K) Class: 652K(704K)->652K(704K)
[13485.851s][info][gc             ] GC(34039) Pause Young (Allocation Failure) 418M->320M(416M) 2.757ms
[13485.851s][info][gc,cpu         ] GC(34039) User=0.00s Sys=0.00s Real=0.01s
[13486.163s][info][gc,start       ] GC(34040) Pause Young (Allocation Failure)
[13486.165s][info][gc,heap        ] GC(34040) PSYoungGen: 98096K(98304K)->256K(95744K) Eden: 97792K(97792K)->0K(95232K) From: 304K(512K)->256K(512K)
[13486.165s][info][gc,heap        ] GC(34040) ParOldGen: 327789K(328192K)->327805K(328192K)
[13486.165s][info][gc,metaspace   ] GC(34040) Metaspace: 8795K(9024K)->8795K(9024K) NonClass: 8142K(8320K)->8142K(8320K) Class: 652K(704K)->652K(704K)
[13486.165s][info][gc             ] GC(34040) Pause Young (Allocation Failure) 415M->320M(414M) 2.281ms
[13486.165s][info][gc,cpu         ] GC(34040) User=0.00s Sys=0.00s Real=0.00s
[13486.442s][info][gc,start       ] GC(34041) Pause Young (Allocation Failure)
[13486.444s][info][gc,heap        ] GC(34041) PSYoungGen: 95488K(95744K)->240K(93184K) Eden: 95232K(95232K)->0K(92672K) From: 256K(512K)->240K(512K)
[13486.444s][info][gc,heap        ] GC(34041) ParOldGen: 327805K(328192K)->327821K(328192K)
[13486.444s][info][gc,metaspace   ] GC(34041) Metaspace: 8795K(9024K)->8795K(9024K) NonClass: 8142K(8320K)->8142K(8320K) Class: 652K(704K)->652K(704K)
[13486.444s][info][gc             ] GC(34041) Pause Young (Allocation Failure) 413M->320M(411M) 2.069ms
[13486.444s][info][gc,cpu         ] GC(34041) User=0.00s Sys=0.00s Real=0.00s
[13486.730s][info][gc,start       ] GC(34042) Pause Young (Allocation Failure)
[13486.732s][info][gc,heap        ] GC(34042) PSYoungGen: 92912K(93184K)->240K(90624K) Eden: 92672K(92672K)->0K(90112K) From: 240K(512K)->240K(512K)
[13486.732s][info][gc,heap        ] GC(34042) ParOldGen: 327821K(328192K)->327829K(328192K)
[13486.732s][info][gc,metaspace   ] GC(34042) Metaspace: 8795K(9024K)->8795K(9024K) NonClass: 8142K(8320K)->8142K(8320K) Class: 652K(704K)->652K(704K)
[13486.732s][info][gc             ] GC(34042) Pause Young (Allocation Failure) 410M->320M(409M) 2.185ms
[13486.732s][info][gc,cpu         ] GC(34042) User=0.00s Sys=0.00s Real=0.01s
[13487.027s][info][gc,start       ] GC(34043) Pause Young (Allocation Failure)
[13487.028s][info][gc,heap        ] GC(34043) PSYoungGen: 90352K(90624K)->240K(88064K) Eden: 90112K(90112K)->0K(87552K) From: 240K(512K)->240K(512K)
[13487.028s][info][gc,heap        ] GC(34043) ParOldGen: 327829K(328192K)->327845K(328192K)
[13487.028s][info][gc,metaspace   ] GC(34043) Metaspace: 8795K(9024K)->8795K(9024K) NonClass: 8142K(8320K)->8142K(8320K) Class: 652K(704K)->652K(704K)
[13487.028s][info][gc             ] GC(34043) Pause Young (Allocation Failure) 408M->320M(406M) 1.606ms
[13487.028s][info][gc,cpu         ] GC(34043) User=0.00s Sys=0.00s Real=0.00s
[13487.304s][info][gc,start       ] GC(34044) Pause Young (Allocation Failure)
[13487.305s][info][gc,heap        ] GC(34044) PSYoungGen: 87792K(88064K)->240K(202752K) Eden: 87552K(87552K)->0K(202240K) From: 240K(512K)->240K(512K)
[13487.305s][info][gc,heap        ] GC(34044) ParOldGen: 327845K(328192K)->327861K(328192K)
[13487.305s][info][gc,metaspace   ] GC(34044) Metaspace: 8795K(9024K)->8795K(9024K) NonClass: 8142K(8320K)->8142K(8320K) Class: 652K(704K)->652K(704K)
[13487.305s][info][gc             ] GC(34044) Pause Young (Allocation Failure) 405M->320M(518M) 1.162ms
[13487.305s][info][gc,cpu         ] GC(34044) User=0.00s Sys=0.00s Real=0.00s
[13487.948s][info][gc,start       ] GC(34045) Pause Young (Allocation Failure)
[13487.949s][info][gc,heap        ] GC(34045) PSYoungGen: 202480K(202752K)->240K(195584K) Eden: 202240K(202240K)->0K(195072K) From: 240K(512K)->240K(512K)
[13487.949s][info][gc,heap        ] GC(34045) ParOldGen: 327861K(328192K)->327877K(328192K)
[13487.949s][info][gc,metaspace   ] GC(34045) Metaspace: 8795K(9024K)->8795K(9024K) NonClass: 8142K(8320K)->8142K(8320K) Class: 652K(704K)->652K(704K)
[13487.949s][info][gc             ] GC(34045) Pause Young (Allocation Failure) 517M->320M(511M) 1.451ms
[13487.949s][info][gc,cpu         ] GC(34045) User=0.00s Sys=0.00s Real=0.00s
[13488.574s][info][gc,start       ] GC(34046) Pause Young (Allocation Failure)
[13488.575s][info][gc,heap        ] GC(34046) PSYoungGen: 195312K(195584K)->256K(188416K) Eden: 195072K(195072K)->0K(187904K) From: 240K(512K)->256K(512K)
[13488.575s][info][gc,heap        ] GC(34046) ParOldGen: 327877K(328192K)->327893K(328192K)
[13488.575s][info][gc,metaspace   ] GC(34046) Metaspace: 8795K(9024K)->8795K(9024K) NonClass: 8142K(8320K)->8142K(8320K) Class: 652K(704K)->652K(704K)
[13488.575s][info][gc             ] GC(34046) Pause Young (Allocation Failure) 510M->320M(504M) 1.179ms
[13488.576s][info][gc,cpu         ] GC(34046) User=0.00s Sys=0.00s Real=0.00s
[13489.168s][info][gc,start       ] GC(34047) Pause Young (Allocation Failure)
[13489.169s][info][gc,heap        ] GC(34047) PSYoungGen: 188160K(188416K)->256K(181760K) Eden: 187904K(187904K)->0K(181248K) From: 256K(512K)->256K(512K)
[13489.169s][info][gc,heap        ] GC(34047) ParOldGen: 327893K(328192K)->327909K(328192K)
[13489.169s][info][gc,metaspace   ] GC(34047) Metaspace: 8795K(9024K)->8795K(9024K) NonClass: 8142K(8320K)->8142K(8320K) Class: 652K(704K)->652K(704K)
[13489.169s][info][gc             ] GC(34047) Pause Young (Allocation Failure) 503M->320M(498M) 1.191ms
[13489.169s][info][gc,cpu         ] GC(34047) User=0.01s Sys=0.00s Real=0.00s
[13489.734s][info][gc,start       ] GC(34048) Pause Young (Allocation Failure)
[13489.735s][info][gc,heap        ] GC(34048) PSYoungGen: 181504K(181760K)->240K(175104K) Eden: 181248K(181248K)->0K(174592K) From: 256K(512K)->240K(512K)
[13489.735s][info][gc,heap        ] GC(34048) ParOldGen: 327909K(328192K)->327925K(328192K)
[13489.735s][info][gc,metaspace   ] GC(34048) Metaspace: 8795K(9024K)->8795K(9024K) NonClass: 8142K(8320K)->8142K(8320K) Class: 652K(704K)->652K(704K)
[13489.735s][info][gc             ] GC(34048) Pause Young (Allocation Failure) 497M->320M(491M) 1.164ms
[13489.735s][info][gc,cpu         ] GC(34048) User=0.00s Sys=0.00s Real=0.00s
[13490.294s][info][gc,start       ] GC(34049) Pause Young (Allocation Failure)
[13490.295s][info][gc,heap        ] GC(34049) PSYoungGen: 174832K(175104K)->240K(168960K) Eden: 174592K(174592K)->0K(168448K) From: 240K(512K)->240K(512K)
[13490.295s][info][gc,heap        ] GC(34049) ParOldGen: 327925K(328192K)->327941K(328192K)
[13490.295s][info][gc,metaspace   ] GC(34049) Metaspace: 8795K(9024K)->8795K(9024K) NonClass: 8142K(8320K)->8142K(8320K) Class: 652K(704K)->652K(704K)
[13490.295s][info][gc             ] GC(34049) Pause Young (Allocation Failure) 490M->320M(485M) 1.147ms
[13490.295s][info][gc,cpu         ] GC(34049) User=0.00s Sys=0.00s Real=0.00s
[13490.823s][info][gc,start       ] GC(34050) Pause Young (Allocation Failure)
[13490.825s][info][gc,heap        ] GC(34050) PSYoungGen: 168688K(168960K)->272K(163328K) Eden: 168448K(168448K)->0K(162816K) From: 240K(512K)->272K(512K)
[13490.825s][info][gc,heap        ] GC(34050) ParOldGen: 327941K(328192K)->327949K(328192K)
[13490.825s][info][gc,metaspace   ] GC(34050) Metaspace: 8795K(9024K)->8795K(9024K) NonClass: 8142K(8320K)->8142K(8320K) Class: 652K(704K)->652K(704K)
[13490.825s][info][gc             ] GC(34050) Pause Young (Allocation Failure) 484M->320M(480M) 2.766ms
[13490.825s][info][gc,cpu         ] GC(34050) User=0.00s Sys=0.01s Real=0.00s
[13491.361s][info][gc,start       ] GC(34051) Pause Young (Allocation Failure)
[13491.363s][info][gc,heap        ] GC(34051) PSYoungGen: 163088K(163328K)->224K(157696K) Eden: 162816K(162816K)->0K(157184K) From: 272K(512K)->224K(512K)
[13491.363s][info][gc,heap        ] GC(34051) ParOldGen: 327949K(328192K)->327965K(328192K)
[13491.363s][info][gc,metaspace   ] GC(34051) Metaspace: 8795K(9024K)->8795K(9024K) NonClass: 8142K(8320K)->8142K(8320K) Class: 652K(704K)->652K(704K)
[13491.363s][info][gc             ] GC(34051) Pause Young (Allocation Failure) 479M->320M(474M) 2.380ms
[13491.363s][info][gc,cpu         ] GC(34051) User=0.00s Sys=0.00s Real=0.00s
[13491.865s][info][gc,start       ] GC(34052) Pause Young (Allocation Failure)
[13491.867s][info][gc,heap        ] GC(34052) PSYoungGen: 157408K(157696K)->240K(152576K) Eden: 157184K(157184K)->0K(152064K) From: 224K(512K)->240K(512K)
[13491.867s][info][gc,heap        ] GC(34052) ParOldGen: 327965K(328192K)->327973K(328192K)
[13491.867s][info][gc,metaspace   ] GC(34052) Metaspace: 8795K(9024K)->8795K(9024K) NonClass: 8142K(8320K)->8142K(8320K) Class: 652K(704K)->652K(704K)
[13491.867s][info][gc             ] GC(34052) Pause Young (Allocation Failure) 473M->320M(469M) 2.089ms
[13491.867s][info][gc,cpu         ] GC(34052) User=0.00s Sys=0.00s Real=0.00s
[13492.342s][info][gc,start       ] GC(34053) Pause Young (Allocation Failure)
[13492.344s][info][gc,heap        ] GC(34053) PSYoungGen: 152304K(152576K)->224K(147456K) Eden: 152064K(152064K)->0K(146944K) From: 240K(512K)->224K(512K)
[13492.344s][info][gc,heap        ] GC(34053) ParOldGen: 327973K(328192K)->327989K(328192K)
[13492.344s][info][gc,metaspace   ] GC(34053) Metaspace: 8795K(9024K)->8795K(9024K) NonClass: 8142K(8320K)->8142K(8320K) Class: 652K(704K)->652K(704K)
[13492.344s][info][gc             ] GC(34053) Pause Young (Allocation Failure) 469M->320M(464M) 2.236ms
[13492.344s][info][gc,cpu         ] GC(34053) User=0.00s Sys=0.00s Real=0.00s
[13492.817s][info][gc,start       ] GC(34054) Pause Young (Allocation Failure)
[13492.819s][info][gc,heap        ] GC(34054) PSYoungGen: 147168K(147456K)->240K(142848K) Eden: 146944K(146944K)->0K(142336K) From: 224K(512K)->240K(512K)
[13492.819s][info][gc,heap        ] GC(34054) ParOldGen: 327989K(328192K)->327997K(328192K)
[13492.819s][info][gc,metaspace   ] GC(34054) Metaspace: 8795K(9024K)->8795K(9024K) NonClass: 8142K(8320K)->8142K(8320K) Class: 652K(704K)->652K(704K)
[13492.819s][info][gc             ] GC(34054) Pause Young (Allocation Failure) 464M->320M(460M) 2.101ms
[13492.819s][info][gc,cpu         ] GC(34054) User=0.01s Sys=0.00s Real=0.00s
[13493.282s][info][gc,start       ] GC(34055) Pause Young (Allocation Failure)
[13493.284s][info][gc,heap        ] GC(34055) PSYoungGen: 142576K(142848K)->240K(138240K) Eden: 142336K(142336K)->0K(137728K) From: 240K(512K)->240K(512K)
[13493.284s][info][gc,heap        ] GC(34055) ParOldGen: 327997K(328192K)->328013K(328192K)
[13493.284s][info][gc,metaspace   ] GC(34055) Metaspace: 8795K(9024K)->8795K(9024K) NonClass: 8142K(8320K)->8142K(8320K) Class: 652K(704K)->652K(704K)
[13493.284s][info][gc             ] GC(34055) Pause Young (Allocation Failure) 459M->320M(455M) 2.180ms
[13493.284s][info][gc,cpu         ] GC(34055) User=0.00s Sys=0.00s Real=0.00s
[13493.757s][info][gc,start       ] GC(34056) Pause Young (Allocation Failure)
[13493.759s][info][gc,heap        ] GC(34056) PSYoungGen: 137968K(138240K)->256K(133632K) Eden: 137728K(137728K)->0K(133120K) From: 240K(512K)->256K(512K)
[13493.759s][info][gc,heap        ] GC(34056) ParOldGen: 328013K(328192K)->328029K(328192K)
[13493.759s][info][gc,metaspace   ] GC(34056) Metaspace: 8795K(9024K)->8795K(9024K) NonClass: 8142K(8320K)->8142K(8320K) Class: 652K(704K)->652K(704K)
[13493.759s][info][gc             ] GC(34056) Pause Young (Allocation Failure) 455M->320M(451M) 1.301ms
[13493.759s][info][gc,cpu         ] GC(34056) User=0.00s Sys=0.00s Real=0.00s
[13494.212s][info][gc,start       ] GC(34057) Pause Young (Allocation Failure)
[13494.213s][info][gc,heap        ] GC(34057) PSYoungGen: 133376K(133632K)->288K(129536K) Eden: 133120K(133120K)->0K(129024K) From: 256K(512K)->288K(512K)
[13494.213s][info][gc,heap        ] GC(34057) ParOldGen: 328029K(328192K)->328045K(328192K)
[13494.213s][info][gc,metaspace   ] GC(34057) Metaspace: 8795K(9024K)->8795K(9024K) NonClass: 8142K(8320K)->8142K(8320K) Class: 652K(704K)->652K(704K)
[13494.213s][info][gc             ] GC(34057) Pause Young (Allocation Failure) 450M->320M(447M) 1.228ms
[13494.213s][info][gc,cpu         ] GC(34057) User=0.00s Sys=0.00s Real=0.00s
[13494.618s][info][gc,start       ] GC(34058) Pause Young (Allocation Failure)
[13494.619s][info][gc,heap        ] GC(34058) PSYoungGen: 129312K(129536K)->256K(125440K) Eden: 129024K(129024K)->0K(124928K) From: 288K(512K)->256K(512K)
[13494.619s][info][gc,heap        ] GC(34058) ParOldGen: 328045K(328192K)->328061K(328192K)
[13494.619s][info][gc,metaspace   ] GC(34058) Metaspace: 8795K(9024K)->8795K(9024K) NonClass: 8142K(8320K)->8142K(8320K) Class: 652K(704K)->652K(704K)
[13494.619s][info][gc             ] GC(34058) Pause Young (Allocation Failure) 446M->320M(443M) 1.236ms
[13494.619s][info][gc,cpu         ] GC(34058) User=0.00s Sys=0.00s Real=0.00s
[13495.071s][info][gc,start       ] GC(34059) Pause Young (Allocation Failure)
[13495.074s][info][gc,heap        ] GC(34059) PSYoungGen: 125184K(125440K)->224K(121344K) Eden: 124928K(124928K)->0K(120832K) From: 256K(512K)->224K(512K)
[13495.074s][info][gc,heap        ] GC(34059) ParOldGen: 328061K(328192K)->328069K(328192K)
[13495.074s][info][gc,metaspace   ] GC(34059) Metaspace: 8795K(9024K)->8795K(9024K) NonClass: 8142K(8320K)->8142K(8320K) Class: 652K(704K)->652K(704K)
[13495.074s][info][gc             ] GC(34059) Pause Young (Allocation Failure) 442M->320M(439M) 2.133ms
[13495.074s][info][gc,cpu         ] GC(34059) User=0.00s Sys=0.00s Real=0.00s
[13495.466s][info][gc,start       ] GC(34060) Pause Young (Allocation Failure)
[13495.469s][info][gc,heap        ] GC(34060) PSYoungGen: 121056K(121344K)->256K(117760K) Eden: 120832K(120832K)->0K(117248K) From: 224K(512K)->256K(512K)
[13495.469s][info][gc,heap        ] GC(34060) ParOldGen: 328069K(328192K)->328085K(328192K)
[13495.469s][info][gc,metaspace   ] GC(34060) Metaspace: 8795K(9024K)->8795K(9024K) NonClass: 8142K(8320K)->8142K(8320K) Class: 652K(704K)->652K(704K)
[13495.469s][info][gc             ] GC(34060) Pause Young (Allocation Failure) 438M->320M(435M) 2.133ms
[13495.469s][info][gc,cpu         ] GC(34060) User=0.00s Sys=0.00s Real=0.00s
[13495.833s][info][gc,start       ] GC(34061) Pause Young (Allocation Failure)
[13495.835s][info][gc,heap        ] GC(34061) PSYoungGen: 117504K(117760K)->256K(114176K) Eden: 117248K(117248K)->0K(113664K) From: 256K(512K)->256K(512K)
[13495.836s][info][gc,heap        ] GC(34061) ParOldGen: 328085K(328192K)->328101K(328192K)
[13495.836s][info][gc,metaspace   ] GC(34061) Metaspace: 8795K(9024K)->8795K(9024K) NonClass: 8142K(8320K)->8142K(8320K) Class: 652K(704K)->652K(704K)
[13495.836s][info][gc             ] GC(34061) Pause Young (Allocation Failure) 435M->320M(432M) 2.264ms
[13495.836s][info][gc,cpu         ] GC(34061) User=0.00s Sys=0.00s Real=0.00s
[13496.188s][info][gc,start       ] GC(34062) Pause Young (Allocation Failure)
[13496.190s][info][gc,heap        ] GC(34062) PSYoungGen: 113920K(114176K)->224K(110592K) Eden: 113664K(113664K)->0K(110080K) From: 256K(512K)->224K(512K)
[13496.190s][info][gc,heap        ] GC(34062) ParOldGen: 328101K(328192K)->328109K(328192K)
[13496.190s][info][gc,metaspace   ] GC(34062) Metaspace: 8795K(9024K)->8795K(9024K) NonClass: 8142K(8320K)->8142K(8320K) Class: 652K(704K)->652K(704K)
[13496.190s][info][gc             ] GC(34062) Pause Young (Allocation Failure) 431M->320M(428M) 2.130ms
[13496.190s][info][gc,cpu         ] GC(34062) User=0.01s Sys=0.00s Real=0.00s
[13496.564s][info][gc,start       ] GC(34063) Pause Young (Allocation Failure)
[13496.567s][info][gc,heap        ] GC(34063) PSYoungGen: 110304K(110592K)->256K(107520K) Eden: 110080K(110080K)->0K(107008K) From: 224K(512K)->256K(512K)
[13496.567s][info][gc,heap        ] GC(34063) ParOldGen: 328109K(328192K)->328125K(328192K)
[13496.567s][info][gc,metaspace   ] GC(34063) Metaspace: 8795K(9024K)->8795K(9024K) NonClass: 8142K(8320K)->8142K(8320K) Class: 652K(704K)->652K(704K)
[13496.567s][info][gc             ] GC(34063) Pause Young (Allocation Failure) 428M->320M(425M) 2.318ms
[13496.567s][info][gc,cpu         ] GC(34063) User=0.00s Sys=0.00s Real=0.00s
[13496.909s][info][gc,start       ] GC(34064) Pause Young (Allocation Failure)
[13496.911s][info][gc,heap        ] GC(34064) PSYoungGen: 107264K(107520K)->240K(104448K) Eden: 107008K(107008K)->0K(103936K) From: 256K(512K)->240K(512K)
[13496.911s][info][gc,heap        ] GC(34064) ParOldGen: 328125K(328192K)->328141K(328192K)
[13496.911s][info][gc,metaspace   ] GC(34064) Metaspace: 8795K(9024K)->8795K(9024K) NonClass: 8142K(8320K)->8142K(8320K) Class: 652K(704K)->652K(704K)
[13496.911s][info][gc             ] GC(34064) Pause Young (Allocation Failure) 425M->320M(422M) 2.121ms
[13496.911s][info][gc,cpu         ] GC(34064) User=0.00s Sys=0.00s Real=0.01s
[13497.257s][info][gc,start       ] GC(34065) Pause Young (Allocation Failure)
[13497.259s][info][gc,heap        ] GC(34065) PSYoungGen: 104176K(104448K)->272K(101376K) Eden: 103936K(103936K)->0K(100864K) From: 240K(512K)->272K(512K)
[13497.259s][info][gc,heap        ] GC(34065) ParOldGen: 328141K(328192K)->328149K(328192K)
[13497.259s][info][gc,metaspace   ] GC(34065) Metaspace: 8795K(9024K)->8795K(9024K) NonClass: 8142K(8320K)->8142K(8320K) Class: 652K(704K)->652K(704K)
[13497.259s][info][gc             ] GC(34065) Pause Young (Allocation Failure) 422M->320M(419M) 2.149ms
[13497.259s][info][gc,cpu         ] GC(34065) User=0.01s Sys=0.00s Real=0.00s
[13497.595s][info][gc,start       ] GC(34066) Pause Young (Allocation Failure)
[13497.597s][info][gc,heap        ] GC(34066) PSYoungGen: 101136K(101376K)->256K(98304K) Eden: 100864K(100864K)->0K(97792K) From: 272K(512K)->256K(512K)
[13497.597s][info][gc,heap        ] GC(34066) ParOldGen: 328149K(328192K)->328165K(328192K)
[13497.597s][info][gc,metaspace   ] GC(34066) Metaspace: 8795K(9024K)->8795K(9024K) NonClass: 8142K(8320K)->8142K(8320K) Class: 652K(704K)->652K(704K)
[13497.597s][info][gc             ] GC(34066) Pause Young (Allocation Failure) 419M->320M(416M) 2.245ms
[13497.597s][info][gc,cpu         ] GC(34066) User=0.00s Sys=0.00s Real=0.00s
[13497.944s][info][gc,start       ] GC(34067) Pause Young (Allocation Failure)
[13497.945s][info][gc,heap        ] GC(34067) PSYoungGen: 98048K(98304K)->256K(95744K) Eden: 97792K(97792K)->0K(95232K) From: 256K(512K)->256K(512K)
[13497.946s][info][gc,heap        ] GC(34067) ParOldGen: 328165K(328192K)->328181K(328192K)
[13497.946s][info][gc,metaspace   ] GC(34067) Metaspace: 8795K(9024K)->8795K(9024K) NonClass: 8142K(8320K)->8142K(8320K) Class: 652K(704K)->652K(704K)
[13497.946s][info][gc             ] GC(34067) Pause Young (Allocation Failure) 416M->320M(414M) 1.647ms
[13497.946s][info][gc,cpu         ] GC(34067) User=0.00s Sys=0.00s Real=0.00s
[13498.263s][info][gc,start       ] GC(34068) Pause Young (Allocation Failure)
[13498.265s][info][gc,heap        ] GC(34068) PSYoungGen: 95488K(95744K)->256K(93184K) Eden: 95232K(95232K)->0K(92672K) From: 256K(512K)->256K(512K)
[13498.265s][info][gc,heap        ] GC(34068) ParOldGen: 328181K(328192K)->328189K(328192K)
[13498.265s][info][gc,metaspace   ] GC(34068) Metaspace: 8795K(9024K)->8795K(9024K) NonClass: 8142K(8320K)->8142K(8320K) Class: 652K(704K)->652K(704K)
[13498.265s][info][gc             ] GC(34068) Pause Young (Allocation Failure) 413M->320M(411M) 2.107ms
[13498.265s][info][gc,cpu         ] GC(34068) User=0.00s Sys=0.01s Real=0.00s
[13498.566s][info][gc,start       ] GC(34069) Pause Young (Allocation Failure)
[13498.567s][info][gc,heap        ] GC(34069) PSYoungGen: 92928K(93184K)->240K(90624K) Eden: 92672K(92672K)->0K(90112K) From: 256K(512K)->240K(512K)
[13498.567s][info][gc,heap        ] GC(34069) ParOldGen: 328189K(328192K)->328205K(328704K)
[13498.567s][info][gc,metaspace   ] GC(34069) Metaspace: 8795K(9024K)->8795K(9024K) NonClass: 8142K(8320K)->8142K(8320K) Class: 652K(704K)->652K(704K)
[13498.567s][info][gc             ] GC(34069) Pause Young (Allocation Failure) 411M->320M(409M) 1.613ms
[13498.567s][info][gc,cpu         ] GC(34069) User=0.00s Sys=0.00s Real=0.00s
[13498.874s][info][gc,start       ] GC(34070) Pause Young (Allocation Failure)
[13498.875s][info][gc,heap        ] GC(34070) PSYoungGen: 90352K(90624K)->256K(88064K) Eden: 90112K(90112K)->0K(87552K) From: 240K(512K)->256K(512K)
[13498.875s][info][gc,heap        ] GC(34070) ParOldGen: 328205K(328704K)->328221K(328704K)
[13498.875s][info][gc,metaspace   ] GC(34070) Metaspace: 8795K(9024K)->8795K(9024K) NonClass: 8142K(8320K)->8142K(8320K) Class: 652K(704K)->652K(704K)
[13498.875s][info][gc             ] GC(34070) Pause Young (Allocation Failure) 408M->320M(407M) 1.202ms
[13498.875s][info][gc,cpu         ] GC(34070) User=0.01s Sys=0.00s Real=0.00s
[13499.179s][info][gc,start       ] GC(34071) Pause Young (Allocation Failure)
[13499.181s][info][gc,heap        ] GC(34071) PSYoungGen: 87808K(88064K)->240K(202752K) Eden: 87552K(87552K)->0K(202240K) From: 256K(512K)->240K(512K)
[13499.181s][info][gc,heap        ] GC(34071) ParOldGen: 328221K(328704K)->328237K(328704K)
[13499.181s][info][gc,metaspace   ] GC(34071) Metaspace: 8795K(9024K)->8795K(9024K) NonClass: 8142K(8320K)->8142K(8320K) Class: 652K(704K)->652K(704K)
[13499.181s][info][gc             ] GC(34071) Pause Young (Allocation Failure) 406M->320M(519M) 1.167ms
[13499.181s][info][gc,cpu         ] GC(34071) User=0.01s Sys=0.00s Real=0.01s
[13499.889s][info][gc,start       ] GC(34072) Pause Young (Allocation Failure)
[13499.890s][info][gc,heap        ] GC(34072) PSYoungGen: 202480K(202752K)->240K(195584K) Eden: 202240K(202240K)->0K(195072K) From: 240K(512K)->240K(512K)
[13499.890s][info][gc,heap        ] GC(34072) ParOldGen: 328237K(328704K)->328253K(328704K)
[13499.890s][info][gc,metaspace   ] GC(34072) Metaspace: 8795K(9024K)->8795K(9024K) NonClass: 8142K(8320K)->8142K(8320K) Class: 652K(704K)->652K(704K)
[13499.890s][info][gc             ] GC(34072) Pause Young (Allocation Failure) 518M->320M(512M) 1.199ms
[13499.890s][info][gc,cpu         ] GC(34072) User=0.00s Sys=0.00s Real=0.00s
[13500.550s][info][gc,start       ] GC(34073) Pause Young (Allocation Failure)
[13500.551s][info][gc,heap        ] GC(34073) PSYoungGen: 195312K(195584K)->240K(188416K) Eden: 195072K(195072K)->0K(187904K) From: 240K(512K)->240K(512K)
[13500.551s][info][gc,heap        ] GC(34073) ParOldGen: 328253K(328704K)->328269K(328704K)
[13500.551s][info][gc,metaspace   ] GC(34073) Metaspace: 8795K(9024K)->8795K(9024K) NonClass: 8142K(8320K)->8142K(8320K) Class: 652K(704K)->652K(704K)
[13500.551s][info][gc             ] GC(34073) Pause Young (Allocation Failure) 511M->320M(505M) 1.159ms
[13500.551s][info][gc,cpu         ] GC(34073) User=0.00s Sys=0.00s Real=0.01s
[13501.144s][info][gc,start       ] GC(34074) Pause Young (Allocation Failure)
[13501.145s][info][gc,heap        ] GC(34074) PSYoungGen: 188144K(188416K)->240K(181760K) Eden: 187904K(187904K)->0K(181248K) From: 240K(512K)->240K(512K)
[13501.145s][info][gc,heap        ] GC(34074) ParOldGen: 328269K(328704K)->328285K(328704K)
[13501.145s][info][gc,metaspace   ] GC(34074) Metaspace: 8795K(9024K)->8795K(9024K) NonClass: 8142K(8320K)->8142K(8320K) Class: 652K(704K)->652K(704K)
[13501.145s][info][gc             ] GC(34074) Pause Young (Allocation Failure) 504M->320M(498M) 1.198ms
[13501.145s][info][gc,cpu         ] GC(34074) User=0.00s Sys=0.00s Real=0.00s
[13501.791s][info][gc,start       ] GC(34075) Pause Young (Allocation Failure)
[13501.792s][info][gc,heap        ] GC(34075) PSYoungGen: 181488K(181760K)->224K(175104K) Eden: 181248K(181248K)->0K(174592K) From: 240K(512K)->224K(512K)
[13501.792s][info][gc,heap        ] GC(34075) ParOldGen: 328285K(328704K)->328301K(328704K)
[13501.792s][info][gc,metaspace   ] GC(34075) Metaspace: 8795K(9024K)->8795K(9024K) NonClass: 8142K(8320K)->8142K(8320K) Class: 652K(704K)->652K(704K)
[13501.792s][info][gc             ] GC(34075) Pause Young (Allocation Failure) 497M->320M(492M) 1.280ms
[13501.792s][info][gc,cpu         ] GC(34075) User=0.00s Sys=0.01s Real=0.00s
[13502.347s][info][gc,start       ] GC(34076) Pause Young (Allocation Failure)
[13502.348s][info][gc,heap        ] GC(34076) PSYoungGen: 174816K(175104K)->256K(168960K) Eden: 174592K(174592K)->0K(168448K) From: 224K(512K)->256K(512K)
[13502.348s][info][gc,heap        ] GC(34076) ParOldGen: 328301K(328704K)->328317K(328704K)
[13502.348s][info][gc,metaspace   ] GC(34076) Metaspace: 8795K(9024K)->8795K(9024K) NonClass: 8142K(8320K)->8142K(8320K) Class: 652K(704K)->652K(704K)
[13502.348s][info][gc             ] GC(34076) Pause Young (Allocation Failure) 491M->320M(486M) 1.190ms
[13502.348s][info][gc,cpu         ] GC(34076) User=0.00s Sys=0.00s Real=0.00s
[13502.926s][info][gc,start       ] GC(34077) Pause Young (Allocation Failure)
[13502.927s][info][gc,heap        ] GC(34077) PSYoungGen: 168704K(168960K)->240K(163328K) Eden: 168448K(168448K)->0K(162816K) From: 256K(512K)->240K(512K)
[13502.927s][info][gc,heap        ] GC(34077) ParOldGen: 328317K(328704K)->328333K(328704K)
[13502.927s][info][gc,metaspace   ] GC(34077) Metaspace: 8795K(9024K)->8795K(9024K) NonClass: 8142K(8320K)->8142K(8320K) Class: 652K(704K)->652K(704K)
[13502.927s][info][gc             ] GC(34077) Pause Young (Allocation Failure) 485M->320M(480M) 1.163ms
[13502.927s][info][gc,cpu         ] GC(34077) User=0.00s Sys=0.00s Real=0.00s
[13503.491s][info][gc,start       ] GC(34078) Pause Young (Allocation Failure)
[13503.493s][info][gc,heap        ] GC(34078) PSYoungGen: 163056K(163328K)->256K(157696K) Eden: 162816K(162816K)->0K(157184K) From: 240K(512K)->256K(512K)
[13503.493s][info][gc,heap        ] GC(34078) ParOldGen: 328333K(328704K)->328341K(328704K)
[13503.493s][info][gc,metaspace   ] GC(34078) Metaspace: 8795K(9024K)->8795K(9024K) NonClass: 8142K(8320K)->8142K(8320K) Class: 652K(704K)->652K(704K)
[13503.493s][info][gc             ] GC(34078) Pause Young (Allocation Failure) 479M->320M(475M) 1.525ms
[13503.493s][info][gc,cpu         ] GC(34078) User=0.00s Sys=0.00s Real=0.00s
[13504.064s][info][gc,start       ] GC(34079) Pause Young (Allocation Failure)
[13504.065s][info][gc,heap        ] GC(34079) PSYoungGen: 157440K(157696K)->240K(152576K) Eden: 157184K(157184K)->0K(152064K) From: 256K(512K)->240K(512K)
[13504.065s][info][gc,heap        ] GC(34079) ParOldGen: 328341K(328704K)->328357K(328704K)
[13504.065s][info][gc,metaspace   ] GC(34079) Metaspace: 8795K(9024K)->8795K(9024K) NonClass: 8142K(8320K)->8142K(8320K) Class: 652K(704K)->652K(704K)
[13504.065s][info][gc             ] GC(34079) Pause Young (Allocation Failure) 474M->320M(470M) 1.257ms
[13504.065s][info][gc,cpu         ] GC(34079) User=0.00s Sys=0.00s Real=0.00s
[13504.580s][info][gc,start       ] GC(34080) Pause Young (Allocation Failure)
[13504.582s][info][gc,heap        ] GC(34080) PSYoungGen: 152304K(152576K)->256K(147456K) Eden: 152064K(152064K)->0K(146944K) From: 240K(512K)->256K(512K)
[13504.582s][info][gc,heap        ] GC(34080) ParOldGen: 328357K(328704K)->328373K(328704K)
[13504.582s][info][gc,metaspace   ] GC(34080) Metaspace: 8795K(9024K)->8795K(9024K) NonClass: 8142K(8320K)->8142K(8320K) Class: 652K(704K)->652K(704K)
[13504.582s][info][gc             ] GC(34080) Pause Young (Allocation Failure) 469M->320M(465M) 1.182ms
[13504.582s][info][gc,cpu         ] GC(34080) User=0.00s Sys=0.00s Real=0.00s
[13505.100s][info][gc,start       ] GC(34081) Pause Young (Allocation Failure)
[13505.101s][info][gc,heap        ] GC(34081) PSYoungGen: 147200K(147456K)->240K(142848K) Eden: 146944K(146944K)->0K(142336K) From: 256K(512K)->240K(512K)
[13505.101s][info][gc,heap        ] GC(34081) ParOldGen: 328373K(328704K)->328381K(328704K)
[13505.102s][info][gc,metaspace   ] GC(34081) Metaspace: 8795K(9024K)->8795K(9024K) NonClass: 8142K(8320K)->8142K(8320K) Class: 652K(704K)->652K(704K)
[13505.102s][info][gc             ] GC(34081) Pause Young (Allocation Failure) 464M->320M(460M) 1.527ms
[13505.102s][info][gc,cpu         ] GC(34081) User=0.00s Sys=0.00s Real=0.01s
[13505.614s][info][gc,start       ] GC(34082) Pause Young (Allocation Failure)
[13505.615s][info][gc,heap        ] GC(34082) PSYoungGen: 142576K(142848K)->256K(138240K) Eden: 142336K(142336K)->0K(137728K) From: 240K(512K)->256K(512K)
[13505.615s][info][gc,heap        ] GC(34082) ParOldGen: 328381K(328704K)->328397K(328704K)
[13505.615s][info][gc,metaspace   ] GC(34082) Metaspace: 8795K(9024K)->8795K(9024K) NonClass: 8142K(8320K)->8142K(8320K) Class: 652K(704K)->652K(704K)
[13505.615s][info][gc             ] GC(34082) Pause Young (Allocation Failure) 459M->320M(456M) 1.188ms
[13505.615s][info][gc,cpu         ] GC(34082) User=0.00s Sys=0.00s Real=0.00s
[13506.052s][info][gc,start       ] GC(34083) Pause Young (Allocation Failure)
[13506.053s][info][gc,heap        ] GC(34083) PSYoungGen: 137984K(138240K)->288K(133632K) Eden: 137728K(137728K)->0K(133120K) From: 256K(512K)->288K(512K)
[13506.053s][info][gc,heap        ] GC(34083) ParOldGen: 328397K(328704K)->328413K(328704K)
[13506.053s][info][gc,metaspace   ] GC(34083) Metaspace: 8795K(9024K)->8795K(9024K) NonClass: 8142K(8320K)->8142K(8320K) Class: 652K(704K)->652K(704K)
[13506.053s][info][gc             ] GC(34083) Pause Young (Allocation Failure) 455M->320M(451M) 1.176ms
[13506.053s][info][gc,cpu         ] GC(34083) User=0.00s Sys=0.00s Real=0.00s
[13506.498s][info][gc,start       ] GC(34084) Pause Young (Allocation Failure)
[13506.499s][info][gc,heap        ] GC(34084) PSYoungGen: 133408K(133632K)->288K(129536K) Eden: 133120K(133120K)->0K(129024K) From: 288K(512K)->288K(512K)
[13506.499s][info][gc,heap        ] GC(34084) ParOldGen: 328413K(328704K)->328429K(328704K)
[13506.499s][info][gc,metaspace   ] GC(34084) Metaspace: 8795K(9024K)->8795K(9024K) NonClass: 8142K(8320K)->8142K(8320K) Class: 652K(704K)->652K(704K)
[13506.499s][info][gc             ] GC(34084) Pause Young (Allocation Failure) 450M->321M(447M) 1.200ms
[13506.499s][info][gc,cpu         ] GC(34084) User=0.01s Sys=0.00s Real=0.00s
[13506.890s][info][gc,start       ] GC(34085) Pause Young (Allocation Failure)
[13506.891s][info][gc,heap        ] GC(34085) PSYoungGen: 129312K(129536K)->240K(125440K) Eden: 129024K(129024K)->0K(124928K) From: 288K(512K)->240K(512K)
[13506.891s][info][gc,heap        ] GC(34085) ParOldGen: 328429K(328704K)->328445K(328704K)
[13506.891s][info][gc,metaspace   ] GC(34085) Metaspace: 8795K(9024K)->8795K(9024K) NonClass: 8142K(8320K)->8142K(8320K) Class: 652K(704K)->652K(704K)
[13506.891s][info][gc             ] GC(34085) Pause Young (Allocation Failure) 447M->320M(443M) 1.215ms
[13506.891s][info][gc,cpu         ] GC(34085) User=0.00s Sys=0.00s Real=0.00s
[13507.260s][info][gc,start       ] GC(34086) Pause Young (Allocation Failure)
[13507.261s][info][gc,heap        ] GC(34086) PSYoungGen: 125168K(125440K)->288K(121344K) Eden: 124928K(124928K)->0K(120832K) From: 240K(512K)->288K(512K)
[13507.261s][info][gc,heap        ] GC(34086) ParOldGen: 328445K(328704K)->328461K(328704K)
[13507.261s][info][gc,metaspace   ] GC(34086) Metaspace: 8795K(9024K)->8795K(9024K) NonClass: 8142K(8320K)->8142K(8320K) Class: 652K(704K)->652K(704K)
[13507.261s][info][gc             ] GC(34086) Pause Young (Allocation Failure) 442M->321M(439M) 1.177ms
[13507.261s][info][gc,cpu         ] GC(34086) User=0.00s Sys=0.00s Real=0.01s
[13507.640s][info][gc,start       ] GC(34087) Pause Young (Allocation Failure)
[13507.641s][info][gc,heap        ] GC(34087) PSYoungGen: 121120K(121344K)->256K(117760K) Eden: 120832K(120832K)->0K(117248K) From: 288K(512K)->256K(512K)
[13507.641s][info][gc,heap        ] GC(34087) ParOldGen: 328461K(328704K)->328477K(328704K)
[13507.641s][info][gc,metaspace   ] GC(34087) Metaspace: 8795K(9024K)->8795K(9024K) NonClass: 8142K(8320K)->8142K(8320K) Class: 652K(704K)->652K(704K)
[13507.641s][info][gc             ] GC(34087) Pause Young (Allocation Failure) 439M->321M(436M) 1.198ms
[13507.641s][info][gc,cpu         ] GC(34087) User=0.00s Sys=0.00s Real=0.01s
[13508.051s][info][gc,start       ] GC(34088) Pause Young (Allocation Failure)
[13508.052s][info][gc,heap        ] GC(34088) PSYoungGen: 117504K(117760K)->256K(114176K) Eden: 117248K(117248K)->0K(113664K) From: 256K(512K)->256K(512K)
[13508.052s][info][gc,heap        ] GC(34088) ParOldGen: 328477K(328704K)->328493K(328704K)
[13508.052s][info][gc,metaspace   ] GC(34088) Metaspace: 8795K(9024K)->8795K(9024K) NonClass: 8142K(8320K)->8142K(8320K) Class: 652K(704K)->652K(704K)
[13508.052s][info][gc             ] GC(34088) Pause Young (Allocation Failure) 435M->321M(432M) 1.180ms
[13508.052s][info][gc,cpu         ] GC(34088) User=0.00s Sys=0.00s Real=0.00s
[13508.426s][info][gc,start       ] GC(34089) Pause Young (Allocation Failure)
[13508.427s][info][gc,heap        ] GC(34089) PSYoungGen: 113920K(114176K)->240K(110592K) Eden: 113664K(113664K)->0K(110080K) From: 256K(512K)->240K(512K)
[13508.427s][info][gc,heap        ] GC(34089) ParOldGen: 328493K(328704K)->328509K(328704K)
[13508.427s][info][gc,metaspace   ] GC(34089) Metaspace: 8795K(9024K)->8795K(9024K) NonClass: 8142K(8320K)->8142K(8320K) Class: 652K(704K)->652K(704K)
[13508.427s][info][gc             ] GC(34089) Pause Young (Allocation Failure) 432M->321M(429M) 1.207ms
[13508.427s][info][gc,cpu         ] GC(34089) User=0.00s Sys=0.00s Real=0.00s
[13508.780s][info][gc,start       ] GC(34090) Pause Young (Allocation Failure)
[13508.781s][info][gc,heap        ] GC(34090) PSYoungGen: 110320K(110592K)->256K(107520K) Eden: 110080K(110080K)->0K(107008K) From: 240K(512K)->256K(512K)
[13508.781s][info][gc,heap        ] GC(34090) ParOldGen: 328509K(328704K)->328525K(328704K)
[13508.781s][info][gc,metaspace   ] GC(34090) Metaspace: 8795K(9024K)->8795K(9024K) NonClass: 8142K(8320K)->8142K(8320K) Class: 652K(704K)->652K(704K)
[13508.781s][info][gc             ] GC(34090) Pause Young (Allocation Failure) 428M->321M(426M) 1.173ms
[13508.781s][info][gc,cpu         ] GC(34090) User=0.00s Sys=0.00s Real=0.01s
[13509.117s][info][gc,start       ] GC(34091) Pause Young (Allocation Failure)
[13509.118s][info][gc,heap        ] GC(34091) PSYoungGen: 107264K(107520K)->240K(104448K) Eden: 107008K(107008K)->0K(103936K) From: 256K(512K)->240K(512K)
[13509.118s][info][gc,heap        ] GC(34091) ParOldGen: 328525K(328704K)->328541K(328704K)
[13509.118s][info][gc,metaspace   ] GC(34091) Metaspace: 8795K(9024K)->8795K(9024K) NonClass: 8142K(8320K)->8142K(8320K) Class: 652K(704K)->652K(704K)
[13509.119s][info][gc             ] GC(34091) Pause Young (Allocation Failure) 425M->321M(423M) 1.173ms
[13509.119s][info][gc,cpu         ] GC(34091) User=0.00s Sys=0.00s Real=0.00s
[13509.472s][info][gc,start       ] GC(34092) Pause Young (Allocation Failure)
[13509.473s][info][gc,heap        ] GC(34092) PSYoungGen: 104176K(104448K)->240K(101376K) Eden: 103936K(103936K)->0K(100864K) From: 240K(512K)->240K(512K)
[13509.473s][info][gc,heap        ] GC(34092) ParOldGen: 328541K(328704K)->328549K(328704K)
[13509.473s][info][gc,metaspace   ] GC(34092) Metaspace: 8795K(9024K)->8795K(9024K) NonClass: 8142K(8320K)->8142K(8320K) Class: 652K(704K)->652K(704K)
[13509.473s][info][gc             ] GC(34092) Pause Young (Allocation Failure) 422M->321M(420M) 1.243ms
[13509.473s][info][gc,cpu         ] GC(34092) User=0.00s Sys=0.00s Real=0.00s
[13509.827s][info][gc,start       ] GC(34093) Pause Young (Allocation Failure)
[13509.828s][info][gc,heap        ] GC(34093) PSYoungGen: 101104K(101376K)->256K(98304K) Eden: 100864K(100864K)->0K(97792K) From: 240K(512K)->256K(512K)
[13509.828s][info][gc,heap        ] GC(34093) ParOldGen: 328549K(328704K)->328565K(328704K)
[13509.828s][info][gc,metaspace   ] GC(34093) Metaspace: 8795K(9024K)->8795K(9024K) NonClass: 8142K(8320K)->8142K(8320K) Class: 652K(704K)->652K(704K)
[13509.828s][info][gc             ] GC(34093) Pause Young (Allocation Failure) 419M->321M(417M) 1.202ms
[13509.828s][info][gc,cpu         ] GC(34093) User=0.00s Sys=0.00s Real=0.00s
[13510.161s][info][gc,start       ] GC(34094) Pause Young (Allocation Failure)
[13510.162s][info][gc,heap        ] GC(34094) PSYoungGen: 98048K(98304K)->256K(95744K) Eden: 97792K(97792K)->0K(95232K) From: 256K(512K)->256K(512K)
[13510.162s][info][gc,heap        ] GC(34094) ParOldGen: 328565K(328704K)->328581K(328704K)
[13510.162s][info][gc,metaspace   ] GC(34094) Metaspace: 8795K(9024K)->8795K(9024K) NonClass: 8142K(8320K)->8142K(8320K) Class: 652K(704K)->652K(704K)
[13510.162s][info][gc             ] GC(34094) Pause Young (Allocation Failure) 416M->321M(414M) 1.154ms
[13510.162s][info][gc,cpu         ] GC(34094) User=0.01s Sys=0.00s Real=0.00s
[13510.475s][info][gc,start       ] GC(34095) Pause Young (Allocation Failure)
[13510.477s][info][gc,heap        ] GC(34095) PSYoungGen: 95488K(95744K)->272K(93184K) Eden: 95232K(95232K)->0K(92672K) From: 256K(512K)->272K(512K)
[13510.477s][info][gc,heap        ] GC(34095) ParOldGen: 328581K(328704K)->328597K(328704K)
[13510.477s][info][gc,metaspace   ] GC(34095) Metaspace: 8795K(9024K)->8795K(9024K) NonClass: 8142K(8320K)->8142K(8320K) Class: 652K(704K)->652K(704K)
[13510.477s][info][gc             ] GC(34095) Pause Young (Allocation Failure) 414M->321M(412M) 1.175ms
[13510.477s][info][gc,cpu         ] GC(34095) User=0.00s Sys=0.00s Real=0.00s
[13510.757s][info][gc,start       ] GC(34096) Pause Young (Allocation Failure)
[13510.758s][info][gc,heap        ] GC(34096) PSYoungGen: 92944K(93184K)->224K(90624K) Eden: 92672K(92672K)->0K(90112K) From: 272K(512K)->224K(512K)
[13510.758s][info][gc,heap        ] GC(34096) ParOldGen: 328597K(328704K)->328613K(328704K)
[13510.758s][info][gc,metaspace   ] GC(34096) Metaspace: 8795K(9024K)->8795K(9024K) NonClass: 8142K(8320K)->8142K(8320K) Class: 652K(704K)->652K(704K)
[13510.758s][info][gc             ] GC(34096) Pause Young (Allocation Failure) 411M->321M(409M) 1.201ms
[13510.758s][info][gc,cpu         ] GC(34096) User=0.01s Sys=0.00s Real=0.00s
[13511.031s][info][gc,start       ] GC(34097) Pause Young (Allocation Failure)
[13511.033s][info][gc,heap        ] GC(34097) PSYoungGen: 90336K(90624K)->224K(88064K) Eden: 90112K(90112K)->0K(87552K) From: 224K(512K)->224K(512K)
[13511.033s][info][gc,heap        ] GC(34097) ParOldGen: 328613K(328704K)->328621K(328704K)
[13511.033s][info][gc,metaspace   ] GC(34097) Metaspace: 8795K(9024K)->8795K(9024K) NonClass: 8142K(8320K)->8142K(8320K) Class: 652K(704K)->652K(704K)
[13511.033s][info][gc             ] GC(34097) Pause Young (Allocation Failure) 409M->321M(407M) 2.151ms
[13511.033s][info][gc,cpu         ] GC(34097) User=0.01s Sys=0.00s Real=0.00s
[13511.317s][info][gc,start       ] GC(34098) Pause Young (Allocation Failure)
[13511.319s][info][gc,heap        ] GC(34098) PSYoungGen: 87776K(88064K)->240K(202752K) Eden: 87552K(87552K)->0K(202240K) From: 224K(512K)->240K(512K)
[13511.319s][info][gc,heap        ] GC(34098) ParOldGen: 328621K(328704K)->328629K(328704K)
[13511.319s][info][gc,metaspace   ] GC(34098) Metaspace: 8795K(9024K)->8795K(9024K) NonClass: 8142K(8320K)->8142K(8320K) Class: 652K(704K)->652K(704K)
[13511.320s][info][gc             ] GC(34098) Pause Young (Allocation Failure) 406M->321M(519M) 2.217ms
[13511.320s][info][gc,cpu         ] GC(34098) User=0.00s Sys=0.00s Real=0.00s
[13512.003s][info][gc,start       ] GC(34099) Pause Young (Allocation Failure)
[13512.005s][info][gc,heap        ] GC(34099) PSYoungGen: 202480K(202752K)->240K(195584K) Eden: 202240K(202240K)->0K(195072K) From: 240K(512K)->240K(512K)
[13512.005s][info][gc,heap        ] GC(34099) ParOldGen: 328629K(328704K)->328645K(328704K)
[13512.005s][info][gc,metaspace   ] GC(34099) Metaspace: 8795K(9024K)->8795K(9024K) NonClass: 8142K(8320K)->8142K(8320K) Class: 652K(704K)->652K(704K)
[13512.005s][info][gc             ] GC(34099) Pause Young (Allocation Failure) 518M->321M(512M) 2.181ms
[13512.005s][info][gc,cpu         ] GC(34099) User=0.00s Sys=0.00s Real=0.00s
[13512.635s][info][gc,start       ] GC(34100) Pause Young (Allocation Failure)
[13512.638s][info][gc,heap        ] GC(34100) PSYoungGen: 195312K(195584K)->224K(188416K) Eden: 195072K(195072K)->0K(187904K) From: 240K(512K)->224K(512K)
[13512.638s][info][gc,heap        ] GC(34100) ParOldGen: 328645K(328704K)->328661K(328704K)
[13512.638s][info][gc,metaspace   ] GC(34100) Metaspace: 8795K(9024K)->8795K(9024K) NonClass: 8142K(8320K)->8142K(8320K) Class: 652K(704K)->652K(704K)
[13512.638s][info][gc             ] GC(34100) Pause Young (Allocation Failure) 511M->321M(505M) 2.566ms
[13512.638s][info][gc,cpu         ] GC(34100) User=0.00s Sys=0.00s Real=0.00s
[13513.260s][info][gc,start       ] GC(34101) Pause Young (Allocation Failure)
[13513.263s][info][gc,heap        ] GC(34101) PSYoungGen: 188128K(188416K)->272K(181760K) Eden: 187904K(187904K)->0K(181248K) From: 224K(512K)->272K(512K)
[13513.263s][info][gc,heap        ] GC(34101) ParOldGen: 328661K(328704K)->328669K(328704K)
[13513.263s][info][gc,metaspace   ] GC(34101) Metaspace: 8795K(9024K)->8795K(9024K) NonClass: 8142K(8320K)->8142K(8320K) Class: 652K(704K)->652K(704K)
[13513.263s][info][gc             ] GC(34101) Pause Young (Allocation Failure) 504M->321M(498M) 3.319ms
[13513.263s][info][gc,cpu         ] GC(34101) User=0.00s Sys=0.00s Real=0.01s
[13513.880s][info][gc,start       ] GC(34102) Pause Young (Allocation Failure)
[13513.883s][info][gc,heap        ] GC(34102) PSYoungGen: 181520K(181760K)->272K(175104K) Eden: 181248K(181248K)->0K(174592K) From: 272K(512K)->272K(512K)
[13513.883s][info][gc,heap        ] GC(34102) ParOldGen: 328669K(328704K)->328685K(328704K)
[13513.883s][info][gc,metaspace   ] GC(34102) Metaspace: 8795K(9024K)->8795K(9024K) NonClass: 8142K(8320K)->8142K(8320K) Class: 652K(704K)->652K(704K)
[13513.883s][info][gc             ] GC(34102) Pause Young (Allocation Failure) 498M->321M(492M) 2.927ms
[13513.883s][info][gc,cpu         ] GC(34102) User=0.00s Sys=0.00s Real=0.01s
[13514.498s][info][gc,start       ] GC(34103) Pause Young (Allocation Failure)
[13514.499s][info][gc,heap        ] GC(34103) PSYoungGen: 174864K(175104K)->272K(168960K) Eden: 174592K(174592K)->0K(168448K) From: 272K(512K)->272K(512K)
[13514.499s][info][gc,heap        ] GC(34103) ParOldGen: 328685K(328704K)->328693K(328704K)
[13514.499s][info][gc,metaspace   ] GC(34103) Metaspace: 8795K(9024K)->8795K(9024K) NonClass: 8142K(8320K)->8142K(8320K) Class: 652K(704K)->652K(704K)
[13514.499s][info][gc             ] GC(34103) Pause Young (Allocation Failure) 491M->321M(486M) 1.319ms
[13514.499s][info][gc,cpu         ] GC(34103) User=0.00s Sys=0.00s Real=0.00s
[13515.122s][info][gc,start       ] GC(34104) Pause Young (Allocation Failure)
[13515.125s][info][gc,heap        ] GC(34104) PSYoungGen: 168720K(168960K)->224K(163328K) Eden: 168448K(168448K)->0K(162816K) From: 272K(512K)->224K(512K)
[13515.125s][info][gc,heap        ] GC(34104) ParOldGen: 328693K(328704K)->328701K(328704K)
[13515.125s][info][gc,metaspace   ] GC(34104) Metaspace: 8795K(9024K)->8795K(9024K) NonClass: 8142K(8320K)->8142K(8320K) Class: 652K(704K)->652K(704K)
[13515.125s][info][gc             ] GC(34104) Pause Young (Allocation Failure) 485M->321M(480M) 2.141ms
[13515.125s][info][gc,cpu         ] GC(34104) User=0.01s Sys=0.00s Real=0.00s
[13515.649s][info][gc,start       ] GC(34105) Pause Young (Allocation Failure)
[13515.651s][info][gc,heap        ] GC(34105) PSYoungGen: 163040K(163328K)->272K(157696K) Eden: 162816K(162816K)->0K(157184K) From: 224K(512K)->272K(512K)
[13515.651s][info][gc,heap        ] GC(34105) ParOldGen: 328701K(328704K)->328709K(329216K)
[13515.651s][info][gc,metaspace   ] GC(34105) Metaspace: 8795K(9024K)->8795K(9024K) NonClass: 8142K(8320K)->8142K(8320K) Class: 652K(704K)->652K(704K)
[13515.652s][info][gc             ] GC(34105) Pause Young (Allocation Failure) 480M->321M(475M) 2.292ms
[13515.652s][info][gc,cpu         ] GC(34105) User=0.00s Sys=0.00s Real=0.01s
[13516.151s][info][gc,start       ] GC(34106) Pause Young (Allocation Failure)
[13516.153s][info][gc,heap        ] GC(34106) PSYoungGen: 157456K(157696K)->272K(152576K) Eden: 157184K(157184K)->0K(152064K) From: 272K(512K)->272K(512K)
[13516.153s][info][gc,heap        ] GC(34106) ParOldGen: 328709K(329216K)->328725K(329216K)
[13516.153s][info][gc,metaspace   ] GC(34106) Metaspace: 8795K(9024K)->8795K(9024K) NonClass: 8142K(8320K)->8142K(8320K) Class: 652K(704K)->652K(704K)
[13516.153s][info][gc             ] GC(34106) Pause Young (Allocation Failure) 474M->321M(470M) 2.205ms
[13516.153s][info][gc,cpu         ] GC(34106) User=0.01s Sys=0.00s Real=0.00s
[13516.661s][info][gc,start       ] GC(34107) Pause Young (Allocation Failure)
[13516.664s][info][gc,heap        ] GC(34107) PSYoungGen: 152336K(152576K)->224K(147456K) Eden: 152064K(152064K)->0K(146944K) From: 272K(512K)->224K(512K)
[13516.664s][info][gc,heap        ] GC(34107) ParOldGen: 328725K(329216K)->328741K(329216K)
[13516.664s][info][gc,metaspace   ] GC(34107) Metaspace: 8795K(9024K)->8795K(9024K) NonClass: 8142K(8320K)->8142K(8320K) Class: 652K(704K)->652K(704K)
[13516.664s][info][gc             ] GC(34107) Pause Young (Allocation Failure) 469M->321M(465M) 2.771ms
[13516.664s][info][gc,cpu         ] GC(34107) User=0.01s Sys=0.00s Real=0.00s
[13517.136s][info][gc,start       ] GC(34108) Pause Young (Allocation Failure)
[13517.139s][info][gc,heap        ] GC(34108) PSYoungGen: 147168K(147456K)->256K(142848K) Eden: 146944K(146944K)->0K(142336K) From: 224K(512K)->256K(512K)
[13517.139s][info][gc,heap        ] GC(34108) ParOldGen: 328741K(329216K)->328757K(329216K)
[13517.139s][info][gc,metaspace   ] GC(34108) Metaspace: 8795K(9024K)->8795K(9024K) NonClass: 8142K(8320K)->8142K(8320K) Class: 652K(704K)->652K(704K)
[13517.139s][info][gc             ] GC(34108) Pause Young (Allocation Failure) 464M->321M(461M) 2.939ms
[13517.139s][info][gc,cpu         ] GC(34108) User=0.00s Sys=0.00s Real=0.00s
[13517.579s][info][gc,start       ] GC(34109) Pause Young (Allocation Failure)
[13517.581s][info][gc,heap        ] GC(34109) PSYoungGen: 142592K(142848K)->256K(138240K) Eden: 142336K(142336K)->0K(137728K) From: 256K(512K)->256K(512K)
[13517.581s][info][gc,heap        ] GC(34109) ParOldGen: 328757K(329216K)->328773K(329216K)
[13517.581s][info][gc,metaspace   ] GC(34109) Metaspace: 8795K(9024K)->8795K(9024K) NonClass: 8142K(8320K)->8142K(8320K) Class: 652K(704K)->652K(704K)
[13517.581s][info][gc             ] GC(34109) Pause Young (Allocation Failure) 460M->321M(456M) 2.295ms
[13517.581s][info][gc,cpu         ] GC(34109) User=0.00s Sys=0.00s Real=0.01s
[13518.047s][info][gc,start       ] GC(34110) Pause Young (Allocation Failure)
[13518.049s][info][gc,heap        ] GC(34110) PSYoungGen: 137984K(138240K)->240K(133632K) Eden: 137728K(137728K)->0K(133120K) From: 256K(512K)->240K(512K)
[13518.049s][info][gc,heap        ] GC(34110) ParOldGen: 328773K(329216K)->328789K(329216K)
[13518.049s][info][gc,metaspace   ] GC(34110) Metaspace: 8795K(9024K)->8795K(9024K) NonClass: 8142K(8320K)->8142K(8320K) Class: 652K(704K)->652K(704K)
[13518.050s][info][gc             ] GC(34110) Pause Young (Allocation Failure) 455M->321M(452M) 2.878ms
[13518.050s][info][gc,cpu         ] GC(34110) User=0.00s Sys=0.00s Real=0.00s
[13518.484s][info][gc,start       ] GC(34111) Pause Young (Allocation Failure)
[13518.487s][info][gc,heap        ] GC(34111) PSYoungGen: 133360K(133632K)->224K(129536K) Eden: 133120K(133120K)->0K(129024K) From: 240K(512K)->224K(512K)
[13518.487s][info][gc,heap        ] GC(34111) ParOldGen: 328789K(329216K)->328797K(329216K)
[13518.487s][info][gc,metaspace   ] GC(34111) Metaspace: 8795K(9024K)->8795K(9024K) NonClass: 8142K(8320K)->8142K(8320K) Class: 652K(704K)->652K(704K)
[13518.487s][info][gc             ] GC(34111) Pause Young (Allocation Failure) 451M->321M(448M) 2.540ms
[13518.487s][info][gc,cpu         ] GC(34111) User=0.00s Sys=0.00s Real=0.00s
[13518.909s][info][gc,start       ] GC(34112) Pause Young (Allocation Failure)
[13518.912s][info][gc,heap        ] GC(34112) PSYoungGen: 129248K(129536K)->240K(125440K) Eden: 129024K(129024K)->0K(124928K) From: 224K(512K)->240K(512K)
[13518.912s][info][gc,heap        ] GC(34112) ParOldGen: 328797K(329216K)->328805K(329216K)
[13518.912s][info][gc,metaspace   ] GC(34112) Metaspace: 8795K(9024K)->8795K(9024K) NonClass: 8142K(8320K)->8142K(8320K) Class: 652K(704K)->652K(704K)
[13518.912s][info][gc             ] GC(34112) Pause Young (Allocation Failure) 447M->321M(444M) 2.475ms
[13518.912s][info][gc,cpu         ] GC(34112) User=0.00s Sys=0.00s Real=0.01s
[13519.316s][info][gc,start       ] GC(34113) Pause Young (Allocation Failure)
[13519.318s][info][gc,heap        ] GC(34113) PSYoungGen: 125168K(125440K)->272K(121344K) Eden: 124928K(124928K)->0K(120832K) From: 240K(512K)->272K(512K)
[13519.318s][info][gc,heap        ] GC(34113) ParOldGen: 328805K(329216K)->328813K(329216K)
[13519.318s][info][gc,metaspace   ] GC(34113) Metaspace: 8795K(9024K)->8795K(9024K) NonClass: 8142K(8320K)->8142K(8320K) Class: 652K(704K)->652K(704K)
[13519.318s][info][gc             ] GC(34113) Pause Young (Allocation Failure) 443M->321M(440M) 2.214ms
[13519.318s][info][gc,cpu         ] GC(34113) User=0.00s Sys=0.00s Real=0.00s
[13519.718s][info][gc,start       ] GC(34114) Pause Young (Allocation Failure)
[13519.720s][info][gc,heap        ] GC(34114) PSYoungGen: 121104K(121344K)->272K(117760K) Eden: 120832K(120832K)->0K(117248K) From: 272K(512K)->272K(512K)
[13519.720s][info][gc,heap        ] GC(34114) ParOldGen: 328813K(329216K)->328821K(329216K)
[13519.720s][info][gc,metaspace   ] GC(34114) Metaspace: 8795K(9024K)->8795K(9024K) NonClass: 8142K(8320K)->8142K(8320K) Class: 652K(704K)->652K(704K)
[13519.720s][info][gc             ] GC(34114) Pause Young (Allocation Failure) 439M->321M(436M) 2.180ms
[13519.720s][info][gc,cpu         ] GC(34114) User=0.01s Sys=0.00s Real=0.00s
[13520.118s][info][gc,start       ] GC(34115) Pause Young (Allocation Failure)
[13520.121s][info][gc,heap        ] GC(34115) PSYoungGen: 117520K(117760K)->288K(114176K) Eden: 117248K(117248K)->0K(113664K) From: 272K(512K)->288K(512K)
[13520.121s][info][gc,heap        ] GC(34115) ParOldGen: 328821K(329216K)->328829K(329216K)
[13520.121s][info][gc,metaspace   ] GC(34115) Metaspace: 8795K(9024K)->8795K(9024K) NonClass: 8142K(8320K)->8142K(8320K) Class: 652K(704K)->652K(704K)
[13520.121s][info][gc             ] GC(34115) Pause Young (Allocation Failure) 435M->321M(433M) 2.470ms
[13520.121s][info][gc,cpu         ] GC(34115) User=0.00s Sys=0.00s Real=0.01s
[13520.566s][info][gc,start       ] GC(34116) Pause Young (Allocation Failure)
[13520.569s][info][gc,heap        ] GC(34116) PSYoungGen: 113952K(114176K)->128K(110592K) Eden: 113664K(113664K)->0K(110080K) From: 288K(512K)->128K(512K)
[13520.569s][info][gc,heap        ] GC(34116) ParOldGen: 328829K(329216K)->328837K(329216K)
[13520.569s][info][gc,metaspace   ] GC(34116) Metaspace: 8795K(9024K)->8795K(9024K) NonClass: 8142K(8320K)->8142K(8320K) Class: 652K(704K)->652K(704K)
[13520.569s][info][gc             ] GC(34116) Pause Young (Allocation Failure) 432M->321M(429M) 3.307ms
[13520.569s][info][gc,cpu         ] GC(34116) User=0.00s Sys=0.00s Real=0.00s
[13521.274s][info][gc,start       ] GC(34117) Pause Young (Allocation Failure)
[13521.277s][info][gc,heap        ] GC(34117) PSYoungGen: 110208K(110592K)->112K(107520K) Eden: 110080K(110080K)->0K(107008K) From: 128K(512K)->112K(512K)
[13521.277s][info][gc,heap        ] GC(34117) ParOldGen: 328837K(329216K)->328845K(329216K)
[13521.277s][info][gc,metaspace   ] GC(34117) Metaspace: 8795K(9024K)->8795K(9024K) NonClass: 8142K(8320K)->8142K(8320K) Class: 652K(704K)->652K(704K)
[13521.277s][info][gc             ] GC(34117) Pause Young (Allocation Failure) 428M->321M(426M) 2.921ms
[13521.277s][info][gc,cpu         ] GC(34117) User=0.00s Sys=0.00s Real=0.00s
[13522.005s][info][gc,start       ] GC(34118) Pause Young (Allocation Failure)
[13522.006s][info][gc,heap        ] GC(34118) PSYoungGen: 107120K(107520K)->128K(104448K) Eden: 107008K(107008K)->0K(103936K) From: 112K(512K)->128K(512K)
[13522.006s][info][gc,heap        ] GC(34118) ParOldGen: 328845K(329216K)->328853K(329216K)
[13522.006s][info][gc,metaspace   ] GC(34118) Metaspace: 8795K(9024K)->8795K(9024K) NonClass: 8142K(8320K)->8142K(8320K) Class: 652K(704K)->652K(704K)
[13522.006s][info][gc             ] GC(34118) Pause Young (Allocation Failure) 425M->321M(423M) 1.256ms
[13522.006s][info][gc,cpu         ] GC(34118) User=0.00s Sys=0.00s Real=0.00s
[13522.705s][info][gc,start       ] GC(34119) Pause Young (Allocation Failure)
[13522.706s][info][gc,heap        ] GC(34119) PSYoungGen: 104064K(104448K)->160K(101376K) Eden: 103936K(103936K)->0K(100864K) From: 128K(512K)->160K(512K)
[13522.706s][info][gc,heap        ] GC(34119) ParOldGen: 328853K(329216K)->328869K(329216K)
[13522.706s][info][gc,metaspace   ] GC(34119) Metaspace: 8795K(9024K)->8795K(9024K) NonClass: 8142K(8320K)->8142K(8320K) Class: 652K(704K)->652K(704K)
[13522.706s][info][gc             ] GC(34119) Pause Young (Allocation Failure) 422M->321M(420M) 1.520ms
[13522.706s][info][gc,cpu         ] GC(34119) User=0.00s Sys=0.00s Real=0.00s
[13523.358s][info][gc,start       ] GC(34120) Pause Young (Allocation Failure)
[13523.359s][info][gc,heap        ] GC(34120) PSYoungGen: 101024K(101376K)->160K(98304K) Eden: 100864K(100864K)->0K(97792K) From: 160K(512K)->160K(512K)
[13523.359s][info][gc,heap        ] GC(34120) ParOldGen: 328869K(329216K)->328877K(329216K)
[13523.359s][info][gc,metaspace   ] GC(34120) Metaspace: 8795K(9024K)->8795K(9024K) NonClass: 8142K(8320K)->8142K(8320K) Class: 652K(704K)->652K(704K)
[13523.359s][info][gc             ] GC(34120) Pause Young (Allocation Failure) 419M->321M(417M) 1.173ms
[13523.359s][info][gc,cpu         ] GC(34120) User=0.00s Sys=0.00s Real=0.00s
[13524.043s][info][gc,start       ] GC(34121) Pause Young (Allocation Failure)
[13524.044s][info][gc,heap        ] GC(34121) PSYoungGen: 93332K(98304K)->32K(95744K) Eden: 93172K(97792K)->0K(95232K) From: 160K(512K)->32K(512K)
[13524.044s][info][gc,heap        ] GC(34121) ParOldGen: 328877K(329216K)->328885K(329216K)
[13524.044s][info][gc,metaspace   ] GC(34121) Metaspace: 8795K(9024K)->8795K(9024K) NonClass: 8143K(8320K)->8143K(8320K) Class: 652K(704K)->652K(704K)
[13524.044s][info][gc             ] GC(34121) Pause Young (Allocation Failure) 412M->321M(415M) 1.613ms
[13524.044s][info][gc,cpu         ] GC(34121) User=0.00s Sys=0.00s Real=0.00s
[13524.852s][info][gc,start       ] GC(34122) Pause Young (Allocation Failure)
[13524.878s][info][gc,heap        ] GC(34122) PSYoungGen: 95264K(95744K)->256K(115200K) Eden: 95232K(95232K)->0K(114688K) From: 32K(512K)->256K(512K)
[13524.878s][info][gc,heap        ] GC(34122) ParOldGen: 328885K(329216K)->369861K(371200K)
[13524.878s][info][gc,metaspace   ] GC(34122) Metaspace: 8795K(9024K)->8795K(9024K) NonClass: 8143K(8320K)->8143K(8320K) Class: 652K(704K)->652K(704K)
[13524.878s][info][gc             ] GC(34122) Pause Young (Allocation Failure) 414M->361M(475M) 26.165ms
[13524.878s][info][gc,cpu         ] GC(34122) User=0.01s Sys=0.04s Real=0.02s
[13525.263s][info][gc,start       ] GC(34123) Pause Young (Allocation Failure)
[13525.264s][info][gc,heap        ] GC(34123) PSYoungGen: 114944K(115200K)->272K(111616K) Eden: 114688K(114688K)->0K(111104K) From: 256K(512K)->272K(512K)
[13525.264s][info][gc,heap        ] GC(34123) ParOldGen: 369861K(371200K)->369877K(371200K)
[13525.264s][info][gc,metaspace   ] GC(34123) Metaspace: 8795K(9024K)->8795K(9024K) NonClass: 8143K(8320K)->8143K(8320K) Class: 652K(704K)->652K(704K)
[13525.264s][info][gc             ] GC(34123) Pause Young (Allocation Failure) 473M->361M(471M) 1.274ms
[13525.264s][info][gc,cpu         ] GC(34123) User=0.00s Sys=0.00s Real=0.00s
[13525.615s][info][gc,start       ] GC(34124) Pause Young (Allocation Failure)
[13525.616s][info][gc,heap        ] GC(34124) PSYoungGen: 111376K(111616K)->256K(108544K) Eden: 111104K(111104K)->0K(108032K) From: 272K(512K)->256K(512K)
[13525.617s][info][gc,heap        ] GC(34124) ParOldGen: 369877K(371200K)->369893K(371200K)
[13525.617s][info][gc,metaspace   ] GC(34124) Metaspace: 8795K(9024K)->8795K(9024K) NonClass: 8143K(8320K)->8143K(8320K) Class: 652K(704K)->652K(704K)
[13525.617s][info][gc             ] GC(34124) Pause Young (Allocation Failure) 469M->361M(468M) 1.241ms
[13525.617s][info][gc,cpu         ] GC(34124) User=0.00s Sys=0.00s Real=0.00s
[13525.982s][info][gc,start       ] GC(34125) Pause Young (Allocation Failure)
[13525.983s][info][gc,heap        ] GC(34125) PSYoungGen: 108288K(108544K)->256K(105472K) Eden: 108032K(108032K)->0K(104960K) From: 256K(512K)->256K(512K)
[13525.983s][info][gc,heap        ] GC(34125) ParOldGen: 369893K(371200K)->369909K(371200K)
[13525.983s][info][gc,metaspace   ] GC(34125) Metaspace: 8795K(9024K)->8795K(9024K) NonClass: 8143K(8320K)->8143K(8320K) Class: 652K(704K)->652K(704K)
[13525.983s][info][gc             ] GC(34125) Pause Young (Allocation Failure) 466M->361M(465M) 1.244ms
[13525.983s][info][gc,cpu         ] GC(34125) User=0.00s Sys=0.00s Real=0.00s
[13526.309s][info][gc,start       ] GC(34126) Pause Young (Allocation Failure)
[13526.310s][info][gc,heap        ] GC(34126) PSYoungGen: 105216K(105472K)->256K(102400K) Eden: 104960K(104960K)->0K(101888K) From: 256K(512K)->256K(512K)
[13526.310s][info][gc,heap        ] GC(34126) ParOldGen: 369909K(371200K)->369925K(371200K)
[13526.310s][info][gc,metaspace   ] GC(34126) Metaspace: 8795K(9024K)->8795K(9024K) NonClass: 8143K(8320K)->8143K(8320K) Class: 652K(704K)->652K(704K)
[13526.310s][info][gc             ] GC(34126) Pause Young (Allocation Failure) 463M->361M(462M) 1.451ms
[13526.310s][info][gc,cpu         ] GC(34126) User=0.01s Sys=0.00s Real=0.01s
[13526.638s][info][gc,start       ] GC(34127) Pause Young (Allocation Failure)
[13526.639s][info][gc,heap        ] GC(34127) PSYoungGen: 102144K(102400K)->240K(99328K) Eden: 101888K(101888K)->0K(98816K) From: 256K(512K)->240K(512K)
[13526.639s][info][gc,heap        ] GC(34127) ParOldGen: 369925K(371200K)->369941K(371200K)
[13526.639s][info][gc,metaspace   ] GC(34127) Metaspace: 8795K(9024K)->8795K(9024K) NonClass: 8143K(8320K)->8143K(8320K) Class: 652K(704K)->652K(704K)
[13526.639s][info][gc             ] GC(34127) Pause Young (Allocation Failure) 461M->361M(459M) 1.320ms
[13526.639s][info][gc,cpu         ] GC(34127) User=0.01s Sys=0.00s Real=0.00s
[13526.975s][info][gc,start       ] GC(34128) Pause Young (Allocation Failure)
[13526.976s][info][gc,heap        ] GC(34128) PSYoungGen: 99056K(99328K)->256K(96768K) Eden: 98816K(98816K)->0K(96256K) From: 240K(512K)->256K(512K)
[13526.976s][info][gc,heap        ] GC(34128) ParOldGen: 369941K(371200K)->369957K(371200K)
[13526.976s][info][gc,metaspace   ] GC(34128) Metaspace: 8795K(9024K)->8795K(9024K) NonClass: 8143K(8320K)->8143K(8320K) Class: 652K(704K)->652K(704K)
[13526.976s][info][gc             ] GC(34128) Pause Young (Allocation Failure) 458M->361M(457M) 1.281ms
[13526.976s][info][gc,cpu         ] GC(34128) User=0.00s Sys=0.00s Real=0.00s
[13527.289s][info][gc,start       ] GC(34129) Pause Young (Allocation Failure)
[13527.290s][info][gc,heap        ] GC(34129) PSYoungGen: 96512K(96768K)->240K(94208K) Eden: 96256K(96256K)->0K(93696K) From: 256K(512K)->240K(512K)
[13527.290s][info][gc,heap        ] GC(34129) ParOldGen: 369957K(371200K)->369973K(371200K)
[13527.290s][info][gc,metaspace   ] GC(34129) Metaspace: 8795K(9024K)->8795K(9024K) NonClass: 8143K(8320K)->8143K(8320K) Class: 652K(704K)->652K(704K)
[13527.290s][info][gc             ] GC(34129) Pause Young (Allocation Failure) 455M->361M(454M) 1.244ms
[13527.290s][info][gc,cpu         ] GC(34129) User=0.00s Sys=0.00s Real=0.01s
[13527.609s][info][gc,start       ] GC(34130) Pause Young (Allocation Failure)
[13527.611s][info][gc,heap        ] GC(34130) PSYoungGen: 93936K(94208K)->240K(91648K) Eden: 93696K(93696K)->0K(91136K) From: 240K(512K)->240K(512K)
[13527.611s][info][gc,heap        ] GC(34130) ParOldGen: 369973K(371200K)->369989K(371200K)
[13527.611s][info][gc,metaspace   ] GC(34130) Metaspace: 8795K(9024K)->8795K(9024K) NonClass: 8143K(8320K)->8143K(8320K) Class: 652K(704K)->652K(704K)
[13527.611s][info][gc             ] GC(34130) Pause Young (Allocation Failure) 453M->361M(452M) 1.238ms
[13527.611s][info][gc,cpu         ] GC(34130) User=0.00s Sys=0.00s Real=0.01s
[13527.906s][info][gc,start       ] GC(34131) Pause Young (Allocation Failure)
[13527.908s][info][gc,heap        ] GC(34131) PSYoungGen: 91376K(91648K)->240K(89088K) Eden: 91136K(91136K)->0K(88576K) From: 240K(512K)->240K(512K)
[13527.908s][info][gc,heap        ] GC(34131) ParOldGen: 369989K(371200K)->370005K(371200K)
[13527.908s][info][gc,metaspace   ] GC(34131) Metaspace: 8795K(9024K)->8795K(9024K) NonClass: 8143K(8320K)->8143K(8320K) Class: 652K(704K)->652K(704K)
[13527.908s][info][gc             ] GC(34131) Pause Young (Allocation Failure) 450M->361M(449M) 1.243ms
[13527.908s][info][gc,cpu         ] GC(34131) User=0.00s Sys=0.00s Real=0.00s
[13528.179s][info][gc,start       ] GC(34132) Pause Young (Allocation Failure)
[13528.180s][info][gc,heap        ] GC(34132) PSYoungGen: 88816K(89088K)->256K(202752K) Eden: 88576K(88576K)->0K(202240K) From: 240K(512K)->256K(512K)
[13528.180s][info][gc,heap        ] GC(34132) ParOldGen: 370005K(371200K)->370021K(371200K)
[13528.180s][info][gc,metaspace   ] GC(34132) Metaspace: 8795K(9024K)->8795K(9024K) NonClass: 8143K(8320K)->8143K(8320K) Class: 652K(704K)->652K(704K)
[13528.180s][info][gc             ] GC(34132) Pause Young (Allocation Failure) 448M->361M(560M) 1.269ms
[13528.180s][info][gc,cpu         ] GC(34132) User=0.00s Sys=0.00s Real=0.01s
[13528.860s][info][gc,start       ] GC(34133) Pause Young (Allocation Failure)
[13528.862s][info][gc,heap        ] GC(34133) PSYoungGen: 202496K(202752K)->272K(195584K) Eden: 202240K(202240K)->0K(195072K) From: 256K(512K)->272K(512K)
[13528.862s][info][gc,heap        ] GC(34133) ParOldGen: 370021K(371200K)->370037K(371200K)
[13528.862s][info][gc,metaspace   ] GC(34133) Metaspace: 8795K(9024K)->8795K(9024K) NonClass: 8143K(8320K)->8143K(8320K) Class: 652K(704K)->652K(704K)
[13528.862s][info][gc             ] GC(34133) Pause Young (Allocation Failure) 559M->361M(553M) 1.582ms
[13528.862s][info][gc,cpu         ] GC(34133) User=0.00s Sys=0.00s Real=0.00s
[13529.517s][info][gc,start       ] GC(34134) Pause Young (Allocation Failure)
[13529.518s][info][gc,heap        ] GC(34134) PSYoungGen: 195344K(195584K)->224K(188416K) Eden: 195072K(195072K)->0K(187904K) From: 272K(512K)->224K(512K)
[13529.518s][info][gc,heap        ] GC(34134) ParOldGen: 370037K(371200K)->370053K(371200K)
[13529.518s][info][gc,metaspace   ] GC(34134) Metaspace: 8795K(9024K)->8795K(9024K) NonClass: 8143K(8320K)->8143K(8320K) Class: 652K(704K)->652K(704K)
[13529.518s][info][gc             ] GC(34134) Pause Young (Allocation Failure) 552M->361M(546M) 1.208ms
[13529.518s][info][gc,cpu         ] GC(34134) User=0.00s Sys=0.00s Real=0.00s
[13530.102s][info][gc,start       ] GC(34135) Pause Young (Allocation Failure)
[13530.103s][info][gc,heap        ] GC(34135) PSYoungGen: 188128K(188416K)->256K(181760K) Eden: 187904K(187904K)->0K(181248K) From: 224K(512K)->256K(512K)
[13530.103s][info][gc,heap        ] GC(34135) ParOldGen: 370053K(371200K)->370069K(371200K)
[13530.103s][info][gc,metaspace   ] GC(34135) Metaspace: 8795K(9024K)->8795K(9024K) NonClass: 8143K(8320K)->8143K(8320K) Class: 652K(704K)->652K(704K)
[13530.103s][info][gc             ] GC(34135) Pause Young (Allocation Failure) 545M->361M(540M) 1.245ms
[13530.103s][info][gc,cpu         ] GC(34135) User=0.01s Sys=0.00s Real=0.00s
[13530.765s][info][gc,start       ] GC(34136) Pause Young (Allocation Failure)
[13530.767s][info][gc,heap        ] GC(34136) PSYoungGen: 181504K(181760K)->224K(175104K) Eden: 181248K(181248K)->0K(174592K) From: 256K(512K)->224K(512K)
[13530.767s][info][gc,heap        ] GC(34136) ParOldGen: 370069K(371200K)->370085K(371200K)
[13530.767s][info][gc,metaspace   ] GC(34136) Metaspace: 8795K(9024K)->8795K(9024K) NonClass: 8143K(8320K)->8143K(8320K) Class: 652K(704K)->652K(704K)
[13530.767s][info][gc             ] GC(34136) Pause Young (Allocation Failure) 538M->361M(533M) 1.237ms
[13530.767s][info][gc,cpu         ] GC(34136) User=0.00s Sys=0.00s Real=0.00s
[13531.323s][info][gc,start       ] GC(34137) Pause Young (Allocation Failure)
[13531.324s][info][gc,heap        ] GC(34137) PSYoungGen: 174816K(175104K)->288K(168960K) Eden: 174592K(174592K)->0K(168448K) From: 224K(512K)->288K(512K)
[13531.324s][info][gc,heap        ] GC(34137) ParOldGen: 370085K(371200K)->370101K(371200K)
[13531.324s][info][gc,metaspace   ] GC(34137) Metaspace: 8795K(9024K)->8795K(9024K) NonClass: 8143K(8320K)->8143K(8320K) Class: 652K(704K)->652K(704K)
[13531.324s][info][gc             ] GC(34137) Pause Young (Allocation Failure) 532M->361M(527M) 1.348ms
[13531.324s][info][gc,cpu         ] GC(34137) User=0.00s Sys=0.00s Real=0.00s
[13531.946s][info][gc,start       ] GC(34138) Pause Young (Allocation Failure)
[13531.947s][info][gc,heap        ] GC(34138) PSYoungGen: 168736K(168960K)->256K(163328K) Eden: 168448K(168448K)->0K(162816K) From: 288K(512K)->256K(512K)
[13531.947s][info][gc,heap        ] GC(34138) ParOldGen: 370101K(371200K)->370117K(371200K)
[13531.947s][info][gc,metaspace   ] GC(34138) Metaspace: 8795K(9024K)->8795K(9024K) NonClass: 8143K(8320K)->8143K(8320K) Class: 652K(704K)->652K(704K)
[13531.947s][info][gc             ] GC(34138) Pause Young (Allocation Failure) 526M->361M(522M) 1.297ms
[13531.948s][info][gc,cpu         ] GC(34138) User=0.00s Sys=0.01s Real=0.00s
[13532.509s][info][gc,start       ] GC(34139) Pause Young (Allocation Failure)
[13532.511s][info][gc,heap        ] GC(34139) PSYoungGen: 163072K(163328K)->272K(157696K) Eden: 162816K(162816K)->0K(157184K) From: 256K(512K)->272K(512K)
[13532.511s][info][gc,heap        ] GC(34139) ParOldGen: 370117K(371200K)->370125K(371200K)
[13532.511s][info][gc,metaspace   ] GC(34139) Metaspace: 8795K(9024K)->8795K(9024K) NonClass: 8143K(8320K)->8143K(8320K) Class: 652K(704K)->652K(704K)
[13532.511s][info][gc             ] GC(34139) Pause Young (Allocation Failure) 520M->361M(516M) 2.240ms
[13532.511s][info][gc,cpu         ] GC(34139) User=0.00s Sys=0.00s Real=0.01s
[13533.021s][info][gc,start       ] GC(34140) Pause Young (Allocation Failure)
[13533.023s][info][gc,heap        ] GC(34140) PSYoungGen: 157456K(157696K)->272K(152576K) Eden: 157184K(157184K)->0K(152064K) From: 272K(512K)->272K(512K)
[13533.023s][info][gc,heap        ] GC(34140) ParOldGen: 370125K(371200K)->370141K(371200K)
[13533.023s][info][gc,metaspace   ] GC(34140) Metaspace: 8795K(9024K)->8795K(9024K) NonClass: 8143K(8320K)->8143K(8320K) Class: 652K(704K)->652K(704K)
[13533.023s][info][gc             ] GC(34140) Pause Young (Allocation Failure) 515M->361M(511M) 2.214ms
[13533.023s][info][gc,cpu         ] GC(34140) User=0.00s Sys=0.00s Real=0.00s
[13533.526s][info][gc,start       ] GC(34141) Pause Young (Allocation Failure)
[13533.528s][info][gc,heap        ] GC(34141) PSYoungGen: 152336K(152576K)->272K(147456K) Eden: 152064K(152064K)->0K(146944K) From: 272K(512K)->272K(512K)
[13533.528s][info][gc,heap        ] GC(34141) ParOldGen: 370141K(371200K)->370157K(371200K)
[13533.528s][info][gc,metaspace   ] GC(34141) Metaspace: 8795K(9024K)->8795K(9024K) NonClass: 8143K(8320K)->8143K(8320K) Class: 652K(704K)->652K(704K)
[13533.528s][info][gc             ] GC(34141) Pause Young (Allocation Failure) 510M->361M(506M) 2.373ms
[13533.528s][info][gc,cpu         ] GC(34141) User=0.00s Sys=0.00s Real=0.00s
[13534.036s][info][gc,start       ] GC(34142) Pause Young (Allocation Failure)
[13534.038s][info][gc,heap        ] GC(34142) PSYoungGen: 147216K(147456K)->160K(142848K) Eden: 146944K(146944K)->0K(142336K) From: 272K(512K)->160K(512K)
[13534.038s][info][gc,heap        ] GC(34142) ParOldGen: 370157K(371200K)->370165K(371200K)
[13534.038s][info][gc,metaspace   ] GC(34142) Metaspace: 8795K(9024K)->8795K(9024K) NonClass: 8143K(8320K)->8143K(8320K) Class: 652K(704K)->652K(704K)
[13534.038s][info][gc             ] GC(34142) Pause Young (Allocation Failure) 505M->361M(502M) 2.197ms
[13534.038s][info][gc,cpu         ] GC(34142) User=0.00s Sys=0.00s Real=0.00s
[13534.509s][info][gc,start       ] GC(34143) Pause Young (Allocation Failure)
[13534.511s][info][gc,heap        ] GC(34143) PSYoungGen: 142496K(142848K)->256K(138240K) Eden: 142336K(142336K)->0K(137728K) From: 160K(512K)->256K(512K)
[13534.511s][info][gc,heap        ] GC(34143) ParOldGen: 370165K(371200K)->370173K(371200K)
[13534.511s][info][gc,metaspace   ] GC(34143) Metaspace: 8795K(9024K)->8795K(9024K) NonClass: 8143K(8320K)->8143K(8320K) Class: 652K(704K)->652K(704K)
[13534.511s][info][gc             ] GC(34143) Pause Young (Allocation Failure) 500M->361M(497M) 1.466ms
[13534.511s][info][gc,cpu         ] GC(34143) User=0.00s Sys=0.00s Real=0.01s
[13534.994s][info][gc,start       ] GC(34144) Pause Young (Allocation Failure)
[13534.996s][info][gc,heap        ] GC(34144) PSYoungGen: 137984K(138240K)->272K(133632K) Eden: 137728K(137728K)->0K(133120K) From: 256K(512K)->272K(512K)
[13534.996s][info][gc,heap        ] GC(34144) ParOldGen: 370173K(371200K)->370181K(371200K)
[13534.996s][info][gc,metaspace   ] GC(34144) Metaspace: 8795K(9024K)->8795K(9024K) NonClass: 8143K(8320K)->8143K(8320K) Class: 652K(704K)->652K(704K)
[13534.996s][info][gc             ] GC(34144) Pause Young (Allocation Failure) 496M->361M(493M) 2.345ms
[13534.996s][info][gc,cpu         ] GC(34144) User=0.00s Sys=0.00s Real=0.00s
[13535.454s][info][gc,start       ] GC(34145) Pause Young (Allocation Failure)
[13535.457s][info][gc,heap        ] GC(34145) PSYoungGen: 133392K(133632K)->240K(129536K) Eden: 133120K(133120K)->0K(129024K) From: 272K(512K)->240K(512K)
[13535.457s][info][gc,heap        ] GC(34145) ParOldGen: 370181K(371200K)->370189K(371200K)
[13535.457s][info][gc,metaspace   ] GC(34145) Metaspace: 8795K(9024K)->8795K(9024K) NonClass: 8143K(8320K)->8143K(8320K) Class: 652K(704K)->652K(704K)
[13535.457s][info][gc             ] GC(34145) Pause Young (Allocation Failure) 491M->361M(489M) 2.416ms
[13535.457s][info][gc,cpu         ] GC(34145) User=0.01s Sys=0.00s Real=0.00s
[13535.860s][info][gc,start       ] GC(34146) Pause Young (Allocation Failure)
[13535.861s][info][gc,heap        ] GC(34146) PSYoungGen: 129264K(129536K)->288K(125440K) Eden: 129024K(129024K)->0K(124928K) From: 240K(512K)->288K(512K)
[13535.861s][info][gc,heap        ] GC(34146) ParOldGen: 370189K(371200K)->370205K(371200K)
[13535.861s][info][gc,metaspace   ] GC(34146) Metaspace: 8795K(9024K)->8795K(9024K) NonClass: 8143K(8320K)->8143K(8320K) Class: 652K(704K)->652K(704K)
[13535.861s][info][gc             ] GC(34146) Pause Young (Allocation Failure) 487M->361M(485M) 1.298ms
[13535.861s][info][gc,cpu         ] GC(34146) User=0.01s Sys=0.00s Real=0.01s
[13536.250s][info][gc,start       ] GC(34147) Pause Young (Allocation Failure)
[13536.251s][info][gc,heap        ] GC(34147) PSYoungGen: 125216K(125440K)->256K(121344K) Eden: 124928K(124928K)->0K(120832K) From: 288K(512K)->256K(512K)
[13536.251s][info][gc,heap        ] GC(34147) ParOldGen: 370205K(371200K)->370221K(371200K)
[13536.251s][info][gc,metaspace   ] GC(34147) Metaspace: 8795K(9024K)->8795K(9024K) NonClass: 8143K(8320K)->8143K(8320K) Class: 652K(704K)->652K(704K)
[13536.251s][info][gc             ] GC(34147) Pause Young (Allocation Failure) 483M->361M(481M) 1.258ms
[13536.251s][info][gc,cpu         ] GC(34147) User=0.00s Sys=0.00s Real=0.01s
[13536.632s][info][gc,start       ] GC(34148) Pause Young (Allocation Failure)
[13536.634s][info][gc,heap        ] GC(34148) PSYoungGen: 121088K(121344K)->240K(117760K) Eden: 120832K(120832K)->0K(117248K) From: 256K(512K)->240K(512K)
[13536.634s][info][gc,heap        ] GC(34148) ParOldGen: 370221K(371200K)->370237K(371200K)
[13536.634s][info][gc,metaspace   ] GC(34148) Metaspace: 8795K(9024K)->8795K(9024K) NonClass: 8143K(8320K)->8143K(8320K) Class: 652K(704K)->652K(704K)
[13536.634s][info][gc             ] GC(34148) Pause Young (Allocation Failure) 479M->361M(477M) 1.269ms
[13536.634s][info][gc,cpu         ] GC(34148) User=0.01s Sys=0.00s Real=0.00s
[13537.040s][info][gc,start       ] GC(34149) Pause Young (Allocation Failure)
[13537.042s][info][gc,heap        ] GC(34149) PSYoungGen: 117488K(117760K)->272K(114176K) Eden: 117248K(117248K)->0K(113664K) From: 240K(512K)->272K(512K)
[13537.042s][info][gc,heap        ] GC(34149) ParOldGen: 370237K(371200K)->370245K(371200K)
[13537.042s][info][gc,metaspace   ] GC(34149) Metaspace: 8795K(9024K)->8795K(9024K) NonClass: 8143K(8320K)->8143K(8320K) Class: 652K(704K)->652K(704K)
[13537.042s][info][gc             ] GC(34149) Pause Young (Allocation Failure) 476M->361M(474M) 2.273ms
[13537.042s][info][gc,cpu         ] GC(34149) User=0.00s Sys=0.00s Real=0.01s
[13537.472s][info][gc,start       ] GC(34150) Pause Young (Allocation Failure)
[13537.474s][info][gc,heap        ] GC(34150) PSYoungGen: 113936K(114176K)->272K(110592K) Eden: 113664K(113664K)->0K(110080K) From: 272K(512K)->272K(512K)
[13537.474s][info][gc,heap        ] GC(34150) ParOldGen: 370245K(371200K)->370253K(371200K)
[13537.474s][info][gc,metaspace   ] GC(34150) Metaspace: 8795K(9024K)->8795K(9024K) NonClass: 8143K(8320K)->8143K(8320K) Class: 652K(704K)->652K(704K)
[13537.474s][info][gc             ] GC(34150) Pause Young (Allocation Failure) 472M->361M(470M) 2.209ms
[13537.474s][info][gc,cpu         ] GC(34150) User=0.00s Sys=0.00s Real=0.00s
[13537.842s][info][gc,start       ] GC(34151) Pause Young (Allocation Failure)
[13537.844s][info][gc,heap        ] GC(34151) PSYoungGen: 110352K(110592K)->272K(107520K) Eden: 110080K(110080K)->0K(107008K) From: 272K(512K)->272K(512K)
[13537.844s][info][gc,heap        ] GC(34151) ParOldGen: 370253K(371200K)->370269K(371200K)
[13537.844s][info][gc,metaspace   ] GC(34151) Metaspace: 8795K(9024K)->8795K(9024K) NonClass: 8143K(8320K)->8143K(8320K) Class: 652K(704K)->652K(704K)
[13537.844s][info][gc             ] GC(34151) Pause Young (Allocation Failure) 469M->361M(467M) 2.212ms
[13537.844s][info][gc,cpu         ] GC(34151) User=0.00s Sys=0.00s Real=0.00s
[13538.170s][info][gc,start       ] GC(34152) Pause Young (Allocation Failure)
[13538.172s][info][gc,heap        ] GC(34152) PSYoungGen: 107280K(107520K)->256K(104448K) Eden: 107008K(107008K)->0K(103936K) From: 272K(512K)->256K(512K)
[13538.172s][info][gc,heap        ] GC(34152) ParOldGen: 370269K(371200K)->370285K(371200K)
[13538.172s][info][gc,metaspace   ] GC(34152) Metaspace: 8795K(9024K)->8795K(9024K) NonClass: 8143K(8320K)->8143K(8320K) Class: 652K(704K)->652K(704K)
[13538.172s][info][gc             ] GC(34152) Pause Young (Allocation Failure) 466M->361M(464M) 2.219ms
[13538.172s][info][gc,cpu         ] GC(34152) User=0.00s Sys=0.00s Real=0.01s
[13538.508s][info][gc,start       ] GC(34153) Pause Young (Allocation Failure)
[13538.511s][info][gc,heap        ] GC(34153) PSYoungGen: 104192K(104448K)->256K(101376K) Eden: 103936K(103936K)->0K(100864K) From: 256K(512K)->256K(512K)
[13538.511s][info][gc,heap        ] GC(34153) ParOldGen: 370285K(371200K)->370301K(371200K)
[13538.511s][info][gc,metaspace   ] GC(34153) Metaspace: 8795K(9024K)->8795K(9024K) NonClass: 8143K(8320K)->8143K(8320K) Class: 652K(704K)->652K(704K)
[13538.511s][info][gc             ] GC(34153) Pause Young (Allocation Failure) 463M->361M(461M) 2.299ms
[13538.511s][info][gc,cpu         ] GC(34153) User=0.00s Sys=0.00s Real=0.01s
[13538.863s][info][gc,start       ] GC(34154) Pause Young (Allocation Failure)
[13538.864s][info][gc,heap        ] GC(34154) PSYoungGen: 101120K(101376K)->240K(98304K) Eden: 100864K(100864K)->0K(97792K) From: 256K(512K)->240K(512K)
[13538.864s][info][gc,heap        ] GC(34154) ParOldGen: 370301K(371200K)->370317K(371200K)
[13538.864s][info][gc,metaspace   ] GC(34154) Metaspace: 8795K(9024K)->8795K(9024K) NonClass: 8143K(8320K)->8143K(8320K) Class: 652K(704K)->652K(704K)
[13538.864s][info][gc             ] GC(34154) Pause Young (Allocation Failure) 460M->361M(458M) 1.583ms
[13538.864s][info][gc,cpu         ] GC(34154) User=0.00s Sys=0.01s Real=0.00s
[13539.165s][info][gc,start       ] GC(34155) Pause Young (Allocation Failure)
[13539.167s][info][gc,heap        ] GC(34155) PSYoungGen: 98032K(98304K)->240K(95744K) Eden: 97792K(97792K)->0K(95232K) From: 240K(512K)->240K(512K)
[13539.167s][info][gc,heap        ] GC(34155) ParOldGen: 370317K(371200K)->370333K(371200K)
[13539.167s][info][gc,metaspace   ] GC(34155) Metaspace: 8795K(9024K)->8795K(9024K) NonClass: 8143K(8320K)->8143K(8320K) Class: 652K(704K)->652K(704K)
[13539.167s][info][gc             ] GC(34155) Pause Young (Allocation Failure) 457M->361M(456M) 1.244ms
[13539.167s][info][gc,cpu         ] GC(34155) User=0.00s Sys=0.00s Real=0.00s
[13539.485s][info][gc,start       ] GC(34156) Pause Young (Allocation Failure)
[13539.486s][info][gc,heap        ] GC(34156) PSYoungGen: 95472K(95744K)->256K(93184K) Eden: 95232K(95232K)->0K(92672K) From: 240K(512K)->256K(512K)
[13539.486s][info][gc,heap        ] GC(34156) ParOldGen: 370333K(371200K)->370349K(371200K)
[13539.486s][info][gc,metaspace   ] GC(34156) Metaspace: 8795K(9024K)->8795K(9024K) NonClass: 8143K(8320K)->8143K(8320K) Class: 652K(704K)->652K(704K)
[13539.486s][info][gc             ] GC(34156) Pause Young (Allocation Failure) 454M->361M(453M) 1.264ms
[13539.486s][info][gc,cpu         ] GC(34156) User=0.01s Sys=0.00s Real=0.00s
[13539.785s][info][gc,start       ] GC(34157) Pause Young (Allocation Failure)
[13539.786s][info][gc,heap        ] GC(34157) PSYoungGen: 92928K(93184K)->256K(90624K) Eden: 92672K(92672K)->0K(90112K) From: 256K(512K)->256K(512K)
[13539.786s][info][gc,heap        ] GC(34157) ParOldGen: 370349K(371200K)->370365K(371200K)
[13539.786s][info][gc,metaspace   ] GC(34157) Metaspace: 8795K(9024K)->8795K(9024K) NonClass: 8143K(8320K)->8143K(8320K) Class: 652K(704K)->652K(704K)
[13539.786s][info][gc             ] GC(34157) Pause Young (Allocation Failure) 452M->361M(451M) 1.273ms
[13539.786s][info][gc,cpu         ] GC(34157) User=0.00s Sys=0.00s Real=0.00s
[13540.068s][info][gc,start       ] GC(34158) Pause Young (Allocation Failure)
[13540.069s][info][gc,heap        ] GC(34158) PSYoungGen: 90368K(90624K)->256K(88064K) Eden: 90112K(90112K)->0K(87552K) From: 256K(512K)->256K(512K)
[13540.069s][info][gc,heap        ] GC(34158) ParOldGen: 370365K(371200K)->370381K(371200K)
[13540.069s][info][gc,metaspace   ] GC(34158) Metaspace: 8795K(9024K)->8795K(9024K) NonClass: 8143K(8320K)->8143K(8320K) Class: 652K(704K)->652K(704K)
[13540.069s][info][gc             ] GC(34158) Pause Young (Allocation Failure) 449M->361M(448M) 1.234ms
[13540.069s][info][gc,cpu         ] GC(34158) User=0.00s Sys=0.00s Real=0.00s
[13540.364s][info][gc,start       ] GC(34159) Pause Young (Allocation Failure)
[13540.365s][info][gc,heap        ] GC(34159) PSYoungGen: 87808K(88064K)->240K(202752K) Eden: 87552K(87552K)->0K(202240K) From: 256K(512K)->240K(512K)
[13540.365s][info][gc,heap        ] GC(34159) ParOldGen: 370381K(371200K)->370397K(371200K)
[13540.365s][info][gc,metaspace   ] GC(34159) Metaspace: 8795K(9024K)->8795K(9024K) NonClass: 8143K(8320K)->8143K(8320K) Class: 652K(704K)->652K(704K)
[13540.365s][info][gc             ] GC(34159) Pause Young (Allocation Failure) 447M->361M(560M) 1.224ms
[13540.365s][info][gc,cpu         ] GC(34159) User=0.00s Sys=0.00s Real=0.00s
[13540.993s][info][gc,start       ] GC(34160) Pause Young (Allocation Failure)
[13540.994s][info][gc,heap        ] GC(34160) PSYoungGen: 202480K(202752K)->256K(195584K) Eden: 202240K(202240K)->0K(195072K) From: 240K(512K)->256K(512K)
[13540.994s][info][gc,heap        ] GC(34160) ParOldGen: 370397K(371200K)->370413K(371200K)
[13540.994s][info][gc,metaspace   ] GC(34160) Metaspace: 8795K(9024K)->8795K(9024K) NonClass: 8143K(8320K)->8143K(8320K) Class: 652K(704K)->652K(704K)
[13540.994s][info][gc             ] GC(34160) Pause Young (Allocation Failure) 559M->361M(553M) 1.232ms
[13540.994s][info][gc,cpu         ] GC(34160) User=0.00s Sys=0.00s Real=0.00s
[13541.670s][info][gc,start       ] GC(34161) Pause Young (Allocation Failure)
[13541.671s][info][gc,heap        ] GC(34161) PSYoungGen: 195328K(195584K)->256K(188416K) Eden: 195072K(195072K)->0K(187904K) From: 256K(512K)->256K(512K)
[13541.671s][info][gc,heap        ] GC(34161) ParOldGen: 370413K(371200K)->370429K(371200K)
[13541.671s][info][gc,metaspace   ] GC(34161) Metaspace: 8795K(9024K)->8795K(9024K) NonClass: 8143K(8320K)->8143K(8320K) Class: 652K(704K)->652K(704K)
[13541.671s][info][gc             ] GC(34161) Pause Young (Allocation Failure) 552M->361M(546M) 1.296ms
[13541.671s][info][gc,cpu         ] GC(34161) User=0.00s Sys=0.00s Real=0.01s
[13542.275s][info][gc,start       ] GC(34162) Pause Young (Allocation Failure)
[13542.276s][info][gc,heap        ] GC(34162) PSYoungGen: 188160K(188416K)->256K(181760K) Eden: 187904K(187904K)->0K(181248K) From: 256K(512K)->256K(512K)
[13542.276s][info][gc,heap        ] GC(34162) ParOldGen: 370429K(371200K)->370445K(371200K)
[13542.276s][info][gc,metaspace   ] GC(34162) Metaspace: 8795K(9024K)->8795K(9024K) NonClass: 8143K(8320K)->8143K(8320K) Class: 652K(704K)->652K(704K)
[13542.276s][info][gc             ] GC(34162) Pause Young (Allocation Failure) 545M->362M(540M) 1.241ms
[13542.276s][info][gc,cpu         ] GC(34162) User=0.00s Sys=0.00s Real=0.00s
[13542.880s][info][gc,start       ] GC(34163) Pause Young (Allocation Failure)
[13542.882s][info][gc,heap        ] GC(34163) PSYoungGen: 181504K(181760K)->256K(175104K) Eden: 181248K(181248K)->0K(174592K) From: 256K(512K)->256K(512K)
[13542.882s][info][gc,heap        ] GC(34163) ParOldGen: 370445K(371200K)->370461K(371200K)
[13542.882s][info][gc,metaspace   ] GC(34163) Metaspace: 8795K(9024K)->8795K(9024K) NonClass: 8143K(8320K)->8143K(8320K) Class: 652K(704K)->652K(704K)
[13542.882s][info][gc             ] GC(34163) Pause Young (Allocation Failure) 539M->362M(533M) 1.244ms
[13542.882s][info][gc,cpu         ] GC(34163) User=0.00s Sys=0.00s Real=0.00s
[13543.540s][info][gc,start       ] GC(34164) Pause Young (Allocation Failure)
[13543.541s][info][gc,heap        ] GC(34164) PSYoungGen: 174848K(175104K)->240K(168960K) Eden: 174592K(174592K)->0K(168448K) From: 256K(512K)->240K(512K)
[13543.541s][info][gc,heap        ] GC(34164) ParOldGen: 370461K(371200K)->370477K(371200K)
[13543.541s][info][gc,metaspace   ] GC(34164) Metaspace: 8795K(9024K)->8795K(9024K) NonClass: 8143K(8320K)->8143K(8320K) Class: 652K(704K)->652K(704K)
[13543.541s][info][gc             ] GC(34164) Pause Young (Allocation Failure) 532M->362M(527M) 1.276ms
[13543.541s][info][gc,cpu         ] GC(34164) User=0.00s Sys=0.00s Real=0.01s
[13544.154s][info][gc,start       ] GC(34165) Pause Young (Allocation Failure)
[13544.156s][info][gc,heap        ] GC(34165) PSYoungGen: 168688K(168960K)->304K(163328K) Eden: 168448K(168448K)->0K(162816K) From: 240K(512K)->304K(512K)
[13544.156s][info][gc,heap        ] GC(34165) ParOldGen: 370477K(371200K)->370493K(371200K)
[13544.156s][info][gc,metaspace   ] GC(34165) Metaspace: 8795K(9024K)->8795K(9024K) NonClass: 8143K(8320K)->8143K(8320K) Class: 652K(704K)->652K(704K)
[13544.156s][info][gc             ] GC(34165) Pause Young (Allocation Failure) 526M->362M(522M) 2.383ms
[13544.156s][info][gc,cpu         ] GC(34165) User=0.00s Sys=0.00s Real=0.00s
[13544.677s][info][gc,start       ] GC(34166) Pause Young (Allocation Failure)
[13544.678s][info][gc,heap        ] GC(34166) PSYoungGen: 163120K(163328K)->304K(157696K) Eden: 162816K(162816K)->0K(157184K) From: 304K(512K)->304K(512K)
[13544.678s][info][gc,heap        ] GC(34166) ParOldGen: 370493K(371200K)->370509K(371200K)
[13544.678s][info][gc,metaspace   ] GC(34166) Metaspace: 8795K(9024K)->8795K(9024K) NonClass: 8143K(8320K)->8143K(8320K) Class: 652K(704K)->652K(704K)
[13544.678s][info][gc             ] GC(34166) Pause Young (Allocation Failure) 521M->362M(516M) 1.278ms
[13544.678s][info][gc,cpu         ] GC(34166) User=0.00s Sys=0.00s Real=0.00s
[13545.201s][info][gc,start       ] GC(34167) Pause Young (Allocation Failure)
[13545.202s][info][gc,heap        ] GC(34167) PSYoungGen: 157488K(157696K)->224K(152576K) Eden: 157184K(157184K)->0K(152064K) From: 304K(512K)->224K(512K)
[13545.202s][info][gc,heap        ] GC(34167) ParOldGen: 370509K(371200K)->370525K(371200K)
[13545.202s][info][gc,metaspace   ] GC(34167) Metaspace: 8795K(9024K)->8795K(9024K) NonClass: 8143K(8320K)->8143K(8320K) Class: 652K(704K)->652K(704K)
[13545.202s][info][gc             ] GC(34167) Pause Young (Allocation Failure) 515M->362M(511M) 1.277ms
[13545.202s][info][gc,cpu         ] GC(34167) User=0.00s Sys=0.00s Real=0.00s
[13545.730s][info][gc,start       ] GC(34168) Pause Young (Allocation Failure)
[13545.732s][info][gc,heap        ] GC(34168) PSYoungGen: 152288K(152576K)->240K(147456K) Eden: 152064K(152064K)->0K(146944K) From: 224K(512K)->240K(512K)
[13545.732s][info][gc,heap        ] GC(34168) ParOldGen: 370525K(371200K)->370541K(371200K)
[13545.732s][info][gc,metaspace   ] GC(34168) Metaspace: 8795K(9024K)->8795K(9024K) NonClass: 8143K(8320K)->8143K(8320K) Class: 652K(704K)->652K(704K)
[13545.732s][info][gc             ] GC(34168) Pause Young (Allocation Failure) 510M->362M(506M) 1.293ms
[13545.732s][info][gc,cpu         ] GC(34168) User=0.01s Sys=0.00s Real=0.00s
[13546.195s][info][gc,start       ] GC(34169) Pause Young (Allocation Failure)
[13546.196s][info][gc,heap        ] GC(34169) PSYoungGen: 147184K(147456K)->208K(142848K) Eden: 146944K(146944K)->0K(142336K) From: 240K(512K)->208K(512K)
[13546.196s][info][gc,heap        ] GC(34169) ParOldGen: 370541K(371200K)->370557K(371200K)
[13546.196s][info][gc,metaspace   ] GC(34169) Metaspace: 8795K(9024K)->8795K(9024K) NonClass: 8143K(8320K)->8143K(8320K) Class: 652K(704K)->652K(704K)
[13546.196s][info][gc             ] GC(34169) Pause Young (Allocation Failure) 505M->362M(502M) 1.276ms
[13546.196s][info][gc,cpu         ] GC(34169) User=0.01s Sys=0.00s Real=0.00s
[13546.699s][info][gc,start       ] GC(34170) Pause Young (Allocation Failure)
[13546.702s][info][gc,heap        ] GC(34170) PSYoungGen: 142544K(142848K)->256K(138240K) Eden: 142336K(142336K)->0K(137728K) From: 208K(512K)->256K(512K)
[13546.702s][info][gc,heap        ] GC(34170) ParOldGen: 370557K(371200K)->370573K(371200K)
[13546.702s][info][gc,metaspace   ] GC(34170) Metaspace: 8795K(9024K)->8795K(9024K) NonClass: 8143K(8320K)->8143K(8320K) Class: 652K(704K)->652K(704K)
[13546.702s][info][gc             ] GC(34170) Pause Young (Allocation Failure) 501M->362M(497M) 2.551ms
[13546.702s][info][gc,cpu         ] GC(34170) User=0.01s Sys=0.00s Real=0.01s
[13547.135s][info][gc,start       ] GC(34171) Pause Young (Allocation Failure)
[13547.136s][info][gc,heap        ] GC(34171) PSYoungGen: 137984K(138240K)->144K(133632K) Eden: 137728K(137728K)->0K(133120K) From: 256K(512K)->144K(512K)
[13547.136s][info][gc,heap        ] GC(34171) ParOldGen: 370573K(371200K)->370581K(371200K)
[13547.136s][info][gc,metaspace   ] GC(34171) Metaspace: 8795K(9024K)->8795K(9024K) NonClass: 8143K(8320K)->8143K(8320K) Class: 652K(704K)->652K(704K)
[13547.136s][info][gc             ] GC(34171) Pause Young (Allocation Failure) 496M->362M(493M) 1.189ms
[13547.136s][info][gc,cpu         ] GC(34171) User=0.00s Sys=0.00s Real=0.00s
[13547.592s][info][gc,start       ] GC(34172) Pause Young (Allocation Failure)
[13547.593s][info][gc,heap        ] GC(34172) PSYoungGen: 133264K(133632K)->240K(129536K) Eden: 133120K(133120K)->0K(129024K) From: 144K(512K)->240K(512K)
[13547.593s][info][gc,heap        ] GC(34172) ParOldGen: 370581K(371200K)->370597K(371200K)
[13547.593s][info][gc,metaspace   ] GC(34172) Metaspace: 8795K(9024K)->8795K(9024K) NonClass: 8143K(8320K)->8143K(8320K) Class: 652K(704K)->652K(704K)
[13547.593s][info][gc             ] GC(34172) Pause Young (Allocation Failure) 492M->362M(489M) 1.231ms
[13547.593s][info][gc,cpu         ] GC(34172) User=0.00s Sys=0.00s Real=0.00s
[13548.039s][info][gc,start       ] GC(34173) Pause Young (Allocation Failure)
[13548.041s][info][gc,heap        ] GC(34173) PSYoungGen: 129264K(129536K)->288K(125440K) Eden: 129024K(129024K)->0K(124928K) From: 240K(512K)->288K(512K)
[13548.041s][info][gc,heap        ] GC(34173) ParOldGen: 370597K(371200K)->370613K(371200K)
[13548.041s][info][gc,metaspace   ] GC(34173) Metaspace: 8795K(9024K)->8795K(9024K) NonClass: 8143K(8320K)->8143K(8320K) Class: 652K(704K)->652K(704K)
[13548.041s][info][gc             ] GC(34173) Pause Young (Allocation Failure) 488M->362M(485M) 1.586ms
[13548.041s][info][gc,cpu         ] GC(34173) User=0.00s Sys=0.01s Real=0.01s
[13548.436s][info][gc,start       ] GC(34174) Pause Young (Allocation Failure)
[13548.437s][info][gc,heap        ] GC(34174) PSYoungGen: 125216K(125440K)->256K(121344K) Eden: 124928K(124928K)->0K(120832K) From: 288K(512K)->256K(512K)
[13548.437s][info][gc,heap        ] GC(34174) ParOldGen: 370613K(371200K)->370629K(371200K)
[13548.437s][info][gc,metaspace   ] GC(34174) Metaspace: 8795K(9024K)->8795K(9024K) NonClass: 8143K(8320K)->8143K(8320K) Class: 652K(704K)->652K(704K)
[13548.437s][info][gc             ] GC(34174) Pause Young (Allocation Failure) 484M->362M(481M) 1.272ms
[13548.437s][info][gc,cpu         ] GC(34174) User=0.00s Sys=0.00s Real=0.00s
[13548.829s][info][gc,start       ] GC(34175) Pause Young (Allocation Failure)
[13548.830s][info][gc,heap        ] GC(34175) PSYoungGen: 121088K(121344K)->240K(117760K) Eden: 120832K(120832K)->0K(117248K) From: 256K(512K)->240K(512K)
[13548.830s][info][gc,heap        ] GC(34175) ParOldGen: 370629K(371200K)->370645K(371200K)
[13548.830s][info][gc,metaspace   ] GC(34175) Metaspace: 8795K(9024K)->8795K(9024K) NonClass: 8143K(8320K)->8143K(8320K) Class: 652K(704K)->652K(704K)
[13548.830s][info][gc             ] GC(34175) Pause Young (Allocation Failure) 480M->362M(477M) 1.244ms
[13548.830s][info][gc,cpu         ] GC(34175) User=0.00s Sys=0.00s Real=0.00s
[13549.265s][info][gc,start       ] GC(34176) Pause Young (Allocation Failure)
[13549.266s][info][gc,heap        ] GC(34176) PSYoungGen: 117488K(117760K)->256K(114176K) Eden: 117248K(117248K)->0K(113664K) From: 240K(512K)->256K(512K)
[13549.266s][info][gc,heap        ] GC(34176) ParOldGen: 370645K(371200K)->370661K(371200K)
[13549.266s][info][gc,metaspace   ] GC(34176) Metaspace: 8795K(9024K)->8795K(9024K) NonClass: 8143K(8320K)->8143K(8320K) Class: 652K(704K)->652K(704K)
[13549.266s][info][gc             ] GC(34176) Pause Young (Allocation Failure) 476M->362M(474M) 1.293ms
[13549.266s][info][gc,cpu         ] GC(34176) User=0.00s Sys=0.00s Real=0.00s
[13549.654s][info][gc,start       ] GC(34177) Pause Young (Allocation Failure)
[13549.655s][info][gc,heap        ] GC(34177) PSYoungGen: 113920K(114176K)->256K(110592K) Eden: 113664K(113664K)->0K(110080K) From: 256K(512K)->256K(512K)
[13549.655s][info][gc,heap        ] GC(34177) ParOldGen: 370661K(371200K)->370677K(371200K)
[13549.655s][info][gc,metaspace   ] GC(34177) Metaspace: 8795K(9024K)->8795K(9024K) NonClass: 8143K(8320K)->8143K(8320K) Class: 652K(704K)->652K(704K)
[13549.655s][info][gc             ] GC(34177) Pause Young (Allocation Failure) 473M->362M(470M) 1.302ms
[13549.655s][info][gc,cpu         ] GC(34177) User=0.00s Sys=0.00s Real=0.00s
[13550.006s][info][gc,start       ] GC(34178) Pause Young (Allocation Failure)
[13550.007s][info][gc,heap        ] GC(34178) PSYoungGen: 110336K(110592K)->272K(107520K) Eden: 110080K(110080K)->0K(107008K) From: 256K(512K)->272K(512K)
[13550.007s][info][gc,heap        ] GC(34178) ParOldGen: 370677K(371200K)->370693K(371200K)
[13550.007s][info][gc,metaspace   ] GC(34178) Metaspace: 8795K(9024K)->8795K(9024K) NonClass: 8143K(8320K)->8143K(8320K) Class: 652K(704K)->652K(704K)
[13550.007s][info][gc             ] GC(34178) Pause Young (Allocation Failure) 469M->362M(467M) 1.254ms
[13550.007s][info][gc,cpu         ] GC(34178) User=0.00s Sys=0.00s Real=0.00s
[13550.382s][info][gc,start       ] GC(34179) Pause Young (Allocation Failure)
[13550.384s][info][gc,heap        ] GC(34179) PSYoungGen: 107280K(107520K)->240K(104448K) Eden: 107008K(107008K)->0K(103936K) From: 272K(512K)->240K(512K)
[13550.384s][info][gc,heap        ] GC(34179) ParOldGen: 370693K(371200K)->370709K(371200K)
[13550.384s][info][gc,metaspace   ] GC(34179) Metaspace: 8795K(9024K)->8795K(9024K) NonClass: 8143K(8320K)->8143K(8320K) Class: 652K(704K)->652K(704K)
[13550.384s][info][gc             ] GC(34179) Pause Young (Allocation Failure) 466M->362M(464M) 2.325ms
[13550.384s][info][gc,cpu         ] GC(34179) User=0.00s Sys=0.00s Real=0.00s
[13550.726s][info][gc,start       ] GC(34180) Pause Young (Allocation Failure)
[13550.727s][info][gc,heap        ] GC(34180) PSYoungGen: 104176K(104448K)->256K(101376K) Eden: 103936K(103936K)->0K(100864K) From: 240K(512K)->256K(512K)
[13550.727s][info][gc,heap        ] GC(34180) ParOldGen: 370709K(371200K)->370725K(371200K)
[13550.728s][info][gc,metaspace   ] GC(34180) Metaspace: 8795K(9024K)->8795K(9024K) NonClass: 8143K(8320K)->8143K(8320K) Class: 652K(704K)->652K(704K)
[13550.728s][info][gc             ] GC(34180) Pause Young (Allocation Failure) 463M->362M(461M) 1.574ms
[13550.728s][info][gc,cpu         ] GC(34180) User=0.00s Sys=0.00s Real=0.00s
[13551.071s][info][gc,start       ] GC(34181) Pause Young (Allocation Failure)
[13551.072s][info][gc,heap        ] GC(34181) PSYoungGen: 101120K(101376K)->240K(98304K) Eden: 100864K(100864K)->0K(97792K) From: 256K(512K)->240K(512K)
[13551.072s][info][gc,heap        ] GC(34181) ParOldGen: 370725K(371200K)->370741K(371200K)
[13551.073s][info][gc,metaspace   ] GC(34181) Metaspace: 8795K(9024K)->8795K(9024K) NonClass: 8143K(8320K)->8143K(8320K) Class: 652K(704K)->652K(704K)
[13551.073s][info][gc             ] GC(34181) Pause Young (Allocation Failure) 460M->362M(458M) 1.247ms
[13551.073s][info][gc,cpu         ] GC(34181) User=0.00s Sys=0.00s Real=0.00s
[13551.396s][info][gc,start       ] GC(34182) Pause Young (Allocation Failure)
[13551.398s][info][gc,heap        ] GC(34182) PSYoungGen: 98032K(98304K)->256K(95744K) Eden: 97792K(97792K)->0K(95232K) From: 240K(512K)->256K(512K)
[13551.398s][info][gc,heap        ] GC(34182) ParOldGen: 370741K(371200K)->370757K(371200K)
[13551.398s][info][gc,metaspace   ] GC(34182) Metaspace: 8795K(9024K)->8795K(9024K) NonClass: 8143K(8320K)->8143K(8320K) Class: 652K(704K)->652K(704K)
[13551.398s][info][gc             ] GC(34182) Pause Young (Allocation Failure) 457M->362M(456M) 1.303ms
[13551.398s][info][gc,cpu         ] GC(34182) User=0.01s Sys=0.00s Real=0.00s
[13551.732s][info][gc,start       ] GC(34183) Pause Young (Allocation Failure)
[13551.734s][info][gc,heap        ] GC(34183) PSYoungGen: 95488K(95744K)->240K(93184K) Eden: 95232K(95232K)->0K(92672K) From: 256K(512K)->240K(512K)
[13551.734s][info][gc,heap        ] GC(34183) ParOldGen: 370757K(371200K)->370773K(371200K)
[13551.734s][info][gc,metaspace   ] GC(34183) Metaspace: 8795K(9024K)->8795K(9024K) NonClass: 8143K(8320K)->8143K(8320K) Class: 652K(704K)->652K(704K)
[13551.734s][info][gc             ] GC(34183) Pause Young (Allocation Failure) 455M->362M(453M) 1.346ms
[13551.734s][info][gc,cpu         ] GC(34183) User=0.00s Sys=0.00s Real=0.00s
[13552.072s][info][gc,start       ] GC(34184) Pause Young (Allocation Failure)
[13552.073s][info][gc,heap        ] GC(34184) PSYoungGen: 92912K(93184K)->240K(90624K) Eden: 92672K(92672K)->0K(90112K) From: 240K(512K)->240K(512K)
[13552.073s][info][gc,heap        ] GC(34184) ParOldGen: 370773K(371200K)->370789K(371200K)
[13552.073s][info][gc,metaspace   ] GC(34184) Metaspace: 8795K(9024K)->8795K(9024K) NonClass: 8143K(8320K)->8143K(8320K) Class: 652K(704K)->652K(704K)
[13552.073s][info][gc             ] GC(34184) Pause Young (Allocation Failure) 452M->362M(451M) 1.758ms
[13552.073s][info][gc,cpu         ] GC(34184) User=0.00s Sys=0.00s Real=0.00s
[13552.401s][info][gc,start       ] GC(34185) Pause Young (Allocation Failure)
[13552.403s][info][gc,heap        ] GC(34185) PSYoungGen: 90352K(90624K)->304K(88064K) Eden: 90112K(90112K)->0K(87552K) From: 240K(512K)->304K(512K)
[13552.403s][info][gc,heap        ] GC(34185) ParOldGen: 370789K(371200K)->370805K(371200K)
[13552.403s][info][gc,metaspace   ] GC(34185) Metaspace: 8795K(9024K)->8795K(9024K) NonClass: 8143K(8320K)->8143K(8320K) Class: 652K(704K)->652K(704K)
[13552.403s][info][gc             ] GC(34185) Pause Young (Allocation Failure) 450M->362M(448M) 1.642ms
[13552.403s][info][gc,cpu         ] GC(34185) User=0.00s Sys=0.00s Real=0.00s
[13552.695s][info][gc,start       ] GC(34186) Pause Young (Allocation Failure)
[13552.697s][info][gc,heap        ] GC(34186) PSYoungGen: 87856K(88064K)->256K(202752K) Eden: 87552K(87552K)->0K(202240K) From: 304K(512K)->256K(512K)
[13552.697s][info][gc,heap        ] GC(34186) ParOldGen: 370805K(371200K)->370813K(371200K)
[13552.697s][info][gc,metaspace   ] GC(34186) Metaspace: 8795K(9024K)->8795K(9024K) NonClass: 8143K(8320K)->8143K(8320K) Class: 652K(704K)->652K(704K)
[13552.697s][info][gc             ] GC(34186) Pause Young (Allocation Failure) 447M->362M(560M) 2.212ms
[13552.697s][info][gc,cpu         ] GC(34186) User=0.00s Sys=0.00s Real=0.00s
[13553.421s][info][gc,start       ] GC(34187) Pause Young (Allocation Failure)
[13553.423s][info][gc,heap        ] GC(34187) PSYoungGen: 202496K(202752K)->224K(195584K) Eden: 202240K(202240K)->0K(195072K) From: 256K(512K)->224K(512K)
[13553.423s][info][gc,heap        ] GC(34187) ParOldGen: 370813K(371200K)->370821K(371200K)
[13553.423s][info][gc,metaspace   ] GC(34187) Metaspace: 8795K(9024K)->8795K(9024K) NonClass: 8143K(8320K)->8143K(8320K) Class: 652K(704K)->652K(704K)
[13553.423s][info][gc             ] GC(34187) Pause Young (Allocation Failure) 559M->362M(553M) 1.935ms
[13553.423s][info][gc,cpu         ] GC(34187) User=0.00s Sys=0.00s Real=0.00s
[13554.103s][info][gc,start       ] GC(34188) Pause Young (Allocation Failure)
[13554.105s][info][gc,heap        ] GC(34188) PSYoungGen: 195296K(195584K)->272K(188416K) Eden: 195072K(195072K)->0K(187904K) From: 224K(512K)->272K(512K)
[13554.105s][info][gc,heap        ] GC(34188) ParOldGen: 370821K(371200K)->370829K(371200K)
[13554.105s][info][gc,metaspace   ] GC(34188) Metaspace: 8795K(9024K)->8795K(9024K) NonClass: 8143K(8320K)->8143K(8320K) Class: 652K(704K)->652K(704K)
[13554.105s][info][gc             ] GC(34188) Pause Young (Allocation Failure) 552M->362M(546M) 2.794ms
[13554.106s][info][gc,cpu         ] GC(34188) User=0.01s Sys=0.00s Real=0.00s
[13554.766s][info][gc,start       ] GC(34189) Pause Young (Allocation Failure)
[13554.769s][info][gc,heap        ] GC(34189) PSYoungGen: 188176K(188416K)->224K(181760K) Eden: 187904K(187904K)->0K(181248K) From: 272K(512K)->224K(512K)
[13554.769s][info][gc,heap        ] GC(34189) ParOldGen: 370829K(371200K)->370837K(371200K)
[13554.769s][info][gc,metaspace   ] GC(34189) Metaspace: 8795K(9024K)->8795K(9024K) NonClass: 8143K(8320K)->8143K(8320K) Class: 652K(704K)->652K(704K)
[13554.769s][info][gc             ] GC(34189) Pause Young (Allocation Failure) 545M->362M(540M) 2.550ms
[13554.769s][info][gc,cpu         ] GC(34189) User=0.00s Sys=0.00s Real=0.00s
[13555.355s][info][gc,start       ] GC(34190) Pause Young (Allocation Failure)
[13555.356s][info][gc,heap        ] GC(34190) PSYoungGen: 181472K(181760K)->272K(175104K) Eden: 181248K(181248K)->0K(174592K) From: 224K(512K)->272K(512K)
[13555.356s][info][gc,heap        ] GC(34190) ParOldGen: 370837K(371200K)->370853K(371200K)
[13555.356s][info][gc,metaspace   ] GC(34190) Metaspace: 8795K(9024K)->8795K(9024K) NonClass: 8143K(8320K)->8143K(8320K) Class: 652K(704K)->652K(704K)
[13555.356s][info][gc             ] GC(34190) Pause Young (Allocation Failure) 539M->362M(533M) 1.244ms
[13555.356s][info][gc,cpu         ] GC(34190) User=0.00s Sys=0.00s Real=0.00s
[13555.933s][info][gc,start       ] GC(34191) Pause Young (Allocation Failure)
[13555.935s][info][gc,heap        ] GC(34191) PSYoungGen: 174864K(175104K)->240K(168960K) Eden: 174592K(174592K)->0K(168448K) From: 272K(512K)->240K(512K)
[13555.935s][info][gc,heap        ] GC(34191) ParOldGen: 370853K(371200K)->370869K(371200K)
[13555.935s][info][gc,metaspace   ] GC(34191) Metaspace: 8795K(9024K)->8795K(9024K) NonClass: 8143K(8320K)->8143K(8320K) Class: 652K(704K)->652K(704K)
[13555.935s][info][gc             ] GC(34191) Pause Young (Allocation Failure) 532M->362M(527M) 1.747ms
[13555.935s][info][gc,cpu         ] GC(34191) User=0.00s Sys=0.00s Real=0.00s
[13556.491s][info][gc,start       ] GC(34192) Pause Young (Allocation Failure)
[13556.492s][info][gc,heap        ] GC(34192) PSYoungGen: 168688K(168960K)->240K(163328K) Eden: 168448K(168448K)->0K(162816K) From: 240K(512K)->240K(512K)
[13556.492s][info][gc,heap        ] GC(34192) ParOldGen: 370869K(371200K)->370885K(371200K)
[13556.492s][info][gc,metaspace   ] GC(34192) Metaspace: 8795K(9024K)->8795K(9024K) NonClass: 8143K(8320K)->8143K(8320K) Class: 652K(704K)->652K(704K)
[13556.493s][info][gc             ] GC(34192) Pause Young (Allocation Failure) 526M->362M(522M) 1.554ms
[13556.493s][info][gc,cpu         ] GC(34192) User=0.00s Sys=0.00s Real=0.00s
[13557.042s][info][gc,start       ] GC(34193) Pause Young (Allocation Failure)
[13557.044s][info][gc,heap        ] GC(34193) PSYoungGen: 163056K(163328K)->240K(157696K) Eden: 162816K(162816K)->0K(157184K) From: 240K(512K)->240K(512K)
[13557.044s][info][gc,heap        ] GC(34193) ParOldGen: 370885K(371200K)->370901K(371200K)
[13557.044s][info][gc,metaspace   ] GC(34193) Metaspace: 8795K(9024K)->8795K(9024K) NonClass: 8143K(8320K)->8143K(8320K) Class: 652K(704K)->652K(704K)
[13557.044s][info][gc             ] GC(34193) Pause Young (Allocation Failure) 521M->362M(516M) 2.339ms
[13557.044s][info][gc,cpu         ] GC(34193) User=0.01s Sys=0.00s Real=0.00s
[13557.566s][info][gc,start       ] GC(34194) Pause Young (Allocation Failure)
[13557.567s][info][gc,heap        ] GC(34194) PSYoungGen: 157424K(157696K)->256K(152576K) Eden: 157184K(157184K)->0K(152064K) From: 240K(512K)->256K(512K)
[13557.567s][info][gc,heap        ] GC(34194) ParOldGen: 370901K(371200K)->370917K(371200K)
[13557.567s][info][gc,metaspace   ] GC(34194) Metaspace: 8795K(9024K)->8795K(9024K) NonClass: 8143K(8320K)->8143K(8320K) Class: 652K(704K)->652K(704K)
[13557.567s][info][gc             ] GC(34194) Pause Young (Allocation Failure) 515M->362M(511M) 1.263ms
[13557.568s][info][gc,cpu         ] GC(34194) User=0.00s Sys=0.00s Real=0.00s
[13558.064s][info][gc,start       ] GC(34195) Pause Young (Allocation Failure)
[13558.065s][info][gc,heap        ] GC(34195) PSYoungGen: 152320K(152576K)->288K(147456K) Eden: 152064K(152064K)->0K(146944K) From: 256K(512K)->288K(512K)
[13558.065s][info][gc,heap        ] GC(34195) ParOldGen: 370917K(371200K)->370933K(371200K)
[13558.065s][info][gc,metaspace   ] GC(34195) Metaspace: 8795K(9024K)->8795K(9024K) NonClass: 8143K(8320K)->8143K(8320K) Class: 652K(704K)->652K(704K)
[13558.066s][info][gc             ] GC(34195) Pause Young (Allocation Failure) 510M->362M(506M) 1.618ms
[13558.066s][info][gc,cpu         ] GC(34195) User=0.00s Sys=0.00s Real=0.00s
[13558.547s][info][gc,start       ] GC(34196) Pause Young (Allocation Failure)
[13558.549s][info][gc,heap        ] GC(34196) PSYoungGen: 147232K(147456K)->256K(142848K) Eden: 146944K(146944K)->0K(142336K) From: 288K(512K)->256K(512K)
[13558.549s][info][gc,heap        ] GC(34196) ParOldGen: 370933K(371200K)->370941K(371200K)
[13558.549s][info][gc,metaspace   ] GC(34196) Metaspace: 8795K(9024K)->8795K(9024K) NonClass: 8143K(8320K)->8143K(8320K) Class: 652K(704K)->652K(704K)
[13558.549s][info][gc             ] GC(34196) Pause Young (Allocation Failure) 506M->362M(502M) 2.269ms
[13558.549s][info][gc,cpu         ] GC(34196) User=0.00s Sys=0.00s Real=0.00s
[13559.012s][info][gc,start       ] GC(34197) Pause Young (Allocation Failure)
[13559.015s][info][gc,heap        ] GC(34197) PSYoungGen: 142592K(142848K)->240K(138240K) Eden: 142336K(142336K)->0K(137728K) From: 256K(512K)->240K(512K)
[13559.015s][info][gc,heap        ] GC(34197) ParOldGen: 370941K(371200K)->370949K(371200K)
[13559.015s][info][gc,metaspace   ] GC(34197) Metaspace: 8795K(9024K)->8795K(9024K) NonClass: 8143K(8320K)->8143K(8320K) Class: 652K(704K)->652K(704K)
[13559.015s][info][gc             ] GC(34197) Pause Young (Allocation Failure) 501M->362M(497M) 2.416ms
[13559.015s][info][gc,cpu         ] GC(34197) User=0.00s Sys=0.00s Real=0.00s
[13559.493s][info][gc,start       ] GC(34198) Pause Young (Allocation Failure)
[13559.495s][info][gc,heap        ] GC(34198) PSYoungGen: 137968K(138240K)->256K(133632K) Eden: 137728K(137728K)->0K(133120K) From: 240K(512K)->256K(512K)
[13559.495s][info][gc,heap        ] GC(34198) ParOldGen: 370949K(371200K)->370957K(371200K)
[13559.495s][info][gc,metaspace   ] GC(34198) Metaspace: 8795K(9024K)->8795K(9024K) NonClass: 8143K(8320K)->8143K(8320K) Class: 652K(704K)->652K(704K)
[13559.495s][info][gc             ] GC(34198) Pause Young (Allocation Failure) 496M->362M(493M) 2.389ms
[13559.495s][info][gc,cpu         ] GC(34198) User=0.00s Sys=0.00s Real=0.00s
[13559.927s][info][gc,start       ] GC(34199) Pause Young (Allocation Failure)
[13559.929s][info][gc,heap        ] GC(34199) PSYoungGen: 133376K(133632K)->224K(129536K) Eden: 133120K(133120K)->0K(129024K) From: 256K(512K)->224K(512K)
[13559.929s][info][gc,heap        ] GC(34199) ParOldGen: 370957K(371200K)->370973K(371200K)
[13559.929s][info][gc,metaspace   ] GC(34199) Metaspace: 8795K(9024K)->8795K(9024K) NonClass: 8143K(8320K)->8143K(8320K) Class: 652K(704K)->652K(704K)
[13559.929s][info][gc             ] GC(34199) Pause Young (Allocation Failure) 492M->362M(489M) 2.254ms
[13559.929s][info][gc,cpu         ] GC(34199) User=0.00s Sys=0.00s Real=0.00s
[13560.337s][info][gc,start       ] GC(34200) Pause Young (Allocation Failure)
[13560.340s][info][gc,heap        ] GC(34200) PSYoungGen: 129248K(129536K)->224K(125440K) Eden: 129024K(129024K)->0K(124928K) From: 224K(512K)->224K(512K)
[13560.340s][info][gc,heap        ] GC(34200) ParOldGen: 370973K(371200K)->370989K(371200K)
[13560.340s][info][gc,metaspace   ] GC(34200) Metaspace: 8795K(9024K)->8795K(9024K) NonClass: 8143K(8320K)->8143K(8320K) Class: 652K(704K)->652K(704K)
[13560.340s][info][gc             ] GC(34200) Pause Young (Allocation Failure) 488M->362M(485M) 2.873ms
[13560.340s][info][gc,cpu         ] GC(34200) User=0.01s Sys=0.00s Real=0.01s
[13560.756s][info][gc,start       ] GC(34201) Pause Young (Allocation Failure)
[13560.758s][info][gc,heap        ] GC(34201) PSYoungGen: 125152K(125440K)->208K(121344K) Eden: 124928K(124928K)->0K(120832K) From: 224K(512K)->208K(512K)
[13560.758s][info][gc,heap        ] GC(34201) ParOldGen: 370989K(371200K)->371005K(371200K)
[13560.758s][info][gc,metaspace   ] GC(34201) Metaspace: 8795K(9024K)->8795K(9024K) NonClass: 8143K(8320K)->8143K(8320K) Class: 652K(704K)->652K(704K)
[13560.758s][info][gc             ] GC(34201) Pause Young (Allocation Failure) 484M->362M(481M) 2.685ms
[13560.758s][info][gc,cpu         ] GC(34201) User=0.00s Sys=0.00s Real=0.00s
[13561.177s][info][gc,start       ] GC(34202) Pause Young (Allocation Failure)
[13561.180s][info][gc,heap        ] GC(34202) PSYoungGen: 121040K(121344K)->256K(117760K) Eden: 120832K(120832K)->0K(117248K) From: 208K(512K)->256K(512K)
[13561.180s][info][gc,heap        ] GC(34202) ParOldGen: 371005K(371200K)->371013K(371200K)
[13561.180s][info][gc,metaspace   ] GC(34202) Metaspace: 8795K(9024K)->8795K(9024K) NonClass: 8143K(8320K)->8143K(8320K) Class: 652K(704K)->652K(704K)
[13561.180s][info][gc             ] GC(34202) Pause Young (Allocation Failure) 480M->362M(477M) 2.426ms
[13561.180s][info][gc,cpu         ] GC(34202) User=0.00s Sys=0.00s Real=0.00s
[13561.602s][info][gc,start       ] GC(34203) Pause Young (Allocation Failure)
[13561.603s][info][gc,heap        ] GC(34203) PSYoungGen: 117504K(117760K)->288K(114176K) Eden: 117248K(117248K)->0K(113664K) From: 256K(512K)->288K(512K)
[13561.604s][info][gc,heap        ] GC(34203) ParOldGen: 371013K(371200K)->371029K(371200K)
[13561.604s][info][gc,metaspace   ] GC(34203) Metaspace: 8795K(9024K)->8795K(9024K) NonClass: 8143K(8320K)->8143K(8320K) Class: 652K(704K)->652K(704K)
[13561.604s][info][gc             ] GC(34203) Pause Young (Allocation Failure) 477M->362M(474M) 1.690ms
[13561.604s][info][gc,cpu         ] GC(34203) User=0.01s Sys=0.00s Real=0.00s
[13561.971s][info][gc,start       ] GC(34204) Pause Young (Allocation Failure)
[13561.972s][info][gc,heap        ] GC(34204) PSYoungGen: 113952K(114176K)->240K(110592K) Eden: 113664K(113664K)->0K(110080K) From: 288K(512K)->240K(512K)
[13561.972s][info][gc,heap        ] GC(34204) ParOldGen: 371029K(371200K)->371045K(371200K)
[13561.972s][info][gc,metaspace   ] GC(34204) Metaspace: 8795K(9024K)->8795K(9024K) NonClass: 8143K(8320K)->8143K(8320K) Class: 652K(704K)->652K(704K)
[13561.972s][info][gc             ] GC(34204) Pause Young (Allocation Failure) 473M->362M(470M) 1.273ms
[13561.972s][info][gc,cpu         ] GC(34204) User=0.01s Sys=0.00s Real=0.00s
[13562.351s][info][gc,start       ] GC(34205) Pause Young (Allocation Failure)
[13562.352s][info][gc,heap        ] GC(34205) PSYoungGen: 110320K(110592K)->288K(107520K) Eden: 110080K(110080K)->0K(107008K) From: 240K(512K)->288K(512K)
[13562.352s][info][gc,heap        ] GC(34205) ParOldGen: 371045K(371200K)->371061K(371200K)
[13562.352s][info][gc,metaspace   ] GC(34205) Metaspace: 8795K(9024K)->8795K(9024K) NonClass: 8143K(8320K)->8143K(8320K) Class: 652K(704K)->652K(704K)
[13562.352s][info][gc             ] GC(34205) Pause Young (Allocation Failure) 470M->362M(467M) 1.318ms
[13562.352s][info][gc,cpu         ] GC(34205) User=0.00s Sys=0.00s Real=0.00s
[13562.694s][info][gc,start       ] GC(34206) Pause Young (Allocation Failure)
[13562.696s][info][gc,heap        ] GC(34206) PSYoungGen: 107296K(107520K)->256K(104448K) Eden: 107008K(107008K)->0K(103936K) From: 288K(512K)->256K(512K)
[13562.696s][info][gc,heap        ] GC(34206) ParOldGen: 371061K(371200K)->371077K(371200K)
[13562.696s][info][gc,metaspace   ] GC(34206) Metaspace: 8795K(9024K)->8795K(9024K) NonClass: 8143K(8320K)->8143K(8320K) Class: 652K(704K)->652K(704K)
[13562.696s][info][gc             ] GC(34206) Pause Young (Allocation Failure) 467M->362M(464M) 1.277ms
[13562.696s][info][gc,cpu         ] GC(34206) User=0.00s Sys=0.00s Real=0.00s
[13563.035s][info][gc,start       ] GC(34207) Pause Young (Allocation Failure)
[13563.037s][info][gc,heap        ] GC(34207) PSYoungGen: 104192K(104448K)->224K(101376K) Eden: 103936K(103936K)->0K(100864K) From: 256K(512K)->224K(512K)
[13563.037s][info][gc,heap        ] GC(34207) ParOldGen: 371077K(371200K)->371093K(371200K)
[13563.037s][info][gc,metaspace   ] GC(34207) Metaspace: 8795K(9024K)->8795K(9024K) NonClass: 8143K(8320K)->8143K(8320K) Class: 652K(704K)->652K(704K)
[13563.037s][info][gc             ] GC(34207) Pause Young (Allocation Failure) 464M->362M(461M) 2.189ms
[13563.037s][info][gc,cpu         ] GC(34207) User=0.00s Sys=0.00s Real=0.00s
[13563.356s][info][gc,start       ] GC(34208) Pause Young (Allocation Failure)
[13563.357s][info][gc,heap        ] GC(34208) PSYoungGen: 101088K(101376K)->256K(98304K) Eden: 100864K(100864K)->0K(97792K) From: 224K(512K)->256K(512K)
[13563.357s][info][gc,heap        ] GC(34208) ParOldGen: 371093K(371200K)->371109K(371200K)
[13563.357s][info][gc,metaspace   ] GC(34208) Metaspace: 8795K(9024K)->8795K(9024K) NonClass: 8143K(8320K)->8143K(8320K) Class: 652K(704K)->652K(704K)
[13563.357s][info][gc             ] GC(34208) Pause Young (Allocation Failure) 461M->362M(458M) 1.195ms
[13563.358s][info][gc,cpu         ] GC(34208) User=0.00s Sys=0.00s Real=0.00s
[13563.668s][info][gc,start       ] GC(34209) Pause Young (Allocation Failure)
[13563.669s][info][gc,heap        ] GC(34209) PSYoungGen: 98048K(98304K)->240K(95744K) Eden: 97792K(97792K)->0K(95232K) From: 256K(512K)->240K(512K)
[13563.669s][info][gc,heap        ] GC(34209) ParOldGen: 371109K(371200K)->371125K(371200K)
[13563.669s][info][gc,metaspace   ] GC(34209) Metaspace: 8795K(9024K)->8795K(9024K) NonClass: 8143K(8320K)->8143K(8320K) Class: 652K(704K)->652K(704K)
[13563.669s][info][gc             ] GC(34209) Pause Young (Allocation Failure) 458M->362M(456M) 1.303ms
[13563.669s][info][gc,cpu         ] GC(34209) User=0.00s Sys=0.00s Real=0.00s
[13563.991s][info][gc,start       ] GC(34210) Pause Young (Allocation Failure)
[13563.994s][info][gc,heap        ] GC(34210) PSYoungGen: 95472K(95744K)->272K(93184K) Eden: 95232K(95232K)->0K(92672K) From: 240K(512K)->272K(512K)
[13563.994s][info][gc,heap        ] GC(34210) ParOldGen: 371125K(371200K)->371141K(371200K)
[13563.994s][info][gc,metaspace   ] GC(34210) Metaspace: 8795K(9024K)->8795K(9024K) NonClass: 8143K(8320K)->8143K(8320K) Class: 652K(704K)->652K(704K)
[13563.994s][info][gc             ] GC(34210) Pause Young (Allocation Failure) 455M->362M(453M) 2.267ms
[13563.994s][info][gc,cpu         ] GC(34210) User=0.00s Sys=0.00s Real=0.00s
[13564.308s][info][gc,start       ] GC(34211) Pause Young (Allocation Failure)
[13564.310s][info][gc,heap        ] GC(34211) PSYoungGen: 92944K(93184K)->272K(90624K) Eden: 92672K(92672K)->0K(90112K) From: 272K(512K)->272K(512K)
[13564.310s][info][gc,heap        ] GC(34211) ParOldGen: 371141K(371200K)->371157K(371200K)
[13564.310s][info][gc,metaspace   ] GC(34211) Metaspace: 8795K(9024K)->8795K(9024K) NonClass: 8143K(8320K)->8143K(8320K) Class: 652K(704K)->652K(704K)
[13564.311s][info][gc             ] GC(34211) Pause Young (Allocation Failure) 453M->362M(451M) 2.328ms
[13564.311s][info][gc,cpu         ] GC(34211) User=0.00s Sys=0.00s Real=0.01s
[13564.612s][info][gc,start       ] GC(34212) Pause Young (Allocation Failure)
[13564.614s][info][gc,heap        ] GC(34212) PSYoungGen: 90384K(90624K)->256K(88064K) Eden: 90112K(90112K)->0K(87552K) From: 272K(512K)->256K(512K)
[13564.614s][info][gc,heap        ] GC(34212) ParOldGen: 371157K(371200K)->371173K(371200K)
[13564.614s][info][gc,metaspace   ] GC(34212) Metaspace: 8795K(9024K)->8795K(9024K) NonClass: 8143K(8320K)->8143K(8320K) Class: 652K(704K)->652K(704K)
[13564.614s][info][gc             ] GC(34212) Pause Young (Allocation Failure) 450M->362M(448M) 2.263ms
[13564.614s][info][gc,cpu         ] GC(34212) User=0.00s Sys=0.00s Real=0.00s
[13564.918s][info][gc,start       ] GC(34213) Pause Young (Allocation Failure)
[13564.921s][info][gc,heap        ] GC(34213) PSYoungGen: 87808K(88064K)->272K(202752K) Eden: 87552K(87552K)->0K(202240K) From: 256K(512K)->272K(512K)
[13564.921s][info][gc,heap        ] GC(34213) ParOldGen: 371173K(371200K)->371181K(371200K)
[13564.921s][info][gc,metaspace   ] GC(34213) Metaspace: 8795K(9024K)->8795K(9024K) NonClass: 8143K(8320K)->8143K(8320K) Class: 652K(704K)->652K(704K)
[13564.921s][info][gc             ] GC(34213) Pause Young (Allocation Failure) 448M->362M(560M) 2.814ms
[13564.921s][info][gc,cpu         ] GC(34213) User=0.00s Sys=0.00s Real=0.01s
[13565.636s][info][gc,start       ] GC(34214) Pause Young (Allocation Failure)
[13565.639s][info][gc,heap        ] GC(34214) PSYoungGen: 202512K(202752K)->256K(195584K) Eden: 202240K(202240K)->0K(195072K) From: 272K(512K)->256K(512K)
[13565.639s][info][gc,heap        ] GC(34214) ParOldGen: 371181K(371200K)->371197K(371200K)
[13565.639s][info][gc,metaspace   ] GC(34214) Metaspace: 8795K(9024K)->8795K(9024K) NonClass: 8143K(8320K)->8143K(8320K) Class: 652K(704K)->652K(704K)
[13565.639s][info][gc             ] GC(34214) Pause Young (Allocation Failure) 560M->362M(553M) 2.893ms
[13565.639s][info][gc,cpu         ] GC(34214) User=0.01s Sys=0.00s Real=0.00s
[13566.280s][info][gc,start       ] GC(34215) Pause Young (Allocation Failure)
[13566.282s][info][gc,heap        ] GC(34215) PSYoungGen: 195328K(195584K)->272K(188416K) Eden: 195072K(195072K)->0K(187904K) From: 256K(512K)->272K(512K)
[13566.282s][info][gc,heap        ] GC(34215) ParOldGen: 371197K(371200K)->371213K(371712K)
[13566.282s][info][gc,metaspace   ] GC(34215) Metaspace: 8795K(9024K)->8795K(9024K) NonClass: 8143K(8320K)->8143K(8320K) Class: 652K(704K)->652K(704K)
[13566.282s][info][gc             ] GC(34215) Pause Young (Allocation Failure) 553M->362M(547M) 2.325ms
[13566.282s][info][gc,cpu         ] GC(34215) User=0.00s Sys=0.00s Real=0.01s
[13566.887s][info][gc,start       ] GC(34216) Pause Young (Allocation Failure)
[13566.889s][info][gc,heap        ] GC(34216) PSYoungGen: 188176K(188416K)->256K(181760K) Eden: 187904K(187904K)->0K(181248K) From: 272K(512K)->256K(512K)
[13566.889s][info][gc,heap        ] GC(34216) ParOldGen: 371213K(371712K)->371229K(371712K)
[13566.889s][info][gc,metaspace   ] GC(34216) Metaspace: 8795K(9024K)->8795K(9024K) NonClass: 8143K(8320K)->8143K(8320K) Class: 652K(704K)->652K(704K)
[13566.889s][info][gc             ] GC(34216) Pause Young (Allocation Failure) 546M->362M(540M) 1.326ms
[13566.889s][info][gc,cpu         ] GC(34216) User=0.01s Sys=0.00s Real=0.00s
[13567.475s][info][gc,start       ] GC(34217) Pause Young (Allocation Failure)
[13567.476s][info][gc,heap        ] GC(34217) PSYoungGen: 181504K(181760K)->224K(175104K) Eden: 181248K(181248K)->0K(174592K) From: 256K(512K)->224K(512K)
[13567.476s][info][gc,heap        ] GC(34217) ParOldGen: 371229K(371712K)->371245K(371712K)
[13567.476s][info][gc,metaspace   ] GC(34217) Metaspace: 8795K(9024K)->8795K(9024K) NonClass: 8143K(8320K)->8143K(8320K) Class: 652K(704K)->652K(704K)
[13567.476s][info][gc             ] GC(34217) Pause Young (Allocation Failure) 539M->362M(534M) 1.499ms
[13567.477s][info][gc,cpu         ] GC(34217) User=0.00s Sys=0.00s Real=0.00s
[13568.063s][info][gc,start       ] GC(34218) Pause Young (Allocation Failure)
[13568.064s][info][gc,heap        ] GC(34218) PSYoungGen: 174816K(175104K)->256K(168960K) Eden: 174592K(174592K)->0K(168448K) From: 224K(512K)->256K(512K)
[13568.064s][info][gc,heap        ] GC(34218) ParOldGen: 371245K(371712K)->371261K(371712K)
[13568.064s][info][gc,metaspace   ] GC(34218) Metaspace: 8795K(9024K)->8795K(9024K) NonClass: 8143K(8320K)->8143K(8320K) Class: 652K(704K)->652K(704K)
[13568.064s][info][gc             ] GC(34218) Pause Young (Allocation Failure) 533M->362M(528M) 1.287ms
[13568.064s][info][gc,cpu         ] GC(34218) User=0.01s Sys=0.00s Real=0.00s
[13568.638s][info][gc,start       ] GC(34219) Pause Young (Allocation Failure)
[13568.639s][info][gc,heap        ] GC(34219) PSYoungGen: 168704K(168960K)->224K(163328K) Eden: 168448K(168448K)->0K(162816K) From: 256K(512K)->224K(512K)
[13568.639s][info][gc,heap        ] GC(34219) ParOldGen: 371261K(371712K)->371277K(371712K)
[13568.639s][info][gc,metaspace   ] GC(34219) Metaspace: 8795K(9024K)->8795K(9024K) NonClass: 8143K(8320K)->8143K(8320K) Class: 652K(704K)->652K(704K)
[13568.639s][info][gc             ] GC(34219) Pause Young (Allocation Failure) 527M->362M(522M) 1.222ms
[13568.639s][info][gc,cpu         ] GC(34219) User=0.00s Sys=0.00s Real=0.00s
[13569.163s][info][gc,start       ] GC(34220) Pause Young (Allocation Failure)
[13569.164s][info][gc,heap        ] GC(34220) PSYoungGen: 163040K(163328K)->256K(157696K) Eden: 162816K(162816K)->0K(157184K) From: 224K(512K)->256K(512K)
[13569.164s][info][gc,heap        ] GC(34220) ParOldGen: 371277K(371712K)->371293K(371712K)
[13569.164s][info][gc,metaspace   ] GC(34220) Metaspace: 8795K(9024K)->8795K(9024K) NonClass: 8143K(8320K)->8143K(8320K) Class: 652K(704K)->652K(704K)
[13569.164s][info][gc             ] GC(34220) Pause Young (Allocation Failure) 521M->362M(517M) 1.288ms
[13569.164s][info][gc,cpu         ] GC(34220) User=0.01s Sys=0.00s Real=0.00s
[13569.682s][info][gc,start       ] GC(34221) Pause Young (Allocation Failure)
[13569.683s][info][gc,heap        ] GC(34221) PSYoungGen: 157440K(157696K)->256K(152576K) Eden: 157184K(157184K)->0K(152064K) From: 256K(512K)->256K(512K)
[13569.683s][info][gc,heap        ] GC(34221) ParOldGen: 371293K(371712K)->371309K(371712K)
[13569.683s][info][gc,metaspace   ] GC(34221) Metaspace: 8795K(9024K)->8795K(9024K) NonClass: 8143K(8320K)->8143K(8320K) Class: 652K(704K)->652K(704K)
[13569.683s][info][gc             ] GC(34221) Pause Young (Allocation Failure) 516M->362M(512M) 1.266ms
[13569.683s][info][gc,cpu         ] GC(34221) User=0.00s Sys=0.00s Real=0.00s
[13570.177s][info][gc,start       ] GC(34222) Pause Young (Allocation Failure)
[13570.178s][info][gc,heap        ] GC(34222) PSYoungGen: 152320K(152576K)->256K(147456K) Eden: 152064K(152064K)->0K(146944K) From: 256K(512K)->256K(512K)
[13570.178s][info][gc,heap        ] GC(34222) ParOldGen: 371309K(371712K)->371325K(371712K)
[13570.178s][info][gc,metaspace   ] GC(34222) Metaspace: 8795K(9024K)->8795K(9024K) NonClass: 8143K(8320K)->8143K(8320K) Class: 652K(704K)->652K(704K)
[13570.179s][info][gc             ] GC(34222) Pause Young (Allocation Failure) 511M->362M(507M) 1.502ms
[13570.179s][info][gc,cpu         ] GC(34222) User=0.01s Sys=0.00s Real=0.00s
[13570.674s][info][gc,start       ] GC(34223) Pause Young (Allocation Failure)
[13570.677s][info][gc,heap        ] GC(34223) PSYoungGen: 147200K(147456K)->256K(142848K) Eden: 146944K(146944K)->0K(142336K) From: 256K(512K)->256K(512K)
[13570.677s][info][gc,heap        ] GC(34223) ParOldGen: 371325K(371712K)->371341K(371712K)
[13570.677s][info][gc,metaspace   ] GC(34223) Metaspace: 8795K(9024K)->8795K(9024K) NonClass: 8143K(8320K)->8143K(8320K) Class: 652K(704K)->652K(704K)
[13570.677s][info][gc             ] GC(34223) Pause Young (Allocation Failure) 506M->362M(502M) 2.285ms
[13570.677s][info][gc,cpu         ] GC(34223) User=0.00s Sys=0.00s Real=0.00s
[13571.129s][info][gc,start       ] GC(34224) Pause Young (Allocation Failure)
[13571.131s][info][gc,heap        ] GC(34224) PSYoungGen: 142592K(142848K)->256K(138240K) Eden: 142336K(142336K)->0K(137728K) From: 256K(512K)->256K(512K)
[13571.131s][info][gc,heap        ] GC(34224) ParOldGen: 371341K(371712K)->371357K(371712K)
[13571.131s][info][gc,metaspace   ] GC(34224) Metaspace: 8795K(9024K)->8795K(9024K) NonClass: 8143K(8320K)->8143K(8320K) Class: 652K(704K)->652K(704K)
[13571.131s][info][gc             ] GC(34224) Pause Young (Allocation Failure) 501M->362M(498M) 2.327ms
[13571.131s][info][gc,cpu         ] GC(34224) User=0.00s Sys=0.00s Real=0.01s
[13571.591s][info][gc,start       ] GC(34225) Pause Young (Allocation Failure)
[13571.593s][info][gc,heap        ] GC(34225) PSYoungGen: 137984K(138240K)->256K(133632K) Eden: 137728K(137728K)->0K(133120K) From: 256K(512K)->256K(512K)
[13571.593s][info][gc,heap        ] GC(34225) ParOldGen: 371357K(371712K)->371373K(371712K)
[13571.593s][info][gc,metaspace   ] GC(34225) Metaspace: 8795K(9024K)->8795K(9024K) NonClass: 8143K(8320K)->8143K(8320K) Class: 652K(704K)->652K(704K)
[13571.593s][info][gc             ] GC(34225) Pause Young (Allocation Failure) 497M->362M(493M) 2.385ms
[13571.593s][info][gc,cpu         ] GC(34225) User=0.00s Sys=0.00s Real=0.00s
[13572.053s][info][gc,start       ] GC(34226) Pause Young (Allocation Failure)
[13572.056s][info][gc,heap        ] GC(34226) PSYoungGen: 133376K(133632K)->272K(129536K) Eden: 133120K(133120K)->0K(129024K) From: 256K(512K)->272K(512K)
[13572.056s][info][gc,heap        ] GC(34226) ParOldGen: 371373K(371712K)->371389K(371712K)
[13572.056s][info][gc,metaspace   ] GC(34226) Metaspace: 8795K(9024K)->8795K(9024K) NonClass: 8143K(8320K)->8143K(8320K) Class: 652K(704K)->652K(704K)
[13572.056s][info][gc             ] GC(34226) Pause Young (Allocation Failure) 492M->362M(489M) 2.807ms
[13572.056s][info][gc,cpu         ] GC(34226) User=0.00s Sys=0.00s Real=0.00s
[13572.475s][info][gc,start       ] GC(34227) Pause Young (Allocation Failure)
[13572.477s][info][gc,heap        ] GC(34227) PSYoungGen: 129296K(129536K)->272K(125440K) Eden: 129024K(129024K)->0K(124928K) From: 272K(512K)->272K(512K)
[13572.477s][info][gc,heap        ] GC(34227) ParOldGen: 371389K(371712K)->371405K(371712K)
[13572.477s][info][gc,metaspace   ] GC(34227) Metaspace: 8795K(9024K)->8795K(9024K) NonClass: 8143K(8320K)->8143K(8320K) Class: 652K(704K)->652K(704K)
[13572.477s][info][gc             ] GC(34227) Pause Young (Allocation Failure) 488M->362M(485M) 2.326ms
[13572.477s][info][gc,cpu         ] GC(34227) User=0.00s Sys=0.00s Real=0.00s
[13572.881s][info][gc,start       ] GC(34228) Pause Young (Allocation Failure)
[13572.883s][info][gc,heap        ] GC(34228) PSYoungGen: 125200K(125440K)->272K(121344K) Eden: 124928K(124928K)->0K(120832K) From: 272K(512K)->272K(512K)
[13572.883s][info][gc,heap        ] GC(34228) ParOldGen: 371405K(371712K)->371421K(371712K)
[13572.883s][info][gc,metaspace   ] GC(34228) Metaspace: 8795K(9024K)->8795K(9024K) NonClass: 8143K(8320K)->8143K(8320K) Class: 652K(704K)->652K(704K)
[13572.883s][info][gc             ] GC(34228) Pause Young (Allocation Failure) 484M->362M(481M) 2.429ms
[13572.883s][info][gc,cpu         ] GC(34228) User=0.00s Sys=0.00s Real=0.00s
[13573.282s][info][gc,start       ] GC(34229) Pause Young (Allocation Failure)
[13573.283s][info][gc,heap        ] GC(34229) PSYoungGen: 121104K(121344K)->256K(117760K) Eden: 120832K(120832K)->0K(117248K) From: 272K(512K)->256K(512K)
[13573.284s][info][gc,heap        ] GC(34229) ParOldGen: 371421K(371712K)->371437K(371712K)
[13573.284s][info][gc,metaspace   ] GC(34229) Metaspace: 8795K(9024K)->8795K(9024K) NonClass: 8143K(8320K)->8143K(8320K) Class: 652K(704K)->652K(704K)
[13573.284s][info][gc             ] GC(34229) Pause Young (Allocation Failure) 480M->362M(478M) 1.327ms
[13573.284s][info][gc,cpu         ] GC(34229) User=0.01s Sys=0.00s Real=0.00s
[13573.675s][info][gc,start       ] GC(34230) Pause Young (Allocation Failure)
[13573.676s][info][gc,heap        ] GC(34230) PSYoungGen: 117504K(117760K)->256K(114176K) Eden: 117248K(117248K)->0K(113664K) From: 256K(512K)->256K(512K)
[13573.676s][info][gc,heap        ] GC(34230) ParOldGen: 371437K(371712K)->371453K(371712K)
[13573.676s][info][gc,metaspace   ] GC(34230) Metaspace: 8795K(9024K)->8795K(9024K) NonClass: 8143K(8320K)->8143K(8320K) Class: 652K(704K)->652K(704K)
[13573.676s][info][gc             ] GC(34230) Pause Young (Allocation Failure) 477M->362M(474M) 1.259ms
[13573.676s][info][gc,cpu         ] GC(34230) User=0.00s Sys=0.00s Real=0.00s
[13574.082s][info][gc,start       ] GC(34231) Pause Young (Allocation Failure)
[13574.084s][info][gc,heap        ] GC(34231) PSYoungGen: 113920K(114176K)->160K(110592K) Eden: 113664K(113664K)->0K(110080K) From: 256K(512K)->160K(512K)
[13574.084s][info][gc,heap        ] GC(34231) ParOldGen: 371453K(371712K)->371461K(371712K)
[13574.084s][info][gc,metaspace   ] GC(34231) Metaspace: 8795K(9024K)->8795K(9024K) NonClass: 8143K(8320K)->8143K(8320K) Class: 652K(704K)->652K(704K)
[13574.084s][info][gc             ] GC(34231) Pause Young (Allocation Failure) 473M->362M(471M) 1.233ms
[13574.084s][info][gc,cpu         ] GC(34231) User=0.00s Sys=0.00s Real=0.00s
[13574.427s][info][gc,start       ] GC(34232) Pause Young (Allocation Failure)
[13574.428s][info][gc,heap        ] GC(34232) PSYoungGen: 110240K(110592K)->256K(107520K) Eden: 110080K(110080K)->0K(107008K) From: 160K(512K)->256K(512K)
[13574.428s][info][gc,heap        ] GC(34232) ParOldGen: 371461K(371712K)->371477K(371712K)
[13574.428s][info][gc,metaspace   ] GC(34232) Metaspace: 8795K(9024K)->8795K(9024K) NonClass: 8143K(8320K)->8143K(8320K) Class: 652K(704K)->652K(704K)
[13574.428s][info][gc             ] GC(34232) Pause Young (Allocation Failure) 470M->363M(468M) 1.648ms
[13574.428s][info][gc,cpu         ] GC(34232) User=0.00s Sys=0.00s Real=0.00s
[13574.756s][info][gc,start       ] GC(34233) Pause Young (Allocation Failure)
[13574.758s][info][gc,heap        ] GC(34233) PSYoungGen: 107264K(107520K)->256K(104448K) Eden: 107008K(107008K)->0K(103936K) From: 256K(512K)->256K(512K)
[13574.758s][info][gc,heap        ] GC(34233) ParOldGen: 371477K(371712K)->371493K(371712K)
[13574.758s][info][gc,metaspace   ] GC(34233) Metaspace: 8795K(9024K)->8795K(9024K) NonClass: 8143K(8320K)->8143K(8320K) Class: 652K(704K)->652K(704K)
[13574.758s][info][gc             ] GC(34233) Pause Young (Allocation Failure) 467M->363M(465M) 1.291ms
[13574.758s][info][gc,cpu         ] GC(34233) User=0.01s Sys=0.00s Real=0.00s
[13575.110s][info][gc,start       ] GC(34234) Pause Young (Allocation Failure)
[13575.111s][info][gc,heap        ] GC(34234) PSYoungGen: 104192K(104448K)->240K(101376K) Eden: 103936K(103936K)->0K(100864K) From: 256K(512K)->240K(512K)
[13575.111s][info][gc,heap        ] GC(34234) ParOldGen: 371493K(371712K)->371509K(371712K)
[13575.111s][info][gc,metaspace   ] GC(34234) Metaspace: 8795K(9024K)->8795K(9024K) NonClass: 8143K(8320K)->8143K(8320K) Class: 652K(704K)->652K(704K)
[13575.111s][info][gc             ] GC(34234) Pause Young (Allocation Failure) 464M->363M(462M) 1.281ms
[13575.111s][info][gc,cpu         ] GC(34234) User=0.00s Sys=0.00s Real=0.01s
[13575.451s][info][gc,start       ] GC(34235) Pause Young (Allocation Failure)
[13575.452s][info][gc,heap        ] GC(34235) PSYoungGen: 101104K(101376K)->240K(98304K) Eden: 100864K(100864K)->0K(97792K) From: 240K(512K)->240K(512K)
[13575.452s][info][gc,heap        ] GC(34235) ParOldGen: 371509K(371712K)->371525K(371712K)
[13575.452s][info][gc,metaspace   ] GC(34235) Metaspace: 8795K(9024K)->8795K(9024K) NonClass: 8143K(8320K)->8143K(8320K) Class: 652K(704K)->652K(704K)
[13575.452s][info][gc             ] GC(34235) Pause Young (Allocation Failure) 461M->363M(459M) 1.266ms
[13575.452s][info][gc,cpu         ] GC(34235) User=0.00s Sys=0.00s Real=0.00s
[13575.772s][info][gc,start       ] GC(34236) Pause Young (Allocation Failure)
[13575.774s][info][gc,heap        ] GC(34236) PSYoungGen: 98032K(98304K)->288K(95744K) Eden: 97792K(97792K)->0K(95232K) From: 240K(512K)->288K(512K)
[13575.774s][info][gc,heap        ] GC(34236) ParOldGen: 371525K(371712K)->371541K(371712K)
[13575.774s][info][gc,metaspace   ] GC(34236) Metaspace: 8795K(9024K)->8795K(9024K) NonClass: 8143K(8320K)->8143K(8320K) Class: 652K(704K)->652K(704K)
[13575.774s][info][gc             ] GC(34236) Pause Young (Allocation Failure) 458M->363M(456M) 1.272ms
[13575.774s][info][gc,cpu         ] GC(34236) User=0.01s Sys=0.00s Real=0.00s
[13576.105s][info][gc,start       ] GC(34237) Pause Young (Allocation Failure)
[13576.106s][info][gc,heap        ] GC(34237) PSYoungGen: 95520K(95744K)->240K(93184K) Eden: 95232K(95232K)->0K(92672K) From: 288K(512K)->240K(512K)
[13576.106s][info][gc,heap        ] GC(34237) ParOldGen: 371541K(371712K)->371557K(371712K)
[13576.106s][info][gc,metaspace   ] GC(34237) Metaspace: 8795K(9024K)->8795K(9024K) NonClass: 8143K(8320K)->8143K(8320K) Class: 652K(704K)->652K(704K)
[13576.106s][info][gc             ] GC(34237) Pause Young (Allocation Failure) 456M->363M(454M) 1.288ms
[13576.106s][info][gc,cpu         ] GC(34237) User=0.00s Sys=0.00s Real=0.00s
[13576.408s][info][gc,start       ] GC(34238) Pause Young (Allocation Failure)
[13576.410s][info][gc,heap        ] GC(34238) PSYoungGen: 92912K(93184K)->288K(90624K) Eden: 92672K(92672K)->0K(90112K) From: 240K(512K)->288K(512K)
[13576.410s][info][gc,heap        ] GC(34238) ParOldGen: 371557K(371712K)->371573K(371712K)
[13576.410s][info][gc,metaspace   ] GC(34238) Metaspace: 8795K(9024K)->8795K(9024K) NonClass: 8143K(8320K)->8143K(8320K) Class: 652K(704K)->652K(704K)
[13576.410s][info][gc             ] GC(34238) Pause Young (Allocation Failure) 453M->363M(451M) 1.277ms
[13576.410s][info][gc,cpu         ] GC(34238) User=0.00s Sys=0.00s Real=0.00s
[13576.697s][info][gc,start       ] GC(34239) Pause Young (Allocation Failure)
[13576.698s][info][gc,heap        ] GC(34239) PSYoungGen: 90400K(90624K)->256K(88064K) Eden: 90112K(90112K)->0K(87552K) From: 288K(512K)->256K(512K)
[13576.698s][info][gc,heap        ] GC(34239) ParOldGen: 371573K(371712K)->371589K(371712K)
[13576.698s][info][gc,metaspace   ] GC(34239) Metaspace: 8795K(9024K)->8795K(9024K) NonClass: 8143K(8320K)->8143K(8320K) Class: 652K(704K)->652K(704K)
[13576.698s][info][gc             ] GC(34239) Pause Young (Allocation Failure) 451M->363M(449M) 1.287ms
[13576.698s][info][gc,cpu         ] GC(34239) User=0.00s Sys=0.00s Real=0.00s
[13576.977s][info][gc,start       ] GC(34240) Pause Young (Allocation Failure)
[13576.979s][info][gc,heap        ] GC(34240) PSYoungGen: 87808K(88064K)->272K(202752K) Eden: 87552K(87552K)->0K(202240K) From: 256K(512K)->272K(512K)
[13576.979s][info][gc,heap        ] GC(34240) ParOldGen: 371589K(371712K)->371605K(371712K)
[13576.979s][info][gc,metaspace   ] GC(34240) Metaspace: 8795K(9024K)->8795K(9024K) NonClass: 8143K(8320K)->8143K(8320K) Class: 652K(704K)->652K(704K)
[13576.979s][info][gc             ] GC(34240) Pause Young (Allocation Failure) 448M->363M(561M) 2.324ms
[13576.979s][info][gc,cpu         ] GC(34240) User=0.01s Sys=0.00s Real=0.00s
[13577.624s][info][gc,start       ] GC(34241) Pause Young (Allocation Failure)
[13577.626s][info][gc,heap        ] GC(34241) PSYoungGen: 202512K(202752K)->288K(195584K) Eden: 202240K(202240K)->0K(195072K) From: 272K(512K)->288K(512K)
[13577.626s][info][gc,heap        ] GC(34241) ParOldGen: 371605K(371712K)->371613K(371712K)
[13577.626s][info][gc,metaspace   ] GC(34241) Metaspace: 8795K(9024K)->8795K(9024K) NonClass: 8143K(8320K)->8143K(8320K) Class: 652K(704K)->652K(704K)
[13577.626s][info][gc             ] GC(34241) Pause Young (Allocation Failure) 560M->363M(554M) 2.390ms
[13577.626s][info][gc,cpu         ] GC(34241) User=0.00s Sys=0.00s Real=0.00s
[13578.254s][info][gc,start       ] GC(34242) Pause Young (Allocation Failure)
[13578.256s][info][gc,heap        ] GC(34242) PSYoungGen: 195360K(195584K)->272K(188416K) Eden: 195072K(195072K)->0K(187904K) From: 288K(512K)->272K(512K)
[13578.256s][info][gc,heap        ] GC(34242) ParOldGen: 371613K(371712K)->371629K(371712K)
[13578.256s][info][gc,metaspace   ] GC(34242) Metaspace: 8795K(9024K)->8795K(9024K) NonClass: 8143K(8320K)->8143K(8320K) Class: 652K(704K)->652K(704K)
[13578.256s][info][gc             ] GC(34242) Pause Young (Allocation Failure) 553M->363M(547M) 2.275ms
[13578.256s][info][gc,cpu         ] GC(34242) User=0.00s Sys=0.00s Real=0.00s
[13578.862s][info][gc,start       ] GC(34243) Pause Young (Allocation Failure)
[13578.865s][info][gc,heap        ] GC(34243) PSYoungGen: 188176K(188416K)->256K(181760K) Eden: 187904K(187904K)->0K(181248K) From: 272K(512K)->256K(512K)
[13578.865s][info][gc,heap        ] GC(34243) ParOldGen: 371629K(371712K)->371645K(371712K)
[13578.865s][info][gc,metaspace   ] GC(34243) Metaspace: 8795K(9024K)->8795K(9024K) NonClass: 8143K(8320K)->8143K(8320K) Class: 652K(704K)->652K(704K)
[13578.865s][info][gc             ] GC(34243) Pause Young (Allocation Failure) 546M->363M(540M) 2.932ms
[13578.865s][info][gc,cpu         ] GC(34243) User=0.00s Sys=0.00s Real=0.00s
[13579.454s][info][gc,start       ] GC(34244) Pause Young (Allocation Failure)
[13579.456s][info][gc,heap        ] GC(34244) PSYoungGen: 181504K(181760K)->224K(175104K) Eden: 181248K(181248K)->0K(174592K) From: 256K(512K)->224K(512K)
[13579.456s][info][gc,heap        ] GC(34244) ParOldGen: 371645K(371712K)->371661K(371712K)
[13579.457s][info][gc,metaspace   ] GC(34244) Metaspace: 8795K(9024K)->8795K(9024K) NonClass: 8143K(8320K)->8143K(8320K) Class: 652K(704K)->652K(704K)
[13579.457s][info][gc             ] GC(34244) Pause Young (Allocation Failure) 540M->363M(534M) 2.099ms
[13579.457s][info][gc,cpu         ] GC(34244) User=0.00s Sys=0.00s Real=0.00s
[13580.051s][info][gc,start       ] GC(34245) Pause Young (Allocation Failure)
[13580.053s][info][gc,heap        ] GC(34245) PSYoungGen: 174816K(175104K)->256K(168960K) Eden: 174592K(174592K)->0K(168448K) From: 224K(512K)->256K(512K)
[13580.054s][info][gc,heap        ] GC(34245) ParOldGen: 371661K(371712K)->371677K(371712K)
[13580.054s][info][gc,metaspace   ] GC(34245) Metaspace: 8795K(9024K)->8795K(9024K) NonClass: 8143K(8320K)->8143K(8320K) Class: 652K(704K)->652K(704K)
[13580.054s][info][gc             ] GC(34245) Pause Young (Allocation Failure) 533M->363M(528M) 2.334ms
[13580.054s][info][gc,cpu         ] GC(34245) User=0.01s Sys=0.00s Real=0.00s
[13580.582s][info][gc,start       ] GC(34246) Pause Young (Allocation Failure)
[13580.584s][info][gc,heap        ] GC(34246) PSYoungGen: 168704K(168960K)->304K(163328K) Eden: 168448K(168448K)->0K(162816K) From: 256K(512K)->304K(512K)
[13580.584s][info][gc,heap        ] GC(34246) ParOldGen: 371677K(371712K)->371693K(371712K)
[13580.584s][info][gc,metaspace   ] GC(34246) Metaspace: 8795K(9024K)->8795K(9024K) NonClass: 8143K(8320K)->8143K(8320K) Class: 652K(704K)->652K(704K)
[13580.584s][info][gc             ] GC(34246) Pause Young (Allocation Failure) 527M->363M(522M) 2.375ms
[13580.584s][info][gc,cpu         ] GC(34246) User=0.00s Sys=0.00s Real=0.00s
[13581.042s][info][gc,start       ] GC(34247) Pause Young (Allocation Failure)
[13581.045s][info][gc,heap        ] GC(34247) PSYoungGen: 163120K(163328K)->304K(157696K) Eden: 162816K(162816K)->0K(157184K) From: 304K(512K)->304K(512K)
[13581.045s][info][gc,heap        ] GC(34247) ParOldGen: 371693K(371712K)->371709K(371712K)
[13581.045s][info][gc,metaspace   ] GC(34247) Metaspace: 8795K(9024K)->8795K(9024K) NonClass: 8143K(8320K)->8143K(8320K) Class: 652K(704K)->652K(704K)
[13581.045s][info][gc             ] GC(34247) Pause Young (Allocation Failure) 522M->363M(517M) 2.171ms
[13581.045s][info][gc,cpu         ] GC(34247) User=0.00s Sys=0.00s Real=0.00s
[13581.608s][info][gc,start       ] GC(34248) Pause Young (Allocation Failure)
[13581.610s][info][gc,heap        ] GC(34248) PSYoungGen: 157488K(157696K)->224K(152576K) Eden: 157184K(157184K)->0K(152064K) From: 304K(512K)->224K(512K)
[13581.610s][info][gc,heap        ] GC(34248) ParOldGen: 371709K(371712K)->371725K(372224K)
[13581.610s][info][gc,metaspace   ] GC(34248) Metaspace: 8795K(9024K)->8795K(9024K) NonClass: 8143K(8320K)->8143K(8320K) Class: 652K(704K)->652K(704K)
[13581.610s][info][gc             ] GC(34248) Pause Young (Allocation Failure) 516M->363M(512M) 2.476ms
[13581.610s][info][gc,cpu         ] GC(34248) User=0.01s Sys=0.00s Real=0.00s
[13582.126s][info][gc,start       ] GC(34249) Pause Young (Allocation Failure)
[13582.127s][info][gc,heap        ] GC(34249) PSYoungGen: 152288K(152576K)->240K(147456K) Eden: 152064K(152064K)->0K(146944K) From: 224K(512K)->240K(512K)
[13582.127s][info][gc,heap        ] GC(34249) ParOldGen: 371725K(372224K)->371741K(372224K)
[13582.127s][info][gc,metaspace   ] GC(34249) Metaspace: 8795K(9024K)->8795K(9024K) NonClass: 8143K(8320K)->8143K(8320K) Class: 652K(704K)->652K(704K)
[13582.127s][info][gc             ] GC(34249) Pause Young (Allocation Failure) 511M->363M(507M) 1.347ms
[13582.127s][info][gc,cpu         ] GC(34249) User=0.00s Sys=0.00s Real=0.00s
[13582.612s][info][gc,start       ] GC(34250) Pause Young (Allocation Failure)
[13582.613s][info][gc,heap        ] GC(34250) PSYoungGen: 147184K(147456K)->288K(142848K) Eden: 146944K(146944K)->0K(142336K) From: 240K(512K)->288K(512K)
[13582.613s][info][gc,heap        ] GC(34250) ParOldGen: 371741K(372224K)->371757K(372224K)
[13582.613s][info][gc,metaspace   ] GC(34250) Metaspace: 8795K(9024K)->8795K(9024K) NonClass: 8143K(8320K)->8143K(8320K) Class: 652K(704K)->652K(704K)
[13582.613s][info][gc             ] GC(34250) Pause Young (Allocation Failure) 506M->363M(503M) 1.260ms
[13582.613s][info][gc,cpu         ] GC(34250) User=0.00s Sys=0.00s Real=0.00s
[13583.079s][info][gc,start       ] GC(34251) Pause Young (Allocation Failure)
[13583.080s][info][gc,heap        ] GC(34251) PSYoungGen: 142624K(142848K)->240K(138240K) Eden: 142336K(142336K)->0K(137728K) From: 288K(512K)->240K(512K)
[13583.080s][info][gc,heap        ] GC(34251) ParOldGen: 371757K(372224K)->371773K(372224K)
[13583.080s][info][gc,metaspace   ] GC(34251) Metaspace: 8795K(9024K)->8795K(9024K) NonClass: 8143K(8320K)->8143K(8320K) Class: 652K(704K)->652K(704K)
[13583.080s][info][gc             ] GC(34251) Pause Young (Allocation Failure) 502M->363M(498M) 1.250ms
[13583.080s][info][gc,cpu         ] GC(34251) User=0.00s Sys=0.00s Real=0.00s
[13583.519s][info][gc,start       ] GC(34252) Pause Young (Allocation Failure)
[13583.520s][info][gc,heap        ] GC(34252) PSYoungGen: 137968K(138240K)->240K(133632K) Eden: 137728K(137728K)->0K(133120K) From: 240K(512K)->240K(512K)
[13583.520s][info][gc,heap        ] GC(34252) ParOldGen: 371773K(372224K)->371789K(372224K)
[13583.520s][info][gc,metaspace   ] GC(34252) Metaspace: 8795K(9024K)->8795K(9024K) NonClass: 8143K(8320K)->8143K(8320K) Class: 652K(704K)->652K(704K)
[13583.520s][info][gc             ] GC(34252) Pause Young (Allocation Failure) 497M->363M(494M) 1.737ms
[13583.520s][info][gc,cpu         ] GC(34252) User=0.00s Sys=0.00s Real=0.01s
[13583.919s][info][gc,start       ] GC(34253) Pause Young (Allocation Failure)
[13583.920s][info][gc,heap        ] GC(34253) PSYoungGen: 133360K(133632K)->256K(129536K) Eden: 133120K(133120K)->0K(129024K) From: 240K(512K)->256K(512K)
[13583.920s][info][gc,heap        ] GC(34253) ParOldGen: 371789K(372224K)->371805K(372224K)
[13583.920s][info][gc,metaspace   ] GC(34253) Metaspace: 8795K(9024K)->8795K(9024K) NonClass: 8143K(8320K)->8143K(8320K) Class: 652K(704K)->652K(704K)
[13583.920s][info][gc             ] GC(34253) Pause Young (Allocation Failure) 493M->363M(490M) 1.301ms
[13583.920s][info][gc,cpu         ] GC(34253) User=0.01s Sys=0.00s Real=0.00s
[13584.293s][info][gc,start       ] GC(34254) Pause Young (Allocation Failure)
[13584.294s][info][gc,heap        ] GC(34254) PSYoungGen: 129280K(129536K)->256K(125440K) Eden: 129024K(129024K)->0K(124928K) From: 256K(512K)->256K(512K)
[13584.294s][info][gc,heap        ] GC(34254) ParOldGen: 371805K(372224K)->371821K(372224K)
[13584.294s][info][gc,metaspace   ] GC(34254) Metaspace: 8795K(9024K)->8795K(9024K) NonClass: 8143K(8320K)->8143K(8320K) Class: 652K(704K)->652K(704K)
[13584.294s][info][gc             ] GC(34254) Pause Young (Allocation Failure) 489M->363M(486M) 1.292ms
[13584.294s][info][gc,cpu         ] GC(34254) User=0.00s Sys=0.00s Real=0.00s
[13584.684s][info][gc,start       ] GC(34255) Pause Young (Allocation Failure)
[13584.686s][info][gc,heap        ] GC(34255) PSYoungGen: 125184K(125440K)->272K(121344K) Eden: 124928K(124928K)->0K(120832K) From: 256K(512K)->272K(512K)
[13584.686s][info][gc,heap        ] GC(34255) ParOldGen: 371821K(372224K)->371837K(372224K)
[13584.686s][info][gc,metaspace   ] GC(34255) Metaspace: 8795K(9024K)->8795K(9024K) NonClass: 8143K(8320K)->8143K(8320K) Class: 652K(704K)->652K(704K)
[13584.686s][info][gc             ] GC(34255) Pause Young (Allocation Failure) 485M->363M(482M) 2.322ms
[13584.686s][info][gc,cpu         ] GC(34255) User=0.00s Sys=0.00s Real=0.00s
[13585.116s][info][gc,start       ] GC(34256) Pause Young (Allocation Failure)
[13585.119s][info][gc,heap        ] GC(34256) PSYoungGen: 121104K(121344K)->240K(117760K) Eden: 120832K(120832K)->0K(117248K) From: 272K(512K)->240K(512K)
[13585.119s][info][gc,heap        ] GC(34256) ParOldGen: 371837K(372224K)->371853K(372224K)
[13585.119s][info][gc,metaspace   ] GC(34256) Metaspace: 8795K(9024K)->8795K(9024K) NonClass: 8143K(8320K)->8143K(8320K) Class: 652K(704K)->652K(704K)
[13585.119s][info][gc             ] GC(34256) Pause Young (Allocation Failure) 481M->363M(478M) 2.220ms
[13585.119s][info][gc,cpu         ] GC(34256) User=0.00s Sys=0.00s Real=0.00s
[13585.520s][info][gc,start       ] GC(34257) Pause Young (Allocation Failure)
[13585.522s][info][gc,heap        ] GC(34257) PSYoungGen: 117488K(117760K)->240K(114176K) Eden: 117248K(117248K)->0K(113664K) From: 240K(512K)->240K(512K)
[13585.522s][info][gc,heap        ] GC(34257) ParOldGen: 371853K(372224K)->371861K(372224K)
[13585.522s][info][gc,metaspace   ] GC(34257) Metaspace: 8795K(9024K)->8795K(9024K) NonClass: 8143K(8320K)->8143K(8320K) Class: 652K(704K)->652K(704K)
[13585.522s][info][gc             ] GC(34257) Pause Young (Allocation Failure) 477M->363M(475M) 2.189ms
[13585.522s][info][gc,cpu         ] GC(34257) User=0.00s Sys=0.00s Real=0.01s
[13585.894s][info][gc,start       ] GC(34258) Pause Young (Allocation Failure)
[13585.896s][info][gc,heap        ] GC(34258) PSYoungGen: 113904K(114176K)->256K(110592K) Eden: 113664K(113664K)->0K(110080K) From: 240K(512K)->256K(512K)
[13585.896s][info][gc,heap        ] GC(34258) ParOldGen: 371861K(372224K)->371869K(372224K)
[13585.896s][info][gc,metaspace   ] GC(34258) Metaspace: 8795K(9024K)->8795K(9024K) NonClass: 8143K(8320K)->8143K(8320K) Class: 652K(704K)->652K(704K)
[13585.897s][info][gc             ] GC(34258) Pause Young (Allocation Failure) 474M->363M(471M) 2.698ms
[13585.897s][info][gc,cpu         ] GC(34258) User=0.00s Sys=0.00s Real=0.00s
[13586.238s][info][gc,start       ] GC(34259) Pause Young (Allocation Failure)
[13586.241s][info][gc,heap        ] GC(34259) PSYoungGen: 110336K(110592K)->288K(107520K) Eden: 110080K(110080K)->0K(107008K) From: 256K(512K)->288K(512K)
[13586.241s][info][gc,heap        ] GC(34259) ParOldGen: 371869K(372224K)->371885K(372224K)
[13586.241s][info][gc,metaspace   ] GC(34259) Metaspace: 8795K(9024K)->8795K(9024K) NonClass: 8143K(8320K)->8143K(8320K) Class: 652K(704K)->652K(704K)
[13586.241s][info][gc             ] GC(34259) Pause Young (Allocation Failure) 470M->363M(468M) 2.435ms
[13586.241s][info][gc,cpu         ] GC(34259) User=0.00s Sys=0.00s Real=0.01s
[13586.576s][info][gc,start       ] GC(34260) Pause Young (Allocation Failure)
[13586.578s][info][gc,heap        ] GC(34260) PSYoungGen: 107296K(107520K)->272K(104448K) Eden: 107008K(107008K)->0K(103936K) From: 288K(512K)->272K(512K)
[13586.578s][info][gc,heap        ] GC(34260) ParOldGen: 371885K(372224K)->371901K(372224K)
[13586.578s][info][gc,metaspace   ] GC(34260) Metaspace: 8795K(9024K)->8795K(9024K) NonClass: 8143K(8320K)->8143K(8320K) Class: 652K(704K)->652K(704K)
[13586.578s][info][gc             ] GC(34260) Pause Young (Allocation Failure) 467M->363M(465M) 2.366ms
[13586.578s][info][gc,cpu         ] GC(34260) User=0.01s Sys=0.00s Real=0.00s
[13586.886s][info][gc,start       ] GC(34261) Pause Young (Allocation Failure)
[13586.888s][info][gc,heap        ] GC(34261) PSYoungGen: 104208K(104448K)->256K(101376K) Eden: 103936K(103936K)->0K(100864K) From: 272K(512K)->256K(512K)
[13586.888s][info][gc,heap        ] GC(34261) ParOldGen: 371901K(372224K)->371917K(372224K)
[13586.888s][info][gc,metaspace   ] GC(34261) Metaspace: 8795K(9024K)->8795K(9024K) NonClass: 8143K(8320K)->8143K(8320K) Class: 652K(704K)->652K(704K)
[13586.888s][info][gc             ] GC(34261) Pause Young (Allocation Failure) 464M->363M(462M) 2.206ms
[13586.888s][info][gc,cpu         ] GC(34261) User=0.01s Sys=0.00s Real=0.00s
[13587.184s][info][gc,start       ] GC(34262) Pause Young (Allocation Failure)
[13587.185s][info][gc,heap        ] GC(34262) PSYoungGen: 101120K(101376K)->256K(98304K) Eden: 100864K(100864K)->0K(97792K) From: 256K(512K)->256K(512K)
[13587.185s][info][gc,heap        ] GC(34262) ParOldGen: 371917K(372224K)->371933K(372224K)
[13587.185s][info][gc,metaspace   ] GC(34262) Metaspace: 8795K(9024K)->8795K(9024K) NonClass: 8143K(8320K)->8143K(8320K) Class: 652K(704K)->652K(704K)
[13587.185s][info][gc             ] GC(34262) Pause Young (Allocation Failure) 461M->363M(459M) 1.598ms
[13587.185s][info][gc,cpu         ] GC(34262) User=0.00s Sys=0.00s Real=0.00s
[13587.487s][info][gc,start       ] GC(34263) Pause Young (Allocation Failure)
[13587.489s][info][gc,heap        ] GC(34263) PSYoungGen: 98048K(98304K)->256K(95744K) Eden: 97792K(97792K)->0K(95232K) From: 256K(512K)->256K(512K)
[13587.489s][info][gc,heap        ] GC(34263) ParOldGen: 371933K(372224K)->371949K(372224K)
[13587.489s][info][gc,metaspace   ] GC(34263) Metaspace: 8795K(9024K)->8795K(9024K) NonClass: 8143K(8320K)->8143K(8320K) Class: 652K(704K)->652K(704K)
[13587.489s][info][gc             ] GC(34263) Pause Young (Allocation Failure) 458M->363M(457M) 1.147ms
[13587.489s][info][gc,cpu         ] GC(34263) User=0.00s Sys=0.00s Real=0.00s
[13587.817s][info][gc,start       ] GC(34264) Pause Young (Allocation Failure)
[13587.819s][info][gc,heap        ] GC(34264) PSYoungGen: 95488K(95744K)->256K(93184K) Eden: 95232K(95232K)->0K(92672K) From: 256K(512K)->256K(512K)
[13587.819s][info][gc,heap        ] GC(34264) ParOldGen: 371949K(372224K)->371965K(372224K)
[13587.819s][info][gc,metaspace   ] GC(34264) Metaspace: 8795K(9024K)->8795K(9024K) NonClass: 8143K(8320K)->8143K(8320K) Class: 652K(704K)->652K(704K)
[13587.819s][info][gc             ] GC(34264) Pause Young (Allocation Failure) 456M->363M(454M) 2.109ms
[13587.819s][info][gc,cpu         ] GC(34264) User=0.01s Sys=0.00s Real=0.00s
[13588.116s][info][gc,start       ] GC(34265) Pause Young (Allocation Failure)
[13588.117s][info][gc,heap        ] GC(34265) PSYoungGen: 92928K(93184K)->256K(90624K) Eden: 92672K(92672K)->0K(90112K) From: 256K(512K)->256K(512K)
[13588.117s][info][gc,heap        ] GC(34265) ParOldGen: 371965K(372224K)->371981K(372224K)
[13588.117s][info][gc,metaspace   ] GC(34265) Metaspace: 8795K(9024K)->8795K(9024K) NonClass: 8143K(8320K)->8143K(8320K) Class: 652K(704K)->652K(704K)
[13588.117s][info][gc             ] GC(34265) Pause Young (Allocation Failure) 453M->363M(452M) 1.386ms
[13588.117s][info][gc,cpu         ] GC(34265) User=0.00s Sys=0.00s Real=0.00s
[13588.407s][info][gc,start       ] GC(34266) Pause Young (Allocation Failure)
[13588.408s][info][gc,heap        ] GC(34266) PSYoungGen: 90368K(90624K)->256K(88064K) Eden: 90112K(90112K)->0K(87552K) From: 256K(512K)->256K(512K)
[13588.408s][info][gc,heap        ] GC(34266) ParOldGen: 371981K(372224K)->371997K(372224K)
[13588.408s][info][gc,metaspace   ] GC(34266) Metaspace: 8795K(9024K)->8795K(9024K) NonClass: 8143K(8320K)->8143K(8320K) Class: 652K(704K)->652K(704K)
[13588.408s][info][gc             ] GC(34266) Pause Young (Allocation Failure) 451M->363M(449M) 1.295ms
[13588.408s][info][gc,cpu         ] GC(34266) User=0.01s Sys=0.00s Real=0.00s
[13588.674s][info][gc,start       ] GC(34267) Pause Young (Allocation Failure)
[13588.675s][info][gc,heap        ] GC(34267) PSYoungGen: 87808K(88064K)->240K(202752K) Eden: 87552K(87552K)->0K(202240K) From: 256K(512K)->240K(512K)
[13588.675s][info][gc,heap        ] GC(34267) ParOldGen: 371997K(372224K)->372013K(372224K)
[13588.675s][info][gc,metaspace   ] GC(34267) Metaspace: 8795K(9024K)->8795K(9024K) NonClass: 8143K(8320K)->8143K(8320K) Class: 652K(704K)->652K(704K)
[13588.675s][info][gc             ] GC(34267) Pause Young (Allocation Failure) 449M->363M(561M) 1.199ms
[13588.675s][info][gc,cpu         ] GC(34267) User=0.00s Sys=0.00s Real=0.00s
[13589.291s][info][gc,start       ] GC(34268) Pause Young (Allocation Failure)
[13589.293s][info][gc,heap        ] GC(34268) PSYoungGen: 202480K(202752K)->256K(195584K) Eden: 202240K(202240K)->0K(195072K) From: 240K(512K)->256K(512K)
[13589.293s][info][gc,heap        ] GC(34268) ParOldGen: 372013K(372224K)->372029K(372224K)
[13589.293s][info][gc,metaspace   ] GC(34268) Metaspace: 8795K(9024K)->8795K(9024K) NonClass: 8143K(8320K)->8143K(8320K) Class: 652K(704K)->652K(704K)
[13589.293s][info][gc             ] GC(34268) Pause Young (Allocation Failure) 561M->363M(554M) 1.222ms
[13589.293s][info][gc,cpu         ] GC(34268) User=0.00s Sys=0.00s Real=0.00s
[13589.866s][info][gc,start       ] GC(34269) Pause Young (Allocation Failure)
[13589.867s][info][gc,heap        ] GC(34269) PSYoungGen: 195328K(195584K)->240K(188416K) Eden: 195072K(195072K)->0K(187904K) From: 256K(512K)->240K(512K)
[13589.867s][info][gc,heap        ] GC(34269) ParOldGen: 372029K(372224K)->372045K(372224K)
[13589.867s][info][gc,metaspace   ] GC(34269) Metaspace: 8795K(9024K)->8795K(9024K) NonClass: 8143K(8320K)->8143K(8320K) Class: 652K(704K)->652K(704K)
[13589.867s][info][gc             ] GC(34269) Pause Young (Allocation Failure) 554M->363M(547M) 1.257ms
[13589.867s][info][gc,cpu         ] GC(34269) User=0.00s Sys=0.00s Real=0.00s
[13590.448s][info][gc,start       ] GC(34270) Pause Young (Allocation Failure)
[13590.449s][info][gc,heap        ] GC(34270) PSYoungGen: 188144K(188416K)->256K(181760K) Eden: 187904K(187904K)->0K(181248K) From: 240K(512K)->256K(512K)
[13590.450s][info][gc,heap        ] GC(34270) ParOldGen: 372045K(372224K)->372061K(372224K)
[13590.450s][info][gc,metaspace   ] GC(34270) Metaspace: 8795K(9024K)->8795K(9024K) NonClass: 8143K(8320K)->8143K(8320K) Class: 652K(704K)->652K(704K)
[13590.450s][info][gc             ] GC(34270) Pause Young (Allocation Failure) 547M->363M(541M) 1.247ms
[13590.450s][info][gc,cpu         ] GC(34270) User=0.00s Sys=0.00s Real=0.00s
[13591.001s][info][gc,start       ] GC(34271) Pause Young (Allocation Failure)
[13591.004s][info][gc,heap        ] GC(34271) PSYoungGen: 181504K(181760K)->272K(175104K) Eden: 181248K(181248K)->0K(174592K) From: 256K(512K)->272K(512K)
[13591.004s][info][gc,heap        ] GC(34271) ParOldGen: 372061K(372224K)->372069K(372224K)
[13591.004s][info][gc,metaspace   ] GC(34271) Metaspace: 8795K(9024K)->8795K(9024K) NonClass: 8143K(8320K)->8143K(8320K) Class: 652K(704K)->652K(704K)
[13591.004s][info][gc             ] GC(34271) Pause Young (Allocation Failure) 540M->363M(534M) 2.250ms
[13591.004s][info][gc,cpu         ] GC(34271) User=0.01s Sys=0.00s Real=0.00s
[13591.519s][info][gc,start       ] GC(34272) Pause Young (Allocation Failure)
[13591.522s][info][gc,heap        ] GC(34272) PSYoungGen: 174864K(175104K)->272K(168960K) Eden: 174592K(174592K)->0K(168448K) From: 272K(512K)->272K(512K)
[13591.522s][info][gc,heap        ] GC(34272) ParOldGen: 372069K(372224K)->372085K(372224K)
[13591.522s][info][gc,metaspace   ] GC(34272) Metaspace: 8795K(9024K)->8795K(9024K) NonClass: 8143K(8320K)->8143K(8320K) Class: 652K(704K)->652K(704K)
[13591.522s][info][gc             ] GC(34272) Pause Young (Allocation Failure) 534M->363M(528M) 2.444ms
[13591.522s][info][gc,cpu         ] GC(34272) User=0.00s Sys=0.00s Real=0.01s
[13592.033s][info][gc,start       ] GC(34273) Pause Young (Allocation Failure)
[13592.034s][info][gc,heap        ] GC(34273) PSYoungGen: 168720K(168960K)->240K(163328K) Eden: 168448K(168448K)->0K(162816K) From: 272K(512K)->240K(512K)
[13592.034s][info][gc,heap        ] GC(34273) ParOldGen: 372085K(372224K)->372101K(372224K)
[13592.034s][info][gc,metaspace   ] GC(34273) Metaspace: 8795K(9024K)->8795K(9024K) NonClass: 8143K(8320K)->8143K(8320K) Class: 652K(704K)->652K(704K)
[13592.034s][info][gc             ] GC(34273) Pause Young (Allocation Failure) 528M->363M(523M) 1.177ms
[13592.034s][info][gc,cpu         ] GC(34273) User=0.00s Sys=0.00s Real=0.00s
[13592.526s][info][gc,start       ] GC(34274) Pause Young (Allocation Failure)
[13592.527s][info][gc,heap        ] GC(34274) PSYoungGen: 163056K(163328K)->288K(157696K) Eden: 162816K(162816K)->0K(157184K) From: 240K(512K)->288K(512K)
[13592.527s][info][gc,heap        ] GC(34274) ParOldGen: 372101K(372224K)->372117K(372224K)
[13592.527s][info][gc,metaspace   ] GC(34274) Metaspace: 8795K(9024K)->8795K(9024K) NonClass: 8143K(8320K)->8143K(8320K) Class: 652K(704K)->652K(704K)
[13592.527s][info][gc             ] GC(34274) Pause Young (Allocation Failure) 522M->363M(517M) 1.280ms
[13592.527s][info][gc,cpu         ] GC(34274) User=0.01s Sys=0.00s Real=0.00s
[13593.056s][info][gc,start       ] GC(34275) Pause Young (Allocation Failure)
[13593.057s][info][gc,heap        ] GC(34275) PSYoungGen: 157472K(157696K)->272K(152576K) Eden: 157184K(157184K)->0K(152064K) From: 288K(512K)->272K(512K)
[13593.057s][info][gc,heap        ] GC(34275) ParOldGen: 372117K(372224K)->372133K(372224K)
[13593.057s][info][gc,metaspace   ] GC(34275) Metaspace: 8795K(9024K)->8795K(9024K) NonClass: 8143K(8320K)->8143K(8320K) Class: 652K(704K)->652K(704K)
[13593.057s][info][gc             ] GC(34275) Pause Young (Allocation Failure) 517M->363M(512M) 1.264ms
[13593.057s][info][gc,cpu         ] GC(34275) User=0.01s Sys=0.00s Real=0.00s
[13593.572s][info][gc,start       ] GC(34276) Pause Young (Allocation Failure)
[13593.574s][info][gc,heap        ] GC(34276) PSYoungGen: 152336K(152576K)->256K(147456K) Eden: 152064K(152064K)->0K(146944K) From: 272K(512K)->256K(512K)
[13593.574s][info][gc,heap        ] GC(34276) ParOldGen: 372133K(372224K)->372149K(372224K)
[13593.574s][info][gc,metaspace   ] GC(34276) Metaspace: 8795K(9024K)->8795K(9024K) NonClass: 8143K(8320K)->8143K(8320K) Class: 652K(704K)->652K(704K)
[13593.574s][info][gc             ] GC(34276) Pause Young (Allocation Failure) 512M->363M(507M) 2.164ms
[13593.574s][info][gc,cpu         ] GC(34276) User=0.00s Sys=0.00s Real=0.00s
[13594.063s][info][gc,start       ] GC(34277) Pause Young (Allocation Failure)
[13594.065s][info][gc,heap        ] GC(34277) PSYoungGen: 147200K(147456K)->256K(142848K) Eden: 146944K(146944K)->0K(142336K) From: 256K(512K)->256K(512K)
[13594.065s][info][gc,heap        ] GC(34277) ParOldGen: 372149K(372224K)->372165K(372224K)
[13594.065s][info][gc,metaspace   ] GC(34277) Metaspace: 8795K(9024K)->8795K(9024K) NonClass: 8143K(8320K)->8143K(8320K) Class: 652K(704K)->652K(704K)
[13594.065s][info][gc             ] GC(34277) Pause Young (Allocation Failure) 507M->363M(503M) 2.154ms
[13594.065s][info][gc,cpu         ] GC(34277) User=0.00s Sys=0.00s Real=0.00s
[13594.508s][info][gc,start       ] GC(34278) Pause Young (Allocation Failure)
[13594.510s][info][gc,heap        ] GC(34278) PSYoungGen: 142592K(142848K)->256K(138240K) Eden: 142336K(142336K)->0K(137728K) From: 256K(512K)->256K(512K)
[13594.510s][info][gc,heap        ] GC(34278) ParOldGen: 372165K(372224K)->372181K(372224K)
[13594.510s][info][gc,metaspace   ] GC(34278) Metaspace: 8795K(9024K)->8795K(9024K) NonClass: 8143K(8320K)->8143K(8320K) Class: 652K(704K)->652K(704K)
[13594.510s][info][gc             ] GC(34278) Pause Young (Allocation Failure) 502M->363M(498M) 2.219ms
[13594.510s][info][gc,cpu         ] GC(34278) User=0.01s Sys=0.00s Real=0.00s
[13594.967s][info][gc,start       ] GC(34279) Pause Young (Allocation Failure)
[13594.970s][info][gc,heap        ] GC(34279) PSYoungGen: 137984K(138240K)->288K(133632K) Eden: 137728K(137728K)->0K(133120K) From: 256K(512K)->288K(512K)
[13594.970s][info][gc,heap        ] GC(34279) ParOldGen: 372181K(372224K)->372189K(372224K)
[13594.970s][info][gc,metaspace   ] GC(34279) Metaspace: 8795K(9024K)->8795K(9024K) NonClass: 8143K(8320K)->8143K(8320K) Class: 652K(704K)->652K(704K)
[13594.970s][info][gc             ] GC(34279) Pause Young (Allocation Failure) 498M->363M(494M) 2.526ms
[13594.970s][info][gc,cpu         ] GC(34279) User=0.00s Sys=0.00s Real=0.00s
[13595.392s][info][gc,start       ] GC(34280) Pause Young (Allocation Failure)
[13595.401s][info][gc,heap        ] GC(34280) PSYoungGen: 133408K(133632K)->288K(129536K) Eden: 133120K(133120K)->0K(129024K) From: 288K(512K)->288K(512K)
[13595.401s][info][gc,heap        ] GC(34280) ParOldGen: 372189K(372224K)->372205K(372224K)
[13595.401s][info][gc,metaspace   ] GC(34280) Metaspace: 8795K(9024K)->8795K(9024K) NonClass: 8143K(8320K)->8143K(8320K) Class: 652K(704K)->652K(704K)
[13595.401s][info][gc             ] GC(34280) Pause Young (Allocation Failure) 493M->363M(490M) 9.158ms
[13595.401s][info][gc,cpu         ] GC(34280) User=0.01s Sys=0.00s Real=0.01s
[13595.851s][info][gc,start       ] GC(34281) Pause Young (Allocation Failure)
[13595.852s][info][gc,heap        ] GC(34281) PSYoungGen: 129312K(129536K)->224K(125440K) Eden: 129024K(129024K)->0K(124928K) From: 288K(512K)->224K(512K)
[13595.852s][info][gc,heap        ] GC(34281) ParOldGen: 372205K(372224K)->372221K(372224K)
[13595.852s][info][gc,metaspace   ] GC(34281) Metaspace: 8795K(9024K)->8795K(9024K) NonClass: 8143K(8320K)->8143K(8320K) Class: 652K(704K)->652K(704K)
[13595.852s][info][gc             ] GC(34281) Pause Young (Allocation Failure) 489M->363M(486M) 1.313ms
[13595.852s][info][gc,cpu         ] GC(34281) User=0.00s Sys=0.00s Real=0.00s
[13596.260s][info][gc,start       ] GC(34282) Pause Young (Allocation Failure)
[13596.261s][info][gc,heap        ] GC(34282) PSYoungGen: 125152K(125440K)->256K(121344K) Eden: 124928K(124928K)->0K(120832K) From: 224K(512K)->256K(512K)
[13596.261s][info][gc,heap        ] GC(34282) ParOldGen: 372221K(372224K)->372237K(372736K)
[13596.261s][info][gc,metaspace   ] GC(34282) Metaspace: 8795K(9024K)->8795K(9024K) NonClass: 8143K(8320K)->8143K(8320K) Class: 652K(704K)->652K(704K)
[13596.261s][info][gc             ] GC(34282) Pause Young (Allocation Failure) 485M->363M(482M) 1.308ms
[13596.261s][info][gc,cpu         ] GC(34282) User=0.00s Sys=0.00s Real=0.01s
[13596.651s][info][gc,start       ] GC(34283) Pause Young (Allocation Failure)
[13596.652s][info][gc,heap        ] GC(34283) PSYoungGen: 121088K(121344K)->256K(117760K) Eden: 120832K(120832K)->0K(117248K) From: 256K(512K)->256K(512K)
[13596.652s][info][gc,heap        ] GC(34283) ParOldGen: 372237K(372736K)->372253K(372736K)
[13596.652s][info][gc,metaspace   ] GC(34283) Metaspace: 8795K(9024K)->8795K(9024K) NonClass: 8143K(8320K)->8143K(8320K) Class: 652K(704K)->652K(704K)
[13596.652s][info][gc             ] GC(34283) Pause Young (Allocation Failure) 481M->363M(479M) 1.253ms
[13596.652s][info][gc,cpu         ] GC(34283) User=0.01s Sys=0.00s Real=0.00s
[13597.038s][info][gc,start       ] GC(34284) Pause Young (Allocation Failure)
[13597.039s][info][gc,heap        ] GC(34284) PSYoungGen: 117504K(117760K)->240K(114176K) Eden: 117248K(117248K)->0K(113664K) From: 256K(512K)->240K(512K)
[13597.039s][info][gc,heap        ] GC(34284) ParOldGen: 372253K(372736K)->372269K(372736K)
[13597.039s][info][gc,metaspace   ] GC(34284) Metaspace: 8795K(9024K)->8795K(9024K) NonClass: 8143K(8320K)->8143K(8320K) Class: 652K(704K)->652K(704K)
[13597.039s][info][gc             ] GC(34284) Pause Young (Allocation Failure) 478M->363M(475M) 1.164ms
[13597.039s][info][gc,cpu         ] GC(34284) User=0.00s Sys=0.00s Real=0.00s
[13597.387s][info][gc,start       ] GC(34285) Pause Young (Allocation Failure)
[13597.388s][info][gc,heap        ] GC(34285) PSYoungGen: 113904K(114176K)->256K(110592K) Eden: 113664K(113664K)->0K(110080K) From: 240K(512K)->256K(512K)
[13597.389s][info][gc,heap        ] GC(34285) ParOldGen: 372269K(372736K)->372285K(372736K)
[13597.389s][info][gc,metaspace   ] GC(34285) Metaspace: 8795K(9024K)->8795K(9024K) NonClass: 8143K(8320K)->8143K(8320K) Class: 652K(704K)->652K(704K)
[13597.389s][info][gc             ] GC(34285) Pause Young (Allocation Failure) 474M->363M(472M) 1.251ms
[13597.389s][info][gc,cpu         ] GC(34285) User=0.00s Sys=0.00s Real=0.00s
[13597.780s][info][gc,start       ] GC(34286) Pause Young (Allocation Failure)
[13597.782s][info][gc,heap        ] GC(34286) PSYoungGen: 110336K(110592K)->272K(107520K) Eden: 110080K(110080K)->0K(107008K) From: 256K(512K)->272K(512K)
[13597.782s][info][gc,heap        ] GC(34286) ParOldGen: 372285K(372736K)->372301K(372736K)
[13597.782s][info][gc,metaspace   ] GC(34286) Metaspace: 8795K(9024K)->8795K(9024K) NonClass: 8143K(8320K)->8143K(8320K) Class: 652K(704K)->652K(704K)
[13597.782s][info][gc             ] GC(34286) Pause Young (Allocation Failure) 471M->363M(469M) 1.249ms
[13597.782s][info][gc,cpu         ] GC(34286) User=0.00s Sys=0.00s Real=0.00s
[13598.133s][info][gc,start       ] GC(34287) Pause Young (Allocation Failure)
[13598.135s][info][gc,heap        ] GC(34287) PSYoungGen: 107280K(107520K)->272K(104448K) Eden: 107008K(107008K)->0K(103936K) From: 272K(512K)->272K(512K)
[13598.135s][info][gc,heap        ] GC(34287) ParOldGen: 372301K(372736K)->372317K(372736K)
[13598.135s][info][gc,metaspace   ] GC(34287) Metaspace: 8795K(9024K)->8795K(9024K) NonClass: 8143K(8320K)->8143K(8320K) Class: 652K(704K)->652K(704K)
[13598.135s][info][gc             ] GC(34287) Pause Young (Allocation Failure) 468M->363M(466M) 2.238ms
[13598.135s][info][gc,cpu         ] GC(34287) User=0.00s Sys=0.00s Real=0.00s
[13598.482s][info][gc,start       ] GC(34288) Pause Young (Allocation Failure)
[13598.484s][info][gc,heap        ] GC(34288) PSYoungGen: 104208K(104448K)->240K(101376K) Eden: 103936K(103936K)->0K(100864K) From: 272K(512K)->240K(512K)
[13598.484s][info][gc,heap        ] GC(34288) ParOldGen: 372317K(372736K)->372325K(372736K)
[13598.484s][info][gc,metaspace   ] GC(34288) Metaspace: 8795K(9024K)->8795K(9024K) NonClass: 8143K(8320K)->8143K(8320K) Class: 652K(704K)->652K(704K)
[13598.484s][info][gc             ] GC(34288) Pause Young (Allocation Failure) 465M->363M(463M) 2.297ms
[13598.484s][info][gc,cpu         ] GC(34288) User=0.00s Sys=0.00s Real=0.00s
[13598.820s][info][gc,start       ] GC(34289) Pause Young (Allocation Failure)
[13598.821s][info][gc,heap        ] GC(34289) PSYoungGen: 101104K(101376K)->256K(98304K) Eden: 100864K(100864K)->0K(97792K) From: 240K(512K)->256K(512K)
[13598.821s][info][gc,heap        ] GC(34289) ParOldGen: 372325K(372736K)->372341K(372736K)
[13598.821s][info][gc,metaspace   ] GC(34289) Metaspace: 8795K(9024K)->8795K(9024K) NonClass: 8143K(8320K)->8143K(8320K) Class: 652K(704K)->652K(704K)
[13598.821s][info][gc             ] GC(34289) Pause Young (Allocation Failure) 462M->363M(460M) 1.496ms
[13598.821s][info][gc,cpu         ] GC(34289) User=0.00s Sys=0.00s Real=0.01s
[13599.121s][info][gc,start       ] GC(34290) Pause Young (Allocation Failure)
[13599.122s][info][gc,heap        ] GC(34290) PSYoungGen: 98048K(98304K)->288K(95744K) Eden: 97792K(97792K)->0K(95232K) From: 256K(512K)->288K(512K)
[13599.122s][info][gc,heap        ] GC(34290) ParOldGen: 372341K(372736K)->372357K(372736K)
[13599.122s][info][gc,metaspace   ] GC(34290) Metaspace: 8795K(9024K)->8795K(9024K) NonClass: 8143K(8320K)->8143K(8320K) Class: 652K(704K)->652K(704K)
[13599.122s][info][gc             ] GC(34290) Pause Young (Allocation Failure) 459M->363M(457M) 1.232ms
[13599.122s][info][gc,cpu         ] GC(34290) User=0.00s Sys=0.00s Real=0.00s
[13599.424s][info][gc,start       ] GC(34291) Pause Young (Allocation Failure)
[13599.426s][info][gc,heap        ] GC(34291) PSYoungGen: 95520K(95744K)->192K(93184K) Eden: 95232K(95232K)->0K(92672K) From: 288K(512K)->192K(512K)
[13599.426s][info][gc,heap        ] GC(34291) ParOldGen: 372357K(372736K)->372365K(372736K)
[13599.426s][info][gc,metaspace   ] GC(34291) Metaspace: 8795K(9024K)->8795K(9024K) NonClass: 8143K(8320K)->8143K(8320K) Class: 652K(704K)->652K(704K)
[13599.426s][info][gc             ] GC(34291) Pause Young (Allocation Failure) 456M->363M(455M) 2.353ms
[13599.426s][info][gc,cpu         ] GC(34291) User=0.01s Sys=0.01s Real=0.00s
[13599.730s][info][gc,start       ] GC(34292) Pause Young (Allocation Failure)
[13599.733s][info][gc,heap        ] GC(34292) PSYoungGen: 92864K(93184K)->224K(90624K) Eden: 92672K(92672K)->0K(90112K) From: 192K(512K)->224K(512K)
[13599.733s][info][gc,heap        ] GC(34292) ParOldGen: 372365K(372736K)->372381K(372736K)
[13599.733s][info][gc,metaspace   ] GC(34292) Metaspace: 8795K(9024K)->8795K(9024K) NonClass: 8143K(8320K)->8143K(8320K) Class: 652K(704K)->652K(704K)
[13599.733s][info][gc             ] GC(34292) Pause Young (Allocation Failure) 454M->363M(452M) 2.214ms
[13599.733s][info][gc,cpu         ] GC(34292) User=0.01s Sys=0.00s Real=0.00s
[13600.007s][info][gc,start       ] GC(34293) Pause Young (Allocation Failure)
[13600.009s][info][gc,heap        ] GC(34293) PSYoungGen: 90336K(90624K)->128K(88064K) Eden: 90112K(90112K)->0K(87552K) From: 224K(512K)->128K(512K)
[13600.010s][info][gc,heap        ] GC(34293) ParOldGen: 372381K(372736K)->372397K(372736K)
[13600.010s][info][gc,metaspace   ] GC(34293) Metaspace: 8795K(9024K)->8795K(9024K) NonClass: 8143K(8320K)->8143K(8320K) Class: 652K(704K)->652K(704K)
[13600.010s][info][gc             ] GC(34293) Pause Young (Allocation Failure) 451M->363M(450M) 2.066ms
[13600.010s][info][gc,cpu         ] GC(34293) User=0.01s Sys=0.00s Real=0.00s
[13600.274s][info][gc,start       ] GC(34294) Pause Young (Allocation Failure)
[13600.277s][info][gc,heap        ] GC(34294) PSYoungGen: 87680K(88064K)->208K(202752K) Eden: 87552K(87552K)->0K(202240K) From: 128K(512K)->208K(512K)
[13600.277s][info][gc,heap        ] GC(34294) ParOldGen: 372397K(372736K)->372413K(372736K)
[13600.277s][info][gc,metaspace   ] GC(34294) Metaspace: 8795K(9024K)->8795K(9024K) NonClass: 8143K(8320K)->8143K(8320K) Class: 652K(704K)->652K(704K)
[13600.277s][info][gc             ] GC(34294) Pause Young (Allocation Failure) 449M->363M(562M) 2.311ms
[13600.277s][info][gc,cpu         ] GC(34294) User=0.00s Sys=0.00s Real=0.00s
[13600.903s][info][gc,start       ] GC(34295) Pause Young (Allocation Failure)
[13600.905s][info][gc,heap        ] GC(34295) PSYoungGen: 202448K(202752K)->224K(195584K) Eden: 202240K(202240K)->0K(195072K) From: 208K(512K)->224K(512K)
[13600.905s][info][gc,heap        ] GC(34295) ParOldGen: 372413K(372736K)->372429K(372736K)
[13600.905s][info][gc,metaspace   ] GC(34295) Metaspace: 8795K(9024K)->8795K(9024K) NonClass: 8143K(8320K)->8143K(8320K) Class: 652K(704K)->652K(704K)
[13600.905s][info][gc             ] GC(34295) Pause Young (Allocation Failure) 561M->363M(555M) 2.343ms
[13600.905s][info][gc,cpu         ] GC(34295) User=0.00s Sys=0.00s Real=0.00s
[13601.533s][info][gc,start       ] GC(34296) Pause Young (Allocation Failure)
[13601.535s][info][gc,heap        ] GC(34296) PSYoungGen: 195296K(195584K)->256K(188416K) Eden: 195072K(195072K)->0K(187904K) From: 224K(512K)->256K(512K)
[13601.535s][info][gc,heap        ] GC(34296) ParOldGen: 372429K(372736K)->372445K(372736K)
[13601.535s][info][gc,metaspace   ] GC(34296) Metaspace: 8795K(9024K)->8795K(9024K) NonClass: 8143K(8320K)->8143K(8320K) Class: 652K(704K)->652K(704K)
[13601.535s][info][gc             ] GC(34296) Pause Young (Allocation Failure) 554M->363M(548M) 2.326ms
[13601.535s][info][gc,cpu         ] GC(34296) User=0.00s Sys=0.00s Real=0.00s
[13602.138s][info][gc,start       ] GC(34297) Pause Young (Allocation Failure)
[13602.140s][info][gc,heap        ] GC(34297) PSYoungGen: 188160K(188416K)->224K(181760K) Eden: 187904K(187904K)->0K(181248K) From: 256K(512K)->224K(512K)
[13602.140s][info][gc,heap        ] GC(34297) ParOldGen: 372445K(372736K)->372453K(372736K)
[13602.140s][info][gc,metaspace   ] GC(34297) Metaspace: 8795K(9024K)->8795K(9024K) NonClass: 8143K(8320K)->8143K(8320K) Class: 652K(704K)->652K(704K)
[13602.140s][info][gc             ] GC(34297) Pause Young (Allocation Failure) 547M->363M(541M) 2.251ms
[13602.140s][info][gc,cpu         ] GC(34297) User=0.00s Sys=0.00s Real=0.01s
[13602.715s][info][gc,start       ] GC(34298) Pause Young (Allocation Failure)
[13602.717s][info][gc,heap        ] GC(34298) PSYoungGen: 181472K(181760K)->208K(175104K) Eden: 181248K(181248K)->0K(174592K) From: 224K(512K)->208K(512K)
[13602.717s][info][gc,heap        ] GC(34298) ParOldGen: 372453K(372736K)->372461K(372736K)
[13602.717s][info][gc,metaspace   ] GC(34298) Metaspace: 8795K(9024K)->8795K(9024K) NonClass: 8143K(8320K)->8143K(8320K) Class: 652K(704K)->652K(704K)
[13602.717s][info][gc             ] GC(34298) Pause Young (Allocation Failure) 540M->363M(535M) 2.210ms
[13602.717s][info][gc,cpu         ] GC(34298) User=0.00s Sys=0.00s Real=0.00s
[13603.354s][info][gc,start       ] GC(34299) Pause Young (Allocation Failure)
[13603.355s][info][gc,heap        ] GC(34299) PSYoungGen: 174800K(175104K)->240K(168960K) Eden: 174592K(174592K)->0K(168448K) From: 208K(512K)->240K(512K)
[13603.355s][info][gc,heap        ] GC(34299) ParOldGen: 372461K(372736K)->372477K(372736K)
[13603.355s][info][gc,metaspace   ] GC(34299) Metaspace: 8795K(9024K)->8795K(9024K) NonClass: 8143K(8320K)->8143K(8320K) Class: 652K(704K)->652K(704K)
[13603.355s][info][gc             ] GC(34299) Pause Young (Allocation Failure) 534M->363M(529M) 1.302ms
[13603.355s][info][gc,cpu         ] GC(34299) User=0.01s Sys=0.00s Real=0.00s
[13603.902s][info][gc,start       ] GC(34300) Pause Young (Allocation Failure)
[13603.903s][info][gc,heap        ] GC(34300) PSYoungGen: 168688K(168960K)->256K(163328K) Eden: 168448K(168448K)->0K(162816K) From: 240K(512K)->256K(512K)
[13603.903s][info][gc,heap        ] GC(34300) ParOldGen: 372477K(372736K)->372485K(372736K)
[13603.903s][info][gc,metaspace   ] GC(34300) Metaspace: 8795K(9024K)->8795K(9024K) NonClass: 8143K(8320K)->8143K(8320K) Class: 652K(704K)->652K(704K)
[13603.903s][info][gc             ] GC(34300) Pause Young (Allocation Failure) 528M->364M(523M) 1.475ms
[13603.903s][info][gc,cpu         ] GC(34300) User=0.01s Sys=0.00s Real=0.00s
[13604.420s][info][gc,start       ] GC(34301) Pause Young (Allocation Failure)
[13604.422s][info][gc,heap        ] GC(34301) PSYoungGen: 163072K(163328K)->224K(157696K) Eden: 162816K(162816K)->0K(157184K) From: 256K(512K)->224K(512K)
[13604.422s][info][gc,heap        ] GC(34301) ParOldGen: 372485K(372736K)->372501K(372736K)
[13604.422s][info][gc,metaspace   ] GC(34301) Metaspace: 8795K(9024K)->8795K(9024K) NonClass: 8143K(8320K)->8143K(8320K) Class: 652K(704K)->652K(704K)
[13604.422s][info][gc             ] GC(34301) Pause Young (Allocation Failure) 523M->363M(518M) 2.234ms
[13604.422s][info][gc,cpu         ] GC(34301) User=0.00s Sys=0.00s Real=0.01s
[13604.918s][info][gc,start       ] GC(34302) Pause Young (Allocation Failure)
[13604.920s][info][gc,heap        ] GC(34302) PSYoungGen: 157408K(157696K)->224K(152576K) Eden: 157184K(157184K)->0K(152064K) From: 224K(512K)->224K(512K)
[13604.920s][info][gc,heap        ] GC(34302) ParOldGen: 372501K(372736K)->372509K(372736K)
[13604.920s][info][gc,metaspace   ] GC(34302) Metaspace: 8795K(9024K)->8795K(9024K) NonClass: 8143K(8320K)->8143K(8320K) Class: 652K(704K)->652K(704K)
[13604.920s][info][gc             ] GC(34302) Pause Young (Allocation Failure) 517M->363M(513M) 2.344ms
[13604.920s][info][gc,cpu         ] GC(34302) User=0.00s Sys=0.00s Real=0.00s
[13605.458s][info][gc,start       ] GC(34303) Pause Young (Allocation Failure)
[13605.460s][info][gc,heap        ] GC(34303) PSYoungGen: 152288K(152576K)->224K(147456K) Eden: 152064K(152064K)->0K(146944K) From: 224K(512K)->224K(512K)
[13605.460s][info][gc,heap        ] GC(34303) ParOldGen: 372509K(372736K)->372517K(372736K)
[13605.460s][info][gc,metaspace   ] GC(34303) Metaspace: 8795K(9024K)->8795K(9024K) NonClass: 8143K(8320K)->8143K(8320K) Class: 652K(704K)->652K(704K)
[13605.460s][info][gc             ] GC(34303) Pause Young (Allocation Failure) 512M->364M(508M) 2.274ms
[13605.460s][info][gc,cpu         ] GC(34303) User=0.01s Sys=0.00s Real=0.00s
[13605.942s][info][gc,start       ] GC(34304) Pause Young (Allocation Failure)
[13605.946s][info][gc,heap        ] GC(34304) PSYoungGen: 147168K(147456K)->240K(142848K) Eden: 146944K(146944K)->0K(142336K) From: 224K(512K)->240K(512K)
[13605.946s][info][gc,heap        ] GC(34304) ParOldGen: 372517K(372736K)->372525K(372736K)
[13605.946s][info][gc,metaspace   ] GC(34304) Metaspace: 8795K(9024K)->8795K(9024K) NonClass: 8143K(8320K)->8143K(8320K) Class: 652K(704K)->652K(704K)
[13605.946s][info][gc             ] GC(34304) Pause Young (Allocation Failure) 507M->364M(503M) 3.329ms
[13605.946s][info][gc,cpu         ] GC(34304) User=0.01s Sys=0.00s Real=0.00s
[13606.436s][info][gc,start       ] GC(34305) Pause Young (Allocation Failure)
[13606.438s][info][gc,heap        ] GC(34305) PSYoungGen: 142576K(142848K)->272K(138240K) Eden: 142336K(142336K)->0K(137728K) From: 240K(512K)->272K(512K)
[13606.438s][info][gc,heap        ] GC(34305) ParOldGen: 372525K(372736K)->372541K(372736K)
[13606.438s][info][gc,metaspace   ] GC(34305) Metaspace: 8795K(9024K)->8795K(9024K) NonClass: 8143K(8320K)->8143K(8320K) Class: 652K(704K)->652K(704K)
[13606.438s][info][gc             ] GC(34305) Pause Young (Allocation Failure) 503M->364M(499M) 2.142ms
[13606.438s][info][gc,cpu         ] GC(34305) User=0.00s Sys=0.00s Real=0.00s
[13606.884s][info][gc,start       ] GC(34306) Pause Young (Allocation Failure)
[13606.886s][info][gc,heap        ] GC(34306) PSYoungGen: 138000K(138240K)->240K(133632K) Eden: 137728K(137728K)->0K(133120K) From: 272K(512K)->240K(512K)
[13606.886s][info][gc,heap        ] GC(34306) ParOldGen: 372541K(372736K)->372557K(372736K)
[13606.886s][info][gc,metaspace   ] GC(34306) Metaspace: 8795K(9024K)->8795K(9024K) NonClass: 8143K(8320K)->8143K(8320K) Class: 652K(704K)->652K(704K)
[13606.886s][info][gc             ] GC(34306) Pause Young (Allocation Failure) 498M->364M(494M) 2.238ms
[13606.886s][info][gc,cpu         ] GC(34306) User=0.00s Sys=0.00s Real=0.00s
[13607.338s][info][gc,start       ] GC(34307) Pause Young (Allocation Failure)
[13607.340s][info][gc,heap        ] GC(34307) PSYoungGen: 133360K(133632K)->256K(129536K) Eden: 133120K(133120K)->0K(129024K) From: 240K(512K)->256K(512K)
[13607.340s][info][gc,heap        ] GC(34307) ParOldGen: 372557K(372736K)->372565K(372736K)
[13607.340s][info][gc,metaspace   ] GC(34307) Metaspace: 8795K(9024K)->8795K(9024K) NonClass: 8143K(8320K)->8143K(8320K) Class: 652K(704K)->652K(704K)
[13607.340s][info][gc             ] GC(34307) Pause Young (Allocation Failure) 494M->364M(490M) 1.772ms
[13607.340s][info][gc,cpu         ] GC(34307) User=0.00s Sys=0.00s Real=0.00s
[13607.778s][info][gc,start       ] GC(34308) Pause Young (Allocation Failure)
[13607.780s][info][gc,heap        ] GC(34308) PSYoungGen: 129280K(129536K)->240K(125440K) Eden: 129024K(129024K)->0K(124928K) From: 256K(512K)->240K(512K)
[13607.780s][info][gc,heap        ] GC(34308) ParOldGen: 372565K(372736K)->372581K(372736K)
[13607.780s][info][gc,metaspace   ] GC(34308) Metaspace: 8795K(9024K)->8795K(9024K) NonClass: 8143K(8320K)->8143K(8320K) Class: 652K(704K)->652K(704K)
[13607.780s][info][gc             ] GC(34308) Pause Young (Allocation Failure) 490M->364M(486M) 1.309ms
[13607.780s][info][gc,cpu         ] GC(34308) User=0.00s Sys=0.00s Real=0.00s
[13608.255s][info][gc,start       ] GC(34309) Pause Young (Allocation Failure)
[13608.257s][info][gc,heap        ] GC(34309) PSYoungGen: 125168K(125440K)->240K(121344K) Eden: 124928K(124928K)->0K(120832K) From: 240K(512K)->240K(512K)
[13608.257s][info][gc,heap        ] GC(34309) ParOldGen: 372581K(372736K)->372589K(372736K)
[13608.257s][info][gc,metaspace   ] GC(34309) Metaspace: 8795K(9024K)->8795K(9024K) NonClass: 8143K(8320K)->8143K(8320K) Class: 652K(704K)->652K(704K)
[13608.257s][info][gc             ] GC(34309) Pause Young (Allocation Failure) 486M->364M(482M) 2.400ms
[13608.257s][info][gc,cpu         ] GC(34309) User=0.00s Sys=0.00s Real=0.00s
[13608.637s][info][gc,start       ] GC(34310) Pause Young (Allocation Failure)
[13608.639s][info][gc,heap        ] GC(34310) PSYoungGen: 121072K(121344K)->240K(117760K) Eden: 120832K(120832K)->0K(117248K) From: 240K(512K)->240K(512K)
[13608.639s][info][gc,heap        ] GC(34310) ParOldGen: 372589K(372736K)->372597K(372736K)
[13608.639s][info][gc,metaspace   ] GC(34310) Metaspace: 8795K(9024K)->8795K(9024K) NonClass: 8143K(8320K)->8143K(8320K) Class: 652K(704K)->652K(704K)
[13608.639s][info][gc             ] GC(34310) Pause Young (Allocation Failure) 482M->364M(479M) 2.171ms
[13608.639s][info][gc,cpu         ] GC(34310) User=0.00s Sys=0.00s Real=0.00s
[13609.014s][info][gc,start       ] GC(34311) Pause Young (Allocation Failure)
[13609.016s][info][gc,heap        ] GC(34311) PSYoungGen: 117488K(117760K)->240K(114176K) Eden: 117248K(117248K)->0K(113664K) From: 240K(512K)->240K(512K)
[13609.016s][info][gc,heap        ] GC(34311) ParOldGen: 372597K(372736K)->372605K(372736K)
[13609.016s][info][gc,metaspace   ] GC(34311) Metaspace: 8795K(9024K)->8795K(9024K) NonClass: 8143K(8320K)->8143K(8320K) Class: 652K(704K)->652K(704K)
[13609.016s][info][gc             ] GC(34311) Pause Young (Allocation Failure) 478M->364M(475M) 2.188ms
[13609.016s][info][gc,cpu         ] GC(34311) User=0.01s Sys=0.00s Real=0.00s
[13609.377s][info][gc,start       ] GC(34312) Pause Young (Allocation Failure)
[13609.380s][info][gc,heap        ] GC(34312) PSYoungGen: 113904K(114176K)->240K(110592K) Eden: 113664K(113664K)->0K(110080K) From: 240K(512K)->240K(512K)
[13609.380s][info][gc,heap        ] GC(34312) ParOldGen: 372605K(372736K)->372613K(372736K)
[13609.380s][info][gc,metaspace   ] GC(34312) Metaspace: 8795K(9024K)->8795K(9024K) NonClass: 8143K(8320K)->8143K(8320K) Class: 652K(704K)->652K(704K)
[13609.380s][info][gc             ] GC(34312) Pause Young (Allocation Failure) 475M->364M(472M) 2.221ms
[13609.380s][info][gc,cpu         ] GC(34312) User=0.01s Sys=0.00s Real=0.00s
[13609.721s][info][gc,start       ] GC(34313) Pause Young (Allocation Failure)
[13609.724s][info][gc,heap        ] GC(34313) PSYoungGen: 110320K(110592K)->240K(107520K) Eden: 110080K(110080K)->0K(107008K) From: 240K(512K)->240K(512K)
[13609.724s][info][gc,heap        ] GC(34313) ParOldGen: 372613K(372736K)->372621K(372736K)
[13609.724s][info][gc,metaspace   ] GC(34313) Metaspace: 8795K(9024K)->8795K(9024K) NonClass: 8143K(8320K)->8143K(8320K) Class: 652K(704K)->652K(704K)
[13609.724s][info][gc             ] GC(34313) Pause Young (Allocation Failure) 471M->364M(469M) 2.292ms
[13609.724s][info][gc,cpu         ] GC(34313) User=0.00s Sys=0.00s Real=0.00s
[13610.067s][info][gc,start       ] GC(34314) Pause Young (Allocation Failure)
[13610.070s][info][gc,heap        ] GC(34314) PSYoungGen: 107248K(107520K)->224K(104448K) Eden: 107008K(107008K)->0K(103936K) From: 240K(512K)->224K(512K)
[13610.070s][info][gc,heap        ] GC(34314) ParOldGen: 372621K(372736K)->372637K(372736K)
[13610.070s][info][gc,metaspace   ] GC(34314) Metaspace: 8795K(9024K)->8795K(9024K) NonClass: 8143K(8320K)->8143K(8320K) Class: 652K(704K)->652K(704K)
[13610.070s][info][gc             ] GC(34314) Pause Young (Allocation Failure) 468M->364M(466M) 2.924ms
[13610.070s][info][gc,cpu         ] GC(34314) User=0.00s Sys=0.00s Real=0.00s
[13610.446s][info][gc,start       ] GC(34315) Pause Young (Allocation Failure)
[13610.449s][info][gc,heap        ] GC(34315) PSYoungGen: 104160K(104448K)->256K(101376K) Eden: 103936K(103936K)->0K(100864K) From: 224K(512K)->256K(512K)
[13610.449s][info][gc,heap        ] GC(34315) ParOldGen: 372637K(372736K)->372653K(372736K)
[13610.449s][info][gc,metaspace   ] GC(34315) Metaspace: 8795K(9024K)->8795K(9024K) NonClass: 8143K(8320K)->8143K(8320K) Class: 652K(704K)->652K(704K)
[13610.449s][info][gc             ] GC(34315) Pause Young (Allocation Failure) 465M->364M(463M) 2.887ms
[13610.449s][info][gc,cpu         ] GC(34315) User=0.01s Sys=0.00s Real=0.00s
[13610.803s][info][gc,start       ] GC(34316) Pause Young (Allocation Failure)
[13610.805s][info][gc,heap        ] GC(34316) PSYoungGen: 101120K(101376K)->208K(98304K) Eden: 100864K(100864K)->0K(97792K) From: 256K(512K)->208K(512K)
[13610.805s][info][gc,heap        ] GC(34316) ParOldGen: 372653K(372736K)->372661K(372736K)
[13610.805s][info][gc,metaspace   ] GC(34316) Metaspace: 8795K(9024K)->8795K(9024K) NonClass: 8143K(8320K)->8143K(8320K) Class: 652K(704K)->652K(704K)
[13610.805s][info][gc             ] GC(34316) Pause Young (Allocation Failure) 462M->364M(460M) 2.948ms
[13610.805s][info][gc,cpu         ] GC(34316) User=0.00s Sys=0.00s Real=0.00s
[13611.139s][info][gc,start       ] GC(34317) Pause Young (Allocation Failure)
[13611.142s][info][gc,heap        ] GC(34317) PSYoungGen: 98000K(98304K)->240K(95744K) Eden: 97792K(97792K)->0K(95232K) From: 208K(512K)->240K(512K)
[13611.142s][info][gc,heap        ] GC(34317) ParOldGen: 372661K(372736K)->372669K(372736K)
[13611.142s][info][gc,metaspace   ] GC(34317) Metaspace: 8795K(9024K)->8795K(9024K) NonClass: 8143K(8320K)->8143K(8320K) Class: 652K(704K)->652K(704K)
[13611.142s][info][gc             ] GC(34317) Pause Young (Allocation Failure) 459M->364M(457M) 2.571ms
[13611.142s][info][gc,cpu         ] GC(34317) User=0.01s Sys=0.00s Real=0.01s
[13611.479s][info][gc,start       ] GC(34318) Pause Young (Allocation Failure)
[13611.482s][info][gc,heap        ] GC(34318) PSYoungGen: 95472K(95744K)->240K(93184K) Eden: 95232K(95232K)->0K(92672K) From: 240K(512K)->240K(512K)
[13611.482s][info][gc,heap        ] GC(34318) ParOldGen: 372669K(372736K)->372685K(372736K)
[13611.482s][info][gc,metaspace   ] GC(34318) Metaspace: 8795K(9024K)->8795K(9024K) NonClass: 8143K(8320K)->8143K(8320K) Class: 652K(704K)->652K(704K)
[13611.482s][info][gc             ] GC(34318) Pause Young (Allocation Failure) 457M->364M(455M) 2.337ms
[13611.482s][info][gc,cpu         ] GC(34318) User=0.01s Sys=0.00s Real=0.01s
[13611.793s][info][gc,start       ] GC(34319) Pause Young (Allocation Failure)
[13611.795s][info][gc,heap        ] GC(34319) PSYoungGen: 92912K(93184K)->240K(90624K) Eden: 92672K(92672K)->0K(90112K) From: 240K(512K)->240K(512K)
[13611.795s][info][gc,heap        ] GC(34319) ParOldGen: 372685K(372736K)->372701K(372736K)
[13611.795s][info][gc,metaspace   ] GC(34319) Metaspace: 8795K(9024K)->8795K(9024K) NonClass: 8143K(8320K)->8143K(8320K) Class: 652K(704K)->652K(704K)
[13611.795s][info][gc             ] GC(34319) Pause Young (Allocation Failure) 454M->364M(452M) 2.311ms
[13611.795s][info][gc,cpu         ] GC(34319) User=0.00s Sys=0.00s Real=0.00s
[13612.093s][info][gc,start       ] GC(34320) Pause Young (Allocation Failure)
[13612.095s][info][gc,heap        ] GC(34320) PSYoungGen: 90352K(90624K)->240K(88064K) Eden: 90112K(90112K)->0K(87552K) From: 240K(512K)->240K(512K)
[13612.095s][info][gc,heap        ] GC(34320) ParOldGen: 372701K(372736K)->372709K(372736K)
[13612.095s][info][gc,metaspace   ] GC(34320) Metaspace: 8795K(9024K)->8795K(9024K) NonClass: 8143K(8320K)->8143K(8320K) Class: 652K(704K)->652K(704K)
[13612.095s][info][gc             ] GC(34320) Pause Young (Allocation Failure) 452M->364M(450M) 2.274ms
[13612.095s][info][gc,cpu         ] GC(34320) User=0.00s Sys=0.00s Real=0.00s
[13612.385s][info][gc,start       ] GC(34321) Pause Young (Allocation Failure)
[13612.386s][info][gc,heap        ] GC(34321) PSYoungGen: 87792K(88064K)->240K(202752K) Eden: 87552K(87552K)->0K(202240K) From: 240K(512K)->240K(512K)
[13612.386s][info][gc,heap        ] GC(34321) ParOldGen: 372709K(372736K)->372725K(372736K)
[13612.387s][info][gc,metaspace   ] GC(34321) Metaspace: 8795K(9024K)->8795K(9024K) NonClass: 8143K(8320K)->8143K(8320K) Class: 652K(704K)->652K(704K)
[13612.387s][info][gc             ] GC(34321) Pause Young (Allocation Failure) 449M->364M(562M) 1.566ms
[13612.387s][info][gc,cpu         ] GC(34321) User=0.00s Sys=0.00s Real=0.00s
[13613.050s][info][gc,start       ] GC(34322) Pause Young (Allocation Failure)
[13613.052s][info][gc,heap        ] GC(34322) PSYoungGen: 202480K(202752K)->272K(195584K) Eden: 202240K(202240K)->0K(195072K) From: 240K(512K)->272K(512K)
[13613.052s][info][gc,heap        ] GC(34322) ParOldGen: 372725K(372736K)->372733K(372736K)
[13613.052s][info][gc,metaspace   ] GC(34322) Metaspace: 8795K(9024K)->8795K(9024K) NonClass: 8143K(8320K)->8143K(8320K) Class: 652K(704K)->652K(704K)
[13613.052s][info][gc             ] GC(34322) Pause Young (Allocation Failure) 561M->364M(555M) 2.232ms
[13613.052s][info][gc,cpu         ] GC(34322) User=0.00s Sys=0.00s Real=0.01s
[13613.707s][info][gc,start       ] GC(34323) Pause Young (Allocation Failure)
[13613.708s][info][gc,heap        ] GC(34323) PSYoungGen: 195344K(195584K)->240K(188416K) Eden: 195072K(195072K)->0K(187904K) From: 272K(512K)->240K(512K)
[13613.708s][info][gc,heap        ] GC(34323) ParOldGen: 372733K(372736K)->372749K(373248K)
[13613.708s][info][gc,metaspace   ] GC(34323) Metaspace: 8795K(9024K)->8795K(9024K) NonClass: 8143K(8320K)->8143K(8320K) Class: 652K(704K)->652K(704K)
[13613.708s][info][gc             ] GC(34323) Pause Young (Allocation Failure) 554M->364M(548M) 1.342ms
[13613.708s][info][gc,cpu         ] GC(34323) User=0.00s Sys=0.00s Real=0.00s
[13614.316s][info][gc,start       ] GC(34324) Pause Young (Allocation Failure)
[13614.317s][info][gc,heap        ] GC(34324) PSYoungGen: 188144K(188416K)->256K(181760K) Eden: 187904K(187904K)->0K(181248K) From: 240K(512K)->256K(512K)
[13614.317s][info][gc,heap        ] GC(34324) ParOldGen: 372749K(373248K)->372765K(373248K)
[13614.317s][info][gc,metaspace   ] GC(34324) Metaspace: 8795K(9024K)->8795K(9024K) NonClass: 8143K(8320K)->8143K(8320K) Class: 652K(704K)->652K(704K)
[13614.317s][info][gc             ] GC(34324) Pause Young (Allocation Failure) 547M->364M(542M) 1.299ms
[13614.317s][info][gc,cpu         ] GC(34324) User=0.00s Sys=0.00s Real=0.00s
[13614.905s][info][gc,start       ] GC(34325) Pause Young (Allocation Failure)
[13614.906s][info][gc,heap        ] GC(34325) PSYoungGen: 181504K(181760K)->288K(175104K) Eden: 181248K(181248K)->0K(174592K) From: 256K(512K)->288K(512K)
[13614.906s][info][gc,heap        ] GC(34325) ParOldGen: 372765K(373248K)->372781K(373248K)
[13614.906s][info][gc,metaspace   ] GC(34325) Metaspace: 8795K(9024K)->8795K(9024K) NonClass: 8143K(8320K)->8143K(8320K) Class: 652K(704K)->652K(704K)
[13614.906s][info][gc             ] GC(34325) Pause Young (Allocation Failure) 541M->364M(535M) 1.232ms
[13614.906s][info][gc,cpu         ] GC(34325) User=0.00s Sys=0.00s Real=0.00s
[13615.447s][info][gc,start       ] GC(34326) Pause Young (Allocation Failure)
[13615.448s][info][gc,heap        ] GC(34326) PSYoungGen: 174880K(175104K)->256K(168960K) Eden: 174592K(174592K)->0K(168448K) From: 288K(512K)->256K(512K)
[13615.448s][info][gc,heap        ] GC(34326) ParOldGen: 372781K(373248K)->372797K(373248K)
[13615.448s][info][gc,metaspace   ] GC(34326) Metaspace: 8795K(9024K)->8795K(9024K) NonClass: 8143K(8320K)->8143K(8320K) Class: 652K(704K)->652K(704K)
[13615.448s][info][gc             ] GC(34326) Pause Young (Allocation Failure) 534M->364M(529M) 1.303ms
[13615.448s][info][gc,cpu         ] GC(34326) User=0.00s Sys=0.01s Real=0.00s
[13615.976s][info][gc,start       ] GC(34327) Pause Young (Allocation Failure)
[13615.978s][info][gc,heap        ] GC(34327) PSYoungGen: 168704K(168960K)->288K(163328K) Eden: 168448K(168448K)->0K(162816K) From: 256K(512K)->288K(512K)
[13615.978s][info][gc,heap        ] GC(34327) ParOldGen: 372797K(373248K)->372813K(373248K)
[13615.978s][info][gc,metaspace   ] GC(34327) Metaspace: 8795K(9024K)->8795K(9024K) NonClass: 8143K(8320K)->8143K(8320K) Class: 652K(704K)->652K(704K)
[13615.978s][info][gc             ] GC(34327) Pause Young (Allocation Failure) 528M->364M(524M) 1.302ms
[13615.978s][info][gc,cpu         ] GC(34327) User=0.01s Sys=0.00s Real=0.00s
[13616.477s][info][gc,start       ] GC(34328) Pause Young (Allocation Failure)
[13616.478s][info][gc,heap        ] GC(34328) PSYoungGen: 163104K(163328K)->256K(157696K) Eden: 162816K(162816K)->0K(157184K) From: 288K(512K)->256K(512K)
[13616.478s][info][gc,heap        ] GC(34328) ParOldGen: 372813K(373248K)->372829K(373248K)
[13616.478s][info][gc,metaspace   ] GC(34328) Metaspace: 8795K(9024K)->8795K(9024K) NonClass: 8143K(8320K)->8143K(8320K) Class: 652K(704K)->652K(704K)
[13616.478s][info][gc             ] GC(34328) Pause Young (Allocation Failure) 523M->364M(518M) 1.209ms
[13616.478s][info][gc,cpu         ] GC(34328) User=0.00s Sys=0.00s Real=0.00s
[13616.941s][info][gc,start       ] GC(34329) Pause Young (Allocation Failure)
[13616.942s][info][gc,heap        ] GC(34329) PSYoungGen: 157440K(157696K)->256K(152576K) Eden: 157184K(157184K)->0K(152064K) From: 256K(512K)->256K(512K)
[13616.943s][info][gc,heap        ] GC(34329) ParOldGen: 372829K(373248K)->372845K(373248K)
[13616.943s][info][gc,metaspace   ] GC(34329) Metaspace: 8795K(9024K)->8795K(9024K) NonClass: 8143K(8320K)->8143K(8320K) Class: 652K(704K)->652K(704K)
[13616.943s][info][gc             ] GC(34329) Pause Young (Allocation Failure) 517M->364M(513M) 1.276ms
[13616.943s][info][gc,cpu         ] GC(34329) User=0.00s Sys=0.00s Real=0.00s
[13617.409s][info][gc,start       ] GC(34330) Pause Young (Allocation Failure)
[13617.410s][info][gc,heap        ] GC(34330) PSYoungGen: 152320K(152576K)->240K(147456K) Eden: 152064K(152064K)->0K(146944K) From: 256K(512K)->240K(512K)
[13617.410s][info][gc,heap        ] GC(34330) ParOldGen: 372845K(373248K)->372861K(373248K)
[13617.411s][info][gc,metaspace   ] GC(34330) Metaspace: 8795K(9024K)->8795K(9024K) NonClass: 8143K(8320K)->8143K(8320K) Class: 652K(704K)->652K(704K)
[13617.411s][info][gc             ] GC(34330) Pause Young (Allocation Failure) 512M->364M(508M) 1.236ms
[13617.411s][info][gc,cpu         ] GC(34330) User=0.00s Sys=0.00s Real=0.01s
[13617.853s][info][gc,start       ] GC(34331) Pause Young (Allocation Failure)
[13617.854s][info][gc,heap        ] GC(34331) PSYoungGen: 147184K(147456K)->272K(142848K) Eden: 146944K(146944K)->0K(142336K) From: 240K(512K)->272K(512K)
[13617.854s][info][gc,heap        ] GC(34331) ParOldGen: 372861K(373248K)->372877K(373248K)
[13617.854s][info][gc,metaspace   ] GC(34331) Metaspace: 8795K(9024K)->8795K(9024K) NonClass: 8143K(8320K)->8143K(8320K) Class: 652K(704K)->652K(704K)
[13617.854s][info][gc             ] GC(34331) Pause Young (Allocation Failure) 507M->364M(504M) 1.165ms
[13617.854s][info][gc,cpu         ] GC(34331) User=0.00s Sys=0.00s Real=0.00s
[13618.279s][info][gc,start       ] GC(34332) Pause Young (Allocation Failure)
[13618.280s][info][gc,heap        ] GC(34332) PSYoungGen: 142608K(142848K)->256K(138240K) Eden: 142336K(142336K)->0K(137728K) From: 272K(512K)->256K(512K)
[13618.280s][info][gc,heap        ] GC(34332) ParOldGen: 372877K(373248K)->372893K(373248K)
[13618.280s][info][gc,metaspace   ] GC(34332) Metaspace: 8795K(9024K)->8795K(9024K) NonClass: 8143K(8320K)->8143K(8320K) Class: 652K(704K)->652K(704K)
[13618.280s][info][gc             ] GC(34332) Pause Young (Allocation Failure) 503M->364M(499M) 1.228ms
[13618.280s][info][gc,cpu         ] GC(34332) User=0.00s Sys=0.00s Real=0.01s
[13618.679s][info][gc,start       ] GC(34333) Pause Young (Allocation Failure)
[13618.680s][info][gc,heap        ] GC(34333) PSYoungGen: 137984K(138240K)->256K(133632K) Eden: 137728K(137728K)->0K(133120K) From: 256K(512K)->256K(512K)
[13618.680s][info][gc,heap        ] GC(34333) ParOldGen: 372893K(373248K)->372909K(373248K)
[13618.680s][info][gc,metaspace   ] GC(34333) Metaspace: 8795K(9024K)->8795K(9024K) NonClass: 8143K(8320K)->8143K(8320K) Class: 652K(704K)->652K(704K)
[13618.680s][info][gc             ] GC(34333) Pause Young (Allocation Failure) 498M->364M(495M) 1.250ms
[13618.680s][info][gc,cpu         ] GC(34333) User=0.00s Sys=0.00s Real=0.01s
[13619.088s][info][gc,start       ] GC(34334) Pause Young (Allocation Failure)
[13619.089s][info][gc,heap        ] GC(34334) PSYoungGen: 133376K(133632K)->240K(129536K) Eden: 133120K(133120K)->0K(129024K) From: 256K(512K)->240K(512K)
[13619.089s][info][gc,heap        ] GC(34334) ParOldGen: 372909K(373248K)->372925K(373248K)
[13619.089s][info][gc,metaspace   ] GC(34334) Metaspace: 8795K(9024K)->8795K(9024K) NonClass: 8143K(8320K)->8143K(8320K) Class: 652K(704K)->652K(704K)
[13619.089s][info][gc             ] GC(34334) Pause Young (Allocation Failure) 494M->364M(491M) 1.214ms
[13619.089s][info][gc,cpu         ] GC(34334) User=0.00s Sys=0.00s Real=0.00s
[13619.500s][info][gc,start       ] GC(34335) Pause Young (Allocation Failure)
[13619.501s][info][gc,heap        ] GC(34335) PSYoungGen: 129264K(129536K)->256K(125440K) Eden: 129024K(129024K)->0K(124928K) From: 240K(512K)->256K(512K)
[13619.501s][info][gc,heap        ] GC(34335) ParOldGen: 372925K(373248K)->372941K(373248K)
[13619.501s][info][gc,metaspace   ] GC(34335) Metaspace: 8795K(9024K)->8795K(9024K) NonClass: 8143K(8320K)->8143K(8320K) Class: 652K(704K)->652K(704K)
[13619.501s][info][gc             ] GC(34335) Pause Young (Allocation Failure) 490M->364M(487M) 1.305ms
[13619.501s][info][gc,cpu         ] GC(34335) User=0.01s Sys=0.00s Real=0.01s
[13619.897s][info][gc,start       ] GC(34336) Pause Young (Allocation Failure)
[13619.898s][info][gc,heap        ] GC(34336) PSYoungGen: 125184K(125440K)->240K(121344K) Eden: 124928K(124928K)->0K(120832K) From: 256K(512K)->240K(512K)
[13619.898s][info][gc,heap        ] GC(34336) ParOldGen: 372941K(373248K)->372957K(373248K)
[13619.898s][info][gc,metaspace   ] GC(34336) Metaspace: 8795K(9024K)->8795K(9024K) NonClass: 8143K(8320K)->8143K(8320K) Class: 652K(704K)->652K(704K)
[13619.898s][info][gc             ] GC(34336) Pause Young (Allocation Failure) 486M->364M(483M) 1.274ms
[13619.898s][info][gc,cpu         ] GC(34336) User=0.00s Sys=0.00s Real=0.00s
[13620.288s][info][gc,start       ] GC(34337) Pause Young (Allocation Failure)
[13620.289s][info][gc,heap        ] GC(34337) PSYoungGen: 121072K(121344K)->240K(117760K) Eden: 120832K(120832K)->0K(117248K) From: 240K(512K)->240K(512K)
[13620.289s][info][gc,heap        ] GC(34337) ParOldGen: 372957K(373248K)->372973K(373248K)
[13620.289s][info][gc,metaspace   ] GC(34337) Metaspace: 8795K(9024K)->8795K(9024K) NonClass: 8143K(8320K)->8143K(8320K) Class: 652K(704K)->652K(704K)
[13620.289s][info][gc             ] GC(34337) Pause Young (Allocation Failure) 482M->364M(479M) 1.204ms
[13620.289s][info][gc,cpu         ] GC(34337) User=0.00s Sys=0.00s Real=0.00s
[13620.632s][info][gc,start       ] GC(34338) Pause Young (Allocation Failure)
[13620.634s][info][gc,heap        ] GC(34338) PSYoungGen: 117488K(117760K)->256K(114176K) Eden: 117248K(117248K)->0K(113664K) From: 240K(512K)->256K(512K)
[13620.634s][info][gc,heap        ] GC(34338) ParOldGen: 372973K(373248K)->372989K(373248K)
[13620.634s][info][gc,metaspace   ] GC(34338) Metaspace: 8795K(9024K)->8795K(9024K) NonClass: 8143K(8320K)->8143K(8320K) Class: 652K(704K)->652K(704K)
[13620.634s][info][gc             ] GC(34338) Pause Young (Allocation Failure) 478M->364M(476M) 1.296ms
[13620.634s][info][gc,cpu         ] GC(34338) User=0.00s Sys=0.00s Real=0.00s
[13620.995s][info][gc,start       ] GC(34339) Pause Young (Allocation Failure)
[13620.997s][info][gc,heap        ] GC(34339) PSYoungGen: 113920K(114176K)->272K(110592K) Eden: 113664K(113664K)->0K(110080K) From: 256K(512K)->272K(512K)
[13620.997s][info][gc,heap        ] GC(34339) ParOldGen: 372989K(373248K)->372997K(373248K)
[13620.997s][info][gc,metaspace   ] GC(34339) Metaspace: 8795K(9024K)->8795K(9024K) NonClass: 8143K(8320K)->8143K(8320K) Class: 652K(704K)->652K(704K)
[13620.997s][info][gc             ] GC(34339) Pause Young (Allocation Failure) 475M->364M(472M) 2.192ms
[13620.997s][info][gc,cpu         ] GC(34339) User=0.00s Sys=0.00s Real=0.00s
[13621.318s][info][gc,start       ] GC(34340) Pause Young (Allocation Failure)
[13621.319s][info][gc,heap        ] GC(34340) PSYoungGen: 110352K(110592K)->256K(107520K) Eden: 110080K(110080K)->0K(107008K) From: 272K(512K)->256K(512K)
[13621.319s][info][gc,heap        ] GC(34340) ParOldGen: 372997K(373248K)->373013K(373248K)
[13621.319s][info][gc,metaspace   ] GC(34340) Metaspace: 8795K(9024K)->8795K(9024K) NonClass: 8143K(8320K)->8143K(8320K) Class: 652K(704K)->652K(704K)
[13621.319s][info][gc             ] GC(34340) Pause Young (Allocation Failure) 472M->364M(469M) 1.609ms
[13621.319s][info][gc,cpu         ] GC(34340) User=0.00s Sys=0.00s Real=0.00s
[13621.649s][info][gc,start       ] GC(34341) Pause Young (Allocation Failure)
[13621.650s][info][gc,heap        ] GC(34341) PSYoungGen: 107264K(107520K)->272K(104448K) Eden: 107008K(107008K)->0K(103936K) From: 256K(512K)->272K(512K)
[13621.650s][info][gc,heap        ] GC(34341) ParOldGen: 373013K(373248K)->373029K(373248K)
[13621.650s][info][gc,metaspace   ] GC(34341) Metaspace: 8795K(9024K)->8795K(9024K) NonClass: 8143K(8320K)->8143K(8320K) Class: 652K(704K)->652K(704K)
[13621.650s][info][gc             ] GC(34341) Pause Young (Allocation Failure) 469M->364M(466M) 1.198ms
[13621.650s][info][gc,cpu         ] GC(34341) User=0.00s Sys=0.00s Real=0.01s
[13621.950s][info][gc,start       ] GC(34342) Pause Young (Allocation Failure)
[13621.952s][info][gc,heap        ] GC(34342) PSYoungGen: 104208K(104448K)->256K(101376K) Eden: 103936K(103936K)->0K(100864K) From: 272K(512K)->256K(512K)
[13621.952s][info][gc,heap        ] GC(34342) ParOldGen: 373029K(373248K)->373045K(373248K)
[13621.952s][info][gc,metaspace   ] GC(34342) Metaspace: 8795K(9024K)->8795K(9024K) NonClass: 8143K(8320K)->8143K(8320K) Class: 652K(704K)->652K(704K)
[13621.952s][info][gc             ] GC(34342) Pause Young (Allocation Failure) 466M->364M(463M) 1.607ms
[13621.952s][info][gc,cpu         ] GC(34342) User=0.00s Sys=0.00s Real=0.01s
[13622.227s][info][gc,start       ] GC(34343) Pause Young (Allocation Failure)
[13622.228s][info][gc,heap        ] GC(34343) PSYoungGen: 101120K(101376K)->240K(98304K) Eden: 100864K(100864K)->0K(97792K) From: 256K(512K)->240K(512K)
[13622.228s][info][gc,heap        ] GC(34343) ParOldGen: 373045K(373248K)->373061K(373248K)
[13622.228s][info][gc,metaspace   ] GC(34343) Metaspace: 8795K(9024K)->8795K(9024K) NonClass: 8143K(8320K)->8143K(8320K) Class: 652K(704K)->652K(704K)
[13622.228s][info][gc             ] GC(34343) Pause Young (Allocation Failure) 463M->364M(460M) 1.137ms
[13622.228s][info][gc,cpu         ] GC(34343) User=0.01s Sys=0.00s Real=0.00s
[13622.489s][info][gc,start       ] GC(34344) Pause Young (Allocation Failure)
[13622.490s][info][gc,heap        ] GC(34344) PSYoungGen: 98032K(98304K)->240K(95744K) Eden: 97792K(97792K)->0K(95232K) From: 240K(512K)->240K(512K)
[13622.490s][info][gc,heap        ] GC(34344) ParOldGen: 373061K(373248K)->373077K(373248K)
[13622.490s][info][gc,metaspace   ] GC(34344) Metaspace: 8795K(9024K)->8795K(9024K) NonClass: 8143K(8320K)->8143K(8320K) Class: 652K(704K)->652K(704K)
[13622.490s][info][gc             ] GC(34344) Pause Young (Allocation Failure) 460M->364M(458M) 1.154ms
[13622.490s][info][gc,cpu         ] GC(34344) User=0.00s Sys=0.00s Real=0.00s
[13622.783s][info][gc,start       ] GC(34345) Pause Young (Allocation Failure)
[13622.784s][info][gc,heap        ] GC(34345) PSYoungGen: 95472K(95744K)->256K(93184K) Eden: 95232K(95232K)->0K(92672K) From: 240K(512K)->256K(512K)
[13622.784s][info][gc,heap        ] GC(34345) ParOldGen: 373077K(373248K)->373093K(373248K)
[13622.784s][info][gc,metaspace   ] GC(34345) Metaspace: 8795K(9024K)->8795K(9024K) NonClass: 8143K(8320K)->8143K(8320K) Class: 652K(704K)->652K(704K)
[13622.784s][info][gc             ] GC(34345) Pause Young (Allocation Failure) 457M->364M(455M) 1.172ms
[13622.784s][info][gc,cpu         ] GC(34345) User=0.01s Sys=0.00s Real=0.00s
[13623.030s][info][gc,start       ] GC(34346) Pause Young (Allocation Failure)
[13623.031s][info][gc,heap        ] GC(34346) PSYoungGen: 92928K(93184K)->240K(90624K) Eden: 92672K(92672K)->0K(90112K) From: 256K(512K)->240K(512K)
[13623.031s][info][gc,heap        ] GC(34346) ParOldGen: 373093K(373248K)->373109K(373248K)
[13623.031s][info][gc,metaspace   ] GC(34346) Metaspace: 8795K(9024K)->8795K(9024K) NonClass: 8143K(8320K)->8143K(8320K) Class: 652K(704K)->652K(704K)
[13623.031s][info][gc             ] GC(34346) Pause Young (Allocation Failure) 455M->364M(453M) 1.187ms
[13623.031s][info][gc,cpu         ] GC(34346) User=0.00s Sys=0.00s Real=0.01s
[13623.306s][info][gc,start       ] GC(34347) Pause Young (Allocation Failure)
[13623.308s][info][gc,heap        ] GC(34347) PSYoungGen: 90352K(90624K)->192K(88064K) Eden: 90112K(90112K)->0K(87552K) From: 240K(512K)->192K(512K)
[13623.308s][info][gc,heap        ] GC(34347) ParOldGen: 373109K(373248K)->373117K(373248K)
[13623.308s][info][gc,metaspace   ] GC(34347) Metaspace: 8795K(9024K)->8795K(9024K) NonClass: 8143K(8320K)->8143K(8320K) Class: 652K(704K)->652K(704K)
[13623.308s][info][gc             ] GC(34347) Pause Young (Allocation Failure) 452M->364M(450M) 1.918ms
[13623.308s][info][gc,cpu         ] GC(34347) User=0.00s Sys=0.00s Real=0.00s
[13623.545s][info][gc,start       ] GC(34348) Pause Young (Allocation Failure)
[13623.546s][info][gc,heap        ] GC(34348) PSYoungGen: 87744K(88064K)->256K(202752K) Eden: 87552K(87552K)->0K(202240K) From: 192K(512K)->256K(512K)
[13623.546s][info][gc,heap        ] GC(34348) ParOldGen: 373117K(373248K)->373133K(373248K)
[13623.546s][info][gc,metaspace   ] GC(34348) Metaspace: 8795K(9024K)->8795K(9024K) NonClass: 8143K(8320K)->8143K(8320K) Class: 652K(704K)->652K(704K)
[13623.546s][info][gc             ] GC(34348) Pause Young (Allocation Failure) 450M->364M(562M) 1.161ms
[13623.546s][info][gc,cpu         ] GC(34348) User=0.01s Sys=0.00s Real=0.00s
[13624.103s][info][gc,start       ] GC(34349) Pause Young (Allocation Failure)
[13624.105s][info][gc,heap        ] GC(34349) PSYoungGen: 202496K(202752K)->240K(195584K) Eden: 202240K(202240K)->0K(195072K) From: 256K(512K)->240K(512K)
[13624.105s][info][gc,heap        ] GC(34349) ParOldGen: 373133K(373248K)->373149K(373248K)
[13624.105s][info][gc,metaspace   ] GC(34349) Metaspace: 8795K(9024K)->8795K(9024K) NonClass: 8143K(8320K)->8143K(8320K) Class: 652K(704K)->652K(704K)
[13624.105s][info][gc             ] GC(34349) Pause Young (Allocation Failure) 562M->364M(555M) 1.153ms
[13624.105s][info][gc,cpu         ] GC(34349) User=0.00s Sys=0.00s Real=0.00s
[13624.644s][info][gc,start       ] GC(34350) Pause Young (Allocation Failure)
[13624.645s][info][gc,heap        ] GC(34350) PSYoungGen: 195312K(195584K)->240K(188416K) Eden: 195072K(195072K)->0K(187904K) From: 240K(512K)->240K(512K)
[13624.645s][info][gc,heap        ] GC(34350) ParOldGen: 373149K(373248K)->373165K(373248K)
[13624.645s][info][gc,metaspace   ] GC(34350) Metaspace: 8795K(9024K)->8795K(9024K) NonClass: 8143K(8320K)->8143K(8320K) Class: 652K(704K)->652K(704K)
[13624.645s][info][gc             ] GC(34350) Pause Young (Allocation Failure) 555M->364M(548M) 1.159ms
[13624.645s][info][gc,cpu         ] GC(34350) User=0.01s Sys=0.00s Real=0.00s
[13625.217s][info][gc,start       ] GC(34351) Pause Young (Allocation Failure)
[13625.219s][info][gc,heap        ] GC(34351) PSYoungGen: 188144K(188416K)->240K(181760K) Eden: 187904K(187904K)->0K(181248K) From: 240K(512K)->240K(512K)
[13625.219s][info][gc,heap        ] GC(34351) ParOldGen: 373165K(373248K)->373181K(373248K)
[13625.219s][info][gc,metaspace   ] GC(34351) Metaspace: 8795K(9024K)->8795K(9024K) NonClass: 8143K(8320K)->8143K(8320K) Class: 652K(704K)->652K(704K)
[13625.219s][info][gc             ] GC(34351) Pause Young (Allocation Failure) 548M->364M(542M) 1.231ms
[13625.219s][info][gc,cpu         ] GC(34351) User=0.01s Sys=0.00s Real=0.00s
[13625.824s][info][gc,start       ] GC(34352) Pause Young (Allocation Failure)
[13625.826s][info][gc,heap        ] GC(34352) PSYoungGen: 181488K(181760K)->224K(175104K) Eden: 181248K(181248K)->0K(174592K) From: 240K(512K)->224K(512K)
[13625.826s][info][gc,heap        ] GC(34352) ParOldGen: 373181K(373248K)->373197K(373248K)
[13625.826s][info][gc,metaspace   ] GC(34352) Metaspace: 8795K(9024K)->8795K(9024K) NonClass: 8143K(8320K)->8143K(8320K) Class: 652K(704K)->652K(704K)
[13625.826s][info][gc             ] GC(34352) Pause Young (Allocation Failure) 541M->364M(535M) 1.789ms
[13625.826s][info][gc,cpu         ] GC(34352) User=0.00s Sys=0.00s Real=0.00s
[13626.377s][info][gc,start       ] GC(34353) Pause Young (Allocation Failure)
[13626.378s][info][gc,heap        ] GC(34353) PSYoungGen: 174816K(175104K)->256K(168960K) Eden: 174592K(174592K)->0K(168448K) From: 224K(512K)->256K(512K)
[13626.379s][info][gc,heap        ] GC(34353) ParOldGen: 373197K(373248K)->373213K(373248K)
[13626.379s][info][gc,metaspace   ] GC(34353) Metaspace: 8795K(9024K)->8795K(9024K) NonClass: 8143K(8320K)->8143K(8320K) Class: 652K(704K)->652K(704K)
[13626.379s][info][gc             ] GC(34353) Pause Young (Allocation Failure) 535M->364M(529M) 1.167ms
[13626.379s][info][gc,cpu         ] GC(34353) User=0.01s Sys=0.00s Real=0.00s
[13626.868s][info][gc,start       ] GC(34354) Pause Young (Allocation Failure)
[13626.869s][info][gc,heap        ] GC(34354) PSYoungGen: 168704K(168960K)->224K(163328K) Eden: 168448K(168448K)->0K(162816K) From: 256K(512K)->224K(512K)
[13626.869s][info][gc,heap        ] GC(34354) ParOldGen: 373213K(373248K)->373229K(373248K)
[13626.869s][info][gc,metaspace   ] GC(34354) Metaspace: 8795K(9024K)->8795K(9024K) NonClass: 8143K(8320K)->8143K(8320K) Class: 652K(704K)->652K(704K)
[13626.869s][info][gc             ] GC(34354) Pause Young (Allocation Failure) 529M->364M(524M) 1.165ms
[13626.869s][info][gc,cpu         ] GC(34354) User=0.00s Sys=0.00s Real=0.00s
[13627.340s][info][gc,start       ] GC(34355) Pause Young (Allocation Failure)
[13627.341s][info][gc,heap        ] GC(34355) PSYoungGen: 163040K(163328K)->272K(157696K) Eden: 162816K(162816K)->0K(157184K) From: 224K(512K)->272K(512K)
[13627.341s][info][gc,heap        ] GC(34355) ParOldGen: 373229K(373248K)->373245K(373248K)
[13627.341s][info][gc,metaspace   ] GC(34355) Metaspace: 8795K(9024K)->8795K(9024K) NonClass: 8143K(8320K)->8143K(8320K) Class: 652K(704K)->652K(704K)
[13627.341s][info][gc             ] GC(34355) Pause Young (Allocation Failure) 523M->364M(518M) 1.348ms
[13627.341s][info][gc,cpu         ] GC(34355) User=0.00s Sys=0.00s Real=0.01s
[13627.793s][info][gc,start       ] GC(34356) Pause Young (Allocation Failure)
[13627.794s][info][gc,heap        ] GC(34356) PSYoungGen: 157456K(157696K)->256K(152576K) Eden: 157184K(157184K)->0K(152064K) From: 272K(512K)->256K(512K)
[13627.794s][info][gc,heap        ] GC(34356) ParOldGen: 373245K(373248K)->373261K(373760K)
[13627.794s][info][gc,metaspace   ] GC(34356) Metaspace: 8795K(9024K)->8795K(9024K) NonClass: 8143K(8320K)->8143K(8320K) Class: 652K(704K)->652K(704K)
[13627.794s][info][gc             ] GC(34356) Pause Young (Allocation Failure) 518M->364M(514M) 1.218ms
[13627.794s][info][gc,cpu         ] GC(34356) User=0.00s Sys=0.00s Real=0.00s
[13628.243s][info][gc,start       ] GC(34357) Pause Young (Allocation Failure)
[13628.245s][info][gc,heap        ] GC(34357) PSYoungGen: 152320K(152576K)->224K(147456K) Eden: 152064K(152064K)->0K(146944K) From: 256K(512K)->224K(512K)
[13628.245s][info][gc,heap        ] GC(34357) ParOldGen: 373261K(373760K)->373277K(373760K)
[13628.245s][info][gc,metaspace   ] GC(34357) Metaspace: 8795K(9024K)->8795K(9024K) NonClass: 8143K(8320K)->8143K(8320K) Class: 652K(704K)->652K(704K)
[13628.245s][info][gc             ] GC(34357) Pause Young (Allocation Failure) 513M->364M(509M) 2.158ms
[13628.245s][info][gc,cpu         ] GC(34357) User=0.00s Sys=0.00s Real=0.00s
[13628.665s][info][gc,start       ] GC(34358) Pause Young (Allocation Failure)
[13628.667s][info][gc,heap        ] GC(34358) PSYoungGen: 147168K(147456K)->224K(142848K) Eden: 146944K(146944K)->0K(142336K) From: 224K(512K)->224K(512K)
[13628.667s][info][gc,heap        ] GC(34358) ParOldGen: 373277K(373760K)->373285K(373760K)
[13628.667s][info][gc,metaspace   ] GC(34358) Metaspace: 8795K(9024K)->8795K(9024K) NonClass: 8143K(8320K)->8143K(8320K) Class: 652K(704K)->652K(704K)
[13628.667s][info][gc             ] GC(34358) Pause Young (Allocation Failure) 508M->364M(504M) 2.405ms
[13628.667s][info][gc,cpu         ] GC(34358) User=0.01s Sys=0.00s Real=0.00s
[13629.114s][info][gc,start       ] GC(34359) Pause Young (Allocation Failure)
[13629.116s][info][gc,heap        ] GC(34359) PSYoungGen: 142560K(142848K)->256K(138240K) Eden: 142336K(142336K)->0K(137728K) From: 224K(512K)->256K(512K)
[13629.116s][info][gc,heap        ] GC(34359) ParOldGen: 373285K(373760K)->373293K(373760K)
[13629.116s][info][gc,metaspace   ] GC(34359) Metaspace: 8795K(9024K)->8795K(9024K) NonClass: 8143K(8320K)->8143K(8320K) Class: 652K(704K)->652K(704K)
[13629.116s][info][gc             ] GC(34359) Pause Young (Allocation Failure) 503M->364M(500M) 2.123ms
[13629.116s][info][gc,cpu         ] GC(34359) User=0.00s Sys=0.00s Real=0.00s
[13629.514s][info][gc,start       ] GC(34360) Pause Young (Allocation Failure)
[13629.515s][info][gc,heap        ] GC(34360) PSYoungGen: 137984K(138240K)->288K(133632K) Eden: 137728K(137728K)->0K(133120K) From: 256K(512K)->288K(512K)
[13629.515s][info][gc,heap        ] GC(34360) ParOldGen: 373293K(373760K)->373309K(373760K)
[13629.515s][info][gc,metaspace   ] GC(34360) Metaspace: 8795K(9024K)->8795K(9024K) NonClass: 8143K(8320K)->8143K(8320K) Class: 652K(704K)->652K(704K)
[13629.515s][info][gc             ] GC(34360) Pause Young (Allocation Failure) 499M->364M(495M) 1.594ms
[13629.515s][info][gc,cpu         ] GC(34360) User=0.00s Sys=0.00s Real=0.00s
[13629.939s][info][gc,start       ] GC(34361) Pause Young (Allocation Failure)
[13629.940s][info][gc,heap        ] GC(34361) PSYoungGen: 133408K(133632K)->256K(129536K) Eden: 133120K(133120K)->0K(129024K) From: 288K(512K)->256K(512K)
[13629.940s][info][gc,heap        ] GC(34361) ParOldGen: 373309K(373760K)->373325K(373760K)
[13629.940s][info][gc,metaspace   ] GC(34361) Metaspace: 8795K(9024K)->8795K(9024K) NonClass: 8143K(8320K)->8143K(8320K) Class: 652K(704K)->652K(704K)
[13629.940s][info][gc             ] GC(34361) Pause Young (Allocation Failure) 494M->364M(491M) 1.173ms
[13629.940s][info][gc,cpu         ] GC(34361) User=0.00s Sys=0.00s Real=0.01s
[13630.332s][info][gc,start       ] GC(34362) Pause Young (Allocation Failure)
[13630.333s][info][gc,heap        ] GC(34362) PSYoungGen: 129280K(129536K)->240K(125440K) Eden: 129024K(129024K)->0K(124928K) From: 256K(512K)->240K(512K)
[13630.333s][info][gc,heap        ] GC(34362) ParOldGen: 373325K(373760K)->373341K(373760K)
[13630.333s][info][gc,metaspace   ] GC(34362) Metaspace: 8795K(9024K)->8795K(9024K) NonClass: 8143K(8320K)->8143K(8320K) Class: 652K(704K)->652K(704K)
[13630.333s][info][gc             ] GC(34362) Pause Young (Allocation Failure) 490M->364M(487M) 1.168ms
[13630.333s][info][gc,cpu         ] GC(34362) User=0.00s Sys=0.00s Real=0.00s
[13630.719s][info][gc,start       ] GC(34363) Pause Young (Allocation Failure)
[13630.722s][info][gc,heap        ] GC(34363) PSYoungGen: 125168K(125440K)->272K(121344K) Eden: 124928K(124928K)->0K(120832K) From: 240K(512K)->272K(512K)
[13630.722s][info][gc,heap        ] GC(34363) ParOldGen: 373341K(373760K)->373349K(373760K)
[13630.722s][info][gc,metaspace   ] GC(34363) Metaspace: 8795K(9024K)->8795K(9024K) NonClass: 8143K(8320K)->8143K(8320K) Class: 652K(704K)->652K(704K)
[13630.722s][info][gc             ] GC(34363) Pause Young (Allocation Failure) 486M->364M(483M) 2.135ms
[13630.722s][info][gc,cpu         ] GC(34363) User=0.01s Sys=0.00s Real=0.01s
[13631.059s][info][gc,start       ] GC(34364) Pause Young (Allocation Failure)
[13631.060s][info][gc,heap        ] GC(34364) PSYoungGen: 121104K(121344K)->240K(117760K) Eden: 120832K(120832K)->0K(117248K) From: 272K(512K)->240K(512K)
[13631.060s][info][gc,heap        ] GC(34364) ParOldGen: 373349K(373760K)->373365K(373760K)
[13631.060s][info][gc,metaspace   ] GC(34364) Metaspace: 8795K(9024K)->8795K(9024K) NonClass: 8143K(8320K)->8143K(8320K) Class: 652K(704K)->652K(704K)
[13631.060s][info][gc             ] GC(34364) Pause Young (Allocation Failure) 482M->364M(480M) 1.166ms
[13631.060s][info][gc,cpu         ] GC(34364) User=0.00s Sys=0.00s Real=0.00s
[13631.405s][info][gc,start       ] GC(34365) Pause Young (Allocation Failure)
[13631.407s][info][gc,heap        ] GC(34365) PSYoungGen: 117488K(117760K)->240K(114176K) Eden: 117248K(117248K)->0K(113664K) From: 240K(512K)->240K(512K)
[13631.407s][info][gc,heap        ] GC(34365) ParOldGen: 373365K(373760K)->373373K(373760K)
[13631.407s][info][gc,metaspace   ] GC(34365) Metaspace: 8795K(9024K)->8795K(9024K) NonClass: 8143K(8320K)->8143K(8320K) Class: 652K(704K)->652K(704K)
[13631.407s][info][gc             ] GC(34365) Pause Young (Allocation Failure) 479M->364M(476M) 2.103ms
[13631.407s][info][gc,cpu         ] GC(34365) User=0.00s Sys=0.00s Real=0.00s
[13631.742s][info][gc,start       ] GC(34366) Pause Young (Allocation Failure)
[13631.744s][info][gc,heap        ] GC(34366) PSYoungGen: 113904K(114176K)->208K(110592K) Eden: 113664K(113664K)->0K(110080K) From: 240K(512K)->208K(512K)
[13631.744s][info][gc,heap        ] GC(34366) ParOldGen: 373373K(373760K)->373381K(373760K)
[13631.744s][info][gc,metaspace   ] GC(34366) Metaspace: 8795K(9024K)->8795K(9024K) NonClass: 8143K(8320K)->8143K(8320K) Class: 652K(704K)->652K(704K)
[13631.744s][info][gc             ] GC(34366) Pause Young (Allocation Failure) 475M->364M(473M) 2.090ms
[13631.744s][info][gc,cpu         ] GC(34366) User=0.00s Sys=0.00s Real=0.00s
[13632.069s][info][gc,start       ] GC(34367) Pause Young (Allocation Failure)
[13632.071s][info][gc,heap        ] GC(34367) PSYoungGen: 110288K(110592K)->272K(107520K) Eden: 110080K(110080K)->0K(107008K) From: 208K(512K)->272K(512K)
[13632.071s][info][gc,heap        ] GC(34367) ParOldGen: 373381K(373760K)->373389K(373760K)
[13632.071s][info][gc,metaspace   ] GC(34367) Metaspace: 8795K(9024K)->8795K(9024K) NonClass: 8143K(8320K)->8143K(8320K) Class: 652K(704K)->652K(704K)
[13632.071s][info][gc             ] GC(34367) Pause Young (Allocation Failure) 472M->364M(470M) 2.245ms
[13632.072s][info][gc,cpu         ] GC(34367) User=0.00s Sys=0.00s Real=0.01s
[13632.371s][info][gc,start       ] GC(34368) Pause Young (Allocation Failure)
[13632.373s][info][gc,heap        ] GC(34368) PSYoungGen: 107280K(107520K)->240K(104448K) Eden: 107008K(107008K)->0K(103936K) From: 272K(512K)->240K(512K)
[13632.373s][info][gc,heap        ] GC(34368) ParOldGen: 373389K(373760K)->373405K(373760K)
[13632.373s][info][gc,metaspace   ] GC(34368) Metaspace: 8795K(9024K)->8795K(9024K) NonClass: 8143K(8320K)->8143K(8320K) Class: 652K(704K)->652K(704K)
[13632.373s][info][gc             ] GC(34368) Pause Young (Allocation Failure) 469M->364M(467M) 2.148ms
[13632.373s][info][gc,cpu         ] GC(34368) User=0.00s Sys=0.00s Real=0.00s
[13632.685s][info][gc,start       ] GC(34369) Pause Young (Allocation Failure)
[13632.687s][info][gc,heap        ] GC(34369) PSYoungGen: 104176K(104448K)->240K(101376K) Eden: 103936K(103936K)->0K(100864K) From: 240K(512K)->240K(512K)
[13632.687s][info][gc,heap        ] GC(34369) ParOldGen: 373405K(373760K)->373413K(373760K)
[13632.687s][info][gc,metaspace   ] GC(34369) Metaspace: 8795K(9024K)->8795K(9024K) NonClass: 8143K(8320K)->8143K(8320K) Class: 652K(704K)->652K(704K)
[13632.687s][info][gc             ] GC(34369) Pause Young (Allocation Failure) 466M->364M(464M) 2.240ms
[13632.687s][info][gc,cpu         ] GC(34369) User=0.00s Sys=0.00s Real=0.00s
[13632.973s][info][gc,start       ] GC(34370) Pause Young (Allocation Failure)
[13632.974s][info][gc,heap        ] GC(34370) PSYoungGen: 101104K(101376K)->256K(98304K) Eden: 100864K(100864K)->0K(97792K) From: 240K(512K)->256K(512K)
[13632.974s][info][gc,heap        ] GC(34370) ParOldGen: 373413K(373760K)->373429K(373760K)
[13632.974s][info][gc,metaspace   ] GC(34370) Metaspace: 8795K(9024K)->8795K(9024K) NonClass: 8143K(8320K)->8143K(8320K) Class: 652K(704K)->652K(704K)
[13632.974s][info][gc             ] GC(34370) Pause Young (Allocation Failure) 463M->364M(461M) 1.250ms
[13632.974s][info][gc,cpu         ] GC(34370) User=0.01s Sys=0.00s Real=0.00s
[13633.290s][info][gc,start       ] GC(34371) Pause Young (Allocation Failure)
[13633.291s][info][gc,heap        ] GC(34371) PSYoungGen: 98048K(98304K)->256K(95744K) Eden: 97792K(97792K)->0K(95232K) From: 256K(512K)->256K(512K)
[13633.291s][info][gc,heap        ] GC(34371) ParOldGen: 373429K(373760K)->373445K(373760K)
[13633.291s][info][gc,metaspace   ] GC(34371) Metaspace: 8795K(9024K)->8795K(9024K) NonClass: 8143K(8320K)->8143K(8320K) Class: 652K(704K)->652K(704K)
[13633.291s][info][gc             ] GC(34371) Pause Young (Allocation Failure) 460M->364M(458M) 1.370ms
[13633.291s][info][gc,cpu         ] GC(34371) User=0.01s Sys=0.00s Real=0.01s
[13633.561s][info][gc,start       ] GC(34372) Pause Young (Allocation Failure)
[13633.562s][info][gc,heap        ] GC(34372) PSYoungGen: 95488K(95744K)->288K(93184K) Eden: 95232K(95232K)->0K(92672K) From: 256K(512K)->288K(512K)
[13633.562s][info][gc,heap        ] GC(34372) ParOldGen: 373445K(373760K)->373461K(373760K)
[13633.562s][info][gc,metaspace   ] GC(34372) Metaspace: 8795K(9024K)->8795K(9024K) NonClass: 8143K(8320K)->8143K(8320K) Class: 652K(704K)->652K(704K)
[13633.562s][info][gc             ] GC(34372) Pause Young (Allocation Failure) 457M->364M(456M) 1.208ms
[13633.562s][info][gc,cpu         ] GC(34372) User=0.00s Sys=0.00s Real=0.00s
[13633.822s][info][gc,start       ] GC(34373) Pause Young (Allocation Failure)
[13633.823s][info][gc,heap        ] GC(34373) PSYoungGen: 92960K(93184K)->224K(90624K) Eden: 92672K(92672K)->0K(90112K) From: 288K(512K)->224K(512K)
[13633.823s][info][gc,heap        ] GC(34373) ParOldGen: 373461K(373760K)->373477K(373760K)
[13633.823s][info][gc,metaspace   ] GC(34373) Metaspace: 8795K(9024K)->8795K(9024K) NonClass: 8143K(8320K)->8143K(8320K) Class: 652K(704K)->652K(704K)
[13633.823s][info][gc             ] GC(34373) Pause Young (Allocation Failure) 455M->364M(453M) 1.158ms
[13633.823s][info][gc,cpu         ] GC(34373) User=0.00s Sys=0.00s Real=0.00s
[13634.094s][info][gc,start       ] GC(34374) Pause Young (Allocation Failure)
[13634.095s][info][gc,heap        ] GC(34374) PSYoungGen: 90336K(90624K)->240K(88064K) Eden: 90112K(90112K)->0K(87552K) From: 224K(512K)->240K(512K)
[13634.095s][info][gc,heap        ] GC(34374) ParOldGen: 373477K(373760K)->373493K(373760K)
[13634.095s][info][gc,metaspace   ] GC(34374) Metaspace: 8795K(9024K)->8795K(9024K) NonClass: 8143K(8320K)->8143K(8320K) Class: 652K(704K)->652K(704K)
[13634.095s][info][gc             ] GC(34374) Pause Young (Allocation Failure) 452M->364M(451M) 1.238ms
[13634.095s][info][gc,cpu         ] GC(34374) User=0.01s Sys=0.00s Real=0.00s
[13634.345s][info][gc,start       ] GC(34375) Pause Young (Allocation Failure)
[13634.346s][info][gc,heap        ] GC(34375) PSYoungGen: 87792K(88064K)->288K(202752K) Eden: 87552K(87552K)->0K(202240K) From: 240K(512K)->288K(512K)
[13634.346s][info][gc,heap        ] GC(34375) ParOldGen: 373493K(373760K)->373509K(373760K)
[13634.346s][info][gc,metaspace   ] GC(34375) Metaspace: 8795K(9024K)->8795K(9024K) NonClass: 8143K(8320K)->8143K(8320K) Class: 652K(704K)->652K(704K)
[13634.346s][info][gc             ] GC(34375) Pause Young (Allocation Failure) 450M->365M(563M) 1.161ms
[13634.346s][info][gc,cpu         ] GC(34375) User=0.00s Sys=0.00s Real=0.00s
[13634.972s][info][gc,start       ] GC(34376) Pause Young (Allocation Failure)
[13634.973s][info][gc,heap        ] GC(34376) PSYoungGen: 202528K(202752K)->256K(195584K) Eden: 202240K(202240K)->0K(195072K) From: 288K(512K)->256K(512K)
[13634.973s][info][gc,heap        ] GC(34376) ParOldGen: 373509K(373760K)->373525K(373760K)
[13634.973s][info][gc,metaspace   ] GC(34376) Metaspace: 8795K(9024K)->8795K(9024K) NonClass: 8143K(8320K)->8143K(8320K) Class: 652K(704K)->652K(704K)
[13634.973s][info][gc             ] GC(34376) Pause Young (Allocation Failure) 562M->365M(556M) 1.277ms
[13634.973s][info][gc,cpu         ] GC(34376) User=0.00s Sys=0.00s Real=0.00s
[13635.545s][info][gc,start       ] GC(34377) Pause Young (Allocation Failure)
[13635.546s][info][gc,heap        ] GC(34377) PSYoungGen: 195328K(195584K)->256K(188416K) Eden: 195072K(195072K)->0K(187904K) From: 256K(512K)->256K(512K)
[13635.546s][info][gc,heap        ] GC(34377) ParOldGen: 373525K(373760K)->373541K(373760K)
[13635.546s][info][gc,metaspace   ] GC(34377) Metaspace: 8795K(9024K)->8795K(9024K) NonClass: 8143K(8320K)->8143K(8320K) Class: 652K(704K)->652K(704K)
[13635.546s][info][gc             ] GC(34377) Pause Young (Allocation Failure) 555M->365M(549M) 1.130ms
[13635.546s][info][gc,cpu         ] GC(34377) User=0.00s Sys=0.00s Real=0.00s
[13636.074s][info][gc,start       ] GC(34378) Pause Young (Allocation Failure)
[13636.075s][info][gc,heap        ] GC(34378) PSYoungGen: 188160K(188416K)->272K(181760K) Eden: 187904K(187904K)->0K(181248K) From: 256K(512K)->272K(512K)
[13636.075s][info][gc,heap        ] GC(34378) ParOldGen: 373541K(373760K)->373557K(373760K)
[13636.075s][info][gc,metaspace   ] GC(34378) Metaspace: 8795K(9024K)->8795K(9024K) NonClass: 8143K(8320K)->8143K(8320K) Class: 652K(704K)->652K(704K)
[13636.075s][info][gc             ] GC(34378) Pause Young (Allocation Failure) 548M->365M(542M) 1.153ms
[13636.075s][info][gc,cpu         ] GC(34378) User=0.00s Sys=0.00s Real=0.00s
[13636.622s][info][gc,start       ] GC(34379) Pause Young (Allocation Failure)
[13636.623s][info][gc,heap        ] GC(34379) PSYoungGen: 181520K(181760K)->240K(175104K) Eden: 181248K(181248K)->0K(174592K) From: 272K(512K)->240K(512K)
[13636.623s][info][gc,heap        ] GC(34379) ParOldGen: 373557K(373760K)->373573K(373760K)
[13636.623s][info][gc,metaspace   ] GC(34379) Metaspace: 8795K(9024K)->8795K(9024K) NonClass: 8143K(8320K)->8143K(8320K) Class: 652K(704K)->652K(704K)
[13636.623s][info][gc             ] GC(34379) Pause Young (Allocation Failure) 542M->365M(536M) 1.163ms
[13636.623s][info][gc,cpu         ] GC(34379) User=0.00s Sys=0.00s Real=0.00s
[13637.137s][info][gc,start       ] GC(34380) Pause Young (Allocation Failure)
[13637.138s][info][gc,heap        ] GC(34380) PSYoungGen: 174832K(175104K)->256K(168960K) Eden: 174592K(174592K)->0K(168448K) From: 240K(512K)->256K(512K)
[13637.138s][info][gc,heap        ] GC(34380) ParOldGen: 373573K(373760K)->373589K(373760K)
[13637.138s][info][gc,metaspace   ] GC(34380) Metaspace: 8795K(9024K)->8795K(9024K) NonClass: 8143K(8320K)->8143K(8320K) Class: 652K(704K)->652K(704K)
[13637.138s][info][gc             ] GC(34380) Pause Young (Allocation Failure) 535M->365M(530M) 1.153ms
[13637.138s][info][gc,cpu         ] GC(34380) User=0.01s Sys=0.00s Real=0.00s
[13637.649s][info][gc,start       ] GC(34381) Pause Young (Allocation Failure)
[13637.650s][info][gc,heap        ] GC(34381) PSYoungGen: 168704K(168960K)->240K(163328K) Eden: 168448K(168448K)->0K(162816K) From: 256K(512K)->240K(512K)
[13637.650s][info][gc,heap        ] GC(34381) ParOldGen: 373589K(373760K)->373605K(373760K)
[13637.650s][info][gc,metaspace   ] GC(34381) Metaspace: 8795K(9024K)->8795K(9024K) NonClass: 8143K(8320K)->8143K(8320K) Class: 652K(704K)->652K(704K)
[13637.650s][info][gc             ] GC(34381) Pause Young (Allocation Failure) 529M->365M(524M) 1.152ms
[13637.650s][info][gc,cpu         ] GC(34381) User=0.01s Sys=0.00s Real=0.00s
[13638.137s][info][gc,start       ] GC(34382) Pause Young (Allocation Failure)
[13638.138s][info][gc,heap        ] GC(34382) PSYoungGen: 163056K(163328K)->224K(157696K) Eden: 162816K(162816K)->0K(157184K) From: 240K(512K)->224K(512K)
[13638.138s][info][gc,heap        ] GC(34382) ParOldGen: 373605K(373760K)->373621K(373760K)
[13638.138s][info][gc,metaspace   ] GC(34382) Metaspace: 8795K(9024K)->8795K(9024K) NonClass: 8143K(8320K)->8143K(8320K) Class: 652K(704K)->652K(704K)
[13638.138s][info][gc             ] GC(34382) Pause Young (Allocation Failure) 524M->365M(519M) 1.212ms
[13638.138s][info][gc,cpu         ] GC(34382) User=0.01s Sys=0.00s Real=0.00s
[13638.590s][info][gc,start       ] GC(34383) Pause Young (Allocation Failure)
[13638.591s][info][gc,heap        ] GC(34383) PSYoungGen: 157408K(157696K)->256K(152576K) Eden: 157184K(157184K)->0K(152064K) From: 224K(512K)->256K(512K)
[13638.591s][info][gc,heap        ] GC(34383) ParOldGen: 373621K(373760K)->373637K(373760K)
[13638.591s][info][gc,metaspace   ] GC(34383) Metaspace: 8795K(9024K)->8795K(9024K) NonClass: 8143K(8320K)->8143K(8320K) Class: 652K(704K)->652K(704K)
[13638.591s][info][gc             ] GC(34383) Pause Young (Allocation Failure) 518M->365M(514M) 1.294ms
[13638.591s][info][gc,cpu         ] GC(34383) User=0.00s Sys=0.00s Real=0.01s
[13639.050s][info][gc,start       ] GC(34384) Pause Young (Allocation Failure)
[13639.053s][info][gc,heap        ] GC(34384) PSYoungGen: 152320K(152576K)->272K(147456K) Eden: 152064K(152064K)->0K(146944K) From: 256K(512K)->272K(512K)
[13639.053s][info][gc,heap        ] GC(34384) ParOldGen: 373637K(373760K)->373645K(373760K)
[13639.053s][info][gc,metaspace   ] GC(34384) Metaspace: 8795K(9024K)->8795K(9024K) NonClass: 8143K(8320K)->8143K(8320K) Class: 652K(704K)->652K(704K)
[13639.053s][info][gc             ] GC(34384) Pause Young (Allocation Failure) 513M->365M(509M) 2.284ms
[13639.053s][info][gc,cpu         ] GC(34384) User=0.01s Sys=0.00s Real=0.00s
[13639.498s][info][gc,start       ] GC(34385) Pause Young (Allocation Failure)
[13639.500s][info][gc,heap        ] GC(34385) PSYoungGen: 147216K(147456K)->256K(142848K) Eden: 146944K(146944K)->0K(142336K) From: 272K(512K)->256K(512K)
[13639.500s][info][gc,heap        ] GC(34385) ParOldGen: 373645K(373760K)->373653K(373760K)
[13639.500s][info][gc,metaspace   ] GC(34385) Metaspace: 8795K(9024K)->8795K(9024K) NonClass: 8143K(8320K)->8143K(8320K) Class: 652K(704K)->652K(704K)
[13639.500s][info][gc             ] GC(34385) Pause Young (Allocation Failure) 508M->365M(504M) 2.324ms
[13639.501s][info][gc,cpu         ] GC(34385) User=0.00s Sys=0.00s Real=0.01s
[13639.940s][info][gc,start       ] GC(34386) Pause Young (Allocation Failure)
[13639.943s][info][gc,heap        ] GC(34386) PSYoungGen: 142592K(142848K)->272K(138240K) Eden: 142336K(142336K)->0K(137728K) From: 256K(512K)->272K(512K)
[13639.943s][info][gc,heap        ] GC(34386) ParOldGen: 373653K(373760K)->373669K(373760K)
[13639.943s][info][gc,metaspace   ] GC(34386) Metaspace: 8795K(9024K)->8795K(9024K) NonClass: 8143K(8320K)->8143K(8320K) Class: 652K(704K)->652K(704K)
[13639.943s][info][gc             ] GC(34386) Pause Young (Allocation Failure) 504M->365M(500M) 2.312ms
[13639.943s][info][gc,cpu         ] GC(34386) User=0.00s Sys=0.00s Real=0.00s
[13640.374s][info][gc,start       ] GC(34387) Pause Young (Allocation Failure)
[13640.376s][info][gc,heap        ] GC(34387) PSYoungGen: 138000K(138240K)->240K(133632K) Eden: 137728K(137728K)->0K(133120K) From: 272K(512K)->240K(512K)
[13640.376s][info][gc,heap        ] GC(34387) ParOldGen: 373669K(373760K)->373677K(373760K)
[13640.376s][info][gc,metaspace   ] GC(34387) Metaspace: 8795K(9024K)->8795K(9024K) NonClass: 8143K(8320K)->8143K(8320K) Class: 652K(704K)->652K(704K)
[13640.376s][info][gc             ] GC(34387) Pause Young (Allocation Failure) 499M->365M(495M) 2.194ms
[13640.376s][info][gc,cpu         ] GC(34387) User=0.00s Sys=0.00s Real=0.00s
[13640.796s][info][gc,start       ] GC(34388) Pause Young (Allocation Failure)
[13640.799s][info][gc,heap        ] GC(34388) PSYoungGen: 133360K(133632K)->256K(129536K) Eden: 133120K(133120K)->0K(129024K) From: 240K(512K)->256K(512K)
[13640.799s][info][gc,heap        ] GC(34388) ParOldGen: 373677K(373760K)->373685K(373760K)
[13640.799s][info][gc,metaspace   ] GC(34388) Metaspace: 8795K(9024K)->8795K(9024K) NonClass: 8143K(8320K)->8143K(8320K) Class: 652K(704K)->652K(704K)
[13640.799s][info][gc             ] GC(34388) Pause Young (Allocation Failure) 495M->365M(491M) 2.559ms
[13640.799s][info][gc,cpu         ] GC(34388) User=0.00s Sys=0.00s Real=0.00s
[13641.211s][info][gc,start       ] GC(34389) Pause Young (Allocation Failure)
[13641.214s][info][gc,heap        ] GC(34389) PSYoungGen: 129280K(129536K)->272K(125440K) Eden: 129024K(129024K)->0K(124928K) From: 256K(512K)->272K(512K)
[13641.214s][info][gc,heap        ] GC(34389) ParOldGen: 373685K(373760K)->373693K(373760K)
[13641.214s][info][gc,metaspace   ] GC(34389) Metaspace: 8795K(9024K)->8795K(9024K) NonClass: 8143K(8320K)->8143K(8320K) Class: 652K(704K)->652K(704K)
[13641.214s][info][gc             ] GC(34389) Pause Young (Allocation Failure) 491M->365M(487M) 2.510ms
[13641.214s][info][gc,cpu         ] GC(34389) User=0.00s Sys=0.00s Real=0.00s
[13641.640s][info][gc,start       ] GC(34390) Pause Young (Allocation Failure)
[13641.642s][info][gc,heap        ] GC(34390) PSYoungGen: 125200K(125440K)->240K(121344K) Eden: 124928K(124928K)->0K(120832K) From: 272K(512K)->240K(512K)
[13641.642s][info][gc,heap        ] GC(34390) ParOldGen: 373693K(373760K)->373701K(373760K)
[13641.642s][info][gc,metaspace   ] GC(34390) Metaspace: 8795K(9024K)->8795K(9024K) NonClass: 8143K(8320K)->8143K(8320K) Class: 652K(704K)->652K(704K)
[13641.642s][info][gc             ] GC(34390) Pause Young (Allocation Failure) 487M->365M(483M) 2.217ms
[13641.642s][info][gc,cpu         ] GC(34390) User=0.00s Sys=0.00s Real=0.01s
[13642.012s][info][gc,start       ] GC(34391) Pause Young (Allocation Failure)
[13642.014s][info][gc,heap        ] GC(34391) PSYoungGen: 121072K(121344K)->224K(117760K) Eden: 120832K(120832K)->0K(117248K) From: 240K(512K)->224K(512K)
[13642.014s][info][gc,heap        ] GC(34391) ParOldGen: 373701K(373760K)->373717K(373760K)
[13642.014s][info][gc,metaspace   ] GC(34391) Metaspace: 8795K(9024K)->8795K(9024K) NonClass: 8143K(8320K)->8143K(8320K) Class: 652K(704K)->652K(704K)
[13642.014s][info][gc             ] GC(34391) Pause Young (Allocation Failure) 483M->365M(480M) 2.163ms
[13642.014s][info][gc,cpu         ] GC(34391) User=0.00s Sys=0.00s Real=0.00s
[13642.380s][info][gc,start       ] GC(34392) Pause Young (Allocation Failure)
[13642.382s][info][gc,heap        ] GC(34392) PSYoungGen: 117472K(117760K)->240K(114176K) Eden: 117248K(117248K)->0K(113664K) From: 224K(512K)->240K(512K)
[13642.382s][info][gc,heap        ] GC(34392) ParOldGen: 373717K(373760K)->373725K(373760K)
[13642.382s][info][gc,metaspace   ] GC(34392) Metaspace: 8795K(9024K)->8795K(9024K) NonClass: 8143K(8320K)->8143K(8320K) Class: 652K(704K)->652K(704K)
[13642.382s][info][gc             ] GC(34392) Pause Young (Allocation Failure) 479M->365M(476M) 2.165ms
[13642.382s][info][gc,cpu         ] GC(34392) User=0.00s Sys=0.00s Real=0.01s
[13642.729s][info][gc,start       ] GC(34393) Pause Young (Allocation Failure)
[13642.731s][info][gc,heap        ] GC(34393) PSYoungGen: 113904K(114176K)->224K(110592K) Eden: 113664K(113664K)->0K(110080K) From: 240K(512K)->224K(512K)
[13642.731s][info][gc,heap        ] GC(34393) ParOldGen: 373725K(373760K)->373733K(373760K)
[13642.731s][info][gc,metaspace   ] GC(34393) Metaspace: 8795K(9024K)->8795K(9024K) NonClass: 8143K(8320K)->8143K(8320K) Class: 652K(704K)->652K(704K)
[13642.731s][info][gc             ] GC(34393) Pause Young (Allocation Failure) 476M->365M(473M) 2.237ms
[13642.731s][info][gc,cpu         ] GC(34393) User=0.00s Sys=0.00s Real=0.01s
[13643.083s][info][gc,start       ] GC(34394) Pause Young (Allocation Failure)
[13643.086s][info][gc,heap        ] GC(34394) PSYoungGen: 110304K(110592K)->256K(107520K) Eden: 110080K(110080K)->0K(107008K) From: 224K(512K)->256K(512K)
[13643.086s][info][gc,heap        ] GC(34394) ParOldGen: 373733K(373760K)->373741K(373760K)
[13643.086s][info][gc,metaspace   ] GC(34394) Metaspace: 8795K(9024K)->8795K(9024K) NonClass: 8143K(8320K)->8143K(8320K) Class: 652K(704K)->652K(704K)
[13643.086s][info][gc             ] GC(34394) Pause Young (Allocation Failure) 472M->365M(470M) 2.668ms
[13643.086s][info][gc,cpu         ] GC(34394) User=0.00s Sys=0.00s Real=0.00s
[13643.446s][info][gc,start       ] GC(34395) Pause Young (Allocation Failure)
[13643.447s][info][gc,heap        ] GC(34395) PSYoungGen: 107264K(107520K)->256K(104448K) Eden: 107008K(107008K)->0K(103936K) From: 256K(512K)->256K(512K)
[13643.447s][info][gc,heap        ] GC(34395) ParOldGen: 373741K(373760K)->373757K(373760K)
[13643.447s][info][gc,metaspace   ] GC(34395) Metaspace: 8795K(9024K)->8795K(9024K) NonClass: 8143K(8320K)->8143K(8320K) Class: 652K(704K)->652K(704K)
[13643.447s][info][gc             ] GC(34395) Pause Young (Allocation Failure) 469M->365M(467M) 1.284ms
[13643.447s][info][gc,cpu         ] GC(34395) User=0.00s Sys=0.00s Real=0.00s
[13643.795s][info][gc,start       ] GC(34396) Pause Young (Allocation Failure)
[13643.797s][info][gc,heap        ] GC(34396) PSYoungGen: 104192K(104448K)->256K(101376K) Eden: 103936K(103936K)->0K(100864K) From: 256K(512K)->256K(512K)
[13643.797s][info][gc,heap        ] GC(34396) ParOldGen: 373757K(373760K)->373773K(374272K)
[13643.797s][info][gc,metaspace   ] GC(34396) Metaspace: 8795K(9024K)->8795K(9024K) NonClass: 8143K(8320K)->8143K(8320K) Class: 652K(704K)->652K(704K)
[13643.797s][info][gc             ] GC(34396) Pause Young (Allocation Failure) 466M->365M(464M) 1.788ms
[13643.797s][info][gc,cpu         ] GC(34396) User=0.01s Sys=0.00s Real=0.00s
[13644.128s][info][gc,start       ] GC(34397) Pause Young (Allocation Failure)
[13644.129s][info][gc,heap        ] GC(34397) PSYoungGen: 101120K(101376K)->240K(98304K) Eden: 100864K(100864K)->0K(97792K) From: 256K(512K)->240K(512K)
[13644.129s][info][gc,heap        ] GC(34397) ParOldGen: 373773K(374272K)->373781K(374272K)
[13644.129s][info][gc,metaspace   ] GC(34397) Metaspace: 8795K(9024K)->8795K(9024K) NonClass: 8143K(8320K)->8143K(8320K) Class: 652K(704K)->652K(704K)
[13644.129s][info][gc             ] GC(34397) Pause Young (Allocation Failure) 463M->365M(461M) 1.621ms
[13644.129s][info][gc,cpu         ] GC(34397) User=0.00s Sys=0.00s Real=0.00s
[13644.450s][info][gc,start       ] GC(34398) Pause Young (Allocation Failure)
[13644.451s][info][gc,heap        ] GC(34398) PSYoungGen: 98032K(98304K)->256K(95744K) Eden: 97792K(97792K)->0K(95232K) From: 240K(512K)->256K(512K)
[13644.451s][info][gc,heap        ] GC(34398) ParOldGen: 373781K(374272K)->373797K(374272K)
[13644.451s][info][gc,metaspace   ] GC(34398) Metaspace: 8795K(9024K)->8795K(9024K) NonClass: 8143K(8320K)->8143K(8320K) Class: 652K(704K)->652K(704K)
[13644.451s][info][gc             ] GC(34398) Pause Young (Allocation Failure) 460M->365M(459M) 1.277ms
[13644.451s][info][gc,cpu         ] GC(34398) User=0.00s Sys=0.00s Real=0.01s
[13644.741s][info][gc,start       ] GC(34399) Pause Young (Allocation Failure)
[13644.742s][info][gc,heap        ] GC(34399) PSYoungGen: 95488K(95744K)->256K(93184K) Eden: 95232K(95232K)->0K(92672K) From: 256K(512K)->256K(512K)
[13644.742s][info][gc,heap        ] GC(34399) ParOldGen: 373797K(374272K)->373813K(374272K)
[13644.742s][info][gc,metaspace   ] GC(34399) Metaspace: 8795K(9024K)->8795K(9024K) NonClass: 8143K(8320K)->8143K(8320K) Class: 652K(704K)->652K(704K)
[13644.742s][info][gc             ] GC(34399) Pause Young (Allocation Failure) 458M->365M(456M) 1.224ms
[13644.742s][info][gc,cpu         ] GC(34399) User=0.00s Sys=0.00s Real=0.00s
[13645.047s][info][gc,start       ] GC(34400) Pause Young (Allocation Failure)
[13645.048s][info][gc,heap        ] GC(34400) PSYoungGen: 92928K(93184K)->256K(90624K) Eden: 92672K(92672K)->0K(90112K) From: 256K(512K)->256K(512K)
[13645.048s][info][gc,heap        ] GC(34400) ParOldGen: 373813K(374272K)->373829K(374272K)
[13645.048s][info][gc,metaspace   ] GC(34400) Metaspace: 8795K(9024K)->8795K(9024K) NonClass: 8143K(8320K)->8143K(8320K) Class: 652K(704K)->652K(704K)
[13645.048s][info][gc             ] GC(34400) Pause Young (Allocation Failure) 455M->365M(454M) 1.304ms
[13645.048s][info][gc,cpu         ] GC(34400) User=0.00s Sys=0.01s Real=0.00s
[13645.320s][info][gc,start       ] GC(34401) Pause Young (Allocation Failure)
[13645.322s][info][gc,heap        ] GC(34401) PSYoungGen: 90368K(90624K)->208K(88064K) Eden: 90112K(90112K)->0K(87552K) From: 256K(512K)->208K(512K)
[13645.322s][info][gc,heap        ] GC(34401) ParOldGen: 373829K(374272K)->373845K(374272K)
[13645.322s][info][gc,metaspace   ] GC(34401) Metaspace: 8795K(9024K)->8795K(9024K) NonClass: 8143K(8320K)->8143K(8320K) Class: 652K(704K)->652K(704K)
[13645.322s][info][gc             ] GC(34401) Pause Young (Allocation Failure) 453M->365M(451M) 1.270ms
[13645.322s][info][gc,cpu         ] GC(34401) User=0.00s Sys=0.00s Real=0.00s
[13645.605s][info][gc,start       ] GC(34402) Pause Young (Allocation Failure)
[13645.606s][info][gc,heap        ] GC(34402) PSYoungGen: 87760K(88064K)->256K(202752K) Eden: 87552K(87552K)->0K(202240K) From: 208K(512K)->256K(512K)
[13645.606s][info][gc,heap        ] GC(34402) ParOldGen: 373845K(374272K)->373861K(374272K)
[13645.606s][info][gc,metaspace   ] GC(34402) Metaspace: 8795K(9024K)->8795K(9024K) NonClass: 8143K(8320K)->8143K(8320K) Class: 652K(704K)->652K(704K)
[13645.606s][info][gc             ] GC(34402) Pause Young (Allocation Failure) 450M->365M(563M) 1.278ms
[13645.606s][info][gc,cpu         ] GC(34402) User=0.00s Sys=0.00s Real=0.00s
[13646.289s][info][gc,start       ] GC(34403) Pause Young (Allocation Failure)
[13646.290s][info][gc,heap        ] GC(34403) PSYoungGen: 202496K(202752K)->256K(195584K) Eden: 202240K(202240K)->0K(195072K) From: 256K(512K)->256K(512K)
[13646.290s][info][gc,heap        ] GC(34403) ParOldGen: 373861K(374272K)->373877K(374272K)
[13646.290s][info][gc,metaspace   ] GC(34403) Metaspace: 8795K(9024K)->8795K(9024K) NonClass: 8143K(8320K)->8143K(8320K) Class: 652K(704K)->652K(704K)
[13646.290s][info][gc             ] GC(34403) Pause Young (Allocation Failure) 562M->365M(556M) 1.308ms
[13646.290s][info][gc,cpu         ] GC(34403) User=0.00s Sys=0.00s Real=0.01s
[13646.912s][info][gc,start       ] GC(34404) Pause Young (Allocation Failure)
[13646.914s][info][gc,heap        ] GC(34404) PSYoungGen: 195328K(195584K)->256K(188416K) Eden: 195072K(195072K)->0K(187904K) From: 256K(512K)->256K(512K)
[13646.914s][info][gc,heap        ] GC(34404) ParOldGen: 373877K(374272K)->373893K(374272K)
[13646.914s][info][gc,metaspace   ] GC(34404) Metaspace: 8795K(9024K)->8795K(9024K) NonClass: 8143K(8320K)->8143K(8320K) Class: 652K(704K)->652K(704K)
[13646.914s][info][gc             ] GC(34404) Pause Young (Allocation Failure) 555M->365M(549M) 1.251ms
[13646.914s][info][gc,cpu         ] GC(34404) User=0.00s Sys=0.00s Real=0.00s
[13647.534s][info][gc,start       ] GC(34405) Pause Young (Allocation Failure)
[13647.535s][info][gc,heap        ] GC(34405) PSYoungGen: 188160K(188416K)->256K(181760K) Eden: 187904K(187904K)->0K(181248K) From: 256K(512K)->256K(512K)
[13647.535s][info][gc,heap        ] GC(34405) ParOldGen: 373893K(374272K)->373909K(374272K)
[13647.535s][info][gc,metaspace   ] GC(34405) Metaspace: 8795K(9024K)->8795K(9024K) NonClass: 8143K(8320K)->8143K(8320K) Class: 652K(704K)->652K(704K)
[13647.535s][info][gc             ] GC(34405) Pause Young (Allocation Failure) 548M->365M(543M) 1.298ms
[13647.535s][info][gc,cpu         ] GC(34405) User=0.00s Sys=0.00s Real=0.00s
[13648.121s][info][gc,start       ] GC(34406) Pause Young (Allocation Failure)
[13648.122s][info][gc,heap        ] GC(34406) PSYoungGen: 181504K(181760K)->240K(175104K) Eden: 181248K(181248K)->0K(174592K) From: 256K(512K)->240K(512K)
[13648.122s][info][gc,heap        ] GC(34406) ParOldGen: 373909K(374272K)->373925K(374272K)
[13648.122s][info][gc,metaspace   ] GC(34406) Metaspace: 8795K(9024K)->8795K(9024K) NonClass: 8143K(8320K)->8143K(8320K) Class: 652K(704K)->652K(704K)
[13648.122s][info][gc             ] GC(34406) Pause Young (Allocation Failure) 542M->365M(536M) 1.272ms
[13648.122s][info][gc,cpu         ] GC(34406) User=0.00s Sys=0.00s Real=0.00s
[13648.696s][info][gc,start       ] GC(34407) Pause Young (Allocation Failure)
[13648.697s][info][gc,heap        ] GC(34407) PSYoungGen: 174832K(175104K)->256K(168960K) Eden: 174592K(174592K)->0K(168448K) From: 240K(512K)->256K(512K)
[13648.697s][info][gc,heap        ] GC(34407) ParOldGen: 373925K(374272K)->373941K(374272K)
[13648.697s][info][gc,metaspace   ] GC(34407) Metaspace: 8795K(9024K)->8795K(9024K) NonClass: 8143K(8320K)->8143K(8320K) Class: 652K(704K)->652K(704K)
[13648.697s][info][gc             ] GC(34407) Pause Young (Allocation Failure) 535M->365M(530M) 1.248ms
[13648.697s][info][gc,cpu         ] GC(34407) User=0.01s Sys=0.00s Real=0.00s
[13649.230s][info][gc,start       ] GC(34408) Pause Young (Allocation Failure)
[13649.231s][info][gc,heap        ] GC(34408) PSYoungGen: 168704K(168960K)->240K(163328K) Eden: 168448K(168448K)->0K(162816K) From: 256K(512K)->240K(512K)
[13649.231s][info][gc,heap        ] GC(34408) ParOldGen: 373941K(374272K)->373957K(374272K)
[13649.231s][info][gc,metaspace   ] GC(34408) Metaspace: 8795K(9024K)->8795K(9024K) NonClass: 8143K(8320K)->8143K(8320K) Class: 652K(704K)->652K(704K)
[13649.231s][info][gc             ] GC(34408) Pause Young (Allocation Failure) 529M->365M(525M) 1.247ms
[13649.231s][info][gc,cpu         ] GC(34408) User=0.00s Sys=0.00s Real=0.01s
[13649.773s][info][gc,start       ] GC(34409) Pause Young (Allocation Failure)
[13649.774s][info][gc,heap        ] GC(34409) PSYoungGen: 163056K(163328K)->288K(157696K) Eden: 162816K(162816K)->0K(157184K) From: 240K(512K)->288K(512K)
[13649.775s][info][gc,heap        ] GC(34409) ParOldGen: 373957K(374272K)->373973K(374272K)
[13649.775s][info][gc,metaspace   ] GC(34409) Metaspace: 8795K(9024K)->8795K(9024K) NonClass: 8143K(8320K)->8143K(8320K) Class: 652K(704K)->652K(704K)
[13649.775s][info][gc             ] GC(34409) Pause Young (Allocation Failure) 524M->365M(519M) 1.269ms
[13649.775s][info][gc,cpu         ] GC(34409) User=0.00s Sys=0.00s Real=0.00s
[13650.299s][info][gc,start       ] GC(34410) Pause Young (Allocation Failure)
[13650.302s][info][gc,heap        ] GC(34410) PSYoungGen: 157472K(157696K)->240K(152576K) Eden: 157184K(157184K)->0K(152064K) From: 288K(512K)->240K(512K)
[13650.302s][info][gc,heap        ] GC(34410) ParOldGen: 373973K(374272K)->373981K(374272K)
[13650.302s][info][gc,metaspace   ] GC(34410) Metaspace: 8795K(9024K)->8795K(9024K) NonClass: 8143K(8320K)->8143K(8320K) Class: 652K(704K)->652K(704K)
[13650.302s][info][gc             ] GC(34410) Pause Young (Allocation Failure) 518M->365M(514M) 2.251ms
[13650.302s][info][gc,cpu         ] GC(34410) User=0.00s Sys=0.00s Real=0.01s
[13650.789s][info][gc,start       ] GC(34411) Pause Young (Allocation Failure)
[13650.791s][info][gc,heap        ] GC(34411) PSYoungGen: 152304K(152576K)->240K(147456K) Eden: 152064K(152064K)->0K(146944K) From: 240K(512K)->240K(512K)
[13650.791s][info][gc,heap        ] GC(34411) ParOldGen: 373981K(374272K)->373989K(374272K)
[13650.791s][info][gc,metaspace   ] GC(34411) Metaspace: 8795K(9024K)->8795K(9024K) NonClass: 8143K(8320K)->8143K(8320K) Class: 652K(704K)->652K(704K)
[13650.791s][info][gc             ] GC(34411) Pause Young (Allocation Failure) 513M->365M(509M) 2.211ms
[13650.791s][info][gc,cpu         ] GC(34411) User=0.00s Sys=0.00s Real=0.01s
[13651.251s][info][gc,start       ] GC(34412) Pause Young (Allocation Failure)
[13651.252s][info][gc,heap        ] GC(34412) PSYoungGen: 147184K(147456K)->240K(142848K) Eden: 146944K(146944K)->0K(142336K) From: 240K(512K)->240K(512K)
[13651.252s][info][gc,heap        ] GC(34412) ParOldGen: 373989K(374272K)->374005K(374272K)
[13651.252s][info][gc,metaspace   ] GC(34412) Metaspace: 8795K(9024K)->8795K(9024K) NonClass: 8143K(8320K)->8143K(8320K) Class: 652K(704K)->652K(704K)
[13651.252s][info][gc             ] GC(34412) Pause Young (Allocation Failure) 508M->365M(505M) 1.633ms
[13651.252s][info][gc,cpu         ] GC(34412) User=0.01s Sys=0.00s Real=0.00s
[13651.712s][info][gc,start       ] GC(34413) Pause Young (Allocation Failure)
[13651.713s][info][gc,heap        ] GC(34413) PSYoungGen: 142576K(142848K)->288K(138240K) Eden: 142336K(142336K)->0K(137728K) From: 240K(512K)->288K(512K)
[13651.713s][info][gc,heap        ] GC(34413) ParOldGen: 374005K(374272K)->374021K(374272K)
[13651.713s][info][gc,metaspace   ] GC(34413) Metaspace: 8795K(9024K)->8795K(9024K) NonClass: 8143K(8320K)->8143K(8320K) Class: 652K(704K)->652K(704K)
[13651.713s][info][gc             ] GC(34413) Pause Young (Allocation Failure) 504M->365M(500M) 1.289ms
[13651.713s][info][gc,cpu         ] GC(34413) User=0.00s Sys=0.00s Real=0.00s
[13652.167s][info][gc,start       ] GC(34414) Pause Young (Allocation Failure)
[13652.170s][info][gc,heap        ] GC(34414) PSYoungGen: 138016K(138240K)->224K(133632K) Eden: 137728K(137728K)->0K(133120K) From: 288K(512K)->224K(512K)
[13652.170s][info][gc,heap        ] GC(34414) ParOldGen: 374021K(374272K)->374029K(374272K)
[13652.170s][info][gc,metaspace   ] GC(34414) Metaspace: 8795K(9024K)->8795K(9024K) NonClass: 8143K(8320K)->8143K(8320K) Class: 652K(704K)->652K(704K)
[13652.170s][info][gc             ] GC(34414) Pause Young (Allocation Failure) 500M->365M(496M) 2.229ms
[13652.170s][info][gc,cpu         ] GC(34414) User=0.00s Sys=0.00s Real=0.00s
[13652.634s][info][gc,start       ] GC(34415) Pause Young (Allocation Failure)
[13652.636s][info][gc,heap        ] GC(34415) PSYoungGen: 133344K(133632K)->256K(129536K) Eden: 133120K(133120K)->0K(129024K) From: 224K(512K)->256K(512K)
[13652.636s][info][gc,heap        ] GC(34415) ParOldGen: 374029K(374272K)->374037K(374272K)
[13652.636s][info][gc,metaspace   ] GC(34415) Metaspace: 8795K(9024K)->8795K(9024K) NonClass: 8143K(8320K)->8143K(8320K) Class: 652K(704K)->652K(704K)
[13652.636s][info][gc             ] GC(34415) Pause Young (Allocation Failure) 495M->365M(492M) 2.289ms
[13652.636s][info][gc,cpu         ] GC(34415) User=0.00s Sys=0.00s Real=0.00s
[13653.050s][info][gc,start       ] GC(34416) Pause Young (Allocation Failure)
[13653.052s][info][gc,heap        ] GC(34416) PSYoungGen: 129280K(129536K)->272K(125440K) Eden: 129024K(129024K)->0K(124928K) From: 256K(512K)->272K(512K)
[13653.052s][info][gc,heap        ] GC(34416) ParOldGen: 374037K(374272K)->374045K(374272K)
[13653.052s][info][gc,metaspace   ] GC(34416) Metaspace: 8795K(9024K)->8795K(9024K) NonClass: 8143K(8320K)->8143K(8320K) Class: 652K(704K)->652K(704K)
[13653.052s][info][gc             ] GC(34416) Pause Young (Allocation Failure) 491M->365M(488M) 2.830ms
[13653.052s][info][gc,cpu         ] GC(34416) User=0.00s Sys=0.00s Real=0.01s
[13653.501s][info][gc,start       ] GC(34417) Pause Young (Allocation Failure)
[13653.503s][info][gc,heap        ] GC(34417) PSYoungGen: 125200K(125440K)->224K(121344K) Eden: 124928K(124928K)->0K(120832K) From: 272K(512K)->224K(512K)
[13653.503s][info][gc,heap        ] GC(34417) ParOldGen: 374045K(374272K)->374053K(374272K)
[13653.503s][info][gc,metaspace   ] GC(34417) Metaspace: 8795K(9024K)->8795K(9024K) NonClass: 8143K(8320K)->8143K(8320K) Class: 652K(704K)->652K(704K)
[13653.503s][info][gc             ] GC(34417) Pause Young (Allocation Failure) 487M->365M(484M) 2.520ms
[13653.503s][info][gc,cpu         ] GC(34417) User=0.00s Sys=0.00s Real=0.00s
[13653.891s][info][gc,start       ] GC(34418) Pause Young (Allocation Failure)
[13653.893s][info][gc,heap        ] GC(34418) PSYoungGen: 121056K(121344K)->224K(117760K) Eden: 120832K(120832K)->0K(117248K) From: 224K(512K)->224K(512K)
[13653.893s][info][gc,heap        ] GC(34418) ParOldGen: 374053K(374272K)->374061K(374272K)
[13653.893s][info][gc,metaspace   ] GC(34418) Metaspace: 8795K(9024K)->8795K(9024K) NonClass: 8143K(8320K)->8143K(8320K) Class: 652K(704K)->652K(704K)
[13653.893s][info][gc             ] GC(34418) Pause Young (Allocation Failure) 483M->365M(480M) 2.678ms
[13653.893s][info][gc,cpu         ] GC(34418) User=0.00s Sys=0.00s Real=0.00s
[13654.269s][info][gc,start       ] GC(34419) Pause Young (Allocation Failure)
[13654.271s][info][gc,heap        ] GC(34419) PSYoungGen: 117472K(117760K)->240K(114176K) Eden: 117248K(117248K)->0K(113664K) From: 224K(512K)->240K(512K)
[13654.271s][info][gc,heap        ] GC(34419) ParOldGen: 374061K(374272K)->374077K(374272K)
[13654.271s][info][gc,metaspace   ] GC(34419) Metaspace: 8795K(9024K)->8795K(9024K) NonClass: 8143K(8320K)->8143K(8320K) Class: 652K(704K)->652K(704K)
[13654.271s][info][gc             ] GC(34419) Pause Young (Allocation Failure) 480M->365M(477M) 2.249ms
[13654.271s][info][gc,cpu         ] GC(34419) User=0.00s Sys=0.00s Real=0.01s
[13654.637s][info][gc,start       ] GC(34420) Pause Young (Allocation Failure)
[13654.640s][info][gc,heap        ] GC(34420) PSYoungGen: 113904K(114176K)->224K(110592K) Eden: 113664K(113664K)->0K(110080K) From: 240K(512K)->224K(512K)
[13654.640s][info][gc,heap        ] GC(34420) ParOldGen: 374077K(374272K)->374085K(374272K)
[13654.640s][info][gc,metaspace   ] GC(34420) Metaspace: 8795K(9024K)->8795K(9024K) NonClass: 8143K(8320K)->8143K(8320K) Class: 652K(704K)->652K(704K)
[13654.640s][info][gc             ] GC(34420) Pause Young (Allocation Failure) 476M->365M(473M) 2.324ms
[13654.640s][info][gc,cpu         ] GC(34420) User=0.00s Sys=0.00s Real=0.00s
[13655.000s][info][gc,start       ] GC(34421) Pause Young (Allocation Failure)
[13655.002s][info][gc,heap        ] GC(34421) PSYoungGen: 110304K(110592K)->240K(107520K) Eden: 110080K(110080K)->0K(107008K) From: 224K(512K)->240K(512K)
[13655.002s][info][gc,heap        ] GC(34421) ParOldGen: 374085K(374272K)->374101K(374272K)
[13655.002s][info][gc,metaspace   ] GC(34421) Metaspace: 8795K(9024K)->8795K(9024K) NonClass: 8143K(8320K)->8143K(8320K) Class: 652K(704K)->652K(704K)
[13655.002s][info][gc             ] GC(34421) Pause Young (Allocation Failure) 473M->365M(470M) 2.277ms
[13655.002s][info][gc,cpu         ] GC(34421) User=0.00s Sys=0.00s Real=0.01s
[13655.343s][info][gc,start       ] GC(34422) Pause Young (Allocation Failure)
[13655.347s][info][gc,heap        ] GC(34422) PSYoungGen: 107248K(107520K)->240K(104448K) Eden: 107008K(107008K)->0K(103936K) From: 240K(512K)->240K(512K)
[13655.347s][info][gc,heap        ] GC(34422) ParOldGen: 374101K(374272K)->374109K(374272K)
[13655.347s][info][gc,metaspace   ] GC(34422) Metaspace: 8795K(9024K)->8795K(9024K) NonClass: 8143K(8320K)->8143K(8320K) Class: 652K(704K)->652K(704K)
[13655.347s][info][gc             ] GC(34422) Pause Young (Allocation Failure) 470M->365M(467M) 3.707ms
[13655.347s][info][gc,cpu         ] GC(34422) User=0.01s Sys=0.00s Real=0.00s
[13655.729s][info][gc,start       ] GC(34423) Pause Young (Allocation Failure)
[13655.731s][info][gc,heap        ] GC(34423) PSYoungGen: 104176K(104448K)->240K(101376K) Eden: 103936K(103936K)->0K(100864K) From: 240K(512K)->240K(512K)
[13655.731s][info][gc,heap        ] GC(34423) ParOldGen: 374109K(374272K)->374117K(374272K)
[13655.731s][info][gc,metaspace   ] GC(34423) Metaspace: 8795K(9024K)->8795K(9024K) NonClass: 8143K(8320K)->8143K(8320K) Class: 652K(704K)->652K(704K)
[13655.731s][info][gc             ] GC(34423) Pause Young (Allocation Failure) 467M->365M(464M) 2.349ms
[13655.731s][info][gc,cpu         ] GC(34423) User=0.01s Sys=0.00s Real=0.01s
[13656.105s][info][gc,start       ] GC(34424) Pause Young (Allocation Failure)
[13656.107s][info][gc,heap        ] GC(34424) PSYoungGen: 101104K(101376K)->224K(98304K) Eden: 100864K(100864K)->0K(97792K) From: 240K(512K)->224K(512K)
[13656.107s][info][gc,heap        ] GC(34424) ParOldGen: 374117K(374272K)->374125K(374272K)
[13656.107s][info][gc,metaspace   ] GC(34424) Metaspace: 8795K(9024K)->8795K(9024K) NonClass: 8143K(8320K)->8143K(8320K) Class: 652K(704K)->652K(704K)
[13656.107s][info][gc             ] GC(34424) Pause Young (Allocation Failure) 464M->365M(461M) 2.612ms
[13656.107s][info][gc,cpu         ] GC(34424) User=0.00s Sys=0.00s Real=0.00s
[13656.421s][info][gc,start       ] GC(34425) Pause Young (Allocation Failure)
[13656.424s][info][gc,heap        ] GC(34425) PSYoungGen: 98016K(98304K)->240K(95744K) Eden: 97792K(97792K)->0K(95232K) From: 224K(512K)->240K(512K)
[13656.424s][info][gc,heap        ] GC(34425) ParOldGen: 374125K(374272K)->374133K(374272K)
[13656.424s][info][gc,metaspace   ] GC(34425) Metaspace: 8795K(9024K)->8795K(9024K) NonClass: 8143K(8320K)->8143K(8320K) Class: 652K(704K)->652K(704K)
[13656.424s][info][gc             ] GC(34425) Pause Young (Allocation Failure) 461M->365M(459M) 2.816ms
[13656.424s][info][gc,cpu         ] GC(34425) User=0.00s Sys=0.00s Real=0.00s
[13656.735s][info][gc,start       ] GC(34426) Pause Young (Allocation Failure)
[13656.737s][info][gc,heap        ] GC(34426) PSYoungGen: 95472K(95744K)->224K(93184K) Eden: 95232K(95232K)->0K(92672K) From: 240K(512K)->224K(512K)
[13656.737s][info][gc,heap        ] GC(34426) ParOldGen: 374133K(374272K)->374141K(374272K)
[13656.737s][info][gc,metaspace   ] GC(34426) Metaspace: 8795K(9024K)->8795K(9024K) NonClass: 8143K(8320K)->8143K(8320K) Class: 652K(704K)->652K(704K)
[13656.737s][info][gc             ] GC(34426) Pause Young (Allocation Failure) 458M->365M(456M) 2.237ms
[13656.737s][info][gc,cpu         ] GC(34426) User=0.00s Sys=0.00s Real=0.00s
[13657.027s][info][gc,start       ] GC(34427) Pause Young (Allocation Failure)
[13657.030s][info][gc,heap        ] GC(34427) PSYoungGen: 92896K(93184K)->240K(90624K) Eden: 92672K(92672K)->0K(90112K) From: 224K(512K)->240K(512K)
[13657.030s][info][gc,heap        ] GC(34427) ParOldGen: 374141K(374272K)->374149K(374272K)
[13657.030s][info][gc,metaspace   ] GC(34427) Metaspace: 8795K(9024K)->8795K(9024K) NonClass: 8143K(8320K)->8143K(8320K) Class: 652K(704K)->652K(704K)
[13657.030s][info][gc             ] GC(34427) Pause Young (Allocation Failure) 456M->365M(454M) 2.270ms
[13657.030s][info][gc,cpu         ] GC(34427) User=0.00s Sys=0.00s Real=0.00s
[13657.335s][info][gc,start       ] GC(34428) Pause Young (Allocation Failure)
[13657.337s][info][gc,heap        ] GC(34428) PSYoungGen: 90352K(90624K)->224K(88064K) Eden: 90112K(90112K)->0K(87552K) From: 240K(512K)->224K(512K)
[13657.337s][info][gc,heap        ] GC(34428) ParOldGen: 374149K(374272K)->374157K(374272K)
[13657.337s][info][gc,metaspace   ] GC(34428) Metaspace: 8795K(9024K)->8795K(9024K) NonClass: 8143K(8320K)->8143K(8320K) Class: 652K(704K)->652K(704K)
[13657.337s][info][gc             ] GC(34428) Pause Young (Allocation Failure) 453M->365M(451M) 2.217ms
[13657.337s][info][gc,cpu         ] GC(34428) User=0.00s Sys=0.00s Real=0.00s
[13657.629s][info][gc,start       ] GC(34429) Pause Young (Allocation Failure)
[13657.631s][info][gc,heap        ] GC(34429) PSYoungGen: 87776K(88064K)->224K(202752K) Eden: 87552K(87552K)->0K(202240K) From: 224K(512K)->224K(512K)
[13657.632s][info][gc,heap        ] GC(34429) ParOldGen: 374157K(374272K)->374165K(374272K)
[13657.632s][info][gc,metaspace   ] GC(34429) Metaspace: 8795K(9024K)->8795K(9024K) NonClass: 8143K(8320K)->8143K(8320K) Class: 652K(704K)->652K(704K)
[13657.632s][info][gc             ] GC(34429) Pause Young (Allocation Failure) 451M->365M(563M) 2.252ms
[13657.632s][info][gc,cpu         ] GC(34429) User=0.00s Sys=0.00s Real=0.01s
[13658.273s][info][gc,start       ] GC(34430) Pause Young (Allocation Failure)
[13658.276s][info][gc,heap        ] GC(34430) PSYoungGen: 202464K(202752K)->272K(195584K) Eden: 202240K(202240K)->0K(195072K) From: 224K(512K)->272K(512K)
[13658.276s][info][gc,heap        ] GC(34430) ParOldGen: 374165K(374272K)->374173K(374272K)
[13658.276s][info][gc,metaspace   ] GC(34430) Metaspace: 8795K(9024K)->8795K(9024K) NonClass: 8143K(8320K)->8143K(8320K) Class: 652K(704K)->652K(704K)
[13658.276s][info][gc             ] GC(34430) Pause Young (Allocation Failure) 563M->365M(556M) 2.314ms
[13658.276s][info][gc,cpu         ] GC(34430) User=0.00s Sys=0.00s Real=0.00s
[13658.892s][info][gc,start       ] GC(34431) Pause Young (Allocation Failure)
[13658.894s][info][gc,heap        ] GC(34431) PSYoungGen: 195344K(195584K)->224K(188416K) Eden: 195072K(195072K)->0K(187904K) From: 272K(512K)->224K(512K)
[13658.894s][info][gc,heap        ] GC(34431) ParOldGen: 374173K(374272K)->374181K(374272K)
[13658.894s][info][gc,metaspace   ] GC(34431) Metaspace: 8795K(9024K)->8795K(9024K) NonClass: 8143K(8320K)->8143K(8320K) Class: 652K(704K)->652K(704K)
[13658.894s][info][gc             ] GC(34431) Pause Young (Allocation Failure) 556M->365M(549M) 2.345ms
[13658.894s][info][gc,cpu         ] GC(34431) User=0.01s Sys=0.00s Real=0.00s
[13659.502s][info][gc,start       ] GC(34432) Pause Young (Allocation Failure)
[13659.504s][info][gc,heap        ] GC(34432) PSYoungGen: 188128K(188416K)->256K(181760K) Eden: 187904K(187904K)->0K(181248K) From: 224K(512K)->256K(512K)
[13659.505s][info][gc,heap        ] GC(34432) ParOldGen: 374181K(374272K)->374197K(374272K)
[13659.505s][info][gc,metaspace   ] GC(34432) Metaspace: 8795K(9024K)->8795K(9024K) NonClass: 8143K(8320K)->8143K(8320K) Class: 652K(704K)->652K(704K)
[13659.505s][info][gc             ] GC(34432) Pause Young (Allocation Failure) 549M->365M(543M) 2.257ms
[13659.505s][info][gc,cpu         ] GC(34432) User=0.00s Sys=0.00s Real=0.00s
[13660.082s][info][gc,start       ] GC(34433) Pause Young (Allocation Failure)
[13660.083s][info][gc,heap        ] GC(34433) PSYoungGen: 181504K(181760K)->240K(175104K) Eden: 181248K(181248K)->0K(174592K) From: 256K(512K)->240K(512K)
[13660.083s][info][gc,heap        ] GC(34433) ParOldGen: 374197K(374272K)->374213K(374272K)
[13660.083s][info][gc,metaspace   ] GC(34433) Metaspace: 8795K(9024K)->8795K(9024K) NonClass: 8143K(8320K)->8143K(8320K) Class: 652K(704K)->652K(704K)
[13660.083s][info][gc             ] GC(34433) Pause Young (Allocation Failure) 542M->365M(536M) 1.498ms
[13660.083s][info][gc,cpu         ] GC(34433) User=0.00s Sys=0.00s Real=0.00s
[13660.660s][info][gc,start       ] GC(34434) Pause Young (Allocation Failure)
[13660.661s][info][gc,heap        ] GC(34434) PSYoungGen: 174832K(175104K)->256K(168960K) Eden: 174592K(174592K)->0K(168448K) From: 240K(512K)->256K(512K)
[13660.661s][info][gc,heap        ] GC(34434) ParOldGen: 374213K(374272K)->374229K(374272K)
[13660.661s][info][gc,metaspace   ] GC(34434) Metaspace: 8795K(9024K)->8795K(9024K) NonClass: 8143K(8320K)->8143K(8320K) Class: 652K(704K)->652K(704K)
[13660.661s][info][gc             ] GC(34434) Pause Young (Allocation Failure) 536M->365M(530M) 1.275ms
[13660.661s][info][gc,cpu         ] GC(34434) User=0.00s Sys=0.00s Real=0.01s
[13661.185s][info][gc,start       ] GC(34435) Pause Young (Allocation Failure)
[13661.186s][info][gc,heap        ] GC(34435) PSYoungGen: 168704K(168960K)->256K(163328K) Eden: 168448K(168448K)->0K(162816K) From: 256K(512K)->256K(512K)
[13661.186s][info][gc,heap        ] GC(34435) ParOldGen: 374229K(374272K)->374245K(374272K)
[13661.186s][info][gc,metaspace   ] GC(34435) Metaspace: 8795K(9024K)->8795K(9024K) NonClass: 8143K(8320K)->8143K(8320K) Class: 652K(704K)->652K(704K)
[13661.186s][info][gc             ] GC(34435) Pause Young (Allocation Failure) 530M->365M(525M) 1.274ms
[13661.187s][info][gc,cpu         ] GC(34435) User=0.00s Sys=0.00s Real=0.00s
[13661.708s][info][gc,start       ] GC(34436) Pause Young (Allocation Failure)
[13661.709s][info][gc,heap        ] GC(34436) PSYoungGen: 163072K(163328K)->256K(157696K) Eden: 162816K(162816K)->0K(157184K) From: 256K(512K)->256K(512K)
[13661.709s][info][gc,heap        ] GC(34436) ParOldGen: 374245K(374272K)->374261K(374272K)
[13661.709s][info][gc,metaspace   ] GC(34436) Metaspace: 8795K(9024K)->8795K(9024K) NonClass: 8143K(8320K)->8143K(8320K) Class: 652K(704K)->652K(704K)
[13661.709s][info][gc             ] GC(34436) Pause Young (Allocation Failure) 524M->365M(519M) 1.268ms
[13661.709s][info][gc,cpu         ] GC(34436) User=0.00s Sys=0.00s Real=0.00s
[13662.224s][info][gc,start       ] GC(34437) Pause Young (Allocation Failure)
[13662.226s][info][gc,heap        ] GC(34437) PSYoungGen: 157440K(157696K)->240K(152576K) Eden: 157184K(157184K)->0K(152064K) From: 256K(512K)->240K(512K)
[13662.226s][info][gc,heap        ] GC(34437) ParOldGen: 374261K(374272K)->374277K(374784K)
[13662.226s][info][gc,metaspace   ] GC(34437) Metaspace: 8795K(9024K)->8795K(9024K) NonClass: 8143K(8320K)->8143K(8320K) Class: 652K(704K)->652K(704K)
[13662.226s][info][gc             ] GC(34437) Pause Young (Allocation Failure) 519M->365M(515M) 1.298ms
[13662.226s][info][gc,cpu         ] GC(34437) User=0.00s Sys=0.00s Real=0.00s
[13662.701s][info][gc,start       ] GC(34438) Pause Young (Allocation Failure)
[13662.702s][info][gc,heap        ] GC(34438) PSYoungGen: 152304K(152576K)->256K(147456K) Eden: 152064K(152064K)->0K(146944K) From: 240K(512K)->256K(512K)
[13662.702s][info][gc,heap        ] GC(34438) ParOldGen: 374277K(374784K)->374293K(374784K)
[13662.702s][info][gc,metaspace   ] GC(34438) Metaspace: 8795K(9024K)->8795K(9024K) NonClass: 8143K(8320K)->8143K(8320K) Class: 652K(704K)->652K(704K)
[13662.702s][info][gc             ] GC(34438) Pause Young (Allocation Failure) 514M->365M(510M) 1.289ms
[13662.702s][info][gc,cpu         ] GC(34438) User=0.00s Sys=0.00s Real=0.00s
[13663.147s][info][gc,start       ] GC(34439) Pause Young (Allocation Failure)
[13663.148s][info][gc,heap        ] GC(34439) PSYoungGen: 147200K(147456K)->256K(142848K) Eden: 146944K(146944K)->0K(142336K) From: 256K(512K)->256K(512K)
[13663.148s][info][gc,heap        ] GC(34439) ParOldGen: 374293K(374784K)->374309K(374784K)
[13663.148s][info][gc,metaspace   ] GC(34439) Metaspace: 8795K(9024K)->8795K(9024K) NonClass: 8143K(8320K)->8143K(8320K) Class: 652K(704K)->652K(704K)
[13663.148s][info][gc             ] GC(34439) Pause Young (Allocation Failure) 509M->365M(505M) 1.303ms
[13663.148s][info][gc,cpu         ] GC(34439) User=0.00s Sys=0.00s Real=0.00s
[13663.643s][info][gc,start       ] GC(34440) Pause Young (Allocation Failure)
[13663.644s][info][gc,heap        ] GC(34440) PSYoungGen: 142592K(142848K)->256K(138240K) Eden: 142336K(142336K)->0K(137728K) From: 256K(512K)->256K(512K)
[13663.644s][info][gc,heap        ] GC(34440) ParOldGen: 374309K(374784K)->374325K(374784K)
[13663.644s][info][gc,metaspace   ] GC(34440) Metaspace: 8795K(9024K)->8795K(9024K) NonClass: 8143K(8320K)->8143K(8320K) Class: 652K(704K)->652K(704K)
[13663.644s][info][gc             ] GC(34440) Pause Young (Allocation Failure) 504M->365M(501M) 1.651ms
[13663.644s][info][gc,cpu         ] GC(34440) User=0.00s Sys=0.00s Real=0.00s
[13664.075s][info][gc,start       ] GC(34441) Pause Young (Allocation Failure)
[13664.076s][info][gc,heap        ] GC(34441) PSYoungGen: 137984K(138240K)->240K(133632K) Eden: 137728K(137728K)->0K(133120K) From: 256K(512K)->240K(512K)
[13664.076s][info][gc,heap        ] GC(34441) ParOldGen: 374325K(374784K)->374341K(374784K)
[13664.076s][info][gc,metaspace   ] GC(34441) Metaspace: 8795K(9024K)->8795K(9024K) NonClass: 8143K(8320K)->8143K(8320K) Class: 652K(704K)->652K(704K)
[13664.076s][info][gc             ] GC(34441) Pause Young (Allocation Failure) 500M->365M(496M) 1.259ms
[13664.076s][info][gc,cpu         ] GC(34441) User=0.00s Sys=0.00s Real=0.00s
[13664.504s][info][gc,start       ] GC(34442) Pause Young (Allocation Failure)
[13664.506s][info][gc,heap        ] GC(34442) PSYoungGen: 133360K(133632K)->224K(129536K) Eden: 133120K(133120K)->0K(129024K) From: 240K(512K)->224K(512K)
[13664.506s][info][gc,heap        ] GC(34442) ParOldGen: 374341K(374784K)->374357K(374784K)
[13664.506s][info][gc,metaspace   ] GC(34442) Metaspace: 8795K(9024K)->8795K(9024K) NonClass: 8143K(8320K)->8143K(8320K) Class: 652K(704K)->652K(704K)
[13664.506s][info][gc             ] GC(34442) Pause Young (Allocation Failure) 495M->365M(492M) 1.256ms
[13664.506s][info][gc,cpu         ] GC(34442) User=0.00s Sys=0.00s Real=0.00s
[13664.892s][info][gc,start       ] GC(34443) Pause Young (Allocation Failure)
[13664.894s][info][gc,heap        ] GC(34443) PSYoungGen: 129248K(129536K)->256K(125440K) Eden: 129024K(129024K)->0K(124928K) From: 224K(512K)->256K(512K)
[13664.894s][info][gc,heap        ] GC(34443) ParOldGen: 374357K(374784K)->374373K(374784K)
[13664.894s][info][gc,metaspace   ] GC(34443) Metaspace: 8795K(9024K)->8795K(9024K) NonClass: 8143K(8320K)->8143K(8320K) Class: 652K(704K)->652K(704K)
[13664.894s][info][gc             ] GC(34443) Pause Young (Allocation Failure) 491M->365M(488M) 1.264ms
[13664.894s][info][gc,cpu         ] GC(34443) User=0.00s Sys=0.00s Real=0.00s
[13665.316s][info][gc,start       ] GC(34444) Pause Young (Allocation Failure)
[13665.318s][info][gc,heap        ] GC(34444) PSYoungGen: 125184K(125440K)->256K(121344K) Eden: 124928K(124928K)->0K(120832K) From: 256K(512K)->256K(512K)
[13665.318s][info][gc,heap        ] GC(34444) ParOldGen: 374373K(374784K)->374389K(374784K)
[13665.318s][info][gc,metaspace   ] GC(34444) Metaspace: 8795K(9024K)->8795K(9024K) NonClass: 8143K(8320K)->8143K(8320K) Class: 652K(704K)->652K(704K)
[13665.318s][info][gc             ] GC(34444) Pause Young (Allocation Failure) 487M->365M(484M) 1.257ms
[13665.318s][info][gc,cpu         ] GC(34444) User=0.00s Sys=0.00s Real=0.00s
[13665.698s][info][gc,start       ] GC(34445) Pause Young (Allocation Failure)
[13665.699s][info][gc,heap        ] GC(34445) PSYoungGen: 121088K(121344K)->240K(117760K) Eden: 120832K(120832K)->0K(117248K) From: 256K(512K)->240K(512K)
[13665.699s][info][gc,heap        ] GC(34445) ParOldGen: 374389K(374784K)->374405K(374784K)
[13665.699s][info][gc,metaspace   ] GC(34445) Metaspace: 8795K(9024K)->8795K(9024K) NonClass: 8143K(8320K)->8143K(8320K) Class: 652K(704K)->652K(704K)
[13665.699s][info][gc             ] GC(34445) Pause Young (Allocation Failure) 483M->365M(481M) 1.260ms
[13665.699s][info][gc,cpu         ] GC(34445) User=0.00s Sys=0.00s Real=0.00s
[13666.080s][info][gc,start       ] GC(34446) Pause Young (Allocation Failure)
[13666.081s][info][gc,heap        ] GC(34446) PSYoungGen: 117488K(117760K)->256K(114176K) Eden: 117248K(117248K)->0K(113664K) From: 240K(512K)->256K(512K)
[13666.081s][info][gc,heap        ] GC(34446) ParOldGen: 374405K(374784K)->374421K(374784K)
[13666.081s][info][gc,metaspace   ] GC(34446) Metaspace: 8795K(9024K)->8795K(9024K) NonClass: 8143K(8320K)->8143K(8320K) Class: 652K(704K)->652K(704K)
[13666.081s][info][gc             ] GC(34446) Pause Young (Allocation Failure) 480M->365M(477M) 1.229ms
[13666.082s][info][gc,cpu         ] GC(34446) User=0.00s Sys=0.00s Real=0.00s
[13666.461s][info][gc,start       ] GC(34447) Pause Young (Allocation Failure)
[13666.462s][info][gc,heap        ] GC(34447) PSYoungGen: 113920K(114176K)->240K(110592K) Eden: 113664K(113664K)->0K(110080K) From: 256K(512K)->240K(512K)
[13666.462s][info][gc,heap        ] GC(34447) ParOldGen: 374421K(374784K)->374437K(374784K)
[13666.462s][info][gc,metaspace   ] GC(34447) Metaspace: 8795K(9024K)->8795K(9024K) NonClass: 8143K(8320K)->8143K(8320K) Class: 652K(704K)->652K(704K)
[13666.462s][info][gc             ] GC(34447) Pause Young (Allocation Failure) 476M->365M(474M) 1.238ms
[13666.462s][info][gc,cpu         ] GC(34447) User=0.00s Sys=0.00s Real=0.00s
[13666.830s][info][gc,start       ] GC(34448) Pause Young (Allocation Failure)
[13666.831s][info][gc,heap        ] GC(34448) PSYoungGen: 110320K(110592K)->272K(107520K) Eden: 110080K(110080K)->0K(107008K) From: 240K(512K)->272K(512K)
[13666.831s][info][gc,heap        ] GC(34448) ParOldGen: 374437K(374784K)->374453K(374784K)
[13666.831s][info][gc,metaspace   ] GC(34448) Metaspace: 8795K(9024K)->8795K(9024K) NonClass: 8143K(8320K)->8143K(8320K) Class: 652K(704K)->652K(704K)
[13666.831s][info][gc             ] GC(34448) Pause Young (Allocation Failure) 473M->365M(471M) 1.257ms
[13666.831s][info][gc,cpu         ] GC(34448) User=0.00s Sys=0.00s Real=0.01s
[13667.181s][info][gc,start       ] GC(34449) Pause Young (Allocation Failure)
[13667.182s][info][gc,heap        ] GC(34449) PSYoungGen: 107280K(107520K)->320K(104448K) Eden: 107008K(107008K)->0K(103936K) From: 272K(512K)->320K(512K)
[13667.182s][info][gc,heap        ] GC(34449) ParOldGen: 374453K(374784K)->374469K(374784K)
[13667.182s][info][gc,metaspace   ] GC(34449) Metaspace: 8795K(9024K)->8795K(9024K) NonClass: 8143K(8320K)->8143K(8320K) Class: 652K(704K)->652K(704K)
[13667.182s][info][gc             ] GC(34449) Pause Young (Allocation Failure) 470M->366M(468M) 1.258ms
[13667.182s][info][gc,cpu         ] GC(34449) User=0.01s Sys=0.00s Real=0.00s
[13667.499s][info][gc,start       ] GC(34450) Pause Young (Allocation Failure)
[13667.500s][info][gc,heap        ] GC(34450) PSYoungGen: 104256K(104448K)->256K(101376K) Eden: 103936K(103936K)->0K(100864K) From: 320K(512K)->256K(512K)
[13667.500s][info][gc,heap        ] GC(34450) ParOldGen: 374469K(374784K)->374485K(374784K)
[13667.500s][info][gc,metaspace   ] GC(34450) Metaspace: 8795K(9024K)->8795K(9024K) NonClass: 8143K(8320K)->8143K(8320K) Class: 652K(704K)->652K(704K)
[13667.500s][info][gc             ] GC(34450) Pause Young (Allocation Failure) 467M->365M(465M) 1.273ms
[13667.500s][info][gc,cpu         ] GC(34450) User=0.00s Sys=0.00s Real=0.01s
[13667.839s][info][gc,start       ] GC(34451) Pause Young (Allocation Failure)
[13667.840s][info][gc,heap        ] GC(34451) PSYoungGen: 101120K(101376K)->256K(98304K) Eden: 100864K(100864K)->0K(97792K) From: 256K(512K)->256K(512K)
[13667.840s][info][gc,heap        ] GC(34451) ParOldGen: 374485K(374784K)->374501K(374784K)
[13667.840s][info][gc,metaspace   ] GC(34451) Metaspace: 8795K(9024K)->8795K(9024K) NonClass: 8143K(8320K)->8143K(8320K) Class: 652K(704K)->652K(704K)
[13667.840s][info][gc             ] GC(34451) Pause Young (Allocation Failure) 464M->365M(462M) 1.183ms
[13667.840s][info][gc,cpu         ] GC(34451) User=0.00s Sys=0.00s Real=0.00s
[13668.152s][info][gc,start       ] GC(34452) Pause Young (Allocation Failure)
[13668.153s][info][gc,heap        ] GC(34452) PSYoungGen: 98048K(98304K)->224K(95744K) Eden: 97792K(97792K)->0K(95232K) From: 256K(512K)->224K(512K)
[13668.153s][info][gc,heap        ] GC(34452) ParOldGen: 374501K(374784K)->374517K(374784K)
[13668.153s][info][gc,metaspace   ] GC(34452) Metaspace: 8795K(9024K)->8795K(9024K) NonClass: 8143K(8320K)->8143K(8320K) Class: 652K(704K)->652K(704K)
[13668.153s][info][gc             ] GC(34452) Pause Young (Allocation Failure) 461M->365M(459M) 1.276ms
[13668.153s][info][gc,cpu         ] GC(34452) User=0.00s Sys=0.00s Real=0.00s
[13668.467s][info][gc,start       ] GC(34453) Pause Young (Allocation Failure)
[13668.468s][info][gc,heap        ] GC(34453) PSYoungGen: 95456K(95744K)->240K(93184K) Eden: 95232K(95232K)->0K(92672K) From: 224K(512K)->240K(512K)
[13668.468s][info][gc,heap        ] GC(34453) ParOldGen: 374517K(374784K)->374533K(374784K)
[13668.468s][info][gc,metaspace   ] GC(34453) Metaspace: 8795K(9024K)->8795K(9024K) NonClass: 8143K(8320K)->8143K(8320K) Class: 652K(704K)->652K(704K)
[13668.468s][info][gc             ] GC(34453) Pause Young (Allocation Failure) 458M->365M(457M) 1.243ms
[13668.468s][info][gc,cpu         ] GC(34453) User=0.00s Sys=0.00s Real=0.00s
[13668.762s][info][gc,start       ] GC(34454) Pause Young (Allocation Failure)
[13668.763s][info][gc,heap        ] GC(34454) PSYoungGen: 92912K(93184K)->256K(90624K) Eden: 92672K(92672K)->0K(90112K) From: 240K(512K)->256K(512K)
[13668.763s][info][gc,heap        ] GC(34454) ParOldGen: 374533K(374784K)->374549K(374784K)
[13668.763s][info][gc,metaspace   ] GC(34454) Metaspace: 8795K(9024K)->8795K(9024K) NonClass: 8143K(8320K)->8143K(8320K) Class: 652K(704K)->652K(704K)
[13668.763s][info][gc             ] GC(34454) Pause Young (Allocation Failure) 456M->366M(454M) 1.231ms
[13668.763s][info][gc,cpu         ] GC(34454) User=0.00s Sys=0.00s Real=0.00s
[13669.040s][info][gc,start       ] GC(34455) Pause Young (Allocation Failure)
[13669.041s][info][gc,heap        ] GC(34455) PSYoungGen: 90368K(90624K)->240K(88064K) Eden: 90112K(90112K)->0K(87552K) From: 256K(512K)->240K(512K)
[13669.041s][info][gc,heap        ] GC(34455) ParOldGen: 374549K(374784K)->374565K(374784K)
[13669.041s][info][gc,metaspace   ] GC(34455) Metaspace: 8795K(9024K)->8795K(9024K) NonClass: 8143K(8320K)->8143K(8320K) Class: 652K(704K)->652K(704K)
[13669.041s][info][gc             ] GC(34455) Pause Young (Allocation Failure) 454M->366M(452M) 1.219ms
[13669.041s][info][gc,cpu         ] GC(34455) User=0.00s Sys=0.00s Real=0.01s
[13669.309s][info][gc,start       ] GC(34456) Pause Young (Allocation Failure)
[13669.310s][info][gc,heap        ] GC(34456) PSYoungGen: 87792K(88064K)->208K(202752K) Eden: 87552K(87552K)->0K(202240K) From: 240K(512K)->208K(512K)
[13669.310s][info][gc,heap        ] GC(34456) ParOldGen: 374565K(374784K)->374589K(374784K)
[13669.310s][info][gc,metaspace   ] GC(34456) Metaspace: 8795K(9024K)->8795K(9024K) NonClass: 8143K(8320K)->8143K(8320K) Class: 652K(704K)->652K(704K)
[13669.310s][info][gc             ] GC(34456) Pause Young (Allocation Failure) 451M->366M(564M) 1.369ms
[13669.310s][info][gc,cpu         ] GC(34456) User=0.00s Sys=0.00s Real=0.00s
[13669.981s][info][gc,start       ] GC(34457) Pause Young (Allocation Failure)
[13669.983s][info][gc,heap        ] GC(34457) PSYoungGen: 202448K(202752K)->240K(195584K) Eden: 202240K(202240K)->0K(195072K) From: 208K(512K)->240K(512K)
[13669.983s][info][gc,heap        ] GC(34457) ParOldGen: 374589K(374784K)->374605K(374784K)
[13669.983s][info][gc,metaspace   ] GC(34457) Metaspace: 8795K(9024K)->8795K(9024K) NonClass: 8143K(8320K)->8143K(8320K) Class: 652K(704K)->652K(704K)
[13669.983s][info][gc             ] GC(34457) Pause Young (Allocation Failure) 563M->366M(557M) 1.223ms
[13669.983s][info][gc,cpu         ] GC(34457) User=0.00s Sys=0.00s Real=0.00s
[13670.644s][info][gc,start       ] GC(34458) Pause Young (Allocation Failure)
[13670.645s][info][gc,heap        ] GC(34458) PSYoungGen: 195312K(195584K)->256K(188416K) Eden: 195072K(195072K)->0K(187904K) From: 240K(512K)->256K(512K)
[13670.645s][info][gc,heap        ] GC(34458) ParOldGen: 374605K(374784K)->374621K(374784K)
[13670.645s][info][gc,metaspace   ] GC(34458) Metaspace: 8795K(9024K)->8795K(9024K) NonClass: 8143K(8320K)->8143K(8320K) Class: 652K(704K)->652K(704K)
[13670.645s][info][gc             ] GC(34458) Pause Young (Allocation Failure) 556M->366M(550M) 1.271ms
[13670.645s][info][gc,cpu         ] GC(34458) User=0.00s Sys=0.00s Real=0.00s
[13671.240s][info][gc,start       ] GC(34459) Pause Young (Allocation Failure)
[13671.241s][info][gc,heap        ] GC(34459) PSYoungGen: 188160K(188416K)->240K(181760K) Eden: 187904K(187904K)->0K(181248K) From: 256K(512K)->240K(512K)
[13671.241s][info][gc,heap        ] GC(34459) ParOldGen: 374621K(374784K)->374637K(374784K)
[13671.241s][info][gc,metaspace   ] GC(34459) Metaspace: 8795K(9024K)->8795K(9024K) NonClass: 8143K(8320K)->8143K(8320K) Class: 652K(704K)->652K(704K)
[13671.241s][info][gc             ] GC(34459) Pause Young (Allocation Failure) 549M->366M(543M) 1.274ms
[13671.241s][info][gc,cpu         ] GC(34459) User=0.00s Sys=0.00s Real=0.01s
[13671.816s][info][gc,start       ] GC(34460) Pause Young (Allocation Failure)
[13671.817s][info][gc,heap        ] GC(34460) PSYoungGen: 181488K(181760K)->272K(175104K) Eden: 181248K(181248K)->0K(174592K) From: 240K(512K)->272K(512K)
[13671.817s][info][gc,heap        ] GC(34460) ParOldGen: 374637K(374784K)->374653K(374784K)
[13671.817s][info][gc,metaspace   ] GC(34460) Metaspace: 8795K(9024K)->8795K(9024K) NonClass: 8143K(8320K)->8143K(8320K) Class: 652K(704K)->652K(704K)
[13671.817s][info][gc             ] GC(34460) Pause Young (Allocation Failure) 543M->366M(537M) 1.296ms
[13671.817s][info][gc,cpu         ] GC(34460) User=0.00s Sys=0.00s Real=0.00s
[13672.357s][info][gc,start       ] GC(34461) Pause Young (Allocation Failure)
[13672.358s][info][gc,heap        ] GC(34461) PSYoungGen: 174864K(175104K)->240K(168960K) Eden: 174592K(174592K)->0K(168448K) From: 272K(512K)->240K(512K)
[13672.358s][info][gc,heap        ] GC(34461) ParOldGen: 374653K(374784K)->374669K(374784K)
[13672.358s][info][gc,metaspace   ] GC(34461) Metaspace: 8795K(9024K)->8795K(9024K) NonClass: 8143K(8320K)->8143K(8320K) Class: 652K(704K)->652K(704K)
[13672.358s][info][gc             ] GC(34461) Pause Young (Allocation Failure) 536M->366M(531M) 1.239ms
[13672.358s][info][gc,cpu         ] GC(34461) User=0.00s Sys=0.00s Real=0.00s
[13672.896s][info][gc,start       ] GC(34462) Pause Young (Allocation Failure)
[13672.899s][info][gc,heap        ] GC(34462) PSYoungGen: 168688K(168960K)->256K(163328K) Eden: 168448K(168448K)->0K(162816K) From: 240K(512K)->256K(512K)
[13672.899s][info][gc,heap        ] GC(34462) ParOldGen: 374669K(374784K)->374685K(374784K)
[13672.899s][info][gc,metaspace   ] GC(34462) Metaspace: 8795K(9024K)->8795K(9024K) NonClass: 8143K(8320K)->8143K(8320K) Class: 652K(704K)->652K(704K)
[13672.899s][info][gc             ] GC(34462) Pause Young (Allocation Failure) 530M->366M(525M) 2.386ms
[13672.899s][info][gc,cpu         ] GC(34462) User=0.01s Sys=0.00s Real=0.00s
[13673.397s][info][gc,start       ] GC(34463) Pause Young (Allocation Failure)
[13673.400s][info][gc,heap        ] GC(34463) PSYoungGen: 163072K(163328K)->288K(157696K) Eden: 162816K(162816K)->0K(157184K) From: 256K(512K)->288K(512K)
[13673.400s][info][gc,heap        ] GC(34463) ParOldGen: 374685K(374784K)->374701K(374784K)
[13673.400s][info][gc,metaspace   ] GC(34463) Metaspace: 8795K(9024K)->8795K(9024K) NonClass: 8143K(8320K)->8143K(8320K) Class: 652K(704K)->652K(704K)
[13673.400s][info][gc             ] GC(34463) Pause Young (Allocation Failure) 525M->366M(520M) 2.126ms
[13673.400s][info][gc,cpu         ] GC(34463) User=0.00s Sys=0.00s Real=0.00s
[13673.931s][info][gc,start       ] GC(34464) Pause Young (Allocation Failure)
[13673.933s][info][gc,heap        ] GC(34464) PSYoungGen: 157472K(157696K)->272K(152576K) Eden: 157184K(157184K)->0K(152064K) From: 288K(512K)->272K(512K)
[13673.933s][info][gc,heap        ] GC(34464) ParOldGen: 374701K(374784K)->374717K(374784K)
[13673.933s][info][gc,metaspace   ] GC(34464) Metaspace: 8795K(9024K)->8795K(9024K) NonClass: 8143K(8320K)->8143K(8320K) Class: 652K(704K)->652K(704K)
[13673.933s][info][gc             ] GC(34464) Pause Young (Allocation Failure) 519M->366M(515M) 2.102ms
[13673.933s][info][gc,cpu         ] GC(34464) User=0.00s Sys=0.00s Real=0.00s
[13674.410s][info][gc,start       ] GC(34465) Pause Young (Allocation Failure)
[13674.412s][info][gc,heap        ] GC(34465) PSYoungGen: 152336K(152576K)->192K(147456K) Eden: 152064K(152064K)->0K(146944K) From: 272K(512K)->192K(512K)
[13674.412s][info][gc,heap        ] GC(34465) ParOldGen: 374717K(374784K)->374733K(374784K)
[13674.412s][info][gc,metaspace   ] GC(34465) Metaspace: 8795K(9024K)->8795K(9024K) NonClass: 8143K(8320K)->8143K(8320K) Class: 652K(704K)->652K(704K)
[13674.412s][info][gc             ] GC(34465) Pause Young (Allocation Failure) 514M->366M(510M) 1.846ms
[13674.412s][info][gc,cpu         ] GC(34465) User=0.00s Sys=0.00s Real=0.01s
[13674.890s][info][gc,start       ] GC(34466) Pause Young (Allocation Failure)
[13674.892s][info][gc,heap        ] GC(34466) PSYoungGen: 147136K(147456K)->240K(142848K) Eden: 146944K(146944K)->0K(142336K) From: 192K(512K)->240K(512K)
[13674.892s][info][gc,heap        ] GC(34466) ParOldGen: 374733K(374784K)->374749K(374784K)
[13674.892s][info][gc,metaspace   ] GC(34466) Metaspace: 8795K(9024K)->8795K(9024K) NonClass: 8143K(8320K)->8143K(8320K) Class: 652K(704K)->652K(704K)
[13674.892s][info][gc             ] GC(34466) Pause Young (Allocation Failure) 509M->366M(505M) 1.715ms
[13674.892s][info][gc,cpu         ] GC(34466) User=0.00s Sys=0.00s Real=0.01s
[13675.370s][info][gc,start       ] GC(34467) Pause Young (Allocation Failure)
[13675.371s][info][gc,heap        ] GC(34467) PSYoungGen: 142576K(142848K)->256K(138240K) Eden: 142336K(142336K)->0K(137728K) From: 240K(512K)->256K(512K)
[13675.371s][info][gc,heap        ] GC(34467) ParOldGen: 374749K(374784K)->374765K(374784K)
[13675.371s][info][gc,metaspace   ] GC(34467) Metaspace: 8795K(9024K)->8795K(9024K) NonClass: 8143K(8320K)->8143K(8320K) Class: 652K(704K)->652K(704K)
[13675.371s][info][gc             ] GC(34467) Pause Young (Allocation Failure) 505M->366M(501M) 1.291ms
[13675.371s][info][gc,cpu         ] GC(34467) User=0.00s Sys=0.00s Real=0.01s
[13675.798s][info][gc,start       ] GC(34468) Pause Young (Allocation Failure)
[13675.799s][info][gc,heap        ] GC(34468) PSYoungGen: 137984K(138240K)->256K(133632K) Eden: 137728K(137728K)->0K(133120K) From: 256K(512K)->256K(512K)
[13675.799s][info][gc,heap        ] GC(34468) ParOldGen: 374765K(374784K)->374781K(374784K)
[13675.799s][info][gc,metaspace   ] GC(34468) Metaspace: 8795K(9024K)->8795K(9024K) NonClass: 8143K(8320K)->8143K(8320K) Class: 652K(704K)->652K(704K)
[13675.799s][info][gc             ] GC(34468) Pause Young (Allocation Failure) 500M->366M(496M) 1.236ms
[13675.799s][info][gc,cpu         ] GC(34468) User=0.00s Sys=0.00s Real=0.00s
[13676.226s][info][gc,start       ] GC(34469) Pause Young (Allocation Failure)
[13676.228s][info][gc,heap        ] GC(34469) PSYoungGen: 133376K(133632K)->240K(129536K) Eden: 133120K(133120K)->0K(129024K) From: 256K(512K)->240K(512K)
[13676.228s][info][gc,heap        ] GC(34469) ParOldGen: 374781K(374784K)->374797K(375296K)
[13676.228s][info][gc,metaspace   ] GC(34469) Metaspace: 8795K(9024K)->8795K(9024K) NonClass: 8143K(8320K)->8143K(8320K) Class: 652K(704K)->652K(704K)
[13676.228s][info][gc             ] GC(34469) Pause Young (Allocation Failure) 496M->366M(493M) 1.353ms
[13676.228s][info][gc,cpu         ] GC(34469) User=0.00s Sys=0.00s Real=0.00s
[13676.660s][info][gc,start       ] GC(34470) Pause Young (Allocation Failure)
[13676.661s][info][gc,heap        ] GC(34470) PSYoungGen: 129264K(129536K)->256K(125440K) Eden: 129024K(129024K)->0K(124928K) From: 240K(512K)->256K(512K)
[13676.661s][info][gc,heap        ] GC(34470) ParOldGen: 374797K(375296K)->374813K(375296K)
[13676.661s][info][gc,metaspace   ] GC(34470) Metaspace: 8795K(9024K)->8795K(9024K) NonClass: 8143K(8320K)->8143K(8320K) Class: 652K(704K)->652K(704K)
[13676.661s][info][gc             ] GC(34470) Pause Young (Allocation Failure) 492M->366M(489M) 1.269ms
[13676.661s][info][gc,cpu         ] GC(34470) User=0.00s Sys=0.00s Real=0.01s
[13677.067s][info][gc,start       ] GC(34471) Pause Young (Allocation Failure)
[13677.068s][info][gc,heap        ] GC(34471) PSYoungGen: 125184K(125440K)->240K(121344K) Eden: 124928K(124928K)->0K(120832K) From: 256K(512K)->240K(512K)
[13677.068s][info][gc,heap        ] GC(34471) ParOldGen: 374813K(375296K)->374829K(375296K)
[13677.068s][info][gc,metaspace   ] GC(34471) Metaspace: 8795K(9024K)->8795K(9024K) NonClass: 8143K(8320K)->8143K(8320K) Class: 652K(704K)->652K(704K)
[13677.068s][info][gc             ] GC(34471) Pause Young (Allocation Failure) 488M->366M(485M) 1.250ms
[13677.068s][info][gc,cpu         ] GC(34471) User=0.00s Sys=0.00s Real=0.00s
[13677.466s][info][gc,start       ] GC(34472) Pause Young (Allocation Failure)
[13677.467s][info][gc,heap        ] GC(34472) PSYoungGen: 121072K(121344K)->240K(117760K) Eden: 120832K(120832K)->0K(117248K) From: 240K(512K)->240K(512K)
[13677.467s][info][gc,heap        ] GC(34472) ParOldGen: 374829K(375296K)->374845K(375296K)
[13677.467s][info][gc,metaspace   ] GC(34472) Metaspace: 8795K(9024K)->8795K(9024K) NonClass: 8143K(8320K)->8143K(8320K) Class: 652K(704K)->652K(704K)
[13677.467s][info][gc             ] GC(34472) Pause Young (Allocation Failure) 484M->366M(481M) 1.256ms
[13677.467s][info][gc,cpu         ] GC(34472) User=0.01s Sys=0.00s Real=0.00s
[13677.842s][info][gc,start       ] GC(34473) Pause Young (Allocation Failure)
[13677.843s][info][gc,heap        ] GC(34473) PSYoungGen: 117488K(117760K)->256K(114176K) Eden: 117248K(117248K)->0K(113664K) From: 240K(512K)->256K(512K)
[13677.843s][info][gc,heap        ] GC(34473) ParOldGen: 374845K(375296K)->374861K(375296K)
[13677.843s][info][gc,metaspace   ] GC(34473) Metaspace: 8795K(9024K)->8795K(9024K) NonClass: 8143K(8320K)->8143K(8320K) Class: 652K(704K)->652K(704K)
[13677.843s][info][gc             ] GC(34473) Pause Young (Allocation Failure) 480M->366M(478M) 1.254ms
[13677.843s][info][gc,cpu         ] GC(34473) User=0.00s Sys=0.00s Real=0.00s
[13678.234s][info][gc,start       ] GC(34474) Pause Young (Allocation Failure)
[13678.235s][info][gc,heap        ] GC(34474) PSYoungGen: 113920K(114176K)->240K(110592K) Eden: 113664K(113664K)->0K(110080K) From: 256K(512K)->240K(512K)
[13678.235s][info][gc,heap        ] GC(34474) ParOldGen: 374861K(375296K)->374877K(375296K)
[13678.236s][info][gc,metaspace   ] GC(34474) Metaspace: 8795K(9024K)->8795K(9024K) NonClass: 8143K(8320K)->8143K(8320K) Class: 652K(704K)->652K(704K)
[13678.236s][info][gc             ] GC(34474) Pause Young (Allocation Failure) 477M->366M(474M) 1.243ms
[13678.236s][info][gc,cpu         ] GC(34474) User=0.00s Sys=0.00s Real=0.00s
[13678.569s][info][gc,start       ] GC(34475) Pause Young (Allocation Failure)
[13678.570s][info][gc,heap        ] GC(34475) PSYoungGen: 110320K(110592K)->256K(107520K) Eden: 110080K(110080K)->0K(107008K) From: 240K(512K)->256K(512K)
[13678.570s][info][gc,heap        ] GC(34475) ParOldGen: 374877K(375296K)->374893K(375296K)
[13678.570s][info][gc,metaspace   ] GC(34475) Metaspace: 8795K(9024K)->8795K(9024K) NonClass: 8143K(8320K)->8143K(8320K) Class: 652K(704K)->652K(704K)
[13678.570s][info][gc             ] GC(34475) Pause Young (Allocation Failure) 473M->366M(471M) 1.238ms
[13678.570s][info][gc,cpu         ] GC(34475) User=0.00s Sys=0.00s Real=0.00s
[13678.899s][info][gc,start       ] GC(34476) Pause Young (Allocation Failure)
[13678.901s][info][gc,heap        ] GC(34476) PSYoungGen: 107264K(107520K)->224K(104448K) Eden: 107008K(107008K)->0K(103936K) From: 256K(512K)->224K(512K)
[13678.901s][info][gc,heap        ] GC(34476) ParOldGen: 374893K(375296K)->374901K(375296K)
[13678.901s][info][gc,metaspace   ] GC(34476) Metaspace: 8795K(9024K)->8795K(9024K) NonClass: 8143K(8320K)->8143K(8320K) Class: 652K(704K)->652K(704K)
[13678.901s][info][gc             ] GC(34476) Pause Young (Allocation Failure) 470M->366M(468M) 1.514ms
[13678.901s][info][gc,cpu         ] GC(34476) User=0.01s Sys=0.00s Real=0.01s
[13679.233s][info][gc,start       ] GC(34477) Pause Young (Allocation Failure)
[13679.235s][info][gc,heap        ] GC(34477) PSYoungGen: 104160K(104448K)->256K(101376K) Eden: 103936K(103936K)->0K(100864K) From: 224K(512K)->256K(512K)
[13679.235s][info][gc,heap        ] GC(34477) ParOldGen: 374901K(375296K)->374917K(375296K)
[13679.235s][info][gc,metaspace   ] GC(34477) Metaspace: 8795K(9024K)->8795K(9024K) NonClass: 8143K(8320K)->8143K(8320K) Class: 652K(704K)->652K(704K)
[13679.235s][info][gc             ] GC(34477) Pause Young (Allocation Failure) 467M->366M(465M) 1.254ms
[13679.235s][info][gc,cpu         ] GC(34477) User=0.00s Sys=0.00s Real=0.00s
[13679.549s][info][gc,start       ] GC(34478) Pause Young (Allocation Failure)
[13679.550s][info][gc,heap        ] GC(34478) PSYoungGen: 101120K(101376K)->256K(98304K) Eden: 100864K(100864K)->0K(97792K) From: 256K(512K)->256K(512K)
[13679.550s][info][gc,heap        ] GC(34478) ParOldGen: 374917K(375296K)->374933K(375296K)
[13679.550s][info][gc,metaspace   ] GC(34478) Metaspace: 8795K(9024K)->8795K(9024K) NonClass: 8143K(8320K)->8143K(8320K) Class: 652K(704K)->652K(704K)
[13679.550s][info][gc             ] GC(34478) Pause Young (Allocation Failure) 464M->366M(462M) 1.230ms
[13679.550s][info][gc,cpu         ] GC(34478) User=0.01s Sys=0.00s Real=0.00s
[13679.883s][info][gc,start       ] GC(34479) Pause Young (Allocation Failure)
[13679.884s][info][gc,heap        ] GC(34479) PSYoungGen: 98048K(98304K)->256K(95744K) Eden: 97792K(97792K)->0K(95232K) From: 256K(512K)->256K(512K)
[13679.884s][info][gc,heap        ] GC(34479) ParOldGen: 374933K(375296K)->374949K(375296K)
[13679.884s][info][gc,metaspace   ] GC(34479) Metaspace: 8795K(9024K)->8795K(9024K) NonClass: 8143K(8320K)->8143K(8320K) Class: 652K(704K)->652K(704K)
[13679.884s][info][gc             ] GC(34479) Pause Young (Allocation Failure) 461M->366M(460M) 1.166ms
[13679.885s][info][gc,cpu         ] GC(34479) User=0.00s Sys=0.00s Real=0.00s
[13680.177s][info][gc,start       ] GC(34480) Pause Young (Allocation Failure)
[13680.179s][info][gc,heap        ] GC(34480) PSYoungGen: 95488K(95744K)->256K(93184K) Eden: 95232K(95232K)->0K(92672K) From: 256K(512K)->256K(512K)
[13680.179s][info][gc,heap        ] GC(34480) ParOldGen: 374949K(375296K)->374965K(375296K)
[13680.179s][info][gc,metaspace   ] GC(34480) Metaspace: 8795K(9024K)->8795K(9024K) NonClass: 8143K(8320K)->8143K(8320K) Class: 652K(704K)->652K(704K)
[13680.180s][info][gc             ] GC(34480) Pause Young (Allocation Failure) 459M->366M(457M) 2.215ms
[13680.180s][info][gc,cpu         ] GC(34480) User=0.00s Sys=0.00s Real=0.00s
[13680.456s][info][gc,start       ] GC(34481) Pause Young (Allocation Failure)
[13680.458s][info][gc,heap        ] GC(34481) PSYoungGen: 92928K(93184K)->304K(90624K) Eden: 92672K(92672K)->0K(90112K) From: 256K(512K)->304K(512K)
[13680.458s][info][gc,heap        ] GC(34481) ParOldGen: 374965K(375296K)->374981K(375296K)
[13680.458s][info][gc,metaspace   ] GC(34481) Metaspace: 8795K(9024K)->8795K(9024K) NonClass: 8143K(8320K)->8143K(8320K) Class: 652K(704K)->652K(704K)
[13680.458s][info][gc             ] GC(34481) Pause Young (Allocation Failure) 456M->366M(455M) 2.324ms
[13680.458s][info][gc,cpu         ] GC(34481) User=0.00s Sys=0.00s Real=0.00s
[13680.744s][info][gc,start       ] GC(34482) Pause Young (Allocation Failure)
[13680.747s][info][gc,heap        ] GC(34482) PSYoungGen: 90416K(90624K)->256K(88064K) Eden: 90112K(90112K)->0K(87552K) From: 304K(512K)->256K(512K)
[13680.747s][info][gc,heap        ] GC(34482) ParOldGen: 374981K(375296K)->374997K(375296K)
[13680.747s][info][gc,metaspace   ] GC(34482) Metaspace: 8795K(9024K)->8795K(9024K) NonClass: 8143K(8320K)->8143K(8320K) Class: 652K(704K)->652K(704K)
[13680.747s][info][gc             ] GC(34482) Pause Young (Allocation Failure) 454M->366M(452M) 2.804ms
[13680.747s][info][gc,cpu         ] GC(34482) User=0.01s Sys=0.00s Real=0.00s
[13681.051s][info][gc,start       ] GC(34483) Pause Young (Allocation Failure)
[13681.053s][info][gc,heap        ] GC(34483) PSYoungGen: 87808K(88064K)->256K(202752K) Eden: 87552K(87552K)->0K(202240K) From: 256K(512K)->256K(512K)
[13681.053s][info][gc,heap        ] GC(34483) ParOldGen: 374997K(375296K)->375013K(375296K)
[13681.053s][info][gc,metaspace   ] GC(34483) Metaspace: 8795K(9024K)->8795K(9024K) NonClass: 8143K(8320K)->8143K(8320K) Class: 652K(704K)->652K(704K)
[13681.053s][info][gc             ] GC(34483) Pause Young (Allocation Failure) 451M->366M(564M) 2.751ms
[13681.053s][info][gc,cpu         ] GC(34483) User=0.00s Sys=0.00s Real=0.00s
[13681.693s][info][gc,start       ] GC(34484) Pause Young (Allocation Failure)
[13681.695s][info][gc,heap        ] GC(34484) PSYoungGen: 202496K(202752K)->256K(195584K) Eden: 202240K(202240K)->0K(195072K) From: 256K(512K)->256K(512K)
[13681.695s][info][gc,heap        ] GC(34484) ParOldGen: 375013K(375296K)->375029K(375296K)
[13681.695s][info][gc,metaspace   ] GC(34484) Metaspace: 8795K(9024K)->8795K(9024K) NonClass: 8143K(8320K)->8143K(8320K) Class: 652K(704K)->652K(704K)
[13681.695s][info][gc             ] GC(34484) Pause Young (Allocation Failure) 563M->366M(557M) 2.556ms
[13681.695s][info][gc,cpu         ] GC(34484) User=0.00s Sys=0.00s Real=0.00s
[13682.329s][info][gc,start       ] GC(34485) Pause Young (Allocation Failure)
[13682.331s][info][gc,heap        ] GC(34485) PSYoungGen: 195328K(195584K)->240K(188416K) Eden: 195072K(195072K)->0K(187904K) From: 256K(512K)->240K(512K)
[13682.331s][info][gc,heap        ] GC(34485) ParOldGen: 375029K(375296K)->375045K(375296K)
[13682.331s][info][gc,metaspace   ] GC(34485) Metaspace: 8795K(9024K)->8795K(9024K) NonClass: 8143K(8320K)->8143K(8320K) Class: 652K(704K)->652K(704K)
[13682.331s][info][gc             ] GC(34485) Pause Young (Allocation Failure) 556M->366M(550M) 1.647ms
[13682.331s][info][gc,cpu         ] GC(34485) User=0.00s Sys=0.00s Real=0.01s
[13682.908s][info][gc,start       ] GC(34486) Pause Young (Allocation Failure)
[13682.910s][info][gc,heap        ] GC(34486) PSYoungGen: 188144K(188416K)->256K(181760K) Eden: 187904K(187904K)->0K(181248K) From: 240K(512K)->256K(512K)
[13682.910s][info][gc,heap        ] GC(34486) ParOldGen: 375045K(375296K)->375061K(375296K)
[13682.910s][info][gc,metaspace   ] GC(34486) Metaspace: 8795K(9024K)->8795K(9024K) NonClass: 8143K(8320K)->8143K(8320K) Class: 652K(704K)->652K(704K)
[13682.910s][info][gc             ] GC(34486) Pause Young (Allocation Failure) 549M->366M(544M) 1.188ms
[13682.910s][info][gc,cpu         ] GC(34486) User=0.00s Sys=0.00s Real=0.00s
[13683.461s][info][gc,start       ] GC(34487) Pause Young (Allocation Failure)
[13683.462s][info][gc,heap        ] GC(34487) PSYoungGen: 181504K(181760K)->256K(175104K) Eden: 181248K(181248K)->0K(174592K) From: 256K(512K)->256K(512K)
[13683.462s][info][gc,heap        ] GC(34487) ParOldGen: 375061K(375296K)->375077K(375296K)
[13683.462s][info][gc,metaspace   ] GC(34487) Metaspace: 8795K(9024K)->8795K(9024K) NonClass: 8143K(8320K)->8143K(8320K) Class: 652K(704K)->652K(704K)
[13683.463s][info][gc             ] GC(34487) Pause Young (Allocation Failure) 543M->366M(537M) 1.527ms
[13683.463s][info][gc,cpu         ] GC(34487) User=0.00s Sys=0.00s Real=0.00s
[13684.028s][info][gc,start       ] GC(34488) Pause Young (Allocation Failure)
[13684.030s][info][gc,heap        ] GC(34488) PSYoungGen: 174848K(175104K)->272K(168960K) Eden: 174592K(174592K)->0K(168448K) From: 256K(512K)->272K(512K)
[13684.030s][info][gc,heap        ] GC(34488) ParOldGen: 375077K(375296K)->375093K(375296K)
[13684.030s][info][gc,metaspace   ] GC(34488) Metaspace: 8795K(9024K)->8795K(9024K) NonClass: 8143K(8320K)->8143K(8320K) Class: 652K(704K)->652K(704K)
[13684.030s][info][gc             ] GC(34488) Pause Young (Allocation Failure) 537M->366M(531M) 2.089ms
[13684.030s][info][gc,cpu         ] GC(34488) User=0.01s Sys=0.00s Real=0.01s
[13684.537s][info][gc,start       ] GC(34489) Pause Young (Allocation Failure)
[13684.539s][info][gc,heap        ] GC(34489) PSYoungGen: 168720K(168960K)->272K(163328K) Eden: 168448K(168448K)->0K(162816K) From: 272K(512K)->272K(512K)
[13684.539s][info][gc,heap        ] GC(34489) ParOldGen: 375093K(375296K)->375109K(375296K)
[13684.539s][info][gc,metaspace   ] GC(34489) Metaspace: 8795K(9024K)->8795K(9024K) NonClass: 8143K(8320K)->8143K(8320K) Class: 652K(704K)->652K(704K)
[13684.540s][info][gc             ] GC(34489) Pause Young (Allocation Failure) 531M->366M(526M) 2.329ms
[13684.540s][info][gc,cpu         ] GC(34489) User=0.01s Sys=0.00s Real=0.00s
[13685.040s][info][gc,start       ] GC(34490) Pause Young (Allocation Failure)
[13685.042s][info][gc,heap        ] GC(34490) PSYoungGen: 163088K(163328K)->272K(157696K) Eden: 162816K(162816K)->0K(157184K) From: 272K(512K)->272K(512K)
[13685.042s][info][gc,heap        ] GC(34490) ParOldGen: 375109K(375296K)->375125K(375296K)
[13685.042s][info][gc,metaspace   ] GC(34490) Metaspace: 8795K(9024K)->8795K(9024K) NonClass: 8143K(8320K)->8143K(8320K) Class: 652K(704K)->652K(704K)
[13685.042s][info][gc             ] GC(34490) Pause Young (Allocation Failure) 525M->366M(520M) 2.164ms
[13685.042s][info][gc,cpu         ] GC(34490) User=0.00s Sys=0.00s Real=0.01s
[13685.525s][info][gc,start       ] GC(34491) Pause Young (Allocation Failure)
[13685.527s][info][gc,heap        ] GC(34491) PSYoungGen: 157456K(157696K)->256K(152576K) Eden: 157184K(157184K)->0K(152064K) From: 272K(512K)->256K(512K)
[13685.527s][info][gc,heap        ] GC(34491) ParOldGen: 375125K(375296K)->375141K(375296K)
[13685.527s][info][gc,metaspace   ] GC(34491) Metaspace: 8795K(9024K)->8795K(9024K) NonClass: 8143K(8320K)->8143K(8320K) Class: 652K(704K)->652K(704K)
[13685.527s][info][gc             ] GC(34491) Pause Young (Allocation Failure) 520M->366M(515M) 2.280ms
[13685.527s][info][gc,cpu         ] GC(34491) User=0.00s Sys=0.00s Real=0.00s
[13685.978s][info][gc,start       ] GC(34492) Pause Young (Allocation Failure)
[13685.980s][info][gc,heap        ] GC(34492) PSYoungGen: 152320K(152576K)->256K(147456K) Eden: 152064K(152064K)->0K(146944K) From: 256K(512K)->256K(512K)
[13685.981s][info][gc,heap        ] GC(34492) ParOldGen: 375141K(375296K)->375157K(375296K)
[13685.981s][info][gc,metaspace   ] GC(34492) Metaspace: 8795K(9024K)->8795K(9024K) NonClass: 8143K(8320K)->8143K(8320K) Class: 652K(704K)->652K(704K)
[13685.981s][info][gc             ] GC(34492) Pause Young (Allocation Failure) 515M->366M(510M) 2.298ms
[13685.981s][info][gc,cpu         ] GC(34492) User=0.00s Sys=0.00s Real=0.01s
[13686.461s][info][gc,start       ] GC(34493) Pause Young (Allocation Failure)
[13686.463s][info][gc,heap        ] GC(34493) PSYoungGen: 147200K(147456K)->240K(142848K) Eden: 146944K(146944K)->0K(142336K) From: 256K(512K)->240K(512K)
[13686.463s][info][gc,heap        ] GC(34493) ParOldGen: 375157K(375296K)->375173K(375296K)
[13686.463s][info][gc,metaspace   ] GC(34493) Metaspace: 8795K(9024K)->8795K(9024K) NonClass: 8143K(8320K)->8143K(8320K) Class: 652K(704K)->652K(704K)
[13686.463s][info][gc             ] GC(34493) Pause Young (Allocation Failure) 510M->366M(506M) 2.220ms
[13686.463s][info][gc,cpu         ] GC(34493) User=0.00s Sys=0.00s Real=0.00s
[13686.902s][info][gc,start       ] GC(34494) Pause Young (Allocation Failure)
[13686.903s][info][gc,heap        ] GC(34494) PSYoungGen: 142576K(142848K)->240K(138240K) Eden: 142336K(142336K)->0K(137728K) From: 240K(512K)->240K(512K)
[13686.903s][info][gc,heap        ] GC(34494) ParOldGen: 375173K(375296K)->375189K(375296K)
[13686.903s][info][gc,metaspace   ] GC(34494) Metaspace: 8795K(9024K)->8795K(9024K) NonClass: 8143K(8320K)->8143K(8320K) Class: 652K(704K)->652K(704K)
[13686.903s][info][gc             ] GC(34494) Pause Young (Allocation Failure) 505M->366M(501M) 1.232ms
[13686.903s][info][gc,cpu         ] GC(34494) User=0.00s Sys=0.00s Real=0.00s
[13687.315s][info][gc,start       ] GC(34495) Pause Young (Allocation Failure)
[13687.317s][info][gc,heap        ] GC(34495) PSYoungGen: 137968K(138240K)->272K(133632K) Eden: 137728K(137728K)->0K(133120K) From: 240K(512K)->272K(512K)
[13687.317s][info][gc,heap        ] GC(34495) ParOldGen: 375189K(375296K)->375205K(375296K)
[13687.317s][info][gc,metaspace   ] GC(34495) Metaspace: 8795K(9024K)->8795K(9024K) NonClass: 8143K(8320K)->8143K(8320K) Class: 652K(704K)->652K(704K)
[13687.317s][info][gc             ] GC(34495) Pause Young (Allocation Failure) 501M->366M(497M) 2.118ms
[13687.317s][info][gc,cpu         ] GC(34495) User=0.00s Sys=0.00s Real=0.00s
[13687.743s][info][gc,start       ] GC(34496) Pause Young (Allocation Failure)
[13687.745s][info][gc,heap        ] GC(34496) PSYoungGen: 133392K(133632K)->256K(129536K) Eden: 133120K(133120K)->0K(129024K) From: 272K(512K)->256K(512K)
[13687.745s][info][gc,heap        ] GC(34496) ParOldGen: 375205K(375296K)->375221K(375296K)
[13687.745s][info][gc,metaspace   ] GC(34496) Metaspace: 8795K(9024K)->8795K(9024K) NonClass: 8143K(8320K)->8143K(8320K) Class: 652K(704K)->652K(704K)
[13687.745s][info][gc             ] GC(34496) Pause Young (Allocation Failure) 496M->366M(493M) 2.120ms
[13687.745s][info][gc,cpu         ] GC(34496) User=0.01s Sys=0.00s Real=0.00s
[13688.159s][info][gc,start       ] GC(34497) Pause Young (Allocation Failure)
[13688.161s][info][gc,heap        ] GC(34497) PSYoungGen: 129280K(129536K)->256K(125440K) Eden: 129024K(129024K)->0K(124928K) From: 256K(512K)->256K(512K)
[13688.161s][info][gc,heap        ] GC(34497) ParOldGen: 375221K(375296K)->375237K(375296K)
[13688.161s][info][gc,metaspace   ] GC(34497) Metaspace: 8795K(9024K)->8795K(9024K) NonClass: 8143K(8320K)->8143K(8320K) Class: 652K(704K)->652K(704K)
[13688.161s][info][gc             ] GC(34497) Pause Young (Allocation Failure) 492M->366M(489M) 2.078ms
[13688.161s][info][gc,cpu         ] GC(34497) User=0.00s Sys=0.00s Real=0.01s
[13688.538s][info][gc,start       ] GC(34498) Pause Young (Allocation Failure)
[13688.539s][info][gc,heap        ] GC(34498) PSYoungGen: 125184K(125440K)->240K(121344K) Eden: 124928K(124928K)->0K(120832K) From: 256K(512K)->240K(512K)
[13688.539s][info][gc,heap        ] GC(34498) ParOldGen: 375237K(375296K)->375253K(375296K)
[13688.539s][info][gc,metaspace   ] GC(34498) Metaspace: 8795K(9024K)->8795K(9024K) NonClass: 8143K(8320K)->8143K(8320K) Class: 652K(704K)->652K(704K)
[13688.539s][info][gc             ] GC(34498) Pause Young (Allocation Failure) 488M->366M(485M) 1.647ms
[13688.539s][info][gc,cpu         ] GC(34498) User=0.00s Sys=0.00s Real=0.00s
[13688.897s][info][gc,start       ] GC(34499) Pause Young (Allocation Failure)
[13688.898s][info][gc,heap        ] GC(34499) PSYoungGen: 121072K(121344K)->224K(117760K) Eden: 120832K(120832K)->0K(117248K) From: 240K(512K)->224K(512K)
[13688.898s][info][gc,heap        ] GC(34499) ParOldGen: 375253K(375296K)->375269K(375296K)
[13688.898s][info][gc,metaspace   ] GC(34499) Metaspace: 8795K(9024K)->8795K(9024K) NonClass: 8143K(8320K)->8143K(8320K) Class: 652K(704K)->652K(704K)
[13688.899s][info][gc             ] GC(34499) Pause Young (Allocation Failure) 484M->366M(481M) 1.351ms
[13688.899s][info][gc,cpu         ] GC(34499) User=0.00s Sys=0.00s Real=0.00s
[13689.285s][info][gc,start       ] GC(34500) Pause Young (Allocation Failure)
[13689.286s][info][gc,heap        ] GC(34500) PSYoungGen: 117472K(117760K)->240K(114176K) Eden: 117248K(117248K)->0K(113664K) From: 224K(512K)->240K(512K)
[13689.287s][info][gc,heap        ] GC(34500) ParOldGen: 375269K(375296K)->375285K(375296K)
[13689.287s][info][gc,metaspace   ] GC(34500) Metaspace: 8795K(9024K)->8795K(9024K) NonClass: 8143K(8320K)->8143K(8320K) Class: 652K(704K)->652K(704K)
[13689.287s][info][gc             ] GC(34500) Pause Young (Allocation Failure) 481M->366M(478M) 1.235ms
[13689.287s][info][gc,cpu         ] GC(34500) User=0.00s Sys=0.00s Real=0.00s
[13689.624s][info][gc,start       ] GC(34501) Pause Young (Allocation Failure)
[13689.626s][info][gc,heap        ] GC(34501) PSYoungGen: 113904K(114176K)->240K(110592K) Eden: 113664K(113664K)->0K(110080K) From: 240K(512K)->240K(512K)
[13689.626s][info][gc,heap        ] GC(34501) ParOldGen: 375285K(375296K)->375301K(375808K)
[13689.626s][info][gc,metaspace   ] GC(34501) Metaspace: 8795K(9024K)->8795K(9024K) NonClass: 8143K(8320K)->8143K(8320K) Class: 652K(704K)->652K(704K)
[13689.626s][info][gc             ] GC(34501) Pause Young (Allocation Failure) 477M->366M(475M) 1.279ms
[13689.626s][info][gc,cpu         ] GC(34501) User=0.00s Sys=0.00s Real=0.00s
[13689.972s][info][gc,start       ] GC(34502) Pause Young (Allocation Failure)
[13689.973s][info][gc,heap        ] GC(34502) PSYoungGen: 110320K(110592K)->240K(107520K) Eden: 110080K(110080K)->0K(107008K) From: 240K(512K)->240K(512K)
[13689.973s][info][gc,heap        ] GC(34502) ParOldGen: 375301K(375808K)->375317K(375808K)
[13689.973s][info][gc,metaspace   ] GC(34502) Metaspace: 8795K(9024K)->8795K(9024K) NonClass: 8143K(8320K)->8143K(8320K) Class: 652K(704K)->652K(704K)
[13689.973s][info][gc             ] GC(34502) Pause Young (Allocation Failure) 474M->366M(472M) 1.269ms
[13689.973s][info][gc,cpu         ] GC(34502) User=0.00s Sys=0.01s Real=0.00s
[13690.322s][info][gc,start       ] GC(34503) Pause Young (Allocation Failure)
[13690.323s][info][gc,heap        ] GC(34503) PSYoungGen: 107248K(107520K)->256K(104448K) Eden: 107008K(107008K)->0K(103936K) From: 240K(512K)->256K(512K)
[13690.323s][info][gc,heap        ] GC(34503) ParOldGen: 375317K(375808K)->375333K(375808K)
[13690.323s][info][gc,metaspace   ] GC(34503) Metaspace: 8795K(9024K)->8795K(9024K) NonClass: 8143K(8320K)->8143K(8320K) Class: 652K(704K)->652K(704K)
[13690.323s][info][gc             ] GC(34503) Pause Young (Allocation Failure) 471M->366M(469M) 1.294ms
[13690.323s][info][gc,cpu         ] GC(34503) User=0.00s Sys=0.00s Real=0.00s
[13690.697s][info][gc,start       ] GC(34504) Pause Young (Allocation Failure)
[13690.698s][info][gc,heap        ] GC(34504) PSYoungGen: 104192K(104448K)->240K(101376K) Eden: 103936K(103936K)->0K(100864K) From: 256K(512K)->240K(512K)
[13690.699s][info][gc,heap        ] GC(34504) ParOldGen: 375333K(375808K)->375349K(375808K)
[13690.699s][info][gc,metaspace   ] GC(34504) Metaspace: 8795K(9024K)->8795K(9024K) NonClass: 8143K(8320K)->8143K(8320K) Class: 652K(704K)->652K(704K)
[13690.699s][info][gc             ] GC(34504) Pause Young (Allocation Failure) 468M->366M(466M) 1.277ms
[13690.699s][info][gc,cpu         ] GC(34504) User=0.00s Sys=0.00s Real=0.00s
[13691.027s][info][gc,start       ] GC(34505) Pause Young (Allocation Failure)
[13691.028s][info][gc,heap        ] GC(34505) PSYoungGen: 101104K(101376K)->272K(98304K) Eden: 100864K(100864K)->0K(97792K) From: 240K(512K)->272K(512K)
[13691.028s][info][gc,heap        ] GC(34505) ParOldGen: 375349K(375808K)->375365K(375808K)
[13691.028s][info][gc,metaspace   ] GC(34505) Metaspace: 8795K(9024K)->8795K(9024K) NonClass: 8143K(8320K)->8143K(8320K) Class: 652K(704K)->652K(704K)
[13691.028s][info][gc             ] GC(34505) Pause Young (Allocation Failure) 465M->366M(463M) 1.203ms
[13691.028s][info][gc,cpu         ] GC(34505) User=0.00s Sys=0.00s Real=0.00s
[13691.346s][info][gc,start       ] GC(34506) Pause Young (Allocation Failure)
[13691.347s][info][gc,heap        ] GC(34506) PSYoungGen: 98064K(98304K)->224K(95744K) Eden: 97792K(97792K)->0K(95232K) From: 272K(512K)->224K(512K)
[13691.347s][info][gc,heap        ] GC(34506) ParOldGen: 375365K(375808K)->375381K(375808K)
[13691.347s][info][gc,metaspace   ] GC(34506) Metaspace: 8795K(9024K)->8795K(9024K) NonClass: 8143K(8320K)->8143K(8320K) Class: 652K(704K)->652K(704K)
[13691.347s][info][gc             ] GC(34506) Pause Young (Allocation Failure) 462M->366M(460M) 1.614ms
[13691.347s][info][gc,cpu         ] GC(34506) User=0.01s Sys=0.00s Real=0.00s
[13691.639s][info][gc,start       ] GC(34507) Pause Young (Allocation Failure)
[13691.640s][info][gc,heap        ] GC(34507) PSYoungGen: 95456K(95744K)->256K(93184K) Eden: 95232K(95232K)->0K(92672K) From: 224K(512K)->256K(512K)
[13691.640s][info][gc,heap        ] GC(34507) ParOldGen: 375381K(375808K)->375397K(375808K)
[13691.640s][info][gc,metaspace   ] GC(34507) Metaspace: 8795K(9024K)->8795K(9024K) NonClass: 8143K(8320K)->8143K(8320K) Class: 652K(704K)->652K(704K)
[13691.640s][info][gc             ] GC(34507) Pause Young (Allocation Failure) 459M->366M(458M) 1.282ms
[13691.640s][info][gc,cpu         ] GC(34507) User=0.01s Sys=0.00s Real=0.00s
[13691.943s][info][gc,start       ] GC(34508) Pause Young (Allocation Failure)
[13691.944s][info][gc,heap        ] GC(34508) PSYoungGen: 92928K(93184K)->240K(90624K) Eden: 92672K(92672K)->0K(90112K) From: 256K(512K)->240K(512K)
[13691.944s][info][gc,heap        ] GC(34508) ParOldGen: 375397K(375808K)->375413K(375808K)
[13691.944s][info][gc,metaspace   ] GC(34508) Metaspace: 8795K(9024K)->8795K(9024K) NonClass: 8143K(8320K)->8143K(8320K) Class: 652K(704K)->652K(704K)
[13691.944s][info][gc             ] GC(34508) Pause Young (Allocation Failure) 457M->366M(455M) 1.513ms
[13691.944s][info][gc,cpu         ] GC(34508) User=0.00s Sys=0.00s Real=0.00s
[13692.228s][info][gc,start       ] GC(34509) Pause Young (Allocation Failure)
[13692.230s][info][gc,heap        ] GC(34509) PSYoungGen: 90352K(90624K)->240K(88064K) Eden: 90112K(90112K)->0K(87552K) From: 240K(512K)->240K(512K)
[13692.230s][info][gc,heap        ] GC(34509) ParOldGen: 375413K(375808K)->375429K(375808K)
[13692.230s][info][gc,metaspace   ] GC(34509) Metaspace: 8795K(9024K)->8795K(9024K) NonClass: 8143K(8320K)->8143K(8320K) Class: 652K(704K)->652K(704K)
[13692.230s][info][gc             ] GC(34509) Pause Young (Allocation Failure) 454M->366M(453M) 1.155ms
[13692.230s][info][gc,cpu         ] GC(34509) User=0.00s Sys=0.00s Real=0.00s
[13692.488s][info][gc,start       ] GC(34510) Pause Young (Allocation Failure)
[13692.489s][info][gc,heap        ] GC(34510) PSYoungGen: 87792K(88064K)->256K(202752K) Eden: 87552K(87552K)->0K(202240K) From: 240K(512K)->256K(512K)
[13692.489s][info][gc,heap        ] GC(34510) ParOldGen: 375429K(375808K)->375445K(375808K)
[13692.489s][info][gc,metaspace   ] GC(34510) Metaspace: 8795K(9024K)->8795K(9024K) NonClass: 8143K(8320K)->8143K(8320K) Class: 652K(704K)->652K(704K)
[13692.489s][info][gc             ] GC(34510) Pause Young (Allocation Failure) 452M->366M(565M) 1.204ms
[13692.489s][info][gc,cpu         ] GC(34510) User=0.00s Sys=0.00s Real=0.00s
[13693.157s][info][gc,start       ] GC(34511) Pause Young (Allocation Failure)
[13693.158s][info][gc,heap        ] GC(34511) PSYoungGen: 202496K(202752K)->272K(195584K) Eden: 202240K(202240K)->0K(195072K) From: 256K(512K)->272K(512K)
[13693.158s][info][gc,heap        ] GC(34511) ParOldGen: 375445K(375808K)->375461K(375808K)
[13693.158s][info][gc,metaspace   ] GC(34511) Metaspace: 8795K(9024K)->8795K(9024K) NonClass: 8143K(8320K)->8143K(8320K) Class: 652K(704K)->652K(704K)
[13693.158s][info][gc             ] GC(34511) Pause Young (Allocation Failure) 564M->366M(558M) 1.293ms
[13693.158s][info][gc,cpu         ] GC(34511) User=0.00s Sys=0.00s Real=0.00s
[13693.781s][info][gc,start       ] GC(34512) Pause Young (Allocation Failure)
[13693.782s][info][gc,heap        ] GC(34512) PSYoungGen: 195344K(195584K)->256K(188416K) Eden: 195072K(195072K)->0K(187904K) From: 272K(512K)->256K(512K)
[13693.782s][info][gc,heap        ] GC(34512) ParOldGen: 375461K(375808K)->375477K(375808K)
[13693.782s][info][gc,metaspace   ] GC(34512) Metaspace: 8795K(9024K)->8795K(9024K) NonClass: 8143K(8320K)->8143K(8320K) Class: 652K(704K)->652K(704K)
[13693.782s][info][gc             ] GC(34512) Pause Young (Allocation Failure) 557M->366M(551M) 1.260ms
[13693.782s][info][gc,cpu         ] GC(34512) User=0.00s Sys=0.00s Real=0.00s
[13694.357s][info][gc,start       ] GC(34513) Pause Young (Allocation Failure)
[13694.359s][info][gc,heap        ] GC(34513) PSYoungGen: 188160K(188416K)->240K(181760K) Eden: 187904K(187904K)->0K(181248K) From: 256K(512K)->240K(512K)
[13694.359s][info][gc,heap        ] GC(34513) ParOldGen: 375477K(375808K)->375493K(375808K)
[13694.359s][info][gc,metaspace   ] GC(34513) Metaspace: 8795K(9024K)->8795K(9024K) NonClass: 8143K(8320K)->8143K(8320K) Class: 652K(704K)->652K(704K)
[13694.359s][info][gc             ] GC(34513) Pause Young (Allocation Failure) 550M->366M(544M) 1.268ms
[13694.359s][info][gc,cpu         ] GC(34513) User=0.01s Sys=0.00s Real=0.00s
[13694.970s][info][gc,start       ] GC(34514) Pause Young (Allocation Failure)
[13694.972s][info][gc,heap        ] GC(34514) PSYoungGen: 181488K(181760K)->240K(175104K) Eden: 181248K(181248K)->0K(174592K) From: 240K(512K)->240K(512K)
[13694.972s][info][gc,heap        ] GC(34514) ParOldGen: 375493K(375808K)->375509K(375808K)
[13694.972s][info][gc,metaspace   ] GC(34514) Metaspace: 8795K(9024K)->8795K(9024K) NonClass: 8143K(8320K)->8143K(8320K) Class: 652K(704K)->652K(704K)
[13694.972s][info][gc             ] GC(34514) Pause Young (Allocation Failure) 543M->366M(538M) 2.087ms
[13694.972s][info][gc,cpu         ] GC(34514) User=0.00s Sys=0.00s Real=0.01s
[13695.513s][info][gc,start       ] GC(34515) Pause Young (Allocation Failure)
[13695.515s][info][gc,heap        ] GC(34515) PSYoungGen: 174832K(175104K)->256K(168960K) Eden: 174592K(174592K)->0K(168448K) From: 240K(512K)->256K(512K)
[13695.515s][info][gc,heap        ] GC(34515) ParOldGen: 375509K(375808K)->375525K(375808K)
[13695.515s][info][gc,metaspace   ] GC(34515) Metaspace: 8795K(9024K)->8795K(9024K) NonClass: 8143K(8320K)->8143K(8320K) Class: 652K(704K)->652K(704K)
[13695.515s][info][gc             ] GC(34515) Pause Young (Allocation Failure) 537M->366M(532M) 2.135ms
[13695.515s][info][gc,cpu         ] GC(34515) User=0.01s Sys=0.00s Real=0.00s
[13696.030s][info][gc,start       ] GC(34516) Pause Young (Allocation Failure)
[13696.032s][info][gc,heap        ] GC(34516) PSYoungGen: 168704K(168960K)->256K(163328K) Eden: 168448K(168448K)->0K(162816K) From: 256K(512K)->256K(512K)
[13696.032s][info][gc,heap        ] GC(34516) ParOldGen: 375525K(375808K)->375541K(375808K)
[13696.032s][info][gc,metaspace   ] GC(34516) Metaspace: 8795K(9024K)->8795K(9024K) NonClass: 8143K(8320K)->8143K(8320K) Class: 652K(704K)->652K(704K)
[13696.032s][info][gc             ] GC(34516) Pause Young (Allocation Failure) 531M->366M(526M) 2.321ms
[13696.032s][info][gc,cpu         ] GC(34516) User=0.00s Sys=0.00s Real=0.01s
[13696.523s][info][gc,start       ] GC(34517) Pause Young (Allocation Failure)
[13696.526s][info][gc,heap        ] GC(34517) PSYoungGen: 163072K(163328K)->160K(157696K) Eden: 162816K(162816K)->0K(157184K) From: 256K(512K)->160K(512K)
[13696.526s][info][gc,heap        ] GC(34517) ParOldGen: 375541K(375808K)->375557K(375808K)
[13696.526s][info][gc,metaspace   ] GC(34517) Metaspace: 8795K(9024K)->8795K(9024K) NonClass: 8143K(8320K)->8143K(8320K) Class: 652K(704K)->652K(704K)
[13696.526s][info][gc             ] GC(34517) Pause Young (Allocation Failure) 525M->366M(521M) 2.253ms
[13696.526s][info][gc,cpu         ] GC(34517) User=0.00s Sys=0.00s Real=0.00s
[13697.007s][info][gc,start       ] GC(34518) Pause Young (Allocation Failure)
[13697.009s][info][gc,heap        ] GC(34518) PSYoungGen: 157344K(157696K)->272K(152576K) Eden: 157184K(157184K)->0K(152064K) From: 160K(512K)->272K(512K)
[13697.009s][info][gc,heap        ] GC(34518) ParOldGen: 375557K(375808K)->375573K(375808K)
[13697.009s][info][gc,metaspace   ] GC(34518) Metaspace: 8795K(9024K)->8795K(9024K) NonClass: 8143K(8320K)->8143K(8320K) Class: 652K(704K)->652K(704K)
[13697.009s][info][gc             ] GC(34518) Pause Young (Allocation Failure) 520M->367M(516M) 2.435ms
[13697.009s][info][gc,cpu         ] GC(34518) User=0.00s Sys=0.00s Real=0.00s
[13697.474s][info][gc,start       ] GC(34519) Pause Young (Allocation Failure)
[13697.476s][info][gc,heap        ] GC(34519) PSYoungGen: 152336K(152576K)->256K(147456K) Eden: 152064K(152064K)->0K(146944K) From: 272K(512K)->256K(512K)
[13697.476s][info][gc,heap        ] GC(34519) ParOldGen: 375573K(375808K)->375589K(375808K)
[13697.476s][info][gc,metaspace   ] GC(34519) Metaspace: 8795K(9024K)->8795K(9024K) NonClass: 8143K(8320K)->8143K(8320K) Class: 652K(704K)->652K(704K)
[13697.476s][info][gc             ] GC(34519) Pause Young (Allocation Failure) 515M->367M(511M) 2.351ms
[13697.476s][info][gc,cpu         ] GC(34519) User=0.00s Sys=0.00s Real=0.00s
[13697.987s][info][gc,start       ] GC(34520) Pause Young (Allocation Failure)
[13697.990s][info][gc,heap        ] GC(34520) PSYoungGen: 147200K(147456K)->288K(142848K) Eden: 146944K(146944K)->0K(142336K) From: 256K(512K)->288K(512K)
[13697.990s][info][gc,heap        ] GC(34520) ParOldGen: 375589K(375808K)->375605K(375808K)
[13697.990s][info][gc,metaspace   ] GC(34520) Metaspace: 8795K(9024K)->8795K(9024K) NonClass: 8143K(8320K)->8143K(8320K) Class: 652K(704K)->652K(704K)
[13697.990s][info][gc             ] GC(34520) Pause Young (Allocation Failure) 510M->367M(506M) 2.567ms
[13697.990s][info][gc,cpu         ] GC(34520) User=0.00s Sys=0.00s Real=0.00s
[13698.474s][info][gc,start       ] GC(34521) Pause Young (Allocation Failure)
[13698.477s][info][gc,heap        ] GC(34521) PSYoungGen: 142624K(142848K)->256K(138240K) Eden: 142336K(142336K)->0K(137728K) From: 288K(512K)->256K(512K)
[13698.477s][info][gc,heap        ] GC(34521) ParOldGen: 375605K(375808K)->375621K(375808K)
[13698.477s][info][gc,metaspace   ] GC(34521) Metaspace: 8795K(9024K)->8795K(9024K) NonClass: 8143K(8320K)->8143K(8320K) Class: 652K(704K)->652K(704K)
[13698.477s][info][gc             ] GC(34521) Pause Young (Allocation Failure) 506M->367M(502M) 2.210ms
[13698.477s][info][gc,cpu         ] GC(34521) User=0.01s Sys=0.00s Real=0.00s
[13698.903s][info][gc,start       ] GC(34522) Pause Young (Allocation Failure)
[13698.905s][info][gc,heap        ] GC(34522) PSYoungGen: 137984K(138240K)->256K(133632K) Eden: 137728K(137728K)->0K(133120K) From: 256K(512K)->256K(512K)
[13698.906s][info][gc,heap        ] GC(34522) ParOldGen: 375621K(375808K)->375637K(375808K)
[13698.906s][info][gc,metaspace   ] GC(34522) Metaspace: 8795K(9024K)->8795K(9024K) NonClass: 8143K(8320K)->8143K(8320K) Class: 652K(704K)->652K(704K)
[13698.906s][info][gc             ] GC(34522) Pause Young (Allocation Failure) 501M->367M(497M) 2.342ms
[13698.906s][info][gc,cpu         ] GC(34522) User=0.00s Sys=0.00s Real=0.00s
[13699.323s][info][gc,start       ] GC(34523) Pause Young (Allocation Failure)
[13699.324s][info][gc,heap        ] GC(34523) PSYoungGen: 133376K(133632K)->256K(129536K) Eden: 133120K(133120K)->0K(129024K) From: 256K(512K)->256K(512K)
[13699.324s][info][gc,heap        ] GC(34523) ParOldGen: 375637K(375808K)->375653K(375808K)
[13699.325s][info][gc,metaspace   ] GC(34523) Metaspace: 8795K(9024K)->8795K(9024K) NonClass: 8143K(8320K)->8143K(8320K) Class: 652K(704K)->652K(704K)
[13699.325s][info][gc             ] GC(34523) Pause Young (Allocation Failure) 497M->367M(493M) 1.422ms
[13699.325s][info][gc,cpu         ] GC(34523) User=0.00s Sys=0.00s Real=0.00s
[13699.736s][info][gc,start       ] GC(34524) Pause Young (Allocation Failure)
[13699.738s][info][gc,heap        ] GC(34524) PSYoungGen: 129280K(129536K)->256K(125440K) Eden: 129024K(129024K)->0K(124928K) From: 256K(512K)->256K(512K)
[13699.738s][info][gc,heap        ] GC(34524) ParOldGen: 375653K(375808K)->375669K(375808K)
[13699.738s][info][gc,metaspace   ] GC(34524) Metaspace: 8795K(9024K)->8795K(9024K) NonClass: 8143K(8320K)->8143K(8320K) Class: 652K(704K)->652K(704K)
[13699.738s][info][gc             ] GC(34524) Pause Young (Allocation Failure) 493M->367M(489M) 1.190ms
[13699.738s][info][gc,cpu         ] GC(34524) User=0.00s Sys=0.00s Real=0.00s
[13700.133s][info][gc,start       ] GC(34525) Pause Young (Allocation Failure)
[13700.134s][info][gc,heap        ] GC(34525) PSYoungGen: 125184K(125440K)->256K(121344K) Eden: 124928K(124928K)->0K(120832K) From: 256K(512K)->256K(512K)
[13700.134s][info][gc,heap        ] GC(34525) ParOldGen: 375669K(375808K)->375685K(375808K)
[13700.134s][info][gc,metaspace   ] GC(34525) Metaspace: 8795K(9024K)->8795K(9024K) NonClass: 8143K(8320K)->8143K(8320K) Class: 652K(704K)->652K(704K)
[13700.134s][info][gc             ] GC(34525) Pause Young (Allocation Failure) 489M->367M(485M) 1.230ms
[13700.134s][info][gc,cpu         ] GC(34525) User=0.00s Sys=0.00s Real=0.00s
[13700.530s][info][gc,start       ] GC(34526) Pause Young (Allocation Failure)
[13700.532s][info][gc,heap        ] GC(34526) PSYoungGen: 121088K(121344K)->240K(117760K) Eden: 120832K(120832K)->0K(117248K) From: 256K(512K)->240K(512K)
[13700.532s][info][gc,heap        ] GC(34526) ParOldGen: 375685K(375808K)->375701K(375808K)
[13700.532s][info][gc,metaspace   ] GC(34526) Metaspace: 8795K(9024K)->8795K(9024K) NonClass: 8143K(8320K)->8143K(8320K) Class: 652K(704K)->652K(704K)
[13700.532s][info][gc             ] GC(34526) Pause Young (Allocation Failure) 485M->367M(482M) 1.210ms
[13700.532s][info][gc,cpu         ] GC(34526) User=0.00s Sys=0.00s Real=0.00s
[13700.952s][info][gc,start       ] GC(34527) Pause Young (Allocation Failure)
[13700.953s][info][gc,heap        ] GC(34527) PSYoungGen: 117488K(117760K)->240K(114176K) Eden: 117248K(117248K)->0K(113664K) From: 240K(512K)->240K(512K)
[13700.953s][info][gc,heap        ] GC(34527) ParOldGen: 375701K(375808K)->375709K(375808K)
[13700.953s][info][gc,metaspace   ] GC(34527) Metaspace: 8795K(9024K)->8795K(9024K) NonClass: 8143K(8320K)->8143K(8320K) Class: 652K(704K)->652K(704K)
[13700.953s][info][gc             ] GC(34527) Pause Young (Allocation Failure) 481M->367M(478M) 1.658ms
[13700.953s][info][gc,cpu         ] GC(34527) User=0.00s Sys=0.00s Real=0.00s
[13701.321s][info][gc,start       ] GC(34528) Pause Young (Allocation Failure)
[13701.322s][info][gc,heap        ] GC(34528) PSYoungGen: 113904K(114176K)->240K(110592K) Eden: 113664K(113664K)->0K(110080K) From: 240K(512K)->240K(512K)
[13701.322s][info][gc,heap        ] GC(34528) ParOldGen: 375709K(375808K)->375725K(375808K)
[13701.322s][info][gc,metaspace   ] GC(34528) Metaspace: 8795K(9024K)->8795K(9024K) NonClass: 8143K(8320K)->8143K(8320K) Class: 652K(704K)->652K(704K)
[13701.322s][info][gc             ] GC(34528) Pause Young (Allocation Failure) 478M->367M(475M) 1.269ms
[13701.322s][info][gc,cpu         ] GC(34528) User=0.00s Sys=0.00s Real=0.00s
[13701.710s][info][gc,start       ] GC(34529) Pause Young (Allocation Failure)
[13701.712s][info][gc,heap        ] GC(34529) PSYoungGen: 110320K(110592K)->304K(107520K) Eden: 110080K(110080K)->0K(107008K) From: 240K(512K)->304K(512K)
[13701.712s][info][gc,heap        ] GC(34529) ParOldGen: 375725K(375808K)->375741K(375808K)
[13701.712s][info][gc,metaspace   ] GC(34529) Metaspace: 8795K(9024K)->8795K(9024K) NonClass: 8143K(8320K)->8143K(8320K) Class: 652K(704K)->652K(704K)
[13701.712s][info][gc             ] GC(34529) Pause Young (Allocation Failure) 474M->367M(472M) 1.274ms
[13701.712s][info][gc,cpu         ] GC(34529) User=0.00s Sys=0.00s Real=0.00s
[13702.062s][info][gc,start       ] GC(34530) Pause Young (Allocation Failure)
[13702.063s][info][gc,heap        ] GC(34530) PSYoungGen: 107312K(107520K)->192K(104448K) Eden: 107008K(107008K)->0K(103936K) From: 304K(512K)->192K(512K)
[13702.063s][info][gc,heap        ] GC(34530) ParOldGen: 375741K(375808K)->375757K(375808K)
[13702.063s][info][gc,metaspace   ] GC(34530) Metaspace: 8795K(9024K)->8795K(9024K) NonClass: 8143K(8320K)->8143K(8320K) Class: 652K(704K)->652K(704K)
[13702.063s][info][gc             ] GC(34530) Pause Young (Allocation Failure) 471M->367M(469M) 1.257ms
[13702.063s][info][gc,cpu         ] GC(34530) User=0.01s Sys=0.00s Real=0.00s
[13702.396s][info][gc,start       ] GC(34531) Pause Young (Allocation Failure)
[13702.397s][info][gc,heap        ] GC(34531) PSYoungGen: 104128K(104448K)->256K(101376K) Eden: 103936K(103936K)->0K(100864K) From: 192K(512K)->256K(512K)
[13702.397s][info][gc,heap        ] GC(34531) ParOldGen: 375757K(375808K)->375773K(375808K)
[13702.397s][info][gc,metaspace   ] GC(34531) Metaspace: 8795K(9024K)->8795K(9024K) NonClass: 8143K(8320K)->8143K(8320K) Class: 652K(704K)->652K(704K)
[13702.397s][info][gc             ] GC(34531) Pause Young (Allocation Failure) 468M->367M(466M) 1.185ms
[13702.397s][info][gc,cpu         ] GC(34531) User=0.00s Sys=0.01s Real=0.00s
[13702.703s][info][gc,start       ] GC(34532) Pause Young (Allocation Failure)
[13702.704s][info][gc,heap        ] GC(34532) PSYoungGen: 101120K(101376K)->256K(98304K) Eden: 100864K(100864K)->0K(97792K) From: 256K(512K)->256K(512K)
[13702.704s][info][gc,heap        ] GC(34532) ParOldGen: 375773K(375808K)->375781K(375808K)
[13702.704s][info][gc,metaspace   ] GC(34532) Metaspace: 8795K(9024K)->8795K(9024K) NonClass: 8143K(8320K)->8143K(8320K) Class: 652K(704K)->652K(704K)
[13702.704s][info][gc             ] GC(34532) Pause Young (Allocation Failure) 465M->367M(463M) 1.200ms
[13702.704s][info][gc,cpu         ] GC(34532) User=0.00s Sys=0.00s Real=0.00s
[13702.995s][info][gc,start       ] GC(34533) Pause Young (Allocation Failure)
[13702.997s][info][gc,heap        ] GC(34533) PSYoungGen: 98048K(98304K)->272K(95744K) Eden: 97792K(97792K)->0K(95232K) From: 256K(512K)->272K(512K)
[13702.997s][info][gc,heap        ] GC(34533) ParOldGen: 375781K(375808K)->375797K(375808K)
[13702.997s][info][gc,metaspace   ] GC(34533) Metaspace: 8795K(9024K)->8795K(9024K) NonClass: 8143K(8320K)->8143K(8320K) Class: 652K(704K)->652K(704K)
[13702.997s][info][gc             ] GC(34533) Pause Young (Allocation Failure) 462M->367M(460M) 2.503ms
[13702.997s][info][gc,cpu         ] GC(34533) User=0.00s Sys=0.00s Real=0.00s
[13703.295s][info][gc,start       ] GC(34534) Pause Young (Allocation Failure)
[13703.297s][info][gc,heap        ] GC(34534) PSYoungGen: 95504K(95744K)->256K(93184K) Eden: 95232K(95232K)->0K(92672K) From: 272K(512K)->256K(512K)
[13703.297s][info][gc,heap        ] GC(34534) ParOldGen: 375797K(375808K)->375813K(376320K)
[13703.297s][info][gc,metaspace   ] GC(34534) Metaspace: 8795K(9024K)->8795K(9024K) NonClass: 8143K(8320K)->8143K(8320K) Class: 652K(704K)->652K(704K)
[13703.297s][info][gc             ] GC(34534) Pause Young (Allocation Failure) 460M->367M(458M) 1.295ms
[13703.297s][info][gc,cpu         ] GC(34534) User=0.00s Sys=0.00s Real=0.00s
[13703.610s][info][gc,start       ] GC(34535) Pause Young (Allocation Failure)
[13703.611s][info][gc,heap        ] GC(34535) PSYoungGen: 92928K(93184K)->288K(90624K) Eden: 92672K(92672K)->0K(90112K) From: 256K(512K)->288K(512K)
[13703.611s][info][gc,heap        ] GC(34535) ParOldGen: 375813K(376320K)->375829K(376320K)
[13703.611s][info][gc,metaspace   ] GC(34535) Metaspace: 8795K(9024K)->8795K(9024K) NonClass: 8143K(8320K)->8143K(8320K) Class: 652K(704K)->652K(704K)
[13703.611s][info][gc             ] GC(34535) Pause Young (Allocation Failure) 457M->367M(456M) 1.527ms
[13703.612s][info][gc,cpu         ] GC(34535) User=0.00s Sys=0.00s Real=0.01s
[13703.891s][info][gc,start       ] GC(34536) Pause Young (Allocation Failure)
[13703.892s][info][gc,heap        ] GC(34536) PSYoungGen: 90400K(90624K)->256K(88064K) Eden: 90112K(90112K)->0K(87552K) From: 288K(512K)->256K(512K)
[13703.892s][info][gc,heap        ] GC(34536) ParOldGen: 375829K(376320K)->375845K(376320K)
[13703.892s][info][gc,metaspace   ] GC(34536) Metaspace: 8795K(9024K)->8795K(9024K) NonClass: 8143K(8320K)->8143K(8320K) Class: 652K(704K)->652K(704K)
[13703.892s][info][gc             ] GC(34536) Pause Young (Allocation Failure) 455M->367M(453M) 1.281ms
[13703.892s][info][gc,cpu         ] GC(34536) User=0.00s Sys=0.00s Real=0.00s
[13704.176s][info][gc,start       ] GC(34537) Pause Young (Allocation Failure)
[13704.177s][info][gc,heap        ] GC(34537) PSYoungGen: 87808K(88064K)->240K(202752K) Eden: 87552K(87552K)->0K(202240K) From: 256K(512K)->240K(512K)
[13704.177s][info][gc,heap        ] GC(34537) ParOldGen: 375845K(376320K)->375861K(376320K)
[13704.177s][info][gc,metaspace   ] GC(34537) Metaspace: 8795K(9024K)->8795K(9024K) NonClass: 8143K(8320K)->8143K(8320K) Class: 652K(704K)->652K(704K)
[13704.177s][info][gc             ] GC(34537) Pause Young (Allocation Failure) 452M->367M(565M) 1.301ms
[13704.177s][info][gc,cpu         ] GC(34537) User=0.01s Sys=0.00s Real=0.00s
[13704.807s][info][gc,start       ] GC(34538) Pause Young (Allocation Failure)
[13704.808s][info][gc,heap        ] GC(34538) PSYoungGen: 202480K(202752K)->256K(195584K) Eden: 202240K(202240K)->0K(195072K) From: 240K(512K)->256K(512K)
[13704.808s][info][gc,heap        ] GC(34538) ParOldGen: 375861K(376320K)->375877K(376320K)
[13704.808s][info][gc,metaspace   ] GC(34538) Metaspace: 8795K(9024K)->8795K(9024K) NonClass: 8143K(8320K)->8143K(8320K) Class: 652K(704K)->652K(704K)
[13704.808s][info][gc             ] GC(34538) Pause Young (Allocation Failure) 564M->367M(558M) 1.302ms
[13704.808s][info][gc,cpu         ] GC(34538) User=0.00s Sys=0.00s Real=0.00s
[13705.393s][info][gc,start       ] GC(34539) Pause Young (Allocation Failure)
[13705.394s][info][gc,heap        ] GC(34539) PSYoungGen: 195328K(195584K)->240K(188416K) Eden: 195072K(195072K)->0K(187904K) From: 256K(512K)->240K(512K)
[13705.394s][info][gc,heap        ] GC(34539) ParOldGen: 375877K(376320K)->375893K(376320K)
[13705.394s][info][gc,metaspace   ] GC(34539) Metaspace: 8795K(9024K)->8795K(9024K) NonClass: 8143K(8320K)->8143K(8320K) Class: 652K(704K)->652K(704K)
[13705.394s][info][gc             ] GC(34539) Pause Young (Allocation Failure) 557M->367M(551M) 1.252ms
[13705.394s][info][gc,cpu         ] GC(34539) User=0.00s Sys=0.00s Real=0.00s
[13705.979s][info][gc,start       ] GC(34540) Pause Young (Allocation Failure)
[13705.980s][info][gc,heap        ] GC(34540) PSYoungGen: 188144K(188416K)->240K(181760K) Eden: 187904K(187904K)->0K(181248K) From: 240K(512K)->240K(512K)
[13705.981s][info][gc,heap        ] GC(34540) ParOldGen: 375893K(376320K)->375909K(376320K)
[13705.981s][info][gc,metaspace   ] GC(34540) Metaspace: 8795K(9024K)->8795K(9024K) NonClass: 8143K(8320K)->8143K(8320K) Class: 652K(704K)->652K(704K)
[13705.981s][info][gc             ] GC(34540) Pause Young (Allocation Failure) 550M->367M(545M) 1.240ms
[13705.981s][info][gc,cpu         ] GC(34540) User=0.00s Sys=0.00s Real=0.01s
[13706.582s][info][gc,start       ] GC(34541) Pause Young (Allocation Failure)
[13706.583s][info][gc,heap        ] GC(34541) PSYoungGen: 181488K(181760K)->224K(175104K) Eden: 181248K(181248K)->0K(174592K) From: 240K(512K)->224K(512K)
[13706.583s][info][gc,heap        ] GC(34541) ParOldGen: 375909K(376320K)->375925K(376320K)
[13706.583s][info][gc,metaspace   ] GC(34541) Metaspace: 8795K(9024K)->8795K(9024K) NonClass: 8143K(8320K)->8143K(8320K) Class: 652K(704K)->652K(704K)
[13706.583s][info][gc             ] GC(34541) Pause Young (Allocation Failure) 544M->367M(538M) 1.284ms
[13706.583s][info][gc,cpu         ] GC(34541) User=0.01s Sys=0.00s Real=0.00s
[13707.162s][info][gc,start       ] GC(34542) Pause Young (Allocation Failure)
[13707.163s][info][gc,heap        ] GC(34542) PSYoungGen: 174816K(175104K)->240K(168960K) Eden: 174592K(174592K)->0K(168448K) From: 224K(512K)->240K(512K)
[13707.164s][info][gc,heap        ] GC(34542) ParOldGen: 375925K(376320K)->375941K(376320K)
[13707.164s][info][gc,metaspace   ] GC(34542) Metaspace: 8795K(9024K)->8795K(9024K) NonClass: 8143K(8320K)->8143K(8320K) Class: 652K(704K)->652K(704K)
[13707.164s][info][gc             ] GC(34542) Pause Young (Allocation Failure) 537M->367M(532M) 1.774ms
[13707.164s][info][gc,cpu         ] GC(34542) User=0.00s Sys=0.00s Real=0.00s
[13707.706s][info][gc,start       ] GC(34543) Pause Young (Allocation Failure)
[13707.707s][info][gc,heap        ] GC(34543) PSYoungGen: 168688K(168960K)->256K(163328K) Eden: 168448K(168448K)->0K(162816K) From: 240K(512K)->256K(512K)
[13707.707s][info][gc,heap        ] GC(34543) ParOldGen: 375941K(376320K)->375957K(376320K)
[13707.707s][info][gc,metaspace   ] GC(34543) Metaspace: 8795K(9024K)->8795K(9024K) NonClass: 8143K(8320K)->8143K(8320K) Class: 652K(704K)->652K(704K)
[13707.707s][info][gc             ] GC(34543) Pause Young (Allocation Failure) 531M->367M(527M) 1.272ms
[13707.707s][info][gc,cpu         ] GC(34543) User=0.00s Sys=0.00s Real=0.00s
[13708.242s][info][gc,start       ] GC(34544) Pause Young (Allocation Failure)
[13708.243s][info][gc,heap        ] GC(34544) PSYoungGen: 163072K(163328K)->240K(157696K) Eden: 162816K(162816K)->0K(157184K) From: 256K(512K)->240K(512K)
[13708.243s][info][gc,heap        ] GC(34544) ParOldGen: 375957K(376320K)->375973K(376320K)
[13708.243s][info][gc,metaspace   ] GC(34544) Metaspace: 8795K(9024K)->8795K(9024K) NonClass: 8143K(8320K)->8143K(8320K) Class: 652K(704K)->652K(704K)
[13708.243s][info][gc             ] GC(34544) Pause Young (Allocation Failure) 526M->367M(521M) 1.254ms
[13708.243s][info][gc,cpu         ] GC(34544) User=0.00s Sys=0.00s Real=0.00s
[13708.748s][info][gc,start       ] GC(34545) Pause Young (Allocation Failure)
[13708.749s][info][gc,heap        ] GC(34545) PSYoungGen: 157424K(157696K)->256K(152576K) Eden: 157184K(157184K)->0K(152064K) From: 240K(512K)->256K(512K)
[13708.749s][info][gc,heap        ] GC(34545) ParOldGen: 375973K(376320K)->375989K(376320K)
[13708.749s][info][gc,metaspace   ] GC(34545) Metaspace: 8795K(9024K)->8795K(9024K) NonClass: 8143K(8320K)->8143K(8320K) Class: 652K(704K)->652K(704K)
[13708.749s][info][gc             ] GC(34545) Pause Young (Allocation Failure) 520M->367M(516M) 1.171ms
[13708.749s][info][gc,cpu         ] GC(34545) User=0.00s Sys=0.00s Real=0.00s
[13709.238s][info][gc,start       ] GC(34546) Pause Young (Allocation Failure)
[13709.240s][info][gc,heap        ] GC(34546) PSYoungGen: 152319K(152576K)->240K(147456K) Eden: 152063K(152064K)->0K(146944K) From: 256K(512K)->240K(512K)
[13709.240s][info][gc,heap        ] GC(34546) ParOldGen: 375989K(376320K)->376005K(376320K)
[13709.240s][info][gc,metaspace   ] GC(34546) Metaspace: 8795K(9024K)->8795K(9024K) NonClass: 8143K(8320K)->8143K(8320K) Class: 652K(704K)->652K(704K)
[13709.240s][info][gc             ] GC(34546) Pause Young (Allocation Failure) 515M->367M(511M) 1.243ms
[13709.240s][info][gc,cpu         ] GC(34546) User=0.00s Sys=0.00s Real=0.00s
[13709.724s][info][gc,start       ] GC(34547) Pause Young (Allocation Failure)
[13709.725s][info][gc,heap        ] GC(34547) PSYoungGen: 147184K(147456K)->256K(142848K) Eden: 146944K(146944K)->0K(142336K) From: 240K(512K)->256K(512K)
[13709.725s][info][gc,heap        ] GC(34547) ParOldGen: 376005K(376320K)->376021K(376320K)
[13709.725s][info][gc,metaspace   ] GC(34547) Metaspace: 8795K(9024K)->8795K(9024K) NonClass: 8143K(8320K)->8143K(8320K) Class: 652K(704K)->652K(704K)
[13709.725s][info][gc             ] GC(34547) Pause Young (Allocation Failure) 510M->367M(507M) 1.489ms
[13709.725s][info][gc,cpu         ] GC(34547) User=0.00s Sys=0.00s Real=0.00s
[13710.178s][info][gc,start       ] GC(34548) Pause Young (Allocation Failure)
[13710.179s][info][gc,heap        ] GC(34548) PSYoungGen: 142592K(142848K)->256K(138240K) Eden: 142336K(142336K)->0K(137728K) From: 256K(512K)->256K(512K)
[13710.179s][info][gc,heap        ] GC(34548) ParOldGen: 376021K(376320K)->376037K(376320K)
[13710.179s][info][gc,metaspace   ] GC(34548) Metaspace: 8795K(9024K)->8795K(9024K) NonClass: 8143K(8320K)->8143K(8320K) Class: 652K(704K)->652K(704K)
[13710.179s][info][gc             ] GC(34548) Pause Young (Allocation Failure) 506M->367M(502M) 1.246ms
[13710.179s][info][gc,cpu         ] GC(34548) User=0.00s Sys=0.00s Real=0.00s
[13710.618s][info][gc,start       ] GC(34549) Pause Young (Allocation Failure)
[13710.621s][info][gc,heap        ] GC(34549) PSYoungGen: 137984K(138240K)->272K(133632K) Eden: 137728K(137728K)->0K(133120K) From: 256K(512K)->272K(512K)
[13710.621s][info][gc,heap        ] GC(34549) ParOldGen: 376037K(376320K)->376053K(376320K)
[13710.621s][info][gc,metaspace   ] GC(34549) Metaspace: 8795K(9024K)->8795K(9024K) NonClass: 8143K(8320K)->8143K(8320K) Class: 652K(704K)->652K(704K)
[13710.621s][info][gc             ] GC(34549) Pause Young (Allocation Failure) 501M->367M(498M) 2.290ms
[13710.621s][info][gc,cpu         ] GC(34549) User=0.01s Sys=0.00s Real=0.01s
[13711.060s][info][gc,start       ] GC(34550) Pause Young (Allocation Failure)
[13711.061s][info][gc,heap        ] GC(34550) PSYoungGen: 133392K(133632K)->256K(129536K) Eden: 133120K(133120K)->0K(129024K) From: 272K(512K)->256K(512K)
[13711.061s][info][gc,heap        ] GC(34550) ParOldGen: 376053K(376320K)->376069K(376320K)
[13711.061s][info][gc,metaspace   ] GC(34550) Metaspace: 8795K(9024K)->8795K(9024K) NonClass: 8143K(8320K)->8143K(8320K) Class: 652K(704K)->652K(704K)
[13711.061s][info][gc             ] GC(34550) Pause Young (Allocation Failure) 497M->367M(494M) 1.275ms
[13711.061s][info][gc,cpu         ] GC(34550) User=0.00s Sys=0.00s Real=0.01s
[13711.460s][info][gc,start       ] GC(34551) Pause Young (Allocation Failure)
[13711.461s][info][gc,heap        ] GC(34551) PSYoungGen: 129280K(129536K)->256K(125440K) Eden: 129024K(129024K)->0K(124928K) From: 256K(512K)->256K(512K)
[13711.461s][info][gc,heap        ] GC(34551) ParOldGen: 376069K(376320K)->376085K(376320K)
[13711.461s][info][gc,metaspace   ] GC(34551) Metaspace: 8795K(9024K)->8795K(9024K) NonClass: 8143K(8320K)->8143K(8320K) Class: 652K(704K)->652K(704K)
[13711.461s][info][gc             ] GC(34551) Pause Young (Allocation Failure) 493M->367M(490M) 1.306ms
[13711.461s][info][gc,cpu         ] GC(34551) User=0.01s Sys=0.00s Real=0.01s
[13711.858s][info][gc,start       ] GC(34552) Pause Young (Allocation Failure)
[13711.859s][info][gc,heap        ] GC(34552) PSYoungGen: 125184K(125440K)->256K(121344K) Eden: 124928K(124928K)->0K(120832K) From: 256K(512K)->256K(512K)
[13711.859s][info][gc,heap        ] GC(34552) ParOldGen: 376085K(376320K)->376101K(376320K)
[13711.859s][info][gc,metaspace   ] GC(34552) Metaspace: 8795K(9024K)->8795K(9024K) NonClass: 8143K(8320K)->8143K(8320K) Class: 652K(704K)->652K(704K)
[13711.859s][info][gc             ] GC(34552) Pause Young (Allocation Failure) 489M->367M(486M) 1.244ms
[13711.859s][info][gc,cpu         ] GC(34552) User=0.00s Sys=0.00s Real=0.00s
[13712.246s][info][gc,start       ] GC(34553) Pause Young (Allocation Failure)
[13712.247s][info][gc,heap        ] GC(34553) PSYoungGen: 121088K(121344K)->256K(117760K) Eden: 120832K(120832K)->0K(117248K) From: 256K(512K)->256K(512K)
[13712.247s][info][gc,heap        ] GC(34553) ParOldGen: 376101K(376320K)->376117K(376320K)
[13712.247s][info][gc,metaspace   ] GC(34553) Metaspace: 8795K(9024K)->8795K(9024K) NonClass: 8143K(8320K)->8143K(8320K) Class: 652K(704K)->652K(704K)
[13712.247s][info][gc             ] GC(34553) Pause Young (Allocation Failure) 485M->367M(482M) 1.449ms
[13712.247s][info][gc,cpu         ] GC(34553) User=0.00s Sys=0.00s Real=0.00s
[13712.663s][info][gc,start       ] GC(34554) Pause Young (Allocation Failure)
[13712.665s][info][gc,heap        ] GC(34554) PSYoungGen: 117504K(117760K)->272K(114176K) Eden: 117248K(117248K)->0K(113664K) From: 256K(512K)->272K(512K)
[13712.665s][info][gc,heap        ] GC(34554) ParOldGen: 376117K(376320K)->376133K(376320K)
[13712.665s][info][gc,metaspace   ] GC(34554) Metaspace: 8795K(9024K)->8795K(9024K) NonClass: 8143K(8320K)->8143K(8320K) Class: 652K(704K)->652K(704K)
[13712.665s][info][gc             ] GC(34554) Pause Young (Allocation Failure) 482M->367M(479M) 2.255ms
[13712.665s][info][gc,cpu         ] GC(34554) User=0.00s Sys=0.00s Real=0.00s
[13713.047s][info][gc,start       ] GC(34555) Pause Young (Allocation Failure)
[13713.049s][info][gc,heap        ] GC(34555) PSYoungGen: 113936K(114176K)->272K(110592K) Eden: 113664K(113664K)->0K(110080K) From: 272K(512K)->272K(512K)
[13713.049s][info][gc,heap        ] GC(34555) ParOldGen: 376133K(376320K)->376149K(376320K)
[13713.049s][info][gc,metaspace   ] GC(34555) Metaspace: 8795K(9024K)->8795K(9024K) NonClass: 8143K(8320K)->8143K(8320K) Class: 652K(704K)->652K(704K)
[13713.049s][info][gc             ] GC(34555) Pause Young (Allocation Failure) 478M->367M(475M) 2.286ms
[13713.049s][info][gc,cpu         ] GC(34555) User=0.00s Sys=0.00s Real=0.00s
[13713.411s][info][gc,start       ] GC(34556) Pause Young (Allocation Failure)
[13713.413s][info][gc,heap        ] GC(34556) PSYoungGen: 110352K(110592K)->288K(107520K) Eden: 110080K(110080K)->0K(107008K) From: 272K(512K)->288K(512K)
[13713.413s][info][gc,heap        ] GC(34556) ParOldGen: 376149K(376320K)->376165K(376320K)
[13713.413s][info][gc,metaspace   ] GC(34556) Metaspace: 8795K(9024K)->8795K(9024K) NonClass: 8143K(8320K)->8143K(8320K) Class: 652K(704K)->652K(704K)
[13713.413s][info][gc             ] GC(34556) Pause Young (Allocation Failure) 475M->367M(472M) 2.317ms
[13713.413s][info][gc,cpu         ] GC(34556) User=0.00s Sys=0.00s Real=0.00s
[13713.762s][info][gc,start       ] GC(34557) Pause Young (Allocation Failure)
[13713.765s][info][gc,heap        ] GC(34557) PSYoungGen: 107296K(107520K)->256K(104448K) Eden: 107008K(107008K)->0K(103936K) From: 288K(512K)->256K(512K)
[13713.765s][info][gc,heap        ] GC(34557) ParOldGen: 376165K(376320K)->376181K(376320K)
[13713.765s][info][gc,metaspace   ] GC(34557) Metaspace: 8795K(9024K)->8795K(9024K) NonClass: 8143K(8320K)->8143K(8320K) Class: 652K(704K)->652K(704K)
[13713.765s][info][gc             ] GC(34557) Pause Young (Allocation Failure) 472M->367M(469M) 2.662ms
[13713.765s][info][gc,cpu         ] GC(34557) User=0.01s Sys=0.00s Real=0.00s
[13714.106s][info][gc,start       ] GC(34558) Pause Young (Allocation Failure)
[13714.109s][info][gc,heap        ] GC(34558) PSYoungGen: 104192K(104448K)->272K(101376K) Eden: 103936K(103936K)->0K(100864K) From: 256K(512K)->272K(512K)
[13714.109s][info][gc,heap        ] GC(34558) ParOldGen: 376181K(376320K)->376197K(376320K)
[13714.109s][info][gc,metaspace   ] GC(34558) Metaspace: 8795K(9024K)->8795K(9024K) NonClass: 8143K(8320K)->8143K(8320K) Class: 652K(704K)->652K(704K)
[13714.109s][info][gc             ] GC(34558) Pause Young (Allocation Failure) 469M->367M(466M) 2.518ms
[13714.109s][info][gc,cpu         ] GC(34558) User=0.00s Sys=0.00s Real=0.00s
[13714.425s][info][gc,start       ] GC(34559) Pause Young (Allocation Failure)
[13714.426s][info][gc,heap        ] GC(34559) PSYoungGen: 101136K(101376K)->240K(98304K) Eden: 100864K(100864K)->0K(97792K) From: 272K(512K)->240K(512K)
[13714.426s][info][gc,heap        ] GC(34559) ParOldGen: 376197K(376320K)->376213K(376320K)
[13714.426s][info][gc,metaspace   ] GC(34559) Metaspace: 8795K(9024K)->8795K(9024K) NonClass: 8143K(8320K)->8143K(8320K) Class: 652K(704K)->652K(704K)
[13714.426s][info][gc             ] GC(34559) Pause Young (Allocation Failure) 466M->367M(463M) 1.260ms
[13714.426s][info][gc,cpu         ] GC(34559) User=0.00s Sys=0.00s Real=0.00s
[13714.740s][info][gc,start       ] GC(34560) Pause Young (Allocation Failure)
[13714.741s][info][gc,heap        ] GC(34560) PSYoungGen: 98032K(98304K)->224K(95744K) Eden: 97792K(97792K)->0K(95232K) From: 240K(512K)->224K(512K)
[13714.741s][info][gc,heap        ] GC(34560) ParOldGen: 376213K(376320K)->376229K(376320K)
[13714.741s][info][gc,metaspace   ] GC(34560) Metaspace: 8795K(9024K)->8795K(9024K) NonClass: 8143K(8320K)->8143K(8320K) Class: 652K(704K)->652K(704K)
[13714.741s][info][gc             ] GC(34560) Pause Young (Allocation Failure) 463M->367M(461M) 1.279ms
[13714.741s][info][gc,cpu         ] GC(34560) User=0.00s Sys=0.00s Real=0.01s
[13715.035s][info][gc,start       ] GC(34561) Pause Young (Allocation Failure)
[13715.037s][info][gc,heap        ] GC(34561) PSYoungGen: 95456K(95744K)->256K(93184K) Eden: 95232K(95232K)->0K(92672K) From: 224K(512K)->256K(512K)
[13715.037s][info][gc,heap        ] GC(34561) ParOldGen: 376229K(376320K)->376245K(376320K)
[13715.037s][info][gc,metaspace   ] GC(34561) Metaspace: 8795K(9024K)->8795K(9024K) NonClass: 8143K(8320K)->8143K(8320K) Class: 652K(704K)->652K(704K)
[13715.037s][info][gc             ] GC(34561) Pause Young (Allocation Failure) 460M->367M(458M) 1.697ms
[13715.037s][info][gc,cpu         ] GC(34561) User=0.01s Sys=0.00s Real=0.00s
[13715.359s][info][gc,start       ] GC(34562) Pause Young (Allocation Failure)
[13715.360s][info][gc,heap        ] GC(34562) PSYoungGen: 92928K(93184K)->224K(90624K) Eden: 92672K(92672K)->0K(90112K) From: 256K(512K)->224K(512K)
[13715.360s][info][gc,heap        ] GC(34562) ParOldGen: 376245K(376320K)->376261K(376320K)
[13715.360s][info][gc,metaspace   ] GC(34562) Metaspace: 8795K(9024K)->8795K(9024K) NonClass: 8143K(8320K)->8143K(8320K) Class: 652K(704K)->652K(704K)
[13715.360s][info][gc             ] GC(34562) Pause Young (Allocation Failure) 458M->367M(456M) 1.249ms
[13715.360s][info][gc,cpu         ] GC(34562) User=0.00s Sys=0.00s Real=0.01s
[13715.653s][info][gc,start       ] GC(34563) Pause Young (Allocation Failure)
[13715.655s][info][gc,heap        ] GC(34563) PSYoungGen: 90336K(90624K)->272K(88064K) Eden: 90112K(90112K)->0K(87552K) From: 224K(512K)->272K(512K)
[13715.655s][info][gc,heap        ] GC(34563) ParOldGen: 376261K(376320K)->376277K(376320K)
[13715.655s][info][gc,metaspace   ] GC(34563) Metaspace: 8795K(9024K)->8795K(9024K) NonClass: 8143K(8320K)->8143K(8320K) Class: 652K(704K)->652K(704K)
[13715.655s][info][gc             ] GC(34563) Pause Young (Allocation Failure) 455M->367M(453M) 2.357ms
[13715.655s][info][gc,cpu         ] GC(34563) User=0.00s Sys=0.00s Real=0.00s
[13715.911s][info][gc,start       ] GC(34564) Pause Young (Allocation Failure)
[13715.912s][info][gc,heap        ] GC(34564) PSYoungGen: 87824K(88064K)->256K(202752K) Eden: 87552K(87552K)->0K(202240K) From: 272K(512K)->256K(512K)
[13715.912s][info][gc,heap        ] GC(34564) ParOldGen: 376277K(376320K)->376293K(376320K)
[13715.912s][info][gc,metaspace   ] GC(34564) Metaspace: 8795K(9024K)->8795K(9024K) NonClass: 8143K(8320K)->8143K(8320K) Class: 652K(704K)->652K(704K)
[13715.912s][info][gc             ] GC(34564) Pause Young (Allocation Failure) 453M->367M(565M) 1.525ms
[13715.912s][info][gc,cpu         ] GC(34564) User=0.00s Sys=0.00s Real=0.00s
[13716.590s][info][gc,start       ] GC(34565) Pause Young (Allocation Failure)
[13716.592s][info][gc,heap        ] GC(34565) PSYoungGen: 202496K(202752K)->240K(195584K) Eden: 202240K(202240K)->0K(195072K) From: 256K(512K)->240K(512K)
[13716.592s][info][gc,heap        ] GC(34565) ParOldGen: 376293K(376320K)->376309K(376320K)
[13716.592s][info][gc,metaspace   ] GC(34565) Metaspace: 8795K(9024K)->8795K(9024K) NonClass: 8143K(8320K)->8143K(8320K) Class: 652K(704K)->652K(704K)
[13716.592s][info][gc             ] GC(34565) Pause Young (Allocation Failure) 565M->367M(558M) 1.259ms
[13716.592s][info][gc,cpu         ] GC(34565) User=0.00s Sys=0.00s Real=0.00s
[13717.287s][info][gc,start       ] GC(34566) Pause Young (Allocation Failure)
[13717.289s][info][gc,heap        ] GC(34566) PSYoungGen: 195312K(195584K)->240K(188416K) Eden: 195072K(195072K)->0K(187904K) From: 240K(512K)->240K(512K)
[13717.289s][info][gc,heap        ] GC(34566) ParOldGen: 376309K(376320K)->376325K(376832K)
[13717.289s][info][gc,metaspace   ] GC(34566) Metaspace: 8795K(9024K)->8795K(9024K) NonClass: 8143K(8320K)->8143K(8320K) Class: 652K(704K)->652K(704K)
[13717.289s][info][gc             ] GC(34566) Pause Young (Allocation Failure) 558M->367M(552M) 1.804ms
[13717.289s][info][gc,cpu         ] GC(34566) User=0.00s Sys=0.00s Real=0.00s
[13717.877s][info][gc,start       ] GC(34567) Pause Young (Allocation Failure)
[13717.878s][info][gc,heap        ] GC(34567) PSYoungGen: 188144K(188416K)->272K(181760K) Eden: 187904K(187904K)->0K(181248K) From: 240K(512K)->272K(512K)
[13717.878s][info][gc,heap        ] GC(34567) ParOldGen: 376325K(376832K)->376341K(376832K)
[13717.878s][info][gc,metaspace   ] GC(34567) Metaspace: 8795K(9024K)->8795K(9024K) NonClass: 8143K(8320K)->8143K(8320K) Class: 652K(704K)->652K(704K)
[13717.878s][info][gc             ] GC(34567) Pause Young (Allocation Failure) 551M->367M(545M) 1.249ms
[13717.878s][info][gc,cpu         ] GC(34567) User=0.01s Sys=0.00s Real=0.00s
[13718.463s][info][gc,start       ] GC(34568) Pause Young (Allocation Failure)
[13718.464s][info][gc,heap        ] GC(34568) PSYoungGen: 181520K(181760K)->240K(175104K) Eden: 181248K(181248K)->0K(174592K) From: 272K(512K)->240K(512K)
[13718.464s][info][gc,heap        ] GC(34568) ParOldGen: 376341K(376832K)->376357K(376832K)
[13718.464s][info][gc,metaspace   ] GC(34568) Metaspace: 8795K(9024K)->8795K(9024K) NonClass: 8143K(8320K)->8143K(8320K) Class: 652K(704K)->652K(704K)
[13718.464s][info][gc             ] GC(34568) Pause Young (Allocation Failure) 544M->367M(539M) 1.268ms
[13718.464s][info][gc,cpu         ] GC(34568) User=0.01s Sys=0.00s Real=0.00s
[13719.056s][info][gc,start       ] GC(34569) Pause Young (Allocation Failure)
[13719.057s][info][gc,heap        ] GC(34569) PSYoungGen: 174832K(175104K)->224K(168960K) Eden: 174592K(174592K)->0K(168448K) From: 240K(512K)->224K(512K)
[13719.057s][info][gc,heap        ] GC(34569) ParOldGen: 376357K(376832K)->376373K(376832K)
[13719.057s][info][gc,metaspace   ] GC(34569) Metaspace: 8795K(9024K)->8795K(9024K) NonClass: 8143K(8320K)->8143K(8320K) Class: 652K(704K)->652K(704K)
[13719.057s][info][gc             ] GC(34569) Pause Young (Allocation Failure) 538M->367M(533M) 1.231ms
[13719.057s][info][gc,cpu         ] GC(34569) User=0.00s Sys=0.00s Real=0.00s
[13719.593s][info][gc,start       ] GC(34570) Pause Young (Allocation Failure)
[13719.595s][info][gc,heap        ] GC(34570) PSYoungGen: 168672K(168960K)->256K(163328K) Eden: 168448K(168448K)->0K(162816K) From: 224K(512K)->256K(512K)
[13719.595s][info][gc,heap        ] GC(34570) ParOldGen: 376373K(376832K)->376381K(376832K)
[13719.595s][info][gc,metaspace   ] GC(34570) Metaspace: 8795K(9024K)->8795K(9024K) NonClass: 8143K(8320K)->8143K(8320K) Class: 652K(704K)->652K(704K)
[13719.595s][info][gc             ] GC(34570) Pause Young (Allocation Failure) 532M->367M(527M) 1.751ms
[13719.595s][info][gc,cpu         ] GC(34570) User=0.00s Sys=0.00s Real=0.00s
[13720.121s][info][gc,start       ] GC(34571) Pause Young (Allocation Failure)
[13720.123s][info][gc,heap        ] GC(34571) PSYoungGen: 163072K(163328K)->320K(157696K) Eden: 162816K(162816K)->0K(157184K) From: 256K(512K)->320K(512K)
[13720.123s][info][gc,heap        ] GC(34571) ParOldGen: 376381K(376832K)->376397K(376832K)
[13720.123s][info][gc,metaspace   ] GC(34571) Metaspace: 8795K(9024K)->8795K(9024K) NonClass: 8143K(8320K)->8143K(8320K) Class: 652K(704K)->652K(704K)
[13720.123s][info][gc             ] GC(34571) Pause Young (Allocation Failure) 526M->367M(522M) 2.263ms
[13720.123s][info][gc,cpu         ] GC(34571) User=0.00s Sys=0.00s Real=0.00s
[13720.658s][info][gc,start       ] GC(34572) Pause Young (Allocation Failure)
[13720.661s][info][gc,heap        ] GC(34572) PSYoungGen: 157504K(157696K)->256K(152576K) Eden: 157184K(157184K)->0K(152064K) From: 320K(512K)->256K(512K)
[13720.661s][info][gc,heap        ] GC(34572) ParOldGen: 376397K(376832K)->376413K(376832K)
[13720.661s][info][gc,metaspace   ] GC(34572) Metaspace: 8795K(9024K)->8795K(9024K) NonClass: 8143K(8320K)->8143K(8320K) Class: 652K(704K)->652K(704K)
[13720.661s][info][gc             ] GC(34572) Pause Young (Allocation Failure) 521M->367M(517M) 2.299ms
[13720.661s][info][gc,cpu         ] GC(34572) User=0.00s Sys=0.00s Real=0.01s
[13721.146s][info][gc,start       ] GC(34573) Pause Young (Allocation Failure)
[13721.148s][info][gc,heap        ] GC(34573) PSYoungGen: 152320K(152576K)->256K(147456K) Eden: 152064K(152064K)->0K(146944K) From: 256K(512K)->256K(512K)
[13721.148s][info][gc,heap        ] GC(34573) ParOldGen: 376413K(376832K)->376429K(376832K)
[13721.148s][info][gc,metaspace   ] GC(34573) Metaspace: 8795K(9024K)->8795K(9024K) NonClass: 8143K(8320K)->8143K(8320K) Class: 652K(704K)->652K(704K)
[13721.148s][info][gc             ] GC(34573) Pause Young (Allocation Failure) 516M->367M(512M) 2.302ms
[13721.148s][info][gc,cpu         ] GC(34573) User=0.00s Sys=0.00s Real=0.00s
[13721.649s][info][gc,start       ] GC(34574) Pause Young (Allocation Failure)
[13721.652s][info][gc,heap        ] GC(34574) PSYoungGen: 147200K(147456K)->272K(142848K) Eden: 146944K(146944K)->0K(142336K) From: 256K(512K)->272K(512K)
[13721.652s][info][gc,heap        ] GC(34574) ParOldGen: 376429K(376832K)->376445K(376832K)
[13721.652s][info][gc,metaspace   ] GC(34574) Metaspace: 8795K(9024K)->8795K(9024K) NonClass: 8143K(8320K)->8143K(8320K) Class: 652K(704K)->652K(704K)
[13721.652s][info][gc             ] GC(34574) Pause Young (Allocation Failure) 511M->367M(507M) 2.481ms
[13721.652s][info][gc,cpu         ] GC(34574) User=0.01s Sys=0.00s Real=0.01s
[13722.132s][info][gc,start       ] GC(34575) Pause Young (Allocation Failure)
[13722.134s][info][gc,heap        ] GC(34575) PSYoungGen: 142608K(142848K)->224K(138240K) Eden: 142336K(142336K)->0K(137728K) From: 272K(512K)->224K(512K)
[13722.134s][info][gc,heap        ] GC(34575) ParOldGen: 376445K(376832K)->376461K(376832K)
[13722.134s][info][gc,metaspace   ] GC(34575) Metaspace: 8795K(9024K)->8795K(9024K) NonClass: 8143K(8320K)->8143K(8320K) Class: 652K(704K)->652K(704K)
[13722.134s][info][gc             ] GC(34575) Pause Young (Allocation Failure) 506M->367M(503M) 1.447ms
[13722.134s][info][gc,cpu         ] GC(34575) User=0.00s Sys=0.00s Real=0.00s
[13722.570s][info][gc,start       ] GC(34576) Pause Young (Allocation Failure)
[13722.571s][info][gc,heap        ] GC(34576) PSYoungGen: 137952K(138240K)->240K(133632K) Eden: 137728K(137728K)->0K(133120K) From: 224K(512K)->240K(512K)
[13722.571s][info][gc,heap        ] GC(34576) ParOldGen: 376461K(376832K)->376477K(376832K)
[13722.571s][info][gc,metaspace   ] GC(34576) Metaspace: 8795K(9024K)->8795K(9024K) NonClass: 8143K(8320K)->8143K(8320K) Class: 652K(704K)->652K(704K)
[13722.571s][info][gc             ] GC(34576) Pause Young (Allocation Failure) 502M->367M(498M) 1.264ms
[13722.571s][info][gc,cpu         ] GC(34576) User=0.01s Sys=0.00s Real=0.01s
[13722.986s][info][gc,start       ] GC(34577) Pause Young (Allocation Failure)
[13722.987s][info][gc,heap        ] GC(34577) PSYoungGen: 133360K(133632K)->272K(129536K) Eden: 133120K(133120K)->0K(129024K) From: 240K(512K)->272K(512K)
[13722.987s][info][gc,heap        ] GC(34577) ParOldGen: 376477K(376832K)->376493K(376832K)
[13722.987s][info][gc,metaspace   ] GC(34577) Metaspace: 8795K(9024K)->8795K(9024K) NonClass: 8143K(8320K)->8143K(8320K) Class: 652K(704K)->652K(704K)
[13722.987s][info][gc             ] GC(34577) Pause Young (Allocation Failure) 497M->367M(494M) 1.272ms
[13722.987s][info][gc,cpu         ] GC(34577) User=0.01s Sys=0.00s Real=0.00s
[13723.418s][info][gc,start       ] GC(34578) Pause Young (Allocation Failure)
[13723.419s][info][gc,heap        ] GC(34578) PSYoungGen: 129296K(129536K)->240K(125440K) Eden: 129024K(129024K)->0K(124928K) From: 272K(512K)->240K(512K)
[13723.419s][info][gc,heap        ] GC(34578) ParOldGen: 376493K(376832K)->376509K(376832K)
[13723.419s][info][gc,metaspace   ] GC(34578) Metaspace: 8795K(9024K)->8795K(9024K) NonClass: 8143K(8320K)->8143K(8320K) Class: 652K(704K)->652K(704K)
[13723.419s][info][gc             ] GC(34578) Pause Young (Allocation Failure) 493M->367M(490M) 1.288ms
[13723.419s][info][gc,cpu         ] GC(34578) User=0.00s Sys=0.00s Real=0.00s
[13723.823s][info][gc,start       ] GC(34579) Pause Young (Allocation Failure)
[13723.825s][info][gc,heap        ] GC(34579) PSYoungGen: 125168K(125440K)->224K(121344K) Eden: 124928K(124928K)->0K(120832K) From: 240K(512K)->224K(512K)
[13723.825s][info][gc,heap        ] GC(34579) ParOldGen: 376509K(376832K)->376525K(376832K)
[13723.825s][info][gc,metaspace   ] GC(34579) Metaspace: 8795K(9024K)->8795K(9024K) NonClass: 8143K(8320K)->8143K(8320K) Class: 652K(704K)->652K(704K)
[13723.825s][info][gc             ] GC(34579) Pause Young (Allocation Failure) 489M->367M(486M) 1.312ms
[13723.825s][info][gc,cpu         ] GC(34579) User=0.00s Sys=0.00s Real=0.00s
[13724.200s][info][gc,start       ] GC(34580) Pause Young (Allocation Failure)
[13724.202s][info][gc,heap        ] GC(34580) PSYoungGen: 121056K(121344K)->240K(117760K) Eden: 120832K(120832K)->0K(117248K) From: 224K(512K)->240K(512K)
[13724.202s][info][gc,heap        ] GC(34580) ParOldGen: 376525K(376832K)->376541K(376832K)
[13724.202s][info][gc,metaspace   ] GC(34580) Metaspace: 8795K(9024K)->8795K(9024K) NonClass: 8143K(8320K)->8143K(8320K) Class: 652K(704K)->652K(704K)
[13724.202s][info][gc             ] GC(34580) Pause Young (Allocation Failure) 485M->367M(483M) 1.235ms
[13724.202s][info][gc,cpu         ] GC(34580) User=0.00s Sys=0.00s Real=0.00s
[13724.577s][info][gc,start       ] GC(34581) Pause Young (Allocation Failure)
[13724.578s][info][gc,heap        ] GC(34581) PSYoungGen: 117488K(117760K)->256K(114176K) Eden: 117248K(117248K)->0K(113664K) From: 240K(512K)->256K(512K)
[13724.579s][info][gc,heap        ] GC(34581) ParOldGen: 376541K(376832K)->376557K(376832K)
[13724.579s][info][gc,metaspace   ] GC(34581) Metaspace: 8795K(9024K)->8795K(9024K) NonClass: 8143K(8320K)->8143K(8320K) Class: 652K(704K)->652K(704K)
[13724.579s][info][gc             ] GC(34581) Pause Young (Allocation Failure) 482M->367M(479M) 1.302ms
[13724.579s][info][gc,cpu         ] GC(34581) User=0.00s Sys=0.00s Real=0.00s
[13724.935s][info][gc,start       ] GC(34582) Pause Young (Allocation Failure)
[13724.938s][info][gc,heap        ] GC(34582) PSYoungGen: 113920K(114176K)->304K(110592K) Eden: 113664K(113664K)->0K(110080K) From: 256K(512K)->304K(512K)
[13724.938s][info][gc,heap        ] GC(34582) ParOldGen: 376557K(376832K)->376573K(376832K)
[13724.938s][info][gc,metaspace   ] GC(34582) Metaspace: 8795K(9024K)->8795K(9024K) NonClass: 8143K(8320K)->8143K(8320K) Class: 652K(704K)->652K(704K)
[13724.938s][info][gc             ] GC(34582) Pause Young (Allocation Failure) 478M->368M(476M) 2.251ms
[13724.938s][info][gc,cpu         ] GC(34582) User=0.01s Sys=0.00s Real=0.00s
[13725.284s][info][gc,start       ] GC(34583) Pause Young (Allocation Failure)
[13725.287s][info][gc,heap        ] GC(34583) PSYoungGen: 110384K(110592K)->256K(107520K) Eden: 110080K(110080K)->0K(107008K) From: 304K(512K)->256K(512K)
[13725.287s][info][gc,heap        ] GC(34583) ParOldGen: 376573K(376832K)->376589K(376832K)
[13725.287s][info][gc,metaspace   ] GC(34583) Metaspace: 8795K(9024K)->8795K(9024K) NonClass: 8143K(8320K)->8143K(8320K) Class: 652K(704K)->652K(704K)
[13725.287s][info][gc             ] GC(34583) Pause Young (Allocation Failure) 475M->368M(473M) 2.963ms
[13725.287s][info][gc,cpu         ] GC(34583) User=0.00s Sys=0.00s Real=0.00s
[13725.623s][info][gc,start       ] GC(34584) Pause Young (Allocation Failure)
[13725.626s][info][gc,heap        ] GC(34584) PSYoungGen: 107264K(107520K)->272K(104448K) Eden: 107008K(107008K)->0K(103936K) From: 256K(512K)->272K(512K)
[13725.626s][info][gc,heap        ] GC(34584) ParOldGen: 376589K(376832K)->376605K(376832K)
[13725.626s][info][gc,metaspace   ] GC(34584) Metaspace: 8795K(9024K)->8795K(9024K) NonClass: 8143K(8320K)->8143K(8320K) Class: 652K(704K)->652K(704K)
[13725.626s][info][gc             ] GC(34584) Pause Young (Allocation Failure) 472M->368M(470M) 3.064ms
[13725.626s][info][gc,cpu         ] GC(34584) User=0.01s Sys=0.00s Real=0.00s
[13725.953s][info][gc,start       ] GC(34585) Pause Young (Allocation Failure)
[13725.955s][info][gc,heap        ] GC(34585) PSYoungGen: 104208K(104448K)->272K(101376K) Eden: 103936K(103936K)->0K(100864K) From: 272K(512K)->272K(512K)
[13725.955s][info][gc,heap        ] GC(34585) ParOldGen: 376605K(376832K)->376621K(376832K)
[13725.955s][info][gc,metaspace   ] GC(34585) Metaspace: 8795K(9024K)->8795K(9024K) NonClass: 8143K(8320K)->8143K(8320K) Class: 652K(704K)->652K(704K)
[13725.955s][info][gc             ] GC(34585) Pause Young (Allocation Failure) 469M->368M(467M) 2.342ms
[13725.955s][info][gc,cpu         ] GC(34585) User=0.00s Sys=0.00s Real=0.00s
[13726.275s][info][gc,start       ] GC(34586) Pause Young (Allocation Failure)
[13726.276s][info][gc,heap        ] GC(34586) PSYoungGen: 101136K(101376K)->256K(98304K) Eden: 100864K(100864K)->0K(97792K) From: 272K(512K)->256K(512K)
[13726.276s][info][gc,heap        ] GC(34586) ParOldGen: 376621K(376832K)->376637K(376832K)
[13726.276s][info][gc,metaspace   ] GC(34586) Metaspace: 8795K(9024K)->8795K(9024K) NonClass: 8143K(8320K)->8143K(8320K) Class: 652K(704K)->652K(704K)
[13726.276s][info][gc             ] GC(34586) Pause Young (Allocation Failure) 466M->368M(464M) 1.254ms
[13726.276s][info][gc,cpu         ] GC(34586) User=0.00s Sys=0.00s Real=0.00s
[13726.593s][info][gc,start       ] GC(34587) Pause Young (Allocation Failure)
[13726.595s][info][gc,heap        ] GC(34587) PSYoungGen: 98045K(98304K)->256K(95744K) Eden: 97789K(97792K)->0K(95232K) From: 256K(512K)->256K(512K)
[13726.595s][info][gc,heap        ] GC(34587) ParOldGen: 376637K(376832K)->376653K(376832K)
[13726.595s][info][gc,metaspace   ] GC(34587) Metaspace: 8795K(9024K)->8795K(9024K) NonClass: 8143K(8320K)->8143K(8320K) Class: 652K(704K)->652K(704K)
[13726.595s][info][gc             ] GC(34587) Pause Young (Allocation Failure) 463M->368M(461M) 2.410ms
[13726.595s][info][gc,cpu         ] GC(34587) User=0.01s Sys=0.00s Real=0.00s
[13726.905s][info][gc,start       ] GC(34588) Pause Young (Allocation Failure)
[13726.906s][info][gc,heap        ] GC(34588) PSYoungGen: 95488K(95744K)->240K(93184K) Eden: 95232K(95232K)->0K(92672K) From: 256K(512K)->240K(512K)
[13726.906s][info][gc,heap        ] GC(34588) ParOldGen: 376653K(376832K)->376669K(376832K)
[13726.906s][info][gc,metaspace   ] GC(34588) Metaspace: 8795K(9024K)->8795K(9024K) NonClass: 8143K(8320K)->8143K(8320K) Class: 652K(704K)->652K(704K)
[13726.906s][info][gc             ] GC(34588) Pause Young (Allocation Failure) 461M->368M(459M) 1.365ms
[13726.906s][info][gc,cpu         ] GC(34588) User=0.00s Sys=0.00s Real=0.00s
[13727.206s][info][gc,start       ] GC(34589) Pause Young (Allocation Failure)
[13727.207s][info][gc,heap        ] GC(34589) PSYoungGen: 92912K(93184K)->240K(90624K) Eden: 92672K(92672K)->0K(90112K) From: 240K(512K)->240K(512K)
[13727.207s][info][gc,heap        ] GC(34589) ParOldGen: 376669K(376832K)->376685K(376832K)
[13727.207s][info][gc,metaspace   ] GC(34589) Metaspace: 8795K(9024K)->8795K(9024K) NonClass: 8143K(8320K)->8143K(8320K) Class: 652K(704K)->652K(704K)
[13727.207s][info][gc             ] GC(34589) Pause Young (Allocation Failure) 458M->368M(456M) 1.295ms
[13727.207s][info][gc,cpu         ] GC(34589) User=0.00s Sys=0.00s Real=0.00s
[13727.483s][info][gc,start       ] GC(34590) Pause Young (Allocation Failure)
[13727.484s][info][gc,heap        ] GC(34590) PSYoungGen: 90352K(90624K)->240K(88064K) Eden: 90112K(90112K)->0K(87552K) From: 240K(512K)->240K(512K)
[13727.484s][info][gc,heap        ] GC(34590) ParOldGen: 376685K(376832K)->376701K(376832K)
[13727.484s][info][gc,metaspace   ] GC(34590) Metaspace: 8795K(9024K)->8795K(9024K) NonClass: 8143K(8320K)->8143K(8320K) Class: 652K(704K)->652K(704K)
[13727.484s][info][gc             ] GC(34590) Pause Young (Allocation Failure) 456M->368M(454M) 1.278ms
[13727.484s][info][gc,cpu         ] GC(34590) User=0.00s Sys=0.00s Real=0.00s
[13727.777s][info][gc,start       ] GC(34591) Pause Young (Allocation Failure)
[13727.778s][info][gc,heap        ] GC(34591) PSYoungGen: 87792K(88064K)->240K(202752K) Eden: 87552K(87552K)->0K(202240K) From: 240K(512K)->240K(512K)
[13727.778s][info][gc,heap        ] GC(34591) ParOldGen: 376701K(376832K)->376717K(376832K)
[13727.778s][info][gc,metaspace   ] GC(34591) Metaspace: 8795K(9024K)->8795K(9024K) NonClass: 8143K(8320K)->8143K(8320K) Class: 652K(704K)->652K(704K)
[13727.778s][info][gc             ] GC(34591) Pause Young (Allocation Failure) 453M->368M(566M) 1.256ms
[13727.778s][info][gc,cpu         ] GC(34591) User=0.01s Sys=0.00s Real=0.00s
[13728.441s][info][gc,start       ] GC(34592) Pause Young (Allocation Failure)
[13728.442s][info][gc,heap        ] GC(34592) PSYoungGen: 202480K(202752K)->256K(195584K) Eden: 202240K(202240K)->0K(195072K) From: 240K(512K)->256K(512K)
[13728.442s][info][gc,heap        ] GC(34592) ParOldGen: 376717K(376832K)->376733K(376832K)
[13728.442s][info][gc,metaspace   ] GC(34592) Metaspace: 8795K(9024K)->8795K(9024K) NonClass: 8143K(8320K)->8143K(8320K) Class: 652K(704K)->652K(704K)
[13728.442s][info][gc             ] GC(34592) Pause Young (Allocation Failure) 565M->368M(559M) 1.246ms
[13728.442s][info][gc,cpu         ] GC(34592) User=0.00s Sys=0.00s Real=0.00s
[13729.062s][info][gc,start       ] GC(34593) Pause Young (Allocation Failure)
[13729.063s][info][gc,heap        ] GC(34593) PSYoungGen: 195328K(195584K)->256K(188416K) Eden: 195072K(195072K)->0K(187904K) From: 256K(512K)->256K(512K)
[13729.063s][info][gc,heap        ] GC(34593) ParOldGen: 376733K(376832K)->376749K(376832K)
[13729.063s][info][gc,metaspace   ] GC(34593) Metaspace: 8795K(9024K)->8795K(9024K) NonClass: 8143K(8320K)->8143K(8320K) Class: 652K(704K)->652K(704K)
[13729.063s][info][gc             ] GC(34593) Pause Young (Allocation Failure) 558M->368M(552M) 1.579ms
[13729.063s][info][gc,cpu         ] GC(34593) User=0.00s Sys=0.00s Real=0.00s
[13729.698s][info][gc,start       ] GC(34594) Pause Young (Allocation Failure)
[13729.699s][info][gc,heap        ] GC(34594) PSYoungGen: 188160K(188416K)->256K(181760K) Eden: 187904K(187904K)->0K(181248K) From: 256K(512K)->256K(512K)
[13729.699s][info][gc,heap        ] GC(34594) ParOldGen: 376749K(376832K)->376765K(376832K)
[13729.699s][info][gc,metaspace   ] GC(34594) Metaspace: 8795K(9024K)->8795K(9024K) NonClass: 8143K(8320K)->8143K(8320K) Class: 652K(704K)->652K(704K)
[13729.699s][info][gc             ] GC(34594) Pause Young (Allocation Failure) 551M->368M(545M) 1.250ms
[13729.699s][info][gc,cpu         ] GC(34594) User=0.00s Sys=0.00s Real=0.00s
[13730.292s][info][gc,start       ] GC(34595) Pause Young (Allocation Failure)
[13730.295s][info][gc,heap        ] GC(34595) PSYoungGen: 181504K(181760K)->272K(175104K) Eden: 181248K(181248K)->0K(174592K) From: 256K(512K)->272K(512K)
[13730.295s][info][gc,heap        ] GC(34595) ParOldGen: 376765K(376832K)->376781K(376832K)
[13730.295s][info][gc,metaspace   ] GC(34595) Metaspace: 8795K(9024K)->8795K(9024K) NonClass: 8143K(8320K)->8143K(8320K) Class: 652K(704K)->652K(704K)
[13730.295s][info][gc             ] GC(34595) Pause Young (Allocation Failure) 545M->368M(539M) 2.499ms
[13730.295s][info][gc,cpu         ] GC(34595) User=0.00s Sys=0.00s Real=0.00s
[13730.850s][info][gc,start       ] GC(34596) Pause Young (Allocation Failure)
[13730.851s][info][gc,heap        ] GC(34596) PSYoungGen: 174864K(175104K)->256K(168960K) Eden: 174592K(174592K)->0K(168448K) From: 272K(512K)->256K(512K)
[13730.851s][info][gc,heap        ] GC(34596) ParOldGen: 376781K(376832K)->376797K(376832K)
[13730.851s][info][gc,metaspace   ] GC(34596) Metaspace: 8795K(9024K)->8795K(9024K) NonClass: 8143K(8320K)->8143K(8320K) Class: 652K(704K)->652K(704K)
[13730.851s][info][gc             ] GC(34596) Pause Young (Allocation Failure) 538M->368M(533M) 1.331ms
[13730.851s][info][gc,cpu         ] GC(34596) User=0.00s Sys=0.00s Real=0.01s
[13731.391s][info][gc,start       ] GC(34597) Pause Young (Allocation Failure)
[13731.393s][info][gc,heap        ] GC(34597) PSYoungGen: 168704K(168960K)->256K(163328K) Eden: 168448K(168448K)->0K(162816K) From: 256K(512K)->256K(512K)
[13731.393s][info][gc,heap        ] GC(34597) ParOldGen: 376797K(376832K)->376813K(376832K)
[13731.393s][info][gc,metaspace   ] GC(34597) Metaspace: 8795K(9024K)->8795K(9024K) NonClass: 8143K(8320K)->8143K(8320K) Class: 652K(704K)->652K(704K)
[13731.393s][info][gc             ] GC(34597) Pause Young (Allocation Failure) 532M->368M(527M) 1.274ms
[13731.393s][info][gc,cpu         ] GC(34597) User=0.00s Sys=0.00s Real=0.00s
[13731.929s][info][gc,start       ] GC(34598) Pause Young (Allocation Failure)
[13731.932s][info][gc,heap        ] GC(34598) PSYoungGen: 163072K(163328K)->272K(157696K) Eden: 162816K(162816K)->0K(157184K) From: 256K(512K)->272K(512K)
[13731.932s][info][gc,heap        ] GC(34598) ParOldGen: 376813K(376832K)->376829K(376832K)
[13731.932s][info][gc,metaspace   ] GC(34598) Metaspace: 8795K(9024K)->8795K(9024K) NonClass: 8143K(8320K)->8143K(8320K) Class: 652K(704K)->652K(704K)
[13731.932s][info][gc             ] GC(34598) Pause Young (Allocation Failure) 527M->368M(522M) 2.290ms
[13731.932s][info][gc,cpu         ] GC(34598) User=0.00s Sys=0.00s Real=0.01s
[13732.425s][info][gc,start       ] GC(34599) Pause Young (Allocation Failure)
[13732.426s][info][gc,heap        ] GC(34599) PSYoungGen: 157456K(157696K)->256K(152576K) Eden: 157184K(157184K)->0K(152064K) From: 272K(512K)->256K(512K)
[13732.426s][info][gc,heap        ] GC(34599) ParOldGen: 376829K(376832K)->376845K(377344K)
[13732.426s][info][gc,metaspace   ] GC(34599) Metaspace: 8795K(9024K)->8795K(9024K) NonClass: 8143K(8320K)->8143K(8320K) Class: 652K(704K)->652K(704K)
[13732.426s][info][gc             ] GC(34599) Pause Young (Allocation Failure) 521M->368M(517M) 1.696ms
[13732.426s][info][gc,cpu         ] GC(34599) User=0.00s Sys=0.00s Real=0.00s
[13732.914s][info][gc,start       ] GC(34600) Pause Young (Allocation Failure)
[13732.915s][info][gc,heap        ] GC(34600) PSYoungGen: 152320K(152576K)->256K(147456K) Eden: 152064K(152064K)->0K(146944K) From: 256K(512K)->256K(512K)
[13732.915s][info][gc,heap        ] GC(34600) ParOldGen: 376845K(377344K)->376861K(377344K)
[13732.915s][info][gc,metaspace   ] GC(34600) Metaspace: 8795K(9024K)->8795K(9024K) NonClass: 8143K(8320K)->8143K(8320K) Class: 652K(704K)->652K(704K)
[13732.915s][info][gc             ] GC(34600) Pause Young (Allocation Failure) 516M->368M(512M) 1.292ms
[13732.915s][info][gc,cpu         ] GC(34600) User=0.00s Sys=0.00s Real=0.00s
[13733.403s][info][gc,start       ] GC(34601) Pause Young (Allocation Failure)
[13733.404s][info][gc,heap        ] GC(34601) PSYoungGen: 147200K(147456K)->256K(142848K) Eden: 146944K(146944K)->0K(142336K) From: 256K(512K)->256K(512K)
[13733.404s][info][gc,heap        ] GC(34601) ParOldGen: 376861K(377344K)->376877K(377344K)
[13733.404s][info][gc,metaspace   ] GC(34601) Metaspace: 8795K(9024K)->8795K(9024K) NonClass: 8143K(8320K)->8143K(8320K) Class: 652K(704K)->652K(704K)
[13733.404s][info][gc             ] GC(34601) Pause Young (Allocation Failure) 511M->368M(508M) 1.257ms
[13733.404s][info][gc,cpu         ] GC(34601) User=0.00s Sys=0.00s Real=0.00s
[13733.845s][info][gc,start       ] GC(34602) Pause Young (Allocation Failure)
[13733.846s][info][gc,heap        ] GC(34602) PSYoungGen: 142592K(142848K)->256K(138240K) Eden: 142336K(142336K)->0K(137728K) From: 256K(512K)->256K(512K)
[13733.846s][info][gc,heap        ] GC(34602) ParOldGen: 376877K(377344K)->376893K(377344K)
[13733.847s][info][gc,metaspace   ] GC(34602) Metaspace: 8795K(9024K)->8795K(9024K) NonClass: 8143K(8320K)->8143K(8320K) Class: 652K(704K)->652K(704K)
[13733.847s][info][gc             ] GC(34602) Pause Young (Allocation Failure) 507M->368M(503M) 1.290ms
[13733.847s][info][gc,cpu         ] GC(34602) User=0.01s Sys=0.00s Real=0.00s
[13734.287s][info][gc,start       ] GC(34603) Pause Young (Allocation Failure)
[13734.288s][info][gc,heap        ] GC(34603) PSYoungGen: 137984K(138240K)->240K(133632K) Eden: 137728K(137728K)->0K(133120K) From: 256K(512K)->240K(512K)
[13734.288s][info][gc,heap        ] GC(34603) ParOldGen: 376893K(377344K)->376909K(377344K)
[13734.288s][info][gc,metaspace   ] GC(34603) Metaspace: 8795K(9024K)->8795K(9024K) NonClass: 8143K(8320K)->8143K(8320K) Class: 652K(704K)->652K(704K)
[13734.288s][info][gc             ] GC(34603) Pause Young (Allocation Failure) 502M->368M(499M) 1.284ms
[13734.288s][info][gc,cpu         ] GC(34603) User=0.00s Sys=0.01s Real=0.00s
[13734.714s][info][gc,start       ] GC(34604) Pause Young (Allocation Failure)
[13734.715s][info][gc,heap        ] GC(34604) PSYoungGen: 133360K(133632K)->240K(129536K) Eden: 133120K(133120K)->0K(129024K) From: 240K(512K)->240K(512K)
[13734.715s][info][gc,heap        ] GC(34604) ParOldGen: 376909K(377344K)->376925K(377344K)
[13734.715s][info][gc,metaspace   ] GC(34604) Metaspace: 8795K(9024K)->8795K(9024K) NonClass: 8143K(8320K)->8143K(8320K) Class: 652K(704K)->652K(704K)
[13734.715s][info][gc             ] GC(34604) Pause Young (Allocation Failure) 498M->368M(495M) 1.254ms
[13734.715s][info][gc,cpu         ] GC(34604) User=0.00s Sys=0.00s Real=0.00s
[13735.102s][info][gc,start       ] GC(34605) Pause Young (Allocation Failure)
[13735.103s][info][gc,heap        ] GC(34605) PSYoungGen: 129264K(129536K)->240K(125440K) Eden: 129024K(129024K)->0K(124928K) From: 240K(512K)->240K(512K)
[13735.103s][info][gc,heap        ] GC(34605) ParOldGen: 376925K(377344K)->376941K(377344K)
[13735.103s][info][gc,metaspace   ] GC(34605) Metaspace: 8795K(9024K)->8795K(9024K) NonClass: 8143K(8320K)->8143K(8320K) Class: 652K(704K)->652K(704K)
[13735.103s][info][gc             ] GC(34605) Pause Young (Allocation Failure) 494M->368M(491M) 1.227ms
[13735.103s][info][gc,cpu         ] GC(34605) User=0.00s Sys=0.00s Real=0.00s
[13735.510s][info][gc,start       ] GC(34606) Pause Young (Allocation Failure)
[13735.511s][info][gc,heap        ] GC(34606) PSYoungGen: 125168K(125440K)->240K(121344K) Eden: 124928K(124928K)->0K(120832K) From: 240K(512K)->240K(512K)
[13735.511s][info][gc,heap        ] GC(34606) ParOldGen: 376941K(377344K)->376957K(377344K)
[13735.511s][info][gc,metaspace   ] GC(34606) Metaspace: 8795K(9024K)->8795K(9024K) NonClass: 8143K(8320K)->8143K(8320K) Class: 652K(704K)->652K(704K)
[13735.511s][info][gc             ] GC(34606) Pause Young (Allocation Failure) 490M->368M(487M) 1.256ms
[13735.511s][info][gc,cpu         ] GC(34606) User=0.00s Sys=0.00s Real=0.01s
[13735.889s][info][gc,start       ] GC(34607) Pause Young (Allocation Failure)
[13735.890s][info][gc,heap        ] GC(34607) PSYoungGen: 121072K(121344K)->256K(117760K) Eden: 120832K(120832K)->0K(117248K) From: 240K(512K)->256K(512K)
[13735.890s][info][gc,heap        ] GC(34607) ParOldGen: 376957K(377344K)->376973K(377344K)
[13735.890s][info][gc,metaspace   ] GC(34607) Metaspace: 8795K(9024K)->8795K(9024K) NonClass: 8143K(8320K)->8143K(8320K) Class: 652K(704K)->652K(704K)
[13735.890s][info][gc             ] GC(34607) Pause Young (Allocation Failure) 486M->368M(483M) 1.168ms
[13735.890s][info][gc,cpu         ] GC(34607) User=0.00s Sys=0.00s Real=0.00s
[13736.244s][info][gc,start       ] GC(34608) Pause Young (Allocation Failure)
[13736.245s][info][gc,heap        ] GC(34608) PSYoungGen: 117504K(117760K)->272K(114176K) Eden: 117248K(117248K)->0K(113664K) From: 256K(512K)->272K(512K)
[13736.245s][info][gc,heap        ] GC(34608) ParOldGen: 376973K(377344K)->376989K(377344K)
[13736.245s][info][gc,metaspace   ] GC(34608) Metaspace: 8795K(9024K)->8795K(9024K) NonClass: 8143K(8320K)->8143K(8320K) Class: 652K(704K)->652K(704K)
[13736.245s][info][gc             ] GC(34608) Pause Young (Allocation Failure) 482M->368M(480M) 1.238ms
[13736.245s][info][gc,cpu         ] GC(34608) User=0.00s Sys=0.00s Real=0.00s
[13736.606s][info][gc,start       ] GC(34609) Pause Young (Allocation Failure)
[13736.607s][info][gc,heap        ] GC(34609) PSYoungGen: 113936K(114176K)->240K(110592K) Eden: 113664K(113664K)->0K(110080K) From: 272K(512K)->240K(512K)
[13736.607s][info][gc,heap        ] GC(34609) ParOldGen: 376989K(377344K)->377005K(377344K)
[13736.607s][info][gc,metaspace   ] GC(34609) Metaspace: 8795K(9024K)->8795K(9024K) NonClass: 8143K(8320K)->8143K(8320K) Class: 652K(704K)->652K(704K)
[13736.607s][info][gc             ] GC(34609) Pause Young (Allocation Failure) 479M->368M(476M) 1.251ms
[13736.607s][info][gc,cpu         ] GC(34609) User=0.00s Sys=0.00s Real=0.00s
[13736.960s][info][gc,start       ] GC(34610) Pause Young (Allocation Failure)
[13736.961s][info][gc,heap        ] GC(34610) PSYoungGen: 110320K(110592K)->240K(107520K) Eden: 110080K(110080K)->0K(107008K) From: 240K(512K)->240K(512K)
[13736.961s][info][gc,heap        ] GC(34610) ParOldGen: 377005K(377344K)->377021K(377344K)
[13736.961s][info][gc,metaspace   ] GC(34610) Metaspace: 8795K(9024K)->8795K(9024K) NonClass: 8143K(8320K)->8143K(8320K) Class: 652K(704K)->652K(704K)
[13736.961s][info][gc             ] GC(34610) Pause Young (Allocation Failure) 475M->368M(473M) 1.278ms
[13736.961s][info][gc,cpu         ] GC(34610) User=0.00s Sys=0.00s Real=0.01s
[13737.290s][info][gc,start       ] GC(34611) Pause Young (Allocation Failure)
[13737.291s][info][gc,heap        ] GC(34611) PSYoungGen: 107248K(107520K)->240K(104448K) Eden: 107008K(107008K)->0K(103936K) From: 240K(512K)->240K(512K)
[13737.291s][info][gc,heap        ] GC(34611) ParOldGen: 377021K(377344K)->377037K(377344K)
[13737.291s][info][gc,metaspace   ] GC(34611) Metaspace: 8795K(9024K)->8795K(9024K) NonClass: 8143K(8320K)->8143K(8320K) Class: 652K(704K)->652K(704K)
[13737.291s][info][gc             ] GC(34611) Pause Young (Allocation Failure) 472M->368M(470M) 1.259ms
[13737.291s][info][gc,cpu         ] GC(34611) User=0.00s Sys=0.00s Real=0.01s
[13737.618s][info][gc,start       ] GC(34612) Pause Young (Allocation Failure)
[13737.619s][info][gc,heap        ] GC(34612) PSYoungGen: 104176K(104448K)->272K(101376K) Eden: 103936K(103936K)->0K(100864K) From: 240K(512K)->272K(512K)
[13737.619s][info][gc,heap        ] GC(34612) ParOldGen: 377037K(377344K)->377053K(377344K)
[13737.619s][info][gc,metaspace   ] GC(34612) Metaspace: 8795K(9024K)->8795K(9024K) NonClass: 8143K(8320K)->8143K(8320K) Class: 652K(704K)->652K(704K)
[13737.619s][info][gc             ] GC(34612) Pause Young (Allocation Failure) 469M->368M(467M) 1.290ms
[13737.619s][info][gc,cpu         ] GC(34612) User=0.01s Sys=0.00s Real=0.00s
[13737.938s][info][gc,start       ] GC(34613) Pause Young (Allocation Failure)
[13737.939s][info][gc,heap        ] GC(34613) PSYoungGen: 101133K(101376K)->224K(98304K) Eden: 100861K(100864K)->0K(97792K) From: 272K(512K)->224K(512K)
[13737.939s][info][gc,heap        ] GC(34613) ParOldGen: 377053K(377344K)->377069K(377344K)
[13737.939s][info][gc,metaspace   ] GC(34613) Metaspace: 8795K(9024K)->8795K(9024K) NonClass: 8143K(8320K)->8143K(8320K) Class: 652K(704K)->652K(704K)
[13737.939s][info][gc             ] GC(34613) Pause Young (Allocation Failure) 466M->368M(464M) 1.268ms
[13737.939s][info][gc,cpu         ] GC(34613) User=0.00s Sys=0.00s Real=0.00s
[13738.235s][info][gc,start       ] GC(34614) Pause Young (Allocation Failure)
[13738.236s][info][gc,heap        ] GC(34614) PSYoungGen: 98016K(98304K)->240K(95744K) Eden: 97792K(97792K)->0K(95232K) From: 224K(512K)->240K(512K)
[13738.236s][info][gc,heap        ] GC(34614) ParOldGen: 377069K(377344K)->377085K(377344K)
[13738.236s][info][gc,metaspace   ] GC(34614) Metaspace: 8795K(9024K)->8795K(9024K) NonClass: 8143K(8320K)->8143K(8320K) Class: 652K(704K)->652K(704K)
[13738.236s][info][gc             ] GC(34614) Pause Young (Allocation Failure) 463M->368M(462M) 1.227ms
[13738.236s][info][gc,cpu         ] GC(34614) User=0.01s Sys=0.00s Real=0.00s
[13738.527s][info][gc,start       ] GC(34615) Pause Young (Allocation Failure)
[13738.528s][info][gc,heap        ] GC(34615) PSYoungGen: 95472K(95744K)->224K(93184K) Eden: 95232K(95232K)->0K(92672K) From: 240K(512K)->224K(512K)
[13738.528s][info][gc,heap        ] GC(34615) ParOldGen: 377085K(377344K)->377101K(377344K)
[13738.528s][info][gc,metaspace   ] GC(34615) Metaspace: 8795K(9024K)->8795K(9024K) NonClass: 8143K(8320K)->8143K(8320K) Class: 652K(704K)->652K(704K)
[13738.528s][info][gc             ] GC(34615) Pause Young (Allocation Failure) 461M->368M(459M) 1.242ms
[13738.528s][info][gc,cpu         ] GC(34615) User=0.00s Sys=0.00s Real=0.00s
[13738.816s][info][gc,start       ] GC(34616) Pause Young (Allocation Failure)
[13738.817s][info][gc,heap        ] GC(34616) PSYoungGen: 92896K(93184K)->256K(90624K) Eden: 92672K(92672K)->0K(90112K) From: 224K(512K)->256K(512K)
[13738.817s][info][gc,heap        ] GC(34616) ParOldGen: 377101K(377344K)->377117K(377344K)
[13738.817s][info][gc,metaspace   ] GC(34616) Metaspace: 8795K(9024K)->8795K(9024K) NonClass: 8143K(8320K)->8143K(8320K) Class: 652K(704K)->652K(704K)
[13738.818s][info][gc             ] GC(34616) Pause Young (Allocation Failure) 458M->368M(457M) 1.289ms
[13738.818s][info][gc,cpu         ] GC(34616) User=0.01s Sys=0.01s Real=0.00s
[13739.096s][info][gc,start       ] GC(34617) Pause Young (Allocation Failure)
[13739.097s][info][gc,heap        ] GC(34617) PSYoungGen: 90368K(90624K)->240K(88064K) Eden: 90112K(90112K)->0K(87552K) From: 256K(512K)->240K(512K)
[13739.097s][info][gc,heap        ] GC(34617) ParOldGen: 377117K(377344K)->377133K(377344K)
[13739.097s][info][gc,metaspace   ] GC(34617) Metaspace: 8795K(9024K)->8795K(9024K) NonClass: 8143K(8320K)->8143K(8320K) Class: 652K(704K)->652K(704K)
[13739.097s][info][gc             ] GC(34617) Pause Young (Allocation Failure) 456M->368M(454M) 1.146ms
[13739.097s][info][gc,cpu         ] GC(34617) User=0.00s Sys=0.00s Real=0.00s
[13739.363s][info][gc,start       ] GC(34618) Pause Young (Allocation Failure)
[13739.364s][info][gc,heap        ] GC(34618) PSYoungGen: 87792K(88064K)->240K(202752K) Eden: 87552K(87552K)->0K(202240K) From: 240K(512K)->240K(512K)
[13739.364s][info][gc,heap        ] GC(34618) ParOldGen: 377133K(377344K)->377149K(377344K)
[13739.364s][info][gc,metaspace   ] GC(34618) Metaspace: 8795K(9024K)->8795K(9024K) NonClass: 8143K(8320K)->8143K(8320K) Class: 652K(704K)->652K(704K)
[13739.364s][info][gc             ] GC(34618) Pause Young (Allocation Failure) 454M->368M(566M) 1.246ms
[13739.364s][info][gc,cpu         ] GC(34618) User=0.01s Sys=0.00s Real=0.00s
[13739.994s][info][gc,start       ] GC(34619) Pause Young (Allocation Failure)
[13739.996s][info][gc,heap        ] GC(34619) PSYoungGen: 202480K(202752K)->224K(195584K) Eden: 202240K(202240K)->0K(195072K) From: 240K(512K)->224K(512K)
[13739.996s][info][gc,heap        ] GC(34619) ParOldGen: 377149K(377344K)->377165K(377344K)
[13739.996s][info][gc,metaspace   ] GC(34619) Metaspace: 8795K(9024K)->8795K(9024K) NonClass: 8143K(8320K)->8143K(8320K) Class: 652K(704K)->652K(704K)
[13739.996s][info][gc             ] GC(34619) Pause Young (Allocation Failure) 566M->368M(559M) 1.325ms
[13739.996s][info][gc,cpu         ] GC(34619) User=0.01s Sys=0.00s Real=0.00s
[13740.619s][info][gc,start       ] GC(34620) Pause Young (Allocation Failure)
[13740.620s][info][gc,heap        ] GC(34620) PSYoungGen: 195296K(195584K)->240K(188416K) Eden: 195072K(195072K)->0K(187904K) From: 224K(512K)->240K(512K)
[13740.620s][info][gc,heap        ] GC(34620) ParOldGen: 377165K(377344K)->377181K(377344K)
[13740.620s][info][gc,metaspace   ] GC(34620) Metaspace: 8795K(9024K)->8795K(9024K) NonClass: 8143K(8320K)->8143K(8320K) Class: 652K(704K)->652K(704K)
[13740.620s][info][gc             ] GC(34620) Pause Young (Allocation Failure) 559M->368M(552M) 1.202ms
[13740.620s][info][gc,cpu         ] GC(34620) User=0.00s Sys=0.00s Real=0.00s
[13741.235s][info][gc,start       ] GC(34621) Pause Young (Allocation Failure)
[13741.236s][info][gc,heap        ] GC(34621) PSYoungGen: 188144K(188416K)->256K(181760K) Eden: 187904K(187904K)->0K(181248K) From: 240K(512K)->256K(512K)
[13741.236s][info][gc,heap        ] GC(34621) ParOldGen: 377181K(377344K)->377197K(377344K)
[13741.236s][info][gc,metaspace   ] GC(34621) Metaspace: 8795K(9024K)->8795K(9024K) NonClass: 8143K(8320K)->8143K(8320K) Class: 652K(704K)->652K(704K)
[13741.236s][info][gc             ] GC(34621) Pause Young (Allocation Failure) 552M->368M(546M) 1.249ms
[13741.236s][info][gc,cpu         ] GC(34621) User=0.00s Sys=0.00s Real=0.00s
[13741.780s][info][gc,start       ] GC(34622) Pause Young (Allocation Failure)
[13741.781s][info][gc,heap        ] GC(34622) PSYoungGen: 181504K(181760K)->256K(175104K) Eden: 181248K(181248K)->0K(174592K) From: 256K(512K)->256K(512K)
[13741.781s][info][gc,heap        ] GC(34622) ParOldGen: 377197K(377344K)->377213K(377344K)
[13741.781s][info][gc,metaspace   ] GC(34622) Metaspace: 8795K(9024K)->8795K(9024K) NonClass: 8143K(8320K)->8143K(8320K) Class: 652K(704K)->652K(704K)
[13741.781s][info][gc             ] GC(34622) Pause Young (Allocation Failure) 545M->368M(539M) 1.224ms
[13741.781s][info][gc,cpu         ] GC(34622) User=0.00s Sys=0.00s Real=0.01s
[13742.354s][info][gc,start       ] GC(34623) Pause Young (Allocation Failure)
[13742.356s][info][gc,heap        ] GC(34623) PSYoungGen: 174848K(175104K)->256K(168960K) Eden: 174592K(174592K)->0K(168448K) From: 256K(512K)->256K(512K)
[13742.356s][info][gc,heap        ] GC(34623) ParOldGen: 377213K(377344K)->377229K(377344K)
[13742.356s][info][gc,metaspace   ] GC(34623) Metaspace: 8795K(9024K)->8795K(9024K) NonClass: 8143K(8320K)->8143K(8320K) Class: 652K(704K)->652K(704K)
[13742.356s][info][gc             ] GC(34623) Pause Young (Allocation Failure) 539M->368M(533M) 1.597ms
[13742.356s][info][gc,cpu         ] GC(34623) User=0.00s Sys=0.00s Real=0.00s
[13742.859s][info][gc,start       ] GC(34624) Pause Young (Allocation Failure)
[13742.861s][info][gc,heap        ] GC(34624) PSYoungGen: 168704K(168960K)->256K(163328K) Eden: 168448K(168448K)->0K(162816K) From: 256K(512K)->256K(512K)
[13742.861s][info][gc,heap        ] GC(34624) ParOldGen: 377229K(377344K)->377245K(377344K)
[13742.861s][info][gc,metaspace   ] GC(34624) Metaspace: 8795K(9024K)->8795K(9024K) NonClass: 8143K(8320K)->8143K(8320K) Class: 652K(704K)->652K(704K)
[13742.861s][info][gc             ] GC(34624) Pause Young (Allocation Failure) 533M->368M(528M) 1.229ms
[13742.861s][info][gc,cpu         ] GC(34624) User=0.00s Sys=0.00s Real=0.01s
[13743.379s][info][gc,start       ] GC(34625) Pause Young (Allocation Failure)
[13743.381s][info][gc,heap        ] GC(34625) PSYoungGen: 163072K(163328K)->256K(157696K) Eden: 162816K(162816K)->0K(157184K) From: 256K(512K)->256K(512K)
[13743.381s][info][gc,heap        ] GC(34625) ParOldGen: 377245K(377344K)->377261K(377344K)
[13743.381s][info][gc,metaspace   ] GC(34625) Metaspace: 8795K(9024K)->8795K(9024K) NonClass: 8143K(8320K)->8143K(8320K) Class: 652K(704K)->652K(704K)
[13743.381s][info][gc             ] GC(34625) Pause Young (Allocation Failure) 527M->368M(522M) 1.302ms
[13743.381s][info][gc,cpu         ] GC(34625) User=0.00s Sys=0.00s Real=0.01s
[13743.913s][info][gc,start       ] GC(34626) Pause Young (Allocation Failure)
[13743.914s][info][gc,heap        ] GC(34626) PSYoungGen: 157440K(157696K)->256K(152576K) Eden: 157184K(157184K)->0K(152064K) From: 256K(512K)->256K(512K)
[13743.914s][info][gc,heap        ] GC(34626) ParOldGen: 377261K(377344K)->377277K(377344K)
[13743.914s][info][gc,metaspace   ] GC(34626) Metaspace: 8795K(9024K)->8795K(9024K) NonClass: 8143K(8320K)->8143K(8320K) Class: 652K(704K)->652K(704K)
[13743.914s][info][gc             ] GC(34626) Pause Young (Allocation Failure) 522M->368M(517M) 1.289ms
[13743.914s][info][gc,cpu         ] GC(34626) User=0.00s Sys=0.00s Real=0.00s
[13744.417s][info][gc,start       ] GC(34627) Pause Young (Allocation Failure)
[13744.420s][info][gc,heap        ] GC(34627) PSYoungGen: 152320K(152576K)->272K(147456K) Eden: 152064K(152064K)->0K(146944K) From: 256K(512K)->272K(512K)
[13744.420s][info][gc,heap        ] GC(34627) ParOldGen: 377277K(377344K)->377293K(377344K)
[13744.420s][info][gc,metaspace   ] GC(34627) Metaspace: 8795K(9024K)->8795K(9024K) NonClass: 8143K(8320K)->8143K(8320K) Class: 652K(704K)->652K(704K)
[13744.420s][info][gc             ] GC(34627) Pause Young (Allocation Failure) 517M->368M(512M) 2.500ms
[13744.420s][info][gc,cpu         ] GC(34627) User=0.00s Sys=0.00s Real=0.00s
[13744.838s][info][gc,start       ] GC(34628) Pause Young (Allocation Failure)
[13744.839s][info][gc,heap        ] GC(34628) PSYoungGen: 147216K(147456K)->224K(142848K) Eden: 146944K(146944K)->0K(142336K) From: 272K(512K)->224K(512K)
[13744.839s][info][gc,heap        ] GC(34628) ParOldGen: 377293K(377344K)->377309K(377344K)
[13744.839s][info][gc,metaspace   ] GC(34628) Metaspace: 8795K(9024K)->8795K(9024K) NonClass: 8143K(8320K)->8143K(8320K) Class: 652K(704K)->652K(704K)
[13744.839s][info][gc             ] GC(34628) Pause Young (Allocation Failure) 512M->368M(508M) 1.155ms
[13744.839s][info][gc,cpu         ] GC(34628) User=0.01s Sys=0.00s Real=0.00s
[13745.297s][info][gc,start       ] GC(34629) Pause Young (Allocation Failure)
[13745.299s][info][gc,heap        ] GC(34629) PSYoungGen: 142560K(142848K)->240K(138240K) Eden: 142336K(142336K)->0K(137728K) From: 224K(512K)->240K(512K)
[13745.299s][info][gc,heap        ] GC(34629) ParOldGen: 377309K(377344K)->377325K(377344K)
[13745.299s][info][gc,metaspace   ] GC(34629) Metaspace: 8795K(9024K)->8795K(9024K) NonClass: 8143K(8320K)->8143K(8320K) Class: 652K(704K)->652K(704K)
[13745.299s][info][gc             ] GC(34629) Pause Young (Allocation Failure) 507M->368M(503M) 1.467ms
[13745.299s][info][gc,cpu         ] GC(34629) User=0.00s Sys=0.00s Real=0.00s
[13745.730s][info][gc,start       ] GC(34630) Pause Young (Allocation Failure)
[13745.731s][info][gc,heap        ] GC(34630) PSYoungGen: 137968K(138240K)->240K(133632K) Eden: 137728K(137728K)->0K(133120K) From: 240K(512K)->240K(512K)
[13745.731s][info][gc,heap        ] GC(34630) ParOldGen: 377325K(377344K)->377341K(377344K)
[13745.731s][info][gc,metaspace   ] GC(34630) Metaspace: 8795K(9024K)->8795K(9024K) NonClass: 8143K(8320K)->8143K(8320K) Class: 652K(704K)->652K(704K)
[13745.731s][info][gc             ] GC(34630) Pause Young (Allocation Failure) 503M->368M(499M) 1.272ms
[13745.731s][info][gc,cpu         ] GC(34630) User=0.01s Sys=0.00s Real=0.01s
[13746.141s][info][gc,start       ] GC(34631) Pause Young (Allocation Failure)
[13746.143s][info][gc,heap        ] GC(34631) PSYoungGen: 133360K(133632K)->288K(129536K) Eden: 133120K(133120K)->0K(129024K) From: 240K(512K)->288K(512K)
[13746.143s][info][gc,heap        ] GC(34631) ParOldGen: 377341K(377344K)->377357K(377856K)
[13746.143s][info][gc,metaspace   ] GC(34631) Metaspace: 8795K(9024K)->8795K(9024K) NonClass: 8143K(8320K)->8143K(8320K) Class: 652K(704K)->652K(704K)
[13746.143s][info][gc             ] GC(34631) Pause Young (Allocation Failure) 498M->368M(495M) 1.279ms
[13746.143s][info][gc,cpu         ] GC(34631) User=0.00s Sys=0.00s Real=0.00s
[13746.562s][info][gc,start       ] GC(34632) Pause Young (Allocation Failure)
[13746.563s][info][gc,heap        ] GC(34632) PSYoungGen: 129312K(129536K)->256K(125440K) Eden: 129024K(129024K)->0K(124928K) From: 288K(512K)->256K(512K)
[13746.563s][info][gc,heap        ] GC(34632) ParOldGen: 377357K(377856K)->377373K(377856K)
[13746.563s][info][gc,metaspace   ] GC(34632) Metaspace: 8795K(9024K)->8795K(9024K) NonClass: 8143K(8320K)->8143K(8320K) Class: 652K(704K)->652K(704K)
[13746.563s][info][gc             ] GC(34632) Pause Young (Allocation Failure) 494M->368M(491M) 1.572ms
[13746.563s][info][gc,cpu         ] GC(34632) User=0.01s Sys=0.00s Real=0.00s
[13746.994s][info][gc,start       ] GC(34633) Pause Young (Allocation Failure)
[13746.995s][info][gc,heap        ] GC(34633) PSYoungGen: 125184K(125440K)->256K(121344K) Eden: 124928K(124928K)->0K(120832K) From: 256K(512K)->256K(512K)
[13746.995s][info][gc,heap        ] GC(34633) ParOldGen: 377373K(377856K)->377389K(377856K)
[13746.995s][info][gc,metaspace   ] GC(34633) Metaspace: 8795K(9024K)->8795K(9024K) NonClass: 8143K(8320K)->8143K(8320K) Class: 652K(704K)->652K(704K)
[13746.995s][info][gc             ] GC(34633) Pause Young (Allocation Failure) 490M->368M(487M) 1.240ms
[13746.995s][info][gc,cpu         ] GC(34633) User=0.00s Sys=0.00s Real=0.00s
[13747.405s][info][gc,start       ] GC(34634) Pause Young (Allocation Failure)
[13747.406s][info][gc,heap        ] GC(34634) PSYoungGen: 121088K(121344K)->256K(117760K) Eden: 120832K(120832K)->0K(117248K) From: 256K(512K)->256K(512K)
[13747.406s][info][gc,heap        ] GC(34634) ParOldGen: 377389K(377856K)->377405K(377856K)
[13747.406s][info][gc,metaspace   ] GC(34634) Metaspace: 8795K(9024K)->8795K(9024K) NonClass: 8143K(8320K)->8143K(8320K) Class: 652K(704K)->652K(704K)
[13747.406s][info][gc             ] GC(34634) Pause Young (Allocation Failure) 486M->368M(484M) 1.267ms
[13747.406s][info][gc,cpu         ] GC(34634) User=0.01s Sys=0.00s Real=0.00s
[13747.798s][info][gc,start       ] GC(34635) Pause Young (Allocation Failure)
[13747.800s][info][gc,heap        ] GC(34635) PSYoungGen: 117504K(117760K)->256K(114176K) Eden: 117248K(117248K)->0K(113664K) From: 256K(512K)->256K(512K)
[13747.800s][info][gc,heap        ] GC(34635) ParOldGen: 377405K(377856K)->377421K(377856K)
[13747.800s][info][gc,metaspace   ] GC(34635) Metaspace: 8795K(9024K)->8795K(9024K) NonClass: 8143K(8320K)->8143K(8320K) Class: 652K(704K)->652K(704K)
[13747.800s][info][gc             ] GC(34635) Pause Young (Allocation Failure) 483M->368M(480M) 1.339ms
[13747.800s][info][gc,cpu         ] GC(34635) User=0.00s Sys=0.00s Real=0.00s
[13748.163s][info][gc,start       ] GC(34636) Pause Young (Allocation Failure)
[13748.164s][info][gc,heap        ] GC(34636) PSYoungGen: 113920K(114176K)->240K(110592K) Eden: 113664K(113664K)->0K(110080K) From: 256K(512K)->240K(512K)
[13748.164s][info][gc,heap        ] GC(34636) ParOldGen: 377421K(377856K)->377437K(377856K)
[13748.164s][info][gc,metaspace   ] GC(34636) Metaspace: 8795K(9024K)->8795K(9024K) NonClass: 8143K(8320K)->8143K(8320K) Class: 652K(704K)->652K(704K)
[13748.164s][info][gc             ] GC(34636) Pause Young (Allocation Failure) 479M->368M(477M) 1.180ms
[13748.164s][info][gc,cpu         ] GC(34636) User=0.00s Sys=0.00s Real=0.00s
[13748.473s][info][gc,start       ] GC(34637) Pause Young (Allocation Failure)
[13748.474s][info][gc,heap        ] GC(34637) PSYoungGen: 110320K(110592K)->256K(107520K) Eden: 110080K(110080K)->0K(107008K) From: 240K(512K)->256K(512K)
[13748.474s][info][gc,heap        ] GC(34637) ParOldGen: 377437K(377856K)->377453K(377856K)
[13748.474s][info][gc,metaspace   ] GC(34637) Metaspace: 8795K(9024K)->8795K(9024K) NonClass: 8143K(8320K)->8143K(8320K) Class: 652K(704K)->652K(704K)
[13748.474s][info][gc             ] GC(34637) Pause Young (Allocation Failure) 476M->368M(474M) 1.140ms
[13748.474s][info][gc,cpu         ] GC(34637) User=0.00s Sys=0.00s Real=0.00s
[13748.787s][info][gc,start       ] GC(34638) Pause Young (Allocation Failure)
[13748.788s][info][gc,heap        ] GC(34638) PSYoungGen: 107264K(107520K)->240K(104448K) Eden: 107008K(107008K)->0K(103936K) From: 256K(512K)->240K(512K)
[13748.788s][info][gc,heap        ] GC(34638) ParOldGen: 377453K(377856K)->377469K(377856K)
[13748.788s][info][gc,metaspace   ] GC(34638) Metaspace: 8795K(9024K)->8795K(9024K) NonClass: 8143K(8320K)->8143K(8320K) Class: 652K(704K)->652K(704K)
[13748.788s][info][gc             ] GC(34638) Pause Young (Allocation Failure) 473M->368M(471M) 1.187ms
[13748.788s][info][gc,cpu         ] GC(34638) User=0.00s Sys=0.00s Real=0.00s
[13749.066s][info][gc,start       ] GC(34639) Pause Young (Allocation Failure)
[13749.067s][info][gc,heap        ] GC(34639) PSYoungGen: 104176K(104448K)->160K(101376K) Eden: 103936K(103936K)->0K(100864K) From: 240K(512K)->160K(512K)
[13749.067s][info][gc,heap        ] GC(34639) ParOldGen: 377469K(377856K)->377485K(377856K)
[13749.067s][info][gc,metaspace   ] GC(34639) Metaspace: 8795K(9024K)->8795K(9024K) NonClass: 8143K(8320K)->8143K(8320K) Class: 652K(704K)->652K(704K)
[13749.067s][info][gc             ] GC(34639) Pause Young (Allocation Failure) 470M->368M(468M) 1.581ms
[13749.067s][info][gc,cpu         ] GC(34639) User=0.00s Sys=0.00s Real=0.00s
[13749.352s][info][gc,start       ] GC(34640) Pause Young (Allocation Failure)
[13749.353s][info][gc,heap        ] GC(34640) PSYoungGen: 101024K(101376K)->256K(98304K) Eden: 100864K(100864K)->0K(97792K) From: 160K(512K)->256K(512K)
[13749.353s][info][gc,heap        ] GC(34640) ParOldGen: 377485K(377856K)->377501K(377856K)
[13749.353s][info][gc,metaspace   ] GC(34640) Metaspace: 8795K(9024K)->8795K(9024K) NonClass: 8143K(8320K)->8143K(8320K) Class: 652K(704K)->652K(704K)
[13749.353s][info][gc             ] GC(34640) Pause Young (Allocation Failure) 467M->368M(465M) 1.141ms
[13749.353s][info][gc,cpu         ] GC(34640) User=0.00s Sys=0.00s Real=0.00s
[13749.627s][info][gc,start       ] GC(34641) Pause Young (Allocation Failure)
[13749.629s][info][gc,heap        ] GC(34641) PSYoungGen: 98048K(98304K)->272K(95744K) Eden: 97792K(97792K)->0K(95232K) From: 256K(512K)->272K(512K)
[13749.629s][info][gc,heap        ] GC(34641) ParOldGen: 377501K(377856K)->377517K(377856K)
[13749.629s][info][gc,metaspace   ] GC(34641) Metaspace: 8795K(9024K)->8795K(9024K) NonClass: 8143K(8320K)->8143K(8320K) Class: 652K(704K)->652K(704K)
[13749.629s][info][gc             ] GC(34641) Pause Young (Allocation Failure) 464M->368M(462M) 2.123ms
[13749.629s][info][gc,cpu         ] GC(34641) User=0.00s Sys=0.00s Real=0.00s
[13749.890s][info][gc,start       ] GC(34642) Pause Young (Allocation Failure)
[13749.891s][info][gc,heap        ] GC(34642) PSYoungGen: 95504K(95744K)->272K(93184K) Eden: 95232K(95232K)->0K(92672K) From: 272K(512K)->272K(512K)
[13749.891s][info][gc,heap        ] GC(34642) ParOldGen: 377517K(377856K)->377533K(377856K)
[13749.891s][info][gc,metaspace   ] GC(34642) Metaspace: 8795K(9024K)->8795K(9024K) NonClass: 8143K(8320K)->8143K(8320K) Class: 652K(704K)->652K(704K)
[13749.891s][info][gc             ] GC(34642) Pause Young (Allocation Failure) 461M->368M(460M) 1.160ms
[13749.891s][info][gc,cpu         ] GC(34642) User=0.00s Sys=0.00s Real=0.01s
[13750.175s][info][gc,start       ] GC(34643) Pause Young (Allocation Failure)
[13750.176s][info][gc,heap        ] GC(34643) PSYoungGen: 92944K(93184K)->256K(90624K) Eden: 92672K(92672K)->0K(90112K) From: 272K(512K)->256K(512K)
[13750.176s][info][gc,heap        ] GC(34643) ParOldGen: 377533K(377856K)->377549K(377856K)
[13750.176s][info][gc,metaspace   ] GC(34643) Metaspace: 8795K(9024K)->8795K(9024K) NonClass: 8143K(8320K)->8143K(8320K) Class: 652K(704K)->652K(704K)
[13750.176s][info][gc             ] GC(34643) Pause Young (Allocation Failure) 459M->368M(457M) 1.140ms
[13750.176s][info][gc,cpu         ] GC(34643) User=0.00s Sys=0.00s Real=0.00s
[13750.443s][info][gc,start       ] GC(34644) Pause Young (Allocation Failure)
[13750.445s][info][gc,heap        ] GC(34644) PSYoungGen: 90368K(90624K)->256K(88064K) Eden: 90112K(90112K)->0K(87552K) From: 256K(512K)->256K(512K)
[13750.445s][info][gc,heap        ] GC(34644) ParOldGen: 377549K(377856K)->377565K(377856K)
[13750.446s][info][gc,metaspace   ] GC(34644) Metaspace: 8795K(9024K)->8795K(9024K) NonClass: 8143K(8320K)->8143K(8320K) Class: 652K(704K)->652K(704K)
[13750.446s][info][gc             ] GC(34644) Pause Young (Allocation Failure) 456M->368M(455M) 2.481ms
[13750.446s][info][gc,cpu         ] GC(34644) User=0.01s Sys=0.00s Real=0.00s
[13750.694s][info][gc,start       ] GC(34645) Pause Young (Allocation Failure)
[13750.696s][info][gc,heap        ] GC(34645) PSYoungGen: 87808K(88064K)->272K(202752K) Eden: 87552K(87552K)->0K(202240K) From: 256K(512K)->272K(512K)
[13750.696s][info][gc,heap        ] GC(34645) ParOldGen: 377565K(377856K)->377581K(377856K)
[13750.696s][info][gc,metaspace   ] GC(34645) Metaspace: 8795K(9024K)->8795K(9024K) NonClass: 8143K(8320K)->8143K(8320K) Class: 652K(704K)->652K(704K)
[13750.696s][info][gc             ] GC(34645) Pause Young (Allocation Failure) 454M->368M(567M) 2.303ms
[13750.696s][info][gc,cpu         ] GC(34645) User=0.01s Sys=0.00s Real=0.00s
[13751.322s][info][gc,start       ] GC(34646) Pause Young (Allocation Failure)
[13751.325s][info][gc,heap        ] GC(34646) PSYoungGen: 202512K(202752K)->256K(195584K) Eden: 202240K(202240K)->0K(195072K) From: 272K(512K)->256K(512K)
[13751.325s][info][gc,heap        ] GC(34646) ParOldGen: 377581K(377856K)->377597K(377856K)
[13751.325s][info][gc,metaspace   ] GC(34646) Metaspace: 8795K(9024K)->8795K(9024K) NonClass: 8143K(8320K)->8143K(8320K) Class: 652K(704K)->652K(704K)
[13751.325s][info][gc             ] GC(34646) Pause Young (Allocation Failure) 566M->368M(560M) 2.745ms
[13751.325s][info][gc,cpu         ] GC(34646) User=0.01s Sys=0.00s Real=0.00s
[13751.871s][info][gc,start       ] GC(34647) Pause Young (Allocation Failure)
[13751.874s][info][gc,heap        ] GC(34647) PSYoungGen: 195328K(195584K)->256K(188416K) Eden: 195072K(195072K)->0K(187904K) From: 256K(512K)->256K(512K)
[13751.874s][info][gc,heap        ] GC(34647) ParOldGen: 377597K(377856K)->377613K(377856K)
[13751.874s][info][gc,metaspace   ] GC(34647) Metaspace: 8795K(9024K)->8795K(9024K) NonClass: 8143K(8320K)->8143K(8320K) Class: 652K(704K)->652K(704K)
[13751.874s][info][gc             ] GC(34647) Pause Young (Allocation Failure) 559M->369M(553M) 2.965ms
[13751.874s][info][gc,cpu         ] GC(34647) User=0.00s Sys=0.00s Real=0.00s
[13752.394s][info][gc,start       ] GC(34648) Pause Young (Allocation Failure)
[13752.396s][info][gc,heap        ] GC(34648) PSYoungGen: 188160K(188416K)->272K(181760K) Eden: 187904K(187904K)->0K(181248K) From: 256K(512K)->272K(512K)
[13752.396s][info][gc,heap        ] GC(34648) ParOldGen: 377613K(377856K)->377629K(377856K)
[13752.396s][info][gc,metaspace   ] GC(34648) Metaspace: 8795K(9024K)->8795K(9024K) NonClass: 8143K(8320K)->8143K(8320K) Class: 652K(704K)->652K(704K)
[13752.396s][info][gc             ] GC(34648) Pause Young (Allocation Failure) 552M->369M(546M) 2.093ms
[13752.396s][info][gc,cpu         ] GC(34648) User=0.00s Sys=0.00s Real=0.00s
[13752.910s][info][gc,start       ] GC(34649) Pause Young (Allocation Failure)
[13752.912s][info][gc,heap        ] GC(34649) PSYoungGen: 181520K(181760K)->240K(175104K) Eden: 181248K(181248K)->0K(174592K) From: 272K(512K)->240K(512K)
[13752.912s][info][gc,heap        ] GC(34649) ParOldGen: 377629K(377856K)->377645K(377856K)
[13752.912s][info][gc,metaspace   ] GC(34649) Metaspace: 8795K(9024K)->8795K(9024K) NonClass: 8143K(8320K)->8143K(8320K) Class: 652K(704K)->652K(704K)
[13752.912s][info][gc             ] GC(34649) Pause Young (Allocation Failure) 546M->369M(540M) 2.084ms
[13752.912s][info][gc,cpu         ] GC(34649) User=0.00s Sys=0.00s Real=0.01s
[13753.464s][info][gc,start       ] GC(34650) Pause Young (Allocation Failure)
[13753.466s][info][gc,heap        ] GC(34650) PSYoungGen: 174832K(175104K)->256K(168960K) Eden: 174592K(174592K)->0K(168448K) From: 240K(512K)->256K(512K)
[13753.466s][info][gc,heap        ] GC(34650) ParOldGen: 377645K(377856K)->377661K(377856K)
[13753.466s][info][gc,metaspace   ] GC(34650) Metaspace: 8795K(9024K)->8795K(9024K) NonClass: 8143K(8320K)->8143K(8320K) Class: 652K(704K)->652K(704K)
[13753.466s][info][gc             ] GC(34650) Pause Young (Allocation Failure) 539M->369M(534M) 2.237ms
[13753.466s][info][gc,cpu         ] GC(34650) User=0.00s Sys=0.01s Real=0.00s
[13753.967s][info][gc,start       ] GC(34651) Pause Young (Allocation Failure)
[13753.968s][info][gc,heap        ] GC(34651) PSYoungGen: 168704K(168960K)->256K(163328K) Eden: 168448K(168448K)->0K(162816K) From: 256K(512K)->256K(512K)
[13753.968s][info][gc,heap        ] GC(34651) ParOldGen: 377661K(377856K)->377677K(377856K)
[13753.968s][info][gc,metaspace   ] GC(34651) Metaspace: 8795K(9024K)->8795K(9024K) NonClass: 8143K(8320K)->8143K(8320K) Class: 652K(704K)->652K(704K)
[13753.968s][info][gc             ] GC(34651) Pause Young (Allocation Failure) 533M->369M(528M) 1.295ms
[13753.968s][info][gc,cpu         ] GC(34651) User=0.01s Sys=0.00s Real=0.00s
[13754.452s][info][gc,start       ] GC(34652) Pause Young (Allocation Failure)
[13754.453s][info][gc,heap        ] GC(34652) PSYoungGen: 163072K(163328K)->256K(157696K) Eden: 162816K(162816K)->0K(157184K) From: 256K(512K)->256K(512K)
[13754.453s][info][gc,heap        ] GC(34652) ParOldGen: 377677K(377856K)->377693K(377856K)
[13754.453s][info][gc,metaspace   ] GC(34652) Metaspace: 8795K(9024K)->8795K(9024K) NonClass: 8143K(8320K)->8143K(8320K) Class: 652K(704K)->652K(704K)
[13754.453s][info][gc             ] GC(34652) Pause Young (Allocation Failure) 528M->369M(523M) 1.143ms
[13754.453s][info][gc,cpu         ] GC(34652) User=0.00s Sys=0.00s Real=0.00s
[13754.892s][info][gc,start       ] GC(34653) Pause Young (Allocation Failure)
[13754.894s][info][gc,heap        ] GC(34653) PSYoungGen: 157440K(157696K)->272K(152576K) Eden: 157184K(157184K)->0K(152064K) From: 256K(512K)->272K(512K)
[13754.894s][info][gc,heap        ] GC(34653) ParOldGen: 377693K(377856K)->377709K(377856K)
[13754.894s][info][gc,metaspace   ] GC(34653) Metaspace: 8795K(9024K)->8795K(9024K) NonClass: 8143K(8320K)->8143K(8320K) Class: 652K(704K)->652K(704K)
[13754.894s][info][gc             ] GC(34653) Pause Young (Allocation Failure) 522M->369M(518M) 2.065ms
[13754.894s][info][gc,cpu         ] GC(34653) User=0.01s Sys=0.00s Real=0.00s
[13755.313s][info][gc,start       ] GC(34654) Pause Young (Allocation Failure)
[13755.314s][info][gc,heap        ] GC(34654) PSYoungGen: 152336K(152576K)->256K(147456K) Eden: 152064K(152064K)->0K(146944K) From: 272K(512K)->256K(512K)
[13755.314s][info][gc,heap        ] GC(34654) ParOldGen: 377709K(377856K)->377725K(377856K)
[13755.314s][info][gc,metaspace   ] GC(34654) Metaspace: 8795K(9024K)->8795K(9024K) NonClass: 8143K(8320K)->8143K(8320K) Class: 652K(704K)->652K(704K)
[13755.314s][info][gc             ] GC(34654) Pause Young (Allocation Failure) 517M->369M(513M) 1.168ms
[13755.314s][info][gc,cpu         ] GC(34654) User=0.00s Sys=0.00s Real=0.00s
[13755.748s][info][gc,start       ] GC(34655) Pause Young (Allocation Failure)
[13755.749s][info][gc,heap        ] GC(34655) PSYoungGen: 147200K(147456K)->256K(142848K) Eden: 146944K(146944K)->0K(142336K) From: 256K(512K)->256K(512K)
[13755.749s][info][gc,heap        ] GC(34655) ParOldGen: 377725K(377856K)->377741K(377856K)
[13755.749s][info][gc,metaspace   ] GC(34655) Metaspace: 8795K(9024K)->8795K(9024K) NonClass: 8143K(8320K)->8143K(8320K) Class: 652K(704K)->652K(704K)
[13755.749s][info][gc             ] GC(34655) Pause Young (Allocation Failure) 512M->369M(508M) 1.147ms
[13755.749s][info][gc,cpu         ] GC(34655) User=0.00s Sys=0.00s Real=0.00s
[13756.141s][info][gc,start       ] GC(34656) Pause Young (Allocation Failure)
[13756.142s][info][gc,heap        ] GC(34656) PSYoungGen: 142592K(142848K)->256K(138240K) Eden: 142336K(142336K)->0K(137728K) From: 256K(512K)->256K(512K)
[13756.142s][info][gc,heap        ] GC(34656) ParOldGen: 377741K(377856K)->377757K(377856K)
[13756.142s][info][gc,metaspace   ] GC(34656) Metaspace: 8795K(9024K)->8795K(9024K) NonClass: 8143K(8320K)->8143K(8320K) Class: 652K(704K)->652K(704K)
[13756.142s][info][gc             ] GC(34656) Pause Young (Allocation Failure) 508M->369M(504M) 1.164ms
[13756.142s][info][gc,cpu         ] GC(34656) User=0.00s Sys=0.00s Real=0.00s
[13756.565s][info][gc,start       ] GC(34657) Pause Young (Allocation Failure)
[13756.566s][info][gc,heap        ] GC(34657) PSYoungGen: 137984K(138240K)->240K(133632K) Eden: 137728K(137728K)->0K(133120K) From: 256K(512K)->240K(512K)
[13756.566s][info][gc,heap        ] GC(34657) ParOldGen: 377757K(377856K)->377773K(377856K)
[13756.566s][info][gc,metaspace   ] GC(34657) Metaspace: 8795K(9024K)->8795K(9024K) NonClass: 8143K(8320K)->8143K(8320K) Class: 652K(704K)->652K(704K)
[13756.566s][info][gc             ] GC(34657) Pause Young (Allocation Failure) 503M->369M(499M) 1.150ms
[13756.566s][info][gc,cpu         ] GC(34657) User=0.00s Sys=0.00s Real=0.00s
[13756.942s][info][gc,start       ] GC(34658) Pause Young (Allocation Failure)
[13756.944s][info][gc,heap        ] GC(34658) PSYoungGen: 133360K(133632K)->288K(129536K) Eden: 133120K(133120K)->0K(129024K) From: 240K(512K)->288K(512K)
[13756.944s][info][gc,heap        ] GC(34658) ParOldGen: 377773K(377856K)->377789K(377856K)
[13756.944s][info][gc,metaspace   ] GC(34658) Metaspace: 8795K(9024K)->8795K(9024K) NonClass: 8143K(8320K)->8143K(8320K) Class: 652K(704K)->652K(704K)
[13756.944s][info][gc             ] GC(34658) Pause Young (Allocation Failure) 499M->369M(495M) 2.092ms
[13756.944s][info][gc,cpu         ] GC(34658) User=0.00s Sys=0.00s Real=0.00s
[13757.325s][info][gc,start       ] GC(34659) Pause Young (Allocation Failure)
[13757.327s][info][gc,heap        ] GC(34659) PSYoungGen: 129312K(129536K)->272K(125440K) Eden: 129024K(129024K)->0K(124928K) From: 288K(512K)->272K(512K)
[13757.327s][info][gc,heap        ] GC(34659) ParOldGen: 377789K(377856K)->377805K(377856K)
[13757.327s][info][gc,metaspace   ] GC(34659) Metaspace: 8795K(9024K)->8795K(9024K) NonClass: 8143K(8320K)->8143K(8320K) Class: 652K(704K)->652K(704K)
[13757.327s][info][gc             ] GC(34659) Pause Young (Allocation Failure) 495M->369M(491M) 2.414ms
[13757.327s][info][gc,cpu         ] GC(34659) User=0.00s Sys=0.00s Real=0.00s
[13757.701s][info][gc,start       ] GC(34660) Pause Young (Allocation Failure)
[13757.703s][info][gc,heap        ] GC(34660) PSYoungGen: 125200K(125440K)->272K(121344K) Eden: 124928K(124928K)->0K(120832K) From: 272K(512K)->272K(512K)
[13757.703s][info][gc,heap        ] GC(34660) ParOldGen: 377805K(377856K)->377821K(377856K)
[13757.703s][info][gc,metaspace   ] GC(34660) Metaspace: 8795K(9024K)->8795K(9024K) NonClass: 8143K(8320K)->8143K(8320K) Class: 652K(704K)->652K(704K)
[13757.703s][info][gc             ] GC(34660) Pause Young (Allocation Failure) 491M->369M(487M) 2.529ms
[13757.703s][info][gc,cpu         ] GC(34660) User=0.00s Sys=0.00s Real=0.00s
[13758.056s][info][gc,start       ] GC(34661) Pause Young (Allocation Failure)
[13758.059s][info][gc,heap        ] GC(34661) PSYoungGen: 121104K(121344K)->272K(117760K) Eden: 120832K(120832K)->0K(117248K) From: 272K(512K)->272K(512K)
[13758.059s][info][gc,heap        ] GC(34661) ParOldGen: 377821K(377856K)->377837K(377856K)
[13758.059s][info][gc,metaspace   ] GC(34661) Metaspace: 8795K(9024K)->8795K(9024K) NonClass: 8143K(8320K)->8143K(8320K) Class: 652K(704K)->652K(704K)
[13758.059s][info][gc             ] GC(34661) Pause Young (Allocation Failure) 487M->369M(484M) 2.634ms
[13758.059s][info][gc,cpu         ] GC(34661) User=0.00s Sys=0.00s Real=0.00s
[13758.394s][info][gc,start       ] GC(34662) Pause Young (Allocation Failure)
[13758.396s][info][gc,heap        ] GC(34662) PSYoungGen: 117520K(117760K)->272K(114176K) Eden: 117248K(117248K)->0K(113664K) From: 272K(512K)->272K(512K)
[13758.396s][info][gc,heap        ] GC(34662) ParOldGen: 377837K(377856K)->377853K(377856K)
[13758.396s][info][gc,metaspace   ] GC(34662) Metaspace: 8795K(9024K)->8795K(9024K) NonClass: 8143K(8320K)->8143K(8320K) Class: 652K(704K)->652K(704K)
[13758.396s][info][gc             ] GC(34662) Pause Young (Allocation Failure) 483M->369M(480M) 2.194ms
[13758.396s][info][gc,cpu         ] GC(34662) User=0.00s Sys=0.00s Real=0.00s
[13758.736s][info][gc,start       ] GC(34663) Pause Young (Allocation Failure)
[13758.738s][info][gc,heap        ] GC(34663) PSYoungGen: 113936K(114176K)->272K(110592K) Eden: 113664K(113664K)->0K(110080K) From: 272K(512K)->272K(512K)
[13758.738s][info][gc,heap        ] GC(34663) ParOldGen: 377853K(377856K)->377861K(378368K)
[13758.738s][info][gc,metaspace   ] GC(34663) Metaspace: 8795K(9024K)->8795K(9024K) NonClass: 8143K(8320K)->8143K(8320K) Class: 652K(704K)->652K(704K)
[13758.739s][info][gc             ] GC(34663) Pause Young (Allocation Failure) 480M->369M(477M) 2.213ms
[13758.739s][info][gc,cpu         ] GC(34663) User=0.00s Sys=0.00s Real=0.00s
[13759.040s][info][gc,start       ] GC(34664) Pause Young (Allocation Failure)
[13759.041s][info][gc,heap        ] GC(34664) PSYoungGen: 110352K(110592K)->288K(107520K) Eden: 110080K(110080K)->0K(107008K) From: 272K(512K)->288K(512K)
[13759.041s][info][gc,heap        ] GC(34664) ParOldGen: 377861K(378368K)->377877K(378368K)
[13759.041s][info][gc,metaspace   ] GC(34664) Metaspace: 8795K(9024K)->8795K(9024K) NonClass: 8143K(8320K)->8143K(8320K) Class: 652K(704K)->652K(704K)
[13759.041s][info][gc             ] GC(34664) Pause Young (Allocation Failure) 476M->369M(474M) 1.193ms
[13759.041s][info][gc,cpu         ] GC(34664) User=0.00s Sys=0.00s Real=0.01s
[13759.356s][info][gc,start       ] GC(34665) Pause Young (Allocation Failure)
[13759.357s][info][gc,heap        ] GC(34665) PSYoungGen: 107296K(107520K)->256K(104448K) Eden: 107008K(107008K)->0K(103936K) From: 288K(512K)->256K(512K)
[13759.357s][info][gc,heap        ] GC(34665) ParOldGen: 377877K(378368K)->377893K(378368K)
[13759.357s][info][gc,metaspace   ] GC(34665) Metaspace: 8795K(9024K)->8795K(9024K) NonClass: 8143K(8320K)->8143K(8320K) Class: 652K(704K)->652K(704K)
[13759.357s][info][gc             ] GC(34665) Pause Young (Allocation Failure) 473M->369M(471M) 1.158ms
[13759.357s][info][gc,cpu         ] GC(34665) User=0.01s Sys=0.00s Real=0.00s
[13759.654s][info][gc,start       ] GC(34666) Pause Young (Allocation Failure)
[13759.656s][info][gc,heap        ] GC(34666) PSYoungGen: 104192K(104448K)->240K(101376K) Eden: 103936K(103936K)->0K(100864K) From: 256K(512K)->240K(512K)
[13759.656s][info][gc,heap        ] GC(34666) ParOldGen: 377893K(378368K)->377909K(378368K)
[13759.656s][info][gc,metaspace   ] GC(34666) Metaspace: 8795K(9024K)->8795K(9024K) NonClass: 8143K(8320K)->8143K(8320K) Class: 652K(704K)->652K(704K)
[13759.656s][info][gc             ] GC(34666) Pause Young (Allocation Failure) 470M->369M(468M) 1.214ms
[13759.656s][info][gc,cpu         ] GC(34666) User=0.00s Sys=0.00s Real=0.00s
[13759.965s][info][gc,start       ] GC(34667) Pause Young (Allocation Failure)
[13759.967s][info][gc,heap        ] GC(34667) PSYoungGen: 101104K(101376K)->240K(98304K) Eden: 100864K(100864K)->0K(97792K) From: 240K(512K)->240K(512K)
[13759.967s][info][gc,heap        ] GC(34667) ParOldGen: 377909K(378368K)->377925K(378368K)
[13759.967s][info][gc,metaspace   ] GC(34667) Metaspace: 8795K(9024K)->8795K(9024K) NonClass: 8143K(8320K)->8143K(8320K) Class: 652K(704K)->652K(704K)
[13759.967s][info][gc             ] GC(34667) Pause Young (Allocation Failure) 467M->369M(465M) 1.190ms
[13759.967s][info][gc,cpu         ] GC(34667) User=0.00s Sys=0.00s Real=0.00s
[13760.246s][info][gc,start       ] GC(34668) Pause Young (Allocation Failure)
[13760.247s][info][gc,heap        ] GC(34668) PSYoungGen: 98032K(98304K)->80K(95744K) Eden: 97792K(97792K)->0K(95232K) From: 240K(512K)->80K(512K)
[13760.247s][info][gc,heap        ] GC(34668) ParOldGen: 377925K(378368K)->377941K(378368K)
[13760.247s][info][gc,metaspace   ] GC(34668) Metaspace: 8795K(9024K)->8795K(9024K) NonClass: 8143K(8320K)->8143K(8320K) Class: 652K(704K)->652K(704K)
[13760.247s][info][gc             ] GC(34668) Pause Young (Allocation Failure) 464M->369M(463M) 1.114ms
[13760.247s][info][gc,cpu         ] GC(34668) User=0.00s Sys=0.00s Real=0.00s
[13760.512s][info][gc,start       ] GC(34669) Pause Young (Allocation Failure)
[13760.513s][info][gc,heap        ] GC(34669) PSYoungGen: 95312K(95744K)->240K(93184K) Eden: 95232K(95232K)->0K(92672K) From: 80K(512K)->240K(512K)
[13760.513s][info][gc,heap        ] GC(34669) ParOldGen: 377941K(378368K)->377957K(378368K)
[13760.513s][info][gc,metaspace   ] GC(34669) Metaspace: 8795K(9024K)->8795K(9024K) NonClass: 8143K(8320K)->8143K(8320K) Class: 652K(704K)->652K(704K)
[13760.513s][info][gc             ] GC(34669) Pause Young (Allocation Failure) 462M->369M(460M) 1.276ms
[13760.513s][info][gc,cpu         ] GC(34669) User=0.00s Sys=0.00s Real=0.00s
[13760.780s][info][gc,start       ] GC(34670) Pause Young (Allocation Failure)
[13760.781s][info][gc,heap        ] GC(34670) PSYoungGen: 92912K(93184K)->256K(90624K) Eden: 92672K(92672K)->0K(90112K) From: 240K(512K)->256K(512K)
[13760.781s][info][gc,heap        ] GC(34670) ParOldGen: 377957K(378368K)->377973K(378368K)
[13760.781s][info][gc,metaspace   ] GC(34670) Metaspace: 8795K(9024K)->8795K(9024K) NonClass: 8143K(8320K)->8143K(8320K) Class: 652K(704K)->652K(704K)
[13760.781s][info][gc             ] GC(34670) Pause Young (Allocation Failure) 459M->369M(458M) 1.153ms
[13760.781s][info][gc,cpu         ] GC(34670) User=0.01s Sys=0.00s Real=0.01s
[13761.037s][info][gc,start       ] GC(34671) Pause Young (Allocation Failure)
[13761.039s][info][gc,heap        ] GC(34671) PSYoungGen: 90368K(90624K)->224K(88064K) Eden: 90112K(90112K)->0K(87552K) From: 256K(512K)->224K(512K)
[13761.039s][info][gc,heap        ] GC(34671) ParOldGen: 377973K(378368K)->377989K(378368K)
[13761.039s][info][gc,metaspace   ] GC(34671) Metaspace: 8795K(9024K)->8795K(9024K) NonClass: 8143K(8320K)->8143K(8320K) Class: 652K(704K)->652K(704K)
[13761.039s][info][gc             ] GC(34671) Pause Young (Allocation Failure) 457M->369M(455M) 1.164ms
[13761.039s][info][gc,cpu         ] GC(34671) User=0.01s Sys=0.00s Real=0.00s
[13761.295s][info][gc,start       ] GC(34672) Pause Young (Allocation Failure)
[13761.296s][info][gc,heap        ] GC(34672) PSYoungGen: 87776K(88064K)->224K(202752K) Eden: 87552K(87552K)->0K(202240K) From: 224K(512K)->224K(512K)
[13761.296s][info][gc,heap        ] GC(34672) ParOldGen: 377989K(378368K)->377997K(378368K)
[13761.296s][info][gc,metaspace   ] GC(34672) Metaspace: 8795K(9024K)->8795K(9024K) NonClass: 8143K(8320K)->8143K(8320K) Class: 652K(704K)->652K(704K)
[13761.296s][info][gc             ] GC(34672) Pause Young (Allocation Failure) 454M->369M(567M) 1.270ms
[13761.296s][info][gc,cpu         ] GC(34672) User=0.01s Sys=0.01s Real=0.00s
[13761.894s][info][gc,start       ] GC(34673) Pause Young (Allocation Failure)
[13761.895s][info][gc,heap        ] GC(34673) PSYoungGen: 202464K(202752K)->256K(195584K) Eden: 202240K(202240K)->0K(195072K) From: 224K(512K)->256K(512K)
[13761.895s][info][gc,heap        ] GC(34673) ParOldGen: 377997K(378368K)->378013K(378368K)
[13761.895s][info][gc,metaspace   ] GC(34673) Metaspace: 8795K(9024K)->8795K(9024K) NonClass: 8143K(8320K)->8143K(8320K) Class: 652K(704K)->652K(704K)
[13761.895s][info][gc             ] GC(34673) Pause Young (Allocation Failure) 566M->369M(560M) 1.556ms
[13761.895s][info][gc,cpu         ] GC(34673) User=0.01s Sys=0.01s Real=0.00s
[13762.457s][info][gc,start       ] GC(34674) Pause Young (Allocation Failure)
[13762.458s][info][gc,heap        ] GC(34674) PSYoungGen: 195328K(195584K)->224K(188416K) Eden: 195072K(195072K)->0K(187904K) From: 256K(512K)->224K(512K)
[13762.458s][info][gc,heap        ] GC(34674) ParOldGen: 378013K(378368K)->378029K(378368K)
[13762.458s][info][gc,metaspace   ] GC(34674) Metaspace: 8795K(9024K)->8795K(9024K) NonClass: 8143K(8320K)->8143K(8320K) Class: 652K(704K)->652K(704K)
[13762.458s][info][gc             ] GC(34674) Pause Young (Allocation Failure) 559M->369M(553M) 1.268ms
[13762.458s][info][gc,cpu         ] GC(34674) User=0.00s Sys=0.00s Real=0.00s
[13763.043s][info][gc,start       ] GC(34675) Pause Young (Allocation Failure)
[13763.045s][info][gc,heap        ] GC(34675) PSYoungGen: 188128K(188416K)->224K(181760K) Eden: 187904K(187904K)->0K(181248K) From: 224K(512K)->224K(512K)
[13763.045s][info][gc,heap        ] GC(34675) ParOldGen: 378029K(378368K)->378045K(378368K)
[13763.045s][info][gc,metaspace   ] GC(34675) Metaspace: 8795K(9024K)->8795K(9024K) NonClass: 8143K(8320K)->8143K(8320K) Class: 652K(704K)->652K(704K)
[13763.045s][info][gc             ] GC(34675) Pause Young (Allocation Failure) 552M->369M(547M) 1.274ms
[13763.045s][info][gc,cpu         ] GC(34675) User=0.00s Sys=0.00s Real=0.00s
[13763.613s][info][gc,start       ] GC(34676) Pause Young (Allocation Failure)
[13763.614s][info][gc,heap        ] GC(34676) PSYoungGen: 181472K(181760K)->256K(175104K) Eden: 181248K(181248K)->0K(174592K) From: 224K(512K)->256K(512K)
[13763.614s][info][gc,heap        ] GC(34676) ParOldGen: 378045K(378368K)->378061K(378368K)
[13763.614s][info][gc,metaspace   ] GC(34676) Metaspace: 8795K(9024K)->8795K(9024K) NonClass: 8143K(8320K)->8143K(8320K) Class: 652K(704K)->652K(704K)
[13763.614s][info][gc             ] GC(34676) Pause Young (Allocation Failure) 546M->369M(540M) 1.257ms
[13763.614s][info][gc,cpu         ] GC(34676) User=0.00s Sys=0.00s Real=0.00s
[13764.155s][info][gc,start       ] GC(34677) Pause Young (Allocation Failure)
[13764.156s][info][gc,heap        ] GC(34677) PSYoungGen: 174848K(175104K)->256K(168960K) Eden: 174592K(174592K)->0K(168448K) From: 256K(512K)->256K(512K)
[13764.156s][info][gc,heap        ] GC(34677) ParOldGen: 378061K(378368K)->378077K(378368K)
[13764.156s][info][gc,metaspace   ] GC(34677) Metaspace: 8795K(9024K)->8795K(9024K) NonClass: 8143K(8320K)->8143K(8320K) Class: 652K(704K)->652K(704K)
[13764.156s][info][gc             ] GC(34677) Pause Young (Allocation Failure) 539M->369M(534M) 1.269ms
[13764.156s][info][gc,cpu         ] GC(34677) User=0.00s Sys=0.00s Real=0.00s
[13764.743s][info][gc,start       ] GC(34678) Pause Young (Allocation Failure)
[13764.744s][info][gc,heap        ] GC(34678) PSYoungGen: 168704K(168960K)->256K(163328K) Eden: 168448K(168448K)->0K(162816K) From: 256K(512K)->256K(512K)
[13764.744s][info][gc,heap        ] GC(34678) ParOldGen: 378077K(378368K)->378093K(378368K)
[13764.744s][info][gc,metaspace   ] GC(34678) Metaspace: 8795K(9024K)->8795K(9024K) NonClass: 8143K(8320K)->8143K(8320K) Class: 652K(704K)->652K(704K)
[13764.744s][info][gc             ] GC(34678) Pause Young (Allocation Failure) 533M->369M(529M) 1.281ms
[13764.744s][info][gc,cpu         ] GC(34678) User=0.01s Sys=0.00s Real=0.00s
[13765.282s][info][gc,start       ] GC(34679) Pause Young (Allocation Failure)
[13765.283s][info][gc,heap        ] GC(34679) PSYoungGen: 163072K(163328K)->256K(157696K) Eden: 162816K(162816K)->0K(157184K) From: 256K(512K)->256K(512K)
[13765.283s][info][gc,heap        ] GC(34679) ParOldGen: 378093K(378368K)->378109K(378368K)
[13765.283s][info][gc,metaspace   ] GC(34679) Metaspace: 8795K(9024K)->8795K(9024K) NonClass: 8143K(8320K)->8143K(8320K) Class: 652K(704K)->652K(704K)
[13765.283s][info][gc             ] GC(34679) Pause Young (Allocation Failure) 528M->369M(523M) 1.259ms
[13765.283s][info][gc,cpu         ] GC(34679) User=0.00s Sys=0.00s Real=0.00s
[13765.792s][info][gc,start       ] GC(34680) Pause Young (Allocation Failure)
[13765.793s][info][gc,heap        ] GC(34680) PSYoungGen: 157440K(157696K)->240K(152576K) Eden: 157184K(157184K)->0K(152064K) From: 256K(512K)->240K(512K)
[13765.793s][info][gc,heap        ] GC(34680) ParOldGen: 378109K(378368K)->378125K(378368K)
[13765.793s][info][gc,metaspace   ] GC(34680) Metaspace: 8795K(9024K)->8795K(9024K) NonClass: 8143K(8320K)->8143K(8320K) Class: 652K(704K)->652K(704K)
[13765.793s][info][gc             ] GC(34680) Pause Young (Allocation Failure) 522M->369M(518M) 1.279ms
[13765.793s][info][gc,cpu         ] GC(34680) User=0.00s Sys=0.00s Real=0.00s
[13766.280s][info][gc,start       ] GC(34681) Pause Young (Allocation Failure)
[13766.282s][info][gc,heap        ] GC(34681) PSYoungGen: 152304K(152576K)->304K(147456K) Eden: 152064K(152064K)->0K(146944K) From: 240K(512K)->304K(512K)
[13766.282s][info][gc,heap        ] GC(34681) ParOldGen: 378125K(378368K)->378141K(378368K)
[13766.282s][info][gc,metaspace   ] GC(34681) Metaspace: 8795K(9024K)->8795K(9024K) NonClass: 8143K(8320K)->8143K(8320K) Class: 652K(704K)->652K(704K)
[13766.282s][info][gc             ] GC(34681) Pause Young (Allocation Failure) 517M->369M(513M) 2.283ms
[13766.282s][info][gc,cpu         ] GC(34681) User=0.00s Sys=0.00s Real=0.01s
[13766.741s][info][gc,start       ] GC(34682) Pause Young (Allocation Failure)
[13766.743s][info][gc,heap        ] GC(34682) PSYoungGen: 147248K(147456K)->288K(142848K) Eden: 146944K(146944K)->0K(142336K) From: 304K(512K)->288K(512K)
[13766.743s][info][gc,heap        ] GC(34682) ParOldGen: 378141K(378368K)->378157K(378368K)
[13766.743s][info][gc,metaspace   ] GC(34682) Metaspace: 8795K(9024K)->8795K(9024K) NonClass: 8143K(8320K)->8143K(8320K) Class: 652K(704K)->652K(704K)
[13766.743s][info][gc             ] GC(34682) Pause Young (Allocation Failure) 513M->369M(509M) 2.260ms
[13766.743s][info][gc,cpu         ] GC(34682) User=0.00s Sys=0.00s Real=0.00s
[13767.209s][info][gc,start       ] GC(34683) Pause Young (Allocation Failure)
[13767.211s][info][gc,heap        ] GC(34683) PSYoungGen: 142624K(142848K)->288K(138240K) Eden: 142336K(142336K)->0K(137728K) From: 288K(512K)->288K(512K)
[13767.211s][info][gc,heap        ] GC(34683) ParOldGen: 378157K(378368K)->378173K(378368K)
[13767.211s][info][gc,metaspace   ] GC(34683) Metaspace: 8795K(9024K)->8795K(9024K) NonClass: 8143K(8320K)->8143K(8320K) Class: 652K(704K)->652K(704K)
[13767.211s][info][gc             ] GC(34683) Pause Young (Allocation Failure) 508M->369M(504M) 2.526ms
[13767.211s][info][gc,cpu         ] GC(34683) User=0.01s Sys=0.00s Real=0.01s
[13767.684s][info][gc,start       ] GC(34684) Pause Young (Allocation Failure)
[13767.686s][info][gc,heap        ] GC(34684) PSYoungGen: 138016K(138240K)->240K(133632K) Eden: 137728K(137728K)->0K(133120K) From: 288K(512K)->240K(512K)
[13767.686s][info][gc,heap        ] GC(34684) ParOldGen: 378173K(378368K)->378189K(378368K)
[13767.686s][info][gc,metaspace   ] GC(34684) Metaspace: 8795K(9024K)->8795K(9024K) NonClass: 8143K(8320K)->8143K(8320K) Class: 652K(704K)->652K(704K)
[13767.686s][info][gc             ] GC(34684) Pause Young (Allocation Failure) 504M->369M(500M) 1.645ms
[13767.686s][info][gc,cpu         ] GC(34684) User=0.00s Sys=0.00s Real=0.00s
[13768.112s][info][gc,start       ] GC(34685) Pause Young (Allocation Failure)
[13768.113s][info][gc,heap        ] GC(34685) PSYoungGen: 133360K(133632K)->240K(129536K) Eden: 133120K(133120K)->0K(129024K) From: 240K(512K)->240K(512K)
[13768.113s][info][gc,heap        ] GC(34685) ParOldGen: 378189K(378368K)->378205K(378368K)
[13768.113s][info][gc,metaspace   ] GC(34685) Metaspace: 8795K(9024K)->8795K(9024K) NonClass: 8143K(8320K)->8143K(8320K) Class: 652K(704K)->652K(704K)
[13768.113s][info][gc             ] GC(34685) Pause Young (Allocation Failure) 499M->369M(496M) 1.267ms
[13768.113s][info][gc,cpu         ] GC(34685) User=0.00s Sys=0.00s Real=0.00s
[13768.522s][info][gc,start       ] GC(34686) Pause Young (Allocation Failure)
[13768.523s][info][gc,heap        ] GC(34686) PSYoungGen: 129264K(129536K)->224K(125440K) Eden: 129024K(129024K)->0K(124928K) From: 240K(512K)->224K(512K)
[13768.523s][info][gc,heap        ] GC(34686) ParOldGen: 378205K(378368K)->378221K(378368K)
[13768.523s][info][gc,metaspace   ] GC(34686) Metaspace: 8795K(9024K)->8795K(9024K) NonClass: 8143K(8320K)->8143K(8320K) Class: 652K(704K)->652K(704K)
[13768.523s][info][gc             ] GC(34686) Pause Young (Allocation Failure) 495M->369M(492M) 1.227ms
[13768.523s][info][gc,cpu         ] GC(34686) User=0.00s Sys=0.00s Real=0.00s
[13768.912s][info][gc,start       ] GC(34687) Pause Young (Allocation Failure)
[13768.914s][info][gc,heap        ] GC(34687) PSYoungGen: 125152K(125440K)->272K(121344K) Eden: 124928K(124928K)->0K(120832K) From: 224K(512K)->272K(512K)
[13768.914s][info][gc,heap        ] GC(34687) ParOldGen: 378221K(378368K)->378237K(378368K)
[13768.914s][info][gc,metaspace   ] GC(34687) Metaspace: 8795K(9024K)->8795K(9024K) NonClass: 8143K(8320K)->8143K(8320K) Class: 652K(704K)->652K(704K)
[13768.914s][info][gc             ] GC(34687) Pause Young (Allocation Failure) 491M->369M(488M) 1.307ms
[13768.914s][info][gc,cpu         ] GC(34687) User=0.01s Sys=0.00s Real=0.00s
[13769.322s][info][gc,start       ] GC(34688) Pause Young (Allocation Failure)
[13769.323s][info][gc,heap        ] GC(34688) PSYoungGen: 121104K(121344K)->256K(117760K) Eden: 120832K(120832K)->0K(117248K) From: 272K(512K)->256K(512K)
[13769.323s][info][gc,heap        ] GC(34688) ParOldGen: 378237K(378368K)->378253K(378368K)
[13769.323s][info][gc,metaspace   ] GC(34688) Metaspace: 8795K(9024K)->8795K(9024K) NonClass: 8143K(8320K)->8143K(8320K) Class: 652K(704K)->652K(704K)
[13769.323s][info][gc             ] GC(34688) Pause Young (Allocation Failure) 487M->369M(484M) 1.284ms
[13769.323s][info][gc,cpu         ] GC(34688) User=0.00s Sys=0.00s Real=0.00s
[13769.719s][info][gc,start       ] GC(34689) Pause Young (Allocation Failure)
[13769.720s][info][gc,heap        ] GC(34689) PSYoungGen: 117504K(117760K)->256K(114176K) Eden: 117248K(117248K)->0K(113664K) From: 256K(512K)->256K(512K)
[13769.720s][info][gc,heap        ] GC(34689) ParOldGen: 378253K(378368K)->378269K(378368K)
[13769.720s][info][gc,metaspace   ] GC(34689) Metaspace: 8795K(9024K)->8795K(9024K) NonClass: 8143K(8320K)->8143K(8320K) Class: 652K(704K)->652K(704K)
[13769.720s][info][gc             ] GC(34689) Pause Young (Allocation Failure) 484M->369M(481M) 1.352ms
[13769.720s][info][gc,cpu         ] GC(34689) User=0.00s Sys=0.00s Real=0.01s
[13770.124s][info][gc,start       ] GC(34690) Pause Young (Allocation Failure)
[13770.125s][info][gc,heap        ] GC(34690) PSYoungGen: 113920K(114176K)->256K(110592K) Eden: 113664K(113664K)->0K(110080K) From: 256K(512K)->256K(512K)
[13770.125s][info][gc,heap        ] GC(34690) ParOldGen: 378269K(378368K)->378285K(378368K)
[13770.125s][info][gc,metaspace   ] GC(34690) Metaspace: 8795K(9024K)->8795K(9024K) NonClass: 8143K(8320K)->8143K(8320K) Class: 652K(704K)->652K(704K)
[13770.125s][info][gc             ] GC(34690) Pause Young (Allocation Failure) 480M->369M(477M) 1.283ms
[13770.125s][info][gc,cpu         ] GC(34690) User=0.00s Sys=0.00s Real=0.00s
[13770.520s][info][gc,start       ] GC(34691) Pause Young (Allocation Failure)
[13770.521s][info][gc,heap        ] GC(34691) PSYoungGen: 110336K(110592K)->256K(107520K) Eden: 110080K(110080K)->0K(107008K) From: 256K(512K)->256K(512K)
[13770.521s][info][gc,heap        ] GC(34691) ParOldGen: 378285K(378368K)->378301K(378368K)
[13770.521s][info][gc,metaspace   ] GC(34691) Metaspace: 8795K(9024K)->8795K(9024K) NonClass: 8143K(8320K)->8143K(8320K) Class: 652K(704K)->652K(704K)
[13770.521s][info][gc             ] GC(34691) Pause Young (Allocation Failure) 477M->369M(474M) 1.319ms
[13770.521s][info][gc,cpu         ] GC(34691) User=0.00s Sys=0.00s Real=0.01s
[13770.882s][info][gc,start       ] GC(34692) Pause Young (Allocation Failure)
[13770.883s][info][gc,heap        ] GC(34692) PSYoungGen: 107264K(107520K)->288K(104448K) Eden: 107008K(107008K)->0K(103936K) From: 256K(512K)->288K(512K)
[13770.883s][info][gc,heap        ] GC(34692) ParOldGen: 378301K(378368K)->378317K(378368K)
[13770.883s][info][gc,metaspace   ] GC(34692) Metaspace: 8795K(9024K)->8795K(9024K) NonClass: 8143K(8320K)->8143K(8320K) Class: 652K(704K)->652K(704K)
[13770.883s][info][gc             ] GC(34692) Pause Young (Allocation Failure) 474M->369M(471M) 1.299ms
[13770.883s][info][gc,cpu         ] GC(34692) User=0.00s Sys=0.01s Real=0.00s
[13771.230s][info][gc,start       ] GC(34693) Pause Young (Allocation Failure)
[13771.232s][info][gc,heap        ] GC(34693) PSYoungGen: 104224K(104448K)->256K(101376K) Eden: 103936K(103936K)->0K(100864K) From: 288K(512K)->256K(512K)
[13771.232s][info][gc,heap        ] GC(34693) ParOldGen: 378317K(378368K)->378333K(378368K)
[13771.232s][info][gc,metaspace   ] GC(34693) Metaspace: 8795K(9024K)->8795K(9024K) NonClass: 8143K(8320K)->8143K(8320K) Class: 652K(704K)->652K(704K)
[13771.232s][info][gc             ] GC(34693) Pause Young (Allocation Failure) 471M->369M(468M) 1.669ms
[13771.232s][info][gc,cpu         ] GC(34693) User=0.00s Sys=0.00s Real=0.00s
[13771.594s][info][gc,start       ] GC(34694) Pause Young (Allocation Failure)
[13771.596s][info][gc,heap        ] GC(34694) PSYoungGen: 101120K(101376K)->272K(98304K) Eden: 100864K(100864K)->0K(97792K) From: 256K(512K)->272K(512K)
[13771.596s][info][gc,heap        ] GC(34694) ParOldGen: 378333K(378368K)->378349K(378368K)
[13771.596s][info][gc,metaspace   ] GC(34694) Metaspace: 8795K(9024K)->8795K(9024K) NonClass: 8143K(8320K)->8143K(8320K) Class: 652K(704K)->652K(704K)
[13771.596s][info][gc             ] GC(34694) Pause Young (Allocation Failure) 468M->369M(465M) 2.396ms
[13771.596s][info][gc,cpu         ] GC(34694) User=0.00s Sys=0.00s Real=0.00s
[13771.907s][info][gc,start       ] GC(34695) Pause Young (Allocation Failure)
[13771.909s][info][gc,heap        ] GC(34695) PSYoungGen: 98064K(98304K)->272K(95744K) Eden: 97792K(97792K)->0K(95232K) From: 272K(512K)->272K(512K)
[13771.909s][info][gc,heap        ] GC(34695) ParOldGen: 378349K(378368K)->378365K(378368K)
[13771.909s][info][gc,metaspace   ] GC(34695) Metaspace: 8795K(9024K)->8795K(9024K) NonClass: 8143K(8320K)->8143K(8320K) Class: 652K(704K)->652K(704K)
[13771.909s][info][gc             ] GC(34695) Pause Young (Allocation Failure) 465M->369M(463M) 2.429ms
[13771.909s][info][gc,cpu         ] GC(34695) User=0.01s Sys=0.00s Real=0.00s
[13772.221s][info][gc,start       ] GC(34696) Pause Young (Allocation Failure)
[13772.224s][info][gc,heap        ] GC(34696) PSYoungGen: 95504K(95744K)->304K(93184K) Eden: 95232K(95232K)->0K(92672K) From: 272K(512K)->304K(512K)
[13772.224s][info][gc,heap        ] GC(34696) ParOldGen: 378365K(378368K)->378381K(378880K)
[13772.224s][info][gc,metaspace   ] GC(34696) Metaspace: 8795K(9024K)->8795K(9024K) NonClass: 8143K(8320K)->8143K(8320K) Class: 652K(704K)->652K(704K)
[13772.224s][info][gc             ] GC(34696) Pause Young (Allocation Failure) 462M->369M(461M) 2.534ms
[13772.224s][info][gc,cpu         ] GC(34696) User=0.00s Sys=0.00s Real=0.00s
[13772.576s][info][gc,start       ] GC(34697) Pause Young (Allocation Failure)
[13772.578s][info][gc,heap        ] GC(34697) PSYoungGen: 92976K(93184K)->272K(90624K) Eden: 92672K(92672K)->0K(90112K) From: 304K(512K)->272K(512K)
[13772.578s][info][gc,heap        ] GC(34697) ParOldGen: 378381K(378880K)->378397K(378880K)
[13772.578s][info][gc,metaspace   ] GC(34697) Metaspace: 8795K(9024K)->8795K(9024K) NonClass: 8143K(8320K)->8143K(8320K) Class: 652K(704K)->652K(704K)
[13772.578s][info][gc             ] GC(34697) Pause Young (Allocation Failure) 460M->369M(458M) 2.866ms
[13772.579s][info][gc,cpu         ] GC(34697) User=0.00s Sys=0.00s Real=0.00s
[13772.915s][info][gc,start       ] GC(34698) Pause Young (Allocation Failure)
[13772.917s][info][gc,heap        ] GC(34698) PSYoungGen: 90384K(90624K)->272K(88064K) Eden: 90112K(90112K)->0K(87552K) From: 272K(512K)->272K(512K)
[13772.917s][info][gc,heap        ] GC(34698) ParOldGen: 378397K(378880K)->378413K(378880K)
[13772.917s][info][gc,metaspace   ] GC(34698) Metaspace: 8795K(9024K)->8795K(9024K) NonClass: 8143K(8320K)->8143K(8320K) Class: 652K(704K)->652K(704K)
[13772.917s][info][gc             ] GC(34698) Pause Young (Allocation Failure) 457M->369M(456M) 2.507ms
[13772.917s][info][gc,cpu         ] GC(34698) User=0.01s Sys=0.00s Real=0.00s
[13773.211s][info][gc,start       ] GC(34699) Pause Young (Allocation Failure)
[13773.213s][info][gc,heap        ] GC(34699) PSYoungGen: 87824K(88064K)->240K(202752K) Eden: 87552K(87552K)->0K(202240K) From: 272K(512K)->240K(512K)
[13773.213s][info][gc,heap        ] GC(34699) ParOldGen: 378413K(378880K)->378421K(378880K)
[13773.213s][info][gc,metaspace   ] GC(34699) Metaspace: 8795K(9024K)->8795K(9024K) NonClass: 8143K(8320K)->8143K(8320K) Class: 652K(704K)->652K(704K)
[13773.213s][info][gc             ] GC(34699) Pause Young (Allocation Failure) 455M->369M(568M) 1.755ms
[13773.213s][info][gc,cpu         ] GC(34699) User=0.00s Sys=0.00s Real=0.00s
[13773.877s][info][gc,start       ] GC(34700) Pause Young (Allocation Failure)
[13773.879s][info][gc,heap        ] GC(34700) PSYoungGen: 202480K(202752K)->288K(195584K) Eden: 202240K(202240K)->0K(195072K) From: 240K(512K)->288K(512K)
[13773.879s][info][gc,heap        ] GC(34700) ParOldGen: 378421K(378880K)->378437K(378880K)
[13773.879s][info][gc,metaspace   ] GC(34700) Metaspace: 8795K(9024K)->8795K(9024K) NonClass: 8143K(8320K)->8143K(8320K) Class: 652K(704K)->652K(704K)
[13773.879s][info][gc             ] GC(34700) Pause Young (Allocation Failure) 567M->369M(561M) 1.690ms
[13773.879s][info][gc,cpu         ] GC(34700) User=0.01s Sys=0.00s Real=0.00s
[13774.527s][info][gc,start       ] GC(34701) Pause Young (Allocation Failure)
[13774.528s][info][gc,heap        ] GC(34701) PSYoungGen: 195360K(195584K)->224K(188416K) Eden: 195072K(195072K)->0K(187904K) From: 288K(512K)->224K(512K)
[13774.528s][info][gc,heap        ] GC(34701) ParOldGen: 378437K(378880K)->378453K(378880K)
[13774.528s][info][gc,metaspace   ] GC(34701) Metaspace: 8795K(9024K)->8795K(9024K) NonClass: 8143K(8320K)->8143K(8320K) Class: 652K(704K)->652K(704K)
[13774.528s][info][gc             ] GC(34701) Pause Young (Allocation Failure) 560M->369M(554M) 1.284ms
[13774.528s][info][gc,cpu         ] GC(34701) User=0.00s Sys=0.00s Real=0.00s
[13775.130s][info][gc,start       ] GC(34702) Pause Young (Allocation Failure)
[13775.131s][info][gc,heap        ] GC(34702) PSYoungGen: 188128K(188416K)->256K(181760K) Eden: 187904K(187904K)->0K(181248K) From: 224K(512K)->256K(512K)
[13775.132s][info][gc,heap        ] GC(34702) ParOldGen: 378453K(378880K)->378469K(378880K)
[13775.132s][info][gc,metaspace   ] GC(34702) Metaspace: 8795K(9024K)->8795K(9024K) NonClass: 8143K(8320K)->8143K(8320K) Class: 652K(704K)->652K(704K)
[13775.132s][info][gc             ] GC(34702) Pause Young (Allocation Failure) 553M->369M(547M) 1.264ms
[13775.132s][info][gc,cpu         ] GC(34702) User=0.00s Sys=0.00s Real=0.00s
[13775.697s][info][gc,start       ] GC(34703) Pause Young (Allocation Failure)
[13775.698s][info][gc,heap        ] GC(34703) PSYoungGen: 181504K(181760K)->288K(175104K) Eden: 181248K(181248K)->0K(174592K) From: 256K(512K)->288K(512K)
[13775.698s][info][gc,heap        ] GC(34703) ParOldGen: 378469K(378880K)->378485K(378880K)
[13775.699s][info][gc,metaspace   ] GC(34703) Metaspace: 8795K(9024K)->8795K(9024K) NonClass: 8143K(8320K)->8143K(8320K) Class: 652K(704K)->652K(704K)
[13775.699s][info][gc             ] GC(34703) Pause Young (Allocation Failure) 546M->369M(541M) 1.352ms
[13775.699s][info][gc,cpu         ] GC(34703) User=0.00s Sys=0.01s Real=0.00s
[13776.274s][info][gc,start       ] GC(34704) Pause Young (Allocation Failure)
[13776.276s][info][gc,heap        ] GC(34704) PSYoungGen: 174880K(175104K)->256K(168960K) Eden: 174592K(174592K)->0K(168448K) From: 288K(512K)->256K(512K)
[13776.276s][info][gc,heap        ] GC(34704) ParOldGen: 378485K(378880K)->378493K(378880K)
[13776.276s][info][gc,metaspace   ] GC(34704) Metaspace: 8795K(9024K)->8795K(9024K) NonClass: 8143K(8320K)->8143K(8320K) Class: 652K(704K)->652K(704K)
[13776.276s][info][gc             ] GC(34704) Pause Young (Allocation Failure) 540M->369M(535M) 1.774ms
[13776.276s][info][gc,cpu         ] GC(34704) User=0.00s Sys=0.00s Real=0.00s
[13776.835s][info][gc,start       ] GC(34705) Pause Young (Allocation Failure)
[13776.836s][info][gc,heap        ] GC(34705) PSYoungGen: 168704K(168960K)->240K(163328K) Eden: 168448K(168448K)->0K(162816K) From: 256K(512K)->240K(512K)
[13776.836s][info][gc,heap        ] GC(34705) ParOldGen: 378493K(378880K)->378509K(378880K)
[13776.836s][info][gc,metaspace   ] GC(34705) Metaspace: 8795K(9024K)->8795K(9024K) NonClass: 8143K(8320K)->8143K(8320K) Class: 652K(704K)->652K(704K)
[13776.836s][info][gc             ] GC(34705) Pause Young (Allocation Failure) 534M->369M(529M) 1.322ms
[13776.836s][info][gc,cpu         ] GC(34705) User=0.00s Sys=0.00s Real=0.00s
[13777.432s][info][gc,start       ] GC(34706) Pause Young (Allocation Failure)
[13777.433s][info][gc,heap        ] GC(34706) PSYoungGen: 163056K(163328K)->240K(157696K) Eden: 162816K(162816K)->0K(157184K) From: 240K(512K)->240K(512K)
[13777.433s][info][gc,heap        ] GC(34706) ParOldGen: 378509K(378880K)->378525K(378880K)
[13777.433s][info][gc,metaspace   ] GC(34706) Metaspace: 8795K(9024K)->8795K(9024K) NonClass: 8143K(8320K)->8143K(8320K) Class: 652K(704K)->652K(704K)
[13777.433s][info][gc             ] GC(34706) Pause Young (Allocation Failure) 528M->369M(524M) 1.284ms
[13777.433s][info][gc,cpu         ] GC(34706) User=0.01s Sys=0.00s Real=0.00s
[13777.964s][info][gc,start       ] GC(34707) Pause Young (Allocation Failure)
[13777.965s][info][gc,heap        ] GC(34707) PSYoungGen: 157424K(157696K)->240K(152576K) Eden: 157184K(157184K)->0K(152064K) From: 240K(512K)->240K(512K)
[13777.965s][info][gc,heap        ] GC(34707) ParOldGen: 378525K(378880K)->378541K(378880K)
[13777.965s][info][gc,metaspace   ] GC(34707) Metaspace: 8795K(9024K)->8795K(9024K) NonClass: 8143K(8320K)->8143K(8320K) Class: 652K(704K)->652K(704K)
[13777.965s][info][gc             ] GC(34707) Pause Young (Allocation Failure) 523M->369M(519M) 1.288ms
[13777.965s][info][gc,cpu         ] GC(34707) User=0.00s Sys=0.00s Real=0.00s
[13778.445s][info][gc,start       ] GC(34708) Pause Young (Allocation Failure)
[13778.448s][info][gc,heap        ] GC(34708) PSYoungGen: 152304K(152576K)->272K(147456K) Eden: 152064K(152064K)->0K(146944K) From: 240K(512K)->272K(512K)
[13778.448s][info][gc,heap        ] GC(34708) ParOldGen: 378541K(378880K)->378557K(378880K)
[13778.448s][info][gc,metaspace   ] GC(34708) Metaspace: 8795K(9024K)->8795K(9024K) NonClass: 8143K(8320K)->8143K(8320K) Class: 652K(704K)->652K(704K)
[13778.448s][info][gc             ] GC(34708) Pause Young (Allocation Failure) 518M->369M(514M) 2.252ms
[13778.448s][info][gc,cpu         ] GC(34708) User=0.00s Sys=0.00s Real=0.00s
[13778.905s][info][gc,start       ] GC(34709) Pause Young (Allocation Failure)
[13778.907s][info][gc,heap        ] GC(34709) PSYoungGen: 147216K(147456K)->256K(142848K) Eden: 146944K(146944K)->0K(142336K) From: 272K(512K)->256K(512K)
[13778.907s][info][gc,heap        ] GC(34709) ParOldGen: 378557K(378880K)->378573K(378880K)
[13778.907s][info][gc,metaspace   ] GC(34709) Metaspace: 8795K(9024K)->8795K(9024K) NonClass: 8143K(8320K)->8143K(8320K) Class: 652K(704K)->652K(704K)
[13778.907s][info][gc             ] GC(34709) Pause Young (Allocation Failure) 513M->369M(509M) 2.284ms
[13778.907s][info][gc,cpu         ] GC(34709) User=0.00s Sys=0.00s Real=0.00s
[13779.351s][info][gc,start       ] GC(34710) Pause Young (Allocation Failure)
[13779.353s][info][gc,heap        ] GC(34710) PSYoungGen: 142592K(142848K)->272K(138240K) Eden: 142336K(142336K)->0K(137728K) From: 256K(512K)->272K(512K)
[13779.353s][info][gc,heap        ] GC(34710) ParOldGen: 378573K(378880K)->378589K(378880K)
[13779.353s][info][gc,metaspace   ] GC(34710) Metaspace: 8795K(9024K)->8795K(9024K) NonClass: 8143K(8320K)->8143K(8320K) Class: 652K(704K)->652K(704K)
[13779.353s][info][gc             ] GC(34710) Pause Young (Allocation Failure) 508M->369M(505M) 2.197ms
[13779.353s][info][gc,cpu         ] GC(34710) User=0.00s Sys=0.00s Real=0.00s
[13779.805s][info][gc,start       ] GC(34711) Pause Young (Allocation Failure)
[13779.806s][info][gc,heap        ] GC(34711) PSYoungGen: 138000K(138240K)->240K(133632K) Eden: 137728K(137728K)->0K(133120K) From: 272K(512K)->240K(512K)
[13779.806s][info][gc,heap        ] GC(34711) ParOldGen: 378589K(378880K)->378605K(378880K)
[13779.806s][info][gc,metaspace   ] GC(34711) Metaspace: 8795K(9024K)->8795K(9024K) NonClass: 8143K(8320K)->8143K(8320K) Class: 652K(704K)->652K(704K)
[13779.806s][info][gc             ] GC(34711) Pause Young (Allocation Failure) 504M->369M(500M) 1.375ms
[13779.806s][info][gc,cpu         ] GC(34711) User=0.01s Sys=0.00s Real=0.00s
[13780.228s][info][gc,start       ] GC(34712) Pause Young (Allocation Failure)
[13780.229s][info][gc,heap        ] GC(34712) PSYoungGen: 133360K(133632K)->240K(129536K) Eden: 133120K(133120K)->0K(129024K) From: 240K(512K)->240K(512K)
[13780.229s][info][gc,heap        ] GC(34712) ParOldGen: 378605K(378880K)->378621K(378880K)
[13780.229s][info][gc,metaspace   ] GC(34712) Metaspace: 8795K(9024K)->8795K(9024K) NonClass: 8143K(8320K)->8143K(8320K) Class: 652K(704K)->652K(704K)
[13780.229s][info][gc             ] GC(34712) Pause Young (Allocation Failure) 499M->369M(496M) 1.268ms
[13780.229s][info][gc,cpu         ] GC(34712) User=0.00s Sys=0.00s Real=0.00s
[13780.658s][info][gc,start       ] GC(34713) Pause Young (Allocation Failure)
[13780.659s][info][gc,heap        ] GC(34713) PSYoungGen: 129264K(129536K)->224K(125440K) Eden: 129024K(129024K)->0K(124928K) From: 240K(512K)->224K(512K)
[13780.659s][info][gc,heap        ] GC(34713) ParOldGen: 378621K(378880K)->378637K(378880K)
[13780.659s][info][gc,metaspace   ] GC(34713) Metaspace: 8795K(9024K)->8795K(9024K) NonClass: 8143K(8320K)->8143K(8320K) Class: 652K(704K)->652K(704K)
[13780.659s][info][gc             ] GC(34713) Pause Young (Allocation Failure) 495M->369M(492M) 1.361ms
[13780.659s][info][gc,cpu         ] GC(34713) User=0.00s Sys=0.00s Real=0.00s
[13781.089s][info][gc,start       ] GC(34714) Pause Young (Allocation Failure)
[13781.091s][info][gc,heap        ] GC(34714) PSYoungGen: 125152K(125440K)->240K(121344K) Eden: 124928K(124928K)->0K(120832K) From: 224K(512K)->240K(512K)
[13781.091s][info][gc,heap        ] GC(34714) ParOldGen: 378637K(378880K)->378653K(378880K)
[13781.091s][info][gc,metaspace   ] GC(34714) Metaspace: 8795K(9024K)->8795K(9024K) NonClass: 8143K(8320K)->8143K(8320K) Class: 652K(704K)->652K(704K)
[13781.091s][info][gc             ] GC(34714) Pause Young (Allocation Failure) 491M->370M(488M) 1.293ms
[13781.091s][info][gc,cpu         ] GC(34714) User=0.01s Sys=0.00s Real=0.01s
[13781.482s][info][gc,start       ] GC(34715) Pause Young (Allocation Failure)
[13781.483s][info][gc,heap        ] GC(34715) PSYoungGen: 121072K(121344K)->256K(117760K) Eden: 120832K(120832K)->0K(117248K) From: 240K(512K)->256K(512K)
[13781.484s][info][gc,heap        ] GC(34715) ParOldGen: 378653K(378880K)->378669K(378880K)
[13781.484s][info][gc,metaspace   ] GC(34715) Metaspace: 8795K(9024K)->8795K(9024K) NonClass: 8143K(8320K)->8143K(8320K) Class: 652K(704K)->652K(704K)
[13781.484s][info][gc             ] GC(34715) Pause Young (Allocation Failure) 488M->370M(485M) 1.323ms
[13781.484s][info][gc,cpu         ] GC(34715) User=0.00s Sys=0.00s Real=0.00s
[13781.850s][info][gc,start       ] GC(34716) Pause Young (Allocation Failure)
[13781.851s][info][gc,heap        ] GC(34716) PSYoungGen: 117504K(117760K)->240K(114176K) Eden: 117248K(117248K)->0K(113664K) From: 256K(512K)->240K(512K)
[13781.851s][info][gc,heap        ] GC(34716) ParOldGen: 378669K(378880K)->378677K(378880K)
[13781.851s][info][gc,metaspace   ] GC(34716) Metaspace: 8795K(9024K)->8795K(9024K) NonClass: 8143K(8320K)->8143K(8320K) Class: 652K(704K)->652K(704K)
[13781.851s][info][gc             ] GC(34716) Pause Young (Allocation Failure) 484M->370M(481M) 1.695ms
[13781.851s][info][gc,cpu         ] GC(34716) User=0.00s Sys=0.00s Real=0.01s
[13782.214s][info][gc,start       ] GC(34717) Pause Young (Allocation Failure)
[13782.215s][info][gc,heap        ] GC(34717) PSYoungGen: 113904K(114176K)->240K(110592K) Eden: 113664K(113664K)->0K(110080K) From: 240K(512K)->240K(512K)
[13782.215s][info][gc,heap        ] GC(34717) ParOldGen: 378677K(378880K)->378693K(378880K)
[13782.215s][info][gc,metaspace   ] GC(34717) Metaspace: 8795K(9024K)->8795K(9024K) NonClass: 8143K(8320K)->8143K(8320K) Class: 652K(704K)->652K(704K)
[13782.215s][info][gc             ] GC(34717) Pause Young (Allocation Failure) 481M->370M(478M) 1.286ms
[13782.215s][info][gc,cpu         ] GC(34717) User=0.00s Sys=0.00s Real=0.00s
[13782.576s][info][gc,start       ] GC(34718) Pause Young (Allocation Failure)
[13782.577s][info][gc,heap        ] GC(34718) PSYoungGen: 110320K(110592K)->288K(107520K) Eden: 110080K(110080K)->0K(107008K) From: 240K(512K)->288K(512K)
[13782.577s][info][gc,heap        ] GC(34718) ParOldGen: 378693K(378880K)->378709K(378880K)
[13782.577s][info][gc,metaspace   ] GC(34718) Metaspace: 8795K(9024K)->8795K(9024K) NonClass: 8143K(8320K)->8143K(8320K) Class: 652K(704K)->652K(704K)
[13782.577s][info][gc             ] GC(34718) Pause Young (Allocation Failure) 477M->370M(475M) 1.268ms
[13782.577s][info][gc,cpu         ] GC(34718) User=0.01s Sys=0.00s Real=0.00s
[13782.941s][info][gc,start       ] GC(34719) Pause Young (Allocation Failure)
[13782.942s][info][gc,heap        ] GC(34719) PSYoungGen: 107296K(107520K)->240K(104448K) Eden: 107008K(107008K)->0K(103936K) From: 288K(512K)->240K(512K)
[13782.942s][info][gc,heap        ] GC(34719) ParOldGen: 378709K(378880K)->378725K(378880K)
[13782.942s][info][gc,metaspace   ] GC(34719) Metaspace: 8795K(9024K)->8795K(9024K) NonClass: 8143K(8320K)->8143K(8320K) Class: 652K(704K)->652K(704K)
[13782.942s][info][gc             ] GC(34719) Pause Young (Allocation Failure) 474M->370M(472M) 1.318ms
[13782.942s][info][gc,cpu         ] GC(34719) User=0.00s Sys=0.00s Real=0.00s
[13783.273s][info][gc,start       ] GC(34720) Pause Young (Allocation Failure)
[13783.274s][info][gc,heap        ] GC(34720) PSYoungGen: 104176K(104448K)->256K(101376K) Eden: 103936K(103936K)->0K(100864K) From: 240K(512K)->256K(512K)
[13783.274s][info][gc,heap        ] GC(34720) ParOldGen: 378725K(378880K)->378741K(378880K)
[13783.274s][info][gc,metaspace   ] GC(34720) Metaspace: 8795K(9024K)->8795K(9024K) NonClass: 8143K(8320K)->8143K(8320K) Class: 652K(704K)->652K(704K)
[13783.274s][info][gc             ] GC(34720) Pause Young (Allocation Failure) 471M->370M(469M) 1.303ms
[13783.274s][info][gc,cpu         ] GC(34720) User=0.01s Sys=0.00s Real=0.00s
[13783.628s][info][gc,start       ] GC(34721) Pause Young (Allocation Failure)
[13783.631s][info][gc,heap        ] GC(34721) PSYoungGen: 101120K(101376K)->288K(98304K) Eden: 100864K(100864K)->0K(97792K) From: 256K(512K)->288K(512K)
[13783.631s][info][gc,heap        ] GC(34721) ParOldGen: 378741K(378880K)->378757K(378880K)
[13783.631s][info][gc,metaspace   ] GC(34721) Metaspace: 8795K(9024K)->8795K(9024K) NonClass: 8143K(8320K)->8143K(8320K) Class: 652K(704K)->652K(704K)
[13783.631s][info][gc             ] GC(34721) Pause Young (Allocation Failure) 468M->370M(466M) 2.300ms
[13783.631s][info][gc,cpu         ] GC(34721) User=0.01s Sys=0.00s Real=0.01s
[13783.920s][info][gc,start       ] GC(34722) Pause Young (Allocation Failure)
[13783.923s][info][gc,heap        ] GC(34722) PSYoungGen: 98080K(98304K)->256K(95744K) Eden: 97792K(97792K)->0K(95232K) From: 288K(512K)->256K(512K)
[13783.923s][info][gc,heap        ] GC(34722) ParOldGen: 378757K(378880K)->378773K(378880K)
[13783.923s][info][gc,metaspace   ] GC(34722) Metaspace: 8795K(9024K)->8795K(9024K) NonClass: 8143K(8320K)->8143K(8320K) Class: 652K(704K)->652K(704K)
[13783.923s][info][gc             ] GC(34722) Pause Young (Allocation Failure) 465M->370M(463M) 2.291ms
[13783.923s][info][gc,cpu         ] GC(34722) User=0.00s Sys=0.00s Real=0.00s
[13784.260s][info][gc,start       ] GC(34723) Pause Young (Allocation Failure)
[13784.262s][info][gc,heap        ] GC(34723) PSYoungGen: 95488K(95744K)->272K(93184K) Eden: 95232K(95232K)->0K(92672K) From: 256K(512K)->272K(512K)
[13784.263s][info][gc,heap        ] GC(34723) ParOldGen: 378773K(378880K)->378789K(378880K)
[13784.263s][info][gc,metaspace   ] GC(34723) Metaspace: 8795K(9024K)->8795K(9024K) NonClass: 8143K(8320K)->8143K(8320K) Class: 652K(704K)->652K(704K)
[13784.263s][info][gc             ] GC(34723) Pause Young (Allocation Failure) 463M->370M(461M) 2.246ms
[13784.263s][info][gc,cpu         ] GC(34723) User=0.00s Sys=0.00s Real=0.00s
[13784.577s][info][gc,start       ] GC(34724) Pause Young (Allocation Failure)
[13784.579s][info][gc,heap        ] GC(34724) PSYoungGen: 92944K(93184K)->272K(90624K) Eden: 92672K(92672K)->0K(90112K) From: 272K(512K)->272K(512K)
[13784.579s][info][gc,heap        ] GC(34724) ParOldGen: 378789K(378880K)->378805K(378880K)
[13784.579s][info][gc,metaspace   ] GC(34724) Metaspace: 8795K(9024K)->8795K(9024K) NonClass: 8143K(8320K)->8143K(8320K) Class: 652K(704K)->652K(704K)
[13784.579s][info][gc             ] GC(34724) Pause Young (Allocation Failure) 460M->370M(458M) 2.164ms
[13784.579s][info][gc,cpu         ] GC(34724) User=0.00s Sys=0.00s Real=0.00s
[13784.862s][info][gc,start       ] GC(34725) Pause Young (Allocation Failure)
[13784.864s][info][gc,heap        ] GC(34725) PSYoungGen: 90384K(90624K)->256K(88064K) Eden: 90112K(90112K)->0K(87552K) From: 272K(512K)->256K(512K)
[13784.864s][info][gc,heap        ] GC(34725) ParOldGen: 378805K(378880K)->378821K(378880K)
[13784.864s][info][gc,metaspace   ] GC(34725) Metaspace: 8795K(9024K)->8795K(9024K) NonClass: 8143K(8320K)->8143K(8320K) Class: 652K(704K)->652K(704K)
[13784.864s][info][gc             ] GC(34725) Pause Young (Allocation Failure) 458M->370M(456M) 2.290ms
[13784.864s][info][gc,cpu         ] GC(34725) User=0.00s Sys=0.00s Real=0.00s
[13785.156s][info][gc,start       ] GC(34726) Pause Young (Allocation Failure)
[13785.159s][info][gc,heap        ] GC(34726) PSYoungGen: 87808K(88064K)->240K(202752K) Eden: 87552K(87552K)->0K(202240K) From: 256K(512K)->240K(512K)
[13785.159s][info][gc,heap        ] GC(34726) ParOldGen: 378821K(378880K)->378837K(378880K)
[13785.159s][info][gc,metaspace   ] GC(34726) Metaspace: 8795K(9024K)->8795K(9024K) NonClass: 8143K(8320K)->8143K(8320K) Class: 652K(704K)->652K(704K)
[13785.159s][info][gc             ] GC(34726) Pause Young (Allocation Failure) 455M->370M(568M) 2.911ms
[13785.159s][info][gc,cpu         ] GC(34726) User=0.00s Sys=0.00s Real=0.00s
[13785.827s][info][gc,start       ] GC(34727) Pause Young (Allocation Failure)
[13785.828s][info][gc,heap        ] GC(34727) PSYoungGen: 202480K(202752K)->288K(195584K) Eden: 202240K(202240K)->0K(195072K) From: 240K(512K)->288K(512K)
[13785.828s][info][gc,heap        ] GC(34727) ParOldGen: 378837K(378880K)->378853K(378880K)
[13785.829s][info][gc,metaspace   ] GC(34727) Metaspace: 8795K(9024K)->8795K(9024K) NonClass: 8143K(8320K)->8143K(8320K) Class: 652K(704K)->652K(704K)
[13785.829s][info][gc             ] GC(34727) Pause Young (Allocation Failure) 567M->370M(561M) 1.730ms
[13785.829s][info][gc,cpu         ] GC(34727) User=0.00s Sys=0.00s Real=0.00s
[13786.445s][info][gc,start       ] GC(34728) Pause Young (Allocation Failure)
[13786.446s][info][gc,heap        ] GC(34728) PSYoungGen: 195360K(195584K)->240K(188416K) Eden: 195072K(195072K)->0K(187904K) From: 288K(512K)->240K(512K)
[13786.446s][info][gc,heap        ] GC(34728) ParOldGen: 378853K(378880K)->378869K(378880K)
[13786.446s][info][gc,metaspace   ] GC(34728) Metaspace: 8795K(9024K)->8795K(9024K) NonClass: 8143K(8320K)->8143K(8320K) Class: 652K(704K)->652K(704K)
[13786.446s][info][gc             ] GC(34728) Pause Young (Allocation Failure) 560M->370M(554M) 1.376ms
[13786.447s][info][gc,cpu         ] GC(34728) User=0.00s Sys=0.00s Real=0.00s
[13787.054s][info][gc,start       ] GC(34729) Pause Young (Allocation Failure)
[13787.056s][info][gc,heap        ] GC(34729) PSYoungGen: 188144K(188416K)->240K(181760K) Eden: 187904K(187904K)->0K(181248K) From: 240K(512K)->240K(512K)
[13787.056s][info][gc,heap        ] GC(34729) ParOldGen: 378869K(378880K)->378885K(379392K)
[13787.056s][info][gc,metaspace   ] GC(34729) Metaspace: 8795K(9024K)->8795K(9024K) NonClass: 8143K(8320K)->8143K(8320K) Class: 652K(704K)->652K(704K)
[13787.056s][info][gc             ] GC(34729) Pause Young (Allocation Failure) 553M->370M(548M) 1.740ms
[13787.056s][info][gc,cpu         ] GC(34729) User=0.01s Sys=0.00s Real=0.00s
[13787.639s][info][gc,start       ] GC(34730) Pause Young (Allocation Failure)
[13787.642s][info][gc,heap        ] GC(34730) PSYoungGen: 181488K(181760K)->272K(175104K) Eden: 181248K(181248K)->0K(174592K) From: 240K(512K)->272K(512K)
[13787.642s][info][gc,heap        ] GC(34730) ParOldGen: 378885K(379392K)->378901K(379392K)
[13787.642s][info][gc,metaspace   ] GC(34730) Metaspace: 8795K(9024K)->8795K(9024K) NonClass: 8143K(8320K)->8143K(8320K) Class: 652K(704K)->652K(704K)
[13787.642s][info][gc             ] GC(34730) Pause Young (Allocation Failure) 547M->370M(541M) 2.461ms
[13787.642s][info][gc,cpu         ] GC(34730) User=0.00s Sys=0.00s Real=0.01s
[13788.229s][info][gc,start       ] GC(34731) Pause Young (Allocation Failure)
[13788.231s][info][gc,heap        ] GC(34731) PSYoungGen: 174864K(175104K)->192K(168960K) Eden: 174592K(174592K)->0K(168448K) From: 272K(512K)->192K(512K)
[13788.231s][info][gc,heap        ] GC(34731) ParOldGen: 378901K(379392K)->378909K(379392K)
[13788.231s][info][gc,metaspace   ] GC(34731) Metaspace: 8795K(9024K)->8795K(9024K) NonClass: 8143K(8320K)->8143K(8320K) Class: 652K(704K)->652K(704K)
[13788.231s][info][gc             ] GC(34731) Pause Young (Allocation Failure) 540M->370M(535M) 1.865ms
[13788.231s][info][gc,cpu         ] GC(34731) User=0.01s Sys=0.00s Real=0.01s
[13788.803s][info][gc,start       ] GC(34732) Pause Young (Allocation Failure)
[13788.804s][info][gc,heap        ] GC(34732) PSYoungGen: 168640K(168960K)->240K(163328K) Eden: 168448K(168448K)->0K(162816K) From: 192K(512K)->240K(512K)
[13788.804s][info][gc,heap        ] GC(34732) ParOldGen: 378909K(379392K)->378925K(379392K)
[13788.804s][info][gc,metaspace   ] GC(34732) Metaspace: 8795K(9024K)->8795K(9024K) NonClass: 8143K(8320K)->8143K(8320K) Class: 652K(704K)->652K(704K)
[13788.804s][info][gc             ] GC(34732) Pause Young (Allocation Failure) 534M->370M(530M) 1.370ms
[13788.804s][info][gc,cpu         ] GC(34732) User=0.00s Sys=0.00s Real=0.00s
[13789.350s][info][gc,start       ] GC(34733) Pause Young (Allocation Failure)
[13789.351s][info][gc,heap        ] GC(34733) PSYoungGen: 163056K(163328K)->256K(157696K) Eden: 162816K(162816K)->0K(157184K) From: 240K(512K)->256K(512K)
[13789.351s][info][gc,heap        ] GC(34733) ParOldGen: 378925K(379392K)->378941K(379392K)
[13789.351s][info][gc,metaspace   ] GC(34733) Metaspace: 8795K(9024K)->8795K(9024K) NonClass: 8143K(8320K)->8143K(8320K) Class: 652K(704K)->652K(704K)
[13789.351s][info][gc             ] GC(34733) Pause Young (Allocation Failure) 529M->370M(524M) 1.291ms
[13789.351s][info][gc,cpu         ] GC(34733) User=0.00s Sys=0.00s Real=0.01s
[13789.862s][info][gc,start       ] GC(34734) Pause Young (Allocation Failure)
[13789.863s][info][gc,heap        ] GC(34734) PSYoungGen: 157440K(157696K)->272K(152576K) Eden: 157184K(157184K)->0K(152064K) From: 256K(512K)->272K(512K)
[13789.863s][info][gc,heap        ] GC(34734) ParOldGen: 378941K(379392K)->378957K(379392K)
[13789.863s][info][gc,metaspace   ] GC(34734) Metaspace: 8795K(9024K)->8795K(9024K) NonClass: 8143K(8320K)->8143K(8320K) Class: 652K(704K)->652K(704K)
[13789.863s][info][gc             ] GC(34734) Pause Young (Allocation Failure) 523M->370M(519M) 1.327ms
[13789.863s][info][gc,cpu         ] GC(34734) User=0.00s Sys=0.00s Real=0.00s
[13790.378s][info][gc,start       ] GC(34735) Pause Young (Allocation Failure)
[13790.379s][info][gc,heap        ] GC(34735) PSYoungGen: 152336K(152576K)->256K(147456K) Eden: 152064K(152064K)->0K(146944K) From: 272K(512K)->256K(512K)
[13790.379s][info][gc,heap        ] GC(34735) ParOldGen: 378957K(379392K)->378973K(379392K)
[13790.379s][info][gc,metaspace   ] GC(34735) Metaspace: 8795K(9024K)->8795K(9024K) NonClass: 8143K(8320K)->8143K(8320K) Class: 652K(704K)->652K(704K)
[13790.379s][info][gc             ] GC(34735) Pause Young (Allocation Failure) 518M->370M(514M) 1.365ms
[13790.379s][info][gc,cpu         ] GC(34735) User=0.00s Sys=0.00s Real=0.00s
[13790.854s][info][gc,start       ] GC(34736) Pause Young (Allocation Failure)
[13790.855s][info][gc,heap        ] GC(34736) PSYoungGen: 147200K(147456K)->256K(142848K) Eden: 146944K(146944K)->0K(142336K) From: 256K(512K)->256K(512K)
[13790.855s][info][gc,heap        ] GC(34736) ParOldGen: 378973K(379392K)->378989K(379392K)
[13790.855s][info][gc,metaspace   ] GC(34736) Metaspace: 8795K(9024K)->8795K(9024K) NonClass: 8143K(8320K)->8143K(8320K) Class: 652K(704K)->652K(704K)
[13790.855s][info][gc             ] GC(34736) Pause Young (Allocation Failure) 513M->370M(510M) 1.349ms
[13790.855s][info][gc,cpu         ] GC(34736) User=0.00s Sys=0.00s Real=0.00s
[13791.337s][info][gc,start       ] GC(34737) Pause Young (Allocation Failure)
[13791.338s][info][gc,heap        ] GC(34737) PSYoungGen: 142592K(142848K)->240K(138240K) Eden: 142336K(142336K)->0K(137728K) From: 256K(512K)->240K(512K)
[13791.338s][info][gc,heap        ] GC(34737) ParOldGen: 378989K(379392K)->379005K(379392K)
[13791.338s][info][gc,metaspace   ] GC(34737) Metaspace: 8795K(9024K)->8795K(9024K) NonClass: 8143K(8320K)->8143K(8320K) Class: 652K(704K)->652K(704K)
[13791.338s][info][gc             ] GC(34737) Pause Young (Allocation Failure) 509M->370M(505M) 1.355ms
[13791.338s][info][gc,cpu         ] GC(34737) User=0.01s Sys=0.00s Real=0.00s
[13791.781s][info][gc,start       ] GC(34738) Pause Young (Allocation Failure)
[13791.782s][info][gc,heap        ] GC(34738) PSYoungGen: 137968K(138240K)->256K(133632K) Eden: 137728K(137728K)->0K(133120K) From: 240K(512K)->256K(512K)
[13791.782s][info][gc,heap        ] GC(34738) ParOldGen: 379005K(379392K)->379021K(379392K)
[13791.782s][info][gc,metaspace   ] GC(34738) Metaspace: 8795K(9024K)->8795K(9024K) NonClass: 8143K(8320K)->8143K(8320K) Class: 652K(704K)->652K(704K)
[13791.782s][info][gc             ] GC(34738) Pause Young (Allocation Failure) 504M->370M(501M) 1.317ms
[13791.782s][info][gc,cpu         ] GC(34738) User=0.01s Sys=0.00s Real=0.00s
[13792.225s][info][gc,start       ] GC(34739) Pause Young (Allocation Failure)
[13792.227s][info][gc,heap        ] GC(34739) PSYoungGen: 133376K(133632K)->256K(129536K) Eden: 133120K(133120K)->0K(129024K) From: 256K(512K)->256K(512K)
[13792.227s][info][gc,heap        ] GC(34739) ParOldGen: 379021K(379392K)->379037K(379392K)
[13792.227s][info][gc,metaspace   ] GC(34739) Metaspace: 8795K(9024K)->8795K(9024K) NonClass: 8143K(8320K)->8143K(8320K) Class: 652K(704K)->652K(704K)
[13792.227s][info][gc             ] GC(34739) Pause Young (Allocation Failure) 500M->370M(497M) 2.313ms
[13792.227s][info][gc,cpu         ] GC(34739) User=0.00s Sys=0.00s Real=0.00s
[13792.628s][info][gc,start       ] GC(34740) Pause Young (Allocation Failure)
[13792.630s][info][gc,heap        ] GC(34740) PSYoungGen: 129280K(129536K)->288K(125440K) Eden: 129024K(129024K)->0K(124928K) From: 256K(512K)->288K(512K)
[13792.630s][info][gc,heap        ] GC(34740) ParOldGen: 379037K(379392K)->379053K(379392K)
[13792.631s][info][gc,metaspace   ] GC(34740) Metaspace: 8795K(9024K)->8795K(9024K) NonClass: 8143K(8320K)->8143K(8320K) Class: 652K(704K)->652K(704K)
[13792.631s][info][gc             ] GC(34740) Pause Young (Allocation Failure) 496M->370M(493M) 2.356ms
[13792.631s][info][gc,cpu         ] GC(34740) User=0.00s Sys=0.00s Real=0.01s
[13793.044s][info][gc,start       ] GC(34741) Pause Young (Allocation Failure)
[13793.046s][info][gc,heap        ] GC(34741) PSYoungGen: 125216K(125440K)->256K(121344K) Eden: 124928K(124928K)->0K(120832K) From: 288K(512K)->256K(512K)
[13793.046s][info][gc,heap        ] GC(34741) ParOldGen: 379053K(379392K)->379069K(379392K)
[13793.046s][info][gc,metaspace   ] GC(34741) Metaspace: 8795K(9024K)->8795K(9024K) NonClass: 8143K(8320K)->8143K(8320K) Class: 652K(704K)->652K(704K)
[13793.046s][info][gc             ] GC(34741) Pause Young (Allocation Failure) 492M->370M(489M) 2.291ms
[13793.046s][info][gc,cpu         ] GC(34741) User=0.00s Sys=0.00s Real=0.00s
[13793.430s][info][gc,start       ] GC(34742) Pause Young (Allocation Failure)
[13793.432s][info][gc,heap        ] GC(34742) PSYoungGen: 121088K(121344K)->208K(117760K) Eden: 120832K(120832K)->0K(117248K) From: 256K(512K)->208K(512K)
[13793.432s][info][gc,heap        ] GC(34742) ParOldGen: 379069K(379392K)->379085K(379392K)
[13793.432s][info][gc,metaspace   ] GC(34742) Metaspace: 8795K(9024K)->8795K(9024K) NonClass: 8143K(8320K)->8143K(8320K) Class: 652K(704K)->652K(704K)
[13793.432s][info][gc             ] GC(34742) Pause Young (Allocation Failure) 488M->370M(485M) 2.257ms
[13793.432s][info][gc,cpu         ] GC(34742) User=0.00s Sys=0.00s Real=0.01s
[13793.811s][info][gc,start       ] GC(34743) Pause Young (Allocation Failure)
[13793.814s][info][gc,heap        ] GC(34743) PSYoungGen: 117456K(117760K)->272K(114176K) Eden: 117248K(117248K)->0K(113664K) From: 208K(512K)->272K(512K)
[13793.814s][info][gc,heap        ] GC(34743) ParOldGen: 379085K(379392K)->379101K(379392K)
[13793.814s][info][gc,metaspace   ] GC(34743) Metaspace: 8795K(9024K)->8795K(9024K) NonClass: 8143K(8320K)->8143K(8320K) Class: 652K(704K)->652K(704K)
[13793.814s][info][gc             ] GC(34743) Pause Young (Allocation Failure) 484M->370M(482M) 2.394ms
[13793.814s][info][gc,cpu         ] GC(34743) User=0.00s Sys=0.00s Real=0.00s
[13794.159s][info][gc,start       ] GC(34744) Pause Young (Allocation Failure)
[13794.161s][info][gc,heap        ] GC(34744) PSYoungGen: 113936K(114176K)->256K(110592K) Eden: 113664K(113664K)->0K(110080K) From: 272K(512K)->256K(512K)
[13794.161s][info][gc,heap        ] GC(34744) ParOldGen: 379101K(379392K)->379117K(379392K)
[13794.161s][info][gc,metaspace   ] GC(34744) Metaspace: 8795K(9024K)->8795K(9024K) NonClass: 8143K(8320K)->8143K(8320K) Class: 652K(704K)->652K(704K)
[13794.161s][info][gc             ] GC(34744) Pause Young (Allocation Failure) 481M->370M(478M) 2.333ms
[13794.161s][info][gc,cpu         ] GC(34744) User=0.00s Sys=0.00s Real=0.01s
[13794.541s][info][gc,start       ] GC(34745) Pause Young (Allocation Failure)
[13794.544s][info][gc,heap        ] GC(34745) PSYoungGen: 110336K(110592K)->256K(107520K) Eden: 110080K(110080K)->0K(107008K) From: 256K(512K)->256K(512K)
[13794.544s][info][gc,heap        ] GC(34745) ParOldGen: 379117K(379392K)->379133K(379392K)
[13794.544s][info][gc,metaspace   ] GC(34745) Metaspace: 8795K(9024K)->8795K(9024K) NonClass: 8143K(8320K)->8143K(8320K) Class: 652K(704K)->652K(704K)
[13794.544s][info][gc             ] GC(34745) Pause Young (Allocation Failure) 477M->370M(475M) 2.428ms
[13794.544s][info][gc,cpu         ] GC(34745) User=0.00s Sys=0.00s Real=0.00s
[13794.905s][info][gc,start       ] GC(34746) Pause Young (Allocation Failure)
[13794.906s][info][gc,heap        ] GC(34746) PSYoungGen: 107264K(107520K)->256K(104448K) Eden: 107008K(107008K)->0K(103936K) From: 256K(512K)->256K(512K)
[13794.906s][info][gc,heap        ] GC(34746) ParOldGen: 379133K(379392K)->379149K(379392K)
[13794.906s][info][gc,metaspace   ] GC(34746) Metaspace: 8795K(9024K)->8795K(9024K) NonClass: 8143K(8320K)->8143K(8320K) Class: 652K(704K)->652K(704K)
[13794.906s][info][gc             ] GC(34746) Pause Young (Allocation Failure) 474M->370M(472M) 1.647ms
[13794.906s][info][gc,cpu         ] GC(34746) User=0.01s Sys=0.00s Real=0.00s
[13795.263s][info][gc,start       ] GC(34747) Pause Young (Allocation Failure)
[13795.264s][info][gc,heap        ] GC(34747) PSYoungGen: 104192K(104448K)->224K(101376K) Eden: 103936K(103936K)->0K(100864K) From: 256K(512K)->224K(512K)
[13795.264s][info][gc,heap        ] GC(34747) ParOldGen: 379149K(379392K)->379165K(379392K)
[13795.264s][info][gc,metaspace   ] GC(34747) Metaspace: 8795K(9024K)->8795K(9024K) NonClass: 8143K(8320K)->8143K(8320K) Class: 652K(704K)->652K(704K)
[13795.264s][info][gc             ] GC(34747) Pause Young (Allocation Failure) 472M->370M(469M) 1.315ms
[13795.264s][info][gc,cpu         ] GC(34747) User=0.00s Sys=0.00s Real=0.00s
[13795.618s][info][gc,start       ] GC(34748) Pause Young (Allocation Failure)
[13795.619s][info][gc,heap        ] GC(34748) PSYoungGen: 101088K(101376K)->240K(98304K) Eden: 100864K(100864K)->0K(97792K) From: 224K(512K)->240K(512K)
[13795.619s][info][gc,heap        ] GC(34748) ParOldGen: 379165K(379392K)->379181K(379392K)
[13795.619s][info][gc,metaspace   ] GC(34748) Metaspace: 8795K(9024K)->8795K(9024K) NonClass: 8143K(8320K)->8143K(8320K) Class: 652K(704K)->652K(704K)
[13795.619s][info][gc             ] GC(34748) Pause Young (Allocation Failure) 468M->370M(466M) 1.267ms
[13795.619s][info][gc,cpu         ] GC(34748) User=0.00s Sys=0.00s Real=0.00s
[13795.950s][info][gc,start       ] GC(34749) Pause Young (Allocation Failure)
[13795.951s][info][gc,heap        ] GC(34749) PSYoungGen: 98032K(98304K)->240K(95744K) Eden: 97792K(97792K)->0K(95232K) From: 240K(512K)->240K(512K)
[13795.951s][info][gc,heap        ] GC(34749) ParOldGen: 379181K(379392K)->379197K(379392K)
[13795.951s][info][gc,metaspace   ] GC(34749) Metaspace: 8795K(9024K)->8795K(9024K) NonClass: 8143K(8320K)->8143K(8320K) Class: 652K(704K)->652K(704K)
[13795.951s][info][gc             ] GC(34749) Pause Young (Allocation Failure) 466M->370M(464M) 1.288ms
[13795.951s][info][gc,cpu         ] GC(34749) User=0.00s Sys=0.00s Real=0.01s
[13796.294s][info][gc,start       ] GC(34750) Pause Young (Allocation Failure)
[13796.296s][info][gc,heap        ] GC(34750) PSYoungGen: 95472K(95744K)->256K(93184K) Eden: 95232K(95232K)->0K(92672K) From: 240K(512K)->256K(512K)
[13796.296s][info][gc,heap        ] GC(34750) ParOldGen: 379197K(379392K)->379205K(379392K)
[13796.296s][info][gc,metaspace   ] GC(34750) Metaspace: 8795K(9024K)->8795K(9024K) NonClass: 8143K(8320K)->8143K(8320K) Class: 652K(704K)->652K(704K)
[13796.296s][info][gc             ] GC(34750) Pause Young (Allocation Failure) 463M->370M(461M) 1.647ms
[13796.296s][info][gc,cpu         ] GC(34750) User=0.01s Sys=0.00s Real=0.00s
[13796.606s][info][gc,start       ] GC(34751) Pause Young (Allocation Failure)
[13796.607s][info][gc,heap        ] GC(34751) PSYoungGen: 92928K(93184K)->256K(90624K) Eden: 92672K(92672K)->0K(90112K) From: 256K(512K)->256K(512K)
[13796.608s][info][gc,heap        ] GC(34751) ParOldGen: 379205K(379392K)->379221K(379392K)
[13796.608s][info][gc,metaspace   ] GC(34751) Metaspace: 8795K(9024K)->8795K(9024K) NonClass: 8143K(8320K)->8143K(8320K) Class: 652K(704K)->652K(704K)
[13796.608s][info][gc             ] GC(34751) Pause Young (Allocation Failure) 461M->370M(459M) 1.390ms
[13796.608s][info][gc,cpu         ] GC(34751) User=0.00s Sys=0.00s Real=0.00s
[13796.914s][info][gc,start       ] GC(34752) Pause Young (Allocation Failure)
[13796.916s][info][gc,heap        ] GC(34752) PSYoungGen: 90368K(90624K)->272K(88064K) Eden: 90112K(90112K)->0K(87552K) From: 256K(512K)->272K(512K)
[13796.916s][info][gc,heap        ] GC(34752) ParOldGen: 379221K(379392K)->379237K(379392K)
[13796.916s][info][gc,metaspace   ] GC(34752) Metaspace: 8795K(9024K)->8795K(9024K) NonClass: 8143K(8320K)->8143K(8320K) Class: 652K(704K)->652K(704K)
[13796.916s][info][gc             ] GC(34752) Pause Young (Allocation Failure) 458M->370M(456M) 1.295ms
[13796.916s][info][gc,cpu         ] GC(34752) User=0.00s Sys=0.00s Real=0.00s
[13797.200s][info][gc,start       ] GC(34753) Pause Young (Allocation Failure)
[13797.201s][info][gc,heap        ] GC(34753) PSYoungGen: 87824K(88064K)->256K(202752K) Eden: 87552K(87552K)->0K(202240K) From: 272K(512K)->256K(512K)
[13797.201s][info][gc,heap        ] GC(34753) ParOldGen: 379237K(379392K)->379253K(379392K)
[13797.201s][info][gc,metaspace   ] GC(34753) Metaspace: 8795K(9024K)->8795K(9024K) NonClass: 8143K(8320K)->8143K(8320K) Class: 652K(704K)->652K(704K)
[13797.201s][info][gc             ] GC(34753) Pause Young (Allocation Failure) 456M->370M(568M) 1.250ms
[13797.201s][info][gc,cpu         ] GC(34753) User=0.00s Sys=0.00s Real=0.01s
[13797.880s][info][gc,start       ] GC(34754) Pause Young (Allocation Failure)
[13797.881s][info][gc,heap        ] GC(34754) PSYoungGen: 202496K(202752K)->256K(195584K) Eden: 202240K(202240K)->0K(195072K) From: 256K(512K)->256K(512K)
[13797.881s][info][gc,heap        ] GC(34754) ParOldGen: 379253K(379392K)->379269K(379392K)
[13797.881s][info][gc,metaspace   ] GC(34754) Metaspace: 8795K(9024K)->8795K(9024K) NonClass: 8143K(8320K)->8143K(8320K) Class: 652K(704K)->652K(704K)
[13797.881s][info][gc             ] GC(34754) Pause Young (Allocation Failure) 568M->370M(561M) 1.273ms
[13797.881s][info][gc,cpu         ] GC(34754) User=0.00s Sys=0.00s Real=0.01s
[13798.509s][info][gc,start       ] GC(34755) Pause Young (Allocation Failure)
[13798.511s][info][gc,heap        ] GC(34755) PSYoungGen: 195328K(195584K)->272K(188416K) Eden: 195072K(195072K)->0K(187904K) From: 256K(512K)->272K(512K)
[13798.511s][info][gc,heap        ] GC(34755) ParOldGen: 379269K(379392K)->379285K(379392K)
[13798.511s][info][gc,metaspace   ] GC(34755) Metaspace: 8795K(9024K)->8795K(9024K) NonClass: 8143K(8320K)->8143K(8320K) Class: 652K(704K)->652K(704K)
[13798.511s][info][gc             ] GC(34755) Pause Young (Allocation Failure) 561M->370M(554M) 2.326ms
[13798.511s][info][gc,cpu         ] GC(34755) User=0.00s Sys=0.00s Real=0.01s
[13799.113s][info][gc,start       ] GC(34756) Pause Young (Allocation Failure)
[13799.115s][info][gc,heap        ] GC(34756) PSYoungGen: 188176K(188416K)->240K(181760K) Eden: 187904K(187904K)->0K(181248K) From: 272K(512K)->240K(512K)
[13799.115s][info][gc,heap        ] GC(34756) ParOldGen: 379285K(379392K)->379301K(379392K)
[13799.115s][info][gc,metaspace   ] GC(34756) Metaspace: 8795K(9024K)->8795K(9024K) NonClass: 8143K(8320K)->8143K(8320K) Class: 652K(704K)->652K(704K)
[13799.115s][info][gc             ] GC(34756) Pause Young (Allocation Failure) 554M->370M(548M) 1.913ms
[13799.115s][info][gc,cpu         ] GC(34756) User=0.00s Sys=0.00s Real=0.00s
[13799.710s][info][gc,start       ] GC(34757) Pause Young (Allocation Failure)
[13799.711s][info][gc,heap        ] GC(34757) PSYoungGen: 181488K(181760K)->288K(175104K) Eden: 181248K(181248K)->0K(174592K) From: 240K(512K)->288K(512K)
[13799.711s][info][gc,heap        ] GC(34757) ParOldGen: 379301K(379392K)->379317K(379392K)
[13799.711s][info][gc,metaspace   ] GC(34757) Metaspace: 8795K(9024K)->8795K(9024K) NonClass: 8143K(8320K)->8143K(8320K) Class: 652K(704K)->652K(704K)
[13799.711s][info][gc             ] GC(34757) Pause Young (Allocation Failure) 547M->370M(541M) 1.241ms
[13799.711s][info][gc,cpu         ] GC(34757) User=0.01s Sys=0.00s Real=0.01s
[13800.258s][info][gc,start       ] GC(34758) Pause Young (Allocation Failure)
[13800.261s][info][gc,heap        ] GC(34758) PSYoungGen: 174880K(175104K)->240K(168960K) Eden: 174592K(174592K)->0K(168448K) From: 288K(512K)->240K(512K)
[13800.261s][info][gc,heap        ] GC(34758) ParOldGen: 379317K(379392K)->379333K(379392K)
[13800.261s][info][gc,metaspace   ] GC(34758) Metaspace: 8795K(9024K)->8795K(9024K) NonClass: 8143K(8320K)->8143K(8320K) Class: 652K(704K)->652K(704K)
[13800.261s][info][gc             ] GC(34758) Pause Young (Allocation Failure) 541M->370M(535M) 2.465ms
[13800.261s][info][gc,cpu         ] GC(34758) User=0.01s Sys=0.00s Real=0.01s
[13800.799s][info][gc,start       ] GC(34759) Pause Young (Allocation Failure)
[13800.802s][info][gc,heap        ] GC(34759) PSYoungGen: 168688K(168960K)->272K(163328K) Eden: 168448K(168448K)->0K(162816K) From: 240K(512K)->272K(512K)
[13800.802s][info][gc,heap        ] GC(34759) ParOldGen: 379333K(379392K)->379349K(379392K)
[13800.802s][info][gc,metaspace   ] GC(34759) Metaspace: 8795K(9024K)->8795K(9024K) NonClass: 8143K(8320K)->8143K(8320K) Class: 652K(704K)->652K(704K)
[13800.802s][info][gc             ] GC(34759) Pause Young (Allocation Failure) 535M->370M(530M) 2.302ms
[13800.802s][info][gc,cpu         ] GC(34759) User=0.00s Sys=0.00s Real=0.01s
[13801.325s][info][gc,start       ] GC(34760) Pause Young (Allocation Failure)
[13801.327s][info][gc,heap        ] GC(34760) PSYoungGen: 163088K(163328K)->256K(157696K) Eden: 162816K(162816K)->0K(157184K) From: 272K(512K)->256K(512K)
[13801.327s][info][gc,heap        ] GC(34760) ParOldGen: 379349K(379392K)->379365K(379392K)
[13801.327s][info][gc,metaspace   ] GC(34760) Metaspace: 8795K(9024K)->8795K(9024K) NonClass: 8143K(8320K)->8143K(8320K) Class: 652K(704K)->652K(704K)
[13801.327s][info][gc             ] GC(34760) Pause Young (Allocation Failure) 529M->370M(524M) 2.438ms
[13801.327s][info][gc,cpu         ] GC(34760) User=0.00s Sys=0.00s Real=0.00s
[13801.847s][info][gc,start       ] GC(34761) Pause Young (Allocation Failure)
[13801.850s][info][gc,heap        ] GC(34761) PSYoungGen: 157440K(157696K)->272K(152576K) Eden: 157184K(157184K)->0K(152064K) From: 256K(512K)->272K(512K)
[13801.850s][info][gc,heap        ] GC(34761) ParOldGen: 379365K(379392K)->379381K(379392K)
[13801.850s][info][gc,metaspace   ] GC(34761) Metaspace: 8795K(9024K)->8795K(9024K) NonClass: 8143K(8320K)->8143K(8320K) Class: 652K(704K)->652K(704K)
[13801.850s][info][gc             ] GC(34761) Pause Young (Allocation Failure) 524M->370M(519M) 2.470ms
[13801.850s][info][gc,cpu         ] GC(34761) User=0.00s Sys=0.00s Real=0.00s
[13802.391s][info][gc,start       ] GC(34762) Pause Young (Allocation Failure)
[13802.392s][info][gc,heap        ] GC(34762) PSYoungGen: 152336K(152576K)->272K(147456K) Eden: 152064K(152064K)->0K(146944K) From: 272K(512K)->272K(512K)
[13802.392s][info][gc,heap        ] GC(34762) ParOldGen: 379381K(379392K)->379397K(379904K)
[13802.393s][info][gc,metaspace   ] GC(34762) Metaspace: 8795K(9024K)->8795K(9024K) NonClass: 8143K(8320K)->8143K(8320K) Class: 652K(704K)->652K(704K)
[13802.393s][info][gc             ] GC(34762) Pause Young (Allocation Failure) 519M->370M(515M) 1.475ms
[13802.393s][info][gc,cpu         ] GC(34762) User=0.00s Sys=0.01s Real=0.00s
[13802.860s][info][gc,start       ] GC(34763) Pause Young (Allocation Failure)
[13802.862s][info][gc,heap        ] GC(34763) PSYoungGen: 147216K(147456K)->240K(142848K) Eden: 146944K(146944K)->0K(142336K) From: 272K(512K)->240K(512K)
[13802.862s][info][gc,heap        ] GC(34763) ParOldGen: 379397K(379904K)->379413K(379904K)
[13802.862s][info][gc,metaspace   ] GC(34763) Metaspace: 8795K(9024K)->8795K(9024K) NonClass: 8143K(8320K)->8143K(8320K) Class: 652K(704K)->652K(704K)
[13802.862s][info][gc             ] GC(34763) Pause Young (Allocation Failure) 514M->370M(510M) 1.308ms
[13802.862s][info][gc,cpu         ] GC(34763) User=0.00s Sys=0.00s Real=0.00s
[13803.334s][info][gc,start       ] GC(34764) Pause Young (Allocation Failure)
[13803.335s][info][gc,heap        ] GC(34764) PSYoungGen: 142576K(142848K)->256K(138240K) Eden: 142336K(142336K)->0K(137728K) From: 240K(512K)->256K(512K)
[13803.335s][info][gc,heap        ] GC(34764) ParOldGen: 379413K(379904K)->379429K(379904K)
[13803.335s][info][gc,metaspace   ] GC(34764) Metaspace: 8795K(9024K)->8795K(9024K) NonClass: 8143K(8320K)->8143K(8320K) Class: 652K(704K)->652K(704K)
[13803.335s][info][gc             ] GC(34764) Pause Young (Allocation Failure) 509M->370M(506M) 1.316ms
[13803.335s][info][gc,cpu         ] GC(34764) User=0.00s Sys=0.00s Real=0.00s
[13803.788s][info][gc,start       ] GC(34765) Pause Young (Allocation Failure)
[13803.789s][info][gc,heap        ] GC(34765) PSYoungGen: 137984K(138240K)->256K(133632K) Eden: 137728K(137728K)->0K(133120K) From: 256K(512K)->256K(512K)
[13803.789s][info][gc,heap        ] GC(34765) ParOldGen: 379429K(379904K)->379445K(379904K)
[13803.789s][info][gc,metaspace   ] GC(34765) Metaspace: 8795K(9024K)->8795K(9024K) NonClass: 8143K(8320K)->8143K(8320K) Class: 652K(704K)->652K(704K)
[13803.789s][info][gc             ] GC(34765) Pause Young (Allocation Failure) 505M->370M(501M) 1.305ms
[13803.789s][info][gc,cpu         ] GC(34765) User=0.00s Sys=0.00s Real=0.00s
[13804.271s][info][gc,start       ] GC(34766) Pause Young (Allocation Failure)
[13804.273s][info][gc,heap        ] GC(34766) PSYoungGen: 133376K(133632K)->240K(129536K) Eden: 133120K(133120K)->0K(129024K) From: 256K(512K)->240K(512K)
[13804.273s][info][gc,heap        ] GC(34766) ParOldGen: 379445K(379904K)->379461K(379904K)
[13804.273s][info][gc,metaspace   ] GC(34766) Metaspace: 8795K(9024K)->8795K(9024K) NonClass: 8143K(8320K)->8143K(8320K) Class: 652K(704K)->652K(704K)
[13804.273s][info][gc             ] GC(34766) Pause Young (Allocation Failure) 500M->370M(497M) 1.302ms
[13804.273s][info][gc,cpu         ] GC(34766) User=0.00s Sys=0.00s Real=0.00s
[13804.796s][info][gc,start       ] GC(34767) Pause Young (Allocation Failure)
[13804.797s][info][gc,heap        ] GC(34767) PSYoungGen: 129264K(129536K)->224K(125440K) Eden: 129024K(129024K)->0K(124928K) From: 240K(512K)->224K(512K)
[13804.797s][info][gc,heap        ] GC(34767) ParOldGen: 379461K(379904K)->379477K(379904K)
[13804.797s][info][gc,metaspace   ] GC(34767) Metaspace: 8795K(9024K)->8795K(9024K) NonClass: 8143K(8320K)->8143K(8320K) Class: 652K(704K)->652K(704K)
[13804.797s][info][gc             ] GC(34767) Pause Young (Allocation Failure) 496M->370M(493M) 1.366ms
[13804.797s][info][gc,cpu         ] GC(34767) User=0.00s Sys=0.00s Real=0.00s
[13805.212s][info][gc,start       ] GC(34768) Pause Young (Allocation Failure)
[13805.213s][info][gc,heap        ] GC(34768) PSYoungGen: 125152K(125440K)->256K(121344K) Eden: 124928K(124928K)->0K(120832K) From: 224K(512K)->256K(512K)
[13805.213s][info][gc,heap        ] GC(34768) ParOldGen: 379477K(379904K)->379493K(379904K)
[13805.214s][info][gc,metaspace   ] GC(34768) Metaspace: 8795K(9024K)->8795K(9024K) NonClass: 8143K(8320K)->8143K(8320K) Class: 652K(704K)->652K(704K)
[13805.214s][info][gc             ] GC(34768) Pause Young (Allocation Failure) 492M->370M(489M) 1.405ms
[13805.214s][info][gc,cpu         ] GC(34768) User=0.00s Sys=0.01s Real=0.00s
[13805.634s][info][gc,start       ] GC(34769) Pause Young (Allocation Failure)
[13805.636s][info][gc,heap        ] GC(34769) PSYoungGen: 121088K(121344K)->240K(117760K) Eden: 120832K(120832K)->0K(117248K) From: 256K(512K)->240K(512K)
[13805.636s][info][gc,heap        ] GC(34769) ParOldGen: 379493K(379904K)->379509K(379904K)
[13805.636s][info][gc,metaspace   ] GC(34769) Metaspace: 8795K(9024K)->8795K(9024K) NonClass: 8143K(8320K)->8143K(8320K) Class: 652K(704K)->652K(704K)
[13805.636s][info][gc             ] GC(34769) Pause Young (Allocation Failure) 488M->370M(486M) 1.552ms
[13805.636s][info][gc,cpu         ] GC(34769) User=0.01s Sys=0.00s Real=0.00s
[13806.046s][info][gc,start       ] GC(34770) Pause Young (Allocation Failure)
[13806.047s][info][gc,heap        ] GC(34770) PSYoungGen: 117488K(117760K)->240K(114176K) Eden: 117248K(117248K)->0K(113664K) From: 240K(512K)->240K(512K)
[13806.047s][info][gc,heap        ] GC(34770) ParOldGen: 379509K(379904K)->379525K(379904K)
[13806.047s][info][gc,metaspace   ] GC(34770) Metaspace: 8795K(9024K)->8795K(9024K) NonClass: 8143K(8320K)->8143K(8320K) Class: 652K(704K)->652K(704K)
[13806.048s][info][gc             ] GC(34770) Pause Young (Allocation Failure) 485M->370M(482M) 1.553ms
[13806.048s][info][gc,cpu         ] GC(34770) User=0.00s Sys=0.00s Real=0.00s
[13806.431s][info][gc,start       ] GC(34771) Pause Young (Allocation Failure)
[13806.433s][info][gc,heap        ] GC(34771) PSYoungGen: 113904K(114176K)->224K(110592K) Eden: 113664K(113664K)->0K(110080K) From: 240K(512K)->224K(512K)
[13806.433s][info][gc,heap        ] GC(34771) ParOldGen: 379525K(379904K)->379533K(379904K)
[13806.433s][info][gc,metaspace   ] GC(34771) Metaspace: 8795K(9024K)->8795K(9024K) NonClass: 8143K(8320K)->8143K(8320K) Class: 652K(704K)->652K(704K)
[13806.433s][info][gc             ] GC(34771) Pause Young (Allocation Failure) 481M->370M(479M) 2.193ms
[13806.433s][info][gc,cpu         ] GC(34771) User=0.00s Sys=0.00s Real=0.00s
[13806.805s][info][gc,start       ] GC(34772) Pause Young (Allocation Failure)
[13806.806s][info][gc,heap        ] GC(34772) PSYoungGen: 110304K(110592K)->240K(107520K) Eden: 110080K(110080K)->0K(107008K) From: 224K(512K)->240K(512K)
[13806.806s][info][gc,heap        ] GC(34772) ParOldGen: 379533K(379904K)->379557K(379904K)
[13806.807s][info][gc,metaspace   ] GC(34772) Metaspace: 8795K(9024K)->8795K(9024K) NonClass: 8143K(8320K)->8143K(8320K) Class: 652K(704K)->652K(704K)
[13806.807s][info][gc             ] GC(34772) Pause Young (Allocation Failure) 478M->370M(476M) 1.346ms
[13806.807s][info][gc,cpu         ] GC(34772) User=0.00s Sys=0.00s Real=0.00s
[13807.166s][info][gc,start       ] GC(34773) Pause Young (Allocation Failure)
[13807.167s][info][gc,heap        ] GC(34773) PSYoungGen: 107248K(107520K)->256K(104448K) Eden: 107008K(107008K)->0K(103936K) From: 240K(512K)->256K(512K)
[13807.167s][info][gc,heap        ] GC(34773) ParOldGen: 379557K(379904K)->379581K(379904K)
[13807.167s][info][gc,metaspace   ] GC(34773) Metaspace: 8795K(9024K)->8795K(9024K) NonClass: 8143K(8320K)->8143K(8320K) Class: 652K(704K)->652K(704K)
[13807.167s][info][gc             ] GC(34773) Pause Young (Allocation Failure) 475M->370M(473M) 1.295ms
[13807.167s][info][gc,cpu         ] GC(34773) User=0.00s Sys=0.00s Real=0.00s
[13807.531s][info][gc,start       ] GC(34774) Pause Young (Allocation Failure)
[13807.532s][info][gc,heap        ] GC(34774) PSYoungGen: 104192K(104448K)->256K(101376K) Eden: 103936K(103936K)->0K(100864K) From: 256K(512K)->256K(512K)
[13807.532s][info][gc,heap        ] GC(34774) ParOldGen: 379581K(379904K)->379597K(379904K)
[13807.532s][info][gc,metaspace   ] GC(34774) Metaspace: 8795K(9024K)->8795K(9024K) NonClass: 8143K(8320K)->8143K(8320K) Class: 652K(704K)->652K(704K)
[13807.532s][info][gc             ] GC(34774) Pause Young (Allocation Failure) 472M->370M(470M) 1.317ms
[13807.532s][info][gc,cpu         ] GC(34774) User=0.00s Sys=0.00s Real=0.00s
[13807.864s][info][gc,start       ] GC(34775) Pause Young (Allocation Failure)
[13807.866s][info][gc,heap        ] GC(34775) PSYoungGen: 101120K(101376K)->224K(98304K) Eden: 100864K(100864K)->0K(97792K) From: 256K(512K)->224K(512K)
[13807.866s][info][gc,heap        ] GC(34775) ParOldGen: 379597K(379904K)->379613K(379904K)
[13807.866s][info][gc,metaspace   ] GC(34775) Metaspace: 8795K(9024K)->8795K(9024K) NonClass: 8143K(8320K)->8143K(8320K) Class: 652K(704K)->652K(704K)
[13807.866s][info][gc             ] GC(34775) Pause Young (Allocation Failure) 469M->370M(467M) 1.298ms
[13807.866s][info][gc,cpu         ] GC(34775) User=0.00s Sys=0.00s Real=0.00s
[13808.248s][info][gc,start       ] GC(34776) Pause Young (Allocation Failure)
[13808.250s][info][gc,heap        ] GC(34776) PSYoungGen: 98016K(98304K)->240K(95744K) Eden: 97792K(97792K)->0K(95232K) From: 224K(512K)->240K(512K)
[13808.250s][info][gc,heap        ] GC(34776) ParOldGen: 379613K(379904K)->379629K(379904K)
[13808.250s][info][gc,metaspace   ] GC(34776) Metaspace: 8795K(9024K)->8795K(9024K) NonClass: 8143K(8320K)->8143K(8320K) Class: 652K(704K)->652K(704K)
[13808.250s][info][gc             ] GC(34776) Pause Young (Allocation Failure) 466M->370M(464M) 1.839ms
[13808.250s][info][gc,cpu         ] GC(34776) User=0.01s Sys=0.00s Real=0.00s
[13808.587s][info][gc,start       ] GC(34777) Pause Young (Allocation Failure)
[13808.589s][info][gc,heap        ] GC(34777) PSYoungGen: 95472K(95744K)->256K(93184K) Eden: 95232K(95232K)->0K(92672K) From: 240K(512K)->256K(512K)
[13808.589s][info][gc,heap        ] GC(34777) ParOldGen: 379629K(379904K)->379637K(379904K)
[13808.589s][info][gc,metaspace   ] GC(34777) Metaspace: 8795K(9024K)->8795K(9024K) NonClass: 8143K(8320K)->8143K(8320K) Class: 652K(704K)->652K(704K)
[13808.589s][info][gc             ] GC(34777) Pause Young (Allocation Failure) 463M->370M(462M) 2.284ms
[13808.589s][info][gc,cpu         ] GC(34777) User=0.00s Sys=0.00s Real=0.00s
[13808.881s][info][gc,start       ] GC(34778) Pause Young (Allocation Failure)
[13808.883s][info][gc,heap        ] GC(34778) PSYoungGen: 92928K(93184K)->272K(90624K) Eden: 92672K(92672K)->0K(90112K) From: 256K(512K)->272K(512K)
[13808.883s][info][gc,heap        ] GC(34778) ParOldGen: 379637K(379904K)->379653K(379904K)
[13808.883s][info][gc,metaspace   ] GC(34778) Metaspace: 8795K(9024K)->8795K(9024K) NonClass: 8143K(8320K)->8143K(8320K) Class: 652K(704K)->652K(704K)
[13808.883s][info][gc             ] GC(34778) Pause Young (Allocation Failure) 461M->371M(459M) 2.424ms
[13808.884s][info][gc,cpu         ] GC(34778) User=0.00s Sys=0.00s Real=0.00s
[13809.190s][info][gc,start       ] GC(34779) Pause Young (Allocation Failure)
[13809.193s][info][gc,heap        ] GC(34779) PSYoungGen: 90384K(90624K)->272K(88064K) Eden: 90112K(90112K)->0K(87552K) From: 272K(512K)->272K(512K)
[13809.193s][info][gc,heap        ] GC(34779) ParOldGen: 379653K(379904K)->379669K(379904K)
[13809.193s][info][gc,metaspace   ] GC(34779) Metaspace: 8795K(9024K)->8795K(9024K) NonClass: 8143K(8320K)->8143K(8320K) Class: 652K(704K)->652K(704K)
[13809.193s][info][gc             ] GC(34779) Pause Young (Allocation Failure) 459M->371M(457M) 2.384ms
[13809.193s][info][gc,cpu         ] GC(34779) User=0.00s Sys=0.00s Real=0.00s
[13809.482s][info][gc,start       ] GC(34780) Pause Young (Allocation Failure)
[13809.485s][info][gc,heap        ] GC(34780) PSYoungGen: 87824K(88064K)->256K(202752K) Eden: 87552K(87552K)->0K(202240K) From: 272K(512K)->256K(512K)
[13809.485s][info][gc,heap        ] GC(34780) ParOldGen: 379669K(379904K)->379677K(379904K)
[13809.485s][info][gc,metaspace   ] GC(34780) Metaspace: 8795K(9024K)->8795K(9024K) NonClass: 8143K(8320K)->8143K(8320K) Class: 652K(704K)->652K(704K)
[13809.485s][info][gc             ] GC(34780) Pause Young (Allocation Failure) 456M->371M(569M) 3.364ms
[13809.485s][info][gc,cpu         ] GC(34780) User=0.00s Sys=0.00s Real=0.00s
[13810.172s][info][gc,start       ] GC(34781) Pause Young (Allocation Failure)
[13810.175s][info][gc,heap        ] GC(34781) PSYoungGen: 202496K(202752K)->272K(195584K) Eden: 202240K(202240K)->0K(195072K) From: 256K(512K)->272K(512K)
[13810.175s][info][gc,heap        ] GC(34781) ParOldGen: 379677K(379904K)->379685K(379904K)
[13810.175s][info][gc,metaspace   ] GC(34781) Metaspace: 8795K(9024K)->8795K(9024K) NonClass: 8143K(8320K)->8143K(8320K) Class: 652K(704K)->652K(704K)
[13810.175s][info][gc             ] GC(34781) Pause Young (Allocation Failure) 568M->371M(562M) 2.510ms
[13810.175s][info][gc,cpu         ] GC(34781) User=0.01s Sys=0.00s Real=0.00s
[13810.847s][info][gc,start       ] GC(34782) Pause Young (Allocation Failure)
[13810.849s][info][gc,heap        ] GC(34782) PSYoungGen: 195344K(195584K)->256K(188416K) Eden: 195072K(195072K)->0K(187904K) From: 272K(512K)->256K(512K)
[13810.849s][info][gc,heap        ] GC(34782) ParOldGen: 379685K(379904K)->379693K(379904K)
[13810.849s][info][gc,metaspace   ] GC(34782) Metaspace: 8795K(9024K)->8795K(9024K) NonClass: 8143K(8320K)->8143K(8320K) Class: 652K(704K)->652K(704K)
[13810.849s][info][gc             ] GC(34782) Pause Young (Allocation Failure) 561M->371M(555M) 2.318ms
[13810.849s][info][gc,cpu         ] GC(34782) User=0.00s Sys=0.01s Real=0.00s
[13811.501s][info][gc,start       ] GC(34783) Pause Young (Allocation Failure)
[13811.503s][info][gc,heap        ] GC(34783) PSYoungGen: 188160K(188416K)->272K(181760K) Eden: 187904K(187904K)->0K(181248K) From: 256K(512K)->272K(512K)
[13811.503s][info][gc,heap        ] GC(34783) ParOldGen: 379693K(379904K)->379701K(379904K)
[13811.503s][info][gc,metaspace   ] GC(34783) Metaspace: 8795K(9024K)->8795K(9024K) NonClass: 8143K(8320K)->8143K(8320K) Class: 652K(704K)->652K(704K)
[13811.503s][info][gc             ] GC(34783) Pause Young (Allocation Failure) 554M->371M(548M) 2.535ms
[13811.503s][info][gc,cpu         ] GC(34783) User=0.00s Sys=0.00s Real=0.00s
[13812.072s][info][gc,start       ] GC(34784) Pause Young (Allocation Failure)
[13812.075s][info][gc,heap        ] GC(34784) PSYoungGen: 181520K(181760K)->272K(175104K) Eden: 181248K(181248K)->0K(174592K) From: 272K(512K)->272K(512K)
[13812.075s][info][gc,heap        ] GC(34784) ParOldGen: 379701K(379904K)->379709K(379904K)
[13812.075s][info][gc,metaspace   ] GC(34784) Metaspace: 8795K(9024K)->8795K(9024K) NonClass: 8143K(8320K)->8143K(8320K) Class: 652K(704K)->652K(704K)
[13812.075s][info][gc             ] GC(34784) Pause Young (Allocation Failure) 548M->371M(542M) 2.422ms
[13812.075s][info][gc,cpu         ] GC(34784) User=0.00s Sys=0.00s Real=0.00s
[13812.694s][info][gc,start       ] GC(34785) Pause Young (Allocation Failure)
[13812.696s][info][gc,heap        ] GC(34785) PSYoungGen: 174864K(175104K)->256K(168960K) Eden: 174592K(174592K)->0K(168448K) From: 272K(512K)->256K(512K)
[13812.697s][info][gc,heap        ] GC(34785) ParOldGen: 379709K(379904K)->379717K(379904K)
[13812.697s][info][gc,metaspace   ] GC(34785) Metaspace: 8795K(9024K)->8795K(9024K) NonClass: 8143K(8320K)->8143K(8320K) Class: 652K(704K)->652K(704K)
[13812.697s][info][gc             ] GC(34785) Pause Young (Allocation Failure) 541M->371M(536M) 2.080ms
[13812.697s][info][gc,cpu         ] GC(34785) User=0.00s Sys=0.00s Real=0.00s
[13813.248s][info][gc,start       ] GC(34786) Pause Young (Allocation Failure)
[13813.249s][info][gc,heap        ] GC(34786) PSYoungGen: 168704K(168960K)->240K(163328K) Eden: 168448K(168448K)->0K(162816K) From: 256K(512K)->240K(512K)
[13813.249s][info][gc,heap        ] GC(34786) ParOldGen: 379717K(379904K)->379733K(379904K)
[13813.249s][info][gc,metaspace   ] GC(34786) Metaspace: 8795K(9024K)->8795K(9024K) NonClass: 8143K(8320K)->8143K(8320K) Class: 652K(704K)->652K(704K)
[13813.250s][info][gc             ] GC(34786) Pause Young (Allocation Failure) 535M->371M(530M) 1.420ms
[13813.250s][info][gc,cpu         ] GC(34786) User=0.00s Sys=0.01s Real=0.00s
[13813.785s][info][gc,start       ] GC(34787) Pause Young (Allocation Failure)
[13813.787s][info][gc,heap        ] GC(34787) PSYoungGen: 163056K(163328K)->272K(157696K) Eden: 162816K(162816K)->0K(157184K) From: 240K(512K)->272K(512K)
[13813.787s][info][gc,heap        ] GC(34787) ParOldGen: 379733K(379904K)->379749K(379904K)
[13813.787s][info][gc,metaspace   ] GC(34787) Metaspace: 8795K(9024K)->8795K(9024K) NonClass: 8143K(8320K)->8143K(8320K) Class: 652K(704K)->652K(704K)
[13813.787s][info][gc             ] GC(34787) Pause Young (Allocation Failure) 530M->371M(525M) 2.658ms
[13813.787s][info][gc,cpu         ] GC(34787) User=0.01s Sys=0.00s Real=0.00s
[13814.293s][info][gc,start       ] GC(34788) Pause Young (Allocation Failure)
[13814.296s][info][gc,heap        ] GC(34788) PSYoungGen: 157456K(157696K)->272K(152576K) Eden: 157184K(157184K)->0K(152064K) From: 272K(512K)->272K(512K)
[13814.296s][info][gc,heap        ] GC(34788) ParOldGen: 379749K(379904K)->379757K(379904K)
[13814.296s][info][gc,metaspace   ] GC(34788) Metaspace: 8795K(9024K)->8795K(9024K) NonClass: 8143K(8320K)->8143K(8320K) Class: 652K(704K)->652K(704K)
[13814.296s][info][gc             ] GC(34788) Pause Young (Allocation Failure) 524M->371M(520M) 2.542ms
[13814.296s][info][gc,cpu         ] GC(34788) User=0.01s Sys=0.00s Real=0.00s
[13814.854s][info][gc,start       ] GC(34789) Pause Young (Allocation Failure)
[13814.856s][info][gc,heap        ] GC(34789) PSYoungGen: 152336K(152576K)->288K(147456K) Eden: 152064K(152064K)->0K(146944K) From: 272K(512K)->288K(512K)
[13814.856s][info][gc,heap        ] GC(34789) ParOldGen: 379757K(379904K)->379765K(379904K)
[13814.856s][info][gc,metaspace   ] GC(34789) Metaspace: 8795K(9024K)->8795K(9024K) NonClass: 8143K(8320K)->8143K(8320K) Class: 652K(704K)->652K(704K)
[13814.856s][info][gc             ] GC(34789) Pause Young (Allocation Failure) 519M->371M(515M) 2.866ms
[13814.856s][info][gc,cpu         ] GC(34789) User=0.01s Sys=0.00s Real=0.00s
[13815.405s][info][gc,start       ] GC(34790) Pause Young (Allocation Failure)
[13815.408s][info][gc,heap        ] GC(34790) PSYoungGen: 147232K(147456K)->272K(142848K) Eden: 146944K(146944K)->0K(142336K) From: 288K(512K)->272K(512K)
[13815.408s][info][gc,heap        ] GC(34790) ParOldGen: 379765K(379904K)->379781K(379904K)
[13815.408s][info][gc,metaspace   ] GC(34790) Metaspace: 8795K(9024K)->8795K(9024K) NonClass: 8143K(8320K)->8143K(8320K) Class: 652K(704K)->652K(704K)
[13815.408s][info][gc             ] GC(34790) Pause Young (Allocation Failure) 514M->371M(510M) 2.658ms
[13815.408s][info][gc,cpu         ] GC(34790) User=0.01s Sys=0.00s Real=0.00s
[13815.917s][info][gc,start       ] GC(34791) Pause Young (Allocation Failure)
[13815.919s][info][gc,heap        ] GC(34791) PSYoungGen: 142608K(142848K)->288K(138240K) Eden: 142336K(142336K)->0K(137728K) From: 272K(512K)->288K(512K)
[13815.919s][info][gc,heap        ] GC(34791) ParOldGen: 379781K(379904K)->379789K(379904K)
[13815.919s][info][gc,metaspace   ] GC(34791) Metaspace: 8795K(9024K)->8795K(9024K) NonClass: 8143K(8320K)->8143K(8320K) Class: 652K(704K)->652K(704K)
[13815.919s][info][gc             ] GC(34791) Pause Young (Allocation Failure) 510M->371M(506M) 2.355ms
[13815.919s][info][gc,cpu         ] GC(34791) User=0.00s Sys=0.00s Real=0.00s
[13816.378s][info][gc,start       ] GC(34792) Pause Young (Allocation Failure)
[13816.381s][info][gc,heap        ] GC(34792) PSYoungGen: 138016K(138240K)->256K(133632K) Eden: 137728K(137728K)->0K(133120K) From: 288K(512K)->256K(512K)
[13816.381s][info][gc,heap        ] GC(34792) ParOldGen: 379789K(379904K)->379797K(379904K)
[13816.381s][info][gc,metaspace   ] GC(34792) Metaspace: 8795K(9024K)->8795K(9024K) NonClass: 8143K(8320K)->8143K(8320K) Class: 652K(704K)->652K(704K)
[13816.381s][info][gc             ] GC(34792) Pause Young (Allocation Failure) 505M->371M(501M) 2.735ms
[13816.381s][info][gc,cpu         ] GC(34792) User=0.00s Sys=0.00s Real=0.01s
[13816.839s][info][gc,start       ] GC(34793) Pause Young (Allocation Failure)
[13816.842s][info][gc,heap        ] GC(34793) PSYoungGen: 133376K(133632K)->272K(129536K) Eden: 133120K(133120K)->0K(129024K) From: 256K(512K)->272K(512K)
[13816.842s][info][gc,heap        ] GC(34793) ParOldGen: 379797K(379904K)->379813K(379904K)
[13816.842s][info][gc,metaspace   ] GC(34793) Metaspace: 8795K(9024K)->8795K(9024K) NonClass: 8143K(8320K)->8143K(8320K) Class: 652K(704K)->652K(704K)
[13816.842s][info][gc             ] GC(34793) Pause Young (Allocation Failure) 501M->371M(497M) 2.562ms
[13816.842s][info][gc,cpu         ] GC(34793) User=0.00s Sys=0.00s Real=0.01s
[13817.296s][info][gc,start       ] GC(34794) Pause Young (Allocation Failure)
[13817.299s][info][gc,heap        ] GC(34794) PSYoungGen: 129296K(129536K)->208K(125440K) Eden: 129024K(129024K)->0K(124928K) From: 272K(512K)->208K(512K)
[13817.299s][info][gc,heap        ] GC(34794) ParOldGen: 379813K(379904K)->379821K(379904K)
[13817.299s][info][gc,metaspace   ] GC(34794) Metaspace: 8795K(9024K)->8795K(9024K) NonClass: 8143K(8320K)->8143K(8320K) Class: 652K(704K)->652K(704K)
[13817.299s][info][gc             ] GC(34794) Pause Young (Allocation Failure) 497M->371M(493M) 2.413ms
[13817.299s][info][gc,cpu         ] GC(34794) User=0.01s Sys=0.00s Real=0.00s
[13817.744s][info][gc,start       ] GC(34795) Pause Young (Allocation Failure)
[13817.746s][info][gc,heap        ] GC(34795) PSYoungGen: 125136K(125440K)->256K(121344K) Eden: 124928K(124928K)->0K(120832K) From: 208K(512K)->256K(512K)
[13817.746s][info][gc,heap        ] GC(34795) ParOldGen: 379821K(379904K)->379829K(379904K)
[13817.746s][info][gc,metaspace   ] GC(34795) Metaspace: 8795K(9024K)->8795K(9024K) NonClass: 8143K(8320K)->8143K(8320K) Class: 652K(704K)->652K(704K)
[13817.746s][info][gc             ] GC(34795) Pause Young (Allocation Failure) 493M->371M(489M) 2.554ms
[13817.746s][info][gc,cpu         ] GC(34795) User=0.01s Sys=0.00s Real=0.00s
[13818.156s][info][gc,start       ] GC(34796) Pause Young (Allocation Failure)
[13818.159s][info][gc,heap        ] GC(34796) PSYoungGen: 121088K(121344K)->272K(117760K) Eden: 120832K(120832K)->0K(117248K) From: 256K(512K)->272K(512K)
[13818.159s][info][gc,heap        ] GC(34796) ParOldGen: 379829K(379904K)->379837K(379904K)
[13818.159s][info][gc,metaspace   ] GC(34796) Metaspace: 8795K(9024K)->8795K(9024K) NonClass: 8143K(8320K)->8143K(8320K) Class: 652K(704K)->652K(704K)
[13818.159s][info][gc             ] GC(34796) Pause Young (Allocation Failure) 489M->371M(486M) 2.366ms
[13818.159s][info][gc,cpu         ] GC(34796) User=0.01s Sys=0.00s Real=0.00s
[13818.546s][info][gc,start       ] GC(34797) Pause Young (Allocation Failure)
[13818.547s][info][gc,heap        ] GC(34797) PSYoungGen: 117520K(117760K)->256K(114176K) Eden: 117248K(117248K)->0K(113664K) From: 272K(512K)->256K(512K)
[13818.547s][info][gc,heap        ] GC(34797) ParOldGen: 379837K(379904K)->379853K(379904K)
[13818.547s][info][gc,metaspace   ] GC(34797) Metaspace: 8795K(9024K)->8795K(9024K) NonClass: 8143K(8320K)->8143K(8320K) Class: 652K(704K)->652K(704K)
[13818.547s][info][gc             ] GC(34797) Pause Young (Allocation Failure) 485M->371M(482M) 1.675ms
[13818.547s][info][gc,cpu         ] GC(34797) User=0.00s Sys=0.00s Real=0.00s
[13818.938s][info][gc,start       ] GC(34798) Pause Young (Allocation Failure)
[13818.939s][info][gc,heap        ] GC(34798) PSYoungGen: 113920K(114176K)->256K(110592K) Eden: 113664K(113664K)->0K(110080K) From: 256K(512K)->256K(512K)
[13818.939s][info][gc,heap        ] GC(34798) ParOldGen: 379853K(379904K)->379869K(379904K)
[13818.939s][info][gc,metaspace   ] GC(34798) Metaspace: 8795K(9024K)->8795K(9024K) NonClass: 8143K(8320K)->8143K(8320K) Class: 652K(704K)->652K(704K)
[13818.939s][info][gc             ] GC(34798) Pause Young (Allocation Failure) 482M->371M(479M) 1.298ms
[13818.939s][info][gc,cpu         ] GC(34798) User=0.00s Sys=0.00s Real=0.00s
[13819.316s][info][gc,start       ] GC(34799) Pause Young (Allocation Failure)
[13819.317s][info][gc,heap        ] GC(34799) PSYoungGen: 110336K(110592K)->160K(107520K) Eden: 110080K(110080K)->0K(107008K) From: 256K(512K)->160K(512K)
[13819.317s][info][gc,heap        ] GC(34799) ParOldGen: 379869K(379904K)->379877K(379904K)
[13819.317s][info][gc,metaspace   ] GC(34799) Metaspace: 8795K(9024K)->8795K(9024K) NonClass: 8143K(8320K)->8143K(8320K) Class: 652K(704K)->652K(704K)
[13819.317s][info][gc             ] GC(34799) Pause Young (Allocation Failure) 478M->371M(476M) 1.343ms
[13819.317s][info][gc,cpu         ] GC(34799) User=0.00s Sys=0.00s Real=0.00s
[13819.666s][info][gc,start       ] GC(34800) Pause Young (Allocation Failure)
[13819.667s][info][gc,heap        ] GC(34800) PSYoungGen: 107168K(107520K)->256K(104448K) Eden: 107008K(107008K)->0K(103936K) From: 160K(512K)->256K(512K)
[13819.667s][info][gc,heap        ] GC(34800) ParOldGen: 379877K(379904K)->379893K(379904K)
[13819.667s][info][gc,metaspace   ] GC(34800) Metaspace: 8795K(9024K)->8795K(9024K) NonClass: 8143K(8320K)->8143K(8320K) Class: 652K(704K)->652K(704K)
[13819.667s][info][gc             ] GC(34800) Pause Young (Allocation Failure) 475M->371M(473M) 1.298ms
[13819.667s][info][gc,cpu         ] GC(34800) User=0.00s Sys=0.00s Real=0.00s
[13820.018s][info][gc,start       ] GC(34801) Pause Young (Allocation Failure)
[13820.020s][info][gc,heap        ] GC(34801) PSYoungGen: 104192K(104448K)->224K(101376K) Eden: 103936K(103936K)->0K(100864K) From: 256K(512K)->224K(512K)
[13820.020s][info][gc,heap        ] GC(34801) ParOldGen: 379893K(379904K)->379909K(380416K)
[13820.020s][info][gc,metaspace   ] GC(34801) Metaspace: 8795K(9024K)->8795K(9024K) NonClass: 8143K(8320K)->8143K(8320K) Class: 652K(704K)->652K(704K)
[13820.020s][info][gc             ] GC(34801) Pause Young (Allocation Failure) 472M->371M(470M) 1.446ms
[13820.020s][info][gc,cpu         ] GC(34801) User=0.00s Sys=0.00s Real=0.00s
[13820.385s][info][gc,start       ] GC(34802) Pause Young (Allocation Failure)
[13820.386s][info][gc,heap        ] GC(34802) PSYoungGen: 101088K(101376K)->240K(98304K) Eden: 100864K(100864K)->0K(97792K) From: 224K(512K)->240K(512K)
[13820.386s][info][gc,heap        ] GC(34802) ParOldGen: 379909K(380416K)->379925K(380416K)
[13820.386s][info][gc,metaspace   ] GC(34802) Metaspace: 8795K(9024K)->8795K(9024K) NonClass: 8143K(8320K)->8143K(8320K) Class: 652K(704K)->652K(704K)
[13820.386s][info][gc             ] GC(34802) Pause Young (Allocation Failure) 469M->371M(467M) 1.278ms
[13820.386s][info][gc,cpu         ] GC(34802) User=0.00s Sys=0.00s Real=0.00s
[13820.689s][info][gc,start       ] GC(34803) Pause Young (Allocation Failure)
[13820.690s][info][gc,heap        ] GC(34803) PSYoungGen: 98032K(98304K)->240K(95744K) Eden: 97792K(97792K)->0K(95232K) From: 240K(512K)->240K(512K)
[13820.690s][info][gc,heap        ] GC(34803) ParOldGen: 379925K(380416K)->379941K(380416K)
[13820.690s][info][gc,metaspace   ] GC(34803) Metaspace: 8795K(9024K)->8795K(9024K) NonClass: 8143K(8320K)->8143K(8320K) Class: 652K(704K)->652K(704K)
[13820.690s][info][gc             ] GC(34803) Pause Young (Allocation Failure) 466M->371M(465M) 1.322ms
[13820.690s][info][gc,cpu         ] GC(34803) User=0.00s Sys=0.00s Real=0.00s
[13820.990s][info][gc,start       ] GC(34804) Pause Young (Allocation Failure)
[13820.991s][info][gc,heap        ] GC(34804) PSYoungGen: 95472K(95744K)->240K(93184K) Eden: 95232K(95232K)->0K(92672K) From: 240K(512K)->240K(512K)
[13820.991s][info][gc,heap        ] GC(34804) ParOldGen: 379941K(380416K)->379957K(380416K)
[13820.991s][info][gc,metaspace   ] GC(34804) Metaspace: 8795K(9024K)->8795K(9024K) NonClass: 8143K(8320K)->8143K(8320K) Class: 652K(704K)->652K(704K)
[13820.991s][info][gc             ] GC(34804) Pause Young (Allocation Failure) 464M->371M(462M) 1.275ms
[13820.991s][info][gc,cpu         ] GC(34804) User=0.01s Sys=0.00s Real=0.01s
[13821.300s][info][gc,start       ] GC(34805) Pause Young (Allocation Failure)
[13821.302s][info][gc,heap        ] GC(34805) PSYoungGen: 92912K(93184K)->256K(90624K) Eden: 92672K(92672K)->0K(90112K) From: 240K(512K)->256K(512K)
[13821.302s][info][gc,heap        ] GC(34805) ParOldGen: 379957K(380416K)->379965K(380416K)
[13821.302s][info][gc,metaspace   ] GC(34805) Metaspace: 8795K(9024K)->8795K(9024K) NonClass: 8143K(8320K)->8143K(8320K) Class: 652K(704K)->652K(704K)
[13821.302s][info][gc             ] GC(34805) Pause Young (Allocation Failure) 461M->371M(460M) 1.579ms
[13821.302s][info][gc,cpu         ] GC(34805) User=0.00s Sys=0.00s Real=0.01s
[13821.599s][info][gc,start       ] GC(34806) Pause Young (Allocation Failure)
[13821.600s][info][gc,heap        ] GC(34806) PSYoungGen: 90368K(90624K)->288K(88064K) Eden: 90112K(90112K)->0K(87552K) From: 256K(512K)->288K(512K)
[13821.601s][info][gc,heap        ] GC(34806) ParOldGen: 379965K(380416K)->379981K(380416K)
[13821.601s][info][gc,metaspace   ] GC(34806) Metaspace: 8795K(9024K)->8795K(9024K) NonClass: 8143K(8320K)->8143K(8320K) Class: 652K(704K)->652K(704K)
[13821.601s][info][gc             ] GC(34806) Pause Young (Allocation Failure) 459M->371M(457M) 1.600ms
[13821.601s][info][gc,cpu         ] GC(34806) User=0.00s Sys=0.00s Real=0.01s
[13821.885s][info][gc,start       ] GC(34807) Pause Young (Allocation Failure)
[13821.886s][info][gc,heap        ] GC(34807) PSYoungGen: 87840K(88064K)->256K(202752K) Eden: 87552K(87552K)->0K(202240K) From: 288K(512K)->256K(512K)
[13821.886s][info][gc,heap        ] GC(34807) ParOldGen: 379981K(380416K)->379997K(380416K)
[13821.886s][info][gc,metaspace   ] GC(34807) Metaspace: 8795K(9024K)->8795K(9024K) NonClass: 8143K(8320K)->8143K(8320K) Class: 652K(704K)->652K(704K)
[13821.886s][info][gc             ] GC(34807) Pause Young (Allocation Failure) 456M->371M(569M) 1.275ms
[13821.886s][info][gc,cpu         ] GC(34807) User=0.00s Sys=0.00s Real=0.00s
[13822.533s][info][gc,start       ] GC(34808) Pause Young (Allocation Failure)
[13822.534s][info][gc,heap        ] GC(34808) PSYoungGen: 202496K(202752K)->240K(195584K) Eden: 202240K(202240K)->0K(195072K) From: 256K(512K)->240K(512K)
[13822.534s][info][gc,heap        ] GC(34808) ParOldGen: 379997K(380416K)->380013K(380416K)
[13822.534s][info][gc,metaspace   ] GC(34808) Metaspace: 8795K(9024K)->8795K(9024K) NonClass: 8143K(8320K)->8143K(8320K) Class: 652K(704K)->652K(704K)
[13822.534s][info][gc             ] GC(34808) Pause Young (Allocation Failure) 568M->371M(562M) 1.293ms
[13822.534s][info][gc,cpu         ] GC(34808) User=0.01s Sys=0.00s Real=0.00s
[13823.210s][info][gc,start       ] GC(34809) Pause Young (Allocation Failure)
[13823.212s][info][gc,heap        ] GC(34809) PSYoungGen: 195312K(195584K)->240K(188416K) Eden: 195072K(195072K)->0K(187904K) From: 240K(512K)->240K(512K)
[13823.212s][info][gc,heap        ] GC(34809) ParOldGen: 380013K(380416K)->380029K(380416K)
[13823.212s][info][gc,metaspace   ] GC(34809) Metaspace: 8795K(9024K)->8795K(9024K) NonClass: 8143K(8320K)->8143K(8320K) Class: 652K(704K)->652K(704K)
[13823.212s][info][gc             ] GC(34809) Pause Young (Allocation Failure) 561M->371M(555M) 1.358ms
[13823.212s][info][gc,cpu         ] GC(34809) User=0.00s Sys=0.00s Real=0.00s
[13823.806s][info][gc,start       ] GC(34810) Pause Young (Allocation Failure)
[13823.808s][info][gc,heap        ] GC(34810) PSYoungGen: 188144K(188416K)->224K(181760K) Eden: 187904K(187904K)->0K(181248K) From: 240K(512K)->224K(512K)
[13823.808s][info][gc,heap        ] GC(34810) ParOldGen: 380029K(380416K)->380045K(380416K)
[13823.808s][info][gc,metaspace   ] GC(34810) Metaspace: 8795K(9024K)->8795K(9024K) NonClass: 8143K(8320K)->8143K(8320K) Class: 652K(704K)->652K(704K)
[13823.808s][info][gc             ] GC(34810) Pause Young (Allocation Failure) 554M->371M(549M) 1.287ms
[13823.808s][info][gc,cpu         ] GC(34810) User=0.00s Sys=0.00s Real=0.00s
[13824.414s][info][gc,start       ] GC(34811) Pause Young (Allocation Failure)
[13824.415s][info][gc,heap        ] GC(34811) PSYoungGen: 181472K(181760K)->256K(175104K) Eden: 181248K(181248K)->0K(174592K) From: 224K(512K)->256K(512K)
[13824.415s][info][gc,heap        ] GC(34811) ParOldGen: 380045K(380416K)->380061K(380416K)
[13824.415s][info][gc,metaspace   ] GC(34811) Metaspace: 8795K(9024K)->8795K(9024K) NonClass: 8143K(8320K)->8143K(8320K) Class: 652K(704K)->652K(704K)
[13824.415s][info][gc             ] GC(34811) Pause Young (Allocation Failure) 548M->371M(542M) 1.354ms
[13824.415s][info][gc,cpu         ] GC(34811) User=0.00s Sys=0.00s Real=0.00s
[13825.076s][info][gc,start       ] GC(34812) Pause Young (Allocation Failure)
[13825.077s][info][gc,heap        ] GC(34812) PSYoungGen: 174848K(175104K)->240K(168960K) Eden: 174592K(174592K)->0K(168448K) From: 256K(512K)->240K(512K)
[13825.077s][info][gc,heap        ] GC(34812) ParOldGen: 380061K(380416K)->380077K(380416K)
[13825.077s][info][gc,metaspace   ] GC(34812) Metaspace: 8795K(9024K)->8795K(9024K) NonClass: 8143K(8320K)->8143K(8320K) Class: 652K(704K)->652K(704K)
[13825.077s][info][gc             ] GC(34812) Pause Young (Allocation Failure) 541M->371M(536M) 1.274ms
[13825.077s][info][gc,cpu         ] GC(34812) User=0.00s Sys=0.00s Real=0.00s
[13825.622s][info][gc,start       ] GC(34813) Pause Young (Allocation Failure)
[13825.623s][info][gc,heap        ] GC(34813) PSYoungGen: 168688K(168960K)->256K(163328K) Eden: 168448K(168448K)->0K(162816K) From: 240K(512K)->256K(512K)
[13825.623s][info][gc,heap        ] GC(34813) ParOldGen: 380077K(380416K)->380093K(380416K)
[13825.623s][info][gc,metaspace   ] GC(34813) Metaspace: 8795K(9024K)->8795K(9024K) NonClass: 8143K(8320K)->8143K(8320K) Class: 652K(704K)->652K(704K)
[13825.623s][info][gc             ] GC(34813) Pause Young (Allocation Failure) 535M->371M(531M) 1.324ms
[13825.624s][info][gc,cpu         ] GC(34813) User=0.00s Sys=0.00s Real=0.00s
[13826.177s][info][gc,start       ] GC(34814) Pause Young (Allocation Failure)
[13826.179s][info][gc,heap        ] GC(34814) PSYoungGen: 163072K(163328K)->256K(157696K) Eden: 162816K(162816K)->0K(157184K) From: 256K(512K)->256K(512K)
[13826.179s][info][gc,heap        ] GC(34814) ParOldGen: 380093K(380416K)->380101K(380416K)
[13826.179s][info][gc,metaspace   ] GC(34814) Metaspace: 8795K(9024K)->8795K(9024K) NonClass: 8143K(8320K)->8143K(8320K) Class: 652K(704K)->652K(704K)
[13826.179s][info][gc             ] GC(34814) Pause Young (Allocation Failure) 530M->371M(525M) 2.285ms
[13826.179s][info][gc,cpu         ] GC(34814) User=0.00s Sys=0.00s Real=0.00s
[13826.703s][info][gc,start       ] GC(34815) Pause Young (Allocation Failure)
[13826.705s][info][gc,heap        ] GC(34815) PSYoungGen: 157440K(157696K)->240K(152576K) Eden: 157184K(157184K)->0K(152064K) From: 256K(512K)->240K(512K)
[13826.705s][info][gc,heap        ] GC(34815) ParOldGen: 380101K(380416K)->380117K(380416K)
[13826.705s][info][gc,metaspace   ] GC(34815) Metaspace: 8795K(9024K)->8795K(9024K) NonClass: 8143K(8320K)->8143K(8320K) Class: 652K(704K)->652K(704K)
[13826.705s][info][gc             ] GC(34815) Pause Young (Allocation Failure) 524M->371M(520M) 1.655ms
[13826.705s][info][gc,cpu         ] GC(34815) User=0.00s Sys=0.00s Real=0.00s
[13827.204s][info][gc,start       ] GC(34816) Pause Young (Allocation Failure)
[13827.205s][info][gc,heap        ] GC(34816) PSYoungGen: 152304K(152576K)->256K(147456K) Eden: 152064K(152064K)->0K(146944K) From: 240K(512K)->256K(512K)
[13827.205s][info][gc,heap        ] GC(34816) ParOldGen: 380117K(380416K)->380133K(380416K)
[13827.205s][info][gc,metaspace   ] GC(34816) Metaspace: 8795K(9024K)->8795K(9024K) NonClass: 8143K(8320K)->8143K(8320K) Class: 652K(704K)->652K(704K)
[13827.205s][info][gc             ] GC(34816) Pause Young (Allocation Failure) 519M->371M(515M) 1.260ms
[13827.205s][info][gc,cpu         ] GC(34816) User=0.01s Sys=0.00s Real=0.00s
[13827.675s][info][gc,start       ] GC(34817) Pause Young (Allocation Failure)
[13827.677s][info][gc,heap        ] GC(34817) PSYoungGen: 147200K(147456K)->272K(142848K) Eden: 146944K(146944K)->0K(142336K) From: 256K(512K)->272K(512K)
[13827.677s][info][gc,heap        ] GC(34817) ParOldGen: 380133K(380416K)->380149K(380416K)
[13827.677s][info][gc,metaspace   ] GC(34817) Metaspace: 8795K(9024K)->8795K(9024K) NonClass: 8143K(8320K)->8143K(8320K) Class: 652K(704K)->652K(704K)
[13827.677s][info][gc             ] GC(34817) Pause Young (Allocation Failure) 514M->371M(511M) 2.244ms
[13827.677s][info][gc,cpu         ] GC(34817) User=0.00s Sys=0.00s Real=0.00s
[13828.156s][info][gc,start       ] GC(34818) Pause Young (Allocation Failure)
[13828.158s][info][gc,heap        ] GC(34818) PSYoungGen: 142608K(142848K)->272K(138240K) Eden: 142336K(142336K)->0K(137728K) From: 272K(512K)->272K(512K)
[13828.158s][info][gc,heap        ] GC(34818) ParOldGen: 380149K(380416K)->380157K(380416K)
[13828.158s][info][gc,metaspace   ] GC(34818) Metaspace: 8795K(9024K)->8795K(9024K) NonClass: 8143K(8320K)->8143K(8320K) Class: 652K(704K)->652K(704K)
[13828.158s][info][gc             ] GC(34818) Pause Young (Allocation Failure) 510M->371M(506M) 2.271ms
[13828.158s][info][gc,cpu         ] GC(34818) User=0.00s Sys=0.00s Real=0.00s
[13828.581s][info][gc,start       ] GC(34819) Pause Young (Allocation Failure)
[13828.583s][info][gc,heap        ] GC(34819) PSYoungGen: 138000K(138240K)->304K(133632K) Eden: 137728K(137728K)->0K(133120K) From: 272K(512K)->304K(512K)
[13828.583s][info][gc,heap        ] GC(34819) ParOldGen: 380157K(380416K)->380165K(380416K)
[13828.583s][info][gc,metaspace   ] GC(34819) Metaspace: 8795K(9024K)->8795K(9024K) NonClass: 8143K(8320K)->8143K(8320K) Class: 652K(704K)->652K(704K)
[13828.583s][info][gc             ] GC(34819) Pause Young (Allocation Failure) 506M->371M(502M) 2.270ms
[13828.583s][info][gc,cpu         ] GC(34819) User=0.00s Sys=0.00s Real=0.00s
[13828.995s][info][gc,start       ] GC(34820) Pause Young (Allocation Failure)
[13828.997s][info][gc,heap        ] GC(34820) PSYoungGen: 133424K(133632K)->256K(129536K) Eden: 133120K(133120K)->0K(129024K) From: 304K(512K)->256K(512K)
[13828.997s][info][gc,heap        ] GC(34820) ParOldGen: 380165K(380416K)->380173K(380416K)
[13828.997s][info][gc,metaspace   ] GC(34820) Metaspace: 8795K(9024K)->8795K(9024K) NonClass: 8143K(8320K)->8143K(8320K) Class: 652K(704K)->652K(704K)
[13828.997s][info][gc             ] GC(34820) Pause Young (Allocation Failure) 501M->371M(498M) 2.279ms
[13828.997s][info][gc,cpu         ] GC(34820) User=0.01s Sys=0.00s Real=0.00s
[13829.426s][info][gc,start       ] GC(34821) Pause Young (Allocation Failure)
[13829.428s][info][gc,heap        ] GC(34821) PSYoungGen: 129280K(129536K)->272K(125440K) Eden: 129024K(129024K)->0K(124928K) From: 256K(512K)->272K(512K)
[13829.428s][info][gc,heap        ] GC(34821) ParOldGen: 380173K(380416K)->380181K(380416K)
[13829.428s][info][gc,metaspace   ] GC(34821) Metaspace: 8795K(9024K)->8795K(9024K) NonClass: 8143K(8320K)->8143K(8320K) Class: 652K(704K)->652K(704K)
[13829.428s][info][gc             ] GC(34821) Pause Young (Allocation Failure) 497M->371M(494M) 2.376ms
[13829.428s][info][gc,cpu         ] GC(34821) User=0.00s Sys=0.00s Real=0.00s
[13829.860s][info][gc,start       ] GC(34822) Pause Young (Allocation Failure)
[13829.863s][info][gc,heap        ] GC(34822) PSYoungGen: 125200K(125440K)->304K(121344K) Eden: 124928K(124928K)->0K(120832K) From: 272K(512K)->304K(512K)
[13829.863s][info][gc,heap        ] GC(34822) ParOldGen: 380181K(380416K)->380189K(380416K)
[13829.863s][info][gc,metaspace   ] GC(34822) Metaspace: 8795K(9024K)->8795K(9024K) NonClass: 8143K(8320K)->8143K(8320K) Class: 652K(704K)->652K(704K)
[13829.863s][info][gc             ] GC(34822) Pause Young (Allocation Failure) 493M->371M(490M) 2.621ms
[13829.863s][info][gc,cpu         ] GC(34822) User=0.00s Sys=0.00s Real=0.00s
[13830.244s][info][gc,start       ] GC(34823) Pause Young (Allocation Failure)
[13830.247s][info][gc,heap        ] GC(34823) PSYoungGen: 121136K(121344K)->272K(117760K) Eden: 120832K(120832K)->0K(117248K) From: 304K(512K)->272K(512K)
[13830.247s][info][gc,heap        ] GC(34823) ParOldGen: 380189K(380416K)->380197K(380416K)
[13830.247s][info][gc,metaspace   ] GC(34823) Metaspace: 8795K(9024K)->8795K(9024K) NonClass: 8143K(8320K)->8143K(8320K) Class: 652K(704K)->652K(704K)
[13830.247s][info][gc             ] GC(34823) Pause Young (Allocation Failure) 489M->371M(486M) 2.773ms
[13830.247s][info][gc,cpu         ] GC(34823) User=0.00s Sys=0.00s Real=0.00s
[13830.641s][info][gc,start       ] GC(34824) Pause Young (Allocation Failure)
[13830.643s][info][gc,heap        ] GC(34824) PSYoungGen: 117520K(117760K)->272K(114176K) Eden: 117248K(117248K)->0K(113664K) From: 272K(512K)->272K(512K)
[13830.643s][info][gc,heap        ] GC(34824) ParOldGen: 380197K(380416K)->380205K(380416K)
[13830.643s][info][gc,metaspace   ] GC(34824) Metaspace: 8795K(9024K)->8795K(9024K) NonClass: 8143K(8320K)->8143K(8320K) Class: 652K(704K)->652K(704K)
[13830.643s][info][gc             ] GC(34824) Pause Young (Allocation Failure) 486M->371M(483M) 2.320ms
[13830.643s][info][gc,cpu         ] GC(34824) User=0.00s Sys=0.00s Real=0.00s
[13831.001s][info][gc,start       ] GC(34825) Pause Young (Allocation Failure)
[13831.004s][info][gc,heap        ] GC(34825) PSYoungGen: 113936K(114176K)->272K(110592K) Eden: 113664K(113664K)->0K(110080K) From: 272K(512K)->272K(512K)
[13831.004s][info][gc,heap        ] GC(34825) ParOldGen: 380205K(380416K)->380213K(380416K)
[13831.004s][info][gc,metaspace   ] GC(34825) Metaspace: 8795K(9024K)->8795K(9024K) NonClass: 8143K(8320K)->8143K(8320K) Class: 652K(704K)->652K(704K)
[13831.004s][info][gc             ] GC(34825) Pause Young (Allocation Failure) 482M->371M(479M) 3.106ms
[13831.004s][info][gc,cpu         ] GC(34825) User=0.01s Sys=0.00s Real=0.00s
[13831.353s][info][gc,start       ] GC(34826) Pause Young (Allocation Failure)
[13831.354s][info][gc,heap        ] GC(34826) PSYoungGen: 110352K(110592K)->240K(107520K) Eden: 110080K(110080K)->0K(107008K) From: 272K(512K)->240K(512K)
[13831.355s][info][gc,heap        ] GC(34826) ParOldGen: 380213K(380416K)->380229K(380416K)
[13831.355s][info][gc,metaspace   ] GC(34826) Metaspace: 8795K(9024K)->8795K(9024K) NonClass: 8143K(8320K)->8143K(8320K) Class: 652K(704K)->652K(704K)
[13831.355s][info][gc             ] GC(34826) Pause Young (Allocation Failure) 479M->371M(476M) 1.267ms
[13831.355s][info][gc,cpu         ] GC(34826) User=0.01s Sys=0.00s Real=0.00s
[13831.717s][info][gc,start       ] GC(34827) Pause Young (Allocation Failure)
[13831.720s][info][gc,heap        ] GC(34827) PSYoungGen: 107248K(107520K)->272K(104448K) Eden: 107008K(107008K)->0K(103936K) From: 240K(512K)->272K(512K)
[13831.720s][info][gc,heap        ] GC(34827) ParOldGen: 380229K(380416K)->380237K(380416K)
[13831.720s][info][gc,metaspace   ] GC(34827) Metaspace: 8795K(9024K)->8795K(9024K) NonClass: 8143K(8320K)->8143K(8320K) Class: 652K(704K)->652K(704K)
[13831.720s][info][gc             ] GC(34827) Pause Young (Allocation Failure) 476M->371M(473M) 2.307ms
[13831.720s][info][gc,cpu         ] GC(34827) User=0.00s Sys=0.00s Real=0.00s
[13832.055s][info][gc,start       ] GC(34828) Pause Young (Allocation Failure)
[13832.056s][info][gc,heap        ] GC(34828) PSYoungGen: 104208K(104448K)->240K(101376K) Eden: 103936K(103936K)->0K(100864K) From: 272K(512K)->240K(512K)
[13832.056s][info][gc,heap        ] GC(34828) ParOldGen: 380237K(380416K)->380253K(380416K)
[13832.056s][info][gc,metaspace   ] GC(34828) Metaspace: 8795K(9024K)->8795K(9024K) NonClass: 8143K(8320K)->8143K(8320K) Class: 652K(704K)->652K(704K)
[13832.056s][info][gc             ] GC(34828) Pause Young (Allocation Failure) 473M->371M(470M) 1.289ms
[13832.056s][info][gc,cpu         ] GC(34828) User=0.00s Sys=0.00s Real=0.00s
[13832.389s][info][gc,start       ] GC(34829) Pause Young (Allocation Failure)
[13832.390s][info][gc,heap        ] GC(34829) PSYoungGen: 101104K(101376K)->224K(98304K) Eden: 100864K(100864K)->0K(97792K) From: 240K(512K)->224K(512K)
[13832.390s][info][gc,heap        ] GC(34829) ParOldGen: 380253K(380416K)->380269K(380416K)
[13832.390s][info][gc,metaspace   ] GC(34829) Metaspace: 8795K(9024K)->8795K(9024K) NonClass: 8143K(8320K)->8143K(8320K) Class: 652K(704K)->652K(704K)
[13832.390s][info][gc             ] GC(34829) Pause Young (Allocation Failure) 470M->371M(467M) 1.279ms
[13832.390s][info][gc,cpu         ] GC(34829) User=0.00s Sys=0.00s Real=0.00s
[13832.706s][info][gc,start       ] GC(34830) Pause Young (Allocation Failure)
[13832.709s][info][gc,heap        ] GC(34830) PSYoungGen: 98016K(98304K)->240K(95744K) Eden: 97792K(97792K)->0K(95232K) From: 224K(512K)->240K(512K)
[13832.709s][info][gc,heap        ] GC(34830) ParOldGen: 380269K(380416K)->380285K(380416K)
[13832.709s][info][gc,metaspace   ] GC(34830) Metaspace: 8795K(9024K)->8795K(9024K) NonClass: 8143K(8320K)->8143K(8320K) Class: 652K(704K)->652K(704K)
[13832.709s][info][gc             ] GC(34830) Pause Young (Allocation Failure) 467M->371M(465M) 2.268ms
[13832.709s][info][gc,cpu         ] GC(34830) User=0.00s Sys=0.00s Real=0.00s
[13833.015s][info][gc,start       ] GC(34831) Pause Young (Allocation Failure)
[13833.017s][info][gc,heap        ] GC(34831) PSYoungGen: 95472K(95744K)->304K(93184K) Eden: 95232K(95232K)->0K(92672K) From: 240K(512K)->304K(512K)
[13833.017s][info][gc,heap        ] GC(34831) ParOldGen: 380285K(380416K)->380301K(380416K)
[13833.017s][info][gc,metaspace   ] GC(34831) Metaspace: 8795K(9024K)->8795K(9024K) NonClass: 8143K(8320K)->8143K(8320K) Class: 652K(704K)->652K(704K)
[13833.017s][info][gc             ] GC(34831) Pause Young (Allocation Failure) 464M->371M(462M) 2.303ms
[13833.017s][info][gc,cpu         ] GC(34831) User=0.00s Sys=0.00s Real=0.00s
[13833.314s][info][gc,start       ] GC(34832) Pause Young (Allocation Failure)
[13833.316s][info][gc,heap        ] GC(34832) PSYoungGen: 92976K(93184K)->256K(90624K) Eden: 92672K(92672K)->0K(90112K) From: 304K(512K)->256K(512K)
[13833.316s][info][gc,heap        ] GC(34832) ParOldGen: 380301K(380416K)->380309K(380416K)
[13833.316s][info][gc,metaspace   ] GC(34832) Metaspace: 8795K(9024K)->8795K(9024K) NonClass: 8143K(8320K)->8143K(8320K) Class: 652K(704K)->652K(704K)
[13833.316s][info][gc             ] GC(34832) Pause Young (Allocation Failure) 462M->371M(460M) 2.316ms
[13833.316s][info][gc,cpu         ] GC(34832) User=0.00s Sys=0.00s Real=0.00s
[13833.624s][info][gc,start       ] GC(34833) Pause Young (Allocation Failure)
[13833.627s][info][gc,heap        ] GC(34833) PSYoungGen: 90368K(90624K)->272K(88064K) Eden: 90112K(90112K)->0K(87552K) From: 256K(512K)->272K(512K)
[13833.627s][info][gc,heap        ] GC(34833) ParOldGen: 380309K(380416K)->380317K(380416K)
[13833.627s][info][gc,metaspace   ] GC(34833) Metaspace: 8795K(9024K)->8795K(9024K) NonClass: 8143K(8320K)->8143K(8320K) Class: 652K(704K)->652K(704K)
[13833.627s][info][gc             ] GC(34833) Pause Young (Allocation Failure) 459M->371M(457M) 2.283ms
[13833.627s][info][gc,cpu         ] GC(34833) User=0.00s Sys=0.00s Real=0.00s
[13833.906s][info][gc,start       ] GC(34834) Pause Young (Allocation Failure)
[13833.907s][info][gc,heap        ] GC(34834) PSYoungGen: 87824K(88064K)->208K(202752K) Eden: 87552K(87552K)->0K(202240K) From: 272K(512K)->208K(512K)
[13833.907s][info][gc,heap        ] GC(34834) ParOldGen: 380317K(380416K)->380325K(380416K)
[13833.907s][info][gc,metaspace   ] GC(34834) Metaspace: 8795K(9024K)->8795K(9024K) NonClass: 8143K(8320K)->8143K(8320K) Class: 652K(704K)->652K(704K)
[13833.907s][info][gc             ] GC(34834) Pause Young (Allocation Failure) 457M->371M(569M) 1.615ms
[13833.907s][info][gc,cpu         ] GC(34834) User=0.00s Sys=0.00s Real=0.00s
[13834.527s][info][gc,start       ] GC(34835) Pause Young (Allocation Failure)
[13834.529s][info][gc,heap        ] GC(34835) PSYoungGen: 202448K(202752K)->256K(195584K) Eden: 202240K(202240K)->0K(195072K) From: 208K(512K)->256K(512K)
[13834.529s][info][gc,heap        ] GC(34835) ParOldGen: 380325K(380416K)->380341K(380416K)
[13834.529s][info][gc,metaspace   ] GC(34835) Metaspace: 8795K(9024K)->8795K(9024K) NonClass: 8143K(8320K)->8143K(8320K) Class: 652K(704K)->652K(704K)
[13834.529s][info][gc             ] GC(34835) Pause Young (Allocation Failure) 569M->371M(562M) 1.723ms
[13834.529s][info][gc,cpu         ] GC(34835) User=0.00s Sys=0.00s Real=0.00s
[13835.148s][info][gc,start       ] GC(34836) Pause Young (Allocation Failure)
[13835.150s][info][gc,heap        ] GC(34836) PSYoungGen: 195328K(195584K)->256K(188416K) Eden: 195072K(195072K)->0K(187904K) From: 256K(512K)->256K(512K)
[13835.150s][info][gc,heap        ] GC(34836) ParOldGen: 380341K(380416K)->380349K(380416K)
[13835.150s][info][gc,metaspace   ] GC(34836) Metaspace: 8795K(9024K)->8795K(9024K) NonClass: 8143K(8320K)->8143K(8320K) Class: 652K(704K)->652K(704K)
[13835.150s][info][gc             ] GC(34836) Pause Young (Allocation Failure) 562M->371M(555M) 2.254ms
[13835.150s][info][gc,cpu         ] GC(34836) User=0.00s Sys=0.01s Real=0.00s
[13835.733s][info][gc,start       ] GC(34837) Pause Young (Allocation Failure)
[13835.735s][info][gc,heap        ] GC(34837) PSYoungGen: 188160K(188416K)->272K(181760K) Eden: 187904K(187904K)->0K(181248K) From: 256K(512K)->272K(512K)
[13835.735s][info][gc,heap        ] GC(34837) ParOldGen: 380349K(380416K)->380357K(380416K)
[13835.735s][info][gc,metaspace   ] GC(34837) Metaspace: 8795K(9024K)->8795K(9024K) NonClass: 8143K(8320K)->8143K(8320K) Class: 652K(704K)->652K(704K)
[13835.735s][info][gc             ] GC(34837) Pause Young (Allocation Failure) 555M->371M(549M) 2.255ms
[13835.735s][info][gc,cpu         ] GC(34837) User=0.00s Sys=0.00s Real=0.00s
[13836.291s][info][gc,start       ] GC(34838) Pause Young (Allocation Failure)
[13836.293s][info][gc,heap        ] GC(34838) PSYoungGen: 181520K(181760K)->240K(175104K) Eden: 181248K(181248K)->0K(174592K) From: 272K(512K)->240K(512K)
[13836.293s][info][gc,heap        ] GC(34838) ParOldGen: 380357K(380416K)->380373K(380416K)
[13836.293s][info][gc,metaspace   ] GC(34838) Metaspace: 8795K(9024K)->8795K(9024K) NonClass: 8143K(8320K)->8143K(8320K) Class: 652K(704K)->652K(704K)
[13836.293s][info][gc             ] GC(34838) Pause Young (Allocation Failure) 548M->371M(542M) 1.717ms
[13836.293s][info][gc,cpu         ] GC(34838) User=0.00s Sys=0.00s Real=0.00s
[13836.870s][info][gc,start       ] GC(34839) Pause Young (Allocation Failure)
[13836.872s][info][gc,heap        ] GC(34839) PSYoungGen: 174832K(175104K)->256K(168960K) Eden: 174592K(174592K)->0K(168448K) From: 240K(512K)->256K(512K)
[13836.872s][info][gc,heap        ] GC(34839) ParOldGen: 380373K(380416K)->380381K(380416K)
[13836.872s][info][gc,metaspace   ] GC(34839) Metaspace: 8795K(9024K)->8795K(9024K) NonClass: 8143K(8320K)->8143K(8320K) Class: 652K(704K)->652K(704K)
[13836.872s][info][gc             ] GC(34839) Pause Young (Allocation Failure) 542M->371M(536M) 2.251ms
[13836.872s][info][gc,cpu         ] GC(34839) User=0.00s Sys=0.00s Real=0.01s
[13837.404s][info][gc,start       ] GC(34840) Pause Young (Allocation Failure)
[13837.406s][info][gc,heap        ] GC(34840) PSYoungGen: 168704K(168960K)->272K(163328K) Eden: 168448K(168448K)->0K(162816K) From: 256K(512K)->272K(512K)
[13837.406s][info][gc,heap        ] GC(34840) ParOldGen: 380381K(380416K)->380389K(380416K)
[13837.406s][info][gc,metaspace   ] GC(34840) Metaspace: 8795K(9024K)->8795K(9024K) NonClass: 8143K(8320K)->8143K(8320K) Class: 652K(704K)->652K(704K)
[13837.406s][info][gc             ] GC(34840) Pause Young (Allocation Failure) 536M->371M(531M) 2.260ms
[13837.407s][info][gc,cpu         ] GC(34840) User=0.00s Sys=0.00s Real=0.00s
[13837.937s][info][gc,start       ] GC(34841) Pause Young (Allocation Failure)
[13837.940s][info][gc,heap        ] GC(34841) PSYoungGen: 163088K(163328K)->272K(157696K) Eden: 162816K(162816K)->0K(157184K) From: 272K(512K)->272K(512K)
[13837.940s][info][gc,heap        ] GC(34841) ParOldGen: 380389K(380416K)->380397K(380416K)
[13837.940s][info][gc,metaspace   ] GC(34841) Metaspace: 8795K(9024K)->8795K(9024K) NonClass: 8143K(8320K)->8143K(8320K) Class: 652K(704K)->652K(704K)
[13837.940s][info][gc             ] GC(34841) Pause Young (Allocation Failure) 530M->371M(525M) 2.365ms
[13837.940s][info][gc,cpu         ] GC(34841) User=0.00s Sys=0.00s Real=0.00s
[13838.451s][info][gc,start       ] GC(34842) Pause Young (Allocation Failure)
[13838.453s][info][gc,heap        ] GC(34842) PSYoungGen: 157456K(157696K)->256K(152576K) Eden: 157184K(157184K)->0K(152064K) From: 272K(512K)->256K(512K)
[13838.453s][info][gc,heap        ] GC(34842) ParOldGen: 380397K(380416K)->380413K(380416K)
[13838.454s][info][gc,metaspace   ] GC(34842) Metaspace: 8795K(9024K)->8795K(9024K) NonClass: 8143K(8320K)->8143K(8320K) Class: 652K(704K)->652K(704K)
[13838.454s][info][gc             ] GC(34842) Pause Young (Allocation Failure) 525M->371M(520M) 2.914ms
[13838.454s][info][gc,cpu         ] GC(34842) User=0.00s Sys=0.00s Real=0.00s
[13838.926s][info][gc,start       ] GC(34843) Pause Young (Allocation Failure)
[13838.928s][info][gc,heap        ] GC(34843) PSYoungGen: 152320K(152576K)->288K(147456K) Eden: 152064K(152064K)->0K(146944K) From: 256K(512K)->288K(512K)
[13838.928s][info][gc,heap        ] GC(34843) ParOldGen: 380413K(380416K)->380429K(380928K)
[13838.928s][info][gc,metaspace   ] GC(34843) Metaspace: 8795K(9024K)->8795K(9024K) NonClass: 8143K(8320K)->8143K(8320K) Class: 652K(704K)->652K(704K)
[13838.928s][info][gc             ] GC(34843) Pause Young (Allocation Failure) 520M->371M(516M) 2.353ms
[13838.928s][info][gc,cpu         ] GC(34843) User=0.00s Sys=0.00s Real=0.00s
[13839.398s][info][gc,start       ] GC(34844) Pause Young (Allocation Failure)
[13839.401s][info][gc,heap        ] GC(34844) PSYoungGen: 147232K(147456K)->256K(142848K) Eden: 146944K(146944K)->0K(142336K) From: 288K(512K)->256K(512K)
[13839.401s][info][gc,heap        ] GC(34844) ParOldGen: 380429K(380928K)->380437K(380928K)
[13839.401s][info][gc,metaspace   ] GC(34844) Metaspace: 8795K(9024K)->8795K(9024K) NonClass: 8143K(8320K)->8143K(8320K) Class: 652K(704K)->652K(704K)
[13839.401s][info][gc             ] GC(34844) Pause Young (Allocation Failure) 515M->371M(511M) 2.818ms
[13839.401s][info][gc,cpu         ] GC(34844) User=0.01s Sys=0.00s Real=0.01s
[13839.841s][info][gc,start       ] GC(34845) Pause Young (Allocation Failure)
[13839.843s][info][gc,heap        ] GC(34845) PSYoungGen: 142592K(142848K)->256K(138240K) Eden: 142336K(142336K)->0K(137728K) From: 256K(512K)->256K(512K)
[13839.843s][info][gc,heap        ] GC(34845) ParOldGen: 380437K(380928K)->380445K(380928K)
[13839.843s][info][gc,metaspace   ] GC(34845) Metaspace: 8795K(9024K)->8795K(9024K) NonClass: 8143K(8320K)->8143K(8320K) Class: 652K(704K)->652K(704K)
[13839.843s][info][gc             ] GC(34845) Pause Young (Allocation Failure) 510M->371M(507M) 2.568ms
[13839.843s][info][gc,cpu         ] GC(34845) User=0.00s Sys=0.00s Real=0.00s
[13840.272s][info][gc,start       ] GC(34846) Pause Young (Allocation Failure)
[13840.275s][info][gc,heap        ] GC(34846) PSYoungGen: 137984K(138240K)->272K(133632K) Eden: 137728K(137728K)->0K(133120K) From: 256K(512K)->272K(512K)
[13840.275s][info][gc,heap        ] GC(34846) ParOldGen: 380445K(380928K)->380453K(380928K)
[13840.275s][info][gc,metaspace   ] GC(34846) Metaspace: 8795K(9024K)->8795K(9024K) NonClass: 8143K(8320K)->8143K(8320K) Class: 652K(704K)->652K(704K)
[13840.275s][info][gc             ] GC(34846) Pause Young (Allocation Failure) 506M->371M(502M) 2.275ms
[13840.275s][info][gc,cpu         ] GC(34846) User=0.00s Sys=0.00s Real=0.00s
[13840.728s][info][gc,start       ] GC(34847) Pause Young (Allocation Failure)
[13840.730s][info][gc,heap        ] GC(34847) PSYoungGen: 133392K(133632K)->256K(129536K) Eden: 133120K(133120K)->0K(129024K) From: 272K(512K)->256K(512K)
[13840.730s][info][gc,heap        ] GC(34847) ParOldGen: 380453K(380928K)->380469K(380928K)
[13840.730s][info][gc,metaspace   ] GC(34847) Metaspace: 8795K(9024K)->8795K(9024K) NonClass: 8143K(8320K)->8143K(8320K) Class: 652K(704K)->652K(704K)
[13840.730s][info][gc             ] GC(34847) Pause Young (Allocation Failure) 501M->371M(498M) 1.295ms
[13840.730s][info][gc,cpu         ] GC(34847) User=0.00s Sys=0.00s Real=0.00s
[13841.164s][info][gc,start       ] GC(34848) Pause Young (Allocation Failure)
[13841.165s][info][gc,heap        ] GC(34848) PSYoungGen: 129280K(129536K)->256K(125440K) Eden: 129024K(129024K)->0K(124928K) From: 256K(512K)->256K(512K)
[13841.165s][info][gc,heap        ] GC(34848) ParOldGen: 380469K(380928K)->380485K(380928K)
[13841.165s][info][gc,metaspace   ] GC(34848) Metaspace: 8795K(9024K)->8795K(9024K) NonClass: 8143K(8320K)->8143K(8320K) Class: 652K(704K)->652K(704K)
[13841.165s][info][gc             ] GC(34848) Pause Young (Allocation Failure) 497M->371M(494M) 1.238ms
[13841.165s][info][gc,cpu         ] GC(34848) User=0.00s Sys=0.00s Real=0.00s
[13841.558s][info][gc,start       ] GC(34849) Pause Young (Allocation Failure)
[13841.560s][info][gc,heap        ] GC(34849) PSYoungGen: 125184K(125440K)->256K(121344K) Eden: 124928K(124928K)->0K(120832K) From: 256K(512K)->256K(512K)
[13841.560s][info][gc,heap        ] GC(34849) ParOldGen: 380485K(380928K)->380493K(380928K)
[13841.560s][info][gc,metaspace   ] GC(34849) Metaspace: 8795K(9024K)->8795K(9024K) NonClass: 8143K(8320K)->8143K(8320K) Class: 652K(704K)->652K(704K)
[13841.560s][info][gc             ] GC(34849) Pause Young (Allocation Failure) 493M->371M(490M) 2.270ms
[13841.560s][info][gc,cpu         ] GC(34849) User=0.00s Sys=0.00s Real=0.00s
[13841.950s][info][gc,start       ] GC(34850) Pause Young (Allocation Failure)
[13841.951s][info][gc,heap        ] GC(34850) PSYoungGen: 121088K(121344K)->256K(117760K) Eden: 120832K(120832K)->0K(117248K) From: 256K(512K)->256K(512K)
[13841.951s][info][gc,heap        ] GC(34850) ParOldGen: 380493K(380928K)->380509K(380928K)
[13841.951s][info][gc,metaspace   ] GC(34850) Metaspace: 8795K(9024K)->8795K(9024K) NonClass: 8143K(8320K)->8143K(8320K) Class: 652K(704K)->652K(704K)
[13841.951s][info][gc             ] GC(34850) Pause Young (Allocation Failure) 489M->371M(487M) 1.449ms
[13841.951s][info][gc,cpu         ] GC(34850) User=0.00s Sys=0.00s Real=0.01s
[13842.341s][info][gc,start       ] GC(34851) Pause Young (Allocation Failure)
[13842.342s][info][gc,heap        ] GC(34851) PSYoungGen: 117504K(117760K)->224K(114176K) Eden: 117248K(117248K)->0K(113664K) From: 256K(512K)->224K(512K)
[13842.342s][info][gc,heap        ] GC(34851) ParOldGen: 380509K(380928K)->380525K(380928K)
[13842.342s][info][gc,metaspace   ] GC(34851) Metaspace: 8795K(9024K)->8795K(9024K) NonClass: 8143K(8320K)->8143K(8320K) Class: 652K(704K)->652K(704K)
[13842.342s][info][gc             ] GC(34851) Pause Young (Allocation Failure) 486M->371M(483M) 1.434ms
[13842.343s][info][gc,cpu         ] GC(34851) User=0.00s Sys=0.00s Real=0.00s
[13842.722s][info][gc,start       ] GC(34852) Pause Young (Allocation Failure)
[13842.723s][info][gc,heap        ] GC(34852) PSYoungGen: 113888K(114176K)->256K(110592K) Eden: 113664K(113664K)->0K(110080K) From: 224K(512K)->256K(512K)
[13842.723s][info][gc,heap        ] GC(34852) ParOldGen: 380525K(380928K)->380541K(380928K)
[13842.723s][info][gc,metaspace   ] GC(34852) Metaspace: 8795K(9024K)->8795K(9024K) NonClass: 8143K(8320K)->8143K(8320K) Class: 652K(704K)->652K(704K)
[13842.723s][info][gc             ] GC(34852) Pause Young (Allocation Failure) 482M->371M(480M) 1.283ms
[13842.723s][info][gc,cpu         ] GC(34852) User=0.00s Sys=0.00s Real=0.00s
[13843.101s][info][gc,start       ] GC(34853) Pause Young (Allocation Failure)
[13843.102s][info][gc,heap        ] GC(34853) PSYoungGen: 110336K(110592K)->240K(107520K) Eden: 110080K(110080K)->0K(107008K) From: 256K(512K)->240K(512K)
[13843.102s][info][gc,heap        ] GC(34853) ParOldGen: 380541K(380928K)->380557K(380928K)
[13843.102s][info][gc,metaspace   ] GC(34853) Metaspace: 8795K(9024K)->8795K(9024K) NonClass: 8143K(8320K)->8143K(8320K) Class: 652K(704K)->652K(704K)
[13843.102s][info][gc             ] GC(34853) Pause Young (Allocation Failure) 479M->371M(477M) 1.327ms
[13843.102s][info][gc,cpu         ] GC(34853) User=0.00s Sys=0.01s Real=0.00s
[13843.431s][info][gc,start       ] GC(34854) Pause Young (Allocation Failure)
[13843.433s][info][gc,heap        ] GC(34854) PSYoungGen: 107248K(107520K)->256K(104448K) Eden: 107008K(107008K)->0K(103936K) From: 240K(512K)->256K(512K)
[13843.433s][info][gc,heap        ] GC(34854) ParOldGen: 380557K(380928K)->380573K(380928K)
[13843.433s][info][gc,metaspace   ] GC(34854) Metaspace: 8795K(9024K)->8795K(9024K) NonClass: 8143K(8320K)->8143K(8320K) Class: 652K(704K)->652K(704K)
[13843.433s][info][gc             ] GC(34854) Pause Young (Allocation Failure) 476M->371M(474M) 1.318ms
[13843.433s][info][gc,cpu         ] GC(34854) User=0.00s Sys=0.00s Real=0.00s
[13843.793s][info][gc,start       ] GC(34855) Pause Young (Allocation Failure)
[13843.795s][info][gc,heap        ] GC(34855) PSYoungGen: 104192K(104448K)->272K(101376K) Eden: 103936K(103936K)->0K(100864K) From: 256K(512K)->272K(512K)
[13843.795s][info][gc,heap        ] GC(34855) ParOldGen: 380573K(380928K)->380581K(380928K)
[13843.795s][info][gc,metaspace   ] GC(34855) Metaspace: 8795K(9024K)->8795K(9024K) NonClass: 8143K(8320K)->8143K(8320K) Class: 652K(704K)->652K(704K)
[13843.795s][info][gc             ] GC(34855) Pause Young (Allocation Failure) 473M->371M(471M) 2.271ms
[13843.795s][info][gc,cpu         ] GC(34855) User=0.00s Sys=0.00s Real=0.00s
[13844.156s][info][gc,start       ] GC(34856) Pause Young (Allocation Failure)
[13844.158s][info][gc,heap        ] GC(34856) PSYoungGen: 101135K(101376K)->256K(98304K) Eden: 100863K(100864K)->0K(97792K) From: 272K(512K)->256K(512K)
[13844.158s][info][gc,heap        ] GC(34856) ParOldGen: 380581K(380928K)->380589K(380928K)
[13844.158s][info][gc,metaspace   ] GC(34856) Metaspace: 8795K(9024K)->8795K(9024K) NonClass: 8143K(8320K)->8143K(8320K) Class: 652K(704K)->652K(704K)
[13844.158s][info][gc             ] GC(34856) Pause Young (Allocation Failure) 470M->371M(468M) 2.334ms
[13844.158s][info][gc,cpu         ] GC(34856) User=0.00s Sys=0.00s Real=0.00s
[13844.474s][info][gc,start       ] GC(34857) Pause Young (Allocation Failure)
[13844.476s][info][gc,heap        ] GC(34857) PSYoungGen: 98048K(98304K)->224K(95744K) Eden: 97792K(97792K)->0K(95232K) From: 256K(512K)->224K(512K)
[13844.476s][info][gc,heap        ] GC(34857) ParOldGen: 380589K(380928K)->380605K(380928K)
[13844.476s][info][gc,metaspace   ] GC(34857) Metaspace: 8795K(9024K)->8795K(9024K) NonClass: 8143K(8320K)->8143K(8320K) Class: 652K(704K)->652K(704K)
[13844.476s][info][gc             ] GC(34857) Pause Young (Allocation Failure) 467M->371M(465M) 1.641ms
[13844.476s][info][gc,cpu         ] GC(34857) User=0.00s Sys=0.00s Real=0.00s
[13844.790s][info][gc,start       ] GC(34858) Pause Young (Allocation Failure)
[13844.791s][info][gc,heap        ] GC(34858) PSYoungGen: 95456K(95744K)->272K(93184K) Eden: 95232K(95232K)->0K(92672K) From: 224K(512K)->272K(512K)
[13844.791s][info][gc,heap        ] GC(34858) ParOldGen: 380605K(380928K)->380621K(380928K)
[13844.791s][info][gc,metaspace   ] GC(34858) Metaspace: 8795K(9024K)->8795K(9024K) NonClass: 8143K(8320K)->8143K(8320K) Class: 652K(704K)->652K(704K)
[13844.791s][info][gc             ] GC(34858) Pause Young (Allocation Failure) 464M->371M(463M) 1.305ms
[13844.791s][info][gc,cpu         ] GC(34858) User=0.00s Sys=0.01s Real=0.01s
[13845.114s][info][gc,start       ] GC(34859) Pause Young (Allocation Failure)
[13845.116s][info][gc,heap        ] GC(34859) PSYoungGen: 92944K(93184K)->240K(90624K) Eden: 92672K(92672K)->0K(90112K) From: 272K(512K)->240K(512K)
[13845.116s][info][gc,heap        ] GC(34859) ParOldGen: 380621K(380928K)->380637K(380928K)
[13845.116s][info][gc,metaspace   ] GC(34859) Metaspace: 8795K(9024K)->8795K(9024K) NonClass: 8143K(8320K)->8143K(8320K) Class: 652K(704K)->652K(704K)
[13845.116s][info][gc             ] GC(34859) Pause Young (Allocation Failure) 462M->371M(460M) 1.251ms
[13845.116s][info][gc,cpu         ] GC(34859) User=0.00s Sys=0.00s Real=0.00s
[13845.403s][info][gc,start       ] GC(34860) Pause Young (Allocation Failure)
[13845.405s][info][gc,heap        ] GC(34860) PSYoungGen: 90352K(90624K)->256K(88064K) Eden: 90112K(90112K)->0K(87552K) From: 240K(512K)->256K(512K)
[13845.405s][info][gc,heap        ] GC(34860) ParOldGen: 380637K(380928K)->380653K(380928K)
[13845.405s][info][gc,metaspace   ] GC(34860) Metaspace: 8795K(9024K)->8795K(9024K) NonClass: 8143K(8320K)->8143K(8320K) Class: 652K(704K)->652K(704K)
[13845.405s][info][gc             ] GC(34860) Pause Young (Allocation Failure) 459M->371M(458M) 1.279ms
[13845.405s][info][gc,cpu         ] GC(34860) User=0.00s Sys=0.00s Real=0.00s
[13845.701s][info][gc,start       ] GC(34861) Pause Young (Allocation Failure)
[13845.704s][info][gc,heap        ] GC(34861) PSYoungGen: 87808K(88064K)->272K(202752K) Eden: 87552K(87552K)->0K(202240K) From: 256K(512K)->272K(512K)
[13845.704s][info][gc,heap        ] GC(34861) ParOldGen: 380653K(380928K)->380669K(380928K)
[13845.704s][info][gc,metaspace   ] GC(34861) Metaspace: 8795K(9024K)->8795K(9024K) NonClass: 8143K(8320K)->8143K(8320K) Class: 652K(704K)->652K(704K)
[13845.704s][info][gc             ] GC(34861) Pause Young (Allocation Failure) 457M->372M(570M) 2.445ms
[13845.704s][info][gc,cpu         ] GC(34861) User=0.01s Sys=0.00s Real=0.00s
[13846.350s][info][gc,start       ] GC(34862) Pause Young (Allocation Failure)
[13846.353s][info][gc,heap        ] GC(34862) PSYoungGen: 202512K(202752K)->272K(195584K) Eden: 202240K(202240K)->0K(195072K) From: 272K(512K)->272K(512K)
[13846.353s][info][gc,heap        ] GC(34862) ParOldGen: 380669K(380928K)->380685K(380928K)
[13846.353s][info][gc,metaspace   ] GC(34862) Metaspace: 8795K(9024K)->8795K(9024K) NonClass: 8143K(8320K)->8143K(8320K) Class: 652K(704K)->652K(704K)
[13846.353s][info][gc             ] GC(34862) Pause Young (Allocation Failure) 569M->372M(563M) 2.392ms
[13846.353s][info][gc,cpu         ] GC(34862) User=0.00s Sys=0.00s Real=0.01s
[13846.994s][info][gc,start       ] GC(34863) Pause Young (Allocation Failure)
[13846.996s][info][gc,heap        ] GC(34863) PSYoungGen: 195344K(195584K)->304K(188416K) Eden: 195072K(195072K)->0K(187904K) From: 272K(512K)->304K(512K)
[13846.996s][info][gc,heap        ] GC(34863) ParOldGen: 380685K(380928K)->380693K(380928K)
[13846.996s][info][gc,metaspace   ] GC(34863) Metaspace: 8795K(9024K)->8795K(9024K) NonClass: 8143K(8320K)->8143K(8320K) Class: 652K(704K)->652K(704K)
[13846.996s][info][gc             ] GC(34863) Pause Young (Allocation Failure) 562M->372M(556M) 2.318ms
[13846.996s][info][gc,cpu         ] GC(34863) User=0.00s Sys=0.00s Real=0.00s
[13847.627s][info][gc,start       ] GC(34864) Pause Young (Allocation Failure)
[13847.629s][info][gc,heap        ] GC(34864) PSYoungGen: 188208K(188416K)->256K(181760K) Eden: 187904K(187904K)->0K(181248K) From: 304K(512K)->256K(512K)
[13847.629s][info][gc,heap        ] GC(34864) ParOldGen: 380693K(380928K)->380701K(380928K)
[13847.629s][info][gc,metaspace   ] GC(34864) Metaspace: 8795K(9024K)->8795K(9024K) NonClass: 8143K(8320K)->8143K(8320K) Class: 652K(704K)->652K(704K)
[13847.629s][info][gc             ] GC(34864) Pause Young (Allocation Failure) 555M->372M(549M) 2.604ms
[13847.630s][info][gc,cpu         ] GC(34864) User=0.00s Sys=0.00s Real=0.00s
[13848.306s][info][gc,start       ] GC(34865) Pause Young (Allocation Failure)
[13848.309s][info][gc,heap        ] GC(34865) PSYoungGen: 181504K(181760K)->256K(175104K) Eden: 181248K(181248K)->0K(174592K) From: 256K(512K)->256K(512K)
[13848.309s][info][gc,heap        ] GC(34865) ParOldGen: 380701K(380928K)->380709K(380928K)
[13848.309s][info][gc,metaspace   ] GC(34865) Metaspace: 8795K(9024K)->8795K(9024K) NonClass: 8143K(8320K)->8143K(8320K) Class: 652K(704K)->652K(704K)
[13848.309s][info][gc             ] GC(34865) Pause Young (Allocation Failure) 549M->372M(543M) 2.456ms
[13848.309s][info][gc,cpu         ] GC(34865) User=0.00s Sys=0.00s Real=0.00s
[13848.921s][info][gc,start       ] GC(34866) Pause Young (Allocation Failure)
[13848.924s][info][gc,heap        ] GC(34866) PSYoungGen: 174848K(175104K)->272K(168960K) Eden: 174592K(174592K)->0K(168448K) From: 256K(512K)->272K(512K)
[13848.924s][info][gc,heap        ] GC(34866) ParOldGen: 380709K(380928K)->380717K(380928K)
[13848.924s][info][gc,metaspace   ] GC(34866) Metaspace: 8795K(9024K)->8795K(9024K) NonClass: 8143K(8320K)->8143K(8320K) Class: 652K(704K)->652K(704K)
[13848.924s][info][gc             ] GC(34866) Pause Young (Allocation Failure) 542M->372M(537M) 2.953ms
[13848.924s][info][gc,cpu         ] GC(34866) User=0.01s Sys=0.00s Real=0.00s
[13849.504s][info][gc,start       ] GC(34867) Pause Young (Allocation Failure)
[13849.506s][info][gc,heap        ] GC(34867) PSYoungGen: 168720K(168960K)->272K(163328K) Eden: 168448K(168448K)->0K(162816K) From: 272K(512K)->272K(512K)
[13849.506s][info][gc,heap        ] GC(34867) ParOldGen: 380717K(380928K)->380725K(380928K)
[13849.506s][info][gc,metaspace   ] GC(34867) Metaspace: 8795K(9024K)->8795K(9024K) NonClass: 8143K(8320K)->8143K(8320K) Class: 652K(704K)->652K(704K)
[13849.507s][info][gc             ] GC(34867) Pause Young (Allocation Failure) 536M->372M(531M) 2.624ms
[13849.507s][info][gc,cpu         ] GC(34867) User=0.00s Sys=0.00s Real=0.00s
[13850.080s][info][gc,start       ] GC(34868) Pause Young (Allocation Failure)
[13850.082s][info][gc,heap        ] GC(34868) PSYoungGen: 163088K(163328K)->272K(157696K) Eden: 162816K(162816K)->0K(157184K) From: 272K(512K)->272K(512K)
[13850.082s][info][gc,heap        ] GC(34868) ParOldGen: 380725K(380928K)->380733K(380928K)
[13850.082s][info][gc,metaspace   ] GC(34868) Metaspace: 8795K(9024K)->8795K(9024K) NonClass: 8143K(8320K)->8143K(8320K) Class: 652K(704K)->652K(704K)
[13850.082s][info][gc             ] GC(34868) Pause Young (Allocation Failure) 531M->372M(526M) 2.296ms
[13850.082s][info][gc,cpu         ] GC(34868) User=0.00s Sys=0.00s Real=0.01s
[13850.591s][info][gc,start       ] GC(34869) Pause Young (Allocation Failure)
[13850.593s][info][gc,heap        ] GC(34869) PSYoungGen: 157456K(157696K)->272K(152576K) Eden: 157184K(157184K)->0K(152064K) From: 272K(512K)->272K(512K)
[13850.593s][info][gc,heap        ] GC(34869) ParOldGen: 380733K(380928K)->380741K(380928K)
[13850.593s][info][gc,metaspace   ] GC(34869) Metaspace: 8795K(9024K)->8795K(9024K) NonClass: 8143K(8320K)->8143K(8320K) Class: 652K(704K)->652K(704K)
[13850.593s][info][gc             ] GC(34869) Pause Young (Allocation Failure) 525M->372M(521M) 2.317ms
[13850.593s][info][gc,cpu         ] GC(34869) User=0.00s Sys=0.00s Real=0.00s
[13851.082s][info][gc,start       ] GC(34870) Pause Young (Allocation Failure)
[13851.084s][info][gc,heap        ] GC(34870) PSYoungGen: 152336K(152576K)->272K(147456K) Eden: 152064K(152064K)->0K(146944K) From: 272K(512K)->272K(512K)
[13851.084s][info][gc,heap        ] GC(34870) ParOldGen: 380741K(380928K)->380749K(380928K)
[13851.084s][info][gc,metaspace   ] GC(34870) Metaspace: 8795K(9024K)->8795K(9024K) NonClass: 8143K(8320K)->8143K(8320K) Class: 652K(704K)->652K(704K)
[13851.084s][info][gc             ] GC(34870) Pause Young (Allocation Failure) 520M->372M(516M) 2.291ms
[13851.084s][info][gc,cpu         ] GC(34870) User=0.00s Sys=0.00s Real=0.00s
[13851.638s][info][gc,start       ] GC(34871) Pause Young (Allocation Failure)
[13851.641s][info][gc,heap        ] GC(34871) PSYoungGen: 147216K(147456K)->288K(142848K) Eden: 146944K(146944K)->0K(142336K) From: 272K(512K)->288K(512K)
[13851.641s][info][gc,heap        ] GC(34871) ParOldGen: 380749K(380928K)->380757K(380928K)
[13851.641s][info][gc,metaspace   ] GC(34871) Metaspace: 8795K(9024K)->8795K(9024K) NonClass: 8143K(8320K)->8143K(8320K) Class: 652K(704K)->652K(704K)
[13851.641s][info][gc             ] GC(34871) Pause Young (Allocation Failure) 515M->372M(511M) 2.317ms
[13851.641s][info][gc,cpu         ] GC(34871) User=0.00s Sys=0.00s Real=0.01s
[13852.140s][info][gc,start       ] GC(34872) Pause Young (Allocation Failure)
[13852.142s][info][gc,heap        ] GC(34872) PSYoungGen: 142624K(142848K)->272K(138240K) Eden: 142336K(142336K)->0K(137728K) From: 288K(512K)->272K(512K)
[13852.142s][info][gc,heap        ] GC(34872) ParOldGen: 380757K(380928K)->380765K(380928K)
[13852.142s][info][gc,metaspace   ] GC(34872) Metaspace: 8795K(9024K)->8795K(9024K) NonClass: 8143K(8320K)->8143K(8320K) Class: 652K(704K)->652K(704K)
[13852.142s][info][gc             ] GC(34872) Pause Young (Allocation Failure) 511M->372M(507M) 2.307ms
[13852.142s][info][gc,cpu         ] GC(34872) User=0.00s Sys=0.00s Real=0.01s
[13852.655s][info][gc,start       ] GC(34873) Pause Young (Allocation Failure)
[13852.657s][info][gc,heap        ] GC(34873) PSYoungGen: 138000K(138240K)->256K(133632K) Eden: 137728K(137728K)->0K(133120K) From: 272K(512K)->256K(512K)
[13852.657s][info][gc,heap        ] GC(34873) ParOldGen: 380765K(380928K)->380781K(380928K)
[13852.657s][info][gc,metaspace   ] GC(34873) Metaspace: 8795K(9024K)->8795K(9024K) NonClass: 8143K(8320K)->8143K(8320K) Class: 652K(704K)->652K(704K)
[13852.657s][info][gc             ] GC(34873) Pause Young (Allocation Failure) 506M->372M(502M) 1.697ms
[13852.657s][info][gc,cpu         ] GC(34873) User=0.00s Sys=0.00s Real=0.00s
[13853.113s][info][gc,start       ] GC(34874) Pause Young (Allocation Failure)
[13853.116s][info][gc,heap        ] GC(34874) PSYoungGen: 133376K(133632K)->256K(129536K) Eden: 133120K(133120K)->0K(129024K) From: 256K(512K)->256K(512K)
[13853.116s][info][gc,heap        ] GC(34874) ParOldGen: 380781K(380928K)->380797K(380928K)
[13853.116s][info][gc,metaspace   ] GC(34874) Metaspace: 8795K(9024K)->8795K(9024K) NonClass: 8143K(8320K)->8143K(8320K) Class: 652K(704K)->652K(704K)
[13853.116s][info][gc             ] GC(34874) Pause Young (Allocation Failure) 502M->372M(498M) 2.284ms
[13853.116s][info][gc,cpu         ] GC(34874) User=0.01s Sys=0.00s Real=0.00s
[13853.526s][info][gc,start       ] GC(34875) Pause Young (Allocation Failure)
[13853.528s][info][gc,heap        ] GC(34875) PSYoungGen: 129280K(129536K)->256K(125440K) Eden: 129024K(129024K)->0K(124928K) From: 256K(512K)->256K(512K)
[13853.528s][info][gc,heap        ] GC(34875) ParOldGen: 380797K(380928K)->380805K(380928K)
[13853.528s][info][gc,metaspace   ] GC(34875) Metaspace: 8795K(9024K)->8795K(9024K) NonClass: 8143K(8320K)->8143K(8320K) Class: 652K(704K)->652K(704K)
[13853.528s][info][gc             ] GC(34875) Pause Young (Allocation Failure) 498M->372M(494M) 2.325ms
[13853.528s][info][gc,cpu         ] GC(34875) User=0.00s Sys=0.00s Real=0.00s
[13853.916s][info][gc,start       ] GC(34876) Pause Young (Allocation Failure)
[13853.918s][info][gc,heap        ] GC(34876) PSYoungGen: 125184K(125440K)->256K(121344K) Eden: 124928K(124928K)->0K(120832K) From: 256K(512K)->256K(512K)
[13853.918s][info][gc,heap        ] GC(34876) ParOldGen: 380805K(380928K)->380813K(380928K)
[13853.918s][info][gc,metaspace   ] GC(34876) Metaspace: 8795K(9024K)->8795K(9024K) NonClass: 8143K(8320K)->8143K(8320K) Class: 652K(704K)->652K(704K)
[13853.918s][info][gc             ] GC(34876) Pause Young (Allocation Failure) 494M->372M(490M) 2.378ms
[13853.918s][info][gc,cpu         ] GC(34876) User=0.00s Sys=0.00s Real=0.00s
[13854.310s][info][gc,start       ] GC(34877) Pause Young (Allocation Failure)
[13854.312s][info][gc,heap        ] GC(34877) PSYoungGen: 121088K(121344K)->256K(117760K) Eden: 120832K(120832K)->0K(117248K) From: 256K(512K)->256K(512K)
[13854.312s][info][gc,heap        ] GC(34877) ParOldGen: 380813K(380928K)->380821K(380928K)
[13854.312s][info][gc,metaspace   ] GC(34877) Metaspace: 8795K(9024K)->8795K(9024K) NonClass: 8143K(8320K)->8143K(8320K) Class: 652K(704K)->652K(704K)
[13854.312s][info][gc             ] GC(34877) Pause Young (Allocation Failure) 490M->372M(487M) 2.181ms
[13854.312s][info][gc,cpu         ] GC(34877) User=0.00s Sys=0.00s Real=0.01s
[13854.691s][info][gc,start       ] GC(34878) Pause Young (Allocation Failure)
[13854.694s][info][gc,heap        ] GC(34878) PSYoungGen: 117504K(117760K)->272K(114176K) Eden: 117248K(117248K)->0K(113664K) From: 256K(512K)->272K(512K)
[13854.694s][info][gc,heap        ] GC(34878) ParOldGen: 380821K(380928K)->380829K(380928K)
[13854.694s][info][gc,metaspace   ] GC(34878) Metaspace: 8795K(9024K)->8795K(9024K) NonClass: 8143K(8320K)->8143K(8320K) Class: 652K(704K)->652K(704K)
[13854.694s][info][gc             ] GC(34878) Pause Young (Allocation Failure) 486M->372M(483M) 2.785ms
[13854.694s][info][gc,cpu         ] GC(34878) User=0.01s Sys=0.00s Real=0.00s
[13855.059s][info][gc,start       ] GC(34879) Pause Young (Allocation Failure)
[13855.061s][info][gc,heap        ] GC(34879) PSYoungGen: 113936K(114176K)->256K(110592K) Eden: 113664K(113664K)->0K(110080K) From: 272K(512K)->256K(512K)
[13855.061s][info][gc,heap        ] GC(34879) ParOldGen: 380829K(380928K)->380837K(380928K)
[13855.061s][info][gc,metaspace   ] GC(34879) Metaspace: 8795K(9024K)->8795K(9024K) NonClass: 8143K(8320K)->8143K(8320K) Class: 652K(704K)->652K(704K)
[13855.061s][info][gc             ] GC(34879) Pause Young (Allocation Failure) 483M->372M(480M) 1.824ms
[13855.061s][info][gc,cpu         ] GC(34879) User=0.00s Sys=0.00s Real=0.01s
[13855.401s][info][gc,start       ] GC(34880) Pause Young (Allocation Failure)
[13855.403s][info][gc,heap        ] GC(34880) PSYoungGen: 110336K(110592K)->240K(107520K) Eden: 110080K(110080K)->0K(107008K) From: 256K(512K)->240K(512K)
[13855.403s][info][gc,heap        ] GC(34880) ParOldGen: 380837K(380928K)->380853K(380928K)
[13855.403s][info][gc,metaspace   ] GC(34880) Metaspace: 8795K(9024K)->8795K(9024K) NonClass: 8143K(8320K)->8143K(8320K) Class: 652K(704K)->652K(704K)
[13855.403s][info][gc             ] GC(34880) Pause Young (Allocation Failure) 479M->372M(477M) 1.292ms
[13855.403s][info][gc,cpu         ] GC(34880) User=0.00s Sys=0.00s Real=0.00s
[13855.744s][info][gc,start       ] GC(34881) Pause Young (Allocation Failure)
[13855.746s][info][gc,heap        ] GC(34881) PSYoungGen: 107248K(107520K)->256K(104448K) Eden: 107008K(107008K)->0K(103936K) From: 240K(512K)->256K(512K)
[13855.746s][info][gc,heap        ] GC(34881) ParOldGen: 380853K(380928K)->380869K(380928K)
[13855.746s][info][gc,metaspace   ] GC(34881) Metaspace: 8795K(9024K)->8795K(9024K) NonClass: 8143K(8320K)->8143K(8320K) Class: 652K(704K)->652K(704K)
[13855.746s][info][gc             ] GC(34881) Pause Young (Allocation Failure) 476M->372M(474M) 1.254ms
[13855.746s][info][gc,cpu         ] GC(34881) User=0.00s Sys=0.00s Real=0.00s
[13856.063s][info][gc,start       ] GC(34882) Pause Young (Allocation Failure)
[13856.064s][info][gc,heap        ] GC(34882) PSYoungGen: 104192K(104448K)->256K(101376K) Eden: 103936K(103936K)->0K(100864K) From: 256K(512K)->256K(512K)
[13856.064s][info][gc,heap        ] GC(34882) ParOldGen: 380869K(380928K)->380885K(380928K)
[13856.064s][info][gc,metaspace   ] GC(34882) Metaspace: 8795K(9024K)->8795K(9024K) NonClass: 8143K(8320K)->8143K(8320K) Class: 652K(704K)->652K(704K)
[13856.064s][info][gc             ] GC(34882) Pause Young (Allocation Failure) 473M->372M(471M) 1.275ms
[13856.064s][info][gc,cpu         ] GC(34882) User=0.00s Sys=0.00s Real=0.00s
[13856.378s][info][gc,start       ] GC(34883) Pause Young (Allocation Failure)
[13856.379s][info][gc,heap        ] GC(34883) PSYoungGen: 101120K(101376K)->256K(98304K) Eden: 100864K(100864K)->0K(97792K) From: 256K(512K)->256K(512K)
[13856.379s][info][gc,heap        ] GC(34883) ParOldGen: 380885K(380928K)->380901K(380928K)
[13856.379s][info][gc,metaspace   ] GC(34883) Metaspace: 8795K(9024K)->8795K(9024K) NonClass: 8143K(8320K)->8143K(8320K) Class: 652K(704K)->652K(704K)
[13856.379s][info][gc             ] GC(34883) Pause Young (Allocation Failure) 470M->372M(468M) 1.319ms
[13856.379s][info][gc,cpu         ] GC(34883) User=0.00s Sys=0.00s Real=0.00s
[13856.704s][info][gc,start       ] GC(34884) Pause Young (Allocation Failure)
[13856.706s][info][gc,heap        ] GC(34884) PSYoungGen: 98048K(98304K)->256K(95744K) Eden: 97792K(97792K)->0K(95232K) From: 256K(512K)->256K(512K)
[13856.706s][info][gc,heap        ] GC(34884) ParOldGen: 380901K(380928K)->380917K(380928K)
[13856.706s][info][gc,metaspace   ] GC(34884) Metaspace: 8795K(9024K)->8795K(9024K) NonClass: 8143K(8320K)->8143K(8320K) Class: 652K(704K)->652K(704K)
[13856.706s][info][gc             ] GC(34884) Pause Young (Allocation Failure) 467M->372M(465M) 1.839ms
[13856.706s][info][gc,cpu         ] GC(34884) User=0.01s Sys=0.00s Real=0.00s
[13857.009s][info][gc,start       ] GC(34885) Pause Young (Allocation Failure)
[13857.010s][info][gc,heap        ] GC(34885) PSYoungGen: 95488K(95744K)->240K(93184K) Eden: 95232K(95232K)->0K(92672K) From: 256K(512K)->240K(512K)
[13857.010s][info][gc,heap        ] GC(34885) ParOldGen: 380917K(380928K)->380933K(381440K)
[13857.010s][info][gc,metaspace   ] GC(34885) Metaspace: 8795K(9024K)->8795K(9024K) NonClass: 8143K(8320K)->8143K(8320K) Class: 652K(704K)->652K(704K)
[13857.010s][info][gc             ] GC(34885) Pause Young (Allocation Failure) 465M->372M(463M) 1.345ms
[13857.010s][info][gc,cpu         ] GC(34885) User=0.01s Sys=0.00s Real=0.00s
[13857.325s][info][gc,start       ] GC(34886) Pause Young (Allocation Failure)
[13857.326s][info][gc,heap        ] GC(34886) PSYoungGen: 92912K(93184K)->256K(90624K) Eden: 92672K(92672K)->0K(90112K) From: 240K(512K)->256K(512K)
[13857.326s][info][gc,heap        ] GC(34886) ParOldGen: 380933K(381440K)->380949K(381440K)
[13857.326s][info][gc,metaspace   ] GC(34886) Metaspace: 8795K(9024K)->8795K(9024K) NonClass: 8143K(8320K)->8143K(8320K) Class: 652K(704K)->652K(704K)
[13857.326s][info][gc             ] GC(34886) Pause Young (Allocation Failure) 462M->372M(461M) 1.279ms
[13857.326s][info][gc,cpu         ] GC(34886) User=0.00s Sys=0.00s Real=0.00s
[13857.626s][info][gc,start       ] GC(34887) Pause Young (Allocation Failure)
[13857.628s][info][gc,heap        ] GC(34887) PSYoungGen: 90368K(90624K)->272K(88064K) Eden: 90112K(90112K)->0K(87552K) From: 256K(512K)->272K(512K)
[13857.628s][info][gc,heap        ] GC(34887) ParOldGen: 380949K(381440K)->380957K(381440K)
[13857.628s][info][gc,metaspace   ] GC(34887) Metaspace: 8795K(9024K)->8795K(9024K) NonClass: 8143K(8320K)->8143K(8320K) Class: 652K(704K)->652K(704K)
[13857.628s][info][gc             ] GC(34887) Pause Young (Allocation Failure) 460M->372M(458M) 2.280ms
[13857.628s][info][gc,cpu         ] GC(34887) User=0.00s Sys=0.00s Real=0.00s
[13857.911s][info][gc,start       ] GC(34888) Pause Young (Allocation Failure)
[13857.913s][info][gc,heap        ] GC(34888) PSYoungGen: 87824K(88064K)->272K(202752K) Eden: 87552K(87552K)->0K(202240K) From: 272K(512K)->272K(512K)
[13857.913s][info][gc,heap        ] GC(34888) ParOldGen: 380957K(381440K)->380965K(381440K)
[13857.914s][info][gc,metaspace   ] GC(34888) Metaspace: 8795K(9024K)->8795K(9024K) NonClass: 8143K(8320K)->8143K(8320K) Class: 652K(704K)->652K(704K)
[13857.914s][info][gc             ] GC(34888) Pause Young (Allocation Failure) 457M->372M(570M) 2.351ms
[13857.914s][info][gc,cpu         ] GC(34888) User=0.00s Sys=0.00s Real=0.00s
[13858.606s][info][gc,start       ] GC(34889) Pause Young (Allocation Failure)
[13858.608s][info][gc,heap        ] GC(34889) PSYoungGen: 202512K(202752K)->272K(195584K) Eden: 202240K(202240K)->0K(195072K) From: 272K(512K)->272K(512K)
[13858.608s][info][gc,heap        ] GC(34889) ParOldGen: 380965K(381440K)->380973K(381440K)
[13858.608s][info][gc,metaspace   ] GC(34889) Metaspace: 8795K(9024K)->8795K(9024K) NonClass: 8143K(8320K)->8143K(8320K) Class: 652K(704K)->652K(704K)
[13858.608s][info][gc             ] GC(34889) Pause Young (Allocation Failure) 569M->372M(563M) 2.415ms
[13858.608s][info][gc,cpu         ] GC(34889) User=0.01s Sys=0.00s Real=0.00s
[13859.228s][info][gc,start       ] GC(34890) Pause Young (Allocation Failure)
[13859.230s][info][gc,heap        ] GC(34890) PSYoungGen: 195344K(195584K)->272K(188416K) Eden: 195072K(195072K)->0K(187904K) From: 272K(512K)->272K(512K)
[13859.230s][info][gc,heap        ] GC(34890) ParOldGen: 380973K(381440K)->380981K(381440K)
[13859.230s][info][gc,metaspace   ] GC(34890) Metaspace: 8795K(9024K)->8795K(9024K) NonClass: 8143K(8320K)->8143K(8320K) Class: 652K(704K)->652K(704K)
[13859.230s][info][gc             ] GC(34890) Pause Young (Allocation Failure) 562M->372M(556M) 2.391ms
[13859.230s][info][gc,cpu         ] GC(34890) User=0.00s Sys=0.00s Real=0.00s
[13859.854s][info][gc,start       ] GC(34891) Pause Young (Allocation Failure)
[13859.858s][info][gc,heap        ] GC(34891) PSYoungGen: 188176K(188416K)->304K(181760K) Eden: 187904K(187904K)->0K(181248K) From: 272K(512K)->304K(512K)
[13859.858s][info][gc,heap        ] GC(34891) ParOldGen: 380981K(381440K)->380989K(381440K)
[13859.858s][info][gc,metaspace   ] GC(34891) Metaspace: 8795K(9024K)->8795K(9024K) NonClass: 8143K(8320K)->8143K(8320K) Class: 652K(704K)->652K(704K)
[13859.858s][info][gc             ] GC(34891) Pause Young (Allocation Failure) 555M->372M(550M) 3.792ms
[13859.858s][info][gc,cpu         ] GC(34891) User=0.01s Sys=0.00s Real=0.00s
[13860.487s][info][gc,start       ] GC(34892) Pause Young (Allocation Failure)
[13860.489s][info][gc,heap        ] GC(34892) PSYoungGen: 181552K(181760K)->208K(175104K) Eden: 181248K(181248K)->0K(174592K) From: 304K(512K)->208K(512K)
[13860.489s][info][gc,heap        ] GC(34892) ParOldGen: 380989K(381440K)->381005K(381440K)
[13860.489s][info][gc,metaspace   ] GC(34892) Metaspace: 8795K(9024K)->8795K(9024K) NonClass: 8143K(8320K)->8143K(8320K) Class: 652K(704K)->652K(704K)
[13860.489s][info][gc             ] GC(34892) Pause Young (Allocation Failure) 549M->372M(543M) 1.883ms
[13860.489s][info][gc,cpu         ] GC(34892) User=0.01s Sys=0.00s Real=0.00s
[13861.056s][info][gc,start       ] GC(34893) Pause Young (Allocation Failure)
[13861.058s][info][gc,heap        ] GC(34893) PSYoungGen: 174800K(175104K)->240K(168960K) Eden: 174592K(174592K)->0K(168448K) From: 208K(512K)->240K(512K)
[13861.058s][info][gc,heap        ] GC(34893) ParOldGen: 381005K(381440K)->381021K(381440K)
[13861.058s][info][gc,metaspace   ] GC(34893) Metaspace: 8795K(9024K)->8795K(9024K) NonClass: 8143K(8320K)->8143K(8320K) Class: 652K(704K)->652K(704K)
[13861.058s][info][gc             ] GC(34893) Pause Young (Allocation Failure) 542M->372M(537M) 1.315ms
[13861.058s][info][gc,cpu         ] GC(34893) User=0.00s Sys=0.00s Real=0.00s
[13861.622s][info][gc,start       ] GC(34894) Pause Young (Allocation Failure)
[13861.623s][info][gc,heap        ] GC(34894) PSYoungGen: 168688K(168960K)->240K(163328K) Eden: 168448K(168448K)->0K(162816K) From: 240K(512K)->240K(512K)
[13861.623s][info][gc,heap        ] GC(34894) ParOldGen: 381021K(381440K)->381037K(381440K)
[13861.623s][info][gc,metaspace   ] GC(34894) Metaspace: 8795K(9024K)->8795K(9024K) NonClass: 8143K(8320K)->8143K(8320K) Class: 652K(704K)->652K(704K)
[13861.623s][info][gc             ] GC(34894) Pause Young (Allocation Failure) 536M->372M(532M) 1.312ms
[13861.623s][info][gc,cpu         ] GC(34894) User=0.00s Sys=0.00s Real=0.00s
[13862.130s][info][gc,start       ] GC(34895) Pause Young (Allocation Failure)
[13862.132s][info][gc,heap        ] GC(34895) PSYoungGen: 163056K(163328K)->240K(157696K) Eden: 162816K(162816K)->0K(157184K) From: 240K(512K)->240K(512K)
[13862.132s][info][gc,heap        ] GC(34895) ParOldGen: 381037K(381440K)->381053K(381440K)
[13862.132s][info][gc,metaspace   ] GC(34895) Metaspace: 8795K(9024K)->8795K(9024K) NonClass: 8143K(8320K)->8143K(8320K) Class: 652K(704K)->652K(704K)
[13862.132s][info][gc             ] GC(34895) Pause Young (Allocation Failure) 531M->372M(526M) 1.379ms
[13862.132s][info][gc,cpu         ] GC(34895) User=0.00s Sys=0.00s Real=0.00s
[13862.636s][info][gc,start       ] GC(34896) Pause Young (Allocation Failure)
[13862.637s][info][gc,heap        ] GC(34896) PSYoungGen: 157424K(157696K)->256K(152576K) Eden: 157184K(157184K)->0K(152064K) From: 240K(512K)->256K(512K)
[13862.637s][info][gc,heap        ] GC(34896) ParOldGen: 381053K(381440K)->381069K(381440K)
[13862.637s][info][gc,metaspace   ] GC(34896) Metaspace: 8795K(9024K)->8795K(9024K) NonClass: 8143K(8320K)->8143K(8320K) Class: 652K(704K)->652K(704K)
[13862.637s][info][gc             ] GC(34896) Pause Young (Allocation Failure) 525M->372M(521M) 1.291ms
[13862.637s][info][gc,cpu         ] GC(34896) User=0.00s Sys=0.00s Real=0.00s
[13863.152s][info][gc,start       ] GC(34897) Pause Young (Allocation Failure)
[13863.153s][info][gc,heap        ] GC(34897) PSYoungGen: 152320K(152576K)->240K(147456K) Eden: 152064K(152064K)->0K(146944K) From: 256K(512K)->240K(512K)
[13863.153s][info][gc,heap        ] GC(34897) ParOldGen: 381069K(381440K)->381085K(381440K)
[13863.153s][info][gc,metaspace   ] GC(34897) Metaspace: 8795K(9024K)->8795K(9024K) NonClass: 8143K(8320K)->8143K(8320K) Class: 652K(704K)->652K(704K)
[13863.153s][info][gc             ] GC(34897) Pause Young (Allocation Failure) 520M->372M(516M) 1.287ms
[13863.153s][info][gc,cpu         ] GC(34897) User=0.00s Sys=0.00s Real=0.00s
[13863.681s][info][gc,start       ] GC(34898) Pause Young (Allocation Failure)
[13863.682s][info][gc,heap        ] GC(34898) PSYoungGen: 147184K(147456K)->240K(142848K) Eden: 146944K(146944K)->0K(142336K) From: 240K(512K)->240K(512K)
[13863.682s][info][gc,heap        ] GC(34898) ParOldGen: 381085K(381440K)->381101K(381440K)
[13863.682s][info][gc,metaspace   ] GC(34898) Metaspace: 8795K(9024K)->8795K(9024K) NonClass: 8143K(8320K)->8143K(8320K) Class: 652K(704K)->652K(704K)
[13863.682s][info][gc             ] GC(34898) Pause Young (Allocation Failure) 515M->372M(512M) 1.401ms
[13863.682s][info][gc,cpu         ] GC(34898) User=0.00s Sys=0.00s Real=0.00s
[13864.156s][info][gc,start       ] GC(34899) Pause Young (Allocation Failure)
[13864.158s][info][gc,heap        ] GC(34899) PSYoungGen: 142576K(142848K)->256K(138240K) Eden: 142336K(142336K)->0K(137728K) From: 240K(512K)->256K(512K)
[13864.158s][info][gc,heap        ] GC(34899) ParOldGen: 381101K(381440K)->381117K(381440K)
[13864.158s][info][gc,metaspace   ] GC(34899) Metaspace: 8795K(9024K)->8795K(9024K) NonClass: 8143K(8320K)->8143K(8320K) Class: 652K(704K)->652K(704K)
[13864.158s][info][gc             ] GC(34899) Pause Young (Allocation Failure) 511M->372M(507M) 2.045ms
[13864.158s][info][gc,cpu         ] GC(34899) User=0.00s Sys=0.00s Real=0.00s
[13864.606s][info][gc,start       ] GC(34900) Pause Young (Allocation Failure)
[13864.608s][info][gc,heap        ] GC(34900) PSYoungGen: 137984K(138240K)->272K(133632K) Eden: 137728K(137728K)->0K(133120K) From: 256K(512K)->272K(512K)
[13864.608s][info][gc,heap        ] GC(34900) ParOldGen: 381117K(381440K)->381133K(381440K)
[13864.608s][info][gc,metaspace   ] GC(34900) Metaspace: 8795K(9024K)->8795K(9024K) NonClass: 8143K(8320K)->8143K(8320K) Class: 652K(704K)->652K(704K)
[13864.608s][info][gc             ] GC(34900) Pause Young (Allocation Failure) 506M->372M(503M) 1.637ms
[13864.608s][info][gc,cpu         ] GC(34900) User=0.00s Sys=0.00s Real=0.00s
[13865.053s][info][gc,start       ] GC(34901) Pause Young (Allocation Failure)
[13865.055s][info][gc,heap        ] GC(34901) PSYoungGen: 133392K(133632K)->288K(129536K) Eden: 133120K(133120K)->0K(129024K) From: 272K(512K)->288K(512K)
[13865.055s][info][gc,heap        ] GC(34901) ParOldGen: 381133K(381440K)->381141K(381440K)
[13865.055s][info][gc,metaspace   ] GC(34901) Metaspace: 8795K(9024K)->8795K(9024K) NonClass: 8143K(8320K)->8143K(8320K) Class: 652K(704K)->652K(704K)
[13865.055s][info][gc             ] GC(34901) Pause Young (Allocation Failure) 502M->372M(499M) 2.477ms
[13865.055s][info][gc,cpu         ] GC(34901) User=0.00s Sys=0.00s Real=0.00s
[13865.464s][info][gc,start       ] GC(34902) Pause Young (Allocation Failure)
[13865.466s][info][gc,heap        ] GC(34902) PSYoungGen: 129312K(129536K)->272K(125440K) Eden: 129024K(129024K)->0K(124928K) From: 288K(512K)->272K(512K)
[13865.466s][info][gc,heap        ] GC(34902) ParOldGen: 381141K(381440K)->381157K(381440K)
[13865.466s][info][gc,metaspace   ] GC(34902) Metaspace: 8795K(9024K)->8795K(9024K) NonClass: 8143K(8320K)->8143K(8320K) Class: 652K(704K)->652K(704K)
[13865.466s][info][gc             ] GC(34902) Pause Young (Allocation Failure) 498M->372M(495M) 2.284ms
[13865.466s][info][gc,cpu         ] GC(34902) User=0.00s Sys=0.00s Real=0.00s
[13865.854s][info][gc,start       ] GC(34903) Pause Young (Allocation Failure)
[13865.856s][info][gc,heap        ] GC(34903) PSYoungGen: 125200K(125440K)->256K(121344K) Eden: 124928K(124928K)->0K(120832K) From: 272K(512K)->256K(512K)
[13865.856s][info][gc,heap        ] GC(34903) ParOldGen: 381157K(381440K)->381165K(381440K)
[13865.856s][info][gc,metaspace   ] GC(34903) Metaspace: 8795K(9024K)->8795K(9024K) NonClass: 8143K(8320K)->8143K(8320K) Class: 652K(704K)->652K(704K)
[13865.856s][info][gc             ] GC(34903) Pause Young (Allocation Failure) 494M->372M(491M) 2.468ms
[13865.856s][info][gc,cpu         ] GC(34903) User=0.01s Sys=0.00s Real=0.00s
[13866.270s][info][gc,start       ] GC(34904) Pause Young (Allocation Failure)
[13866.272s][info][gc,heap        ] GC(34904) PSYoungGen: 121088K(121344K)->272K(117760K) Eden: 120832K(120832K)->0K(117248K) From: 256K(512K)->272K(512K)
[13866.272s][info][gc,heap        ] GC(34904) ParOldGen: 381165K(381440K)->381173K(381440K)
[13866.272s][info][gc,metaspace   ] GC(34904) Metaspace: 8795K(9024K)->8795K(9024K) NonClass: 8143K(8320K)->8143K(8320K) Class: 652K(704K)->652K(704K)
[13866.272s][info][gc             ] GC(34904) Pause Young (Allocation Failure) 490M->372M(487M) 2.587ms
[13866.272s][info][gc,cpu         ] GC(34904) User=0.00s Sys=0.00s Real=0.01s
[13866.669s][info][gc,start       ] GC(34905) Pause Young (Allocation Failure)
[13866.671s][info][gc,heap        ] GC(34905) PSYoungGen: 117520K(117760K)->272K(114176K) Eden: 117248K(117248K)->0K(113664K) From: 272K(512K)->272K(512K)
[13866.671s][info][gc,heap        ] GC(34905) ParOldGen: 381173K(381440K)->381181K(381440K)
[13866.671s][info][gc,metaspace   ] GC(34905) Metaspace: 8795K(9024K)->8795K(9024K) NonClass: 8143K(8320K)->8143K(8320K) Class: 652K(704K)->652K(704K)
[13866.671s][info][gc             ] GC(34905) Pause Young (Allocation Failure) 487M->372M(484M) 2.512ms
[13866.671s][info][gc,cpu         ] GC(34905) User=0.00s Sys=0.00s Real=0.01s
[13867.037s][info][gc,start       ] GC(34906) Pause Young (Allocation Failure)
[13867.040s][info][gc,heap        ] GC(34906) PSYoungGen: 113936K(114176K)->272K(110592K) Eden: 113664K(113664K)->0K(110080K) From: 272K(512K)->272K(512K)
[13867.040s][info][gc,heap        ] GC(34906) ParOldGen: 381181K(381440K)->381197K(381440K)
[13867.040s][info][gc,metaspace   ] GC(34906) Metaspace: 8795K(9024K)->8795K(9024K) NonClass: 8143K(8320K)->8143K(8320K) Class: 652K(704K)->652K(704K)
[13867.040s][info][gc             ] GC(34906) Pause Young (Allocation Failure) 483M->372M(480M) 2.644ms
[13867.040s][info][gc,cpu         ] GC(34906) User=0.01s Sys=0.00s Real=0.00s
[13867.432s][info][gc,start       ] GC(34907) Pause Young (Allocation Failure)
[13867.435s][info][gc,heap        ] GC(34907) PSYoungGen: 110352K(110592K)->256K(107520K) Eden: 110080K(110080K)->0K(107008K) From: 272K(512K)->256K(512K)
[13867.435s][info][gc,heap        ] GC(34907) ParOldGen: 381197K(381440K)->381205K(381440K)
[13867.435s][info][gc,metaspace   ] GC(34907) Metaspace: 8795K(9024K)->8795K(9024K) NonClass: 8143K(8320K)->8143K(8320K) Class: 652K(704K)->652K(704K)
[13867.435s][info][gc             ] GC(34907) Pause Young (Allocation Failure) 480M->372M(477M) 2.774ms
[13867.435s][info][gc,cpu         ] GC(34907) User=0.01s Sys=0.00s Real=0.00s
[13867.827s][info][gc,start       ] GC(34908) Pause Young (Allocation Failure)
[13867.830s][info][gc,heap        ] GC(34908) PSYoungGen: 107264K(107520K)->256K(104448K) Eden: 107008K(107008K)->0K(103936K) From: 256K(512K)->256K(512K)
[13867.830s][info][gc,heap        ] GC(34908) ParOldGen: 381205K(381440K)->381213K(381440K)
[13867.830s][info][gc,metaspace   ] GC(34908) Metaspace: 8795K(9024K)->8795K(9024K) NonClass: 8143K(8320K)->8143K(8320K) Class: 652K(704K)->652K(704K)
[13867.830s][info][gc             ] GC(34908) Pause Young (Allocation Failure) 477M->372M(474M) 2.845ms
[13867.830s][info][gc,cpu         ] GC(34908) User=0.01s Sys=0.00s Real=0.00s
[13868.191s][info][gc,start       ] GC(34909) Pause Young (Allocation Failure)
[13868.194s][info][gc,heap        ] GC(34909) PSYoungGen: 104192K(104448K)->272K(101376K) Eden: 103936K(103936K)->0K(100864K) From: 256K(512K)->272K(512K)
[13868.194s][info][gc,heap        ] GC(34909) ParOldGen: 381213K(381440K)->381229K(381440K)
[13868.194s][info][gc,metaspace   ] GC(34909) Metaspace: 8795K(9024K)->8795K(9024K) NonClass: 8143K(8320K)->8143K(8320K) Class: 652K(704K)->652K(704K)
[13868.194s][info][gc             ] GC(34909) Pause Young (Allocation Failure) 474M->372M(471M) 3.352ms
[13868.194s][info][gc,cpu         ] GC(34909) User=0.00s Sys=0.00s Real=0.00s
[13868.581s][info][gc,start       ] GC(34910) Pause Young (Allocation Failure)
[13868.583s][info][gc,heap        ] GC(34910) PSYoungGen: 101136K(101376K)->304K(98304K) Eden: 100864K(100864K)->0K(97792K) From: 272K(512K)->304K(512K)
[13868.583s][info][gc,heap        ] GC(34910) ParOldGen: 381229K(381440K)->381237K(381440K)
[13868.583s][info][gc,metaspace   ] GC(34910) Metaspace: 8795K(9024K)->8795K(9024K) NonClass: 8143K(8320K)->8143K(8320K) Class: 652K(704K)->652K(704K)
[13868.583s][info][gc             ] GC(34910) Pause Young (Allocation Failure) 471M->372M(468M) 2.286ms
[13868.583s][info][gc,cpu         ] GC(34910) User=0.00s Sys=0.00s Real=0.00s
[13868.891s][info][gc,start       ] GC(34911) Pause Young (Allocation Failure)
[13868.892s][info][gc,heap        ] GC(34911) PSYoungGen: 98096K(98304K)->240K(95744K) Eden: 97792K(97792K)->0K(95232K) From: 304K(512K)->240K(512K)
[13868.892s][info][gc,heap        ] GC(34911) ParOldGen: 381237K(381440K)->381253K(381440K)
[13868.893s][info][gc,metaspace   ] GC(34911) Metaspace: 8795K(9024K)->8795K(9024K) NonClass: 8143K(8320K)->8143K(8320K) Class: 652K(704K)->652K(704K)
[13868.893s][info][gc             ] GC(34911) Pause Young (Allocation Failure) 468M->372M(466M) 1.688ms
[13868.893s][info][gc,cpu         ] GC(34911) User=0.00s Sys=0.00s Real=0.00s
[13869.222s][info][gc,start       ] GC(34912) Pause Young (Allocation Failure)
[13869.225s][info][gc,heap        ] GC(34912) PSYoungGen: 95472K(95744K)->288K(93184K) Eden: 95232K(95232K)->0K(92672K) From: 240K(512K)->288K(512K)
[13869.225s][info][gc,heap        ] GC(34912) ParOldGen: 381253K(381440K)->381261K(381440K)
[13869.225s][info][gc,metaspace   ] GC(34912) Metaspace: 8795K(9024K)->8795K(9024K) NonClass: 8143K(8320K)->8143K(8320K) Class: 652K(704K)->652K(704K)
[13869.225s][info][gc             ] GC(34912) Pause Young (Allocation Failure) 465M->372M(463M) 2.298ms
[13869.225s][info][gc,cpu         ] GC(34912) User=0.00s Sys=0.00s Real=0.00s
[13869.558s][info][gc,start       ] GC(34913) Pause Young (Allocation Failure)
[13869.560s][info][gc,heap        ] GC(34913) PSYoungGen: 92960K(93184K)->240K(90624K) Eden: 92672K(92672K)->0K(90112K) From: 288K(512K)->240K(512K)
[13869.560s][info][gc,heap        ] GC(34913) ParOldGen: 381261K(381440K)->381277K(381440K)
[13869.560s][info][gc,metaspace   ] GC(34913) Metaspace: 8795K(9024K)->8795K(9024K) NonClass: 8143K(8320K)->8143K(8320K) Class: 652K(704K)->652K(704K)
[13869.560s][info][gc             ] GC(34913) Pause Young (Allocation Failure) 463M->372M(461M) 1.751ms
[13869.560s][info][gc,cpu         ] GC(34913) User=0.00s Sys=0.00s Real=0.00s
[13869.881s][info][gc,start       ] GC(34914) Pause Young (Allocation Failure)
[13869.883s][info][gc,heap        ] GC(34914) PSYoungGen: 90352K(90624K)->240K(88064K) Eden: 90112K(90112K)->0K(87552K) From: 240K(512K)->240K(512K)
[13869.883s][info][gc,heap        ] GC(34914) ParOldGen: 381277K(381440K)->381293K(381440K)
[13869.883s][info][gc,metaspace   ] GC(34914) Metaspace: 8795K(9024K)->8795K(9024K) NonClass: 8143K(8320K)->8143K(8320K) Class: 652K(704K)->652K(704K)
[13869.883s][info][gc             ] GC(34914) Pause Young (Allocation Failure) 460M->372M(458M) 1.927ms
[13869.883s][info][gc,cpu         ] GC(34914) User=0.00s Sys=0.00s Real=0.00s
[13870.166s][info][gc,start       ] GC(34915) Pause Young (Allocation Failure)
[13870.167s][info][gc,heap        ] GC(34915) PSYoungGen: 87792K(88064K)->288K(202752K) Eden: 87552K(87552K)->0K(202240K) From: 240K(512K)->288K(512K)
[13870.167s][info][gc,heap        ] GC(34915) ParOldGen: 381293K(381440K)->381309K(381440K)
[13870.167s][info][gc,metaspace   ] GC(34915) Metaspace: 8795K(9024K)->8795K(9024K) NonClass: 8143K(8320K)->8143K(8320K) Class: 652K(704K)->652K(704K)
[13870.167s][info][gc             ] GC(34915) Pause Young (Allocation Failure) 458M->372M(570M) 1.329ms
[13870.167s][info][gc,cpu         ] GC(34915) User=0.00s Sys=0.00s Real=0.00s
[13870.826s][info][gc,start       ] GC(34916) Pause Young (Allocation Failure)
[13870.829s][info][gc,heap        ] GC(34916) PSYoungGen: 202528K(202752K)->272K(195584K) Eden: 202240K(202240K)->0K(195072K) From: 288K(512K)->272K(512K)
[13870.829s][info][gc,heap        ] GC(34916) ParOldGen: 381309K(381440K)->381325K(381440K)
[13870.829s][info][gc,metaspace   ] GC(34916) Metaspace: 8795K(9024K)->8795K(9024K) NonClass: 8143K(8320K)->8143K(8320K) Class: 652K(704K)->652K(704K)
[13870.829s][info][gc             ] GC(34916) Pause Young (Allocation Failure) 570M->372M(563M) 2.322ms
[13870.829s][info][gc,cpu         ] GC(34916) User=0.00s Sys=0.00s Real=0.00s
[13871.472s][info][gc,start       ] GC(34917) Pause Young (Allocation Failure)
[13871.474s][info][gc,heap        ] GC(34917) PSYoungGen: 195344K(195584K)->272K(188416K) Eden: 195072K(195072K)->0K(187904K) From: 272K(512K)->272K(512K)
[13871.474s][info][gc,heap        ] GC(34917) ParOldGen: 381325K(381440K)->381333K(381440K)
[13871.474s][info][gc,metaspace   ] GC(34917) Metaspace: 8795K(9024K)->8795K(9024K) NonClass: 8143K(8320K)->8143K(8320K) Class: 652K(704K)->652K(704K)
[13871.475s][info][gc             ] GC(34917) Pause Young (Allocation Failure) 563M->372M(556M) 2.308ms
[13871.475s][info][gc,cpu         ] GC(34917) User=0.00s Sys=0.00s Real=0.00s
[13872.115s][info][gc,start       ] GC(34918) Pause Young (Allocation Failure)
[13872.118s][info][gc,heap        ] GC(34918) PSYoungGen: 188176K(188416K)->272K(181760K) Eden: 187904K(187904K)->0K(181248K) From: 272K(512K)->272K(512K)
[13872.118s][info][gc,heap        ] GC(34918) ParOldGen: 381333K(381440K)->381341K(381440K)
[13872.118s][info][gc,metaspace   ] GC(34918) Metaspace: 8795K(9024K)->8795K(9024K) NonClass: 8143K(8320K)->8143K(8320K) Class: 652K(704K)->652K(704K)
[13872.118s][info][gc             ] GC(34918) Pause Young (Allocation Failure) 556M->372M(550M) 2.436ms
[13872.118s][info][gc,cpu         ] GC(34918) User=0.01s Sys=0.00s Real=0.00s
[13872.758s][info][gc,start       ] GC(34919) Pause Young (Allocation Failure)
[13872.759s][info][gc,heap        ] GC(34919) PSYoungGen: 181520K(181760K)->288K(175104K) Eden: 181248K(181248K)->0K(174592K) From: 272K(512K)->288K(512K)
[13872.759s][info][gc,heap        ] GC(34919) ParOldGen: 381341K(381440K)->381357K(381440K)
[13872.759s][info][gc,metaspace   ] GC(34919) Metaspace: 8795K(9024K)->8795K(9024K) NonClass: 8143K(8320K)->8143K(8320K) Class: 652K(704K)->652K(704K)
[13872.759s][info][gc             ] GC(34919) Pause Young (Allocation Failure) 549M->372M(543M) 1.307ms
[13872.759s][info][gc,cpu         ] GC(34919) User=0.01s Sys=0.00s Real=0.00s
[13873.357s][info][gc,start       ] GC(34920) Pause Young (Allocation Failure)
[13873.358s][info][gc,heap        ] GC(34920) PSYoungGen: 174880K(175104K)->288K(168960K) Eden: 174592K(174592K)->0K(168448K) From: 288K(512K)->288K(512K)
[13873.358s][info][gc,heap        ] GC(34920) ParOldGen: 381357K(381440K)->381373K(381440K)
[13873.358s][info][gc,metaspace   ] GC(34920) Metaspace: 8795K(9024K)->8795K(9024K) NonClass: 8143K(8320K)->8143K(8320K) Class: 652K(704K)->652K(704K)
[13873.358s][info][gc             ] GC(34920) Pause Young (Allocation Failure) 543M->372M(537M) 1.285ms
[13873.358s][info][gc,cpu         ] GC(34920) User=0.01s Sys=0.00s Real=0.00s
[13873.918s][info][gc,start       ] GC(34921) Pause Young (Allocation Failure)
[13873.919s][info][gc,heap        ] GC(34921) PSYoungGen: 168736K(168960K)->288K(163328K) Eden: 168448K(168448K)->0K(162816K) From: 288K(512K)->288K(512K)
[13873.919s][info][gc,heap        ] GC(34921) ParOldGen: 381373K(381440K)->381389K(381440K)
[13873.919s][info][gc,metaspace   ] GC(34921) Metaspace: 8795K(9024K)->8795K(9024K) NonClass: 8143K(8320K)->8143K(8320K) Class: 652K(704K)->652K(704K)
[13873.919s][info][gc             ] GC(34921) Pause Young (Allocation Failure) 537M->372M(532M) 1.284ms
[13873.919s][info][gc,cpu         ] GC(34921) User=0.00s Sys=0.00s Real=0.00s
[13874.433s][info][gc,start       ] GC(34922) Pause Young (Allocation Failure)
[13874.434s][info][gc,heap        ] GC(34922) PSYoungGen: 163104K(163328K)->256K(157696K) Eden: 162816K(162816K)->0K(157184K) From: 288K(512K)->256K(512K)
[13874.434s][info][gc,heap        ] GC(34922) ParOldGen: 381389K(381440K)->381405K(381440K)
[13874.434s][info][gc,metaspace   ] GC(34922) Metaspace: 8795K(9024K)->8795K(9024K) NonClass: 8143K(8320K)->8143K(8320K) Class: 652K(704K)->652K(704K)
[13874.434s][info][gc             ] GC(34922) Pause Young (Allocation Failure) 531M->372M(526M) 1.473ms
[13874.435s][info][gc,cpu         ] GC(34922) User=0.00s Sys=0.00s Real=0.00s
[13874.963s][info][gc,start       ] GC(34923) Pause Young (Allocation Failure)
[13874.964s][info][gc,heap        ] GC(34923) PSYoungGen: 157440K(157696K)->256K(152576K) Eden: 157184K(157184K)->0K(152064K) From: 256K(512K)->256K(512K)
[13874.964s][info][gc,heap        ] GC(34923) ParOldGen: 381405K(381440K)->381421K(381440K)
[13874.964s][info][gc,metaspace   ] GC(34923) Metaspace: 8795K(9024K)->8795K(9024K) NonClass: 8143K(8320K)->8143K(8320K) Class: 652K(704K)->652K(704K)
[13874.964s][info][gc             ] GC(34923) Pause Young (Allocation Failure) 526M->372M(521M) 1.271ms
[13874.964s][info][gc,cpu         ] GC(34923) User=0.00s Sys=0.00s Real=0.00s
[13875.443s][info][gc,start       ] GC(34924) Pause Young (Allocation Failure)
[13875.445s][info][gc,heap        ] GC(34924) PSYoungGen: 152320K(152576K)->288K(147456K) Eden: 152064K(152064K)->0K(146944K) From: 256K(512K)->288K(512K)
[13875.445s][info][gc,heap        ] GC(34924) ParOldGen: 381421K(381440K)->381429K(381440K)
[13875.445s][info][gc,metaspace   ] GC(34924) Metaspace: 8795K(9024K)->8795K(9024K) NonClass: 8143K(8320K)->8143K(8320K) Class: 652K(704K)->652K(704K)
[13875.445s][info][gc             ] GC(34924) Pause Young (Allocation Failure) 521M->372M(516M) 2.300ms
[13875.445s][info][gc,cpu         ] GC(34924) User=0.00s Sys=0.00s Real=0.00s
[13875.908s][info][gc,start       ] GC(34925) Pause Young (Allocation Failure)
[13875.910s][info][gc,heap        ] GC(34925) PSYoungGen: 147232K(147456K)->272K(142848K) Eden: 146944K(146944K)->0K(142336K) From: 288K(512K)->272K(512K)
[13875.910s][info][gc,heap        ] GC(34925) ParOldGen: 381429K(381440K)->381437K(381440K)
[13875.910s][info][gc,metaspace   ] GC(34925) Metaspace: 8795K(9024K)->8795K(9024K) NonClass: 8143K(8320K)->8143K(8320K) Class: 652K(704K)->652K(704K)
[13875.910s][info][gc             ] GC(34925) Pause Young (Allocation Failure) 516M->372M(512M) 2.253ms
[13875.910s][info][gc,cpu         ] GC(34925) User=0.00s Sys=0.00s Real=0.01s
[13876.372s][info][gc,start       ] GC(34926) Pause Young (Allocation Failure)
[13876.373s][info][gc,heap        ] GC(34926) PSYoungGen: 142608K(142848K)->240K(138240K) Eden: 142336K(142336K)->0K(137728K) From: 272K(512K)->240K(512K)
[13876.373s][info][gc,heap        ] GC(34926) ParOldGen: 381437K(381440K)->381453K(381952K)
[13876.374s][info][gc,metaspace   ] GC(34926) Metaspace: 8795K(9024K)->8795K(9024K) NonClass: 8143K(8320K)->8143K(8320K) Class: 652K(704K)->652K(704K)
[13876.374s][info][gc             ] GC(34926) Pause Young (Allocation Failure) 511M->372M(508M) 1.394ms
[13876.374s][info][gc,cpu         ] GC(34926) User=0.00s Sys=0.00s Real=0.00s
[13876.823s][info][gc,start       ] GC(34927) Pause Young (Allocation Failure)
[13876.824s][info][gc,heap        ] GC(34927) PSYoungGen: 137968K(138240K)->288K(133632K) Eden: 137728K(137728K)->0K(133120K) From: 240K(512K)->288K(512K)
[13876.824s][info][gc,heap        ] GC(34927) ParOldGen: 381453K(381952K)->381469K(381952K)
[13876.824s][info][gc,metaspace   ] GC(34927) Metaspace: 8795K(9024K)->8795K(9024K) NonClass: 8143K(8320K)->8143K(8320K) Class: 652K(704K)->652K(704K)
[13876.824s][info][gc             ] GC(34927) Pause Young (Allocation Failure) 507M->372M(503M) 1.203ms
[13876.824s][info][gc,cpu         ] GC(34927) User=0.01s Sys=0.00s Real=0.00s
[13877.239s][info][gc,start       ] GC(34928) Pause Young (Allocation Failure)
[13877.241s][info][gc,heap        ] GC(34928) PSYoungGen: 133408K(133632K)->272K(129536K) Eden: 133120K(133120K)->0K(129024K) From: 288K(512K)->272K(512K)
[13877.241s][info][gc,heap        ] GC(34928) ParOldGen: 381469K(381952K)->381477K(381952K)
[13877.241s][info][gc,metaspace   ] GC(34928) Metaspace: 8795K(9024K)->8795K(9024K) NonClass: 8143K(8320K)->8143K(8320K) Class: 652K(704K)->652K(704K)
[13877.241s][info][gc             ] GC(34928) Pause Young (Allocation Failure) 502M->372M(499M) 2.311ms
[13877.241s][info][gc,cpu         ] GC(34928) User=0.00s Sys=0.00s Real=0.01s
[13877.654s][info][gc,start       ] GC(34929) Pause Young (Allocation Failure)
[13877.656s][info][gc,heap        ] GC(34929) PSYoungGen: 129296K(129536K)->224K(125440K) Eden: 129024K(129024K)->0K(124928K) From: 272K(512K)->224K(512K)
[13877.656s][info][gc,heap        ] GC(34929) ParOldGen: 381477K(381952K)->381485K(381952K)
[13877.656s][info][gc,metaspace   ] GC(34929) Metaspace: 8795K(9024K)->8795K(9024K) NonClass: 8143K(8320K)->8143K(8320K) Class: 652K(704K)->652K(704K)
[13877.656s][info][gc             ] GC(34929) Pause Young (Allocation Failure) 498M->372M(495M) 2.306ms
[13877.656s][info][gc,cpu         ] GC(34929) User=0.00s Sys=0.00s Real=0.00s
[13878.057s][info][gc,start       ] GC(34930) Pause Young (Allocation Failure)
[13878.059s][info][gc,heap        ] GC(34930) PSYoungGen: 125152K(125440K)->272K(121344K) Eden: 124928K(124928K)->0K(120832K) From: 224K(512K)->272K(512K)
[13878.059s][info][gc,heap        ] GC(34930) ParOldGen: 381485K(381952K)->381501K(381952K)
[13878.059s][info][gc,metaspace   ] GC(34930) Metaspace: 8795K(9024K)->8795K(9024K) NonClass: 8143K(8320K)->8143K(8320K) Class: 652K(704K)->652K(704K)
[13878.059s][info][gc             ] GC(34930) Pause Young (Allocation Failure) 494M->372M(491M) 1.822ms
[13878.059s][info][gc,cpu         ] GC(34930) User=0.00s Sys=0.00s Real=0.00s
[13878.454s][info][gc,start       ] GC(34931) Pause Young (Allocation Failure)
[13878.455s][info][gc,heap        ] GC(34931) PSYoungGen: 121104K(121344K)->256K(117760K) Eden: 120832K(120832K)->0K(117248K) From: 272K(512K)->256K(512K)
[13878.455s][info][gc,heap        ] GC(34931) ParOldGen: 381501K(381952K)->381517K(381952K)
[13878.455s][info][gc,metaspace   ] GC(34931) Metaspace: 8795K(9024K)->8795K(9024K) NonClass: 8143K(8320K)->8143K(8320K) Class: 652K(704K)->652K(704K)
[13878.455s][info][gc             ] GC(34931) Pause Young (Allocation Failure) 490M->372M(488M) 1.538ms
[13878.456s][info][gc,cpu         ] GC(34931) User=0.01s Sys=0.00s Real=0.00s
[13878.815s][info][gc,start       ] GC(34932) Pause Young (Allocation Failure)
[13878.817s][info][gc,heap        ] GC(34932) PSYoungGen: 117504K(117760K)->240K(114176K) Eden: 117248K(117248K)->0K(113664K) From: 256K(512K)->240K(512K)
[13878.817s][info][gc,heap        ] GC(34932) ParOldGen: 381517K(381952K)->381525K(381952K)
[13878.817s][info][gc,metaspace   ] GC(34932) Metaspace: 8795K(9024K)->8795K(9024K) NonClass: 8143K(8320K)->8143K(8320K) Class: 652K(704K)->652K(704K)
[13878.817s][info][gc             ] GC(34932) Pause Young (Allocation Failure) 487M->372M(484M) 2.373ms
[13878.817s][info][gc,cpu         ] GC(34932) User=0.00s Sys=0.00s Real=0.00s
[13879.228s][info][gc,start       ] GC(34933) Pause Young (Allocation Failure)
[13879.229s][info][gc,heap        ] GC(34933) PSYoungGen: 113904K(114176K)->240K(110592K) Eden: 113664K(113664K)->0K(110080K) From: 240K(512K)->240K(512K)
[13879.229s][info][gc,heap        ] GC(34933) ParOldGen: 381525K(381952K)->381541K(381952K)
[13879.229s][info][gc,metaspace   ] GC(34933) Metaspace: 8795K(9024K)->8795K(9024K) NonClass: 8143K(8320K)->8143K(8320K) Class: 652K(704K)->652K(704K)
[13879.229s][info][gc             ] GC(34933) Pause Young (Allocation Failure) 483M->372M(481M) 1.288ms
[13879.229s][info][gc,cpu         ] GC(34933) User=0.00s Sys=0.00s Real=0.00s
[13879.603s][info][gc,start       ] GC(34934) Pause Young (Allocation Failure)
[13879.605s][info][gc,heap        ] GC(34934) PSYoungGen: 110320K(110592K)->256K(107520K) Eden: 110080K(110080K)->0K(107008K) From: 240K(512K)->256K(512K)
[13879.605s][info][gc,heap        ] GC(34934) ParOldGen: 381541K(381952K)->381557K(381952K)
[13879.605s][info][gc,metaspace   ] GC(34934) Metaspace: 8795K(9024K)->8795K(9024K) NonClass: 8143K(8320K)->8143K(8320K) Class: 652K(704K)->652K(704K)
[13879.605s][info][gc             ] GC(34934) Pause Young (Allocation Failure) 480M->372M(478M) 1.280ms
[13879.605s][info][gc,cpu         ] GC(34934) User=0.00s Sys=0.00s Real=0.00s
[13879.943s][info][gc,start       ] GC(34935) Pause Young (Allocation Failure)
[13879.945s][info][gc,heap        ] GC(34935) PSYoungGen: 107264K(107520K)->256K(104448K) Eden: 107008K(107008K)->0K(103936K) From: 256K(512K)->256K(512K)
[13879.945s][info][gc,heap        ] GC(34935) ParOldGen: 381557K(381952K)->381573K(381952K)
[13879.945s][info][gc,metaspace   ] GC(34935) Metaspace: 8795K(9024K)->8795K(9024K) NonClass: 8143K(8320K)->8143K(8320K) Class: 652K(704K)->652K(704K)
[13879.945s][info][gc             ] GC(34935) Pause Young (Allocation Failure) 477M->372M(475M) 1.245ms
[13879.945s][info][gc,cpu         ] GC(34935) User=0.01s Sys=0.00s Real=0.00s
[13880.300s][info][gc,start       ] GC(34936) Pause Young (Allocation Failure)
[13880.302s][info][gc,heap        ] GC(34936) PSYoungGen: 104192K(104448K)->272K(101376K) Eden: 103936K(103936K)->0K(100864K) From: 256K(512K)->272K(512K)
[13880.302s][info][gc,heap        ] GC(34936) ParOldGen: 381573K(381952K)->381589K(381952K)
[13880.302s][info][gc,metaspace   ] GC(34936) Metaspace: 8795K(9024K)->8795K(9024K) NonClass: 8143K(8320K)->8143K(8320K) Class: 652K(704K)->652K(704K)
[13880.302s][info][gc             ] GC(34936) Pause Young (Allocation Failure) 474M->372M(472M) 2.262ms
[13880.302s][info][gc,cpu         ] GC(34936) User=0.00s Sys=0.00s Real=0.01s
[13880.615s][info][gc,start       ] GC(34937) Pause Young (Allocation Failure)
[13880.617s][info][gc,heap        ] GC(34937) PSYoungGen: 101136K(101376K)->208K(98304K) Eden: 100864K(100864K)->0K(97792K) From: 272K(512K)->208K(512K)
[13880.617s][info][gc,heap        ] GC(34937) ParOldGen: 381589K(381952K)->381605K(381952K)
[13880.617s][info][gc,metaspace   ] GC(34937) Metaspace: 8795K(9024K)->8795K(9024K) NonClass: 8143K(8320K)->8143K(8320K) Class: 652K(704K)->652K(704K)
[13880.617s][info][gc             ] GC(34937) Pause Young (Allocation Failure) 471M->372M(469M) 1.925ms
[13880.617s][info][gc,cpu         ] GC(34937) User=0.00s Sys=0.00s Real=0.00s
[13880.937s][info][gc,start       ] GC(34938) Pause Young (Allocation Failure)
[13880.939s][info][gc,heap        ] GC(34938) PSYoungGen: 98000K(98304K)->272K(95744K) Eden: 97792K(97792K)->0K(95232K) From: 208K(512K)->272K(512K)
[13880.939s][info][gc,heap        ] GC(34938) ParOldGen: 381605K(381952K)->381613K(381952K)
[13880.939s][info][gc,metaspace   ] GC(34938) Metaspace: 8795K(9024K)->8795K(9024K) NonClass: 8143K(8320K)->8143K(8320K) Class: 652K(704K)->652K(704K)
[13880.939s][info][gc             ] GC(34938) Pause Young (Allocation Failure) 468M->372M(466M) 2.337ms
[13880.939s][info][gc,cpu         ] GC(34938) User=0.00s Sys=0.00s Real=0.00s
[13881.250s][info][gc,start       ] GC(34939) Pause Young (Allocation Failure)
[13881.252s][info][gc,heap        ] GC(34939) PSYoungGen: 95504K(95744K)->272K(93184K) Eden: 95232K(95232K)->0K(92672K) From: 272K(512K)->272K(512K)
[13881.252s][info][gc,heap        ] GC(34939) ParOldGen: 381613K(381952K)->381621K(381952K)
[13881.252s][info][gc,metaspace   ] GC(34939) Metaspace: 8795K(9024K)->8795K(9024K) NonClass: 8143K(8320K)->8143K(8320K) Class: 652K(704K)->652K(704K)
[13881.253s][info][gc             ] GC(34939) Pause Young (Allocation Failure) 465M->372M(464M) 2.369ms
[13881.253s][info][gc,cpu         ] GC(34939) User=0.01s Sys=0.00s Real=0.01s
[13881.573s][info][gc,start       ] GC(34940) Pause Young (Allocation Failure)
[13881.575s][info][gc,heap        ] GC(34940) PSYoungGen: 92944K(93184K)->272K(90624K) Eden: 92672K(92672K)->0K(90112K) From: 272K(512K)->272K(512K)
[13881.575s][info][gc,heap        ] GC(34940) ParOldGen: 381621K(381952K)->381629K(381952K)
[13881.575s][info][gc,metaspace   ] GC(34940) Metaspace: 8795K(9024K)->8795K(9024K) NonClass: 8143K(8320K)->8143K(8320K) Class: 652K(704K)->652K(704K)
[13881.575s][info][gc             ] GC(34940) Pause Young (Allocation Failure) 463M->372M(461M) 2.390ms
[13881.575s][info][gc,cpu         ] GC(34940) User=0.01s Sys=0.00s Real=0.00s
[13881.879s][info][gc,start       ] GC(34941) Pause Young (Allocation Failure)
[13881.881s][info][gc,heap        ] GC(34941) PSYoungGen: 90384K(90624K)->272K(88064K) Eden: 90112K(90112K)->0K(87552K) From: 272K(512K)->272K(512K)
[13881.881s][info][gc,heap        ] GC(34941) ParOldGen: 381629K(381952K)->381637K(381952K)
[13881.881s][info][gc,metaspace   ] GC(34941) Metaspace: 8795K(9024K)->8795K(9024K) NonClass: 8143K(8320K)->8143K(8320K) Class: 652K(704K)->652K(704K)
[13881.881s][info][gc             ] GC(34941) Pause Young (Allocation Failure) 460M->372M(459M) 2.284ms
[13881.881s][info][gc,cpu         ] GC(34941) User=0.00s Sys=0.00s Real=0.01s
[13882.158s][info][gc,start       ] GC(34942) Pause Young (Allocation Failure)
[13882.160s][info][gc,heap        ] GC(34942) PSYoungGen: 87824K(88064K)->256K(202752K) Eden: 87552K(87552K)->0K(202240K) From: 272K(512K)->256K(512K)
[13882.160s][info][gc,heap        ] GC(34942) ParOldGen: 381637K(381952K)->381645K(381952K)
[13882.160s][info][gc,metaspace   ] GC(34942) Metaspace: 8795K(9024K)->8795K(9024K) NonClass: 8143K(8320K)->8143K(8320K) Class: 652K(704K)->652K(704K)
[13882.160s][info][gc             ] GC(34942) Pause Young (Allocation Failure) 458M->372M(571M) 2.255ms
[13882.160s][info][gc,cpu         ] GC(34942) User=0.00s Sys=0.00s Real=0.00s
[13882.809s][info][gc,start       ] GC(34943) Pause Young (Allocation Failure)
[13882.811s][info][gc,heap        ] GC(34943) PSYoungGen: 202496K(202752K)->272K(195584K) Eden: 202240K(202240K)->0K(195072K) From: 256K(512K)->272K(512K)
[13882.811s][info][gc,heap        ] GC(34943) ParOldGen: 381645K(381952K)->381661K(381952K)
[13882.811s][info][gc,metaspace   ] GC(34943) Metaspace: 8795K(9024K)->8795K(9024K) NonClass: 8143K(8320K)->8143K(8320K) Class: 652K(704K)->652K(704K)
[13882.811s][info][gc             ] GC(34943) Pause Young (Allocation Failure) 570M->372M(564M) 2.426ms
[13882.811s][info][gc,cpu         ] GC(34943) User=0.00s Sys=0.00s Real=0.01s
[13883.447s][info][gc,start       ] GC(34944) Pause Young (Allocation Failure)
[13883.449s][info][gc,heap        ] GC(34944) PSYoungGen: 195344K(195584K)->288K(188416K) Eden: 195072K(195072K)->0K(187904K) From: 272K(512K)->288K(512K)
[13883.449s][info][gc,heap        ] GC(34944) ParOldGen: 381661K(381952K)->381669K(381952K)
[13883.449s][info][gc,metaspace   ] GC(34944) Metaspace: 8795K(9024K)->8795K(9024K) NonClass: 8143K(8320K)->8143K(8320K) Class: 652K(704K)->652K(704K)
[13883.449s][info][gc             ] GC(34944) Pause Young (Allocation Failure) 563M->373M(557M) 2.466ms
[13883.449s][info][gc,cpu         ] GC(34944) User=0.00s Sys=0.00s Real=0.00s
[13884.023s][info][gc,start       ] GC(34945) Pause Young (Allocation Failure)
[13884.025s][info][gc,heap        ] GC(34945) PSYoungGen: 188192K(188416K)->272K(181760K) Eden: 187904K(187904K)->0K(181248K) From: 288K(512K)->272K(512K)
[13884.025s][info][gc,heap        ] GC(34945) ParOldGen: 381669K(381952K)->381677K(381952K)
[13884.025s][info][gc,metaspace   ] GC(34945) Metaspace: 8795K(9024K)->8795K(9024K) NonClass: 8143K(8320K)->8143K(8320K) Class: 652K(704K)->652K(704K)
[13884.025s][info][gc             ] GC(34945) Pause Young (Allocation Failure) 556M->372M(550M) 2.255ms
[13884.025s][info][gc,cpu         ] GC(34945) User=0.00s Sys=0.00s Real=0.00s
[13884.627s][info][gc,start       ] GC(34946) Pause Young (Allocation Failure)
[13884.630s][info][gc,heap        ] GC(34946) PSYoungGen: 181520K(181760K)->256K(175104K) Eden: 181248K(181248K)->0K(174592K) From: 272K(512K)->256K(512K)
[13884.630s][info][gc,heap        ] GC(34946) ParOldGen: 381677K(381952K)->381693K(381952K)
[13884.630s][info][gc,metaspace   ] GC(34946) Metaspace: 8795K(9024K)->8795K(9024K) NonClass: 8143K(8320K)->8143K(8320K) Class: 652K(704K)->652K(704K)
[13884.630s][info][gc             ] GC(34946) Pause Young (Allocation Failure) 549M->372M(544M) 2.944ms
[13884.630s][info][gc,cpu         ] GC(34946) User=0.01s Sys=0.00s Real=0.00s
[13885.178s][info][gc,start       ] GC(34947) Pause Young (Allocation Failure)
[13885.179s][info][gc,heap        ] GC(34947) PSYoungGen: 174848K(175104K)->240K(168960K) Eden: 174592K(174592K)->0K(168448K) From: 256K(512K)->240K(512K)
[13885.179s][info][gc,heap        ] GC(34947) ParOldGen: 381693K(381952K)->381709K(381952K)
[13885.179s][info][gc,metaspace   ] GC(34947) Metaspace: 8795K(9024K)->8795K(9024K) NonClass: 8143K(8320K)->8143K(8320K) Class: 652K(704K)->652K(704K)
[13885.180s][info][gc             ] GC(34947) Pause Young (Allocation Failure) 543M->372M(538M) 1.462ms
[13885.180s][info][gc,cpu         ] GC(34947) User=0.01s Sys=0.00s Real=0.00s
[13885.743s][info][gc,start       ] GC(34948) Pause Young (Allocation Failure)
[13885.745s][info][gc,heap        ] GC(34948) PSYoungGen: 168688K(168960K)->240K(163328K) Eden: 168448K(168448K)->0K(162816K) From: 240K(512K)->240K(512K)
[13885.745s][info][gc,heap        ] GC(34948) ParOldGen: 381709K(381952K)->381725K(381952K)
[13885.745s][info][gc,metaspace   ] GC(34948) Metaspace: 8795K(9024K)->8795K(9024K) NonClass: 8143K(8320K)->8143K(8320K) Class: 652K(704K)->652K(704K)
[13885.745s][info][gc             ] GC(34948) Pause Young (Allocation Failure) 537M->373M(532M) 1.323ms
[13885.745s][info][gc,cpu         ] GC(34948) User=0.00s Sys=0.00s Real=0.00s
[13886.293s][info][gc,start       ] GC(34949) Pause Young (Allocation Failure)
[13886.296s][info][gc,heap        ] GC(34949) PSYoungGen: 163056K(163328K)->256K(157696K) Eden: 162816K(162816K)->0K(157184K) From: 240K(512K)->256K(512K)
[13886.296s][info][gc,heap        ] GC(34949) ParOldGen: 381725K(381952K)->381733K(381952K)
[13886.296s][info][gc,metaspace   ] GC(34949) Metaspace: 8795K(9024K)->8795K(9024K) NonClass: 8143K(8320K)->8143K(8320K) Class: 652K(704K)->652K(704K)
[13886.296s][info][gc             ] GC(34949) Pause Young (Allocation Failure) 532M->373M(527M) 2.372ms
[13886.296s][info][gc,cpu         ] GC(34949) User=0.00s Sys=0.00s Real=0.00s
[13886.841s][info][gc,start       ] GC(34950) Pause Young (Allocation Failure)
[13886.843s][info][gc,heap        ] GC(34950) PSYoungGen: 157440K(157696K)->256K(152576K) Eden: 157184K(157184K)->0K(152064K) From: 256K(512K)->256K(512K)
[13886.843s][info][gc,heap        ] GC(34950) ParOldGen: 381733K(381952K)->381741K(381952K)
[13886.843s][info][gc,metaspace   ] GC(34950) Metaspace: 8795K(9024K)->8795K(9024K) NonClass: 8143K(8320K)->8143K(8320K) Class: 652K(704K)->652K(704K)
[13886.843s][info][gc             ] GC(34950) Pause Young (Allocation Failure) 526M->373M(522M) 2.539ms
[13886.843s][info][gc,cpu         ] GC(34950) User=0.00s Sys=0.00s Real=0.00s
[13887.394s][info][gc,start       ] GC(34951) Pause Young (Allocation Failure)
[13887.396s][info][gc,heap        ] GC(34951) PSYoungGen: 152320K(152576K)->256K(147456K) Eden: 152064K(152064K)->0K(146944K) From: 256K(512K)->256K(512K)
[13887.396s][info][gc,heap        ] GC(34951) ParOldGen: 381741K(381952K)->381757K(381952K)
[13887.396s][info][gc,metaspace   ] GC(34951) Metaspace: 8795K(9024K)->8795K(9024K) NonClass: 8143K(8320K)->8143K(8320K) Class: 652K(704K)->652K(704K)
[13887.396s][info][gc             ] GC(34951) Pause Young (Allocation Failure) 521M->373M(517M) 2.284ms
[13887.396s][info][gc,cpu         ] GC(34951) User=0.00s Sys=0.00s Real=0.00s
[13887.906s][info][gc,start       ] GC(34952) Pause Young (Allocation Failure)
[13887.908s][info][gc,heap        ] GC(34952) PSYoungGen: 147200K(147456K)->272K(142848K) Eden: 146944K(146944K)->0K(142336K) From: 256K(512K)->272K(512K)
[13887.908s][info][gc,heap        ] GC(34952) ParOldGen: 381757K(381952K)->381765K(381952K)
[13887.908s][info][gc,metaspace   ] GC(34952) Metaspace: 8795K(9024K)->8795K(9024K) NonClass: 8143K(8320K)->8143K(8320K) Class: 652K(704K)->652K(704K)
[13887.908s][info][gc             ] GC(34952) Pause Young (Allocation Failure) 516M->373M(512M) 2.412ms
[13887.908s][info][gc,cpu         ] GC(34952) User=0.01s Sys=0.00s Real=0.00s
[13888.372s][info][gc,start       ] GC(34953) Pause Young (Allocation Failure)
[13888.374s][info][gc,heap        ] GC(34953) PSYoungGen: 142608K(142848K)->256K(138240K) Eden: 142336K(142336K)->0K(137728K) From: 272K(512K)->256K(512K)
[13888.375s][info][gc,heap        ] GC(34953) ParOldGen: 381765K(381952K)->381781K(381952K)
[13888.375s][info][gc,metaspace   ] GC(34953) Metaspace: 8795K(9024K)->8795K(9024K) NonClass: 8143K(8320K)->8143K(8320K) Class: 652K(704K)->652K(704K)
[13888.375s][info][gc             ] GC(34953) Pause Young (Allocation Failure) 512M->373M(508M) 2.337ms
[13888.375s][info][gc,cpu         ] GC(34953) User=0.00s Sys=0.00s Real=0.00s
[13888.840s][info][gc,start       ] GC(34954) Pause Young (Allocation Failure)
[13888.843s][info][gc,heap        ] GC(34954) PSYoungGen: 137984K(138240K)->272K(133632K) Eden: 137728K(137728K)->0K(133120K) From: 256K(512K)->272K(512K)
[13888.843s][info][gc,heap        ] GC(34954) ParOldGen: 381781K(381952K)->381789K(381952K)
[13888.843s][info][gc,metaspace   ] GC(34954) Metaspace: 8795K(9024K)->8795K(9024K) NonClass: 8143K(8320K)->8143K(8320K) Class: 652K(704K)->652K(704K)
[13888.843s][info][gc             ] GC(34954) Pause Young (Allocation Failure) 507M->373M(503M) 2.395ms
[13888.843s][info][gc,cpu         ] GC(34954) User=0.01s Sys=0.00s Real=0.00s
[13889.279s][info][gc,start       ] GC(34955) Pause Young (Allocation Failure)
[13889.282s][info][gc,heap        ] GC(34955) PSYoungGen: 133392K(133632K)->256K(129536K) Eden: 133120K(133120K)->0K(129024K) From: 272K(512K)->256K(512K)
[13889.282s][info][gc,heap        ] GC(34955) ParOldGen: 381789K(381952K)->381805K(381952K)
[13889.282s][info][gc,metaspace   ] GC(34955) Metaspace: 8795K(9024K)->8795K(9024K) NonClass: 8143K(8320K)->8143K(8320K) Class: 652K(704K)->652K(704K)
[13889.282s][info][gc             ] GC(34955) Pause Young (Allocation Failure) 503M->373M(499M) 2.877ms
[13889.282s][info][gc,cpu         ] GC(34955) User=0.00s Sys=0.00s Real=0.01s
[13889.681s][info][gc,start       ] GC(34956) Pause Young (Allocation Failure)
[13889.682s][info][gc,heap        ] GC(34956) PSYoungGen: 129280K(129536K)->256K(125440K) Eden: 129024K(129024K)->0K(124928K) From: 256K(512K)->256K(512K)
[13889.682s][info][gc,heap        ] GC(34956) ParOldGen: 381805K(381952K)->381821K(381952K)
[13889.682s][info][gc,metaspace   ] GC(34956) Metaspace: 8795K(9024K)->8795K(9024K) NonClass: 8143K(8320K)->8143K(8320K) Class: 652K(704K)->652K(704K)
[13889.682s][info][gc             ] GC(34956) Pause Young (Allocation Failure) 499M->373M(495M) 1.298ms
[13889.682s][info][gc,cpu         ] GC(34956) User=0.01s Sys=0.01s Real=0.00s
[13890.099s][info][gc,start       ] GC(34957) Pause Young (Allocation Failure)
[13890.100s][info][gc,heap        ] GC(34957) PSYoungGen: 125184K(125440K)->240K(121344K) Eden: 124928K(124928K)->0K(120832K) From: 256K(512K)->240K(512K)
[13890.100s][info][gc,heap        ] GC(34957) ParOldGen: 381821K(381952K)->381837K(381952K)
[13890.100s][info][gc,metaspace   ] GC(34957) Metaspace: 8795K(9024K)->8795K(9024K) NonClass: 8143K(8320K)->8143K(8320K) Class: 652K(704K)->652K(704K)
[13890.100s][info][gc             ] GC(34957) Pause Young (Allocation Failure) 495M->373M(491M) 1.280ms
[13890.100s][info][gc,cpu         ] GC(34957) User=0.01s Sys=0.00s Real=0.00s
[13890.467s][info][gc,start       ] GC(34958) Pause Young (Allocation Failure)
[13890.469s][info][gc,heap        ] GC(34958) PSYoungGen: 121072K(121344K)->256K(117760K) Eden: 120832K(120832K)->0K(117248K) From: 240K(512K)->256K(512K)
[13890.469s][info][gc,heap        ] GC(34958) ParOldGen: 381837K(381952K)->381845K(381952K)
[13890.469s][info][gc,metaspace   ] GC(34958) Metaspace: 8795K(9024K)->8795K(9024K) NonClass: 8143K(8320K)->8143K(8320K) Class: 652K(704K)->652K(704K)
[13890.469s][info][gc             ] GC(34958) Pause Young (Allocation Failure) 491M->373M(488M) 2.258ms
[13890.469s][info][gc,cpu         ] GC(34958) User=0.01s Sys=0.00s Real=0.00s
[13890.842s][info][gc,start       ] GC(34959) Pause Young (Allocation Failure)
[13890.844s][info][gc,heap        ] GC(34959) PSYoungGen: 117504K(117760K)->272K(114176K) Eden: 117248K(117248K)->0K(113664K) From: 256K(512K)->272K(512K)
[13890.845s][info][gc,heap        ] GC(34959) ParOldGen: 381845K(381952K)->381853K(381952K)
[13890.845s][info][gc,metaspace   ] GC(34959) Metaspace: 8795K(9024K)->8795K(9024K) NonClass: 8143K(8320K)->8143K(8320K) Class: 652K(704K)->652K(704K)
[13890.845s][info][gc             ] GC(34959) Pause Young (Allocation Failure) 487M->373M(484M) 2.336ms
[13890.845s][info][gc,cpu         ] GC(34959) User=0.01s Sys=0.00s Real=0.00s
[13891.195s][info][gc,start       ] GC(34960) Pause Young (Allocation Failure)
[13891.197s][info][gc,heap        ] GC(34960) PSYoungGen: 113936K(114176K)->256K(110592K) Eden: 113664K(113664K)->0K(110080K) From: 272K(512K)->256K(512K)
[13891.197s][info][gc,heap        ] GC(34960) ParOldGen: 381853K(381952K)->381869K(381952K)
[13891.197s][info][gc,metaspace   ] GC(34960) Metaspace: 8795K(9024K)->8795K(9024K) NonClass: 8143K(8320K)->8143K(8320K) Class: 652K(704K)->652K(704K)
[13891.197s][info][gc             ] GC(34960) Pause Young (Allocation Failure) 484M->373M(481M) 1.327ms
[13891.197s][info][gc,cpu         ] GC(34960) User=0.00s Sys=0.00s Real=0.00s
[13891.568s][info][gc,start       ] GC(34961) Pause Young (Allocation Failure)
[13891.569s][info][gc,heap        ] GC(34961) PSYoungGen: 110336K(110592K)->240K(107520K) Eden: 110080K(110080K)->0K(107008K) From: 256K(512K)->240K(512K)
[13891.569s][info][gc,heap        ] GC(34961) ParOldGen: 381869K(381952K)->381885K(381952K)
[13891.569s][info][gc,metaspace   ] GC(34961) Metaspace: 8795K(9024K)->8795K(9024K) NonClass: 8143K(8320K)->8143K(8320K) Class: 652K(704K)->652K(704K)
[13891.569s][info][gc             ] GC(34961) Pause Young (Allocation Failure) 480M->373M(478M) 1.267ms
[13891.569s][info][gc,cpu         ] GC(34961) User=0.01s Sys=0.00s Real=0.00s
[13891.923s][info][gc,start       ] GC(34962) Pause Young (Allocation Failure)
[13891.924s][info][gc,heap        ] GC(34962) PSYoungGen: 107248K(107520K)->256K(104448K) Eden: 107008K(107008K)->0K(103936K) From: 240K(512K)->256K(512K)
[13891.924s][info][gc,heap        ] GC(34962) ParOldGen: 381885K(381952K)->381901K(381952K)
[13891.924s][info][gc,metaspace   ] GC(34962) Metaspace: 8795K(9024K)->8795K(9024K) NonClass: 8143K(8320K)->8143K(8320K) Class: 652K(704K)->652K(704K)
[13891.924s][info][gc             ] GC(34962) Pause Young (Allocation Failure) 477M->373M(475M) 1.250ms
[13891.924s][info][gc,cpu         ] GC(34962) User=0.00s Sys=0.00s Real=0.00s
[13892.253s][info][gc,start       ] GC(34963) Pause Young (Allocation Failure)
[13892.254s][info][gc,heap        ] GC(34963) PSYoungGen: 104192K(104448K)->272K(101376K) Eden: 103936K(103936K)->0K(100864K) From: 256K(512K)->272K(512K)
[13892.254s][info][gc,heap        ] GC(34963) ParOldGen: 381901K(381952K)->381917K(381952K)
[13892.254s][info][gc,metaspace   ] GC(34963) Metaspace: 8795K(9024K)->8795K(9024K) NonClass: 8143K(8320K)->8143K(8320K) Class: 652K(704K)->652K(704K)
[13892.254s][info][gc             ] GC(34963) Pause Young (Allocation Failure) 474M->373M(472M) 1.284ms
[13892.254s][info][gc,cpu         ] GC(34963) User=0.01s Sys=0.00s Real=0.00s
[13892.611s][info][gc,start       ] GC(34964) Pause Young (Allocation Failure)
[13892.613s][info][gc,heap        ] GC(34964) PSYoungGen: 101136K(101376K)->256K(98304K) Eden: 100864K(100864K)->0K(97792K) From: 272K(512K)->256K(512K)
[13892.613s][info][gc,heap        ] GC(34964) ParOldGen: 381917K(381952K)->381933K(381952K)
[13892.613s][info][gc,metaspace   ] GC(34964) Metaspace: 8795K(9024K)->8795K(9024K) NonClass: 8143K(8320K)->8143K(8320K) Class: 652K(704K)->652K(704K)
[13892.613s][info][gc             ] GC(34964) Pause Young (Allocation Failure) 471M->373M(469M) 1.290ms
[13892.613s][info][gc,cpu         ] GC(34964) User=0.01s Sys=0.00s Real=0.00s
[13892.943s][info][gc,start       ] GC(34965) Pause Young (Allocation Failure)
[13892.945s][info][gc,heap        ] GC(34965) PSYoungGen: 98048K(98304K)->256K(95744K) Eden: 97792K(97792K)->0K(95232K) From: 256K(512K)->256K(512K)
[13892.945s][info][gc,heap        ] GC(34965) ParOldGen: 381933K(381952K)->381949K(381952K)
[13892.945s][info][gc,metaspace   ] GC(34965) Metaspace: 8795K(9024K)->8795K(9024K) NonClass: 8143K(8320K)->8143K(8320K) Class: 652K(704K)->652K(704K)
[13892.945s][info][gc             ] GC(34965) Pause Young (Allocation Failure) 468M->373M(466M) 1.265ms
[13892.945s][info][gc,cpu         ] GC(34965) User=0.00s Sys=0.00s Real=0.00s
[13893.242s][info][gc,start       ] GC(34966) Pause Young (Allocation Failure)
[13893.243s][info][gc,heap        ] GC(34966) PSYoungGen: 95488K(95744K)->240K(93184K) Eden: 95232K(95232K)->0K(92672K) From: 256K(512K)->240K(512K)
[13893.243s][info][gc,heap        ] GC(34966) ParOldGen: 381949K(381952K)->381965K(382464K)
[13893.243s][info][gc,metaspace   ] GC(34966) Metaspace: 8795K(9024K)->8795K(9024K) NonClass: 8143K(8320K)->8143K(8320K) Class: 652K(704K)->652K(704K)
[13893.243s][info][gc             ] GC(34966) Pause Young (Allocation Failure) 466M->373M(464M) 1.329ms
[13893.243s][info][gc,cpu         ] GC(34966) User=0.00s Sys=0.00s Real=0.00s
[13893.538s][info][gc,start       ] GC(34967) Pause Young (Allocation Failure)
[13893.539s][info][gc,heap        ] GC(34967) PSYoungGen: 92912K(93184K)->256K(90624K) Eden: 92672K(92672K)->0K(90112K) From: 240K(512K)->256K(512K)
[13893.539s][info][gc,heap        ] GC(34967) ParOldGen: 381965K(382464K)->381981K(382464K)
[13893.539s][info][gc,metaspace   ] GC(34967) Metaspace: 8795K(9024K)->8795K(9024K) NonClass: 8143K(8320K)->8143K(8320K) Class: 652K(704K)->652K(704K)
[13893.539s][info][gc             ] GC(34967) Pause Young (Allocation Failure) 463M->373M(462M) 1.281ms
[13893.539s][info][gc,cpu         ] GC(34967) User=0.00s Sys=0.00s Real=0.00s
[13893.819s][info][gc,start       ] GC(34968) Pause Young (Allocation Failure)
[13893.820s][info][gc,heap        ] GC(34968) PSYoungGen: 90368K(90624K)->256K(88064K) Eden: 90112K(90112K)->0K(87552K) From: 256K(512K)->256K(512K)
[13893.820s][info][gc,heap        ] GC(34968) ParOldGen: 381981K(382464K)->381997K(382464K)
[13893.820s][info][gc,metaspace   ] GC(34968) Metaspace: 8795K(9024K)->8795K(9024K) NonClass: 8143K(8320K)->8143K(8320K) Class: 652K(704K)->652K(704K)
[13893.820s][info][gc             ] GC(34968) Pause Young (Allocation Failure) 461M->373M(459M) 1.251ms
[13893.820s][info][gc,cpu         ] GC(34968) User=0.00s Sys=0.00s Real=0.01s
[13894.113s][info][gc,start       ] GC(34969) Pause Young (Allocation Failure)
[13894.115s][info][gc,heap        ] GC(34969) PSYoungGen: 87808K(88064K)->256K(202752K) Eden: 87552K(87552K)->0K(202240K) From: 256K(512K)->256K(512K)
[13894.115s][info][gc,heap        ] GC(34969) ParOldGen: 381997K(382464K)->382013K(382464K)
[13894.115s][info][gc,metaspace   ] GC(34969) Metaspace: 8795K(9024K)->8795K(9024K) NonClass: 8143K(8320K)->8143K(8320K) Class: 652K(704K)->652K(704K)
[13894.115s][info][gc             ] GC(34969) Pause Young (Allocation Failure) 458M->373M(571M) 1.679ms
[13894.115s][info][gc,cpu         ] GC(34969) User=0.00s Sys=0.00s Real=0.00s
[13894.814s][info][gc,start       ] GC(34970) Pause Young (Allocation Failure)
[13894.816s][info][gc,heap        ] GC(34970) PSYoungGen: 202496K(202752K)->288K(195584K) Eden: 202240K(202240K)->0K(195072K) From: 256K(512K)->288K(512K)
[13894.816s][info][gc,heap        ] GC(34970) ParOldGen: 382013K(382464K)->382021K(382464K)
[13894.816s][info][gc,metaspace   ] GC(34970) Metaspace: 8795K(9024K)->8795K(9024K) NonClass: 8143K(8320K)->8143K(8320K) Class: 652K(704K)->652K(704K)
[13894.816s][info][gc             ] GC(34970) Pause Young (Allocation Failure) 570M->373M(564M) 1.327ms
[13894.816s][info][gc,cpu         ] GC(34970) User=0.00s Sys=0.00s Real=0.00s
[13895.484s][info][gc,start       ] GC(34971) Pause Young (Allocation Failure)
[13895.485s][info][gc,heap        ] GC(34971) PSYoungGen: 195360K(195584K)->240K(188416K) Eden: 195072K(195072K)->0K(187904K) From: 288K(512K)->240K(512K)
[13895.485s][info][gc,heap        ] GC(34971) ParOldGen: 382021K(382464K)->382037K(382464K)
[13895.485s][info][gc,metaspace   ] GC(34971) Metaspace: 8795K(9024K)->8795K(9024K) NonClass: 8143K(8320K)->8143K(8320K) Class: 652K(704K)->652K(704K)
[13895.485s][info][gc             ] GC(34971) Pause Young (Allocation Failure) 563M->373M(557M) 1.300ms
[13895.485s][info][gc,cpu         ] GC(34971) User=0.00s Sys=0.00s Real=0.00s
[13896.103s][info][gc,start       ] GC(34972) Pause Young (Allocation Failure)
[13896.104s][info][gc,heap        ] GC(34972) PSYoungGen: 188144K(188416K)->272K(181760K) Eden: 187904K(187904K)->0K(181248K) From: 240K(512K)->272K(512K)
[13896.104s][info][gc,heap        ] GC(34972) ParOldGen: 382037K(382464K)->382053K(382464K)
[13896.104s][info][gc,metaspace   ] GC(34972) Metaspace: 8795K(9024K)->8795K(9024K) NonClass: 8143K(8320K)->8143K(8320K) Class: 652K(704K)->652K(704K)
[13896.104s][info][gc             ] GC(34972) Pause Young (Allocation Failure) 556M->373M(551M) 1.272ms
[13896.104s][info][gc,cpu         ] GC(34972) User=0.00s Sys=0.00s Real=0.00s
[13896.693s][info][gc,start       ] GC(34973) Pause Young (Allocation Failure)
[13896.695s][info][gc,heap        ] GC(34973) PSYoungGen: 181520K(181760K)->256K(175104K) Eden: 181248K(181248K)->0K(174592K) From: 272K(512K)->256K(512K)
[13896.695s][info][gc,heap        ] GC(34973) ParOldGen: 382053K(382464K)->382061K(382464K)
[13896.695s][info][gc,metaspace   ] GC(34973) Metaspace: 8795K(9024K)->8795K(9024K) NonClass: 8143K(8320K)->8143K(8320K) Class: 652K(704K)->652K(704K)
[13896.695s][info][gc             ] GC(34973) Pause Young (Allocation Failure) 550M->373M(544M) 2.494ms
[13896.695s][info][gc,cpu         ] GC(34973) User=0.00s Sys=0.00s Real=0.00s
[13897.286s][info][gc,start       ] GC(34974) Pause Young (Allocation Failure)
[13897.288s][info][gc,heap        ] GC(34974) PSYoungGen: 174848K(175104K)->272K(168960K) Eden: 174592K(174592K)->0K(168448K) From: 256K(512K)->272K(512K)
[13897.288s][info][gc,heap        ] GC(34974) ParOldGen: 382061K(382464K)->382077K(382464K)
[13897.288s][info][gc,metaspace   ] GC(34974) Metaspace: 8795K(9024K)->8795K(9024K) NonClass: 8143K(8320K)->8143K(8320K) Class: 652K(704K)->652K(704K)
[13897.288s][info][gc             ] GC(34974) Pause Young (Allocation Failure) 543M->373M(538M) 2.278ms
[13897.288s][info][gc,cpu         ] GC(34974) User=0.00s Sys=0.00s Real=0.00s
[13897.869s][info][gc,start       ] GC(34975) Pause Young (Allocation Failure)
[13897.871s][info][gc,heap        ] GC(34975) PSYoungGen: 168720K(168960K)->272K(163328K) Eden: 168448K(168448K)->0K(162816K) From: 272K(512K)->272K(512K)
[13897.871s][info][gc,heap        ] GC(34975) ParOldGen: 382077K(382464K)->382093K(382464K)
[13897.871s][info][gc,metaspace   ] GC(34975) Metaspace: 8795K(9024K)->8795K(9024K) NonClass: 8143K(8320K)->8143K(8320K) Class: 652K(704K)->652K(704K)
[13897.871s][info][gc             ] GC(34975) Pause Young (Allocation Failure) 537M->373M(533M) 2.346ms
[13897.871s][info][gc,cpu         ] GC(34975) User=0.01s Sys=0.00s Real=0.01s
[13898.415s][info][gc,start       ] GC(34976) Pause Young (Allocation Failure)
[13898.417s][info][gc,heap        ] GC(34976) PSYoungGen: 163088K(163328K)->256K(157696K) Eden: 162816K(162816K)->0K(157184K) From: 272K(512K)->256K(512K)
[13898.417s][info][gc,heap        ] GC(34976) ParOldGen: 382093K(382464K)->382101K(382464K)
[13898.417s][info][gc,metaspace   ] GC(34976) Metaspace: 8795K(9024K)->8795K(9024K) NonClass: 8143K(8320K)->8143K(8320K) Class: 652K(704K)->652K(704K)
[13898.417s][info][gc             ] GC(34976) Pause Young (Allocation Failure) 532M->373M(527M) 2.278ms
[13898.417s][info][gc,cpu         ] GC(34976) User=0.00s Sys=0.00s Real=0.00s
[13898.925s][info][gc,start       ] GC(34977) Pause Young (Allocation Failure)
[13898.928s][info][gc,heap        ] GC(34977) PSYoungGen: 157440K(157696K)->272K(152576K) Eden: 157184K(157184K)->0K(152064K) From: 256K(512K)->272K(512K)
[13898.928s][info][gc,heap        ] GC(34977) ParOldGen: 382101K(382464K)->382109K(382464K)
[13898.928s][info][gc,metaspace   ] GC(34977) Metaspace: 8795K(9024K)->8795K(9024K) NonClass: 8143K(8320K)->8143K(8320K) Class: 652K(704K)->652K(704K)
[13898.928s][info][gc             ] GC(34977) Pause Young (Allocation Failure) 526M->373M(522M) 2.649ms
[13898.928s][info][gc,cpu         ] GC(34977) User=0.00s Sys=0.00s Real=0.00s
[13899.459s][info][gc,start       ] GC(34978) Pause Young (Allocation Failure)
[13899.461s][info][gc,heap        ] GC(34978) PSYoungGen: 152336K(152576K)->256K(147456K) Eden: 152064K(152064K)->0K(146944K) From: 272K(512K)->256K(512K)
[13899.461s][info][gc,heap        ] GC(34978) ParOldGen: 382109K(382464K)->382117K(382464K)
[13899.461s][info][gc,metaspace   ] GC(34978) Metaspace: 8795K(9024K)->8795K(9024K) NonClass: 8143K(8320K)->8143K(8320K) Class: 652K(704K)->652K(704K)
[13899.461s][info][gc             ] GC(34978) Pause Young (Allocation Failure) 521M->373M(517M) 2.288ms
[13899.461s][info][gc,cpu         ] GC(34978) User=0.00s Sys=0.00s Real=0.01s
[13899.949s][info][gc,start       ] GC(34979) Pause Young (Allocation Failure)
[13899.950s][info][gc,heap        ] GC(34979) PSYoungGen: 147200K(147456K)->256K(142848K) Eden: 146944K(146944K)->0K(142336K) From: 256K(512K)->256K(512K)
[13899.950s][info][gc,heap        ] GC(34979) ParOldGen: 382117K(382464K)->382133K(382464K)
[13899.950s][info][gc,metaspace   ] GC(34979) Metaspace: 8795K(9024K)->8795K(9024K) NonClass: 8143K(8320K)->8143K(8320K) Class: 652K(704K)->652K(704K)
[13899.950s][info][gc             ] GC(34979) Pause Young (Allocation Failure) 516M->373M(513M) 1.465ms
[13899.951s][info][gc,cpu         ] GC(34979) User=0.00s Sys=0.00s Real=0.01s
[13900.425s][info][gc,start       ] GC(34980) Pause Young (Allocation Failure)
[13900.426s][info][gc,heap        ] GC(34980) PSYoungGen: 142592K(142848K)->240K(138240K) Eden: 142336K(142336K)->0K(137728K) From: 256K(512K)->240K(512K)
[13900.426s][info][gc,heap        ] GC(34980) ParOldGen: 382133K(382464K)->382149K(382464K)
[13900.426s][info][gc,metaspace   ] GC(34980) Metaspace: 8795K(9024K)->8795K(9024K) NonClass: 8143K(8320K)->8143K(8320K) Class: 652K(704K)->652K(704K)
[13900.426s][info][gc             ] GC(34980) Pause Young (Allocation Failure) 512M->373M(508M) 1.258ms
[13900.426s][info][gc,cpu         ] GC(34980) User=0.00s Sys=0.00s Real=0.00s
[13900.860s][info][gc,start       ] GC(34981) Pause Young (Allocation Failure)
[13900.863s][info][gc,heap        ] GC(34981) PSYoungGen: 137968K(138240K)->256K(133632K) Eden: 137728K(137728K)->0K(133120K) From: 240K(512K)->256K(512K)
[13900.863s][info][gc,heap        ] GC(34981) ParOldGen: 382149K(382464K)->382157K(382464K)
[13900.863s][info][gc,metaspace   ] GC(34981) Metaspace: 8795K(9024K)->8795K(9024K) NonClass: 8143K(8320K)->8143K(8320K) Class: 652K(704K)->652K(704K)
[13900.863s][info][gc             ] GC(34981) Pause Young (Allocation Failure) 507M->373M(504M) 2.779ms
[13900.863s][info][gc,cpu         ] GC(34981) User=0.00s Sys=0.00s Real=0.00s
[13901.284s][info][gc,start       ] GC(34982) Pause Young (Allocation Failure)
[13901.286s][info][gc,heap        ] GC(34982) PSYoungGen: 133376K(133632K)->272K(129536K) Eden: 133120K(133120K)->0K(129024K) From: 256K(512K)->272K(512K)
[13901.286s][info][gc,heap        ] GC(34982) ParOldGen: 382157K(382464K)->382165K(382464K)
[13901.286s][info][gc,metaspace   ] GC(34982) Metaspace: 8795K(9024K)->8795K(9024K) NonClass: 8143K(8320K)->8143K(8320K) Class: 652K(704K)->652K(704K)
[13901.286s][info][gc             ] GC(34982) Pause Young (Allocation Failure) 503M->373M(500M) 2.280ms
[13901.286s][info][gc,cpu         ] GC(34982) User=0.00s Sys=0.00s Real=0.00s
[13901.695s][info][gc,start       ] GC(34983) Pause Young (Allocation Failure)
[13901.697s][info][gc,heap        ] GC(34983) PSYoungGen: 129296K(129536K)->256K(125440K) Eden: 129024K(129024K)->0K(124928K) From: 272K(512K)->256K(512K)
[13901.697s][info][gc,heap        ] GC(34983) ParOldGen: 382165K(382464K)->382181K(382464K)
[13901.697s][info][gc,metaspace   ] GC(34983) Metaspace: 8795K(9024K)->8795K(9024K) NonClass: 8143K(8320K)->8143K(8320K) Class: 652K(704K)->652K(704K)
[13901.697s][info][gc             ] GC(34983) Pause Young (Allocation Failure) 499M->373M(496M) 2.487ms
[13901.697s][info][gc,cpu         ] GC(34983) User=0.00s Sys=0.00s Real=0.00s
[13902.090s][info][gc,start       ] GC(34984) Pause Young (Allocation Failure)
[13902.092s][info][gc,heap        ] GC(34984) PSYoungGen: 125184K(125440K)->320K(121344K) Eden: 124928K(124928K)->0K(120832K) From: 256K(512K)->320K(512K)
[13902.092s][info][gc,heap        ] GC(34984) ParOldGen: 382181K(382464K)->382189K(382464K)
[13902.092s][info][gc,metaspace   ] GC(34984) Metaspace: 8795K(9024K)->8795K(9024K) NonClass: 8143K(8320K)->8143K(8320K) Class: 652K(704K)->652K(704K)
[13902.092s][info][gc             ] GC(34984) Pause Young (Allocation Failure) 495M->373M(492M) 2.288ms
[13902.092s][info][gc,cpu         ] GC(34984) User=0.00s Sys=0.00s Real=0.01s
[13902.482s][info][gc,start       ] GC(34985) Pause Young (Allocation Failure)
[13902.483s][info][gc,heap        ] GC(34985) PSYoungGen: 121152K(121344K)->256K(117760K) Eden: 120832K(120832K)->0K(117248K) From: 320K(512K)->256K(512K)
[13902.483s][info][gc,heap        ] GC(34985) ParOldGen: 382189K(382464K)->382205K(382464K)
[13902.483s][info][gc,metaspace   ] GC(34985) Metaspace: 8795K(9024K)->8795K(9024K) NonClass: 8143K(8320K)->8143K(8320K) Class: 652K(704K)->652K(704K)
[13902.483s][info][gc             ] GC(34985) Pause Young (Allocation Failure) 491M->373M(488M) 1.491ms
[13902.484s][info][gc,cpu         ] GC(34985) User=0.00s Sys=0.00s Real=0.00s
[13902.860s][info][gc,start       ] GC(34986) Pause Young (Allocation Failure)
[13902.863s][info][gc,heap        ] GC(34986) PSYoungGen: 117504K(117760K)->256K(114176K) Eden: 117248K(117248K)->0K(113664K) From: 256K(512K)->256K(512K)
[13902.863s][info][gc,heap        ] GC(34986) ParOldGen: 382205K(382464K)->382221K(382464K)
[13902.863s][info][gc,metaspace   ] GC(34986) Metaspace: 8795K(9024K)->8795K(9024K) NonClass: 8143K(8320K)->8143K(8320K) Class: 652K(704K)->652K(704K)
[13902.863s][info][gc             ] GC(34986) Pause Young (Allocation Failure) 487M->373M(485M) 2.331ms
[13902.863s][info][gc,cpu         ] GC(34986) User=0.00s Sys=0.00s Real=0.00s
[13903.233s][info][gc,start       ] GC(34987) Pause Young (Allocation Failure)
[13903.235s][info][gc,heap        ] GC(34987) PSYoungGen: 113920K(114176K)->288K(110592K) Eden: 113664K(113664K)->0K(110080K) From: 256K(512K)->288K(512K)
[13903.235s][info][gc,heap        ] GC(34987) ParOldGen: 382221K(382464K)->382229K(382464K)
[13903.235s][info][gc,metaspace   ] GC(34987) Metaspace: 8795K(9024K)->8795K(9024K) NonClass: 8143K(8320K)->8143K(8320K) Class: 652K(704K)->652K(704K)
[13903.235s][info][gc             ] GC(34987) Pause Young (Allocation Failure) 484M->373M(481M) 2.292ms
[13903.235s][info][gc,cpu         ] GC(34987) User=0.00s Sys=0.00s Real=0.00s
[13903.645s][info][gc,start       ] GC(34988) Pause Young (Allocation Failure)
[13903.648s][info][gc,heap        ] GC(34988) PSYoungGen: 110368K(110592K)->256K(107520K) Eden: 110080K(110080K)->0K(107008K) From: 288K(512K)->256K(512K)
[13903.648s][info][gc,heap        ] GC(34988) ParOldGen: 382229K(382464K)->382237K(382464K)
[13903.648s][info][gc,metaspace   ] GC(34988) Metaspace: 8795K(9024K)->8795K(9024K) NonClass: 8143K(8320K)->8143K(8320K) Class: 652K(704K)->652K(704K)
[13903.648s][info][gc             ] GC(34988) Pause Young (Allocation Failure) 481M->373M(478M) 2.274ms
[13903.648s][info][gc,cpu         ] GC(34988) User=0.00s Sys=0.00s Real=0.00s
[13904.012s][info][gc,start       ] GC(34989) Pause Young (Allocation Failure)
[13904.014s][info][gc,heap        ] GC(34989) PSYoungGen: 107264K(107520K)->272K(104448K) Eden: 107008K(107008K)->0K(103936K) From: 256K(512K)->272K(512K)
[13904.014s][info][gc,heap        ] GC(34989) ParOldGen: 382237K(382464K)->382253K(382464K)
[13904.014s][info][gc,metaspace   ] GC(34989) Metaspace: 8795K(9024K)->8795K(9024K) NonClass: 8143K(8320K)->8143K(8320K) Class: 652K(704K)->652K(704K)
[13904.014s][info][gc             ] GC(34989) Pause Young (Allocation Failure) 478M->373M(475M) 1.922ms
[13904.014s][info][gc,cpu         ] GC(34989) User=0.00s Sys=0.00s Real=0.00s
[13904.347s][info][gc,start       ] GC(34990) Pause Young (Allocation Failure)
[13904.348s][info][gc,heap        ] GC(34990) PSYoungGen: 104208K(104448K)->256K(101376K) Eden: 103936K(103936K)->0K(100864K) From: 272K(512K)->256K(512K)
[13904.348s][info][gc,heap        ] GC(34990) ParOldGen: 382253K(382464K)->382269K(382464K)
[13904.349s][info][gc,metaspace   ] GC(34990) Metaspace: 8795K(9024K)->8795K(9024K) NonClass: 8143K(8320K)->8143K(8320K) Class: 652K(704K)->652K(704K)
[13904.349s][info][gc             ] GC(34990) Pause Young (Allocation Failure) 475M->373M(472M) 1.586ms
[13904.349s][info][gc,cpu         ] GC(34990) User=0.00s Sys=0.00s Real=0.00s
[13904.670s][info][gc,start       ] GC(34991) Pause Young (Allocation Failure)
[13904.671s][info][gc,heap        ] GC(34991) PSYoungGen: 101120K(101376K)->240K(98304K) Eden: 100864K(100864K)->0K(97792K) From: 256K(512K)->240K(512K)
[13904.671s][info][gc,heap        ] GC(34991) ParOldGen: 382269K(382464K)->382285K(382464K)
[13904.671s][info][gc,metaspace   ] GC(34991) Metaspace: 8795K(9024K)->8795K(9024K) NonClass: 8143K(8320K)->8143K(8320K) Class: 652K(704K)->652K(704K)
[13904.671s][info][gc             ] GC(34991) Pause Young (Allocation Failure) 472M->373M(469M) 1.269ms
[13904.671s][info][gc,cpu         ] GC(34991) User=0.00s Sys=0.00s Real=0.01s
[13904.986s][info][gc,start       ] GC(34992) Pause Young (Allocation Failure)
[13904.989s][info][gc,heap        ] GC(34992) PSYoungGen: 98032K(98304K)->272K(95744K) Eden: 97792K(97792K)->0K(95232K) From: 240K(512K)->272K(512K)
[13904.989s][info][gc,heap        ] GC(34992) ParOldGen: 382285K(382464K)->382293K(382464K)
[13904.989s][info][gc,metaspace   ] GC(34992) Metaspace: 8795K(9024K)->8795K(9024K) NonClass: 8143K(8320K)->8143K(8320K) Class: 652K(704K)->652K(704K)
[13904.989s][info][gc             ] GC(34992) Pause Young (Allocation Failure) 469M->373M(467M) 2.291ms
[13904.989s][info][gc,cpu         ] GC(34992) User=0.01s Sys=0.00s Real=0.00s
[13905.283s][info][gc,start       ] GC(34993) Pause Young (Allocation Failure)
[13905.286s][info][gc,heap        ] GC(34993) PSYoungGen: 95504K(95744K)->256K(93184K) Eden: 95232K(95232K)->0K(92672K) From: 272K(512K)->256K(512K)
[13905.286s][info][gc,heap        ] GC(34993) ParOldGen: 382293K(382464K)->382301K(382464K)
[13905.286s][info][gc,metaspace   ] GC(34993) Metaspace: 8795K(9024K)->8795K(9024K) NonClass: 8143K(8320K)->8143K(8320K) Class: 652K(704K)->652K(704K)
[13905.286s][info][gc             ] GC(34993) Pause Young (Allocation Failure) 466M->373M(464M) 2.285ms
[13905.286s][info][gc,cpu         ] GC(34993) User=0.00s Sys=0.00s Real=0.00s
[13905.585s][info][gc,start       ] GC(34994) Pause Young (Allocation Failure)
[13905.587s][info][gc,heap        ] GC(34994) PSYoungGen: 92928K(93184K)->288K(90624K) Eden: 92672K(92672K)->0K(90112K) From: 256K(512K)->288K(512K)
[13905.587s][info][gc,heap        ] GC(34994) ParOldGen: 382301K(382464K)->382317K(382464K)
[13905.587s][info][gc,metaspace   ] GC(34994) Metaspace: 8795K(9024K)->8795K(9024K) NonClass: 8143K(8320K)->8143K(8320K) Class: 652K(704K)->652K(704K)
[13905.588s][info][gc             ] GC(34994) Pause Young (Allocation Failure) 464M->373M(462M) 2.292ms
[13905.588s][info][gc,cpu         ] GC(34994) User=0.00s Sys=0.00s Real=0.00s
[13905.895s][info][gc,start       ] GC(34995) Pause Young (Allocation Failure)
[13905.897s][info][gc,heap        ] GC(34995) PSYoungGen: 90400K(90624K)->256K(88064K) Eden: 90112K(90112K)->0K(87552K) From: 288K(512K)->256K(512K)
[13905.897s][info][gc,heap        ] GC(34995) ParOldGen: 382317K(382464K)->382333K(382464K)
[13905.897s][info][gc,metaspace   ] GC(34995) Metaspace: 8795K(9024K)->8795K(9024K) NonClass: 8143K(8320K)->8143K(8320K) Class: 652K(704K)->652K(704K)
[13905.897s][info][gc             ] GC(34995) Pause Young (Allocation Failure) 461M->373M(459M) 2.390ms
[13905.897s][info][gc,cpu         ] GC(34995) User=0.00s Sys=0.00s Real=0.00s
[13906.198s][info][gc,start       ] GC(34996) Pause Young (Allocation Failure)
[13906.200s][info][gc,heap        ] GC(34996) PSYoungGen: 87808K(88064K)->272K(202752K) Eden: 87552K(87552K)->0K(202240K) From: 256K(512K)->272K(512K)
[13906.200s][info][gc,heap        ] GC(34996) ParOldGen: 382333K(382464K)->382349K(382464K)
[13906.200s][info][gc,metaspace   ] GC(34996) Metaspace: 8795K(9024K)->8795K(9024K) NonClass: 8143K(8320K)->8143K(8320K) Class: 652K(704K)->652K(704K)
[13906.200s][info][gc             ] GC(34996) Pause Young (Allocation Failure) 459M->373M(571M) 2.408ms
[13906.200s][info][gc,cpu         ] GC(34996) User=0.00s Sys=0.00s Real=0.00s
[13906.952s][info][gc,start       ] GC(34997) Pause Young (Allocation Failure)
[13906.953s][info][gc,heap        ] GC(34997) PSYoungGen: 202512K(202752K)->240K(195584K) Eden: 202240K(202240K)->0K(195072K) From: 272K(512K)->240K(512K)
[13906.953s][info][gc,heap        ] GC(34997) ParOldGen: 382349K(382464K)->382365K(382464K)
[13906.953s][info][gc,metaspace   ] GC(34997) Metaspace: 8795K(9024K)->8795K(9024K) NonClass: 8143K(8320K)->8143K(8320K) Class: 652K(704K)->652K(704K)
[13906.954s][info][gc             ] GC(34997) Pause Young (Allocation Failure) 571M->373M(564M) 1.575ms
[13906.954s][info][gc,cpu         ] GC(34997) User=0.00s Sys=0.00s Real=0.00s
[13907.586s][info][gc,start       ] GC(34998) Pause Young (Allocation Failure)
[13907.587s][info][gc,heap        ] GC(34998) PSYoungGen: 195312K(195584K)->256K(188416K) Eden: 195072K(195072K)->0K(187904K) From: 240K(512K)->256K(512K)
[13907.587s][info][gc,heap        ] GC(34998) ParOldGen: 382365K(382464K)->382381K(382464K)
[13907.587s][info][gc,metaspace   ] GC(34998) Metaspace: 8795K(9024K)->8795K(9024K) NonClass: 8143K(8320K)->8143K(8320K) Class: 652K(704K)->652K(704K)
[13907.587s][info][gc             ] GC(34998) Pause Young (Allocation Failure) 564M->373M(557M) 1.318ms
[13907.587s][info][gc,cpu         ] GC(34998) User=0.00s Sys=0.00s Real=0.00s
[13908.199s][info][gc,start       ] GC(34999) Pause Young (Allocation Failure)
[13908.200s][info][gc,heap        ] GC(34999) PSYoungGen: 188160K(188416K)->240K(181760K) Eden: 187904K(187904K)->0K(181248K) From: 256K(512K)->240K(512K)
[13908.201s][info][gc,heap        ] GC(34999) ParOldGen: 382381K(382464K)->382397K(382464K)
[13908.201s][info][gc,metaspace   ] GC(34999) Metaspace: 8795K(9024K)->8795K(9024K) NonClass: 8143K(8320K)->8143K(8320K) Class: 652K(704K)->652K(704K)
[13908.201s][info][gc             ] GC(34999) Pause Young (Allocation Failure) 557M->373M(551M) 1.338ms
[13908.201s][info][gc,cpu         ] GC(34999) User=0.00s Sys=0.00s Real=0.01s
[13908.822s][info][gc,start       ] GC(35000) Pause Young (Allocation Failure)
[13908.823s][info][gc,heap        ] GC(35000) PSYoungGen: 181488K(181760K)->256K(175104K) Eden: 181248K(181248K)->0K(174592K) From: 240K(512K)->256K(512K)
[13908.823s][info][gc,heap        ] GC(35000) ParOldGen: 382397K(382464K)->382413K(382464K)
[13908.823s][info][gc,metaspace   ] GC(35000) Metaspace: 8795K(9024K)->8795K(9024K) NonClass: 8143K(8320K)->8143K(8320K) Class: 652K(704K)->652K(704K)
[13908.823s][info][gc             ] GC(35000) Pause Young (Allocation Failure) 550M->373M(544M) 1.274ms
[13908.823s][info][gc,cpu         ] GC(35000) User=0.01s Sys=0.00s Real=0.00s
[13909.395s][info][gc,start       ] GC(35001) Pause Young (Allocation Failure)
[13909.396s][info][gc,heap        ] GC(35001) PSYoungGen: 174848K(175104K)->240K(168960K) Eden: 174592K(174592K)->0K(168448K) From: 256K(512K)->240K(512K)
[13909.396s][info][gc,heap        ] GC(35001) ParOldGen: 382413K(382464K)->382429K(382464K)
[13909.396s][info][gc,metaspace   ] GC(35001) Metaspace: 8795K(9024K)->8795K(9024K) NonClass: 8143K(8320K)->8143K(8320K) Class: 652K(704K)->652K(704K)
[13909.396s][info][gc             ] GC(35001) Pause Young (Allocation Failure) 544M->373M(538M) 1.239ms
[13909.396s][info][gc,cpu         ] GC(35001) User=0.00s Sys=0.00s Real=0.00s
[13909.969s][info][gc,start       ] GC(35002) Pause Young (Allocation Failure)
[13909.972s][info][gc,heap        ] GC(35002) PSYoungGen: 168688K(168960K)->224K(163328K) Eden: 168448K(168448K)->0K(162816K) From: 240K(512K)->224K(512K)
[13909.972s][info][gc,heap        ] GC(35002) ParOldGen: 382429K(382464K)->382437K(382464K)
[13909.972s][info][gc,metaspace   ] GC(35002) Metaspace: 8795K(9024K)->8795K(9024K) NonClass: 8143K(8320K)->8143K(8320K) Class: 652K(704K)->652K(704K)
[13909.972s][info][gc             ] GC(35002) Pause Young (Allocation Failure) 538M->373M(533M) 2.589ms
[13909.972s][info][gc,cpu         ] GC(35002) User=0.01s Sys=0.00s Real=0.01s
[13910.508s][info][gc,start       ] GC(35003) Pause Young (Allocation Failure)
[13910.511s][info][gc,heap        ] GC(35003) PSYoungGen: 163040K(163328K)->256K(157696K) Eden: 162816K(162816K)->0K(157184K) From: 224K(512K)->256K(512K)
[13910.511s][info][gc,heap        ] GC(35003) ParOldGen: 382437K(382464K)->382453K(382464K)
[13910.511s][info][gc,metaspace   ] GC(35003) Metaspace: 8795K(9024K)->8795K(9024K) NonClass: 8143K(8320K)->8143K(8320K) Class: 652K(704K)->652K(704K)
[13910.511s][info][gc             ] GC(35003) Pause Young (Allocation Failure) 532M->373M(527M) 2.327ms
[13910.511s][info][gc,cpu         ] GC(35003) User=0.00s Sys=0.00s Real=0.01s
[13911.055s][info][gc,start       ] GC(35004) Pause Young (Allocation Failure)
[13911.057s][info][gc,heap        ] GC(35004) PSYoungGen: 157440K(157696K)->256K(152576K) Eden: 157184K(157184K)->0K(152064K) From: 256K(512K)->256K(512K)
[13911.057s][info][gc,heap        ] GC(35004) ParOldGen: 382453K(382464K)->382469K(382976K)
[13911.057s][info][gc,metaspace   ] GC(35004) Metaspace: 8795K(9024K)->8795K(9024K) NonClass: 8143K(8320K)->8143K(8320K) Class: 652K(704K)->652K(704K)
[13911.057s][info][gc             ] GC(35004) Pause Young (Allocation Failure) 527M->373M(523M) 2.376ms
[13911.057s][info][gc,cpu         ] GC(35004) User=0.00s Sys=0.00s Real=0.00s
[13911.571s][info][gc,start       ] GC(35005) Pause Young (Allocation Failure)
[13911.573s][info][gc,heap        ] GC(35005) PSYoungGen: 152320K(152576K)->272K(147456K) Eden: 152064K(152064K)->0K(146944K) From: 256K(512K)->272K(512K)
[13911.573s][info][gc,heap        ] GC(35005) ParOldGen: 382469K(382976K)->382477K(382976K)
[13911.573s][info][gc,metaspace   ] GC(35005) Metaspace: 8795K(9024K)->8795K(9024K) NonClass: 8143K(8320K)->8143K(8320K) Class: 652K(704K)->652K(704K)
[13911.573s][info][gc             ] GC(35005) Pause Young (Allocation Failure) 522M->373M(518M) 2.633ms
[13911.573s][info][gc,cpu         ] GC(35005) User=0.00s Sys=0.00s Real=0.00s
[13912.045s][info][gc,start       ] GC(35006) Pause Young (Allocation Failure)
[13912.048s][info][gc,heap        ] GC(35006) PSYoungGen: 147216K(147456K)->288K(142848K) Eden: 146944K(146944K)->0K(142336K) From: 272K(512K)->288K(512K)
[13912.048s][info][gc,heap        ] GC(35006) ParOldGen: 382477K(382976K)->382485K(382976K)
[13912.048s][info][gc,metaspace   ] GC(35006) Metaspace: 8795K(9024K)->8795K(9024K) NonClass: 8143K(8320K)->8143K(8320K) Class: 652K(704K)->652K(704K)
[13912.048s][info][gc             ] GC(35006) Pause Young (Allocation Failure) 517M->373M(513M) 2.620ms
[13912.048s][info][gc,cpu         ] GC(35006) User=0.00s Sys=0.00s Real=0.00s
[13912.517s][info][gc,start       ] GC(35007) Pause Young (Allocation Failure)
[13912.519s][info][gc,heap        ] GC(35007) PSYoungGen: 142624K(142848K)->288K(138240K) Eden: 142336K(142336K)->0K(137728K) From: 288K(512K)->288K(512K)
[13912.519s][info][gc,heap        ] GC(35007) ParOldGen: 382485K(382976K)->382493K(382976K)
[13912.519s][info][gc,metaspace   ] GC(35007) Metaspace: 8795K(9024K)->8795K(9024K) NonClass: 8143K(8320K)->8143K(8320K) Class: 652K(704K)->652K(704K)
[13912.519s][info][gc             ] GC(35007) Pause Young (Allocation Failure) 512M->373M(509M) 2.452ms
[13912.519s][info][gc,cpu         ] GC(35007) User=0.00s Sys=0.00s Real=0.00s
[13912.940s][info][gc,start       ] GC(35008) Pause Young (Allocation Failure)
[13912.942s][info][gc,heap        ] GC(35008) PSYoungGen: 138016K(138240K)->256K(133632K) Eden: 137728K(137728K)->0K(133120K) From: 288K(512K)->256K(512K)
[13912.942s][info][gc,heap        ] GC(35008) ParOldGen: 382493K(382976K)->382509K(382976K)
[13912.942s][info][gc,metaspace   ] GC(35008) Metaspace: 8795K(9024K)->8795K(9024K) NonClass: 8143K(8320K)->8143K(8320K) Class: 652K(704K)->652K(704K)
[13912.942s][info][gc             ] GC(35008) Pause Young (Allocation Failure) 508M->373M(504M) 1.685ms
[13912.942s][info][gc,cpu         ] GC(35008) User=0.00s Sys=0.00s Real=0.01s
[13913.400s][info][gc,start       ] GC(35009) Pause Young (Allocation Failure)
[13913.401s][info][gc,heap        ] GC(35009) PSYoungGen: 133376K(133632K)->240K(129536K) Eden: 133120K(133120K)->0K(129024K) From: 256K(512K)->240K(512K)
[13913.401s][info][gc,heap        ] GC(35009) ParOldGen: 382509K(382976K)->382525K(382976K)
[13913.401s][info][gc,metaspace   ] GC(35009) Metaspace: 8795K(9024K)->8795K(9024K) NonClass: 8143K(8320K)->8143K(8320K) Class: 652K(704K)->652K(704K)
[13913.401s][info][gc             ] GC(35009) Pause Young (Allocation Failure) 503M->373M(500M) 1.281ms
[13913.401s][info][gc,cpu         ] GC(35009) User=0.01s Sys=0.00s Real=0.01s
[13913.859s][info][gc,start       ] GC(35010) Pause Young (Allocation Failure)
[13913.862s][info][gc,heap        ] GC(35010) PSYoungGen: 129264K(129536K)->256K(125440K) Eden: 129024K(129024K)->0K(124928K) From: 240K(512K)->256K(512K)
[13913.862s][info][gc,heap        ] GC(35010) ParOldGen: 382525K(382976K)->382533K(382976K)
[13913.862s][info][gc,metaspace   ] GC(35010) Metaspace: 8795K(9024K)->8795K(9024K) NonClass: 8143K(8320K)->8143K(8320K) Class: 652K(704K)->652K(704K)
[13913.862s][info][gc             ] GC(35010) Pause Young (Allocation Failure) 499M->373M(496M) 2.709ms
[13913.862s][info][gc,cpu         ] GC(35010) User=0.00s Sys=0.00s Real=0.01s
[13914.277s][info][gc,start       ] GC(35011) Pause Young (Allocation Failure)
[13914.280s][info][gc,heap        ] GC(35011) PSYoungGen: 125184K(125440K)->240K(121344K) Eden: 124928K(124928K)->0K(120832K) From: 256K(512K)->240K(512K)
[13914.280s][info][gc,heap        ] GC(35011) ParOldGen: 382533K(382976K)->382541K(382976K)
[13914.280s][info][gc,metaspace   ] GC(35011) Metaspace: 8795K(9024K)->8795K(9024K) NonClass: 8143K(8320K)->8143K(8320K) Class: 652K(704K)->652K(704K)
[13914.280s][info][gc             ] GC(35011) Pause Young (Allocation Failure) 495M->373M(492M) 2.460ms
[13914.280s][info][gc,cpu         ] GC(35011) User=0.00s Sys=0.00s Real=0.00s
[13914.675s][info][gc,start       ] GC(35012) Pause Young (Allocation Failure)
[13914.678s][info][gc,heap        ] GC(35012) PSYoungGen: 121072K(121344K)->272K(117760K) Eden: 120832K(120832K)->0K(117248K) From: 240K(512K)->272K(512K)
[13914.678s][info][gc,heap        ] GC(35012) ParOldGen: 382541K(382976K)->382557K(382976K)
[13914.678s][info][gc,metaspace   ] GC(35012) Metaspace: 8795K(9024K)->8795K(9024K) NonClass: 8143K(8320K)->8143K(8320K) Class: 652K(704K)->652K(704K)
[13914.678s][info][gc             ] GC(35012) Pause Young (Allocation Failure) 491M->373M(489M) 2.296ms
[13914.678s][info][gc,cpu         ] GC(35012) User=0.00s Sys=0.00s Real=0.00s
[13915.045s][info][gc,start       ] GC(35013) Pause Young (Allocation Failure)
[13915.047s][info][gc,heap        ] GC(35013) PSYoungGen: 117520K(117760K)->272K(114176K) Eden: 117248K(117248K)->0K(113664K) From: 272K(512K)->272K(512K)
[13915.047s][info][gc,heap        ] GC(35013) ParOldGen: 382557K(382976K)->382573K(382976K)
[13915.047s][info][gc,metaspace   ] GC(35013) Metaspace: 8795K(9024K)->8795K(9024K) NonClass: 8143K(8320K)->8143K(8320K) Class: 652K(704K)->652K(704K)
[13915.047s][info][gc             ] GC(35013) Pause Young (Allocation Failure) 488M->373M(485M) 2.295ms
[13915.047s][info][gc,cpu         ] GC(35013) User=0.00s Sys=0.00s Real=0.00s
[13915.416s][info][gc,start       ] GC(35014) Pause Young (Allocation Failure)
[13915.419s][info][gc,heap        ] GC(35014) PSYoungGen: 113936K(114176K)->272K(110592K) Eden: 113664K(113664K)->0K(110080K) From: 272K(512K)->272K(512K)
[13915.419s][info][gc,heap        ] GC(35014) ParOldGen: 382573K(382976K)->382589K(382976K)
[13915.419s][info][gc,metaspace   ] GC(35014) Metaspace: 8795K(9024K)->8795K(9024K) NonClass: 8143K(8320K)->8143K(8320K) Class: 652K(704K)->652K(704K)
[13915.419s][info][gc             ] GC(35014) Pause Young (Allocation Failure) 484M->373M(482M) 2.445ms
[13915.419s][info][gc,cpu         ] GC(35014) User=0.00s Sys=0.00s Real=0.00s
[13915.770s][info][gc,start       ] GC(35015) Pause Young (Allocation Failure)
[13915.772s][info][gc,heap        ] GC(35015) PSYoungGen: 110352K(110592K)->256K(107520K) Eden: 110080K(110080K)->0K(107008K) From: 272K(512K)->256K(512K)
[13915.772s][info][gc,heap        ] GC(35015) ParOldGen: 382589K(382976K)->382605K(382976K)
[13915.772s][info][gc,metaspace   ] GC(35015) Metaspace: 8795K(9024K)->8795K(9024K) NonClass: 8143K(8320K)->8143K(8320K) Class: 652K(704K)->652K(704K)
[13915.772s][info][gc             ] GC(35015) Pause Young (Allocation Failure) 481M->373M(479M) 2.471ms
[13915.772s][info][gc,cpu         ] GC(35015) User=0.00s Sys=0.00s Real=0.01s
[13916.108s][info][gc,start       ] GC(35016) Pause Young (Allocation Failure)
[13916.111s][info][gc,heap        ] GC(35016) PSYoungGen: 107264K(107520K)->272K(104448K) Eden: 107008K(107008K)->0K(103936K) From: 256K(512K)->272K(512K)
[13916.111s][info][gc,heap        ] GC(35016) ParOldGen: 382605K(382976K)->382613K(382976K)
[13916.111s][info][gc,metaspace   ] GC(35016) Metaspace: 8795K(9024K)->8795K(9024K) NonClass: 8143K(8320K)->8143K(8320K) Class: 652K(704K)->652K(704K)
[13916.111s][info][gc             ] GC(35016) Pause Young (Allocation Failure) 478M->373M(476M) 2.457ms
[13916.111s][info][gc,cpu         ] GC(35016) User=0.01s Sys=0.00s Real=0.01s
[13916.444s][info][gc,start       ] GC(35017) Pause Young (Allocation Failure)
[13916.446s][info][gc,heap        ] GC(35017) PSYoungGen: 104208K(104448K)->288K(101376K) Eden: 103936K(103936K)->0K(100864K) From: 272K(512K)->288K(512K)
[13916.446s][info][gc,heap        ] GC(35017) ParOldGen: 382613K(382976K)->382621K(382976K)
[13916.446s][info][gc,metaspace   ] GC(35017) Metaspace: 8795K(9024K)->8795K(9024K) NonClass: 8143K(8320K)->8143K(8320K) Class: 652K(704K)->652K(704K)
[13916.446s][info][gc             ] GC(35017) Pause Young (Allocation Failure) 475M->373M(473M) 2.291ms
[13916.446s][info][gc,cpu         ] GC(35017) User=0.01s Sys=0.00s Real=0.00s
[13916.752s][info][gc,start       ] GC(35018) Pause Young (Allocation Failure)
[13916.754s][info][gc,heap        ] GC(35018) PSYoungGen: 101152K(101376K)->256K(98304K) Eden: 100864K(100864K)->0K(97792K) From: 288K(512K)->256K(512K)
[13916.754s][info][gc,heap        ] GC(35018) ParOldGen: 382621K(382976K)->382629K(382976K)
[13916.754s][info][gc,metaspace   ] GC(35018) Metaspace: 8795K(9024K)->8795K(9024K) NonClass: 8143K(8320K)->8143K(8320K) Class: 652K(704K)->652K(704K)
[13916.754s][info][gc             ] GC(35018) Pause Young (Allocation Failure) 472M->373M(470M) 2.255ms
[13916.754s][info][gc,cpu         ] GC(35018) User=0.00s Sys=0.00s Real=0.00s
[13917.076s][info][gc,start       ] GC(35019) Pause Young (Allocation Failure)
[13917.079s][info][gc,heap        ] GC(35019) PSYoungGen: 98048K(98304K)->256K(95744K) Eden: 97792K(97792K)->0K(95232K) From: 256K(512K)->256K(512K)
[13917.079s][info][gc,heap        ] GC(35019) ParOldGen: 382629K(382976K)->382637K(382976K)
[13917.079s][info][gc,metaspace   ] GC(35019) Metaspace: 8795K(9024K)->8795K(9024K) NonClass: 8143K(8320K)->8143K(8320K) Class: 652K(704K)->652K(704K)
[13917.079s][info][gc             ] GC(35019) Pause Young (Allocation Failure) 469M->373M(467M) 2.426ms
[13917.079s][info][gc,cpu         ] GC(35019) User=0.00s Sys=0.00s Real=0.00s
[13917.391s][info][gc,start       ] GC(35020) Pause Young (Allocation Failure)
[13917.394s][info][gc,heap        ] GC(35020) PSYoungGen: 95488K(95744K)->272K(93184K) Eden: 95232K(95232K)->0K(92672K) From: 256K(512K)->272K(512K)
[13917.394s][info][gc,heap        ] GC(35020) ParOldGen: 382637K(382976K)->382645K(382976K)
[13917.394s][info][gc,metaspace   ] GC(35020) Metaspace: 8795K(9024K)->8795K(9024K) NonClass: 8143K(8320K)->8143K(8320K) Class: 652K(704K)->652K(704K)
[13917.394s][info][gc             ] GC(35020) Pause Young (Allocation Failure) 466M->373M(465M) 2.465ms
[13917.394s][info][gc,cpu         ] GC(35020) User=0.00s Sys=0.00s Real=0.00s
[13917.698s][info][gc,start       ] GC(35021) Pause Young (Allocation Failure)
[13917.700s][info][gc,heap        ] GC(35021) PSYoungGen: 92944K(93184K)->288K(90624K) Eden: 92672K(92672K)->0K(90112K) From: 272K(512K)->288K(512K)
[13917.700s][info][gc,heap        ] GC(35021) ParOldGen: 382645K(382976K)->382653K(382976K)
[13917.700s][info][gc,metaspace   ] GC(35021) Metaspace: 8795K(9024K)->8795K(9024K) NonClass: 8143K(8320K)->8143K(8320K) Class: 652K(704K)->652K(704K)
[13917.700s][info][gc             ] GC(35021) Pause Young (Allocation Failure) 464M->373M(462M) 2.324ms
[13917.700s][info][gc,cpu         ] GC(35021) User=0.00s Sys=0.00s Real=0.00s
[13918.007s][info][gc,start       ] GC(35022) Pause Young (Allocation Failure)
[13918.009s][info][gc,heap        ] GC(35022) PSYoungGen: 90400K(90624K)->288K(88064K) Eden: 90112K(90112K)->0K(87552K) From: 288K(512K)->288K(512K)
[13918.009s][info][gc,heap        ] GC(35022) ParOldGen: 382653K(382976K)->382661K(382976K)
[13918.009s][info][gc,metaspace   ] GC(35022) Metaspace: 8795K(9024K)->8795K(9024K) NonClass: 8143K(8320K)->8143K(8320K) Class: 652K(704K)->652K(704K)
[13918.009s][info][gc             ] GC(35022) Pause Young (Allocation Failure) 461M->373M(460M) 2.327ms
[13918.009s][info][gc,cpu         ] GC(35022) User=0.00s Sys=0.00s Real=0.00s
[13918.282s][info][gc,start       ] GC(35023) Pause Young (Allocation Failure)
[13918.284s][info][gc,heap        ] GC(35023) PSYoungGen: 87840K(88064K)->256K(202752K) Eden: 87552K(87552K)->0K(202240K) From: 288K(512K)->256K(512K)
[13918.284s][info][gc,heap        ] GC(35023) ParOldGen: 382661K(382976K)->382669K(382976K)
[13918.284s][info][gc,metaspace   ] GC(35023) Metaspace: 8795K(9024K)->8795K(9024K) NonClass: 8143K(8320K)->8143K(8320K) Class: 652K(704K)->652K(704K)
[13918.284s][info][gc             ] GC(35023) Pause Young (Allocation Failure) 459M->373M(572M) 2.350ms
[13918.284s][info][gc,cpu         ] GC(35023) User=0.01s Sys=0.00s Real=0.00s
[13919.013s][info][gc,start       ] GC(35024) Pause Young (Allocation Failure)
[13919.015s][info][gc,heap        ] GC(35024) PSYoungGen: 202496K(202752K)->272K(195584K) Eden: 202240K(202240K)->0K(195072K) From: 256K(512K)->272K(512K)
[13919.015s][info][gc,heap        ] GC(35024) ParOldGen: 382669K(382976K)->382685K(382976K)
[13919.015s][info][gc,metaspace   ] GC(35024) Metaspace: 8795K(9024K)->8795K(9024K) NonClass: 8143K(8320K)->8143K(8320K) Class: 652K(704K)->652K(704K)
[13919.016s][info][gc             ] GC(35024) Pause Young (Allocation Failure) 571M->373M(565M) 2.332ms
[13919.016s][info][gc,cpu         ] GC(35024) User=0.00s Sys=0.00s Real=0.00s
[13919.663s][info][gc,start       ] GC(35025) Pause Young (Allocation Failure)
[13919.666s][info][gc,heap        ] GC(35025) PSYoungGen: 195344K(195584K)->272K(188416K) Eden: 195072K(195072K)->0K(187904K) From: 272K(512K)->272K(512K)
[13919.666s][info][gc,heap        ] GC(35025) ParOldGen: 382685K(382976K)->382701K(382976K)
[13919.666s][info][gc,metaspace   ] GC(35025) Metaspace: 8795K(9024K)->8795K(9024K) NonClass: 8143K(8320K)->8143K(8320K) Class: 652K(704K)->652K(704K)
[13919.666s][info][gc             ] GC(35025) Pause Young (Allocation Failure) 564M->373M(558M) 2.453ms
[13919.666s][info][gc,cpu         ] GC(35025) User=0.00s Sys=0.00s Real=0.00s
[13920.275s][info][gc,start       ] GC(35026) Pause Young (Allocation Failure)
[13920.277s][info][gc,heap        ] GC(35026) PSYoungGen: 188176K(188416K)->272K(181760K) Eden: 187904K(187904K)->0K(181248K) From: 272K(512K)->272K(512K)
[13920.277s][info][gc,heap        ] GC(35026) ParOldGen: 382701K(382976K)->382717K(382976K)
[13920.277s][info][gc,metaspace   ] GC(35026) Metaspace: 8795K(9024K)->8795K(9024K) NonClass: 8143K(8320K)->8143K(8320K) Class: 652K(704K)->652K(704K)
[13920.277s][info][gc             ] GC(35026) Pause Young (Allocation Failure) 557M->374M(551M) 2.384ms
[13920.277s][info][gc,cpu         ] GC(35026) User=0.00s Sys=0.00s Real=0.00s
[13920.872s][info][gc,start       ] GC(35027) Pause Young (Allocation Failure)
[13920.875s][info][gc,heap        ] GC(35027) PSYoungGen: 181520K(181760K)->272K(175104K) Eden: 181248K(181248K)->0K(174592K) From: 272K(512K)->272K(512K)
[13920.875s][info][gc,heap        ] GC(35027) ParOldGen: 382717K(382976K)->382733K(382976K)
[13920.875s][info][gc,metaspace   ] GC(35027) Metaspace: 8795K(9024K)->8795K(9024K) NonClass: 8143K(8320K)->8143K(8320K) Class: 652K(704K)->652K(704K)
[13920.875s][info][gc             ] GC(35027) Pause Young (Allocation Failure) 551M->374M(545M) 2.405ms
[13920.875s][info][gc,cpu         ] GC(35027) User=0.00s Sys=0.00s Real=0.00s
[13921.438s][info][gc,start       ] GC(35028) Pause Young (Allocation Failure)
[13921.441s][info][gc,heap        ] GC(35028) PSYoungGen: 174864K(175104K)->272K(168960K) Eden: 174592K(174592K)->0K(168448K) From: 272K(512K)->272K(512K)
[13921.441s][info][gc,heap        ] GC(35028) ParOldGen: 382733K(382976K)->382741K(382976K)
[13921.441s][info][gc,metaspace   ] GC(35028) Metaspace: 8795K(9024K)->8795K(9024K) NonClass: 8143K(8320K)->8143K(8320K) Class: 652K(704K)->652K(704K)
[13921.441s][info][gc             ] GC(35028) Pause Young (Allocation Failure) 544M->374M(539M) 3.001ms
[13921.441s][info][gc,cpu         ] GC(35028) User=0.01s Sys=0.00s Real=0.01s
[13921.987s][info][gc,start       ] GC(35029) Pause Young (Allocation Failure)
[13921.988s][info][gc,heap        ] GC(35029) PSYoungGen: 168720K(168960K)->256K(163328K) Eden: 168448K(168448K)->0K(162816K) From: 272K(512K)->256K(512K)
[13921.988s][info][gc,heap        ] GC(35029) ParOldGen: 382741K(382976K)->382757K(382976K)
[13921.988s][info][gc,metaspace   ] GC(35029) Metaspace: 8795K(9024K)->8795K(9024K) NonClass: 8143K(8320K)->8143K(8320K) Class: 652K(704K)->652K(704K)
[13921.988s][info][gc             ] GC(35029) Pause Young (Allocation Failure) 538M->374M(533M) 1.260ms
[13921.988s][info][gc,cpu         ] GC(35029) User=0.00s Sys=0.00s Real=0.00s
[13922.509s][info][gc,start       ] GC(35030) Pause Young (Allocation Failure)
[13922.511s][info][gc,heap        ] GC(35030) PSYoungGen: 163072K(163328K)->272K(157696K) Eden: 162816K(162816K)->0K(157184K) From: 256K(512K)->272K(512K)
[13922.511s][info][gc,heap        ] GC(35030) ParOldGen: 382757K(382976K)->382765K(382976K)
[13922.511s][info][gc,metaspace   ] GC(35030) Metaspace: 8795K(9024K)->8795K(9024K) NonClass: 8143K(8320K)->8143K(8320K) Class: 652K(704K)->652K(704K)
[13922.511s][info][gc             ] GC(35030) Pause Young (Allocation Failure) 533M->374M(528M) 2.289ms
[13922.511s][info][gc,cpu         ] GC(35030) User=0.00s Sys=0.00s Real=0.01s
[13923.012s][info][gc,start       ] GC(35031) Pause Young (Allocation Failure)
[13923.014s][info][gc,heap        ] GC(35031) PSYoungGen: 157456K(157696K)->256K(152576K) Eden: 157184K(157184K)->0K(152064K) From: 272K(512K)->256K(512K)
[13923.014s][info][gc,heap        ] GC(35031) ParOldGen: 382765K(382976K)->382773K(382976K)
[13923.014s][info][gc,metaspace   ] GC(35031) Metaspace: 8795K(9024K)->8795K(9024K) NonClass: 8143K(8320K)->8143K(8320K) Class: 652K(704K)->652K(704K)
[13923.014s][info][gc             ] GC(35031) Pause Young (Allocation Failure) 527M->374M(523M) 2.296ms
[13923.014s][info][gc,cpu         ] GC(35031) User=0.00s Sys=0.00s Real=0.00s
[13923.511s][info][gc,start       ] GC(35032) Pause Young (Allocation Failure)
[13923.514s][info][gc,heap        ] GC(35032) PSYoungGen: 152320K(152576K)->272K(147456K) Eden: 152064K(152064K)->0K(146944K) From: 256K(512K)->272K(512K)
[13923.514s][info][gc,heap        ] GC(35032) ParOldGen: 382773K(382976K)->382781K(382976K)
[13923.514s][info][gc,metaspace   ] GC(35032) Metaspace: 8795K(9024K)->8795K(9024K) NonClass: 8143K(8320K)->8143K(8320K) Class: 652K(704K)->652K(704K)
[13923.514s][info][gc             ] GC(35032) Pause Young (Allocation Failure) 522M->374M(518M) 2.315ms
[13923.514s][info][gc,cpu         ] GC(35032) User=0.00s Sys=0.00s Real=0.00s
[13923.989s][info][gc,start       ] GC(35033) Pause Young (Allocation Failure)
[13923.990s][info][gc,heap        ] GC(35033) PSYoungGen: 147216K(147456K)->240K(142848K) Eden: 146944K(146944K)->0K(142336K) From: 272K(512K)->240K(512K)
[13923.990s][info][gc,heap        ] GC(35033) ParOldGen: 382781K(382976K)->382789K(382976K)
[13923.991s][info][gc,metaspace   ] GC(35033) Metaspace: 8795K(9024K)->8795K(9024K) NonClass: 8143K(8320K)->8143K(8320K) Class: 652K(704K)->652K(704K)
[13923.991s][info][gc             ] GC(35033) Pause Young (Allocation Failure) 517M->374M(513M) 1.649ms
[13923.991s][info][gc,cpu         ] GC(35033) User=0.01s Sys=0.00s Real=0.01s
[13924.481s][info][gc,start       ] GC(35034) Pause Young (Allocation Failure)
[13924.482s][info][gc,heap        ] GC(35034) PSYoungGen: 142576K(142848K)->240K(138240K) Eden: 142336K(142336K)->0K(137728K) From: 240K(512K)->240K(512K)
[13924.482s][info][gc,heap        ] GC(35034) ParOldGen: 382789K(382976K)->382805K(382976K)
[13924.482s][info][gc,metaspace   ] GC(35034) Metaspace: 8795K(9024K)->8795K(9024K) NonClass: 8143K(8320K)->8143K(8320K) Class: 652K(704K)->652K(704K)
[13924.482s][info][gc             ] GC(35034) Pause Young (Allocation Failure) 513M->374M(509M) 1.326ms
[13924.482s][info][gc,cpu         ] GC(35034) User=0.01s Sys=0.00s Real=0.00s
[13924.928s][info][gc,start       ] GC(35035) Pause Young (Allocation Failure)
[13924.930s][info][gc,heap        ] GC(35035) PSYoungGen: 137968K(138240K)->256K(133632K) Eden: 137728K(137728K)->0K(133120K) From: 240K(512K)->256K(512K)
[13924.930s][info][gc,heap        ] GC(35035) ParOldGen: 382805K(382976K)->382821K(382976K)
[13924.930s][info][gc,metaspace   ] GC(35035) Metaspace: 8795K(9024K)->8795K(9024K) NonClass: 8143K(8320K)->8143K(8320K) Class: 652K(704K)->652K(704K)
[13924.930s][info][gc             ] GC(35035) Pause Young (Allocation Failure) 508M->374M(504M) 1.287ms
[13924.930s][info][gc,cpu         ] GC(35035) User=0.00s Sys=0.00s Real=0.00s
[13925.379s][info][gc,start       ] GC(35036) Pause Young (Allocation Failure)
[13925.380s][info][gc,heap        ] GC(35036) PSYoungGen: 133376K(133632K)->288K(129536K) Eden: 133120K(133120K)->0K(129024K) From: 256K(512K)->288K(512K)
[13925.380s][info][gc,heap        ] GC(35036) ParOldGen: 382821K(382976K)->382837K(382976K)
[13925.380s][info][gc,metaspace   ] GC(35036) Metaspace: 8795K(9024K)->8795K(9024K) NonClass: 8143K(8320K)->8143K(8320K) Class: 652K(704K)->652K(704K)
[13925.380s][info][gc             ] GC(35036) Pause Young (Allocation Failure) 504M->374M(500M) 1.290ms
[13925.380s][info][gc,cpu         ] GC(35036) User=0.00s Sys=0.00s Real=0.00s
[13925.833s][info][gc,start       ] GC(35037) Pause Young (Allocation Failure)
[13925.834s][info][gc,heap        ] GC(35037) PSYoungGen: 129312K(129536K)->256K(125440K) Eden: 129024K(129024K)->0K(124928K) From: 288K(512K)->256K(512K)
[13925.834s][info][gc,heap        ] GC(35037) ParOldGen: 382837K(382976K)->382853K(382976K)
[13925.834s][info][gc,metaspace   ] GC(35037) Metaspace: 8795K(9024K)->8795K(9024K) NonClass: 8143K(8320K)->8143K(8320K) Class: 652K(704K)->652K(704K)
[13925.834s][info][gc             ] GC(35037) Pause Young (Allocation Failure) 500M->374M(496M) 1.324ms
[13925.834s][info][gc,cpu         ] GC(35037) User=0.00s Sys=0.00s Real=0.00s
[13926.230s][info][gc,start       ] GC(35038) Pause Young (Allocation Failure)
[13926.231s][info][gc,heap        ] GC(35038) PSYoungGen: 125184K(125440K)->256K(121344K) Eden: 124928K(124928K)->0K(120832K) From: 256K(512K)->256K(512K)
[13926.231s][info][gc,heap        ] GC(35038) ParOldGen: 382853K(382976K)->382869K(382976K)
[13926.231s][info][gc,metaspace   ] GC(35038) Metaspace: 8795K(9024K)->8795K(9024K) NonClass: 8143K(8320K)->8143K(8320K) Class: 652K(704K)->652K(704K)
[13926.231s][info][gc             ] GC(35038) Pause Young (Allocation Failure) 496M->374M(492M) 1.277ms
[13926.231s][info][gc,cpu         ] GC(35038) User=0.01s Sys=0.00s Real=0.01s
[13926.647s][info][gc,start       ] GC(35039) Pause Young (Allocation Failure)
[13926.648s][info][gc,heap        ] GC(35039) PSYoungGen: 121088K(121344K)->240K(117760K) Eden: 120832K(120832K)->0K(117248K) From: 256K(512K)->240K(512K)
[13926.648s][info][gc,heap        ] GC(35039) ParOldGen: 382869K(382976K)->382885K(382976K)
[13926.648s][info][gc,metaspace   ] GC(35039) Metaspace: 8795K(9024K)->8795K(9024K) NonClass: 8143K(8320K)->8143K(8320K) Class: 652K(704K)->652K(704K)
[13926.648s][info][gc             ] GC(35039) Pause Young (Allocation Failure) 492M->374M(489M) 1.272ms
[13926.648s][info][gc,cpu         ] GC(35039) User=0.01s Sys=0.00s Real=0.00s
[13927.101s][info][gc,start       ] GC(35040) Pause Young (Allocation Failure)
[13927.102s][info][gc,heap        ] GC(35040) PSYoungGen: 117488K(117760K)->256K(114176K) Eden: 117248K(117248K)->0K(113664K) From: 240K(512K)->256K(512K)
[13927.103s][info][gc,heap        ] GC(35040) ParOldGen: 382885K(382976K)->382901K(382976K)
[13927.103s][info][gc,metaspace   ] GC(35040) Metaspace: 8795K(9024K)->8795K(9024K) NonClass: 8143K(8320K)->8143K(8320K) Class: 652K(704K)->652K(704K)
[13927.103s][info][gc             ] GC(35040) Pause Young (Allocation Failure) 488M->374M(485M) 1.774ms
[13927.103s][info][gc,cpu         ] GC(35040) User=0.01s Sys=0.00s Real=0.00s
[13927.476s][info][gc,start       ] GC(35041) Pause Young (Allocation Failure)
[13927.477s][info][gc,heap        ] GC(35041) PSYoungGen: 113920K(114176K)->256K(110592K) Eden: 113664K(113664K)->0K(110080K) From: 256K(512K)->256K(512K)
[13927.477s][info][gc,heap        ] GC(35041) ParOldGen: 382901K(382976K)->382917K(382976K)
[13927.477s][info][gc,metaspace   ] GC(35041) Metaspace: 8795K(9024K)->8795K(9024K) NonClass: 8143K(8320K)->8143K(8320K) Class: 652K(704K)->652K(704K)
[13927.477s][info][gc             ] GC(35041) Pause Young (Allocation Failure) 485M->374M(482M) 1.276ms
[13927.477s][info][gc,cpu         ] GC(35041) User=0.00s Sys=0.00s Real=0.00s
[13927.858s][info][gc,start       ] GC(35042) Pause Young (Allocation Failure)
[13927.859s][info][gc,heap        ] GC(35042) PSYoungGen: 110336K(110592K)->240K(107520K) Eden: 110080K(110080K)->0K(107008K) From: 256K(512K)->240K(512K)
[13927.859s][info][gc,heap        ] GC(35042) ParOldGen: 382917K(382976K)->382933K(382976K)
[13927.859s][info][gc,metaspace   ] GC(35042) Metaspace: 8795K(9024K)->8795K(9024K) NonClass: 8143K(8320K)->8143K(8320K) Class: 652K(704K)->652K(704K)
[13927.859s][info][gc             ] GC(35042) Pause Young (Allocation Failure) 481M->374M(479M) 1.278ms
[13927.859s][info][gc,cpu         ] GC(35042) User=0.00s Sys=0.00s Real=0.00s
[13928.194s][info][gc,start       ] GC(35043) Pause Young (Allocation Failure)
[13928.195s][info][gc,heap        ] GC(35043) PSYoungGen: 107248K(107520K)->256K(104448K) Eden: 107008K(107008K)->0K(103936K) From: 240K(512K)->256K(512K)
[13928.195s][info][gc,heap        ] GC(35043) ParOldGen: 382933K(382976K)->382949K(382976K)
[13928.195s][info][gc,metaspace   ] GC(35043) Metaspace: 8795K(9024K)->8795K(9024K) NonClass: 8143K(8320K)->8143K(8320K) Class: 652K(704K)->652K(704K)
[13928.195s][info][gc             ] GC(35043) Pause Young (Allocation Failure) 478M->374M(476M) 1.357ms
[13928.195s][info][gc,cpu         ] GC(35043) User=0.00s Sys=0.00s Real=0.00s
[13928.536s][info][gc,start       ] GC(35044) Pause Young (Allocation Failure)
[13928.537s][info][gc,heap        ] GC(35044) PSYoungGen: 104192K(104448K)->240K(101376K) Eden: 103936K(103936K)->0K(100864K) From: 256K(512K)->240K(512K)
[13928.537s][info][gc,heap        ] GC(35044) ParOldGen: 382949K(382976K)->382965K(382976K)
[13928.537s][info][gc,metaspace   ] GC(35044) Metaspace: 8795K(9024K)->8795K(9024K) NonClass: 8143K(8320K)->8143K(8320K) Class: 652K(704K)->652K(704K)
[13928.537s][info][gc             ] GC(35044) Pause Young (Allocation Failure) 475M->374M(473M) 1.744ms
[13928.537s][info][gc,cpu         ] GC(35044) User=0.00s Sys=0.00s Real=0.00s
[13928.867s][info][gc,start       ] GC(35045) Pause Young (Allocation Failure)
[13928.868s][info][gc,heap        ] GC(35045) PSYoungGen: 101104K(101376K)->256K(98304K) Eden: 100864K(100864K)->0K(97792K) From: 240K(512K)->256K(512K)
[13928.868s][info][gc,heap        ] GC(35045) ParOldGen: 382965K(382976K)->382981K(383488K)
[13928.868s][info][gc,metaspace   ] GC(35045) Metaspace: 8795K(9024K)->8795K(9024K) NonClass: 8143K(8320K)->8143K(8320K) Class: 652K(704K)->652K(704K)
[13928.868s][info][gc             ] GC(35045) Pause Young (Allocation Failure) 472M->374M(470M) 1.323ms
[13928.868s][info][gc,cpu         ] GC(35045) User=0.00s Sys=0.00s Real=0.00s
[13929.180s][info][gc,start       ] GC(35046) Pause Young (Allocation Failure)
[13929.181s][info][gc,heap        ] GC(35046) PSYoungGen: 98048K(98304K)->288K(95744K) Eden: 97792K(97792K)->0K(95232K) From: 256K(512K)->288K(512K)
[13929.181s][info][gc,heap        ] GC(35046) ParOldGen: 382981K(383488K)->382997K(383488K)
[13929.181s][info][gc,metaspace   ] GC(35046) Metaspace: 8795K(9024K)->8795K(9024K) NonClass: 8143K(8320K)->8143K(8320K) Class: 652K(704K)->652K(704K)
[13929.181s][info][gc             ] GC(35046) Pause Young (Allocation Failure) 469M->374M(468M) 1.317ms
[13929.181s][info][gc,cpu         ] GC(35046) User=0.00s Sys=0.00s Real=0.01s
[13929.492s][info][gc,start       ] GC(35047) Pause Young (Allocation Failure)
[13929.493s][info][gc,heap        ] GC(35047) PSYoungGen: 95520K(95744K)->240K(93184K) Eden: 95232K(95232K)->0K(92672K) From: 288K(512K)->240K(512K)
[13929.493s][info][gc,heap        ] GC(35047) ParOldGen: 382997K(383488K)->383013K(383488K)
[13929.493s][info][gc,metaspace   ] GC(35047) Metaspace: 8795K(9024K)->8795K(9024K) NonClass: 8143K(8320K)->8143K(8320K) Class: 652K(704K)->652K(704K)
[13929.493s][info][gc             ] GC(35047) Pause Young (Allocation Failure) 467M->374M(465M) 1.284ms
[13929.493s][info][gc,cpu         ] GC(35047) User=0.00s Sys=0.01s Real=0.00s
[13929.795s][info][gc,start       ] GC(35048) Pause Young (Allocation Failure)
[13929.796s][info][gc,heap        ] GC(35048) PSYoungGen: 92912K(93184K)->272K(90624K) Eden: 92672K(92672K)->0K(90112K) From: 240K(512K)->272K(512K)
[13929.796s][info][gc,heap        ] GC(35048) ParOldGen: 383013K(383488K)->383029K(383488K)
[13929.796s][info][gc,metaspace   ] GC(35048) Metaspace: 8795K(9024K)->8795K(9024K) NonClass: 8143K(8320K)->8143K(8320K) Class: 652K(704K)->652K(704K)
[13929.796s][info][gc             ] GC(35048) Pause Young (Allocation Failure) 464M->374M(463M) 1.261ms
[13929.796s][info][gc,cpu         ] GC(35048) User=0.01s Sys=0.00s Real=0.00s
[13930.093s][info][gc,start       ] GC(35049) Pause Young (Allocation Failure)
[13930.094s][info][gc,heap        ] GC(35049) PSYoungGen: 90384K(90624K)->240K(88064K) Eden: 90112K(90112K)->0K(87552K) From: 272K(512K)->240K(512K)
[13930.094s][info][gc,heap        ] GC(35049) ParOldGen: 383029K(383488K)->383045K(383488K)
[13930.094s][info][gc,metaspace   ] GC(35049) Metaspace: 8795K(9024K)->8795K(9024K) NonClass: 8143K(8320K)->8143K(8320K) Class: 652K(704K)->652K(704K)
[13930.094s][info][gc             ] GC(35049) Pause Young (Allocation Failure) 462M->374M(460M) 1.247ms
[13930.094s][info][gc,cpu         ] GC(35049) User=0.00s Sys=0.00s Real=0.00s
[13930.367s][info][gc,start       ] GC(35050) Pause Young (Allocation Failure)
[13930.368s][info][gc,heap        ] GC(35050) PSYoungGen: 87792K(88064K)->256K(202752K) Eden: 87552K(87552K)->0K(202240K) From: 240K(512K)->256K(512K)
[13930.368s][info][gc,heap        ] GC(35050) ParOldGen: 383045K(383488K)->383061K(383488K)
[13930.368s][info][gc,metaspace   ] GC(35050) Metaspace: 8795K(9024K)->8795K(9024K) NonClass: 8143K(8320K)->8143K(8320K) Class: 652K(704K)->652K(704K)
[13930.368s][info][gc             ] GC(35050) Pause Young (Allocation Failure) 459M->374M(572M) 1.239ms
[13930.368s][info][gc,cpu         ] GC(35050) User=0.01s Sys=0.00s Real=0.00s
[13931.051s][info][gc,start       ] GC(35051) Pause Young (Allocation Failure)
[13931.052s][info][gc,heap        ] GC(35051) PSYoungGen: 202496K(202752K)->256K(195584K) Eden: 202240K(202240K)->0K(195072K) From: 256K(512K)->256K(512K)
[13931.052s][info][gc,heap        ] GC(35051) ParOldGen: 383061K(383488K)->383077K(383488K)
[13931.052s][info][gc,metaspace   ] GC(35051) Metaspace: 8795K(9024K)->8795K(9024K) NonClass: 8143K(8320K)->8143K(8320K) Class: 652K(704K)->652K(704K)
[13931.052s][info][gc             ] GC(35051) Pause Young (Allocation Failure) 571M->374M(565M) 1.292ms
[13931.052s][info][gc,cpu         ] GC(35051) User=0.00s Sys=0.00s Real=0.00s
[13931.806s][info][gc,start       ] GC(35052) Pause Young (Allocation Failure)
[13931.807s][info][gc,heap        ] GC(35052) PSYoungGen: 195328K(195584K)->240K(188416K) Eden: 195072K(195072K)->0K(187904K) From: 256K(512K)->240K(512K)
[13931.807s][info][gc,heap        ] GC(35052) ParOldGen: 383077K(383488K)->383085K(383488K)
[13931.807s][info][gc,metaspace   ] GC(35052) Metaspace: 8795K(9024K)->8795K(9024K) NonClass: 8143K(8320K)->8143K(8320K) Class: 652K(704K)->652K(704K)
[13931.807s][info][gc             ] GC(35052) Pause Young (Allocation Failure) 564M->374M(558M) 1.608ms
[13931.807s][info][gc,cpu         ] GC(35052) User=0.01s Sys=0.00s Real=0.00s
[13932.449s][info][gc,start       ] GC(35053) Pause Young (Allocation Failure)
[13932.450s][info][gc,heap        ] GC(35053) PSYoungGen: 188144K(188416K)->256K(181760K) Eden: 187904K(187904K)->0K(181248K) From: 240K(512K)->256K(512K)
[13932.450s][info][gc,heap        ] GC(35053) ParOldGen: 383085K(383488K)->383101K(383488K)
[13932.450s][info][gc,metaspace   ] GC(35053) Metaspace: 8795K(9024K)->8795K(9024K) NonClass: 8143K(8320K)->8143K(8320K) Class: 652K(704K)->652K(704K)
[13932.450s][info][gc             ] GC(35053) Pause Young (Allocation Failure) 557M->374M(552M) 1.308ms
[13932.450s][info][gc,cpu         ] GC(35053) User=0.00s Sys=0.00s Real=0.01s
[13933.076s][info][gc,start       ] GC(35054) Pause Young (Allocation Failure)
[13933.077s][info][gc,heap        ] GC(35054) PSYoungGen: 181504K(181760K)->272K(175104K) Eden: 181248K(181248K)->0K(174592K) From: 256K(512K)->272K(512K)
[13933.077s][info][gc,heap        ] GC(35054) ParOldGen: 383101K(383488K)->383109K(383488K)
[13933.077s][info][gc,metaspace   ] GC(35054) Metaspace: 8795K(9024K)->8795K(9024K) NonClass: 8143K(8320K)->8143K(8320K) Class: 652K(704K)->652K(704K)
[13933.077s][info][gc             ] GC(35054) Pause Young (Allocation Failure) 551M->374M(545M) 1.367ms
[13933.077s][info][gc,cpu         ] GC(35054) User=0.01s Sys=0.00s Real=0.00s
[13933.616s][info][gc,start       ] GC(35055) Pause Young (Allocation Failure)
[13933.618s][info][gc,heap        ] GC(35055) PSYoungGen: 174864K(175104K)->256K(168960K) Eden: 174592K(174592K)->0K(168448K) From: 272K(512K)->256K(512K)
[13933.618s][info][gc,heap        ] GC(35055) ParOldGen: 383109K(383488K)->383125K(383488K)
[13933.618s][info][gc,metaspace   ] GC(35055) Metaspace: 8795K(9024K)->8795K(9024K) NonClass: 8143K(8320K)->8143K(8320K) Class: 652K(704K)->652K(704K)
[13933.618s][info][gc             ] GC(35055) Pause Young (Allocation Failure) 544M->374M(539M) 1.260ms
[13933.618s][info][gc,cpu         ] GC(35055) User=0.00s Sys=0.00s Real=0.00s
[13934.186s][info][gc,start       ] GC(35056) Pause Young (Allocation Failure)
[13934.189s][info][gc,heap        ] GC(35056) PSYoungGen: 168704K(168960K)->288K(163328K) Eden: 168448K(168448K)->0K(162816K) From: 256K(512K)->288K(512K)
[13934.189s][info][gc,heap        ] GC(35056) ParOldGen: 383125K(383488K)->383133K(383488K)
[13934.189s][info][gc,metaspace   ] GC(35056) Metaspace: 8795K(9024K)->8795K(9024K) NonClass: 8143K(8320K)->8143K(8320K) Class: 652K(704K)->652K(704K)
[13934.189s][info][gc             ] GC(35056) Pause Young (Allocation Failure) 538M->374M(534M) 2.356ms
[13934.189s][info][gc,cpu         ] GC(35056) User=0.01s Sys=0.00s Real=0.00s
[13934.745s][info][gc,start       ] GC(35057) Pause Young (Allocation Failure)
[13934.747s][info][gc,heap        ] GC(35057) PSYoungGen: 163104K(163328K)->256K(157696K) Eden: 162816K(162816K)->0K(157184K) From: 288K(512K)->256K(512K)
[13934.747s][info][gc,heap        ] GC(35057) ParOldGen: 383133K(383488K)->383141K(383488K)
[13934.747s][info][gc,metaspace   ] GC(35057) Metaspace: 8795K(9024K)->8795K(9024K) NonClass: 8143K(8320K)->8143K(8320K) Class: 652K(704K)->652K(704K)
[13934.747s][info][gc             ] GC(35057) Pause Young (Allocation Failure) 533M->374M(528M) 2.312ms
[13934.747s][info][gc,cpu         ] GC(35057) User=0.00s Sys=0.00s Real=0.00s
[13935.253s][info][gc,start       ] GC(35058) Pause Young (Allocation Failure)
[13935.255s][info][gc,heap        ] GC(35058) PSYoungGen: 157440K(157696K)->256K(152576K) Eden: 157184K(157184K)->0K(152064K) From: 256K(512K)->256K(512K)
[13935.255s][info][gc,heap        ] GC(35058) ParOldGen: 383141K(383488K)->383149K(383488K)
[13935.255s][info][gc,metaspace   ] GC(35058) Metaspace: 8795K(9024K)->8795K(9024K) NonClass: 8143K(8320K)->8143K(8320K) Class: 652K(704K)->652K(704K)
[13935.255s][info][gc             ] GC(35058) Pause Young (Allocation Failure) 527M->374M(523M) 2.502ms
[13935.255s][info][gc,cpu         ] GC(35058) User=0.00s Sys=0.01s Real=0.00s
[13935.804s][info][gc,start       ] GC(35059) Pause Young (Allocation Failure)
[13935.806s][info][gc,heap        ] GC(35059) PSYoungGen: 152320K(152576K)->256K(147456K) Eden: 152064K(152064K)->0K(146944K) From: 256K(512K)->256K(512K)
[13935.806s][info][gc,heap        ] GC(35059) ParOldGen: 383149K(383488K)->383157K(383488K)
[13935.806s][info][gc,metaspace   ] GC(35059) Metaspace: 8795K(9024K)->8795K(9024K) NonClass: 8143K(8320K)->8143K(8320K) Class: 652K(704K)->652K(704K)
[13935.806s][info][gc             ] GC(35059) Pause Young (Allocation Failure) 522M->374M(518M) 2.268ms
[13935.806s][info][gc,cpu         ] GC(35059) User=0.00s Sys=0.00s Real=0.00s
[13936.264s][info][gc,start       ] GC(35060) Pause Young (Allocation Failure)
[13936.266s][info][gc,heap        ] GC(35060) PSYoungGen: 147200K(147456K)->240K(142848K) Eden: 146944K(146944K)->0K(142336K) From: 256K(512K)->240K(512K)
[13936.266s][info][gc,heap        ] GC(35060) ParOldGen: 383157K(383488K)->383173K(383488K)
[13936.266s][info][gc,metaspace   ] GC(35060) Metaspace: 8795K(9024K)->8795K(9024K) NonClass: 8143K(8320K)->8143K(8320K) Class: 652K(704K)->652K(704K)
[13936.266s][info][gc             ] GC(35060) Pause Young (Allocation Failure) 517M->374M(514M) 1.672ms
[13936.266s][info][gc,cpu         ] GC(35060) User=0.00s Sys=0.00s Real=0.00s
[13936.737s][info][gc,start       ] GC(35061) Pause Young (Allocation Failure)
[13936.738s][info][gc,heap        ] GC(35061) PSYoungGen: 142576K(142848K)->256K(138240K) Eden: 142336K(142336K)->0K(137728K) From: 240K(512K)->256K(512K)
[13936.738s][info][gc,heap        ] GC(35061) ParOldGen: 383173K(383488K)->383189K(383488K)
[13936.738s][info][gc,metaspace   ] GC(35061) Metaspace: 8795K(9024K)->8795K(9024K) NonClass: 8143K(8320K)->8143K(8320K) Class: 652K(704K)->652K(704K)
[13936.738s][info][gc             ] GC(35061) Pause Young (Allocation Failure) 513M->374M(509M) 1.309ms
[13936.738s][info][gc,cpu         ] GC(35061) User=0.00s Sys=0.00s Real=0.00s
[13937.225s][info][gc,start       ] GC(35062) Pause Young (Allocation Failure)
[13937.227s][info][gc,heap        ] GC(35062) PSYoungGen: 137984K(138240K)->288K(133632K) Eden: 137728K(137728K)->0K(133120K) From: 256K(512K)->288K(512K)
[13937.227s][info][gc,heap        ] GC(35062) ParOldGen: 383189K(383488K)->383197K(383488K)
[13937.227s][info][gc,metaspace   ] GC(35062) Metaspace: 8795K(9024K)->8795K(9024K) NonClass: 8143K(8320K)->8143K(8320K) Class: 652K(704K)->652K(704K)
[13937.227s][info][gc             ] GC(35062) Pause Young (Allocation Failure) 508M->374M(505M) 2.309ms
[13937.227s][info][gc,cpu         ] GC(35062) User=0.00s Sys=0.00s Real=0.00s
[13937.680s][info][gc,start       ] GC(35063) Pause Young (Allocation Failure)
[13937.684s][info][gc,heap        ] GC(35063) PSYoungGen: 133408K(133632K)->272K(129536K) Eden: 133120K(133120K)->0K(129024K) From: 288K(512K)->272K(512K)
[13937.684s][info][gc,heap        ] GC(35063) ParOldGen: 383197K(383488K)->383205K(383488K)
[13937.684s][info][gc,metaspace   ] GC(35063) Metaspace: 8795K(9024K)->8795K(9024K) NonClass: 8143K(8320K)->8143K(8320K) Class: 652K(704K)->652K(704K)
[13937.684s][info][gc             ] GC(35063) Pause Young (Allocation Failure) 504M->374M(501M) 3.708ms
[13937.684s][info][gc,cpu         ] GC(35063) User=0.00s Sys=0.00s Real=0.00s
[13938.100s][info][gc,start       ] GC(35064) Pause Young (Allocation Failure)
[13938.101s][info][gc,heap        ] GC(35064) PSYoungGen: 129296K(129536K)->288K(125440K) Eden: 129024K(129024K)->0K(124928K) From: 272K(512K)->288K(512K)
[13938.101s][info][gc,heap        ] GC(35064) ParOldGen: 383205K(383488K)->383221K(383488K)
[13938.101s][info][gc,metaspace   ] GC(35064) Metaspace: 8795K(9024K)->8795K(9024K) NonClass: 8143K(8320K)->8143K(8320K) Class: 652K(704K)->652K(704K)
[13938.101s][info][gc             ] GC(35064) Pause Young (Allocation Failure) 500M->374M(497M) 1.338ms
[13938.101s][info][gc,cpu         ] GC(35064) User=0.00s Sys=0.00s Real=0.01s
[13938.520s][info][gc,start       ] GC(35065) Pause Young (Allocation Failure)
[13938.521s][info][gc,heap        ] GC(35065) PSYoungGen: 125216K(125440K)->256K(121344K) Eden: 124928K(124928K)->0K(120832K) From: 288K(512K)->256K(512K)
[13938.521s][info][gc,heap        ] GC(35065) ParOldGen: 383221K(383488K)->383237K(383488K)
[13938.521s][info][gc,metaspace   ] GC(35065) Metaspace: 8795K(9024K)->8795K(9024K) NonClass: 8143K(8320K)->8143K(8320K) Class: 652K(704K)->652K(704K)
[13938.521s][info][gc             ] GC(35065) Pause Young (Allocation Failure) 496M->374M(493M) 1.300ms
[13938.521s][info][gc,cpu         ] GC(35065) User=0.00s Sys=0.00s Real=0.01s
[13938.920s][info][gc,start       ] GC(35066) Pause Young (Allocation Failure)
[13938.921s][info][gc,heap        ] GC(35066) PSYoungGen: 121088K(121344K)->256K(117760K) Eden: 120832K(120832K)->0K(117248K) From: 256K(512K)->256K(512K)
[13938.921s][info][gc,heap        ] GC(35066) ParOldGen: 383237K(383488K)->383253K(383488K)
[13938.921s][info][gc,metaspace   ] GC(35066) Metaspace: 8795K(9024K)->8795K(9024K) NonClass: 8143K(8320K)->8143K(8320K) Class: 652K(704K)->652K(704K)
[13938.921s][info][gc             ] GC(35066) Pause Young (Allocation Failure) 492M->374M(489M) 1.266ms
[13938.921s][info][gc,cpu         ] GC(35066) User=0.01s Sys=0.00s Real=0.01s
[13939.289s][info][gc,start       ] GC(35067) Pause Young (Allocation Failure)
[13939.290s][info][gc,heap        ] GC(35067) PSYoungGen: 117504K(117760K)->240K(114176K) Eden: 117248K(117248K)->0K(113664K) From: 256K(512K)->240K(512K)
[13939.290s][info][gc,heap        ] GC(35067) ParOldGen: 383253K(383488K)->383269K(383488K)
[13939.290s][info][gc,metaspace   ] GC(35067) Metaspace: 8795K(9024K)->8795K(9024K) NonClass: 8143K(8320K)->8143K(8320K) Class: 652K(704K)->652K(704K)
[13939.290s][info][gc             ] GC(35067) Pause Young (Allocation Failure) 489M->374M(486M) 1.273ms
[13939.290s][info][gc,cpu         ] GC(35067) User=0.00s Sys=0.00s Real=0.00s
[13939.649s][info][gc,start       ] GC(35068) Pause Young (Allocation Failure)
[13939.650s][info][gc,heap        ] GC(35068) PSYoungGen: 113904K(114176K)->256K(110592K) Eden: 113664K(113664K)->0K(110080K) From: 240K(512K)->256K(512K)
[13939.650s][info][gc,heap        ] GC(35068) ParOldGen: 383269K(383488K)->383285K(383488K)
[13939.650s][info][gc,metaspace   ] GC(35068) Metaspace: 8795K(9024K)->8795K(9024K) NonClass: 8143K(8320K)->8143K(8320K) Class: 652K(704K)->652K(704K)
[13939.651s][info][gc             ] GC(35068) Pause Young (Allocation Failure) 485M->374M(482M) 1.521ms
[13939.651s][info][gc,cpu         ] GC(35068) User=0.00s Sys=0.00s Real=0.01s
[13940.008s][info][gc,start       ] GC(35069) Pause Young (Allocation Failure)
[13940.009s][info][gc,heap        ] GC(35069) PSYoungGen: 110336K(110592K)->256K(107520K) Eden: 110080K(110080K)->0K(107008K) From: 256K(512K)->256K(512K)
[13940.009s][info][gc,heap        ] GC(35069) ParOldGen: 383285K(383488K)->383301K(383488K)
[13940.009s][info][gc,metaspace   ] GC(35069) Metaspace: 8795K(9024K)->8795K(9024K) NonClass: 8143K(8320K)->8143K(8320K) Class: 652K(704K)->652K(704K)
[13940.009s][info][gc             ] GC(35069) Pause Young (Allocation Failure) 482M->374M(479M) 1.308ms
[13940.009s][info][gc,cpu         ] GC(35069) User=0.00s Sys=0.00s Real=0.00s
[13940.333s][info][gc,start       ] GC(35070) Pause Young (Allocation Failure)
[13940.335s][info][gc,heap        ] GC(35070) PSYoungGen: 107264K(107520K)->256K(104448K) Eden: 107008K(107008K)->0K(103936K) From: 256K(512K)->256K(512K)
[13940.335s][info][gc,heap        ] GC(35070) ParOldGen: 383301K(383488K)->383317K(383488K)
[13940.335s][info][gc,metaspace   ] GC(35070) Metaspace: 8795K(9024K)->8795K(9024K) NonClass: 8143K(8320K)->8143K(8320K) Class: 652K(704K)->652K(704K)
[13940.335s][info][gc             ] GC(35070) Pause Young (Allocation Failure) 479M->374M(476M) 1.260ms
[13940.335s][info][gc,cpu         ] GC(35070) User=0.01s Sys=0.00s Real=0.00s
[13940.657s][info][gc,start       ] GC(35071) Pause Young (Allocation Failure)
[13940.660s][info][gc,heap        ] GC(35071) PSYoungGen: 104192K(104448K)->256K(101376K) Eden: 103936K(103936K)->0K(100864K) From: 256K(512K)->256K(512K)
[13940.660s][info][gc,heap        ] GC(35071) ParOldGen: 383317K(383488K)->383325K(383488K)
[13940.660s][info][gc,metaspace   ] GC(35071) Metaspace: 8795K(9024K)->8795K(9024K) NonClass: 8143K(8320K)->8143K(8320K) Class: 652K(704K)->652K(704K)
[13940.660s][info][gc             ] GC(35071) Pause Young (Allocation Failure) 476M->374M(473M) 2.287ms
[13940.660s][info][gc,cpu         ] GC(35071) User=0.00s Sys=0.00s Real=0.00s
[13941.000s][info][gc,start       ] GC(35072) Pause Young (Allocation Failure)
[13941.002s][info][gc,heap        ] GC(35072) PSYoungGen: 101120K(101376K)->256K(98304K) Eden: 100864K(100864K)->0K(97792K) From: 256K(512K)->256K(512K)
[13941.002s][info][gc,heap        ] GC(35072) ParOldGen: 383325K(383488K)->383333K(383488K)
[13941.002s][info][gc,metaspace   ] GC(35072) Metaspace: 8795K(9024K)->8795K(9024K) NonClass: 8143K(8320K)->8143K(8320K) Class: 652K(704K)->652K(704K)
[13941.002s][info][gc             ] GC(35072) Pause Young (Allocation Failure) 473M->374M(470M) 2.359ms
[13941.002s][info][gc,cpu         ] GC(35072) User=0.00s Sys=0.00s Real=0.01s
[13941.309s][info][gc,start       ] GC(35073) Pause Young (Allocation Failure)
[13941.311s][info][gc,heap        ] GC(35073) PSYoungGen: 98048K(98304K)->304K(95744K) Eden: 97792K(97792K)->0K(95232K) From: 256K(512K)->304K(512K)
[13941.311s][info][gc,heap        ] GC(35073) ParOldGen: 383333K(383488K)->383349K(383488K)
[13941.311s][info][gc,metaspace   ] GC(35073) Metaspace: 8795K(9024K)->8795K(9024K) NonClass: 8143K(8320K)->8143K(8320K) Class: 652K(704K)->652K(704K)
[13941.311s][info][gc             ] GC(35073) Pause Young (Allocation Failure) 470M->374M(468M) 2.842ms
[13941.311s][info][gc,cpu         ] GC(35073) User=0.00s Sys=0.00s Real=0.01s
[13941.631s][info][gc,start       ] GC(35074) Pause Young (Allocation Failure)
[13941.634s][info][gc,heap        ] GC(35074) PSYoungGen: 95536K(95744K)->272K(93184K) Eden: 95232K(95232K)->0K(92672K) From: 304K(512K)->272K(512K)
[13941.634s][info][gc,heap        ] GC(35074) ParOldGen: 383349K(383488K)->383365K(383488K)
[13941.634s][info][gc,metaspace   ] GC(35074) Metaspace: 8795K(9024K)->8795K(9024K) NonClass: 8143K(8320K)->8143K(8320K) Class: 652K(704K)->652K(704K)
[13941.634s][info][gc             ] GC(35074) Pause Young (Allocation Failure) 467M->374M(465M) 2.691ms
[13941.634s][info][gc,cpu         ] GC(35074) User=0.00s Sys=0.00s Real=0.00s
[13941.931s][info][gc,start       ] GC(35075) Pause Young (Allocation Failure)
[13941.933s][info][gc,heap        ] GC(35075) PSYoungGen: 92944K(93184K)->288K(90624K) Eden: 92672K(92672K)->0K(90112K) From: 272K(512K)->288K(512K)
[13941.934s][info][gc,heap        ] GC(35075) ParOldGen: 383365K(383488K)->383373K(383488K)
[13941.934s][info][gc,metaspace   ] GC(35075) Metaspace: 8795K(9024K)->8795K(9024K) NonClass: 8143K(8320K)->8143K(8320K) Class: 652K(704K)->652K(704K)
[13941.934s][info][gc             ] GC(35075) Pause Young (Allocation Failure) 465M->374M(463M) 2.878ms
[13941.934s][info][gc,cpu         ] GC(35075) User=0.01s Sys=0.00s Real=0.00s
[13942.225s][info][gc,start       ] GC(35076) Pause Young (Allocation Failure)
[13942.227s][info][gc,heap        ] GC(35076) PSYoungGen: 90400K(90624K)->272K(88064K) Eden: 90112K(90112K)->0K(87552K) From: 288K(512K)->272K(512K)
[13942.227s][info][gc,heap        ] GC(35076) ParOldGen: 383373K(383488K)->383381K(383488K)
[13942.227s][info][gc,metaspace   ] GC(35076) Metaspace: 8795K(9024K)->8795K(9024K) NonClass: 8143K(8320K)->8143K(8320K) Class: 652K(704K)->652K(704K)
[13942.227s][info][gc             ] GC(35076) Pause Young (Allocation Failure) 462M->374M(460M) 2.490ms
[13942.227s][info][gc,cpu         ] GC(35076) User=0.00s Sys=0.00s Real=0.00s
[13942.508s][info][gc,start       ] GC(35077) Pause Young (Allocation Failure)
[13942.511s][info][gc,heap        ] GC(35077) PSYoungGen: 87824K(88064K)->256K(202752K) Eden: 87552K(87552K)->0K(202240K) From: 272K(512K)->256K(512K)
[13942.511s][info][gc,heap        ] GC(35077) ParOldGen: 383381K(383488K)->383389K(383488K)
[13942.511s][info][gc,metaspace   ] GC(35077) Metaspace: 8795K(9024K)->8795K(9024K) NonClass: 8143K(8320K)->8143K(8320K) Class: 652K(704K)->652K(704K)
[13942.511s][info][gc             ] GC(35077) Pause Young (Allocation Failure) 460M->374M(572M) 2.561ms
[13942.511s][info][gc,cpu         ] GC(35077) User=0.00s Sys=0.00s Real=0.01s
[13943.132s][info][gc,start       ] GC(35078) Pause Young (Allocation Failure)
[13943.135s][info][gc,heap        ] GC(35078) PSYoungGen: 202496K(202752K)->272K(195584K) Eden: 202240K(202240K)->0K(195072K) From: 256K(512K)->272K(512K)
[13943.135s][info][gc,heap        ] GC(35078) ParOldGen: 383389K(383488K)->383397K(383488K)
[13943.135s][info][gc,metaspace   ] GC(35078) Metaspace: 8795K(9024K)->8795K(9024K) NonClass: 8143K(8320K)->8143K(8320K) Class: 652K(704K)->652K(704K)
[13943.135s][info][gc             ] GC(35078) Pause Young (Allocation Failure) 572M->374M(565M) 3.195ms
[13943.135s][info][gc,cpu         ] GC(35078) User=0.00s Sys=0.00s Real=0.00s
[13943.747s][info][gc,start       ] GC(35079) Pause Young (Allocation Failure)
[13943.748s][info][gc,heap        ] GC(35079) PSYoungGen: 195344K(195584K)->256K(188416K) Eden: 195072K(195072K)->0K(187904K) From: 272K(512K)->256K(512K)
[13943.748s][info][gc,heap        ] GC(35079) ParOldGen: 383397K(383488K)->383413K(383488K)
[13943.748s][info][gc,metaspace   ] GC(35079) Metaspace: 8795K(9024K)->8795K(9024K) NonClass: 8143K(8320K)->8143K(8320K) Class: 652K(704K)->652K(704K)
[13943.748s][info][gc             ] GC(35079) Pause Young (Allocation Failure) 565M->374M(558M) 1.493ms
[13943.748s][info][gc,cpu         ] GC(35079) User=0.00s Sys=0.00s Real=0.00s
[13944.333s][info][gc,start       ] GC(35080) Pause Young (Allocation Failure)
[13944.334s][info][gc,heap        ] GC(35080) PSYoungGen: 188160K(188416K)->256K(181760K) Eden: 187904K(187904K)->0K(181248K) From: 256K(512K)->256K(512K)
[13944.334s][info][gc,heap        ] GC(35080) ParOldGen: 383413K(383488K)->383429K(383488K)
[13944.334s][info][gc,metaspace   ] GC(35080) Metaspace: 8795K(9024K)->8795K(9024K) NonClass: 8143K(8320K)->8143K(8320K) Class: 652K(704K)->652K(704K)
[13944.334s][info][gc             ] GC(35080) Pause Young (Allocation Failure) 558M->374M(552M) 1.265ms
[13944.334s][info][gc,cpu         ] GC(35080) User=0.01s Sys=0.00s Real=0.00s
[13944.961s][info][gc,start       ] GC(35081) Pause Young (Allocation Failure)
[13944.963s][info][gc,heap        ] GC(35081) PSYoungGen: 181504K(181760K)->272K(175104K) Eden: 181248K(181248K)->0K(174592K) From: 256K(512K)->272K(512K)
[13944.963s][info][gc,heap        ] GC(35081) ParOldGen: 383429K(383488K)->383437K(383488K)
[13944.963s][info][gc,metaspace   ] GC(35081) Metaspace: 8795K(9024K)->8795K(9024K) NonClass: 8143K(8320K)->8143K(8320K) Class: 652K(704K)->652K(704K)
[13944.963s][info][gc             ] GC(35081) Pause Young (Allocation Failure) 551M->374M(545M) 1.649ms
[13944.963s][info][gc,cpu         ] GC(35081) User=0.00s Sys=0.00s Real=0.00s
[13945.544s][info][gc,start       ] GC(35082) Pause Young (Allocation Failure)
[13945.546s][info][gc,heap        ] GC(35082) PSYoungGen: 174864K(175104K)->240K(168960K) Eden: 174592K(174592K)->0K(168448K) From: 272K(512K)->240K(512K)
[13945.546s][info][gc,heap        ] GC(35082) ParOldGen: 383437K(383488K)->383453K(383488K)
[13945.546s][info][gc,metaspace   ] GC(35082) Metaspace: 8795K(9024K)->8795K(9024K) NonClass: 8143K(8320K)->8143K(8320K) Class: 652K(704K)->652K(704K)
[13945.546s][info][gc             ] GC(35082) Pause Young (Allocation Failure) 545M->374M(539M) 1.339ms
[13945.546s][info][gc,cpu         ] GC(35082) User=0.00s Sys=0.00s Real=0.00s
[13946.081s][info][gc,start       ] GC(35083) Pause Young (Allocation Failure)
[13946.082s][info][gc,heap        ] GC(35083) PSYoungGen: 168688K(168960K)->256K(163328K) Eden: 168448K(168448K)->0K(162816K) From: 240K(512K)->256K(512K)
[13946.082s][info][gc,heap        ] GC(35083) ParOldGen: 383453K(383488K)->383469K(383488K)
[13946.082s][info][gc,metaspace   ] GC(35083) Metaspace: 8795K(9024K)->8795K(9024K) NonClass: 8143K(8320K)->8143K(8320K) Class: 652K(704K)->652K(704K)
[13946.082s][info][gc             ] GC(35083) Pause Young (Allocation Failure) 539M->374M(534M) 1.286ms
[13946.082s][info][gc,cpu         ] GC(35083) User=0.00s Sys=0.00s Real=0.00s
[13946.635s][info][gc,start       ] GC(35084) Pause Young (Allocation Failure)
[13946.636s][info][gc,heap        ] GC(35084) PSYoungGen: 163072K(163328K)->240K(157696K) Eden: 162816K(162816K)->0K(157184K) From: 256K(512K)->240K(512K)
[13946.636s][info][gc,heap        ] GC(35084) ParOldGen: 383469K(383488K)->383485K(383488K)
[13946.636s][info][gc,metaspace   ] GC(35084) Metaspace: 8795K(9024K)->8795K(9024K) NonClass: 8143K(8320K)->8143K(8320K) Class: 652K(704K)->652K(704K)
[13946.636s][info][gc             ] GC(35084) Pause Young (Allocation Failure) 533M->374M(528M) 1.255ms
[13946.636s][info][gc,cpu         ] GC(35084) User=0.00s Sys=0.00s Real=0.00s
[13947.118s][info][gc,start       ] GC(35085) Pause Young (Allocation Failure)
[13947.119s][info][gc,heap        ] GC(35085) PSYoungGen: 157424K(157696K)->256K(152576K) Eden: 157184K(157184K)->0K(152064K) From: 240K(512K)->256K(512K)
[13947.119s][info][gc,heap        ] GC(35085) ParOldGen: 383485K(383488K)->383501K(384000K)
[13947.119s][info][gc,metaspace   ] GC(35085) Metaspace: 8795K(9024K)->8795K(9024K) NonClass: 8143K(8320K)->8143K(8320K) Class: 652K(704K)->652K(704K)
[13947.119s][info][gc             ] GC(35085) Pause Young (Allocation Failure) 528M->374M(524M) 1.377ms
[13947.119s][info][gc,cpu         ] GC(35085) User=0.00s Sys=0.00s Real=0.00s
[13947.590s][info][gc,start       ] GC(35086) Pause Young (Allocation Failure)
[13947.592s][info][gc,heap        ] GC(35086) PSYoungGen: 152320K(152576K)->256K(147456K) Eden: 152064K(152064K)->0K(146944K) From: 256K(512K)->256K(512K)
[13947.592s][info][gc,heap        ] GC(35086) ParOldGen: 383501K(384000K)->383517K(384000K)
[13947.592s][info][gc,metaspace   ] GC(35086) Metaspace: 8795K(9024K)->8795K(9024K) NonClass: 8143K(8320K)->8143K(8320K) Class: 652K(704K)->652K(704K)
[13947.592s][info][gc             ] GC(35086) Pause Young (Allocation Failure) 523M->374M(519M) 1.299ms
[13947.592s][info][gc,cpu         ] GC(35086) User=0.00s Sys=0.00s Real=0.00s
[13948.052s][info][gc,start       ] GC(35087) Pause Young (Allocation Failure)
[13948.054s][info][gc,heap        ] GC(35087) PSYoungGen: 147200K(147456K)->256K(142848K) Eden: 146944K(146944K)->0K(142336K) From: 256K(512K)->256K(512K)
[13948.054s][info][gc,heap        ] GC(35087) ParOldGen: 383517K(384000K)->383533K(384000K)
[13948.054s][info][gc,metaspace   ] GC(35087) Metaspace: 8795K(9024K)->8795K(9024K) NonClass: 8143K(8320K)->8143K(8320K) Class: 652K(704K)->652K(704K)
[13948.054s][info][gc             ] GC(35087) Pause Young (Allocation Failure) 518M->374M(514M) 1.278ms
[13948.054s][info][gc,cpu         ] GC(35087) User=0.00s Sys=0.00s Real=0.00s
[13948.499s][info][gc,start       ] GC(35088) Pause Young (Allocation Failure)
[13948.501s][info][gc,heap        ] GC(35088) PSYoungGen: 142592K(142848K)->256K(138240K) Eden: 142336K(142336K)->0K(137728K) From: 256K(512K)->256K(512K)
[13948.501s][info][gc,heap        ] GC(35088) ParOldGen: 383533K(384000K)->383549K(384000K)
[13948.501s][info][gc,metaspace   ] GC(35088) Metaspace: 8795K(9024K)->8795K(9024K) NonClass: 8143K(8320K)->8143K(8320K) Class: 652K(704K)->652K(704K)
[13948.501s][info][gc             ] GC(35088) Pause Young (Allocation Failure) 513M->374M(510M) 1.264ms
[13948.501s][info][gc,cpu         ] GC(35088) User=0.00s Sys=0.00s Real=0.01s
[13948.995s][info][gc,start       ] GC(35089) Pause Young (Allocation Failure)
[13948.996s][info][gc,heap        ] GC(35089) PSYoungGen: 137984K(138240K)->240K(133632K) Eden: 137728K(137728K)->0K(133120K) From: 256K(512K)->240K(512K)
[13948.996s][info][gc,heap        ] GC(35089) ParOldGen: 383549K(384000K)->383565K(384000K)
[13948.996s][info][gc,metaspace   ] GC(35089) Metaspace: 8795K(9024K)->8795K(9024K) NonClass: 8143K(8320K)->8143K(8320K) Class: 652K(704K)->652K(704K)
[13948.996s][info][gc             ] GC(35089) Pause Young (Allocation Failure) 509M->374M(505M) 1.295ms
[13948.996s][info][gc,cpu         ] GC(35089) User=0.00s Sys=0.00s Real=0.00s
[13949.416s][info][gc,start       ] GC(35090) Pause Young (Allocation Failure)
[13949.417s][info][gc,heap        ] GC(35090) PSYoungGen: 133360K(133632K)->240K(129536K) Eden: 133120K(133120K)->0K(129024K) From: 240K(512K)->240K(512K)
[13949.417s][info][gc,heap        ] GC(35090) ParOldGen: 383565K(384000K)->383581K(384000K)
[13949.417s][info][gc,metaspace   ] GC(35090) Metaspace: 8795K(9024K)->8795K(9024K) NonClass: 8143K(8320K)->8143K(8320K) Class: 652K(704K)->652K(704K)
[13949.417s][info][gc             ] GC(35090) Pause Young (Allocation Failure) 504M->374M(501M) 1.287ms
[13949.417s][info][gc,cpu         ] GC(35090) User=0.00s Sys=0.00s Real=0.00s
[13949.828s][info][gc,start       ] GC(35091) Pause Young (Allocation Failure)
[13949.829s][info][gc,heap        ] GC(35091) PSYoungGen: 129264K(129536K)->288K(125440K) Eden: 129024K(129024K)->0K(124928K) From: 240K(512K)->288K(512K)
[13949.829s][info][gc,heap        ] GC(35091) ParOldGen: 383581K(384000K)->383597K(384000K)
[13949.829s][info][gc,metaspace   ] GC(35091) Metaspace: 8795K(9024K)->8795K(9024K) NonClass: 8143K(8320K)->8143K(8320K) Class: 652K(704K)->652K(704K)
[13949.829s][info][gc             ] GC(35091) Pause Young (Allocation Failure) 500M->374M(497M) 1.310ms
[13949.829s][info][gc,cpu         ] GC(35091) User=0.00s Sys=0.00s Real=0.00s
[13950.243s][info][gc,start       ] GC(35092) Pause Young (Allocation Failure)
[13950.245s][info][gc,heap        ] GC(35092) PSYoungGen: 125216K(125440K)->256K(121344K) Eden: 124928K(124928K)->0K(120832K) From: 288K(512K)->256K(512K)
[13950.245s][info][gc,heap        ] GC(35092) ParOldGen: 383597K(384000K)->383613K(384000K)
[13950.245s][info][gc,metaspace   ] GC(35092) Metaspace: 8795K(9024K)->8795K(9024K) NonClass: 8143K(8320K)->8143K(8320K) Class: 652K(704K)->652K(704K)
[13950.245s][info][gc             ] GC(35092) Pause Young (Allocation Failure) 496M->374M(493M) 1.258ms
[13950.245s][info][gc,cpu         ] GC(35092) User=0.00s Sys=0.00s Real=0.00s
[13950.641s][info][gc,start       ] GC(35093) Pause Young (Allocation Failure)
[13950.643s][info][gc,heap        ] GC(35093) PSYoungGen: 121088K(121344K)->272K(117760K) Eden: 120832K(120832K)->0K(117248K) From: 256K(512K)->272K(512K)
[13950.643s][info][gc,heap        ] GC(35093) ParOldGen: 383613K(384000K)->383629K(384000K)
[13950.643s][info][gc,metaspace   ] GC(35093) Metaspace: 8795K(9024K)->8795K(9024K) NonClass: 8143K(8320K)->8143K(8320K) Class: 652K(704K)->652K(704K)
[13950.643s][info][gc             ] GC(35093) Pause Young (Allocation Failure) 492M->374M(490M) 2.258ms
[13950.643s][info][gc,cpu         ] GC(35093) User=0.00s Sys=0.00s Real=0.00s
[13951.026s][info][gc,start       ] GC(35094) Pause Young (Allocation Failure)
[13951.028s][info][gc,heap        ] GC(35094) PSYoungGen: 117520K(117760K)->272K(114176K) Eden: 117248K(117248K)->0K(113664K) From: 272K(512K)->272K(512K)
[13951.028s][info][gc,heap        ] GC(35094) ParOldGen: 383629K(384000K)->383637K(384000K)
[13951.028s][info][gc,metaspace   ] GC(35094) Metaspace: 8795K(9024K)->8795K(9024K) NonClass: 8143K(8320K)->8143K(8320K) Class: 652K(704K)->652K(704K)
[13951.028s][info][gc             ] GC(35094) Pause Young (Allocation Failure) 489M->374M(486M) 2.269ms
[13951.028s][info][gc,cpu         ] GC(35094) User=0.00s Sys=0.00s Real=0.00s
[13951.386s][info][gc,start       ] GC(35095) Pause Young (Allocation Failure)
[13951.388s][info][gc,heap        ] GC(35095) PSYoungGen: 113936K(114176K)->288K(110592K) Eden: 113664K(113664K)->0K(110080K) From: 272K(512K)->288K(512K)
[13951.388s][info][gc,heap        ] GC(35095) ParOldGen: 383637K(384000K)->383645K(384000K)
[13951.388s][info][gc,metaspace   ] GC(35095) Metaspace: 8795K(9024K)->8795K(9024K) NonClass: 8143K(8320K)->8143K(8320K) Class: 652K(704K)->652K(704K)
[13951.388s][info][gc             ] GC(35095) Pause Young (Allocation Failure) 485M->374M(483M) 2.307ms
[13951.388s][info][gc,cpu         ] GC(35095) User=0.01s Sys=0.00s Real=0.00s
[13951.736s][info][gc,start       ] GC(35096) Pause Young (Allocation Failure)
[13951.737s][info][gc,heap        ] GC(35096) PSYoungGen: 110368K(110592K)->240K(107520K) Eden: 110080K(110080K)->0K(107008K) From: 288K(512K)->240K(512K)
[13951.737s][info][gc,heap        ] GC(35096) ParOldGen: 383645K(384000K)->383661K(384000K)
[13951.737s][info][gc,metaspace   ] GC(35096) Metaspace: 8795K(9024K)->8795K(9024K) NonClass: 8143K(8320K)->8143K(8320K) Class: 652K(704K)->652K(704K)
[13951.737s][info][gc             ] GC(35096) Pause Young (Allocation Failure) 482M->374M(480M) 1.721ms
[13951.737s][info][gc,cpu         ] GC(35096) User=0.00s Sys=0.00s Real=0.00s
[13952.111s][info][gc,start       ] GC(35097) Pause Young (Allocation Failure)
[13952.112s][info][gc,heap        ] GC(35097) PSYoungGen: 107248K(107520K)->256K(104448K) Eden: 107008K(107008K)->0K(103936K) From: 240K(512K)->256K(512K)
[13952.112s][info][gc,heap        ] GC(35097) ParOldGen: 383661K(384000K)->383677K(384000K)
[13952.112s][info][gc,metaspace   ] GC(35097) Metaspace: 8795K(9024K)->8795K(9024K) NonClass: 8143K(8320K)->8143K(8320K) Class: 652K(704K)->652K(704K)
[13952.112s][info][gc             ] GC(35097) Pause Young (Allocation Failure) 479M->374M(477M) 1.583ms
[13952.112s][info][gc,cpu         ] GC(35097) User=0.00s Sys=0.00s Real=0.00s
[13952.436s][info][gc,start       ] GC(35098) Pause Young (Allocation Failure)
[13952.437s][info][gc,heap        ] GC(35098) PSYoungGen: 104192K(104448K)->240K(101376K) Eden: 103936K(103936K)->0K(100864K) From: 256K(512K)->240K(512K)
[13952.437s][info][gc,heap        ] GC(35098) ParOldGen: 383677K(384000K)->383693K(384000K)
[13952.437s][info][gc,metaspace   ] GC(35098) Metaspace: 8795K(9024K)->8795K(9024K) NonClass: 8143K(8320K)->8143K(8320K) Class: 652K(704K)->652K(704K)
[13952.437s][info][gc             ] GC(35098) Pause Young (Allocation Failure) 476M->374M(474M) 1.349ms
[13952.437s][info][gc,cpu         ] GC(35098) User=0.00s Sys=0.00s Real=0.00s
[13952.756s][info][gc,start       ] GC(35099) Pause Young (Allocation Failure)
[13952.757s][info][gc,heap        ] GC(35099) PSYoungGen: 101104K(101376K)->240K(98304K) Eden: 100864K(100864K)->0K(97792K) From: 240K(512K)->240K(512K)
[13952.757s][info][gc,heap        ] GC(35099) ParOldGen: 383693K(384000K)->383709K(384000K)
[13952.757s][info][gc,metaspace   ] GC(35099) Metaspace: 8795K(9024K)->8795K(9024K) NonClass: 8143K(8320K)->8143K(8320K) Class: 652K(704K)->652K(704K)
[13952.758s][info][gc             ] GC(35099) Pause Young (Allocation Failure) 473M->374M(471M) 1.417ms
[13952.758s][info][gc,cpu         ] GC(35099) User=0.00s Sys=0.00s Real=0.00s
[13953.074s][info][gc,start       ] GC(35100) Pause Young (Allocation Failure)
[13953.076s][info][gc,heap        ] GC(35100) PSYoungGen: 98032K(98304K)->272K(95744K) Eden: 97792K(97792K)->0K(95232K) From: 240K(512K)->272K(512K)
[13953.076s][info][gc,heap        ] GC(35100) ParOldGen: 383709K(384000K)->383725K(384000K)
[13953.076s][info][gc,metaspace   ] GC(35100) Metaspace: 8795K(9024K)->8795K(9024K) NonClass: 8143K(8320K)->8143K(8320K) Class: 652K(704K)->652K(704K)
[13953.076s][info][gc             ] GC(35100) Pause Young (Allocation Failure) 470M->374M(468M) 2.368ms
[13953.076s][info][gc,cpu         ] GC(35100) User=0.00s Sys=0.00s Real=0.00s
[13953.375s][info][gc,start       ] GC(35101) Pause Young (Allocation Failure)
[13953.378s][info][gc,heap        ] GC(35101) PSYoungGen: 95504K(95744K)->256K(93184K) Eden: 95232K(95232K)->0K(92672K) From: 272K(512K)->256K(512K)
[13953.378s][info][gc,heap        ] GC(35101) ParOldGen: 383725K(384000K)->383741K(384000K)
[13953.378s][info][gc,metaspace   ] GC(35101) Metaspace: 8795K(9024K)->8795K(9024K) NonClass: 8143K(8320K)->8143K(8320K) Class: 652K(704K)->652K(704K)
[13953.378s][info][gc             ] GC(35101) Pause Young (Allocation Failure) 467M->374M(466M) 2.310ms
[13953.378s][info][gc,cpu         ] GC(35101) User=0.01s Sys=0.00s Real=0.00s
[13953.671s][info][gc,start       ] GC(35102) Pause Young (Allocation Failure)
[13953.673s][info][gc,heap        ] GC(35102) PSYoungGen: 92928K(93184K)->272K(90624K) Eden: 92672K(92672K)->0K(90112K) From: 256K(512K)->272K(512K)
[13953.673s][info][gc,heap        ] GC(35102) ParOldGen: 383741K(384000K)->383749K(384000K)
[13953.673s][info][gc,metaspace   ] GC(35102) Metaspace: 8795K(9024K)->8795K(9024K) NonClass: 8143K(8320K)->8143K(8320K) Class: 652K(704K)->652K(704K)
[13953.673s][info][gc             ] GC(35102) Pause Young (Allocation Failure) 465M->375M(463M) 2.280ms
[13953.673s][info][gc,cpu         ] GC(35102) User=0.00s Sys=0.00s Real=0.00s
[13953.945s][info][gc,start       ] GC(35103) Pause Young (Allocation Failure)
[13953.948s][info][gc,heap        ] GC(35103) PSYoungGen: 90384K(90624K)->272K(88064K) Eden: 90112K(90112K)->0K(87552K) From: 272K(512K)->272K(512K)
[13953.948s][info][gc,heap        ] GC(35103) ParOldGen: 383749K(384000K)->383757K(384000K)
[13953.948s][info][gc,metaspace   ] GC(35103) Metaspace: 8795K(9024K)->8795K(9024K) NonClass: 8143K(8320K)->8143K(8320K) Class: 652K(704K)->652K(704K)
[13953.948s][info][gc             ] GC(35103) Pause Young (Allocation Failure) 463M->375M(461M) 2.291ms
[13953.948s][info][gc,cpu         ] GC(35103) User=0.00s Sys=0.00s Real=0.00s
[13954.228s][info][gc,start       ] GC(35104) Pause Young (Allocation Failure)
[13954.230s][info][gc,heap        ] GC(35104) PSYoungGen: 87824K(88064K)->272K(202752K) Eden: 87552K(87552K)->0K(202240K) From: 272K(512K)->272K(512K)
[13954.230s][info][gc,heap        ] GC(35104) ParOldGen: 383757K(384000K)->383765K(384000K)
[13954.230s][info][gc,metaspace   ] GC(35104) Metaspace: 8795K(9024K)->8795K(9024K) NonClass: 8143K(8320K)->8143K(8320K) Class: 652K(704K)->652K(704K)
[13954.230s][info][gc             ] GC(35104) Pause Young (Allocation Failure) 460M->375M(573M) 2.352ms
[13954.230s][info][gc,cpu         ] GC(35104) User=0.01s Sys=0.00s Real=0.00s
[13954.877s][info][gc,start       ] GC(35105) Pause Young (Allocation Failure)
[13954.879s][info][gc,heap        ] GC(35105) PSYoungGen: 202512K(202752K)->272K(195584K) Eden: 202240K(202240K)->0K(195072K) From: 272K(512K)->272K(512K)
[13954.879s][info][gc,heap        ] GC(35105) ParOldGen: 383765K(384000K)->383773K(384000K)
[13954.879s][info][gc,metaspace   ] GC(35105) Metaspace: 8795K(9024K)->8795K(9024K) NonClass: 8143K(8320K)->8143K(8320K) Class: 652K(704K)->652K(704K)
[13954.879s][info][gc             ] GC(35105) Pause Young (Allocation Failure) 572M->375M(566M) 2.721ms
[13954.879s][info][gc,cpu         ] GC(35105) User=0.00s Sys=0.00s Real=0.00s
[13955.502s][info][gc,start       ] GC(35106) Pause Young (Allocation Failure)
[13955.504s][info][gc,heap        ] GC(35106) PSYoungGen: 195344K(195584K)->272K(188416K) Eden: 195072K(195072K)->0K(187904K) From: 272K(512K)->272K(512K)
[13955.504s][info][gc,heap        ] GC(35106) ParOldGen: 383773K(384000K)->383781K(384000K)
[13955.504s][info][gc,metaspace   ] GC(35106) Metaspace: 8795K(9024K)->8795K(9024K) NonClass: 8143K(8320K)->8143K(8320K) Class: 652K(704K)->652K(704K)
[13955.504s][info][gc             ] GC(35106) Pause Young (Allocation Failure) 565M->375M(559M) 2.327ms
[13955.504s][info][gc,cpu         ] GC(35106) User=0.00s Sys=0.00s Real=0.00s
[13956.125s][info][gc,start       ] GC(35107) Pause Young (Allocation Failure)
[13956.128s][info][gc,heap        ] GC(35107) PSYoungGen: 188176K(188416K)->256K(181760K) Eden: 187904K(187904K)->0K(181248K) From: 272K(512K)->256K(512K)
[13956.128s][info][gc,heap        ] GC(35107) ParOldGen: 383781K(384000K)->383789K(384000K)
[13956.128s][info][gc,metaspace   ] GC(35107) Metaspace: 8795K(9024K)->8795K(9024K) NonClass: 8143K(8320K)->8143K(8320K) Class: 652K(704K)->652K(704K)
[13956.128s][info][gc             ] GC(35107) Pause Young (Allocation Failure) 558M->375M(552M) 2.884ms
[13956.128s][info][gc,cpu         ] GC(35107) User=0.01s Sys=0.00s Real=0.00s
[13956.732s][info][gc,start       ] GC(35108) Pause Young (Allocation Failure)
[13956.735s][info][gc,heap        ] GC(35108) PSYoungGen: 181504K(181760K)->288K(175104K) Eden: 181248K(181248K)->0K(174592K) From: 256K(512K)->288K(512K)
[13956.735s][info][gc,heap        ] GC(35108) ParOldGen: 383789K(384000K)->383797K(384000K)
[13956.735s][info][gc,metaspace   ] GC(35108) Metaspace: 8795K(9024K)->8795K(9024K) NonClass: 8143K(8320K)->8143K(8320K) Class: 652K(704K)->652K(704K)
[13956.735s][info][gc             ] GC(35108) Pause Young (Allocation Failure) 552M->375M(546M) 2.923ms
[13956.735s][info][gc,cpu         ] GC(35108) User=0.00s Sys=0.00s Real=0.00s
[13957.307s][info][gc,start       ] GC(35109) Pause Young (Allocation Failure)
[13957.310s][info][gc,heap        ] GC(35109) PSYoungGen: 174880K(175104K)->256K(168960K) Eden: 174592K(174592K)->0K(168448K) From: 288K(512K)->256K(512K)
[13957.310s][info][gc,heap        ] GC(35109) ParOldGen: 383797K(384000K)->383805K(384000K)
[13957.310s][info][gc,metaspace   ] GC(35109) Metaspace: 8795K(9024K)->8795K(9024K) NonClass: 8143K(8320K)->8143K(8320K) Class: 652K(704K)->652K(704K)
[13957.310s][info][gc             ] GC(35109) Pause Young (Allocation Failure) 545M->375M(540M) 2.967ms
[13957.310s][info][gc,cpu         ] GC(35109) User=0.00s Sys=0.00s Real=0.00s
[13957.852s][info][gc,start       ] GC(35110) Pause Young (Allocation Failure)
[13957.854s][info][gc,heap        ] GC(35110) PSYoungGen: 168704K(168960K)->288K(163328K) Eden: 168448K(168448K)->0K(162816K) From: 256K(512K)->288K(512K)
[13957.854s][info][gc,heap        ] GC(35110) ParOldGen: 383805K(384000K)->383813K(384000K)
[13957.854s][info][gc,metaspace   ] GC(35110) Metaspace: 8795K(9024K)->8795K(9024K) NonClass: 8143K(8320K)->8143K(8320K) Class: 652K(704K)->652K(704K)
[13957.855s][info][gc             ] GC(35110) Pause Young (Allocation Failure) 539M->375M(534M) 2.390ms
[13957.855s][info][gc,cpu         ] GC(35110) User=0.00s Sys=0.00s Real=0.00s
[13958.444s][info][gc,start       ] GC(35111) Pause Young (Allocation Failure)
[13958.447s][info][gc,heap        ] GC(35111) PSYoungGen: 163104K(163328K)->272K(157696K) Eden: 162816K(162816K)->0K(157184K) From: 288K(512K)->272K(512K)
[13958.447s][info][gc,heap        ] GC(35111) ParOldGen: 383813K(384000K)->383821K(384000K)
[13958.447s][info][gc,metaspace   ] GC(35111) Metaspace: 8795K(9024K)->8795K(9024K) NonClass: 8143K(8320K)->8143K(8320K) Class: 652K(704K)->652K(704K)
[13958.447s][info][gc             ] GC(35111) Pause Young (Allocation Failure) 534M->375M(529M) 2.523ms
[13958.447s][info][gc,cpu         ] GC(35111) User=0.01s Sys=0.00s Real=0.00s
[13958.982s][info][gc,start       ] GC(35112) Pause Young (Allocation Failure)
[13958.985s][info][gc,heap        ] GC(35112) PSYoungGen: 157456K(157696K)->272K(152576K) Eden: 157184K(157184K)->0K(152064K) From: 272K(512K)->272K(512K)
[13958.985s][info][gc,heap        ] GC(35112) ParOldGen: 383821K(384000K)->383837K(384000K)
[13958.985s][info][gc,metaspace   ] GC(35112) Metaspace: 8795K(9024K)->8795K(9024K) NonClass: 8143K(8320K)->8143K(8320K) Class: 652K(704K)->652K(704K)
[13958.985s][info][gc             ] GC(35112) Pause Young (Allocation Failure) 528M->375M(524M) 3.248ms
[13958.985s][info][gc,cpu         ] GC(35112) User=0.00s Sys=0.00s Real=0.00s
[13959.480s][info][gc,start       ] GC(35113) Pause Young (Allocation Failure)
[13959.481s][info][gc,heap        ] GC(35113) PSYoungGen: 152336K(152576K)->288K(147456K) Eden: 152064K(152064K)->0K(146944K) From: 272K(512K)->288K(512K)
[13959.481s][info][gc,heap        ] GC(35113) ParOldGen: 383837K(384000K)->383853K(384000K)
[13959.481s][info][gc,metaspace   ] GC(35113) Metaspace: 8795K(9024K)->8795K(9024K) NonClass: 8143K(8320K)->8143K(8320K) Class: 652K(704K)->652K(704K)
[13959.481s][info][gc             ] GC(35113) Pause Young (Allocation Failure) 523M->375M(519M) 1.688ms
[13959.481s][info][gc,cpu         ] GC(35113) User=0.00s Sys=0.00s Real=0.01s
[13959.986s][info][gc,start       ] GC(35114) Pause Young (Allocation Failure)
[13959.988s][info][gc,heap        ] GC(35114) PSYoungGen: 147232K(147456K)->256K(142848K) Eden: 146944K(146944K)->0K(142336K) From: 288K(512K)->256K(512K)
[13959.988s][info][gc,heap        ] GC(35114) ParOldGen: 383853K(384000K)->383869K(384000K)
[13959.988s][info][gc,metaspace   ] GC(35114) Metaspace: 8795K(9024K)->8795K(9024K) NonClass: 8143K(8320K)->8143K(8320K) Class: 652K(704K)->652K(704K)
[13959.988s][info][gc             ] GC(35114) Pause Young (Allocation Failure) 518M->375M(514M) 1.285ms
[13959.988s][info][gc,cpu         ] GC(35114) User=0.00s Sys=0.00s Real=0.00s
[13960.437s][info][gc,start       ] GC(35115) Pause Young (Allocation Failure)
[13960.438s][info][gc,heap        ] GC(35115) PSYoungGen: 142592K(142848K)->224K(138240K) Eden: 142336K(142336K)->0K(137728K) From: 256K(512K)->224K(512K)
[13960.438s][info][gc,heap        ] GC(35115) ParOldGen: 383869K(384000K)->383885K(384000K)
[13960.438s][info][gc,metaspace   ] GC(35115) Metaspace: 8795K(9024K)->8795K(9024K) NonClass: 8143K(8320K)->8143K(8320K) Class: 652K(704K)->652K(704K)
[13960.438s][info][gc             ] GC(35115) Pause Young (Allocation Failure) 514M->375M(510M) 1.245ms
[13960.438s][info][gc,cpu         ] GC(35115) User=0.00s Sys=0.00s Real=0.00s
[13960.893s][info][gc,start       ] GC(35116) Pause Young (Allocation Failure)
[13960.894s][info][gc,heap        ] GC(35116) PSYoungGen: 137952K(138240K)->240K(133632K) Eden: 137728K(137728K)->0K(133120K) From: 224K(512K)->240K(512K)
[13960.894s][info][gc,heap        ] GC(35116) ParOldGen: 383885K(384000K)->383901K(384000K)
[13960.894s][info][gc,metaspace   ] GC(35116) Metaspace: 8795K(9024K)->8795K(9024K) NonClass: 8143K(8320K)->8143K(8320K) Class: 652K(704K)->652K(704K)
[13960.894s][info][gc             ] GC(35116) Pause Young (Allocation Failure) 509M->375M(505M) 1.247ms
[13960.894s][info][gc,cpu         ] GC(35116) User=0.00s Sys=0.00s Real=0.00s
[13961.302s][info][gc,start       ] GC(35117) Pause Young (Allocation Failure)
[13961.303s][info][gc,heap        ] GC(35117) PSYoungGen: 133360K(133632K)->256K(129536K) Eden: 133120K(133120K)->0K(129024K) From: 240K(512K)->256K(512K)
[13961.303s][info][gc,heap        ] GC(35117) ParOldGen: 383901K(384000K)->383917K(384000K)
[13961.303s][info][gc,metaspace   ] GC(35117) Metaspace: 8795K(9024K)->8795K(9024K) NonClass: 8143K(8320K)->8143K(8320K) Class: 652K(704K)->652K(704K)
[13961.303s][info][gc             ] GC(35117) Pause Young (Allocation Failure) 505M->375M(501M) 1.266ms
[13961.303s][info][gc,cpu         ] GC(35117) User=0.00s Sys=0.00s Real=0.00s
[13961.698s][info][gc,start       ] GC(35118) Pause Young (Allocation Failure)
[13961.699s][info][gc,heap        ] GC(35118) PSYoungGen: 129280K(129536K)->240K(125440K) Eden: 129024K(129024K)->0K(124928K) From: 256K(512K)->240K(512K)
[13961.699s][info][gc,heap        ] GC(35118) ParOldGen: 383917K(384000K)->383933K(384000K)
[13961.699s][info][gc,metaspace   ] GC(35118) Metaspace: 8795K(9024K)->8795K(9024K) NonClass: 8143K(8320K)->8143K(8320K) Class: 652K(704K)->652K(704K)
[13961.699s][info][gc             ] GC(35118) Pause Young (Allocation Failure) 501M->375M(497M) 1.279ms
[13961.699s][info][gc,cpu         ] GC(35118) User=0.00s Sys=0.00s Real=0.00s
[13962.098s][info][gc,start       ] GC(35119) Pause Young (Allocation Failure)
[13962.099s][info][gc,heap        ] GC(35119) PSYoungGen: 125168K(125440K)->256K(121344K) Eden: 124928K(124928K)->0K(120832K) From: 240K(512K)->256K(512K)
[13962.100s][info][gc,heap        ] GC(35119) ParOldGen: 383933K(384000K)->383949K(384000K)
[13962.100s][info][gc,metaspace   ] GC(35119) Metaspace: 8795K(9024K)->8795K(9024K) NonClass: 8143K(8320K)->8143K(8320K) Class: 652K(704K)->652K(704K)
[13962.100s][info][gc             ] GC(35119) Pause Young (Allocation Failure) 497M->375M(493M) 1.253ms
[13962.100s][info][gc,cpu         ] GC(35119) User=0.00s Sys=0.00s Real=0.00s
[13962.481s][info][gc,start       ] GC(35120) Pause Young (Allocation Failure)
[13962.482s][info][gc,heap        ] GC(35120) PSYoungGen: 121088K(121344K)->240K(117760K) Eden: 120832K(120832K)->0K(117248K) From: 256K(512K)->240K(512K)
[13962.482s][info][gc,heap        ] GC(35120) ParOldGen: 383949K(384000K)->383965K(384000K)
[13962.482s][info][gc,metaspace   ] GC(35120) Metaspace: 8795K(9024K)->8795K(9024K) NonClass: 8143K(8320K)->8143K(8320K) Class: 652K(704K)->652K(704K)
[13962.482s][info][gc             ] GC(35120) Pause Young (Allocation Failure) 493M->375M(490M) 1.251ms
[13962.482s][info][gc,cpu         ] GC(35120) User=0.00s Sys=0.00s Real=0.00s
[13962.868s][info][gc,start       ] GC(35121) Pause Young (Allocation Failure)
[13962.869s][info][gc,heap        ] GC(35121) PSYoungGen: 117488K(117760K)->272K(114176K) Eden: 117248K(117248K)->0K(113664K) From: 240K(512K)->272K(512K)
[13962.869s][info][gc,heap        ] GC(35121) ParOldGen: 383965K(384000K)->383981K(384000K)
[13962.869s][info][gc,metaspace   ] GC(35121) Metaspace: 8795K(9024K)->8795K(9024K) NonClass: 8143K(8320K)->8143K(8320K) Class: 652K(704K)->652K(704K)
[13962.869s][info][gc             ] GC(35121) Pause Young (Allocation Failure) 489M->375M(486M) 1.268ms
[13962.869s][info][gc,cpu         ] GC(35121) User=0.00s Sys=0.00s Real=0.00s
[13963.219s][info][gc,start       ] GC(35122) Pause Young (Allocation Failure)
[13963.220s][info][gc,heap        ] GC(35122) PSYoungGen: 113936K(114176K)->240K(110592K) Eden: 113664K(113664K)->0K(110080K) From: 272K(512K)->240K(512K)
[13963.220s][info][gc,heap        ] GC(35122) ParOldGen: 383981K(384000K)->383997K(384000K)
[13963.220s][info][gc,metaspace   ] GC(35122) Metaspace: 8795K(9024K)->8795K(9024K) NonClass: 8143K(8320K)->8143K(8320K) Class: 652K(704K)->652K(704K)
[13963.220s][info][gc             ] GC(35122) Pause Young (Allocation Failure) 486M->375M(483M) 1.232ms
[13963.220s][info][gc,cpu         ] GC(35122) User=0.00s Sys=0.00s Real=0.00s
[13963.563s][info][gc,start       ] GC(35123) Pause Young (Allocation Failure)
[13963.564s][info][gc,heap        ] GC(35123) PSYoungGen: 110320K(110592K)->256K(107520K) Eden: 110080K(110080K)->0K(107008K) From: 240K(512K)->256K(512K)
[13963.564s][info][gc,heap        ] GC(35123) ParOldGen: 383997K(384000K)->384013K(384512K)
[13963.564s][info][gc,metaspace   ] GC(35123) Metaspace: 8795K(9024K)->8795K(9024K) NonClass: 8143K(8320K)->8143K(8320K) Class: 652K(704K)->652K(704K)
[13963.564s][info][gc             ] GC(35123) Pause Young (Allocation Failure) 482M->375M(480M) 1.247ms
[13963.564s][info][gc,cpu         ] GC(35123) User=0.00s Sys=0.00s Real=0.00s
[13963.889s][info][gc,start       ] GC(35124) Pause Young (Allocation Failure)
[13963.890s][info][gc,heap        ] GC(35124) PSYoungGen: 107264K(107520K)->256K(104448K) Eden: 107008K(107008K)->0K(103936K) From: 256K(512K)->256K(512K)
[13963.890s][info][gc,heap        ] GC(35124) ParOldGen: 384013K(384512K)->384029K(384512K)
[13963.890s][info][gc,metaspace   ] GC(35124) Metaspace: 8795K(9024K)->8795K(9024K) NonClass: 8143K(8320K)->8143K(8320K) Class: 652K(704K)->652K(704K)
[13963.890s][info][gc             ] GC(35124) Pause Young (Allocation Failure) 479M->375M(477M) 1.250ms
[13963.890s][info][gc,cpu         ] GC(35124) User=0.00s Sys=0.00s Real=0.00s
[13964.220s][info][gc,start       ] GC(35125) Pause Young (Allocation Failure)
[13964.222s][info][gc,heap        ] GC(35125) PSYoungGen: 104192K(104448K)->240K(101376K) Eden: 103936K(103936K)->0K(100864K) From: 256K(512K)->240K(512K)
[13964.222s][info][gc,heap        ] GC(35125) ParOldGen: 384029K(384512K)->384045K(384512K)
[13964.222s][info][gc,metaspace   ] GC(35125) Metaspace: 8795K(9024K)->8795K(9024K) NonClass: 8143K(8320K)->8143K(8320K) Class: 652K(704K)->652K(704K)
[13964.222s][info][gc             ] GC(35125) Pause Young (Allocation Failure) 476M->375M(474M) 1.269ms
[13964.222s][info][gc,cpu         ] GC(35125) User=0.00s Sys=0.00s Real=0.00s
[13964.557s][info][gc,start       ] GC(35126) Pause Young (Allocation Failure)
[13964.558s][info][gc,heap        ] GC(35126) PSYoungGen: 101104K(101376K)->256K(98304K) Eden: 100864K(100864K)->0K(97792K) From: 240K(512K)->256K(512K)
[13964.558s][info][gc,heap        ] GC(35126) ParOldGen: 384045K(384512K)->384061K(384512K)
[13964.558s][info][gc,metaspace   ] GC(35126) Metaspace: 8795K(9024K)->8795K(9024K) NonClass: 8143K(8320K)->8143K(8320K) Class: 652K(704K)->652K(704K)
[13964.558s][info][gc             ] GC(35126) Pause Young (Allocation Failure) 473M->375M(471M) 1.253ms
[13964.558s][info][gc,cpu         ] GC(35126) User=0.00s Sys=0.00s Real=0.00s
[13964.869s][info][gc,start       ] GC(35127) Pause Young (Allocation Failure)
[13964.870s][info][gc,heap        ] GC(35127) PSYoungGen: 98048K(98304K)->256K(95744K) Eden: 97792K(97792K)->0K(95232K) From: 256K(512K)->256K(512K)
[13964.871s][info][gc,heap        ] GC(35127) ParOldGen: 384061K(384512K)->384077K(384512K)
[13964.871s][info][gc,metaspace   ] GC(35127) Metaspace: 8795K(9024K)->8795K(9024K) NonClass: 8143K(8320K)->8143K(8320K) Class: 652K(704K)->652K(704K)
[13964.871s][info][gc             ] GC(35127) Pause Young (Allocation Failure) 470M->375M(469M) 1.291ms
[13964.871s][info][gc,cpu         ] GC(35127) User=0.00s Sys=0.00s Real=0.01s
[13965.168s][info][gc,start       ] GC(35128) Pause Young (Allocation Failure)
[13965.169s][info][gc,heap        ] GC(35128) PSYoungGen: 95488K(95744K)->256K(93184K) Eden: 95232K(95232K)->0K(92672K) From: 256K(512K)->256K(512K)
[13965.169s][info][gc,heap        ] GC(35128) ParOldGen: 384077K(384512K)->384093K(384512K)
[13965.169s][info][gc,metaspace   ] GC(35128) Metaspace: 8795K(9024K)->8795K(9024K) NonClass: 8143K(8320K)->8143K(8320K) Class: 652K(704K)->652K(704K)
[13965.169s][info][gc             ] GC(35128) Pause Young (Allocation Failure) 468M->375M(466M) 1.418ms
[13965.169s][info][gc,cpu         ] GC(35128) User=0.00s Sys=0.00s Real=0.00s
[13965.452s][info][gc,start       ] GC(35129) Pause Young (Allocation Failure)
[13965.453s][info][gc,heap        ] GC(35129) PSYoungGen: 92928K(93184K)->272K(90624K) Eden: 92672K(92672K)->0K(90112K) From: 256K(512K)->272K(512K)
[13965.453s][info][gc,heap        ] GC(35129) ParOldGen: 384093K(384512K)->384109K(384512K)
[13965.453s][info][gc,metaspace   ] GC(35129) Metaspace: 8795K(9024K)->8795K(9024K) NonClass: 8143K(8320K)->8143K(8320K) Class: 652K(704K)->652K(704K)
[13965.453s][info][gc             ] GC(35129) Pause Young (Allocation Failure) 465M->375M(464M) 1.247ms
[13965.453s][info][gc,cpu         ] GC(35129) User=0.00s Sys=0.00s Real=0.00s
[13965.718s][info][gc,start       ] GC(35130) Pause Young (Allocation Failure)
[13965.720s][info][gc,heap        ] GC(35130) PSYoungGen: 90384K(90624K)->256K(88064K) Eden: 90112K(90112K)->0K(87552K) From: 272K(512K)->256K(512K)
[13965.720s][info][gc,heap        ] GC(35130) ParOldGen: 384109K(384512K)->384125K(384512K)
[13965.720s][info][gc,metaspace   ] GC(35130) Metaspace: 8795K(9024K)->8795K(9024K) NonClass: 8143K(8320K)->8143K(8320K) Class: 652K(704K)->652K(704K)
[13965.720s][info][gc             ] GC(35130) Pause Young (Allocation Failure) 463M->375M(461M) 1.233ms
[13965.720s][info][gc,cpu         ] GC(35130) User=0.00s Sys=0.00s Real=0.00s
[13966.050s][info][gc,start       ] GC(35131) Pause Young (Allocation Failure)
[13966.051s][info][gc,heap        ] GC(35131) PSYoungGen: 87808K(88064K)->224K(202752K) Eden: 87552K(87552K)->0K(202240K) From: 256K(512K)->224K(512K)
[13966.051s][info][gc,heap        ] GC(35131) ParOldGen: 384125K(384512K)->384141K(384512K)
[13966.051s][info][gc,metaspace   ] GC(35131) Metaspace: 8795K(9024K)->8795K(9024K) NonClass: 8143K(8320K)->8143K(8320K) Class: 652K(704K)->652K(704K)
[13966.051s][info][gc             ] GC(35131) Pause Young (Allocation Failure) 460M->375M(573M) 1.249ms
[13966.051s][info][gc,cpu         ] GC(35131) User=0.01s Sys=0.00s Real=0.01s
[13966.678s][info][gc,start       ] GC(35132) Pause Young (Allocation Failure)
[13966.679s][info][gc,heap        ] GC(35132) PSYoungGen: 202464K(202752K)->272K(195584K) Eden: 202240K(202240K)->0K(195072K) From: 224K(512K)->272K(512K)
[13966.679s][info][gc,heap        ] GC(35132) ParOldGen: 384141K(384512K)->384157K(384512K)
[13966.679s][info][gc,metaspace   ] GC(35132) Metaspace: 8795K(9024K)->8795K(9024K) NonClass: 8143K(8320K)->8143K(8320K) Class: 652K(704K)->652K(704K)
[13966.679s][info][gc             ] GC(35132) Pause Young (Allocation Failure) 572M->375M(566M) 1.274ms
[13966.679s][info][gc,cpu         ] GC(35132) User=0.00s Sys=0.00s Real=0.00s
[13967.294s][info][gc,start       ] GC(35133) Pause Young (Allocation Failure)
[13967.295s][info][gc,heap        ] GC(35133) PSYoungGen: 195344K(195584K)->240K(188416K) Eden: 195072K(195072K)->0K(187904K) From: 272K(512K)->240K(512K)
[13967.295s][info][gc,heap        ] GC(35133) ParOldGen: 384157K(384512K)->384173K(384512K)
[13967.296s][info][gc,metaspace   ] GC(35133) Metaspace: 8795K(9024K)->8795K(9024K) NonClass: 8143K(8320K)->8143K(8320K) Class: 652K(704K)->652K(704K)
[13967.296s][info][gc             ] GC(35133) Pause Young (Allocation Failure) 565M->375M(559M) 1.258ms
[13967.296s][info][gc,cpu         ] GC(35133) User=0.00s Sys=0.00s Real=0.00s
[13967.922s][info][gc,start       ] GC(35134) Pause Young (Allocation Failure)
[13967.924s][info][gc,heap        ] GC(35134) PSYoungGen: 188144K(188416K)->224K(181760K) Eden: 187904K(187904K)->0K(181248K) From: 240K(512K)->224K(512K)
[13967.924s][info][gc,heap        ] GC(35134) ParOldGen: 384173K(384512K)->384181K(384512K)
[13967.924s][info][gc,metaspace   ] GC(35134) Metaspace: 8795K(9024K)->8795K(9024K) NonClass: 8143K(8320K)->8143K(8320K) Class: 652K(704K)->652K(704K)
[13967.924s][info][gc             ] GC(35134) Pause Young (Allocation Failure) 558M->375M(553M) 2.244ms
[13967.924s][info][gc,cpu         ] GC(35134) User=0.00s Sys=0.01s Real=0.00s
[13968.486s][info][gc,start       ] GC(35135) Pause Young (Allocation Failure)
[13968.488s][info][gc,heap        ] GC(35135) PSYoungGen: 181472K(181760K)->256K(175104K) Eden: 181248K(181248K)->0K(174592K) From: 224K(512K)->256K(512K)
[13968.488s][info][gc,heap        ] GC(35135) ParOldGen: 384181K(384512K)->384189K(384512K)
[13968.488s][info][gc,metaspace   ] GC(35135) Metaspace: 8795K(9024K)->8795K(9024K) NonClass: 8143K(8320K)->8143K(8320K) Class: 652K(704K)->652K(704K)
[13968.488s][info][gc             ] GC(35135) Pause Young (Allocation Failure) 552M->375M(546M) 2.273ms
[13968.488s][info][gc,cpu         ] GC(35135) User=0.01s Sys=0.00s Real=0.00s
[13969.079s][info][gc,start       ] GC(35136) Pause Young (Allocation Failure)
[13969.082s][info][gc,heap        ] GC(35136) PSYoungGen: 174848K(175104K)->304K(168960K) Eden: 174592K(174592K)->0K(168448K) From: 256K(512K)->304K(512K)
[13969.082s][info][gc,heap        ] GC(35136) ParOldGen: 384189K(384512K)->384197K(384512K)
[13969.082s][info][gc,metaspace   ] GC(35136) Metaspace: 8795K(9024K)->8795K(9024K) NonClass: 8143K(8320K)->8143K(8320K) Class: 652K(704K)->652K(704K)
[13969.082s][info][gc             ] GC(35136) Pause Young (Allocation Failure) 545M->375M(540M) 2.440ms
[13969.082s][info][gc,cpu         ] GC(35136) User=0.01s Sys=0.00s Real=0.01s
[13969.632s][info][gc,start       ] GC(35137) Pause Young (Allocation Failure)
[13969.633s][info][gc,heap        ] GC(35137) PSYoungGen: 168752K(168960K)->256K(163328K) Eden: 168448K(168448K)->0K(162816K) From: 304K(512K)->256K(512K)
[13969.633s][info][gc,heap        ] GC(35137) ParOldGen: 384197K(384512K)->384213K(384512K)
[13969.633s][info][gc,metaspace   ] GC(35137) Metaspace: 8795K(9024K)->8795K(9024K) NonClass: 8143K(8320K)->8143K(8320K) Class: 652K(704K)->652K(704K)
[13969.633s][info][gc             ] GC(35137) Pause Young (Allocation Failure) 539M->375M(535M) 1.477ms
[13969.633s][info][gc,cpu         ] GC(35137) User=0.00s Sys=0.00s Real=0.00s
[13970.157s][info][gc,start       ] GC(35138) Pause Young (Allocation Failure)
[13970.158s][info][gc,heap        ] GC(35138) PSYoungGen: 163072K(163328K)->240K(157696K) Eden: 162816K(162816K)->0K(157184K) From: 256K(512K)->240K(512K)
[13970.158s][info][gc,heap        ] GC(35138) ParOldGen: 384213K(384512K)->384229K(384512K)
[13970.158s][info][gc,metaspace   ] GC(35138) Metaspace: 8795K(9024K)->8795K(9024K) NonClass: 8143K(8320K)->8143K(8320K) Class: 652K(704K)->652K(704K)
[13970.158s][info][gc             ] GC(35138) Pause Young (Allocation Failure) 534M->375M(529M) 1.258ms
[13970.158s][info][gc,cpu         ] GC(35138) User=0.01s Sys=0.00s Real=0.00s
[13970.683s][info][gc,start       ] GC(35139) Pause Young (Allocation Failure)
[13970.684s][info][gc,heap        ] GC(35139) PSYoungGen: 157424K(157696K)->256K(152576K) Eden: 157184K(157184K)->0K(152064K) From: 240K(512K)->256K(512K)
[13970.684s][info][gc,heap        ] GC(35139) ParOldGen: 384229K(384512K)->384245K(384512K)
[13970.684s][info][gc,metaspace   ] GC(35139) Metaspace: 8795K(9024K)->8795K(9024K) NonClass: 8143K(8320K)->8143K(8320K) Class: 652K(704K)->652K(704K)
[13970.684s][info][gc             ] GC(35139) Pause Young (Allocation Failure) 528M->375M(524M) 1.295ms
[13970.684s][info][gc,cpu         ] GC(35139) User=0.00s Sys=0.00s Real=0.00s
[13971.168s][info][gc,start       ] GC(35140) Pause Young (Allocation Failure)
[13971.171s][info][gc,heap        ] GC(35140) PSYoungGen: 152320K(152576K)->224K(147456K) Eden: 152064K(152064K)->0K(146944K) From: 256K(512K)->224K(512K)
[13971.171s][info][gc,heap        ] GC(35140) ParOldGen: 384245K(384512K)->384261K(384512K)
[13971.171s][info][gc,metaspace   ] GC(35140) Metaspace: 8795K(9024K)->8795K(9024K) NonClass: 8143K(8320K)->8143K(8320K) Class: 652K(704K)->652K(704K)
[13971.171s][info][gc             ] GC(35140) Pause Young (Allocation Failure) 523M->375M(519M) 2.439ms
[13971.171s][info][gc,cpu         ] GC(35140) User=0.00s Sys=0.00s Real=0.01s
[13971.636s][info][gc,start       ] GC(35141) Pause Young (Allocation Failure)
[13971.638s][info][gc,heap        ] GC(35141) PSYoungGen: 147168K(147456K)->256K(142848K) Eden: 146944K(146944K)->0K(142336K) From: 224K(512K)->256K(512K)
[13971.638s][info][gc,heap        ] GC(35141) ParOldGen: 384261K(384512K)->384269K(384512K)
[13971.638s][info][gc,metaspace   ] GC(35141) Metaspace: 8795K(9024K)->8795K(9024K) NonClass: 8143K(8320K)->8143K(8320K) Class: 652K(704K)->652K(704K)
[13971.639s][info][gc             ] GC(35141) Pause Young (Allocation Failure) 518M->375M(515M) 2.466ms
[13971.639s][info][gc,cpu         ] GC(35141) User=0.00s Sys=0.00s Real=0.00s
[13972.103s][info][gc,start       ] GC(35142) Pause Young (Allocation Failure)
[13972.105s][info][gc,heap        ] GC(35142) PSYoungGen: 142592K(142848K)->272K(138240K) Eden: 142336K(142336K)->0K(137728K) From: 256K(512K)->272K(512K)
[13972.105s][info][gc,heap        ] GC(35142) ParOldGen: 384269K(384512K)->384277K(384512K)
[13972.105s][info][gc,metaspace   ] GC(35142) Metaspace: 8795K(9024K)->8795K(9024K) NonClass: 8143K(8320K)->8143K(8320K) Class: 652K(704K)->652K(704K)
[13972.105s][info][gc             ] GC(35142) Pause Young (Allocation Failure) 514M->375M(510M) 2.312ms
[13972.105s][info][gc,cpu         ] GC(35142) User=0.01s Sys=0.00s Real=0.00s
[13972.590s][info][gc,start       ] GC(35143) Pause Young (Allocation Failure)
[13972.591s][info][gc,heap        ] GC(35143) PSYoungGen: 138000K(138240K)->272K(133632K) Eden: 137728K(137728K)->0K(133120K) From: 272K(512K)->272K(512K)
[13972.591s][info][gc,heap        ] GC(35143) ParOldGen: 384277K(384512K)->384293K(384512K)
[13972.591s][info][gc,metaspace   ] GC(35143) Metaspace: 8795K(9024K)->8795K(9024K) NonClass: 8143K(8320K)->8143K(8320K) Class: 652K(704K)->652K(704K)
[13972.591s][info][gc             ] GC(35143) Pause Young (Allocation Failure) 510M->375M(506M) 1.635ms
[13972.591s][info][gc,cpu         ] GC(35143) User=0.00s Sys=0.00s Real=0.01s
[13973.034s][info][gc,start       ] GC(35144) Pause Young (Allocation Failure)
[13973.036s][info][gc,heap        ] GC(35144) PSYoungGen: 133392K(133632K)->240K(129536K) Eden: 133120K(133120K)->0K(129024K) From: 272K(512K)->240K(512K)
[13973.036s][info][gc,heap        ] GC(35144) ParOldGen: 384293K(384512K)->384309K(384512K)
[13973.036s][info][gc,metaspace   ] GC(35144) Metaspace: 8795K(9024K)->8795K(9024K) NonClass: 8143K(8320K)->8143K(8320K) Class: 652K(704K)->652K(704K)
[13973.036s][info][gc             ] GC(35144) Pause Young (Allocation Failure) 505M->375M(502M) 1.257ms
[13973.036s][info][gc,cpu         ] GC(35144) User=0.01s Sys=0.00s Real=0.00s
[13973.443s][info][gc,start       ] GC(35145) Pause Young (Allocation Failure)
[13973.444s][info][gc,heap        ] GC(35145) PSYoungGen: 129264K(129536K)->256K(125440K) Eden: 129024K(129024K)->0K(124928K) From: 240K(512K)->256K(512K)
[13973.444s][info][gc,heap        ] GC(35145) ParOldGen: 384309K(384512K)->384325K(384512K)
[13973.444s][info][gc,metaspace   ] GC(35145) Metaspace: 8795K(9024K)->8795K(9024K) NonClass: 8143K(8320K)->8143K(8320K) Class: 652K(704K)->652K(704K)
[13973.444s][info][gc             ] GC(35145) Pause Young (Allocation Failure) 501M->375M(498M) 1.261ms
[13973.444s][info][gc,cpu         ] GC(35145) User=0.00s Sys=0.00s Real=0.00s
[13973.839s][info][gc,start       ] GC(35146) Pause Young (Allocation Failure)
[13973.841s][info][gc,heap        ] GC(35146) PSYoungGen: 125184K(125440K)->256K(121344K) Eden: 124928K(124928K)->0K(120832K) From: 256K(512K)->256K(512K)
[13973.841s][info][gc,heap        ] GC(35146) ParOldGen: 384325K(384512K)->384341K(384512K)
[13973.841s][info][gc,metaspace   ] GC(35146) Metaspace: 8795K(9024K)->8795K(9024K) NonClass: 8143K(8320K)->8143K(8320K) Class: 652K(704K)->652K(704K)
[13973.841s][info][gc             ] GC(35146) Pause Young (Allocation Failure) 497M->375M(494M) 1.268ms
[13973.841s][info][gc,cpu         ] GC(35146) User=0.00s Sys=0.00s Real=0.01s
[13974.219s][info][gc,start       ] GC(35147) Pause Young (Allocation Failure)
[13974.220s][info][gc,heap        ] GC(35147) PSYoungGen: 121088K(121344K)->240K(117760K) Eden: 120832K(120832K)->0K(117248K) From: 256K(512K)->240K(512K)
[13974.221s][info][gc,heap        ] GC(35147) ParOldGen: 384341K(384512K)->384357K(384512K)
[13974.221s][info][gc,metaspace   ] GC(35147) Metaspace: 8795K(9024K)->8795K(9024K) NonClass: 8143K(8320K)->8143K(8320K) Class: 652K(704K)->652K(704K)
[13974.221s][info][gc             ] GC(35147) Pause Young (Allocation Failure) 493M->375M(490M) 1.477ms
[13974.221s][info][gc,cpu         ] GC(35147) User=0.00s Sys=0.00s Real=0.01s
[13974.577s][info][gc,start       ] GC(35148) Pause Young (Allocation Failure)
[13974.578s][info][gc,heap        ] GC(35148) PSYoungGen: 117488K(117760K)->240K(114176K) Eden: 117248K(117248K)->0K(113664K) From: 240K(512K)->240K(512K)
[13974.578s][info][gc,heap        ] GC(35148) ParOldGen: 384357K(384512K)->384373K(384512K)
[13974.578s][info][gc,metaspace   ] GC(35148) Metaspace: 8795K(9024K)->8795K(9024K) NonClass: 8143K(8320K)->8143K(8320K) Class: 652K(704K)->652K(704K)
[13974.578s][info][gc             ] GC(35148) Pause Young (Allocation Failure) 490M->375M(487M) 1.277ms
[13974.578s][info][gc,cpu         ] GC(35148) User=0.00s Sys=0.00s Real=0.00s
[13974.987s][info][gc,start       ] GC(35149) Pause Young (Allocation Failure)
[13974.988s][info][gc,heap        ] GC(35149) PSYoungGen: 113904K(114176K)->240K(110592K) Eden: 113664K(113664K)->0K(110080K) From: 240K(512K)->240K(512K)
[13974.988s][info][gc,heap        ] GC(35149) ParOldGen: 384373K(384512K)->384381K(384512K)
[13974.988s][info][gc,metaspace   ] GC(35149) Metaspace: 8795K(9024K)->8795K(9024K) NonClass: 8143K(8320K)->8143K(8320K) Class: 652K(704K)->652K(704K)
[13974.988s][info][gc             ] GC(35149) Pause Young (Allocation Failure) 486M->375M(483M) 1.651ms
[13974.988s][info][gc,cpu         ] GC(35149) User=0.00s Sys=0.00s Real=0.00s
[13975.351s][info][gc,start       ] GC(35150) Pause Young (Allocation Failure)
[13975.352s][info][gc,heap        ] GC(35150) PSYoungGen: 110320K(110592K)->240K(107520K) Eden: 110080K(110080K)->0K(107008K) From: 240K(512K)->240K(512K)
[13975.352s][info][gc,heap        ] GC(35150) ParOldGen: 384381K(384512K)->384397K(384512K)
[13975.352s][info][gc,metaspace   ] GC(35150) Metaspace: 8795K(9024K)->8795K(9024K) NonClass: 8143K(8320K)->8143K(8320K) Class: 652K(704K)->652K(704K)
[13975.352s][info][gc             ] GC(35150) Pause Young (Allocation Failure) 483M->375M(480M) 1.247ms
[13975.352s][info][gc,cpu         ] GC(35150) User=0.00s Sys=0.00s Real=0.00s
[13975.674s][info][gc,start       ] GC(35151) Pause Young (Allocation Failure)
[13975.675s][info][gc,heap        ] GC(35151) PSYoungGen: 107248K(107520K)->224K(104448K) Eden: 107008K(107008K)->0K(103936K) From: 240K(512K)->224K(512K)
[13975.675s][info][gc,heap        ] GC(35151) ParOldGen: 384397K(384512K)->384413K(384512K)
[13975.675s][info][gc,metaspace   ] GC(35151) Metaspace: 8795K(9024K)->8795K(9024K) NonClass: 8143K(8320K)->8143K(8320K) Class: 652K(704K)->652K(704K)
[13975.675s][info][gc             ] GC(35151) Pause Young (Allocation Failure) 480M->375M(477M) 1.256ms
[13975.675s][info][gc,cpu         ] GC(35151) User=0.00s Sys=0.00s Real=0.00s
[13976.001s][info][gc,start       ] GC(35152) Pause Young (Allocation Failure)
[13976.002s][info][gc,heap        ] GC(35152) PSYoungGen: 104160K(104448K)->288K(101376K) Eden: 103936K(103936K)->0K(100864K) From: 224K(512K)->288K(512K)
[13976.002s][info][gc,heap        ] GC(35152) ParOldGen: 384413K(384512K)->384429K(384512K)
[13976.002s][info][gc,metaspace   ] GC(35152) Metaspace: 8795K(9024K)->8795K(9024K) NonClass: 8143K(8320K)->8143K(8320K) Class: 652K(704K)->652K(704K)
[13976.002s][info][gc             ] GC(35152) Pause Young (Allocation Failure) 477M->375M(474M) 1.306ms
[13976.002s][info][gc,cpu         ] GC(35152) User=0.01s Sys=0.00s Real=0.00s
[13976.401s][info][gc,start       ] GC(35153) Pause Young (Allocation Failure)
[13976.402s][info][gc,heap        ] GC(35153) PSYoungGen: 101152K(101376K)->256K(98304K) Eden: 100864K(100864K)->0K(97792K) From: 288K(512K)->256K(512K)
[13976.402s][info][gc,heap        ] GC(35153) ParOldGen: 384429K(384512K)->384445K(384512K)
[13976.402s][info][gc,metaspace   ] GC(35153) Metaspace: 8795K(9024K)->8795K(9024K) NonClass: 8143K(8320K)->8143K(8320K) Class: 652K(704K)->652K(704K)
[13976.402s][info][gc             ] GC(35153) Pause Young (Allocation Failure) 474M->375M(471M) 1.561ms
[13976.402s][info][gc,cpu         ] GC(35153) User=0.00s Sys=0.00s Real=0.00s
[13976.700s][info][gc,start       ] GC(35154) Pause Young (Allocation Failure)
[13976.701s][info][gc,heap        ] GC(35154) PSYoungGen: 98048K(98304K)->256K(95744K) Eden: 97792K(97792K)->0K(95232K) From: 256K(512K)->256K(512K)
[13976.701s][info][gc,heap        ] GC(35154) ParOldGen: 384445K(384512K)->384461K(384512K)
[13976.701s][info][gc,metaspace   ] GC(35154) Metaspace: 8795K(9024K)->8795K(9024K) NonClass: 8143K(8320K)->8143K(8320K) Class: 652K(704K)->652K(704K)
[13976.701s][info][gc             ] GC(35154) Pause Young (Allocation Failure) 471M->375M(469M) 1.436ms
[13976.701s][info][gc,cpu         ] GC(35154) User=0.00s Sys=0.00s Real=0.01s
[13977.028s][info][gc,start       ] GC(35155) Pause Young (Allocation Failure)
[13977.029s][info][gc,heap        ] GC(35155) PSYoungGen: 95488K(95744K)->256K(93184K) Eden: 95232K(95232K)->0K(92672K) From: 256K(512K)->256K(512K)
[13977.029s][info][gc,heap        ] GC(35155) ParOldGen: 384461K(384512K)->384469K(384512K)
[13977.029s][info][gc,metaspace   ] GC(35155) Metaspace: 8795K(9024K)->8795K(9024K) NonClass: 8143K(8320K)->8143K(8320K) Class: 652K(704K)->652K(704K)
[13977.030s][info][gc             ] GC(35155) Pause Young (Allocation Failure) 468M->375M(466M) 1.675ms
[13977.030s][info][gc,cpu         ] GC(35155) User=0.00s Sys=0.00s Real=0.00s
[13977.358s][info][gc,start       ] GC(35156) Pause Young (Allocation Failure)
[13977.359s][info][gc,heap        ] GC(35156) PSYoungGen: 92928K(93184K)->256K(90624K) Eden: 92672K(92672K)->0K(90112K) From: 256K(512K)->256K(512K)
[13977.360s][info][gc,heap        ] GC(35156) ParOldGen: 384469K(384512K)->384485K(384512K)
[13977.360s][info][gc,metaspace   ] GC(35156) Metaspace: 8795K(9024K)->8795K(9024K) NonClass: 8143K(8320K)->8143K(8320K) Class: 652K(704K)->652K(704K)
[13977.360s][info][gc             ] GC(35156) Pause Young (Allocation Failure) 466M->375M(464M) 1.742ms
[13977.360s][info][gc,cpu         ] GC(35156) User=0.00s Sys=0.00s Real=0.00s
[13977.667s][info][gc,start       ] GC(35157) Pause Young (Allocation Failure)
[13977.668s][info][gc,heap        ] GC(35157) PSYoungGen: 90368K(90624K)->256K(88064K) Eden: 90112K(90112K)->0K(87552K) From: 256K(512K)->256K(512K)
[13977.668s][info][gc,heap        ] GC(35157) ParOldGen: 384485K(384512K)->384501K(384512K)
[13977.668s][info][gc,metaspace   ] GC(35157) Metaspace: 8795K(9024K)->8795K(9024K) NonClass: 8143K(8320K)->8143K(8320K) Class: 652K(704K)->652K(704K)
[13977.668s][info][gc             ] GC(35157) Pause Young (Allocation Failure) 463M->375M(461M) 1.311ms
[13977.669s][info][gc,cpu         ] GC(35157) User=0.00s Sys=0.00s Real=0.00s
[13977.965s][info][gc,start       ] GC(35158) Pause Young (Allocation Failure)
[13977.967s][info][gc,heap        ] GC(35158) PSYoungGen: 87808K(88064K)->272K(202752K) Eden: 87552K(87552K)->0K(202240K) From: 256K(512K)->272K(512K)
[13977.967s][info][gc,heap        ] GC(35158) ParOldGen: 384501K(384512K)->384517K(385024K)
[13977.967s][info][gc,metaspace   ] GC(35158) Metaspace: 8795K(9024K)->8795K(9024K) NonClass: 8143K(8320K)->8143K(8320K) Class: 652K(704K)->652K(704K)
[13977.967s][info][gc             ] GC(35158) Pause Young (Allocation Failure) 461M->375M(574M) 2.354ms
[13977.967s][info][gc,cpu         ] GC(35158) User=0.01s Sys=0.00s Real=0.00s
[13978.600s][info][gc,start       ] GC(35159) Pause Young (Allocation Failure)
[13978.602s][info][gc,heap        ] GC(35159) PSYoungGen: 202512K(202752K)->288K(195584K) Eden: 202240K(202240K)->0K(195072K) From: 272K(512K)->288K(512K)
[13978.602s][info][gc,heap        ] GC(35159) ParOldGen: 384517K(385024K)->384533K(385024K)
[13978.602s][info][gc,metaspace   ] GC(35159) Metaspace: 8795K(9024K)->8795K(9024K) NonClass: 8143K(8320K)->8143K(8320K) Class: 652K(704K)->652K(704K)
[13978.602s][info][gc             ] GC(35159) Pause Young (Allocation Failure) 573M->375M(567M) 2.282ms
[13978.602s][info][gc,cpu         ] GC(35159) User=0.00s Sys=0.00s Real=0.01s
[13979.223s][info][gc,start       ] GC(35160) Pause Young (Allocation Failure)
[13979.225s][info][gc,heap        ] GC(35160) PSYoungGen: 195360K(195584K)->272K(188416K) Eden: 195072K(195072K)->0K(187904K) From: 288K(512K)->272K(512K)
[13979.225s][info][gc,heap        ] GC(35160) ParOldGen: 384533K(385024K)->384541K(385024K)
[13979.225s][info][gc,metaspace   ] GC(35160) Metaspace: 8795K(9024K)->8795K(9024K) NonClass: 8143K(8320K)->8143K(8320K) Class: 652K(704K)->652K(704K)
[13979.225s][info][gc             ] GC(35160) Pause Young (Allocation Failure) 566M->375M(560M) 2.300ms
[13979.225s][info][gc,cpu         ] GC(35160) User=0.00s Sys=0.00s Real=0.00s
[13979.819s][info][gc,start       ] GC(35161) Pause Young (Allocation Failure)
[13979.821s][info][gc,heap        ] GC(35161) PSYoungGen: 188176K(188416K)->272K(181760K) Eden: 187904K(187904K)->0K(181248K) From: 272K(512K)->272K(512K)
[13979.821s][info][gc,heap        ] GC(35161) ParOldGen: 384541K(385024K)->384549K(385024K)
[13979.821s][info][gc,metaspace   ] GC(35161) Metaspace: 8795K(9024K)->8795K(9024K) NonClass: 8143K(8320K)->8143K(8320K) Class: 652K(704K)->652K(704K)
[13979.821s][info][gc             ] GC(35161) Pause Young (Allocation Failure) 559M->375M(553M) 2.509ms
[13979.821s][info][gc,cpu         ] GC(35161) User=0.00s Sys=0.00s Real=0.01s
[13980.434s][info][gc,start       ] GC(35162) Pause Young (Allocation Failure)
[13980.436s][info][gc,heap        ] GC(35162) PSYoungGen: 181520K(181760K)->256K(175104K) Eden: 181248K(181248K)->0K(174592K) From: 272K(512K)->256K(512K)
[13980.436s][info][gc,heap        ] GC(35162) ParOldGen: 384549K(385024K)->384557K(385024K)
[13980.436s][info][gc,metaspace   ] GC(35162) Metaspace: 8795K(9024K)->8795K(9024K) NonClass: 8143K(8320K)->8143K(8320K) Class: 652K(704K)->652K(704K)
[13980.436s][info][gc             ] GC(35162) Pause Young (Allocation Failure) 552M->375M(547M) 2.396ms
[13980.436s][info][gc,cpu         ] GC(35162) User=0.00s Sys=0.00s Real=0.00s
[13981.013s][info][gc,start       ] GC(35163) Pause Young (Allocation Failure)
[13981.015s][info][gc,heap        ] GC(35163) PSYoungGen: 174848K(175104K)->256K(168960K) Eden: 174592K(174592K)->0K(168448K) From: 256K(512K)->256K(512K)
[13981.015s][info][gc,heap        ] GC(35163) ParOldGen: 384557K(385024K)->384565K(385024K)
[13981.015s][info][gc,metaspace   ] GC(35163) Metaspace: 8795K(9024K)->8795K(9024K) NonClass: 8143K(8320K)->8143K(8320K) Class: 652K(704K)->652K(704K)
[13981.015s][info][gc             ] GC(35163) Pause Young (Allocation Failure) 546M->375M(541M) 2.401ms
[13981.015s][info][gc,cpu         ] GC(35163) User=0.00s Sys=0.00s Real=0.00s
[13981.523s][info][gc,start       ] GC(35164) Pause Young (Allocation Failure)
[13981.524s][info][gc,heap        ] GC(35164) PSYoungGen: 168704K(168960K)->256K(163328K) Eden: 168448K(168448K)->0K(162816K) From: 256K(512K)->256K(512K)
[13981.524s][info][gc,heap        ] GC(35164) ParOldGen: 384565K(385024K)->384581K(385024K)
[13981.524s][info][gc,metaspace   ] GC(35164) Metaspace: 8795K(9024K)->8795K(9024K) NonClass: 8143K(8320K)->8143K(8320K) Class: 652K(704K)->652K(704K)
[13981.525s][info][gc             ] GC(35164) Pause Young (Allocation Failure) 540M->375M(535M) 1.380ms
[13981.525s][info][gc,cpu         ] GC(35164) User=0.01s Sys=0.01s Real=0.00s
[13982.104s][info][gc,start       ] GC(35165) Pause Young (Allocation Failure)
[13982.105s][info][gc,heap        ] GC(35165) PSYoungGen: 163072K(163328K)->256K(157696K) Eden: 162816K(162816K)->0K(157184K) From: 256K(512K)->256K(512K)
[13982.105s][info][gc,heap        ] GC(35165) ParOldGen: 384581K(385024K)->384597K(385024K)
[13982.105s][info][gc,metaspace   ] GC(35165) Metaspace: 8795K(9024K)->8795K(9024K) NonClass: 8143K(8320K)->8143K(8320K) Class: 652K(704K)->652K(704K)
[13982.105s][info][gc             ] GC(35165) Pause Young (Allocation Failure) 534M->375M(530M) 1.310ms
[13982.105s][info][gc,cpu         ] GC(35165) User=0.01s Sys=0.00s Real=0.00s
[13982.642s][info][gc,start       ] GC(35166) Pause Young (Allocation Failure)
[13982.643s][info][gc,heap        ] GC(35166) PSYoungGen: 157440K(157696K)->256K(152576K) Eden: 157184K(157184K)->0K(152064K) From: 256K(512K)->256K(512K)
[13982.643s][info][gc,heap        ] GC(35166) ParOldGen: 384597K(385024K)->384605K(385024K)
[13982.643s][info][gc,metaspace   ] GC(35166) Metaspace: 8795K(9024K)->8795K(9024K) NonClass: 8143K(8320K)->8143K(8320K) Class: 652K(704K)->652K(704K)
[13982.643s][info][gc             ] GC(35166) Pause Young (Allocation Failure) 529M->375M(525M) 1.688ms
[13982.643s][info][gc,cpu         ] GC(35166) User=0.00s Sys=0.00s Real=0.00s
[13983.142s][info][gc,start       ] GC(35167) Pause Young (Allocation Failure)
[13983.144s][info][gc,heap        ] GC(35167) PSYoungGen: 152320K(152576K)->240K(147456K) Eden: 152064K(152064K)->0K(146944K) From: 256K(512K)->240K(512K)
[13983.144s][info][gc,heap        ] GC(35167) ParOldGen: 384605K(385024K)->384621K(385024K)
[13983.144s][info][gc,metaspace   ] GC(35167) Metaspace: 8795K(9024K)->8795K(9024K) NonClass: 8143K(8320K)->8143K(8320K) Class: 652K(704K)->652K(704K)
[13983.144s][info][gc             ] GC(35167) Pause Young (Allocation Failure) 524M->375M(520M) 2.093ms
[13983.144s][info][gc,cpu         ] GC(35167) User=0.00s Sys=0.00s Real=0.00s
[13983.659s][info][gc,start       ] GC(35168) Pause Young (Allocation Failure)
[13983.662s][info][gc,heap        ] GC(35168) PSYoungGen: 147184K(147456K)->256K(142848K) Eden: 146944K(146944K)->0K(142336K) From: 240K(512K)->256K(512K)
[13983.662s][info][gc,heap        ] GC(35168) ParOldGen: 384621K(385024K)->384637K(385024K)
[13983.662s][info][gc,metaspace   ] GC(35168) Metaspace: 8795K(9024K)->8795K(9024K) NonClass: 8143K(8320K)->8143K(8320K) Class: 652K(704K)->652K(704K)
[13983.662s][info][gc             ] GC(35168) Pause Young (Allocation Failure) 519M->375M(515M) 2.864ms
[13983.662s][info][gc,cpu         ] GC(35168) User=0.00s Sys=0.00s Real=0.01s
[13984.116s][info][gc,start       ] GC(35169) Pause Young (Allocation Failure)
[13984.118s][info][gc,heap        ] GC(35169) PSYoungGen: 142592K(142848K)->288K(138240K) Eden: 142336K(142336K)->0K(137728K) From: 256K(512K)->288K(512K)
[13984.118s][info][gc,heap        ] GC(35169) ParOldGen: 384637K(385024K)->384645K(385024K)
[13984.118s][info][gc,metaspace   ] GC(35169) Metaspace: 8795K(9024K)->8795K(9024K) NonClass: 8143K(8320K)->8143K(8320K) Class: 652K(704K)->652K(704K)
[13984.118s][info][gc             ] GC(35169) Pause Young (Allocation Failure) 514M->375M(511M) 2.344ms
[13984.118s][info][gc,cpu         ] GC(35169) User=0.00s Sys=0.00s Real=0.00s
[13984.581s][info][gc,start       ] GC(35170) Pause Young (Allocation Failure)
[13984.583s][info][gc,heap        ] GC(35170) PSYoungGen: 138016K(138240K)->256K(133632K) Eden: 137728K(137728K)->0K(133120K) From: 288K(512K)->256K(512K)
[13984.583s][info][gc,heap        ] GC(35170) ParOldGen: 384645K(385024K)->384661K(385024K)
[13984.583s][info][gc,metaspace   ] GC(35170) Metaspace: 8795K(9024K)->8795K(9024K) NonClass: 8143K(8320K)->8143K(8320K) Class: 652K(704K)->652K(704K)
[13984.583s][info][gc             ] GC(35170) Pause Young (Allocation Failure) 510M->375M(506M) 1.695ms
[13984.583s][info][gc,cpu         ] GC(35170) User=0.00s Sys=0.00s Real=0.00s
[13985.026s][info][gc,start       ] GC(35171) Pause Young (Allocation Failure)
[13985.027s][info][gc,heap        ] GC(35171) PSYoungGen: 133376K(133632K)->224K(129536K) Eden: 133120K(133120K)->0K(129024K) From: 256K(512K)->224K(512K)
[13985.027s][info][gc,heap        ] GC(35171) ParOldGen: 384661K(385024K)->384677K(385024K)
[13985.027s][info][gc,metaspace   ] GC(35171) Metaspace: 8795K(9024K)->8795K(9024K) NonClass: 8143K(8320K)->8143K(8320K) Class: 652K(704K)->652K(704K)
[13985.027s][info][gc             ] GC(35171) Pause Young (Allocation Failure) 505M->375M(502M) 1.292ms
[13985.027s][info][gc,cpu         ] GC(35171) User=0.00s Sys=0.00s Real=0.00s
[13985.466s][info][gc,start       ] GC(35172) Pause Young (Allocation Failure)
[13985.467s][info][gc,heap        ] GC(35172) PSYoungGen: 129248K(129536K)->240K(125440K) Eden: 129024K(129024K)->0K(124928K) From: 224K(512K)->240K(512K)
[13985.468s][info][gc,heap        ] GC(35172) ParOldGen: 384677K(385024K)->384693K(385024K)
[13985.468s][info][gc,metaspace   ] GC(35172) Metaspace: 8795K(9024K)->8795K(9024K) NonClass: 8143K(8320K)->8143K(8320K) Class: 652K(704K)->652K(704K)
[13985.468s][info][gc             ] GC(35172) Pause Young (Allocation Failure) 501M->375M(498M) 1.449ms
[13985.468s][info][gc,cpu         ] GC(35172) User=0.00s Sys=0.00s Real=0.00s
[13985.905s][info][gc,start       ] GC(35173) Pause Young (Allocation Failure)
[13985.906s][info][gc,heap        ] GC(35173) PSYoungGen: 125168K(125440K)->256K(121344K) Eden: 124928K(124928K)->0K(120832K) From: 240K(512K)->256K(512K)
[13985.906s][info][gc,heap        ] GC(35173) ParOldGen: 384693K(385024K)->384709K(385024K)
[13985.906s][info][gc,metaspace   ] GC(35173) Metaspace: 8795K(9024K)->8795K(9024K) NonClass: 8143K(8320K)->8143K(8320K) Class: 652K(704K)->652K(704K)
[13985.906s][info][gc             ] GC(35173) Pause Young (Allocation Failure) 497M->375M(494M) 1.290ms
[13985.907s][info][gc,cpu         ] GC(35173) User=0.01s Sys=0.00s Real=0.00s
[13986.282s][info][gc,start       ] GC(35174) Pause Young (Allocation Failure)
[13986.283s][info][gc,heap        ] GC(35174) PSYoungGen: 121088K(121344K)->240K(117760K) Eden: 120832K(120832K)->0K(117248K) From: 256K(512K)->240K(512K)
[13986.283s][info][gc,heap        ] GC(35174) ParOldGen: 384709K(385024K)->384725K(385024K)
[13986.283s][info][gc,metaspace   ] GC(35174) Metaspace: 8795K(9024K)->8795K(9024K) NonClass: 8143K(8320K)->8143K(8320K) Class: 652K(704K)->652K(704K)
[13986.283s][info][gc             ] GC(35174) Pause Young (Allocation Failure) 493M->375M(491M) 1.315ms
[13986.283s][info][gc,cpu         ] GC(35174) User=0.01s Sys=0.00s Real=0.00s
[13986.684s][info][gc,start       ] GC(35175) Pause Young (Allocation Failure)
[13986.686s][info][gc,heap        ] GC(35175) PSYoungGen: 117488K(117760K)->256K(114176K) Eden: 117248K(117248K)->0K(113664K) From: 240K(512K)->256K(512K)
[13986.686s][info][gc,heap        ] GC(35175) ParOldGen: 384725K(385024K)->384741K(385024K)
[13986.686s][info][gc,metaspace   ] GC(35175) Metaspace: 8795K(9024K)->8795K(9024K) NonClass: 8143K(8320K)->8143K(8320K) Class: 652K(704K)->652K(704K)
[13986.686s][info][gc             ] GC(35175) Pause Young (Allocation Failure) 490M->375M(487M) 1.305ms
[13986.686s][info][gc,cpu         ] GC(35175) User=0.00s Sys=0.00s Real=0.00s
[13987.054s][info][gc,start       ] GC(35176) Pause Young (Allocation Failure)
[13987.056s][info][gc,heap        ] GC(35176) PSYoungGen: 113920K(114176K)->240K(110592K) Eden: 113664K(113664K)->0K(110080K) From: 256K(512K)->240K(512K)
[13987.056s][info][gc,heap        ] GC(35176) ParOldGen: 384741K(385024K)->384757K(385024K)
[13987.056s][info][gc,metaspace   ] GC(35176) Metaspace: 8795K(9024K)->8795K(9024K) NonClass: 8143K(8320K)->8143K(8320K) Class: 652K(704K)->652K(704K)
[13987.056s][info][gc             ] GC(35176) Pause Young (Allocation Failure) 486M->375M(484M) 1.329ms
[13987.056s][info][gc,cpu         ] GC(35176) User=0.00s Sys=0.00s Real=0.00s
[13987.430s][info][gc,start       ] GC(35177) Pause Young (Allocation Failure)
[13987.432s][info][gc,heap        ] GC(35177) PSYoungGen: 110320K(110592K)->272K(107520K) Eden: 110080K(110080K)->0K(107008K) From: 240K(512K)->272K(512K)
[13987.432s][info][gc,heap        ] GC(35177) ParOldGen: 384757K(385024K)->384765K(385024K)
[13987.432s][info][gc,metaspace   ] GC(35177) Metaspace: 8795K(9024K)->8795K(9024K) NonClass: 8143K(8320K)->8143K(8320K) Class: 652K(704K)->652K(704K)
[13987.432s][info][gc             ] GC(35177) Pause Young (Allocation Failure) 483M->376M(481M) 2.410ms
[13987.432s][info][gc,cpu         ] GC(35177) User=0.00s Sys=0.00s Real=0.01s
[13987.760s][info][gc,start       ] GC(35178) Pause Young (Allocation Failure)
[13987.763s][info][gc,heap        ] GC(35178) PSYoungGen: 107280K(107520K)->272K(104448K) Eden: 107008K(107008K)->0K(103936K) From: 272K(512K)->272K(512K)
[13987.763s][info][gc,heap        ] GC(35178) ParOldGen: 384765K(385024K)->384773K(385024K)
[13987.763s][info][gc,metaspace   ] GC(35178) Metaspace: 8795K(9024K)->8795K(9024K) NonClass: 8143K(8320K)->8143K(8320K) Class: 652K(704K)->652K(704K)
[13987.763s][info][gc             ] GC(35178) Pause Young (Allocation Failure) 480M->376M(478M) 2.329ms
[13987.763s][info][gc,cpu         ] GC(35178) User=0.00s Sys=0.00s Real=0.00s
[13988.128s][info][gc,start       ] GC(35179) Pause Young (Allocation Failure)
[13988.132s][info][gc,heap        ] GC(35179) PSYoungGen: 104208K(104448K)->256K(101376K) Eden: 103936K(103936K)->0K(100864K) From: 272K(512K)->256K(512K)
[13988.132s][info][gc,heap        ] GC(35179) ParOldGen: 384773K(385024K)->384789K(385024K)
[13988.132s][info][gc,metaspace   ] GC(35179) Metaspace: 8795K(9024K)->8795K(9024K) NonClass: 8143K(8320K)->8143K(8320K) Class: 652K(704K)->652K(704K)
[13988.132s][info][gc             ] GC(35179) Pause Young (Allocation Failure) 477M->376M(475M) 3.562ms
[13988.132s][info][gc,cpu         ] GC(35179) User=0.00s Sys=0.00s Real=0.01s
[13988.443s][info][gc,start       ] GC(35180) Pause Young (Allocation Failure)
[13988.446s][info][gc,heap        ] GC(35180) PSYoungGen: 101120K(101376K)->288K(98304K) Eden: 100864K(100864K)->0K(97792K) From: 256K(512K)->288K(512K)
[13988.446s][info][gc,heap        ] GC(35180) ParOldGen: 384789K(385024K)->384797K(385024K)
[13988.446s][info][gc,metaspace   ] GC(35180) Metaspace: 8795K(9024K)->8795K(9024K) NonClass: 8143K(8320K)->8143K(8320K) Class: 652K(704K)->652K(704K)
[13988.446s][info][gc             ] GC(35180) Pause Young (Allocation Failure) 474M->376M(472M) 2.498ms
[13988.446s][info][gc,cpu         ] GC(35180) User=0.00s Sys=0.00s Real=0.00s
[13988.755s][info][gc,start       ] GC(35181) Pause Young (Allocation Failure)
[13988.757s][info][gc,heap        ] GC(35181) PSYoungGen: 98080K(98304K)->288K(95744K) Eden: 97792K(97792K)->0K(95232K) From: 288K(512K)->288K(512K)
[13988.757s][info][gc,heap        ] GC(35181) ParOldGen: 384797K(385024K)->384805K(385024K)
[13988.757s][info][gc,metaspace   ] GC(35181) Metaspace: 8795K(9024K)->8795K(9024K) NonClass: 8143K(8320K)->8143K(8320K) Class: 652K(704K)->652K(704K)
[13988.757s][info][gc             ] GC(35181) Pause Young (Allocation Failure) 471M->376M(469M) 2.454ms
[13988.757s][info][gc,cpu         ] GC(35181) User=0.00s Sys=0.00s Real=0.00s
[13989.082s][info][gc,start       ] GC(35182) Pause Young (Allocation Failure)
[13989.083s][info][gc,heap        ] GC(35182) PSYoungGen: 95520K(95744K)->224K(93184K) Eden: 95232K(95232K)->0K(92672K) From: 288K(512K)->224K(512K)
[13989.083s][info][gc,heap        ] GC(35182) ParOldGen: 384805K(385024K)->384821K(385024K)
[13989.083s][info][gc,metaspace   ] GC(35182) Metaspace: 8795K(9024K)->8795K(9024K) NonClass: 8143K(8320K)->8143K(8320K) Class: 652K(704K)->652K(704K)
[13989.083s][info][gc             ] GC(35182) Pause Young (Allocation Failure) 469M->376M(467M) 1.685ms
[13989.083s][info][gc,cpu         ] GC(35182) User=0.01s Sys=0.01s Real=0.00s
[13989.373s][info][gc,start       ] GC(35183) Pause Young (Allocation Failure)
[13989.376s][info][gc,heap        ] GC(35183) PSYoungGen: 92896K(93184K)->272K(90624K) Eden: 92672K(92672K)->0K(90112K) From: 224K(512K)->272K(512K)
[13989.376s][info][gc,heap        ] GC(35183) ParOldGen: 384821K(385024K)->384829K(385024K)
[13989.376s][info][gc,metaspace   ] GC(35183) Metaspace: 8795K(9024K)->8795K(9024K) NonClass: 8143K(8320K)->8143K(8320K) Class: 652K(704K)->652K(704K)
[13989.376s][info][gc             ] GC(35183) Pause Young (Allocation Failure) 466M->376M(464M) 2.313ms
[13989.376s][info][gc,cpu         ] GC(35183) User=0.00s Sys=0.00s Real=0.00s
[13989.691s][info][gc,start       ] GC(35184) Pause Young (Allocation Failure)
[13989.694s][info][gc,heap        ] GC(35184) PSYoungGen: 90384K(90624K)->272K(88064K) Eden: 90112K(90112K)->0K(87552K) From: 272K(512K)->272K(512K)
[13989.694s][info][gc,heap        ] GC(35184) ParOldGen: 384829K(385024K)->384837K(385024K)
[13989.694s][info][gc,metaspace   ] GC(35184) Metaspace: 8795K(9024K)->8795K(9024K) NonClass: 8143K(8320K)->8143K(8320K) Class: 652K(704K)->652K(704K)
[13989.694s][info][gc             ] GC(35184) Pause Young (Allocation Failure) 464M->376M(462M) 2.302ms
[13989.694s][info][gc,cpu         ] GC(35184) User=0.00s Sys=0.00s Real=0.00s
[13989.976s][info][gc,start       ] GC(35185) Pause Young (Allocation Failure)
[13989.979s][info][gc,heap        ] GC(35185) PSYoungGen: 87824K(88064K)->288K(202752K) Eden: 87552K(87552K)->0K(202240K) From: 272K(512K)->288K(512K)
[13989.979s][info][gc,heap        ] GC(35185) ParOldGen: 384837K(385024K)->384845K(385024K)
[13989.979s][info][gc,metaspace   ] GC(35185) Metaspace: 8795K(9024K)->8795K(9024K) NonClass: 8143K(8320K)->8143K(8320K) Class: 652K(704K)->652K(704K)
[13989.979s][info][gc             ] GC(35185) Pause Young (Allocation Failure) 461M->376M(574M) 2.511ms
[13989.979s][info][gc,cpu         ] GC(35185) User=0.00s Sys=0.00s Real=0.00s
[13990.646s][info][gc,start       ] GC(35186) Pause Young (Allocation Failure)
[13990.649s][info][gc,heap        ] GC(35186) PSYoungGen: 202528K(202752K)->256K(195584K) Eden: 202240K(202240K)->0K(195072K) From: 288K(512K)->256K(512K)
[13990.649s][info][gc,heap        ] GC(35186) ParOldGen: 384845K(385024K)->384861K(385024K)
[13990.649s][info][gc,metaspace   ] GC(35186) Metaspace: 8795K(9024K)->8795K(9024K) NonClass: 8143K(8320K)->8143K(8320K) Class: 652K(704K)->652K(704K)
[13990.649s][info][gc             ] GC(35186) Pause Young (Allocation Failure) 573M->376M(567M) 2.330ms
[13990.649s][info][gc,cpu         ] GC(35186) User=0.01s Sys=0.00s Real=0.00s
[13991.295s][info][gc,start       ] GC(35187) Pause Young (Allocation Failure)
[13991.297s][info][gc,heap        ] GC(35187) PSYoungGen: 195328K(195584K)->224K(188416K) Eden: 195072K(195072K)->0K(187904K) From: 256K(512K)->224K(512K)
[13991.297s][info][gc,heap        ] GC(35187) ParOldGen: 384861K(385024K)->384869K(385024K)
[13991.297s][info][gc,metaspace   ] GC(35187) Metaspace: 8795K(9024K)->8795K(9024K) NonClass: 8143K(8320K)->8143K(8320K) Class: 652K(704K)->652K(704K)
[13991.297s][info][gc             ] GC(35187) Pause Young (Allocation Failure) 566M->376M(560M) 2.420ms
[13991.297s][info][gc,cpu         ] GC(35187) User=0.00s Sys=0.00s Real=0.00s
[13991.900s][info][gc,start       ] GC(35188) Pause Young (Allocation Failure)
[13991.901s][info][gc,heap        ] GC(35188) PSYoungGen: 188128K(188416K)->256K(181760K) Eden: 187904K(187904K)->0K(181248K) From: 224K(512K)->256K(512K)
[13991.901s][info][gc,heap        ] GC(35188) ParOldGen: 384869K(385024K)->384885K(385024K)
[13991.902s][info][gc,metaspace   ] GC(35188) Metaspace: 8795K(9024K)->8795K(9024K) NonClass: 8143K(8320K)->8143K(8320K) Class: 652K(704K)->652K(704K)
[13991.902s][info][gc             ] GC(35188) Pause Young (Allocation Failure) 559M->376M(553M) 1.260ms
[13991.902s][info][gc,cpu         ] GC(35188) User=0.00s Sys=0.00s Real=0.01s
[13992.480s][info][gc,start       ] GC(35189) Pause Young (Allocation Failure)
[13992.482s][info][gc,heap        ] GC(35189) PSYoungGen: 181504K(181760K)->208K(175104K) Eden: 181248K(181248K)->0K(174592K) From: 256K(512K)->208K(512K)
[13992.482s][info][gc,heap        ] GC(35189) ParOldGen: 384885K(385024K)->384893K(385024K)
[13992.482s][info][gc,metaspace   ] GC(35189) Metaspace: 8795K(9024K)->8795K(9024K) NonClass: 8143K(8320K)->8143K(8320K) Class: 652K(704K)->652K(704K)
[13992.482s][info][gc             ] GC(35189) Pause Young (Allocation Failure) 553M->376M(547M) 1.519ms
[13992.482s][info][gc,cpu         ] GC(35189) User=0.01s Sys=0.00s Real=0.00s
[13992.999s][info][gc,start       ] GC(35190) Pause Young (Allocation Failure)
[13993.001s][info][gc,heap        ] GC(35190) PSYoungGen: 174800K(175104K)->224K(168960K) Eden: 174592K(174592K)->0K(168448K) From: 208K(512K)->224K(512K)
[13993.001s][info][gc,heap        ] GC(35190) ParOldGen: 384893K(385024K)->384909K(385024K)
[13993.001s][info][gc,metaspace   ] GC(35190) Metaspace: 8795K(9024K)->8795K(9024K) NonClass: 8143K(8320K)->8143K(8320K) Class: 652K(704K)->652K(704K)
[13993.001s][info][gc             ] GC(35190) Pause Young (Allocation Failure) 546M->376M(541M) 1.835ms
[13993.001s][info][gc,cpu         ] GC(35190) User=0.00s Sys=0.00s Real=0.01s
[13993.552s][info][gc,start       ] GC(35191) Pause Young (Allocation Failure)
[13993.554s][info][gc,heap        ] GC(35191) PSYoungGen: 168672K(168960K)->272K(163328K) Eden: 168448K(168448K)->0K(162816K) From: 224K(512K)->272K(512K)
[13993.554s][info][gc,heap        ] GC(35191) ParOldGen: 384909K(385024K)->384925K(385024K)
[13993.554s][info][gc,metaspace   ] GC(35191) Metaspace: 8795K(9024K)->8795K(9024K) NonClass: 8143K(8320K)->8143K(8320K) Class: 652K(704K)->652K(704K)
[13993.554s][info][gc             ] GC(35191) Pause Young (Allocation Failure) 540M->376M(535M) 1.780ms
[13993.554s][info][gc,cpu         ] GC(35191) User=0.00s Sys=0.00s Real=0.00s
[13994.105s][info][gc,start       ] GC(35192) Pause Young (Allocation Failure)
[13994.107s][info][gc,heap        ] GC(35192) PSYoungGen: 163088K(163328K)->288K(157696K) Eden: 162816K(162816K)->0K(157184K) From: 272K(512K)->288K(512K)
[13994.107s][info][gc,heap        ] GC(35192) ParOldGen: 384925K(385024K)->384933K(385024K)
[13994.107s][info][gc,metaspace   ] GC(35192) Metaspace: 8795K(9024K)->8795K(9024K) NonClass: 8143K(8320K)->8143K(8320K) Class: 652K(704K)->652K(704K)
[13994.107s][info][gc             ] GC(35192) Pause Young (Allocation Failure) 535M->376M(530M) 2.345ms
[13994.107s][info][gc,cpu         ] GC(35192) User=0.00s Sys=0.00s Real=0.00s
[13994.610s][info][gc,start       ] GC(35193) Pause Young (Allocation Failure)
[13994.611s][info][gc,heap        ] GC(35193) PSYoungGen: 157472K(157696K)->256K(152576K) Eden: 157184K(157184K)->0K(152064K) From: 288K(512K)->256K(512K)
[13994.611s][info][gc,heap        ] GC(35193) ParOldGen: 384933K(385024K)->384949K(385024K)
[13994.611s][info][gc,metaspace   ] GC(35193) Metaspace: 8795K(9024K)->8795K(9024K) NonClass: 8143K(8320K)->8143K(8320K) Class: 652K(704K)->652K(704K)
[13994.611s][info][gc             ] GC(35193) Pause Young (Allocation Failure) 529M->376M(525M) 1.274ms
[13994.611s][info][gc,cpu         ] GC(35193) User=0.00s Sys=0.00s Real=0.01s
[13995.110s][info][gc,start       ] GC(35194) Pause Young (Allocation Failure)
[13995.111s][info][gc,heap        ] GC(35194) PSYoungGen: 152320K(152576K)->288K(147456K) Eden: 152064K(152064K)->0K(146944K) From: 256K(512K)->288K(512K)
[13995.111s][info][gc,heap        ] GC(35194) ParOldGen: 384949K(385024K)->384965K(385024K)
[13995.111s][info][gc,metaspace   ] GC(35194) Metaspace: 8795K(9024K)->8795K(9024K) NonClass: 8143K(8320K)->8143K(8320K) Class: 652K(704K)->652K(704K)
[13995.112s][info][gc             ] GC(35194) Pause Young (Allocation Failure) 524M->376M(520M) 1.365ms
[13995.112s][info][gc,cpu         ] GC(35194) User=0.00s Sys=0.01s Real=0.01s
[13995.580s][info][gc,start       ] GC(35195) Pause Young (Allocation Failure)
[13995.582s][info][gc,heap        ] GC(35195) PSYoungGen: 147232K(147456K)->256K(142848K) Eden: 146944K(146944K)->0K(142336K) From: 288K(512K)->256K(512K)
[13995.583s][info][gc,heap        ] GC(35195) ParOldGen: 384965K(385024K)->384973K(385024K)
[13995.583s][info][gc,metaspace   ] GC(35195) Metaspace: 8795K(9024K)->8795K(9024K) NonClass: 8143K(8320K)->8143K(8320K) Class: 652K(704K)->652K(704K)
[13995.583s][info][gc             ] GC(35195) Pause Young (Allocation Failure) 519M->376M(515M) 2.258ms
[13995.583s][info][gc,cpu         ] GC(35195) User=0.00s Sys=0.00s Real=0.00s
[13996.028s][info][gc,start       ] GC(35196) Pause Young (Allocation Failure)
[13996.030s][info][gc,heap        ] GC(35196) PSYoungGen: 142592K(142848K)->272K(138240K) Eden: 142336K(142336K)->0K(137728K) From: 256K(512K)->272K(512K)
[13996.031s][info][gc,heap        ] GC(35196) ParOldGen: 384973K(385024K)->384989K(385024K)
[13996.031s][info][gc,metaspace   ] GC(35196) Metaspace: 8795K(9024K)->8795K(9024K) NonClass: 8143K(8320K)->8143K(8320K) Class: 652K(704K)->652K(704K)
[13996.031s][info][gc             ] GC(35196) Pause Young (Allocation Failure) 515M->376M(511M) 2.268ms
[13996.031s][info][gc,cpu         ] GC(35196) User=0.00s Sys=0.00s Real=0.01s
[13996.468s][info][gc,start       ] GC(35197) Pause Young (Allocation Failure)
[13996.470s][info][gc,heap        ] GC(35197) PSYoungGen: 138000K(138240K)->256K(133632K) Eden: 137728K(137728K)->0K(133120K) From: 272K(512K)->256K(512K)
[13996.470s][info][gc,heap        ] GC(35197) ParOldGen: 384989K(385024K)->385005K(385024K)
[13996.470s][info][gc,metaspace   ] GC(35197) Metaspace: 8795K(9024K)->8795K(9024K) NonClass: 8143K(8320K)->8143K(8320K) Class: 652K(704K)->652K(704K)
[13996.470s][info][gc             ] GC(35197) Pause Young (Allocation Failure) 510M->376M(506M) 1.306ms
[13996.470s][info][gc,cpu         ] GC(35197) User=0.00s Sys=0.00s Real=0.00s
[13996.889s][info][gc,start       ] GC(35198) Pause Young (Allocation Failure)
[13996.892s][info][gc,heap        ] GC(35198) PSYoungGen: 133376K(133632K)->272K(129536K) Eden: 133120K(133120K)->0K(129024K) From: 256K(512K)->272K(512K)
[13996.892s][info][gc,heap        ] GC(35198) ParOldGen: 385005K(385024K)->385013K(385024K)
[13996.892s][info][gc,metaspace   ] GC(35198) Metaspace: 8795K(9024K)->8795K(9024K) NonClass: 8143K(8320K)->8143K(8320K) Class: 652K(704K)->652K(704K)
[13996.892s][info][gc             ] GC(35198) Pause Young (Allocation Failure) 506M->376M(502M) 3.258ms
[13996.892s][info][gc,cpu         ] GC(35198) User=0.00s Sys=0.00s Real=0.01s
[13997.326s][info][gc,start       ] GC(35199) Pause Young (Allocation Failure)
[13997.329s][info][gc,heap        ] GC(35199) PSYoungGen: 129296K(129536K)->288K(125440K) Eden: 129024K(129024K)->0K(124928K) From: 272K(512K)->288K(512K)
[13997.329s][info][gc,heap        ] GC(35199) ParOldGen: 385013K(385024K)->385029K(385536K)
[13997.329s][info][gc,metaspace   ] GC(35199) Metaspace: 8795K(9024K)->8795K(9024K) NonClass: 8143K(8320K)->8143K(8320K) Class: 652K(704K)->652K(704K)
[13997.329s][info][gc             ] GC(35199) Pause Young (Allocation Failure) 502M->376M(499M) 2.925ms
[13997.329s][info][gc,cpu         ] GC(35199) User=0.00s Sys=0.00s Real=0.00s
[13997.731s][info][gc,start       ] GC(35200) Pause Young (Allocation Failure)
[13997.733s][info][gc,heap        ] GC(35200) PSYoungGen: 125216K(125440K)->272K(121344K) Eden: 124928K(124928K)->0K(120832K) From: 288K(512K)->272K(512K)
[13997.733s][info][gc,heap        ] GC(35200) ParOldGen: 385029K(385536K)->385037K(385536K)
[13997.733s][info][gc,metaspace   ] GC(35200) Metaspace: 8795K(9024K)->8795K(9024K) NonClass: 8143K(8320K)->8143K(8320K) Class: 652K(704K)->652K(704K)
[13997.733s][info][gc             ] GC(35200) Pause Young (Allocation Failure) 498M->376M(495M) 2.511ms
[13997.733s][info][gc,cpu         ] GC(35200) User=0.00s Sys=0.00s Real=0.00s
[13998.180s][info][gc,start       ] GC(35201) Pause Young (Allocation Failure)
[13998.183s][info][gc,heap        ] GC(35201) PSYoungGen: 121104K(121344K)->272K(117760K) Eden: 120832K(120832K)->0K(117248K) From: 272K(512K)->272K(512K)
[13998.183s][info][gc,heap        ] GC(35201) ParOldGen: 385037K(385536K)->385045K(385536K)
[13998.183s][info][gc,metaspace   ] GC(35201) Metaspace: 8795K(9024K)->8795K(9024K) NonClass: 8143K(8320K)->8143K(8320K) Class: 652K(704K)->652K(704K)
[13998.183s][info][gc             ] GC(35201) Pause Young (Allocation Failure) 494M->376M(491M) 2.697ms
[13998.183s][info][gc,cpu         ] GC(35201) User=0.00s Sys=0.00s Real=0.01s
[13998.567s][info][gc,start       ] GC(35202) Pause Young (Allocation Failure)
[13998.570s][info][gc,heap        ] GC(35202) PSYoungGen: 117520K(117760K)->272K(114176K) Eden: 117248K(117248K)->0K(113664K) From: 272K(512K)->272K(512K)
[13998.570s][info][gc,heap        ] GC(35202) ParOldGen: 385045K(385536K)->385053K(385536K)
[13998.570s][info][gc,metaspace   ] GC(35202) Metaspace: 8795K(9024K)->8795K(9024K) NonClass: 8143K(8320K)->8143K(8320K) Class: 652K(704K)->652K(704K)
[13998.570s][info][gc             ] GC(35202) Pause Young (Allocation Failure) 490M->376M(488M) 2.488ms
[13998.570s][info][gc,cpu         ] GC(35202) User=0.00s Sys=0.00s Real=0.00s
[13998.938s][info][gc,start       ] GC(35203) Pause Young (Allocation Failure)
[13998.940s][info][gc,heap        ] GC(35203) PSYoungGen: 113936K(114176K)->256K(110592K) Eden: 113664K(113664K)->0K(110080K) From: 272K(512K)->256K(512K)
[13998.940s][info][gc,heap        ] GC(35203) ParOldGen: 385053K(385536K)->385069K(385536K)
[13998.940s][info][gc,metaspace   ] GC(35203) Metaspace: 8795K(9024K)->8795K(9024K) NonClass: 8143K(8320K)->8143K(8320K) Class: 652K(704K)->652K(704K)
[13998.940s][info][gc             ] GC(35203) Pause Young (Allocation Failure) 487M->376M(484M) 1.296ms
[13998.940s][info][gc,cpu         ] GC(35203) User=0.01s Sys=0.00s Real=0.00s
[13999.291s][info][gc,start       ] GC(35204) Pause Young (Allocation Failure)
[13999.292s][info][gc,heap        ] GC(35204) PSYoungGen: 110336K(110592K)->224K(107520K) Eden: 110080K(110080K)->0K(107008K) From: 256K(512K)->224K(512K)
[13999.292s][info][gc,heap        ] GC(35204) ParOldGen: 385069K(385536K)->385085K(385536K)
[13999.292s][info][gc,metaspace   ] GC(35204) Metaspace: 8795K(9024K)->8795K(9024K) NonClass: 8143K(8320K)->8143K(8320K) Class: 652K(704K)->652K(704K)
[13999.292s][info][gc             ] GC(35204) Pause Young (Allocation Failure) 483M->376M(481M) 1.251ms
[13999.292s][info][gc,cpu         ] GC(35204) User=0.01s Sys=0.00s Real=0.00s
[13999.638s][info][gc,start       ] GC(35205) Pause Young (Allocation Failure)
[13999.639s][info][gc,heap        ] GC(35205) PSYoungGen: 107232K(107520K)->256K(104448K) Eden: 107008K(107008K)->0K(103936K) From: 224K(512K)->256K(512K)
[13999.639s][info][gc,heap        ] GC(35205) ParOldGen: 385085K(385536K)->385101K(385536K)
[13999.639s][info][gc,metaspace   ] GC(35205) Metaspace: 8795K(9024K)->8795K(9024K) NonClass: 8143K(8320K)->8143K(8320K) Class: 652K(704K)->652K(704K)
[13999.639s][info][gc             ] GC(35205) Pause Young (Allocation Failure) 480M->376M(478M) 1.362ms
[13999.639s][info][gc,cpu         ] GC(35205) User=0.00s Sys=0.00s Real=0.00s
[13999.983s][info][gc,start       ] GC(35206) Pause Young (Allocation Failure)
[13999.986s][info][gc,heap        ] GC(35206) PSYoungGen: 104192K(104448K)->256K(101376K) Eden: 103936K(103936K)->0K(100864K) From: 256K(512K)->256K(512K)
[13999.986s][info][gc,heap        ] GC(35206) ParOldGen: 385101K(385536K)->385109K(385536K)
[13999.986s][info][gc,metaspace   ] GC(35206) Metaspace: 8795K(9024K)->8795K(9024K) NonClass: 8143K(8320K)->8143K(8320K) Class: 652K(704K)->652K(704K)
[13999.986s][info][gc             ] GC(35206) Pause Young (Allocation Failure) 477M->376M(475M) 2.313ms
[13999.986s][info][gc,cpu         ] GC(35206) User=0.00s Sys=0.00s Real=0.00s
[14000.309s][info][gc,start       ] GC(35207) Pause Young (Allocation Failure)
[14000.311s][info][gc,heap        ] GC(35207) PSYoungGen: 101120K(101376K)->272K(98304K) Eden: 100864K(100864K)->0K(97792K) From: 256K(512K)->272K(512K)
[14000.311s][info][gc,heap        ] GC(35207) ParOldGen: 385109K(385536K)->385125K(385536K)
[14000.311s][info][gc,metaspace   ] GC(35207) Metaspace: 8795K(9024K)->8795K(9024K) NonClass: 8143K(8320K)->8143K(8320K) Class: 652K(704K)->652K(704K)
[14000.311s][info][gc             ] GC(35207) Pause Young (Allocation Failure) 474M->376M(472M) 2.274ms
[14000.311s][info][gc,cpu         ] GC(35207) User=0.00s Sys=0.00s Real=0.01s
[14000.615s][info][gc,start       ] GC(35208) Pause Young (Allocation Failure)
[14000.617s][info][gc,heap        ] GC(35208) PSYoungGen: 98064K(98304K)->272K(95744K) Eden: 97792K(97792K)->0K(95232K) From: 272K(512K)->272K(512K)
[14000.617s][info][gc,heap        ] GC(35208) ParOldGen: 385125K(385536K)->385141K(385536K)
[14000.617s][info][gc,metaspace   ] GC(35208) Metaspace: 8795K(9024K)->8795K(9024K) NonClass: 8143K(8320K)->8143K(8320K) Class: 652K(704K)->652K(704K)
[14000.618s][info][gc             ] GC(35208) Pause Young (Allocation Failure) 471M->376M(470M) 2.402ms
[14000.618s][info][gc,cpu         ] GC(35208) User=0.00s Sys=0.00s Real=0.00s
[14000.900s][info][gc,start       ] GC(35209) Pause Young (Allocation Failure)
[14000.902s][info][gc,heap        ] GC(35209) PSYoungGen: 95504K(95744K)->256K(93184K) Eden: 95232K(95232K)->0K(92672K) From: 272K(512K)->256K(512K)
[14000.902s][info][gc,heap        ] GC(35209) ParOldGen: 385141K(385536K)->385157K(385536K)
[14000.902s][info][gc,metaspace   ] GC(35209) Metaspace: 8795K(9024K)->8795K(9024K) NonClass: 8143K(8320K)->8143K(8320K) Class: 652K(704K)->652K(704K)
[14000.902s][info][gc             ] GC(35209) Pause Young (Allocation Failure) 469M->376M(467M) 2.525ms
[14000.902s][info][gc,cpu         ] GC(35209) User=0.00s Sys=0.00s Real=0.01s
[14001.244s][info][gc,start       ] GC(35210) Pause Young (Allocation Failure)
[14001.246s][info][gc,heap        ] GC(35210) PSYoungGen: 92928K(93184K)->272K(90624K) Eden: 92672K(92672K)->0K(90112K) From: 256K(512K)->272K(512K)
[14001.246s][info][gc,heap        ] GC(35210) ParOldGen: 385157K(385536K)->385173K(385536K)
[14001.246s][info][gc,metaspace   ] GC(35210) Metaspace: 8795K(9024K)->8795K(9024K) NonClass: 8143K(8320K)->8143K(8320K) Class: 652K(704K)->652K(704K)
[14001.246s][info][gc             ] GC(35210) Pause Young (Allocation Failure) 466M->376M(465M) 2.292ms
[14001.246s][info][gc,cpu         ] GC(35210) User=0.00s Sys=0.00s Real=0.00s
[14001.541s][info][gc,start       ] GC(35211) Pause Young (Allocation Failure)
[14001.544s][info][gc,heap        ] GC(35211) PSYoungGen: 90384K(90624K)->272K(88064K) Eden: 90112K(90112K)->0K(87552K) From: 272K(512K)->272K(512K)
[14001.544s][info][gc,heap        ] GC(35211) ParOldGen: 385173K(385536K)->385181K(385536K)
[14001.544s][info][gc,metaspace   ] GC(35211) Metaspace: 8795K(9024K)->8795K(9024K) NonClass: 8143K(8320K)->8143K(8320K) Class: 652K(704K)->652K(704K)
[14001.544s][info][gc             ] GC(35211) Pause Young (Allocation Failure) 464M->376M(462M) 2.460ms
[14001.544s][info][gc,cpu         ] GC(35211) User=0.00s Sys=0.00s Real=0.00s
[14001.844s][info][gc,start       ] GC(35212) Pause Young (Allocation Failure)
[14001.847s][info][gc,heap        ] GC(35212) PSYoungGen: 87824K(88064K)->256K(202752K) Eden: 87552K(87552K)->0K(202240K) From: 272K(512K)->256K(512K)
[14001.847s][info][gc,heap        ] GC(35212) ParOldGen: 385181K(385536K)->385189K(385536K)
[14001.847s][info][gc,metaspace   ] GC(35212) Metaspace: 8795K(9024K)->8795K(9024K) NonClass: 8143K(8320K)->8143K(8320K) Class: 652K(704K)->652K(704K)
[14001.847s][info][gc             ] GC(35212) Pause Young (Allocation Failure) 461M->376M(574M) 2.345ms
[14001.847s][info][gc,cpu         ] GC(35212) User=0.00s Sys=0.00s Real=0.00s
[14002.494s][info][gc,start       ] GC(35213) Pause Young (Allocation Failure)
[14002.496s][info][gc,heap        ] GC(35213) PSYoungGen: 202496K(202752K)->272K(195584K) Eden: 202240K(202240K)->0K(195072K) From: 256K(512K)->272K(512K)
[14002.496s][info][gc,heap        ] GC(35213) ParOldGen: 385189K(385536K)->385197K(385536K)
[14002.496s][info][gc,metaspace   ] GC(35213) Metaspace: 8795K(9024K)->8795K(9024K) NonClass: 8143K(8320K)->8143K(8320K) Class: 652K(704K)->652K(704K)
[14002.496s][info][gc             ] GC(35213) Pause Young (Allocation Failure) 573M->376M(567M) 2.353ms
[14002.496s][info][gc,cpu         ] GC(35213) User=0.00s Sys=0.00s Real=0.00s
[14003.139s][info][gc,start       ] GC(35214) Pause Young (Allocation Failure)
[14003.141s][info][gc,heap        ] GC(35214) PSYoungGen: 195344K(195584K)->256K(188416K) Eden: 195072K(195072K)->0K(187904K) From: 272K(512K)->256K(512K)
[14003.141s][info][gc,heap        ] GC(35214) ParOldGen: 385197K(385536K)->385205K(385536K)
[14003.141s][info][gc,metaspace   ] GC(35214) Metaspace: 8795K(9024K)->8795K(9024K) NonClass: 8143K(8320K)->8143K(8320K) Class: 652K(704K)->652K(704K)
[14003.141s][info][gc             ] GC(35214) Pause Young (Allocation Failure) 566M->376M(560M) 1.312ms
[14003.141s][info][gc,cpu         ] GC(35214) User=0.00s Sys=0.00s Real=0.01s
[14003.745s][info][gc,start       ] GC(35215) Pause Young (Allocation Failure)
[14003.746s][info][gc,heap        ] GC(35215) PSYoungGen: 188160K(188416K)->256K(181760K) Eden: 187904K(187904K)->0K(181248K) From: 256K(512K)->256K(512K)
[14003.746s][info][gc,heap        ] GC(35215) ParOldGen: 385205K(385536K)->385221K(385536K)
[14003.746s][info][gc,metaspace   ] GC(35215) Metaspace: 8795K(9024K)->8795K(9024K) NonClass: 8143K(8320K)->8143K(8320K) Class: 652K(704K)->652K(704K)
[14003.746s][info][gc             ] GC(35215) Pause Young (Allocation Failure) 559M->376M(554M) 1.356ms
[14003.747s][info][gc,cpu         ] GC(35215) User=0.00s Sys=0.01s Real=0.00s
[14004.376s][info][gc,start       ] GC(35216) Pause Young (Allocation Failure)
[14004.377s][info][gc,heap        ] GC(35216) PSYoungGen: 181504K(181760K)->240K(175104K) Eden: 181248K(181248K)->0K(174592K) From: 256K(512K)->240K(512K)
[14004.377s][info][gc,heap        ] GC(35216) ParOldGen: 385221K(385536K)->385237K(385536K)
[14004.377s][info][gc,metaspace   ] GC(35216) Metaspace: 8795K(9024K)->8795K(9024K) NonClass: 8143K(8320K)->8143K(8320K) Class: 652K(704K)->652K(704K)
[14004.377s][info][gc             ] GC(35216) Pause Young (Allocation Failure) 553M->376M(547M) 1.279ms
[14004.377s][info][gc,cpu         ] GC(35216) User=0.00s Sys=0.00s Real=0.00s
[14004.929s][info][gc,start       ] GC(35217) Pause Young (Allocation Failure)
[14004.931s][info][gc,heap        ] GC(35217) PSYoungGen: 174832K(175104K)->256K(168960K) Eden: 174592K(174592K)->0K(168448K) From: 240K(512K)->256K(512K)
[14004.931s][info][gc,heap        ] GC(35217) ParOldGen: 385237K(385536K)->385253K(385536K)
[14004.931s][info][gc,metaspace   ] GC(35217) Metaspace: 8795K(9024K)->8795K(9024K) NonClass: 8143K(8320K)->8143K(8320K) Class: 652K(704K)->652K(704K)
[14004.931s][info][gc             ] GC(35217) Pause Young (Allocation Failure) 546M->376M(541M) 2.129ms
[14004.931s][info][gc,cpu         ] GC(35217) User=0.00s Sys=0.00s Real=0.01s
[14005.548s][info][gc,start       ] GC(35218) Pause Young (Allocation Failure)
[14005.550s][info][gc,heap        ] GC(35218) PSYoungGen: 168704K(168960K)->256K(163328K) Eden: 168448K(168448K)->0K(162816K) From: 256K(512K)->256K(512K)
[14005.550s][info][gc,heap        ] GC(35218) ParOldGen: 385253K(385536K)->385269K(385536K)
[14005.550s][info][gc,metaspace   ] GC(35218) Metaspace: 8795K(9024K)->8795K(9024K) NonClass: 8143K(8320K)->8143K(8320K) Class: 652K(704K)->652K(704K)
[14005.550s][info][gc             ] GC(35218) Pause Young (Allocation Failure) 540M->376M(536M) 2.266ms
[14005.550s][info][gc,cpu         ] GC(35218) User=0.00s Sys=0.00s Real=0.00s
[14006.057s][info][gc,start       ] GC(35219) Pause Young (Allocation Failure)
[14006.059s][info][gc,heap        ] GC(35219) PSYoungGen: 163072K(163328K)->224K(157696K) Eden: 162816K(162816K)->0K(157184K) From: 256K(512K)->224K(512K)
[14006.059s][info][gc,heap        ] GC(35219) ParOldGen: 385269K(385536K)->385285K(385536K)
[14006.059s][info][gc,metaspace   ] GC(35219) Metaspace: 8795K(9024K)->8795K(9024K) NonClass: 8143K(8320K)->8143K(8320K) Class: 652K(704K)->652K(704K)
[14006.059s][info][gc             ] GC(35219) Pause Young (Allocation Failure) 535M->376M(530M) 1.876ms
[14006.059s][info][gc,cpu         ] GC(35219) User=0.00s Sys=0.00s Real=0.00s
[14006.551s][info][gc,start       ] GC(35220) Pause Young (Allocation Failure)
[14006.552s][info][gc,heap        ] GC(35220) PSYoungGen: 157408K(157696K)->208K(152576K) Eden: 157184K(157184K)->0K(152064K) From: 224K(512K)->208K(512K)
[14006.552s][info][gc,heap        ] GC(35220) ParOldGen: 385285K(385536K)->385293K(385536K)
[14006.552s][info][gc,metaspace   ] GC(35220) Metaspace: 8795K(9024K)->8795K(9024K) NonClass: 8143K(8320K)->8143K(8320K) Class: 652K(704K)->652K(704K)
[14006.553s][info][gc             ] GC(35220) Pause Young (Allocation Failure) 529M->376M(525M) 1.318ms
[14006.553s][info][gc,cpu         ] GC(35220) User=0.00s Sys=0.01s Real=0.00s
[14007.018s][info][gc,start       ] GC(35221) Pause Young (Allocation Failure)
[14007.020s][info][gc,heap        ] GC(35221) PSYoungGen: 152272K(152576K)->240K(147456K) Eden: 152064K(152064K)->0K(146944K) From: 208K(512K)->240K(512K)
[14007.020s][info][gc,heap        ] GC(35221) ParOldGen: 385293K(385536K)->385301K(385536K)
[14007.020s][info][gc,metaspace   ] GC(35221) Metaspace: 8795K(9024K)->8795K(9024K) NonClass: 8143K(8320K)->8143K(8320K) Class: 652K(704K)->652K(704K)
[14007.020s][info][gc             ] GC(35221) Pause Young (Allocation Failure) 524M->376M(520M) 1.637ms
[14007.020s][info][gc,cpu         ] GC(35221) User=0.00s Sys=0.00s Real=0.00s
[14007.491s][info][gc,start       ] GC(35222) Pause Young (Allocation Failure)
[14007.492s][info][gc,heap        ] GC(35222) PSYoungGen: 147184K(147456K)->240K(142848K) Eden: 146944K(146944K)->0K(142336K) From: 240K(512K)->240K(512K)
[14007.492s][info][gc,heap        ] GC(35222) ParOldGen: 385301K(385536K)->385317K(385536K)
[14007.492s][info][gc,metaspace   ] GC(35222) Metaspace: 8795K(9024K)->8795K(9024K) NonClass: 8143K(8320K)->8143K(8320K) Class: 652K(704K)->652K(704K)
[14007.492s][info][gc             ] GC(35222) Pause Young (Allocation Failure) 520M->376M(516M) 1.213ms
[14007.492s][info][gc,cpu         ] GC(35222) User=0.00s Sys=0.00s Real=0.00s
[14007.947s][info][gc,start       ] GC(35223) Pause Young (Allocation Failure)
[14007.949s][info][gc,heap        ] GC(35223) PSYoungGen: 142571K(142848K)->224K(138240K) Eden: 142331K(142336K)->0K(137728K) From: 240K(512K)->224K(512K)
[14007.949s][info][gc,heap        ] GC(35223) ParOldGen: 385317K(385536K)->385325K(385536K)
[14007.949s][info][gc,metaspace   ] GC(35223) Metaspace: 8795K(9024K)->8795K(9024K) NonClass: 8143K(8320K)->8143K(8320K) Class: 652K(704K)->652K(704K)
[14007.949s][info][gc             ] GC(35223) Pause Young (Allocation Failure) 515M->376M(511M) 2.343ms
[14007.949s][info][gc,cpu         ] GC(35223) User=0.00s Sys=0.01s Real=0.00s
[14008.412s][info][gc,start       ] GC(35224) Pause Young (Allocation Failure)
[14008.415s][info][gc,heap        ] GC(35224) PSYoungGen: 137952K(138240K)->256K(133632K) Eden: 137728K(137728K)->0K(133120K) From: 224K(512K)->256K(512K)
[14008.415s][info][gc,heap        ] GC(35224) ParOldGen: 385325K(385536K)->385333K(385536K)
[14008.415s][info][gc,metaspace   ] GC(35224) Metaspace: 8795K(9024K)->8795K(9024K) NonClass: 8143K(8320K)->8143K(8320K) Class: 652K(704K)->652K(704K)
[14008.415s][info][gc             ] GC(35224) Pause Young (Allocation Failure) 511M->376M(507M) 2.724ms
[14008.415s][info][gc,cpu         ] GC(35224) User=0.01s Sys=0.00s Real=0.00s
[14008.857s][info][gc,start       ] GC(35225) Pause Young (Allocation Failure)
[14008.859s][info][gc,heap        ] GC(35225) PSYoungGen: 133376K(133632K)->272K(129536K) Eden: 133120K(133120K)->0K(129024K) From: 256K(512K)->272K(512K)
[14008.859s][info][gc,heap        ] GC(35225) ParOldGen: 385333K(385536K)->385341K(385536K)
[14008.859s][info][gc,metaspace   ] GC(35225) Metaspace: 8795K(9024K)->8795K(9024K) NonClass: 8143K(8320K)->8143K(8320K) Class: 652K(704K)->652K(704K)
[14008.859s][info][gc             ] GC(35225) Pause Young (Allocation Failure) 506M->376M(503M) 2.368ms
[14008.859s][info][gc,cpu         ] GC(35225) User=0.00s Sys=0.00s Real=0.00s
[14009.270s][info][gc,start       ] GC(35226) Pause Young (Allocation Failure)
[14009.272s][info][gc,heap        ] GC(35226) PSYoungGen: 129296K(129536K)->288K(125440K) Eden: 129024K(129024K)->0K(124928K) From: 272K(512K)->288K(512K)
[14009.272s][info][gc,heap        ] GC(35226) ParOldGen: 385341K(385536K)->385349K(385536K)
[14009.272s][info][gc,metaspace   ] GC(35226) Metaspace: 8795K(9024K)->8795K(9024K) NonClass: 8143K(8320K)->8143K(8320K) Class: 652K(704K)->652K(704K)
[14009.272s][info][gc             ] GC(35226) Pause Young (Allocation Failure) 502M->376M(499M) 2.449ms
[14009.272s][info][gc,cpu         ] GC(35226) User=0.00s Sys=0.00s Real=0.01s
[14009.676s][info][gc,start       ] GC(35227) Pause Young (Allocation Failure)
[14009.679s][info][gc,heap        ] GC(35227) PSYoungGen: 125216K(125440K)->272K(121344K) Eden: 124928K(124928K)->0K(120832K) From: 288K(512K)->272K(512K)
[14009.679s][info][gc,heap        ] GC(35227) ParOldGen: 385349K(385536K)->385357K(385536K)
[14009.679s][info][gc,metaspace   ] GC(35227) Metaspace: 8795K(9024K)->8795K(9024K) NonClass: 8143K(8320K)->8143K(8320K) Class: 652K(704K)->652K(704K)
[14009.679s][info][gc             ] GC(35227) Pause Young (Allocation Failure) 498M->376M(495M) 2.353ms
[14009.679s][info][gc,cpu         ] GC(35227) User=0.01s Sys=0.00s Real=0.00s
[14010.105s][info][gc,start       ] GC(35228) Pause Young (Allocation Failure)
[14010.108s][info][gc,heap        ] GC(35228) PSYoungGen: 121104K(121344K)->272K(117760K) Eden: 120832K(120832K)->0K(117248K) From: 272K(512K)->272K(512K)
[14010.108s][info][gc,heap        ] GC(35228) ParOldGen: 385357K(385536K)->385373K(385536K)
[14010.108s][info][gc,metaspace   ] GC(35228) Metaspace: 8795K(9024K)->8795K(9024K) NonClass: 8143K(8320K)->8143K(8320K) Class: 652K(704K)->652K(704K)
[14010.108s][info][gc             ] GC(35228) Pause Young (Allocation Failure) 494M->376M(491M) 2.445ms
[14010.108s][info][gc,cpu         ] GC(35228) User=0.01s Sys=0.00s Real=0.00s
[14010.489s][info][gc,start       ] GC(35229) Pause Young (Allocation Failure)
[14010.493s][info][gc,heap        ] GC(35229) PSYoungGen: 117520K(117760K)->224K(114176K) Eden: 117248K(117248K)->0K(113664K) From: 272K(512K)->224K(512K)
[14010.493s][info][gc,heap        ] GC(35229) ParOldGen: 385373K(385536K)->385381K(385536K)
[14010.493s][info][gc,metaspace   ] GC(35229) Metaspace: 8795K(9024K)->8795K(9024K) NonClass: 8143K(8320K)->8143K(8320K) Class: 652K(704K)->652K(704K)
[14010.493s][info][gc             ] GC(35229) Pause Young (Allocation Failure) 491M->376M(488M) 3.894ms
[14010.493s][info][gc,cpu         ] GC(35229) User=0.00s Sys=0.00s Real=0.01s
[14010.867s][info][gc,start       ] GC(35230) Pause Young (Allocation Failure)
[14010.868s][info][gc,heap        ] GC(35230) PSYoungGen: 113888K(114176K)->256K(110592K) Eden: 113664K(113664K)->0K(110080K) From: 224K(512K)->256K(512K)
[14010.868s][info][gc,heap        ] GC(35230) ParOldGen: 385381K(385536K)->385397K(385536K)
[14010.868s][info][gc,metaspace   ] GC(35230) Metaspace: 8795K(9024K)->8795K(9024K) NonClass: 8143K(8320K)->8143K(8320K) Class: 652K(704K)->652K(704K)
[14010.868s][info][gc             ] GC(35230) Pause Young (Allocation Failure) 487M->376M(484M) 1.328ms
[14010.868s][info][gc,cpu         ] GC(35230) User=0.00s Sys=0.00s Real=0.00s
[14011.240s][info][gc,start       ] GC(35231) Pause Young (Allocation Failure)
[14011.241s][info][gc,heap        ] GC(35231) PSYoungGen: 110336K(110592K)->256K(107520K) Eden: 110080K(110080K)->0K(107008K) From: 256K(512K)->256K(512K)
[14011.241s][info][gc,heap        ] GC(35231) ParOldGen: 385397K(385536K)->385413K(385536K)
[14011.241s][info][gc,metaspace   ] GC(35231) Metaspace: 8795K(9024K)->8795K(9024K) NonClass: 8143K(8320K)->8143K(8320K) Class: 652K(704K)->652K(704K)
[14011.241s][info][gc             ] GC(35231) Pause Young (Allocation Failure) 484M->376M(481M) 1.285ms
[14011.241s][info][gc,cpu         ] GC(35231) User=0.01s Sys=0.00s Real=0.01s
[14011.574s][info][gc,start       ] GC(35232) Pause Young (Allocation Failure)
[14011.576s][info][gc,heap        ] GC(35232) PSYoungGen: 107264K(107520K)->256K(104448K) Eden: 107008K(107008K)->0K(103936K) From: 256K(512K)->256K(512K)
[14011.576s][info][gc,heap        ] GC(35232) ParOldGen: 385413K(385536K)->385429K(385536K)
[14011.576s][info][gc,metaspace   ] GC(35232) Metaspace: 8795K(9024K)->8795K(9024K) NonClass: 8143K(8320K)->8143K(8320K) Class: 652K(704K)->652K(704K)
[14011.576s][info][gc             ] GC(35232) Pause Young (Allocation Failure) 481M->376M(478M) 1.308ms
[14011.576s][info][gc,cpu         ] GC(35232) User=0.00s Sys=0.00s Real=0.00s
[14011.915s][info][gc,start       ] GC(35233) Pause Young (Allocation Failure)
[14011.916s][info][gc,heap        ] GC(35233) PSYoungGen: 104192K(104448K)->256K(101376K) Eden: 103936K(103936K)->0K(100864K) From: 256K(512K)->256K(512K)
[14011.916s][info][gc,heap        ] GC(35233) ParOldGen: 385429K(385536K)->385445K(385536K)
[14011.916s][info][gc,metaspace   ] GC(35233) Metaspace: 8795K(9024K)->8795K(9024K) NonClass: 8143K(8320K)->8143K(8320K) Class: 652K(704K)->652K(704K)
[14011.917s][info][gc             ] GC(35233) Pause Young (Allocation Failure) 478M->376M(475M) 1.498ms
[14011.917s][info][gc,cpu         ] GC(35233) User=0.01s Sys=0.00s Real=0.00s
[14012.237s][info][gc,start       ] GC(35234) Pause Young (Allocation Failure)
[14012.239s][info][gc,heap        ] GC(35234) PSYoungGen: 101120K(101376K)->240K(98304K) Eden: 100864K(100864K)->0K(97792K) From: 256K(512K)->240K(512K)
[14012.239s][info][gc,heap        ] GC(35234) ParOldGen: 385445K(385536K)->385461K(385536K)
[14012.239s][info][gc,metaspace   ] GC(35234) Metaspace: 8795K(9024K)->8795K(9024K) NonClass: 8143K(8320K)->8143K(8320K) Class: 652K(704K)->652K(704K)
[14012.239s][info][gc             ] GC(35234) Pause Young (Allocation Failure) 475M->376M(472M) 1.278ms
[14012.239s][info][gc,cpu         ] GC(35234) User=0.01s Sys=0.00s Real=0.00s
[14012.542s][info][gc,start       ] GC(35235) Pause Young (Allocation Failure)
[14012.543s][info][gc,heap        ] GC(35235) PSYoungGen: 98032K(98304K)->240K(95744K) Eden: 97792K(97792K)->0K(95232K) From: 240K(512K)->240K(512K)
[14012.544s][info][gc,heap        ] GC(35235) ParOldGen: 385461K(385536K)->385477K(385536K)
[14012.544s][info][gc,metaspace   ] GC(35235) Metaspace: 8795K(9024K)->8795K(9024K) NonClass: 8143K(8320K)->8143K(8320K) Class: 652K(704K)->652K(704K)
[14012.544s][info][gc             ] GC(35235) Pause Young (Allocation Failure) 472M->376M(470M) 1.318ms
[14012.544s][info][gc,cpu         ] GC(35235) User=0.00s Sys=0.00s Real=0.00s
[14012.888s][info][gc,start       ] GC(35236) Pause Young (Allocation Failure)
[14012.891s][info][gc,heap        ] GC(35236) PSYoungGen: 95472K(95744K)->272K(93184K) Eden: 95232K(95232K)->0K(92672K) From: 240K(512K)->272K(512K)
[14012.891s][info][gc,heap        ] GC(35236) ParOldGen: 385477K(385536K)->385485K(385536K)
[14012.891s][info][gc,metaspace   ] GC(35236) Metaspace: 8795K(9024K)->8795K(9024K) NonClass: 8143K(8320K)->8143K(8320K) Class: 652K(704K)->652K(704K)
[14012.891s][info][gc             ] GC(35236) Pause Young (Allocation Failure) 469M->376M(467M) 2.378ms
[14012.891s][info][gc,cpu         ] GC(35236) User=0.00s Sys=0.00s Real=0.01s
[14013.205s][info][gc,start       ] GC(35237) Pause Young (Allocation Failure)
[14013.207s][info][gc,heap        ] GC(35237) PSYoungGen: 92944K(93184K)->256K(90624K) Eden: 92672K(92672K)->0K(90112K) From: 272K(512K)->256K(512K)
[14013.207s][info][gc,heap        ] GC(35237) ParOldGen: 385485K(385536K)->385501K(385536K)
[14013.207s][info][gc,metaspace   ] GC(35237) Metaspace: 8795K(9024K)->8795K(9024K) NonClass: 8143K(8320K)->8143K(8320K) Class: 652K(704K)->652K(704K)
[14013.207s][info][gc             ] GC(35237) Pause Young (Allocation Failure) 467M->376M(465M) 2.314ms
[14013.207s][info][gc,cpu         ] GC(35237) User=0.00s Sys=0.00s Real=0.00s
[14013.514s][info][gc,start       ] GC(35238) Pause Young (Allocation Failure)
[14013.516s][info][gc,heap        ] GC(35238) PSYoungGen: 90368K(90624K)->288K(88064K) Eden: 90112K(90112K)->0K(87552K) From: 256K(512K)->288K(512K)
[14013.516s][info][gc,heap        ] GC(35238) ParOldGen: 385501K(385536K)->385509K(385536K)
[14013.516s][info][gc,metaspace   ] GC(35238) Metaspace: 8795K(9024K)->8795K(9024K) NonClass: 8143K(8320K)->8143K(8320K) Class: 652K(704K)->652K(704K)
[14013.516s][info][gc             ] GC(35238) Pause Young (Allocation Failure) 464M->376M(462M) 2.259ms
[14013.516s][info][gc,cpu         ] GC(35238) User=0.00s Sys=0.00s Real=0.00s
[14013.791s][info][gc,start       ] GC(35239) Pause Young (Allocation Failure)
[14013.793s][info][gc,heap        ] GC(35239) PSYoungGen: 87840K(88064K)->272K(202752K) Eden: 87552K(87552K)->0K(202240K) From: 288K(512K)->272K(512K)
[14013.793s][info][gc,heap        ] GC(35239) ParOldGen: 385509K(385536K)->385517K(385536K)
[14013.793s][info][gc,metaspace   ] GC(35239) Metaspace: 8795K(9024K)->8795K(9024K) NonClass: 8143K(8320K)->8143K(8320K) Class: 652K(704K)->652K(704K)
[14013.793s][info][gc             ] GC(35239) Pause Young (Allocation Failure) 462M->376M(574M) 2.357ms
[14013.793s][info][gc,cpu         ] GC(35239) User=0.00s Sys=0.00s Real=0.00s
[14014.460s][info][gc,start       ] GC(35240) Pause Young (Allocation Failure)
[14014.461s][info][gc,heap        ] GC(35240) PSYoungGen: 202512K(202752K)->240K(195584K) Eden: 202240K(202240K)->0K(195072K) From: 272K(512K)->240K(512K)
[14014.461s][info][gc,heap        ] GC(35240) ParOldGen: 385517K(385536K)->385533K(385536K)
[14014.461s][info][gc,metaspace   ] GC(35240) Metaspace: 8795K(9024K)->8795K(9024K) NonClass: 8143K(8320K)->8143K(8320K) Class: 652K(704K)->652K(704K)
[14014.461s][info][gc             ] GC(35240) Pause Young (Allocation Failure) 574M->376M(567M) 1.384ms
[14014.461s][info][gc,cpu         ] GC(35240) User=0.01s Sys=0.00s Real=0.01s
[14015.069s][info][gc,start       ] GC(35241) Pause Young (Allocation Failure)
[14015.070s][info][gc,heap        ] GC(35241) PSYoungGen: 195312K(195584K)->256K(188416K) Eden: 195072K(195072K)->0K(187904K) From: 240K(512K)->256K(512K)
[14015.070s][info][gc,heap        ] GC(35241) ParOldGen: 385533K(385536K)->385549K(386048K)
[14015.070s][info][gc,metaspace   ] GC(35241) Metaspace: 8795K(9024K)->8795K(9024K) NonClass: 8143K(8320K)->8143K(8320K) Class: 652K(704K)->652K(704K)
[14015.070s][info][gc             ] GC(35241) Pause Young (Allocation Failure) 567M->376M(561M) 1.353ms
[14015.070s][info][gc,cpu         ] GC(35241) User=0.00s Sys=0.00s Real=0.01s
[14015.678s][info][gc,start       ] GC(35242) Pause Young (Allocation Failure)
[14015.679s][info][gc,heap        ] GC(35242) PSYoungGen: 188160K(188416K)->240K(181760K) Eden: 187904K(187904K)->0K(181248K) From: 256K(512K)->240K(512K)
[14015.679s][info][gc,heap        ] GC(35242) ParOldGen: 385549K(386048K)->385565K(386048K)
[14015.679s][info][gc,metaspace   ] GC(35242) Metaspace: 8795K(9024K)->8795K(9024K) NonClass: 8143K(8320K)->8143K(8320K) Class: 652K(704K)->652K(704K)
[14015.679s][info][gc             ] GC(35242) Pause Young (Allocation Failure) 560M->376M(554M) 1.682ms
[14015.679s][info][gc,cpu         ] GC(35242) User=0.00s Sys=0.00s Real=0.00s
[14016.311s][info][gc,start       ] GC(35243) Pause Young (Allocation Failure)
[14016.312s][info][gc,heap        ] GC(35243) PSYoungGen: 181488K(181760K)->256K(175104K) Eden: 181248K(181248K)->0K(174592K) From: 240K(512K)->256K(512K)
[14016.312s][info][gc,heap        ] GC(35243) ParOldGen: 385565K(386048K)->385581K(386048K)
[14016.312s][info][gc,metaspace   ] GC(35243) Metaspace: 8795K(9024K)->8795K(9024K) NonClass: 8143K(8320K)->8143K(8320K) Class: 652K(704K)->652K(704K)
[14016.312s][info][gc             ] GC(35243) Pause Young (Allocation Failure) 553M->376M(548M) 1.351ms
[14016.312s][info][gc,cpu         ] GC(35243) User=0.00s Sys=0.00s Real=0.00s
[14016.893s][info][gc,start       ] GC(35244) Pause Young (Allocation Failure)
[14016.895s][info][gc,heap        ] GC(35244) PSYoungGen: 174848K(175104K)->272K(168960K) Eden: 174592K(174592K)->0K(168448K) From: 256K(512K)->272K(512K)
[14016.895s][info][gc,heap        ] GC(35244) ParOldGen: 385581K(386048K)->385589K(386048K)
[14016.895s][info][gc,metaspace   ] GC(35244) Metaspace: 8795K(9024K)->8795K(9024K) NonClass: 8143K(8320K)->8143K(8320K) Class: 652K(704K)->652K(704K)
[14016.895s][info][gc             ] GC(35244) Pause Young (Allocation Failure) 547M->376M(542M) 2.337ms
[14016.895s][info][gc,cpu         ] GC(35244) User=0.01s Sys=0.00s Real=0.00s
[14017.438s][info][gc,start       ] GC(35245) Pause Young (Allocation Failure)
[14017.440s][info][gc,heap        ] GC(35245) PSYoungGen: 168720K(168960K)->272K(163328K) Eden: 168448K(168448K)->0K(162816K) From: 272K(512K)->272K(512K)
[14017.441s][info][gc,heap        ] GC(35245) ParOldGen: 385589K(386048K)->385597K(386048K)
[14017.441s][info][gc,metaspace   ] GC(35245) Metaspace: 8795K(9024K)->8795K(9024K) NonClass: 8143K(8320K)->8143K(8320K) Class: 652K(704K)->652K(704K)
[14017.441s][info][gc             ] GC(35245) Pause Young (Allocation Failure) 541M->376M(536M) 2.352ms
[14017.441s][info][gc,cpu         ] GC(35245) User=0.00s Sys=0.01s Real=0.01s
[14017.983s][info][gc,start       ] GC(35246) Pause Young (Allocation Failure)
[14017.986s][info][gc,heap        ] GC(35246) PSYoungGen: 163088K(163328K)->272K(157696K) Eden: 162816K(162816K)->0K(157184K) From: 272K(512K)->272K(512K)
[14017.986s][info][gc,heap        ] GC(35246) ParOldGen: 385597K(386048K)->385605K(386048K)
[14017.986s][info][gc,metaspace   ] GC(35246) Metaspace: 8795K(9024K)->8795K(9024K) NonClass: 8143K(8320K)->8143K(8320K) Class: 652K(704K)->652K(704K)
[14017.986s][info][gc             ] GC(35246) Pause Young (Allocation Failure) 535M->376M(531M) 2.303ms
[14017.986s][info][gc,cpu         ] GC(35246) User=0.00s Sys=0.00s Real=0.00s
[14018.496s][info][gc,start       ] GC(35247) Pause Young (Allocation Failure)
[14018.499s][info][gc,heap        ] GC(35247) PSYoungGen: 157456K(157696K)->272K(152576K) Eden: 157184K(157184K)->0K(152064K) From: 272K(512K)->272K(512K)
[14018.499s][info][gc,heap        ] GC(35247) ParOldGen: 385605K(386048K)->385621K(386048K)
[14018.499s][info][gc,metaspace   ] GC(35247) Metaspace: 8795K(9024K)->8795K(9024K) NonClass: 8143K(8320K)->8143K(8320K) Class: 652K(704K)->652K(704K)
[14018.499s][info][gc             ] GC(35247) Pause Young (Allocation Failure) 530M->376M(526M) 2.355ms
[14018.499s][info][gc,cpu         ] GC(35247) User=0.00s Sys=0.00s Real=0.00s
[14019.001s][info][gc,start       ] GC(35248) Pause Young (Allocation Failure)
[14019.003s][info][gc,heap        ] GC(35248) PSYoungGen: 152336K(152576K)->256K(147456K) Eden: 152064K(152064K)->0K(146944K) From: 272K(512K)->256K(512K)
[14019.004s][info][gc,heap        ] GC(35248) ParOldGen: 385621K(386048K)->385637K(386048K)
[14019.004s][info][gc,metaspace   ] GC(35248) Metaspace: 8795K(9024K)->8795K(9024K) NonClass: 8143K(8320K)->8143K(8320K) Class: 652K(704K)->652K(704K)
[14019.004s][info][gc             ] GC(35248) Pause Young (Allocation Failure) 525M->376M(521M) 2.517ms
[14019.004s][info][gc,cpu         ] GC(35248) User=0.01s Sys=0.00s Real=0.00s
[14019.498s][info][gc,start       ] GC(35249) Pause Young (Allocation Failure)
[14019.500s][info][gc,heap        ] GC(35249) PSYoungGen: 147200K(147456K)->256K(142848K) Eden: 146944K(146944K)->0K(142336K) From: 256K(512K)->256K(512K)
[14019.500s][info][gc,heap        ] GC(35249) ParOldGen: 385637K(386048K)->385645K(386048K)
[14019.500s][info][gc,metaspace   ] GC(35249) Metaspace: 8795K(9024K)->8795K(9024K) NonClass: 8143K(8320K)->8143K(8320K) Class: 652K(704K)->652K(704K)
[14019.500s][info][gc             ] GC(35249) Pause Young (Allocation Failure) 520M->376M(516M) 2.294ms
[14019.500s][info][gc,cpu         ] GC(35249) User=0.00s Sys=0.00s Real=0.00s
[14019.960s][info][gc,start       ] GC(35250) Pause Young (Allocation Failure)
[14019.961s][info][gc,heap        ] GC(35250) PSYoungGen: 142592K(142848K)->256K(138240K) Eden: 142336K(142336K)->0K(137728K) From: 256K(512K)->256K(512K)
[14019.961s][info][gc,heap        ] GC(35250) ParOldGen: 385645K(386048K)->385661K(386048K)
[14019.961s][info][gc,metaspace   ] GC(35250) Metaspace: 8795K(9024K)->8795K(9024K) NonClass: 8143K(8320K)->8143K(8320K) Class: 652K(704K)->652K(704K)
[14019.961s][info][gc             ] GC(35250) Pause Young (Allocation Failure) 515M->376M(512M) 1.666ms
[14019.961s][info][gc,cpu         ] GC(35250) User=0.01s Sys=0.00s Real=0.01s
[14020.438s][info][gc,start       ] GC(35251) Pause Young (Allocation Failure)
[14020.439s][info][gc,heap        ] GC(35251) PSYoungGen: 137984K(138240K)->256K(133632K) Eden: 137728K(137728K)->0K(133120K) From: 256K(512K)->256K(512K)
[14020.439s][info][gc,heap        ] GC(35251) ParOldGen: 385661K(386048K)->385677K(386048K)
[14020.439s][info][gc,metaspace   ] GC(35251) Metaspace: 8795K(9024K)->8795K(9024K) NonClass: 8143K(8320K)->8143K(8320K) Class: 652K(704K)->652K(704K)
[14020.439s][info][gc             ] GC(35251) Pause Young (Allocation Failure) 511M->376M(507M) 1.308ms
[14020.439s][info][gc,cpu         ] GC(35251) User=0.00s Sys=0.00s Real=0.00s
[14020.852s][info][gc,start       ] GC(35252) Pause Young (Allocation Failure)
[14020.854s][info][gc,heap        ] GC(35252) PSYoungGen: 133376K(133632K)->288K(129536K) Eden: 133120K(133120K)->0K(129024K) From: 256K(512K)->288K(512K)
[14020.854s][info][gc,heap        ] GC(35252) ParOldGen: 385677K(386048K)->385693K(386048K)
[14020.854s][info][gc,metaspace   ] GC(35252) Metaspace: 8795K(9024K)->8795K(9024K) NonClass: 8143K(8320K)->8143K(8320K) Class: 652K(704K)->652K(704K)
[14020.854s][info][gc             ] GC(35252) Pause Young (Allocation Failure) 506M->376M(503M) 1.286ms
[14020.854s][info][gc,cpu         ] GC(35252) User=0.00s Sys=0.00s Real=0.00s
[14021.319s][info][gc,start       ] GC(35253) Pause Young (Allocation Failure)
[14021.320s][info][gc,heap        ] GC(35253) PSYoungGen: 129312K(129536K)->256K(125440K) Eden: 129024K(129024K)->0K(124928K) From: 288K(512K)->256K(512K)
[14021.320s][info][gc,heap        ] GC(35253) ParOldGen: 385693K(386048K)->385709K(386048K)
[14021.320s][info][gc,metaspace   ] GC(35253) Metaspace: 8795K(9024K)->8795K(9024K) NonClass: 8143K(8320K)->8143K(8320K) Class: 652K(704K)->652K(704K)
[14021.320s][info][gc             ] GC(35253) Pause Young (Allocation Failure) 502M->376M(499M) 1.300ms
[14021.320s][info][gc,cpu         ] GC(35253) User=0.00s Sys=0.00s Real=0.00s
[14021.743s][info][gc,start       ] GC(35254) Pause Young (Allocation Failure)
[14021.744s][info][gc,heap        ] GC(35254) PSYoungGen: 125184K(125440K)->256K(121344K) Eden: 124928K(124928K)->0K(120832K) From: 256K(512K)->256K(512K)
[14021.744s][info][gc,heap        ] GC(35254) ParOldGen: 385709K(386048K)->385725K(386048K)
[14021.744s][info][gc,metaspace   ] GC(35254) Metaspace: 8795K(9024K)->8795K(9024K) NonClass: 8143K(8320K)->8143K(8320K) Class: 652K(704K)->652K(704K)
[14021.744s][info][gc             ] GC(35254) Pause Young (Allocation Failure) 498M->376M(495M) 1.274ms
[14021.744s][info][gc,cpu         ] GC(35254) User=0.00s Sys=0.00s Real=0.00s
[14022.147s][info][gc,start       ] GC(35255) Pause Young (Allocation Failure)
[14022.148s][info][gc,heap        ] GC(35255) PSYoungGen: 121088K(121344K)->288K(117760K) Eden: 120832K(120832K)->0K(117248K) From: 256K(512K)->288K(512K)
[14022.148s][info][gc,heap        ] GC(35255) ParOldGen: 385725K(386048K)->385741K(386048K)
[14022.148s][info][gc,metaspace   ] GC(35255) Metaspace: 8795K(9024K)->8795K(9024K) NonClass: 8143K(8320K)->8143K(8320K) Class: 652K(704K)->652K(704K)
[14022.148s][info][gc             ] GC(35255) Pause Young (Allocation Failure) 494M->376M(492M) 1.292ms
[14022.148s][info][gc,cpu         ] GC(35255) User=0.00s Sys=0.00s Real=0.00s
[14022.519s][info][gc,start       ] GC(35256) Pause Young (Allocation Failure)
[14022.521s][info][gc,heap        ] GC(35256) PSYoungGen: 117536K(117760K)->256K(114176K) Eden: 117248K(117248K)->0K(113664K) From: 288K(512K)->256K(512K)
[14022.521s][info][gc,heap        ] GC(35256) ParOldGen: 385741K(386048K)->385757K(386048K)
[14022.521s][info][gc,metaspace   ] GC(35256) Metaspace: 8795K(9024K)->8795K(9024K) NonClass: 8143K(8320K)->8143K(8320K) Class: 652K(704K)->652K(704K)
[14022.521s][info][gc             ] GC(35256) Pause Young (Allocation Failure) 491M->376M(488M) 1.330ms
[14022.521s][info][gc,cpu         ] GC(35256) User=0.00s Sys=0.00s Real=0.01s
[14022.893s][info][gc,start       ] GC(35257) Pause Young (Allocation Failure)
[14022.894s][info][gc,heap        ] GC(35257) PSYoungGen: 113920K(114176K)->256K(110592K) Eden: 113664K(113664K)->0K(110080K) From: 256K(512K)->256K(512K)
[14022.894s][info][gc,heap        ] GC(35257) ParOldGen: 385757K(386048K)->385773K(386048K)
[14022.894s][info][gc,metaspace   ] GC(35257) Metaspace: 8795K(9024K)->8795K(9024K) NonClass: 8143K(8320K)->8143K(8320K) Class: 652K(704K)->652K(704K)
[14022.894s][info][gc             ] GC(35257) Pause Young (Allocation Failure) 487M->376M(485M) 1.276ms
[14022.894s][info][gc,cpu         ] GC(35257) User=0.00s Sys=0.00s Real=0.00s
[14023.269s][info][gc,start       ] GC(35258) Pause Young (Allocation Failure)
[14023.270s][info][gc,heap        ] GC(35258) PSYoungGen: 110336K(110592K)->272K(107520K) Eden: 110080K(110080K)->0K(107008K) From: 256K(512K)->272K(512K)
[14023.270s][info][gc,heap        ] GC(35258) ParOldGen: 385773K(386048K)->385789K(386048K)
[14023.270s][info][gc,metaspace   ] GC(35258) Metaspace: 8795K(9024K)->8795K(9024K) NonClass: 8143K(8320K)->8143K(8320K) Class: 652K(704K)->652K(704K)
[14023.270s][info][gc             ] GC(35258) Pause Young (Allocation Failure) 484M->377M(482M) 1.294ms
[14023.270s][info][gc,cpu         ] GC(35258) User=0.00s Sys=0.00s Real=0.00s
[14023.601s][info][gc,start       ] GC(35259) Pause Young (Allocation Failure)
[14023.602s][info][gc,heap        ] GC(35259) PSYoungGen: 107280K(107520K)->240K(104448K) Eden: 107008K(107008K)->0K(103936K) From: 272K(512K)->240K(512K)
[14023.602s][info][gc,heap        ] GC(35259) ParOldGen: 385789K(386048K)->385805K(386048K)
[14023.602s][info][gc,metaspace   ] GC(35259) Metaspace: 8795K(9024K)->8795K(9024K) NonClass: 8143K(8320K)->8143K(8320K) Class: 652K(704K)->652K(704K)
[14023.602s][info][gc             ] GC(35259) Pause Young (Allocation Failure) 481M->376M(479M) 1.275ms
[14023.602s][info][gc,cpu         ] GC(35259) User=0.01s Sys=0.00s Real=0.00s
[14023.949s][info][gc,start       ] GC(35260) Pause Young (Allocation Failure)
[14023.950s][info][gc,heap        ] GC(35260) PSYoungGen: 104176K(104448K)->240K(101376K) Eden: 103936K(103936K)->0K(100864K) From: 240K(512K)->240K(512K)
[14023.950s][info][gc,heap        ] GC(35260) ParOldGen: 385805K(386048K)->385821K(386048K)
[14023.950s][info][gc,metaspace   ] GC(35260) Metaspace: 8795K(9024K)->8795K(9024K) NonClass: 8143K(8320K)->8143K(8320K) Class: 652K(704K)->652K(704K)
[14023.950s][info][gc             ] GC(35260) Pause Young (Allocation Failure) 478M->377M(476M) 1.310ms
[14023.951s][info][gc,cpu         ] GC(35260) User=0.00s Sys=0.00s Real=0.01s
[14024.288s][info][gc,start       ] GC(35261) Pause Young (Allocation Failure)
[14024.290s][info][gc,heap        ] GC(35261) PSYoungGen: 101104K(101376K)->240K(98304K) Eden: 100864K(100864K)->0K(97792K) From: 240K(512K)->240K(512K)
[14024.290s][info][gc,heap        ] GC(35261) ParOldGen: 385821K(386048K)->385837K(386048K)
[14024.290s][info][gc,metaspace   ] GC(35261) Metaspace: 8795K(9024K)->8795K(9024K) NonClass: 8143K(8320K)->8143K(8320K) Class: 652K(704K)->652K(704K)
[14024.290s][info][gc             ] GC(35261) Pause Young (Allocation Failure) 475M->377M(473M) 1.288ms
[14024.290s][info][gc,cpu         ] GC(35261) User=0.00s Sys=0.00s Real=0.00s
[14024.611s][info][gc,start       ] GC(35262) Pause Young (Allocation Failure)
[14024.613s][info][gc,heap        ] GC(35262) PSYoungGen: 98032K(98304K)->240K(95744K) Eden: 97792K(97792K)->0K(95232K) From: 240K(512K)->240K(512K)
[14024.613s][info][gc,heap        ] GC(35262) ParOldGen: 385837K(386048K)->385853K(386048K)
[14024.613s][info][gc,metaspace   ] GC(35262) Metaspace: 8795K(9024K)->8795K(9024K) NonClass: 8143K(8320K)->8143K(8320K) Class: 652K(704K)->652K(704K)
[14024.613s][info][gc             ] GC(35262) Pause Young (Allocation Failure) 472M->377M(470M) 1.280ms
[14024.613s][info][gc,cpu         ] GC(35262) User=0.01s Sys=0.00s Real=0.00s
[14024.924s][info][gc,start       ] GC(35263) Pause Young (Allocation Failure)
[14024.925s][info][gc,heap        ] GC(35263) PSYoungGen: 95472K(95744K)->256K(93184K) Eden: 95232K(95232K)->0K(92672K) From: 240K(512K)->256K(512K)
[14024.925s][info][gc,heap        ] GC(35263) ParOldGen: 385853K(386048K)->385869K(386048K)
[14024.925s][info][gc,metaspace   ] GC(35263) Metaspace: 8795K(9024K)->8795K(9024K) NonClass: 8143K(8320K)->8143K(8320K) Class: 652K(704K)->652K(704K)
[14024.925s][info][gc             ] GC(35263) Pause Young (Allocation Failure) 470M->377M(468M) 1.254ms
[14024.925s][info][gc,cpu         ] GC(35263) User=0.00s Sys=0.00s Real=0.00s
[14025.225s][info][gc,start       ] GC(35264) Pause Young (Allocation Failure)
[14025.227s][info][gc,heap        ] GC(35264) PSYoungGen: 92928K(93184K)->272K(90624K) Eden: 92672K(92672K)->0K(90112K) From: 256K(512K)->272K(512K)
[14025.227s][info][gc,heap        ] GC(35264) ParOldGen: 385869K(386048K)->385885K(386048K)
[14025.227s][info][gc,metaspace   ] GC(35264) Metaspace: 8795K(9024K)->8795K(9024K) NonClass: 8143K(8320K)->8143K(8320K) Class: 652K(704K)->652K(704K)
[14025.227s][info][gc             ] GC(35264) Pause Young (Allocation Failure) 467M->377M(465M) 2.366ms
[14025.227s][info][gc,cpu         ] GC(35264) User=0.00s Sys=0.00s Real=0.00s
[14025.595s][info][gc,start       ] GC(35265) Pause Young (Allocation Failure)
[14025.596s][info][gc,heap        ] GC(35265) PSYoungGen: 90384K(90624K)->256K(88064K) Eden: 90112K(90112K)->0K(87552K) From: 272K(512K)->256K(512K)
[14025.596s][info][gc,heap        ] GC(35265) ParOldGen: 385885K(386048K)->385901K(386048K)
[14025.596s][info][gc,metaspace   ] GC(35265) Metaspace: 8795K(9024K)->8795K(9024K) NonClass: 8143K(8320K)->8143K(8320K) Class: 652K(704K)->652K(704K)
[14025.596s][info][gc             ] GC(35265) Pause Young (Allocation Failure) 465M->377M(463M) 1.276ms
[14025.596s][info][gc,cpu         ] GC(35265) User=0.00s Sys=0.00s Real=0.00s
[14025.891s][info][gc,start       ] GC(35266) Pause Young (Allocation Failure)
[14025.892s][info][gc,heap        ] GC(35266) PSYoungGen: 87808K(88064K)->256K(202752K) Eden: 87552K(87552K)->0K(202240K) From: 256K(512K)->256K(512K)
[14025.892s][info][gc,heap        ] GC(35266) ParOldGen: 385901K(386048K)->385917K(386048K)
[14025.892s][info][gc,metaspace   ] GC(35266) Metaspace: 8795K(9024K)->8795K(9024K) NonClass: 8143K(8320K)->8143K(8320K) Class: 652K(704K)->652K(704K)
[14025.892s][info][gc             ] GC(35266) Pause Young (Allocation Failure) 462M->377M(575M) 1.334ms
[14025.892s][info][gc,cpu         ] GC(35266) User=0.00s Sys=0.00s Real=0.00s
[14026.535s][info][gc,start       ] GC(35267) Pause Young (Allocation Failure)
[14026.537s][info][gc,heap        ] GC(35267) PSYoungGen: 202496K(202752K)->256K(195584K) Eden: 202240K(202240K)->0K(195072K) From: 256K(512K)->256K(512K)
[14026.537s][info][gc,heap        ] GC(35267) ParOldGen: 385917K(386048K)->385925K(386048K)
[14026.537s][info][gc,metaspace   ] GC(35267) Metaspace: 8795K(9024K)->8795K(9024K) NonClass: 8143K(8320K)->8143K(8320K) Class: 652K(704K)->652K(704K)
[14026.537s][info][gc             ] GC(35267) Pause Young (Allocation Failure) 574M->377M(568M) 2.326ms
[14026.537s][info][gc,cpu         ] GC(35267) User=0.01s Sys=0.00s Real=0.00s
[14027.177s][info][gc,start       ] GC(35268) Pause Young (Allocation Failure)
[14027.178s][info][gc,heap        ] GC(35268) PSYoungGen: 195328K(195584K)->240K(188416K) Eden: 195072K(195072K)->0K(187904K) From: 256K(512K)->240K(512K)
[14027.178s][info][gc,heap        ] GC(35268) ParOldGen: 385925K(386048K)->385941K(386048K)
[14027.178s][info][gc,metaspace   ] GC(35268) Metaspace: 8795K(9024K)->8795K(9024K) NonClass: 8143K(8320K)->8143K(8320K) Class: 652K(704K)->652K(704K)
[14027.178s][info][gc             ] GC(35268) Pause Young (Allocation Failure) 567M->377M(561M) 1.284ms
[14027.178s][info][gc,cpu         ] GC(35268) User=0.00s Sys=0.00s Real=0.00s
[14027.790s][info][gc,start       ] GC(35269) Pause Young (Allocation Failure)
[14027.792s][info][gc,heap        ] GC(35269) PSYoungGen: 188144K(188416K)->272K(181760K) Eden: 187904K(187904K)->0K(181248K) From: 240K(512K)->272K(512K)
[14027.792s][info][gc,heap        ] GC(35269) ParOldGen: 385941K(386048K)->385949K(386048K)
[14027.792s][info][gc,metaspace   ] GC(35269) Metaspace: 8795K(9024K)->8795K(9024K) NonClass: 8143K(8320K)->8143K(8320K) Class: 652K(704K)->652K(704K)
[14027.792s][info][gc             ] GC(35269) Pause Young (Allocation Failure) 560M->377M(554M) 2.307ms
[14027.792s][info][gc,cpu         ] GC(35269) User=0.01s Sys=0.00s Real=0.01s
[14028.359s][info][gc,start       ] GC(35270) Pause Young (Allocation Failure)
[14028.360s][info][gc,heap        ] GC(35270) PSYoungGen: 181520K(181760K)->208K(175104K) Eden: 181248K(181248K)->0K(174592K) From: 272K(512K)->208K(512K)
[14028.360s][info][gc,heap        ] GC(35270) ParOldGen: 385949K(386048K)->385957K(386048K)
[14028.360s][info][gc,metaspace   ] GC(35270) Metaspace: 8795K(9024K)->8795K(9024K) NonClass: 8143K(8320K)->8143K(8320K) Class: 652K(704K)->652K(704K)
[14028.360s][info][gc             ] GC(35270) Pause Young (Allocation Failure) 554M->377M(548M) 1.754ms
[14028.360s][info][gc,cpu         ] GC(35270) User=0.00s Sys=0.00s Real=0.01s
[14028.906s][info][gc,start       ] GC(35271) Pause Young (Allocation Failure)
[14028.909s][info][gc,heap        ] GC(35271) PSYoungGen: 174800K(175104K)->256K(168960K) Eden: 174592K(174592K)->0K(168448K) From: 208K(512K)->256K(512K)
[14028.909s][info][gc,heap        ] GC(35271) ParOldGen: 385957K(386048K)->385965K(386048K)
[14028.909s][info][gc,metaspace   ] GC(35271) Metaspace: 8795K(9024K)->8795K(9024K) NonClass: 8143K(8320K)->8143K(8320K) Class: 652K(704K)->652K(704K)
[14028.909s][info][gc             ] GC(35271) Pause Young (Allocation Failure) 547M->377M(542M) 2.309ms
[14028.909s][info][gc,cpu         ] GC(35271) User=0.01s Sys=0.00s Real=0.00s
[14029.449s][info][gc,start       ] GC(35272) Pause Young (Allocation Failure)
[14029.452s][info][gc,heap        ] GC(35272) PSYoungGen: 168704K(168960K)->272K(163328K) Eden: 168448K(168448K)->0K(162816K) From: 256K(512K)->272K(512K)
[14029.452s][info][gc,heap        ] GC(35272) ParOldGen: 385965K(386048K)->385973K(386048K)
[14029.452s][info][gc,metaspace   ] GC(35272) Metaspace: 8795K(9024K)->8795K(9024K) NonClass: 8143K(8320K)->8143K(8320K) Class: 652K(704K)->652K(704K)
[14029.452s][info][gc             ] GC(35272) Pause Young (Allocation Failure) 541M->377M(536M) 2.770ms
[14029.452s][info][gc,cpu         ] GC(35272) User=0.00s Sys=0.00s Real=0.01s
[14029.987s][info][gc,start       ] GC(35273) Pause Young (Allocation Failure)
[14029.989s][info][gc,heap        ] GC(35273) PSYoungGen: 163088K(163328K)->272K(157696K) Eden: 162816K(162816K)->0K(157184K) From: 272K(512K)->272K(512K)
[14029.990s][info][gc,heap        ] GC(35273) ParOldGen: 385973K(386048K)->385981K(386048K)
[14029.990s][info][gc,metaspace   ] GC(35273) Metaspace: 8795K(9024K)->8795K(9024K) NonClass: 8143K(8320K)->8143K(8320K) Class: 652K(704K)->652K(704K)
[14029.990s][info][gc             ] GC(35273) Pause Young (Allocation Failure) 536M->377M(531M) 2.391ms
[14029.990s][info][gc,cpu         ] GC(35273) User=0.00s Sys=0.00s Real=0.00s
[14030.503s][info][gc,start       ] GC(35274) Pause Young (Allocation Failure)
[14030.504s][info][gc,heap        ] GC(35274) PSYoungGen: 157456K(157696K)->256K(152576K) Eden: 157184K(157184K)->0K(152064K) From: 272K(512K)->256K(512K)
[14030.504s][info][gc,heap        ] GC(35274) ParOldGen: 385981K(386048K)->385997K(386048K)
[14030.504s][info][gc,metaspace   ] GC(35274) Metaspace: 8795K(9024K)->8795K(9024K) NonClass: 8143K(8320K)->8143K(8320K) Class: 652K(704K)->652K(704K)
[14030.504s][info][gc             ] GC(35274) Pause Young (Allocation Failure) 530M->377M(526M) 1.316ms
[14030.504s][info][gc,cpu         ] GC(35274) User=0.00s Sys=0.00s Real=0.00s
[14030.979s][info][gc,start       ] GC(35275) Pause Young (Allocation Failure)
[14030.980s][info][gc,heap        ] GC(35275) PSYoungGen: 152320K(152576K)->256K(147456K) Eden: 152064K(152064K)->0K(146944K) From: 256K(512K)->256K(512K)
[14030.980s][info][gc,heap        ] GC(35275) ParOldGen: 385997K(386048K)->386013K(386048K)
[14030.980s][info][gc,metaspace   ] GC(35275) Metaspace: 8795K(9024K)->8795K(9024K) NonClass: 8143K(8320K)->8143K(8320K) Class: 652K(704K)->652K(704K)
[14030.980s][info][gc             ] GC(35275) Pause Young (Allocation Failure) 525M->377M(521M) 1.267ms
[14030.980s][info][gc,cpu         ] GC(35275) User=0.00s Sys=0.00s Real=0.01s
[14031.453s][info][gc,start       ] GC(35276) Pause Young (Allocation Failure)
[14031.455s][info][gc,heap        ] GC(35276) PSYoungGen: 147200K(147456K)->256K(142848K) Eden: 146944K(146944K)->0K(142336K) From: 256K(512K)->256K(512K)
[14031.455s][info][gc,heap        ] GC(35276) ParOldGen: 386013K(386048K)->386029K(386048K)
[14031.455s][info][gc,metaspace   ] GC(35276) Metaspace: 8795K(9024K)->8795K(9024K) NonClass: 8143K(8320K)->8143K(8320K) Class: 652K(704K)->652K(704K)
[14031.455s][info][gc             ] GC(35276) Pause Young (Allocation Failure) 520M->377M(516M) 1.289ms
[14031.455s][info][gc,cpu         ] GC(35276) User=0.01s Sys=0.00s Real=0.00s
[14031.932s][info][gc,start       ] GC(35277) Pause Young (Allocation Failure)
[14031.934s][info][gc,heap        ] GC(35277) PSYoungGen: 142592K(142848K)->256K(138240K) Eden: 142336K(142336K)->0K(137728K) From: 256K(512K)->256K(512K)
[14031.934s][info][gc,heap        ] GC(35277) ParOldGen: 386029K(386048K)->386045K(386048K)
[14031.934s][info][gc,metaspace   ] GC(35277) Metaspace: 8795K(9024K)->8795K(9024K) NonClass: 8143K(8320K)->8143K(8320K) Class: 652K(704K)->652K(704K)
[14031.934s][info][gc             ] GC(35277) Pause Young (Allocation Failure) 516M->377M(512M) 1.692ms
[14031.934s][info][gc,cpu         ] GC(35277) User=0.01s Sys=0.00s Real=0.00s
[14032.405s][info][gc,start       ] GC(35278) Pause Young (Allocation Failure)
[14032.407s][info][gc,heap        ] GC(35278) PSYoungGen: 137984K(138240K)->240K(133632K) Eden: 137728K(137728K)->0K(133120K) From: 256K(512K)->240K(512K)
[14032.407s][info][gc,heap        ] GC(35278) ParOldGen: 386045K(386048K)->386061K(386560K)
[14032.407s][info][gc,metaspace   ] GC(35278) Metaspace: 8795K(9024K)->8795K(9024K) NonClass: 8143K(8320K)->8143K(8320K) Class: 652K(704K)->652K(704K)
[14032.407s][info][gc             ] GC(35278) Pause Young (Allocation Failure) 511M->377M(508M) 1.359ms
[14032.407s][info][gc,cpu         ] GC(35278) User=0.01s Sys=0.00s Real=0.00s
[14032.838s][info][gc,start       ] GC(35279) Pause Young (Allocation Failure)
[14032.839s][info][gc,heap        ] GC(35279) PSYoungGen: 133360K(133632K)->256K(129536K) Eden: 133120K(133120K)->0K(129024K) From: 240K(512K)->256K(512K)
[14032.839s][info][gc,heap        ] GC(35279) ParOldGen: 386061K(386560K)->386077K(386560K)
[14032.839s][info][gc,metaspace   ] GC(35279) Metaspace: 8795K(9024K)->8795K(9024K) NonClass: 8143K(8320K)->8143K(8320K) Class: 652K(704K)->652K(704K)
[14032.839s][info][gc             ] GC(35279) Pause Young (Allocation Failure) 507M->377M(504M) 1.310ms
[14032.839s][info][gc,cpu         ] GC(35279) User=0.00s Sys=0.00s Real=0.00s
[14033.262s][info][gc,start       ] GC(35280) Pause Young (Allocation Failure)
[14033.264s][info][gc,heap        ] GC(35280) PSYoungGen: 129280K(129536K)->256K(125440K) Eden: 129024K(129024K)->0K(124928K) From: 256K(512K)->256K(512K)
[14033.264s][info][gc,heap        ] GC(35280) ParOldGen: 386077K(386560K)->386093K(386560K)
[14033.264s][info][gc,metaspace   ] GC(35280) Metaspace: 8795K(9024K)->8795K(9024K) NonClass: 8143K(8320K)->8143K(8320K) Class: 652K(704K)->652K(704K)
[14033.264s][info][gc             ] GC(35280) Pause Young (Allocation Failure) 503M->377M(500M) 1.307ms
[14033.264s][info][gc,cpu         ] GC(35280) User=0.01s Sys=0.00s Real=0.00s
[14033.676s][info][gc,start       ] GC(35281) Pause Young (Allocation Failure)
[14033.677s][info][gc,heap        ] GC(35281) PSYoungGen: 125184K(125440K)->288K(121344K) Eden: 124928K(124928K)->0K(120832K) From: 256K(512K)->288K(512K)
[14033.677s][info][gc,heap        ] GC(35281) ParOldGen: 386093K(386560K)->386109K(386560K)
[14033.677s][info][gc,metaspace   ] GC(35281) Metaspace: 8795K(9024K)->8795K(9024K) NonClass: 8143K(8320K)->8143K(8320K) Class: 652K(704K)->652K(704K)
[14033.678s][info][gc             ] GC(35281) Pause Young (Allocation Failure) 499M->377M(496M) 1.350ms
[14033.678s][info][gc,cpu         ] GC(35281) User=0.00s Sys=0.00s Real=0.00s
[14034.068s][info][gc,start       ] GC(35282) Pause Young (Allocation Failure)
[14034.070s][info][gc,heap        ] GC(35282) PSYoungGen: 121120K(121344K)->240K(117760K) Eden: 120832K(120832K)->0K(117248K) From: 288K(512K)->240K(512K)
[14034.070s][info][gc,heap        ] GC(35282) ParOldGen: 386109K(386560K)->386125K(386560K)
[14034.070s][info][gc,metaspace   ] GC(35282) Metaspace: 8795K(9024K)->8795K(9024K) NonClass: 8143K(8320K)->8143K(8320K) Class: 652K(704K)->652K(704K)
[14034.070s][info][gc             ] GC(35282) Pause Young (Allocation Failure) 495M->377M(492M) 1.271ms
[14034.070s][info][gc,cpu         ] GC(35282) User=0.00s Sys=0.00s Real=0.00s
[14034.483s][info][gc,start       ] GC(35283) Pause Young (Allocation Failure)
[14034.484s][info][gc,heap        ] GC(35283) PSYoungGen: 117488K(117760K)->256K(114176K) Eden: 117248K(117248K)->0K(113664K) From: 240K(512K)->256K(512K)
[14034.484s][info][gc,heap        ] GC(35283) ParOldGen: 386125K(386560K)->386141K(386560K)
[14034.484s][info][gc,metaspace   ] GC(35283) Metaspace: 8795K(9024K)->8795K(9024K) NonClass: 8143K(8320K)->8143K(8320K) Class: 652K(704K)->652K(704K)
[14034.484s][info][gc             ] GC(35283) Pause Young (Allocation Failure) 491M->377M(489M) 1.315ms
[14034.484s][info][gc,cpu         ] GC(35283) User=0.01s Sys=0.00s Real=0.00s
[14034.861s][info][gc,start       ] GC(35284) Pause Young (Allocation Failure)
[14034.863s][info][gc,heap        ] GC(35284) PSYoungGen: 113920K(114176K)->256K(110592K) Eden: 113664K(113664K)->0K(110080K) From: 256K(512K)->256K(512K)
[14034.863s][info][gc,heap        ] GC(35284) ParOldGen: 386141K(386560K)->386157K(386560K)
[14034.863s][info][gc,metaspace   ] GC(35284) Metaspace: 8795K(9024K)->8795K(9024K) NonClass: 8143K(8320K)->8143K(8320K) Class: 652K(704K)->652K(704K)
[14034.863s][info][gc             ] GC(35284) Pause Young (Allocation Failure) 488M->377M(485M) 1.280ms
[14034.863s][info][gc,cpu         ] GC(35284) User=0.00s Sys=0.00s Real=0.00s
[14035.213s][info][gc,start       ] GC(35285) Pause Young (Allocation Failure)
[14035.215s][info][gc,heap        ] GC(35285) PSYoungGen: 110336K(110592K)->272K(107520K) Eden: 110080K(110080K)->0K(107008K) From: 256K(512K)->272K(512K)
[14035.215s][info][gc,heap        ] GC(35285) ParOldGen: 386157K(386560K)->386165K(386560K)
[14035.215s][info][gc,metaspace   ] GC(35285) Metaspace: 8795K(9024K)->8795K(9024K) NonClass: 8143K(8320K)->8143K(8320K) Class: 652K(704K)->652K(704K)
[14035.215s][info][gc             ] GC(35285) Pause Young (Allocation Failure) 484M->377M(482M) 2.268ms
[14035.215s][info][gc,cpu         ] GC(35285) User=0.00s Sys=0.00s Real=0.00s
[14035.555s][info][gc,start       ] GC(35286) Pause Young (Allocation Failure)
[14035.556s][info][gc,heap        ] GC(35286) PSYoungGen: 107280K(107520K)->240K(104448K) Eden: 107008K(107008K)->0K(103936K) From: 272K(512K)->240K(512K)
[14035.556s][info][gc,heap        ] GC(35286) ParOldGen: 386165K(386560K)->386181K(386560K)
[14035.556s][info][gc,metaspace   ] GC(35286) Metaspace: 8795K(9024K)->8795K(9024K) NonClass: 8143K(8320K)->8143K(8320K) Class: 652K(704K)->652K(704K)
[14035.556s][info][gc             ] GC(35286) Pause Young (Allocation Failure) 481M->377M(479M) 1.667ms
[14035.556s][info][gc,cpu         ] GC(35286) User=0.00s Sys=0.00s Real=0.00s
[14035.887s][info][gc,start       ] GC(35287) Pause Young (Allocation Failure)
[14035.888s][info][gc,heap        ] GC(35287) PSYoungGen: 104176K(104448K)->64K(101376K) Eden: 103936K(103936K)->0K(100864K) From: 240K(512K)->64K(512K)
[14035.888s][info][gc,heap        ] GC(35287) ParOldGen: 386181K(386560K)->386189K(386560K)
[14035.888s][info][gc,metaspace   ] GC(35287) Metaspace: 8795K(9024K)->8795K(9024K) NonClass: 8143K(8320K)->8143K(8320K) Class: 652K(704K)->652K(704K)
[14035.888s][info][gc             ] GC(35287) Pause Young (Allocation Failure) 478M->377M(476M) 1.193ms
[14035.888s][info][gc,cpu         ] GC(35287) User=0.00s Sys=0.00s Real=0.00s
[14036.203s][info][gc,start       ] GC(35288) Pause Young (Allocation Failure)
[14036.206s][info][gc,heap        ] GC(35288) PSYoungGen: 100928K(101376K)->256K(98304K) Eden: 100864K(100864K)->0K(97792K) From: 64K(512K)->256K(512K)
[14036.206s][info][gc,heap        ] GC(35288) ParOldGen: 386189K(386560K)->386197K(386560K)
[14036.206s][info][gc,metaspace   ] GC(35288) Metaspace: 8795K(9024K)->8795K(9024K) NonClass: 8143K(8320K)->8143K(8320K) Class: 652K(704K)->652K(704K)
[14036.206s][info][gc             ] GC(35288) Pause Young (Allocation Failure) 475M->377M(473M) 2.277ms
[14036.206s][info][gc,cpu         ] GC(35288) User=0.00s Sys=0.00s Real=0.00s
[14036.499s][info][gc,start       ] GC(35289) Pause Young (Allocation Failure)
[14036.501s][info][gc,heap        ] GC(35289) PSYoungGen: 98048K(98304K)->256K(95744K) Eden: 97792K(97792K)->0K(95232K) From: 256K(512K)->256K(512K)
[14036.501s][info][gc,heap        ] GC(35289) ParOldGen: 386197K(386560K)->386213K(386560K)
[14036.501s][info][gc,metaspace   ] GC(35289) Metaspace: 8795K(9024K)->8795K(9024K) NonClass: 8143K(8320K)->8143K(8320K) Class: 652K(704K)->652K(704K)
[14036.501s][info][gc             ] GC(35289) Pause Young (Allocation Failure) 472M->377M(471M) 1.711ms
[14036.501s][info][gc,cpu         ] GC(35289) User=0.00s Sys=0.00s Real=0.01s
[14036.829s][info][gc,start       ] GC(35290) Pause Young (Allocation Failure)
[14036.830s][info][gc,heap        ] GC(35290) PSYoungGen: 95488K(95744K)->256K(93184K) Eden: 95232K(95232K)->0K(92672K) From: 256K(512K)->256K(512K)
[14036.830s][info][gc,heap        ] GC(35290) ParOldGen: 386213K(386560K)->386229K(386560K)
[14036.830s][info][gc,metaspace   ] GC(35290) Metaspace: 8795K(9024K)->8795K(9024K) NonClass: 8143K(8320K)->8143K(8320K) Class: 652K(704K)->652K(704K)
[14036.830s][info][gc             ] GC(35290) Pause Young (Allocation Failure) 470M->377M(468M) 1.255ms
[14036.830s][info][gc,cpu         ] GC(35290) User=0.00s Sys=0.00s Real=0.01s
[14037.136s][info][gc,start       ] GC(35291) Pause Young (Allocation Failure)
[14037.137s][info][gc,heap        ] GC(35291) PSYoungGen: 92928K(93184K)->256K(90624K) Eden: 92672K(92672K)->0K(90112K) From: 256K(512K)->256K(512K)
[14037.137s][info][gc,heap        ] GC(35291) ParOldGen: 386229K(386560K)->386245K(386560K)
[14037.137s][info][gc,metaspace   ] GC(35291) Metaspace: 8795K(9024K)->8795K(9024K) NonClass: 8143K(8320K)->8143K(8320K) Class: 652K(704K)->652K(704K)
[14037.137s][info][gc             ] GC(35291) Pause Young (Allocation Failure) 467M->377M(466M) 1.278ms
[14037.137s][info][gc,cpu         ] GC(35291) User=0.00s Sys=0.00s Real=0.00s
[14037.421s][info][gc,start       ] GC(35292) Pause Young (Allocation Failure)
[14037.423s][info][gc,heap        ] GC(35292) PSYoungGen: 90368K(90624K)->272K(88064K) Eden: 90112K(90112K)->0K(87552K) From: 256K(512K)->272K(512K)
[14037.423s][info][gc,heap        ] GC(35292) ParOldGen: 386245K(386560K)->386253K(386560K)
[14037.423s][info][gc,metaspace   ] GC(35292) Metaspace: 8795K(9024K)->8795K(9024K) NonClass: 8143K(8320K)->8143K(8320K) Class: 652K(704K)->652K(704K)
[14037.423s][info][gc             ] GC(35292) Pause Young (Allocation Failure) 465M->377M(463M) 2.262ms
[14037.423s][info][gc,cpu         ] GC(35292) User=0.00s Sys=0.00s Real=0.00s
[14037.688s][info][gc,start       ] GC(35293) Pause Young (Allocation Failure)
[14037.689s][info][gc,heap        ] GC(35293) PSYoungGen: 87824K(88064K)->240K(202752K) Eden: 87552K(87552K)->0K(202240K) From: 272K(512K)->240K(512K)
[14037.689s][info][gc,heap        ] GC(35293) ParOldGen: 386253K(386560K)->386269K(386560K)
[14037.689s][info][gc,metaspace   ] GC(35293) Metaspace: 8795K(9024K)->8795K(9024K) NonClass: 8143K(8320K)->8143K(8320K) Class: 652K(704K)->652K(704K)
[14037.690s][info][gc             ] GC(35293) Pause Young (Allocation Failure) 462M->377M(575M) 1.469ms
[14037.690s][info][gc,cpu         ] GC(35293) User=0.00s Sys=0.00s Real=0.00s
[14038.326s][info][gc,start       ] GC(35294) Pause Young (Allocation Failure)
[14038.328s][info][gc,heap        ] GC(35294) PSYoungGen: 202480K(202752K)->288K(195584K) Eden: 202240K(202240K)->0K(195072K) From: 240K(512K)->288K(512K)
[14038.328s][info][gc,heap        ] GC(35294) ParOldGen: 386269K(386560K)->386285K(386560K)
[14038.328s][info][gc,metaspace   ] GC(35294) Metaspace: 8795K(9024K)->8795K(9024K) NonClass: 8143K(8320K)->8143K(8320K) Class: 652K(704K)->652K(704K)
[14038.328s][info][gc             ] GC(35294) Pause Young (Allocation Failure) 574M->377M(568M) 1.357ms
[14038.328s][info][gc,cpu         ] GC(35294) User=0.00s Sys=0.00s Real=0.00s
[14038.929s][info][gc,start       ] GC(35295) Pause Young (Allocation Failure)
[14038.930s][info][gc,heap        ] GC(35295) PSYoungGen: 195360K(195584K)->240K(188416K) Eden: 195072K(195072K)->0K(187904K) From: 288K(512K)->240K(512K)
[14038.930s][info][gc,heap        ] GC(35295) ParOldGen: 386285K(386560K)->386301K(386560K)
[14038.930s][info][gc,metaspace   ] GC(35295) Metaspace: 8795K(9024K)->8795K(9024K) NonClass: 8143K(8320K)->8143K(8320K) Class: 652K(704K)->652K(704K)
[14038.930s][info][gc             ] GC(35295) Pause Young (Allocation Failure) 568M->377M(561M) 1.349ms
[14038.930s][info][gc,cpu         ] GC(35295) User=0.00s Sys=0.00s Real=0.01s
[14039.588s][info][gc,start       ] GC(35296) Pause Young (Allocation Failure)
[14039.589s][info][gc,heap        ] GC(35296) PSYoungGen: 188144K(188416K)->256K(181760K) Eden: 187904K(187904K)->0K(181248K) From: 240K(512K)->256K(512K)
[14039.589s][info][gc,heap        ] GC(35296) ParOldGen: 386301K(386560K)->386317K(386560K)
[14039.589s][info][gc,metaspace   ] GC(35296) Metaspace: 8795K(9024K)->8795K(9024K) NonClass: 8143K(8320K)->8143K(8320K) Class: 652K(704K)->652K(704K)
[14039.589s][info][gc             ] GC(35296) Pause Young (Allocation Failure) 560M->377M(555M) 1.382ms
[14039.589s][info][gc,cpu         ] GC(35296) User=0.01s Sys=0.00s Real=0.00s
[14040.163s][info][gc,start       ] GC(35297) Pause Young (Allocation Failure)
[14040.165s][info][gc,heap        ] GC(35297) PSYoungGen: 181504K(181760K)->240K(175104K) Eden: 181248K(181248K)->0K(174592K) From: 256K(512K)->240K(512K)
[14040.165s][info][gc,heap        ] GC(35297) ParOldGen: 386317K(386560K)->386333K(386560K)
[14040.165s][info][gc,metaspace   ] GC(35297) Metaspace: 8795K(9024K)->8795K(9024K) NonClass: 8143K(8320K)->8143K(8320K) Class: 652K(704K)->652K(704K)
[14040.165s][info][gc             ] GC(35297) Pause Young (Allocation Failure) 554M->377M(548M) 1.741ms
[14040.165s][info][gc,cpu         ] GC(35297) User=0.00s Sys=0.00s Real=0.00s
[14040.720s][info][gc,start       ] GC(35298) Pause Young (Allocation Failure)
[14040.723s][info][gc,heap        ] GC(35298) PSYoungGen: 174832K(175104K)->256K(168960K) Eden: 174592K(174592K)->0K(168448K) From: 240K(512K)->256K(512K)
[14040.723s][info][gc,heap        ] GC(35298) ParOldGen: 386333K(386560K)->386341K(386560K)
[14040.723s][info][gc,metaspace   ] GC(35298) Metaspace: 8795K(9024K)->8795K(9024K) NonClass: 8143K(8320K)->8143K(8320K) Class: 652K(704K)->652K(704K)
[14040.723s][info][gc             ] GC(35298) Pause Young (Allocation Failure) 548M->377M(542M) 2.257ms
[14040.723s][info][gc,cpu         ] GC(35298) User=0.00s Sys=0.00s Real=0.00s
[14041.256s][info][gc,start       ] GC(35299) Pause Young (Allocation Failure)
[14041.258s][info][gc,heap        ] GC(35299) PSYoungGen: 168704K(168960K)->272K(163328K) Eden: 168448K(168448K)->0K(162816K) From: 256K(512K)->272K(512K)
[14041.258s][info][gc,heap        ] GC(35299) ParOldGen: 386341K(386560K)->386349K(386560K)
[14041.258s][info][gc,metaspace   ] GC(35299) Metaspace: 8795K(9024K)->8795K(9024K) NonClass: 8143K(8320K)->8143K(8320K) Class: 652K(704K)->652K(704K)
[14041.258s][info][gc             ] GC(35299) Pause Young (Allocation Failure) 542M->377M(537M) 2.339ms
[14041.258s][info][gc,cpu         ] GC(35299) User=0.00s Sys=0.00s Real=0.00s
[14041.746s][info][gc,start       ] GC(35300) Pause Young (Allocation Failure)
[14041.749s][info][gc,heap        ] GC(35300) PSYoungGen: 163088K(163328K)->272K(157696K) Eden: 162816K(162816K)->0K(157184K) From: 272K(512K)->272K(512K)
[14041.749s][info][gc,heap        ] GC(35300) ParOldGen: 386349K(386560K)->386357K(386560K)
[14041.749s][info][gc,metaspace   ] GC(35300) Metaspace: 8795K(9024K)->8795K(9024K) NonClass: 8143K(8320K)->8143K(8320K) Class: 652K(704K)->652K(704K)
[14041.749s][info][gc             ] GC(35300) Pause Young (Allocation Failure) 536M->377M(531M) 2.347ms
[14041.749s][info][gc,cpu         ] GC(35300) User=0.00s Sys=0.00s Real=0.00s
[14042.226s][info][gc,start       ] GC(35301) Pause Young (Allocation Failure)
[14042.228s][info][gc,heap        ] GC(35301) PSYoungGen: 157456K(157696K)->272K(152576K) Eden: 157184K(157184K)->0K(152064K) From: 272K(512K)->272K(512K)
[14042.228s][info][gc,heap        ] GC(35301) ParOldGen: 386357K(386560K)->386365K(386560K)
[14042.228s][info][gc,metaspace   ] GC(35301) Metaspace: 8795K(9024K)->8795K(9024K) NonClass: 8143K(8320K)->8143K(8320K) Class: 652K(704K)->652K(704K)
[14042.228s][info][gc             ] GC(35301) Pause Young (Allocation Failure) 531M->377M(526M) 2.401ms
[14042.228s][info][gc,cpu         ] GC(35301) User=0.00s Sys=0.00s Real=0.00s
[14042.716s][info][gc,start       ] GC(35302) Pause Young (Allocation Failure)
[14042.718s][info][gc,heap        ] GC(35302) PSYoungGen: 152336K(152576K)->256K(147456K) Eden: 152064K(152064K)->0K(146944K) From: 272K(512K)->256K(512K)
[14042.718s][info][gc,heap        ] GC(35302) ParOldGen: 386365K(386560K)->386373K(386560K)
[14042.718s][info][gc,metaspace   ] GC(35302) Metaspace: 8795K(9024K)->8795K(9024K) NonClass: 8143K(8320K)->8143K(8320K) Class: 652K(704K)->652K(704K)
[14042.718s][info][gc             ] GC(35302) Pause Young (Allocation Failure) 526M->377M(521M) 1.818ms
[14042.718s][info][gc,cpu         ] GC(35302) User=0.01s Sys=0.00s Real=0.00s
[14043.197s][info][gc,start       ] GC(35303) Pause Young (Allocation Failure)
[14043.199s][info][gc,heap        ] GC(35303) PSYoungGen: 147200K(147456K)->224K(142848K) Eden: 146944K(146944K)->0K(142336K) From: 256K(512K)->224K(512K)
[14043.199s][info][gc,heap        ] GC(35303) ParOldGen: 386373K(386560K)->386389K(386560K)
[14043.199s][info][gc,metaspace   ] GC(35303) Metaspace: 8795K(9024K)->8795K(9024K) NonClass: 8143K(8320K)->8143K(8320K) Class: 652K(704K)->652K(704K)
[14043.199s][info][gc             ] GC(35303) Pause Young (Allocation Failure) 521M->377M(517M) 1.303ms
[14043.199s][info][gc,cpu         ] GC(35303) User=0.01s Sys=0.00s Real=0.00s
[14043.662s][info][gc,start       ] GC(35304) Pause Young (Allocation Failure)
[14043.664s][info][gc,heap        ] GC(35304) PSYoungGen: 142560K(142848K)->320K(138240K) Eden: 142336K(142336K)->0K(137728K) From: 224K(512K)->320K(512K)
[14043.664s][info][gc,heap        ] GC(35304) ParOldGen: 386389K(386560K)->386405K(386560K)
[14043.664s][info][gc,metaspace   ] GC(35304) Metaspace: 8795K(9024K)->8795K(9024K) NonClass: 8143K(8320K)->8143K(8320K) Class: 652K(704K)->652K(704K)
[14043.664s][info][gc             ] GC(35304) Pause Young (Allocation Failure) 516M->377M(512M) 1.289ms
[14043.664s][info][gc,cpu         ] GC(35304) User=0.00s Sys=0.00s Real=0.00s
[14044.087s][info][gc,start       ] GC(35305) Pause Young (Allocation Failure)
[14044.088s][info][gc,heap        ] GC(35305) PSYoungGen: 138048K(138240K)->256K(133632K) Eden: 137728K(137728K)->0K(133120K) From: 320K(512K)->256K(512K)
[14044.088s][info][gc,heap        ] GC(35305) ParOldGen: 386405K(386560K)->386421K(386560K)
[14044.088s][info][gc,metaspace   ] GC(35305) Metaspace: 8795K(9024K)->8795K(9024K) NonClass: 8143K(8320K)->8143K(8320K) Class: 652K(704K)->652K(704K)
[14044.088s][info][gc             ] GC(35305) Pause Young (Allocation Failure) 512M->377M(508M) 1.222ms
[14044.088s][info][gc,cpu         ] GC(35305) User=0.00s Sys=0.00s Real=0.00s
[14044.538s][info][gc,start       ] GC(35306) Pause Young (Allocation Failure)
[14044.539s][info][gc,heap        ] GC(35306) PSYoungGen: 133376K(133632K)->288K(129536K) Eden: 133120K(133120K)->0K(129024K) From: 256K(512K)->288K(512K)
[14044.539s][info][gc,heap        ] GC(35306) ParOldGen: 386421K(386560K)->386437K(386560K)
[14044.539s][info][gc,metaspace   ] GC(35306) Metaspace: 8795K(9024K)->8795K(9024K) NonClass: 8143K(8320K)->8143K(8320K) Class: 652K(704K)->652K(704K)
[14044.539s][info][gc             ] GC(35306) Pause Young (Allocation Failure) 507M->377M(504M) 1.294ms
[14044.539s][info][gc,cpu         ] GC(35306) User=0.00s Sys=0.00s Real=0.00s
[14044.964s][info][gc,start       ] GC(35307) Pause Young (Allocation Failure)
[14044.965s][info][gc,heap        ] GC(35307) PSYoungGen: 129312K(129536K)->256K(125440K) Eden: 129024K(129024K)->0K(124928K) From: 288K(512K)->256K(512K)
[14044.965s][info][gc,heap        ] GC(35307) ParOldGen: 386437K(386560K)->386453K(386560K)
[14044.965s][info][gc,metaspace   ] GC(35307) Metaspace: 8795K(9024K)->8795K(9024K) NonClass: 8143K(8320K)->8143K(8320K) Class: 652K(704K)->652K(704K)
[14044.965s][info][gc             ] GC(35307) Pause Young (Allocation Failure) 503M->377M(500M) 1.276ms
[14044.965s][info][gc,cpu         ] GC(35307) User=0.00s Sys=0.00s Real=0.00s
[14045.383s][info][gc,start       ] GC(35308) Pause Young (Allocation Failure)
[14045.385s][info][gc,heap        ] GC(35308) PSYoungGen: 125184K(125440K)->256K(121344K) Eden: 124928K(124928K)->0K(120832K) From: 256K(512K)->256K(512K)
[14045.385s][info][gc,heap        ] GC(35308) ParOldGen: 386453K(386560K)->386469K(386560K)
[14045.385s][info][gc,metaspace   ] GC(35308) Metaspace: 8795K(9024K)->8795K(9024K) NonClass: 8143K(8320K)->8143K(8320K) Class: 652K(704K)->652K(704K)
[14045.385s][info][gc             ] GC(35308) Pause Young (Allocation Failure) 499M->377M(496M) 1.300ms
[14045.385s][info][gc,cpu         ] GC(35308) User=0.01s Sys=0.00s Real=0.00s
[14045.744s][info][gc,start       ] GC(35309) Pause Young (Allocation Failure)
[14045.745s][info][gc,heap        ] GC(35309) PSYoungGen: 121088K(121344K)->240K(117760K) Eden: 120832K(120832K)->0K(117248K) From: 256K(512K)->240K(512K)
[14045.745s][info][gc,heap        ] GC(35309) ParOldGen: 386469K(386560K)->386485K(386560K)
[14045.745s][info][gc,metaspace   ] GC(35309) Metaspace: 8795K(9024K)->8795K(9024K) NonClass: 8143K(8320K)->8143K(8320K) Class: 652K(704K)->652K(704K)
[14045.745s][info][gc             ] GC(35309) Pause Young (Allocation Failure) 495M->377M(492M) 1.183ms
[14045.745s][info][gc,cpu         ] GC(35309) User=0.00s Sys=0.00s Real=0.00s
[14046.112s][info][gc,start       ] GC(35310) Pause Young (Allocation Failure)
[14046.113s][info][gc,heap        ] GC(35310) PSYoungGen: 117488K(117760K)->256K(114176K) Eden: 117248K(117248K)->0K(113664K) From: 240K(512K)->256K(512K)
[14046.113s][info][gc,heap        ] GC(35310) ParOldGen: 386485K(386560K)->386501K(386560K)
[14046.113s][info][gc,metaspace   ] GC(35310) Metaspace: 8795K(9024K)->8795K(9024K) NonClass: 8143K(8320K)->8143K(8320K) Class: 652K(704K)->652K(704K)
[14046.113s][info][gc             ] GC(35310) Pause Young (Allocation Failure) 492M->377M(489M) 1.295ms
[14046.113s][info][gc,cpu         ] GC(35310) User=0.00s Sys=0.00s Real=0.00s
[14046.479s][info][gc,start       ] GC(35311) Pause Young (Allocation Failure)
[14046.480s][info][gc,heap        ] GC(35311) PSYoungGen: 113920K(114176K)->240K(110592K) Eden: 113664K(113664K)->0K(110080K) From: 256K(512K)->240K(512K)
[14046.481s][info][gc,heap        ] GC(35311) ParOldGen: 386501K(386560K)->386517K(386560K)
[14046.481s][info][gc,metaspace   ] GC(35311) Metaspace: 8795K(9024K)->8795K(9024K) NonClass: 8143K(8320K)->8143K(8320K) Class: 652K(704K)->652K(704K)
[14046.481s][info][gc             ] GC(35311) Pause Young (Allocation Failure) 488M->377M(485M) 1.278ms
[14046.481s][info][gc,cpu         ] GC(35311) User=0.00s Sys=0.00s Real=0.01s
[14046.822s][info][gc,start       ] GC(35312) Pause Young (Allocation Failure)
[14046.823s][info][gc,heap        ] GC(35312) PSYoungGen: 110320K(110592K)->256K(107520K) Eden: 110080K(110080K)->0K(107008K) From: 240K(512K)->256K(512K)
[14046.823s][info][gc,heap        ] GC(35312) ParOldGen: 386517K(386560K)->386533K(386560K)
[14046.823s][info][gc,metaspace   ] GC(35312) Metaspace: 8795K(9024K)->8795K(9024K) NonClass: 8143K(8320K)->8143K(8320K) Class: 652K(704K)->652K(704K)
[14046.823s][info][gc             ] GC(35312) Pause Young (Allocation Failure) 485M->377M(482M) 1.258ms
[14046.823s][info][gc,cpu         ] GC(35312) User=0.01s Sys=0.00s Real=0.00s
[14047.143s][info][gc,start       ] GC(35313) Pause Young (Allocation Failure)
[14047.144s][info][gc,heap        ] GC(35313) PSYoungGen: 107264K(107520K)->240K(104448K) Eden: 107008K(107008K)->0K(103936K) From: 256K(512K)->240K(512K)
[14047.144s][info][gc,heap        ] GC(35313) ParOldGen: 386533K(386560K)->386549K(386560K)
[14047.144s][info][gc,metaspace   ] GC(35313) Metaspace: 8795K(9024K)->8795K(9024K) NonClass: 8143K(8320K)->8143K(8320K) Class: 652K(704K)->652K(704K)
[14047.144s][info][gc             ] GC(35313) Pause Young (Allocation Failure) 482M->377M(479M) 1.279ms
[14047.144s][info][gc,cpu         ] GC(35313) User=0.01s Sys=0.00s Real=0.00s
[14047.483s][info][gc,start       ] GC(35314) Pause Young (Allocation Failure)
[14047.484s][info][gc,heap        ] GC(35314) PSYoungGen: 104176K(104448K)->256K(101376K) Eden: 103936K(103936K)->0K(100864K) From: 240K(512K)->256K(512K)
[14047.484s][info][gc,heap        ] GC(35314) ParOldGen: 386549K(386560K)->386557K(386560K)
[14047.484s][info][gc,metaspace   ] GC(35314) Metaspace: 8795K(9024K)->8795K(9024K) NonClass: 8143K(8320K)->8143K(8320K) Class: 652K(704K)->652K(704K)
[14047.484s][info][gc             ] GC(35314) Pause Young (Allocation Failure) 479M->377M(476M) 1.794ms
[14047.485s][info][gc,cpu         ] GC(35314) User=0.01s Sys=0.00s Real=0.00s
[14047.840s][info][gc,start       ] GC(35315) Pause Young (Allocation Failure)
[14047.841s][info][gc,heap        ] GC(35315) PSYoungGen: 101120K(101376K)->240K(98304K) Eden: 100864K(100864K)->0K(97792K) From: 256K(512K)->240K(512K)
[14047.841s][info][gc,heap        ] GC(35315) ParOldGen: 386557K(386560K)->386573K(387072K)
[14047.841s][info][gc,metaspace   ] GC(35315) Metaspace: 8795K(9024K)->8795K(9024K) NonClass: 8143K(8320K)->8143K(8320K) Class: 652K(704K)->652K(704K)
[14047.841s][info][gc             ] GC(35315) Pause Young (Allocation Failure) 476M->377M(474M) 1.311ms
[14047.841s][info][gc,cpu         ] GC(35315) User=0.00s Sys=0.00s Real=0.01s
[14048.162s][info][gc,start       ] GC(35316) Pause Young (Allocation Failure)
[14048.163s][info][gc,heap        ] GC(35316) PSYoungGen: 98032K(98304K)->256K(95744K) Eden: 97792K(97792K)->0K(95232K) From: 240K(512K)->256K(512K)
[14048.163s][info][gc,heap        ] GC(35316) ParOldGen: 386573K(387072K)->386589K(387072K)
[14048.163s][info][gc,metaspace   ] GC(35316) Metaspace: 8795K(9024K)->8795K(9024K) NonClass: 8143K(8320K)->8143K(8320K) Class: 652K(704K)->652K(704K)
[14048.164s][info][gc             ] GC(35316) Pause Young (Allocation Failure) 473M->377M(471M) 1.307ms
[14048.164s][info][gc,cpu         ] GC(35316) User=0.01s Sys=0.00s Real=0.00s
[14048.461s][info][gc,start       ] GC(35317) Pause Young (Allocation Failure)
[14048.462s][info][gc,heap        ] GC(35317) PSYoungGen: 95488K(95744K)->240K(93184K) Eden: 95232K(95232K)->0K(92672K) From: 256K(512K)->240K(512K)
[14048.462s][info][gc,heap        ] GC(35317) ParOldGen: 386589K(387072K)->386605K(387072K)
[14048.462s][info][gc,metaspace   ] GC(35317) Metaspace: 8795K(9024K)->8795K(9024K) NonClass: 8143K(8320K)->8143K(8320K) Class: 652K(704K)->652K(704K)
[14048.462s][info][gc             ] GC(35317) Pause Young (Allocation Failure) 470M->377M(469M) 1.263ms
[14048.462s][info][gc,cpu         ] GC(35317) User=0.00s Sys=0.00s Real=0.00s
[14048.778s][info][gc,start       ] GC(35318) Pause Young (Allocation Failure)
[14048.780s][info][gc,heap        ] GC(35318) PSYoungGen: 92912K(93184K)->240K(90624K) Eden: 92672K(92672K)->0K(90112K) From: 240K(512K)->240K(512K)
[14048.780s][info][gc,heap        ] GC(35318) ParOldGen: 386605K(387072K)->386621K(387072K)
[14048.780s][info][gc,metaspace   ] GC(35318) Metaspace: 8795K(9024K)->8795K(9024K) NonClass: 8143K(8320K)->8143K(8320K) Class: 652K(704K)->652K(704K)
[14048.780s][info][gc             ] GC(35318) Pause Young (Allocation Failure) 468M->377M(466M) 1.306ms
[14048.780s][info][gc,cpu         ] GC(35318) User=0.00s Sys=0.00s Real=0.00s
[14049.046s][info][gc,start       ] GC(35319) Pause Young (Allocation Failure)
[14049.047s][info][gc,heap        ] GC(35319) PSYoungGen: 90352K(90624K)->256K(88064K) Eden: 90112K(90112K)->0K(87552K) From: 240K(512K)->256K(512K)
[14049.047s][info][gc,heap        ] GC(35319) ParOldGen: 386621K(387072K)->386637K(387072K)
[14049.047s][info][gc,metaspace   ] GC(35319) Metaspace: 8795K(9024K)->8795K(9024K) NonClass: 8143K(8320K)->8143K(8320K) Class: 652K(704K)->652K(704K)
[14049.047s][info][gc             ] GC(35319) Pause Young (Allocation Failure) 465M->377M(464M) 1.258ms
[14049.047s][info][gc,cpu         ] GC(35319) User=0.00s Sys=0.01s Real=0.00s
[14049.344s][info][gc,start       ] GC(35320) Pause Young (Allocation Failure)
[14049.345s][info][gc,heap        ] GC(35320) PSYoungGen: 87808K(88064K)->256K(202752K) Eden: 87552K(87552K)->0K(202240K) From: 256K(512K)->256K(512K)
[14049.345s][info][gc,heap        ] GC(35320) ParOldGen: 386637K(387072K)->386653K(387072K)
[14049.345s][info][gc,metaspace   ] GC(35320) Metaspace: 8795K(9024K)->8795K(9024K) NonClass: 8143K(8320K)->8143K(8320K) Class: 652K(704K)->652K(704K)
[14049.345s][info][gc             ] GC(35320) Pause Young (Allocation Failure) 463M->377M(576M) 1.285ms
[14049.345s][info][gc,cpu         ] GC(35320) User=0.01s Sys=0.00s Real=0.00s
[14050.048s][info][gc,start       ] GC(35321) Pause Young (Allocation Failure)
[14050.049s][info][gc,heap        ] GC(35321) PSYoungGen: 202496K(202752K)->160K(195584K) Eden: 202240K(202240K)->0K(195072K) From: 256K(512K)->160K(512K)
[14050.049s][info][gc,heap        ] GC(35321) ParOldGen: 386653K(387072K)->386661K(387072K)
[14050.049s][info][gc,metaspace   ] GC(35321) Metaspace: 8795K(9024K)->8795K(9024K) NonClass: 8143K(8320K)->8143K(8320K) Class: 652K(704K)->652K(704K)
[14050.049s][info][gc             ] GC(35321) Pause Young (Allocation Failure) 575M->377M(569M) 1.493ms
[14050.049s][info][gc,cpu         ] GC(35321) User=0.00s Sys=0.00s Real=0.00s
[14050.695s][info][gc,start       ] GC(35322) Pause Young (Allocation Failure)
[14050.697s][info][gc,heap        ] GC(35322) PSYoungGen: 195232K(195584K)->256K(188416K) Eden: 195072K(195072K)->0K(187904K) From: 160K(512K)->256K(512K)
[14050.697s][info][gc,heap        ] GC(35322) ParOldGen: 386661K(387072K)->386677K(387072K)
[14050.697s][info][gc,metaspace   ] GC(35322) Metaspace: 8795K(9024K)->8795K(9024K) NonClass: 8143K(8320K)->8143K(8320K) Class: 652K(704K)->652K(704K)
[14050.697s][info][gc             ] GC(35322) Pause Young (Allocation Failure) 568M->377M(562M) 1.287ms
[14050.697s][info][gc,cpu         ] GC(35322) User=0.00s Sys=0.00s Real=0.00s
[14051.389s][info][gc,start       ] GC(35323) Pause Young (Allocation Failure)
[14051.390s][info][gc,heap        ] GC(35323) PSYoungGen: 188160K(188416K)->256K(181760K) Eden: 187904K(187904K)->0K(181248K) From: 256K(512K)->256K(512K)
[14051.390s][info][gc,heap        ] GC(35323) ParOldGen: 386677K(387072K)->386693K(387072K)
[14051.390s][info][gc,metaspace   ] GC(35323) Metaspace: 8795K(9024K)->8795K(9024K) NonClass: 8143K(8320K)->8143K(8320K) Class: 652K(704K)->652K(704K)
[14051.390s][info][gc             ] GC(35323) Pause Young (Allocation Failure) 561M->377M(555M) 1.370ms
[14051.390s][info][gc,cpu         ] GC(35323) User=0.00s Sys=0.00s Real=0.01s
[14051.995s][info][gc,start       ] GC(35324) Pause Young (Allocation Failure)
[14051.996s][info][gc,heap        ] GC(35324) PSYoungGen: 181504K(181760K)->256K(175104K) Eden: 181248K(181248K)->0K(174592K) From: 256K(512K)->256K(512K)
[14051.996s][info][gc,heap        ] GC(35324) ParOldGen: 386693K(387072K)->386709K(387072K)
[14051.996s][info][gc,metaspace   ] GC(35324) Metaspace: 8795K(9024K)->8795K(9024K) NonClass: 8143K(8320K)->8143K(8320K) Class: 652K(704K)->652K(704K)
[14051.996s][info][gc             ] GC(35324) Pause Young (Allocation Failure) 554M->377M(549M) 1.308ms
[14051.997s][info][gc,cpu         ] GC(35324) User=0.00s Sys=0.00s Real=0.00s
[14052.528s][info][gc,start       ] GC(35325) Pause Young (Allocation Failure)
[14052.530s][info][gc,heap        ] GC(35325) PSYoungGen: 174848K(175104K)->240K(168960K) Eden: 174592K(174592K)->0K(168448K) From: 256K(512K)->240K(512K)
[14052.530s][info][gc,heap        ] GC(35325) ParOldGen: 386709K(387072K)->386725K(387072K)
[14052.530s][info][gc,metaspace   ] GC(35325) Metaspace: 8795K(9024K)->8795K(9024K) NonClass: 8143K(8320K)->8143K(8320K) Class: 652K(704K)->652K(704K)
[14052.530s][info][gc             ] GC(35325) Pause Young (Allocation Failure) 548M->377M(543M) 1.245ms
[14052.530s][info][gc,cpu         ] GC(35325) User=0.01s Sys=0.00s Real=0.00s
[14053.037s][info][gc,start       ] GC(35326) Pause Young (Allocation Failure)
[14053.038s][info][gc,heap        ] GC(35326) PSYoungGen: 168688K(168960K)->256K(163328K) Eden: 168448K(168448K)->0K(162816K) From: 240K(512K)->256K(512K)
[14053.038s][info][gc,heap        ] GC(35326) ParOldGen: 386725K(387072K)->386741K(387072K)
[14053.038s][info][gc,metaspace   ] GC(35326) Metaspace: 8795K(9024K)->8795K(9024K) NonClass: 8143K(8320K)->8143K(8320K) Class: 652K(704K)->652K(704K)
[14053.038s][info][gc             ] GC(35326) Pause Young (Allocation Failure) 542M->377M(537M) 1.286ms
[14053.038s][info][gc,cpu         ] GC(35326) User=0.01s Sys=0.00s Real=0.00s
[14053.542s][info][gc,start       ] GC(35327) Pause Young (Allocation Failure)
[14053.543s][info][gc,heap        ] GC(35327) PSYoungGen: 163072K(163328K)->224K(157696K) Eden: 162816K(162816K)->0K(157184K) From: 256K(512K)->224K(512K)
[14053.543s][info][gc,heap        ] GC(35327) ParOldGen: 386741K(387072K)->386757K(387072K)
[14053.543s][info][gc,metaspace   ] GC(35327) Metaspace: 8795K(9024K)->8795K(9024K) NonClass: 8143K(8320K)->8143K(8320K) Class: 652K(704K)->652K(704K)
[14053.543s][info][gc             ] GC(35327) Pause Young (Allocation Failure) 536M->377M(532M) 1.467ms
[14053.544s][info][gc,cpu         ] GC(35327) User=0.00s Sys=0.00s Real=0.00s
[14054.044s][info][gc,start       ] GC(35328) Pause Young (Allocation Failure)
[14054.046s][info][gc,heap        ] GC(35328) PSYoungGen: 157408K(157696K)->224K(152576K) Eden: 157184K(157184K)->0K(152064K) From: 224K(512K)->224K(512K)
[14054.046s][info][gc,heap        ] GC(35328) ParOldGen: 386757K(387072K)->386765K(387072K)
[14054.046s][info][gc,metaspace   ] GC(35328) Metaspace: 8795K(9024K)->8795K(9024K) NonClass: 8143K(8320K)->8143K(8320K) Class: 652K(704K)->652K(704K)
[14054.046s][info][gc             ] GC(35328) Pause Young (Allocation Failure) 531M->377M(527M) 2.274ms
[14054.046s][info][gc,cpu         ] GC(35328) User=0.00s Sys=0.00s Real=0.00s
[14054.512s][info][gc,start       ] GC(35329) Pause Young (Allocation Failure)
[14054.513s][info][gc,heap        ] GC(35329) PSYoungGen: 152288K(152576K)->240K(147456K) Eden: 152064K(152064K)->0K(146944K) From: 224K(512K)->240K(512K)
[14054.513s][info][gc,heap        ] GC(35329) ParOldGen: 386765K(387072K)->386781K(387072K)
[14054.513s][info][gc,metaspace   ] GC(35329) Metaspace: 8795K(9024K)->8795K(9024K) NonClass: 8143K(8320K)->8143K(8320K) Class: 652K(704K)->652K(704K)
[14054.513s][info][gc             ] GC(35329) Pause Young (Allocation Failure) 526M->377M(522M) 1.301ms
[14054.513s][info][gc,cpu         ] GC(35329) User=0.00s Sys=0.00s Real=0.00s
[14055.005s][info][gc,start       ] GC(35330) Pause Young (Allocation Failure)
[14055.006s][info][gc,heap        ] GC(35330) PSYoungGen: 147184K(147456K)->240K(142848K) Eden: 146944K(146944K)->0K(142336K) From: 240K(512K)->240K(512K)
[14055.006s][info][gc,heap        ] GC(35330) ParOldGen: 386781K(387072K)->386797K(387072K)
[14055.006s][info][gc,metaspace   ] GC(35330) Metaspace: 8795K(9024K)->8795K(9024K) NonClass: 8143K(8320K)->8143K(8320K) Class: 652K(704K)->652K(704K)
[14055.006s][info][gc             ] GC(35330) Pause Young (Allocation Failure) 521M->377M(517M) 1.265ms
[14055.006s][info][gc,cpu         ] GC(35330) User=0.00s Sys=0.00s Real=0.00s
[14055.485s][info][gc,start       ] GC(35331) Pause Young (Allocation Failure)
[14055.487s][info][gc,heap        ] GC(35331) PSYoungGen: 142576K(142848K)->256K(138240K) Eden: 142336K(142336K)->0K(137728K) From: 240K(512K)->256K(512K)
[14055.487s][info][gc,heap        ] GC(35331) ParOldGen: 386797K(387072K)->386813K(387072K)
[14055.487s][info][gc,metaspace   ] GC(35331) Metaspace: 8795K(9024K)->8795K(9024K) NonClass: 8143K(8320K)->8143K(8320K) Class: 652K(704K)->652K(704K)
[14055.487s][info][gc             ] GC(35331) Pause Young (Allocation Failure) 516M->377M(513M) 1.278ms
[14055.487s][info][gc,cpu         ] GC(35331) User=0.00s Sys=0.00s Real=0.00s
[14055.938s][info][gc,start       ] GC(35332) Pause Young (Allocation Failure)
[14055.939s][info][gc,heap        ] GC(35332) PSYoungGen: 137984K(138240K)->256K(133632K) Eden: 137728K(137728K)->0K(133120K) From: 256K(512K)->256K(512K)
[14055.939s][info][gc,heap        ] GC(35332) ParOldGen: 386813K(387072K)->386829K(387072K)
[14055.939s][info][gc,metaspace   ] GC(35332) Metaspace: 8795K(9024K)->8795K(9024K) NonClass: 8143K(8320K)->8143K(8320K) Class: 652K(704K)->652K(704K)
[14055.939s][info][gc             ] GC(35332) Pause Young (Allocation Failure) 512M->378M(508M) 1.285ms
[14055.939s][info][gc,cpu         ] GC(35332) User=0.00s Sys=0.00s Real=0.00s
[14056.342s][info][gc,start       ] GC(35333) Pause Young (Allocation Failure)
[14056.344s][info][gc,heap        ] GC(35333) PSYoungGen: 133376K(133632K)->256K(129536K) Eden: 133120K(133120K)->0K(129024K) From: 256K(512K)->256K(512K)
[14056.344s][info][gc,heap        ] GC(35333) ParOldGen: 386829K(387072K)->386845K(387072K)
[14056.344s][info][gc,metaspace   ] GC(35333) Metaspace: 8795K(9024K)->8795K(9024K) NonClass: 8143K(8320K)->8143K(8320K) Class: 652K(704K)->652K(704K)
[14056.344s][info][gc             ] GC(35333) Pause Young (Allocation Failure) 508M->378M(504M) 1.288ms
[14056.344s][info][gc,cpu         ] GC(35333) User=0.01s Sys=0.00s Real=0.00s
[14056.748s][info][gc,start       ] GC(35334) Pause Young (Allocation Failure)
[14056.750s][info][gc,heap        ] GC(35334) PSYoungGen: 129280K(129536K)->240K(125440K) Eden: 129024K(129024K)->0K(124928K) From: 256K(512K)->240K(512K)
[14056.750s][info][gc,heap        ] GC(35334) ParOldGen: 386845K(387072K)->386861K(387072K)
[14056.750s][info][gc,metaspace   ] GC(35334) Metaspace: 8795K(9024K)->8795K(9024K) NonClass: 8143K(8320K)->8143K(8320K) Class: 652K(704K)->652K(704K)
[14056.750s][info][gc             ] GC(35334) Pause Young (Allocation Failure) 504M->378M(500M) 1.249ms
[14056.750s][info][gc,cpu         ] GC(35334) User=0.00s Sys=0.00s Real=0.00s
[14057.149s][info][gc,start       ] GC(35335) Pause Young (Allocation Failure)
[14057.150s][info][gc,heap        ] GC(35335) PSYoungGen: 125168K(125440K)->288K(121344K) Eden: 124928K(124928K)->0K(120832K) From: 240K(512K)->288K(512K)
[14057.150s][info][gc,heap        ] GC(35335) ParOldGen: 386861K(387072K)->386877K(387072K)
[14057.150s][info][gc,metaspace   ] GC(35335) Metaspace: 8795K(9024K)->8795K(9024K) NonClass: 8143K(8320K)->8143K(8320K) Class: 652K(704K)->652K(704K)
[14057.150s][info][gc             ] GC(35335) Pause Young (Allocation Failure) 500M->378M(496M) 1.254ms
[14057.150s][info][gc,cpu         ] GC(35335) User=0.00s Sys=0.00s Real=0.00s
[14057.527s][info][gc,start       ] GC(35336) Pause Young (Allocation Failure)
[14057.528s][info][gc,heap        ] GC(35336) PSYoungGen: 121120K(121344K)->256K(117760K) Eden: 120832K(120832K)->0K(117248K) From: 288K(512K)->256K(512K)
[14057.528s][info][gc,heap        ] GC(35336) ParOldGen: 386877K(387072K)->386893K(387072K)
[14057.528s][info][gc,metaspace   ] GC(35336) Metaspace: 8795K(9024K)->8795K(9024K) NonClass: 8143K(8320K)->8143K(8320K) Class: 652K(704K)->652K(704K)
[14057.528s][info][gc             ] GC(35336) Pause Young (Allocation Failure) 496M->378M(493M) 1.278ms
[14057.528s][info][gc,cpu         ] GC(35336) User=0.00s Sys=0.00s Real=0.00s
[14057.876s][info][gc,start       ] GC(35337) Pause Young (Allocation Failure)
[14057.878s][info][gc,heap        ] GC(35337) PSYoungGen: 117504K(117760K)->272K(114176K) Eden: 117248K(117248K)->0K(113664K) From: 256K(512K)->272K(512K)
[14057.878s][info][gc,heap        ] GC(35337) ParOldGen: 386893K(387072K)->386909K(387072K)
[14057.878s][info][gc,metaspace   ] GC(35337) Metaspace: 8795K(9024K)->8795K(9024K) NonClass: 8143K(8320K)->8143K(8320K) Class: 652K(704K)->652K(704K)
[14057.878s][info][gc             ] GC(35337) Pause Young (Allocation Failure) 492M->378M(489M) 1.256ms
[14057.878s][info][gc,cpu         ] GC(35337) User=0.00s Sys=0.00s Real=0.00s
[14058.241s][info][gc,start       ] GC(35338) Pause Young (Allocation Failure)
[14058.242s][info][gc,heap        ] GC(35338) PSYoungGen: 113936K(114176K)->240K(110592K) Eden: 113664K(113664K)->0K(110080K) From: 272K(512K)->240K(512K)
[14058.242s][info][gc,heap        ] GC(35338) ParOldGen: 386909K(387072K)->386925K(387072K)
[14058.242s][info][gc,metaspace   ] GC(35338) Metaspace: 8795K(9024K)->8795K(9024K) NonClass: 8143K(8320K)->8143K(8320K) Class: 652K(704K)->652K(704K)
[14058.242s][info][gc             ] GC(35338) Pause Young (Allocation Failure) 489M->378M(486M) 1.249ms
[14058.242s][info][gc,cpu         ] GC(35338) User=0.00s Sys=0.00s Real=0.00s
[14058.612s][info][gc,start       ] GC(35339) Pause Young (Allocation Failure)
[14058.614s][info][gc,heap        ] GC(35339) PSYoungGen: 110320K(110592K)->256K(107520K) Eden: 110080K(110080K)->0K(107008K) From: 240K(512K)->256K(512K)
[14058.614s][info][gc,heap        ] GC(35339) ParOldGen: 386925K(387072K)->386941K(387072K)
[14058.614s][info][gc,metaspace   ] GC(35339) Metaspace: 8795K(9024K)->8795K(9024K) NonClass: 8143K(8320K)->8143K(8320K) Class: 652K(704K)->652K(704K)
[14058.614s][info][gc             ] GC(35339) Pause Young (Allocation Failure) 485M->378M(483M) 1.262ms
[14058.614s][info][gc,cpu         ] GC(35339) User=0.00s Sys=0.00s Real=0.00s
[14058.957s][info][gc,start       ] GC(35340) Pause Young (Allocation Failure)
[14058.959s][info][gc,heap        ] GC(35340) PSYoungGen: 107264K(107520K)->240K(104448K) Eden: 107008K(107008K)->0K(103936K) From: 256K(512K)->240K(512K)
[14058.959s][info][gc,heap        ] GC(35340) ParOldGen: 386941K(387072K)->386957K(387072K)
[14058.959s][info][gc,metaspace   ] GC(35340) Metaspace: 8795K(9024K)->8795K(9024K) NonClass: 8143K(8320K)->8143K(8320K) Class: 652K(704K)->652K(704K)
[14058.959s][info][gc             ] GC(35340) Pause Young (Allocation Failure) 482M->378M(480M) 1.687ms
[14058.959s][info][gc,cpu         ] GC(35340) User=0.00s Sys=0.00s Real=0.00s
[14059.290s][info][gc,start       ] GC(35341) Pause Young (Allocation Failure)
[14059.292s][info][gc,heap        ] GC(35341) PSYoungGen: 104176K(104448K)->256K(101376K) Eden: 103936K(103936K)->0K(100864K) From: 240K(512K)->256K(512K)
[14059.292s][info][gc,heap        ] GC(35341) ParOldGen: 386957K(387072K)->386973K(387072K)
[14059.292s][info][gc,metaspace   ] GC(35341) Metaspace: 8795K(9024K)->8795K(9024K) NonClass: 8143K(8320K)->8143K(8320K) Class: 652K(704K)->652K(704K)
[14059.292s][info][gc             ] GC(35341) Pause Young (Allocation Failure) 479M->378M(477M) 1.340ms
[14059.292s][info][gc,cpu         ] GC(35341) User=0.00s Sys=0.00s Real=0.00s
[14059.605s][info][gc,start       ] GC(35342) Pause Young (Allocation Failure)
[14059.607s][info][gc,heap        ] GC(35342) PSYoungGen: 101120K(101376K)->272K(98304K) Eden: 100864K(100864K)->0K(97792K) From: 256K(512K)->272K(512K)
[14059.607s][info][gc,heap        ] GC(35342) ParOldGen: 386973K(387072K)->386981K(387072K)
[14059.607s][info][gc,metaspace   ] GC(35342) Metaspace: 8795K(9024K)->8795K(9024K) NonClass: 8143K(8320K)->8143K(8320K) Class: 652K(704K)->652K(704K)
[14059.607s][info][gc             ] GC(35342) Pause Young (Allocation Failure) 476M->378M(474M) 2.297ms
[14059.607s][info][gc,cpu         ] GC(35342) User=0.00s Sys=0.00s Real=0.00s
[14059.901s][info][gc,start       ] GC(35343) Pause Young (Allocation Failure)
[14059.903s][info][gc,heap        ] GC(35343) PSYoungGen: 98064K(98304K)->256K(95744K) Eden: 97792K(97792K)->0K(95232K) From: 272K(512K)->256K(512K)
[14059.903s][info][gc,heap        ] GC(35343) ParOldGen: 386981K(387072K)->386989K(387072K)
[14059.903s][info][gc,metaspace   ] GC(35343) Metaspace: 8795K(9024K)->8795K(9024K) NonClass: 8143K(8320K)->8143K(8320K) Class: 652K(704K)->652K(704K)
[14059.903s][info][gc             ] GC(35343) Pause Young (Allocation Failure) 473M->378M(471M) 2.257ms
[14059.903s][info][gc,cpu         ] GC(35343) User=0.00s Sys=0.00s Real=0.00s
[14060.216s][info][gc,start       ] GC(35344) Pause Young (Allocation Failure)
[14060.218s][info][gc,heap        ] GC(35344) PSYoungGen: 95488K(95744K)->240K(93184K) Eden: 95232K(95232K)->0K(92672K) From: 256K(512K)->240K(512K)
[14060.218s][info][gc,heap        ] GC(35344) ParOldGen: 386989K(387072K)->386997K(387072K)
[14060.218s][info][gc,metaspace   ] GC(35344) Metaspace: 8795K(9024K)->8795K(9024K) NonClass: 8143K(8320K)->8143K(8320K) Class: 652K(704K)->652K(704K)
[14060.218s][info][gc             ] GC(35344) Pause Young (Allocation Failure) 471M->378M(469M) 1.723ms
[14060.218s][info][gc,cpu         ] GC(35344) User=0.00s Sys=0.01s Real=0.00s
[14060.529s][info][gc,start       ] GC(35345) Pause Young (Allocation Failure)
[14060.531s][info][gc,heap        ] GC(35345) PSYoungGen: 92912K(93184K)->208K(90624K) Eden: 92672K(92672K)->0K(90112K) From: 240K(512K)->208K(512K)
[14060.531s][info][gc,heap        ] GC(35345) ParOldGen: 386997K(387072K)->387005K(387072K)
[14060.531s][info][gc,metaspace   ] GC(35345) Metaspace: 8795K(9024K)->8795K(9024K) NonClass: 8143K(8320K)->8143K(8320K) Class: 652K(704K)->652K(704K)
[14060.531s][info][gc             ] GC(35345) Pause Young (Allocation Failure) 468M->378M(466M) 1.700ms
[14060.531s][info][gc,cpu         ] GC(35345) User=0.00s Sys=0.00s Real=0.01s
[14060.804s][info][gc,start       ] GC(35346) Pause Young (Allocation Failure)
[14060.806s][info][gc,heap        ] GC(35346) PSYoungGen: 90320K(90624K)->240K(88064K) Eden: 90112K(90112K)->0K(87552K) From: 208K(512K)->240K(512K)
[14060.806s][info][gc,heap        ] GC(35346) ParOldGen: 387005K(387072K)->387021K(387072K)
[14060.806s][info][gc,metaspace   ] GC(35346) Metaspace: 8795K(9024K)->8795K(9024K) NonClass: 8143K(8320K)->8143K(8320K) Class: 652K(704K)->652K(704K)
[14060.806s][info][gc             ] GC(35346) Pause Young (Allocation Failure) 466M->378M(464M) 1.306ms
[14060.806s][info][gc,cpu         ] GC(35346) User=0.01s Sys=0.00s Real=0.00s
[14061.085s][info][gc,start       ] GC(35347) Pause Young (Allocation Failure)
[14061.086s][info][gc,heap        ] GC(35347) PSYoungGen: 87792K(88064K)->256K(202752K) Eden: 87552K(87552K)->0K(202240K) From: 240K(512K)->256K(512K)
[14061.086s][info][gc,heap        ] GC(35347) ParOldGen: 387021K(387072K)->387037K(387072K)
[14061.086s][info][gc,metaspace   ] GC(35347) Metaspace: 8795K(9024K)->8795K(9024K) NonClass: 8143K(8320K)->8143K(8320K) Class: 652K(704K)->652K(704K)
[14061.086s][info][gc             ] GC(35347) Pause Young (Allocation Failure) 463M->378M(576M) 1.328ms
[14061.086s][info][gc,cpu         ] GC(35347) User=0.01s Sys=0.00s Real=0.00s
[14061.716s][info][gc,start       ] GC(35348) Pause Young (Allocation Failure)
[14061.719s][info][gc,heap        ] GC(35348) PSYoungGen: 202496K(202752K)->256K(195584K) Eden: 202240K(202240K)->0K(195072K) From: 256K(512K)->256K(512K)
[14061.719s][info][gc,heap        ] GC(35348) ParOldGen: 387037K(387072K)->387053K(387072K)
[14061.719s][info][gc,metaspace   ] GC(35348) Metaspace: 8795K(9024K)->8795K(9024K) NonClass: 8143K(8320K)->8143K(8320K) Class: 652K(704K)->652K(704K)
[14061.719s][info][gc             ] GC(35348) Pause Young (Allocation Failure) 575M->378M(569M) 2.330ms
[14061.719s][info][gc,cpu         ] GC(35348) User=0.01s Sys=0.00s Real=0.00s
[14062.350s][info][gc,start       ] GC(35349) Pause Young (Allocation Failure)
[14062.352s][info][gc,heap        ] GC(35349) PSYoungGen: 195328K(195584K)->272K(188416K) Eden: 195072K(195072K)->0K(187904K) From: 256K(512K)->272K(512K)
[14062.353s][info][gc,heap        ] GC(35349) ParOldGen: 387053K(387072K)->387069K(387072K)
[14062.353s][info][gc,metaspace   ] GC(35349) Metaspace: 8795K(9024K)->8795K(9024K) NonClass: 8143K(8320K)->8143K(8320K) Class: 652K(704K)->652K(704K)
[14062.353s][info][gc             ] GC(35349) Pause Young (Allocation Failure) 568M->378M(562M) 2.443ms
[14062.353s][info][gc,cpu         ] GC(35349) User=0.00s Sys=0.00s Real=0.01s
[14062.930s][info][gc,start       ] GC(35350) Pause Young (Allocation Failure)
[14062.932s][info][gc,heap        ] GC(35350) PSYoungGen: 188176K(188416K)->256K(181760K) Eden: 187904K(187904K)->0K(181248K) From: 272K(512K)->256K(512K)
[14062.933s][info][gc,heap        ] GC(35350) ParOldGen: 387069K(387072K)->387085K(387584K)
[14062.933s][info][gc,metaspace   ] GC(35350) Metaspace: 8795K(9024K)->8795K(9024K) NonClass: 8143K(8320K)->8143K(8320K) Class: 652K(704K)->652K(704K)
[14062.933s][info][gc             ] GC(35350) Pause Young (Allocation Failure) 561M->378M(556M) 2.536ms
[14062.933s][info][gc,cpu         ] GC(35350) User=0.00s Sys=0.00s Real=0.01s
[14063.502s][info][gc,start       ] GC(35351) Pause Young (Allocation Failure)
[14063.503s][info][gc,heap        ] GC(35351) PSYoungGen: 181504K(181760K)->240K(175104K) Eden: 181248K(181248K)->0K(174592K) From: 256K(512K)->240K(512K)
[14063.503s][info][gc,heap        ] GC(35351) ParOldGen: 387085K(387584K)->387101K(387584K)
[14063.503s][info][gc,metaspace   ] GC(35351) Metaspace: 8795K(9024K)->8795K(9024K) NonClass: 8143K(8320K)->8143K(8320K) Class: 652K(704K)->652K(704K)
[14063.503s][info][gc             ] GC(35351) Pause Young (Allocation Failure) 555M->378M(549M) 1.273ms
[14063.503s][info][gc,cpu         ] GC(35351) User=0.00s Sys=0.00s Real=0.00s
[14064.102s][info][gc,start       ] GC(35352) Pause Young (Allocation Failure)
[14064.103s][info][gc,heap        ] GC(35352) PSYoungGen: 174832K(175104K)->240K(168960K) Eden: 174592K(174592K)->0K(168448K) From: 240K(512K)->240K(512K)
[14064.103s][info][gc,heap        ] GC(35352) ParOldGen: 387101K(387584K)->387117K(387584K)
[14064.103s][info][gc,metaspace   ] GC(35352) Metaspace: 8795K(9024K)->8795K(9024K) NonClass: 8143K(8320K)->8143K(8320K) Class: 652K(704K)->652K(704K)
[14064.103s][info][gc             ] GC(35352) Pause Young (Allocation Failure) 548M->378M(543M) 1.325ms
[14064.103s][info][gc,cpu         ] GC(35352) User=0.00s Sys=0.00s Real=0.00s
[14064.647s][info][gc,start       ] GC(35353) Pause Young (Allocation Failure)
[14064.650s][info][gc,heap        ] GC(35353) PSYoungGen: 168688K(168960K)->240K(163328K) Eden: 168448K(168448K)->0K(162816K) From: 240K(512K)->240K(512K)
[14064.650s][info][gc,heap        ] GC(35353) ParOldGen: 387117K(387584K)->387125K(387584K)
[14064.650s][info][gc,metaspace   ] GC(35353) Metaspace: 8795K(9024K)->8795K(9024K) NonClass: 8143K(8320K)->8143K(8320K) Class: 652K(704K)->652K(704K)
[14064.650s][info][gc             ] GC(35353) Pause Young (Allocation Failure) 542M->378M(538M) 2.711ms
[14064.650s][info][gc,cpu         ] GC(35353) User=0.00s Sys=0.00s Real=0.00s
[14065.254s][info][gc,start       ] GC(35354) Pause Young (Allocation Failure)
[14065.256s][info][gc,heap        ] GC(35354) PSYoungGen: 163056K(163328K)->272K(157696K) Eden: 162816K(162816K)->0K(157184K) From: 240K(512K)->272K(512K)
[14065.256s][info][gc,heap        ] GC(35354) ParOldGen: 387125K(387584K)->387133K(387584K)
[14065.256s][info][gc,metaspace   ] GC(35354) Metaspace: 8795K(9024K)->8795K(9024K) NonClass: 8143K(8320K)->8143K(8320K) Class: 652K(704K)->652K(704K)
[14065.256s][info][gc             ] GC(35354) Pause Young (Allocation Failure) 537M->378M(532M) 2.373ms
[14065.256s][info][gc,cpu         ] GC(35354) User=0.00s Sys=0.00s Real=0.00s
[14065.749s][info][gc,start       ] GC(35355) Pause Young (Allocation Failure)
[14065.751s][info][gc,heap        ] GC(35355) PSYoungGen: 157456K(157696K)->256K(152576K) Eden: 157184K(157184K)->0K(152064K) From: 272K(512K)->256K(512K)
[14065.751s][info][gc,heap        ] GC(35355) ParOldGen: 387133K(387584K)->387141K(387584K)
[14065.751s][info][gc,metaspace   ] GC(35355) Metaspace: 8795K(9024K)->8795K(9024K) NonClass: 8143K(8320K)->8143K(8320K) Class: 652K(704K)->652K(704K)
[14065.751s][info][gc             ] GC(35355) Pause Young (Allocation Failure) 531M->378M(527M) 2.464ms
[14065.751s][info][gc,cpu         ] GC(35355) User=0.01s Sys=0.00s Real=0.01s
[14066.221s][info][gc,start       ] GC(35356) Pause Young (Allocation Failure)
[14066.224s][info][gc,heap        ] GC(35356) PSYoungGen: 152320K(152576K)->256K(147456K) Eden: 152064K(152064K)->0K(146944K) From: 256K(512K)->256K(512K)
[14066.224s][info][gc,heap        ] GC(35356) ParOldGen: 387141K(387584K)->387149K(387584K)
[14066.224s][info][gc,metaspace   ] GC(35356) Metaspace: 8795K(9024K)->8795K(9024K) NonClass: 8143K(8320K)->8143K(8320K) Class: 652K(704K)->652K(704K)
[14066.224s][info][gc             ] GC(35356) Pause Young (Allocation Failure) 526M->378M(522M) 2.780ms
[14066.224s][info][gc,cpu         ] GC(35356) User=0.00s Sys=0.00s Real=0.00s
[14066.674s][info][gc,start       ] GC(35357) Pause Young (Allocation Failure)
[14066.677s][info][gc,heap        ] GC(35357) PSYoungGen: 147200K(147456K)->304K(142848K) Eden: 146944K(146944K)->0K(142336K) From: 256K(512K)->304K(512K)
[14066.677s][info][gc,heap        ] GC(35357) ParOldGen: 387149K(387584K)->387165K(387584K)
[14066.677s][info][gc,metaspace   ] GC(35357) Metaspace: 8795K(9024K)->8795K(9024K) NonClass: 8143K(8320K)->8143K(8320K) Class: 652K(704K)->652K(704K)
[14066.677s][info][gc             ] GC(35357) Pause Young (Allocation Failure) 521M->378M(518M) 2.510ms
[14066.677s][info][gc,cpu         ] GC(35357) User=0.00s Sys=0.00s Real=0.00s
[14067.130s][info][gc,start       ] GC(35358) Pause Young (Allocation Failure)
[14067.131s][info][gc,heap        ] GC(35358) PSYoungGen: 142640K(142848K)->256K(138240K) Eden: 142336K(142336K)->0K(137728K) From: 304K(512K)->256K(512K)
[14067.131s][info][gc,heap        ] GC(35358) ParOldGen: 387165K(387584K)->387181K(387584K)
[14067.131s][info][gc,metaspace   ] GC(35358) Metaspace: 8795K(9024K)->8795K(9024K) NonClass: 8143K(8320K)->8143K(8320K) Class: 652K(704K)->652K(704K)
[14067.131s][info][gc             ] GC(35358) Pause Young (Allocation Failure) 517M->378M(513M) 1.276ms
[14067.132s][info][gc,cpu         ] GC(35358) User=0.01s Sys=0.00s Real=0.01s
[14067.529s][info][gc,start       ] GC(35359) Pause Young (Allocation Failure)
[14067.530s][info][gc,heap        ] GC(35359) PSYoungGen: 137984K(138240K)->224K(133632K) Eden: 137728K(137728K)->0K(133120K) From: 256K(512K)->224K(512K)
[14067.530s][info][gc,heap        ] GC(35359) ParOldGen: 387181K(387584K)->387197K(387584K)
[14067.530s][info][gc,metaspace   ] GC(35359) Metaspace: 8795K(9024K)->8795K(9024K) NonClass: 8143K(8320K)->8143K(8320K) Class: 652K(704K)->652K(704K)
[14067.530s][info][gc             ] GC(35359) Pause Young (Allocation Failure) 512M->378M(509M) 1.205ms
[14067.530s][info][gc,cpu         ] GC(35359) User=0.00s Sys=0.00s Real=0.01s
[14067.936s][info][gc,start       ] GC(35360) Pause Young (Allocation Failure)
[14067.937s][info][gc,heap        ] GC(35360) PSYoungGen: 133344K(133632K)->288K(129536K) Eden: 133120K(133120K)->0K(129024K) From: 224K(512K)->288K(512K)
[14067.937s][info][gc,heap        ] GC(35360) ParOldGen: 387197K(387584K)->387213K(387584K)
[14067.937s][info][gc,metaspace   ] GC(35360) Metaspace: 8795K(9024K)->8795K(9024K) NonClass: 8143K(8320K)->8143K(8320K) Class: 652K(704K)->652K(704K)
[14067.937s][info][gc             ] GC(35360) Pause Young (Allocation Failure) 508M->378M(505M) 1.280ms
[14067.937s][info][gc,cpu         ] GC(35360) User=0.01s Sys=0.00s Real=0.00s
[14068.315s][info][gc,start       ] GC(35361) Pause Young (Allocation Failure)
[14068.316s][info][gc,heap        ] GC(35361) PSYoungGen: 129312K(129536K)->256K(125440K) Eden: 129024K(129024K)->0K(124928K) From: 288K(512K)->256K(512K)
[14068.316s][info][gc,heap        ] GC(35361) ParOldGen: 387213K(387584K)->387229K(387584K)
[14068.316s][info][gc,metaspace   ] GC(35361) Metaspace: 8795K(9024K)->8795K(9024K) NonClass: 8143K(8320K)->8143K(8320K) Class: 652K(704K)->652K(704K)
[14068.316s][info][gc             ] GC(35361) Pause Young (Allocation Failure) 504M->378M(501M) 1.268ms
[14068.316s][info][gc,cpu         ] GC(35361) User=0.00s Sys=0.00s Real=0.00s
[14068.687s][info][gc,start       ] GC(35362) Pause Young (Allocation Failure)
[14068.688s][info][gc,heap        ] GC(35362) PSYoungGen: 125184K(125440K)->288K(121344K) Eden: 124928K(124928K)->0K(120832K) From: 256K(512K)->288K(512K)
[14068.688s][info][gc,heap        ] GC(35362) ParOldGen: 387229K(387584K)->387245K(387584K)
[14068.688s][info][gc,metaspace   ] GC(35362) Metaspace: 8795K(9024K)->8795K(9024K) NonClass: 8143K(8320K)->8143K(8320K) Class: 652K(704K)->652K(704K)
[14068.688s][info][gc             ] GC(35362) Pause Young (Allocation Failure) 500M->378M(497M) 1.300ms
[14068.688s][info][gc,cpu         ] GC(35362) User=0.00s Sys=0.01s Real=0.00s
[14069.067s][info][gc,start       ] GC(35363) Pause Young (Allocation Failure)
[14069.069s][info][gc,heap        ] GC(35363) PSYoungGen: 121120K(121344K)->256K(117760K) Eden: 120832K(120832K)->0K(117248K) From: 288K(512K)->256K(512K)
[14069.069s][info][gc,heap        ] GC(35363) ParOldGen: 387245K(387584K)->387253K(387584K)
[14069.069s][info][gc,metaspace   ] GC(35363) Metaspace: 8795K(9024K)->8795K(9024K) NonClass: 8143K(8320K)->8143K(8320K) Class: 652K(704K)->652K(704K)
[14069.069s][info][gc             ] GC(35363) Pause Young (Allocation Failure) 496M->378M(493M) 2.366ms
[14069.069s][info][gc,cpu         ] GC(35363) User=0.00s Sys=0.00s Real=0.00s
[14069.435s][info][gc,start       ] GC(35364) Pause Young (Allocation Failure)
[14069.436s][info][gc,heap        ] GC(35364) PSYoungGen: 117504K(117760K)->240K(114176K) Eden: 117248K(117248K)->0K(113664K) From: 256K(512K)->240K(512K)
[14069.436s][info][gc,heap        ] GC(35364) ParOldGen: 387253K(387584K)->387269K(387584K)
[14069.436s][info][gc,metaspace   ] GC(35364) Metaspace: 8795K(9024K)->8795K(9024K) NonClass: 8143K(8320K)->8143K(8320K) Class: 652K(704K)->652K(704K)
[14069.436s][info][gc             ] GC(35364) Pause Young (Allocation Failure) 492M->378M(490M) 1.277ms
[14069.436s][info][gc,cpu         ] GC(35364) User=0.00s Sys=0.00s Real=0.00s
[14069.793s][info][gc,start       ] GC(35365) Pause Young (Allocation Failure)
[14069.795s][info][gc,heap        ] GC(35365) PSYoungGen: 113904K(114176K)->256K(110592K) Eden: 113664K(113664K)->0K(110080K) From: 240K(512K)->256K(512K)
[14069.795s][info][gc,heap        ] GC(35365) ParOldGen: 387269K(387584K)->387277K(387584K)
[14069.795s][info][gc,metaspace   ] GC(35365) Metaspace: 8795K(9024K)->8795K(9024K) NonClass: 8143K(8320K)->8143K(8320K) Class: 652K(704K)->652K(704K)
[14069.795s][info][gc             ] GC(35365) Pause Young (Allocation Failure) 489M->378M(486M) 2.224ms
[14069.795s][info][gc,cpu         ] GC(35365) User=0.00s Sys=0.00s Real=0.00s
[14070.141s][info][gc,start       ] GC(35366) Pause Young (Allocation Failure)
[14070.142s][info][gc,heap        ] GC(35366) PSYoungGen: 110336K(110592K)->256K(107520K) Eden: 110080K(110080K)->0K(107008K) From: 256K(512K)->256K(512K)
[14070.142s][info][gc,heap        ] GC(35366) ParOldGen: 387277K(387584K)->387293K(387584K)
[14070.142s][info][gc,metaspace   ] GC(35366) Metaspace: 8795K(9024K)->8795K(9024K) NonClass: 8143K(8320K)->8143K(8320K) Class: 652K(704K)->652K(704K)
[14070.142s][info][gc             ] GC(35366) Pause Young (Allocation Failure) 485M->378M(483M) 1.681ms
[14070.142s][info][gc,cpu         ] GC(35366) User=0.00s Sys=0.00s Real=0.00s
[14070.506s][info][gc,start       ] GC(35367) Pause Young (Allocation Failure)
[14070.509s][info][gc,heap        ] GC(35367) PSYoungGen: 107264K(107520K)->256K(104448K) Eden: 107008K(107008K)->0K(103936K) From: 256K(512K)->256K(512K)
[14070.509s][info][gc,heap        ] GC(35367) ParOldGen: 387293K(387584K)->387309K(387584K)
[14070.509s][info][gc,metaspace   ] GC(35367) Metaspace: 8795K(9024K)->8795K(9024K) NonClass: 8143K(8320K)->8143K(8320K) Class: 652K(704K)->652K(704K)
[14070.509s][info][gc             ] GC(35367) Pause Young (Allocation Failure) 482M->378M(480M) 2.163ms
[14070.509s][info][gc,cpu         ] GC(35367) User=0.00s Sys=0.00s Real=0.00s
[14070.845s][info][gc,start       ] GC(35368) Pause Young (Allocation Failure)
[14070.847s][info][gc,heap        ] GC(35368) PSYoungGen: 104192K(104448K)->256K(101376K) Eden: 103936K(103936K)->0K(100864K) From: 256K(512K)->256K(512K)
[14070.847s][info][gc,heap        ] GC(35368) ParOldGen: 387309K(387584K)->387325K(387584K)
[14070.847s][info][gc,metaspace   ] GC(35368) Metaspace: 8795K(9024K)->8795K(9024K) NonClass: 8143K(8320K)->8143K(8320K) Class: 652K(704K)->652K(704K)
[14070.847s][info][gc             ] GC(35368) Pause Young (Allocation Failure) 479M->378M(477M) 1.722ms
[14070.847s][info][gc,cpu         ] GC(35368) User=0.00s Sys=0.00s Real=0.00s
[14071.172s][info][gc,start       ] GC(35369) Pause Young (Allocation Failure)
[14071.173s][info][gc,heap        ] GC(35369) PSYoungGen: 101120K(101376K)->240K(98304K) Eden: 100864K(100864K)->0K(97792K) From: 256K(512K)->240K(512K)
[14071.173s][info][gc,heap        ] GC(35369) ParOldGen: 387325K(387584K)->387341K(387584K)
[14071.173s][info][gc,metaspace   ] GC(35369) Metaspace: 8795K(9024K)->8795K(9024K) NonClass: 8143K(8320K)->8143K(8320K) Class: 652K(704K)->652K(704K)
[14071.174s][info][gc             ] GC(35369) Pause Young (Allocation Failure) 476M->378M(474M) 1.485ms
[14071.174s][info][gc,cpu         ] GC(35369) User=0.00s Sys=0.00s Real=0.00s
[14071.482s][info][gc,start       ] GC(35370) Pause Young (Allocation Failure)
[14071.485s][info][gc,heap        ] GC(35370) PSYoungGen: 98032K(98304K)->224K(95744K) Eden: 97792K(97792K)->0K(95232K) From: 240K(512K)->224K(512K)
[14071.485s][info][gc,heap        ] GC(35370) ParOldGen: 387341K(387584K)->387357K(387584K)
[14071.485s][info][gc,metaspace   ] GC(35370) Metaspace: 8795K(9024K)->8795K(9024K) NonClass: 8143K(8320K)->8143K(8320K) Class: 652K(704K)->652K(704K)
[14071.485s][info][gc             ] GC(35370) Pause Young (Allocation Failure) 473M->378M(472M) 2.490ms
[14071.485s][info][gc,cpu         ] GC(35370) User=0.00s Sys=0.00s Real=0.00s
[14071.783s][info][gc,start       ] GC(35371) Pause Young (Allocation Failure)
[14071.784s][info][gc,heap        ] GC(35371) PSYoungGen: 95456K(95744K)->256K(93184K) Eden: 95232K(95232K)->0K(92672K) From: 224K(512K)->256K(512K)
[14071.785s][info][gc,heap        ] GC(35371) ParOldGen: 387357K(387584K)->387373K(387584K)
[14071.785s][info][gc,metaspace   ] GC(35371) Metaspace: 8795K(9024K)->8795K(9024K) NonClass: 8143K(8320K)->8143K(8320K) Class: 652K(704K)->652K(704K)
[14071.785s][info][gc             ] GC(35371) Pause Young (Allocation Failure) 471M->378M(469M) 1.317ms
[14071.785s][info][gc,cpu         ] GC(35371) User=0.00s Sys=0.00s Real=0.00s
[14072.080s][info][gc,start       ] GC(35372) Pause Young (Allocation Failure)
[14072.081s][info][gc,heap        ] GC(35372) PSYoungGen: 92928K(93184K)->256K(90624K) Eden: 92672K(92672K)->0K(90112K) From: 256K(512K)->256K(512K)
[14072.081s][info][gc,heap        ] GC(35372) ParOldGen: 387373K(387584K)->387389K(387584K)
[14072.081s][info][gc,metaspace   ] GC(35372) Metaspace: 8795K(9024K)->8795K(9024K) NonClass: 8143K(8320K)->8143K(8320K) Class: 652K(704K)->652K(704K)
[14072.081s][info][gc             ] GC(35372) Pause Young (Allocation Failure) 469M->378M(467M) 1.295ms
[14072.081s][info][gc,cpu         ] GC(35372) User=0.00s Sys=0.00s Real=0.01s
[14072.354s][info][gc,start       ] GC(35373) Pause Young (Allocation Failure)
[14072.356s][info][gc,heap        ] GC(35373) PSYoungGen: 90368K(90624K)->240K(88064K) Eden: 90112K(90112K)->0K(87552K) From: 256K(512K)->240K(512K)
[14072.356s][info][gc,heap        ] GC(35373) ParOldGen: 387389K(387584K)->387405K(387584K)
[14072.356s][info][gc,metaspace   ] GC(35373) Metaspace: 8795K(9024K)->8795K(9024K) NonClass: 8143K(8320K)->8143K(8320K) Class: 652K(704K)->652K(704K)
[14072.356s][info][gc             ] GC(35373) Pause Young (Allocation Failure) 466M->378M(464M) 1.226ms
[14072.356s][info][gc,cpu         ] GC(35373) User=0.00s Sys=0.00s Real=0.00s
[14072.618s][info][gc,start       ] GC(35374) Pause Young (Allocation Failure)
[14072.619s][info][gc,heap        ] GC(35374) PSYoungGen: 87792K(88064K)->256K(202752K) Eden: 87552K(87552K)->0K(202240K) From: 240K(512K)->256K(512K)
[14072.619s][info][gc,heap        ] GC(35374) ParOldGen: 387405K(387584K)->387421K(387584K)
[14072.619s][info][gc,metaspace   ] GC(35374) Metaspace: 8795K(9024K)->8795K(9024K) NonClass: 8143K(8320K)->8143K(8320K) Class: 652K(704K)->652K(704K)
[14072.620s][info][gc             ] GC(35374) Pause Young (Allocation Failure) 464M->378M(576M) 1.487ms
[14072.620s][info][gc,cpu         ] GC(35374) User=0.00s Sys=0.00s Real=0.00s
[14073.253s][info][gc,start       ] GC(35375) Pause Young (Allocation Failure)
[14073.255s][info][gc,heap        ] GC(35375) PSYoungGen: 202496K(202752K)->272K(195584K) Eden: 202240K(202240K)->0K(195072K) From: 256K(512K)->272K(512K)
[14073.255s][info][gc,heap        ] GC(35375) ParOldGen: 387421K(387584K)->387429K(387584K)
[14073.255s][info][gc,metaspace   ] GC(35375) Metaspace: 8795K(9024K)->8795K(9024K) NonClass: 8143K(8320K)->8143K(8320K) Class: 652K(704K)->652K(704K)
[14073.255s][info][gc             ] GC(35375) Pause Young (Allocation Failure) 576M->378M(569M) 2.184ms
[14073.255s][info][gc,cpu         ] GC(35375) User=0.00s Sys=0.00s Real=0.00s
[14073.882s][info][gc,start       ] GC(35376) Pause Young (Allocation Failure)
[14073.885s][info][gc,heap        ] GC(35376) PSYoungGen: 195344K(195584K)->272K(188416K) Eden: 195072K(195072K)->0K(187904K) From: 272K(512K)->272K(512K)
[14073.885s][info][gc,heap        ] GC(35376) ParOldGen: 387429K(387584K)->387445K(387584K)
[14073.885s][info][gc,metaspace   ] GC(35376) Metaspace: 8795K(9024K)->8795K(9024K) NonClass: 8143K(8320K)->8143K(8320K) Class: 652K(704K)->652K(704K)
[14073.885s][info][gc             ] GC(35376) Pause Young (Allocation Failure) 569M->378M(562M) 2.380ms
[14073.885s][info][gc,cpu         ] GC(35376) User=0.00s Sys=0.00s Real=0.00s
[14074.498s][info][gc,start       ] GC(35377) Pause Young (Allocation Failure)
[14074.500s][info][gc,heap        ] GC(35377) PSYoungGen: 188176K(188416K)->256K(181760K) Eden: 187904K(187904K)->0K(181248K) From: 272K(512K)->256K(512K)
[14074.500s][info][gc,heap        ] GC(35377) ParOldGen: 387445K(387584K)->387461K(387584K)
[14074.500s][info][gc,metaspace   ] GC(35377) Metaspace: 8795K(9024K)->8795K(9024K) NonClass: 8143K(8320K)->8143K(8320K) Class: 652K(704K)->652K(704K)
[14074.500s][info][gc             ] GC(35377) Pause Young (Allocation Failure) 562M->378M(556M) 1.804ms
[14074.500s][info][gc,cpu         ] GC(35377) User=0.01s Sys=0.00s Real=0.00s
[14075.168s][info][gc,start       ] GC(35378) Pause Young (Allocation Failure)
[14075.170s][info][gc,heap        ] GC(35378) PSYoungGen: 181504K(181760K)->256K(175104K) Eden: 181248K(181248K)->0K(174592K) From: 256K(512K)->256K(512K)
[14075.170s][info][gc,heap        ] GC(35378) ParOldGen: 387461K(387584K)->387477K(387584K)
[14075.170s][info][gc,metaspace   ] GC(35378) Metaspace: 8795K(9024K)->8795K(9024K) NonClass: 8143K(8320K)->8143K(8320K) Class: 652K(704K)->652K(704K)
[14075.170s][info][gc             ] GC(35378) Pause Young (Allocation Failure) 555M->378M(549M) 1.685ms
[14075.170s][info][gc,cpu         ] GC(35378) User=0.00s Sys=0.00s Real=0.00s
[14075.736s][info][gc,start       ] GC(35379) Pause Young (Allocation Failure)
[14075.738s][info][gc,heap        ] GC(35379) PSYoungGen: 174848K(175104K)->272K(168960K) Eden: 174592K(174592K)->0K(168448K) From: 256K(512K)->272K(512K)
[14075.738s][info][gc,heap        ] GC(35379) ParOldGen: 387477K(387584K)->387485K(387584K)
[14075.738s][info][gc,metaspace   ] GC(35379) Metaspace: 8795K(9024K)->8795K(9024K) NonClass: 8143K(8320K)->8143K(8320K) Class: 652K(704K)->652K(704K)
[14075.738s][info][gc             ] GC(35379) Pause Young (Allocation Failure) 549M->378M(543M) 2.356ms
[14075.738s][info][gc,cpu         ] GC(35379) User=0.00s Sys=0.00s Real=0.00s
[14076.284s][info][gc,start       ] GC(35380) Pause Young (Allocation Failure)
[14076.286s][info][gc,heap        ] GC(35380) PSYoungGen: 168720K(168960K)->288K(163328K) Eden: 168448K(168448K)->0K(162816K) From: 272K(512K)->288K(512K)
[14076.286s][info][gc,heap        ] GC(35380) ParOldGen: 387485K(387584K)->387493K(387584K)
[14076.286s][info][gc,metaspace   ] GC(35380) Metaspace: 8795K(9024K)->8795K(9024K) NonClass: 8143K(8320K)->8143K(8320K) Class: 652K(704K)->652K(704K)
[14076.286s][info][gc             ] GC(35380) Pause Young (Allocation Failure) 543M->378M(538M) 2.376ms
[14076.286s][info][gc,cpu         ] GC(35380) User=0.00s Sys=0.00s Real=0.00s
[14076.837s][info][gc,start       ] GC(35381) Pause Young (Allocation Failure)
[14076.839s][info][gc,heap        ] GC(35381) PSYoungGen: 163104K(163328K)->256K(157696K) Eden: 162816K(162816K)->0K(157184K) From: 288K(512K)->256K(512K)
[14076.839s][info][gc,heap        ] GC(35381) ParOldGen: 387493K(387584K)->387501K(387584K)
[14076.839s][info][gc,metaspace   ] GC(35381) Metaspace: 8795K(9024K)->8795K(9024K) NonClass: 8143K(8320K)->8143K(8320K) Class: 652K(704K)->652K(704K)
[14076.839s][info][gc             ] GC(35381) Pause Young (Allocation Failure) 537M->378M(532M) 2.479ms
[14076.839s][info][gc,cpu         ] GC(35381) User=0.00s Sys=0.00s Real=0.00s
[14077.321s][info][gc,start       ] GC(35382) Pause Young (Allocation Failure)
[14077.323s][info][gc,heap        ] GC(35382) PSYoungGen: 157440K(157696K)->256K(152576K) Eden: 157184K(157184K)->0K(152064K) From: 256K(512K)->256K(512K)
[14077.323s][info][gc,heap        ] GC(35382) ParOldGen: 387501K(387584K)->387509K(387584K)
[14077.323s][info][gc,metaspace   ] GC(35382) Metaspace: 8795K(9024K)->8795K(9024K) NonClass: 8143K(8320K)->8143K(8320K) Class: 652K(704K)->652K(704K)
[14077.323s][info][gc             ] GC(35382) Pause Young (Allocation Failure) 532M->378M(527M) 2.189ms
[14077.323s][info][gc,cpu         ] GC(35382) User=0.01s Sys=0.00s Real=0.00s
[14077.826s][info][gc,start       ] GC(35383) Pause Young (Allocation Failure)
[14077.829s][info][gc,heap        ] GC(35383) PSYoungGen: 152320K(152576K)->288K(147456K) Eden: 152064K(152064K)->0K(146944K) From: 256K(512K)->288K(512K)
[14077.829s][info][gc,heap        ] GC(35383) ParOldGen: 387509K(387584K)->387517K(387584K)
[14077.829s][info][gc,metaspace   ] GC(35383) Metaspace: 8795K(9024K)->8795K(9024K) NonClass: 8143K(8320K)->8143K(8320K) Class: 652K(704K)->652K(704K)
[14077.829s][info][gc             ] GC(35383) Pause Young (Allocation Failure) 527M->378M(522M) 2.310ms
[14077.829s][info][gc,cpu         ] GC(35383) User=0.00s Sys=0.00s Real=0.00s
[14078.329s][info][gc,start       ] GC(35384) Pause Young (Allocation Failure)
[14078.331s][info][gc,heap        ] GC(35384) PSYoungGen: 147232K(147456K)->256K(142848K) Eden: 146944K(146944K)->0K(142336K) From: 288K(512K)->256K(512K)
[14078.331s][info][gc,heap        ] GC(35384) ParOldGen: 387517K(387584K)->387533K(387584K)
[14078.331s][info][gc,metaspace   ] GC(35384) Metaspace: 8795K(9024K)->8795K(9024K) NonClass: 8143K(8320K)->8143K(8320K) Class: 652K(704K)->652K(704K)
[14078.331s][info][gc             ] GC(35384) Pause Young (Allocation Failure) 522M->378M(518M) 1.737ms
[14078.331s][info][gc,cpu         ] GC(35384) User=0.01s Sys=0.00s Real=0.01s
[14078.816s][info][gc,start       ] GC(35385) Pause Young (Allocation Failure)
[14078.817s][info][gc,heap        ] GC(35385) PSYoungGen: 142592K(142848K)->288K(138240K) Eden: 142336K(142336K)->0K(137728K) From: 256K(512K)->288K(512K)
[14078.817s][info][gc,heap        ] GC(35385) ParOldGen: 387533K(387584K)->387549K(387584K)
[14078.817s][info][gc,metaspace   ] GC(35385) Metaspace: 8795K(9024K)->8795K(9024K) NonClass: 8143K(8320K)->8143K(8320K) Class: 652K(704K)->652K(704K)
[14078.817s][info][gc             ] GC(35385) Pause Young (Allocation Failure) 517M->378M(513M) 1.268ms
[14078.817s][info][gc,cpu         ] GC(35385) User=0.00s Sys=0.00s Real=0.00s
[14079.248s][info][gc,start       ] GC(35386) Pause Young (Allocation Failure)
[14079.249s][info][gc,heap        ] GC(35386) PSYoungGen: 138016K(138240K)->256K(133632K) Eden: 137728K(137728K)->0K(133120K) From: 288K(512K)->256K(512K)
[14079.249s][info][gc,heap        ] GC(35386) ParOldGen: 387549K(387584K)->387565K(387584K)
[14079.249s][info][gc,metaspace   ] GC(35386) Metaspace: 8795K(9024K)->8795K(9024K) NonClass: 8143K(8320K)->8143K(8320K) Class: 652K(704K)->652K(704K)
[14079.249s][info][gc             ] GC(35386) Pause Young (Allocation Failure) 513M->378M(509M) 1.267ms
[14079.249s][info][gc,cpu         ] GC(35386) User=0.01s Sys=0.00s Real=0.00s
[14079.651s][info][gc,start       ] GC(35387) Pause Young (Allocation Failure)
[14079.653s][info][gc,heap        ] GC(35387) PSYoungGen: 133376K(133632K)->240K(129536K) Eden: 133120K(133120K)->0K(129024K) From: 256K(512K)->240K(512K)
[14079.653s][info][gc,heap        ] GC(35387) ParOldGen: 387565K(387584K)->387573K(387584K)
[14079.653s][info][gc,metaspace   ] GC(35387) Metaspace: 8795K(9024K)->8795K(9024K) NonClass: 8143K(8320K)->8143K(8320K) Class: 652K(704K)->652K(704K)
[14079.653s][info][gc             ] GC(35387) Pause Young (Allocation Failure) 508M->378M(505M) 1.898ms
[14079.653s][info][gc,cpu         ] GC(35387) User=0.00s Sys=0.00s Real=0.00s
[14080.073s][info][gc,start       ] GC(35388) Pause Young (Allocation Failure)
[14080.074s][info][gc,heap        ] GC(35388) PSYoungGen: 129264K(129536K)->240K(125440K) Eden: 129024K(129024K)->0K(124928K) From: 240K(512K)->240K(512K)
[14080.074s][info][gc,heap        ] GC(35388) ParOldGen: 387573K(387584K)->387589K(388096K)
[14080.074s][info][gc,metaspace   ] GC(35388) Metaspace: 8795K(9024K)->8795K(9024K) NonClass: 8143K(8320K)->8143K(8320K) Class: 652K(704K)->652K(704K)
[14080.074s][info][gc             ] GC(35388) Pause Young (Allocation Failure) 504M->378M(501M) 1.280ms
[14080.074s][info][gc,cpu         ] GC(35388) User=0.00s Sys=0.00s Real=0.00s
[14080.459s][info][gc,start       ] GC(35389) Pause Young (Allocation Failure)
[14080.460s][info][gc,heap        ] GC(35389) PSYoungGen: 125168K(125440K)->288K(121344K) Eden: 124928K(124928K)->0K(120832K) From: 240K(512K)->288K(512K)
[14080.460s][info][gc,heap        ] GC(35389) ParOldGen: 387589K(388096K)->387605K(388096K)
[14080.460s][info][gc,metaspace   ] GC(35389) Metaspace: 8795K(9024K)->8795K(9024K) NonClass: 8143K(8320K)->8143K(8320K) Class: 652K(704K)->652K(704K)
[14080.460s][info][gc             ] GC(35389) Pause Young (Allocation Failure) 500M->378M(497M) 1.284ms
[14080.460s][info][gc,cpu         ] GC(35389) User=0.00s Sys=0.00s Real=0.00s
[14080.812s][info][gc,start       ] GC(35390) Pause Young (Allocation Failure)
[14080.813s][info][gc,heap        ] GC(35390) PSYoungGen: 121120K(121344K)->256K(117760K) Eden: 120832K(120832K)->0K(117248K) From: 288K(512K)->256K(512K)
[14080.813s][info][gc,heap        ] GC(35390) ParOldGen: 387605K(388096K)->387621K(388096K)
[14080.813s][info][gc,metaspace   ] GC(35390) Metaspace: 8795K(9024K)->8795K(9024K) NonClass: 8143K(8320K)->8143K(8320K) Class: 652K(704K)->652K(704K)
[14080.813s][info][gc             ] GC(35390) Pause Young (Allocation Failure) 496M->378M(494M) 1.271ms
[14080.813s][info][gc,cpu         ] GC(35390) User=0.00s Sys=0.00s Real=0.00s
[14081.160s][info][gc,start       ] GC(35391) Pause Young (Allocation Failure)
[14081.161s][info][gc,heap        ] GC(35391) PSYoungGen: 117504K(117760K)->256K(114176K) Eden: 117248K(117248K)->0K(113664K) From: 256K(512K)->256K(512K)
[14081.161s][info][gc,heap        ] GC(35391) ParOldGen: 387621K(388096K)->387637K(388096K)
[14081.161s][info][gc,metaspace   ] GC(35391) Metaspace: 8795K(9024K)->8795K(9024K) NonClass: 8143K(8320K)->8143K(8320K) Class: 652K(704K)->652K(704K)
[14081.161s][info][gc             ] GC(35391) Pause Young (Allocation Failure) 493M->378M(490M) 1.244ms
[14081.161s][info][gc,cpu         ] GC(35391) User=0.00s Sys=0.00s Real=0.01s
[14081.487s][info][gc,start       ] GC(35392) Pause Young (Allocation Failure)
[14081.488s][info][gc,heap        ] GC(35392) PSYoungGen: 113920K(114176K)->288K(110592K) Eden: 113664K(113664K)->0K(110080K) From: 256K(512K)->288K(512K)
[14081.488s][info][gc,heap        ] GC(35392) ParOldGen: 387637K(388096K)->387653K(388096K)
[14081.488s][info][gc,metaspace   ] GC(35392) Metaspace: 8795K(9024K)->8795K(9024K) NonClass: 8143K(8320K)->8143K(8320K) Class: 652K(704K)->652K(704K)
[14081.488s][info][gc             ] GC(35392) Pause Young (Allocation Failure) 489M->378M(487M) 1.278ms
[14081.488s][info][gc,cpu         ] GC(35392) User=0.00s Sys=0.00s Real=0.00s
[14081.848s][info][gc,start       ] GC(35393) Pause Young (Allocation Failure)
[14081.851s][info][gc,heap        ] GC(35393) PSYoungGen: 110368K(110592K)->272K(107520K) Eden: 110080K(110080K)->0K(107008K) From: 288K(512K)->272K(512K)
[14081.851s][info][gc,heap        ] GC(35393) ParOldGen: 387653K(388096K)->387661K(388096K)
[14081.851s][info][gc,metaspace   ] GC(35393) Metaspace: 8795K(9024K)->8795K(9024K) NonClass: 8143K(8320K)->8143K(8320K) Class: 652K(704K)->652K(704K)
[14081.851s][info][gc             ] GC(35393) Pause Young (Allocation Failure) 486M->378M(484M) 2.278ms
[14081.851s][info][gc,cpu         ] GC(35393) User=0.00s Sys=0.00s Real=0.01s
[14082.192s][info][gc,start       ] GC(35394) Pause Young (Allocation Failure)
[14082.194s][info][gc,heap        ] GC(35394) PSYoungGen: 107280K(107520K)->256K(104448K) Eden: 107008K(107008K)->0K(103936K) From: 272K(512K)->256K(512K)
[14082.194s][info][gc,heap        ] GC(35394) ParOldGen: 387661K(388096K)->387677K(388096K)
[14082.194s][info][gc,metaspace   ] GC(35394) Metaspace: 8795K(9024K)->8795K(9024K) NonClass: 8143K(8320K)->8143K(8320K) Class: 652K(704K)->652K(704K)
[14082.194s][info][gc             ] GC(35394) Pause Young (Allocation Failure) 483M->378M(481M) 1.277ms
[14082.194s][info][gc,cpu         ] GC(35394) User=0.00s Sys=0.00s Real=0.00s
[14082.573s][info][gc,start       ] GC(35395) Pause Young (Allocation Failure)
[14082.576s][info][gc,heap        ] GC(35395) PSYoungGen: 104192K(104448K)->272K(101376K) Eden: 103936K(103936K)->0K(100864K) From: 256K(512K)->272K(512K)
[14082.576s][info][gc,heap        ] GC(35395) ParOldGen: 387677K(388096K)->387685K(388096K)
[14082.576s][info][gc,metaspace   ] GC(35395) Metaspace: 8795K(9024K)->8795K(9024K) NonClass: 8143K(8320K)->8143K(8320K) Class: 652K(704K)->652K(704K)
[14082.576s][info][gc             ] GC(35395) Pause Young (Allocation Failure) 480M->378M(478M) 2.255ms
[14082.576s][info][gc,cpu         ] GC(35395) User=0.00s Sys=0.00s Real=0.00s
[14082.913s][info][gc,start       ] GC(35396) Pause Young (Allocation Failure)
[14082.914s][info][gc,heap        ] GC(35396) PSYoungGen: 101136K(101376K)->224K(98304K) Eden: 100864K(100864K)->0K(97792K) From: 272K(512K)->224K(512K)
[14082.914s][info][gc,heap        ] GC(35396) ParOldGen: 387685K(388096K)->387701K(388096K)
[14082.914s][info][gc,metaspace   ] GC(35396) Metaspace: 8795K(9024K)->8795K(9024K) NonClass: 8143K(8320K)->8143K(8320K) Class: 652K(704K)->652K(704K)
[14082.914s][info][gc             ] GC(35396) Pause Young (Allocation Failure) 477M->378M(475M) 1.279ms
[14082.914s][info][gc,cpu         ] GC(35396) User=0.00s Sys=0.00s Real=0.00s
[14083.213s][info][gc,start       ] GC(35397) Pause Young (Allocation Failure)
[14083.214s][info][gc,heap        ] GC(35397) PSYoungGen: 98016K(98304K)->272K(95744K) Eden: 97792K(97792K)->0K(95232K) From: 224K(512K)->272K(512K)
[14083.214s][info][gc,heap        ] GC(35397) ParOldGen: 387701K(388096K)->387717K(388096K)
[14083.214s][info][gc,metaspace   ] GC(35397) Metaspace: 8795K(9024K)->8795K(9024K) NonClass: 8143K(8320K)->8143K(8320K) Class: 652K(704K)->652K(704K)
[14083.214s][info][gc             ] GC(35397) Pause Young (Allocation Failure) 474M->378M(472M) 1.264ms
[14083.214s][info][gc,cpu         ] GC(35397) User=0.00s Sys=0.00s Real=0.00s
[14083.500s][info][gc,start       ] GC(35398) Pause Young (Allocation Failure)
[14083.502s][info][gc,heap        ] GC(35398) PSYoungGen: 95504K(95744K)->288K(93184K) Eden: 95232K(95232K)->0K(92672K) From: 272K(512K)->288K(512K)
[14083.502s][info][gc,heap        ] GC(35398) ParOldGen: 387717K(388096K)->387733K(388096K)
[14083.502s][info][gc,metaspace   ] GC(35398) Metaspace: 8795K(9024K)->8795K(9024K) NonClass: 8143K(8320K)->8143K(8320K) Class: 652K(704K)->652K(704K)
[14083.502s][info][gc             ] GC(35398) Pause Young (Allocation Failure) 471M->378M(470M) 1.264ms
[14083.502s][info][gc,cpu         ] GC(35398) User=0.01s Sys=0.00s Real=0.00s
[14083.781s][info][gc,start       ] GC(35399) Pause Young (Allocation Failure)
[14083.782s][info][gc,heap        ] GC(35399) PSYoungGen: 92960K(93184K)->256K(90624K) Eden: 92672K(92672K)->0K(90112K) From: 288K(512K)->256K(512K)
[14083.782s][info][gc,heap        ] GC(35399) ParOldGen: 387733K(388096K)->387749K(388096K)
[14083.782s][info][gc,metaspace   ] GC(35399) Metaspace: 8795K(9024K)->8795K(9024K) NonClass: 8143K(8320K)->8143K(8320K) Class: 652K(704K)->652K(704K)
[14083.782s][info][gc             ] GC(35399) Pause Young (Allocation Failure) 469M->378M(467M) 1.332ms
[14083.782s][info][gc,cpu         ] GC(35399) User=0.00s Sys=0.00s Real=0.00s
[14084.063s][info][gc,start       ] GC(35400) Pause Young (Allocation Failure)
[14084.065s][info][gc,heap        ] GC(35400) PSYoungGen: 90368K(90624K)->272K(88064K) Eden: 90112K(90112K)->0K(87552K) From: 256K(512K)->272K(512K)
[14084.065s][info][gc,heap        ] GC(35400) ParOldGen: 387749K(388096K)->387757K(388096K)
[14084.065s][info][gc,metaspace   ] GC(35400) Metaspace: 8795K(9024K)->8795K(9024K) NonClass: 8143K(8320K)->8143K(8320K) Class: 652K(704K)->652K(704K)
[14084.065s][info][gc             ] GC(35400) Pause Young (Allocation Failure) 466M->378M(465M) 2.319ms
[14084.065s][info][gc,cpu         ] GC(35400) User=0.00s Sys=0.00s Real=0.00s
[14084.332s][info][gc,start       ] GC(35401) Pause Young (Allocation Failure)
[14084.334s][info][gc,heap        ] GC(35401) PSYoungGen: 87824K(88064K)->256K(202752K) Eden: 87552K(87552K)->0K(202240K) From: 272K(512K)->256K(512K)
[14084.334s][info][gc,heap        ] GC(35401) ParOldGen: 387757K(388096K)->387765K(388096K)
[14084.334s][info][gc,metaspace   ] GC(35401) Metaspace: 8795K(9024K)->8795K(9024K) NonClass: 8143K(8320K)->8143K(8320K) Class: 652K(704K)->652K(704K)
[14084.334s][info][gc             ] GC(35401) Pause Young (Allocation Failure) 464M->378M(577M) 2.292ms
[14084.334s][info][gc,cpu         ] GC(35401) User=0.01s Sys=0.00s Real=0.00s
[14085.005s][info][gc,start       ] GC(35402) Pause Young (Allocation Failure)
[14085.007s][info][gc,heap        ] GC(35402) PSYoungGen: 202496K(202752K)->272K(195584K) Eden: 202240K(202240K)->0K(195072K) From: 256K(512K)->272K(512K)
[14085.007s][info][gc,heap        ] GC(35402) ParOldGen: 387765K(388096K)->387773K(388096K)
[14085.007s][info][gc,metaspace   ] GC(35402) Metaspace: 8795K(9024K)->8795K(9024K) NonClass: 8143K(8320K)->8143K(8320K) Class: 652K(704K)->652K(704K)
[14085.007s][info][gc             ] GC(35402) Pause Young (Allocation Failure) 576M->378M(570M) 2.320ms
[14085.007s][info][gc,cpu         ] GC(35402) User=0.00s Sys=0.00s Real=0.00s
[14085.658s][info][gc,start       ] GC(35403) Pause Young (Allocation Failure)
[14085.661s][info][gc,heap        ] GC(35403) PSYoungGen: 195344K(195584K)->288K(188416K) Eden: 195072K(195072K)->0K(187904K) From: 272K(512K)->288K(512K)
[14085.661s][info][gc,heap        ] GC(35403) ParOldGen: 387773K(388096K)->387781K(388096K)
[14085.661s][info][gc,metaspace   ] GC(35403) Metaspace: 8795K(9024K)->8795K(9024K) NonClass: 8143K(8320K)->8143K(8320K) Class: 652K(704K)->652K(704K)
[14085.661s][info][gc             ] GC(35403) Pause Young (Allocation Failure) 569M->378M(563M) 2.522ms
[14085.661s][info][gc,cpu         ] GC(35403) User=0.00s Sys=0.00s Real=0.01s
[14086.264s][info][gc,start       ] GC(35404) Pause Young (Allocation Failure)
[14086.267s][info][gc,heap        ] GC(35404) PSYoungGen: 188192K(188416K)->256K(181760K) Eden: 187904K(187904K)->0K(181248K) From: 288K(512K)->256K(512K)
[14086.267s][info][gc,heap        ] GC(35404) ParOldGen: 387781K(388096K)->387797K(388096K)
[14086.267s][info][gc,metaspace   ] GC(35404) Metaspace: 8795K(9024K)->8795K(9024K) NonClass: 8143K(8320K)->8143K(8320K) Class: 652K(704K)->652K(704K)
[14086.267s][info][gc             ] GC(35404) Pause Young (Allocation Failure) 562M->378M(556M) 2.903ms
[14086.267s][info][gc,cpu         ] GC(35404) User=0.00s Sys=0.00s Real=0.00s
[14086.873s][info][gc,start       ] GC(35405) Pause Young (Allocation Failure)
[14086.875s][info][gc,heap        ] GC(35405) PSYoungGen: 181504K(181760K)->256K(175104K) Eden: 181248K(181248K)->0K(174592K) From: 256K(512K)->256K(512K)
[14086.875s][info][gc,heap        ] GC(35405) ParOldGen: 387797K(388096K)->387813K(388096K)
[14086.875s][info][gc,metaspace   ] GC(35405) Metaspace: 8795K(9024K)->8795K(9024K) NonClass: 8143K(8320K)->8143K(8320K) Class: 652K(704K)->652K(704K)
[14086.875s][info][gc             ] GC(35405) Pause Young (Allocation Failure) 555M->378M(550M) 1.311ms
[14086.875s][info][gc,cpu         ] GC(35405) User=0.01s Sys=0.00s Real=0.00s
[14087.438s][info][gc,start       ] GC(35406) Pause Young (Allocation Failure)
[14087.439s][info][gc,heap        ] GC(35406) PSYoungGen: 174848K(175104K)->288K(168960K) Eden: 174592K(174592K)->0K(168448K) From: 256K(512K)->288K(512K)
[14087.439s][info][gc,heap        ] GC(35406) ParOldGen: 387813K(388096K)->387829K(388096K)
[14087.439s][info][gc,metaspace   ] GC(35406) Metaspace: 8795K(9024K)->8795K(9024K) NonClass: 8143K(8320K)->8143K(8320K) Class: 652K(704K)->652K(704K)
[14087.439s][info][gc             ] GC(35406) Pause Young (Allocation Failure) 549M->379M(544M) 1.204ms
[14087.439s][info][gc,cpu         ] GC(35406) User=0.00s Sys=0.00s Real=0.00s
[14088.024s][info][gc,start       ] GC(35407) Pause Young (Allocation Failure)
[14088.026s][info][gc,heap        ] GC(35407) PSYoungGen: 168736K(168960K)->256K(163328K) Eden: 168448K(168448K)->0K(162816K) From: 288K(512K)->256K(512K)
[14088.026s][info][gc,heap        ] GC(35407) ParOldGen: 387829K(388096K)->387845K(388096K)
[14088.026s][info][gc,metaspace   ] GC(35407) Metaspace: 8795K(9024K)->8795K(9024K) NonClass: 8143K(8320K)->8143K(8320K) Class: 652K(704K)->652K(704K)
[14088.026s][info][gc             ] GC(35407) Pause Young (Allocation Failure) 543M->379M(538M) 1.372ms
[14088.026s][info][gc,cpu         ] GC(35407) User=0.00s Sys=0.00s Real=0.00s
[14088.564s][info][gc,start       ] GC(35408) Pause Young (Allocation Failure)
[14088.567s][info][gc,heap        ] GC(35408) PSYoungGen: 163072K(163328K)->272K(157696K) Eden: 162816K(162816K)->0K(157184K) From: 256K(512K)->272K(512K)
[14088.567s][info][gc,heap        ] GC(35408) ParOldGen: 387845K(388096K)->387853K(388096K)
[14088.567s][info][gc,metaspace   ] GC(35408) Metaspace: 8795K(9024K)->8795K(9024K) NonClass: 8143K(8320K)->8143K(8320K) Class: 652K(704K)->652K(704K)
[14088.567s][info][gc             ] GC(35408) Pause Young (Allocation Failure) 538M->379M(533M) 2.324ms
[14088.567s][info][gc,cpu         ] GC(35408) User=0.01s Sys=0.00s Real=0.00s
[14089.104s][info][gc,start       ] GC(35409) Pause Young (Allocation Failure)
[14089.107s][info][gc,heap        ] GC(35409) PSYoungGen: 157456K(157696K)->256K(152576K) Eden: 157184K(157184K)->0K(152064K) From: 272K(512K)->256K(512K)
[14089.107s][info][gc,heap        ] GC(35409) ParOldGen: 387853K(388096K)->387869K(388096K)
[14089.107s][info][gc,metaspace   ] GC(35409) Metaspace: 8795K(9024K)->8795K(9024K) NonClass: 8143K(8320K)->8143K(8320K) Class: 652K(704K)->652K(704K)
[14089.107s][info][gc             ] GC(35409) Pause Young (Allocation Failure) 532M->379M(528M) 2.929ms
[14089.107s][info][gc,cpu         ] GC(35409) User=0.00s Sys=0.00s Real=0.00s
[14089.619s][info][gc,start       ] GC(35410) Pause Young (Allocation Failure)
[14089.620s][info][gc,heap        ] GC(35410) PSYoungGen: 152320K(152576K)->256K(147456K) Eden: 152064K(152064K)->0K(146944K) From: 256K(512K)->256K(512K)
[14089.621s][info][gc,heap        ] GC(35410) ParOldGen: 387869K(388096K)->387885K(388096K)
[14089.621s][info][gc,metaspace   ] GC(35410) Metaspace: 8795K(9024K)->8795K(9024K) NonClass: 8143K(8320K)->8143K(8320K) Class: 652K(704K)->652K(704K)
[14089.621s][info][gc             ] GC(35410) Pause Young (Allocation Failure) 527M->379M(523M) 2.004ms
[14089.621s][info][gc,cpu         ] GC(35410) User=0.01s Sys=0.00s Real=0.01s
[14090.120s][info][gc,start       ] GC(35411) Pause Young (Allocation Failure)
[14090.121s][info][gc,heap        ] GC(35411) PSYoungGen: 147200K(147456K)->288K(142848K) Eden: 146944K(146944K)->0K(142336K) From: 256K(512K)->288K(512K)
[14090.121s][info][gc,heap        ] GC(35411) ParOldGen: 387885K(388096K)->387901K(388096K)
[14090.121s][info][gc,metaspace   ] GC(35411) Metaspace: 8795K(9024K)->8795K(9024K) NonClass: 8143K(8320K)->8143K(8320K) Class: 652K(704K)->652K(704K)
[14090.122s][info][gc             ] GC(35411) Pause Young (Allocation Failure) 522M->379M(518M) 1.340ms
[14090.122s][info][gc,cpu         ] GC(35411) User=0.00s Sys=0.00s Real=0.01s
[14090.640s][info][gc,start       ] GC(35412) Pause Young (Allocation Failure)
[14090.641s][info][gc,heap        ] GC(35412) PSYoungGen: 142624K(142848K)->256K(138240K) Eden: 142336K(142336K)->0K(137728K) From: 288K(512K)->256K(512K)
[14090.641s][info][gc,heap        ] GC(35412) ParOldGen: 387901K(388096K)->387917K(388096K)
[14090.641s][info][gc,metaspace   ] GC(35412) Metaspace: 8795K(9024K)->8795K(9024K) NonClass: 8143K(8320K)->8143K(8320K) Class: 652K(704K)->652K(704K)
[14090.641s][info][gc             ] GC(35412) Pause Young (Allocation Failure) 518M->379M(514M) 1.307ms
[14090.641s][info][gc,cpu         ] GC(35412) User=0.00s Sys=0.00s Real=0.01s
[14091.084s][info][gc,start       ] GC(35413) Pause Young (Allocation Failure)
[14091.085s][info][gc,heap        ] GC(35413) PSYoungGen: 137984K(138240K)->256K(133632K) Eden: 137728K(137728K)->0K(133120K) From: 256K(512K)->256K(512K)
[14091.085s][info][gc,heap        ] GC(35413) ParOldGen: 387917K(388096K)->387933K(388096K)
[14091.085s][info][gc,metaspace   ] GC(35413) Metaspace: 8795K(9024K)->8795K(9024K) NonClass: 8143K(8320K)->8143K(8320K) Class: 652K(704K)->652K(704K)
[14091.086s][info][gc             ] GC(35413) Pause Young (Allocation Failure) 513M->379M(509M) 1.642ms
[14091.086s][info][gc,cpu         ] GC(35413) User=0.01s Sys=0.00s Real=0.00s
[14091.573s][info][gc,start       ] GC(35414) Pause Young (Allocation Failure)
[14091.576s][info][gc,heap        ] GC(35414) PSYoungGen: 133376K(133632K)->272K(129536K) Eden: 133120K(133120K)->0K(129024K) From: 256K(512K)->272K(512K)
[14091.576s][info][gc,heap        ] GC(35414) ParOldGen: 387933K(388096K)->387949K(388096K)
[14091.576s][info][gc,metaspace   ] GC(35414) Metaspace: 8795K(9024K)->8795K(9024K) NonClass: 8143K(8320K)->8143K(8320K) Class: 652K(704K)->652K(704K)
[14091.576s][info][gc             ] GC(35414) Pause Young (Allocation Failure) 509M->379M(505M) 2.354ms
[14091.576s][info][gc,cpu         ] GC(35414) User=0.00s Sys=0.00s Real=0.00s
[14091.984s][info][gc,start       ] GC(35415) Pause Young (Allocation Failure)
[14091.985s][info][gc,heap        ] GC(35415) PSYoungGen: 129296K(129536K)->288K(125440K) Eden: 129024K(129024K)->0K(124928K) From: 272K(512K)->288K(512K)
[14091.985s][info][gc,heap        ] GC(35415) ParOldGen: 387949K(388096K)->387965K(388096K)
[14091.985s][info][gc,metaspace   ] GC(35415) Metaspace: 8795K(9024K)->8795K(9024K) NonClass: 8143K(8320K)->8143K(8320K) Class: 652K(704K)->652K(704K)
[14091.985s][info][gc             ] GC(35415) Pause Young (Allocation Failure) 505M->379M(501M) 1.317ms
[14091.985s][info][gc,cpu         ] GC(35415) User=0.00s Sys=0.00s Real=0.00s
[14092.390s][info][gc,start       ] GC(35416) Pause Young (Allocation Failure)
[14092.391s][info][gc,heap        ] GC(35416) PSYoungGen: 125216K(125440K)->272K(121344K) Eden: 124928K(124928K)->0K(120832K) From: 288K(512K)->272K(512K)
[14092.391s][info][gc,heap        ] GC(35416) ParOldGen: 387965K(388096K)->387981K(388096K)
[14092.391s][info][gc,metaspace   ] GC(35416) Metaspace: 8795K(9024K)->8795K(9024K) NonClass: 8143K(8320K)->8143K(8320K) Class: 652K(704K)->652K(704K)
[14092.391s][info][gc             ] GC(35416) Pause Young (Allocation Failure) 501M->379M(497M) 1.272ms
[14092.391s][info][gc,cpu         ] GC(35416) User=0.00s Sys=0.00s Real=0.01s
[14092.759s][info][gc,start       ] GC(35417) Pause Young (Allocation Failure)
[14092.760s][info][gc,heap        ] GC(35417) PSYoungGen: 121104K(121344K)->256K(117760K) Eden: 120832K(120832K)->0K(117248K) From: 272K(512K)->256K(512K)
[14092.760s][info][gc,heap        ] GC(35417) ParOldGen: 387981K(388096K)->387997K(388096K)
[14092.760s][info][gc,metaspace   ] GC(35417) Metaspace: 8795K(9024K)->8795K(9024K) NonClass: 8143K(8320K)->8143K(8320K) Class: 652K(704K)->652K(704K)
[14092.760s][info][gc             ] GC(35417) Pause Young (Allocation Failure) 497M->379M(494M) 1.296ms
[14092.760s][info][gc,cpu         ] GC(35417) User=0.00s Sys=0.00s Real=0.01s
[14093.157s][info][gc,start       ] GC(35418) Pause Young (Allocation Failure)
[14093.159s][info][gc,heap        ] GC(35418) PSYoungGen: 117504K(117760K)->320K(114176K) Eden: 117248K(117248K)->0K(113664K) From: 256K(512K)->320K(512K)
[14093.159s][info][gc,heap        ] GC(35418) ParOldGen: 387997K(388096K)->388013K(388096K)
[14093.159s][info][gc,metaspace   ] GC(35418) Metaspace: 8795K(9024K)->8795K(9024K) NonClass: 8143K(8320K)->8143K(8320K) Class: 652K(704K)->652K(704K)
[14093.159s][info][gc             ] GC(35418) Pause Young (Allocation Failure) 493M->379M(490M) 1.317ms
[14093.159s][info][gc,cpu         ] GC(35418) User=0.00s Sys=0.00s Real=0.00s
[14093.534s][info][gc,start       ] GC(35419) Pause Young (Allocation Failure)
[14093.535s][info][gc,heap        ] GC(35419) PSYoungGen: 113984K(114176K)->256K(110592K) Eden: 113664K(113664K)->0K(110080K) From: 320K(512K)->256K(512K)
[14093.535s][info][gc,heap        ] GC(35419) ParOldGen: 388013K(388096K)->388029K(388096K)
[14093.535s][info][gc,metaspace   ] GC(35419) Metaspace: 8795K(9024K)->8795K(9024K) NonClass: 8143K(8320K)->8143K(8320K) Class: 652K(704K)->652K(704K)
[14093.535s][info][gc             ] GC(35419) Pause Young (Allocation Failure) 490M->379M(487M) 1.288ms
[14093.535s][info][gc,cpu         ] GC(35419) User=0.00s Sys=0.00s Real=0.00s
[14093.902s][info][gc,start       ] GC(35420) Pause Young (Allocation Failure)
[14093.903s][info][gc,heap        ] GC(35420) PSYoungGen: 110336K(110592K)->240K(107520K) Eden: 110080K(110080K)->0K(107008K) From: 256K(512K)->240K(512K)
[14093.903s][info][gc,heap        ] GC(35420) ParOldGen: 388029K(388096K)->388045K(388096K)
[14093.903s][info][gc,metaspace   ] GC(35420) Metaspace: 8795K(9024K)->8795K(9024K) NonClass: 8143K(8320K)->8143K(8320K) Class: 652K(704K)->652K(704K)
[14093.903s][info][gc             ] GC(35420) Pause Young (Allocation Failure) 486M->379M(484M) 1.397ms
[14093.904s][info][gc,cpu         ] GC(35420) User=0.00s Sys=0.00s Real=0.00s
[14094.240s][info][gc,start       ] GC(35421) Pause Young (Allocation Failure)
[14094.241s][info][gc,heap        ] GC(35421) PSYoungGen: 107248K(107520K)->256K(104448K) Eden: 107008K(107008K)->0K(103936K) From: 240K(512K)->256K(512K)
[14094.241s][info][gc,heap        ] GC(35421) ParOldGen: 388045K(388096K)->388061K(388096K)
[14094.241s][info][gc,metaspace   ] GC(35421) Metaspace: 8795K(9024K)->8795K(9024K) NonClass: 8143K(8320K)->8143K(8320K) Class: 652K(704K)->652K(704K)
[14094.241s][info][gc             ] GC(35421) Pause Young (Allocation Failure) 483M->379M(481M) 1.367ms
[14094.241s][info][gc,cpu         ] GC(35421) User=0.00s Sys=0.01s Real=0.01s
[14094.601s][info][gc,start       ] GC(35422) Pause Young (Allocation Failure)
[14094.602s][info][gc,heap        ] GC(35422) PSYoungGen: 104192K(104448K)->240K(101376K) Eden: 103936K(103936K)->0K(100864K) From: 256K(512K)->240K(512K)
[14094.602s][info][gc,heap        ] GC(35422) ParOldGen: 388061K(388096K)->388077K(388096K)
[14094.602s][info][gc,metaspace   ] GC(35422) Metaspace: 8795K(9024K)->8795K(9024K) NonClass: 8143K(8320K)->8143K(8320K) Class: 652K(704K)->652K(704K)
[14094.602s][info][gc             ] GC(35422) Pause Young (Allocation Failure) 480M->379M(478M) 1.327ms
[14094.602s][info][gc,cpu         ] GC(35422) User=0.01s Sys=0.00s Real=0.00s
[14094.939s][info][gc,start       ] GC(35423) Pause Young (Allocation Failure)
[14094.941s][info][gc,heap        ] GC(35423) PSYoungGen: 101104K(101376K)->256K(98304K) Eden: 100864K(100864K)->0K(97792K) From: 240K(512K)->256K(512K)
[14094.941s][info][gc,heap        ] GC(35423) ParOldGen: 388077K(388096K)->388093K(388096K)
[14094.941s][info][gc,metaspace   ] GC(35423) Metaspace: 8795K(9024K)->8795K(9024K) NonClass: 8143K(8320K)->8143K(8320K) Class: 652K(704K)->652K(704K)
[14094.941s][info][gc             ] GC(35423) Pause Young (Allocation Failure) 477M->379M(475M) 2.359ms
[14094.941s][info][gc,cpu         ] GC(35423) User=0.00s Sys=0.00s Real=0.01s
[14095.283s][info][gc,start       ] GC(35424) Pause Young (Allocation Failure)
[14095.286s][info][gc,heap        ] GC(35424) PSYoungGen: 98048K(98304K)->272K(95744K) Eden: 97792K(97792K)->0K(95232K) From: 256K(512K)->272K(512K)
[14095.286s][info][gc,heap        ] GC(35424) ParOldGen: 388093K(388096K)->388101K(388608K)
[14095.286s][info][gc,metaspace   ] GC(35424) Metaspace: 8795K(9024K)->8795K(9024K) NonClass: 8143K(8320K)->8143K(8320K) Class: 652K(704K)->652K(704K)
[14095.286s][info][gc             ] GC(35424) Pause Young (Allocation Failure) 474M->379M(473M) 2.647ms
[14095.286s][info][gc,cpu         ] GC(35424) User=0.01s Sys=0.00s Real=0.00s
[14095.611s][info][gc,start       ] GC(35425) Pause Young (Allocation Failure)
[14095.613s][info][gc,heap        ] GC(35425) PSYoungGen: 95504K(95744K)->272K(93184K) Eden: 95232K(95232K)->0K(92672K) From: 272K(512K)->272K(512K)
[14095.613s][info][gc,heap        ] GC(35425) ParOldGen: 388101K(388608K)->388117K(388608K)
[14095.613s][info][gc,metaspace   ] GC(35425) Metaspace: 8795K(9024K)->8795K(9024K) NonClass: 8143K(8320K)->8143K(8320K) Class: 652K(704K)->652K(704K)
[14095.613s][info][gc             ] GC(35425) Pause Young (Allocation Failure) 472M->379M(470M) 2.423ms
[14095.613s][info][gc,cpu         ] GC(35425) User=0.00s Sys=0.00s Real=0.00s
[14095.912s][info][gc,start       ] GC(35426) Pause Young (Allocation Failure)
[14095.914s][info][gc,heap        ] GC(35426) PSYoungGen: 92944K(93184K)->256K(90624K) Eden: 92672K(92672K)->0K(90112K) From: 272K(512K)->256K(512K)
[14095.915s][info][gc,heap        ] GC(35426) ParOldGen: 388117K(388608K)->388125K(388608K)
[14095.915s][info][gc,metaspace   ] GC(35426) Metaspace: 8795K(9024K)->8795K(9024K) NonClass: 8143K(8320K)->8143K(8320K) Class: 652K(704K)->652K(704K)
[14095.915s][info][gc             ] GC(35426) Pause Young (Allocation Failure) 469M->379M(468M) 2.945ms
[14095.915s][info][gc,cpu         ] GC(35426) User=0.01s Sys=0.00s Real=0.00s
[14096.213s][info][gc,start       ] GC(35427) Pause Young (Allocation Failure)
[14096.216s][info][gc,heap        ] GC(35427) PSYoungGen: 90368K(90624K)->304K(88064K) Eden: 90112K(90112K)->0K(87552K) From: 256K(512K)->304K(512K)
[14096.216s][info][gc,heap        ] GC(35427) ParOldGen: 388125K(388608K)->388133K(388608K)
[14096.216s][info][gc,metaspace   ] GC(35427) Metaspace: 8795K(9024K)->8795K(9024K) NonClass: 8143K(8320K)->8143K(8320K) Class: 652K(704K)->652K(704K)
[14096.216s][info][gc             ] GC(35427) Pause Young (Allocation Failure) 467M->379M(465M) 2.456ms
[14096.216s][info][gc,cpu         ] GC(35427) User=0.00s Sys=0.00s Real=0.00s
[14096.487s][info][gc,start       ] GC(35428) Pause Young (Allocation Failure)
[14096.489s][info][gc,heap        ] GC(35428) PSYoungGen: 87856K(88064K)->256K(202752K) Eden: 87552K(87552K)->0K(202240K) From: 304K(512K)->256K(512K)
[14096.489s][info][gc,heap        ] GC(35428) ParOldGen: 388133K(388608K)->388141K(388608K)
[14096.489s][info][gc,metaspace   ] GC(35428) Metaspace: 8795K(9024K)->8795K(9024K) NonClass: 8143K(8320K)->8143K(8320K) Class: 652K(704K)->652K(704K)
[14096.489s][info][gc             ] GC(35428) Pause Young (Allocation Failure) 464M->379M(577M) 2.493ms
[14096.489s][info][gc,cpu         ] GC(35428) User=0.00s Sys=0.00s Real=0.00s
[14097.172s][info][gc,start       ] GC(35429) Pause Young (Allocation Failure)
[14097.175s][info][gc,heap        ] GC(35429) PSYoungGen: 202496K(202752K)->272K(195584K) Eden: 202240K(202240K)->0K(195072K) From: 256K(512K)->272K(512K)
[14097.175s][info][gc,heap        ] GC(35429) ParOldGen: 388141K(388608K)->388149K(388608K)
[14097.175s][info][gc,metaspace   ] GC(35429) Metaspace: 8795K(9024K)->8795K(9024K) NonClass: 8143K(8320K)->8143K(8320K) Class: 652K(704K)->652K(704K)
[14097.175s][info][gc             ] GC(35429) Pause Young (Allocation Failure) 576M->379M(570M) 2.436ms
[14097.175s][info][gc,cpu         ] GC(35429) User=0.00s Sys=0.00s Real=0.00s
[14097.815s][info][gc,start       ] GC(35430) Pause Young (Allocation Failure)
[14097.818s][info][gc,heap        ] GC(35430) PSYoungGen: 195344K(195584K)->256K(188416K) Eden: 195072K(195072K)->0K(187904K) From: 272K(512K)->256K(512K)
[14097.818s][info][gc,heap        ] GC(35430) ParOldGen: 388149K(388608K)->388157K(388608K)
[14097.818s][info][gc,metaspace   ] GC(35430) Metaspace: 8795K(9024K)->8795K(9024K) NonClass: 8143K(8320K)->8143K(8320K) Class: 652K(704K)->652K(704K)
[14097.818s][info][gc             ] GC(35430) Pause Young (Allocation Failure) 569M->379M(563M) 2.980ms
[14097.818s][info][gc,cpu         ] GC(35430) User=0.00s Sys=0.00s Real=0.00s
[14098.385s][info][gc,start       ] GC(35431) Pause Young (Allocation Failure)
[14098.388s][info][gc,heap        ] GC(35431) PSYoungGen: 188160K(188416K)->288K(181760K) Eden: 187904K(187904K)->0K(181248K) From: 256K(512K)->288K(512K)
[14098.388s][info][gc,heap        ] GC(35431) ParOldGen: 388157K(388608K)->388165K(388608K)
[14098.388s][info][gc,metaspace   ] GC(35431) Metaspace: 8795K(9024K)->8795K(9024K) NonClass: 8143K(8320K)->8143K(8320K) Class: 652K(704K)->652K(704K)
[14098.388s][info][gc             ] GC(35431) Pause Young (Allocation Failure) 562M->379M(557M) 2.340ms
[14098.388s][info][gc,cpu         ] GC(35431) User=0.00s Sys=0.00s Real=0.00s
[14098.948s][info][gc,start       ] GC(35432) Pause Young (Allocation Failure)
[14098.949s][info][gc,heap        ] GC(35432) PSYoungGen: 181536K(181760K)->288K(175104K) Eden: 181248K(181248K)->0K(174592K) From: 288K(512K)->288K(512K)
[14098.949s][info][gc,heap        ] GC(35432) ParOldGen: 388165K(388608K)->388181K(388608K)
[14098.950s][info][gc,metaspace   ] GC(35432) Metaspace: 8795K(9024K)->8795K(9024K) NonClass: 8143K(8320K)->8143K(8320K) Class: 652K(704K)->652K(704K)
[14098.950s][info][gc             ] GC(35432) Pause Young (Allocation Failure) 556M->379M(550M) 1.466ms
[14098.950s][info][gc,cpu         ] GC(35432) User=0.00s Sys=0.00s Real=0.00s
[14099.518s][info][gc,start       ] GC(35433) Pause Young (Allocation Failure)
[14099.520s][info][gc,heap        ] GC(35433) PSYoungGen: 174880K(175104K)->240K(168960K) Eden: 174592K(174592K)->0K(168448K) From: 288K(512K)->240K(512K)
[14099.520s][info][gc,heap        ] GC(35433) ParOldGen: 388181K(388608K)->388197K(388608K)
[14099.520s][info][gc,metaspace   ] GC(35433) Metaspace: 8795K(9024K)->8795K(9024K) NonClass: 8143K(8320K)->8143K(8320K) Class: 652K(704K)->652K(704K)
[14099.520s][info][gc             ] GC(35433) Pause Young (Allocation Failure) 549M->379M(544M) 1.270ms
[14099.520s][info][gc,cpu         ] GC(35433) User=0.00s Sys=0.00s Real=0.00s
[14100.044s][info][gc,start       ] GC(35434) Pause Young (Allocation Failure)
[14100.045s][info][gc,heap        ] GC(35434) PSYoungGen: 168688K(168960K)->224K(163328K) Eden: 168448K(168448K)->0K(162816K) From: 240K(512K)->224K(512K)
[14100.045s][info][gc,heap        ] GC(35434) ParOldGen: 388197K(388608K)->388205K(388608K)
[14100.045s][info][gc,metaspace   ] GC(35434) Metaspace: 8795K(9024K)->8795K(9024K) NonClass: 8143K(8320K)->8143K(8320K) Class: 652K(704K)->652K(704K)
[14100.045s][info][gc             ] GC(35434) Pause Young (Allocation Failure) 543M->379M(539M) 1.562ms
[14100.045s][info][gc,cpu         ] GC(35434) User=0.00s Sys=0.00s Real=0.00s
[14100.649s][info][gc,start       ] GC(35435) Pause Young (Allocation Failure)
[14100.650s][info][gc,heap        ] GC(35435) PSYoungGen: 163040K(163328K)->240K(157696K) Eden: 162816K(162816K)->0K(157184K) From: 224K(512K)->240K(512K)
[14100.650s][info][gc,heap        ] GC(35435) ParOldGen: 388205K(388608K)->388221K(388608K)
[14100.650s][info][gc,metaspace   ] GC(35435) Metaspace: 8795K(9024K)->8795K(9024K) NonClass: 8143K(8320K)->8143K(8320K) Class: 652K(704K)->652K(704K)
[14100.650s][info][gc             ] GC(35435) Pause Young (Allocation Failure) 538M->379M(533M) 1.311ms
[14100.650s][info][gc,cpu         ] GC(35435) User=0.00s Sys=0.00s Real=0.01s
[14101.151s][info][gc,start       ] GC(35436) Pause Young (Allocation Failure)
[14101.152s][info][gc,heap        ] GC(35436) PSYoungGen: 157424K(157696K)->288K(152576K) Eden: 157184K(157184K)->0K(152064K) From: 240K(512K)->288K(512K)
[14101.152s][info][gc,heap        ] GC(35436) ParOldGen: 388221K(388608K)->388237K(388608K)
[14101.152s][info][gc,metaspace   ] GC(35436) Metaspace: 8795K(9024K)->8795K(9024K) NonClass: 8143K(8320K)->8143K(8320K) Class: 652K(704K)->652K(704K)
[14101.152s][info][gc             ] GC(35436) Pause Young (Allocation Failure) 532M->379M(528M) 1.286ms
[14101.152s][info][gc,cpu         ] GC(35436) User=0.00s Sys=0.00s Real=0.00s
[14101.667s][info][gc,start       ] GC(35437) Pause Young (Allocation Failure)
[14101.668s][info][gc,heap        ] GC(35437) PSYoungGen: 152352K(152576K)->256K(147456K) Eden: 152064K(152064K)->0K(146944K) From: 288K(512K)->256K(512K)
[14101.668s][info][gc,heap        ] GC(35437) ParOldGen: 388237K(388608K)->388253K(388608K)
[14101.668s][info][gc,metaspace   ] GC(35437) Metaspace: 8795K(9024K)->8795K(9024K) NonClass: 8143K(8320K)->8143K(8320K) Class: 652K(704K)->652K(704K)
[14101.668s][info][gc             ] GC(35437) Pause Young (Allocation Failure) 527M->379M(523M) 1.430ms
[14101.668s][info][gc,cpu         ] GC(35437) User=0.00s Sys=0.00s Real=0.00s
[14102.147s][info][gc,start       ] GC(35438) Pause Young (Allocation Failure)
[14102.148s][info][gc,heap        ] GC(35438) PSYoungGen: 147200K(147456K)->256K(142848K) Eden: 146944K(146944K)->0K(142336K) From: 256K(512K)->256K(512K)
[14102.149s][info][gc,heap        ] GC(35438) ParOldGen: 388253K(388608K)->388269K(388608K)
[14102.149s][info][gc,metaspace   ] GC(35438) Metaspace: 8795K(9024K)->8795K(9024K) NonClass: 8143K(8320K)->8143K(8320K) Class: 652K(704K)->652K(704K)
[14102.149s][info][gc             ] GC(35438) Pause Young (Allocation Failure) 522M->379M(519M) 1.533ms
[14102.149s][info][gc,cpu         ] GC(35438) User=0.00s Sys=0.00s Real=0.00s
[14102.635s][info][gc,start       ] GC(35439) Pause Young (Allocation Failure)
[14102.637s][info][gc,heap        ] GC(35439) PSYoungGen: 142592K(142848K)->304K(138240K) Eden: 142336K(142336K)->0K(137728K) From: 256K(512K)->304K(512K)
[14102.637s][info][gc,heap        ] GC(35439) ParOldGen: 388269K(388608K)->388277K(388608K)
[14102.637s][info][gc,metaspace   ] GC(35439) Metaspace: 8795K(9024K)->8795K(9024K) NonClass: 8143K(8320K)->8143K(8320K) Class: 652K(704K)->652K(704K)
[14102.637s][info][gc             ] GC(35439) Pause Young (Allocation Failure) 518M->379M(514M) 2.387ms
[14102.637s][info][gc,cpu         ] GC(35439) User=0.01s Sys=0.00s Real=0.00s
[14103.091s][info][gc,start       ] GC(35440) Pause Young (Allocation Failure)
[14103.094s][info][gc,heap        ] GC(35440) PSYoungGen: 138032K(138240K)->256K(133632K) Eden: 137728K(137728K)->0K(133120K) From: 304K(512K)->256K(512K)
[14103.094s][info][gc,heap        ] GC(35440) ParOldGen: 388277K(388608K)->388285K(388608K)
[14103.094s][info][gc,metaspace   ] GC(35440) Metaspace: 8795K(9024K)->8795K(9024K) NonClass: 8143K(8320K)->8143K(8320K) Class: 652K(704K)->652K(704K)
[14103.094s][info][gc             ] GC(35440) Pause Young (Allocation Failure) 513M->379M(510M) 2.450ms
[14103.094s][info][gc,cpu         ] GC(35440) User=0.00s Sys=0.00s Real=0.00s
[14103.519s][info][gc,start       ] GC(35441) Pause Young (Allocation Failure)
[14103.522s][info][gc,heap        ] GC(35441) PSYoungGen: 133376K(133632K)->272K(129536K) Eden: 133120K(133120K)->0K(129024K) From: 256K(512K)->272K(512K)
[14103.522s][info][gc,heap        ] GC(35441) ParOldGen: 388285K(388608K)->388293K(388608K)
[14103.522s][info][gc,metaspace   ] GC(35441) Metaspace: 8795K(9024K)->8795K(9024K) NonClass: 8143K(8320K)->8143K(8320K) Class: 652K(704K)->652K(704K)
[14103.522s][info][gc             ] GC(35441) Pause Young (Allocation Failure) 509M->379M(506M) 2.527ms
[14103.522s][info][gc,cpu         ] GC(35441) User=0.00s Sys=0.00s Real=0.01s
[14103.924s][info][gc,start       ] GC(35442) Pause Young (Allocation Failure)
[14103.927s][info][gc,heap        ] GC(35442) PSYoungGen: 129296K(129536K)->272K(125440K) Eden: 129024K(129024K)->0K(124928K) From: 272K(512K)->272K(512K)
[14103.927s][info][gc,heap        ] GC(35442) ParOldGen: 388293K(388608K)->388301K(388608K)
[14103.927s][info][gc,metaspace   ] GC(35442) Metaspace: 8795K(9024K)->8795K(9024K) NonClass: 8143K(8320K)->8143K(8320K) Class: 652K(704K)->652K(704K)
[14103.927s][info][gc             ] GC(35442) Pause Young (Allocation Failure) 505M->379M(502M) 2.445ms
[14103.927s][info][gc,cpu         ] GC(35442) User=0.00s Sys=0.00s Real=0.00s
[14104.328s][info][gc,start       ] GC(35443) Pause Young (Allocation Failure)
[14104.330s][info][gc,heap        ] GC(35443) PSYoungGen: 125200K(125440K)->288K(121344K) Eden: 124928K(124928K)->0K(120832K) From: 272K(512K)->288K(512K)
[14104.330s][info][gc,heap        ] GC(35443) ParOldGen: 388301K(388608K)->388317K(388608K)
[14104.330s][info][gc,metaspace   ] GC(35443) Metaspace: 8795K(9024K)->8795K(9024K) NonClass: 8143K(8320K)->8143K(8320K) Class: 652K(704K)->652K(704K)
[14104.330s][info][gc             ] GC(35443) Pause Young (Allocation Failure) 501M->379M(498M) 2.297ms
[14104.330s][info][gc,cpu         ] GC(35443) User=0.01s Sys=0.00s Real=0.01s
[14104.720s][info][gc,start       ] GC(35444) Pause Young (Allocation Failure)
[14104.724s][info][gc,heap        ] GC(35444) PSYoungGen: 121120K(121344K)->208K(117760K) Eden: 120832K(120832K)->0K(117248K) From: 288K(512K)->208K(512K)
[14104.724s][info][gc,heap        ] GC(35444) ParOldGen: 388317K(388608K)->388333K(388608K)
[14104.724s][info][gc,metaspace   ] GC(35444) Metaspace: 8795K(9024K)->8795K(9024K) NonClass: 8143K(8320K)->8143K(8320K) Class: 652K(704K)->652K(704K)
[14104.724s][info][gc             ] GC(35444) Pause Young (Allocation Failure) 497M->379M(494M) 3.638ms
[14104.724s][info][gc,cpu         ] GC(35444) User=0.01s Sys=0.00s Real=0.00s
[14105.105s][info][gc,start       ] GC(35445) Pause Young (Allocation Failure)
[14105.107s][info][gc,heap        ] GC(35445) PSYoungGen: 117456K(117760K)->240K(114176K) Eden: 117248K(117248K)->0K(113664K) From: 208K(512K)->240K(512K)
[14105.107s][info][gc,heap        ] GC(35445) ParOldGen: 388333K(388608K)->388349K(388608K)
[14105.107s][info][gc,metaspace   ] GC(35445) Metaspace: 8795K(9024K)->8795K(9024K) NonClass: 8143K(8320K)->8143K(8320K) Class: 652K(704K)->652K(704K)
[14105.107s][info][gc             ] GC(35445) Pause Young (Allocation Failure) 493M->379M(491M) 1.687ms
[14105.107s][info][gc,cpu         ] GC(35445) User=0.00s Sys=0.00s Real=0.00s
[14105.468s][info][gc,start       ] GC(35446) Pause Young (Allocation Failure)
[14105.470s][info][gc,heap        ] GC(35446) PSYoungGen: 113904K(114176K)->256K(110592K) Eden: 113664K(113664K)->0K(110080K) From: 240K(512K)->256K(512K)
[14105.470s][info][gc,heap        ] GC(35446) ParOldGen: 388349K(388608K)->388365K(388608K)
[14105.470s][info][gc,metaspace   ] GC(35446) Metaspace: 8795K(9024K)->8795K(9024K) NonClass: 8143K(8320K)->8143K(8320K) Class: 652K(704K)->652K(704K)
[14105.470s][info][gc             ] GC(35446) Pause Young (Allocation Failure) 490M->379M(487M) 1.354ms
[14105.470s][info][gc,cpu         ] GC(35446) User=0.00s Sys=0.00s Real=0.00s
[14105.869s][info][gc,start       ] GC(35447) Pause Young (Allocation Failure)
[14105.871s][info][gc,heap        ] GC(35447) PSYoungGen: 110336K(110592K)->256K(107520K) Eden: 110080K(110080K)->0K(107008K) From: 256K(512K)->256K(512K)
[14105.871s][info][gc,heap        ] GC(35447) ParOldGen: 388365K(388608K)->388381K(388608K)
[14105.871s][info][gc,metaspace   ] GC(35447) Metaspace: 8795K(9024K)->8795K(9024K) NonClass: 8143K(8320K)->8143K(8320K) Class: 652K(704K)->652K(704K)
[14105.871s][info][gc             ] GC(35447) Pause Young (Allocation Failure) 487M->379M(484M) 1.697ms
[14105.871s][info][gc,cpu         ] GC(35447) User=0.01s Sys=0.00s Real=0.01s
[14106.251s][info][gc,start       ] GC(35448) Pause Young (Allocation Failure)
[14106.253s][info][gc,heap        ] GC(35448) PSYoungGen: 107264K(107520K)->256K(104448K) Eden: 107008K(107008K)->0K(103936K) From: 256K(512K)->256K(512K)
[14106.253s][info][gc,heap        ] GC(35448) ParOldGen: 388381K(388608K)->388389K(388608K)
[14106.253s][info][gc,metaspace   ] GC(35448) Metaspace: 8795K(9024K)->8795K(9024K) NonClass: 8143K(8320K)->8143K(8320K) Class: 652K(704K)->652K(704K)
[14106.253s][info][gc             ] GC(35448) Pause Young (Allocation Failure) 484M->379M(481M) 1.561ms
[14106.253s][info][gc,cpu         ] GC(35448) User=0.01s Sys=0.00s Real=0.00s
[14106.623s][info][gc,start       ] GC(35449) Pause Young (Allocation Failure)
[14106.625s][info][gc,heap        ] GC(35449) PSYoungGen: 104192K(104448K)->256K(101376K) Eden: 103936K(103936K)->0K(100864K) From: 256K(512K)->256K(512K)
[14106.625s][info][gc,heap        ] GC(35449) ParOldGen: 388389K(388608K)->388405K(388608K)
[14106.625s][info][gc,metaspace   ] GC(35449) Metaspace: 8795K(9024K)->8795K(9024K) NonClass: 8143K(8320K)->8143K(8320K) Class: 652K(704K)->652K(704K)
[14106.625s][info][gc             ] GC(35449) Pause Young (Allocation Failure) 481M->379M(478M) 1.360ms
[14106.625s][info][gc,cpu         ] GC(35449) User=0.01s Sys=0.00s Real=0.00s
[14106.946s][info][gc,start       ] GC(35450) Pause Young (Allocation Failure)
[14106.947s][info][gc,heap        ] GC(35450) PSYoungGen: 101120K(101376K)->256K(98304K) Eden: 100864K(100864K)->0K(97792K) From: 256K(512K)->256K(512K)
[14106.947s][info][gc,heap        ] GC(35450) ParOldGen: 388405K(388608K)->388421K(388608K)
[14106.947s][info][gc,metaspace   ] GC(35450) Metaspace: 8795K(9024K)->8795K(9024K) NonClass: 8143K(8320K)->8143K(8320K) Class: 652K(704K)->652K(704K)
[14106.947s][info][gc             ] GC(35450) Pause Young (Allocation Failure) 478M->379M(475M) 1.288ms
[14106.947s][info][gc,cpu         ] GC(35450) User=0.00s Sys=0.01s Real=0.00s
[14107.270s][info][gc,start       ] GC(35451) Pause Young (Allocation Failure)
[14107.271s][info][gc,heap        ] GC(35451) PSYoungGen: 98048K(98304K)->224K(95744K) Eden: 97792K(97792K)->0K(95232K) From: 256K(512K)->224K(512K)
[14107.271s][info][gc,heap        ] GC(35451) ParOldGen: 388421K(388608K)->388437K(388608K)
[14107.271s][info][gc,metaspace   ] GC(35451) Metaspace: 8795K(9024K)->8795K(9024K) NonClass: 8143K(8320K)->8143K(8320K) Class: 652K(704K)->652K(704K)
[14107.271s][info][gc             ] GC(35451) Pause Young (Allocation Failure) 475M->379M(473M) 1.281ms
[14107.271s][info][gc,cpu         ] GC(35451) User=0.01s Sys=0.00s Real=0.01s
[14107.572s][info][gc,start       ] GC(35452) Pause Young (Allocation Failure)
[14107.573s][info][gc,heap        ] GC(35452) PSYoungGen: 95456K(95744K)->240K(93184K) Eden: 95232K(95232K)->0K(92672K) From: 224K(512K)->240K(512K)
[14107.573s][info][gc,heap        ] GC(35452) ParOldGen: 388437K(388608K)->388453K(388608K)
[14107.573s][info][gc,metaspace   ] GC(35452) Metaspace: 8795K(9024K)->8795K(9024K) NonClass: 8143K(8320K)->8143K(8320K) Class: 652K(704K)->652K(704K)
[14107.573s][info][gc             ] GC(35452) Pause Young (Allocation Failure) 472M->379M(470M) 1.343ms
[14107.573s][info][gc,cpu         ] GC(35452) User=0.00s Sys=0.00s Real=0.00s
[14107.877s][info][gc,start       ] GC(35453) Pause Young (Allocation Failure)
[14107.878s][info][gc,heap        ] GC(35453) PSYoungGen: 92912K(93184K)->224K(90624K) Eden: 92672K(92672K)->0K(90112K) From: 240K(512K)->224K(512K)
[14107.878s][info][gc,heap        ] GC(35453) ParOldGen: 388453K(388608K)->388469K(388608K)
[14107.878s][info][gc,metaspace   ] GC(35453) Metaspace: 8795K(9024K)->8795K(9024K) NonClass: 8143K(8320K)->8143K(8320K) Class: 652K(704K)->652K(704K)
[14107.878s][info][gc             ] GC(35453) Pause Young (Allocation Failure) 470M->379M(468M) 1.250ms
[14107.878s][info][gc,cpu         ] GC(35453) User=0.00s Sys=0.01s Real=0.00s
[14108.177s][info][gc,start       ] GC(35454) Pause Young (Allocation Failure)
[14108.178s][info][gc,heap        ] GC(35454) PSYoungGen: 90336K(90624K)->128K(88064K) Eden: 90112K(90112K)->0K(87552K) From: 224K(512K)->128K(512K)
[14108.178s][info][gc,heap        ] GC(35454) ParOldGen: 388469K(388608K)->388477K(388608K)
[14108.178s][info][gc,metaspace   ] GC(35454) Metaspace: 8795K(9024K)->8795K(9024K) NonClass: 8143K(8320K)->8143K(8320K) Class: 652K(704K)->652K(704K)
[14108.178s][info][gc             ] GC(35454) Pause Young (Allocation Failure) 467M->379M(465M) 1.265ms
[14108.178s][info][gc,cpu         ] GC(35454) User=0.00s Sys=0.00s Real=0.00s
[14108.452s][info][gc,start       ] GC(35455) Pause Young (Allocation Failure)
[14108.453s][info][gc,heap        ] GC(35455) PSYoungGen: 87680K(88064K)->256K(202752K) Eden: 87552K(87552K)->0K(202240K) From: 128K(512K)->256K(512K)
[14108.453s][info][gc,heap        ] GC(35455) ParOldGen: 388477K(388608K)->388493K(388608K)
[14108.453s][info][gc,metaspace   ] GC(35455) Metaspace: 8795K(9024K)->8795K(9024K) NonClass: 8143K(8320K)->8143K(8320K) Class: 652K(704K)->652K(704K)
[14108.453s][info][gc             ] GC(35455) Pause Young (Allocation Failure) 464M->379M(577M) 1.307ms
[14108.453s][info][gc,cpu         ] GC(35455) User=0.01s Sys=0.00s Real=0.00s
[14109.187s][info][gc,start       ] GC(35456) Pause Young (Allocation Failure)
[14109.188s][info][gc,heap        ] GC(35456) PSYoungGen: 202496K(202752K)->240K(195584K) Eden: 202240K(202240K)->0K(195072K) From: 256K(512K)->240K(512K)
[14109.188s][info][gc,heap        ] GC(35456) ParOldGen: 388493K(388608K)->388509K(388608K)
[14109.188s][info][gc,metaspace   ] GC(35456) Metaspace: 8795K(9024K)->8795K(9024K) NonClass: 8143K(8320K)->8143K(8320K) Class: 652K(704K)->652K(704K)
[14109.188s][info][gc             ] GC(35456) Pause Young (Allocation Failure) 577M->379M(570M) 1.301ms
[14109.189s][info][gc,cpu         ] GC(35456) User=0.00s Sys=0.00s Real=0.00s
[14109.837s][info][gc,start       ] GC(35457) Pause Young (Allocation Failure)
[14109.838s][info][gc,heap        ] GC(35457) PSYoungGen: 195312K(195584K)->256K(188416K) Eden: 195072K(195072K)->0K(187904K) From: 240K(512K)->256K(512K)
[14109.838s][info][gc,heap        ] GC(35457) ParOldGen: 388509K(388608K)->388525K(388608K)
[14109.838s][info][gc,metaspace   ] GC(35457) Metaspace: 8795K(9024K)->8795K(9024K) NonClass: 8143K(8320K)->8143K(8320K) Class: 652K(704K)->652K(704K)
[14109.838s][info][gc             ] GC(35457) Pause Young (Allocation Failure) 570M->379M(563M) 1.327ms
[14109.838s][info][gc,cpu         ] GC(35457) User=0.00s Sys=0.00s Real=0.00s
[14110.493s][info][gc,start       ] GC(35458) Pause Young (Allocation Failure)
[14110.494s][info][gc,heap        ] GC(35458) PSYoungGen: 188160K(188416K)->240K(181760K) Eden: 187904K(187904K)->0K(181248K) From: 256K(512K)->240K(512K)
[14110.494s][info][gc,heap        ] GC(35458) ParOldGen: 388525K(388608K)->388541K(388608K)
[14110.494s][info][gc,metaspace   ] GC(35458) Metaspace: 8795K(9024K)->8795K(9024K) NonClass: 8143K(8320K)->8143K(8320K) Class: 652K(704K)->652K(704K)
[14110.494s][info][gc             ] GC(35458) Pause Young (Allocation Failure) 563M->379M(557M) 1.311ms
[14110.494s][info][gc,cpu         ] GC(35458) User=0.00s Sys=0.00s Real=0.00s
[14111.078s][info][gc,start       ] GC(35459) Pause Young (Allocation Failure)
[14111.079s][info][gc,heap        ] GC(35459) PSYoungGen: 181488K(181760K)->272K(175104K) Eden: 181248K(181248K)->0K(174592K) From: 240K(512K)->272K(512K)
[14111.079s][info][gc,heap        ] GC(35459) ParOldGen: 388541K(388608K)->388557K(388608K)
[14111.079s][info][gc,metaspace   ] GC(35459) Metaspace: 8795K(9024K)->8795K(9024K) NonClass: 8143K(8320K)->8143K(8320K) Class: 652K(704K)->652K(704K)
[14111.079s][info][gc             ] GC(35459) Pause Young (Allocation Failure) 556M->379M(550M) 1.297ms
[14111.079s][info][gc,cpu         ] GC(35459) User=0.00s Sys=0.00s Real=0.00s
[14111.655s][info][gc,start       ] GC(35460) Pause Young (Allocation Failure)
[14111.656s][info][gc,heap        ] GC(35460) PSYoungGen: 174864K(175104K)->240K(168960K) Eden: 174592K(174592K)->0K(168448K) From: 272K(512K)->240K(512K)
[14111.656s][info][gc,heap        ] GC(35460) ParOldGen: 388557K(388608K)->388589K(388608K)
[14111.656s][info][gc,metaspace   ] GC(35460) Metaspace: 8795K(9024K)->8795K(9024K) NonClass: 8143K(8320K)->8143K(8320K) Class: 652K(704K)->652K(704K)
[14111.656s][info][gc             ] GC(35460) Pause Young (Allocation Failure) 550M->379M(544M) 1.289ms
[14111.656s][info][gc,cpu         ] GC(35460) User=0.00s Sys=0.00s Real=0.00s
[14112.196s][info][gc,start       ] GC(35461) Pause Young (Allocation Failure)
[14112.198s][info][gc,heap        ] GC(35461) PSYoungGen: 168688K(168960K)->224K(163328K) Eden: 168448K(168448K)->0K(162816K) From: 240K(512K)->224K(512K)
[14112.198s][info][gc,heap        ] GC(35461) ParOldGen: 388589K(388608K)->388605K(388608K)
[14112.198s][info][gc,metaspace   ] GC(35461) Metaspace: 8795K(9024K)->8795K(9024K) NonClass: 8143K(8320K)->8143K(8320K) Class: 652K(704K)->652K(704K)
[14112.198s][info][gc             ] GC(35461) Pause Young (Allocation Failure) 544M->379M(539M) 1.272ms
[14112.198s][info][gc,cpu         ] GC(35461) User=0.01s Sys=0.00s Real=0.00s
[14112.738s][info][gc,start       ] GC(35462) Pause Young (Allocation Failure)
[14112.740s][info][gc,heap        ] GC(35462) PSYoungGen: 163040K(163328K)->240K(157696K) Eden: 162816K(162816K)->0K(157184K) From: 224K(512K)->240K(512K)
[14112.740s][info][gc,heap        ] GC(35462) ParOldGen: 388605K(388608K)->388621K(389120K)
[14112.740s][info][gc,metaspace   ] GC(35462) Metaspace: 8795K(9024K)->8795K(9024K) NonClass: 8143K(8320K)->8143K(8320K) Class: 652K(704K)->652K(704K)
[14112.740s][info][gc             ] GC(35462) Pause Young (Allocation Failure) 538M->379M(534M) 1.362ms
[14112.740s][info][gc,cpu         ] GC(35462) User=0.00s Sys=0.00s Real=0.00s
[14113.255s][info][gc,start       ] GC(35463) Pause Young (Allocation Failure)
[14113.257s][info][gc,heap        ] GC(35463) PSYoungGen: 157424K(157696K)->240K(152576K) Eden: 157184K(157184K)->0K(152064K) From: 240K(512K)->240K(512K)
[14113.257s][info][gc,heap        ] GC(35463) ParOldGen: 388621K(389120K)->388637K(389120K)
[14113.257s][info][gc,metaspace   ] GC(35463) Metaspace: 8795K(9024K)->8795K(9024K) NonClass: 8143K(8320K)->8143K(8320K) Class: 652K(704K)->652K(704K)
[14113.257s][info][gc             ] GC(35463) Pause Young (Allocation Failure) 533M->379M(529M) 1.706ms
[14113.257s][info][gc,cpu         ] GC(35463) User=0.01s Sys=0.00s Real=0.00s
[14113.752s][info][gc,start       ] GC(35464) Pause Young (Allocation Failure)
[14113.753s][info][gc,heap        ] GC(35464) PSYoungGen: 152304K(152576K)->256K(147456K) Eden: 152064K(152064K)->0K(146944K) From: 240K(512K)->256K(512K)
[14113.753s][info][gc,heap        ] GC(35464) ParOldGen: 388637K(389120K)->388653K(389120K)
[14113.753s][info][gc,metaspace   ] GC(35464) Metaspace: 8795K(9024K)->8795K(9024K) NonClass: 8143K(8320K)->8143K(8320K) Class: 652K(704K)->652K(704K)
[14113.753s][info][gc             ] GC(35464) Pause Young (Allocation Failure) 528M->379M(524M) 1.310ms
[14113.753s][info][gc,cpu         ] GC(35464) User=0.00s Sys=0.00s Real=0.00s
[14114.233s][info][gc,start       ] GC(35465) Pause Young (Allocation Failure)
[14114.234s][info][gc,heap        ] GC(35465) PSYoungGen: 147200K(147456K)->256K(142848K) Eden: 146944K(146944K)->0K(142336K) From: 256K(512K)->256K(512K)
[14114.234s][info][gc,heap        ] GC(35465) ParOldGen: 388653K(389120K)->388669K(389120K)
[14114.234s][info][gc,metaspace   ] GC(35465) Metaspace: 8795K(9024K)->8795K(9024K) NonClass: 8143K(8320K)->8143K(8320K) Class: 652K(704K)->652K(704K)
[14114.234s][info][gc             ] GC(35465) Pause Young (Allocation Failure) 523M->379M(519M) 1.325ms
[14114.234s][info][gc,cpu         ] GC(35465) User=0.00s Sys=0.00s Real=0.00s
[14114.704s][info][gc,start       ] GC(35466) Pause Young (Allocation Failure)
[14114.705s][info][gc,heap        ] GC(35466) PSYoungGen: 142592K(142848K)->240K(138240K) Eden: 142336K(142336K)->0K(137728K) From: 256K(512K)->240K(512K)
[14114.705s][info][gc,heap        ] GC(35466) ParOldGen: 388669K(389120K)->388685K(389120K)
[14114.705s][info][gc,metaspace   ] GC(35466) Metaspace: 8795K(9024K)->8795K(9024K) NonClass: 8143K(8320K)->8143K(8320K) Class: 652K(704K)->652K(704K)
[14114.705s][info][gc             ] GC(35466) Pause Young (Allocation Failure) 518M->379M(515M) 1.284ms
[14114.705s][info][gc,cpu         ] GC(35466) User=0.00s Sys=0.00s Real=0.00s
[14115.154s][info][gc,start       ] GC(35467) Pause Young (Allocation Failure)
[14115.155s][info][gc,heap        ] GC(35467) PSYoungGen: 137968K(138240K)->240K(133632K) Eden: 137728K(137728K)->0K(133120K) From: 240K(512K)->240K(512K)
[14115.155s][info][gc,heap        ] GC(35467) ParOldGen: 388685K(389120K)->388701K(389120K)
[14115.155s][info][gc,metaspace   ] GC(35467) Metaspace: 8795K(9024K)->8795K(9024K) NonClass: 8143K(8320K)->8143K(8320K) Class: 652K(704K)->652K(704K)
[14115.155s][info][gc             ] GC(35467) Pause Young (Allocation Failure) 514M->379M(510M) 1.310ms
[14115.155s][info][gc,cpu         ] GC(35467) User=0.01s Sys=0.00s Real=0.00s
[14115.593s][info][gc,start       ] GC(35468) Pause Young (Allocation Failure)
[14115.594s][info][gc,heap        ] GC(35468) PSYoungGen: 133360K(133632K)->256K(129536K) Eden: 133120K(133120K)->0K(129024K) From: 240K(512K)->256K(512K)
[14115.594s][info][gc,heap        ] GC(35468) ParOldGen: 388701K(389120K)->388733K(389120K)
[14115.594s][info][gc,metaspace   ] GC(35468) Metaspace: 8795K(9024K)->8795K(9024K) NonClass: 8143K(8320K)->8143K(8320K) Class: 652K(704K)->652K(704K)
[14115.594s][info][gc             ] GC(35468) Pause Young (Allocation Failure) 509M->379M(506M) 1.320ms
[14115.594s][info][gc,cpu         ] GC(35468) User=0.01s Sys=0.00s Real=0.00s
[14116.008s][info][gc,start       ] GC(35469) Pause Young (Allocation Failure)
[14116.009s][info][gc,heap        ] GC(35469) PSYoungGen: 129280K(129536K)->256K(125440K) Eden: 129024K(129024K)->0K(124928K) From: 256K(512K)->256K(512K)
[14116.009s][info][gc,heap        ] GC(35469) ParOldGen: 388733K(389120K)->388749K(389120K)
[14116.009s][info][gc,metaspace   ] GC(35469) Metaspace: 8795K(9024K)->8795K(9024K) NonClass: 8143K(8320K)->8143K(8320K) Class: 652K(704K)->652K(704K)
[14116.010s][info][gc             ] GC(35469) Pause Young (Allocation Failure) 505M->379M(502M) 1.364ms
[14116.010s][info][gc,cpu         ] GC(35469) User=0.00s Sys=0.00s Real=0.00s
[14116.404s][info][gc,start       ] GC(35470) Pause Young (Allocation Failure)
[14116.405s][info][gc,heap        ] GC(35470) PSYoungGen: 125184K(125440K)->240K(121344K) Eden: 124928K(124928K)->0K(120832K) From: 256K(512K)->240K(512K)
[14116.405s][info][gc,heap        ] GC(35470) ParOldGen: 388749K(389120K)->388765K(389120K)
[14116.405s][info][gc,metaspace   ] GC(35470) Metaspace: 8795K(9024K)->8795K(9024K) NonClass: 8143K(8320K)->8143K(8320K) Class: 652K(704K)->652K(704K)
[14116.405s][info][gc             ] GC(35470) Pause Young (Allocation Failure) 501M->379M(498M) 1.281ms
[14116.405s][info][gc,cpu         ] GC(35470) User=0.00s Sys=0.00s Real=0.00s
[14116.806s][info][gc,start       ] GC(35471) Pause Young (Allocation Failure)
[14116.808s][info][gc,heap        ] GC(35471) PSYoungGen: 121072K(121344K)->224K(117760K) Eden: 120832K(120832K)->0K(117248K) From: 240K(512K)->224K(512K)
[14116.808s][info][gc,heap        ] GC(35471) ParOldGen: 388765K(389120K)->388781K(389120K)
[14116.808s][info][gc,metaspace   ] GC(35471) Metaspace: 8795K(9024K)->8795K(9024K) NonClass: 8143K(8320K)->8143K(8320K) Class: 652K(704K)->652K(704K)
[14116.808s][info][gc             ] GC(35471) Pause Young (Allocation Failure) 497M->379M(495M) 1.283ms
[14116.808s][info][gc,cpu         ] GC(35471) User=0.01s Sys=0.00s Real=0.00s
[14117.164s][info][gc,start       ] GC(35472) Pause Young (Allocation Failure)
[14117.166s][info][gc,heap        ] GC(35472) PSYoungGen: 117472K(117760K)->256K(114176K) Eden: 117248K(117248K)->0K(113664K) From: 224K(512K)->256K(512K)
[14117.166s][info][gc,heap        ] GC(35472) ParOldGen: 388781K(389120K)->388797K(389120K)
[14117.166s][info][gc,metaspace   ] GC(35472) Metaspace: 8795K(9024K)->8795K(9024K) NonClass: 8143K(8320K)->8143K(8320K) Class: 652K(704K)->652K(704K)
[14117.166s][info][gc             ] GC(35472) Pause Young (Allocation Failure) 494M->379M(491M) 1.266ms
[14117.166s][info][gc,cpu         ] GC(35472) User=0.00s Sys=0.00s Real=0.00s
[14117.528s][info][gc,start       ] GC(35473) Pause Young (Allocation Failure)
[14117.529s][info][gc,heap        ] GC(35473) PSYoungGen: 113920K(114176K)->240K(110592K) Eden: 113664K(113664K)->0K(110080K) From: 256K(512K)->240K(512K)
[14117.529s][info][gc,heap        ] GC(35473) ParOldGen: 388797K(389120K)->388813K(389120K)
[14117.529s][info][gc,metaspace   ] GC(35473) Metaspace: 8795K(9024K)->8795K(9024K) NonClass: 8143K(8320K)->8143K(8320K) Class: 652K(704K)->652K(704K)
[14117.529s][info][gc             ] GC(35473) Pause Young (Allocation Failure) 490M->379M(488M) 1.342ms
[14117.530s][info][gc,cpu         ] GC(35473) User=0.00s Sys=0.00s Real=0.00s
[14117.907s][info][gc,start       ] GC(35474) Pause Young (Allocation Failure)
[14117.908s][info][gc,heap        ] GC(35474) PSYoungGen: 110320K(110592K)->288K(107520K) Eden: 110080K(110080K)->0K(107008K) From: 240K(512K)->288K(512K)
[14117.908s][info][gc,heap        ] GC(35474) ParOldGen: 388813K(389120K)->388829K(389120K)
[14117.908s][info][gc,metaspace   ] GC(35474) Metaspace: 8795K(9024K)->8795K(9024K) NonClass: 8143K(8320K)->8143K(8320K) Class: 652K(704K)->652K(704K)
[14117.908s][info][gc             ] GC(35474) Pause Young (Allocation Failure) 487M->379M(485M) 1.302ms
[14117.908s][info][gc,cpu         ] GC(35474) User=0.00s Sys=0.00s Real=0.00s
[14118.245s][info][gc,start       ] GC(35475) Pause Young (Allocation Failure)
[14118.246s][info][gc,heap        ] GC(35475) PSYoungGen: 107296K(107520K)->128K(104448K) Eden: 107008K(107008K)->0K(103936K) From: 288K(512K)->128K(512K)
[14118.246s][info][gc,heap        ] GC(35475) ParOldGen: 388829K(389120K)->388837K(389120K)
[14118.246s][info][gc,metaspace   ] GC(35475) Metaspace: 8795K(9024K)->8795K(9024K) NonClass: 8143K(8320K)->8143K(8320K) Class: 652K(704K)->652K(704K)
[14118.246s][info][gc             ] GC(35475) Pause Young (Allocation Failure) 484M->379M(482M) 1.231ms
[14118.246s][info][gc,cpu         ] GC(35475) User=0.00s Sys=0.00s Real=0.00s
[14118.572s][info][gc,start       ] GC(35476) Pause Young (Allocation Failure)
[14118.573s][info][gc,heap        ] GC(35476) PSYoungGen: 104064K(104448K)->240K(101376K) Eden: 103936K(103936K)->0K(100864K) From: 128K(512K)->240K(512K)
[14118.573s][info][gc,heap        ] GC(35476) ParOldGen: 388837K(389120K)->388853K(389120K)
[14118.573s][info][gc,metaspace   ] GC(35476) Metaspace: 8795K(9024K)->8795K(9024K) NonClass: 8143K(8320K)->8143K(8320K) Class: 652K(704K)->652K(704K)
[14118.573s][info][gc             ] GC(35476) Pause Young (Allocation Failure) 481M->379M(479M) 1.355ms
[14118.573s][info][gc,cpu         ] GC(35476) User=0.00s Sys=0.00s Real=0.00s
[14118.900s][info][gc,start       ] GC(35477) Pause Young (Allocation Failure)
[14118.903s][info][gc,heap        ] GC(35477) PSYoungGen: 101104K(101376K)->240K(98304K) Eden: 100864K(100864K)->0K(97792K) From: 240K(512K)->240K(512K)
[14118.903s][info][gc,heap        ] GC(35477) ParOldGen: 388853K(389120K)->388861K(389120K)
[14118.903s][info][gc,metaspace   ] GC(35477) Metaspace: 8795K(9024K)->8795K(9024K) NonClass: 8143K(8320K)->8143K(8320K) Class: 652K(704K)->652K(704K)
[14118.903s][info][gc             ] GC(35477) Pause Young (Allocation Failure) 478M->379M(476M) 2.350ms
[14118.903s][info][gc,cpu         ] GC(35477) User=0.00s Sys=0.00s Real=0.00s
[14119.216s][info][gc,start       ] GC(35478) Pause Young (Allocation Failure)
[14119.219s][info][gc,heap        ] GC(35478) PSYoungGen: 98032K(98304K)->224K(95744K) Eden: 97792K(97792K)->0K(95232K) From: 240K(512K)->224K(512K)
[14119.219s][info][gc,heap        ] GC(35478) ParOldGen: 388861K(389120K)->388869K(389120K)
[14119.219s][info][gc,metaspace   ] GC(35478) Metaspace: 8795K(9024K)->8795K(9024K) NonClass: 8143K(8320K)->8143K(8320K) Class: 652K(704K)->652K(704K)
[14119.219s][info][gc             ] GC(35478) Pause Young (Allocation Failure) 475M->379M(473M) 2.377ms
[14119.219s][info][gc,cpu         ] GC(35478) User=0.00s Sys=0.00s Real=0.00s
[14119.518s][info][gc,start       ] GC(35479) Pause Young (Allocation Failure)
[14119.521s][info][gc,heap        ] GC(35479) PSYoungGen: 95456K(95744K)->272K(93184K) Eden: 95232K(95232K)->0K(92672K) From: 224K(512K)->272K(512K)
[14119.521s][info][gc,heap        ] GC(35479) ParOldGen: 388869K(389120K)->388877K(389120K)
[14119.521s][info][gc,metaspace   ] GC(35479) Metaspace: 8795K(9024K)->8795K(9024K) NonClass: 8143K(8320K)->8143K(8320K) Class: 652K(704K)->652K(704K)
[14119.521s][info][gc             ] GC(35479) Pause Young (Allocation Failure) 472M->380M(471M) 2.362ms
[14119.521s][info][gc,cpu         ] GC(35479) User=0.00s Sys=0.00s Real=0.01s
[14119.858s][info][gc,start       ] GC(35480) Pause Young (Allocation Failure)
[14119.860s][info][gc,heap        ] GC(35480) PSYoungGen: 92944K(93184K)->224K(90624K) Eden: 92672K(92672K)->0K(90112K) From: 272K(512K)->224K(512K)
[14119.860s][info][gc,heap        ] GC(35480) ParOldGen: 388877K(389120K)->388885K(389120K)
[14119.860s][info][gc,metaspace   ] GC(35480) Metaspace: 8795K(9024K)->8795K(9024K) NonClass: 8143K(8320K)->8143K(8320K) Class: 652K(704K)->652K(704K)
[14119.860s][info][gc             ] GC(35480) Pause Young (Allocation Failure) 470M->379M(468M) 2.430ms
[14119.860s][info][gc,cpu         ] GC(35480) User=0.00s Sys=0.00s Real=0.01s
[14120.155s][info][gc,start       ] GC(35481) Pause Young (Allocation Failure)
[14120.157s][info][gc,heap        ] GC(35481) PSYoungGen: 90336K(90624K)->224K(88064K) Eden: 90112K(90112K)->0K(87552K) From: 224K(512K)->224K(512K)
[14120.157s][info][gc,heap        ] GC(35481) ParOldGen: 388885K(389120K)->388901K(389120K)
[14120.157s][info][gc,metaspace   ] GC(35481) Metaspace: 8795K(9024K)->8795K(9024K) NonClass: 8143K(8320K)->8143K(8320K) Class: 652K(704K)->652K(704K)
[14120.157s][info][gc             ] GC(35481) Pause Young (Allocation Failure) 467M->380M(466M) 2.428ms
[14120.157s][info][gc,cpu         ] GC(35481) User=0.00s Sys=0.00s Real=0.00s
[14120.447s][info][gc,start       ] GC(35482) Pause Young (Allocation Failure)
[14120.450s][info][gc,heap        ] GC(35482) PSYoungGen: 87776K(88064K)->128K(202752K) Eden: 87552K(87552K)->0K(202240K) From: 224K(512K)->128K(512K)
[14120.450s][info][gc,heap        ] GC(35482) ParOldGen: 388901K(389120K)->388909K(389120K)
[14120.450s][info][gc,metaspace   ] GC(35482) Metaspace: 8795K(9024K)->8795K(9024K) NonClass: 8143K(8320K)->8143K(8320K) Class: 652K(704K)->652K(704K)
[14120.450s][info][gc             ] GC(35482) Pause Young (Allocation Failure) 465M->379M(578M) 3.032ms
[14120.450s][info][gc,cpu         ] GC(35482) User=0.00s Sys=0.00s Real=0.00s
[14121.219s][info][gc,start       ] GC(35483) Pause Young (Allocation Failure)
[14121.222s][info][gc,heap        ] GC(35483) PSYoungGen: 202368K(202752K)->224K(195584K) Eden: 202240K(202240K)->0K(195072K) From: 128K(512K)->224K(512K)
[14121.222s][info][gc,heap        ] GC(35483) ParOldGen: 388909K(389120K)->388925K(389120K)
[14121.222s][info][gc,metaspace   ] GC(35483) Metaspace: 8795K(9024K)->8795K(9024K) NonClass: 8143K(8320K)->8143K(8320K) Class: 652K(704K)->652K(704K)
[14121.222s][info][gc             ] GC(35483) Pause Young (Allocation Failure) 577M->380M(571M) 2.699ms
[14121.222s][info][gc,cpu         ] GC(35483) User=0.00s Sys=0.00s Real=0.01s
[14121.880s][info][gc,start       ] GC(35484) Pause Young (Allocation Failure)
[14121.881s][info][gc,heap        ] GC(35484) PSYoungGen: 195296K(195584K)->224K(188416K) Eden: 195072K(195072K)->0K(187904K) From: 224K(512K)->224K(512K)
[14121.881s][info][gc,heap        ] GC(35484) ParOldGen: 388925K(389120K)->388941K(389120K)
[14121.881s][info][gc,metaspace   ] GC(35484) Metaspace: 8795K(9024K)->8795K(9024K) NonClass: 8143K(8320K)->8143K(8320K) Class: 652K(704K)->652K(704K)
[14121.882s][info][gc             ] GC(35484) Pause Young (Allocation Failure) 570M->380M(564M) 1.320ms
[14121.882s][info][gc,cpu         ] GC(35484) User=0.01s Sys=0.00s Real=0.01s
[14122.498s][info][gc,start       ] GC(35485) Pause Young (Allocation Failure)
[14122.499s][info][gc,heap        ] GC(35485) PSYoungGen: 188128K(188416K)->240K(181760K) Eden: 187904K(187904K)->0K(181248K) From: 224K(512K)->240K(512K)
[14122.499s][info][gc,heap        ] GC(35485) ParOldGen: 388941K(389120K)->388957K(389120K)
[14122.499s][info][gc,metaspace   ] GC(35485) Metaspace: 8795K(9024K)->8795K(9024K) NonClass: 8143K(8320K)->8143K(8320K) Class: 652K(704K)->652K(704K)
[14122.499s][info][gc             ] GC(35485) Pause Young (Allocation Failure) 563M->380M(557M) 1.344ms
[14122.499s][info][gc,cpu         ] GC(35485) User=0.00s Sys=0.00s Real=0.00s
[14123.080s][info][gc,start       ] GC(35486) Pause Young (Allocation Failure)
[14123.081s][info][gc,heap        ] GC(35486) PSYoungGen: 181488K(181760K)->256K(175104K) Eden: 181248K(181248K)->0K(174592K) From: 240K(512K)->256K(512K)
[14123.081s][info][gc,heap        ] GC(35486) ParOldGen: 388957K(389120K)->388973K(389120K)
[14123.081s][info][gc,metaspace   ] GC(35486) Metaspace: 8795K(9024K)->8795K(9024K) NonClass: 8143K(8320K)->8143K(8320K) Class: 652K(704K)->652K(704K)
[14123.081s][info][gc             ] GC(35486) Pause Young (Allocation Failure) 557M->380M(551M) 1.273ms
[14123.081s][info][gc,cpu         ] GC(35486) User=0.00s Sys=0.00s Real=0.01s
[14123.635s][info][gc,start       ] GC(35487) Pause Young (Allocation Failure)
[14123.636s][info][gc,heap        ] GC(35487) PSYoungGen: 174848K(175104K)->256K(168960K) Eden: 174592K(174592K)->0K(168448K) From: 256K(512K)->256K(512K)
[14123.636s][info][gc,heap        ] GC(35487) ParOldGen: 388973K(389120K)->388989K(389120K)
[14123.637s][info][gc,metaspace   ] GC(35487) Metaspace: 8795K(9024K)->8795K(9024K) NonClass: 8143K(8320K)->8143K(8320K) Class: 652K(704K)->652K(704K)
[14123.637s][info][gc             ] GC(35487) Pause Young (Allocation Failure) 550M->380M(545M) 1.307ms
[14123.637s][info][gc,cpu         ] GC(35487) User=0.00s Sys=0.00s Real=0.00s
[14124.227s][info][gc,start       ] GC(35488) Pause Young (Allocation Failure)
[14124.228s][info][gc,heap        ] GC(35488) PSYoungGen: 168704K(168960K)->160K(163328K) Eden: 168448K(168448K)->0K(162816K) From: 256K(512K)->160K(512K)
[14124.228s][info][gc,heap        ] GC(35488) ParOldGen: 388989K(389120K)->388997K(389120K)
[14124.228s][info][gc,metaspace   ] GC(35488) Metaspace: 8795K(9024K)->8795K(9024K) NonClass: 8143K(8320K)->8143K(8320K) Class: 652K(704K)->652K(704K)
[14124.228s][info][gc             ] GC(35488) Pause Young (Allocation Failure) 544M->380M(539M) 1.427ms
[14124.228s][info][gc,cpu         ] GC(35488) User=0.00s Sys=0.00s Real=0.00s
[14124.775s][info][gc,start       ] GC(35489) Pause Young (Allocation Failure)
[14124.776s][info][gc,heap        ] GC(35489) PSYoungGen: 162976K(163328K)->224K(157696K) Eden: 162816K(162816K)->0K(157184K) From: 160K(512K)->224K(512K)
[14124.776s][info][gc,heap        ] GC(35489) ParOldGen: 388997K(389120K)->389013K(389120K)
[14124.776s][info][gc,metaspace   ] GC(35489) Metaspace: 8795K(9024K)->8795K(9024K) NonClass: 8143K(8320K)->8143K(8320K) Class: 652K(704K)->652K(704K)
[14124.776s][info][gc             ] GC(35489) Pause Young (Allocation Failure) 539M->380M(534M) 1.244ms
[14124.776s][info][gc,cpu         ] GC(35489) User=0.00s Sys=0.00s Real=0.00s
[14125.275s][info][gc,start       ] GC(35490) Pause Young (Allocation Failure)
[14125.277s][info][gc,heap        ] GC(35490) PSYoungGen: 157408K(157696K)->256K(152576K) Eden: 157184K(157184K)->0K(152064K) From: 224K(512K)->256K(512K)
[14125.277s][info][gc,heap        ] GC(35490) ParOldGen: 389013K(389120K)->389029K(389120K)
[14125.277s][info][gc,metaspace   ] GC(35490) Metaspace: 8795K(9024K)->8795K(9024K) NonClass: 8143K(8320K)->8143K(8320K) Class: 652K(704K)->652K(704K)
[14125.277s][info][gc             ] GC(35490) Pause Young (Allocation Failure) 533M->380M(529M) 1.327ms
[14125.277s][info][gc,cpu         ] GC(35490) User=0.01s Sys=0.00s Real=0.00s
[14125.757s][info][gc,start       ] GC(35491) Pause Young (Allocation Failure)
[14125.758s][info][gc,heap        ] GC(35491) PSYoungGen: 152320K(152576K)->64K(147456K) Eden: 152064K(152064K)->0K(146944K) From: 256K(512K)->64K(512K)
[14125.758s][info][gc,heap        ] GC(35491) ParOldGen: 389029K(389120K)->389037K(389120K)
[14125.758s][info][gc,metaspace   ] GC(35491) Metaspace: 8795K(9024K)->8795K(9024K) NonClass: 8143K(8320K)->8143K(8320K) Class: 652K(704K)->652K(704K)
[14125.758s][info][gc             ] GC(35491) Pause Young (Allocation Failure) 528M->379M(524M) 1.687ms
[14125.758s][info][gc,cpu         ] GC(35491) User=0.00s Sys=0.00s Real=0.00s
[14126.204s][info][gc,start       ] GC(35492) Pause Young (Allocation Failure)
[14126.205s][info][gc,heap        ] GC(35492) PSYoungGen: 147008K(147456K)->256K(142848K) Eden: 146944K(146944K)->0K(142336K) From: 64K(512K)->256K(512K)
[14126.205s][info][gc,heap        ] GC(35492) ParOldGen: 389037K(389120K)->389053K(389120K)
[14126.205s][info][gc,metaspace   ] GC(35492) Metaspace: 8795K(9024K)->8795K(9024K) NonClass: 8143K(8320K)->8143K(8320K) Class: 652K(704K)->652K(704K)
[14126.205s][info][gc             ] GC(35492) Pause Young (Allocation Failure) 523M->380M(519M) 1.273ms
[14126.205s][info][gc,cpu         ] GC(35492) User=0.00s Sys=0.00s Real=0.00s
[14126.624s][info][gc,start       ] GC(35493) Pause Young (Allocation Failure)
[14126.625s][info][gc,heap        ] GC(35493) PSYoungGen: 142592K(142848K)->240K(138240K) Eden: 142336K(142336K)->0K(137728K) From: 256K(512K)->240K(512K)
[14126.625s][info][gc,heap        ] GC(35493) ParOldGen: 389053K(389120K)->389069K(389120K)
[14126.625s][info][gc,metaspace   ] GC(35493) Metaspace: 8795K(9024K)->8795K(9024K) NonClass: 8143K(8320K)->8143K(8320K) Class: 652K(704K)->652K(704K)
[14126.625s][info][gc             ] GC(35493) Pause Young (Allocation Failure) 519M->380M(515M) 1.262ms
[14126.625s][info][gc,cpu         ] GC(35493) User=0.00s Sys=0.00s Real=0.00s
[14127.051s][info][gc,start       ] GC(35494) Pause Young (Allocation Failure)
[14127.053s][info][gc,heap        ] GC(35494) PSYoungGen: 137968K(138240K)->288K(133632K) Eden: 137728K(137728K)->0K(133120K) From: 240K(512K)->288K(512K)
[14127.053s][info][gc,heap        ] GC(35494) ParOldGen: 389069K(389120K)->389085K(389120K)
[14127.053s][info][gc,metaspace   ] GC(35494) Metaspace: 8795K(9024K)->8795K(9024K) NonClass: 8143K(8320K)->8143K(8320K) Class: 652K(704K)->652K(704K)
[14127.053s][info][gc             ] GC(35494) Pause Young (Allocation Failure) 514M->380M(510M) 1.287ms
[14127.053s][info][gc,cpu         ] GC(35494) User=0.00s Sys=0.00s Real=0.00s
[14127.476s][info][gc,start       ] GC(35495) Pause Young (Allocation Failure)
[14127.477s][info][gc,heap        ] GC(35495) PSYoungGen: 133408K(133632K)->256K(129536K) Eden: 133120K(133120K)->0K(129024K) From: 288K(512K)->256K(512K)
[14127.477s][info][gc,heap        ] GC(35495) ParOldGen: 389085K(389120K)->389101K(389120K)
[14127.477s][info][gc,metaspace   ] GC(35495) Metaspace: 8795K(9024K)->8795K(9024K) NonClass: 8143K(8320K)->8143K(8320K) Class: 652K(704K)->652K(704K)
[14127.478s][info][gc             ] GC(35495) Pause Young (Allocation Failure) 510M->380M(506M) 1.587ms
[14127.478s][info][gc,cpu         ] GC(35495) User=0.00s Sys=0.00s Real=0.00s
[14127.910s][info][gc,start       ] GC(35496) Pause Young (Allocation Failure)
[14127.911s][info][gc,heap        ] GC(35496) PSYoungGen: 129280K(129536K)->288K(125440K) Eden: 129024K(129024K)->0K(124928K) From: 256K(512K)->288K(512K)
[14127.911s][info][gc,heap        ] GC(35496) ParOldGen: 389101K(389120K)->389117K(389120K)
[14127.911s][info][gc,metaspace   ] GC(35496) Metaspace: 8795K(9024K)->8795K(9024K) NonClass: 8143K(8320K)->8143K(8320K) Class: 652K(704K)->652K(704K)
[14127.911s][info][gc             ] GC(35496) Pause Young (Allocation Failure) 506M->380M(502M) 1.327ms
[14127.911s][info][gc,cpu         ] GC(35496) User=0.00s Sys=0.00s Real=0.01s
[14128.338s][info][gc,start       ] GC(35497) Pause Young (Allocation Failure)
[14128.339s][info][gc,heap        ] GC(35497) PSYoungGen: 125216K(125440K)->256K(121344K) Eden: 124928K(124928K)->0K(120832K) From: 288K(512K)->256K(512K)
[14128.339s][info][gc,heap        ] GC(35497) ParOldGen: 389117K(389120K)->389133K(389632K)
[14128.339s][info][gc,metaspace   ] GC(35497) Metaspace: 8795K(9024K)->8795K(9024K) NonClass: 8143K(8320K)->8143K(8320K) Class: 652K(704K)->652K(704K)
[14128.339s][info][gc             ] GC(35497) Pause Young (Allocation Failure) 502M->380M(499M) 1.355ms
[14128.339s][info][gc,cpu         ] GC(35497) User=0.00s Sys=0.00s Real=0.00s
[14128.719s][info][gc,start       ] GC(35498) Pause Young (Allocation Failure)
[14128.720s][info][gc,heap        ] GC(35498) PSYoungGen: 121088K(121344K)->256K(117760K) Eden: 120832K(120832K)->0K(117248K) From: 256K(512K)->256K(512K)
[14128.720s][info][gc,heap        ] GC(35498) ParOldGen: 389133K(389632K)->389149K(389632K)
[14128.720s][info][gc,metaspace   ] GC(35498) Metaspace: 8795K(9024K)->8795K(9024K) NonClass: 8143K(8320K)->8143K(8320K) Class: 652K(704K)->652K(704K)
[14128.720s][info][gc             ] GC(35498) Pause Young (Allocation Failure) 498M->380M(495M) 1.281ms
[14128.720s][info][gc,cpu         ] GC(35498) User=0.00s Sys=0.00s Real=0.00s
[14129.075s][info][gc,start       ] GC(35499) Pause Young (Allocation Failure)
[14129.076s][info][gc,heap        ] GC(35499) PSYoungGen: 117504K(117760K)->240K(114176K) Eden: 117248K(117248K)->0K(113664K) From: 256K(512K)->240K(512K)
[14129.076s][info][gc,heap        ] GC(35499) ParOldGen: 389149K(389632K)->389165K(389632K)
[14129.076s][info][gc,metaspace   ] GC(35499) Metaspace: 8795K(9024K)->8795K(9024K) NonClass: 8143K(8320K)->8143K(8320K) Class: 652K(704K)->652K(704K)
[14129.076s][info][gc             ] GC(35499) Pause Young (Allocation Failure) 494M->380M(492M) 1.274ms
[14129.076s][info][gc,cpu         ] GC(35499) User=0.00s Sys=0.00s Real=0.00s
[14129.428s][info][gc,start       ] GC(35500) Pause Young (Allocation Failure)
[14129.429s][info][gc,heap        ] GC(35500) PSYoungGen: 113904K(114176K)->272K(110592K) Eden: 113664K(113664K)->0K(110080K) From: 240K(512K)->272K(512K)
[14129.429s][info][gc,heap        ] GC(35500) ParOldGen: 389165K(389632K)->389181K(389632K)
[14129.430s][info][gc,metaspace   ] GC(35500) Metaspace: 8795K(9024K)->8795K(9024K) NonClass: 8143K(8320K)->8143K(8320K) Class: 652K(704K)->652K(704K)
[14129.430s][info][gc             ] GC(35500) Pause Young (Allocation Failure) 491M->380M(488M) 1.305ms
[14129.430s][info][gc,cpu         ] GC(35500) User=0.01s Sys=0.00s Real=0.00s
[14129.778s][info][gc,start       ] GC(35501) Pause Young (Allocation Failure)
[14129.779s][info][gc,heap        ] GC(35501) PSYoungGen: 110352K(110592K)->240K(107520K) Eden: 110080K(110080K)->0K(107008K) From: 272K(512K)->240K(512K)
[14129.779s][info][gc,heap        ] GC(35501) ParOldGen: 389181K(389632K)->389197K(389632K)
[14129.779s][info][gc,metaspace   ] GC(35501) Metaspace: 8795K(9024K)->8795K(9024K) NonClass: 8143K(8320K)->8143K(8320K) Class: 652K(704K)->652K(704K)
[14129.780s][info][gc             ] GC(35501) Pause Young (Allocation Failure) 487M->380M(485M) 1.273ms
[14129.780s][info][gc,cpu         ] GC(35501) User=0.00s Sys=0.00s Real=0.00s
[14130.147s][info][gc,start       ] GC(35502) Pause Young (Allocation Failure)
[14130.148s][info][gc,heap        ] GC(35502) PSYoungGen: 107248K(107520K)->240K(104448K) Eden: 107008K(107008K)->0K(103936K) From: 240K(512K)->240K(512K)
[14130.148s][info][gc,heap        ] GC(35502) ParOldGen: 389197K(389632K)->389213K(389632K)
[14130.148s][info][gc,metaspace   ] GC(35502) Metaspace: 8795K(9024K)->8795K(9024K) NonClass: 8143K(8320K)->8143K(8320K) Class: 652K(704K)->652K(704K)
[14130.148s][info][gc             ] GC(35502) Pause Young (Allocation Failure) 484M->380M(482M) 1.292ms
[14130.148s][info][gc,cpu         ] GC(35502) User=0.00s Sys=0.00s Real=0.00s
[14130.470s][info][gc,start       ] GC(35503) Pause Young (Allocation Failure)
[14130.471s][info][gc,heap        ] GC(35503) PSYoungGen: 104176K(104448K)->240K(101376K) Eden: 103936K(103936K)->0K(100864K) From: 240K(512K)->240K(512K)
[14130.471s][info][gc,heap        ] GC(35503) ParOldGen: 389213K(389632K)->389229K(389632K)
[14130.471s][info][gc,metaspace   ] GC(35503) Metaspace: 8795K(9024K)->8795K(9024K) NonClass: 8143K(8320K)->8143K(8320K) Class: 652K(704K)->652K(704K)
[14130.471s][info][gc             ] GC(35503) Pause Young (Allocation Failure) 481M->380M(479M) 1.304ms
[14130.471s][info][gc,cpu         ] GC(35503) User=0.00s Sys=0.00s Real=0.01s
[14130.805s][info][gc,start       ] GC(35504) Pause Young (Allocation Failure)
[14130.808s][info][gc,heap        ] GC(35504) PSYoungGen: 101104K(101376K)->272K(98304K) Eden: 100864K(100864K)->0K(97792K) From: 240K(512K)->272K(512K)
[14130.808s][info][gc,heap        ] GC(35504) ParOldGen: 389229K(389632K)->389237K(389632K)
[14130.808s][info][gc,metaspace   ] GC(35504) Metaspace: 8795K(9024K)->8795K(9024K) NonClass: 8143K(8320K)->8143K(8320K) Class: 652K(704K)->652K(704K)
[14130.808s][info][gc             ] GC(35504) Pause Young (Allocation Failure) 478M->380M(476M) 2.360ms
[14130.808s][info][gc,cpu         ] GC(35504) User=0.00s Sys=0.00s Real=0.00s
[14131.123s][info][gc,start       ] GC(35505) Pause Young (Allocation Failure)
[14131.124s][info][gc,heap        ] GC(35505) PSYoungGen: 98064K(98304K)->272K(95744K) Eden: 97792K(97792K)->0K(95232K) From: 272K(512K)->272K(512K)
[14131.124s][info][gc,heap        ] GC(35505) ParOldGen: 389237K(389632K)->389253K(389632K)
[14131.124s][info][gc,metaspace   ] GC(35505) Metaspace: 8795K(9024K)->8795K(9024K) NonClass: 8143K(8320K)->8143K(8320K) Class: 652K(704K)->652K(704K)
[14131.124s][info][gc             ] GC(35505) Pause Young (Allocation Failure) 475M->380M(474M) 1.662ms
[14131.124s][info][gc,cpu         ] GC(35505) User=0.01s Sys=0.00s Real=0.00s
[14131.461s][info][gc,start       ] GC(35506) Pause Young (Allocation Failure)
[14131.462s][info][gc,heap        ] GC(35506) PSYoungGen: 95504K(95744K)->240K(93184K) Eden: 95232K(95232K)->0K(92672K) From: 272K(512K)->240K(512K)
[14131.462s][info][gc,heap        ] GC(35506) ParOldGen: 389253K(389632K)->389269K(389632K)
[14131.462s][info][gc,metaspace   ] GC(35506) Metaspace: 8795K(9024K)->8795K(9024K) NonClass: 8143K(8320K)->8143K(8320K) Class: 652K(704K)->652K(704K)
[14131.462s][info][gc             ] GC(35506) Pause Young (Allocation Failure) 473M->380M(471M) 1.267ms
[14131.462s][info][gc,cpu         ] GC(35506) User=0.01s Sys=0.00s Real=0.00s
[14131.762s][info][gc,start       ] GC(35507) Pause Young (Allocation Failure)
[14131.763s][info][gc,heap        ] GC(35507) PSYoungGen: 92912K(93184K)->240K(90624K) Eden: 92672K(92672K)->0K(90112K) From: 240K(512K)->240K(512K)
[14131.763s][info][gc,heap        ] GC(35507) ParOldGen: 389269K(389632K)->389277K(389632K)
[14131.763s][info][gc,metaspace   ] GC(35507) Metaspace: 8795K(9024K)->8795K(9024K) NonClass: 8143K(8320K)->8143K(8320K) Class: 652K(704K)->652K(704K)
[14131.763s][info][gc             ] GC(35507) Pause Young (Allocation Failure) 470M->380M(469M) 1.797ms
[14131.763s][info][gc,cpu         ] GC(35507) User=0.00s Sys=0.00s Real=0.00s
[14132.074s][info][gc,start       ] GC(35508) Pause Young (Allocation Failure)
[14132.075s][info][gc,heap        ] GC(35508) PSYoungGen: 90352K(90624K)->304K(88064K) Eden: 90112K(90112K)->0K(87552K) From: 240K(512K)->304K(512K)
[14132.075s][info][gc,heap        ] GC(35508) ParOldGen: 389277K(389632K)->389293K(389632K)
[14132.075s][info][gc,metaspace   ] GC(35508) Metaspace: 8795K(9024K)->8795K(9024K) NonClass: 8143K(8320K)->8143K(8320K) Class: 652K(704K)->652K(704K)
[14132.075s][info][gc             ] GC(35508) Pause Young (Allocation Failure) 468M->380M(466M) 1.506ms
[14132.075s][info][gc,cpu         ] GC(35508) User=0.00s Sys=0.00s Real=0.00s
[14132.381s][info][gc,start       ] GC(35509) Pause Young (Allocation Failure)
[14132.382s][info][gc,heap        ] GC(35509) PSYoungGen: 87856K(88064K)->256K(202752K) Eden: 87552K(87552K)->0K(202240K) From: 304K(512K)->256K(512K)
[14132.382s][info][gc,heap        ] GC(35509) ParOldGen: 389293K(389632K)->389309K(389632K)
[14132.382s][info][gc,metaspace   ] GC(35509) Metaspace: 8795K(9024K)->8795K(9024K) NonClass: 8143K(8320K)->8143K(8320K) Class: 652K(704K)->652K(704K)
[14132.382s][info][gc             ] GC(35509) Pause Young (Allocation Failure) 465M->380M(578M) 1.291ms
[14132.382s][info][gc,cpu         ] GC(35509) User=0.00s Sys=0.00s Real=0.00s
[14133.086s][info][gc,start       ] GC(35510) Pause Young (Allocation Failure)
[14133.087s][info][gc,heap        ] GC(35510) PSYoungGen: 202496K(202752K)->288K(195584K) Eden: 202240K(202240K)->0K(195072K) From: 256K(512K)->288K(512K)
[14133.087s][info][gc,heap        ] GC(35510) ParOldGen: 389309K(389632K)->389325K(389632K)
[14133.087s][info][gc,metaspace   ] GC(35510) Metaspace: 8795K(9024K)->8795K(9024K) NonClass: 8143K(8320K)->8143K(8320K) Class: 652K(704K)->652K(704K)
[14133.087s][info][gc             ] GC(35510) Pause Young (Allocation Failure) 577M->380M(571M) 1.582ms
[14133.087s][info][gc,cpu         ] GC(35510) User=0.01s Sys=0.00s Real=0.00s
[14133.758s][info][gc,start       ] GC(35511) Pause Young (Allocation Failure)
[14133.759s][info][gc,heap        ] GC(35511) PSYoungGen: 195360K(195584K)->256K(188416K) Eden: 195072K(195072K)->0K(187904K) From: 288K(512K)->256K(512K)
[14133.759s][info][gc,heap        ] GC(35511) ParOldGen: 389325K(389632K)->389341K(389632K)
[14133.759s][info][gc,metaspace   ] GC(35511) Metaspace: 8795K(9024K)->8795K(9024K) NonClass: 8143K(8320K)->8143K(8320K) Class: 652K(704K)->652K(704K)
[14133.759s][info][gc             ] GC(35511) Pause Young (Allocation Failure) 570M->380M(564M) 1.320ms
[14133.759s][info][gc,cpu         ] GC(35511) User=0.00s Sys=0.00s Real=0.00s
[14134.349s][info][gc,start       ] GC(35512) Pause Young (Allocation Failure)
[14134.350s][info][gc,heap        ] GC(35512) PSYoungGen: 188160K(188416K)->240K(181760K) Eden: 187904K(187904K)->0K(181248K) From: 256K(512K)->240K(512K)
[14134.350s][info][gc,heap        ] GC(35512) ParOldGen: 389341K(389632K)->389357K(389632K)
[14134.350s][info][gc,metaspace   ] GC(35512) Metaspace: 8795K(9024K)->8795K(9024K) NonClass: 8143K(8320K)->8143K(8320K) Class: 652K(704K)->652K(704K)
[14134.350s][info][gc             ] GC(35512) Pause Young (Allocation Failure) 563M->380M(558M) 1.381ms
[14134.350s][info][gc,cpu         ] GC(35512) User=0.00s Sys=0.00s Real=0.00s
[14134.926s][info][gc,start       ] GC(35513) Pause Young (Allocation Failure)
[14134.928s][info][gc,heap        ] GC(35513) PSYoungGen: 181488K(181760K)->288K(175104K) Eden: 181248K(181248K)->0K(174592K) From: 240K(512K)->288K(512K)
[14134.928s][info][gc,heap        ] GC(35513) ParOldGen: 389357K(389632K)->389373K(389632K)
[14134.928s][info][gc,metaspace   ] GC(35513) Metaspace: 8795K(9024K)->8795K(9024K) NonClass: 8143K(8320K)->8143K(8320K) Class: 652K(704K)->652K(704K)
[14134.928s][info][gc             ] GC(35513) Pause Young (Allocation Failure) 557M->380M(551M) 1.724ms
[14134.928s][info][gc,cpu         ] GC(35513) User=0.00s Sys=0.00s Real=0.00s
[14135.487s][info][gc,start       ] GC(35514) Pause Young (Allocation Failure)
[14135.489s][info][gc,heap        ] GC(35514) PSYoungGen: 174880K(175104K)->240K(168960K) Eden: 174592K(174592K)->0K(168448K) From: 288K(512K)->240K(512K)
[14135.489s][info][gc,heap        ] GC(35514) ParOldGen: 389373K(389632K)->389389K(389632K)
[14135.489s][info][gc,metaspace   ] GC(35514) Metaspace: 8795K(9024K)->8795K(9024K) NonClass: 8143K(8320K)->8143K(8320K) Class: 652K(704K)->652K(704K)
[14135.489s][info][gc             ] GC(35514) Pause Young (Allocation Failure) 551M->380M(545M) 1.356ms
[14135.489s][info][gc,cpu         ] GC(35514) User=0.00s Sys=0.00s Real=0.00s
[14136.082s][info][gc,start       ] GC(35515) Pause Young (Allocation Failure)
[14136.084s][info][gc,heap        ] GC(35515) PSYoungGen: 168688K(168960K)->256K(163328K) Eden: 168448K(168448K)->0K(162816K) From: 240K(512K)->256K(512K)
[14136.084s][info][gc,heap        ] GC(35515) ParOldGen: 389389K(389632K)->389405K(389632K)
[14136.084s][info][gc,metaspace   ] GC(35515) Metaspace: 8795K(9024K)->8795K(9024K) NonClass: 8143K(8320K)->8143K(8320K) Class: 652K(704K)->652K(704K)
[14136.084s][info][gc             ] GC(35515) Pause Young (Allocation Failure) 544M->380M(540M) 1.343ms
[14136.084s][info][gc,cpu         ] GC(35515) User=0.00s Sys=0.00s Real=0.00s
[14136.591s][info][gc,start       ] GC(35516) Pause Young (Allocation Failure)
[14136.592s][info][gc,heap        ] GC(35516) PSYoungGen: 163072K(163328K)->256K(157696K) Eden: 162816K(162816K)->0K(157184K) From: 256K(512K)->256K(512K)
[14136.592s][info][gc,heap        ] GC(35516) ParOldGen: 389405K(389632K)->389421K(389632K)
[14136.592s][info][gc,metaspace   ] GC(35516) Metaspace: 8795K(9024K)->8795K(9024K) NonClass: 8143K(8320K)->8143K(8320K) Class: 652K(704K)->652K(704K)
[14136.592s][info][gc             ] GC(35516) Pause Young (Allocation Failure) 539M->380M(534M) 1.294ms
[14136.592s][info][gc,cpu         ] GC(35516) User=0.00s Sys=0.00s Real=0.00s
[14137.112s][info][gc,start       ] GC(35517) Pause Young (Allocation Failure)
[14137.113s][info][gc,heap        ] GC(35517) PSYoungGen: 157440K(157696K)->256K(152576K) Eden: 157184K(157184K)->0K(152064K) From: 256K(512K)->256K(512K)
[14137.113s][info][gc,heap        ] GC(35517) ParOldGen: 389421K(389632K)->389437K(389632K)
[14137.113s][info][gc,metaspace   ] GC(35517) Metaspace: 8795K(9024K)->8795K(9024K) NonClass: 8143K(8320K)->8143K(8320K) Class: 652K(704K)->652K(704K)
[14137.113s][info][gc             ] GC(35517) Pause Young (Allocation Failure) 534M->380M(529M) 1.292ms
[14137.113s][info][gc,cpu         ] GC(35517) User=0.00s Sys=0.00s Real=0.00s
[14137.615s][info][gc,start       ] GC(35518) Pause Young (Allocation Failure)
[14137.617s][info][gc,heap        ] GC(35518) PSYoungGen: 152320K(152576K)->288K(147456K) Eden: 152064K(152064K)->0K(146944K) From: 256K(512K)->288K(512K)
[14137.617s][info][gc,heap        ] GC(35518) ParOldGen: 389437K(389632K)->389453K(389632K)
[14137.617s][info][gc,metaspace   ] GC(35518) Metaspace: 8795K(9024K)->8795K(9024K) NonClass: 8143K(8320K)->8143K(8320K) Class: 652K(704K)->652K(704K)
[14137.617s][info][gc             ] GC(35518) Pause Young (Allocation Failure) 529M->380M(524M) 1.324ms
[14137.617s][info][gc,cpu         ] GC(35518) User=0.00s Sys=0.00s Real=0.00s
[14138.077s][info][gc,start       ] GC(35519) Pause Young (Allocation Failure)
[14138.079s][info][gc,heap        ] GC(35519) PSYoungGen: 147232K(147456K)->256K(142848K) Eden: 146944K(146944K)->0K(142336K) From: 288K(512K)->256K(512K)
[14138.079s][info][gc,heap        ] GC(35519) ParOldGen: 389453K(389632K)->389469K(389632K)
[14138.079s][info][gc,metaspace   ] GC(35519) Metaspace: 8795K(9024K)->8795K(9024K) NonClass: 8143K(8320K)->8143K(8320K) Class: 652K(704K)->652K(704K)
[14138.079s][info][gc             ] GC(35519) Pause Young (Allocation Failure) 524M->380M(520M) 1.324ms
[14138.079s][info][gc,cpu         ] GC(35519) User=0.01s Sys=0.00s Real=0.00s
[14138.526s][info][gc,start       ] GC(35520) Pause Young (Allocation Failure)
[14138.527s][info][gc,heap        ] GC(35520) PSYoungGen: 142592K(142848K)->240K(138240K) Eden: 142336K(142336K)->0K(137728K) From: 256K(512K)->240K(512K)
[14138.528s][info][gc,heap        ] GC(35520) ParOldGen: 389469K(389632K)->389485K(389632K)
[14138.528s][info][gc,metaspace   ] GC(35520) Metaspace: 8795K(9024K)->8795K(9024K) NonClass: 8143K(8320K)->8143K(8320K) Class: 652K(704K)->652K(704K)
[14138.528s][info][gc             ] GC(35520) Pause Young (Allocation Failure) 519M->380M(515M) 1.282ms
[14138.528s][info][gc,cpu         ] GC(35520) User=0.01s Sys=0.00s Real=0.00s
[14138.982s][info][gc,start       ] GC(35521) Pause Young (Allocation Failure)
[14138.984s][info][gc,heap        ] GC(35521) PSYoungGen: 137968K(138240K)->272K(133632K) Eden: 137728K(137728K)->0K(133120K) From: 240K(512K)->272K(512K)
[14138.984s][info][gc,heap        ] GC(35521) ParOldGen: 389485K(389632K)->389493K(389632K)
[14138.984s][info][gc,metaspace   ] GC(35521) Metaspace: 8795K(9024K)->8795K(9024K) NonClass: 8143K(8320K)->8143K(8320K) Class: 652K(704K)->652K(704K)
[14138.984s][info][gc             ] GC(35521) Pause Young (Allocation Failure) 515M->380M(511M) 2.500ms
[14138.984s][info][gc,cpu         ] GC(35521) User=0.00s Sys=0.00s Real=0.00s
[14139.432s][info][gc,start       ] GC(35522) Pause Young (Allocation Failure)
[14139.433s][info][gc,heap        ] GC(35522) PSYoungGen: 133392K(133632K)->240K(129536K) Eden: 133120K(133120K)->0K(129024K) From: 272K(512K)->240K(512K)
[14139.433s][info][gc,heap        ] GC(35522) ParOldGen: 389493K(389632K)->389509K(389632K)
[14139.433s][info][gc,metaspace   ] GC(35522) Metaspace: 8795K(9024K)->8795K(9024K) NonClass: 8143K(8320K)->8143K(8320K) Class: 652K(704K)->652K(704K)
[14139.434s][info][gc             ] GC(35522) Pause Young (Allocation Failure) 510M->380M(507M) 1.628ms
[14139.434s][info][gc,cpu         ] GC(35522) User=0.01s Sys=0.00s Real=0.00s
[14139.844s][info][gc,start       ] GC(35523) Pause Young (Allocation Failure)
[14139.847s][info][gc,heap        ] GC(35523) PSYoungGen: 129264K(129536K)->224K(125440K) Eden: 129024K(129024K)->0K(124928K) From: 240K(512K)->224K(512K)
[14139.847s][info][gc,heap        ] GC(35523) ParOldGen: 389509K(389632K)->389517K(389632K)
[14139.847s][info][gc,metaspace   ] GC(35523) Metaspace: 8795K(9024K)->8795K(9024K) NonClass: 8143K(8320K)->8143K(8320K) Class: 652K(704K)->652K(704K)
[14139.847s][info][gc             ] GC(35523) Pause Young (Allocation Failure) 506M->380M(503M) 2.356ms
[14139.847s][info][gc,cpu         ] GC(35523) User=0.00s Sys=0.00s Real=0.00s
[14140.281s][info][gc,start       ] GC(35524) Pause Young (Allocation Failure)
[14140.283s][info][gc,heap        ] GC(35524) PSYoungGen: 125152K(125440K)->240K(121344K) Eden: 124928K(124928K)->0K(120832K) From: 224K(512K)->240K(512K)
[14140.283s][info][gc,heap        ] GC(35524) ParOldGen: 389517K(389632K)->389525K(389632K)
[14140.283s][info][gc,metaspace   ] GC(35524) Metaspace: 8795K(9024K)->8795K(9024K) NonClass: 8143K(8320K)->8143K(8320K) Class: 652K(704K)->652K(704K)
[14140.283s][info][gc             ] GC(35524) Pause Young (Allocation Failure) 502M->380M(499M) 2.324ms
[14140.283s][info][gc,cpu         ] GC(35524) User=0.00s Sys=0.00s Real=0.00s
[14140.671s][info][gc,start       ] GC(35525) Pause Young (Allocation Failure)
[14140.672s][info][gc,heap        ] GC(35525) PSYoungGen: 121072K(121344K)->240K(117760K) Eden: 120832K(120832K)->0K(117248K) From: 240K(512K)->240K(512K)
[14140.672s][info][gc,heap        ] GC(35525) ParOldGen: 389525K(389632K)->389541K(389632K)
[14140.672s][info][gc,metaspace   ] GC(35525) Metaspace: 8795K(9024K)->8795K(9024K) NonClass: 8143K(8320K)->8143K(8320K) Class: 652K(704K)->652K(704K)
[14140.672s][info][gc             ] GC(35525) Pause Young (Allocation Failure) 498M->380M(495M) 1.514ms
[14140.673s][info][gc,cpu         ] GC(35525) User=0.00s Sys=0.00s Real=0.00s
[14141.039s][info][gc,start       ] GC(35526) Pause Young (Allocation Failure)
[14141.041s][info][gc,heap        ] GC(35526) PSYoungGen: 117488K(117760K)->256K(114176K) Eden: 117248K(117248K)->0K(113664K) From: 240K(512K)->256K(512K)
[14141.041s][info][gc,heap        ] GC(35526) ParOldGen: 389541K(389632K)->389557K(389632K)
[14141.041s][info][gc,metaspace   ] GC(35526) Metaspace: 8795K(9024K)->8795K(9024K) NonClass: 8143K(8320K)->8143K(8320K) Class: 652K(704K)->652K(704K)
[14141.041s][info][gc             ] GC(35526) Pause Young (Allocation Failure) 495M->380M(492M) 1.333ms
[14141.041s][info][gc,cpu         ] GC(35526) User=0.00s Sys=0.00s Real=0.01s
[14141.405s][info][gc,start       ] GC(35527) Pause Young (Allocation Failure)
[14141.407s][info][gc,heap        ] GC(35527) PSYoungGen: 113920K(114176K)->224K(110592K) Eden: 113664K(113664K)->0K(110080K) From: 256K(512K)->224K(512K)
[14141.407s][info][gc,heap        ] GC(35527) ParOldGen: 389557K(389632K)->389565K(389632K)
[14141.407s][info][gc,metaspace   ] GC(35527) Metaspace: 8795K(9024K)->8795K(9024K) NonClass: 8143K(8320K)->8143K(8320K) Class: 652K(704K)->652K(704K)
[14141.407s][info][gc             ] GC(35527) Pause Young (Allocation Failure) 491M->380M(488M) 1.730ms
[14141.407s][info][gc,cpu         ] GC(35527) User=0.00s Sys=0.00s Real=0.00s
[14141.769s][info][gc,start       ] GC(35528) Pause Young (Allocation Failure)
[14141.770s][info][gc,heap        ] GC(35528) PSYoungGen: 110304K(110592K)->272K(107520K) Eden: 110080K(110080K)->0K(107008K) From: 224K(512K)->272K(512K)
[14141.770s][info][gc,heap        ] GC(35528) ParOldGen: 389565K(389632K)->389581K(389632K)
[14141.771s][info][gc,metaspace   ] GC(35528) Metaspace: 8795K(9024K)->8795K(9024K) NonClass: 8143K(8320K)->8143K(8320K) Class: 652K(704K)->652K(704K)
[14141.771s][info][gc             ] GC(35528) Pause Young (Allocation Failure) 488M->380M(485M) 1.500ms
[14141.771s][info][gc,cpu         ] GC(35528) User=0.01s Sys=0.00s Real=0.01s
[14142.123s][info][gc,start       ] GC(35529) Pause Young (Allocation Failure)
[14142.125s][info][gc,heap        ] GC(35529) PSYoungGen: 107280K(107520K)->272K(104448K) Eden: 107008K(107008K)->0K(103936K) From: 272K(512K)->272K(512K)
[14142.125s][info][gc,heap        ] GC(35529) ParOldGen: 389581K(389632K)->389597K(389632K)
[14142.125s][info][gc,metaspace   ] GC(35529) Metaspace: 8795K(9024K)->8795K(9024K) NonClass: 8143K(8320K)->8143K(8320K) Class: 652K(704K)->652K(704K)
[14142.125s][info][gc             ] GC(35529) Pause Young (Allocation Failure) 485M->380M(482M) 2.628ms
[14142.126s][info][gc,cpu         ] GC(35529) User=0.00s Sys=0.01s Real=0.00s
[14142.516s][info][gc,start       ] GC(35530) Pause Young (Allocation Failure)
[14142.518s][info][gc,heap        ] GC(35530) PSYoungGen: 104208K(104448K)->272K(101376K) Eden: 103936K(103936K)->0K(100864K) From: 272K(512K)->272K(512K)
[14142.518s][info][gc,heap        ] GC(35530) ParOldGen: 389597K(389632K)->389605K(389632K)
[14142.518s][info][gc,metaspace   ] GC(35530) Metaspace: 8795K(9024K)->8795K(9024K) NonClass: 8143K(8320K)->8143K(8320K) Class: 652K(704K)->652K(704K)
[14142.519s][info][gc             ] GC(35530) Pause Young (Allocation Failure) 482M->380M(479M) 2.482ms
[14142.519s][info][gc,cpu         ] GC(35530) User=0.00s Sys=0.00s Real=0.00s
[14142.840s][info][gc,start       ] GC(35531) Pause Young (Allocation Failure)
[14142.843s][info][gc,heap        ] GC(35531) PSYoungGen: 101136K(101376K)->240K(98304K) Eden: 100864K(100864K)->0K(97792K) From: 272K(512K)->240K(512K)
[14142.843s][info][gc,heap        ] GC(35531) ParOldGen: 389605K(389632K)->389613K(389632K)
[14142.843s][info][gc,metaspace   ] GC(35531) Metaspace: 8795K(9024K)->8795K(9024K) NonClass: 8143K(8320K)->8143K(8320K) Class: 652K(704K)->652K(704K)
[14142.843s][info][gc             ] GC(35531) Pause Young (Allocation Failure) 479M->380M(476M) 2.582ms
[14142.843s][info][gc,cpu         ] GC(35531) User=0.00s Sys=0.00s Real=0.01s
[14143.166s][info][gc,start       ] GC(35532) Pause Young (Allocation Failure)
[14143.168s][info][gc,heap        ] GC(35532) PSYoungGen: 98032K(98304K)->240K(95744K) Eden: 97792K(97792K)->0K(95232K) From: 240K(512K)->240K(512K)
[14143.168s][info][gc,heap        ] GC(35532) ParOldGen: 389613K(389632K)->389621K(389632K)
[14143.168s][info][gc,metaspace   ] GC(35532) Metaspace: 8795K(9024K)->8795K(9024K) NonClass: 8143K(8320K)->8143K(8320K) Class: 652K(704K)->652K(704K)
[14143.168s][info][gc             ] GC(35532) Pause Young (Allocation Failure) 476M->380M(474M) 2.465ms
[14143.168s][info][gc,cpu         ] GC(35532) User=0.00s Sys=0.00s Real=0.00s
[14143.471s][info][gc,start       ] GC(35533) Pause Young (Allocation Failure)
[14143.473s][info][gc,heap        ] GC(35533) PSYoungGen: 95472K(95744K)->224K(93184K) Eden: 95232K(95232K)->0K(92672K) From: 240K(512K)->224K(512K)
[14143.473s][info][gc,heap        ] GC(35533) ParOldGen: 389621K(389632K)->389629K(389632K)
[14143.473s][info][gc,metaspace   ] GC(35533) Metaspace: 8795K(9024K)->8795K(9024K) NonClass: 8143K(8320K)->8143K(8320K) Class: 652K(704K)->652K(704K)
[14143.473s][info][gc             ] GC(35533) Pause Young (Allocation Failure) 473M->380M(471M) 2.363ms
[14143.473s][info][gc,cpu         ] GC(35533) User=0.00s Sys=0.00s Real=0.00s
[14143.782s][info][gc,start       ] GC(35534) Pause Young (Allocation Failure)
[14143.784s][info][gc,heap        ] GC(35534) PSYoungGen: 92896K(93184K)->256K(90624K) Eden: 92672K(92672K)->0K(90112K) From: 224K(512K)->256K(512K)
[14143.784s][info][gc,heap        ] GC(35534) ParOldGen: 389629K(389632K)->389637K(390144K)
[14143.784s][info][gc,metaspace   ] GC(35534) Metaspace: 8795K(9024K)->8795K(9024K) NonClass: 8143K(8320K)->8143K(8320K) Class: 652K(704K)->652K(704K)
[14143.784s][info][gc             ] GC(35534) Pause Young (Allocation Failure) 471M->380M(469M) 2.395ms
[14143.784s][info][gc,cpu         ] GC(35534) User=0.00s Sys=0.00s Real=0.00s
[14144.058s][info][gc,start       ] GC(35535) Pause Young (Allocation Failure)
[14144.060s][info][gc,heap        ] GC(35535) PSYoungGen: 90368K(90624K)->224K(88064K) Eden: 90112K(90112K)->0K(87552K) From: 256K(512K)->224K(512K)
[14144.060s][info][gc,heap        ] GC(35535) ParOldGen: 389637K(390144K)->389645K(390144K)
[14144.060s][info][gc,metaspace   ] GC(35535) Metaspace: 8795K(9024K)->8795K(9024K) NonClass: 8143K(8320K)->8143K(8320K) Class: 652K(704K)->652K(704K)
[14144.060s][info][gc             ] GC(35535) Pause Young (Allocation Failure) 468M->380M(467M) 2.355ms
[14144.060s][info][gc,cpu         ] GC(35535) User=0.01s Sys=0.00s Real=0.01s
[14144.362s][info][gc,start       ] GC(35536) Pause Young (Allocation Failure)
[14144.364s][info][gc,heap        ] GC(35536) PSYoungGen: 87776K(88064K)->224K(202752K) Eden: 87552K(87552K)->0K(202240K) From: 224K(512K)->224K(512K)
[14144.364s][info][gc,heap        ] GC(35536) ParOldGen: 389645K(390144K)->389653K(390144K)
[14144.364s][info][gc,metaspace   ] GC(35536) Metaspace: 8795K(9024K)->8795K(9024K) NonClass: 8143K(8320K)->8143K(8320K) Class: 652K(704K)->652K(704K)
[14144.364s][info][gc             ] GC(35536) Pause Young (Allocation Failure) 466M->380M(579M) 2.363ms
[14144.364s][info][gc,cpu         ] GC(35536) User=0.00s Sys=0.00s Real=0.00s
[14145.006s][info][gc,start       ] GC(35537) Pause Young (Allocation Failure)
[14145.009s][info][gc,heap        ] GC(35537) PSYoungGen: 202464K(202752K)->240K(195584K) Eden: 202240K(202240K)->0K(195072K) From: 224K(512K)->240K(512K)
[14145.009s][info][gc,heap        ] GC(35537) ParOldGen: 389653K(390144K)->389661K(390144K)
[14145.009s][info][gc,metaspace   ] GC(35537) Metaspace: 8795K(9024K)->8795K(9024K) NonClass: 8143K(8320K)->8143K(8320K) Class: 652K(704K)->652K(704K)
[14145.009s][info][gc             ] GC(35537) Pause Young (Allocation Failure) 578M->380M(572M) 2.432ms
[14145.009s][info][gc,cpu         ] GC(35537) User=0.01s Sys=0.00s Real=0.00s
[14145.612s][info][gc,start       ] GC(35538) Pause Young (Allocation Failure)
[14145.615s][info][gc,heap        ] GC(35538) PSYoungGen: 195312K(195584K)->224K(188416K) Eden: 195072K(195072K)->0K(187904K) From: 240K(512K)->224K(512K)
[14145.615s][info][gc,heap        ] GC(35538) ParOldGen: 389661K(390144K)->389677K(390144K)
[14145.615s][info][gc,metaspace   ] GC(35538) Metaspace: 8795K(9024K)->8795K(9024K) NonClass: 8143K(8320K)->8143K(8320K) Class: 652K(704K)->652K(704K)
[14145.615s][info][gc             ] GC(35538) Pause Young (Allocation Failure) 571M->380M(565M) 2.510ms
[14145.615s][info][gc,cpu         ] GC(35538) User=0.00s Sys=0.00s Real=0.00s
[14146.255s][info][gc,start       ] GC(35539) Pause Young (Allocation Failure)
[14146.257s][info][gc,heap        ] GC(35539) PSYoungGen: 188128K(188416K)->224K(181760K) Eden: 187904K(187904K)->0K(181248K) From: 224K(512K)->224K(512K)
[14146.257s][info][gc,heap        ] GC(35539) ParOldGen: 389677K(390144K)->389693K(390144K)
[14146.257s][info][gc,metaspace   ] GC(35539) Metaspace: 8795K(9024K)->8795K(9024K) NonClass: 8143K(8320K)->8143K(8320K) Class: 652K(704K)->652K(704K)
[14146.257s][info][gc             ] GC(35539) Pause Young (Allocation Failure) 564M->380M(558M) 2.629ms
[14146.257s][info][gc,cpu         ] GC(35539) User=0.00s Sys=0.00s Real=0.00s
[14147.416s][info][gc,start       ] GC(35540) Pause Young (Allocation Failure)
[14147.419s][info][gc,heap        ] GC(35540) PSYoungGen: 181472K(181760K)->256K(175104K) Eden: 181248K(181248K)->0K(174592K) From: 224K(512K)->256K(512K)
[14147.419s][info][gc,heap        ] GC(35540) ParOldGen: 389693K(390144K)->389709K(390144K)
[14147.419s][info][gc,metaspace   ] GC(35540) Metaspace: 8795K(9024K)->8795K(9024K) NonClass: 8143K(8320K)->8143K(8320K) Class: 652K(704K)->652K(704K)
[14147.419s][info][gc             ] GC(35540) Pause Young (Allocation Failure) 557M->380M(552M) 2.557ms
[14147.419s][info][gc,cpu         ] GC(35540) User=0.01s Sys=0.00s Real=0.00s
[14148.263s][info][gc,start       ] GC(35541) Pause Young (Allocation Failure)
[14148.264s][info][gc,heap        ] GC(35541) PSYoungGen: 174848K(175104K)->240K(168960K) Eden: 174592K(174592K)->0K(168448K) From: 256K(512K)->240K(512K)
[14148.265s][info][gc,heap        ] GC(35541) ParOldGen: 389709K(390144K)->389725K(390144K)
[14148.265s][info][gc,metaspace   ] GC(35541) Metaspace: 8795K(9024K)->8795K(9024K) NonClass: 8143K(8320K)->8143K(8320K) Class: 652K(704K)->652K(704K)
[14148.265s][info][gc             ] GC(35541) Pause Young (Allocation Failure) 551M->380M(546M) 1.791ms
[14148.265s][info][gc,cpu         ] GC(35541) User=0.00s Sys=0.00s Real=0.00s
[14149.281s][info][gc,start       ] GC(35542) Pause Young (Allocation Failure)
[14149.283s][info][gc,heap        ] GC(35542) PSYoungGen: 168688K(168960K)->256K(163328K) Eden: 168448K(168448K)->0K(162816K) From: 240K(512K)->256K(512K)
[14149.284s][info][gc,heap        ] GC(35542) ParOldGen: 389725K(390144K)->389733K(390144K)
[14149.284s][info][gc,metaspace   ] GC(35542) Metaspace: 8795K(9024K)->8795K(9024K) NonClass: 8143K(8320K)->8143K(8320K) Class: 652K(704K)->652K(704K)
[14149.284s][info][gc             ] GC(35542) Pause Young (Allocation Failure) 545M->380M(540M) 2.841ms
[14149.284s][info][gc,cpu         ] GC(35542) User=0.00s Sys=0.00s Real=0.00s
[14149.999s][info][gc,start       ] GC(35543) Pause Young (Allocation Failure)
[14150.001s][info][gc,heap        ] GC(35543) PSYoungGen: 163072K(163328K)->208K(157696K) Eden: 162816K(162816K)->0K(157184K) From: 256K(512K)->208K(512K)
[14150.001s][info][gc,heap        ] GC(35543) ParOldGen: 389733K(390144K)->389741K(390144K)
[14150.001s][info][gc,metaspace   ] GC(35543) Metaspace: 8795K(9024K)->8795K(9024K) NonClass: 8143K(8320K)->8143K(8320K) Class: 652K(704K)->652K(704K)
[14150.002s][info][gc             ] GC(35543) Pause Young (Allocation Failure) 539M->380M(535M) 2.521ms
[14150.002s][info][gc,cpu         ] GC(35543) User=0.01s Sys=0.00s Real=0.01s
[14150.675s][info][gc,start       ] GC(35544) Pause Young (Allocation Failure)
[14150.678s][info][gc,heap        ] GC(35544) PSYoungGen: 157392K(157696K)->240K(152576K) Eden: 157184K(157184K)->0K(152064K) From: 208K(512K)->240K(512K)
[14150.678s][info][gc,heap        ] GC(35544) ParOldGen: 389741K(390144K)->389749K(390144K)
[14150.678s][info][gc,metaspace   ] GC(35544) Metaspace: 8795K(9024K)->8795K(9024K) NonClass: 8143K(8320K)->8143K(8320K) Class: 652K(704K)->652K(704K)
[14150.678s][info][gc             ] GC(35544) Pause Young (Allocation Failure) 534M->380M(530M) 2.503ms
[14150.678s][info][gc,cpu         ] GC(35544) User=0.00s Sys=0.00s Real=0.00s
[14151.489s][info][gc,start       ] GC(35545) Pause Young (Allocation Failure)
[14151.491s][info][gc,heap        ] GC(35545) PSYoungGen: 152304K(152576K)->256K(147456K) Eden: 152064K(152064K)->0K(146944K) From: 240K(512K)->256K(512K)
[14151.491s][info][gc,heap        ] GC(35545) ParOldGen: 389749K(390144K)->389757K(390144K)
[14151.491s][info][gc,metaspace   ] GC(35545) Metaspace: 8795K(9024K)->8795K(9024K) NonClass: 8143K(8320K)->8143K(8320K) Class: 652K(704K)->652K(704K)
[14151.491s][info][gc             ] GC(35545) Pause Young (Allocation Failure) 529M->380M(525M) 2.464ms
[14151.491s][info][gc,cpu         ] GC(35545) User=0.00s Sys=0.00s Real=0.01s
[14151.964s][info][gc,start       ] GC(35546) Pause Young (Allocation Failure)
[14151.966s][info][gc,heap        ] GC(35546) PSYoungGen: 147200K(147456K)->224K(142848K) Eden: 146944K(146944K)->0K(142336K) From: 256K(512K)->224K(512K)
[14151.966s][info][gc,heap        ] GC(35546) ParOldGen: 389757K(390144K)->389765K(390144K)
[14151.966s][info][gc,metaspace   ] GC(35546) Metaspace: 8795K(9024K)->8795K(9024K) NonClass: 8143K(8320K)->8143K(8320K) Class: 652K(704K)->652K(704K)
[14151.967s][info][gc             ] GC(35546) Pause Young (Allocation Failure) 524M->380M(520M) 2.497ms
[14151.967s][info][gc,cpu         ] GC(35546) User=0.01s Sys=0.00s Real=0.00s
[14152.470s][info][gc,start       ] GC(35547) Pause Young (Allocation Failure)
[14152.472s][info][gc,heap        ] GC(35547) PSYoungGen: 142560K(142848K)->272K(138240K) Eden: 142336K(142336K)->0K(137728K) From: 224K(512K)->272K(512K)
[14152.472s][info][gc,heap        ] GC(35547) ParOldGen: 389765K(390144K)->389773K(390144K)
[14152.472s][info][gc,metaspace   ] GC(35547) Metaspace: 8795K(9024K)->8795K(9024K) NonClass: 8143K(8320K)->8143K(8320K) Class: 652K(704K)->652K(704K)
[14152.472s][info][gc             ] GC(35547) Pause Young (Allocation Failure) 519M->380M(516M) 2.413ms
[14152.472s][info][gc,cpu         ] GC(35547) User=0.00s Sys=0.00s Real=0.01s
[14152.893s][info][gc,start       ] GC(35548) Pause Young (Allocation Failure)
[14152.895s][info][gc,heap        ] GC(35548) PSYoungGen: 138000K(138240K)->240K(133632K) Eden: 137728K(137728K)->0K(133120K) From: 272K(512K)->240K(512K)
[14152.895s][info][gc,heap        ] GC(35548) ParOldGen: 389773K(390144K)->389789K(390144K)
[14152.895s][info][gc,metaspace   ] GC(35548) Metaspace: 8795K(9024K)->8795K(9024K) NonClass: 8143K(8320K)->8143K(8320K) Class: 652K(704K)->652K(704K)
[14152.895s][info][gc             ] GC(35548) Pause Young (Allocation Failure) 515M->380M(511M) 2.447ms
[14152.895s][info][gc,cpu         ] GC(35548) User=0.00s Sys=0.01s Real=0.00s
[14153.343s][info][gc,start       ] GC(35549) Pause Young (Allocation Failure)
[14153.345s][info][gc,heap        ] GC(35549) PSYoungGen: 133360K(133632K)->224K(129536K) Eden: 133120K(133120K)->0K(129024K) From: 240K(512K)->224K(512K)
[14153.345s][info][gc,heap        ] GC(35549) ParOldGen: 389789K(390144K)->389805K(390144K)
[14153.345s][info][gc,metaspace   ] GC(35549) Metaspace: 8795K(9024K)->8795K(9024K) NonClass: 8143K(8320K)->8143K(8320K) Class: 652K(704K)->652K(704K)
[14153.345s][info][gc             ] GC(35549) Pause Young (Allocation Failure) 510M->380M(507M) 2.723ms
[14153.345s][info][gc,cpu         ] GC(35549) User=0.01s Sys=0.00s Real=0.00s
[14153.772s][info][gc,start       ] GC(35550) Pause Young (Allocation Failure)
[14153.774s][info][gc,heap        ] GC(35550) PSYoungGen: 129248K(129536K)->240K(125440K) Eden: 129024K(129024K)->0K(124928K) From: 224K(512K)->240K(512K)
[14153.774s][info][gc,heap        ] GC(35550) ParOldGen: 389805K(390144K)->389821K(390144K)
[14153.774s][info][gc,metaspace   ] GC(35550) Metaspace: 8795K(9024K)->8795K(9024K) NonClass: 8143K(8320K)->8143K(8320K) Class: 652K(704K)->652K(704K)
[14153.774s][info][gc             ] GC(35550) Pause Young (Allocation Failure) 506M->380M(503M) 2.680ms
[14153.774s][info][gc,cpu         ] GC(35550) User=0.00s Sys=0.00s Real=0.00s
[14154.185s][info][gc,start       ] GC(35551) Pause Young (Allocation Failure)
[14154.188s][info][gc,heap        ] GC(35551) PSYoungGen: 125168K(125440K)->240K(121344K) Eden: 124928K(124928K)->0K(120832K) From: 240K(512K)->240K(512K)
[14154.188s][info][gc,heap        ] GC(35551) ParOldGen: 389821K(390144K)->389837K(390144K)
[14154.188s][info][gc,metaspace   ] GC(35551) Metaspace: 8795K(9024K)->8795K(9024K) NonClass: 8143K(8320K)->8143K(8320K) Class: 652K(704K)->652K(704K)
[14154.188s][info][gc             ] GC(35551) Pause Young (Allocation Failure) 502M->380M(499M) 2.847ms
[14154.188s][info][gc,cpu         ] GC(35551) User=0.00s Sys=0.00s Real=0.00s
[14154.577s][info][gc,start       ] GC(35552) Pause Young (Allocation Failure)
[14154.578s][info][gc,heap        ] GC(35552) PSYoungGen: 121072K(121344K)->272K(117760K) Eden: 120832K(120832K)->0K(117248K) From: 240K(512K)->272K(512K)
[14154.578s][info][gc,heap        ] GC(35552) ParOldGen: 389837K(390144K)->389853K(390144K)
[14154.578s][info][gc,metaspace   ] GC(35552) Metaspace: 8795K(9024K)->8795K(9024K) NonClass: 8143K(8320K)->8143K(8320K) Class: 652K(704K)->652K(704K)
[14154.578s][info][gc             ] GC(35552) Pause Young (Allocation Failure) 498M->380M(496M) 1.324ms
[14154.578s][info][gc,cpu         ] GC(35552) User=0.00s Sys=0.00s Real=0.00s
[14154.969s][info][gc,start       ] GC(35553) Pause Young (Allocation Failure)
[14154.971s][info][gc,heap        ] GC(35553) PSYoungGen: 117520K(117760K)->256K(114176K) Eden: 117248K(117248K)->0K(113664K) From: 272K(512K)->256K(512K)
[14154.971s][info][gc,heap        ] GC(35553) ParOldGen: 389853K(390144K)->389869K(390144K)
[14154.971s][info][gc,metaspace   ] GC(35553) Metaspace: 8795K(9024K)->8795K(9024K) NonClass: 8143K(8320K)->8143K(8320K) Class: 652K(704K)->652K(704K)
[14154.971s][info][gc             ] GC(35553) Pause Young (Allocation Failure) 495M->380M(492M) 1.346ms
[14154.971s][info][gc,cpu         ] GC(35553) User=0.00s Sys=0.01s Real=0.01s
[14155.332s][info][gc,start       ] GC(35554) Pause Young (Allocation Failure)
[14155.333s][info][gc,heap        ] GC(35554) PSYoungGen: 113920K(114176K)->256K(110592K) Eden: 113664K(113664K)->0K(110080K) From: 256K(512K)->256K(512K)
[14155.333s][info][gc,heap        ] GC(35554) ParOldGen: 389869K(390144K)->389885K(390144K)
[14155.333s][info][gc,metaspace   ] GC(35554) Metaspace: 8795K(9024K)->8795K(9024K) NonClass: 8143K(8320K)->8143K(8320K) Class: 652K(704K)->652K(704K)
[14155.333s][info][gc             ] GC(35554) Pause Young (Allocation Failure) 491M->380M(489M) 1.314ms
[14155.333s][info][gc,cpu         ] GC(35554) User=0.00s Sys=0.00s Real=0.00s
[14155.722s][info][gc,start       ] GC(35555) Pause Young (Allocation Failure)
[14155.724s][info][gc,heap        ] GC(35555) PSYoungGen: 110336K(110592K)->256K(107520K) Eden: 110080K(110080K)->0K(107008K) From: 256K(512K)->256K(512K)
[14155.724s][info][gc,heap        ] GC(35555) ParOldGen: 389885K(390144K)->389901K(390144K)
[14155.724s][info][gc,metaspace   ] GC(35555) Metaspace: 8795K(9024K)->8795K(9024K) NonClass: 8143K(8320K)->8143K(8320K) Class: 652K(704K)->652K(704K)
[14155.724s][info][gc             ] GC(35555) Pause Young (Allocation Failure) 488M->381M(486M) 1.337ms
[14155.724s][info][gc,cpu         ] GC(35555) User=0.00s Sys=0.00s Real=0.00s
[14156.087s][info][gc,start       ] GC(35556) Pause Young (Allocation Failure)
[14156.090s][info][gc,heap        ] GC(35556) PSYoungGen: 107264K(107520K)->272K(104448K) Eden: 107008K(107008K)->0K(103936K) From: 256K(512K)->272K(512K)
[14156.090s][info][gc,heap        ] GC(35556) ParOldGen: 389901K(390144K)->389917K(390144K)
[14156.090s][info][gc,metaspace   ] GC(35556) Metaspace: 8795K(9024K)->8795K(9024K) NonClass: 8143K(8320K)->8143K(8320K) Class: 652K(704K)->652K(704K)
[14156.090s][info][gc             ] GC(35556) Pause Young (Allocation Failure) 485M->381M(483M) 2.584ms
[14156.090s][info][gc,cpu         ] GC(35556) User=0.00s Sys=0.00s Real=0.00s
[14156.431s][info][gc,start       ] GC(35557) Pause Young (Allocation Failure)
[14156.432s][info][gc,heap        ] GC(35557) PSYoungGen: 104208K(104448K)->256K(101376K) Eden: 103936K(103936K)->0K(100864K) From: 272K(512K)->256K(512K)
[14156.432s][info][gc,heap        ] GC(35557) ParOldGen: 389917K(390144K)->389933K(390144K)
[14156.432s][info][gc,metaspace   ] GC(35557) Metaspace: 8795K(9024K)->8795K(9024K) NonClass: 8143K(8320K)->8143K(8320K) Class: 652K(704K)->652K(704K)
[14156.432s][info][gc             ] GC(35557) Pause Young (Allocation Failure) 482M->381M(480M) 1.326ms
[14156.432s][info][gc,cpu         ] GC(35557) User=0.00s Sys=0.00s Real=0.00s
[14156.758s][info][gc,start       ] GC(35558) Pause Young (Allocation Failure)
[14156.759s][info][gc,heap        ] GC(35558) PSYoungGen: 101120K(101376K)->240K(98304K) Eden: 100864K(100864K)->0K(97792K) From: 256K(512K)->240K(512K)
[14156.759s][info][gc,heap        ] GC(35558) ParOldGen: 389933K(390144K)->389949K(390144K)
[14156.759s][info][gc,metaspace   ] GC(35558) Metaspace: 8795K(9024K)->8795K(9024K) NonClass: 8143K(8320K)->8143K(8320K) Class: 652K(704K)->652K(704K)
[14156.759s][info][gc             ] GC(35558) Pause Young (Allocation Failure) 479M->381M(477M) 1.312ms
[14156.759s][info][gc,cpu         ] GC(35558) User=0.00s Sys=0.00s Real=0.00s
[14157.082s][info][gc,start       ] GC(35559) Pause Young (Allocation Failure)
[14157.083s][info][gc,heap        ] GC(35559) PSYoungGen: 98032K(98304K)->240K(95744K) Eden: 97792K(97792K)->0K(95232K) From: 240K(512K)->240K(512K)
[14157.083s][info][gc,heap        ] GC(35559) ParOldGen: 389949K(390144K)->389965K(390144K)
[14157.083s][info][gc,metaspace   ] GC(35559) Metaspace: 8795K(9024K)->8795K(9024K) NonClass: 8143K(8320K)->8143K(8320K) Class: 652K(704K)->652K(704K)
[14157.083s][info][gc             ] GC(35559) Pause Young (Allocation Failure) 476M->381M(474M) 1.335ms
[14157.083s][info][gc,cpu         ] GC(35559) User=0.00s Sys=0.00s Real=0.00s
[14157.402s][info][gc,start       ] GC(35560) Pause Young (Allocation Failure)
[14157.403s][info][gc,heap        ] GC(35560) PSYoungGen: 95472K(95744K)->256K(93184K) Eden: 95232K(95232K)->0K(92672K) From: 240K(512K)->256K(512K)
[14157.403s][info][gc,heap        ] GC(35560) ParOldGen: 389965K(390144K)->389981K(390144K)
[14157.403s][info][gc,metaspace   ] GC(35560) Metaspace: 8795K(9024K)->8795K(9024K) NonClass: 8143K(8320K)->8143K(8320K) Class: 652K(704K)->652K(704K)
[14157.403s][info][gc             ] GC(35560) Pause Young (Allocation Failure) 474M->381M(472M) 1.296ms
[14157.403s][info][gc,cpu         ] GC(35560) User=0.00s Sys=0.00s Real=0.00s
[14157.738s][info][gc,start       ] GC(35561) Pause Young (Allocation Failure)
[14157.740s][info][gc,heap        ] GC(35561) PSYoungGen: 92928K(93184K)->224K(90624K) Eden: 92672K(92672K)->0K(90112K) From: 256K(512K)->224K(512K)
[14157.740s][info][gc,heap        ] GC(35561) ParOldGen: 389981K(390144K)->389997K(390144K)
[14157.740s][info][gc,metaspace   ] GC(35561) Metaspace: 8795K(9024K)->8795K(9024K) NonClass: 8143K(8320K)->8143K(8320K) Class: 652K(704K)->652K(704K)
[14157.740s][info][gc             ] GC(35561) Pause Young (Allocation Failure) 471M->381M(469M) 1.287ms
[14157.740s][info][gc,cpu         ] GC(35561) User=0.00s Sys=0.00s Real=0.00s
[14158.022s][info][gc,start       ] GC(35562) Pause Young (Allocation Failure)
[14158.023s][info][gc,heap        ] GC(35562) PSYoungGen: 90336K(90624K)->256K(88064K) Eden: 90112K(90112K)->0K(87552K) From: 224K(512K)->256K(512K)
[14158.023s][info][gc,heap        ] GC(35562) ParOldGen: 389997K(390144K)->390013K(390144K)
[14158.023s][info][gc,metaspace   ] GC(35562) Metaspace: 8795K(9024K)->8795K(9024K) NonClass: 8143K(8320K)->8143K(8320K) Class: 652K(704K)->652K(704K)
[14158.023s][info][gc             ] GC(35562) Pause Young (Allocation Failure) 469M->381M(467M) 1.322ms
[14158.023s][info][gc,cpu         ] GC(35562) User=0.00s Sys=0.00s Real=0.00s
[14158.303s][info][gc,start       ] GC(35563) Pause Young (Allocation Failure)
[14158.304s][info][gc,heap        ] GC(35563) PSYoungGen: 87808K(88064K)->240K(202752K) Eden: 87552K(87552K)->0K(202240K) From: 256K(512K)->240K(512K)
[14158.304s][info][gc,heap        ] GC(35563) ParOldGen: 390013K(390144K)->390029K(390144K)
[14158.304s][info][gc,metaspace   ] GC(35563) Metaspace: 8795K(9024K)->8795K(9024K) NonClass: 8143K(8320K)->8143K(8320K) Class: 652K(704K)->652K(704K)
[14158.304s][info][gc             ] GC(35563) Pause Young (Allocation Failure) 466M->381M(579M) 1.334ms
[14158.304s][info][gc,cpu         ] GC(35563) User=0.00s Sys=0.00s Real=0.00s
[14159.000s][info][gc,start       ] GC(35564) Pause Young (Allocation Failure)
[14159.002s][info][gc,heap        ] GC(35564) PSYoungGen: 202480K(202752K)->240K(195584K) Eden: 202240K(202240K)->0K(195072K) From: 240K(512K)->240K(512K)
[14159.002s][info][gc,heap        ] GC(35564) ParOldGen: 390029K(390144K)->390045K(390144K)
[14159.002s][info][gc,metaspace   ] GC(35564) Metaspace: 8795K(9024K)->8795K(9024K) NonClass: 8143K(8320K)->8143K(8320K) Class: 652K(704K)->652K(704K)
[14159.002s][info][gc             ] GC(35564) Pause Young (Allocation Failure) 578M->381M(572M) 1.315ms
[14159.002s][info][gc,cpu         ] GC(35564) User=0.01s Sys=0.00s Real=0.00s
[14159.688s][info][gc,start       ] GC(35565) Pause Young (Allocation Failure)
[14159.690s][info][gc,heap        ] GC(35565) PSYoungGen: 195312K(195584K)->256K(188416K) Eden: 195072K(195072K)->0K(187904K) From: 240K(512K)->256K(512K)
[14159.690s][info][gc,heap        ] GC(35565) ParOldGen: 390045K(390144K)->390061K(390144K)
[14159.690s][info][gc,metaspace   ] GC(35565) Metaspace: 8795K(9024K)->8795K(9024K) NonClass: 8143K(8320K)->8143K(8320K) Class: 652K(704K)->652K(704K)
[14159.690s][info][gc             ] GC(35565) Pause Young (Allocation Failure) 571M->381M(565M) 1.337ms
[14159.690s][info][gc,cpu         ] GC(35565) User=0.00s Sys=0.00s Real=0.00s
[14160.337s][info][gc,start       ] GC(35566) Pause Young (Allocation Failure)
[14160.339s][info][gc,heap        ] GC(35566) PSYoungGen: 188160K(188416K)->272K(181760K) Eden: 187904K(187904K)->0K(181248K) From: 256K(512K)->272K(512K)
[14160.339s][info][gc,heap        ] GC(35566) ParOldGen: 390061K(390144K)->390077K(390144K)
[14160.339s][info][gc,metaspace   ] GC(35566) Metaspace: 8795K(9024K)->8795K(9024K) NonClass: 8143K(8320K)->8143K(8320K) Class: 652K(704K)->652K(704K)
[14160.339s][info][gc             ] GC(35566) Pause Young (Allocation Failure) 564M->381M(558M) 2.362ms
[14160.339s][info][gc,cpu         ] GC(35566) User=0.00s Sys=0.00s Real=0.00s
[14160.967s][info][gc,start       ] GC(35567) Pause Young (Allocation Failure)
[14160.968s][info][gc,heap        ] GC(35567) PSYoungGen: 181520K(181760K)->256K(175104K) Eden: 181248K(181248K)->0K(174592K) From: 272K(512K)->256K(512K)
[14160.969s][info][gc,heap        ] GC(35567) ParOldGen: 390077K(390144K)->390093K(390144K)
[14160.969s][info][gc,metaspace   ] GC(35567) Metaspace: 8795K(9024K)->8795K(9024K) NonClass: 8143K(8320K)->8143K(8320K) Class: 652K(704K)->652K(704K)
[14160.969s][info][gc             ] GC(35567) Pause Young (Allocation Failure) 558M->381M(552M) 1.340ms
[14160.969s][info][gc,cpu         ] GC(35567) User=0.01s Sys=0.00s Real=0.00s
[14161.528s][info][gc,start       ] GC(35568) Pause Young (Allocation Failure)
[14161.530s][info][gc,heap        ] GC(35568) PSYoungGen: 174848K(175104K)->224K(168960K) Eden: 174592K(174592K)->0K(168448K) From: 256K(512K)->224K(512K)
[14161.530s][info][gc,heap        ] GC(35568) ParOldGen: 390093K(390144K)->390101K(390144K)
[14161.530s][info][gc,metaspace   ] GC(35568) Metaspace: 8795K(9024K)->8795K(9024K) NonClass: 8143K(8320K)->8143K(8320K) Class: 652K(704K)->652K(704K)
[14161.530s][info][gc             ] GC(35568) Pause Young (Allocation Failure) 551M->381M(546M) 2.359ms
[14161.530s][info][gc,cpu         ] GC(35568) User=0.01s Sys=0.00s Real=0.00s
[14162.062s][info][gc,start       ] GC(35569) Pause Young (Allocation Failure)
[14162.065s][info][gc,heap        ] GC(35569) PSYoungGen: 168672K(168960K)->224K(163328K) Eden: 168448K(168448K)->0K(162816K) From: 224K(512K)->224K(512K)
[14162.065s][info][gc,heap        ] GC(35569) ParOldGen: 390101K(390144K)->390109K(390144K)
[14162.065s][info][gc,metaspace   ] GC(35569) Metaspace: 8795K(9024K)->8795K(9024K) NonClass: 8143K(8320K)->8143K(8320K) Class: 652K(704K)->652K(704K)
[14162.065s][info][gc             ] GC(35569) Pause Young (Allocation Failure) 545M->381M(540M) 2.443ms
[14162.065s][info][gc,cpu         ] GC(35569) User=0.00s Sys=0.00s Real=0.00s
[14162.607s][info][gc,start       ] GC(35570) Pause Young (Allocation Failure)
[14162.609s][info][gc,heap        ] GC(35570) PSYoungGen: 163040K(163328K)->240K(157696K) Eden: 162816K(162816K)->0K(157184K) From: 224K(512K)->240K(512K)
[14162.609s][info][gc,heap        ] GC(35570) ParOldGen: 390109K(390144K)->390117K(390144K)
[14162.609s][info][gc,metaspace   ] GC(35570) Metaspace: 8795K(9024K)->8795K(9024K) NonClass: 8143K(8320K)->8143K(8320K) Class: 652K(704K)->652K(704K)
[14162.609s][info][gc             ] GC(35570) Pause Young (Allocation Failure) 540M->381M(535M) 2.488ms
[14162.609s][info][gc,cpu         ] GC(35570) User=0.00s Sys=0.00s Real=0.00s
[14163.132s][info][gc,start       ] GC(35571) Pause Young (Allocation Failure)
[14163.134s][info][gc,heap        ] GC(35571) PSYoungGen: 157424K(157696K)->272K(152576K) Eden: 157184K(157184K)->0K(152064K) From: 240K(512K)->272K(512K)
[14163.134s][info][gc,heap        ] GC(35571) ParOldGen: 390117K(390144K)->390125K(390144K)
[14163.134s][info][gc,metaspace   ] GC(35571) Metaspace: 8795K(9024K)->8795K(9024K) NonClass: 8143K(8320K)->8143K(8320K) Class: 652K(704K)->652K(704K)
[14163.134s][info][gc             ] GC(35571) Pause Young (Allocation Failure) 534M->381M(530M) 1.982ms
[14163.134s][info][gc,cpu         ] GC(35571) User=0.00s Sys=0.00s Real=0.00s
[14163.633s][info][gc,start       ] GC(35572) Pause Young (Allocation Failure)
[14163.634s][info][gc,heap        ] GC(35572) PSYoungGen: 152336K(152576K)->256K(147456K) Eden: 152064K(152064K)->0K(146944K) From: 272K(512K)->256K(512K)
[14163.634s][info][gc,heap        ] GC(35572) ParOldGen: 390125K(390144K)->390141K(390144K)
[14163.634s][info][gc,metaspace   ] GC(35572) Metaspace: 8795K(9024K)->8795K(9024K) NonClass: 8143K(8320K)->8143K(8320K) Class: 652K(704K)->652K(704K)
[14163.634s][info][gc             ] GC(35572) Pause Young (Allocation Failure) 529M->381M(525M) 1.309ms
[14163.634s][info][gc,cpu         ] GC(35572) User=0.00s Sys=0.00s Real=0.00s
[14164.171s][info][gc,start       ] GC(35573) Pause Young (Allocation Failure)
[14164.174s][info][gc,heap        ] GC(35573) PSYoungGen: 147200K(147456K)->224K(142848K) Eden: 146944K(146944K)->0K(142336K) From: 256K(512K)->224K(512K)
[14164.174s][info][gc,heap        ] GC(35573) ParOldGen: 390141K(390144K)->390149K(390656K)
[14164.174s][info][gc,metaspace   ] GC(35573) Metaspace: 8795K(9024K)->8795K(9024K) NonClass: 8143K(8320K)->8143K(8320K) Class: 652K(704K)->652K(704K)
[14164.174s][info][gc             ] GC(35573) Pause Young (Allocation Failure) 524M->381M(521M) 2.430ms
[14164.174s][info][gc,cpu         ] GC(35573) User=0.00s Sys=0.00s Real=0.00s
[14164.646s][info][gc,start       ] GC(35574) Pause Young (Allocation Failure)
[14164.648s][info][gc,heap        ] GC(35574) PSYoungGen: 142560K(142848K)->240K(138240K) Eden: 142336K(142336K)->0K(137728K) From: 224K(512K)->240K(512K)
[14164.648s][info][gc,heap        ] GC(35574) ParOldGen: 390149K(390656K)->390157K(390656K)
[14164.648s][info][gc,metaspace   ] GC(35574) Metaspace: 8795K(9024K)->8795K(9024K) NonClass: 8143K(8320K)->8143K(8320K) Class: 652K(704K)->652K(704K)
[14164.648s][info][gc             ] GC(35574) Pause Young (Allocation Failure) 520M->381M(516M) 2.552ms
[14164.648s][info][gc,cpu         ] GC(35574) User=0.00s Sys=0.00s Real=0.00s
[14165.093s][info][gc,start       ] GC(35575) Pause Young (Allocation Failure)
[14165.094s][info][gc,heap        ] GC(35575) PSYoungGen: 137968K(138240K)->256K(133632K) Eden: 137728K(137728K)->0K(133120K) From: 240K(512K)->256K(512K)
[14165.094s][info][gc,heap        ] GC(35575) ParOldGen: 390157K(390656K)->390173K(390656K)
[14165.094s][info][gc,metaspace   ] GC(35575) Metaspace: 8795K(9024K)->8795K(9024K) NonClass: 8143K(8320K)->8143K(8320K) Class: 652K(704K)->652K(704K)
[14165.095s][info][gc             ] GC(35575) Pause Young (Allocation Failure) 515M->381M(512M) 1.698ms
[14165.095s][info][gc,cpu         ] GC(35575) User=0.00s Sys=0.00s Real=0.00s
[14165.520s][info][gc,start       ] GC(35576) Pause Young (Allocation Failure)
[14165.521s][info][gc,heap        ] GC(35576) PSYoungGen: 133376K(133632K)->240K(129536K) Eden: 133120K(133120K)->0K(129024K) From: 256K(512K)->240K(512K)
[14165.521s][info][gc,heap        ] GC(35576) ParOldGen: 390173K(390656K)->390189K(390656K)
[14165.521s][info][gc,metaspace   ] GC(35576) Metaspace: 8795K(9024K)->8795K(9024K) NonClass: 8143K(8320K)->8143K(8320K) Class: 652K(704K)->652K(704K)
[14165.521s][info][gc             ] GC(35576) Pause Young (Allocation Failure) 511M->381M(508M) 1.245ms
[14165.522s][info][gc,cpu         ] GC(35576) User=0.00s Sys=0.00s Real=0.01s
[14165.961s][info][gc,start       ] GC(35577) Pause Young (Allocation Failure)
[14165.962s][info][gc,heap        ] GC(35577) PSYoungGen: 129264K(129536K)->256K(125440K) Eden: 129024K(129024K)->0K(124928K) From: 240K(512K)->256K(512K)
[14165.962s][info][gc,heap        ] GC(35577) ParOldGen: 390189K(390656K)->390205K(390656K)
[14165.962s][info][gc,metaspace   ] GC(35577) Metaspace: 8795K(9024K)->8795K(9024K) NonClass: 8143K(8320K)->8143K(8320K) Class: 652K(704K)->652K(704K)
[14165.962s][info][gc             ] GC(35577) Pause Young (Allocation Failure) 507M->381M(504M) 1.335ms
[14165.962s][info][gc,cpu         ] GC(35577) User=0.00s Sys=0.00s Real=0.00s
[14166.374s][info][gc,start       ] GC(35578) Pause Young (Allocation Failure)
[14166.376s][info][gc,heap        ] GC(35578) PSYoungGen: 125184K(125440K)->256K(121344K) Eden: 124928K(124928K)->0K(120832K) From: 256K(512K)->256K(512K)
[14166.376s][info][gc,heap        ] GC(35578) ParOldGen: 390205K(390656K)->390221K(390656K)
[14166.376s][info][gc,metaspace   ] GC(35578) Metaspace: 8795K(9024K)->8795K(9024K) NonClass: 8143K(8320K)->8143K(8320K) Class: 652K(704K)->652K(704K)
[14166.376s][info][gc             ] GC(35578) Pause Young (Allocation Failure) 503M->381M(500M) 1.331ms
[14166.376s][info][gc,cpu         ] GC(35578) User=0.00s Sys=0.00s Real=0.00s
[14166.749s][info][gc,start       ] GC(35579) Pause Young (Allocation Failure)
[14166.751s][info][gc,heap        ] GC(35579) PSYoungGen: 121088K(121344K)->224K(117760K) Eden: 120832K(120832K)->0K(117248K) From: 256K(512K)->224K(512K)
[14166.751s][info][gc,heap        ] GC(35579) ParOldGen: 390221K(390656K)->390237K(390656K)
[14166.751s][info][gc,metaspace   ] GC(35579) Metaspace: 8795K(9024K)->8795K(9024K) NonClass: 8143K(8320K)->8143K(8320K) Class: 652K(704K)->652K(704K)
[14166.751s][info][gc             ] GC(35579) Pause Young (Allocation Failure) 499M->381M(496M) 1.295ms
[14166.751s][info][gc,cpu         ] GC(35579) User=0.00s Sys=0.00s Real=0.01s
[14167.123s][info][gc,start       ] GC(35580) Pause Young (Allocation Failure)
[14167.124s][info][gc,heap        ] GC(35580) PSYoungGen: 117472K(117760K)->272K(114176K) Eden: 117248K(117248K)->0K(113664K) From: 224K(512K)->272K(512K)
[14167.124s][info][gc,heap        ] GC(35580) ParOldGen: 390237K(390656K)->390253K(390656K)
[14167.124s][info][gc,metaspace   ] GC(35580) Metaspace: 8795K(9024K)->8795K(9024K) NonClass: 8143K(8320K)->8143K(8320K) Class: 652K(704K)->652K(704K)
[14167.124s][info][gc             ] GC(35580) Pause Young (Allocation Failure) 495M->381M(493M) 1.351ms
[14167.124s][info][gc,cpu         ] GC(35580) User=0.00s Sys=0.00s Real=0.00s
[14167.497s][info][gc,start       ] GC(35581) Pause Young (Allocation Failure)
[14167.498s][info][gc,heap        ] GC(35581) PSYoungGen: 113936K(114176K)->256K(110592K) Eden: 113664K(113664K)->0K(110080K) From: 272K(512K)->256K(512K)
[14167.498s][info][gc,heap        ] GC(35581) ParOldGen: 390253K(390656K)->390269K(390656K)
[14167.498s][info][gc,metaspace   ] GC(35581) Metaspace: 8795K(9024K)->8795K(9024K) NonClass: 8143K(8320K)->8143K(8320K) Class: 652K(704K)->652K(704K)
[14167.498s][info][gc             ] GC(35581) Pause Young (Allocation Failure) 492M->381M(489M) 1.301ms
[14167.498s][info][gc,cpu         ] GC(35581) User=0.01s Sys=0.00s Real=0.00s
[14167.856s][info][gc,start       ] GC(35582) Pause Young (Allocation Failure)
[14167.858s][info][gc,heap        ] GC(35582) PSYoungGen: 110336K(110592K)->240K(107520K) Eden: 110080K(110080K)->0K(107008K) From: 256K(512K)->240K(512K)
[14167.858s][info][gc,heap        ] GC(35582) ParOldGen: 390269K(390656K)->390285K(390656K)
[14167.858s][info][gc,metaspace   ] GC(35582) Metaspace: 8795K(9024K)->8795K(9024K) NonClass: 8143K(8320K)->8143K(8320K) Class: 652K(704K)->652K(704K)
[14167.858s][info][gc             ] GC(35582) Pause Young (Allocation Failure) 488M->381M(486M) 1.314ms
[14167.858s][info][gc,cpu         ] GC(35582) User=0.00s Sys=0.00s Real=0.00s
[14168.185s][info][gc,start       ] GC(35583) Pause Young (Allocation Failure)
[14168.186s][info][gc,heap        ] GC(35583) PSYoungGen: 107248K(107520K)->256K(104448K) Eden: 107008K(107008K)->0K(103936K) From: 240K(512K)->256K(512K)
[14168.186s][info][gc,heap        ] GC(35583) ParOldGen: 390285K(390656K)->390301K(390656K)
[14168.187s][info][gc,metaspace   ] GC(35583) Metaspace: 8795K(9024K)->8795K(9024K) NonClass: 8143K(8320K)->8143K(8320K) Class: 652K(704K)->652K(704K)
[14168.187s][info][gc             ] GC(35583) Pause Young (Allocation Failure) 485M->381M(483M) 1.321ms
[14168.187s][info][gc,cpu         ] GC(35583) User=0.00s Sys=0.00s Real=0.00s
[14168.520s][info][gc,start       ] GC(35584) Pause Young (Allocation Failure)
[14168.521s][info][gc,heap        ] GC(35584) PSYoungGen: 104192K(104448K)->256K(101376K) Eden: 103936K(103936K)->0K(100864K) From: 256K(512K)->256K(512K)
[14168.521s][info][gc,heap        ] GC(35584) ParOldGen: 390301K(390656K)->390317K(390656K)
[14168.521s][info][gc,metaspace   ] GC(35584) Metaspace: 8795K(9024K)->8795K(9024K) NonClass: 8143K(8320K)->8143K(8320K) Class: 652K(704K)->652K(704K)
[14168.521s][info][gc             ] GC(35584) Pause Young (Allocation Failure) 482M->381M(480M) 1.285ms
[14168.521s][info][gc,cpu         ] GC(35584) User=0.01s Sys=0.00s Real=0.01s
[14168.859s][info][gc,start       ] GC(35585) Pause Young (Allocation Failure)
[14168.860s][info][gc,heap        ] GC(35585) PSYoungGen: 101120K(101376K)->240K(98304K) Eden: 100864K(100864K)->0K(97792K) From: 256K(512K)->240K(512K)
[14168.860s][info][gc,heap        ] GC(35585) ParOldGen: 390317K(390656K)->390333K(390656K)
[14168.860s][info][gc,metaspace   ] GC(35585) Metaspace: 8795K(9024K)->8795K(9024K) NonClass: 8143K(8320K)->8143K(8320K) Class: 652K(704K)->652K(704K)
[14168.860s][info][gc             ] GC(35585) Pause Young (Allocation Failure) 479M->381M(477M) 1.336ms
[14168.860s][info][gc,cpu         ] GC(35585) User=0.00s Sys=0.00s Real=0.00s
[14169.187s][info][gc,start       ] GC(35586) Pause Young (Allocation Failure)
[14169.188s][info][gc,heap        ] GC(35586) PSYoungGen: 98032K(98304K)->256K(95744K) Eden: 97792K(97792K)->0K(95232K) From: 240K(512K)->256K(512K)
[14169.188s][info][gc,heap        ] GC(35586) ParOldGen: 390333K(390656K)->390349K(390656K)
[14169.188s][info][gc,metaspace   ] GC(35586) Metaspace: 8795K(9024K)->8795K(9024K) NonClass: 8143K(8320K)->8143K(8320K) Class: 652K(704K)->652K(704K)
[14169.188s][info][gc             ] GC(35586) Pause Young (Allocation Failure) 476M->381M(475M) 1.294ms
[14169.188s][info][gc,cpu         ] GC(35586) User=0.00s Sys=0.00s Real=0.00s
[14169.522s][info][gc,start       ] GC(35587) Pause Young (Allocation Failure)
[14169.524s][info][gc,heap        ] GC(35587) PSYoungGen: 95488K(95744K)->256K(93184K) Eden: 95232K(95232K)->0K(92672K) From: 256K(512K)->256K(512K)
[14169.524s][info][gc,heap        ] GC(35587) ParOldGen: 390349K(390656K)->390365K(390656K)
[14169.524s][info][gc,metaspace   ] GC(35587) Metaspace: 8795K(9024K)->8795K(9024K) NonClass: 8143K(8320K)->8143K(8320K) Class: 652K(704K)->652K(704K)
[14169.524s][info][gc             ] GC(35587) Pause Young (Allocation Failure) 474M->381M(472M) 1.297ms
[14169.524s][info][gc,cpu         ] GC(35587) User=0.00s Sys=0.00s Real=0.00s
[14169.834s][info][gc,start       ] GC(35588) Pause Young (Allocation Failure)
[14169.835s][info][gc,heap        ] GC(35588) PSYoungGen: 92928K(93184K)->256K(90624K) Eden: 92672K(92672K)->0K(90112K) From: 256K(512K)->256K(512K)
[14169.835s][info][gc,heap        ] GC(35588) ParOldGen: 390365K(390656K)->390381K(390656K)
[14169.835s][info][gc,metaspace   ] GC(35588) Metaspace: 8795K(9024K)->8795K(9024K) NonClass: 8143K(8320K)->8143K(8320K) Class: 652K(704K)->652K(704K)
[14169.835s][info][gc             ] GC(35588) Pause Young (Allocation Failure) 471M->381M(470M) 1.334ms
[14169.835s][info][gc,cpu         ] GC(35588) User=0.00s Sys=0.00s Real=0.00s
[14170.130s][info][gc,start       ] GC(35589) Pause Young (Allocation Failure)
[14170.131s][info][gc,heap        ] GC(35589) PSYoungGen: 90368K(90624K)->240K(88064K) Eden: 90112K(90112K)->0K(87552K) From: 256K(512K)->240K(512K)
[14170.131s][info][gc,heap        ] GC(35589) ParOldGen: 390381K(390656K)->390397K(390656K)
[14170.131s][info][gc,metaspace   ] GC(35589) Metaspace: 8795K(9024K)->8795K(9024K) NonClass: 8143K(8320K)->8143K(8320K) Class: 652K(704K)->652K(704K)
[14170.131s][info][gc             ] GC(35589) Pause Young (Allocation Failure) 469M->381M(467M) 1.307ms
[14170.131s][info][gc,cpu         ] GC(35589) User=0.00s Sys=0.00s Real=0.01s
[14170.418s][info][gc,start       ] GC(35590) Pause Young (Allocation Failure)
[14170.419s][info][gc,heap        ] GC(35590) PSYoungGen: 87792K(88064K)->256K(202752K) Eden: 87552K(87552K)->0K(202240K) From: 240K(512K)->256K(512K)
[14170.419s][info][gc,heap        ] GC(35590) ParOldGen: 390397K(390656K)->390413K(390656K)
[14170.419s][info][gc,metaspace   ] GC(35590) Metaspace: 8795K(9024K)->8795K(9024K) NonClass: 8143K(8320K)->8143K(8320K) Class: 652K(704K)->652K(704K)
[14170.419s][info][gc             ] GC(35590) Pause Young (Allocation Failure) 466M->381M(579M) 1.308ms
[14170.419s][info][gc,cpu         ] GC(35590) User=0.00s Sys=0.00s Real=0.00s
[14171.067s][info][gc,start       ] GC(35591) Pause Young (Allocation Failure)
[14171.069s][info][gc,heap        ] GC(35591) PSYoungGen: 202496K(202752K)->256K(195584K) Eden: 202240K(202240K)->0K(195072K) From: 256K(512K)->256K(512K)
[14171.069s][info][gc,heap        ] GC(35591) ParOldGen: 390413K(390656K)->390429K(390656K)
[14171.069s][info][gc,metaspace   ] GC(35591) Metaspace: 8795K(9024K)->8795K(9024K) NonClass: 8143K(8320K)->8143K(8320K) Class: 652K(704K)->652K(704K)
[14171.069s][info][gc             ] GC(35591) Pause Young (Allocation Failure) 579M->381M(572M) 1.322ms
[14171.069s][info][gc,cpu         ] GC(35591) User=0.00s Sys=0.00s Real=0.00s
[14171.673s][info][gc,start       ] GC(35592) Pause Young (Allocation Failure)
[14171.675s][info][gc,heap        ] GC(35592) PSYoungGen: 195328K(195584K)->256K(188416K) Eden: 195072K(195072K)->0K(187904K) From: 256K(512K)->256K(512K)
[14171.675s][info][gc,heap        ] GC(35592) ParOldGen: 390429K(390656K)->390437K(390656K)
[14171.675s][info][gc,metaspace   ] GC(35592) Metaspace: 8795K(9024K)->8795K(9024K) NonClass: 8143K(8320K)->8143K(8320K) Class: 652K(704K)->652K(704K)
[14171.675s][info][gc             ] GC(35592) Pause Young (Allocation Failure) 572M->381M(565M) 2.341ms
[14171.675s][info][gc,cpu         ] GC(35592) User=0.01s Sys=0.00s Real=0.00s
[14172.278s][info][gc,start       ] GC(35593) Pause Young (Allocation Failure)
[14172.281s][info][gc,heap        ] GC(35593) PSYoungGen: 188160K(188416K)->208K(181760K) Eden: 187904K(187904K)->0K(181248K) From: 256K(512K)->208K(512K)
[14172.281s][info][gc,heap        ] GC(35593) ParOldGen: 390437K(390656K)->390453K(390656K)
[14172.281s][info][gc,metaspace   ] GC(35593) Metaspace: 8795K(9024K)->8795K(9024K) NonClass: 8143K(8320K)->8143K(8320K) Class: 652K(704K)->652K(704K)
[14172.281s][info][gc             ] GC(35593) Pause Young (Allocation Failure) 565M->381M(559M) 2.837ms
[14172.281s][info][gc,cpu         ] GC(35593) User=0.00s Sys=0.00s Real=0.01s
[14172.854s][info][gc,start       ] GC(35594) Pause Young (Allocation Failure)
[14172.856s][info][gc,heap        ] GC(35594) PSYoungGen: 181456K(181760K)->240K(175104K) Eden: 181248K(181248K)->0K(174592K) From: 208K(512K)->240K(512K)
[14172.856s][info][gc,heap        ] GC(35594) ParOldGen: 390453K(390656K)->390469K(390656K)
[14172.856s][info][gc,metaspace   ] GC(35594) Metaspace: 8795K(9024K)->8795K(9024K) NonClass: 8143K(8320K)->8143K(8320K) Class: 652K(704K)->652K(704K)
[14172.856s][info][gc             ] GC(35594) Pause Young (Allocation Failure) 558M->381M(552M) 1.874ms
[14172.856s][info][gc,cpu         ] GC(35594) User=0.00s Sys=0.00s Real=0.00s
[14173.431s][info][gc,start       ] GC(35595) Pause Young (Allocation Failure)
[14173.434s][info][gc,heap        ] GC(35595) PSYoungGen: 174832K(175104K)->240K(168960K) Eden: 174592K(174592K)->0K(168448K) From: 240K(512K)->240K(512K)
[14173.434s][info][gc,heap        ] GC(35595) ParOldGen: 390469K(390656K)->390477K(390656K)
[14173.434s][info][gc,metaspace   ] GC(35595) Metaspace: 8795K(9024K)->8795K(9024K) NonClass: 8143K(8320K)->8143K(8320K) Class: 652K(704K)->652K(704K)
[14173.434s][info][gc             ] GC(35595) Pause Young (Allocation Failure) 552M->381M(546M) 2.356ms
[14173.434s][info][gc,cpu         ] GC(35595) User=0.00s Sys=0.00s Real=0.00s
[14174.003s][info][gc,start       ] GC(35596) Pause Young (Allocation Failure)
[14174.005s][info][gc,heap        ] GC(35596) PSYoungGen: 168688K(168960K)->256K(163328K) Eden: 168448K(168448K)->0K(162816K) From: 240K(512K)->256K(512K)
[14174.005s][info][gc,heap        ] GC(35596) ParOldGen: 390477K(390656K)->390493K(390656K)
[14174.005s][info][gc,metaspace   ] GC(35596) Metaspace: 8795K(9024K)->8795K(9024K) NonClass: 8143K(8320K)->8143K(8320K) Class: 652K(704K)->652K(704K)
[14174.005s][info][gc             ] GC(35596) Pause Young (Allocation Failure) 546M->381M(541M) 1.348ms
[14174.005s][info][gc,cpu         ] GC(35596) User=0.00s Sys=0.00s Real=0.00s
[14174.562s][info][gc,start       ] GC(35597) Pause Young (Allocation Failure)
[14174.563s][info][gc,heap        ] GC(35597) PSYoungGen: 163072K(163328K)->240K(157696K) Eden: 162816K(162816K)->0K(157184K) From: 256K(512K)->240K(512K)
[14174.563s][info][gc,heap        ] GC(35597) ParOldGen: 390493K(390656K)->390509K(390656K)
[14174.563s][info][gc,metaspace   ] GC(35597) Metaspace: 8795K(9024K)->8795K(9024K) NonClass: 8143K(8320K)->8143K(8320K) Class: 652K(704K)->652K(704K)
[14174.563s][info][gc             ] GC(35597) Pause Young (Allocation Failure) 540M->381M(535M) 1.315ms
[14174.563s][info][gc,cpu         ] GC(35597) User=0.00s Sys=0.00s Real=0.00s
[14175.080s][info][gc,start       ] GC(35598) Pause Young (Allocation Failure)
[14175.082s][info][gc,heap        ] GC(35598) PSYoungGen: 157424K(157696K)->192K(152576K) Eden: 157184K(157184K)->0K(152064K) From: 240K(512K)->192K(512K)
[14175.082s][info][gc,heap        ] GC(35598) ParOldGen: 390509K(390656K)->390517K(390656K)
[14175.082s][info][gc,metaspace   ] GC(35598) Metaspace: 8795K(9024K)->8795K(9024K) NonClass: 8143K(8320K)->8143K(8320K) Class: 652K(704K)->652K(704K)
[14175.082s][info][gc             ] GC(35598) Pause Young (Allocation Failure) 535M->381M(530M) 1.280ms
[14175.082s][info][gc,cpu         ] GC(35598) User=0.00s Sys=0.00s Real=0.00s
[14175.612s][info][gc,start       ] GC(35599) Pause Young (Allocation Failure)
[14175.613s][info][gc,heap        ] GC(35599) PSYoungGen: 152256K(152576K)->240K(147456K) Eden: 152064K(152064K)->0K(146944K) From: 192K(512K)->240K(512K)
[14175.613s][info][gc,heap        ] GC(35599) ParOldGen: 390517K(390656K)->390533K(390656K)
[14175.613s][info][gc,metaspace   ] GC(35599) Metaspace: 8795K(9024K)->8795K(9024K) NonClass: 8143K(8320K)->8143K(8320K) Class: 652K(704K)->652K(704K)
[14175.613s][info][gc             ] GC(35599) Pause Young (Allocation Failure) 530M->381M(525M) 1.347ms
[14175.613s][info][gc,cpu         ] GC(35599) User=0.00s Sys=0.00s Real=0.00s
[14176.105s][info][gc,start       ] GC(35600) Pause Young (Allocation Failure)
[14176.106s][info][gc,heap        ] GC(35600) PSYoungGen: 147184K(147456K)->240K(142848K) Eden: 146944K(146944K)->0K(142336K) From: 240K(512K)->240K(512K)
[14176.106s][info][gc,heap        ] GC(35600) ParOldGen: 390533K(390656K)->390549K(390656K)
[14176.106s][info][gc,metaspace   ] GC(35600) Metaspace: 8795K(9024K)->8795K(9024K) NonClass: 8143K(8320K)->8143K(8320K) Class: 652K(704K)->652K(704K)
[14176.106s][info][gc             ] GC(35600) Pause Young (Allocation Failure) 525M->381M(521M) 1.330ms
[14176.106s][info][gc,cpu         ] GC(35600) User=0.01s Sys=0.00s Real=0.00s
[14176.556s][info][gc,start       ] GC(35601) Pause Young (Allocation Failure)
[14176.557s][info][gc,heap        ] GC(35601) PSYoungGen: 142576K(142848K)->256K(138240K) Eden: 142336K(142336K)->0K(137728K) From: 240K(512K)->256K(512K)
[14176.557s][info][gc,heap        ] GC(35601) ParOldGen: 390549K(390656K)->390565K(390656K)
[14176.557s][info][gc,metaspace   ] GC(35601) Metaspace: 8795K(9024K)->8795K(9024K) NonClass: 8143K(8320K)->8143K(8320K) Class: 652K(704K)->652K(704K)
[14176.557s][info][gc             ] GC(35601) Pause Young (Allocation Failure) 520M->381M(516M) 1.357ms
[14176.557s][info][gc,cpu         ] GC(35601) User=0.00s Sys=0.00s Real=0.00s
[14177.018s][info][gc,start       ] GC(35602) Pause Young (Allocation Failure)
[14177.019s][info][gc,heap        ] GC(35602) PSYoungGen: 137984K(138240K)->240K(133632K) Eden: 137728K(137728K)->0K(133120K) From: 256K(512K)->240K(512K)
[14177.019s][info][gc,heap        ] GC(35602) ParOldGen: 390565K(390656K)->390581K(390656K)
[14177.019s][info][gc,metaspace   ] GC(35602) Metaspace: 8795K(9024K)->8795K(9024K) NonClass: 8143K(8320K)->8143K(8320K) Class: 652K(704K)->652K(704K)
[14177.019s][info][gc             ] GC(35602) Pause Young (Allocation Failure) 516M->381M(512M) 1.296ms
[14177.019s][info][gc,cpu         ] GC(35602) User=0.00s Sys=0.00s Real=0.00s
[14177.442s][info][gc,start       ] GC(35603) Pause Young (Allocation Failure)
[14177.444s][info][gc,heap        ] GC(35603) PSYoungGen: 133360K(133632K)->256K(129536K) Eden: 133120K(133120K)->0K(129024K) From: 240K(512K)->256K(512K)
[14177.444s][info][gc,heap        ] GC(35603) ParOldGen: 390581K(390656K)->390597K(390656K)
[14177.444s][info][gc,metaspace   ] GC(35603) Metaspace: 8795K(9024K)->8795K(9024K) NonClass: 8143K(8320K)->8143K(8320K) Class: 652K(704K)->652K(704K)
[14177.444s][info][gc             ] GC(35603) Pause Young (Allocation Failure) 511M->381M(508M) 1.313ms
[14177.444s][info][gc,cpu         ] GC(35603) User=0.01s Sys=0.00s Real=0.00s
[14177.847s][info][gc,start       ] GC(35604) Pause Young (Allocation Failure)
[14177.848s][info][gc,heap        ] GC(35604) PSYoungGen: 129280K(129536K)->256K(125440K) Eden: 129024K(129024K)->0K(124928K) From: 256K(512K)->256K(512K)
[14177.848s][info][gc,heap        ] GC(35604) ParOldGen: 390597K(390656K)->390613K(390656K)
[14177.848s][info][gc,metaspace   ] GC(35604) Metaspace: 8795K(9024K)->8795K(9024K) NonClass: 8143K(8320K)->8143K(8320K) Class: 652K(704K)->652K(704K)
[14177.848s][info][gc             ] GC(35604) Pause Young (Allocation Failure) 507M->381M(504M) 1.347ms
[14177.848s][info][gc,cpu         ] GC(35604) User=0.00s Sys=0.00s Real=0.00s
[14178.315s][info][gc,start       ] GC(35605) Pause Young (Allocation Failure)
[14178.316s][info][gc,heap        ] GC(35605) PSYoungGen: 125184K(125440K)->256K(121344K) Eden: 124928K(124928K)->0K(120832K) From: 256K(512K)->256K(512K)
[14178.316s][info][gc,heap        ] GC(35605) ParOldGen: 390613K(390656K)->390629K(390656K)
[14178.316s][info][gc,metaspace   ] GC(35605) Metaspace: 8795K(9024K)->8795K(9024K) NonClass: 8143K(8320K)->8143K(8320K) Class: 652K(704K)->652K(704K)
[14178.317s][info][gc             ] GC(35605) Pause Young (Allocation Failure) 503M->381M(500M) 1.376ms
[14178.317s][info][gc,cpu         ] GC(35605) User=0.01s Sys=0.00s Real=0.00s
[14178.702s][info][gc,start       ] GC(35606) Pause Young (Allocation Failure)
[14178.703s][info][gc,heap        ] GC(35606) PSYoungGen: 121088K(121344K)->256K(117760K) Eden: 120832K(120832K)->0K(117248K) From: 256K(512K)->256K(512K)
[14178.703s][info][gc,heap        ] GC(35606) ParOldGen: 390629K(390656K)->390645K(390656K)
[14178.703s][info][gc,metaspace   ] GC(35606) Metaspace: 8795K(9024K)->8795K(9024K) NonClass: 8143K(8320K)->8143K(8320K) Class: 652K(704K)->652K(704K)
[14178.703s][info][gc             ] GC(35606) Pause Young (Allocation Failure) 499M->381M(496M) 1.355ms
[14178.703s][info][gc,cpu         ] GC(35606) User=0.00s Sys=0.00s Real=0.00s
[14179.091s][info][gc,start       ] GC(35607) Pause Young (Allocation Failure)
[14179.092s][info][gc,heap        ] GC(35607) PSYoungGen: 117504K(117760K)->288K(114176K) Eden: 117248K(117248K)->0K(113664K) From: 256K(512K)->288K(512K)
[14179.092s][info][gc,heap        ] GC(35607) ParOldGen: 390645K(390656K)->390661K(391168K)
[14179.092s][info][gc,metaspace   ] GC(35607) Metaspace: 8795K(9024K)->8795K(9024K) NonClass: 8143K(8320K)->8143K(8320K) Class: 652K(704K)->652K(704K)
[14179.092s][info][gc             ] GC(35607) Pause Young (Allocation Failure) 496M->381M(493M) 1.475ms
[14179.092s][info][gc,cpu         ] GC(35607) User=0.01s Sys=0.00s Real=0.00s
[14179.453s][info][gc,start       ] GC(35608) Pause Young (Allocation Failure)
[14179.454s][info][gc,heap        ] GC(35608) PSYoungGen: 113952K(114176K)->240K(110592K) Eden: 113664K(113664K)->0K(110080K) From: 288K(512K)->240K(512K)
[14179.454s][info][gc,heap        ] GC(35608) ParOldGen: 390661K(391168K)->390677K(391168K)
[14179.454s][info][gc,metaspace   ] GC(35608) Metaspace: 8795K(9024K)->8795K(9024K) NonClass: 8143K(8320K)->8143K(8320K) Class: 652K(704K)->652K(704K)
[14179.454s][info][gc             ] GC(35608) Pause Young (Allocation Failure) 492M->381M(490M) 1.285ms
[14179.454s][info][gc,cpu         ] GC(35608) User=0.00s Sys=0.00s Real=0.00s
[14179.840s][info][gc,start       ] GC(35609) Pause Young (Allocation Failure)
[14179.841s][info][gc,heap        ] GC(35609) PSYoungGen: 110320K(110592K)->240K(107520K) Eden: 110080K(110080K)->0K(107008K) From: 240K(512K)->240K(512K)
[14179.841s][info][gc,heap        ] GC(35609) ParOldGen: 390677K(391168K)->390693K(391168K)
[14179.841s][info][gc,metaspace   ] GC(35609) Metaspace: 8795K(9024K)->8795K(9024K) NonClass: 8143K(8320K)->8143K(8320K) Class: 652K(704K)->652K(704K)
[14179.841s][info][gc             ] GC(35609) Pause Young (Allocation Failure) 489M->381M(487M) 1.351ms
[14179.841s][info][gc,cpu         ] GC(35609) User=0.00s Sys=0.00s Real=0.01s
[14180.187s][info][gc,start       ] GC(35610) Pause Young (Allocation Failure)
[14180.188s][info][gc,heap        ] GC(35610) PSYoungGen: 107248K(107520K)->256K(104448K) Eden: 107008K(107008K)->0K(103936K) From: 240K(512K)->256K(512K)
[14180.188s][info][gc,heap        ] GC(35610) ParOldGen: 390693K(391168K)->390709K(391168K)
[14180.188s][info][gc,metaspace   ] GC(35610) Metaspace: 8795K(9024K)->8795K(9024K) NonClass: 8143K(8320K)->8143K(8320K) Class: 652K(704K)->652K(704K)
[14180.188s][info][gc             ] GC(35610) Pause Young (Allocation Failure) 486M->381M(484M) 1.333ms
[14180.188s][info][gc,cpu         ] GC(35610) User=0.01s Sys=0.00s Real=0.00s
[14180.526s][info][gc,start       ] GC(35611) Pause Young (Allocation Failure)
[14180.528s][info][gc,heap        ] GC(35611) PSYoungGen: 104192K(104448K)->256K(101376K) Eden: 103936K(103936K)->0K(100864K) From: 256K(512K)->256K(512K)
[14180.528s][info][gc,heap        ] GC(35611) ParOldGen: 390709K(391168K)->390725K(391168K)
[14180.528s][info][gc,metaspace   ] GC(35611) Metaspace: 8795K(9024K)->8795K(9024K) NonClass: 8143K(8320K)->8143K(8320K) Class: 652K(704K)->652K(704K)
[14180.528s][info][gc             ] GC(35611) Pause Young (Allocation Failure) 483M->381M(481M) 2.711ms
[14180.528s][info][gc,cpu         ] GC(35611) User=0.00s Sys=0.00s Real=0.00s
[14180.855s][info][gc,start       ] GC(35612) Pause Young (Allocation Failure)
[14180.857s][info][gc,heap        ] GC(35612) PSYoungGen: 101120K(101376K)->240K(98304K) Eden: 100864K(100864K)->0K(97792K) From: 256K(512K)->240K(512K)
[14180.857s][info][gc,heap        ] GC(35612) ParOldGen: 390725K(391168K)->390741K(391168K)
[14180.857s][info][gc,metaspace   ] GC(35612) Metaspace: 8795K(9024K)->8795K(9024K) NonClass: 8143K(8320K)->8143K(8320K) Class: 652K(704K)->652K(704K)
[14180.857s][info][gc             ] GC(35612) Pause Young (Allocation Failure) 480M->381M(478M) 2.457ms
[14180.857s][info][gc,cpu         ] GC(35612) User=0.01s Sys=0.00s Real=0.00s
[14181.156s][info][gc,start       ] GC(35613) Pause Young (Allocation Failure)
[14181.158s][info][gc,heap        ] GC(35613) PSYoungGen: 98032K(98304K)->224K(95744K) Eden: 97792K(97792K)->0K(95232K) From: 240K(512K)->224K(512K)
[14181.158s][info][gc,heap        ] GC(35613) ParOldGen: 390741K(391168K)->390749K(391168K)
[14181.158s][info][gc,metaspace   ] GC(35613) Metaspace: 8795K(9024K)->8795K(9024K) NonClass: 8143K(8320K)->8143K(8320K) Class: 652K(704K)->652K(704K)
[14181.158s][info][gc             ] GC(35613) Pause Young (Allocation Failure) 477M->381M(475M) 2.497ms
[14181.158s][info][gc,cpu         ] GC(35613) User=0.00s Sys=0.00s Real=0.00s
[14181.488s][info][gc,start       ] GC(35614) Pause Young (Allocation Failure)
[14181.491s][info][gc,heap        ] GC(35614) PSYoungGen: 95456K(95744K)->240K(93184K) Eden: 95232K(95232K)->0K(92672K) From: 224K(512K)->240K(512K)
[14181.491s][info][gc,heap        ] GC(35614) ParOldGen: 390749K(391168K)->390757K(391168K)
[14181.491s][info][gc,metaspace   ] GC(35614) Metaspace: 8795K(9024K)->8795K(9024K) NonClass: 8143K(8320K)->8143K(8320K) Class: 652K(704K)->652K(704K)
[14181.491s][info][gc             ] GC(35614) Pause Young (Allocation Failure) 474M->381M(473M) 2.414ms
[14181.491s][info][gc,cpu         ] GC(35614) User=0.00s Sys=0.00s Real=0.01s
[14181.791s][info][gc,start       ] GC(35615) Pause Young (Allocation Failure)
[14181.793s][info][gc,heap        ] GC(35615) PSYoungGen: 92912K(93184K)->240K(90624K) Eden: 92672K(92672K)->0K(90112K) From: 240K(512K)->240K(512K)
[14181.793s][info][gc,heap        ] GC(35615) ParOldGen: 390757K(391168K)->390765K(391168K)
[14181.793s][info][gc,metaspace   ] GC(35615) Metaspace: 8795K(9024K)->8795K(9024K) NonClass: 8143K(8320K)->8143K(8320K) Class: 652K(704K)->652K(704K)
[14181.793s][info][gc             ] GC(35615) Pause Young (Allocation Failure) 472M->381M(470M) 2.426ms
[14181.793s][info][gc,cpu         ] GC(35615) User=0.01s Sys=0.00s Real=0.00s
[14182.083s][info][gc,start       ] GC(35616) Pause Young (Allocation Failure)
[14182.086s][info][gc,heap        ] GC(35616) PSYoungGen: 90352K(90624K)->224K(88064K) Eden: 90112K(90112K)->0K(87552K) From: 240K(512K)->224K(512K)
[14182.086s][info][gc,heap        ] GC(35616) ParOldGen: 390765K(391168K)->390773K(391168K)
[14182.086s][info][gc,metaspace   ] GC(35616) Metaspace: 8795K(9024K)->8795K(9024K) NonClass: 8143K(8320K)->8143K(8320K) Class: 652K(704K)->652K(704K)
[14182.086s][info][gc             ] GC(35616) Pause Young (Allocation Failure) 469M->381M(468M) 2.606ms
[14182.086s][info][gc,cpu         ] GC(35616) User=0.00s Sys=0.00s Real=0.00s
[14182.384s][info][gc,start       ] GC(35617) Pause Young (Allocation Failure)
[14182.385s][info][gc,heap        ] GC(35617) PSYoungGen: 87776K(88064K)->224K(202752K) Eden: 87552K(87552K)->0K(202240K) From: 224K(512K)->224K(512K)
[14182.386s][info][gc,heap        ] GC(35617) ParOldGen: 390773K(391168K)->390789K(391168K)
[14182.386s][info][gc,metaspace   ] GC(35617) Metaspace: 8795K(9024K)->8795K(9024K) NonClass: 8143K(8320K)->8143K(8320K) Class: 652K(704K)->652K(704K)
[14182.386s][info][gc             ] GC(35617) Pause Young (Allocation Failure) 467M->381M(580M) 1.715ms
[14182.386s][info][gc,cpu         ] GC(35617) User=0.00s Sys=0.00s Real=0.00s
[14183.026s][info][gc,start       ] GC(35618) Pause Young (Allocation Failure)
[14183.027s][info][gc,heap        ] GC(35618) PSYoungGen: 202464K(202752K)->272K(195584K) Eden: 202240K(202240K)->0K(195072K) From: 224K(512K)->272K(512K)
[14183.027s][info][gc,heap        ] GC(35618) ParOldGen: 390789K(391168K)->390805K(391168K)
[14183.027s][info][gc,metaspace   ] GC(35618) Metaspace: 8795K(9024K)->8795K(9024K) NonClass: 8143K(8320K)->8143K(8320K) Class: 652K(704K)->652K(704K)
[14183.027s][info][gc             ] GC(35618) Pause Young (Allocation Failure) 579M->381M(573M) 1.381ms
[14183.027s][info][gc,cpu         ] GC(35618) User=0.00s Sys=0.00s Real=0.00s
[14183.668s][info][gc,start       ] GC(35619) Pause Young (Allocation Failure)
[14183.670s][info][gc,heap        ] GC(35619) PSYoungGen: 195344K(195584K)->240K(188416K) Eden: 195072K(195072K)->0K(187904K) From: 272K(512K)->240K(512K)
[14183.670s][info][gc,heap        ] GC(35619) ParOldGen: 390805K(391168K)->390821K(391168K)
[14183.670s][info][gc,metaspace   ] GC(35619) Metaspace: 8795K(9024K)->8795K(9024K) NonClass: 8143K(8320K)->8143K(8320K) Class: 652K(704K)->652K(704K)
[14183.670s][info][gc             ] GC(35619) Pause Young (Allocation Failure) 572M->381M(566M) 1.352ms
[14183.670s][info][gc,cpu         ] GC(35619) User=0.00s Sys=0.00s Real=0.00s
[14184.300s][info][gc,start       ] GC(35620) Pause Young (Allocation Failure)
[14184.302s][info][gc,heap        ] GC(35620) PSYoungGen: 188144K(188416K)->256K(181760K) Eden: 187904K(187904K)->0K(181248K) From: 240K(512K)->256K(512K)
[14184.302s][info][gc,heap        ] GC(35620) ParOldGen: 390821K(391168K)->390829K(391168K)
[14184.302s][info][gc,metaspace   ] GC(35620) Metaspace: 8795K(9024K)->8795K(9024K) NonClass: 8143K(8320K)->8143K(8320K) Class: 652K(704K)->652K(704K)
[14184.302s][info][gc             ] GC(35620) Pause Young (Allocation Failure) 565M->381M(559M) 1.545ms
[14184.302s][info][gc,cpu         ] GC(35620) User=0.00s Sys=0.00s Real=0.00s
[14184.901s][info][gc,start       ] GC(35621) Pause Young (Allocation Failure)
[14184.902s][info][gc,heap        ] GC(35621) PSYoungGen: 181504K(181760K)->240K(175104K) Eden: 181248K(181248K)->0K(174592K) From: 256K(512K)->240K(512K)
[14184.903s][info][gc,heap        ] GC(35621) ParOldGen: 390829K(391168K)->390845K(391168K)
[14184.903s][info][gc,metaspace   ] GC(35621) Metaspace: 8795K(9024K)->8795K(9024K) NonClass: 8143K(8320K)->8143K(8320K) Class: 652K(704K)->652K(704K)
[14184.903s][info][gc             ] GC(35621) Pause Young (Allocation Failure) 558M->381M(553M) 1.743ms
[14184.903s][info][gc,cpu         ] GC(35621) User=0.00s Sys=0.00s Real=0.00s
[14185.439s][info][gc,start       ] GC(35622) Pause Young (Allocation Failure)
[14185.441s][info][gc,heap        ] GC(35622) PSYoungGen: 174832K(175104K)->240K(168960K) Eden: 174592K(174592K)->0K(168448K) From: 240K(512K)->240K(512K)
[14185.441s][info][gc,heap        ] GC(35622) ParOldGen: 390845K(391168K)->390861K(391168K)
[14185.441s][info][gc,metaspace   ] GC(35622) Metaspace: 8795K(9024K)->8795K(9024K) NonClass: 8143K(8320K)->8143K(8320K) Class: 652K(704K)->652K(704K)
[14185.441s][info][gc             ] GC(35622) Pause Young (Allocation Failure) 552M->381M(547M) 1.319ms
[14185.441s][info][gc,cpu         ] GC(35622) User=0.00s Sys=0.00s Real=0.01s
[14186.003s][info][gc,start       ] GC(35623) Pause Young (Allocation Failure)
[14186.004s][info][gc,heap        ] GC(35623) PSYoungGen: 168688K(168960K)->240K(163328K) Eden: 168448K(168448K)->0K(162816K) From: 240K(512K)->240K(512K)
[14186.004s][info][gc,heap        ] GC(35623) ParOldGen: 390861K(391168K)->390877K(391168K)
[14186.004s][info][gc,metaspace   ] GC(35623) Metaspace: 8795K(9024K)->8795K(9024K) NonClass: 8143K(8320K)->8143K(8320K) Class: 652K(704K)->652K(704K)
[14186.004s][info][gc             ] GC(35623) Pause Young (Allocation Failure) 546M->381M(541M) 1.331ms
[14186.004s][info][gc,cpu         ] GC(35623) User=0.00s Sys=0.00s Real=0.00s
[14186.567s][info][gc,start       ] GC(35624) Pause Young (Allocation Failure)
[14186.568s][info][gc,heap        ] GC(35624) PSYoungGen: 163056K(163328K)->272K(157696K) Eden: 162816K(162816K)->0K(157184K) From: 240K(512K)->272K(512K)
[14186.569s][info][gc,heap        ] GC(35624) ParOldGen: 390877K(391168K)->390893K(391168K)
[14186.569s][info][gc,metaspace   ] GC(35624) Metaspace: 8795K(9024K)->8795K(9024K) NonClass: 8143K(8320K)->8143K(8320K) Class: 652K(704K)->652K(704K)
[14186.569s][info][gc             ] GC(35624) Pause Young (Allocation Failure) 540M->381M(536M) 1.636ms
[14186.569s][info][gc,cpu         ] GC(35624) User=0.00s Sys=0.00s Real=0.00s
[14187.127s][info][gc,start       ] GC(35625) Pause Young (Allocation Failure)
[14187.130s][info][gc,heap        ] GC(35625) PSYoungGen: 157456K(157696K)->272K(152576K) Eden: 157184K(157184K)->0K(152064K) From: 272K(512K)->272K(512K)
[14187.130s][info][gc,heap        ] GC(35625) ParOldGen: 390893K(391168K)->390909K(391168K)
[14187.130s][info][gc,metaspace   ] GC(35625) Metaspace: 8795K(9024K)->8795K(9024K) NonClass: 8143K(8320K)->8143K(8320K) Class: 652K(704K)->652K(704K)
[14187.131s][info][gc             ] GC(35625) Pause Young (Allocation Failure) 535M->382M(531M) 3.145ms
[14187.131s][info][gc,cpu         ] GC(35625) User=0.00s Sys=0.00s Real=0.01s
[14187.719s][info][gc,start       ] GC(35626) Pause Young (Allocation Failure)
[14187.722s][info][gc,heap        ] GC(35626) PSYoungGen: 152336K(152576K)->240K(147456K) Eden: 152064K(152064K)->0K(146944K) From: 272K(512K)->240K(512K)
[14187.722s][info][gc,heap        ] GC(35626) ParOldGen: 390909K(391168K)->390917K(391168K)
[14187.722s][info][gc,metaspace   ] GC(35626) Metaspace: 8795K(9024K)->8795K(9024K) NonClass: 8143K(8320K)->8143K(8320K) Class: 652K(704K)->652K(704K)
[14187.722s][info][gc             ] GC(35626) Pause Young (Allocation Failure) 530M->381M(526M) 2.486ms
[14187.722s][info][gc,cpu         ] GC(35626) User=0.00s Sys=0.00s Real=0.01s
[14188.220s][info][gc,start       ] GC(35627) Pause Young (Allocation Failure)
[14188.221s][info][gc,heap        ] GC(35627) PSYoungGen: 147184K(147456K)->240K(142848K) Eden: 146944K(146944K)->0K(142336K) From: 240K(512K)->240K(512K)
[14188.221s][info][gc,heap        ] GC(35627) ParOldGen: 390917K(391168K)->390933K(391168K)
[14188.221s][info][gc,metaspace   ] GC(35627) Metaspace: 8795K(9024K)->8795K(9024K) NonClass: 8143K(8320K)->8143K(8320K) Class: 652K(704K)->652K(704K)
[14188.221s][info][gc             ] GC(35627) Pause Young (Allocation Failure) 525M->382M(521M) 1.769ms
[14188.221s][info][gc,cpu         ] GC(35627) User=0.01s Sys=0.00s Real=0.01s
[14188.740s][info][gc,start       ] GC(35628) Pause Young (Allocation Failure)
[14188.741s][info][gc,heap        ] GC(35628) PSYoungGen: 142576K(142848K)->240K(138240K) Eden: 142336K(142336K)->0K(137728K) From: 240K(512K)->240K(512K)
[14188.741s][info][gc,heap        ] GC(35628) ParOldGen: 390933K(391168K)->390949K(391168K)
[14188.741s][info][gc,metaspace   ] GC(35628) Metaspace: 8795K(9024K)->8795K(9024K) NonClass: 8143K(8320K)->8143K(8320K) Class: 652K(704K)->652K(704K)
[14188.742s][info][gc             ] GC(35628) Pause Young (Allocation Failure) 521M->382M(517M) 1.450ms
[14188.742s][info][gc,cpu         ] GC(35628) User=0.00s Sys=0.00s Real=0.01s
[14189.232s][info][gc,start       ] GC(35629) Pause Young (Allocation Failure)
[14189.233s][info][gc,heap        ] GC(35629) PSYoungGen: 137968K(138240K)->256K(133632K) Eden: 137728K(137728K)->0K(133120K) From: 240K(512K)->256K(512K)
[14189.233s][info][gc,heap        ] GC(35629) ParOldGen: 390949K(391168K)->390965K(391168K)
[14189.233s][info][gc,metaspace   ] GC(35629) Metaspace: 8795K(9024K)->8795K(9024K) NonClass: 8143K(8320K)->8143K(8320K) Class: 652K(704K)->652K(704K)
[14189.234s][info][gc             ] GC(35629) Pause Young (Allocation Failure) 516M->382M(512M) 1.406ms
[14189.234s][info][gc,cpu         ] GC(35629) User=0.01s Sys=0.00s Real=0.00s
[14189.668s][info][gc,start       ] GC(35630) Pause Young (Allocation Failure)
[14189.669s][info][gc,heap        ] GC(35630) PSYoungGen: 133376K(133632K)->256K(129536K) Eden: 133120K(133120K)->0K(129024K) From: 256K(512K)->256K(512K)
[14189.669s][info][gc,heap        ] GC(35630) ParOldGen: 390965K(391168K)->390981K(391168K)
[14189.669s][info][gc,metaspace   ] GC(35630) Metaspace: 8795K(9024K)->8795K(9024K) NonClass: 8143K(8320K)->8143K(8320K) Class: 652K(704K)->652K(704K)
[14189.669s][info][gc             ] GC(35630) Pause Young (Allocation Failure) 512M->382M(508M) 1.358ms
[14189.669s][info][gc,cpu         ] GC(35630) User=0.00s Sys=0.00s Real=0.00s
[14190.107s][info][gc,start       ] GC(35631) Pause Young (Allocation Failure)
[14190.109s][info][gc,heap        ] GC(35631) PSYoungGen: 129280K(129536K)->256K(125440K) Eden: 129024K(129024K)->0K(124928K) From: 256K(512K)->256K(512K)
[14190.109s][info][gc,heap        ] GC(35631) ParOldGen: 390981K(391168K)->390997K(391168K)
[14190.109s][info][gc,metaspace   ] GC(35631) Metaspace: 8795K(9024K)->8795K(9024K) NonClass: 8143K(8320K)->8143K(8320K) Class: 652K(704K)->652K(704K)
[14190.109s][info][gc             ] GC(35631) Pause Young (Allocation Failure) 508M->382M(504M) 1.384ms
[14190.109s][info][gc,cpu         ] GC(35631) User=0.01s Sys=0.00s Real=0.00s
[14190.495s][info][gc,start       ] GC(35632) Pause Young (Allocation Failure)
[14190.497s][info][gc,heap        ] GC(35632) PSYoungGen: 125184K(125440K)->256K(121344K) Eden: 124928K(124928K)->0K(120832K) From: 256K(512K)->256K(512K)
[14190.497s][info][gc,heap        ] GC(35632) ParOldGen: 390997K(391168K)->391013K(391168K)
[14190.497s][info][gc,metaspace   ] GC(35632) Metaspace: 8795K(9024K)->8795K(9024K) NonClass: 8143K(8320K)->8143K(8320K) Class: 652K(704K)->652K(704K)
[14190.497s][info][gc             ] GC(35632) Pause Young (Allocation Failure) 504M->382M(500M) 1.489ms
[14190.497s][info][gc,cpu         ] GC(35632) User=0.01s Sys=0.00s Real=0.00s
[14190.867s][info][gc,start       ] GC(35633) Pause Young (Allocation Failure)
[14190.868s][info][gc,heap        ] GC(35633) PSYoungGen: 121088K(121344K)->256K(117760K) Eden: 120832K(120832K)->0K(117248K) From: 256K(512K)->256K(512K)
[14190.868s][info][gc,heap        ] GC(35633) ParOldGen: 391013K(391168K)->391029K(391168K)
[14190.868s][info][gc,metaspace   ] GC(35633) Metaspace: 8795K(9024K)->8795K(9024K) NonClass: 8143K(8320K)->8143K(8320K) Class: 652K(704K)->652K(704K)
[14190.868s][info][gc             ] GC(35633) Pause Young (Allocation Failure) 500M->382M(497M) 1.336ms
[14190.868s][info][gc,cpu         ] GC(35633) User=0.01s Sys=0.00s Real=0.00s
[14191.245s][info][gc,start       ] GC(35634) Pause Young (Allocation Failure)
[14191.247s][info][gc,heap        ] GC(35634) PSYoungGen: 117504K(117760K)->320K(114176K) Eden: 117248K(117248K)->0K(113664K) From: 256K(512K)->320K(512K)
[14191.247s][info][gc,heap        ] GC(35634) ParOldGen: 391029K(391168K)->391045K(391168K)
[14191.247s][info][gc,metaspace   ] GC(35634) Metaspace: 8795K(9024K)->8795K(9024K) NonClass: 8143K(8320K)->8143K(8320K) Class: 652K(704K)->652K(704K)
[14191.247s][info][gc             ] GC(35634) Pause Young (Allocation Failure) 496M->382M(493M) 1.354ms
[14191.247s][info][gc,cpu         ] GC(35634) User=0.00s Sys=0.00s Real=0.00s
[14191.625s][info][gc,start       ] GC(35635) Pause Young (Allocation Failure)
[14191.627s][info][gc,heap        ] GC(35635) PSYoungGen: 113984K(114176K)->240K(110592K) Eden: 113664K(113664K)->0K(110080K) From: 320K(512K)->240K(512K)
[14191.627s][info][gc,heap        ] GC(35635) ParOldGen: 391045K(391168K)->391061K(391168K)
[14191.627s][info][gc,metaspace   ] GC(35635) Metaspace: 8795K(9024K)->8795K(9024K) NonClass: 8143K(8320K)->8143K(8320K) Class: 652K(704K)->652K(704K)
[14191.627s][info][gc             ] GC(35635) Pause Young (Allocation Failure) 493M->382M(490M) 1.292ms
[14191.627s][info][gc,cpu         ] GC(35635) User=0.00s Sys=0.00s Real=0.00s
[14191.978s][info][gc,start       ] GC(35636) Pause Young (Allocation Failure)
[14191.979s][info][gc,heap        ] GC(35636) PSYoungGen: 110320K(110592K)->256K(107520K) Eden: 110080K(110080K)->0K(107008K) From: 240K(512K)->256K(512K)
[14191.979s][info][gc,heap        ] GC(35636) ParOldGen: 391061K(391168K)->391077K(391168K)
[14191.979s][info][gc,metaspace   ] GC(35636) Metaspace: 8795K(9024K)->8795K(9024K) NonClass: 8143K(8320K)->8143K(8320K) Class: 652K(704K)->652K(704K)
[14191.980s][info][gc             ] GC(35636) Pause Young (Allocation Failure) 489M->382M(487M) 1.346ms
[14191.980s][info][gc,cpu         ] GC(35636) User=0.00s Sys=0.00s Real=0.00s
[14192.322s][info][gc,start       ] GC(35637) Pause Young (Allocation Failure)
[14192.323s][info][gc,heap        ] GC(35637) PSYoungGen: 107264K(107520K)->256K(104448K) Eden: 107008K(107008K)->0K(103936K) From: 256K(512K)->256K(512K)
[14192.323s][info][gc,heap        ] GC(35637) ParOldGen: 391077K(391168K)->391093K(391168K)
[14192.323s][info][gc,metaspace   ] GC(35637) Metaspace: 8795K(9024K)->8795K(9024K) NonClass: 8143K(8320K)->8143K(8320K) Class: 652K(704K)->652K(704K)
[14192.323s][info][gc             ] GC(35637) Pause Young (Allocation Failure) 486M->382M(484M) 1.325ms
[14192.323s][info][gc,cpu         ] GC(35637) User=0.00s Sys=0.00s Real=0.00s
[14192.689s][info][gc,start       ] GC(35638) Pause Young (Allocation Failure)
[14192.690s][info][gc,heap        ] GC(35638) PSYoungGen: 104192K(104448K)->256K(101376K) Eden: 103936K(103936K)->0K(100864K) From: 256K(512K)->256K(512K)
[14192.690s][info][gc,heap        ] GC(35638) ParOldGen: 391093K(391168K)->391109K(391168K)
[14192.690s][info][gc,metaspace   ] GC(35638) Metaspace: 8795K(9024K)->8795K(9024K) NonClass: 8143K(8320K)->8143K(8320K) Class: 652K(704K)->652K(704K)
[14192.690s][info][gc             ] GC(35638) Pause Young (Allocation Failure) 483M->382M(481M) 1.342ms
[14192.690s][info][gc,cpu         ] GC(35638) User=0.00s Sys=0.00s Real=0.00s
[14193.019s][info][gc,start       ] GC(35639) Pause Young (Allocation Failure)
[14193.020s][info][gc,heap        ] GC(35639) PSYoungGen: 101120K(101376K)->240K(98304K) Eden: 100864K(100864K)->0K(97792K) From: 256K(512K)->240K(512K)
[14193.020s][info][gc,heap        ] GC(35639) ParOldGen: 391109K(391168K)->391125K(391168K)
[14193.020s][info][gc,metaspace   ] GC(35639) Metaspace: 8795K(9024K)->8795K(9024K) NonClass: 8143K(8320K)->8143K(8320K) Class: 652K(704K)->652K(704K)
[14193.020s][info][gc             ] GC(35639) Pause Young (Allocation Failure) 480M->382M(478M) 1.322ms
[14193.020s][info][gc,cpu         ] GC(35639) User=0.00s Sys=0.00s Real=0.00s
[14193.340s][info][gc,start       ] GC(35640) Pause Young (Allocation Failure)
[14193.341s][info][gc,heap        ] GC(35640) PSYoungGen: 98032K(98304K)->256K(95744K) Eden: 97792K(97792K)->0K(95232K) From: 240K(512K)->256K(512K)
[14193.341s][info][gc,heap        ] GC(35640) ParOldGen: 391125K(391168K)->391141K(391168K)
[14193.341s][info][gc,metaspace   ] GC(35640) Metaspace: 8795K(9024K)->8795K(9024K) NonClass: 8143K(8320K)->8143K(8320K) Class: 652K(704K)->652K(704K)
[14193.341s][info][gc             ] GC(35640) Pause Young (Allocation Failure) 477M->382M(475M) 1.316ms
[14193.341s][info][gc,cpu         ] GC(35640) User=0.00s Sys=0.00s Real=0.01s
[14193.652s][info][gc,start       ] GC(35641) Pause Young (Allocation Failure)
[14193.653s][info][gc,heap        ] GC(35641) PSYoungGen: 95488K(95744K)->240K(93184K) Eden: 95232K(95232K)->0K(92672K) From: 256K(512K)->240K(512K)
[14193.653s][info][gc,heap        ] GC(35641) ParOldGen: 391141K(391168K)->391157K(391168K)
[14193.653s][info][gc,metaspace   ] GC(35641) Metaspace: 8795K(9024K)->8795K(9024K) NonClass: 8143K(8320K)->8143K(8320K) Class: 652K(704K)->652K(704K)
[14193.653s][info][gc             ] GC(35641) Pause Young (Allocation Failure) 475M->382M(473M) 1.389ms
[14193.653s][info][gc,cpu         ] GC(35641) User=0.00s Sys=0.00s Real=0.00s
[14193.992s][info][gc,start       ] GC(35642) Pause Young (Allocation Failure)
[14193.994s][info][gc,heap        ] GC(35642) PSYoungGen: 92912K(93184K)->288K(90624K) Eden: 92672K(92672K)->0K(90112K) From: 240K(512K)->288K(512K)
[14193.994s][info][gc,heap        ] GC(35642) ParOldGen: 391157K(391168K)->391165K(391168K)
[14193.994s][info][gc,metaspace   ] GC(35642) Metaspace: 8795K(9024K)->8795K(9024K) NonClass: 8143K(8320K)->8143K(8320K) Class: 652K(704K)->652K(704K)
[14193.994s][info][gc             ] GC(35642) Pause Young (Allocation Failure) 472M->382M(470M) 2.613ms
[14193.994s][info][gc,cpu         ] GC(35642) User=0.01s Sys=0.00s Real=0.00s
[14194.270s][info][gc,start       ] GC(35643) Pause Young (Allocation Failure)
[14194.272s][info][gc,heap        ] GC(35643) PSYoungGen: 90400K(90624K)->240K(88064K) Eden: 90112K(90112K)->0K(87552K) From: 288K(512K)->240K(512K)
[14194.272s][info][gc,heap        ] GC(35643) ParOldGen: 391165K(391168K)->391181K(391680K)
[14194.272s][info][gc,metaspace   ] GC(35643) Metaspace: 8795K(9024K)->8795K(9024K) NonClass: 8143K(8320K)->8143K(8320K) Class: 652K(704K)->652K(704K)
[14194.272s][info][gc             ] GC(35643) Pause Young (Allocation Failure) 470M->382M(468M) 1.640ms
[14194.272s][info][gc,cpu         ] GC(35643) User=0.00s Sys=0.00s Real=0.01s
[14194.580s][info][gc,start       ] GC(35644) Pause Young (Allocation Failure)
[14194.581s][info][gc,heap        ] GC(35644) PSYoungGen: 87792K(88064K)->240K(202752K) Eden: 87552K(87552K)->0K(202240K) From: 240K(512K)->240K(512K)
[14194.581s][info][gc,heap        ] GC(35644) ParOldGen: 391181K(391680K)->391197K(391680K)
[14194.581s][info][gc,metaspace   ] GC(35644) Metaspace: 8795K(9024K)->8795K(9024K) NonClass: 8143K(8320K)->8143K(8320K) Class: 652K(704K)->652K(704K)
[14194.581s][info][gc             ] GC(35644) Pause Young (Allocation Failure) 467M->382M(580M) 1.397ms
[14194.581s][info][gc,cpu         ] GC(35644) User=0.00s Sys=0.00s Real=0.01s
[14195.254s][info][gc,start       ] GC(35645) Pause Young (Allocation Failure)
[14195.256s][info][gc,heap        ] GC(35645) PSYoungGen: 202480K(202752K)->256K(195584K) Eden: 202240K(202240K)->0K(195072K) From: 240K(512K)->256K(512K)
[14195.256s][info][gc,heap        ] GC(35645) ParOldGen: 391197K(391680K)->391213K(391680K)
[14195.256s][info][gc,metaspace   ] GC(35645) Metaspace: 8795K(9024K)->8795K(9024K) NonClass: 8143K(8320K)->8143K(8320K) Class: 652K(704K)->652K(704K)
[14195.256s][info][gc             ] GC(35645) Pause Young (Allocation Failure) 579M->382M(573M) 1.334ms
[14195.256s][info][gc,cpu         ] GC(35645) User=0.00s Sys=0.00s Real=0.00s
[14195.901s][info][gc,start       ] GC(35646) Pause Young (Allocation Failure)
[14195.903s][info][gc,heap        ] GC(35646) PSYoungGen: 195328K(195584K)->256K(188416K) Eden: 195072K(195072K)->0K(187904K) From: 256K(512K)->256K(512K)
[14195.903s][info][gc,heap        ] GC(35646) ParOldGen: 391213K(391680K)->391229K(391680K)
[14195.903s][info][gc,metaspace   ] GC(35646) Metaspace: 8795K(9024K)->8795K(9024K) NonClass: 8143K(8320K)->8143K(8320K) Class: 652K(704K)->652K(704K)
[14195.903s][info][gc             ] GC(35646) Pause Young (Allocation Failure) 572M->382M(566M) 1.369ms
[14195.903s][info][gc,cpu         ] GC(35646) User=0.00s Sys=0.00s Real=0.00s
[14196.506s][info][gc,start       ] GC(35647) Pause Young (Allocation Failure)
[14196.507s][info][gc,heap        ] GC(35647) PSYoungGen: 188160K(188416K)->240K(181760K) Eden: 187904K(187904K)->0K(181248K) From: 256K(512K)->240K(512K)
[14196.507s][info][gc,heap        ] GC(35647) ParOldGen: 391229K(391680K)->391245K(391680K)
[14196.507s][info][gc,metaspace   ] GC(35647) Metaspace: 8795K(9024K)->8795K(9024K) NonClass: 8143K(8320K)->8143K(8320K) Class: 652K(704K)->652K(704K)
[14196.507s][info][gc             ] GC(35647) Pause Young (Allocation Failure) 565M->382M(560M) 1.332ms
[14196.507s][info][gc,cpu         ] GC(35647) User=0.01s Sys=0.00s Real=0.00s
[14197.070s][info][gc,start       ] GC(35648) Pause Young (Allocation Failure)
[14197.072s][info][gc,heap        ] GC(35648) PSYoungGen: 181488K(181760K)->240K(175104K) Eden: 181248K(181248K)->0K(174592K) From: 240K(512K)->240K(512K)
[14197.072s][info][gc,heap        ] GC(35648) ParOldGen: 391245K(391680K)->391261K(391680K)
[14197.072s][info][gc,metaspace   ] GC(35648) Metaspace: 8795K(9024K)->8795K(9024K) NonClass: 8143K(8320K)->8143K(8320K) Class: 652K(704K)->652K(704K)
[14197.072s][info][gc             ] GC(35648) Pause Young (Allocation Failure) 559M->382M(553M) 1.348ms
[14197.072s][info][gc,cpu         ] GC(35648) User=0.01s Sys=0.00s Real=0.00s
[14197.642s][info][gc,start       ] GC(35649) Pause Young (Allocation Failure)
[14197.644s][info][gc,heap        ] GC(35649) PSYoungGen: 174832K(175104K)->224K(168960K) Eden: 174592K(174592K)->0K(168448K) From: 240K(512K)->224K(512K)
[14197.644s][info][gc,heap        ] GC(35649) ParOldGen: 391261K(391680K)->391269K(391680K)
[14197.644s][info][gc,metaspace   ] GC(35649) Metaspace: 8795K(9024K)->8795K(9024K) NonClass: 8143K(8320K)->8143K(8320K) Class: 652K(704K)->652K(704K)
[14197.644s][info][gc             ] GC(35649) Pause Young (Allocation Failure) 552M->382M(547M) 2.320ms
[14197.644s][info][gc,cpu         ] GC(35649) User=0.00s Sys=0.00s Real=0.00s
[14198.205s][info][gc,start       ] GC(35650) Pause Young (Allocation Failure)
[14198.207s][info][gc,heap        ] GC(35650) PSYoungGen: 168672K(168960K)->224K(163328K) Eden: 168448K(168448K)->0K(162816K) From: 224K(512K)->224K(512K)
[14198.207s][info][gc,heap        ] GC(35650) ParOldGen: 391269K(391680K)->391277K(391680K)
[14198.207s][info][gc,metaspace   ] GC(35650) Metaspace: 8795K(9024K)->8795K(9024K) NonClass: 8143K(8320K)->8143K(8320K) Class: 652K(704K)->652K(704K)
[14198.207s][info][gc             ] GC(35650) Pause Young (Allocation Failure) 546M->382M(542M) 2.365ms
[14198.207s][info][gc,cpu         ] GC(35650) User=0.00s Sys=0.00s Real=0.00s
[14198.774s][info][gc,start       ] GC(35651) Pause Young (Allocation Failure)
[14198.776s][info][gc,heap        ] GC(35651) PSYoungGen: 163040K(163328K)->224K(157696K) Eden: 162816K(162816K)->0K(157184K) From: 224K(512K)->224K(512K)
[14198.776s][info][gc,heap        ] GC(35651) ParOldGen: 391277K(391680K)->391285K(391680K)
[14198.776s][info][gc,metaspace   ] GC(35651) Metaspace: 8795K(9024K)->8795K(9024K) NonClass: 8143K(8320K)->8143K(8320K) Class: 652K(704K)->652K(704K)
[14198.776s][info][gc             ] GC(35651) Pause Young (Allocation Failure) 541M->382M(536M) 2.428ms
[14198.776s][info][gc,cpu         ] GC(35651) User=0.00s Sys=0.00s Real=0.00s
[14199.288s][info][gc,start       ] GC(35652) Pause Young (Allocation Failure)
[14199.290s][info][gc,heap        ] GC(35652) PSYoungGen: 157408K(157696K)->224K(152576K) Eden: 157184K(157184K)->0K(152064K) From: 224K(512K)->224K(512K)
[14199.290s][info][gc,heap        ] GC(35652) ParOldGen: 391285K(391680K)->391293K(391680K)
[14199.290s][info][gc,metaspace   ] GC(35652) Metaspace: 8795K(9024K)->8795K(9024K) NonClass: 8143K(8320K)->8143K(8320K) Class: 652K(704K)->652K(704K)
[14199.290s][info][gc             ] GC(35652) Pause Young (Allocation Failure) 535M->382M(531M) 2.347ms
[14199.290s][info][gc,cpu         ] GC(35652) User=0.00s Sys=0.00s Real=0.00s
[14199.820s][info][gc,start       ] GC(35653) Pause Young (Allocation Failure)
[14199.822s][info][gc,heap        ] GC(35653) PSYoungGen: 152288K(152576K)->272K(147456K) Eden: 152064K(152064K)->0K(146944K) From: 224K(512K)->272K(512K)
[14199.822s][info][gc,heap        ] GC(35653) ParOldGen: 391293K(391680K)->391301K(391680K)
[14199.822s][info][gc,metaspace   ] GC(35653) Metaspace: 8795K(9024K)->8795K(9024K) NonClass: 8143K(8320K)->8143K(8320K) Class: 652K(704K)->652K(704K)
[14199.822s][info][gc             ] GC(35653) Pause Young (Allocation Failure) 530M->382M(526M) 2.464ms
[14199.822s][info][gc,cpu         ] GC(35653) User=0.00s Sys=0.00s Real=0.01s
[14200.301s][info][gc,start       ] GC(35654) Pause Young (Allocation Failure)
[14200.303s][info][gc,heap        ] GC(35654) PSYoungGen: 147216K(147456K)->224K(142848K) Eden: 146944K(146944K)->0K(142336K) From: 272K(512K)->224K(512K)
[14200.303s][info][gc,heap        ] GC(35654) ParOldGen: 391301K(391680K)->391309K(391680K)
[14200.303s][info][gc,metaspace   ] GC(35654) Metaspace: 8795K(9024K)->8795K(9024K) NonClass: 8143K(8320K)->8143K(8320K) Class: 652K(704K)->652K(704K)
[14200.303s][info][gc             ] GC(35654) Pause Young (Allocation Failure) 525M->382M(522M) 2.145ms
[14200.303s][info][gc,cpu         ] GC(35654) User=0.00s Sys=0.00s Real=0.00s
[14200.753s][info][gc,start       ] GC(35655) Pause Young (Allocation Failure)
[14200.755s][info][gc,heap        ] GC(35655) PSYoungGen: 142560K(142848K)->240K(138240K) Eden: 142336K(142336K)->0K(137728K) From: 224K(512K)->240K(512K)
[14200.755s][info][gc,heap        ] GC(35655) ParOldGen: 391309K(391680K)->391325K(391680K)
[14200.755s][info][gc,metaspace   ] GC(35655) Metaspace: 8795K(9024K)->8795K(9024K) NonClass: 8143K(8320K)->8143K(8320K) Class: 652K(704K)->652K(704K)
[14200.755s][info][gc             ] GC(35655) Pause Young (Allocation Failure) 521M->382M(517M) 1.343ms
[14200.755s][info][gc,cpu         ] GC(35655) User=0.00s Sys=0.00s Real=0.00s
[14201.230s][info][gc,start       ] GC(35656) Pause Young (Allocation Failure)
[14201.231s][info][gc,heap        ] GC(35656) PSYoungGen: 137968K(138240K)->256K(133632K) Eden: 137728K(137728K)->0K(133120K) From: 240K(512K)->256K(512K)
[14201.231s][info][gc,heap        ] GC(35656) ParOldGen: 391325K(391680K)->391341K(391680K)
[14201.232s][info][gc,metaspace   ] GC(35656) Metaspace: 8795K(9024K)->8795K(9024K) NonClass: 8143K(8320K)->8143K(8320K) Class: 652K(704K)->652K(704K)
[14201.232s][info][gc             ] GC(35656) Pause Young (Allocation Failure) 516M->382M(513M) 1.383ms
[14201.232s][info][gc,cpu         ] GC(35656) User=0.00s Sys=0.00s Real=0.01s
[14201.699s][info][gc,start       ] GC(35657) Pause Young (Allocation Failure)
[14201.700s][info][gc,heap        ] GC(35657) PSYoungGen: 133376K(133632K)->256K(129536K) Eden: 133120K(133120K)->0K(129024K) From: 256K(512K)->256K(512K)
[14201.700s][info][gc,heap        ] GC(35657) ParOldGen: 391341K(391680K)->391357K(391680K)
[14201.700s][info][gc,metaspace   ] GC(35657) Metaspace: 8795K(9024K)->8795K(9024K) NonClass: 8143K(8320K)->8143K(8320K) Class: 652K(704K)->652K(704K)
[14201.700s][info][gc             ] GC(35657) Pause Young (Allocation Failure) 512M->382M(509M) 1.750ms
[14201.700s][info][gc,cpu         ] GC(35657) User=0.00s Sys=0.00s Real=0.01s
[14202.145s][info][gc,start       ] GC(35658) Pause Young (Allocation Failure)
[14202.146s][info][gc,heap        ] GC(35658) PSYoungGen: 129280K(129536K)->240K(125440K) Eden: 129024K(129024K)->0K(124928K) From: 256K(512K)->240K(512K)
[14202.147s][info][gc,heap        ] GC(35658) ParOldGen: 391357K(391680K)->391365K(391680K)
[14202.147s][info][gc,metaspace   ] GC(35658) Metaspace: 8795K(9024K)->8795K(9024K) NonClass: 8143K(8320K)->8143K(8320K) Class: 652K(704K)->652K(704K)
[14202.147s][info][gc             ] GC(35658) Pause Young (Allocation Failure) 508M->382M(505M) 1.453ms
[14202.147s][info][gc,cpu         ] GC(35658) User=0.00s Sys=0.00s Real=0.00s
[14202.566s][info][gc,start       ] GC(35659) Pause Young (Allocation Failure)
[14202.568s][info][gc,heap        ] GC(35659) PSYoungGen: 125168K(125440K)->240K(121344K) Eden: 124928K(124928K)->0K(120832K) From: 240K(512K)->240K(512K)
[14202.568s][info][gc,heap        ] GC(35659) ParOldGen: 391365K(391680K)->391381K(391680K)
[14202.568s][info][gc,metaspace   ] GC(35659) Metaspace: 8795K(9024K)->8795K(9024K) NonClass: 8143K(8320K)->8143K(8320K) Class: 652K(704K)->652K(704K)
[14202.568s][info][gc             ] GC(35659) Pause Young (Allocation Failure) 504M->382M(501M) 1.318ms
[14202.568s][info][gc,cpu         ] GC(35659) User=0.00s Sys=0.00s Real=0.00s
[14202.992s][info][gc,start       ] GC(35660) Pause Young (Allocation Failure)
[14202.993s][info][gc,heap        ] GC(35660) PSYoungGen: 121072K(121344K)->256K(117760K) Eden: 120832K(120832K)->0K(117248K) From: 240K(512K)->256K(512K)
[14202.993s][info][gc,heap        ] GC(35660) ParOldGen: 391381K(391680K)->391397K(391680K)
[14202.993s][info][gc,metaspace   ] GC(35660) Metaspace: 8795K(9024K)->8795K(9024K) NonClass: 8143K(8320K)->8143K(8320K) Class: 652K(704K)->652K(704K)
[14202.993s][info][gc             ] GC(35660) Pause Young (Allocation Failure) 500M->382M(497M) 1.340ms
[14202.993s][info][gc,cpu         ] GC(35660) User=0.00s Sys=0.00s Real=0.00s
[14203.381s][info][gc,start       ] GC(35661) Pause Young (Allocation Failure)
[14203.383s][info][gc,heap        ] GC(35661) PSYoungGen: 117504K(117760K)->240K(114176K) Eden: 117248K(117248K)->0K(113664K) From: 256K(512K)->240K(512K)
[14203.383s][info][gc,heap        ] GC(35661) ParOldGen: 391397K(391680K)->391413K(391680K)
[14203.383s][info][gc,metaspace   ] GC(35661) Metaspace: 8795K(9024K)->8795K(9024K) NonClass: 8143K(8320K)->8143K(8320K) Class: 652K(704K)->652K(704K)
[14203.383s][info][gc             ] GC(35661) Pause Young (Allocation Failure) 496M->382M(494M) 1.322ms
[14203.383s][info][gc,cpu         ] GC(35661) User=0.01s Sys=0.00s Real=0.00s
[14203.749s][info][gc,start       ] GC(35662) Pause Young (Allocation Failure)
[14203.750s][info][gc,heap        ] GC(35662) PSYoungGen: 113904K(114176K)->256K(110592K) Eden: 113664K(113664K)->0K(110080K) From: 240K(512K)->256K(512K)
[14203.750s][info][gc,heap        ] GC(35662) ParOldGen: 391413K(391680K)->391429K(391680K)
[14203.750s][info][gc,metaspace   ] GC(35662) Metaspace: 8795K(9024K)->8795K(9024K) NonClass: 8143K(8320K)->8143K(8320K) Class: 652K(704K)->652K(704K)
[14203.750s][info][gc             ] GC(35662) Pause Young (Allocation Failure) 493M->382M(490M) 1.314ms
[14203.750s][info][gc,cpu         ] GC(35662) User=0.00s Sys=0.00s Real=0.01s
[14204.109s][info][gc,start       ] GC(35663) Pause Young (Allocation Failure)
[14204.110s][info][gc,heap        ] GC(35663) PSYoungGen: 110336K(110592K)->256K(107520K) Eden: 110080K(110080K)->0K(107008K) From: 256K(512K)->256K(512K)
[14204.110s][info][gc,heap        ] GC(35663) ParOldGen: 391429K(391680K)->391445K(391680K)
[14204.110s][info][gc,metaspace   ] GC(35663) Metaspace: 8795K(9024K)->8795K(9024K) NonClass: 8143K(8320K)->8143K(8320K) Class: 652K(704K)->652K(704K)
[14204.110s][info][gc             ] GC(35663) Pause Young (Allocation Failure) 490M->382M(487M) 1.346ms
[14204.110s][info][gc,cpu         ] GC(35663) User=0.00s Sys=0.00s Real=0.00s
[14204.449s][info][gc,start       ] GC(35664) Pause Young (Allocation Failure)
[14204.451s][info][gc,heap        ] GC(35664) PSYoungGen: 107264K(107520K)->240K(104448K) Eden: 107008K(107008K)->0K(103936K) From: 256K(512K)->240K(512K)
[14204.451s][info][gc,heap        ] GC(35664) ParOldGen: 391445K(391680K)->391453K(391680K)
[14204.451s][info][gc,metaspace   ] GC(35664) Metaspace: 8795K(9024K)->8795K(9024K) NonClass: 8143K(8320K)->8143K(8320K) Class: 652K(704K)->652K(704K)
[14204.451s][info][gc             ] GC(35664) Pause Young (Allocation Failure) 487M->382M(484M) 2.441ms
[14204.451s][info][gc,cpu         ] GC(35664) User=0.00s Sys=0.00s Real=0.01s
[14204.795s][info][gc,start       ] GC(35665) Pause Young (Allocation Failure)
[14204.798s][info][gc,heap        ] GC(35665) PSYoungGen: 104176K(104448K)->224K(101376K) Eden: 103936K(103936K)->0K(100864K) From: 240K(512K)->224K(512K)
[14204.798s][info][gc,heap        ] GC(35665) ParOldGen: 391453K(391680K)->391469K(391680K)
[14204.798s][info][gc,metaspace   ] GC(35665) Metaspace: 8795K(9024K)->8795K(9024K) NonClass: 8143K(8320K)->8143K(8320K) Class: 652K(704K)->652K(704K)
[14204.798s][info][gc             ] GC(35665) Pause Young (Allocation Failure) 484M->382M(481M) 2.964ms
[14204.798s][info][gc,cpu         ] GC(35665) User=0.00s Sys=0.00s Real=0.00s
[14205.128s][info][gc,start       ] GC(35666) Pause Young (Allocation Failure)
[14205.129s][info][gc,heap        ] GC(35666) PSYoungGen: 101088K(101376K)->256K(98304K) Eden: 100864K(100864K)->0K(97792K) From: 224K(512K)->256K(512K)
[14205.130s][info][gc,heap        ] GC(35666) ParOldGen: 391469K(391680K)->391485K(391680K)
[14205.130s][info][gc,metaspace   ] GC(35666) Metaspace: 8795K(9024K)->8795K(9024K) NonClass: 8143K(8320K)->8143K(8320K) Class: 652K(704K)->652K(704K)
[14205.130s][info][gc             ] GC(35666) Pause Young (Allocation Failure) 481M->382M(478M) 1.592ms
[14205.130s][info][gc,cpu         ] GC(35666) User=0.00s Sys=0.00s Real=0.00s
[14205.453s][info][gc,start       ] GC(35667) Pause Young (Allocation Failure)
[14205.455s][info][gc,heap        ] GC(35667) PSYoungGen: 98048K(98304K)->256K(95744K) Eden: 97792K(97792K)->0K(95232K) From: 256K(512K)->256K(512K)
[14205.455s][info][gc,heap        ] GC(35667) ParOldGen: 391485K(391680K)->391501K(391680K)
[14205.455s][info][gc,metaspace   ] GC(35667) Metaspace: 8795K(9024K)->8795K(9024K) NonClass: 8143K(8320K)->8143K(8320K) Class: 652K(704K)->652K(704K)
[14205.455s][info][gc             ] GC(35667) Pause Young (Allocation Failure) 478M->382M(476M) 1.333ms
[14205.455s][info][gc,cpu         ] GC(35667) User=0.01s Sys=0.00s Real=0.00s
[14205.782s][info][gc,start       ] GC(35668) Pause Young (Allocation Failure)
[14205.783s][info][gc,heap        ] GC(35668) PSYoungGen: 95488K(95744K)->288K(93184K) Eden: 95232K(95232K)->0K(92672K) From: 256K(512K)->288K(512K)
[14205.783s][info][gc,heap        ] GC(35668) ParOldGen: 391501K(391680K)->391517K(391680K)
[14205.783s][info][gc,metaspace   ] GC(35668) Metaspace: 8795K(9024K)->8795K(9024K) NonClass: 8143K(8320K)->8143K(8320K) Class: 652K(704K)->652K(704K)
[14205.783s][info][gc             ] GC(35668) Pause Young (Allocation Failure) 475M->382M(473M) 1.327ms
[14205.783s][info][gc,cpu         ] GC(35668) User=0.01s Sys=0.00s Real=0.00s
[14206.116s][info][gc,start       ] GC(35669) Pause Young (Allocation Failure)
[14206.117s][info][gc,heap        ] GC(35669) PSYoungGen: 92960K(93184K)->240K(90624K) Eden: 92672K(92672K)->0K(90112K) From: 288K(512K)->240K(512K)
[14206.117s][info][gc,heap        ] GC(35669) ParOldGen: 391517K(391680K)->391533K(391680K)
[14206.118s][info][gc,metaspace   ] GC(35669) Metaspace: 8795K(9024K)->8795K(9024K) NonClass: 8143K(8320K)->8143K(8320K) Class: 652K(704K)->652K(704K)
[14206.118s][info][gc             ] GC(35669) Pause Young (Allocation Failure) 473M->382M(471M) 1.490ms
[14206.118s][info][gc,cpu         ] GC(35669) User=0.01s Sys=0.00s Real=0.00s
[14206.403s][info][gc,start       ] GC(35670) Pause Young (Allocation Failure)
[14206.404s][info][gc,heap        ] GC(35670) PSYoungGen: 90352K(90624K)->240K(88064K) Eden: 90112K(90112K)->0K(87552K) From: 240K(512K)->240K(512K)
[14206.404s][info][gc,heap        ] GC(35670) ParOldGen: 391533K(391680K)->391549K(391680K)
[14206.404s][info][gc,metaspace   ] GC(35670) Metaspace: 8795K(9024K)->8795K(9024K) NonClass: 8143K(8320K)->8143K(8320K) Class: 652K(704K)->652K(704K)
[14206.404s][info][gc             ] GC(35670) Pause Young (Allocation Failure) 470M->382M(468M) 1.284ms
[14206.404s][info][gc,cpu         ] GC(35670) User=0.00s Sys=0.00s Real=0.00s
[14206.698s][info][gc,start       ] GC(35671) Pause Young (Allocation Failure)
[14206.699s][info][gc,heap        ] GC(35671) PSYoungGen: 87792K(88064K)->240K(202752K) Eden: 87552K(87552K)->0K(202240K) From: 240K(512K)->240K(512K)
[14206.699s][info][gc,heap        ] GC(35671) ParOldGen: 391549K(391680K)->391565K(391680K)
[14206.699s][info][gc,metaspace   ] GC(35671) Metaspace: 8795K(9024K)->8795K(9024K) NonClass: 8143K(8320K)->8143K(8320K) Class: 652K(704K)->652K(704K)
[14206.699s][info][gc             ] GC(35671) Pause Young (Allocation Failure) 468M->382M(580M) 1.350ms
[14206.699s][info][gc,cpu         ] GC(35671) User=0.00s Sys=0.00s Real=0.00s
[14207.353s][info][gc,start       ] GC(35672) Pause Young (Allocation Failure)
[14207.354s][info][gc,heap        ] GC(35672) PSYoungGen: 202480K(202752K)->256K(195584K) Eden: 202240K(202240K)->0K(195072K) From: 240K(512K)->256K(512K)
[14207.354s][info][gc,heap        ] GC(35672) ParOldGen: 391565K(391680K)->391581K(391680K)
[14207.354s][info][gc,metaspace   ] GC(35672) Metaspace: 8795K(9024K)->8795K(9024K) NonClass: 8143K(8320K)->8143K(8320K) Class: 652K(704K)->652K(704K)
[14207.354s][info][gc             ] GC(35672) Pause Young (Allocation Failure) 580M->382M(573M) 1.305ms
[14207.354s][info][gc,cpu         ] GC(35672) User=0.00s Sys=0.00s Real=0.00s
[14207.945s][info][gc,start       ] GC(35673) Pause Young (Allocation Failure)
[14207.946s][info][gc,heap        ] GC(35673) PSYoungGen: 195328K(195584K)->256K(188416K) Eden: 195072K(195072K)->0K(187904K) From: 256K(512K)->256K(512K)
[14207.947s][info][gc,heap        ] GC(35673) ParOldGen: 391581K(391680K)->391597K(391680K)
[14207.947s][info][gc,metaspace   ] GC(35673) Metaspace: 8795K(9024K)->8795K(9024K) NonClass: 8143K(8320K)->8143K(8320K) Class: 652K(704K)->652K(704K)
[14207.947s][info][gc             ] GC(35673) Pause Young (Allocation Failure) 573M->382M(566M) 1.336ms
[14207.947s][info][gc,cpu         ] GC(35673) User=0.00s Sys=0.00s Real=0.00s
[14208.548s][info][gc,start       ] GC(35674) Pause Young (Allocation Failure)
[14208.550s][info][gc,heap        ] GC(35674) PSYoungGen: 188160K(188416K)->256K(181760K) Eden: 187904K(187904K)->0K(181248K) From: 256K(512K)->256K(512K)
[14208.550s][info][gc,heap        ] GC(35674) ParOldGen: 391597K(391680K)->391613K(391680K)
[14208.550s][info][gc,metaspace   ] GC(35674) Metaspace: 8795K(9024K)->8795K(9024K) NonClass: 8143K(8320K)->8143K(8320K) Class: 652K(704K)->652K(704K)
[14208.550s][info][gc             ] GC(35674) Pause Young (Allocation Failure) 566M->382M(560M) 1.321ms
[14208.550s][info][gc,cpu         ] GC(35674) User=0.00s Sys=0.00s Real=0.00s
[14209.142s][info][gc,start       ] GC(35675) Pause Young (Allocation Failure)
[14209.144s][info][gc,heap        ] GC(35675) PSYoungGen: 181504K(181760K)->160K(175104K) Eden: 181248K(181248K)->0K(174592K) From: 256K(512K)->160K(512K)
[14209.144s][info][gc,heap        ] GC(35675) ParOldGen: 391613K(391680K)->391621K(391680K)
[14209.144s][info][gc,metaspace   ] GC(35675) Metaspace: 8795K(9024K)->8795K(9024K) NonClass: 8143K(8320K)->8143K(8320K) Class: 652K(704K)->652K(704K)
[14209.144s][info][gc             ] GC(35675) Pause Young (Allocation Failure) 559M->382M(553M) 1.980ms
[14209.144s][info][gc,cpu         ] GC(35675) User=0.00s Sys=0.00s Real=0.00s
[14209.750s][info][gc,start       ] GC(35676) Pause Young (Allocation Failure)
[14209.752s][info][gc,heap        ] GC(35676) PSYoungGen: 174752K(175104K)->256K(168960K) Eden: 174592K(174592K)->0K(168448K) From: 160K(512K)->256K(512K)
[14209.752s][info][gc,heap        ] GC(35676) ParOldGen: 391621K(391680K)->391637K(391680K)
[14209.752s][info][gc,metaspace   ] GC(35676) Metaspace: 8795K(9024K)->8795K(9024K) NonClass: 8143K(8320K)->8143K(8320K) Class: 652K(704K)->652K(704K)
[14209.752s][info][gc             ] GC(35676) Pause Young (Allocation Failure) 553M->382M(547M) 1.321ms
[14209.752s][info][gc,cpu         ] GC(35676) User=0.01s Sys=0.00s Real=0.00s
[14210.319s][info][gc,start       ] GC(35677) Pause Young (Allocation Failure)
[14210.321s][info][gc,heap        ] GC(35677) PSYoungGen: 168704K(168960K)->240K(163328K) Eden: 168448K(168448K)->0K(162816K) From: 256K(512K)->240K(512K)
[14210.321s][info][gc,heap        ] GC(35677) ParOldGen: 391637K(391680K)->391645K(391680K)
[14210.321s][info][gc,metaspace   ] GC(35677) Metaspace: 8795K(9024K)->8795K(9024K) NonClass: 8143K(8320K)->8143K(8320K) Class: 652K(704K)->652K(704K)
[14210.321s][info][gc             ] GC(35677) Pause Young (Allocation Failure) 547M->382M(542M) 2.474ms
[14210.322s][info][gc,cpu         ] GC(35677) User=0.00s Sys=0.00s Real=0.01s
[14210.862s][info][gc,start       ] GC(35678) Pause Young (Allocation Failure)
[14210.865s][info][gc,heap        ] GC(35678) PSYoungGen: 163056K(163328K)->240K(157696K) Eden: 162816K(162816K)->0K(157184K) From: 240K(512K)->240K(512K)
[14210.865s][info][gc,heap        ] GC(35678) ParOldGen: 391645K(391680K)->391653K(391680K)
[14210.865s][info][gc,metaspace   ] GC(35678) Metaspace: 8795K(9024K)->8795K(9024K) NonClass: 8143K(8320K)->8143K(8320K) Class: 652K(704K)->652K(704K)
[14210.865s][info][gc             ] GC(35678) Pause Young (Allocation Failure) 541M->382M(536M) 2.558ms
[14210.865s][info][gc,cpu         ] GC(35678) User=0.00s Sys=0.00s Real=0.00s
[14211.364s][info][gc,start       ] GC(35679) Pause Young (Allocation Failure)
[14211.366s][info][gc,heap        ] GC(35679) PSYoungGen: 157424K(157696K)->240K(152576K) Eden: 157184K(157184K)->0K(152064K) From: 240K(512K)->240K(512K)
[14211.366s][info][gc,heap        ] GC(35679) ParOldGen: 391653K(391680K)->391669K(391680K)
[14211.366s][info][gc,metaspace   ] GC(35679) Metaspace: 8795K(9024K)->8795K(9024K) NonClass: 8143K(8320K)->8143K(8320K) Class: 652K(704K)->652K(704K)
[14211.366s][info][gc             ] GC(35679) Pause Young (Allocation Failure) 536M->382M(531M) 1.316ms
[14211.366s][info][gc,cpu         ] GC(35679) User=0.01s Sys=0.00s Real=0.00s
[14211.846s][info][gc,start       ] GC(35680) Pause Young (Allocation Failure)
[14211.848s][info][gc,heap        ] GC(35680) PSYoungGen: 152304K(152576K)->288K(147456K) Eden: 152064K(152064K)->0K(146944K) From: 240K(512K)->288K(512K)
[14211.848s][info][gc,heap        ] GC(35680) ParOldGen: 391669K(391680K)->391685K(392192K)
[14211.848s][info][gc,metaspace   ] GC(35680) Metaspace: 8795K(9024K)->8795K(9024K) NonClass: 8143K(8320K)->8143K(8320K) Class: 652K(704K)->652K(704K)
[14211.848s][info][gc             ] GC(35680) Pause Young (Allocation Failure) 531M->382M(527M) 1.404ms
[14211.848s][info][gc,cpu         ] GC(35680) User=0.00s Sys=0.00s Real=0.00s
[14212.345s][info][gc,start       ] GC(35681) Pause Young (Allocation Failure)
[14212.347s][info][gc,heap        ] GC(35681) PSYoungGen: 147232K(147456K)->240K(142848K) Eden: 146944K(146944K)->0K(142336K) From: 288K(512K)->240K(512K)
[14212.347s][info][gc,heap        ] GC(35681) ParOldGen: 391685K(392192K)->391693K(392192K)
[14212.347s][info][gc,metaspace   ] GC(35681) Metaspace: 8795K(9024K)->8795K(9024K) NonClass: 8143K(8320K)->8143K(8320K) Class: 652K(704K)->652K(704K)
[14212.347s][info][gc             ] GC(35681) Pause Young (Allocation Failure) 526M->382M(522M) 2.356ms
[14212.347s][info][gc,cpu         ] GC(35681) User=0.00s Sys=0.00s Real=0.00s
[14212.807s][info][gc,start       ] GC(35682) Pause Young (Allocation Failure)
[14212.809s][info][gc,heap        ] GC(35682) PSYoungGen: 142576K(142848K)->304K(138240K) Eden: 142336K(142336K)->0K(137728K) From: 240K(512K)->304K(512K)
[14212.809s][info][gc,heap        ] GC(35682) ParOldGen: 391693K(392192K)->391709K(392192K)
[14212.809s][info][gc,metaspace   ] GC(35682) Metaspace: 8795K(9024K)->8795K(9024K) NonClass: 8143K(8320K)->8143K(8320K) Class: 652K(704K)->652K(704K)
[14212.809s][info][gc             ] GC(35682) Pause Young (Allocation Failure) 521M->382M(518M) 1.885ms
[14212.809s][info][gc,cpu         ] GC(35682) User=0.00s Sys=0.00s Real=0.00s
[14213.247s][info][gc,start       ] GC(35683) Pause Young (Allocation Failure)
[14213.248s][info][gc,heap        ] GC(35683) PSYoungGen: 138032K(138240K)->240K(133632K) Eden: 137728K(137728K)->0K(133120K) From: 304K(512K)->240K(512K)
[14213.249s][info][gc,heap        ] GC(35683) ParOldGen: 391709K(392192K)->391725K(392192K)
[14213.249s][info][gc,metaspace   ] GC(35683) Metaspace: 8795K(9024K)->8795K(9024K) NonClass: 8143K(8320K)->8143K(8320K) Class: 652K(704K)->652K(704K)
[14213.249s][info][gc             ] GC(35683) Pause Young (Allocation Failure) 517M->382M(513M) 1.858ms
[14213.249s][info][gc,cpu         ] GC(35683) User=0.01s Sys=0.00s Real=0.00s
[14213.693s][info][gc,start       ] GC(35684) Pause Young (Allocation Failure)
[14213.695s][info][gc,heap        ] GC(35684) PSYoungGen: 133360K(133632K)->240K(129536K) Eden: 133120K(133120K)->0K(129024K) From: 240K(512K)->240K(512K)
[14213.695s][info][gc,heap        ] GC(35684) ParOldGen: 391725K(392192K)->391741K(392192K)
[14213.695s][info][gc,metaspace   ] GC(35684) Metaspace: 8795K(9024K)->8795K(9024K) NonClass: 8143K(8320K)->8143K(8320K) Class: 652K(704K)->652K(704K)
[14213.695s][info][gc             ] GC(35684) Pause Young (Allocation Failure) 512M->382M(509M) 1.555ms
[14213.695s][info][gc,cpu         ] GC(35684) User=0.00s Sys=0.00s Real=0.00s
[14214.120s][info][gc,start       ] GC(35685) Pause Young (Allocation Failure)
[14214.122s][info][gc,heap        ] GC(35685) PSYoungGen: 129264K(129536K)->224K(125440K) Eden: 129024K(129024K)->0K(124928K) From: 240K(512K)->224K(512K)
[14214.122s][info][gc,heap        ] GC(35685) ParOldGen: 391741K(392192K)->391749K(392192K)
[14214.122s][info][gc,metaspace   ] GC(35685) Metaspace: 8795K(9024K)->8795K(9024K) NonClass: 8143K(8320K)->8143K(8320K) Class: 652K(704K)->652K(704K)
[14214.122s][info][gc             ] GC(35685) Pause Young (Allocation Failure) 508M->382M(505M) 2.490ms
[14214.122s][info][gc,cpu         ] GC(35685) User=0.00s Sys=0.00s Real=0.01s
[14214.532s][info][gc,start       ] GC(35686) Pause Young (Allocation Failure)
[14214.534s][info][gc,heap        ] GC(35686) PSYoungGen: 125152K(125440K)->240K(121344K) Eden: 124928K(124928K)->0K(120832K) From: 224K(512K)->240K(512K)
[14214.534s][info][gc,heap        ] GC(35686) ParOldGen: 391749K(392192K)->391765K(392192K)
[14214.534s][info][gc,metaspace   ] GC(35686) Metaspace: 8795K(9024K)->8795K(9024K) NonClass: 8143K(8320K)->8143K(8320K) Class: 652K(704K)->652K(704K)
[14214.534s][info][gc             ] GC(35686) Pause Young (Allocation Failure) 504M->382M(501M) 2.509ms
[14214.534s][info][gc,cpu         ] GC(35686) User=0.01s Sys=0.00s Real=0.00s
[14214.916s][info][gc,start       ] GC(35687) Pause Young (Allocation Failure)
[14214.918s][info][gc,heap        ] GC(35687) PSYoungGen: 121072K(121344K)->224K(117760K) Eden: 120832K(120832K)->0K(117248K) From: 240K(512K)->224K(512K)
[14214.918s][info][gc,heap        ] GC(35687) ParOldGen: 391765K(392192K)->391773K(392192K)
[14214.918s][info][gc,metaspace   ] GC(35687) Metaspace: 8795K(9024K)->8795K(9024K) NonClass: 8143K(8320K)->8143K(8320K) Class: 652K(704K)->652K(704K)
[14214.918s][info][gc             ] GC(35687) Pause Young (Allocation Failure) 500M->382M(498M) 2.616ms
[14214.918s][info][gc,cpu         ] GC(35687) User=0.00s Sys=0.00s Real=0.00s
[14215.323s][info][gc,start       ] GC(35688) Pause Young (Allocation Failure)
[14215.325s][info][gc,heap        ] GC(35688) PSYoungGen: 117472K(117760K)->240K(114176K) Eden: 117248K(117248K)->0K(113664K) From: 224K(512K)->240K(512K)
[14215.325s][info][gc,heap        ] GC(35688) ParOldGen: 391773K(392192K)->391781K(392192K)
[14215.325s][info][gc,metaspace   ] GC(35688) Metaspace: 8795K(9024K)->8795K(9024K) NonClass: 8143K(8320K)->8143K(8320K) Class: 652K(704K)->652K(704K)
[14215.325s][info][gc             ] GC(35688) Pause Young (Allocation Failure) 497M->382M(494M) 2.484ms
[14215.325s][info][gc,cpu         ] GC(35688) User=0.00s Sys=0.00s Real=0.00s
[14215.695s][info][gc,start       ] GC(35689) Pause Young (Allocation Failure)
[14215.698s][info][gc,heap        ] GC(35689) PSYoungGen: 113904K(114176K)->224K(110592K) Eden: 113664K(113664K)->0K(110080K) From: 240K(512K)->224K(512K)
[14215.698s][info][gc,heap        ] GC(35689) ParOldGen: 391781K(392192K)->391789K(392192K)
[14215.698s][info][gc,metaspace   ] GC(35689) Metaspace: 8795K(9024K)->8795K(9024K) NonClass: 8143K(8320K)->8143K(8320K) Class: 652K(704K)->652K(704K)
[14215.698s][info][gc             ] GC(35689) Pause Young (Allocation Failure) 493M->382M(491M) 2.510ms
[14215.698s][info][gc,cpu         ] GC(35689) User=0.00s Sys=0.00s Real=0.00s
[14216.074s][info][gc,start       ] GC(35690) Pause Young (Allocation Failure)
[14216.077s][info][gc,heap        ] GC(35690) PSYoungGen: 110304K(110592K)->240K(107520K) Eden: 110080K(110080K)->0K(107008K) From: 224K(512K)->240K(512K)
[14216.077s][info][gc,heap        ] GC(35690) ParOldGen: 391789K(392192K)->391797K(392192K)
[14216.077s][info][gc,metaspace   ] GC(35690) Metaspace: 8795K(9024K)->8795K(9024K) NonClass: 8143K(8320K)->8143K(8320K) Class: 652K(704K)->652K(704K)
[14216.077s][info][gc             ] GC(35690) Pause Young (Allocation Failure) 490M->382M(488M) 2.411ms
[14216.077s][info][gc,cpu         ] GC(35690) User=0.00s Sys=0.00s Real=0.00s
[14216.421s][info][gc,start       ] GC(35691) Pause Young (Allocation Failure)
[14216.424s][info][gc,heap        ] GC(35691) PSYoungGen: 107248K(107520K)->224K(104448K) Eden: 107008K(107008K)->0K(103936K) From: 240K(512K)->224K(512K)
[14216.424s][info][gc,heap        ] GC(35691) ParOldGen: 391797K(392192K)->391805K(392192K)
[14216.424s][info][gc,metaspace   ] GC(35691) Metaspace: 8795K(9024K)->8795K(9024K) NonClass: 8143K(8320K)->8143K(8320K) Class: 652K(704K)->652K(704K)
[14216.424s][info][gc             ] GC(35691) Pause Young (Allocation Failure) 487M->382M(485M) 2.480ms
[14216.424s][info][gc,cpu         ] GC(35691) User=0.00s Sys=0.00s Real=0.00s
[14216.750s][info][gc,start       ] GC(35692) Pause Young (Allocation Failure)
[14216.751s][info][gc,heap        ] GC(35692) PSYoungGen: 104160K(104448K)->256K(101376K) Eden: 103936K(103936K)->0K(100864K) From: 224K(512K)->256K(512K)
[14216.751s][info][gc,heap        ] GC(35692) ParOldGen: 391805K(392192K)->391821K(392192K)
[14216.751s][info][gc,metaspace   ] GC(35692) Metaspace: 8795K(9024K)->8795K(9024K) NonClass: 8143K(8320K)->8143K(8320K) Class: 652K(704K)->652K(704K)
[14216.751s][info][gc             ] GC(35692) Pause Young (Allocation Failure) 484M->382M(482M) 1.308ms
[14216.751s][info][gc,cpu         ] GC(35692) User=0.00s Sys=0.00s Real=0.01s
[14217.081s][info][gc,start       ] GC(35693) Pause Young (Allocation Failure)
[14217.082s][info][gc,heap        ] GC(35693) PSYoungGen: 101120K(101376K)->256K(98304K) Eden: 100864K(100864K)->0K(97792K) From: 256K(512K)->256K(512K)
[14217.082s][info][gc,heap        ] GC(35693) ParOldGen: 391821K(392192K)->391837K(392192K)
[14217.082s][info][gc,metaspace   ] GC(35693) Metaspace: 8795K(9024K)->8795K(9024K) NonClass: 8143K(8320K)->8143K(8320K) Class: 652K(704K)->652K(704K)
[14217.082s][info][gc             ] GC(35693) Pause Young (Allocation Failure) 481M->382M(479M) 1.327ms
[14217.082s][info][gc,cpu         ] GC(35693) User=0.01s Sys=0.00s Real=0.00s
[14217.413s][info][gc,start       ] GC(35694) Pause Young (Allocation Failure)
[14217.415s][info][gc,heap        ] GC(35694) PSYoungGen: 98048K(98304K)->240K(95744K) Eden: 97792K(97792K)->0K(95232K) From: 256K(512K)->240K(512K)
[14217.415s][info][gc,heap        ] GC(35694) ParOldGen: 391837K(392192K)->391853K(392192K)
[14217.415s][info][gc,metaspace   ] GC(35694) Metaspace: 8795K(9024K)->8795K(9024K) NonClass: 8143K(8320K)->8143K(8320K) Class: 652K(704K)->652K(704K)
[14217.415s][info][gc             ] GC(35694) Pause Young (Allocation Failure) 478M->382M(476M) 1.327ms
[14217.415s][info][gc,cpu         ] GC(35694) User=0.00s Sys=0.00s Real=0.00s
[14217.729s][info][gc,start       ] GC(35695) Pause Young (Allocation Failure)
[14217.730s][info][gc,heap        ] GC(35695) PSYoungGen: 95472K(95744K)->240K(93184K) Eden: 95232K(95232K)->0K(92672K) From: 240K(512K)->240K(512K)
[14217.730s][info][gc,heap        ] GC(35695) ParOldGen: 391853K(392192K)->391869K(392192K)
[14217.730s][info][gc,metaspace   ] GC(35695) Metaspace: 8795K(9024K)->8795K(9024K) NonClass: 8143K(8320K)->8143K(8320K) Class: 652K(704K)->652K(704K)
[14217.730s][info][gc             ] GC(35695) Pause Young (Allocation Failure) 475M->382M(474M) 1.347ms
[14217.730s][info][gc,cpu         ] GC(35695) User=0.00s Sys=0.00s Real=0.01s
[14218.035s][info][gc,start       ] GC(35696) Pause Young (Allocation Failure)
[14218.037s][info][gc,heap        ] GC(35696) PSYoungGen: 92912K(93184K)->240K(90624K) Eden: 92672K(92672K)->0K(90112K) From: 240K(512K)->240K(512K)
[14218.037s][info][gc,heap        ] GC(35696) ParOldGen: 391869K(392192K)->391885K(392192K)
[14218.037s][info][gc,metaspace   ] GC(35696) Metaspace: 8795K(9024K)->8795K(9024K) NonClass: 8143K(8320K)->8143K(8320K) Class: 652K(704K)->652K(704K)
[14218.037s][info][gc             ] GC(35696) Pause Young (Allocation Failure) 473M->382M(471M) 1.336ms
[14218.037s][info][gc,cpu         ] GC(35696) User=0.00s Sys=0.00s Real=0.00s
[14218.332s][info][gc,start       ] GC(35697) Pause Young (Allocation Failure)
[14218.334s][info][gc,heap        ] GC(35697) PSYoungGen: 90352K(90624K)->256K(88064K) Eden: 90112K(90112K)->0K(87552K) From: 240K(512K)->256K(512K)
[14218.334s][info][gc,heap        ] GC(35697) ParOldGen: 391885K(392192K)->391901K(392192K)
[14218.334s][info][gc,metaspace   ] GC(35697) Metaspace: 8795K(9024K)->8795K(9024K) NonClass: 8143K(8320K)->8143K(8320K) Class: 652K(704K)->652K(704K)
[14218.334s][info][gc             ] GC(35697) Pause Young (Allocation Failure) 470M->382M(469M) 1.345ms
[14218.334s][info][gc,cpu         ] GC(35697) User=0.00s Sys=0.00s Real=0.00s
[14218.603s][info][gc,start       ] GC(35698) Pause Young (Allocation Failure)
[14218.604s][info][gc,heap        ] GC(35698) PSYoungGen: 87808K(88064K)->224K(202752K) Eden: 87552K(87552K)->0K(202240K) From: 256K(512K)->224K(512K)
[14218.604s][info][gc,heap        ] GC(35698) ParOldGen: 391901K(392192K)->391917K(392192K)
[14218.604s][info][gc,metaspace   ] GC(35698) Metaspace: 8795K(9024K)->8795K(9024K) NonClass: 8143K(8320K)->8143K(8320K) Class: 652K(704K)->652K(704K)
[14218.604s][info][gc             ] GC(35698) Pause Young (Allocation Failure) 468M->382M(581M) 1.313ms
[14218.604s][info][gc,cpu         ] GC(35698) User=0.00s Sys=0.00s Real=0.00s
[14219.250s][info][gc,start       ] GC(35699) Pause Young (Allocation Failure)
[14219.251s][info][gc,heap        ] GC(35699) PSYoungGen: 202464K(202752K)->272K(195584K) Eden: 202240K(202240K)->0K(195072K) From: 224K(512K)->272K(512K)
[14219.251s][info][gc,heap        ] GC(35699) ParOldGen: 391917K(392192K)->391933K(392192K)
[14219.251s][info][gc,metaspace   ] GC(35699) Metaspace: 8795K(9024K)->8795K(9024K) NonClass: 8143K(8320K)->8143K(8320K) Class: 652K(704K)->652K(704K)
[14219.251s][info][gc             ] GC(35699) Pause Young (Allocation Failure) 580M->383M(574M) 1.381ms
[14219.251s][info][gc,cpu         ] GC(35699) User=0.01s Sys=0.00s Real=0.01s
[14219.890s][info][gc,start       ] GC(35700) Pause Young (Allocation Failure)
[14219.891s][info][gc,heap        ] GC(35700) PSYoungGen: 195344K(195584K)->240K(188416K) Eden: 195072K(195072K)->0K(187904K) From: 272K(512K)->240K(512K)
[14219.891s][info][gc,heap        ] GC(35700) ParOldGen: 391933K(392192K)->391949K(392192K)
[14219.891s][info][gc,metaspace   ] GC(35700) Metaspace: 8795K(9024K)->8795K(9024K) NonClass: 8143K(8320K)->8143K(8320K) Class: 652K(704K)->652K(704K)
[14219.892s][info][gc             ] GC(35700) Pause Young (Allocation Failure) 573M->382M(567M) 1.385ms
[14219.892s][info][gc,cpu         ] GC(35700) User=0.01s Sys=0.00s Real=0.01s
[14220.518s][info][gc,start       ] GC(35701) Pause Young (Allocation Failure)
[14220.519s][info][gc,heap        ] GC(35701) PSYoungGen: 188144K(188416K)->240K(181760K) Eden: 187904K(187904K)->0K(181248K) From: 240K(512K)->240K(512K)
[14220.519s][info][gc,heap        ] GC(35701) ParOldGen: 391949K(392192K)->391965K(392192K)
[14220.519s][info][gc,metaspace   ] GC(35701) Metaspace: 8795K(9024K)->8795K(9024K) NonClass: 8143K(8320K)->8143K(8320K) Class: 652K(704K)->652K(704K)
[14220.519s][info][gc             ] GC(35701) Pause Young (Allocation Failure) 566M->383M(560M) 1.358ms
[14220.519s][info][gc,cpu         ] GC(35701) User=0.00s Sys=0.00s Real=0.00s
[14221.097s][info][gc,start       ] GC(35702) Pause Young (Allocation Failure)
[14221.099s][info][gc,heap        ] GC(35702) PSYoungGen: 181488K(181760K)->256K(175104K) Eden: 181248K(181248K)->0K(174592K) From: 240K(512K)->256K(512K)
[14221.099s][info][gc,heap        ] GC(35702) ParOldGen: 391965K(392192K)->391981K(392192K)
[14221.099s][info][gc,metaspace   ] GC(35702) Metaspace: 8795K(9024K)->8795K(9024K) NonClass: 8143K(8320K)->8143K(8320K) Class: 652K(704K)->652K(704K)
[14221.099s][info][gc             ] GC(35702) Pause Young (Allocation Failure) 560M->383M(554M) 1.365ms
[14221.099s][info][gc,cpu         ] GC(35702) User=0.01s Sys=0.00s Real=0.00s
[14221.670s][info][gc,start       ] GC(35703) Pause Young (Allocation Failure)
[14221.671s][info][gc,heap        ] GC(35703) PSYoungGen: 174848K(175104K)->240K(168960K) Eden: 174592K(174592K)->0K(168448K) From: 256K(512K)->240K(512K)
[14221.671s][info][gc,heap        ] GC(35703) ParOldGen: 391981K(392192K)->391997K(392192K)
[14221.671s][info][gc,metaspace   ] GC(35703) Metaspace: 8795K(9024K)->8795K(9024K) NonClass: 8143K(8320K)->8143K(8320K) Class: 652K(704K)->652K(704K)
[14221.671s][info][gc             ] GC(35703) Pause Young (Allocation Failure) 553M->383M(548M) 1.318ms
[14221.671s][info][gc,cpu         ] GC(35703) User=0.00s Sys=0.00s Real=0.01s
[14222.188s][info][gc,start       ] GC(35704) Pause Young (Allocation Failure)
[14222.190s][info][gc,heap        ] GC(35704) PSYoungGen: 168688K(168960K)->256K(163328K) Eden: 168448K(168448K)->0K(162816K) From: 240K(512K)->256K(512K)
[14222.190s][info][gc,heap        ] GC(35704) ParOldGen: 391997K(392192K)->392013K(392192K)
[14222.190s][info][gc,metaspace   ] GC(35704) Metaspace: 8795K(9024K)->8795K(9024K) NonClass: 8143K(8320K)->8143K(8320K) Class: 652K(704K)->652K(704K)
[14222.190s][info][gc             ] GC(35704) Pause Young (Allocation Failure) 547M->383M(542M) 1.364ms
[14222.190s][info][gc,cpu         ] GC(35704) User=0.00s Sys=0.00s Real=0.00s
[14222.703s][info][gc,start       ] GC(35705) Pause Young (Allocation Failure)
[14222.704s][info][gc,heap        ] GC(35705) PSYoungGen: 163072K(163328K)->288K(157696K) Eden: 162816K(162816K)->0K(157184K) From: 256K(512K)->288K(512K)
[14222.704s][info][gc,heap        ] GC(35705) ParOldGen: 392013K(392192K)->392029K(392192K)
[14222.704s][info][gc,metaspace   ] GC(35705) Metaspace: 8795K(9024K)->8795K(9024K) NonClass: 8143K(8320K)->8143K(8320K) Class: 652K(704K)->652K(704K)
[14222.704s][info][gc             ] GC(35705) Pause Young (Allocation Failure) 542M->383M(537M) 1.359ms
[14222.704s][info][gc,cpu         ] GC(35705) User=0.00s Sys=0.00s Real=0.00s
[14223.204s][info][gc,start       ] GC(35706) Pause Young (Allocation Failure)
[14223.205s][info][gc,heap        ] GC(35706) PSYoungGen: 157472K(157696K)->176K(152576K) Eden: 157184K(157184K)->0K(152064K) From: 288K(512K)->176K(512K)
[14223.205s][info][gc,heap        ] GC(35706) ParOldGen: 392029K(392192K)->392037K(392192K)
[14223.205s][info][gc,metaspace   ] GC(35706) Metaspace: 8795K(9024K)->8795K(9024K) NonClass: 8143K(8320K)->8143K(8320K) Class: 652K(704K)->652K(704K)
[14223.205s][info][gc             ] GC(35706) Pause Young (Allocation Failure) 536M->383M(532M) 1.334ms
[14223.205s][info][gc,cpu         ] GC(35706) User=0.00s Sys=0.00s Real=0.00s
[14223.702s][info][gc,start       ] GC(35707) Pause Young (Allocation Failure)
[14223.703s][info][gc,heap        ] GC(35707) PSYoungGen: 152240K(152576K)->240K(147456K) Eden: 152064K(152064K)->0K(146944K) From: 176K(512K)->240K(512K)
[14223.703s][info][gc,heap        ] GC(35707) ParOldGen: 392037K(392192K)->392053K(392192K)
[14223.703s][info][gc,metaspace   ] GC(35707) Metaspace: 8795K(9024K)->8795K(9024K) NonClass: 8143K(8320K)->8143K(8320K) Class: 652K(704K)->652K(704K)
[14223.703s][info][gc             ] GC(35707) Pause Young (Allocation Failure) 531M->383M(527M) 1.353ms
[14223.703s][info][gc,cpu         ] GC(35707) User=0.00s Sys=0.00s Real=0.00s
[14224.177s][info][gc,start       ] GC(35708) Pause Young (Allocation Failure)
[14224.178s][info][gc,heap        ] GC(35708) PSYoungGen: 147184K(147456K)->224K(142848K) Eden: 146944K(146944K)->0K(142336K) From: 240K(512K)->224K(512K)
[14224.178s][info][gc,heap        ] GC(35708) ParOldGen: 392053K(392192K)->392069K(392192K)
[14224.178s][info][gc,metaspace   ] GC(35708) Metaspace: 8795K(9024K)->8795K(9024K) NonClass: 8143K(8320K)->8143K(8320K) Class: 652K(704K)->652K(704K)
[14224.178s][info][gc             ] GC(35708) Pause Young (Allocation Failure) 526M->383M(522M) 1.355ms
[14224.178s][info][gc,cpu         ] GC(35708) User=0.01s Sys=0.00s Real=0.00s
[14224.652s][info][gc,start       ] GC(35709) Pause Young (Allocation Failure)
[14224.654s][info][gc,heap        ] GC(35709) PSYoungGen: 142560K(142848K)->256K(138240K) Eden: 142336K(142336K)->0K(137728K) From: 224K(512K)->256K(512K)
[14224.654s][info][gc,heap        ] GC(35709) ParOldGen: 392069K(392192K)->392085K(392192K)
[14224.654s][info][gc,metaspace   ] GC(35709) Metaspace: 8795K(9024K)->8795K(9024K) NonClass: 8143K(8320K)->8143K(8320K) Class: 652K(704K)->652K(704K)
[14224.654s][info][gc             ] GC(35709) Pause Young (Allocation Failure) 522M->383M(518M) 1.517ms
[14224.654s][info][gc,cpu         ] GC(35709) User=0.00s Sys=0.00s Real=0.00s
[14225.150s][info][gc,start       ] GC(35710) Pause Young (Allocation Failure)
[14225.151s][info][gc,heap        ] GC(35710) PSYoungGen: 137984K(138240K)->208K(133632K) Eden: 137728K(137728K)->0K(133120K) From: 256K(512K)->208K(512K)
[14225.151s][info][gc,heap        ] GC(35710) ParOldGen: 392085K(392192K)->392101K(392192K)
[14225.151s][info][gc,metaspace   ] GC(35710) Metaspace: 8795K(9024K)->8795K(9024K) NonClass: 8143K(8320K)->8143K(8320K) Class: 652K(704K)->652K(704K)
[14225.151s][info][gc             ] GC(35710) Pause Young (Allocation Failure) 517M->383M(513M) 1.354ms
[14225.151s][info][gc,cpu         ] GC(35710) User=0.00s Sys=0.00s Real=0.01s
[14225.585s][info][gc,start       ] GC(35711) Pause Young (Allocation Failure)
[14225.587s][info][gc,heap        ] GC(35711) PSYoungGen: 133328K(133632K)->240K(129536K) Eden: 133120K(133120K)->0K(129024K) From: 208K(512K)->240K(512K)
[14225.587s][info][gc,heap        ] GC(35711) ParOldGen: 392101K(392192K)->392117K(392192K)
[14225.587s][info][gc,metaspace   ] GC(35711) Metaspace: 8795K(9024K)->8795K(9024K) NonClass: 8143K(8320K)->8143K(8320K) Class: 652K(704K)->652K(704K)
[14225.587s][info][gc             ] GC(35711) Pause Young (Allocation Failure) 513M->383M(509M) 2.465ms
[14225.587s][info][gc,cpu         ] GC(35711) User=0.00s Sys=0.00s Real=0.00s
[14226.006s][info][gc,start       ] GC(35712) Pause Young (Allocation Failure)
[14226.008s][info][gc,heap        ] GC(35712) PSYoungGen: 129264K(129536K)->240K(125440K) Eden: 129024K(129024K)->0K(124928K) From: 240K(512K)->240K(512K)
[14226.008s][info][gc,heap        ] GC(35712) ParOldGen: 392117K(392192K)->392125K(392192K)
[14226.008s][info][gc,metaspace   ] GC(35712) Metaspace: 8795K(9024K)->8795K(9024K) NonClass: 8143K(8320K)->8143K(8320K) Class: 652K(704K)->652K(704K)
[14226.008s][info][gc             ] GC(35712) Pause Young (Allocation Failure) 509M->383M(505M) 2.561ms
[14226.008s][info][gc,cpu         ] GC(35712) User=0.00s Sys=0.00s Real=0.00s
[14226.393s][info][gc,start       ] GC(35713) Pause Young (Allocation Failure)
[14226.396s][info][gc,heap        ] GC(35713) PSYoungGen: 125168K(125440K)->208K(121344K) Eden: 124928K(124928K)->0K(120832K) From: 240K(512K)->208K(512K)
[14226.396s][info][gc,heap        ] GC(35713) ParOldGen: 392125K(392192K)->392141K(392192K)
[14226.396s][info][gc,metaspace   ] GC(35713) Metaspace: 8795K(9024K)->8795K(9024K) NonClass: 8143K(8320K)->8143K(8320K) Class: 652K(704K)->652K(704K)
[14226.396s][info][gc             ] GC(35713) Pause Young (Allocation Failure) 505M->383M(501M) 2.763ms
[14226.396s][info][gc,cpu         ] GC(35713) User=0.00s Sys=0.00s Real=0.00s
[14226.782s][info][gc,start       ] GC(35714) Pause Young (Allocation Failure)
[14226.783s][info][gc,heap        ] GC(35714) PSYoungGen: 121040K(121344K)->256K(117760K) Eden: 120832K(120832K)->0K(117248K) From: 208K(512K)->256K(512K)
[14226.783s][info][gc,heap        ] GC(35714) ParOldGen: 392141K(392192K)->392157K(392192K)
[14226.783s][info][gc,metaspace   ] GC(35714) Metaspace: 8795K(9024K)->8795K(9024K) NonClass: 8143K(8320K)->8143K(8320K) Class: 652K(704K)->652K(704K)
[14226.783s][info][gc             ] GC(35714) Pause Young (Allocation Failure) 501M->383M(498M) 1.323ms
[14226.783s][info][gc,cpu         ] GC(35714) User=0.00s Sys=0.00s Real=0.00s
[14227.151s][info][gc,start       ] GC(35715) Pause Young (Allocation Failure)
[14227.154s][info][gc,heap        ] GC(35715) PSYoungGen: 117504K(117760K)->272K(114176K) Eden: 117248K(117248K)->0K(113664K) From: 256K(512K)->272K(512K)
[14227.154s][info][gc,heap        ] GC(35715) ParOldGen: 392157K(392192K)->392165K(392192K)
[14227.154s][info][gc,metaspace   ] GC(35715) Metaspace: 8795K(9024K)->8795K(9024K) NonClass: 8143K(8320K)->8143K(8320K) Class: 652K(704K)->652K(704K)
[14227.154s][info][gc             ] GC(35715) Pause Young (Allocation Failure) 497M->383M(494M) 2.469ms
[14227.154s][info][gc,cpu         ] GC(35715) User=0.00s Sys=0.00s Real=0.00s
[14227.519s][info][gc,start       ] GC(35716) Pause Young (Allocation Failure)
[14227.521s][info][gc,heap        ] GC(35716) PSYoungGen: 113936K(114176K)->128K(110592K) Eden: 113664K(113664K)->0K(110080K) From: 272K(512K)->128K(512K)
[14227.521s][info][gc,heap        ] GC(35716) ParOldGen: 392165K(392192K)->392173K(392192K)
[14227.521s][info][gc,metaspace   ] GC(35716) Metaspace: 8795K(9024K)->8795K(9024K) NonClass: 8143K(8320K)->8143K(8320K) Class: 652K(704K)->652K(704K)
[14227.521s][info][gc             ] GC(35716) Pause Young (Allocation Failure) 494M->383M(491M) 2.324ms
[14227.521s][info][gc,cpu         ] GC(35716) User=0.00s Sys=0.00s Real=0.01s
[14227.865s][info][gc,start       ] GC(35717) Pause Young (Allocation Failure)
[14227.867s][info][gc,heap        ] GC(35717) PSYoungGen: 110208K(110592K)->240K(107520K) Eden: 110080K(110080K)->0K(107008K) From: 128K(512K)->240K(512K)
[14227.867s][info][gc,heap        ] GC(35717) ParOldGen: 392173K(392192K)->392181K(392192K)
[14227.867s][info][gc,metaspace   ] GC(35717) Metaspace: 8795K(9024K)->8795K(9024K) NonClass: 8143K(8320K)->8143K(8320K) Class: 652K(704K)->652K(704K)
[14227.867s][info][gc             ] GC(35717) Pause Young (Allocation Failure) 490M->383M(488M) 2.445ms
[14227.867s][info][gc,cpu         ] GC(35717) User=0.00s Sys=0.00s Real=0.00s
[14228.212s][info][gc,start       ] GC(35718) Pause Young (Allocation Failure)
[14228.214s][info][gc,heap        ] GC(35718) PSYoungGen: 107248K(107520K)->240K(104448K) Eden: 107008K(107008K)->0K(103936K) From: 240K(512K)->240K(512K)
[14228.214s][info][gc,heap        ] GC(35718) ParOldGen: 392181K(392192K)->392189K(392192K)
[14228.214s][info][gc,metaspace   ] GC(35718) Metaspace: 8795K(9024K)->8795K(9024K) NonClass: 8143K(8320K)->8143K(8320K) Class: 652K(704K)->652K(704K)
[14228.214s][info][gc             ] GC(35718) Pause Young (Allocation Failure) 487M->383M(485M) 2.544ms
[14228.214s][info][gc,cpu         ] GC(35718) User=0.00s Sys=0.00s Real=0.00s
[14228.538s][info][gc,start       ] GC(35719) Pause Young (Allocation Failure)
[14228.541s][info][gc,heap        ] GC(35719) PSYoungGen: 104176K(104448K)->240K(101376K) Eden: 103936K(103936K)->0K(100864K) From: 240K(512K)->240K(512K)
[14228.541s][info][gc,heap        ] GC(35719) ParOldGen: 392189K(392192K)->392197K(392704K)
[14228.541s][info][gc,metaspace   ] GC(35719) Metaspace: 8795K(9024K)->8795K(9024K) NonClass: 8143K(8320K)->8143K(8320K) Class: 652K(704K)->652K(704K)
[14228.541s][info][gc             ] GC(35719) Pause Young (Allocation Failure) 484M->383M(482M) 2.594ms
[14228.541s][info][gc,cpu         ] GC(35719) User=0.01s Sys=0.00s Real=0.01s
[14228.880s][info][gc,start       ] GC(35720) Pause Young (Allocation Failure)
[14228.882s][info][gc,heap        ] GC(35720) PSYoungGen: 101104K(101376K)->256K(98304K) Eden: 100864K(100864K)->0K(97792K) From: 240K(512K)->256K(512K)
[14228.882s][info][gc,heap        ] GC(35720) ParOldGen: 392197K(392704K)->392213K(392704K)
[14228.882s][info][gc,metaspace   ] GC(35720) Metaspace: 8795K(9024K)->8795K(9024K) NonClass: 8143K(8320K)->8143K(8320K) Class: 652K(704K)->652K(704K)
[14228.882s][info][gc             ] GC(35720) Pause Young (Allocation Failure) 481M->383M(479M) 1.720ms
[14228.882s][info][gc,cpu         ] GC(35720) User=0.01s Sys=0.00s Real=0.01s
[14229.194s][info][gc,start       ] GC(35721) Pause Young (Allocation Failure)
[14229.195s][info][gc,heap        ] GC(35721) PSYoungGen: 98048K(98304K)->240K(95744K) Eden: 97792K(97792K)->0K(95232K) From: 256K(512K)->240K(512K)
[14229.195s][info][gc,heap        ] GC(35721) ParOldGen: 392213K(392704K)->392229K(392704K)
[14229.195s][info][gc,metaspace   ] GC(35721) Metaspace: 8795K(9024K)->8795K(9024K) NonClass: 8143K(8320K)->8143K(8320K) Class: 652K(704K)->652K(704K)
[14229.195s][info][gc             ] GC(35721) Pause Young (Allocation Failure) 478M->383M(477M) 1.324ms
[14229.195s][info][gc,cpu         ] GC(35721) User=0.00s Sys=0.00s Real=0.00s
[14229.497s][info][gc,start       ] GC(35722) Pause Young (Allocation Failure)
[14229.498s][info][gc,heap        ] GC(35722) PSYoungGen: 95472K(95744K)->256K(93184K) Eden: 95232K(95232K)->0K(92672K) From: 240K(512K)->256K(512K)
[14229.498s][info][gc,heap        ] GC(35722) ParOldGen: 392229K(392704K)->392245K(392704K)
[14229.498s][info][gc,metaspace   ] GC(35722) Metaspace: 8795K(9024K)->8795K(9024K) NonClass: 8143K(8320K)->8143K(8320K) Class: 652K(704K)->652K(704K)
[14229.498s][info][gc             ] GC(35722) Pause Young (Allocation Failure) 476M->383M(474M) 1.336ms
[14229.498s][info][gc,cpu         ] GC(35722) User=0.01s Sys=0.00s Real=0.00s
[14229.830s][info][gc,start       ] GC(35723) Pause Young (Allocation Failure)
[14229.832s][info][gc,heap        ] GC(35723) PSYoungGen: 92928K(93184K)->272K(90624K) Eden: 92672K(92672K)->0K(90112K) From: 256K(512K)->272K(512K)
[14229.832s][info][gc,heap        ] GC(35723) ParOldGen: 392245K(392704K)->392261K(392704K)
[14229.832s][info][gc,metaspace   ] GC(35723) Metaspace: 8795K(9024K)->8795K(9024K) NonClass: 8143K(8320K)->8143K(8320K) Class: 652K(704K)->652K(704K)
[14229.832s][info][gc             ] GC(35723) Pause Young (Allocation Failure) 473M->383M(472M) 1.363ms
[14229.832s][info][gc,cpu         ] GC(35723) User=0.00s Sys=0.00s Real=0.01s
[14230.118s][info][gc,start       ] GC(35724) Pause Young (Allocation Failure)
[14230.119s][info][gc,heap        ] GC(35724) PSYoungGen: 90384K(90624K)->272K(88064K) Eden: 90112K(90112K)->0K(87552K) From: 272K(512K)->272K(512K)
[14230.119s][info][gc,heap        ] GC(35724) ParOldGen: 392261K(392704K)->392277K(392704K)
[14230.119s][info][gc,metaspace   ] GC(35724) Metaspace: 8795K(9024K)->8795K(9024K) NonClass: 8143K(8320K)->8143K(8320K) Class: 652K(704K)->652K(704K)
[14230.119s][info][gc             ] GC(35724) Pause Young (Allocation Failure) 471M->383M(469M) 1.334ms
[14230.119s][info][gc,cpu         ] GC(35724) User=0.00s Sys=0.00s Real=0.00s
[14230.406s][info][gc,start       ] GC(35725) Pause Young (Allocation Failure)
[14230.407s][info][gc,heap        ] GC(35725) PSYoungGen: 87824K(88064K)->256K(202752K) Eden: 87552K(87552K)->0K(202240K) From: 272K(512K)->256K(512K)
[14230.407s][info][gc,heap        ] GC(35725) ParOldGen: 392277K(392704K)->392293K(392704K)
[14230.407s][info][gc,metaspace   ] GC(35725) Metaspace: 8795K(9024K)->8795K(9024K) NonClass: 8143K(8320K)->8143K(8320K) Class: 652K(704K)->652K(704K)
[14230.407s][info][gc             ] GC(35725) Pause Young (Allocation Failure) 468M->383M(581M) 1.302ms
[14230.407s][info][gc,cpu         ] GC(35725) User=0.00s Sys=0.00s Real=0.00s
[14231.077s][info][gc,start       ] GC(35726) Pause Young (Allocation Failure)
[14231.078s][info][gc,heap        ] GC(35726) PSYoungGen: 202496K(202752K)->240K(195584K) Eden: 202240K(202240K)->0K(195072K) From: 256K(512K)->240K(512K)
[14231.078s][info][gc,heap        ] GC(35726) ParOldGen: 392293K(392704K)->392309K(392704K)
[14231.078s][info][gc,metaspace   ] GC(35726) Metaspace: 8795K(9024K)->8795K(9024K) NonClass: 8143K(8320K)->8143K(8320K) Class: 652K(704K)->652K(704K)
[14231.078s][info][gc             ] GC(35726) Pause Young (Allocation Failure) 580M->383M(574M) 1.349ms
[14231.078s][info][gc,cpu         ] GC(35726) User=0.00s Sys=0.00s Real=0.00s
[14231.767s][info][gc,start       ] GC(35727) Pause Young (Allocation Failure)
[14231.768s][info][gc,heap        ] GC(35727) PSYoungGen: 195312K(195584K)->256K(188416K) Eden: 195072K(195072K)->0K(187904K) From: 240K(512K)->256K(512K)
[14231.768s][info][gc,heap        ] GC(35727) ParOldGen: 392309K(392704K)->392325K(392704K)
[14231.768s][info][gc,metaspace   ] GC(35727) Metaspace: 8795K(9024K)->8795K(9024K) NonClass: 8143K(8320K)->8143K(8320K) Class: 652K(704K)->652K(704K)
[14231.768s][info][gc             ] GC(35727) Pause Young (Allocation Failure) 573M->383M(567M) 1.364ms
[14231.768s][info][gc,cpu         ] GC(35727) User=0.00s Sys=0.00s Real=0.00s
[14232.371s][info][gc,start       ] GC(35728) Pause Young (Allocation Failure)
[14232.372s][info][gc,heap        ] GC(35728) PSYoungGen: 188160K(188416K)->240K(181760K) Eden: 187904K(187904K)->0K(181248K) From: 256K(512K)->240K(512K)
[14232.372s][info][gc,heap        ] GC(35728) ParOldGen: 392325K(392704K)->392341K(392704K)
[14232.372s][info][gc,metaspace   ] GC(35728) Metaspace: 8795K(9024K)->8795K(9024K) NonClass: 8143K(8320K)->8143K(8320K) Class: 652K(704K)->652K(704K)
[14232.372s][info][gc             ] GC(35728) Pause Young (Allocation Failure) 566M->383M(561M) 1.345ms
[14232.372s][info][gc,cpu         ] GC(35728) User=0.00s Sys=0.00s Real=0.00s
[14232.971s][info][gc,start       ] GC(35729) Pause Young (Allocation Failure)
[14232.973s][info][gc,heap        ] GC(35729) PSYoungGen: 181488K(181760K)->256K(175104K) Eden: 181248K(181248K)->0K(174592K) From: 240K(512K)->256K(512K)
[14232.973s][info][gc,heap        ] GC(35729) ParOldGen: 392341K(392704K)->392357K(392704K)
[14232.973s][info][gc,metaspace   ] GC(35729) Metaspace: 8795K(9024K)->8795K(9024K) NonClass: 8143K(8320K)->8143K(8320K) Class: 652K(704K)->652K(704K)
[14232.973s][info][gc             ] GC(35729) Pause Young (Allocation Failure) 560M->383M(554M) 1.337ms
[14232.973s][info][gc,cpu         ] GC(35729) User=0.00s Sys=0.00s Real=0.00s
[14233.594s][info][gc,start       ] GC(35730) Pause Young (Allocation Failure)
[14233.595s][info][gc,heap        ] GC(35730) PSYoungGen: 174848K(175104K)->240K(168960K) Eden: 174592K(174592K)->0K(168448K) From: 256K(512K)->240K(512K)
[14233.595s][info][gc,heap        ] GC(35730) ParOldGen: 392357K(392704K)->392373K(392704K)
[14233.595s][info][gc,metaspace   ] GC(35730) Metaspace: 8795K(9024K)->8795K(9024K) NonClass: 8143K(8320K)->8143K(8320K) Class: 652K(704K)->652K(704K)
[14233.595s][info][gc             ] GC(35730) Pause Young (Allocation Failure) 553M->383M(548M) 1.317ms
[14233.595s][info][gc,cpu         ] GC(35730) User=0.01s Sys=0.00s Real=0.00s
[14234.186s][info][gc,start       ] GC(35731) Pause Young (Allocation Failure)
[14234.188s][info][gc,heap        ] GC(35731) PSYoungGen: 168688K(168960K)->240K(163328K) Eden: 168448K(168448K)->0K(162816K) From: 240K(512K)->240K(512K)
[14234.188s][info][gc,heap        ] GC(35731) ParOldGen: 392373K(392704K)->392389K(392704K)
[14234.188s][info][gc,metaspace   ] GC(35731) Metaspace: 8795K(9024K)->8795K(9024K) NonClass: 8143K(8320K)->8143K(8320K) Class: 652K(704K)->652K(704K)
[14234.188s][info][gc             ] GC(35731) Pause Young (Allocation Failure) 547M->383M(543M) 2.409ms
[14234.188s][info][gc,cpu         ] GC(35731) User=0.00s Sys=0.00s Real=0.00s
[14234.714s][info][gc,start       ] GC(35732) Pause Young (Allocation Failure)
[14234.715s][info][gc,heap        ] GC(35732) PSYoungGen: 163056K(163328K)->240K(157696K) Eden: 162816K(162816K)->0K(157184K) From: 240K(512K)->240K(512K)
[14234.715s][info][gc,heap        ] GC(35732) ParOldGen: 392389K(392704K)->392405K(392704K)
[14234.715s][info][gc,metaspace   ] GC(35732) Metaspace: 8795K(9024K)->8795K(9024K) NonClass: 8143K(8320K)->8143K(8320K) Class: 652K(704K)->652K(704K)
[14234.715s][info][gc             ] GC(35732) Pause Young (Allocation Failure) 542M->383M(537M) 1.308ms
[14234.715s][info][gc,cpu         ] GC(35732) User=0.00s Sys=0.00s Real=0.00s
[14235.228s][info][gc,start       ] GC(35733) Pause Young (Allocation Failure)
[14235.230s][info][gc,heap        ] GC(35733) PSYoungGen: 157424K(157696K)->224K(152576K) Eden: 157184K(157184K)->0K(152064K) From: 240K(512K)->224K(512K)
[14235.230s][info][gc,heap        ] GC(35733) ParOldGen: 392405K(392704K)->392421K(392704K)
[14235.230s][info][gc,metaspace   ] GC(35733) Metaspace: 8795K(9024K)->8795K(9024K) NonClass: 8143K(8320K)->8143K(8320K) Class: 652K(704K)->652K(704K)
[14235.230s][info][gc             ] GC(35733) Pause Young (Allocation Failure) 536M->383M(532M) 2.141ms
[14235.230s][info][gc,cpu         ] GC(35733) User=0.00s Sys=0.00s Real=0.00s
[14235.707s][info][gc,start       ] GC(35734) Pause Young (Allocation Failure)
[14235.708s][info][gc,heap        ] GC(35734) PSYoungGen: 152288K(152576K)->256K(147456K) Eden: 152064K(152064K)->0K(146944K) From: 224K(512K)->256K(512K)
[14235.708s][info][gc,heap        ] GC(35734) ParOldGen: 392421K(392704K)->392437K(392704K)
[14235.708s][info][gc,metaspace   ] GC(35734) Metaspace: 8795K(9024K)->8795K(9024K) NonClass: 8143K(8320K)->8143K(8320K) Class: 652K(704K)->652K(704K)
[14235.708s][info][gc             ] GC(35734) Pause Young (Allocation Failure) 531M->383M(527M) 1.312ms
[14235.708s][info][gc,cpu         ] GC(35734) User=0.01s Sys=0.00s Real=0.00s
[14236.184s][info][gc,start       ] GC(35735) Pause Young (Allocation Failure)
[14236.185s][info][gc,heap        ] GC(35735) PSYoungGen: 147200K(147456K)->256K(142848K) Eden: 146944K(146944K)->0K(142336K) From: 256K(512K)->256K(512K)
[14236.185s][info][gc,heap        ] GC(35735) ParOldGen: 392437K(392704K)->392453K(392704K)
[14236.185s][info][gc,metaspace   ] GC(35735) Metaspace: 8795K(9024K)->8795K(9024K) NonClass: 8143K(8320K)->8143K(8320K) Class: 652K(704K)->652K(704K)
[14236.185s][info][gc             ] GC(35735) Pause Young (Allocation Failure) 526M->383M(523M) 1.305ms
[14236.185s][info][gc,cpu         ] GC(35735) User=0.00s Sys=0.00s Real=0.00s
[14236.631s][info][gc,start       ] GC(35736) Pause Young (Allocation Failure)
[14236.633s][info][gc,heap        ] GC(35736) PSYoungGen: 142592K(142848K)->256K(138240K) Eden: 142336K(142336K)->0K(137728K) From: 256K(512K)->256K(512K)
[14236.633s][info][gc,heap        ] GC(35736) ParOldGen: 392453K(392704K)->392469K(392704K)
[14236.633s][info][gc,metaspace   ] GC(35736) Metaspace: 8795K(9024K)->8795K(9024K) NonClass: 8143K(8320K)->8143K(8320K) Class: 652K(704K)->652K(704K)
[14236.633s][info][gc             ] GC(35736) Pause Young (Allocation Failure) 522M->383M(518M) 1.347ms
[14236.633s][info][gc,cpu         ] GC(35736) User=0.00s Sys=0.01s Real=0.00s
[14237.106s][info][gc,start       ] GC(35737) Pause Young (Allocation Failure)
[14237.108s][info][gc,heap        ] GC(35737) PSYoungGen: 137984K(138240K)->256K(133632K) Eden: 137728K(137728K)->0K(133120K) From: 256K(512K)->256K(512K)
[14237.108s][info][gc,heap        ] GC(35737) ParOldGen: 392469K(392704K)->392485K(392704K)
[14237.108s][info][gc,metaspace   ] GC(35737) Metaspace: 8795K(9024K)->8795K(9024K) NonClass: 8143K(8320K)->8143K(8320K) Class: 652K(704K)->652K(704K)
[14237.108s][info][gc             ] GC(35737) Pause Young (Allocation Failure) 518M->383M(514M) 1.464ms
[14237.108s][info][gc,cpu         ] GC(35737) User=0.00s Sys=0.00s Real=0.00s
[14237.600s][info][gc,start       ] GC(35738) Pause Young (Allocation Failure)
[14237.601s][info][gc,heap        ] GC(35738) PSYoungGen: 133376K(133632K)->240K(129536K) Eden: 133120K(133120K)->0K(129024K) From: 256K(512K)->240K(512K)
[14237.601s][info][gc,heap        ] GC(35738) ParOldGen: 392485K(392704K)->392501K(392704K)
[14237.601s][info][gc,metaspace   ] GC(35738) Metaspace: 8795K(9024K)->8795K(9024K) NonClass: 8143K(8320K)->8143K(8320K) Class: 652K(704K)->652K(704K)
[14237.601s][info][gc             ] GC(35738) Pause Young (Allocation Failure) 513M->383M(510M) 1.348ms
[14237.601s][info][gc,cpu         ] GC(35738) User=0.01s Sys=0.00s Real=0.01s
[14238.062s][info][gc,start       ] GC(35739) Pause Young (Allocation Failure)
[14238.063s][info][gc,heap        ] GC(35739) PSYoungGen: 129264K(129536K)->256K(125440K) Eden: 129024K(129024K)->0K(124928K) From: 240K(512K)->256K(512K)
[14238.063s][info][gc,heap        ] GC(35739) ParOldGen: 392501K(392704K)->392517K(392704K)
[14238.064s][info][gc,metaspace   ] GC(35739) Metaspace: 8795K(9024K)->8795K(9024K) NonClass: 8143K(8320K)->8143K(8320K) Class: 652K(704K)->652K(704K)
[14238.064s][info][gc             ] GC(35739) Pause Young (Allocation Failure) 509M->383M(506M) 1.529ms
[14238.064s][info][gc,cpu         ] GC(35739) User=0.00s Sys=0.00s Real=0.00s
[14238.471s][info][gc,start       ] GC(35740) Pause Young (Allocation Failure)
[14238.473s][info][gc,heap        ] GC(35740) PSYoungGen: 125184K(125440K)->224K(121344K) Eden: 124928K(124928K)->0K(120832K) From: 256K(512K)->224K(512K)
[14238.473s][info][gc,heap        ] GC(35740) ParOldGen: 392517K(392704K)->392533K(392704K)
[14238.473s][info][gc,metaspace   ] GC(35740) Metaspace: 8795K(9024K)->8795K(9024K) NonClass: 8143K(8320K)->8143K(8320K) Class: 652K(704K)->652K(704K)
[14238.473s][info][gc             ] GC(35740) Pause Young (Allocation Failure) 505M->383M(502M) 1.401ms
[14238.473s][info][gc,cpu         ] GC(35740) User=0.00s Sys=0.00s Real=0.00s
[14238.848s][info][gc,start       ] GC(35741) Pause Young (Allocation Failure)
[14238.851s][info][gc,heap        ] GC(35741) PSYoungGen: 121056K(121344K)->240K(117760K) Eden: 120832K(120832K)->0K(117248K) From: 224K(512K)->240K(512K)
[14238.851s][info][gc,heap        ] GC(35741) ParOldGen: 392533K(392704K)->392541K(392704K)
[14238.851s][info][gc,metaspace   ] GC(35741) Metaspace: 8795K(9024K)->8795K(9024K) NonClass: 8143K(8320K)->8143K(8320K) Class: 652K(704K)->652K(704K)
[14238.851s][info][gc             ] GC(35741) Pause Young (Allocation Failure) 501M->383M(498M) 2.349ms
[14238.851s][info][gc,cpu         ] GC(35741) User=0.01s Sys=0.00s Real=0.01s
[14239.224s][info][gc,start       ] GC(35742) Pause Young (Allocation Failure)
[14239.227s][info][gc,heap        ] GC(35742) PSYoungGen: 117488K(117760K)->224K(114176K) Eden: 117248K(117248K)->0K(113664K) From: 240K(512K)->224K(512K)
[14239.227s][info][gc,heap        ] GC(35742) ParOldGen: 392541K(392704K)->392549K(392704K)
[14239.227s][info][gc,metaspace   ] GC(35742) Metaspace: 8795K(9024K)->8795K(9024K) NonClass: 8143K(8320K)->8143K(8320K) Class: 652K(704K)->652K(704K)
[14239.227s][info][gc             ] GC(35742) Pause Young (Allocation Failure) 498M->383M(495M) 2.389ms
[14239.227s][info][gc,cpu         ] GC(35742) User=0.00s Sys=0.00s Real=0.00s
[14239.574s][info][gc,start       ] GC(35743) Pause Young (Allocation Failure)
[14239.576s][info][gc,heap        ] GC(35743) PSYoungGen: 113888K(114176K)->256K(110592K) Eden: 113664K(113664K)->0K(110080K) From: 224K(512K)->256K(512K)
[14239.576s][info][gc,heap        ] GC(35743) ParOldGen: 392549K(392704K)->392557K(392704K)
[14239.576s][info][gc,metaspace   ] GC(35743) Metaspace: 8795K(9024K)->8795K(9024K) NonClass: 8143K(8320K)->8143K(8320K) Class: 652K(704K)->652K(704K)
[14239.576s][info][gc             ] GC(35743) Pause Young (Allocation Failure) 494M->383M(491M) 2.469ms
[14239.576s][info][gc,cpu         ] GC(35743) User=0.00s Sys=0.00s Real=0.00s
[14239.938s][info][gc,start       ] GC(35744) Pause Young (Allocation Failure)
[14239.941s][info][gc,heap        ] GC(35744) PSYoungGen: 110336K(110592K)->240K(107520K) Eden: 110080K(110080K)->0K(107008K) From: 256K(512K)->240K(512K)
[14239.941s][info][gc,heap        ] GC(35744) ParOldGen: 392557K(392704K)->392565K(392704K)
[14239.941s][info][gc,metaspace   ] GC(35744) Metaspace: 8795K(9024K)->8795K(9024K) NonClass: 8143K(8320K)->8143K(8320K) Class: 652K(704K)->652K(704K)
[14239.941s][info][gc             ] GC(35744) Pause Young (Allocation Failure) 491M->383M(488M) 2.420ms
[14239.941s][info][gc,cpu         ] GC(35744) User=0.00s Sys=0.00s Real=0.01s
[14240.286s][info][gc,start       ] GC(35745) Pause Young (Allocation Failure)
[14240.288s][info][gc,heap        ] GC(35745) PSYoungGen: 107248K(107520K)->240K(104448K) Eden: 107008K(107008K)->0K(103936K) From: 240K(512K)->240K(512K)
[14240.288s][info][gc,heap        ] GC(35745) ParOldGen: 392565K(392704K)->392573K(392704K)
[14240.288s][info][gc,metaspace   ] GC(35745) Metaspace: 8795K(9024K)->8795K(9024K) NonClass: 8143K(8320K)->8143K(8320K) Class: 652K(704K)->652K(704K)
[14240.288s][info][gc             ] GC(35745) Pause Young (Allocation Failure) 488M->383M(485M) 2.460ms
[14240.288s][info][gc,cpu         ] GC(35745) User=0.00s Sys=0.00s Real=0.00s
[14240.622s][info][gc,start       ] GC(35746) Pause Young (Allocation Failure)
[14240.624s][info][gc,heap        ] GC(35746) PSYoungGen: 104176K(104448K)->224K(101376K) Eden: 103936K(103936K)->0K(100864K) From: 240K(512K)->224K(512K)
[14240.624s][info][gc,heap        ] GC(35746) ParOldGen: 392573K(392704K)->392581K(392704K)
[14240.624s][info][gc,metaspace   ] GC(35746) Metaspace: 8795K(9024K)->8795K(9024K) NonClass: 8143K(8320K)->8143K(8320K) Class: 652K(704K)->652K(704K)
[14240.624s][info][gc             ] GC(35746) Pause Young (Allocation Failure) 485M->383M(482M) 2.258ms
[14240.624s][info][gc,cpu         ] GC(35746) User=0.00s Sys=0.00s Real=0.00s
[14240.947s][info][gc,start       ] GC(35747) Pause Young (Allocation Failure)
[14240.949s][info][gc,heap        ] GC(35747) PSYoungGen: 101088K(101376K)->192K(98304K) Eden: 100864K(100864K)->0K(97792K) From: 224K(512K)->192K(512K)
[14240.949s][info][gc,heap        ] GC(35747) ParOldGen: 392581K(392704K)->392589K(392704K)
[14240.949s][info][gc,metaspace   ] GC(35747) Metaspace: 8795K(9024K)->8795K(9024K) NonClass: 8143K(8320K)->8143K(8320K) Class: 652K(704K)->652K(704K)
[14240.949s][info][gc             ] GC(35747) Pause Young (Allocation Failure) 482M->383M(479M) 1.986ms
[14240.949s][info][gc,cpu         ] GC(35747) User=0.00s Sys=0.00s Real=0.00s
[14241.247s][info][gc,start       ] GC(35748) Pause Young (Allocation Failure)
[14241.248s][info][gc,heap        ] GC(35748) PSYoungGen: 97984K(98304K)->240K(95744K) Eden: 97792K(97792K)->0K(95232K) From: 192K(512K)->240K(512K)
[14241.248s][info][gc,heap        ] GC(35748) ParOldGen: 392589K(392704K)->392605K(392704K)
[14241.248s][info][gc,metaspace   ] GC(35748) Metaspace: 8795K(9024K)->8795K(9024K) NonClass: 8143K(8320K)->8143K(8320K) Class: 652K(704K)->652K(704K)
[14241.248s][info][gc             ] GC(35748) Pause Young (Allocation Failure) 479M->383M(477M) 1.349ms
[14241.248s][info][gc,cpu         ] GC(35748) User=0.00s Sys=0.00s Real=0.00s
[14241.586s][info][gc,start       ] GC(35749) Pause Young (Allocation Failure)
[14241.587s][info][gc,heap        ] GC(35749) PSYoungGen: 95472K(95744K)->240K(93184K) Eden: 95232K(95232K)->0K(92672K) From: 240K(512K)->240K(512K)
[14241.587s][info][gc,heap        ] GC(35749) ParOldGen: 392605K(392704K)->392621K(392704K)
[14241.587s][info][gc,metaspace   ] GC(35749) Metaspace: 8795K(9024K)->8795K(9024K) NonClass: 8143K(8320K)->8143K(8320K) Class: 652K(704K)->652K(704K)
[14241.587s][info][gc             ] GC(35749) Pause Young (Allocation Failure) 476M->383M(474M) 1.323ms
[14241.587s][info][gc,cpu         ] GC(35749) User=0.01s Sys=0.01s Real=0.00s
[14241.871s][info][gc,start       ] GC(35750) Pause Young (Allocation Failure)
[14241.872s][info][gc,heap        ] GC(35750) PSYoungGen: 92912K(93184K)->272K(90624K) Eden: 92672K(92672K)->0K(90112K) From: 240K(512K)->272K(512K)
[14241.873s][info][gc,heap        ] GC(35750) ParOldGen: 392621K(392704K)->392637K(392704K)
[14241.873s][info][gc,metaspace   ] GC(35750) Metaspace: 8795K(9024K)->8795K(9024K) NonClass: 8143K(8320K)->8143K(8320K) Class: 652K(704K)->652K(704K)
[14241.873s][info][gc             ] GC(35750) Pause Young (Allocation Failure) 474M->383M(472M) 1.336ms
[14241.873s][info][gc,cpu         ] GC(35750) User=0.00s Sys=0.00s Real=0.00s
[14242.160s][info][gc,start       ] GC(35751) Pause Young (Allocation Failure)
[14242.161s][info][gc,heap        ] GC(35751) PSYoungGen: 90384K(90624K)->256K(88064K) Eden: 90112K(90112K)->0K(87552K) From: 272K(512K)->256K(512K)
[14242.161s][info][gc,heap        ] GC(35751) ParOldGen: 392637K(392704K)->392653K(392704K)
[14242.161s][info][gc,metaspace   ] GC(35751) Metaspace: 8795K(9024K)->8795K(9024K) NonClass: 8143K(8320K)->8143K(8320K) Class: 652K(704K)->652K(704K)
[14242.161s][info][gc             ] GC(35751) Pause Young (Allocation Failure) 471M->383M(469M) 1.313ms
[14242.161s][info][gc,cpu         ] GC(35751) User=0.00s Sys=0.00s Real=0.01s
[14242.442s][info][gc,start       ] GC(35752) Pause Young (Allocation Failure)
[14242.444s][info][gc,heap        ] GC(35752) PSYoungGen: 87808K(88064K)->240K(202752K) Eden: 87552K(87552K)->0K(202240K) From: 256K(512K)->240K(512K)
[14242.444s][info][gc,heap        ] GC(35752) ParOldGen: 392653K(392704K)->392669K(392704K)
[14242.444s][info][gc,metaspace   ] GC(35752) Metaspace: 8795K(9024K)->8795K(9024K) NonClass: 8143K(8320K)->8143K(8320K) Class: 652K(704K)->652K(704K)
[14242.444s][info][gc             ] GC(35752) Pause Young (Allocation Failure) 469M->383M(581M) 1.324ms
[14242.444s][info][gc,cpu         ] GC(35752) User=0.01s Sys=0.00s Real=0.00s
[14243.098s][info][gc,start       ] GC(35753) Pause Young (Allocation Failure)
[14243.099s][info][gc,heap        ] GC(35753) PSYoungGen: 202480K(202752K)->256K(195584K) Eden: 202240K(202240K)->0K(195072K) From: 240K(512K)->256K(512K)
[14243.099s][info][gc,heap        ] GC(35753) ParOldGen: 392669K(392704K)->392685K(392704K)
[14243.099s][info][gc,metaspace   ] GC(35753) Metaspace: 8795K(9024K)->8795K(9024K) NonClass: 8143K(8320K)->8143K(8320K) Class: 652K(704K)->652K(704K)
[14243.099s][info][gc             ] GC(35753) Pause Young (Allocation Failure) 581M->383M(574M) 1.340ms
[14243.099s][info][gc,cpu         ] GC(35753) User=0.00s Sys=0.00s Real=0.00s
[14243.733s][info][gc,start       ] GC(35754) Pause Young (Allocation Failure)
[14243.734s][info][gc,heap        ] GC(35754) PSYoungGen: 195328K(195584K)->240K(188416K) Eden: 195072K(195072K)->0K(187904K) From: 256K(512K)->240K(512K)
[14243.734s][info][gc,heap        ] GC(35754) ParOldGen: 392685K(392704K)->392701K(392704K)
[14243.734s][info][gc,metaspace   ] GC(35754) Metaspace: 8795K(9024K)->8795K(9024K) NonClass: 8143K(8320K)->8143K(8320K) Class: 652K(704K)->652K(704K)
[14243.734s][info][gc             ] GC(35754) Pause Young (Allocation Failure) 574M->383M(567M) 1.367ms
[14243.734s][info][gc,cpu         ] GC(35754) User=0.00s Sys=0.00s Real=0.00s
[14244.349s][info][gc,start       ] GC(35755) Pause Young (Allocation Failure)
[14244.350s][info][gc,heap        ] GC(35755) PSYoungGen: 188144K(188416K)->112K(181760K) Eden: 187904K(187904K)->0K(181248K) From: 240K(512K)->112K(512K)
[14244.350s][info][gc,heap        ] GC(35755) ParOldGen: 392701K(392704K)->392709K(393216K)
[14244.350s][info][gc,metaspace   ] GC(35755) Metaspace: 8795K(9024K)->8795K(9024K) NonClass: 8143K(8320K)->8143K(8320K) Class: 652K(704K)->652K(704K)
[14244.350s][info][gc             ] GC(35755) Pause Young (Allocation Failure) 567M->383M(561M) 1.284ms
[14244.350s][info][gc,cpu         ] GC(35755) User=0.00s Sys=0.00s Real=0.01s
[14244.972s][info][gc,start       ] GC(35756) Pause Young (Allocation Failure)
[14244.975s][info][gc,heap        ] GC(35756) PSYoungGen: 181360K(181760K)->224K(175104K) Eden: 181248K(181248K)->0K(174592K) From: 112K(512K)->224K(512K)
[14244.975s][info][gc,heap        ] GC(35756) ParOldGen: 392709K(393216K)->392717K(393216K)
[14244.975s][info][gc,metaspace   ] GC(35756) Metaspace: 8795K(9024K)->8795K(9024K) NonClass: 8143K(8320K)->8143K(8320K) Class: 652K(704K)->652K(704K)
[14244.975s][info][gc             ] GC(35756) Pause Young (Allocation Failure) 560M->383M(555M) 2.404ms
[14244.975s][info][gc,cpu         ] GC(35756) User=0.00s Sys=0.00s Real=0.00s
[14245.540s][info][gc,start       ] GC(35757) Pause Young (Allocation Failure)
[14245.542s][info][gc,heap        ] GC(35757) PSYoungGen: 174816K(175104K)->224K(168960K) Eden: 174592K(174592K)->0K(168448K) From: 224K(512K)->224K(512K)
[14245.542s][info][gc,heap        ] GC(35757) ParOldGen: 392717K(393216K)->392733K(393216K)
[14245.542s][info][gc,metaspace   ] GC(35757) Metaspace: 8795K(9024K)->8795K(9024K) NonClass: 8143K(8320K)->8143K(8320K) Class: 652K(704K)->652K(704K)
[14245.542s][info][gc             ] GC(35757) Pause Young (Allocation Failure) 554M->383M(549M) 1.724ms
[14245.542s][info][gc,cpu         ] GC(35757) User=0.00s Sys=0.00s Real=0.01s
[14246.081s][info][gc,start       ] GC(35758) Pause Young (Allocation Failure)
[14246.083s][info][gc,heap        ] GC(35758) PSYoungGen: 168672K(168960K)->224K(163328K) Eden: 168448K(168448K)->0K(162816K) From: 224K(512K)->224K(512K)
[14246.083s][info][gc,heap        ] GC(35758) ParOldGen: 392733K(393216K)->392749K(393216K)
[14246.083s][info][gc,metaspace   ] GC(35758) Metaspace: 8795K(9024K)->8795K(9024K) NonClass: 8143K(8320K)->8143K(8320K) Class: 652K(704K)->652K(704K)
[14246.083s][info][gc             ] GC(35758) Pause Young (Allocation Failure) 548M->383M(543M) 2.395ms
[14246.083s][info][gc,cpu         ] GC(35758) User=0.00s Sys=0.00s Real=0.00s
[14246.632s][info][gc,start       ] GC(35759) Pause Young (Allocation Failure)
[14246.635s][info][gc,heap        ] GC(35759) PSYoungGen: 163040K(163328K)->224K(157696K) Eden: 162816K(162816K)->0K(157184K) From: 224K(512K)->224K(512K)
[14246.635s][info][gc,heap        ] GC(35759) ParOldGen: 392749K(393216K)->392765K(393216K)
[14246.635s][info][gc,metaspace   ] GC(35759) Metaspace: 8795K(9024K)->8795K(9024K) NonClass: 8143K(8320K)->8143K(8320K) Class: 652K(704K)->652K(704K)
[14246.635s][info][gc             ] GC(35759) Pause Young (Allocation Failure) 542M->383M(538M) 2.763ms
[14246.635s][info][gc,cpu         ] GC(35759) User=0.01s Sys=0.00s Real=0.00s
[14247.135s][info][gc,start       ] GC(35760) Pause Young (Allocation Failure)
[14247.137s][info][gc,heap        ] GC(35760) PSYoungGen: 157408K(157696K)->272K(152576K) Eden: 157184K(157184K)->0K(152064K) From: 224K(512K)->272K(512K)
[14247.137s][info][gc,heap        ] GC(35760) ParOldGen: 392765K(393216K)->392781K(393216K)
[14247.137s][info][gc,metaspace   ] GC(35760) Metaspace: 8795K(9024K)->8795K(9024K) NonClass: 8143K(8320K)->8143K(8320K) Class: 652K(704K)->652K(704K)
[14247.137s][info][gc             ] GC(35760) Pause Young (Allocation Failure) 537M->383M(533M) 2.433ms
[14247.137s][info][gc,cpu         ] GC(35760) User=0.00s Sys=0.00s Real=0.00s
[14247.643s][info][gc,start       ] GC(35761) Pause Young (Allocation Failure)
[14247.646s][info][gc,heap        ] GC(35761) PSYoungGen: 152336K(152576K)->224K(147456K) Eden: 152064K(152064K)->0K(146944K) From: 272K(512K)->224K(512K)
[14247.646s][info][gc,heap        ] GC(35761) ParOldGen: 392781K(393216K)->392797K(393216K)
[14247.646s][info][gc,metaspace   ] GC(35761) Metaspace: 8795K(9024K)->8795K(9024K) NonClass: 8143K(8320K)->8143K(8320K) Class: 652K(704K)->652K(704K)
[14247.646s][info][gc             ] GC(35761) Pause Young (Allocation Failure) 532M->383M(528M) 2.545ms
[14247.646s][info][gc,cpu         ] GC(35761) User=0.00s Sys=0.00s Real=0.00s
[14248.106s][info][gc,start       ] GC(35762) Pause Young (Allocation Failure)
[14248.108s][info][gc,heap        ] GC(35762) PSYoungGen: 147168K(147456K)->256K(142848K) Eden: 146944K(146944K)->0K(142336K) From: 224K(512K)->256K(512K)
[14248.108s][info][gc,heap        ] GC(35762) ParOldGen: 392797K(393216K)->392813K(393216K)
[14248.108s][info][gc,metaspace   ] GC(35762) Metaspace: 8795K(9024K)->8795K(9024K) NonClass: 8143K(8320K)->8143K(8320K) Class: 652K(704K)->652K(704K)
[14248.108s][info][gc             ] GC(35762) Pause Young (Allocation Failure) 527M->383M(523M) 1.906ms
[14248.108s][info][gc,cpu         ] GC(35762) User=0.00s Sys=0.00s Real=0.00s
[14248.556s][info][gc,start       ] GC(35763) Pause Young (Allocation Failure)
[14248.557s][info][gc,heap        ] GC(35763) PSYoungGen: 142592K(142848K)->256K(138240K) Eden: 142336K(142336K)->0K(137728K) From: 256K(512K)->256K(512K)
[14248.557s][info][gc,heap        ] GC(35763) ParOldGen: 392813K(393216K)->392829K(393216K)
[14248.557s][info][gc,metaspace   ] GC(35763) Metaspace: 8795K(9024K)->8795K(9024K) NonClass: 8143K(8320K)->8143K(8320K) Class: 652K(704K)->652K(704K)
[14248.557s][info][gc             ] GC(35763) Pause Young (Allocation Failure) 522M->383M(519M) 1.309ms
[14248.557s][info][gc,cpu         ] GC(35763) User=0.01s Sys=0.00s Real=0.00s
[14248.988s][info][gc,start       ] GC(35764) Pause Young (Allocation Failure)
[14248.990s][info][gc,heap        ] GC(35764) PSYoungGen: 137984K(138240K)->256K(133632K) Eden: 137728K(137728K)->0K(133120K) From: 256K(512K)->256K(512K)
[14248.990s][info][gc,heap        ] GC(35764) ParOldGen: 392829K(393216K)->392845K(393216K)
[14248.990s][info][gc,metaspace   ] GC(35764) Metaspace: 8795K(9024K)->8795K(9024K) NonClass: 8143K(8320K)->8143K(8320K) Class: 652K(704K)->652K(704K)
[14248.990s][info][gc             ] GC(35764) Pause Young (Allocation Failure) 518M->383M(514M) 1.306ms
[14248.990s][info][gc,cpu         ] GC(35764) User=0.01s Sys=0.00s Real=0.00s
[14249.433s][info][gc,start       ] GC(35765) Pause Young (Allocation Failure)
[14249.435s][info][gc,heap        ] GC(35765) PSYoungGen: 133376K(133632K)->240K(129536K) Eden: 133120K(133120K)->0K(129024K) From: 256K(512K)->240K(512K)
[14249.435s][info][gc,heap        ] GC(35765) ParOldGen: 392845K(393216K)->392861K(393216K)
[14249.435s][info][gc,metaspace   ] GC(35765) Metaspace: 8795K(9024K)->8795K(9024K) NonClass: 8143K(8320K)->8143K(8320K) Class: 652K(704K)->652K(704K)
[14249.435s][info][gc             ] GC(35765) Pause Young (Allocation Failure) 513M->383M(510M) 1.336ms
[14249.435s][info][gc,cpu         ] GC(35765) User=0.01s Sys=0.00s Real=0.00s
[14249.863s][info][gc,start       ] GC(35766) Pause Young (Allocation Failure)
[14249.864s][info][gc,heap        ] GC(35766) PSYoungGen: 129264K(129536K)->256K(125440K) Eden: 129024K(129024K)->0K(124928K) From: 240K(512K)->256K(512K)
[14249.864s][info][gc,heap        ] GC(35766) ParOldGen: 392861K(393216K)->392877K(393216K)
[14249.864s][info][gc,metaspace   ] GC(35766) Metaspace: 8795K(9024K)->8795K(9024K) NonClass: 8143K(8320K)->8143K(8320K) Class: 652K(704K)->652K(704K)
[14249.864s][info][gc             ] GC(35766) Pause Young (Allocation Failure) 509M->383M(506M) 1.330ms
[14249.864s][info][gc,cpu         ] GC(35766) User=0.00s Sys=0.00s Real=0.00s
[14250.257s][info][gc,start       ] GC(35767) Pause Young (Allocation Failure)
[14250.258s][info][gc,heap        ] GC(35767) PSYoungGen: 125184K(125440K)->256K(121344K) Eden: 124928K(124928K)->0K(120832K) From: 256K(512K)->256K(512K)
[14250.259s][info][gc,heap        ] GC(35767) ParOldGen: 392877K(393216K)->392893K(393216K)
[14250.259s][info][gc,metaspace   ] GC(35767) Metaspace: 8795K(9024K)->8795K(9024K) NonClass: 8143K(8320K)->8143K(8320K) Class: 652K(704K)->652K(704K)
[14250.259s][info][gc             ] GC(35767) Pause Young (Allocation Failure) 505M->383M(502M) 1.545ms
[14250.259s][info][gc,cpu         ] GC(35767) User=0.01s Sys=0.00s Real=0.00s
[14250.671s][info][gc,start       ] GC(35768) Pause Young (Allocation Failure)
[14250.674s][info][gc,heap        ] GC(35768) PSYoungGen: 121088K(121344K)->208K(117760K) Eden: 120832K(120832K)->0K(117248K) From: 256K(512K)->208K(512K)
[14250.674s][info][gc,heap        ] GC(35768) ParOldGen: 392893K(393216K)->392901K(393216K)
[14250.674s][info][gc,metaspace   ] GC(35768) Metaspace: 8795K(9024K)->8795K(9024K) NonClass: 8143K(8320K)->8143K(8320K) Class: 652K(704K)->652K(704K)
[14250.674s][info][gc             ] GC(35768) Pause Young (Allocation Failure) 501M->383M(499M) 2.412ms
[14250.674s][info][gc,cpu         ] GC(35768) User=0.01s Sys=0.00s Real=0.00s
[14251.048s][info][gc,start       ] GC(35769) Pause Young (Allocation Failure)
[14251.051s][info][gc,heap        ] GC(35769) PSYoungGen: 117456K(117760K)->240K(114176K) Eden: 117248K(117248K)->0K(113664K) From: 208K(512K)->240K(512K)
[14251.051s][info][gc,heap        ] GC(35769) ParOldGen: 392901K(393216K)->392909K(393216K)
[14251.051s][info][gc,metaspace   ] GC(35769) Metaspace: 8795K(9024K)->8795K(9024K) NonClass: 8143K(8320K)->8143K(8320K) Class: 652K(704K)->652K(704K)
[14251.051s][info][gc             ] GC(35769) Pause Young (Allocation Failure) 498M->383M(495M) 2.453ms
[14251.051s][info][gc,cpu         ] GC(35769) User=0.00s Sys=0.00s Real=0.01s
[14251.434s][info][gc,start       ] GC(35770) Pause Young (Allocation Failure)
[14251.436s][info][gc,heap        ] GC(35770) PSYoungGen: 113904K(114176K)->240K(110592K) Eden: 113664K(113664K)->0K(110080K) From: 240K(512K)->240K(512K)
[14251.436s][info][gc,heap        ] GC(35770) ParOldGen: 392909K(393216K)->392917K(393216K)
[14251.436s][info][gc,metaspace   ] GC(35770) Metaspace: 8795K(9024K)->8795K(9024K) NonClass: 8143K(8320K)->8143K(8320K) Class: 652K(704K)->652K(704K)
[14251.436s][info][gc             ] GC(35770) Pause Young (Allocation Failure) 494M->383M(492M) 2.488ms
[14251.436s][info][gc,cpu         ] GC(35770) User=0.00s Sys=0.00s Real=0.00s
[14251.785s][info][gc,start       ] GC(35771) Pause Young (Allocation Failure)
[14251.788s][info][gc,heap        ] GC(35771) PSYoungGen: 110320K(110592K)->240K(107520K) Eden: 110080K(110080K)->0K(107008K) From: 240K(512K)->240K(512K)
[14251.788s][info][gc,heap        ] GC(35771) ParOldGen: 392917K(393216K)->392925K(393216K)
[14251.788s][info][gc,metaspace   ] GC(35771) Metaspace: 8795K(9024K)->8795K(9024K) NonClass: 8143K(8320K)->8143K(8320K) Class: 652K(704K)->652K(704K)
[14251.788s][info][gc             ] GC(35771) Pause Young (Allocation Failure) 491M->383M(489M) 2.448ms
[14251.788s][info][gc,cpu         ] GC(35771) User=0.00s Sys=0.00s Real=0.00s
[14252.113s][info][gc,start       ] GC(35772) Pause Young (Allocation Failure)
[14252.115s][info][gc,heap        ] GC(35772) PSYoungGen: 107248K(107520K)->256K(104448K) Eden: 107008K(107008K)->0K(103936K) From: 240K(512K)->256K(512K)
[14252.115s][info][gc,heap        ] GC(35772) ParOldGen: 392925K(393216K)->392933K(393216K)
[14252.115s][info][gc,metaspace   ] GC(35772) Metaspace: 8795K(9024K)->8795K(9024K) NonClass: 8143K(8320K)->8143K(8320K) Class: 652K(704K)->652K(704K)
[14252.115s][info][gc             ] GC(35772) Pause Young (Allocation Failure) 488M->383M(486M) 2.715ms
[14252.115s][info][gc,cpu         ] GC(35772) User=0.00s Sys=0.00s Real=0.00s
[14252.487s][info][gc,start       ] GC(35773) Pause Young (Allocation Failure)
[14252.489s][info][gc,heap        ] GC(35773) PSYoungGen: 104192K(104448K)->256K(101376K) Eden: 103936K(103936K)->0K(100864K) From: 256K(512K)->256K(512K)
[14252.489s][info][gc,heap        ] GC(35773) ParOldGen: 392933K(393216K)->392949K(393216K)
[14252.489s][info][gc,metaspace   ] GC(35773) Metaspace: 8795K(9024K)->8795K(9024K) NonClass: 8143K(8320K)->8143K(8320K) Class: 652K(704K)->652K(704K)
[14252.489s][info][gc             ] GC(35773) Pause Young (Allocation Failure) 485M->383M(483M) 1.928ms
[14252.489s][info][gc,cpu         ] GC(35773) User=0.00s Sys=0.00s Real=0.00s
[14252.799s][info][gc,start       ] GC(35774) Pause Young (Allocation Failure)
[14252.800s][info][gc,heap        ] GC(35774) PSYoungGen: 101120K(101376K)->256K(98304K) Eden: 100864K(100864K)->0K(97792K) From: 256K(512K)->256K(512K)
[14252.800s][info][gc,heap        ] GC(35774) ParOldGen: 392949K(393216K)->392965K(393216K)
[14252.800s][info][gc,metaspace   ] GC(35774) Metaspace: 8795K(9024K)->8795K(9024K) NonClass: 8143K(8320K)->8143K(8320K) Class: 652K(704K)->652K(704K)
[14252.800s][info][gc             ] GC(35774) Pause Young (Allocation Failure) 482M->384M(480M) 1.381ms
[14252.800s][info][gc,cpu         ] GC(35774) User=0.01s Sys=0.00s Real=0.00s
[14253.107s][info][gc,start       ] GC(35775) Pause Young (Allocation Failure)
[14253.109s][info][gc,heap        ] GC(35775) PSYoungGen: 98048K(98304K)->256K(95744K) Eden: 97792K(97792K)->0K(95232K) From: 256K(512K)->256K(512K)
[14253.109s][info][gc,heap        ] GC(35775) ParOldGen: 392965K(393216K)->392973K(393216K)
[14253.109s][info][gc,metaspace   ] GC(35775) Metaspace: 8795K(9024K)->8795K(9024K) NonClass: 8143K(8320K)->8143K(8320K) Class: 652K(704K)->652K(704K)
[14253.109s][info][gc             ] GC(35775) Pause Young (Allocation Failure) 479M->384M(477M) 2.461ms
[14253.109s][info][gc,cpu         ] GC(35775) User=0.01s Sys=0.00s Real=0.00s
[14253.410s][info][gc,start       ] GC(35776) Pause Young (Allocation Failure)
[14253.412s][info][gc,heap        ] GC(35776) PSYoungGen: 95488K(95744K)->240K(93184K) Eden: 95232K(95232K)->0K(92672K) From: 256K(512K)->240K(512K)
[14253.412s][info][gc,heap        ] GC(35776) ParOldGen: 392973K(393216K)->392989K(393216K)
[14253.412s][info][gc,metaspace   ] GC(35776) Metaspace: 8795K(9024K)->8795K(9024K) NonClass: 8143K(8320K)->8143K(8320K) Class: 652K(704K)->652K(704K)
[14253.412s][info][gc             ] GC(35776) Pause Young (Allocation Failure) 477M->384M(475M) 2.409ms
[14253.412s][info][gc,cpu         ] GC(35776) User=0.01s Sys=0.00s Real=0.01s
[14253.715s][info][gc,start       ] GC(35777) Pause Young (Allocation Failure)
[14253.718s][info][gc,heap        ] GC(35777) PSYoungGen: 92912K(93184K)->240K(90624K) Eden: 92672K(92672K)->0K(90112K) From: 240K(512K)->240K(512K)
[14253.718s][info][gc,heap        ] GC(35777) ParOldGen: 392989K(393216K)->393005K(393216K)
[14253.718s][info][gc,metaspace   ] GC(35777) Metaspace: 8795K(9024K)->8795K(9024K) NonClass: 8143K(8320K)->8143K(8320K) Class: 652K(704K)->652K(704K)
[14253.718s][info][gc             ] GC(35777) Pause Young (Allocation Failure) 474M->384M(472M) 2.549ms
[14253.718s][info][gc,cpu         ] GC(35777) User=0.00s Sys=0.00s Real=0.00s
[14253.998s][info][gc,start       ] GC(35778) Pause Young (Allocation Failure)
[14253.999s][info][gc,heap        ] GC(35778) PSYoungGen: 90352K(90624K)->256K(88064K) Eden: 90112K(90112K)->0K(87552K) From: 240K(512K)->256K(512K)
[14253.999s][info][gc,heap        ] GC(35778) ParOldGen: 393005K(393216K)->393013K(393216K)
[14254.000s][info][gc,metaspace   ] GC(35778) Metaspace: 8795K(9024K)->8795K(9024K) NonClass: 8143K(8320K)->8143K(8320K) Class: 652K(704K)->652K(704K)
[14254.000s][info][gc             ] GC(35778) Pause Young (Allocation Failure) 472M->384M(470M) 1.782ms
[14254.000s][info][gc,cpu         ] GC(35778) User=0.00s Sys=0.00s Real=0.00s
[14254.320s][info][gc,start       ] GC(35779) Pause Young (Allocation Failure)
[14254.322s][info][gc,heap        ] GC(35779) PSYoungGen: 87808K(88064K)->256K(202752K) Eden: 87552K(87552K)->0K(202240K) From: 256K(512K)->256K(512K)
[14254.322s][info][gc,heap        ] GC(35779) ParOldGen: 393013K(393216K)->393029K(393216K)
[14254.322s][info][gc,metaspace   ] GC(35779) Metaspace: 8795K(9024K)->8795K(9024K) NonClass: 8143K(8320K)->8143K(8320K) Class: 652K(704K)->652K(704K)
[14254.322s][info][gc             ] GC(35779) Pause Young (Allocation Failure) 469M->384M(582M) 1.368ms
[14254.322s][info][gc,cpu         ] GC(35779) User=0.00s Sys=0.00s Real=0.00s
[14254.977s][info][gc,start       ] GC(35780) Pause Young (Allocation Failure)
[14254.978s][info][gc,heap        ] GC(35780) PSYoungGen: 202496K(202752K)->256K(195584K) Eden: 202240K(202240K)->0K(195072K) From: 256K(512K)->256K(512K)
[14254.978s][info][gc,heap        ] GC(35780) ParOldGen: 393029K(393216K)->393045K(393216K)
[14254.978s][info][gc,metaspace   ] GC(35780) Metaspace: 8795K(9024K)->8795K(9024K) NonClass: 8143K(8320K)->8143K(8320K) Class: 652K(704K)->652K(704K)
[14254.978s][info][gc             ] GC(35780) Pause Young (Allocation Failure) 581M->384M(575M) 1.294ms
[14254.978s][info][gc,cpu         ] GC(35780) User=0.01s Sys=0.00s Real=0.00s
[14255.641s][info][gc,start       ] GC(35781) Pause Young (Allocation Failure)
[14255.643s][info][gc,heap        ] GC(35781) PSYoungGen: 195328K(195584K)->240K(188416K) Eden: 195072K(195072K)->0K(187904K) From: 256K(512K)->240K(512K)
[14255.643s][info][gc,heap        ] GC(35781) ParOldGen: 393045K(393216K)->393061K(393216K)
[14255.643s][info][gc,metaspace   ] GC(35781) Metaspace: 8795K(9024K)->8795K(9024K) NonClass: 8143K(8320K)->8143K(8320K) Class: 652K(704K)->652K(704K)
[14255.643s][info][gc             ] GC(35781) Pause Young (Allocation Failure) 574M->384M(568M) 1.357ms
[14255.643s][info][gc,cpu         ] GC(35781) User=0.00s Sys=0.00s Real=0.00s
[14256.259s][info][gc,start       ] GC(35782) Pause Young (Allocation Failure)
[14256.262s][info][gc,heap        ] GC(35782) PSYoungGen: 188144K(188416K)->224K(181760K) Eden: 187904K(187904K)->0K(181248K) From: 240K(512K)->224K(512K)
[14256.262s][info][gc,heap        ] GC(35782) ParOldGen: 393061K(393216K)->393069K(393216K)
[14256.262s][info][gc,metaspace   ] GC(35782) Metaspace: 8795K(9024K)->8795K(9024K) NonClass: 8143K(8320K)->8143K(8320K) Class: 652K(704K)->652K(704K)
[14256.262s][info][gc             ] GC(35782) Pause Young (Allocation Failure) 567M->384M(561M) 2.470ms
[14256.262s][info][gc,cpu         ] GC(35782) User=0.00s Sys=0.00s Real=0.01s
[14256.900s][info][gc,start       ] GC(35783) Pause Young (Allocation Failure)
[14256.901s][info][gc,heap        ] GC(35783) PSYoungGen: 181472K(181760K)->240K(175104K) Eden: 181248K(181248K)->0K(174592K) From: 224K(512K)->240K(512K)
[14256.901s][info][gc,heap        ] GC(35783) ParOldGen: 393069K(393216K)->393085K(393216K)
[14256.901s][info][gc,metaspace   ] GC(35783) Metaspace: 8795K(9024K)->8795K(9024K) NonClass: 8143K(8320K)->8143K(8320K) Class: 652K(704K)->652K(704K)
[14256.902s][info][gc             ] GC(35783) Pause Young (Allocation Failure) 561M->384M(555M) 1.336ms
[14256.902s][info][gc,cpu         ] GC(35783) User=0.00s Sys=0.00s Real=0.01s
[14257.488s][info][gc,start       ] GC(35784) Pause Young (Allocation Failure)
[14257.489s][info][gc,heap        ] GC(35784) PSYoungGen: 174832K(175104K)->272K(168960K) Eden: 174592K(174592K)->0K(168448K) From: 240K(512K)->272K(512K)
[14257.489s][info][gc,heap        ] GC(35784) ParOldGen: 393085K(393216K)->393101K(393216K)
[14257.489s][info][gc,metaspace   ] GC(35784) Metaspace: 8795K(9024K)->8795K(9024K) NonClass: 8143K(8320K)->8143K(8320K) Class: 652K(704K)->652K(704K)
[14257.489s][info][gc             ] GC(35784) Pause Young (Allocation Failure) 554M->384M(549M) 1.345ms
[14257.489s][info][gc,cpu         ] GC(35784) User=0.01s Sys=0.00s Real=0.00s
[14258.041s][info][gc,start       ] GC(35785) Pause Young (Allocation Failure)
[14258.042s][info][gc,heap        ] GC(35785) PSYoungGen: 168720K(168960K)->256K(163328K) Eden: 168448K(168448K)->0K(162816K) From: 272K(512K)->256K(512K)
[14258.042s][info][gc,heap        ] GC(35785) ParOldGen: 393101K(393216K)->393117K(393216K)
[14258.042s][info][gc,metaspace   ] GC(35785) Metaspace: 8795K(9024K)->8795K(9024K) NonClass: 8143K(8320K)->8143K(8320K) Class: 652K(704K)->652K(704K)
[14258.042s][info][gc             ] GC(35785) Pause Young (Allocation Failure) 548M->384M(543M) 1.356ms
[14258.042s][info][gc,cpu         ] GC(35785) User=0.01s Sys=0.00s Real=0.00s
[14258.565s][info][gc,start       ] GC(35786) Pause Young (Allocation Failure)
[14258.566s][info][gc,heap        ] GC(35786) PSYoungGen: 163072K(163328K)->256K(157696K) Eden: 162816K(162816K)->0K(157184K) From: 256K(512K)->256K(512K)
[14258.567s][info][gc,heap        ] GC(35786) ParOldGen: 393117K(393216K)->393133K(393216K)
[14258.567s][info][gc,metaspace   ] GC(35786) Metaspace: 8795K(9024K)->8795K(9024K) NonClass: 8143K(8320K)->8143K(8320K) Class: 652K(704K)->652K(704K)
[14258.567s][info][gc             ] GC(35786) Pause Young (Allocation Failure) 543M->384M(538M) 1.375ms
[14258.567s][info][gc,cpu         ] GC(35786) User=0.00s Sys=0.00s Real=0.00s
[14259.078s][info][gc,start       ] GC(35787) Pause Young (Allocation Failure)
[14259.080s][info][gc,heap        ] GC(35787) PSYoungGen: 157440K(157696K)->240K(152576K) Eden: 157184K(157184K)->0K(152064K) From: 256K(512K)->240K(512K)
[14259.080s][info][gc,heap        ] GC(35787) ParOldGen: 393133K(393216K)->393149K(393216K)
[14259.080s][info][gc,metaspace   ] GC(35787) Metaspace: 8795K(9024K)->8795K(9024K) NonClass: 8143K(8320K)->8143K(8320K) Class: 652K(704K)->652K(704K)
[14259.080s][info][gc             ] GC(35787) Pause Young (Allocation Failure) 537M->384M(533M) 1.407ms
[14259.080s][info][gc,cpu         ] GC(35787) User=0.00s Sys=0.00s Real=0.00s
[14259.581s][info][gc,start       ] GC(35788) Pause Young (Allocation Failure)
[14259.583s][info][gc,heap        ] GC(35788) PSYoungGen: 152304K(152576K)->240K(147456K) Eden: 152064K(152064K)->0K(146944K) From: 240K(512K)->240K(512K)
[14259.583s][info][gc,heap        ] GC(35788) ParOldGen: 393149K(393216K)->393165K(393216K)
[14259.583s][info][gc,metaspace   ] GC(35788) Metaspace: 8795K(9024K)->8795K(9024K) NonClass: 8143K(8320K)->8143K(8320K) Class: 652K(704K)->652K(704K)
[14259.583s][info][gc             ] GC(35788) Pause Young (Allocation Failure) 532M->384M(528M) 1.444ms
[14259.583s][info][gc,cpu         ] GC(35788) User=0.00s Sys=0.00s Real=0.00s
[14260.072s][info][gc,start       ] GC(35789) Pause Young (Allocation Failure)
[14260.074s][info][gc,heap        ] GC(35789) PSYoungGen: 147184K(147456K)->256K(142848K) Eden: 146944K(146944K)->0K(142336K) From: 240K(512K)->256K(512K)
[14260.074s][info][gc,heap        ] GC(35789) ParOldGen: 393165K(393216K)->393173K(393216K)
[14260.074s][info][gc,metaspace   ] GC(35789) Metaspace: 8795K(9024K)->8795K(9024K) NonClass: 8143K(8320K)->8143K(8320K) Class: 652K(704K)->652K(704K)
[14260.074s][info][gc             ] GC(35789) Pause Young (Allocation Failure) 527M->384M(523M) 2.585ms
[14260.074s][info][gc,cpu         ] GC(35789) User=0.00s Sys=0.00s Real=0.00s
[14260.525s][info][gc,start       ] GC(35790) Pause Young (Allocation Failure)
[14260.527s][info][gc,heap        ] GC(35790) PSYoungGen: 142592K(142848K)->240K(138240K) Eden: 142336K(142336K)->0K(137728K) From: 256K(512K)->240K(512K)
[14260.527s][info][gc,heap        ] GC(35790) ParOldGen: 393173K(393216K)->393189K(393216K)
[14260.527s][info][gc,metaspace   ] GC(35790) Metaspace: 8795K(9024K)->8795K(9024K) NonClass: 8143K(8320K)->8143K(8320K) Class: 652K(704K)->652K(704K)
[14260.527s][info][gc             ] GC(35790) Pause Young (Allocation Failure) 523M->384M(519M) 1.417ms
[14260.527s][info][gc,cpu         ] GC(35790) User=0.00s Sys=0.00s Real=0.00s
[14260.981s][info][gc,start       ] GC(35791) Pause Young (Allocation Failure)
[14260.982s][info][gc,heap        ] GC(35791) PSYoungGen: 137968K(138240K)->256K(133632K) Eden: 137728K(137728K)->0K(133120K) From: 240K(512K)->256K(512K)
[14260.983s][info][gc,heap        ] GC(35791) ParOldGen: 393189K(393216K)->393205K(393216K)
[14260.983s][info][gc,metaspace   ] GC(35791) Metaspace: 8795K(9024K)->8795K(9024K) NonClass: 8143K(8320K)->8143K(8320K) Class: 652K(704K)->652K(704K)
[14260.983s][info][gc             ] GC(35791) Pause Young (Allocation Failure) 518M->384M(514M) 1.374ms
[14260.983s][info][gc,cpu         ] GC(35791) User=0.00s Sys=0.00s Real=0.00s
[14261.424s][info][gc,start       ] GC(35792) Pause Young (Allocation Failure)
[14261.427s][info][gc,heap        ] GC(35792) PSYoungGen: 133376K(133632K)->240K(129536K) Eden: 133120K(133120K)->0K(129024K) From: 256K(512K)->240K(512K)
[14261.427s][info][gc,heap        ] GC(35792) ParOldGen: 393205K(393216K)->393213K(393216K)
[14261.427s][info][gc,metaspace   ] GC(35792) Metaspace: 8795K(9024K)->8795K(9024K) NonClass: 8143K(8320K)->8143K(8320K) Class: 652K(704K)->652K(704K)
[14261.427s][info][gc             ] GC(35792) Pause Young (Allocation Failure) 514M->384M(510M) 2.452ms
[14261.427s][info][gc,cpu         ] GC(35792) User=0.00s Sys=0.00s Real=0.00s
[14261.856s][info][gc,start       ] GC(35793) Pause Young (Allocation Failure)
[14261.858s][info][gc,heap        ] GC(35793) PSYoungGen: 129264K(129536K)->224K(125440K) Eden: 129024K(129024K)->0K(124928K) From: 240K(512K)->224K(512K)
[14261.858s][info][gc,heap        ] GC(35793) ParOldGen: 393213K(393216K)->393221K(393728K)
[14261.858s][info][gc,metaspace   ] GC(35793) Metaspace: 8795K(9024K)->8795K(9024K) NonClass: 8143K(8320K)->8143K(8320K) Class: 652K(704K)->652K(704K)
[14261.858s][info][gc             ] GC(35793) Pause Young (Allocation Failure) 510M->384M(507M) 2.510ms
[14261.858s][info][gc,cpu         ] GC(35793) User=0.00s Sys=0.00s Real=0.00s
[14262.281s][info][gc,start       ] GC(35794) Pause Young (Allocation Failure)
[14262.284s][info][gc,heap        ] GC(35794) PSYoungGen: 125152K(125440K)->288K(121344K) Eden: 124928K(124928K)->0K(120832K) From: 224K(512K)->288K(512K)
[14262.284s][info][gc,heap        ] GC(35794) ParOldGen: 393221K(393728K)->393237K(393728K)
[14262.284s][info][gc,metaspace   ] GC(35794) Metaspace: 8795K(9024K)->8795K(9024K) NonClass: 8143K(8320K)->8143K(8320K) Class: 652K(704K)->652K(704K)
[14262.284s][info][gc             ] GC(35794) Pause Young (Allocation Failure) 506M->384M(503M) 2.639ms
[14262.284s][info][gc,cpu         ] GC(35794) User=0.01s Sys=0.00s Real=0.00s
[14262.723s][info][gc,start       ] GC(35795) Pause Young (Allocation Failure)
[14262.725s][info][gc,heap        ] GC(35795) PSYoungGen: 121120K(121344K)->272K(117760K) Eden: 120832K(120832K)->0K(117248K) From: 288K(512K)->272K(512K)
[14262.725s][info][gc,heap        ] GC(35795) ParOldGen: 393237K(393728K)->393245K(393728K)
[14262.725s][info][gc,metaspace   ] GC(35795) Metaspace: 8795K(9024K)->8795K(9024K) NonClass: 8143K(8320K)->8143K(8320K) Class: 652K(704K)->652K(704K)
[14262.725s][info][gc             ] GC(35795) Pause Young (Allocation Failure) 502M->384M(499M) 1.825ms
[14262.725s][info][gc,cpu         ] GC(35795) User=0.00s Sys=0.01s Real=0.00s
[14263.130s][info][gc,start       ] GC(35796) Pause Young (Allocation Failure)
[14263.133s][info][gc,heap        ] GC(35796) PSYoungGen: 117520K(117760K)->224K(114176K) Eden: 117248K(117248K)->0K(113664K) From: 272K(512K)->224K(512K)
[14263.133s][info][gc,heap        ] GC(35796) ParOldGen: 393245K(393728K)->393261K(393728K)
[14263.133s][info][gc,metaspace   ] GC(35796) Metaspace: 8795K(9024K)->8795K(9024K) NonClass: 8143K(8320K)->8143K(8320K) Class: 652K(704K)->652K(704K)
[14263.133s][info][gc             ] GC(35796) Pause Young (Allocation Failure) 498M->384M(496M) 2.424ms
[14263.133s][info][gc,cpu         ] GC(35796) User=0.00s Sys=0.00s Real=0.00s
[14263.501s][info][gc,start       ] GC(35797) Pause Young (Allocation Failure)
[14263.503s][info][gc,heap        ] GC(35797) PSYoungGen: 113888K(114176K)->256K(110592K) Eden: 113664K(113664K)->0K(110080K) From: 224K(512K)->256K(512K)
[14263.503s][info][gc,heap        ] GC(35797) ParOldGen: 393261K(393728K)->393269K(393728K)
[14263.503s][info][gc,metaspace   ] GC(35797) Metaspace: 8795K(9024K)->8795K(9024K) NonClass: 8143K(8320K)->8143K(8320K) Class: 652K(704K)->652K(704K)
[14263.503s][info][gc             ] GC(35797) Pause Young (Allocation Failure) 495M->384M(492M) 2.405ms
[14263.503s][info][gc,cpu         ] GC(35797) User=0.01s Sys=0.00s Real=0.00s
[14263.877s][info][gc,start       ] GC(35798) Pause Young (Allocation Failure)
[14263.878s][info][gc,heap        ] GC(35798) PSYoungGen: 110336K(110592K)->240K(107520K) Eden: 110080K(110080K)->0K(107008K) From: 256K(512K)->240K(512K)
[14263.878s][info][gc,heap        ] GC(35798) ParOldGen: 393269K(393728K)->393285K(393728K)
[14263.878s][info][gc,metaspace   ] GC(35798) Metaspace: 8795K(9024K)->8795K(9024K) NonClass: 8143K(8320K)->8143K(8320K) Class: 652K(704K)->652K(704K)
[14263.878s][info][gc             ] GC(35798) Pause Young (Allocation Failure) 491M->384M(489M) 1.351ms
[14263.878s][info][gc,cpu         ] GC(35798) User=0.00s Sys=0.00s Real=0.00s
[14264.251s][info][gc,start       ] GC(35799) Pause Young (Allocation Failure)
[14264.252s][info][gc,heap        ] GC(35799) PSYoungGen: 107248K(107520K)->240K(104448K) Eden: 107008K(107008K)->0K(103936K) From: 240K(512K)->240K(512K)
[14264.252s][info][gc,heap        ] GC(35799) ParOldGen: 393285K(393728K)->393301K(393728K)
[14264.252s][info][gc,metaspace   ] GC(35799) Metaspace: 8795K(9024K)->8795K(9024K) NonClass: 8143K(8320K)->8143K(8320K) Class: 652K(704K)->652K(704K)
[14264.252s][info][gc             ] GC(35799) Pause Young (Allocation Failure) 488M->384M(486M) 1.351ms
[14264.252s][info][gc,cpu         ] GC(35799) User=0.00s Sys=0.00s Real=0.00s
[14264.627s][info][gc,start       ] GC(35800) Pause Young (Allocation Failure)
[14264.629s][info][gc,heap        ] GC(35800) PSYoungGen: 104175K(104448K)->256K(101376K) Eden: 103935K(103936K)->0K(100864K) From: 240K(512K)->256K(512K)
[14264.629s][info][gc,heap        ] GC(35800) ParOldGen: 393301K(393728K)->393317K(393728K)
[14264.629s][info][gc,metaspace   ] GC(35800) Metaspace: 8795K(9024K)->8795K(9024K) NonClass: 8143K(8320K)->8143K(8320K) Class: 652K(704K)->652K(704K)
[14264.629s][info][gc             ] GC(35800) Pause Young (Allocation Failure) 485M->384M(483M) 1.819ms
[14264.629s][info][gc,cpu         ] GC(35800) User=0.00s Sys=0.00s Real=0.00s
[14264.995s][info][gc,start       ] GC(35801) Pause Young (Allocation Failure)
[14264.996s][info][gc,heap        ] GC(35801) PSYoungGen: 101120K(101376K)->240K(98304K) Eden: 100864K(100864K)->0K(97792K) From: 256K(512K)->240K(512K)
[14264.996s][info][gc,heap        ] GC(35801) ParOldGen: 393317K(393728K)->393333K(393728K)
[14264.996s][info][gc,metaspace   ] GC(35801) Metaspace: 8795K(9024K)->8795K(9024K) NonClass: 8143K(8320K)->8143K(8320K) Class: 652K(704K)->652K(704K)
[14264.996s][info][gc             ] GC(35801) Pause Young (Allocation Failure) 482M->384M(480M) 1.367ms
[14264.996s][info][gc,cpu         ] GC(35801) User=0.00s Sys=0.00s Real=0.00s
[14265.329s][info][gc,start       ] GC(35802) Pause Young (Allocation Failure)
[14265.331s][info][gc,heap        ] GC(35802) PSYoungGen: 98032K(98304K)->240K(95744K) Eden: 97792K(97792K)->0K(95232K) From: 240K(512K)->240K(512K)
[14265.331s][info][gc,heap        ] GC(35802) ParOldGen: 393333K(393728K)->393341K(393728K)
[14265.331s][info][gc,metaspace   ] GC(35802) Metaspace: 8795K(9024K)->8795K(9024K) NonClass: 8143K(8320K)->8143K(8320K) Class: 652K(704K)->652K(704K)
[14265.331s][info][gc             ] GC(35802) Pause Young (Allocation Failure) 479M->384M(478M) 2.443ms
[14265.331s][info][gc,cpu         ] GC(35802) User=0.00s Sys=0.00s Real=0.01s
[14265.650s][info][gc,start       ] GC(35803) Pause Young (Allocation Failure)
[14265.652s][info][gc,heap        ] GC(35803) PSYoungGen: 95472K(95744K)->224K(93184K) Eden: 95232K(95232K)->0K(92672K) From: 240K(512K)->224K(512K)
[14265.652s][info][gc,heap        ] GC(35803) ParOldGen: 393341K(393728K)->393349K(393728K)
[14265.652s][info][gc,metaspace   ] GC(35803) Metaspace: 8795K(9024K)->8795K(9024K) NonClass: 8143K(8320K)->8143K(8320K) Class: 652K(704K)->652K(704K)
[14265.652s][info][gc             ] GC(35803) Pause Young (Allocation Failure) 477M->384M(475M) 2.337ms
[14265.652s][info][gc,cpu         ] GC(35803) User=0.00s Sys=0.00s Real=0.01s
[14265.969s][info][gc,start       ] GC(35804) Pause Young (Allocation Failure)
[14265.970s][info][gc,heap        ] GC(35804) PSYoungGen: 92896K(93184K)->144K(90624K) Eden: 92672K(92672K)->0K(90112K) From: 224K(512K)->144K(512K)
[14265.970s][info][gc,heap        ] GC(35804) ParOldGen: 393349K(393728K)->393357K(393728K)
[14265.970s][info][gc,metaspace   ] GC(35804) Metaspace: 8795K(9024K)->8795K(9024K) NonClass: 8143K(8320K)->8143K(8320K) Class: 652K(704K)->652K(704K)
[14265.970s][info][gc             ] GC(35804) Pause Young (Allocation Failure) 474M->384M(473M) 1.310ms
[14265.970s][info][gc,cpu         ] GC(35804) User=0.01s Sys=0.00s Real=0.00s
[14266.254s][info][gc,start       ] GC(35805) Pause Young (Allocation Failure)
[14266.257s][info][gc,heap        ] GC(35805) PSYoungGen: 90256K(90624K)->224K(88064K) Eden: 90112K(90112K)->0K(87552K) From: 144K(512K)->224K(512K)
[14266.257s][info][gc,heap        ] GC(35805) ParOldGen: 393357K(393728K)->393373K(393728K)
[14266.257s][info][gc,metaspace   ] GC(35805) Metaspace: 8795K(9024K)->8795K(9024K) NonClass: 8143K(8320K)->8143K(8320K) Class: 652K(704K)->652K(704K)
[14266.257s][info][gc             ] GC(35805) Pause Young (Allocation Failure) 472M->384M(470M) 2.372ms
[14266.257s][info][gc,cpu         ] GC(35805) User=0.00s Sys=0.00s Real=0.00s
[14266.545s][info][gc,start       ] GC(35806) Pause Young (Allocation Failure)
[14266.548s][info][gc,heap        ] GC(35806) PSYoungGen: 87776K(88064K)->224K(202752K) Eden: 87552K(87552K)->0K(202240K) From: 224K(512K)->224K(512K)
[14266.548s][info][gc,heap        ] GC(35806) ParOldGen: 393373K(393728K)->393381K(393728K)
[14266.548s][info][gc,metaspace   ] GC(35806) Metaspace: 8795K(9024K)->8795K(9024K) NonClass: 8143K(8320K)->8143K(8320K) Class: 652K(704K)->652K(704K)
[14266.548s][info][gc             ] GC(35806) Pause Young (Allocation Failure) 469M->384M(582M) 2.425ms
[14266.548s][info][gc,cpu         ] GC(35806) User=0.00s Sys=0.00s Real=0.00s
[14267.225s][info][gc,start       ] GC(35807) Pause Young (Allocation Failure)
[14267.226s][info][gc,heap        ] GC(35807) PSYoungGen: 202464K(202752K)->240K(195584K) Eden: 202240K(202240K)->0K(195072K) From: 224K(512K)->240K(512K)
[14267.226s][info][gc,heap        ] GC(35807) ParOldGen: 393381K(393728K)->393397K(393728K)
[14267.226s][info][gc,metaspace   ] GC(35807) Metaspace: 8795K(9024K)->8795K(9024K) NonClass: 8143K(8320K)->8143K(8320K) Class: 652K(704K)->652K(704K)
[14267.226s][info][gc             ] GC(35807) Pause Young (Allocation Failure) 581M->384M(575M) 1.462ms
[14267.226s][info][gc,cpu         ] GC(35807) User=0.01s Sys=0.00s Real=0.00s
[14267.895s][info][gc,start       ] GC(35808) Pause Young (Allocation Failure)
[14267.896s][info][gc,heap        ] GC(35808) PSYoungGen: 195312K(195584K)->256K(188416K) Eden: 195072K(195072K)->0K(187904K) From: 240K(512K)->256K(512K)
[14267.897s][info][gc,heap        ] GC(35808) ParOldGen: 393397K(393728K)->393413K(393728K)
[14267.897s][info][gc,metaspace   ] GC(35808) Metaspace: 8795K(9024K)->8795K(9024K) NonClass: 8143K(8320K)->8143K(8320K) Class: 652K(704K)->652K(704K)
[14267.897s][info][gc             ] GC(35808) Pause Young (Allocation Failure) 574M->384M(568M) 1.706ms
[14267.897s][info][gc,cpu         ] GC(35808) User=0.00s Sys=0.00s Real=0.00s
[14268.535s][info][gc,start       ] GC(35809) Pause Young (Allocation Failure)
[14268.536s][info][gc,heap        ] GC(35809) PSYoungGen: 188160K(188416K)->256K(181760K) Eden: 187904K(187904K)->0K(181248K) From: 256K(512K)->256K(512K)
[14268.536s][info][gc,heap        ] GC(35809) ParOldGen: 393413K(393728K)->393429K(393728K)
[14268.536s][info][gc,metaspace   ] GC(35809) Metaspace: 8795K(9024K)->8795K(9024K) NonClass: 8143K(8320K)->8143K(8320K) Class: 652K(704K)->652K(704K)
[14268.536s][info][gc             ] GC(35809) Pause Young (Allocation Failure) 567M->384M(562M) 1.337ms
[14268.536s][info][gc,cpu         ] GC(35809) User=0.00s Sys=0.00s Real=0.00s
[14269.144s][info][gc,start       ] GC(35810) Pause Young (Allocation Failure)
[14269.145s][info][gc,heap        ] GC(35810) PSYoungGen: 181504K(181760K)->256K(175104K) Eden: 181248K(181248K)->0K(174592K) From: 256K(512K)->256K(512K)
[14269.145s][info][gc,heap        ] GC(35810) ParOldGen: 393429K(393728K)->393445K(393728K)
[14269.145s][info][gc,metaspace   ] GC(35810) Metaspace: 8795K(9024K)->8795K(9024K) NonClass: 8143K(8320K)->8143K(8320K) Class: 652K(704K)->652K(704K)
[14269.145s][info][gc             ] GC(35810) Pause Young (Allocation Failure) 561M->384M(555M) 1.283ms
[14269.145s][info][gc,cpu         ] GC(35810) User=0.00s Sys=0.00s Real=0.00s
[14269.700s][info][gc,start       ] GC(35811) Pause Young (Allocation Failure)
[14269.701s][info][gc,heap        ] GC(35811) PSYoungGen: 174848K(175104K)->224K(168960K) Eden: 174592K(174592K)->0K(168448K) From: 256K(512K)->224K(512K)
[14269.701s][info][gc,heap        ] GC(35811) ParOldGen: 393445K(393728K)->393461K(393728K)
[14269.701s][info][gc,metaspace   ] GC(35811) Metaspace: 8795K(9024K)->8795K(9024K) NonClass: 8143K(8320K)->8143K(8320K) Class: 652K(704K)->652K(704K)
[14269.701s][info][gc             ] GC(35811) Pause Young (Allocation Failure) 554M->384M(549M) 1.327ms
[14269.701s][info][gc,cpu         ] GC(35811) User=0.00s Sys=0.00s Real=0.01s
[14270.246s][info][gc,start       ] GC(35812) Pause Young (Allocation Failure)
[14270.249s][info][gc,heap        ] GC(35812) PSYoungGen: 168672K(168960K)->272K(163328K) Eden: 168448K(168448K)->0K(162816K) From: 224K(512K)->272K(512K)
[14270.249s][info][gc,heap        ] GC(35812) ParOldGen: 393461K(393728K)->393469K(393728K)
[14270.249s][info][gc,metaspace   ] GC(35812) Metaspace: 8795K(9024K)->8795K(9024K) NonClass: 8143K(8320K)->8143K(8320K) Class: 652K(704K)->652K(704K)
[14270.249s][info][gc             ] GC(35812) Pause Young (Allocation Failure) 548M->384M(544M) 2.569ms
[14270.249s][info][gc,cpu         ] GC(35812) User=0.00s Sys=0.00s Real=0.00s
[14270.773s][info][gc,start       ] GC(35813) Pause Young (Allocation Failure)
[14270.774s][info][gc,heap        ] GC(35813) PSYoungGen: 163088K(163328K)->272K(157696K) Eden: 162816K(162816K)->0K(157184K) From: 272K(512K)->272K(512K)
[14270.774s][info][gc,heap        ] GC(35813) ParOldGen: 393469K(393728K)->393485K(393728K)
[14270.774s][info][gc,metaspace   ] GC(35813) Metaspace: 8795K(9024K)->8795K(9024K) NonClass: 8143K(8320K)->8143K(8320K) Class: 652K(704K)->652K(704K)
[14270.774s][info][gc             ] GC(35813) Pause Young (Allocation Failure) 543M->384M(538M) 1.342ms
[14270.774s][info][gc,cpu         ] GC(35813) User=0.01s Sys=0.00s Real=0.00s
[14271.282s][info][gc,start       ] GC(35814) Pause Young (Allocation Failure)
[14271.285s][info][gc,heap        ] GC(35814) PSYoungGen: 157456K(157696K)->240K(152576K) Eden: 157184K(157184K)->0K(152064K) From: 272K(512K)->240K(512K)
[14271.285s][info][gc,heap        ] GC(35814) ParOldGen: 393485K(393728K)->393493K(393728K)
[14271.285s][info][gc,metaspace   ] GC(35814) Metaspace: 8795K(9024K)->8795K(9024K) NonClass: 8143K(8320K)->8143K(8320K) Class: 652K(704K)->652K(704K)
[14271.285s][info][gc             ] GC(35814) Pause Young (Allocation Failure) 538M->384M(533M) 2.354ms
[14271.285s][info][gc,cpu         ] GC(35814) User=0.01s Sys=0.00s Real=0.00s
[14271.766s][info][gc,start       ] GC(35815) Pause Young (Allocation Failure)
[14271.769s][info][gc,heap        ] GC(35815) PSYoungGen: 152304K(152576K)->224K(147456K) Eden: 152064K(152064K)->0K(146944K) From: 240K(512K)->224K(512K)
[14271.769s][info][gc,heap        ] GC(35815) ParOldGen: 393493K(393728K)->393509K(393728K)
[14271.769s][info][gc,metaspace   ] GC(35815) Metaspace: 8795K(9024K)->8795K(9024K) NonClass: 8143K(8320K)->8143K(8320K) Class: 652K(704K)->652K(704K)
[14271.769s][info][gc             ] GC(35815) Pause Young (Allocation Failure) 533M->384M(528M) 2.516ms
[14271.769s][info][gc,cpu         ] GC(35815) User=0.00s Sys=0.00s Real=0.00s
[14272.247s][info][gc,start       ] GC(35816) Pause Young (Allocation Failure)
[14272.248s][info][gc,heap        ] GC(35816) PSYoungGen: 147168K(147456K)->256K(142848K) Eden: 146944K(146944K)->0K(142336K) From: 224K(512K)->256K(512K)
[14272.248s][info][gc,heap        ] GC(35816) ParOldGen: 393509K(393728K)->393525K(393728K)
[14272.248s][info][gc,metaspace   ] GC(35816) Metaspace: 8795K(9024K)->8795K(9024K) NonClass: 8143K(8320K)->8143K(8320K) Class: 652K(704K)->652K(704K)
[14272.248s][info][gc             ] GC(35816) Pause Young (Allocation Failure) 528M->384M(524M) 1.324ms
[14272.248s][info][gc,cpu         ] GC(35816) User=0.00s Sys=0.00s Real=0.00s
[14272.731s][info][gc,start       ] GC(35817) Pause Young (Allocation Failure)
[14272.732s][info][gc,heap        ] GC(35817) PSYoungGen: 142592K(142848K)->256K(138240K) Eden: 142336K(142336K)->0K(137728K) From: 256K(512K)->256K(512K)
[14272.732s][info][gc,heap        ] GC(35817) ParOldGen: 393525K(393728K)->393541K(393728K)
[14272.732s][info][gc,metaspace   ] GC(35817) Metaspace: 8795K(9024K)->8795K(9024K) NonClass: 8143K(8320K)->8143K(8320K) Class: 652K(704K)->652K(704K)
[14272.732s][info][gc             ] GC(35817) Pause Young (Allocation Failure) 523M->384M(519M) 1.329ms
[14272.732s][info][gc,cpu         ] GC(35817) User=0.01s Sys=0.00s Real=0.00s
[14273.171s][info][gc,start       ] GC(35818) Pause Young (Allocation Failure)
[14273.173s][info][gc,heap        ] GC(35818) PSYoungGen: 137984K(138240K)->240K(133632K) Eden: 137728K(137728K)->0K(133120K) From: 256K(512K)->240K(512K)
[14273.173s][info][gc,heap        ] GC(35818) ParOldGen: 393541K(393728K)->393557K(393728K)
[14273.173s][info][gc,metaspace   ] GC(35818) Metaspace: 8795K(9024K)->8795K(9024K) NonClass: 8143K(8320K)->8143K(8320K) Class: 652K(704K)->652K(704K)
[14273.173s][info][gc             ] GC(35818) Pause Young (Allocation Failure) 519M->384M(515M) 1.375ms
[14273.173s][info][gc,cpu         ] GC(35818) User=0.00s Sys=0.00s Real=0.00s
[14273.586s][info][gc,start       ] GC(35819) Pause Young (Allocation Failure)
[14273.587s][info][gc,heap        ] GC(35819) PSYoungGen: 133360K(133632K)->240K(129536K) Eden: 133120K(133120K)->0K(129024K) From: 240K(512K)->240K(512K)
[14273.587s][info][gc,heap        ] GC(35819) ParOldGen: 393557K(393728K)->393573K(393728K)
[14273.587s][info][gc,metaspace   ] GC(35819) Metaspace: 8795K(9024K)->8795K(9024K) NonClass: 8143K(8320K)->8143K(8320K) Class: 652K(704K)->652K(704K)
[14273.587s][info][gc             ] GC(35819) Pause Young (Allocation Failure) 514M->384M(511M) 1.288ms
[14273.587s][info][gc,cpu         ] GC(35819) User=0.00s Sys=0.00s Real=0.00s
[14274.012s][info][gc,start       ] GC(35820) Pause Young (Allocation Failure)
[14274.013s][info][gc,heap        ] GC(35820) PSYoungGen: 129264K(129536K)->256K(125440K) Eden: 129024K(129024K)->0K(124928K) From: 240K(512K)->256K(512K)
[14274.013s][info][gc,heap        ] GC(35820) ParOldGen: 393573K(393728K)->393589K(393728K)
[14274.013s][info][gc,metaspace   ] GC(35820) Metaspace: 8795K(9024K)->8795K(9024K) NonClass: 8143K(8320K)->8143K(8320K) Class: 652K(704K)->652K(704K)
[14274.013s][info][gc             ] GC(35820) Pause Young (Allocation Failure) 510M->384M(507M) 1.303ms
[14274.013s][info][gc,cpu         ] GC(35820) User=0.00s Sys=0.00s Real=0.00s
[14274.404s][info][gc,start       ] GC(35821) Pause Young (Allocation Failure)
[14274.406s][info][gc,heap        ] GC(35821) PSYoungGen: 125184K(125440K)->256K(121344K) Eden: 124928K(124928K)->0K(120832K) From: 256K(512K)->256K(512K)
[14274.406s][info][gc,heap        ] GC(35821) ParOldGen: 393589K(393728K)->393605K(393728K)
[14274.406s][info][gc,metaspace   ] GC(35821) Metaspace: 8795K(9024K)->8795K(9024K) NonClass: 8143K(8320K)->8143K(8320K) Class: 652K(704K)->652K(704K)
[14274.406s][info][gc             ] GC(35821) Pause Young (Allocation Failure) 506M->384M(503M) 1.338ms
[14274.406s][info][gc,cpu         ] GC(35821) User=0.01s Sys=0.00s Real=0.00s
[14274.814s][info][gc,start       ] GC(35822) Pause Young (Allocation Failure)
[14274.816s][info][gc,heap        ] GC(35822) PSYoungGen: 121088K(121344K)->256K(117760K) Eden: 120832K(120832K)->0K(117248K) From: 256K(512K)->256K(512K)
[14274.816s][info][gc,heap        ] GC(35822) ParOldGen: 393605K(393728K)->393621K(393728K)
[14274.816s][info][gc,metaspace   ] GC(35822) Metaspace: 8795K(9024K)->8795K(9024K) NonClass: 8143K(8320K)->8143K(8320K) Class: 652K(704K)->652K(704K)
[14274.816s][info][gc             ] GC(35822) Pause Young (Allocation Failure) 502M->384M(499M) 1.338ms
[14274.816s][info][gc,cpu         ] GC(35822) User=0.01s Sys=0.00s Real=0.00s
[14275.202s][info][gc,start       ] GC(35823) Pause Young (Allocation Failure)
[14275.203s][info][gc,heap        ] GC(35823) PSYoungGen: 117504K(117760K)->272K(114176K) Eden: 117248K(117248K)->0K(113664K) From: 256K(512K)->272K(512K)
[14275.203s][info][gc,heap        ] GC(35823) ParOldGen: 393621K(393728K)->393637K(393728K)
[14275.203s][info][gc,metaspace   ] GC(35823) Metaspace: 8795K(9024K)->8795K(9024K) NonClass: 8143K(8320K)->8143K(8320K) Class: 652K(704K)->652K(704K)
[14275.203s][info][gc             ] GC(35823) Pause Young (Allocation Failure) 499M->384M(496M) 1.327ms
[14275.203s][info][gc,cpu         ] GC(35823) User=0.01s Sys=0.00s Real=0.00s
[14275.586s][info][gc,start       ] GC(35824) Pause Young (Allocation Failure)
[14275.587s][info][gc,heap        ] GC(35824) PSYoungGen: 113936K(114176K)->240K(110592K) Eden: 113664K(113664K)->0K(110080K) From: 272K(512K)->240K(512K)
[14275.587s][info][gc,heap        ] GC(35824) ParOldGen: 393637K(393728K)->393653K(393728K)
[14275.587s][info][gc,metaspace   ] GC(35824) Metaspace: 8795K(9024K)->8795K(9024K) NonClass: 8143K(8320K)->8143K(8320K) Class: 652K(704K)->652K(704K)
[14275.587s][info][gc             ] GC(35824) Pause Young (Allocation Failure) 495M->384M(492M) 1.374ms
[14275.587s][info][gc,cpu         ] GC(35824) User=0.00s Sys=0.00s Real=0.00s
[14275.965s][info][gc,start       ] GC(35825) Pause Young (Allocation Failure)
[14275.966s][info][gc,heap        ] GC(35825) PSYoungGen: 110320K(110592K)->256K(107520K) Eden: 110080K(110080K)->0K(107008K) From: 240K(512K)->256K(512K)
[14275.966s][info][gc,heap        ] GC(35825) ParOldGen: 393653K(393728K)->393669K(393728K)
[14275.966s][info][gc,metaspace   ] GC(35825) Metaspace: 8795K(9024K)->8795K(9024K) NonClass: 8143K(8320K)->8143K(8320K) Class: 652K(704K)->652K(704K)
[14275.966s][info][gc             ] GC(35825) Pause Young (Allocation Failure) 492M->384M(489M) 1.338ms
[14275.966s][info][gc,cpu         ] GC(35825) User=0.01s Sys=0.00s Real=0.00s
[14276.329s][info][gc,start       ] GC(35826) Pause Young (Allocation Failure)
[14276.330s][info][gc,heap        ] GC(35826) PSYoungGen: 107264K(107520K)->256K(104448K) Eden: 107008K(107008K)->0K(103936K) From: 256K(512K)->256K(512K)
[14276.330s][info][gc,heap        ] GC(35826) ParOldGen: 393669K(393728K)->393685K(393728K)
[14276.330s][info][gc,metaspace   ] GC(35826) Metaspace: 8795K(9024K)->8795K(9024K) NonClass: 8143K(8320K)->8143K(8320K) Class: 652K(704K)->652K(704K)
[14276.330s][info][gc             ] GC(35826) Pause Young (Allocation Failure) 489M->384M(486M) 1.299ms
[14276.330s][info][gc,cpu         ] GC(35826) User=0.00s Sys=0.01s Real=0.01s
[14276.657s][info][gc,start       ] GC(35827) Pause Young (Allocation Failure)
[14276.659s][info][gc,heap        ] GC(35827) PSYoungGen: 104192K(104448K)->224K(101376K) Eden: 103936K(103936K)->0K(100864K) From: 256K(512K)->224K(512K)
[14276.659s][info][gc,heap        ] GC(35827) ParOldGen: 393685K(393728K)->393701K(393728K)
[14276.659s][info][gc,metaspace   ] GC(35827) Metaspace: 8795K(9024K)->8795K(9024K) NonClass: 8143K(8320K)->8143K(8320K) Class: 652K(704K)->652K(704K)
[14276.659s][info][gc             ] GC(35827) Pause Young (Allocation Failure) 486M->384M(483M) 1.313ms
[14276.659s][info][gc,cpu         ] GC(35827) User=0.01s Sys=0.00s Real=0.00s
[14276.997s][info][gc,start       ] GC(35828) Pause Young (Allocation Failure)
[14276.998s][info][gc,heap        ] GC(35828) PSYoungGen: 101088K(101376K)->256K(98304K) Eden: 100864K(100864K)->0K(97792K) From: 224K(512K)->256K(512K)
[14276.998s][info][gc,heap        ] GC(35828) ParOldGen: 393701K(393728K)->393717K(393728K)
[14276.998s][info][gc,metaspace   ] GC(35828) Metaspace: 8795K(9024K)->8795K(9024K) NonClass: 8143K(8320K)->8143K(8320K) Class: 652K(704K)->652K(704K)
[14276.998s][info][gc             ] GC(35828) Pause Young (Allocation Failure) 483M->384M(480M) 1.323ms
[14276.998s][info][gc,cpu         ] GC(35828) User=0.00s Sys=0.00s Real=0.00s
[14277.316s][info][gc,start       ] GC(35829) Pause Young (Allocation Failure)
[14277.318s][info][gc,heap        ] GC(35829) PSYoungGen: 98048K(98304K)->272K(95744K) Eden: 97792K(97792K)->0K(95232K) From: 256K(512K)->272K(512K)
[14277.318s][info][gc,heap        ] GC(35829) ParOldGen: 393717K(393728K)->393733K(394240K)
[14277.318s][info][gc,metaspace   ] GC(35829) Metaspace: 8795K(9024K)->8795K(9024K) NonClass: 8143K(8320K)->8143K(8320K) Class: 652K(704K)->652K(704K)
[14277.318s][info][gc             ] GC(35829) Pause Young (Allocation Failure) 480M->384M(478M) 1.399ms
[14277.318s][info][gc,cpu         ] GC(35829) User=0.00s Sys=0.00s Real=0.00s
[14277.633s][info][gc,start       ] GC(35830) Pause Young (Allocation Failure)
[14277.634s][info][gc,heap        ] GC(35830) PSYoungGen: 95504K(95744K)->144K(93184K) Eden: 95232K(95232K)->0K(92672K) From: 272K(512K)->144K(512K)
[14277.634s][info][gc,heap        ] GC(35830) ParOldGen: 393733K(394240K)->393741K(394240K)
[14277.634s][info][gc,metaspace   ] GC(35830) Metaspace: 8795K(9024K)->8795K(9024K) NonClass: 8143K(8320K)->8143K(8320K) Class: 652K(704K)->652K(704K)
[14277.634s][info][gc             ] GC(35830) Pause Young (Allocation Failure) 477M->384M(476M) 1.330ms
[14277.634s][info][gc,cpu         ] GC(35830) User=0.00s Sys=0.00s Real=0.00s
[14277.927s][info][gc,start       ] GC(35831) Pause Young (Allocation Failure)
[14277.928s][info][gc,heap        ] GC(35831) PSYoungGen: 92816K(93184K)->224K(90624K) Eden: 92672K(92672K)->0K(90112K) From: 144K(512K)->224K(512K)
[14277.928s][info][gc,heap        ] GC(35831) ParOldGen: 393741K(394240K)->393757K(394240K)
[14277.928s][info][gc,metaspace   ] GC(35831) Metaspace: 8795K(9024K)->8795K(9024K) NonClass: 8143K(8320K)->8143K(8320K) Class: 652K(704K)->652K(704K)
[14277.928s][info][gc             ] GC(35831) Pause Young (Allocation Failure) 475M->384M(473M) 1.329ms
[14277.928s][info][gc,cpu         ] GC(35831) User=0.01s Sys=0.00s Real=0.00s
[14278.209s][info][gc,start       ] GC(35832) Pause Young (Allocation Failure)
[14278.210s][info][gc,heap        ] GC(35832) PSYoungGen: 90336K(90624K)->160K(88064K) Eden: 90112K(90112K)->0K(87552K) From: 224K(512K)->160K(512K)
[14278.210s][info][gc,heap        ] GC(35832) ParOldGen: 393757K(394240K)->393765K(394240K)
[14278.210s][info][gc,metaspace   ] GC(35832) Metaspace: 8795K(9024K)->8795K(9024K) NonClass: 8143K(8320K)->8143K(8320K) Class: 652K(704K)->652K(704K)
[14278.210s][info][gc             ] GC(35832) Pause Young (Allocation Failure) 472M->384M(471M) 1.217ms
[14278.210s][info][gc,cpu         ] GC(35832) User=0.00s Sys=0.00s Real=0.00s
[14278.498s][info][gc,start       ] GC(35833) Pause Young (Allocation Failure)
[14278.499s][info][gc,heap        ] GC(35833) PSYoungGen: 87712K(88064K)->240K(202752K) Eden: 87552K(87552K)->0K(202240K) From: 160K(512K)->240K(512K)
[14278.499s][info][gc,heap        ] GC(35833) ParOldGen: 393765K(394240K)->393781K(394240K)
[14278.499s][info][gc,metaspace   ] GC(35833) Metaspace: 8795K(9024K)->8795K(9024K) NonClass: 8143K(8320K)->8143K(8320K) Class: 652K(704K)->652K(704K)
[14278.499s][info][gc             ] GC(35833) Pause Young (Allocation Failure) 470M->384M(583M) 1.273ms
[14278.499s][info][gc,cpu         ] GC(35833) User=0.00s Sys=0.00s Real=0.00s
[14279.199s][info][gc,start       ] GC(35834) Pause Young (Allocation Failure)
[14279.200s][info][gc,heap        ] GC(35834) PSYoungGen: 202480K(202752K)->256K(195584K) Eden: 202240K(202240K)->0K(195072K) From: 240K(512K)->256K(512K)
[14279.201s][info][gc,heap        ] GC(35834) ParOldGen: 393781K(394240K)->393797K(394240K)
[14279.201s][info][gc,metaspace   ] GC(35834) Metaspace: 8795K(9024K)->8795K(9024K) NonClass: 8143K(8320K)->8143K(8320K) Class: 652K(704K)->652K(704K)
[14279.201s][info][gc             ] GC(35834) Pause Young (Allocation Failure) 582M->384M(576M) 1.344ms
[14279.201s][info][gc,cpu         ] GC(35834) User=0.00s Sys=0.00s Real=0.01s
[14279.849s][info][gc,start       ] GC(35835) Pause Young (Allocation Failure)
[14279.850s][info][gc,heap        ] GC(35835) PSYoungGen: 195328K(195584K)->240K(188416K) Eden: 195072K(195072K)->0K(187904K) From: 256K(512K)->240K(512K)
[14279.850s][info][gc,heap        ] GC(35835) ParOldGen: 393797K(394240K)->393813K(394240K)
[14279.850s][info][gc,metaspace   ] GC(35835) Metaspace: 8795K(9024K)->8795K(9024K) NonClass: 8143K(8320K)->8143K(8320K) Class: 652K(704K)->652K(704K)
[14279.850s][info][gc             ] GC(35835) Pause Young (Allocation Failure) 575M->384M(569M) 1.315ms
[14279.850s][info][gc,cpu         ] GC(35835) User=0.00s Sys=0.00s Real=0.00s
[14280.436s][info][gc,start       ] GC(35836) Pause Young (Allocation Failure)
[14280.437s][info][gc,heap        ] GC(35836) PSYoungGen: 188144K(188416K)->208K(181760K) Eden: 187904K(187904K)->0K(181248K) From: 240K(512K)->208K(512K)
[14280.437s][info][gc,heap        ] GC(35836) ParOldGen: 393813K(394240K)->393829K(394240K)
[14280.437s][info][gc,metaspace   ] GC(35836) Metaspace: 8795K(9024K)->8795K(9024K) NonClass: 8143K(8320K)->8143K(8320K) Class: 652K(704K)->652K(704K)
[14280.437s][info][gc             ] GC(35836) Pause Young (Allocation Failure) 568M->384M(562M) 1.314ms
[14280.437s][info][gc,cpu         ] GC(35836) User=0.00s Sys=0.00s Real=0.00s
[14280.997s][info][gc,start       ] GC(35837) Pause Young (Allocation Failure)
[14280.998s][info][gc,heap        ] GC(35837) PSYoungGen: 181456K(181760K)->240K(175104K) Eden: 181248K(181248K)->0K(174592K) From: 208K(512K)->240K(512K)
[14280.998s][info][gc,heap        ] GC(35837) ParOldGen: 393829K(394240K)->393845K(394240K)
[14280.998s][info][gc,metaspace   ] GC(35837) Metaspace: 8795K(9024K)->8795K(9024K) NonClass: 8143K(8320K)->8143K(8320K) Class: 652K(704K)->652K(704K)
[14280.998s][info][gc             ] GC(35837) Pause Young (Allocation Failure) 561M->384M(556M) 1.301ms
[14280.998s][info][gc,cpu         ] GC(35837) User=0.00s Sys=0.00s Real=0.00s
[14281.538s][info][gc,start       ] GC(35838) Pause Young (Allocation Failure)
[14281.539s][info][gc,heap        ] GC(35838) PSYoungGen: 174832K(175104K)->256K(168960K) Eden: 174592K(174592K)->0K(168448K) From: 240K(512K)->256K(512K)
[14281.539s][info][gc,heap        ] GC(35838) ParOldGen: 393845K(394240K)->393861K(394240K)
[14281.539s][info][gc,metaspace   ] GC(35838) Metaspace: 8795K(9024K)->8795K(9024K) NonClass: 8143K(8320K)->8143K(8320K) Class: 652K(704K)->652K(704K)
[14281.539s][info][gc             ] GC(35838) Pause Young (Allocation Failure) 555M->384M(550M) 1.289ms
[14281.539s][info][gc,cpu         ] GC(35838) User=0.00s Sys=0.00s Real=0.00s
[14282.061s][info][gc,start       ] GC(35839) Pause Young (Allocation Failure)
[14282.062s][info][gc,heap        ] GC(35839) PSYoungGen: 168704K(168960K)->240K(163328K) Eden: 168448K(168448K)->0K(162816K) From: 256K(512K)->240K(512K)
[14282.062s][info][gc,heap        ] GC(35839) ParOldGen: 393861K(394240K)->393877K(394240K)
[14282.062s][info][gc,metaspace   ] GC(35839) Metaspace: 8795K(9024K)->8795K(9024K) NonClass: 8143K(8320K)->8143K(8320K) Class: 652K(704K)->652K(704K)
[14282.062s][info][gc             ] GC(35839) Pause Young (Allocation Failure) 549M->384M(544M) 1.313ms
[14282.062s][info][gc,cpu         ] GC(35839) User=0.00s Sys=0.00s Real=0.00s
[14282.582s][info][gc,start       ] GC(35840) Pause Young (Allocation Failure)
[14282.583s][info][gc,heap        ] GC(35840) PSYoungGen: 163056K(163328K)->224K(157696K) Eden: 162816K(162816K)->0K(157184K) From: 240K(512K)->224K(512K)
[14282.583s][info][gc,heap        ] GC(35840) ParOldGen: 393877K(394240K)->393893K(394240K)
[14282.583s][info][gc,metaspace   ] GC(35840) Metaspace: 8795K(9024K)->8795K(9024K) NonClass: 8143K(8320K)->8143K(8320K) Class: 652K(704K)->652K(704K)
[14282.583s][info][gc             ] GC(35840) Pause Young (Allocation Failure) 543M->384M(539M) 1.263ms
[14282.583s][info][gc,cpu         ] GC(35840) User=0.00s Sys=0.00s Real=0.00s
[14283.114s][info][gc,start       ] GC(35841) Pause Young (Allocation Failure)
[14283.115s][info][gc,heap        ] GC(35841) PSYoungGen: 157408K(157696K)->256K(152576K) Eden: 157184K(157184K)->0K(152064K) From: 224K(512K)->256K(512K)
[14283.115s][info][gc,heap        ] GC(35841) ParOldGen: 393893K(394240K)->393909K(394240K)
[14283.115s][info][gc,metaspace   ] GC(35841) Metaspace: 8795K(9024K)->8795K(9024K) NonClass: 8143K(8320K)->8143K(8320K) Class: 652K(704K)->652K(704K)
[14283.115s][info][gc             ] GC(35841) Pause Young (Allocation Failure) 538M->384M(534M) 1.261ms
[14283.115s][info][gc,cpu         ] GC(35841) User=0.00s Sys=0.00s Real=0.00s
[14283.592s][info][gc,start       ] GC(35842) Pause Young (Allocation Failure)
[14283.593s][info][gc,heap        ] GC(35842) PSYoungGen: 152320K(152576K)->256K(147456K) Eden: 152064K(152064K)->0K(146944K) From: 256K(512K)->256K(512K)
[14283.593s][info][gc,heap        ] GC(35842) ParOldGen: 393909K(394240K)->393925K(394240K)
[14283.593s][info][gc,metaspace   ] GC(35842) Metaspace: 8795K(9024K)->8795K(9024K) NonClass: 8143K(8320K)->8143K(8320K) Class: 652K(704K)->652K(704K)
[14283.593s][info][gc             ] GC(35842) Pause Young (Allocation Failure) 533M->384M(529M) 1.311ms
[14283.593s][info][gc,cpu         ] GC(35842) User=0.00s Sys=0.00s Real=0.00s
[14284.104s][info][gc,start       ] GC(35843) Pause Young (Allocation Failure)
[14284.105s][info][gc,heap        ] GC(35843) PSYoungGen: 147200K(147456K)->256K(142848K) Eden: 146944K(146944K)->0K(142336K) From: 256K(512K)->256K(512K)
[14284.105s][info][gc,heap        ] GC(35843) ParOldGen: 393925K(394240K)->393941K(394240K)
[14284.105s][info][gc,metaspace   ] GC(35843) Metaspace: 8795K(9024K)->8795K(9024K) NonClass: 8143K(8320K)->8143K(8320K) Class: 652K(704K)->652K(704K)
[14284.105s][info][gc             ] GC(35843) Pause Young (Allocation Failure) 528M->384M(524M) 1.368ms
[14284.105s][info][gc,cpu         ] GC(35843) User=0.00s Sys=0.00s Real=0.00s
[14284.594s][info][gc,start       ] GC(35844) Pause Young (Allocation Failure)
[14284.595s][info][gc,heap        ] GC(35844) PSYoungGen: 142592K(142848K)->240K(138240K) Eden: 142336K(142336K)->0K(137728K) From: 256K(512K)->240K(512K)
[14284.595s][info][gc,heap        ] GC(35844) ParOldGen: 393941K(394240K)->393957K(394240K)
[14284.595s][info][gc,metaspace   ] GC(35844) Metaspace: 8795K(9024K)->8795K(9024K) NonClass: 8143K(8320K)->8143K(8320K) Class: 652K(704K)->652K(704K)
[14284.595s][info][gc             ] GC(35844) Pause Young (Allocation Failure) 523M->384M(520M) 1.835ms
[14284.595s][info][gc,cpu         ] GC(35844) User=0.00s Sys=0.01s Real=0.00s
[14285.032s][info][gc,start       ] GC(35845) Pause Young (Allocation Failure)
[14285.034s][info][gc,heap        ] GC(35845) PSYoungGen: 137968K(138240K)->224K(133632K) Eden: 137728K(137728K)->0K(133120K) From: 240K(512K)->224K(512K)
[14285.034s][info][gc,heap        ] GC(35845) ParOldGen: 393957K(394240K)->393973K(394240K)
[14285.034s][info][gc,metaspace   ] GC(35845) Metaspace: 8795K(9024K)->8795K(9024K) NonClass: 8143K(8320K)->8143K(8320K) Class: 652K(704K)->652K(704K)
[14285.034s][info][gc             ] GC(35845) Pause Young (Allocation Failure) 519M->384M(515M) 1.309ms
[14285.034s][info][gc,cpu         ] GC(35845) User=0.00s Sys=0.00s Real=0.00s
[14285.508s][info][gc,start       ] GC(35846) Pause Young (Allocation Failure)
[14285.509s][info][gc,heap        ] GC(35846) PSYoungGen: 133344K(133632K)->240K(129536K) Eden: 133120K(133120K)->0K(129024K) From: 224K(512K)->240K(512K)
[14285.509s][info][gc,heap        ] GC(35846) ParOldGen: 393973K(394240K)->393989K(394240K)
[14285.509s][info][gc,metaspace   ] GC(35846) Metaspace: 8795K(9024K)->8795K(9024K) NonClass: 8143K(8320K)->8143K(8320K) Class: 652K(704K)->652K(704K)
[14285.509s][info][gc             ] GC(35846) Pause Young (Allocation Failure) 514M->384M(511M) 1.327ms
[14285.509s][info][gc,cpu         ] GC(35846) User=0.00s Sys=0.00s Real=0.00s
[14285.915s][info][gc,start       ] GC(35847) Pause Young (Allocation Failure)
[14285.916s][info][gc,heap        ] GC(35847) PSYoungGen: 129264K(129536K)->208K(125440K) Eden: 129024K(129024K)->0K(124928K) From: 240K(512K)->208K(512K)
[14285.916s][info][gc,heap        ] GC(35847) ParOldGen: 393989K(394240K)->393997K(394240K)
[14285.916s][info][gc,metaspace   ] GC(35847) Metaspace: 8795K(9024K)->8795K(9024K) NonClass: 8143K(8320K)->8143K(8320K) Class: 652K(704K)->652K(704K)
[14285.916s][info][gc             ] GC(35847) Pause Young (Allocation Failure) 510M->384M(507M) 1.469ms
[14285.916s][info][gc,cpu         ] GC(35847) User=0.00s Sys=0.00s Real=0.00s
[14286.313s][info][gc,start       ] GC(35848) Pause Young (Allocation Failure)
[14286.315s][info][gc,heap        ] GC(35848) PSYoungGen: 125136K(125440K)->272K(121344K) Eden: 124928K(124928K)->0K(120832K) From: 208K(512K)->272K(512K)
[14286.315s][info][gc,heap        ] GC(35848) ParOldGen: 393997K(394240K)->394005K(394240K)
[14286.315s][info][gc,metaspace   ] GC(35848) Metaspace: 8795K(9024K)->8795K(9024K) NonClass: 8143K(8320K)->8143K(8320K) Class: 652K(704K)->652K(704K)
[14286.315s][info][gc             ] GC(35848) Pause Young (Allocation Failure) 506M->385M(503M) 1.805ms
[14286.315s][info][gc,cpu         ] GC(35848) User=0.00s Sys=0.00s Real=0.00s
[14286.737s][info][gc,start       ] GC(35849) Pause Young (Allocation Failure)
[14286.739s][info][gc,heap        ] GC(35849) PSYoungGen: 121104K(121344K)->224K(117760K) Eden: 120832K(120832K)->0K(117248K) From: 272K(512K)->224K(512K)
[14286.739s][info][gc,heap        ] GC(35849) ParOldGen: 394005K(394240K)->394021K(394240K)
[14286.739s][info][gc,metaspace   ] GC(35849) Metaspace: 8795K(9024K)->8795K(9024K) NonClass: 8143K(8320K)->8143K(8320K) Class: 652K(704K)->652K(704K)
[14286.739s][info][gc             ] GC(35849) Pause Young (Allocation Failure) 503M->385M(500M) 1.673ms
[14286.739s][info][gc,cpu         ] GC(35849) User=0.00s Sys=0.00s Real=0.00s
[14287.153s][info][gc,start       ] GC(35850) Pause Young (Allocation Failure)
[14287.154s][info][gc,heap        ] GC(35850) PSYoungGen: 117472K(117760K)->240K(114176K) Eden: 117248K(117248K)->0K(113664K) From: 224K(512K)->240K(512K)
[14287.155s][info][gc,heap        ] GC(35850) ParOldGen: 394021K(394240K)->394037K(394240K)
[14287.155s][info][gc,metaspace   ] GC(35850) Metaspace: 8795K(9024K)->8795K(9024K) NonClass: 8143K(8320K)->8143K(8320K) Class: 652K(704K)->652K(704K)
[14287.155s][info][gc             ] GC(35850) Pause Young (Allocation Failure) 499M->385M(496M) 1.576ms
[14287.155s][info][gc,cpu         ] GC(35850) User=0.00s Sys=0.00s Real=0.00s
[14287.517s][info][gc,start       ] GC(35851) Pause Young (Allocation Failure)
[14287.520s][info][gc,heap        ] GC(35851) PSYoungGen: 113904K(114176K)->240K(110592K) Eden: 113664K(113664K)->0K(110080K) From: 240K(512K)->240K(512K)
[14287.520s][info][gc,heap        ] GC(35851) ParOldGen: 394037K(394240K)->394053K(394240K)
[14287.520s][info][gc,metaspace   ] GC(35851) Metaspace: 8795K(9024K)->8795K(9024K) NonClass: 8143K(8320K)->8143K(8320K) Class: 652K(704K)->652K(704K)
[14287.520s][info][gc             ] GC(35851) Pause Young (Allocation Failure) 496M->385M(493M) 2.387ms
[14287.520s][info][gc,cpu         ] GC(35851) User=0.00s Sys=0.00s Real=0.00s
[14287.881s][info][gc,start       ] GC(35852) Pause Young (Allocation Failure)
[14287.883s][info][gc,heap        ] GC(35852) PSYoungGen: 110320K(110592K)->240K(107520K) Eden: 110080K(110080K)->0K(107008K) From: 240K(512K)->240K(512K)
[14287.883s][info][gc,heap        ] GC(35852) ParOldGen: 394053K(394240K)->394061K(394240K)
[14287.883s][info][gc,metaspace   ] GC(35852) Metaspace: 8795K(9024K)->8795K(9024K) NonClass: 8143K(8320K)->8143K(8320K) Class: 652K(704K)->652K(704K)
[14287.884s][info][gc             ] GC(35852) Pause Young (Allocation Failure) 492M->385M(490M) 2.396ms
[14287.884s][info][gc,cpu         ] GC(35852) User=0.00s Sys=0.00s Real=0.00s
[14288.229s][info][gc,start       ] GC(35853) Pause Young (Allocation Failure)
[14288.232s][info][gc,heap        ] GC(35853) PSYoungGen: 107248K(107520K)->288K(104448K) Eden: 107008K(107008K)->0K(103936K) From: 240K(512K)->288K(512K)
[14288.232s][info][gc,heap        ] GC(35853) ParOldGen: 394061K(394240K)->394077K(394240K)
[14288.232s][info][gc,metaspace   ] GC(35853) Metaspace: 8795K(9024K)->8795K(9024K) NonClass: 8143K(8320K)->8143K(8320K) Class: 652K(704K)->652K(704K)
[14288.232s][info][gc             ] GC(35853) Pause Young (Allocation Failure) 489M->385M(487M) 2.443ms
[14288.232s][info][gc,cpu         ] GC(35853) User=0.01s Sys=0.00s Real=0.01s
[14288.562s][info][gc,start       ] GC(35854) Pause Young (Allocation Failure)
[14288.563s][info][gc,heap        ] GC(35854) PSYoungGen: 104224K(104448K)->256K(101376K) Eden: 103936K(103936K)->0K(100864K) From: 288K(512K)->256K(512K)
[14288.563s][info][gc,heap        ] GC(35854) ParOldGen: 394077K(394240K)->394093K(394240K)
[14288.563s][info][gc,metaspace   ] GC(35854) Metaspace: 8795K(9024K)->8795K(9024K) NonClass: 8143K(8320K)->8143K(8320K) Class: 652K(704K)->652K(704K)
[14288.563s][info][gc             ] GC(35854) Pause Young (Allocation Failure) 486M->385M(484M) 1.339ms
[14288.563s][info][gc,cpu         ] GC(35854) User=0.00s Sys=0.00s Real=0.00s
[14288.899s][info][gc,start       ] GC(35855) Pause Young (Allocation Failure)
[14288.900s][info][gc,heap        ] GC(35855) PSYoungGen: 101120K(101376K)->240K(98304K) Eden: 100864K(100864K)->0K(97792K) From: 256K(512K)->240K(512K)
[14288.900s][info][gc,heap        ] GC(35855) ParOldGen: 394093K(394240K)->394109K(394240K)
[14288.900s][info][gc,metaspace   ] GC(35855) Metaspace: 8795K(9024K)->8795K(9024K) NonClass: 8143K(8320K)->8143K(8320K) Class: 652K(704K)->652K(704K)
[14288.900s][info][gc             ] GC(35855) Pause Young (Allocation Failure) 483M->385M(481M) 1.312ms
[14288.900s][info][gc,cpu         ] GC(35855) User=0.00s Sys=0.00s Real=0.00s
[14289.217s][info][gc,start       ] GC(35856) Pause Young (Allocation Failure)
[14289.218s][info][gc,heap        ] GC(35856) PSYoungGen: 98032K(98304K)->240K(95744K) Eden: 97792K(97792K)->0K(95232K) From: 240K(512K)->240K(512K)
[14289.218s][info][gc,heap        ] GC(35856) ParOldGen: 394109K(394240K)->394125K(394240K)
[14289.218s][info][gc,metaspace   ] GC(35856) Metaspace: 8795K(9024K)->8795K(9024K) NonClass: 8143K(8320K)->8143K(8320K) Class: 652K(704K)->652K(704K)
[14289.218s][info][gc             ] GC(35856) Pause Young (Allocation Failure) 480M->385M(478M) 1.310ms
[14289.219s][info][gc,cpu         ] GC(35856) User=0.00s Sys=0.00s Real=0.00s
[14289.507s][info][gc,start       ] GC(35857) Pause Young (Allocation Failure)
[14289.508s][info][gc,heap        ] GC(35857) PSYoungGen: 95472K(95744K)->240K(93184K) Eden: 95232K(95232K)->0K(92672K) From: 240K(512K)->240K(512K)
[14289.508s][info][gc,heap        ] GC(35857) ParOldGen: 394125K(394240K)->394141K(394240K)
[14289.508s][info][gc,metaspace   ] GC(35857) Metaspace: 8795K(9024K)->8795K(9024K) NonClass: 8143K(8320K)->8143K(8320K) Class: 652K(704K)->652K(704K)
[14289.508s][info][gc             ] GC(35857) Pause Young (Allocation Failure) 478M->385M(476M) 1.341ms
[14289.508s][info][gc,cpu         ] GC(35857) User=0.00s Sys=0.00s Real=0.00s
[14289.796s][info][gc,start       ] GC(35858) Pause Young (Allocation Failure)
[14289.798s][info][gc,heap        ] GC(35858) PSYoungGen: 92912K(93184K)->288K(90624K) Eden: 92672K(92672K)->0K(90112K) From: 240K(512K)->288K(512K)
[14289.798s][info][gc,heap        ] GC(35858) ParOldGen: 394141K(394240K)->394157K(394240K)
[14289.798s][info][gc,metaspace   ] GC(35858) Metaspace: 8795K(9024K)->8795K(9024K) NonClass: 8143K(8320K)->8143K(8320K) Class: 652K(704K)->652K(704K)
[14289.798s][info][gc             ] GC(35858) Pause Young (Allocation Failure) 475M->385M(473M) 1.325ms
[14289.798s][info][gc,cpu         ] GC(35858) User=0.01s Sys=0.00s Real=0.00s
[14290.082s][info][gc,start       ] GC(35859) Pause Young (Allocation Failure)
[14290.083s][info][gc,heap        ] GC(35859) PSYoungGen: 90400K(90624K)->240K(88064K) Eden: 90112K(90112K)->0K(87552K) From: 288K(512K)->240K(512K)
[14290.083s][info][gc,heap        ] GC(35859) ParOldGen: 394157K(394240K)->394173K(394240K)
[14290.083s][info][gc,metaspace   ] GC(35859) Metaspace: 8795K(9024K)->8795K(9024K) NonClass: 8143K(8320K)->8143K(8320K) Class: 652K(704K)->652K(704K)
[14290.083s][info][gc             ] GC(35859) Pause Young (Allocation Failure) 473M->385M(471M) 1.348ms
[14290.083s][info][gc,cpu         ] GC(35859) User=0.00s Sys=0.00s Real=0.00s
[14290.407s][info][gc,start       ] GC(35860) Pause Young (Allocation Failure)
[14290.408s][info][gc,heap        ] GC(35860) PSYoungGen: 87792K(88064K)->256K(202752K) Eden: 87552K(87552K)->0K(202240K) From: 240K(512K)->256K(512K)
[14290.408s][info][gc,heap        ] GC(35860) ParOldGen: 394173K(394240K)->394189K(394240K)
[14290.408s][info][gc,metaspace   ] GC(35860) Metaspace: 8795K(9024K)->8795K(9024K) NonClass: 8143K(8320K)->8143K(8320K) Class: 652K(704K)->652K(704K)
[14290.408s][info][gc             ] GC(35860) Pause Young (Allocation Failure) 470M->385M(583M) 1.315ms
[14290.408s][info][gc,cpu         ] GC(35860) User=0.00s Sys=0.00s Real=0.00s
[14291.062s][info][gc,start       ] GC(35861) Pause Young (Allocation Failure)
[14291.063s][info][gc,heap        ] GC(35861) PSYoungGen: 202496K(202752K)->224K(195584K) Eden: 202240K(202240K)->0K(195072K) From: 256K(512K)->224K(512K)
[14291.063s][info][gc,heap        ] GC(35861) ParOldGen: 394189K(394240K)->394205K(394240K)
[14291.063s][info][gc,metaspace   ] GC(35861) Metaspace: 8795K(9024K)->8795K(9024K) NonClass: 8143K(8320K)->8143K(8320K) Class: 652K(704K)->652K(704K)
[14291.063s][info][gc             ] GC(35861) Pause Young (Allocation Failure) 582M->385M(576M) 1.321ms
[14291.063s][info][gc,cpu         ] GC(35861) User=0.01s Sys=0.00s Real=0.00s
[14291.746s][info][gc,start       ] GC(35862) Pause Young (Allocation Failure)
[14291.747s][info][gc,heap        ] GC(35862) PSYoungGen: 195296K(195584K)->240K(188416K) Eden: 195072K(195072K)->0K(187904K) From: 224K(512K)->240K(512K)
[14291.747s][info][gc,heap        ] GC(35862) ParOldGen: 394205K(394240K)->394221K(394240K)
[14291.747s][info][gc,metaspace   ] GC(35862) Metaspace: 8795K(9024K)->8795K(9024K) NonClass: 8143K(8320K)->8143K(8320K) Class: 652K(704K)->652K(704K)
[14291.747s][info][gc             ] GC(35862) Pause Young (Allocation Failure) 575M->385M(569M) 1.302ms
[14291.747s][info][gc,cpu         ] GC(35862) User=0.00s Sys=0.00s Real=0.00s
[14292.347s][info][gc,start       ] GC(35863) Pause Young (Allocation Failure)
[14292.349s][info][gc,heap        ] GC(35863) PSYoungGen: 188144K(188416K)->240K(181760K) Eden: 187904K(187904K)->0K(181248K) From: 240K(512K)->240K(512K)
[14292.349s][info][gc,heap        ] GC(35863) ParOldGen: 394221K(394240K)->394229K(394240K)
[14292.349s][info][gc,metaspace   ] GC(35863) Metaspace: 8795K(9024K)->8795K(9024K) NonClass: 8143K(8320K)->8143K(8320K) Class: 652K(704K)->652K(704K)
[14292.349s][info][gc             ] GC(35863) Pause Young (Allocation Failure) 568M->385M(562M) 2.378ms
[14292.349s][info][gc,cpu         ] GC(35863) User=0.00s Sys=0.00s Real=0.00s
[14292.940s][info][gc,start       ] GC(35864) Pause Young (Allocation Failure)
[14292.942s][info][gc,heap        ] GC(35864) PSYoungGen: 181488K(181760K)->256K(175104K) Eden: 181248K(181248K)->0K(174592K) From: 240K(512K)->256K(512K)
[14292.942s][info][gc,heap        ] GC(35864) ParOldGen: 394229K(394240K)->394237K(394240K)
[14292.942s][info][gc,metaspace   ] GC(35864) Metaspace: 8795K(9024K)->8795K(9024K) NonClass: 8143K(8320K)->8143K(8320K) Class: 652K(704K)->652K(704K)
[14292.942s][info][gc             ] GC(35864) Pause Young (Allocation Failure) 562M->385M(556M) 2.412ms
[14292.942s][info][gc,cpu         ] GC(35864) User=0.00s Sys=0.00s Real=0.01s
[14293.539s][info][gc,start       ] GC(35865) Pause Young (Allocation Failure)
[14293.541s][info][gc,heap        ] GC(35865) PSYoungGen: 174848K(175104K)->240K(168960K) Eden: 174592K(174592K)->0K(168448K) From: 256K(512K)->240K(512K)
[14293.541s][info][gc,heap        ] GC(35865) ParOldGen: 394237K(394240K)->394245K(394752K)
[14293.541s][info][gc,metaspace   ] GC(35865) Metaspace: 8795K(9024K)->8795K(9024K) NonClass: 8143K(8320K)->8143K(8320K) Class: 652K(704K)->652K(704K)
[14293.541s][info][gc             ] GC(35865) Pause Young (Allocation Failure) 555M->385M(550M) 2.632ms
[14293.541s][info][gc,cpu         ] GC(35865) User=0.00s Sys=0.00s Real=0.01s
[14294.106s][info][gc,start       ] GC(35866) Pause Young (Allocation Failure)
[14294.108s][info][gc,heap        ] GC(35866) PSYoungGen: 168688K(168960K)->208K(163328K) Eden: 168448K(168448K)->0K(162816K) From: 240K(512K)->208K(512K)
[14294.108s][info][gc,heap        ] GC(35866) ParOldGen: 394245K(394752K)->394253K(394752K)
[14294.108s][info][gc,metaspace   ] GC(35866) Metaspace: 8795K(9024K)->8795K(9024K) NonClass: 8143K(8320K)->8143K(8320K) Class: 652K(704K)->652K(704K)
[14294.108s][info][gc             ] GC(35866) Pause Young (Allocation Failure) 549M->385M(545M) 2.385ms
[14294.108s][info][gc,cpu         ] GC(35866) User=0.00s Sys=0.00s Real=0.00s
[14294.617s][info][gc,start       ] GC(35867) Pause Young (Allocation Failure)
[14294.619s][info][gc,heap        ] GC(35867) PSYoungGen: 163024K(163328K)->240K(157696K) Eden: 162816K(162816K)->0K(157184K) From: 208K(512K)->240K(512K)
[14294.619s][info][gc,heap        ] GC(35867) ParOldGen: 394253K(394752K)->394269K(394752K)
[14294.619s][info][gc,metaspace   ] GC(35867) Metaspace: 8795K(9024K)->8795K(9024K) NonClass: 8143K(8320K)->8143K(8320K) Class: 652K(704K)->652K(704K)
[14294.619s][info][gc             ] GC(35867) Pause Young (Allocation Failure) 544M->385M(539M) 2.540ms
[14294.619s][info][gc,cpu         ] GC(35867) User=0.00s Sys=0.00s Real=0.00s
[14295.120s][info][gc,start       ] GC(35868) Pause Young (Allocation Failure)
[14295.122s][info][gc,heap        ] GC(35868) PSYoungGen: 157424K(157696K)->256K(152576K) Eden: 157184K(157184K)->0K(152064K) From: 240K(512K)->256K(512K)
[14295.122s][info][gc,heap        ] GC(35868) ParOldGen: 394269K(394752K)->394285K(394752K)
[14295.122s][info][gc,metaspace   ] GC(35868) Metaspace: 8795K(9024K)->8795K(9024K) NonClass: 8143K(8320K)->8143K(8320K) Class: 652K(704K)->652K(704K)
[14295.122s][info][gc             ] GC(35868) Pause Young (Allocation Failure) 538M->385M(534M) 2.362ms
[14295.122s][info][gc,cpu         ] GC(35868) User=0.00s Sys=0.00s Real=0.01s
[14295.616s][info][gc,start       ] GC(35869) Pause Young (Allocation Failure)
[14295.618s][info][gc,heap        ] GC(35869) PSYoungGen: 152320K(152576K)->240K(147456K) Eden: 152064K(152064K)->0K(146944K) From: 256K(512K)->240K(512K)
[14295.618s][info][gc,heap        ] GC(35869) ParOldGen: 394285K(394752K)->394301K(394752K)
[14295.618s][info][gc,metaspace   ] GC(35869) Metaspace: 8795K(9024K)->8795K(9024K) NonClass: 8143K(8320K)->8143K(8320K) Class: 652K(704K)->652K(704K)
[14295.618s][info][gc             ] GC(35869) Pause Young (Allocation Failure) 533M->385M(529M) 1.829ms
[14295.618s][info][gc,cpu         ] GC(35869) User=0.00s Sys=0.00s Real=0.00s
[14296.084s][info][gc,start       ] GC(35870) Pause Young (Allocation Failure)
[14296.086s][info][gc,heap        ] GC(35870) PSYoungGen: 147184K(147456K)->240K(142848K) Eden: 146944K(146944K)->0K(142336K) From: 240K(512K)->240K(512K)
[14296.086s][info][gc,heap        ] GC(35870) ParOldGen: 394301K(394752K)->394317K(394752K)
[14296.086s][info][gc,metaspace   ] GC(35870) Metaspace: 8795K(9024K)->8795K(9024K) NonClass: 8143K(8320K)->8143K(8320K) Class: 652K(704K)->652K(704K)
[14296.086s][info][gc             ] GC(35870) Pause Young (Allocation Failure) 528M->385M(525M) 2.394ms
[14296.086s][info][gc,cpu         ] GC(35870) User=0.01s Sys=0.00s Real=0.00s
[14296.526s][info][gc,start       ] GC(35871) Pause Young (Allocation Failure)
[14296.528s][info][gc,heap        ] GC(35871) PSYoungGen: 142576K(142848K)->240K(138240K) Eden: 142336K(142336K)->0K(137728K) From: 240K(512K)->240K(512K)
[14296.528s][info][gc,heap        ] GC(35871) ParOldGen: 394317K(394752K)->394325K(394752K)
[14296.528s][info][gc,metaspace   ] GC(35871) Metaspace: 8795K(9024K)->8795K(9024K) NonClass: 8143K(8320K)->8143K(8320K) Class: 652K(704K)->652K(704K)
[14296.528s][info][gc             ] GC(35871) Pause Young (Allocation Failure) 524M->385M(520M) 2.357ms
[14296.528s][info][gc,cpu         ] GC(35871) User=0.00s Sys=0.00s Real=0.00s
[14296.995s][info][gc,start       ] GC(35872) Pause Young (Allocation Failure)
[14296.997s][info][gc,heap        ] GC(35872) PSYoungGen: 137968K(138240K)->160K(133632K) Eden: 137728K(137728K)->0K(133120K) From: 240K(512K)->160K(512K)
[14296.997s][info][gc,heap        ] GC(35872) ParOldGen: 394325K(394752K)->394333K(394752K)
[14296.997s][info][gc,metaspace   ] GC(35872) Metaspace: 8795K(9024K)->8795K(9024K) NonClass: 8143K(8320K)->8143K(8320K) Class: 652K(704K)->652K(704K)
[14296.997s][info][gc             ] GC(35872) Pause Young (Allocation Failure) 519M->385M(516M) 2.308ms
[14296.997s][info][gc,cpu         ] GC(35872) User=0.00s Sys=0.00s Real=0.00s
[14297.427s][info][gc,start       ] GC(35873) Pause Young (Allocation Failure)
[14297.429s][info][gc,heap        ] GC(35873) PSYoungGen: 133280K(133632K)->208K(129536K) Eden: 133120K(133120K)->0K(129024K) From: 160K(512K)->208K(512K)
[14297.429s][info][gc,heap        ] GC(35873) ParOldGen: 394333K(394752K)->394341K(394752K)
[14297.429s][info][gc,metaspace   ] GC(35873) Metaspace: 8795K(9024K)->8795K(9024K) NonClass: 8143K(8320K)->8143K(8320K) Class: 652K(704K)->652K(704K)
[14297.429s][info][gc             ] GC(35873) Pause Young (Allocation Failure) 515M->385M(512M) 2.429ms
[14297.429s][info][gc,cpu         ] GC(35873) User=0.00s Sys=0.00s Real=0.00s
[14297.848s][info][gc,start       ] GC(35874) Pause Young (Allocation Failure)
[14297.849s][info][gc,heap        ] GC(35874) PSYoungGen: 129232K(129536K)->256K(125440K) Eden: 129024K(129024K)->0K(124928K) From: 208K(512K)->256K(512K)
[14297.850s][info][gc,heap        ] GC(35874) ParOldGen: 394341K(394752K)->394357K(394752K)
[14297.850s][info][gc,metaspace   ] GC(35874) Metaspace: 8795K(9024K)->8795K(9024K) NonClass: 8143K(8320K)->8143K(8320K) Class: 652K(704K)->652K(704K)
[14297.850s][info][gc             ] GC(35874) Pause Young (Allocation Failure) 511M->385M(508M) 1.823ms
[14297.850s][info][gc,cpu         ] GC(35874) User=0.00s Sys=0.00s Real=0.00s
[14298.255s][info][gc,start       ] GC(35875) Pause Young (Allocation Failure)
[14298.257s][info][gc,heap        ] GC(35875) PSYoungGen: 125184K(125440K)->256K(121344K) Eden: 124928K(124928K)->0K(120832K) From: 256K(512K)->256K(512K)
[14298.257s][info][gc,heap        ] GC(35875) ParOldGen: 394357K(394752K)->394373K(394752K)
[14298.257s][info][gc,metaspace   ] GC(35875) Metaspace: 8795K(9024K)->8795K(9024K) NonClass: 8143K(8320K)->8143K(8320K) Class: 652K(704K)->652K(704K)
[14298.257s][info][gc             ] GC(35875) Pause Young (Allocation Failure) 507M->385M(504M) 1.327ms
[14298.257s][info][gc,cpu         ] GC(35875) User=0.00s Sys=0.00s Real=0.00s
[14298.662s][info][gc,start       ] GC(35876) Pause Young (Allocation Failure)
[14298.664s][info][gc,heap        ] GC(35876) PSYoungGen: 121088K(121344K)->256K(117760K) Eden: 120832K(120832K)->0K(117248K) From: 256K(512K)->256K(512K)
[14298.664s][info][gc,heap        ] GC(35876) ParOldGen: 394373K(394752K)->394389K(394752K)
[14298.664s][info][gc,metaspace   ] GC(35876) Metaspace: 8795K(9024K)->8795K(9024K) NonClass: 8143K(8320K)->8143K(8320K) Class: 652K(704K)->652K(704K)
[14298.664s][info][gc             ] GC(35876) Pause Young (Allocation Failure) 503M->385M(500M) 1.343ms
[14298.664s][info][gc,cpu         ] GC(35876) User=0.00s Sys=0.00s Real=0.00s
[14299.021s][info][gc,start       ] GC(35877) Pause Young (Allocation Failure)
[14299.022s][info][gc,heap        ] GC(35877) PSYoungGen: 117504K(117760K)->256K(114176K) Eden: 117248K(117248K)->0K(113664K) From: 256K(512K)->256K(512K)
[14299.022s][info][gc,heap        ] GC(35877) ParOldGen: 394389K(394752K)->394405K(394752K)
[14299.022s][info][gc,metaspace   ] GC(35877) Metaspace: 8795K(9024K)->8795K(9024K) NonClass: 8143K(8320K)->8143K(8320K) Class: 652K(704K)->652K(704K)
[14299.022s][info][gc             ] GC(35877) Pause Young (Allocation Failure) 499M->385M(497M) 1.354ms
[14299.022s][info][gc,cpu         ] GC(35877) User=0.00s Sys=0.00s Real=0.00s
[14299.383s][info][gc,start       ] GC(35878) Pause Young (Allocation Failure)
[14299.386s][info][gc,heap        ] GC(35878) PSYoungGen: 113920K(114176K)->176K(110592K) Eden: 113664K(113664K)->0K(110080K) From: 256K(512K)->176K(512K)
[14299.386s][info][gc,heap        ] GC(35878) ParOldGen: 394405K(394752K)->394413K(394752K)
[14299.386s][info][gc,metaspace   ] GC(35878) Metaspace: 8795K(9024K)->8795K(9024K) NonClass: 8143K(8320K)->8143K(8320K) Class: 652K(704K)->652K(704K)
[14299.386s][info][gc             ] GC(35878) Pause Young (Allocation Failure) 496M->385M(493M) 2.360ms
[14299.386s][info][gc,cpu         ] GC(35878) User=0.01s Sys=0.00s Real=0.00s
[14299.739s][info][gc,start       ] GC(35879) Pause Young (Allocation Failure)
[14299.742s][info][gc,heap        ] GC(35879) PSYoungGen: 110256K(110592K)->240K(107520K) Eden: 110080K(110080K)->0K(107008K) From: 176K(512K)->240K(512K)
[14299.742s][info][gc,heap        ] GC(35879) ParOldGen: 394413K(394752K)->394421K(394752K)
[14299.742s][info][gc,metaspace   ] GC(35879) Metaspace: 8795K(9024K)->8795K(9024K) NonClass: 8143K(8320K)->8143K(8320K) Class: 652K(704K)->652K(704K)
[14299.742s][info][gc             ] GC(35879) Pause Young (Allocation Failure) 492M->385M(490M) 2.383ms
[14299.742s][info][gc,cpu         ] GC(35879) User=0.00s Sys=0.00s Real=0.01s
[14300.096s][info][gc,start       ] GC(35880) Pause Young (Allocation Failure)
[14300.098s][info][gc,heap        ] GC(35880) PSYoungGen: 107248K(107520K)->256K(104448K) Eden: 107008K(107008K)->0K(103936K) From: 240K(512K)->256K(512K)
[14300.098s][info][gc,heap        ] GC(35880) ParOldGen: 394421K(394752K)->394437K(394752K)
[14300.098s][info][gc,metaspace   ] GC(35880) Metaspace: 8795K(9024K)->8795K(9024K) NonClass: 8143K(8320K)->8143K(8320K) Class: 652K(704K)->652K(704K)
[14300.098s][info][gc             ] GC(35880) Pause Young (Allocation Failure) 489M->385M(487M) 1.336ms
[14300.098s][info][gc,cpu         ] GC(35880) User=0.01s Sys=0.00s Real=0.00s
[14300.432s][info][gc,start       ] GC(35881) Pause Young (Allocation Failure)
[14300.434s][info][gc,heap        ] GC(35881) PSYoungGen: 104192K(104448K)->256K(101376K) Eden: 103936K(103936K)->0K(100864K) From: 256K(512K)->256K(512K)
[14300.434s][info][gc,heap        ] GC(35881) ParOldGen: 394437K(394752K)->394453K(394752K)
[14300.434s][info][gc,metaspace   ] GC(35881) Metaspace: 8795K(9024K)->8795K(9024K) NonClass: 8143K(8320K)->8143K(8320K) Class: 652K(704K)->652K(704K)
[14300.434s][info][gc             ] GC(35881) Pause Young (Allocation Failure) 486M->385M(484M) 1.308ms
[14300.434s][info][gc,cpu         ] GC(35881) User=0.01s Sys=0.00s Real=0.00s
[14300.756s][info][gc,start       ] GC(35882) Pause Young (Allocation Failure)
[14300.757s][info][gc,heap        ] GC(35882) PSYoungGen: 101120K(101376K)->240K(98304K) Eden: 100864K(100864K)->0K(97792K) From: 256K(512K)->240K(512K)
[14300.757s][info][gc,heap        ] GC(35882) ParOldGen: 394453K(394752K)->394469K(394752K)
[14300.757s][info][gc,metaspace   ] GC(35882) Metaspace: 8795K(9024K)->8795K(9024K) NonClass: 8143K(8320K)->8143K(8320K) Class: 652K(704K)->652K(704K)
[14300.757s][info][gc             ] GC(35882) Pause Young (Allocation Failure) 483M->385M(481M) 1.756ms
[14300.757s][info][gc,cpu         ] GC(35882) User=0.00s Sys=0.00s Real=0.00s
[14301.079s][info][gc,start       ] GC(35883) Pause Young (Allocation Failure)
[14301.080s][info][gc,heap        ] GC(35883) PSYoungGen: 98032K(98304K)->240K(95744K) Eden: 97792K(97792K)->0K(95232K) From: 240K(512K)->240K(512K)
[14301.080s][info][gc,heap        ] GC(35883) ParOldGen: 394469K(394752K)->394485K(394752K)
[14301.080s][info][gc,metaspace   ] GC(35883) Metaspace: 8795K(9024K)->8795K(9024K) NonClass: 8143K(8320K)->8143K(8320K) Class: 652K(704K)->652K(704K)
[14301.080s][info][gc             ] GC(35883) Pause Young (Allocation Failure) 480M->385M(479M) 1.314ms
[14301.080s][info][gc,cpu         ] GC(35883) User=0.00s Sys=0.00s Real=0.01s
[14301.380s][info][gc,start       ] GC(35884) Pause Young (Allocation Failure)
[14301.381s][info][gc,heap        ] GC(35884) PSYoungGen: 95472K(95744K)->272K(93184K) Eden: 95232K(95232K)->0K(92672K) From: 240K(512K)->272K(512K)
[14301.382s][info][gc,heap        ] GC(35884) ParOldGen: 394485K(394752K)->394501K(394752K)
[14301.382s][info][gc,metaspace   ] GC(35884) Metaspace: 8795K(9024K)->8795K(9024K) NonClass: 8143K(8320K)->8143K(8320K) Class: 652K(704K)->652K(704K)
[14301.382s][info][gc             ] GC(35884) Pause Young (Allocation Failure) 478M->385M(476M) 1.348ms
[14301.382s][info][gc,cpu         ] GC(35884) User=0.00s Sys=0.00s Real=0.01s
[14301.684s][info][gc,start       ] GC(35885) Pause Young (Allocation Failure)
[14301.686s][info][gc,heap        ] GC(35885) PSYoungGen: 92944K(93184K)->256K(90624K) Eden: 92672K(92672K)->0K(90112K) From: 272K(512K)->256K(512K)
[14301.686s][info][gc,heap        ] GC(35885) ParOldGen: 394501K(394752K)->394517K(394752K)
[14301.686s][info][gc,metaspace   ] GC(35885) Metaspace: 8795K(9024K)->8795K(9024K) NonClass: 8143K(8320K)->8143K(8320K) Class: 652K(704K)->652K(704K)
[14301.686s][info][gc             ] GC(35885) Pause Young (Allocation Failure) 476M->385M(474M) 1.343ms
[14301.686s][info][gc,cpu         ] GC(35885) User=0.00s Sys=0.00s Real=0.00s
[14301.981s][info][gc,start       ] GC(35886) Pause Young (Allocation Failure)
[14301.983s][info][gc,heap        ] GC(35886) PSYoungGen: 90368K(90624K)->256K(88064K) Eden: 90112K(90112K)->0K(87552K) From: 256K(512K)->256K(512K)
[14301.983s][info][gc,heap        ] GC(35886) ParOldGen: 394517K(394752K)->394533K(394752K)
[14301.983s][info][gc,metaspace   ] GC(35886) Metaspace: 8795K(9024K)->8795K(9024K) NonClass: 8143K(8320K)->8143K(8320K) Class: 652K(704K)->652K(704K)
[14301.983s][info][gc             ] GC(35886) Pause Young (Allocation Failure) 473M->385M(471M) 1.294ms
[14301.983s][info][gc,cpu         ] GC(35886) User=0.00s Sys=0.00s Real=0.00s
[14302.273s][info][gc,start       ] GC(35887) Pause Young (Allocation Failure)
[14302.274s][info][gc,heap        ] GC(35887) PSYoungGen: 87808K(88064K)->240K(202752K) Eden: 87552K(87552K)->0K(202240K) From: 256K(512K)->240K(512K)
[14302.274s][info][gc,heap        ] GC(35887) ParOldGen: 394533K(394752K)->394549K(394752K)
[14302.274s][info][gc,metaspace   ] GC(35887) Metaspace: 8795K(9024K)->8795K(9024K) NonClass: 8143K(8320K)->8143K(8320K) Class: 652K(704K)->652K(704K)
[14302.274s][info][gc             ] GC(35887) Pause Young (Allocation Failure) 471M->385M(583M) 1.282ms
[14302.274s][info][gc,cpu         ] GC(35887) User=0.00s Sys=0.00s Real=0.00s
[14302.938s][info][gc,start       ] GC(35888) Pause Young (Allocation Failure)
[14302.939s][info][gc,heap        ] GC(35888) PSYoungGen: 202480K(202752K)->240K(195584K) Eden: 202240K(202240K)->0K(195072K) From: 240K(512K)->240K(512K)
[14302.939s][info][gc,heap        ] GC(35888) ParOldGen: 394549K(394752K)->394565K(394752K)
[14302.939s][info][gc,metaspace   ] GC(35888) Metaspace: 8795K(9024K)->8795K(9024K) NonClass: 8143K(8320K)->8143K(8320K) Class: 652K(704K)->652K(704K)
[14302.940s][info][gc             ] GC(35888) Pause Young (Allocation Failure) 583M->385M(576M) 1.375ms
[14302.940s][info][gc,cpu         ] GC(35888) User=0.00s Sys=0.00s Real=0.00s
[14303.576s][info][gc,start       ] GC(35889) Pause Young (Allocation Failure)
[14303.579s][info][gc,heap        ] GC(35889) PSYoungGen: 195312K(195584K)->272K(188416K) Eden: 195072K(195072K)->0K(187904K) From: 240K(512K)->272K(512K)
[14303.579s][info][gc,heap        ] GC(35889) ParOldGen: 394565K(394752K)->394573K(394752K)
[14303.579s][info][gc,metaspace   ] GC(35889) Metaspace: 8795K(9024K)->8795K(9024K) NonClass: 8143K(8320K)->8143K(8320K) Class: 652K(704K)->652K(704K)
[14303.579s][info][gc             ] GC(35889) Pause Young (Allocation Failure) 576M->385M(569M) 2.624ms
[14303.579s][info][gc,cpu         ] GC(35889) User=0.00s Sys=0.00s Real=0.00s
[14304.269s][info][gc,start       ] GC(35890) Pause Young (Allocation Failure)
[14304.272s][info][gc,heap        ] GC(35890) PSYoungGen: 188176K(188416K)->240K(181760K) Eden: 187904K(187904K)->0K(181248K) From: 272K(512K)->240K(512K)
[14304.272s][info][gc,heap        ] GC(35890) ParOldGen: 394573K(394752K)->394581K(394752K)
[14304.272s][info][gc,metaspace   ] GC(35890) Metaspace: 8795K(9024K)->8795K(9024K) NonClass: 8143K(8320K)->8143K(8320K) Class: 652K(704K)->652K(704K)
[14304.272s][info][gc             ] GC(35890) Pause Young (Allocation Failure) 569M->385M(563M) 2.886ms
[14304.272s][info][gc,cpu         ] GC(35890) User=0.00s Sys=0.00s Real=0.01s
[14304.898s][info][gc,start       ] GC(35891) Pause Young (Allocation Failure)
[14304.899s][info][gc,heap        ] GC(35891) PSYoungGen: 181488K(181760K)->256K(175104K) Eden: 181248K(181248K)->0K(174592K) From: 240K(512K)->256K(512K)
[14304.899s][info][gc,heap        ] GC(35891) ParOldGen: 394581K(394752K)->394597K(394752K)
[14304.899s][info][gc,metaspace   ] GC(35891) Metaspace: 8795K(9024K)->8795K(9024K) NonClass: 8143K(8320K)->8143K(8320K) Class: 652K(704K)->652K(704K)
[14304.899s][info][gc             ] GC(35891) Pause Young (Allocation Failure) 562M->385M(556M) 1.322ms
[14304.899s][info][gc,cpu         ] GC(35891) User=0.00s Sys=0.00s Real=0.00s
[14305.488s][info][gc,start       ] GC(35892) Pause Young (Allocation Failure)
[14305.489s][info][gc,heap        ] GC(35892) PSYoungGen: 174848K(175104K)->256K(168960K) Eden: 174592K(174592K)->0K(168448K) From: 256K(512K)->256K(512K)
[14305.489s][info][gc,heap        ] GC(35892) ParOldGen: 394597K(394752K)->394613K(394752K)
[14305.489s][info][gc,metaspace   ] GC(35892) Metaspace: 8795K(9024K)->8795K(9024K) NonClass: 8143K(8320K)->8143K(8320K) Class: 652K(704K)->652K(704K)
[14305.489s][info][gc             ] GC(35892) Pause Young (Allocation Failure) 556M->385M(550M) 1.326ms
[14305.489s][info][gc,cpu         ] GC(35892) User=0.00s Sys=0.00s Real=0.00s
[14306.067s][info][gc,start       ] GC(35893) Pause Young (Allocation Failure)
[14306.069s][info][gc,heap        ] GC(35893) PSYoungGen: 168704K(168960K)->256K(163328K) Eden: 168448K(168448K)->0K(162816K) From: 256K(512K)->256K(512K)
[14306.069s][info][gc,heap        ] GC(35893) ParOldGen: 394613K(394752K)->394629K(394752K)
[14306.069s][info][gc,metaspace   ] GC(35893) Metaspace: 8795K(9024K)->8795K(9024K) NonClass: 8143K(8320K)->8143K(8320K) Class: 652K(704K)->652K(704K)
[14306.069s][info][gc             ] GC(35893) Pause Young (Allocation Failure) 550M->385M(545M) 1.390ms
[14306.069s][info][gc,cpu         ] GC(35893) User=0.00s Sys=0.00s Real=0.00s
[14306.561s][info][gc,start       ] GC(35894) Pause Young (Allocation Failure)
[14306.563s][info][gc,heap        ] GC(35894) PSYoungGen: 163072K(163328K)->240K(157696K) Eden: 162816K(162816K)->0K(157184K) From: 256K(512K)->240K(512K)
[14306.563s][info][gc,heap        ] GC(35894) ParOldGen: 394629K(394752K)->394645K(394752K)
[14306.563s][info][gc,metaspace   ] GC(35894) Metaspace: 8795K(9024K)->8795K(9024K) NonClass: 8143K(8320K)->8143K(8320K) Class: 652K(704K)->652K(704K)
[14306.563s][info][gc             ] GC(35894) Pause Young (Allocation Failure) 544M->385M(539M) 1.326ms
[14306.563s][info][gc,cpu         ] GC(35894) User=0.00s Sys=0.01s Real=0.00s
[14307.057s][info][gc,start       ] GC(35895) Pause Young (Allocation Failure)
[14307.058s][info][gc,heap        ] GC(35895) PSYoungGen: 157424K(157696K)->256K(152576K) Eden: 157184K(157184K)->0K(152064K) From: 240K(512K)->256K(512K)
[14307.058s][info][gc,heap        ] GC(35895) ParOldGen: 394645K(394752K)->394661K(394752K)
[14307.058s][info][gc,metaspace   ] GC(35895) Metaspace: 8795K(9024K)->8795K(9024K) NonClass: 8143K(8320K)->8143K(8320K) Class: 652K(704K)->652K(704K)
[14307.058s][info][gc             ] GC(35895) Pause Young (Allocation Failure) 539M->385M(534M) 1.335ms
[14307.058s][info][gc,cpu         ] GC(35895) User=0.00s Sys=0.00s Real=0.00s
[14307.590s][info][gc,start       ] GC(35896) Pause Young (Allocation Failure)
[14307.591s][info][gc,heap        ] GC(35896) PSYoungGen: 152320K(152576K)->240K(147456K) Eden: 152064K(152064K)->0K(146944K) From: 256K(512K)->240K(512K)
[14307.591s][info][gc,heap        ] GC(35896) ParOldGen: 394661K(394752K)->394677K(394752K)
[14307.591s][info][gc,metaspace   ] GC(35896) Metaspace: 8795K(9024K)->8795K(9024K) NonClass: 8143K(8320K)->8143K(8320K) Class: 652K(704K)->652K(704K)
[14307.591s][info][gc             ] GC(35896) Pause Young (Allocation Failure) 534M->385M(529M) 1.318ms
[14307.591s][info][gc,cpu         ] GC(35896) User=0.00s Sys=0.00s Real=0.01s
[14308.073s][info][gc,start       ] GC(35897) Pause Young (Allocation Failure)
[14308.074s][info][gc,heap        ] GC(35897) PSYoungGen: 147184K(147456K)->256K(142848K) Eden: 146944K(146944K)->0K(142336K) From: 240K(512K)->256K(512K)
[14308.074s][info][gc,heap        ] GC(35897) ParOldGen: 394677K(394752K)->394693K(394752K)
[14308.074s][info][gc,metaspace   ] GC(35897) Metaspace: 8795K(9024K)->8795K(9024K) NonClass: 8143K(8320K)->8143K(8320K) Class: 652K(704K)->652K(704K)
[14308.074s][info][gc             ] GC(35897) Pause Young (Allocation Failure) 529M->385M(525M) 1.332ms
[14308.074s][info][gc,cpu         ] GC(35897) User=0.00s Sys=0.00s Real=0.00s
[14308.587s][info][gc,start       ] GC(35898) Pause Young (Allocation Failure)
[14308.590s][info][gc,heap        ] GC(35898) PSYoungGen: 142592K(142848K)->288K(138240K) Eden: 142336K(142336K)->0K(137728K) From: 256K(512K)->288K(512K)
[14308.590s][info][gc,heap        ] GC(35898) ParOldGen: 394693K(394752K)->394709K(394752K)
[14308.590s][info][gc,metaspace   ] GC(35898) Metaspace: 8795K(9024K)->8795K(9024K) NonClass: 8143K(8320K)->8143K(8320K) Class: 652K(704K)->652K(704K)
[14308.590s][info][gc             ] GC(35898) Pause Young (Allocation Failure) 524M->385M(520M) 2.572ms
[14308.590s][info][gc,cpu         ] GC(35898) User=0.00s Sys=0.01s Real=0.00s
[14309.050s][info][gc,start       ] GC(35899) Pause Young (Allocation Failure)
[14309.053s][info][gc,heap        ] GC(35899) PSYoungGen: 138016K(138240K)->224K(133632K) Eden: 137728K(137728K)->0K(133120K) From: 288K(512K)->224K(512K)
[14309.053s][info][gc,heap        ] GC(35899) ParOldGen: 394709K(394752K)->394717K(394752K)
[14309.054s][info][gc,metaspace   ] GC(35899) Metaspace: 8795K(9024K)->8795K(9024K) NonClass: 8143K(8320K)->8143K(8320K) Class: 652K(704K)->652K(704K)
[14309.054s][info][gc             ] GC(35899) Pause Young (Allocation Failure) 520M->385M(516M) 3.064ms
[14309.054s][info][gc,cpu         ] GC(35899) User=0.00s Sys=0.00s Real=0.00s
[14309.474s][info][gc,start       ] GC(35900) Pause Young (Allocation Failure)
[14309.476s][info][gc,heap        ] GC(35900) PSYoungGen: 133344K(133632K)->224K(129536K) Eden: 133120K(133120K)->0K(129024K) From: 224K(512K)->224K(512K)
[14309.476s][info][gc,heap        ] GC(35900) ParOldGen: 394717K(394752K)->394725K(394752K)
[14309.476s][info][gc,metaspace   ] GC(35900) Metaspace: 8795K(9024K)->8795K(9024K) NonClass: 8143K(8320K)->8143K(8320K) Class: 652K(704K)->652K(704K)
[14309.476s][info][gc             ] GC(35900) Pause Young (Allocation Failure) 515M->385M(512M) 2.441ms
[14309.476s][info][gc,cpu         ] GC(35900) User=0.00s Sys=0.00s Real=0.00s
[14309.888s][info][gc,start       ] GC(35901) Pause Young (Allocation Failure)
[14309.890s][info][gc,heap        ] GC(35901) PSYoungGen: 129248K(129536K)->256K(125440K) Eden: 129024K(129024K)->0K(124928K) From: 224K(512K)->256K(512K)
[14309.890s][info][gc,heap        ] GC(35901) ParOldGen: 394725K(394752K)->394733K(394752K)
[14309.890s][info][gc,metaspace   ] GC(35901) Metaspace: 8795K(9024K)->8795K(9024K) NonClass: 8143K(8320K)->8143K(8320K) Class: 652K(704K)->652K(704K)
[14309.890s][info][gc             ] GC(35901) Pause Young (Allocation Failure) 511M->385M(508M) 2.520ms
[14309.890s][info][gc,cpu         ] GC(35901) User=0.00s Sys=0.00s Real=0.00s
[14310.317s][info][gc,start       ] GC(35902) Pause Young (Allocation Failure)
[14310.319s][info][gc,heap        ] GC(35902) PSYoungGen: 125184K(125440K)->240K(121344K) Eden: 124928K(124928K)->0K(120832K) From: 256K(512K)->240K(512K)
[14310.319s][info][gc,heap        ] GC(35902) ParOldGen: 394733K(394752K)->394749K(394752K)
[14310.319s][info][gc,metaspace   ] GC(35902) Metaspace: 8795K(9024K)->8795K(9024K) NonClass: 8143K(8320K)->8143K(8320K) Class: 652K(704K)->652K(704K)
[14310.319s][info][gc             ] GC(35902) Pause Young (Allocation Failure) 507M->385M(504M) 2.091ms
[14310.319s][info][gc,cpu         ] GC(35902) User=0.00s Sys=0.00s Real=0.00s
[14310.732s][info][gc,start       ] GC(35903) Pause Young (Allocation Failure)
[14310.733s][info][gc,heap        ] GC(35903) PSYoungGen: 121072K(121344K)->256K(117760K) Eden: 120832K(120832K)->0K(117248K) From: 240K(512K)->256K(512K)
[14310.733s][info][gc,heap        ] GC(35903) ParOldGen: 394749K(394752K)->394765K(395264K)
[14310.733s][info][gc,metaspace   ] GC(35903) Metaspace: 8795K(9024K)->8795K(9024K) NonClass: 8143K(8320K)->8143K(8320K) Class: 652K(704K)->652K(704K)
[14310.733s][info][gc             ] GC(35903) Pause Young (Allocation Failure) 503M->385M(501M) 1.335ms
[14310.733s][info][gc,cpu         ] GC(35903) User=0.00s Sys=0.00s Real=0.00s
[14311.141s][info][gc,start       ] GC(35904) Pause Young (Allocation Failure)
[14311.142s][info][gc,heap        ] GC(35904) PSYoungGen: 117504K(117760K)->256K(114176K) Eden: 117248K(117248K)->0K(113664K) From: 256K(512K)->256K(512K)
[14311.142s][info][gc,heap        ] GC(35904) ParOldGen: 394765K(395264K)->394781K(395264K)
[14311.142s][info][gc,metaspace   ] GC(35904) Metaspace: 8795K(9024K)->8795K(9024K) NonClass: 8143K(8320K)->8143K(8320K) Class: 652K(704K)->652K(704K)
[14311.142s][info][gc             ] GC(35904) Pause Young (Allocation Failure) 500M->385M(497M) 1.331ms
[14311.142s][info][gc,cpu         ] GC(35904) User=0.00s Sys=0.00s Real=0.00s
[14311.542s][info][gc,start       ] GC(35905) Pause Young (Allocation Failure)
[14311.543s][info][gc,heap        ] GC(35905) PSYoungGen: 113920K(114176K)->256K(110592K) Eden: 113664K(113664K)->0K(110080K) From: 256K(512K)->256K(512K)
[14311.543s][info][gc,heap        ] GC(35905) ParOldGen: 394781K(395264K)->394797K(395264K)
[14311.543s][info][gc,metaspace   ] GC(35905) Metaspace: 8795K(9024K)->8795K(9024K) NonClass: 8143K(8320K)->8143K(8320K) Class: 652K(704K)->652K(704K)
[14311.543s][info][gc             ] GC(35905) Pause Young (Allocation Failure) 496M->385M(494M) 1.329ms
[14311.543s][info][gc,cpu         ] GC(35905) User=0.00s Sys=0.00s Real=0.00s
[14311.906s][info][gc,start       ] GC(35906) Pause Young (Allocation Failure)
[14311.907s][info][gc,heap        ] GC(35906) PSYoungGen: 110336K(110592K)->256K(107520K) Eden: 110080K(110080K)->0K(107008K) From: 256K(512K)->256K(512K)
[14311.907s][info][gc,heap        ] GC(35906) ParOldGen: 394797K(395264K)->394813K(395264K)
[14311.907s][info][gc,metaspace   ] GC(35906) Metaspace: 8795K(9024K)->8795K(9024K) NonClass: 8143K(8320K)->8143K(8320K) Class: 652K(704K)->652K(704K)
[14311.907s][info][gc             ] GC(35906) Pause Young (Allocation Failure) 493M->385M(491M) 1.324ms
[14311.907s][info][gc,cpu         ] GC(35906) User=0.01s Sys=0.00s Real=0.00s
[14312.237s][info][gc,start       ] GC(35907) Pause Young (Allocation Failure)
[14312.239s][info][gc,heap        ] GC(35907) PSYoungGen: 107264K(107520K)->256K(104448K) Eden: 107008K(107008K)->0K(103936K) From: 256K(512K)->256K(512K)
[14312.239s][info][gc,heap        ] GC(35907) ParOldGen: 394813K(395264K)->394829K(395264K)
[14312.239s][info][gc,metaspace   ] GC(35907) Metaspace: 8795K(9024K)->8795K(9024K) NonClass: 8143K(8320K)->8143K(8320K) Class: 652K(704K)->652K(704K)
[14312.239s][info][gc             ] GC(35907) Pause Young (Allocation Failure) 490M->385M(488M) 1.350ms
[14312.239s][info][gc,cpu         ] GC(35907) User=0.00s Sys=0.00s Real=0.00s
[14312.602s][info][gc,start       ] GC(35908) Pause Young (Allocation Failure)
[14312.603s][info][gc,heap        ] GC(35908) PSYoungGen: 104192K(104448K)->240K(101376K) Eden: 103936K(103936K)->0K(100864K) From: 256K(512K)->240K(512K)
[14312.603s][info][gc,heap        ] GC(35908) ParOldGen: 394829K(395264K)->394845K(395264K)
[14312.603s][info][gc,metaspace   ] GC(35908) Metaspace: 8795K(9024K)->8795K(9024K) NonClass: 8143K(8320K)->8143K(8320K) Class: 652K(704K)->652K(704K)
[14312.603s][info][gc             ] GC(35908) Pause Young (Allocation Failure) 487M->385M(485M) 1.295ms
[14312.603s][info][gc,cpu         ] GC(35908) User=0.00s Sys=0.00s Real=0.00s
[14312.932s][info][gc,start       ] GC(35909) Pause Young (Allocation Failure)
[14312.933s][info][gc,heap        ] GC(35909) PSYoungGen: 101104K(101376K)->256K(98304K) Eden: 100864K(100864K)->0K(97792K) From: 240K(512K)->256K(512K)
[14312.933s][info][gc,heap        ] GC(35909) ParOldGen: 394845K(395264K)->394861K(395264K)
[14312.933s][info][gc,metaspace   ] GC(35909) Metaspace: 8795K(9024K)->8795K(9024K) NonClass: 8143K(8320K)->8143K(8320K) Class: 652K(704K)->652K(704K)
[14312.933s][info][gc             ] GC(35909) Pause Young (Allocation Failure) 484M->385M(482M) 1.357ms
[14312.933s][info][gc,cpu         ] GC(35909) User=0.00s Sys=0.00s Real=0.00s
[14313.241s][info][gc,start       ] GC(35910) Pause Young (Allocation Failure)
[14313.242s][info][gc,heap        ] GC(35910) PSYoungGen: 98048K(98304K)->256K(95744K) Eden: 97792K(97792K)->0K(95232K) From: 256K(512K)->256K(512K)
[14313.242s][info][gc,heap        ] GC(35910) ParOldGen: 394861K(395264K)->394877K(395264K)
[14313.242s][info][gc,metaspace   ] GC(35910) Metaspace: 8795K(9024K)->8795K(9024K) NonClass: 8143K(8320K)->8143K(8320K) Class: 652K(704K)->652K(704K)
[14313.242s][info][gc             ] GC(35910) Pause Young (Allocation Failure) 481M->385M(479M) 1.296ms
[14313.242s][info][gc,cpu         ] GC(35910) User=0.01s Sys=0.00s Real=0.00s
[14313.552s][info][gc,start       ] GC(35911) Pause Young (Allocation Failure)
[14313.554s][info][gc,heap        ] GC(35911) PSYoungGen: 95488K(95744K)->272K(93184K) Eden: 95232K(95232K)->0K(92672K) From: 256K(512K)->272K(512K)
[14313.554s][info][gc,heap        ] GC(35911) ParOldGen: 394877K(395264K)->394893K(395264K)
[14313.554s][info][gc,metaspace   ] GC(35911) Metaspace: 8795K(9024K)->8795K(9024K) NonClass: 8143K(8320K)->8143K(8320K) Class: 652K(704K)->652K(704K)
[14313.554s][info][gc             ] GC(35911) Pause Young (Allocation Failure) 478M->385M(477M) 1.311ms
[14313.554s][info][gc,cpu         ] GC(35911) User=0.00s Sys=0.00s Real=0.00s
[14313.865s][info][gc,start       ] GC(35912) Pause Young (Allocation Failure)
[14313.866s][info][gc,heap        ] GC(35912) PSYoungGen: 92944K(93184K)->256K(90624K) Eden: 92672K(92672K)->0K(90112K) From: 272K(512K)->256K(512K)
[14313.866s][info][gc,heap        ] GC(35912) ParOldGen: 394893K(395264K)->394909K(395264K)
[14313.866s][info][gc,metaspace   ] GC(35912) Metaspace: 8795K(9024K)->8795K(9024K) NonClass: 8143K(8320K)->8143K(8320K) Class: 652K(704K)->652K(704K)
[14313.866s][info][gc             ] GC(35912) Pause Young (Allocation Failure) 476M->385M(474M) 1.321ms
[14313.866s][info][gc,cpu         ] GC(35912) User=0.00s Sys=0.00s Real=0.00s
[14314.143s][info][gc,start       ] GC(35913) Pause Young (Allocation Failure)
[14314.145s][info][gc,heap        ] GC(35913) PSYoungGen: 90368K(90624K)->256K(88064K) Eden: 90112K(90112K)->0K(87552K) From: 256K(512K)->256K(512K)
[14314.145s][info][gc,heap        ] GC(35913) ParOldGen: 394909K(395264K)->394925K(395264K)
[14314.145s][info][gc,metaspace   ] GC(35913) Metaspace: 8795K(9024K)->8795K(9024K) NonClass: 8143K(8320K)->8143K(8320K) Class: 652K(704K)->652K(704K)
[14314.145s][info][gc             ] GC(35913) Pause Young (Allocation Failure) 473M->385M(472M) 1.405ms
[14314.145s][info][gc,cpu         ] GC(35913) User=0.00s Sys=0.00s Real=0.00s
[14314.414s][info][gc,start       ] GC(35914) Pause Young (Allocation Failure)
[14314.416s][info][gc,heap        ] GC(35914) PSYoungGen: 87808K(88064K)->256K(202752K) Eden: 87552K(87552K)->0K(202240K) From: 256K(512K)->256K(512K)
[14314.416s][info][gc,heap        ] GC(35914) ParOldGen: 394925K(395264K)->394941K(395264K)
[14314.416s][info][gc,metaspace   ] GC(35914) Metaspace: 8795K(9024K)->8795K(9024K) NonClass: 8143K(8320K)->8143K(8320K) Class: 652K(704K)->652K(704K)
[14314.416s][info][gc             ] GC(35914) Pause Young (Allocation Failure) 471M->385M(584M) 1.729ms
[14314.416s][info][gc,cpu         ] GC(35914) User=0.00s Sys=0.00s Real=0.00s
[14315.032s][info][gc,start       ] GC(35915) Pause Young (Allocation Failure)
[14315.033s][info][gc,heap        ] GC(35915) PSYoungGen: 202496K(202752K)->224K(195584K) Eden: 202240K(202240K)->0K(195072K) From: 256K(512K)->224K(512K)
[14315.033s][info][gc,heap        ] GC(35915) ParOldGen: 394941K(395264K)->394957K(395264K)
[14315.033s][info][gc,metaspace   ] GC(35915) Metaspace: 8795K(9024K)->8795K(9024K) NonClass: 8143K(8320K)->8143K(8320K) Class: 652K(704K)->652K(704K)
[14315.034s][info][gc             ] GC(35915) Pause Young (Allocation Failure) 583M->385M(577M) 1.577ms
[14315.034s][info][gc,cpu         ] GC(35915) User=0.00s Sys=0.00s Real=0.00s
[14315.646s][info][gc,start       ] GC(35916) Pause Young (Allocation Failure)
[14315.648s][info][gc,heap        ] GC(35916) PSYoungGen: 195296K(195584K)->224K(188416K) Eden: 195072K(195072K)->0K(187904K) From: 224K(512K)->224K(512K)
[14315.648s][info][gc,heap        ] GC(35916) ParOldGen: 394957K(395264K)->394965K(395264K)
[14315.648s][info][gc,metaspace   ] GC(35916) Metaspace: 8795K(9024K)->8795K(9024K) NonClass: 8143K(8320K)->8143K(8320K) Class: 652K(704K)->652K(704K)
[14315.648s][info][gc             ] GC(35916) Pause Young (Allocation Failure) 576M->385M(570M) 2.413ms
[14315.648s][info][gc,cpu         ] GC(35916) User=0.00s Sys=0.00s Real=0.00s
[14316.293s][info][gc,start       ] GC(35917) Pause Young (Allocation Failure)
[14316.295s][info][gc,heap        ] GC(35917) PSYoungGen: 188128K(188416K)->272K(181760K) Eden: 187904K(187904K)->0K(181248K) From: 224K(512K)->272K(512K)
[14316.295s][info][gc,heap        ] GC(35917) ParOldGen: 394965K(395264K)->394973K(395264K)
[14316.295s][info][gc,metaspace   ] GC(35917) Metaspace: 8795K(9024K)->8795K(9024K) NonClass: 8143K(8320K)->8143K(8320K) Class: 652K(704K)->652K(704K)
[14316.295s][info][gc             ] GC(35917) Pause Young (Allocation Failure) 569M->385M(563M) 2.476ms
[14316.295s][info][gc,cpu         ] GC(35917) User=0.00s Sys=0.00s Real=0.00s
[14316.900s][info][gc,start       ] GC(35918) Pause Young (Allocation Failure)
[14316.903s][info][gc,heap        ] GC(35918) PSYoungGen: 181520K(181760K)->224K(175104K) Eden: 181248K(181248K)->0K(174592K) From: 272K(512K)->224K(512K)
[14316.903s][info][gc,heap        ] GC(35918) ParOldGen: 394973K(395264K)->394989K(395264K)
[14316.903s][info][gc,metaspace   ] GC(35918) Metaspace: 8795K(9024K)->8795K(9024K) NonClass: 8143K(8320K)->8143K(8320K) Class: 652K(704K)->652K(704K)
[14316.903s][info][gc             ] GC(35918) Pause Young (Allocation Failure) 562M->385M(557M) 2.575ms
[14316.903s][info][gc,cpu         ] GC(35918) User=0.01s Sys=0.00s Real=0.00s
[14317.501s][info][gc,start       ] GC(35919) Pause Young (Allocation Failure)
[14317.502s][info][gc,heap        ] GC(35919) PSYoungGen: 174816K(175104K)->256K(168960K) Eden: 174592K(174592K)->0K(168448K) From: 224K(512K)->256K(512K)
[14317.502s][info][gc,heap        ] GC(35919) ParOldGen: 394989K(395264K)->395005K(395264K)
[14317.502s][info][gc,metaspace   ] GC(35919) Metaspace: 8795K(9024K)->8795K(9024K) NonClass: 8143K(8320K)->8143K(8320K) Class: 652K(704K)->652K(704K)
[14317.502s][info][gc             ] GC(35919) Pause Young (Allocation Failure) 556M->385M(551M) 1.387ms
[14317.502s][info][gc,cpu         ] GC(35919) User=0.00s Sys=0.00s Real=0.00s
[14318.129s][info][gc,start       ] GC(35920) Pause Young (Allocation Failure)
[14318.130s][info][gc,heap        ] GC(35920) PSYoungGen: 168704K(168960K)->304K(163328K) Eden: 168448K(168448K)->0K(162816K) From: 256K(512K)->304K(512K)
[14318.130s][info][gc,heap        ] GC(35920) ParOldGen: 395005K(395264K)->395021K(395264K)
[14318.131s][info][gc,metaspace   ] GC(35920) Metaspace: 8795K(9024K)->8795K(9024K) NonClass: 8143K(8320K)->8143K(8320K) Class: 652K(704K)->652K(704K)
[14318.131s][info][gc             ] GC(35920) Pause Young (Allocation Failure) 550M->386M(545M) 1.318ms
[14318.131s][info][gc,cpu         ] GC(35920) User=0.00s Sys=0.00s Real=0.01s
[14318.657s][info][gc,start       ] GC(35921) Pause Young (Allocation Failure)
[14318.659s][info][gc,heap        ] GC(35921) PSYoungGen: 163120K(163328K)->272K(157696K) Eden: 162816K(162816K)->0K(157184K) From: 304K(512K)->272K(512K)
[14318.659s][info][gc,heap        ] GC(35921) ParOldGen: 395021K(395264K)->395037K(395264K)
[14318.659s][info][gc,metaspace   ] GC(35921) Metaspace: 8795K(9024K)->8795K(9024K) NonClass: 8143K(8320K)->8143K(8320K) Class: 652K(704K)->652K(704K)
[14318.659s][info][gc             ] GC(35921) Pause Young (Allocation Failure) 545M->386M(540M) 1.848ms
[14318.659s][info][gc,cpu         ] GC(35921) User=0.00s Sys=0.00s Real=0.00s
[14319.180s][info][gc,start       ] GC(35922) Pause Young (Allocation Failure)
[14319.181s][info][gc,heap        ] GC(35922) PSYoungGen: 157456K(157696K)->256K(152576K) Eden: 157184K(157184K)->0K(152064K) From: 272K(512K)->256K(512K)
[14319.181s][info][gc,heap        ] GC(35922) ParOldGen: 395037K(395264K)->395053K(395264K)
[14319.181s][info][gc,metaspace   ] GC(35922) Metaspace: 8795K(9024K)->8795K(9024K) NonClass: 8143K(8320K)->8143K(8320K) Class: 652K(704K)->652K(704K)
[14319.181s][info][gc             ] GC(35922) Pause Young (Allocation Failure) 539M->386M(535M) 1.344ms
[14319.181s][info][gc,cpu         ] GC(35922) User=0.00s Sys=0.00s Real=0.01s
[14319.661s][info][gc,start       ] GC(35923) Pause Young (Allocation Failure)
[14319.662s][info][gc,heap        ] GC(35923) PSYoungGen: 152320K(152576K)->256K(147456K) Eden: 152064K(152064K)->0K(146944K) From: 256K(512K)->256K(512K)
[14319.662s][info][gc,heap        ] GC(35923) ParOldGen: 395053K(395264K)->395069K(395264K)
[14319.662s][info][gc,metaspace   ] GC(35923) Metaspace: 8795K(9024K)->8795K(9024K) NonClass: 8143K(8320K)->8143K(8320K) Class: 652K(704K)->652K(704K)
[14319.662s][info][gc             ] GC(35923) Pause Young (Allocation Failure) 534M->386M(530M) 1.317ms
[14319.662s][info][gc,cpu         ] GC(35923) User=0.00s Sys=0.00s Real=0.00s
[14320.155s][info][gc,start       ] GC(35924) Pause Young (Allocation Failure)
[14320.156s][info][gc,heap        ] GC(35924) PSYoungGen: 147200K(147456K)->240K(142848K) Eden: 146944K(146944K)->0K(142336K) From: 256K(512K)->240K(512K)
[14320.156s][info][gc,heap        ] GC(35924) ParOldGen: 395069K(395264K)->395085K(395264K)
[14320.156s][info][gc,metaspace   ] GC(35924) Metaspace: 8795K(9024K)->8795K(9024K) NonClass: 8143K(8320K)->8143K(8320K) Class: 652K(704K)->652K(704K)
[14320.156s][info][gc             ] GC(35924) Pause Young (Allocation Failure) 529M->386M(525M) 1.320ms
[14320.156s][info][gc,cpu         ] GC(35924) User=0.01s Sys=0.00s Real=0.00s
[14320.650s][info][gc,start       ] GC(35925) Pause Young (Allocation Failure)
[14320.651s][info][gc,heap        ] GC(35925) PSYoungGen: 142576K(142848K)->240K(138240K) Eden: 142336K(142336K)->0K(137728K) From: 240K(512K)->240K(512K)
[14320.652s][info][gc,heap        ] GC(35925) ParOldGen: 395085K(395264K)->395101K(395264K)
[14320.652s][info][gc,metaspace   ] GC(35925) Metaspace: 8795K(9024K)->8795K(9024K) NonClass: 8143K(8320K)->8143K(8320K) Class: 652K(704K)->652K(704K)
[14320.652s][info][gc             ] GC(35925) Pause Young (Allocation Failure) 525M->386M(521M) 1.326ms
[14320.652s][info][gc,cpu         ] GC(35925) User=0.00s Sys=0.00s Real=0.01s
[14321.056s][info][gc,start       ] GC(35926) Pause Young (Allocation Failure)
[14321.057s][info][gc,heap        ] GC(35926) PSYoungGen: 137968K(138240K)->256K(133632K) Eden: 137728K(137728K)->0K(133120K) From: 240K(512K)->256K(512K)
[14321.057s][info][gc,heap        ] GC(35926) ParOldGen: 395101K(395264K)->395117K(395264K)
[14321.057s][info][gc,metaspace   ] GC(35926) Metaspace: 8795K(9024K)->8795K(9024K) NonClass: 8143K(8320K)->8143K(8320K) Class: 652K(704K)->652K(704K)
[14321.057s][info][gc             ] GC(35926) Pause Young (Allocation Failure) 520M->386M(516M) 1.290ms
[14321.057s][info][gc,cpu         ] GC(35926) User=0.00s Sys=0.00s Real=0.00s
[14321.493s][info][gc,start       ] GC(35927) Pause Young (Allocation Failure)
[14321.494s][info][gc,heap        ] GC(35927) PSYoungGen: 133376K(133632K)->256K(129536K) Eden: 133120K(133120K)->0K(129024K) From: 256K(512K)->256K(512K)
[14321.494s][info][gc,heap        ] GC(35927) ParOldGen: 395117K(395264K)->395133K(395264K)
[14321.494s][info][gc,metaspace   ] GC(35927) Metaspace: 8795K(9024K)->8795K(9024K) NonClass: 8143K(8320K)->8143K(8320K) Class: 652K(704K)->652K(704K)
[14321.494s][info][gc             ] GC(35927) Pause Young (Allocation Failure) 516M->386M(512M) 1.330ms
[14321.494s][info][gc,cpu         ] GC(35927) User=0.00s Sys=0.00s Real=0.00s
[14321.904s][info][gc,start       ] GC(35928) Pause Young (Allocation Failure)
[14321.906s][info][gc,heap        ] GC(35928) PSYoungGen: 129280K(129536K)->256K(125440K) Eden: 129024K(129024K)->0K(124928K) From: 256K(512K)->256K(512K)
[14321.906s][info][gc,heap        ] GC(35928) ParOldGen: 395133K(395264K)->395149K(395264K)
[14321.906s][info][gc,metaspace   ] GC(35928) Metaspace: 8795K(9024K)->8795K(9024K) NonClass: 8143K(8320K)->8143K(8320K) Class: 652K(704K)->652K(704K)
[14321.906s][info][gc             ] GC(35928) Pause Young (Allocation Failure) 512M->386M(508M) 1.841ms
[14321.906s][info][gc,cpu         ] GC(35928) User=0.00s Sys=0.00s Real=0.00s
[14322.319s][info][gc,start       ] GC(35929) Pause Young (Allocation Failure)
[14322.320s][info][gc,heap        ] GC(35929) PSYoungGen: 125184K(125440K)->240K(121344K) Eden: 124928K(124928K)->0K(120832K) From: 256K(512K)->240K(512K)
[14322.320s][info][gc,heap        ] GC(35929) ParOldGen: 395149K(395264K)->395165K(395264K)
[14322.320s][info][gc,metaspace   ] GC(35929) Metaspace: 8795K(9024K)->8795K(9024K) NonClass: 8143K(8320K)->8143K(8320K) Class: 652K(704K)->652K(704K)
[14322.320s][info][gc             ] GC(35929) Pause Young (Allocation Failure) 508M->386M(504M) 1.339ms
[14322.320s][info][gc,cpu         ] GC(35929) User=0.00s Sys=0.00s Real=0.01s
[14322.708s][info][gc,start       ] GC(35930) Pause Young (Allocation Failure)
[14322.709s][info][gc,heap        ] GC(35930) PSYoungGen: 121072K(121344K)->256K(117760K) Eden: 120832K(120832K)->0K(117248K) From: 240K(512K)->256K(512K)
[14322.709s][info][gc,heap        ] GC(35930) ParOldGen: 395165K(395264K)->395181K(395264K)
[14322.709s][info][gc,metaspace   ] GC(35930) Metaspace: 8795K(9024K)->8795K(9024K) NonClass: 8143K(8320K)->8143K(8320K) Class: 652K(704K)->652K(704K)
[14322.709s][info][gc             ] GC(35930) Pause Young (Allocation Failure) 504M->386M(501M) 1.363ms
[14322.709s][info][gc,cpu         ] GC(35930) User=0.01s Sys=0.00s Real=0.00s
[14323.119s][info][gc,start       ] GC(35931) Pause Young (Allocation Failure)
[14323.120s][info][gc,heap        ] GC(35931) PSYoungGen: 117504K(117760K)->272K(114176K) Eden: 117248K(117248K)->0K(113664K) From: 256K(512K)->272K(512K)
[14323.120s][info][gc,heap        ] GC(35931) ParOldGen: 395181K(395264K)->395197K(395264K)
[14323.120s][info][gc,metaspace   ] GC(35931) Metaspace: 8795K(9024K)->8795K(9024K) NonClass: 8143K(8320K)->8143K(8320K) Class: 652K(704K)->652K(704K)
[14323.120s][info][gc             ] GC(35931) Pause Young (Allocation Failure) 500M->386M(497M) 1.357ms
[14323.120s][info][gc,cpu         ] GC(35931) User=0.00s Sys=0.00s Real=0.01s
[14323.484s][info][gc,start       ] GC(35932) Pause Young (Allocation Failure)
[14323.485s][info][gc,heap        ] GC(35932) PSYoungGen: 113936K(114176K)->272K(110592K) Eden: 113664K(113664K)->0K(110080K) From: 272K(512K)->272K(512K)
[14323.485s][info][gc,heap        ] GC(35932) ParOldGen: 395197K(395264K)->395213K(395264K)
[14323.485s][info][gc,metaspace   ] GC(35932) Metaspace: 8795K(9024K)->8795K(9024K) NonClass: 8143K(8320K)->8143K(8320K) Class: 652K(704K)->652K(704K)
[14323.485s][info][gc             ] GC(35932) Pause Young (Allocation Failure) 497M->386M(494M) 1.303ms
[14323.485s][info][gc,cpu         ] GC(35932) User=0.00s Sys=0.00s Real=0.00s
[14323.860s][info][gc,start       ] GC(35933) Pause Young (Allocation Failure)
[14323.861s][info][gc,heap        ] GC(35933) PSYoungGen: 110352K(110592K)->256K(107520K) Eden: 110080K(110080K)->0K(107008K) From: 272K(512K)->256K(512K)
[14323.861s][info][gc,heap        ] GC(35933) ParOldGen: 395213K(395264K)->395229K(395264K)
[14323.861s][info][gc,metaspace   ] GC(35933) Metaspace: 8795K(9024K)->8795K(9024K) NonClass: 8143K(8320K)->8143K(8320K) Class: 652K(704K)->652K(704K)
[14323.861s][info][gc             ] GC(35933) Pause Young (Allocation Failure) 493M->386M(491M) 1.301ms
[14323.861s][info][gc,cpu         ] GC(35933) User=0.00s Sys=0.00s Real=0.01s
[14324.195s][info][gc,start       ] GC(35934) Pause Young (Allocation Failure)
[14324.197s][info][gc,heap        ] GC(35934) PSYoungGen: 107264K(107520K)->240K(104448K) Eden: 107008K(107008K)->0K(103936K) From: 256K(512K)->240K(512K)
[14324.197s][info][gc,heap        ] GC(35934) ParOldGen: 395229K(395264K)->395245K(395264K)
[14324.197s][info][gc,metaspace   ] GC(35934) Metaspace: 8795K(9024K)->8795K(9024K) NonClass: 8143K(8320K)->8143K(8320K) Class: 652K(704K)->652K(704K)
[14324.197s][info][gc             ] GC(35934) Pause Young (Allocation Failure) 490M->386M(488M) 1.372ms
[14324.197s][info][gc,cpu         ] GC(35934) User=0.00s Sys=0.00s Real=0.00s
[14324.527s][info][gc,start       ] GC(35935) Pause Young (Allocation Failure)
[14324.530s][info][gc,heap        ] GC(35935) PSYoungGen: 104176K(104448K)->224K(101376K) Eden: 103936K(103936K)->0K(100864K) From: 240K(512K)->224K(512K)
[14324.530s][info][gc,heap        ] GC(35935) ParOldGen: 395245K(395264K)->395253K(395264K)
[14324.530s][info][gc,metaspace   ] GC(35935) Metaspace: 8795K(9024K)->8795K(9024K) NonClass: 8143K(8320K)->8143K(8320K) Class: 652K(704K)->652K(704K)
[14324.530s][info][gc             ] GC(35935) Pause Young (Allocation Failure) 487M->386M(485M) 2.429ms
[14324.530s][info][gc,cpu         ] GC(35935) User=0.00s Sys=0.00s Real=0.00s
[14324.842s][info][gc,start       ] GC(35936) Pause Young (Allocation Failure)
[14324.844s][info][gc,heap        ] GC(35936) PSYoungGen: 101088K(101376K)->272K(98304K) Eden: 100864K(100864K)->0K(97792K) From: 224K(512K)->272K(512K)
[14324.844s][info][gc,heap        ] GC(35936) ParOldGen: 395253K(395264K)->395261K(395264K)
[14324.844s][info][gc,metaspace   ] GC(35936) Metaspace: 8795K(9024K)->8795K(9024K) NonClass: 8143K(8320K)->8143K(8320K) Class: 652K(704K)->652K(704K)
[14324.844s][info][gc             ] GC(35936) Pause Young (Allocation Failure) 484M->386M(482M) 2.409ms
[14324.844s][info][gc,cpu         ] GC(35936) User=0.00s Sys=0.00s Real=0.00s
[14325.161s][info][gc,start       ] GC(35937) Pause Young (Allocation Failure)
[14325.163s][info][gc,heap        ] GC(35937) PSYoungGen: 98064K(98304K)->240K(95744K) Eden: 97792K(97792K)->0K(95232K) From: 272K(512K)->240K(512K)
[14325.163s][info][gc,heap        ] GC(35937) ParOldGen: 395261K(395264K)->395269K(395776K)
[14325.163s][info][gc,metaspace   ] GC(35937) Metaspace: 8795K(9024K)->8795K(9024K) NonClass: 8143K(8320K)->8143K(8320K) Class: 652K(704K)->652K(704K)
[14325.163s][info][gc             ] GC(35937) Pause Young (Allocation Failure) 481M->386M(480M) 2.439ms
[14325.163s][info][gc,cpu         ] GC(35937) User=0.00s Sys=0.00s Real=0.00s
[14325.469s][info][gc,start       ] GC(35938) Pause Young (Allocation Failure)
[14325.471s][info][gc,heap        ] GC(35938) PSYoungGen: 95472K(95744K)->240K(93184K) Eden: 95232K(95232K)->0K(92672K) From: 240K(512K)->240K(512K)
