[0.002s][info][metaspace]  - commit_granule_bytes: 65536.
[0.002s][info][metaspace]  - commit_granule_words: 8192.
[0.002s][info][metaspace]  - virtual_space_node_default_size: 8388608.
[0.002s][info][metaspace]  - enlarge_chunks_in_place: 1.
[0.004s][info][gc,init  ] CardTable entry size: 512
[0.008s][info][gc       ] Using G1
[0.011s][info][gc,init  ] Version: 24-internal-adhoc.root.jdk (release)
[0.011s][info][gc,init  ] CPUs: 2 total, 2 available
[0.011s][info][gc,init  ] Memory: 3908M
[0.011s][info][gc,init  ] Large Page Support: Disabled
[0.011s][info][gc,init  ] NUMA Support: Disabled
[0.011s][info][gc,init  ] Compressed Oops: Enabled (32-bit)
[0.011s][info][gc,init  ] Heap Region Size: 1M
[0.011s][info][gc,init  ] Heap Min Capacity: 256M
[0.011s][info][gc,init  ] Heap Initial Capacity: 256M
[0.011s][info][gc,init  ] Heap Max Capacity: 978M
[0.011s][info][gc,init  ] Pre-touch: Disabled
[0.011s][info][gc,init  ] Parallel Workers: 2
[0.011s][info][gc,init  ] Concurrent Workers: 1
[0.011s][info][gc,init  ] Concurrent Refinement Workers: 2
[0.011s][info][gc,init  ] Periodic GC: Disabled
[0.023s][info][gc,metaspace] CDS archive(s) mapped at: [0x00007f253a000000-0x00007f253adc0000-0x00007f253adc0000), size 14417920, SharedBaseAddress: 0x00007f253a000000, ArchiveRelocationMode: 1.
[0.023s][info][gc,metaspace] Compressed class space mapped at: 0x00007f253b000000-0x00007f257b000000, reserved size: 1073741824
[0.023s][info][gc,metaspace] UseCompressedClassPointers 1, UseCompactObjectHeaders 0
[0.023s][info][gc,metaspace] Narrow klass pointer bits 32, Max shift 3
[0.023s][info][gc,metaspace] Narrow klass base: 0x00007f253a000000, Narrow klass shift: 0
[0.024s][info][gc,metaspace] Encoding Range: [0x00007f253a000000 - 0x00007f263a000000), (4294967296 bytes)
[0.024s][info][gc,metaspace] Klass Range:    [0x00007f253a000000 - 0x00007f257b000000), (1090519040 bytes)
[0.024s][info][gc,metaspace] Klass ID Range:  [8 - 1090519033) (1090519025)
[0.245s][info][gc,start    ] GC(0) Pause Young (Normal) (G1 Evacuation Pause)
[0.245s][info][gc,task     ] GC(0) Using 2 workers of 2 for evacuation
[0.250s][info][gc,phases   ] GC(0)   Pre Evacuate Collection Set: 0.18ms
[0.250s][info][gc,phases   ] GC(0)   Merge Heap Roots: 0.07ms
[0.250s][info][gc,phases   ] GC(0)   Evacuate Collection Set: 4.19ms
[0.250s][info][gc,phases   ] GC(0)   Post Evacuate Collection Set: 0.24ms
[0.250s][info][gc,phases   ] GC(0)   Other: 0.18ms
[0.250s][info][gc,heap     ] GC(0) Eden regions: 12->0(10)
[0.250s][info][gc,heap     ] GC(0) Survivor regions: 0->2(2)
[0.250s][info][gc,heap     ] GC(0) Old regions: 2->2
[0.250s][info][gc,heap     ] GC(0) Humongous regions: 0->0
[0.250s][info][gc,metaspace] GC(0) Metaspace: 2328K(2432K)->2328K(2432K) NonClass: 2132K(2176K)->2132K(2176K) Class: 196K(256K)->196K(256K)
[0.250s][info][gc          ] GC(0) Pause Young (Normal) (G1 Evacuation Pause) 13M->2M(258M) 5.074ms
[0.250s][info][gc,cpu      ] GC(0) User=0.01s Sys=0.00s Real=0.00s
[0.272s][info][gc,start    ] GC(1) Pause Young (Normal) (G1 Evacuation Pause)
[0.272s][info][gc,task     ] GC(1) Using 2 workers of 2 for evacuation
[0.275s][info][gc,phases   ] GC(1)   Pre Evacuate Collection Set: 0.17ms
[0.275s][info][gc,phases   ] GC(1)   Merge Heap Roots: 0.03ms
[0.275s][info][gc,phases   ] GC(1)   Evacuate Collection Set: 2.71ms
[0.275s][info][gc,phases   ] GC(1)   Post Evacuate Collection Set: 0.15ms
[0.275s][info][gc,phases   ] GC(1)   Other: 0.06ms
[0.275s][info][gc,heap     ] GC(1) Eden regions: 10->0(20)
[0.275s][info][gc,heap     ] GC(1) Survivor regions: 2->1(2)
[0.275s][info][gc,heap     ] GC(1) Old regions: 2->4
[0.275s][info][gc,heap     ] GC(1) Humongous regions: 0->0
[0.275s][info][gc,metaspace] GC(1) Metaspace: 2386K(2496K)->2386K(2496K) NonClass: 2189K(2240K)->2189K(2240K) Class: 197K(256K)->197K(256K)
[0.275s][info][gc          ] GC(1) Pause Young (Normal) (G1 Evacuation Pause) 12M->3M(258M) 3.255ms
[0.275s][info][gc,cpu      ] GC(1) User=0.00s Sys=0.00s Real=0.01s
[0.317s][info][gc,start    ] GC(2) Pause Young (Normal) (G1 Evacuation Pause)
[0.317s][info][gc,task     ] GC(2) Using 2 workers of 2 for evacuation
[0.318s][info][gc,phases   ] GC(2)   Pre Evacuate Collection Set: 0.18ms
[0.318s][info][gc,phases   ] GC(2)   Merge Heap Roots: 0.04ms
[0.318s][info][gc,phases   ] GC(2)   Evacuate Collection Set: 0.26ms
[0.318s][info][gc,phases   ] GC(2)   Post Evacuate Collection Set: 0.16ms
[0.318s][info][gc,phases   ] GC(2)   Other: 0.07ms
[0.318s][info][gc,heap     ] GC(2) Eden regions: 20->0(25)
[0.318s][info][gc,heap     ] GC(2) Survivor regions: 1->1(3)
[0.318s][info][gc,heap     ] GC(2) Old regions: 4->4
[0.318s][info][gc,heap     ] GC(2) Humongous regions: 0->0
[0.318s][info][gc,metaspace] GC(2) Metaspace: 2582K(2688K)->2582K(2688K) NonClass: 2385K(2432K)->2385K(2432K) Class: 197K(256K)->197K(256K)
[0.318s][info][gc          ] GC(2) Pause Young (Normal) (G1 Evacuation Pause) 23M->3M(258M) 0.863ms
[0.318s][info][gc,cpu      ] GC(2) User=0.00s Sys=0.00s Real=0.00s
[0.647s][info][gc,start    ] GC(3) Pause Young (Normal) (G1 Evacuation Pause)
[0.647s][info][gc,task     ] GC(3) Using 2 workers of 2 for evacuation
[0.668s][info][gc,phases   ] GC(3)   Pre Evacuate Collection Set: 0.17ms
[0.668s][info][gc,phases   ] GC(3)   Merge Heap Roots: 0.03ms
[0.668s][info][gc,phases   ] GC(3)   Evacuate Collection Set: 20.67ms
[0.668s][info][gc,phases   ] GC(3)   Post Evacuate Collection Set: 0.35ms
[0.668s][info][gc,phases   ] GC(3)   Other: 0.06ms
[0.668s][info][gc,heap     ] GC(3) Eden regions: 25->0(21)
[0.668s][info][gc,heap     ] GC(3) Survivor regions: 1->4(4)
[0.668s][info][gc,heap     ] GC(3) Old regions: 4->11
[0.668s][info][gc,heap     ] GC(3) Humongous regions: 0->0
[0.668s][info][gc,metaspace] GC(3) Metaspace: 4957K(5120K)->4957K(5120K) NonClass: 4459K(4544K)->4459K(4544K) Class: 498K(576K)->498K(576K)
[0.668s][info][gc          ] GC(3) Pause Young (Normal) (G1 Evacuation Pause) 28M->14M(258M) 21.477ms
[0.668s][info][gc,cpu      ] GC(3) User=0.03s Sys=0.01s Real=0.02s
[6.675s][info][gc,start    ] GC(4) Pause Young (Normal) (G1 Evacuation Pause)
[6.675s][info][gc,task     ] GC(4) Using 2 workers of 2 for evacuation
[6.689s][info][gc,phases   ] GC(4)   Pre Evacuate Collection Set: 0.17ms
[6.689s][info][gc,phases   ] GC(4)   Merge Heap Roots: 0.10ms
[6.689s][info][gc,phases   ] GC(4)   Evacuate Collection Set: 13.47ms
[6.689s][info][gc,phases   ] GC(4)   Post Evacuate Collection Set: 0.46ms
[6.689s][info][gc,phases   ] GC(4)   Other: 0.06ms
[6.689s][info][gc,heap     ] GC(4) Eden regions: 21->0(23)
[6.689s][info][gc,heap     ] GC(4) Survivor regions: 4->1(4)
[6.689s][info][gc,heap     ] GC(4) Old regions: 11->16
[6.689s][info][gc,heap     ] GC(4) Humongous regions: 0->0
[6.689s][info][gc,metaspace] GC(4) Metaspace: 5217K(5376K)->5217K(5376K) NonClass: 4718K(4800K)->4718K(4800K) Class: 498K(576K)->498K(576K)
[6.689s][info][gc          ] GC(4) Pause Young (Normal) (G1 Evacuation Pause) 35M->15M(258M) 14.410ms
[6.689s][info][gc,cpu      ] GC(4) User=0.02s Sys=0.01s Real=0.01s
[12.673s][info][gc,start    ] GC(5) Pause Young (Normal) (G1 Evacuation Pause)
[12.673s][info][gc,task     ] GC(5) Using 2 workers of 2 for evacuation
[12.675s][info][gc,phases   ] GC(5)   Pre Evacuate Collection Set: 0.17ms
[12.675s][info][gc,phases   ] GC(5)   Merge Heap Roots: 0.06ms
[12.675s][info][gc,phases   ] GC(5)   Evacuate Collection Set: 2.08ms
[12.675s][info][gc,phases   ] GC(5)   Post Evacuate Collection Set: 0.18ms
[12.675s][info][gc,phases   ] GC(5)   Other: 0.08ms
[12.675s][info][gc,heap     ] GC(5) Eden regions: 44->0(34)
[12.675s][info][gc,heap     ] GC(5) Survivor regions: 1->2(6)
[12.675s][info][gc,heap     ] GC(5) Old regions: 16->16
[12.675s][info][gc,heap     ] GC(5) Humongous regions: 0->0
[12.675s][info][gc,metaspace] GC(5) Metaspace: 5238K(5376K)->5238K(5376K) NonClass: 4739K(4800K)->4739K(4800K) Class: 498K(576K)->498K(576K)
[12.675s][info][gc          ] GC(5) Pause Young (Normal) (G1 Evacuation Pause) 59M->15M(258M) 2.712ms
[12.675s][info][gc,cpu      ] GC(5) User=0.00s Sys=0.00s Real=0.01s
[18.635s][info][gc,start    ] GC(6) Pause Young (Normal) (G1 Evacuation Pause)
[18.635s][info][gc,task     ] GC(6) Using 2 workers of 2 for evacuation
[18.638s][info][gc,phases   ] GC(6)   Pre Evacuate Collection Set: 0.16ms
[18.638s][info][gc,phases   ] GC(6)   Merge Heap Roots: 0.05ms
[18.638s][info][gc,phases   ] GC(6)   Evacuate Collection Set: 2.39ms
[18.638s][info][gc,phases   ] GC(6)   Post Evacuate Collection Set: 0.19ms
[18.638s][info][gc,phases   ] GC(6)   Other: 0.07ms
[18.638s][info][gc,heap     ] GC(6) Eden regions: 48->0(53)
[18.638s][info][gc,heap     ] GC(6) Survivor regions: 2->2(7)
[18.638s][info][gc,heap     ] GC(6) Old regions: 16->16
[18.638s][info][gc,heap     ] GC(6) Humongous regions: 0->0
[18.638s][info][gc,metaspace] GC(6) Metaspace: 5242K(5376K)->5242K(5376K) NonClass: 4743K(4800K)->4743K(4800K) Class: 498K(576K)->498K(576K)
[18.638s][info][gc          ] GC(6) Pause Young (Normal) (G1 Evacuation Pause) 63M->16M(258M) 3.007ms
[18.638s][info][gc,cpu      ] GC(6) User=0.00s Sys=0.00s Real=0.00s
[25.641s][info][gc,start    ] GC(7) Pause Young (Normal) (G1 Evacuation Pause)
[25.641s][info][gc,task     ] GC(7) Using 2 workers of 2 for evacuation
[25.644s][info][gc,phases   ] GC(7)   Pre Evacuate Collection Set: 0.16ms
[25.644s][info][gc,phases   ] GC(7)   Merge Heap Roots: 0.07ms
[25.644s][info][gc,phases   ] GC(7)   Evacuate Collection Set: 2.85ms
[25.644s][info][gc,phases   ] GC(7)   Post Evacuate Collection Set: 0.19ms
[25.644s][info][gc,phases   ] GC(7)   Other: 0.08ms
[25.644s][info][gc,heap     ] GC(7) Eden regions: 66->0(70)
[25.644s][info][gc,heap     ] GC(7) Survivor regions: 2->2(9)
[25.644s][info][gc,heap     ] GC(7) Old regions: 16->16
[25.644s][info][gc,heap     ] GC(7) Humongous regions: 0->0
[25.644s][info][gc,metaspace] GC(7) Metaspace: 5245K(5376K)->5245K(5376K) NonClass: 4746K(4800K)->4746K(4800K) Class: 498K(576K)->498K(576K)
[25.644s][info][gc          ] GC(7) Pause Young (Normal) (G1 Evacuation Pause) 82M->16M(258M) 3.500ms
[25.644s][info][gc,cpu      ] GC(7) User=0.01s Sys=0.00s Real=0.00s
[33.881s][info][gc,start    ] GC(8) Pause Young (Normal) (G1 Evacuation Pause)
[33.881s][info][gc,task     ] GC(8) Using 2 workers of 2 for evacuation
[33.885s][info][gc,phases   ] GC(8)   Pre Evacuate Collection Set: 0.17ms
[33.885s][info][gc,phases   ] GC(8)   Merge Heap Roots: 0.05ms
[33.885s][info][gc,phases   ] GC(8)   Evacuate Collection Set: 3.25ms
[33.885s][info][gc,phases   ] GC(8)   Post Evacuate Collection Set: 0.21ms
[33.885s][info][gc,phases   ] GC(8)   Other: 0.08ms
[33.885s][info][gc,heap     ] GC(8) Eden regions: 82->0(92)
[33.885s][info][gc,heap     ] GC(8) Survivor regions: 2->3(11)
[33.885s][info][gc,heap     ] GC(8) Old regions: 16->16
[33.885s][info][gc,heap     ] GC(8) Humongous regions: 0->0
[33.885s][info][gc,metaspace] GC(8) Metaspace: 5245K(5376K)->5245K(5376K) NonClass: 4746K(4800K)->4746K(4800K) Class: 498K(576K)->498K(576K)
[33.885s][info][gc          ] GC(8) Pause Young (Normal) (G1 Evacuation Pause) 98M->17M(258M) 3.923ms
[33.885s][info][gc,cpu      ] GC(8) User=0.01s Sys=0.00s Real=0.01s
[45.238s][info][gc,start    ] GC(9) Pause Young (Normal) (G1 Evacuation Pause)
[45.238s][info][gc,task     ] GC(9) Using 2 workers of 2 for evacuation
[45.243s][info][gc,phases   ] GC(9)   Pre Evacuate Collection Set: 0.18ms
[45.243s][info][gc,phases   ] GC(9)   Merge Heap Roots: 0.05ms
[45.243s][info][gc,phases   ] GC(9)   Evacuate Collection Set: 4.30ms
[45.243s][info][gc,phases   ] GC(9)   Post Evacuate Collection Set: 0.25ms
[45.243s][info][gc,phases   ] GC(9)   Other: 0.10ms
[45.243s][info][gc,heap     ] GC(9) Eden regions: 103->0(117)
[45.243s][info][gc,heap     ] GC(9) Survivor regions: 3->3(14)
[45.243s][info][gc,heap     ] GC(9) Old regions: 16->16
[45.243s][info][gc,heap     ] GC(9) Humongous regions: 0->0
[45.243s][info][gc,metaspace] GC(9) Metaspace: 5246K(5376K)->5246K(5376K) NonClass: 4747K(4800K)->4747K(4800K) Class: 498K(576K)->498K(576K)
[45.243s][info][gc          ] GC(9) Pause Young (Normal) (G1 Evacuation Pause) 120M->17M(258M) 5.019ms
[45.243s][info][gc,cpu      ] GC(9) User=0.00s Sys=0.01s Real=0.00s
[58.418s][info][gc,start    ] GC(10) Pause Young (Normal) (G1 Evacuation Pause)
[58.418s][info][gc,task     ] GC(10) Using 2 workers of 2 for evacuation
[58.424s][info][gc,phases   ] GC(10)   Pre Evacuate Collection Set: 0.16ms
[58.424s][info][gc,phases   ] GC(10)   Merge Heap Roots: 0.06ms
[58.424s][info][gc,phases   ] GC(10)   Evacuate Collection Set: 5.05ms
[58.424s][info][gc,phases   ] GC(10)   Post Evacuate Collection Set: 0.27ms
[58.424s][info][gc,phases   ] GC(10)   Other: 0.09ms
[58.424s][info][gc,heap     ] GC(10) Eden regions: 128->0(144)
[58.424s][info][gc,heap     ] GC(10) Survivor regions: 3->4(17)
[58.424s][info][gc,heap     ] GC(10) Old regions: 16->16
[58.424s][info][gc,heap     ] GC(10) Humongous regions: 0->0
[58.424s][info][gc,metaspace] GC(10) Metaspace: 5246K(5376K)->5246K(5376K) NonClass: 4747K(4800K)->4747K(4800K) Class: 498K(576K)->498K(576K)
[58.424s][info][gc          ] GC(10) Pause Young (Normal) (G1 Evacuation Pause) 145M->18M(258M) 5.817ms
[58.424s][info][gc,cpu      ] GC(10) User=0.01s Sys=0.00s Real=0.00s
[74.155s][info][gc,start    ] GC(11) Pause Young (Normal) (G1 Evacuation Pause)
[74.155s][info][gc,task     ] GC(11) Using 2 workers of 2 for evacuation
[74.163s][info][gc,phases   ] GC(11)   Pre Evacuate Collection Set: 0.15ms
[74.163s][info][gc,phases   ] GC(11)   Merge Heap Roots: 0.06ms
[74.163s][info][gc,phases   ] GC(11)   Evacuate Collection Set: 7.15ms
[74.163s][info][gc,phases   ] GC(11)   Post Evacuate Collection Set: 0.26ms
[74.163s][info][gc,phases   ] GC(11)   Other: 0.08ms
[74.163s][info][gc,heap     ] GC(11) Eden regions: 148->0(149)
[74.163s][info][gc,heap     ] GC(11) Survivor regions: 4->4(19)
[74.163s][info][gc,heap     ] GC(11) Old regions: 16->16
[74.163s][info][gc,heap     ] GC(11) Humongous regions: 0->0
[74.163s][info][gc,metaspace] GC(11) Metaspace: 5247K(5376K)->5247K(5376K) NonClass: 4748K(4800K)->4748K(4800K) Class: 498K(576K)->498K(576K)
[74.163s][info][gc          ] GC(11) Pause Young (Normal) (G1 Evacuation Pause) 166M->18M(258M) 7.858ms
[74.163s][info][gc,cpu      ] GC(11) User=0.01s Sys=0.00s Real=0.00s
[90.312s][info][gc,start    ] GC(12) Pause Young (Normal) (G1 Evacuation Pause)
[90.312s][info][gc,task     ] GC(12) Using 2 workers of 2 for evacuation
[90.320s][info][gc,phases   ] GC(12)   Pre Evacuate Collection Set: 0.15ms
[90.320s][info][gc,phases   ] GC(12)   Merge Heap Roots: 0.06ms
[90.320s][info][gc,phases   ] GC(12)   Evacuate Collection Set: 7.29ms
[90.320s][info][gc,phases   ] GC(12)   Post Evacuate Collection Set: 0.32ms
[90.320s][info][gc,phases   ] GC(12)   Other: 0.07ms
[90.320s][info][gc,heap     ] GC(12) Eden regions: 149->0(148)
[90.320s][info][gc,heap     ] GC(12) Survivor regions: 4->5(20)
[90.320s][info][gc,heap     ] GC(12) Old regions: 16->16
[90.320s][info][gc,heap     ] GC(12) Humongous regions: 0->0
[90.320s][info][gc,metaspace] GC(12) Metaspace: 5247K(5376K)->5247K(5376K) NonClass: 4748K(4800K)->4748K(4800K) Class: 498K(576K)->498K(576K)
[90.320s][info][gc          ] GC(12) Pause Young (Normal) (G1 Evacuation Pause) 167M->19M(258M) 8.044ms
[90.320s][info][gc,cpu      ] GC(12) User=0.02s Sys=0.00s Real=0.01s
[108.550s][info][gc,start    ] GC(13) Pause Young (Normal) (G1 Evacuation Pause)
[108.550s][info][gc,task     ] GC(13) Using 2 workers of 2 for evacuation
[108.576s][info][gc,phases   ] GC(13)   Pre Evacuate Collection Set: 0.20ms
[108.576s][info][gc,phases   ] GC(13)   Merge Heap Roots: 0.08ms
[108.576s][info][gc,phases   ] GC(13)   Evacuate Collection Set: 24.73ms
[108.576s][info][gc,phases   ] GC(13)   Post Evacuate Collection Set: 0.34ms
[108.576s][info][gc,phases   ] GC(13)   Other: 0.06ms
[108.576s][info][gc,heap     ] GC(13) Eden regions: 148->0(137)
[108.576s][info][gc,heap     ] GC(13) Survivor regions: 5->16(20)
[108.576s][info][gc,heap     ] GC(13) Old regions: 16->16
[108.576s][info][gc,heap     ] GC(13) Humongous regions: 0->0
[108.576s][info][gc,metaspace] GC(13) Metaspace: 5430K(5632K)->5430K(5632K) NonClass: 4921K(5056K)->4921K(5056K) Class: 508K(576K)->508K(576K)
[108.576s][info][gc          ] GC(13) Pause Young (Normal) (G1 Evacuation Pause) 167M->30M(258M) 25.588ms
[108.576s][info][gc,cpu      ] GC(13) User=0.04s Sys=0.01s Real=0.03s
[124.417s][info][gc,start    ] GC(14) Pause Young (Normal) (G1 Evacuation Pause)
[124.417s][info][gc,task     ] GC(14) Using 2 workers of 2 for evacuation
[124.441s][info][gc,phases   ] GC(14)   Pre Evacuate Collection Set: 0.15ms
[124.441s][info][gc,phases   ] GC(14)   Merge Heap Roots: 0.08ms
[124.441s][info][gc,phases   ] GC(14)   Evacuate Collection Set: 23.15ms
[124.441s][info][gc,phases   ] GC(14)   Post Evacuate Collection Set: 0.29ms
[124.441s][info][gc,phases   ] GC(14)   Other: 0.08ms
[124.441s][info][gc,heap     ] GC(14) Eden regions: 137->0(152)
[124.441s][info][gc,heap     ] GC(14) Survivor regions: 16->1(20)
[124.441s][info][gc,heap     ] GC(14) Old regions: 16->31
[124.441s][info][gc,heap     ] GC(14) Humongous regions: 0->0
[124.441s][info][gc,metaspace] GC(14) Metaspace: 5431K(5632K)->5431K(5632K) NonClass: 4922K(5056K)->4922K(5056K) Class: 508K(576K)->508K(576K)
[124.441s][info][gc          ] GC(14) Pause Young (Normal) (G1 Evacuation Pause) 167M->31M(258M) 23.919ms
[124.441s][info][gc,cpu      ] GC(14) User=0.04s Sys=0.01s Real=0.02s
[140.482s][info][gc,start    ] GC(15) Pause Young (Normal) (G1 Evacuation Pause)
[140.482s][info][gc,task     ] GC(15) Using 2 workers of 2 for evacuation
[140.484s][info][gc,phases   ] GC(15)   Pre Evacuate Collection Set: 0.16ms
[140.484s][info][gc,phases   ] GC(15)   Merge Heap Roots: 0.07ms
[140.484s][info][gc,phases   ] GC(15)   Evacuate Collection Set: 1.61ms
[140.484s][info][gc,phases   ] GC(15)   Post Evacuate Collection Set: 0.25ms
[140.484s][info][gc,phases   ] GC(15)   Other: 0.06ms
[140.484s][info][gc,heap     ] GC(15) Eden regions: 152->0(152)
[140.484s][info][gc,heap     ] GC(15) Survivor regions: 1->1(20)
[140.484s][info][gc,heap     ] GC(15) Old regions: 31->31
[140.484s][info][gc,heap     ] GC(15) Humongous regions: 0->0
[140.484s][info][gc,metaspace] GC(15) Metaspace: 5431K(5632K)->5431K(5632K) NonClass: 4922K(5056K)->4922K(5056K) Class: 508K(576K)->508K(576K)
[140.484s][info][gc          ] GC(15) Pause Young (Normal) (G1 Evacuation Pause) 183M->31M(258M) 2.304ms
[140.484s][info][gc,cpu      ] GC(15) User=0.01s Sys=0.00s Real=0.00s
[156.615s][info][gc,start    ] GC(16) Pause Young (Normal) (G1 Evacuation Pause)
[156.615s][info][gc,task     ] GC(16) Using 2 workers of 2 for evacuation
[156.617s][info][gc,phases   ] GC(16)   Pre Evacuate Collection Set: 0.16ms
[156.617s][info][gc,phases   ] GC(16)   Merge Heap Roots: 0.06ms
[156.617s][info][gc,phases   ] GC(16)   Evacuate Collection Set: 2.08ms
[156.617s][info][gc,phases   ] GC(16)   Post Evacuate Collection Set: 0.25ms
[156.617s][info][gc,phases   ] GC(16)   Other: 0.08ms
[156.617s][info][gc,heap     ] GC(16) Eden regions: 152->0(151)
[156.617s][info][gc,heap     ] GC(16) Survivor regions: 1->2(20)
[156.617s][info][gc,heap     ] GC(16) Old regions: 31->31
[156.617s][info][gc,heap     ] GC(16) Humongous regions: 0->0
[156.617s][info][gc,metaspace] GC(16) Metaspace: 5431K(5632K)->5431K(5632K) NonClass: 4922K(5056K)->4922K(5056K) Class: 508K(576K)->508K(576K)
[156.617s][info][gc          ] GC(16) Pause Young (Normal) (G1 Evacuation Pause) 183M->31M(258M) 2.780ms
[156.617s][info][gc,cpu      ] GC(16) User=0.00s Sys=0.00s Real=0.00s
[172.677s][info][gc,start    ] GC(17) Pause Young (Normal) (G1 Evacuation Pause)
[172.677s][info][gc,task     ] GC(17) Using 2 workers of 2 for evacuation
[172.681s][info][gc,phases   ] GC(17)   Pre Evacuate Collection Set: 0.18ms
[172.681s][info][gc,phases   ] GC(17)   Merge Heap Roots: 0.08ms
[172.681s][info][gc,phases   ] GC(17)   Evacuate Collection Set: 2.97ms
[172.681s][info][gc,phases   ] GC(17)   Post Evacuate Collection Set: 0.30ms
[172.681s][info][gc,phases   ] GC(17)   Other: 0.08ms
[172.681s][info][gc,heap     ] GC(17) Eden regions: 151->0(151)
[172.681s][info][gc,heap     ] GC(17) Survivor regions: 2->2(20)
[172.681s][info][gc,heap     ] GC(17) Old regions: 31->31
[172.681s][info][gc,heap     ] GC(17) Humongous regions: 0->0
[172.681s][info][gc,metaspace] GC(17) Metaspace: 5431K(5632K)->5431K(5632K) NonClass: 4922K(5056K)->4922K(5056K) Class: 508K(576K)->508K(576K)
[172.681s][info][gc          ] GC(17) Pause Young (Normal) (G1 Evacuation Pause) 182M->32M(258M) 3.814ms
[172.681s][info][gc,cpu      ] GC(17) User=0.00s Sys=0.00s Real=0.00s
[188.399s][info][gc,start    ] GC(18) Pause Young (Normal) (G1 Evacuation Pause)
[188.399s][info][gc,task     ] GC(18) Using 2 workers of 2 for evacuation
[188.402s][info][gc,phases   ] GC(18)   Pre Evacuate Collection Set: 0.15ms
[188.402s][info][gc,phases   ] GC(18)   Merge Heap Roots: 0.07ms
[188.402s][info][gc,phases   ] GC(18)   Evacuate Collection Set: 2.94ms
[188.402s][info][gc,phases   ] GC(18)   Post Evacuate Collection Set: 0.26ms
[188.403s][info][gc,phases   ] GC(18)   Other: 0.06ms
[188.403s][info][gc,heap     ] GC(18) Eden regions: 151->0(150)
[188.403s][info][gc,heap     ] GC(18) Survivor regions: 2->3(20)
[188.403s][info][gc,heap     ] GC(18) Old regions: 31->31
[188.403s][info][gc,heap     ] GC(18) Humongous regions: 0->0
[188.403s][info][gc,metaspace] GC(18) Metaspace: 5431K(5632K)->5431K(5632K) NonClass: 4922K(5056K)->4922K(5056K) Class: 508K(576K)->508K(576K)
[188.403s][info][gc          ] GC(18) Pause Young (Normal) (G1 Evacuation Pause) 183M->32M(258M) 3.659ms
[188.403s][info][gc,cpu      ] GC(18) User=0.01s Sys=0.00s Real=0.00s
[208.073s][info][gc,start    ] GC(19) Pause Young (Normal) (G1 Evacuation Pause)
[208.073s][info][gc,task     ] GC(19) Using 2 workers of 2 for evacuation
[208.090s][info][gc,phases   ] GC(19)   Pre Evacuate Collection Set: 0.18ms
[208.090s][info][gc,phases   ] GC(19)   Merge Heap Roots: 0.08ms
[208.090s][info][gc,phases   ] GC(19)   Evacuate Collection Set: 16.49ms
[208.090s][info][gc,phases   ] GC(19)   Post Evacuate Collection Set: 0.31ms
[208.090s][info][gc,phases   ] GC(19)   Other: 0.08ms
[208.090s][info][gc,heap     ] GC(19) Eden regions: 150->0(139)
[208.090s][info][gc,heap     ] GC(19) Survivor regions: 3->14(20)
[208.090s][info][gc,heap     ] GC(19) Old regions: 31->31
[208.090s][info][gc,heap     ] GC(19) Humongous regions: 0->0
[208.090s][info][gc,metaspace] GC(19) Metaspace: 5450K(5632K)->5450K(5632K) NonClass: 4941K(5056K)->4941K(5056K) Class: 508K(576K)->508K(576K)
[208.090s][info][gc          ] GC(19) Pause Young (Normal) (G1 Evacuation Pause) 182M->43M(258M) 17.300ms
[208.090s][info][gc,cpu      ] GC(19) User=0.03s Sys=0.00s Real=0.02s
[223.216s][info][gc,start    ] GC(20) Pause Young (Normal) (G1 Evacuation Pause)
[223.216s][info][gc,task     ] GC(20) Using 2 workers of 2 for evacuation
[223.237s][info][gc,phases   ] GC(20)   Pre Evacuate Collection Set: 0.18ms
[223.237s][info][gc,phases   ] GC(20)   Merge Heap Roots: 0.05ms
[223.237s][info][gc,phases   ] GC(20)   Evacuate Collection Set: 20.94ms
[223.237s][info][gc,phases   ] GC(20)   Post Evacuate Collection Set: 0.31ms
[223.237s][info][gc,phases   ] GC(20)   Other: 0.06ms
[223.237s][info][gc,heap     ] GC(20) Eden regions: 139->0(152)
[223.237s][info][gc,heap     ] GC(20) Survivor regions: 14->1(20)
[223.237s][info][gc,heap     ] GC(20) Old regions: 31->45
[223.237s][info][gc,heap     ] GC(20) Humongous regions: 0->0
[223.237s][info][gc,metaspace] GC(20) Metaspace: 5450K(5632K)->5450K(5632K) NonClass: 4941K(5056K)->4941K(5056K) Class: 508K(576K)->508K(576K)
[223.237s][info][gc          ] GC(20) Pause Young (Normal) (G1 Evacuation Pause) 182M->45M(258M) 21.697ms
[223.237s][info][gc,cpu      ] GC(20) User=0.03s Sys=0.01s Real=0.02s
[239.794s][info][gc,start    ] GC(21) Pause Young (Normal) (G1 Evacuation Pause)
[239.794s][info][gc,task     ] GC(21) Using 2 workers of 2 for evacuation
[239.796s][info][gc,phases   ] GC(21)   Pre Evacuate Collection Set: 0.16ms
[239.796s][info][gc,phases   ] GC(21)   Merge Heap Roots: 0.07ms
[239.796s][info][gc,phases   ] GC(21)   Evacuate Collection Set: 1.65ms
[239.796s][info][gc,phases   ] GC(21)   Post Evacuate Collection Set: 0.25ms
[239.796s][info][gc,phases   ] GC(21)   Other: 0.06ms
[239.797s][info][gc,heap     ] GC(21) Eden regions: 152->0(152)
[239.797s][info][gc,heap     ] GC(21) Survivor regions: 1->1(20)
[239.797s][info][gc,heap     ] GC(21) Old regions: 45->45
[239.797s][info][gc,heap     ] GC(21) Humongous regions: 0->0
[239.797s][info][gc,metaspace] GC(21) Metaspace: 5450K(5632K)->5450K(5632K) NonClass: 4941K(5056K)->4941K(5056K) Class: 508K(576K)->508K(576K)
[239.797s][info][gc          ] GC(21) Pause Young (Normal) (G1 Evacuation Pause) 197M->45M(258M) 2.370ms
[239.797s][info][gc,cpu      ] GC(21) User=0.00s Sys=0.00s Real=0.01s
[255.974s][info][gc,start    ] GC(22) Pause Young (Normal) (G1 Evacuation Pause)
[255.974s][info][gc,task     ] GC(22) Using 2 workers of 2 for evacuation
[255.977s][info][gc,phases   ] GC(22)   Pre Evacuate Collection Set: 0.15ms
[255.977s][info][gc,phases   ] GC(22)   Merge Heap Roots: 0.06ms
[255.977s][info][gc,phases   ] GC(22)   Evacuate Collection Set: 2.08ms
[255.977s][info][gc,phases   ] GC(22)   Post Evacuate Collection Set: 0.33ms
[255.977s][info][gc,phases   ] GC(22)   Other: 0.07ms
[255.977s][info][gc,heap     ] GC(22) Eden regions: 152->0(151)
[255.977s][info][gc,heap     ] GC(22) Survivor regions: 1->2(20)
[255.977s][info][gc,heap     ] GC(22) Old regions: 45->45
[255.977s][info][gc,heap     ] GC(22) Humongous regions: 0->0
[255.977s][info][gc,metaspace] GC(22) Metaspace: 5450K(5632K)->5450K(5632K) NonClass: 4941K(5056K)->4941K(5056K) Class: 508K(576K)->508K(576K)
[255.977s][info][gc          ] GC(22) Pause Young (Normal) (G1 Evacuation Pause) 197M->45M(258M) 2.856ms
[255.977s][info][gc,cpu      ] GC(22) User=0.00s Sys=0.00s Real=0.01s
[271.901s][info][gc,start    ] GC(23) Pause Young (Normal) (G1 Evacuation Pause)
[271.901s][info][gc,task     ] GC(23) Using 2 workers of 2 for evacuation
[271.907s][info][gc,phases   ] GC(23)   Pre Evacuate Collection Set: 0.20ms
[271.907s][info][gc,phases   ] GC(23)   Merge Heap Roots: 0.07ms
[271.907s][info][gc,phases   ] GC(23)   Evacuate Collection Set: 5.02ms
[271.907s][info][gc,phases   ] GC(23)   Post Evacuate Collection Set: 0.33ms
[271.907s][info][gc,phases   ] GC(23)   Other: 0.07ms
[271.907s][info][gc,heap     ] GC(23) Eden regions: 151->0(151)
[271.907s][info][gc,heap     ] GC(23) Survivor regions: 2->2(20)
[271.907s][info][gc,heap     ] GC(23) Old regions: 45->45
[271.907s][info][gc,heap     ] GC(23) Humongous regions: 0->0
[271.907s][info][gc,metaspace] GC(23) Metaspace: 5450K(5632K)->5450K(5632K) NonClass: 4941K(5056K)->4941K(5056K) Class: 508K(576K)->508K(576K)
[271.907s][info][gc          ] GC(23) Pause Young (Normal) (G1 Evacuation Pause) 196M->46M(258M) 5.849ms
[271.907s][info][gc,cpu      ] GC(23) User=0.00s Sys=0.00s Real=0.01s
[287.637s][info][gc,start    ] GC(24) Pause Young (Normal) (G1 Evacuation Pause)
[287.637s][info][gc,task     ] GC(24) Using 2 workers of 2 for evacuation
[287.641s][info][gc,phases   ] GC(24)   Pre Evacuate Collection Set: 0.21ms
[287.641s][info][gc,phases   ] GC(24)   Merge Heap Roots: 0.06ms
[287.641s][info][gc,phases   ] GC(24)   Evacuate Collection Set: 3.66ms
[287.641s][info][gc,phases   ] GC(24)   Post Evacuate Collection Set: 0.34ms
[287.641s][info][gc,phases   ] GC(24)   Other: 0.07ms
[287.641s][info][gc,heap     ] GC(24) Eden regions: 151->0(150)
[287.641s][info][gc,heap     ] GC(24) Survivor regions: 2->3(20)
[287.641s][info][gc,heap     ] GC(24) Old regions: 45->45
[287.641s][info][gc,heap     ] GC(24) Humongous regions: 0->0
[287.641s][info][gc,metaspace] GC(24) Metaspace: 5450K(5632K)->5450K(5632K) NonClass: 4941K(5056K)->4941K(5056K) Class: 508K(576K)->508K(576K)
[287.641s][info][gc          ] GC(24) Pause Young (Normal) (G1 Evacuation Pause) 197M->46M(258M) 4.500ms
[287.641s][info][gc,cpu      ] GC(24) User=0.00s Sys=0.00s Real=0.00s
[307.038s][info][gc,start    ] GC(25) Pause Young (Normal) (G1 Evacuation Pause)
[307.038s][info][gc,task     ] GC(25) Using 2 workers of 2 for evacuation
[307.071s][info][gc,phases   ] GC(25)   Pre Evacuate Collection Set: 0.21ms
[307.071s][info][gc,phases   ] GC(25)   Merge Heap Roots: 0.07ms
[307.071s][info][gc,phases   ] GC(25)   Evacuate Collection Set: 31.52ms
[307.071s][info][gc,phases   ] GC(25)   Post Evacuate Collection Set: 0.31ms
[307.071s][info][gc,phases   ] GC(25)   Other: 0.08ms
[307.071s][info][gc,heap     ] GC(25) Eden regions: 150->0(139)
[307.071s][info][gc,heap     ] GC(25) Survivor regions: 3->14(20)
[307.071s][info][gc,heap     ] GC(25) Old regions: 45->45
[307.071s][info][gc,heap     ] GC(25) Humongous regions: 0->0
[307.071s][info][gc,metaspace] GC(25) Metaspace: 5500K(5696K)->5500K(5696K) NonClass: 4991K(5120K)->4991K(5120K) Class: 508K(576K)->508K(576K)
[307.071s][info][gc          ] GC(25) Pause Young (Normal) (G1 Evacuation Pause) 196M->57M(258M) 32.374ms
[307.071s][info][gc,cpu      ] GC(25) User=0.03s Sys=0.00s Real=0.03s
[321.804s][info][gc,start    ] GC(26) Pause Young (Normal) (G1 Evacuation Pause)
[321.804s][info][gc,task     ] GC(26) Using 2 workers of 2 for evacuation
[321.825s][info][gc,phases   ] GC(26)   Pre Evacuate Collection Set: 0.15ms
[321.825s][info][gc,phases   ] GC(26)   Merge Heap Roots: 0.07ms
[321.825s][info][gc,phases   ] GC(26)   Evacuate Collection Set: 20.03ms
[321.825s][info][gc,phases   ] GC(26)   Post Evacuate Collection Set: 0.26ms
[321.825s][info][gc,phases   ] GC(26)   Other: 0.06ms
[321.825s][info][gc,heap     ] GC(26) Eden regions: 139->0(152)
[321.825s][info][gc,heap     ] GC(26) Survivor regions: 14->1(20)
[321.825s][info][gc,heap     ] GC(26) Old regions: 45->59
[321.825s][info][gc,heap     ] GC(26) Humongous regions: 0->0
[321.825s][info][gc,metaspace] GC(26) Metaspace: 5500K(5696K)->5500K(5696K) NonClass: 4991K(5120K)->4991K(5120K) Class: 508K(576K)->508K(576K)
[321.825s][info][gc          ] GC(26) Pause Young (Normal) (G1 Evacuation Pause) 196M->58M(258M) 20.748ms
[321.825s][info][gc,cpu      ] GC(26) User=0.03s Sys=0.01s Real=0.03s
[337.634s][info][gc,start    ] GC(27) Pause Young (Normal) (G1 Evacuation Pause)
[337.634s][info][gc,task     ] GC(27) Using 2 workers of 2 for evacuation
[337.636s][info][gc,phases   ] GC(27)   Pre Evacuate Collection Set: 0.17ms
[337.636s][info][gc,phases   ] GC(27)   Merge Heap Roots: 0.07ms
[337.636s][info][gc,phases   ] GC(27)   Evacuate Collection Set: 1.69ms
[337.636s][info][gc,phases   ] GC(27)   Post Evacuate Collection Set: 0.26ms
[337.636s][info][gc,phases   ] GC(27)   Other: 0.08ms
[337.636s][info][gc,heap     ] GC(27) Eden regions: 152->0(152)
[337.636s][info][gc,heap     ] GC(27) Survivor regions: 1->1(20)
[337.636s][info][gc,heap     ] GC(27) Old regions: 59->59
[337.636s][info][gc,heap     ] GC(27) Humongous regions: 0->0
[337.636s][info][gc,metaspace] GC(27) Metaspace: 5500K(5696K)->5500K(5696K) NonClass: 4991K(5120K)->4991K(5120K) Class: 508K(576K)->508K(576K)
[337.636s][info][gc          ] GC(27) Pause Young (Normal) (G1 Evacuation Pause) 210M->58M(258M) 2.446ms
[337.636s][info][gc,cpu      ] GC(27) User=0.01s Sys=0.00s Real=0.01s
[354.695s][info][gc,start    ] GC(28) Pause Young (Normal) (G1 Evacuation Pause)
[354.695s][info][gc,task     ] GC(28) Using 2 workers of 2 for evacuation
[354.697s][info][gc,phases   ] GC(28)   Pre Evacuate Collection Set: 0.16ms
[354.698s][info][gc,phases   ] GC(28)   Merge Heap Roots: 0.06ms
[354.698s][info][gc,phases   ] GC(28)   Evacuate Collection Set: 2.17ms
[354.698s][info][gc,phases   ] GC(28)   Post Evacuate Collection Set: 0.26ms
[354.698s][info][gc,phases   ] GC(28)   Other: 0.06ms
[354.698s][info][gc,heap     ] GC(28) Eden regions: 152->0(151)
[354.698s][info][gc,heap     ] GC(28) Survivor regions: 1->2(20)
[354.698s][info][gc,heap     ] GC(28) Old regions: 59->59
[354.698s][info][gc,heap     ] GC(28) Humongous regions: 0->0
[354.698s][info][gc,metaspace] GC(28) Metaspace: 5500K(5696K)->5500K(5696K) NonClass: 4991K(5120K)->4991K(5120K) Class: 508K(576K)->508K(576K)
[354.698s][info][gc          ] GC(28) Pause Young (Normal) (G1 Evacuation Pause) 210M->58M(258M) 2.869ms
[354.698s][info][gc,cpu      ] GC(28) User=0.00s Sys=0.00s Real=0.00s
[371.065s][info][gc,start    ] GC(29) Pause Young (Normal) (G1 Evacuation Pause)
[371.065s][info][gc,task     ] GC(29) Using 2 workers of 2 for evacuation
[371.070s][info][gc,phases   ] GC(29)   Pre Evacuate Collection Set: 0.18ms
[371.070s][info][gc,phases   ] GC(29)   Merge Heap Roots: 0.05ms
[371.070s][info][gc,phases   ] GC(29)   Evacuate Collection Set: 4.74ms
[371.070s][info][gc,phases   ] GC(29)   Post Evacuate Collection Set: 0.35ms
[371.070s][info][gc,phases   ] GC(29)   Other: 0.07ms
[371.071s][info][gc,heap     ] GC(29) Eden regions: 151->0(150)
[371.071s][info][gc,heap     ] GC(29) Survivor regions: 2->3(20)
[371.071s][info][gc,heap     ] GC(29) Old regions: 59->59
[371.071s][info][gc,heap     ] GC(29) Humongous regions: 0->0
[371.071s][info][gc,metaspace] GC(29) Metaspace: 5500K(5696K)->5500K(5696K) NonClass: 4991K(5120K)->4991K(5120K) Class: 508K(576K)->508K(576K)
[371.071s][info][gc          ] GC(29) Pause Young (Normal) (G1 Evacuation Pause) 209M->59M(258M) 5.593ms
[371.071s][info][gc,cpu      ] GC(29) User=0.00s Sys=0.00s Real=0.00s
[386.664s][info][gc,start    ] GC(30) Pause Young (Normal) (G1 Evacuation Pause)
[386.664s][info][gc,task     ] GC(30) Using 2 workers of 2 for evacuation
[386.679s][info][gc,phases   ] GC(30)   Pre Evacuate Collection Set: 0.19ms
[386.679s][info][gc,phases   ] GC(30)   Merge Heap Roots: 0.07ms
[386.679s][info][gc,phases   ] GC(30)   Evacuate Collection Set: 15.06ms
[386.679s][info][gc,phases   ] GC(30)   Post Evacuate Collection Set: 0.30ms
[386.679s][info][gc,phases   ] GC(30)   Other: 0.07ms
[386.679s][info][gc,heap     ] GC(30) Eden regions: 150->0(141)
[386.679s][info][gc,heap     ] GC(30) Survivor regions: 3->12(20)
[386.679s][info][gc,heap     ] GC(30) Old regions: 59->59
[386.679s][info][gc,heap     ] GC(30) Humongous regions: 0->0
[386.679s][info][gc,metaspace] GC(30) Metaspace: 5515K(5696K)->5515K(5696K) NonClass: 5006K(5120K)->5006K(5120K) Class: 508K(576K)->508K(576K)
[386.679s][info][gc          ] GC(30) Pause Young (Normal) (G1 Evacuation Pause) 209M->69M(258M) 15.854ms
[386.679s][info][gc,cpu      ] GC(30) User=0.03s Sys=0.00s Real=0.02s
[406.910s][info][gc,start    ] GC(31) Pause Young (Normal) (G1 Evacuation Pause)
[406.910s][info][gc,task     ] GC(31) Using 2 workers of 2 for evacuation
[406.927s][info][gc,phases   ] GC(31)   Pre Evacuate Collection Set: 0.16ms
[406.927s][info][gc,phases   ] GC(31)   Merge Heap Roots: 0.05ms
[406.927s][info][gc,phases   ] GC(31)   Evacuate Collection Set: 15.73ms
[406.927s][info][gc,phases   ] GC(31)   Post Evacuate Collection Set: 0.29ms
[406.927s][info][gc,phases   ] GC(31)   Other: 0.06ms
[406.927s][info][gc,heap     ] GC(31) Eden regions: 141->0(141)
[406.927s][info][gc,heap     ] GC(31) Survivor regions: 12->12(20)
[406.927s][info][gc,heap     ] GC(31) Old regions: 59->61
[406.927s][info][gc,heap     ] GC(31) Humongous regions: 0->0
[406.927s][info][gc,metaspace] GC(31) Metaspace: 5515K(5696K)->5515K(5696K) NonClass: 5006K(5120K)->5006K(5120K) Class: 508K(576K)->508K(576K)
[406.927s][info][gc          ] GC(31) Pause Young (Normal) (G1 Evacuation Pause) 210M->71M(258M) 16.454ms
[406.927s][info][gc,cpu      ] GC(31) User=0.03s Sys=0.00s Real=0.02s
[421.647s][info][gc,start    ] GC(32) Pause Young (Normal) (G1 Evacuation Pause)
[421.647s][info][gc,task     ] GC(32) Using 2 workers of 2 for evacuation
[421.666s][info][gc,phases   ] GC(32)   Pre Evacuate Collection Set: 0.15ms
[421.666s][info][gc,phases   ] GC(32)   Merge Heap Roots: 0.07ms
[421.666s][info][gc,phases   ] GC(32)   Evacuate Collection Set: 17.71ms
[421.666s][info][gc,phases   ] GC(32)   Post Evacuate Collection Set: 0.28ms
[421.666s][info][gc,phases   ] GC(32)   Other: 0.08ms
[421.666s][info][gc,heap     ] GC(32) Eden regions: 141->0(151)
[421.666s][info][gc,heap     ] GC(32) Survivor regions: 12->2(20)
[421.666s][info][gc,heap     ] GC(32) Old regions: 61->71
[421.666s][info][gc,heap     ] GC(32) Humongous regions: 0->0
[421.666s][info][gc,metaspace] GC(32) Metaspace: 5515K(5696K)->5515K(5696K) NonClass: 5006K(5120K)->5006K(5120K) Class: 508K(576K)->508K(576K)
[421.666s][info][gc          ] GC(32) Pause Young (Normal) (G1 Evacuation Pause) 212M->72M(258M) 18.440ms
[421.666s][info][gc,cpu      ] GC(32) User=0.03s Sys=0.01s Real=0.02s
[437.564s][info][gc,start    ] GC(33) Pause Young (Normal) (G1 Evacuation Pause)
[437.564s][info][gc,task     ] GC(33) Using 2 workers of 2 for evacuation
[437.566s][info][gc,phases   ] GC(33)   Pre Evacuate Collection Set: 0.15ms
[437.566s][info][gc,phases   ] GC(33)   Merge Heap Roots: 0.05ms
[437.566s][info][gc,phases   ] GC(33)   Evacuate Collection Set: 1.72ms
[437.566s][info][gc,phases   ] GC(33)   Post Evacuate Collection Set: 0.24ms
[437.566s][info][gc,phases   ] GC(33)   Other: 0.07ms
[437.566s][info][gc,heap     ] GC(33) Eden regions: 151->0(151)
[437.566s][info][gc,heap     ] GC(33) Survivor regions: 2->2(20)
[437.566s][info][gc,heap     ] GC(33) Old regions: 71->71
[437.566s][info][gc,heap     ] GC(33) Humongous regions: 0->0
[437.566s][info][gc,metaspace] GC(33) Metaspace: 5515K(5696K)->5515K(5696K) NonClass: 5006K(5120K)->5006K(5120K) Class: 508K(576K)->508K(576K)
[437.566s][info][gc          ] GC(33) Pause Young (Normal) (G1 Evacuation Pause) 223M->71M(258M) 2.383ms
[437.566s][info][gc,cpu      ] GC(33) User=0.00s Sys=0.00s Real=0.01s
[452.847s][info][gc,start    ] GC(34) Pause Young (Normal) (G1 Evacuation Pause)
[452.848s][info][gc,task     ] GC(34) Using 2 workers of 2 for evacuation
[452.850s][info][gc,phases   ] GC(34)   Pre Evacuate Collection Set: 0.16ms
[452.850s][info][gc,phases   ] GC(34)   Merge Heap Roots: 0.07ms
[452.850s][info][gc,phases   ] GC(34)   Evacuate Collection Set: 1.79ms
[452.850s][info][gc,phases   ] GC(34)   Post Evacuate Collection Set: 0.27ms
[452.850s][info][gc,phases   ] GC(34)   Other: 0.08ms
[452.850s][info][gc,heap     ] GC(34) Eden regions: 151->0(151)
[452.850s][info][gc,heap     ] GC(34) Survivor regions: 2->2(20)
[452.850s][info][gc,heap     ] GC(34) Old regions: 71->71
[452.850s][info][gc,heap     ] GC(34) Humongous regions: 0->0
[452.850s][info][gc,metaspace] GC(34) Metaspace: 5515K(5696K)->5515K(5696K) NonClass: 5006K(5120K)->5006K(5120K) Class: 508K(576K)->508K(576K)
[452.850s][info][gc          ] GC(34) Pause Young (Normal) (G1 Evacuation Pause) 222M->71M(258M) 2.555ms
[452.850s][info][gc,cpu      ] GC(34) User=0.00s Sys=0.00s Real=0.00s
[469.070s][info][gc,start    ] GC(35) Pause Young (Normal) (G1 Evacuation Pause)
[469.070s][info][gc,task     ] GC(35) Using 2 workers of 2 for evacuation
[469.072s][info][gc,phases   ] GC(35)   Pre Evacuate Collection Set: 0.16ms
[469.072s][info][gc,phases   ] GC(35)   Merge Heap Roots: 0.08ms
[469.072s][info][gc,phases   ] GC(35)   Evacuate Collection Set: 1.83ms
[469.072s][info][gc,phases   ] GC(35)   Post Evacuate Collection Set: 0.27ms
[469.072s][info][gc,phases   ] GC(35)   Other: 0.06ms
[469.072s][info][gc,heap     ] GC(35) Eden regions: 151->0(151)
[469.072s][info][gc,heap     ] GC(35) Survivor regions: 2->2(20)
[469.072s][info][gc,heap     ] GC(35) Old regions: 71->71
[469.072s][info][gc,heap     ] GC(35) Humongous regions: 0->0
[469.072s][info][gc,metaspace] GC(35) Metaspace: 5515K(5696K)->5515K(5696K) NonClass: 5006K(5120K)->5006K(5120K) Class: 508K(576K)->508K(576K)
[469.072s][info][gc          ] GC(35) Pause Young (Normal) (G1 Evacuation Pause) 222M->71M(258M) 2.567ms
[469.072s][info][gc,cpu      ] GC(35) User=0.01s Sys=0.00s Real=0.00s
[487.403s][info][gc,start    ] GC(36) Pause Young (Normal) (G1 Evacuation Pause)
[487.403s][info][gc,task     ] GC(36) Using 2 workers of 2 for evacuation
[487.419s][info][gc,phases   ] GC(36)   Pre Evacuate Collection Set: 0.16ms
[487.419s][info][gc,phases   ] GC(36)   Merge Heap Roots: 0.07ms
[487.419s][info][gc,phases   ] GC(36)   Evacuate Collection Set: 15.02ms
[487.419s][info][gc,phases   ] GC(36)   Post Evacuate Collection Set: 0.29ms
[487.419s][info][gc,phases   ] GC(36)   Other: 0.06ms
[487.419s][info][gc,heap     ] GC(36) Eden regions: 151->0(141)
[487.419s][info][gc,heap     ] GC(36) Survivor regions: 2->12(20)
[487.419s][info][gc,heap     ] GC(36) Old regions: 71->71
[487.419s][info][gc,heap     ] GC(36) Humongous regions: 0->0
[487.419s][info][gc,metaspace] GC(36) Metaspace: 5545K(5696K)->5545K(5696K) NonClass: 5035K(5120K)->5035K(5120K) Class: 509K(576K)->509K(576K)
[487.419s][info][gc          ] GC(36) Pause Young (Normal) (G1 Evacuation Pause) 222M->82M(258M) 15.773ms
[487.419s][info][gc,cpu      ] GC(36) User=0.03s Sys=0.00s Real=0.02s
[504.347s][info][gc,start    ] GC(37) Pause Young (Normal) (G1 Evacuation Pause)
[504.347s][info][gc,task     ] GC(37) Using 2 workers of 2 for evacuation
[504.367s][info][gc,phases   ] GC(37)   Pre Evacuate Collection Set: 0.15ms
[504.367s][info][gc,phases   ] GC(37)   Merge Heap Roots: 0.05ms
[504.367s][info][gc,phases   ] GC(37)   Evacuate Collection Set: 19.16ms
[504.367s][info][gc,phases   ] GC(37)   Post Evacuate Collection Set: 0.28ms
[504.367s][info][gc,phases   ] GC(37)   Other: 0.06ms
[504.367s][info][gc,heap     ] GC(37) Eden regions: 141->0(152)
[504.367s][info][gc,heap     ] GC(37) Survivor regions: 12->1(20)
[504.367s][info][gc,heap     ] GC(37) Old regions: 71->83
[504.367s][info][gc,heap     ] GC(37) Humongous regions: 0->0
[504.367s][info][gc,metaspace] GC(37) Metaspace: 5545K(5696K)->5545K(5696K) NonClass: 5035K(5120K)->5035K(5120K) Class: 509K(576K)->509K(576K)
[504.367s][info][gc          ] GC(37) Pause Young (Normal) (G1 Evacuation Pause) 223M->83M(258M) 19.866ms
[504.367s][info][gc,cpu      ] GC(37) User=0.03s Sys=0.01s Real=0.02s
[520.605s][info][gc,start    ] GC(38) Pause Young (Normal) (G1 Evacuation Pause)
[520.605s][info][gc,task     ] GC(38) Using 2 workers of 2 for evacuation
[520.607s][info][gc,phases   ] GC(38)   Pre Evacuate Collection Set: 0.15ms
[520.607s][info][gc,phases   ] GC(38)   Merge Heap Roots: 0.06ms
[520.607s][info][gc,phases   ] GC(38)   Evacuate Collection Set: 1.61ms
[520.607s][info][gc,phases   ] GC(38)   Post Evacuate Collection Set: 0.25ms
[520.607s][info][gc,phases   ] GC(38)   Other: 0.09ms
[520.607s][info][gc,heap     ] GC(38) Eden regions: 152->0(152)
[520.607s][info][gc,heap     ] GC(38) Survivor regions: 1->1(20)
[520.607s][info][gc,heap     ] GC(38) Old regions: 83->83
[520.607s][info][gc,heap     ] GC(38) Humongous regions: 0->0
[520.607s][info][gc,metaspace] GC(38) Metaspace: 5545K(5696K)->5545K(5696K) NonClass: 5035K(5120K)->5035K(5120K) Class: 509K(576K)->509K(576K)
[520.607s][info][gc          ] GC(38) Pause Young (Normal) (G1 Evacuation Pause) 235M->82M(258M) 2.315ms
[520.607s][info][gc,cpu      ] GC(38) User=0.00s Sys=0.00s Real=0.00s
[536.437s][info][gc,start    ] GC(39) Pause Young (Normal) (G1 Evacuation Pause)
[536.437s][info][gc,task     ] GC(39) Using 2 workers of 2 for evacuation
[536.439s][info][gc,phases   ] GC(39)   Pre Evacuate Collection Set: 0.16ms
[536.439s][info][gc,phases   ] GC(39)   Merge Heap Roots: 0.06ms
[536.439s][info][gc,phases   ] GC(39)   Evacuate Collection Set: 2.07ms
[536.440s][info][gc,phases   ] GC(39)   Post Evacuate Collection Set: 0.25ms
[536.440s][info][gc,phases   ] GC(39)   Other: 0.06ms
[536.440s][info][gc,heap     ] GC(39) Eden regions: 152->0(151)
[536.440s][info][gc,heap     ] GC(39) Survivor regions: 1->2(20)
[536.440s][info][gc,heap     ] GC(39) Old regions: 83->83
[536.440s][info][gc,heap     ] GC(39) Humongous regions: 0->0
[536.440s][info][gc,metaspace] GC(39) Metaspace: 5545K(5696K)->5545K(5696K) NonClass: 5035K(5120K)->5035K(5120K) Class: 509K(576K)->509K(576K)
[536.440s][info][gc          ] GC(39) Pause Young (Normal) (G1 Evacuation Pause) 234M->83M(258M) 2.775ms
[536.440s][info][gc,cpu      ] GC(39) User=0.00s Sys=0.01s Real=0.00s
[552.684s][info][gc,start    ] GC(40) Pause Young (Normal) (G1 Evacuation Pause)
[552.684s][info][gc,task     ] GC(40) Using 2 workers of 2 for evacuation
[552.689s][info][gc,phases   ] GC(40)   Pre Evacuate Collection Set: 0.21ms
[552.689s][info][gc,phases   ] GC(40)   Merge Heap Roots: 0.05ms
[552.689s][info][gc,phases   ] GC(40)   Evacuate Collection Set: 4.87ms
[552.689s][info][gc,phases   ] GC(40)   Post Evacuate Collection Set: 0.27ms
[552.689s][info][gc,phases   ] GC(40)   Other: 0.07ms
[552.689s][info][gc,heap     ] GC(40) Eden regions: 151->0(150)
[552.689s][info][gc,heap     ] GC(40) Survivor regions: 2->3(20)
[552.689s][info][gc,heap     ] GC(40) Old regions: 83->83
[552.689s][info][gc,heap     ] GC(40) Humongous regions: 0->0
[552.689s][info][gc,metaspace] GC(40) Metaspace: 5545K(5696K)->5545K(5696K) NonClass: 5035K(5120K)->5035K(5120K) Class: 509K(576K)->509K(576K)
[552.689s][info][gc          ] GC(40) Pause Young (Normal) (G1 Evacuation Pause) 234M->84M(258M) 5.656ms
[552.689s][info][gc,cpu      ] GC(40) User=0.00s Sys=0.00s Real=0.01s
[567.931s][info][gc,start    ] GC(41) Pause Young (Normal) (G1 Evacuation Pause)
[567.931s][info][gc,task     ] GC(41) Using 2 workers of 2 for evacuation
[567.935s][info][gc,phases   ] GC(41)   Pre Evacuate Collection Set: 0.15ms
[567.935s][info][gc,phases   ] GC(41)   Merge Heap Roots: 0.07ms
[567.935s][info][gc,phases   ] GC(41)   Evacuate Collection Set: 2.84ms
[567.935s][info][gc,phases   ] GC(41)   Post Evacuate Collection Set: 0.26ms
[567.935s][info][gc,phases   ] GC(41)   Other: 0.08ms
[567.935s][info][gc,heap     ] GC(41) Eden regions: 150->0(150)
[567.935s][info][gc,heap     ] GC(41) Survivor regions: 3->3(20)
[567.935s][info][gc,heap     ] GC(41) Old regions: 83->83
[567.935s][info][gc,heap     ] GC(41) Humongous regions: 0->0
[567.935s][info][gc,metaspace] GC(41) Metaspace: 5545K(5696K)->5545K(5696K) NonClass: 5035K(5120K)->5035K(5120K) Class: 509K(576K)->509K(576K)
[567.935s][info][gc          ] GC(41) Pause Young (Normal) (G1 Evacuation Pause) 234M->84M(258M) 3.562ms
[567.935s][info][gc,cpu      ] GC(41) User=0.01s Sys=0.00s Real=0.01s
[586.058s][info][gc,start    ] GC(42) Pause Young (Normal) (G1 Evacuation Pause)
[586.058s][info][gc,task     ] GC(42) Using 2 workers of 2 for evacuation
[586.076s][info][gc,phases   ] GC(42)   Pre Evacuate Collection Set: 0.19ms
[586.076s][info][gc,phases   ] GC(42)   Merge Heap Roots: 0.07ms
[586.076s][info][gc,phases   ] GC(42)   Evacuate Collection Set: 17.35ms
[586.076s][info][gc,phases   ] GC(42)   Post Evacuate Collection Set: 0.34ms
[586.076s][info][gc,phases   ] GC(42)   Other: 0.08ms
[586.076s][info][gc,heap     ] GC(42) Eden regions: 150->0(133)
[586.076s][info][gc,heap     ] GC(42) Survivor regions: 3->14(20)
[586.076s][info][gc,heap     ] GC(42) Old regions: 83->83
[586.076s][info][gc,heap     ] GC(42) Humongous regions: 0->0
[586.076s][info][gc,metaspace] GC(42) Metaspace: 5555K(5696K)->5555K(5696K) NonClass: 5045K(5120K)->5045K(5120K) Class: 509K(576K)->509K(576K)
[586.076s][info][gc          ] GC(42) Pause Young (Normal) (G1 Evacuation Pause) 234M->95M(258M) 18.199ms
[586.076s][info][gc,cpu      ] GC(42) User=0.04s Sys=0.00s Real=0.02s
[601.363s][info][gc,start    ] GC(43) Pause Young (Normal) (G1 Evacuation Pause)
[601.363s][info][gc,task     ] GC(43) Using 2 workers of 2 for evacuation
[601.382s][info][gc,phases   ] GC(43)   Pre Evacuate Collection Set: 0.15ms
[601.382s][info][gc,phases   ] GC(43)   Merge Heap Roots: 0.06ms
[601.382s][info][gc,phases   ] GC(43)   Evacuate Collection Set: 18.57ms
[601.382s][info][gc,phases   ] GC(43)   Post Evacuate Collection Set: 0.28ms
[601.382s][info][gc,phases   ] GC(43)   Other: 0.09ms
[601.382s][info][gc,heap     ] GC(43) Eden regions: 133->0(145)
[601.382s][info][gc,heap     ] GC(43) Survivor regions: 14->1(19)
[601.382s][info][gc,heap     ] GC(43) Old regions: 83->97
[601.382s][info][gc,heap     ] GC(43) Humongous regions: 0->0
[601.382s][info][gc,metaspace] GC(43) Metaspace: 5555K(5696K)->5555K(5696K) NonClass: 5045K(5120K)->5045K(5120K) Class: 509K(576K)->509K(576K)
[601.382s][info][gc          ] GC(43) Pause Young (Normal) (G1 Evacuation Pause) 228M->97M(258M) 19.323ms
[601.382s][info][gc,cpu      ] GC(43) User=0.04s Sys=0.01s Real=0.02s
[616.866s][info][gc,start    ] GC(44) Pause Young (Normal) (G1 Evacuation Pause)
[616.866s][info][gc,task     ] GC(44) Using 2 workers of 2 for evacuation
[616.868s][info][gc,phases   ] GC(44)   Pre Evacuate Collection Set: 0.16ms
[616.868s][info][gc,phases   ] GC(44)   Merge Heap Roots: 0.08ms
[616.868s][info][gc,phases   ] GC(44)   Evacuate Collection Set: 1.51ms
[616.868s][info][gc,phases   ] GC(44)   Post Evacuate Collection Set: 0.27ms
[616.868s][info][gc,phases   ] GC(44)   Other: 0.08ms
[616.868s][info][gc,heap     ] GC(44) Eden regions: 145->0(145)
[616.868s][info][gc,heap     ] GC(44) Survivor regions: 1->1(19)
[616.868s][info][gc,heap     ] GC(44) Old regions: 97->97
[616.868s][info][gc,heap     ] GC(44) Humongous regions: 0->0
[616.868s][info][gc,metaspace] GC(44) Metaspace: 5555K(5696K)->5555K(5696K) NonClass: 5045K(5120K)->5045K(5120K) Class: 509K(576K)->509K(576K)
[616.868s][info][gc          ] GC(44) Pause Young (Normal) (G1 Evacuation Pause) 242M->97M(258M) 2.267ms
[616.868s][info][gc,cpu      ] GC(44) User=0.01s Sys=0.00s Real=0.00s
[631.874s][info][gc,start    ] GC(45) Pause Young (Normal) (G1 Evacuation Pause)
[631.874s][info][gc,task     ] GC(45) Using 2 workers of 2 for evacuation
[631.876s][info][gc,phases   ] GC(45)   Pre Evacuate Collection Set: 0.15ms
[631.876s][info][gc,phases   ] GC(45)   Merge Heap Roots: 0.07ms
[631.876s][info][gc,phases   ] GC(45)   Evacuate Collection Set: 2.04ms
[631.876s][info][gc,phases   ] GC(45)   Post Evacuate Collection Set: 0.24ms
[631.876s][info][gc,phases   ] GC(45)   Other: 0.06ms
[631.876s][info][gc,heap     ] GC(45) Eden regions: 145->0(143)
[631.876s][info][gc,heap     ] GC(45) Survivor regions: 1->2(19)
[631.876s][info][gc,heap     ] GC(45) Old regions: 97->97
[631.876s][info][gc,heap     ] GC(45) Humongous regions: 0->0
[631.876s][info][gc,metaspace] GC(45) Metaspace: 5555K(5696K)->5555K(5696K) NonClass: 5045K(5120K)->5045K(5120K) Class: 509K(576K)->509K(576K)
[631.876s][info][gc          ] GC(45) Pause Young (Normal) (G1 Evacuation Pause) 242M->97M(258M) 2.715ms
[631.876s][info][gc,cpu      ] GC(45) User=0.01s Sys=0.00s Real=0.01s
[647.091s][info][gc,start    ] GC(46) Pause Young (Normal) (G1 Evacuation Pause)
[647.091s][info][gc,task     ] GC(46) Using 2 workers of 2 for evacuation
[647.094s][info][gc,phases   ] GC(46)   Pre Evacuate Collection Set: 0.14ms
[647.094s][info][gc,phases   ] GC(46)   Merge Heap Roots: 0.06ms
[647.094s][info][gc,phases   ] GC(46)   Evacuate Collection Set: 2.33ms
[647.094s][info][gc,phases   ] GC(46)   Post Evacuate Collection Set: 0.26ms
[647.094s][info][gc,phases   ] GC(46)   Other: 0.06ms
[647.094s][info][gc,heap     ] GC(46) Eden regions: 143->0(143)
[647.094s][info][gc,heap     ] GC(46) Survivor regions: 2->2(19)
[647.094s][info][gc,heap     ] GC(46) Old regions: 97->97
[647.094s][info][gc,heap     ] GC(46) Humongous regions: 0->0
[647.094s][info][gc,metaspace] GC(46) Metaspace: 5555K(5696K)->5555K(5696K) NonClass: 5045K(5120K)->5045K(5120K) Class: 509K(576K)->509K(576K)
[647.094s][info][gc          ] GC(46) Pause Young (Normal) (G1 Evacuation Pause) 240M->98M(258M) 3.013ms
[647.094s][info][gc,cpu      ] GC(46) User=0.00s Sys=0.00s Real=0.00s
[662.146s][info][gc,start    ] GC(47) Pause Young (Normal) (G1 Evacuation Pause)
[662.146s][info][gc,task     ] GC(47) Using 2 workers of 2 for evacuation
[662.150s][info][gc,phases   ] GC(47)   Pre Evacuate Collection Set: 0.15ms
[662.150s][info][gc,phases   ] GC(47)   Merge Heap Roots: 0.07ms
[662.150s][info][gc,phases   ] GC(47)   Evacuate Collection Set: 2.70ms
[662.150s][info][gc,phases   ] GC(47)   Post Evacuate Collection Set: 0.25ms
[662.150s][info][gc,phases   ] GC(47)   Other: 0.06ms
[662.150s][info][gc,heap     ] GC(47) Eden regions: 143->0(141)
[662.150s][info][gc,heap     ] GC(47) Survivor regions: 2->3(19)
[662.150s][info][gc,heap     ] GC(47) Old regions: 97->97
[662.150s][info][gc,heap     ] GC(47) Humongous regions: 0->0
[662.150s][info][gc,metaspace] GC(47) Metaspace: 5555K(5696K)->5555K(5696K) NonClass: 5045K(5120K)->5045K(5120K) Class: 509K(576K)->509K(576K)
[662.150s][info][gc          ] GC(47) Pause Young (Normal) (G1 Evacuation Pause) 241M->98M(258M) 3.390ms
[662.150s][info][gc,cpu      ] GC(47) User=0.01s Sys=0.00s Real=0.00s
[679.248s][info][gc,start    ] GC(48) Pause Young (Normal) (G1 Evacuation Pause)
[679.248s][info][gc,task     ] GC(48) Using 2 workers of 2 for evacuation
[679.266s][info][gc,phases   ] GC(48)   Pre Evacuate Collection Set: 0.19ms
[679.266s][info][gc,phases   ] GC(48)   Merge Heap Roots: 0.07ms
[679.266s][info][gc,phases   ] GC(48)   Evacuate Collection Set: 17.22ms
[679.266s][info][gc,phases   ] GC(48)   Post Evacuate Collection Set: 0.41ms
[679.266s][info][gc,phases   ] GC(48)   Other: 0.06ms
[679.266s][info][gc,heap     ] GC(48) Eden regions: 141->0(119)
[679.266s][info][gc,heap     ] GC(48) Survivor regions: 3->14(18)
[679.266s][info][gc,heap     ] GC(48) Old regions: 97->97
[679.266s][info][gc,heap     ] GC(48) Humongous regions: 0->0
[679.266s][info][gc,metaspace] GC(48) Metaspace: 5597K(5760K)->5597K(5760K) NonClass: 5087K(5184K)->5087K(5184K) Class: 509K(576K)->509K(576K)
[679.266s][info][gc          ] GC(48) Pause Young (Normal) (G1 Evacuation Pause) 239M->109M(258M) 18.142ms
[679.266s][info][gc,cpu      ] GC(48) User=0.04s Sys=0.00s Real=0.02s
[693.203s][info][gc,start    ] GC(49) Pause Young (Normal) (G1 Evacuation Pause)
[693.203s][info][gc,task     ] GC(49) Using 2 workers of 2 for evacuation
[693.221s][info][gc,phases   ] GC(49)   Pre Evacuate Collection Set: 0.18ms
[693.221s][info][gc,phases   ] GC(49)   Merge Heap Roots: 0.05ms
[693.221s][info][gc,phases   ] GC(49)   Evacuate Collection Set: 17.56ms
[693.221s][info][gc,phases   ] GC(49)   Post Evacuate Collection Set: 0.29ms
[693.221s][info][gc,phases   ] GC(49)   Other: 0.07ms
[693.221s][info][gc,heap     ] GC(49) Eden regions: 119->0(131)
[693.221s][info][gc,heap     ] GC(49) Survivor regions: 14->1(17)
[693.221s][info][gc,heap     ] GC(49) Old regions: 97->111
[693.221s][info][gc,heap     ] GC(49) Humongous regions: 0->0
[693.221s][info][gc,metaspace] GC(49) Metaspace: 5597K(5760K)->5597K(5760K) NonClass: 5087K(5184K)->5087K(5184K) Class: 509K(576K)->509K(576K)
[693.221s][info][gc          ] GC(49) Pause Young (Normal) (G1 Evacuation Pause) 228M->110M(258M) 18.324ms
[693.221s][info][gc,cpu      ] GC(49) User=0.03s Sys=0.00s Real=0.02s
[707.155s][info][gc,start    ] GC(50) Pause Young (Normal) (G1 Evacuation Pause)
[707.155s][info][gc,task     ] GC(50) Using 2 workers of 2 for evacuation
[707.157s][info][gc,phases   ] GC(50)   Pre Evacuate Collection Set: 0.16ms
[707.157s][info][gc,phases   ] GC(50)   Merge Heap Roots: 0.06ms
[707.157s][info][gc,phases   ] GC(50)   Evacuate Collection Set: 1.40ms
[707.157s][info][gc,phases   ] GC(50)   Post Evacuate Collection Set: 0.25ms
[707.157s][info][gc,phases   ] GC(50)   Other: 0.06ms
[707.157s][info][gc,heap     ] GC(50) Eden regions: 131->0(131)
[707.157s][info][gc,heap     ] GC(50) Survivor regions: 1->1(17)
[707.157s][info][gc,heap     ] GC(50) Old regions: 111->111
[707.157s][info][gc,heap     ] GC(50) Humongous regions: 0->0
[707.157s][info][gc,metaspace] GC(50) Metaspace: 5597K(5760K)->5597K(5760K) NonClass: 5087K(5184K)->5087K(5184K) Class: 509K(576K)->509K(576K)
[707.157s][info][gc          ] GC(50) Pause Young (Normal) (G1 Evacuation Pause) 241M->110M(258M) 2.083ms
[707.157s][info][gc,cpu      ] GC(50) User=0.00s Sys=0.00s Real=0.00s
[721.140s][info][gc,start    ] GC(51) Pause Young (Normal) (G1 Evacuation Pause)
[721.141s][info][gc,task     ] GC(51) Using 2 workers of 2 for evacuation
[721.143s][info][gc,phases   ] GC(51)   Pre Evacuate Collection Set: 0.15ms
[721.143s][info][gc,phases   ] GC(51)   Merge Heap Roots: 0.06ms
[721.143s][info][gc,phases   ] GC(51)   Evacuate Collection Set: 1.76ms
[721.143s][info][gc,phases   ] GC(51)   Post Evacuate Collection Set: 0.24ms
[721.143s][info][gc,phases   ] GC(51)   Other: 0.08ms
[721.143s][info][gc,heap     ] GC(51) Eden regions: 131->0(129)
[721.143s][info][gc,heap     ] GC(51) Survivor regions: 1->2(17)
[721.143s][info][gc,heap     ] GC(51) Old regions: 111->111
[721.143s][info][gc,heap     ] GC(51) Humongous regions: 0->0
[721.143s][info][gc,metaspace] GC(51) Metaspace: 5597K(5760K)->5597K(5760K) NonClass: 5087K(5184K)->5087K(5184K) Class: 509K(576K)->509K(576K)
[721.143s][info][gc          ] GC(51) Pause Young (Normal) (G1 Evacuation Pause) 241M->110M(258M) 2.470ms
[721.143s][info][gc,cpu      ] GC(51) User=0.01s Sys=0.00s Real=0.00s
[734.696s][info][gc,start    ] GC(52) Pause Young (Normal) (G1 Evacuation Pause)
[734.696s][info][gc,task     ] GC(52) Using 2 workers of 2 for evacuation
[734.699s][info][gc,phases   ] GC(52)   Pre Evacuate Collection Set: 0.15ms
[734.699s][info][gc,phases   ] GC(52)   Merge Heap Roots: 0.06ms
[734.699s][info][gc,phases   ] GC(52)   Evacuate Collection Set: 2.19ms
[734.699s][info][gc,phases   ] GC(52)   Post Evacuate Collection Set: 0.28ms
[734.699s][info][gc,phases   ] GC(52)   Other: 0.06ms
[734.699s][info][gc,heap     ] GC(52) Eden regions: 129->0(129)
[734.699s][info][gc,heap     ] GC(52) Survivor regions: 2->2(17)
[734.699s][info][gc,heap     ] GC(52) Old regions: 111->111
[734.699s][info][gc,heap     ] GC(52) Humongous regions: 0->0
[734.699s][info][gc,metaspace] GC(52) Metaspace: 5597K(5760K)->5597K(5760K) NonClass: 5087K(5184K)->5087K(5184K) Class: 509K(576K)->509K(576K)
[734.699s][info][gc          ] GC(52) Pause Young (Normal) (G1 Evacuation Pause) 239M->111M(258M) 2.936ms
[734.699s][info][gc,cpu      ] GC(52) User=0.01s Sys=0.00s Real=0.00s
[748.108s][info][gc,start    ] GC(53) Pause Young (Normal) (G1 Evacuation Pause)
[748.108s][info][gc,task     ] GC(53) Using 2 workers of 2 for evacuation
[748.112s][info][gc,phases   ] GC(53)   Pre Evacuate Collection Set: 0.18ms
[748.112s][info][gc,phases   ] GC(53)   Merge Heap Roots: 0.05ms
[748.112s][info][gc,phases   ] GC(53)   Evacuate Collection Set: 3.49ms
[748.112s][info][gc,phases   ] GC(53)   Post Evacuate Collection Set: 0.31ms
[748.112s][info][gc,phases   ] GC(53)   Other: 0.06ms
[748.112s][info][gc,heap     ] GC(53) Eden regions: 129->0(127)
[748.112s][info][gc,heap     ] GC(53) Survivor regions: 2->3(17)
[748.112s][info][gc,heap     ] GC(53) Old regions: 111->111
[748.112s][info][gc,heap     ] GC(53) Humongous regions: 0->0
[748.112s][info][gc,metaspace] GC(53) Metaspace: 5597K(5760K)->5597K(5760K) NonClass: 5087K(5184K)->5087K(5184K) Class: 509K(576K)->509K(576K)
[748.112s][info][gc          ] GC(53) Pause Young (Normal) (G1 Evacuation Pause) 240M->112M(258M) 4.249ms
[748.112s][info][gc,cpu      ] GC(53) User=0.00s Sys=0.00s Real=0.00s
[761.639s][info][gc,start    ] GC(54) Pause Young (Normal) (G1 Evacuation Pause)
[761.639s][info][gc,task     ] GC(54) Using 2 workers of 2 for evacuation
[761.644s][info][gc,phases   ] GC(54)   Pre Evacuate Collection Set: 0.18ms
[761.644s][info][gc,phases   ] GC(54)   Merge Heap Roots: 0.05ms
[761.644s][info][gc,phases   ] GC(54)   Evacuate Collection Set: 4.07ms
[761.644s][info][gc,phases   ] GC(54)   Post Evacuate Collection Set: 0.34ms
[761.644s][info][gc,phases   ] GC(54)   Other: 0.06ms
[761.644s][info][gc,heap     ] GC(54) Eden regions: 127->0(127)
[761.644s][info][gc,heap     ] GC(54) Survivor regions: 3->3(17)
[761.644s][info][gc,heap     ] GC(54) Old regions: 111->111
[761.644s][info][gc,heap     ] GC(54) Humongous regions: 0->0
[761.644s][info][gc,metaspace] GC(54) Metaspace: 5597K(5760K)->5597K(5760K) NonClass: 5087K(5184K)->5087K(5184K) Class: 509K(576K)->509K(576K)
[761.644s][info][gc          ] GC(54) Pause Young (Normal) (G1 Evacuation Pause) 239M->112M(258M) 4.859ms
[761.644s][info][gc,cpu      ] GC(54) User=0.00s Sys=0.00s Real=0.00s
[778.557s][info][gc,start    ] GC(55) Pause Young (Normal) (G1 Evacuation Pause)
[778.557s][info][gc,task     ] GC(55) Using 2 workers of 2 for evacuation
[778.576s][info][gc,phases   ] GC(55)   Pre Evacuate Collection Set: 0.19ms
[778.576s][info][gc,phases   ] GC(55)   Merge Heap Roots: 0.06ms
[778.576s][info][gc,phases   ] GC(55)   Evacuate Collection Set: 17.91ms
[778.576s][info][gc,phases   ] GC(55)   Post Evacuate Collection Set: 0.30ms
[778.576s][info][gc,phases   ] GC(55)   Other: 0.10ms
[778.576s][info][gc,heap     ] GC(55) Eden regions: 127->0(105)
[778.576s][info][gc,heap     ] GC(55) Survivor regions: 3->14(17)
[778.576s][info][gc,heap     ] GC(55) Old regions: 111->111
[778.576s][info][gc,heap     ] GC(55) Humongous regions: 0->0
[778.576s][info][gc,metaspace] GC(55) Metaspace: 5600K(5760K)->5600K(5760K) NonClass: 5090K(5184K)->5090K(5184K) Class: 509K(576K)->509K(576K)
[778.576s][info][gc          ] GC(55) Pause Young (Normal) (G1 Evacuation Pause) 239M->123M(258M) 18.726ms
[778.576s][info][gc,cpu      ] GC(55) User=0.03s Sys=0.00s Real=0.02s
[790.281s][info][gc,start    ] GC(56) Pause Young (Normal) (G1 Evacuation Pause)
[790.281s][info][gc,task     ] GC(56) Using 2 workers of 2 for evacuation
[790.297s][info][gc,phases   ] GC(56)   Pre Evacuate Collection Set: 0.15ms
[790.297s][info][gc,phases   ] GC(56)   Merge Heap Roots: 0.05ms
[790.297s][info][gc,phases   ] GC(56)   Evacuate Collection Set: 15.28ms
[790.297s][info][gc,phases   ] GC(56)   Post Evacuate Collection Set: 0.23ms
[790.297s][info][gc,phases   ] GC(56)   Other: 0.08ms
[790.297s][info][gc,heap     ] GC(56) Eden regions: 105->0(118)
[790.297s][info][gc,heap     ] GC(56) Survivor regions: 14->1(15)
[790.297s][info][gc,heap     ] GC(56) Old regions: 111->124
[790.297s][info][gc,heap     ] GC(56) Humongous regions: 0->0
[790.297s][info][gc,metaspace] GC(56) Metaspace: 5600K(5760K)->5600K(5760K) NonClass: 5090K(5184K)->5090K(5184K) Class: 509K(576K)->509K(576K)
[790.297s][info][gc          ] GC(56) Pause Young (Normal) (G1 Evacuation Pause) 228M->124M(258M) 15.969ms
[790.297s][info][gc,cpu      ] GC(56) User=0.03s Sys=0.00s Real=0.02s
[803.133s][info][gc,start    ] GC(57) Pause Young (Concurrent Start) (G1 Evacuation Pause)
[803.133s][info][gc,task     ] GC(57) Using 2 workers of 2 for evacuation
[803.136s][info][gc,phases   ] GC(57)   Pre Evacuate Collection Set: 0.16ms
[803.136s][info][gc,phases   ] GC(57)   Merge Heap Roots: 0.07ms
[803.136s][info][gc,phases   ] GC(57)   Evacuate Collection Set: 1.84ms
[803.136s][info][gc,phases   ] GC(57)   Post Evacuate Collection Set: 0.25ms
[803.136s][info][gc,phases   ] GC(57)   Other: 0.08ms
[803.136s][info][gc,heap     ] GC(57) Eden regions: 118->0(118)
[803.136s][info][gc,heap     ] GC(57) Survivor regions: 1->1(15)
[803.136s][info][gc,heap     ] GC(57) Old regions: 124->124
[803.136s][info][gc,heap     ] GC(57) Humongous regions: 0->0
[803.136s][info][gc,metaspace] GC(57) Metaspace: 5600K(5760K)->5600K(5760K) NonClass: 5090K(5184K)->5090K(5184K) Class: 509K(576K)->509K(576K)
[803.136s][info][gc          ] GC(57) Pause Young (Concurrent Start) (G1 Evacuation Pause) 242M->123M(258M) 2.540ms
[803.136s][info][gc,cpu      ] GC(57) User=0.01s Sys=0.00s Real=0.01s
[803.136s][info][gc          ] GC(58) Concurrent Mark Cycle
[803.136s][info][gc,marking  ] GC(58) Concurrent Scan Root Regions
[803.136s][info][gc,marking  ] GC(58) Concurrent Scan Root Regions 0.579ms
[803.136s][info][gc,marking  ] GC(58) Concurrent Mark
[803.136s][info][gc,marking  ] GC(58) Concurrent Mark From Roots
[803.136s][info][gc,task     ] GC(58) Using 1 workers of 1 for marking
[803.167s][info][gc,marking  ] GC(58) Concurrent Mark From Roots 30.258ms
[803.167s][info][gc,marking  ] GC(58) Concurrent Preclean
[803.167s][info][gc,marking  ] GC(58) Concurrent Preclean 0.026ms
[803.167s][info][gc,start    ] GC(58) Pause Remark
[803.170s][info][gc          ] GC(58) Pause Remark 125M->42M(256M) 3.195ms
[803.170s][info][gc,cpu      ] GC(58) User=0.00s Sys=0.00s Real=0.00s
[803.171s][info][gc,marking  ] GC(58) Concurrent Mark 34.186ms
[803.171s][info][gc,marking  ] GC(58) Concurrent Rebuild Remembered Sets and Scrub Regions
[803.183s][info][gc,marking  ] GC(58) Concurrent Rebuild Remembered Sets and Scrub Regions 12.092ms
[803.183s][info][gc,start    ] GC(58) Pause Cleanup
[803.183s][info][gc          ] GC(58) Pause Cleanup 42M->42M(256M) 0.034ms
[803.183s][info][gc,cpu      ] GC(58) User=0.00s Sys=0.00s Real=0.00s
[803.183s][info][gc,marking  ] GC(58) Concurrent Clear Claimed Marks
[803.183s][info][gc,marking  ] GC(58) Concurrent Clear Claimed Marks 0.008ms
[803.183s][info][gc,marking  ] GC(58) Concurrent Cleanup for Next Mark
[803.187s][info][gc,marking  ] GC(58) Concurrent Cleanup for Next Mark 4.631ms
[803.187s][info][gc          ] GC(58) Concurrent Mark Cycle 51.713ms
[816.733s][info][gc,start    ] GC(59) Pause Young (Prepare Mixed) (G1 Evacuation Pause)
[816.733s][info][gc,task     ] GC(59) Using 2 workers of 2 for evacuation
[816.736s][info][gc,phases   ] GC(59)   Pre Evacuate Collection Set: 0.17ms
[816.736s][info][gc,phases   ] GC(59)   Merge Heap Roots: 0.08ms
[816.736s][info][gc,phases   ] GC(59)   Evacuate Collection Set: 1.84ms
[816.736s][info][gc,phases   ] GC(59)   Post Evacuate Collection Set: 0.30ms
[816.736s][info][gc,phases   ] GC(59)   Other: 0.08ms
[816.736s][info][gc,heap     ] GC(59) Eden regions: 118->0(151)
[816.736s][info][gc,heap     ] GC(59) Survivor regions: 1->2(15)
[816.736s][info][gc,heap     ] GC(59) Old regions: 41->41
[816.736s][info][gc,heap     ] GC(59) Humongous regions: 0->0
[816.736s][info][gc,metaspace] GC(59) Metaspace: 5600K(5760K)->5600K(5760K) NonClass: 5090K(5184K)->5090K(5184K) Class: 509K(576K)->509K(576K)
[816.736s][info][gc          ] GC(59) Pause Young (Prepare Mixed) (G1 Evacuation Pause) 158M->41M(256M) 2.638ms
[816.736s][info][gc,cpu      ] GC(59) User=0.00s Sys=0.00s Real=0.01s
[833.933s][info][gc,start    ] GC(60) Pause Young (Mixed) (G1 Evacuation Pause)
[833.933s][info][gc,task     ] GC(60) Using 2 workers of 2 for evacuation
[833.938s][info][gc,phases   ] GC(60)   Pre Evacuate Collection Set: 0.20ms
[833.938s][info][gc,phases   ] GC(60)   Merge Heap Roots: 0.07ms
[833.938s][info][gc,phases   ] GC(60)   Evacuate Collection Set: 4.51ms
[833.938s][info][gc,phases   ] GC(60)   Post Evacuate Collection Set: 0.36ms
[833.938s][info][gc,phases   ] GC(60)   Other: 0.07ms
[833.938s][info][gc,heap     ] GC(60) Eden regions: 151->0(151)
[833.938s][info][gc,heap     ] GC(60) Survivor regions: 2->2(20)
[833.938s][info][gc,heap     ] GC(60) Old regions: 41->28
[833.938s][info][gc,heap     ] GC(60) Humongous regions: 0->0
[833.938s][info][gc,metaspace] GC(60) Metaspace: 5600K(5760K)->5600K(5760K) NonClass: 5090K(5184K)->5090K(5184K) Class: 509K(576K)->509K(576K)
[833.938s][info][gc          ] GC(60) Pause Young (Mixed) (G1 Evacuation Pause) 192M->28M(256M) 5.373ms
[833.938s][info][gc,cpu      ] GC(60) User=0.00s Sys=0.00s Real=0.01s
[851.718s][info][gc,start    ] GC(61) Pause Young (Normal) (G1 Evacuation Pause)
[851.718s][info][gc,task     ] GC(61) Using 2 workers of 2 for evacuation
[851.722s][info][gc,phases   ] GC(61)   Pre Evacuate Collection Set: 0.18ms
[851.722s][info][gc,phases   ] GC(61)   Merge Heap Roots: 0.05ms
[851.722s][info][gc,phases   ] GC(61)   Evacuate Collection Set: 3.46ms
[851.722s][info][gc,phases   ] GC(61)   Post Evacuate Collection Set: 0.29ms
[851.722s][info][gc,phases   ] GC(61)   Other: 0.07ms
[851.722s][info][gc,heap     ] GC(61) Eden regions: 151->0(150)
[851.722s][info][gc,heap     ] GC(61) Survivor regions: 2->3(20)
[851.722s][info][gc,heap     ] GC(61) Old regions: 28->28
[851.722s][info][gc,heap     ] GC(61) Humongous regions: 0->0
[851.722s][info][gc,metaspace] GC(61) Metaspace: 5600K(5760K)->5600K(5760K) NonClass: 5090K(5184K)->5090K(5184K) Class: 509K(576K)->509K(576K)
[851.722s][info][gc          ] GC(61) Pause Young (Normal) (G1 Evacuation Pause) 179M->28M(256M) 4.224ms
[851.722s][info][gc,cpu      ] GC(61) User=0.00s Sys=0.00s Real=0.00s
[869.689s][info][gc,start    ] GC(62) Pause Young (Normal) (G1 Evacuation Pause)
[869.689s][info][gc,task     ] GC(62) Using 2 workers of 2 for evacuation
[869.706s][info][gc,phases   ] GC(62)   Pre Evacuate Collection Set: 0.15ms
[869.706s][info][gc,phases   ] GC(62)   Merge Heap Roots: 0.09ms
[869.706s][info][gc,phases   ] GC(62)   Evacuate Collection Set: 16.76ms
[869.706s][info][gc,phases   ] GC(62)   Post Evacuate Collection Set: 0.35ms
[869.706s][info][gc,phases   ] GC(62)   Other: 0.06ms
[869.706s][info][gc,heap     ] GC(62) Eden regions: 150->0(139)
[869.706s][info][gc,heap     ] GC(62) Survivor regions: 3->14(20)
[869.706s][info][gc,heap     ] GC(62) Old regions: 28->28
[869.706s][info][gc,heap     ] GC(62) Humongous regions: 0->0
[869.706s][info][gc,metaspace] GC(62) Metaspace: 5606K(5760K)->5606K(5760K) NonClass: 5096K(5184K)->5096K(5184K) Class: 509K(576K)->509K(576K)
[869.706s][info][gc          ] GC(62) Pause Young (Normal) (G1 Evacuation Pause) 178M->40M(256M) 17.563ms
[869.706s][info][gc,cpu      ] GC(62) User=0.03s Sys=0.00s Real=0.02s
[888.116s][info][gc,start    ] GC(63) Pause Young (Normal) (G1 Evacuation Pause)
[888.116s][info][gc,task     ] GC(63) Using 2 workers of 2 for evacuation
[888.134s][info][gc,phases   ] GC(63)   Pre Evacuate Collection Set: 0.18ms
[888.134s][info][gc,phases   ] GC(63)   Merge Heap Roots: 0.04ms
[888.134s][info][gc,phases   ] GC(63)   Evacuate Collection Set: 17.94ms
[888.134s][info][gc,phases   ] GC(63)   Post Evacuate Collection Set: 0.28ms
[888.134s][info][gc,phases   ] GC(63)   Other: 0.06ms
[888.134s][info][gc,heap     ] GC(63) Eden regions: 139->0(152)
[888.134s][info][gc,heap     ] GC(63) Survivor regions: 14->1(20)
[888.134s][info][gc,heap     ] GC(63) Old regions: 28->41
[888.134s][info][gc,heap     ] GC(63) Humongous regions: 0->0
[888.134s][info][gc,metaspace] GC(63) Metaspace: 5606K(5760K)->5606K(5760K) NonClass: 5096K(5184K)->5096K(5184K) Class: 509K(576K)->509K(576K)
[888.134s][info][gc          ] GC(63) Pause Young (Normal) (G1 Evacuation Pause) 179M->41M(256M) 18.686ms
[888.134s][info][gc,cpu      ] GC(63) User=0.03s Sys=0.00s Real=0.01s
[904.786s][info][gc,start    ] GC(64) Pause Young (Normal) (G1 Evacuation Pause)
[904.786s][info][gc,task     ] GC(64) Using 2 workers of 2 for evacuation
[904.791s][info][gc,phases   ] GC(64)   Pre Evacuate Collection Set: 0.17ms
[904.791s][info][gc,phases   ] GC(64)   Merge Heap Roots: 0.05ms
[904.791s][info][gc,phases   ] GC(64)   Evacuate Collection Set: 4.26ms
[904.791s][info][gc,phases   ] GC(64)   Post Evacuate Collection Set: 0.33ms
[904.791s][info][gc,phases   ] GC(64)   Other: 0.07ms
[904.791s][info][gc,heap     ] GC(64) Eden regions: 152->0(152)
[904.791s][info][gc,heap     ] GC(64) Survivor regions: 1->1(20)
[904.791s][info][gc,heap     ] GC(64) Old regions: 41->41
[904.791s][info][gc,heap     ] GC(64) Humongous regions: 0->0
[904.791s][info][gc,metaspace] GC(64) Metaspace: 5606K(5760K)->5606K(5760K) NonClass: 5096K(5184K)->5096K(5184K) Class: 509K(576K)->509K(576K)
[904.791s][info][gc          ] GC(64) Pause Young (Normal) (G1 Evacuation Pause) 193M->40M(256M) 5.029ms
[904.791s][info][gc,cpu      ] GC(64) User=0.00s Sys=0.00s Real=0.00s
[921.943s][info][gc,start    ] GC(65) Pause Young (Normal) (G1 Evacuation Pause)
[921.943s][info][gc,task     ] GC(65) Using 2 workers of 2 for evacuation
[921.947s][info][gc,phases   ] GC(65)   Pre Evacuate Collection Set: 0.18ms
[921.947s][info][gc,phases   ] GC(65)   Merge Heap Roots: 0.06ms
[921.947s][info][gc,phases   ] GC(65)   Evacuate Collection Set: 3.73ms
[921.947s][info][gc,phases   ] GC(65)   Post Evacuate Collection Set: 0.27ms
[921.947s][info][gc,phases   ] GC(65)   Other: 0.07ms
[921.947s][info][gc,heap     ] GC(65) Eden regions: 152->0(151)
[921.947s][info][gc,heap     ] GC(65) Survivor regions: 1->2(20)
[921.947s][info][gc,heap     ] GC(65) Old regions: 41->41
[921.947s][info][gc,heap     ] GC(65) Humongous regions: 0->0
[921.947s][info][gc,metaspace] GC(65) Metaspace: 5606K(5760K)->5606K(5760K) NonClass: 5096K(5184K)->5096K(5184K) Class: 509K(576K)->509K(576K)
[921.947s][info][gc          ] GC(65) Pause Young (Normal) (G1 Evacuation Pause) 192M->41M(256M) 4.460ms
[921.947s][info][gc,cpu      ] GC(65) User=0.00s Sys=0.00s Real=0.01s
[938.475s][info][gc,start    ] GC(66) Pause Young (Normal) (G1 Evacuation Pause)
[938.475s][info][gc,task     ] GC(66) Using 2 workers of 2 for evacuation
[938.478s][info][gc,phases   ] GC(66)   Pre Evacuate Collection Set: 0.15ms
[938.478s][info][gc,phases   ] GC(66)   Merge Heap Roots: 0.07ms
[938.478s][info][gc,phases   ] GC(66)   Evacuate Collection Set: 2.45ms
[938.478s][info][gc,phases   ] GC(66)   Post Evacuate Collection Set: 0.25ms
[938.478s][info][gc,phases   ] GC(66)   Other: 0.06ms
[938.478s][info][gc,heap     ] GC(66) Eden regions: 151->0(150)
[938.478s][info][gc,heap     ] GC(66) Survivor regions: 2->3(20)
[938.478s][info][gc,heap     ] GC(66) Old regions: 41->41
[938.478s][info][gc,heap     ] GC(66) Humongous regions: 0->0
[938.478s][info][gc,metaspace] GC(66) Metaspace: 5606K(5760K)->5606K(5760K) NonClass: 5096K(5184K)->5096K(5184K) Class: 509K(576K)->509K(576K)
[938.478s][info][gc          ] GC(66) Pause Young (Normal) (G1 Evacuation Pause) 192M->42M(256M) 3.146ms
[938.478s][info][gc,cpu      ] GC(66) User=0.01s Sys=0.00s Real=0.00s
[954.674s][info][gc,start    ] GC(67) Pause Young (Normal) (G1 Evacuation Pause)
[954.674s][info][gc,task     ] GC(67) Using 2 workers of 2 for evacuation
[954.678s][info][gc,phases   ] GC(67)   Pre Evacuate Collection Set: 0.14ms
[954.678s][info][gc,phases   ] GC(67)   Merge Heap Roots: 0.06ms
[954.678s][info][gc,phases   ] GC(67)   Evacuate Collection Set: 2.77ms
[954.678s][info][gc,phases   ] GC(67)   Post Evacuate Collection Set: 0.27ms
[954.678s][info][gc,phases   ] GC(67)   Other: 0.09ms
[954.678s][info][gc,heap     ] GC(67) Eden regions: 150->0(150)
[954.678s][info][gc,heap     ] GC(67) Survivor regions: 3->3(20)
[954.678s][info][gc,heap     ] GC(67) Old regions: 41->41
[954.678s][info][gc,heap     ] GC(67) Humongous regions: 0->0
[954.678s][info][gc,metaspace] GC(67) Metaspace: 5606K(5760K)->5606K(5760K) NonClass: 5096K(5184K)->5096K(5184K) Class: 509K(576K)->509K(576K)
[954.678s][info][gc          ] GC(67) Pause Young (Normal) (G1 Evacuation Pause) 192M->42M(256M) 3.498ms
[954.678s][info][gc,cpu      ] GC(67) User=0.00s Sys=0.00s Real=0.01s
[973.462s][info][gc,start    ] GC(68) Pause Young (Normal) (G1 Evacuation Pause)
[973.462s][info][gc,task     ] GC(68) Using 2 workers of 2 for evacuation
[973.479s][info][gc,phases   ] GC(68)   Pre Evacuate Collection Set: 0.17ms
[973.480s][info][gc,phases   ] GC(68)   Merge Heap Roots: 0.08ms
[973.480s][info][gc,phases   ] GC(68)   Evacuate Collection Set: 16.59ms
[973.480s][info][gc,phases   ] GC(68)   Post Evacuate Collection Set: 0.31ms
[973.480s][info][gc,phases   ] GC(68)   Other: 0.07ms
[973.480s][info][gc,heap     ] GC(68) Eden regions: 150->0(139)
[973.480s][info][gc,heap     ] GC(68) Survivor regions: 3->14(20)
[973.480s][info][gc,heap     ] GC(68) Old regions: 41->41
[973.480s][info][gc,heap     ] GC(68) Humongous regions: 0->0
[973.480s][info][gc,metaspace] GC(68) Metaspace: 5609K(5760K)->5609K(5760K) NonClass: 5099K(5184K)->5099K(5184K) Class: 509K(576K)->509K(576K)
[973.480s][info][gc          ] GC(68) Pause Young (Normal) (G1 Evacuation Pause) 192M->54M(256M) 17.413ms
[973.480s][info][gc,cpu      ] GC(68) User=0.04s Sys=0.00s Real=0.02s
[990.908s][info][gc,start    ] GC(69) Pause Young (Normal) (G1 Evacuation Pause)
[990.908s][info][gc,task     ] GC(69) Using 2 workers of 2 for evacuation
[990.924s][info][gc,phases   ] GC(69)   Pre Evacuate Collection Set: 0.17ms
[990.924s][info][gc,phases   ] GC(69)   Merge Heap Roots: 0.05ms
[990.924s][info][gc,phases   ] GC(69)   Evacuate Collection Set: 15.75ms
[990.924s][info][gc,phases   ] GC(69)   Post Evacuate Collection Set: 0.28ms
[990.924s][info][gc,phases   ] GC(69)   Other: 0.07ms
[990.924s][info][gc,heap     ] GC(69) Eden regions: 139->0(152)
[990.924s][info][gc,heap     ] GC(69) Survivor regions: 14->1(20)
[990.924s][info][gc,heap     ] GC(69) Old regions: 41->55
[990.924s][info][gc,heap     ] GC(69) Humongous regions: 0->0
[990.924s][info][gc,metaspace] GC(69) Metaspace: 5609K(5760K)->5609K(5760K) NonClass: 5099K(5184K)->5099K(5184K) Class: 509K(576K)->509K(576K)
[990.924s][info][gc          ] GC(69) Pause Young (Normal) (G1 Evacuation Pause) 193M->54M(256M) 16.510ms
[990.924s][info][gc,cpu      ] GC(69) User=0.03s Sys=0.00s Real=0.01s
[1007.888s][info][gc,start    ] GC(70) Pause Young (Normal) (G1 Evacuation Pause)
[1007.888s][info][gc,task     ] GC(70) Using 2 workers of 2 for evacuation
[1007.890s][info][gc,phases   ] GC(70)   Pre Evacuate Collection Set: 0.14ms
[1007.890s][info][gc,phases   ] GC(70)   Merge Heap Roots: 0.06ms
[1007.890s][info][gc,phases   ] GC(70)   Evacuate Collection Set: 1.59ms
[1007.890s][info][gc,phases   ] GC(70)   Post Evacuate Collection Set: 0.27ms
[1007.890s][info][gc,phases   ] GC(70)   Other: 0.06ms
[1007.890s][info][gc,heap     ] GC(70) Eden regions: 152->0(152)
[1007.890s][info][gc,heap     ] GC(70) Survivor regions: 1->1(20)
[1007.890s][info][gc,heap     ] GC(70) Old regions: 55->55
[1007.890s][info][gc,heap     ] GC(70) Humongous regions: 0->0
[1007.890s][info][gc,metaspace] GC(70) Metaspace: 5609K(5760K)->5609K(5760K) NonClass: 5099K(5184K)->5099K(5184K) Class: 509K(576K)->509K(576K)
[1007.890s][info][gc          ] GC(70) Pause Young (Normal) (G1 Evacuation Pause) 206M->54M(256M) 2.293ms
[1007.890s][info][gc,cpu      ] GC(70) User=0.00s Sys=0.00s Real=0.00s
[1024.075s][info][gc,start    ] GC(71) Pause Young (Normal) (G1 Evacuation Pause)
[1024.075s][info][gc,task     ] GC(71) Using 2 workers of 2 for evacuation
[1024.078s][info][gc,phases   ] GC(71)   Pre Evacuate Collection Set: 0.15ms
[1024.078s][info][gc,phases   ] GC(71)   Merge Heap Roots: 0.06ms
[1024.078s][info][gc,phases   ] GC(71)   Evacuate Collection Set: 2.15ms
[1024.078s][info][gc,phases   ] GC(71)   Post Evacuate Collection Set: 0.34ms
[1024.078s][info][gc,phases   ] GC(71)   Other: 0.07ms
[1024.078s][info][gc,heap     ] GC(71) Eden regions: 152->0(151)
[1024.078s][info][gc,heap     ] GC(71) Survivor regions: 1->2(20)
[1024.078s][info][gc,heap     ] GC(71) Old regions: 55->55
[1024.078s][info][gc,heap     ] GC(71) Humongous regions: 0->0
[1024.078s][info][gc,metaspace] GC(71) Metaspace: 5609K(5760K)->5609K(5760K) NonClass: 5099K(5184K)->5099K(5184K) Class: 509K(576K)->509K(576K)
[1024.078s][info][gc          ] GC(71) Pause Young (Normal) (G1 Evacuation Pause) 206M->54M(256M) 2.931ms
[1024.078s][info][gc,cpu      ] GC(71) User=0.00s Sys=0.00s Real=0.00s
[1039.754s][info][gc,start    ] GC(72) Pause Young (Normal) (G1 Evacuation Pause)
[1039.754s][info][gc,task     ] GC(72) Using 2 workers of 2 for evacuation
[1039.757s][info][gc,phases   ] GC(72)   Pre Evacuate Collection Set: 0.18ms
[1039.757s][info][gc,phases   ] GC(72)   Merge Heap Roots: 0.06ms
[1039.757s][info][gc,phases   ] GC(72)   Evacuate Collection Set: 2.85ms
[1039.757s][info][gc,phases   ] GC(72)   Post Evacuate Collection Set: 0.36ms
[1039.757s][info][gc,phases   ] GC(72)   Other: 0.07ms
[1039.757s][info][gc,heap     ] GC(72) Eden regions: 151->0(151)
[1039.757s][info][gc,heap     ] GC(72) Survivor regions: 2->2(20)
[1039.757s][info][gc,heap     ] GC(72) Old regions: 55->55
[1039.757s][info][gc,heap     ] GC(72) Humongous regions: 0->0
[1039.757s][info][gc,metaspace] GC(72) Metaspace: 5609K(5760K)->5609K(5760K) NonClass: 5099K(5184K)->5099K(5184K) Class: 509K(576K)->509K(576K)
[1039.757s][info][gc          ] GC(72) Pause Young (Normal) (G1 Evacuation Pause) 205M->55M(256M) 3.678ms
[1039.757s][info][gc,cpu      ] GC(72) User=0.01s Sys=0.00s Real=0.01s
[1055.617s][info][gc,start    ] GC(73) Pause Young (Normal) (G1 Evacuation Pause)
[1055.617s][info][gc,task     ] GC(73) Using 2 workers of 2 for evacuation
[1055.621s][info][gc,phases   ] GC(73)   Pre Evacuate Collection Set: 0.18ms
[1055.621s][info][gc,phases   ] GC(73)   Merge Heap Roots: 0.06ms
[1055.621s][info][gc,phases   ] GC(73)   Evacuate Collection Set: 3.24ms
[1055.621s][info][gc,phases   ] GC(73)   Post Evacuate Collection Set: 0.32ms
[1055.621s][info][gc,phases   ] GC(73)   Other: 0.08ms
[1055.621s][info][gc,heap     ] GC(73) Eden regions: 151->0(150)
[1055.621s][info][gc,heap     ] GC(73) Survivor regions: 2->3(20)
[1055.621s][info][gc,heap     ] GC(73) Old regions: 55->55
[1055.621s][info][gc,heap     ] GC(73) Humongous regions: 0->0
[1055.621s][info][gc,metaspace] GC(73) Metaspace: 5609K(5760K)->5609K(5760K) NonClass: 5099K(5184K)->5099K(5184K) Class: 509K(576K)->509K(576K)
[1055.621s][info][gc          ] GC(73) Pause Young (Normal) (G1 Evacuation Pause) 206M->56M(256M) 4.039ms
[1055.621s][info][gc,cpu      ] GC(73) User=0.01s Sys=0.00s Real=0.00s
[1062.309s][info][gc,heap,exit] Heap
[1062.309s][info][gc,heap,exit]  garbage-first heap   total reserved 1001472K, committed 262144K, used 123371K [0x00000000c2e00000, 0x0000000100000000)
[1062.309s][info][gc,heap,exit]   region size 1024K, 67 young (68608K), 3 survivors (3072K)
[1062.309s][info][gc,heap,exit]  Metaspace       used 5685K, committed 5824K, reserved 1114112K
[1062.309s][info][gc,heap,exit]   class space    used 516K, committed 576K, reserved 1048576K
