[0.002s][info][metaspace]  - commit_granule_bytes: 65536.
[0.002s][info][metaspace]  - commit_granule_words: 8192.
[0.002s][info][metaspace]  - virtual_space_node_default_size: 8388608.
[0.002s][info][metaspace]  - enlarge_chunks_in_place: 1.
[0.004s][info][gc,init  ] CardTable entry size: 512
[0.008s][info][gc       ] Using G1
[0.012s][info][gc,init  ] Version: 24-internal-adhoc.root.jdk (release)
[0.012s][info][gc,init  ] CPUs: 2 total, 2 available
[0.012s][info][gc,init  ] Memory: 3908M
[0.012s][info][gc,init  ] Large Page Support: Disabled
[0.012s][info][gc,init  ] NUMA Support: Disabled
[0.012s][info][gc,init  ] Compressed Oops: Enabled (32-bit)
[0.012s][info][gc,init  ] Heap Region Size: 1M
[0.012s][info][gc,init  ] Heap Min Capacity: 256M
[0.012s][info][gc,init  ] Heap Initial Capacity: 256M
[0.012s][info][gc,init  ] Heap Max Capacity: 978M
[0.012s][info][gc,init  ] Pre-touch: Disabled
[0.012s][info][gc,init  ] Parallel Workers: 2
[0.012s][info][gc,init  ] Concurrent Workers: 1
[0.012s][info][gc,init  ] Concurrent Refinement Workers: 2
[0.012s][info][gc,init  ] Periodic GC: Disabled
[0.024s][info][gc,metaspace] CDS archive(s) mapped at: [0x00007f2fca000000-0x00007f2fcadc0000-0x00007f2fcadc0000), size 14417920, SharedBaseAddress: 0x00007f2fca000000, ArchiveRelocationMode: 1.
[0.024s][info][gc,metaspace] Compressed class space mapped at: 0x00007f2fcb000000-0x00007f300b000000, reserved size: 1073741824
[0.024s][info][gc,metaspace] UseCompressedClassPointers 1, UseCompactObjectHeaders 0
[0.024s][info][gc,metaspace] Narrow klass pointer bits 32, Max shift 3
[0.024s][info][gc,metaspace] Narrow klass base: 0x00007f2fca000000, Narrow klass shift: 0
[0.024s][info][gc,metaspace] Encoding Range: [0x00007f2fca000000 - 0x00007f30ca000000), (4294967296 bytes)
[0.024s][info][gc,metaspace] Klass Range:    [0x00007f2fca000000 - 0x00007f300b000000), (1090519040 bytes)
[0.024s][info][gc,metaspace] Klass ID Range:  [8 - 1090519033) (1090519025)
[0.259s][info][gc,start    ] GC(0) Pause Young (Normal) (G1 Evacuation Pause)
[0.260s][info][gc,task     ] GC(0) Using 2 workers of 2 for evacuation
[0.263s][info][gc,phases   ] GC(0)   Pre Evacuate Collection Set: 0.17ms
[0.263s][info][gc,phases   ] GC(0)   Merge Heap Roots: 0.09ms
[0.263s][info][gc,phases   ] GC(0)   Evacuate Collection Set: 2.56ms
[0.263s][info][gc,phases   ] GC(0)   Post Evacuate Collection Set: 0.23ms
[0.263s][info][gc,phases   ] GC(0)   Other: 0.24ms
[0.263s][info][gc,heap     ] GC(0) Eden regions: 12->0(10)
[0.263s][info][gc,heap     ] GC(0) Survivor regions: 0->2(2)
[0.263s][info][gc,heap     ] GC(0) Old regions: 2->2
[0.263s][info][gc,heap     ] GC(0) Humongous regions: 0->0
[0.263s][info][gc,metaspace] GC(0) Metaspace: 2359K(2496K)->2359K(2496K) NonClass: 2163K(2240K)->2163K(2240K) Class: 196K(256K)->196K(256K)
[0.263s][info][gc          ] GC(0) Pause Young (Normal) (G1 Evacuation Pause) 13M->2M(258M) 3.515ms
[0.263s][info][gc,cpu      ] GC(0) User=0.00s Sys=0.00s Real=0.00s
[0.288s][info][gc,start    ] GC(1) Pause Young (Normal) (G1 Evacuation Pause)
[0.288s][info][gc,task     ] GC(1) Using 2 workers of 2 for evacuation
[0.291s][info][gc,phases   ] GC(1)   Pre Evacuate Collection Set: 0.16ms
[0.291s][info][gc,phases   ] GC(1)   Merge Heap Roots: 0.05ms
[0.291s][info][gc,phases   ] GC(1)   Evacuate Collection Set: 2.77ms
[0.291s][info][gc,phases   ] GC(1)   Post Evacuate Collection Set: 0.18ms
[0.291s][info][gc,phases   ] GC(1)   Other: 0.09ms
[0.291s][info][gc,heap     ] GC(1) Eden regions: 10->0(20)
[0.291s][info][gc,heap     ] GC(1) Survivor regions: 2->1(2)
[0.291s][info][gc,heap     ] GC(1) Old regions: 2->4
[0.291s][info][gc,heap     ] GC(1) Humongous regions: 0->0
[0.291s][info][gc,metaspace] GC(1) Metaspace: 2415K(2560K)->2415K(2560K) NonClass: 2218K(2304K)->2218K(2304K) Class: 197K(256K)->197K(256K)
[0.291s][info][gc          ] GC(1) Pause Young (Normal) (G1 Evacuation Pause) 12M->3M(258M) 3.428ms
[0.291s][info][gc,cpu      ] GC(1) User=0.00s Sys=0.00s Real=0.00s
[0.336s][info][gc,start    ] GC(2) Pause Young (Normal) (G1 Evacuation Pause)
[0.336s][info][gc,task     ] GC(2) Using 2 workers of 2 for evacuation
[0.337s][info][gc,phases   ] GC(2)   Pre Evacuate Collection Set: 0.16ms
[0.337s][info][gc,phases   ] GC(2)   Merge Heap Roots: 0.04ms
[0.337s][info][gc,phases   ] GC(2)   Evacuate Collection Set: 0.24ms
[0.337s][info][gc,phases   ] GC(2)   Post Evacuate Collection Set: 0.15ms
[0.337s][info][gc,phases   ] GC(2)   Other: 0.09ms
[0.337s][info][gc,heap     ] GC(2) Eden regions: 20->0(25)
[0.337s][info][gc,heap     ] GC(2) Survivor regions: 1->1(3)
[0.337s][info][gc,heap     ] GC(2) Old regions: 4->4
[0.337s][info][gc,heap     ] GC(2) Humongous regions: 0->0
[0.337s][info][gc,metaspace] GC(2) Metaspace: 2594K(2688K)->2594K(2688K) NonClass: 2397K(2432K)->2397K(2432K) Class: 197K(256K)->197K(256K)
[0.337s][info][gc          ] GC(2) Pause Young (Normal) (G1 Evacuation Pause) 23M->3M(258M) 0.826ms
[0.337s][info][gc,cpu      ] GC(2) User=0.00s Sys=0.00s Real=0.00s
[0.793s][info][gc,start    ] GC(3) Pause Young (Normal) (G1 Evacuation Pause)
[0.793s][info][gc,task     ] GC(3) Using 2 workers of 2 for evacuation
[0.815s][info][gc,phases   ] GC(3)   Pre Evacuate Collection Set: 0.25ms
[0.815s][info][gc,phases   ] GC(3)   Merge Heap Roots: 0.05ms
[0.815s][info][gc,phases   ] GC(3)   Evacuate Collection Set: 21.84ms
[0.815s][info][gc,phases   ] GC(3)   Post Evacuate Collection Set: 0.33ms
[0.815s][info][gc,phases   ] GC(3)   Other: 0.08ms
[0.815s][info][gc,heap     ] GC(3) Eden regions: 25->0(21)
[0.815s][info][gc,heap     ] GC(3) Survivor regions: 1->4(4)
[0.815s][info][gc,heap     ] GC(3) Old regions: 4->12
[0.815s][info][gc,heap     ] GC(3) Humongous regions: 0->0
[0.815s][info][gc,metaspace] GC(3) Metaspace: 4972K(5120K)->4972K(5120K) NonClass: 4474K(4544K)->4474K(4544K) Class: 498K(576K)->498K(576K)
[0.815s][info][gc          ] GC(3) Pause Young (Normal) (G1 Evacuation Pause) 28M->14M(258M) 22.711ms
[0.815s][info][gc,cpu      ] GC(3) User=0.04s Sys=0.01s Real=0.02s
[7.075s][info][gc,start    ] GC(4) Pause Young (Normal) (G1 Evacuation Pause)
[7.075s][info][gc,task     ] GC(4) Using 2 workers of 2 for evacuation
[7.089s][info][gc,phases   ] GC(4)   Pre Evacuate Collection Set: 0.17ms
[7.089s][info][gc,phases   ] GC(4)   Merge Heap Roots: 0.11ms
[7.089s][info][gc,phases   ] GC(4)   Evacuate Collection Set: 13.16ms
[7.089s][info][gc,phases   ] GC(4)   Post Evacuate Collection Set: 0.39ms
[7.089s][info][gc,phases   ] GC(4)   Other: 0.09ms
[7.089s][info][gc,heap     ] GC(4) Eden regions: 21->0(21)
[7.089s][info][gc,heap     ] GC(4) Survivor regions: 4->1(4)
[7.089s][info][gc,heap     ] GC(4) Old regions: 12->16
[7.089s][info][gc,heap     ] GC(4) Humongous regions: 0->0
[7.089s][info][gc,metaspace] GC(4) Metaspace: 5236K(5376K)->5236K(5376K) NonClass: 4737K(4800K)->4737K(4800K) Class: 498K(576K)->498K(576K)
[7.089s][info][gc          ] GC(4) Pause Young (Normal) (G1 Evacuation Pause) 35M->16M(258M) 14.072ms
[7.089s][info][gc,cpu      ] GC(4) User=0.03s Sys=0.00s Real=0.02s
[13.023s][info][gc,start    ] GC(5) Pause Young (Normal) (G1 Evacuation Pause)
[13.023s][info][gc,task     ] GC(5) Using 2 workers of 2 for evacuation
[13.026s][info][gc,phases   ] GC(5)   Pre Evacuate Collection Set: 0.16ms
[13.026s][info][gc,phases   ] GC(5)   Merge Heap Roots: 0.04ms
[13.026s][info][gc,phases   ] GC(5)   Evacuate Collection Set: 2.13ms
[13.026s][info][gc,phases   ] GC(5)   Post Evacuate Collection Set: 0.18ms
[13.026s][info][gc,phases   ] GC(5)   Other: 0.06ms
[13.026s][info][gc,heap     ] GC(5) Eden regions: 45->0(34)
[13.026s][info][gc,heap     ] GC(5) Survivor regions: 1->2(6)
[13.026s][info][gc,heap     ] GC(5) Old regions: 16->16
[13.026s][info][gc,heap     ] GC(5) Humongous regions: 0->0
[13.026s][info][gc,metaspace] GC(5) Metaspace: 5257K(5376K)->5257K(5376K) NonClass: 4758K(4800K)->4758K(4800K) Class: 498K(576K)->498K(576K)
[13.026s][info][gc          ] GC(5) Pause Young (Normal) (G1 Evacuation Pause) 61M->16M(258M) 2.720ms
[13.026s][info][gc,cpu      ] GC(5) User=0.00s Sys=0.00s Real=0.00s
[18.942s][info][gc,start    ] GC(6) Pause Young (Normal) (G1 Evacuation Pause)
[18.943s][info][gc,task     ] GC(6) Using 2 workers of 2 for evacuation
[18.945s][info][gc,phases   ] GC(6)   Pre Evacuate Collection Set: 0.15ms
[18.945s][info][gc,phases   ] GC(6)   Merge Heap Roots: 0.06ms
[18.945s][info][gc,phases   ] GC(6)   Evacuate Collection Set: 2.39ms
[18.945s][info][gc,phases   ] GC(6)   Post Evacuate Collection Set: 0.18ms
[18.945s][info][gc,phases   ] GC(6)   Other: 0.10ms
[18.945s][info][gc,heap     ] GC(6) Eden regions: 48->0(53)
[18.945s][info][gc,heap     ] GC(6) Survivor regions: 2->2(7)
[18.945s][info][gc,heap     ] GC(6) Old regions: 16->16
[18.945s][info][gc,heap     ] GC(6) Humongous regions: 0->0
[18.945s][info][gc,metaspace] GC(6) Metaspace: 5261K(5376K)->5261K(5376K) NonClass: 4763K(4800K)->4763K(4800K) Class: 498K(576K)->498K(576K)
[18.946s][info][gc          ] GC(6) Pause Young (Normal) (G1 Evacuation Pause) 64M->16M(258M) 3.035ms
[18.946s][info][gc,cpu      ] GC(6) User=0.01s Sys=0.00s Real=0.00s
[26.034s][info][gc,start    ] GC(7) Pause Young (Normal) (G1 Evacuation Pause)
[26.034s][info][gc,task     ] GC(7) Using 2 workers of 2 for evacuation
[26.038s][info][gc,phases   ] GC(7)   Pre Evacuate Collection Set: 0.16ms
[26.038s][info][gc,phases   ] GC(7)   Merge Heap Roots: 0.05ms
[26.038s][info][gc,phases   ] GC(7)   Evacuate Collection Set: 2.83ms
[26.038s][info][gc,phases   ] GC(7)   Post Evacuate Collection Set: 0.19ms
[26.038s][info][gc,phases   ] GC(7)   Other: 0.09ms
[26.038s][info][gc,heap     ] GC(7) Eden regions: 67->0(70)
[26.038s][info][gc,heap     ] GC(7) Survivor regions: 2->2(9)
[26.038s][info][gc,heap     ] GC(7) Old regions: 16->16
[26.038s][info][gc,heap     ] GC(7) Humongous regions: 0->0
[26.038s][info][gc,metaspace] GC(7) Metaspace: 5263K(5440K)->5263K(5440K) NonClass: 4765K(4864K)->4765K(4864K) Class: 498K(576K)->498K(576K)
[26.038s][info][gc          ] GC(7) Pause Young (Normal) (G1 Evacuation Pause) 83M->16M(258M) 3.474ms
[26.038s][info][gc,cpu      ] GC(7) User=0.01s Sys=0.01s Real=0.01s
[34.252s][info][gc,start    ] GC(8) Pause Young (Normal) (G1 Evacuation Pause)
[34.252s][info][gc,task     ] GC(8) Using 2 workers of 2 for evacuation
[34.256s][info][gc,phases   ] GC(8)   Pre Evacuate Collection Set: 0.21ms
[34.256s][info][gc,phases   ] GC(8)   Merge Heap Roots: 0.06ms
[34.256s][info][gc,phases   ] GC(8)   Evacuate Collection Set: 3.94ms
[34.256s][info][gc,phases   ] GC(8)   Post Evacuate Collection Set: 0.25ms
[34.256s][info][gc,phases   ] GC(8)   Other: 0.08ms
[34.256s][info][gc,heap     ] GC(8) Eden regions: 82->0(92)
[34.256s][info][gc,heap     ] GC(8) Survivor regions: 2->3(11)
[34.256s][info][gc,heap     ] GC(8) Old regions: 16->16
[34.256s][info][gc,heap     ] GC(8) Humongous regions: 0->0
[34.256s][info][gc,metaspace] GC(8) Metaspace: 5264K(5440K)->5264K(5440K) NonClass: 4765K(4864K)->4765K(4864K) Class: 498K(576K)->498K(576K)
[34.256s][info][gc          ] GC(8) Pause Young (Normal) (G1 Evacuation Pause) 98M->17M(258M) 4.690ms
[34.256s][info][gc,cpu      ] GC(8) User=0.01s Sys=0.00s Real=0.00s
[45.674s][info][gc,start    ] GC(9) Pause Young (Normal) (G1 Evacuation Pause)
[45.674s][info][gc,task     ] GC(9) Using 2 workers of 2 for evacuation
[45.679s][info][gc,phases   ] GC(9)   Pre Evacuate Collection Set: 0.15ms
[45.679s][info][gc,phases   ] GC(9)   Merge Heap Roots: 0.05ms
[45.679s][info][gc,phases   ] GC(9)   Evacuate Collection Set: 5.31ms
[45.679s][info][gc,phases   ] GC(9)   Post Evacuate Collection Set: 0.22ms
[45.679s][info][gc,phases   ] GC(9)   Other: 0.09ms
[45.680s][info][gc,heap     ] GC(9) Eden regions: 104->0(116)
[45.680s][info][gc,heap     ] GC(9) Survivor regions: 3->3(14)
[45.680s][info][gc,heap     ] GC(9) Old regions: 16->16
[45.680s][info][gc,heap     ] GC(9) Humongous regions: 0->0
[45.680s][info][gc,metaspace] GC(9) Metaspace: 5265K(5440K)->5265K(5440K) NonClass: 4766K(4864K)->4766K(4864K) Class: 498K(576K)->498K(576K)
[45.680s][info][gc          ] GC(9) Pause Young (Normal) (G1 Evacuation Pause) 121M->17M(258M) 6.001ms
[45.680s][info][gc,cpu      ] GC(9) User=0.01s Sys=0.00s Real=0.01s
[58.832s][info][gc,start    ] GC(10) Pause Young (Normal) (G1 Evacuation Pause)
[58.832s][info][gc,task     ] GC(10) Using 2 workers of 2 for evacuation
[58.837s][info][gc,phases   ] GC(10)   Pre Evacuate Collection Set: 0.18ms
[58.837s][info][gc,phases   ] GC(10)   Merge Heap Roots: 0.06ms
[58.837s][info][gc,phases   ] GC(10)   Evacuate Collection Set: 4.89ms
[58.837s][info][gc,phases   ] GC(10)   Post Evacuate Collection Set: 0.24ms
[58.837s][info][gc,phases   ] GC(10)   Other: 0.07ms
[58.837s][info][gc,heap     ] GC(10) Eden regions: 128->0(145)
[58.837s][info][gc,heap     ] GC(10) Survivor regions: 3->4(17)
[58.837s][info][gc,heap     ] GC(10) Old regions: 16->16
[58.837s][info][gc,heap     ] GC(10) Humongous regions: 0->0
[58.837s][info][gc,metaspace] GC(10) Metaspace: 5265K(5440K)->5265K(5440K) NonClass: 4766K(4864K)->4766K(4864K) Class: 498K(576K)->498K(576K)
[58.837s][info][gc          ] GC(10) Pause Young (Normal) (G1 Evacuation Pause) 145M->18M(258M) 5.627ms
[58.837s][info][gc,cpu      ] GC(10) User=0.01s Sys=0.00s Real=0.00s
[74.135s][info][gc,start    ] GC(11) Pause Young (Normal) (G1 Evacuation Pause)
[74.135s][info][gc,task     ] GC(11) Using 2 workers of 2 for evacuation
[74.142s][info][gc,phases   ] GC(11)   Pre Evacuate Collection Set: 0.15ms
[74.142s][info][gc,phases   ] GC(11)   Merge Heap Roots: 0.06ms
[74.142s][info][gc,phases   ] GC(11)   Evacuate Collection Set: 6.42ms
[74.142s][info][gc,phases   ] GC(11)   Post Evacuate Collection Set: 0.27ms
[74.142s][info][gc,phases   ] GC(11)   Other: 0.10ms
[74.142s][info][gc,heap     ] GC(11) Eden regions: 148->0(149)
[74.142s][info][gc,heap     ] GC(11) Survivor regions: 4->4(19)
[74.142s][info][gc,heap     ] GC(11) Old regions: 16->16
[74.142s][info][gc,heap     ] GC(11) Humongous regions: 0->0
[74.142s][info][gc,metaspace] GC(11) Metaspace: 5265K(5440K)->5265K(5440K) NonClass: 4766K(4864K)->4766K(4864K) Class: 498K(576K)->498K(576K)
[74.142s][info][gc          ] GC(11) Pause Young (Normal) (G1 Evacuation Pause) 166M->18M(258M) 7.176ms
[74.142s][info][gc,cpu      ] GC(11) User=0.01s Sys=0.00s Real=0.01s
[90.002s][info][gc,start    ] GC(12) Pause Young (Normal) (G1 Evacuation Pause)
[90.002s][info][gc,task     ] GC(12) Using 2 workers of 2 for evacuation
[90.010s][info][gc,phases   ] GC(12)   Pre Evacuate Collection Set: 0.17ms
[90.010s][info][gc,phases   ] GC(12)   Merge Heap Roots: 0.06ms
[90.010s][info][gc,phases   ] GC(12)   Evacuate Collection Set: 7.22ms
[90.010s][info][gc,phases   ] GC(12)   Post Evacuate Collection Set: 0.28ms
[90.010s][info][gc,phases   ] GC(12)   Other: 0.07ms
[90.010s][info][gc,heap     ] GC(12) Eden regions: 149->0(148)
[90.010s][info][gc,heap     ] GC(12) Survivor regions: 4->5(20)
[90.010s][info][gc,heap     ] GC(12) Old regions: 16->16
[90.010s][info][gc,heap     ] GC(12) Humongous regions: 0->0
[90.010s][info][gc,metaspace] GC(12) Metaspace: 5265K(5440K)->5265K(5440K) NonClass: 4767K(4864K)->4767K(4864K) Class: 498K(576K)->498K(576K)
[90.010s][info][gc          ] GC(12) Pause Young (Normal) (G1 Evacuation Pause) 167M->19M(258M) 7.969ms
[90.010s][info][gc,cpu      ] GC(12) User=0.01s Sys=0.00s Real=0.01s
[108.387s][info][gc,start    ] GC(13) Pause Young (Normal) (G1 Evacuation Pause)
[108.387s][info][gc,task     ] GC(13) Using 2 workers of 2 for evacuation
[108.410s][info][gc,phases   ] GC(13)   Pre Evacuate Collection Set: 0.15ms
[108.410s][info][gc,phases   ] GC(13)   Merge Heap Roots: 0.08ms
[108.410s][info][gc,phases   ] GC(13)   Evacuate Collection Set: 22.29ms
[108.410s][info][gc,phases   ] GC(13)   Post Evacuate Collection Set: 0.32ms
[108.410s][info][gc,phases   ] GC(13)   Other: 0.08ms
[108.410s][info][gc,heap     ] GC(13) Eden regions: 148->0(137)
[108.410s][info][gc,heap     ] GC(13) Survivor regions: 5->16(20)
[108.410s][info][gc,heap     ] GC(13) Old regions: 16->16
[108.410s][info][gc,heap     ] GC(13) Humongous regions: 0->0
[108.410s][info][gc,metaspace] GC(13) Metaspace: 5455K(5632K)->5455K(5632K) NonClass: 4946K(5056K)->4946K(5056K) Class: 508K(576K)->508K(576K)
[108.410s][info][gc          ] GC(13) Pause Young (Normal) (G1 Evacuation Pause) 167M->31M(258M) 23.089ms
[108.410s][info][gc,cpu      ] GC(13) User=0.04s Sys=0.01s Real=0.03s
[123.700s][info][gc,start    ] GC(14) Pause Young (Normal) (G1 Evacuation Pause)
[123.700s][info][gc,task     ] GC(14) Using 2 workers of 2 for evacuation
[123.724s][info][gc,phases   ] GC(14)   Pre Evacuate Collection Set: 0.17ms
[123.724s][info][gc,phases   ] GC(14)   Merge Heap Roots: 0.05ms
[123.724s][info][gc,phases   ] GC(14)   Evacuate Collection Set: 23.11ms
[123.724s][info][gc,phases   ] GC(14)   Post Evacuate Collection Set: 0.31ms
[123.724s][info][gc,phases   ] GC(14)   Other: 0.08ms
[123.724s][info][gc,heap     ] GC(14) Eden regions: 137->0(152)
[123.724s][info][gc,heap     ] GC(14) Survivor regions: 16->1(20)
[123.724s][info][gc,heap     ] GC(14) Old regions: 16->32
[123.724s][info][gc,heap     ] GC(14) Humongous regions: 0->0
[123.724s][info][gc,metaspace] GC(14) Metaspace: 5456K(5632K)->5456K(5632K) NonClass: 4947K(5056K)->4947K(5056K) Class: 508K(576K)->508K(576K)
[123.724s][info][gc          ] GC(14) Pause Young (Normal) (G1 Evacuation Pause) 168M->31M(258M) 23.884ms
[123.724s][info][gc,cpu      ] GC(14) User=0.04s Sys=0.01s Real=0.02s
[139.956s][info][gc,start    ] GC(15) Pause Young (Normal) (G1 Evacuation Pause)
[139.956s][info][gc,task     ] GC(15) Using 2 workers of 2 for evacuation
[139.961s][info][gc,phases   ] GC(15)   Pre Evacuate Collection Set: 0.17ms
[139.961s][info][gc,phases   ] GC(15)   Merge Heap Roots: 0.06ms
[139.961s][info][gc,phases   ] GC(15)   Evacuate Collection Set: 4.16ms
[139.961s][info][gc,phases   ] GC(15)   Post Evacuate Collection Set: 0.26ms
[139.961s][info][gc,phases   ] GC(15)   Other: 0.08ms
[139.961s][info][gc,heap     ] GC(15) Eden regions: 152->0(152)
[139.961s][info][gc,heap     ] GC(15) Survivor regions: 1->1(20)
[139.961s][info][gc,heap     ] GC(15) Old regions: 32->32
[139.961s][info][gc,heap     ] GC(15) Humongous regions: 0->0
[139.961s][info][gc,metaspace] GC(15) Metaspace: 5456K(5632K)->5456K(5632K) NonClass: 4947K(5056K)->4947K(5056K) Class: 508K(576K)->508K(576K)
[139.961s][info][gc          ] GC(15) Pause Young (Normal) (G1 Evacuation Pause) 183M->31M(258M) 4.889ms
[139.961s][info][gc,cpu      ] GC(15) User=0.00s Sys=0.00s Real=0.01s
[155.768s][info][gc,start    ] GC(16) Pause Young (Normal) (G1 Evacuation Pause)
[155.768s][info][gc,task     ] GC(16) Using 2 workers of 2 for evacuation
[155.770s][info][gc,phases   ] GC(16)   Pre Evacuate Collection Set: 0.15ms
[155.771s][info][gc,phases   ] GC(16)   Merge Heap Roots: 0.07ms
[155.771s][info][gc,phases   ] GC(16)   Evacuate Collection Set: 2.02ms
[155.771s][info][gc,phases   ] GC(16)   Post Evacuate Collection Set: 0.33ms
[155.771s][info][gc,phases   ] GC(16)   Other: 0.11ms
[155.771s][info][gc,heap     ] GC(16) Eden regions: 152->0(151)
[155.771s][info][gc,heap     ] GC(16) Survivor regions: 1->2(20)
[155.771s][info][gc,heap     ] GC(16) Old regions: 32->32
[155.771s][info][gc,heap     ] GC(16) Humongous regions: 0->0
[155.771s][info][gc,metaspace] GC(16) Metaspace: 5456K(5632K)->5456K(5632K) NonClass: 4947K(5056K)->4947K(5056K) Class: 508K(576K)->508K(576K)
[155.771s][info][gc          ] GC(16) Pause Young (Normal) (G1 Evacuation Pause) 183M->32M(258M) 2.868ms
[155.771s][info][gc,cpu      ] GC(16) User=0.01s Sys=0.00s Real=0.00s
[171.373s][info][gc,start    ] GC(17) Pause Young (Normal) (G1 Evacuation Pause)
[171.373s][info][gc,task     ] GC(17) Using 2 workers of 2 for evacuation
[171.377s][info][gc,phases   ] GC(17)   Pre Evacuate Collection Set: 0.18ms
[171.377s][info][gc,phases   ] GC(17)   Merge Heap Roots: 0.05ms
[171.377s][info][gc,phases   ] GC(17)   Evacuate Collection Set: 3.50ms
[171.377s][info][gc,phases   ] GC(17)   Post Evacuate Collection Set: 0.28ms
[171.377s][info][gc,phases   ] GC(17)   Other: 0.06ms
[171.377s][info][gc,heap     ] GC(17) Eden regions: 151->0(150)
[171.377s][info][gc,heap     ] GC(17) Survivor regions: 2->3(20)
[171.377s][info][gc,heap     ] GC(17) Old regions: 32->32
[171.377s][info][gc,heap     ] GC(17) Humongous regions: 0->0
[171.377s][info][gc,metaspace] GC(17) Metaspace: 5456K(5632K)->5456K(5632K) NonClass: 4947K(5056K)->4947K(5056K) Class: 508K(576K)->508K(576K)
[171.377s][info][gc          ] GC(17) Pause Young (Normal) (G1 Evacuation Pause) 183M->32M(258M) 4.256ms
[171.377s][info][gc,cpu      ] GC(17) User=0.01s Sys=0.00s Real=0.00s
[187.304s][info][gc,start    ] GC(18) Pause Young (Normal) (G1 Evacuation Pause)
[187.304s][info][gc,task     ] GC(18) Using 2 workers of 2 for evacuation
[187.307s][info][gc,phases   ] GC(18)   Pre Evacuate Collection Set: 0.15ms
[187.307s][info][gc,phases   ] GC(18)   Merge Heap Roots: 0.06ms
[187.307s][info][gc,phases   ] GC(18)   Evacuate Collection Set: 2.91ms
[187.307s][info][gc,phases   ] GC(18)   Post Evacuate Collection Set: 0.28ms
[187.307s][info][gc,phases   ] GC(18)   Other: 0.08ms
[187.307s][info][gc,heap     ] GC(18) Eden regions: 150->0(150)
[187.307s][info][gc,heap     ] GC(18) Survivor regions: 3->3(20)
[187.307s][info][gc,heap     ] GC(18) Old regions: 32->32
[187.307s][info][gc,heap     ] GC(18) Humongous regions: 0->0
[187.307s][info][gc,metaspace] GC(18) Metaspace: 5456K(5632K)->5456K(5632K) NonClass: 4947K(5056K)->4947K(5056K) Class: 508K(576K)->508K(576K)
[187.307s][info][gc          ] GC(18) Pause Young (Normal) (G1 Evacuation Pause) 182M->33M(258M) 3.641ms
[187.307s][info][gc,cpu      ] GC(18) User=0.01s Sys=0.00s Real=0.00s
[206.558s][info][gc,start    ] GC(19) Pause Young (Normal) (G1 Evacuation Pause)
[206.558s][info][gc,task     ] GC(19) Using 2 workers of 2 for evacuation
[206.575s][info][gc,phases   ] GC(19)   Pre Evacuate Collection Set: 0.16ms
[206.575s][info][gc,phases   ] GC(19)   Merge Heap Roots: 0.08ms
[206.575s][info][gc,phases   ] GC(19)   Evacuate Collection Set: 16.46ms
[206.575s][info][gc,phases   ] GC(19)   Post Evacuate Collection Set: 0.36ms
[206.575s][info][gc,phases   ] GC(19)   Other: 0.08ms
[206.575s][info][gc,heap     ] GC(19) Eden regions: 150->0(139)
[206.575s][info][gc,heap     ] GC(19) Survivor regions: 3->14(20)
[206.575s][info][gc,heap     ] GC(19) Old regions: 32->32
[206.575s][info][gc,heap     ] GC(19) Humongous regions: 0->0
[206.575s][info][gc,metaspace] GC(19) Metaspace: 5475K(5632K)->5475K(5632K) NonClass: 4966K(5056K)->4966K(5056K) Class: 508K(576K)->508K(576K)
[206.575s][info][gc          ] GC(19) Pause Young (Normal) (G1 Evacuation Pause) 183M->44M(258M) 17.308ms
[206.575s][info][gc,cpu      ] GC(19) User=0.03s Sys=0.00s Real=0.01s
[221.187s][info][gc,start    ] GC(20) Pause Young (Normal) (G1 Evacuation Pause)
[221.187s][info][gc,task     ] GC(20) Using 2 workers of 2 for evacuation
[221.215s][info][gc,phases   ] GC(20)   Pre Evacuate Collection Set: 0.18ms
[221.215s][info][gc,phases   ] GC(20)   Merge Heap Roots: 0.05ms
[221.215s][info][gc,phases   ] GC(20)   Evacuate Collection Set: 27.21ms
[221.215s][info][gc,phases   ] GC(20)   Post Evacuate Collection Set: 0.28ms
[221.215s][info][gc,phases   ] GC(20)   Other: 0.07ms
[221.215s][info][gc,heap     ] GC(20) Eden regions: 139->0(152)
[221.215s][info][gc,heap     ] GC(20) Survivor regions: 14->1(20)
[221.215s][info][gc,heap     ] GC(20) Old regions: 32->46
[221.215s][info][gc,heap     ] GC(20) Humongous regions: 0->0
[221.215s][info][gc,metaspace] GC(20) Metaspace: 5475K(5632K)->5475K(5632K) NonClass: 4966K(5056K)->4966K(5056K) Class: 508K(576K)->508K(576K)
[221.215s][info][gc          ] GC(20) Pause Young (Normal) (G1 Evacuation Pause) 183M->45M(258M) 27.966ms
[221.215s][info][gc,cpu      ] GC(20) User=0.04s Sys=0.01s Real=0.03s
[237.363s][info][gc,start    ] GC(21) Pause Young (Normal) (G1 Evacuation Pause)
[237.363s][info][gc,task     ] GC(21) Using 2 workers of 2 for evacuation
[237.365s][info][gc,phases   ] GC(21)   Pre Evacuate Collection Set: 0.15ms
[237.365s][info][gc,phases   ] GC(21)   Merge Heap Roots: 0.06ms
[237.365s][info][gc,phases   ] GC(21)   Evacuate Collection Set: 1.56ms
[237.365s][info][gc,phases   ] GC(21)   Post Evacuate Collection Set: 0.25ms
[237.365s][info][gc,phases   ] GC(21)   Other: 0.07ms
[237.365s][info][gc,heap     ] GC(21) Eden regions: 152->0(152)
[237.365s][info][gc,heap     ] GC(21) Survivor regions: 1->1(20)
[237.365s][info][gc,heap     ] GC(21) Old regions: 46->46
[237.365s][info][gc,heap     ] GC(21) Humongous regions: 0->0
[237.365s][info][gc,metaspace] GC(21) Metaspace: 5475K(5632K)->5475K(5632K) NonClass: 4966K(5056K)->4966K(5056K) Class: 508K(576K)->508K(576K)
[237.365s][info][gc          ] GC(21) Pause Young (Normal) (G1 Evacuation Pause) 197M->45M(258M) 2.271ms
[237.365s][info][gc,cpu      ] GC(21) User=0.01s Sys=0.00s Real=0.00s
[253.219s][info][gc,start    ] GC(22) Pause Young (Normal) (G1 Evacuation Pause)
[253.219s][info][gc,task     ] GC(22) Using 2 workers of 2 for evacuation
[253.221s][info][gc,phases   ] GC(22)   Pre Evacuate Collection Set: 0.15ms
[253.221s][info][gc,phases   ] GC(22)   Merge Heap Roots: 0.05ms
[253.221s][info][gc,phases   ] GC(22)   Evacuate Collection Set: 2.15ms
[253.221s][info][gc,phases   ] GC(22)   Post Evacuate Collection Set: 0.27ms
[253.221s][info][gc,phases   ] GC(22)   Other: 0.08ms
[253.221s][info][gc,heap     ] GC(22) Eden regions: 152->0(151)
[253.221s][info][gc,heap     ] GC(22) Survivor regions: 1->2(20)
[253.221s][info][gc,heap     ] GC(22) Old regions: 46->46
[253.221s][info][gc,heap     ] GC(22) Humongous regions: 0->0
[253.221s][info][gc,metaspace] GC(22) Metaspace: 5475K(5632K)->5475K(5632K) NonClass: 4966K(5056K)->4966K(5056K) Class: 508K(576K)->508K(576K)
[253.221s][info][gc          ] GC(22) Pause Young (Normal) (G1 Evacuation Pause) 197M->45M(258M) 2.858ms
[253.221s][info][gc,cpu      ] GC(22) User=0.00s Sys=0.00s Real=0.00s
[268.533s][info][gc,start    ] GC(23) Pause Young (Normal) (G1 Evacuation Pause)
[268.533s][info][gc,task     ] GC(23) Using 2 workers of 2 for evacuation
[268.536s][info][gc,phases   ] GC(23)   Pre Evacuate Collection Set: 0.15ms
[268.536s][info][gc,phases   ] GC(23)   Merge Heap Roots: 0.06ms
[268.536s][info][gc,phases   ] GC(23)   Evacuate Collection Set: 2.55ms
[268.536s][info][gc,phases   ] GC(23)   Post Evacuate Collection Set: 0.26ms
[268.536s][info][gc,phases   ] GC(23)   Other: 0.06ms
[268.536s][info][gc,heap     ] GC(23) Eden regions: 151->0(151)
[268.536s][info][gc,heap     ] GC(23) Survivor regions: 2->2(20)
[268.536s][info][gc,heap     ] GC(23) Old regions: 46->46
[268.536s][info][gc,heap     ] GC(23) Humongous regions: 0->0
[268.536s][info][gc,metaspace] GC(23) Metaspace: 5475K(5632K)->5475K(5632K) NonClass: 4966K(5056K)->4966K(5056K) Class: 508K(576K)->508K(576K)
[268.536s][info][gc          ] GC(23) Pause Young (Normal) (G1 Evacuation Pause) 196M->46M(258M) 3.239ms
[268.536s][info][gc,cpu      ] GC(23) User=0.01s Sys=0.00s Real=0.00s
[284.497s][info][gc,start    ] GC(24) Pause Young (Normal) (G1 Evacuation Pause)
[284.497s][info][gc,task     ] GC(24) Using 2 workers of 2 for evacuation
[284.501s][info][gc,phases   ] GC(24)   Pre Evacuate Collection Set: 0.15ms
[284.501s][info][gc,phases   ] GC(24)   Merge Heap Roots: 0.06ms
[284.501s][info][gc,phases   ] GC(24)   Evacuate Collection Set: 2.96ms
[284.501s][info][gc,phases   ] GC(24)   Post Evacuate Collection Set: 0.32ms
[284.501s][info][gc,phases   ] GC(24)   Other: 0.07ms
[284.501s][info][gc,heap     ] GC(24) Eden regions: 151->0(150)
[284.501s][info][gc,heap     ] GC(24) Survivor regions: 2->3(20)
[284.501s][info][gc,heap     ] GC(24) Old regions: 46->46
[284.501s][info][gc,heap     ] GC(24) Humongous regions: 0->0
[284.501s][info][gc,metaspace] GC(24) Metaspace: 5475K(5632K)->5475K(5632K) NonClass: 4966K(5056K)->4966K(5056K) Class: 508K(576K)->508K(576K)
[284.501s][info][gc          ] GC(24) Pause Young (Normal) (G1 Evacuation Pause) 197M->47M(258M) 3.714ms
[284.501s][info][gc,cpu      ] GC(24) User=0.00s Sys=0.00s Real=0.01s
[304.650s][info][gc,start    ] GC(25) Pause Young (Normal) (G1 Evacuation Pause)
[304.650s][info][gc,task     ] GC(25) Using 2 workers of 2 for evacuation
[304.668s][info][gc,phases   ] GC(25)   Pre Evacuate Collection Set: 0.17ms
[304.668s][info][gc,phases   ] GC(25)   Merge Heap Roots: 0.06ms
[304.668s][info][gc,phases   ] GC(25)   Evacuate Collection Set: 17.41ms
[304.668s][info][gc,phases   ] GC(25)   Post Evacuate Collection Set: 0.31ms
[304.668s][info][gc,phases   ] GC(25)   Other: 0.06ms
[304.668s][info][gc,heap     ] GC(25) Eden regions: 150->0(139)
[304.668s][info][gc,heap     ] GC(25) Survivor regions: 3->14(20)
[304.668s][info][gc,heap     ] GC(25) Old regions: 46->46
[304.668s][info][gc,heap     ] GC(25) Humongous regions: 0->0
[304.668s][info][gc,metaspace] GC(25) Metaspace: 5523K(5632K)->5523K(5632K) NonClass: 5014K(5056K)->5014K(5056K) Class: 508K(576K)->508K(576K)
[304.668s][info][gc          ] GC(25) Pause Young (Normal) (G1 Evacuation Pause) 197M->58M(258M) 18.198ms
[304.668s][info][gc,cpu      ] GC(25) User=0.03s Sys=0.00s Real=0.02s
[319.030s][info][gc,start    ] GC(26) Pause Young (Normal) (G1 Evacuation Pause)
[319.030s][info][gc,task     ] GC(26) Using 2 workers of 2 for evacuation
[319.050s][info][gc,phases   ] GC(26)   Pre Evacuate Collection Set: 0.15ms
[319.050s][info][gc,phases   ] GC(26)   Merge Heap Roots: 0.05ms
[319.051s][info][gc,phases   ] GC(26)   Evacuate Collection Set: 19.77ms
[319.051s][info][gc,phases   ] GC(26)   Post Evacuate Collection Set: 0.27ms
[319.051s][info][gc,phases   ] GC(26)   Other: 0.07ms
[319.051s][info][gc,heap     ] GC(26) Eden regions: 139->0(152)
[319.051s][info][gc,heap     ] GC(26) Survivor regions: 14->1(20)
[319.051s][info][gc,heap     ] GC(26) Old regions: 46->59
[319.051s][info][gc,heap     ] GC(26) Humongous regions: 0->0
[319.051s][info][gc,metaspace] GC(26) Metaspace: 5523K(5632K)->5523K(5632K) NonClass: 5014K(5056K)->5014K(5056K) Class: 508K(576K)->508K(576K)
[319.051s][info][gc          ] GC(26) Pause Young (Normal) (G1 Evacuation Pause) 197M->58M(258M) 20.500ms
[319.051s][info][gc,cpu      ] GC(26) User=0.04s Sys=0.00s Real=0.02s
[335.375s][info][gc,start    ] GC(27) Pause Young (Normal) (G1 Evacuation Pause)
[335.375s][info][gc,task     ] GC(27) Using 2 workers of 2 for evacuation
[335.377s][info][gc,phases   ] GC(27)   Pre Evacuate Collection Set: 0.17ms
[335.377s][info][gc,phases   ] GC(27)   Merge Heap Roots: 0.06ms
[335.377s][info][gc,phases   ] GC(27)   Evacuate Collection Set: 1.73ms
[335.377s][info][gc,phases   ] GC(27)   Post Evacuate Collection Set: 0.24ms
[335.377s][info][gc,phases   ] GC(27)   Other: 0.06ms
[335.377s][info][gc,heap     ] GC(27) Eden regions: 152->0(152)
[335.377s][info][gc,heap     ] GC(27) Survivor regions: 1->1(20)
[335.377s][info][gc,heap     ] GC(27) Old regions: 59->59
[335.377s][info][gc,heap     ] GC(27) Humongous regions: 0->0
[335.378s][info][gc,metaspace] GC(27) Metaspace: 5523K(5632K)->5523K(5632K) NonClass: 5014K(5056K)->5014K(5056K) Class: 508K(576K)->508K(576K)
[335.378s][info][gc          ] GC(27) Pause Young (Normal) (G1 Evacuation Pause) 210M->58M(258M) 2.416ms
[335.378s][info][gc,cpu      ] GC(27) User=0.00s Sys=0.00s Real=0.01s
[351.398s][info][gc,start    ] GC(28) Pause Young (Normal) (G1 Evacuation Pause)
[351.398s][info][gc,task     ] GC(28) Using 2 workers of 2 for evacuation
[351.400s][info][gc,phases   ] GC(28)   Pre Evacuate Collection Set: 0.15ms
[351.400s][info][gc,phases   ] GC(28)   Merge Heap Roots: 0.06ms
[351.400s][info][gc,phases   ] GC(28)   Evacuate Collection Set: 2.11ms
[351.400s][info][gc,phases   ] GC(28)   Post Evacuate Collection Set: 0.26ms
[351.400s][info][gc,phases   ] GC(28)   Other: 0.08ms
[351.400s][info][gc,heap     ] GC(28) Eden regions: 152->0(151)
[351.400s][info][gc,heap     ] GC(28) Survivor regions: 1->2(20)
[351.400s][info][gc,heap     ] GC(28) Old regions: 59->59
[351.400s][info][gc,heap     ] GC(28) Humongous regions: 0->0
[351.400s][info][gc,metaspace] GC(28) Metaspace: 5523K(5632K)->5523K(5632K) NonClass: 5014K(5056K)->5014K(5056K) Class: 508K(576K)->508K(576K)
[351.400s][info][gc          ] GC(28) Pause Young (Normal) (G1 Evacuation Pause) 210M->58M(258M) 2.828ms
[351.400s][info][gc,cpu      ] GC(28) User=0.00s Sys=0.00s Real=0.00s
[368.016s][info][gc,start    ] GC(29) Pause Young (Normal) (G1 Evacuation Pause)
[368.016s][info][gc,task     ] GC(29) Using 2 workers of 2 for evacuation
[368.019s][info][gc,phases   ] GC(29)   Pre Evacuate Collection Set: 0.14ms
[368.019s][info][gc,phases   ] GC(29)   Merge Heap Roots: 0.06ms
[368.019s][info][gc,phases   ] GC(29)   Evacuate Collection Set: 2.57ms
[368.019s][info][gc,phases   ] GC(29)   Post Evacuate Collection Set: 0.27ms
[368.019s][info][gc,phases   ] GC(29)   Other: 0.06ms
[368.019s][info][gc,heap     ] GC(29) Eden regions: 151->0(151)
[368.019s][info][gc,heap     ] GC(29) Survivor regions: 2->2(20)
[368.019s][info][gc,heap     ] GC(29) Old regions: 59->59
[368.019s][info][gc,heap     ] GC(29) Humongous regions: 0->0
[368.019s][info][gc,metaspace] GC(29) Metaspace: 5523K(5632K)->5523K(5632K) NonClass: 5014K(5056K)->5014K(5056K) Class: 508K(576K)->508K(576K)
[368.019s][info][gc          ] GC(29) Pause Young (Normal) (G1 Evacuation Pause) 209M->59M(258M) 3.287ms
[368.019s][info][gc,cpu      ] GC(29) User=0.01s Sys=0.00s Real=0.01s
[385.276s][info][gc,start    ] GC(30) Pause Young (Normal) (G1 Evacuation Pause)
[385.276s][info][gc,task     ] GC(30) Using 2 workers of 2 for evacuation
[385.293s][info][gc,phases   ] GC(30)   Pre Evacuate Collection Set: 0.16ms
[385.293s][info][gc,phases   ] GC(30)   Merge Heap Roots: 0.08ms
[385.293s][info][gc,phases   ] GC(30)   Evacuate Collection Set: 16.10ms
[385.293s][info][gc,phases   ] GC(30)   Post Evacuate Collection Set: 0.28ms
[385.293s][info][gc,phases   ] GC(30)   Other: 0.06ms
[385.293s][info][gc,heap     ] GC(30) Eden regions: 151->0(139)
[385.293s][info][gc,heap     ] GC(30) Survivor regions: 2->14(20)
[385.293s][info][gc,heap     ] GC(30) Old regions: 59->59
[385.293s][info][gc,heap     ] GC(30) Humongous regions: 0->0
[385.293s][info][gc,metaspace] GC(30) Metaspace: 5540K(5696K)->5540K(5696K) NonClass: 5031K(5120K)->5031K(5120K) Class: 508K(576K)->508K(576K)
[385.293s][info][gc          ] GC(30) Pause Young (Normal) (G1 Evacuation Pause) 210M->71M(258M) 16.847ms
[385.293s][info][gc,cpu      ] GC(30) User=0.03s Sys=0.00s Real=0.02s
[401.973s][info][gc,start    ] GC(31) Pause Young (Normal) (G1 Evacuation Pause)
[401.973s][info][gc,task     ] GC(31) Using 2 workers of 2 for evacuation
[401.994s][info][gc,phases   ] GC(31)   Pre Evacuate Collection Set: 0.15ms
[401.994s][info][gc,phases   ] GC(31)   Merge Heap Roots: 0.05ms
[401.994s][info][gc,phases   ] GC(31)   Evacuate Collection Set: 20.23ms
[401.994s][info][gc,phases   ] GC(31)   Post Evacuate Collection Set: 0.27ms
[401.994s][info][gc,phases   ] GC(31)   Other: 0.08ms
[401.994s][info][gc,heap     ] GC(31) Eden regions: 139->0(152)
[401.994s][info][gc,heap     ] GC(31) Survivor regions: 14->1(20)
[401.994s][info][gc,heap     ] GC(31) Old regions: 59->72
[401.994s][info][gc,heap     ] GC(31) Humongous regions: 0->0
[401.994s][info][gc,metaspace] GC(31) Metaspace: 5540K(5696K)->5540K(5696K) NonClass: 5031K(5120K)->5031K(5120K) Class: 508K(576K)->508K(576K)
[401.994s][info][gc          ] GC(31) Pause Young (Normal) (G1 Evacuation Pause) 210M->72M(258M) 20.948ms
[401.994s][info][gc,cpu      ] GC(31) User=0.03s Sys=0.01s Real=0.02s
[417.639s][info][gc,start    ] GC(32) Pause Young (Normal) (G1 Evacuation Pause)
[417.639s][info][gc,task     ] GC(32) Using 2 workers of 2 for evacuation
[417.641s][info][gc,phases   ] GC(32)   Pre Evacuate Collection Set: 0.15ms
[417.641s][info][gc,phases   ] GC(32)   Merge Heap Roots: 0.05ms
[417.641s][info][gc,phases   ] GC(32)   Evacuate Collection Set: 1.58ms
[417.641s][info][gc,phases   ] GC(32)   Post Evacuate Collection Set: 0.34ms
[417.641s][info][gc,phases   ] GC(32)   Other: 0.06ms
[417.641s][info][gc,heap     ] GC(32) Eden regions: 152->0(152)
[417.641s][info][gc,heap     ] GC(32) Survivor regions: 1->1(20)
[417.641s][info][gc,heap     ] GC(32) Old regions: 72->72
[417.641s][info][gc,heap     ] GC(32) Humongous regions: 0->0
[417.641s][info][gc,metaspace] GC(32) Metaspace: 5540K(5696K)->5540K(5696K) NonClass: 5031K(5120K)->5031K(5120K) Class: 508K(576K)->508K(576K)
[417.641s][info][gc          ] GC(32) Pause Young (Normal) (G1 Evacuation Pause) 224M->72M(258M) 2.349ms
[417.641s][info][gc,cpu      ] GC(32) User=0.00s Sys=0.00s Real=0.00s
[433.869s][info][gc,start    ] GC(33) Pause Young (Normal) (G1 Evacuation Pause)
[433.869s][info][gc,task     ] GC(33) Using 2 workers of 2 for evacuation
[433.872s][info][gc,phases   ] GC(33)   Pre Evacuate Collection Set: 0.18ms
[433.872s][info][gc,phases   ] GC(33)   Merge Heap Roots: 0.11ms
[433.872s][info][gc,phases   ] GC(33)   Evacuate Collection Set: 2.05ms
[433.872s][info][gc,phases   ] GC(33)   Post Evacuate Collection Set: 0.25ms
[433.872s][info][gc,phases   ] GC(33)   Other: 0.08ms
[433.872s][info][gc,heap     ] GC(33) Eden regions: 152->0(151)
[433.872s][info][gc,heap     ] GC(33) Survivor regions: 1->2(20)
[433.872s][info][gc,heap     ] GC(33) Old regions: 72->72
[433.872s][info][gc,heap     ] GC(33) Humongous regions: 0->0
[433.872s][info][gc,metaspace] GC(33) Metaspace: 5540K(5696K)->5540K(5696K) NonClass: 5031K(5120K)->5031K(5120K) Class: 508K(576K)->508K(576K)
[433.872s][info][gc          ] GC(33) Pause Young (Normal) (G1 Evacuation Pause) 224M->72M(258M) 2.844ms
[433.872s][info][gc,cpu      ] GC(33) User=0.01s Sys=0.00s Real=0.00s
[449.824s][info][gc,start    ] GC(34) Pause Young (Normal) (G1 Evacuation Pause)
[449.824s][info][gc,task     ] GC(34) Using 2 workers of 2 for evacuation
[449.829s][info][gc,phases   ] GC(34)   Pre Evacuate Collection Set: 0.18ms
[449.829s][info][gc,phases   ] GC(34)   Merge Heap Roots: 0.07ms
[449.829s][info][gc,phases   ] GC(34)   Evacuate Collection Set: 4.82ms
[449.829s][info][gc,phases   ] GC(34)   Post Evacuate Collection Set: 0.34ms
[449.829s][info][gc,phases   ] GC(34)   Other: 0.07ms
[449.829s][info][gc,heap     ] GC(34) Eden regions: 151->0(151)
[449.829s][info][gc,heap     ] GC(34) Survivor regions: 2->2(20)
[449.829s][info][gc,heap     ] GC(34) Old regions: 72->72
[449.829s][info][gc,heap     ] GC(34) Humongous regions: 0->0
[449.829s][info][gc,metaspace] GC(34) Metaspace: 5540K(5696K)->5540K(5696K) NonClass: 5031K(5120K)->5031K(5120K) Class: 508K(576K)->508K(576K)
[449.829s][info][gc          ] GC(34) Pause Young (Normal) (G1 Evacuation Pause) 223M->73M(258M) 5.636ms
[449.829s][info][gc,cpu      ] GC(34) User=0.00s Sys=0.00s Real=0.01s
[465.425s][info][gc,start    ] GC(35) Pause Young (Normal) (G1 Evacuation Pause)
[465.425s][info][gc,task     ] GC(35) Using 2 workers of 2 for evacuation
[465.431s][info][gc,phases   ] GC(35)   Pre Evacuate Collection Set: 0.18ms
[465.431s][info][gc,phases   ] GC(35)   Merge Heap Roots: 0.05ms
[465.431s][info][gc,phases   ] GC(35)   Evacuate Collection Set: 5.48ms
[465.431s][info][gc,phases   ] GC(35)   Post Evacuate Collection Set: 0.32ms
[465.431s][info][gc,phases   ] GC(35)   Other: 0.08ms
[465.431s][info][gc,heap     ] GC(35) Eden regions: 151->0(150)
[465.431s][info][gc,heap     ] GC(35) Survivor regions: 2->3(20)
[465.431s][info][gc,heap     ] GC(35) Old regions: 72->72
[465.431s][info][gc,heap     ] GC(35) Humongous regions: 0->0
[465.431s][info][gc,metaspace] GC(35) Metaspace: 5540K(5696K)->5540K(5696K) NonClass: 5031K(5120K)->5031K(5120K) Class: 508K(576K)->508K(576K)
[465.431s][info][gc          ] GC(35) Pause Young (Normal) (G1 Evacuation Pause) 224M->73M(258M) 6.294ms
[465.431s][info][gc,cpu      ] GC(35) User=0.01s Sys=0.00s Real=0.01s
[484.283s][info][gc,start    ] GC(36) Pause Young (Normal) (G1 Evacuation Pause)
[484.283s][info][gc,task     ] GC(36) Using 2 workers of 2 for evacuation
[484.300s][info][gc,phases   ] GC(36)   Pre Evacuate Collection Set: 0.18ms
[484.300s][info][gc,phases   ] GC(36)   Merge Heap Roots: 0.09ms
[484.300s][info][gc,phases   ] GC(36)   Evacuate Collection Set: 16.48ms
[484.300s][info][gc,phases   ] GC(36)   Post Evacuate Collection Set: 0.29ms
[484.300s][info][gc,phases   ] GC(36)   Other: 0.08ms
[484.300s][info][gc,heap     ] GC(36) Eden regions: 150->0(139)
[484.300s][info][gc,heap     ] GC(36) Survivor regions: 3->14(20)
[484.300s][info][gc,heap     ] GC(36) Old regions: 72->72
[484.300s][info][gc,heap     ] GC(36) Humongous regions: 0->0
[484.300s][info][gc,metaspace] GC(36) Metaspace: 5549K(5696K)->5549K(5696K) NonClass: 5040K(5120K)->5040K(5120K) Class: 508K(576K)->508K(576K)
[484.300s][info][gc          ] GC(36) Pause Young (Normal) (G1 Evacuation Pause) 223M->85M(258M) 17.283ms
[484.300s][info][gc,cpu      ] GC(36) User=0.03s Sys=0.00s Real=0.02s
[499.921s][info][gc,start    ] GC(37) Pause Young (Normal) (G1 Evacuation Pause)
[499.921s][info][gc,task     ] GC(37) Using 2 workers of 2 for evacuation
[499.942s][info][gc,phases   ] GC(37)   Pre Evacuate Collection Set: 0.14ms
[499.942s][info][gc,phases   ] GC(37)   Merge Heap Roots: 0.05ms
[499.942s][info][gc,phases   ] GC(37)   Evacuate Collection Set: 20.31ms
[499.942s][info][gc,phases   ] GC(37)   Post Evacuate Collection Set: 0.27ms
[499.942s][info][gc,phases   ] GC(37)   Other: 0.08ms
[499.942s][info][gc,heap     ] GC(37) Eden regions: 139->0(152)
[499.942s][info][gc,heap     ] GC(37) Survivor regions: 14->1(20)
[499.942s][info][gc,heap     ] GC(37) Old regions: 72->86
[499.942s][info][gc,heap     ] GC(37) Humongous regions: 0->0
[499.942s][info][gc,metaspace] GC(37) Metaspace: 5549K(5696K)->5549K(5696K) NonClass: 5040K(5120K)->5040K(5120K) Class: 508K(576K)->508K(576K)
[499.942s][info][gc          ] GC(37) Pause Young (Normal) (G1 Evacuation Pause) 224M->86M(258M) 21.042ms
[499.942s][info][gc,cpu      ] GC(37) User=0.04s Sys=0.01s Real=0.02s
[516.253s][info][gc,start    ] GC(38) Pause Young (Normal) (G1 Evacuation Pause)
[516.253s][info][gc,task     ] GC(38) Using 2 workers of 2 for evacuation
[516.255s][info][gc,phases   ] GC(38)   Pre Evacuate Collection Set: 0.17ms
[516.255s][info][gc,phases   ] GC(38)   Merge Heap Roots: 0.06ms
[516.255s][info][gc,phases   ] GC(38)   Evacuate Collection Set: 1.68ms
[516.255s][info][gc,phases   ] GC(38)   Post Evacuate Collection Set: 0.26ms
[516.255s][info][gc,phases   ] GC(38)   Other: 0.07ms
[516.255s][info][gc,heap     ] GC(38) Eden regions: 152->0(152)
[516.255s][info][gc,heap     ] GC(38) Survivor regions: 1->1(20)
[516.255s][info][gc,heap     ] GC(38) Old regions: 86->86
[516.255s][info][gc,heap     ] GC(38) Humongous regions: 0->0
[516.255s][info][gc,metaspace] GC(38) Metaspace: 5549K(5696K)->5549K(5696K) NonClass: 5040K(5120K)->5040K(5120K) Class: 508K(576K)->508K(576K)
[516.255s][info][gc          ] GC(38) Pause Young (Normal) (G1 Evacuation Pause) 238M->86M(258M) 2.419ms
[516.255s][info][gc,cpu      ] GC(38) User=0.01s Sys=0.00s Real=0.00s
[532.268s][info][gc,start    ] GC(39) Pause Young (Normal) (G1 Evacuation Pause)
[532.268s][info][gc,task     ] GC(39) Using 2 workers of 2 for evacuation
[532.271s][info][gc,phases   ] GC(39)   Pre Evacuate Collection Set: 0.16ms
[532.271s][info][gc,phases   ] GC(39)   Merge Heap Roots: 0.06ms
[532.271s][info][gc,phases   ] GC(39)   Evacuate Collection Set: 2.09ms
[532.271s][info][gc,phases   ] GC(39)   Post Evacuate Collection Set: 0.26ms
[532.271s][info][gc,phases   ] GC(39)   Other: 0.07ms
[532.271s][info][gc,heap     ] GC(39) Eden regions: 152->0(151)
[532.271s][info][gc,heap     ] GC(39) Survivor regions: 1->2(20)
[532.271s][info][gc,heap     ] GC(39) Old regions: 86->86
[532.271s][info][gc,heap     ] GC(39) Humongous regions: 0->0
[532.271s][info][gc,metaspace] GC(39) Metaspace: 5549K(5696K)->5549K(5696K) NonClass: 5040K(5120K)->5040K(5120K) Class: 508K(576K)->508K(576K)
[532.271s][info][gc          ] GC(39) Pause Young (Normal) (G1 Evacuation Pause) 238M->86M(258M) 2.797ms
[532.271s][info][gc,cpu      ] GC(39) User=0.00s Sys=0.00s Real=0.00s
[547.718s][info][gc,start    ] GC(40) Pause Young (Normal) (G1 Evacuation Pause)
[547.718s][info][gc,task     ] GC(40) Using 2 workers of 2 for evacuation
[547.721s][info][gc,phases   ] GC(40)   Pre Evacuate Collection Set: 0.15ms
[547.721s][info][gc,phases   ] GC(40)   Merge Heap Roots: 0.06ms
[547.721s][info][gc,phases   ] GC(40)   Evacuate Collection Set: 2.38ms
[547.721s][info][gc,phases   ] GC(40)   Post Evacuate Collection Set: 0.26ms
[547.721s][info][gc,phases   ] GC(40)   Other: 0.09ms
[547.721s][info][gc,heap     ] GC(40) Eden regions: 151->0(150)
[547.721s][info][gc,heap     ] GC(40) Survivor regions: 2->3(20)
[547.721s][info][gc,heap     ] GC(40) Old regions: 86->86
[547.721s][info][gc,heap     ] GC(40) Humongous regions: 0->0
[547.721s][info][gc,metaspace] GC(40) Metaspace: 5549K(5696K)->5549K(5696K) NonClass: 5040K(5120K)->5040K(5120K) Class: 508K(576K)->508K(576K)
[547.721s][info][gc          ] GC(40) Pause Young (Normal) (G1 Evacuation Pause) 237M->87M(258M) 3.113ms
[547.721s][info][gc,cpu      ] GC(40) User=0.00s Sys=0.00s Real=0.00s
[562.953s][info][gc,start    ] GC(41) Pause Young (Normal) (G1 Evacuation Pause)
[562.953s][info][gc,task     ] GC(41) Using 2 workers of 2 for evacuation
[562.957s][info][gc,phases   ] GC(41)   Pre Evacuate Collection Set: 0.16ms
[562.957s][info][gc,phases   ] GC(41)   Merge Heap Roots: 0.06ms
[562.957s][info][gc,phases   ] GC(41)   Evacuate Collection Set: 2.93ms
[562.957s][info][gc,phases   ] GC(41)   Post Evacuate Collection Set: 0.30ms
[562.957s][info][gc,phases   ] GC(41)   Other: 0.09ms
[562.957s][info][gc,heap     ] GC(41) Eden regions: 150->0(150)
[562.957s][info][gc,heap     ] GC(41) Survivor regions: 3->3(20)
[562.957s][info][gc,heap     ] GC(41) Old regions: 86->86
[562.957s][info][gc,heap     ] GC(41) Humongous regions: 0->0
[562.957s][info][gc,metaspace] GC(41) Metaspace: 5549K(5696K)->5549K(5696K) NonClass: 5040K(5120K)->5040K(5120K) Class: 508K(576K)->508K(576K)
[562.957s][info][gc          ] GC(41) Pause Young (Normal) (G1 Evacuation Pause) 237M->87M(258M) 3.688ms
[562.957s][info][gc,cpu      ] GC(41) User=0.00s Sys=0.00s Real=0.00s
[582.758s][info][gc,start    ] GC(42) Pause Young (Normal) (G1 Evacuation Pause)
[582.758s][info][gc,task     ] GC(42) Using 2 workers of 2 for evacuation
[582.775s][info][gc,phases   ] GC(42)   Pre Evacuate Collection Set: 0.16ms
[582.775s][info][gc,phases   ] GC(42)   Merge Heap Roots: 0.09ms
[582.775s][info][gc,phases   ] GC(42)   Evacuate Collection Set: 16.31ms
[582.775s][info][gc,phases   ] GC(42)   Post Evacuate Collection Set: 0.31ms
[582.775s][info][gc,phases   ] GC(42)   Other: 0.06ms
[582.775s][info][gc,heap     ] GC(42) Eden regions: 150->0(130)
[582.775s][info][gc,heap     ] GC(42) Survivor regions: 3->14(20)
[582.775s][info][gc,heap     ] GC(42) Old regions: 86->86
[582.775s][info][gc,heap     ] GC(42) Humongous regions: 0->0
[582.775s][info][gc,metaspace] GC(42) Metaspace: 5561K(5760K)->5561K(5760K) NonClass: 5052K(5184K)->5052K(5184K) Class: 508K(576K)->508K(576K)
[582.775s][info][gc          ] GC(42) Pause Young (Normal) (G1 Evacuation Pause) 237M->98M(258M) 17.089ms
[582.775s][info][gc,cpu      ] GC(42) User=0.03s Sys=0.00s Real=0.01s
[596.455s][info][gc,start    ] GC(43) Pause Young (Normal) (G1 Evacuation Pause)
[596.455s][info][gc,task     ] GC(43) Using 2 workers of 2 for evacuation
[596.472s][info][gc,phases   ] GC(43)   Pre Evacuate Collection Set: 0.15ms
[596.472s][info][gc,phases   ] GC(43)   Merge Heap Roots: 0.06ms
[596.472s][info][gc,phases   ] GC(43)   Evacuate Collection Set: 17.08ms
[596.472s][info][gc,phases   ] GC(43)   Post Evacuate Collection Set: 0.27ms
[596.472s][info][gc,phases   ] GC(43)   Other: 0.08ms
[596.472s][info][gc,heap     ] GC(43) Eden regions: 130->0(142)
[596.472s][info][gc,heap     ] GC(43) Survivor regions: 14->1(18)
[596.472s][info][gc,heap     ] GC(43) Old regions: 86->100
[596.472s][info][gc,heap     ] GC(43) Humongous regions: 0->0
[596.472s][info][gc,metaspace] GC(43) Metaspace: 5561K(5760K)->5561K(5760K) NonClass: 5052K(5184K)->5052K(5184K) Class: 508K(576K)->508K(576K)
[596.472s][info][gc          ] GC(43) Pause Young (Normal) (G1 Evacuation Pause) 228M->99M(258M) 17.833ms
[596.472s][info][gc,cpu      ] GC(43) User=0.04s Sys=0.00s Real=0.02s
[612.027s][info][gc,start    ] GC(44) Pause Young (Normal) (G1 Evacuation Pause)
[612.027s][info][gc,task     ] GC(44) Using 2 workers of 2 for evacuation
[612.029s][info][gc,phases   ] GC(44)   Pre Evacuate Collection Set: 0.15ms
[612.029s][info][gc,phases   ] GC(44)   Merge Heap Roots: 0.06ms
[612.029s][info][gc,phases   ] GC(44)   Evacuate Collection Set: 1.52ms
[612.029s][info][gc,phases   ] GC(44)   Post Evacuate Collection Set: 0.24ms
[612.029s][info][gc,phases   ] GC(44)   Other: 0.07ms
[612.029s][info][gc,heap     ] GC(44) Eden regions: 142->0(142)
[612.029s][info][gc,heap     ] GC(44) Survivor regions: 1->1(18)
[612.029s][info][gc,heap     ] GC(44) Old regions: 100->100
[612.029s][info][gc,heap     ] GC(44) Humongous regions: 0->0
[612.029s][info][gc,metaspace] GC(44) Metaspace: 5561K(5760K)->5561K(5760K) NonClass: 5052K(5184K)->5052K(5184K) Class: 508K(576K)->508K(576K)
[612.029s][info][gc          ] GC(44) Pause Young (Normal) (G1 Evacuation Pause) 241M->99M(258M) 2.217ms
[612.029s][info][gc,cpu      ] GC(44) User=0.01s Sys=0.00s Real=0.01s
[626.912s][info][gc,start    ] GC(45) Pause Young (Normal) (G1 Evacuation Pause)
[626.913s][info][gc,task     ] GC(45) Using 2 workers of 2 for evacuation
[626.915s][info][gc,phases   ] GC(45)   Pre Evacuate Collection Set: 0.17ms
[626.915s][info][gc,phases   ] GC(45)   Merge Heap Roots: 0.06ms
[626.915s][info][gc,phases   ] GC(45)   Evacuate Collection Set: 2.10ms
[626.915s][info][gc,phases   ] GC(45)   Post Evacuate Collection Set: 0.26ms
[626.915s][info][gc,phases   ] GC(45)   Other: 0.09ms
[626.915s][info][gc,heap     ] GC(45) Eden regions: 142->0(140)
[626.915s][info][gc,heap     ] GC(45) Survivor regions: 1->2(18)
[626.915s][info][gc,heap     ] GC(45) Old regions: 100->100
[626.915s][info][gc,heap     ] GC(45) Humongous regions: 0->0
[626.915s][info][gc,metaspace] GC(45) Metaspace: 5561K(5760K)->5561K(5760K) NonClass: 5052K(5184K)->5052K(5184K) Class: 508K(576K)->508K(576K)
[626.915s][info][gc          ] GC(45) Pause Young (Normal) (G1 Evacuation Pause) 241M->100M(258M) 2.834ms
[626.915s][info][gc,cpu      ] GC(45) User=0.00s Sys=0.00s Real=0.00s
[641.559s][info][gc,start    ] GC(46) Pause Young (Normal) (G1 Evacuation Pause)
[641.559s][info][gc,task     ] GC(46) Using 2 workers of 2 for evacuation
[641.564s][info][gc,phases   ] GC(46)   Pre Evacuate Collection Set: 0.18ms
[641.564s][info][gc,phases   ] GC(46)   Merge Heap Roots: 0.05ms
[641.564s][info][gc,phases   ] GC(46)   Evacuate Collection Set: 4.41ms
[641.564s][info][gc,phases   ] GC(46)   Post Evacuate Collection Set: 0.33ms
[641.564s][info][gc,phases   ] GC(46)   Other: 0.06ms
[641.564s][info][gc,heap     ] GC(46) Eden regions: 140->0(140)
[641.564s][info][gc,heap     ] GC(46) Survivor regions: 2->2(18)
[641.564s][info][gc,heap     ] GC(46) Old regions: 100->100
[641.564s][info][gc,heap     ] GC(46) Humongous regions: 0->0
[641.564s][info][gc,metaspace] GC(46) Metaspace: 5561K(5760K)->5561K(5760K) NonClass: 5052K(5184K)->5052K(5184K) Class: 508K(576K)->508K(576K)
[641.564s][info][gc          ] GC(46) Pause Young (Normal) (G1 Evacuation Pause) 240M->100M(258M) 5.214ms
[641.564s][info][gc,cpu      ] GC(46) User=0.00s Sys=0.00s Real=0.00s
[656.089s][info][gc,start    ] GC(47) Pause Young (Normal) (G1 Evacuation Pause)
[656.089s][info][gc,task     ] GC(47) Using 2 workers of 2 for evacuation
[656.093s][info][gc,phases   ] GC(47)   Pre Evacuate Collection Set: 0.20ms
[656.093s][info][gc,phases   ] GC(47)   Merge Heap Roots: 0.06ms
[656.093s][info][gc,phases   ] GC(47)   Evacuate Collection Set: 3.29ms
[656.093s][info][gc,phases   ] GC(47)   Post Evacuate Collection Set: 0.26ms
[656.093s][info][gc,phases   ] GC(47)   Other: 0.06ms
[656.093s][info][gc,heap     ] GC(47) Eden regions: 140->0(138)
[656.093s][info][gc,heap     ] GC(47) Survivor regions: 2->3(18)
[656.093s][info][gc,heap     ] GC(47) Old regions: 100->100
[656.093s][info][gc,heap     ] GC(47) Humongous regions: 0->0
[656.093s][info][gc,metaspace] GC(47) Metaspace: 5561K(5760K)->5561K(5760K) NonClass: 5052K(5184K)->5052K(5184K) Class: 508K(576K)->508K(576K)
[656.093s][info][gc          ] GC(47) Pause Young (Normal) (G1 Evacuation Pause) 240M->101M(258M) 4.019ms
[656.093s][info][gc,cpu      ] GC(47) User=0.01s Sys=0.00s Real=0.00s
[673.924s][info][gc,start    ] GC(48) Pause Young (Normal) (G1 Evacuation Pause)
[673.924s][info][gc,task     ] GC(48) Using 2 workers of 2 for evacuation
[673.940s][info][gc,phases   ] GC(48)   Pre Evacuate Collection Set: 0.14ms
[673.940s][info][gc,phases   ] GC(48)   Merge Heap Roots: 0.06ms
[673.940s][info][gc,phases   ] GC(48)   Evacuate Collection Set: 15.51ms
[673.940s][info][gc,phases   ] GC(48)   Post Evacuate Collection Set: 0.28ms
[673.940s][info][gc,phases   ] GC(48)   Other: 0.08ms
[673.940s][info][gc,heap     ] GC(48) Eden regions: 138->0(116)
[673.940s][info][gc,heap     ] GC(48) Survivor regions: 3->14(18)
[673.940s][info][gc,heap     ] GC(48) Old regions: 100->100
[673.940s][info][gc,heap     ] GC(48) Humongous regions: 0->0
[673.940s][info][gc,metaspace] GC(48) Metaspace: 5623K(5824K)->5623K(5824K) NonClass: 5113K(5248K)->5113K(5248K) Class: 509K(576K)->509K(576K)
[673.940s][info][gc          ] GC(48) Pause Young (Normal) (G1 Evacuation Pause) 239M->112M(258M) 16.259ms
[673.940s][info][gc,cpu      ] GC(48) User=0.03s Sys=0.00s Real=0.02s
[686.938s][info][gc,start    ] GC(49) Pause Young (Normal) (G1 Evacuation Pause)
[686.938s][info][gc,task     ] GC(49) Using 2 workers of 2 for evacuation
[686.953s][info][gc,phases   ] GC(49)   Pre Evacuate Collection Set: 0.14ms
[686.953s][info][gc,phases   ] GC(49)   Merge Heap Roots: 0.05ms
[686.953s][info][gc,phases   ] GC(49)   Evacuate Collection Set: 14.96ms
[686.953s][info][gc,phases   ] GC(49)   Post Evacuate Collection Set: 0.24ms
[686.953s][info][gc,phases   ] GC(49)   Other: 0.07ms
[686.953s][info][gc,heap     ] GC(49) Eden regions: 116->0(129)
[686.953s][info][gc,heap     ] GC(49) Survivor regions: 14->1(17)
[686.953s][info][gc,heap     ] GC(49) Old regions: 100->113
[686.953s][info][gc,heap     ] GC(49) Humongous regions: 0->0
[686.953s][info][gc,metaspace] GC(49) Metaspace: 5623K(5824K)->5623K(5824K) NonClass: 5113K(5248K)->5113K(5248K) Class: 509K(576K)->509K(576K)
[686.953s][info][gc          ] GC(49) Pause Young (Normal) (G1 Evacuation Pause) 228M->112M(258M) 15.626ms
[686.953s][info][gc,cpu      ] GC(49) User=0.03s Sys=0.00s Real=0.01s
[700.138s][info][gc,start    ] GC(50) Pause Young (Normal) (G1 Evacuation Pause)
[700.139s][info][gc,task     ] GC(50) Using 2 workers of 2 for evacuation
[700.141s][info][gc,phases   ] GC(50)   Pre Evacuate Collection Set: 0.16ms
[700.141s][info][gc,phases   ] GC(50)   Merge Heap Roots: 0.06ms
[700.141s][info][gc,phases   ] GC(50)   Evacuate Collection Set: 1.43ms
[700.141s][info][gc,phases   ] GC(50)   Post Evacuate Collection Set: 0.23ms
[700.141s][info][gc,phases   ] GC(50)   Other: 0.07ms
[700.141s][info][gc,heap     ] GC(50) Eden regions: 129->0(129)
[700.141s][info][gc,heap     ] GC(50) Survivor regions: 1->1(17)
[700.141s][info][gc,heap     ] GC(50) Old regions: 113->113
[700.141s][info][gc,heap     ] GC(50) Humongous regions: 0->0
[700.141s][info][gc,metaspace] GC(50) Metaspace: 5623K(5824K)->5623K(5824K) NonClass: 5113K(5248K)->5113K(5248K) Class: 509K(576K)->509K(576K)
[700.141s][info][gc          ] GC(50) Pause Young (Normal) (G1 Evacuation Pause) 241M->112M(258M) 2.128ms
[700.141s][info][gc,cpu      ] GC(50) User=0.00s Sys=0.00s Real=0.00s
[713.797s][info][gc,start    ] GC(51) Pause Young (Normal) (G1 Evacuation Pause)
[713.797s][info][gc,task     ] GC(51) Using 2 workers of 2 for evacuation
[713.799s][info][gc,phases   ] GC(51)   Pre Evacuate Collection Set: 0.15ms
[713.799s][info][gc,phases   ] GC(51)   Merge Heap Roots: 0.06ms
[713.799s][info][gc,phases   ] GC(51)   Evacuate Collection Set: 1.80ms
[713.799s][info][gc,phases   ] GC(51)   Post Evacuate Collection Set: 0.26ms
[713.799s][info][gc,phases   ] GC(51)   Other: 0.07ms
[713.799s][info][gc,heap     ] GC(51) Eden regions: 129->0(127)
[713.799s][info][gc,heap     ] GC(51) Survivor regions: 1->2(17)
[713.799s][info][gc,heap     ] GC(51) Old regions: 113->113
[713.799s][info][gc,heap     ] GC(51) Humongous regions: 0->0
[713.799s][info][gc,metaspace] GC(51) Metaspace: 5623K(5824K)->5623K(5824K) NonClass: 5113K(5248K)->5113K(5248K) Class: 509K(576K)->509K(576K)
[713.799s][info][gc          ] GC(51) Pause Young (Normal) (G1 Evacuation Pause) 241M->112M(258M) 2.487ms
[713.799s][info][gc,cpu      ] GC(51) User=0.01s Sys=0.00s Real=0.01s
[727.427s][info][gc,start    ] GC(52) Pause Young (Normal) (G1 Evacuation Pause)
[727.427s][info][gc,task     ] GC(52) Using 2 workers of 2 for evacuation
[727.432s][info][gc,phases   ] GC(52)   Pre Evacuate Collection Set: 0.19ms
[727.432s][info][gc,phases   ] GC(52)   Merge Heap Roots: 0.05ms
[727.432s][info][gc,phases   ] GC(52)   Evacuate Collection Set: 4.50ms
[727.432s][info][gc,phases   ] GC(52)   Post Evacuate Collection Set: 0.25ms
[727.432s][info][gc,phases   ] GC(52)   Other: 0.07ms
[727.432s][info][gc,heap     ] GC(52) Eden regions: 127->0(127)
[727.432s][info][gc,heap     ] GC(52) Survivor regions: 2->2(17)
[727.432s][info][gc,heap     ] GC(52) Old regions: 113->113
[727.432s][info][gc,heap     ] GC(52) Humongous regions: 0->0
[727.432s][info][gc,metaspace] GC(52) Metaspace: 5623K(5824K)->5623K(5824K) NonClass: 5113K(5248K)->5113K(5248K) Class: 509K(576K)->509K(576K)
[727.432s][info][gc          ] GC(52) Pause Young (Normal) (G1 Evacuation Pause) 239M->113M(258M) 5.253ms
[727.432s][info][gc,cpu      ] GC(52) User=0.01s Sys=0.00s Real=0.01s
[740.512s][info][gc,start    ] GC(53) Pause Young (Normal) (G1 Evacuation Pause)
[740.512s][info][gc,task     ] GC(53) Using 2 workers of 2 for evacuation
[740.515s][info][gc,phases   ] GC(53)   Pre Evacuate Collection Set: 0.16ms
[740.516s][info][gc,phases   ] GC(53)   Merge Heap Roots: 0.06ms
[740.516s][info][gc,phases   ] GC(53)   Evacuate Collection Set: 2.72ms
[740.516s][info][gc,phases   ] GC(53)   Post Evacuate Collection Set: 0.24ms
[740.516s][info][gc,phases   ] GC(53)   Other: 0.06ms
[740.516s][info][gc,heap     ] GC(53) Eden regions: 127->0(125)
[740.516s][info][gc,heap     ] GC(53) Survivor regions: 2->3(17)
[740.516s][info][gc,heap     ] GC(53) Old regions: 113->113
[740.516s][info][gc,heap     ] GC(53) Humongous regions: 0->0
[740.516s][info][gc,metaspace] GC(53) Metaspace: 5623K(5824K)->5623K(5824K) NonClass: 5113K(5248K)->5113K(5248K) Class: 509K(576K)->509K(576K)
[740.516s][info][gc          ] GC(53) Pause Young (Normal) (G1 Evacuation Pause) 240M->113M(258M) 3.418ms
[740.516s][info][gc,cpu      ] GC(53) User=0.01s Sys=0.00s Real=0.00s
[753.468s][info][gc,start    ] GC(54) Pause Young (Normal) (G1 Evacuation Pause)
[753.468s][info][gc,task     ] GC(54) Using 2 workers of 2 for evacuation
[753.471s][info][gc,phases   ] GC(54)   Pre Evacuate Collection Set: 0.15ms
[753.471s][info][gc,phases   ] GC(54)   Merge Heap Roots: 0.06ms
[753.471s][info][gc,phases   ] GC(54)   Evacuate Collection Set: 2.73ms
[753.471s][info][gc,phases   ] GC(54)   Post Evacuate Collection Set: 0.24ms
[753.471s][info][gc,phases   ] GC(54)   Other: 0.08ms
[753.471s][info][gc,heap     ] GC(54) Eden regions: 125->0(125)
[753.471s][info][gc,heap     ] GC(54) Survivor regions: 3->3(16)
[753.471s][info][gc,heap     ] GC(54) Old regions: 113->113
[753.471s][info][gc,heap     ] GC(54) Humongous regions: 0->0
[753.471s][info][gc,metaspace] GC(54) Metaspace: 5623K(5824K)->5623K(5824K) NonClass: 5113K(5248K)->5113K(5248K) Class: 509K(576K)->509K(576K)
[753.471s][info][gc          ] GC(54) Pause Young (Normal) (G1 Evacuation Pause) 238M->114M(258M) 3.425ms
[753.471s][info][gc,cpu      ] GC(54) User=0.01s Sys=0.00s Real=0.00s
[770.398s][info][gc,start    ] GC(55) Pause Young (Normal) (G1 Evacuation Pause)
[770.398s][info][gc,task     ] GC(55) Using 2 workers of 2 for evacuation
[770.414s][info][gc,phases   ] GC(55)   Pre Evacuate Collection Set: 0.16ms
[770.414s][info][gc,phases   ] GC(55)   Merge Heap Roots: 0.09ms
[770.414s][info][gc,phases   ] GC(55)   Evacuate Collection Set: 15.76ms
[770.414s][info][gc,phases   ] GC(55)   Post Evacuate Collection Set: 0.27ms
[770.414s][info][gc,phases   ] GC(55)   Other: 0.09ms
[770.414s][info][gc,heap     ] GC(55) Eden regions: 125->0(103)
[770.414s][info][gc,heap     ] GC(55) Survivor regions: 3->14(16)
[770.414s][info][gc,heap     ] GC(55) Old regions: 113->113
[770.414s][info][gc,heap     ] GC(55) Humongous regions: 0->0
[770.414s][info][gc,metaspace] GC(55) Metaspace: 5626K(5824K)->5626K(5824K) NonClass: 5116K(5248K)->5116K(5248K) Class: 509K(576K)->509K(576K)
[770.414s][info][gc          ] GC(55) Pause Young (Normal) (G1 Evacuation Pause) 239M->125M(258M) 16.559ms
[770.414s][info][gc,cpu      ] GC(55) User=0.04s Sys=0.00s Real=0.01s
[781.823s][info][gc,start    ] GC(56) Pause Young (Normal) (G1 Evacuation Pause)
[781.823s][info][gc,task     ] GC(56) Using 2 workers of 2 for evacuation
[781.839s][info][gc,phases   ] GC(56)   Pre Evacuate Collection Set: 0.16ms
[781.839s][info][gc,phases   ] GC(56)   Merge Heap Roots: 0.05ms
[781.839s][info][gc,phases   ] GC(56)   Evacuate Collection Set: 15.41ms
[781.839s][info][gc,phases   ] GC(56)   Post Evacuate Collection Set: 0.24ms
[781.839s][info][gc,phases   ] GC(56)   Other: 0.08ms
[781.839s][info][gc,heap     ] GC(56) Eden regions: 103->0(116)
[781.839s][info][gc,heap     ] GC(56) Survivor regions: 14->1(15)
[781.839s][info][gc,heap     ] GC(56) Old regions: 113->126
[781.840s][info][gc,heap     ] GC(56) Humongous regions: 0->0
[781.840s][info][gc,metaspace] GC(56) Metaspace: 5626K(5824K)->5626K(5824K) NonClass: 5116K(5248K)->5116K(5248K) Class: 509K(576K)->509K(576K)
[781.840s][info][gc          ] GC(56) Pause Young (Normal) (G1 Evacuation Pause) 228M->126M(258M) 16.113ms
[781.840s][info][gc,cpu      ] GC(56) User=0.03s Sys=0.00s Real=0.02s
[794.025s][info][gc,start    ] GC(57) Pause Young (Concurrent Start) (G1 Evacuation Pause)
[794.025s][info][gc,task     ] GC(57) Using 2 workers of 2 for evacuation
[794.027s][info][gc,phases   ] GC(57)   Pre Evacuate Collection Set: 0.18ms
[794.027s][info][gc,phases   ] GC(57)   Merge Heap Roots: 0.06ms
[794.027s][info][gc,phases   ] GC(57)   Evacuate Collection Set: 1.87ms
[794.027s][info][gc,phases   ] GC(57)   Post Evacuate Collection Set: 0.25ms
[794.027s][info][gc,phases   ] GC(57)   Other: 0.08ms
[794.027s][info][gc,heap     ] GC(57) Eden regions: 116->0(116)
[794.027s][info][gc,heap     ] GC(57) Survivor regions: 1->1(15)
[794.027s][info][gc,heap     ] GC(57) Old regions: 126->126
[794.028s][info][gc,heap     ] GC(57) Humongous regions: 0->0
[794.028s][info][gc,metaspace] GC(57) Metaspace: 5626K(5824K)->5626K(5824K) NonClass: 5116K(5248K)->5116K(5248K) Class: 509K(576K)->509K(576K)
[794.028s][info][gc          ] GC(57) Pause Young (Concurrent Start) (G1 Evacuation Pause) 242M->125M(258M) 2.590ms
[794.028s][info][gc,cpu      ] GC(57) User=0.01s Sys=0.00s Real=0.01s
[794.028s][info][gc          ] GC(58) Concurrent Mark Cycle
[794.028s][info][gc,marking  ] GC(58) Concurrent Scan Root Regions
[794.030s][info][gc,marking  ] GC(58) Concurrent Scan Root Regions 2.812ms
[794.030s][info][gc,marking  ] GC(58) Concurrent Mark
[794.031s][info][gc,marking  ] GC(58) Concurrent Mark From Roots
[794.031s][info][gc,task     ] GC(58) Using 1 workers of 1 for marking
[794.056s][info][gc,marking  ] GC(58) Concurrent Mark From Roots 25.962ms
[794.056s][info][gc,marking  ] GC(58) Concurrent Preclean
[794.057s][info][gc,marking  ] GC(58) Concurrent Preclean 0.022ms
[794.057s][info][gc,start    ] GC(58) Pause Remark
[794.060s][info][gc          ] GC(58) Pause Remark 127M->36M(256M) 3.021ms
[794.060s][info][gc,cpu      ] GC(58) User=0.00s Sys=0.00s Real=0.01s
[794.060s][info][gc,marking  ] GC(58) Concurrent Mark 29.261ms
[794.060s][info][gc,marking  ] GC(58) Concurrent Rebuild Remembered Sets and Scrub Regions
[794.070s][info][gc,marking  ] GC(58) Concurrent Rebuild Remembered Sets and Scrub Regions 9.846ms
[794.070s][info][gc,start    ] GC(58) Pause Cleanup
[794.070s][info][gc          ] GC(58) Pause Cleanup 36M->36M(256M) 0.033ms
[794.070s][info][gc,cpu      ] GC(58) User=0.00s Sys=0.00s Real=0.00s
[794.070s][info][gc,marking  ] GC(58) Concurrent Clear Claimed Marks
[794.070s][info][gc,marking  ] GC(58) Concurrent Clear Claimed Marks 0.010ms
[794.070s][info][gc,marking  ] GC(58) Concurrent Cleanup for Next Mark
[794.074s][info][gc,marking  ] GC(58) Concurrent Cleanup for Next Mark 4.641ms
[794.074s][info][gc          ] GC(58) Concurrent Mark Cycle 46.849ms
[806.384s][info][gc,start    ] GC(59) Pause Young (Prepare Mixed) (G1 Evacuation Pause)
[806.384s][info][gc,task     ] GC(59) Using 2 workers of 2 for evacuation
[806.386s][info][gc,phases   ] GC(59)   Pre Evacuate Collection Set: 0.15ms
[806.386s][info][gc,phases   ] GC(59)   Merge Heap Roots: 0.05ms
[806.386s][info][gc,phases   ] GC(59)   Evacuate Collection Set: 1.69ms
[806.386s][info][gc,phases   ] GC(59)   Post Evacuate Collection Set: 0.22ms
[806.386s][info][gc,phases   ] GC(59)   Other: 0.07ms
[806.386s][info][gc,heap     ] GC(59) Eden regions: 116->0(151)
[806.386s][info][gc,heap     ] GC(59) Survivor regions: 1->2(15)
[806.386s][info][gc,heap     ] GC(59) Old regions: 35->35
[806.386s][info][gc,heap     ] GC(59) Humongous regions: 0->0
[806.386s][info][gc,metaspace] GC(59) Metaspace: 5626K(5824K)->5626K(5824K) NonClass: 5116K(5248K)->5116K(5248K) Class: 509K(576K)->509K(576K)
[806.386s][info][gc          ] GC(59) Pause Young (Prepare Mixed) (G1 Evacuation Pause) 150M->35M(256M) 2.361ms
[806.386s][info][gc,cpu      ] GC(59) User=0.00s Sys=0.00s Real=0.00s
[822.206s][info][gc,start    ] GC(60) Pause Young (Mixed) (G1 Evacuation Pause)
[822.206s][info][gc,task     ] GC(60) Using 2 workers of 2 for evacuation
[822.210s][info][gc,phases   ] GC(60)   Pre Evacuate Collection Set: 0.20ms
[822.210s][info][gc,phases   ] GC(60)   Merge Heap Roots: 0.08ms
[822.210s][info][gc,phases   ] GC(60)   Evacuate Collection Set: 3.05ms
[822.210s][info][gc,phases   ] GC(60)   Post Evacuate Collection Set: 0.28ms
[822.210s][info][gc,phases   ] GC(60)   Other: 0.09ms
[822.210s][info][gc,heap     ] GC(60) Eden regions: 151->0(151)
[822.210s][info][gc,heap     ] GC(60) Survivor regions: 2->2(20)
[822.210s][info][gc,heap     ] GC(60) Old regions: 35->28
[822.210s][info][gc,heap     ] GC(60) Humongous regions: 0->0
[822.210s][info][gc,metaspace] GC(60) Metaspace: 5626K(5824K)->5626K(5824K) NonClass: 5116K(5248K)->5116K(5248K) Class: 509K(576K)->509K(576K)
[822.210s][info][gc          ] GC(60) Pause Young (Mixed) (G1 Evacuation Pause) 186M->27M(256M) 3.920ms
[822.210s][info][gc,cpu      ] GC(60) User=0.01s Sys=0.00s Real=0.01s
[837.904s][info][gc,start    ] GC(61) Pause Young (Normal) (G1 Evacuation Pause)
[837.904s][info][gc,task     ] GC(61) Using 2 workers of 2 for evacuation
[837.908s][info][gc,phases   ] GC(61)   Pre Evacuate Collection Set: 0.20ms
[837.908s][info][gc,phases   ] GC(61)   Merge Heap Roots: 0.05ms
[837.908s][info][gc,phases   ] GC(61)   Evacuate Collection Set: 3.23ms
[837.908s][info][gc,phases   ] GC(61)   Post Evacuate Collection Set: 0.34ms
[837.908s][info][gc,phases   ] GC(61)   Other: 0.07ms
[837.908s][info][gc,heap     ] GC(61) Eden regions: 151->0(150)
[837.908s][info][gc,heap     ] GC(61) Survivor regions: 2->3(20)
[837.908s][info][gc,heap     ] GC(61) Old regions: 28->28
[837.908s][info][gc,heap     ] GC(61) Humongous regions: 0->0
[837.908s][info][gc,metaspace] GC(61) Metaspace: 5626K(5824K)->5626K(5824K) NonClass: 5116K(5248K)->5116K(5248K) Class: 509K(576K)->509K(576K)
[837.908s][info][gc          ] GC(61) Pause Young (Normal) (G1 Evacuation Pause) 178M->28M(256M) 4.043ms
[837.908s][info][gc,cpu      ] GC(61) User=0.00s Sys=0.00s Real=0.01s
[855.526s][info][gc,start    ] GC(62) Pause Young (Normal) (G1 Evacuation Pause)
[855.526s][info][gc,task     ] GC(62) Using 2 workers of 2 for evacuation
[855.544s][info][gc,phases   ] GC(62)   Pre Evacuate Collection Set: 0.18ms
[855.544s][info][gc,phases   ] GC(62)   Merge Heap Roots: 0.06ms
[855.544s][info][gc,phases   ] GC(62)   Evacuate Collection Set: 17.42ms
[855.544s][info][gc,phases   ] GC(62)   Post Evacuate Collection Set: 0.37ms
[855.544s][info][gc,phases   ] GC(62)   Other: 0.07ms
[855.544s][info][gc,heap     ] GC(62) Eden regions: 150->0(139)
[855.544s][info][gc,heap     ] GC(62) Survivor regions: 3->14(20)
[855.544s][info][gc,heap     ] GC(62) Old regions: 28->28
[855.544s][info][gc,heap     ] GC(62) Humongous regions: 0->0
[855.544s][info][gc,metaspace] GC(62) Metaspace: 5633K(5824K)->5633K(5824K) NonClass: 5123K(5248K)->5123K(5248K) Class: 509K(576K)->509K(576K)
[855.544s][info][gc          ] GC(62) Pause Young (Normal) (G1 Evacuation Pause) 178M->40M(256M) 18.273ms
[855.544s][info][gc,cpu      ] GC(62) User=0.03s Sys=0.00s Real=0.02s
[872.496s][info][gc,start    ] GC(63) Pause Young (Normal) (G1 Evacuation Pause)
[872.497s][info][gc,task     ] GC(63) Using 2 workers of 2 for evacuation
[872.513s][info][gc,phases   ] GC(63)   Pre Evacuate Collection Set: 0.16ms
[872.513s][info][gc,phases   ] GC(63)   Merge Heap Roots: 0.05ms
[872.513s][info][gc,phases   ] GC(63)   Evacuate Collection Set: 15.53ms
[872.513s][info][gc,phases   ] GC(63)   Post Evacuate Collection Set: 0.29ms
[872.513s][info][gc,phases   ] GC(63)   Other: 0.08ms
[872.513s][info][gc,heap     ] GC(63) Eden regions: 139->0(152)
[872.513s][info][gc,heap     ] GC(63) Survivor regions: 14->1(20)
[872.513s][info][gc,heap     ] GC(63) Old regions: 28->41
[872.513s][info][gc,heap     ] GC(63) Humongous regions: 0->0
[872.513s][info][gc,metaspace] GC(63) Metaspace: 5633K(5824K)->5633K(5824K) NonClass: 5123K(5248K)->5123K(5248K) Class: 509K(576K)->509K(576K)
[872.513s][info][gc          ] GC(63) Pause Young (Normal) (G1 Evacuation Pause) 179M->41M(256M) 16.288ms
[872.513s][info][gc,cpu      ] GC(63) User=0.03s Sys=0.00s Real=0.02s
[888.563s][info][gc,start    ] GC(64) Pause Young (Normal) (G1 Evacuation Pause)
[888.563s][info][gc,task     ] GC(64) Using 2 workers of 2 for evacuation
[888.565s][info][gc,phases   ] GC(64)   Pre Evacuate Collection Set: 0.16ms
[888.565s][info][gc,phases   ] GC(64)   Merge Heap Roots: 0.06ms
[888.565s][info][gc,phases   ] GC(64)   Evacuate Collection Set: 1.64ms
[888.565s][info][gc,phases   ] GC(64)   Post Evacuate Collection Set: 0.26ms
[888.565s][info][gc,phases   ] GC(64)   Other: 0.06ms
[888.566s][info][gc,heap     ] GC(64) Eden regions: 152->0(152)
[888.566s][info][gc,heap     ] GC(64) Survivor regions: 1->1(20)
[888.566s][info][gc,heap     ] GC(64) Old regions: 41->41
[888.566s][info][gc,heap     ] GC(64) Humongous regions: 0->0
[888.566s][info][gc,metaspace] GC(64) Metaspace: 5633K(5824K)->5633K(5824K) NonClass: 5123K(5248K)->5123K(5248K) Class: 509K(576K)->509K(576K)
[888.566s][info][gc          ] GC(64) Pause Young (Normal) (G1 Evacuation Pause) 193M->41M(256M) 2.395ms
[888.566s][info][gc,cpu      ] GC(64) User=0.01s Sys=0.00s Real=0.00s
[904.678s][info][gc,start    ] GC(65) Pause Young (Normal) (G1 Evacuation Pause)
[904.678s][info][gc,task     ] GC(65) Using 2 workers of 2 for evacuation
[904.681s][info][gc,phases   ] GC(65)   Pre Evacuate Collection Set: 0.16ms
[904.681s][info][gc,phases   ] GC(65)   Merge Heap Roots: 0.06ms
[904.681s][info][gc,phases   ] GC(65)   Evacuate Collection Set: 2.01ms
[904.681s][info][gc,phases   ] GC(65)   Post Evacuate Collection Set: 0.26ms
[904.681s][info][gc,phases   ] GC(65)   Other: 0.06ms
[904.681s][info][gc,heap     ] GC(65) Eden regions: 152->0(151)
[904.681s][info][gc,heap     ] GC(65) Survivor regions: 1->2(20)
[904.681s][info][gc,heap     ] GC(65) Old regions: 41->41
[904.681s][info][gc,heap     ] GC(65) Humongous regions: 0->0
[904.681s][info][gc,metaspace] GC(65) Metaspace: 5633K(5824K)->5633K(5824K) NonClass: 5123K(5248K)->5123K(5248K) Class: 509K(576K)->509K(576K)
[904.681s][info][gc          ] GC(65) Pause Young (Normal) (G1 Evacuation Pause) 193M->41M(256M) 2.737ms
[904.681s][info][gc,cpu      ] GC(65) User=0.00s Sys=0.00s Real=0.00s
[920.890s][info][gc,start    ] GC(66) Pause Young (Normal) (G1 Evacuation Pause)
[920.890s][info][gc,task     ] GC(66) Using 2 workers of 2 for evacuation
[920.893s][info][gc,phases   ] GC(66)   Pre Evacuate Collection Set: 0.17ms
[920.893s][info][gc,phases   ] GC(66)   Merge Heap Roots: 0.07ms
[920.893s][info][gc,phases   ] GC(66)   Evacuate Collection Set: 2.54ms
[920.893s][info][gc,phases   ] GC(66)   Post Evacuate Collection Set: 0.26ms
[920.893s][info][gc,phases   ] GC(66)   Other: 0.06ms
[920.893s][info][gc,heap     ] GC(66) Eden regions: 151->0(151)
[920.893s][info][gc,heap     ] GC(66) Survivor regions: 2->2(20)
[920.893s][info][gc,heap     ] GC(66) Old regions: 41->41
[920.893s][info][gc,heap     ] GC(66) Humongous regions: 0->0
[920.893s][info][gc,metaspace] GC(66) Metaspace: 5633K(5824K)->5633K(5824K) NonClass: 5123K(5248K)->5123K(5248K) Class: 509K(576K)->509K(576K)
[920.893s][info][gc          ] GC(66) Pause Young (Normal) (G1 Evacuation Pause) 192M->42M(256M) 3.256ms
[920.893s][info][gc,cpu      ] GC(66) User=0.00s Sys=0.00s Real=0.00s
[937.269s][info][gc,start    ] GC(67) Pause Young (Normal) (G1 Evacuation Pause)
[937.269s][info][gc,task     ] GC(67) Using 2 workers of 2 for evacuation
[937.272s][info][gc,phases   ] GC(67)   Pre Evacuate Collection Set: 0.15ms
[937.272s][info][gc,phases   ] GC(67)   Merge Heap Roots: 0.06ms
[937.273s][info][gc,phases   ] GC(67)   Evacuate Collection Set: 2.90ms
[937.273s][info][gc,phases   ] GC(67)   Post Evacuate Collection Set: 0.27ms
[937.273s][info][gc,phases   ] GC(67)   Other: 0.08ms
[937.273s][info][gc,heap     ] GC(67) Eden regions: 151->0(150)
[937.273s][info][gc,heap     ] GC(67) Survivor regions: 2->3(20)
[937.273s][info][gc,heap     ] GC(67) Old regions: 41->41
[937.273s][info][gc,heap     ] GC(67) Humongous regions: 0->0
[937.273s][info][gc,metaspace] GC(67) Metaspace: 5633K(5824K)->5633K(5824K) NonClass: 5123K(5248K)->5123K(5248K) Class: 509K(576K)->509K(576K)
[937.273s][info][gc          ] GC(67) Pause Young (Normal) (G1 Evacuation Pause) 193M->42M(256M) 3.622ms
[937.273s][info][gc,cpu      ] GC(67) User=0.00s Sys=0.00s Real=0.00s
[955.947s][info][gc,start    ] GC(68) Pause Young (Normal) (G1 Evacuation Pause)
[955.948s][info][gc,task     ] GC(68) Using 2 workers of 2 for evacuation
[955.965s][info][gc,phases   ] GC(68)   Pre Evacuate Collection Set: 0.14ms
[955.965s][info][gc,phases   ] GC(68)   Merge Heap Roots: 0.08ms
[955.965s][info][gc,phases   ] GC(68)   Evacuate Collection Set: 16.41ms
[955.965s][info][gc,phases   ] GC(68)   Post Evacuate Collection Set: 0.32ms
[955.965s][info][gc,phases   ] GC(68)   Other: 0.09ms
[955.965s][info][gc,heap     ] GC(68) Eden regions: 150->0(139)
[955.965s][info][gc,heap     ] GC(68) Survivor regions: 3->14(20)
[955.965s][info][gc,heap     ] GC(68) Old regions: 41->41
[955.965s][info][gc,heap     ] GC(68) Humongous regions: 0->0
[955.965s][info][gc,metaspace] GC(68) Metaspace: 5636K(5824K)->5636K(5824K) NonClass: 5126K(5248K)->5126K(5248K) Class: 509K(576K)->509K(576K)
[955.965s][info][gc          ] GC(68) Pause Young (Normal) (G1 Evacuation Pause) 192M->54M(256M) 17.236ms
[955.965s][info][gc,cpu      ] GC(68) User=0.04s Sys=0.00s Real=0.02s
[972.010s][info][gc,start    ] GC(69) Pause Young (Normal) (G1 Evacuation Pause)
[972.010s][info][gc,task     ] GC(69) Using 2 workers of 2 for evacuation
[972.026s][info][gc,phases   ] GC(69)   Pre Evacuate Collection Set: 0.14ms
[972.026s][info][gc,phases   ] GC(69)   Merge Heap Roots: 0.05ms
[972.026s][info][gc,phases   ] GC(69)   Evacuate Collection Set: 15.71ms
[972.026s][info][gc,phases   ] GC(69)   Post Evacuate Collection Set: 0.28ms
[972.027s][info][gc,phases   ] GC(69)   Other: 0.07ms
[972.027s][info][gc,heap     ] GC(69) Eden regions: 139->0(152)
[972.027s][info][gc,heap     ] GC(69) Survivor regions: 14->1(20)
[972.027s][info][gc,heap     ] GC(69) Old regions: 41->55
[972.027s][info][gc,heap     ] GC(69) Humongous regions: 0->0
[972.027s][info][gc,metaspace] GC(69) Metaspace: 5637K(5824K)->5637K(5824K) NonClass: 5127K(5248K)->5127K(5248K) Class: 509K(576K)->509K(576K)
[972.027s][info][gc          ] GC(69) Pause Young (Normal) (G1 Evacuation Pause) 193M->55M(256M) 16.432ms
[972.027s][info][gc,cpu      ] GC(69) User=0.03s Sys=0.00s Real=0.01s
[988.152s][info][gc,start    ] GC(70) Pause Young (Normal) (G1 Evacuation Pause)
[988.152s][info][gc,task     ] GC(70) Using 2 workers of 2 for evacuation
[988.154s][info][gc,phases   ] GC(70)   Pre Evacuate Collection Set: 0.17ms
[988.154s][info][gc,phases   ] GC(70)   Merge Heap Roots: 0.07ms
[988.154s][info][gc,phases   ] GC(70)   Evacuate Collection Set: 1.57ms
[988.154s][info][gc,phases   ] GC(70)   Post Evacuate Collection Set: 0.25ms
[988.154s][info][gc,phases   ] GC(70)   Other: 0.09ms
[988.154s][info][gc,heap     ] GC(70) Eden regions: 152->0(152)
[988.154s][info][gc,heap     ] GC(70) Survivor regions: 1->1(20)
[988.154s][info][gc,heap     ] GC(70) Old regions: 55->55
[988.154s][info][gc,heap     ] GC(70) Humongous regions: 0->0
[988.154s][info][gc,metaspace] GC(70) Metaspace: 5637K(5824K)->5637K(5824K) NonClass: 5127K(5248K)->5127K(5248K) Class: 509K(576K)->509K(576K)
[988.154s][info][gc          ] GC(70) Pause Young (Normal) (G1 Evacuation Pause) 207M->55M(256M) 2.296ms
[988.154s][info][gc,cpu      ] GC(70) User=0.00s Sys=0.00s Real=0.00s
[1004.208s][info][gc,start    ] GC(71) Pause Young (Normal) (G1 Evacuation Pause)
[1004.208s][info][gc,task     ] GC(71) Using 2 workers of 2 for evacuation
[1004.211s][info][gc,phases   ] GC(71)   Pre Evacuate Collection Set: 0.15ms
[1004.211s][info][gc,phases   ] GC(71)   Merge Heap Roots: 0.06ms
[1004.211s][info][gc,phases   ] GC(71)   Evacuate Collection Set: 2.24ms
[1004.211s][info][gc,phases   ] GC(71)   Post Evacuate Collection Set: 0.27ms
[1004.211s][info][gc,phases   ] GC(71)   Other: 0.07ms
[1004.211s][info][gc,heap     ] GC(71) Eden regions: 152->0(151)
[1004.211s][info][gc,heap     ] GC(71) Survivor regions: 1->2(20)
[1004.211s][info][gc,heap     ] GC(71) Old regions: 55->55
[1004.211s][info][gc,heap     ] GC(71) Humongous regions: 0->0
[1004.211s][info][gc,metaspace] GC(71) Metaspace: 5637K(5824K)->5637K(5824K) NonClass: 5127K(5248K)->5127K(5248K) Class: 509K(576K)->509K(576K)
[1004.211s][info][gc          ] GC(71) Pause Young (Normal) (G1 Evacuation Pause) 207M->55M(256M) 2.970ms
[1004.211s][info][gc,cpu      ] GC(71) User=0.00s Sys=0.00s Real=0.00s
[1020.065s][info][gc,start    ] GC(72) Pause Young (Normal) (G1 Evacuation Pause)
[1020.065s][info][gc,task     ] GC(72) Using 2 workers of 2 for evacuation
[1020.068s][info][gc,phases   ] GC(72)   Pre Evacuate Collection Set: 0.19ms
[1020.068s][info][gc,phases   ] GC(72)   Merge Heap Roots: 0.05ms
[1020.068s][info][gc,phases   ] GC(72)   Evacuate Collection Set: 2.76ms
[1020.068s][info][gc,phases   ] GC(72)   Post Evacuate Collection Set: 0.34ms
[1020.068s][info][gc,phases   ] GC(72)   Other: 0.06ms
[1020.068s][info][gc,heap     ] GC(72) Eden regions: 151->0(151)
[1020.068s][info][gc,heap     ] GC(72) Survivor regions: 2->2(20)
[1020.068s][info][gc,heap     ] GC(72) Old regions: 55->55
[1020.068s][info][gc,heap     ] GC(72) Humongous regions: 0->0
[1020.068s][info][gc,metaspace] GC(72) Metaspace: 5637K(5824K)->5637K(5824K) NonClass: 5127K(5248K)->5127K(5248K) Class: 509K(576K)->509K(576K)
[1020.068s][info][gc          ] GC(72) Pause Young (Normal) (G1 Evacuation Pause) 206M->56M(256M) 3.562ms
[1020.068s][info][gc,cpu      ] GC(72) User=0.01s Sys=0.00s Real=0.01s
[1036.051s][info][gc,start    ] GC(73) Pause Young (Normal) (G1 Evacuation Pause)
[1036.051s][info][gc,task     ] GC(73) Using 2 workers of 2 for evacuation
[1036.055s][info][gc,phases   ] GC(73)   Pre Evacuate Collection Set: 0.19ms
[1036.055s][info][gc,phases   ] GC(73)   Merge Heap Roots: 0.05ms
[1036.055s][info][gc,phases   ] GC(73)   Evacuate Collection Set: 3.30ms
[1036.055s][info][gc,phases   ] GC(73)   Post Evacuate Collection Set: 0.33ms
[1036.055s][info][gc,phases   ] GC(73)   Other: 0.06ms
[1036.055s][info][gc,heap     ] GC(73) Eden regions: 151->0(150)
[1036.055s][info][gc,heap     ] GC(73) Survivor regions: 2->3(20)
[1036.055s][info][gc,heap     ] GC(73) Old regions: 55->55
[1036.055s][info][gc,heap     ] GC(73) Humongous regions: 0->0
[1036.055s][info][gc,metaspace] GC(73) Metaspace: 5637K(5824K)->5637K(5824K) NonClass: 5127K(5248K)->5127K(5248K) Class: 509K(576K)->509K(576K)
[1036.055s][info][gc          ] GC(73) Pause Young (Normal) (G1 Evacuation Pause) 207M->56M(256M) 4.091ms
[1036.055s][info][gc,cpu      ] GC(73) User=0.01s Sys=0.00s Real=0.00s
[1041.153s][info][gc,heap,exit] Heap
[1041.153s][info][gc,heap,exit]  garbage-first heap   total reserved 1001472K, committed 262144K, used 109602K [0x00000000c2e00000, 0x0000000100000000)
[1041.153s][info][gc,heap,exit]   region size 1024K, 54 young (55296K), 3 survivors (3072K)
[1041.153s][info][gc,heap,exit]  Metaspace       used 5709K, committed 5888K, reserved 1114112K
[1041.153s][info][gc,heap,exit]   class space    used 516K, committed 576K, reserved 1048576K
