[0.003s][info][metaspace]  - commit_granule_bytes: 65536.
[0.003s][info][metaspace]  - commit_granule_words: 8192.
[0.003s][info][metaspace]  - virtual_space_node_default_size: 8388608.
[0.003s][info][metaspace]  - enlarge_chunks_in_place: 1.
[0.005s][info][gc,init  ] CardTable entry size: 512
[0.009s][info][gc       ] Using G1
[0.013s][info][gc,init  ] Version: 24-internal-adhoc.root.jdk (release)
[0.013s][info][gc,init  ] CPUs: 2 total, 2 available
[0.013s][info][gc,init  ] Memory: 3908M
[0.013s][info][gc,init  ] Large Page Support: Disabled
[0.013s][info][gc,init  ] NUMA Support: Disabled
[0.013s][info][gc,init  ] Compressed Oops: Enabled (32-bit)
[0.013s][info][gc,init  ] Heap Region Size: 1M
[0.013s][info][gc,init  ] Heap Min Capacity: 256M
[0.013s][info][gc,init  ] Heap Initial Capacity: 256M
[0.013s][info][gc,init  ] Heap Max Capacity: 978M
[0.013s][info][gc,init  ] Pre-touch: Disabled
[0.013s][info][gc,init  ] Parallel Workers: 2
[0.013s][info][gc,init  ] Concurrent Workers: 1
[0.013s][info][gc,init  ] Concurrent Refinement Workers: 2
[0.013s][info][gc,init  ] Periodic GC: Disabled
[0.110s][info][gc,metaspace] CDS archive(s) mapped at: [0x00007f232a000000-0x00007f232adc0000-0x00007f232adc0000), size 14417920, SharedBaseAddress: 0x00007f232a000000, ArchiveRelocationMode: 1.
[0.110s][info][gc,metaspace] Compressed class space mapped at: 0x00007f232b000000-0x00007f236b000000, reserved size: 1073741824
[0.110s][info][gc,metaspace] UseCompressedClassPointers 1, UseCompactObjectHeaders 0
[0.110s][info][gc,metaspace] Narrow klass pointer bits 32, Max shift 3
[0.110s][info][gc,metaspace] Narrow klass base: 0x00007f232a000000, Narrow klass shift: 0
[0.110s][info][gc,metaspace] Encoding Range: [0x00007f232a000000 - 0x00007f242a000000), (4294967296 bytes)
[0.110s][info][gc,metaspace] Klass Range:    [0x00007f232a000000 - 0x00007f236b000000), (1090519040 bytes)
[0.110s][info][gc,metaspace] Klass ID Range:  [8 - 1090519033) (1090519025)
[0.451s][info][gc,start    ] GC(0) Pause Young (Normal) (G1 Evacuation Pause)
[0.451s][info][gc,task     ] GC(0) Using 2 workers of 2 for evacuation
[0.455s][info][gc,phases   ] GC(0)   Pre Evacuate Collection Set: 0.19ms
[0.455s][info][gc,phases   ] GC(0)   Merge Heap Roots: 0.11ms
[0.455s][info][gc,phases   ] GC(0)   Evacuate Collection Set: 3.55ms
[0.455s][info][gc,phases   ] GC(0)   Post Evacuate Collection Set: 0.24ms
[0.455s][info][gc,phases   ] GC(0)   Other: 0.24ms
[0.455s][info][gc,heap     ] GC(0) Eden regions: 12->0(10)
[0.455s][info][gc,heap     ] GC(0) Survivor regions: 0->2(2)
[0.455s][info][gc,heap     ] GC(0) Old regions: 2->2
[0.455s][info][gc,heap     ] GC(0) Humongous regions: 0->0
[0.455s][info][gc,metaspace] GC(0) Metaspace: 2362K(2496K)->2362K(2496K) NonClass: 2165K(2240K)->2165K(2240K) Class: 196K(256K)->196K(256K)
[0.455s][info][gc          ] GC(0) Pause Young (Normal) (G1 Evacuation Pause) 13M->2M(258M) 4.579ms
[0.455s][info][gc,cpu      ] GC(0) User=0.01s Sys=0.00s Real=0.01s
[0.508s][info][gc,start    ] GC(1) Pause Young (Normal) (G1 Evacuation Pause)
[0.508s][info][gc,task     ] GC(1) Using 2 workers of 2 for evacuation
[0.510s][info][gc,phases   ] GC(1)   Pre Evacuate Collection Set: 0.13ms
[0.510s][info][gc,phases   ] GC(1)   Merge Heap Roots: 0.03ms
[0.510s][info][gc,phases   ] GC(1)   Evacuate Collection Set: 2.23ms
[0.510s][info][gc,phases   ] GC(1)   Post Evacuate Collection Set: 0.15ms
[0.510s][info][gc,phases   ] GC(1)   Other: 0.06ms
[0.510s][info][gc,heap     ] GC(1) Eden regions: 10->0(20)
[0.510s][info][gc,heap     ] GC(1) Survivor regions: 2->1(2)
[0.510s][info][gc,heap     ] GC(1) Old regions: 2->4
[0.510s][info][gc,heap     ] GC(1) Humongous regions: 0->0
[0.510s][info][gc,metaspace] GC(1) Metaspace: 2440K(2560K)->2440K(2560K) NonClass: 2243K(2304K)->2243K(2304K) Class: 197K(256K)->197K(256K)
[0.510s][info][gc          ] GC(1) Pause Young (Normal) (G1 Evacuation Pause) 12M->3M(258M) 2.737ms
[0.510s][info][gc,cpu      ] GC(1) User=0.00s Sys=0.00s Real=0.00s
[0.602s][info][gc,start    ] GC(2) Pause Young (Normal) (G1 Evacuation Pause)
[0.602s][info][gc,task     ] GC(2) Using 2 workers of 2 for evacuation
[0.603s][info][gc,phases   ] GC(2)   Pre Evacuate Collection Set: 0.13ms
[0.603s][info][gc,phases   ] GC(2)   Merge Heap Roots: 0.04ms
[0.603s][info][gc,phases   ] GC(2)   Evacuate Collection Set: 0.23ms
[0.603s][info][gc,phases   ] GC(2)   Post Evacuate Collection Set: 0.18ms
[0.603s][info][gc,phases   ] GC(2)   Other: 0.08ms
[0.603s][info][gc,heap     ] GC(2) Eden regions: 20->0(25)
[0.603s][info][gc,heap     ] GC(2) Survivor regions: 1->1(3)
[0.603s][info][gc,heap     ] GC(2) Old regions: 4->4
[0.603s][info][gc,heap     ] GC(2) Humongous regions: 0->0
[0.603s][info][gc,metaspace] GC(2) Metaspace: 2615K(2752K)->2615K(2752K) NonClass: 2417K(2496K)->2417K(2496K) Class: 197K(256K)->197K(256K)
[0.603s][info][gc          ] GC(2) Pause Young (Normal) (G1 Evacuation Pause) 23M->3M(258M) 0.802ms
[0.603s][info][gc,cpu      ] GC(2) User=0.00s Sys=0.00s Real=0.01s
[0.982s][info][gc,start    ] GC(3) Pause Young (Normal) (G1 Evacuation Pause)
[0.982s][info][gc,task     ] GC(3) Using 2 workers of 2 for evacuation
[1.003s][info][gc,phases   ] GC(3)   Pre Evacuate Collection Set: 0.16ms
[1.003s][info][gc,phases   ] GC(3)   Merge Heap Roots: 0.04ms
[1.003s][info][gc,phases   ] GC(3)   Evacuate Collection Set: 20.85ms
[1.003s][info][gc,phases   ] GC(3)   Post Evacuate Collection Set: 0.26ms
[1.003s][info][gc,phases   ] GC(3)   Other: 0.06ms
[1.003s][info][gc,heap     ] GC(3) Eden regions: 25->0(21)
[1.003s][info][gc,heap     ] GC(3) Survivor regions: 1->4(4)
[1.003s][info][gc,heap     ] GC(3) Old regions: 4->11
[1.003s][info][gc,heap     ] GC(3) Humongous regions: 0->0
[1.003s][info][gc,metaspace] GC(3) Metaspace: 4965K(5120K)->4965K(5120K) NonClass: 4467K(4544K)->4467K(4544K) Class: 498K(576K)->498K(576K)
[1.003s][info][gc          ] GC(3) Pause Young (Normal) (G1 Evacuation Pause) 28M->14M(258M) 21.533ms
[1.003s][info][gc,cpu      ] GC(3) User=0.03s Sys=0.01s Real=0.03s
[7.193s][info][gc,start    ] GC(4) Pause Young (Normal) (G1 Evacuation Pause)
[7.193s][info][gc,task     ] GC(4) Using 2 workers of 2 for evacuation
[7.208s][info][gc,phases   ] GC(4)   Pre Evacuate Collection Set: 0.15ms
[7.208s][info][gc,phases   ] GC(4)   Merge Heap Roots: 0.11ms
[7.208s][info][gc,phases   ] GC(4)   Evacuate Collection Set: 14.02ms
[7.208s][info][gc,phases   ] GC(4)   Post Evacuate Collection Set: 0.39ms
[7.208s][info][gc,phases   ] GC(4)   Other: 0.06ms
[7.208s][info][gc,heap     ] GC(4) Eden regions: 21->0(23)
[7.208s][info][gc,heap     ] GC(4) Survivor regions: 4->1(4)
[7.208s][info][gc,heap     ] GC(4) Old regions: 11->16
[7.208s][info][gc,heap     ] GC(4) Humongous regions: 0->0
[7.208s][info][gc,metaspace] GC(4) Metaspace: 5223K(5376K)->5223K(5376K) NonClass: 4724K(4800K)->4724K(4800K) Class: 498K(576K)->498K(576K)
[7.208s][info][gc          ] GC(4) Pause Young (Normal) (G1 Evacuation Pause) 35M->15M(258M) 14.898ms
[7.208s][info][gc,cpu      ] GC(4) User=0.02s Sys=0.01s Real=0.01s
[13.453s][info][gc,start    ] GC(5) Pause Young (Normal) (G1 Evacuation Pause)
[13.453s][info][gc,task     ] GC(5) Using 2 workers of 2 for evacuation
[13.455s][info][gc,phases   ] GC(5)   Pre Evacuate Collection Set: 0.13ms
[13.455s][info][gc,phases   ] GC(5)   Merge Heap Roots: 0.05ms
[13.455s][info][gc,phases   ] GC(5)   Evacuate Collection Set: 2.09ms
[13.455s][info][gc,phases   ] GC(5)   Post Evacuate Collection Set: 0.19ms
[13.455s][info][gc,phases   ] GC(5)   Other: 0.07ms
[13.455s][info][gc,heap     ] GC(5) Eden regions: 46->0(34)
[13.455s][info][gc,heap     ] GC(5) Survivor regions: 1->2(6)
[13.455s][info][gc,heap     ] GC(5) Old regions: 16->16
[13.455s][info][gc,heap     ] GC(5) Humongous regions: 0->0
[13.455s][info][gc,metaspace] GC(5) Metaspace: 5244K(5376K)->5244K(5376K) NonClass: 4746K(4800K)->4746K(4800K) Class: 498K(576K)->498K(576K)
[13.455s][info][gc          ] GC(5) Pause Young (Normal) (G1 Evacuation Pause) 61M->15M(258M) 2.668ms
[13.455s][info][gc,cpu      ] GC(5) User=0.00s Sys=0.00s Real=0.00s
[19.441s][info][gc,start    ] GC(6) Pause Young (Normal) (G1 Evacuation Pause)
[19.441s][info][gc,task     ] GC(6) Using 2 workers of 2 for evacuation
[19.444s][info][gc,phases   ] GC(6)   Pre Evacuate Collection Set: 0.15ms
[19.444s][info][gc,phases   ] GC(6)   Merge Heap Roots: 0.05ms
[19.444s][info][gc,phases   ] GC(6)   Evacuate Collection Set: 2.38ms
[19.444s][info][gc,phases   ] GC(6)   Post Evacuate Collection Set: 0.18ms
[19.444s][info][gc,phases   ] GC(6)   Other: 0.08ms
[19.444s][info][gc,heap     ] GC(6) Eden regions: 48->0(54)
[19.444s][info][gc,heap     ] GC(6) Survivor regions: 2->2(7)
[19.444s][info][gc,heap     ] GC(6) Old regions: 16->16
[19.444s][info][gc,heap     ] GC(6) Humongous regions: 0->0
[19.444s][info][gc,metaspace] GC(6) Metaspace: 5250K(5376K)->5250K(5376K) NonClass: 4751K(4800K)->4751K(4800K) Class: 498K(576K)->498K(576K)
[19.444s][info][gc          ] GC(6) Pause Young (Normal) (G1 Evacuation Pause) 63M->16M(258M) 2.987ms
[19.444s][info][gc,cpu      ] GC(6) User=0.00s Sys=0.00s Real=0.01s
[26.696s][info][gc,start    ] GC(7) Pause Young (Normal) (G1 Evacuation Pause)
[26.696s][info][gc,task     ] GC(7) Using 2 workers of 2 for evacuation
[26.700s][info][gc,phases   ] GC(7)   Pre Evacuate Collection Set: 0.17ms
[26.700s][info][gc,phases   ] GC(7)   Merge Heap Roots: 0.05ms
[26.700s][info][gc,phases   ] GC(7)   Evacuate Collection Set: 3.00ms
[26.700s][info][gc,phases   ] GC(7)   Post Evacuate Collection Set: 0.19ms
[26.700s][info][gc,phases   ] GC(7)   Other: 0.09ms
[26.700s][info][gc,heap     ] GC(7) Eden regions: 67->0(70)
[26.700s][info][gc,heap     ] GC(7) Survivor regions: 2->2(9)
[26.700s][info][gc,heap     ] GC(7) Old regions: 16->16
[26.700s][info][gc,heap     ] GC(7) Humongous regions: 0->0
[26.700s][info][gc,metaspace] GC(7) Metaspace: 5252K(5376K)->5252K(5376K) NonClass: 4753K(4800K)->4753K(4800K) Class: 498K(576K)->498K(576K)
[26.700s][info][gc          ] GC(7) Pause Young (Normal) (G1 Evacuation Pause) 83M->16M(258M) 3.658ms
[26.700s][info][gc,cpu      ] GC(7) User=0.00s Sys=0.01s Real=0.00s
[34.764s][info][gc,start    ] GC(8) Pause Young (Normal) (G1 Evacuation Pause)
[34.764s][info][gc,task     ] GC(8) Using 2 workers of 2 for evacuation
[34.768s][info][gc,phases   ] GC(8)   Pre Evacuate Collection Set: 0.14ms
[34.768s][info][gc,phases   ] GC(8)   Merge Heap Roots: 0.05ms
[34.768s][info][gc,phases   ] GC(8)   Evacuate Collection Set: 3.41ms
[34.768s][info][gc,phases   ] GC(8)   Post Evacuate Collection Set: 0.27ms
[34.768s][info][gc,phases   ] GC(8)   Other: 0.07ms
[34.768s][info][gc,heap     ] GC(8) Eden regions: 82->0(92)
[34.768s][info][gc,heap     ] GC(8) Survivor regions: 2->3(11)
[34.768s][info][gc,heap     ] GC(8) Old regions: 16->16
[34.768s][info][gc,heap     ] GC(8) Humongous regions: 0->0
[34.768s][info][gc,metaspace] GC(8) Metaspace: 5252K(5376K)->5252K(5376K) NonClass: 4753K(4800K)->4753K(4800K) Class: 498K(576K)->498K(576K)
[34.768s][info][gc          ] GC(8) Pause Young (Normal) (G1 Evacuation Pause) 98M->17M(258M) 4.107ms
[34.768s][info][gc,cpu      ] GC(8) User=0.01s Sys=0.00s Real=0.00s
[46.097s][info][gc,start    ] GC(9) Pause Young (Normal) (G1 Evacuation Pause)
[46.097s][info][gc,task     ] GC(9) Using 2 workers of 2 for evacuation
[46.102s][info][gc,phases   ] GC(9)   Pre Evacuate Collection Set: 0.16ms
[46.102s][info][gc,phases   ] GC(9)   Merge Heap Roots: 0.05ms
[46.102s][info][gc,phases   ] GC(9)   Evacuate Collection Set: 4.53ms
[46.102s][info][gc,phases   ] GC(9)   Post Evacuate Collection Set: 0.23ms
[46.102s][info][gc,phases   ] GC(9)   Other: 0.07ms
[46.102s][info][gc,heap     ] GC(9) Eden regions: 103->0(116)
[46.102s][info][gc,heap     ] GC(9) Survivor regions: 3->3(14)
[46.102s][info][gc,heap     ] GC(9) Old regions: 16->16
[46.102s][info][gc,heap     ] GC(9) Humongous regions: 0->0
[46.102s][info][gc,metaspace] GC(9) Metaspace: 5253K(5376K)->5253K(5376K) NonClass: 4754K(4800K)->4754K(4800K) Class: 498K(576K)->498K(576K)
[46.102s][info][gc          ] GC(9) Pause Young (Normal) (G1 Evacuation Pause) 120M->17M(258M) 5.186ms
[46.102s][info][gc,cpu      ] GC(9) User=0.01s Sys=0.00s Real=0.00s
[59.195s][info][gc,start    ] GC(10) Pause Young (Normal) (G1 Evacuation Pause)
[59.195s][info][gc,task     ] GC(10) Using 2 workers of 2 for evacuation
[59.204s][info][gc,phases   ] GC(10)   Pre Evacuate Collection Set: 0.20ms
[59.204s][info][gc,phases   ] GC(10)   Merge Heap Roots: 0.08ms
[59.204s][info][gc,phases   ] GC(10)   Evacuate Collection Set: 7.81ms
[59.204s][info][gc,phases   ] GC(10)   Post Evacuate Collection Set: 0.27ms
[59.204s][info][gc,phases   ] GC(10)   Other: 0.09ms
[59.204s][info][gc,heap     ] GC(10) Eden regions: 127->0(139)
[59.204s][info][gc,heap     ] GC(10) Survivor regions: 3->4(17)
[59.204s][info][gc,heap     ] GC(10) Old regions: 16->16
[59.204s][info][gc,heap     ] GC(10) Humongous regions: 0->0
[59.204s][info][gc,metaspace] GC(10) Metaspace: 5253K(5376K)->5253K(5376K) NonClass: 4754K(4800K)->4754K(4800K) Class: 498K(576K)->498K(576K)
[59.204s][info][gc          ] GC(10) Pause Young (Normal) (G1 Evacuation Pause) 144M->17M(258M) 8.611ms
[59.204s][info][gc,cpu      ] GC(10) User=0.01s Sys=0.00s Real=0.01s
[74.315s][info][gc,start    ] GC(11) Pause Young (Normal) (G1 Evacuation Pause)
[74.315s][info][gc,task     ] GC(11) Using 2 workers of 2 for evacuation
[74.323s][info][gc,phases   ] GC(11)   Pre Evacuate Collection Set: 0.16ms
[74.323s][info][gc,phases   ] GC(11)   Merge Heap Roots: 0.06ms
[74.323s][info][gc,phases   ] GC(11)   Evacuate Collection Set: 7.18ms
[74.323s][info][gc,phases   ] GC(11)   Post Evacuate Collection Set: 0.34ms
[74.323s][info][gc,phases   ] GC(11)   Other: 0.09ms
[74.323s][info][gc,heap     ] GC(11) Eden regions: 148->0(149)
[74.323s][info][gc,heap     ] GC(11) Survivor regions: 4->4(19)
[74.323s][info][gc,heap     ] GC(11) Old regions: 16->16
[74.323s][info][gc,heap     ] GC(11) Humongous regions: 0->0
[74.323s][info][gc,metaspace] GC(11) Metaspace: 5253K(5376K)->5253K(5376K) NonClass: 4754K(4800K)->4754K(4800K) Class: 498K(576K)->498K(576K)
[74.323s][info][gc          ] GC(11) Pause Young (Normal) (G1 Evacuation Pause) 165M->18M(258M) 7.979ms
[74.323s][info][gc,cpu      ] GC(11) User=0.01s Sys=0.01s Real=0.01s
[89.335s][info][gc,start    ] GC(12) Pause Young (Normal) (G1 Evacuation Pause)
[89.336s][info][gc,task     ] GC(12) Using 2 workers of 2 for evacuation
[89.344s][info][gc,phases   ] GC(12)   Pre Evacuate Collection Set: 0.15ms
[89.344s][info][gc,phases   ] GC(12)   Merge Heap Roots: 0.05ms
[89.344s][info][gc,phases   ] GC(12)   Evacuate Collection Set: 8.09ms
[89.344s][info][gc,phases   ] GC(12)   Post Evacuate Collection Set: 0.29ms
[89.344s][info][gc,phases   ] GC(12)   Other: 0.06ms
[89.344s][info][gc,heap     ] GC(12) Eden regions: 149->0(148)
[89.344s][info][gc,heap     ] GC(12) Survivor regions: 4->5(20)
[89.344s][info][gc,heap     ] GC(12) Old regions: 16->16
[89.344s][info][gc,heap     ] GC(12) Humongous regions: 0->0
[89.344s][info][gc,metaspace] GC(12) Metaspace: 5254K(5376K)->5254K(5376K) NonClass: 4755K(4800K)->4755K(4800K) Class: 498K(576K)->498K(576K)
[89.344s][info][gc          ] GC(12) Pause Young (Normal) (G1 Evacuation Pause) 167M->19M(258M) 8.821ms
[89.344s][info][gc,cpu      ] GC(12) User=0.01s Sys=0.00s Real=0.01s
[107.499s][info][gc,start    ] GC(13) Pause Young (Normal) (G1 Evacuation Pause)
[107.499s][info][gc,task     ] GC(13) Using 2 workers of 2 for evacuation
[107.524s][info][gc,phases   ] GC(13)   Pre Evacuate Collection Set: 0.16ms
[107.524s][info][gc,phases   ] GC(13)   Merge Heap Roots: 0.06ms
[107.524s][info][gc,phases   ] GC(13)   Evacuate Collection Set: 24.57ms
[107.524s][info][gc,phases   ] GC(13)   Post Evacuate Collection Set: 0.30ms
[107.524s][info][gc,phases   ] GC(13)   Other: 0.07ms
[107.524s][info][gc,heap     ] GC(13) Eden regions: 148->0(137)
[107.524s][info][gc,heap     ] GC(13) Survivor regions: 5->16(20)
[107.524s][info][gc,heap     ] GC(13) Old regions: 16->16
[107.524s][info][gc,heap     ] GC(13) Humongous regions: 0->0
[107.524s][info][gc,metaspace] GC(13) Metaspace: 5441K(5632K)->5441K(5632K) NonClass: 4932K(5056K)->4932K(5056K) Class: 508K(576K)->508K(576K)
[107.524s][info][gc          ] GC(13) Pause Young (Normal) (G1 Evacuation Pause) 167M->30M(258M) 25.324ms
[107.524s][info][gc,cpu      ] GC(13) User=0.05s Sys=0.01s Real=0.03s
[123.290s][info][gc,start    ] GC(14) Pause Young (Normal) (G1 Evacuation Pause)
[123.290s][info][gc,task     ] GC(14) Using 2 workers of 2 for evacuation
[123.317s][info][gc,phases   ] GC(14)   Pre Evacuate Collection Set: 0.16ms
[123.317s][info][gc,phases   ] GC(14)   Merge Heap Roots: 0.05ms
[123.317s][info][gc,phases   ] GC(14)   Evacuate Collection Set: 26.67ms
[123.317s][info][gc,phases   ] GC(14)   Post Evacuate Collection Set: 0.37ms
[123.317s][info][gc,phases   ] GC(14)   Other: 0.09ms
[123.317s][info][gc,heap     ] GC(14) Eden regions: 137->0(152)
[123.317s][info][gc,heap     ] GC(14) Survivor regions: 16->1(20)
[123.317s][info][gc,heap     ] GC(14) Old regions: 16->31
[123.317s][info][gc,heap     ] GC(14) Humongous regions: 0->0
[123.317s][info][gc,metaspace] GC(14) Metaspace: 5441K(5632K)->5441K(5632K) NonClass: 4932K(5056K)->4932K(5056K) Class: 508K(576K)->508K(576K)
[123.317s][info][gc          ] GC(14) Pause Young (Normal) (G1 Evacuation Pause) 167M->31M(258M) 27.512ms
[123.317s][info][gc,cpu      ] GC(14) User=0.04s Sys=0.01s Real=0.03s
[139.533s][info][gc,start    ] GC(15) Pause Young (Normal) (G1 Evacuation Pause)
[139.533s][info][gc,task     ] GC(15) Using 2 workers of 2 for evacuation
[139.536s][info][gc,phases   ] GC(15)   Pre Evacuate Collection Set: 0.16ms
[139.536s][info][gc,phases   ] GC(15)   Merge Heap Roots: 0.06ms
[139.536s][info][gc,phases   ] GC(15)   Evacuate Collection Set: 1.57ms
[139.536s][info][gc,phases   ] GC(15)   Post Evacuate Collection Set: 0.25ms
[139.536s][info][gc,phases   ] GC(15)   Other: 0.09ms
[139.536s][info][gc,heap     ] GC(15) Eden regions: 152->0(152)
[139.536s][info][gc,heap     ] GC(15) Survivor regions: 1->1(20)
[139.536s][info][gc,heap     ] GC(15) Old regions: 31->31
[139.536s][info][gc,heap     ] GC(15) Humongous regions: 0->0
[139.536s][info][gc,metaspace] GC(15) Metaspace: 5441K(5632K)->5441K(5632K) NonClass: 4932K(5056K)->4932K(5056K) Class: 508K(576K)->508K(576K)
[139.536s][info][gc          ] GC(15) Pause Young (Normal) (G1 Evacuation Pause) 183M->31M(258M) 2.276ms
[139.536s][info][gc,cpu      ] GC(15) User=0.00s Sys=0.00s Real=0.00s
[155.696s][info][gc,start    ] GC(16) Pause Young (Normal) (G1 Evacuation Pause)
[155.696s][info][gc,task     ] GC(16) Using 2 workers of 2 for evacuation
[155.698s][info][gc,phases   ] GC(16)   Pre Evacuate Collection Set: 0.14ms
[155.698s][info][gc,phases   ] GC(16)   Merge Heap Roots: 0.07ms
[155.698s][info][gc,phases   ] GC(16)   Evacuate Collection Set: 2.09ms
[155.698s][info][gc,phases   ] GC(16)   Post Evacuate Collection Set: 0.26ms
[155.698s][info][gc,phases   ] GC(16)   Other: 0.06ms
[155.698s][info][gc,heap     ] GC(16) Eden regions: 152->0(151)
[155.698s][info][gc,heap     ] GC(16) Survivor regions: 1->2(20)
[155.698s][info][gc,heap     ] GC(16) Old regions: 31->31
[155.698s][info][gc,heap     ] GC(16) Humongous regions: 0->0
[155.698s][info][gc,metaspace] GC(16) Metaspace: 5441K(5632K)->5441K(5632K) NonClass: 4932K(5056K)->4932K(5056K) Class: 508K(576K)->508K(576K)
[155.698s][info][gc          ] GC(16) Pause Young (Normal) (G1 Evacuation Pause) 183M->31M(258M) 2.772ms
[155.698s][info][gc,cpu      ] GC(16) User=0.01s Sys=0.00s Real=0.00s
[171.435s][info][gc,start    ] GC(17) Pause Young (Normal) (G1 Evacuation Pause)
[171.435s][info][gc,task     ] GC(17) Using 2 workers of 2 for evacuation
[171.438s][info][gc,phases   ] GC(17)   Pre Evacuate Collection Set: 0.16ms
[171.438s][info][gc,phases   ] GC(17)   Merge Heap Roots: 0.07ms
[171.439s][info][gc,phases   ] GC(17)   Evacuate Collection Set: 2.50ms
[171.439s][info][gc,phases   ] GC(17)   Post Evacuate Collection Set: 0.26ms
[171.439s][info][gc,phases   ] GC(17)   Other: 0.07ms
[171.439s][info][gc,heap     ] GC(17) Eden regions: 151->0(151)
[171.439s][info][gc,heap     ] GC(17) Survivor regions: 2->2(20)
[171.439s][info][gc,heap     ] GC(17) Old regions: 31->31
[171.439s][info][gc,heap     ] GC(17) Humongous regions: 0->0
[171.439s][info][gc,metaspace] GC(17) Metaspace: 5441K(5632K)->5441K(5632K) NonClass: 4932K(5056K)->4932K(5056K) Class: 508K(576K)->508K(576K)
[171.439s][info][gc          ] GC(17) Pause Young (Normal) (G1 Evacuation Pause) 182M->32M(258M) 3.246ms
[171.439s][info][gc,cpu      ] GC(17) User=0.00s Sys=0.00s Real=0.00s
[186.916s][info][gc,start    ] GC(18) Pause Young (Normal) (G1 Evacuation Pause)
[186.916s][info][gc,task     ] GC(18) Using 2 workers of 2 for evacuation
[186.920s][info][gc,phases   ] GC(18)   Pre Evacuate Collection Set: 0.14ms
[186.920s][info][gc,phases   ] GC(18)   Merge Heap Roots: 0.07ms
[186.920s][info][gc,phases   ] GC(18)   Evacuate Collection Set: 2.92ms
[186.920s][info][gc,phases   ] GC(18)   Post Evacuate Collection Set: 0.27ms
[186.920s][info][gc,phases   ] GC(18)   Other: 0.08ms
[186.920s][info][gc,heap     ] GC(18) Eden regions: 151->0(150)
[186.920s][info][gc,heap     ] GC(18) Survivor regions: 2->3(20)
[186.920s][info][gc,heap     ] GC(18) Old regions: 31->31
[186.920s][info][gc,heap     ] GC(18) Humongous regions: 0->0
[186.920s][info][gc,metaspace] GC(18) Metaspace: 5441K(5632K)->5441K(5632K) NonClass: 4932K(5056K)->4932K(5056K) Class: 508K(576K)->508K(576K)
[186.920s][info][gc          ] GC(18) Pause Young (Normal) (G1 Evacuation Pause) 183M->32M(258M) 3.649ms
[186.920s][info][gc,cpu      ] GC(18) User=0.01s Sys=0.00s Real=0.00s
[206.245s][info][gc,start    ] GC(19) Pause Young (Normal) (G1 Evacuation Pause)
[206.245s][info][gc,task     ] GC(19) Using 2 workers of 2 for evacuation
[206.261s][info][gc,phases   ] GC(19)   Pre Evacuate Collection Set: 0.14ms
[206.261s][info][gc,phases   ] GC(19)   Merge Heap Roots: 0.07ms
[206.262s][info][gc,phases   ] GC(19)   Evacuate Collection Set: 16.13ms
[206.262s][info][gc,phases   ] GC(19)   Post Evacuate Collection Set: 0.26ms
[206.262s][info][gc,phases   ] GC(19)   Other: 0.06ms
[206.262s][info][gc,heap     ] GC(19) Eden regions: 150->0(139)
[206.262s][info][gc,heap     ] GC(19) Survivor regions: 3->14(20)
[206.262s][info][gc,heap     ] GC(19) Old regions: 31->31
[206.262s][info][gc,heap     ] GC(19) Humongous regions: 0->0
[206.262s][info][gc,metaspace] GC(19) Metaspace: 5472K(5632K)->5472K(5632K) NonClass: 4963K(5056K)->4963K(5056K) Class: 508K(576K)->508K(576K)
[206.262s][info][gc          ] GC(19) Pause Young (Normal) (G1 Evacuation Pause) 182M->43M(258M) 16.848ms
[206.262s][info][gc,cpu      ] GC(19) User=0.03s Sys=0.00s Real=0.01s
[221.205s][info][gc,start    ] GC(20) Pause Young (Normal) (G1 Evacuation Pause)
[221.205s][info][gc,task     ] GC(20) Using 2 workers of 2 for evacuation
[221.227s][info][gc,phases   ] GC(20)   Pre Evacuate Collection Set: 0.16ms
[221.227s][info][gc,phases   ] GC(20)   Merge Heap Roots: 0.05ms
[221.227s][info][gc,phases   ] GC(20)   Evacuate Collection Set: 21.29ms
[221.227s][info][gc,phases   ] GC(20)   Post Evacuate Collection Set: 0.27ms
[221.227s][info][gc,phases   ] GC(20)   Other: 0.07ms
[221.227s][info][gc,heap     ] GC(20) Eden regions: 139->0(152)
[221.227s][info][gc,heap     ] GC(20) Survivor regions: 14->1(20)
[221.227s][info][gc,heap     ] GC(20) Old regions: 31->45
[221.227s][info][gc,heap     ] GC(20) Humongous regions: 0->0
[221.227s][info][gc,metaspace] GC(20) Metaspace: 5472K(5632K)->5472K(5632K) NonClass: 4963K(5056K)->4963K(5056K) Class: 508K(576K)->508K(576K)
[221.227s][info][gc          ] GC(20) Pause Young (Normal) (G1 Evacuation Pause) 182M->44M(258M) 22.006ms
[221.227s][info][gc,cpu      ] GC(20) User=0.03s Sys=0.02s Real=0.02s
[237.532s][info][gc,start    ] GC(21) Pause Young (Normal) (G1 Evacuation Pause)
[237.532s][info][gc,task     ] GC(21) Using 2 workers of 2 for evacuation
[237.534s][info][gc,phases   ] GC(21)   Pre Evacuate Collection Set: 0.14ms
[237.534s][info][gc,phases   ] GC(21)   Merge Heap Roots: 0.07ms
[237.534s][info][gc,phases   ] GC(21)   Evacuate Collection Set: 1.57ms
[237.534s][info][gc,phases   ] GC(21)   Post Evacuate Collection Set: 0.26ms
[237.534s][info][gc,phases   ] GC(21)   Other: 0.08ms
[237.534s][info][gc,heap     ] GC(21) Eden regions: 152->0(152)
[237.534s][info][gc,heap     ] GC(21) Survivor regions: 1->1(20)
[237.534s][info][gc,heap     ] GC(21) Old regions: 45->45
[237.534s][info][gc,heap     ] GC(21) Humongous regions: 0->0
[237.534s][info][gc,metaspace] GC(21) Metaspace: 5472K(5632K)->5472K(5632K) NonClass: 4963K(5056K)->4963K(5056K) Class: 508K(576K)->508K(576K)
[237.534s][info][gc          ] GC(21) Pause Young (Normal) (G1 Evacuation Pause) 196M->44M(258M) 2.281ms
[237.534s][info][gc,cpu      ] GC(21) User=0.00s Sys=0.00s Real=0.01s
[253.263s][info][gc,start    ] GC(22) Pause Young (Normal) (G1 Evacuation Pause)
[253.263s][info][gc,task     ] GC(22) Using 2 workers of 2 for evacuation
[253.266s][info][gc,phases   ] GC(22)   Pre Evacuate Collection Set: 0.17ms
[253.266s][info][gc,phases   ] GC(22)   Merge Heap Roots: 0.05ms
[253.266s][info][gc,phases   ] GC(22)   Evacuate Collection Set: 2.36ms
[253.266s][info][gc,phases   ] GC(22)   Post Evacuate Collection Set: 0.25ms
[253.266s][info][gc,phases   ] GC(22)   Other: 0.08ms
[253.266s][info][gc,heap     ] GC(22) Eden regions: 152->0(151)
[253.266s][info][gc,heap     ] GC(22) Survivor regions: 1->2(20)
[253.266s][info][gc,heap     ] GC(22) Old regions: 45->45
[253.266s][info][gc,heap     ] GC(22) Humongous regions: 0->0
[253.266s][info][gc,metaspace] GC(22) Metaspace: 5472K(5632K)->5472K(5632K) NonClass: 4963K(5056K)->4963K(5056K) Class: 508K(576K)->508K(576K)
[253.266s][info][gc          ] GC(22) Pause Young (Normal) (G1 Evacuation Pause) 196M->44M(258M) 3.090ms
[253.266s][info][gc,cpu      ] GC(22) User=0.01s Sys=0.00s Real=0.00s
[269.723s][info][gc,start    ] GC(23) Pause Young (Normal) (G1 Evacuation Pause)
[269.723s][info][gc,task     ] GC(23) Using 2 workers of 2 for evacuation
[269.727s][info][gc,phases   ] GC(23)   Pre Evacuate Collection Set: 0.14ms
[269.727s][info][gc,phases   ] GC(23)   Merge Heap Roots: 0.06ms
[269.727s][info][gc,phases   ] GC(23)   Evacuate Collection Set: 3.07ms
[269.727s][info][gc,phases   ] GC(23)   Post Evacuate Collection Set: 0.28ms
[269.727s][info][gc,phases   ] GC(23)   Other: 0.06ms
[269.727s][info][gc,heap     ] GC(23) Eden regions: 151->0(151)
[269.727s][info][gc,heap     ] GC(23) Survivor regions: 2->2(20)
[269.727s][info][gc,heap     ] GC(23) Old regions: 45->45
[269.727s][info][gc,heap     ] GC(23) Humongous regions: 0->0
[269.727s][info][gc,metaspace] GC(23) Metaspace: 5472K(5632K)->5472K(5632K) NonClass: 4963K(5056K)->4963K(5056K) Class: 508K(576K)->508K(576K)
[269.727s][info][gc          ] GC(23) Pause Young (Normal) (G1 Evacuation Pause) 195M->45M(258M) 3.770ms
[269.727s][info][gc,cpu      ] GC(23) User=0.01s Sys=0.00s Real=0.00s
[286.233s][info][gc,start    ] GC(24) Pause Young (Normal) (G1 Evacuation Pause)
[286.233s][info][gc,task     ] GC(24) Using 2 workers of 2 for evacuation
[286.237s][info][gc,phases   ] GC(24)   Pre Evacuate Collection Set: 0.14ms
[286.237s][info][gc,phases   ] GC(24)   Merge Heap Roots: 0.06ms
[286.237s][info][gc,phases   ] GC(24)   Evacuate Collection Set: 2.92ms
[286.237s][info][gc,phases   ] GC(24)   Post Evacuate Collection Set: 0.24ms
[286.237s][info][gc,phases   ] GC(24)   Other: 0.07ms
[286.237s][info][gc,heap     ] GC(24) Eden regions: 151->0(150)
[286.237s][info][gc,heap     ] GC(24) Survivor regions: 2->3(20)
[286.237s][info][gc,heap     ] GC(24) Old regions: 45->45
[286.237s][info][gc,heap     ] GC(24) Humongous regions: 0->0
[286.237s][info][gc,metaspace] GC(24) Metaspace: 5472K(5632K)->5472K(5632K) NonClass: 4963K(5056K)->4963K(5056K) Class: 508K(576K)->508K(576K)
[286.237s][info][gc          ] GC(24) Pause Young (Normal) (G1 Evacuation Pause) 196M->46M(258M) 3.596ms
[286.237s][info][gc,cpu      ] GC(24) User=0.00s Sys=0.00s Real=0.00s
[306.487s][info][gc,start    ] GC(25) Pause Young (Normal) (G1 Evacuation Pause)
[306.487s][info][gc,task     ] GC(25) Using 2 workers of 2 for evacuation
[306.503s][info][gc,phases   ] GC(25)   Pre Evacuate Collection Set: 0.13ms
[306.503s][info][gc,phases   ] GC(25)   Merge Heap Roots: 0.07ms
[306.503s][info][gc,phases   ] GC(25)   Evacuate Collection Set: 15.27ms
[306.503s][info][gc,phases   ] GC(25)   Post Evacuate Collection Set: 0.31ms
[306.503s][info][gc,phases   ] GC(25)   Other: 0.07ms
[306.503s][info][gc,heap     ] GC(25) Eden regions: 150->0(139)
[306.503s][info][gc,heap     ] GC(25) Survivor regions: 3->14(20)
[306.503s][info][gc,heap     ] GC(25) Old regions: 45->45
[306.503s][info][gc,heap     ] GC(25) Humongous regions: 0->0
[306.503s][info][gc,metaspace] GC(25) Metaspace: 5511K(5632K)->5511K(5632K) NonClass: 5002K(5056K)->5002K(5056K) Class: 508K(576K)->508K(576K)
[306.503s][info][gc          ] GC(25) Pause Young (Normal) (G1 Evacuation Pause) 196M->57M(258M) 16.049ms
[306.503s][info][gc,cpu      ] GC(25) User=0.03s Sys=0.00s Real=0.02s
[320.828s][info][gc,start    ] GC(26) Pause Young (Normal) (G1 Evacuation Pause)
[320.828s][info][gc,task     ] GC(26) Using 2 workers of 2 for evacuation
[320.850s][info][gc,phases   ] GC(26)   Pre Evacuate Collection Set: 0.16ms
[320.850s][info][gc,phases   ] GC(26)   Merge Heap Roots: 0.06ms
[320.850s][info][gc,phases   ] GC(26)   Evacuate Collection Set: 21.08ms
[320.850s][info][gc,phases   ] GC(26)   Post Evacuate Collection Set: 0.28ms
[320.850s][info][gc,phases   ] GC(26)   Other: 0.07ms
[320.850s][info][gc,heap     ] GC(26) Eden regions: 139->0(152)
[320.850s][info][gc,heap     ] GC(26) Survivor regions: 14->1(20)
[320.850s][info][gc,heap     ] GC(26) Old regions: 45->59
[320.850s][info][gc,heap     ] GC(26) Humongous regions: 0->0
[320.850s][info][gc,metaspace] GC(26) Metaspace: 5511K(5632K)->5511K(5632K) NonClass: 5002K(5056K)->5002K(5056K) Class: 508K(576K)->508K(576K)
[320.850s][info][gc          ] GC(26) Pause Young (Normal) (G1 Evacuation Pause) 196M->58M(258M) 21.815ms
[320.850s][info][gc,cpu      ] GC(26) User=0.03s Sys=0.01s Real=0.02s
[337.298s][info][gc,start    ] GC(27) Pause Young (Normal) (G1 Evacuation Pause)
[337.298s][info][gc,task     ] GC(27) Using 2 workers of 2 for evacuation
[337.300s][info][gc,phases   ] GC(27)   Pre Evacuate Collection Set: 0.15ms
[337.300s][info][gc,phases   ] GC(27)   Merge Heap Roots: 0.06ms
[337.300s][info][gc,phases   ] GC(27)   Evacuate Collection Set: 1.59ms
[337.300s][info][gc,phases   ] GC(27)   Post Evacuate Collection Set: 0.26ms
[337.300s][info][gc,phases   ] GC(27)   Other: 0.08ms
[337.300s][info][gc,heap     ] GC(27) Eden regions: 152->0(152)
[337.300s][info][gc,heap     ] GC(27) Survivor regions: 1->1(20)
[337.300s][info][gc,heap     ] GC(27) Old regions: 59->59
[337.300s][info][gc,heap     ] GC(27) Humongous regions: 0->0
[337.300s][info][gc,metaspace] GC(27) Metaspace: 5511K(5632K)->5511K(5632K) NonClass: 5002K(5056K)->5002K(5056K) Class: 508K(576K)->508K(576K)
[337.300s][info][gc          ] GC(27) Pause Young (Normal) (G1 Evacuation Pause) 210M->58M(258M) 2.303ms
[337.300s][info][gc,cpu      ] GC(27) User=0.00s Sys=0.00s Real=0.00s
[353.341s][info][gc,start    ] GC(28) Pause Young (Normal) (G1 Evacuation Pause)
[353.342s][info][gc,task     ] GC(28) Using 2 workers of 2 for evacuation
[353.345s][info][gc,phases   ] GC(28)   Pre Evacuate Collection Set: 0.16ms
[353.345s][info][gc,phases   ] GC(28)   Merge Heap Roots: 0.05ms
[353.345s][info][gc,phases   ] GC(28)   Evacuate Collection Set: 2.55ms
[353.345s][info][gc,phases   ] GC(28)   Post Evacuate Collection Set: 0.29ms
[353.345s][info][gc,phases   ] GC(28)   Other: 0.09ms
[353.345s][info][gc,heap     ] GC(28) Eden regions: 152->0(151)
[353.345s][info][gc,heap     ] GC(28) Survivor regions: 1->2(20)
[353.345s][info][gc,heap     ] GC(28) Old regions: 59->59
[353.345s][info][gc,heap     ] GC(28) Humongous regions: 0->0
[353.345s][info][gc,metaspace] GC(28) Metaspace: 5511K(5632K)->5511K(5632K) NonClass: 5002K(5056K)->5002K(5056K) Class: 508K(576K)->508K(576K)
[353.345s][info][gc          ] GC(28) Pause Young (Normal) (G1 Evacuation Pause) 210M->58M(258M) 3.292ms
[353.345s][info][gc,cpu      ] GC(28) User=0.00s Sys=0.00s Real=0.01s
[368.820s][info][gc,start    ] GC(29) Pause Young (Normal) (G1 Evacuation Pause)
[368.820s][info][gc,task     ] GC(29) Using 2 workers of 2 for evacuation
[368.823s][info][gc,phases   ] GC(29)   Pre Evacuate Collection Set: 0.16ms
[368.823s][info][gc,phases   ] GC(29)   Merge Heap Roots: 0.07ms
[368.823s][info][gc,phases   ] GC(29)   Evacuate Collection Set: 2.45ms
[368.823s][info][gc,phases   ] GC(29)   Post Evacuate Collection Set: 0.27ms
[368.823s][info][gc,phases   ] GC(29)   Other: 0.13ms
[368.823s][info][gc,heap     ] GC(29) Eden regions: 151->0(151)
[368.823s][info][gc,heap     ] GC(29) Survivor regions: 2->2(20)
[368.824s][info][gc,heap     ] GC(29) Old regions: 59->59
[368.824s][info][gc,heap     ] GC(29) Humongous regions: 0->0
[368.824s][info][gc,metaspace] GC(29) Metaspace: 5511K(5632K)->5511K(5632K) NonClass: 5002K(5056K)->5002K(5056K) Class: 508K(576K)->508K(576K)
[368.824s][info][gc          ] GC(29) Pause Young (Normal) (G1 Evacuation Pause) 209M->59M(258M) 3.286ms
[368.824s][info][gc,cpu      ] GC(29) User=0.01s Sys=0.00s Real=0.01s
[385.250s][info][gc,start    ] GC(30) Pause Young (Normal) (G1 Evacuation Pause)
[385.250s][info][gc,task     ] GC(30) Using 2 workers of 2 for evacuation
[385.267s][info][gc,phases   ] GC(30)   Pre Evacuate Collection Set: 0.13ms
[385.267s][info][gc,phases   ] GC(30)   Merge Heap Roots: 0.07ms
[385.267s][info][gc,phases   ] GC(30)   Evacuate Collection Set: 16.05ms
[385.267s][info][gc,phases   ] GC(30)   Post Evacuate Collection Set: 0.28ms
[385.267s][info][gc,phases   ] GC(30)   Other: 0.09ms
[385.267s][info][gc,heap     ] GC(30) Eden regions: 151->0(139)
[385.267s][info][gc,heap     ] GC(30) Survivor regions: 2->14(20)
[385.267s][info][gc,heap     ] GC(30) Old regions: 59->59
[385.267s][info][gc,heap     ] GC(30) Humongous regions: 0->0
[385.267s][info][gc,metaspace] GC(30) Metaspace: 5529K(5696K)->5529K(5696K) NonClass: 5020K(5120K)->5020K(5120K) Class: 508K(576K)->508K(576K)
[385.267s][info][gc          ] GC(30) Pause Young (Normal) (G1 Evacuation Pause) 210M->71M(258M) 16.785ms
[385.267s][info][gc,cpu      ] GC(30) User=0.04s Sys=0.00s Real=0.02s
[403.162s][info][gc,start    ] GC(31) Pause Young (Normal) (G1 Evacuation Pause)
[403.162s][info][gc,task     ] GC(31) Using 2 workers of 2 for evacuation
[403.185s][info][gc,phases   ] GC(31)   Pre Evacuate Collection Set: 0.15ms
[403.185s][info][gc,phases   ] GC(31)   Merge Heap Roots: 0.05ms
[403.185s][info][gc,phases   ] GC(31)   Evacuate Collection Set: 22.76ms
[403.185s][info][gc,phases   ] GC(31)   Post Evacuate Collection Set: 0.27ms
[403.185s][info][gc,phases   ] GC(31)   Other: 0.06ms
[403.185s][info][gc,heap     ] GC(31) Eden regions: 139->0(152)
[403.185s][info][gc,heap     ] GC(31) Survivor regions: 14->1(20)
[403.185s][info][gc,heap     ] GC(31) Old regions: 59->72
[403.185s][info][gc,heap     ] GC(31) Humongous regions: 0->0
[403.185s][info][gc,metaspace] GC(31) Metaspace: 5529K(5696K)->5529K(5696K) NonClass: 5020K(5120K)->5020K(5120K) Class: 508K(576K)->508K(576K)
[403.185s][info][gc          ] GC(31) Pause Young (Normal) (G1 Evacuation Pause) 210M->72M(258M) 23.471ms
[403.185s][info][gc,cpu      ] GC(31) User=0.03s Sys=0.01s Real=0.03s
[418.934s][info][gc,start    ] GC(32) Pause Young (Normal) (G1 Evacuation Pause)
[418.934s][info][gc,task     ] GC(32) Using 2 workers of 2 for evacuation
[418.936s][info][gc,phases   ] GC(32)   Pre Evacuate Collection Set: 0.14ms
[418.936s][info][gc,phases   ] GC(32)   Merge Heap Roots: 0.06ms
[418.936s][info][gc,phases   ] GC(32)   Evacuate Collection Set: 1.63ms
[418.936s][info][gc,phases   ] GC(32)   Post Evacuate Collection Set: 0.24ms
[418.936s][info][gc,phases   ] GC(32)   Other: 0.08ms
[418.936s][info][gc,heap     ] GC(32) Eden regions: 152->0(152)
[418.936s][info][gc,heap     ] GC(32) Survivor regions: 1->1(20)
[418.936s][info][gc,heap     ] GC(32) Old regions: 72->72
[418.936s][info][gc,heap     ] GC(32) Humongous regions: 0->0
[418.936s][info][gc,metaspace] GC(32) Metaspace: 5529K(5696K)->5529K(5696K) NonClass: 5020K(5120K)->5020K(5120K) Class: 508K(576K)->508K(576K)
[418.936s][info][gc          ] GC(32) Pause Young (Normal) (G1 Evacuation Pause) 224M->72M(258M) 2.297ms
[418.936s][info][gc,cpu      ] GC(32) User=0.00s Sys=0.00s Real=0.00s
[435.706s][info][gc,start    ] GC(33) Pause Young (Normal) (G1 Evacuation Pause)
[435.706s][info][gc,task     ] GC(33) Using 2 workers of 2 for evacuation
[435.710s][info][gc,phases   ] GC(33)   Pre Evacuate Collection Set: 0.19ms
[435.710s][info][gc,phases   ] GC(33)   Merge Heap Roots: 0.09ms
[435.710s][info][gc,phases   ] GC(33)   Evacuate Collection Set: 3.31ms
[435.710s][info][gc,phases   ] GC(33)   Post Evacuate Collection Set: 0.30ms
[435.710s][info][gc,phases   ] GC(33)   Other: 0.10ms
[435.710s][info][gc,heap     ] GC(33) Eden regions: 152->0(151)
[435.710s][info][gc,heap     ] GC(33) Survivor regions: 1->2(20)
[435.710s][info][gc,heap     ] GC(33) Old regions: 72->72
[435.710s][info][gc,heap     ] GC(33) Humongous regions: 0->0
[435.710s][info][gc,metaspace] GC(33) Metaspace: 5529K(5696K)->5529K(5696K) NonClass: 5020K(5120K)->5020K(5120K) Class: 508K(576K)->508K(576K)
[435.710s][info][gc          ] GC(33) Pause Young (Normal) (G1 Evacuation Pause) 224M->72M(258M) 4.163ms
[435.710s][info][gc,cpu      ] GC(33) User=0.00s Sys=0.00s Real=0.00s
[451.298s][info][gc,start    ] GC(34) Pause Young (Normal) (G1 Evacuation Pause)
[451.298s][info][gc,task     ] GC(34) Using 2 workers of 2 for evacuation
[451.301s][info][gc,phases   ] GC(34)   Pre Evacuate Collection Set: 0.15ms
[451.301s][info][gc,phases   ] GC(34)   Merge Heap Roots: 0.06ms
[451.301s][info][gc,phases   ] GC(34)   Evacuate Collection Set: 2.50ms
[451.301s][info][gc,phases   ] GC(34)   Post Evacuate Collection Set: 0.30ms
[451.301s][info][gc,phases   ] GC(34)   Other: 0.07ms
[451.301s][info][gc,heap     ] GC(34) Eden regions: 151->0(151)
[451.301s][info][gc,heap     ] GC(34) Survivor regions: 2->2(20)
[451.301s][info][gc,heap     ] GC(34) Old regions: 72->72
[451.301s][info][gc,heap     ] GC(34) Humongous regions: 0->0
[451.301s][info][gc,metaspace] GC(34) Metaspace: 5529K(5696K)->5529K(5696K) NonClass: 5020K(5120K)->5020K(5120K) Class: 508K(576K)->508K(576K)
[451.301s][info][gc          ] GC(34) Pause Young (Normal) (G1 Evacuation Pause) 223M->73M(258M) 3.230ms
[451.301s][info][gc,cpu      ] GC(34) User=0.01s Sys=0.00s Real=0.00s
[467.046s][info][gc,start    ] GC(35) Pause Young (Normal) (G1 Evacuation Pause)
[467.046s][info][gc,task     ] GC(35) Using 2 workers of 2 for evacuation
[467.052s][info][gc,phases   ] GC(35)   Pre Evacuate Collection Set: 0.18ms
[467.052s][info][gc,phases   ] GC(35)   Merge Heap Roots: 0.06ms
[467.052s][info][gc,phases   ] GC(35)   Evacuate Collection Set: 5.29ms
[467.052s][info][gc,phases   ] GC(35)   Post Evacuate Collection Set: 0.32ms
[467.052s][info][gc,phases   ] GC(35)   Other: 0.07ms
[467.052s][info][gc,heap     ] GC(35) Eden regions: 151->0(150)
[467.052s][info][gc,heap     ] GC(35) Survivor regions: 2->3(20)
[467.052s][info][gc,heap     ] GC(35) Old regions: 72->72
[467.052s][info][gc,heap     ] GC(35) Humongous regions: 0->0
[467.052s][info][gc,metaspace] GC(35) Metaspace: 5529K(5696K)->5529K(5696K) NonClass: 5020K(5120K)->5020K(5120K) Class: 508K(576K)->508K(576K)
[467.052s][info][gc          ] GC(35) Pause Young (Normal) (G1 Evacuation Pause) 224M->73M(258M) 6.073ms
[467.052s][info][gc,cpu      ] GC(35) User=0.00s Sys=0.00s Real=0.00s
[485.832s][info][gc,start    ] GC(36) Pause Young (Normal) (G1 Evacuation Pause)
[485.832s][info][gc,task     ] GC(36) Using 2 workers of 2 for evacuation
[485.850s][info][gc,phases   ] GC(36)   Pre Evacuate Collection Set: 0.17ms
[485.850s][info][gc,phases   ] GC(36)   Merge Heap Roots: 0.07ms
[485.850s][info][gc,phases   ] GC(36)   Evacuate Collection Set: 16.96ms
[485.850s][info][gc,phases   ] GC(36)   Post Evacuate Collection Set: 0.36ms
[485.850s][info][gc,phases   ] GC(36)   Other: 0.06ms
[485.850s][info][gc,heap     ] GC(36) Eden regions: 150->0(139)
[485.850s][info][gc,heap     ] GC(36) Survivor regions: 3->14(20)
[485.850s][info][gc,heap     ] GC(36) Old regions: 72->72
[485.850s][info][gc,heap     ] GC(36) Humongous regions: 0->0
[485.850s][info][gc,metaspace] GC(36) Metaspace: 5541K(5696K)->5541K(5696K) NonClass: 5032K(5120K)->5032K(5120K) Class: 508K(576K)->508K(576K)
[485.850s][info][gc          ] GC(36) Pause Young (Normal) (G1 Evacuation Pause) 223M->85M(258M) 17.790ms
[485.850s][info][gc,cpu      ] GC(36) User=0.04s Sys=0.00s Real=0.02s
[502.343s][info][gc,start    ] GC(37) Pause Young (Normal) (G1 Evacuation Pause)
[502.343s][info][gc,task     ] GC(37) Using 2 workers of 2 for evacuation
[502.365s][info][gc,phases   ] GC(37)   Pre Evacuate Collection Set: 0.13ms
[502.365s][info][gc,phases   ] GC(37)   Merge Heap Roots: 0.07ms
[502.365s][info][gc,phases   ] GC(37)   Evacuate Collection Set: 21.60ms
[502.365s][info][gc,phases   ] GC(37)   Post Evacuate Collection Set: 0.27ms
[502.365s][info][gc,phases   ] GC(37)   Other: 0.06ms
[502.365s][info][gc,heap     ] GC(37) Eden regions: 139->0(152)
[502.365s][info][gc,heap     ] GC(37) Survivor regions: 14->1(20)
[502.365s][info][gc,heap     ] GC(37) Old regions: 72->86
[502.365s][info][gc,heap     ] GC(37) Humongous regions: 0->0
[502.365s][info][gc,metaspace] GC(37) Metaspace: 5541K(5696K)->5541K(5696K) NonClass: 5032K(5120K)->5032K(5120K) Class: 508K(576K)->508K(576K)
[502.365s][info][gc          ] GC(37) Pause Young (Normal) (G1 Evacuation Pause) 224M->86M(258M) 22.300ms
[502.365s][info][gc,cpu      ] GC(37) User=0.04s Sys=0.01s Real=0.02s
[518.612s][info][gc,start    ] GC(38) Pause Young (Normal) (G1 Evacuation Pause)
[518.612s][info][gc,task     ] GC(38) Using 2 workers of 2 for evacuation
[518.614s][info][gc,phases   ] GC(38)   Pre Evacuate Collection Set: 0.14ms
[518.614s][info][gc,phases   ] GC(38)   Merge Heap Roots: 0.06ms
[518.614s][info][gc,phases   ] GC(38)   Evacuate Collection Set: 1.61ms
[518.614s][info][gc,phases   ] GC(38)   Post Evacuate Collection Set: 0.24ms
[518.614s][info][gc,phases   ] GC(38)   Other: 0.06ms
[518.614s][info][gc,heap     ] GC(38) Eden regions: 152->0(152)
[518.614s][info][gc,heap     ] GC(38) Survivor regions: 1->1(20)
[518.614s][info][gc,heap     ] GC(38) Old regions: 86->86
[518.614s][info][gc,heap     ] GC(38) Humongous regions: 0->0
[518.614s][info][gc,metaspace] GC(38) Metaspace: 5541K(5696K)->5541K(5696K) NonClass: 5032K(5120K)->5032K(5120K) Class: 508K(576K)->508K(576K)
[518.614s][info][gc          ] GC(38) Pause Young (Normal) (G1 Evacuation Pause) 238M->86M(258M) 2.249ms
[518.614s][info][gc,cpu      ] GC(38) User=0.00s Sys=0.00s Real=0.01s
[534.607s][info][gc,start    ] GC(39) Pause Young (Normal) (G1 Evacuation Pause)
[534.607s][info][gc,task     ] GC(39) Using 2 workers of 2 for evacuation
[534.610s][info][gc,phases   ] GC(39)   Pre Evacuate Collection Set: 0.16ms
[534.610s][info][gc,phases   ] GC(39)   Merge Heap Roots: 0.06ms
[534.610s][info][gc,phases   ] GC(39)   Evacuate Collection Set: 2.05ms
[534.610s][info][gc,phases   ] GC(39)   Post Evacuate Collection Set: 0.26ms
[534.610s][info][gc,phases   ] GC(39)   Other: 0.06ms
[534.610s][info][gc,heap     ] GC(39) Eden regions: 152->0(151)
[534.610s][info][gc,heap     ] GC(39) Survivor regions: 1->2(20)
[534.610s][info][gc,heap     ] GC(39) Old regions: 86->86
[534.610s][info][gc,heap     ] GC(39) Humongous regions: 0->0
[534.610s][info][gc,metaspace] GC(39) Metaspace: 5541K(5696K)->5541K(5696K) NonClass: 5032K(5120K)->5032K(5120K) Class: 508K(576K)->508K(576K)
[534.610s][info][gc          ] GC(39) Pause Young (Normal) (G1 Evacuation Pause) 238M->86M(258M) 2.752ms
[534.610s][info][gc,cpu      ] GC(39) User=0.00s Sys=0.00s Real=0.00s
[550.559s][info][gc,start    ] GC(40) Pause Young (Normal) (G1 Evacuation Pause)
[550.559s][info][gc,task     ] GC(40) Using 2 workers of 2 for evacuation
[550.563s][info][gc,phases   ] GC(40)   Pre Evacuate Collection Set: 0.16ms
[550.563s][info][gc,phases   ] GC(40)   Merge Heap Roots: 0.05ms
[550.563s][info][gc,phases   ] GC(40)   Evacuate Collection Set: 3.23ms
[550.563s][info][gc,phases   ] GC(40)   Post Evacuate Collection Set: 0.34ms
[550.563s][info][gc,phases   ] GC(40)   Other: 0.06ms
[550.563s][info][gc,heap     ] GC(40) Eden regions: 151->0(151)
[550.563s][info][gc,heap     ] GC(40) Survivor regions: 2->2(20)
[550.563s][info][gc,heap     ] GC(40) Old regions: 86->86
[550.563s][info][gc,heap     ] GC(40) Humongous regions: 0->0
[550.563s][info][gc,metaspace] GC(40) Metaspace: 5541K(5696K)->5541K(5696K) NonClass: 5032K(5120K)->5032K(5120K) Class: 508K(576K)->508K(576K)
[550.563s][info][gc          ] GC(40) Pause Young (Normal) (G1 Evacuation Pause) 237M->87M(258M) 4.022ms
[550.563s][info][gc,cpu      ] GC(40) User=0.00s Sys=0.00s Real=0.01s
[566.208s][info][gc,start    ] GC(41) Pause Young (Normal) (G1 Evacuation Pause)
[566.208s][info][gc,task     ] GC(41) Using 2 workers of 2 for evacuation
[566.211s][info][gc,phases   ] GC(41)   Pre Evacuate Collection Set: 0.14ms
[566.211s][info][gc,phases   ] GC(41)   Merge Heap Roots: 0.07ms
[566.211s][info][gc,phases   ] GC(41)   Evacuate Collection Set: 2.94ms
[566.211s][info][gc,phases   ] GC(41)   Post Evacuate Collection Set: 0.26ms
[566.211s][info][gc,phases   ] GC(41)   Other: 0.08ms
[566.211s][info][gc,heap     ] GC(41) Eden regions: 151->0(150)
[566.211s][info][gc,heap     ] GC(41) Survivor regions: 2->3(20)
[566.211s][info][gc,heap     ] GC(41) Old regions: 86->86
[566.211s][info][gc,heap     ] GC(41) Humongous regions: 0->0
[566.211s][info][gc,metaspace] GC(41) Metaspace: 5541K(5696K)->5541K(5696K) NonClass: 5032K(5120K)->5032K(5120K) Class: 508K(576K)->508K(576K)
[566.212s][info][gc          ] GC(41) Pause Young (Normal) (G1 Evacuation Pause) 238M->87M(258M) 3.649ms
[566.212s][info][gc,cpu      ] GC(41) User=0.00s Sys=0.00s Real=0.00s
[585.463s][info][gc,start    ] GC(42) Pause Young (Normal) (G1 Evacuation Pause)
[585.463s][info][gc,task     ] GC(42) Using 2 workers of 2 for evacuation
[585.496s][info][gc,phases   ] GC(42)   Pre Evacuate Collection Set: 0.15ms
[585.496s][info][gc,phases   ] GC(42)   Merge Heap Roots: 0.06ms
[585.496s][info][gc,phases   ] GC(42)   Evacuate Collection Set: 32.13ms
[585.496s][info][gc,phases   ] GC(42)   Post Evacuate Collection Set: 0.37ms
[585.496s][info][gc,phases   ] GC(42)   Other: 0.06ms
[585.496s][info][gc,heap     ] GC(42) Eden regions: 150->0(130)
[585.496s][info][gc,heap     ] GC(42) Survivor regions: 3->14(20)
[585.496s][info][gc,heap     ] GC(42) Old regions: 86->86
[585.496s][info][gc,heap     ] GC(42) Humongous regions: 0->0
[585.496s][info][gc,metaspace] GC(42) Metaspace: 5547K(5696K)->5547K(5696K) NonClass: 5038K(5120K)->5038K(5120K) Class: 508K(576K)->508K(576K)
[585.496s][info][gc          ] GC(42) Pause Young (Normal) (G1 Evacuation Pause) 237M->99M(258M) 32.934ms
[585.496s][info][gc,cpu      ] GC(42) User=0.03s Sys=0.00s Real=0.03s
[599.965s][info][gc,start    ] GC(43) Pause Young (Normal) (G1 Evacuation Pause)
[599.965s][info][gc,task     ] GC(43) Using 2 workers of 2 for evacuation
[599.983s][info][gc,phases   ] GC(43)   Pre Evacuate Collection Set: 0.15ms
[599.983s][info][gc,phases   ] GC(43)   Merge Heap Roots: 0.05ms
[599.983s][info][gc,phases   ] GC(43)   Evacuate Collection Set: 17.75ms
[599.983s][info][gc,phases   ] GC(43)   Post Evacuate Collection Set: 0.26ms
[599.983s][info][gc,phases   ] GC(43)   Other: 0.06ms
[599.983s][info][gc,heap     ] GC(43) Eden regions: 130->0(142)
[599.983s][info][gc,heap     ] GC(43) Survivor regions: 14->1(18)
[599.983s][info][gc,heap     ] GC(43) Old regions: 86->100
[599.983s][info][gc,heap     ] GC(43) Humongous regions: 0->0
[599.983s][info][gc,metaspace] GC(43) Metaspace: 5547K(5696K)->5547K(5696K) NonClass: 5038K(5120K)->5038K(5120K) Class: 508K(576K)->508K(576K)
[599.983s][info][gc          ] GC(43) Pause Young (Normal) (G1 Evacuation Pause) 229M->100M(258M) 18.432ms
[599.983s][info][gc,cpu      ] GC(43) User=0.03s Sys=0.01s Real=0.02s
[615.340s][info][gc,start    ] GC(44) Pause Young (Normal) (G1 Evacuation Pause)
[615.340s][info][gc,task     ] GC(44) Using 2 workers of 2 for evacuation
[615.342s][info][gc,phases   ] GC(44)   Pre Evacuate Collection Set: 0.16ms
[615.342s][info][gc,phases   ] GC(44)   Merge Heap Roots: 0.13ms
[615.342s][info][gc,phases   ] GC(44)   Evacuate Collection Set: 1.49ms
[615.342s][info][gc,phases   ] GC(44)   Post Evacuate Collection Set: 0.26ms
[615.342s][info][gc,phases   ] GC(44)   Other: 0.06ms
[615.342s][info][gc,heap     ] GC(44) Eden regions: 142->0(142)
[615.342s][info][gc,heap     ] GC(44) Survivor regions: 1->1(18)
[615.342s][info][gc,heap     ] GC(44) Old regions: 100->100
[615.342s][info][gc,heap     ] GC(44) Humongous regions: 0->0
[615.342s][info][gc,metaspace] GC(44) Metaspace: 5547K(5696K)->5547K(5696K) NonClass: 5038K(5120K)->5038K(5120K) Class: 508K(576K)->508K(576K)
[615.342s][info][gc          ] GC(44) Pause Young (Normal) (G1 Evacuation Pause) 242M->100M(258M) 2.274ms
[615.342s][info][gc,cpu      ] GC(44) User=0.00s Sys=0.00s Real=0.00s
[630.466s][info][gc,start    ] GC(45) Pause Young (Normal) (G1 Evacuation Pause)
[630.466s][info][gc,task     ] GC(45) Using 2 workers of 2 for evacuation
[630.469s][info][gc,phases   ] GC(45)   Pre Evacuate Collection Set: 0.13ms
[630.469s][info][gc,phases   ] GC(45)   Merge Heap Roots: 0.07ms
[630.469s][info][gc,phases   ] GC(45)   Evacuate Collection Set: 1.94ms
[630.469s][info][gc,phases   ] GC(45)   Post Evacuate Collection Set: 0.27ms
[630.469s][info][gc,phases   ] GC(45)   Other: 0.07ms
[630.469s][info][gc,heap     ] GC(45) Eden regions: 142->0(140)
[630.469s][info][gc,heap     ] GC(45) Survivor regions: 1->2(18)
[630.469s][info][gc,heap     ] GC(45) Old regions: 100->100
[630.469s][info][gc,heap     ] GC(45) Humongous regions: 0->0
[630.469s][info][gc,metaspace] GC(45) Metaspace: 5547K(5696K)->5547K(5696K) NonClass: 5038K(5120K)->5038K(5120K) Class: 508K(576K)->508K(576K)
[630.469s][info][gc          ] GC(45) Pause Young (Normal) (G1 Evacuation Pause) 242M->100M(258M) 2.635ms
[630.469s][info][gc,cpu      ] GC(45) User=0.01s Sys=0.01s Real=0.00s
[645.448s][info][gc,start    ] GC(46) Pause Young (Normal) (G1 Evacuation Pause)
[645.448s][info][gc,task     ] GC(46) Using 2 workers of 2 for evacuation
[645.451s][info][gc,phases   ] GC(46)   Pre Evacuate Collection Set: 0.14ms
[645.451s][info][gc,phases   ] GC(46)   Merge Heap Roots: 0.06ms
[645.451s][info][gc,phases   ] GC(46)   Evacuate Collection Set: 2.29ms
[645.451s][info][gc,phases   ] GC(46)   Post Evacuate Collection Set: 0.24ms
[645.451s][info][gc,phases   ] GC(46)   Other: 0.06ms
[645.451s][info][gc,heap     ] GC(46) Eden regions: 140->0(140)
[645.451s][info][gc,heap     ] GC(46) Survivor regions: 2->2(18)
[645.451s][info][gc,heap     ] GC(46) Old regions: 100->100
[645.451s][info][gc,heap     ] GC(46) Humongous regions: 0->0
[645.451s][info][gc,metaspace] GC(46) Metaspace: 5547K(5696K)->5547K(5696K) NonClass: 5038K(5120K)->5038K(5120K) Class: 508K(576K)->508K(576K)
[645.451s][info][gc          ] GC(46) Pause Young (Normal) (G1 Evacuation Pause) 240M->101M(258M) 2.939ms
[645.451s][info][gc,cpu      ] GC(46) User=0.01s Sys=0.00s Real=0.00s
[659.955s][info][gc,start    ] GC(47) Pause Young (Normal) (G1 Evacuation Pause)
[659.955s][info][gc,task     ] GC(47) Using 2 workers of 2 for evacuation
[659.958s][info][gc,phases   ] GC(47)   Pre Evacuate Collection Set: 0.17ms
[659.958s][info][gc,phases   ] GC(47)   Merge Heap Roots: 0.06ms
[659.958s][info][gc,phases   ] GC(47)   Evacuate Collection Set: 2.66ms
[659.958s][info][gc,phases   ] GC(47)   Post Evacuate Collection Set: 0.23ms
[659.958s][info][gc,phases   ] GC(47)   Other: 0.06ms
[659.958s][info][gc,heap     ] GC(47) Eden regions: 140->0(138)
[659.958s][info][gc,heap     ] GC(47) Survivor regions: 2->3(18)
[659.958s][info][gc,heap     ] GC(47) Old regions: 100->100
[659.958s][info][gc,heap     ] GC(47) Humongous regions: 0->0
[659.958s][info][gc,metaspace] GC(47) Metaspace: 5547K(5696K)->5547K(5696K) NonClass: 5038K(5120K)->5038K(5120K) Class: 508K(576K)->508K(576K)
[659.958s][info][gc          ] GC(47) Pause Young (Normal) (G1 Evacuation Pause) 241M->101M(258M) 3.338ms
[659.958s][info][gc,cpu      ] GC(47) User=0.01s Sys=0.00s Real=0.00s
[677.406s][info][gc,start    ] GC(48) Pause Young (Normal) (G1 Evacuation Pause)
[677.406s][info][gc,task     ] GC(48) Using 2 workers of 2 for evacuation
[677.423s][info][gc,phases   ] GC(48)   Pre Evacuate Collection Set: 0.14ms
[677.423s][info][gc,phases   ] GC(48)   Merge Heap Roots: 0.07ms
[677.423s][info][gc,phases   ] GC(48)   Evacuate Collection Set: 15.89ms
[677.423s][info][gc,phases   ] GC(48)   Post Evacuate Collection Set: 0.28ms
[677.423s][info][gc,phases   ] GC(48)   Other: 0.10ms
[677.423s][info][gc,heap     ] GC(48) Eden regions: 138->0(116)
[677.423s][info][gc,heap     ] GC(48) Survivor regions: 3->14(18)
[677.423s][info][gc,heap     ] GC(48) Old regions: 100->100
[677.423s][info][gc,heap     ] GC(48) Humongous regions: 0->0
[677.423s][info][gc,metaspace] GC(48) Metaspace: 5608K(5760K)->5608K(5760K) NonClass: 5098K(5184K)->5098K(5184K) Class: 509K(576K)->509K(576K)
[677.423s][info][gc          ] GC(48) Pause Young (Normal) (G1 Evacuation Pause) 239M->112M(258M) 16.679ms
[677.423s][info][gc,cpu      ] GC(48) User=0.03s Sys=0.00s Real=0.02s
[691.144s][info][gc,start    ] GC(49) Pause Young (Normal) (G1 Evacuation Pause)
[691.144s][info][gc,task     ] GC(49) Using 2 workers of 2 for evacuation
[691.160s][info][gc,phases   ] GC(49)   Pre Evacuate Collection Set: 0.14ms
[691.160s][info][gc,phases   ] GC(49)   Merge Heap Roots: 0.05ms
[691.160s][info][gc,phases   ] GC(49)   Evacuate Collection Set: 15.22ms
[691.160s][info][gc,phases   ] GC(49)   Post Evacuate Collection Set: 0.24ms
[691.160s][info][gc,phases   ] GC(49)   Other: 0.07ms
[691.160s][info][gc,heap     ] GC(49) Eden regions: 116->0(128)
[691.160s][info][gc,heap     ] GC(49) Survivor regions: 14->1(17)
[691.160s][info][gc,heap     ] GC(49) Old regions: 100->114
[691.160s][info][gc,heap     ] GC(49) Humongous regions: 0->0
[691.160s][info][gc,metaspace] GC(49) Metaspace: 5608K(5760K)->5608K(5760K) NonClass: 5098K(5184K)->5098K(5184K) Class: 509K(576K)->509K(576K)
[691.160s][info][gc          ] GC(49) Pause Young (Normal) (G1 Evacuation Pause) 228M->113M(258M) 15.881ms
[691.160s][info][gc,cpu      ] GC(49) User=0.04s Sys=0.00s Real=0.01s
[704.451s][info][gc,start    ] GC(50) Pause Young (Normal) (G1 Evacuation Pause)
[704.451s][info][gc,task     ] GC(50) Using 2 workers of 2 for evacuation
[704.453s][info][gc,phases   ] GC(50)   Pre Evacuate Collection Set: 0.14ms
[704.453s][info][gc,phases   ] GC(50)   Merge Heap Roots: 0.06ms
[704.453s][info][gc,phases   ] GC(50)   Evacuate Collection Set: 1.40ms
[704.453s][info][gc,phases   ] GC(50)   Post Evacuate Collection Set: 0.25ms
[704.453s][info][gc,phases   ] GC(50)   Other: 0.07ms
[704.453s][info][gc,heap     ] GC(50) Eden regions: 128->0(128)
[704.453s][info][gc,heap     ] GC(50) Survivor regions: 1->1(17)
[704.453s][info][gc,heap     ] GC(50) Old regions: 114->114
[704.453s][info][gc,heap     ] GC(50) Humongous regions: 0->0
[704.453s][info][gc,metaspace] GC(50) Metaspace: 5608K(5760K)->5608K(5760K) NonClass: 5098K(5184K)->5098K(5184K) Class: 509K(576K)->509K(576K)
[704.453s][info][gc          ] GC(50) Pause Young (Normal) (G1 Evacuation Pause) 241M->113M(258M) 2.099ms
[704.453s][info][gc,cpu      ] GC(50) User=0.00s Sys=0.00s Real=0.01s
[718.224s][info][gc,start    ] GC(51) Pause Young (Normal) (G1 Evacuation Pause)
[718.224s][info][gc,task     ] GC(51) Using 2 workers of 2 for evacuation
[718.229s][info][gc,phases   ] GC(51)   Pre Evacuate Collection Set: 0.18ms
[718.229s][info][gc,phases   ] GC(51)   Merge Heap Roots: 0.05ms
[718.229s][info][gc,phases   ] GC(51)   Evacuate Collection Set: 4.49ms
[718.229s][info][gc,phases   ] GC(51)   Post Evacuate Collection Set: 0.28ms
[718.229s][info][gc,phases   ] GC(51)   Other: 0.06ms
[718.229s][info][gc,heap     ] GC(51) Eden regions: 128->0(126)
[718.229s][info][gc,heap     ] GC(51) Survivor regions: 1->2(17)
[718.229s][info][gc,heap     ] GC(51) Old regions: 114->114
[718.229s][info][gc,heap     ] GC(51) Humongous regions: 0->0
[718.229s][info][gc,metaspace] GC(51) Metaspace: 5608K(5760K)->5608K(5760K) NonClass: 5098K(5184K)->5098K(5184K) Class: 509K(576K)->509K(576K)
[718.229s][info][gc          ] GC(51) Pause Young (Normal) (G1 Evacuation Pause) 241M->113M(258M) 5.209ms
[718.229s][info][gc,cpu      ] GC(51) User=0.00s Sys=0.00s Real=0.00s
[731.558s][info][gc,start    ] GC(52) Pause Young (Normal) (G1 Evacuation Pause)
[731.558s][info][gc,task     ] GC(52) Using 2 workers of 2 for evacuation
[731.562s][info][gc,phases   ] GC(52)   Pre Evacuate Collection Set: 0.17ms
[731.562s][info][gc,phases   ] GC(52)   Merge Heap Roots: 0.06ms
[731.562s][info][gc,phases   ] GC(52)   Evacuate Collection Set: 2.90ms
[731.562s][info][gc,phases   ] GC(52)   Post Evacuate Collection Set: 0.33ms
[731.562s][info][gc,phases   ] GC(52)   Other: 0.09ms
[731.562s][info][gc,heap     ] GC(52) Eden regions: 126->0(126)
[731.562s][info][gc,heap     ] GC(52) Survivor regions: 2->2(16)
[731.562s][info][gc,heap     ] GC(52) Old regions: 114->114
[731.562s][info][gc,heap     ] GC(52) Humongous regions: 0->0
[731.562s][info][gc,metaspace] GC(52) Metaspace: 5608K(5760K)->5608K(5760K) NonClass: 5098K(5184K)->5098K(5184K) Class: 509K(576K)->509K(576K)
[731.562s][info][gc          ] GC(52) Pause Young (Normal) (G1 Evacuation Pause) 239M->114M(258M) 3.736ms
[731.562s][info][gc,cpu      ] GC(52) User=0.00s Sys=0.00s Real=0.00s
[744.881s][info][gc,start    ] GC(53) Pause Young (Normal) (G1 Evacuation Pause)
[744.881s][info][gc,task     ] GC(53) Using 2 workers of 2 for evacuation
[744.885s][info][gc,phases   ] GC(53)   Pre Evacuate Collection Set: 0.16ms
[744.885s][info][gc,phases   ] GC(53)   Merge Heap Roots: 0.05ms
[744.885s][info][gc,phases   ] GC(53)   Evacuate Collection Set: 3.08ms
[744.885s][info][gc,phases   ] GC(53)   Post Evacuate Collection Set: 0.30ms
[744.885s][info][gc,phases   ] GC(53)   Other: 0.06ms
[744.885s][info][gc,heap     ] GC(53) Eden regions: 126->0(124)
[744.885s][info][gc,heap     ] GC(53) Survivor regions: 2->3(16)
[744.885s][info][gc,heap     ] GC(53) Old regions: 114->114
[744.885s][info][gc,heap     ] GC(53) Humongous regions: 0->0
[744.885s][info][gc,metaspace] GC(53) Metaspace: 5608K(5760K)->5608K(5760K) NonClass: 5098K(5184K)->5098K(5184K) Class: 509K(576K)->509K(576K)
[744.885s][info][gc          ] GC(53) Pause Young (Normal) (G1 Evacuation Pause) 240M->114M(258M) 3.812ms
[744.885s][info][gc,cpu      ] GC(53) User=0.00s Sys=0.00s Real=0.01s
[757.906s][info][gc,start    ] GC(54) Pause Young (Normal) (G1 Evacuation Pause)
[757.906s][info][gc,task     ] GC(54) Using 2 workers of 2 for evacuation
[757.909s][info][gc,phases   ] GC(54)   Pre Evacuate Collection Set: 0.13ms
[757.909s][info][gc,phases   ] GC(54)   Merge Heap Roots: 0.06ms
[757.909s][info][gc,phases   ] GC(54)   Evacuate Collection Set: 2.94ms
[757.909s][info][gc,phases   ] GC(54)   Post Evacuate Collection Set: 0.23ms
[757.909s][info][gc,phases   ] GC(54)   Other: 0.06ms
[757.909s][info][gc,heap     ] GC(54) Eden regions: 124->0(124)
[757.909s][info][gc,heap     ] GC(54) Survivor regions: 3->3(16)
[757.909s][info][gc,heap     ] GC(54) Old regions: 114->114
[757.909s][info][gc,heap     ] GC(54) Humongous regions: 0->0
[757.909s][info][gc,metaspace] GC(54) Metaspace: 5608K(5760K)->5608K(5760K) NonClass: 5098K(5184K)->5098K(5184K) Class: 509K(576K)->509K(576K)
[757.909s][info][gc          ] GC(54) Pause Young (Normal) (G1 Evacuation Pause) 238M->115M(258M) 3.583ms
[757.909s][info][gc,cpu      ] GC(54) User=0.00s Sys=0.00s Real=0.00s
[774.448s][info][gc,start    ] GC(55) Pause Young (Normal) (G1 Evacuation Pause)
[774.448s][info][gc,task     ] GC(55) Using 2 workers of 2 for evacuation
[774.475s][info][gc,phases   ] GC(55)   Pre Evacuate Collection Set: 0.19ms
[774.475s][info][gc,phases   ] GC(55)   Merge Heap Roots: 0.07ms
[774.475s][info][gc,phases   ] GC(55)   Evacuate Collection Set: 25.65ms
[774.475s][info][gc,phases   ] GC(55)   Post Evacuate Collection Set: 0.28ms
[774.475s][info][gc,phases   ] GC(55)   Other: 0.06ms
[774.475s][info][gc,heap     ] GC(55) Eden regions: 124->0(102)
[774.475s][info][gc,heap     ] GC(55) Survivor regions: 3->14(16)
[774.475s][info][gc,heap     ] GC(55) Old regions: 114->114
[774.475s][info][gc,heap     ] GC(55) Humongous regions: 0->0
[774.475s][info][gc,metaspace] GC(55) Metaspace: 5612K(5760K)->5612K(5760K) NonClass: 5102K(5184K)->5102K(5184K) Class: 509K(576K)->509K(576K)
[774.475s][info][gc          ] GC(55) Pause Young (Normal) (G1 Evacuation Pause) 239M->126M(258M) 26.417ms
[774.475s][info][gc,cpu      ] GC(55) User=0.03s Sys=0.00s Real=0.03s
[786.493s][info][gc,start    ] GC(56) Pause Young (Normal) (G1 Evacuation Pause)
[786.493s][info][gc,task     ] GC(56) Using 2 workers of 2 for evacuation
[786.509s][info][gc,phases   ] GC(56)   Pre Evacuate Collection Set: 0.13ms
[786.509s][info][gc,phases   ] GC(56)   Merge Heap Roots: 0.07ms
[786.509s][info][gc,phases   ] GC(56)   Evacuate Collection Set: 15.41ms
[786.509s][info][gc,phases   ] GC(56)   Post Evacuate Collection Set: 0.24ms
[786.509s][info][gc,phases   ] GC(56)   Other: 0.09ms
[786.509s][info][gc,heap     ] GC(56) Eden regions: 102->0(114)
[786.509s][info][gc,heap     ] GC(56) Survivor regions: 14->1(15)
[786.509s][info][gc,heap     ] GC(56) Old regions: 114->128
[786.509s][info][gc,heap     ] GC(56) Humongous regions: 0->0
[786.509s][info][gc,metaspace] GC(56) Metaspace: 5612K(5760K)->5612K(5760K) NonClass: 5102K(5184K)->5102K(5184K) Class: 509K(576K)->509K(576K)
[786.509s][info][gc          ] GC(56) Pause Young (Normal) (G1 Evacuation Pause) 228M->127M(258M) 16.085ms
[786.509s][info][gc,cpu      ] GC(56) User=0.03s Sys=0.00s Real=0.01s
[798.424s][info][gc,start    ] GC(57) Pause Young (Concurrent Start) (G1 Evacuation Pause)
[798.424s][info][gc,task     ] GC(57) Using 2 workers of 2 for evacuation
[798.427s][info][gc,phases   ] GC(57)   Pre Evacuate Collection Set: 0.19ms
[798.427s][info][gc,phases   ] GC(57)   Merge Heap Roots: 0.08ms
[798.427s][info][gc,phases   ] GC(57)   Evacuate Collection Set: 1.96ms
[798.427s][info][gc,phases   ] GC(57)   Post Evacuate Collection Set: 0.23ms
[798.427s][info][gc,phases   ] GC(57)   Other: 0.11ms
[798.427s][info][gc,heap     ] GC(57) Eden regions: 114->0(114)
[798.427s][info][gc,heap     ] GC(57) Survivor regions: 1->1(15)
[798.427s][info][gc,heap     ] GC(57) Old regions: 128->128
[798.427s][info][gc,heap     ] GC(57) Humongous regions: 0->0
[798.427s][info][gc,metaspace] GC(57) Metaspace: 5612K(5760K)->5612K(5760K) NonClass: 5102K(5184K)->5102K(5184K) Class: 509K(576K)->509K(576K)
[798.427s][info][gc          ] GC(57) Pause Young (Concurrent Start) (G1 Evacuation Pause) 241M->127M(258M) 2.715ms
[798.427s][info][gc,cpu      ] GC(57) User=0.01s Sys=0.00s Real=0.00s
[798.427s][info][gc          ] GC(58) Concurrent Mark Cycle
[798.427s][info][gc,marking  ] GC(58) Concurrent Scan Root Regions
[798.430s][info][gc,marking  ] GC(58) Concurrent Scan Root Regions 2.330ms
[798.430s][info][gc,marking  ] GC(58) Concurrent Mark
[798.430s][info][gc,marking  ] GC(58) Concurrent Mark From Roots
[798.430s][info][gc,task     ] GC(58) Using 1 workers of 1 for marking
[798.461s][info][gc,marking  ] GC(58) Concurrent Mark From Roots 31.185ms
[798.461s][info][gc,marking  ] GC(58) Concurrent Preclean
[798.461s][info][gc,marking  ] GC(58) Concurrent Preclean 0.025ms
[798.461s][info][gc,start    ] GC(58) Pause Remark
[798.466s][info][gc          ] GC(58) Pause Remark 129M->37M(256M) 5.241ms
[798.466s][info][gc,cpu      ] GC(58) User=0.00s Sys=0.00s Real=0.01s
[798.466s][info][gc,marking  ] GC(58) Concurrent Mark 36.693ms
[798.466s][info][gc,marking  ] GC(58) Concurrent Rebuild Remembered Sets and Scrub Regions
[798.478s][info][gc,marking  ] GC(58) Concurrent Rebuild Remembered Sets and Scrub Regions 11.202ms
[798.478s][info][gc,start    ] GC(58) Pause Cleanup
[798.478s][info][gc          ] GC(58) Pause Cleanup 37M->37M(256M) 0.034ms
[798.478s][info][gc,cpu      ] GC(58) User=0.00s Sys=0.00s Real=0.00s
[798.478s][info][gc,marking  ] GC(58) Concurrent Clear Claimed Marks
[798.478s][info][gc,marking  ] GC(58) Concurrent Clear Claimed Marks 0.013ms
[798.478s][info][gc,marking  ] GC(58) Concurrent Cleanup for Next Mark
[798.483s][info][gc,marking  ] GC(58) Concurrent Cleanup for Next Mark 5.440ms
[798.483s][info][gc          ] GC(58) Concurrent Mark Cycle 55.990ms
[810.777s][info][gc,start    ] GC(59) Pause Young (Prepare Mixed) (G1 Evacuation Pause)
[810.777s][info][gc,task     ] GC(59) Using 2 workers of 2 for evacuation
[810.779s][info][gc,phases   ] GC(59)   Pre Evacuate Collection Set: 0.15ms
[810.779s][info][gc,phases   ] GC(59)   Merge Heap Roots: 0.07ms
[810.779s][info][gc,phases   ] GC(59)   Evacuate Collection Set: 1.98ms
[810.779s][info][gc,phases   ] GC(59)   Post Evacuate Collection Set: 0.25ms
[810.779s][info][gc,phases   ] GC(59)   Other: 0.06ms
[810.779s][info][gc,heap     ] GC(59) Eden regions: 114->0(151)
[810.779s][info][gc,heap     ] GC(59) Survivor regions: 1->2(15)
[810.779s][info][gc,heap     ] GC(59) Old regions: 36->36
[810.779s][info][gc,heap     ] GC(59) Humongous regions: 0->0
[810.779s][info][gc,metaspace] GC(59) Metaspace: 5612K(5760K)->5612K(5760K) NonClass: 5102K(5184K)->5102K(5184K) Class: 509K(576K)->509K(576K)
[810.779s][info][gc          ] GC(59) Pause Young (Prepare Mixed) (G1 Evacuation Pause) 149M->35M(256M) 2.673ms
[810.779s][info][gc,cpu      ] GC(59) User=0.00s Sys=0.00s Real=0.00s
[826.685s][info][gc,start    ] GC(60) Pause Young (Mixed) (G1 Evacuation Pause)
[826.685s][info][gc,task     ] GC(60) Using 2 workers of 2 for evacuation
[826.689s][info][gc,phases   ] GC(60)   Pre Evacuate Collection Set: 0.16ms
[826.689s][info][gc,phases   ] GC(60)   Merge Heap Roots: 0.06ms
[826.689s][info][gc,phases   ] GC(60)   Evacuate Collection Set: 3.58ms
[826.689s][info][gc,phases   ] GC(60)   Post Evacuate Collection Set: 0.27ms
[826.689s][info][gc,phases   ] GC(60)   Other: 0.06ms
[826.689s][info][gc,heap     ] GC(60) Eden regions: 151->0(151)
[826.689s][info][gc,heap     ] GC(60) Survivor regions: 2->2(20)
[826.689s][info][gc,heap     ] GC(60) Old regions: 36->29
[826.689s][info][gc,heap     ] GC(60) Humongous regions: 0->0
[826.689s][info][gc,metaspace] GC(60) Metaspace: 5612K(5760K)->5612K(5760K) NonClass: 5102K(5184K)->5102K(5184K) Class: 509K(576K)->509K(576K)
[826.689s][info][gc          ] GC(60) Pause Young (Mixed) (G1 Evacuation Pause) 186M->28M(256M) 4.287ms
[826.689s][info][gc,cpu      ] GC(60) User=0.00s Sys=0.00s Real=0.00s
[842.274s][info][gc,start    ] GC(61) Pause Young (Normal) (G1 Evacuation Pause)
[842.274s][info][gc,task     ] GC(61) Using 2 workers of 2 for evacuation
[842.277s][info][gc,phases   ] GC(61)   Pre Evacuate Collection Set: 0.13ms
[842.277s][info][gc,phases   ] GC(61)   Merge Heap Roots: 0.06ms
[842.277s][info][gc,phases   ] GC(61)   Evacuate Collection Set: 2.62ms
[842.277s][info][gc,phases   ] GC(61)   Post Evacuate Collection Set: 0.25ms
[842.277s][info][gc,phases   ] GC(61)   Other: 0.07ms
[842.277s][info][gc,heap     ] GC(61) Eden regions: 151->0(150)
[842.277s][info][gc,heap     ] GC(61) Survivor regions: 2->3(20)
[842.277s][info][gc,heap     ] GC(61) Old regions: 29->29
[842.277s][info][gc,heap     ] GC(61) Humongous regions: 0->0
[842.277s][info][gc,metaspace] GC(61) Metaspace: 5612K(5760K)->5612K(5760K) NonClass: 5102K(5184K)->5102K(5184K) Class: 509K(576K)->509K(576K)
[842.277s][info][gc          ] GC(61) Pause Young (Normal) (G1 Evacuation Pause) 179M->28M(256M) 3.280ms
[842.277s][info][gc,cpu      ] GC(61) User=0.00s Sys=0.00s Real=0.00s
[858.205s][info][gc,start    ] GC(62) Pause Young (Normal) (G1 Evacuation Pause)
[858.205s][info][gc,task     ] GC(62) Using 2 workers of 2 for evacuation
[858.210s][info][gc,phases   ] GC(62)   Pre Evacuate Collection Set: 0.15ms
[858.210s][info][gc,phases   ] GC(62)   Merge Heap Roots: 0.06ms
[858.210s][info][gc,phases   ] GC(62)   Evacuate Collection Set: 4.08ms
[858.210s][info][gc,phases   ] GC(62)   Post Evacuate Collection Set: 0.29ms
[858.210s][info][gc,phases   ] GC(62)   Other: 0.08ms
[858.210s][info][gc,heap     ] GC(62) Eden regions: 150->0(150)
[858.210s][info][gc,heap     ] GC(62) Survivor regions: 3->3(20)
[858.210s][info][gc,heap     ] GC(62) Old regions: 29->29
[858.210s][info][gc,heap     ] GC(62) Humongous regions: 0->0
[858.210s][info][gc,metaspace] GC(62) Metaspace: 5612K(5760K)->5612K(5760K) NonClass: 5102K(5184K)->5102K(5184K) Class: 509K(576K)->509K(576K)
[858.210s][info][gc          ] GC(62) Pause Young (Normal) (G1 Evacuation Pause) 178M->29M(256M) 4.816ms
[858.210s][info][gc,cpu      ] GC(62) User=0.01s Sys=0.00s Real=0.00s
[878.335s][info][gc,start    ] GC(63) Pause Young (Normal) (G1 Evacuation Pause)
[878.336s][info][gc,task     ] GC(63) Using 2 workers of 2 for evacuation
[878.353s][info][gc,phases   ] GC(63)   Pre Evacuate Collection Set: 0.16ms
[878.353s][info][gc,phases   ] GC(63)   Merge Heap Roots: 0.06ms
[878.353s][info][gc,phases   ] GC(63)   Evacuate Collection Set: 17.11ms
[878.353s][info][gc,phases   ] GC(63)   Post Evacuate Collection Set: 0.31ms
[878.353s][info][gc,phases   ] GC(63)   Other: 0.07ms
[878.353s][info][gc,heap     ] GC(63) Eden regions: 150->0(139)
[878.353s][info][gc,heap     ] GC(63) Survivor regions: 3->14(20)
[878.353s][info][gc,heap     ] GC(63) Old regions: 29->29
[878.353s][info][gc,heap     ] GC(63) Humongous regions: 0->0
[878.353s][info][gc,metaspace] GC(63) Metaspace: 5618K(5760K)->5618K(5760K) NonClass: 5108K(5184K)->5108K(5184K) Class: 509K(576K)->509K(576K)
[878.353s][info][gc          ] GC(63) Pause Young (Normal) (G1 Evacuation Pause) 179M->40M(256M) 17.902ms
[878.353s][info][gc,cpu      ] GC(63) User=0.04s Sys=0.00s Real=0.02s
[892.663s][info][gc,start    ] GC(64) Pause Young (Normal) (G1 Evacuation Pause)
[892.663s][info][gc,task     ] GC(64) Using 2 workers of 2 for evacuation
[892.679s][info][gc,phases   ] GC(64)   Pre Evacuate Collection Set: 0.15ms
[892.679s][info][gc,phases   ] GC(64)   Merge Heap Roots: 0.06ms
[892.679s][info][gc,phases   ] GC(64)   Evacuate Collection Set: 15.43ms
[892.679s][info][gc,phases   ] GC(64)   Post Evacuate Collection Set: 0.37ms
[892.679s][info][gc,phases   ] GC(64)   Other: 0.07ms
[892.679s][info][gc,heap     ] GC(64) Eden regions: 139->0(152)
[892.679s][info][gc,heap     ] GC(64) Survivor regions: 14->1(20)
[892.679s][info][gc,heap     ] GC(64) Old regions: 29->42
[892.679s][info][gc,heap     ] GC(64) Humongous regions: 0->0
[892.679s][info][gc,metaspace] GC(64) Metaspace: 5618K(5760K)->5618K(5760K) NonClass: 5108K(5184K)->5108K(5184K) Class: 509K(576K)->509K(576K)
[892.679s][info][gc          ] GC(64) Pause Young (Normal) (G1 Evacuation Pause) 179M->41M(256M) 16.246ms
[892.679s][info][gc,cpu      ] GC(64) User=0.04s Sys=0.00s Real=0.01s
[909.108s][info][gc,start    ] GC(65) Pause Young (Normal) (G1 Evacuation Pause)
[909.108s][info][gc,task     ] GC(65) Using 2 workers of 2 for evacuation
[909.111s][info][gc,phases   ] GC(65)   Pre Evacuate Collection Set: 0.13ms
[909.111s][info][gc,phases   ] GC(65)   Merge Heap Roots: 0.07ms
[909.111s][info][gc,phases   ] GC(65)   Evacuate Collection Set: 1.57ms
[909.111s][info][gc,phases   ] GC(65)   Post Evacuate Collection Set: 0.27ms
[909.111s][info][gc,phases   ] GC(65)   Other: 0.08ms
[909.111s][info][gc,heap     ] GC(65) Eden regions: 152->0(152)
[909.111s][info][gc,heap     ] GC(65) Survivor regions: 1->1(20)
[909.111s][info][gc,heap     ] GC(65) Old regions: 42->42
[909.111s][info][gc,heap     ] GC(65) Humongous regions: 0->0
[909.111s][info][gc,metaspace] GC(65) Metaspace: 5618K(5760K)->5618K(5760K) NonClass: 5108K(5184K)->5108K(5184K) Class: 509K(576K)->509K(576K)
[909.111s][info][gc          ] GC(65) Pause Young (Normal) (G1 Evacuation Pause) 193M->41M(256M) 2.280ms
[909.111s][info][gc,cpu      ] GC(65) User=0.01s Sys=0.00s Real=0.00s
[925.451s][info][gc,start    ] GC(66) Pause Young (Normal) (G1 Evacuation Pause)
[925.451s][info][gc,task     ] GC(66) Using 2 workers of 2 for evacuation
[925.454s][info][gc,phases   ] GC(66)   Pre Evacuate Collection Set: 0.16ms
[925.454s][info][gc,phases   ] GC(66)   Merge Heap Roots: 0.07ms
[925.454s][info][gc,phases   ] GC(66)   Evacuate Collection Set: 2.03ms
[925.454s][info][gc,phases   ] GC(66)   Post Evacuate Collection Set: 0.24ms
[925.454s][info][gc,phases   ] GC(66)   Other: 0.07ms
[925.454s][info][gc,heap     ] GC(66) Eden regions: 152->0(151)
[925.454s][info][gc,heap     ] GC(66) Survivor regions: 1->2(20)
[925.454s][info][gc,heap     ] GC(66) Old regions: 42->42
[925.454s][info][gc,heap     ] GC(66) Humongous regions: 0->0
[925.454s][info][gc,metaspace] GC(66) Metaspace: 5618K(5760K)->5618K(5760K) NonClass: 5108K(5184K)->5108K(5184K) Class: 509K(576K)->509K(576K)
[925.454s][info][gc          ] GC(66) Pause Young (Normal) (G1 Evacuation Pause) 193M->41M(256M) 2.724ms
[925.454s][info][gc,cpu      ] GC(66) User=0.00s Sys=0.00s Real=0.01s
[941.817s][info][gc,start    ] GC(67) Pause Young (Normal) (G1 Evacuation Pause)
[941.817s][info][gc,task     ] GC(67) Using 2 workers of 2 for evacuation
[941.820s][info][gc,phases   ] GC(67)   Pre Evacuate Collection Set: 0.14ms
[941.820s][info][gc,phases   ] GC(67)   Merge Heap Roots: 0.06ms
[941.820s][info][gc,phases   ] GC(67)   Evacuate Collection Set: 2.44ms
[941.820s][info][gc,phases   ] GC(67)   Post Evacuate Collection Set: 0.26ms
[941.820s][info][gc,phases   ] GC(67)   Other: 0.09ms
[941.820s][info][gc,heap     ] GC(67) Eden regions: 151->0(151)
[941.820s][info][gc,heap     ] GC(67) Survivor regions: 2->2(20)
[941.820s][info][gc,heap     ] GC(67) Old regions: 42->42
[941.820s][info][gc,heap     ] GC(67) Humongous regions: 0->0
[941.820s][info][gc,metaspace] GC(67) Metaspace: 5618K(5760K)->5618K(5760K) NonClass: 5108K(5184K)->5108K(5184K) Class: 509K(576K)->509K(576K)
[941.820s][info][gc          ] GC(67) Pause Young (Normal) (G1 Evacuation Pause) 192M->42M(256M) 3.136ms
[941.820s][info][gc,cpu      ] GC(67) User=0.00s Sys=0.00s Real=0.00s
[958.541s][info][gc,start    ] GC(68) Pause Young (Normal) (G1 Evacuation Pause)
[958.541s][info][gc,task     ] GC(68) Using 2 workers of 2 for evacuation
[958.558s][info][gc,phases   ] GC(68)   Pre Evacuate Collection Set: 0.13ms
[958.558s][info][gc,phases   ] GC(68)   Merge Heap Roots: 0.07ms
[958.558s][info][gc,phases   ] GC(68)   Evacuate Collection Set: 16.17ms
[958.558s][info][gc,phases   ] GC(68)   Post Evacuate Collection Set: 0.28ms
[958.558s][info][gc,phases   ] GC(68)   Other: 0.07ms
[958.558s][info][gc,heap     ] GC(68) Eden regions: 151->0(139)
[958.558s][info][gc,heap     ] GC(68) Survivor regions: 2->14(20)
[958.558s][info][gc,heap     ] GC(68) Old regions: 42->42
[958.558s][info][gc,heap     ] GC(68) Humongous regions: 0->0
[958.558s][info][gc,metaspace] GC(68) Metaspace: 5622K(5760K)->5622K(5760K) NonClass: 5112K(5184K)->5112K(5184K) Class: 509K(576K)->509K(576K)
[958.558s][info][gc          ] GC(68) Pause Young (Normal) (G1 Evacuation Pause) 193M->53M(256M) 16.871ms
[958.558s][info][gc,cpu      ] GC(68) User=0.03s Sys=0.00s Real=0.02s
[976.597s][info][gc,start    ] GC(69) Pause Young (Normal) (G1 Evacuation Pause)
[976.597s][info][gc,task     ] GC(69) Using 2 workers of 2 for evacuation
[976.613s][info][gc,phases   ] GC(69)   Pre Evacuate Collection Set: 0.16ms
[976.613s][info][gc,phases   ] GC(69)   Merge Heap Roots: 0.05ms
[976.613s][info][gc,phases   ] GC(69)   Evacuate Collection Set: 15.80ms
[976.613s][info][gc,phases   ] GC(69)   Post Evacuate Collection Set: 0.26ms
[976.613s][info][gc,phases   ] GC(69)   Other: 0.07ms
[976.613s][info][gc,heap     ] GC(69) Eden regions: 139->0(152)
[976.613s][info][gc,heap     ] GC(69) Survivor regions: 14->1(20)
[976.613s][info][gc,heap     ] GC(69) Old regions: 42->55
[976.613s][info][gc,heap     ] GC(69) Humongous regions: 0->0
[976.613s][info][gc,metaspace] GC(69) Metaspace: 5622K(5760K)->5622K(5760K) NonClass: 5112K(5184K)->5112K(5184K) Class: 509K(576K)->509K(576K)
[976.613s][info][gc          ] GC(69) Pause Young (Normal) (G1 Evacuation Pause) 192M->54M(256M) 16.508ms
[976.613s][info][gc,cpu      ] GC(69) User=0.03s Sys=0.00s Real=0.02s
[992.540s][info][gc,start    ] GC(70) Pause Young (Normal) (G1 Evacuation Pause)
[992.540s][info][gc,task     ] GC(70) Using 2 workers of 2 for evacuation
[992.542s][info][gc,phases   ] GC(70)   Pre Evacuate Collection Set: 0.14ms
[992.542s][info][gc,phases   ] GC(70)   Merge Heap Roots: 0.08ms
[992.542s][info][gc,phases   ] GC(70)   Evacuate Collection Set: 1.61ms
[992.542s][info][gc,phases   ] GC(70)   Post Evacuate Collection Set: 0.27ms
[992.542s][info][gc,phases   ] GC(70)   Other: 0.06ms
[992.542s][info][gc,heap     ] GC(70) Eden regions: 152->0(152)
[992.542s][info][gc,heap     ] GC(70) Survivor regions: 1->1(20)
[992.542s][info][gc,heap     ] GC(70) Old regions: 55->55
[992.542s][info][gc,heap     ] GC(70) Humongous regions: 0->0
[992.542s][info][gc,metaspace] GC(70) Metaspace: 5622K(5760K)->5622K(5760K) NonClass: 5112K(5184K)->5112K(5184K) Class: 509K(576K)->509K(576K)
[992.542s][info][gc          ] GC(70) Pause Young (Normal) (G1 Evacuation Pause) 206M->54M(256M) 2.315ms
[992.542s][info][gc,cpu      ] GC(70) User=0.01s Sys=0.00s Real=0.00s
[1008.844s][info][gc,start    ] GC(71) Pause Young (Normal) (G1 Evacuation Pause)
[1008.844s][info][gc,task     ] GC(71) Using 2 workers of 2 for evacuation
[1008.846s][info][gc,phases   ] GC(71)   Pre Evacuate Collection Set: 0.14ms
[1008.846s][info][gc,phases   ] GC(71)   Merge Heap Roots: 0.06ms
[1008.846s][info][gc,phases   ] GC(71)   Evacuate Collection Set: 2.12ms
[1008.846s][info][gc,phases   ] GC(71)   Post Evacuate Collection Set: 0.26ms
[1008.846s][info][gc,phases   ] GC(71)   Other: 0.06ms
[1008.846s][info][gc,heap     ] GC(71) Eden regions: 152->0(151)
[1008.847s][info][gc,heap     ] GC(71) Survivor regions: 1->2(20)
[1008.847s][info][gc,heap     ] GC(71) Old regions: 55->55
[1008.847s][info][gc,heap     ] GC(71) Humongous regions: 0->0
[1008.847s][info][gc,metaspace] GC(71) Metaspace: 5622K(5760K)->5622K(5760K) NonClass: 5112K(5184K)->5112K(5184K) Class: 509K(576K)->509K(576K)
[1008.847s][info][gc          ] GC(71) Pause Young (Normal) (G1 Evacuation Pause) 206M->54M(256M) 2.791ms
[1008.847s][info][gc,cpu      ] GC(71) User=0.00s Sys=0.00s Real=0.00s
[1024.850s][info][gc,start    ] GC(72) Pause Young (Normal) (G1 Evacuation Pause)
[1024.850s][info][gc,task     ] GC(72) Using 2 workers of 2 for evacuation
[1024.853s][info][gc,phases   ] GC(72)   Pre Evacuate Collection Set: 0.15ms
[1024.853s][info][gc,phases   ] GC(72)   Merge Heap Roots: 0.07ms
[1024.853s][info][gc,phases   ] GC(72)   Evacuate Collection Set: 2.48ms
[1024.853s][info][gc,phases   ] GC(72)   Post Evacuate Collection Set: 0.28ms
[1024.853s][info][gc,phases   ] GC(72)   Other: 0.06ms
[1024.853s][info][gc,heap     ] GC(72) Eden regions: 151->0(151)
[1024.853s][info][gc,heap     ] GC(72) Survivor regions: 2->2(20)
[1024.853s][info][gc,heap     ] GC(72) Old regions: 55->55
[1024.853s][info][gc,heap     ] GC(72) Humongous regions: 0->0
[1024.853s][info][gc,metaspace] GC(72) Metaspace: 5622K(5760K)->5622K(5760K) NonClass: 5112K(5184K)->5112K(5184K) Class: 509K(576K)->509K(576K)
[1024.853s][info][gc          ] GC(72) Pause Young (Normal) (G1 Evacuation Pause) 205M->55M(256M) 3.208ms
[1024.853s][info][gc,cpu      ] GC(72) User=0.00s Sys=0.00s Real=0.01s
[1040.550s][info][gc,start    ] GC(73) Pause Young (Normal) (G1 Evacuation Pause)
[1040.550s][info][gc,task     ] GC(73) Using 2 workers of 2 for evacuation
[1040.557s][info][gc,phases   ] GC(73)   Pre Evacuate Collection Set: 0.15ms
[1040.557s][info][gc,phases   ] GC(73)   Merge Heap Roots: 0.07ms
[1040.557s][info][gc,phases   ] GC(73)   Evacuate Collection Set: 5.70ms
[1040.557s][info][gc,phases   ] GC(73)   Post Evacuate Collection Set: 0.31ms
[1040.557s][info][gc,phases   ] GC(73)   Other: 0.08ms
[1040.557s][info][gc,heap     ] GC(73) Eden regions: 151->0(150)
[1040.557s][info][gc,heap     ] GC(73) Survivor regions: 2->3(20)
[1040.557s][info][gc,heap     ] GC(73) Old regions: 55->55
[1040.557s][info][gc,heap     ] GC(73) Humongous regions: 0->0
[1040.557s][info][gc,metaspace] GC(73) Metaspace: 5622K(5760K)->5622K(5760K) NonClass: 5112K(5184K)->5112K(5184K) Class: 509K(576K)->509K(576K)
[1040.557s][info][gc          ] GC(73) Pause Young (Normal) (G1 Evacuation Pause) 206M->56M(256M) 6.494ms
[1040.557s][info][gc,cpu      ] GC(73) User=0.01s Sys=0.00s Real=0.01s
[1050.841s][info][gc,heap,exit] Heap
[1050.841s][info][gc,heap,exit]  garbage-first heap   total reserved 1001472K, committed 262144K, used 157636K [0x00000000c2e00000, 0x0000000100000000)
[1050.841s][info][gc,heap,exit]   region size 1024K, 101 young (103424K), 3 survivors (3072K)
[1050.841s][info][gc,heap,exit]  Metaspace       used 5690K, committed 5824K, reserved 1114112K
[1050.841s][info][gc,heap,exit]   class space    used 516K, committed 576K, reserved 1048576K
