[0.002s][info][metaspace]  - commit_granule_bytes: 65536.
[0.002s][info][metaspace]  - commit_granule_words: 8192.
[0.002s][info][metaspace]  - virtual_space_node_default_size: 8388608.
[0.002s][info][metaspace]  - enlarge_chunks_in_place: 1.
[0.004s][info][gc,init  ] CardTable entry size: 512
[0.008s][info][gc       ] Using G1
[0.012s][info][gc,init  ] Version: 24-internal-adhoc.root.jdk (release)
[0.012s][info][gc,init  ] CPUs: 2 total, 2 available
[0.012s][info][gc,init  ] Memory: 3908M
[0.012s][info][gc,init  ] Large Page Support: Disabled
[0.012s][info][gc,init  ] NUMA Support: Disabled
[0.012s][info][gc,init  ] Compressed Oops: Enabled (32-bit)
[0.012s][info][gc,init  ] Heap Region Size: 1M
[0.012s][info][gc,init  ] Heap Min Capacity: 256M
[0.012s][info][gc,init  ] Heap Initial Capacity: 256M
[0.012s][info][gc,init  ] Heap Max Capacity: 978M
[0.012s][info][gc,init  ] Pre-touch: Disabled
[0.012s][info][gc,init  ] Parallel Workers: 2
[0.012s][info][gc,init  ] Concurrent Workers: 1
[0.012s][info][gc,init  ] Concurrent Refinement Workers: 2
[0.012s][info][gc,init  ] Periodic GC: Disabled
[0.023s][info][gc,metaspace] CDS archive(s) mapped at: [0x00007fc52e000000-0x00007fc52edc0000-0x00007fc52edc0000), size 14417920, SharedBaseAddress: 0x00007fc52e000000, ArchiveRelocationMode: 1.
[0.023s][info][gc,metaspace] Compressed class space mapped at: 0x00007fc52f000000-0x00007fc56f000000, reserved size: 1073741824
[0.023s][info][gc,metaspace] UseCompressedClassPointers 1, UseCompactObjectHeaders 0
[0.023s][info][gc,metaspace] Narrow klass pointer bits 32, Max shift 3
[0.023s][info][gc,metaspace] Narrow klass base: 0x00007fc52e000000, Narrow klass shift: 0
[0.023s][info][gc,metaspace] Encoding Range: [0x00007fc52e000000 - 0x00007fc62e000000), (4294967296 bytes)
[0.023s][info][gc,metaspace] Klass Range:    [0x00007fc52e000000 - 0x00007fc56f000000), (1090519040 bytes)
[0.023s][info][gc,metaspace] Klass ID Range:  [8 - 1090519033) (1090519025)
[0.247s][info][gc,start    ] GC(0) Pause Young (Normal) (G1 Evacuation Pause)
[0.247s][info][gc,task     ] GC(0) Using 2 workers of 2 for evacuation
[0.251s][info][gc,phases   ] GC(0)   Pre Evacuate Collection Set: 0.18ms
[0.251s][info][gc,phases   ] GC(0)   Merge Heap Roots: 0.09ms
[0.251s][info][gc,phases   ] GC(0)   Evacuate Collection Set: 3.30ms
[0.251s][info][gc,phases   ] GC(0)   Post Evacuate Collection Set: 0.21ms
[0.251s][info][gc,phases   ] GC(0)   Other: 0.21ms
[0.251s][info][gc,heap     ] GC(0) Eden regions: 12->0(10)
[0.251s][info][gc,heap     ] GC(0) Survivor regions: 0->2(2)
[0.251s][info][gc,heap     ] GC(0) Old regions: 2->2
[0.251s][info][gc,heap     ] GC(0) Humongous regions: 0->0
[0.251s][info][gc,metaspace] GC(0) Metaspace: 2335K(2432K)->2335K(2432K) NonClass: 2138K(2176K)->2138K(2176K) Class: 196K(256K)->196K(256K)
[0.251s][info][gc          ] GC(0) Pause Young (Normal) (G1 Evacuation Pause) 13M->2M(258M) 4.187ms
[0.251s][info][gc,cpu      ] GC(0) User=0.01s Sys=0.00s Real=0.01s
[0.273s][info][gc,start    ] GC(1) Pause Young (Normal) (G1 Evacuation Pause)
[0.273s][info][gc,task     ] GC(1) Using 2 workers of 2 for evacuation
[0.276s][info][gc,phases   ] GC(1)   Pre Evacuate Collection Set: 0.13ms
[0.276s][info][gc,phases   ] GC(1)   Merge Heap Roots: 0.03ms
[0.276s][info][gc,phases   ] GC(1)   Evacuate Collection Set: 2.21ms
[0.276s][info][gc,phases   ] GC(1)   Post Evacuate Collection Set: 0.17ms
[0.276s][info][gc,phases   ] GC(1)   Other: 0.06ms
[0.276s][info][gc,heap     ] GC(1) Eden regions: 10->0(20)
[0.276s][info][gc,heap     ] GC(1) Survivor regions: 2->1(2)
[0.276s][info][gc,heap     ] GC(1) Old regions: 2->4
[0.276s][info][gc,heap     ] GC(1) Humongous regions: 0->0
[0.276s][info][gc,metaspace] GC(1) Metaspace: 2394K(2496K)->2394K(2496K) NonClass: 2197K(2240K)->2197K(2240K) Class: 197K(256K)->197K(256K)
[0.276s][info][gc          ] GC(1) Pause Young (Normal) (G1 Evacuation Pause) 12M->3M(258M) 2.753ms
[0.276s][info][gc,cpu      ] GC(1) User=0.01s Sys=0.00s Real=0.00s
[0.318s][info][gc,start    ] GC(2) Pause Young (Normal) (G1 Evacuation Pause)
[0.318s][info][gc,task     ] GC(2) Using 2 workers of 2 for evacuation
[0.319s][info][gc,phases   ] GC(2)   Pre Evacuate Collection Set: 0.12ms
[0.319s][info][gc,phases   ] GC(2)   Merge Heap Roots: 0.04ms
[0.319s][info][gc,phases   ] GC(2)   Evacuate Collection Set: 0.24ms
[0.319s][info][gc,phases   ] GC(2)   Post Evacuate Collection Set: 0.12ms
[0.319s][info][gc,phases   ] GC(2)   Other: 0.07ms
[0.319s][info][gc,heap     ] GC(2) Eden regions: 20->0(25)
[0.319s][info][gc,heap     ] GC(2) Survivor regions: 1->1(3)
[0.319s][info][gc,heap     ] GC(2) Old regions: 4->4
[0.319s][info][gc,heap     ] GC(2) Humongous regions: 0->0
[0.319s][info][gc,metaspace] GC(2) Metaspace: 2579K(2688K)->2579K(2688K) NonClass: 2381K(2432K)->2381K(2432K) Class: 197K(256K)->197K(256K)
[0.319s][info][gc          ] GC(2) Pause Young (Normal) (G1 Evacuation Pause) 23M->3M(258M) 0.728ms
[0.319s][info][gc,cpu      ] GC(2) User=0.00s Sys=0.00s Real=0.01s
[0.647s][info][gc,start    ] GC(3) Pause Young (Normal) (G1 Evacuation Pause)
[0.647s][info][gc,task     ] GC(3) Using 2 workers of 2 for evacuation
[0.668s][info][gc,phases   ] GC(3)   Pre Evacuate Collection Set: 0.15ms
[0.668s][info][gc,phases   ] GC(3)   Merge Heap Roots: 0.05ms
[0.668s][info][gc,phases   ] GC(3)   Evacuate Collection Set: 20.80ms
[0.668s][info][gc,phases   ] GC(3)   Post Evacuate Collection Set: 0.27ms
[0.668s][info][gc,phases   ] GC(3)   Other: 0.08ms
[0.668s][info][gc,heap     ] GC(3) Eden regions: 25->0(21)
[0.668s][info][gc,heap     ] GC(3) Survivor regions: 1->4(4)
[0.668s][info][gc,heap     ] GC(3) Old regions: 4->12
[0.668s][info][gc,heap     ] GC(3) Humongous regions: 0->0
[0.668s][info][gc,metaspace] GC(3) Metaspace: 4950K(5120K)->4950K(5120K) NonClass: 4452K(4544K)->4452K(4544K) Class: 498K(576K)->498K(576K)
[0.668s][info][gc          ] GC(3) Pause Young (Normal) (G1 Evacuation Pause) 28M->14M(258M) 21.517ms
[0.668s][info][gc,cpu      ] GC(3) User=0.03s Sys=0.01s Real=0.03s
[6.596s][info][gc,start    ] GC(4) Pause Young (Normal) (G1 Evacuation Pause)
[6.596s][info][gc,task     ] GC(4) Using 2 workers of 2 for evacuation
[6.610s][info][gc,phases   ] GC(4)   Pre Evacuate Collection Set: 0.15ms
[6.610s][info][gc,phases   ] GC(4)   Merge Heap Roots: 0.10ms
[6.610s][info][gc,phases   ] GC(4)   Evacuate Collection Set: 13.19ms
[6.610s][info][gc,phases   ] GC(4)   Post Evacuate Collection Set: 0.36ms
[6.610s][info][gc,phases   ] GC(4)   Other: 0.08ms
[6.610s][info][gc,heap     ] GC(4) Eden regions: 21->0(23)
[6.610s][info][gc,heap     ] GC(4) Survivor regions: 4->1(4)
[6.610s][info][gc,heap     ] GC(4) Old regions: 12->16
[6.610s][info][gc,heap     ] GC(4) Humongous regions: 0->0
[6.610s][info][gc,metaspace] GC(4) Metaspace: 5215K(5376K)->5215K(5376K) NonClass: 4716K(4800K)->4716K(4800K) Class: 498K(576K)->498K(576K)
[6.610s][info][gc          ] GC(4) Pause Young (Normal) (G1 Evacuation Pause) 35M->16M(258M) 14.032ms
[6.610s][info][gc,cpu      ] GC(4) User=0.03s Sys=0.00s Real=0.02s
[12.663s][info][gc,start    ] GC(5) Pause Young (Normal) (G1 Evacuation Pause)
[12.663s][info][gc,task     ] GC(5) Using 2 workers of 2 for evacuation
[12.666s][info][gc,phases   ] GC(5)   Pre Evacuate Collection Set: 0.14ms
[12.666s][info][gc,phases   ] GC(5)   Merge Heap Roots: 0.04ms
[12.666s][info][gc,phases   ] GC(5)   Evacuate Collection Set: 2.70ms
[12.666s][info][gc,phases   ] GC(5)   Post Evacuate Collection Set: 0.20ms
[12.666s][info][gc,phases   ] GC(5)   Other: 0.07ms
[12.666s][info][gc,heap     ] GC(5) Eden regions: 44->0(35)
[12.666s][info][gc,heap     ] GC(5) Survivor regions: 1->2(6)
[12.666s][info][gc,heap     ] GC(5) Old regions: 16->16
[12.666s][info][gc,heap     ] GC(5) Humongous regions: 0->0
[12.666s][info][gc,metaspace] GC(5) Metaspace: 5237K(5376K)->5237K(5376K) NonClass: 4739K(4800K)->4739K(4800K) Class: 498K(576K)->498K(576K)
[12.666s][info][gc          ] GC(5) Pause Young (Normal) (G1 Evacuation Pause) 60M->16M(258M) 3.283ms
[12.666s][info][gc,cpu      ] GC(5) User=0.00s Sys=0.00s Real=0.00s
[18.041s][info][gc,start    ] GC(6) Pause Young (Normal) (G1 Evacuation Pause)
[18.041s][info][gc,task     ] GC(6) Using 2 workers of 2 for evacuation
[18.044s][info][gc,phases   ] GC(6)   Pre Evacuate Collection Set: 0.14ms
[18.044s][info][gc,phases   ] GC(6)   Merge Heap Roots: 0.05ms
[18.044s][info][gc,phases   ] GC(6)   Evacuate Collection Set: 2.44ms
[18.044s][info][gc,phases   ] GC(6)   Post Evacuate Collection Set: 0.18ms
[18.044s][info][gc,phases   ] GC(6)   Other: 0.07ms
[18.044s][info][gc,heap     ] GC(6) Eden regions: 48->0(54)
[18.044s][info][gc,heap     ] GC(6) Survivor regions: 2->2(7)
[18.044s][info][gc,heap     ] GC(6) Old regions: 16->16
[18.044s][info][gc,heap     ] GC(6) Humongous regions: 0->0
[18.044s][info][gc,metaspace] GC(6) Metaspace: 5243K(5376K)->5243K(5376K) NonClass: 4744K(4800K)->4744K(4800K) Class: 498K(576K)->498K(576K)
[18.044s][info][gc          ] GC(6) Pause Young (Normal) (G1 Evacuation Pause) 64M->16M(258M) 3.028ms
[18.044s][info][gc,cpu      ] GC(6) User=0.00s Sys=0.00s Real=0.00s
[24.779s][info][gc,start    ] GC(7) Pause Young (Normal) (G1 Evacuation Pause)
[24.779s][info][gc,task     ] GC(7) Using 2 workers of 2 for evacuation
[24.782s][info][gc,phases   ] GC(7)   Pre Evacuate Collection Set: 0.15ms
[24.782s][info][gc,phases   ] GC(7)   Merge Heap Roots: 0.05ms
[24.782s][info][gc,phases   ] GC(7)   Evacuate Collection Set: 2.61ms
[24.782s][info][gc,phases   ] GC(7)   Post Evacuate Collection Set: 0.25ms
[24.782s][info][gc,phases   ] GC(7)   Other: 0.07ms
[24.782s][info][gc,heap     ] GC(7) Eden regions: 66->0(70)
[24.782s][info][gc,heap     ] GC(7) Survivor regions: 2->2(9)
[24.782s][info][gc,heap     ] GC(7) Old regions: 16->16
[24.782s][info][gc,heap     ] GC(7) Humongous regions: 0->0
[24.782s][info][gc,metaspace] GC(7) Metaspace: 5245K(5376K)->5245K(5376K) NonClass: 4746K(4800K)->4746K(4800K) Class: 498K(576K)->498K(576K)
[24.782s][info][gc          ] GC(7) Pause Young (Normal) (G1 Evacuation Pause) 82M->16M(258M) 3.284ms
[24.782s][info][gc,cpu      ] GC(7) User=0.01s Sys=0.01s Real=0.00s
[33.314s][info][gc,start    ] GC(8) Pause Young (Normal) (G1 Evacuation Pause)
[33.314s][info][gc,task     ] GC(8) Using 2 workers of 2 for evacuation
[33.319s][info][gc,phases   ] GC(8)   Pre Evacuate Collection Set: 0.13ms
[33.319s][info][gc,phases   ] GC(8)   Merge Heap Roots: 0.05ms
[33.319s][info][gc,phases   ] GC(8)   Evacuate Collection Set: 4.29ms
[33.319s][info][gc,phases   ] GC(8)   Post Evacuate Collection Set: 0.22ms
[33.319s][info][gc,phases   ] GC(8)   Other: 0.08ms
[33.319s][info][gc,heap     ] GC(8) Eden regions: 82->0(92)
[33.319s][info][gc,heap     ] GC(8) Survivor regions: 2->3(11)
[33.319s][info][gc,heap     ] GC(8) Old regions: 16->16
[33.319s][info][gc,heap     ] GC(8) Humongous regions: 0->0
[33.319s][info][gc,metaspace] GC(8) Metaspace: 5245K(5376K)->5245K(5376K) NonClass: 4746K(4800K)->4746K(4800K) Class: 498K(576K)->498K(576K)
[33.319s][info][gc          ] GC(8) Pause Young (Normal) (G1 Evacuation Pause) 98M->17M(258M) 4.918ms
[33.319s][info][gc,cpu      ] GC(8) User=0.01s Sys=0.00s Real=0.01s
[44.014s][info][gc,start    ] GC(9) Pause Young (Normal) (G1 Evacuation Pause)
[44.014s][info][gc,task     ] GC(9) Using 2 workers of 2 for evacuation
[44.019s][info][gc,phases   ] GC(9)   Pre Evacuate Collection Set: 0.15ms
[44.019s][info][gc,phases   ] GC(9)   Merge Heap Roots: 0.06ms
[44.019s][info][gc,phases   ] GC(9)   Evacuate Collection Set: 4.39ms
[44.019s][info][gc,phases   ] GC(9)   Post Evacuate Collection Set: 0.24ms
[44.019s][info][gc,phases   ] GC(9)   Other: 0.12ms
[44.019s][info][gc,heap     ] GC(9) Eden regions: 104->0(116)
[44.019s][info][gc,heap     ] GC(9) Survivor regions: 3->3(14)
[44.019s][info][gc,heap     ] GC(9) Old regions: 16->16
[44.019s][info][gc,heap     ] GC(9) Humongous regions: 0->0
[44.019s][info][gc,metaspace] GC(9) Metaspace: 5246K(5376K)->5246K(5376K) NonClass: 4747K(4800K)->4747K(4800K) Class: 498K(576K)->498K(576K)
[44.019s][info][gc          ] GC(9) Pause Young (Normal) (G1 Evacuation Pause) 121M->17M(258M) 5.148ms
[44.019s][info][gc,cpu      ] GC(9) User=0.01s Sys=0.00s Real=0.01s
[56.960s][info][gc,start    ] GC(10) Pause Young (Normal) (G1 Evacuation Pause)
[56.961s][info][gc,task     ] GC(10) Using 2 workers of 2 for evacuation
[56.967s][info][gc,phases   ] GC(10)   Pre Evacuate Collection Set: 0.13ms
[56.967s][info][gc,phases   ] GC(10)   Merge Heap Roots: 0.06ms
[56.967s][info][gc,phases   ] GC(10)   Evacuate Collection Set: 5.88ms
[56.967s][info][gc,phases   ] GC(10)   Post Evacuate Collection Set: 0.25ms
[56.967s][info][gc,phases   ] GC(10)   Other: 0.09ms
[56.967s][info][gc,heap     ] GC(10) Eden regions: 127->0(144)
[56.967s][info][gc,heap     ] GC(10) Survivor regions: 3->4(17)
[56.967s][info][gc,heap     ] GC(10) Old regions: 16->16
[56.967s][info][gc,heap     ] GC(10) Humongous regions: 0->0
[56.967s][info][gc,metaspace] GC(10) Metaspace: 5246K(5376K)->5246K(5376K) NonClass: 4747K(4800K)->4747K(4800K) Class: 498K(576K)->498K(576K)
[56.967s][info][gc          ] GC(10) Pause Young (Normal) (G1 Evacuation Pause) 144M->18M(258M) 6.572ms
[56.967s][info][gc,cpu      ] GC(10) User=0.01s Sys=0.00s Real=0.00s
[72.043s][info][gc,start    ] GC(11) Pause Young (Normal) (G1 Evacuation Pause)
[72.043s][info][gc,task     ] GC(11) Using 2 workers of 2 for evacuation
[72.051s][info][gc,phases   ] GC(11)   Pre Evacuate Collection Set: 0.14ms
[72.051s][info][gc,phases   ] GC(11)   Merge Heap Roots: 0.07ms
[72.051s][info][gc,phases   ] GC(11)   Evacuate Collection Set: 7.72ms
[72.051s][info][gc,phases   ] GC(11)   Post Evacuate Collection Set: 0.26ms
[72.051s][info][gc,phases   ] GC(11)   Other: 0.12ms
[72.051s][info][gc,heap     ] GC(11) Eden regions: 148->0(149)
[72.051s][info][gc,heap     ] GC(11) Survivor regions: 4->4(19)
[72.051s][info][gc,heap     ] GC(11) Old regions: 16->16
[72.051s][info][gc,heap     ] GC(11) Humongous regions: 0->0
[72.051s][info][gc,metaspace] GC(11) Metaspace: 5247K(5376K)->5247K(5376K) NonClass: 4748K(4800K)->4748K(4800K) Class: 498K(576K)->498K(576K)
[72.051s][info][gc          ] GC(11) Pause Young (Normal) (G1 Evacuation Pause) 166M->19M(258M) 8.470ms
[72.051s][info][gc,cpu      ] GC(11) User=0.01s Sys=0.00s Real=0.01s
[87.675s][info][gc,start    ] GC(12) Pause Young (Normal) (G1 Evacuation Pause)
[87.675s][info][gc,task     ] GC(12) Using 2 workers of 2 for evacuation
[87.683s][info][gc,phases   ] GC(12)   Pre Evacuate Collection Set: 0.14ms
[87.683s][info][gc,phases   ] GC(12)   Merge Heap Roots: 0.05ms
[87.683s][info][gc,phases   ] GC(12)   Evacuate Collection Set: 7.41ms
[87.683s][info][gc,phases   ] GC(12)   Post Evacuate Collection Set: 0.25ms
[87.683s][info][gc,phases   ] GC(12)   Other: 0.06ms
[87.683s][info][gc,heap     ] GC(12) Eden regions: 149->0(148)
[87.683s][info][gc,heap     ] GC(12) Survivor regions: 4->5(20)
[87.683s][info][gc,heap     ] GC(12) Old regions: 16->16
[87.683s][info][gc,heap     ] GC(12) Humongous regions: 0->0
[87.683s][info][gc,metaspace] GC(12) Metaspace: 5247K(5376K)->5247K(5376K) NonClass: 4748K(4800K)->4748K(4800K) Class: 498K(576K)->498K(576K)
[87.683s][info][gc          ] GC(12) Pause Young (Normal) (G1 Evacuation Pause) 168M->19M(258M) 8.085ms
[87.683s][info][gc,cpu      ] GC(12) User=0.01s Sys=0.00s Real=0.01s
[105.732s][info][gc,start    ] GC(13) Pause Young (Normal) (G1 Evacuation Pause)
[105.732s][info][gc,task     ] GC(13) Using 2 workers of 2 for evacuation
[105.757s][info][gc,phases   ] GC(13)   Pre Evacuate Collection Set: 0.13ms
[105.757s][info][gc,phases   ] GC(13)   Merge Heap Roots: 0.06ms
[105.757s][info][gc,phases   ] GC(13)   Evacuate Collection Set: 24.14ms
[105.757s][info][gc,phases   ] GC(13)   Post Evacuate Collection Set: 0.32ms
[105.757s][info][gc,phases   ] GC(13)   Other: 0.09ms
[105.757s][info][gc,heap     ] GC(13) Eden regions: 148->0(137)
[105.757s][info][gc,heap     ] GC(13) Survivor regions: 5->16(20)
[105.757s][info][gc,heap     ] GC(13) Old regions: 16->16
[105.757s][info][gc,heap     ] GC(13) Humongous regions: 0->0
[105.757s][info][gc,metaspace] GC(13) Metaspace: 5433K(5568K)->5433K(5568K) NonClass: 4924K(4992K)->4924K(4992K) Class: 508K(576K)->508K(576K)
[105.757s][info][gc          ] GC(13) Pause Young (Normal) (G1 Evacuation Pause) 167M->30M(258M) 24.930ms
[105.757s][info][gc,cpu      ] GC(13) User=0.04s Sys=0.01s Real=0.02s
[121.353s][info][gc,start    ] GC(14) Pause Young (Normal) (G1 Evacuation Pause)
[121.353s][info][gc,task     ] GC(14) Using 2 workers of 2 for evacuation
[121.378s][info][gc,phases   ] GC(14)   Pre Evacuate Collection Set: 0.13ms
[121.378s][info][gc,phases   ] GC(14)   Merge Heap Roots: 0.05ms
[121.378s][info][gc,phases   ] GC(14)   Evacuate Collection Set: 24.06ms
[121.378s][info][gc,phases   ] GC(14)   Post Evacuate Collection Set: 0.31ms
[121.378s][info][gc,phases   ] GC(14)   Other: 0.11ms
[121.378s][info][gc,heap     ] GC(14) Eden regions: 137->0(152)
[121.378s][info][gc,heap     ] GC(14) Survivor regions: 16->1(20)
[121.378s][info][gc,heap     ] GC(14) Old regions: 16->32
[121.378s][info][gc,heap     ] GC(14) Humongous regions: 0->0
[121.378s][info][gc,metaspace] GC(14) Metaspace: 5434K(5568K)->5434K(5568K) NonClass: 4925K(4992K)->4925K(4992K) Class: 508K(576K)->508K(576K)
[121.378s][info][gc          ] GC(14) Pause Young (Normal) (G1 Evacuation Pause) 167M->31M(258M) 24.847ms
[121.378s][info][gc,cpu      ] GC(14) User=0.04s Sys=0.00s Real=0.03s
[137.311s][info][gc,start    ] GC(15) Pause Young (Normal) (G1 Evacuation Pause)
[137.311s][info][gc,task     ] GC(15) Using 2 workers of 2 for evacuation
[137.314s][info][gc,phases   ] GC(15)   Pre Evacuate Collection Set: 0.14ms
[137.314s][info][gc,phases   ] GC(15)   Merge Heap Roots: 0.06ms
[137.314s][info][gc,phases   ] GC(15)   Evacuate Collection Set: 1.58ms
[137.314s][info][gc,phases   ] GC(15)   Post Evacuate Collection Set: 0.24ms
[137.314s][info][gc,phases   ] GC(15)   Other: 0.07ms
[137.314s][info][gc,heap     ] GC(15) Eden regions: 152->0(152)
[137.314s][info][gc,heap     ] GC(15) Survivor regions: 1->1(20)
[137.314s][info][gc,heap     ] GC(15) Old regions: 32->32
[137.314s][info][gc,heap     ] GC(15) Humongous regions: 0->0
[137.314s][info][gc,metaspace] GC(15) Metaspace: 5434K(5568K)->5434K(5568K) NonClass: 4925K(4992K)->4925K(4992K) Class: 508K(576K)->508K(576K)
[137.314s][info][gc          ] GC(15) Pause Young (Normal) (G1 Evacuation Pause) 183M->31M(258M) 2.239ms
[137.314s][info][gc,cpu      ] GC(15) User=0.00s Sys=0.00s Real=0.00s
[153.362s][info][gc,start    ] GC(16) Pause Young (Normal) (G1 Evacuation Pause)
[153.362s][info][gc,task     ] GC(16) Using 2 workers of 2 for evacuation
[153.365s][info][gc,phases   ] GC(16)   Pre Evacuate Collection Set: 0.14ms
[153.365s][info][gc,phases   ] GC(16)   Merge Heap Roots: 0.06ms
[153.365s][info][gc,phases   ] GC(16)   Evacuate Collection Set: 2.16ms
[153.365s][info][gc,phases   ] GC(16)   Post Evacuate Collection Set: 0.27ms
[153.365s][info][gc,phases   ] GC(16)   Other: 0.06ms
[153.365s][info][gc,heap     ] GC(16) Eden regions: 152->0(151)
[153.365s][info][gc,heap     ] GC(16) Survivor regions: 1->2(20)
[153.365s][info][gc,heap     ] GC(16) Old regions: 32->32
[153.365s][info][gc,heap     ] GC(16) Humongous regions: 0->0
[153.365s][info][gc,metaspace] GC(16) Metaspace: 5434K(5568K)->5434K(5568K) NonClass: 4925K(4992K)->4925K(4992K) Class: 508K(576K)->508K(576K)
[153.365s][info][gc          ] GC(16) Pause Young (Normal) (G1 Evacuation Pause) 183M->32M(258M) 2.847ms
[153.365s][info][gc,cpu      ] GC(16) User=0.00s Sys=0.00s Real=0.00s
[168.869s][info][gc,start    ] GC(17) Pause Young (Normal) (G1 Evacuation Pause)
[168.869s][info][gc,task     ] GC(17) Using 2 workers of 2 for evacuation
[168.873s][info][gc,phases   ] GC(17)   Pre Evacuate Collection Set: 0.16ms
[168.873s][info][gc,phases   ] GC(17)   Merge Heap Roots: 0.05ms
[168.873s][info][gc,phases   ] GC(17)   Evacuate Collection Set: 2.86ms
[168.873s][info][gc,phases   ] GC(17)   Post Evacuate Collection Set: 0.27ms
[168.873s][info][gc,phases   ] GC(17)   Other: 0.06ms
[168.873s][info][gc,heap     ] GC(17) Eden regions: 151->0(151)
[168.873s][info][gc,heap     ] GC(17) Survivor regions: 2->2(20)
[168.873s][info][gc,heap     ] GC(17) Old regions: 32->32
[168.873s][info][gc,heap     ] GC(17) Humongous regions: 0->0
[168.873s][info][gc,metaspace] GC(17) Metaspace: 5434K(5568K)->5434K(5568K) NonClass: 4925K(4992K)->4925K(4992K) Class: 508K(576K)->508K(576K)
[168.873s][info][gc          ] GC(17) Pause Young (Normal) (G1 Evacuation Pause) 183M->32M(258M) 3.559ms
[168.873s][info][gc,cpu      ] GC(17) User=0.01s Sys=0.00s Real=0.00s
[184.241s][info][gc,start    ] GC(18) Pause Young (Normal) (G1 Evacuation Pause)
[184.241s][info][gc,task     ] GC(18) Using 2 workers of 2 for evacuation
[184.245s][info][gc,phases   ] GC(18)   Pre Evacuate Collection Set: 0.14ms
[184.245s][info][gc,phases   ] GC(18)   Merge Heap Roots: 0.07ms
[184.245s][info][gc,phases   ] GC(18)   Evacuate Collection Set: 2.93ms
[184.245s][info][gc,phases   ] GC(18)   Post Evacuate Collection Set: 0.28ms
[184.245s][info][gc,phases   ] GC(18)   Other: 0.06ms
[184.245s][info][gc,heap     ] GC(18) Eden regions: 151->0(150)
[184.245s][info][gc,heap     ] GC(18) Survivor regions: 2->3(20)
[184.245s][info][gc,heap     ] GC(18) Old regions: 32->32
[184.245s][info][gc,heap     ] GC(18) Humongous regions: 0->0
[184.245s][info][gc,metaspace] GC(18) Metaspace: 5434K(5568K)->5434K(5568K) NonClass: 4925K(4992K)->4925K(4992K) Class: 508K(576K)->508K(576K)
[184.245s][info][gc          ] GC(18) Pause Young (Normal) (G1 Evacuation Pause) 183M->33M(258M) 3.661ms
[184.245s][info][gc,cpu      ] GC(18) User=0.01s Sys=0.00s Real=0.00s
[203.710s][info][gc,start    ] GC(19) Pause Young (Normal) (G1 Evacuation Pause)
[203.710s][info][gc,task     ] GC(19) Using 2 workers of 2 for evacuation
[203.727s][info][gc,phases   ] GC(19)   Pre Evacuate Collection Set: 0.15ms
[203.727s][info][gc,phases   ] GC(19)   Merge Heap Roots: 0.08ms
[203.727s][info][gc,phases   ] GC(19)   Evacuate Collection Set: 15.96ms
[203.727s][info][gc,phases   ] GC(19)   Post Evacuate Collection Set: 0.34ms
[203.727s][info][gc,phases   ] GC(19)   Other: 0.08ms
[203.727s][info][gc,heap     ] GC(19) Eden regions: 150->0(139)
[203.727s][info][gc,heap     ] GC(19) Survivor regions: 3->14(20)
[203.727s][info][gc,heap     ] GC(19) Old regions: 32->32
[203.727s][info][gc,heap     ] GC(19) Humongous regions: 0->0
[203.727s][info][gc,metaspace] GC(19) Metaspace: 5458K(5632K)->5458K(5632K) NonClass: 4949K(5056K)->4949K(5056K) Class: 508K(576K)->508K(576K)
[203.727s][info][gc          ] GC(19) Pause Young (Normal) (G1 Evacuation Pause) 183M->44M(258M) 16.779ms
[203.727s][info][gc,cpu      ] GC(19) User=0.03s Sys=0.00s Real=0.01s
[218.678s][info][gc,start    ] GC(20) Pause Young (Normal) (G1 Evacuation Pause)
[218.678s][info][gc,task     ] GC(20) Using 2 workers of 2 for evacuation
[218.698s][info][gc,phases   ] GC(20)   Pre Evacuate Collection Set: 0.15ms
[218.698s][info][gc,phases   ] GC(20)   Merge Heap Roots: 0.06ms
[218.698s][info][gc,phases   ] GC(20)   Evacuate Collection Set: 20.22ms
[218.698s][info][gc,phases   ] GC(20)   Post Evacuate Collection Set: 0.30ms
[218.698s][info][gc,phases   ] GC(20)   Other: 0.07ms
[218.698s][info][gc,heap     ] GC(20) Eden regions: 139->0(152)
[218.698s][info][gc,heap     ] GC(20) Survivor regions: 14->1(20)
[218.698s][info][gc,heap     ] GC(20) Old regions: 32->46
[218.698s][info][gc,heap     ] GC(20) Humongous regions: 0->0
[218.698s][info][gc,metaspace] GC(20) Metaspace: 5458K(5632K)->5458K(5632K) NonClass: 4949K(5056K)->4949K(5056K) Class: 508K(576K)->508K(576K)
[218.698s][info][gc          ] GC(20) Pause Young (Normal) (G1 Evacuation Pause) 183M->45M(258M) 20.963ms
[218.698s][info][gc,cpu      ] GC(20) User=0.03s Sys=0.01s Real=0.03s
[235.178s][info][gc,start    ] GC(21) Pause Young (Normal) (G1 Evacuation Pause)
[235.178s][info][gc,task     ] GC(21) Using 2 workers of 2 for evacuation
[235.180s][info][gc,phases   ] GC(21)   Pre Evacuate Collection Set: 0.14ms
[235.180s][info][gc,phases   ] GC(21)   Merge Heap Roots: 0.06ms
[235.180s][info][gc,phases   ] GC(21)   Evacuate Collection Set: 1.58ms
[235.180s][info][gc,phases   ] GC(21)   Post Evacuate Collection Set: 0.24ms
[235.180s][info][gc,phases   ] GC(21)   Other: 0.07ms
[235.180s][info][gc,heap     ] GC(21) Eden regions: 152->0(152)
[235.180s][info][gc,heap     ] GC(21) Survivor regions: 1->1(20)
[235.180s][info][gc,heap     ] GC(21) Old regions: 46->46
[235.180s][info][gc,heap     ] GC(21) Humongous regions: 0->0
[235.180s][info][gc,metaspace] GC(21) Metaspace: 5458K(5632K)->5458K(5632K) NonClass: 4949K(5056K)->4949K(5056K) Class: 508K(576K)->508K(576K)
[235.180s][info][gc          ] GC(21) Pause Young (Normal) (G1 Evacuation Pause) 197M->45M(258M) 2.284ms
[235.180s][info][gc,cpu      ] GC(21) User=0.01s Sys=0.00s Real=0.01s
[251.030s][info][gc,start    ] GC(22) Pause Young (Normal) (G1 Evacuation Pause)
[251.030s][info][gc,task     ] GC(22) Using 2 workers of 2 for evacuation
[251.033s][info][gc,phases   ] GC(22)   Pre Evacuate Collection Set: 0.14ms
[251.033s][info][gc,phases   ] GC(22)   Merge Heap Roots: 0.07ms
[251.033s][info][gc,phases   ] GC(22)   Evacuate Collection Set: 2.06ms
[251.033s][info][gc,phases   ] GC(22)   Post Evacuate Collection Set: 0.33ms
[251.033s][info][gc,phases   ] GC(22)   Other: 0.08ms
[251.033s][info][gc,heap     ] GC(22) Eden regions: 152->0(151)
[251.033s][info][gc,heap     ] GC(22) Survivor regions: 1->2(20)
[251.033s][info][gc,heap     ] GC(22) Old regions: 46->46
[251.033s][info][gc,heap     ] GC(22) Humongous regions: 0->0
[251.033s][info][gc,metaspace] GC(22) Metaspace: 5458K(5632K)->5458K(5632K) NonClass: 4949K(5056K)->4949K(5056K) Class: 508K(576K)->508K(576K)
[251.033s][info][gc          ] GC(22) Pause Young (Normal) (G1 Evacuation Pause) 197M->45M(258M) 2.819ms
[251.033s][info][gc,cpu      ] GC(22) User=0.01s Sys=0.00s Real=0.00s
[266.151s][info][gc,start    ] GC(23) Pause Young (Normal) (G1 Evacuation Pause)
[266.151s][info][gc,task     ] GC(23) Using 2 workers of 2 for evacuation
[266.157s][info][gc,phases   ] GC(23)   Pre Evacuate Collection Set: 0.19ms
[266.157s][info][gc,phases   ] GC(23)   Merge Heap Roots: 0.05ms
[266.157s][info][gc,phases   ] GC(23)   Evacuate Collection Set: 5.02ms
[266.157s][info][gc,phases   ] GC(23)   Post Evacuate Collection Set: 0.32ms
[266.157s][info][gc,phases   ] GC(23)   Other: 0.07ms
[266.157s][info][gc,heap     ] GC(23) Eden regions: 151->0(151)
[266.157s][info][gc,heap     ] GC(23) Survivor regions: 2->2(20)
[266.157s][info][gc,heap     ] GC(23) Old regions: 46->46
[266.157s][info][gc,heap     ] GC(23) Humongous regions: 0->0
[266.157s][info][gc,metaspace] GC(23) Metaspace: 5458K(5632K)->5458K(5632K) NonClass: 4949K(5056K)->4949K(5056K) Class: 508K(576K)->508K(576K)
[266.157s][info][gc          ] GC(23) Pause Young (Normal) (G1 Evacuation Pause) 196M->46M(258M) 5.793ms
[266.157s][info][gc,cpu      ] GC(23) User=0.01s Sys=0.00s Real=0.00s
[281.917s][info][gc,start    ] GC(24) Pause Young (Normal) (G1 Evacuation Pause)
[281.917s][info][gc,task     ] GC(24) Using 2 workers of 2 for evacuation
[281.922s][info][gc,phases   ] GC(24)   Pre Evacuate Collection Set: 0.15ms
[281.922s][info][gc,phases   ] GC(24)   Merge Heap Roots: 0.05ms
[281.922s][info][gc,phases   ] GC(24)   Evacuate Collection Set: 3.54ms
[281.922s][info][gc,phases   ] GC(24)   Post Evacuate Collection Set: 0.33ms
[281.922s][info][gc,phases   ] GC(24)   Other: 0.07ms
[281.922s][info][gc,heap     ] GC(24) Eden regions: 151->0(150)
[281.922s][info][gc,heap     ] GC(24) Survivor regions: 2->3(20)
[281.922s][info][gc,heap     ] GC(24) Old regions: 46->46
[281.922s][info][gc,heap     ] GC(24) Humongous regions: 0->0
[281.922s][info][gc,metaspace] GC(24) Metaspace: 5458K(5632K)->5458K(5632K) NonClass: 4949K(5056K)->4949K(5056K) Class: 508K(576K)->508K(576K)
[281.922s][info][gc          ] GC(24) Pause Young (Normal) (G1 Evacuation Pause) 197M->47M(258M) 4.288ms
[281.922s][info][gc,cpu      ] GC(24) User=0.01s Sys=0.00s Real=0.01s
[301.681s][info][gc,start    ] GC(25) Pause Young (Normal) (G1 Evacuation Pause)
[301.681s][info][gc,task     ] GC(25) Using 2 workers of 2 for evacuation
[301.699s][info][gc,phases   ] GC(25)   Pre Evacuate Collection Set: 0.15ms
[301.699s][info][gc,phases   ] GC(25)   Merge Heap Roots: 0.06ms
[301.699s][info][gc,phases   ] GC(25)   Evacuate Collection Set: 17.80ms
[301.699s][info][gc,phases   ] GC(25)   Post Evacuate Collection Set: 0.31ms
[301.699s][info][gc,phases   ] GC(25)   Other: 0.07ms
[301.699s][info][gc,heap     ] GC(25) Eden regions: 150->0(139)
[301.699s][info][gc,heap     ] GC(25) Survivor regions: 3->14(20)
[301.699s][info][gc,heap     ] GC(25) Old regions: 46->46
[301.699s][info][gc,heap     ] GC(25) Humongous regions: 0->0
[301.699s][info][gc,metaspace] GC(25) Metaspace: 5510K(5632K)->5510K(5632K) NonClass: 5000K(5056K)->5000K(5056K) Class: 509K(576K)->509K(576K)
[301.699s][info][gc          ] GC(25) Pause Young (Normal) (G1 Evacuation Pause) 197M->58M(258M) 18.580ms
[301.699s][info][gc,cpu      ] GC(25) User=0.03s Sys=0.00s Real=0.02s
[315.959s][info][gc,start    ] GC(26) Pause Young (Normal) (G1 Evacuation Pause)
[315.959s][info][gc,task     ] GC(26) Using 2 workers of 2 for evacuation
[315.980s][info][gc,phases   ] GC(26)   Pre Evacuate Collection Set: 0.15ms
[315.980s][info][gc,phases   ] GC(26)   Merge Heap Roots: 0.06ms
[315.980s][info][gc,phases   ] GC(26)   Evacuate Collection Set: 20.17ms
[315.980s][info][gc,phases   ] GC(26)   Post Evacuate Collection Set: 0.27ms
[315.980s][info][gc,phases   ] GC(26)   Other: 0.07ms
[315.980s][info][gc,heap     ] GC(26) Eden regions: 139->0(152)
[315.980s][info][gc,heap     ] GC(26) Survivor regions: 14->1(20)
[315.980s][info][gc,heap     ] GC(26) Old regions: 46->60
[315.980s][info][gc,heap     ] GC(26) Humongous regions: 0->0
[315.980s][info][gc,metaspace] GC(26) Metaspace: 5510K(5632K)->5510K(5632K) NonClass: 5000K(5056K)->5000K(5056K) Class: 509K(576K)->509K(576K)
[315.980s][info][gc          ] GC(26) Pause Young (Normal) (G1 Evacuation Pause) 197M->59M(258M) 20.875ms
[315.980s][info][gc,cpu      ] GC(26) User=0.03s Sys=0.01s Real=0.02s
[332.317s][info][gc,start    ] GC(27) Pause Young (Normal) (G1 Evacuation Pause)
[332.317s][info][gc,task     ] GC(27) Using 2 workers of 2 for evacuation
[332.319s][info][gc,phases   ] GC(27)   Pre Evacuate Collection Set: 0.14ms
[332.319s][info][gc,phases   ] GC(27)   Merge Heap Roots: 0.06ms
[332.319s][info][gc,phases   ] GC(27)   Evacuate Collection Set: 1.63ms
[332.319s][info][gc,phases   ] GC(27)   Post Evacuate Collection Set: 0.26ms
[332.319s][info][gc,phases   ] GC(27)   Other: 0.08ms
[332.319s][info][gc,heap     ] GC(27) Eden regions: 152->0(152)
[332.319s][info][gc,heap     ] GC(27) Survivor regions: 1->1(20)
[332.319s][info][gc,heap     ] GC(27) Old regions: 60->60
[332.319s][info][gc,heap     ] GC(27) Humongous regions: 0->0
[332.319s][info][gc,metaspace] GC(27) Metaspace: 5510K(5632K)->5510K(5632K) NonClass: 5000K(5056K)->5000K(5056K) Class: 509K(576K)->509K(576K)
[332.319s][info][gc          ] GC(27) Pause Young (Normal) (G1 Evacuation Pause) 211M->59M(258M) 2.328ms
[332.319s][info][gc,cpu      ] GC(27) User=0.01s Sys=0.00s Real=0.01s
[348.235s][info][gc,start    ] GC(28) Pause Young (Normal) (G1 Evacuation Pause)
[348.235s][info][gc,task     ] GC(28) Using 2 workers of 2 for evacuation
[348.238s][info][gc,phases   ] GC(28)   Pre Evacuate Collection Set: 0.15ms
[348.238s][info][gc,phases   ] GC(28)   Merge Heap Roots: 0.07ms
[348.238s][info][gc,phases   ] GC(28)   Evacuate Collection Set: 2.10ms
[348.238s][info][gc,phases   ] GC(28)   Post Evacuate Collection Set: 0.25ms
[348.238s][info][gc,phases   ] GC(28)   Other: 0.08ms
[348.238s][info][gc,heap     ] GC(28) Eden regions: 152->0(151)
[348.238s][info][gc,heap     ] GC(28) Survivor regions: 1->2(20)
[348.238s][info][gc,heap     ] GC(28) Old regions: 60->60
[348.238s][info][gc,heap     ] GC(28) Humongous regions: 0->0
[348.238s][info][gc,metaspace] GC(28) Metaspace: 5510K(5632K)->5510K(5632K) NonClass: 5000K(5056K)->5000K(5056K) Class: 509K(576K)->509K(576K)
[348.238s][info][gc          ] GC(28) Pause Young (Normal) (G1 Evacuation Pause) 211M->60M(258M) 2.809ms
[348.238s][info][gc,cpu      ] GC(28) User=0.00s Sys=0.00s Real=0.00s
[364.442s][info][gc,start    ] GC(29) Pause Young (Normal) (G1 Evacuation Pause)
[364.442s][info][gc,task     ] GC(29) Using 2 workers of 2 for evacuation
[364.445s][info][gc,phases   ] GC(29)   Pre Evacuate Collection Set: 0.14ms
[364.445s][info][gc,phases   ] GC(29)   Merge Heap Roots: 0.06ms
[364.445s][info][gc,phases   ] GC(29)   Evacuate Collection Set: 2.65ms
[364.445s][info][gc,phases   ] GC(29)   Post Evacuate Collection Set: 0.26ms
[364.445s][info][gc,phases   ] GC(29)   Other: 0.07ms
[364.445s][info][gc,heap     ] GC(29) Eden regions: 151->0(151)
[364.445s][info][gc,heap     ] GC(29) Survivor regions: 2->2(20)
[364.445s][info][gc,heap     ] GC(29) Old regions: 60->60
[364.445s][info][gc,heap     ] GC(29) Humongous regions: 0->0
[364.445s][info][gc,metaspace] GC(29) Metaspace: 5510K(5632K)->5510K(5632K) NonClass: 5000K(5056K)->5000K(5056K) Class: 509K(576K)->509K(576K)
[364.445s][info][gc          ] GC(29) Pause Young (Normal) (G1 Evacuation Pause) 211M->60M(258M) 3.358ms
[364.445s][info][gc,cpu      ] GC(29) User=0.01s Sys=0.00s Real=0.00s
[378.637s][info][gc,start    ] GC(30) Pause Young (Normal) (G1 Evacuation Pause)
[378.637s][info][gc,task     ] GC(30) Using 2 workers of 2 for evacuation
[378.654s][info][gc,phases   ] GC(30)   Pre Evacuate Collection Set: 0.13ms
[378.654s][info][gc,phases   ] GC(30)   Merge Heap Roots: 0.07ms
[378.654s][info][gc,phases   ] GC(30)   Evacuate Collection Set: 16.11ms
[378.654s][info][gc,phases   ] GC(30)   Post Evacuate Collection Set: 0.28ms
[378.654s][info][gc,phases   ] GC(30)   Other: 0.07ms
[378.654s][info][gc,heap     ] GC(30) Eden regions: 151->0(139)
[378.654s][info][gc,heap     ] GC(30) Survivor regions: 2->14(20)
[378.654s][info][gc,heap     ] GC(30) Old regions: 60->60
[378.654s][info][gc,heap     ] GC(30) Humongous regions: 0->0
[378.654s][info][gc,metaspace] GC(30) Metaspace: 5526K(5696K)->5526K(5696K) NonClass: 5016K(5120K)->5016K(5120K) Class: 509K(576K)->509K(576K)
[378.654s][info][gc          ] GC(30) Pause Young (Normal) (G1 Evacuation Pause) 211M->72M(258M) 16.815ms
[378.654s][info][gc,cpu      ] GC(30) User=0.03s Sys=0.01s Real=0.02s
[399.034s][info][gc,start    ] GC(31) Pause Young (Normal) (G1 Evacuation Pause)
[399.034s][info][gc,task     ] GC(31) Using 2 workers of 2 for evacuation
[399.055s][info][gc,phases   ] GC(31)   Pre Evacuate Collection Set: 0.14ms
[399.055s][info][gc,phases   ] GC(31)   Merge Heap Roots: 0.06ms
[399.055s][info][gc,phases   ] GC(31)   Evacuate Collection Set: 20.53ms
[399.055s][info][gc,phases   ] GC(31)   Post Evacuate Collection Set: 0.28ms
[399.055s][info][gc,phases   ] GC(31)   Other: 0.06ms
[399.055s][info][gc,heap     ] GC(31) Eden regions: 139->0(152)
[399.055s][info][gc,heap     ] GC(31) Survivor regions: 14->1(20)
[399.055s][info][gc,heap     ] GC(31) Old regions: 60->73
[399.055s][info][gc,heap     ] GC(31) Humongous regions: 0->0
[399.055s][info][gc,metaspace] GC(31) Metaspace: 5526K(5696K)->5526K(5696K) NonClass: 5016K(5120K)->5016K(5120K) Class: 509K(576K)->509K(576K)
[399.055s][info][gc          ] GC(31) Pause Young (Normal) (G1 Evacuation Pause) 211M->73M(258M) 21.244ms
[399.055s][info][gc,cpu      ] GC(31) User=0.03s Sys=0.01s Real=0.02s
[414.869s][info][gc,start    ] GC(32) Pause Young (Normal) (G1 Evacuation Pause)
[414.869s][info][gc,task     ] GC(32) Using 2 workers of 2 for evacuation
[414.872s][info][gc,phases   ] GC(32)   Pre Evacuate Collection Set: 0.15ms
[414.872s][info][gc,phases   ] GC(32)   Merge Heap Roots: 0.06ms
[414.872s][info][gc,phases   ] GC(32)   Evacuate Collection Set: 1.62ms
[414.872s][info][gc,phases   ] GC(32)   Post Evacuate Collection Set: 0.30ms
[414.872s][info][gc,phases   ] GC(32)   Other: 0.08ms
[414.872s][info][gc,heap     ] GC(32) Eden regions: 152->0(152)
[414.872s][info][gc,heap     ] GC(32) Survivor regions: 1->1(20)
[414.872s][info][gc,heap     ] GC(32) Old regions: 73->73
[414.872s][info][gc,heap     ] GC(32) Humongous regions: 0->0
[414.872s][info][gc,metaspace] GC(32) Metaspace: 5526K(5696K)->5526K(5696K) NonClass: 5016K(5120K)->5016K(5120K) Class: 509K(576K)->509K(576K)
[414.872s][info][gc          ] GC(32) Pause Young (Normal) (G1 Evacuation Pause) 225M->73M(258M) 2.357ms
[414.872s][info][gc,cpu      ] GC(32) User=0.01s Sys=0.00s Real=0.00s
[431.019s][info][gc,start    ] GC(33) Pause Young (Normal) (G1 Evacuation Pause)
[431.019s][info][gc,task     ] GC(33) Using 2 workers of 2 for evacuation
[431.022s][info][gc,phases   ] GC(33)   Pre Evacuate Collection Set: 0.17ms
[431.022s][info][gc,phases   ] GC(33)   Merge Heap Roots: 0.07ms
[431.022s][info][gc,phases   ] GC(33)   Evacuate Collection Set: 2.11ms
[431.022s][info][gc,phases   ] GC(33)   Post Evacuate Collection Set: 0.24ms
[431.022s][info][gc,phases   ] GC(33)   Other: 0.09ms
[431.022s][info][gc,heap     ] GC(33) Eden regions: 152->0(151)
[431.022s][info][gc,heap     ] GC(33) Survivor regions: 1->2(20)
[431.022s][info][gc,heap     ] GC(33) Old regions: 73->73
[431.022s][info][gc,heap     ] GC(33) Humongous regions: 0->0
[431.022s][info][gc,metaspace] GC(33) Metaspace: 5526K(5696K)->5526K(5696K) NonClass: 5016K(5120K)->5016K(5120K) Class: 509K(576K)->509K(576K)
[431.022s][info][gc          ] GC(33) Pause Young (Normal) (G1 Evacuation Pause) 225M->73M(258M) 2.836ms
[431.022s][info][gc,cpu      ] GC(33) User=0.00s Sys=0.00s Real=0.00s
[446.703s][info][gc,start    ] GC(34) Pause Young (Normal) (G1 Evacuation Pause)
[446.703s][info][gc,task     ] GC(34) Using 2 workers of 2 for evacuation
[446.706s][info][gc,phases   ] GC(34)   Pre Evacuate Collection Set: 0.14ms
[446.706s][info][gc,phases   ] GC(34)   Merge Heap Roots: 0.06ms
[446.706s][info][gc,phases   ] GC(34)   Evacuate Collection Set: 2.48ms
[446.706s][info][gc,phases   ] GC(34)   Post Evacuate Collection Set: 0.27ms
[446.706s][info][gc,phases   ] GC(34)   Other: 0.06ms
[446.706s][info][gc,heap     ] GC(34) Eden regions: 151->0(151)
[446.706s][info][gc,heap     ] GC(34) Survivor regions: 2->2(20)
[446.706s][info][gc,heap     ] GC(34) Old regions: 73->73
[446.706s][info][gc,heap     ] GC(34) Humongous regions: 0->0
[446.706s][info][gc,metaspace] GC(34) Metaspace: 5526K(5696K)->5526K(5696K) NonClass: 5016K(5120K)->5016K(5120K) Class: 509K(576K)->509K(576K)
[446.706s][info][gc          ] GC(34) Pause Young (Normal) (G1 Evacuation Pause) 224M->74M(258M) 3.177ms
[446.706s][info][gc,cpu      ] GC(34) User=0.00s Sys=0.00s Real=0.00s
[462.511s][info][gc,start    ] GC(35) Pause Young (Normal) (G1 Evacuation Pause)
[462.511s][info][gc,task     ] GC(35) Using 2 workers of 2 for evacuation
[462.515s][info][gc,phases   ] GC(35)   Pre Evacuate Collection Set: 0.14ms
[462.515s][info][gc,phases   ] GC(35)   Merge Heap Roots: 0.06ms
[462.515s][info][gc,phases   ] GC(35)   Evacuate Collection Set: 3.08ms
[462.515s][info][gc,phases   ] GC(35)   Post Evacuate Collection Set: 0.27ms
[462.515s][info][gc,phases   ] GC(35)   Other: 0.06ms
[462.515s][info][gc,heap     ] GC(35) Eden regions: 151->0(150)
[462.515s][info][gc,heap     ] GC(35) Survivor regions: 2->3(20)
[462.515s][info][gc,heap     ] GC(35) Old regions: 73->73
[462.515s][info][gc,heap     ] GC(35) Humongous regions: 0->0
[462.515s][info][gc,metaspace] GC(35) Metaspace: 5526K(5696K)->5526K(5696K) NonClass: 5016K(5120K)->5016K(5120K) Class: 509K(576K)->509K(576K)
[462.515s][info][gc          ] GC(35) Pause Young (Normal) (G1 Evacuation Pause) 225M->74M(258M) 3.797ms
[462.515s][info][gc,cpu      ] GC(35) User=0.00s Sys=0.00s Real=0.00s
[480.615s][info][gc,start    ] GC(36) Pause Young (Normal) (G1 Evacuation Pause)
[480.615s][info][gc,task     ] GC(36) Using 2 workers of 2 for evacuation
[480.632s][info][gc,phases   ] GC(36)   Pre Evacuate Collection Set: 0.13ms
[480.632s][info][gc,phases   ] GC(36)   Merge Heap Roots: 0.07ms
[480.632s][info][gc,phases   ] GC(36)   Evacuate Collection Set: 16.44ms
[480.632s][info][gc,phases   ] GC(36)   Post Evacuate Collection Set: 0.30ms
[480.632s][info][gc,phases   ] GC(36)   Other: 0.08ms
[480.632s][info][gc,heap     ] GC(36) Eden regions: 150->0(139)
[480.632s][info][gc,heap     ] GC(36) Survivor regions: 3->14(20)
[480.632s][info][gc,heap     ] GC(36) Old regions: 73->73
[480.632s][info][gc,heap     ] GC(36) Humongous regions: 0->0
[480.632s][info][gc,metaspace] GC(36) Metaspace: 5535K(5696K)->5535K(5696K) NonClass: 5025K(5120K)->5025K(5120K) Class: 509K(576K)->509K(576K)
[480.632s][info][gc          ] GC(36) Pause Young (Normal) (G1 Evacuation Pause) 224M->86M(258M) 17.215ms
[480.632s][info][gc,cpu      ] GC(36) User=0.03s Sys=0.00s Real=0.02s
[496.852s][info][gc,start    ] GC(37) Pause Young (Normal) (G1 Evacuation Pause)
[496.852s][info][gc,task     ] GC(37) Using 2 workers of 2 for evacuation
[496.874s][info][gc,phases   ] GC(37)   Pre Evacuate Collection Set: 0.13ms
[496.874s][info][gc,phases   ] GC(37)   Merge Heap Roots: 0.06ms
[496.874s][info][gc,phases   ] GC(37)   Evacuate Collection Set: 21.34ms
[496.874s][info][gc,phases   ] GC(37)   Post Evacuate Collection Set: 0.27ms
[496.874s][info][gc,phases   ] GC(37)   Other: 0.07ms
[496.874s][info][gc,heap     ] GC(37) Eden regions: 139->0(152)
[496.874s][info][gc,heap     ] GC(37) Survivor regions: 14->1(20)
[496.874s][info][gc,heap     ] GC(37) Old regions: 73->87
[496.874s][info][gc,heap     ] GC(37) Humongous regions: 0->0
[496.874s][info][gc,metaspace] GC(37) Metaspace: 5535K(5696K)->5535K(5696K) NonClass: 5025K(5120K)->5025K(5120K) Class: 509K(576K)->509K(576K)
[496.874s][info][gc          ] GC(37) Pause Young (Normal) (G1 Evacuation Pause) 225M->86M(258M) 22.051ms
[496.874s][info][gc,cpu      ] GC(37) User=0.03s Sys=0.01s Real=0.02s
[512.938s][info][gc,start    ] GC(38) Pause Young (Normal) (G1 Evacuation Pause)
[512.938s][info][gc,task     ] GC(38) Using 2 workers of 2 for evacuation
[512.940s][info][gc,phases   ] GC(38)   Pre Evacuate Collection Set: 0.16ms
[512.940s][info][gc,phases   ] GC(38)   Merge Heap Roots: 0.07ms
[512.940s][info][gc,phases   ] GC(38)   Evacuate Collection Set: 1.73ms
[512.940s][info][gc,phases   ] GC(38)   Post Evacuate Collection Set: 0.27ms
[512.940s][info][gc,phases   ] GC(38)   Other: 0.07ms
[512.940s][info][gc,heap     ] GC(38) Eden regions: 152->0(152)
[512.940s][info][gc,heap     ] GC(38) Survivor regions: 1->1(20)
[512.940s][info][gc,heap     ] GC(38) Old regions: 87->87
[512.940s][info][gc,heap     ] GC(38) Humongous regions: 0->0
[512.940s][info][gc,metaspace] GC(38) Metaspace: 5535K(5696K)->5535K(5696K) NonClass: 5025K(5120K)->5025K(5120K) Class: 509K(576K)->509K(576K)
[512.940s][info][gc          ] GC(38) Pause Young (Normal) (G1 Evacuation Pause) 238M->86M(258M) 2.455ms
[512.940s][info][gc,cpu      ] GC(38) User=0.00s Sys=0.00s Real=0.01s
[528.950s][info][gc,start    ] GC(39) Pause Young (Normal) (G1 Evacuation Pause)
[528.950s][info][gc,task     ] GC(39) Using 2 workers of 2 for evacuation
[528.952s][info][gc,phases   ] GC(39)   Pre Evacuate Collection Set: 0.14ms
[528.952s][info][gc,phases   ] GC(39)   Merge Heap Roots: 0.06ms
[528.952s][info][gc,phases   ] GC(39)   Evacuate Collection Set: 2.05ms
[528.952s][info][gc,phases   ] GC(39)   Post Evacuate Collection Set: 0.23ms
[528.952s][info][gc,phases   ] GC(39)   Other: 0.07ms
[528.952s][info][gc,heap     ] GC(39) Eden regions: 152->0(151)
[528.952s][info][gc,heap     ] GC(39) Survivor regions: 1->2(20)
[528.952s][info][gc,heap     ] GC(39) Old regions: 87->87
[528.952s][info][gc,heap     ] GC(39) Humongous regions: 0->0
[528.952s][info][gc,metaspace] GC(39) Metaspace: 5535K(5696K)->5535K(5696K) NonClass: 5025K(5120K)->5025K(5120K) Class: 509K(576K)->509K(576K)
[528.952s][info][gc          ] GC(39) Pause Young (Normal) (G1 Evacuation Pause) 238M->86M(258M) 2.701ms
[528.952s][info][gc,cpu      ] GC(39) User=0.00s Sys=0.00s Real=0.00s
[544.892s][info][gc,start    ] GC(40) Pause Young (Normal) (G1 Evacuation Pause)
[544.892s][info][gc,task     ] GC(40) Using 2 workers of 2 for evacuation
[544.896s][info][gc,phases   ] GC(40)   Pre Evacuate Collection Set: 0.14ms
[544.896s][info][gc,phases   ] GC(40)   Merge Heap Roots: 0.06ms
[544.896s][info][gc,phases   ] GC(40)   Evacuate Collection Set: 2.79ms
[544.896s][info][gc,phases   ] GC(40)   Post Evacuate Collection Set: 0.27ms
[544.896s][info][gc,phases   ] GC(40)   Other: 0.11ms
[544.896s][info][gc,heap     ] GC(40) Eden regions: 151->0(151)
[544.896s][info][gc,heap     ] GC(40) Survivor regions: 2->2(20)
[544.896s][info][gc,heap     ] GC(40) Old regions: 87->87
[544.896s][info][gc,heap     ] GC(40) Humongous regions: 0->0
[544.896s][info][gc,metaspace] GC(40) Metaspace: 5535K(5696K)->5535K(5696K) NonClass: 5025K(5120K)->5025K(5120K) Class: 509K(576K)->509K(576K)
[544.896s][info][gc          ] GC(40) Pause Young (Normal) (G1 Evacuation Pause) 237M->87M(258M) 3.559ms
[544.896s][info][gc,cpu      ] GC(40) User=0.01s Sys=0.00s Real=0.00s
[560.548s][info][gc,start    ] GC(41) Pause Young (Normal) (G1 Evacuation Pause)
[560.548s][info][gc,task     ] GC(41) Using 2 workers of 2 for evacuation
[560.553s][info][gc,phases   ] GC(41)   Pre Evacuate Collection Set: 0.16ms
[560.553s][info][gc,phases   ] GC(41)   Merge Heap Roots: 0.06ms
[560.553s][info][gc,phases   ] GC(41)   Evacuate Collection Set: 3.64ms
[560.553s][info][gc,phases   ] GC(41)   Post Evacuate Collection Set: 0.27ms
[560.553s][info][gc,phases   ] GC(41)   Other: 0.06ms
[560.553s][info][gc,heap     ] GC(41) Eden regions: 151->0(150)
[560.553s][info][gc,heap     ] GC(41) Survivor regions: 2->3(20)
[560.553s][info][gc,heap     ] GC(41) Old regions: 87->87
[560.553s][info][gc,heap     ] GC(41) Humongous regions: 0->0
[560.553s][info][gc,metaspace] GC(41) Metaspace: 5535K(5696K)->5535K(5696K) NonClass: 5025K(5120K)->5025K(5120K) Class: 509K(576K)->509K(576K)
[560.553s][info][gc          ] GC(41) Pause Young (Normal) (G1 Evacuation Pause) 238M->88M(258M) 4.346ms
[560.553s][info][gc,cpu      ] GC(41) User=0.01s Sys=0.00s Real=0.00s
[580.007s][info][gc,start    ] GC(42) Pause Young (Normal) (G1 Evacuation Pause)
[580.007s][info][gc,task     ] GC(42) Using 2 workers of 2 for evacuation
[580.023s][info][gc,phases   ] GC(42)   Pre Evacuate Collection Set: 0.14ms
[580.024s][info][gc,phases   ] GC(42)   Merge Heap Roots: 0.08ms
[580.024s][info][gc,phases   ] GC(42)   Evacuate Collection Set: 15.69ms
[580.024s][info][gc,phases   ] GC(42)   Post Evacuate Collection Set: 0.27ms
[580.024s][info][gc,phases   ] GC(42)   Other: 0.06ms
[580.024s][info][gc,heap     ] GC(42) Eden regions: 150->0(129)
[580.024s][info][gc,heap     ] GC(42) Survivor regions: 3->14(20)
[580.024s][info][gc,heap     ] GC(42) Old regions: 87->87
[580.024s][info][gc,heap     ] GC(42) Humongous regions: 0->0
[580.024s][info][gc,metaspace] GC(42) Metaspace: 5547K(5696K)->5547K(5696K) NonClass: 5038K(5120K)->5038K(5120K) Class: 509K(576K)->509K(576K)
[580.024s][info][gc          ] GC(42) Pause Young (Normal) (G1 Evacuation Pause) 238M->99M(258M) 16.396ms
[580.024s][info][gc,cpu      ] GC(42) User=0.03s Sys=0.00s Real=0.02s
[594.287s][info][gc,start    ] GC(43) Pause Young (Normal) (G1 Evacuation Pause)
[594.287s][info][gc,task     ] GC(43) Using 2 workers of 2 for evacuation
[594.304s][info][gc,phases   ] GC(43)   Pre Evacuate Collection Set: 0.16ms
[594.304s][info][gc,phases   ] GC(43)   Merge Heap Roots: 0.05ms
[594.304s][info][gc,phases   ] GC(43)   Evacuate Collection Set: 16.48ms
[594.304s][info][gc,phases   ] GC(43)   Post Evacuate Collection Set: 0.26ms
[594.304s][info][gc,phases   ] GC(43)   Other: 0.06ms
[594.304s][info][gc,heap     ] GC(43) Eden regions: 129->0(141)
[594.304s][info][gc,heap     ] GC(43) Survivor regions: 14->1(18)
[594.304s][info][gc,heap     ] GC(43) Old regions: 87->101
[594.304s][info][gc,heap     ] GC(43) Humongous regions: 0->0
[594.304s][info][gc,metaspace] GC(43) Metaspace: 5547K(5696K)->5547K(5696K) NonClass: 5038K(5120K)->5038K(5120K) Class: 509K(576K)->509K(576K)
[594.304s][info][gc          ] GC(43) Pause Young (Normal) (G1 Evacuation Pause) 228M->100M(258M) 17.184ms
[594.304s][info][gc,cpu      ] GC(43) User=0.03s Sys=0.00s Real=0.02s
[609.419s][info][gc,start    ] GC(44) Pause Young (Normal) (G1 Evacuation Pause)
[609.419s][info][gc,task     ] GC(44) Using 2 workers of 2 for evacuation
[609.421s][info][gc,phases   ] GC(44)   Pre Evacuate Collection Set: 0.16ms
[609.421s][info][gc,phases   ] GC(44)   Merge Heap Roots: 0.06ms
[609.421s][info][gc,phases   ] GC(44)   Evacuate Collection Set: 1.49ms
[609.421s][info][gc,phases   ] GC(44)   Post Evacuate Collection Set: 0.31ms
[609.421s][info][gc,phases   ] GC(44)   Other: 0.13ms
[609.421s][info][gc,heap     ] GC(44) Eden regions: 141->0(141)
[609.421s][info][gc,heap     ] GC(44) Survivor regions: 1->1(18)
[609.421s][info][gc,heap     ] GC(44) Old regions: 101->101
[609.421s][info][gc,heap     ] GC(44) Humongous regions: 0->0
[609.421s][info][gc,metaspace] GC(44) Metaspace: 5547K(5696K)->5547K(5696K) NonClass: 5038K(5120K)->5038K(5120K) Class: 509K(576K)->509K(576K)
[609.421s][info][gc          ] GC(44) Pause Young (Normal) (G1 Evacuation Pause) 241M->100M(258M) 2.359ms
[609.422s][info][gc,cpu      ] GC(44) User=0.01s Sys=0.00s Real=0.00s
[624.228s][info][gc,start    ] GC(45) Pause Young (Normal) (G1 Evacuation Pause)
[624.228s][info][gc,task     ] GC(45) Using 2 workers of 2 for evacuation
[624.231s][info][gc,phases   ] GC(45)   Pre Evacuate Collection Set: 0.14ms
[624.231s][info][gc,phases   ] GC(45)   Merge Heap Roots: 0.06ms
[624.231s][info][gc,phases   ] GC(45)   Evacuate Collection Set: 1.89ms
[624.231s][info][gc,phases   ] GC(45)   Post Evacuate Collection Set: 0.25ms
[624.231s][info][gc,phases   ] GC(45)   Other: 0.06ms
[624.231s][info][gc,heap     ] GC(45) Eden regions: 141->0(139)
[624.231s][info][gc,heap     ] GC(45) Survivor regions: 1->2(18)
[624.231s][info][gc,heap     ] GC(45) Old regions: 101->101
[624.231s][info][gc,heap     ] GC(45) Humongous regions: 0->0
[624.231s][info][gc,metaspace] GC(45) Metaspace: 5547K(5696K)->5547K(5696K) NonClass: 5038K(5120K)->5038K(5120K) Class: 509K(576K)->509K(576K)
[624.231s][info][gc          ] GC(45) Pause Young (Normal) (G1 Evacuation Pause) 241M->100M(258M) 2.553ms
[624.231s][info][gc,cpu      ] GC(45) User=0.00s Sys=0.00s Real=0.00s
[638.898s][info][gc,start    ] GC(46) Pause Young (Normal) (G1 Evacuation Pause)
[638.898s][info][gc,task     ] GC(46) Using 2 workers of 2 for evacuation
[638.901s][info][gc,phases   ] GC(46)   Pre Evacuate Collection Set: 0.16ms
[638.901s][info][gc,phases   ] GC(46)   Merge Heap Roots: 0.07ms
[638.901s][info][gc,phases   ] GC(46)   Evacuate Collection Set: 2.49ms
[638.901s][info][gc,phases   ] GC(46)   Post Evacuate Collection Set: 0.24ms
[638.901s][info][gc,phases   ] GC(46)   Other: 0.06ms
[638.901s][info][gc,heap     ] GC(46) Eden regions: 139->0(139)
[638.901s][info][gc,heap     ] GC(46) Survivor regions: 2->2(18)
[638.901s][info][gc,heap     ] GC(46) Old regions: 101->101
[638.901s][info][gc,heap     ] GC(46) Humongous regions: 0->0
[638.901s][info][gc,metaspace] GC(46) Metaspace: 5547K(5696K)->5547K(5696K) NonClass: 5038K(5120K)->5038K(5120K) Class: 509K(576K)->509K(576K)
[638.901s][info][gc          ] GC(46) Pause Young (Normal) (G1 Evacuation Pause) 239M->101M(258M) 3.180ms
[638.901s][info][gc,cpu      ] GC(46) User=0.01s Sys=0.00s Real=0.01s
[652.897s][info][gc,start    ] GC(47) Pause Young (Normal) (G1 Evacuation Pause)
[652.897s][info][gc,task     ] GC(47) Using 2 workers of 2 for evacuation
[652.900s][info][gc,phases   ] GC(47)   Pre Evacuate Collection Set: 0.15ms
[652.900s][info][gc,phases   ] GC(47)   Merge Heap Roots: 0.06ms
[652.900s][info][gc,phases   ] GC(47)   Evacuate Collection Set: 2.72ms
[652.900s][info][gc,phases   ] GC(47)   Post Evacuate Collection Set: 0.28ms
[652.900s][info][gc,phases   ] GC(47)   Other: 0.06ms
[652.900s][info][gc,heap     ] GC(47) Eden regions: 139->0(137)
[652.900s][info][gc,heap     ] GC(47) Survivor regions: 2->3(18)
[652.900s][info][gc,heap     ] GC(47) Old regions: 101->101
[652.900s][info][gc,heap     ] GC(47) Humongous regions: 0->0
[652.900s][info][gc,metaspace] GC(47) Metaspace: 5547K(5696K)->5547K(5696K) NonClass: 5038K(5120K)->5038K(5120K) Class: 509K(576K)->509K(576K)
[652.900s][info][gc          ] GC(47) Pause Young (Normal) (G1 Evacuation Pause) 240M->102M(258M) 3.435ms
[652.900s][info][gc,cpu      ] GC(47) User=0.01s Sys=0.00s Real=0.01s
[669.444s][info][gc,start    ] GC(48) Pause Young (Normal) (G1 Evacuation Pause)
[669.444s][info][gc,task     ] GC(48) Using 2 workers of 2 for evacuation
[669.461s][info][gc,phases   ] GC(48)   Pre Evacuate Collection Set: 0.15ms
[669.461s][info][gc,phases   ] GC(48)   Merge Heap Roots: 0.09ms
[669.461s][info][gc,phases   ] GC(48)   Evacuate Collection Set: 16.56ms
[669.461s][info][gc,phases   ] GC(48)   Post Evacuate Collection Set: 0.28ms
[669.461s][info][gc,phases   ] GC(48)   Other: 0.07ms
[669.461s][info][gc,heap     ] GC(48) Eden regions: 137->0(115)
[669.461s][info][gc,heap     ] GC(48) Survivor regions: 3->14(18)
[669.461s][info][gc,heap     ] GC(48) Old regions: 101->101
[669.461s][info][gc,heap     ] GC(48) Humongous regions: 0->0
[669.461s][info][gc,metaspace] GC(48) Metaspace: 5604K(5696K)->5604K(5696K) NonClass: 5094K(5120K)->5094K(5120K) Class: 509K(576K)->509K(576K)
[669.461s][info][gc          ] GC(48) Pause Young (Normal) (G1 Evacuation Pause) 239M->113M(258M) 17.326ms
[669.461s][info][gc,cpu      ] GC(48) User=0.03s Sys=0.00s Real=0.02s
[683.223s][info][gc,start    ] GC(49) Pause Young (Normal) (G1 Evacuation Pause)
[683.223s][info][gc,task     ] GC(49) Using 2 workers of 2 for evacuation
[683.239s][info][gc,phases   ] GC(49)   Pre Evacuate Collection Set: 0.14ms
[683.239s][info][gc,phases   ] GC(49)   Merge Heap Roots: 0.06ms
[683.239s][info][gc,phases   ] GC(49)   Evacuate Collection Set: 15.55ms
[683.239s][info][gc,phases   ] GC(49)   Post Evacuate Collection Set: 0.27ms
[683.239s][info][gc,phases   ] GC(49)   Other: 0.06ms
[683.239s][info][gc,heap     ] GC(49) Eden regions: 115->0(128)
[683.239s][info][gc,heap     ] GC(49) Survivor regions: 14->1(17)
[683.239s][info][gc,heap     ] GC(49) Old regions: 101->114
[683.239s][info][gc,heap     ] GC(49) Humongous regions: 0->0
[683.239s][info][gc,metaspace] GC(49) Metaspace: 5605K(5696K)->5605K(5696K) NonClass: 5095K(5120K)->5095K(5120K) Class: 509K(576K)->509K(576K)
[683.239s][info][gc          ] GC(49) Pause Young (Normal) (G1 Evacuation Pause) 228M->114M(258M) 16.264ms
[683.239s][info][gc,cpu      ] GC(49) User=0.04s Sys=0.00s Real=0.02s
[696.459s][info][gc,start    ] GC(50) Pause Young (Normal) (G1 Evacuation Pause)
[696.459s][info][gc,task     ] GC(50) Using 2 workers of 2 for evacuation
[696.463s][info][gc,phases   ] GC(50)   Pre Evacuate Collection Set: 0.18ms
[696.463s][info][gc,phases   ] GC(50)   Merge Heap Roots: 0.05ms
[696.463s][info][gc,phases   ] GC(50)   Evacuate Collection Set: 3.83ms
[696.463s][info][gc,phases   ] GC(50)   Post Evacuate Collection Set: 0.28ms
[696.463s][info][gc,phases   ] GC(50)   Other: 0.06ms
[696.463s][info][gc,heap     ] GC(50) Eden regions: 128->0(128)
[696.463s][info][gc,heap     ] GC(50) Survivor regions: 1->1(17)
[696.463s][info][gc,heap     ] GC(50) Old regions: 114->114
[696.463s][info][gc,heap     ] GC(50) Humongous regions: 0->0
[696.463s][info][gc,metaspace] GC(50) Metaspace: 5605K(5696K)->5605K(5696K) NonClass: 5095K(5120K)->5095K(5120K) Class: 509K(576K)->509K(576K)
[696.463s][info][gc          ] GC(50) Pause Young (Normal) (G1 Evacuation Pause) 242M->113M(258M) 4.534ms
[696.463s][info][gc,cpu      ] GC(50) User=0.00s Sys=0.00s Real=0.00s
[710.314s][info][gc,start    ] GC(51) Pause Young (Normal) (G1 Evacuation Pause)
[710.314s][info][gc,task     ] GC(51) Using 2 workers of 2 for evacuation
[710.316s][info][gc,phases   ] GC(51)   Pre Evacuate Collection Set: 0.17ms
[710.316s][info][gc,phases   ] GC(51)   Merge Heap Roots: 0.06ms
[710.316s][info][gc,phases   ] GC(51)   Evacuate Collection Set: 1.72ms
[710.316s][info][gc,phases   ] GC(51)   Post Evacuate Collection Set: 0.25ms
[710.316s][info][gc,phases   ] GC(51)   Other: 0.06ms
[710.316s][info][gc,heap     ] GC(51) Eden regions: 128->0(126)
[710.316s][info][gc,heap     ] GC(51) Survivor regions: 1->2(17)
[710.316s][info][gc,heap     ] GC(51) Old regions: 114->114
[710.316s][info][gc,heap     ] GC(51) Humongous regions: 0->0
[710.316s][info][gc,metaspace] GC(51) Metaspace: 5605K(5696K)->5605K(5696K) NonClass: 5095K(5120K)->5095K(5120K) Class: 509K(576K)->509K(576K)
[710.316s][info][gc          ] GC(51) Pause Young (Normal) (G1 Evacuation Pause) 241M->114M(258M) 2.434ms
[710.316s][info][gc,cpu      ] GC(51) User=0.00s Sys=0.00s Real=0.00s
[723.337s][info][gc,start    ] GC(52) Pause Young (Normal) (G1 Evacuation Pause)
[723.337s][info][gc,task     ] GC(52) Using 2 workers of 2 for evacuation
[723.340s][info][gc,phases   ] GC(52)   Pre Evacuate Collection Set: 0.14ms
[723.340s][info][gc,phases   ] GC(52)   Merge Heap Roots: 0.06ms
[723.340s][info][gc,phases   ] GC(52)   Evacuate Collection Set: 2.22ms
[723.340s][info][gc,phases   ] GC(52)   Post Evacuate Collection Set: 0.28ms
[723.340s][info][gc,phases   ] GC(52)   Other: 0.08ms
[723.340s][info][gc,heap     ] GC(52) Eden regions: 126->0(126)
[723.340s][info][gc,heap     ] GC(52) Survivor regions: 2->2(16)
[723.340s][info][gc,heap     ] GC(52) Old regions: 114->114
[723.340s][info][gc,heap     ] GC(52) Humongous regions: 0->0
[723.340s][info][gc,metaspace] GC(52) Metaspace: 5605K(5696K)->5605K(5696K) NonClass: 5095K(5120K)->5095K(5120K) Class: 509K(576K)->509K(576K)
[723.340s][info][gc          ] GC(52) Pause Young (Normal) (G1 Evacuation Pause) 240M->114M(258M) 2.960ms
[723.340s][info][gc,cpu      ] GC(52) User=0.00s Sys=0.01s Real=0.01s
[736.407s][info][gc,start    ] GC(53) Pause Young (Normal) (G1 Evacuation Pause)
[736.407s][info][gc,task     ] GC(53) Using 2 workers of 2 for evacuation
[736.411s][info][gc,phases   ] GC(53)   Pre Evacuate Collection Set: 0.15ms
[736.411s][info][gc,phases   ] GC(53)   Merge Heap Roots: 0.05ms
[736.411s][info][gc,phases   ] GC(53)   Evacuate Collection Set: 2.81ms
[736.411s][info][gc,phases   ] GC(53)   Post Evacuate Collection Set: 0.30ms
[736.411s][info][gc,phases   ] GC(53)   Other: 0.09ms
[736.411s][info][gc,heap     ] GC(53) Eden regions: 126->0(124)
[736.411s][info][gc,heap     ] GC(53) Survivor regions: 2->3(16)
[736.411s][info][gc,heap     ] GC(53) Old regions: 114->114
[736.411s][info][gc,heap     ] GC(53) Humongous regions: 0->0
[736.411s][info][gc,metaspace] GC(53) Metaspace: 5605K(5696K)->5605K(5696K) NonClass: 5095K(5120K)->5095K(5120K) Class: 509K(576K)->509K(576K)
[736.411s][info][gc          ] GC(53) Pause Young (Normal) (G1 Evacuation Pause) 240M->115M(258M) 3.571ms
[736.411s][info][gc,cpu      ] GC(53) User=0.01s Sys=0.00s Real=0.01s
[749.308s][info][gc,start    ] GC(54) Pause Young (Normal) (G1 Evacuation Pause)
[749.308s][info][gc,task     ] GC(54) Using 2 workers of 2 for evacuation
[749.313s][info][gc,phases   ] GC(54)   Pre Evacuate Collection Set: 0.19ms
[749.313s][info][gc,phases   ] GC(54)   Merge Heap Roots: 0.09ms
[749.313s][info][gc,phases   ] GC(54)   Evacuate Collection Set: 3.66ms
[749.313s][info][gc,phases   ] GC(54)   Post Evacuate Collection Set: 0.31ms
[749.313s][info][gc,phases   ] GC(54)   Other: 0.06ms
[749.313s][info][gc,heap     ] GC(54) Eden regions: 124->0(124)
[749.313s][info][gc,heap     ] GC(54) Survivor regions: 3->3(16)
[749.313s][info][gc,heap     ] GC(54) Old regions: 114->114
[749.313s][info][gc,heap     ] GC(54) Humongous regions: 0->0
[749.313s][info][gc,metaspace] GC(54) Metaspace: 5605K(5696K)->5605K(5696K) NonClass: 5095K(5120K)->5095K(5120K) Class: 509K(576K)->509K(576K)
[749.313s][info][gc          ] GC(54) Pause Young (Normal) (G1 Evacuation Pause) 239M->115M(258M) 4.481ms
[749.313s][info][gc,cpu      ] GC(54) User=0.01s Sys=0.00s Real=0.00s
[765.306s][info][gc,start    ] GC(55) Pause Young (Normal) (G1 Evacuation Pause)
[765.306s][info][gc,task     ] GC(55) Using 2 workers of 2 for evacuation
[765.324s][info][gc,phases   ] GC(55)   Pre Evacuate Collection Set: 0.15ms
[765.324s][info][gc,phases   ] GC(55)   Merge Heap Roots: 0.06ms
[765.324s][info][gc,phases   ] GC(55)   Evacuate Collection Set: 17.34ms
[765.324s][info][gc,phases   ] GC(55)   Post Evacuate Collection Set: 0.35ms
[765.324s][info][gc,phases   ] GC(55)   Other: 0.07ms
[765.325s][info][gc,heap     ] GC(55) Eden regions: 124->0(102)
[765.325s][info][gc,heap     ] GC(55) Survivor regions: 3->14(16)
[765.325s][info][gc,heap     ] GC(55) Old regions: 114->114
[765.325s][info][gc,heap     ] GC(55) Humongous regions: 0->0
[765.325s][info][gc,metaspace] GC(55) Metaspace: 5608K(5760K)->5608K(5760K) NonClass: 5098K(5184K)->5098K(5184K) Class: 509K(576K)->509K(576K)
[765.325s][info][gc          ] GC(55) Pause Young (Normal) (G1 Evacuation Pause) 239M->127M(258M) 18.133ms
[765.325s][info][gc,cpu      ] GC(55) User=0.04s Sys=0.00s Real=0.02s
[777.472s][info][gc,start    ] GC(56) Pause Young (Normal) (G1 Evacuation Pause)
[777.472s][info][gc,task     ] GC(56) Using 2 workers of 2 for evacuation
[777.490s][info][gc,phases   ] GC(56)   Pre Evacuate Collection Set: 0.16ms
[777.490s][info][gc,phases   ] GC(56)   Merge Heap Roots: 0.04ms
[777.490s][info][gc,phases   ] GC(56)   Evacuate Collection Set: 17.84ms
[777.490s][info][gc,phases   ] GC(56)   Post Evacuate Collection Set: 0.25ms
[777.490s][info][gc,phases   ] GC(56)   Other: 0.07ms
[777.490s][info][gc,heap     ] GC(56) Eden regions: 102->0(114)
[777.490s][info][gc,heap     ] GC(56) Survivor regions: 14->1(15)
[777.490s][info][gc,heap     ] GC(56) Old regions: 114->128
[777.490s][info][gc,heap     ] GC(56) Humongous regions: 0->0
[777.490s][info][gc,metaspace] GC(56) Metaspace: 5608K(5760K)->5608K(5760K) NonClass: 5098K(5184K)->5098K(5184K) Class: 509K(576K)->509K(576K)
[777.490s][info][gc          ] GC(56) Pause Young (Normal) (G1 Evacuation Pause) 229M->128M(258M) 18.536ms
[777.490s][info][gc,cpu      ] GC(56) User=0.03s Sys=0.00s Real=0.02s
[789.211s][info][gc,start    ] GC(57) Pause Young (Concurrent Start) (G1 Evacuation Pause)
[789.211s][info][gc,task     ] GC(57) Using 2 workers of 2 for evacuation
[789.213s][info][gc,phases   ] GC(57)   Pre Evacuate Collection Set: 0.18ms
[789.213s][info][gc,phases   ] GC(57)   Merge Heap Roots: 0.06ms
[789.213s][info][gc,phases   ] GC(57)   Evacuate Collection Set: 1.81ms
[789.213s][info][gc,phases   ] GC(57)   Post Evacuate Collection Set: 0.22ms
[789.213s][info][gc,phases   ] GC(57)   Other: 0.09ms
[789.213s][info][gc,heap     ] GC(57) Eden regions: 114->0(114)
[789.213s][info][gc,heap     ] GC(57) Survivor regions: 1->1(15)
[789.213s][info][gc,heap     ] GC(57) Old regions: 128->128
[789.213s][info][gc,heap     ] GC(57) Humongous regions: 0->0
[789.213s][info][gc,metaspace] GC(57) Metaspace: 5608K(5760K)->5608K(5760K) NonClass: 5098K(5184K)->5098K(5184K) Class: 509K(576K)->509K(576K)
[789.213s][info][gc          ] GC(57) Pause Young (Concurrent Start) (G1 Evacuation Pause) 242M->127M(258M) 2.555ms
[789.213s][info][gc,cpu      ] GC(57) User=0.01s Sys=0.00s Real=0.00s
[789.213s][info][gc          ] GC(58) Concurrent Mark Cycle
[789.213s][info][gc,marking  ] GC(58) Concurrent Scan Root Regions
[789.214s][info][gc,marking  ] GC(58) Concurrent Scan Root Regions 0.424ms
[789.214s][info][gc,marking  ] GC(58) Concurrent Mark
[789.214s][info][gc,marking  ] GC(58) Concurrent Mark From Roots
[789.214s][info][gc,task     ] GC(58) Using 1 workers of 1 for marking
[789.241s][info][gc,marking  ] GC(58) Concurrent Mark From Roots 26.893ms
[789.241s][info][gc,marking  ] GC(58) Concurrent Preclean
[789.241s][info][gc,marking  ] GC(58) Concurrent Preclean 0.023ms
[789.241s][info][gc,start    ] GC(58) Pause Remark
[789.244s][info][gc          ] GC(58) Pause Remark 129M->40M(256M) 3.052ms
[789.244s][info][gc,cpu      ] GC(58) User=0.00s Sys=0.00s Real=0.00s
[789.244s][info][gc,marking  ] GC(58) Concurrent Mark 30.698ms
[789.244s][info][gc,marking  ] GC(58) Concurrent Rebuild Remembered Sets and Scrub Regions
[789.254s][info][gc,marking  ] GC(58) Concurrent Rebuild Remembered Sets and Scrub Regions 9.895ms
[789.254s][info][gc,start    ] GC(58) Pause Cleanup
[789.254s][info][gc          ] GC(58) Pause Cleanup 40M->40M(256M) 0.033ms
[789.254s][info][gc,cpu      ] GC(58) User=0.00s Sys=0.00s Real=0.00s
[789.255s][info][gc,marking  ] GC(58) Concurrent Clear Claimed Marks
[789.255s][info][gc,marking  ] GC(58) Concurrent Clear Claimed Marks 0.009ms
[789.255s][info][gc,marking  ] GC(58) Concurrent Cleanup for Next Mark
[789.259s][info][gc,marking  ] GC(58) Concurrent Cleanup for Next Mark 4.823ms
[789.259s][info][gc          ] GC(58) Concurrent Mark Cycle 46.124ms
[801.645s][info][gc,start    ] GC(59) Pause Young (Prepare Mixed) (G1 Evacuation Pause)
[801.645s][info][gc,task     ] GC(59) Using 2 workers of 2 for evacuation
[801.648s][info][gc,phases   ] GC(59)   Pre Evacuate Collection Set: 0.17ms
[801.648s][info][gc,phases   ] GC(59)   Merge Heap Roots: 0.07ms
[801.648s][info][gc,phases   ] GC(59)   Evacuate Collection Set: 1.74ms
[801.648s][info][gc,phases   ] GC(59)   Post Evacuate Collection Set: 0.21ms
[801.648s][info][gc,phases   ] GC(59)   Other: 0.06ms
[801.648s][info][gc,heap     ] GC(59) Eden regions: 114->0(152)
[801.648s][info][gc,heap     ] GC(59) Survivor regions: 1->1(15)
[801.648s][info][gc,heap     ] GC(59) Old regions: 39->39
[801.648s][info][gc,heap     ] GC(59) Humongous regions: 0->0
[801.648s][info][gc,metaspace] GC(59) Metaspace: 5608K(5760K)->5608K(5760K) NonClass: 5098K(5184K)->5098K(5184K) Class: 509K(576K)->509K(576K)
[801.648s][info][gc          ] GC(59) Pause Young (Prepare Mixed) (G1 Evacuation Pause) 152M->39M(256M) 2.428ms
[801.648s][info][gc,cpu      ] GC(59) User=0.00s Sys=0.00s Real=0.00s
[817.359s][info][gc,start    ] GC(60) Pause Young (Mixed) (G1 Evacuation Pause)
[817.359s][info][gc,task     ] GC(60) Using 2 workers of 2 for evacuation
[817.362s][info][gc,phases   ] GC(60)   Pre Evacuate Collection Set: 0.15ms
[817.362s][info][gc,phases   ] GC(60)   Merge Heap Roots: 0.07ms
[817.362s][info][gc,phases   ] GC(60)   Evacuate Collection Set: 2.51ms
[817.362s][info][gc,phases   ] GC(60)   Post Evacuate Collection Set: 0.29ms
[817.362s][info][gc,phases   ] GC(60)   Other: 0.06ms
[817.362s][info][gc,heap     ] GC(60) Eden regions: 152->0(151)
[817.362s][info][gc,heap     ] GC(60) Survivor regions: 1->2(20)
[817.362s][info][gc,heap     ] GC(60) Old regions: 39->28
[817.362s][info][gc,heap     ] GC(60) Humongous regions: 0->0
[817.362s][info][gc,metaspace] GC(60) Metaspace: 5608K(5760K)->5608K(5760K) NonClass: 5098K(5184K)->5098K(5184K) Class: 509K(576K)->509K(576K)
[817.362s][info][gc          ] GC(60) Pause Young (Mixed) (G1 Evacuation Pause) 191M->27M(256M) 3.240ms
[817.362s][info][gc,cpu      ] GC(60) User=0.00s Sys=0.00s Real=0.00s
[833.277s][info][gc,start    ] GC(61) Pause Young (Normal) (G1 Evacuation Pause)
[833.277s][info][gc,task     ] GC(61) Using 2 workers of 2 for evacuation
[833.280s][info][gc,phases   ] GC(61)   Pre Evacuate Collection Set: 0.14ms
[833.280s][info][gc,phases   ] GC(61)   Merge Heap Roots: 0.05ms
[833.280s][info][gc,phases   ] GC(61)   Evacuate Collection Set: 2.69ms
[833.280s][info][gc,phases   ] GC(61)   Post Evacuate Collection Set: 0.26ms
[833.280s][info][gc,phases   ] GC(61)   Other: 0.06ms
[833.280s][info][gc,heap     ] GC(61) Eden regions: 151->0(150)
[833.280s][info][gc,heap     ] GC(61) Survivor regions: 2->3(20)
[833.280s][info][gc,heap     ] GC(61) Old regions: 28->28
[833.280s][info][gc,heap     ] GC(61) Humongous regions: 0->0
[833.280s][info][gc,metaspace] GC(61) Metaspace: 5608K(5760K)->5608K(5760K) NonClass: 5098K(5184K)->5098K(5184K) Class: 509K(576K)->509K(576K)
[833.280s][info][gc          ] GC(61) Pause Young (Normal) (G1 Evacuation Pause) 178M->28M(256M) 3.353ms
[833.280s][info][gc,cpu      ] GC(61) User=0.01s Sys=0.00s Real=0.01s
[849.580s][info][gc,start    ] GC(62) Pause Young (Normal) (G1 Evacuation Pause)
[849.580s][info][gc,task     ] GC(62) Using 2 workers of 2 for evacuation
[849.584s][info][gc,phases   ] GC(62)   Pre Evacuate Collection Set: 0.14ms
[849.584s][info][gc,phases   ] GC(62)   Merge Heap Roots: 0.06ms
[849.584s][info][gc,phases   ] GC(62)   Evacuate Collection Set: 3.18ms
[849.584s][info][gc,phases   ] GC(62)   Post Evacuate Collection Set: 0.26ms
[849.584s][info][gc,phases   ] GC(62)   Other: 0.06ms
[849.584s][info][gc,heap     ] GC(62) Eden regions: 150->0(150)
[849.584s][info][gc,heap     ] GC(62) Survivor regions: 3->3(20)
[849.584s][info][gc,heap     ] GC(62) Old regions: 28->28
[849.584s][info][gc,heap     ] GC(62) Humongous regions: 0->0
[849.584s][info][gc,metaspace] GC(62) Metaspace: 5608K(5760K)->5608K(5760K) NonClass: 5098K(5184K)->5098K(5184K) Class: 509K(576K)->509K(576K)
[849.584s][info][gc          ] GC(62) Pause Young (Normal) (G1 Evacuation Pause) 178M->29M(256M) 3.894ms
[849.584s][info][gc,cpu      ] GC(62) User=0.01s Sys=0.01s Real=0.00s
[869.667s][info][gc,start    ] GC(63) Pause Young (Normal) (G1 Evacuation Pause)
[869.667s][info][gc,task     ] GC(63) Using 2 workers of 2 for evacuation
[869.684s][info][gc,phases   ] GC(63)   Pre Evacuate Collection Set: 0.16ms
[869.684s][info][gc,phases   ] GC(63)   Merge Heap Roots: 0.06ms
[869.684s][info][gc,phases   ] GC(63)   Evacuate Collection Set: 16.97ms
[869.684s][info][gc,phases   ] GC(63)   Post Evacuate Collection Set: 0.33ms
[869.684s][info][gc,phases   ] GC(63)   Other: 0.07ms
[869.684s][info][gc,heap     ] GC(63) Eden regions: 150->0(139)
[869.685s][info][gc,heap     ] GC(63) Survivor regions: 3->14(20)
[869.685s][info][gc,heap     ] GC(63) Old regions: 28->28
[869.685s][info][gc,heap     ] GC(63) Humongous regions: 0->0
[869.685s][info][gc,metaspace] GC(63) Metaspace: 5614K(5760K)->5614K(5760K) NonClass: 5104K(5184K)->5104K(5184K) Class: 509K(576K)->509K(576K)
[869.685s][info][gc          ] GC(63) Pause Young (Normal) (G1 Evacuation Pause) 179M->40M(256M) 17.773ms
[869.685s][info][gc,cpu      ] GC(63) User=0.04s Sys=0.00s Real=0.02s
[883.962s][info][gc,start    ] GC(64) Pause Young (Normal) (G1 Evacuation Pause)
[883.962s][info][gc,task     ] GC(64) Using 2 workers of 2 for evacuation
[883.979s][info][gc,phases   ] GC(64)   Pre Evacuate Collection Set: 0.14ms
[883.979s][info][gc,phases   ] GC(64)   Merge Heap Roots: 0.05ms
[883.979s][info][gc,phases   ] GC(64)   Evacuate Collection Set: 16.05ms
[883.979s][info][gc,phases   ] GC(64)   Post Evacuate Collection Set: 0.27ms
[883.979s][info][gc,phases   ] GC(64)   Other: 0.07ms
[883.979s][info][gc,heap     ] GC(64) Eden regions: 139->0(152)
[883.979s][info][gc,heap     ] GC(64) Survivor regions: 14->1(20)
[883.979s][info][gc,heap     ] GC(64) Old regions: 28->41
[883.979s][info][gc,heap     ] GC(64) Humongous regions: 0->0
[883.979s][info][gc,metaspace] GC(64) Metaspace: 5614K(5760K)->5614K(5760K) NonClass: 5104K(5184K)->5104K(5184K) Class: 509K(576K)->509K(576K)
[883.979s][info][gc          ] GC(64) Pause Young (Normal) (G1 Evacuation Pause) 179M->41M(256M) 16.754ms
[883.979s][info][gc,cpu      ] GC(64) User=0.03s Sys=0.00s Real=0.02s
[900.381s][info][gc,start    ] GC(65) Pause Young (Normal) (G1 Evacuation Pause)
[900.381s][info][gc,task     ] GC(65) Using 2 workers of 2 for evacuation
[900.384s][info][gc,phases   ] GC(65)   Pre Evacuate Collection Set: 0.17ms
[900.384s][info][gc,phases   ] GC(65)   Merge Heap Roots: 0.05ms
[900.384s][info][gc,phases   ] GC(65)   Evacuate Collection Set: 1.99ms
[900.384s][info][gc,phases   ] GC(65)   Post Evacuate Collection Set: 0.32ms
[900.384s][info][gc,phases   ] GC(65)   Other: 0.06ms
[900.384s][info][gc,heap     ] GC(65) Eden regions: 152->0(152)
[900.384s][info][gc,heap     ] GC(65) Survivor regions: 1->1(20)
[900.384s][info][gc,heap     ] GC(65) Old regions: 41->41
[900.384s][info][gc,heap     ] GC(65) Humongous regions: 0->0
[900.384s][info][gc,metaspace] GC(65) Metaspace: 5614K(5760K)->5614K(5760K) NonClass: 5104K(5184K)->5104K(5184K) Class: 509K(576K)->509K(576K)
[900.384s][info][gc          ] GC(65) Pause Young (Normal) (G1 Evacuation Pause) 193M->41M(256M) 2.738ms
[900.384s][info][gc,cpu      ] GC(65) User=0.00s Sys=0.00s Real=0.00s
[915.987s][info][gc,start    ] GC(66) Pause Young (Normal) (G1 Evacuation Pause)
[915.987s][info][gc,task     ] GC(66) Using 2 workers of 2 for evacuation
[915.992s][info][gc,phases   ] GC(66)   Pre Evacuate Collection Set: 0.18ms
[915.992s][info][gc,phases   ] GC(66)   Merge Heap Roots: 0.08ms
[915.992s][info][gc,phases   ] GC(66)   Evacuate Collection Set: 4.35ms
[915.992s][info][gc,phases   ] GC(66)   Post Evacuate Collection Set: 0.35ms
[915.992s][info][gc,phases   ] GC(66)   Other: 0.07ms
[915.992s][info][gc,heap     ] GC(66) Eden regions: 152->0(151)
[915.992s][info][gc,heap     ] GC(66) Survivor regions: 1->2(20)
[915.992s][info][gc,heap     ] GC(66) Old regions: 41->41
[915.992s][info][gc,heap     ] GC(66) Humongous regions: 0->0
[915.992s][info][gc,metaspace] GC(66) Metaspace: 5614K(5760K)->5614K(5760K) NonClass: 5104K(5184K)->5104K(5184K) Class: 509K(576K)->509K(576K)
[915.992s][info][gc          ] GC(66) Pause Young (Normal) (G1 Evacuation Pause) 193M->41M(256M) 5.196ms
[915.992s][info][gc,cpu      ] GC(66) User=0.01s Sys=0.00s Real=0.01s
[931.979s][info][gc,start    ] GC(67) Pause Young (Normal) (G1 Evacuation Pause)
[931.979s][info][gc,task     ] GC(67) Using 2 workers of 2 for evacuation
[931.984s][info][gc,phases   ] GC(67)   Pre Evacuate Collection Set: 0.15ms
[931.984s][info][gc,phases   ] GC(67)   Merge Heap Roots: 0.06ms
[931.984s][info][gc,phases   ] GC(67)   Evacuate Collection Set: 3.69ms
[931.984s][info][gc,phases   ] GC(67)   Post Evacuate Collection Set: 0.25ms
[931.984s][info][gc,phases   ] GC(67)   Other: 0.07ms
[931.984s][info][gc,heap     ] GC(67) Eden regions: 151->0(151)
[931.984s][info][gc,heap     ] GC(67) Survivor regions: 2->2(20)
[931.984s][info][gc,heap     ] GC(67) Old regions: 41->41
[931.984s][info][gc,heap     ] GC(67) Humongous regions: 0->0
[931.984s][info][gc,metaspace] GC(67) Metaspace: 5614K(5760K)->5614K(5760K) NonClass: 5104K(5184K)->5104K(5184K) Class: 509K(576K)->509K(576K)
[931.984s][info][gc          ] GC(67) Pause Young (Normal) (G1 Evacuation Pause) 192M->42M(256M) 4.373ms
[931.984s][info][gc,cpu      ] GC(67) User=0.00s Sys=0.00s Real=0.00s
[946.877s][info][gc,start    ] GC(68) Pause Young (Normal) (G1 Evacuation Pause)
[946.877s][info][gc,task     ] GC(68) Using 2 workers of 2 for evacuation
[946.895s][info][gc,phases   ] GC(68)   Pre Evacuate Collection Set: 0.17ms
[946.895s][info][gc,phases   ] GC(68)   Merge Heap Roots: 0.08ms
[946.895s][info][gc,phases   ] GC(68)   Evacuate Collection Set: 17.33ms
[946.895s][info][gc,phases   ] GC(68)   Post Evacuate Collection Set: 0.37ms
[946.895s][info][gc,phases   ] GC(68)   Other: 0.08ms
[946.895s][info][gc,heap     ] GC(68) Eden regions: 151->0(139)
[946.895s][info][gc,heap     ] GC(68) Survivor regions: 2->14(20)
[946.895s][info][gc,heap     ] GC(68) Old regions: 41->41
[946.895s][info][gc,heap     ] GC(68) Humongous regions: 0->0
[946.895s][info][gc,metaspace] GC(68) Metaspace: 5618K(5760K)->5618K(5760K) NonClass: 5108K(5184K)->5108K(5184K) Class: 509K(576K)->509K(576K)
[946.895s][info][gc          ] GC(68) Pause Young (Normal) (G1 Evacuation Pause) 193M->53M(256M) 18.199ms
[946.895s][info][gc,cpu      ] GC(68) User=0.03s Sys=0.00s Real=0.02s
[967.482s][info][gc,start    ] GC(69) Pause Young (Normal) (G1 Evacuation Pause)
[967.482s][info][gc,task     ] GC(69) Using 2 workers of 2 for evacuation
[967.505s][info][gc,phases   ] GC(69)   Pre Evacuate Collection Set: 0.16ms
[967.505s][info][gc,phases   ] GC(69)   Merge Heap Roots: 0.05ms
[967.505s][info][gc,phases   ] GC(69)   Evacuate Collection Set: 22.26ms
[967.505s][info][gc,phases   ] GC(69)   Post Evacuate Collection Set: 0.30ms
[967.505s][info][gc,phases   ] GC(69)   Other: 0.06ms
[967.505s][info][gc,heap     ] GC(69) Eden regions: 139->0(152)
[967.505s][info][gc,heap     ] GC(69) Survivor regions: 14->1(20)
[967.505s][info][gc,heap     ] GC(69) Old regions: 41->54
[967.505s][info][gc,heap     ] GC(69) Humongous regions: 0->0
[967.505s][info][gc,metaspace] GC(69) Metaspace: 5618K(5760K)->5618K(5760K) NonClass: 5108K(5184K)->5108K(5184K) Class: 509K(576K)->509K(576K)
[967.505s][info][gc          ] GC(69) Pause Young (Normal) (G1 Evacuation Pause) 192M->54M(256M) 22.986ms
[967.505s][info][gc,cpu      ] GC(69) User=0.04s Sys=0.00s Real=0.02s
[983.407s][info][gc,start    ] GC(70) Pause Young (Normal) (G1 Evacuation Pause)
[983.407s][info][gc,task     ] GC(70) Using 2 workers of 2 for evacuation
[983.410s][info][gc,phases   ] GC(70)   Pre Evacuate Collection Set: 0.17ms
[983.410s][info][gc,phases   ] GC(70)   Merge Heap Roots: 0.06ms
[983.410s][info][gc,phases   ] GC(70)   Evacuate Collection Set: 2.83ms
[983.410s][info][gc,phases   ] GC(70)   Post Evacuate Collection Set: 0.28ms
[983.410s][info][gc,phases   ] GC(70)   Other: 0.06ms
[983.410s][info][gc,heap     ] GC(70) Eden regions: 152->0(152)
[983.410s][info][gc,heap     ] GC(70) Survivor regions: 1->1(20)
[983.410s][info][gc,heap     ] GC(70) Old regions: 54->54
[983.410s][info][gc,heap     ] GC(70) Humongous regions: 0->0
[983.410s][info][gc,metaspace] GC(70) Metaspace: 5618K(5760K)->5618K(5760K) NonClass: 5108K(5184K)->5108K(5184K) Class: 509K(576K)->509K(576K)
[983.411s][info][gc          ] GC(70) Pause Young (Normal) (G1 Evacuation Pause) 206M->54M(256M) 3.559ms
[983.411s][info][gc,cpu      ] GC(70) User=0.01s Sys=0.00s Real=0.01s
[999.629s][info][gc,start    ] GC(71) Pause Young (Normal) (G1 Evacuation Pause)
[999.629s][info][gc,task     ] GC(71) Using 2 workers of 2 for evacuation
[999.634s][info][gc,phases   ] GC(71)   Pre Evacuate Collection Set: 0.15ms
[999.634s][info][gc,phases   ] GC(71)   Merge Heap Roots: 0.07ms
[999.634s][info][gc,phases   ] GC(71)   Evacuate Collection Set: 4.00ms
[999.634s][info][gc,phases   ] GC(71)   Post Evacuate Collection Set: 0.27ms
[999.634s][info][gc,phases   ] GC(71)   Other: 0.06ms
[999.634s][info][gc,heap     ] GC(71) Eden regions: 152->0(151)
[999.634s][info][gc,heap     ] GC(71) Survivor regions: 1->2(20)
[999.634s][info][gc,heap     ] GC(71) Old regions: 54->54
[999.634s][info][gc,heap     ] GC(71) Humongous regions: 0->0
[999.634s][info][gc,metaspace] GC(71) Metaspace: 5618K(5760K)->5618K(5760K) NonClass: 5108K(5184K)->5108K(5184K) Class: 509K(576K)->509K(576K)
[999.634s][info][gc          ] GC(71) Pause Young (Normal) (G1 Evacuation Pause) 206M->54M(256M) 4.704ms
[999.634s][info][gc,cpu      ] GC(71) User=0.01s Sys=0.00s Real=0.00s
[1015.381s][info][gc,start    ] GC(72) Pause Young (Normal) (G1 Evacuation Pause)
[1015.381s][info][gc,task     ] GC(72) Using 2 workers of 2 for evacuation
[1015.387s][info][gc,phases   ] GC(72)   Pre Evacuate Collection Set: 0.14ms
[1015.387s][info][gc,phases   ] GC(72)   Merge Heap Roots: 0.08ms
[1015.387s][info][gc,phases   ] GC(72)   Evacuate Collection Set: 5.11ms
[1015.387s][info][gc,phases   ] GC(72)   Post Evacuate Collection Set: 0.26ms
[1015.387s][info][gc,phases   ] GC(72)   Other: 0.06ms
[1015.387s][info][gc,heap     ] GC(72) Eden regions: 151->0(151)
[1015.387s][info][gc,heap     ] GC(72) Survivor regions: 2->2(20)
[1015.387s][info][gc,heap     ] GC(72) Old regions: 54->54
[1015.387s][info][gc,heap     ] GC(72) Humongous regions: 0->0
[1015.387s][info][gc,metaspace] GC(72) Metaspace: 5618K(5760K)->5618K(5760K) NonClass: 5108K(5184K)->5108K(5184K) Class: 509K(576K)->509K(576K)
[1015.387s][info][gc          ] GC(72) Pause Young (Normal) (G1 Evacuation Pause) 205M->55M(256M) 5.790ms
[1015.387s][info][gc,cpu      ] GC(72) User=0.01s Sys=0.00s Real=0.00s
[1031.267s][info][gc,start    ] GC(73) Pause Young (Normal) (G1 Evacuation Pause)
[1031.267s][info][gc,task     ] GC(73) Using 2 workers of 2 for evacuation
[1031.274s][info][gc,phases   ] GC(73)   Pre Evacuate Collection Set: 0.14ms
[1031.274s][info][gc,phases   ] GC(73)   Merge Heap Roots: 0.07ms
[1031.274s][info][gc,phases   ] GC(73)   Evacuate Collection Set: 6.12ms
[1031.274s][info][gc,phases   ] GC(73)   Post Evacuate Collection Set: 0.25ms
[1031.274s][info][gc,phases   ] GC(73)   Other: 0.06ms
[1031.274s][info][gc,heap     ] GC(73) Eden regions: 151->0(150)
[1031.274s][info][gc,heap     ] GC(73) Survivor regions: 2->3(20)
[1031.274s][info][gc,heap     ] GC(73) Old regions: 54->54
[1031.274s][info][gc,heap     ] GC(73) Humongous regions: 0->0
[1031.274s][info][gc,metaspace] GC(73) Metaspace: 5618K(5760K)->5618K(5760K) NonClass: 5108K(5184K)->5108K(5184K) Class: 509K(576K)->509K(576K)
[1031.274s][info][gc          ] GC(73) Pause Young (Normal) (G1 Evacuation Pause) 206M->55M(256M) 6.794ms
[1031.274s][info][gc,cpu      ] GC(73) User=0.01s Sys=0.00s Real=0.01s
[1041.640s][info][gc,heap,exit] Heap
[1041.640s][info][gc,heap,exit]  garbage-first heap   total reserved 1001472K, committed 262144K, used 161460K [0x00000000c2e00000, 0x0000000100000000)
[1041.640s][info][gc,heap,exit]   region size 1024K, 105 young (107520K), 3 survivors (3072K)
[1041.640s][info][gc,heap,exit]  Metaspace       used 5694K, committed 5824K, reserved 1114112K
[1041.640s][info][gc,heap,exit]   class space    used 516K, committed 576K, reserved 1048576K
