[0.002s][info][metaspace]  - commit_granule_bytes: 65536.
[0.002s][info][metaspace]  - commit_granule_words: 8192.
[0.002s][info][metaspace]  - virtual_space_node_default_size: 8388608.
[0.002s][info][metaspace]  - enlarge_chunks_in_place: 1.
[0.004s][info][gc,init  ] CardTable entry size: 512
[0.008s][info][gc       ] Using G1
[0.012s][info][gc,init  ] Version: 24-internal-adhoc.root.jdk (release)
[0.012s][info][gc,init  ] CPUs: 2 total, 2 available
[0.012s][info][gc,init  ] Memory: 3908M
[0.012s][info][gc,init  ] Large Page Support: Disabled
[0.012s][info][gc,init  ] NUMA Support: Disabled
[0.012s][info][gc,init  ] Compressed Oops: Enabled (32-bit)
[0.012s][info][gc,init  ] Heap Region Size: 1M
[0.012s][info][gc,init  ] Heap Min Capacity: 256M
[0.012s][info][gc,init  ] Heap Initial Capacity: 256M
[0.012s][info][gc,init  ] Heap Max Capacity: 978M
[0.012s][info][gc,init  ] Pre-touch: Disabled
[0.012s][info][gc,init  ] Parallel Workers: 2
[0.012s][info][gc,init  ] Concurrent Workers: 1
[0.012s][info][gc,init  ] Concurrent Refinement Workers: 2
[0.012s][info][gc,init  ] Periodic GC: Disabled
[0.025s][info][gc,metaspace] CDS archive(s) mapped at: [0x00007fd6c2000000-0x00007fd6c2dc0000-0x00007fd6c2dc0000), size 14417920, SharedBaseAddress: 0x00007fd6c2000000, ArchiveRelocationMode: 1.
[0.025s][info][gc,metaspace] Compressed class space mapped at: 0x00007fd6c3000000-0x00007fd703000000, reserved size: 1073741824
[0.025s][info][gc,metaspace] UseCompressedClassPointers 1, UseCompactObjectHeaders 0
[0.025s][info][gc,metaspace] Narrow klass pointer bits 32, Max shift 3
[0.025s][info][gc,metaspace] Narrow klass base: 0x00007fd6c2000000, Narrow klass shift: 0
[0.025s][info][gc,metaspace] Encoding Range: [0x00007fd6c2000000 - 0x00007fd7c2000000), (4294967296 bytes)
[0.025s][info][gc,metaspace] Klass Range:    [0x00007fd6c2000000 - 0x00007fd703000000), (1090519040 bytes)
[0.025s][info][gc,metaspace] Klass ID Range:  [8 - 1090519033) (1090519025)
[0.243s][info][gc,start    ] GC(0) Pause Young (Normal) (G1 Evacuation Pause)
[0.243s][info][gc,task     ] GC(0) Using 2 workers of 2 for evacuation
[0.247s][info][gc,phases   ] GC(0)   Pre Evacuate Collection Set: 0.24ms
[0.247s][info][gc,phases   ] GC(0)   Merge Heap Roots: 0.09ms
[0.247s][info][gc,phases   ] GC(0)   Evacuate Collection Set: 3.60ms
[0.247s][info][gc,phases   ] GC(0)   Post Evacuate Collection Set: 0.26ms
[0.247s][info][gc,phases   ] GC(0)   Other: 0.23ms
[0.247s][info][gc,heap     ] GC(0) Eden regions: 12->0(10)
[0.247s][info][gc,heap     ] GC(0) Survivor regions: 0->2(2)
[0.247s][info][gc,heap     ] GC(0) Old regions: 2->2
[0.247s][info][gc,heap     ] GC(0) Humongous regions: 0->0
[0.247s][info][gc,metaspace] GC(0) Metaspace: 2309K(2432K)->2309K(2432K) NonClass: 2112K(2176K)->2112K(2176K) Class: 196K(256K)->196K(256K)
[0.248s][info][gc          ] GC(0) Pause Young (Normal) (G1 Evacuation Pause) 13M->2M(258M) 4.656ms
[0.248s][info][gc,cpu      ] GC(0) User=0.00s Sys=0.00s Real=0.01s
[0.283s][info][gc,start    ] GC(1) Pause Young (Normal) (G1 Evacuation Pause)
[0.283s][info][gc,task     ] GC(1) Using 2 workers of 2 for evacuation
[0.286s][info][gc,phases   ] GC(1)   Pre Evacuate Collection Set: 0.20ms
[0.286s][info][gc,phases   ] GC(1)   Merge Heap Roots: 0.03ms
[0.286s][info][gc,phases   ] GC(1)   Evacuate Collection Set: 2.96ms
[0.286s][info][gc,phases   ] GC(1)   Post Evacuate Collection Set: 0.16ms
[0.286s][info][gc,phases   ] GC(1)   Other: 0.06ms
[0.286s][info][gc,heap     ] GC(1) Eden regions: 10->0(20)
[0.286s][info][gc,heap     ] GC(1) Survivor regions: 2->1(2)
[0.286s][info][gc,heap     ] GC(1) Old regions: 2->4
[0.286s][info][gc,heap     ] GC(1) Humongous regions: 0->0
[0.286s][info][gc,metaspace] GC(1) Metaspace: 2394K(2496K)->2394K(2496K) NonClass: 2197K(2240K)->2197K(2240K) Class: 197K(256K)->197K(256K)
[0.286s][info][gc          ] GC(1) Pause Young (Normal) (G1 Evacuation Pause) 12M->3M(258M) 3.557ms
[0.286s][info][gc,cpu      ] GC(1) User=0.01s Sys=0.00s Real=0.01s
[0.330s][info][gc,start    ] GC(2) Pause Young (Normal) (G1 Evacuation Pause)
[0.331s][info][gc,task     ] GC(2) Using 2 workers of 2 for evacuation
[0.331s][info][gc,phases   ] GC(2)   Pre Evacuate Collection Set: 0.22ms
[0.331s][info][gc,phases   ] GC(2)   Merge Heap Roots: 0.04ms
[0.331s][info][gc,phases   ] GC(2)   Evacuate Collection Set: 0.25ms
[0.331s][info][gc,phases   ] GC(2)   Post Evacuate Collection Set: 0.15ms
[0.331s][info][gc,phases   ] GC(2)   Other: 0.07ms
[0.331s][info][gc,heap     ] GC(2) Eden regions: 20->0(25)
[0.331s][info][gc,heap     ] GC(2) Survivor regions: 1->1(3)
[0.331s][info][gc,heap     ] GC(2) Old regions: 4->4
[0.331s][info][gc,heap     ] GC(2) Humongous regions: 0->0
[0.331s][info][gc,metaspace] GC(2) Metaspace: 2584K(2688K)->2584K(2688K) NonClass: 2387K(2432K)->2387K(2432K) Class: 197K(256K)->197K(256K)
[0.331s][info][gc          ] GC(2) Pause Young (Normal) (G1 Evacuation Pause) 23M->3M(258M) 0.859ms
[0.331s][info][gc,cpu      ] GC(2) User=0.00s Sys=0.00s Real=0.00s
[0.655s][info][gc,start    ] GC(3) Pause Young (Normal) (G1 Evacuation Pause)
[0.655s][info][gc,task     ] GC(3) Using 2 workers of 2 for evacuation
[0.676s][info][gc,phases   ] GC(3)   Pre Evacuate Collection Set: 0.16ms
[0.676s][info][gc,phases   ] GC(3)   Merge Heap Roots: 0.05ms
[0.676s][info][gc,phases   ] GC(3)   Evacuate Collection Set: 20.66ms
[0.676s][info][gc,phases   ] GC(3)   Post Evacuate Collection Set: 0.27ms
[0.676s][info][gc,phases   ] GC(3)   Other: 0.08ms
[0.676s][info][gc,heap     ] GC(3) Eden regions: 25->0(21)
[0.676s][info][gc,heap     ] GC(3) Survivor regions: 1->4(4)
[0.676s][info][gc,heap     ] GC(3) Old regions: 4->12
[0.676s][info][gc,heap     ] GC(3) Humongous regions: 0->0
[0.676s][info][gc,metaspace] GC(3) Metaspace: 4961K(5120K)->4961K(5120K) NonClass: 4463K(4544K)->4463K(4544K) Class: 498K(576K)->498K(576K)
[0.676s][info][gc          ] GC(3) Pause Young (Normal) (G1 Evacuation Pause) 28M->14M(258M) 21.392ms
[0.676s][info][gc,cpu      ] GC(3) User=0.03s Sys=0.01s Real=0.02s
[6.850s][info][gc,start    ] GC(4) Pause Young (Normal) (G1 Evacuation Pause)
[6.850s][info][gc,task     ] GC(4) Using 2 workers of 2 for evacuation
[6.865s][info][gc,phases   ] GC(4)   Pre Evacuate Collection Set: 0.19ms
[6.865s][info][gc,phases   ] GC(4)   Merge Heap Roots: 0.11ms
[6.865s][info][gc,phases   ] GC(4)   Evacuate Collection Set: 13.49ms
[6.865s][info][gc,phases   ] GC(4)   Post Evacuate Collection Set: 0.43ms
[6.865s][info][gc,phases   ] GC(4)   Other: 0.06ms
[6.865s][info][gc,heap     ] GC(4) Eden regions: 21->0(23)
[6.865s][info][gc,heap     ] GC(4) Survivor regions: 4->1(4)
[6.865s][info][gc,heap     ] GC(4) Old regions: 12->16
[6.865s][info][gc,heap     ] GC(4) Humongous regions: 0->0
[6.865s][info][gc,metaspace] GC(4) Metaspace: 5222K(5376K)->5222K(5376K) NonClass: 4723K(4800K)->4723K(4800K) Class: 498K(576K)->498K(576K)
[6.865s][info][gc          ] GC(4) Pause Young (Normal) (G1 Evacuation Pause) 35M->15M(258M) 14.447ms
[6.865s][info][gc,cpu      ] GC(4) User=0.03s Sys=0.00s Real=0.02s
[12.974s][info][gc,start    ] GC(5) Pause Young (Normal) (G1 Evacuation Pause)
[12.974s][info][gc,task     ] GC(5) Using 2 workers of 2 for evacuation
[12.976s][info][gc,phases   ] GC(5)   Pre Evacuate Collection Set: 0.14ms
[12.976s][info][gc,phases   ] GC(5)   Merge Heap Roots: 0.05ms
[12.976s][info][gc,phases   ] GC(5)   Evacuate Collection Set: 2.19ms
[12.976s][info][gc,phases   ] GC(5)   Post Evacuate Collection Set: 0.19ms
[12.976s][info][gc,phases   ] GC(5)   Other: 0.06ms
[12.976s][info][gc,heap     ] GC(5) Eden regions: 46->0(34)
[12.976s][info][gc,heap     ] GC(5) Survivor regions: 1->2(6)
[12.976s][info][gc,heap     ] GC(5) Old regions: 16->16
[12.976s][info][gc,heap     ] GC(5) Humongous regions: 0->0
[12.976s][info][gc,metaspace] GC(5) Metaspace: 5243K(5376K)->5243K(5376K) NonClass: 4744K(4800K)->4744K(4800K) Class: 498K(576K)->498K(576K)
[12.976s][info][gc          ] GC(5) Pause Young (Normal) (G1 Evacuation Pause) 61M->16M(258M) 2.787ms
[12.976s][info][gc,cpu      ] GC(5) User=0.01s Sys=0.00s Real=0.01s
[18.715s][info][gc,start    ] GC(6) Pause Young (Normal) (G1 Evacuation Pause)
[18.715s][info][gc,task     ] GC(6) Using 2 workers of 2 for evacuation
[18.718s][info][gc,phases   ] GC(6)   Pre Evacuate Collection Set: 0.15ms
[18.718s][info][gc,phases   ] GC(6)   Merge Heap Roots: 0.05ms
[18.718s][info][gc,phases   ] GC(6)   Evacuate Collection Set: 2.43ms
[18.718s][info][gc,phases   ] GC(6)   Post Evacuate Collection Set: 0.23ms
[18.718s][info][gc,phases   ] GC(6)   Other: 0.07ms
[18.718s][info][gc,heap     ] GC(6) Eden regions: 48->0(54)
[18.718s][info][gc,heap     ] GC(6) Survivor regions: 2->2(7)
[18.718s][info][gc,heap     ] GC(6) Old regions: 16->16
[18.718s][info][gc,heap     ] GC(6) Humongous regions: 0->0
[18.718s][info][gc,metaspace] GC(6) Metaspace: 5248K(5376K)->5248K(5376K) NonClass: 4749K(4800K)->4749K(4800K) Class: 498K(576K)->498K(576K)
[18.718s][info][gc          ] GC(6) Pause Young (Normal) (G1 Evacuation Pause) 64M->16M(258M) 3.075ms
[18.718s][info][gc,cpu      ] GC(6) User=0.01s Sys=0.00s Real=0.00s
[25.827s][info][gc,start    ] GC(7) Pause Young (Normal) (G1 Evacuation Pause)
[25.827s][info][gc,task     ] GC(7) Using 2 workers of 2 for evacuation
[25.831s][info][gc,phases   ] GC(7)   Pre Evacuate Collection Set: 0.15ms
[25.831s][info][gc,phases   ] GC(7)   Merge Heap Roots: 0.05ms
[25.831s][info][gc,phases   ] GC(7)   Evacuate Collection Set: 2.77ms
[25.831s][info][gc,phases   ] GC(7)   Post Evacuate Collection Set: 0.21ms
[25.831s][info][gc,phases   ] GC(7)   Other: 0.07ms
[25.831s][info][gc,heap     ] GC(7) Eden regions: 67->0(70)
[25.831s][info][gc,heap     ] GC(7) Survivor regions: 2->2(9)
[25.831s][info][gc,heap     ] GC(7) Old regions: 16->16
[25.831s][info][gc,heap     ] GC(7) Humongous regions: 0->0
[25.831s][info][gc,metaspace] GC(7) Metaspace: 5250K(5376K)->5250K(5376K) NonClass: 4752K(4800K)->4752K(4800K) Class: 498K(576K)->498K(576K)
[25.831s][info][gc          ] GC(7) Pause Young (Normal) (G1 Evacuation Pause) 83M->16M(258M) 3.408ms
[25.831s][info][gc,cpu      ] GC(7) User=0.00s Sys=0.00s Real=0.00s
[34.244s][info][gc,start    ] GC(8) Pause Young (Normal) (G1 Evacuation Pause)
[34.244s][info][gc,task     ] GC(8) Using 2 workers of 2 for evacuation
[34.248s][info][gc,phases   ] GC(8)   Pre Evacuate Collection Set: 0.16ms
[34.248s][info][gc,phases   ] GC(8)   Merge Heap Roots: 0.05ms
[34.248s][info][gc,phases   ] GC(8)   Evacuate Collection Set: 3.65ms
[34.248s][info][gc,phases   ] GC(8)   Post Evacuate Collection Set: 0.20ms
[34.248s][info][gc,phases   ] GC(8)   Other: 0.10ms
[34.248s][info][gc,heap     ] GC(8) Eden regions: 83->0(93)
[34.248s][info][gc,heap     ] GC(8) Survivor regions: 2->3(11)
[34.248s][info][gc,heap     ] GC(8) Old regions: 16->16
[34.248s][info][gc,heap     ] GC(8) Humongous regions: 0->0
[34.248s][info][gc,metaspace] GC(8) Metaspace: 5251K(5376K)->5251K(5376K) NonClass: 4752K(4800K)->4752K(4800K) Class: 498K(576K)->498K(576K)
[34.248s][info][gc          ] GC(8) Pause Young (Normal) (G1 Evacuation Pause) 99M->17M(258M) 4.315ms
[34.248s][info][gc,cpu      ] GC(8) User=0.01s Sys=0.01s Real=0.01s
[45.583s][info][gc,start    ] GC(9) Pause Young (Normal) (G1 Evacuation Pause)
[45.583s][info][gc,task     ] GC(9) Using 2 workers of 2 for evacuation
[45.587s][info][gc,phases   ] GC(9)   Pre Evacuate Collection Set: 0.15ms
[45.587s][info][gc,phases   ] GC(9)   Merge Heap Roots: 0.05ms
[45.587s][info][gc,phases   ] GC(9)   Evacuate Collection Set: 3.75ms
[45.587s][info][gc,phases   ] GC(9)   Post Evacuate Collection Set: 0.23ms
[45.587s][info][gc,phases   ] GC(9)   Other: 0.07ms
[45.587s][info][gc,heap     ] GC(9) Eden regions: 104->0(118)
[45.587s][info][gc,heap     ] GC(9) Survivor regions: 3->3(14)
[45.587s][info][gc,heap     ] GC(9) Old regions: 16->16
[45.587s][info][gc,heap     ] GC(9) Humongous regions: 0->0
[45.587s][info][gc,metaspace] GC(9) Metaspace: 5251K(5376K)->5251K(5376K) NonClass: 4753K(4800K)->4753K(4800K) Class: 498K(576K)->498K(576K)
[45.587s][info][gc          ] GC(9) Pause Young (Normal) (G1 Evacuation Pause) 121M->17M(258M) 4.404ms
[45.587s][info][gc,cpu      ] GC(9) User=0.01s Sys=0.00s Real=0.01s
[58.974s][info][gc,start    ] GC(10) Pause Young (Normal) (G1 Evacuation Pause)
[58.974s][info][gc,task     ] GC(10) Using 2 workers of 2 for evacuation
[58.982s][info][gc,phases   ] GC(10)   Pre Evacuate Collection Set: 0.17ms
[58.982s][info][gc,phases   ] GC(10)   Merge Heap Roots: 0.06ms
[58.982s][info][gc,phases   ] GC(10)   Evacuate Collection Set: 6.67ms
[58.982s][info][gc,phases   ] GC(10)   Post Evacuate Collection Set: 0.26ms
[58.982s][info][gc,phases   ] GC(10)   Other: 0.09ms
[58.982s][info][gc,heap     ] GC(10) Eden regions: 128->0(145)
[58.982s][info][gc,heap     ] GC(10) Survivor regions: 3->4(17)
[58.982s][info][gc,heap     ] GC(10) Old regions: 16->16
[58.982s][info][gc,heap     ] GC(10) Humongous regions: 0->0
[58.982s][info][gc,metaspace] GC(10) Metaspace: 5251K(5376K)->5251K(5376K) NonClass: 4753K(4800K)->4753K(4800K) Class: 498K(576K)->498K(576K)
[58.982s][info][gc          ] GC(10) Pause Young (Normal) (G1 Evacuation Pause) 145M->18M(258M) 7.408ms
[58.982s][info][gc,cpu      ] GC(10) User=0.01s Sys=0.00s Real=0.01s
[74.868s][info][gc,start    ] GC(11) Pause Young (Normal) (G1 Evacuation Pause)
[74.868s][info][gc,task     ] GC(11) Using 2 workers of 2 for evacuation
[74.875s][info][gc,phases   ] GC(11)   Pre Evacuate Collection Set: 0.17ms
[74.875s][info][gc,phases   ] GC(11)   Merge Heap Roots: 0.06ms
[74.875s][info][gc,phases   ] GC(11)   Evacuate Collection Set: 6.55ms
[74.875s][info][gc,phases   ] GC(11)   Post Evacuate Collection Set: 0.29ms
[74.875s][info][gc,phases   ] GC(11)   Other: 0.11ms
[74.875s][info][gc,heap     ] GC(11) Eden regions: 149->0(149)
[74.875s][info][gc,heap     ] GC(11) Survivor regions: 4->4(20)
[74.875s][info][gc,heap     ] GC(11) Old regions: 16->16
[74.875s][info][gc,heap     ] GC(11) Humongous regions: 0->0
[74.875s][info][gc,metaspace] GC(11) Metaspace: 5252K(5376K)->5252K(5376K) NonClass: 4753K(4800K)->4753K(4800K) Class: 498K(576K)->498K(576K)
[74.875s][info][gc          ] GC(11) Pause Young (Normal) (G1 Evacuation Pause) 167M->18M(258M) 7.347ms
[74.875s][info][gc,cpu      ] GC(11) User=0.02s Sys=0.00s Real=0.01s
[90.834s][info][gc,start    ] GC(12) Pause Young (Normal) (G1 Evacuation Pause)
[90.834s][info][gc,task     ] GC(12) Using 2 workers of 2 for evacuation
[90.842s][info][gc,phases   ] GC(12)   Pre Evacuate Collection Set: 0.16ms
[90.842s][info][gc,phases   ] GC(12)   Merge Heap Roots: 0.07ms
[90.842s][info][gc,phases   ] GC(12)   Evacuate Collection Set: 7.15ms
[90.842s][info][gc,phases   ] GC(12)   Post Evacuate Collection Set: 0.26ms
[90.842s][info][gc,phases   ] GC(12)   Other: 0.06ms
[90.842s][info][gc,heap     ] GC(12) Eden regions: 149->0(148)
[90.842s][info][gc,heap     ] GC(12) Survivor regions: 4->5(20)
[90.842s][info][gc,heap     ] GC(12) Old regions: 16->16
[90.842s][info][gc,heap     ] GC(12) Humongous regions: 0->0
[90.842s][info][gc,metaspace] GC(12) Metaspace: 5252K(5376K)->5252K(5376K) NonClass: 4754K(4800K)->4754K(4800K) Class: 498K(576K)->498K(576K)
[90.842s][info][gc          ] GC(12) Pause Young (Normal) (G1 Evacuation Pause) 167M->19M(258M) 7.850ms
[90.842s][info][gc,cpu      ] GC(12) User=0.01s Sys=0.00s Real=0.01s
[109.783s][info][gc,start    ] GC(13) Pause Young (Normal) (G1 Evacuation Pause)
[109.783s][info][gc,task     ] GC(13) Using 2 workers of 2 for evacuation
[109.807s][info][gc,phases   ] GC(13)   Pre Evacuate Collection Set: 0.15ms
[109.807s][info][gc,phases   ] GC(13)   Merge Heap Roots: 0.10ms
[109.807s][info][gc,phases   ] GC(13)   Evacuate Collection Set: 23.52ms
[109.807s][info][gc,phases   ] GC(13)   Post Evacuate Collection Set: 0.31ms
[109.807s][info][gc,phases   ] GC(13)   Other: 0.11ms
[109.807s][info][gc,heap     ] GC(13) Eden regions: 148->0(137)
[109.807s][info][gc,heap     ] GC(13) Survivor regions: 5->16(20)
[109.807s][info][gc,heap     ] GC(13) Old regions: 16->16
[109.807s][info][gc,heap     ] GC(13) Humongous regions: 0->0
[109.807s][info][gc,metaspace] GC(13) Metaspace: 5419K(5568K)->5419K(5568K) NonClass: 4910K(4992K)->4910K(4992K) Class: 508K(576K)->508K(576K)
[109.807s][info][gc          ] GC(13) Pause Young (Normal) (G1 Evacuation Pause) 167M->30M(258M) 24.364ms
[109.807s][info][gc,cpu      ] GC(13) User=0.04s Sys=0.01s Real=0.03s
[125.148s][info][gc,start    ] GC(14) Pause Young (Normal) (G1 Evacuation Pause)
[125.148s][info][gc,task     ] GC(14) Using 2 workers of 2 for evacuation
[125.172s][info][gc,phases   ] GC(14)   Pre Evacuate Collection Set: 0.15ms
[125.172s][info][gc,phases   ] GC(14)   Merge Heap Roots: 0.07ms
[125.172s][info][gc,phases   ] GC(14)   Evacuate Collection Set: 22.94ms
[125.172s][info][gc,phases   ] GC(14)   Post Evacuate Collection Set: 0.31ms
[125.172s][info][gc,phases   ] GC(14)   Other: 0.08ms
[125.172s][info][gc,heap     ] GC(14) Eden regions: 137->0(152)
[125.172s][info][gc,heap     ] GC(14) Survivor regions: 16->1(20)
[125.172s][info][gc,heap     ] GC(14) Old regions: 16->32
[125.172s][info][gc,heap     ] GC(14) Humongous regions: 0->0
[125.172s][info][gc,metaspace] GC(14) Metaspace: 5420K(5568K)->5420K(5568K) NonClass: 4911K(4992K)->4911K(4992K) Class: 508K(576K)->508K(576K)
[125.172s][info][gc          ] GC(14) Pause Young (Normal) (G1 Evacuation Pause) 167M->32M(258M) 23.712ms
[125.172s][info][gc,cpu      ] GC(14) User=0.04s Sys=0.01s Real=0.02s
[141.668s][info][gc,start    ] GC(15) Pause Young (Normal) (G1 Evacuation Pause)
[141.668s][info][gc,task     ] GC(15) Using 2 workers of 2 for evacuation
[141.670s][info][gc,phases   ] GC(15)   Pre Evacuate Collection Set: 0.16ms
[141.670s][info][gc,phases   ] GC(15)   Merge Heap Roots: 0.07ms
[141.670s][info][gc,phases   ] GC(15)   Evacuate Collection Set: 1.60ms
[141.670s][info][gc,phases   ] GC(15)   Post Evacuate Collection Set: 0.27ms
[141.670s][info][gc,phases   ] GC(15)   Other: 0.08ms
[141.670s][info][gc,heap     ] GC(15) Eden regions: 152->0(152)
[141.670s][info][gc,heap     ] GC(15) Survivor regions: 1->1(20)
[141.670s][info][gc,heap     ] GC(15) Old regions: 32->32
[141.670s][info][gc,heap     ] GC(15) Humongous regions: 0->0
[141.670s][info][gc,metaspace] GC(15) Metaspace: 5420K(5568K)->5420K(5568K) NonClass: 4911K(4992K)->4911K(4992K) Class: 508K(576K)->508K(576K)
[141.670s][info][gc          ] GC(15) Pause Young (Normal) (G1 Evacuation Pause) 184M->32M(258M) 2.333ms
[141.670s][info][gc,cpu      ] GC(15) User=0.00s Sys=0.00s Real=0.00s
[158.940s][info][gc,start    ] GC(16) Pause Young (Normal) (G1 Evacuation Pause)
[158.940s][info][gc,task     ] GC(16) Using 2 workers of 2 for evacuation
[158.943s][info][gc,phases   ] GC(16)   Pre Evacuate Collection Set: 0.15ms
[158.943s][info][gc,phases   ] GC(16)   Merge Heap Roots: 0.06ms
[158.943s][info][gc,phases   ] GC(16)   Evacuate Collection Set: 2.16ms
[158.943s][info][gc,phases   ] GC(16)   Post Evacuate Collection Set: 0.27ms
[158.943s][info][gc,phases   ] GC(16)   Other: 0.07ms
[158.943s][info][gc,heap     ] GC(16) Eden regions: 152->0(151)
[158.943s][info][gc,heap     ] GC(16) Survivor regions: 1->2(20)
[158.943s][info][gc,heap     ] GC(16) Old regions: 32->32
[158.943s][info][gc,heap     ] GC(16) Humongous regions: 0->0
[158.943s][info][gc,metaspace] GC(16) Metaspace: 5420K(5568K)->5420K(5568K) NonClass: 4911K(4992K)->4911K(4992K) Class: 508K(576K)->508K(576K)
[158.943s][info][gc          ] GC(16) Pause Young (Normal) (G1 Evacuation Pause) 184M->32M(258M) 2.879ms
[158.943s][info][gc,cpu      ] GC(16) User=0.00s Sys=0.00s Real=0.00s
[176.563s][info][gc,start    ] GC(17) Pause Young (Normal) (G1 Evacuation Pause)
[176.563s][info][gc,task     ] GC(17) Using 2 workers of 2 for evacuation
[176.566s][info][gc,phases   ] GC(17)   Pre Evacuate Collection Set: 0.15ms
[176.566s][info][gc,phases   ] GC(17)   Merge Heap Roots: 0.06ms
[176.566s][info][gc,phases   ] GC(17)   Evacuate Collection Set: 2.50ms
[176.566s][info][gc,phases   ] GC(17)   Post Evacuate Collection Set: 0.30ms
[176.566s][info][gc,phases   ] GC(17)   Other: 0.06ms
[176.566s][info][gc,heap     ] GC(17) Eden regions: 151->0(150)
[176.566s][info][gc,heap     ] GC(17) Survivor regions: 2->3(20)
[176.566s][info][gc,heap     ] GC(17) Old regions: 32->32
[176.566s][info][gc,heap     ] GC(17) Humongous regions: 0->0
[176.566s][info][gc,metaspace] GC(17) Metaspace: 5420K(5568K)->5420K(5568K) NonClass: 4911K(4992K)->4911K(4992K) Class: 508K(576K)->508K(576K)
[176.566s][info][gc          ] GC(17) Pause Young (Normal) (G1 Evacuation Pause) 183M->33M(258M) 3.246ms
[176.566s][info][gc,cpu      ] GC(17) User=0.00s Sys=0.00s Real=0.01s
[193.846s][info][gc,start    ] GC(18) Pause Young (Normal) (G1 Evacuation Pause)
[193.846s][info][gc,task     ] GC(18) Using 2 workers of 2 for evacuation
[193.850s][info][gc,phases   ] GC(18)   Pre Evacuate Collection Set: 0.19ms
[193.850s][info][gc,phases   ] GC(18)   Merge Heap Roots: 0.05ms
[193.850s][info][gc,phases   ] GC(18)   Evacuate Collection Set: 3.61ms
[193.850s][info][gc,phases   ] GC(18)   Post Evacuate Collection Set: 0.27ms
[193.850s][info][gc,phases   ] GC(18)   Other: 0.10ms
[193.850s][info][gc,heap     ] GC(18) Eden regions: 150->0(150)
[193.850s][info][gc,heap     ] GC(18) Survivor regions: 3->3(20)
[193.850s][info][gc,heap     ] GC(18) Old regions: 32->32
[193.850s][info][gc,heap     ] GC(18) Humongous regions: 0->0
[193.850s][info][gc,metaspace] GC(18) Metaspace: 5420K(5568K)->5420K(5568K) NonClass: 4911K(4992K)->4911K(4992K) Class: 508K(576K)->508K(576K)
[193.850s][info][gc          ] GC(18) Pause Young (Normal) (G1 Evacuation Pause) 183M->33M(258M) 4.397ms
[193.850s][info][gc,cpu      ] GC(18) User=0.00s Sys=0.00s Real=0.00s
[213.540s][info][gc,start    ] GC(19) Pause Young (Normal) (G1 Evacuation Pause)
[213.540s][info][gc,task     ] GC(19) Using 2 workers of 2 for evacuation
[213.557s][info][gc,phases   ] GC(19)   Pre Evacuate Collection Set: 0.17ms
[213.557s][info][gc,phases   ] GC(19)   Merge Heap Roots: 0.08ms
[213.557s][info][gc,phases   ] GC(19)   Evacuate Collection Set: 16.89ms
[213.557s][info][gc,phases   ] GC(19)   Post Evacuate Collection Set: 0.35ms
[213.557s][info][gc,phases   ] GC(19)   Other: 0.07ms
[213.557s][info][gc,heap     ] GC(19) Eden regions: 150->0(139)
[213.557s][info][gc,heap     ] GC(19) Survivor regions: 3->14(20)
[213.557s][info][gc,heap     ] GC(19) Old regions: 32->32
[213.557s][info][gc,heap     ] GC(19) Humongous regions: 0->0
[213.557s][info][gc,metaspace] GC(19) Metaspace: 5452K(5632K)->5452K(5632K) NonClass: 4943K(5056K)->4943K(5056K) Class: 508K(576K)->508K(576K)
[213.557s][info][gc          ] GC(19) Pause Young (Normal) (G1 Evacuation Pause) 183M->44M(258M) 17.735ms
[213.557s][info][gc,cpu      ] GC(19) User=0.04s Sys=0.00s Real=0.02s
[228.312s][info][gc,start    ] GC(20) Pause Young (Normal) (G1 Evacuation Pause)
[228.312s][info][gc,task     ] GC(20) Using 2 workers of 2 for evacuation
[228.340s][info][gc,phases   ] GC(20)   Pre Evacuate Collection Set: 0.16ms
[228.340s][info][gc,phases   ] GC(20)   Merge Heap Roots: 0.05ms
[228.340s][info][gc,phases   ] GC(20)   Evacuate Collection Set: 27.62ms
[228.340s][info][gc,phases   ] GC(20)   Post Evacuate Collection Set: 0.28ms
[228.340s][info][gc,phases   ] GC(20)   Other: 0.06ms
[228.340s][info][gc,heap     ] GC(20) Eden regions: 139->0(152)
[228.340s][info][gc,heap     ] GC(20) Survivor regions: 14->1(20)
[228.340s][info][gc,heap     ] GC(20) Old regions: 32->46
[228.340s][info][gc,heap     ] GC(20) Humongous regions: 0->0
[228.340s][info][gc,metaspace] GC(20) Metaspace: 5452K(5632K)->5452K(5632K) NonClass: 4943K(5056K)->4943K(5056K) Class: 508K(576K)->508K(576K)
[228.340s][info][gc          ] GC(20) Pause Young (Normal) (G1 Evacuation Pause) 183M->45M(258M) 28.342ms
[228.340s][info][gc,cpu      ] GC(20) User=0.03s Sys=0.01s Real=0.03s
[244.942s][info][gc,start    ] GC(21) Pause Young (Normal) (G1 Evacuation Pause)
[244.942s][info][gc,task     ] GC(21) Using 2 workers of 2 for evacuation
[244.944s][info][gc,phases   ] GC(21)   Pre Evacuate Collection Set: 0.15ms
[244.944s][info][gc,phases   ] GC(21)   Merge Heap Roots: 0.06ms
[244.944s][info][gc,phases   ] GC(21)   Evacuate Collection Set: 1.62ms
[244.944s][info][gc,phases   ] GC(21)   Post Evacuate Collection Set: 0.27ms
[244.944s][info][gc,phases   ] GC(21)   Other: 0.08ms
[244.944s][info][gc,heap     ] GC(21) Eden regions: 152->0(152)
[244.944s][info][gc,heap     ] GC(21) Survivor regions: 1->1(20)
[244.944s][info][gc,heap     ] GC(21) Old regions: 46->46
[244.944s][info][gc,heap     ] GC(21) Humongous regions: 0->0
[244.944s][info][gc,metaspace] GC(21) Metaspace: 5452K(5632K)->5452K(5632K) NonClass: 4943K(5056K)->4943K(5056K) Class: 508K(576K)->508K(576K)
[244.944s][info][gc          ] GC(21) Pause Young (Normal) (G1 Evacuation Pause) 197M->45M(258M) 2.361ms
[244.944s][info][gc,cpu      ] GC(21) User=0.01s Sys=0.00s Real=0.00s
[261.030s][info][gc,start    ] GC(22) Pause Young (Normal) (G1 Evacuation Pause)
[261.030s][info][gc,task     ] GC(22) Using 2 workers of 2 for evacuation
[261.033s][info][gc,phases   ] GC(22)   Pre Evacuate Collection Set: 0.15ms
[261.033s][info][gc,phases   ] GC(22)   Merge Heap Roots: 0.06ms
[261.033s][info][gc,phases   ] GC(22)   Evacuate Collection Set: 2.06ms
[261.033s][info][gc,phases   ] GC(22)   Post Evacuate Collection Set: 0.26ms
[261.033s][info][gc,phases   ] GC(22)   Other: 0.06ms
[261.033s][info][gc,heap     ] GC(22) Eden regions: 152->0(151)
[261.033s][info][gc,heap     ] GC(22) Survivor regions: 1->2(20)
[261.033s][info][gc,heap     ] GC(22) Old regions: 46->46
[261.033s][info][gc,heap     ] GC(22) Humongous regions: 0->0
[261.033s][info][gc,metaspace] GC(22) Metaspace: 5452K(5632K)->5452K(5632K) NonClass: 4943K(5056K)->4943K(5056K) Class: 508K(576K)->508K(576K)
[261.033s][info][gc          ] GC(22) Pause Young (Normal) (G1 Evacuation Pause) 197M->45M(258M) 2.738ms
[261.033s][info][gc,cpu      ] GC(22) User=0.01s Sys=0.00s Real=0.00s
[276.573s][info][gc,start    ] GC(23) Pause Young (Normal) (G1 Evacuation Pause)
[276.573s][info][gc,task     ] GC(23) Using 2 workers of 2 for evacuation
[276.577s][info][gc,phases   ] GC(23)   Pre Evacuate Collection Set: 0.19ms
[276.577s][info][gc,phases   ] GC(23)   Merge Heap Roots: 0.05ms
[276.577s][info][gc,phases   ] GC(23)   Evacuate Collection Set: 2.92ms
[276.577s][info][gc,phases   ] GC(23)   Post Evacuate Collection Set: 0.33ms
[276.577s][info][gc,phases   ] GC(23)   Other: 0.07ms
[276.577s][info][gc,heap     ] GC(23) Eden regions: 151->0(151)
[276.577s][info][gc,heap     ] GC(23) Survivor regions: 2->2(20)
[276.577s][info][gc,heap     ] GC(23) Old regions: 46->46
[276.577s][info][gc,heap     ] GC(23) Humongous regions: 0->0
[276.577s][info][gc,metaspace] GC(23) Metaspace: 5452K(5632K)->5452K(5632K) NonClass: 4943K(5056K)->4943K(5056K) Class: 508K(576K)->508K(576K)
[276.577s][info][gc          ] GC(23) Pause Young (Normal) (G1 Evacuation Pause) 196M->46M(258M) 3.715ms
[276.577s][info][gc,cpu      ] GC(23) User=0.00s Sys=0.00s Real=0.01s
[292.242s][info][gc,start    ] GC(24) Pause Young (Normal) (G1 Evacuation Pause)
[292.242s][info][gc,task     ] GC(24) Using 2 workers of 2 for evacuation
[292.247s][info][gc,phases   ] GC(24)   Pre Evacuate Collection Set: 0.20ms
[292.247s][info][gc,phases   ] GC(24)   Merge Heap Roots: 0.06ms
[292.247s][info][gc,phases   ] GC(24)   Evacuate Collection Set: 4.08ms
[292.247s][info][gc,phases   ] GC(24)   Post Evacuate Collection Set: 0.28ms
[292.247s][info][gc,phases   ] GC(24)   Other: 0.06ms
[292.247s][info][gc,heap     ] GC(24) Eden regions: 151->0(150)
[292.247s][info][gc,heap     ] GC(24) Survivor regions: 2->3(20)
[292.247s][info][gc,heap     ] GC(24) Old regions: 46->46
[292.247s][info][gc,heap     ] GC(24) Humongous regions: 0->0
[292.247s][info][gc,metaspace] GC(24) Metaspace: 5452K(5632K)->5452K(5632K) NonClass: 4943K(5056K)->4943K(5056K) Class: 508K(576K)->508K(576K)
[292.247s][info][gc          ] GC(24) Pause Young (Normal) (G1 Evacuation Pause) 197M->47M(258M) 4.857ms
[292.247s][info][gc,cpu      ] GC(24) User=0.01s Sys=0.00s Real=0.01s
[312.426s][info][gc,start    ] GC(25) Pause Young (Normal) (G1 Evacuation Pause)
[312.426s][info][gc,task     ] GC(25) Using 2 workers of 2 for evacuation
[312.442s][info][gc,phases   ] GC(25)   Pre Evacuate Collection Set: 0.18ms
[312.442s][info][gc,phases   ] GC(25)   Merge Heap Roots: 0.08ms
[312.442s][info][gc,phases   ] GC(25)   Evacuate Collection Set: 15.78ms
[312.442s][info][gc,phases   ] GC(25)   Post Evacuate Collection Set: 0.33ms
[312.442s][info][gc,phases   ] GC(25)   Other: 0.07ms
[312.442s][info][gc,heap     ] GC(25) Eden regions: 150->0(139)
[312.442s][info][gc,heap     ] GC(25) Survivor regions: 3->14(20)
[312.442s][info][gc,heap     ] GC(25) Old regions: 46->46
[312.442s][info][gc,heap     ] GC(25) Humongous regions: 0->0
[312.442s][info][gc,metaspace] GC(25) Metaspace: 5522K(5696K)->5522K(5696K) NonClass: 5012K(5120K)->5012K(5120K) Class: 509K(576K)->509K(576K)
[312.442s][info][gc          ] GC(25) Pause Young (Normal) (G1 Evacuation Pause) 197M->58M(258M) 16.607ms
[312.442s][info][gc,cpu      ] GC(25) User=0.03s Sys=0.00s Real=0.01s
[326.970s][info][gc,start    ] GC(26) Pause Young (Normal) (G1 Evacuation Pause)
[326.970s][info][gc,task     ] GC(26) Using 2 workers of 2 for evacuation
[326.991s][info][gc,phases   ] GC(26)   Pre Evacuate Collection Set: 0.14ms
[326.991s][info][gc,phases   ] GC(26)   Merge Heap Roots: 0.06ms
[326.991s][info][gc,phases   ] GC(26)   Evacuate Collection Set: 20.20ms
[326.991s][info][gc,phases   ] GC(26)   Post Evacuate Collection Set: 0.27ms
[326.991s][info][gc,phases   ] GC(26)   Other: 0.06ms
[326.991s][info][gc,heap     ] GC(26) Eden regions: 139->0(152)
[326.991s][info][gc,heap     ] GC(26) Survivor regions: 14->1(20)
[326.991s][info][gc,heap     ] GC(26) Old regions: 46->59
[326.991s][info][gc,heap     ] GC(26) Humongous regions: 0->0
[326.991s][info][gc,metaspace] GC(26) Metaspace: 5522K(5696K)->5522K(5696K) NonClass: 5012K(5120K)->5012K(5120K) Class: 509K(576K)->509K(576K)
[326.991s][info][gc          ] GC(26) Pause Young (Normal) (G1 Evacuation Pause) 197M->58M(258M) 20.901ms
[326.991s][info][gc,cpu      ] GC(26) User=0.03s Sys=0.02s Real=0.02s
[344.932s][info][gc,start    ] GC(27) Pause Young (Normal) (G1 Evacuation Pause)
[344.932s][info][gc,task     ] GC(27) Using 2 workers of 2 for evacuation
[344.934s][info][gc,phases   ] GC(27)   Pre Evacuate Collection Set: 0.15ms
[344.934s][info][gc,phases   ] GC(27)   Merge Heap Roots: 0.07ms
[344.934s][info][gc,phases   ] GC(27)   Evacuate Collection Set: 1.57ms
[344.934s][info][gc,phases   ] GC(27)   Post Evacuate Collection Set: 0.27ms
[344.934s][info][gc,phases   ] GC(27)   Other: 0.06ms
[344.934s][info][gc,heap     ] GC(27) Eden regions: 152->0(152)
[344.934s][info][gc,heap     ] GC(27) Survivor regions: 1->1(20)
[344.934s][info][gc,heap     ] GC(27) Old regions: 59->59
[344.934s][info][gc,heap     ] GC(27) Humongous regions: 0->0
[344.934s][info][gc,metaspace] GC(27) Metaspace: 5522K(5696K)->5522K(5696K) NonClass: 5012K(5120K)->5012K(5120K) Class: 509K(576K)->509K(576K)
[344.934s][info][gc          ] GC(27) Pause Young (Normal) (G1 Evacuation Pause) 210M->58M(258M) 2.276ms
[344.934s][info][gc,cpu      ] GC(27) User=0.01s Sys=0.00s Real=0.00s
[362.135s][info][gc,start    ] GC(28) Pause Young (Normal) (G1 Evacuation Pause)
[362.135s][info][gc,task     ] GC(28) Using 2 workers of 2 for evacuation
[362.138s][info][gc,phases   ] GC(28)   Pre Evacuate Collection Set: 0.15ms
[362.138s][info][gc,phases   ] GC(28)   Merge Heap Roots: 0.07ms
[362.138s][info][gc,phases   ] GC(28)   Evacuate Collection Set: 2.09ms
[362.138s][info][gc,phases   ] GC(28)   Post Evacuate Collection Set: 0.25ms
[362.138s][info][gc,phases   ] GC(28)   Other: 0.09ms
[362.138s][info][gc,heap     ] GC(28) Eden regions: 152->0(151)
[362.138s][info][gc,heap     ] GC(28) Survivor regions: 1->2(20)
[362.138s][info][gc,heap     ] GC(28) Old regions: 59->59
[362.138s][info][gc,heap     ] GC(28) Humongous regions: 0->0
[362.138s][info][gc,metaspace] GC(28) Metaspace: 5522K(5696K)->5522K(5696K) NonClass: 5012K(5120K)->5012K(5120K) Class: 509K(576K)->509K(576K)
[362.138s][info][gc          ] GC(28) Pause Young (Normal) (G1 Evacuation Pause) 210M->58M(258M) 2.790ms
[362.138s][info][gc,cpu      ] GC(28) User=0.00s Sys=0.00s Real=0.00s
[377.344s][info][gc,start    ] GC(29) Pause Young (Normal) (G1 Evacuation Pause)
[377.345s][info][gc,task     ] GC(29) Using 2 workers of 2 for evacuation
[377.347s][info][gc,phases   ] GC(29)   Pre Evacuate Collection Set: 0.15ms
[377.347s][info][gc,phases   ] GC(29)   Merge Heap Roots: 0.07ms
[377.347s][info][gc,phases   ] GC(29)   Evacuate Collection Set: 2.39ms
[377.347s][info][gc,phases   ] GC(29)   Post Evacuate Collection Set: 0.25ms
[377.347s][info][gc,phases   ] GC(29)   Other: 0.07ms
[377.348s][info][gc,heap     ] GC(29) Eden regions: 151->0(151)
[377.348s][info][gc,heap     ] GC(29) Survivor regions: 2->2(20)
[377.348s][info][gc,heap     ] GC(29) Old regions: 59->59
[377.348s][info][gc,heap     ] GC(29) Humongous regions: 0->0
[377.348s][info][gc,metaspace] GC(29) Metaspace: 5522K(5696K)->5522K(5696K) NonClass: 5012K(5120K)->5012K(5120K) Class: 509K(576K)->509K(576K)
[377.348s][info][gc          ] GC(29) Pause Young (Normal) (G1 Evacuation Pause) 209M->59M(258M) 3.098ms
[377.348s][info][gc,cpu      ] GC(29) User=0.00s Sys=0.00s Real=0.01s
[394.961s][info][gc,start    ] GC(30) Pause Young (Normal) (G1 Evacuation Pause)
[394.961s][info][gc,task     ] GC(30) Using 2 workers of 2 for evacuation
[394.978s][info][gc,phases   ] GC(30)   Pre Evacuate Collection Set: 0.15ms
[394.978s][info][gc,phases   ] GC(30)   Merge Heap Roots: 0.07ms
[394.978s][info][gc,phases   ] GC(30)   Evacuate Collection Set: 15.82ms
[394.978s][info][gc,phases   ] GC(30)   Post Evacuate Collection Set: 0.29ms
[394.978s][info][gc,phases   ] GC(30)   Other: 0.08ms
[394.978s][info][gc,heap     ] GC(30) Eden regions: 151->0(139)
[394.978s][info][gc,heap     ] GC(30) Survivor regions: 2->14(20)
[394.978s][info][gc,heap     ] GC(30) Old regions: 59->59
[394.978s][info][gc,heap     ] GC(30) Humongous regions: 0->0
[394.978s][info][gc,metaspace] GC(30) Metaspace: 5542K(5696K)->5542K(5696K) NonClass: 5032K(5120K)->5032K(5120K) Class: 509K(576K)->509K(576K)
[394.978s][info][gc          ] GC(30) Pause Young (Normal) (G1 Evacuation Pause) 210M->71M(258M) 16.580ms
[394.978s][info][gc,cpu      ] GC(30) User=0.03s Sys=0.00s Real=0.02s
[411.764s][info][gc,start    ] GC(31) Pause Young (Normal) (G1 Evacuation Pause)
[411.764s][info][gc,task     ] GC(31) Using 2 workers of 2 for evacuation
[411.784s][info][gc,phases   ] GC(31)   Pre Evacuate Collection Set: 0.16ms
[411.784s][info][gc,phases   ] GC(31)   Merge Heap Roots: 0.05ms
[411.784s][info][gc,phases   ] GC(31)   Evacuate Collection Set: 19.69ms
[411.784s][info][gc,phases   ] GC(31)   Post Evacuate Collection Set: 0.27ms
[411.784s][info][gc,phases   ] GC(31)   Other: 0.06ms
[411.784s][info][gc,heap     ] GC(31) Eden regions: 139->0(152)
[411.784s][info][gc,heap     ] GC(31) Survivor regions: 14->1(20)
[411.784s][info][gc,heap     ] GC(31) Old regions: 59->72
[411.784s][info][gc,heap     ] GC(31) Humongous regions: 0->0
[411.784s][info][gc,metaspace] GC(31) Metaspace: 5542K(5696K)->5542K(5696K) NonClass: 5032K(5120K)->5032K(5120K) Class: 509K(576K)->509K(576K)
[411.784s][info][gc          ] GC(31) Pause Young (Normal) (G1 Evacuation Pause) 210M->72M(258M) 20.422ms
[411.784s][info][gc,cpu      ] GC(31) User=0.03s Sys=0.01s Real=0.02s
[428.686s][info][gc,start    ] GC(32) Pause Young (Normal) (G1 Evacuation Pause)
[428.686s][info][gc,task     ] GC(32) Using 2 workers of 2 for evacuation
[428.688s][info][gc,phases   ] GC(32)   Pre Evacuate Collection Set: 0.15ms
[428.688s][info][gc,phases   ] GC(32)   Merge Heap Roots: 0.07ms
[428.688s][info][gc,phases   ] GC(32)   Evacuate Collection Set: 1.58ms
[428.688s][info][gc,phases   ] GC(32)   Post Evacuate Collection Set: 0.25ms
[428.688s][info][gc,phases   ] GC(32)   Other: 0.08ms
[428.688s][info][gc,heap     ] GC(32) Eden regions: 152->0(152)
[428.688s][info][gc,heap     ] GC(32) Survivor regions: 1->1(20)
[428.688s][info][gc,heap     ] GC(32) Old regions: 72->72
[428.688s][info][gc,heap     ] GC(32) Humongous regions: 0->0
[428.688s][info][gc,metaspace] GC(32) Metaspace: 5542K(5696K)->5542K(5696K) NonClass: 5032K(5120K)->5032K(5120K) Class: 509K(576K)->509K(576K)
[428.688s][info][gc          ] GC(32) Pause Young (Normal) (G1 Evacuation Pause) 224M->72M(258M) 2.280ms
[428.688s][info][gc,cpu      ] GC(32) User=0.00s Sys=0.00s Real=0.00s
[446.050s][info][gc,start    ] GC(33) Pause Young (Normal) (G1 Evacuation Pause)
[446.050s][info][gc,task     ] GC(33) Using 2 workers of 2 for evacuation
[446.053s][info][gc,phases   ] GC(33)   Pre Evacuate Collection Set: 0.15ms
[446.053s][info][gc,phases   ] GC(33)   Merge Heap Roots: 0.06ms
[446.053s][info][gc,phases   ] GC(33)   Evacuate Collection Set: 2.13ms
[446.053s][info][gc,phases   ] GC(33)   Post Evacuate Collection Set: 0.29ms
[446.053s][info][gc,phases   ] GC(33)   Other: 0.08ms
[446.053s][info][gc,heap     ] GC(33) Eden regions: 152->0(151)
[446.053s][info][gc,heap     ] GC(33) Survivor regions: 1->2(20)
[446.053s][info][gc,heap     ] GC(33) Old regions: 72->72
[446.053s][info][gc,heap     ] GC(33) Humongous regions: 0->0
[446.053s][info][gc,metaspace] GC(33) Metaspace: 5542K(5696K)->5542K(5696K) NonClass: 5032K(5120K)->5032K(5120K) Class: 509K(576K)->509K(576K)
[446.053s][info][gc          ] GC(33) Pause Young (Normal) (G1 Evacuation Pause) 224M->72M(258M) 2.885ms
[446.053s][info][gc,cpu      ] GC(33) User=0.01s Sys=0.00s Real=0.00s
[462.805s][info][gc,start    ] GC(34) Pause Young (Normal) (G1 Evacuation Pause)
[462.805s][info][gc,task     ] GC(34) Using 2 workers of 2 for evacuation
[462.808s][info][gc,phases   ] GC(34)   Pre Evacuate Collection Set: 0.15ms
[462.808s][info][gc,phases   ] GC(34)   Merge Heap Roots: 0.06ms
[462.808s][info][gc,phases   ] GC(34)   Evacuate Collection Set: 2.55ms
[462.808s][info][gc,phases   ] GC(34)   Post Evacuate Collection Set: 0.26ms
[462.808s][info][gc,phases   ] GC(34)   Other: 0.06ms
[462.808s][info][gc,heap     ] GC(34) Eden regions: 151->0(151)
[462.808s][info][gc,heap     ] GC(34) Survivor regions: 2->2(20)
[462.808s][info][gc,heap     ] GC(34) Old regions: 72->72
[462.808s][info][gc,heap     ] GC(34) Humongous regions: 0->0
[462.808s][info][gc,metaspace] GC(34) Metaspace: 5542K(5696K)->5542K(5696K) NonClass: 5032K(5120K)->5032K(5120K) Class: 509K(576K)->509K(576K)
[462.808s][info][gc          ] GC(34) Pause Young (Normal) (G1 Evacuation Pause) 223M->73M(258M) 3.234ms
[462.808s][info][gc,cpu      ] GC(34) User=0.00s Sys=0.00s Real=0.00s
[478.873s][info][gc,start    ] GC(35) Pause Young (Normal) (G1 Evacuation Pause)
[478.873s][info][gc,task     ] GC(35) Using 2 workers of 2 for evacuation
[478.877s][info][gc,phases   ] GC(35)   Pre Evacuate Collection Set: 0.15ms
[478.877s][info][gc,phases   ] GC(35)   Merge Heap Roots: 0.08ms
[478.877s][info][gc,phases   ] GC(35)   Evacuate Collection Set: 2.81ms
[478.877s][info][gc,phases   ] GC(35)   Post Evacuate Collection Set: 0.27ms
[478.877s][info][gc,phases   ] GC(35)   Other: 0.07ms
[478.877s][info][gc,heap     ] GC(35) Eden regions: 151->0(150)
[478.877s][info][gc,heap     ] GC(35) Survivor regions: 2->3(20)
[478.877s][info][gc,heap     ] GC(35) Old regions: 72->72
[478.877s][info][gc,heap     ] GC(35) Humongous regions: 0->0
[478.877s][info][gc,metaspace] GC(35) Metaspace: 5542K(5696K)->5542K(5696K) NonClass: 5032K(5120K)->5032K(5120K) Class: 509K(576K)->509K(576K)
[478.877s][info][gc          ] GC(35) Pause Young (Normal) (G1 Evacuation Pause) 224M->73M(258M) 3.567ms
[478.877s][info][gc,cpu      ] GC(35) User=0.01s Sys=0.00s Real=0.01s
[497.709s][info][gc,start    ] GC(36) Pause Young (Normal) (G1 Evacuation Pause)
[497.709s][info][gc,task     ] GC(36) Using 2 workers of 2 for evacuation
[497.726s][info][gc,phases   ] GC(36)   Pre Evacuate Collection Set: 0.15ms
[497.726s][info][gc,phases   ] GC(36)   Merge Heap Roots: 0.08ms
[497.726s][info][gc,phases   ] GC(36)   Evacuate Collection Set: 16.00ms
[497.726s][info][gc,phases   ] GC(36)   Post Evacuate Collection Set: 0.27ms
[497.726s][info][gc,phases   ] GC(36)   Other: 0.09ms
[497.726s][info][gc,heap     ] GC(36) Eden regions: 150->0(139)
[497.726s][info][gc,heap     ] GC(36) Survivor regions: 3->14(20)
[497.726s][info][gc,heap     ] GC(36) Old regions: 72->72
[497.726s][info][gc,heap     ] GC(36) Humongous regions: 0->0
[497.726s][info][gc,metaspace] GC(36) Metaspace: 5556K(5696K)->5556K(5696K) NonClass: 5046K(5120K)->5046K(5120K) Class: 509K(576K)->509K(576K)
[497.726s][info][gc          ] GC(36) Pause Young (Normal) (G1 Evacuation Pause) 223M->85M(258M) 16.757ms
[497.726s][info][gc,cpu      ] GC(36) User=0.04s Sys=0.00s Real=0.02s
[513.536s][info][gc,start    ] GC(37) Pause Young (Normal) (G1 Evacuation Pause)
[513.536s][info][gc,task     ] GC(37) Using 2 workers of 2 for evacuation
[513.557s][info][gc,phases   ] GC(37)   Pre Evacuate Collection Set: 0.14ms
[513.557s][info][gc,phases   ] GC(37)   Merge Heap Roots: 0.06ms
[513.557s][info][gc,phases   ] GC(37)   Evacuate Collection Set: 20.50ms
[513.557s][info][gc,phases   ] GC(37)   Post Evacuate Collection Set: 0.28ms
[513.557s][info][gc,phases   ] GC(37)   Other: 0.08ms
[513.557s][info][gc,heap     ] GC(37) Eden regions: 139->0(152)
[513.557s][info][gc,heap     ] GC(37) Survivor regions: 14->1(20)
[513.557s][info][gc,heap     ] GC(37) Old regions: 72->86
[513.557s][info][gc,heap     ] GC(37) Humongous regions: 0->0
[513.557s][info][gc,metaspace] GC(37) Metaspace: 5556K(5696K)->5556K(5696K) NonClass: 5046K(5120K)->5046K(5120K) Class: 509K(576K)->509K(576K)
[513.557s][info][gc          ] GC(37) Pause Young (Normal) (G1 Evacuation Pause) 224M->85M(258M) 21.210ms
[513.557s][info][gc,cpu      ] GC(37) User=0.04s Sys=0.01s Real=0.02s
[530.081s][info][gc,start    ] GC(38) Pause Young (Normal) (G1 Evacuation Pause)
[530.081s][info][gc,task     ] GC(38) Using 2 workers of 2 for evacuation
[530.083s][info][gc,phases   ] GC(38)   Pre Evacuate Collection Set: 0.14ms
[530.083s][info][gc,phases   ] GC(38)   Merge Heap Roots: 0.06ms
[530.083s][info][gc,phases   ] GC(38)   Evacuate Collection Set: 1.54ms
[530.083s][info][gc,phases   ] GC(38)   Post Evacuate Collection Set: 0.25ms
[530.083s][info][gc,phases   ] GC(38)   Other: 0.08ms
[530.083s][info][gc,heap     ] GC(38) Eden regions: 152->0(152)
[530.083s][info][gc,heap     ] GC(38) Survivor regions: 1->1(20)
[530.083s][info][gc,heap     ] GC(38) Old regions: 86->86
[530.083s][info][gc,heap     ] GC(38) Humongous regions: 0->0
[530.083s][info][gc,metaspace] GC(38) Metaspace: 5556K(5696K)->5556K(5696K) NonClass: 5046K(5120K)->5046K(5120K) Class: 509K(576K)->509K(576K)
[530.083s][info][gc          ] GC(38) Pause Young (Normal) (G1 Evacuation Pause) 237M->85M(258M) 2.225ms
[530.083s][info][gc,cpu      ] GC(38) User=0.00s Sys=0.00s Real=0.00s
[546.253s][info][gc,start    ] GC(39) Pause Young (Normal) (G1 Evacuation Pause)
[546.253s][info][gc,task     ] GC(39) Using 2 workers of 2 for evacuation
[546.256s][info][gc,phases   ] GC(39)   Pre Evacuate Collection Set: 0.16ms
[546.256s][info][gc,phases   ] GC(39)   Merge Heap Roots: 0.07ms
[546.256s][info][gc,phases   ] GC(39)   Evacuate Collection Set: 2.03ms
[546.256s][info][gc,phases   ] GC(39)   Post Evacuate Collection Set: 0.25ms
[546.256s][info][gc,phases   ] GC(39)   Other: 0.08ms
[546.256s][info][gc,heap     ] GC(39) Eden regions: 152->0(151)
[546.256s][info][gc,heap     ] GC(39) Survivor regions: 1->2(20)
[546.256s][info][gc,heap     ] GC(39) Old regions: 86->86
[546.256s][info][gc,heap     ] GC(39) Humongous regions: 0->0
[546.256s][info][gc,metaspace] GC(39) Metaspace: 5556K(5696K)->5556K(5696K) NonClass: 5046K(5120K)->5046K(5120K) Class: 509K(576K)->509K(576K)
[546.256s][info][gc          ] GC(39) Pause Young (Normal) (G1 Evacuation Pause) 237M->86M(258M) 2.749ms
[546.256s][info][gc,cpu      ] GC(39) User=0.00s Sys=0.00s Real=0.01s
[562.548s][info][gc,start    ] GC(40) Pause Young (Normal) (G1 Evacuation Pause)
[562.548s][info][gc,task     ] GC(40) Using 2 workers of 2 for evacuation
[562.551s][info][gc,phases   ] GC(40)   Pre Evacuate Collection Set: 0.14ms
[562.551s][info][gc,phases   ] GC(40)   Merge Heap Roots: 0.06ms
[562.551s][info][gc,phases   ] GC(40)   Evacuate Collection Set: 2.53ms
[562.551s][info][gc,phases   ] GC(40)   Post Evacuate Collection Set: 0.28ms
[562.551s][info][gc,phases   ] GC(40)   Other: 0.07ms
[562.551s][info][gc,heap     ] GC(40) Eden regions: 151->0(151)
[562.551s][info][gc,heap     ] GC(40) Survivor regions: 2->2(20)
[562.551s][info][gc,heap     ] GC(40) Old regions: 86->86
[562.551s][info][gc,heap     ] GC(40) Humongous regions: 0->0
[562.551s][info][gc,metaspace] GC(40) Metaspace: 5556K(5696K)->5556K(5696K) NonClass: 5046K(5120K)->5046K(5120K) Class: 509K(576K)->509K(576K)
[562.551s][info][gc          ] GC(40) Pause Young (Normal) (G1 Evacuation Pause) 237M->86M(258M) 3.232ms
[562.551s][info][gc,cpu      ] GC(40) User=0.00s Sys=0.01s Real=0.00s
[579.132s][info][gc,start    ] GC(41) Pause Young (Normal) (G1 Evacuation Pause)
[579.132s][info][gc,task     ] GC(41) Using 2 workers of 2 for evacuation
[579.135s][info][gc,phases   ] GC(41)   Pre Evacuate Collection Set: 0.16ms
[579.135s][info][gc,phases   ] GC(41)   Merge Heap Roots: 0.06ms
[579.135s][info][gc,phases   ] GC(41)   Evacuate Collection Set: 2.79ms
[579.136s][info][gc,phases   ] GC(41)   Post Evacuate Collection Set: 0.26ms
[579.136s][info][gc,phases   ] GC(41)   Other: 0.07ms
[579.136s][info][gc,heap     ] GC(41) Eden regions: 151->0(150)
[579.136s][info][gc,heap     ] GC(41) Survivor regions: 2->3(20)
[579.136s][info][gc,heap     ] GC(41) Old regions: 86->86
[579.136s][info][gc,heap     ] GC(41) Humongous regions: 0->0
[579.136s][info][gc,metaspace] GC(41) Metaspace: 5556K(5696K)->5556K(5696K) NonClass: 5046K(5120K)->5046K(5120K) Class: 509K(576K)->509K(576K)
[579.136s][info][gc          ] GC(41) Pause Young (Normal) (G1 Evacuation Pause) 237M->87M(258M) 3.503ms
[579.136s][info][gc,cpu      ] GC(41) User=0.01s Sys=0.00s Real=0.01s
[598.580s][info][gc,start    ] GC(42) Pause Young (Normal) (G1 Evacuation Pause)
[598.580s][info][gc,task     ] GC(42) Using 2 workers of 2 for evacuation
[598.597s][info][gc,phases   ] GC(42)   Pre Evacuate Collection Set: 0.18ms
[598.597s][info][gc,phases   ] GC(42)   Merge Heap Roots: 0.06ms
[598.597s][info][gc,phases   ] GC(42)   Evacuate Collection Set: 16.28ms
[598.597s][info][gc,phases   ] GC(42)   Post Evacuate Collection Set: 0.30ms
[598.597s][info][gc,phases   ] GC(42)   Other: 0.08ms
[598.597s][info][gc,heap     ] GC(42) Eden regions: 150->0(130)
[598.597s][info][gc,heap     ] GC(42) Survivor regions: 3->14(20)
[598.597s][info][gc,heap     ] GC(42) Old regions: 86->86
[598.597s][info][gc,heap     ] GC(42) Humongous regions: 0->0
[598.597s][info][gc,metaspace] GC(42) Metaspace: 5568K(5696K)->5568K(5696K) NonClass: 5058K(5120K)->5058K(5120K) Class: 509K(576K)->509K(576K)
[598.597s][info][gc          ] GC(42) Pause Young (Normal) (G1 Evacuation Pause) 237M->98M(258M) 17.046ms
[598.597s][info][gc,cpu      ] GC(42) User=0.03s Sys=0.00s Real=0.02s
[612.518s][info][gc,start    ] GC(43) Pause Young (Normal) (G1 Evacuation Pause)
[612.518s][info][gc,task     ] GC(43) Using 2 workers of 2 for evacuation
[612.540s][info][gc,phases   ] GC(43)   Pre Evacuate Collection Set: 0.15ms
[612.540s][info][gc,phases   ] GC(43)   Merge Heap Roots: 0.05ms
[612.540s][info][gc,phases   ] GC(43)   Evacuate Collection Set: 21.71ms
[612.540s][info][gc,phases   ] GC(43)   Post Evacuate Collection Set: 0.26ms
[612.540s][info][gc,phases   ] GC(43)   Other: 0.07ms
[612.540s][info][gc,heap     ] GC(43) Eden regions: 130->0(143)
[612.540s][info][gc,heap     ] GC(43) Survivor regions: 14->1(18)
[612.540s][info][gc,heap     ] GC(43) Old regions: 86->99
[612.540s][info][gc,heap     ] GC(43) Humongous regions: 0->0
[612.540s][info][gc,metaspace] GC(43) Metaspace: 5568K(5696K)->5568K(5696K) NonClass: 5058K(5120K)->5058K(5120K) Class: 509K(576K)->509K(576K)
[612.540s][info][gc          ] GC(43) Pause Young (Normal) (G1 Evacuation Pause) 228M->99M(258M) 22.423ms
[612.540s][info][gc,cpu      ] GC(43) User=0.03s Sys=0.00s Real=0.02s
[628.060s][info][gc,start    ] GC(44) Pause Young (Normal) (G1 Evacuation Pause)
[628.060s][info][gc,task     ] GC(44) Using 2 workers of 2 for evacuation
[628.062s][info][gc,phases   ] GC(44)   Pre Evacuate Collection Set: 0.15ms
[628.062s][info][gc,phases   ] GC(44)   Merge Heap Roots: 0.08ms
[628.062s][info][gc,phases   ] GC(44)   Evacuate Collection Set: 1.51ms
[628.062s][info][gc,phases   ] GC(44)   Post Evacuate Collection Set: 0.25ms
[628.063s][info][gc,phases   ] GC(44)   Other: 0.06ms
[628.063s][info][gc,heap     ] GC(44) Eden regions: 143->0(143)
[628.063s][info][gc,heap     ] GC(44) Survivor regions: 1->1(18)
[628.063s][info][gc,heap     ] GC(44) Old regions: 99->99
[628.063s][info][gc,heap     ] GC(44) Humongous regions: 0->0
[628.063s][info][gc,metaspace] GC(44) Metaspace: 5568K(5696K)->5568K(5696K) NonClass: 5058K(5120K)->5058K(5120K) Class: 509K(576K)->509K(576K)
[628.063s][info][gc          ] GC(44) Pause Young (Normal) (G1 Evacuation Pause) 242M->99M(258M) 2.224ms
[628.063s][info][gc,cpu      ] GC(44) User=0.00s Sys=0.00s Real=0.00s
[643.064s][info][gc,start    ] GC(45) Pause Young (Normal) (G1 Evacuation Pause)
[643.064s][info][gc,task     ] GC(45) Using 2 workers of 2 for evacuation
[643.066s][info][gc,phases   ] GC(45)   Pre Evacuate Collection Set: 0.16ms
[643.066s][info][gc,phases   ] GC(45)   Merge Heap Roots: 0.06ms
[643.066s][info][gc,phases   ] GC(45)   Evacuate Collection Set: 1.95ms
[643.066s][info][gc,phases   ] GC(45)   Post Evacuate Collection Set: 0.24ms
[643.066s][info][gc,phases   ] GC(45)   Other: 0.06ms
[643.066s][info][gc,heap     ] GC(45) Eden regions: 143->0(141)
[643.066s][info][gc,heap     ] GC(45) Survivor regions: 1->2(18)
[643.066s][info][gc,heap     ] GC(45) Old regions: 99->99
[643.066s][info][gc,heap     ] GC(45) Humongous regions: 0->0
[643.066s][info][gc,metaspace] GC(45) Metaspace: 5568K(5696K)->5568K(5696K) NonClass: 5058K(5120K)->5058K(5120K) Class: 509K(576K)->509K(576K)
[643.066s][info][gc          ] GC(45) Pause Young (Normal) (G1 Evacuation Pause) 242M->99M(258M) 2.644ms
[643.066s][info][gc,cpu      ] GC(45) User=0.01s Sys=0.00s Real=0.01s
[658.101s][info][gc,start    ] GC(46) Pause Young (Normal) (G1 Evacuation Pause)
[658.101s][info][gc,task     ] GC(46) Using 2 workers of 2 for evacuation
[658.103s][info][gc,phases   ] GC(46)   Pre Evacuate Collection Set: 0.18ms
[658.103s][info][gc,phases   ] GC(46)   Merge Heap Roots: 0.06ms
[658.103s][info][gc,phases   ] GC(46)   Evacuate Collection Set: 2.28ms
[658.104s][info][gc,phases   ] GC(46)   Post Evacuate Collection Set: 0.24ms
[658.104s][info][gc,phases   ] GC(46)   Other: 0.06ms
[658.104s][info][gc,heap     ] GC(46) Eden regions: 141->0(141)
[658.104s][info][gc,heap     ] GC(46) Survivor regions: 2->2(18)
[658.104s][info][gc,heap     ] GC(46) Old regions: 99->99
[658.104s][info][gc,heap     ] GC(46) Humongous regions: 0->0
[658.104s][info][gc,metaspace] GC(46) Metaspace: 5568K(5696K)->5568K(5696K) NonClass: 5058K(5120K)->5058K(5120K) Class: 509K(576K)->509K(576K)
[658.104s][info][gc          ] GC(46) Pause Young (Normal) (G1 Evacuation Pause) 240M->100M(258M) 2.969ms
[658.104s][info][gc,cpu      ] GC(46) User=0.00s Sys=0.00s Real=0.00s
[673.118s][info][gc,start    ] GC(47) Pause Young (Normal) (G1 Evacuation Pause)
[673.118s][info][gc,task     ] GC(47) Using 2 workers of 2 for evacuation
[673.121s][info][gc,phases   ] GC(47)   Pre Evacuate Collection Set: 0.16ms
[673.121s][info][gc,phases   ] GC(47)   Merge Heap Roots: 0.07ms
[673.121s][info][gc,phases   ] GC(47)   Evacuate Collection Set: 2.72ms
[673.121s][info][gc,phases   ] GC(47)   Post Evacuate Collection Set: 0.26ms
[673.121s][info][gc,phases   ] GC(47)   Other: 0.07ms
[673.121s][info][gc,heap     ] GC(47) Eden regions: 141->0(139)
[673.121s][info][gc,heap     ] GC(47) Survivor regions: 2->3(18)
[673.121s][info][gc,heap     ] GC(47) Old regions: 99->99
[673.121s][info][gc,heap     ] GC(47) Humongous regions: 0->0
[673.121s][info][gc,metaspace] GC(47) Metaspace: 5568K(5696K)->5568K(5696K) NonClass: 5058K(5120K)->5058K(5120K) Class: 509K(576K)->509K(576K)
[673.121s][info][gc          ] GC(47) Pause Young (Normal) (G1 Evacuation Pause) 241M->100M(258M) 3.429ms
[673.121s][info][gc,cpu      ] GC(47) User=0.01s Sys=0.00s Real=0.00s
[691.148s][info][gc,start    ] GC(48) Pause Young (Normal) (G1 Evacuation Pause)
[691.148s][info][gc,task     ] GC(48) Using 2 workers of 2 for evacuation
[691.164s][info][gc,phases   ] GC(48)   Pre Evacuate Collection Set: 0.15ms
[691.164s][info][gc,phases   ] GC(48)   Merge Heap Roots: 0.07ms
[691.164s][info][gc,phases   ] GC(48)   Evacuate Collection Set: 15.89ms
[691.164s][info][gc,phases   ] GC(48)   Post Evacuate Collection Set: 0.29ms
[691.164s][info][gc,phases   ] GC(48)   Other: 0.07ms
[691.164s][info][gc,heap     ] GC(48) Eden regions: 139->0(117)
[691.164s][info][gc,heap     ] GC(48) Survivor regions: 3->14(18)
[691.164s][info][gc,heap     ] GC(48) Old regions: 99->99
[691.164s][info][gc,heap     ] GC(48) Humongous regions: 0->0
[691.164s][info][gc,metaspace] GC(48) Metaspace: 5608K(5760K)->5608K(5760K) NonClass: 5098K(5184K)->5098K(5184K) Class: 509K(576K)->509K(576K)
[691.164s][info][gc          ] GC(48) Pause Young (Normal) (G1 Evacuation Pause) 239M->111M(258M) 16.653ms
[691.164s][info][gc,cpu      ] GC(48) User=0.03s Sys=0.00s Real=0.01s
[704.326s][info][gc,start    ] GC(49) Pause Young (Normal) (G1 Evacuation Pause)
[704.326s][info][gc,task     ] GC(49) Using 2 workers of 2 for evacuation
[704.342s][info][gc,phases   ] GC(49)   Pre Evacuate Collection Set: 0.15ms
[704.342s][info][gc,phases   ] GC(49)   Merge Heap Roots: 0.05ms
[704.342s][info][gc,phases   ] GC(49)   Evacuate Collection Set: 15.26ms
[704.342s][info][gc,phases   ] GC(49)   Post Evacuate Collection Set: 0.26ms
[704.342s][info][gc,phases   ] GC(49)   Other: 0.06ms
[704.342s][info][gc,heap     ] GC(49) Eden regions: 117->0(129)
[704.342s][info][gc,heap     ] GC(49) Survivor regions: 14->1(17)
[704.342s][info][gc,heap     ] GC(49) Old regions: 99->113
[704.342s][info][gc,heap     ] GC(49) Humongous regions: 0->0
[704.342s][info][gc,metaspace] GC(49) Metaspace: 5608K(5760K)->5608K(5760K) NonClass: 5098K(5184K)->5098K(5184K) Class: 509K(576K)->509K(576K)
[704.342s][info][gc          ] GC(49) Pause Young (Normal) (G1 Evacuation Pause) 228M->112M(258M) 15.944ms
[704.342s][info][gc,cpu      ] GC(49) User=0.03s Sys=0.00s Real=0.01s
[718.041s][info][gc,start    ] GC(50) Pause Young (Normal) (G1 Evacuation Pause)
[718.041s][info][gc,task     ] GC(50) Using 2 workers of 2 for evacuation
[718.043s][info][gc,phases   ] GC(50)   Pre Evacuate Collection Set: 0.15ms
[718.043s][info][gc,phases   ] GC(50)   Merge Heap Roots: 0.05ms
[718.043s][info][gc,phases   ] GC(50)   Evacuate Collection Set: 1.36ms
[718.043s][info][gc,phases   ] GC(50)   Post Evacuate Collection Set: 0.23ms
[718.043s][info][gc,phases   ] GC(50)   Other: 0.08ms
[718.043s][info][gc,heap     ] GC(50) Eden regions: 129->0(129)
[718.043s][info][gc,heap     ] GC(50) Survivor regions: 1->1(17)
[718.043s][info][gc,heap     ] GC(50) Old regions: 113->113
[718.043s][info][gc,heap     ] GC(50) Humongous regions: 0->0
[718.043s][info][gc,metaspace] GC(50) Metaspace: 5608K(5760K)->5608K(5760K) NonClass: 5098K(5184K)->5098K(5184K) Class: 509K(576K)->509K(576K)
[718.043s][info][gc          ] GC(50) Pause Young (Normal) (G1 Evacuation Pause) 241M->112M(258M) 2.018ms
[718.043s][info][gc,cpu      ] GC(50) User=0.00s Sys=0.00s Real=0.00s
[731.292s][info][gc,start    ] GC(51) Pause Young (Normal) (G1 Evacuation Pause)
[731.292s][info][gc,task     ] GC(51) Using 2 workers of 2 for evacuation
[731.294s][info][gc,phases   ] GC(51)   Pre Evacuate Collection Set: 0.14ms
[731.294s][info][gc,phases   ] GC(51)   Merge Heap Roots: 0.07ms
[731.294s][info][gc,phases   ] GC(51)   Evacuate Collection Set: 1.73ms
[731.294s][info][gc,phases   ] GC(51)   Post Evacuate Collection Set: 0.22ms
[731.294s][info][gc,phases   ] GC(51)   Other: 0.07ms
[731.294s][info][gc,heap     ] GC(51) Eden regions: 129->0(127)
[731.294s][info][gc,heap     ] GC(51) Survivor regions: 1->2(17)
[731.294s][info][gc,heap     ] GC(51) Old regions: 113->113
[731.294s][info][gc,heap     ] GC(51) Humongous regions: 0->0
[731.294s][info][gc,metaspace] GC(51) Metaspace: 5608K(5760K)->5608K(5760K) NonClass: 5098K(5184K)->5098K(5184K) Class: 509K(576K)->509K(576K)
[731.294s][info][gc          ] GC(51) Pause Young (Normal) (G1 Evacuation Pause) 241M->112M(258M) 2.393ms
[731.294s][info][gc,cpu      ] GC(51) User=0.01s Sys=0.00s Real=0.00s
[744.609s][info][gc,start    ] GC(52) Pause Young (Normal) (G1 Evacuation Pause)
[744.609s][info][gc,task     ] GC(52) Using 2 workers of 2 for evacuation
[744.612s][info][gc,phases   ] GC(52)   Pre Evacuate Collection Set: 0.15ms
[744.612s][info][gc,phases   ] GC(52)   Merge Heap Roots: 0.06ms
[744.612s][info][gc,phases   ] GC(52)   Evacuate Collection Set: 2.20ms
[744.612s][info][gc,phases   ] GC(52)   Post Evacuate Collection Set: 0.28ms
[744.612s][info][gc,phases   ] GC(52)   Other: 0.06ms
[744.612s][info][gc,heap     ] GC(52) Eden regions: 127->0(127)
[744.612s][info][gc,heap     ] GC(52) Survivor regions: 2->2(17)
[744.612s][info][gc,heap     ] GC(52) Old regions: 113->113
[744.612s][info][gc,heap     ] GC(52) Humongous regions: 0->0
[744.612s][info][gc,metaspace] GC(52) Metaspace: 5608K(5760K)->5608K(5760K) NonClass: 5098K(5184K)->5098K(5184K) Class: 509K(576K)->509K(576K)
[744.612s][info][gc          ] GC(52) Pause Young (Normal) (G1 Evacuation Pause) 239M->113M(258M) 2.910ms
[744.612s][info][gc,cpu      ] GC(52) User=0.01s Sys=0.00s Real=0.00s
[758.177s][info][gc,start    ] GC(53) Pause Young (Normal) (G1 Evacuation Pause)
[758.177s][info][gc,task     ] GC(53) Using 2 workers of 2 for evacuation
[758.182s][info][gc,phases   ] GC(53)   Pre Evacuate Collection Set: 0.18ms
[758.182s][info][gc,phases   ] GC(53)   Merge Heap Roots: 0.05ms
[758.182s][info][gc,phases   ] GC(53)   Evacuate Collection Set: 5.15ms
[758.183s][info][gc,phases   ] GC(53)   Post Evacuate Collection Set: 0.30ms
[758.183s][info][gc,phases   ] GC(53)   Other: 0.06ms
[758.183s][info][gc,heap     ] GC(53) Eden regions: 127->0(125)
[758.183s][info][gc,heap     ] GC(53) Survivor regions: 2->3(17)
[758.183s][info][gc,heap     ] GC(53) Old regions: 113->113
[758.183s][info][gc,heap     ] GC(53) Humongous regions: 0->0
[758.183s][info][gc,metaspace] GC(53) Metaspace: 5608K(5760K)->5608K(5760K) NonClass: 5098K(5184K)->5098K(5184K) Class: 509K(576K)->509K(576K)
[758.183s][info][gc          ] GC(53) Pause Young (Normal) (G1 Evacuation Pause) 240M->113M(258M) 5.905ms
[758.183s][info][gc,cpu      ] GC(53) User=0.00s Sys=0.00s Real=0.00s
[772.246s][info][gc,start    ] GC(54) Pause Young (Normal) (G1 Evacuation Pause)
[772.246s][info][gc,task     ] GC(54) Using 2 workers of 2 for evacuation
[772.252s][info][gc,phases   ] GC(54)   Pre Evacuate Collection Set: 0.20ms
[772.252s][info][gc,phases   ] GC(54)   Merge Heap Roots: 0.05ms
[772.253s][info][gc,phases   ] GC(54)   Evacuate Collection Set: 5.62ms
[772.253s][info][gc,phases   ] GC(54)   Post Evacuate Collection Set: 0.38ms
[772.253s][info][gc,phases   ] GC(54)   Other: 0.09ms
[772.253s][info][gc,heap     ] GC(54) Eden regions: 125->0(125)
[772.253s][info][gc,heap     ] GC(54) Survivor regions: 3->3(16)
[772.253s][info][gc,heap     ] GC(54) Old regions: 113->113
[772.253s][info][gc,heap     ] GC(54) Humongous regions: 0->0
[772.253s][info][gc,metaspace] GC(54) Metaspace: 5608K(5760K)->5608K(5760K) NonClass: 5098K(5184K)->5098K(5184K) Class: 509K(576K)->509K(576K)
[772.253s][info][gc          ] GC(54) Pause Young (Normal) (G1 Evacuation Pause) 238M->114M(258M) 6.509ms
[772.253s][info][gc,cpu      ] GC(54) User=0.00s Sys=0.00s Real=0.00s
[789.277s][info][gc,start    ] GC(55) Pause Young (Normal) (G1 Evacuation Pause)
[789.277s][info][gc,task     ] GC(55) Using 2 workers of 2 for evacuation
[789.294s][info][gc,phases   ] GC(55)   Pre Evacuate Collection Set: 0.18ms
[789.294s][info][gc,phases   ] GC(55)   Merge Heap Roots: 0.06ms
[789.294s][info][gc,phases   ] GC(55)   Evacuate Collection Set: 15.81ms
[789.294s][info][gc,phases   ] GC(55)   Post Evacuate Collection Set: 0.28ms
[789.294s][info][gc,phases   ] GC(55)   Other: 0.09ms
[789.294s][info][gc,heap     ] GC(55) Eden regions: 125->0(103)
[789.294s][info][gc,heap     ] GC(55) Survivor regions: 3->14(16)
[789.294s][info][gc,heap     ] GC(55) Old regions: 113->113
[789.294s][info][gc,heap     ] GC(55) Humongous regions: 0->0
[789.294s][info][gc,metaspace] GC(55) Metaspace: 5611K(5760K)->5611K(5760K) NonClass: 5101K(5184K)->5101K(5184K) Class: 509K(576K)->509K(576K)
[789.294s][info][gc          ] GC(55) Pause Young (Normal) (G1 Evacuation Pause) 239M->125M(258M) 16.584ms
[789.294s][info][gc,cpu      ] GC(55) User=0.03s Sys=0.00s Real=0.01s
[800.496s][info][gc,start    ] GC(56) Pause Young (Normal) (G1 Evacuation Pause)
[800.496s][info][gc,task     ] GC(56) Using 2 workers of 2 for evacuation
[800.512s][info][gc,phases   ] GC(56)   Pre Evacuate Collection Set: 0.15ms
[800.512s][info][gc,phases   ] GC(56)   Merge Heap Roots: 0.06ms
[800.512s][info][gc,phases   ] GC(56)   Evacuate Collection Set: 15.27ms
[800.512s][info][gc,phases   ] GC(56)   Post Evacuate Collection Set: 0.24ms
[800.512s][info][gc,phases   ] GC(56)   Other: 0.08ms
[800.512s][info][gc,heap     ] GC(56) Eden regions: 103->0(116)
[800.512s][info][gc,heap     ] GC(56) Survivor regions: 14->1(15)
[800.512s][info][gc,heap     ] GC(56) Old regions: 113->126
[800.512s][info][gc,heap     ] GC(56) Humongous regions: 0->0
[800.512s][info][gc,metaspace] GC(56) Metaspace: 5611K(5760K)->5611K(5760K) NonClass: 5101K(5184K)->5101K(5184K) Class: 509K(576K)->509K(576K)
[800.512s][info][gc          ] GC(56) Pause Young (Normal) (G1 Evacuation Pause) 228M->126M(258M) 15.981ms
[800.512s][info][gc,cpu      ] GC(56) User=0.03s Sys=0.00s Real=0.01s
[812.401s][info][gc,start    ] GC(57) Pause Young (Concurrent Start) (G1 Evacuation Pause)
[812.401s][info][gc,task     ] GC(57) Using 2 workers of 2 for evacuation
[812.403s][info][gc,phases   ] GC(57)   Pre Evacuate Collection Set: 0.18ms
[812.403s][info][gc,phases   ] GC(57)   Merge Heap Roots: 0.06ms
[812.403s][info][gc,phases   ] GC(57)   Evacuate Collection Set: 1.73ms
[812.403s][info][gc,phases   ] GC(57)   Post Evacuate Collection Set: 0.22ms
[812.403s][info][gc,phases   ] GC(57)   Other: 0.07ms
[812.403s][info][gc,heap     ] GC(57) Eden regions: 116->0(116)
[812.403s][info][gc,heap     ] GC(57) Survivor regions: 1->1(15)
[812.403s][info][gc,heap     ] GC(57) Old regions: 126->126
[812.403s][info][gc,heap     ] GC(57) Humongous regions: 0->0
[812.403s][info][gc,metaspace] GC(57) Metaspace: 5611K(5760K)->5611K(5760K) NonClass: 5101K(5184K)->5101K(5184K) Class: 509K(576K)->509K(576K)
[812.403s][info][gc          ] GC(57) Pause Young (Concurrent Start) (G1 Evacuation Pause) 242M->125M(258M) 2.423ms
[812.403s][info][gc,cpu      ] GC(57) User=0.00s Sys=0.00s Real=0.00s
[812.403s][info][gc          ] GC(58) Concurrent Mark Cycle
[812.403s][info][gc,marking  ] GC(58) Concurrent Scan Root Regions
[812.404s][info][gc,marking  ] GC(58) Concurrent Scan Root Regions 0.610ms
[812.404s][info][gc,marking  ] GC(58) Concurrent Mark
[812.404s][info][gc,marking  ] GC(58) Concurrent Mark From Roots
[812.404s][info][gc,task     ] GC(58) Using 1 workers of 1 for marking
[812.430s][info][gc,marking  ] GC(58) Concurrent Mark From Roots 26.001ms
[812.430s][info][gc,marking  ] GC(58) Concurrent Preclean
[812.430s][info][gc,marking  ] GC(58) Concurrent Preclean 0.022ms
[812.430s][info][gc,start    ] GC(58) Pause Remark
[812.433s][info][gc          ] GC(58) Pause Remark 127M->40M(256M) 3.025ms
[812.433s][info][gc,cpu      ] GC(58) User=0.00s Sys=0.00s Real=0.00s
[812.433s][info][gc,marking  ] GC(58) Concurrent Mark 29.464ms
[812.433s][info][gc,marking  ] GC(58) Concurrent Rebuild Remembered Sets and Scrub Regions
[812.445s][info][gc,marking  ] GC(58) Concurrent Rebuild Remembered Sets and Scrub Regions 12.094ms
[812.445s][info][gc,start    ] GC(58) Pause Cleanup
[812.445s][info][gc          ] GC(58) Pause Cleanup 40M->40M(256M) 0.032ms
[812.445s][info][gc,cpu      ] GC(58) User=0.00s Sys=0.00s Real=0.00s
[812.445s][info][gc,marking  ] GC(58) Concurrent Clear Claimed Marks
[812.445s][info][gc,marking  ] GC(58) Concurrent Clear Claimed Marks 0.009ms
[812.445s][info][gc,marking  ] GC(58) Concurrent Cleanup for Next Mark
[812.452s][info][gc,marking  ] GC(58) Concurrent Cleanup for Next Mark 6.460ms
[812.452s][info][gc          ] GC(58) Concurrent Mark Cycle 48.864ms
[824.811s][info][gc,start    ] GC(59) Pause Young (Prepare Mixed) (G1 Evacuation Pause)
[824.811s][info][gc,task     ] GC(59) Using 2 workers of 2 for evacuation
[824.815s][info][gc,phases   ] GC(59)   Pre Evacuate Collection Set: 0.16ms
[824.815s][info][gc,phases   ] GC(59)   Merge Heap Roots: 0.09ms
[824.815s][info][gc,phases   ] GC(59)   Evacuate Collection Set: 3.47ms
[824.815s][info][gc,phases   ] GC(59)   Post Evacuate Collection Set: 0.26ms
[824.815s][info][gc,phases   ] GC(59)   Other: 0.06ms
[824.815s][info][gc,heap     ] GC(59) Eden regions: 116->0(152)
[824.815s][info][gc,heap     ] GC(59) Survivor regions: 1->1(15)
[824.815s][info][gc,heap     ] GC(59) Old regions: 39->39
[824.815s][info][gc,heap     ] GC(59) Humongous regions: 0->0
[824.815s][info][gc,metaspace] GC(59) Metaspace: 5611K(5760K)->5611K(5760K) NonClass: 5101K(5184K)->5101K(5184K) Class: 509K(576K)->509K(576K)
[824.815s][info][gc          ] GC(59) Pause Young (Prepare Mixed) (G1 Evacuation Pause) 154M->39M(256M) 4.199ms
[824.815s][info][gc,cpu      ] GC(59) User=0.01s Sys=0.01s Real=0.01s
[840.419s][info][gc,start    ] GC(60) Pause Young (Mixed) (G1 Evacuation Pause)
[840.419s][info][gc,task     ] GC(60) Using 2 workers of 2 for evacuation
[840.423s][info][gc,phases   ] GC(60)   Pre Evacuate Collection Set: 0.19ms
[840.423s][info][gc,phases   ] GC(60)   Merge Heap Roots: 0.09ms
[840.423s][info][gc,phases   ] GC(60)   Evacuate Collection Set: 3.20ms
[840.423s][info][gc,phases   ] GC(60)   Post Evacuate Collection Set: 0.36ms
[840.423s][info][gc,phases   ] GC(60)   Other: 0.06ms
[840.423s][info][gc,heap     ] GC(60) Eden regions: 152->0(151)
[840.423s][info][gc,heap     ] GC(60) Survivor regions: 1->2(20)
[840.423s][info][gc,heap     ] GC(60) Old regions: 39->28
[840.423s][info][gc,heap     ] GC(60) Humongous regions: 0->0
[840.423s][info][gc,metaspace] GC(60) Metaspace: 5611K(5760K)->5611K(5760K) NonClass: 5101K(5184K)->5101K(5184K) Class: 509K(576K)->509K(576K)
[840.423s][info][gc          ] GC(60) Pause Young (Mixed) (G1 Evacuation Pause) 191M->27M(256M) 4.057ms
[840.423s][info][gc,cpu      ] GC(60) User=0.00s Sys=0.00s Real=0.00s
[856.947s][info][gc,start    ] GC(61) Pause Young (Normal) (G1 Evacuation Pause)
[856.947s][info][gc,task     ] GC(61) Using 2 workers of 2 for evacuation
[856.953s][info][gc,phases   ] GC(61)   Pre Evacuate Collection Set: 0.18ms
[856.953s][info][gc,phases   ] GC(61)   Merge Heap Roots: 0.05ms
[856.953s][info][gc,phases   ] GC(61)   Evacuate Collection Set: 4.85ms
[856.953s][info][gc,phases   ] GC(61)   Post Evacuate Collection Set: 0.35ms
[856.953s][info][gc,phases   ] GC(61)   Other: 0.09ms
[856.953s][info][gc,heap     ] GC(61) Eden regions: 151->0(150)
[856.953s][info][gc,heap     ] GC(61) Survivor regions: 2->3(20)
[856.953s][info][gc,heap     ] GC(61) Old regions: 28->28
[856.953s][info][gc,heap     ] GC(61) Humongous regions: 0->0
[856.953s][info][gc,metaspace] GC(61) Metaspace: 5611K(5760K)->5611K(5760K) NonClass: 5101K(5184K)->5101K(5184K) Class: 509K(576K)->509K(576K)
[856.953s][info][gc          ] GC(61) Pause Young (Normal) (G1 Evacuation Pause) 178M->28M(256M) 5.698ms
[856.953s][info][gc,cpu      ] GC(61) User=0.01s Sys=0.00s Real=0.00s
[874.566s][info][gc,start    ] GC(62) Pause Young (Normal) (G1 Evacuation Pause)
[874.567s][info][gc,task     ] GC(62) Using 2 workers of 2 for evacuation
[874.584s][info][gc,phases   ] GC(62)   Pre Evacuate Collection Set: 0.18ms
[874.584s][info][gc,phases   ] GC(62)   Merge Heap Roots: 0.06ms
[874.584s][info][gc,phases   ] GC(62)   Evacuate Collection Set: 17.01ms
[874.584s][info][gc,phases   ] GC(62)   Post Evacuate Collection Set: 0.30ms
[874.584s][info][gc,phases   ] GC(62)   Other: 0.07ms
[874.584s][info][gc,heap     ] GC(62) Eden regions: 150->0(139)
[874.584s][info][gc,heap     ] GC(62) Survivor regions: 3->14(20)
[874.584s][info][gc,heap     ] GC(62) Old regions: 28->28
[874.584s][info][gc,heap     ] GC(62) Humongous regions: 0->0
[874.584s][info][gc,metaspace] GC(62) Metaspace: 5617K(5760K)->5617K(5760K) NonClass: 5107K(5184K)->5107K(5184K) Class: 509K(576K)->509K(576K)
[874.584s][info][gc          ] GC(62) Pause Young (Normal) (G1 Evacuation Pause) 178M->39M(256M) 17.802ms
[874.584s][info][gc,cpu      ] GC(62) User=0.04s Sys=0.00s Real=0.01s
[891.628s][info][gc,start    ] GC(63) Pause Young (Normal) (G1 Evacuation Pause)
[891.628s][info][gc,task     ] GC(63) Using 2 workers of 2 for evacuation
[891.645s][info][gc,phases   ] GC(63)   Pre Evacuate Collection Set: 0.15ms
[891.645s][info][gc,phases   ] GC(63)   Merge Heap Roots: 0.05ms
[891.645s][info][gc,phases   ] GC(63)   Evacuate Collection Set: 15.54ms
[891.645s][info][gc,phases   ] GC(63)   Post Evacuate Collection Set: 0.29ms
[891.645s][info][gc,phases   ] GC(63)   Other: 0.06ms
[891.645s][info][gc,heap     ] GC(63) Eden regions: 139->0(152)
[891.645s][info][gc,heap     ] GC(63) Survivor regions: 14->1(20)
[891.645s][info][gc,heap     ] GC(63) Old regions: 28->41
[891.645s][info][gc,heap     ] GC(63) Humongous regions: 0->0
[891.645s][info][gc,metaspace] GC(63) Metaspace: 5617K(5760K)->5617K(5760K) NonClass: 5107K(5184K)->5107K(5184K) Class: 509K(576K)->509K(576K)
[891.645s][info][gc          ] GC(63) Pause Young (Normal) (G1 Evacuation Pause) 178M->40M(256M) 16.285ms
[891.645s][info][gc,cpu      ] GC(63) User=0.03s Sys=0.00s Real=0.02s
[907.820s][info][gc,start    ] GC(64) Pause Young (Normal) (G1 Evacuation Pause)
[907.820s][info][gc,task     ] GC(64) Using 2 workers of 2 for evacuation
[907.822s][info][gc,phases   ] GC(64)   Pre Evacuate Collection Set: 0.14ms
[907.822s][info][gc,phases   ] GC(64)   Merge Heap Roots: 0.06ms
[907.822s][info][gc,phases   ] GC(64)   Evacuate Collection Set: 1.59ms
[907.822s][info][gc,phases   ] GC(64)   Post Evacuate Collection Set: 0.30ms
[907.822s][info][gc,phases   ] GC(64)   Other: 0.08ms
[907.822s][info][gc,heap     ] GC(64) Eden regions: 152->0(152)
[907.822s][info][gc,heap     ] GC(64) Survivor regions: 1->1(20)
[907.822s][info][gc,heap     ] GC(64) Old regions: 41->41
[907.822s][info][gc,heap     ] GC(64) Humongous regions: 0->0
[907.822s][info][gc,metaspace] GC(64) Metaspace: 5617K(5760K)->5617K(5760K) NonClass: 5107K(5184K)->5107K(5184K) Class: 509K(576K)->509K(576K)
[907.822s][info][gc          ] GC(64) Pause Young (Normal) (G1 Evacuation Pause) 192M->40M(256M) 2.319ms
[907.822s][info][gc,cpu      ] GC(64) User=0.01s Sys=0.00s Real=0.00s
[923.914s][info][gc,start    ] GC(65) Pause Young (Normal) (G1 Evacuation Pause)
[923.914s][info][gc,task     ] GC(65) Using 2 workers of 2 for evacuation
[923.919s][info][gc,phases   ] GC(65)   Pre Evacuate Collection Set: 0.16ms
[923.919s][info][gc,phases   ] GC(65)   Merge Heap Roots: 0.05ms
[923.919s][info][gc,phases   ] GC(65)   Evacuate Collection Set: 4.53ms
[923.919s][info][gc,phases   ] GC(65)   Post Evacuate Collection Set: 0.31ms
[923.919s][info][gc,phases   ] GC(65)   Other: 0.06ms
[923.919s][info][gc,heap     ] GC(65) Eden regions: 152->0(151)
[923.919s][info][gc,heap     ] GC(65) Survivor regions: 1->2(20)
[923.919s][info][gc,heap     ] GC(65) Old regions: 41->41
[923.919s][info][gc,heap     ] GC(65) Humongous regions: 0->0
[923.919s][info][gc,metaspace] GC(65) Metaspace: 5617K(5760K)->5617K(5760K) NonClass: 5107K(5184K)->5107K(5184K) Class: 509K(576K)->509K(576K)
[923.919s][info][gc          ] GC(65) Pause Young (Normal) (G1 Evacuation Pause) 192M->40M(256M) 5.271ms
[923.919s][info][gc,cpu      ] GC(65) User=0.01s Sys=0.00s Real=0.01s
[940.249s][info][gc,start    ] GC(66) Pause Young (Normal) (G1 Evacuation Pause)
[940.249s][info][gc,task     ] GC(66) Using 2 workers of 2 for evacuation
[940.254s][info][gc,phases   ] GC(66)   Pre Evacuate Collection Set: 0.18ms
[940.254s][info][gc,phases   ] GC(66)   Merge Heap Roots: 0.07ms
[940.254s][info][gc,phases   ] GC(66)   Evacuate Collection Set: 4.82ms
[940.254s][info][gc,phases   ] GC(66)   Post Evacuate Collection Set: 0.36ms
[940.254s][info][gc,phases   ] GC(66)   Other: 0.07ms
[940.254s][info][gc,heap     ] GC(66) Eden regions: 151->0(150)
[940.254s][info][gc,heap     ] GC(66) Survivor regions: 2->3(20)
[940.254s][info][gc,heap     ] GC(66) Old regions: 41->41
[940.254s][info][gc,heap     ] GC(66) Humongous regions: 0->0
[940.254s][info][gc,metaspace] GC(66) Metaspace: 5617K(5760K)->5617K(5760K) NonClass: 5107K(5184K)->5107K(5184K) Class: 509K(576K)->509K(576K)
[940.255s][info][gc          ] GC(66) Pause Young (Normal) (G1 Evacuation Pause) 191M->41M(256M) 5.658ms
[940.255s][info][gc,cpu      ] GC(66) User=0.00s Sys=0.00s Real=0.00s
[956.156s][info][gc,start    ] GC(67) Pause Young (Normal) (G1 Evacuation Pause)
[956.156s][info][gc,task     ] GC(67) Using 2 workers of 2 for evacuation
[956.163s][info][gc,phases   ] GC(67)   Pre Evacuate Collection Set: 0.20ms
[956.163s][info][gc,phases   ] GC(67)   Merge Heap Roots: 0.05ms
[956.163s][info][gc,phases   ] GC(67)   Evacuate Collection Set: 5.85ms
[956.163s][info][gc,phases   ] GC(67)   Post Evacuate Collection Set: 0.35ms
[956.163s][info][gc,phases   ] GC(67)   Other: 0.09ms
[956.163s][info][gc,heap     ] GC(67) Eden regions: 150->0(150)
[956.163s][info][gc,heap     ] GC(67) Survivor regions: 3->3(20)
[956.163s][info][gc,heap     ] GC(67) Old regions: 41->41
[956.163s][info][gc,heap     ] GC(67) Humongous regions: 0->0
[956.163s][info][gc,metaspace] GC(67) Metaspace: 5617K(5760K)->5617K(5760K) NonClass: 5107K(5184K)->5107K(5184K) Class: 509K(576K)->509K(576K)
[956.163s][info][gc          ] GC(67) Pause Young (Normal) (G1 Evacuation Pause) 191M->42M(256M) 6.734ms
[956.163s][info][gc,cpu      ] GC(67) User=0.00s Sys=0.00s Real=0.00s
[975.098s][info][gc,start    ] GC(68) Pause Young (Normal) (G1 Evacuation Pause)
[975.098s][info][gc,task     ] GC(68) Using 2 workers of 2 for evacuation
[975.115s][info][gc,phases   ] GC(68)   Pre Evacuate Collection Set: 0.17ms
[975.115s][info][gc,phases   ] GC(68)   Merge Heap Roots: 0.06ms
[975.115s][info][gc,phases   ] GC(68)   Evacuate Collection Set: 16.25ms
[975.115s][info][gc,phases   ] GC(68)   Post Evacuate Collection Set: 0.37ms
[975.115s][info][gc,phases   ] GC(68)   Other: 0.08ms
[975.115s][info][gc,heap     ] GC(68) Eden regions: 150->0(139)
[975.115s][info][gc,heap     ] GC(68) Survivor regions: 3->14(20)
[975.115s][info][gc,heap     ] GC(68) Old regions: 41->41
[975.115s][info][gc,heap     ] GC(68) Humongous regions: 0->0
[975.115s][info][gc,metaspace] GC(68) Metaspace: 5620K(5760K)->5620K(5760K) NonClass: 5110K(5184K)->5110K(5184K) Class: 509K(576K)->509K(576K)
[975.115s][info][gc          ] GC(68) Pause Young (Normal) (G1 Evacuation Pause) 192M->53M(256M) 17.101ms
[975.115s][info][gc,cpu      ] GC(68) User=0.03s Sys=0.00s Real=0.02s
[991.070s][info][gc,start    ] GC(69) Pause Young (Normal) (G1 Evacuation Pause)
[991.070s][info][gc,task     ] GC(69) Using 2 workers of 2 for evacuation
[991.088s][info][gc,phases   ] GC(69)   Pre Evacuate Collection Set: 0.18ms
[991.088s][info][gc,phases   ] GC(69)   Merge Heap Roots: 0.06ms
[991.088s][info][gc,phases   ] GC(69)   Evacuate Collection Set: 17.28ms
[991.088s][info][gc,phases   ] GC(69)   Post Evacuate Collection Set: 0.29ms
[991.088s][info][gc,phases   ] GC(69)   Other: 0.07ms
[991.088s][info][gc,heap     ] GC(69) Eden regions: 139->0(152)
[991.088s][info][gc,heap     ] GC(69) Survivor regions: 14->1(20)
[991.088s][info][gc,heap     ] GC(69) Old regions: 41->55
[991.088s][info][gc,heap     ] GC(69) Humongous regions: 0->0
[991.088s][info][gc,metaspace] GC(69) Metaspace: 5621K(5760K)->5621K(5760K) NonClass: 5111K(5184K)->5111K(5184K) Class: 509K(576K)->509K(576K)
[991.088s][info][gc          ] GC(69) Pause Young (Normal) (G1 Evacuation Pause) 192M->54M(256M) 18.037ms
[991.088s][info][gc,cpu      ] GC(69) User=0.04s Sys=0.00s Real=0.02s
[1007.389s][info][gc,start    ] GC(70) Pause Young (Normal) (G1 Evacuation Pause)
[1007.389s][info][gc,task     ] GC(70) Using 2 workers of 2 for evacuation
[1007.391s][info][gc,phases   ] GC(70)   Pre Evacuate Collection Set: 0.17ms
[1007.391s][info][gc,phases   ] GC(70)   Merge Heap Roots: 0.06ms
[1007.391s][info][gc,phases   ] GC(70)   Evacuate Collection Set: 1.60ms
[1007.391s][info][gc,phases   ] GC(70)   Post Evacuate Collection Set: 0.25ms
[1007.391s][info][gc,phases   ] GC(70)   Other: 0.06ms
[1007.391s][info][gc,heap     ] GC(70) Eden regions: 152->0(152)
[1007.391s][info][gc,heap     ] GC(70) Survivor regions: 1->1(20)
[1007.391s][info][gc,heap     ] GC(70) Old regions: 55->55
[1007.391s][info][gc,heap     ] GC(70) Humongous regions: 0->0
[1007.391s][info][gc,metaspace] GC(70) Metaspace: 5621K(5760K)->5621K(5760K) NonClass: 5111K(5184K)->5111K(5184K) Class: 509K(576K)->509K(576K)
[1007.391s][info][gc          ] GC(70) Pause Young (Normal) (G1 Evacuation Pause) 206M->54M(256M) 2.295ms
[1007.391s][info][gc,cpu      ] GC(70) User=0.00s Sys=0.00s Real=0.00s
[1023.625s][info][gc,start    ] GC(71) Pause Young (Normal) (G1 Evacuation Pause)
[1023.625s][info][gc,task     ] GC(71) Using 2 workers of 2 for evacuation
[1023.629s][info][gc,phases   ] GC(71)   Pre Evacuate Collection Set: 0.18ms
[1023.629s][info][gc,phases   ] GC(71)   Merge Heap Roots: 0.05ms
[1023.629s][info][gc,phases   ] GC(71)   Evacuate Collection Set: 3.15ms
[1023.629s][info][gc,phases   ] GC(71)   Post Evacuate Collection Set: 0.29ms
[1023.629s][info][gc,phases   ] GC(71)   Other: 0.09ms
[1023.629s][info][gc,heap     ] GC(71) Eden regions: 152->0(151)
[1023.629s][info][gc,heap     ] GC(71) Survivor regions: 1->2(20)
[1023.629s][info][gc,heap     ] GC(71) Old regions: 55->55
[1023.629s][info][gc,heap     ] GC(71) Humongous regions: 0->0
[1023.629s][info][gc,metaspace] GC(71) Metaspace: 5621K(5760K)->5621K(5760K) NonClass: 5111K(5184K)->5111K(5184K) Class: 509K(576K)->509K(576K)
[1023.629s][info][gc          ] GC(71) Pause Young (Normal) (G1 Evacuation Pause) 206M->54M(256M) 3.926ms
[1023.629s][info][gc,cpu      ] GC(71) User=0.01s Sys=0.00s Real=0.00s
[1039.388s][info][gc,start    ] GC(72) Pause Young (Normal) (G1 Evacuation Pause)
[1039.388s][info][gc,task     ] GC(72) Using 2 workers of 2 for evacuation
[1039.391s][info][gc,phases   ] GC(72)   Pre Evacuate Collection Set: 0.16ms
[1039.392s][info][gc,phases   ] GC(72)   Merge Heap Roots: 0.06ms
[1039.392s][info][gc,phases   ] GC(72)   Evacuate Collection Set: 2.50ms
[1039.392s][info][gc,phases   ] GC(72)   Post Evacuate Collection Set: 0.26ms
[1039.392s][info][gc,phases   ] GC(72)   Other: 0.06ms
[1039.392s][info][gc,heap     ] GC(72) Eden regions: 151->0(151)
[1039.392s][info][gc,heap     ] GC(72) Survivor regions: 2->2(20)
[1039.392s][info][gc,heap     ] GC(72) Old regions: 55->55
[1039.392s][info][gc,heap     ] GC(72) Humongous regions: 0->0
[1039.392s][info][gc,metaspace] GC(72) Metaspace: 5621K(5760K)->5621K(5760K) NonClass: 5111K(5184K)->5111K(5184K) Class: 509K(576K)->509K(576K)
[1039.392s][info][gc          ] GC(72) Pause Young (Normal) (G1 Evacuation Pause) 205M->55M(256M) 3.212ms
[1039.392s][info][gc,cpu      ] GC(72) User=0.01s Sys=0.00s Real=0.00s
[1055.439s][info][gc,start    ] GC(73) Pause Young (Normal) (G1 Evacuation Pause)
[1055.439s][info][gc,task     ] GC(73) Using 2 workers of 2 for evacuation
[1055.443s][info][gc,phases   ] GC(73)   Pre Evacuate Collection Set: 0.15ms
[1055.443s][info][gc,phases   ] GC(73)   Merge Heap Roots: 0.06ms
[1055.443s][info][gc,phases   ] GC(73)   Evacuate Collection Set: 2.78ms
[1055.443s][info][gc,phases   ] GC(73)   Post Evacuate Collection Set: 0.32ms
[1055.443s][info][gc,phases   ] GC(73)   Other: 0.06ms
[1055.443s][info][gc,heap     ] GC(73) Eden regions: 151->0(150)
[1055.443s][info][gc,heap     ] GC(73) Survivor regions: 2->3(20)
[1055.443s][info][gc,heap     ] GC(73) Old regions: 55->55
[1055.443s][info][gc,heap     ] GC(73) Humongous regions: 0->0
[1055.443s][info][gc,metaspace] GC(73) Metaspace: 5621K(5760K)->5621K(5760K) NonClass: 5111K(5184K)->5111K(5184K) Class: 509K(576K)->509K(576K)
[1055.443s][info][gc          ] GC(73) Pause Young (Normal) (G1 Evacuation Pause) 206M->56M(256M) 3.522ms
[1055.443s][info][gc,cpu      ] GC(73) User=0.01s Sys=0.00s Real=0.00s
[1060.362s][info][gc,heap,exit] Heap
[1060.362s][info][gc,heap,exit]  garbage-first heap   total reserved 1001472K, committed 262144K, used 106453K [0x00000000c2e00000, 0x0000000100000000)
[1060.362s][info][gc,heap,exit]   region size 1024K, 51 young (52224K), 3 survivors (3072K)
[1060.362s][info][gc,heap,exit]  Metaspace       used 5688K, committed 5824K, reserved 1114112K
[1060.362s][info][gc,heap,exit]   class space    used 516K, committed 576K, reserved 1048576K
