[0.002s][info][metaspace]  - commit_granule_bytes: 65536.
[0.002s][info][metaspace]  - commit_granule_words: 8192.
[0.002s][info][metaspace]  - virtual_space_node_default_size: 8388608.
[0.002s][info][metaspace]  - enlarge_chunks_in_place: 1.
[0.004s][info][gc,init  ] CardTable entry size: 512
[0.008s][info][gc       ] Using G1
[0.012s][info][gc,init  ] Version: 24-internal-adhoc.root.jdk (release)
[0.012s][info][gc,init  ] CPUs: 2 total, 2 available
[0.012s][info][gc,init  ] Memory: 3908M
[0.012s][info][gc,init  ] Large Page Support: Disabled
[0.012s][info][gc,init  ] NUMA Support: Disabled
[0.012s][info][gc,init  ] Compressed Oops: Enabled (32-bit)
[0.012s][info][gc,init  ] Heap Region Size: 1M
[0.012s][info][gc,init  ] Heap Min Capacity: 256M
[0.012s][info][gc,init  ] Heap Initial Capacity: 256M
[0.012s][info][gc,init  ] Heap Max Capacity: 978M
[0.012s][info][gc,init  ] Pre-touch: Disabled
[0.012s][info][gc,init  ] Parallel Workers: 2
[0.012s][info][gc,init  ] Concurrent Workers: 1
[0.012s][info][gc,init  ] Concurrent Refinement Workers: 2
[0.012s][info][gc,init  ] Periodic GC: Disabled
[0.024s][info][gc,metaspace] CDS archive(s) mapped at: [0x00007fb282000000-0x00007fb282dc0000-0x00007fb282dc0000), size 14417920, SharedBaseAddress: 0x00007fb282000000, ArchiveRelocationMode: 1.
[0.024s][info][gc,metaspace] Compressed class space mapped at: 0x00007fb283000000-0x00007fb2c3000000, reserved size: 1073741824
[0.024s][info][gc,metaspace] UseCompressedClassPointers 1, UseCompactObjectHeaders 0
[0.024s][info][gc,metaspace] Narrow klass pointer bits 32, Max shift 3
[0.024s][info][gc,metaspace] Narrow klass base: 0x00007fb282000000, Narrow klass shift: 0
[0.024s][info][gc,metaspace] Encoding Range: [0x00007fb282000000 - 0x00007fb382000000), (4294967296 bytes)
[0.024s][info][gc,metaspace] Klass Range:    [0x00007fb282000000 - 0x00007fb2c3000000), (1090519040 bytes)
[0.024s][info][gc,metaspace] Klass ID Range:  [8 - 1090519033) (1090519025)
[0.528s][info][gc,start    ] GC(0) Pause Young (Normal) (G1 Evacuation Pause)
[0.528s][info][gc,task     ] GC(0) Using 2 workers of 2 for evacuation
[0.531s][info][gc,phases   ] GC(0)   Pre Evacuate Collection Set: 0.22ms
[0.531s][info][gc,phases   ] GC(0)   Merge Heap Roots: 0.09ms
[0.531s][info][gc,phases   ] GC(0)   Evacuate Collection Set: 2.94ms
[0.531s][info][gc,phases   ] GC(0)   Post Evacuate Collection Set: 0.22ms
[0.531s][info][gc,phases   ] GC(0)   Other: 0.22ms
[0.531s][info][gc,heap     ] GC(0) Eden regions: 12->0(10)
[0.531s][info][gc,heap     ] GC(0) Survivor regions: 0->2(2)
[0.531s][info][gc,heap     ] GC(0) Old regions: 2->2
[0.531s][info][gc,heap     ] GC(0) Humongous regions: 0->0
[0.531s][info][gc,metaspace] GC(0) Metaspace: 2379K(2496K)->2379K(2496K) NonClass: 2182K(2240K)->2182K(2240K) Class: 196K(256K)->196K(256K)
[0.531s][info][gc          ] GC(0) Pause Young (Normal) (G1 Evacuation Pause) 13M->2M(258M) 3.887ms
[0.531s][info][gc,cpu      ] GC(0) User=0.01s Sys=0.01s Real=0.00s
[0.600s][info][gc,start    ] GC(1) Pause Young (Normal) (G1 Evacuation Pause)
[0.600s][info][gc,task     ] GC(1) Using 2 workers of 2 for evacuation
[0.603s][info][gc,phases   ] GC(1)   Pre Evacuate Collection Set: 0.15ms
[0.603s][info][gc,phases   ] GC(1)   Merge Heap Roots: 0.03ms
[0.603s][info][gc,phases   ] GC(1)   Evacuate Collection Set: 2.37ms
[0.603s][info][gc,phases   ] GC(1)   Post Evacuate Collection Set: 0.14ms
[0.603s][info][gc,phases   ] GC(1)   Other: 0.06ms
[0.603s][info][gc,heap     ] GC(1) Eden regions: 10->0(20)
[0.603s][info][gc,heap     ] GC(1) Survivor regions: 2->1(2)
[0.603s][info][gc,heap     ] GC(1) Old regions: 2->4
[0.603s][info][gc,heap     ] GC(1) Humongous regions: 0->0
[0.603s][info][gc,metaspace] GC(1) Metaspace: 2470K(2560K)->2470K(2560K) NonClass: 2273K(2304K)->2273K(2304K) Class: 197K(256K)->197K(256K)
[0.603s][info][gc          ] GC(1) Pause Young (Normal) (G1 Evacuation Pause) 12M->3M(258M) 2.913ms
[0.603s][info][gc,cpu      ] GC(1) User=0.01s Sys=0.00s Real=0.00s
[1.477s][info][gc,start    ] GC(2) Pause Young (Normal) (G1 Evacuation Pause)
[1.477s][info][gc,task     ] GC(2) Using 2 workers of 2 for evacuation
[1.479s][info][gc,phases   ] GC(2)   Pre Evacuate Collection Set: 0.15ms
[1.479s][info][gc,phases   ] GC(2)   Merge Heap Roots: 0.06ms
[1.479s][info][gc,phases   ] GC(2)   Evacuate Collection Set: 1.93ms
[1.479s][info][gc,phases   ] GC(2)   Post Evacuate Collection Set: 0.20ms
[1.479s][info][gc,phases   ] GC(2)   Other: 0.09ms
[1.480s][info][gc,heap     ] GC(2) Eden regions: 20->0(23)
[1.480s][info][gc,heap     ] GC(2) Survivor regions: 1->2(3)
[1.480s][info][gc,heap     ] GC(2) Old regions: 4->4
[1.480s][info][gc,heap     ] GC(2) Humongous regions: 0->0
[1.480s][info][gc,metaspace] GC(2) Metaspace: 4818K(4928K)->4818K(4928K) NonClass: 4434K(4480K)->4434K(4480K) Class: 384K(448K)->384K(448K)
[1.480s][info][gc          ] GC(2) Pause Young (Normal) (G1 Evacuation Pause) 23M->4M(258M) 2.594ms
[1.480s][info][gc,cpu      ] GC(2) User=0.00s Sys=0.00s Real=0.00s
[1.852s][info][gc,start    ] GC(3) Pause Young (Normal) (G1 Evacuation Pause)
[1.852s][info][gc,task     ] GC(3) Using 2 workers of 2 for evacuation
[1.859s][info][gc,phases   ] GC(3)   Pre Evacuate Collection Set: 0.15ms
[1.859s][info][gc,phases   ] GC(3)   Merge Heap Roots: 0.04ms
[1.859s][info][gc,phases   ] GC(3)   Evacuate Collection Set: 7.00ms
[1.859s][info][gc,phases   ] GC(3)   Post Evacuate Collection Set: 0.28ms
[1.859s][info][gc,phases   ] GC(3)   Other: 0.08ms
[1.859s][info][gc,heap     ] GC(3) Eden regions: 23->0(26)
[1.859s][info][gc,heap     ] GC(3) Survivor regions: 2->4(4)
[1.859s][info][gc,heap     ] GC(3) Old regions: 4->4
[1.859s][info][gc,heap     ] GC(3) Humongous regions: 0->0
[1.859s][info][gc,metaspace] GC(3) Metaspace: 8820K(9088K)->8820K(9088K) NonClass: 8090K(8256K)->8090K(8256K) Class: 729K(832K)->729K(832K)
[1.859s][info][gc          ] GC(3) Pause Young (Normal) (G1 Evacuation Pause) 27M->6M(258M) 7.703ms
[1.859s][info][gc,cpu      ] GC(3) User=0.01s Sys=0.00s Real=0.01s
[2.375s][info][gc,start    ] GC(4) Pause Young (Normal) (G1 Evacuation Pause)
[2.375s][info][gc,task     ] GC(4) Using 2 workers of 2 for evacuation
[2.385s][info][gc,phases   ] GC(4)   Pre Evacuate Collection Set: 0.15ms
[2.385s][info][gc,phases   ] GC(4)   Merge Heap Roots: 0.06ms
[2.385s][info][gc,phases   ] GC(4)   Evacuate Collection Set: 8.91ms
[2.385s][info][gc,phases   ] GC(4)   Post Evacuate Collection Set: 0.40ms
[2.385s][info][gc,phases   ] GC(4)   Other: 0.09ms
[2.385s][info][gc,heap     ] GC(4) Eden regions: 26->0(36)
[2.385s][info][gc,heap     ] GC(4) Survivor regions: 4->3(4)
[2.385s][info][gc,heap     ] GC(4) Old regions: 4->8
[2.385s][info][gc,heap     ] GC(4) Humongous regions: 0->0
[2.385s][info][gc,metaspace] GC(4) Metaspace: 15262K(15616K)->15262K(15616K) NonClass: 14030K(14272K)->14030K(14272K) Class: 1232K(1344K)->1232K(1344K)
[2.385s][info][gc          ] GC(4) Pause Young (Normal) (G1 Evacuation Pause) 32M->9M(258M) 9.789ms
[2.385s][info][gc,cpu      ] GC(4) User=0.01s Sys=0.00s Real=0.01s
[5.257s][info][gc,start    ] GC(5) Pause Young (Normal) (G1 Evacuation Pause)
[5.257s][info][gc,task     ] GC(5) Using 2 workers of 2 for evacuation
[5.264s][info][gc,phases   ] GC(5)   Pre Evacuate Collection Set: 0.15ms
[5.264s][info][gc,phases   ] GC(5)   Merge Heap Roots: 0.04ms
[5.264s][info][gc,phases   ] GC(5)   Evacuate Collection Set: 5.42ms
[5.264s][info][gc,phases   ] GC(5)   Post Evacuate Collection Set: 0.34ms
[5.264s][info][gc,phases   ] GC(5)   Other: 0.09ms
[5.264s][info][gc,heap     ] GC(5) Eden regions: 36->0(45)
[5.264s][info][gc,heap     ] GC(5) Survivor regions: 3->4(5)
[5.264s][info][gc,heap     ] GC(5) Old regions: 8->8
[5.264s][info][gc,heap     ] GC(5) Humongous regions: 0->0
[5.264s][info][gc,metaspace] GC(5) Metaspace: 20943K(21376K)->20943K(21376K) NonClass: 19372K(19648K)->19372K(19648K) Class: 1571K(1728K)->1571K(1728K)
[5.264s][info][gc          ] GC(5) Pause Young (Normal) (G1 Evacuation Pause) 45M->10M(258M) 6.197ms
[5.264s][info][gc,cpu      ] GC(5) User=0.01s Sys=0.00s Real=0.00s
[5.405s][info][metaspace   ] ChkMgr @0x00007fb2fc15e550 (non-class-space): failed to commit 7 words on chunk @0x00007fb2fc7aae20, f, base 0x00007fb279380000, level lv14.
[5.405s][info][metaspace   ] Arena @0x00007fb2fc65aa80 (non-class arena): failed to allocate new chunk for requested word size 7.
[5.405s][info][metaspace   ] Arena @0x00007fb2fc65aa80 (non-class arena): allocation failed, returned null.
[5.405s][info][metaspace   ] ChkMgr @0x00007fb2fc15e550 (non-class-space): failed to commit 7 words on chunk @0x00007fb2fc7aae20, f, base 0x00007fb279380000, level lv14.
[5.405s][info][metaspace   ] Arena @0x00007fb2fc65aa80 (non-class arena): failed to allocate new chunk for requested word size 7.
[5.405s][info][metaspace   ] Arena @0x00007fb2fc65aa80 (non-class arena): allocation failed, returned null.
[5.405s][info][metaspace   ] ChkMgr @0x00007fb2fc15e550 (non-class-space): failed to commit 7 words on chunk @0x00007fb2fc7aae20, f, base 0x00007fb279380000, level lv14.
[5.405s][info][metaspace   ] Arena @0x00007fb2fc65aa80 (non-class arena): failed to allocate new chunk for requested word size 7.
[5.405s][info][metaspace   ] Arena @0x00007fb2fc65aa80 (non-class arena): allocation failed, returned null.
[5.405s][info][gc,start    ] GC(6) Pause Young (Concurrent Start) (Metadata GC Threshold)
[5.405s][info][gc,task     ] GC(6) Using 2 workers of 2 for evacuation
[5.411s][info][gc,phases   ] GC(6)   Pre Evacuate Collection Set: 0.17ms
[5.411s][info][gc,phases   ] GC(6)   Merge Heap Roots: 0.04ms
[5.411s][info][gc,phases   ] GC(6)   Evacuate Collection Set: 5.16ms
[5.411s][info][gc,phases   ] GC(6)   Post Evacuate Collection Set: 0.28ms
[5.411s][info][gc,phases   ] GC(6)   Other: 0.10ms
[5.411s][info][gc,heap     ] GC(6) Eden regions: 2->0(82)
[5.411s][info][gc,heap     ] GC(6) Survivor regions: 4->2(6)
[5.411s][info][gc,heap     ] GC(6) Old regions: 8->10
[5.411s][info][gc,heap     ] GC(6) Humongous regions: 0->0
[5.411s][info][gc,metaspace] GC(6) Metaspace: 21095K(21504K)->21095K(21504K) NonClass: 19512K(19712K)->19512K(19712K) Class: 1583K(1792K)->1583K(1792K)
[5.411s][info][gc          ] GC(6) Pause Young (Concurrent Start) (Metadata GC Threshold) 12M->10M(258M) 5.871ms
[5.411s][info][gc,cpu      ] GC(6) User=0.01s Sys=0.00s Real=0.01s
[5.411s][info][metaspace   ] CLMS @0x00007fb2fc848180 : GC threshold increased: 22020096->22347776.
[5.411s][info][gc          ] GC(7) Concurrent Mark Cycle
[5.411s][info][gc,marking  ] GC(7) Concurrent Scan Root Regions
[5.421s][info][gc,marking  ] GC(7) Concurrent Scan Root Regions 10.454ms
[5.421s][info][gc,marking  ] GC(7) Concurrent Mark
[5.421s][info][gc,marking  ] GC(7) Concurrent Mark From Roots
[5.421s][info][gc,task     ] GC(7) Using 1 workers of 1 for marking
[5.435s][info][gc,marking  ] GC(7) Concurrent Mark From Roots 13.328ms
[5.435s][info][gc,marking  ] GC(7) Concurrent Preclean
[5.435s][info][gc,marking  ] GC(7) Concurrent Preclean 0.029ms
[5.435s][info][gc,start    ] GC(7) Pause Remark
[5.438s][info][gc          ] GC(7) Pause Remark 11M->11M(256M) 3.095ms
[5.438s][info][gc,cpu      ] GC(7) User=0.00s Sys=0.00s Real=0.01s
[5.439s][info][gc,marking  ] GC(7) Concurrent Mark 17.247ms
[5.439s][info][gc,marking  ] GC(7) Concurrent Rebuild Remembered Sets and Scrub Regions
[5.452s][info][gc,marking  ] GC(7) Concurrent Rebuild Remembered Sets and Scrub Regions 13.019ms
[5.452s][info][gc,start    ] GC(7) Pause Cleanup
[5.452s][info][gc          ] GC(7) Pause Cleanup 12M->12M(256M) 0.048ms
[5.452s][info][gc,cpu      ] GC(7) User=0.00s Sys=0.00s Real=0.00s
[5.452s][info][gc,marking  ] GC(7) Concurrent Clear Claimed Marks
[5.452s][info][gc,marking  ] GC(7) Concurrent Clear Claimed Marks 0.029ms
[5.452s][info][gc,marking  ] GC(7) Concurrent Cleanup for Next Mark
[5.456s][info][gc,marking  ] GC(7) Concurrent Cleanup for Next Mark 3.475ms
[5.456s][info][gc          ] GC(7) Concurrent Mark Cycle 44.569ms
[6.513s][info][gc,start    ] GC(8) Pause Young (Prepare Mixed) (G1 Evacuation Pause)
[6.513s][info][gc,task     ] GC(8) Using 2 workers of 2 for evacuation
[6.521s][info][gc,phases   ] GC(8)   Pre Evacuate Collection Set: 0.15ms
[6.521s][info][gc,phases   ] GC(8)   Merge Heap Roots: 0.05ms
[6.521s][info][gc,phases   ] GC(8)   Evacuate Collection Set: 7.02ms
[6.521s][info][gc,phases   ] GC(8)   Post Evacuate Collection Set: 0.41ms
[6.521s][info][gc,phases   ] GC(8)   Other: 0.10ms
[6.521s][info][gc,heap     ] GC(8) Eden regions: 81->0(73)
[6.521s][info][gc,heap     ] GC(8) Survivor regions: 2->3(11)
[6.521s][info][gc,heap     ] GC(8) Old regions: 10->10
[6.521s][info][gc,heap     ] GC(8) Humongous regions: 0->0
[6.521s][info][gc,metaspace] GC(8) Metaspace: 24126K(24448K)->24126K(24448K) NonClass: 22346K(22528K)->22346K(22528K) Class: 1779K(1920K)->1779K(1920K)
[6.521s][info][gc          ] GC(8) Pause Young (Prepare Mixed) (G1 Evacuation Pause) 91M->12M(256M) 7.900ms
[6.521s][info][gc,cpu      ] GC(8) User=0.01s Sys=0.00s Real=0.01s
[7.077s][info][gc,start    ] GC(9) Pause Young (Mixed) (G1 Evacuation Pause)
[7.077s][info][gc,task     ] GC(9) Using 2 workers of 2 for evacuation
[7.085s][info][gc,phases   ] GC(9)   Pre Evacuate Collection Set: 0.15ms
[7.085s][info][gc,phases   ] GC(9)   Merge Heap Roots: 0.06ms
[7.085s][info][gc,phases   ] GC(9)   Evacuate Collection Set: 7.18ms
[7.085s][info][gc,phases   ] GC(9)   Post Evacuate Collection Set: 0.60ms
[7.085s][info][gc,phases   ] GC(9)   Other: 0.06ms
[7.085s][info][gc,heap     ] GC(9) Eden regions: 73->0(87)
[7.085s][info][gc,heap     ] GC(9) Survivor regions: 3->5(10)
[7.085s][info][gc,heap     ] GC(9) Old regions: 10->10
[7.085s][info][gc,heap     ] GC(9) Humongous regions: 0->0
[7.085s][info][gc,metaspace] GC(9) Metaspace: 25528K(25856K)->25528K(25856K) NonClass: 23635K(23872K)->23635K(23872K) Class: 1893K(1984K)->1893K(1984K)
[7.085s][info][gc          ] GC(9) Pause Young (Mixed) (G1 Evacuation Pause) 85M->14M(256M) 8.209ms
[7.085s][info][gc,cpu      ] GC(9) User=0.01s Sys=0.00s Real=0.00s
[7.765s][info][gc,start    ] GC(10) Pause Young (Normal) (G1 Evacuation Pause)
[7.765s][info][gc,task     ] GC(10) Using 2 workers of 2 for evacuation
[7.781s][info][gc,phases   ] GC(10)   Pre Evacuate Collection Set: 0.22ms
[7.781s][info][gc,phases   ] GC(10)   Merge Heap Roots: 0.07ms
[7.781s][info][gc,phases   ] GC(10)   Evacuate Collection Set: 14.24ms
[7.781s][info][gc,phases   ] GC(10)   Post Evacuate Collection Set: 0.54ms
[7.781s][info][gc,phases   ] GC(10)   Other: 0.11ms
[7.781s][info][gc,heap     ] GC(10) Eden regions: 87->0(100)
[7.781s][info][gc,heap     ] GC(10) Survivor regions: 5->7(12)
[7.781s][info][gc,heap     ] GC(10) Old regions: 10->10
[7.781s][info][gc,heap     ] GC(10) Humongous regions: 104->2
[7.781s][info][gc,metaspace] GC(10) Metaspace: 26037K(26432K)->26037K(26432K) NonClass: 24113K(24384K)->24113K(24384K) Class: 1924K(2048K)->1924K(2048K)
[7.781s][info][gc          ] GC(10) Pause Young (Normal) (G1 Evacuation Pause) 205M->18M(256M) 15.366ms
[7.781s][info][gc,cpu      ] GC(10) User=0.02s Sys=0.00s Real=0.02s
[8.519s][info][gc,start    ] GC(11) Pause Young (Normal) (G1 Evacuation Pause)
[8.519s][info][gc,task     ] GC(11) Using 2 workers of 2 for evacuation
[8.542s][info][gc,phases   ] GC(11)   Pre Evacuate Collection Set: 0.16ms
[8.542s][info][gc,phases   ] GC(11)   Merge Heap Roots: 0.06ms
[8.542s][info][gc,phases   ] GC(11)   Evacuate Collection Set: 21.28ms
[8.542s][info][gc,phases   ] GC(11)   Post Evacuate Collection Set: 0.74ms
[8.542s][info][gc,phases   ] GC(11)   Other: 0.09ms
[8.542s][info][gc,heap     ] GC(11) Eden regions: 100->0(112)
[8.542s][info][gc,heap     ] GC(11) Survivor regions: 7->11(14)
[8.542s][info][gc,heap     ] GC(11) Old regions: 10->10
[8.542s][info][gc,heap     ] GC(11) Humongous regions: 24->0
[8.542s][info][gc,metaspace] GC(11) Metaspace: 27866K(28288K)->27866K(28288K) NonClass: 25813K(26048K)->25813K(26048K) Class: 2052K(2240K)->2052K(2240K)
[8.542s][info][gc          ] GC(11) Pause Young (Normal) (G1 Evacuation Pause) 140M->20M(256M) 22.516ms
[8.542s][info][gc,cpu      ] GC(11) User=0.03s Sys=0.01s Real=0.02s
[9.957s][info][gc,start    ] GC(12) Pause Young (Normal) (G1 Evacuation Pause)
[9.957s][info][gc,task     ] GC(12) Using 2 workers of 2 for evacuation
[9.972s][info][gc,phases   ] GC(12)   Pre Evacuate Collection Set: 0.16ms
[9.972s][info][gc,phases   ] GC(12)   Merge Heap Roots: 0.05ms
[9.972s][info][gc,phases   ] GC(12)   Evacuate Collection Set: 14.58ms
[9.972s][info][gc,phases   ] GC(12)   Post Evacuate Collection Set: 0.72ms
[9.972s][info][gc,phases   ] GC(12)   Other: 0.09ms
[9.972s][info][gc,heap     ] GC(12) Eden regions: 111->0(142)
[9.972s][info][gc,heap     ] GC(12) Survivor regions: 11->8(16)
[9.972s][info][gc,heap     ] GC(12) Old regions: 10->12
[9.972s][info][gc,heap     ] GC(12) Humongous regions: 0->0
[9.972s][info][gc,metaspace] GC(12) Metaspace: 28310K(28672K)->28310K(28672K) NonClass: 26247K(26432K)->26247K(26432K) Class: 2063K(2240K)->2063K(2240K)
[9.972s][info][gc          ] GC(12) Pause Young (Normal) (G1 Evacuation Pause) 131M->19M(256M) 15.809ms
[9.972s][info][gc,cpu      ] GC(12) User=0.02s Sys=0.01s Real=0.02s
[11.036s][info][gc,start    ] GC(13) Pause Young (Normal) (G1 Evacuation Pause)
[11.036s][info][gc,task     ] GC(13) Using 2 workers of 2 for evacuation
[11.046s][info][gc,phases   ] GC(13)   Pre Evacuate Collection Set: 0.15ms
[11.046s][info][gc,phases   ] GC(13)   Merge Heap Roots: 0.06ms
[11.046s][info][gc,phases   ] GC(13)   Evacuate Collection Set: 8.59ms
[11.046s][info][gc,phases   ] GC(13)   Post Evacuate Collection Set: 0.42ms
[11.046s][info][gc,phases   ] GC(13)   Other: 0.11ms
[11.046s][info][gc,heap     ] GC(13) Eden regions: 137->0(144)
[11.046s][info][gc,heap     ] GC(13) Survivor regions: 8->9(19)
[11.046s][info][gc,heap     ] GC(13) Old regions: 12->12
[11.046s][info][gc,heap     ] GC(13) Humongous regions: 2->2
[11.046s][info][gc,metaspace] GC(13) Metaspace: 28496K(28864K)->28496K(28864K) NonClass: 26412K(26624K)->26412K(26624K) Class: 2083K(2240K)->2083K(2240K)
[11.046s][info][gc          ] GC(13) Pause Young (Normal) (G1 Evacuation Pause) 158M->22M(256M) 9.517ms
[11.046s][info][gc,cpu      ] GC(13) User=0.02s Sys=0.00s Real=0.01s
[11.500s][info][gc,start    ] GC(14) Pause Young (Normal) (G1 Evacuation Pause)
[11.500s][info][gc,task     ] GC(14) Using 2 workers of 2 for evacuation
[11.538s][info][gc,phases   ] GC(14)   Pre Evacuate Collection Set: 0.18ms
[11.538s][info][gc,phases   ] GC(14)   Merge Heap Roots: 0.07ms
[11.538s][info][gc,phases   ] GC(14)   Evacuate Collection Set: 37.20ms
[11.538s][info][gc,phases   ] GC(14)   Post Evacuate Collection Set: 0.63ms
[11.538s][info][gc,phases   ] GC(14)   Other: 0.11ms
[11.538s][info][gc,heap     ] GC(14) Eden regions: 144->0(133)
[11.538s][info][gc,heap     ] GC(14) Survivor regions: 9->20(20)
[11.538s][info][gc,heap     ] GC(14) Old regions: 12->19
[11.538s][info][gc,heap     ] GC(14) Humongous regions: 3->3
[11.538s][info][gc,metaspace] GC(14) Metaspace: 28530K(28928K)->28530K(28928K) NonClass: 26437K(26688K)->26437K(26688K) Class: 2092K(2240K)->2092K(2240K)
[11.538s][info][gc          ] GC(14) Pause Young (Normal) (G1 Evacuation Pause) 167M->41M(256M) 38.372ms
[11.538s][info][gc,cpu      ] GC(14) User=0.08s Sys=0.00s Real=0.04s
[11.541s][info][gc,start    ] GC(15) Pause Young (Normal) (G1 Evacuation Pause)
[11.541s][info][gc,task     ] GC(15) Using 2 workers of 2 for evacuation
[11.573s][info][gc,phases   ] GC(15)   Pre Evacuate Collection Set: 0.17ms
[11.573s][info][gc,phases   ] GC(15)   Merge Heap Roots: 0.19ms
[11.573s][info][gc,phases   ] GC(15)   Evacuate Collection Set: 31.02ms
[11.573s][info][gc,phases   ] GC(15)   Post Evacuate Collection Set: 0.35ms
[11.573s][info][gc,phases   ] GC(15)   Other: 0.06ms
[11.573s][info][gc,heap     ] GC(15) Eden regions: 1->0(144)
[11.573s][info][gc,heap     ] GC(15) Survivor regions: 20->1(3)
[11.573s][info][gc,heap     ] GC(15) Old regions: 19->39
[11.573s][info][gc,heap     ] GC(15) Humongous regions: 3->3
[11.573s][info][gc,metaspace] GC(15) Metaspace: 28530K(28928K)->28530K(28928K) NonClass: 26437K(26688K)->26437K(26688K) Class: 2092K(2240K)->2092K(2240K)
[11.573s][info][gc          ] GC(15) Pause Young (Normal) (G1 Evacuation Pause) 42M->43M(256M) 31.999ms
[11.573s][info][gc,cpu      ] GC(15) User=0.06s Sys=0.00s Real=0.03s
[12.023s][info][gc,start    ] GC(16) Pause Young (Normal) (G1 Evacuation Pause)
[12.023s][info][gc,task     ] GC(16) Using 2 workers of 2 for evacuation
[12.045s][info][gc,phases   ] GC(16)   Pre Evacuate Collection Set: 0.17ms
[12.045s][info][gc,phases   ] GC(16)   Merge Heap Roots: 0.08ms
[12.045s][info][gc,phases   ] GC(16)   Evacuate Collection Set: 20.96ms
[12.045s][info][gc,phases   ] GC(16)   Post Evacuate Collection Set: 0.46ms
[12.045s][info][gc,phases   ] GC(16)   Other: 0.08ms
[12.045s][info][gc,heap     ] GC(16) Eden regions: 144->0(135)
[12.045s][info][gc,heap     ] GC(16) Survivor regions: 1->18(19)
[12.045s][info][gc,heap     ] GC(16) Old regions: 39->39
[12.045s][info][gc,heap     ] GC(16) Humongous regions: 5->5
[12.045s][info][gc,metaspace] GC(16) Metaspace: 28587K(28928K)->28587K(28928K) NonClass: 26490K(26688K)->26490K(26688K) Class: 2096K(2240K)->2096K(2240K)
[12.045s][info][gc          ] GC(16) Pause Young (Normal) (G1 Evacuation Pause) 189M->61M(256M) 21.957ms
[12.045s][info][gc,cpu      ] GC(16) User=0.04s Sys=0.00s Real=0.02s
[12.453s][info][gc,start    ] GC(17) Pause Young (Normal) (G1 Evacuation Pause)
[12.453s][info][gc,task     ] GC(17) Using 2 workers of 2 for evacuation
[12.491s][info][gc,phases   ] GC(17)   Pre Evacuate Collection Set: 0.15ms
[12.491s][info][gc,phases   ] GC(17)   Merge Heap Roots: 0.09ms
[12.491s][info][gc,phases   ] GC(17)   Evacuate Collection Set: 37.00ms
[12.491s][info][gc,phases   ] GC(17)   Post Evacuate Collection Set: 0.36ms
[12.491s][info][gc,phases   ] GC(17)   Other: 0.06ms
[12.491s][info][gc,heap     ] GC(17) Eden regions: 135->0(129)
[12.491s][info][gc,heap     ] GC(17) Survivor regions: 18->16(20)
[12.491s][info][gc,heap     ] GC(17) Old regions: 39->57
[12.491s][info][gc,heap     ] GC(17) Humongous regions: 5->5
[12.491s][info][gc,metaspace] GC(17) Metaspace: 28592K(28992K)->28592K(28992K) NonClass: 26495K(26752K)->26495K(26752K) Class: 2096K(2240K)->2096K(2240K)
[12.491s][info][gc          ] GC(17) Pause Young (Normal) (G1 Evacuation Pause) 196M->77M(256M) 37.871ms
[12.491s][info][gc,cpu      ] GC(17) User=0.07s Sys=0.00s Real=0.04s
[12.911s][info][gc,start    ] GC(18) Pause Young (Normal) (G1 Evacuation Pause)
[12.911s][info][gc,task     ] GC(18) Using 2 workers of 2 for evacuation
[12.963s][info][gc,phases   ] GC(18)   Pre Evacuate Collection Set: 0.16ms
[12.963s][info][gc,phases   ] GC(18)   Merge Heap Roots: 0.10ms
[12.963s][info][gc,phases   ] GC(18)   Evacuate Collection Set: 47.84ms
[12.963s][info][gc,phases   ] GC(18)   Post Evacuate Collection Set: 3.53ms
[12.963s][info][gc,phases   ] GC(18)   Other: 0.08ms
[12.963s][info][gc,heap     ] GC(18) Eden regions: 129->0(292)
[12.963s][info][gc,heap     ] GC(18) Survivor regions: 16->15(19)
[12.963s][info][gc,heap     ] GC(18) Old regions: 57->73
[12.963s][info][gc,heap     ] GC(18) Humongous regions: 9->9
[12.963s][info][gc,metaspace] GC(18) Metaspace: 28592K(28992K)->28592K(28992K) NonClass: 26495K(26752K)->26495K(26752K) Class: 2096K(2240K)->2096K(2240K)
[12.963s][info][gc          ] GC(18) Pause Young (Normal) (G1 Evacuation Pause) 210M->96M(516M) 51.920ms
[12.963s][info][gc,cpu      ] GC(18) User=0.10s Sys=0.00s Real=0.05s
[15.076s][info][gc,start    ] GC(19) Pause Young (Normal) (G1 Evacuation Pause)
[15.076s][info][gc,task     ] GC(19) Using 2 workers of 2 for evacuation
[15.164s][info][gc,phases   ] GC(19)   Pre Evacuate Collection Set: 0.34ms
[15.164s][info][gc,phases   ] GC(19)   Merge Heap Roots: 0.22ms
[15.164s][info][gc,phases   ] GC(19)   Evacuate Collection Set: 86.90ms
[15.164s][info][gc,phases   ] GC(19)   Post Evacuate Collection Set: 0.52ms
[15.164s][info][gc,phases   ] GC(19)   Other: 0.14ms
[15.164s][info][gc,heap     ] GC(19) Eden regions: 214->0(182)
[15.164s][info][gc,heap     ] GC(19) Survivor regions: 15->29(29)
[15.164s][info][gc,heap     ] GC(19) Old regions: 73->81
[15.164s][info][gc,heap     ] GC(19) Humongous regions: 17->15
[15.164s][info][gc,metaspace] GC(19) Metaspace: 28622K(28992K)->28622K(28992K) NonClass: 26525K(26752K)->26525K(26752K) Class: 2096K(2240K)->2096K(2240K)
[15.164s][info][gc          ] GC(19) Pause Young (Normal) (G1 Evacuation Pause) 318M->125M(516M) 88.324ms
[15.164s][info][gc,cpu      ] GC(19) User=0.15s Sys=0.02s Real=0.09s
[16.574s][info][gc,start    ] GC(20) Pause Young (Normal) (G1 Evacuation Pause)
[16.574s][info][gc,task     ] GC(20) Using 2 workers of 2 for evacuation
[16.635s][info][gc,phases   ] GC(20)   Pre Evacuate Collection Set: 0.25ms
[16.635s][info][gc,phases   ] GC(20)   Merge Heap Roots: 0.17ms
[16.635s][info][gc,phases   ] GC(20)   Evacuate Collection Set: 60.89ms
[16.635s][info][gc,phases   ] GC(20)   Post Evacuate Collection Set: 0.40ms
[16.635s][info][gc,phases   ] GC(20)   Other: 0.11ms
[16.635s][info][gc,heap     ] GC(20) Eden regions: 164->0(244)
[16.635s][info][gc,heap     ] GC(20) Survivor regions: 29->19(25)
[16.635s][info][gc,heap     ] GC(20) Old regions: 81->111
[16.635s][info][gc,heap     ] GC(20) Humongous regions: 15->15
[16.635s][info][gc,metaspace] GC(20) Metaspace: 28641K(28992K)->28641K(28992K) NonClass: 26542K(26752K)->26542K(26752K) Class: 2098K(2240K)->2098K(2240K)
[16.636s][info][gc          ] GC(20) Pause Young (Normal) (G1 Evacuation Pause) 289M->144M(516M) 62.017ms
[16.636s][info][gc,cpu      ] GC(20) User=0.12s Sys=0.00s Real=0.06s
[18.659s][info][gc,start    ] GC(21) Pause Young (Normal) (G1 Evacuation Pause)
[18.659s][info][gc,task     ] GC(21) Using 2 workers of 2 for evacuation
[18.712s][info][gc,phases   ] GC(21)   Pre Evacuate Collection Set: 0.26ms
[18.712s][info][gc,phases   ] GC(21)   Merge Heap Roots: 0.10ms
[18.712s][info][gc,phases   ] GC(21)   Evacuate Collection Set: 52.71ms
[18.712s][info][gc,phases   ] GC(21)   Post Evacuate Collection Set: 0.43ms
[18.712s][info][gc,phases   ] GC(21)   Other: 0.12ms
[18.712s][info][gc,heap     ] GC(21) Eden regions: 244->0(236)
[18.712s][info][gc,heap     ] GC(21) Survivor regions: 19->22(33)
[18.712s][info][gc,heap     ] GC(21) Old regions: 111->129
[18.712s][info][gc,heap     ] GC(21) Humongous regions: 16->16
[18.712s][info][gc,metaspace] GC(21) Metaspace: 28662K(28992K)->28662K(28992K) NonClass: 26563K(26752K)->26563K(26752K) Class: 2098K(2240K)->2098K(2240K)
[18.713s][info][gc          ] GC(21) Pause Young (Normal) (G1 Evacuation Pause) 389M->166M(516M) 53.808ms
[18.713s][info][gc,cpu      ] GC(21) User=0.11s Sys=0.00s Real=0.05s
[20.519s][info][gc,start    ] GC(22) Pause Young (Normal) (G1 Evacuation Pause)
[20.519s][info][gc,task     ] GC(22) Using 2 workers of 2 for evacuation
[20.562s][info][gc,phases   ] GC(22)   Pre Evacuate Collection Set: 0.23ms
[20.562s][info][gc,phases   ] GC(22)   Merge Heap Roots: 0.10ms
[20.562s][info][gc,phases   ] GC(22)   Evacuate Collection Set: 42.18ms
[20.562s][info][gc,phases   ] GC(22)   Post Evacuate Collection Set: 0.45ms
[20.562s][info][gc,phases   ] GC(22)   Other: 0.09ms
[20.562s][info][gc,heap     ] GC(22) Eden regions: 236->0(230)
[20.562s][info][gc,heap     ] GC(22) Survivor regions: 22->25(33)
[20.562s][info][gc,heap     ] GC(22) Old regions: 129->151
[20.562s][info][gc,heap     ] GC(22) Humongous regions: 16->16
[20.562s][info][gc,metaspace] GC(22) Metaspace: 28733K(29120K)->28733K(29120K) NonClass: 26634K(26880K)->26634K(26880K) Class: 2099K(2240K)->2099K(2240K)
[20.562s][info][gc          ] GC(22) Pause Young (Normal) (G1 Evacuation Pause) 402M->191M(516M) 43.249ms
[20.562s][info][gc,cpu      ] GC(22) User=0.09s Sys=0.00s Real=0.04s
[21.354s][info][gc,start    ] GC(23) Pause Young (Normal) (G1 Evacuation Pause)
[21.354s][info][gc,task     ] GC(23) Using 2 workers of 2 for evacuation
[21.404s][info][gc,phases   ] GC(23)   Pre Evacuate Collection Set: 0.25ms
[21.404s][info][gc,phases   ] GC(23)   Merge Heap Roots: 0.12ms
[21.405s][info][gc,phases   ] GC(23)   Evacuate Collection Set: 49.28ms
[21.405s][info][gc,phases   ] GC(23)   Post Evacuate Collection Set: 0.49ms
[21.405s][info][gc,phases   ] GC(23)   Other: 0.09ms
[21.405s][info][gc,heap     ] GC(23) Eden regions: 230->0(212)
[21.405s][info][gc,heap     ] GC(23) Survivor regions: 25->31(32)
[21.405s][info][gc,heap     ] GC(23) Old regions: 151->173
[21.405s][info][gc,heap     ] GC(23) Humongous regions: 19->19
[21.405s][info][gc,metaspace] GC(23) Metaspace: 28769K(29184K)->28769K(29184K) NonClass: 26666K(26944K)->26666K(26944K) Class: 2102K(2240K)->2102K(2240K)
[21.405s][info][gc          ] GC(23) Pause Young (Normal) (G1 Evacuation Pause) 424M->222M(516M) 50.431ms
[21.405s][info][gc,cpu      ] GC(23) User=0.10s Sys=0.00s Real=0.05s
[21.901s][info][gc,start    ] GC(24) Pause Young (Normal) (G1 Evacuation Pause)
[21.901s][info][gc,task     ] GC(24) Using 2 workers of 2 for evacuation
[21.960s][info][gc,phases   ] GC(24)   Pre Evacuate Collection Set: 0.22ms
[21.961s][info][gc,phases   ] GC(24)   Merge Heap Roots: 0.11ms
[21.961s][info][gc,phases   ] GC(24)   Evacuate Collection Set: 58.34ms
[21.961s][info][gc,phases   ] GC(24)   Post Evacuate Collection Set: 0.48ms
[21.961s][info][gc,phases   ] GC(24)   Other: 0.09ms
[21.961s][info][gc,heap     ] GC(24) Eden regions: 212->0(196)
[21.961s][info][gc,heap     ] GC(24) Survivor regions: 31->25(31)
[21.961s][info][gc,heap     ] GC(24) Old regions: 173->204
[21.961s][info][gc,heap     ] GC(24) Humongous regions: 21->21
[21.961s][info][gc,metaspace] GC(24) Metaspace: 28770K(29184K)->28770K(29184K) NonClass: 26667K(26944K)->26667K(26944K) Class: 2102K(2240K)->2102K(2240K)
[21.961s][info][gc          ] GC(24) Pause Young (Normal) (G1 Evacuation Pause) 436M->250M(516M) 59.434ms
[21.961s][info][gc,cpu      ] GC(24) User=0.12s Sys=0.00s Real=0.06s
[22.471s][info][gc,start    ] GC(25) Pause Young (Normal) (G1 Evacuation Pause)
[22.471s][info][gc,task     ] GC(25) Using 2 workers of 2 for evacuation
[22.527s][info][gc,phases   ] GC(25)   Pre Evacuate Collection Set: 0.23ms
[22.527s][info][gc,phases   ] GC(25)   Merge Heap Roots: 0.13ms
[22.527s][info][gc,phases   ] GC(25)   Evacuate Collection Set: 55.28ms
[22.527s][info][gc,phases   ] GC(25)   Post Evacuate Collection Set: 0.47ms
[22.527s][info][gc,phases   ] GC(25)   Other: 0.07ms
[22.527s][info][gc,heap     ] GC(25) Eden regions: 196->0(182)
[22.527s][info][gc,heap     ] GC(25) Survivor regions: 25->23(28)
[22.527s][info][gc,heap     ] GC(25) Old regions: 204->229
[22.527s][info][gc,heap     ] GC(25) Humongous regions: 25->25
[22.527s][info][gc,metaspace] GC(25) Metaspace: 28771K(29184K)->28771K(29184K) NonClass: 26668K(26944K)->26668K(26944K) Class: 2102K(2240K)->2102K(2240K)
[22.527s][info][gc          ] GC(25) Pause Young (Normal) (G1 Evacuation Pause) 450M->276M(516M) 56.369ms
[22.527s][info][gc,cpu      ] GC(25) User=0.11s Sys=0.00s Real=0.06s
[22.950s][info][gc,start    ] GC(26) Pause Young (Concurrent Start) (G1 Humongous Allocation)
[22.950s][info][gc,task     ] GC(26) Using 2 workers of 2 for evacuation
[23.000s][info][gc,phases   ] GC(26)   Pre Evacuate Collection Set: 0.27ms
[23.000s][info][gc,phases   ] GC(26)   Merge Heap Roots: 0.11ms
[23.000s][info][gc,phases   ] GC(26)   Evacuate Collection Set: 49.41ms
[23.000s][info][gc,phases   ] GC(26)   Post Evacuate Collection Set: 0.40ms
[23.000s][info][gc,phases   ] GC(26)   Other: 0.11ms
[23.000s][info][gc,heap     ] GC(26) Eden regions: 119->0(159)
[23.000s][info][gc,heap     ] GC(26) Survivor regions: 23->24(26)
[23.000s][info][gc,heap     ] GC(26) Old regions: 229->251
[23.000s][info][gc,heap     ] GC(26) Humongous regions: 25->25
[23.000s][info][gc,metaspace] GC(26) Metaspace: 28771K(29184K)->28771K(29184K) NonClass: 26668K(26944K)->26668K(26944K) Class: 2102K(2240K)->2102K(2240K)
[23.000s][info][gc          ] GC(26) Pause Young (Concurrent Start) (G1 Humongous Allocation) 395M->300M(516M) 50.511ms
[23.000s][info][gc,cpu      ] GC(26) User=0.10s Sys=0.01s Real=0.05s
[23.000s][info][gc          ] GC(27) Concurrent Mark Cycle
[23.000s][info][gc,marking  ] GC(27) Concurrent Scan Root Regions
[23.047s][info][gc,marking  ] GC(27) Concurrent Scan Root Regions 46.339ms
[23.047s][info][gc,marking  ] GC(27) Concurrent Mark
[23.047s][info][gc,marking  ] GC(27) Concurrent Mark From Roots
[23.047s][info][gc,task     ] GC(27) Using 1 workers of 1 for marking
[23.139s][info][gc,marking  ] GC(27) Concurrent Mark From Roots 91.918ms
[23.139s][info][gc,marking  ] GC(27) Concurrent Preclean
[23.139s][info][gc,marking  ] GC(27) Concurrent Preclean 0.042ms
[23.139s][info][gc,start    ] GC(27) Pause Remark
[23.152s][info][gc          ] GC(27) Pause Remark 311M->186M(516M) 12.569ms
[23.152s][info][gc,cpu      ] GC(27) User=0.02s Sys=0.00s Real=0.01s
[23.152s][info][gc,marking  ] GC(27) Concurrent Mark 104.938ms
[23.152s][info][gc,marking  ] GC(27) Concurrent Rebuild Remembered Sets and Scrub Regions
[23.210s][info][gc,marking  ] GC(27) Concurrent Rebuild Remembered Sets and Scrub Regions 58.512ms
[23.210s][info][gc,start    ] GC(27) Pause Cleanup
[23.211s][info][gc          ] GC(27) Pause Cleanup 194M->194M(516M) 0.096ms
[23.211s][info][gc,cpu      ] GC(27) User=0.00s Sys=0.00s Real=0.00s
[23.211s][info][gc,marking  ] GC(27) Concurrent Clear Claimed Marks
[23.211s][info][gc,marking  ] GC(27) Concurrent Clear Claimed Marks 0.042ms
[23.211s][info][gc,marking  ] GC(27) Concurrent Cleanup for Next Mark
[23.215s][info][gc,marking  ] GC(27) Concurrent Cleanup for Next Mark 4.195ms
[23.215s][info][gc          ] GC(27) Concurrent Mark Cycle 214.662ms
[24.403s][info][gc,start    ] GC(28) Pause Young (Prepare Mixed) (G1 Evacuation Pause)
[24.403s][info][gc,task     ] GC(28) Using 2 workers of 2 for evacuation
[24.435s][info][gc,phases   ] GC(28)   Pre Evacuate Collection Set: 0.31ms
[24.435s][info][gc,phases   ] GC(28)   Merge Heap Roots: 0.16ms
[24.435s][info][gc,phases   ] GC(28)   Evacuate Collection Set: 30.72ms
[24.435s][info][gc,phases   ] GC(28)   Post Evacuate Collection Set: 0.44ms
[24.435s][info][gc,phases   ] GC(28)   Other: 0.14ms
[24.435s][info][gc,heap     ] GC(28) Eden regions: 159->0(253)
[24.435s][info][gc,heap     ] GC(28) Survivor regions: 24->8(23)
[24.435s][info][gc,heap     ] GC(28) Old regions: 145->158
[24.435s][info][gc,heap     ] GC(28) Humongous regions: 14->12
[24.435s][info][gc,metaspace] GC(28) Metaspace: 28815K(29184K)->28815K(29184K) NonClass: 26712K(26944K)->26712K(26944K) Class: 2102K(2240K)->2102K(2240K)
[24.435s][info][gc          ] GC(28) Pause Young (Prepare Mixed) (G1 Evacuation Pause) 342M->177M(516M) 31.958ms
[24.435s][info][gc,cpu      ] GC(28) User=0.06s Sys=0.00s Real=0.03s
[26.058s][info][gc,start    ] GC(29) Pause Young (Mixed) (G1 Evacuation Pause)
[26.058s][info][gc,task     ] GC(29) Using 2 workers of 2 for evacuation
[26.072s][info][gc,phases   ] GC(29)   Pre Evacuate Collection Set: 0.32ms
[26.072s][info][gc,phases   ] GC(29)   Merge Heap Roots: 0.18ms
[26.072s][info][gc,phases   ] GC(29)   Evacuate Collection Set: 12.91ms
[26.072s][info][gc,phases   ] GC(29)   Post Evacuate Collection Set: 0.47ms
[26.072s][info][gc,phases   ] GC(29)   Other: 0.10ms
[26.072s][info][gc,heap     ] GC(29) Eden regions: 253->0(269)
[26.072s][info][gc,heap     ] GC(29) Survivor regions: 8->10(33)
[26.072s][info][gc,heap     ] GC(29) Old regions: 158->128
[26.072s][info][gc,heap     ] GC(29) Humongous regions: 12->12
[26.072s][info][gc,metaspace] GC(29) Metaspace: 28823K(29184K)->28823K(29184K) NonClass: 26720K(26944K)->26720K(26944K) Class: 2102K(2240K)->2102K(2240K)
[26.072s][info][gc          ] GC(29) Pause Young (Mixed) (G1 Evacuation Pause) 430M->150M(516M) 14.136ms
[26.072s][info][gc,cpu      ] GC(29) User=0.02s Sys=0.00s Real=0.01s
[27.813s][info][gc,start    ] GC(30) Pause Young (Normal) (G1 Evacuation Pause)
[27.813s][info][gc,task     ] GC(30) Using 2 workers of 2 for evacuation
[27.834s][info][gc,phases   ] GC(30)   Pre Evacuate Collection Set: 0.23ms
[27.834s][info][gc,phases   ] GC(30)   Merge Heap Roots: 0.10ms
[27.834s][info][gc,phases   ] GC(30)   Evacuate Collection Set: 20.30ms
[27.834s][info][gc,phases   ] GC(30)   Post Evacuate Collection Set: 0.46ms
[27.834s][info][gc,phases   ] GC(30)   Other: 0.08ms
[27.834s][info][gc,heap     ] GC(30) Eden regions: 269->0(271)
[27.834s][info][gc,heap     ] GC(30) Survivor regions: 10->19(35)
[27.834s][info][gc,heap     ] GC(30) Old regions: 128->128
[27.834s][info][gc,heap     ] GC(30) Humongous regions: 12->12
[27.834s][info][gc,metaspace] GC(30) Metaspace: 28834K(29248K)->28834K(29248K) NonClass: 26731K(27008K)->26731K(27008K) Class: 2102K(2240K)->2102K(2240K)
[27.835s][info][gc          ] GC(30) Pause Young (Normal) (G1 Evacuation Pause) 419M->159M(516M) 21.361ms
[27.835s][info][gc,cpu      ] GC(30) User=0.04s Sys=0.00s Real=0.02s
[29.275s][info][gc,start    ] GC(31) Pause Young (Normal) (G1 Evacuation Pause)
[29.275s][info][gc,task     ] GC(31) Using 2 workers of 2 for evacuation
[29.287s][info][gc,phases   ] GC(31)   Pre Evacuate Collection Set: 0.23ms
[29.287s][info][gc,phases   ] GC(31)   Merge Heap Roots: 0.11ms
[29.287s][info][gc,phases   ] GC(31)   Evacuate Collection Set: 11.49ms
[29.287s][info][gc,phases   ] GC(31)   Post Evacuate Collection Set: 0.49ms
[29.287s][info][gc,phases   ] GC(31)   Other: 0.07ms
[29.287s][info][gc,heap     ] GC(31) Eden regions: 271->0(284)
[29.287s][info][gc,heap     ] GC(31) Survivor regions: 19->7(37)
[29.287s][info][gc,heap     ] GC(31) Old regions: 128->132
[29.287s][info][gc,heap     ] GC(31) Humongous regions: 13->12
[29.287s][info][gc,metaspace] GC(31) Metaspace: 28853K(29248K)->28853K(29248K) NonClass: 26750K(27008K)->26750K(27008K) Class: 2102K(2240K)->2102K(2240K)
[29.287s][info][gc          ] GC(31) Pause Young (Normal) (G1 Evacuation Pause) 431M->150M(516M) 12.555ms
[29.287s][info][gc,cpu      ] GC(31) User=0.03s Sys=0.01s Real=0.02s
[32.845s][info][gc,start    ] GC(32) Pause Young (Normal) (G1 Evacuation Pause)
[32.845s][info][gc,task     ] GC(32) Using 2 workers of 2 for evacuation
[32.855s][info][gc,phases   ] GC(32)   Pre Evacuate Collection Set: 0.26ms
[32.855s][info][gc,phases   ] GC(32)   Merge Heap Roots: 0.09ms
[32.855s][info][gc,phases   ] GC(32)   Evacuate Collection Set: 8.90ms
[32.855s][info][gc,phases   ] GC(32)   Post Evacuate Collection Set: 0.60ms
[32.855s][info][gc,phases   ] GC(32)   Other: 0.10ms
[32.855s][info][gc,heap     ] GC(32) Eden regions: 284->0(286)
[32.855s][info][gc,heap     ] GC(32) Survivor regions: 7->9(37)
[32.855s][info][gc,heap     ] GC(32) Old regions: 132->132
[32.855s][info][gc,heap     ] GC(32) Humongous regions: 30->14
[32.855s][info][gc,metaspace] GC(32) Metaspace: 33500K(33856K)->33500K(33856K) NonClass: 31199K(31424K)->31199K(31424K) Class: 2301K(2432K)->2301K(2432K)
[32.855s][info][gc          ] GC(32) Pause Young (Normal) (G1 Evacuation Pause) 452M->154M(516M) 10.144ms
[32.855s][info][gc,cpu      ] GC(32) User=0.02s Sys=0.00s Real=0.01s
[35.517s][info][gc,start    ] GC(33) Pause Young (Normal) (G1 Evacuation Pause)
[35.517s][info][gc,task     ] GC(33) Using 2 workers of 2 for evacuation
[35.531s][info][gc,phases   ] GC(33)   Pre Evacuate Collection Set: 0.27ms
[35.531s][info][gc,phases   ] GC(33)   Merge Heap Roots: 0.10ms
[35.531s][info][gc,phases   ] GC(33)   Evacuate Collection Set: 12.33ms
[35.531s][info][gc,phases   ] GC(33)   Post Evacuate Collection Set: 0.61ms
[35.531s][info][gc,phases   ] GC(33)   Other: 0.08ms
[35.531s][info][gc,heap     ] GC(33) Eden regions: 286->0(290)
[35.531s][info][gc,heap     ] GC(33) Survivor regions: 9->14(37)
[35.531s][info][gc,heap     ] GC(33) Old regions: 132->132
[35.531s][info][gc,heap     ] GC(33) Humongous regions: 28->14
[35.531s][info][gc,metaspace] GC(33) Metaspace: 34030K(34368K)->34030K(34368K) NonClass: 31727K(31936K)->31727K(31936K) Class: 2303K(2432K)->2303K(2432K)
[35.531s][info][gc          ] GC(33) Pause Young (Normal) (G1 Evacuation Pause) 454M->159M(516M) 13.564ms
[35.531s][info][gc,cpu      ] GC(33) User=0.03s Sys=0.00s Real=0.01s
[38.019s][info][gc,start    ] GC(34) Pause Young (Normal) (G1 Evacuation Pause)
[38.019s][info][gc,task     ] GC(34) Using 2 workers of 2 for evacuation
[38.032s][info][gc,phases   ] GC(34)   Pre Evacuate Collection Set: 0.24ms
[38.032s][info][gc,phases   ] GC(34)   Merge Heap Roots: 0.08ms
[38.032s][info][gc,phases   ] GC(34)   Evacuate Collection Set: 12.13ms
[38.032s][info][gc,phases   ] GC(34)   Post Evacuate Collection Set: 0.60ms
[38.032s][info][gc,phases   ] GC(34)   Other: 0.09ms
[38.032s][info][gc,heap     ] GC(34) Eden regions: 290->0(296)
[38.032s][info][gc,heap     ] GC(34) Survivor regions: 14->13(38)
[38.032s][info][gc,heap     ] GC(34) Old regions: 132->132
[38.032s][info][gc,heap     ] GC(34) Humongous regions: 28->14
[38.032s][info][gc,metaspace] GC(34) Metaspace: 34137K(34496K)->34137K(34496K) NonClass: 31832K(32064K)->31832K(32064K) Class: 2304K(2432K)->2304K(2432K)
[38.032s][info][gc          ] GC(34) Pause Young (Normal) (G1 Evacuation Pause) 463M->158M(516M) 13.334ms
[38.032s][info][gc,cpu      ] GC(34) User=0.02s Sys=0.00s Real=0.01s
[40.129s][info][gc,start    ] GC(35) Pause Young (Normal) (G1 Evacuation Pause)
[40.129s][info][gc,task     ] GC(35) Using 2 workers of 2 for evacuation
[40.144s][info][gc,phases   ] GC(35)   Pre Evacuate Collection Set: 0.31ms
[40.144s][info][gc,phases   ] GC(35)   Merge Heap Roots: 0.11ms
[40.144s][info][gc,phases   ] GC(35)   Evacuate Collection Set: 13.94ms
[40.144s][info][gc,phases   ] GC(35)   Post Evacuate Collection Set: 0.61ms
[40.144s][info][gc,phases   ] GC(35)   Other: 0.08ms
[40.144s][info][gc,heap     ] GC(35) Eden regions: 296->0(294)
[40.144s][info][gc,heap     ] GC(35) Survivor regions: 13->15(39)
[40.144s][info][gc,heap     ] GC(35) Old regions: 132->132
[40.144s][info][gc,heap     ] GC(35) Humongous regions: 36->14
[40.144s][info][gc,metaspace] GC(35) Metaspace: 34192K(34624K)->34192K(34624K) NonClass: 31887K(32192K)->31887K(32192K) Class: 2304K(2432K)->2304K(2432K)
[40.144s][info][gc          ] GC(35) Pause Young (Normal) (G1 Evacuation Pause) 476M->160M(516M) 15.227ms
[40.144s][info][gc,cpu      ] GC(35) User=0.03s Sys=0.00s Real=0.01s
[41.912s][info][gc,start    ] GC(36) Pause Young (Normal) (G1 Evacuation Pause)
[41.912s][info][gc,task     ] GC(36) Using 2 workers of 2 for evacuation
[41.957s][info][gc,phases   ] GC(36)   Pre Evacuate Collection Set: 0.26ms
[41.957s][info][gc,phases   ] GC(36)   Merge Heap Roots: 0.08ms
[41.957s][info][gc,phases   ] GC(36)   Evacuate Collection Set: 44.18ms
[41.957s][info][gc,phases   ] GC(36)   Post Evacuate Collection Set: 0.67ms
[41.957s][info][gc,phases   ] GC(36)   Other: 0.10ms
[41.958s][info][gc,heap     ] GC(36) Eden regions: 294->0(277)
[41.958s][info][gc,heap     ] GC(36) Survivor regions: 15->32(39)
[41.958s][info][gc,heap     ] GC(36) Old regions: 132->132
[41.958s][info][gc,heap     ] GC(36) Humongous regions: 16->14
[41.958s][info][gc,metaspace] GC(36) Metaspace: 34241K(34624K)->34241K(34624K) NonClass: 31937K(32192K)->31937K(32192K) Class: 2304K(2432K)->2304K(2432K)
[41.958s][info][gc          ] GC(36) Pause Young (Normal) (G1 Evacuation Pause) 456M->177M(516M) 45.470ms
[41.958s][info][gc,cpu      ] GC(36) User=0.09s Sys=0.00s Real=0.05s
[43.997s][info][gc,start    ] GC(37) Pause Young (Normal) (G1 Evacuation Pause)
[43.997s][info][gc,task     ] GC(37) Using 2 workers of 2 for evacuation
[44.024s][info][gc,phases   ] GC(37)   Pre Evacuate Collection Set: 0.80ms
[44.024s][info][gc,phases   ] GC(37)   Merge Heap Roots: 0.09ms
[44.024s][info][gc,phases   ] GC(37)   Evacuate Collection Set: 25.52ms
[44.024s][info][gc,phases   ] GC(37)   Post Evacuate Collection Set: 0.65ms
[44.024s][info][gc,phases   ] GC(37)   Other: 0.10ms
[44.024s][info][gc,heap     ] GC(37) Eden regions: 277->0(298)
[44.024s][info][gc,heap     ] GC(37) Survivor regions: 32->9(39)
[44.024s][info][gc,heap     ] GC(37) Old regions: 132->145
[44.024s][info][gc,heap     ] GC(37) Humongous regions: 26->14
[44.024s][info][gc,metaspace] GC(37) Metaspace: 34271K(34688K)->34271K(34688K) NonClass: 31967K(32256K)->31967K(32256K) Class: 2304K(2432K)->2304K(2432K)
[44.024s][info][gc          ] GC(37) Pause Young (Normal) (G1 Evacuation Pause) 466M->167M(516M) 27.348ms
[44.024s][info][gc,cpu      ] GC(37) User=0.05s Sys=0.00s Real=0.02s
[45.924s][info][gc,start    ] GC(38) Pause Young (Normal) (G1 Evacuation Pause)
[45.924s][info][gc,task     ] GC(38) Using 2 workers of 2 for evacuation
[45.940s][info][gc,phases   ] GC(38)   Pre Evacuate Collection Set: 0.23ms
[45.940s][info][gc,phases   ] GC(38)   Merge Heap Roots: 0.08ms
[45.940s][info][gc,phases   ] GC(38)   Evacuate Collection Set: 14.40ms
[45.940s][info][gc,phases   ] GC(38)   Post Evacuate Collection Set: 0.67ms
[45.940s][info][gc,phases   ] GC(38)   Other: 0.10ms
[45.940s][info][gc,heap     ] GC(38) Eden regions: 298->0(298)
[45.940s][info][gc,heap     ] GC(38) Survivor regions: 9->11(39)
[45.940s][info][gc,heap     ] GC(38) Old regions: 145->145
[45.940s][info][gc,heap     ] GC(38) Humongous regions: 24->14
[45.940s][info][gc,metaspace] GC(38) Metaspace: 34282K(34688K)->34282K(34688K) NonClass: 31977K(32256K)->31977K(32256K) Class: 2304K(2432K)->2304K(2432K)
[45.940s][info][gc          ] GC(38) Pause Young (Normal) (G1 Evacuation Pause) 475M->169M(516M) 15.682ms
[45.940s][info][gc,cpu      ] GC(38) User=0.03s Sys=0.00s Real=0.02s
[47.806s][info][gc,start    ] GC(39) Pause Young (Normal) (G1 Evacuation Pause)
[47.806s][info][gc,task     ] GC(39) Using 2 workers of 2 for evacuation
[47.822s][info][gc,phases   ] GC(39)   Pre Evacuate Collection Set: 0.31ms
[47.822s][info][gc,phases   ] GC(39)   Merge Heap Roots: 0.20ms
[47.822s][info][gc,phases   ] GC(39)   Evacuate Collection Set: 13.95ms
[47.822s][info][gc,phases   ] GC(39)   Post Evacuate Collection Set: 0.61ms
[47.822s][info][gc,phases   ] GC(39)   Other: 0.09ms
[47.822s][info][gc,heap     ] GC(39) Eden regions: 298->0(297)
[47.822s][info][gc,heap     ] GC(39) Survivor regions: 11->12(39)
[47.822s][info][gc,heap     ] GC(39) Old regions: 145->145
[47.822s][info][gc,heap     ] GC(39) Humongous regions: 22->14
[47.822s][info][gc,metaspace] GC(39) Metaspace: 34338K(34752K)->34338K(34752K) NonClass: 32034K(32320K)->32034K(32320K) Class: 2304K(2432K)->2304K(2432K)
[47.822s][info][gc          ] GC(39) Pause Young (Normal) (G1 Evacuation Pause) 475M->170M(516M) 15.316ms
[47.822s][info][gc,cpu      ] GC(39) User=0.03s Sys=0.00s Real=0.02s
[49.419s][info][gc,start    ] GC(40) Pause Young (Normal) (G1 Evacuation Pause)
[49.419s][info][gc,task     ] GC(40) Using 2 workers of 2 for evacuation
[49.469s][info][gc,phases   ] GC(40)   Pre Evacuate Collection Set: 0.23ms
[49.469s][info][gc,phases   ] GC(40)   Merge Heap Roots: 0.08ms
[49.469s][info][gc,phases   ] GC(40)   Evacuate Collection Set: 49.47ms
[49.469s][info][gc,phases   ] GC(40)   Post Evacuate Collection Set: 0.62ms
[49.469s][info][gc,phases   ] GC(40)   Other: 0.09ms
[49.469s][info][gc,heap     ] GC(40) Eden regions: 297->0(248)
[49.469s][info][gc,heap     ] GC(40) Survivor regions: 12->39(39)
[49.469s][info][gc,heap     ] GC(40) Old regions: 145->154
[49.469s][info][gc,heap     ] GC(40) Humongous regions: 18->14
[49.469s][info][gc,metaspace] GC(40) Metaspace: 34347K(34752K)->34347K(34752K) NonClass: 32043K(32320K)->32043K(32320K) Class: 2304K(2432K)->2304K(2432K)
[49.469s][info][gc          ] GC(40) Pause Young (Normal) (G1 Evacuation Pause) 471M->206M(520M) 50.659ms
[49.469s][info][gc,cpu      ] GC(40) User=0.10s Sys=0.01s Real=0.05s
[51.153s][info][gc,start    ] GC(41) Pause Young (Normal) (G1 Evacuation Pause)
[51.153s][info][gc,task     ] GC(41) Using 2 workers of 2 for evacuation
[51.200s][info][gc,phases   ] GC(41)   Pre Evacuate Collection Set: 0.29ms
[51.200s][info][gc,phases   ] GC(41)   Merge Heap Roots: 0.25ms
[51.200s][info][gc,phases   ] GC(41)   Evacuate Collection Set: 46.21ms
[51.200s][info][gc,phases   ] GC(41)   Post Evacuate Collection Set: 0.58ms
[51.200s][info][gc,phases   ] GC(41)   Other: 0.09ms
[51.200s][info][gc,heap     ] GC(41) Eden regions: 248->0(247)
[51.200s][info][gc,heap     ] GC(41) Survivor regions: 39->20(36)
[51.200s][info][gc,heap     ] GC(41) Old regions: 154->175
[51.200s][info][gc,heap     ] GC(41) Humongous regions: 16->14
[51.200s][info][gc,metaspace] GC(41) Metaspace: 34355K(34752K)->34355K(34752K) NonClass: 32051K(32320K)->32051K(32320K) Class: 2304K(2432K)->2304K(2432K)
[51.200s][info][gc          ] GC(41) Pause Young (Normal) (G1 Evacuation Pause) 456M->208M(520M) 47.596ms
[51.200s][info][gc,cpu      ] GC(41) User=0.10s Sys=0.01s Real=0.05s
[52.622s][info][gc,start    ] GC(42) Pause Young (Normal) (G1 Evacuation Pause)
[52.622s][info][gc,task     ] GC(42) Using 2 workers of 2 for evacuation
[52.638s][info][gc,phases   ] GC(42)   Pre Evacuate Collection Set: 0.24ms
[52.638s][info][gc,phases   ] GC(42)   Merge Heap Roots: 0.14ms
[52.638s][info][gc,phases   ] GC(42)   Evacuate Collection Set: 15.66ms
[52.638s][info][gc,phases   ] GC(42)   Post Evacuate Collection Set: 0.46ms
[52.638s][info][gc,phases   ] GC(42)   Other: 0.09ms
[52.638s][info][gc,heap     ] GC(42) Eden regions: 247->0(262)
[52.638s][info][gc,heap     ] GC(42) Survivor regions: 20->3(34)
[52.638s][info][gc,heap     ] GC(42) Old regions: 175->188
[52.638s][info][gc,heap     ] GC(42) Humongous regions: 24->12
[52.638s][info][gc,metaspace] GC(42) Metaspace: 34439K(34880K)->34439K(34880K) NonClass: 32129K(32384K)->32129K(32384K) Class: 2309K(2496K)->2309K(2496K)
[52.639s][info][gc          ] GC(42) Pause Young (Normal) (G1 Evacuation Pause) 465M->202M(520M) 16.768ms
[52.639s][info][gc,cpu      ] GC(42) User=0.03s Sys=0.00s Real=0.02s
[53.966s][info][gc,start    ] GC(43) Pause Young (Normal) (G1 Evacuation Pause)
[53.966s][info][gc,task     ] GC(43) Using 2 workers of 2 for evacuation
[53.982s][info][gc,phases   ] GC(43)   Pre Evacuate Collection Set: 0.29ms
[53.982s][info][gc,phases   ] GC(43)   Merge Heap Roots: 0.07ms
[53.982s][info][gc,phases   ] GC(43)   Evacuate Collection Set: 14.98ms
[53.982s][info][gc,phases   ] GC(43)   Post Evacuate Collection Set: 0.53ms
[53.982s][info][gc,phases   ] GC(43)   Other: 0.12ms
[53.982s][info][gc,heap     ] GC(43) Eden regions: 262->0(249)
[53.982s][info][gc,heap     ] GC(43) Survivor regions: 3->18(34)
[53.982s][info][gc,heap     ] GC(43) Old regions: 188->188
[53.982s][info][gc,heap     ] GC(43) Humongous regions: 16->14
[53.982s][info][gc,metaspace] GC(43) Metaspace: 35316K(35712K)->35316K(35712K) NonClass: 32945K(33216K)->32945K(33216K) Class: 2371K(2496K)->2371K(2496K)
[53.982s][info][gc          ] GC(43) Pause Young (Normal) (G1 Evacuation Pause) 468M->219M(520M) 16.191ms
[53.982s][info][gc,cpu      ] GC(43) User=0.03s Sys=0.00s Real=0.02s
[55.052s][info][gc,start    ] GC(44) Pause Young (Normal) (G1 Evacuation Pause)
[55.052s][info][gc,task     ] GC(44) Using 2 workers of 2 for evacuation
[55.074s][info][gc,phases   ] GC(44)   Pre Evacuate Collection Set: 0.22ms
[55.074s][info][gc,phases   ] GC(44)   Merge Heap Roots: 0.09ms
[55.074s][info][gc,phases   ] GC(44)   Evacuate Collection Set: 21.12ms
[55.074s][info][gc,phases   ] GC(44)   Post Evacuate Collection Set: 0.49ms
[55.074s][info][gc,phases   ] GC(44)   Other: 0.09ms
[55.074s][info][gc,heap     ] GC(44) Eden regions: 249->0(226)
[55.074s][info][gc,heap     ] GC(44) Survivor regions: 18->32(34)
[55.074s][info][gc,heap     ] GC(44) Old regions: 188->190
[55.074s][info][gc,heap     ] GC(44) Humongous regions: 16->14
[55.074s][info][gc,metaspace] GC(44) Metaspace: 35410K(35840K)->35410K(35840K) NonClass: 33039K(33344K)->33039K(33344K) Class: 2371K(2496K)->2371K(2496K)
[55.074s][info][gc          ] GC(44) Pause Young (Normal) (G1 Evacuation Pause) 470M->234M(520M) 22.191ms
[55.074s][info][gc,cpu      ] GC(44) User=0.05s Sys=0.00s Real=0.02s
[55.905s][info][gc,start    ] GC(45) Pause Young (Normal) (G1 Evacuation Pause)
[55.905s][info][gc,task     ] GC(45) Using 2 workers of 2 for evacuation
[55.951s][info][gc,phases   ] GC(45)   Pre Evacuate Collection Set: 0.29ms
[55.951s][info][gc,phases   ] GC(45)   Merge Heap Roots: 0.06ms
[55.951s][info][gc,phases   ] GC(45)   Evacuate Collection Set: 44.50ms
[55.951s][info][gc,phases   ] GC(45)   Post Evacuate Collection Set: 0.68ms
[55.951s][info][gc,phases   ] GC(45)   Other: 0.09ms
[55.951s][info][gc,heap     ] GC(45) Eden regions: 226->0(193)
[55.951s][info][gc,heap     ] GC(45) Survivor regions: 32->33(33)
[55.951s][info][gc,heap     ] GC(45) Old regions: 190->205
[55.951s][info][gc,heap     ] GC(45) Humongous regions: 15->15
[55.951s][info][gc,metaspace] GC(45) Metaspace: 35417K(35840K)->35417K(35840K) NonClass: 33046K(33344K)->33046K(33344K) Class: 2371K(2496K)->2371K(2496K)
[55.951s][info][gc          ] GC(45) Pause Young (Normal) (G1 Evacuation Pause) 461M->252M(520M) 45.843ms
[55.951s][info][gc,cpu      ] GC(45) User=0.06s Sys=0.00s Real=0.05s
[56.697s][info][gc,start    ] GC(46) Pause Young (Normal) (G1 Evacuation Pause)
[56.697s][info][gc,task     ] GC(46) Using 2 workers of 2 for evacuation
[56.734s][info][gc,phases   ] GC(46)   Pre Evacuate Collection Set: 0.27ms
[56.734s][info][gc,phases   ] GC(46)   Merge Heap Roots: 0.12ms
[56.734s][info][gc,phases   ] GC(46)   Evacuate Collection Set: 35.42ms
[56.734s][info][gc,phases   ] GC(46)   Post Evacuate Collection Set: 0.45ms
[56.734s][info][gc,phases   ] GC(46)   Other: 0.11ms
[56.734s][info][gc,heap     ] GC(46) Eden regions: 193->0(170)
[56.734s][info][gc,heap     ] GC(46) Survivor regions: 33->29(29)
[56.734s][info][gc,heap     ] GC(46) Old regions: 205->234
[56.734s][info][gc,heap     ] GC(46) Humongous regions: 15->15
[56.734s][info][gc,metaspace] GC(46) Metaspace: 35420K(35840K)->35420K(35840K) NonClass: 33049K(33344K)->33049K(33344K) Class: 2371K(2496K)->2371K(2496K)
[56.734s][info][gc          ] GC(46) Pause Young (Normal) (G1 Evacuation Pause) 445M->278M(520M) 36.559ms
[56.734s][info][gc,cpu      ] GC(46) User=0.07s Sys=0.00s Real=0.03s
[56.920s][info][gc,start    ] GC(47) Pause Young (Concurrent Start) (G1 Humongous Allocation)
[56.920s][info][gc,task     ] GC(47) Using 2 workers of 2 for evacuation
[56.960s][info][gc,phases   ] GC(47)   Pre Evacuate Collection Set: 0.26ms
[56.960s][info][gc,phases   ] GC(47)   Merge Heap Roots: 0.09ms
[56.960s][info][gc,phases   ] GC(47)   Evacuate Collection Set: 39.26ms
[56.960s][info][gc,phases   ] GC(47)   Post Evacuate Collection Set: 0.34ms
[56.960s][info][gc,phases   ] GC(47)   Other: 0.10ms
[56.960s][info][gc,heap     ] GC(47) Eden regions: 57->0(91)
[56.960s][info][gc,heap     ] GC(47) Survivor regions: 29->25(25)
[56.960s][info][gc,heap     ] GC(47) Old regions: 234->277
[56.960s][info][gc,heap     ] GC(47) Humongous regions: 15->15
[56.960s][info][gc,metaspace] GC(47) Metaspace: 35424K(35840K)->35424K(35840K) NonClass: 33053K(33344K)->33053K(33344K) Class: 2371K(2496K)->2371K(2496K)
[56.960s][info][gc          ] GC(47) Pause Young (Concurrent Start) (G1 Humongous Allocation) 334M->316M(520M) 40.242ms
[56.960s][info][gc,cpu      ] GC(47) User=0.08s Sys=0.00s Real=0.04s
[56.960s][info][gc          ] GC(48) Concurrent Mark Cycle
[56.960s][info][gc,marking  ] GC(48) Concurrent Scan Root Regions
[57.007s][info][gc,marking  ] GC(48) Concurrent Scan Root Regions 46.644ms
[57.007s][info][gc,marking  ] GC(48) Concurrent Mark
[57.007s][info][gc,marking  ] GC(48) Concurrent Mark From Roots
[57.007s][info][gc,task     ] GC(48) Using 1 workers of 1 for marking
[57.149s][info][gc,marking  ] GC(48) Concurrent Mark From Roots 142.525ms
[57.149s][info][gc,marking  ] GC(48) Concurrent Preclean
[57.149s][info][gc,marking  ] GC(48) Concurrent Preclean 0.048ms
[57.149s][info][gc,start    ] GC(48) Pause Remark
[57.174s][info][gc          ] GC(48) Pause Remark 338M->218M(520M) 24.194ms
[57.174s][info][gc,cpu      ] GC(48) User=0.04s Sys=0.00s Real=0.02s
[57.175s][info][gc,marking  ] GC(48) Concurrent Mark 168.219ms
[57.175s][info][gc,marking  ] GC(48) Concurrent Rebuild Remembered Sets and Scrub Regions
[57.299s][info][gc,marking  ] GC(48) Concurrent Rebuild Remembered Sets and Scrub Regions 124.354ms
[57.300s][info][gc,start    ] GC(48) Pause Cleanup
[57.300s][info][gc          ] GC(48) Pause Cleanup 236M->236M(520M) 0.068ms
[57.300s][info][gc,cpu      ] GC(48) User=0.00s Sys=0.00s Real=0.00s
[57.301s][info][gc,marking  ] GC(48) Concurrent Clear Claimed Marks
[57.301s][info][gc,marking  ] GC(48) Concurrent Clear Claimed Marks 0.055ms
[57.301s][info][gc,marking  ] GC(48) Concurrent Cleanup for Next Mark
[57.303s][info][gc,marking  ] GC(48) Concurrent Cleanup for Next Mark 1.765ms
[57.303s][info][gc          ] GC(48) Concurrent Mark Cycle 343.115ms
[57.504s][info][gc,start    ] GC(49) Pause Young (Prepare Mixed) (G1 Evacuation Pause)
[57.504s][info][gc,task     ] GC(49) Using 2 workers of 2 for evacuation
[57.561s][info][gc,phases   ] GC(49)   Pre Evacuate Collection Set: 0.28ms
[57.561s][info][gc,phases   ] GC(49)   Merge Heap Roots: 0.39ms
[57.561s][info][gc,phases   ] GC(49)   Evacuate Collection Set: 56.53ms
[57.561s][info][gc,phases   ] GC(49)   Post Evacuate Collection Set: 0.42ms
[57.562s][info][gc,phases   ] GC(49)   Other: 0.07ms
[57.562s][info][gc,heap     ] GC(49) Eden regions: 91->0(118)
[57.562s][info][gc,heap     ] GC(49) Survivor regions: 25->15(15)
[57.562s][info][gc,heap     ] GC(49) Old regions: 169->229
[57.562s][info][gc,heap     ] GC(49) Humongous regions: 4->4
[57.562s][info][gc,metaspace] GC(49) Metaspace: 35427K(35840K)->35427K(35840K) NonClass: 33056K(33344K)->33056K(33344K) Class: 2371K(2496K)->2371K(2496K)
[57.562s][info][gc          ] GC(49) Pause Young (Prepare Mixed) (G1 Evacuation Pause) 288M->248M(520M) 57.935ms
[57.562s][info][gc,cpu      ] GC(49) User=0.11s Sys=0.00s Real=0.06s
[57.979s][info][gc,start    ] GC(50) Pause Young (Mixed) (G1 Evacuation Pause)
[57.979s][info][gc,task     ] GC(50) Using 2 workers of 2 for evacuation
[58.045s][info][gc,phases   ] GC(50)   Pre Evacuate Collection Set: 0.28ms
[58.045s][info][gc,phases   ] GC(50)   Merge Heap Roots: 0.49ms
[58.045s][info][gc,phases   ] GC(50)   Evacuate Collection Set: 64.82ms
[58.045s][info][gc,phases   ] GC(50)   Post Evacuate Collection Set: 0.51ms
[58.046s][info][gc,phases   ] GC(50)   Other: 0.07ms
[58.046s][info][gc,heap     ] GC(50) Eden regions: 118->0(96)
[58.046s][info][gc,heap     ] GC(50) Survivor regions: 15->17(17)
[58.046s][info][gc,heap     ] GC(50) Old regions: 229->271
[58.046s][info][gc,heap     ] GC(50) Humongous regions: 5->5
[58.046s][info][gc,metaspace] GC(50) Metaspace: 35427K(35840K)->35427K(35840K) NonClass: 33056K(33344K)->33056K(33344K) Class: 2371K(2496K)->2371K(2496K)
[58.046s][info][gc          ] GC(50) Pause Young (Mixed) (G1 Evacuation Pause) 367M->293M(520M) 66.372ms
[58.046s][info][gc,cpu      ] GC(50) User=0.14s Sys=0.00s Real=0.06s
[58.290s][info][gc,start    ] GC(51) Pause Young (Concurrent Start) (G1 Humongous Allocation)
[58.290s][info][gc,task     ] GC(51) Using 2 workers of 2 for evacuation
[58.347s][info][gc,phases   ] GC(51)   Pre Evacuate Collection Set: 0.23ms
[58.347s][info][gc,phases   ] GC(51)   Merge Heap Roots: 0.40ms
[58.347s][info][gc,phases   ] GC(51)   Evacuate Collection Set: 55.93ms
[58.347s][info][gc,phases   ] GC(51)   Post Evacuate Collection Set: 0.39ms
[58.347s][info][gc,phases   ] GC(51)   Other: 0.14ms
[58.347s][info][gc,heap     ] GC(51) Eden regions: 77->0(68)
[58.347s][info][gc,heap     ] GC(51) Survivor regions: 17->15(15)
[58.347s][info][gc,heap     ] GC(51) Old regions: 271->328
[58.347s][info][gc,heap     ] GC(51) Humongous regions: 5->5
[58.347s][info][gc,metaspace] GC(51) Metaspace: 35427K(35840K)->35427K(35840K) NonClass: 33056K(33344K)->33056K(33344K) Class: 2371K(2496K)->2371K(2496K)
[58.347s][info][gc          ] GC(51) Pause Young (Concurrent Start) (G1 Humongous Allocation) 369M->347M(520M) 57.278ms
[58.347s][info][gc          ] GC(52) Concurrent Mark Cycle
[58.347s][info][gc,marking  ] GC(52) Concurrent Scan Root Regions
[58.347s][info][gc,cpu      ] GC(51) User=0.11s Sys=0.00s Real=0.06s
[58.397s][info][gc,marking  ] GC(52) Concurrent Scan Root Regions 49.924ms
[58.397s][info][gc,marking  ] GC(52) Concurrent Mark
[58.397s][info][gc,marking  ] GC(52) Concurrent Mark From Roots
[58.397s][info][gc,task     ] GC(52) Using 1 workers of 1 for marking
[58.652s][info][gc,marking  ] GC(52) Concurrent Mark From Roots 255.110ms
[58.652s][info][gc,marking  ] GC(52) Concurrent Preclean
[58.653s][info][gc,marking  ] GC(52) Concurrent Preclean 0.067ms
[58.653s][info][gc,start    ] GC(52) Pause Remark
[58.675s][info][gc          ] GC(52) Pause Remark 403M->362M(520M) 22.433ms
[58.675s][info][gc,cpu      ] GC(52) User=0.03s Sys=0.00s Real=0.02s
[58.679s][info][gc,marking  ] GC(52) Concurrent Mark 281.381ms
[58.679s][info][gc,marking  ] GC(52) Concurrent Rebuild Remembered Sets and Scrub Regions
[58.767s][info][gc,start    ] GC(53) Pause Young (Normal) (G1 Evacuation Pause)
[58.767s][info][gc,task     ] GC(53) Using 2 workers of 2 for evacuation
[58.835s][info][gc,phases   ] GC(53)   Pre Evacuate Collection Set: 0.22ms
[58.835s][info][gc,phases   ] GC(53)   Merge Heap Roots: 0.58ms
[58.835s][info][gc,phases   ] GC(53)   Evacuate Collection Set: 66.63ms
[58.835s][info][gc,phases   ] GC(53)   Post Evacuate Collection Set: 0.43ms
[58.835s][info][gc,phases   ] GC(53)   Other: 0.07ms
[58.835s][info][gc,heap     ] GC(53) Eden regions: 68->0(72)
[58.835s][info][gc,heap     ] GC(53) Survivor regions: 15->11(11)
[58.835s][info][gc,heap     ] GC(53) Old regions: 289->328
[58.835s][info][gc,heap     ] GC(53) Humongous regions: 4->4
[58.835s][info][gc,metaspace] GC(53) Metaspace: 35427K(35840K)->35427K(35840K) NonClass: 33056K(33344K)->33056K(33344K) Class: 2371K(2496K)->2371K(2496K)
[58.835s][info][gc          ] GC(53) Pause Young (Normal) (G1 Evacuation Pause) 375M->342M(520M) 68.194ms
[58.835s][info][gc,cpu      ] GC(53) User=0.13s Sys=0.00s Real=0.07s
[58.850s][info][gc,marking  ] GC(52) Concurrent Rebuild Remembered Sets and Scrub Regions 170.890ms
[58.850s][info][gc,start    ] GC(52) Pause Cleanup
[58.850s][info][gc          ] GC(52) Pause Cleanup 344M->344M(520M) 0.131ms
[58.850s][info][gc,cpu      ] GC(52) User=0.00s Sys=0.00s Real=0.00s
[58.850s][info][gc,marking  ] GC(52) Concurrent Clear Claimed Marks
[58.850s][info][gc,marking  ] GC(52) Concurrent Clear Claimed Marks 0.044ms
[58.850s][info][gc,marking  ] GC(52) Concurrent Cleanup for Next Mark
[58.852s][info][gc,marking  ] GC(52) Concurrent Cleanup for Next Mark 1.776ms
[58.852s][info][gc          ] GC(52) Concurrent Mark Cycle 504.400ms
[59.102s][info][gc,start    ] GC(54) Pause Young (Prepare Mixed) (G1 Evacuation Pause)
[59.103s][info][gc,task     ] GC(54) Using 2 workers of 2 for evacuation
[59.137s][info][gc,phases   ] GC(54)   Pre Evacuate Collection Set: 0.25ms
[59.137s][info][gc,phases   ] GC(54)   Merge Heap Roots: 0.29ms
[59.137s][info][gc,phases   ] GC(54)   Evacuate Collection Set: 33.31ms
[59.137s][info][gc,phases   ] GC(54)   Post Evacuate Collection Set: 0.43ms
[59.137s][info][gc,phases   ] GC(54)   Other: 0.07ms
[59.137s][info][gc,heap     ] GC(54) Eden regions: 72->0(64)
[59.137s][info][gc,heap     ] GC(54) Survivor regions: 11->11(11)
[59.137s][info][gc,heap     ] GC(54) Old regions: 328->355
[59.137s][info][gc,heap     ] GC(54) Humongous regions: 5->5
[59.137s][info][gc,metaspace] GC(54) Metaspace: 35428K(35840K)->35428K(35840K) NonClass: 33057K(33344K)->33057K(33344K) Class: 2371K(2496K)->2371K(2496K)
[59.137s][info][gc          ] GC(54) Pause Young (Prepare Mixed) (G1 Evacuation Pause) 415M->371M(520M) 34.552ms
[59.137s][info][gc,cpu      ] GC(54) User=0.07s Sys=0.00s Real=0.04s
[59.352s][info][gc,start    ] GC(55) Pause Young (Mixed) (G1 Evacuation Pause)
[59.352s][info][gc,task     ] GC(55) Using 2 workers of 2 for evacuation
[59.393s][info][gc,phases   ] GC(55)   Pre Evacuate Collection Set: 0.30ms
[59.393s][info][gc,phases   ] GC(55)   Merge Heap Roots: 0.36ms
[59.393s][info][gc,phases   ] GC(55)   Evacuate Collection Set: 40.57ms
[59.393s][info][gc,phases   ] GC(55)   Post Evacuate Collection Set: 0.49ms
[59.393s][info][gc,phases   ] GC(55)   Other: 0.11ms
[59.394s][info][gc,heap     ] GC(55) Eden regions: 64->0(76)
[59.394s][info][gc,heap     ] GC(55) Survivor regions: 11->10(10)
[59.394s][info][gc,heap     ] GC(55) Old regions: 355->329
[59.394s][info][gc,heap     ] GC(55) Humongous regions: 5->5
[59.394s][info][gc,metaspace] GC(55) Metaspace: 35428K(35840K)->35428K(35840K) NonClass: 33057K(33344K)->33057K(33344K) Class: 2371K(2496K)->2371K(2496K)
[59.394s][info][gc          ] GC(55) Pause Young (Mixed) (G1 Evacuation Pause) 435M->344M(520M) 42.014ms
[59.394s][info][gc,cpu      ] GC(55) User=0.08s Sys=0.00s Real=0.04s
[59.661s][info][gc,start    ] GC(56) Pause Young (Mixed) (G1 Evacuation Pause)
[59.661s][info][gc,task     ] GC(56) Using 2 workers of 2 for evacuation
[59.693s][info][gc,phases   ] GC(56)   Pre Evacuate Collection Set: 0.27ms
[59.693s][info][gc,phases   ] GC(56)   Merge Heap Roots: 0.40ms
[59.693s][info][gc,phases   ] GC(56)   Evacuate Collection Set: 29.36ms
[59.693s][info][gc,phases   ] GC(56)   Post Evacuate Collection Set: 1.60ms
[59.693s][info][gc,phases   ] GC(56)   Other: 0.09ms
[59.693s][info][gc,heap     ] GC(56) Eden regions: 76->0(132)
[59.693s][info][gc,heap     ] GC(56) Survivor regions: 10->9(11)
[59.693s][info][gc,heap     ] GC(56) Old regions: 329->289
[59.693s][info][gc,heap     ] GC(56) Humongous regions: 5->5
[59.693s][info][gc,metaspace] GC(56) Metaspace: 35431K(35840K)->35431K(35840K) NonClass: 33060K(33344K)->33060K(33344K) Class: 2371K(2496K)->2371K(2496K)
[59.693s][info][gc          ] GC(56) Pause Young (Mixed) (G1 Evacuation Pause) 420M->302M(612M) 31.934ms
[59.693s][info][gc,cpu      ] GC(56) User=0.06s Sys=0.00s Real=0.03s
[60.227s][info][gc,start    ] GC(57) Pause Young (Mixed) (G1 Evacuation Pause)
[60.227s][info][gc,task     ] GC(57) Using 2 workers of 2 for evacuation
[60.287s][info][gc,phases   ] GC(57)   Pre Evacuate Collection Set: 0.35ms
[60.287s][info][gc,phases   ] GC(57)   Merge Heap Roots: 1.28ms
[60.287s][info][gc,phases   ] GC(57)   Evacuate Collection Set: 57.71ms
[60.287s][info][gc,phases   ] GC(57)   Post Evacuate Collection Set: 0.49ms
[60.287s][info][gc,phases   ] GC(57)   Other: 0.12ms
[60.287s][info][gc,heap     ] GC(57) Eden regions: 132->0(130)
[60.287s][info][gc,heap     ] GC(57) Survivor regions: 9->18(18)
[60.287s][info][gc,heap     ] GC(57) Old regions: 289->296
[60.287s][info][gc,heap     ] GC(57) Humongous regions: 6->6
[60.287s][info][gc,metaspace] GC(57) Metaspace: 35435K(35840K)->35435K(35840K) NonClass: 33063K(33344K)->33063K(33344K) Class: 2372K(2496K)->2372K(2496K)
[60.287s][info][gc          ] GC(57) Pause Young (Mixed) (G1 Evacuation Pause) 435M->320M(612M) 60.157ms
[60.287s][info][gc,cpu      ] GC(57) User=0.12s Sys=0.00s Real=0.06s
[60.750s][info][gc,start    ] GC(58) Pause Young (Concurrent Start) (G1 Evacuation Pause)
[60.750s][info][gc,task     ] GC(58) Using 2 workers of 2 for evacuation
[60.783s][info][gc,phases   ] GC(58)   Pre Evacuate Collection Set: 0.26ms
[60.783s][info][gc,phases   ] GC(58)   Merge Heap Roots: 0.18ms
[60.783s][info][gc,phases   ] GC(58)   Evacuate Collection Set: 32.53ms
[60.783s][info][gc,phases   ] GC(58)   Post Evacuate Collection Set: 0.41ms
[60.783s][info][gc,phases   ] GC(58)   Other: 0.15ms
[60.783s][info][gc,heap     ] GC(58) Eden regions: 130->0(124)
[60.783s][info][gc,heap     ] GC(58) Survivor regions: 18->19(19)
[60.783s][info][gc,heap     ] GC(58) Old regions: 296->319
[60.783s][info][gc,heap     ] GC(58) Humongous regions: 6->5
[60.784s][info][gc,metaspace] GC(58) Metaspace: 35441K(35840K)->35441K(35840K) NonClass: 33068K(33344K)->33068K(33344K) Class: 2372K(2496K)->2372K(2496K)
[60.784s][info][gc          ] GC(58) Pause Young (Concurrent Start) (G1 Evacuation Pause) 450M->342M(612M) 33.718ms
[60.784s][info][gc,cpu      ] GC(58) User=0.06s Sys=0.00s Real=0.03s
[60.784s][info][gc          ] GC(59) Concurrent Mark Cycle
[60.784s][info][gc,marking  ] GC(59) Concurrent Scan Root Regions
[60.819s][info][gc,marking  ] GC(59) Concurrent Scan Root Regions 35.437ms
[60.819s][info][gc,marking  ] GC(59) Concurrent Mark
[60.819s][info][gc,marking  ] GC(59) Concurrent Mark From Roots
[60.819s][info][gc,task     ] GC(59) Using 1 workers of 1 for marking
[60.957s][info][gc,marking  ] GC(59) Concurrent Mark From Roots 138.270ms
[60.957s][info][gc,marking  ] GC(59) Concurrent Preclean
[60.957s][info][gc,marking  ] GC(59) Concurrent Preclean 0.067ms
[60.958s][info][gc,start    ] GC(59) Pause Remark
[60.969s][info][gc          ] GC(59) Pause Remark 368M->225M(612M) 11.854ms
[60.970s][info][gc,cpu      ] GC(59) User=0.02s Sys=0.00s Real=0.01s
[60.970s][info][gc,marking  ] GC(59) Concurrent Mark 150.470ms
[60.970s][info][gc,marking  ] GC(59) Concurrent Rebuild Remembered Sets and Scrub Regions
[61.097s][info][gc,marking  ] GC(59) Concurrent Rebuild Remembered Sets and Scrub Regions 127.010ms
[61.099s][info][gc,start    ] GC(59) Pause Cleanup
[61.099s][info][gc          ] GC(59) Pause Cleanup 248M->248M(612M) 0.146ms
[61.099s][info][gc,cpu      ] GC(59) User=0.00s Sys=0.00s Real=0.00s
[61.099s][info][gc,marking  ] GC(59) Concurrent Clear Claimed Marks
[61.099s][info][gc,marking  ] GC(59) Concurrent Clear Claimed Marks 0.058ms
[61.099s][info][gc,marking  ] GC(59) Concurrent Cleanup for Next Mark
[61.105s][info][gc,marking  ] GC(59) Concurrent Cleanup for Next Mark 5.416ms
[61.105s][info][gc          ] GC(59) Concurrent Mark Cycle 321.042ms
[61.408s][info][gc,start    ] GC(60) Pause Young (Prepare Mixed) (G1 Evacuation Pause)
[61.408s][info][gc,task     ] GC(60) Using 2 workers of 2 for evacuation
[61.451s][info][gc,phases   ] GC(60)   Pre Evacuate Collection Set: 0.32ms
[61.451s][info][gc,phases   ] GC(60)   Merge Heap Roots: 0.44ms
[61.451s][info][gc,phases   ] GC(60)   Evacuate Collection Set: 40.93ms
[61.451s][info][gc,phases   ] GC(60)   Post Evacuate Collection Set: 0.45ms
[61.451s][info][gc,phases   ] GC(60)   Other: 0.09ms
[61.451s][info][gc,heap     ] GC(60) Eden regions: 124->0(188)
[61.451s][info][gc,heap     ] GC(60) Survivor regions: 19->18(18)
[61.451s][info][gc,heap     ] GC(60) Old regions: 179->201
[61.451s][info][gc,heap     ] GC(60) Humongous regions: 3->3
[61.451s][info][gc,metaspace] GC(60) Metaspace: 35449K(35840K)->35449K(35840K) NonClass: 33077K(33344K)->33077K(33344K) Class: 2372K(2496K)->2372K(2496K)
[61.451s][info][gc          ] GC(60) Pause Young (Prepare Mixed) (G1 Evacuation Pause) 324M->222M(612M) 42.442ms
[61.451s][info][gc,cpu      ] GC(60) User=0.08s Sys=0.00s Real=0.04s
[62.049s][info][gc,start    ] GC(61) Pause Young (Mixed) (G1 Evacuation Pause)
[62.049s][info][gc,task     ] GC(61) Using 2 workers of 2 for evacuation
[62.087s][info][gc,phases   ] GC(61)   Pre Evacuate Collection Set: 0.38ms
[62.087s][info][gc,phases   ] GC(61)   Merge Heap Roots: 0.23ms
[62.087s][info][gc,phases   ] GC(61)   Evacuate Collection Set: 36.97ms
[62.087s][info][gc,phases   ] GC(61)   Post Evacuate Collection Set: 0.52ms
[62.087s][info][gc,phases   ] GC(61)   Other: 0.09ms
[62.087s][info][gc,heap     ] GC(61) Eden regions: 188->0(204)
[62.087s][info][gc,heap     ] GC(61) Survivor regions: 18->26(26)
[62.087s][info][gc,heap     ] GC(61) Old regions: 201->171
[62.087s][info][gc,heap     ] GC(61) Humongous regions: 6->4
[62.087s][info][gc,metaspace] GC(61) Metaspace: 35451K(35840K)->35451K(35840K) NonClass: 33078K(33344K)->33078K(33344K) Class: 2372K(2496K)->2372K(2496K)
[62.087s][info][gc          ] GC(61) Pause Young (Mixed) (G1 Evacuation Pause) 413M->201M(612M) 38.372ms
[62.087s][info][gc,cpu      ] GC(61) User=0.08s Sys=0.00s Real=0.04s
[62.335s][info][gc,start    ] GC(62) Pause Young (Concurrent Start) (G1 Humongous Allocation)
[62.335s][info][gc,task     ] GC(62) Using 2 workers of 2 for evacuation
[62.362s][info][gc,phases   ] GC(62)   Pre Evacuate Collection Set: 0.26ms
[62.362s][info][gc,phases   ] GC(62)   Merge Heap Roots: 0.17ms
[62.362s][info][gc,phases   ] GC(62)   Evacuate Collection Set: 26.02ms
[62.362s][info][gc,phases   ] GC(62)   Post Evacuate Collection Set: 0.37ms
[62.362s][info][gc,phases   ] GC(62)   Other: 0.14ms
[62.362s][info][gc,heap     ] GC(62) Eden regions: 79->0(210)
[62.362s][info][gc,heap     ] GC(62) Survivor regions: 26->19(29)
[62.362s][info][gc,heap     ] GC(62) Old regions: 171->193
[62.362s][info][gc,heap     ] GC(62) Humongous regions: 4->4
[62.362s][info][gc,metaspace] GC(62) Metaspace: 35451K(35840K)->35451K(35840K) NonClass: 33079K(33344K)->33079K(33344K) Class: 2372K(2496K)->2372K(2496K)
[62.362s][info][gc          ] GC(62) Pause Young (Concurrent Start) (G1 Humongous Allocation) 279M->215M(612M) 27.140ms
[62.362s][info][gc          ] GC(63) Concurrent Mark Cycle
[62.362s][info][gc,marking  ] GC(63) Concurrent Scan Root Regions
[62.365s][info][gc,cpu      ] GC(62) User=0.06s Sys=0.00s Real=0.03s
[62.391s][info][gc,marking  ] GC(63) Concurrent Scan Root Regions 28.999ms
[62.391s][info][gc,marking  ] GC(63) Concurrent Mark
[62.391s][info][gc,marking  ] GC(63) Concurrent Mark From Roots
[62.391s][info][gc,task     ] GC(63) Using 1 workers of 1 for marking
[62.568s][info][gc,marking  ] GC(63) Concurrent Mark From Roots 176.892ms
[62.568s][info][gc,marking  ] GC(63) Concurrent Preclean
[62.568s][info][gc,marking  ] GC(63) Concurrent Preclean 0.064ms
[62.569s][info][gc,start    ] GC(63) Pause Remark
[62.581s][info][gc          ] GC(63) Pause Remark 251M->197M(544M) 12.185ms
[62.581s][info][gc,cpu      ] GC(63) User=0.03s Sys=0.00s Real=0.01s
[62.583s][info][gc,marking  ] GC(63) Concurrent Mark 191.268ms
[62.583s][info][gc,marking  ] GC(63) Concurrent Rebuild Remembered Sets and Scrub Regions
[62.628s][info][gc,marking  ] GC(63) Concurrent Rebuild Remembered Sets and Scrub Regions 45.198ms
[62.629s][info][gc,start    ] GC(63) Pause Cleanup
[62.629s][info][gc          ] GC(63) Pause Cleanup 203M->203M(544M) 0.067ms
[62.629s][info][gc,cpu      ] GC(63) User=0.00s Sys=0.00s Real=0.00s
[62.629s][info][gc,marking  ] GC(63) Concurrent Clear Claimed Marks
[62.629s][info][gc,marking  ] GC(63) Concurrent Clear Claimed Marks 0.036ms
[62.629s][info][gc,marking  ] GC(63) Concurrent Cleanup for Next Mark
[62.630s][info][gc,marking  ] GC(63) Concurrent Cleanup for Next Mark 1.586ms
[62.630s][info][gc          ] GC(63) Concurrent Mark Cycle 267.898ms
[63.169s][info][gc,start    ] GC(64) Pause Young (Prepare Mixed) (G1 Evacuation Pause)
[63.169s][info][gc,task     ] GC(64) Using 2 workers of 2 for evacuation
[63.178s][info][gc,phases   ] GC(64)   Pre Evacuate Collection Set: 0.25ms
[63.178s][info][gc,phases   ] GC(64)   Merge Heap Roots: 0.22ms
[63.178s][info][gc,phases   ] GC(64)   Evacuate Collection Set: 8.50ms
[63.178s][info][gc,phases   ] GC(64)   Post Evacuate Collection Set: 0.44ms
[63.178s][info][gc,phases   ] GC(64)   Other: 0.07ms
[63.178s][info][gc,heap     ] GC(64) Eden regions: 210->0(230)
[63.178s][info][gc,heap     ] GC(64) Survivor regions: 19->4(29)
[63.178s][info][gc,heap     ] GC(64) Old regions: 140->144
[63.178s][info][gc,heap     ] GC(64) Humongous regions: 6->3
[63.178s][info][gc,metaspace] GC(64) Metaspace: 35453K(35840K)->35453K(35840K) NonClass: 33080K(33344K)->33080K(33344K) Class: 2372K(2496K)->2372K(2496K)
[63.178s][info][gc          ] GC(64) Pause Young (Prepare Mixed) (G1 Evacuation Pause) 374M->150M(544M) 9.679ms
[63.178s][info][gc,cpu      ] GC(64) User=0.02s Sys=0.00s Real=0.01s
[63.859s][info][gc,start    ] GC(65) Pause Young (Mixed) (G1 Evacuation Pause)
[63.860s][info][gc,task     ] GC(65) Using 2 workers of 2 for evacuation
[63.877s][info][gc,phases   ] GC(65)   Pre Evacuate Collection Set: 0.31ms
[63.877s][info][gc,phases   ] GC(65)   Merge Heap Roots: 0.20ms
[63.877s][info][gc,phases   ] GC(65)   Evacuate Collection Set: 15.95ms
[63.877s][info][gc,phases   ] GC(65)   Post Evacuate Collection Set: 0.49ms
[63.877s][info][gc,phases   ] GC(65)   Other: 0.09ms
[63.877s][info][gc,heap     ] GC(65) Eden regions: 230->0(250)
[63.877s][info][gc,heap     ] GC(65) Survivor regions: 4->21(30)
[63.877s][info][gc,heap     ] GC(65) Old regions: 144->111
[63.877s][info][gc,heap     ] GC(65) Humongous regions: 5->3
[63.877s][info][gc,metaspace] GC(65) Metaspace: 35504K(35904K)->35504K(35904K) NonClass: 33127K(33408K)->33127K(33408K) Class: 2376K(2496K)->2376K(2496K)
[63.877s][info][gc          ] GC(65) Pause Young (Mixed) (G1 Evacuation Pause) 382M->134M(544M) 17.266ms
[63.877s][info][gc,cpu      ] GC(65) User=0.03s Sys=0.00s Real=0.02s
[64.364s][info][gc,start    ] GC(66) Pause Young (Concurrent Start) (G1 Humongous Allocation)
[64.364s][info][gc,task     ] GC(66) Using 2 workers of 2 for evacuation
[64.380s][info][gc,phases   ] GC(66)   Pre Evacuate Collection Set: 0.25ms
[64.380s][info][gc,phases   ] GC(66)   Merge Heap Roots: 0.07ms
[64.380s][info][gc,phases   ] GC(66)   Evacuate Collection Set: 14.47ms
[64.380s][info][gc,phases   ] GC(66)   Post Evacuate Collection Set: 1.47ms
[64.380s][info][gc,phases   ] GC(66)   Other: 0.09ms
[64.380s][info][gc,heap     ] GC(66) Eden regions: 174->0(270)
[64.380s][info][gc,heap     ] GC(66) Survivor regions: 21->2(34)
[64.380s][info][gc,heap     ] GC(66) Old regions: 111->131
[64.380s][info][gc,heap     ] GC(66) Humongous regions: 3->3
[64.380s][info][gc,metaspace] GC(66) Metaspace: 35506K(35904K)->35506K(35904K) NonClass: 33130K(33408K)->33130K(33408K) Class: 2376K(2496K)->2376K(2496K)
[64.380s][info][gc          ] GC(66) Pause Young (Concurrent Start) (G1 Humongous Allocation) 307M->134M(544M) 16.555ms
[64.380s][info][gc,cpu      ] GC(66) User=0.03s Sys=0.00s Real=0.02s
[64.380s][info][gc          ] GC(67) Concurrent Mark Cycle
[64.383s][info][gc,marking  ] GC(67) Concurrent Scan Root Regions
[64.396s][info][gc,marking  ] GC(67) Concurrent Scan Root Regions 13.497ms
[64.396s][info][gc,marking  ] GC(67) Concurrent Mark
[64.396s][info][gc,marking  ] GC(67) Concurrent Mark From Roots
[64.396s][info][gc,task     ] GC(67) Using 1 workers of 1 for marking
[64.513s][info][gc,marking  ] GC(67) Concurrent Mark From Roots 116.665ms
[64.513s][info][gc,marking  ] GC(67) Concurrent Preclean
[64.513s][info][gc,marking  ] GC(67) Concurrent Preclean 0.057ms
[64.514s][info][gc,start    ] GC(67) Pause Remark
[64.529s][info][gc          ] GC(67) Pause Remark 173M->148M(370M) 15.063ms
[64.529s][info][gc,cpu      ] GC(67) User=0.03s Sys=0.00s Real=0.02s
[64.529s][info][gc,marking  ] GC(67) Concurrent Mark 133.041ms
[64.529s][info][gc,marking  ] GC(67) Concurrent Rebuild Remembered Sets and Scrub Regions
[64.584s][info][gc,marking  ] GC(67) Concurrent Rebuild Remembered Sets and Scrub Regions 54.855ms
[64.584s][info][gc,start    ] GC(67) Pause Cleanup
[64.584s][info][gc          ] GC(67) Pause Cleanup 167M->167M(370M) 0.055ms
[64.584s][info][gc,cpu      ] GC(67) User=0.00s Sys=0.00s Real=0.00s
[64.586s][info][gc,marking  ] GC(67) Concurrent Clear Claimed Marks
[64.586s][info][gc,marking  ] GC(67) Concurrent Clear Claimed Marks 0.052ms
[64.586s][info][gc,marking  ] GC(67) Concurrent Cleanup for Next Mark
[64.587s][info][gc,marking  ] GC(67) Concurrent Cleanup for Next Mark 1.111ms
[64.587s][info][gc          ] GC(67) Concurrent Mark Cycle 206.662ms
[65.155s][info][gc,start    ] GC(68) Pause Young (Prepare Mixed) (G1 Evacuation Pause)
[65.155s][info][gc,task     ] GC(68) Using 2 workers of 2 for evacuation
[65.163s][info][gc,phases   ] GC(68)   Pre Evacuate Collection Set: 0.22ms
[65.163s][info][gc,phases   ] GC(68)   Merge Heap Roots: 0.09ms
[65.163s][info][gc,phases   ] GC(68)   Evacuate Collection Set: 6.70ms
[65.163s][info][gc,phases   ] GC(68)   Post Evacuate Collection Set: 0.46ms
[65.163s][info][gc,phases   ] GC(68)   Other: 0.10ms
[65.163s][info][gc,heap     ] GC(68) Eden regions: 220->0(184)
[65.163s][info][gc,heap     ] GC(68) Survivor regions: 2->6(28)
[65.163s][info][gc,heap     ] GC(68) Old regions: 106->106
[65.163s][info][gc,heap     ] GC(68) Humongous regions: 4->1
[65.163s][info][gc,metaspace] GC(68) Metaspace: 35890K(36224K)->35890K(36224K) NonClass: 33454K(33664K)->33454K(33664K) Class: 2435K(2560K)->2435K(2560K)
[65.163s][info][gc          ] GC(68) Pause Young (Prepare Mixed) (G1 Evacuation Pause) 331M->112M(370M) 7.752ms
[65.163s][info][gc,cpu      ] GC(68) User=0.02s Sys=0.00s Real=0.01s
[65.458s][info][gc,start    ] GC(69) Pause Young (Mixed) (G1 Evacuation Pause)
[65.458s][info][gc,task     ] GC(69) Using 2 workers of 2 for evacuation
[65.464s][info][gc,phases   ] GC(69)   Pre Evacuate Collection Set: 0.21ms
[65.464s][info][gc,phases   ] GC(69)   Merge Heap Roots: 0.07ms
[65.464s][info][gc,phases   ] GC(69)   Evacuate Collection Set: 5.16ms
[65.464s][info][gc,phases   ] GC(69)   Post Evacuate Collection Set: 0.56ms
[65.464s][info][gc,phases   ] GC(69)   Other: 0.10ms
[65.464s][info][gc,heap     ] GC(69) Eden regions: 184->0(202)
[65.464s][info][gc,heap     ] GC(69) Survivor regions: 6->6(24)
[65.464s][info][gc,heap     ] GC(69) Old regions: 106->92
[65.464s][info][gc,heap     ] GC(69) Humongous regions: 1->1
[65.464s][info][gc,metaspace] GC(69) Metaspace: 35912K(36224K)->35912K(36224K) NonClass: 33477K(33664K)->33477K(33664K) Class: 2435K(2560K)->2435K(2560K)
[65.464s][info][gc          ] GC(69) Pause Young (Mixed) (G1 Evacuation Pause) 296M->98M(370M) 6.285ms
[65.464s][info][gc,cpu      ] GC(69) User=0.01s Sys=0.00s Real=0.00s
[65.788s][info][gc,start    ] GC(70) Pause Young (Concurrent Start) (G1 Evacuation Pause)
[65.788s][info][gc,task     ] GC(70) Using 2 workers of 2 for evacuation
[65.795s][info][gc,phases   ] GC(70)   Pre Evacuate Collection Set: 0.22ms
[65.795s][info][gc,phases   ] GC(70)   Merge Heap Roots: 0.11ms
[65.795s][info][gc,phases   ] GC(70)   Evacuate Collection Set: 6.22ms
[65.795s][info][gc,phases   ] GC(70)   Post Evacuate Collection Set: 0.41ms
[65.795s][info][gc,phases   ] GC(70)   Other: 0.12ms
[65.795s][info][gc,heap     ] GC(70) Eden regions: 202->0(212)
[65.795s][info][gc,heap     ] GC(70) Survivor regions: 6->6(26)
[65.795s][info][gc,heap     ] GC(70) Old regions: 92->92
[65.795s][info][gc,heap     ] GC(70) Humongous regions: 1->1
[65.795s][info][gc,metaspace] GC(70) Metaspace: 35945K(36352K)->35945K(36352K) NonClass: 33509K(33792K)->33509K(33792K) Class: 2435K(2560K)->2435K(2560K)
[65.795s][info][gc          ] GC(70) Pause Young (Concurrent Start) (G1 Evacuation Pause) 300M->98M(370M) 7.275ms
[65.795s][info][gc          ] GC(71) Concurrent Mark Cycle
[65.795s][info][gc,marking  ] GC(71) Concurrent Scan Root Regions
[65.795s][info][gc,cpu      ] GC(70) User=0.02s Sys=0.00s Real=0.00s
[65.801s][info][gc,marking  ] GC(71) Concurrent Scan Root Regions 5.905ms
[65.801s][info][gc,marking  ] GC(71) Concurrent Mark
[65.801s][info][gc,marking  ] GC(71) Concurrent Mark From Roots
[65.801s][info][gc,task     ] GC(71) Using 1 workers of 1 for marking
[65.942s][info][gc,marking  ] GC(71) Concurrent Mark From Roots 140.786ms
[65.942s][info][gc,marking  ] GC(71) Concurrent Preclean
[65.942s][info][gc,marking  ] GC(71) Concurrent Preclean 0.069ms
[65.942s][info][gc,start    ] GC(71) Pause Remark
[65.954s][info][gc          ] GC(71) Pause Remark 115M->95M(267M) 11.276ms
[65.954s][info][gc,cpu      ] GC(71) User=0.02s Sys=0.00s Real=0.01s
[65.956s][info][gc,marking  ] GC(71) Concurrent Mark 154.441ms
[65.956s][info][gc,marking  ] GC(71) Concurrent Rebuild Remembered Sets and Scrub Regions
[66.004s][info][gc,marking  ] GC(71) Concurrent Rebuild Remembered Sets and Scrub Regions 48.062ms
[66.005s][info][gc,start    ] GC(71) Pause Cleanup
[66.005s][info][gc          ] GC(71) Pause Cleanup 97M->97M(267M) 0.081ms
[66.005s][info][gc,cpu      ] GC(71) User=0.00s Sys=0.00s Real=0.00s
[66.005s][info][gc,marking  ] GC(71) Concurrent Clear Claimed Marks
[66.005s][info][gc,marking  ] GC(71) Concurrent Clear Claimed Marks 0.036ms
[66.005s][info][gc,marking  ] GC(71) Concurrent Cleanup for Next Mark
[66.006s][info][gc,marking  ] GC(71) Concurrent Cleanup for Next Mark 0.793ms
[66.006s][info][gc          ] GC(71) Concurrent Mark Cycle 210.250ms
[66.634s][info][gc,start    ] GC(72) Pause Young (Prepare Mixed) (G1 Evacuation Pause)
[66.634s][info][gc,task     ] GC(72) Using 2 workers of 2 for evacuation
[66.645s][info][gc,phases   ] GC(72)   Pre Evacuate Collection Set: 0.21ms
[66.645s][info][gc,phases   ] GC(72)   Merge Heap Roots: 0.09ms
[66.645s][info][gc,phases   ] GC(72)   Evacuate Collection Set: 9.58ms
[66.645s][info][gc,phases   ] GC(72)   Post Evacuate Collection Set: 0.57ms
[66.645s][info][gc,phases   ] GC(72)   Other: 0.09ms
[66.645s][info][gc,heap     ] GC(72) Eden regions: 73->0(193)
[66.645s][info][gc,heap     ] GC(72) Survivor regions: 6->8(24)
[66.645s][info][gc,heap     ] GC(72) Old regions: 71->71
[66.645s][info][gc,heap     ] GC(72) Humongous regions: 187->3
[66.645s][info][gc,metaspace] GC(72) Metaspace: 36531K(36928K)->36531K(36928K) NonClass: 34052K(34304K)->34052K(34304K) Class: 2479K(2624K)->2479K(2624K)
[66.645s][info][gc          ] GC(72) Pause Young (Prepare Mixed) (G1 Evacuation Pause) 336M->81M(345M) 10.726ms
[66.645s][info][gc,cpu      ] GC(72) User=0.02s Sys=0.01s Real=0.01s
[67.293s][info][gc,start    ] GC(73) Pause Young (Mixed) (G1 Evacuation Pause)
[67.293s][info][gc,task     ] GC(73) Using 2 workers of 2 for evacuation
[67.321s][info][gc,phases   ] GC(73)   Pre Evacuate Collection Set: 0.25ms
[67.321s][info][gc,phases   ] GC(73)   Merge Heap Roots: 0.07ms
[67.321s][info][gc,phases   ] GC(73)   Evacuate Collection Set: 24.14ms
[67.321s][info][gc,phases   ] GC(73)   Post Evacuate Collection Set: 3.48ms
[67.321s][info][gc,phases   ] GC(73)   Other: 0.10ms
[67.321s][info][gc,heap     ] GC(73) Eden regions: 49->0(243)
[67.321s][info][gc,heap     ] GC(73) Survivor regions: 8->12(26)
[67.321s][info][gc,heap     ] GC(73) Old regions: 71->63
[67.321s][info][gc,heap     ] GC(73) Humongous regions: 283->1
[67.321s][info][gc,metaspace] GC(73) Metaspace: 38131K(38528K)->38131K(38528K) NonClass: 35543K(35776K)->35543K(35776K) Class: 2588K(2752K)->2588K(2752K)
[67.321s][info][gc          ] GC(73) Pause Young (Mixed) (G1 Evacuation Pause) 410M->75M(425M) 28.263ms
[67.321s][info][gc,cpu      ] GC(73) User=0.05s Sys=0.01s Real=0.03s
[67.325s][info][gc,start    ] GC(74) Pause Young (Concurrent Start) (G1 Humongous Allocation)
[67.325s][info][gc,task     ] GC(74) Using 2 workers of 2 for evacuation
[67.339s][info][gc,phases   ] GC(74)   Pre Evacuate Collection Set: 0.20ms
[67.339s][info][gc,phases   ] GC(74)   Merge Heap Roots: 0.04ms
[67.339s][info][gc,phases   ] GC(74)   Evacuate Collection Set: 13.07ms
[67.339s][info][gc,phases   ] GC(74)   Post Evacuate Collection Set: 0.52ms
[67.339s][info][gc,phases   ] GC(74)   Other: 0.07ms
[67.339s][info][gc,heap     ] GC(74) Eden regions: 1->0(243)
[67.339s][info][gc,heap     ] GC(74) Survivor regions: 12->12(32)
[67.339s][info][gc,heap     ] GC(74) Old regions: 63->63
[67.339s][info][gc,heap     ] GC(74) Humongous regions: 1->1
[67.339s][info][gc,metaspace] GC(74) Metaspace: 38132K(38528K)->38132K(38528K) NonClass: 35544K(35776K)->35544K(35776K) Class: 2588K(2752K)->2588K(2752K)
[67.339s][info][gc          ] GC(74) Pause Young (Concurrent Start) (G1 Humongous Allocation) 75M->75M(425M) 14.050ms
[67.339s][info][gc,cpu      ] GC(74) User=0.03s Sys=0.00s Real=0.02s
[67.341s][info][gc          ] GC(75) Concurrent Mark Cycle
[67.341s][info][gc,marking  ] GC(75) Concurrent Scan Root Regions
[67.354s][info][gc,marking  ] GC(75) Concurrent Scan Root Regions 13.630ms
[67.354s][info][gc,marking  ] GC(75) Concurrent Mark
[67.354s][info][gc,marking  ] GC(75) Concurrent Mark From Roots
[67.354s][info][gc,task     ] GC(75) Using 1 workers of 1 for marking
[67.495s][info][gc,marking  ] GC(75) Concurrent Mark From Roots 140.617ms
[67.495s][info][gc,marking  ] GC(75) Concurrent Preclean
[67.495s][info][gc,marking  ] GC(75) Concurrent Preclean 0.057ms
[67.496s][info][gc,start    ] GC(75) Pause Remark
[67.510s][info][gc          ] GC(75) Pause Remark 156M->156M(425M) 14.572ms
[67.510s][info][gc,cpu      ] GC(75) User=0.03s Sys=0.00s Real=0.02s
[67.511s][info][gc,marking  ] GC(75) Concurrent Mark 156.083ms
[67.511s][info][gc,marking  ] GC(75) Concurrent Rebuild Remembered Sets and Scrub Regions
[67.567s][info][gc,marking  ] GC(75) Concurrent Rebuild Remembered Sets and Scrub Regions 56.160ms
[67.569s][info][gc,start    ] GC(75) Pause Cleanup
[67.569s][info][gc          ] GC(75) Pause Cleanup 174M->174M(425M) 0.089ms
[67.569s][info][gc,cpu      ] GC(75) User=0.00s Sys=0.00s Real=0.00s
[67.569s][info][gc,marking  ] GC(75) Concurrent Clear Claimed Marks
[67.569s][info][gc,marking  ] GC(75) Concurrent Clear Claimed Marks 0.036ms
[67.569s][info][gc,marking  ] GC(75) Concurrent Cleanup for Next Mark
[67.572s][info][gc,marking  ] GC(75) Concurrent Cleanup for Next Mark 3.019ms
[67.572s][info][gc          ] GC(75) Concurrent Mark Cycle 231.130ms
[68.054s][info][gc,start    ] GC(76) Pause Young (Prepare Mixed) (G1 Evacuation Pause)
[68.054s][info][gc,task     ] GC(76) Using 2 workers of 2 for evacuation
[68.079s][info][gc,phases   ] GC(76)   Pre Evacuate Collection Set: 0.28ms
[68.079s][info][gc,phases   ] GC(76)   Merge Heap Roots: 0.07ms
[68.079s][info][gc,phases   ] GC(76)   Evacuate Collection Set: 23.75ms
[68.079s][info][gc,phases   ] GC(76)   Post Evacuate Collection Set: 0.77ms
[68.079s][info][gc,phases   ] GC(76)   Other: 0.08ms
[68.079s][info][gc,heap     ] GC(76) Eden regions: 61->0(289)
[68.079s][info][gc,heap     ] GC(76) Survivor regions: 12->19(35)
[68.079s][info][gc,heap     ] GC(76) Old regions: 63->63
[68.079s][info][gc,heap     ] GC(76) Humongous regions: 359->3
[68.079s][info][gc,metaspace] GC(76) Metaspace: 38262K(38656K)->38262K(38656K) NonClass: 35673K(35904K)->35673K(35904K) Class: 2589K(2752K)->2589K(2752K)
[68.079s][info][gc          ] GC(76) Pause Young (Prepare Mixed) (G1 Evacuation Pause) 494M->83M(514M) 25.171ms
[68.079s][info][gc,cpu      ] GC(76) User=0.04s Sys=0.01s Real=0.03s
[68.860s][info][gc,start    ] GC(77) Pause Young (Mixed) (G1 Evacuation Pause)
[68.860s][info][gc,task     ] GC(77) Using 2 workers of 2 for evacuation
[68.907s][info][gc,phases   ] GC(77)   Pre Evacuate Collection Set: 0.28ms
[68.907s][info][gc,phases   ] GC(77)   Merge Heap Roots: 0.14ms
[68.907s][info][gc,phases   ] GC(77)   Evacuate Collection Set: 45.75ms
[68.907s][info][gc,phases   ] GC(77)   Post Evacuate Collection Set: 0.90ms
[68.907s][info][gc,phases   ] GC(77)   Other: 0.07ms
[68.907s][info][gc,heap     ] GC(77) Eden regions: 81->0(343)
[68.907s][info][gc,heap     ] GC(77) Survivor regions: 19->29(42)
[68.907s][info][gc,heap     ] GC(77) Old regions: 63->58
[68.907s][info][gc,heap     ] GC(77) Humongous regions: 427->3
[68.907s][info][gc,metaspace] GC(77) Metaspace: 38368K(38784K)->38368K(38784K) NonClass: 35779K(36032K)->35779K(36032K) Class: 2589K(2752K)->2589K(2752K)
[68.907s][info][gc          ] GC(77) Pause Young (Mixed) (G1 Evacuation Pause) 588M->89M(620M) 47.322ms
[68.907s][info][gc,cpu      ] GC(77) User=0.06s Sys=0.02s Real=0.05s
[68.910s][info][gc,start    ] GC(78) Pause Young (Concurrent Start) (G1 Humongous Allocation)
[68.910s][info][gc,task     ] GC(78) Using 2 workers of 2 for evacuation
[68.936s][info][gc,phases   ] GC(78)   Pre Evacuate Collection Set: 0.21ms
[68.936s][info][gc,phases   ] GC(78)   Merge Heap Roots: 0.05ms
[68.936s][info][gc,phases   ] GC(78)   Evacuate Collection Set: 24.90ms
[68.936s][info][gc,phases   ] GC(78)   Post Evacuate Collection Set: 0.39ms
[68.936s][info][gc,phases   ] GC(78)   Other: 0.12ms
[68.936s][info][gc,heap     ] GC(78) Eden regions: 1->0(350)
[68.936s][info][gc,heap     ] GC(78) Survivor regions: 29->22(47)
[68.936s][info][gc,heap     ] GC(78) Old regions: 58->65
[68.936s][info][gc,heap     ] GC(78) Humongous regions: 3->1
[68.936s][info][gc,metaspace] GC(78) Metaspace: 38368K(38784K)->38368K(38784K) NonClass: 35779K(36032K)->35779K(36032K) Class: 2589K(2752K)->2589K(2752K)
[68.936s][info][gc          ] GC(78) Pause Young (Concurrent Start) (G1 Humongous Allocation) 89M->87M(620M) 25.837ms
[68.936s][info][gc,cpu      ] GC(78) User=0.04s Sys=0.00s Real=0.02s
[68.936s][info][gc          ] GC(79) Concurrent Mark Cycle
[68.936s][info][gc,marking  ] GC(79) Concurrent Scan Root Regions
[68.957s][info][gc,marking  ] GC(79) Concurrent Scan Root Regions 20.541ms
[68.957s][info][gc,marking  ] GC(79) Concurrent Mark
[68.957s][info][gc,marking  ] GC(79) Concurrent Mark From Roots
[68.957s][info][gc,task     ] GC(79) Using 1 workers of 1 for marking
[69.032s][info][gc,marking  ] GC(79) Concurrent Mark From Roots 75.494ms
[69.032s][info][gc,marking  ] GC(79) Concurrent Preclean
[69.032s][info][gc,marking  ] GC(79) Concurrent Preclean 0.051ms
[69.035s][info][gc,start    ] GC(79) Pause Remark
[69.050s][info][gc          ] GC(79) Pause Remark 118M->118M(374M) 15.664ms
[69.051s][info][gc,cpu      ] GC(79) User=0.03s Sys=0.00s Real=0.02s
[69.051s][info][gc,marking  ] GC(79) Concurrent Mark 93.669ms
[69.051s][info][gc,marking  ] GC(79) Concurrent Rebuild Remembered Sets and Scrub Regions
[69.113s][info][gc,marking  ] GC(79) Concurrent Rebuild Remembered Sets and Scrub Regions 62.040ms
[69.113s][info][gc,start    ] GC(79) Pause Cleanup
[69.113s][info][gc          ] GC(79) Pause Cleanup 145M->145M(374M) 0.060ms
[69.113s][info][gc,cpu      ] GC(79) User=0.00s Sys=0.00s Real=0.00s
[69.115s][info][gc,marking  ] GC(79) Concurrent Clear Claimed Marks
[69.115s][info][gc,marking  ] GC(79) Concurrent Clear Claimed Marks 0.053ms
[69.115s][info][gc,marking  ] GC(79) Concurrent Cleanup for Next Mark
[69.116s][info][gc,marking  ] GC(79) Concurrent Cleanup for Next Mark 1.267ms
[69.116s][info][gc          ] GC(79) Concurrent Mark Cycle 179.794ms
[70.169s][info][gc,start    ] GC(80) Pause Young (Prepare Mixed) (G1 Evacuation Pause)
[70.169s][info][gc,task     ] GC(80) Using 2 workers of 2 for evacuation
[70.219s][info][gc,phases   ] GC(80)   Pre Evacuate Collection Set: 0.25ms
[70.219s][info][gc,phases   ] GC(80)   Merge Heap Roots: 0.13ms
[70.220s][info][gc,phases   ] GC(80)   Evacuate Collection Set: 49.47ms
[70.220s][info][gc,phases   ] GC(80)   Post Evacuate Collection Set: 0.61ms
[70.220s][info][gc,phases   ] GC(80)   Other: 0.07ms
[70.220s][info][gc,heap     ] GC(80) Eden regions: 156->0(221)
[70.220s][info][gc,heap     ] GC(80) Survivor regions: 22->27(29)
[70.220s][info][gc,heap     ] GC(80) Old regions: 65->76
[70.220s][info][gc,heap     ] GC(80) Humongous regions: 133->1
[70.220s][info][gc,metaspace] GC(80) Metaspace: 39164K(39552K)->39164K(39552K) NonClass: 36495K(36736K)->36495K(36736K) Class: 2669K(2816K)->2669K(2816K)
[70.220s][info][gc          ] GC(80) Pause Young (Prepare Mixed) (G1 Evacuation Pause) 375M->102M(414M) 50.754ms
[70.220s][info][gc,cpu      ] GC(80) User=0.08s Sys=0.02s Real=0.05s
[71.286s][info][gc,start    ] GC(81) Pause Young (Mixed) (G1 Evacuation Pause)
[71.286s][info][gc,task     ] GC(81) Using 2 workers of 2 for evacuation
[71.327s][info][gc,phases   ] GC(81)   Pre Evacuate Collection Set: 0.24ms
[71.327s][info][gc,phases   ] GC(81)   Merge Heap Roots: 0.20ms
[71.327s][info][gc,phases   ] GC(81)   Evacuate Collection Set: 38.42ms
[71.327s][info][gc,phases   ] GC(81)   Post Evacuate Collection Set: 2.42ms
[71.327s][info][gc,phases   ] GC(81)   Other: 0.07ms
[71.327s][info][gc,heap     ] GC(81) Eden regions: 221->0(229)
[71.327s][info][gc,heap     ] GC(81) Survivor regions: 27->19(31)
[71.327s][info][gc,heap     ] GC(81) Old regions: 76->83
[71.327s][info][gc,heap     ] GC(81) Humongous regions: 5->1
[71.327s][info][gc,metaspace] GC(81) Metaspace: 39412K(39744K)->39412K(39744K) NonClass: 36730K(36928K)->36730K(36928K) Class: 2681K(2816K)->2681K(2816K)
[71.327s][info][gc          ] GC(81) Pause Young (Mixed) (G1 Evacuation Pause) 327M->101M(414M) 41.559ms
[71.328s][info][gc,cpu      ] GC(81) User=0.09s Sys=0.00s Real=0.05s
[71.974s][info][gc,start    ] GC(82) Pause Young (Concurrent Start) (G1 Evacuation Pause)
[71.974s][info][gc,task     ] GC(82) Using 2 workers of 2 for evacuation
[71.989s][info][gc,phases   ] GC(82)   Pre Evacuate Collection Set: 0.20ms
[71.989s][info][gc,phases   ] GC(82)   Merge Heap Roots: 0.10ms
[71.989s][info][gc,phases   ] GC(82)   Evacuate Collection Set: 14.59ms
[71.989s][info][gc,phases   ] GC(82)   Post Evacuate Collection Set: 0.49ms
[71.990s][info][gc,phases   ] GC(82)   Other: 0.10ms
[71.990s][info][gc,heap     ] GC(82) Eden regions: 229->0(245)
[71.990s][info][gc,heap     ] GC(82) Survivor regions: 19->3(31)
[71.990s][info][gc,heap     ] GC(82) Old regions: 83->98
[71.990s][info][gc,heap     ] GC(82) Humongous regions: 1->1
[71.990s][info][gc,metaspace] GC(82) Metaspace: 39419K(39744K)->39419K(39744K) NonClass: 36737K(36928K)->36737K(36928K) Class: 2681K(2816K)->2681K(2816K)
[71.990s][info][gc          ] GC(82) Pause Young (Concurrent Start) (G1 Evacuation Pause) 330M->100M(414M) 15.656ms
[71.990s][info][gc          ] GC(83) Concurrent Mark Cycle
[71.990s][info][gc,marking  ] GC(83) Concurrent Scan Root Regions
[71.992s][info][gc,cpu      ] GC(82) User=0.03s Sys=0.00s Real=0.02s
[72.013s][info][gc,marking  ] GC(83) Concurrent Scan Root Regions 23.418ms
[72.013s][info][gc,marking  ] GC(83) Concurrent Mark
[72.013s][info][gc,marking  ] GC(83) Concurrent Mark From Roots
[72.013s][info][gc,task     ] GC(83) Using 1 workers of 1 for marking
[72.183s][info][gc,marking  ] GC(83) Concurrent Mark From Roots 170.223ms
[72.183s][info][gc,marking  ] GC(83) Concurrent Preclean
[72.183s][info][gc,marking  ] GC(83) Concurrent Preclean 0.069ms
[72.184s][info][gc,start    ] GC(83) Pause Remark
[72.197s][info][gc          ] GC(83) Pause Remark 154M->153M(337M) 13.781ms
[72.197s][info][gc,cpu      ] GC(83) User=0.02s Sys=0.00s Real=0.02s
[72.198s][info][gc,marking  ] GC(83) Concurrent Mark 185.287ms
[72.198s][info][gc,marking  ] GC(83) Concurrent Rebuild Remembered Sets and Scrub Regions
[72.311s][info][gc,marking  ] GC(83) Concurrent Rebuild Remembered Sets and Scrub Regions 112.612ms
[72.316s][info][gc,start    ] GC(83) Pause Cleanup
[72.316s][info][gc          ] GC(83) Pause Cleanup 196M->196M(337M) 0.067ms
[72.316s][info][gc,cpu      ] GC(83) User=0.00s Sys=0.00s Real=0.00s
[72.316s][info][gc,marking  ] GC(83) Concurrent Clear Claimed Marks
[72.316s][info][gc,marking  ] GC(83) Concurrent Clear Claimed Marks 0.038ms
[72.316s][info][gc,marking  ] GC(83) Concurrent Cleanup for Next Mark
[72.318s][info][gc,marking  ] GC(83) Concurrent Cleanup for Next Mark 2.318ms
[72.318s][info][gc          ] GC(83) Concurrent Mark Cycle 328.501ms
[72.585s][info][gc,start    ] GC(84) Pause Young (Prepare Mixed) (G1 Evacuation Pause)
[72.585s][info][gc,task     ] GC(84) Using 2 workers of 2 for evacuation
[72.591s][info][gc,phases   ] GC(84)   Pre Evacuate Collection Set: 0.23ms
[72.591s][info][gc,phases   ] GC(84)   Merge Heap Roots: 0.08ms
[72.591s][info][gc,phases   ] GC(84)   Evacuate Collection Set: 5.39ms
[72.591s][info][gc,phases   ] GC(84)   Post Evacuate Collection Set: 0.42ms
[72.591s][info][gc,phases   ] GC(84)   Other: 0.10ms
[72.591s][info][gc,heap     ] GC(84) Eden regions: 199->0(197)
[72.591s][info][gc,heap     ] GC(84) Survivor regions: 3->5(26)
[72.591s][info][gc,heap     ] GC(84) Old regions: 97->97
[72.591s][info][gc,heap     ] GC(84) Humongous regions: 1->1
[72.591s][info][gc,metaspace] GC(84) Metaspace: 39434K(39744K)->39434K(39744K) NonClass: 36752K(36928K)->36752K(36928K) Class: 2682K(2816K)->2682K(2816K)
[72.591s][info][gc          ] GC(84) Pause Young (Prepare Mixed) (G1 Evacuation Pause) 298M->101M(337M) 6.392ms
[72.591s][info][gc,cpu      ] GC(84) User=0.02s Sys=0.00s Real=0.01s
[73.066s][info][gc,start    ] GC(85) Pause Young (Mixed) (G1 Evacuation Pause)
[73.066s][info][gc,task     ] GC(85) Using 2 workers of 2 for evacuation
[73.073s][info][gc,phases   ] GC(85)   Pre Evacuate Collection Set: 0.19ms
[73.073s][info][gc,phases   ] GC(85)   Merge Heap Roots: 0.14ms
[73.073s][info][gc,phases   ] GC(85)   Evacuate Collection Set: 5.94ms
[73.073s][info][gc,phases   ] GC(85)   Post Evacuate Collection Set: 0.55ms
[73.073s][info][gc,phases   ] GC(85)   Other: 0.10ms
[73.073s][info][gc,heap     ] GC(85) Eden regions: 197->0(198)
[73.073s][info][gc,heap     ] GC(85) Survivor regions: 5->4(26)
[73.073s][info][gc,heap     ] GC(85) Old regions: 97->93
[73.073s][info][gc,heap     ] GC(85) Humongous regions: 1->1
[73.073s][info][gc,metaspace] GC(85) Metaspace: 39448K(39808K)->39448K(39808K) NonClass: 36766K(36992K)->36766K(36992K) Class: 2682K(2816K)->2682K(2816K)
[73.073s][info][gc          ] GC(85) Pause Young (Mixed) (G1 Evacuation Pause) 298M->97M(337M) 7.108ms
[73.073s][info][gc,cpu      ] GC(85) User=0.02s Sys=0.00s Real=0.01s
[74.499s][info][gc,start    ] GC(86) Pause Young (Concurrent Start) (G1 Evacuation Pause)
[74.499s][info][gc,task     ] GC(86) Using 2 workers of 2 for evacuation
[74.502s][info][gc,phases   ] GC(86)   Pre Evacuate Collection Set: 0.25ms
[74.502s][info][gc,phases   ] GC(86)   Merge Heap Roots: 0.08ms
[74.502s][info][gc,phases   ] GC(86)   Evacuate Collection Set: 2.79ms
[74.502s][info][gc,phases   ] GC(86)   Post Evacuate Collection Set: 0.55ms
[74.502s][info][gc,phases   ] GC(86)   Other: 0.14ms
[74.503s][info][gc,heap     ] GC(86) Eden regions: 198->0(198)
[74.503s][info][gc,heap     ] GC(86) Survivor regions: 4->4(26)
[74.503s][info][gc,heap     ] GC(86) Old regions: 93->93
[74.503s][info][gc,heap     ] GC(86) Humongous regions: 1->1
[74.503s][info][gc,metaspace] GC(86) Metaspace: 40331K(40768K)->40331K(40768K) NonClass: 37552K(37824K)->37552K(37824K) Class: 2778K(2944K)->2778K(2944K)
[74.503s][info][gc          ] GC(86) Pause Young (Concurrent Start) (G1 Evacuation Pause) 295M->98M(337M) 4.009ms
[74.503s][info][gc,cpu      ] GC(86) User=0.01s Sys=0.00s Real=0.00s
[74.503s][info][gc          ] GC(87) Concurrent Mark Cycle
[74.503s][info][gc,marking  ] GC(87) Concurrent Scan Root Regions
[74.507s][info][gc,marking  ] GC(87) Concurrent Scan Root Regions 4.372ms
[74.507s][info][gc,marking  ] GC(87) Concurrent Mark
[74.507s][info][gc,marking  ] GC(87) Concurrent Mark From Roots
[74.507s][info][gc,task     ] GC(87) Using 1 workers of 1 for marking
[74.668s][info][gc,marking  ] GC(87) Concurrent Mark From Roots 161.184ms
[74.668s][info][gc,marking  ] GC(87) Concurrent Preclean
[74.668s][info][gc,marking  ] GC(87) Concurrent Preclean 0.115ms
[74.671s][info][gc,start    ] GC(87) Pause Remark
[74.686s][info][gc          ] GC(87) Pause Remark 125M->115M(294M) 14.867ms
[74.686s][info][gc,cpu      ] GC(87) User=0.03s Sys=0.00s Real=0.01s
[74.686s][info][gc,marking  ] GC(87) Concurrent Mark 179.331ms
[74.686s][info][gc,marking  ] GC(87) Concurrent Rebuild Remembered Sets and Scrub Regions
[74.745s][info][gc,marking  ] GC(87) Concurrent Rebuild Remembered Sets and Scrub Regions 58.851ms
[74.746s][info][gc,start    ] GC(87) Pause Cleanup
[74.746s][info][gc          ] GC(87) Pause Cleanup 132M->132M(294M) 0.082ms
[74.746s][info][gc,cpu      ] GC(87) User=0.00s Sys=0.00s Real=0.00s
[74.746s][info][gc,marking  ] GC(87) Concurrent Clear Claimed Marks
[74.746s][info][gc,marking  ] GC(87) Concurrent Clear Claimed Marks 0.036ms
[74.746s][info][gc,marking  ] GC(87) Concurrent Cleanup for Next Mark
[74.747s][info][gc,marking  ] GC(87) Concurrent Cleanup for Next Mark 0.907ms
[74.747s][info][gc          ] GC(87) Concurrent Mark Cycle 244.127ms
[75.198s][info][gc,start    ] GC(88) Pause Young (Prepare Mixed) (G1 Evacuation Pause)
[75.198s][info][gc,task     ] GC(88) Using 2 workers of 2 for evacuation
[75.206s][info][gc,phases   ] GC(88)   Pre Evacuate Collection Set: 0.17ms
[75.206s][info][gc,phases   ] GC(88)   Merge Heap Roots: 0.08ms
[75.206s][info][gc,phases   ] GC(88)   Evacuate Collection Set: 7.23ms
[75.206s][info][gc,phases   ] GC(88)   Post Evacuate Collection Set: 0.55ms
[75.206s][info][gc,phases   ] GC(88)   Other: 0.08ms
[75.206s][info][gc,heap     ] GC(88) Eden regions: 172->0(166)
[75.206s][info][gc,heap     ] GC(88) Survivor regions: 4->10(22)
[75.206s][info][gc,heap     ] GC(88) Old regions: 83->83
[75.206s][info][gc,heap     ] GC(88) Humongous regions: 1->1
[75.206s][info][gc,metaspace] GC(88) Metaspace: 40371K(40768K)->40371K(40768K) NonClass: 37593K(37824K)->37593K(37824K) Class: 2778K(2944K)->2778K(2944K)
[75.206s][info][gc          ] GC(88) Pause Young (Prepare Mixed) (G1 Evacuation Pause) 260M->93M(294M) 8.336ms
[75.206s][info][gc,cpu      ] GC(88) User=0.02s Sys=0.00s Real=0.00s
[76.405s][info][gc,start    ] GC(89) Pause Young (Mixed) (G1 Evacuation Pause)
[76.405s][info][gc,task     ] GC(89) Using 2 workers of 2 for evacuation
[76.418s][info][gc,phases   ] GC(89)   Pre Evacuate Collection Set: 2.29ms
[76.418s][info][gc,phases   ] GC(89)   Merge Heap Roots: 0.20ms
[76.418s][info][gc,phases   ] GC(89)   Evacuate Collection Set: 9.25ms
[76.418s][info][gc,phases   ] GC(89)   Post Evacuate Collection Set: 0.57ms
[76.418s][info][gc,phases   ] GC(89)   Other: 0.07ms
[76.418s][info][gc,heap     ] GC(89) Eden regions: 166->0(171)
[76.418s][info][gc,heap     ] GC(89) Survivor regions: 10->5(22)
[76.418s][info][gc,heap     ] GC(89) Old regions: 83->61
[76.418s][info][gc,heap     ] GC(89) Humongous regions: 1->1
[76.418s][info][gc,metaspace] GC(89) Metaspace: 40582K(41024K)->40582K(41024K) NonClass: 37796K(38080K)->37796K(38080K) Class: 2785K(2944K)->2785K(2944K)
[76.418s][info][gc          ] GC(89) Pause Young (Mixed) (G1 Evacuation Pause) 259M->66M(294M) 12.534ms
[76.418s][info][gc,cpu      ] GC(89) User=0.03s Sys=0.00s Real=0.02s
[76.471s][info][gc,start    ] GC(90) Pause Young (Concurrent Start) (G1 Humongous Allocation)
[76.471s][info][gc,task     ] GC(90) Using 2 workers of 2 for evacuation
[76.475s][info][gc,phases   ] GC(90)   Pre Evacuate Collection Set: 0.16ms
[76.475s][info][gc,phases   ] GC(90)   Merge Heap Roots: 0.07ms
[76.475s][info][gc,phases   ] GC(90)   Evacuate Collection Set: 3.31ms
[76.475s][info][gc,phases   ] GC(90)   Post Evacuate Collection Set: 0.31ms
[76.475s][info][gc,phases   ] GC(90)   Other: 0.10ms
[76.475s][info][gc,heap     ] GC(90) Eden regions: 7->0(172)
[76.475s][info][gc,heap     ] GC(90) Survivor regions: 5->4(22)
[76.475s][info][gc,heap     ] GC(90) Old regions: 61->61
[76.475s][info][gc,heap     ] GC(90) Humongous regions: 1->1
[76.475s][info][gc,metaspace] GC(90) Metaspace: 40616K(41024K)->40616K(41024K) NonClass: 37827K(38080K)->37827K(38080K) Class: 2788K(2944K)->2788K(2944K)
[76.475s][info][gc          ] GC(90) Pause Young (Concurrent Start) (G1 Humongous Allocation) 73M->65M(294M) 4.122ms
[76.475s][info][gc,cpu      ] GC(90) User=0.01s Sys=0.00s Real=0.00s
[76.475s][info][gc          ] GC(91) Concurrent Mark Cycle
[76.475s][info][gc,marking  ] GC(91) Concurrent Scan Root Regions
[76.480s][info][gc,marking  ] GC(91) Concurrent Scan Root Regions 4.730ms
[76.480s][info][gc,marking  ] GC(91) Concurrent Mark
[76.480s][info][gc,marking  ] GC(91) Concurrent Mark From Roots
[76.480s][info][gc,task     ] GC(91) Using 1 workers of 1 for marking
[76.600s][info][gc,marking  ] GC(91) Concurrent Mark From Roots 120.430ms
[76.600s][info][gc,marking  ] GC(91) Concurrent Preclean
[76.600s][info][gc,marking  ] GC(91) Concurrent Preclean 0.204ms
[76.600s][info][gc,start    ] GC(91) Pause Remark
[76.618s][info][gc          ] GC(91) Pause Remark 75M->72M(256M) 17.300ms
[76.618s][info][gc,cpu      ] GC(91) User=0.03s Sys=0.00s Real=0.02s
[76.618s][info][gc,marking  ] GC(91) Concurrent Mark 138.834ms
[76.619s][info][gc,marking  ] GC(91) Concurrent Rebuild Remembered Sets and Scrub Regions
[76.666s][info][gc,marking  ] GC(91) Concurrent Rebuild Remembered Sets and Scrub Regions 47.770ms
[76.667s][info][gc,start    ] GC(91) Pause Cleanup
[76.667s][info][gc          ] GC(91) Pause Cleanup 77M->77M(256M) 0.072ms
[76.667s][info][gc,cpu      ] GC(91) User=0.00s Sys=0.00s Real=0.00s
[76.667s][info][gc,marking  ] GC(91) Concurrent Clear Claimed Marks
[76.667s][info][gc,marking  ] GC(91) Concurrent Clear Claimed Marks 0.047ms
[76.667s][info][gc,marking  ] GC(91) Concurrent Cleanup for Next Mark
[76.668s][info][gc,marking  ] GC(91) Concurrent Cleanup for Next Mark 0.783ms
[76.668s][info][gc          ] GC(91) Concurrent Mark Cycle 193.057ms
[77.607s][info][gc,start    ] GC(92) Pause Young (Prepare Mixed) (G1 Evacuation Pause)
[77.607s][info][gc,task     ] GC(92) Using 2 workers of 2 for evacuation
[77.619s][info][gc,phases   ] GC(92)   Pre Evacuate Collection Set: 0.14ms
[77.619s][info][gc,phases   ] GC(92)   Merge Heap Roots: 0.09ms
[77.619s][info][gc,phases   ] GC(92)   Evacuate Collection Set: 11.88ms
[77.619s][info][gc,phases   ] GC(92)   Post Evacuate Collection Set: 0.54ms
[77.619s][info][gc,phases   ] GC(92)   Other: 0.12ms
[77.619s][info][gc,heap     ] GC(92) Eden regions: 149->0(142)
[77.619s][info][gc,heap     ] GC(92) Survivor regions: 4->11(20)
[77.620s][info][gc,heap     ] GC(92) Old regions: 58->58
[77.620s][info][gc,heap     ] GC(92) Humongous regions: 13->3
[77.620s][info][gc,metaspace] GC(92) Metaspace: 40930K(41280K)->40930K(41280K) NonClass: 38126K(38336K)->38126K(38336K) Class: 2804K(2944K)->2804K(2944K)
[77.620s][info][gc          ] GC(92) Pause Young (Prepare Mixed) (G1 Evacuation Pause) 223M->71M(256M) 12.933ms
[77.620s][info][gc,cpu      ] GC(92) User=0.03s Sys=0.00s Real=0.02s
[78.076s][info][gc,start    ] GC(93) Pause Young (Mixed) (G1 Evacuation Pause)
[78.076s][info][gc,task     ] GC(93) Using 2 workers of 2 for evacuation
[78.105s][info][gc,phases   ] GC(93)   Pre Evacuate Collection Set: 0.17ms
[78.105s][info][gc,phases   ] GC(93)   Merge Heap Roots: 0.11ms
[78.105s][info][gc,phases   ] GC(93)   Evacuate Collection Set: 27.64ms
[78.105s][info][gc,phases   ] GC(93)   Post Evacuate Collection Set: 0.44ms
[78.105s][info][gc,phases   ] GC(93)   Other: 0.08ms
[78.105s][info][gc,heap     ] GC(93) Eden regions: 142->0(136)
[78.105s][info][gc,heap     ] GC(93) Survivor regions: 11->17(20)
[78.105s][info][gc,heap     ] GC(93) Old regions: 58->59
[78.105s][info][gc,heap     ] GC(93) Humongous regions: 4->4
[78.105s][info][gc,metaspace] GC(93) Metaspace: 40945K(41344K)->40945K(41344K) NonClass: 38140K(38400K)->38140K(38400K) Class: 2804K(2944K)->2804K(2944K)
[78.105s][info][gc          ] GC(93) Pause Young (Mixed) (G1 Evacuation Pause) 214M->78M(256M) 28.635ms
[78.105s][info][gc,cpu      ] GC(93) User=0.05s Sys=0.00s Real=0.03s
[78.467s][info][gc,start    ] GC(94) Pause Young (Concurrent Start) (G1 Humongous Allocation)
[78.467s][info][gc,task     ] GC(94) Using 2 workers of 2 for evacuation
[78.502s][info][gc,phases   ] GC(94)   Pre Evacuate Collection Set: 0.16ms
[78.502s][info][gc,phases   ] GC(94)   Merge Heap Roots: 0.10ms
[78.502s][info][gc,phases   ] GC(94)   Evacuate Collection Set: 33.67ms
[78.502s][info][gc,phases   ] GC(94)   Post Evacuate Collection Set: 0.39ms
[78.502s][info][gc,phases   ] GC(94)   Other: 0.11ms
[78.502s][info][gc,heap     ] GC(94) Eden regions: 128->0(129)
[78.502s][info][gc,heap     ] GC(94) Survivor regions: 17->15(20)
[78.502s][info][gc,heap     ] GC(94) Old regions: 59->75
[78.502s][info][gc,heap     ] GC(94) Humongous regions: 4->4
[78.502s][info][gc,metaspace] GC(94) Metaspace: 40954K(41344K)->40954K(41344K) NonClass: 38149K(38400K)->38149K(38400K) Class: 2804K(2944K)->2804K(2944K)
[78.502s][info][gc          ] GC(94) Pause Young (Concurrent Start) (G1 Humongous Allocation) 206M->92M(256M) 34.634ms
[78.502s][info][gc          ] GC(95) Concurrent Mark Cycle
[78.502s][info][gc,marking  ] GC(95) Concurrent Scan Root Regions
[78.502s][info][gc,cpu      ] GC(94) User=0.07s Sys=0.00s Real=0.03s
[78.538s][info][gc,marking  ] GC(95) Concurrent Scan Root Regions 35.642ms
[78.538s][info][gc,marking  ] GC(95) Concurrent Mark
[78.538s][info][gc,marking  ] GC(95) Concurrent Mark From Roots
[78.538s][info][gc,task     ] GC(95) Using 1 workers of 1 for marking
[78.685s][info][gc,marking  ] GC(95) Concurrent Mark From Roots 147.326ms
[78.685s][info][gc,marking  ] GC(95) Concurrent Preclean
[78.685s][info][gc,marking  ] GC(95) Concurrent Preclean 0.076ms
[78.686s][info][gc,start    ] GC(95) Pause Remark
[78.704s][info][gc          ] GC(95) Pause Remark 124M->122M(256M) 18.534ms
[78.704s][info][gc,cpu      ] GC(95) User=0.03s Sys=0.01s Real=0.02s
[78.705s][info][gc,marking  ] GC(95) Concurrent Mark 167.652ms
[78.705s][info][gc,marking  ] GC(95) Concurrent Rebuild Remembered Sets and Scrub Regions
[78.789s][info][gc,marking  ] GC(95) Concurrent Rebuild Remembered Sets and Scrub Regions 83.994ms
[78.790s][info][gc,start    ] GC(95) Pause Cleanup
[78.790s][info][gc          ] GC(95) Pause Cleanup 140M->140M(256M) 0.056ms
[78.790s][info][gc,cpu      ] GC(95) User=0.00s Sys=0.00s Real=0.00s
[78.790s][info][gc,marking  ] GC(95) Concurrent Clear Claimed Marks
[78.790s][info][gc,marking  ] GC(95) Concurrent Clear Claimed Marks 0.036ms
[78.790s][info][gc,marking  ] GC(95) Concurrent Cleanup for Next Mark
[78.795s][info][gc,marking  ] GC(95) Concurrent Cleanup for Next Mark 4.711ms
[78.795s][info][gc          ] GC(95) Concurrent Mark Cycle 292.672ms
[79.124s][info][gc,start    ] GC(96) Pause Young (Prepare Mixed) (G1 Evacuation Pause)
[79.124s][info][gc,task     ] GC(96) Using 2 workers of 2 for evacuation
[79.162s][info][gc,phases   ] GC(96)   Pre Evacuate Collection Set: 0.16ms
[79.162s][info][gc,phases   ] GC(96)   Merge Heap Roots: 0.13ms
[79.162s][info][gc,phases   ] GC(96)   Evacuate Collection Set: 37.07ms
[79.162s][info][gc,phases   ] GC(96)   Post Evacuate Collection Set: 0.40ms
[79.162s][info][gc,phases   ] GC(96)   Other: 0.09ms
[79.162s][info][gc,heap     ] GC(96) Eden regions: 129->0(116)
[79.162s][info][gc,heap     ] GC(96) Survivor regions: 15->15(18)
[79.162s][info][gc,heap     ] GC(96) Old regions: 73->87
[79.162s][info][gc,heap     ] GC(96) Humongous regions: 6->6
[79.162s][info][gc,metaspace] GC(96) Metaspace: 40957K(41344K)->40957K(41344K) NonClass: 38153K(38400K)->38153K(38400K) Class: 2804K(2944K)->2804K(2944K)
[79.162s][info][gc          ] GC(96) Pause Young (Prepare Mixed) (G1 Evacuation Pause) 221M->107M(256M) 38.039ms
[79.162s][info][gc,cpu      ] GC(96) User=0.08s Sys=0.00s Real=0.04s
[79.578s][info][gc,start    ] GC(97) Pause Young (Mixed) (G1 Evacuation Pause)
[79.578s][info][gc,task     ] GC(97) Using 2 workers of 2 for evacuation
[79.623s][info][gc,phases   ] GC(97)   Pre Evacuate Collection Set: 0.20ms
[79.623s][info][gc,phases   ] GC(97)   Merge Heap Roots: 0.14ms
[79.623s][info][gc,phases   ] GC(97)   Evacuate Collection Set: 43.70ms
[79.623s][info][gc,phases   ] GC(97)   Post Evacuate Collection Set: 0.74ms
[79.623s][info][gc,phases   ] GC(97)   Other: 0.08ms
[79.623s][info][gc,heap     ] GC(97) Eden regions: 116->0(117)
[79.623s][info][gc,heap     ] GC(97) Survivor regions: 15->12(17)
[79.623s][info][gc,heap     ] GC(97) Old regions: 87->89
[79.623s][info][gc,heap     ] GC(97) Humongous regions: 6->6
[79.623s][info][gc,metaspace] GC(97) Metaspace: 40962K(41344K)->40962K(41344K) NonClass: 38157K(38400K)->38157K(38400K) Class: 2804K(2944K)->2804K(2944K)
[79.623s][info][gc          ] GC(97) Pause Young (Mixed) (G1 Evacuation Pause) 223M->107M(256M) 45.067ms
[79.623s][info][gc,cpu      ] GC(97) User=0.09s Sys=0.00s Real=0.04s
[79.775s][info][gc,start    ] GC(98) Pause Young (Concurrent Start) (G1 Humongous Allocation)
[79.775s][info][gc,task     ] GC(98) Using 2 workers of 2 for evacuation
[79.802s][info][gc,phases   ] GC(98)   Pre Evacuate Collection Set: 0.15ms
[79.802s][info][gc,phases   ] GC(98)   Merge Heap Roots: 0.09ms
[79.802s][info][gc,phases   ] GC(98)   Evacuate Collection Set: 26.35ms
[79.802s][info][gc,phases   ] GC(98)   Post Evacuate Collection Set: 0.35ms
[79.802s][info][gc,phases   ] GC(98)   Other: 0.12ms
[79.802s][info][gc,heap     ] GC(98) Eden regions: 68->0(112)
[79.802s][info][gc,heap     ] GC(98) Survivor regions: 12->8(17)
[79.802s][info][gc,heap     ] GC(98) Old regions: 89->101
[79.802s][info][gc,heap     ] GC(98) Humongous regions: 6->6
[79.803s][info][gc,metaspace] GC(98) Metaspace: 40968K(41344K)->40968K(41344K) NonClass: 38163K(38400K)->38163K(38400K) Class: 2804K(2944K)->2804K(2944K)
[79.803s][info][gc          ] GC(98) Pause Young (Concurrent Start) (G1 Humongous Allocation) 175M->114M(256M) 27.240ms
[79.803s][info][gc          ] GC(99) Concurrent Mark Cycle
[79.803s][info][gc,marking  ] GC(99) Concurrent Scan Root Regions
[79.803s][info][gc,cpu      ] GC(98) User=0.04s Sys=0.00s Real=0.03s
[79.846s][info][gc,marking  ] GC(99) Concurrent Scan Root Regions 43.099ms
[79.846s][info][gc,marking  ] GC(99) Concurrent Mark
[79.846s][info][gc,marking  ] GC(99) Concurrent Mark From Roots
[79.846s][info][gc,task     ] GC(99) Using 1 workers of 1 for marking
[80.093s][info][gc,marking  ] GC(99) Concurrent Mark From Roots 247.677ms
[80.093s][info][gc,marking  ] GC(99) Concurrent Preclean
[80.093s][info][gc,marking  ] GC(99) Concurrent Preclean 0.060ms
[80.094s][info][gc,start    ] GC(99) Pause Remark
[80.107s][info][gc          ] GC(99) Pause Remark 202M->201M(256M) 13.773ms
[80.107s][info][gc,cpu      ] GC(99) User=0.03s Sys=0.00s Real=0.02s
[80.108s][info][gc,marking  ] GC(99) Concurrent Mark 261.790ms
[80.108s][info][gc,marking  ] GC(99) Concurrent Rebuild Remembered Sets and Scrub Regions
[80.174s][info][gc,start    ] GC(100) Pause Young (Normal) (G1 Evacuation Pause)
[80.174s][info][gc,task     ] GC(100) Using 2 workers of 2 for evacuation
[80.207s][info][gc,phases   ] GC(100)   Pre Evacuate Collection Set: 0.18ms
[80.207s][info][gc,phases   ] GC(100)   Merge Heap Roots: 0.16ms
[80.207s][info][gc,phases   ] GC(100)   Evacuate Collection Set: 31.61ms
[80.207s][info][gc,phases   ] GC(100)   Post Evacuate Collection Set: 1.00ms
[80.207s][info][gc,phases   ] GC(100)   Other: 0.10ms
[80.207s][info][gc,heap     ] GC(100) Eden regions: 112->0(159)
[80.207s][info][gc,heap     ] GC(100) Survivor regions: 8->15(15)
[80.207s][info][gc,heap     ] GC(100) Old regions: 101->105
[80.207s][info][gc,heap     ] GC(100) Humongous regions: 9->9
[80.207s][info][gc,metaspace] GC(100) Metaspace: 40971K(41344K)->40971K(41344K) NonClass: 38167K(38400K)->38167K(38400K) Class: 2804K(2944K)->2804K(2944K)
[80.207s][info][gc          ] GC(100) Pause Young (Normal) (G1 Evacuation Pause) 229M->129M(323M) 33.240ms
[80.207s][info][gc,cpu      ] GC(100) User=0.06s Sys=0.00s Real=0.04s
[80.283s][info][gc,marking  ] GC(99) Concurrent Rebuild Remembered Sets and Scrub Regions 175.715ms
[80.283s][info][gc,start    ] GC(99) Pause Cleanup
[80.283s][info][gc          ] GC(99) Pause Cleanup 151M->151M(323M) 0.051ms
[80.283s][info][gc,cpu      ] GC(99) User=0.00s Sys=0.00s Real=0.00s
[80.285s][info][gc,marking  ] GC(99) Concurrent Clear Claimed Marks
[80.285s][info][gc,marking  ] GC(99) Concurrent Clear Claimed Marks 0.065ms
[80.285s][info][gc,marking  ] GC(99) Concurrent Cleanup for Next Mark
[80.288s][info][gc,marking  ] GC(99) Concurrent Cleanup for Next Mark 3.090ms
[80.288s][info][gc          ] GC(99) Concurrent Mark Cycle 485.177ms
[84.124s][info][gc,start    ] GC(101) Pause Young (Prepare Mixed) (G1 Evacuation Pause)
[84.124s][info][gc,task     ] GC(101) Using 2 workers of 2 for evacuation
[84.211s][info][gc,phases   ] GC(101)   Pre Evacuate Collection Set: 0.19ms
[84.211s][info][gc,phases   ] GC(101)   Merge Heap Roots: 0.20ms
[84.211s][info][gc,phases   ] GC(101)   Evacuate Collection Set: 85.81ms
[84.211s][info][gc,phases   ] GC(101)   Post Evacuate Collection Set: 0.67ms
[84.211s][info][gc,phases   ] GC(101)   Other: 0.08ms
[84.211s][info][gc,heap     ] GC(101) Eden regions: 159->0(140)
[84.211s][info][gc,heap     ] GC(101) Survivor regions: 15->22(22)
[84.211s][info][gc,heap     ] GC(101) Old regions: 105->112
[84.211s][info][gc,heap     ] GC(101) Humongous regions: 20->15
[84.211s][info][gc,metaspace] GC(101) Metaspace: 41066K(41472K)->41066K(41472K) NonClass: 38262K(38528K)->38262K(38528K) Class: 2804K(2944K)->2804K(2944K)
[84.211s][info][gc          ] GC(101) Pause Young (Prepare Mixed) (G1 Evacuation Pause) 299M->148M(328M) 87.145ms
[84.211s][info][gc,cpu      ] GC(101) User=0.10s Sys=0.00s Real=0.09s
[84.803s][info][gc,start    ] GC(102) Pause Young (Mixed) (G1 Evacuation Pause)
[84.803s][info][gc,task     ] GC(102) Using 2 workers of 2 for evacuation
[84.838s][info][gc,phases   ] GC(102)   Pre Evacuate Collection Set: 0.25ms
[84.838s][info][gc,phases   ] GC(102)   Merge Heap Roots: 0.25ms
[84.838s][info][gc,phases   ] GC(102)   Evacuate Collection Set: 34.66ms
[84.838s][info][gc,phases   ] GC(102)   Post Evacuate Collection Set: 0.41ms
[84.838s][info][gc,phases   ] GC(102)   Other: 0.08ms
[84.838s][info][gc,heap     ] GC(102) Eden regions: 140->0(149)
[84.838s][info][gc,heap     ] GC(102) Survivor regions: 22->3(21)
[84.838s][info][gc,heap     ] GC(102) Old regions: 112->131
[84.838s][info][gc,heap     ] GC(102) Humongous regions: 15->15
[84.838s][info][gc,metaspace] GC(102) Metaspace: 41153K(41536K)->41153K(41536K) NonClass: 38349K(38592K)->38349K(38592K) Class: 2804K(2944K)->2804K(2944K)
[84.838s][info][gc          ] GC(102) Pause Young (Mixed) (G1 Evacuation Pause) 288M->148M(328M) 35.823ms
[84.838s][info][gc,cpu      ] GC(102) User=0.07s Sys=0.00s Real=0.04s
[84.905s][info][gc,start    ] GC(103) Pause Young (Concurrent Start) (G1 Humongous Allocation)
[84.905s][info][gc,task     ] GC(103) Using 2 workers of 2 for evacuation
[84.910s][info][gc,phases   ] GC(103)   Pre Evacuate Collection Set: 0.22ms
[84.910s][info][gc,phases   ] GC(103)   Merge Heap Roots: 0.04ms
[84.910s][info][gc,phases   ] GC(103)   Evacuate Collection Set: 4.65ms
[84.910s][info][gc,phases   ] GC(103)   Post Evacuate Collection Set: 0.28ms
[84.910s][info][gc,phases   ] GC(103)   Other: 0.15ms
[84.910s][info][gc,heap     ] GC(103) Eden regions: 14->0(153)
[84.910s][info][gc,heap     ] GC(103) Survivor regions: 3->3(19)
[84.910s][info][gc,heap     ] GC(103) Old regions: 131->131
[84.910s][info][gc,heap     ] GC(103) Humongous regions: 15->15
[84.910s][info][gc,metaspace] GC(103) Metaspace: 41166K(41600K)->41166K(41600K) NonClass: 38362K(38656K)->38362K(38656K) Class: 2804K(2944K)->2804K(2944K)
[84.910s][info][gc          ] GC(103) Pause Young (Concurrent Start) (G1 Humongous Allocation) 161M->148M(328M) 5.510ms
[84.910s][info][gc,cpu      ] GC(103) User=0.01s Sys=0.00s Real=0.01s
[84.910s][info][gc          ] GC(104) Concurrent Mark Cycle
[84.910s][info][gc,marking  ] GC(104) Concurrent Scan Root Regions
[84.914s][info][gc,marking  ] GC(104) Concurrent Scan Root Regions 3.482ms
[84.914s][info][gc,marking  ] GC(104) Concurrent Mark
[84.914s][info][gc,marking  ] GC(104) Concurrent Mark From Roots
[84.914s][info][gc,task     ] GC(104) Using 1 workers of 1 for marking
[84.973s][info][gc,marking  ] GC(104) Concurrent Mark From Roots 58.957ms
[84.973s][info][gc,marking  ] GC(104) Concurrent Preclean
[84.973s][info][gc,marking  ] GC(104) Concurrent Preclean 0.067ms
[84.973s][info][gc,start    ] GC(104) Pause Remark
[84.987s][info][gc          ] GC(104) Pause Remark 176M->78M(256M) 14.140ms
[84.987s][info][gc,cpu      ] GC(104) User=0.03s Sys=0.00s Real=0.02s
[84.990s][info][gc,marking  ] GC(104) Concurrent Mark 76.000ms
[84.990s][info][gc,marking  ] GC(104) Concurrent Rebuild Remembered Sets and Scrub Regions
[85.011s][info][gc,marking  ] GC(104) Concurrent Rebuild Remembered Sets and Scrub Regions 21.572ms
[85.011s][info][gc,start    ] GC(104) Pause Cleanup
[85.012s][info][gc          ] GC(104) Pause Cleanup 81M->81M(256M) 0.055ms
[85.012s][info][gc,cpu      ] GC(104) User=0.00s Sys=0.00s Real=0.00s
[85.012s][info][gc,marking  ] GC(104) Concurrent Clear Claimed Marks
[85.012s][info][gc,marking  ] GC(104) Concurrent Clear Claimed Marks 0.040ms
[85.012s][info][gc,marking  ] GC(104) Concurrent Cleanup for Next Mark
[85.013s][info][gc,marking  ] GC(104) Concurrent Cleanup for Next Mark 1.223ms
[85.013s][info][gc          ] GC(104) Concurrent Mark Cycle 102.700ms
[85.332s][info][gc,start    ] GC(105) Pause Young (Prepare Mixed) (G1 Evacuation Pause)
[85.332s][info][gc,task     ] GC(105) Using 2 workers of 2 for evacuation
[85.347s][info][gc,phases   ] GC(105)   Pre Evacuate Collection Set: 0.17ms
[85.347s][info][gc,phases   ] GC(105)   Merge Heap Roots: 0.06ms
[85.347s][info][gc,phases   ] GC(105)   Evacuate Collection Set: 14.31ms
[85.347s][info][gc,phases   ] GC(105)   Post Evacuate Collection Set: 0.40ms
[85.347s][info][gc,phases   ] GC(105)   Other: 0.09ms
[85.347s][info][gc,heap     ] GC(105) Eden regions: 150->0(139)
[85.347s][info][gc,heap     ] GC(105) Survivor regions: 3->14(20)
[85.347s][info][gc,heap     ] GC(105) Old regions: 46->46
[85.347s][info][gc,heap     ] GC(105) Humongous regions: 3->3
[85.347s][info][gc,metaspace] GC(105) Metaspace: 41230K(41600K)->41230K(41600K) NonClass: 38426K(38656K)->38426K(38656K) Class: 2804K(2944K)->2804K(2944K)
[85.347s][info][gc          ] GC(105) Pause Young (Prepare Mixed) (G1 Evacuation Pause) 202M->63M(256M) 15.228ms
[85.347s][info][gc,cpu      ] GC(105) User=0.03s Sys=0.00s Real=0.02s
[85.668s][info][gc,start    ] GC(106) Pause Young (Mixed) (G1 Evacuation Pause)
[85.669s][info][gc,task     ] GC(106) Using 2 workers of 2 for evacuation
[85.700s][info][gc,phases   ] GC(106)   Pre Evacuate Collection Set: 0.23ms
[85.700s][info][gc,phases   ] GC(106)   Merge Heap Roots: 0.15ms
[85.700s][info][gc,phases   ] GC(106)   Evacuate Collection Set: 30.77ms
[85.700s][info][gc,phases   ] GC(106)   Post Evacuate Collection Set: 0.42ms
[85.700s][info][gc,phases   ] GC(106)   Other: 0.09ms
[85.700s][info][gc,heap     ] GC(106) Eden regions: 139->0(136)
[85.700s][info][gc,heap     ] GC(106) Survivor regions: 14->17(20)
[85.700s][info][gc,heap     ] GC(106) Old regions: 46->45
[85.700s][info][gc,heap     ] GC(106) Humongous regions: 4->4
[85.700s][info][gc,metaspace] GC(106) Metaspace: 41230K(41600K)->41230K(41600K) NonClass: 38426K(38656K)->38426K(38656K) Class: 2804K(2944K)->2804K(2944K)
[85.700s][info][gc          ] GC(106) Pause Young (Mixed) (G1 Evacuation Pause) 203M->65M(256M) 31.841ms
[85.700s][info][gc,cpu      ] GC(106) User=0.06s Sys=0.00s Real=0.03s
[85.821s][info][gc,start    ] GC(107) Pause Young (Concurrent Start) (G1 Humongous Allocation)
[85.821s][info][gc,task     ] GC(107) Using 2 workers of 2 for evacuation
[85.840s][info][gc,phases   ] GC(107)   Pre Evacuate Collection Set: 0.17ms
[85.840s][info][gc,phases   ] GC(107)   Merge Heap Roots: 0.07ms
[85.840s][info][gc,phases   ] GC(107)   Evacuate Collection Set: 18.59ms
[85.840s][info][gc,phases   ] GC(107)   Post Evacuate Collection Set: 0.33ms
[85.840s][info][gc,phases   ] GC(107)   Other: 0.10ms
[85.840s][info][gc,heap     ] GC(107) Eden regions: 53->0(146)
[85.840s][info][gc,heap     ] GC(107) Survivor regions: 17->7(20)
[85.840s][info][gc,heap     ] GC(107) Old regions: 45->62
[85.840s][info][gc,heap     ] GC(107) Humongous regions: 4->4
[85.840s][info][gc,metaspace] GC(107) Metaspace: 41230K(41600K)->41230K(41600K) NonClass: 38426K(38656K)->38426K(38656K) Class: 2804K(2944K)->2804K(2944K)
[85.840s][info][gc          ] GC(107) Pause Young (Concurrent Start) (G1 Humongous Allocation) 118M->72M(256M) 19.466ms
[85.840s][info][gc          ] GC(108) Concurrent Mark Cycle
[85.840s][info][gc,marking  ] GC(108) Concurrent Scan Root Regions
[85.840s][info][gc,cpu      ] GC(107) User=0.04s Sys=0.00s Real=0.02s
[85.865s][info][gc,marking  ] GC(108) Concurrent Scan Root Regions 24.155ms
[85.865s][info][gc,marking  ] GC(108) Concurrent Mark
[85.865s][info][gc,marking  ] GC(108) Concurrent Mark From Roots
[85.865s][info][gc,task     ] GC(108) Using 1 workers of 1 for marking
[85.907s][info][gc,marking  ] GC(108) Concurrent Mark From Roots 42.003ms
[85.907s][info][gc,marking  ] GC(108) Concurrent Preclean
[85.907s][info][gc,marking  ] GC(108) Concurrent Preclean 0.050ms
[85.907s][info][gc,start    ] GC(108) Pause Remark
[85.922s][info][gc          ] GC(108) Pause Remark 98M->98M(256M) 15.402ms
[85.922s][info][gc,cpu      ] GC(108) User=0.03s Sys=0.00s Real=0.01s
[85.925s][info][gc,marking  ] GC(108) Concurrent Mark 60.122ms
[85.925s][info][gc,marking  ] GC(108) Concurrent Rebuild Remembered Sets and Scrub Regions
[85.957s][info][gc,marking  ] GC(108) Concurrent Rebuild Remembered Sets and Scrub Regions 32.684ms
[85.958s][info][gc,start    ] GC(108) Pause Cleanup
[85.958s][info][gc          ] GC(108) Pause Cleanup 113M->113M(256M) 0.036ms
[85.958s][info][gc,cpu      ] GC(108) User=0.00s Sys=0.00s Real=0.00s
[85.958s][info][gc,marking  ] GC(108) Concurrent Clear Claimed Marks
[85.958s][info][gc,marking  ] GC(108) Concurrent Clear Claimed Marks 0.046ms
[85.958s][info][gc,marking  ] GC(108) Concurrent Cleanup for Next Mark
[85.958s][info][gc,marking  ] GC(108) Concurrent Cleanup for Next Mark 0.734ms
[85.958s][info][gc          ] GC(108) Concurrent Mark Cycle 118.076ms
[86.189s][info][gc,start    ] GC(109) Pause Young (Prepare Mixed) (G1 Evacuation Pause)
[86.189s][info][gc,task     ] GC(109) Using 2 workers of 2 for evacuation
[86.216s][info][gc,phases   ] GC(109)   Pre Evacuate Collection Set: 0.16ms
[86.216s][info][gc,phases   ] GC(109)   Merge Heap Roots: 0.08ms
[86.216s][info][gc,phases   ] GC(109)   Evacuate Collection Set: 26.85ms
[86.216s][info][gc,phases   ] GC(109)   Post Evacuate Collection Set: 0.40ms
[86.216s][info][gc,phases   ] GC(109)   Other: 0.07ms
[86.216s][info][gc,heap     ] GC(109) Eden regions: 146->0(130)
[86.216s][info][gc,heap     ] GC(109) Survivor regions: 7->20(20)
[86.216s][info][gc,heap     ] GC(109) Old regions: 62->65
[86.216s][info][gc,heap     ] GC(109) Humongous regions: 6->6
[86.216s][info][gc,metaspace] GC(109) Metaspace: 41231K(41600K)->41231K(41600K) NonClass: 38426K(38656K)->38426K(38656K) Class: 2804K(2944K)->2804K(2944K)
[86.216s][info][gc          ] GC(109) Pause Young (Prepare Mixed) (G1 Evacuation Pause) 220M->91M(256M) 27.736ms
[86.216s][info][gc,cpu      ] GC(109) User=0.05s Sys=0.00s Real=0.02s
[86.562s][info][gc,start    ] GC(110) Pause Young (Mixed) (G1 Evacuation Pause)
[86.562s][info][gc,task     ] GC(110) Using 2 workers of 2 for evacuation
[86.611s][info][gc,phases   ] GC(110)   Pre Evacuate Collection Set: 0.16ms
[86.611s][info][gc,phases   ] GC(110)   Merge Heap Roots: 0.16ms
[86.611s][info][gc,phases   ] GC(110)   Evacuate Collection Set: 47.55ms
[86.611s][info][gc,phases   ] GC(110)   Post Evacuate Collection Set: 0.86ms
[86.611s][info][gc,phases   ] GC(110)   Other: 0.07ms
[86.611s][info][gc,heap     ] GC(110) Eden regions: 130->0(171)
[86.611s][info][gc,heap     ] GC(110) Survivor regions: 20->15(19)
[86.611s][info][gc,heap     ] GC(110) Old regions: 65->81
[86.611s][info][gc,heap     ] GC(110) Humongous regions: 10->10
[86.611s][info][gc,metaspace] GC(110) Metaspace: 41231K(41600K)->41231K(41600K) NonClass: 38426K(38656K)->38426K(38656K) Class: 2804K(2944K)->2804K(2944K)
[86.611s][info][gc          ] GC(110) Pause Young (Mixed) (G1 Evacuation Pause) 225M->106M(324M) 49.016ms
[86.611s][info][gc,cpu      ] GC(110) User=0.09s Sys=0.01s Real=0.05s
[87.188s][info][gc,start    ] GC(111) Pause Young (Concurrent Start) (G1 Humongous Allocation)
[87.188s][info][gc,task     ] GC(111) Using 2 workers of 2 for evacuation
[87.239s][info][gc,phases   ] GC(111)   Pre Evacuate Collection Set: 0.20ms
[87.239s][info][gc,phases   ] GC(111)   Merge Heap Roots: 0.14ms
[87.239s][info][gc,phases   ] GC(111)   Evacuate Collection Set: 50.04ms
[87.239s][info][gc,phases   ] GC(111)   Post Evacuate Collection Set: 0.48ms
[87.239s][info][gc,phases   ] GC(111)   Other: 0.12ms
[87.239s][info][gc,heap     ] GC(111) Eden regions: 165->0(140)
[87.239s][info][gc,heap     ] GC(111) Survivor regions: 15->24(24)
[87.239s][info][gc,heap     ] GC(111) Old regions: 81->101
[87.239s][info][gc,heap     ] GC(111) Humongous regions: 10->10
[87.239s][info][gc,metaspace] GC(111) Metaspace: 41231K(41600K)->41231K(41600K) NonClass: 38426K(38656K)->38426K(38656K) Class: 2804K(2944K)->2804K(2944K)
[87.239s][info][gc          ] GC(111) Pause Young (Concurrent Start) (G1 Humongous Allocation) 270M->134M(324M) 51.208ms
[87.239s][info][gc,cpu      ] GC(111) User=0.10s Sys=0.00s Real=0.05s
[87.239s][info][gc          ] GC(112) Concurrent Mark Cycle
[87.239s][info][gc,marking  ] GC(112) Concurrent Scan Root Regions
[87.333s][info][gc,marking  ] GC(112) Concurrent Scan Root Regions 94.473ms
[87.334s][info][gc,marking  ] GC(112) Concurrent Mark
[87.334s][info][gc,marking  ] GC(112) Concurrent Mark From Roots
[87.334s][info][gc,task     ] GC(112) Using 1 workers of 1 for marking
[87.464s][info][gc,marking  ] GC(112) Concurrent Mark From Roots 130.828ms
[87.464s][info][gc,marking  ] GC(112) Concurrent Preclean
[87.464s][info][gc,marking  ] GC(112) Concurrent Preclean 0.043ms
[87.465s][info][gc,start    ] GC(112) Pause Remark
[87.479s][info][gc          ] GC(112) Pause Remark 148M->145M(324M) 13.942ms
[87.479s][info][gc,cpu      ] GC(112) User=0.03s Sys=0.00s Real=0.02s
[87.479s][info][gc,marking  ] GC(112) Concurrent Mark 145.503ms
[87.479s][info][gc,marking  ] GC(112) Concurrent Rebuild Remembered Sets and Scrub Regions
[87.599s][info][gc,marking  ] GC(112) Concurrent Rebuild Remembered Sets and Scrub Regions 119.915ms
[87.599s][info][gc,start    ] GC(112) Pause Cleanup
[87.599s][info][gc          ] GC(112) Pause Cleanup 154M->154M(324M) 0.054ms
[87.599s][info][gc,cpu      ] GC(112) User=0.00s Sys=0.00s Real=0.00s
[87.599s][info][gc,marking  ] GC(112) Concurrent Clear Claimed Marks
[87.599s][info][gc,marking  ] GC(112) Concurrent Clear Claimed Marks 0.041ms
[87.599s][info][gc,marking  ] GC(112) Concurrent Cleanup for Next Mark
[87.601s][info][gc,marking  ] GC(112) Concurrent Cleanup for Next Mark 1.676ms
[87.601s][info][gc          ] GC(112) Concurrent Mark Cycle 362.191ms
[88.508s][info][gc,start    ] GC(113) Pause Young (Prepare Mixed) (G1 Evacuation Pause)
[88.508s][info][gc,task     ] GC(113) Using 2 workers of 2 for evacuation
[88.566s][info][gc,phases   ] GC(113)   Pre Evacuate Collection Set: 0.22ms
[88.566s][info][gc,phases   ] GC(113)   Merge Heap Roots: 0.30ms
[88.566s][info][gc,phases   ] GC(113)   Evacuate Collection Set: 57.46ms
[88.566s][info][gc,phases   ] GC(113)   Post Evacuate Collection Set: 0.47ms
[88.566s][info][gc,phases   ] GC(113)   Other: 0.07ms
[88.566s][info][gc,heap     ] GC(113) Eden regions: 140->0(124)
[88.566s][info][gc,heap     ] GC(113) Survivor regions: 24->20(21)
[88.566s][info][gc,heap     ] GC(113) Old regions: 101->119
[88.566s][info][gc,heap     ] GC(113) Humongous regions: 15->13
[88.566s][info][gc,metaspace] GC(113) Metaspace: 41236K(41600K)->41236K(41600K) NonClass: 38432K(38656K)->38432K(38656K) Class: 2804K(2944K)->2804K(2944K)
[88.566s][info][gc          ] GC(113) Pause Young (Prepare Mixed) (G1 Evacuation Pause) 279M->151M(324M) 58.717ms
[88.566s][info][gc,cpu      ] GC(113) User=0.12s Sys=0.00s Real=0.05s
[89.359s][info][gc,start    ] GC(114) Pause Young (Mixed) (G1 Evacuation Pause)
[89.359s][info][gc,task     ] GC(114) Using 2 workers of 2 for evacuation
[89.389s][info][gc,phases   ] GC(114)   Pre Evacuate Collection Set: 0.17ms
[89.389s][info][gc,phases   ] GC(114)   Merge Heap Roots: 0.12ms
[89.389s][info][gc,phases   ] GC(114)   Evacuate Collection Set: 28.69ms
[89.389s][info][gc,phases   ] GC(114)   Post Evacuate Collection Set: 0.42ms
[89.389s][info][gc,phases   ] GC(114)   Other: 0.08ms
[89.389s][info][gc,heap     ] GC(114) Eden regions: 124->0(127)
[89.389s][info][gc,heap     ] GC(114) Survivor regions: 20->5(18)
[89.389s][info][gc,heap     ] GC(114) Old regions: 119->136
[89.389s][info][gc,heap     ] GC(114) Humongous regions: 13->13
[89.389s][info][gc,metaspace] GC(114) Metaspace: 41239K(41600K)->41239K(41600K) NonClass: 38434K(38656K)->38434K(38656K) Class: 2804K(2944K)->2804K(2944K)
[89.389s][info][gc          ] GC(114) Pause Young (Mixed) (G1 Evacuation Pause) 275M->153M(324M) 29.700ms
[89.389s][info][gc,cpu      ] GC(114) User=0.05s Sys=0.00s Real=0.03s
[90.229s][info][gc,start    ] GC(115) Pause Young (Concurrent Start) (G1 Evacuation Pause)
[90.229s][info][gc,task     ] GC(115) Using 2 workers of 2 for evacuation
[90.248s][info][gc,phases   ] GC(115)   Pre Evacuate Collection Set: 0.21ms
[90.248s][info][gc,phases   ] GC(115)   Merge Heap Roots: 0.07ms
[90.248s][info][gc,phases   ] GC(115)   Evacuate Collection Set: 18.09ms
[90.248s][info][gc,phases   ] GC(115)   Post Evacuate Collection Set: 0.48ms
[90.248s][info][gc,phases   ] GC(115)   Other: 0.08ms
[90.248s][info][gc,heap     ] GC(115) Eden regions: 127->0(123)
[90.248s][info][gc,heap     ] GC(115) Survivor regions: 5->15(17)
[90.248s][info][gc,heap     ] GC(115) Old regions: 136->136
[90.248s][info][gc,heap     ] GC(115) Humongous regions: 13->13
[90.248s][info][gc,metaspace] GC(115) Metaspace: 41239K(41600K)->41239K(41600K) NonClass: 38434K(38656K)->38434K(38656K) Class: 2804K(2944K)->2804K(2944K)
[90.248s][info][gc          ] GC(115) Pause Young (Concurrent Start) (G1 Evacuation Pause) 280M->163M(324M) 19.130ms
[90.248s][info][gc,cpu      ] GC(115) User=0.04s Sys=0.00s Real=0.02s
[90.250s][info][gc          ] GC(116) Concurrent Mark Cycle
[90.250s][info][gc,marking  ] GC(116) Concurrent Scan Root Regions
[90.266s][info][gc,marking  ] GC(116) Concurrent Scan Root Regions 16.460ms
[90.266s][info][gc,marking  ] GC(116) Concurrent Mark
[90.266s][info][gc,marking  ] GC(116) Concurrent Mark From Roots
[90.266s][info][gc,task     ] GC(116) Using 1 workers of 1 for marking
[90.349s][info][gc,marking  ] GC(116) Concurrent Mark From Roots 83.236ms
[90.349s][info][gc,marking  ] GC(116) Concurrent Preclean
[90.350s][info][gc,marking  ] GC(116) Concurrent Preclean 0.041ms
[90.350s][info][gc,start    ] GC(116) Pause Remark
[90.364s][info][gc          ] GC(116) Pause Remark 173M->74M(256M) 13.985ms
[90.364s][info][gc,cpu      ] GC(116) User=0.02s Sys=0.00s Real=0.01s
[90.366s][info][gc,marking  ] GC(116) Concurrent Mark 99.499ms
[90.366s][info][gc,marking  ] GC(116) Concurrent Rebuild Remembered Sets and Scrub Regions
[90.396s][info][gc,marking  ] GC(116) Concurrent Rebuild Remembered Sets and Scrub Regions 29.913ms
[90.396s][info][gc,start    ] GC(116) Pause Cleanup
[90.396s][info][gc          ] GC(116) Pause Cleanup 76M->76M(256M) 0.046ms
[90.396s][info][gc,cpu      ] GC(116) User=0.00s Sys=0.00s Real=0.00s
[90.396s][info][gc,marking  ] GC(116) Concurrent Clear Claimed Marks
[90.396s][info][gc,marking  ] GC(116) Concurrent Clear Claimed Marks 0.039ms
[90.396s][info][gc,marking  ] GC(116) Concurrent Cleanup for Next Mark
[90.397s][info][gc,marking  ] GC(116) Concurrent Cleanup for Next Mark 0.781ms
[90.397s][info][gc          ] GC(116) Concurrent Mark Cycle 146.962ms
[91.072s][info][gc,start    ] GC(117) Pause Young (Prepare Mixed) (G1 Evacuation Pause)
[91.072s][info][gc,task     ] GC(117) Using 2 workers of 2 for evacuation
[91.088s][info][gc,phases   ] GC(117)   Pre Evacuate Collection Set: 0.16ms
[91.088s][info][gc,phases   ] GC(117)   Merge Heap Roots: 0.08ms
[91.088s][info][gc,phases   ] GC(117)   Evacuate Collection Set: 15.64ms
[91.088s][info][gc,phases   ] GC(117)   Post Evacuate Collection Set: 0.36ms
[91.088s][info][gc,phases   ] GC(117)   Other: 0.07ms
[91.088s][info][gc,heap     ] GC(117) Eden regions: 123->0(139)
[91.088s][info][gc,heap     ] GC(117) Survivor regions: 15->14(18)
[91.088s][info][gc,heap     ] GC(117) Old regions: 49->53
[91.088s][info][gc,heap     ] GC(117) Humongous regions: 1->1
[91.088s][info][gc,metaspace] GC(117) Metaspace: 41239K(41664K)->41239K(41664K) NonClass: 38435K(38720K)->38435K(38720K) Class: 2804K(2944K)->2804K(2944K)
[91.088s][info][gc          ] GC(117) Pause Young (Prepare Mixed) (G1 Evacuation Pause) 187M->67M(256M) 16.480ms
[91.088s][info][gc,cpu      ] GC(117) User=0.03s Sys=0.00s Real=0.02s
[91.828s][info][gc,start    ] GC(118) Pause Young (Mixed) (G1 Evacuation Pause)
[91.828s][info][gc,task     ] GC(118) Using 2 workers of 2 for evacuation
[91.852s][info][gc,phases   ] GC(118)   Pre Evacuate Collection Set: 0.14ms
[91.852s][info][gc,phases   ] GC(118)   Merge Heap Roots: 0.08ms
[91.852s][info][gc,phases   ] GC(118)   Evacuate Collection Set: 22.81ms
[91.852s][info][gc,phases   ] GC(118)   Post Evacuate Collection Set: 0.38ms
[91.852s][info][gc,phases   ] GC(118)   Other: 0.08ms
[91.852s][info][gc,heap     ] GC(118) Eden regions: 139->0(140)
[91.852s][info][gc,heap     ] GC(118) Survivor regions: 14->13(20)
[91.852s][info][gc,heap     ] GC(118) Old regions: 53->60
[91.852s][info][gc,heap     ] GC(118) Humongous regions: 1->1
[91.852s][info][gc,metaspace] GC(118) Metaspace: 41240K(41664K)->41240K(41664K) NonClass: 38435K(38720K)->38435K(38720K) Class: 2804K(2944K)->2804K(2944K)
[91.852s][info][gc          ] GC(118) Pause Young (Mixed) (G1 Evacuation Pause) 206M->72M(256M) 23.688ms
[91.852s][info][gc,cpu      ] GC(118) User=0.05s Sys=0.00s Real=0.02s
[92.407s][info][gc,start    ] GC(119) Pause Young (Concurrent Start) (G1 Humongous Allocation)
[92.407s][info][gc,task     ] GC(119) Using 2 workers of 2 for evacuation
[92.431s][info][gc,phases   ] GC(119)   Pre Evacuate Collection Set: 0.16ms
[92.431s][info][gc,phases   ] GC(119)   Merge Heap Roots: 0.05ms
[92.431s][info][gc,phases   ] GC(119)   Evacuate Collection Set: 22.70ms
[92.431s][info][gc,phases   ] GC(119)   Post Evacuate Collection Set: 0.47ms
[92.431s][info][gc,phases   ] GC(119)   Other: 0.10ms
[92.431s][info][gc,heap     ] GC(119) Eden regions: 88->0(136)
[92.431s][info][gc,heap     ] GC(119) Survivor regions: 13->9(20)
[92.431s][info][gc,heap     ] GC(119) Old regions: 60->72
[92.431s][info][gc,heap     ] GC(119) Humongous regions: 1->1
[92.431s][info][gc,metaspace] GC(119) Metaspace: 41241K(41664K)->41241K(41664K) NonClass: 38437K(38720K)->38437K(38720K) Class: 2804K(2944K)->2804K(2944K)
[92.431s][info][gc          ] GC(119) Pause Young (Concurrent Start) (G1 Humongous Allocation) 160M->81M(256M) 23.674ms
[92.431s][info][gc,cpu      ] GC(119) User=0.04s Sys=0.00s Real=0.02s
[92.431s][info][gc          ] GC(120) Concurrent Mark Cycle
[92.431s][info][gc,marking  ] GC(120) Concurrent Scan Root Regions
[92.457s][info][gc,marking  ] GC(120) Concurrent Scan Root Regions 25.624ms
[92.457s][info][gc,marking  ] GC(120) Concurrent Mark
[92.457s][info][gc,marking  ] GC(120) Concurrent Mark From Roots
[92.457s][info][gc,task     ] GC(120) Using 1 workers of 1 for marking
[92.530s][info][gc,marking  ] GC(120) Concurrent Mark From Roots 73.194ms
[92.530s][info][gc,marking  ] GC(120) Concurrent Preclean
[92.530s][info][gc,marking  ] GC(120) Concurrent Preclean 0.041ms
[92.530s][info][gc,start    ] GC(120) Pause Remark
[92.546s][info][gc          ] GC(120) Pause Remark 97M->94M(256M) 15.343ms
[92.546s][info][gc,cpu      ] GC(120) User=0.03s Sys=0.00s Real=0.01s
[92.548s][info][gc,marking  ] GC(120) Concurrent Mark 90.981ms
[92.548s][info][gc,marking  ] GC(120) Concurrent Rebuild Remembered Sets and Scrub Regions
[92.587s][info][gc,marking  ] GC(120) Concurrent Rebuild Remembered Sets and Scrub Regions 38.780ms
[92.587s][info][gc,start    ] GC(120) Pause Cleanup
[92.587s][info][gc          ] GC(120) Pause Cleanup 98M->98M(256M) 0.063ms
[92.587s][info][gc,cpu      ] GC(120) User=0.00s Sys=0.00s Real=0.01s
[92.587s][info][gc,marking  ] GC(120) Concurrent Clear Claimed Marks
[92.587s][info][gc,marking  ] GC(120) Concurrent Clear Claimed Marks 0.043ms
[92.587s][info][gc,marking  ] GC(120) Concurrent Cleanup for Next Mark
[92.588s][info][gc,marking  ] GC(120) Concurrent Cleanup for Next Mark 0.765ms
[92.588s][info][gc          ] GC(120) Concurrent Mark Cycle 156.653ms
[93.209s][info][gc,start    ] GC(121) Pause Young (Prepare Mixed) (G1 Evacuation Pause)
[93.209s][info][gc,task     ] GC(121) Using 2 workers of 2 for evacuation
[93.230s][info][gc,phases   ] GC(121)   Pre Evacuate Collection Set: 0.37ms
[93.230s][info][gc,phases   ] GC(121)   Merge Heap Roots: 0.13ms
[93.230s][info][gc,phases   ] GC(121)   Evacuate Collection Set: 19.82ms
[93.230s][info][gc,phases   ] GC(121)   Post Evacuate Collection Set: 0.37ms
[93.230s][info][gc,phases   ] GC(121)   Other: 0.08ms
[93.230s][info][gc,heap     ] GC(121) Eden regions: 136->0(133)
[93.230s][info][gc,heap     ] GC(121) Survivor regions: 9->15(19)
[93.230s][info][gc,heap     ] GC(121) Old regions: 69->69
[93.230s][info][gc,heap     ] GC(121) Humongous regions: 2->2
[93.230s][info][gc,metaspace] GC(121) Metaspace: 41241K(41664K)->41241K(41664K) NonClass: 38437K(38720K)->38437K(38720K) Class: 2804K(2944K)->2804K(2944K)
[93.230s][info][gc          ] GC(121) Pause Young (Prepare Mixed) (G1 Evacuation Pause) 215M->85M(256M) 20.972ms
[93.230s][info][gc,cpu      ] GC(121) User=0.03s Sys=0.00s Real=0.02s
[94.011s][info][gc,start    ] GC(122) Pause Young (Mixed) (G1 Evacuation Pause)
[94.011s][info][gc,task     ] GC(122) Using 2 workers of 2 for evacuation
[94.029s][info][gc,phases   ] GC(122)   Pre Evacuate Collection Set: 0.21ms
[94.029s][info][gc,phases   ] GC(122)   Merge Heap Roots: 0.19ms
[94.029s][info][gc,phases   ] GC(122)   Evacuate Collection Set: 17.37ms
[94.029s][info][gc,phases   ] GC(122)   Post Evacuate Collection Set: 0.40ms
[94.029s][info][gc,phases   ] GC(122)   Other: 0.07ms
[94.029s][info][gc,heap     ] GC(122) Eden regions: 133->0(147)
[94.029s][info][gc,heap     ] GC(122) Survivor regions: 15->4(19)
[94.029s][info][gc,heap     ] GC(122) Old regions: 69->62
[94.029s][info][gc,heap     ] GC(122) Humongous regions: 2->2
[94.029s][info][gc,metaspace] GC(122) Metaspace: 41242K(41664K)->41242K(41664K) NonClass: 38438K(38720K)->38438K(38720K) Class: 2804K(2944K)->2804K(2944K)
[94.030s][info][gc          ] GC(122) Pause Young (Mixed) (G1 Evacuation Pause) 218M->67M(256M) 18.403ms
[94.030s][info][gc,cpu      ] GC(122) User=0.03s Sys=0.00s Real=0.02s
[94.164s][info][gc,start    ] GC(123) Pause Young (Concurrent Start) (G1 Humongous Allocation)
[94.164s][info][gc,task     ] GC(123) Using 2 workers of 2 for evacuation
[94.173s][info][gc,phases   ] GC(123)   Pre Evacuate Collection Set: 0.15ms
[94.173s][info][gc,phases   ] GC(123)   Merge Heap Roots: 0.06ms
[94.173s][info][gc,phases   ] GC(123)   Evacuate Collection Set: 8.35ms
[94.173s][info][gc,phases   ] GC(123)   Post Evacuate Collection Set: 0.29ms
[94.173s][info][gc,phases   ] GC(123)   Other: 0.08ms
[94.173s][info][gc,heap     ] GC(123) Eden regions: 27->0(142)
[94.173s][info][gc,heap     ] GC(123) Survivor regions: 4->10(19)
[94.173s][info][gc,heap     ] GC(123) Old regions: 62->62
[94.173s][info][gc,heap     ] GC(123) Humongous regions: 2->2
[94.173s][info][gc,metaspace] GC(123) Metaspace: 41242K(41664K)->41242K(41664K) NonClass: 38438K(38720K)->38438K(38720K) Class: 2804K(2944K)->2804K(2944K)
[94.173s][info][gc          ] GC(123) Pause Young (Concurrent Start) (G1 Humongous Allocation) 94M->74M(256M) 9.073ms
[94.173s][info][gc,cpu      ] GC(123) User=0.02s Sys=0.00s Real=0.01s
[94.173s][info][gc          ] GC(124) Concurrent Mark Cycle
[94.173s][info][gc,marking  ] GC(124) Concurrent Scan Root Regions
[94.179s][info][gc,marking  ] GC(124) Concurrent Scan Root Regions 6.205ms
[94.179s][info][gc,marking  ] GC(124) Concurrent Mark
[94.180s][info][gc,marking  ] GC(124) Concurrent Mark From Roots
[94.180s][info][gc,task     ] GC(124) Using 1 workers of 1 for marking
[94.216s][info][gc,marking  ] GC(124) Concurrent Mark From Roots 36.298ms
[94.216s][info][gc,marking  ] GC(124) Concurrent Preclean
[94.216s][info][gc,marking  ] GC(124) Concurrent Preclean 0.050ms
[94.216s][info][gc,start    ] GC(124) Pause Remark
[94.230s][info][gc          ] GC(124) Pause Remark 92M->79M(256M) 14.109ms
[94.230s][info][gc,cpu      ] GC(124) User=0.03s Sys=0.00s Real=0.02s
[94.230s][info][gc,marking  ] GC(124) Concurrent Mark 50.733ms
[94.230s][info][gc,marking  ] GC(124) Concurrent Rebuild Remembered Sets and Scrub Regions
[94.243s][info][gc,marking  ] GC(124) Concurrent Rebuild Remembered Sets and Scrub Regions 12.776ms
[94.243s][info][gc,start    ] GC(124) Pause Cleanup
[94.243s][info][gc          ] GC(124) Pause Cleanup 85M->85M(256M) 0.037ms
[94.243s][info][gc,cpu      ] GC(124) User=0.00s Sys=0.00s Real=0.00s
[94.243s][info][gc,marking  ] GC(124) Concurrent Clear Claimed Marks
[94.243s][info][gc,marking  ] GC(124) Concurrent Clear Claimed Marks 0.032ms
[94.243s][info][gc,marking  ] GC(124) Concurrent Cleanup for Next Mark
[94.244s][info][gc,marking  ] GC(124) Concurrent Cleanup for Next Mark 0.755ms
[94.244s][info][gc          ] GC(124) Concurrent Mark Cycle 70.803ms
[94.524s][info][gc,start    ] GC(125) Pause Young (Prepare Mixed) (G1 Evacuation Pause)
[94.524s][info][gc,task     ] GC(125) Using 2 workers of 2 for evacuation
[94.543s][info][gc,phases   ] GC(125)   Pre Evacuate Collection Set: 0.16ms
[94.543s][info][gc,phases   ] GC(125)   Merge Heap Roots: 0.08ms
[94.543s][info][gc,phases   ] GC(125)   Evacuate Collection Set: 18.94ms
[94.543s][info][gc,phases   ] GC(125)   Post Evacuate Collection Set: 0.37ms
[94.543s][info][gc,phases   ] GC(125)   Other: 0.07ms
[94.543s][info][gc,heap     ] GC(125) Eden regions: 142->0(135)
[94.543s][info][gc,heap     ] GC(125) Survivor regions: 10->18(19)
[94.543s][info][gc,heap     ] GC(125) Old regions: 50->51
[94.543s][info][gc,heap     ] GC(125) Humongous regions: 4->4
[94.543s][info][gc,metaspace] GC(125) Metaspace: 41242K(41664K)->41242K(41664K) NonClass: 38438K(38720K)->38438K(38720K) Class: 2804K(2944K)->2804K(2944K)
[94.544s][info][gc          ] GC(125) Pause Young (Prepare Mixed) (G1 Evacuation Pause) 206M->72M(256M) 19.846ms
[94.544s][info][gc,cpu      ] GC(125) User=0.04s Sys=0.00s Real=0.02s
[94.863s][info][gc,start    ] GC(126) Pause Young (Mixed) (G1 Evacuation Pause)
[94.863s][info][gc,task     ] GC(126) Using 2 workers of 2 for evacuation
[94.901s][info][gc,phases   ] GC(126)   Pre Evacuate Collection Set: 0.16ms
[94.901s][info][gc,phases   ] GC(126)   Merge Heap Roots: 0.12ms
[94.901s][info][gc,phases   ] GC(126)   Evacuate Collection Set: 36.40ms
[94.901s][info][gc,phases   ] GC(126)   Post Evacuate Collection Set: 0.44ms
[94.901s][info][gc,phases   ] GC(126)   Other: 0.08ms
[94.901s][info][gc,heap     ] GC(126) Eden regions: 135->0(136)
[94.901s][info][gc,heap     ] GC(126) Survivor regions: 18->17(20)
[94.901s][info][gc,heap     ] GC(126) Old regions: 51->55
[94.901s][info][gc,heap     ] GC(126) Humongous regions: 6->6
[94.901s][info][gc,metaspace] GC(126) Metaspace: 41242K(41664K)->41242K(41664K) NonClass: 38438K(38720K)->38438K(38720K) Class: 2804K(2944K)->2804K(2944K)
[94.901s][info][gc          ] GC(126) Pause Young (Mixed) (G1 Evacuation Pause) 209M->77M(256M) 37.431ms
[94.901s][info][gc,cpu      ] GC(126) User=0.07s Sys=0.00s Real=0.04s
[95.195s][info][gc,start    ] GC(127) Pause Young (Concurrent Start) (G1 Evacuation Pause)
[95.195s][info][gc,task     ] GC(127) Using 2 workers of 2 for evacuation
[95.230s][info][gc,phases   ] GC(127)   Pre Evacuate Collection Set: 0.18ms
[95.230s][info][gc,phases   ] GC(127)   Merge Heap Roots: 0.08ms
[95.230s][info][gc,phases   ] GC(127)   Evacuate Collection Set: 34.21ms
[95.230s][info][gc,phases   ] GC(127)   Post Evacuate Collection Set: 0.40ms
[95.230s][info][gc,phases   ] GC(127)   Other: 0.09ms
[95.230s][info][gc,heap     ] GC(127) Eden regions: 136->0(126)
[95.231s][info][gc,heap     ] GC(127) Survivor regions: 17->16(20)
[95.231s][info][gc,heap     ] GC(127) Old regions: 55->71
[95.231s][info][gc,heap     ] GC(127) Humongous regions: 6->6
[95.231s][info][gc,metaspace] GC(127) Metaspace: 41242K(41664K)->41242K(41664K) NonClass: 38438K(38720K)->38438K(38720K) Class: 2804K(2944K)->2804K(2944K)
[95.231s][info][gc          ] GC(127) Pause Young (Concurrent Start) (G1 Evacuation Pause) 213M->93M(256M) 35.175ms
[95.231s][info][gc,cpu      ] GC(127) User=0.07s Sys=0.00s Real=0.04s
[95.233s][info][gc          ] GC(128) Concurrent Mark Cycle
[95.233s][info][gc,marking  ] GC(128) Concurrent Scan Root Regions
[95.256s][info][gc,marking  ] GC(128) Concurrent Scan Root Regions 23.372ms
[95.256s][info][gc,marking  ] GC(128) Concurrent Mark
[95.256s][info][gc,marking  ] GC(128) Concurrent Mark From Roots
[95.256s][info][gc,task     ] GC(128) Using 1 workers of 1 for marking
[95.311s][info][gc,marking  ] GC(128) Concurrent Mark From Roots 55.084ms
[95.311s][info][gc,marking  ] GC(128) Concurrent Preclean
[95.311s][info][gc,marking  ] GC(128) Concurrent Preclean 0.038ms
[95.311s][info][gc,start    ] GC(128) Pause Remark
[95.325s][info][gc          ] GC(128) Pause Remark 127M->126M(256M) 13.562ms
[95.325s][info][gc,cpu      ] GC(128) User=0.03s Sys=0.00s Real=0.01s
[95.325s][info][gc,marking  ] GC(128) Concurrent Mark 68.928ms
[95.325s][info][gc,marking  ] GC(128) Concurrent Rebuild Remembered Sets and Scrub Regions
[95.363s][info][gc,marking  ] GC(128) Concurrent Rebuild Remembered Sets and Scrub Regions 37.946ms
[95.363s][info][gc,start    ] GC(128) Pause Cleanup
[95.363s][info][gc          ] GC(128) Pause Cleanup 145M->145M(256M) 0.037ms
[95.363s][info][gc,cpu      ] GC(128) User=0.00s Sys=0.00s Real=0.00s
[95.363s][info][gc,marking  ] GC(128) Concurrent Clear Claimed Marks
[95.363s][info][gc,marking  ] GC(128) Concurrent Clear Claimed Marks 0.034ms
[95.363s][info][gc,marking  ] GC(128) Concurrent Cleanup for Next Mark
[95.364s][info][gc,marking  ] GC(128) Concurrent Cleanup for Next Mark 0.739ms
[95.364s][info][gc          ] GC(128) Concurrent Mark Cycle 131.335ms
[95.529s][info][gc,start    ] GC(129) Pause Young (Prepare Mixed) (G1 Evacuation Pause)
[95.529s][info][gc,task     ] GC(129) Using 2 workers of 2 for evacuation
[95.560s][info][gc,phases   ] GC(129)   Pre Evacuate Collection Set: 0.13ms
[95.560s][info][gc,phases   ] GC(129)   Merge Heap Roots: 0.09ms
[95.560s][info][gc,phases   ] GC(129)   Evacuate Collection Set: 30.74ms
[95.560s][info][gc,phases   ] GC(129)   Post Evacuate Collection Set: 0.42ms
[95.560s][info][gc,phases   ] GC(129)   Other: 0.09ms
[95.560s][info][gc,heap     ] GC(129) Eden regions: 126->0(115)
[95.560s][info][gc,heap     ] GC(129) Survivor regions: 16->15(18)
[95.560s][info][gc,heap     ] GC(129) Old regions: 71->87
[95.560s][info][gc,heap     ] GC(129) Humongous regions: 5->5
[95.560s][info][gc,metaspace] GC(129) Metaspace: 41242K(41664K)->41242K(41664K) NonClass: 38438K(38720K)->38438K(38720K) Class: 2804K(2944K)->2804K(2944K)
[95.560s][info][gc          ] GC(129) Pause Young (Prepare Mixed) (G1 Evacuation Pause) 218M->107M(256M) 31.687ms
[95.560s][info][gc,cpu      ] GC(129) User=0.06s Sys=0.00s Real=0.03s
[95.852s][info][gc,start    ] GC(130) Pause Young (Mixed) (G1 Evacuation Pause)
[95.852s][info][gc,task     ] GC(130) Using 2 workers of 2 for evacuation
[95.902s][info][gc,phases   ] GC(130)   Pre Evacuate Collection Set: 0.16ms
[95.903s][info][gc,phases   ] GC(130)   Merge Heap Roots: 0.14ms
[95.903s][info][gc,phases   ] GC(130)   Evacuate Collection Set: 49.29ms
[95.903s][info][gc,phases   ] GC(130)   Post Evacuate Collection Set: 0.57ms
[95.903s][info][gc,phases   ] GC(130)   Other: 0.07ms
[95.903s][info][gc,heap     ] GC(130) Eden regions: 115->0(105)
[95.903s][info][gc,heap     ] GC(130) Survivor regions: 15->13(17)
[95.903s][info][gc,heap     ] GC(130) Old regions: 87->99
[95.903s][info][gc,heap     ] GC(130) Humongous regions: 9->9
[95.903s][info][gc,metaspace] GC(130) Metaspace: 41242K(41664K)->41242K(41664K) NonClass: 38438K(38720K)->38438K(38720K) Class: 2804K(2944K)->2804K(2944K)
[95.903s][info][gc          ] GC(130) Pause Young (Mixed) (G1 Evacuation Pause) 226M->120M(256M) 50.429ms
[95.903s][info][gc,cpu      ] GC(130) User=0.10s Sys=0.00s Real=0.05s
[96.183s][info][gc,start    ] GC(131) Pause Young (Concurrent Start) (G1 Humongous Allocation)
[96.183s][info][gc,task     ] GC(131) Using 2 workers of 2 for evacuation
[96.216s][info][gc,phases   ] GC(131)   Pre Evacuate Collection Set: 0.19ms
[96.216s][info][gc,phases   ] GC(131)   Merge Heap Roots: 0.10ms
[96.216s][info][gc,phases   ] GC(131)   Evacuate Collection Set: 31.46ms
[96.216s][info][gc,phases   ] GC(131)   Post Evacuate Collection Set: 1.50ms
[96.216s][info][gc,phases   ] GC(131)   Other: 0.12ms
[96.216s][info][gc,heap     ] GC(131) Eden regions: 59->0(189)
[96.216s][info][gc,heap     ] GC(131) Survivor regions: 13->15(15)
[96.216s][info][gc,heap     ] GC(131) Old regions: 99->114
[96.216s][info][gc,heap     ] GC(131) Humongous regions: 9->9
[96.216s][info][gc,metaspace] GC(131) Metaspace: 41242K(41664K)->41242K(41664K) NonClass: 38438K(38720K)->38438K(38720K) Class: 2804K(2944K)->2804K(2944K)
[96.216s][info][gc          ] GC(131) Pause Young (Concurrent Start) (G1 Humongous Allocation) 179M->137M(401M) 33.597ms
[96.216s][info][gc,cpu      ] GC(131) User=0.07s Sys=0.00s Real=0.03s
[96.216s][info][gc          ] GC(132) Concurrent Mark Cycle
[96.216s][info][gc,marking  ] GC(132) Concurrent Scan Root Regions
[96.254s][info][gc,marking  ] GC(132) Concurrent Scan Root Regions 37.296ms
[96.254s][info][gc,marking  ] GC(132) Concurrent Mark
[96.254s][info][gc,marking  ] GC(132) Concurrent Mark From Roots
[96.254s][info][gc,task     ] GC(132) Using 1 workers of 1 for marking
[96.372s][info][gc,marking  ] GC(132) Concurrent Mark From Roots 118.032ms
[96.372s][info][gc,marking  ] GC(132) Concurrent Preclean
[96.372s][info][gc,marking  ] GC(132) Concurrent Preclean 0.053ms
[96.372s][info][gc,start    ] GC(132) Pause Remark
[96.386s][info][gc          ] GC(132) Pause Remark 150M->148M(401M) 13.605ms
[96.386s][info][gc,cpu      ] GC(132) User=0.03s Sys=0.00s Real=0.01s
[96.386s][info][gc,marking  ] GC(132) Concurrent Mark 131.991ms
[96.386s][info][gc,marking  ] GC(132) Concurrent Rebuild Remembered Sets and Scrub Regions
[96.451s][info][gc,marking  ] GC(132) Concurrent Rebuild Remembered Sets and Scrub Regions 65.334ms
[96.451s][info][gc,start    ] GC(132) Pause Cleanup
[96.451s][info][gc          ] GC(132) Pause Cleanup 155M->155M(401M) 0.062ms
[96.451s][info][gc,cpu      ] GC(132) User=0.00s Sys=0.00s Real=0.00s
[96.451s][info][gc,marking  ] GC(132) Concurrent Clear Claimed Marks
[96.451s][info][gc,marking  ] GC(132) Concurrent Clear Claimed Marks 0.042ms
[96.451s][info][gc,marking  ] GC(132) Concurrent Cleanup for Next Mark
[96.454s][info][gc,marking  ] GC(132) Concurrent Cleanup for Next Mark 2.639ms
[96.454s][info][gc          ] GC(132) Concurrent Mark Cycle 237.732ms
[97.655s][info][gc,start    ] GC(133) Pause Young (Prepare Mixed) (G1 Evacuation Pause)
[97.655s][info][gc,task     ] GC(133) Using 2 workers of 2 for evacuation
[97.685s][info][gc,phases   ] GC(133)   Pre Evacuate Collection Set: 1.61ms
[97.685s][info][gc,phases   ] GC(133)   Merge Heap Roots: 0.18ms
[97.685s][info][gc,phases   ] GC(133)   Evacuate Collection Set: 27.86ms
[97.685s][info][gc,phases   ] GC(133)   Post Evacuate Collection Set: 0.48ms
[97.685s][info][gc,phases   ] GC(133)   Other: 0.07ms
[97.685s][info][gc,heap     ] GC(133) Eden regions: 189->0(184)
[97.686s][info][gc,heap     ] GC(133) Survivor regions: 15->16(26)
[97.686s][info][gc,heap     ] GC(133) Old regions: 114->120
[97.686s][info][gc,heap     ] GC(133) Humongous regions: 15->13
[97.686s][info][gc,metaspace] GC(133) Metaspace: 41245K(41664K)->41245K(41664K) NonClass: 38440K(38720K)->38440K(38720K) Class: 2804K(2944K)->2804K(2944K)
[97.686s][info][gc          ] GC(133) Pause Young (Prepare Mixed) (G1 Evacuation Pause) 332M->148M(401M) 30.385ms
[97.686s][info][gc,cpu      ] GC(133) User=0.06s Sys=0.00s Real=0.03s
[98.582s][info][gc,start    ] GC(134) Pause Young (Mixed) (G1 Evacuation Pause)
[98.582s][info][gc,task     ] GC(134) Using 2 workers of 2 for evacuation
[98.597s][info][gc,phases   ] GC(134)   Pre Evacuate Collection Set: 0.23ms
[98.597s][info][gc,phases   ] GC(134)   Merge Heap Roots: 0.12ms
[98.597s][info][gc,phases   ] GC(134)   Evacuate Collection Set: 14.73ms
[98.597s][info][gc,phases   ] GC(134)   Post Evacuate Collection Set: 0.49ms
[98.597s][info][gc,phases   ] GC(134)   Other: 0.07ms
[98.597s][info][gc,heap     ] GC(134) Eden regions: 184->0(195)
[98.597s][info][gc,heap     ] GC(134) Survivor regions: 16->5(25)
[98.597s][info][gc,heap     ] GC(134) Old regions: 120->126
[98.597s][info][gc,heap     ] GC(134) Humongous regions: 13->13
[98.597s][info][gc,metaspace] GC(134) Metaspace: 41245K(41664K)->41245K(41664K) NonClass: 38441K(38720K)->38441K(38720K) Class: 2804K(2944K)->2804K(2944K)
[98.597s][info][gc          ] GC(134) Pause Young (Mixed) (G1 Evacuation Pause) 332M->143M(401M) 15.825ms
[98.597s][info][gc,cpu      ] GC(134) User=0.03s Sys=0.00s Real=0.02s
[99.715s][info][gc,start    ] GC(135) Pause Young (Concurrent Start) (G1 Evacuation Pause)
[99.715s][info][gc,task     ] GC(135) Using 2 workers of 2 for evacuation
[99.741s][info][gc,phases   ] GC(135)   Pre Evacuate Collection Set: 0.21ms
[99.741s][info][gc,phases   ] GC(135)   Merge Heap Roots: 0.11ms
[99.741s][info][gc,phases   ] GC(135)   Evacuate Collection Set: 24.61ms
[99.741s][info][gc,phases   ] GC(135)   Post Evacuate Collection Set: 0.42ms
[99.741s][info][gc,phases   ] GC(135)   Other: 0.12ms
[99.741s][info][gc,heap     ] GC(135) Eden regions: 195->0(180)
[99.741s][info][gc,heap     ] GC(135) Survivor regions: 5->25(25)
[99.741s][info][gc,heap     ] GC(135) Old regions: 126->127
[99.741s][info][gc,heap     ] GC(135) Humongous regions: 13->13
[99.741s][info][gc,metaspace] GC(135) Metaspace: 41245K(41664K)->41245K(41664K) NonClass: 38441K(38720K)->38441K(38720K) Class: 2804K(2944K)->2804K(2944K)
[99.741s][info][gc          ] GC(135) Pause Young (Concurrent Start) (G1 Evacuation Pause) 338M->165M(401M) 25.666ms
[99.741s][info][gc,cpu      ] GC(135) User=0.05s Sys=0.00s Real=0.03s
[99.741s][info][gc          ] GC(136) Concurrent Mark Cycle
[99.741s][info][gc,marking  ] GC(136) Concurrent Scan Root Regions
[99.773s][info][gc,marking  ] GC(136) Concurrent Scan Root Regions 32.072ms
[99.773s][info][gc,marking  ] GC(136) Concurrent Mark
[99.773s][info][gc,marking  ] GC(136) Concurrent Mark From Roots
[99.773s][info][gc,task     ] GC(136) Using 1 workers of 1 for marking
[99.811s][info][gc,marking  ] GC(136) Concurrent Mark From Roots 38.302ms
[99.812s][info][gc,marking  ] GC(136) Concurrent Preclean
[99.812s][info][gc,marking  ] GC(136) Concurrent Preclean 0.033ms
[99.812s][info][gc,start    ] GC(136) Pause Remark
[99.825s][info][gc          ] GC(136) Pause Remark 174M->80M(256M) 13.467ms
[99.825s][info][gc,cpu      ] GC(136) User=0.02s Sys=0.00s Real=0.01s
[99.825s][info][gc,marking  ] GC(136) Concurrent Mark 52.051ms
[99.825s][info][gc,marking  ] GC(136) Concurrent Rebuild Remembered Sets and Scrub Regions
[99.840s][info][gc,marking  ] GC(136) Concurrent Rebuild Remembered Sets and Scrub Regions 14.330ms
[99.840s][info][gc,start    ] GC(136) Pause Cleanup
[99.840s][info][gc          ] GC(136) Pause Cleanup 83M->83M(256M) 0.033ms
[99.840s][info][gc,cpu      ] GC(136) User=0.00s Sys=0.00s Real=0.00s
[99.840s][info][gc,marking  ] GC(136) Concurrent Clear Claimed Marks
[99.840s][info][gc,marking  ] GC(136) Concurrent Clear Claimed Marks 0.033ms
[99.840s][info][gc,marking  ] GC(136) Concurrent Cleanup for Next Mark
[99.840s][info][gc,marking  ] GC(136) Concurrent Cleanup for Next Mark 0.735ms
[99.840s][info][gc          ] GC(136) Concurrent Mark Cycle 99.447ms
[100.495s][info][gc,start    ] GC(137) Pause Young (Prepare Mixed) (G1 Evacuation Pause)
[100.495s][info][gc,task     ] GC(137) Using 2 workers of 2 for evacuation
[100.511s][info][gc,phases   ] GC(137)   Pre Evacuate Collection Set: 0.21ms
[100.511s][info][gc,phases   ] GC(137)   Merge Heap Roots: 0.14ms
[100.511s][info][gc,phases   ] GC(137)   Evacuate Collection Set: 15.38ms
[100.511s][info][gc,phases   ] GC(137)   Post Evacuate Collection Set: 0.39ms
[100.511s][info][gc,phases   ] GC(137)   Other: 0.07ms
[100.511s][info][gc,heap     ] GC(137) Eden regions: 128->0(142)
[100.511s][info][gc,heap     ] GC(137) Survivor regions: 25->11(20)
[100.511s][info][gc,heap     ] GC(137) Old regions: 45->52
[100.511s][info][gc,heap     ] GC(137) Humongous regions: 1->1
[100.511s][info][gc,metaspace] GC(137) Metaspace: 41245K(41664K)->41245K(41664K) NonClass: 38441K(38720K)->38441K(38720K) Class: 2804K(2944K)->2804K(2944K)
[100.511s][info][gc          ] GC(137) Pause Young (Prepare Mixed) (G1 Evacuation Pause) 199M->63M(256M) 16.403ms
[100.511s][info][gc,cpu      ] GC(137) User=0.03s Sys=0.00s Real=0.02s
[101.277s][info][gc,start    ] GC(138) Pause Young (Mixed) (G1 Evacuation Pause)
[101.277s][info][gc,task     ] GC(138) Using 2 workers of 2 for evacuation
[101.299s][info][gc,phases   ] GC(138)   Pre Evacuate Collection Set: 0.16ms
[101.299s][info][gc,phases   ] GC(138)   Merge Heap Roots: 0.06ms
[101.299s][info][gc,phases   ] GC(138)   Evacuate Collection Set: 21.13ms
[101.299s][info][gc,phases   ] GC(138)   Post Evacuate Collection Set: 0.39ms
[101.299s][info][gc,phases   ] GC(138)   Other: 0.08ms
[101.299s][info][gc,heap     ] GC(138) Eden regions: 142->0(138)
[101.299s][info][gc,heap     ] GC(138) Survivor regions: 11->15(20)
[101.299s][info][gc,heap     ] GC(138) Old regions: 52->59
[101.299s][info][gc,heap     ] GC(138) Humongous regions: 2->2
[101.299s][info][gc,metaspace] GC(138) Metaspace: 41245K(41664K)->41245K(41664K) NonClass: 38441K(38720K)->38441K(38720K) Class: 2804K(2944K)->2804K(2944K)
[101.299s][info][gc          ] GC(138) Pause Young (Mixed) (G1 Evacuation Pause) 206M->75M(256M) 21.999ms
[101.299s][info][gc,cpu      ] GC(138) User=0.04s Sys=0.00s Real=0.02s
[102.049s][info][gc,start    ] GC(139) Pause Young (Concurrent Start) (G1 Evacuation Pause)
[102.049s][info][gc,task     ] GC(139) Using 2 workers of 2 for evacuation
[102.074s][info][gc,phases   ] GC(139)   Pre Evacuate Collection Set: 0.19ms
[102.074s][info][gc,phases   ] GC(139)   Merge Heap Roots: 0.10ms
[102.074s][info][gc,phases   ] GC(139)   Evacuate Collection Set: 24.57ms
[102.074s][info][gc,phases   ] GC(139)   Post Evacuate Collection Set: 0.38ms
[102.074s][info][gc,phases   ] GC(139)   Other: 0.14ms
[102.074s][info][gc,heap     ] GC(139) Eden regions: 138->0(131)
[102.074s][info][gc,heap     ] GC(139) Survivor regions: 15->13(20)
[102.074s][info][gc,heap     ] GC(139) Old regions: 59->74
[102.074s][info][gc,heap     ] GC(139) Humongous regions: 2->2
[102.074s][info][gc,metaspace] GC(139) Metaspace: 41246K(41664K)->41246K(41664K) NonClass: 38441K(38720K)->38441K(38720K) Class: 2804K(2944K)->2804K(2944K)
[102.074s][info][gc          ] GC(139) Pause Young (Concurrent Start) (G1 Evacuation Pause) 213M->88M(256M) 25.585ms
[102.074s][info][gc,cpu      ] GC(139) User=0.05s Sys=0.00s Real=0.02s
[102.074s][info][gc          ] GC(140) Concurrent Mark Cycle
[102.074s][info][gc,marking  ] GC(140) Concurrent Scan Root Regions
[102.091s][info][gc,marking  ] GC(140) Concurrent Scan Root Regions 16.484ms
[102.091s][info][gc,marking  ] GC(140) Concurrent Mark
[102.091s][info][gc,marking  ] GC(140) Concurrent Mark From Roots
[102.091s][info][gc,task     ] GC(140) Using 1 workers of 1 for marking
[102.129s][info][gc,marking  ] GC(140) Concurrent Mark From Roots 37.949ms
[102.129s][info][gc,marking  ] GC(140) Concurrent Preclean
[102.129s][info][gc,marking  ] GC(140) Concurrent Preclean 0.035ms
[102.129s][info][gc,start    ] GC(140) Pause Remark
[102.145s][info][gc          ] GC(140) Pause Remark 95M->87M(256M) 16.514ms
[102.145s][info][gc,cpu      ] GC(140) User=0.03s Sys=0.00s Real=0.01s
[102.146s][info][gc,marking  ] GC(140) Concurrent Mark 54.697ms
[102.146s][info][gc,marking  ] GC(140) Concurrent Rebuild Remembered Sets and Scrub Regions
[102.170s][info][gc,marking  ] GC(140) Concurrent Rebuild Remembered Sets and Scrub Regions 24.572ms
[102.170s][info][gc,start    ] GC(140) Pause Cleanup
[102.170s][info][gc          ] GC(140) Pause Cleanup 91M->91M(256M) 0.041ms
[102.170s][info][gc,cpu      ] GC(140) User=0.00s Sys=0.00s Real=0.00s
[102.170s][info][gc,marking  ] GC(140) Concurrent Clear Claimed Marks
[102.170s][info][gc,marking  ] GC(140) Concurrent Clear Claimed Marks 0.036ms
[102.170s][info][gc,marking  ] GC(140) Concurrent Cleanup for Next Mark
[102.171s][info][gc,marking  ] GC(140) Concurrent Cleanup for Next Mark 0.777ms
[102.171s][info][gc          ] GC(140) Concurrent Mark Cycle 96.904ms
[102.903s][info][gc,start    ] GC(141) Pause Young (Prepare Mixed) (G1 Evacuation Pause)
[102.903s][info][gc,task     ] GC(141) Using 2 workers of 2 for evacuation
[102.929s][info][gc,phases   ] GC(141)   Pre Evacuate Collection Set: 0.19ms
[102.929s][info][gc,phases   ] GC(141)   Merge Heap Roots: 0.09ms
[102.929s][info][gc,phases   ] GC(141)   Evacuate Collection Set: 25.62ms
[102.929s][info][gc,phases   ] GC(141)   Post Evacuate Collection Set: 0.55ms
[102.929s][info][gc,phases   ] GC(141)   Other: 0.09ms
[102.929s][info][gc,heap     ] GC(141) Eden regions: 131->0(123)
[102.929s][info][gc,heap     ] GC(141) Survivor regions: 13->17(18)
[102.929s][info][gc,heap     ] GC(141) Old regions: 66->72
[102.929s][info][gc,heap     ] GC(141) Humongous regions: 6->4
[102.929s][info][gc,metaspace] GC(141) Metaspace: 41270K(41728K)->41270K(41728K) NonClass: 38465K(38784K)->38465K(38784K) Class: 2804K(2944K)->2804K(2944K)
[102.929s][info][gc          ] GC(141) Pause Young (Prepare Mixed) (G1 Evacuation Pause) 215M->92M(256M) 26.716ms
[102.929s][info][gc,cpu      ] GC(141) User=0.05s Sys=0.00s Real=0.03s
[103.924s][info][gc,start    ] GC(142) Pause Young (Mixed) (G1 Evacuation Pause)
[103.924s][info][gc,task     ] GC(142) Using 2 workers of 2 for evacuation
[103.936s][info][gc,phases   ] GC(142)   Pre Evacuate Collection Set: 0.32ms
[103.936s][info][gc,phases   ] GC(142)   Merge Heap Roots: 0.10ms
[103.936s][info][gc,phases   ] GC(142)   Evacuate Collection Set: 9.23ms
[103.936s][info][gc,phases   ] GC(142)   Post Evacuate Collection Set: 1.89ms
[103.936s][info][gc,phases   ] GC(142)   Other: 0.08ms
[103.936s][info][gc,heap     ] GC(142) Eden regions: 123->0(144)
[103.936s][info][gc,heap     ] GC(142) Survivor regions: 17->2(18)
[103.936s][info][gc,heap     ] GC(142) Old regions: 72->68
[103.936s][info][gc,heap     ] GC(142) Humongous regions: 20->4
[103.936s][info][gc,metaspace] GC(142) Metaspace: 41273K(41728K)->41273K(41728K) NonClass: 38469K(38784K)->38469K(38784K) Class: 2804K(2944K)->2804K(2944K)
[103.936s][info][gc          ] GC(142) Pause Young (Mixed) (G1 Evacuation Pause) 231M->73M(256M) 11.781ms
[103.936s][info][gc,cpu      ] GC(142) User=0.02s Sys=0.00s Real=0.01s
[104.041s][info][gc,start    ] GC(143) Pause Young (Concurrent Start) (G1 Humongous Allocation)
[104.041s][info][gc,task     ] GC(143) Using 2 workers of 2 for evacuation
[104.047s][info][gc,phases   ] GC(143)   Pre Evacuate Collection Set: 1.09ms
[104.047s][info][gc,phases   ] GC(143)   Merge Heap Roots: 0.05ms
[104.047s][info][gc,phases   ] GC(143)   Evacuate Collection Set: 4.95ms
[104.047s][info][gc,phases   ] GC(143)   Post Evacuate Collection Set: 0.29ms
[104.047s][info][gc,phases   ] GC(143)   Other: 0.09ms
[104.047s][info][gc,heap     ] GC(143) Eden regions: 19->0(142)
[104.047s][info][gc,heap     ] GC(143) Survivor regions: 2->8(19)
[104.047s][info][gc,heap     ] GC(143) Old regions: 68->68
[104.047s][info][gc,heap     ] GC(143) Humongous regions: 4->4
[104.047s][info][gc,metaspace] GC(143) Metaspace: 41273K(41728K)->41273K(41728K) NonClass: 38469K(38784K)->38469K(38784K) Class: 2804K(2944K)->2804K(2944K)
[104.047s][info][gc          ] GC(143) Pause Young (Concurrent Start) (G1 Humongous Allocation) 91M->79M(256M) 6.641ms
[104.047s][info][gc,cpu      ] GC(143) User=0.01s Sys=0.00s Real=0.01s
[104.047s][info][gc          ] GC(144) Concurrent Mark Cycle
[104.047s][info][gc,marking  ] GC(144) Concurrent Scan Root Regions
[104.051s][info][gc,marking  ] GC(144) Concurrent Scan Root Regions 3.608ms
[104.051s][info][gc,marking  ] GC(144) Concurrent Mark
[104.051s][info][gc,marking  ] GC(144) Concurrent Mark From Roots
[104.051s][info][gc,task     ] GC(144) Using 1 workers of 1 for marking
[104.138s][info][gc,marking  ] GC(144) Concurrent Mark From Roots 86.617ms
[104.138s][info][gc,marking  ] GC(144) Concurrent Preclean
[104.138s][info][gc,marking  ] GC(144) Concurrent Preclean 0.039ms
[104.138s][info][gc,start    ] GC(144) Pause Remark
[104.152s][info][gc          ] GC(144) Pause Remark 96M->88M(256M) 13.933ms
[104.152s][info][gc,cpu      ] GC(144) User=0.03s Sys=0.00s Real=0.01s
[104.152s][info][gc,marking  ] GC(144) Concurrent Mark 100.852ms
[104.152s][info][gc,marking  ] GC(144) Concurrent Rebuild Remembered Sets and Scrub Regions
[104.184s][info][gc,marking  ] GC(144) Concurrent Rebuild Remembered Sets and Scrub Regions 32.310ms
[104.187s][info][gc,start    ] GC(144) Pause Cleanup
[104.187s][info][gc          ] GC(144) Pause Cleanup 92M->92M(256M) 0.066ms
[104.187s][info][gc,cpu      ] GC(144) User=0.00s Sys=0.00s Real=0.00s
[104.187s][info][gc,marking  ] GC(144) Concurrent Clear Claimed Marks
[104.187s][info][gc,marking  ] GC(144) Concurrent Clear Claimed Marks 0.070ms
[104.187s][info][gc,marking  ] GC(144) Concurrent Cleanup for Next Mark
[104.188s][info][gc,marking  ] GC(144) Concurrent Cleanup for Next Mark 0.815ms
[104.188s][info][gc          ] GC(144) Concurrent Mark Cycle 140.475ms
[105.051s][info][gc,start    ] GC(145) Pause Young (Prepare Mixed) (G1 Evacuation Pause)
[105.051s][info][gc,task     ] GC(145) Using 2 workers of 2 for evacuation
[105.059s][info][gc,phases   ] GC(145)   Pre Evacuate Collection Set: 0.19ms
[105.059s][info][gc,phases   ] GC(145)   Merge Heap Roots: 0.06ms
[105.059s][info][gc,phases   ] GC(145)   Evacuate Collection Set: 7.42ms
[105.059s][info][gc,phases   ] GC(145)   Post Evacuate Collection Set: 0.38ms
[105.059s][info][gc,phases   ] GC(145)   Other: 0.07ms
[105.059s][info][gc,heap     ] GC(145) Eden regions: 142->0(145)
[105.059s][info][gc,heap     ] GC(145) Survivor regions: 8->8(19)
[105.059s][info][gc,heap     ] GC(145) Old regions: 61->61
[105.059s][info][gc,heap     ] GC(145) Humongous regions: 7->3
[105.059s][info][gc,metaspace] GC(145) Metaspace: 41283K(41728K)->41283K(41728K) NonClass: 38479K(38784K)->38479K(38784K) Class: 2804K(2944K)->2804K(2944K)
[105.059s][info][gc          ] GC(145) Pause Young (Prepare Mixed) (G1 Evacuation Pause) 217M->71M(256M) 8.291ms
[105.059s][info][gc,cpu      ] GC(145) User=0.02s Sys=0.00s Real=0.01s
[105.758s][info][gc,start    ] GC(146) Pause Young (Mixed) (G1 Evacuation Pause)
[105.758s][info][gc,task     ] GC(146) Using 2 workers of 2 for evacuation
[105.770s][info][gc,phases   ] GC(146)   Pre Evacuate Collection Set: 0.18ms
[105.770s][info][gc,phases   ] GC(146)   Merge Heap Roots: 0.07ms
[105.770s][info][gc,phases   ] GC(146)   Evacuate Collection Set: 11.54ms
[105.770s][info][gc,phases   ] GC(146)   Post Evacuate Collection Set: 0.44ms
[105.770s][info][gc,phases   ] GC(146)   Other: 0.09ms
[105.770s][info][gc,heap     ] GC(146) Eden regions: 145->0(139)
[105.770s][info][gc,heap     ] GC(146) Survivor regions: 8->14(20)
[105.770s][info][gc,heap     ] GC(146) Old regions: 61->43
[105.770s][info][gc,heap     ] GC(146) Humongous regions: 11->3
[105.770s][info][gc,metaspace] GC(146) Metaspace: 41291K(41728K)->41291K(41728K) NonClass: 38486K(38784K)->38486K(38784K) Class: 2804K(2944K)->2804K(2944K)
[105.770s][info][gc          ] GC(146) Pause Young (Mixed) (G1 Evacuation Pause) 224M->59M(256M) 12.489ms
[105.770s][info][gc,cpu      ] GC(146) User=0.02s Sys=0.00s Real=0.01s
[106.544s][info][gc,start    ] GC(147) Pause Young (Concurrent Start) (G1 Evacuation Pause)
[106.544s][info][gc,task     ] GC(147) Using 2 workers of 2 for evacuation
[106.569s][info][gc,phases   ] GC(147)   Pre Evacuate Collection Set: 0.18ms
[106.569s][info][gc,phases   ] GC(147)   Merge Heap Roots: 0.06ms
[106.569s][info][gc,phases   ] GC(147)   Evacuate Collection Set: 24.18ms
[106.569s][info][gc,phases   ] GC(147)   Post Evacuate Collection Set: 0.47ms
[106.569s][info][gc,phases   ] GC(147)   Other: 0.11ms
[106.569s][info][gc,heap     ] GC(147) Eden regions: 139->0(138)
[106.569s][info][gc,heap     ] GC(147) Survivor regions: 14->15(20)
[106.569s][info][gc,heap     ] GC(147) Old regions: 43->50
[106.569s][info][gc,heap     ] GC(147) Humongous regions: 3->3
[106.569s][info][gc,metaspace] GC(147) Metaspace: 41295K(41728K)->41295K(41728K) NonClass: 38491K(38784K)->38491K(38784K) Class: 2804K(2944K)->2804K(2944K)
[106.569s][info][gc          ] GC(147) Pause Young (Concurrent Start) (G1 Evacuation Pause) 198M->67M(256M) 25.189ms
[106.569s][info][gc,cpu      ] GC(147) User=0.04s Sys=0.00s Real=0.03s
[106.569s][info][gc          ] GC(148) Concurrent Mark Cycle
[106.572s][info][gc,marking  ] GC(148) Concurrent Scan Root Regions
[106.608s][info][gc,marking  ] GC(148) Concurrent Scan Root Regions 35.840ms
[106.608s][info][gc,marking  ] GC(148) Concurrent Mark
[106.608s][info][gc,marking  ] GC(148) Concurrent Mark From Roots
[106.608s][info][gc,task     ] GC(148) Using 1 workers of 1 for marking
[106.697s][info][gc,marking  ] GC(148) Concurrent Mark From Roots 89.357ms
[106.697s][info][gc,marking  ] GC(148) Concurrent Preclean
[106.697s][info][gc,marking  ] GC(148) Concurrent Preclean 0.038ms
[106.699s][info][gc,start    ] GC(148) Pause Remark
[106.720s][info][gc          ] GC(148) Pause Remark 77M->77M(256M) 20.966ms
[106.720s][info][gc,cpu      ] GC(148) User=0.04s Sys=0.00s Real=0.02s
[106.722s][info][gc,marking  ] GC(148) Concurrent Mark 114.074ms
[106.722s][info][gc,marking  ] GC(148) Concurrent Rebuild Remembered Sets and Scrub Regions
[106.753s][info][gc,marking  ] GC(148) Concurrent Rebuild Remembered Sets and Scrub Regions 31.312ms
[106.753s][info][gc,start    ] GC(148) Pause Cleanup
[106.753s][info][gc          ] GC(148) Pause Cleanup 81M->81M(256M) 0.062ms
[106.753s][info][gc,cpu      ] GC(148) User=0.00s Sys=0.00s Real=0.00s
[106.753s][info][gc,marking  ] GC(148) Concurrent Clear Claimed Marks
[106.753s][info][gc,marking  ] GC(148) Concurrent Clear Claimed Marks 0.040ms
[106.753s][info][gc,marking  ] GC(148) Concurrent Cleanup for Next Mark
[106.754s][info][gc,marking  ] GC(148) Concurrent Cleanup for Next Mark 0.807ms
[106.754s][info][gc          ] GC(148) Concurrent Mark Cycle 184.933ms
[107.510s][info][gc,start    ] GC(149) Pause Young (Prepare Mixed) (G1 Evacuation Pause)
[107.510s][info][gc,task     ] GC(149) Using 2 workers of 2 for evacuation
[107.539s][info][gc,phases   ] GC(149)   Pre Evacuate Collection Set: 0.15ms
[107.539s][info][gc,phases   ] GC(149)   Merge Heap Roots: 0.10ms
[107.539s][info][gc,phases   ] GC(149)   Evacuate Collection Set: 28.45ms
[107.539s][info][gc,phases   ] GC(149)   Post Evacuate Collection Set: 0.57ms
[107.539s][info][gc,phases   ] GC(149)   Other: 0.10ms
[107.539s][info][gc,heap     ] GC(149) Eden regions: 138->0(144)
[107.539s][info][gc,heap     ] GC(149) Survivor regions: 15->8(20)
[107.539s][info][gc,heap     ] GC(149) Old regions: 50->65
[107.539s][info][gc,heap     ] GC(149) Humongous regions: 17->3
[107.539s][info][gc,metaspace] GC(149) Metaspace: 41304K(41728K)->41304K(41728K) NonClass: 38499K(38784K)->38499K(38784K) Class: 2804K(2944K)->2804K(2944K)
[107.539s][info][gc          ] GC(149) Pause Young (Prepare Mixed) (G1 Evacuation Pause) 219M->75M(256M) 29.553ms
[107.539s][info][gc,cpu      ] GC(149) User=0.05s Sys=0.00s Real=0.03s
[108.305s][info][gc,start    ] GC(150) Pause Young (Mixed) (G1 Evacuation Pause)
[108.305s][info][gc,task     ] GC(150) Using 2 workers of 2 for evacuation
[108.318s][info][gc,phases   ] GC(150)   Pre Evacuate Collection Set: 0.18ms
[108.318s][info][gc,phases   ] GC(150)   Merge Heap Roots: 0.11ms
[108.318s][info][gc,phases   ] GC(150)   Evacuate Collection Set: 12.38ms
[108.318s][info][gc,phases   ] GC(150)   Post Evacuate Collection Set: 0.44ms
[108.318s][info][gc,phases   ] GC(150)   Other: 0.09ms
[108.318s][info][gc,heap     ] GC(150) Eden regions: 144->0(143)
[108.318s][info][gc,heap     ] GC(150) Survivor regions: 8->10(19)
[108.318s][info][gc,heap     ] GC(150) Old regions: 65->62
[108.318s][info][gc,heap     ] GC(150) Humongous regions: 13->3
[108.318s][info][gc,metaspace] GC(150) Metaspace: 41308K(41728K)->41308K(41728K) NonClass: 38504K(38784K)->38504K(38784K) Class: 2804K(2944K)->2804K(2944K)
[108.318s][info][gc          ] GC(150) Pause Young (Mixed) (G1 Evacuation Pause) 229M->75M(256M) 13.359ms
[108.318s][info][gc,cpu      ] GC(150) User=0.03s Sys=0.00s Real=0.02s
[108.415s][info][gc,start    ] GC(151) Pause Young (Concurrent Start) (G1 Humongous Allocation)
[108.415s][info][gc,task     ] GC(151) Using 2 workers of 2 for evacuation
[108.424s][info][gc,phases   ] GC(151)   Pre Evacuate Collection Set: 0.17ms
[108.424s][info][gc,phases   ] GC(151)   Merge Heap Roots: 0.07ms
[108.424s][info][gc,phases   ] GC(151)   Evacuate Collection Set: 7.22ms
[108.424s][info][gc,phases   ] GC(151)   Post Evacuate Collection Set: 1.00ms
[108.424s][info][gc,phases   ] GC(151)   Other: 0.08ms
[108.424s][info][gc,heap     ] GC(151) Eden regions: 23->0(148)
[108.424s][info][gc,heap     ] GC(151) Survivor regions: 10->5(20)
[108.424s][info][gc,heap     ] GC(151) Old regions: 62->62
[108.424s][info][gc,heap     ] GC(151) Humongous regions: 3->1
[108.424s][info][gc,metaspace] GC(151) Metaspace: 41309K(41728K)->41309K(41728K) NonClass: 38504K(38784K)->38504K(38784K) Class: 2804K(2944K)->2804K(2944K)
[108.424s][info][gc          ] GC(151) Pause Young (Concurrent Start) (G1 Humongous Allocation) 97M->67M(256M) 8.719ms
[108.424s][info][gc,cpu      ] GC(151) User=0.02s Sys=0.00s Real=0.01s
[108.424s][info][gc          ] GC(152) Concurrent Mark Cycle
[108.424s][info][gc,marking  ] GC(152) Concurrent Scan Root Regions
[108.434s][info][gc,marking  ] GC(152) Concurrent Scan Root Regions 9.908ms
[108.434s][info][gc,marking  ] GC(152) Concurrent Mark
[108.434s][info][gc,marking  ] GC(152) Concurrent Mark From Roots
[108.434s][info][gc,task     ] GC(152) Using 1 workers of 1 for marking
[108.530s][info][gc,marking  ] GC(152) Concurrent Mark From Roots 96.393ms
[108.530s][info][gc,marking  ] GC(152) Concurrent Preclean
[108.530s][info][gc,marking  ] GC(152) Concurrent Preclean 0.048ms
[108.537s][info][gc,start    ] GC(152) Pause Remark
[108.556s][info][gc          ] GC(152) Pause Remark 79M->79M(256M) 19.479ms
[108.556s][info][gc,cpu      ] GC(152) User=0.03s Sys=0.00s Real=0.01s
[108.559s][info][gc,marking  ] GC(152) Concurrent Mark 124.996ms
[108.559s][info][gc,marking  ] GC(152) Concurrent Rebuild Remembered Sets and Scrub Regions
[108.629s][info][gc,marking  ] GC(152) Concurrent Rebuild Remembered Sets and Scrub Regions 70.555ms
[108.630s][info][gc,start    ] GC(152) Pause Cleanup
[108.630s][info][gc          ] GC(152) Pause Cleanup 97M->97M(256M) 0.054ms
[108.630s][info][gc,cpu      ] GC(152) User=0.00s Sys=0.00s Real=0.00s
[108.630s][info][gc,marking  ] GC(152) Concurrent Clear Claimed Marks
[108.630s][info][gc,marking  ] GC(152) Concurrent Clear Claimed Marks 0.039ms
[108.630s][info][gc,marking  ] GC(152) Concurrent Cleanup for Next Mark
[108.631s][info][gc,marking  ] GC(152) Concurrent Cleanup for Next Mark 0.810ms
[108.631s][info][gc          ] GC(152) Concurrent Mark Cycle 206.760ms
[109.347s][info][gc,start    ] GC(153) Pause Young (Prepare Mixed) (G1 Evacuation Pause)
[109.347s][info][gc,task     ] GC(153) Using 2 workers of 2 for evacuation
[109.357s][info][gc,phases   ] GC(153)   Pre Evacuate Collection Set: 0.17ms
[109.357s][info][gc,phases   ] GC(153)   Merge Heap Roots: 0.16ms
[109.357s][info][gc,phases   ] GC(153)   Evacuate Collection Set: 9.41ms
[109.357s][info][gc,phases   ] GC(153)   Post Evacuate Collection Set: 0.42ms
[109.357s][info][gc,phases   ] GC(153)   Other: 0.09ms
[109.357s][info][gc,heap     ] GC(153) Eden regions: 148->0(142)
[109.357s][info][gc,heap     ] GC(153) Survivor regions: 5->11(20)
[109.357s][info][gc,heap     ] GC(153) Old regions: 62->62
[109.357s][info][gc,heap     ] GC(153) Humongous regions: 15->3
[109.357s][info][gc,metaspace] GC(153) Metaspace: 41320K(41728K)->41320K(41728K) NonClass: 38516K(38784K)->38516K(38784K) Class: 2804K(2944K)->2804K(2944K)
[109.358s][info][gc          ] GC(153) Pause Young (Prepare Mixed) (G1 Evacuation Pause) 229M->76M(256M) 10.418ms
[109.358s][info][gc,cpu      ] GC(153) User=0.02s Sys=0.00s Real=0.01s
[109.909s][info][gc,start    ] GC(154) Pause Young (Mixed) (G1 Evacuation Pause)
[109.909s][info][gc,task     ] GC(154) Using 2 workers of 2 for evacuation
[109.940s][info][gc,phases   ] GC(154)   Pre Evacuate Collection Set: 0.16ms
[109.940s][info][gc,phases   ] GC(154)   Merge Heap Roots: 0.27ms
[109.940s][info][gc,phases   ] GC(154)   Evacuate Collection Set: 29.98ms
[109.940s][info][gc,phases   ] GC(154)   Post Evacuate Collection Set: 0.49ms
[109.940s][info][gc,phases   ] GC(154)   Other: 0.08ms
[109.940s][info][gc,heap     ] GC(154) Eden regions: 142->0(131)
[109.940s][info][gc,heap     ] GC(154) Survivor regions: 11->20(20)
[109.940s][info][gc,heap     ] GC(154) Old regions: 62->66
[109.940s][info][gc,heap     ] GC(154) Humongous regions: 3->3
[109.940s][info][gc,metaspace] GC(154) Metaspace: 41324K(41728K)->41324K(41728K) NonClass: 38520K(38784K)->38520K(38784K) Class: 2804K(2944K)->2804K(2944K)
[109.940s][info][gc          ] GC(154) Pause Young (Mixed) (G1 Evacuation Pause) 218M->88M(256M) 31.188ms
[109.940s][info][gc,cpu      ] GC(154) User=0.06s Sys=0.00s Real=0.03s
[110.550s][info][gc,start    ] GC(155) Pause Young (Concurrent Start) (G1 Evacuation Pause)
[110.550s][info][gc,task     ] GC(155) Using 2 workers of 2 for evacuation
[110.573s][info][gc,phases   ] GC(155)   Pre Evacuate Collection Set: 0.16ms
[110.573s][info][gc,phases   ] GC(155)   Merge Heap Roots: 0.11ms
[110.573s][info][gc,phases   ] GC(155)   Evacuate Collection Set: 21.95ms
[110.573s][info][gc,phases   ] GC(155)   Post Evacuate Collection Set: 0.42ms
[110.573s][info][gc,phases   ] GC(155)   Other: 0.10ms
[110.573s][info][gc,heap     ] GC(155) Eden regions: 131->0(129)
[110.573s][info][gc,heap     ] GC(155) Survivor regions: 20->11(19)
[110.573s][info][gc,heap     ] GC(155) Old regions: 66->77
[110.573s][info][gc,heap     ] GC(155) Humongous regions: 3->3
[110.573s][info][gc,metaspace] GC(155) Metaspace: 41327K(41728K)->41327K(41728K) NonClass: 38522K(38784K)->38522K(38784K) Class: 2804K(2944K)->2804K(2944K)
[110.573s][info][gc          ] GC(155) Pause Young (Concurrent Start) (G1 Evacuation Pause) 219M->91M(256M) 22.912ms
[110.573s][info][gc          ] GC(156) Concurrent Mark Cycle
[110.573s][info][gc,marking  ] GC(156) Concurrent Scan Root Regions
[110.574s][info][gc,cpu      ] GC(155) User=0.04s Sys=0.00s Real=0.02s
[110.605s][info][gc,marking  ] GC(156) Concurrent Scan Root Regions 31.786ms
[110.605s][info][gc,marking  ] GC(156) Concurrent Mark
[110.605s][info][gc,marking  ] GC(156) Concurrent Mark From Roots
[110.605s][info][gc,task     ] GC(156) Using 1 workers of 1 for marking
[110.717s][info][gc,marking  ] GC(156) Concurrent Mark From Roots 112.361ms
[110.717s][info][gc,marking  ] GC(156) Concurrent Preclean
[110.717s][info][gc,marking  ] GC(156) Concurrent Preclean 0.041ms
[110.718s][info][gc,start    ] GC(156) Pause Remark
[110.733s][info][gc          ] GC(156) Pause Remark 116M->113M(256M) 15.185ms
[110.733s][info][gc,cpu      ] GC(156) User=0.03s Sys=0.00s Real=0.01s
[110.735s][info][gc,marking  ] GC(156) Concurrent Mark 129.762ms
[110.735s][info][gc,marking  ] GC(156) Concurrent Rebuild Remembered Sets and Scrub Regions
[110.766s][info][gc,marking  ] GC(156) Concurrent Rebuild Remembered Sets and Scrub Regions 31.208ms
[110.766s][info][gc,start    ] GC(156) Pause Cleanup
[110.766s][info][gc          ] GC(156) Pause Cleanup 119M->119M(256M) 0.064ms
[110.766s][info][gc,cpu      ] GC(156) User=0.00s Sys=0.00s Real=0.00s
[110.766s][info][gc,marking  ] GC(156) Concurrent Clear Claimed Marks
[110.766s][info][gc,marking  ] GC(156) Concurrent Clear Claimed Marks 0.132ms
[110.766s][info][gc,marking  ] GC(156) Concurrent Cleanup for Next Mark
[110.768s][info][gc,marking  ] GC(156) Concurrent Cleanup for Next Mark 1.373ms
[110.768s][info][gc          ] GC(156) Concurrent Mark Cycle 194.646ms
[111.146s][info][gc,start    ] GC(157) Pause Young (Prepare Mixed) (G1 Evacuation Pause)
[111.146s][info][gc,task     ] GC(157) Using 2 workers of 2 for evacuation
[111.172s][info][gc,phases   ] GC(157)   Pre Evacuate Collection Set: 0.15ms
[111.172s][info][gc,phases   ] GC(157)   Merge Heap Roots: 0.15ms
[111.172s][info][gc,phases   ] GC(157)   Evacuate Collection Set: 24.83ms
[111.172s][info][gc,phases   ] GC(157)   Post Evacuate Collection Set: 0.47ms
[111.172s][info][gc,phases   ] GC(157)   Other: 0.09ms
[111.172s][info][gc,heap     ] GC(157) Eden regions: 129->0(117)
[111.172s][info][gc,heap     ] GC(157) Survivor regions: 11->16(18)
[111.172s][info][gc,heap     ] GC(157) Old regions: 74->85
[111.172s][info][gc,heap     ] GC(157) Humongous regions: 7->3
[111.172s][info][gc,metaspace] GC(157) Metaspace: 41327K(41728K)->41327K(41728K) NonClass: 38523K(38784K)->38523K(38784K) Class: 2804K(2944K)->2804K(2944K)
[111.172s][info][gc          ] GC(157) Pause Young (Prepare Mixed) (G1 Evacuation Pause) 221M->103M(256M) 25.865ms
[111.172s][info][gc,cpu      ] GC(157) User=0.05s Sys=0.00s Real=0.03s
[111.855s][info][gc,start    ] GC(158) Pause Young (Mixed) (G1 Evacuation Pause)
[111.855s][info][gc,task     ] GC(158) Using 2 workers of 2 for evacuation
[111.867s][info][gc,phases   ] GC(158)   Pre Evacuate Collection Set: 0.17ms
[111.867s][info][gc,phases   ] GC(158)   Merge Heap Roots: 0.16ms
[111.867s][info][gc,phases   ] GC(158)   Evacuate Collection Set: 11.71ms
[111.867s][info][gc,phases   ] GC(158)   Post Evacuate Collection Set: 0.39ms
[111.867s][info][gc,phases   ] GC(158)   Other: 0.09ms
[111.867s][info][gc,heap     ] GC(158) Eden regions: 117->0(138)
[111.867s][info][gc,heap     ] GC(158) Survivor regions: 16->2(17)
[111.867s][info][gc,heap     ] GC(158) Old regions: 85->75
[111.867s][info][gc,heap     ] GC(158) Humongous regions: 11->3
[111.867s][info][gc,metaspace] GC(158) Metaspace: 41332K(41728K)->41332K(41728K) NonClass: 38527K(38784K)->38527K(38784K) Class: 2804K(2944K)->2804K(2944K)
[111.867s][info][gc          ] GC(158) Pause Young (Mixed) (G1 Evacuation Pause) 228M->80M(256M) 12.666ms
[111.867s][info][gc,cpu      ] GC(158) User=0.03s Sys=0.00s Real=0.02s
[112.058s][info][gc,start    ] GC(159) Pause Young (Concurrent Start) (G1 Humongous Allocation)
[112.058s][info][gc,task     ] GC(159) Using 2 workers of 2 for evacuation
[112.060s][info][gc,phases   ] GC(159)   Pre Evacuate Collection Set: 0.17ms
[112.060s][info][gc,phases   ] GC(159)   Merge Heap Roots: 0.04ms
[112.060s][info][gc,phases   ] GC(159)   Evacuate Collection Set: 1.67ms
[112.060s][info][gc,phases   ] GC(159)   Post Evacuate Collection Set: 0.37ms
[112.060s][info][gc,phases   ] GC(159)   Other: 0.08ms
[112.060s][info][gc,heap     ] GC(159) Eden regions: 50->0(146)
[112.061s][info][gc,heap     ] GC(159) Survivor regions: 2->2(18)
[112.061s][info][gc,heap     ] GC(159) Old regions: 75->75
[112.061s][info][gc,heap     ] GC(159) Humongous regions: 3->1
[112.061s][info][gc,metaspace] GC(159) Metaspace: 41332K(41728K)->41332K(41728K) NonClass: 38527K(38784K)->38527K(38784K) Class: 2804K(2944K)->2804K(2944K)
[112.061s][info][gc          ] GC(159) Pause Young (Concurrent Start) (G1 Humongous Allocation) 129M->77M(256M) 2.468ms
[112.061s][info][gc,cpu      ] GC(159) User=0.01s Sys=0.00s Real=0.00s
[112.061s][info][gc          ] GC(160) Concurrent Mark Cycle
[112.061s][info][gc,marking  ] GC(160) Concurrent Scan Root Regions
[112.066s][info][gc,marking  ] GC(160) Concurrent Scan Root Regions 5.091ms
[112.066s][info][gc,marking  ] GC(160) Concurrent Mark
[112.066s][info][gc,marking  ] GC(160) Concurrent Mark From Roots
[112.066s][info][gc,task     ] GC(160) Using 1 workers of 1 for marking
[112.148s][info][gc,marking  ] GC(160) Concurrent Mark From Roots 81.961ms
[112.148s][info][gc,marking  ] GC(160) Concurrent Preclean
[112.148s][info][gc,marking  ] GC(160) Concurrent Preclean 0.035ms
[112.149s][info][gc,start    ] GC(160) Pause Remark
[112.163s][info][gc          ] GC(160) Pause Remark 94M->88M(256M) 14.409ms
[112.163s][info][gc,cpu      ] GC(160) User=0.03s Sys=0.00s Real=0.01s
[112.163s][info][gc,marking  ] GC(160) Concurrent Mark 97.563ms
[112.163s][info][gc,marking  ] GC(160) Concurrent Rebuild Remembered Sets and Scrub Regions
[112.194s][info][gc,marking  ] GC(160) Concurrent Rebuild Remembered Sets and Scrub Regions 30.660ms
[112.194s][info][gc,start    ] GC(160) Pause Cleanup
[112.194s][info][gc          ] GC(160) Pause Cleanup 94M->94M(256M) 0.052ms
[112.194s][info][gc,cpu      ] GC(160) User=0.00s Sys=0.00s Real=0.00s
[112.194s][info][gc,marking  ] GC(160) Concurrent Clear Claimed Marks
[112.194s][info][gc,marking  ] GC(160) Concurrent Clear Claimed Marks 0.053ms
[112.194s][info][gc,marking  ] GC(160) Concurrent Cleanup for Next Mark
[112.195s][info][gc,marking  ] GC(160) Concurrent Cleanup for Next Mark 0.794ms
[112.195s][info][gc          ] GC(160) Concurrent Mark Cycle 134.671ms
[112.708s][info][gc,start    ] GC(161) Pause Young (Prepare Mixed) (G1 Evacuation Pause)
[112.708s][info][gc,task     ] GC(161) Using 2 workers of 2 for evacuation
[112.723s][info][gc,phases   ] GC(161)   Pre Evacuate Collection Set: 0.21ms
[112.723s][info][gc,phases   ] GC(161)   Merge Heap Roots: 0.12ms
[112.723s][info][gc,phases   ] GC(161)   Evacuate Collection Set: 14.03ms
[112.723s][info][gc,phases   ] GC(161)   Post Evacuate Collection Set: 0.38ms
[112.723s][info][gc,phases   ] GC(161)   Other: 0.10ms
[112.723s][info][gc,heap     ] GC(161) Eden regions: 146->0(135)
[112.723s][info][gc,heap     ] GC(161) Survivor regions: 2->15(19)
[112.723s][info][gc,heap     ] GC(161) Old regions: 69->69
[112.723s][info][gc,heap     ] GC(161) Humongous regions: 5->3
[112.723s][info][gc,metaspace] GC(161) Metaspace: 41333K(41728K)->41333K(41728K) NonClass: 38528K(38784K)->38528K(38784K) Class: 2804K(2944K)->2804K(2944K)
[112.723s][info][gc          ] GC(161) Pause Young (Prepare Mixed) (G1 Evacuation Pause) 221M->87M(256M) 14.997ms
[112.723s][info][gc,cpu      ] GC(161) User=0.03s Sys=0.00s Real=0.01s
[113.485s][info][gc,start    ] GC(162) Pause Young (Mixed) (G1 Evacuation Pause)
[113.485s][info][gc,task     ] GC(162) Using 2 workers of 2 for evacuation
[113.498s][info][gc,phases   ] GC(162)   Pre Evacuate Collection Set: 0.34ms
[113.498s][info][gc,phases   ] GC(162)   Merge Heap Roots: 0.10ms
[113.498s][info][gc,phases   ] GC(162)   Evacuate Collection Set: 12.22ms
[113.498s][info][gc,phases   ] GC(162)   Post Evacuate Collection Set: 0.41ms
[113.498s][info][gc,phases   ] GC(162)   Other: 0.07ms
[113.498s][info][gc,heap     ] GC(162) Eden regions: 135->0(145)
[113.498s][info][gc,heap     ] GC(162) Survivor regions: 15->8(19)
[113.498s][info][gc,heap     ] GC(162) Old regions: 69->50
[113.498s][info][gc,heap     ] GC(162) Humongous regions: 9->3
[113.498s][info][gc,metaspace] GC(162) Metaspace: 41338K(41728K)->41338K(41728K) NonClass: 38534K(38784K)->38534K(38784K) Class: 2804K(2944K)->2804K(2944K)
[113.498s][info][gc          ] GC(162) Pause Young (Mixed) (G1 Evacuation Pause) 228M->60M(256M) 13.308ms
[113.498s][info][gc,cpu      ] GC(162) User=0.02s Sys=0.00s Real=0.02s
[113.530s][info][gc,start    ] GC(163) Pause Young (Concurrent Start) (G1 Humongous Allocation)
[113.530s][info][gc,task     ] GC(163) Using 2 workers of 2 for evacuation
[113.532s][info][gc,phases   ] GC(163)   Pre Evacuate Collection Set: 0.16ms
[113.532s][info][gc,phases   ] GC(163)   Merge Heap Roots: 0.04ms
[113.532s][info][gc,phases   ] GC(163)   Evacuate Collection Set: 1.21ms
[113.532s][info][gc,phases   ] GC(163)   Post Evacuate Collection Set: 0.26ms
[113.532s][info][gc,phases   ] GC(163)   Other: 0.09ms
[113.532s][info][gc,heap     ] GC(163) Eden regions: 7->0(151)
[113.532s][info][gc,heap     ] GC(163) Survivor regions: 8->2(20)
[113.532s][info][gc,heap     ] GC(163) Old regions: 50->50
[113.532s][info][gc,heap     ] GC(163) Humongous regions: 3->1
[113.532s][info][gc,metaspace] GC(163) Metaspace: 41338K(41728K)->41338K(41728K) NonClass: 38534K(38784K)->38534K(38784K) Class: 2804K(2944K)->2804K(2944K)
[113.532s][info][gc          ] GC(163) Pause Young (Concurrent Start) (G1 Humongous Allocation) 67M->52M(256M) 1.926ms
[113.532s][info][gc          ] GC(164) Concurrent Mark Cycle
[113.532s][info][gc,marking  ] GC(164) Concurrent Scan Root Regions
[113.532s][info][gc,cpu      ] GC(163) User=0.00s Sys=0.00s Real=0.00s
[113.535s][info][gc,marking  ] GC(164) Concurrent Scan Root Regions 3.023ms
[113.535s][info][gc,marking  ] GC(164) Concurrent Mark
[113.535s][info][gc,marking  ] GC(164) Concurrent Mark From Roots
[113.535s][info][gc,task     ] GC(164) Using 1 workers of 1 for marking
[113.657s][info][gc,marking  ] GC(164) Concurrent Mark From Roots 121.580ms
[113.657s][info][gc,marking  ] GC(164) Concurrent Preclean
[113.657s][info][gc,marking  ] GC(164) Concurrent Preclean 0.036ms
[113.657s][info][gc,start    ] GC(164) Pause Remark
[113.672s][info][gc          ] GC(164) Pause Remark 80M->80M(256M) 15.170ms
[113.672s][info][gc,cpu      ] GC(164) User=0.03s Sys=0.00s Real=0.01s
[113.675s][info][gc,marking  ] GC(164) Concurrent Mark 139.684ms
[113.675s][info][gc,marking  ] GC(164) Concurrent Rebuild Remembered Sets and Scrub Regions
[113.705s][info][gc,marking  ] GC(164) Concurrent Rebuild Remembered Sets and Scrub Regions 29.766ms
[113.705s][info][gc,start    ] GC(164) Pause Cleanup
[113.705s][info][gc          ] GC(164) Pause Cleanup 87M->87M(256M) 0.043ms
[113.705s][info][gc,cpu      ] GC(164) User=0.00s Sys=0.00s Real=0.00s
[113.705s][info][gc,marking  ] GC(164) Concurrent Clear Claimed Marks
[113.705s][info][gc,marking  ] GC(164) Concurrent Clear Claimed Marks 0.037ms
[113.705s][info][gc,marking  ] GC(164) Concurrent Cleanup for Next Mark
[113.708s][info][gc,marking  ] GC(164) Concurrent Cleanup for Next Mark 2.815ms
[113.708s][info][gc          ] GC(164) Concurrent Mark Cycle 175.586ms
[114.155s][info][gc,start    ] GC(165) Pause Young (Prepare Mixed) (G1 Evacuation Pause)
[114.155s][info][gc,task     ] GC(165) Using 2 workers of 2 for evacuation
[114.168s][info][gc,phases   ] GC(165)   Pre Evacuate Collection Set: 0.17ms
[114.168s][info][gc,phases   ] GC(165)   Merge Heap Roots: 0.06ms
[114.168s][info][gc,phases   ] GC(165)   Evacuate Collection Set: 12.39ms
[114.168s][info][gc,phases   ] GC(165)   Post Evacuate Collection Set: 0.41ms
[114.168s][info][gc,phases   ] GC(165)   Other: 0.14ms
[114.168s][info][gc,heap     ] GC(165) Eden regions: 151->0(140)
[114.168s][info][gc,heap     ] GC(165) Survivor regions: 2->13(20)
[114.168s][info][gc,heap     ] GC(165) Old regions: 50->50
[114.168s][info][gc,heap     ] GC(165) Humongous regions: 5->3
[114.168s][info][gc,metaspace] GC(165) Metaspace: 41338K(41728K)->41338K(41728K) NonClass: 38534K(38784K)->38534K(38784K) Class: 2804K(2944K)->2804K(2944K)
[114.168s][info][gc          ] GC(165) Pause Young (Prepare Mixed) (G1 Evacuation Pause) 207M->65M(256M) 13.329ms
[114.168s][info][gc,cpu      ] GC(165) User=0.02s Sys=0.00s Real=0.02s
[114.764s][info][gc,start    ] GC(166) Pause Young (Mixed) (G1 Evacuation Pause)
[114.764s][info][gc,task     ] GC(166) Using 2 workers of 2 for evacuation
[114.776s][info][gc,phases   ] GC(166)   Pre Evacuate Collection Set: 0.18ms
[114.776s][info][gc,phases   ] GC(166)   Merge Heap Roots: 0.12ms
[114.776s][info][gc,phases   ] GC(166)   Evacuate Collection Set: 11.06ms
[114.776s][info][gc,phases   ] GC(166)   Post Evacuate Collection Set: 0.41ms
[114.776s][info][gc,phases   ] GC(166)   Other: 0.10ms
[114.776s][info][gc,heap     ] GC(166) Eden regions: 140->0(146)
[114.776s][info][gc,heap     ] GC(166) Survivor regions: 13->7(20)
[114.776s][info][gc,heap     ] GC(166) Old regions: 50->49
[114.776s][info][gc,heap     ] GC(166) Humongous regions: 7->3
[114.776s][info][gc,metaspace] GC(166) Metaspace: 41358K(41792K)->41358K(41792K) NonClass: 38553K(38848K)->38553K(38848K) Class: 2804K(2944K)->2804K(2944K)
[114.776s][info][gc          ] GC(166) Pause Young (Mixed) (G1 Evacuation Pause) 209M->58M(256M) 12.024ms
[114.776s][info][gc,cpu      ] GC(166) User=0.03s Sys=0.01s Real=0.01s
[114.882s][info][gc,start    ] GC(167) Pause Young (Concurrent Start) (G1 Humongous Allocation)
[114.882s][info][gc,task     ] GC(167) Using 2 workers of 2 for evacuation
[114.884s][info][gc,phases   ] GC(167)   Pre Evacuate Collection Set: 0.16ms
[114.884s][info][gc,phases   ] GC(167)   Merge Heap Roots: 0.04ms
[114.884s][info][gc,phases   ] GC(167)   Evacuate Collection Set: 1.48ms
[114.884s][info][gc,phases   ] GC(167)   Post Evacuate Collection Set: 0.24ms
[114.884s][info][gc,phases   ] GC(167)   Other: 0.10ms
[114.884s][info][gc,heap     ] GC(167) Eden regions: 19->0(151)
[114.884s][info][gc,heap     ] GC(167) Survivor regions: 7->2(20)
[114.884s][info][gc,heap     ] GC(167) Old regions: 49->49
[114.884s][info][gc,heap     ] GC(167) Humongous regions: 3->1
[114.884s][info][gc,metaspace] GC(167) Metaspace: 41358K(41792K)->41358K(41792K) NonClass: 38553K(38848K)->38553K(38848K) Class: 2804K(2944K)->2804K(2944K)
[114.884s][info][gc          ] GC(167) Pause Young (Concurrent Start) (G1 Humongous Allocation) 76M->51M(256M) 2.183ms
[114.885s][info][gc,cpu      ] GC(167) User=0.01s Sys=0.00s Real=0.00s
[114.885s][info][gc          ] GC(168) Concurrent Mark Cycle
[114.885s][info][gc,marking  ] GC(168) Concurrent Scan Root Regions
[114.887s][info][gc,marking  ] GC(168) Concurrent Scan Root Regions 1.689ms
[114.887s][info][gc,marking  ] GC(168) Concurrent Mark
[114.887s][info][gc,marking  ] GC(168) Concurrent Mark From Roots
[114.887s][info][gc,task     ] GC(168) Using 1 workers of 1 for marking
[114.960s][info][gc,marking  ] GC(168) Concurrent Mark From Roots 73.092ms
[114.960s][info][gc,marking  ] GC(168) Concurrent Preclean
[114.960s][info][gc,marking  ] GC(168) Concurrent Preclean 0.034ms
[114.960s][info][gc,start    ] GC(168) Pause Remark
[114.979s][info][gc          ] GC(168) Pause Remark 69M->69M(256M) 18.490ms
[114.979s][info][gc,cpu      ] GC(168) User=0.04s Sys=0.00s Real=0.02s
[114.979s][info][gc,marking  ] GC(168) Concurrent Mark 91.781ms
[114.979s][info][gc,marking  ] GC(168) Concurrent Rebuild Remembered Sets and Scrub Regions
[115.001s][info][gc,marking  ] GC(168) Concurrent Rebuild Remembered Sets and Scrub Regions 22.434ms
[115.001s][info][gc,start    ] GC(168) Pause Cleanup
[115.001s][info][gc          ] GC(168) Pause Cleanup 69M->69M(256M) 0.033ms
[115.001s][info][gc,cpu      ] GC(168) User=0.00s Sys=0.00s Real=0.00s
[115.001s][info][gc,marking  ] GC(168) Concurrent Clear Claimed Marks
[115.001s][info][gc,marking  ] GC(168) Concurrent Clear Claimed Marks 0.035ms
[115.001s][info][gc,marking  ] GC(168) Concurrent Cleanup for Next Mark
[115.002s][info][gc,marking  ] GC(168) Concurrent Cleanup for Next Mark 0.773ms
[115.002s][info][gc          ] GC(168) Concurrent Mark Cycle 117.744ms
[115.391s][info][gc,start    ] GC(169) Pause Young (Prepare Mixed) (G1 Evacuation Pause)
[115.392s][info][gc,task     ] GC(169) Using 2 workers of 2 for evacuation
[115.424s][info][gc,phases   ] GC(169)   Pre Evacuate Collection Set: 0.73ms
[115.424s][info][gc,phases   ] GC(169)   Merge Heap Roots: 0.06ms
[115.424s][info][gc,phases   ] GC(169)   Evacuate Collection Set: 31.42ms
[115.424s][info][gc,phases   ] GC(169)   Post Evacuate Collection Set: 0.49ms
[115.424s][info][gc,phases   ] GC(169)   Other: 0.07ms
[115.424s][info][gc,heap     ] GC(169) Eden regions: 151->0(120)
[115.424s][info][gc,heap     ] GC(169) Survivor regions: 2->20(20)
[115.424s][info][gc,heap     ] GC(169) Old regions: 49->66
[115.424s][info][gc,heap     ] GC(169) Humongous regions: 5->3
[115.424s][info][gc,metaspace] GC(169) Metaspace: 41360K(41792K)->41360K(41792K) NonClass: 38556K(38848K)->38556K(38848K) Class: 2804K(2944K)->2804K(2944K)
[115.424s][info][gc          ] GC(169) Pause Young (Prepare Mixed) (G1 Evacuation Pause) 206M->89M(256M) 32.949ms
[115.424s][info][gc,cpu      ] GC(169) User=0.07s Sys=0.00s Real=0.03s
[115.949s][info][gc,start    ] GC(170) Pause Young (Mixed) (G1 Evacuation Pause)
[115.949s][info][gc,task     ] GC(170) Using 2 workers of 2 for evacuation
[116.007s][info][gc,phases   ] GC(170)   Pre Evacuate Collection Set: 0.16ms
[116.007s][info][gc,phases   ] GC(170)   Merge Heap Roots: 0.20ms
[116.007s][info][gc,phases   ] GC(170)   Evacuate Collection Set: 56.93ms
[116.007s][info][gc,phases   ] GC(170)   Post Evacuate Collection Set: 0.42ms
[116.007s][info][gc,phases   ] GC(170)   Other: 0.08ms
[116.007s][info][gc,heap     ] GC(170) Eden regions: 120->0(96)
[116.007s][info][gc,heap     ] GC(170) Survivor regions: 20->18(18)
[116.007s][info][gc,heap     ] GC(170) Old regions: 66->94
[116.007s][info][gc,heap     ] GC(170) Humongous regions: 3->3
[116.007s][info][gc,metaspace] GC(170) Metaspace: 41360K(41792K)->41360K(41792K) NonClass: 38556K(38848K)->38556K(38848K) Class: 2804K(2944K)->2804K(2944K)
[116.007s][info][gc          ] GC(170) Pause Young (Mixed) (G1 Evacuation Pause) 209M->114M(259M) 57.994ms
[116.007s][info][gc,cpu      ] GC(170) User=0.11s Sys=0.00s Real=0.06s
[116.481s][info][gc,start    ] GC(171) Pause Young (Concurrent Start) (G1 Evacuation Pause)
[116.481s][info][gc,task     ] GC(171) Using 2 workers of 2 for evacuation
[116.550s][info][gc,phases   ] GC(171)   Pre Evacuate Collection Set: 0.17ms
[116.550s][info][gc,phases   ] GC(171)   Merge Heap Roots: 0.33ms
[116.550s][info][gc,phases   ] GC(171)   Evacuate Collection Set: 68.25ms
[116.550s][info][gc,phases   ] GC(171)   Post Evacuate Collection Set: 0.44ms
[116.550s][info][gc,phases   ] GC(171)   Other: 0.10ms
[116.550s][info][gc,heap     ] GC(171) Eden regions: 96->0(73)
[116.550s][info][gc,heap     ] GC(171) Survivor regions: 18->15(15)
[116.550s][info][gc,heap     ] GC(171) Old regions: 94->125
[116.550s][info][gc,heap     ] GC(171) Humongous regions: 3->3
[116.550s][info][gc,metaspace] GC(171) Metaspace: 41361K(41792K)->41361K(41792K) NonClass: 38556K(38848K)->38556K(38848K) Class: 2804K(2944K)->2804K(2944K)
[116.550s][info][gc          ] GC(171) Pause Young (Concurrent Start) (G1 Evacuation Pause) 210M->142M(259M) 69.483ms
[116.550s][info][gc,cpu      ] GC(171) User=0.14s Sys=0.00s Real=0.07s
[116.551s][info][gc          ] GC(172) Concurrent Mark Cycle
[116.551s][info][gc,marking  ] GC(172) Concurrent Scan Root Regions
[116.624s][info][gc,marking  ] GC(172) Concurrent Scan Root Regions 73.757ms
[116.624s][info][gc,marking  ] GC(172) Concurrent Mark
[116.624s][info][gc,marking  ] GC(172) Concurrent Mark From Roots
[116.624s][info][gc,task     ] GC(172) Using 1 workers of 1 for marking
[116.766s][info][gc,marking  ] GC(172) Concurrent Mark From Roots 141.658ms
[116.766s][info][gc,marking  ] GC(172) Concurrent Preclean
[116.766s][info][gc,marking  ] GC(172) Concurrent Preclean 0.043ms
[116.766s][info][gc,start    ] GC(172) Pause Remark
[116.784s][info][gc          ] GC(172) Pause Remark 163M->163M(259M) 17.775ms
[116.784s][info][gc,cpu      ] GC(172) User=0.04s Sys=0.00s Real=0.02s
[116.787s][info][gc,marking  ] GC(172) Concurrent Mark 162.216ms
[116.787s][info][gc,marking  ] GC(172) Concurrent Rebuild Remembered Sets and Scrub Regions
[116.863s][info][gc,marking  ] GC(172) Concurrent Rebuild Remembered Sets and Scrub Regions 76.267ms
[116.863s][info][gc,start    ] GC(172) Pause Cleanup
[116.863s][info][gc          ] GC(172) Pause Cleanup 170M->170M(259M) 0.050ms
[116.863s][info][gc,cpu      ] GC(172) User=0.00s Sys=0.00s Real=0.00s
[116.863s][info][gc,marking  ] GC(172) Concurrent Clear Claimed Marks
[116.863s][info][gc,marking  ] GC(172) Concurrent Clear Claimed Marks 0.056ms
[116.863s][info][gc,marking  ] GC(172) Concurrent Cleanup for Next Mark
[116.864s][info][gc,marking  ] GC(172) Concurrent Cleanup for Next Mark 0.839ms
[116.864s][info][gc          ] GC(172) Concurrent Mark Cycle 313.498ms
[117.091s][info][gc,start    ] GC(173) Pause Young (Prepare Mixed) (G1 Evacuation Pause)
[117.091s][info][gc,task     ] GC(173) Using 2 workers of 2 for evacuation
[117.133s][info][gc,phases   ] GC(173)   Pre Evacuate Collection Set: 0.19ms
[117.133s][info][gc,phases   ] GC(173)   Merge Heap Roots: 0.51ms
[117.133s][info][gc,phases   ] GC(173)   Evacuate Collection Set: 40.62ms
[117.133s][info][gc,phases   ] GC(173)   Post Evacuate Collection Set: 0.35ms
[117.133s][info][gc,phases   ] GC(173)   Other: 0.06ms
[117.133s][info][gc,heap     ] GC(173) Eden regions: 73->0(59)
[117.133s][info][gc,heap     ] GC(173) Survivor regions: 15->11(11)
[117.133s][info][gc,heap     ] GC(173) Old regions: 125->149
[117.133s][info][gc,heap     ] GC(173) Humongous regions: 3->3
[117.133s][info][gc,metaspace] GC(173) Metaspace: 41361K(41792K)->41361K(41792K) NonClass: 38556K(38848K)->38556K(38848K) Class: 2804K(2944K)->2804K(2944K)
[117.133s][info][gc          ] GC(173) Pause Young (Prepare Mixed) (G1 Evacuation Pause) 215M->162M(259M) 41.951ms
[117.133s][info][gc,cpu      ] GC(173) User=0.08s Sys=0.00s Real=0.04s
[117.420s][info][gc,start    ] GC(174) Pause Young (Mixed) (G1 Evacuation Pause)
[117.420s][info][gc,task     ] GC(174) Using 2 workers of 2 for evacuation
[117.466s][info][gc,phases   ] GC(174)   Pre Evacuate Collection Set: 0.15ms
[117.466s][info][gc,phases   ] GC(174)   Merge Heap Roots: 0.24ms
[117.466s][info][gc,phases   ] GC(174)   Evacuate Collection Set: 44.83ms
[117.466s][info][gc,phases   ] GC(174)   Post Evacuate Collection Set: 0.37ms
[117.466s][info][gc,phases   ] GC(174)   Other: 0.10ms
[117.466s][info][gc,heap     ] GC(174) Eden regions: 59->0(51)
[117.466s][info][gc,heap     ] GC(174) Survivor regions: 11->9(9)
[117.466s][info][gc,heap     ] GC(174) Old regions: 149->161
[117.466s][info][gc,heap     ] GC(174) Humongous regions: 5->3
[117.466s][info][gc,metaspace] GC(174) Metaspace: 41361K(41792K)->41361K(41792K) NonClass: 38556K(38848K)->38556K(38848K) Class: 2804K(2944K)->2804K(2944K)
[117.466s][info][gc          ] GC(174) Pause Young (Mixed) (G1 Evacuation Pause) 223M->172M(259M) 45.864ms
[117.466s][info][gc,cpu      ] GC(174) User=0.09s Sys=0.00s Real=0.04s
[117.632s][info][gc,start    ] GC(175) Pause Young (Concurrent Start) (G1 Evacuation Pause)
[117.632s][info][gc,task     ] GC(175) Using 2 workers of 2 for evacuation
[117.656s][info][gc,phases   ] GC(175)   Pre Evacuate Collection Set: 0.16ms
[117.656s][info][gc,phases   ] GC(175)   Merge Heap Roots: 0.13ms
[117.656s][info][gc,phases   ] GC(175)   Evacuate Collection Set: 21.82ms
[117.656s][info][gc,phases   ] GC(175)   Post Evacuate Collection Set: 1.27ms
[117.656s][info][gc,phases   ] GC(175)   Other: 0.15ms
[117.656s][info][gc,heap     ] GC(175) Eden regions: 51->0(132)
[117.656s][info][gc,heap     ] GC(175) Survivor regions: 9->8(8)
[117.656s][info][gc,heap     ] GC(175) Old regions: 161->173
[117.656s][info][gc,heap     ] GC(175) Humongous regions: 3->3
[117.656s][info][gc,metaspace] GC(175) Metaspace: 41378K(41792K)->41378K(41792K) NonClass: 38574K(38848K)->38574K(38848K) Class: 2804K(2944K)->2804K(2944K)
[117.656s][info][gc          ] GC(175) Pause Young (Concurrent Start) (G1 Evacuation Pause) 223M->184M(402M) 23.709ms
[117.656s][info][gc,cpu      ] GC(175) User=0.04s Sys=0.00s Real=0.02s
[117.656s][info][gc          ] GC(176) Concurrent Mark Cycle
[117.656s][info][gc,marking  ] GC(176) Concurrent Scan Root Regions
[117.674s][info][gc,marking  ] GC(176) Concurrent Scan Root Regions 18.047ms
[117.674s][info][gc,marking  ] GC(176) Concurrent Mark
[117.674s][info][gc,marking  ] GC(176) Concurrent Mark From Roots
[117.674s][info][gc,task     ] GC(176) Using 1 workers of 1 for marking
[117.816s][info][gc,marking  ] GC(176) Concurrent Mark From Roots 142.052ms
[117.816s][info][gc,marking  ] GC(176) Concurrent Preclean
[117.816s][info][gc,marking  ] GC(176) Concurrent Preclean 0.038ms
[117.819s][info][gc,start    ] GC(176) Pause Remark
[117.844s][info][gc          ] GC(176) Pause Remark 209M->209M(402M) 24.340ms
[117.844s][info][gc,cpu      ] GC(176) User=0.03s Sys=0.00s Real=0.02s
[117.844s][info][gc,marking  ] GC(176) Concurrent Mark 169.829ms
[117.844s][info][gc,marking  ] GC(176) Concurrent Rebuild Remembered Sets and Scrub Regions
[117.958s][info][gc,marking  ] GC(176) Concurrent Rebuild Remembered Sets and Scrub Regions 114.141ms
[117.958s][info][gc,start    ] GC(176) Pause Cleanup
[117.958s][info][gc          ] GC(176) Pause Cleanup 225M->225M(402M) 0.087ms
[117.958s][info][gc,cpu      ] GC(176) User=0.00s Sys=0.00s Real=0.00s
[117.958s][info][gc,marking  ] GC(176) Concurrent Clear Claimed Marks
[117.958s][info][gc,marking  ] GC(176) Concurrent Clear Claimed Marks 0.038ms
[117.958s][info][gc,marking  ] GC(176) Concurrent Cleanup for Next Mark
[117.961s][info][gc,marking  ] GC(176) Concurrent Cleanup for Next Mark 3.266ms
[117.962s][info][gc          ] GC(176) Concurrent Mark Cycle 305.717ms
[118.346s][info][gc,start    ] GC(177) Pause Young (Prepare Mixed) (G1 Evacuation Pause)
[118.346s][info][gc,task     ] GC(177) Using 2 workers of 2 for evacuation
[118.378s][info][gc,phases   ] GC(177)   Pre Evacuate Collection Set: 0.24ms
[118.378s][info][gc,phases   ] GC(177)   Merge Heap Roots: 0.15ms
[118.378s][info][gc,phases   ] GC(177)   Evacuate Collection Set: 30.85ms
[118.378s][info][gc,phases   ] GC(177)   Post Evacuate Collection Set: 0.44ms
[118.378s][info][gc,phases   ] GC(177)   Other: 0.08ms
[118.378s][info][gc,heap     ] GC(177) Eden regions: 132->0(129)
[118.378s][info][gc,heap     ] GC(177) Survivor regions: 8->18(18)
[118.378s][info][gc,heap     ] GC(177) Old regions: 173->177
[118.378s][info][gc,heap     ] GC(177) Humongous regions: 7->3
[118.378s][info][gc,metaspace] GC(177) Metaspace: 41385K(41792K)->41385K(41792K) NonClass: 38581K(38848K)->38581K(38848K) Class: 2804K(2944K)->2804K(2944K)
[118.378s][info][gc          ] GC(177) Pause Young (Prepare Mixed) (G1 Evacuation Pause) 320M->198M(402M) 31.961ms
[118.378s][info][gc,cpu      ] GC(177) User=0.05s Sys=0.01s Real=0.04s
[118.766s][info][gc,start    ] GC(178) Pause Young (Mixed) (G1 Evacuation Pause)
[118.766s][info][gc,task     ] GC(178) Using 2 workers of 2 for evacuation
[118.801s][info][gc,phases   ] GC(178)   Pre Evacuate Collection Set: 0.22ms
[118.801s][info][gc,phases   ] GC(178)   Merge Heap Roots: 0.36ms
[118.801s][info][gc,phases   ] GC(178)   Evacuate Collection Set: 33.41ms
[118.801s][info][gc,phases   ] GC(178)   Post Evacuate Collection Set: 0.55ms
[118.801s][info][gc,phases   ] GC(178)   Other: 0.07ms
[118.801s][info][gc,heap     ] GC(178) Eden regions: 129->0(157)
[118.801s][info][gc,heap     ] GC(178) Survivor regions: 18->10(19)
[118.801s][info][gc,heap     ] GC(178) Old regions: 177->154
[118.801s][info][gc,heap     ] GC(178) Humongous regions: 11->3
[118.801s][info][gc,metaspace] GC(178) Metaspace: 41386K(41792K)->41386K(41792K) NonClass: 38581K(38848K)->38581K(38848K) Class: 2804K(2944K)->2804K(2944K)
[118.801s][info][gc          ] GC(178) Pause Young (Mixed) (G1 Evacuation Pause) 335M->166M(402M) 34.802ms
[118.801s][info][gc,cpu      ] GC(178) User=0.07s Sys=0.00s Real=0.04s
[119.381s][info][gc,start    ] GC(179) Pause Young (Mixed) (G1 Evacuation Pause)
[119.381s][info][gc,task     ] GC(179) Using 2 workers of 2 for evacuation
[119.428s][info][gc,phases   ] GC(179)   Pre Evacuate Collection Set: 0.26ms
[119.429s][info][gc,phases   ] GC(179)   Merge Heap Roots: 0.65ms
[119.429s][info][gc,phases   ] GC(179)   Evacuate Collection Set: 45.77ms
[119.429s][info][gc,phases   ] GC(179)   Post Evacuate Collection Set: 0.80ms
[119.429s][info][gc,phases   ] GC(179)   Other: 0.07ms
[119.429s][info][gc,heap     ] GC(179) Eden regions: 157->0(163)
[119.429s][info][gc,heap     ] GC(179) Survivor regions: 10->21(21)
[119.429s][info][gc,heap     ] GC(179) Old regions: 154->133
[119.429s][info][gc,heap     ] GC(179) Humongous regions: 5->4
[119.429s][info][gc,metaspace] GC(179) Metaspace: 41409K(41792K)->41409K(41792K) NonClass: 38604K(38848K)->38604K(38848K) Class: 2804K(2944K)->2804K(2944K)
[119.429s][info][gc          ] GC(179) Pause Young (Mixed) (G1 Evacuation Pause) 325M->157M(402M) 47.764ms
[119.429s][info][gc,cpu      ] GC(179) User=0.09s Sys=0.00s Real=0.05s
[120.003s][info][gc,start    ] GC(180) Pause Young (Mixed) (G1 Evacuation Pause)
[120.003s][info][gc,task     ] GC(180) Using 2 workers of 2 for evacuation
[120.043s][info][gc,phases   ] GC(180)   Pre Evacuate Collection Set: 0.34ms
[120.043s][info][gc,phases   ] GC(180)   Merge Heap Roots: 0.51ms
[120.043s][info][gc,phases   ] GC(180)   Evacuate Collection Set: 38.95ms
[120.043s][info][gc,phases   ] GC(180)   Post Evacuate Collection Set: 0.42ms
[120.043s][info][gc,phases   ] GC(180)   Other: 0.10ms
[120.043s][info][gc,heap     ] GC(180) Eden regions: 163->0(140)
[120.043s][info][gc,heap     ] GC(180) Survivor regions: 21->23(23)
[120.043s][info][gc,heap     ] GC(180) Old regions: 133->158
[120.043s][info][gc,heap     ] GC(180) Humongous regions: 4->4
[120.043s][info][gc,metaspace] GC(180) Metaspace: 41409K(41792K)->41409K(41792K) NonClass: 38605K(38848K)->38605K(38848K) Class: 2804K(2944K)->2804K(2944K)
[120.043s][info][gc          ] GC(180) Pause Young (Mixed) (G1 Evacuation Pause) 320M->184M(402M) 40.528ms
[120.043s][info][gc,cpu      ] GC(180) User=0.08s Sys=0.00s Real=0.04s
[120.081s][info][gc,start    ] GC(181) Pause Young (Concurrent Start) (G1 Humongous Allocation)
[120.081s][info][gc,task     ] GC(181) Using 2 workers of 2 for evacuation
[120.099s][info][gc,phases   ] GC(181)   Pre Evacuate Collection Set: 0.21ms
[120.099s][info][gc,phases   ] GC(181)   Merge Heap Roots: 0.07ms
[120.099s][info][gc,phases   ] GC(181)   Evacuate Collection Set: 16.81ms
[120.099s][info][gc,phases   ] GC(181)   Post Evacuate Collection Set: 0.50ms
[120.099s][info][gc,phases   ] GC(181)   Other: 0.09ms
[120.099s][info][gc,heap     ] GC(181) Eden regions: 11->0(119)
[120.099s][info][gc,heap     ] GC(181) Survivor regions: 23->6(21)
[120.099s][info][gc,heap     ] GC(181) Old regions: 158->181
[120.099s][info][gc,heap     ] GC(181) Humongous regions: 4->4
[120.099s][info][gc,metaspace] GC(181) Metaspace: 41409K(41792K)->41409K(41792K) NonClass: 38605K(38848K)->38605K(38848K) Class: 2804K(2944K)->2804K(2944K)
[120.099s][info][gc          ] GC(181) Pause Young (Concurrent Start) (G1 Humongous Allocation) 195M->190M(426M) 17.861ms
[120.099s][info][gc          ] GC(182) Concurrent Mark Cycle
[120.099s][info][gc,marking  ] GC(182) Concurrent Scan Root Regions
[120.100s][info][gc,cpu      ] GC(181) User=0.04s Sys=0.00s Real=0.02s
[120.110s][info][gc,marking  ] GC(182) Concurrent Scan Root Regions 10.478ms
[120.110s][info][gc,marking  ] GC(182) Concurrent Mark
[120.110s][info][gc,marking  ] GC(182) Concurrent Mark From Roots
[120.110s][info][gc,task     ] GC(182) Using 1 workers of 1 for marking
[120.270s][info][gc,marking  ] GC(182) Concurrent Mark From Roots 160.578ms
[120.270s][info][gc,marking  ] GC(182) Concurrent Preclean
[120.270s][info][gc,marking  ] GC(182) Concurrent Preclean 0.044ms
[120.270s][info][gc,start    ] GC(182) Pause Remark
[120.299s][info][gc          ] GC(182) Pause Remark 229M->208M(426M) 28.386ms
[120.299s][info][gc,cpu      ] GC(182) User=0.06s Sys=0.00s Real=0.03s
[120.299s][info][gc,marking  ] GC(182) Concurrent Mark 189.277ms
[120.299s][info][gc,marking  ] GC(182) Concurrent Rebuild Remembered Sets and Scrub Regions
[120.387s][info][gc,marking  ] GC(182) Concurrent Rebuild Remembered Sets and Scrub Regions 88.365ms
[120.387s][info][gc,start    ] GC(182) Pause Cleanup
[120.387s][info][gc          ] GC(182) Pause Cleanup 221M->221M(426M) 0.072ms
[120.387s][info][gc,cpu      ] GC(182) User=0.00s Sys=0.00s Real=0.00s
[120.388s][info][gc,marking  ] GC(182) Concurrent Clear Claimed Marks
[120.388s][info][gc,marking  ] GC(182) Concurrent Clear Claimed Marks 0.034ms
[120.388s][info][gc,marking  ] GC(182) Concurrent Cleanup for Next Mark
[120.389s][info][gc,marking  ] GC(182) Concurrent Cleanup for Next Mark 1.511ms
[120.389s][info][gc          ] GC(182) Concurrent Mark Cycle 290.013ms
[120.608s][info][gc,start    ] GC(183) Pause Young (Prepare Mixed) (G1 Evacuation Pause)
[120.608s][info][gc,task     ] GC(183) Using 2 workers of 2 for evacuation
[120.632s][info][gc,phases   ] GC(183)   Pre Evacuate Collection Set: 0.21ms
[120.632s][info][gc,phases   ] GC(183)   Merge Heap Roots: 0.23ms
[120.632s][info][gc,phases   ] GC(183)   Evacuate Collection Set: 22.66ms
[120.632s][info][gc,phases   ] GC(183)   Post Evacuate Collection Set: 0.42ms
[120.632s][info][gc,phases   ] GC(183)   Other: 0.12ms
[120.632s][info][gc,heap     ] GC(183) Eden regions: 119->0(121)
[120.632s][info][gc,heap     ] GC(183) Survivor regions: 6->16(16)
[120.632s][info][gc,heap     ] GC(183) Old regions: 161->175
[120.632s][info][gc,heap     ] GC(183) Humongous regions: 5->4
[120.632s][info][gc,metaspace] GC(183) Metaspace: 41412K(41792K)->41412K(41792K) NonClass: 38608K(38848K)->38608K(38848K) Class: 2804K(2944K)->2804K(2944K)
[120.632s][info][gc          ] GC(183) Pause Young (Prepare Mixed) (G1 Evacuation Pause) 290M->195M(426M) 23.827ms
[120.632s][info][gc,cpu      ] GC(183) User=0.05s Sys=0.00s Real=0.02s
[121.097s][info][gc,start    ] GC(184) Pause Young (Mixed) (G1 Evacuation Pause)
[121.097s][info][gc,task     ] GC(184) Using 2 workers of 2 for evacuation
[121.154s][info][gc,phases   ] GC(184)   Pre Evacuate Collection Set: 0.26ms
[121.154s][info][gc,phases   ] GC(184)   Merge Heap Roots: 0.37ms
[121.154s][info][gc,phases   ] GC(184)   Evacuate Collection Set: 55.47ms
[121.154s][info][gc,phases   ] GC(184)   Post Evacuate Collection Set: 0.54ms
[121.154s][info][gc,phases   ] GC(184)   Other: 0.07ms
[121.154s][info][gc,heap     ] GC(184) Eden regions: 121->0(97)
[121.154s][info][gc,heap     ] GC(184) Survivor regions: 16->18(18)
[121.154s][info][gc,heap     ] GC(184) Old regions: 175->193
[121.154s][info][gc,heap     ] GC(184) Humongous regions: 4->4
[121.154s][info][gc,metaspace] GC(184) Metaspace: 41412K(41792K)->41412K(41792K) NonClass: 38608K(38848K)->38608K(38848K) Class: 2804K(2944K)->2804K(2944K)
[121.154s][info][gc          ] GC(184) Pause Young (Mixed) (G1 Evacuation Pause) 316M->214M(426M) 56.959ms
[121.154s][info][gc,cpu      ] GC(184) User=0.12s Sys=0.00s Real=0.05s
[121.506s][info][gc,start    ] GC(185) Pause Young (Mixed) (G1 Evacuation Pause)
[121.506s][info][gc,task     ] GC(185) Using 2 workers of 2 for evacuation
[121.574s][info][gc,phases   ] GC(185)   Pre Evacuate Collection Set: 1.94ms
[121.574s][info][gc,phases   ] GC(185)   Merge Heap Roots: 0.40ms
[121.574s][info][gc,phases   ] GC(185)   Evacuate Collection Set: 65.21ms
[121.574s][info][gc,phases   ] GC(185)   Post Evacuate Collection Set: 0.51ms
[121.574s][info][gc,phases   ] GC(185)   Other: 0.08ms
[121.574s][info][gc,heap     ] GC(185) Eden regions: 97->0(69)
[121.574s][info][gc,heap     ] GC(185) Survivor regions: 18->15(15)
[121.574s][info][gc,heap     ] GC(185) Old regions: 193->242
[121.574s][info][gc,heap     ] GC(185) Humongous regions: 4->4
[121.574s][info][gc,metaspace] GC(185) Metaspace: 41412K(41792K)->41412K(41792K) NonClass: 38608K(38848K)->38608K(38848K) Class: 2804K(2944K)->2804K(2944K)
[121.574s][info][gc          ] GC(185) Pause Young (Mixed) (G1 Evacuation Pause) 311M->261M(426M) 68.355ms
[121.574s][info][gc,cpu      ] GC(185) User=0.14s Sys=0.00s Real=0.07s
[121.617s][info][gc,start    ] GC(186) Pause Young (Concurrent Start) (G1 Humongous Allocation)
[121.617s][info][gc,task     ] GC(186) Using 2 workers of 2 for evacuation
[121.640s][info][gc,phases   ] GC(186)   Pre Evacuate Collection Set: 0.23ms
[121.640s][info][gc,phases   ] GC(186)   Merge Heap Roots: 0.26ms
[121.640s][info][gc,phases   ] GC(186)   Evacuate Collection Set: 21.93ms
[121.640s][info][gc,phases   ] GC(186)   Post Evacuate Collection Set: 0.30ms
[121.640s][info][gc,phases   ] GC(186)   Other: 0.08ms
[121.640s][info][gc,heap     ] GC(186) Eden regions: 12->0(68)
[121.640s][info][gc,heap     ] GC(186) Survivor regions: 15->7(11)
[121.640s][info][gc,heap     ] GC(186) Old regions: 242->258
[121.640s][info][gc,heap     ] GC(186) Humongous regions: 4->4
[121.640s][info][gc,metaspace] GC(186) Metaspace: 41412K(41792K)->41412K(41792K) NonClass: 38608K(38848K)->38608K(38848K) Class: 2804K(2944K)->2804K(2944K)
[121.640s][info][gc          ] GC(186) Pause Young (Concurrent Start) (G1 Humongous Allocation) 272M->268M(426M) 23.000ms
[121.640s][info][gc,cpu      ] GC(186) User=0.05s Sys=0.00s Real=0.02s
[121.640s][info][gc          ] GC(187) Concurrent Mark Cycle
[121.640s][info][gc,marking  ] GC(187) Concurrent Scan Root Regions
[121.655s][info][gc,marking  ] GC(187) Concurrent Scan Root Regions 15.654ms
[121.655s][info][gc,marking  ] GC(187) Concurrent Mark
[121.656s][info][gc,marking  ] GC(187) Concurrent Mark From Roots
[121.656s][info][gc,task     ] GC(187) Using 1 workers of 1 for marking
[121.787s][info][gc,marking  ] GC(187) Concurrent Mark From Roots 131.953ms
[121.788s][info][gc,marking  ] GC(187) Concurrent Preclean
[121.788s][info][gc,marking  ] GC(187) Concurrent Preclean 0.044ms
[121.788s][info][gc,start    ] GC(187) Pause Remark
[121.802s][info][gc          ] GC(187) Pause Remark 297M->270M(426M) 14.631ms
[121.802s][info][gc,cpu      ] GC(187) User=0.03s Sys=0.00s Real=0.01s
[121.805s][info][gc,marking  ] GC(187) Concurrent Mark 149.232ms
[121.805s][info][gc,marking  ] GC(187) Concurrent Rebuild Remembered Sets and Scrub Regions
[121.884s][info][gc,marking  ] GC(187) Concurrent Rebuild Remembered Sets and Scrub Regions 79.146ms
[121.884s][info][gc,start    ] GC(187) Pause Cleanup
[121.884s][info][gc          ] GC(187) Pause Cleanup 293M->293M(426M) 0.092ms
[121.884s][info][gc,cpu      ] GC(187) User=0.00s Sys=0.00s Real=0.00s
[121.884s][info][gc,marking  ] GC(187) Concurrent Clear Claimed Marks
[121.884s][info][gc,marking  ] GC(187) Concurrent Clear Claimed Marks 0.038ms
[121.884s][info][gc,marking  ] GC(187) Concurrent Cleanup for Next Mark
[121.886s][info][gc,marking  ] GC(187) Concurrent Cleanup for Next Mark 1.247ms
[121.886s][info][gc          ] GC(187) Concurrent Mark Cycle 245.757ms
[121.937s][info][gc,start    ] GC(188) Pause Young (Prepare Mixed) (G1 Evacuation Pause)
[121.937s][info][gc,task     ] GC(188) Using 2 workers of 2 for evacuation
[121.970s][info][gc,phases   ] GC(188)   Pre Evacuate Collection Set: 0.20ms
[121.970s][info][gc,phases   ] GC(188)   Merge Heap Roots: 0.21ms
[121.970s][info][gc,phases   ] GC(188)   Evacuate Collection Set: 31.86ms
[121.970s][info][gc,phases   ] GC(188)   Post Evacuate Collection Set: 0.39ms
[121.970s][info][gc,phases   ] GC(188)   Other: 0.07ms
[121.970s][info][gc,heap     ] GC(188) Eden regions: 68->0(61)
[121.970s][info][gc,heap     ] GC(188) Survivor regions: 7->10(10)
[121.970s][info][gc,heap     ] GC(188) Old regions: 232->266
[121.970s][info][gc,heap     ] GC(188) Humongous regions: 4->4
[121.970s][info][gc,metaspace] GC(188) Metaspace: 41413K(41856K)->41413K(41856K) NonClass: 38609K(38912K)->38609K(38912K) Class: 2804K(2944K)->2804K(2944K)
[121.970s][info][gc          ] GC(188) Pause Young (Prepare Mixed) (G1 Evacuation Pause) 310M->280M(426M) 32.920ms
[121.970s][info][gc,cpu      ] GC(188) User=0.06s Sys=0.00s Real=0.03s
[122.167s][info][gc,start    ] GC(189) Pause Young (Mixed) (G1 Evacuation Pause)
[122.167s][info][gc,task     ] GC(189) Using 2 workers of 2 for evacuation
[122.199s][info][gc,phases   ] GC(189)   Pre Evacuate Collection Set: 0.23ms
[122.199s][info][gc,phases   ] GC(189)   Merge Heap Roots: 0.37ms
[122.199s][info][gc,phases   ] GC(189)   Evacuate Collection Set: 30.34ms
[122.199s][info][gc,phases   ] GC(189)   Post Evacuate Collection Set: 1.22ms
[122.199s][info][gc,phases   ] GC(189)   Other: 0.08ms
[122.199s][info][gc,heap     ] GC(189) Eden regions: 61->0(122)
[122.199s][info][gc,heap     ] GC(189) Survivor regions: 10->9(9)
[122.199s][info][gc,heap     ] GC(189) Old regions: 266->252
[122.199s][info][gc,heap     ] GC(189) Humongous regions: 4->4
[122.199s][info][gc,metaspace] GC(189) Metaspace: 41413K(41856K)->41413K(41856K) NonClass: 38609K(38912K)->38609K(38912K) Class: 2804K(2944K)->2804K(2944K)
[122.199s][info][gc          ] GC(189) Pause Young (Mixed) (G1 Evacuation Pause) 341M->264M(540M) 32.424ms
[122.199s][info][gc,cpu      ] GC(189) User=0.06s Sys=0.00s Real=0.03s
[122.685s][info][gc,start    ] GC(190) Pause Young (Mixed) (G1 Evacuation Pause)
[122.685s][info][gc,task     ] GC(190) Using 2 workers of 2 for evacuation
[122.744s][info][gc,phases   ] GC(190)   Pre Evacuate Collection Set: 0.39ms
[122.744s][info][gc,phases   ] GC(190)   Merge Heap Roots: 0.53ms
[122.744s][info][gc,phases   ] GC(190)   Evacuate Collection Set: 57.61ms
[122.744s][info][gc,phases   ] GC(190)   Post Evacuate Collection Set: 0.55ms
[122.745s][info][gc,phases   ] GC(190)   Other: 0.08ms
[122.745s][info][gc,heap     ] GC(190) Eden regions: 122->0(112)
[122.745s][info][gc,heap     ] GC(190) Survivor regions: 9->17(17)
[122.745s][info][gc,heap     ] GC(190) Old regions: 252->259
[122.745s][info][gc,heap     ] GC(190) Humongous regions: 4->4
[122.745s][info][gc,metaspace] GC(190) Metaspace: 41413K(41856K)->41413K(41856K) NonClass: 38609K(38912K)->38609K(38912K) Class: 2804K(2944K)->2804K(2944K)
[122.745s][info][gc          ] GC(190) Pause Young (Mixed) (G1 Evacuation Pause) 386M->280M(540M) 59.384ms
[122.745s][info][gc,cpu      ] GC(190) User=0.11s Sys=0.01s Real=0.06s
[123.153s][info][gc,start    ] GC(191) Pause Young (Mixed) (G1 Evacuation Pause)
[123.153s][info][gc,task     ] GC(191) Using 2 workers of 2 for evacuation
[123.228s][info][gc,phases   ] GC(191)   Pre Evacuate Collection Set: 0.26ms
[123.228s][info][gc,phases   ] GC(191)   Merge Heap Roots: 0.51ms
[123.228s][info][gc,phases   ] GC(191)   Evacuate Collection Set: 72.92ms
[123.228s][info][gc,phases   ] GC(191)   Post Evacuate Collection Set: 0.50ms
[123.228s][info][gc,phases   ] GC(191)   Other: 0.07ms
[123.228s][info][gc,heap     ] GC(191) Eden regions: 112->0(82)
[123.228s][info][gc,heap     ] GC(191) Survivor regions: 17->17(17)
[123.228s][info][gc,heap     ] GC(191) Old regions: 259->316
[123.228s][info][gc,heap     ] GC(191) Humongous regions: 5->5
[123.228s][info][gc,metaspace] GC(191) Metaspace: 41413K(41856K)->41413K(41856K) NonClass: 38609K(38912K)->38609K(38912K) Class: 2804K(2944K)->2804K(2944K)
[123.228s][info][gc          ] GC(191) Pause Young (Mixed) (G1 Evacuation Pause) 393M->338M(540M) 74.538ms
[123.228s][info][gc,cpu      ] GC(191) User=0.15s Sys=0.00s Real=0.08s
[123.324s][info][gc,start    ] GC(192) Pause Young (Concurrent Start) (G1 Humongous Allocation)
[123.324s][info][gc,task     ] GC(192) Using 2 workers of 2 for evacuation
[123.354s][info][gc,phases   ] GC(192)   Pre Evacuate Collection Set: 0.25ms
[123.354s][info][gc,phases   ] GC(192)   Merge Heap Roots: 0.25ms
[123.354s][info][gc,phases   ] GC(192)   Evacuate Collection Set: 29.61ms
[123.354s][info][gc,phases   ] GC(192)   Post Evacuate Collection Set: 0.31ms
[123.354s][info][gc,phases   ] GC(192)   Other: 0.18ms
[123.355s][info][gc,heap     ] GC(192) Eden regions: 32->0(72)
[123.355s][info][gc,heap     ] GC(192) Survivor regions: 17->13(13)
[123.355s][info][gc,heap     ] GC(192) Old regions: 316->341
[123.355s][info][gc,heap     ] GC(192) Humongous regions: 5->5
[123.355s][info][gc,metaspace] GC(192) Metaspace: 41413K(41856K)->41413K(41856K) NonClass: 38609K(38912K)->38609K(38912K) Class: 2804K(2944K)->2804K(2944K)
[123.355s][info][gc          ] GC(192) Pause Young (Concurrent Start) (G1 Humongous Allocation) 369M->358M(540M) 30.791ms
[123.355s][info][gc,cpu      ] GC(192) User=0.06s Sys=0.00s Real=0.03s
[123.355s][info][gc          ] GC(193) Concurrent Mark Cycle
[123.355s][info][gc,marking  ] GC(193) Concurrent Scan Root Regions
[123.369s][info][gc,marking  ] GC(193) Concurrent Scan Root Regions 14.263ms
[123.369s][info][gc,marking  ] GC(193) Concurrent Mark
[123.369s][info][gc,marking  ] GC(193) Concurrent Mark From Roots
[123.369s][info][gc,task     ] GC(193) Using 1 workers of 1 for marking
[123.518s][info][gc,marking  ] GC(193) Concurrent Mark From Roots 149.214ms
[123.518s][info][gc,marking  ] GC(193) Concurrent Preclean
[123.518s][info][gc,marking  ] GC(193) Concurrent Preclean 0.043ms
[123.518s][info][gc,start    ] GC(193) Pause Remark
[123.533s][info][gc          ] GC(193) Pause Remark 398M->331M(540M) 14.312ms
[123.533s][info][gc,cpu      ] GC(193) User=0.03s Sys=0.00s Real=0.01s
[123.535s][info][gc,marking  ] GC(193) Concurrent Mark 165.748ms
[123.535s][info][gc,marking  ] GC(193) Concurrent Rebuild Remembered Sets and Scrub Regions
[123.623s][info][gc,marking  ] GC(193) Concurrent Rebuild Remembered Sets and Scrub Regions 88.660ms
[123.624s][info][gc,start    ] GC(193) Pause Cleanup
[123.624s][info][gc          ] GC(193) Pause Cleanup 353M->353M(540M) 0.094ms
[123.624s][info][gc,cpu      ] GC(193) User=0.00s Sys=0.00s Real=0.00s
[123.624s][info][gc,marking  ] GC(193) Concurrent Clear Claimed Marks
[123.624s][info][gc,marking  ] GC(193) Concurrent Clear Claimed Marks 0.041ms
[123.624s][info][gc,marking  ] GC(193) Concurrent Cleanup for Next Mark
[123.627s][info][gc,marking  ] GC(193) Concurrent Cleanup for Next Mark 2.790ms
[123.627s][info][gc          ] GC(193) Concurrent Mark Cycle 271.954ms
[123.668s][info][gc,start    ] GC(194) Pause Young (Prepare Mixed) (G1 Evacuation Pause)
[123.668s][info][gc,task     ] GC(194) Using 2 workers of 2 for evacuation
[123.707s][info][gc,phases   ] GC(194)   Pre Evacuate Collection Set: 0.23ms
[123.707s][info][gc,phases   ] GC(194)   Merge Heap Roots: 0.27ms
[123.707s][info][gc,phases   ] GC(194)   Evacuate Collection Set: 38.43ms
[123.707s][info][gc,phases   ] GC(194)   Post Evacuate Collection Set: 0.41ms
[123.707s][info][gc,phases   ] GC(194)   Other: 0.08ms
[123.707s][info][gc,heap     ] GC(194) Eden regions: 72->0(83)
[123.707s][info][gc,heap     ] GC(194) Survivor regions: 13->11(11)
[123.707s][info][gc,heap     ] GC(194) Old regions: 275->319
[123.707s][info][gc,heap     ] GC(194) Humongous regions: 5->5
[123.707s][info][gc,metaspace] GC(194) Metaspace: 41413K(41856K)->41413K(41856K) NonClass: 38609K(38912K)->38609K(38912K) Class: 2804K(2944K)->2804K(2944K)
[123.707s][info][gc          ] GC(194) Pause Young (Prepare Mixed) (G1 Evacuation Pause) 364M->335M(540M) 39.618ms
[123.707s][info][gc,cpu      ] GC(194) User=0.08s Sys=0.00s Real=0.04s
[123.988s][info][gc,start    ] GC(195) Pause Young (Mixed) (G1 Evacuation Pause)
[123.988s][info][gc,task     ] GC(195) Using 2 workers of 2 for evacuation
[124.055s][info][gc,phases   ] GC(195)   Pre Evacuate Collection Set: 0.98ms
[124.055s][info][gc,phases   ] GC(195)   Merge Heap Roots: 0.47ms
[124.055s][info][gc,phases   ] GC(195)   Evacuate Collection Set: 60.46ms
[124.055s][info][gc,phases   ] GC(195)   Post Evacuate Collection Set: 4.32ms
[124.055s][info][gc,phases   ] GC(195)   Other: 0.13ms
[124.055s][info][gc,heap     ] GC(195) Eden regions: 83->0(123)
[124.055s][info][gc,heap     ] GC(195) Survivor regions: 11->12(12)
[124.055s][info][gc,heap     ] GC(195) Old regions: 319->322
[124.055s][info][gc,heap     ] GC(195) Humongous regions: 6->6
[124.055s][info][gc,metaspace] GC(195) Metaspace: 41413K(41856K)->41413K(41856K) NonClass: 38609K(38912K)->38609K(38912K) Class: 2804K(2944K)->2804K(2944K)
[124.056s][info][gc          ] GC(195) Pause Young (Mixed) (G1 Evacuation Pause) 419M->340M(643M) 67.154ms
[124.056s][info][gc,cpu      ] GC(195) User=0.10s Sys=0.00s Real=0.06s
[124.603s][info][gc,start    ] GC(196) Pause Young (Mixed) (G1 Evacuation Pause)
[124.603s][info][gc,task     ] GC(196) Using 2 workers of 2 for evacuation
[124.664s][info][gc,phases   ] GC(196)   Pre Evacuate Collection Set: 0.43ms
[124.664s][info][gc,phases   ] GC(196)   Merge Heap Roots: 0.62ms
[124.664s][info][gc,phases   ] GC(196)   Evacuate Collection Set: 59.53ms
[124.664s][info][gc,phases   ] GC(196)   Post Evacuate Collection Set: 0.50ms
[124.664s][info][gc,phases   ] GC(196)   Other: 0.08ms
[124.664s][info][gc,heap     ] GC(196) Eden regions: 123->0(129)
[124.664s][info][gc,heap     ] GC(196) Survivor regions: 12->17(17)
[124.664s][info][gc,heap     ] GC(196) Old regions: 322->315
[124.664s][info][gc,heap     ] GC(196) Humongous regions: 7->7
[124.664s][info][gc,metaspace] GC(196) Metaspace: 41413K(41856K)->41413K(41856K) NonClass: 38609K(38912K)->38609K(38912K) Class: 2804K(2944K)->2804K(2944K)
[124.664s][info][gc          ] GC(196) Pause Young (Mixed) (G1 Evacuation Pause) 464M->339M(643M) 61.375ms
[124.664s][info][gc,cpu      ] GC(196) User=0.12s Sys=0.01s Real=0.06s
[125.094s][info][gc,start    ] GC(197) Pause Young (Concurrent Start) (G1 Evacuation Pause)
[125.094s][info][gc,task     ] GC(197) Using 2 workers of 2 for evacuation
[125.114s][info][gc,phases   ] GC(197)   Pre Evacuate Collection Set: 0.28ms
[125.114s][info][gc,phases   ] GC(197)   Merge Heap Roots: 0.16ms
[125.114s][info][gc,phases   ] GC(197)   Evacuate Collection Set: 18.69ms
[125.114s][info][gc,phases   ] GC(197)   Post Evacuate Collection Set: 0.40ms
[125.114s][info][gc,phases   ] GC(197)   Other: 0.09ms
[125.114s][info][gc,heap     ] GC(197) Eden regions: 129->0(136)
[125.114s][info][gc,heap     ] GC(197) Survivor regions: 17->13(19)
[125.114s][info][gc,heap     ] GC(197) Old regions: 315->328
[125.114s][info][gc,heap     ] GC(197) Humongous regions: 7->7
[125.114s][info][gc,metaspace] GC(197) Metaspace: 41413K(41856K)->41413K(41856K) NonClass: 38609K(38912K)->38609K(38912K) Class: 2804K(2944K)->2804K(2944K)
[125.114s][info][gc          ] GC(197) Pause Young (Concurrent Start) (G1 Evacuation Pause) 468M->348M(643M) 19.821ms
[125.114s][info][gc,cpu      ] GC(197) User=0.04s Sys=0.00s Real=0.02s
[125.114s][info][gc          ] GC(198) Concurrent Mark Cycle
[125.114s][info][gc,marking  ] GC(198) Concurrent Scan Root Regions
[125.124s][info][gc,marking  ] GC(198) Concurrent Scan Root Regions 10.558ms
[125.124s][info][gc,marking  ] GC(198) Concurrent Mark
[125.124s][info][gc,marking  ] GC(198) Concurrent Mark From Roots
[125.124s][info][gc,task     ] GC(198) Using 1 workers of 1 for marking
[125.245s][info][gc,marking  ] GC(198) Concurrent Mark From Roots 120.390ms
[125.245s][info][gc,marking  ] GC(198) Concurrent Preclean
[125.245s][info][gc,marking  ] GC(198) Concurrent Preclean 0.048ms
[125.245s][info][gc,start    ] GC(198) Pause Remark
[125.259s][info][gc          ] GC(198) Pause Remark 385M->311M(643M) 14.096ms
[125.259s][info][gc,cpu      ] GC(198) User=0.03s Sys=0.00s Real=0.02s
[125.259s][info][gc,marking  ] GC(198) Concurrent Mark 134.812ms
[125.259s][info][gc,marking  ] GC(198) Concurrent Rebuild Remembered Sets and Scrub Regions
[125.327s][info][gc,marking  ] GC(198) Concurrent Rebuild Remembered Sets and Scrub Regions 68.096ms
[125.328s][info][gc,start    ] GC(198) Pause Cleanup
[125.329s][info][gc          ] GC(198) Pause Cleanup 329M->329M(643M) 0.130ms
[125.329s][info][gc,cpu      ] GC(198) User=0.00s Sys=0.00s Real=0.00s
[125.329s][info][gc,marking  ] GC(198) Concurrent Clear Claimed Marks
[125.329s][info][gc,marking  ] GC(198) Concurrent Clear Claimed Marks 0.045ms
[125.329s][info][gc,marking  ] GC(198) Concurrent Cleanup for Next Mark
[125.332s][info][gc,marking  ] GC(198) Concurrent Cleanup for Next Mark 3.088ms
[125.332s][info][gc          ] GC(198) Concurrent Mark Cycle 217.918ms
[125.661s][info][gc,start    ] GC(199) Pause Young (Prepare Mixed) (G1 Evacuation Pause)
[125.661s][info][gc,task     ] GC(199) Using 2 workers of 2 for evacuation
[125.684s][info][gc,phases   ] GC(199)   Pre Evacuate Collection Set: 0.24ms
[125.684s][info][gc,phases   ] GC(199)   Merge Heap Roots: 0.12ms
[125.684s][info][gc,phases   ] GC(199)   Evacuate Collection Set: 21.31ms
[125.684s][info][gc,phases   ] GC(199)   Post Evacuate Collection Set: 0.42ms
[125.684s][info][gc,phases   ] GC(199)   Other: 0.07ms
[125.684s][info][gc,heap     ] GC(199) Eden regions: 136->0(171)
[125.684s][info][gc,heap     ] GC(199) Survivor regions: 13->19(19)
[125.684s][info][gc,heap     ] GC(199) Old regions: 256->272
[125.684s][info][gc,heap     ] GC(199) Humongous regions: 5->5
[125.684s][info][gc,metaspace] GC(199) Metaspace: 41417K(41856K)->41417K(41856K) NonClass: 38612K(38912K)->38612K(38912K) Class: 2804K(2944K)->2804K(2944K)
[125.684s][info][gc          ] GC(199) Pause Young (Prepare Mixed) (G1 Evacuation Pause) 410M->295M(643M) 22.358ms
[125.684s][info][gc,cpu      ] GC(199) User=0.04s Sys=0.00s Real=0.02s
[126.276s][info][gc,start    ] GC(200) Pause Young (Mixed) (G1 Evacuation Pause)
[126.276s][info][gc,task     ] GC(200) Using 2 workers of 2 for evacuation
[126.309s][info][gc,phases   ] GC(200)   Pre Evacuate Collection Set: 0.28ms
[126.309s][info][gc,phases   ] GC(200)   Merge Heap Roots: 0.22ms
[126.309s][info][gc,phases   ] GC(200)   Evacuate Collection Set: 32.11ms
[126.309s][info][gc,phases   ] GC(200)   Post Evacuate Collection Set: 0.62ms
[126.309s][info][gc,phases   ] GC(200)   Other: 0.08ms
[126.309s][info][gc,heap     ] GC(200) Eden regions: 171->0(200)
[126.309s][info][gc,heap     ] GC(200) Survivor regions: 19->24(24)
[126.309s][info][gc,heap     ] GC(200) Old regions: 272->224
[126.309s][info][gc,heap     ] GC(200) Humongous regions: 7->6
[126.309s][info][gc,metaspace] GC(200) Metaspace: 41421K(41856K)->41421K(41856K) NonClass: 38617K(38912K)->38617K(38912K) Class: 2804K(2944K)->2804K(2944K)
[126.309s][info][gc          ] GC(200) Pause Young (Mixed) (G1 Evacuation Pause) 468M->253M(643M) 33.520ms
[126.309s][info][gc,cpu      ] GC(200) User=0.07s Sys=0.00s Real=0.04s
[126.935s][info][gc,start    ] GC(201) Pause Young (Mixed) (G1 Evacuation Pause)
[126.935s][info][gc,task     ] GC(201) Using 2 workers of 2 for evacuation
[126.970s][info][gc,phases   ] GC(201)   Pre Evacuate Collection Set: 0.29ms
[126.970s][info][gc,phases   ] GC(201)   Merge Heap Roots: 0.52ms
[126.970s][info][gc,phases   ] GC(201)   Evacuate Collection Set: 33.67ms
[126.970s][info][gc,phases   ] GC(201)   Post Evacuate Collection Set: 0.54ms
[126.970s][info][gc,phases   ] GC(201)   Other: 0.07ms
[126.970s][info][gc,heap     ] GC(201) Eden regions: 200->0(239)
[126.970s][info][gc,heap     ] GC(201) Survivor regions: 24->12(28)
[126.970s][info][gc,heap     ] GC(201) Old regions: 224->196
[126.970s][info][gc,heap     ] GC(201) Humongous regions: 8->6
[126.970s][info][gc,metaspace] GC(201) Metaspace: 41426K(41856K)->41426K(41856K) NonClass: 38621K(38912K)->38621K(38912K) Class: 2804K(2944K)->2804K(2944K)
[126.970s][info][gc          ] GC(201) Pause Young (Mixed) (G1 Evacuation Pause) 455M->213M(643M) 35.301ms
[126.970s][info][gc,cpu      ] GC(201) User=0.07s Sys=0.00s Real=0.04s
[127.175s][info][gc,start    ] GC(202) Pause Young (Concurrent Start) (G1 Humongous Allocation)
[127.175s][info][gc,task     ] GC(202) Using 2 workers of 2 for evacuation
[127.201s][info][gc,phases   ] GC(202)   Pre Evacuate Collection Set: 0.28ms
[127.201s][info][gc,phases   ] GC(202)   Merge Heap Roots: 0.07ms
[127.201s][info][gc,phases   ] GC(202)   Evacuate Collection Set: 25.02ms
[127.201s][info][gc,phases   ] GC(202)   Post Evacuate Collection Set: 0.43ms
[127.201s][info][gc,phases   ] GC(202)   Other: 0.08ms
[127.201s][info][gc,heap     ] GC(202) Eden regions: 63->0(230)
[127.201s][info][gc,heap     ] GC(202) Survivor regions: 12->32(32)
[127.201s][info][gc,heap     ] GC(202) Old regions: 196->205
[127.201s][info][gc,heap     ] GC(202) Humongous regions: 6->6
[127.201s][info][gc,metaspace] GC(202) Metaspace: 41426K(41856K)->41426K(41856K) NonClass: 38621K(38912K)->38621K(38912K) Class: 2804K(2944K)->2804K(2944K)
[127.201s][info][gc          ] GC(202) Pause Young (Concurrent Start) (G1 Humongous Allocation) 275M->243M(643M) 26.075ms
[127.201s][info][gc,cpu      ] GC(202) User=0.06s Sys=0.00s Real=0.03s
[127.201s][info][gc          ] GC(203) Concurrent Mark Cycle
[127.201s][info][gc,marking  ] GC(203) Concurrent Scan Root Regions
[127.220s][info][gc,marking  ] GC(203) Concurrent Scan Root Regions 18.676ms
[127.220s][info][gc,marking  ] GC(203) Concurrent Mark
[127.220s][info][gc,marking  ] GC(203) Concurrent Mark From Roots
[127.220s][info][gc,task     ] GC(203) Using 1 workers of 1 for marking
[127.319s][info][gc,marking  ] GC(203) Concurrent Mark From Roots 99.474ms
[127.320s][info][gc,marking  ] GC(203) Concurrent Preclean
[127.320s][info][gc,marking  ] GC(203) Concurrent Preclean 0.045ms
[127.320s][info][gc,start    ] GC(203) Pause Remark
[127.334s][info][gc          ] GC(203) Pause Remark 273M->201M(574M) 14.205ms
[127.334s][info][gc,cpu      ] GC(203) User=0.03s Sys=0.00s Real=0.01s
[127.334s][info][gc,marking  ] GC(203) Concurrent Mark 114.015ms
[127.334s][info][gc,marking  ] GC(203) Concurrent Rebuild Remembered Sets and Scrub Regions
[127.381s][info][gc,marking  ] GC(203) Concurrent Rebuild Remembered Sets and Scrub Regions 47.285ms
[127.381s][info][gc,start    ] GC(203) Pause Cleanup
[127.382s][info][gc          ] GC(203) Pause Cleanup 214M->214M(574M) 0.062ms
[127.382s][info][gc,cpu      ] GC(203) User=0.00s Sys=0.00s Real=0.00s
[127.382s][info][gc,marking  ] GC(203) Concurrent Clear Claimed Marks
[127.382s][info][gc,marking  ] GC(203) Concurrent Clear Claimed Marks 0.039ms
[127.382s][info][gc,marking  ] GC(203) Concurrent Cleanup for Next Mark
[127.383s][info][gc,marking  ] GC(203) Concurrent Cleanup for Next Mark 1.700ms
[127.383s][info][gc          ] GC(203) Concurrent Mark Cycle 182.129ms
[127.994s][info][gc,start    ] GC(204) Pause Young (Prepare Mixed) (G1 Evacuation Pause)
[127.995s][info][gc,task     ] GC(204) Using 2 workers of 2 for evacuation
[128.019s][info][gc,phases   ] GC(204)   Pre Evacuate Collection Set: 0.28ms
[128.019s][info][gc,phases   ] GC(204)   Merge Heap Roots: 0.19ms
[128.019s][info][gc,phases   ] GC(204)   Evacuate Collection Set: 23.09ms
[128.019s][info][gc,phases   ] GC(204)   Post Evacuate Collection Set: 0.48ms
[128.019s][info][gc,phases   ] GC(204)   Other: 0.11ms
[128.019s][info][gc,heap     ] GC(204) Eden regions: 230->0(241)
[128.019s][info][gc,heap     ] GC(204) Survivor regions: 32->18(33)
[128.019s][info][gc,heap     ] GC(204) Old regions: 135->153
[128.019s][info][gc,heap     ] GC(204) Humongous regions: 7->5
[128.019s][info][gc,metaspace] GC(204) Metaspace: 41431K(41856K)->41431K(41856K) NonClass: 38626K(38912K)->38626K(38912K) Class: 2804K(2944K)->2804K(2944K)
[128.019s][info][gc          ] GC(204) Pause Young (Prepare Mixed) (G1 Evacuation Pause) 404M->175M(574M) 24.355ms
[128.019s][info][gc,cpu      ] GC(204) User=0.05s Sys=0.01s Real=0.03s
[128.729s][info][gc,start    ] GC(205) Pause Young (Mixed) (G1 Evacuation Pause)
[128.729s][info][gc,task     ] GC(205) Using 2 workers of 2 for evacuation
[128.752s][info][gc,phases   ] GC(205)   Pre Evacuate Collection Set: 0.25ms
[128.752s][info][gc,phases   ] GC(205)   Merge Heap Roots: 0.18ms
[128.753s][info][gc,phases   ] GC(205)   Evacuate Collection Set: 22.58ms
[128.753s][info][gc,phases   ] GC(205)   Post Evacuate Collection Set: 0.65ms
[128.753s][info][gc,phases   ] GC(205)   Other: 0.08ms
[128.753s][info][gc,heap     ] GC(205) Eden regions: 241->0(252)
[128.753s][info][gc,heap     ] GC(205) Survivor regions: 18->21(33)
[128.753s][info][gc,heap     ] GC(205) Old regions: 153->143
[128.753s][info][gc,heap     ] GC(205) Humongous regions: 8->5
[128.753s][info][gc,metaspace] GC(205) Metaspace: 41431K(41856K)->41431K(41856K) NonClass: 38626K(38912K)->38626K(38912K) Class: 2804K(2944K)->2804K(2944K)
[128.753s][info][gc          ] GC(205) Pause Young (Mixed) (G1 Evacuation Pause) 419M->168M(574M) 23.947ms
[128.753s][info][gc,cpu      ] GC(205) User=0.04s Sys=0.00s Real=0.02s
[129.463s][info][gc,start    ] GC(206) Pause Young (Concurrent Start) (G1 Humongous Allocation)
[129.463s][info][gc,task     ] GC(206) Using 2 workers of 2 for evacuation
[129.481s][info][gc,phases   ] GC(206)   Pre Evacuate Collection Set: 0.29ms
[129.481s][info][gc,phases   ] GC(206)   Merge Heap Roots: 0.07ms
[129.481s][info][gc,phases   ] GC(206)   Evacuate Collection Set: 16.55ms
[129.481s][info][gc,phases   ] GC(206)   Post Evacuate Collection Set: 0.67ms
[129.481s][info][gc,phases   ] GC(206)   Other: 0.14ms
[129.481s][info][gc,heap     ] GC(206) Eden regions: 240->0(269)
[129.481s][info][gc,heap     ] GC(206) Survivor regions: 21->2(35)
[129.481s][info][gc,heap     ] GC(206) Old regions: 143->163
[129.481s][info][gc,heap     ] GC(206) Humongous regions: 5->5
[129.481s][info][gc,metaspace] GC(206) Metaspace: 41431K(41856K)->41431K(41856K) NonClass: 38626K(38912K)->38626K(38912K) Class: 2804K(2944K)->2804K(2944K)
[129.481s][info][gc          ] GC(206) Pause Young (Concurrent Start) (G1 Humongous Allocation) 407M->169M(574M) 17.934ms
[129.481s][info][gc,cpu      ] GC(206) User=0.04s Sys=0.00s Real=0.02s
[129.481s][info][gc          ] GC(207) Concurrent Mark Cycle
[129.481s][info][gc,marking  ] GC(207) Concurrent Scan Root Regions
[129.499s][info][gc,marking  ] GC(207) Concurrent Scan Root Regions 17.249ms
[129.499s][info][gc,marking  ] GC(207) Concurrent Mark
[129.499s][info][gc,marking  ] GC(207) Concurrent Mark From Roots
[129.499s][info][gc,task     ] GC(207) Using 1 workers of 1 for marking
[129.601s][info][gc,marking  ] GC(207) Concurrent Mark From Roots 101.804ms
[129.601s][info][gc,marking  ] GC(207) Concurrent Preclean
[129.601s][info][gc,marking  ] GC(207) Concurrent Preclean 0.042ms
[129.601s][info][gc,start    ] GC(207) Pause Remark
[129.616s][info][gc          ] GC(207) Pause Remark 207M->162M(420M) 15.369ms
[129.616s][info][gc,cpu      ] GC(207) User=0.03s Sys=0.00s Real=0.01s
[129.616s][info][gc,marking  ] GC(207) Concurrent Mark 117.539ms
[129.616s][info][gc,marking  ] GC(207) Concurrent Rebuild Remembered Sets and Scrub Regions
[129.657s][info][gc,marking  ] GC(207) Concurrent Rebuild Remembered Sets and Scrub Regions 40.273ms
[129.657s][info][gc,start    ] GC(207) Pause Cleanup
[129.657s][info][gc          ] GC(207) Pause Cleanup 176M->176M(420M) 0.061ms
[129.657s][info][gc,cpu      ] GC(207) User=0.00s Sys=0.00s Real=0.00s
[129.657s][info][gc,marking  ] GC(207) Concurrent Clear Claimed Marks
[129.657s][info][gc,marking  ] GC(207) Concurrent Clear Claimed Marks 0.040ms
[129.657s][info][gc,marking  ] GC(207) Concurrent Cleanup for Next Mark
[129.658s][info][gc,marking  ] GC(207) Concurrent Cleanup for Next Mark 1.269ms
[129.658s][info][gc          ] GC(207) Concurrent Mark Cycle 176.785ms
[130.141s][info][gc,start    ] GC(208) Pause Young (Prepare Mixed) (G1 Evacuation Pause)
[130.141s][info][gc,task     ] GC(208) Using 2 workers of 2 for evacuation
[130.147s][info][gc,phases   ] GC(208)   Pre Evacuate Collection Set: 0.24ms
[130.147s][info][gc,phases   ] GC(208)   Merge Heap Roots: 0.15ms
[130.147s][info][gc,phases   ] GC(208)   Evacuate Collection Set: 5.53ms
[130.147s][info][gc,phases   ] GC(208)   Post Evacuate Collection Set: 0.47ms
[130.147s][info][gc,phases   ] GC(208)   Other: 0.07ms
[130.147s][info][gc,heap     ] GC(208) Eden regions: 250->0(214)
[130.147s][info][gc,heap     ] GC(208) Survivor regions: 2->6(32)
[130.147s][info][gc,heap     ] GC(208) Old regions: 120->120
[130.147s][info][gc,heap     ] GC(208) Humongous regions: 4->1
[130.148s][info][gc,metaspace] GC(208) Metaspace: 41440K(41856K)->41440K(41856K) NonClass: 38636K(38912K)->38636K(38912K) Class: 2804K(2944K)->2804K(2944K)
[130.148s][info][gc          ] GC(208) Pause Young (Prepare Mixed) (G1 Evacuation Pause) 375M->126M(420M) 6.641ms
[130.148s][info][gc,cpu      ] GC(208) User=0.01s Sys=0.00s Real=0.01s
[130.486s][info][gc,start    ] GC(209) Pause Young (Mixed) (G1 Evacuation Pause)
[130.486s][info][gc,task     ] GC(209) Using 2 workers of 2 for evacuation
[130.493s][info][gc,phases   ] GC(209)   Pre Evacuate Collection Set: 0.20ms
[130.493s][info][gc,phases   ] GC(209)   Merge Heap Roots: 0.11ms
[130.493s][info][gc,phases   ] GC(209)   Evacuate Collection Set: 5.29ms
[130.493s][info][gc,phases   ] GC(209)   Post Evacuate Collection Set: 0.47ms
[130.493s][info][gc,phases   ] GC(209)   Other: 0.07ms
[130.493s][info][gc,heap     ] GC(209) Eden regions: 214->0(241)
[130.493s][info][gc,heap     ] GC(209) Survivor regions: 6->7(28)
[130.493s][info][gc,heap     ] GC(209) Old regions: 120->94
[130.493s][info][gc,heap     ] GC(209) Humongous regions: 1->1
[130.493s][info][gc,metaspace] GC(209) Metaspace: 41454K(41856K)->41454K(41856K) NonClass: 38650K(38912K)->38650K(38912K) Class: 2804K(2944K)->2804K(2944K)
[130.493s][info][gc          ] GC(209) Pause Young (Mixed) (G1 Evacuation Pause) 340M->100M(420M) 6.324ms
[130.493s][info][gc,cpu      ] GC(209) User=0.01s Sys=0.00s Real=0.01s
[130.716s][info][gc,start    ] GC(210) Pause Young (Concurrent Start) (G1 Humongous Allocation)
[130.716s][info][gc,task     ] GC(210) Using 2 workers of 2 for evacuation
[130.720s][info][gc,phases   ] GC(210)   Pre Evacuate Collection Set: 0.20ms
[130.720s][info][gc,phases   ] GC(210)   Merge Heap Roots: 0.08ms
[130.720s][info][gc,phases   ] GC(210)   Evacuate Collection Set: 2.92ms
[130.720s][info][gc,phases   ] GC(210)   Post Evacuate Collection Set: 0.38ms
[130.720s][info][gc,phases   ] GC(210)   Other: 0.11ms
[130.720s][info][gc,heap     ] GC(210) Eden regions: 141->0(248)
[130.720s][info][gc,heap     ] GC(210) Survivor regions: 7->4(31)
[130.720s][info][gc,heap     ] GC(210) Old regions: 94->94
[130.720s][info][gc,heap     ] GC(210) Humongous regions: 1->1
[130.720s][info][gc,metaspace] GC(210) Metaspace: 41454K(41856K)->41454K(41856K) NonClass: 38650K(38912K)->38650K(38912K) Class: 2804K(2944K)->2804K(2944K)
[130.720s][info][gc          ] GC(210) Pause Young (Concurrent Start) (G1 Humongous Allocation) 241M->97M(420M) 3.902ms
[130.720s][info][gc,cpu      ] GC(210) User=0.01s Sys=0.00s Real=0.01s
[130.720s][info][gc          ] GC(211) Concurrent Mark Cycle
[130.720s][info][gc,marking  ] GC(211) Concurrent Scan Root Regions
[130.722s][info][gc,marking  ] GC(211) Concurrent Scan Root Regions 2.333ms
[130.722s][info][gc,marking  ] GC(211) Concurrent Mark
[130.722s][info][gc,marking  ] GC(211) Concurrent Mark From Roots
[130.722s][info][gc,task     ] GC(211) Using 1 workers of 1 for marking
[130.819s][info][gc,marking  ] GC(211) Concurrent Mark From Roots 96.411ms
[130.819s][info][gc,marking  ] GC(211) Concurrent Preclean
[130.819s][info][gc,marking  ] GC(211) Concurrent Preclean 0.068ms
[130.819s][info][gc,start    ] GC(211) Pause Remark
[130.833s][info][gc          ] GC(211) Pause Remark 117M->102M(284M) 13.983ms
[130.833s][info][gc,cpu      ] GC(211) User=0.03s Sys=0.00s Real=0.01s
[130.833s][info][gc,marking  ] GC(211) Concurrent Mark 110.745ms
[130.833s][info][gc,marking  ] GC(211) Concurrent Rebuild Remembered Sets and Scrub Regions
[130.866s][info][gc,marking  ] GC(211) Concurrent Rebuild Remembered Sets and Scrub Regions 32.947ms
[130.866s][info][gc,start    ] GC(211) Pause Cleanup
[130.866s][info][gc          ] GC(211) Pause Cleanup 106M->106M(284M) 0.047ms
[130.866s][info][gc,cpu      ] GC(211) User=0.00s Sys=0.00s Real=0.00s
[130.866s][info][gc,marking  ] GC(211) Concurrent Clear Claimed Marks
[130.866s][info][gc,marking  ] GC(211) Concurrent Clear Claimed Marks 0.037ms
[130.866s][info][gc,marking  ] GC(211) Concurrent Cleanup for Next Mark
[130.867s][info][gc,marking  ] GC(211) Concurrent Cleanup for Next Mark 0.865ms
[130.867s][info][gc          ] GC(211) Concurrent Mark Cycle 147.289ms
[131.334s][info][gc,start    ] GC(212) Pause Young (Prepare Mixed) (G1 Evacuation Pause)
[131.334s][info][gc,task     ] GC(212) Using 2 workers of 2 for evacuation
[131.346s][info][gc,phases   ] GC(212)   Pre Evacuate Collection Set: 0.21ms
[131.346s][info][gc,phases   ] GC(212)   Merge Heap Roots: 0.08ms
[131.346s][info][gc,phases   ] GC(212)   Evacuate Collection Set: 10.68ms
[131.346s][info][gc,phases   ] GC(212)   Post Evacuate Collection Set: 0.78ms
[131.346s][info][gc,phases   ] GC(212)   Other: 0.08ms
[131.346s][info][gc,heap     ] GC(212) Eden regions: 79->0(231)
[131.346s][info][gc,heap     ] GC(212) Survivor regions: 4->9(28)
[131.346s][info][gc,heap     ] GC(212) Old regions: 78->78
[131.346s][info][gc,heap     ] GC(212) Humongous regions: 231->3
[131.346s][info][gc,metaspace] GC(212) Metaspace: 41493K(41856K)->41493K(41856K) NonClass: 38689K(38912K)->38689K(38912K) Class: 2804K(2944K)->2804K(2944K)
[131.346s][info][gc          ] GC(212) Pause Young (Prepare Mixed) (G1 Evacuation Pause) 391M->89M(401M) 12.002ms
[131.346s][info][gc,cpu      ] GC(212) User=0.02s Sys=0.01s Real=0.01s
[131.915s][info][gc,start    ] GC(213) Pause Young (Mixed) (G1 Evacuation Pause)
[131.915s][info][gc,task     ] GC(213) Using 2 workers of 2 for evacuation
[131.942s][info][gc,phases   ] GC(213)   Pre Evacuate Collection Set: 0.25ms
[131.942s][info][gc,phases   ] GC(213)   Merge Heap Roots: 0.21ms
[131.942s][info][gc,phases   ] GC(213)   Evacuate Collection Set: 25.47ms
[131.942s][info][gc,phases   ] GC(213)   Post Evacuate Collection Set: 0.88ms
[131.942s][info][gc,phases   ] GC(213)   Other: 0.07ms
[131.942s][info][gc,heap     ] GC(213) Eden regions: 57->0(290)
[131.942s][info][gc,heap     ] GC(213) Survivor regions: 9->14(33)
[131.942s][info][gc,heap     ] GC(213) Old regions: 78->64
[131.942s][info][gc,heap     ] GC(213) Humongous regions: 345->3
[131.942s][info][gc,metaspace] GC(213) Metaspace: 41510K(41920K)->41510K(41920K) NonClass: 38706K(38976K)->38706K(38976K) Class: 2804K(2944K)->2804K(2944K)
[131.942s][info][gc          ] GC(213) Pause Young (Mixed) (G1 Evacuation Pause) 488M->79M(507M) 27.068ms
[131.942s][info][gc,cpu      ] GC(213) User=0.04s Sys=0.01s Real=0.03s
[131.944s][info][gc,start    ] GC(214) Pause Young (Concurrent Start) (G1 Humongous Allocation)
[131.945s][info][gc,task     ] GC(214) Using 2 workers of 2 for evacuation
[131.955s][info][gc,phases   ] GC(214)   Pre Evacuate Collection Set: 0.23ms
[131.955s][info][gc,phases   ] GC(214)   Merge Heap Roots: 0.04ms
[131.955s][info][gc,phases   ] GC(214)   Evacuate Collection Set: 10.11ms
[131.955s][info][gc,phases   ] GC(214)   Post Evacuate Collection Set: 0.28ms
[131.955s][info][gc,phases   ] GC(214)   Other: 0.11ms
[131.955s][info][gc,heap     ] GC(214) Eden regions: 1->0(290)
[131.955s][info][gc,heap     ] GC(214) Survivor regions: 14->14(38)
[131.955s][info][gc,heap     ] GC(214) Old regions: 64->64
[131.955s][info][gc,heap     ] GC(214) Humongous regions: 3->1
[131.955s][info][gc,metaspace] GC(214) Metaspace: 41510K(41920K)->41510K(41920K) NonClass: 38706K(38976K)->38706K(38976K) Class: 2804K(2944K)->2804K(2944K)
[131.955s][info][gc          ] GC(214) Pause Young (Concurrent Start) (G1 Humongous Allocation) 80M->77M(507M) 10.923ms
[131.955s][info][gc,cpu      ] GC(214) User=0.02s Sys=0.00s Real=0.01s
[131.955s][info][gc          ] GC(215) Concurrent Mark Cycle
[131.955s][info][gc,marking  ] GC(215) Concurrent Scan Root Regions
[131.971s][info][gc,marking  ] GC(215) Concurrent Scan Root Regions 15.579ms
[131.971s][info][gc,marking  ] GC(215) Concurrent Mark
[131.971s][info][gc,marking  ] GC(215) Concurrent Mark From Roots
[131.971s][info][gc,task     ] GC(215) Using 1 workers of 1 for marking
[132.107s][info][gc,marking  ] GC(215) Concurrent Mark From Roots 136.072ms
[132.107s][info][gc,marking  ] GC(215) Concurrent Preclean
[132.107s][info][gc,marking  ] GC(215) Concurrent Preclean 0.039ms
[132.107s][info][gc,start    ] GC(215) Pause Remark
[132.122s][info][gc          ] GC(215) Pause Remark 159M->159M(490M) 14.249ms
[132.122s][info][gc,cpu      ] GC(215) User=0.03s Sys=0.00s Real=0.01s
[132.123s][info][gc,marking  ] GC(215) Concurrent Mark 152.072ms
[132.123s][info][gc,marking  ] GC(215) Concurrent Rebuild Remembered Sets and Scrub Regions
[132.180s][info][gc,marking  ] GC(215) Concurrent Rebuild Remembered Sets and Scrub Regions 57.277ms
[132.181s][info][gc,start    ] GC(215) Pause Cleanup
[132.181s][info][gc          ] GC(215) Pause Cleanup 205M->205M(490M) 0.069ms
[132.181s][info][gc,cpu      ] GC(215) User=0.00s Sys=0.00s Real=0.00s
[132.181s][info][gc,marking  ] GC(215) Concurrent Clear Claimed Marks
[132.181s][info][gc,marking  ] GC(215) Concurrent Clear Claimed Marks 0.041ms
[132.181s][info][gc,marking  ] GC(215) Concurrent Cleanup for Next Mark
[132.188s][info][gc,marking  ] GC(215) Concurrent Cleanup for Next Mark 7.240ms
[132.188s][info][gc          ] GC(215) Concurrent Mark Cycle 232.605ms
[132.743s][info][gc,start    ] GC(216) Pause Young (Prepare Mixed) (G1 Evacuation Pause)
[132.743s][info][gc,task     ] GC(216) Using 2 workers of 2 for evacuation
[132.776s][info][gc,phases   ] GC(216)   Pre Evacuate Collection Set: 0.28ms
[132.776s][info][gc,phases   ] GC(216)   Merge Heap Roots: 0.07ms
[132.776s][info][gc,phases   ] GC(216)   Evacuate Collection Set: 30.86ms
[132.776s][info][gc,phases   ] GC(216)   Post Evacuate Collection Set: 0.94ms
[132.776s][info][gc,phases   ] GC(216)   Other: 0.09ms
[132.776s][info][gc,heap     ] GC(216) Eden regions: 79->0(346)
[132.776s][info][gc,heap     ] GC(216) Survivor regions: 14->24(44)
[132.776s][info][gc,heap     ] GC(216) Old regions: 64->64
[132.776s][info][gc,heap     ] GC(216) Humongous regions: 437->3
[132.776s][info][gc,metaspace] GC(216) Metaspace: 41520K(41920K)->41520K(41920K) NonClass: 38716K(38976K)->38716K(38976K) Class: 2804K(2944K)->2804K(2944K)
[132.776s][info][gc          ] GC(216) Pause Young (Prepare Mixed) (G1 Evacuation Pause) 592M->89M(618M) 32.448ms
[132.776s][info][gc,cpu      ] GC(216) User=0.05s Sys=0.02s Real=0.03s
[133.709s][info][gc,start    ] GC(217) Pause Young (Mixed) (G1 Evacuation Pause)
[133.709s][info][gc,task     ] GC(217) Using 2 workers of 2 for evacuation
[133.730s][info][gc,phases   ] GC(217)   Pre Evacuate Collection Set: 0.89ms
[133.730s][info][gc,phases   ] GC(217)   Merge Heap Roots: 0.14ms
[133.730s][info][gc,phases   ] GC(217)   Evacuate Collection Set: 18.33ms
[133.730s][info][gc,phases   ] GC(217)   Post Evacuate Collection Set: 1.11ms
[133.730s][info][gc,phases   ] GC(217)   Other: 0.10ms
[133.730s][info][gc,heap     ] GC(217) Eden regions: 163->0(368)
[133.730s][info][gc,heap     ] GC(217) Survivor regions: 24->9(47)
[133.730s][info][gc,heap     ] GC(217) Old regions: 64->60
[133.730s][info][gc,heap     ] GC(217) Humongous regions: 367->1
[133.730s][info][gc,metaspace] GC(217) Metaspace: 41573K(41984K)->41573K(41984K) NonClass: 38769K(39040K)->38769K(39040K) Class: 2804K(2944K)->2804K(2944K)
[133.730s][info][gc          ] GC(217) Pause Young (Mixed) (G1 Evacuation Pause) 616M->67M(629M) 20.818ms
[133.730s][info][gc,cpu      ] GC(217) User=0.03s Sys=0.00s Real=0.02s
[133.804s][info][gc,start    ] GC(218) Pause Young (Concurrent Start) (G1 Humongous Allocation)
[133.804s][info][gc,task     ] GC(218) Using 2 workers of 2 for evacuation
[133.812s][info][gc,phases   ] GC(218)   Pre Evacuate Collection Set: 0.32ms
[133.812s][info][gc,phases   ] GC(218)   Merge Heap Roots: 0.05ms
[133.812s][info][gc,phases   ] GC(218)   Evacuate Collection Set: 7.37ms
[133.812s][info][gc,phases   ] GC(218)   Post Evacuate Collection Set: 0.73ms
[133.812s][info][gc,phases   ] GC(218)   Other: 0.16ms
[133.812s][info][gc,heap     ] GC(218) Eden regions: 26->0(367)
[133.812s][info][gc,heap     ] GC(218) Survivor regions: 9->10(48)
[133.812s][info][gc,heap     ] GC(218) Old regions: 60->60
[133.812s][info][gc,heap     ] GC(218) Humongous regions: 1->1
[133.812s][info][gc,metaspace] GC(218) Metaspace: 41576K(41984K)->41576K(41984K) NonClass: 38771K(39040K)->38771K(39040K) Class: 2804K(2944K)->2804K(2944K)
[133.812s][info][gc          ] GC(218) Pause Young (Concurrent Start) (G1 Humongous Allocation) 93M->68M(629M) 8.812ms
[133.812s][info][gc,cpu      ] GC(218) User=0.02s Sys=0.00s Real=0.01s
[133.812s][info][gc          ] GC(219) Concurrent Mark Cycle
[133.812s][info][gc,marking  ] GC(219) Concurrent Scan Root Regions
[133.821s][info][gc,marking  ] GC(219) Concurrent Scan Root Regions 8.245ms
[133.821s][info][gc,marking  ] GC(219) Concurrent Mark
[133.821s][info][gc,marking  ] GC(219) Concurrent Mark From Roots
[133.821s][info][gc,task     ] GC(219) Using 1 workers of 1 for marking
[133.954s][info][gc,marking  ] GC(219) Concurrent Mark From Roots 133.614ms
[133.954s][info][gc,marking  ] GC(219) Concurrent Preclean
[133.954s][info][gc,marking  ] GC(219) Concurrent Preclean 0.040ms
[133.955s][info][gc,start    ] GC(219) Pause Remark
[133.969s][info][gc          ] GC(219) Pause Remark 99M->95M(256M) 14.750ms
[133.969s][info][gc,cpu      ] GC(219) User=0.03s Sys=0.00s Real=0.02s
[133.969s][info][gc,marking  ] GC(219) Concurrent Mark 148.729ms
[133.969s][info][gc,marking  ] GC(219) Concurrent Rebuild Remembered Sets and Scrub Regions
[133.995s][info][gc,marking  ] GC(219) Concurrent Rebuild Remembered Sets and Scrub Regions 25.237ms
[133.996s][info][gc,start    ] GC(219) Pause Cleanup
[133.996s][info][gc          ] GC(219) Pause Cleanup 99M->99M(256M) 0.052ms
[133.996s][info][gc,cpu      ] GC(219) User=0.00s Sys=0.00s Real=0.00s
[133.996s][info][gc,marking  ] GC(219) Concurrent Clear Claimed Marks
[133.996s][info][gc,marking  ] GC(219) Concurrent Clear Claimed Marks 0.038ms
[133.996s][info][gc,marking  ] GC(219) Concurrent Cleanup for Next Mark
[133.997s][info][gc,marking  ] GC(219) Concurrent Cleanup for Next Mark 0.929ms
[133.997s][info][gc          ] GC(219) Concurrent Mark Cycle 184.432ms
[134.339s][info][gc,start    ] GC(220) Pause Young (Prepare Mixed) (G1 Evacuation Pause)
[134.339s][info][gc,task     ] GC(220) Using 2 workers of 2 for evacuation
[134.350s][info][gc,phases   ] GC(220)   Pre Evacuate Collection Set: 0.17ms
[134.350s][info][gc,phases   ] GC(220)   Merge Heap Roots: 0.08ms
[134.350s][info][gc,phases   ] GC(220)   Evacuate Collection Set: 10.26ms
[134.350s][info][gc,phases   ] GC(220)   Post Evacuate Collection Set: 0.55ms
[134.350s][info][gc,phases   ] GC(220)   Other: 0.07ms
[134.350s][info][gc,heap     ] GC(220) Eden regions: 143->0(142)
[134.350s][info][gc,heap     ] GC(220) Survivor regions: 10->11(20)
[134.350s][info][gc,heap     ] GC(220) Old regions: 56->56
[134.350s][info][gc,heap     ] GC(220) Humongous regions: 13->1
[134.350s][info][gc,metaspace] GC(220) Metaspace: 41591K(41984K)->41591K(41984K) NonClass: 38787K(39040K)->38787K(39040K) Class: 2804K(2944K)->2804K(2944K)
[134.350s][info][gc          ] GC(220) Pause Young (Prepare Mixed) (G1 Evacuation Pause) 219M->66M(256M) 11.328ms
[134.350s][info][gc,cpu      ] GC(220) User=0.02s Sys=0.00s Real=0.01s
[134.680s][info][gc,start    ] GC(221) Pause Young (Mixed) (G1 Evacuation Pause)
[134.680s][info][gc,task     ] GC(221) Using 2 workers of 2 for evacuation
[134.695s][info][gc,phases   ] GC(221)   Pre Evacuate Collection Set: 0.16ms
[134.695s][info][gc,phases   ] GC(221)   Merge Heap Roots: 0.10ms
[134.695s][info][gc,phases   ] GC(221)   Evacuate Collection Set: 14.33ms
[134.695s][info][gc,phases   ] GC(221)   Post Evacuate Collection Set: 0.59ms
[134.695s][info][gc,phases   ] GC(221)   Other: 0.08ms
[134.695s][info][gc,heap     ] GC(221) Eden regions: 142->0(141)
[134.695s][info][gc,heap     ] GC(221) Survivor regions: 11->12(20)
[134.695s][info][gc,heap     ] GC(221) Old regions: 56->53
[134.695s][info][gc,heap     ] GC(221) Humongous regions: 1->1
[134.695s][info][gc,metaspace] GC(221) Metaspace: 41592K(41984K)->41592K(41984K) NonClass: 38788K(39040K)->38788K(39040K) Class: 2804K(2944K)->2804K(2944K)
[134.695s][info][gc          ] GC(221) Pause Young (Mixed) (G1 Evacuation Pause) 208M->64M(256M) 15.480ms
[134.696s][info][gc,cpu      ] GC(221) User=0.03s Sys=0.00s Real=0.01s
[135.015s][info][gc,start    ] GC(222) Pause Young (Concurrent Start) (G1 Evacuation Pause)
[135.015s][info][gc,task     ] GC(222) Using 2 workers of 2 for evacuation
[135.028s][info][gc,phases   ] GC(222)   Pre Evacuate Collection Set: 0.23ms
[135.028s][info][gc,phases   ] GC(222)   Merge Heap Roots: 0.11ms
[135.028s][info][gc,phases   ] GC(222)   Evacuate Collection Set: 11.57ms
[135.028s][info][gc,phases   ] GC(222)   Post Evacuate Collection Set: 0.55ms
[135.028s][info][gc,phases   ] GC(222)   Other: 0.09ms
[135.028s][info][gc,heap     ] GC(222) Eden regions: 141->0(142)
[135.028s][info][gc,heap     ] GC(222) Survivor regions: 12->11(20)
[135.028s][info][gc,heap     ] GC(222) Old regions: 53->55
[135.028s][info][gc,heap     ] GC(222) Humongous regions: 1->1
[135.028s][info][gc,metaspace] GC(222) Metaspace: 41593K(41984K)->41593K(41984K) NonClass: 38788K(39040K)->38788K(39040K) Class: 2804K(2944K)->2804K(2944K)
[135.028s][info][gc          ] GC(222) Pause Young (Concurrent Start) (G1 Evacuation Pause) 205M->65M(256M) 12.751ms
[135.028s][info][gc,cpu      ] GC(222) User=0.02s Sys=0.00s Real=0.02s
[135.031s][info][gc          ] GC(223) Concurrent Mark Cycle
[135.031s][info][gc,marking  ] GC(223) Concurrent Scan Root Regions
[135.042s][info][gc,marking  ] GC(223) Concurrent Scan Root Regions 11.052ms
[135.042s][info][gc,marking  ] GC(223) Concurrent Mark
[135.042s][info][gc,marking  ] GC(223) Concurrent Mark From Roots
[135.042s][info][gc,task     ] GC(223) Using 1 workers of 1 for marking
[135.157s][info][gc,marking  ] GC(223) Concurrent Mark From Roots 115.074ms
[135.157s][info][gc,marking  ] GC(223) Concurrent Preclean
[135.157s][info][gc,marking  ] GC(223) Concurrent Preclean 0.053ms
[135.157s][info][gc,start    ] GC(223) Pause Remark
[135.172s][info][gc          ] GC(223) Pause Remark 93M->93M(256M) 15.070ms
[135.172s][info][gc,cpu      ] GC(223) User=0.03s Sys=0.00s Real=0.01s
[135.172s][info][gc,marking  ] GC(223) Concurrent Mark 130.476ms
[135.172s][info][gc,marking  ] GC(223) Concurrent Rebuild Remembered Sets and Scrub Regions
[135.200s][info][gc,marking  ] GC(223) Concurrent Rebuild Remembered Sets and Scrub Regions 27.780ms
[135.200s][info][gc,start    ] GC(223) Pause Cleanup
[135.200s][info][gc          ] GC(223) Pause Cleanup 99M->99M(256M) 0.047ms
[135.200s][info][gc,cpu      ] GC(223) User=0.00s Sys=0.00s Real=0.00s
[135.200s][info][gc,marking  ] GC(223) Concurrent Clear Claimed Marks
[135.200s][info][gc,marking  ] GC(223) Concurrent Clear Claimed Marks 0.036ms
[135.200s][info][gc,marking  ] GC(223) Concurrent Cleanup for Next Mark
[135.201s][info][gc,marking  ] GC(223) Concurrent Cleanup for Next Mark 0.773ms
[135.201s][info][gc          ] GC(223) Concurrent Mark Cycle 170.465ms
[135.456s][info][gc,start    ] GC(224) Pause Young (Prepare Mixed) (G1 Evacuation Pause)
[135.456s][info][gc,task     ] GC(224) Using 2 workers of 2 for evacuation
[135.465s][info][gc,phases   ] GC(224)   Pre Evacuate Collection Set: 0.15ms
[135.465s][info][gc,phases   ] GC(224)   Merge Heap Roots: 0.09ms
[135.465s][info][gc,phases   ] GC(224)   Evacuate Collection Set: 7.81ms
[135.465s][info][gc,phases   ] GC(224)   Post Evacuate Collection Set: 0.51ms
[135.465s][info][gc,phases   ] GC(224)   Other: 0.08ms
[135.465s][info][gc,heap     ] GC(224) Eden regions: 142->0(141)
[135.465s][info][gc,heap     ] GC(224) Survivor regions: 11->12(20)
[135.465s][info][gc,heap     ] GC(224) Old regions: 55->55
[135.465s][info][gc,heap     ] GC(224) Humongous regions: 1->1
[135.465s][info][gc,metaspace] GC(224) Metaspace: 41597K(41984K)->41597K(41984K) NonClass: 38793K(39040K)->38793K(39040K) Class: 2804K(2944K)->2804K(2944K)
[135.465s][info][gc          ] GC(224) Pause Young (Prepare Mixed) (G1 Evacuation Pause) 207M->66M(256M) 8.874ms
[135.465s][info][gc,cpu      ] GC(224) User=0.02s Sys=0.00s Real=0.01s
[135.782s][info][gc,start    ] GC(225) Pause Young (Mixed) (G1 Evacuation Pause)
[135.782s][info][gc,task     ] GC(225) Using 2 workers of 2 for evacuation
[135.794s][info][gc,phases   ] GC(225)   Pre Evacuate Collection Set: 0.20ms
[135.794s][info][gc,phases   ] GC(225)   Merge Heap Roots: 0.10ms
[135.794s][info][gc,phases   ] GC(225)   Evacuate Collection Set: 11.49ms
[135.794s][info][gc,phases   ] GC(225)   Post Evacuate Collection Set: 0.49ms
[135.794s][info][gc,phases   ] GC(225)   Other: 0.09ms
[135.794s][info][gc,heap     ] GC(225) Eden regions: 141->0(149)
[135.794s][info][gc,heap     ] GC(225) Survivor regions: 12->4(20)
[135.794s][info][gc,heap     ] GC(225) Old regions: 55->57
[135.794s][info][gc,heap     ] GC(225) Humongous regions: 1->1
[135.794s][info][gc,metaspace] GC(225) Metaspace: 41597K(41984K)->41597K(41984K) NonClass: 38793K(39040K)->38793K(39040K) Class: 2804K(2944K)->2804K(2944K)
[135.794s][info][gc          ] GC(225) Pause Young (Mixed) (G1 Evacuation Pause) 207M->61M(256M) 12.566ms
[135.794s][info][gc,cpu      ] GC(225) User=0.02s Sys=0.00s Real=0.01s
[136.139s][info][gc,start    ] GC(226) Pause Young (Concurrent Start) (G1 Evacuation Pause)
[136.139s][info][gc,task     ] GC(226) Using 2 workers of 2 for evacuation
[136.145s][info][gc,phases   ] GC(226)   Pre Evacuate Collection Set: 0.19ms
[136.145s][info][gc,phases   ] GC(226)   Merge Heap Roots: 0.06ms
[136.145s][info][gc,phases   ] GC(226)   Evacuate Collection Set: 5.10ms
[136.145s][info][gc,phases   ] GC(226)   Post Evacuate Collection Set: 0.37ms
[136.145s][info][gc,phases   ] GC(226)   Other: 0.10ms
[136.145s][info][gc,heap     ] GC(226) Eden regions: 149->0(149)
[136.145s][info][gc,heap     ] GC(226) Survivor regions: 4->4(20)
[136.145s][info][gc,heap     ] GC(226) Old regions: 57->57
[136.145s][info][gc,heap     ] GC(226) Humongous regions: 1->1
[136.145s][info][gc,metaspace] GC(226) Metaspace: 41597K(41984K)->41597K(41984K) NonClass: 38793K(39040K)->38793K(39040K) Class: 2804K(2944K)->2804K(2944K)
[136.145s][info][gc          ] GC(226) Pause Young (Concurrent Start) (G1 Evacuation Pause) 210M->61M(256M) 5.998ms
[136.145s][info][gc,cpu      ] GC(226) User=0.01s Sys=0.00s Real=0.00s
[136.145s][info][gc          ] GC(227) Concurrent Mark Cycle
[136.145s][info][gc,marking  ] GC(227) Concurrent Scan Root Regions
[136.149s][info][gc,marking  ] GC(227) Concurrent Scan Root Regions 3.363ms
[136.149s][info][gc,marking  ] GC(227) Concurrent Mark
[136.149s][info][gc,marking  ] GC(227) Concurrent Mark From Roots
[136.149s][info][gc,task     ] GC(227) Using 1 workers of 1 for marking
[136.268s][info][gc,marking  ] GC(227) Concurrent Mark From Roots 119.109ms
[136.268s][info][gc,marking  ] GC(227) Concurrent Preclean
[136.268s][info][gc,marking  ] GC(227) Concurrent Preclean 0.051ms
[136.268s][info][gc,start    ] GC(227) Pause Remark
[136.296s][info][gc          ] GC(227) Pause Remark 89M->89M(256M) 27.793ms
[136.296s][info][gc,cpu      ] GC(227) User=0.03s Sys=0.00s Real=0.02s
[136.296s][info][gc,marking  ] GC(227) Concurrent Mark 147.290ms
[136.296s][info][gc,marking  ] GC(227) Concurrent Rebuild Remembered Sets and Scrub Regions
[136.328s][info][gc,marking  ] GC(227) Concurrent Rebuild Remembered Sets and Scrub Regions 31.997ms
[136.328s][info][gc,start    ] GC(227) Pause Cleanup
[136.328s][info][gc          ] GC(227) Pause Cleanup 92M->92M(256M) 0.067ms
[136.328s][info][gc,cpu      ] GC(227) User=0.00s Sys=0.00s Real=0.00s
[136.328s][info][gc,marking  ] GC(227) Concurrent Clear Claimed Marks
[136.328s][info][gc,marking  ] GC(227) Concurrent Clear Claimed Marks 0.045ms
[136.328s][info][gc,marking  ] GC(227) Concurrent Cleanup for Next Mark
[136.329s][info][gc,marking  ] GC(227) Concurrent Cleanup for Next Mark 0.775ms
[136.329s][info][gc          ] GC(227) Concurrent Mark Cycle 183.934ms
[136.689s][info][gc,start    ] GC(228) Pause Young (Prepare Mixed) (G1 Evacuation Pause)
[136.690s][info][gc,task     ] GC(228) Using 2 workers of 2 for evacuation
[136.698s][info][gc,phases   ] GC(228)   Pre Evacuate Collection Set: 0.19ms
[136.698s][info][gc,phases   ] GC(228)   Merge Heap Roots: 0.07ms
[136.698s][info][gc,phases   ] GC(228)   Evacuate Collection Set: 7.63ms
[136.698s][info][gc,phases   ] GC(228)   Post Evacuate Collection Set: 0.60ms
[136.698s][info][gc,phases   ] GC(228)   Other: 0.09ms
[136.698s][info][gc,heap     ] GC(228) Eden regions: 149->0(147)
[136.698s][info][gc,heap     ] GC(228) Survivor regions: 4->6(20)
[136.698s][info][gc,heap     ] GC(228) Old regions: 57->57
[136.698s][info][gc,heap     ] GC(228) Humongous regions: 1->1
[136.698s][info][gc,metaspace] GC(228) Metaspace: 41604K(41984K)->41604K(41984K) NonClass: 38800K(39040K)->38800K(39040K) Class: 2804K(2944K)->2804K(2944K)
[136.698s][info][gc          ] GC(228) Pause Young (Prepare Mixed) (G1 Evacuation Pause) 210M->62M(256M) 8.792ms
[136.698s][info][gc,cpu      ] GC(228) User=0.01s Sys=0.00s Real=0.01s
[137.065s][info][gc,start    ] GC(229) Pause Young (Mixed) (G1 Evacuation Pause)
[137.065s][info][gc,task     ] GC(229) Using 2 workers of 2 for evacuation
[137.089s][info][gc,phases   ] GC(229)   Pre Evacuate Collection Set: 0.19ms
[137.089s][info][gc,phases   ] GC(229)   Merge Heap Roots: 0.20ms
[137.089s][info][gc,phases   ] GC(229)   Evacuate Collection Set: 23.05ms
[137.089s][info][gc,phases   ] GC(229)   Post Evacuate Collection Set: 0.62ms
[137.089s][info][gc,phases   ] GC(229)   Other: 0.09ms
[137.089s][info][gc,heap     ] GC(229) Eden regions: 147->0(142)
[137.089s][info][gc,heap     ] GC(229) Survivor regions: 6->11(20)
[137.089s][info][gc,heap     ] GC(229) Old regions: 57->55
[137.089s][info][gc,heap     ] GC(229) Humongous regions: 1->1
[137.089s][info][gc,metaspace] GC(229) Metaspace: 41604K(41984K)->41604K(41984K) NonClass: 38800K(39040K)->38800K(39040K) Class: 2804K(2944K)->2804K(2944K)
[137.089s][info][gc          ] GC(229) Pause Young (Mixed) (G1 Evacuation Pause) 209M->65M(256M) 24.338ms
[137.089s][info][gc,cpu      ] GC(229) User=0.05s Sys=0.00s Real=0.03s
[137.733s][info][gc,start    ] GC(230) Pause Young (Concurrent Start) (G1 Evacuation Pause)
[137.733s][info][gc,task     ] GC(230) Using 2 workers of 2 for evacuation
[137.740s][info][gc,phases   ] GC(230)   Pre Evacuate Collection Set: 0.17ms
[137.740s][info][gc,phases   ] GC(230)   Merge Heap Roots: 0.09ms
[137.740s][info][gc,phases   ] GC(230)   Evacuate Collection Set: 5.57ms
[137.740s][info][gc,phases   ] GC(230)   Post Evacuate Collection Set: 0.47ms
[137.740s][info][gc,phases   ] GC(230)   Other: 0.11ms
[137.740s][info][gc,heap     ] GC(230) Eden regions: 142->0(149)
[137.740s][info][gc,heap     ] GC(230) Survivor regions: 11->4(20)
[137.740s][info][gc,heap     ] GC(230) Old regions: 55->55
[137.740s][info][gc,heap     ] GC(230) Humongous regions: 1->1
[137.740s][info][gc,metaspace] GC(230) Metaspace: 41637K(41984K)->41637K(41984K) NonClass: 38832K(39040K)->38832K(39040K) Class: 2804K(2944K)->2804K(2944K)
[137.740s][info][gc          ] GC(230) Pause Young (Concurrent Start) (G1 Evacuation Pause) 207M->59M(256M) 6.585ms
[137.740s][info][gc,cpu      ] GC(230) User=0.02s Sys=0.00s Real=0.01s
[137.741s][info][gc          ] GC(231) Concurrent Mark Cycle
[137.741s][info][gc,marking  ] GC(231) Concurrent Scan Root Regions
[137.749s][info][gc,marking  ] GC(231) Concurrent Scan Root Regions 7.781ms
[137.749s][info][gc,marking  ] GC(231) Concurrent Mark
[137.749s][info][gc,marking  ] GC(231) Concurrent Mark From Roots
[137.749s][info][gc,task     ] GC(231) Using 1 workers of 1 for marking
[137.849s][info][gc,marking  ] GC(231) Concurrent Mark From Roots 100.344ms
[137.849s][info][gc,marking  ] GC(231) Concurrent Preclean
[137.849s][info][gc,marking  ] GC(231) Concurrent Preclean 0.205ms
[137.849s][info][gc,start    ] GC(231) Pause Remark
[137.866s][info][gc          ] GC(231) Pause Remark 67M->66M(256M) 16.192ms
[137.866s][info][gc,cpu      ] GC(231) User=0.03s Sys=0.00s Real=0.01s
[137.866s][info][gc,marking  ] GC(231) Concurrent Mark 117.627ms
[137.866s][info][gc,marking  ] GC(231) Concurrent Rebuild Remembered Sets and Scrub Regions
[137.889s][info][gc,marking  ] GC(231) Concurrent Rebuild Remembered Sets and Scrub Regions 22.740ms
[137.889s][info][gc,start    ] GC(231) Pause Cleanup
[137.889s][info][gc          ] GC(231) Pause Cleanup 68M->68M(256M) 0.043ms
[137.889s][info][gc,cpu      ] GC(231) User=0.00s Sys=0.00s Real=0.00s
[137.889s][info][gc,marking  ] GC(231) Concurrent Clear Claimed Marks
[137.889s][info][gc,marking  ] GC(231) Concurrent Clear Claimed Marks 0.036ms
[137.889s][info][gc,marking  ] GC(231) Concurrent Cleanup for Next Mark
[137.890s][info][gc,marking  ] GC(231) Concurrent Cleanup for Next Mark 0.759ms
[137.890s][info][gc          ] GC(231) Concurrent Mark Cycle 149.288ms
[138.848s][info][gc,start    ] GC(232) Pause Young (Prepare Mixed) (G1 Evacuation Pause)
[138.849s][info][gc,task     ] GC(232) Using 2 workers of 2 for evacuation
[138.856s][info][gc,phases   ] GC(232)   Pre Evacuate Collection Set: 0.17ms
[138.856s][info][gc,phases   ] GC(232)   Merge Heap Roots: 0.09ms
[138.856s][info][gc,phases   ] GC(232)   Evacuate Collection Set: 6.52ms
[138.856s][info][gc,phases   ] GC(232)   Post Evacuate Collection Set: 0.47ms
[138.856s][info][gc,phases   ] GC(232)   Other: 0.10ms
[138.856s][info][gc,heap     ] GC(232) Eden regions: 149->0(146)
[138.856s][info][gc,heap     ] GC(232) Survivor regions: 4->7(20)
[138.856s][info][gc,heap     ] GC(232) Old regions: 54->54
[138.856s][info][gc,heap     ] GC(232) Humongous regions: 11->1
[138.856s][info][gc,metaspace] GC(232) Metaspace: 41746K(42176K)->41746K(42176K) NonClass: 38941K(39232K)->38941K(39232K) Class: 2804K(2944K)->2804K(2944K)
[138.856s][info][gc          ] GC(232) Pause Young (Prepare Mixed) (G1 Evacuation Pause) 217M->61M(256M) 7.517ms
[138.856s][info][gc,cpu      ] GC(232) User=0.02s Sys=0.00s Real=0.00s
[139.438s][info][gc,start    ] GC(233) Pause Young (Mixed) (G1 Evacuation Pause)
[139.438s][info][gc,task     ] GC(233) Using 2 workers of 2 for evacuation
[139.463s][info][gc,phases   ] GC(233)   Pre Evacuate Collection Set: 0.15ms
[139.463s][info][gc,phases   ] GC(233)   Merge Heap Roots: 0.10ms
[139.463s][info][gc,phases   ] GC(233)   Evacuate Collection Set: 23.85ms
[139.463s][info][gc,phases   ] GC(233)   Post Evacuate Collection Set: 0.54ms
[139.463s][info][gc,phases   ] GC(233)   Other: 0.07ms
[139.463s][info][gc,heap     ] GC(233) Eden regions: 146->0(133)
[139.463s][info][gc,heap     ] GC(233) Survivor regions: 7->20(20)
[139.463s][info][gc,heap     ] GC(233) Old regions: 54->51
[139.463s][info][gc,heap     ] GC(233) Humongous regions: 3->3
[139.463s][info][gc,metaspace] GC(233) Metaspace: 41757K(42176K)->41757K(42176K) NonClass: 38952K(39232K)->38952K(39232K) Class: 2804K(2944K)->2804K(2944K)
[139.463s][info][gc          ] GC(233) Pause Young (Mixed) (G1 Evacuation Pause) 209M->72M(256M) 24.913ms
[139.463s][info][gc,cpu      ] GC(233) User=0.05s Sys=0.01s Real=0.02s
[139.482s][info][gc,start    ] GC(234) Pause Young (Concurrent Start) (G1 Humongous Allocation)
[139.482s][info][gc,task     ] GC(234) Using 2 workers of 2 for evacuation
[139.501s][info][gc,phases   ] GC(234)   Pre Evacuate Collection Set: 0.14ms
[139.501s][info][gc,phases   ] GC(234)   Merge Heap Roots: 0.09ms
[139.501s][info][gc,phases   ] GC(234)   Evacuate Collection Set: 18.42ms
[139.501s][info][gc,phases   ] GC(234)   Post Evacuate Collection Set: 0.30ms
[139.501s][info][gc,phases   ] GC(234)   Other: 0.10ms
[139.501s][info][gc,heap     ] GC(234) Eden regions: 8->0(149)
[139.501s][info][gc,heap     ] GC(234) Survivor regions: 20->2(20)
[139.501s][info][gc,heap     ] GC(234) Old regions: 51->71
[139.501s][info][gc,heap     ] GC(234) Humongous regions: 3->3
[139.501s][info][gc,metaspace] GC(234) Metaspace: 41757K(42176K)->41757K(42176K) NonClass: 38952K(39232K)->38952K(39232K) Class: 2804K(2944K)->2804K(2944K)
[139.501s][info][gc          ] GC(234) Pause Young (Concurrent Start) (G1 Humongous Allocation) 80M->74M(256M) 19.254ms
[139.501s][info][gc,cpu      ] GC(234) User=0.04s Sys=0.00s Real=0.02s
[139.501s][info][gc          ] GC(235) Concurrent Mark Cycle
[139.501s][info][gc,marking  ] GC(235) Concurrent Scan Root Regions
[139.522s][info][gc,marking  ] GC(235) Concurrent Scan Root Regions 20.791ms
[139.522s][info][gc,marking  ] GC(235) Concurrent Mark
[139.522s][info][gc,marking  ] GC(235) Concurrent Mark From Roots
[139.522s][info][gc,task     ] GC(235) Using 1 workers of 1 for marking
[139.637s][info][gc,marking  ] GC(235) Concurrent Mark From Roots 114.586ms
[139.637s][info][gc,marking  ] GC(235) Concurrent Preclean
[139.637s][info][gc,marking  ] GC(235) Concurrent Preclean 0.104ms
[139.637s][info][gc,start    ] GC(235) Pause Remark
[139.652s][info][gc          ] GC(235) Pause Remark 108M->107M(256M) 15.172ms
[139.652s][info][gc,cpu      ] GC(235) User=0.03s Sys=0.00s Real=0.01s
[139.652s][info][gc,marking  ] GC(235) Concurrent Mark 130.128ms
[139.652s][info][gc,marking  ] GC(235) Concurrent Rebuild Remembered Sets and Scrub Regions
[139.713s][info][gc,marking  ] GC(235) Concurrent Rebuild Remembered Sets and Scrub Regions 60.410ms
[139.713s][info][gc,start    ] GC(235) Pause Cleanup
[139.713s][info][gc          ] GC(235) Pause Cleanup 117M->117M(256M) 0.048ms
[139.713s][info][gc,cpu      ] GC(235) User=0.00s Sys=0.00s Real=0.00s
[139.713s][info][gc,marking  ] GC(235) Concurrent Clear Claimed Marks
[139.713s][info][gc,marking  ] GC(235) Concurrent Clear Claimed Marks 0.047ms
[139.713s][info][gc,marking  ] GC(235) Concurrent Cleanup for Next Mark
[139.717s][info][gc,marking  ] GC(235) Concurrent Cleanup for Next Mark 4.595ms
[139.718s][info][gc          ] GC(235) Concurrent Mark Cycle 216.356ms
[140.053s][info][gc,start    ] GC(236) Pause Young (Prepare Mixed) (G1 Evacuation Pause)
[140.053s][info][gc,task     ] GC(236) Using 2 workers of 2 for evacuation
[140.072s][info][gc,phases   ] GC(236)   Pre Evacuate Collection Set: 0.18ms
[140.072s][info][gc,phases   ] GC(236)   Merge Heap Roots: 0.09ms
[140.072s][info][gc,phases   ] GC(236)   Evacuate Collection Set: 18.26ms
[140.072s][info][gc,phases   ] GC(236)   Post Evacuate Collection Set: 0.40ms
[140.072s][info][gc,phases   ] GC(236)   Other: 0.10ms
[140.072s][info][gc,heap     ] GC(236) Eden regions: 149->0(133)
[140.072s][info][gc,heap     ] GC(236) Survivor regions: 2->17(19)
[140.072s][info][gc,heap     ] GC(236) Old regions: 70->70
[140.072s][info][gc,heap     ] GC(236) Humongous regions: 4->4
[140.072s][info][gc,metaspace] GC(236) Metaspace: 41757K(42176K)->41757K(42176K) NonClass: 38952K(39232K)->38952K(39232K) Class: 2804K(2944K)->2804K(2944K)
[140.072s][info][gc          ] GC(236) Pause Young (Prepare Mixed) (G1 Evacuation Pause) 223M->90M(256M) 19.217ms
[140.072s][info][gc,cpu      ] GC(236) User=0.04s Sys=0.00s Real=0.02s
[140.381s][info][gc,start    ] GC(237) Pause Young (Mixed) (G1 Evacuation Pause)
[140.382s][info][gc,task     ] GC(237) Using 2 workers of 2 for evacuation
[140.419s][info][gc,phases   ] GC(237)   Pre Evacuate Collection Set: 0.20ms
[140.420s][info][gc,phases   ] GC(237)   Merge Heap Roots: 0.21ms
[140.420s][info][gc,phases   ] GC(237)   Evacuate Collection Set: 37.03ms
[140.420s][info][gc,phases   ] GC(237)   Post Evacuate Collection Set: 0.42ms
[140.420s][info][gc,phases   ] GC(237)   Other: 0.10ms
[140.420s][info][gc,heap     ] GC(237) Eden regions: 133->0(123)
[140.420s][info][gc,heap     ] GC(237) Survivor regions: 17->14(19)
[140.420s][info][gc,heap     ] GC(237) Old regions: 70->82
[140.420s][info][gc,heap     ] GC(237) Humongous regions: 6->6
[140.420s][info][gc,metaspace] GC(237) Metaspace: 41757K(42176K)->41757K(42176K) NonClass: 38952K(39232K)->38952K(39232K) Class: 2804K(2944K)->2804K(2944K)
[140.420s][info][gc          ] GC(237) Pause Young (Mixed) (G1 Evacuation Pause) 225M->101M(257M) 38.142ms
[140.420s][info][gc,cpu      ] GC(237) User=0.07s Sys=0.00s Real=0.04s
[140.719s][info][gc,start    ] GC(238) Pause Young (Concurrent Start) (G1 Evacuation Pause)
[140.719s][info][gc,task     ] GC(238) Using 2 workers of 2 for evacuation
[140.749s][info][gc,phases   ] GC(238)   Pre Evacuate Collection Set: 0.17ms
[140.749s][info][gc,phases   ] GC(238)   Merge Heap Roots: 0.08ms
[140.749s][info][gc,phases   ] GC(238)   Evacuate Collection Set: 29.23ms
[140.749s][info][gc,phases   ] GC(238)   Post Evacuate Collection Set: 0.45ms
[140.749s][info][gc,phases   ] GC(238)   Other: 0.13ms
[140.749s][info][gc,heap     ] GC(238) Eden regions: 123->0(111)
[140.749s][info][gc,heap     ] GC(238) Survivor regions: 14->13(18)
[140.749s][info][gc,heap     ] GC(238) Old regions: 82->97
[140.749s][info][gc,heap     ] GC(238) Humongous regions: 6->6
[140.749s][info][gc,metaspace] GC(238) Metaspace: 41758K(42176K)->41758K(42176K) NonClass: 38954K(39232K)->38954K(39232K) Class: 2804K(2944K)->2804K(2944K)
[140.749s][info][gc          ] GC(238) Pause Young (Concurrent Start) (G1 Evacuation Pause) 224M->114M(257M) 30.239ms
[140.749s][info][gc,cpu      ] GC(238) User=0.05s Sys=0.00s Real=0.03s
[140.749s][info][gc          ] GC(239) Concurrent Mark Cycle
[140.749s][info][gc,marking  ] GC(239) Concurrent Scan Root Regions
[140.787s][info][gc,marking  ] GC(239) Concurrent Scan Root Regions 37.549ms
[140.787s][info][gc,marking  ] GC(239) Concurrent Mark
[140.787s][info][gc,marking  ] GC(239) Concurrent Mark From Roots
[140.787s][info][gc,task     ] GC(239) Using 1 workers of 1 for marking
[140.906s][info][gc,marking  ] GC(239) Concurrent Mark From Roots 118.567ms
[140.906s][info][gc,marking  ] GC(239) Concurrent Preclean
[140.906s][info][gc,marking  ] GC(239) Concurrent Preclean 0.058ms
[140.906s][info][gc,start    ] GC(239) Pause Remark
[140.921s][info][gc          ] GC(239) Pause Remark 154M->153M(257M) 15.086ms
[140.921s][info][gc,cpu      ] GC(239) User=0.03s Sys=0.00s Real=0.02s
[140.921s][info][gc,marking  ] GC(239) Concurrent Mark 134.416ms
[140.921s][info][gc,marking  ] GC(239) Concurrent Rebuild Remembered Sets and Scrub Regions
[141.030s][info][gc,marking  ] GC(239) Concurrent Rebuild Remembered Sets and Scrub Regions 108.255ms
[141.031s][info][gc,start    ] GC(239) Pause Cleanup
[141.031s][info][gc          ] GC(239) Pause Cleanup 179M->179M(257M) 0.064ms
[141.031s][info][gc,cpu      ] GC(239) User=0.00s Sys=0.00s Real=0.00s
[141.031s][info][gc,marking  ] GC(239) Concurrent Clear Claimed Marks
[141.031s][info][gc,marking  ] GC(239) Concurrent Clear Claimed Marks 0.056ms
[141.031s][info][gc,marking  ] GC(239) Concurrent Cleanup for Next Mark
[141.032s][info][gc,marking  ] GC(239) Concurrent Cleanup for Next Mark 0.793ms
[141.032s][info][gc          ] GC(239) Concurrent Mark Cycle 282.720ms
[141.189s][info][gc,start    ] GC(240) Pause Young (Prepare Mixed) (G1 Evacuation Pause)
[141.189s][info][gc,task     ] GC(240) Using 2 workers of 2 for evacuation
[141.221s][info][gc,phases   ] GC(240)   Pre Evacuate Collection Set: 0.16ms
[141.221s][info][gc,phases   ] GC(240)   Merge Heap Roots: 0.13ms
[141.221s][info][gc,phases   ] GC(240)   Evacuate Collection Set: 32.08ms
[141.221s][info][gc,phases   ] GC(240)   Post Evacuate Collection Set: 0.38ms
[141.222s][info][gc,phases   ] GC(240)   Other: 0.12ms
[141.222s][info][gc,heap     ] GC(240) Eden regions: 111->0(100)
[141.222s][info][gc,heap     ] GC(240) Survivor regions: 13->12(16)
[141.222s][info][gc,heap     ] GC(240) Old regions: 97->109
[141.222s][info][gc,heap     ] GC(240) Humongous regions: 9->9
[141.222s][info][gc,metaspace] GC(240) Metaspace: 41760K(42176K)->41760K(42176K) NonClass: 38955K(39232K)->38955K(39232K) Class: 2804K(2944K)->2804K(2944K)
[141.222s][info][gc          ] GC(240) Pause Young (Prepare Mixed) (G1 Evacuation Pause) 228M->129M(257M) 33.030ms
[141.222s][info][gc,cpu      ] GC(240) User=0.06s Sys=0.00s Real=0.03s
[141.475s][info][gc,start    ] GC(241) Pause Young (Mixed) (G1 Evacuation Pause)
[141.475s][info][gc,task     ] GC(241) Using 2 workers of 2 for evacuation
[141.541s][info][gc,phases   ] GC(241)   Pre Evacuate Collection Set: 0.21ms
[141.541s][info][gc,phases   ] GC(241)   Merge Heap Roots: 0.32ms
[141.541s][info][gc,phases   ] GC(241)   Evacuate Collection Set: 65.65ms
[141.541s][info][gc,phases   ] GC(241)   Post Evacuate Collection Set: 0.44ms
[141.541s][info][gc,phases   ] GC(241)   Other: 0.09ms
[141.541s][info][gc,heap     ] GC(241) Eden regions: 100->0(97)
[141.541s][info][gc,heap     ] GC(241) Survivor regions: 12->12(14)
[141.541s][info][gc,heap     ] GC(241) Old regions: 109->112
[141.541s][info][gc,heap     ] GC(241) Humongous regions: 9->9
[141.541s][info][gc,metaspace] GC(241) Metaspace: 41760K(42176K)->41760K(42176K) NonClass: 38955K(39232K)->38955K(39232K) Class: 2804K(2944K)->2804K(2944K)
[141.541s][info][gc          ] GC(241) Pause Young (Mixed) (G1 Evacuation Pause) 229M->131M(257M) 66.875ms
[141.541s][info][gc,cpu      ] GC(241) User=0.07s Sys=0.00s Real=0.07s
[144.057s][info][gc,start    ] GC(242) Pause Young (Concurrent Start) (G1 Humongous Allocation)
[144.057s][info][gc,task     ] GC(242) Using 2 workers of 2 for evacuation
[144.083s][info][gc,phases   ] GC(242)   Pre Evacuate Collection Set: 0.20ms
[144.083s][info][gc,phases   ] GC(242)   Merge Heap Roots: 0.11ms
[144.083s][info][gc,phases   ] GC(242)   Evacuate Collection Set: 22.68ms
[144.083s][info][gc,phases   ] GC(242)   Post Evacuate Collection Set: 2.76ms
[144.083s][info][gc,phases   ] GC(242)   Other: 0.13ms
[144.083s][info][gc,heap     ] GC(242) Eden regions: 41->0(222)
[144.083s][info][gc,heap     ] GC(242) Survivor regions: 12->4(14)
[144.083s][info][gc,heap     ] GC(242) Old regions: 112->123
[144.083s][info][gc,heap     ] GC(242) Humongous regions: 9->7
[144.083s][info][gc,metaspace] GC(242) Metaspace: 41761K(42176K)->41761K(42176K) NonClass: 38957K(39232K)->38957K(39232K) Class: 2804K(2944K)->2804K(2944K)
[144.083s][info][gc          ] GC(242) Pause Young (Concurrent Start) (G1 Humongous Allocation) 172M->133M(402M) 26.070ms
[144.083s][info][gc          ] GC(243) Concurrent Mark Cycle
[144.083s][info][gc,marking  ] GC(243) Concurrent Scan Root Regions
[144.084s][info][gc,cpu      ] GC(242) User=0.04s Sys=0.00s Real=0.02s
[144.116s][info][gc,marking  ] GC(243) Concurrent Scan Root Regions 33.197ms
[144.116s][info][gc,marking  ] GC(243) Concurrent Mark
[144.116s][info][gc,marking  ] GC(243) Concurrent Mark From Roots
[144.116s][info][gc,task     ] GC(243) Using 1 workers of 1 for marking
[144.313s][info][gc,marking  ] GC(243) Concurrent Mark From Roots 197.113ms
[144.313s][info][gc,marking  ] GC(243) Concurrent Preclean
[144.313s][info][gc,marking  ] GC(243) Concurrent Preclean 0.059ms
[144.314s][info][gc,start    ] GC(243) Pause Remark
[144.340s][info][gc          ] GC(243) Pause Remark 166M->160M(402M) 26.360ms
[144.340s][info][gc,cpu      ] GC(243) User=0.05s Sys=0.00s Real=0.03s
[144.340s][info][gc,marking  ] GC(243) Concurrent Mark 223.850ms
[144.340s][info][gc,marking  ] GC(243) Concurrent Rebuild Remembered Sets and Scrub Regions
[144.432s][info][gc,marking  ] GC(243) Concurrent Rebuild Remembered Sets and Scrub Regions 92.165ms
[144.432s][info][gc,start    ] GC(243) Pause Cleanup
[144.432s][info][gc          ] GC(243) Pause Cleanup 169M->169M(402M) 0.057ms
[144.432s][info][gc,cpu      ] GC(243) User=0.00s Sys=0.00s Real=0.00s
[144.434s][info][gc,marking  ] GC(243) Concurrent Clear Claimed Marks
[144.434s][info][gc,marking  ] GC(243) Concurrent Clear Claimed Marks 0.046ms
[144.434s][info][gc,marking  ] GC(243) Concurrent Cleanup for Next Mark
[144.437s][info][gc,marking  ] GC(243) Concurrent Cleanup for Next Mark 2.959ms
[144.437s][info][gc          ] GC(243) Concurrent Mark Cycle 353.788ms
[145.212s][info][gc,start    ] GC(244) Pause Young (Prepare Mixed) (G1 Evacuation Pause)
[145.212s][info][gc,task     ] GC(244) Using 2 workers of 2 for evacuation
[145.224s][info][gc,phases   ] GC(244)   Pre Evacuate Collection Set: 0.24ms
[145.224s][info][gc,phases   ] GC(244)   Merge Heap Roots: 0.12ms
[145.224s][info][gc,phases   ] GC(244)   Evacuate Collection Set: 11.42ms
[145.224s][info][gc,phases   ] GC(244)   Post Evacuate Collection Set: 0.49ms
[145.224s][info][gc,phases   ] GC(244)   Other: 0.09ms
[145.224s][info][gc,heap     ] GC(244) Eden regions: 222->0(227)
[145.224s][info][gc,heap     ] GC(244) Survivor regions: 4->9(29)
[145.224s][info][gc,heap     ] GC(244) Old regions: 123->123
[145.224s][info][gc,heap     ] GC(244) Humongous regions: 5->3
[145.224s][info][gc,metaspace] GC(244) Metaspace: 41814K(42240K)->41814K(42240K) NonClass: 39010K(39296K)->39010K(39296K) Class: 2804K(2944K)->2804K(2944K)
[145.224s][info][gc          ] GC(244) Pause Young (Prepare Mixed) (G1 Evacuation Pause) 353M->134M(402M) 12.584ms
[145.224s][info][gc,cpu      ] GC(244) User=0.02s Sys=0.00s Real=0.01s
[145.752s][info][gc,start    ] GC(245) Pause Young (Mixed) (G1 Evacuation Pause)
[145.752s][info][gc,task     ] GC(245) Using 2 workers of 2 for evacuation
[145.788s][info][gc,phases   ] GC(245)   Pre Evacuate Collection Set: 0.19ms
[145.788s][info][gc,phases   ] GC(245)   Merge Heap Roots: 0.11ms
[145.788s][info][gc,phases   ] GC(245)   Evacuate Collection Set: 34.57ms
[145.788s][info][gc,phases   ] GC(245)   Post Evacuate Collection Set: 0.56ms
[145.788s][info][gc,phases   ] GC(245)   Other: 0.07ms
[145.788s][info][gc,heap     ] GC(245) Eden regions: 227->0(194)
[145.788s][info][gc,heap     ] GC(245) Survivor regions: 9->30(30)
[145.788s][info][gc,heap     ] GC(245) Old regions: 123->123
[145.788s][info][gc,heap     ] GC(245) Humongous regions: 4->4
[145.788s][info][gc,metaspace] GC(245) Metaspace: 41814K(42240K)->41814K(42240K) NonClass: 39010K(39296K)->39010K(39296K) Class: 2804K(2944K)->2804K(2944K)
[145.788s][info][gc          ] GC(245) Pause Young (Mixed) (G1 Evacuation Pause) 362M->156M(402M) 35.689ms
[145.788s][info][gc,cpu      ] GC(245) User=0.07s Sys=0.00s Real=0.04s
[145.911s][info][gc,start    ] GC(246) Pause Young (Concurrent Start) (G1 Humongous Allocation)
[145.911s][info][gc,task     ] GC(246) Using 2 workers of 2 for evacuation
[145.943s][info][gc,phases   ] GC(246)   Pre Evacuate Collection Set: 0.22ms
[145.943s][info][gc,phases   ] GC(246)   Merge Heap Roots: 0.11ms
[145.943s][info][gc,phases   ] GC(246)   Evacuate Collection Set: 31.14ms
[145.943s][info][gc,phases   ] GC(246)   Post Evacuate Collection Set: 0.34ms
[145.943s][info][gc,phases   ] GC(246)   Other: 0.09ms
[145.943s][info][gc,heap     ] GC(246) Eden regions: 56->0(192)
[145.943s][info][gc,heap     ] GC(246) Survivor regions: 30->7(28)
[145.943s][info][gc,heap     ] GC(246) Old regions: 123->153
[145.943s][info][gc,heap     ] GC(246) Humongous regions: 4->4
[145.943s][info][gc,metaspace] GC(246) Metaspace: 41814K(42240K)->41814K(42240K) NonClass: 39010K(39296K)->39010K(39296K) Class: 2804K(2944K)->2804K(2944K)
[145.943s][info][gc          ] GC(246) Pause Young (Concurrent Start) (G1 Humongous Allocation) 212M->164M(402M) 32.135ms
[145.943s][info][gc,cpu      ] GC(246) User=0.06s Sys=0.01s Real=0.03s
[145.943s][info][gc          ] GC(247) Concurrent Mark Cycle
[145.943s][info][gc,marking  ] GC(247) Concurrent Scan Root Regions
[145.983s][info][gc,marking  ] GC(247) Concurrent Scan Root Regions 39.877ms
[145.983s][info][gc,marking  ] GC(247) Concurrent Mark
[145.983s][info][gc,marking  ] GC(247) Concurrent Mark From Roots
[145.983s][info][gc,task     ] GC(247) Using 1 workers of 1 for marking
[146.017s][info][gc,marking  ] GC(247) Concurrent Mark From Roots 33.763ms
[146.017s][info][gc,marking  ] GC(247) Concurrent Preclean
[146.017s][info][gc,marking  ] GC(247) Concurrent Preclean 0.052ms
[146.017s][info][gc,start    ] GC(247) Pause Remark
[146.031s][info][gc          ] GC(247) Pause Remark 182M->163M(402M) 14.649ms
[146.031s][info][gc,cpu      ] GC(247) User=0.03s Sys=0.00s Real=0.01s
[146.032s][info][gc,marking  ] GC(247) Concurrent Mark 48.738ms
[146.032s][info][gc,marking  ] GC(247) Concurrent Rebuild Remembered Sets and Scrub Regions
[146.069s][info][gc,marking  ] GC(247) Concurrent Rebuild Remembered Sets and Scrub Regions 37.907ms
[146.070s][info][gc,start    ] GC(247) Pause Cleanup
[146.070s][info][gc          ] GC(247) Pause Cleanup 180M->180M(402M) 0.071ms
[146.070s][info][gc,cpu      ] GC(247) User=0.00s Sys=0.00s Real=0.00s
[146.070s][info][gc,marking  ] GC(247) Concurrent Clear Claimed Marks
[146.070s][info][gc,marking  ] GC(247) Concurrent Clear Claimed Marks 0.035ms
[146.070s][info][gc,marking  ] GC(247) Concurrent Cleanup for Next Mark
[146.071s][info][gc,marking  ] GC(247) Concurrent Cleanup for Next Mark 1.164ms
[146.071s][info][gc          ] GC(247) Concurrent Mark Cycle 128.129ms
[146.407s][info][gc,start    ] GC(248) Pause Young (Prepare Mixed) (G1 Evacuation Pause)
[146.407s][info][gc,task     ] GC(248) Using 2 workers of 2 for evacuation
[146.441s][info][gc,phases   ] GC(248)   Pre Evacuate Collection Set: 0.20ms
[146.441s][info][gc,phases   ] GC(248)   Merge Heap Roots: 0.09ms
[146.441s][info][gc,phases   ] GC(248)   Evacuate Collection Set: 32.69ms
[146.441s][info][gc,phases   ] GC(248)   Post Evacuate Collection Set: 0.46ms
[146.441s][info][gc,phases   ] GC(248)   Other: 0.08ms
[146.441s][info][gc,heap     ] GC(248) Eden regions: 192->0(185)
[146.441s][info][gc,heap     ] GC(248) Survivor regions: 7->25(25)
[146.441s][info][gc,heap     ] GC(248) Old regions: 134->138
[146.441s][info][gc,heap     ] GC(248) Humongous regions: 6->6
[146.441s][info][gc,metaspace] GC(248) Metaspace: 41814K(42240K)->41814K(42240K) NonClass: 39010K(39296K)->39010K(39296K) Class: 2804K(2944K)->2804K(2944K)
[146.441s][info][gc          ] GC(248) Pause Young (Prepare Mixed) (G1 Evacuation Pause) 339M->168M(402M) 33.714ms
[146.441s][info][gc,cpu      ] GC(248) User=0.06s Sys=0.00s Real=0.03s
[146.908s][info][gc,start    ] GC(249) Pause Young (Mixed) (G1 Evacuation Pause)
[146.908s][info][gc,task     ] GC(249) Using 2 workers of 2 for evacuation
[146.966s][info][gc,phases   ] GC(249)   Pre Evacuate Collection Set: 0.20ms
[146.966s][info][gc,phases   ] GC(249)   Merge Heap Roots: 0.23ms
[146.966s][info][gc,phases   ] GC(249)   Evacuate Collection Set: 57.02ms
[146.966s][info][gc,phases   ] GC(249)   Post Evacuate Collection Set: 0.50ms
[146.966s][info][gc,phases   ] GC(249)   Other: 0.08ms
[146.966s][info][gc,heap     ] GC(249) Eden regions: 185->0(199)
[146.966s][info][gc,heap     ] GC(249) Survivor regions: 25->21(27)
[146.966s][info][gc,heap     ] GC(249) Old regions: 138->122
[146.966s][info][gc,heap     ] GC(249) Humongous regions: 10->10
[146.966s][info][gc,metaspace] GC(249) Metaspace: 41814K(42240K)->41814K(42240K) NonClass: 39010K(39296K)->39010K(39296K) Class: 2804K(2944K)->2804K(2944K)
[146.967s][info][gc          ] GC(249) Pause Young (Mixed) (G1 Evacuation Pause) 357M->153M(404M) 58.236ms
[146.967s][info][gc,cpu      ] GC(249) User=0.11s Sys=0.00s Real=0.05s
[148.309s][info][gc,start    ] GC(250) Pause Young (Mixed) (G1 Evacuation Pause)
[148.309s][info][gc,task     ] GC(250) Using 2 workers of 2 for evacuation
[148.361s][info][gc,phases   ] GC(250)   Pre Evacuate Collection Set: 0.21ms
[148.361s][info][gc,phases   ] GC(250)   Merge Heap Roots: 0.28ms
[148.361s][info][gc,phases   ] GC(250)   Evacuate Collection Set: 50.71ms
[148.361s][info][gc,phases   ] GC(250)   Post Evacuate Collection Set: 0.57ms
[148.361s][info][gc,phases   ] GC(250)   Other: 0.07ms
[148.361s][info][gc,heap     ] GC(250) Eden regions: 199->0(196)
[148.361s][info][gc,heap     ] GC(250) Survivor regions: 21->19(28)
[148.361s][info][gc,heap     ] GC(250) Old regions: 122->118
[148.361s][info][gc,heap     ] GC(250) Humongous regions: 18->16
[148.361s][info][gc,metaspace] GC(250) Metaspace: 41815K(42240K)->41815K(42240K) NonClass: 39010K(39296K)->39010K(39296K) Class: 2804K(2944K)->2804K(2944K)
[148.361s][info][gc          ] GC(250) Pause Young (Mixed) (G1 Evacuation Pause) 360M->152M(404M) 52.035ms
[148.361s][info][gc,cpu      ] GC(250) User=0.11s Sys=0.00s Real=0.05s
[149.320s][info][gc,start    ] GC(251) Pause Young (Concurrent Start) (G1 Evacuation Pause)
[149.320s][info][gc,task     ] GC(251) Using 2 workers of 2 for evacuation
[149.351s][info][gc,phases   ] GC(251)   Pre Evacuate Collection Set: 0.23ms
[149.351s][info][gc,phases   ] GC(251)   Merge Heap Roots: 0.16ms
[149.351s][info][gc,phases   ] GC(251)   Evacuate Collection Set: 30.65ms
[149.351s][info][gc,phases   ] GC(251)   Post Evacuate Collection Set: 0.44ms
[149.351s][info][gc,phases   ] GC(251)   Other: 0.14ms
[149.351s][info][gc,heap     ] GC(251) Eden regions: 196->0(195)
[149.351s][info][gc,heap     ] GC(251) Survivor regions: 19->9(27)
[149.351s][info][gc,heap     ] GC(251) Old regions: 118->136
[149.351s][info][gc,heap     ] GC(251) Humongous regions: 16->16
[149.351s][info][gc,metaspace] GC(251) Metaspace: 41815K(42240K)->41815K(42240K) NonClass: 39010K(39296K)->39010K(39296K) Class: 2804K(2944K)->2804K(2944K)
[149.351s][info][gc          ] GC(251) Pause Young (Concurrent Start) (G1 Evacuation Pause) 348M->160M(404M) 31.803ms
[149.351s][info][gc,cpu      ] GC(251) User=0.07s Sys=0.00s Real=0.03s
[149.351s][info][gc          ] GC(252) Concurrent Mark Cycle
[149.351s][info][gc,marking  ] GC(252) Concurrent Scan Root Regions
[149.369s][info][gc,marking  ] GC(252) Concurrent Scan Root Regions 17.973ms
[149.369s][info][gc,marking  ] GC(252) Concurrent Mark
[149.369s][info][gc,marking  ] GC(252) Concurrent Mark From Roots
[149.369s][info][gc,task     ] GC(252) Using 1 workers of 1 for marking
[149.402s][info][gc,marking  ] GC(252) Concurrent Mark From Roots 32.352ms
[149.402s][info][gc,marking  ] GC(252) Concurrent Preclean
[149.402s][info][gc,marking  ] GC(252) Concurrent Preclean 0.043ms
[149.402s][info][gc,start    ] GC(252) Pause Remark
[149.417s][info][gc          ] GC(252) Pause Remark 163M->130M(404M) 14.614ms
[149.417s][info][gc,cpu      ] GC(252) User=0.03s Sys=0.00s Real=0.02s
[149.417s][info][gc,marking  ] GC(252) Concurrent Mark 47.264ms
[149.417s][info][gc,marking  ] GC(252) Concurrent Rebuild Remembered Sets and Scrub Regions
[149.444s][info][gc,marking  ] GC(252) Concurrent Rebuild Remembered Sets and Scrub Regions 27.021ms
[149.444s][info][gc,start    ] GC(252) Pause Cleanup
[149.444s][info][gc          ] GC(252) Pause Cleanup 134M->134M(404M) 0.082ms
[149.444s][info][gc,cpu      ] GC(252) User=0.00s Sys=0.00s Real=0.00s
[149.444s][info][gc,marking  ] GC(252) Concurrent Clear Claimed Marks
[149.444s][info][gc,marking  ] GC(252) Concurrent Clear Claimed Marks 0.039ms
[149.444s][info][gc,marking  ] GC(252) Concurrent Cleanup for Next Mark
[149.445s][info][gc,marking  ] GC(252) Concurrent Cleanup for Next Mark 1.188ms
[149.445s][info][gc          ] GC(252) Concurrent Mark Cycle 93.896ms
[150.525s][info][gc,start    ] GC(253) Pause Young (Prepare Mixed) (G1 Evacuation Pause)
[150.525s][info][gc,task     ] GC(253) Using 2 workers of 2 for evacuation
[150.554s][info][gc,phases   ] GC(253)   Pre Evacuate Collection Set: 0.26ms
[150.554s][info][gc,phases   ] GC(253)   Merge Heap Roots: 0.08ms
[150.554s][info][gc,phases   ] GC(253)   Evacuate Collection Set: 27.49ms
[150.554s][info][gc,phases   ] GC(253)   Post Evacuate Collection Set: 0.42ms
[150.554s][info][gc,phases   ] GC(253)   Other: 0.07ms
[150.554s][info][gc,heap     ] GC(253) Eden regions: 195->0(203)
[150.554s][info][gc,heap     ] GC(253) Survivor regions: 9->26(26)
[150.554s][info][gc,heap     ] GC(253) Old regions: 118->121
[150.554s][info][gc,heap     ] GC(253) Humongous regions: 1->1
[150.554s][info][gc,metaspace] GC(253) Metaspace: 41816K(42240K)->41816K(42240K) NonClass: 39012K(39296K)->39012K(39296K) Class: 2804K(2944K)->2804K(2944K)
[150.554s][info][gc          ] GC(253) Pause Young (Prepare Mixed) (G1 Evacuation Pause) 322M->147M(404M) 28.506ms
[150.554s][info][gc,cpu      ] GC(253) User=0.05s Sys=0.00s Real=0.03s
[151.706s][info][gc,start    ] GC(254) Pause Young (Mixed) (G1 Evacuation Pause)
[151.706s][info][gc,task     ] GC(254) Using 2 workers of 2 for evacuation
[151.747s][info][gc,phases   ] GC(254)   Pre Evacuate Collection Set: 0.28ms
[151.747s][info][gc,phases   ] GC(254)   Merge Heap Roots: 0.23ms
[151.747s][info][gc,phases   ] GC(254)   Evacuate Collection Set: 40.46ms
[151.747s][info][gc,phases   ] GC(254)   Post Evacuate Collection Set: 0.53ms
[151.747s][info][gc,phases   ] GC(254)   Other: 0.09ms
[151.747s][info][gc,heap     ] GC(254) Eden regions: 203->0(223)
[151.747s][info][gc,heap     ] GC(254) Survivor regions: 26->18(29)
[151.747s][info][gc,heap     ] GC(254) Old regions: 121->107
[151.747s][info][gc,heap     ] GC(254) Humongous regions: 1->1
[151.747s][info][gc,metaspace] GC(254) Metaspace: 41816K(42240K)->41816K(42240K) NonClass: 39012K(39296K)->39012K(39296K) Class: 2804K(2944K)->2804K(2944K)
[151.748s][info][gc          ] GC(254) Pause Young (Mixed) (G1 Evacuation Pause) 350M->124M(404M) 41.803ms
[151.748s][info][gc,cpu      ] GC(254) User=0.08s Sys=0.00s Real=0.05s
[152.920s][info][gc,start    ] GC(255) Pause Young (Mixed) (G1 Evacuation Pause)
[152.920s][info][gc,task     ] GC(255) Using 2 workers of 2 for evacuation
[152.959s][info][gc,phases   ] GC(255)   Pre Evacuate Collection Set: 0.29ms
[152.959s][info][gc,phases   ] GC(255)   Merge Heap Roots: 0.27ms
[152.959s][info][gc,phases   ] GC(255)   Evacuate Collection Set: 37.11ms
[152.959s][info][gc,phases   ] GC(255)   Post Evacuate Collection Set: 0.49ms
[152.959s][info][gc,phases   ] GC(255)   Other: 0.07ms
[152.959s][info][gc,heap     ] GC(255) Eden regions: 223->0(220)
[152.959s][info][gc,heap     ] GC(255) Survivor regions: 18->22(31)
[152.959s][info][gc,heap     ] GC(255) Old regions: 107->103
[152.959s][info][gc,heap     ] GC(255) Humongous regions: 2->2
[152.959s][info][gc,metaspace] GC(255) Metaspace: 41816K(42240K)->41816K(42240K) NonClass: 39012K(39296K)->39012K(39296K) Class: 2804K(2944K)->2804K(2944K)
[152.959s][info][gc          ] GC(255) Pause Young (Mixed) (G1 Evacuation Pause) 348M->127M(404M) 38.429ms
[152.959s][info][gc,cpu      ] GC(255) User=0.08s Sys=0.00s Real=0.04s
[153.408s][info][gc,start    ] GC(256) Pause Young (Concurrent Start) (G1 Humongous Allocation)
[153.408s][info][gc,task     ] GC(256) Using 2 workers of 2 for evacuation
[153.435s][info][gc,phases   ] GC(256)   Pre Evacuate Collection Set: 0.22ms
[153.435s][info][gc,phases   ] GC(256)   Merge Heap Roots: 0.07ms
[153.435s][info][gc,phases   ] GC(256)   Evacuate Collection Set: 26.02ms
[153.435s][info][gc,phases   ] GC(256)   Post Evacuate Collection Set: 0.39ms
[153.435s][info][gc,phases   ] GC(256)   Other: 0.09ms
[153.435s][info][gc,heap     ] GC(256) Eden regions: 85->0(212)
[153.435s][info][gc,heap     ] GC(256) Survivor regions: 22->12(31)
[153.435s][info][gc,heap     ] GC(256) Old regions: 103->124
[153.435s][info][gc,heap     ] GC(256) Humongous regions: 2->2
[153.435s][info][gc,metaspace] GC(256) Metaspace: 41818K(42240K)->41818K(42240K) NonClass: 39013K(39296K)->39013K(39296K) Class: 2804K(2944K)->2804K(2944K)
[153.435s][info][gc          ] GC(256) Pause Young (Concurrent Start) (G1 Humongous Allocation) 211M->137M(404M) 26.978ms
[153.435s][info][gc,cpu      ] GC(256) User=0.06s Sys=0.00s Real=0.02s
[153.435s][info][gc          ] GC(257) Concurrent Mark Cycle
[153.437s][info][gc,marking  ] GC(257) Concurrent Scan Root Regions
[153.478s][info][gc,marking  ] GC(257) Concurrent Scan Root Regions 40.730ms
[153.478s][info][gc,marking  ] GC(257) Concurrent Mark
[153.478s][info][gc,marking  ] GC(257) Concurrent Mark From Roots
[153.478s][info][gc,task     ] GC(257) Using 1 workers of 1 for marking
[153.535s][info][gc,marking  ] GC(257) Concurrent Mark From Roots 57.511ms
[153.535s][info][gc,marking  ] GC(257) Concurrent Preclean
[153.535s][info][gc,marking  ] GC(257) Concurrent Preclean 0.037ms
[153.535s][info][gc,start    ] GC(257) Pause Remark
[153.550s][info][gc          ] GC(257) Pause Remark 162M->114M(307M) 14.812ms
[153.550s][info][gc,cpu      ] GC(257) User=0.03s Sys=0.00s Real=0.02s
[153.550s][info][gc,marking  ] GC(257) Concurrent Mark 72.654ms
[153.550s][info][gc,marking  ] GC(257) Concurrent Rebuild Remembered Sets and Scrub Regions
[153.576s][info][gc,marking  ] GC(257) Concurrent Rebuild Remembered Sets and Scrub Regions 25.161ms
[153.576s][info][gc,start    ] GC(257) Pause Cleanup
[153.576s][info][gc          ] GC(257) Pause Cleanup 124M->124M(307M) 0.042ms
[153.576s][info][gc,cpu      ] GC(257) User=0.00s Sys=0.00s Real=0.00s
[153.576s][info][gc,marking  ] GC(257) Concurrent Clear Claimed Marks
[153.576s][info][gc,marking  ] GC(257) Concurrent Clear Claimed Marks 0.034ms
[153.576s][info][gc,marking  ] GC(257) Concurrent Cleanup for Next Mark
[153.577s][info][gc,marking  ] GC(257) Concurrent Cleanup for Next Mark 0.896ms
[153.577s][info][gc          ] GC(257) Concurrent Mark Cycle 141.314ms
[153.897s][info][gc,start    ] GC(258) Pause Young (Prepare Mixed) (G1 Evacuation Pause)
[153.897s][info][gc,task     ] GC(258) Using 2 workers of 2 for evacuation
[153.921s][info][gc,phases   ] GC(258)   Pre Evacuate Collection Set: 0.17ms
[153.921s][info][gc,phases   ] GC(258)   Merge Heap Roots: 0.08ms
[153.921s][info][gc,phases   ] GC(258)   Evacuate Collection Set: 22.78ms
[153.921s][info][gc,phases   ] GC(258)   Post Evacuate Collection Set: 0.40ms
[153.921s][info][gc,phases   ] GC(258)   Other: 0.08ms
[153.921s][info][gc,heap     ] GC(258) Eden regions: 172->0(157)
[153.921s][info][gc,heap     ] GC(258) Survivor regions: 12->23(23)
[153.921s][info][gc,heap     ] GC(258) Old regions: 76->76
[153.921s][info][gc,heap     ] GC(258) Humongous regions: 5->5
[153.921s][info][gc,metaspace] GC(258) Metaspace: 41818K(42240K)->41818K(42240K) NonClass: 39013K(39296K)->39013K(39296K) Class: 2804K(2944K)->2804K(2944K)
[153.921s][info][gc          ] GC(258) Pause Young (Prepare Mixed) (G1 Evacuation Pause) 264M->103M(307M) 23.704ms
[153.921s][info][gc,cpu      ] GC(258) User=0.05s Sys=0.00s Real=0.02s
[154.279s][info][gc,start    ] GC(259) Pause Young (Mixed) (G1 Evacuation Pause)
[154.279s][info][gc,task     ] GC(259) Using 2 workers of 2 for evacuation
[154.324s][info][gc,phases   ] GC(259)   Pre Evacuate Collection Set: 0.18ms
[154.324s][info][gc,phases   ] GC(259)   Merge Heap Roots: 0.14ms
[154.324s][info][gc,phases   ] GC(259)   Evacuate Collection Set: 44.67ms
[154.324s][info][gc,phases   ] GC(259)   Post Evacuate Collection Set: 0.45ms
[154.324s][info][gc,phases   ] GC(259)   Other: 0.07ms
[154.324s][info][gc,heap     ] GC(259) Eden regions: 157->0(152)
[154.324s][info][gc,heap     ] GC(259) Survivor regions: 23->19(23)
[154.324s][info][gc,heap     ] GC(259) Old regions: 76->84
[154.324s][info][gc,heap     ] GC(259) Humongous regions: 7->7
[154.324s][info][gc,metaspace] GC(259) Metaspace: 41818K(42240K)->41818K(42240K) NonClass: 39013K(39296K)->39013K(39296K) Class: 2804K(2944K)->2804K(2944K)
[154.324s][info][gc          ] GC(259) Pause Young (Mixed) (G1 Evacuation Pause) 262M->109M(307M) 45.717ms
[154.324s][info][gc,cpu      ] GC(259) User=0.09s Sys=0.00s Real=0.04s
[154.650s][info][gc,start    ] GC(260) Pause Young (Concurrent Start) (G1 Evacuation Pause)
[154.650s][info][gc,task     ] GC(260) Using 2 workers of 2 for evacuation
[154.690s][info][gc,phases   ] GC(260)   Pre Evacuate Collection Set: 0.18ms
[154.690s][info][gc,phases   ] GC(260)   Merge Heap Roots: 0.09ms
[154.690s][info][gc,phases   ] GC(260)   Evacuate Collection Set: 37.76ms
[154.690s][info][gc,phases   ] GC(260)   Post Evacuate Collection Set: 1.27ms
[154.690s][info][gc,phases   ] GC(260)   Other: 0.12ms
[154.690s][info][gc,heap     ] GC(260) Eden regions: 152->0(200)
[154.690s][info][gc,heap     ] GC(260) Survivor regions: 19->18(22)
[154.690s][info][gc,heap     ] GC(260) Old regions: 84->103
[154.690s][info][gc,heap     ] GC(260) Humongous regions: 7->7
[154.690s][info][gc,metaspace] GC(260) Metaspace: 41818K(42240K)->41818K(42240K) NonClass: 39013K(39296K)->39013K(39296K) Class: 2804K(2944K)->2804K(2944K)
[154.690s][info][gc          ] GC(260) Pause Young (Concurrent Start) (G1 Evacuation Pause) 261M->128M(390M) 39.626ms
[154.690s][info][gc,cpu      ] GC(260) User=0.08s Sys=0.00s Real=0.04s
[154.690s][info][gc          ] GC(261) Concurrent Mark Cycle
[154.690s][info][gc,marking  ] GC(261) Concurrent Scan Root Regions
[154.717s][info][gc,marking  ] GC(261) Concurrent Scan Root Regions 26.786ms
[154.717s][info][gc,marking  ] GC(261) Concurrent Mark
[154.717s][info][gc,marking  ] GC(261) Concurrent Mark From Roots
[154.717s][info][gc,task     ] GC(261) Using 1 workers of 1 for marking
[154.776s][info][gc,marking  ] GC(261) Concurrent Mark From Roots 58.906ms
[154.776s][info][gc,marking  ] GC(261) Concurrent Preclean
[154.776s][info][gc,marking  ] GC(261) Concurrent Preclean 0.036ms
[154.776s][info][gc,start    ] GC(261) Pause Remark
[154.791s][info][gc          ] GC(261) Pause Remark 161M->148M(384M) 14.609ms
[154.791s][info][gc,cpu      ] GC(261) User=0.03s Sys=0.00s Real=0.02s
[154.793s][info][gc,marking  ] GC(261) Concurrent Mark 75.880ms
[154.793s][info][gc,marking  ] GC(261) Concurrent Rebuild Remembered Sets and Scrub Regions
[154.832s][info][gc,marking  ] GC(261) Concurrent Rebuild Remembered Sets and Scrub Regions 39.401ms
[154.832s][info][gc,start    ] GC(261) Pause Cleanup
[154.832s][info][gc          ] GC(261) Pause Cleanup 162M->162M(384M) 0.052ms
[154.832s][info][gc,cpu      ] GC(261) User=0.00s Sys=0.00s Real=0.00s
[154.832s][info][gc,marking  ] GC(261) Concurrent Clear Claimed Marks
[154.832s][info][gc,marking  ] GC(261) Concurrent Clear Claimed Marks 0.039ms
[154.832s][info][gc,marking  ] GC(261) Concurrent Cleanup for Next Mark
[154.834s][info][gc,marking  ] GC(261) Concurrent Cleanup for Next Mark 1.887ms
[154.834s][info][gc          ] GC(261) Concurrent Mark Cycle 144.333ms
[155.263s][info][gc,start    ] GC(262) Pause Young (Prepare Mixed) (G1 Evacuation Pause)
[155.263s][info][gc,task     ] GC(262) Using 2 workers of 2 for evacuation
[155.310s][info][gc,phases   ] GC(262)   Pre Evacuate Collection Set: 0.19ms
[155.310s][info][gc,phases   ] GC(262)   Merge Heap Roots: 0.13ms
[155.310s][info][gc,phases   ] GC(262)   Evacuate Collection Set: 46.22ms
[155.310s][info][gc,phases   ] GC(262)   Post Evacuate Collection Set: 0.48ms
[155.310s][info][gc,phases   ] GC(262)   Other: 0.08ms
[155.310s][info][gc,heap     ] GC(262) Eden regions: 200->0(187)
[155.310s][info][gc,heap     ] GC(262) Survivor regions: 18->23(28)
[155.310s][info][gc,heap     ] GC(262) Old regions: 92->110
[155.310s][info][gc,heap     ] GC(262) Humongous regions: 9->9
[155.310s][info][gc,metaspace] GC(262) Metaspace: 41818K(42240K)->41818K(42240K) NonClass: 39013K(39296K)->39013K(39296K) Class: 2804K(2944K)->2804K(2944K)
[155.310s][info][gc          ] GC(262) Pause Young (Prepare Mixed) (G1 Evacuation Pause) 319M->141M(384M) 47.313ms
[155.310s][info][gc,cpu      ] GC(262) User=0.10s Sys=0.00s Real=0.05s
[156.738s][info][gc,start    ] GC(263) Pause Young (Mixed) (G1 Evacuation Pause)
[156.738s][info][gc,task     ] GC(263) Using 2 workers of 2 for evacuation
[156.780s][info][gc,phases   ] GC(263)   Pre Evacuate Collection Set: 0.20ms
[156.780s][info][gc,phases   ] GC(263)   Merge Heap Roots: 0.17ms
[156.780s][info][gc,phases   ] GC(263)   Evacuate Collection Set: 40.91ms
[156.780s][info][gc,phases   ] GC(263)   Post Evacuate Collection Set: 0.50ms
[156.780s][info][gc,phases   ] GC(263)   Other: 0.07ms
[156.780s][info][gc,heap     ] GC(263) Eden regions: 187->0(186)
[156.780s][info][gc,heap     ] GC(263) Survivor regions: 23->10(27)
[156.780s][info][gc,heap     ] GC(263) Old regions: 110->123
[156.780s][info][gc,heap     ] GC(263) Humongous regions: 17->15
[156.780s][info][gc,metaspace] GC(263) Metaspace: 41818K(42240K)->41818K(42240K) NonClass: 39013K(39296K)->39013K(39296K) Class: 2804K(2944K)->2804K(2944K)
[156.780s][info][gc          ] GC(263) Pause Young (Mixed) (G1 Evacuation Pause) 336M->147M(384M) 42.050ms
[156.780s][info][gc,cpu      ] GC(263) User=0.09s Sys=0.00s Real=0.04s
[157.572s][info][gc,start    ] GC(264) Pause Young (Concurrent Start) (G1 Evacuation Pause)
[157.572s][info][gc,task     ] GC(264) Using 2 workers of 2 for evacuation
[157.596s][info][gc,phases   ] GC(264)   Pre Evacuate Collection Set: 0.22ms
[157.596s][info][gc,phases   ] GC(264)   Merge Heap Roots: 0.14ms
[157.596s][info][gc,phases   ] GC(264)   Evacuate Collection Set: 23.13ms
[157.596s][info][gc,phases   ] GC(264)   Post Evacuate Collection Set: 0.47ms
[157.596s][info][gc,phases   ] GC(264)   Other: 0.09ms
[157.596s][info][gc,heap     ] GC(264) Eden regions: 186->0(182)
[157.596s][info][gc,heap     ] GC(264) Survivor regions: 10->19(25)
[157.596s][info][gc,heap     ] GC(264) Old regions: 123->123
[157.596s][info][gc,heap     ] GC(264) Humongous regions: 15->15
[157.596s][info][gc,metaspace] GC(264) Metaspace: 41818K(42240K)->41818K(42240K) NonClass: 39013K(39296K)->39013K(39296K) Class: 2804K(2944K)->2804K(2944K)
[157.596s][info][gc          ] GC(264) Pause Young (Concurrent Start) (G1 Evacuation Pause) 333M->156M(384M) 24.252ms
[157.596s][info][gc,cpu      ] GC(264) User=0.05s Sys=0.00s Real=0.02s
[157.596s][info][gc          ] GC(265) Concurrent Mark Cycle
[157.596s][info][gc,marking  ] GC(265) Concurrent Scan Root Regions
[157.608s][info][gc,marking  ] GC(265) Concurrent Scan Root Regions 12.026ms
[157.608s][info][gc,marking  ] GC(265) Concurrent Mark
[157.608s][info][gc,marking  ] GC(265) Concurrent Mark From Roots
[157.608s][info][gc,task     ] GC(265) Using 1 workers of 1 for marking
[157.644s][info][gc,marking  ] GC(265) Concurrent Mark From Roots 35.984ms
[157.644s][info][gc,marking  ] GC(265) Concurrent Preclean
[157.644s][info][gc,marking  ] GC(265) Concurrent Preclean 0.033ms
[157.645s][info][gc,start    ] GC(265) Pause Remark
[157.659s][info][gc          ] GC(265) Pause Remark 166M->130M(384M) 14.258ms
[157.659s][info][gc,cpu      ] GC(265) User=0.03s Sys=0.00s Real=0.02s
[157.659s][info][gc,marking  ] GC(265) Concurrent Mark 50.526ms
[157.659s][info][gc,marking  ] GC(265) Concurrent Rebuild Remembered Sets and Scrub Regions
[157.673s][info][gc,marking  ] GC(265) Concurrent Rebuild Remembered Sets and Scrub Regions 13.682ms
[157.673s][info][gc,start    ] GC(265) Pause Cleanup
[157.673s][info][gc          ] GC(265) Pause Cleanup 133M->133M(384M) 0.070ms
[157.673s][info][gc,cpu      ] GC(265) User=0.00s Sys=0.00s Real=0.00s
[157.673s][info][gc,marking  ] GC(265) Concurrent Clear Claimed Marks
[157.673s][info][gc,marking  ] GC(265) Concurrent Clear Claimed Marks 0.034ms
[157.673s][info][gc,marking  ] GC(265) Concurrent Cleanup for Next Mark
[157.674s][info][gc,marking  ] GC(265) Concurrent Cleanup for Next Mark 1.080ms
[157.674s][info][gc          ] GC(265) Concurrent Mark Cycle 77.770ms
[158.611s][info][gc,start    ] GC(266) Pause Young (Prepare Mixed) (G1 Evacuation Pause)
[158.611s][info][gc,task     ] GC(266) Using 2 workers of 2 for evacuation
[158.617s][info][gc,phases   ] GC(266)   Pre Evacuate Collection Set: 0.20ms
[158.617s][info][gc,phases   ] GC(266)   Merge Heap Roots: 0.13ms
[158.617s][info][gc,phases   ] GC(266)   Evacuate Collection Set: 4.41ms
[158.617s][info][gc,phases   ] GC(266)   Post Evacuate Collection Set: 0.38ms
[158.617s][info][gc,phases   ] GC(266)   Other: 0.10ms
[158.617s][info][gc,heap     ] GC(266) Eden regions: 182->0(224)
[158.617s][info][gc,heap     ] GC(266) Survivor regions: 19->6(26)
[158.617s][info][gc,heap     ] GC(266) Old regions: 101->103
[158.617s][info][gc,heap     ] GC(266) Humongous regions: 1->1
[158.617s][info][gc,metaspace] GC(266) Metaspace: 41818K(42240K)->41818K(42240K) NonClass: 39013K(39296K)->39013K(39296K) Class: 2804K(2944K)->2804K(2944K)
[158.617s][info][gc          ] GC(266) Pause Young (Prepare Mixed) (G1 Evacuation Pause) 302M->109M(384M) 5.393ms
[158.617s][info][gc,cpu      ] GC(266) User=0.00s Sys=0.00s Real=0.01s
[159.876s][info][gc,start    ] GC(267) Pause Young (Mixed) (G1 Evacuation Pause)
[159.877s][info][gc,task     ] GC(267) Using 2 workers of 2 for evacuation
[159.903s][info][gc,phases   ] GC(267)   Pre Evacuate Collection Set: 0.22ms
[159.903s][info][gc,phases   ] GC(267)   Merge Heap Roots: 0.10ms
[159.903s][info][gc,phases   ] GC(267)   Evacuate Collection Set: 25.45ms
[159.903s][info][gc,phases   ] GC(267)   Post Evacuate Collection Set: 0.50ms
[159.903s][info][gc,phases   ] GC(267)   Other: 0.08ms
[159.903s][info][gc,heap     ] GC(267) Eden regions: 224->0(203)
[159.903s][info][gc,heap     ] GC(267) Survivor regions: 6->27(29)
[159.903s][info][gc,heap     ] GC(267) Old regions: 103->64
[159.903s][info][gc,heap     ] GC(267) Humongous regions: 1->1
[159.903s][info][gc,metaspace] GC(267) Metaspace: 41818K(42240K)->41818K(42240K) NonClass: 39013K(39296K)->39013K(39296K) Class: 2804K(2944K)->2804K(2944K)
[159.903s][info][gc          ] GC(267) Pause Young (Mixed) (G1 Evacuation Pause) 333M->91M(384M) 26.561ms
[159.903s][info][gc,cpu      ] GC(267) User=0.05s Sys=0.00s Real=0.03s
[161.002s][info][gc,start    ] GC(268) Pause Young (Mixed) (G1 Evacuation Pause)
[161.002s][info][gc,task     ] GC(268) Using 2 workers of 2 for evacuation
[161.035s][info][gc,phases   ] GC(268)   Pre Evacuate Collection Set: 0.21ms
[161.035s][info][gc,phases   ] GC(268)   Merge Heap Roots: 0.09ms
[161.035s][info][gc,phases   ] GC(268)   Evacuate Collection Set: 31.74ms
[161.035s][info][gc,phases   ] GC(268)   Post Evacuate Collection Set: 0.49ms
[161.035s][info][gc,phases   ] GC(268)   Other: 0.08ms
[161.035s][info][gc,heap     ] GC(268) Eden regions: 203->0(216)
[161.035s][info][gc,heap     ] GC(268) Survivor regions: 27->14(29)
[161.035s][info][gc,heap     ] GC(268) Old regions: 64->71
[161.035s][info][gc,heap     ] GC(268) Humongous regions: 2->2
[161.035s][info][gc,metaspace] GC(268) Metaspace: 41818K(42240K)->41818K(42240K) NonClass: 39013K(39296K)->39013K(39296K) Class: 2804K(2944K)->2804K(2944K)
[161.035s][info][gc          ] GC(268) Pause Young (Mixed) (G1 Evacuation Pause) 295M->86M(384M) 32.802ms
[161.035s][info][gc,cpu      ] GC(268) User=0.07s Sys=0.01s Real=0.03s
[161.474s][info][gc,start    ] GC(269) Pause Young (Concurrent Start) (G1 Humongous Allocation)
[161.474s][info][gc,task     ] GC(269) Using 2 workers of 2 for evacuation
[161.494s][info][gc,phases   ] GC(269)   Pre Evacuate Collection Set: 0.24ms
[161.494s][info][gc,phases   ] GC(269)   Merge Heap Roots: 0.07ms
[161.494s][info][gc,phases   ] GC(269)   Evacuate Collection Set: 19.74ms
[161.494s][info][gc,phases   ] GC(269)   Post Evacuate Collection Set: 0.37ms
[161.494s][info][gc,phases   ] GC(269)   Other: 0.11ms
[161.494s][info][gc,heap     ] GC(269) Eden regions: 93->0(205)
[161.494s][info][gc,heap     ] GC(269) Survivor regions: 14->25(29)
[161.494s][info][gc,heap     ] GC(269) Old regions: 71->71
[161.494s][info][gc,heap     ] GC(269) Humongous regions: 2->2
[161.494s][info][gc,metaspace] GC(269) Metaspace: 41823K(42240K)->41823K(42240K) NonClass: 39019K(39296K)->39019K(39296K) Class: 2804K(2944K)->2804K(2944K)
[161.494s][info][gc          ] GC(269) Pause Young (Concurrent Start) (G1 Humongous Allocation) 179M->97M(384M) 20.684ms
[161.494s][info][gc,cpu      ] GC(269) User=0.04s Sys=0.00s Real=0.02s
[161.494s][info][gc          ] GC(270) Concurrent Mark Cycle
[161.494s][info][gc,marking  ] GC(270) Concurrent Scan Root Regions
[161.521s][info][gc,marking  ] GC(270) Concurrent Scan Root Regions 26.657ms
[161.521s][info][gc,marking  ] GC(270) Concurrent Mark
[161.521s][info][gc,marking  ] GC(270) Concurrent Mark From Roots
[161.521s][info][gc,task     ] GC(270) Using 1 workers of 1 for marking
[161.572s][info][gc,marking  ] GC(270) Concurrent Mark From Roots 50.973ms
[161.572s][info][gc,marking  ] GC(270) Concurrent Preclean
[161.572s][info][gc,marking  ] GC(270) Concurrent Preclean 0.035ms
[161.572s][info][gc,start    ] GC(270) Pause Remark
[161.587s][info][gc          ] GC(270) Pause Remark 110M->101M(310M) 15.146ms
[161.587s][info][gc,cpu      ] GC(270) User=0.03s Sys=0.00s Real=0.02s
[161.587s][info][gc,marking  ] GC(270) Concurrent Mark 66.321ms
[161.587s][info][gc,marking  ] GC(270) Concurrent Rebuild Remembered Sets and Scrub Regions
[161.602s][info][gc,marking  ] GC(270) Concurrent Rebuild Remembered Sets and Scrub Regions 14.996ms
[161.603s][info][gc,start    ] GC(270) Pause Cleanup
[161.603s][info][gc          ] GC(270) Pause Cleanup 105M->105M(310M) 0.064ms
[161.603s][info][gc,cpu      ] GC(270) User=0.00s Sys=0.00s Real=0.00s
[161.603s][info][gc,marking  ] GC(270) Concurrent Clear Claimed Marks
[161.603s][info][gc,marking  ] GC(270) Concurrent Clear Claimed Marks 0.048ms
[161.603s][info][gc,marking  ] GC(270) Concurrent Cleanup for Next Mark
[161.604s][info][gc,marking  ] GC(270) Concurrent Cleanup for Next Mark 1.016ms
[161.604s][info][gc          ] GC(270) Concurrent Mark Cycle 109.404ms
[162.295s][info][gc,start    ] GC(271) Pause Young (Prepare Mixed) (G1 Evacuation Pause)
[162.296s][info][gc,task     ] GC(271) Using 2 workers of 2 for evacuation
[162.301s][info][gc,phases   ] GC(271)   Pre Evacuate Collection Set: 0.20ms
[162.301s][info][gc,phases   ] GC(271)   Merge Heap Roots: 0.08ms
[162.301s][info][gc,phases   ] GC(271)   Evacuate Collection Set: 4.67ms
[162.301s][info][gc,phases   ] GC(271)   Post Evacuate Collection Set: 0.41ms
[162.301s][info][gc,phases   ] GC(271)   Other: 0.09ms
[162.301s][info][gc,heap     ] GC(271) Eden regions: 161->0(179)
[162.301s][info][gc,heap     ] GC(271) Survivor regions: 25->7(24)
[162.301s][info][gc,heap     ] GC(271) Old regions: 62->64
[162.301s][info][gc,heap     ] GC(271) Humongous regions: 16->1
[162.301s][info][gc,metaspace] GC(271) Metaspace: 41834K(42240K)->41834K(42240K) NonClass: 39030K(39296K)->39030K(39296K) Class: 2804K(2944K)->2804K(2944K)
[162.301s][info][gc          ] GC(271) Pause Young (Prepare Mixed) (G1 Evacuation Pause) 263M->71M(310M) 5.603ms
[162.301s][info][gc,cpu      ] GC(271) User=0.01s Sys=0.00s Real=0.01s
[163.011s][info][gc,start    ] GC(272) Pause Young (Mixed) (G1 Evacuation Pause)
[163.011s][info][gc,task     ] GC(272) Using 2 workers of 2 for evacuation
[163.023s][info][gc,phases   ] GC(272)   Pre Evacuate Collection Set: 0.18ms
[163.023s][info][gc,phases   ] GC(272)   Merge Heap Roots: 0.09ms
[163.023s][info][gc,phases   ] GC(272)   Evacuate Collection Set: 11.06ms
[163.023s][info][gc,phases   ] GC(272)   Post Evacuate Collection Set: 0.47ms
[163.023s][info][gc,phases   ] GC(272)   Other: 0.07ms
[163.023s][info][gc,heap     ] GC(272) Eden regions: 179->0(172)
[163.023s][info][gc,heap     ] GC(272) Survivor regions: 7->14(24)
[163.023s][info][gc,heap     ] GC(272) Old regions: 64->45
[163.023s][info][gc,heap     ] GC(272) Humongous regions: 11->3
[163.023s][info][gc,metaspace] GC(272) Metaspace: 41838K(42240K)->41838K(42240K) NonClass: 39033K(39296K)->39033K(39296K) Class: 2804K(2944K)->2804K(2944K)
[163.023s][info][gc          ] GC(272) Pause Young (Mixed) (G1 Evacuation Pause) 260M->60M(310M) 12.020ms
[163.023s][info][gc,cpu      ] GC(272) User=0.02s Sys=0.00s Real=0.01s
[163.120s][info][gc,start    ] GC(273) Pause Young (Concurrent Start) (G1 Humongous Allocation)
[163.120s][info][gc,task     ] GC(273) Using 2 workers of 2 for evacuation
[163.126s][info][gc,phases   ] GC(273)   Pre Evacuate Collection Set: 0.18ms
[163.126s][info][gc,phases   ] GC(273)   Merge Heap Roots: 0.05ms
[163.126s][info][gc,phases   ] GC(273)   Evacuate Collection Set: 5.48ms
[163.126s][info][gc,phases   ] GC(273)   Post Evacuate Collection Set: 0.30ms
[163.126s][info][gc,phases   ] GC(273)   Other: 0.10ms
[163.126s][info][gc,heap     ] GC(273) Eden regions: 26->0(183)
[163.126s][info][gc,heap     ] GC(273) Survivor regions: 14->3(24)
[163.126s][info][gc,heap     ] GC(273) Old regions: 45->51
[163.126s][info][gc,heap     ] GC(273) Humongous regions: 3->1
[163.126s][info][gc,metaspace] GC(273) Metaspace: 41840K(42240K)->41840K(42240K) NonClass: 39036K(39296K)->39036K(39296K) Class: 2804K(2944K)->2804K(2944K)
[163.126s][info][gc          ] GC(273) Pause Young (Concurrent Start) (G1 Humongous Allocation) 86M->53M(310M) 6.270ms
[163.126s][info][gc,cpu      ] GC(273) User=0.01s Sys=0.00s Real=0.00s
[163.126s][info][gc          ] GC(274) Concurrent Mark Cycle
[163.126s][info][gc,marking  ] GC(274) Concurrent Scan Root Regions
[163.139s][info][gc,marking  ] GC(274) Concurrent Scan Root Regions 12.321ms
[163.139s][info][gc,marking  ] GC(274) Concurrent Mark
[163.139s][info][gc,marking  ] GC(274) Concurrent Mark From Roots
[163.139s][info][gc,task     ] GC(274) Using 1 workers of 1 for marking
[163.176s][info][gc,marking  ] GC(274) Concurrent Mark From Roots 37.554ms
[163.176s][info][gc,marking  ] GC(274) Concurrent Preclean
[163.176s][info][gc,marking  ] GC(274) Concurrent Preclean 0.037ms
[163.177s][info][gc,start    ] GC(274) Pause Remark
[163.191s][info][gc          ] GC(274) Pause Remark 65M->65M(256M) 14.228ms
[163.191s][info][gc,cpu      ] GC(274) User=0.02s Sys=0.00s Real=0.02s
[163.192s][info][gc,marking  ] GC(274) Concurrent Mark 53.175ms
[163.192s][info][gc,marking  ] GC(274) Concurrent Rebuild Remembered Sets and Scrub Regions
[163.212s][info][gc,marking  ] GC(274) Concurrent Rebuild Remembered Sets and Scrub Regions 20.176ms
[163.212s][info][gc,start    ] GC(274) Pause Cleanup
[163.212s][info][gc          ] GC(274) Pause Cleanup 68M->68M(256M) 0.047ms
[163.212s][info][gc,cpu      ] GC(274) User=0.00s Sys=0.00s Real=0.00s
[163.212s][info][gc,marking  ] GC(274) Concurrent Clear Claimed Marks
[163.212s][info][gc,marking  ] GC(274) Concurrent Clear Claimed Marks 0.037ms
[163.212s][info][gc,marking  ] GC(274) Concurrent Cleanup for Next Mark
[163.213s][info][gc,marking  ] GC(274) Concurrent Cleanup for Next Mark 0.802ms
[163.213s][info][gc          ] GC(274) Concurrent Mark Cycle 86.855ms
[163.693s][info][gc,start    ] GC(275) Pause Young (Prepare Mixed) (G1 Evacuation Pause)
[163.693s][info][gc,task     ] GC(275) Using 2 workers of 2 for evacuation
[163.710s][info][gc,phases   ] GC(275)   Pre Evacuate Collection Set: 0.17ms
[163.710s][info][gc,phases   ] GC(275)   Merge Heap Roots: 0.06ms
[163.710s][info][gc,phases   ] GC(275)   Evacuate Collection Set: 15.84ms
[163.710s][info][gc,phases   ] GC(275)   Post Evacuate Collection Set: 0.38ms
[163.710s][info][gc,phases   ] GC(275)   Other: 0.07ms
[163.710s][info][gc,heap     ] GC(275) Eden regions: 150->0(133)
[163.710s][info][gc,heap     ] GC(275) Survivor regions: 3->20(20)
[163.710s][info][gc,heap     ] GC(275) Old regions: 51->52
[163.710s][info][gc,heap     ] GC(275) Humongous regions: 9->3
[163.710s][info][gc,metaspace] GC(275) Metaspace: 41842K(42240K)->41842K(42240K) NonClass: 39038K(39296K)->39038K(39296K) Class: 2804K(2944K)->2804K(2944K)
[163.710s][info][gc          ] GC(275) Pause Young (Prepare Mixed) (G1 Evacuation Pause) 211M->73M(256M) 16.695ms
[163.710s][info][gc,cpu      ] GC(275) User=0.03s Sys=0.00s Real=0.02s
[164.277s][info][gc,start    ] GC(276) Pause Young (Mixed) (G1 Evacuation Pause)
[164.277s][info][gc,task     ] GC(276) Using 2 workers of 2 for evacuation
[164.303s][info][gc,phases   ] GC(276)   Pre Evacuate Collection Set: 0.21ms
[164.303s][info][gc,phases   ] GC(276)   Merge Heap Roots: 0.16ms
[164.303s][info][gc,phases   ] GC(276)   Evacuate Collection Set: 24.27ms
[164.303s][info][gc,phases   ] GC(276)   Post Evacuate Collection Set: 0.49ms
[164.303s][info][gc,phases   ] GC(276)   Other: 0.07ms
[164.303s][info][gc,heap     ] GC(276) Eden regions: 133->0(140)
[164.303s][info][gc,heap     ] GC(276) Survivor regions: 20->13(20)
[164.303s][info][gc,heap     ] GC(276) Old regions: 52->56
[164.303s][info][gc,heap     ] GC(276) Humongous regions: 5->3
[164.303s][info][gc,metaspace] GC(276) Metaspace: 41846K(42240K)->41846K(42240K) NonClass: 39042K(39296K)->39042K(39296K) Class: 2804K(2944K)->2804K(2944K)
[164.303s][info][gc          ] GC(276) Pause Young (Mixed) (G1 Evacuation Pause) 208M->70M(256M) 25.362ms
[164.303s][info][gc,cpu      ] GC(276) User=0.05s Sys=0.00s Real=0.02s
[164.309s][info][gc,start    ] GC(277) Pause Young (Concurrent Start) (G1 Humongous Allocation)
[164.309s][info][gc,task     ] GC(277) Using 2 workers of 2 for evacuation
[164.321s][info][gc,phases   ] GC(277)   Pre Evacuate Collection Set: 0.14ms
[164.321s][info][gc,phases   ] GC(277)   Merge Heap Roots: 0.08ms
[164.321s][info][gc,phases   ] GC(277)   Evacuate Collection Set: 11.93ms
[164.321s][info][gc,phases   ] GC(277)   Post Evacuate Collection Set: 0.24ms
[164.321s][info][gc,phases   ] GC(277)   Other: 0.06ms
[164.321s][info][gc,heap     ] GC(277) Eden regions: 2->0(145)
[164.321s][info][gc,heap     ] GC(277) Survivor regions: 13->1(20)
[164.321s][info][gc,heap     ] GC(277) Old regions: 56->68
[164.321s][info][gc,heap     ] GC(277) Humongous regions: 3->1
[164.321s][info][gc,metaspace] GC(277) Metaspace: 41846K(42240K)->41846K(42240K) NonClass: 39042K(39296K)->39042K(39296K) Class: 2804K(2944K)->2804K(2944K)
[164.321s][info][gc          ] GC(277) Pause Young (Concurrent Start) (G1 Humongous Allocation) 72M->68M(256M) 12.599ms
[164.321s][info][gc,cpu      ] GC(277) User=0.02s Sys=0.00s Real=0.01s
[164.322s][info][gc          ] GC(278) Concurrent Mark Cycle
[164.322s][info][gc,marking  ] GC(278) Concurrent Scan Root Regions
[164.333s][info][gc,marking  ] GC(278) Concurrent Scan Root Regions 11.461ms
[164.333s][info][gc,marking  ] GC(278) Concurrent Mark
[164.333s][info][gc,marking  ] GC(278) Concurrent Mark From Roots
[164.333s][info][gc,task     ] GC(278) Using 1 workers of 1 for marking
[164.387s][info][gc,marking  ] GC(278) Concurrent Mark From Roots 54.011ms
[164.387s][info][gc,marking  ] GC(278) Concurrent Preclean
[164.387s][info][gc,marking  ] GC(278) Concurrent Preclean 0.041ms
[164.387s][info][gc,start    ] GC(278) Pause Remark
[164.402s][info][gc          ] GC(278) Pause Remark 88M->88M(256M) 14.747ms
[164.402s][info][gc,cpu      ] GC(278) User=0.03s Sys=0.00s Real=0.01s
[164.402s][info][gc,marking  ] GC(278) Concurrent Mark 69.035ms
[164.402s][info][gc,marking  ] GC(278) Concurrent Rebuild Remembered Sets and Scrub Regions
[164.432s][info][gc,marking  ] GC(278) Concurrent Rebuild Remembered Sets and Scrub Regions 29.886ms
[164.432s][info][gc,start    ] GC(278) Pause Cleanup
[164.432s][info][gc          ] GC(278) Pause Cleanup 88M->88M(256M) 0.039ms
[164.432s][info][gc,cpu      ] GC(278) User=0.00s Sys=0.00s Real=0.00s
[164.432s][info][gc,marking  ] GC(278) Concurrent Clear Claimed Marks
[164.432s][info][gc,marking  ] GC(278) Concurrent Clear Claimed Marks 0.033ms
[164.432s][info][gc,marking  ] GC(278) Concurrent Cleanup for Next Mark
[164.433s][info][gc,marking  ] GC(278) Concurrent Cleanup for Next Mark 0.760ms
[164.433s][info][gc          ] GC(278) Concurrent Mark Cycle 111.376ms
[164.934s][info][gc,start    ] GC(279) Pause Young (Prepare Mixed) (G1 Evacuation Pause)
[164.934s][info][gc,task     ] GC(279) Using 2 workers of 2 for evacuation
[164.942s][info][gc,phases   ] GC(279)   Pre Evacuate Collection Set: 0.16ms
[164.942s][info][gc,phases   ] GC(279)   Merge Heap Roots: 0.06ms
[164.942s][info][gc,phases   ] GC(279)   Evacuate Collection Set: 7.78ms
[164.942s][info][gc,phases   ] GC(279)   Post Evacuate Collection Set: 0.38ms
[164.942s][info][gc,phases   ] GC(279)   Other: 0.08ms
[164.942s][info][gc,heap     ] GC(279) Eden regions: 145->0(138)
[164.942s][info][gc,heap     ] GC(279) Survivor regions: 1->10(19)
[164.942s][info][gc,heap     ] GC(279) Old regions: 68->68
[164.942s][info][gc,heap     ] GC(279) Humongous regions: 13->3
[164.942s][info][gc,metaspace] GC(279) Metaspace: 41847K(42240K)->41847K(42240K) NonClass: 39042K(39296K)->39042K(39296K) Class: 2804K(2944K)->2804K(2944K)
[164.942s][info][gc          ] GC(279) Pause Young (Prepare Mixed) (G1 Evacuation Pause) 225M->79M(256M) 8.610ms
[164.942s][info][gc,cpu      ] GC(279) User=0.01s Sys=0.00s Real=0.01s
[165.441s][info][gc,start    ] GC(280) Pause Young (Mixed) (G1 Evacuation Pause)
[165.441s][info][gc,task     ] GC(280) Using 2 workers of 2 for evacuation
[165.455s][info][gc,phases   ] GC(280)   Pre Evacuate Collection Set: 0.17ms
[165.455s][info][gc,phases   ] GC(280)   Merge Heap Roots: 0.09ms
[165.455s][info][gc,phases   ] GC(280)   Evacuate Collection Set: 13.14ms
[165.455s][info][gc,phases   ] GC(280)   Post Evacuate Collection Set: 0.54ms
[165.455s][info][gc,phases   ] GC(280)   Other: 0.07ms
[165.455s][info][gc,heap     ] GC(280) Eden regions: 138->0(143)
[165.455s][info][gc,heap     ] GC(280) Survivor regions: 10->10(19)
[165.455s][info][gc,heap     ] GC(280) Old regions: 68->62
[165.455s][info][gc,heap     ] GC(280) Humongous regions: 13->3
[165.455s][info][gc,metaspace] GC(280) Metaspace: 41847K(42240K)->41847K(42240K) NonClass: 39042K(39296K)->39042K(39296K) Class: 2804K(2944K)->2804K(2944K)
[165.455s][info][gc          ] GC(280) Pause Young (Mixed) (G1 Evacuation Pause) 227M->74M(256M) 14.193ms
[165.455s][info][gc,cpu      ] GC(280) User=0.03s Sys=0.00s Real=0.01s
[165.481s][info][gc,start    ] GC(281) Pause Young (Concurrent Start) (G1 Humongous Allocation)
[165.481s][info][gc,task     ] GC(281) Using 2 workers of 2 for evacuation
[165.483s][info][gc,phases   ] GC(281)   Pre Evacuate Collection Set: 0.20ms
[165.483s][info][gc,phases   ] GC(281)   Merge Heap Roots: 0.05ms
[165.483s][info][gc,phases   ] GC(281)   Evacuate Collection Set: 2.07ms
[165.483s][info][gc,phases   ] GC(281)   Post Evacuate Collection Set: 0.24ms
[165.483s][info][gc,phases   ] GC(281)   Other: 0.09ms
[165.483s][info][gc,heap     ] GC(281) Eden regions: 9->0(151)
[165.483s][info][gc,heap     ] GC(281) Survivor regions: 10->2(20)
[165.483s][info][gc,heap     ] GC(281) Old regions: 62->62
[165.483s][info][gc,heap     ] GC(281) Humongous regions: 3->1
[165.483s][info][gc,metaspace] GC(281) Metaspace: 41847K(42240K)->41847K(42240K) NonClass: 39042K(39296K)->39042K(39296K) Class: 2804K(2944K)->2804K(2944K)
[165.483s][info][gc          ] GC(281) Pause Young (Concurrent Start) (G1 Humongous Allocation) 83M->64M(256M) 2.830ms
[165.483s][info][gc          ] GC(282) Concurrent Mark Cycle
[165.484s][info][gc,marking  ] GC(282) Concurrent Scan Root Regions
[165.485s][info][gc,cpu      ] GC(281) User=0.01s Sys=0.00s Real=0.00s
[165.486s][info][gc,marking  ] GC(282) Concurrent Scan Root Regions 2.016ms
[165.486s][info][gc,marking  ] GC(282) Concurrent Mark
[165.486s][info][gc,marking  ] GC(282) Concurrent Mark From Roots
[165.486s][info][gc,task     ] GC(282) Using 1 workers of 1 for marking
[165.534s][info][gc,marking  ] GC(282) Concurrent Mark From Roots 48.116ms
[165.534s][info][gc,marking  ] GC(282) Concurrent Preclean
[165.534s][info][gc,marking  ] GC(282) Concurrent Preclean 0.041ms
[165.534s][info][gc,start    ] GC(282) Pause Remark
[165.548s][info][gc          ] GC(282) Pause Remark 76M->70M(256M) 14.351ms
[165.548s][info][gc,cpu      ] GC(282) User=0.02s Sys=0.00s Real=0.02s
[165.548s][info][gc,marking  ] GC(282) Concurrent Mark 62.684ms
[165.548s][info][gc,marking  ] GC(282) Concurrent Rebuild Remembered Sets and Scrub Regions
[165.566s][info][gc,marking  ] GC(282) Concurrent Rebuild Remembered Sets and Scrub Regions 18.006ms
[165.566s][info][gc,start    ] GC(282) Pause Cleanup
[165.566s][info][gc          ] GC(282) Pause Cleanup 70M->70M(256M) 0.039ms
[165.566s][info][gc,cpu      ] GC(282) User=0.00s Sys=0.00s Real=0.00s
[165.566s][info][gc,marking  ] GC(282) Concurrent Clear Claimed Marks
[165.566s][info][gc,marking  ] GC(282) Concurrent Clear Claimed Marks 0.032ms
[165.566s][info][gc,marking  ] GC(282) Concurrent Cleanup for Next Mark
[165.567s][info][gc,marking  ] GC(282) Concurrent Cleanup for Next Mark 0.760ms
[165.567s][info][gc          ] GC(282) Concurrent Mark Cycle 83.683ms
[166.235s][info][gc,start    ] GC(283) Pause Young (Prepare Mixed) (G1 Evacuation Pause)
[166.235s][info][gc,task     ] GC(283) Using 2 workers of 2 for evacuation
[166.242s][info][gc,phases   ] GC(283)   Pre Evacuate Collection Set: 0.17ms
[166.242s][info][gc,phases   ] GC(283)   Merge Heap Roots: 0.07ms
[166.242s][info][gc,phases   ] GC(283)   Evacuate Collection Set: 6.75ms
[166.242s][info][gc,phases   ] GC(283)   Post Evacuate Collection Set: 0.40ms
[166.242s][info][gc,phases   ] GC(283)   Other: 0.07ms
[166.242s][info][gc,heap     ] GC(283) Eden regions: 151->0(143)
[166.243s][info][gc,heap     ] GC(283) Survivor regions: 2->10(20)
[166.243s][info][gc,heap     ] GC(283) Old regions: 56->56
[166.243s][info][gc,heap     ] GC(283) Humongous regions: 15->3
[166.243s][info][gc,metaspace] GC(283) Metaspace: 41847K(42240K)->41847K(42240K) NonClass: 39042K(39296K)->39042K(39296K) Class: 2804K(2944K)->2804K(2944K)
[166.243s][info][gc          ] GC(283) Pause Young (Prepare Mixed) (G1 Evacuation Pause) 223M->68M(256M) 7.646ms
[166.243s][info][gc,cpu      ] GC(283) User=0.01s Sys=0.00s Real=0.01s
[166.758s][info][gc,start    ] GC(284) Pause Young (Mixed) (G1 Evacuation Pause)
[166.758s][info][gc,task     ] GC(284) Using 2 workers of 2 for evacuation
[166.780s][info][gc,phases   ] GC(284)   Pre Evacuate Collection Set: 0.16ms
[166.780s][info][gc,phases   ] GC(284)   Merge Heap Roots: 0.06ms
[166.780s][info][gc,phases   ] GC(284)   Evacuate Collection Set: 21.17ms
[166.780s][info][gc,phases   ] GC(284)   Post Evacuate Collection Set: 0.45ms
[166.780s][info][gc,phases   ] GC(284)   Other: 0.09ms
[166.780s][info][gc,heap     ] GC(284) Eden regions: 143->0(133)
[166.780s][info][gc,heap     ] GC(284) Survivor regions: 10->20(20)
[166.780s][info][gc,heap     ] GC(284) Old regions: 56->50
[166.780s][info][gc,heap     ] GC(284) Humongous regions: 3->3
[166.780s][info][gc,metaspace] GC(284) Metaspace: 41848K(42240K)->41848K(42240K) NonClass: 39044K(39296K)->39044K(39296K) Class: 2804K(2944K)->2804K(2944K)
[166.780s][info][gc          ] GC(284) Pause Young (Mixed) (G1 Evacuation Pause) 211M->72M(256M) 22.110ms
[166.780s][info][gc,cpu      ] GC(284) User=0.04s Sys=0.00s Real=0.02s
[167.333s][info][gc,start    ] GC(285) Pause Young (Concurrent Start) (G1 Evacuation Pause)
[167.333s][info][gc,task     ] GC(285) Using 2 workers of 2 for evacuation
[167.362s][info][gc,phases   ] GC(285)   Pre Evacuate Collection Set: 0.20ms
[167.363s][info][gc,phases   ] GC(285)   Merge Heap Roots: 0.18ms
[167.363s][info][gc,phases   ] GC(285)   Evacuate Collection Set: 28.85ms
[167.363s][info][gc,phases   ] GC(285)   Post Evacuate Collection Set: 0.40ms
[167.363s][info][gc,phases   ] GC(285)   Other: 0.13ms
[167.363s][info][gc,heap     ] GC(285) Eden regions: 133->0(130)
[167.363s][info][gc,heap     ] GC(285) Survivor regions: 20->19(20)
[167.363s][info][gc,heap     ] GC(285) Old regions: 50->60
[167.363s][info][gc,heap     ] GC(285) Humongous regions: 3->3
[167.363s][info][gc,metaspace] GC(285) Metaspace: 41848K(42240K)->41848K(42240K) NonClass: 39044K(39296K)->39044K(39296K) Class: 2804K(2944K)->2804K(2944K)
[167.363s][info][gc          ] GC(285) Pause Young (Concurrent Start) (G1 Evacuation Pause) 205M->81M(256M) 29.953ms
[167.363s][info][gc,cpu      ] GC(285) User=0.06s Sys=0.00s Real=0.03s
[167.363s][info][gc          ] GC(286) Concurrent Mark Cycle
[167.363s][info][gc,marking  ] GC(286) Concurrent Scan Root Regions
[167.389s][info][gc,marking  ] GC(286) Concurrent Scan Root Regions 25.914ms
[167.389s][info][gc,marking  ] GC(286) Concurrent Mark
[167.389s][info][gc,marking  ] GC(286) Concurrent Mark From Roots
[167.389s][info][gc,task     ] GC(286) Using 1 workers of 1 for marking
[167.454s][info][gc,marking  ] GC(286) Concurrent Mark From Roots 65.675ms
[167.454s][info][gc,marking  ] GC(286) Concurrent Preclean
[167.454s][info][gc,marking  ] GC(286) Concurrent Preclean 0.040ms
[167.455s][info][gc,start    ] GC(286) Pause Remark
[167.469s][info][gc          ] GC(286) Pause Remark 101M->101M(256M) 14.798ms
[167.469s][info][gc,cpu      ] GC(286) User=0.02s Sys=0.00s Real=0.02s
[167.469s][info][gc,marking  ] GC(286) Concurrent Mark 80.747ms
[167.469s][info][gc,marking  ] GC(286) Concurrent Rebuild Remembered Sets and Scrub Regions
[167.502s][info][gc,marking  ] GC(286) Concurrent Rebuild Remembered Sets and Scrub Regions 32.476ms
[167.502s][info][gc,start    ] GC(286) Pause Cleanup
[167.502s][info][gc          ] GC(286) Pause Cleanup 108M->108M(256M) 0.043ms
[167.502s][info][gc,cpu      ] GC(286) User=0.00s Sys=0.00s Real=0.00s
[167.503s][info][gc,marking  ] GC(286) Concurrent Clear Claimed Marks
[167.503s][info][gc,marking  ] GC(286) Concurrent Clear Claimed Marks 0.039ms
[167.503s][info][gc,marking  ] GC(286) Concurrent Cleanup for Next Mark
[167.504s][info][gc,marking  ] GC(286) Concurrent Cleanup for Next Mark 0.786ms
[167.504s][info][gc          ] GC(286) Concurrent Mark Cycle 140.958ms
[167.959s][info][gc,start    ] GC(287) Pause Young (Prepare Mixed) (G1 Evacuation Pause)
[167.959s][info][gc,task     ] GC(287) Using 2 workers of 2 for evacuation
[167.990s][info][gc,phases   ] GC(287)   Pre Evacuate Collection Set: 0.16ms
[167.990s][info][gc,phases   ] GC(287)   Merge Heap Roots: 0.16ms
[167.990s][info][gc,phases   ] GC(287)   Evacuate Collection Set: 30.45ms
[167.990s][info][gc,phases   ] GC(287)   Post Evacuate Collection Set: 0.45ms
[167.990s][info][gc,phases   ] GC(287)   Other: 0.07ms
[167.990s][info][gc,heap     ] GC(287) Eden regions: 130->0(118)
[167.990s][info][gc,heap     ] GC(287) Survivor regions: 19->15(19)
[167.990s][info][gc,heap     ] GC(287) Old regions: 60->79
[167.990s][info][gc,heap     ] GC(287) Humongous regions: 7->3
[167.990s][info][gc,metaspace] GC(287) Metaspace: 41848K(42240K)->41848K(42240K) NonClass: 39044K(39296K)->39044K(39296K) Class: 2804K(2944K)->2804K(2944K)
[167.990s][info][gc          ] GC(287) Pause Young (Prepare Mixed) (G1 Evacuation Pause) 215M->96M(256M) 31.472ms
[167.990s][info][gc,cpu      ] GC(287) User=0.06s Sys=0.00s Real=0.03s
[168.508s][info][gc,start    ] GC(288) Pause Young (Mixed) (G1 Evacuation Pause)
[168.508s][info][gc,task     ] GC(288) Using 2 workers of 2 for evacuation
[168.520s][info][gc,phases   ] GC(288)   Pre Evacuate Collection Set: 0.14ms
[168.520s][info][gc,phases   ] GC(288)   Merge Heap Roots: 0.09ms
[168.520s][info][gc,phases   ] GC(288)   Evacuate Collection Set: 11.14ms
[168.520s][info][gc,phases   ] GC(288)   Post Evacuate Collection Set: 0.40ms
[168.520s][info][gc,phases   ] GC(288)   Other: 0.08ms
[168.520s][info][gc,heap     ] GC(288) Eden regions: 118->0(127)
[168.520s][info][gc,heap     ] GC(288) Survivor regions: 15->5(17)
[168.520s][info][gc,heap     ] GC(288) Old regions: 79->82
[168.520s][info][gc,heap     ] GC(288) Humongous regions: 11->3
[168.520s][info][gc,metaspace] GC(288) Metaspace: 41848K(42240K)->41848K(42240K) NonClass: 39044K(39296K)->39044K(39296K) Class: 2804K(2944K)->2804K(2944K)
[168.520s][info][gc          ] GC(288) Pause Young (Mixed) (G1 Evacuation Pause) 222M->89M(256M) 12.017ms
[168.520s][info][gc,cpu      ] GC(288) User=0.02s Sys=0.00s Real=0.01s
[168.676s][info][gc,start    ] GC(289) Pause Young (Concurrent Start) (G1 Humongous Allocation)
[168.676s][info][gc,task     ] GC(289) Using 2 workers of 2 for evacuation
[168.678s][info][gc,phases   ] GC(289)   Pre Evacuate Collection Set: 0.16ms
[168.678s][info][gc,phases   ] GC(289)   Merge Heap Roots: 0.04ms
[168.678s][info][gc,phases   ] GC(289)   Evacuate Collection Set: 1.39ms
[168.678s][info][gc,phases   ] GC(289)   Post Evacuate Collection Set: 0.28ms
[168.678s][info][gc,phases   ] GC(289)   Other: 0.08ms
[168.678s][info][gc,heap     ] GC(289) Eden regions: 40->0(136)
[168.678s][info][gc,heap     ] GC(289) Survivor regions: 5->2(17)
[168.678s][info][gc,heap     ] GC(289) Old regions: 82->82
[168.678s][info][gc,heap     ] GC(289) Humongous regions: 3->1
[168.678s][info][gc,metaspace] GC(289) Metaspace: 41848K(42240K)->41848K(42240K) NonClass: 39044K(39296K)->39044K(39296K) Class: 2804K(2944K)->2804K(2944K)
[168.678s][info][gc          ] GC(289) Pause Young (Concurrent Start) (G1 Humongous Allocation) 129M->84M(256M) 2.115ms
[168.678s][info][gc,cpu      ] GC(289) User=0.01s Sys=0.00s Real=0.01s
[168.678s][info][gc          ] GC(290) Concurrent Mark Cycle
[168.678s][info][gc,marking  ] GC(290) Concurrent Scan Root Regions
[168.682s][info][gc,marking  ] GC(290) Concurrent Scan Root Regions 3.576ms
[168.682s][info][gc,marking  ] GC(290) Concurrent Mark
[168.682s][info][gc,marking  ] GC(290) Concurrent Mark From Roots
[168.682s][info][gc,task     ] GC(290) Using 1 workers of 1 for marking
[168.738s][info][gc,marking  ] GC(290) Concurrent Mark From Roots 56.561ms
[168.738s][info][gc,marking  ] GC(290) Concurrent Preclean
[168.738s][info][gc,marking  ] GC(290) Concurrent Preclean 0.044ms
[168.739s][info][gc,start    ] GC(290) Pause Remark
[168.753s][info][gc          ] GC(290) Pause Remark 104M->89M(256M) 14.649ms
[168.753s][info][gc,cpu      ] GC(290) User=0.03s Sys=0.00s Real=0.01s
[168.753s][info][gc,marking  ] GC(290) Concurrent Mark 71.507ms
[168.753s][info][gc,marking  ] GC(290) Concurrent Rebuild Remembered Sets and Scrub Regions
[168.776s][info][gc,marking  ] GC(290) Concurrent Rebuild Remembered Sets and Scrub Regions 22.474ms
[168.776s][info][gc,start    ] GC(290) Pause Cleanup
[168.776s][info][gc          ] GC(290) Pause Cleanup 94M->94M(256M) 0.049ms
[168.776s][info][gc,cpu      ] GC(290) User=0.00s Sys=0.00s Real=0.00s
[168.776s][info][gc,marking  ] GC(290) Concurrent Clear Claimed Marks
[168.776s][info][gc,marking  ] GC(290) Concurrent Clear Claimed Marks 0.037ms
[168.776s][info][gc,marking  ] GC(290) Concurrent Cleanup for Next Mark
[168.777s][info][gc,marking  ] GC(290) Concurrent Cleanup for Next Mark 0.788ms
[168.777s][info][gc          ] GC(290) Concurrent Mark Cycle 98.742ms
[169.185s][info][gc,start    ] GC(291) Pause Young (Prepare Mixed) (G1 Evacuation Pause)
[169.185s][info][gc,task     ] GC(291) Using 2 workers of 2 for evacuation
[169.204s][info][gc,phases   ] GC(291)   Pre Evacuate Collection Set: 0.22ms
[169.204s][info][gc,phases   ] GC(291)   Merge Heap Roots: 0.08ms
[169.204s][info][gc,phases   ] GC(291)   Evacuate Collection Set: 17.52ms
[169.204s][info][gc,phases   ] GC(291)   Post Evacuate Collection Set: 0.67ms
[169.204s][info][gc,phases   ] GC(291)   Other: 0.10ms
[169.204s][info][gc,heap     ] GC(291) Eden regions: 136->0(157)
[169.204s][info][gc,heap     ] GC(291) Survivor regions: 2->14(18)
[169.204s][info][gc,heap     ] GC(291) Old regions: 67->67
[169.204s][info][gc,heap     ] GC(291) Humongous regions: 5->3
[169.204s][info][gc,metaspace] GC(291) Metaspace: 41848K(42240K)->41848K(42240K) NonClass: 39044K(39296K)->39044K(39296K) Class: 2804K(2944K)->2804K(2944K)
[169.204s][info][gc          ] GC(291) Pause Young (Prepare Mixed) (G1 Evacuation Pause) 209M->83M(285M) 18.746ms
[169.204s][info][gc,cpu      ] GC(291) User=0.03s Sys=0.00s Real=0.02s
[169.797s][info][gc,start    ] GC(292) Pause Young (Mixed) (G1 Evacuation Pause)
[169.797s][info][gc,task     ] GC(292) Using 2 workers of 2 for evacuation
[169.805s][info][gc,phases   ] GC(292)   Pre Evacuate Collection Set: 0.19ms
[169.805s][info][gc,phases   ] GC(292)   Merge Heap Roots: 0.07ms
[169.805s][info][gc,phases   ] GC(292)   Evacuate Collection Set: 6.98ms
[169.805s][info][gc,phases   ] GC(292)   Post Evacuate Collection Set: 0.42ms
[169.805s][info][gc,phases   ] GC(292)   Other: 0.08ms
[169.805s][info][gc,heap     ] GC(292) Eden regions: 157->0(167)
[169.805s][info][gc,heap     ] GC(292) Survivor regions: 14->4(22)
[169.805s][info][gc,heap     ] GC(292) Old regions: 67->50
[169.805s][info][gc,heap     ] GC(292) Humongous regions: 11->3
[169.805s][info][gc,metaspace] GC(292) Metaspace: 41848K(42240K)->41848K(42240K) NonClass: 39044K(39296K)->39044K(39296K) Class: 2804K(2944K)->2804K(2944K)
[169.805s][info][gc          ] GC(292) Pause Young (Mixed) (G1 Evacuation Pause) 248M->56M(285M) 7.917ms
[169.805s][info][gc,cpu      ] GC(292) User=0.01s Sys=0.00s Real=0.00s
[170.017s][info][gc,start    ] GC(293) Pause Young (Concurrent Start) (G1 Humongous Allocation)
[170.017s][info][gc,task     ] GC(293) Using 2 workers of 2 for evacuation
[170.019s][info][gc,phases   ] GC(293)   Pre Evacuate Collection Set: 0.19ms
[170.019s][info][gc,phases   ] GC(293)   Merge Heap Roots: 0.04ms
[170.019s][info][gc,phases   ] GC(293)   Evacuate Collection Set: 1.83ms
[170.019s][info][gc,phases   ] GC(293)   Post Evacuate Collection Set: 0.33ms
[170.019s][info][gc,phases   ] GC(293)   Other: 0.10ms
[170.019s][info][gc,heap     ] GC(293) Eden regions: 57->0(169)
[170.019s][info][gc,heap     ] GC(293) Survivor regions: 4->2(22)
[170.019s][info][gc,heap     ] GC(293) Old regions: 50->50
[170.019s][info][gc,heap     ] GC(293) Humongous regions: 3->1
[170.019s][info][gc,metaspace] GC(293) Metaspace: 41848K(42240K)->41848K(42240K) NonClass: 39044K(39296K)->39044K(39296K) Class: 2804K(2944K)->2804K(2944K)
[170.019s][info][gc          ] GC(293) Pause Young (Concurrent Start) (G1 Humongous Allocation) 113M->52M(285M) 2.645ms
[170.019s][info][gc,cpu      ] GC(293) User=0.01s Sys=0.00s Real=0.01s
[170.019s][info][gc          ] GC(294) Concurrent Mark Cycle
[170.019s][info][gc,marking  ] GC(294) Concurrent Scan Root Regions
[170.025s][info][gc,marking  ] GC(294) Concurrent Scan Root Regions 6.247ms
[170.026s][info][gc,marking  ] GC(294) Concurrent Mark
[170.026s][info][gc,marking  ] GC(294) Concurrent Mark From Roots
[170.026s][info][gc,task     ] GC(294) Using 1 workers of 1 for marking
[170.142s][info][gc,marking  ] GC(294) Concurrent Mark From Roots 116.668ms
[170.142s][info][gc,marking  ] GC(294) Concurrent Preclean
[170.142s][info][gc,marking  ] GC(294) Concurrent Preclean 0.047ms
[170.142s][info][gc,start    ] GC(294) Pause Remark
[170.164s][info][gc          ] GC(294) Pause Remark 84M->84M(256M) 21.706ms
[170.164s][info][gc,cpu      ] GC(294) User=0.04s Sys=0.00s Real=0.02s
[170.165s][info][gc,marking  ] GC(294) Concurrent Mark 139.861ms
[170.165s][info][gc,marking  ] GC(294) Concurrent Rebuild Remembered Sets and Scrub Regions
[170.207s][info][gc,marking  ] GC(294) Concurrent Rebuild Remembered Sets and Scrub Regions 41.248ms
[170.207s][info][gc,start    ] GC(294) Pause Cleanup
[170.207s][info][gc          ] GC(294) Pause Cleanup 93M->93M(256M) 0.061ms
[170.207s][info][gc,cpu      ] GC(294) User=0.00s Sys=0.00s Real=0.00s
[170.207s][info][gc,marking  ] GC(294) Concurrent Clear Claimed Marks
[170.207s][info][gc,marking  ] GC(294) Concurrent Clear Claimed Marks 0.048ms
[170.207s][info][gc,marking  ] GC(294) Concurrent Cleanup for Next Mark
[170.210s][info][gc,marking  ] GC(294) Concurrent Cleanup for Next Mark 2.867ms
[170.210s][info][gc          ] GC(294) Concurrent Mark Cycle 190.915ms
[170.694s][info][gc,start    ] GC(295) Pause Young (Prepare Mixed) (G1 Evacuation Pause)
[170.694s][info][gc,task     ] GC(295) Using 2 workers of 2 for evacuation
[170.705s][info][gc,phases   ] GC(295)   Pre Evacuate Collection Set: 0.17ms
[170.705s][info][gc,phases   ] GC(295)   Merge Heap Roots: 0.11ms
[170.705s][info][gc,phases   ] GC(295)   Evacuate Collection Set: 10.59ms
[170.705s][info][gc,phases   ] GC(295)   Post Evacuate Collection Set: 0.46ms
[170.705s][info][gc,phases   ] GC(295)   Other: 0.09ms
[170.705s][info][gc,heap     ] GC(295) Eden regions: 151->0(142)
[170.705s][info][gc,heap     ] GC(295) Survivor regions: 2->11(20)
[170.705s][info][gc,heap     ] GC(295) Old regions: 50->50
[170.705s][info][gc,heap     ] GC(295) Humongous regions: 5->3
[170.705s][info][gc,metaspace] GC(295) Metaspace: 41848K(42240K)->41848K(42240K) NonClass: 39044K(39296K)->39044K(39296K) Class: 2804K(2944K)->2804K(2944K)
[170.705s][info][gc          ] GC(295) Pause Young (Prepare Mixed) (G1 Evacuation Pause) 207M->63M(256M) 11.601ms
[170.705s][info][gc,cpu      ] GC(295) User=0.02s Sys=0.00s Real=0.01s
[171.234s][info][gc,start    ] GC(296) Pause Young (Mixed) (G1 Evacuation Pause)
[171.234s][info][gc,task     ] GC(296) Using 2 workers of 2 for evacuation
[171.249s][info][gc,phases   ] GC(296)   Pre Evacuate Collection Set: 0.15ms
[171.249s][info][gc,phases   ] GC(296)   Merge Heap Roots: 0.09ms
[171.249s][info][gc,phases   ] GC(296)   Evacuate Collection Set: 13.63ms
[171.249s][info][gc,phases   ] GC(296)   Post Evacuate Collection Set: 0.70ms
[171.249s][info][gc,phases   ] GC(296)   Other: 0.07ms
[171.249s][info][gc,heap     ] GC(296) Eden regions: 142->0(140)
[171.249s][info][gc,heap     ] GC(296) Survivor regions: 11->13(20)
[171.249s][info][gc,heap     ] GC(296) Old regions: 50->49
[171.249s][info][gc,heap     ] GC(296) Humongous regions: 9->3
[171.249s][info][gc,metaspace] GC(296) Metaspace: 41848K(42240K)->41848K(42240K) NonClass: 39044K(39296K)->39044K(39296K) Class: 2804K(2944K)->2804K(2944K)
[171.249s][info][gc          ] GC(296) Pause Young (Mixed) (G1 Evacuation Pause) 211M->63M(256M) 14.820ms
[171.249s][info][gc,cpu      ] GC(296) User=0.02s Sys=0.00s Real=0.02s
[171.612s][info][gc,start    ] GC(297) Pause Young (Concurrent Start) (G1 Evacuation Pause)
[171.612s][info][gc,task     ] GC(297) Using 2 workers of 2 for evacuation
[171.650s][info][gc,phases   ] GC(297)   Pre Evacuate Collection Set: 0.21ms
[171.650s][info][gc,phases   ] GC(297)   Merge Heap Roots: 0.06ms
[171.650s][info][gc,phases   ] GC(297)   Evacuate Collection Set: 36.55ms
[171.650s][info][gc,phases   ] GC(297)   Post Evacuate Collection Set: 0.46ms
[171.650s][info][gc,phases   ] GC(297)   Other: 0.11ms
[171.650s][info][gc,heap     ] GC(297) Eden regions: 140->0(120)
[171.650s][info][gc,heap     ] GC(297) Survivor regions: 13->20(20)
[171.650s][info][gc,heap     ] GC(297) Old regions: 49->69
[171.650s][info][gc,heap     ] GC(297) Humongous regions: 3->3
[171.650s][info][gc,metaspace] GC(297) Metaspace: 41848K(42240K)->41848K(42240K) NonClass: 39044K(39296K)->39044K(39296K) Class: 2804K(2944K)->2804K(2944K)
[171.650s][info][gc          ] GC(297) Pause Young (Concurrent Start) (G1 Evacuation Pause) 203M->91M(256M) 37.586ms
[171.650s][info][gc          ] GC(298) Concurrent Mark Cycle
[171.650s][info][gc,marking  ] GC(298) Concurrent Scan Root Regions
[171.650s][info][gc,cpu      ] GC(297) User=0.08s Sys=0.00s Real=0.04s
[171.688s][info][gc,marking  ] GC(298) Concurrent Scan Root Regions 38.104ms
[171.688s][info][gc,marking  ] GC(298) Concurrent Mark
[171.688s][info][gc,marking  ] GC(298) Concurrent Mark From Roots
[171.688s][info][gc,task     ] GC(298) Using 1 workers of 1 for marking
[171.811s][info][gc,marking  ] GC(298) Concurrent Mark From Roots 122.917ms
[171.811s][info][gc,marking  ] GC(298) Concurrent Preclean
[171.811s][info][gc,marking  ] GC(298) Concurrent Preclean 0.045ms
[171.811s][info][gc,start    ] GC(298) Pause Remark
[171.826s][info][gc          ] GC(298) Pause Remark 123M->123M(256M) 14.487ms
[171.826s][info][gc,cpu      ] GC(298) User=0.03s Sys=0.01s Real=0.01s
[171.826s][info][gc,marking  ] GC(298) Concurrent Mark 137.705ms
[171.826s][info][gc,marking  ] GC(298) Concurrent Rebuild Remembered Sets and Scrub Regions
[171.869s][info][gc,marking  ] GC(298) Concurrent Rebuild Remembered Sets and Scrub Regions 42.721ms
[171.869s][info][gc,start    ] GC(298) Pause Cleanup
[171.869s][info][gc          ] GC(298) Pause Cleanup 130M->130M(256M) 0.059ms
[171.869s][info][gc,cpu      ] GC(298) User=0.00s Sys=0.00s Real=0.00s
[171.869s][info][gc,marking  ] GC(298) Concurrent Clear Claimed Marks
[171.869s][info][gc,marking  ] GC(298) Concurrent Clear Claimed Marks 0.039ms
[171.869s][info][gc,marking  ] GC(298) Concurrent Cleanup for Next Mark
[171.870s][info][gc,marking  ] GC(298) Concurrent Cleanup for Next Mark 0.779ms
[171.870s][info][gc          ] GC(298) Concurrent Mark Cycle 219.613ms
[172.227s][info][gc,start    ] GC(299) Pause Young (Prepare Mixed) (G1 Evacuation Pause)
[172.227s][info][gc,task     ] GC(299) Using 2 workers of 2 for evacuation
[172.288s][info][gc,phases   ] GC(299)   Pre Evacuate Collection Set: 0.16ms
[172.288s][info][gc,phases   ] GC(299)   Merge Heap Roots: 0.22ms
[172.288s][info][gc,phases   ] GC(299)   Evacuate Collection Set: 60.37ms
[172.288s][info][gc,phases   ] GC(299)   Post Evacuate Collection Set: 0.45ms
[172.288s][info][gc,phases   ] GC(299)   Other: 0.07ms
[172.288s][info][gc,heap     ] GC(299) Eden regions: 120->0(92)
[172.288s][info][gc,heap     ] GC(299) Survivor regions: 20->18(18)
[172.288s][info][gc,heap     ] GC(299) Old regions: 69->104
[172.288s][info][gc,heap     ] GC(299) Humongous regions: 3->3
[172.288s][info][gc,metaspace] GC(299) Metaspace: 41848K(42240K)->41848K(42240K) NonClass: 39044K(39296K)->39044K(39296K) Class: 2804K(2944K)->2804K(2944K)
[172.289s][info][gc          ] GC(299) Pause Young (Prepare Mixed) (G1 Evacuation Pause) 211M->124M(265M) 61.459ms
[172.289s][info][gc,cpu      ] GC(299) User=0.11s Sys=0.01s Real=0.06s
[172.731s][info][gc,start    ] GC(300) Pause Young (Mixed) (G1 Evacuation Pause)
[172.731s][info][gc,task     ] GC(300) Using 2 workers of 2 for evacuation
[172.786s][info][gc,phases   ] GC(300)   Pre Evacuate Collection Set: 0.16ms
[172.786s][info][gc,phases   ] GC(300)   Merge Heap Roots: 0.32ms
[172.786s][info][gc,phases   ] GC(300)   Evacuate Collection Set: 53.87ms
[172.786s][info][gc,phases   ] GC(300)   Post Evacuate Collection Set: 0.43ms
[172.786s][info][gc,phases   ] GC(300)   Other: 0.07ms
[172.786s][info][gc,heap     ] GC(300) Eden regions: 92->0(71)
[172.786s][info][gc,heap     ] GC(300) Survivor regions: 18->14(14)
[172.786s][info][gc,heap     ] GC(300) Old regions: 104->131
[172.786s][info][gc,heap     ] GC(300) Humongous regions: 3->3
[172.786s][info][gc,metaspace] GC(300) Metaspace: 41848K(42240K)->41848K(42240K) NonClass: 39044K(39296K)->39044K(39296K) Class: 2804K(2944K)->2804K(2944K)
[172.786s][info][gc          ] GC(300) Pause Young (Mixed) (G1 Evacuation Pause) 216M->147M(265M) 55.033ms
[172.786s][info][gc,cpu      ] GC(300) User=0.11s Sys=0.00s Real=0.05s
[173.128s][info][gc,start    ] GC(301) Pause Young (Concurrent Start) (G1 Evacuation Pause)
[173.128s][info][gc,task     ] GC(301) Using 2 workers of 2 for evacuation
[173.169s][info][gc,phases   ] GC(301)   Pre Evacuate Collection Set: 0.18ms
[173.169s][info][gc,phases   ] GC(301)   Merge Heap Roots: 0.25ms
[173.169s][info][gc,phases   ] GC(301)   Evacuate Collection Set: 39.86ms
[173.169s][info][gc,phases   ] GC(301)   Post Evacuate Collection Set: 0.37ms
[173.169s][info][gc,phases   ] GC(301)   Other: 0.11ms
[173.169s][info][gc,heap     ] GC(301) Eden regions: 71->0(56)
[173.169s][info][gc,heap     ] GC(301) Survivor regions: 14->11(11)
[173.169s][info][gc,heap     ] GC(301) Old regions: 131->155
[173.169s][info][gc,heap     ] GC(301) Humongous regions: 3->3
[173.169s][info][gc,metaspace] GC(301) Metaspace: 41848K(42240K)->41848K(42240K) NonClass: 39044K(39296K)->39044K(39296K) Class: 2804K(2944K)->2804K(2944K)
[173.169s][info][gc          ] GC(301) Pause Young (Concurrent Start) (G1 Evacuation Pause) 218M->168M(265M) 40.925ms
[173.169s][info][gc,cpu      ] GC(301) User=0.08s Sys=0.00s Real=0.04s
[173.169s][info][gc          ] GC(302) Concurrent Mark Cycle
[173.169s][info][gc,marking  ] GC(302) Concurrent Scan Root Regions
[173.212s][info][gc,marking  ] GC(302) Concurrent Scan Root Regions 42.440ms
[173.212s][info][gc,marking  ] GC(302) Concurrent Mark
[173.212s][info][gc,marking  ] GC(302) Concurrent Mark From Roots
[173.212s][info][gc,task     ] GC(302) Using 1 workers of 1 for marking
[173.371s][info][gc,marking  ] GC(302) Concurrent Mark From Roots 158.870ms
[173.371s][info][gc,marking  ] GC(302) Concurrent Preclean
[173.371s][info][gc,marking  ] GC(302) Concurrent Preclean 0.052ms
[173.371s][info][gc,start    ] GC(302) Pause Remark
[173.386s][info][gc          ] GC(302) Pause Remark 201M->201M(285M) 14.887ms
[173.386s][info][gc,cpu      ] GC(302) User=0.03s Sys=0.00s Real=0.01s
[173.387s][info][gc,marking  ] GC(302) Concurrent Mark 174.843ms
[173.387s][info][gc,marking  ] GC(302) Concurrent Rebuild Remembered Sets and Scrub Regions
[173.481s][info][gc,marking  ] GC(302) Concurrent Rebuild Remembered Sets and Scrub Regions 93.986ms
[173.481s][info][gc,start    ] GC(302) Pause Cleanup
[173.481s][info][gc          ] GC(302) Pause Cleanup 218M->218M(285M) 0.094ms
[173.481s][info][gc,cpu      ] GC(302) User=0.00s Sys=0.00s Real=0.00s
[173.481s][info][gc,marking  ] GC(302) Concurrent Clear Claimed Marks
[173.481s][info][gc,marking  ] GC(302) Concurrent Clear Claimed Marks 0.047ms
[173.481s][info][gc,marking  ] GC(302) Concurrent Cleanup for Next Mark
[173.482s][info][gc,marking  ] GC(302) Concurrent Cleanup for Next Mark 1.091ms
[173.482s][info][gc          ] GC(302) Concurrent Mark Cycle 312.785ms
[173.507s][info][gc,start    ] GC(303) Pause Young (Prepare Mixed) (G1 Evacuation Pause)
[173.507s][info][gc,task     ] GC(303) Using 2 workers of 2 for evacuation
[173.544s][info][gc,phases   ] GC(303)   Pre Evacuate Collection Set: 0.15ms
[173.544s][info][gc,phases   ] GC(303)   Merge Heap Roots: 0.23ms
[173.544s][info][gc,phases   ] GC(303)   Evacuate Collection Set: 36.48ms
[173.544s][info][gc,phases   ] GC(303)   Post Evacuate Collection Set: 0.39ms
[173.544s][info][gc,phases   ] GC(303)   Other: 0.07ms
[173.544s][info][gc,heap     ] GC(303) Eden regions: 56->0(61)
[173.544s][info][gc,heap     ] GC(303) Survivor regions: 11->9(9)
[173.544s][info][gc,heap     ] GC(303) Old regions: 155->170
[173.544s][info][gc,heap     ] GC(303) Humongous regions: 5->3
[173.544s][info][gc,metaspace] GC(303) Metaspace: 41849K(42240K)->41849K(42240K) NonClass: 39044K(39296K)->39044K(39296K) Class: 2804K(2944K)->2804K(2944K)
[173.544s][info][gc          ] GC(303) Pause Young (Prepare Mixed) (G1 Evacuation Pause) 226M->181M(285M) 37.501ms
[173.544s][info][gc,cpu      ] GC(303) User=0.07s Sys=0.00s Real=0.03s
[173.853s][info][gc,start    ] GC(304) Pause Young (Mixed) (G1 Evacuation Pause)
[173.853s][info][gc,task     ] GC(304) Using 2 workers of 2 for evacuation
[173.877s][info][gc,phases   ] GC(304)   Pre Evacuate Collection Set: 0.23ms
[173.877s][info][gc,phases   ] GC(304)   Merge Heap Roots: 0.22ms
[173.877s][info][gc,phases   ] GC(304)   Evacuate Collection Set: 23.43ms
[173.877s][info][gc,phases   ] GC(304)   Post Evacuate Collection Set: 0.37ms
[173.877s][info][gc,phases   ] GC(304)   Other: 0.08ms
[173.877s][info][gc,heap     ] GC(304) Eden regions: 61->0(76)
[173.877s][info][gc,heap     ] GC(304) Survivor regions: 9->8(9)
[173.877s][info][gc,heap     ] GC(304) Old regions: 170->153
[173.877s][info][gc,heap     ] GC(304) Humongous regions: 3->3
[173.877s][info][gc,metaspace] GC(304) Metaspace: 41849K(42240K)->41849K(42240K) NonClass: 39044K(39296K)->39044K(39296K) Class: 2804K(2944K)->2804K(2944K)
[173.877s][info][gc          ] GC(304) Pause Young (Mixed) (G1 Evacuation Pause) 242M->162M(285M) 24.512ms
[173.877s][info][gc,cpu      ] GC(304) User=0.05s Sys=0.00s Real=0.03s
[174.116s][info][gc,start    ] GC(305) Pause Young (Mixed) (G1 Evacuation Pause)
[174.116s][info][gc,task     ] GC(305) Using 2 workers of 2 for evacuation
[174.152s][info][gc,phases   ] GC(305)   Pre Evacuate Collection Set: 0.26ms
[174.152s][info][gc,phases   ] GC(305)   Merge Heap Roots: 0.42ms
[174.152s][info][gc,phases   ] GC(305)   Evacuate Collection Set: 33.77ms
[174.152s][info][gc,phases   ] GC(305)   Post Evacuate Collection Set: 1.80ms
[174.152s][info][gc,phases   ] GC(305)   Other: 0.08ms
[174.152s][info][gc,heap     ] GC(305) Eden regions: 76->0(212)
[174.152s][info][gc,heap     ] GC(305) Survivor regions: 8->11(11)
[174.152s][info][gc,heap     ] GC(305) Old regions: 153->147
[174.152s][info][gc,heap     ] GC(305) Humongous regions: 7->3
[174.152s][info][gc,metaspace] GC(305) Metaspace: 41849K(42240K)->41849K(42240K) NonClass: 39044K(39296K)->39044K(39296K) Class: 2804K(2944K)->2804K(2944K)
[174.152s][info][gc          ] GC(305) Pause Young (Mixed) (G1 Evacuation Pause) 242M->160M(487M) 36.514ms
[174.152s][info][gc,cpu      ] GC(305) User=0.06s Sys=0.00s Real=0.04s
[174.389s][info][gc,start    ] GC(306) Pause Young (Concurrent Start) (G1 Humongous Allocation)
[174.389s][info][gc,task     ] GC(306) Using 2 workers of 2 for evacuation
[174.409s][info][gc,phases   ] GC(306)   Pre Evacuate Collection Set: 0.24ms
[174.409s][info][gc,phases   ] GC(306)   Merge Heap Roots: 0.09ms
[174.409s][info][gc,phases   ] GC(306)   Evacuate Collection Set: 18.38ms
[174.409s][info][gc,phases   ] GC(306)   Post Evacuate Collection Set: 0.34ms
[174.409s][info][gc,phases   ] GC(306)   Other: 0.08ms
[174.409s][info][gc,heap     ] GC(306) Eden regions: 51->0(221)
[174.409s][info][gc,heap     ] GC(306) Survivor regions: 11->14(28)
[174.409s][info][gc,heap     ] GC(306) Old regions: 147->147
[174.409s][info][gc,heap     ] GC(306) Humongous regions: 3->1
[174.409s][info][gc,metaspace] GC(306) Metaspace: 41849K(42240K)->41849K(42240K) NonClass: 39045K(39296K)->39045K(39296K) Class: 2804K(2944K)->2804K(2944K)
[174.409s][info][gc          ] GC(306) Pause Young (Concurrent Start) (G1 Humongous Allocation) 211M->161M(487M) 19.307ms
[174.409s][info][gc          ] GC(307) Concurrent Mark Cycle
[174.409s][info][gc,marking  ] GC(307) Concurrent Scan Root Regions
[174.411s][info][gc,cpu      ] GC(306) User=0.04s Sys=0.01s Real=0.02s
[174.425s][info][gc,marking  ] GC(307) Concurrent Scan Root Regions 16.015ms
[174.425s][info][gc,marking  ] GC(307) Concurrent Mark
[174.425s][info][gc,marking  ] GC(307) Concurrent Mark From Roots
[174.425s][info][gc,task     ] GC(307) Using 1 workers of 1 for marking
[174.515s][info][gc,marking  ] GC(307) Concurrent Mark From Roots 90.523ms
[174.515s][info][gc,marking  ] GC(307) Concurrent Preclean
[174.515s][info][gc,marking  ] GC(307) Concurrent Preclean 0.048ms
[174.515s][info][gc,start    ] GC(307) Pause Remark
[174.530s][info][gc          ] GC(307) Pause Remark 190M->175M(487M) 14.886ms
[174.530s][info][gc,cpu      ] GC(307) User=0.03s Sys=0.00s Real=0.02s
[174.532s][info][gc,marking  ] GC(307) Concurrent Mark 107.549ms
[174.532s][info][gc,marking  ] GC(307) Concurrent Rebuild Remembered Sets and Scrub Regions
[174.568s][info][gc,marking  ] GC(307) Concurrent Rebuild Remembered Sets and Scrub Regions 35.725ms
[174.568s][info][gc,start    ] GC(307) Pause Cleanup
[174.568s][info][gc          ] GC(307) Pause Cleanup 184M->184M(487M) 0.088ms
[174.568s][info][gc,cpu      ] GC(307) User=0.00s Sys=0.00s Real=0.00s
[174.569s][info][gc,marking  ] GC(307) Concurrent Clear Claimed Marks
[174.569s][info][gc,marking  ] GC(307) Concurrent Clear Claimed Marks 0.054ms
[174.569s][info][gc,marking  ] GC(307) Concurrent Cleanup for Next Mark
[174.573s][info][gc,marking  ] GC(307) Concurrent Cleanup for Next Mark 3.525ms
[174.573s][info][gc          ] GC(307) Concurrent Mark Cycle 164.146ms
[175.272s][info][gc,start    ] GC(308) Pause Young (Prepare Mixed) (G1 Evacuation Pause)
[175.272s][info][gc,task     ] GC(308) Using 2 workers of 2 for evacuation
[175.299s][info][gc,phases   ] GC(308)   Pre Evacuate Collection Set: 0.22ms
[175.299s][info][gc,phases   ] GC(308)   Merge Heap Roots: 0.12ms
[175.299s][info][gc,phases   ] GC(308)   Evacuate Collection Set: 26.50ms
[175.299s][info][gc,phases   ] GC(308)   Post Evacuate Collection Set: 0.61ms
[175.299s][info][gc,phases   ] GC(308)   Other: 0.08ms
[175.299s][info][gc,heap     ] GC(308) Eden regions: 221->0(223)
[175.299s][info][gc,heap     ] GC(308) Survivor regions: 14->30(30)
[175.299s][info][gc,heap     ] GC(308) Old regions: 132->134
[175.299s][info][gc,heap     ] GC(308) Humongous regions: 10->3
[175.299s][info][gc,metaspace] GC(308) Metaspace: 41855K(42240K)->41855K(42240K) NonClass: 39051K(39296K)->39051K(39296K) Class: 2804K(2944K)->2804K(2944K)
[175.299s][info][gc          ] GC(308) Pause Young (Prepare Mixed) (G1 Evacuation Pause) 376M->166M(487M) 27.745ms
[175.299s][info][gc,cpu      ] GC(308) User=0.05s Sys=0.00s Real=0.03s
[176.005s][info][gc,start    ] GC(309) Pause Young (Mixed) (G1 Evacuation Pause)
[176.005s][info][gc,task     ] GC(309) Using 2 workers of 2 for evacuation
[176.040s][info][gc,phases   ] GC(309)   Pre Evacuate Collection Set: 0.30ms
[176.040s][info][gc,phases   ] GC(309)   Merge Heap Roots: 0.19ms
[176.040s][info][gc,phases   ] GC(309)   Evacuate Collection Set: 33.78ms
[176.040s][info][gc,phases   ] GC(309)   Post Evacuate Collection Set: 0.57ms
[176.040s][info][gc,phases   ] GC(309)   Other: 0.08ms
[176.040s][info][gc,heap     ] GC(309) Eden regions: 223->0(240)
[176.040s][info][gc,heap     ] GC(309) Survivor regions: 30->31(32)
[176.040s][info][gc,heap     ] GC(309) Old regions: 134->105
[176.040s][info][gc,heap     ] GC(309) Humongous regions: 5->4
[176.040s][info][gc,metaspace] GC(309) Metaspace: 41855K(42240K)->41855K(42240K) NonClass: 39051K(39296K)->39051K(39296K) Class: 2804K(2944K)->2804K(2944K)
[176.040s][info][gc          ] GC(309) Pause Young (Mixed) (G1 Evacuation Pause) 391M->138M(487M) 35.109ms
[176.040s][info][gc,cpu      ] GC(309) User=0.07s Sys=0.00s Real=0.04s
[176.789s][info][gc,start    ] GC(310) Pause Young (Mixed) (G1 Evacuation Pause)
[176.789s][info][gc,task     ] GC(310) Using 2 workers of 2 for evacuation
[176.828s][info][gc,phases   ] GC(310)   Pre Evacuate Collection Set: 0.23ms
[176.828s][info][gc,phases   ] GC(310)   Merge Heap Roots: 0.16ms
[176.828s][info][gc,phases   ] GC(310)   Evacuate Collection Set: 38.03ms
[176.828s][info][gc,phases   ] GC(310)   Post Evacuate Collection Set: 0.55ms
[176.828s][info][gc,phases   ] GC(310)   Other: 0.08ms
[176.828s][info][gc,heap     ] GC(310) Eden regions: 240->0(209)
[176.828s][info][gc,heap     ] GC(310) Survivor regions: 31->34(34)
[176.828s][info][gc,heap     ] GC(310) Old regions: 105->120
[176.828s][info][gc,heap     ] GC(310) Humongous regions: 5->3
[176.828s][info][gc,metaspace] GC(310) Metaspace: 41861K(42240K)->41861K(42240K) NonClass: 39056K(39296K)->39056K(39296K) Class: 2804K(2944K)->2804K(2944K)
[176.828s][info][gc          ] GC(310) Pause Young (Mixed) (G1 Evacuation Pause) 379M->156M(487M) 39.255ms
[176.828s][info][gc,cpu      ] GC(310) User=0.08s Sys=0.00s Real=0.04s
[177.152s][info][gc,start    ] GC(311) Pause Young (Concurrent Start) (G1 Humongous Allocation)
[177.152s][info][gc,task     ] GC(311) Using 2 workers of 2 for evacuation
[177.198s][info][gc,phases   ] GC(311)   Pre Evacuate Collection Set: 0.24ms
[177.198s][info][gc,phases   ] GC(311)   Merge Heap Roots: 0.20ms
[177.198s][info][gc,phases   ] GC(311)   Evacuate Collection Set: 44.22ms
[177.198s][info][gc,phases   ] GC(311)   Post Evacuate Collection Set: 0.47ms
[177.198s][info][gc,phases   ] GC(311)   Other: 0.19ms
[177.198s][info][gc,heap     ] GC(311) Eden regions: 91->0(150)
[177.198s][info][gc,heap     ] GC(311) Survivor regions: 34->31(31)
[177.198s][info][gc,heap     ] GC(311) Old regions: 120->154
[177.198s][info][gc,heap     ] GC(311) Humongous regions: 3->3
[177.198s][info][gc,metaspace] GC(311) Metaspace: 41861K(42240K)->41861K(42240K) NonClass: 39056K(39296K)->39056K(39296K) Class: 2804K(2944K)->2804K(2944K)
[177.198s][info][gc          ] GC(311) Pause Young (Concurrent Start) (G1 Humongous Allocation) 247M->187M(487M) 45.524ms
[177.198s][info][gc,cpu      ] GC(311) User=0.09s Sys=0.00s Real=0.05s
[177.198s][info][gc          ] GC(312) Concurrent Mark Cycle
[177.198s][info][gc,marking  ] GC(312) Concurrent Scan Root Regions
[177.226s][info][gc,marking  ] GC(312) Concurrent Scan Root Regions 27.989ms
[177.226s][info][gc,marking  ] GC(312) Concurrent Mark
[177.226s][info][gc,marking  ] GC(312) Concurrent Mark From Roots
[177.226s][info][gc,task     ] GC(312) Using 1 workers of 1 for marking
[177.314s][info][gc,marking  ] GC(312) Concurrent Mark From Roots 87.831ms
[177.314s][info][gc,marking  ] GC(312) Concurrent Preclean
[177.314s][info][gc,marking  ] GC(312) Concurrent Preclean 0.055ms
[177.314s][info][gc,start    ] GC(312) Pause Remark
[177.329s][info][gc          ] GC(312) Pause Remark 211M->204M(487M) 14.749ms
[177.329s][info][gc,cpu      ] GC(312) User=0.03s Sys=0.00s Real=0.02s
[177.329s][info][gc,marking  ] GC(312) Concurrent Mark 102.933ms
[177.329s][info][gc,marking  ] GC(312) Concurrent Rebuild Remembered Sets and Scrub Regions
[177.387s][info][gc,marking  ] GC(312) Concurrent Rebuild Remembered Sets and Scrub Regions 57.792ms
[177.387s][info][gc,start    ] GC(312) Pause Cleanup
[177.387s][info][gc          ] GC(312) Pause Cleanup 220M->220M(487M) 0.060ms
[177.387s][info][gc,cpu      ] GC(312) User=0.00s Sys=0.00s Real=0.00s
[177.387s][info][gc,marking  ] GC(312) Concurrent Clear Claimed Marks
[177.387s][info][gc,marking  ] GC(312) Concurrent Clear Claimed Marks 0.046ms
[177.387s][info][gc,marking  ] GC(312) Concurrent Cleanup for Next Mark
[177.388s][info][gc,marking  ] GC(312) Concurrent Cleanup for Next Mark 1.435ms
[177.388s][info][gc          ] GC(312) Concurrent Mark Cycle 190.615ms
[177.737s][info][gc,start    ] GC(313) Pause Young (Prepare Mixed) (G1 Evacuation Pause)
[177.737s][info][gc,task     ] GC(313) Using 2 workers of 2 for evacuation
[177.788s][info][gc,phases   ] GC(313)   Pre Evacuate Collection Set: 0.30ms
[177.788s][info][gc,phases   ] GC(313)   Merge Heap Roots: 0.52ms
[177.788s][info][gc,phases   ] GC(313)   Evacuate Collection Set: 49.50ms
[177.788s][info][gc,phases   ] GC(313)   Post Evacuate Collection Set: 0.43ms
[177.788s][info][gc,phases   ] GC(313)   Other: 0.08ms
[177.788s][info][gc,heap     ] GC(313) Eden regions: 150->0(134)
[177.788s][info][gc,heap     ] GC(313) Survivor regions: 31->23(23)
[177.788s][info][gc,heap     ] GC(313) Old regions: 147->199
[177.788s][info][gc,heap     ] GC(313) Humongous regions: 4->4
[177.788s][info][gc,metaspace] GC(313) Metaspace: 41861K(42240K)->41861K(42240K) NonClass: 39057K(39296K)->39057K(39296K) Class: 2804K(2944K)->2804K(2944K)
[177.788s][info][gc          ] GC(313) Pause Young (Prepare Mixed) (G1 Evacuation Pause) 331M->225M(487M) 51.051ms
[177.788s][info][gc,cpu      ] GC(313) User=0.10s Sys=0.00s Real=0.05s
[178.216s][info][gc,start    ] GC(314) Pause Young (Mixed) (G1 Evacuation Pause)
[178.216s][info][gc,task     ] GC(314) Using 2 workers of 2 for evacuation
[178.272s][info][gc,phases   ] GC(314)   Pre Evacuate Collection Set: 0.25ms
[178.272s][info][gc,phases   ] GC(314)   Merge Heap Roots: 0.22ms
[178.272s][info][gc,phases   ] GC(314)   Evacuate Collection Set: 55.49ms
[178.272s][info][gc,phases   ] GC(314)   Post Evacuate Collection Set: 0.53ms
[178.272s][info][gc,phases   ] GC(314)   Other: 0.07ms
[178.272s][info][gc,heap     ] GC(314) Eden regions: 134->0(105)
[178.272s][info][gc,heap     ] GC(314) Survivor regions: 23->20(20)
[178.272s][info][gc,heap     ] GC(314) Old regions: 199->232
[178.272s][info][gc,heap     ] GC(314) Humongous regions: 5->5
[178.272s][info][gc,metaspace] GC(314) Metaspace: 41861K(42240K)->41861K(42240K) NonClass: 39057K(39296K)->39057K(39296K) Class: 2804K(2944K)->2804K(2944K)
[178.272s][info][gc          ] GC(314) Pause Young (Mixed) (G1 Evacuation Pause) 360M->256M(487M) 56.792ms
[178.273s][info][gc,cpu      ] GC(314) User=0.11s Sys=0.00s Real=0.06s
[178.632s][info][gc,start    ] GC(315) Pause Young (Concurrent Start) (G1 Evacuation Pause)
[178.632s][info][gc,task     ] GC(315) Using 2 workers of 2 for evacuation
[178.692s][info][gc,phases   ] GC(315)   Pre Evacuate Collection Set: 0.26ms
[178.692s][info][gc,phases   ] GC(315)   Merge Heap Roots: 0.25ms
[178.692s][info][gc,phases   ] GC(315)   Evacuate Collection Set: 58.35ms
[178.692s][info][gc,phases   ] GC(315)   Post Evacuate Collection Set: 0.45ms
[178.692s][info][gc,phases   ] GC(315)   Other: 0.09ms
[178.692s][info][gc,heap     ] GC(315) Eden regions: 105->0(67)
[178.692s][info][gc,heap     ] GC(315) Survivor regions: 20->16(16)
[178.692s][info][gc,heap     ] GC(315) Old regions: 232->300
[178.692s][info][gc,heap     ] GC(315) Humongous regions: 5->5
[178.692s][info][gc,metaspace] GC(315) Metaspace: 41861K(42240K)->41861K(42240K) NonClass: 39057K(39296K)->39057K(39296K) Class: 2804K(2944K)->2804K(2944K)
[178.692s][info][gc          ] GC(315) Pause Young (Concurrent Start) (G1 Evacuation Pause) 361M->320M(487M) 59.611ms
[178.692s][info][gc,cpu      ] GC(315) User=0.12s Sys=0.00s Real=0.06s
[178.692s][info][gc          ] GC(316) Concurrent Mark Cycle
[178.692s][info][gc,marking  ] GC(316) Concurrent Scan Root Regions
[178.724s][info][gc,marking  ] GC(316) Concurrent Scan Root Regions 31.852ms
[178.724s][info][gc,marking  ] GC(316) Concurrent Mark
[178.724s][info][gc,marking  ] GC(316) Concurrent Mark From Roots
[178.724s][info][gc,task     ] GC(316) Using 1 workers of 1 for marking
[178.836s][info][gc,marking  ] GC(316) Concurrent Mark From Roots 111.998ms
[178.836s][info][gc,marking  ] GC(316) Concurrent Preclean
[178.836s][info][gc,marking  ] GC(316) Concurrent Preclean 0.048ms
[178.836s][info][gc,start    ] GC(316) Pause Remark
[178.851s][info][gc          ] GC(316) Pause Remark 357M->259M(487M) 15.052ms
[178.851s][info][gc,cpu      ] GC(316) User=0.03s Sys=0.00s Real=0.02s
[178.851s][info][gc,marking  ] GC(316) Concurrent Mark 127.385ms
[178.851s][info][gc,marking  ] GC(316) Concurrent Rebuild Remembered Sets and Scrub Regions
[178.935s][info][gc,marking  ] GC(316) Concurrent Rebuild Remembered Sets and Scrub Regions 84.143ms
[178.936s][info][gc,start    ] GC(316) Pause Cleanup
[178.936s][info][gc          ] GC(316) Pause Cleanup 280M->280M(487M) 0.084ms
[178.936s][info][gc,cpu      ] GC(316) User=0.00s Sys=0.00s Real=0.00s
[178.936s][info][gc,marking  ] GC(316) Concurrent Clear Claimed Marks
[178.936s][info][gc,marking  ] GC(316) Concurrent Clear Claimed Marks 0.039ms
[178.936s][info][gc,marking  ] GC(316) Concurrent Cleanup for Next Mark
[178.937s][info][gc,marking  ] GC(316) Concurrent Cleanup for Next Mark 1.492ms
[178.937s][info][gc          ] GC(316) Concurrent Mark Cycle 245.301ms
[178.971s][info][gc,start    ] GC(317) Pause Young (Prepare Mixed) (G1 Evacuation Pause)
[178.971s][info][gc,task     ] GC(317) Using 2 workers of 2 for evacuation
[179.012s][info][gc,phases   ] GC(317)   Pre Evacuate Collection Set: 0.20ms
[179.012s][info][gc,phases   ] GC(317)   Merge Heap Roots: 0.39ms
[179.012s][info][gc,phases   ] GC(317)   Evacuate Collection Set: 39.88ms
[179.012s][info][gc,phases   ] GC(317)   Post Evacuate Collection Set: 0.40ms
[179.012s][info][gc,phases   ] GC(317)   Other: 0.08ms
[179.012s][info][gc,heap     ] GC(317) Eden regions: 67->0(94)
[179.012s][info][gc,heap     ] GC(317) Survivor regions: 16->11(11)
[179.012s][info][gc,heap     ] GC(317) Old regions: 203->245
[179.012s][info][gc,heap     ] GC(317) Humongous regions: 5->5
[179.012s][info][gc,metaspace] GC(317) Metaspace: 41861K(42240K)->41861K(42240K) NonClass: 39057K(39296K)->39057K(39296K) Class: 2804K(2944K)->2804K(2944K)
[179.012s][info][gc          ] GC(317) Pause Young (Prepare Mixed) (G1 Evacuation Pause) 290M->260M(487M) 41.161ms
[179.012s][info][gc,cpu      ] GC(317) User=0.08s Sys=0.00s Real=0.04s
[179.324s][info][gc,start    ] GC(318) Pause Young (Mixed) (G1 Evacuation Pause)
[179.324s][info][gc,task     ] GC(318) Using 2 workers of 2 for evacuation
[179.384s][info][gc,phases   ] GC(318)   Pre Evacuate Collection Set: 0.26ms
[179.384s][info][gc,phases   ] GC(318)   Merge Heap Roots: 0.48ms
[179.384s][info][gc,phases   ] GC(318)   Evacuate Collection Set: 57.85ms
[179.384s][info][gc,phases   ] GC(318)   Post Evacuate Collection Set: 1.30ms
[179.384s][info][gc,phases   ] GC(318)   Other: 0.08ms
[179.384s][info][gc,heap     ] GC(318) Eden regions: 94->0(131)
[179.384s][info][gc,heap     ] GC(318) Survivor regions: 11->14(14)
[179.384s][info][gc,heap     ] GC(318) Old regions: 245->277
[179.384s][info][gc,heap     ] GC(318) Humongous regions: 6->6
[179.384s][info][gc,metaspace] GC(318) Metaspace: 41861K(42240K)->41861K(42240K) NonClass: 39057K(39296K)->39057K(39296K) Class: 2804K(2944K)->2804K(2944K)
[179.384s][info][gc          ] GC(318) Pause Young (Mixed) (G1 Evacuation Pause) 355M->296M(609M) 60.169ms
[179.384s][info][gc,cpu      ] GC(318) User=0.11s Sys=0.00s Real=0.06s
[179.852s][info][gc,start    ] GC(319) Pause Young (Concurrent Start) (G1 Humongous Allocation)
[179.852s][info][gc,task     ] GC(319) Using 2 workers of 2 for evacuation
[179.913s][info][gc,phases   ] GC(319)   Pre Evacuate Collection Set: 0.27ms
[179.913s][info][gc,phases   ] GC(319)   Merge Heap Roots: 0.33ms
[179.913s][info][gc,phases   ] GC(319)   Evacuate Collection Set: 59.87ms
[179.913s][info][gc,phases   ] GC(319)   Post Evacuate Collection Set: 0.45ms
[179.913s][info][gc,phases   ] GC(319)   Other: 0.09ms
[179.913s][info][gc,heap     ] GC(319) Eden regions: 114->0(106)
[179.913s][info][gc,heap     ] GC(319) Survivor regions: 14->19(19)
[179.913s][info][gc,heap     ] GC(319) Old regions: 277->328
[179.913s][info][gc,heap     ] GC(319) Humongous regions: 6->6
[179.913s][info][gc,metaspace] GC(319) Metaspace: 41861K(42240K)->41861K(42240K) NonClass: 39057K(39296K)->39057K(39296K) Class: 2804K(2944K)->2804K(2944K)
[179.913s][info][gc          ] GC(319) Pause Young (Concurrent Start) (G1 Humongous Allocation) 410M->352M(609M) 61.236ms
[179.913s][info][gc          ] GC(320) Concurrent Mark Cycle
[179.913s][info][gc,marking  ] GC(320) Concurrent Scan Root Regions
[179.916s][info][gc,cpu      ] GC(319) User=0.11s Sys=0.02s Real=0.06s
[179.942s][info][gc,marking  ] GC(320) Concurrent Scan Root Regions 28.729ms
[179.942s][info][gc,marking  ] GC(320) Concurrent Mark
[179.942s][info][gc,marking  ] GC(320) Concurrent Mark From Roots
[179.942s][info][gc,task     ] GC(320) Using 1 workers of 1 for marking
[180.061s][info][gc,marking  ] GC(320) Concurrent Mark From Roots 118.565ms
[180.061s][info][gc,marking  ] GC(320) Concurrent Preclean
[180.061s][info][gc,marking  ] GC(320) Concurrent Preclean 0.054ms
[180.061s][info][gc,start    ] GC(320) Pause Remark
[180.075s][info][gc          ] GC(320) Pause Remark 392M->346M(609M) 14.348ms
[180.075s][info][gc,cpu      ] GC(320) User=0.03s Sys=0.00s Real=0.01s
[180.078s][info][gc,marking  ] GC(320) Concurrent Mark 135.605ms
[180.078s][info][gc,marking  ] GC(320) Concurrent Rebuild Remembered Sets and Scrub Regions
[180.159s][info][gc,marking  ] GC(320) Concurrent Rebuild Remembered Sets and Scrub Regions 81.237ms
[180.159s][info][gc,start    ] GC(320) Pause Cleanup
[180.159s][info][gc          ] GC(320) Pause Cleanup 369M->369M(609M) 0.106ms
[180.159s][info][gc,cpu      ] GC(320) User=0.00s Sys=0.00s Real=0.00s
[180.159s][info][gc,marking  ] GC(320) Concurrent Clear Claimed Marks
[180.159s][info][gc,marking  ] GC(320) Concurrent Clear Claimed Marks 0.040ms
[180.159s][info][gc,marking  ] GC(320) Concurrent Cleanup for Next Mark
[180.162s][info][gc,marking  ] GC(320) Concurrent Cleanup for Next Mark 3.045ms
[180.162s][info][gc          ] GC(320) Concurrent Mark Cycle 249.082ms
[180.307s][info][gc,start    ] GC(321) Pause Young (Prepare Mixed) (G1 Evacuation Pause)
[180.307s][info][gc,task     ] GC(321) Using 2 workers of 2 for evacuation
[180.335s][info][gc,phases   ] GC(321)   Pre Evacuate Collection Set: 0.24ms
[180.335s][info][gc,phases   ] GC(321)   Merge Heap Roots: 0.35ms
[180.335s][info][gc,phases   ] GC(321)   Evacuate Collection Set: 26.84ms
[180.335s][info][gc,phases   ] GC(321)   Post Evacuate Collection Set: 0.41ms
[180.335s][info][gc,phases   ] GC(321)   Other: 0.08ms
[180.335s][info][gc,heap     ] GC(321) Eden regions: 106->0(130)
[180.335s][info][gc,heap     ] GC(321) Survivor regions: 19->16(16)
[180.335s][info][gc,heap     ] GC(321) Old regions: 284->297
[180.335s][info][gc,heap     ] GC(321) Humongous regions: 5->5
[180.335s][info][gc,metaspace] GC(321) Metaspace: 41863K(42240K)->41863K(42240K) NonClass: 39058K(39296K)->39058K(39296K) Class: 2804K(2944K)->2804K(2944K)
[180.335s][info][gc          ] GC(321) Pause Young (Prepare Mixed) (G1 Evacuation Pause) 413M->317M(609M) 28.105ms
[180.335s][info][gc,cpu      ] GC(321) User=0.06s Sys=0.00s Real=0.02s
[180.750s][info][gc,start    ] GC(322) Pause Young (Mixed) (G1 Evacuation Pause)
[180.750s][info][gc,task     ] GC(322) Using 2 workers of 2 for evacuation
[180.771s][info][gc,phases   ] GC(322)   Pre Evacuate Collection Set: 0.32ms
[180.771s][info][gc,phases   ] GC(322)   Merge Heap Roots: 0.20ms
[180.771s][info][gc,phases   ] GC(322)   Evacuate Collection Set: 19.72ms
[180.771s][info][gc,phases   ] GC(322)   Post Evacuate Collection Set: 0.50ms
[180.771s][info][gc,phases   ] GC(322)   Other: 0.08ms
[180.771s][info][gc,heap     ] GC(322) Eden regions: 130->0(162)
[180.771s][info][gc,heap     ] GC(322) Survivor regions: 16->19(19)
[180.771s][info][gc,heap     ] GC(322) Old regions: 297->244
[180.771s][info][gc,heap     ] GC(322) Humongous regions: 5->5
[180.771s][info][gc,metaspace] GC(322) Metaspace: 41863K(42240K)->41863K(42240K) NonClass: 39059K(39296K)->39059K(39296K) Class: 2804K(2944K)->2804K(2944K)
[180.771s][info][gc          ] GC(322) Pause Young (Mixed) (G1 Evacuation Pause) 447M->267M(609M) 20.997ms
[180.771s][info][gc,cpu      ] GC(322) User=0.04s Sys=0.01s Real=0.02s
[181.313s][info][gc,start    ] GC(323) Pause Young (Mixed) (G1 Evacuation Pause)
[181.313s][info][gc,task     ] GC(323) Using 2 workers of 2 for evacuation
[181.349s][info][gc,phases   ] GC(323)   Pre Evacuate Collection Set: 0.27ms
[181.349s][info][gc,phases   ] GC(323)   Merge Heap Roots: 0.51ms
[181.349s][info][gc,phases   ] GC(323)   Evacuate Collection Set: 34.18ms
[181.349s][info][gc,phases   ] GC(323)   Post Evacuate Collection Set: 0.48ms
[181.349s][info][gc,phases   ] GC(323)   Other: 0.08ms
[181.349s][info][gc,heap     ] GC(323) Eden regions: 162->0(187)
[181.349s][info][gc,heap     ] GC(323) Survivor regions: 19->23(23)
[181.349s][info][gc,heap     ] GC(323) Old regions: 244->205
[181.349s][info][gc,heap     ] GC(323) Humongous regions: 6->5
[181.349s][info][gc,metaspace] GC(323) Metaspace: 41863K(42240K)->41863K(42240K) NonClass: 39059K(39296K)->39059K(39296K) Class: 2804K(2944K)->2804K(2944K)
[181.349s][info][gc          ] GC(323) Pause Young (Mixed) (G1 Evacuation Pause) 430M->232M(609M) 35.711ms
[181.349s][info][gc,cpu      ] GC(323) User=0.07s Sys=0.00s Real=0.04s
[181.430s][info][gc,start    ] GC(324) Pause Young (Concurrent Start) (G1 Humongous Allocation)
[181.430s][info][gc,task     ] GC(324) Using 2 workers of 2 for evacuation
[181.450s][info][gc,phases   ] GC(324)   Pre Evacuate Collection Set: 0.27ms
[181.450s][info][gc,phases   ] GC(324)   Merge Heap Roots: 0.05ms
[181.450s][info][gc,phases   ] GC(324)   Evacuate Collection Set: 19.33ms
[181.450s][info][gc,phases   ] GC(324)   Post Evacuate Collection Set: 0.36ms
[181.450s][info][gc,phases   ] GC(324)   Other: 0.09ms
[181.450s][info][gc,heap     ] GC(324) Eden regions: 25->0(171)
[181.450s][info][gc,heap     ] GC(324) Survivor regions: 23->14(27)
[181.450s][info][gc,heap     ] GC(324) Old regions: 205->225
[181.450s][info][gc,heap     ] GC(324) Humongous regions: 5->5
[181.450s][info][gc,metaspace] GC(324) Metaspace: 41863K(42240K)->41863K(42240K) NonClass: 39059K(39296K)->39059K(39296K) Class: 2804K(2944K)->2804K(2944K)
[181.450s][info][gc          ] GC(324) Pause Young (Concurrent Start) (G1 Humongous Allocation) 257M->243M(609M) 20.304ms
[181.450s][info][gc          ] GC(325) Concurrent Mark Cycle
[181.450s][info][gc,marking  ] GC(325) Concurrent Scan Root Regions
[181.453s][info][gc,cpu      ] GC(324) User=0.05s Sys=0.00s Real=0.02s
[181.463s][info][gc,marking  ] GC(325) Concurrent Scan Root Regions 12.331ms
[181.463s][info][gc,marking  ] GC(325) Concurrent Mark
[181.463s][info][gc,marking  ] GC(325) Concurrent Mark From Roots
[181.463s][info][gc,task     ] GC(325) Using 1 workers of 1 for marking
[181.549s][info][gc,marking  ] GC(325) Concurrent Mark From Roots 86.694ms
[181.549s][info][gc,marking  ] GC(325) Concurrent Preclean
[181.549s][info][gc,marking  ] GC(325) Concurrent Preclean 0.048ms
[181.550s][info][gc,start    ] GC(325) Pause Remark
[181.564s][info][gc          ] GC(325) Pause Remark 266M->184M(544M) 14.773ms
[181.564s][info][gc,cpu      ] GC(325) User=0.02s Sys=0.00s Real=0.01s
[181.564s][info][gc,marking  ] GC(325) Concurrent Mark 101.790ms
[181.564s][info][gc,marking  ] GC(325) Concurrent Rebuild Remembered Sets and Scrub Regions
[181.613s][info][gc,marking  ] GC(325) Concurrent Rebuild Remembered Sets and Scrub Regions 48.289ms
[181.613s][info][gc,start    ] GC(325) Pause Cleanup
[181.613s][info][gc          ] GC(325) Pause Cleanup 197M->197M(544M) 0.070ms
[181.613s][info][gc,cpu      ] GC(325) User=0.00s Sys=0.00s Real=0.00s
[181.613s][info][gc,marking  ] GC(325) Concurrent Clear Claimed Marks
[181.613s][info][gc,marking  ] GC(325) Concurrent Clear Claimed Marks 0.040ms
[181.613s][info][gc,marking  ] GC(325) Concurrent Cleanup for Next Mark
[181.615s][info][gc,marking  ] GC(325) Concurrent Cleanup for Next Mark 1.600ms
[181.615s][info][gc          ] GC(325) Concurrent Mark Cycle 164.425ms
[182.029s][info][gc,start    ] GC(326) Pause Young (Prepare Mixed) (G1 Evacuation Pause)
[182.029s][info][gc,task     ] GC(326) Using 2 workers of 2 for evacuation
[182.057s][info][gc,phases   ] GC(326)   Pre Evacuate Collection Set: 0.26ms
[182.057s][info][gc,phases   ] GC(326)   Merge Heap Roots: 0.19ms
[182.057s][info][gc,phases   ] GC(326)   Evacuate Collection Set: 26.68ms
[182.057s][info][gc,phases   ] GC(326)   Post Evacuate Collection Set: 0.49ms
[182.057s][info][gc,phases   ] GC(326)   Other: 0.08ms
[182.057s][info][gc,heap     ] GC(326) Eden regions: 171->0(179)
[182.057s][info][gc,heap     ] GC(326) Survivor regions: 14->24(24)
[182.057s][info][gc,heap     ] GC(326) Old regions: 145->161
[182.057s][info][gc,heap     ] GC(326) Humongous regions: 5->4
[182.057s][info][gc,metaspace] GC(326) Metaspace: 41863K(42240K)->41863K(42240K) NonClass: 39059K(39296K)->39059K(39296K) Class: 2804K(2944K)->2804K(2944K)
[182.057s][info][gc          ] GC(326) Pause Young (Prepare Mixed) (G1 Evacuation Pause) 334M->188M(544M) 27.917ms
[182.057s][info][gc,cpu      ] GC(326) User=0.06s Sys=0.00s Real=0.03s
[182.619s][info][gc,start    ] GC(327) Pause Young (Mixed) (G1 Evacuation Pause)
[182.619s][info][gc,task     ] GC(327) Using 2 workers of 2 for evacuation
[182.638s][info][gc,phases   ] GC(327)   Pre Evacuate Collection Set: 0.27ms
[182.638s][info][gc,phases   ] GC(327)   Merge Heap Roots: 0.14ms
[182.638s][info][gc,phases   ] GC(327)   Evacuate Collection Set: 18.54ms
[182.638s][info][gc,phases   ] GC(327)   Post Evacuate Collection Set: 0.45ms
[182.638s][info][gc,phases   ] GC(327)   Other: 0.08ms
[182.638s][info][gc,heap     ] GC(327) Eden regions: 179->0(201)
[182.638s][info][gc,heap     ] GC(327) Survivor regions: 24->9(26)
[182.638s][info][gc,heap     ] GC(327) Old regions: 161->153
[182.638s][info][gc,heap     ] GC(327) Humongous regions: 6->5
[182.638s][info][gc,metaspace] GC(327) Metaspace: 41863K(42240K)->41863K(42240K) NonClass: 39059K(39296K)->39059K(39296K) Class: 2804K(2944K)->2804K(2944K)
[182.638s][info][gc          ] GC(327) Pause Young (Mixed) (G1 Evacuation Pause) 369M->166M(544M) 19.688ms
[182.638s][info][gc,cpu      ] GC(327) User=0.04s Sys=0.00s Real=0.02s
[182.731s][info][gc,start    ] GC(328) Pause Young (Concurrent Start) (G1 Humongous Allocation)
[182.731s][info][gc,task     ] GC(328) Using 2 workers of 2 for evacuation
[182.743s][info][gc,phases   ] GC(328)   Pre Evacuate Collection Set: 0.26ms
[182.743s][info][gc,phases   ] GC(328)   Merge Heap Roots: 0.07ms
[182.743s][info][gc,phases   ] GC(328)   Evacuate Collection Set: 10.82ms
[182.743s][info][gc,phases   ] GC(328)   Post Evacuate Collection Set: 0.32ms
[182.743s][info][gc,phases   ] GC(328)   Other: 0.08ms
[182.743s][info][gc,heap     ] GC(328) Eden regions: 32->0(208)
[182.743s][info][gc,heap     ] GC(328) Survivor regions: 9->20(27)
[182.743s][info][gc,heap     ] GC(328) Old regions: 153->153
[182.743s][info][gc,heap     ] GC(328) Humongous regions: 5->5
[182.743s][info][gc,metaspace] GC(328) Metaspace: 41863K(42240K)->41863K(42240K) NonClass: 39059K(39296K)->39059K(39296K) Class: 2804K(2944K)->2804K(2944K)
[182.743s][info][gc          ] GC(328) Pause Young (Concurrent Start) (G1 Humongous Allocation) 197M->177M(544M) 11.736ms
[182.743s][info][gc,cpu      ] GC(328) User=0.02s Sys=0.00s Real=0.01s
[182.743s][info][gc          ] GC(329) Concurrent Mark Cycle
[182.743s][info][gc,marking  ] GC(329) Concurrent Scan Root Regions
[182.750s][info][gc,marking  ] GC(329) Concurrent Scan Root Regions 7.378ms
[182.750s][info][gc,marking  ] GC(329) Concurrent Mark
[182.750s][info][gc,marking  ] GC(329) Concurrent Mark From Roots
[182.750s][info][gc,task     ] GC(329) Using 1 workers of 1 for marking
[182.837s][info][gc,marking  ] GC(329) Concurrent Mark From Roots 86.782ms
[182.837s][info][gc,marking  ] GC(329) Concurrent Preclean
[182.837s][info][gc,marking  ] GC(329) Concurrent Preclean 0.057ms
[182.837s][info][gc,start    ] GC(329) Pause Remark
[182.852s][info][gc          ] GC(329) Pause Remark 203M->166M(474M) 14.524ms
[182.852s][info][gc,cpu      ] GC(329) User=0.03s Sys=0.00s Real=0.01s
[182.854s][info][gc,marking  ] GC(329) Concurrent Mark 103.581ms
[182.854s][info][gc,marking  ] GC(329) Concurrent Rebuild Remembered Sets and Scrub Regions
[182.888s][info][gc,marking  ] GC(329) Concurrent Rebuild Remembered Sets and Scrub Regions 33.799ms
[182.888s][info][gc,start    ] GC(329) Pause Cleanup
[182.888s][info][gc          ] GC(329) Pause Cleanup 175M->175M(474M) 0.071ms
[182.888s][info][gc,cpu      ] GC(329) User=0.00s Sys=0.00s Real=0.00s
[182.888s][info][gc,marking  ] GC(329) Concurrent Clear Claimed Marks
[182.888s][info][gc,marking  ] GC(329) Concurrent Clear Claimed Marks 0.037ms
[182.888s][info][gc,marking  ] GC(329) Concurrent Cleanup for Next Mark
[182.889s][info][gc,marking  ] GC(329) Concurrent Cleanup for Next Mark 1.379ms
[182.889s][info][gc          ] GC(329) Concurrent Mark Cycle 146.544ms
[183.433s][info][gc,start    ] GC(330) Pause Young (Prepare Mixed) (G1 Evacuation Pause)
[183.433s][info][gc,task     ] GC(330) Using 2 workers of 2 for evacuation
[183.439s][info][gc,phases   ] GC(330)   Pre Evacuate Collection Set: 0.23ms
[183.439s][info][gc,phases   ] GC(330)   Merge Heap Roots: 0.08ms
[183.439s][info][gc,phases   ] GC(330)   Evacuate Collection Set: 5.03ms
[183.439s][info][gc,phases   ] GC(330)   Post Evacuate Collection Set: 0.40ms
[183.439s][info][gc,phases   ] GC(330)   Other: 0.09ms
[183.439s][info][gc,heap     ] GC(330) Eden regions: 208->0(213)
[183.439s][info][gc,heap     ] GC(330) Survivor regions: 20->4(29)
[183.439s][info][gc,heap     ] GC(330) Old regions: 117->122
[183.439s][info][gc,heap     ] GC(330) Humongous regions: 7->4
[183.439s][info][gc,metaspace] GC(330) Metaspace: 41863K(42240K)->41863K(42240K) NonClass: 39059K(39296K)->39059K(39296K) Class: 2804K(2944K)->2804K(2944K)
[183.439s][info][gc          ] GC(330) Pause Young (Prepare Mixed) (G1 Evacuation Pause) 351M->128M(474M) 6.022ms
[183.439s][info][gc,cpu      ] GC(330) User=0.01s Sys=0.00s Real=0.01s
[184.052s][info][gc,start    ] GC(331) Pause Young (Mixed) (G1 Evacuation Pause)
[184.052s][info][gc,task     ] GC(331) Using 2 workers of 2 for evacuation
[184.066s][info][gc,phases   ] GC(331)   Pre Evacuate Collection Set: 0.31ms
[184.066s][info][gc,phases   ] GC(331)   Merge Heap Roots: 0.11ms
[184.066s][info][gc,phases   ] GC(331)   Evacuate Collection Set: 13.24ms
[184.066s][info][gc,phases   ] GC(331)   Post Evacuate Collection Set: 0.51ms
[184.066s][info][gc,phases   ] GC(331)   Other: 0.08ms
[184.066s][info][gc,heap     ] GC(331) Eden regions: 213->0(223)
[184.066s][info][gc,heap     ] GC(331) Survivor regions: 4->22(28)
[184.066s][info][gc,heap     ] GC(331) Old regions: 122->96
[184.066s][info][gc,heap     ] GC(331) Humongous regions: 6->4
[184.066s][info][gc,metaspace] GC(331) Metaspace: 41864K(42240K)->41864K(42240K) NonClass: 39060K(39296K)->39060K(39296K) Class: 2804K(2944K)->2804K(2944K)
[184.066s][info][gc          ] GC(331) Pause Young (Mixed) (G1 Evacuation Pause) 343M->120M(474M) 14.455ms
[184.066s][info][gc,cpu      ] GC(331) User=0.03s Sys=0.00s Real=0.01s
[184.629s][info][gc,start    ] GC(332) Pause Young (Concurrent Start) (G1 Humongous Allocation)
[184.629s][info][gc,task     ] GC(332) Using 2 workers of 2 for evacuation
[184.642s][info][gc,phases   ] GC(332)   Pre Evacuate Collection Set: 0.25ms
[184.642s][info][gc,phases   ] GC(332)   Merge Heap Roots: 0.11ms
[184.642s][info][gc,phases   ] GC(332)   Evacuate Collection Set: 11.12ms
[184.642s][info][gc,phases   ] GC(332)   Post Evacuate Collection Set: 0.46ms
[184.642s][info][gc,phases   ] GC(332)   Other: 0.09ms
[184.642s][info][gc,heap     ] GC(332) Eden regions: 193->0(239)
[184.642s][info][gc,heap     ] GC(332) Survivor regions: 22->2(31)
[184.642s][info][gc,heap     ] GC(332) Old regions: 96->116
[184.642s][info][gc,heap     ] GC(332) Humongous regions: 4->4
[184.642s][info][gc,metaspace] GC(332) Metaspace: 41864K(42240K)->41864K(42240K) NonClass: 39060K(39296K)->39060K(39296K) Class: 2804K(2944K)->2804K(2944K)
[184.642s][info][gc          ] GC(332) Pause Young (Concurrent Start) (G1 Humongous Allocation) 313M->121M(474M) 12.211ms
[184.642s][info][gc          ] GC(333) Concurrent Mark Cycle
[184.642s][info][gc,marking  ] GC(333) Concurrent Scan Root Regions
[184.644s][info][gc,cpu      ] GC(332) User=0.02s Sys=0.00s Real=0.01s
[184.649s][info][gc,marking  ] GC(333) Concurrent Scan Root Regions 7.767ms
[184.649s][info][gc,marking  ] GC(333) Concurrent Mark
[184.649s][info][gc,marking  ] GC(333) Concurrent Mark From Roots
[184.649s][info][gc,task     ] GC(333) Using 1 workers of 1 for marking
[184.723s][info][gc,marking  ] GC(333) Concurrent Mark From Roots 73.467ms
[184.723s][info][gc,marking  ] GC(333) Concurrent Preclean
[184.723s][info][gc,marking  ] GC(333) Concurrent Preclean 0.044ms
[184.723s][info][gc,start    ] GC(333) Pause Remark
[184.738s][info][gc          ] GC(333) Pause Remark 147M->132M(360M) 14.654ms
[184.738s][info][gc,cpu      ] GC(333) User=0.03s Sys=0.00s Real=0.02s
[184.738s][info][gc,marking  ] GC(333) Concurrent Mark 88.417ms
[184.738s][info][gc,marking  ] GC(333) Concurrent Rebuild Remembered Sets and Scrub Regions
[184.775s][info][gc,marking  ] GC(333) Concurrent Rebuild Remembered Sets and Scrub Regions 37.300ms
[184.775s][info][gc,start    ] GC(333) Pause Cleanup
[184.775s][info][gc          ] GC(333) Pause Cleanup 145M->145M(360M) 0.049ms
[184.775s][info][gc,cpu      ] GC(333) User=0.00s Sys=0.00s Real=0.00s
[184.775s][info][gc,marking  ] GC(333) Concurrent Clear Claimed Marks
[184.775s][info][gc,marking  ] GC(333) Concurrent Clear Claimed Marks 0.037ms
[184.775s][info][gc,marking  ] GC(333) Concurrent Cleanup for Next Mark
[184.777s][info][gc,marking  ] GC(333) Concurrent Cleanup for Next Mark 1.048ms
[184.777s][info][gc          ] GC(333) Concurrent Mark Cycle 134.889ms
[185.224s][info][gc,start    ] GC(334) Pause Young (Prepare Mixed) (G1 Evacuation Pause)
[185.224s][info][gc,task     ] GC(334) Using 2 workers of 2 for evacuation
[185.229s][info][gc,phases   ] GC(334)   Pre Evacuate Collection Set: 0.20ms
[185.229s][info][gc,phases   ] GC(334)   Merge Heap Roots: 0.08ms
[185.229s][info][gc,phases   ] GC(334)   Evacuate Collection Set: 4.38ms
[185.229s][info][gc,phases   ] GC(334)   Post Evacuate Collection Set: 0.42ms
[185.229s][info][gc,phases   ] GC(334)   Other: 0.09ms
[185.229s][info][gc,heap     ] GC(334) Eden regions: 214->0(185)
[185.229s][info][gc,heap     ] GC(334) Survivor regions: 2->6(27)
[185.229s][info][gc,heap     ] GC(334) Old regions: 102->102
[185.229s][info][gc,heap     ] GC(334) Humongous regions: 4->1
[185.229s][info][gc,metaspace] GC(334) Metaspace: 41869K(42240K)->41869K(42240K) NonClass: 39064K(39296K)->39064K(39296K) Class: 2804K(2944K)->2804K(2944K)
[185.229s][info][gc          ] GC(334) Pause Young (Prepare Mixed) (G1 Evacuation Pause) 321M->108M(360M) 5.333ms
[185.229s][info][gc,cpu      ] GC(334) User=0.01s Sys=0.00s Real=0.01s
[185.515s][info][gc,start    ] GC(335) Pause Young (Mixed) (G1 Evacuation Pause)
[185.515s][info][gc,task     ] GC(335) Using 2 workers of 2 for evacuation
[185.523s][info][gc,phases   ] GC(335)   Pre Evacuate Collection Set: 0.17ms
[185.523s][info][gc,phases   ] GC(335)   Merge Heap Roots: 0.12ms
[185.523s][info][gc,phases   ] GC(335)   Evacuate Collection Set: 7.05ms
[185.523s][info][gc,phases   ] GC(335)   Post Evacuate Collection Set: 0.45ms
[185.523s][info][gc,phases   ] GC(335)   Other: 0.09ms
[185.523s][info][gc,heap     ] GC(335) Eden regions: 185->0(202)
[185.523s][info][gc,heap     ] GC(335) Survivor regions: 6->6(24)
[185.523s][info][gc,heap     ] GC(335) Old regions: 102->89
[185.523s][info][gc,heap     ] GC(335) Humongous regions: 1->1
[185.523s][info][gc,metaspace] GC(335) Metaspace: 41869K(42240K)->41869K(42240K) NonClass: 39064K(39296K)->39064K(39296K) Class: 2804K(2944K)->2804K(2944K)
[185.523s][info][gc          ] GC(335) Pause Young (Mixed) (G1 Evacuation Pause) 293M->95M(360M) 8.060ms
[185.523s][info][gc,cpu      ] GC(335) User=0.02s Sys=0.00s Real=0.01s
[185.842s][info][gc,start    ] GC(336) Pause Young (Concurrent Start) (G1 Evacuation Pause)
[185.842s][info][gc,task     ] GC(336) Using 2 workers of 2 for evacuation
[185.846s][info][gc,phases   ] GC(336)   Pre Evacuate Collection Set: 0.22ms
[185.846s][info][gc,phases   ] GC(336)   Merge Heap Roots: 0.06ms
[185.846s][info][gc,phases   ] GC(336)   Evacuate Collection Set: 2.62ms
[185.846s][info][gc,phases   ] GC(336)   Post Evacuate Collection Set: 0.43ms
[185.846s][info][gc,phases   ] GC(336)   Other: 0.11ms
[185.846s][info][gc,heap     ] GC(336) Eden regions: 202->0(212)
[185.846s][info][gc,heap     ] GC(336) Survivor regions: 6->4(26)
[185.846s][info][gc,heap     ] GC(336) Old regions: 89->89
[185.846s][info][gc,heap     ] GC(336) Humongous regions: 1->1
[185.846s][info][gc,metaspace] GC(336) Metaspace: 41869K(42240K)->41869K(42240K) NonClass: 39064K(39296K)->39064K(39296K) Class: 2804K(2944K)->2804K(2944K)
[185.846s][info][gc          ] GC(336) Pause Young (Concurrent Start) (G1 Evacuation Pause) 297M->93M(360M) 3.616ms
[185.846s][info][gc,cpu      ] GC(336) User=0.01s Sys=0.00s Real=0.00s
[185.846s][info][gc          ] GC(337) Concurrent Mark Cycle
[185.846s][info][gc,marking  ] GC(337) Concurrent Scan Root Regions
[185.848s][info][gc,marking  ] GC(337) Concurrent Scan Root Regions 1.799ms
[185.848s][info][gc,marking  ] GC(337) Concurrent Mark
[185.848s][info][gc,marking  ] GC(337) Concurrent Mark From Roots
[185.848s][info][gc,task     ] GC(337) Using 1 workers of 1 for marking
[185.941s][info][gc,marking  ] GC(337) Concurrent Mark From Roots 92.904ms
[185.941s][info][gc,marking  ] GC(337) Concurrent Preclean
[185.941s][info][gc,marking  ] GC(337) Concurrent Preclean 0.047ms
[185.941s][info][gc,start    ] GC(337) Pause Remark
[185.956s][info][gc          ] GC(337) Pause Remark 123M->105M(260M) 14.542ms
[185.956s][info][gc,cpu      ] GC(337) User=0.03s Sys=0.00s Real=0.01s
[185.956s][info][gc,marking  ] GC(337) Concurrent Mark 107.760ms
[185.956s][info][gc,marking  ] GC(337) Concurrent Rebuild Remembered Sets and Scrub Regions
[186.002s][info][gc,marking  ] GC(337) Concurrent Rebuild Remembered Sets and Scrub Regions 46.363ms
[186.002s][info][gc,start    ] GC(337) Pause Cleanup
[186.002s][info][gc          ] GC(337) Pause Cleanup 116M->116M(260M) 0.049ms
[186.002s][info][gc,cpu      ] GC(337) User=0.00s Sys=0.00s Real=0.00s
[186.006s][info][gc,marking  ] GC(337) Concurrent Clear Claimed Marks
[186.006s][info][gc,marking  ] GC(337) Concurrent Clear Claimed Marks 0.056ms
[186.006s][info][gc,marking  ] GC(337) Concurrent Cleanup for Next Mark
[186.007s][info][gc,marking  ] GC(337) Concurrent Cleanup for Next Mark 0.845ms
[186.007s][info][gc          ] GC(337) Concurrent Mark Cycle 160.621ms
[186.353s][info][gc,start    ] GC(338) Pause Young (Prepare Mixed) (G1 Evacuation Pause)
[186.353s][info][gc,task     ] GC(338) Using 2 workers of 2 for evacuation
[186.366s][info][gc,phases   ] GC(338)   Pre Evacuate Collection Set: 0.20ms
[186.366s][info][gc,phases   ] GC(338)   Merge Heap Roots: 0.10ms
[186.366s][info][gc,phases   ] GC(338)   Evacuate Collection Set: 11.39ms
[186.366s][info][gc,phases   ] GC(338)   Post Evacuate Collection Set: 0.61ms
[186.366s][info][gc,phases   ] GC(338)   Other: 0.10ms
[186.366s][info][gc,heap     ] GC(338) Eden regions: 78->0(208)
[186.366s][info][gc,heap     ] GC(338) Survivor regions: 4->9(25)
[186.366s][info][gc,heap     ] GC(338) Old regions: 71->71
[186.366s][info][gc,heap     ] GC(338) Humongous regions: 201->3
[186.366s][info][gc,metaspace] GC(338) Metaspace: 41895K(42304K)->41895K(42304K) NonClass: 39091K(39360K)->39091K(39360K) Class: 2804K(2944K)->2804K(2944K)
[186.366s][info][gc          ] GC(338) Pause Young (Prepare Mixed) (G1 Evacuation Pause) 353M->82M(363M) 12.611ms
[186.366s][info][gc,cpu      ] GC(338) User=0.01s Sys=0.00s Real=0.01s
[186.862s][info][gc,start    ] GC(339) Pause Young (Mixed) (G1 Evacuation Pause)
[186.862s][info][gc,task     ] GC(339) Using 2 workers of 2 for evacuation
[186.882s][info][gc,phases   ] GC(339)   Pre Evacuate Collection Set: 0.27ms
[186.882s][info][gc,phases   ] GC(339)   Merge Heap Roots: 0.09ms
[186.882s][info][gc,phases   ] GC(339)   Evacuate Collection Set: 18.23ms
[186.882s][info][gc,phases   ] GC(339)   Post Evacuate Collection Set: 1.10ms
[186.882s][info][gc,phases   ] GC(339)   Other: 0.09ms
[186.882s][info][gc,heap     ] GC(339) Eden regions: 52->0(272)
[186.882s][info][gc,heap     ] GC(339) Survivor regions: 9->12(30)
[186.882s][info][gc,heap     ] GC(339) Old regions: 71->62
[186.882s][info][gc,heap     ] GC(339) Humongous regions: 327->3
[186.882s][info][gc,metaspace] GC(339) Metaspace: 41896K(42304K)->41896K(42304K) NonClass: 39091K(39360K)->39091K(39360K) Class: 2804K(2944K)->2804K(2944K)
[186.882s][info][gc          ] GC(339) Pause Young (Mixed) (G1 Evacuation Pause) 458M->76M(474M) 19.977ms
[186.882s][info][gc,cpu      ] GC(339) User=0.03s Sys=0.01s Real=0.02s
[186.885s][info][gc,start    ] GC(340) Pause Young (Concurrent Start) (G1 Humongous Allocation)
[186.885s][info][gc,task     ] GC(340) Using 2 workers of 2 for evacuation
[186.895s][info][gc,phases   ] GC(340)   Pre Evacuate Collection Set: 0.21ms
[186.895s][info][gc,phases   ] GC(340)   Merge Heap Roots: 0.06ms
[186.895s][info][gc,phases   ] GC(340)   Evacuate Collection Set: 8.72ms
[186.895s][info][gc,phases   ] GC(340)   Post Evacuate Collection Set: 0.54ms
[186.895s][info][gc,phases   ] GC(340)   Other: 0.07ms
[186.895s][info][gc,heap     ] GC(340) Eden regions: 1->0(272)
[186.895s][info][gc,heap     ] GC(340) Survivor regions: 12->12(36)
[186.895s][info][gc,heap     ] GC(340) Old regions: 62->62
[186.895s][info][gc,heap     ] GC(340) Humongous regions: 3->1
[186.895s][info][gc,metaspace] GC(340) Metaspace: 41896K(42304K)->41896K(42304K) NonClass: 39091K(39360K)->39091K(39360K) Class: 2804K(2944K)->2804K(2944K)
[186.895s][info][gc          ] GC(340) Pause Young (Concurrent Start) (G1 Humongous Allocation) 76M->74M(474M) 9.735ms
[186.895s][info][gc,cpu      ] GC(340) User=0.02s Sys=0.00s Real=0.01s
[186.895s][info][gc          ] GC(341) Concurrent Mark Cycle
[186.895s][info][gc,marking  ] GC(341) Concurrent Scan Root Regions
[186.903s][info][gc,marking  ] GC(341) Concurrent Scan Root Regions 7.832ms
[186.903s][info][gc,marking  ] GC(341) Concurrent Mark
[186.903s][info][gc,marking  ] GC(341) Concurrent Mark From Roots
[186.903s][info][gc,task     ] GC(341) Using 1 workers of 1 for marking
[186.972s][info][gc,marking  ] GC(341) Concurrent Mark From Roots 69.297ms
[186.972s][info][gc,marking  ] GC(341) Concurrent Preclean
[186.972s][info][gc,marking  ] GC(341) Concurrent Preclean 0.049ms
[186.975s][info][gc,start    ] GC(341) Pause Remark
[186.990s][info][gc          ] GC(341) Pause Remark 117M->117M(370M) 15.245ms
[186.990s][info][gc,cpu      ] GC(341) User=0.03s Sys=0.00s Real=0.02s
[186.990s][info][gc,marking  ] GC(341) Concurrent Mark 86.909ms
[186.990s][info][gc,marking  ] GC(341) Concurrent Rebuild Remembered Sets and Scrub Regions
[187.019s][info][gc,marking  ] GC(341) Concurrent Rebuild Remembered Sets and Scrub Regions 29.087ms
[187.019s][info][gc,start    ] GC(341) Pause Cleanup
[187.019s][info][gc          ] GC(341) Pause Cleanup 128M->128M(370M) 0.050ms
[187.019s][info][gc,cpu      ] GC(341) User=0.00s Sys=0.00s Real=0.00s
[187.019s][info][gc,marking  ] GC(341) Concurrent Clear Claimed Marks
[187.019s][info][gc,marking  ] GC(341) Concurrent Clear Claimed Marks 0.040ms
[187.019s][info][gc,marking  ] GC(341) Concurrent Cleanup for Next Mark
[187.021s][info][gc,marking  ] GC(341) Concurrent Cleanup for Next Mark 2.074ms
[187.021s][info][gc          ] GC(341) Concurrent Mark Cycle 126.231ms
[187.482s][info][gc,start    ] GC(342) Pause Young (Prepare Mixed) (G1 Evacuation Pause)
[187.482s][info][gc,task     ] GC(342) Using 2 workers of 2 for evacuation
[187.506s][info][gc,phases   ] GC(342)   Pre Evacuate Collection Set: 0.25ms
[187.506s][info][gc,phases   ] GC(342)   Merge Heap Roots: 0.07ms
[187.506s][info][gc,phases   ] GC(342)   Evacuate Collection Set: 23.09ms
[187.506s][info][gc,phases   ] GC(342)   Post Evacuate Collection Set: 0.83ms
[187.506s][info][gc,phases   ] GC(342)   Other: 0.09ms
[187.506s][info][gc,heap     ] GC(342) Eden regions: 57->0(262)
[187.506s][info][gc,heap     ] GC(342) Survivor regions: 12->19(32)
[187.506s][info][gc,heap     ] GC(342) Old regions: 62->62
[187.506s][info][gc,heap     ] GC(342) Humongous regions: 319->1
[187.506s][info][gc,metaspace] GC(342) Metaspace: 41898K(42304K)->41898K(42304K) NonClass: 39093K(39360K)->39093K(39360K) Class: 2804K(2944K)->2804K(2944K)
[187.506s][info][gc          ] GC(342) Pause Young (Prepare Mixed) (G1 Evacuation Pause) 449M->81M(469M) 24.553ms
[187.506s][info][gc,cpu      ] GC(342) User=0.04s Sys=0.01s Real=0.02s
[188.183s][info][gc,start    ] GC(343) Pause Young (Mixed) (G1 Evacuation Pause)
[188.184s][info][gc,task     ] GC(343) Using 2 workers of 2 for evacuation
[188.226s][info][gc,phases   ] GC(343)   Pre Evacuate Collection Set: 0.32ms
[188.226s][info][gc,phases   ] GC(343)   Merge Heap Roots: 0.18ms
[188.226s][info][gc,phases   ] GC(343)   Evacuate Collection Set: 41.06ms
[188.226s][info][gc,phases   ] GC(343)   Post Evacuate Collection Set: 0.96ms
[188.226s][info][gc,phases   ] GC(343)   Other: 0.11ms
[188.226s][info][gc,heap     ] GC(343) Eden regions: 77->0(329)
[188.226s][info][gc,heap     ] GC(343) Survivor regions: 19->29(41)
[188.226s][info][gc,heap     ] GC(343) Old regions: 62->59
[188.226s][info][gc,heap     ] GC(343) Humongous regions: 409->3
[188.226s][info][gc,metaspace] GC(343) Metaspace: 41901K(42304K)->41901K(42304K) NonClass: 39096K(39360K)->39096K(39360K) Class: 2804K(2944K)->2804K(2944K)
[188.226s][info][gc          ] GC(343) Pause Young (Mixed) (G1 Evacuation Pause) 566M->89M(598M) 42.832ms
[188.226s][info][gc,cpu      ] GC(343) User=0.07s Sys=0.02s Real=0.04s
[188.231s][info][gc,start    ] GC(344) Pause Young (Concurrent Start) (G1 Humongous Allocation)
[188.231s][info][gc,task     ] GC(344) Using 2 workers of 2 for evacuation
[188.256s][info][gc,phases   ] GC(344)   Pre Evacuate Collection Set: 0.25ms
[188.256s][info][gc,phases   ] GC(344)   Merge Heap Roots: 0.07ms
[188.256s][info][gc,phases   ] GC(344)   Evacuate Collection Set: 24.68ms
[188.256s][info][gc,phases   ] GC(344)   Post Evacuate Collection Set: 0.35ms
[188.256s][info][gc,phases   ] GC(344)   Other: 0.10ms
[188.256s][info][gc,heap     ] GC(344) Eden regions: 1->0(336)
[188.256s][info][gc,heap     ] GC(344) Survivor regions: 29->22(45)
[188.256s][info][gc,heap     ] GC(344) Old regions: 59->66
[188.256s][info][gc,heap     ] GC(344) Humongous regions: 3->1
[188.256s][info][gc,metaspace] GC(344) Metaspace: 41901K(42304K)->41901K(42304K) NonClass: 39096K(39360K)->39096K(39360K) Class: 2804K(2944K)->2804K(2944K)
[188.256s][info][gc          ] GC(344) Pause Young (Concurrent Start) (G1 Humongous Allocation) 90M->87M(598M) 25.623ms
[188.256s][info][gc,cpu      ] GC(344) User=0.04s Sys=0.00s Real=0.02s
[188.256s][info][gc          ] GC(345) Concurrent Mark Cycle
[188.257s][info][gc,marking  ] GC(345) Concurrent Scan Root Regions
[188.277s][info][gc,marking  ] GC(345) Concurrent Scan Root Regions 20.434ms
[188.277s][info][gc,marking  ] GC(345) Concurrent Mark
[188.277s][info][gc,marking  ] GC(345) Concurrent Mark From Roots
[188.277s][info][gc,task     ] GC(345) Using 1 workers of 1 for marking
[188.346s][info][gc,marking  ] GC(345) Concurrent Mark From Roots 69.427ms
[188.346s][info][gc,marking  ] GC(345) Concurrent Preclean
[188.347s][info][gc,marking  ] GC(345) Concurrent Preclean 0.046ms
[188.347s][info][gc,start    ] GC(345) Pause Remark
[188.362s][info][gc          ] GC(345) Pause Remark 143M->143M(444M) 14.873ms
[188.362s][info][gc,cpu      ] GC(345) User=0.03s Sys=0.00s Real=0.01s
[188.362s][info][gc,marking  ] GC(345) Concurrent Mark 84.663ms
[188.362s][info][gc,marking  ] GC(345) Concurrent Rebuild Remembered Sets and Scrub Regions
[188.402s][info][gc,marking  ] GC(345) Concurrent Rebuild Remembered Sets and Scrub Regions 39.981ms
[188.402s][info][gc,start    ] GC(345) Pause Cleanup
[188.402s][info][gc          ] GC(345) Pause Cleanup 160M->160M(444M) 0.076ms
[188.402s][info][gc,cpu      ] GC(345) User=0.00s Sys=0.00s Real=0.00s
[188.402s][info][gc,marking  ] GC(345) Concurrent Clear Claimed Marks
[188.402s][info][gc,marking  ] GC(345) Concurrent Clear Claimed Marks 0.049ms
[188.402s][info][gc,marking  ] GC(345) Concurrent Cleanup for Next Mark
[188.404s][info][gc,marking  ] GC(345) Concurrent Cleanup for Next Mark 1.956ms
[188.404s][info][gc          ] GC(345) Concurrent Mark Cycle 147.665ms
[189.082s][info][gc,start    ] GC(346) Pause Young (Prepare Mixed) (G1 Evacuation Pause)
[189.082s][info][gc,task     ] GC(346) Using 2 workers of 2 for evacuation
[189.134s][info][gc,phases   ] GC(346)   Pre Evacuate Collection Set: 0.35ms
[189.134s][info][gc,phases   ] GC(346)   Merge Heap Roots: 0.17ms
[189.134s][info][gc,phases   ] GC(346)   Evacuate Collection Set: 51.17ms
[189.134s][info][gc,phases   ] GC(346)   Post Evacuate Collection Set: 0.59ms
[189.134s][info][gc,phases   ] GC(346)   Other: 0.09ms
[189.134s][info][gc,heap     ] GC(346) Eden regions: 223->0(262)
[189.134s][info][gc,heap     ] GC(346) Survivor regions: 22->30(34)
[189.134s][info][gc,heap     ] GC(346) Old regions: 66->77
[189.134s][info][gc,heap     ] GC(346) Humongous regions: 135->1
[189.134s][info][gc,metaspace] GC(346) Metaspace: 41982K(42368K)->41982K(42368K) NonClass: 39177K(39424K)->39177K(39424K) Class: 2804K(2944K)->2804K(2944K)
[189.134s][info][gc          ] GC(346) Pause Young (Prepare Mixed) (G1 Evacuation Pause) 444M->106M(487M) 52.569ms
[189.134s][info][gc,cpu      ] GC(346) User=0.07s Sys=0.03s Real=0.05s
[189.737s][info][gc,start    ] GC(347) Pause Young (Mixed) (G1 Evacuation Pause)
[189.737s][info][gc,task     ] GC(347) Using 2 workers of 2 for evacuation
[189.764s][info][gc,phases   ] GC(347)   Pre Evacuate Collection Set: 0.25ms
[189.764s][info][gc,phases   ] GC(347)   Merge Heap Roots: 0.13ms
[189.764s][info][gc,phases   ] GC(347)   Evacuate Collection Set: 26.05ms
[189.764s][info][gc,phases   ] GC(347)   Post Evacuate Collection Set: 0.54ms
[189.764s][info][gc,phases   ] GC(347)   Other: 0.10ms
[189.764s][info][gc,heap     ] GC(347) Eden regions: 262->0(288)
[189.764s][info][gc,heap     ] GC(347) Survivor regions: 30->4(37)
[189.764s][info][gc,heap     ] GC(347) Old regions: 77->99
[189.764s][info][gc,heap     ] GC(347) Humongous regions: 1->1
[189.764s][info][gc,metaspace] GC(347) Metaspace: 41985K(42368K)->41985K(42368K) NonClass: 39181K(39424K)->39181K(39424K) Class: 2804K(2944K)->2804K(2944K)
[189.764s][info][gc          ] GC(347) Pause Young (Mixed) (G1 Evacuation Pause) 368M->103M(487M) 27.304ms
[189.764s][info][gc,cpu      ] GC(347) User=0.05s Sys=0.00s Real=0.02s
[190.380s][info][gc,start    ] GC(348) Pause Young (Concurrent Start) (G1 Evacuation Pause)
[190.380s][info][gc,task     ] GC(348) Using 2 workers of 2 for evacuation
[190.384s][info][gc,phases   ] GC(348)   Pre Evacuate Collection Set: 0.24ms
[190.384s][info][gc,phases   ] GC(348)   Merge Heap Roots: 0.07ms
[190.384s][info][gc,phases   ] GC(348)   Evacuate Collection Set: 3.36ms
[190.384s][info][gc,phases   ] GC(348)   Post Evacuate Collection Set: 0.48ms
[190.384s][info][gc,phases   ] GC(348)   Other: 0.11ms
[190.384s][info][gc,heap     ] GC(348) Eden regions: 288->0(288)
[190.384s][info][gc,heap     ] GC(348) Survivor regions: 4->4(37)
[190.384s][info][gc,heap     ] GC(348) Old regions: 99->99
[190.384s][info][gc,heap     ] GC(348) Humongous regions: 1->1
[190.384s][info][gc,metaspace] GC(348) Metaspace: 41996K(42368K)->41996K(42368K) NonClass: 39190K(39424K)->39190K(39424K) Class: 2805K(2944K)->2805K(2944K)
[190.384s][info][gc          ] GC(348) Pause Young (Concurrent Start) (G1 Evacuation Pause) 391M->103M(487M) 4.433ms
[190.384s][info][gc,cpu      ] GC(348) User=0.00s Sys=0.00s Real=0.00s
[190.384s][info][gc          ] GC(349) Concurrent Mark Cycle
[190.385s][info][gc,marking  ] GC(349) Concurrent Scan Root Regions
[190.386s][info][gc,marking  ] GC(349) Concurrent Scan Root Regions 1.970ms
[190.387s][info][gc,marking  ] GC(349) Concurrent Mark
[190.387s][info][gc,marking  ] GC(349) Concurrent Mark From Roots
[190.387s][info][gc,task     ] GC(349) Using 1 workers of 1 for marking
[190.469s][info][gc,marking  ] GC(349) Concurrent Mark From Roots 82.634ms
[190.469s][info][gc,marking  ] GC(349) Concurrent Preclean
[190.469s][info][gc,marking  ] GC(349) Concurrent Preclean 0.115ms
[190.469s][info][gc,start    ] GC(349) Pause Remark
[190.485s][info][gc          ] GC(349) Pause Remark 137M->131M(327M) 15.273ms
[190.485s][info][gc,cpu      ] GC(349) User=0.03s Sys=0.00s Real=0.01s
[190.485s][info][gc,marking  ] GC(349) Concurrent Mark 98.345ms
[190.485s][info][gc,marking  ] GC(349) Concurrent Rebuild Remembered Sets and Scrub Regions
[190.514s][info][gc,marking  ] GC(349) Concurrent Rebuild Remembered Sets and Scrub Regions 29.504ms
[190.515s][info][gc,start    ] GC(349) Pause Cleanup
[190.515s][info][gc          ] GC(349) Pause Cleanup 141M->141M(327M) 0.067ms
[190.515s][info][gc,cpu      ] GC(349) User=0.00s Sys=0.00s Real=0.00s
[190.515s][info][gc,marking  ] GC(349) Concurrent Clear Claimed Marks
[190.515s][info][gc,marking  ] GC(349) Concurrent Clear Claimed Marks 0.042ms
[190.515s][info][gc,marking  ] GC(349) Concurrent Cleanup for Next Mark
[190.516s][info][gc,marking  ] GC(349) Concurrent Cleanup for Next Mark 1.163ms
[190.516s][info][gc          ] GC(349) Concurrent Mark Cycle 131.443ms
[190.847s][info][gc,start    ] GC(350) Pause Young (Prepare Mixed) (G1 Evacuation Pause)
[190.847s][info][gc,task     ] GC(350) Using 2 workers of 2 for evacuation
[190.849s][info][gc,phases   ] GC(350)   Pre Evacuate Collection Set: 0.18ms
[190.849s][info][gc,phases   ] GC(350)   Merge Heap Roots: 0.09ms
[190.849s][info][gc,phases   ] GC(350)   Evacuate Collection Set: 1.05ms
[190.849s][info][gc,phases   ] GC(350)   Post Evacuate Collection Set: 0.41ms
[190.849s][info][gc,phases   ] GC(350)   Other: 0.08ms
[190.849s][info][gc,heap     ] GC(350) Eden regions: 192->0(195)
[190.849s][info][gc,heap     ] GC(350) Survivor regions: 4->1(25)
[190.849s][info][gc,heap     ] GC(350) Old regions: 93->93
[190.849s][info][gc,heap     ] GC(350) Humongous regions: 1->1
[190.849s][info][gc,metaspace] GC(350) Metaspace: 41996K(42368K)->41996K(42368K) NonClass: 39190K(39424K)->39190K(39424K) Class: 2805K(2944K)->2805K(2944K)
[190.849s][info][gc          ] GC(350) Pause Young (Prepare Mixed) (G1 Evacuation Pause) 289M->94M(327M) 2.017ms
[190.849s][info][gc,cpu      ] GC(350) User=0.01s Sys=0.00s Real=0.00s
[191.332s][info][gc,start    ] GC(351) Pause Young (Mixed) (G1 Evacuation Pause)
[191.332s][info][gc,task     ] GC(351) Using 2 workers of 2 for evacuation
[191.336s][info][gc,phases   ] GC(351)   Pre Evacuate Collection Set: 0.19ms
[191.336s][info][gc,phases   ] GC(351)   Merge Heap Roots: 0.11ms
[191.336s][info][gc,phases   ] GC(351)   Evacuate Collection Set: 2.71ms
[191.336s][info][gc,phases   ] GC(351)   Post Evacuate Collection Set: 0.50ms
[191.336s][info][gc,phases   ] GC(351)   Other: 0.09ms
[191.336s][info][gc,heap     ] GC(351) Eden regions: 195->0(193)
[191.336s][info][gc,heap     ] GC(351) Survivor regions: 1->3(25)
[191.336s][info][gc,heap     ] GC(351) Old regions: 93->72
[191.336s][info][gc,heap     ] GC(351) Humongous regions: 1->1
[191.336s][info][gc,metaspace] GC(351) Metaspace: 42002K(42432K)->42002K(42432K) NonClass: 39197K(39488K)->39197K(39488K) Class: 2805K(2944K)->2805K(2944K)
[191.336s][info][gc          ] GC(351) Pause Young (Mixed) (G1 Evacuation Pause) 289M->73M(327M) 3.769ms
[191.336s][info][gc,cpu      ] GC(351) User=0.01s Sys=0.00s Real=0.00s
[191.784s][info][gc,start    ] GC(352) Pause Young (Concurrent Start) (G1 Evacuation Pause)
[191.784s][info][gc,task     ] GC(352) Using 2 workers of 2 for evacuation
[191.791s][info][gc,phases   ] GC(352)   Pre Evacuate Collection Set: 0.20ms
[191.791s][info][gc,phases   ] GC(352)   Merge Heap Roots: 0.06ms
[191.791s][info][gc,phases   ] GC(352)   Evacuate Collection Set: 6.24ms
[191.791s][info][gc,phases   ] GC(352)   Post Evacuate Collection Set: 0.55ms
[191.791s][info][gc,phases   ] GC(352)   Other: 0.12ms
[191.791s][info][gc,heap     ] GC(352) Eden regions: 193->0(185)
[191.791s][info][gc,heap     ] GC(352) Survivor regions: 3->11(25)
[191.791s][info][gc,heap     ] GC(352) Old regions: 72->72
[191.791s][info][gc,heap     ] GC(352) Humongous regions: 1->1
[191.791s][info][gc,metaspace] GC(352) Metaspace: 42005K(42432K)->42005K(42432K) NonClass: 39200K(39488K)->39200K(39488K) Class: 2805K(2944K)->2805K(2944K)
[191.791s][info][gc          ] GC(352) Pause Young (Concurrent Start) (G1 Evacuation Pause) 266M->82M(327M) 7.381ms
[191.791s][info][gc,cpu      ] GC(352) User=0.02s Sys=0.00s Real=0.01s
[191.791s][info][gc          ] GC(353) Concurrent Mark Cycle
[191.791s][info][gc,marking  ] GC(353) Concurrent Scan Root Regions
[191.797s][info][gc,marking  ] GC(353) Concurrent Scan Root Regions 5.359ms
[191.797s][info][gc,marking  ] GC(353) Concurrent Mark
[191.797s][info][gc,marking  ] GC(353) Concurrent Mark From Roots
[191.797s][info][gc,task     ] GC(353) Using 1 workers of 1 for marking
[191.877s][info][gc,marking  ] GC(353) Concurrent Mark From Roots 80.214ms
[191.877s][info][gc,marking  ] GC(353) Concurrent Preclean
[191.877s][info][gc,marking  ] GC(353) Concurrent Preclean 0.116ms
[191.877s][info][gc,start    ] GC(353) Pause Remark
[191.893s][info][gc          ] GC(353) Pause Remark 99M->99M(280M) 15.828ms
[191.893s][info][gc,cpu      ] GC(353) User=0.03s Sys=0.00s Real=0.01s
[191.896s][info][gc,marking  ] GC(353) Concurrent Mark 99.537ms
[191.896s][info][gc,marking  ] GC(353) Concurrent Rebuild Remembered Sets and Scrub Regions
[191.927s][info][gc,marking  ] GC(353) Concurrent Rebuild Remembered Sets and Scrub Regions 31.075ms
[191.928s][info][gc,start    ] GC(353) Pause Cleanup
[191.928s][info][gc          ] GC(353) Pause Cleanup 104M->104M(280M) 0.054ms
[191.928s][info][gc,cpu      ] GC(353) User=0.00s Sys=0.00s Real=0.00s
[191.928s][info][gc,marking  ] GC(353) Concurrent Clear Claimed Marks
[191.928s][info][gc,marking  ] GC(353) Concurrent Clear Claimed Marks 0.038ms
[191.928s][info][gc,marking  ] GC(353) Concurrent Cleanup for Next Mark
[191.929s][info][gc,marking  ] GC(353) Concurrent Cleanup for Next Mark 0.820ms
[191.929s][info][gc          ] GC(353) Concurrent Mark Cycle 137.672ms
[192.905s][info][gc,start    ] GC(354) Pause Young (Prepare Mixed) (G1 Evacuation Pause)
[192.905s][info][gc,task     ] GC(354) Using 2 workers of 2 for evacuation
[192.910s][info][gc,phases   ] GC(354)   Pre Evacuate Collection Set: 0.20ms
[192.910s][info][gc,phases   ] GC(354)   Merge Heap Roots: 0.10ms
[192.910s][info][gc,phases   ] GC(354)   Evacuate Collection Set: 4.75ms
[192.910s][info][gc,phases   ] GC(354)   Post Evacuate Collection Set: 0.43ms
[192.910s][info][gc,phases   ] GC(354)   Other: 0.11ms
[192.910s][info][gc,heap     ] GC(354) Eden regions: 157->0(166)
[192.910s][info][gc,heap     ] GC(354) Survivor regions: 11->2(21)
[192.910s][info][gc,heap     ] GC(354) Old regions: 72->72
[192.910s][info][gc,heap     ] GC(354) Humongous regions: 9->1
[192.910s][info][gc,metaspace] GC(354) Metaspace: 42077K(42496K)->42077K(42496K) NonClass: 39272K(39552K)->39272K(39552K) Class: 2805K(2944K)->2805K(2944K)
[192.910s][info][gc          ] GC(354) Pause Young (Prepare Mixed) (G1 Evacuation Pause) 247M->73M(280M) 5.738ms
[192.910s][info][gc,cpu      ] GC(354) User=0.01s Sys=0.00s Real=0.01s
[193.564s][info][gc,start    ] GC(355) Pause Young (Mixed) (G1 Evacuation Pause)
[193.564s][info][gc,task     ] GC(355) Using 2 workers of 2 for evacuation
[193.585s][info][gc,phases   ] GC(355)   Pre Evacuate Collection Set: 0.19ms
[193.585s][info][gc,phases   ] GC(355)   Merge Heap Roots: 0.14ms
[193.585s][info][gc,phases   ] GC(355)   Evacuate Collection Set: 20.17ms
[193.585s][info][gc,phases   ] GC(355)   Post Evacuate Collection Set: 0.47ms
[193.585s][info][gc,phases   ] GC(355)   Other: 0.10ms
[193.585s][info][gc,heap     ] GC(355) Eden regions: 166->0(150)
[193.585s][info][gc,heap     ] GC(355) Survivor regions: 2->18(21)
[193.585s][info][gc,heap     ] GC(355) Old regions: 72->62
[193.585s][info][gc,heap     ] GC(355) Humongous regions: 5->3
[193.585s][info][gc,metaspace] GC(355) Metaspace: 42101K(42560K)->42101K(42560K) NonClass: 39296K(39616K)->39296K(39616K) Class: 2805K(2944K)->2805K(2944K)
[193.585s][info][gc          ] GC(355) Pause Young (Mixed) (G1 Evacuation Pause) 243M->81M(280M) 21.269ms
[193.585s][info][gc,cpu      ] GC(355) User=0.04s Sys=0.00s Real=0.02s
[193.681s][info][gc,start    ] GC(356) Pause Young (Concurrent Start) (G1 Humongous Allocation)
[193.681s][info][gc,task     ] GC(356) Using 2 workers of 2 for evacuation
[193.703s][info][gc,phases   ] GC(356)   Pre Evacuate Collection Set: 0.24ms
[193.703s][info][gc,phases   ] GC(356)   Merge Heap Roots: 0.09ms
[193.703s][info][gc,phases   ] GC(356)   Evacuate Collection Set: 20.99ms
[193.703s][info][gc,phases   ] GC(356)   Post Evacuate Collection Set: 0.31ms
[193.703s][info][gc,phases   ] GC(356)   Other: 0.11ms
[193.703s][info][gc,heap     ] GC(356) Eden regions: 46->0(160)
[193.703s][info][gc,heap     ] GC(356) Survivor regions: 18->6(21)
[193.703s][info][gc,heap     ] GC(356) Old regions: 62->80
[193.703s][info][gc,heap     ] GC(356) Humongous regions: 3->3
[193.703s][info][gc,metaspace] GC(356) Metaspace: 42101K(42560K)->42101K(42560K) NonClass: 39296K(39616K)->39296K(39616K) Class: 2805K(2944K)->2805K(2944K)
[193.703s][info][gc          ] GC(356) Pause Young (Concurrent Start) (G1 Humongous Allocation) 127M->87M(280M) 21.919ms
[193.703s][info][gc          ] GC(357) Concurrent Mark Cycle
[193.703s][info][gc,marking  ] GC(357) Concurrent Scan Root Regions
[193.706s][info][gc,cpu      ] GC(356) User=0.04s Sys=0.00s Real=0.02s
[193.730s][info][gc,marking  ] GC(357) Concurrent Scan Root Regions 26.329ms
[193.730s][info][gc,marking  ] GC(357) Concurrent Mark
[193.730s][info][gc,marking  ] GC(357) Concurrent Mark From Roots
[193.730s][info][gc,task     ] GC(357) Using 1 workers of 1 for marking
[193.809s][info][gc,marking  ] GC(357) Concurrent Mark From Roots 79.084ms
[193.809s][info][gc,marking  ] GC(357) Concurrent Preclean
[193.809s][info][gc,marking  ] GC(357) Concurrent Preclean 0.203ms
[193.809s][info][gc,start    ] GC(357) Pause Remark
[193.825s][info][gc          ] GC(357) Pause Remark 125M->120M(280M) 15.788ms
[193.825s][info][gc,cpu      ] GC(357) User=0.03s Sys=0.00s Real=0.01s
[193.826s][info][gc,marking  ] GC(357) Concurrent Mark 95.977ms
[193.826s][info][gc,marking  ] GC(357) Concurrent Rebuild Remembered Sets and Scrub Regions
[193.906s][info][gc,marking  ] GC(357) Concurrent Rebuild Remembered Sets and Scrub Regions 80.200ms
[193.906s][info][gc,start    ] GC(357) Pause Cleanup
[193.906s][info][gc          ] GC(357) Pause Cleanup 157M->157M(280M) 0.049ms
[193.906s][info][gc,cpu      ] GC(357) User=0.00s Sys=0.00s Real=0.00s
[193.907s][info][gc,marking  ] GC(357) Concurrent Clear Claimed Marks
[193.907s][info][gc,marking  ] GC(357) Concurrent Clear Claimed Marks 0.048ms
[193.907s][info][gc,marking  ] GC(357) Concurrent Cleanup for Next Mark
[193.908s][info][gc,marking  ] GC(357) Concurrent Cleanup for Next Mark 0.844ms
[193.908s][info][gc          ] GC(357) Concurrent Mark Cycle 204.289ms
[194.078s][info][gc,start    ] GC(358) Pause Young (Prepare Mixed) (G1 Evacuation Pause)
[194.078s][info][gc,task     ] GC(358) Using 2 workers of 2 for evacuation
[194.103s][info][gc,phases   ] GC(358)   Pre Evacuate Collection Set: 0.16ms
[194.103s][info][gc,phases   ] GC(358)   Merge Heap Roots: 0.14ms
[194.103s][info][gc,phases   ] GC(358)   Evacuate Collection Set: 23.38ms
[194.103s][info][gc,phases   ] GC(358)   Post Evacuate Collection Set: 0.41ms
[194.103s][info][gc,phases   ] GC(358)   Other: 0.09ms
[194.103s][info][gc,heap     ] GC(358) Eden regions: 160->0(143)
[194.103s][info][gc,heap     ] GC(358) Survivor regions: 6->21(21)
[194.103s][info][gc,heap     ] GC(358) Old regions: 75->77
[194.103s][info][gc,heap     ] GC(358) Humongous regions: 4->4
[194.103s][info][gc,metaspace] GC(358) Metaspace: 42101K(42560K)->42101K(42560K) NonClass: 39296K(39616K)->39296K(39616K) Class: 2805K(2944K)->2805K(2944K)
[194.103s][info][gc          ] GC(358) Pause Young (Prepare Mixed) (G1 Evacuation Pause) 243M->100M(280M) 24.369ms
[194.103s][info][gc,cpu      ] GC(358) User=0.05s Sys=0.00s Real=0.02s
[194.432s][info][gc,start    ] GC(359) Pause Young (Mixed) (G1 Evacuation Pause)
[194.432s][info][gc,task     ] GC(359) Using 2 workers of 2 for evacuation
[194.476s][info][gc,phases   ] GC(359)   Pre Evacuate Collection Set: 0.17ms
[194.476s][info][gc,phases   ] GC(359)   Merge Heap Roots: 0.15ms
[194.476s][info][gc,phases   ] GC(359)   Evacuate Collection Set: 43.48ms
[194.476s][info][gc,phases   ] GC(359)   Post Evacuate Collection Set: 0.48ms
[194.476s][info][gc,phases   ] GC(359)   Other: 0.08ms
[194.476s][info][gc,heap     ] GC(359) Eden regions: 143->0(142)
[194.476s][info][gc,heap     ] GC(359) Survivor regions: 21->16(21)
[194.476s][info][gc,heap     ] GC(359) Old regions: 77->85
[194.476s][info][gc,heap     ] GC(359) Humongous regions: 6->6
[194.476s][info][gc,metaspace] GC(359) Metaspace: 42101K(42560K)->42101K(42560K) NonClass: 39296K(39616K)->39296K(39616K) Class: 2805K(2944K)->2805K(2944K)
[194.476s][info][gc          ] GC(359) Pause Young (Mixed) (G1 Evacuation Pause) 245M->107M(285M) 44.529ms
[194.476s][info][gc,cpu      ] GC(359) User=0.09s Sys=0.01s Real=0.04s
[194.803s][info][gc,start    ] GC(360) Pause Young (Concurrent Start) (G1 Evacuation Pause)
[194.804s][info][gc,task     ] GC(360) Using 2 workers of 2 for evacuation
[194.838s][info][gc,phases   ] GC(360)   Pre Evacuate Collection Set: 0.20ms
[194.838s][info][gc,phases   ] GC(360)   Merge Heap Roots: 0.13ms
[194.838s][info][gc,phases   ] GC(360)   Evacuate Collection Set: 33.44ms
[194.838s][info][gc,phases   ] GC(360)   Post Evacuate Collection Set: 0.44ms
[194.838s][info][gc,phases   ] GC(360)   Other: 0.08ms
[194.838s][info][gc,heap     ] GC(360) Eden regions: 142->0(129)
[194.838s][info][gc,heap     ] GC(360) Survivor regions: 16->15(20)
[194.838s][info][gc,heap     ] GC(360) Old regions: 85->101
[194.838s][info][gc,heap     ] GC(360) Humongous regions: 6->6
[194.838s][info][gc,metaspace] GC(360) Metaspace: 42101K(42560K)->42101K(42560K) NonClass: 39296K(39616K)->39296K(39616K) Class: 2805K(2944K)->2805K(2944K)
[194.838s][info][gc          ] GC(360) Pause Young (Concurrent Start) (G1 Evacuation Pause) 249M->122M(285M) 34.476ms
[194.838s][info][gc          ] GC(361) Concurrent Mark Cycle
[194.838s][info][gc,marking  ] GC(361) Concurrent Scan Root Regions
[194.838s][info][gc,cpu      ] GC(360) User=0.07s Sys=0.00s Real=0.04s
[194.891s][info][gc,marking  ] GC(361) Concurrent Scan Root Regions 53.397ms
[194.891s][info][gc,marking  ] GC(361) Concurrent Mark
[194.891s][info][gc,marking  ] GC(361) Concurrent Mark From Roots
[194.891s][info][gc,task     ] GC(361) Using 1 workers of 1 for marking
[195.023s][info][gc,marking  ] GC(361) Concurrent Mark From Roots 131.903ms
[195.023s][info][gc,marking  ] GC(361) Concurrent Preclean
[195.023s][info][gc,marking  ] GC(361) Concurrent Preclean 0.091ms
[195.024s][info][gc,start    ] GC(361) Pause Remark
[195.042s][info][gc          ] GC(361) Pause Remark 172M->171M(285M) 17.966ms
[195.042s][info][gc,cpu      ] GC(361) User=0.04s Sys=0.00s Real=0.02s
[195.045s][info][gc,marking  ] GC(361) Concurrent Mark 153.547ms
[195.045s][info][gc,marking  ] GC(361) Concurrent Rebuild Remembered Sets and Scrub Regions
[195.168s][info][gc,marking  ] GC(361) Concurrent Rebuild Remembered Sets and Scrub Regions 123.194ms
[195.168s][info][gc,start    ] GC(361) Pause Cleanup
[195.168s][info][gc          ] GC(361) Pause Cleanup 215M->215M(285M) 0.045ms
[195.168s][info][gc,cpu      ] GC(361) User=0.00s Sys=0.00s Real=0.00s
[195.168s][info][gc,marking  ] GC(361) Concurrent Clear Claimed Marks
[195.168s][info][gc,marking  ] GC(361) Concurrent Clear Claimed Marks 0.039ms
[195.168s][info][gc,marking  ] GC(361) Concurrent Cleanup for Next Mark
[195.169s][info][gc,marking  ] GC(361) Concurrent Cleanup for Next Mark 0.900ms
[195.169s][info][gc          ] GC(361) Concurrent Mark Cycle 331.416ms
[195.259s][info][gc,start    ] GC(362) Pause Young (Prepare Mixed) (G1 Evacuation Pause)
[195.259s][info][gc,task     ] GC(362) Using 2 workers of 2 for evacuation
[195.294s][info][gc,phases   ] GC(362)   Pre Evacuate Collection Set: 0.15ms
[195.294s][info][gc,phases   ] GC(362)   Merge Heap Roots: 0.13ms
[195.294s][info][gc,phases   ] GC(362)   Evacuate Collection Set: 34.51ms
[195.294s][info][gc,phases   ] GC(362)   Post Evacuate Collection Set: 0.42ms
[195.294s][info][gc,phases   ] GC(362)   Other: 0.09ms
[195.294s][info][gc,heap     ] GC(362) Eden regions: 129->0(116)
[195.294s][info][gc,heap     ] GC(362) Survivor regions: 15->14(18)
[195.294s][info][gc,heap     ] GC(362) Old regions: 101->116
[195.294s][info][gc,heap     ] GC(362) Humongous regions: 9->9
[195.294s][info][gc,metaspace] GC(362) Metaspace: 42102K(42560K)->42102K(42560K) NonClass: 39297K(39616K)->39297K(39616K) Class: 2805K(2944K)->2805K(2944K)
[195.294s][info][gc          ] GC(362) Pause Young (Prepare Mixed) (G1 Evacuation Pause) 254M->138M(285M) 35.471ms
[195.294s][info][gc,cpu      ] GC(362) User=0.07s Sys=0.00s Real=0.03s
[196.060s][info][gc,start    ] GC(363) Pause Young (Mixed) (G1 Evacuation Pause)
[196.060s][info][gc,task     ] GC(363) Using 2 workers of 2 for evacuation
[196.150s][info][gc,phases   ] GC(363)   Pre Evacuate Collection Set: 0.23ms
[196.150s][info][gc,phases   ] GC(363)   Merge Heap Roots: 0.32ms
[196.150s][info][gc,phases   ] GC(363)   Evacuate Collection Set: 88.48ms
[196.150s][info][gc,phases   ] GC(363)   Post Evacuate Collection Set: 0.46ms
[196.150s][info][gc,phases   ] GC(363)   Other: 0.07ms
[196.150s][info][gc,heap     ] GC(363) Eden regions: 116->0(93)
[196.150s][info][gc,heap     ] GC(363) Survivor regions: 14->17(17)
[196.150s][info][gc,heap     ] GC(363) Old regions: 116->137
[196.150s][info][gc,heap     ] GC(363) Humongous regions: 18->17
[196.150s][info][gc,metaspace] GC(363) Metaspace: 42104K(42560K)->42104K(42560K) NonClass: 39299K(39616K)->39299K(39616K) Class: 2805K(2944K)->2805K(2944K)
[196.150s][info][gc          ] GC(363) Pause Young (Mixed) (G1 Evacuation Pause) 263M->170M(311M) 89.740ms
[196.150s][info][gc,cpu      ] GC(363) User=0.12s Sys=0.02s Real=0.09s
[198.619s][info][gc,start    ] GC(364) Pause Young (Concurrent Start) (G1 Humongous Allocation)
[198.619s][info][gc,task     ] GC(364) Using 2 workers of 2 for evacuation
[198.632s][info][gc,phases   ] GC(364)   Pre Evacuate Collection Set: 0.21ms
[198.632s][info][gc,phases   ] GC(364)   Merge Heap Roots: 0.14ms
[198.632s][info][gc,phases   ] GC(364)   Evacuate Collection Set: 11.28ms
[198.632s][info][gc,phases   ] GC(364)   Post Evacuate Collection Set: 1.18ms
[198.632s][info][gc,phases   ] GC(364)   Other: 0.10ms
[198.632s][info][gc,heap     ] GC(364) Eden regions: 20->0(199)
[198.632s][info][gc,heap     ] GC(364) Survivor regions: 17->2(14)
[198.632s][info][gc,heap     ] GC(364) Old regions: 137->140
[198.632s][info][gc,heap     ] GC(364) Humongous regions: 17->15
[198.632s][info][gc,metaspace] GC(364) Metaspace: 42111K(42560K)->42111K(42560K) NonClass: 39306K(39616K)->39306K(39616K) Class: 2805K(2944K)->2805K(2944K)
[198.632s][info][gc          ] GC(364) Pause Young (Concurrent Start) (G1 Humongous Allocation) 189M->156M(445M) 13.065ms
[198.632s][info][gc,cpu      ] GC(364) User=0.03s Sys=0.00s Real=0.01s
[198.633s][info][gc          ] GC(365) Concurrent Mark Cycle
[198.633s][info][gc,marking  ] GC(365) Concurrent Scan Root Regions
[198.634s][info][gc,marking  ] GC(365) Concurrent Scan Root Regions 1.285ms
[198.634s][info][gc,marking  ] GC(365) Concurrent Mark
[198.634s][info][gc,marking  ] GC(365) Concurrent Mark From Roots
[198.634s][info][gc,task     ] GC(365) Using 1 workers of 1 for marking
[198.729s][info][gc,marking  ] GC(365) Concurrent Mark From Roots 95.219ms
[198.729s][info][gc,marking  ] GC(365) Concurrent Preclean
[198.729s][info][gc,marking  ] GC(365) Concurrent Preclean 0.059ms
[198.729s][info][gc,start    ] GC(365) Pause Remark
[198.750s][info][gc          ] GC(365) Pause Remark 168M->75M(256M) 20.688ms
[198.750s][info][gc,cpu      ] GC(365) User=0.04s Sys=0.00s Real=0.02s
[198.752s][info][gc,marking  ] GC(365) Concurrent Mark 117.794ms
[198.752s][info][gc,marking  ] GC(365) Concurrent Rebuild Remembered Sets and Scrub Regions
[198.775s][info][gc,marking  ] GC(365) Concurrent Rebuild Remembered Sets and Scrub Regions 23.134ms
[198.775s][info][gc,start    ] GC(365) Pause Cleanup
[198.775s][info][gc          ] GC(365) Pause Cleanup 76M->76M(256M) 0.046ms
[198.775s][info][gc,cpu      ] GC(365) User=0.00s Sys=0.00s Real=0.00s
[198.775s][info][gc,marking  ] GC(365) Concurrent Clear Claimed Marks
[198.775s][info][gc,marking  ] GC(365) Concurrent Clear Claimed Marks 0.063ms
[198.775s][info][gc,marking  ] GC(365) Concurrent Cleanup for Next Mark
[198.776s][info][gc,marking  ] GC(365) Concurrent Cleanup for Next Mark 0.926ms
[198.776s][info][gc          ] GC(365) Concurrent Mark Cycle 143.785ms
[199.318s][info][gc,start    ] GC(366) Pause Young (Prepare Mixed) (G1 Evacuation Pause)
[199.318s][info][gc,task     ] GC(366) Using 2 workers of 2 for evacuation
[199.324s][info][gc,phases   ] GC(366)   Pre Evacuate Collection Set: 0.24ms
[199.324s][info][gc,phases   ] GC(366)   Merge Heap Roots: 0.12ms
[199.324s][info][gc,phases   ] GC(366)   Evacuate Collection Set: 5.71ms
[199.324s][info][gc,phases   ] GC(366)   Post Evacuate Collection Set: 0.35ms
[199.324s][info][gc,phases   ] GC(366)   Other: 0.10ms
[199.324s][info][gc,heap     ] GC(366) Eden regions: 151->0(136)
[199.324s][info][gc,heap     ] GC(366) Survivor regions: 2->3(20)
[199.324s][info][gc,heap     ] GC(366) Old regions: 61->61
[199.324s][info][gc,heap     ] GC(366) Humongous regions: 3->1
[199.324s][info][gc,metaspace] GC(366) Metaspace: 42160K(42560K)->42160K(42560K) NonClass: 39354K(39616K)->39354K(39616K) Class: 2805K(2944K)->2805K(2944K)
[199.324s][info][gc          ] GC(366) Pause Young (Prepare Mixed) (G1 Evacuation Pause) 216M->64M(256M) 6.662ms
[199.324s][info][gc,cpu      ] GC(366) User=0.02s Sys=0.00s Real=0.00s
[199.740s][info][gc,start    ] GC(367) Pause Young (Mixed) (G1 Evacuation Pause)
[199.740s][info][gc,task     ] GC(367) Using 2 workers of 2 for evacuation
[199.750s][info][gc,phases   ] GC(367)   Pre Evacuate Collection Set: 0.16ms
[199.750s][info][gc,phases   ] GC(367)   Merge Heap Roots: 0.05ms
[199.750s][info][gc,phases   ] GC(367)   Evacuate Collection Set: 8.84ms
[199.750s][info][gc,phases   ] GC(367)   Post Evacuate Collection Set: 0.94ms
[199.750s][info][gc,phases   ] GC(367)   Other: 0.07ms
[199.750s][info][gc,heap     ] GC(367) Eden regions: 136->0(142)
[199.750s][info][gc,heap     ] GC(367) Survivor regions: 3->9(18)
[199.750s][info][gc,heap     ] GC(367) Old regions: 61->56
[199.750s][info][gc,heap     ] GC(367) Humongous regions: 1->1
[199.750s][info][gc,metaspace] GC(367) Metaspace: 42182K(42624K)->42182K(42624K) NonClass: 39377K(39680K)->39377K(39680K) Class: 2805K(2944K)->2805K(2944K)
[199.750s][info][gc          ] GC(367) Pause Young (Mixed) (G1 Evacuation Pause) 200M->64M(256M) 10.283ms
[199.750s][info][gc,cpu      ] GC(367) User=0.02s Sys=0.00s Real=0.01s
[200.381s][info][gc,start    ] GC(368) Pause Young (Concurrent Start) (G1 Evacuation Pause)
[200.381s][info][gc,task     ] GC(368) Using 2 workers of 2 for evacuation
[200.389s][info][gc,phases   ] GC(368)   Pre Evacuate Collection Set: 0.17ms
[200.389s][info][gc,phases   ] GC(368)   Merge Heap Roots: 0.06ms
[200.389s][info][gc,phases   ] GC(368)   Evacuate Collection Set: 7.45ms
[200.389s][info][gc,phases   ] GC(368)   Post Evacuate Collection Set: 0.38ms
[200.389s][info][gc,phases   ] GC(368)   Other: 0.08ms
[200.389s][info][gc,heap     ] GC(368) Eden regions: 142->0(143)
[200.389s][info][gc,heap     ] GC(368) Survivor regions: 9->10(19)
[200.389s][info][gc,heap     ] GC(368) Old regions: 56->56
[200.389s][info][gc,heap     ] GC(368) Humongous regions: 1->1
[200.389s][info][gc,metaspace] GC(368) Metaspace: 42182K(42624K)->42182K(42624K) NonClass: 39377K(39680K)->39377K(39680K) Class: 2805K(2944K)->2805K(2944K)
[200.389s][info][gc          ] GC(368) Pause Young (Concurrent Start) (G1 Evacuation Pause) 206M->65M(256M) 8.299ms
[200.389s][info][gc,cpu      ] GC(368) User=0.02s Sys=0.00s Real=0.01s
[200.389s][info][gc          ] GC(369) Concurrent Mark Cycle
[200.389s][info][gc,marking  ] GC(369) Concurrent Scan Root Regions
[200.394s][info][gc,marking  ] GC(369) Concurrent Scan Root Regions 5.065ms
[200.394s][info][gc,marking  ] GC(369) Concurrent Mark
[200.394s][info][gc,marking  ] GC(369) Concurrent Mark From Roots
[200.394s][info][gc,task     ] GC(369) Using 1 workers of 1 for marking
[200.419s][info][gc,marking  ] GC(369) Concurrent Mark From Roots 24.862ms
[200.419s][info][gc,marking  ] GC(369) Concurrent Preclean
[200.419s][info][gc,marking  ] GC(369) Concurrent Preclean 0.048ms
[200.419s][info][gc,start    ] GC(369) Pause Remark
[200.434s][info][gc          ] GC(369) Pause Remark 73M->59M(256M) 14.993ms
[200.434s][info][gc,cpu      ] GC(369) User=0.03s Sys=0.00s Real=0.01s
[200.434s][info][gc,marking  ] GC(369) Concurrent Mark 40.136ms
[200.435s][info][gc,marking  ] GC(369) Concurrent Rebuild Remembered Sets and Scrub Regions
[200.444s][info][gc,marking  ] GC(369) Concurrent Rebuild Remembered Sets and Scrub Regions 9.403ms
[200.444s][info][gc,start    ] GC(369) Pause Cleanup
[200.444s][info][gc          ] GC(369) Pause Cleanup 61M->61M(256M) 0.038ms
[200.444s][info][gc,cpu      ] GC(369) User=0.00s Sys=0.00s Real=0.00s
[200.444s][info][gc,marking  ] GC(369) Concurrent Clear Claimed Marks
[200.444s][info][gc,marking  ] GC(369) Concurrent Clear Claimed Marks 0.031ms
[200.444s][info][gc,marking  ] GC(369) Concurrent Cleanup for Next Mark
[200.445s][info][gc,marking  ] GC(369) Concurrent Cleanup for Next Mark 0.730ms
[200.445s][info][gc          ] GC(369) Concurrent Mark Cycle 55.711ms
[201.145s][info][gc,start    ] GC(370) Pause Young (Prepare Mixed) (G1 Evacuation Pause)
[201.145s][info][gc,task     ] GC(370) Using 2 workers of 2 for evacuation
[201.152s][info][gc,phases   ] GC(370)   Pre Evacuate Collection Set: 0.18ms
[201.152s][info][gc,phases   ] GC(370)   Merge Heap Roots: 0.06ms
[201.152s][info][gc,phases   ] GC(370)   Evacuate Collection Set: 6.47ms
[201.152s][info][gc,phases   ] GC(370)   Post Evacuate Collection Set: 0.36ms
[201.152s][info][gc,phases   ] GC(370)   Other: 0.08ms
[201.152s][info][gc,heap     ] GC(370) Eden regions: 143->0(144)
[201.152s][info][gc,heap     ] GC(370) Survivor regions: 10->9(20)
[201.152s][info][gc,heap     ] GC(370) Old regions: 42->42
[201.152s][info][gc,heap     ] GC(370) Humongous regions: 1->1
[201.152s][info][gc,metaspace] GC(370) Metaspace: 42182K(42624K)->42182K(42624K) NonClass: 39377K(39680K)->39377K(39680K) Class: 2805K(2944K)->2805K(2944K)
[201.152s][info][gc          ] GC(370) Pause Young (Prepare Mixed) (G1 Evacuation Pause) 195M->51M(256M) 7.332ms
[201.152s][info][gc,cpu      ] GC(370) User=0.01s Sys=0.00s Real=0.01s
[201.951s][info][gc,start    ] GC(371) Pause Young (Mixed) (G1 Evacuation Pause)
[201.951s][info][gc,task     ] GC(371) Using 2 workers of 2 for evacuation
[201.958s][info][gc,phases   ] GC(371)   Pre Evacuate Collection Set: 0.23ms
[201.958s][info][gc,phases   ] GC(371)   Merge Heap Roots: 0.09ms
[201.958s][info][gc,phases   ] GC(371)   Evacuate Collection Set: 6.15ms
[201.958s][info][gc,phases   ] GC(371)   Post Evacuate Collection Set: 0.41ms
[201.958s][info][gc,phases   ] GC(371)   Other: 0.06ms
[201.958s][info][gc,heap     ] GC(371) Eden regions: 144->0(145)
[201.958s][info][gc,heap     ] GC(371) Survivor regions: 9->8(20)
[201.958s][info][gc,heap     ] GC(371) Old regions: 42->28
[201.958s][info][gc,heap     ] GC(371) Humongous regions: 1->1
[201.958s][info][gc,metaspace] GC(371) Metaspace: 42189K(42624K)->42189K(42624K) NonClass: 39384K(39680K)->39384K(39680K) Class: 2805K(2944K)->2805K(2944K)
[201.958s][info][gc          ] GC(371) Pause Young (Mixed) (G1 Evacuation Pause) 195M->36M(256M) 7.104ms
[201.958s][info][gc,cpu      ] GC(371) User=0.02s Sys=0.00s Real=0.01s
[202.761s][info][gc,start    ] GC(372) Pause Young (Concurrent Start) (G1 Evacuation Pause)
[202.762s][info][gc,task     ] GC(372) Using 2 workers of 2 for evacuation
[202.767s][info][gc,phases   ] GC(372)   Pre Evacuate Collection Set: 0.17ms
[202.767s][info][gc,phases   ] GC(372)   Merge Heap Roots: 0.05ms
[202.767s][info][gc,phases   ] GC(372)   Evacuate Collection Set: 5.03ms
[202.767s][info][gc,phases   ] GC(372)   Post Evacuate Collection Set: 0.38ms
[202.767s][info][gc,phases   ] GC(372)   Other: 0.12ms
[202.767s][info][gc,heap     ] GC(372) Eden regions: 145->0(146)
[202.767s][info][gc,heap     ] GC(372) Survivor regions: 8->7(20)
[202.767s][info][gc,heap     ] GC(372) Old regions: 28->28
[202.767s][info][gc,heap     ] GC(372) Humongous regions: 1->1
[202.767s][info][gc,metaspace] GC(372) Metaspace: 42189K(42624K)->42189K(42624K) NonClass: 39384K(39680K)->39384K(39680K) Class: 2805K(2944K)->2805K(2944K)
[202.767s][info][gc          ] GC(372) Pause Young (Concurrent Start) (G1 Evacuation Pause) 181M->35M(256M) 5.912ms
[202.767s][info][gc          ] GC(373) Concurrent Mark Cycle
[202.767s][info][gc,marking  ] GC(373) Concurrent Scan Root Regions
[202.770s][info][gc,cpu      ] GC(372) User=0.01s Sys=0.00s Real=0.01s
[202.771s][info][gc,marking  ] GC(373) Concurrent Scan Root Regions 3.559ms
[202.771s][info][gc,marking  ] GC(373) Concurrent Mark
[202.771s][info][gc,marking  ] GC(373) Concurrent Mark From Roots
[202.771s][info][gc,task     ] GC(373) Using 1 workers of 1 for marking
[202.795s][info][gc,marking  ] GC(373) Concurrent Mark From Roots 24.323ms
[202.795s][info][gc,marking  ] GC(373) Concurrent Preclean
[202.795s][info][gc,marking  ] GC(373) Concurrent Preclean 0.031ms
[202.795s][info][gc,start    ] GC(373) Pause Remark
[202.811s][info][gc          ] GC(373) Pause Remark 40M->40M(256M) 15.106ms
[202.811s][info][gc,cpu      ] GC(373) User=0.03s Sys=0.00s Real=0.02s
[202.811s][info][gc,marking  ] GC(373) Concurrent Mark 39.602ms
[202.811s][info][gc,marking  ] GC(373) Concurrent Rebuild Remembered Sets and Scrub Regions
[202.820s][info][gc,marking  ] GC(373) Concurrent Rebuild Remembered Sets and Scrub Regions 9.289ms
[202.820s][info][gc,start    ] GC(373) Pause Cleanup
[202.820s][info][gc          ] GC(373) Pause Cleanup 42M->42M(256M) 0.032ms
[202.820s][info][gc,cpu      ] GC(373) User=0.00s Sys=0.00s Real=0.00s
[202.820s][info][gc,marking  ] GC(373) Concurrent Clear Claimed Marks
[202.820s][info][gc,marking  ] GC(373) Concurrent Clear Claimed Marks 0.032ms
[202.820s][info][gc,marking  ] GC(373) Concurrent Cleanup for Next Mark
[202.821s][info][gc,marking  ] GC(373) Concurrent Cleanup for Next Mark 0.767ms
[202.821s][info][gc          ] GC(373) Concurrent Mark Cycle 53.511ms
[203.576s][info][gc,start    ] GC(374) Pause Young (Prepare Mixed) (G1 Evacuation Pause)
[203.576s][info][gc,task     ] GC(374) Using 2 workers of 2 for evacuation
[203.582s][info][gc,phases   ] GC(374)   Pre Evacuate Collection Set: 0.14ms
[203.582s][info][gc,phases   ] GC(374)   Merge Heap Roots: 0.05ms
[203.582s][info][gc,phases   ] GC(374)   Evacuate Collection Set: 5.40ms
[203.582s][info][gc,phases   ] GC(374)   Post Evacuate Collection Set: 0.36ms
[203.582s][info][gc,phases   ] GC(374)   Other: 0.08ms
[203.582s][info][gc,heap     ] GC(374) Eden regions: 146->0(146)
[203.582s][info][gc,heap     ] GC(374) Survivor regions: 7->7(20)
[203.582s][info][gc,heap     ] GC(374) Old regions: 28->28
[203.582s][info][gc,heap     ] GC(374) Humongous regions: 2->1
[203.582s][info][gc,metaspace] GC(374) Metaspace: 42189K(42624K)->42189K(42624K) NonClass: 39384K(39680K)->39384K(39680K) Class: 2805K(2944K)->2805K(2944K)
[203.582s][info][gc          ] GC(374) Pause Young (Prepare Mixed) (G1 Evacuation Pause) 182M->35M(256M) 6.202ms
[203.582s][info][gc,cpu      ] GC(374) User=0.02s Sys=0.00s Real=0.01s
[204.379s][info][gc,start    ] GC(375) Pause Young (Mixed) (G1 Evacuation Pause)
[204.379s][info][gc,task     ] GC(375) Using 2 workers of 2 for evacuation
[204.388s][info][gc,phases   ] GC(375)   Pre Evacuate Collection Set: 0.16ms
[204.388s][info][gc,phases   ] GC(375)   Merge Heap Roots: 0.05ms
[204.388s][info][gc,phases   ] GC(375)   Evacuate Collection Set: 8.87ms
[204.388s][info][gc,phases   ] GC(375)   Post Evacuate Collection Set: 0.39ms
[204.388s][info][gc,phases   ] GC(375)   Other: 0.08ms
[204.388s][info][gc,heap     ] GC(375) Eden regions: 146->0(143)
[204.388s][info][gc,heap     ] GC(375) Survivor regions: 7->10(20)
[204.388s][info][gc,heap     ] GC(375) Old regions: 28->25
[204.388s][info][gc,heap     ] GC(375) Humongous regions: 1->1
[204.388s][info][gc,metaspace] GC(375) Metaspace: 42189K(42624K)->42189K(42624K) NonClass: 39384K(39680K)->39384K(39680K) Class: 2805K(2944K)->2805K(2944K)
[204.388s][info][gc          ] GC(375) Pause Young (Mixed) (G1 Evacuation Pause) 181M->35M(256M) 9.717ms
[204.388s][info][gc,cpu      ] GC(375) User=0.02s Sys=0.00s Real=0.01s
[204.725s][info][gc,start    ] GC(376) Pause Young (Concurrent Start) (G1 Humongous Allocation)
[204.725s][info][gc,task     ] GC(376) Using 2 workers of 2 for evacuation
[204.733s][info][gc,phases   ] GC(376)   Pre Evacuate Collection Set: 0.17ms
[204.733s][info][gc,phases   ] GC(376)   Merge Heap Roots: 0.04ms
[204.733s][info][gc,phases   ] GC(376)   Evacuate Collection Set: 7.22ms
[204.733s][info][gc,phases   ] GC(376)   Post Evacuate Collection Set: 0.44ms
[204.733s][info][gc,phases   ] GC(376)   Other: 0.10ms
[204.733s][info][gc,heap     ] GC(376) Eden regions: 70->0(146)
[204.733s][info][gc,heap     ] GC(376) Survivor regions: 10->7(20)
[204.733s][info][gc,heap     ] GC(376) Old regions: 25->25
[204.733s][info][gc,heap     ] GC(376) Humongous regions: 1->1
[204.733s][info][gc,metaspace] GC(376) Metaspace: 42189K(42624K)->42189K(42624K) NonClass: 39384K(39680K)->39384K(39680K) Class: 2805K(2944K)->2805K(2944K)
[204.733s][info][gc          ] GC(376) Pause Young (Concurrent Start) (G1 Humongous Allocation) 104M->32M(256M) 8.140ms
[204.733s][info][gc,cpu      ] GC(376) User=0.02s Sys=0.00s Real=0.01s
[204.733s][info][gc          ] GC(377) Concurrent Mark Cycle
[204.736s][info][gc,marking  ] GC(377) Concurrent Scan Root Regions
[204.741s][info][gc,marking  ] GC(377) Concurrent Scan Root Regions 5.126ms
[204.741s][info][gc,marking  ] GC(377) Concurrent Mark
[204.741s][info][gc,marking  ] GC(377) Concurrent Mark From Roots
[204.741s][info][gc,task     ] GC(377) Using 1 workers of 1 for marking
[204.766s][info][gc,marking  ] GC(377) Concurrent Mark From Roots 25.491ms
[204.766s][info][gc,marking  ] GC(377) Concurrent Preclean
[204.766s][info][gc,marking  ] GC(377) Concurrent Preclean 0.032ms
[204.767s][info][gc,start    ] GC(377) Pause Remark
[204.781s][info][gc          ] GC(377) Pause Remark 47M->47M(256M) 14.676ms
[204.781s][info][gc,cpu      ] GC(377) User=0.03s Sys=0.00s Real=0.02s
[204.781s][info][gc,marking  ] GC(377) Concurrent Mark 40.385ms
[204.781s][info][gc,marking  ] GC(377) Concurrent Rebuild Remembered Sets and Scrub Regions
[204.790s][info][gc,marking  ] GC(377) Concurrent Rebuild Remembered Sets and Scrub Regions 8.971ms
[204.790s][info][gc,start    ] GC(377) Pause Cleanup
[204.790s][info][gc          ] GC(377) Pause Cleanup 51M->51M(256M) 0.031ms
[204.790s][info][gc,cpu      ] GC(377) User=0.00s Sys=0.00s Real=0.00s
[204.790s][info][gc,marking  ] GC(377) Concurrent Clear Claimed Marks
[204.790s][info][gc,marking  ] GC(377) Concurrent Clear Claimed Marks 0.032ms
[204.790s][info][gc,marking  ] GC(377) Concurrent Cleanup for Next Mark
[204.791s][info][gc,marking  ] GC(377) Concurrent Cleanup for Next Mark 0.767ms
[204.791s][info][gc          ] GC(377) Concurrent Mark Cycle 57.965ms
[205.089s][info][gc,start    ] GC(378) Pause Young (Prepare Mixed) (G1 Evacuation Pause)
[205.089s][info][gc,task     ] GC(378) Using 2 workers of 2 for evacuation
[205.112s][info][gc,phases   ] GC(378)   Pre Evacuate Collection Set: 0.16ms
[205.112s][info][gc,phases   ] GC(378)   Merge Heap Roots: 0.07ms
[205.112s][info][gc,phases   ] GC(378)   Evacuate Collection Set: 22.38ms
[205.112s][info][gc,phases   ] GC(378)   Post Evacuate Collection Set: 0.48ms
[205.112s][info][gc,phases   ] GC(378)   Other: 0.09ms
[205.112s][info][gc,heap     ] GC(378) Eden regions: 146->0(133)
[205.112s][info][gc,heap     ] GC(378) Survivor regions: 7->20(20)
[205.112s][info][gc,heap     ] GC(378) Old regions: 25->29
[205.112s][info][gc,heap     ] GC(378) Humongous regions: 4->4
[205.112s][info][gc,metaspace] GC(378) Metaspace: 42189K(42624K)->42189K(42624K) NonClass: 39384K(39680K)->39384K(39680K) Class: 2805K(2944K)->2805K(2944K)
[205.112s][info][gc          ] GC(378) Pause Young (Prepare Mixed) (G1 Evacuation Pause) 181M->53M(256M) 23.403ms
[205.112s][info][gc,cpu      ] GC(378) User=0.05s Sys=0.00s Real=0.02s
[205.425s][info][gc,start    ] GC(379) Pause Young (Mixed) (G1 Evacuation Pause)
[205.425s][info][gc,task     ] GC(379) Using 2 workers of 2 for evacuation
[205.463s][info][gc,phases   ] GC(379)   Pre Evacuate Collection Set: 0.19ms
[205.463s][info][gc,phases   ] GC(379)   Merge Heap Roots: 0.16ms
[205.463s][info][gc,phases   ] GC(379)   Evacuate Collection Set: 37.25ms
[205.463s][info][gc,phases   ] GC(379)   Post Evacuate Collection Set: 0.44ms
[205.463s][info][gc,phases   ] GC(379)   Other: 0.08ms
[205.463s][info][gc,heap     ] GC(379) Eden regions: 133->0(136)
[205.463s][info][gc,heap     ] GC(379) Survivor regions: 20->17(20)
[205.463s][info][gc,heap     ] GC(379) Old regions: 29->48
[205.463s][info][gc,heap     ] GC(379) Humongous regions: 6->6
[205.463s][info][gc,metaspace] GC(379) Metaspace: 42189K(42624K)->42189K(42624K) NonClass: 39384K(39680K)->39384K(39680K) Class: 2805K(2944K)->2805K(2944K)
[205.463s][info][gc          ] GC(379) Pause Young (Mixed) (G1 Evacuation Pause) 188M->70M(256M) 38.323ms
[205.463s][info][gc,cpu      ] GC(379) User=0.07s Sys=0.01s Real=0.04s
[205.753s][info][gc,start    ] GC(380) Pause Young (Concurrent Start) (G1 Evacuation Pause)
[205.753s][info][gc,task     ] GC(380) Using 2 workers of 2 for evacuation
[205.787s][info][gc,phases   ] GC(380)   Pre Evacuate Collection Set: 0.15ms
[205.787s][info][gc,phases   ] GC(380)   Merge Heap Roots: 0.08ms
[205.787s][info][gc,phases   ] GC(380)   Evacuate Collection Set: 33.02ms
[205.787s][info][gc,phases   ] GC(380)   Post Evacuate Collection Set: 0.38ms
[205.787s][info][gc,phases   ] GC(380)   Other: 0.10ms
[205.787s][info][gc,heap     ] GC(380) Eden regions: 136->0(136)
[205.787s][info][gc,heap     ] GC(380) Survivor regions: 17->16(20)
[205.787s][info][gc,heap     ] GC(380) Old regions: 48->64
[205.787s][info][gc,heap     ] GC(380) Humongous regions: 6->6
[205.787s][info][gc,metaspace] GC(380) Metaspace: 42189K(42624K)->42189K(42624K) NonClass: 39384K(39680K)->39384K(39680K) Class: 2805K(2944K)->2805K(2944K)
[205.787s][info][gc          ] GC(380) Pause Young (Concurrent Start) (G1 Evacuation Pause) 206M->85M(256M) 33.963ms
[205.787s][info][gc,cpu      ] GC(380) User=0.07s Sys=0.00s Real=0.04s
[205.787s][info][gc          ] GC(381) Concurrent Mark Cycle
[205.787s][info][gc,marking  ] GC(381) Concurrent Scan Root Regions
[205.810s][info][gc,marking  ] GC(381) Concurrent Scan Root Regions 22.502ms
[205.810s][info][gc,marking  ] GC(381) Concurrent Mark
[205.810s][info][gc,marking  ] GC(381) Concurrent Mark From Roots
[205.810s][info][gc,task     ] GC(381) Using 1 workers of 1 for marking
[205.867s][info][gc,marking  ] GC(381) Concurrent Mark From Roots 57.853ms
[205.868s][info][gc,marking  ] GC(381) Concurrent Preclean
[205.868s][info][gc,marking  ] GC(381) Concurrent Preclean 0.038ms
[205.868s][info][gc,start    ] GC(381) Pause Remark
[205.883s][info][gc          ] GC(381) Pause Remark 121M->120M(256M) 14.914ms
[205.883s][info][gc,cpu      ] GC(381) User=0.03s Sys=0.00s Real=0.01s
[205.883s][info][gc,marking  ] GC(381) Concurrent Mark 73.178ms
[205.883s][info][gc,marking  ] GC(381) Concurrent Rebuild Remembered Sets and Scrub Regions
[205.918s][info][gc,marking  ] GC(381) Concurrent Rebuild Remembered Sets and Scrub Regions 35.603ms
[205.919s][info][gc,start    ] GC(381) Pause Cleanup
[205.919s][info][gc          ] GC(381) Pause Cleanup 139M->139M(256M) 0.039ms
[205.919s][info][gc,cpu      ] GC(381) User=0.00s Sys=0.00s Real=0.00s
[205.919s][info][gc,marking  ] GC(381) Concurrent Clear Claimed Marks
[205.919s][info][gc,marking  ] GC(381) Concurrent Clear Claimed Marks 0.034ms
[205.919s][info][gc,marking  ] GC(381) Concurrent Cleanup for Next Mark
[205.919s][info][gc,marking  ] GC(381) Concurrent Cleanup for Next Mark 0.745ms
[205.919s][info][gc          ] GC(381) Concurrent Mark Cycle 132.477ms
[206.150s][info][gc,start    ] GC(382) Pause Young (Prepare Mixed) (G1 Evacuation Pause)
[206.150s][info][gc,task     ] GC(382) Using 2 workers of 2 for evacuation
[206.187s][info][gc,phases   ] GC(382)   Pre Evacuate Collection Set: 0.17ms
[206.188s][info][gc,phases   ] GC(382)   Merge Heap Roots: 0.11ms
[206.188s][info][gc,phases   ] GC(382)   Evacuate Collection Set: 36.88ms
[206.188s][info][gc,phases   ] GC(382)   Post Evacuate Collection Set: 0.41ms
[206.188s][info][gc,phases   ] GC(382)   Other: 0.07ms
[206.188s][info][gc,heap     ] GC(382) Eden regions: 136->0(120)
[206.188s][info][gc,heap     ] GC(382) Survivor regions: 16->16(19)
[206.188s][info][gc,heap     ] GC(382) Old regions: 64->80
[206.188s][info][gc,heap     ] GC(382) Humongous regions: 9->9
[206.188s][info][gc,metaspace] GC(382) Metaspace: 42189K(42624K)->42189K(42624K) NonClass: 39384K(39680K)->39384K(39680K) Class: 2805K(2944K)->2805K(2944K)
[206.188s][info][gc          ] GC(382) Pause Young (Prepare Mixed) (G1 Evacuation Pause) 224M->104M(257M) 37.843ms
[206.188s][info][gc,cpu      ] GC(382) User=0.08s Sys=0.00s Real=0.04s
[206.458s][info][gc,start    ] GC(383) Pause Young (Mixed) (G1 Evacuation Pause)
[206.458s][info][gc,task     ] GC(383) Using 2 workers of 2 for evacuation
[206.496s][info][gc,phases   ] GC(383)   Pre Evacuate Collection Set: 0.15ms
[206.496s][info][gc,phases   ] GC(383)   Merge Heap Roots: 0.11ms
[206.496s][info][gc,phases   ] GC(383)   Evacuate Collection Set: 37.23ms
[206.496s][info][gc,phases   ] GC(383)   Post Evacuate Collection Set: 0.38ms
[206.496s][info][gc,phases   ] GC(383)   Other: 0.07ms
[206.496s][info][gc,heap     ] GC(383) Eden regions: 120->0(111)
[206.496s][info][gc,heap     ] GC(383) Survivor regions: 16->14(17)
[206.496s][info][gc,heap     ] GC(383) Old regions: 80->93
[206.496s][info][gc,heap     ] GC(383) Humongous regions: 9->9
[206.496s][info][gc,metaspace] GC(383) Metaspace: 42189K(42624K)->42189K(42624K) NonClass: 39384K(39680K)->39384K(39680K) Class: 2805K(2944K)->2805K(2944K)
[206.496s][info][gc          ] GC(383) Pause Young (Mixed) (G1 Evacuation Pause) 224M->116M(257M) 38.152ms
[206.496s][info][gc,cpu      ] GC(383) User=0.07s Sys=0.00s Real=0.03s
[206.718s][info][gc,start    ] GC(384) Pause Young (Concurrent Start) (G1 Humongous Allocation)
[206.718s][info][gc,task     ] GC(384) Using 2 workers of 2 for evacuation
[206.748s][info][gc,phases   ] GC(384)   Pre Evacuate Collection Set: 0.19ms
[206.748s][info][gc,phases   ] GC(384)   Merge Heap Roots: 0.08ms
[206.748s][info][gc,phases   ] GC(384)   Evacuate Collection Set: 28.49ms
[206.748s][info][gc,phases   ] GC(384)   Post Evacuate Collection Set: 1.25ms
[206.748s][info][gc,phases   ] GC(384)   Other: 0.11ms
[206.748s][info][gc,heap     ] GC(384) Eden regions: 42->0(191)
[206.748s][info][gc,heap     ] GC(384) Survivor regions: 14->15(16)
[206.748s][info][gc,heap     ] GC(384) Old regions: 93->107
[206.748s][info][gc,heap     ] GC(384) Humongous regions: 9->9
[206.748s][info][gc,metaspace] GC(384) Metaspace: 42189K(42624K)->42189K(42624K) NonClass: 39384K(39680K)->39384K(39680K) Class: 2805K(2944K)->2805K(2944K)
[206.748s][info][gc          ] GC(384) Pause Young (Concurrent Start) (G1 Humongous Allocation) 158M->130M(389M) 30.363ms
[206.748s][info][gc,cpu      ] GC(384) User=0.05s Sys=0.00s Real=0.03s
[206.748s][info][gc          ] GC(385) Concurrent Mark Cycle
[206.748s][info][gc,marking  ] GC(385) Concurrent Scan Root Regions
[206.786s][info][gc,marking  ] GC(385) Concurrent Scan Root Regions 38.310ms
[206.787s][info][gc,marking  ] GC(385) Concurrent Mark
[206.787s][info][gc,marking  ] GC(385) Concurrent Mark From Roots
[206.787s][info][gc,task     ] GC(385) Using 1 workers of 1 for marking
[206.906s][info][gc,marking  ] GC(385) Concurrent Mark From Roots 119.413ms
[206.906s][info][gc,marking  ] GC(385) Concurrent Preclean
[206.906s][info][gc,marking  ] GC(385) Concurrent Preclean 0.047ms
[206.906s][info][gc,start    ] GC(385) Pause Remark
[206.921s][info][gc          ] GC(385) Pause Remark 144M->142M(389M) 14.799ms
[206.921s][info][gc,cpu      ] GC(385) User=0.03s Sys=0.00s Real=0.02s
[206.921s][info][gc,marking  ] GC(385) Concurrent Mark 134.583ms
[206.921s][info][gc,marking  ] GC(385) Concurrent Rebuild Remembered Sets and Scrub Regions
[206.985s][info][gc,marking  ] GC(385) Concurrent Rebuild Remembered Sets and Scrub Regions 64.117ms
[206.985s][info][gc,start    ] GC(385) Pause Cleanup
[206.985s][info][gc          ] GC(385) Pause Cleanup 149M->149M(389M) 0.055ms
[206.985s][info][gc,cpu      ] GC(385) User=0.00s Sys=0.00s Real=0.00s
[206.985s][info][gc,marking  ] GC(385) Concurrent Clear Claimed Marks
[206.986s][info][gc,marking  ] GC(385) Concurrent Clear Claimed Marks 0.041ms
[206.986s][info][gc,marking  ] GC(385) Concurrent Cleanup for Next Mark
[206.988s][info][gc,marking  ] GC(385) Concurrent Cleanup for Next Mark 2.500ms
[206.988s][info][gc          ] GC(385) Concurrent Mark Cycle 239.928ms
[208.148s][info][gc,start    ] GC(386) Pause Young (Prepare Mixed) (G1 Evacuation Pause)
[208.149s][info][gc,task     ] GC(386) Using 2 workers of 2 for evacuation
[208.174s][info][gc,phases   ] GC(386)   Pre Evacuate Collection Set: 0.22ms
[208.174s][info][gc,phases   ] GC(386)   Merge Heap Roots: 0.19ms
[208.174s][info][gc,phases   ] GC(386)   Evacuate Collection Set: 24.21ms
[208.174s][info][gc,phases   ] GC(386)   Post Evacuate Collection Set: 0.45ms
[208.174s][info][gc,phases   ] GC(386)   Other: 0.09ms
[208.174s][info][gc,heap     ] GC(386) Eden regions: 191->0(188)
[208.174s][info][gc,heap     ] GC(386) Survivor regions: 15->15(26)
[208.174s][info][gc,heap     ] GC(386) Old regions: 107->111
[208.174s][info][gc,heap     ] GC(386) Humongous regions: 15->13
[208.174s][info][gc,metaspace] GC(386) Metaspace: 42189K(42624K)->42189K(42624K) NonClass: 39384K(39680K)->39384K(39680K) Class: 2805K(2944K)->2805K(2944K)
[208.174s][info][gc          ] GC(386) Pause Young (Prepare Mixed) (G1 Evacuation Pause) 327M->139M(389M) 25.346ms
[208.174s][info][gc,cpu      ] GC(386) User=0.05s Sys=0.00s Real=0.02s
[209.089s][info][gc,start    ] GC(387) Pause Young (Mixed) (G1 Evacuation Pause)
[209.089s][info][gc,task     ] GC(387) Using 2 workers of 2 for evacuation
[209.105s][info][gc,phases   ] GC(387)   Pre Evacuate Collection Set: 0.21ms
[209.105s][info][gc,phases   ] GC(387)   Merge Heap Roots: 0.10ms
[209.105s][info][gc,phases   ] GC(387)   Evacuate Collection Set: 15.81ms
[209.105s][info][gc,phases   ] GC(387)   Post Evacuate Collection Set: 0.47ms
[209.105s][info][gc,phases   ] GC(387)   Other: 0.07ms
[209.105s][info][gc,heap     ] GC(387) Eden regions: 188->0(197)
[209.105s][info][gc,heap     ] GC(387) Survivor regions: 15->5(26)
[209.105s][info][gc,heap     ] GC(387) Old regions: 111->118
[209.105s][info][gc,heap     ] GC(387) Humongous regions: 13->13
[209.105s][info][gc,metaspace] GC(387) Metaspace: 42189K(42624K)->42189K(42624K) NonClass: 39384K(39680K)->39384K(39680K) Class: 2805K(2944K)->2805K(2944K)
[209.106s][info][gc          ] GC(387) Pause Young (Mixed) (G1 Evacuation Pause) 327M->135M(389M) 16.878ms
[209.106s][info][gc,cpu      ] GC(387) User=0.03s Sys=0.00s Real=0.01s
[210.169s][info][gc,start    ] GC(388) Pause Young (Concurrent Start) (G1 Evacuation Pause)
[210.169s][info][gc,task     ] GC(388) Using 2 workers of 2 for evacuation
[210.194s][info][gc,phases   ] GC(388)   Pre Evacuate Collection Set: 0.23ms
[210.194s][info][gc,phases   ] GC(388)   Merge Heap Roots: 0.08ms
[210.194s][info][gc,phases   ] GC(388)   Evacuate Collection Set: 23.92ms
[210.194s][info][gc,phases   ] GC(388)   Post Evacuate Collection Set: 0.45ms
[210.194s][info][gc,phases   ] GC(388)   Other: 0.09ms
[210.194s][info][gc,heap     ] GC(388) Eden regions: 197->0(179)
[210.194s][info][gc,heap     ] GC(388) Survivor regions: 5->26(26)
[210.194s][info][gc,heap     ] GC(388) Old regions: 118->119
[210.194s][info][gc,heap     ] GC(388) Humongous regions: 13->13
[210.194s][info][gc,metaspace] GC(388) Metaspace: 42189K(42624K)->42189K(42624K) NonClass: 39384K(39680K)->39384K(39680K) Class: 2805K(2944K)->2805K(2944K)
[210.194s][info][gc          ] GC(388) Pause Young (Concurrent Start) (G1 Evacuation Pause) 332M->157M(389M) 24.949ms
[210.194s][info][gc,cpu      ] GC(388) User=0.05s Sys=0.00s Real=0.02s
[210.194s][info][gc          ] GC(389) Concurrent Mark Cycle
[210.194s][info][gc,marking  ] GC(389) Concurrent Scan Root Regions
[210.213s][info][gc,marking  ] GC(389) Concurrent Scan Root Regions 19.024ms
[210.213s][info][gc,marking  ] GC(389) Concurrent Mark
[210.213s][info][gc,marking  ] GC(389) Concurrent Mark From Roots
[210.213s][info][gc,task     ] GC(389) Using 1 workers of 1 for marking
[210.249s][info][gc,marking  ] GC(389) Concurrent Mark From Roots 35.266ms
[210.249s][info][gc,marking  ] GC(389) Concurrent Preclean
[210.249s][info][gc,marking  ] GC(389) Concurrent Preclean 0.036ms
[210.249s][info][gc,start    ] GC(389) Pause Remark
[210.264s][info][gc          ] GC(389) Pause Remark 168M->81M(256M) 14.867ms
[210.264s][info][gc,cpu      ] GC(389) User=0.03s Sys=0.00s Real=0.01s
[210.264s][info][gc,marking  ] GC(389) Concurrent Mark 50.437ms
[210.264s][info][gc,marking  ] GC(389) Concurrent Rebuild Remembered Sets and Scrub Regions
[210.277s][info][gc,marking  ] GC(389) Concurrent Rebuild Remembered Sets and Scrub Regions 12.753ms
[210.277s][info][gc,start    ] GC(389) Pause Cleanup
[210.277s][info][gc          ] GC(389) Pause Cleanup 83M->83M(256M) 0.046ms
[210.277s][info][gc,cpu      ] GC(389) User=0.00s Sys=0.00s Real=0.01s
[210.277s][info][gc,marking  ] GC(389) Concurrent Clear Claimed Marks
[210.277s][info][gc,marking  ] GC(389) Concurrent Clear Claimed Marks 0.033ms
[210.277s][info][gc,marking  ] GC(389) Concurrent Cleanup for Next Mark
[210.277s][info][gc,marking  ] GC(389) Concurrent Cleanup for Next Mark 0.725ms
[210.278s][info][gc          ] GC(389) Concurrent Mark Cycle 83.222ms
[210.904s][info][gc,start    ] GC(390) Pause Young (Prepare Mixed) (G1 Evacuation Pause)
[210.904s][info][gc,task     ] GC(390) Using 2 workers of 2 for evacuation
[210.920s][info][gc,phases   ] GC(390)   Pre Evacuate Collection Set: 0.26ms
[210.920s][info][gc,phases   ] GC(390)   Merge Heap Roots: 0.09ms
[210.920s][info][gc,phases   ] GC(390)   Evacuate Collection Set: 15.19ms
[210.920s][info][gc,phases   ] GC(390)   Post Evacuate Collection Set: 0.38ms
[210.920s][info][gc,phases   ] GC(390)   Other: 0.09ms
[210.920s][info][gc,heap     ] GC(390) Eden regions: 127->0(142)
[210.920s][info][gc,heap     ] GC(390) Survivor regions: 26->11(20)
[210.920s][info][gc,heap     ] GC(390) Old regions: 44->52
[210.920s][info][gc,heap     ] GC(390) Humongous regions: 1->1
[210.920s][info][gc,metaspace] GC(390) Metaspace: 42189K(42624K)->42189K(42624K) NonClass: 39384K(39680K)->39384K(39680K) Class: 2805K(2944K)->2805K(2944K)
[210.920s][info][gc          ] GC(390) Pause Young (Prepare Mixed) (G1 Evacuation Pause) 197M->62M(256M) 16.220ms
[210.920s][info][gc,cpu      ] GC(390) User=0.04s Sys=0.00s Real=0.02s
[211.677s][info][gc,start    ] GC(391) Pause Young (Mixed) (G1 Evacuation Pause)
[211.677s][info][gc,task     ] GC(391) Using 2 workers of 2 for evacuation
[211.699s][info][gc,phases   ] GC(391)   Pre Evacuate Collection Set: 0.21ms
[211.699s][info][gc,phases   ] GC(391)   Merge Heap Roots: 0.08ms
[211.699s][info][gc,phases   ] GC(391)   Evacuate Collection Set: 21.00ms
[211.699s][info][gc,phases   ] GC(391)   Post Evacuate Collection Set: 0.44ms
[211.699s][info][gc,phases   ] GC(391)   Other: 0.07ms
[211.699s][info][gc,heap     ] GC(391) Eden regions: 142->0(138)
[211.699s][info][gc,heap     ] GC(391) Survivor regions: 11->15(20)
[211.699s][info][gc,heap     ] GC(391) Old regions: 52->58
[211.699s][info][gc,heap     ] GC(391) Humongous regions: 2->2
[211.699s][info][gc,metaspace] GC(391) Metaspace: 42190K(42624K)->42190K(42624K) NonClass: 39385K(39680K)->39385K(39680K) Class: 2805K(2944K)->2805K(2944K)
[211.699s][info][gc          ] GC(391) Pause Young (Mixed) (G1 Evacuation Pause) 205M->74M(256M) 21.990ms
[211.699s][info][gc,cpu      ] GC(391) User=0.04s Sys=0.00s Real=0.02s
[212.441s][info][gc,start    ] GC(392) Pause Young (Concurrent Start) (G1 Evacuation Pause)
[212.441s][info][gc,task     ] GC(392) Using 2 workers of 2 for evacuation
[212.467s][info][gc,phases   ] GC(392)   Pre Evacuate Collection Set: 0.19ms
[212.467s][info][gc,phases   ] GC(392)   Merge Heap Roots: 0.08ms
[212.467s][info][gc,phases   ] GC(392)   Evacuate Collection Set: 24.54ms
[212.467s][info][gc,phases   ] GC(392)   Post Evacuate Collection Set: 0.41ms
[212.467s][info][gc,phases   ] GC(392)   Other: 0.10ms
[212.467s][info][gc,heap     ] GC(392) Eden regions: 138->0(130)
[212.467s][info][gc,heap     ] GC(392) Survivor regions: 15->15(20)
[212.467s][info][gc,heap     ] GC(392) Old regions: 58->73
[212.467s][info][gc,heap     ] GC(392) Humongous regions: 2->2
[212.467s][info][gc,metaspace] GC(392) Metaspace: 42190K(42624K)->42190K(42624K) NonClass: 39385K(39680K)->39385K(39680K) Class: 2805K(2944K)->2805K(2944K)
[212.467s][info][gc          ] GC(392) Pause Young (Concurrent Start) (G1 Evacuation Pause) 212M->88M(256M) 25.520ms
[212.467s][info][gc,cpu      ] GC(392) User=0.05s Sys=0.00s Real=0.03s
[212.467s][info][gc          ] GC(393) Concurrent Mark Cycle
[212.468s][info][gc,marking  ] GC(393) Concurrent Scan Root Regions
[212.507s][info][gc,marking  ] GC(393) Concurrent Scan Root Regions 39.242ms
[212.507s][info][gc,marking  ] GC(393) Concurrent Mark
[212.507s][info][gc,marking  ] GC(393) Concurrent Mark From Roots
[212.507s][info][gc,task     ] GC(393) Using 1 workers of 1 for marking
[212.580s][info][gc,marking  ] GC(393) Concurrent Mark From Roots 72.733ms
[212.580s][info][gc,marking  ] GC(393) Concurrent Preclean
[212.580s][info][gc,marking  ] GC(393) Concurrent Preclean 0.052ms
[212.580s][info][gc,start    ] GC(393) Pause Remark
[212.595s][info][gc          ] GC(393) Pause Remark 100M->93M(256M) 14.930ms
[212.595s][info][gc,cpu      ] GC(393) User=0.02s Sys=0.00s Real=0.01s
[212.595s][info][gc,marking  ] GC(393) Concurrent Mark 87.966ms
[212.595s][info][gc,marking  ] GC(393) Concurrent Rebuild Remembered Sets and Scrub Regions
[212.619s][info][gc,marking  ] GC(393) Concurrent Rebuild Remembered Sets and Scrub Regions 24.337ms
[212.619s][info][gc,start    ] GC(393) Pause Cleanup
[212.620s][info][gc          ] GC(393) Pause Cleanup 98M->98M(256M) 0.043ms
[212.620s][info][gc,cpu      ] GC(393) User=0.00s Sys=0.00s Real=0.00s
[212.620s][info][gc,marking  ] GC(393) Concurrent Clear Claimed Marks
[212.620s][info][gc,marking  ] GC(393) Concurrent Clear Claimed Marks 0.038ms
[212.620s][info][gc,marking  ] GC(393) Concurrent Cleanup for Next Mark
[212.620s][info][gc,marking  ] GC(393) Concurrent Cleanup for Next Mark 0.757ms
[212.620s][info][gc          ] GC(393) Concurrent Mark Cycle 153.481ms
[213.057s][info][gc,start    ] GC(394) Pause Young (Prepare Mixed) (G1 Evacuation Pause)
[213.057s][info][gc,task     ] GC(394) Using 2 workers of 2 for evacuation
[213.077s][info][gc,phases   ] GC(394)   Pre Evacuate Collection Set: 0.19ms
[213.077s][info][gc,phases   ] GC(394)   Merge Heap Roots: 0.09ms
[213.077s][info][gc,phases   ] GC(394)   Evacuate Collection Set: 19.87ms
[213.077s][info][gc,phases   ] GC(394)   Post Evacuate Collection Set: 0.40ms
[213.077s][info][gc,phases   ] GC(394)   Other: 0.08ms
[213.077s][info][gc,heap     ] GC(394) Eden regions: 130->0(121)
[213.077s][info][gc,heap     ] GC(394) Survivor regions: 15->19(19)
[213.077s][info][gc,heap     ] GC(394) Old regions: 66->72
[213.077s][info][gc,heap     ] GC(394) Humongous regions: 6->4
[213.077s][info][gc,metaspace] GC(394) Metaspace: 42193K(42624K)->42193K(42624K) NonClass: 39388K(39680K)->39388K(39680K) Class: 2805K(2944K)->2805K(2944K)
[213.077s][info][gc          ] GC(394) Pause Young (Prepare Mixed) (G1 Evacuation Pause) 215M->93M(256M) 20.785ms
[213.078s][info][gc,cpu      ] GC(394) User=0.04s Sys=0.00s Real=0.02s
[213.529s][info][gc,start    ] GC(395) Pause Young (Mixed) (G1 Evacuation Pause)
[213.529s][info][gc,task     ] GC(395) Using 2 workers of 2 for evacuation
[213.542s][info][gc,phases   ] GC(395)   Pre Evacuate Collection Set: 0.18ms
[213.542s][info][gc,phases   ] GC(395)   Merge Heap Roots: 0.17ms
[213.542s][info][gc,phases   ] GC(395)   Evacuate Collection Set: 11.72ms
[213.542s][info][gc,phases   ] GC(395)   Post Evacuate Collection Set: 0.45ms
[213.542s][info][gc,phases   ] GC(395)   Other: 0.07ms
[213.542s][info][gc,heap     ] GC(395) Eden regions: 121->0(139)
[213.542s][info][gc,heap     ] GC(395) Survivor regions: 19->4(18)
[213.542s][info][gc,heap     ] GC(395) Old regions: 72->70
[213.542s][info][gc,heap     ] GC(395) Humongous regions: 20->4
[213.542s][info][gc,metaspace] GC(395) Metaspace: 42198K(42624K)->42198K(42624K) NonClass: 39393K(39680K)->39393K(39680K) Class: 2805K(2944K)->2805K(2944K)
[213.542s][info][gc          ] GC(395) Pause Young (Mixed) (G1 Evacuation Pause) 230M->76M(256M) 12.773ms
[213.542s][info][gc,cpu      ] GC(395) User=0.03s Sys=0.00s Real=0.01s
[213.616s][info][gc,start    ] GC(396) Pause Young (Concurrent Start) (G1 Humongous Allocation)
[213.616s][info][gc,task     ] GC(396) Using 2 workers of 2 for evacuation
[213.623s][info][gc,phases   ] GC(396)   Pre Evacuate Collection Set: 0.17ms
[213.623s][info][gc,phases   ] GC(396)   Merge Heap Roots: 0.04ms
[213.623s][info][gc,phases   ] GC(396)   Evacuate Collection Set: 6.37ms
[213.623s][info][gc,phases   ] GC(396)   Post Evacuate Collection Set: 0.30ms
[213.623s][info][gc,phases   ] GC(396)   Other: 0.09ms
[213.623s][info][gc,heap     ] GC(396) Eden regions: 14->0(107)
[213.623s][info][gc,heap     ] GC(396) Survivor regions: 4->8(18)
[213.623s][info][gc,heap     ] GC(396) Old regions: 70->70
[213.623s][info][gc,heap     ] GC(396) Humongous regions: 4->4
[213.623s][info][gc,metaspace] GC(396) Metaspace: 42198K(42624K)->42198K(42624K) NonClass: 39393K(39680K)->39393K(39680K) Class: 2805K(2944K)->2805K(2944K)
[213.623s][info][gc          ] GC(396) Pause Young (Concurrent Start) (G1 Humongous Allocation) 89M->80M(256M) 7.147ms
[213.623s][info][gc          ] GC(397) Concurrent Mark Cycle
[213.623s][info][gc,marking  ] GC(397) Concurrent Scan Root Regions
[213.625s][info][gc,cpu      ] GC(396) User=0.02s Sys=0.00s Real=0.01s
[213.628s][info][gc,marking  ] GC(397) Concurrent Scan Root Regions 4.867ms
[213.628s][info][gc,marking  ] GC(397) Concurrent Mark
[213.628s][info][gc,marking  ] GC(397) Concurrent Mark From Roots
[213.628s][info][gc,task     ] GC(397) Using 1 workers of 1 for marking
[213.693s][info][gc,marking  ] GC(397) Concurrent Mark From Roots 64.587ms
[213.693s][info][gc,marking  ] GC(397) Concurrent Preclean
[213.693s][info][gc,marking  ] GC(397) Concurrent Preclean 0.039ms
[213.693s][info][gc,start    ] GC(397) Pause Remark
[213.712s][info][gc          ] GC(397) Pause Remark 93M->81M(256M) 19.480ms
[213.712s][info][gc,cpu      ] GC(397) User=0.04s Sys=0.00s Real=0.02s
[213.714s][info][gc,marking  ] GC(397) Concurrent Mark 85.823ms
[213.714s][info][gc,marking  ] GC(397) Concurrent Rebuild Remembered Sets and Scrub Regions
[213.731s][info][gc,marking  ] GC(397) Concurrent Rebuild Remembered Sets and Scrub Regions 17.069ms
[213.733s][info][gc,start    ] GC(397) Pause Cleanup
[213.733s][info][gc          ] GC(397) Pause Cleanup 82M->82M(256M) 0.053ms
[213.733s][info][gc,cpu      ] GC(397) User=0.00s Sys=0.00s Real=0.00s
[213.733s][info][gc,marking  ] GC(397) Concurrent Clear Claimed Marks
[213.733s][info][gc,marking  ] GC(397) Concurrent Clear Claimed Marks 0.039ms
[213.733s][info][gc,marking  ] GC(397) Concurrent Cleanup for Next Mark
[213.734s][info][gc,marking  ] GC(397) Concurrent Cleanup for Next Mark 0.773ms
[213.734s][info][gc          ] GC(397) Concurrent Mark Cycle 110.904ms
[214.137s][info][gc,start    ] GC(398) Pause Young (Prepare Mixed) (G1 Evacuation Pause)
[214.137s][info][gc,task     ] GC(398) Using 2 workers of 2 for evacuation
[214.140s][info][gc,phases   ] GC(398)   Pre Evacuate Collection Set: 0.20ms
[214.140s][info][gc,phases   ] GC(398)   Merge Heap Roots: 0.07ms
[214.140s][info][gc,phases   ] GC(398)   Evacuate Collection Set: 1.92ms
[214.140s][info][gc,phases   ] GC(398)   Post Evacuate Collection Set: 0.35ms
[214.140s][info][gc,phases   ] GC(398)   Other: 0.09ms
[214.140s][info][gc,heap     ] GC(398) Eden regions: 107->0(129)
[214.140s][info][gc,heap     ] GC(398) Survivor regions: 8->3(15)
[214.140s][info][gc,heap     ] GC(398) Old regions: 58->58
[214.140s][info][gc,heap     ] GC(398) Humongous regions: 7->3
[214.140s][info][gc,metaspace] GC(398) Metaspace: 42198K(42624K)->42198K(42624K) NonClass: 39393K(39680K)->39393K(39680K) Class: 2805K(2944K)->2805K(2944K)
[214.140s][info][gc          ] GC(398) Pause Young (Prepare Mixed) (G1 Evacuation Pause) 179M->63M(256M) 2.807ms
[214.140s][info][gc,cpu      ] GC(398) User=0.00s Sys=0.00s Real=0.00s
[214.778s][info][gc,start    ] GC(399) Pause Young (Mixed) (G1 Evacuation Pause)
[214.778s][info][gc,task     ] GC(399) Using 2 workers of 2 for evacuation
[214.781s][info][gc,phases   ] GC(399)   Pre Evacuate Collection Set: 0.16ms
[214.781s][info][gc,phases   ] GC(399)   Merge Heap Roots: 0.06ms
[214.781s][info][gc,phases   ] GC(399)   Evacuate Collection Set: 2.65ms
[214.781s][info][gc,phases   ] GC(399)   Post Evacuate Collection Set: 0.40ms
[214.781s][info][gc,phases   ] GC(399)   Other: 0.09ms
[214.781s][info][gc,heap     ] GC(399) Eden regions: 129->0(149)
[214.781s][info][gc,heap     ] GC(399) Survivor regions: 3->3(17)
[214.781s][info][gc,heap     ] GC(399) Old regions: 58->42
[214.781s][info][gc,heap     ] GC(399) Humongous regions: 9->3
[214.781s][info][gc,metaspace] GC(399) Metaspace: 42198K(42624K)->42198K(42624K) NonClass: 39393K(39680K)->39393K(39680K) Class: 2805K(2944K)->2805K(2944K)
[214.781s][info][gc          ] GC(399) Pause Young (Mixed) (G1 Evacuation Pause) 198M->47M(256M) 3.520ms
[214.781s][info][gc,cpu      ] GC(399) User=0.01s Sys=0.00s Real=0.00s
[214.826s][info][gc,start    ] GC(400) Pause Young (Concurrent Start) (G1 Humongous Allocation)
[214.826s][info][gc,task     ] GC(400) Using 2 workers of 2 for evacuation
[214.837s][info][gc,phases   ] GC(400)   Pre Evacuate Collection Set: 0.18ms
[214.837s][info][gc,phases   ] GC(400)   Merge Heap Roots: 0.04ms
[214.837s][info][gc,phases   ] GC(400)   Evacuate Collection Set: 10.17ms
[214.837s][info][gc,phases   ] GC(400)   Post Evacuate Collection Set: 0.30ms
[214.837s][info][gc,phases   ] GC(400)   Other: 0.09ms
[214.837s][info][gc,heap     ] GC(400) Eden regions: 14->0(150)
[214.837s][info][gc,heap     ] GC(400) Survivor regions: 3->3(19)
[214.837s][info][gc,heap     ] GC(400) Old regions: 42->42
[214.837s][info][gc,heap     ] GC(400) Humongous regions: 3->1
[214.837s][info][gc,metaspace] GC(400) Metaspace: 42198K(42624K)->42198K(42624K) NonClass: 39393K(39680K)->39393K(39680K) Class: 2805K(2944K)->2805K(2944K)
[214.837s][info][gc          ] GC(400) Pause Young (Concurrent Start) (G1 Humongous Allocation) 61M->45M(256M) 10.965ms
[214.837s][info][gc,cpu      ] GC(400) User=0.02s Sys=0.00s Real=0.02s
[214.837s][info][gc          ] GC(401) Concurrent Mark Cycle
[214.837s][info][gc,marking  ] GC(401) Concurrent Scan Root Regions
[214.848s][info][gc,marking  ] GC(401) Concurrent Scan Root Regions 10.929ms
[214.848s][info][gc,marking  ] GC(401) Concurrent Mark
[214.848s][info][gc,marking  ] GC(401) Concurrent Mark From Roots
[214.848s][info][gc,task     ] GC(401) Using 1 workers of 1 for marking
[214.920s][info][gc,marking  ] GC(401) Concurrent Mark From Roots 72.599ms
[214.920s][info][gc,marking  ] GC(401) Concurrent Preclean
[214.920s][info][gc,marking  ] GC(401) Concurrent Preclean 0.034ms
[214.921s][info][gc,start    ] GC(401) Pause Remark
[214.936s][info][gc          ] GC(401) Pause Remark 57M->57M(256M) 15.716ms
[214.936s][info][gc,cpu      ] GC(401) User=0.03s Sys=0.00s Real=0.01s
[214.936s][info][gc,marking  ] GC(401) Concurrent Mark 88.600ms
[214.936s][info][gc,marking  ] GC(401) Concurrent Rebuild Remembered Sets and Scrub Regions
[214.957s][info][gc,marking  ] GC(401) Concurrent Rebuild Remembered Sets and Scrub Regions 20.264ms
[214.957s][info][gc,start    ] GC(401) Pause Cleanup
[214.957s][info][gc          ] GC(401) Pause Cleanup 62M->62M(256M) 0.051ms
[214.957s][info][gc,cpu      ] GC(401) User=0.00s Sys=0.00s Real=0.01s
[214.957s][info][gc,marking  ] GC(401) Concurrent Clear Claimed Marks
[214.957s][info][gc,marking  ] GC(401) Concurrent Clear Claimed Marks 0.033ms
[214.957s][info][gc,marking  ] GC(401) Concurrent Cleanup for Next Mark
[214.958s][info][gc,marking  ] GC(401) Concurrent Cleanup for Next Mark 1.124ms
[214.958s][info][gc          ] GC(401) Concurrent Mark Cycle 121.177ms
[215.488s][info][gc,start    ] GC(402) Pause Young (Prepare Mixed) (G1 Evacuation Pause)
[215.488s][info][gc,task     ] GC(402) Using 2 workers of 2 for evacuation
[215.509s][info][gc,phases   ] GC(402)   Pre Evacuate Collection Set: 0.15ms
[215.509s][info][gc,phases   ] GC(402)   Merge Heap Roots: 0.06ms
[215.509s][info][gc,phases   ] GC(402)   Evacuate Collection Set: 19.88ms
[215.509s][info][gc,phases   ] GC(402)   Post Evacuate Collection Set: 0.42ms
[215.509s][info][gc,phases   ] GC(402)   Other: 0.07ms
[215.509s][info][gc,heap     ] GC(402) Eden regions: 150->0(133)
[215.509s][info][gc,heap     ] GC(402) Survivor regions: 3->20(20)
[215.509s][info][gc,heap     ] GC(402) Old regions: 42->43
[215.509s][info][gc,heap     ] GC(402) Humongous regions: 3->3
[215.509s][info][gc,metaspace] GC(402) Metaspace: 42199K(42624K)->42199K(42624K) NonClass: 39394K(39680K)->39394K(39680K) Class: 2805K(2944K)->2805K(2944K)
[215.509s][info][gc          ] GC(402) Pause Young (Prepare Mixed) (G1 Evacuation Pause) 197M->65M(256M) 20.746ms
[215.509s][info][gc,cpu      ] GC(402) User=0.04s Sys=0.00s Real=0.02s
[215.955s][info][gc,start    ] GC(403) Pause Young (Mixed) (G1 Evacuation Pause)
[215.955s][info][gc,task     ] GC(403) Using 2 workers of 2 for evacuation
[215.977s][info][gc,phases   ] GC(403)   Pre Evacuate Collection Set: 0.16ms
[215.977s][info][gc,phases   ] GC(403)   Merge Heap Roots: 0.08ms
[215.977s][info][gc,phases   ] GC(403)   Evacuate Collection Set: 21.05ms
[215.977s][info][gc,phases   ] GC(403)   Post Evacuate Collection Set: 0.49ms
[215.977s][info][gc,phases   ] GC(403)   Other: 0.07ms
[215.977s][info][gc,heap     ] GC(403) Eden regions: 133->0(145)
[215.977s][info][gc,heap     ] GC(403) Survivor regions: 20->8(20)
[215.977s][info][gc,heap     ] GC(403) Old regions: 43->53
[215.977s][info][gc,heap     ] GC(403) Humongous regions: 13->3
[215.977s][info][gc,metaspace] GC(403) Metaspace: 42208K(42624K)->42208K(42624K) NonClass: 39403K(39680K)->39403K(39680K) Class: 2805K(2944K)->2805K(2944K)
[215.977s][info][gc          ] GC(403) Pause Young (Mixed) (G1 Evacuation Pause) 208M->64M(256M) 22.019ms
[215.977s][info][gc,cpu      ] GC(403) User=0.04s Sys=0.00s Real=0.03s
[215.985s][info][gc,start    ] GC(404) Pause Young (Concurrent Start) (G1 Humongous Allocation)
[215.985s][info][gc,task     ] GC(404) Using 2 workers of 2 for evacuation
[215.991s][info][gc,phases   ] GC(404)   Pre Evacuate Collection Set: 0.15ms
[215.991s][info][gc,phases   ] GC(404)   Merge Heap Roots: 0.06ms
[215.991s][info][gc,phases   ] GC(404)   Evacuate Collection Set: 5.00ms
[215.991s][info][gc,phases   ] GC(404)   Post Evacuate Collection Set: 0.27ms
[215.991s][info][gc,phases   ] GC(404)   Other: 0.06ms
[215.991s][info][gc,heap     ] GC(404) Eden regions: 2->0(148)
[215.991s][info][gc,heap     ] GC(404) Survivor regions: 8->5(20)
[215.991s][info][gc,heap     ] GC(404) Old regions: 53->53
[215.991s][info][gc,heap     ] GC(404) Humongous regions: 3->1
[215.991s][info][gc,metaspace] GC(404) Metaspace: 42208K(42624K)->42208K(42624K) NonClass: 39403K(39680K)->39403K(39680K) Class: 2805K(2944K)->2805K(2944K)
[215.991s][info][gc          ] GC(404) Pause Young (Concurrent Start) (G1 Humongous Allocation) 66M->59M(256M) 5.684ms
[215.991s][info][gc,cpu      ] GC(404) User=0.01s Sys=0.00s Real=0.01s
[215.991s][info][gc          ] GC(405) Concurrent Mark Cycle
[215.991s][info][gc,marking  ] GC(405) Concurrent Scan Root Regions
[215.998s][info][gc,marking  ] GC(405) Concurrent Scan Root Regions 7.240ms
[215.998s][info][gc,marking  ] GC(405) Concurrent Mark
[215.998s][info][gc,marking  ] GC(405) Concurrent Mark From Roots
[215.998s][info][gc,task     ] GC(405) Using 1 workers of 1 for marking
[216.062s][info][gc,marking  ] GC(405) Concurrent Mark From Roots 64.053ms
[216.062s][info][gc,marking  ] GC(405) Concurrent Preclean
[216.062s][info][gc,marking  ] GC(405) Concurrent Preclean 0.034ms
[216.062s][info][gc,start    ] GC(405) Pause Remark
[216.078s][info][gc          ] GC(405) Pause Remark 79M->79M(256M) 15.193ms
[216.078s][info][gc,cpu      ] GC(405) User=0.03s Sys=0.00s Real=0.02s
[216.078s][info][gc,marking  ] GC(405) Concurrent Mark 79.547ms
[216.078s][info][gc,marking  ] GC(405) Concurrent Rebuild Remembered Sets and Scrub Regions
[216.105s][info][gc,marking  ] GC(405) Concurrent Rebuild Remembered Sets and Scrub Regions 27.555ms
[216.105s][info][gc,start    ] GC(405) Pause Cleanup
[216.105s][info][gc          ] GC(405) Pause Cleanup 87M->87M(256M) 0.042ms
[216.105s][info][gc,cpu      ] GC(405) User=0.00s Sys=0.00s Real=0.00s
[216.105s][info][gc,marking  ] GC(405) Concurrent Clear Claimed Marks
[216.106s][info][gc,marking  ] GC(405) Concurrent Clear Claimed Marks 0.037ms
[216.106s][info][gc,marking  ] GC(405) Concurrent Cleanup for Next Mark
[216.106s][info][gc,marking  ] GC(405) Concurrent Cleanup for Next Mark 0.776ms
[216.106s][info][gc          ] GC(405) Concurrent Mark Cycle 115.547ms
[216.506s][info][gc,start    ] GC(406) Pause Young (Prepare Mixed) (G1 Evacuation Pause)
[216.506s][info][gc,task     ] GC(406) Using 2 workers of 2 for evacuation
[216.516s][info][gc,phases   ] GC(406)   Pre Evacuate Collection Set: 0.16ms
[216.516s][info][gc,phases   ] GC(406)   Merge Heap Roots: 0.11ms
[216.516s][info][gc,phases   ] GC(406)   Evacuate Collection Set: 9.92ms
[216.516s][info][gc,phases   ] GC(406)   Post Evacuate Collection Set: 0.40ms
[216.517s][info][gc,phases   ] GC(406)   Other: 0.08ms
[216.517s][info][gc,heap     ] GC(406) Eden regions: 148->0(141)
[216.517s][info][gc,heap     ] GC(406) Survivor regions: 5->12(20)
[216.517s][info][gc,heap     ] GC(406) Old regions: 53->53
[216.517s][info][gc,heap     ] GC(406) Humongous regions: 15->3
[216.517s][info][gc,metaspace] GC(406) Metaspace: 42209K(42624K)->42209K(42624K) NonClass: 39404K(39680K)->39404K(39680K) Class: 2805K(2944K)->2805K(2944K)
[216.517s][info][gc          ] GC(406) Pause Young (Prepare Mixed) (G1 Evacuation Pause) 221M->67M(256M) 10.815ms
[216.517s][info][gc,cpu      ] GC(406) User=0.02s Sys=0.00s Real=0.01s
[217.052s][info][gc,start    ] GC(407) Pause Young (Mixed) (G1 Evacuation Pause)
[217.052s][info][gc,task     ] GC(407) Using 2 workers of 2 for evacuation
[217.085s][info][gc,phases   ] GC(407)   Pre Evacuate Collection Set: 0.20ms
[217.085s][info][gc,phases   ] GC(407)   Merge Heap Roots: 0.15ms
[217.085s][info][gc,phases   ] GC(407)   Evacuate Collection Set: 31.46ms
[217.085s][info][gc,phases   ] GC(407)   Post Evacuate Collection Set: 0.63ms
[217.085s][info][gc,phases   ] GC(407)   Other: 0.10ms
[217.085s][info][gc,heap     ] GC(407) Eden regions: 141->0(145)
[217.085s][info][gc,heap     ] GC(407) Survivor regions: 12->8(20)
[217.085s][info][gc,heap     ] GC(407) Old regions: 53->56
[217.085s][info][gc,heap     ] GC(407) Humongous regions: 13->3
[217.085s][info][gc,metaspace] GC(407) Metaspace: 42210K(42624K)->42210K(42624K) NonClass: 39405K(39680K)->39405K(39680K) Class: 2805K(2944K)->2805K(2944K)
[217.085s][info][gc          ] GC(407) Pause Young (Mixed) (G1 Evacuation Pause) 218M->66M(256M) 32.707ms
[217.085s][info][gc,cpu      ] GC(407) User=0.03s Sys=0.00s Real=0.03s
[217.200s][info][gc,start    ] GC(408) Pause Young (Concurrent Start) (G1 Humongous Allocation)
[217.200s][info][gc,task     ] GC(408) Using 2 workers of 2 for evacuation
[217.203s][info][gc,phases   ] GC(408)   Pre Evacuate Collection Set: 0.20ms
[217.203s][info][gc,phases   ] GC(408)   Merge Heap Roots: 0.04ms
[217.203s][info][gc,phases   ] GC(408)   Evacuate Collection Set: 2.09ms
[217.203s][info][gc,phases   ] GC(408)   Post Evacuate Collection Set: 0.49ms
[217.203s][info][gc,phases   ] GC(408)   Other: 0.10ms
[217.203s][info][gc,heap     ] GC(408) Eden regions: 26->0(170)
[217.203s][info][gc,heap     ] GC(408) Survivor regions: 8->3(20)
[217.203s][info][gc,heap     ] GC(408) Old regions: 56->56
[217.203s][info][gc,heap     ] GC(408) Humongous regions: 3->1
[217.203s][info][gc,metaspace] GC(408) Metaspace: 42210K(42624K)->42210K(42624K) NonClass: 39405K(39680K)->39405K(39680K) Class: 2805K(2944K)->2805K(2944K)
[217.203s][info][gc          ] GC(408) Pause Young (Concurrent Start) (G1 Humongous Allocation) 91M->59M(289M) 3.075ms
[217.204s][info][gc,cpu      ] GC(408) User=0.01s Sys=0.00s Real=0.00s
[217.204s][info][gc          ] GC(409) Concurrent Mark Cycle
[217.204s][info][gc,marking  ] GC(409) Concurrent Scan Root Regions
[217.207s][info][gc,marking  ] GC(409) Concurrent Scan Root Regions 3.434ms
[217.207s][info][gc,marking  ] GC(409) Concurrent Mark
[217.207s][info][gc,marking  ] GC(409) Concurrent Mark From Roots
[217.207s][info][gc,task     ] GC(409) Using 1 workers of 1 for marking
[217.254s][info][gc,marking  ] GC(409) Concurrent Mark From Roots 47.197ms
[217.254s][info][gc,marking  ] GC(409) Concurrent Preclean
[217.254s][info][gc,marking  ] GC(409) Concurrent Preclean 0.037ms
[217.254s][info][gc,start    ] GC(409) Pause Remark
[217.269s][info][gc          ] GC(409) Pause Remark 71M->67M(256M) 14.484ms
[217.269s][info][gc,cpu      ] GC(409) User=0.02s Sys=0.00s Real=0.02s
[217.269s][info][gc,marking  ] GC(409) Concurrent Mark 61.899ms
[217.269s][info][gc,marking  ] GC(409) Concurrent Rebuild Remembered Sets and Scrub Regions
[217.290s][info][gc,marking  ] GC(409) Concurrent Rebuild Remembered Sets and Scrub Regions 21.392ms
[217.290s][info][gc,start    ] GC(409) Pause Cleanup
[217.291s][info][gc          ] GC(409) Pause Cleanup 74M->74M(256M) 0.043ms
[217.291s][info][gc,cpu      ] GC(409) User=0.00s Sys=0.00s Real=0.00s
[217.291s][info][gc,marking  ] GC(409) Concurrent Clear Claimed Marks
[217.291s][info][gc,marking  ] GC(409) Concurrent Clear Claimed Marks 0.034ms
[217.291s][info][gc,marking  ] GC(409) Concurrent Cleanup for Next Mark
[217.291s][info][gc,marking  ] GC(409) Concurrent Cleanup for Next Mark 0.778ms
[217.291s][info][gc          ] GC(409) Concurrent Mark Cycle 87.875ms
[217.749s][info][gc,start    ] GC(410) Pause Young (Prepare Mixed) (G1 Evacuation Pause)
[217.749s][info][gc,task     ] GC(410) Using 2 workers of 2 for evacuation
[217.772s][info][gc,phases   ] GC(410)   Pre Evacuate Collection Set: 0.16ms
[217.772s][info][gc,phases   ] GC(410)   Merge Heap Roots: 0.06ms
[217.772s][info][gc,phases   ] GC(410)   Evacuate Collection Set: 21.66ms
[217.772s][info][gc,phases   ] GC(410)   Post Evacuate Collection Set: 0.52ms
[217.772s][info][gc,phases   ] GC(410)   Other: 0.08ms
[217.772s][info][gc,heap     ] GC(410) Eden regions: 150->0(133)
[217.772s][info][gc,heap     ] GC(410) Survivor regions: 3->20(20)
[217.772s][info][gc,heap     ] GC(410) Old regions: 52->58
[217.772s][info][gc,heap     ] GC(410) Humongous regions: 5->3
[217.772s][info][gc,metaspace] GC(410) Metaspace: 42210K(42624K)->42210K(42624K) NonClass: 39405K(39680K)->39405K(39680K) Class: 2805K(2944K)->2805K(2944K)
[217.772s][info][gc          ] GC(410) Pause Young (Prepare Mixed) (G1 Evacuation Pause) 209M->80M(256M) 22.682ms
[217.772s][info][gc,cpu      ] GC(410) User=0.04s Sys=0.00s Real=0.02s
[218.360s][info][gc,start    ] GC(411) Pause Young (Mixed) (G1 Evacuation Pause)
[218.360s][info][gc,task     ] GC(411) Using 2 workers of 2 for evacuation
[218.392s][info][gc,phases   ] GC(411)   Pre Evacuate Collection Set: 0.21ms
[218.392s][info][gc,phases   ] GC(411)   Merge Heap Roots: 0.13ms
[218.392s][info][gc,phases   ] GC(411)   Evacuate Collection Set: 30.59ms
[218.392s][info][gc,phases   ] GC(411)   Post Evacuate Collection Set: 0.40ms
[218.392s][info][gc,phases   ] GC(411)   Other: 0.07ms
[218.392s][info][gc,heap     ] GC(411) Eden regions: 133->0(123)
[218.392s][info][gc,heap     ] GC(411) Survivor regions: 20->20(20)
[218.392s][info][gc,heap     ] GC(411) Old regions: 58->64
[218.392s][info][gc,heap     ] GC(411) Humongous regions: 3->3
[218.392s][info][gc,metaspace] GC(411) Metaspace: 42211K(42624K)->42211K(42624K) NonClass: 39406K(39680K)->39406K(39680K) Class: 2805K(2944K)->2805K(2944K)
[218.392s][info][gc          ] GC(411) Pause Young (Mixed) (G1 Evacuation Pause) 213M->86M(256M) 31.571ms
[218.392s][info][gc,cpu      ] GC(411) User=0.06s Sys=0.00s Real=0.03s
[218.563s][info][gc,start    ] GC(412) Pause Young (Concurrent Start) (G1 Humongous Allocation)
[218.563s][info][gc,task     ] GC(412) Using 2 workers of 2 for evacuation
[218.594s][info][gc,phases   ] GC(412)   Pre Evacuate Collection Set: 0.16ms
[218.594s][info][gc,phases   ] GC(412)   Merge Heap Roots: 0.12ms
[218.594s][info][gc,phases   ] GC(412)   Evacuate Collection Set: 30.61ms
[218.594s][info][gc,phases   ] GC(412)   Post Evacuate Collection Set: 0.31ms
[218.594s][info][gc,phases   ] GC(412)   Other: 0.08ms
[218.594s][info][gc,heap     ] GC(412) Eden regions: 46->0(108)
[218.594s][info][gc,heap     ] GC(412) Survivor regions: 20->13(18)
[218.594s][info][gc,heap     ] GC(412) Old regions: 64->83
[218.594s][info][gc,heap     ] GC(412) Humongous regions: 3->1
[218.594s][info][gc,metaspace] GC(412) Metaspace: 42212K(42624K)->42212K(42624K) NonClass: 39407K(39680K)->39407K(39680K) Class: 2805K(2944K)->2805K(2944K)
[218.594s][info][gc          ] GC(412) Pause Young (Concurrent Start) (G1 Humongous Allocation) 131M->96M(256M) 31.435ms
[218.594s][info][gc,cpu      ] GC(412) User=0.07s Sys=0.00s Real=0.03s
[218.594s][info][gc          ] GC(413) Concurrent Mark Cycle
[218.594s][info][gc,marking  ] GC(413) Concurrent Scan Root Regions
[218.628s][info][gc,marking  ] GC(413) Concurrent Scan Root Regions 33.085ms
[218.628s][info][gc,marking  ] GC(413) Concurrent Mark
[218.628s][info][gc,marking  ] GC(413) Concurrent Mark From Roots
[218.628s][info][gc,task     ] GC(413) Using 1 workers of 1 for marking
[218.696s][info][gc,marking  ] GC(413) Concurrent Mark From Roots 68.699ms
[218.696s][info][gc,marking  ] GC(413) Concurrent Preclean
[218.696s][info][gc,marking  ] GC(413) Concurrent Preclean 0.035ms
[218.696s][info][gc,start    ] GC(413) Pause Remark
[218.712s][info][gc          ] GC(413) Pause Remark 130M->130M(256M) 15.129ms
[218.712s][info][gc,cpu      ] GC(413) User=0.03s Sys=0.00s Real=0.02s
[218.712s][info][gc,marking  ] GC(413) Concurrent Mark 84.116ms
[218.712s][info][gc,marking  ] GC(413) Concurrent Rebuild Remembered Sets and Scrub Regions
[218.753s][info][gc,marking  ] GC(413) Concurrent Rebuild Remembered Sets and Scrub Regions 41.129ms
[218.753s][info][gc,start    ] GC(413) Pause Cleanup
[218.753s][info][gc          ] GC(413) Pause Cleanup 139M->139M(256M) 0.059ms
[218.753s][info][gc,cpu      ] GC(413) User=0.00s Sys=0.00s Real=0.00s
[218.753s][info][gc,marking  ] GC(413) Concurrent Clear Claimed Marks
[218.753s][info][gc,marking  ] GC(413) Concurrent Clear Claimed Marks 0.036ms
[218.753s][info][gc,marking  ] GC(413) Concurrent Cleanup for Next Mark
[218.754s][info][gc,marking  ] GC(413) Concurrent Cleanup for Next Mark 0.759ms
[218.754s][info][gc          ] GC(413) Concurrent Mark Cycle 159.449ms
[218.981s][info][gc,start    ] GC(414) Pause Young (Prepare Mixed) (G1 Evacuation Pause)
[218.981s][info][gc,task     ] GC(414) Using 2 workers of 2 for evacuation
[219.000s][info][gc,phases   ] GC(414)   Pre Evacuate Collection Set: 0.17ms
[219.000s][info][gc,phases   ] GC(414)   Merge Heap Roots: 0.12ms
[219.000s][info][gc,phases   ] GC(414)   Evacuate Collection Set: 18.81ms
[219.000s][info][gc,phases   ] GC(414)   Post Evacuate Collection Set: 0.39ms
[219.000s][info][gc,phases   ] GC(414)   Other: 0.07ms
[219.000s][info][gc,heap     ] GC(414) Eden regions: 108->0(103)
[219.000s][info][gc,heap     ] GC(414) Survivor regions: 13->10(16)
[219.000s][info][gc,heap     ] GC(414) Old regions: 83->95
[219.000s][info][gc,heap     ] GC(414) Humongous regions: 5->3
[219.000s][info][gc,metaspace] GC(414) Metaspace: 42212K(42624K)->42212K(42624K) NonClass: 39407K(39680K)->39407K(39680K) Class: 2805K(2944K)->2805K(2944K)
[219.000s][info][gc          ] GC(414) Pause Young (Prepare Mixed) (G1 Evacuation Pause) 208M->107M(256M) 19.709ms
[219.000s][info][gc,cpu      ] GC(414) User=0.04s Sys=0.00s Real=0.02s
[219.356s][info][gc,start    ] GC(415) Pause Young (Mixed) (G1 Evacuation Pause)
[219.357s][info][gc,task     ] GC(415) Using 2 workers of 2 for evacuation
[219.380s][info][gc,phases   ] GC(415)   Pre Evacuate Collection Set: 0.20ms
[219.380s][info][gc,phases   ] GC(415)   Merge Heap Roots: 0.13ms
[219.380s][info][gc,phases   ] GC(415)   Evacuate Collection Set: 22.11ms
[219.380s][info][gc,phases   ] GC(415)   Post Evacuate Collection Set: 0.66ms
[219.380s][info][gc,phases   ] GC(415)   Other: 0.10ms
[219.380s][info][gc,heap     ] GC(415) Eden regions: 103->0(115)
[219.380s][info][gc,heap     ] GC(415) Survivor regions: 10->4(15)
[219.380s][info][gc,heap     ] GC(415) Old regions: 95->92
[219.380s][info][gc,heap     ] GC(415) Humongous regions: 9->3
[219.380s][info][gc,metaspace] GC(415) Metaspace: 42212K(42624K)->42212K(42624K) NonClass: 39407K(39680K)->39407K(39680K) Class: 2805K(2944K)->2805K(2944K)
[219.380s][info][gc          ] GC(415) Pause Young (Mixed) (G1 Evacuation Pause) 216M->98M(256M) 24.234ms
[219.380s][info][gc,cpu      ] GC(415) User=0.02s Sys=0.00s Real=0.03s
[219.396s][info][gc,start    ] GC(416) Pause Young (Concurrent Start) (G1 Humongous Allocation)
[219.396s][info][gc,task     ] GC(416) Using 2 workers of 2 for evacuation
[219.398s][info][gc,phases   ] GC(416)   Pre Evacuate Collection Set: 0.20ms
[219.398s][info][gc,phases   ] GC(416)   Merge Heap Roots: 0.04ms
[219.398s][info][gc,phases   ] GC(416)   Evacuate Collection Set: 1.28ms
[219.398s][info][gc,phases   ] GC(416)   Post Evacuate Collection Set: 0.63ms
[219.398s][info][gc,phases   ] GC(416)   Other: 0.12ms
[219.398s][info][gc,heap     ] GC(416) Eden regions: 3->0(155)
[219.398s][info][gc,heap     ] GC(416) Survivor regions: 4->2(15)
[219.398s][info][gc,heap     ] GC(416) Old regions: 92->92
[219.398s][info][gc,heap     ] GC(416) Humongous regions: 3->1
[219.398s][info][gc,metaspace] GC(416) Metaspace: 42212K(42624K)->42212K(42624K) NonClass: 39407K(39680K)->39407K(39680K) Class: 2805K(2944K)->2805K(2944K)
[219.398s][info][gc          ] GC(416) Pause Young (Concurrent Start) (G1 Humongous Allocation) 101M->94M(292M) 2.417ms
[219.398s][info][gc,cpu      ] GC(416) User=0.01s Sys=0.00s Real=0.01s
[219.406s][info][gc          ] GC(417) Concurrent Mark Cycle
[219.406s][info][gc,marking  ] GC(417) Concurrent Scan Root Regions
[219.415s][info][gc,marking  ] GC(417) Concurrent Scan Root Regions 9.204ms
[219.415s][info][gc,marking  ] GC(417) Concurrent Mark
[219.415s][info][gc,marking  ] GC(417) Concurrent Mark From Roots
[219.415s][info][gc,task     ] GC(417) Using 1 workers of 1 for marking
[219.480s][info][gc,marking  ] GC(417) Concurrent Mark From Roots 64.774ms
[219.480s][info][gc,marking  ] GC(417) Concurrent Preclean
[219.480s][info][gc,marking  ] GC(417) Concurrent Preclean 0.035ms
[219.480s][info][gc,start    ] GC(417) Pause Remark
[219.497s][info][gc          ] GC(417) Pause Remark 111M->97M(277M) 17.233ms
[219.498s][info][gc,cpu      ] GC(417) User=0.03s Sys=0.00s Real=0.02s
[219.498s][info][gc,marking  ] GC(417) Concurrent Mark 82.390ms
[219.498s][info][gc,marking  ] GC(417) Concurrent Rebuild Remembered Sets and Scrub Regions
[219.522s][info][gc,marking  ] GC(417) Concurrent Rebuild Remembered Sets and Scrub Regions 24.454ms
[219.522s][info][gc,start    ] GC(417) Pause Cleanup
[219.522s][info][gc          ] GC(417) Pause Cleanup 101M->101M(277M) 0.062ms
[219.522s][info][gc,cpu      ] GC(417) User=0.00s Sys=0.00s Real=0.00s
[219.522s][info][gc,marking  ] GC(417) Concurrent Clear Claimed Marks
[219.522s][info][gc,marking  ] GC(417) Concurrent Clear Claimed Marks 0.039ms
[219.522s][info][gc,marking  ] GC(417) Concurrent Cleanup for Next Mark
[219.524s][info][gc,marking  ] GC(417) Concurrent Cleanup for Next Mark 1.114ms
[219.524s][info][gc          ] GC(417) Concurrent Mark Cycle 117.593ms
[219.998s][info][gc,start    ] GC(418) Pause Young (Prepare Mixed) (G1 Evacuation Pause)
[219.998s][info][gc,task     ] GC(418) Using 2 workers of 2 for evacuation
[220.010s][info][gc,phases   ] GC(418)   Pre Evacuate Collection Set: 0.17ms
[220.010s][info][gc,phases   ] GC(418)   Merge Heap Roots: 0.06ms
[220.010s][info][gc,phases   ] GC(418)   Evacuate Collection Set: 11.13ms
[220.010s][info][gc,phases   ] GC(418)   Post Evacuate Collection Set: 0.38ms
[220.010s][info][gc,phases   ] GC(418)   Other: 0.07ms
[220.010s][info][gc,heap     ] GC(418) Eden regions: 155->0(142)
[220.010s][info][gc,heap     ] GC(418) Survivor regions: 2->13(20)
[220.010s][info][gc,heap     ] GC(418) Old regions: 78->78
[220.010s][info][gc,heap     ] GC(418) Humongous regions: 7->3
[220.010s][info][gc,metaspace] GC(418) Metaspace: 42212K(42624K)->42212K(42624K) NonClass: 39407K(39680K)->39407K(39680K) Class: 2805K(2944K)->2805K(2944K)
[220.010s][info][gc          ] GC(418) Pause Young (Prepare Mixed) (G1 Evacuation Pause) 241M->93M(277M) 11.964ms
[220.010s][info][gc,cpu      ] GC(418) User=0.02s Sys=0.00s Real=0.01s
[220.634s][info][gc,start    ] GC(419) Pause Young (Mixed) (G1 Evacuation Pause)
[220.634s][info][gc,task     ] GC(419) Using 2 workers of 2 for evacuation
[220.641s][info][gc,phases   ] GC(419)   Pre Evacuate Collection Set: 0.16ms
[220.641s][info][gc,phases   ] GC(419)   Merge Heap Roots: 0.08ms
[220.641s][info][gc,phases   ] GC(419)   Evacuate Collection Set: 5.55ms
[220.641s][info][gc,phases   ] GC(419)   Post Evacuate Collection Set: 0.40ms
[220.641s][info][gc,phases   ] GC(419)   Other: 0.07ms
[220.641s][info][gc,heap     ] GC(419) Eden regions: 142->0(161)
[220.641s][info][gc,heap     ] GC(419) Survivor regions: 13->5(20)
[220.641s][info][gc,heap     ] GC(419) Old regions: 78->52
[220.641s][info][gc,heap     ] GC(419) Humongous regions: 7->3
[220.641s][info][gc,metaspace] GC(419) Metaspace: 42212K(42624K)->42212K(42624K) NonClass: 39407K(39680K)->39407K(39680K) Class: 2805K(2944K)->2805K(2944K)
[220.641s][info][gc          ] GC(419) Pause Young (Mixed) (G1 Evacuation Pause) 239M->58M(277M) 6.418ms
[220.641s][info][gc,cpu      ] GC(419) User=0.01s Sys=0.00s Real=0.01s
[220.660s][info][gc,start    ] GC(420) Pause Young (Concurrent Start) (G1 Humongous Allocation)
[220.660s][info][gc,task     ] GC(420) Using 2 workers of 2 for evacuation
[220.662s][info][gc,phases   ] GC(420)   Pre Evacuate Collection Set: 0.15ms
[220.662s][info][gc,phases   ] GC(420)   Merge Heap Roots: 0.03ms
[220.662s][info][gc,phases   ] GC(420)   Evacuate Collection Set: 1.31ms
[220.662s][info][gc,phases   ] GC(420)   Post Evacuate Collection Set: 0.23ms
[220.662s][info][gc,phases   ] GC(420)   Other: 0.09ms
[220.662s][info][gc,heap     ] GC(420) Eden regions: 6->0(164)
[220.662s][info][gc,heap     ] GC(420) Survivor regions: 5->2(21)
[220.662s][info][gc,heap     ] GC(420) Old regions: 52->52
[220.662s][info][gc,heap     ] GC(420) Humongous regions: 3->1
[220.662s][info][gc,metaspace] GC(420) Metaspace: 42212K(42624K)->42212K(42624K) NonClass: 39407K(39680K)->39407K(39680K) Class: 2805K(2944K)->2805K(2944K)
[220.662s][info][gc          ] GC(420) Pause Young (Concurrent Start) (G1 Humongous Allocation) 64M->53M(277M) 1.971ms
[220.662s][info][gc,cpu      ] GC(420) User=0.01s Sys=0.00s Real=0.00s
[220.662s][info][gc          ] GC(421) Concurrent Mark Cycle
[220.662s][info][gc,marking  ] GC(421) Concurrent Scan Root Regions
[220.664s][info][gc,marking  ] GC(421) Concurrent Scan Root Regions 1.406ms
[220.664s][info][gc,marking  ] GC(421) Concurrent Mark
[220.664s][info][gc,marking  ] GC(421) Concurrent Mark From Roots
[220.664s][info][gc,task     ] GC(421) Using 1 workers of 1 for marking
[220.720s][info][gc,marking  ] GC(421) Concurrent Mark From Roots 56.350ms
[220.720s][info][gc,marking  ] GC(421) Concurrent Preclean
[220.720s][info][gc,marking  ] GC(421) Concurrent Preclean 0.034ms
[220.720s][info][gc,start    ] GC(421) Pause Remark
[220.735s][info][gc          ] GC(421) Pause Remark 70M->70M(256M) 14.697ms
[220.735s][info][gc,cpu      ] GC(421) User=0.03s Sys=0.00s Real=0.01s
[220.735s][info][gc,marking  ] GC(421) Concurrent Mark 71.395ms
[220.735s][info][gc,marking  ] GC(421) Concurrent Rebuild Remembered Sets and Scrub Regions
[220.756s][info][gc,marking  ] GC(421) Concurrent Rebuild Remembered Sets and Scrub Regions 20.586ms
[220.756s][info][gc,start    ] GC(421) Pause Cleanup
[220.756s][info][gc          ] GC(421) Pause Cleanup 75M->75M(256M) 0.043ms
[220.756s][info][gc,cpu      ] GC(421) User=0.00s Sys=0.00s Real=0.00s
[220.756s][info][gc,marking  ] GC(421) Concurrent Clear Claimed Marks
[220.756s][info][gc,marking  ] GC(421) Concurrent Clear Claimed Marks 0.035ms
[220.756s][info][gc,marking  ] GC(421) Concurrent Cleanup for Next Mark
[220.757s][info][gc,marking  ] GC(421) Concurrent Cleanup for Next Mark 0.748ms
[220.757s][info][gc          ] GC(421) Concurrent Mark Cycle 94.460ms
[221.168s][info][gc,start    ] GC(422) Pause Young (Prepare Mixed) (G1 Evacuation Pause)
[221.168s][info][gc,task     ] GC(422) Using 2 workers of 2 for evacuation
[221.179s][info][gc,phases   ] GC(422)   Pre Evacuate Collection Set: 0.18ms
[221.179s][info][gc,phases   ] GC(422)   Merge Heap Roots: 0.06ms
[221.179s][info][gc,phases   ] GC(422)   Evacuate Collection Set: 9.95ms
[221.179s][info][gc,phases   ] GC(422)   Post Evacuate Collection Set: 0.43ms
[221.179s][info][gc,phases   ] GC(422)   Other: 0.07ms
[221.179s][info][gc,heap     ] GC(422) Eden regions: 151->0(142)
[221.179s][info][gc,heap     ] GC(422) Survivor regions: 2->11(20)
[221.179s][info][gc,heap     ] GC(422) Old regions: 52->52
[221.179s][info][gc,heap     ] GC(422) Humongous regions: 7->3
[221.179s][info][gc,metaspace] GC(422) Metaspace: 42212K(42624K)->42212K(42624K) NonClass: 39407K(39680K)->39407K(39680K) Class: 2805K(2944K)->2805K(2944K)
[221.179s][info][gc          ] GC(422) Pause Young (Prepare Mixed) (G1 Evacuation Pause) 210M->65M(256M) 10.856ms
[221.179s][info][gc,cpu      ] GC(422) User=0.02s Sys=0.00s Real=0.01s
[221.735s][info][gc,start    ] GC(423) Pause Young (Mixed) (G1 Evacuation Pause)
[221.735s][info][gc,task     ] GC(423) Using 2 workers of 2 for evacuation
[221.750s][info][gc,phases   ] GC(423)   Pre Evacuate Collection Set: 0.17ms
[221.750s][info][gc,phases   ] GC(423)   Merge Heap Roots: 0.06ms
[221.750s][info][gc,phases   ] GC(423)   Evacuate Collection Set: 13.89ms
[221.750s][info][gc,phases   ] GC(423)   Post Evacuate Collection Set: 0.50ms
[221.750s][info][gc,phases   ] GC(423)   Other: 0.09ms
[221.750s][info][gc,heap     ] GC(423) Eden regions: 142->0(140)
[221.750s][info][gc,heap     ] GC(423) Survivor regions: 11->13(20)
[221.750s][info][gc,heap     ] GC(423) Old regions: 52->49
[221.750s][info][gc,heap     ] GC(423) Humongous regions: 5->3
[221.750s][info][gc,metaspace] GC(423) Metaspace: 42212K(42624K)->42212K(42624K) NonClass: 39407K(39680K)->39407K(39680K) Class: 2805K(2944K)->2805K(2944K)
[221.750s][info][gc          ] GC(423) Pause Young (Mixed) (G1 Evacuation Pause) 209M->64M(256M) 14.900ms
[221.750s][info][gc,cpu      ] GC(423) User=0.03s Sys=0.00s Real=0.02s
[221.781s][info][gc,start    ] GC(424) Pause Young (Concurrent Start) (G1 Humongous Allocation)
[221.781s][info][gc,task     ] GC(424) Using 2 workers of 2 for evacuation
[221.785s][info][gc,phases   ] GC(424)   Pre Evacuate Collection Set: 0.15ms
[221.845s][info][gc,phases   ] GC(424)   Merge Heap Roots: 0.03ms
[221.845s][info][gc,phases   ] GC(424)   Evacuate Collection Set: 2.67ms
[221.845s][info][gc,phases   ] GC(424)   Post Evacuate Collection Set: 0.35ms
[221.845s][info][gc,phases   ] GC(424)   Other: 0.10ms
[221.845s][info][gc,heap     ] GC(424) Eden regions: 7->0(152)
[221.845s][info][gc,heap     ] GC(424) Survivor regions: 13->1(20)
[221.845s][info][gc,heap     ] GC(424) Old regions: 49->51
[221.845s][info][gc,heap     ] GC(424) Humongous regions: 3->1
[221.845s][info][gc,metaspace] GC(424) Metaspace: 42212K(42624K)->42212K(42624K) NonClass: 39407K(39680K)->39407K(39680K) Class: 2805K(2944K)->2805K(2944K)
[221.845s][info][gc          ] GC(424) Pause Young (Concurrent Start) (G1 Humongous Allocation) 71M->52M(256M) 64.263ms
[221.846s][info][gc,cpu      ] GC(424) User=0.01s Sys=0.00s Real=0.06s
[221.846s][info][gc          ] GC(425) Concurrent Mark Cycle
[221.846s][info][gc,marking  ] GC(425) Concurrent Scan Root Regions
[221.848s][info][gc,marking  ] GC(425) Concurrent Scan Root Regions 2.432ms
[221.848s][info][gc,marking  ] GC(425) Concurrent Mark
[221.848s][info][gc,marking  ] GC(425) Concurrent Mark From Roots
[221.848s][info][gc,task     ] GC(425) Using 1 workers of 1 for marking
[221.907s][info][gc,marking  ] GC(425) Concurrent Mark From Roots 58.829ms
[221.907s][info][gc,marking  ] GC(425) Concurrent Preclean
[221.907s][info][gc,marking  ] GC(425) Concurrent Preclean 0.032ms
[221.907s][info][gc,start    ] GC(425) Pause Remark
[221.922s][info][gc          ] GC(425) Pause Remark 71M->71M(256M) 14.779ms
[221.922s][info][gc,cpu      ] GC(425) User=0.03s Sys=0.00s Real=0.01s
[221.922s][info][gc,marking  ] GC(425) Concurrent Mark 73.897ms
[221.922s][info][gc,marking  ] GC(425) Concurrent Rebuild Remembered Sets and Scrub Regions
[221.944s][info][gc,marking  ] GC(425) Concurrent Rebuild Remembered Sets and Scrub Regions 22.359ms
[221.945s][info][gc,start    ] GC(425) Pause Cleanup
[221.945s][info][gc          ] GC(425) Pause Cleanup 75M->75M(256M) 0.044ms
[221.945s][info][gc,cpu      ] GC(425) User=0.00s Sys=0.00s Real=0.00s
[221.947s][info][gc,marking  ] GC(425) Concurrent Clear Claimed Marks
[221.947s][info][gc,marking  ] GC(425) Concurrent Clear Claimed Marks 0.036ms
[221.947s][info][gc,marking  ] GC(425) Concurrent Cleanup for Next Mark
[221.947s][info][gc,marking  ] GC(425) Concurrent Cleanup for Next Mark 0.761ms
[221.948s][info][gc          ] GC(425) Concurrent Mark Cycle 101.995ms
[222.334s][info][gc,start    ] GC(426) Pause Young (Prepare Mixed) (G1 Evacuation Pause)
[222.334s][info][gc,task     ] GC(426) Using 2 workers of 2 for evacuation
[222.354s][info][gc,phases   ] GC(426)   Pre Evacuate Collection Set: 0.15ms
[222.354s][info][gc,phases   ] GC(426)   Merge Heap Roots: 0.07ms
[222.354s][info][gc,phases   ] GC(426)   Evacuate Collection Set: 19.35ms
[222.354s][info][gc,phases   ] GC(426)   Post Evacuate Collection Set: 0.42ms
[222.354s][info][gc,phases   ] GC(426)   Other: 0.08ms
[222.354s][info][gc,heap     ] GC(426) Eden regions: 152->0(131)
[222.354s][info][gc,heap     ] GC(426) Survivor regions: 1->20(20)
[222.354s][info][gc,heap     ] GC(426) Old regions: 51->57
[222.354s][info][gc,heap     ] GC(426) Humongous regions: 7->3
[222.354s][info][gc,metaspace] GC(426) Metaspace: 42212K(42624K)->42212K(42624K) NonClass: 39407K(39680K)->39407K(39680K) Class: 2805K(2944K)->2805K(2944K)
[222.354s][info][gc          ] GC(426) Pause Young (Prepare Mixed) (G1 Evacuation Pause) 210M->79M(256M) 20.243ms
[222.354s][info][gc,cpu      ] GC(426) User=0.04s Sys=0.00s Real=0.02s
[222.784s][info][gc,start    ] GC(427) Pause Young (Mixed) (G1 Evacuation Pause)
[222.784s][info][gc,task     ] GC(427) Using 2 workers of 2 for evacuation
[222.862s][info][gc,phases   ] GC(427)   Pre Evacuate Collection Set: 0.20ms
[222.862s][info][gc,phases   ] GC(427)   Merge Heap Roots: 0.19ms
[222.862s][info][gc,phases   ] GC(427)   Evacuate Collection Set: 77.60ms
[222.862s][info][gc,phases   ] GC(427)   Post Evacuate Collection Set: 0.61ms
[222.862s][info][gc,phases   ] GC(427)   Other: 0.08ms
[222.862s][info][gc,heap     ] GC(427) Eden regions: 131->0(112)
[222.862s][info][gc,heap     ] GC(427) Survivor regions: 20->19(19)
[222.862s][info][gc,heap     ] GC(427) Old regions: 57->72
[222.862s][info][gc,heap     ] GC(427) Humongous regions: 3->3
[222.862s][info][gc,metaspace] GC(427) Metaspace: 42212K(42624K)->42212K(42624K) NonClass: 39407K(39680K)->39407K(39680K) Class: 2805K(2944K)->2805K(2944K)
[222.863s][info][gc          ] GC(427) Pause Young (Mixed) (G1 Evacuation Pause) 210M->94M(256M) 78.932ms
[222.863s][info][gc,cpu      ] GC(427) User=0.10s Sys=0.00s Real=0.08s
[223.380s][info][gc,start    ] GC(428) Pause Young (Concurrent Start) (G1 Evacuation Pause)
[223.381s][info][gc,task     ] GC(428) Using 2 workers of 2 for evacuation
[223.438s][info][gc,phases   ] GC(428)   Pre Evacuate Collection Set: 0.17ms
[223.438s][info][gc,phases   ] GC(428)   Merge Heap Roots: 0.17ms
[223.438s][info][gc,phases   ] GC(428)   Evacuate Collection Set: 56.36ms
[223.438s][info][gc,phases   ] GC(428)   Post Evacuate Collection Set: 0.43ms
[223.438s][info][gc,phases   ] GC(428)   Other: 0.10ms
[223.438s][info][gc,heap     ] GC(428) Eden regions: 112->0(84)
[223.438s][info][gc,heap     ] GC(428) Survivor regions: 19->17(17)
[223.438s][info][gc,heap     ] GC(428) Old regions: 72->107
[223.438s][info][gc,heap     ] GC(428) Humongous regions: 3->3
[223.438s][info][gc,metaspace] GC(428) Metaspace: 42212K(42624K)->42212K(42624K) NonClass: 39407K(39680K)->39407K(39680K) Class: 2805K(2944K)->2805K(2944K)
[223.438s][info][gc          ] GC(428) Pause Young (Concurrent Start) (G1 Evacuation Pause) 206M->126M(258M) 57.411ms
[223.438s][info][gc,cpu      ] GC(428) User=0.11s Sys=0.00s Real=0.06s
[223.438s][info][gc          ] GC(429) Concurrent Mark Cycle
[223.438s][info][gc,marking  ] GC(429) Concurrent Scan Root Regions
[223.500s][info][gc,marking  ] GC(429) Concurrent Scan Root Regions 62.425ms
[223.500s][info][gc,marking  ] GC(429) Concurrent Mark
[223.500s][info][gc,marking  ] GC(429) Concurrent Mark From Roots
[223.500s][info][gc,task     ] GC(429) Using 1 workers of 1 for marking
[223.630s][info][gc,marking  ] GC(429) Concurrent Mark From Roots 129.501ms
[223.630s][info][gc,marking  ] GC(429) Concurrent Preclean
[223.630s][info][gc,marking  ] GC(429) Concurrent Preclean 0.052ms
[223.630s][info][gc,start    ] GC(429) Pause Remark
[223.645s][info][gc          ] GC(429) Pause Remark 163M->163M(258M) 15.058ms
[223.645s][info][gc,cpu      ] GC(429) User=0.03s Sys=0.00s Real=0.01s
[223.647s][info][gc,marking  ] GC(429) Concurrent Mark 146.277ms
[223.647s][info][gc,marking  ] GC(429) Concurrent Rebuild Remembered Sets and Scrub Regions
[223.745s][info][gc,marking  ] GC(429) Concurrent Rebuild Remembered Sets and Scrub Regions 98.745ms
[223.746s][info][gc,start    ] GC(429) Pause Cleanup
[223.746s][info][gc          ] GC(429) Pause Cleanup 185M->185M(258M) 0.066ms
[223.746s][info][gc,cpu      ] GC(429) User=0.00s Sys=0.00s Real=0.00s
[223.747s][info][gc,marking  ] GC(429) Concurrent Clear Claimed Marks
[223.747s][info][gc,marking  ] GC(429) Concurrent Clear Claimed Marks 0.056ms
[223.747s][info][gc,marking  ] GC(429) Concurrent Cleanup for Next Mark
[223.748s][info][gc,marking  ] GC(429) Concurrent Cleanup for Next Mark 0.825ms
[223.748s][info][gc          ] GC(429) Concurrent Mark Cycle 309.679ms
[223.892s][info][gc,start    ] GC(430) Pause Young (Prepare Mixed) (G1 Evacuation Pause)
[223.893s][info][gc,task     ] GC(430) Using 2 workers of 2 for evacuation
[223.940s][info][gc,phases   ] GC(430)   Pre Evacuate Collection Set: 0.17ms
[223.941s][info][gc,phases   ] GC(430)   Merge Heap Roots: 0.39ms
[223.941s][info][gc,phases   ] GC(430)   Evacuate Collection Set: 46.90ms
[223.941s][info][gc,phases   ] GC(430)   Post Evacuate Collection Set: 0.39ms
[223.941s][info][gc,phases   ] GC(430)   Other: 0.10ms
[223.941s][info][gc,heap     ] GC(430) Eden regions: 84->0(67)
[223.941s][info][gc,heap     ] GC(430) Survivor regions: 17->13(13)
[223.941s][info][gc,heap     ] GC(430) Old regions: 107->133
[223.941s][info][gc,heap     ] GC(430) Humongous regions: 3->3
[223.941s][info][gc,metaspace] GC(430) Metaspace: 42212K(42624K)->42212K(42624K) NonClass: 39407K(39680K)->39407K(39680K) Class: 2805K(2944K)->2805K(2944K)
[223.941s][info][gc          ] GC(430) Pause Young (Prepare Mixed) (G1 Evacuation Pause) 210M->148M(258M) 48.115ms
[223.941s][info][gc,cpu      ] GC(430) User=0.10s Sys=0.01s Real=0.05s
[224.223s][info][gc,start    ] GC(431) Pause Young (Mixed) (G1 Evacuation Pause)
[224.223s][info][gc,task     ] GC(431) Using 2 workers of 2 for evacuation
[224.264s][info][gc,phases   ] GC(431)   Pre Evacuate Collection Set: 0.17ms
[224.264s][info][gc,phases   ] GC(431)   Merge Heap Roots: 0.26ms
[224.264s][info][gc,phases   ] GC(431)   Evacuate Collection Set: 39.68ms
[224.264s][info][gc,phases   ] GC(431)   Post Evacuate Collection Set: 0.40ms
[224.264s][info][gc,phases   ] GC(431)   Other: 0.06ms
[224.264s][info][gc,heap     ] GC(431) Eden regions: 67->0(56)
[224.264s][info][gc,heap     ] GC(431) Survivor regions: 13->10(10)
[224.264s][info][gc,heap     ] GC(431) Old regions: 133->152
[224.264s][info][gc,heap     ] GC(431) Humongous regions: 5->3
[224.264s][info][gc,metaspace] GC(431) Metaspace: 42212K(42624K)->42212K(42624K) NonClass: 39407K(39680K)->39407K(39680K) Class: 2805K(2944K)->2805K(2944K)
[224.264s][info][gc          ] GC(431) Pause Young (Mixed) (G1 Evacuation Pause) 217M->164M(258M) 40.735ms
[224.264s][info][gc,cpu      ] GC(431) User=0.08s Sys=0.00s Real=0.04s
[224.430s][info][gc,start    ] GC(432) Pause Young (Concurrent Start) (G1 Evacuation Pause)
[224.430s][info][gc,task     ] GC(432) Using 2 workers of 2 for evacuation
[224.457s][info][gc,phases   ] GC(432)   Pre Evacuate Collection Set: 0.19ms
[224.457s][info][gc,phases   ] GC(432)   Merge Heap Roots: 0.16ms
[224.457s][info][gc,phases   ] GC(432)   Evacuate Collection Set: 24.54ms
[224.457s][info][gc,phases   ] GC(432)   Post Evacuate Collection Set: 1.35ms
[224.457s][info][gc,phases   ] GC(432)   Other: 0.10ms
[224.457s][info][gc,heap     ] GC(432) Eden regions: 56->0(138)
[224.457s][info][gc,heap     ] GC(432) Survivor regions: 10->9(9)
[224.457s][info][gc,heap     ] GC(432) Old regions: 152->165
[224.457s][info][gc,heap     ] GC(432) Humongous regions: 3->3
[224.457s][info][gc,metaspace] GC(432) Metaspace: 42212K(42624K)->42212K(42624K) NonClass: 39407K(39680K)->39407K(39680K) Class: 2805K(2944K)->2805K(2944K)
[224.457s][info][gc          ] GC(432) Pause Young (Concurrent Start) (G1 Evacuation Pause) 220M->177M(402M) 26.545ms
[224.457s][info][gc          ] GC(433) Concurrent Mark Cycle
[224.457s][info][gc,marking  ] GC(433) Concurrent Scan Root Regions
[224.457s][info][gc,cpu      ] GC(432) User=0.05s Sys=0.00s Real=0.03s
[224.480s][info][gc,marking  ] GC(433) Concurrent Scan Root Regions 23.355ms
[224.480s][info][gc,marking  ] GC(433) Concurrent Mark
[224.480s][info][gc,marking  ] GC(433) Concurrent Mark From Roots
[224.480s][info][gc,task     ] GC(433) Using 1 workers of 1 for marking
[224.690s][info][gc,marking  ] GC(433) Concurrent Mark From Roots 209.394ms
[224.690s][info][gc,marking  ] GC(433) Concurrent Preclean
[224.690s][info][gc,marking  ] GC(433) Concurrent Preclean 0.067ms
[224.690s][info][gc,start    ] GC(433) Pause Remark
[224.705s][info][gc          ] GC(433) Pause Remark 214M->214M(402M) 14.727ms
[224.705s][info][gc,cpu      ] GC(433) User=0.02s Sys=0.00s Real=0.01s
[224.705s][info][gc,marking  ] GC(433) Concurrent Mark 224.467ms
[224.705s][info][gc,marking  ] GC(433) Concurrent Rebuild Remembered Sets and Scrub Regions
[224.782s][info][gc,marking  ] GC(433) Concurrent Rebuild Remembered Sets and Scrub Regions 76.941ms
[224.782s][info][gc,start    ] GC(433) Pause Cleanup
[224.782s][info][gc          ] GC(433) Pause Cleanup 228M->228M(402M) 0.078ms
[224.782s][info][gc,cpu      ] GC(433) User=0.00s Sys=0.00s Real=0.00s
[224.782s][info][gc,marking  ] GC(433) Concurrent Clear Claimed Marks
[224.782s][info][gc,marking  ] GC(433) Concurrent Clear Claimed Marks 0.037ms
[224.782s][info][gc,marking  ] GC(433) Concurrent Cleanup for Next Mark
[224.785s][info][gc,marking  ] GC(433) Concurrent Cleanup for Next Mark 2.692ms
[224.785s][info][gc          ] GC(433) Concurrent Mark Cycle 327.922ms
[225.118s][info][gc,start    ] GC(434) Pause Young (Prepare Mixed) (G1 Evacuation Pause)
[225.118s][info][gc,task     ] GC(434) Using 2 workers of 2 for evacuation
[225.150s][info][gc,phases   ] GC(434)   Pre Evacuate Collection Set: 0.22ms
[225.150s][info][gc,phases   ] GC(434)   Merge Heap Roots: 0.12ms
[225.150s][info][gc,phases   ] GC(434)   Evacuate Collection Set: 31.42ms
[225.150s][info][gc,phases   ] GC(434)   Post Evacuate Collection Set: 0.44ms
[225.150s][info][gc,phases   ] GC(434)   Other: 0.10ms
[225.150s][info][gc,heap     ] GC(434) Eden regions: 138->0(135)
[225.150s][info][gc,heap     ] GC(434) Survivor regions: 9->19(19)
[225.150s][info][gc,heap     ] GC(434) Old regions: 165->169
[225.150s][info][gc,heap     ] GC(434) Humongous regions: 7->3
[225.150s][info][gc,metaspace] GC(434) Metaspace: 42214K(42624K)->42214K(42624K) NonClass: 39409K(39680K)->39409K(39680K) Class: 2805K(2944K)->2805K(2944K)
[225.150s][info][gc          ] GC(434) Pause Young (Prepare Mixed) (G1 Evacuation Pause) 319M->190M(402M) 32.499ms
[225.150s][info][gc,cpu      ] GC(434) User=0.05s Sys=0.01s Real=0.03s
[225.500s][info][gc,start    ] GC(435) Pause Young (Mixed) (G1 Evacuation Pause)
[225.501s][info][gc,task     ] GC(435) Using 2 workers of 2 for evacuation
[225.537s][info][gc,phases   ] GC(435)   Pre Evacuate Collection Set: 0.21ms
[225.537s][info][gc,phases   ] GC(435)   Merge Heap Roots: 0.27ms
[225.537s][info][gc,phases   ] GC(435)   Evacuate Collection Set: 35.16ms
[225.537s][info][gc,phases   ] GC(435)   Post Evacuate Collection Set: 0.57ms
[225.537s][info][gc,phases   ] GC(435)   Other: 0.08ms
[225.537s][info][gc,heap     ] GC(435) Eden regions: 135->0(159)
[225.537s][info][gc,heap     ] GC(435) Survivor regions: 19->13(20)
[225.537s][info][gc,heap     ] GC(435) Old regions: 169->149
[225.537s][info][gc,heap     ] GC(435) Humongous regions: 11->3
[225.537s][info][gc,metaspace] GC(435) Metaspace: 42226K(42624K)->42226K(42624K) NonClass: 39421K(39680K)->39421K(39680K) Class: 2805K(2944K)->2805K(2944K)
[225.537s][info][gc          ] GC(435) Pause Young (Mixed) (G1 Evacuation Pause) 333M->164M(402M) 36.493ms
[225.537s][info][gc,cpu      ] GC(435) User=0.07s Sys=0.01s Real=0.04s
[226.042s][info][gc,start    ] GC(436) Pause Young (Mixed) (G1 Evacuation Pause)
[226.042s][info][gc,task     ] GC(436) Using 2 workers of 2 for evacuation
[226.071s][info][gc,phases   ] GC(436)   Pre Evacuate Collection Set: 0.21ms
[226.071s][info][gc,phases   ] GC(436)   Merge Heap Roots: 0.88ms
[226.071s][info][gc,phases   ] GC(436)   Evacuate Collection Set: 27.56ms
[226.071s][info][gc,phases   ] GC(436)   Post Evacuate Collection Set: 0.43ms
[226.071s][info][gc,phases   ] GC(436)   Other: 0.07ms
[226.071s][info][gc,heap     ] GC(436) Eden regions: 159->0(178)
[226.071s][info][gc,heap     ] GC(436) Survivor regions: 13->9(22)
[226.071s][info][gc,heap     ] GC(436) Old regions: 149->135
[226.071s][info][gc,heap     ] GC(436) Humongous regions: 5->3
[226.071s][info][gc,metaspace] GC(436) Metaspace: 42227K(42624K)->42227K(42624K) NonClass: 39422K(39680K)->39422K(39680K) Class: 2805K(2944K)->2805K(2944K)
[226.072s][info][gc          ] GC(436) Pause Young (Mixed) (G1 Evacuation Pause) 325M->146M(402M) 29.330ms
[226.072s][info][gc,cpu      ] GC(436) User=0.06s Sys=0.00s Real=0.03s
[226.534s][info][gc,start    ] GC(437) Pause Young (Concurrent Start) (G1 Humongous Allocation)
[226.534s][info][gc,task     ] GC(437) Using 2 workers of 2 for evacuation
[226.555s][info][gc,phases   ] GC(437)   Pre Evacuate Collection Set: 0.23ms
[226.555s][info][gc,phases   ] GC(437)   Merge Heap Roots: 0.07ms
[226.555s][info][gc,phases   ] GC(437)   Evacuate Collection Set: 20.23ms
[226.555s][info][gc,phases   ] GC(437)   Post Evacuate Collection Set: 0.45ms
[226.555s][info][gc,phases   ] GC(437)   Other: 0.09ms
[226.555s][info][gc,heap     ] GC(437) Eden regions: 152->0(151)
[226.555s][info][gc,heap     ] GC(437) Survivor regions: 9->24(24)
[226.555s][info][gc,heap     ] GC(437) Old regions: 135->146
[226.555s][info][gc,heap     ] GC(437) Humongous regions: 3->3
[226.555s][info][gc,metaspace] GC(437) Metaspace: 42228K(42624K)->42228K(42624K) NonClass: 39423K(39680K)->39423K(39680K) Class: 2805K(2944K)->2805K(2944K)
[226.555s][info][gc          ] GC(437) Pause Young (Concurrent Start) (G1 Humongous Allocation) 298M->172M(402M) 21.277ms
[226.555s][info][gc,cpu      ] GC(437) User=0.05s Sys=0.00s Real=0.02s
[226.555s][info][gc          ] GC(438) Concurrent Mark Cycle
[226.555s][info][gc,marking  ] GC(438) Concurrent Scan Root Regions
[226.569s][info][gc,marking  ] GC(438) Concurrent Scan Root Regions 14.417ms
[226.569s][info][gc,marking  ] GC(438) Concurrent Mark
[226.569s][info][gc,marking  ] GC(438) Concurrent Mark From Roots
[226.570s][info][gc,task     ] GC(438) Using 1 workers of 1 for marking
[226.638s][info][gc,marking  ] GC(438) Concurrent Mark From Roots 68.417ms
[226.638s][info][gc,marking  ] GC(438) Concurrent Preclean
[226.638s][info][gc,marking  ] GC(438) Concurrent Preclean 0.046ms
[226.638s][info][gc,start    ] GC(438) Pause Remark
[226.653s][info][gc          ] GC(438) Pause Remark 194M->170M(402M) 15.361ms
[226.654s][info][gc,cpu      ] GC(438) User=0.03s Sys=0.00s Real=0.01s
[226.654s][info][gc,marking  ] GC(438) Concurrent Mark 84.107ms
[226.654s][info][gc,marking  ] GC(438) Concurrent Rebuild Remembered Sets and Scrub Regions
[226.690s][info][gc,marking  ] GC(438) Concurrent Rebuild Remembered Sets and Scrub Regions 35.941ms
[226.690s][info][gc,start    ] GC(438) Pause Cleanup
[226.690s][info][gc          ] GC(438) Pause Cleanup 181M->181M(402M) 0.064ms
[226.690s][info][gc,cpu      ] GC(438) User=0.00s Sys=0.00s Real=0.00s
[226.690s][info][gc,marking  ] GC(438) Concurrent Clear Claimed Marks
[226.690s][info][gc,marking  ] GC(438) Concurrent Clear Claimed Marks 0.037ms
[226.690s][info][gc,marking  ] GC(438) Concurrent Cleanup for Next Mark
[226.691s][info][gc,marking  ] GC(438) Concurrent Cleanup for Next Mark 1.147ms
[226.691s][info][gc          ] GC(438) Concurrent Mark Cycle 136.011ms
[227.061s][info][gc,start    ] GC(439) Pause Young (Prepare Mixed) (G1 Evacuation Pause)
[227.061s][info][gc,task     ] GC(439) Using 2 workers of 2 for evacuation
[227.104s][info][gc,phases   ] GC(439)   Pre Evacuate Collection Set: 0.20ms
[227.104s][info][gc,phases   ] GC(439)   Merge Heap Roots: 0.14ms
[227.104s][info][gc,phases   ] GC(439)   Evacuate Collection Set: 42.03ms
[227.104s][info][gc,phases   ] GC(439)   Post Evacuate Collection Set: 0.47ms
[227.104s][info][gc,phases   ] GC(439)   Other: 0.07ms
[227.104s][info][gc,heap     ] GC(439) Eden regions: 151->0(121)
[227.104s][info][gc,heap     ] GC(439) Survivor regions: 24->22(22)
[227.104s][info][gc,heap     ] GC(439) Old regions: 122->168
[227.104s][info][gc,heap     ] GC(439) Humongous regions: 5->4
[227.104s][info][gc,metaspace] GC(439) Metaspace: 42228K(42624K)->42228K(42624K) NonClass: 39423K(39680K)->39423K(39680K) Class: 2805K(2944K)->2805K(2944K)
[227.104s][info][gc          ] GC(439) Pause Young (Prepare Mixed) (G1 Evacuation Pause) 301M->194M(402M) 43.127ms
[227.104s][info][gc,cpu      ] GC(439) User=0.09s Sys=0.00s Real=0.04s
[227.498s][info][gc,start    ] GC(440) Pause Young (Mixed) (G1 Evacuation Pause)
[227.498s][info][gc,task     ] GC(440) Using 2 workers of 2 for evacuation
[227.552s][info][gc,phases   ] GC(440)   Pre Evacuate Collection Set: 0.22ms
[227.553s][info][gc,phases   ] GC(440)   Merge Heap Roots: 0.25ms
[227.553s][info][gc,phases   ] GC(440)   Evacuate Collection Set: 53.58ms
[227.553s][info][gc,phases   ] GC(440)   Post Evacuate Collection Set: 0.54ms
[227.553s][info][gc,phases   ] GC(440)   Other: 0.09ms
[227.553s][info][gc,heap     ] GC(440) Eden regions: 121->0(95)
[227.553s][info][gc,heap     ] GC(440) Survivor regions: 22->18(18)
[227.553s][info][gc,heap     ] GC(440) Old regions: 168->180
[227.553s][info][gc,heap     ] GC(440) Humongous regions: 4->4
[227.553s][info][gc,metaspace] GC(440) Metaspace: 42230K(42624K)->42230K(42624K) NonClass: 39425K(39680K)->39425K(39680K) Class: 2805K(2944K)->2805K(2944K)
[227.553s][info][gc          ] GC(440) Pause Young (Mixed) (G1 Evacuation Pause) 315M->201M(402M) 54.902ms
[227.553s][info][gc,cpu      ] GC(440) User=0.11s Sys=0.00s Real=0.05s
[227.899s][info][gc,start    ] GC(441) Pause Young (Mixed) (G1 Evacuation Pause)
[227.899s][info][gc,task     ] GC(441) Using 2 workers of 2 for evacuation
[227.951s][info][gc,phases   ] GC(441)   Pre Evacuate Collection Set: 0.20ms
[227.951s][info][gc,phases   ] GC(441)   Merge Heap Roots: 0.35ms
[227.951s][info][gc,phases   ] GC(441)   Evacuate Collection Set: 50.96ms
[227.951s][info][gc,phases   ] GC(441)   Post Evacuate Collection Set: 0.87ms
[227.951s][info][gc,phases   ] GC(441)   Other: 0.08ms
[227.951s][info][gc,heap     ] GC(441) Eden regions: 95->0(103)
[227.951s][info][gc,heap     ] GC(441) Survivor regions: 18->15(15)
[227.951s][info][gc,heap     ] GC(441) Old regions: 180->223
[227.951s][info][gc,heap     ] GC(441) Humongous regions: 5->5
[227.951s][info][gc,metaspace] GC(441) Metaspace: 42230K(42624K)->42230K(42624K) NonClass: 39425K(39680K)->39425K(39680K) Class: 2805K(2944K)->2805K(2944K)
[227.951s][info][gc          ] GC(441) Pause Young (Mixed) (G1 Evacuation Pause) 297M->243M(460M) 52.663ms
[227.951s][info][gc,cpu      ] GC(441) User=0.10s Sys=0.00s Real=0.05s
[228.324s][info][gc,start    ] GC(442) Pause Young (Concurrent Start) (G1 Evacuation Pause)
[228.324s][info][gc,task     ] GC(442) Using 2 workers of 2 for evacuation
[228.352s][info][gc,phases   ] GC(442)   Pre Evacuate Collection Set: 0.23ms
[228.352s][info][gc,phases   ] GC(442)   Merge Heap Roots: 0.21ms
[228.352s][info][gc,phases   ] GC(442)   Evacuate Collection Set: 26.81ms
[228.352s][info][gc,phases   ] GC(442)   Post Evacuate Collection Set: 0.43ms
[228.352s][info][gc,phases   ] GC(442)   Other: 0.15ms
[228.352s][info][gc,heap     ] GC(442) Eden regions: 103->0(96)
[228.352s][info][gc,heap     ] GC(442) Survivor regions: 15->15(15)
[228.352s][info][gc,heap     ] GC(442) Old regions: 223->245
[228.352s][info][gc,heap     ] GC(442) Humongous regions: 5->5
[228.352s][info][gc,metaspace] GC(442) Metaspace: 42231K(42624K)->42231K(42624K) NonClass: 39425K(39680K)->39425K(39680K) Class: 2805K(2944K)->2805K(2944K)
[228.352s][info][gc          ] GC(442) Pause Young (Concurrent Start) (G1 Evacuation Pause) 346M->264M(460M) 28.037ms
[228.352s][info][gc,cpu      ] GC(442) User=0.06s Sys=0.00s Real=0.03s
[228.352s][info][gc          ] GC(443) Concurrent Mark Cycle
[228.352s][info][gc,marking  ] GC(443) Concurrent Scan Root Regions
[228.366s][info][gc,marking  ] GC(443) Concurrent Scan Root Regions 14.291ms
[228.366s][info][gc,marking  ] GC(443) Concurrent Mark
[228.366s][info][gc,marking  ] GC(443) Concurrent Mark From Roots
[228.366s][info][gc,task     ] GC(443) Using 1 workers of 1 for marking
[228.492s][info][gc,marking  ] GC(443) Concurrent Mark From Roots 125.673ms
[228.492s][info][gc,marking  ] GC(443) Concurrent Preclean
[228.492s][info][gc,marking  ] GC(443) Concurrent Preclean 0.048ms
[228.492s][info][gc,start    ] GC(443) Pause Remark
[228.507s][info][gc          ] GC(443) Pause Remark 304M->272M(460M) 15.007ms
[228.507s][info][gc,cpu      ] GC(443) User=0.03s Sys=0.00s Real=0.02s
[228.507s][info][gc,marking  ] GC(443) Concurrent Mark 141.013ms
[228.507s][info][gc,marking  ] GC(443) Concurrent Rebuild Remembered Sets and Scrub Regions
[228.575s][info][gc,marking  ] GC(443) Concurrent Rebuild Remembered Sets and Scrub Regions 67.342ms
[228.575s][info][gc,start    ] GC(443) Pause Cleanup
[228.575s][info][gc          ] GC(443) Pause Cleanup 294M->294M(460M) 0.103ms
[228.575s][info][gc,cpu      ] GC(443) User=0.00s Sys=0.00s Real=0.00s
[228.575s][info][gc,marking  ] GC(443) Concurrent Clear Claimed Marks
[228.575s][info][gc,marking  ] GC(443) Concurrent Clear Claimed Marks 0.038ms
[228.575s][info][gc,marking  ] GC(443) Concurrent Cleanup for Next Mark
[228.577s][info][gc,marking  ] GC(443) Concurrent Cleanup for Next Mark 1.932ms
[228.577s][info][gc          ] GC(443) Concurrent Mark Cycle 224.967ms
[228.690s][info][gc,start    ] GC(444) Pause Young (Prepare Mixed) (G1 Evacuation Pause)
[228.690s][info][gc,task     ] GC(444) Using 2 workers of 2 for evacuation
[228.727s][info][gc,phases   ] GC(444)   Pre Evacuate Collection Set: 0.22ms
[228.727s][info][gc,phases   ] GC(444)   Merge Heap Roots: 0.10ms
[228.727s][info][gc,phases   ] GC(444)   Evacuate Collection Set: 35.96ms
[228.727s][info][gc,phases   ] GC(444)   Post Evacuate Collection Set: 0.39ms
[228.727s][info][gc,phases   ] GC(444)   Other: 0.08ms
[228.727s][info][gc,heap     ] GC(444) Eden regions: 96->0(81)
[228.727s][info][gc,heap     ] GC(444) Survivor regions: 15->14(14)
[228.727s][info][gc,heap     ] GC(444) Old regions: 214->262
[228.727s][info][gc,heap     ] GC(444) Humongous regions: 4->4
[228.727s][info][gc,metaspace] GC(444) Metaspace: 42232K(42624K)->42232K(42624K) NonClass: 39426K(39680K)->39426K(39680K) Class: 2805K(2944K)->2805K(2944K)
[228.727s][info][gc          ] GC(444) Pause Young (Prepare Mixed) (G1 Evacuation Pause) 328M->279M(460M) 36.941ms
[228.727s][info][gc,cpu      ] GC(444) User=0.08s Sys=0.00s Real=0.04s
[228.991s][info][gc,start    ] GC(445) Pause Young (Mixed) (G1 Evacuation Pause)
[228.991s][info][gc,task     ] GC(445) Using 2 workers of 2 for evacuation
[229.036s][info][gc,phases   ] GC(445)   Pre Evacuate Collection Set: 0.26ms
[229.036s][info][gc,phases   ] GC(445)   Merge Heap Roots: 0.33ms
[229.036s][info][gc,phases   ] GC(445)   Evacuate Collection Set: 43.48ms
[229.036s][info][gc,phases   ] GC(445)   Post Evacuate Collection Set: 0.48ms
[229.036s][info][gc,phases   ] GC(445)   Other: 0.09ms
[229.036s][info][gc,heap     ] GC(445) Eden regions: 81->0(77)
[229.036s][info][gc,heap     ] GC(445) Survivor regions: 14->12(12)
[229.036s][info][gc,heap     ] GC(445) Old regions: 262->264
[229.036s][info][gc,heap     ] GC(445) Humongous regions: 5->5
[229.036s][info][gc,metaspace] GC(445) Metaspace: 42232K(42624K)->42232K(42624K) NonClass: 39426K(39680K)->39426K(39680K) Class: 2805K(2944K)->2805K(2944K)
[229.036s][info][gc          ] GC(445) Pause Young (Mixed) (G1 Evacuation Pause) 361M->281M(460M) 44.835ms
[229.036s][info][gc,cpu      ] GC(445) User=0.09s Sys=0.00s Real=0.04s
[229.306s][info][gc,start    ] GC(446) Pause Young (Mixed) (G1 Evacuation Pause)
[229.306s][info][gc,task     ] GC(446) Using 2 workers of 2 for evacuation
[229.369s][info][gc,phases   ] GC(446)   Pre Evacuate Collection Set: 0.31ms
[229.369s][info][gc,phases   ] GC(446)   Merge Heap Roots: 0.63ms
[229.369s][info][gc,phases   ] GC(446)   Evacuate Collection Set: 61.66ms
[229.369s][info][gc,phases   ] GC(446)   Post Evacuate Collection Set: 0.47ms
[229.369s][info][gc,phases   ] GC(446)   Other: 0.07ms
[229.369s][info][gc,heap     ] GC(446) Eden regions: 77->0(63)
[229.369s][info][gc,heap     ] GC(446) Survivor regions: 12->12(12)
[229.369s][info][gc,heap     ] GC(446) Old regions: 264->287
[229.369s][info][gc,heap     ] GC(446) Humongous regions: 5->5
[229.369s][info][gc,metaspace] GC(446) Metaspace: 42233K(42624K)->42233K(42624K) NonClass: 39428K(39680K)->39428K(39680K) Class: 2805K(2944K)->2805K(2944K)
[229.369s][info][gc          ] GC(446) Pause Young (Mixed) (G1 Evacuation Pause) 358M->304M(460M) 63.361ms
[229.369s][info][gc,cpu      ] GC(446) User=0.12s Sys=0.01s Real=0.07s
[229.426s][info][gc,start    ] GC(447) Pause Young (Concurrent Start) (G1 Humongous Allocation)
[229.426s][info][gc,task     ] GC(447) Using 2 workers of 2 for evacuation
[229.444s][info][gc,phases   ] GC(447)   Pre Evacuate Collection Set: 0.26ms
[229.445s][info][gc,phases   ] GC(447)   Merge Heap Roots: 0.14ms
[229.445s][info][gc,phases   ] GC(447)   Evacuate Collection Set: 16.62ms
[229.445s][info][gc,phases   ] GC(447)   Post Evacuate Collection Set: 0.98ms
[229.445s][info][gc,phases   ] GC(447)   Other: 0.08ms
[229.445s][info][gc,heap     ] GC(447) Eden regions: 19->0(101)
[229.445s][info][gc,heap     ] GC(447) Survivor regions: 12->10(10)
[229.445s][info][gc,heap     ] GC(447) Old regions: 287->301
[229.445s][info][gc,heap     ] GC(447) Humongous regions: 5->5
[229.445s][info][gc,metaspace] GC(447) Metaspace: 42233K(42624K)->42233K(42624K) NonClass: 39428K(39680K)->39428K(39680K) Class: 2805K(2944K)->2805K(2944K)
[229.445s][info][gc          ] GC(447) Pause Young (Concurrent Start) (G1 Humongous Allocation) 322M->316M(564M) 18.267ms
[229.445s][info][gc          ] GC(448) Concurrent Undo Cycle
[229.445s][info][gc,marking  ] GC(448) Concurrent Clear Claimed Marks
[229.445s][info][gc,marking  ] GC(448) Concurrent Clear Claimed Marks 0.037ms
[229.445s][info][gc,marking  ] GC(448) Concurrent Cleanup for Next Mark
[229.445s][info][gc,cpu      ] GC(447) User=0.04s Sys=0.00s Real=0.02s
[229.445s][info][gc,marking  ] GC(448) Concurrent Cleanup for Next Mark 0.216ms
[229.445s][info][gc          ] GC(448) Concurrent Undo Cycle 0.293ms
[229.884s][info][gc,start    ] GC(449) Pause Young (Normal) (G1 Evacuation Pause)
[229.884s][info][gc,task     ] GC(449) Using 2 workers of 2 for evacuation
[229.940s][info][gc,phases   ] GC(449)   Pre Evacuate Collection Set: 0.28ms
[229.940s][info][gc,phases   ] GC(449)   Merge Heap Roots: 0.21ms
[229.940s][info][gc,phases   ] GC(449)   Evacuate Collection Set: 55.59ms
[229.940s][info][gc,phases   ] GC(449)   Post Evacuate Collection Set: 0.45ms
[229.940s][info][gc,phases   ] GC(449)   Other: 0.09ms
[229.940s][info][gc,heap     ] GC(449) Eden regions: 101->0(70)
[229.940s][info][gc,heap     ] GC(449) Survivor regions: 10->14(14)
[229.940s][info][gc,heap     ] GC(449) Old regions: 301->363
[229.940s][info][gc,heap     ] GC(449) Humongous regions: 6->6
[229.940s][info][gc,metaspace] GC(449) Metaspace: 42233K(42624K)->42233K(42624K) NonClass: 39428K(39680K)->39428K(39680K) Class: 2805K(2944K)->2805K(2944K)
[229.940s][info][gc          ] GC(449) Pause Young (Normal) (G1 Evacuation Pause) 418M->382M(564M) 56.812ms
[229.940s][info][gc,cpu      ] GC(449) User=0.11s Sys=0.00s Real=0.06s
[230.082s][info][gc,start    ] GC(450) Pause Young (Concurrent Start) (G1 Humongous Allocation)
[230.082s][info][gc,task     ] GC(450) Using 2 workers of 2 for evacuation
[230.116s][info][gc,phases   ] GC(450)   Pre Evacuate Collection Set: 0.27ms
[230.116s][info][gc,phases   ] GC(450)   Merge Heap Roots: 0.27ms
[230.116s][info][gc,phases   ] GC(450)   Evacuate Collection Set: 32.84ms
[230.116s][info][gc,phases   ] GC(450)   Post Evacuate Collection Set: 0.37ms
[230.116s][info][gc,phases   ] GC(450)   Other: 0.11ms
[230.116s][info][gc,heap     ] GC(450) Eden regions: 45->0(58)
[230.116s][info][gc,heap     ] GC(450) Survivor regions: 14->11(11)
[230.116s][info][gc,heap     ] GC(450) Old regions: 363->395
[230.116s][info][gc,heap     ] GC(450) Humongous regions: 6->6
[230.116s][info][gc,metaspace] GC(450) Metaspace: 42233K(42624K)->42233K(42624K) NonClass: 39428K(39680K)->39428K(39680K) Class: 2805K(2944K)->2805K(2944K)
[230.116s][info][gc          ] GC(450) Pause Young (Concurrent Start) (G1 Humongous Allocation) 427M->411M(564M) 34.080ms
[230.116s][info][gc          ] GC(451) Concurrent Mark Cycle
[230.116s][info][gc,marking  ] GC(451) Concurrent Scan Root Regions
[230.119s][info][gc,cpu      ] GC(450) User=0.07s Sys=0.00s Real=0.04s
[230.133s][info][gc,marking  ] GC(451) Concurrent Scan Root Regions 16.623ms
[230.133s][info][gc,marking  ] GC(451) Concurrent Mark
[230.133s][info][gc,marking  ] GC(451) Concurrent Mark From Roots
[230.133s][info][gc,task     ] GC(451) Using 1 workers of 1 for marking
[230.284s][info][gc,marking  ] GC(451) Concurrent Mark From Roots 151.305ms
[230.284s][info][gc,marking  ] GC(451) Concurrent Preclean
[230.284s][info][gc,marking  ] GC(451) Concurrent Preclean 0.046ms
[230.285s][info][gc,start    ] GC(451) Pause Remark
[230.300s][info][gc          ] GC(451) Pause Remark 450M->380M(572M) 14.947ms
[230.300s][info][gc,cpu      ] GC(451) User=0.03s Sys=0.00s Real=0.02s
[230.300s][info][gc,marking  ] GC(451) Concurrent Mark 166.592ms
[230.300s][info][gc,marking  ] GC(451) Concurrent Rebuild Remembered Sets and Scrub Regions
[230.387s][info][gc,marking  ] GC(451) Concurrent Rebuild Remembered Sets and Scrub Regions 87.503ms
[230.387s][info][gc,start    ] GC(451) Pause Cleanup
[230.387s][info][gc          ] GC(451) Pause Cleanup 400M->400M(572M) 0.118ms
[230.387s][info][gc,cpu      ] GC(451) User=0.00s Sys=0.00s Real=0.00s
[230.387s][info][gc,marking  ] GC(451) Concurrent Clear Claimed Marks
[230.388s][info][gc,marking  ] GC(451) Concurrent Clear Claimed Marks 0.039ms
[230.388s][info][gc,marking  ] GC(451) Concurrent Cleanup for Next Mark
[230.388s][info][gc,start    ] GC(452) Pause Young (Prepare Mixed) (G1 Evacuation Pause)
[230.388s][info][gc,task     ] GC(452) Using 2 workers of 2 for evacuation
[230.423s][info][gc,phases   ] GC(452)   Pre Evacuate Collection Set: 0.19ms
[230.423s][info][gc,phases   ] GC(452)   Merge Heap Roots: 0.40ms
[230.423s][info][gc,phases   ] GC(452)   Evacuate Collection Set: 34.07ms
[230.423s][info][gc,phases   ] GC(452)   Post Evacuate Collection Set: 0.42ms
[230.423s][info][gc,phases   ] GC(452)   Other: 0.09ms
[230.423s][info][gc,heap     ] GC(452) Eden regions: 58->0(80)
[230.423s][info][gc,heap     ] GC(452) Survivor regions: 11->9(9)
[230.423s][info][gc,heap     ] GC(452) Old regions: 327->358
[230.423s][info][gc,heap     ] GC(452) Humongous regions: 5->5
[230.423s][info][gc,metaspace] GC(452) Metaspace: 42233K(42624K)->42233K(42624K) NonClass: 39428K(39680K)->39428K(39680K) Class: 2805K(2944K)->2805K(2944K)
[230.423s][info][gc          ] GC(452) Pause Young (Prepare Mixed) (G1 Evacuation Pause) 400M->371M(572M) 35.329ms
[230.423s][info][gc,cpu      ] GC(452) User=0.06s Sys=0.00s Real=0.03s
[230.426s][info][gc,marking  ] GC(451) Concurrent Cleanup for Next Mark 38.307ms
[230.426s][info][gc          ] GC(451) Concurrent Mark Cycle 309.471ms
[230.685s][info][gc,start    ] GC(453) Pause Young (Mixed) (G1 Evacuation Pause)
[230.685s][info][gc,task     ] GC(453) Using 2 workers of 2 for evacuation
[230.721s][info][gc,phases   ] GC(453)   Pre Evacuate Collection Set: 0.30ms
[230.721s][info][gc,phases   ] GC(453)   Merge Heap Roots: 0.24ms
[230.721s][info][gc,phases   ] GC(453)   Evacuate Collection Set: 35.00ms
[230.721s][info][gc,phases   ] GC(453)   Post Evacuate Collection Set: 0.46ms
[230.721s][info][gc,phases   ] GC(453)   Other: 0.11ms
[230.721s][info][gc,heap     ] GC(453) Eden regions: 80->0(93)
[230.721s][info][gc,heap     ] GC(453) Survivor regions: 9->12(12)
[230.721s][info][gc,heap     ] GC(453) Old regions: 358->330
[230.721s][info][gc,heap     ] GC(453) Humongous regions: 6->6
[230.721s][info][gc,metaspace] GC(453) Metaspace: 42235K(42624K)->42235K(42624K) NonClass: 39429K(39680K)->39429K(39680K) Class: 2805K(2944K)->2805K(2944K)
[230.721s][info][gc          ] GC(453) Pause Young (Mixed) (G1 Evacuation Pause) 452M->348M(572M) 36.325ms
[230.721s][info][gc,cpu      ] GC(453) User=0.07s Sys=0.00s Real=0.04s
[231.023s][info][gc,start    ] GC(454) Pause Young (Mixed) (G1 Evacuation Pause)
[231.024s][info][gc,task     ] GC(454) Using 2 workers of 2 for evacuation
[231.049s][info][gc,phases   ] GC(454)   Pre Evacuate Collection Set: 0.31ms
[231.049s][info][gc,phases   ] GC(454)   Merge Heap Roots: 0.30ms
[231.049s][info][gc,phases   ] GC(454)   Evacuate Collection Set: 22.71ms
[231.049s][info][gc,phases   ] GC(454)   Post Evacuate Collection Set: 1.76ms
[231.049s][info][gc,phases   ] GC(454)   Other: 0.10ms
[231.049s][info][gc,heap     ] GC(454) Eden regions: 93->0(188)
[231.049s][info][gc,heap     ] GC(454) Survivor regions: 12->13(14)
[231.049s][info][gc,heap     ] GC(454) Old regions: 330->286
[231.049s][info][gc,heap     ] GC(454) Humongous regions: 6->6
[231.049s][info][gc,metaspace] GC(454) Metaspace: 42235K(42624K)->42235K(42624K) NonClass: 39429K(39680K)->39429K(39680K) Class: 2805K(2944K)->2805K(2944K)
[231.049s][info][gc          ] GC(454) Pause Young (Mixed) (G1 Evacuation Pause) 441M->304M(735M) 25.406ms
[231.049s][info][gc,cpu      ] GC(454) User=0.05s Sys=0.00s Real=0.03s
[231.832s][info][gc,start    ] GC(455) Pause Young (Mixed) (G1 Evacuation Pause)
[231.833s][info][gc,task     ] GC(455) Using 2 workers of 2 for evacuation
[231.859s][info][gc,phases   ] GC(455)   Pre Evacuate Collection Set: 0.49ms
[231.859s][info][gc,phases   ] GC(455)   Merge Heap Roots: 0.85ms
[231.859s][info][gc,phases   ] GC(455)   Evacuate Collection Set: 24.46ms
[231.859s][info][gc,phases   ] GC(455)   Post Evacuate Collection Set: 0.52ms
[231.859s][info][gc,phases   ] GC(455)   Other: 0.12ms
[231.859s][info][gc,heap     ] GC(455) Eden regions: 188->0(214)
[231.859s][info][gc,heap     ] GC(455) Survivor regions: 13->17(26)
[231.859s][info][gc,heap     ] GC(455) Old regions: 286->255
[231.859s][info][gc,heap     ] GC(455) Humongous regions: 7->7
[231.859s][info][gc,metaspace] GC(455) Metaspace: 42235K(42624K)->42235K(42624K) NonClass: 39429K(39680K)->39429K(39680K) Class: 2805K(2944K)->2805K(2944K)
[231.859s][info][gc          ] GC(455) Pause Young (Mixed) (G1 Evacuation Pause) 493M->278M(735M) 26.625ms
[231.859s][info][gc,cpu      ] GC(455) User=0.05s Sys=0.00s Real=0.03s
[232.564s][info][gc,start    ] GC(456) Pause Young (Normal) (G1 Evacuation Pause)
[232.564s][info][gc,task     ] GC(456) Using 2 workers of 2 for evacuation
[232.570s][info][gc,phases   ] GC(456)   Pre Evacuate Collection Set: 0.45ms
[232.570s][info][gc,phases   ] GC(456)   Merge Heap Roots: 0.12ms
[232.570s][info][gc,phases   ] GC(456)   Evacuate Collection Set: 4.45ms
[232.570s][info][gc,phases   ] GC(456)   Post Evacuate Collection Set: 0.47ms
[232.570s][info][gc,phases   ] GC(456)   Other: 0.08ms
[232.570s][info][gc,heap     ] GC(456) Eden regions: 214->0(242)
[232.570s][info][gc,heap     ] GC(456) Survivor regions: 17->3(29)
[232.570s][info][gc,heap     ] GC(456) Old regions: 255->257
[232.570s][info][gc,heap     ] GC(456) Humongous regions: 8->6
[232.570s][info][gc,metaspace] GC(456) Metaspace: 42235K(42624K)->42235K(42624K) NonClass: 39429K(39680K)->39429K(39680K) Class: 2805K(2944K)->2805K(2944K)
[232.570s][info][gc          ] GC(456) Pause Young (Normal) (G1 Evacuation Pause) 493M->265M(735M) 5.745ms
[232.570s][info][gc,cpu      ] GC(456) User=0.01s Sys=0.00s Real=0.01s
[233.313s][info][gc,start    ] GC(457) Pause Young (Normal) (G1 Evacuation Pause)
[233.313s][info][gc,task     ] GC(457) Using 2 workers of 2 for evacuation
[233.319s][info][gc,phases   ] GC(457)   Pre Evacuate Collection Set: 0.26ms
[233.319s][info][gc,phases   ] GC(457)   Merge Heap Roots: 0.11ms
[233.319s][info][gc,phases   ] GC(457)   Evacuate Collection Set: 4.29ms
[233.319s][info][gc,phases   ] GC(457)   Post Evacuate Collection Set: 0.46ms
[233.319s][info][gc,phases   ] GC(457)   Other: 0.06ms
[233.319s][info][gc,heap     ] GC(457) Eden regions: 242->0(265)
[233.319s][info][gc,heap     ] GC(457) Survivor regions: 3->6(31)
[233.319s][info][gc,heap     ] GC(457) Old regions: 257->257
[233.319s][info][gc,heap     ] GC(457) Humongous regions: 9->6
[233.319s][info][gc,metaspace] GC(457) Metaspace: 42235K(42624K)->42235K(42624K) NonClass: 39429K(39680K)->39429K(39680K) Class: 2805K(2944K)->2805K(2944K)
[233.319s][info][gc          ] GC(457) Pause Young (Normal) (G1 Evacuation Pause) 510M->268M(735M) 5.353ms
[233.319s][info][gc,cpu      ] GC(457) User=0.01s Sys=0.00s Real=0.01s
[234.142s][info][gc,start    ] GC(458) Pause Young (Normal) (G1 Evacuation Pause)
[234.142s][info][gc,task     ] GC(458) Using 2 workers of 2 for evacuation
[234.147s][info][gc,phases   ] GC(458)   Pre Evacuate Collection Set: 0.25ms
[234.147s][info][gc,phases   ] GC(458)   Merge Heap Roots: 0.10ms
[234.147s][info][gc,phases   ] GC(458)   Evacuate Collection Set: 4.04ms
[234.147s][info][gc,phases   ] GC(458)   Post Evacuate Collection Set: 0.48ms
[234.147s][info][gc,phases   ] GC(458)   Other: 0.07ms
[234.147s][info][gc,heap     ] GC(458) Eden regions: 265->0(290)
[234.147s][info][gc,heap     ] GC(458) Survivor regions: 6->5(34)
[234.147s][info][gc,heap     ] GC(458) Old regions: 257->257
[234.147s][info][gc,heap     ] GC(458) Humongous regions: 9->6
[234.147s][info][gc,metaspace] GC(458) Metaspace: 42235K(42624K)->42235K(42624K) NonClass: 39429K(39680K)->39429K(39680K) Class: 2805K(2944K)->2805K(2944K)
[234.147s][info][gc          ] GC(458) Pause Young (Normal) (G1 Evacuation Pause) 536M->267M(735M) 5.149ms
[234.147s][info][gc,cpu      ] GC(458) User=0.01s Sys=0.00s Real=0.01s
[234.368s][info][gc,start    ] GC(459) Pause Young (Concurrent Start) (G1 Humongous Allocation)
[234.368s][info][gc,task     ] GC(459) Using 2 workers of 2 for evacuation
[234.383s][info][gc,phases   ] GC(459)   Pre Evacuate Collection Set: 0.25ms
[234.383s][info][gc,phases   ] GC(459)   Merge Heap Roots: 0.08ms
[234.383s][info][gc,phases   ] GC(459)   Evacuate Collection Set: 13.56ms
[234.383s][info][gc,phases   ] GC(459)   Post Evacuate Collection Set: 0.36ms
[234.383s][info][gc,phases   ] GC(459)   Other: 0.09ms
[234.383s][info][gc,heap     ] GC(459) Eden regions: 74->0(294)
[234.383s][info][gc,heap     ] GC(459) Survivor regions: 5->22(37)
[234.383s][info][gc,heap     ] GC(459) Old regions: 257->257
[234.383s][info][gc,heap     ] GC(459) Humongous regions: 6->4
[234.383s][info][gc,metaspace] GC(459) Metaspace: 42236K(42624K)->42236K(42624K) NonClass: 39430K(39680K)->39430K(39680K) Class: 2805K(2944K)->2805K(2944K)
[234.383s][info][gc          ] GC(459) Pause Young (Concurrent Start) (G1 Humongous Allocation) 340M->282M(735M) 14.526ms
[234.383s][info][gc,cpu      ] GC(459) User=0.02s Sys=0.00s Real=0.01s
[234.383s][info][gc          ] GC(460) Concurrent Mark Cycle
[234.383s][info][gc,marking  ] GC(460) Concurrent Scan Root Regions
[234.392s][info][gc,marking  ] GC(460) Concurrent Scan Root Regions 9.021ms
[234.392s][info][gc,marking  ] GC(460) Concurrent Mark
[234.392s][info][gc,marking  ] GC(460) Concurrent Mark From Roots
[234.392s][info][gc,task     ] GC(460) Using 1 workers of 1 for marking
[234.462s][info][gc,marking  ] GC(460) Concurrent Mark From Roots 70.234ms
[234.462s][info][gc,marking  ] GC(460) Concurrent Preclean
[234.462s][info][gc,marking  ] GC(460) Concurrent Preclean 0.033ms
[234.462s][info][gc,start    ] GC(460) Pause Remark
[234.477s][info][gc          ] GC(460) Pause Remark 309M->134M(367M) 14.916ms
[234.477s][info][gc,cpu      ] GC(460) User=0.03s Sys=0.00s Real=0.02s
[234.477s][info][gc,marking  ] GC(460) Concurrent Mark 85.463ms
[234.477s][info][gc,marking  ] GC(460) Concurrent Rebuild Remembered Sets and Scrub Regions
[234.508s][info][gc,marking  ] GC(460) Concurrent Rebuild Remembered Sets and Scrub Regions 30.483ms
[234.508s][info][gc,start    ] GC(460) Pause Cleanup
[234.508s][info][gc          ] GC(460) Pause Cleanup 143M->143M(367M) 0.049ms
[234.508s][info][gc,cpu      ] GC(460) User=0.00s Sys=0.00s Real=0.00s
[234.508s][info][gc,marking  ] GC(460) Concurrent Clear Claimed Marks
[234.508s][info][gc,marking  ] GC(460) Concurrent Clear Claimed Marks 0.040ms
[234.508s][info][gc,marking  ] GC(460) Concurrent Cleanup for Next Mark
[234.510s][info][gc,marking  ] GC(460) Concurrent Cleanup for Next Mark 1.692ms
[234.510s][info][gc          ] GC(460) Concurrent Mark Cycle 126.968ms
[234.997s][info][gc,start    ] GC(461) Pause Young (Prepare Mixed) (G1 Evacuation Pause)
[234.997s][info][gc,task     ] GC(461) Using 2 workers of 2 for evacuation
[235.010s][info][gc,phases   ] GC(461)   Pre Evacuate Collection Set: 0.21ms
[235.010s][info][gc,phases   ] GC(461)   Merge Heap Roots: 0.08ms
[235.010s][info][gc,phases   ] GC(461)   Evacuate Collection Set: 12.10ms
[235.010s][info][gc,phases   ] GC(461)   Post Evacuate Collection Set: 0.44ms
[235.010s][info][gc,phases   ] GC(461)   Other: 0.07ms
[235.010s][info][gc,heap     ] GC(461) Eden regions: 198->0(181)
[235.010s][info][gc,heap     ] GC(461) Survivor regions: 22->2(28)
[235.010s][info][gc,heap     ] GC(461) Old regions: 85->106
[235.010s][info][gc,heap     ] GC(461) Humongous regions: 3->3
[235.010s][info][gc,metaspace] GC(461) Metaspace: 42236K(42624K)->42236K(42624K) NonClass: 39430K(39680K)->39430K(39680K) Class: 2805K(2944K)->2805K(2944K)
[235.010s][info][gc          ] GC(461) Pause Young (Prepare Mixed) (G1 Evacuation Pause) 307M->110M(367M) 13.107ms
[235.010s][info][gc,cpu      ] GC(461) User=0.03s Sys=0.00s Real=0.02s
[235.532s][info][gc,start    ] GC(462) Pause Young (Mixed) (G1 Evacuation Pause)
[235.532s][info][gc,task     ] GC(462) Using 2 workers of 2 for evacuation
[235.535s][info][gc,phases   ] GC(462)   Pre Evacuate Collection Set: 0.19ms
[235.535s][info][gc,phases   ] GC(462)   Merge Heap Roots: 0.07ms
[235.535s][info][gc,phases   ] GC(462)   Evacuate Collection Set: 1.68ms
[235.535s][info][gc,phases   ] GC(462)   Post Evacuate Collection Set: 0.40ms
[235.535s][info][gc,phases   ] GC(462)   Other: 0.07ms
[235.535s][info][gc,heap     ] GC(462) Eden regions: 181->0(196)
[235.535s][info][gc,heap     ] GC(462) Survivor regions: 2->3(23)
[235.535s][info][gc,heap     ] GC(462) Old regions: 106->99
[235.535s][info][gc,heap     ] GC(462) Humongous regions: 4->3
[235.535s][info][gc,metaspace] GC(462) Metaspace: 42236K(42624K)->42236K(42624K) NonClass: 39430K(39680K)->39430K(39680K) Class: 2805K(2944K)->2805K(2944K)
[235.535s][info][gc          ] GC(462) Pause Young (Mixed) (G1 Evacuation Pause) 292M->103M(367M) 2.593ms
[235.535s][info][gc,cpu      ] GC(462) User=0.00s Sys=0.00s Real=0.00s
[236.011s][info][gc,start    ] GC(463) Pause Young (Concurrent Start) (G1 Evacuation Pause)
[236.011s][info][gc,task     ] GC(463) Using 2 workers of 2 for evacuation
[236.017s][info][gc,phases   ] GC(463)   Pre Evacuate Collection Set: 0.19ms
[236.017s][info][gc,phases   ] GC(463)   Merge Heap Roots: 0.09ms
[236.017s][info][gc,phases   ] GC(463)   Evacuate Collection Set: 4.47ms
[236.017s][info][gc,phases   ] GC(463)   Post Evacuate Collection Set: 0.46ms
[236.017s][info][gc,phases   ] GC(463)   Other: 0.11ms
[236.017s][info][gc,heap     ] GC(463) Eden regions: 196->0(202)
[236.017s][info][gc,heap     ] GC(463) Survivor regions: 3->6(25)
[236.017s][info][gc,heap     ] GC(463) Old regions: 99->99
[236.017s][info][gc,heap     ] GC(463) Humongous regions: 3->1
[236.017s][info][gc,metaspace] GC(463) Metaspace: 42239K(42624K)->42239K(42624K) NonClass: 39433K(39680K)->39433K(39680K) Class: 2805K(2944K)->2805K(2944K)
[236.017s][info][gc          ] GC(463) Pause Young (Concurrent Start) (G1 Evacuation Pause) 299M->104M(367M) 5.528ms
[236.017s][info][gc          ] GC(464) Concurrent Mark Cycle
[236.017s][info][gc,marking  ] GC(464) Concurrent Scan Root Regions
[236.018s][info][gc,cpu      ] GC(463) User=0.01s Sys=0.00s Real=0.01s
[236.021s][info][gc,marking  ] GC(464) Concurrent Scan Root Regions 4.324ms
[236.021s][info][gc,marking  ] GC(464) Concurrent Mark
[236.021s][info][gc,marking  ] GC(464) Concurrent Mark From Roots
[236.021s][info][gc,task     ] GC(464) Using 1 workers of 1 for marking
[236.094s][info][gc,marking  ] GC(464) Concurrent Mark From Roots 72.997ms
[236.094s][info][gc,marking  ] GC(464) Concurrent Preclean
[236.094s][info][gc,marking  ] GC(464) Concurrent Preclean 0.036ms
[236.094s][info][gc,start    ] GC(464) Pause Remark
[236.110s][info][gc          ] GC(464) Pause Remark 151M->139M(314M) 15.101ms
[236.110s][info][gc,cpu      ] GC(464) User=0.02s Sys=0.00s Real=0.02s
[236.110s][info][gc,marking  ] GC(464) Concurrent Mark 88.391ms
[236.110s][info][gc,marking  ] GC(464) Concurrent Rebuild Remembered Sets and Scrub Regions
[236.156s][info][gc,marking  ] GC(464) Concurrent Rebuild Remembered Sets and Scrub Regions 46.409ms
[236.156s][info][gc,start    ] GC(464) Pause Cleanup
[236.156s][info][gc          ] GC(464) Pause Cleanup 167M->167M(314M) 0.066ms
[236.156s][info][gc,cpu      ] GC(464) User=0.00s Sys=0.00s Real=0.00s
[236.156s][info][gc,marking  ] GC(464) Concurrent Clear Claimed Marks
[236.157s][info][gc,marking  ] GC(464) Concurrent Clear Claimed Marks 0.045ms
[236.157s][info][gc,marking  ] GC(464) Concurrent Cleanup for Next Mark
[236.157s][info][gc,marking  ] GC(464) Concurrent Cleanup for Next Mark 0.922ms
[236.157s][info][gc          ] GC(464) Concurrent Mark Cycle 140.615ms
[236.323s][info][gc,start    ] GC(465) Pause Young (Prepare Mixed) (G1 Evacuation Pause)
[236.323s][info][gc,task     ] GC(465) Using 2 workers of 2 for evacuation
[236.327s][info][gc,phases   ] GC(465)   Pre Evacuate Collection Set: 0.19ms
[236.327s][info][gc,phases   ] GC(465)   Merge Heap Roots: 0.06ms
[236.327s][info][gc,phases   ] GC(465)   Evacuate Collection Set: 2.65ms
[236.327s][info][gc,phases   ] GC(465)   Post Evacuate Collection Set: 0.42ms
[236.327s][info][gc,phases   ] GC(465)   Other: 0.08ms
[236.327s][info][gc,heap     ] GC(465) Eden regions: 182->0(180)
[236.327s][info][gc,heap     ] GC(465) Survivor regions: 6->4(24)
[236.327s][info][gc,heap     ] GC(465) Old regions: 87->87
[236.327s][info][gc,heap     ] GC(465) Humongous regions: 1->1
[236.327s][info][gc,metaspace] GC(465) Metaspace: 42239K(42624K)->42239K(42624K) NonClass: 39433K(39680K)->39433K(39680K) Class: 2805K(2944K)->2805K(2944K)
[236.327s][info][gc          ] GC(465) Pause Young (Prepare Mixed) (G1 Evacuation Pause) 274M->91M(314M) 3.578ms
[236.327s][info][gc,cpu      ] GC(465) User=0.01s Sys=0.00s Real=0.01s
[236.633s][info][gc,start    ] GC(466) Pause Young (Mixed) (G1 Evacuation Pause)
[236.633s][info][gc,task     ] GC(466) Using 2 workers of 2 for evacuation
[236.646s][info][gc,phases   ] GC(466)   Pre Evacuate Collection Set: 0.28ms
[236.646s][info][gc,phases   ] GC(466)   Merge Heap Roots: 0.32ms
[236.646s][info][gc,phases   ] GC(466)   Evacuate Collection Set: 11.69ms
[236.646s][info][gc,phases   ] GC(466)   Post Evacuate Collection Set: 0.55ms
[236.646s][info][gc,phases   ] GC(466)   Other: 0.08ms
[236.646s][info][gc,heap     ] GC(466) Eden regions: 180->0(183)
[236.646s][info][gc,heap     ] GC(466) Survivor regions: 4->5(23)
[236.646s][info][gc,heap     ] GC(466) Old regions: 87->63
[236.646s][info][gc,heap     ] GC(466) Humongous regions: 3->3
[236.646s][info][gc,metaspace] GC(466) Metaspace: 42239K(42624K)->42239K(42624K) NonClass: 39433K(39680K)->39433K(39680K) Class: 2805K(2944K)->2805K(2944K)
[236.646s][info][gc          ] GC(466) Pause Young (Mixed) (G1 Evacuation Pause) 273M->70M(314M) 13.104ms
[236.646s][info][gc,cpu      ] GC(466) User=0.02s Sys=0.00s Real=0.01s
[236.780s][info][gc,start    ] GC(467) Pause Young (Concurrent Start) (G1 Humongous Allocation)
[236.781s][info][gc,task     ] GC(467) Using 2 workers of 2 for evacuation
[236.787s][info][gc,phases   ] GC(467)   Pre Evacuate Collection Set: 0.20ms
[236.787s][info][gc,phases   ] GC(467)   Merge Heap Roots: 0.07ms
[236.787s][info][gc,phases   ] GC(467)   Evacuate Collection Set: 5.65ms
[236.787s][info][gc,phases   ] GC(467)   Post Evacuate Collection Set: 0.30ms
[236.787s][info][gc,phases   ] GC(467)   Other: 0.08ms
[236.787s][info][gc,heap     ] GC(467) Eden regions: 41->0(180)
[236.787s][info][gc,heap     ] GC(467) Survivor regions: 5->8(24)
[236.787s][info][gc,heap     ] GC(467) Old regions: 63->63
[236.787s][info][gc,heap     ] GC(467) Humongous regions: 3->1
[236.787s][info][gc,metaspace] GC(467) Metaspace: 42243K(42624K)->42243K(42624K) NonClass: 39437K(39680K)->39437K(39680K) Class: 2805K(2944K)->2805K(2944K)
[236.787s][info][gc          ] GC(467) Pause Young (Concurrent Start) (G1 Humongous Allocation) 111M->70M(314M) 6.464ms
[236.787s][info][gc          ] GC(468) Concurrent Mark Cycle
[236.787s][info][gc,marking  ] GC(468) Concurrent Scan Root Regions
[236.788s][info][gc,cpu      ] GC(467) User=0.01s Sys=0.00s Real=0.01s
[236.790s][info][gc,marking  ] GC(468) Concurrent Scan Root Regions 3.330ms
[236.790s][info][gc,marking  ] GC(468) Concurrent Mark
[236.790s][info][gc,marking  ] GC(468) Concurrent Mark From Roots
[236.790s][info][gc,task     ] GC(468) Using 1 workers of 1 for marking
[236.859s][info][gc,marking  ] GC(468) Concurrent Mark From Roots 68.901ms
[236.859s][info][gc,marking  ] GC(468) Concurrent Preclean
[236.859s][info][gc,marking  ] GC(468) Concurrent Preclean 0.036ms
[236.859s][info][gc,start    ] GC(468) Pause Remark
[236.875s][info][gc          ] GC(468) Pause Remark 134M->132M(314M) 15.295ms
[236.875s][info][gc,cpu      ] GC(468) User=0.03s Sys=0.00s Real=0.01s
[236.875s][info][gc,marking  ] GC(468) Concurrent Mark 84.563ms
[236.875s][info][gc,marking  ] GC(468) Concurrent Rebuild Remembered Sets and Scrub Regions
[236.904s][info][gc,marking  ] GC(468) Concurrent Rebuild Remembered Sets and Scrub Regions 28.591ms
[236.904s][info][gc,start    ] GC(468) Pause Cleanup
[236.904s][info][gc          ] GC(468) Pause Cleanup 158M->158M(314M) 0.060ms
[236.904s][info][gc,cpu      ] GC(468) User=0.00s Sys=0.00s Real=0.00s
[236.904s][info][gc,marking  ] GC(468) Concurrent Clear Claimed Marks
[236.904s][info][gc,marking  ] GC(468) Concurrent Clear Claimed Marks 0.049ms
[236.904s][info][gc,marking  ] GC(468) Concurrent Cleanup for Next Mark
[236.905s][info][gc,marking  ] GC(468) Concurrent Cleanup for Next Mark 0.963ms
[236.905s][info][gc          ] GC(468) Concurrent Mark Cycle 117.863ms
[237.245s][info][gc,start    ] GC(469) Pause Young (Prepare Mixed) (G1 Evacuation Pause)
[237.245s][info][gc,task     ] GC(469) Using 2 workers of 2 for evacuation
[237.257s][info][gc,phases   ] GC(469)   Pre Evacuate Collection Set: 0.23ms
[237.257s][info][gc,phases   ] GC(469)   Merge Heap Roots: 0.06ms
[237.257s][info][gc,phases   ] GC(469)   Evacuate Collection Set: 10.77ms
[237.257s][info][gc,phases   ] GC(469)   Post Evacuate Collection Set: 0.70ms
[237.257s][info][gc,phases   ] GC(469)   Other: 0.08ms
[237.257s][info][gc,heap     ] GC(469) Eden regions: 45->0(241)
[237.257s][info][gc,heap     ] GC(469) Survivor regions: 8->10(27)
[237.257s][info][gc,heap     ] GC(469) Old regions: 61->61
[237.257s][info][gc,heap     ] GC(469) Humongous regions: 295->3
[237.257s][info][gc,metaspace] GC(469) Metaspace: 42243K(42624K)->42243K(42624K) NonClass: 39437K(39680K)->39437K(39680K) Class: 2805K(2944K)->2805K(2944K)
[237.257s][info][gc          ] GC(469) Pause Young (Prepare Mixed) (G1 Evacuation Pause) 407M->72M(419M) 12.062ms
[237.257s][info][gc,cpu      ] GC(469) User=0.01s Sys=0.01s Real=0.02s
[237.805s][info][gc,start    ] GC(470) Pause Young (Mixed) (G1 Evacuation Pause)
[237.805s][info][gc,task     ] GC(470) Using 2 workers of 2 for evacuation
[237.830s][info][gc,phases   ] GC(470)   Pre Evacuate Collection Set: 0.27ms
[237.830s][info][gc,phases   ] GC(470)   Merge Heap Roots: 0.09ms
[237.830s][info][gc,phases   ] GC(470)   Evacuate Collection Set: 23.75ms
[237.830s][info][gc,phases   ] GC(470)   Post Evacuate Collection Set: 1.07ms
[237.830s][info][gc,phases   ] GC(470)   Other: 0.08ms
[237.830s][info][gc,heap     ] GC(470) Eden regions: 63->0(293)
[237.830s][info][gc,heap     ] GC(470) Survivor regions: 10->17(37)
[237.830s][info][gc,heap     ] GC(470) Old regions: 61->57
[237.830s][info][gc,heap     ] GC(470) Humongous regions: 365->3
[237.830s][info][gc,metaspace] GC(470) Metaspace: 42243K(42624K)->42243K(42624K) NonClass: 39437K(39680K)->39437K(39680K) Class: 2805K(2944K)->2805K(2944K)
[237.830s][info][gc          ] GC(470) Pause Young (Mixed) (G1 Evacuation Pause) 497M->75M(518M) 25.476ms
[237.830s][info][gc,cpu      ] GC(470) User=0.04s Sys=0.01s Real=0.03s
[237.908s][info][gc,start    ] GC(471) Pause Young (Concurrent Start) (G1 Humongous Allocation)
[237.908s][info][gc,task     ] GC(471) Using 2 workers of 2 for evacuation
[237.922s][info][gc,phases   ] GC(471)   Pre Evacuate Collection Set: 0.27ms
[237.922s][info][gc,phases   ] GC(471)   Merge Heap Roots: 0.06ms
[237.922s][info][gc,phases   ] GC(471)   Evacuate Collection Set: 12.92ms
[237.922s][info][gc,phases   ] GC(471)   Post Evacuate Collection Set: 0.45ms
[237.922s][info][gc,phases   ] GC(471)   Other: 0.10ms
[237.922s][info][gc,heap     ] GC(471) Eden regions: 10->0(293)
[237.922s][info][gc,heap     ] GC(471) Survivor regions: 17->17(39)
[237.922s][info][gc,heap     ] GC(471) Old regions: 57->57
[237.922s][info][gc,heap     ] GC(471) Humongous regions: 65->1
[237.922s][info][gc,metaspace] GC(471) Metaspace: 42243K(42624K)->42243K(42624K) NonClass: 39437K(39680K)->39437K(39680K) Class: 2805K(2944K)->2805K(2944K)
[237.922s][info][gc          ] GC(471) Pause Young (Concurrent Start) (G1 Humongous Allocation) 146M->73M(518M) 13.997ms
[237.922s][info][gc,cpu      ] GC(471) User=0.03s Sys=0.00s Real=0.01s
[237.922s][info][gc          ] GC(472) Concurrent Undo Cycle
[237.922s][info][gc,marking  ] GC(472) Concurrent Clear Claimed Marks
[237.922s][info][gc,marking  ] GC(472) Concurrent Clear Claimed Marks 0.039ms
[237.922s][info][gc,marking  ] GC(472) Concurrent Cleanup for Next Mark
[237.922s][info][gc,marking  ] GC(472) Concurrent Cleanup for Next Mark 0.115ms
[237.922s][info][gc          ] GC(472) Concurrent Undo Cycle 0.191ms
[237.935s][info][gc,start    ] GC(473) Pause Young (Concurrent Start) (G1 Humongous Allocation)
[237.935s][info][gc,task     ] GC(473) Using 2 workers of 2 for evacuation
[237.949s][info][gc,phases   ] GC(473)   Pre Evacuate Collection Set: 0.24ms
[237.949s][info][gc,phases   ] GC(473)   Merge Heap Roots: 0.06ms
[237.949s][info][gc,phases   ] GC(473)   Evacuate Collection Set: 12.93ms
[237.949s][info][gc,phases   ] GC(473)   Post Evacuate Collection Set: 0.55ms
[237.949s][info][gc,phases   ] GC(473)   Other: 0.09ms
[237.949s][info][gc,heap     ] GC(473) Eden regions: 2->0(293)
[237.949s][info][gc,heap     ] GC(473) Survivor regions: 17->17(39)
[237.949s][info][gc,heap     ] GC(473) Old regions: 57->57
[237.949s][info][gc,heap     ] GC(473) Humongous regions: 11->1
[237.949s][info][gc,metaspace] GC(473) Metaspace: 42243K(42624K)->42243K(42624K) NonClass: 39437K(39680K)->39437K(39680K) Class: 2805K(2944K)->2805K(2944K)
[237.949s][info][gc          ] GC(473) Pause Young (Concurrent Start) (G1 Humongous Allocation) 85M->73M(518M) 14.052ms
[237.949s][info][gc,cpu      ] GC(473) User=0.03s Sys=0.00s Real=0.02s
[237.949s][info][gc          ] GC(474) Concurrent Undo Cycle
[237.949s][info][gc,marking  ] GC(474) Concurrent Clear Claimed Marks
[237.949s][info][gc,marking  ] GC(474) Concurrent Clear Claimed Marks 0.034ms
[237.949s][info][gc,marking  ] GC(474) Concurrent Cleanup for Next Mark
[237.952s][info][gc,marking  ] GC(474) Concurrent Cleanup for Next Mark 2.247ms
[237.952s][info][gc          ] GC(474) Concurrent Undo Cycle 2.318ms
[237.971s][info][gc,start    ] GC(475) Pause Young (Concurrent Start) (G1 Humongous Allocation)
[237.971s][info][gc,task     ] GC(475) Using 2 workers of 2 for evacuation
[237.984s][info][gc,phases   ] GC(475)   Pre Evacuate Collection Set: 0.30ms
[237.984s][info][gc,phases   ] GC(475)   Merge Heap Roots: 0.05ms
[237.984s][info][gc,phases   ] GC(475)   Evacuate Collection Set: 12.95ms
[237.984s][info][gc,phases   ] GC(475)   Post Evacuate Collection Set: 0.40ms
[237.984s][info][gc,phases   ] GC(475)   Other: 0.09ms
[237.984s][info][gc,heap     ] GC(475) Eden regions: 3->0(293)
[237.984s][info][gc,heap     ] GC(475) Survivor regions: 17->17(39)
[237.984s][info][gc,heap     ] GC(475) Old regions: 57->57
[237.984s][info][gc,heap     ] GC(475) Humongous regions: 15->1
[237.984s][info][gc,metaspace] GC(475) Metaspace: 42243K(42624K)->42243K(42624K) NonClass: 39437K(39680K)->39437K(39680K) Class: 2805K(2944K)->2805K(2944K)
[237.985s][info][gc          ] GC(475) Pause Young (Concurrent Start) (G1 Humongous Allocation) 89M->74M(518M) 13.982ms
[237.985s][info][gc          ] GC(476) Concurrent Undo Cycle
[237.985s][info][gc,marking  ] GC(476) Concurrent Clear Claimed Marks
[237.985s][info][gc,marking  ] GC(476) Concurrent Clear Claimed Marks 0.035ms
[237.985s][info][gc,marking  ] GC(476) Concurrent Cleanup for Next Mark
[237.985s][info][gc,cpu      ] GC(475) User=0.02s Sys=0.00s Real=0.01s
[237.985s][info][gc,marking  ] GC(476) Concurrent Cleanup for Next Mark 0.223ms
[237.985s][info][gc          ] GC(476) Concurrent Undo Cycle 0.296ms
[238.017s][info][gc,start    ] GC(477) Pause Young (Concurrent Start) (G1 Humongous Allocation)
[238.017s][info][gc,task     ] GC(477) Using 2 workers of 2 for evacuation
[238.032s][info][gc,phases   ] GC(477)   Pre Evacuate Collection Set: 0.25ms
[238.032s][info][gc,phases   ] GC(477)   Merge Heap Roots: 0.06ms
[238.032s][info][gc,phases   ] GC(477)   Evacuate Collection Set: 13.66ms
[238.032s][info][gc,phases   ] GC(477)   Post Evacuate Collection Set: 0.38ms
[238.032s][info][gc,phases   ] GC(477)   Other: 0.10ms
[238.032s][info][gc,heap     ] GC(477) Eden regions: 4->0(292)
[238.032s][info][gc,heap     ] GC(477) Survivor regions: 17->18(39)
[238.032s][info][gc,heap     ] GC(477) Old regions: 57->57
[238.032s][info][gc,heap     ] GC(477) Humongous regions: 19->1
[238.032s][info][gc,metaspace] GC(477) Metaspace: 42243K(42624K)->42243K(42624K) NonClass: 39437K(39680K)->39437K(39680K) Class: 2805K(2944K)->2805K(2944K)
[238.032s][info][gc          ] GC(477) Pause Young (Concurrent Start) (G1 Humongous Allocation) 96M->74M(518M) 14.676ms
[238.032s][info][gc          ] GC(478) Concurrent Undo Cycle
[238.032s][info][gc,marking  ] GC(478) Concurrent Clear Claimed Marks
[238.032s][info][gc,marking  ] GC(478) Concurrent Clear Claimed Marks 0.038ms
[238.032s][info][gc,marking  ] GC(478) Concurrent Cleanup for Next Mark
[238.032s][info][gc,cpu      ] GC(477) User=0.03s Sys=0.00s Real=0.01s
[238.032s][info][gc,marking  ] GC(478) Concurrent Cleanup for Next Mark 0.206ms
[238.032s][info][gc          ] GC(478) Concurrent Undo Cycle 0.281ms
[238.065s][info][gc,start    ] GC(479) Pause Young (Concurrent Start) (G1 Humongous Allocation)
[238.065s][info][gc,task     ] GC(479) Using 2 workers of 2 for evacuation
[238.081s][info][gc,phases   ] GC(479)   Pre Evacuate Collection Set: 0.26ms
[238.081s][info][gc,phases   ] GC(479)   Merge Heap Roots: 0.05ms
[238.081s][info][gc,phases   ] GC(479)   Evacuate Collection Set: 14.02ms
[238.081s][info][gc,phases   ] GC(479)   Post Evacuate Collection Set: 1.56ms
[238.081s][info][gc,phases   ] GC(479)   Other: 0.18ms
[238.081s][info][gc,heap     ] GC(479) Eden regions: 4->0(400)
[238.081s][info][gc,heap     ] GC(479) Survivor regions: 18->18(39)
[238.081s][info][gc,heap     ] GC(479) Old regions: 57->57
[238.081s][info][gc,heap     ] GC(479) Humongous regions: 21->1
[238.081s][info][gc,metaspace] GC(479) Metaspace: 42243K(42624K)->42243K(42624K) NonClass: 39437K(39680K)->39437K(39680K) Class: 2805K(2944K)->2805K(2944K)
[238.081s][info][gc          ] GC(479) Pause Young (Concurrent Start) (G1 Humongous Allocation) 98M->75M(697M) 16.298ms
[238.081s][info][gc,cpu      ] GC(479) User=0.03s Sys=0.00s Real=0.02s
[238.081s][info][gc          ] GC(480) Concurrent Undo Cycle
[238.081s][info][gc,marking  ] GC(480) Concurrent Clear Claimed Marks
[238.081s][info][gc,marking  ] GC(480) Concurrent Clear Claimed Marks 0.038ms
[238.081s][info][gc,marking  ] GC(480) Concurrent Cleanup for Next Mark
[238.081s][info][gc,marking  ] GC(480) Concurrent Cleanup for Next Mark 0.218ms
[238.081s][info][gc          ] GC(480) Concurrent Undo Cycle 0.333ms
[238.209s][info][gc,start    ] GC(481) Pause Young (Concurrent Start) (G1 Humongous Allocation)
[238.210s][info][gc,task     ] GC(481) Using 2 workers of 2 for evacuation
[238.228s][info][gc,phases   ] GC(481)   Pre Evacuate Collection Set: 0.27ms
[238.228s][info][gc,phases   ] GC(481)   Merge Heap Roots: 0.05ms
[238.228s][info][gc,phases   ] GC(481)   Evacuate Collection Set: 17.00ms
[238.228s][info][gc,phases   ] GC(481)   Post Evacuate Collection Set: 0.69ms
[238.228s][info][gc,phases   ] GC(481)   Other: 0.12ms
[238.228s][info][gc,heap     ] GC(481) Eden regions: 16->0(398)
[238.228s][info][gc,heap     ] GC(481) Survivor regions: 18->20(53)
[238.228s][info][gc,heap     ] GC(481) Old regions: 57->57
[238.228s][info][gc,heap     ] GC(481) Humongous regions: 87->1
[238.228s][info][gc,metaspace] GC(481) Metaspace: 42243K(42624K)->42243K(42624K) NonClass: 39437K(39680K)->39437K(39680K) Class: 2805K(2944K)->2805K(2944K)
[238.228s][info][gc          ] GC(481) Pause Young (Concurrent Start) (G1 Humongous Allocation) 176M->77M(697M) 18.375ms
[238.228s][info][gc,cpu      ] GC(481) User=0.04s Sys=0.01s Real=0.02s
[238.228s][info][gc          ] GC(482) Concurrent Undo Cycle
[238.228s][info][gc,marking  ] GC(482) Concurrent Clear Claimed Marks
[238.228s][info][gc,marking  ] GC(482) Concurrent Clear Claimed Marks 0.039ms
[238.228s][info][gc,marking  ] GC(482) Concurrent Cleanup for Next Mark
[238.228s][info][gc,marking  ] GC(482) Concurrent Cleanup for Next Mark 0.161ms
[238.228s][info][gc          ] GC(482) Concurrent Undo Cycle 0.239ms
[238.372s][info][gc,start    ] GC(483) Pause Young (Concurrent Start) (G1 Humongous Allocation)
[238.372s][info][gc,task     ] GC(483) Using 2 workers of 2 for evacuation
[238.395s][info][gc,phases   ] GC(483)   Pre Evacuate Collection Set: 0.28ms
[238.395s][info][gc,phases   ] GC(483)   Merge Heap Roots: 0.05ms
[238.395s][info][gc,phases   ] GC(483)   Evacuate Collection Set: 22.65ms
[238.395s][info][gc,phases   ] GC(483)   Post Evacuate Collection Set: 0.45ms
[238.395s][info][gc,phases   ] GC(483)   Other: 0.10ms
[238.395s][info][gc,heap     ] GC(483) Eden regions: 20->0(394)
[238.395s][info][gc,heap     ] GC(483) Survivor regions: 20->24(53)
[238.395s][info][gc,heap     ] GC(483) Old regions: 57->57
[238.395s][info][gc,heap     ] GC(483) Humongous regions: 91->1
[238.396s][info][gc,metaspace] GC(483) Metaspace: 42243K(42624K)->42243K(42624K) NonClass: 39437K(39680K)->39437K(39680K) Class: 2805K(2944K)->2805K(2944K)
[238.396s][info][gc          ] GC(483) Pause Young (Concurrent Start) (G1 Humongous Allocation) 187M->81M(697M) 23.746ms
[238.396s][info][gc,cpu      ] GC(483) User=0.05s Sys=0.01s Real=0.02s
[238.396s][info][gc          ] GC(484) Concurrent Undo Cycle
[238.396s][info][gc,marking  ] GC(484) Concurrent Clear Claimed Marks
[238.396s][info][gc,marking  ] GC(484) Concurrent Clear Claimed Marks 0.036ms
[238.396s][info][gc,marking  ] GC(484) Concurrent Cleanup for Next Mark
[238.396s][info][gc,marking  ] GC(484) Concurrent Cleanup for Next Mark 0.222ms
[238.396s][info][gc          ] GC(484) Concurrent Undo Cycle 0.299ms
[238.532s][info][gc,start    ] GC(485) Pause Young (Concurrent Start) (G1 Humongous Allocation)
[238.532s][info][gc,task     ] GC(485) Using 2 workers of 2 for evacuation
[238.556s][info][gc,phases   ] GC(485)   Pre Evacuate Collection Set: 0.27ms
[238.556s][info][gc,phases   ] GC(485)   Merge Heap Roots: 0.06ms
[238.556s][info][gc,phases   ] GC(485)   Evacuate Collection Set: 22.69ms
[238.556s][info][gc,phases   ] GC(485)   Post Evacuate Collection Set: 0.40ms
[238.556s][info][gc,phases   ] GC(485)   Other: 0.13ms
[238.556s][info][gc,heap     ] GC(485) Eden regions: 18->0(392)
[238.556s][info][gc,heap     ] GC(485) Survivor regions: 24->26(53)
[238.556s][info][gc,heap     ] GC(485) Old regions: 57->57
[238.556s][info][gc,heap     ] GC(485) Humongous regions: 93->1
[238.556s][info][gc,metaspace] GC(485) Metaspace: 42243K(42624K)->42243K(42624K) NonClass: 39437K(39680K)->39437K(39680K) Class: 2805K(2944K)->2805K(2944K)
[238.556s][info][gc          ] GC(485) Pause Young (Concurrent Start) (G1 Humongous Allocation) 190M->83M(697M) 23.766ms
[238.556s][info][gc,cpu      ] GC(485) User=0.05s Sys=0.00s Real=0.02s
[238.556s][info][gc          ] GC(486) Concurrent Undo Cycle
[238.556s][info][gc,marking  ] GC(486) Concurrent Clear Claimed Marks
[238.556s][info][gc,marking  ] GC(486) Concurrent Clear Claimed Marks 0.039ms
[238.556s][info][gc,marking  ] GC(486) Concurrent Cleanup for Next Mark
[238.556s][info][gc,marking  ] GC(486) Concurrent Cleanup for Next Mark 0.162ms
[238.556s][info][gc          ] GC(486) Concurrent Undo Cycle 0.267ms
[238.707s][info][gc,start    ] GC(487) Pause Young (Concurrent Start) (G1 Humongous Allocation)
[238.707s][info][gc,task     ] GC(487) Using 2 workers of 2 for evacuation
[238.734s][info][gc,phases   ] GC(487)   Pre Evacuate Collection Set: 0.29ms
[238.734s][info][gc,phases   ] GC(487)   Merge Heap Roots: 0.06ms
[238.734s][info][gc,phases   ] GC(487)   Evacuate Collection Set: 26.03ms
[238.734s][info][gc,phases   ] GC(487)   Post Evacuate Collection Set: 0.95ms
[238.734s][info][gc,phases   ] GC(487)   Other: 0.12ms
[238.734s][info][gc,heap     ] GC(487) Eden regions: 20->0(423)
[238.734s][info][gc,heap     ] GC(487) Survivor regions: 26->29(53)
[238.734s][info][gc,heap     ] GC(487) Old regions: 57->57
[238.734s][info][gc,heap     ] GC(487) Humongous regions: 97->1
[238.734s][info][gc,metaspace] GC(487) Metaspace: 42243K(42624K)->42243K(42624K) NonClass: 39437K(39680K)->39437K(39680K) Class: 2805K(2944K)->2805K(2944K)
[238.734s][info][gc          ] GC(487) Pause Young (Concurrent Start) (G1 Humongous Allocation) 199M->85M(754M) 27.682ms
[238.734s][info][gc,cpu      ] GC(487) User=0.05s Sys=0.00s Real=0.02s
[238.734s][info][gc          ] GC(488) Concurrent Undo Cycle
[238.735s][info][gc,marking  ] GC(488) Concurrent Clear Claimed Marks
[238.735s][info][gc,marking  ] GC(488) Concurrent Clear Claimed Marks 0.039ms
[238.735s][info][gc,marking  ] GC(488) Concurrent Cleanup for Next Mark
[238.735s][info][gc,marking  ] GC(488) Concurrent Cleanup for Next Mark 0.242ms
[238.735s][info][gc          ] GC(488) Concurrent Undo Cycle 0.332ms
[238.909s][info][gc,start    ] GC(489) Pause Young (Concurrent Start) (G1 Humongous Allocation)
[238.909s][info][gc,task     ] GC(489) Using 2 workers of 2 for evacuation
[238.944s][info][gc,phases   ] GC(489)   Pre Evacuate Collection Set: 0.53ms
[238.944s][info][gc,phases   ] GC(489)   Merge Heap Roots: 0.09ms
[238.944s][info][gc,phases   ] GC(489)   Evacuate Collection Set: 34.09ms
[238.944s][info][gc,phases   ] GC(489)   Post Evacuate Collection Set: 0.43ms
[238.944s][info][gc,phases   ] GC(489)   Other: 0.19ms
[238.945s][info][gc,heap     ] GC(489) Eden regions: 21->0(424)
[238.945s][info][gc,heap     ] GC(489) Survivor regions: 29->28(57)
[238.945s][info][gc,heap     ] GC(489) Old regions: 57->58
[238.945s][info][gc,heap     ] GC(489) Humongous regions: 121->1
[238.945s][info][gc,metaspace] GC(489) Metaspace: 42243K(42624K)->42243K(42624K) NonClass: 39437K(39680K)->39437K(39680K) Class: 2805K(2944K)->2805K(2944K)
[238.945s][info][gc          ] GC(489) Pause Young (Concurrent Start) (G1 Humongous Allocation) 225M->86M(754M) 35.534ms
[238.945s][info][gc,cpu      ] GC(489) User=0.06s Sys=0.01s Real=0.03s
[238.945s][info][gc          ] GC(490) Concurrent Undo Cycle
[238.945s][info][gc,marking  ] GC(490) Concurrent Clear Claimed Marks
[238.945s][info][gc,marking  ] GC(490) Concurrent Clear Claimed Marks 0.055ms
[238.945s][info][gc,marking  ] GC(490) Concurrent Cleanup for Next Mark
[238.947s][info][gc,marking  ] GC(490) Concurrent Cleanup for Next Mark 1.998ms
[238.947s][info][gc          ] GC(490) Concurrent Undo Cycle 2.116ms
[240.238s][info][gc,start    ] GC(491) Pause Young (Normal) (G1 Evacuation Pause)
[240.238s][info][gc,task     ] GC(491) Using 2 workers of 2 for evacuation
[240.250s][info][gc,phases   ] GC(491)   Pre Evacuate Collection Set: 0.29ms
[240.250s][info][gc,phases   ] GC(491)   Merge Heap Roots: 0.15ms
[240.250s][info][gc,phases   ] GC(491)   Evacuate Collection Set: 10.33ms
[240.250s][info][gc,phases   ] GC(491)   Post Evacuate Collection Set: 0.84ms
[240.250s][info][gc,phases   ] GC(491)   Other: 0.16ms
[240.250s][info][gc,heap     ] GC(491) Eden regions: 424->0(439)
[240.250s][info][gc,heap     ] GC(491) Survivor regions: 28->13(57)
[240.250s][info][gc,heap     ] GC(491) Old regions: 58->58
[240.250s][info][gc,heap     ] GC(491) Humongous regions: 119->1
[240.250s][info][gc,metaspace] GC(491) Metaspace: 42271K(42688K)->42271K(42688K) NonClass: 39466K(39744K)->39466K(39744K) Class: 2805K(2944K)->2805K(2944K)
[240.250s][info][gc          ] GC(491) Pause Young (Normal) (G1 Evacuation Pause) 628M->71M(754M) 11.970ms
[240.250s][info][gc,cpu      ] GC(491) User=0.02s Sys=0.00s Real=0.01s
[241.166s][info][gc,start    ] GC(492) Pause Young (Normal) (G1 Evacuation Pause)
[241.166s][info][gc,task     ] GC(492) Using 2 workers of 2 for evacuation
[241.176s][info][gc,phases   ] GC(492)   Pre Evacuate Collection Set: 0.26ms
[241.176s][info][gc,phases   ] GC(492)   Merge Heap Roots: 0.12ms
[241.176s][info][gc,phases   ] GC(492)   Evacuate Collection Set: 9.01ms
[241.176s][info][gc,phases   ] GC(492)   Post Evacuate Collection Set: 0.94ms
[241.176s][info][gc,phases   ] GC(492)   Other: 0.11ms
[241.176s][info][gc,heap     ] GC(492) Eden regions: 439->0(440)
[241.176s][info][gc,heap     ] GC(492) Survivor regions: 13->12(57)
[241.177s][info][gc,heap     ] GC(492) Old regions: 58->59
[241.177s][info][gc,heap     ] GC(492) Humongous regions: 1->1
[241.177s][info][gc,metaspace] GC(492) Metaspace: 42286K(42688K)->42286K(42688K) NonClass: 39481K(39744K)->39481K(39744K) Class: 2805K(2944K)->2805K(2944K)
[241.177s][info][gc          ] GC(492) Pause Young (Normal) (G1 Evacuation Pause) 510M->71M(754M) 10.664ms
[241.177s][info][gc,cpu      ] GC(492) User=0.02s Sys=0.00s Real=0.01s
[242.155s][info][gc,start    ] GC(493) Pause Young (Normal) (G1 Evacuation Pause)
[242.155s][info][gc,task     ] GC(493) Using 2 workers of 2 for evacuation
[242.163s][info][gc,phases   ] GC(493)   Pre Evacuate Collection Set: 0.41ms
[242.163s][info][gc,phases   ] GC(493)   Merge Heap Roots: 0.18ms
[242.163s][info][gc,phases   ] GC(493)   Evacuate Collection Set: 7.37ms
[242.163s][info][gc,phases   ] GC(493)   Post Evacuate Collection Set: 0.69ms
[242.164s][info][gc,phases   ] GC(493)   Other: 0.10ms
[242.164s][info][gc,heap     ] GC(493) Eden regions: 440->0(440)
[242.164s][info][gc,heap     ] GC(493) Survivor regions: 12->12(57)
[242.164s][info][gc,heap     ] GC(493) Old regions: 59->61
[242.164s][info][gc,heap     ] GC(493) Humongous regions: 1->1
[242.164s][info][gc,metaspace] GC(493) Metaspace: 42462K(42880K)->42462K(42880K) NonClass: 39656K(39936K)->39656K(39936K) Class: 2805K(2944K)->2805K(2944K)
[242.164s][info][gc          ] GC(493) Pause Young (Normal) (G1 Evacuation Pause) 511M->72M(754M) 8.970ms
[242.164s][info][gc,cpu      ] GC(493) User=0.01s Sys=0.00s Real=0.01s
[243.992s][info][gc,start    ] GC(494) Pause Young (Normal) (G1 Evacuation Pause)
[243.992s][info][gc,task     ] GC(494) Using 2 workers of 2 for evacuation
[244.024s][info][gc,phases   ] GC(494)   Pre Evacuate Collection Set: 0.27ms
[244.024s][info][gc,phases   ] GC(494)   Merge Heap Roots: 0.15ms
[244.024s][info][gc,phases   ] GC(494)   Evacuate Collection Set: 29.96ms
[244.024s][info][gc,phases   ] GC(494)   Post Evacuate Collection Set: 0.93ms
[244.024s][info][gc,phases   ] GC(494)   Other: 0.11ms
[244.024s][info][gc,heap     ] GC(494) Eden regions: 440->0(423)
[244.024s][info][gc,heap     ] GC(494) Survivor regions: 12->29(57)
[244.024s][info][gc,heap     ] GC(494) Old regions: 61->61
[244.024s][info][gc,heap     ] GC(494) Humongous regions: 14->4
[244.024s][info][gc,metaspace] GC(494) Metaspace: 42510K(42880K)->42510K(42880K) NonClass: 39705K(39936K)->39705K(39936K) Class: 2805K(2944K)->2805K(2944K)
[244.024s][info][gc          ] GC(494) Pause Young (Normal) (G1 Evacuation Pause) 525M->93M(754M) 31.658ms
[244.024s][info][gc,cpu      ] GC(494) User=0.06s Sys=0.00s Real=0.03s
[244.915s][info][gc,start    ] GC(495) Pause Young (Normal) (G1 Evacuation Pause)
[244.915s][info][gc,task     ] GC(495) Using 2 workers of 2 for evacuation
[244.998s][info][gc,phases   ] GC(495)   Pre Evacuate Collection Set: 0.39ms
[244.998s][info][gc,phases   ] GC(495)   Merge Heap Roots: 0.16ms
[244.998s][info][gc,phases   ] GC(495)   Evacuate Collection Set: 80.81ms
[244.998s][info][gc,phases   ] GC(495)   Post Evacuate Collection Set: 0.85ms
[244.998s][info][gc,phases   ] GC(495)   Other: 0.10ms
[244.998s][info][gc,heap     ] GC(495) Eden regions: 423->0(395)
[244.998s][info][gc,heap     ] GC(495) Survivor regions: 29->57(57)
[244.998s][info][gc,heap     ] GC(495) Old regions: 61->78
[244.998s][info][gc,heap     ] GC(495) Humongous regions: 6->6
[244.998s][info][gc,metaspace] GC(495) Metaspace: 42510K(42880K)->42510K(42880K) NonClass: 39705K(39936K)->39705K(39936K) Class: 2805K(2944K)->2805K(2944K)
[244.998s][info][gc          ] GC(495) Pause Young (Normal) (G1 Evacuation Pause) 518M->141M(754M) 82.539ms
[244.998s][info][gc,cpu      ] GC(495) User=0.16s Sys=0.00s Real=0.09s
[248.940s][info][gc,start    ] GC(496) Pause Young (Normal) (G1 Evacuation Pause)
[248.941s][info][gc,task     ] GC(496) Using 2 workers of 2 for evacuation
[249.043s][info][gc,phases   ] GC(496)   Pre Evacuate Collection Set: 0.47ms
[249.043s][info][gc,phases   ] GC(496)   Merge Heap Roots: 0.42ms
[249.043s][info][gc,phases   ] GC(496)   Evacuate Collection Set: 98.42ms
[249.043s][info][gc,phases   ] GC(496)   Post Evacuate Collection Set: 2.80ms
[249.043s][info][gc,phases   ] GC(496)   Other: 0.10ms
[249.043s][info][gc,heap     ] GC(496) Eden regions: 395->0(431)
[249.043s][info][gc,heap     ] GC(496) Survivor regions: 57->21(57)
[249.043s][info][gc,heap     ] GC(496) Old regions: 78->122
[249.043s][info][gc,heap     ] GC(496) Humongous regions: 22->16
[249.043s][info][gc,metaspace] GC(496) Metaspace: 42528K(42880K)->42528K(42880K) NonClass: 39723K(39936K)->39723K(39936K) Class: 2805K(2944K)->2805K(2944K)
[249.043s][info][gc          ] GC(496) Pause Young (Normal) (G1 Evacuation Pause) 552M->158M(754M) 102.438ms
[249.043s][info][gc,cpu      ] GC(496) User=0.20s Sys=0.00s Real=0.10s
[250.923s][info][gc,start    ] GC(497) Pause Young (Normal) (G1 Evacuation Pause)
[250.923s][info][gc,task     ] GC(497) Using 2 workers of 2 for evacuation
[250.955s][info][gc,phases   ] GC(497)   Pre Evacuate Collection Set: 0.50ms
[250.955s][info][gc,phases   ] GC(497)   Merge Heap Roots: 0.28ms
[250.955s][info][gc,phases   ] GC(497)   Evacuate Collection Set: 30.73ms
[250.955s][info][gc,phases   ] GC(497)   Post Evacuate Collection Set: 0.70ms
[250.955s][info][gc,phases   ] GC(497)   Other: 0.08ms
[250.955s][info][gc,heap     ] GC(497) Eden regions: 431->0(428)
[250.955s][info][gc,heap     ] GC(497) Survivor regions: 21->24(57)
[250.955s][info][gc,heap     ] GC(497) Old regions: 122->122
[250.955s][info][gc,heap     ] GC(497) Humongous regions: 16->16
[250.955s][info][gc,metaspace] GC(497) Metaspace: 42537K(42880K)->42537K(42880K) NonClass: 39731K(39936K)->39731K(39936K) Class: 2805K(2944K)->2805K(2944K)
[250.955s][info][gc          ] GC(497) Pause Young (Normal) (G1 Evacuation Pause) 589M->161M(754M) 32.473ms
[250.955s][info][gc,cpu      ] GC(497) User=0.06s Sys=0.00s Real=0.03s
[253.300s][info][gc,start    ] GC(498) Pause Young (Normal) (G1 Evacuation Pause)
[253.300s][info][gc,task     ] GC(498) Using 2 workers of 2 for evacuation
[253.327s][info][gc,phases   ] GC(498)   Pre Evacuate Collection Set: 0.28ms
[253.327s][info][gc,phases   ] GC(498)   Merge Heap Roots: 0.22ms
[253.327s][info][gc,phases   ] GC(498)   Evacuate Collection Set: 26.51ms
[253.327s][info][gc,phases   ] GC(498)   Post Evacuate Collection Set: 0.69ms
[253.327s][info][gc,phases   ] GC(498)   Other: 0.07ms
[253.327s][info][gc,heap     ] GC(498) Eden regions: 428->0(430)
[253.327s][info][gc,heap     ] GC(498) Survivor regions: 24->22(57)
[253.327s][info][gc,heap     ] GC(498) Old regions: 122->122
[253.327s][info][gc,heap     ] GC(498) Humongous regions: 17->16
[253.327s][info][gc,metaspace] GC(498) Metaspace: 42538K(42880K)->42538K(42880K) NonClass: 39732K(39936K)->39732K(39936K) Class: 2805K(2944K)->2805K(2944K)
[253.328s][info][gc          ] GC(498) Pause Young (Normal) (G1 Evacuation Pause) 590M->159M(754M) 27.944ms
[253.328s][info][gc,cpu      ] GC(498) User=0.05s Sys=0.00s Real=0.03s
[254.927s][info][gc,start    ] GC(499) Pause Young (Normal) (G1 Evacuation Pause)
[254.927s][info][gc,task     ] GC(499) Using 2 workers of 2 for evacuation
[254.981s][info][gc,phases   ] GC(499)   Pre Evacuate Collection Set: 0.25ms
[254.981s][info][gc,phases   ] GC(499)   Merge Heap Roots: 0.22ms
[254.981s][info][gc,phases   ] GC(499)   Evacuate Collection Set: 52.46ms
[254.981s][info][gc,phases   ] GC(499)   Post Evacuate Collection Set: 0.73ms
[254.981s][info][gc,phases   ] GC(499)   Other: 0.10ms
[254.981s][info][gc,heap     ] GC(499) Eden regions: 430->0(404)
[254.981s][info][gc,heap     ] GC(499) Survivor regions: 22->48(57)
[254.981s][info][gc,heap     ] GC(499) Old regions: 122->122
[254.981s][info][gc,heap     ] GC(499) Humongous regions: 19->19
[254.981s][info][gc,metaspace] GC(499) Metaspace: 42538K(42880K)->42538K(42880K) NonClass: 39732K(39936K)->39732K(39936K) Class: 2805K(2944K)->2805K(2944K)
[254.981s][info][gc          ] GC(499) Pause Young (Normal) (G1 Evacuation Pause) 592M->188M(754M) 53.985ms
[254.981s][info][gc,cpu      ] GC(499) User=0.10s Sys=0.00s Real=0.05s
[255.937s][info][gc,start    ] GC(500) Pause Young (Normal) (G1 Evacuation Pause)
[255.937s][info][gc,task     ] GC(500) Using 2 workers of 2 for evacuation
[256.047s][info][gc,phases   ] GC(500)   Pre Evacuate Collection Set: 0.27ms
[256.047s][info][gc,phases   ] GC(500)   Merge Heap Roots: 0.28ms
[256.047s][info][gc,phases   ] GC(500)   Evacuate Collection Set: 108.66ms
[256.047s][info][gc,phases   ] GC(500)   Post Evacuate Collection Set: 0.82ms
[256.047s][info][gc,phases   ] GC(500)   Other: 0.12ms
[256.047s][info][gc,heap     ] GC(500) Eden regions: 404->0(395)
[256.047s][info][gc,heap     ] GC(500) Survivor regions: 48->57(57)
[256.047s][info][gc,heap     ] GC(500) Old regions: 122->158
[256.047s][info][gc,heap     ] GC(500) Humongous regions: 25->25
[256.047s][info][gc,metaspace] GC(500) Metaspace: 42538K(42880K)->42538K(42880K) NonClass: 39732K(39936K)->39732K(39936K) Class: 2805K(2944K)->2805K(2944K)
[256.047s][info][gc          ] GC(500) Pause Young (Normal) (G1 Evacuation Pause) 598M->240M(754M) 110.373ms
[256.047s][info][gc,cpu      ] GC(500) User=0.21s Sys=0.00s Real=0.12s
[258.208s][info][gc,start    ] GC(501) Pause Young (Normal) (G1 Evacuation Pause)
[258.208s][info][gc,task     ] GC(501) Using 2 workers of 2 for evacuation
[258.294s][info][gc,phases   ] GC(501)   Pre Evacuate Collection Set: 0.30ms
[258.294s][info][gc,phases   ] GC(501)   Merge Heap Roots: 0.27ms
[258.294s][info][gc,phases   ] GC(501)   Evacuate Collection Set: 84.72ms
[258.294s][info][gc,phases   ] GC(501)   Post Evacuate Collection Set: 0.66ms
[258.294s][info][gc,phases   ] GC(501)   Other: 0.11ms
[258.294s][info][gc,heap     ] GC(501) Eden regions: 395->0(407)
[258.294s][info][gc,heap     ] GC(501) Survivor regions: 57->23(57)
[258.294s][info][gc,heap     ] GC(501) Old regions: 158->206
[258.294s][info][gc,heap     ] GC(501) Humongous regions: 33->31
[258.294s][info][gc,metaspace] GC(501) Metaspace: 42538K(42880K)->42538K(42880K) NonClass: 39732K(39936K)->39732K(39936K) Class: 2805K(2944K)->2805K(2944K)
[258.294s][info][gc          ] GC(501) Pause Young (Normal) (G1 Evacuation Pause) 643M->259M(754M) 86.303ms
[258.294s][info][gc,cpu      ] GC(501) User=0.17s Sys=0.00s Real=0.08s
[260.483s][info][gc,start    ] GC(502) Pause Young (Concurrent Start) (G1 Evacuation Pause)
[260.483s][info][gc,task     ] GC(502) Using 2 workers of 2 for evacuation
[260.514s][info][gc,phases   ] GC(502)   Pre Evacuate Collection Set: 0.31ms
[260.514s][info][gc,phases   ] GC(502)   Merge Heap Roots: 0.21ms
[260.514s][info][gc,phases   ] GC(502)   Evacuate Collection Set: 29.83ms
[260.514s][info][gc,phases   ] GC(502)   Post Evacuate Collection Set: 0.66ms
[260.514s][info][gc,phases   ] GC(502)   Other: 0.13ms
[260.514s][info][gc,heap     ] GC(502) Eden regions: 407->0(426)
[260.514s][info][gc,heap     ] GC(502) Survivor regions: 23->19(54)
[260.514s][info][gc,heap     ] GC(502) Old regions: 206->206
[260.514s][info][gc,heap     ] GC(502) Humongous regions: 31->31
[260.514s][info][gc,metaspace] GC(502) Metaspace: 42538K(42880K)->42538K(42880K) NonClass: 39732K(39936K)->39732K(39936K) Class: 2805K(2944K)->2805K(2944K)
[260.514s][info][gc          ] GC(502) Pause Young (Concurrent Start) (G1 Evacuation Pause) 666M->255M(754M) 31.323ms
[260.514s][info][gc,cpu      ] GC(502) User=0.05s Sys=0.00s Real=0.03s
[260.514s][info][gc          ] GC(503) Concurrent Mark Cycle
[260.514s][info][gc,marking  ] GC(503) Concurrent Scan Root Regions
[260.524s][info][gc,marking  ] GC(503) Concurrent Scan Root Regions 9.246ms
[260.524s][info][gc,marking  ] GC(503) Concurrent Mark
[260.524s][info][gc,marking  ] GC(503) Concurrent Mark From Roots
[260.524s][info][gc,task     ] GC(503) Using 1 workers of 1 for marking
[260.559s][info][gc,marking  ] GC(503) Concurrent Mark From Roots 34.900ms
[260.559s][info][gc,marking  ] GC(503) Concurrent Preclean
[260.559s][info][gc,marking  ] GC(503) Concurrent Preclean 0.255ms
[260.559s][info][gc,start    ] GC(503) Pause Remark
[260.576s][info][gc          ] GC(503) Pause Remark 263M->98M(304M) 17.080ms
[260.576s][info][gc,cpu      ] GC(503) User=0.03s Sys=0.00s Real=0.01s
[260.576s][info][gc,marking  ] GC(503) Concurrent Mark 52.629ms
[260.576s][info][gc,marking  ] GC(503) Concurrent Rebuild Remembered Sets and Scrub Regions
[260.608s][info][gc,marking  ] GC(503) Concurrent Rebuild Remembered Sets and Scrub Regions 31.480ms
[260.608s][info][gc,start    ] GC(503) Pause Cleanup
[260.608s][info][gc          ] GC(503) Pause Cleanup 104M->104M(304M) 0.047ms
[260.608s][info][gc,cpu      ] GC(503) User=0.00s Sys=0.00s Real=0.00s
[260.609s][info][gc,marking  ] GC(503) Concurrent Clear Claimed Marks
[260.609s][info][gc,marking  ] GC(503) Concurrent Clear Claimed Marks 0.054ms
[260.609s][info][gc,marking  ] GC(503) Concurrent Cleanup for Next Mark
[260.611s][info][gc,marking  ] GC(503) Concurrent Cleanup for Next Mark 1.733ms
[260.611s][info][gc          ] GC(503) Concurrent Mark Cycle 96.440ms
[261.457s][info][gc,start    ] GC(504) Pause Young (Prepare Mixed) (G1 Evacuation Pause)
[261.457s][info][gc,task     ] GC(504) Using 2 workers of 2 for evacuation
[261.469s][info][gc,phases   ] GC(504)   Pre Evacuate Collection Set: 0.19ms
[261.469s][info][gc,phases   ] GC(504)   Merge Heap Roots: 1.49ms
[261.469s][info][gc,phases   ] GC(504)   Evacuate Collection Set: 10.06ms
[261.469s][info][gc,phases   ] GC(504)   Post Evacuate Collection Set: 0.42ms
[261.469s][info][gc,phases   ] GC(504)   Other: 0.07ms
[261.469s][info][gc,heap     ] GC(504) Eden regions: 163->0(180)
[261.469s][info][gc,heap     ] GC(504) Survivor regions: 19->2(23)
[261.469s][info][gc,heap     ] GC(504) Old regions: 71->79
[261.469s][info][gc,heap     ] GC(504) Humongous regions: 2->1
[261.469s][info][gc,metaspace] GC(504) Metaspace: 42538K(42880K)->42538K(42880K) NonClass: 39732K(39936K)->39732K(39936K) Class: 2805K(2944K)->2805K(2944K)
[261.469s][info][gc          ] GC(504) Pause Young (Prepare Mixed) (G1 Evacuation Pause) 255M->81M(304M) 12.414ms
[261.469s][info][gc,cpu      ] GC(504) User=0.01s Sys=0.00s Real=0.01s
[262.415s][info][gc,start    ] GC(505) Pause Young (Mixed) (G1 Evacuation Pause)
[262.415s][info][gc,task     ] GC(505) Using 2 workers of 2 for evacuation
[262.452s][info][gc,phases   ] GC(505)   Pre Evacuate Collection Set: 0.18ms
[262.452s][info][gc,phases   ] GC(505)   Merge Heap Roots: 0.09ms
[262.452s][info][gc,phases   ] GC(505)   Evacuate Collection Set: 36.51ms
[262.452s][info][gc,phases   ] GC(505)   Post Evacuate Collection Set: 0.44ms
[262.452s][info][gc,phases   ] GC(505)   Other: 0.08ms
[262.452s][info][gc,heap     ] GC(505) Eden regions: 180->0(161)
[262.452s][info][gc,heap     ] GC(505) Survivor regions: 2->21(23)
[262.452s][info][gc,heap     ] GC(505) Old regions: 79->67
[262.452s][info][gc,heap     ] GC(505) Humongous regions: 3->3
[262.452s][info][gc,metaspace] GC(505) Metaspace: 42542K(42880K)->42542K(42880K) NonClass: 39736K(39936K)->39736K(39936K) Class: 2805K(2944K)->2805K(2944K)
[262.452s][info][gc          ] GC(505) Pause Young (Mixed) (G1 Evacuation Pause) 263M->90M(304M) 37.481ms
[262.452s][info][gc,cpu      ] GC(505) User=0.05s Sys=0.00s Real=0.04s
[262.482s][info][gc,start    ] GC(506) Pause Young (Concurrent Start) (G1 Humongous Allocation)
[262.482s][info][gc,task     ] GC(506) Using 2 workers of 2 for evacuation
[262.508s][info][gc,phases   ] GC(506)   Pre Evacuate Collection Set: 0.17ms
[262.508s][info][gc,phases   ] GC(506)   Merge Heap Roots: 0.05ms
[262.508s][info][gc,phases   ] GC(506)   Evacuate Collection Set: 25.31ms
[262.508s][info][gc,phases   ] GC(506)   Post Evacuate Collection Set: 0.31ms
[262.508s][info][gc,phases   ] GC(506)   Other: 0.09ms
[262.508s][info][gc,heap     ] GC(506) Eden regions: 4->0(181)
[262.508s][info][gc,heap     ] GC(506) Survivor regions: 21->1(23)
[262.508s][info][gc,heap     ] GC(506) Old regions: 67->86
[262.508s][info][gc,heap     ] GC(506) Humongous regions: 3->1
[262.508s][info][gc,metaspace] GC(506) Metaspace: 42544K(42880K)->42544K(42880K) NonClass: 39739K(39936K)->39739K(39936K) Class: 2805K(2944K)->2805K(2944K)
[262.508s][info][gc          ] GC(506) Pause Young (Concurrent Start) (G1 Humongous Allocation) 94M->88M(304M) 26.116ms
[262.508s][info][gc,cpu      ] GC(506) User=0.03s Sys=0.00s Real=0.03s
[262.508s][info][gc          ] GC(507) Concurrent Mark Cycle
[262.508s][info][gc,marking  ] GC(507) Concurrent Scan Root Regions
[262.555s][info][gc,marking  ] GC(507) Concurrent Scan Root Regions 46.396ms
[262.555s][info][gc,marking  ] GC(507) Concurrent Mark
[262.555s][info][gc,marking  ] GC(507) Concurrent Mark From Roots
[262.555s][info][gc,task     ] GC(507) Using 1 workers of 1 for marking
[262.641s][info][gc,marking  ] GC(507) Concurrent Mark From Roots 85.988ms
[262.641s][info][gc,marking  ] GC(507) Concurrent Preclean
[262.641s][info][gc,marking  ] GC(507) Concurrent Preclean 0.045ms
[262.641s][info][gc,start    ] GC(507) Pause Remark
[262.672s][info][gc          ] GC(507) Pause Remark 109M->108M(297M) 30.835ms
[262.672s][info][gc,cpu      ] GC(507) User=0.03s Sys=0.00s Real=0.03s
[262.672s][info][gc,marking  ] GC(507) Concurrent Mark 117.163ms
[262.672s][info][gc,marking  ] GC(507) Concurrent Rebuild Remembered Sets and Scrub Regions
[262.743s][info][gc,marking  ] GC(507) Concurrent Rebuild Remembered Sets and Scrub Regions 70.749ms
[262.743s][info][gc,start    ] GC(507) Pause Cleanup
[262.743s][info][gc          ] GC(507) Pause Cleanup 114M->114M(297M) 0.078ms
[262.743s][info][gc,cpu      ] GC(507) User=0.00s Sys=0.00s Real=0.00s
[262.743s][info][gc,marking  ] GC(507) Concurrent Clear Claimed Marks
[262.743s][info][gc,marking  ] GC(507) Concurrent Clear Claimed Marks 0.045ms
[262.743s][info][gc,marking  ] GC(507) Concurrent Cleanup for Next Mark
[262.744s][info][gc,marking  ] GC(507) Concurrent Cleanup for Next Mark 0.907ms
[262.744s][info][gc          ] GC(507) Concurrent Mark Cycle 235.769ms
[263.782s][info][gc,start    ] GC(508) Pause Young (Prepare Mixed) (G1 Evacuation Pause)
[263.782s][info][gc,task     ] GC(508) Using 2 workers of 2 for evacuation
[263.787s][info][gc,phases   ] GC(508)   Pre Evacuate Collection Set: 0.21ms
[263.787s][info][gc,phases   ] GC(508)   Merge Heap Roots: 0.06ms
[263.787s][info][gc,phases   ] GC(508)   Evacuate Collection Set: 4.24ms
[263.787s][info][gc,phases   ] GC(508)   Post Evacuate Collection Set: 0.59ms
[263.787s][info][gc,phases   ] GC(508)   Other: 0.10ms
[263.787s][info][gc,heap     ] GC(508) Eden regions: 177->0(175)
[263.787s][info][gc,heap     ] GC(508) Survivor regions: 1->3(23)
[263.787s][info][gc,heap     ] GC(508) Old regions: 85->85
[263.787s][info][gc,heap     ] GC(508) Humongous regions: 19->3
[263.787s][info][gc,metaspace] GC(508) Metaspace: 42569K(43008K)->42569K(43008K) NonClass: 39763K(40064K)->39763K(40064K) Class: 2805K(2944K)->2805K(2944K)
[263.787s][info][gc          ] GC(508) Pause Young (Prepare Mixed) (G1 Evacuation Pause) 282M->90M(297M) 5.381ms
[263.787s][info][gc,cpu      ] GC(508) User=0.00s Sys=0.00s Real=0.01s
[264.478s][info][gc,start    ] GC(509) Pause Young (Mixed) (G1 Evacuation Pause)
[264.478s][info][gc,task     ] GC(509) Using 2 workers of 2 for evacuation
[264.491s][info][gc,phases   ] GC(509)   Pre Evacuate Collection Set: 0.21ms
[264.491s][info][gc,phases   ] GC(509)   Merge Heap Roots: 0.12ms
[264.491s][info][gc,phases   ] GC(509)   Evacuate Collection Set: 12.27ms
[264.491s][info][gc,phases   ] GC(509)   Post Evacuate Collection Set: 0.52ms
[264.491s][info][gc,phases   ] GC(509)   Other: 0.07ms
[264.491s][info][gc,heap     ] GC(509) Eden regions: 175->0(168)
[264.491s][info][gc,heap     ] GC(509) Survivor regions: 3->10(23)
[264.491s][info][gc,heap     ] GC(509) Old regions: 85->58
[264.491s][info][gc,heap     ] GC(509) Humongous regions: 7->3
[264.491s][info][gc,metaspace] GC(509) Metaspace: 42569K(43008K)->42569K(43008K) NonClass: 39764K(40064K)->39764K(40064K) Class: 2805K(2944K)->2805K(2944K)
[264.491s][info][gc          ] GC(509) Pause Young (Mixed) (G1 Evacuation Pause) 269M->70M(297M) 13.355ms
[264.491s][info][gc,cpu      ] GC(509) User=0.02s Sys=0.00s Real=0.01s
[264.497s][info][gc,start    ] GC(510) Pause Young (Concurrent Start) (G1 Humongous Allocation)
[264.497s][info][gc,task     ] GC(510) Using 2 workers of 2 for evacuation
[264.500s][info][gc,phases   ] GC(510)   Pre Evacuate Collection Set: 0.19ms
[264.500s][info][gc,phases   ] GC(510)   Merge Heap Roots: 0.03ms
[264.500s][info][gc,phases   ] GC(510)   Evacuate Collection Set: 2.39ms
[264.500s][info][gc,phases   ] GC(510)   Post Evacuate Collection Set: 0.29ms
[264.500s][info][gc,phases   ] GC(510)   Other: 0.11ms
[264.500s][info][gc,heap     ] GC(510) Eden regions: 2->0(175)
[264.500s][info][gc,heap     ] GC(510) Survivor regions: 10->3(23)
[264.500s][info][gc,heap     ] GC(510) Old regions: 58->58
[264.500s][info][gc,heap     ] GC(510) Humongous regions: 3->1
[264.500s][info][gc,metaspace] GC(510) Metaspace: 42569K(43008K)->42569K(43008K) NonClass: 39764K(40064K)->39764K(40064K) Class: 2805K(2944K)->2805K(2944K)
[264.500s][info][gc          ] GC(510) Pause Young (Concurrent Start) (G1 Humongous Allocation) 72M->61M(297M) 3.179ms
[264.500s][info][gc,cpu      ] GC(510) User=0.00s Sys=0.00s Real=0.00s
[264.500s][info][gc          ] GC(511) Concurrent Mark Cycle
[264.500s][info][gc,marking  ] GC(511) Concurrent Scan Root Regions
[264.504s][info][gc,marking  ] GC(511) Concurrent Scan Root Regions 3.773ms
[264.504s][info][gc,marking  ] GC(511) Concurrent Mark
[264.504s][info][gc,marking  ] GC(511) Concurrent Mark From Roots
[264.504s][info][gc,task     ] GC(511) Using 1 workers of 1 for marking
[264.552s][info][gc,marking  ] GC(511) Concurrent Mark From Roots 47.525ms
[264.552s][info][gc,marking  ] GC(511) Concurrent Preclean
[264.552s][info][gc,marking  ] GC(511) Concurrent Preclean 0.045ms
[264.552s][info][gc,start    ] GC(511) Pause Remark
[264.569s][info][gc          ] GC(511) Pause Remark 73M->68M(256M) 17.219ms
[264.569s][info][gc,cpu      ] GC(511) User=0.03s Sys=0.00s Real=0.02s
[264.569s][info][gc,marking  ] GC(511) Concurrent Mark 65.007ms
[264.569s][info][gc,marking  ] GC(511) Concurrent Rebuild Remembered Sets and Scrub Regions
[264.586s][info][gc,marking  ] GC(511) Concurrent Rebuild Remembered Sets and Scrub Regions 16.699ms
[264.586s][info][gc,start    ] GC(511) Pause Cleanup
[264.586s][info][gc          ] GC(511) Pause Cleanup 70M->70M(256M) 0.043ms
[264.586s][info][gc,cpu      ] GC(511) User=0.00s Sys=0.00s Real=0.00s
[264.586s][info][gc,marking  ] GC(511) Concurrent Clear Claimed Marks
[264.586s][info][gc,marking  ] GC(511) Concurrent Clear Claimed Marks 0.034ms
[264.586s][info][gc,marking  ] GC(511) Concurrent Cleanup for Next Mark
[264.587s][info][gc,marking  ] GC(511) Concurrent Cleanup for Next Mark 0.749ms
[264.587s][info][gc          ] GC(511) Concurrent Mark Cycle 86.603ms
[265.055s][info][gc,start    ] GC(512) Pause Young (Prepare Mixed) (G1 Evacuation Pause)
[265.055s][info][gc,task     ] GC(512) Using 2 workers of 2 for evacuation
[265.071s][info][gc,phases   ] GC(512)   Pre Evacuate Collection Set: 0.16ms
[265.071s][info][gc,phases   ] GC(512)   Merge Heap Roots: 0.06ms
[265.071s][info][gc,phases   ] GC(512)   Evacuate Collection Set: 15.90ms
[265.071s][info][gc,phases   ] GC(512)   Post Evacuate Collection Set: 0.39ms
[265.071s][info][gc,phases   ] GC(512)   Other: 0.07ms
[265.071s][info][gc,heap     ] GC(512) Eden regions: 150->0(133)
[265.071s][info][gc,heap     ] GC(512) Survivor regions: 3->20(20)
[265.071s][info][gc,heap     ] GC(512) Old regions: 53->53
[265.071s][info][gc,heap     ] GC(512) Humongous regions: 9->3
[265.072s][info][gc,metaspace] GC(512) Metaspace: 42569K(43008K)->42569K(43008K) NonClass: 39764K(40064K)->39764K(40064K) Class: 2805K(2944K)->2805K(2944K)
[265.072s][info][gc          ] GC(512) Pause Young (Prepare Mixed) (G1 Evacuation Pause) 214M->75M(256M) 16.744ms
[265.072s][info][gc,cpu      ] GC(512) User=0.03s Sys=0.00s Real=0.02s
[265.614s][info][gc,start    ] GC(513) Pause Young (Mixed) (G1 Evacuation Pause)
[265.614s][info][gc,task     ] GC(513) Using 2 workers of 2 for evacuation
[265.637s][info][gc,phases   ] GC(513)   Pre Evacuate Collection Set: 0.16ms
[265.637s][info][gc,phases   ] GC(513)   Merge Heap Roots: 0.08ms
[265.637s][info][gc,phases   ] GC(513)   Evacuate Collection Set: 22.49ms
[265.637s][info][gc,phases   ] GC(513)   Post Evacuate Collection Set: 0.42ms
[265.637s][info][gc,phases   ] GC(513)   Other: 0.07ms
[265.637s][info][gc,heap     ] GC(513) Eden regions: 133->0(140)
[265.637s][info][gc,heap     ] GC(513) Survivor regions: 20->13(20)
[265.637s][info][gc,heap     ] GC(513) Old regions: 53->54
[265.637s][info][gc,heap     ] GC(513) Humongous regions: 3->3
[265.637s][info][gc,metaspace] GC(513) Metaspace: 42569K(43008K)->42569K(43008K) NonClass: 39764K(40064K)->39764K(40064K) Class: 2805K(2944K)->2805K(2944K)
[265.637s][info][gc          ] GC(513) Pause Young (Mixed) (G1 Evacuation Pause) 208M->69M(256M) 23.390ms
[265.637s][info][gc,cpu      ] GC(513) User=0.05s Sys=0.00s Real=0.03s
[265.649s][info][gc,start    ] GC(514) Pause Young (Concurrent Start) (G1 Humongous Allocation)
[265.650s][info][gc,task     ] GC(514) Using 2 workers of 2 for evacuation
[265.663s][info][gc,phases   ] GC(514)   Pre Evacuate Collection Set: 0.15ms
[265.663s][info][gc,phases   ] GC(514)   Merge Heap Roots: 0.11ms
[265.663s][info][gc,phases   ] GC(514)   Evacuate Collection Set: 12.55ms
[265.663s][info][gc,phases   ] GC(514)   Post Evacuate Collection Set: 0.56ms
[265.663s][info][gc,phases   ] GC(514)   Other: 0.09ms
[265.663s][info][gc,heap     ] GC(514) Eden regions: 2->0(161)
[265.663s][info][gc,heap     ] GC(514) Survivor regions: 13->1(20)
[265.663s][info][gc,heap     ] GC(514) Old regions: 54->67
[265.663s][info][gc,heap     ] GC(514) Humongous regions: 3->1
[265.663s][info][gc,metaspace] GC(514) Metaspace: 42569K(43008K)->42569K(43008K) NonClass: 39764K(40064K)->39764K(40064K) Class: 2805K(2944K)->2805K(2944K)
[265.663s][info][gc          ] GC(514) Pause Young (Concurrent Start) (G1 Humongous Allocation) 71M->68M(285M) 13.618ms
[265.663s][info][gc,cpu      ] GC(514) User=0.02s Sys=0.00s Real=0.01s
[265.663s][info][gc          ] GC(515) Concurrent Mark Cycle
[265.663s][info][gc,marking  ] GC(515) Concurrent Scan Root Regions
[265.679s][info][gc,marking  ] GC(515) Concurrent Scan Root Regions 15.910ms
[265.679s][info][gc,marking  ] GC(515) Concurrent Mark
[265.679s][info][gc,marking  ] GC(515) Concurrent Mark From Roots
[265.679s][info][gc,task     ] GC(515) Using 1 workers of 1 for marking
[265.751s][info][gc,marking  ] GC(515) Concurrent Mark From Roots 72.325ms
[265.751s][info][gc,marking  ] GC(515) Concurrent Preclean
[265.752s][info][gc,marking  ] GC(515) Concurrent Preclean 0.036ms
[265.752s][info][gc,start    ] GC(515) Pause Remark
[265.775s][info][gc          ] GC(515) Pause Remark 83M->83M(256M) 23.218ms
[265.775s][info][gc,cpu      ] GC(515) User=0.04s Sys=0.00s Real=0.02s
[265.777s][info][gc,marking  ] GC(515) Concurrent Mark 97.724ms
[265.777s][info][gc,marking  ] GC(515) Concurrent Rebuild Remembered Sets and Scrub Regions
[265.826s][info][gc,marking  ] GC(515) Concurrent Rebuild Remembered Sets and Scrub Regions 49.370ms
[265.827s][info][gc,start    ] GC(515) Pause Cleanup
[265.827s][info][gc          ] GC(515) Pause Cleanup 94M->94M(256M) 0.056ms
[265.827s][info][gc,cpu      ] GC(515) User=0.00s Sys=0.00s Real=0.00s
[265.827s][info][gc,marking  ] GC(515) Concurrent Clear Claimed Marks
[265.827s][info][gc,marking  ] GC(515) Concurrent Clear Claimed Marks 0.038ms
[265.827s][info][gc,marking  ] GC(515) Concurrent Cleanup for Next Mark
[265.828s][info][gc,marking  ] GC(515) Concurrent Cleanup for Next Mark 0.787ms
[265.828s][info][gc          ] GC(515) Concurrent Mark Cycle 164.576ms
[266.397s][info][gc,start    ] GC(516) Pause Young (Prepare Mixed) (G1 Evacuation Pause)
[266.397s][info][gc,task     ] GC(516) Using 2 workers of 2 for evacuation
[266.408s][info][gc,phases   ] GC(516)   Pre Evacuate Collection Set: 0.22ms
[266.408s][info][gc,phases   ] GC(516)   Merge Heap Roots: 0.13ms
[266.408s][info][gc,phases   ] GC(516)   Evacuate Collection Set: 10.09ms
[266.408s][info][gc,phases   ] GC(516)   Post Evacuate Collection Set: 0.41ms
[266.408s][info][gc,phases   ] GC(516)   Other: 0.08ms
[266.408s][info][gc,heap     ] GC(516) Eden regions: 152->0(133)
[266.408s][info][gc,heap     ] GC(516) Survivor regions: 1->10(20)
[266.408s][info][gc,heap     ] GC(516) Old regions: 67->67
[266.408s][info][gc,heap     ] GC(516) Humongous regions: 15->3
[266.408s][info][gc,metaspace] GC(516) Metaspace: 42569K(43008K)->42569K(43008K) NonClass: 39764K(40064K)->39764K(40064K) Class: 2805K(2944K)->2805K(2944K)
[266.408s][info][gc          ] GC(516) Pause Young (Prepare Mixed) (G1 Evacuation Pause) 234M->79M(256M) 11.113ms
[266.408s][info][gc,cpu      ] GC(516) User=0.02s Sys=0.00s Real=0.01s
[266.859s][info][gc,start    ] GC(517) Pause Young (Mixed) (G1 Evacuation Pause)
[266.859s][info][gc,task     ] GC(517) Using 2 workers of 2 for evacuation
[266.872s][info][gc,phases   ] GC(517)   Pre Evacuate Collection Set: 0.23ms
[266.872s][info][gc,phases   ] GC(517)   Merge Heap Roots: 0.13ms
[266.872s][info][gc,phases   ] GC(517)   Evacuate Collection Set: 11.58ms
[266.872s][info][gc,phases   ] GC(517)   Post Evacuate Collection Set: 0.55ms
[266.872s][info][gc,phases   ] GC(517)   Other: 0.09ms
[266.872s][info][gc,heap     ] GC(517) Eden regions: 133->0(138)
[266.872s][info][gc,heap     ] GC(517) Survivor regions: 10->9(18)
[266.872s][info][gc,heap     ] GC(517) Old regions: 67->65
[266.872s][info][gc,heap     ] GC(517) Humongous regions: 13->3
[266.872s][info][gc,metaspace] GC(517) Metaspace: 42569K(43008K)->42569K(43008K) NonClass: 39764K(40064K)->39764K(40064K) Class: 2805K(2944K)->2805K(2944K)
[266.872s][info][gc          ] GC(517) Pause Young (Mixed) (G1 Evacuation Pause) 222M->76M(256M) 12.751ms
[266.872s][info][gc,cpu      ] GC(517) User=0.02s Sys=0.00s Real=0.01s
[266.889s][info][gc,start    ] GC(518) Pause Young (Concurrent Start) (G1 Humongous Allocation)
[266.889s][info][gc,task     ] GC(518) Using 2 workers of 2 for evacuation
[266.891s][info][gc,phases   ] GC(518)   Pre Evacuate Collection Set: 0.16ms
[266.891s][info][gc,phases   ] GC(518)   Merge Heap Roots: 0.04ms
[266.891s][info][gc,phases   ] GC(518)   Evacuate Collection Set: 1.33ms
[266.891s][info][gc,phases   ] GC(518)   Post Evacuate Collection Set: 0.27ms
[266.891s][info][gc,phases   ] GC(518)   Other: 0.08ms
[266.891s][info][gc,heap     ] GC(518) Eden regions: 7->0(151)
[266.891s][info][gc,heap     ] GC(518) Survivor regions: 9->2(19)
[266.891s][info][gc,heap     ] GC(518) Old regions: 65->65
[266.891s][info][gc,heap     ] GC(518) Humongous regions: 3->1
[266.891s][info][gc,metaspace] GC(518) Metaspace: 42578K(43008K)->42578K(43008K) NonClass: 39771K(40064K)->39771K(40064K) Class: 2806K(2944K)->2806K(2944K)
[266.891s][info][gc          ] GC(518) Pause Young (Concurrent Start) (G1 Humongous Allocation) 82M->66M(256M) 2.039ms
[266.891s][info][gc,cpu      ] GC(518) User=0.00s Sys=0.00s Real=0.00s
[266.891s][info][gc          ] GC(519) Concurrent Mark Cycle
[266.891s][info][gc,marking  ] GC(519) Concurrent Scan Root Regions
[266.894s][info][gc,marking  ] GC(519) Concurrent Scan Root Regions 3.311ms
[266.894s][info][gc,marking  ] GC(519) Concurrent Mark
[266.894s][info][gc,marking  ] GC(519) Concurrent Mark From Roots
[266.894s][info][gc,task     ] GC(519) Using 1 workers of 1 for marking
[266.940s][info][gc,marking  ] GC(519) Concurrent Mark From Roots 45.984ms
[266.940s][info][gc,marking  ] GC(519) Concurrent Preclean
[266.940s][info][gc,marking  ] GC(519) Concurrent Preclean 0.036ms
[266.940s][info][gc,start    ] GC(519) Pause Remark
[266.956s][info][gc          ] GC(519) Pause Remark 77M->64M(256M) 15.242ms
[266.956s][info][gc,cpu      ] GC(519) User=0.03s Sys=0.00s Real=0.01s
[266.956s][info][gc,marking  ] GC(519) Concurrent Mark 61.501ms
[266.956s][info][gc,marking  ] GC(519) Concurrent Rebuild Remembered Sets and Scrub Regions
[266.975s][info][gc,marking  ] GC(519) Concurrent Rebuild Remembered Sets and Scrub Regions 18.790ms
[266.975s][info][gc,start    ] GC(519) Pause Cleanup
[266.975s][info][gc          ] GC(519) Pause Cleanup 64M->64M(256M) 0.047ms
[266.975s][info][gc,cpu      ] GC(519) User=0.00s Sys=0.00s Real=0.00s
[266.975s][info][gc,marking  ] GC(519) Concurrent Clear Claimed Marks
[266.975s][info][gc,marking  ] GC(519) Concurrent Clear Claimed Marks 0.044ms
[266.975s][info][gc,marking  ] GC(519) Concurrent Cleanup for Next Mark
[266.976s][info][gc,marking  ] GC(519) Concurrent Cleanup for Next Mark 0.729ms
[266.976s][info][gc          ] GC(519) Concurrent Mark Cycle 84.709ms
[267.540s][info][gc,start    ] GC(520) Pause Young (Prepare Mixed) (G1 Evacuation Pause)
[267.540s][info][gc,task     ] GC(520) Using 2 workers of 2 for evacuation
[267.547s][info][gc,phases   ] GC(520)   Pre Evacuate Collection Set: 0.17ms
[267.547s][info][gc,phases   ] GC(520)   Merge Heap Roots: 0.06ms
[267.547s][info][gc,phases   ] GC(520)   Evacuate Collection Set: 6.07ms
[267.547s][info][gc,phases   ] GC(520)   Post Evacuate Collection Set: 0.42ms
[267.547s][info][gc,phases   ] GC(520)   Other: 0.09ms
[267.547s][info][gc,heap     ] GC(520) Eden regions: 151->0(144)
[267.547s][info][gc,heap     ] GC(520) Survivor regions: 2->9(20)
[267.547s][info][gc,heap     ] GC(520) Old regions: 52->52
[267.547s][info][gc,heap     ] GC(520) Humongous regions: 15->3
[267.547s][info][gc,metaspace] GC(520) Metaspace: 42578K(43008K)->42578K(43008K) NonClass: 39771K(40064K)->39771K(40064K) Class: 2806K(2944K)->2806K(2944K)
[267.547s][info][gc          ] GC(520) Pause Young (Prepare Mixed) (G1 Evacuation Pause) 218M->63M(256M) 6.998ms
[267.547s][info][gc,cpu      ] GC(520) User=0.01s Sys=0.00s Real=0.01s
[268.036s][info][gc,start    ] GC(521) Pause Young (Mixed) (G1 Evacuation Pause)
[268.036s][info][gc,task     ] GC(521) Using 2 workers of 2 for evacuation
[268.058s][info][gc,phases   ] GC(521)   Pre Evacuate Collection Set: 0.15ms
[268.058s][info][gc,phases   ] GC(521)   Merge Heap Roots: 0.06ms
[268.058s][info][gc,phases   ] GC(521)   Evacuate Collection Set: 21.38ms
[268.058s][info][gc,phases   ] GC(521)   Post Evacuate Collection Set: 0.49ms
[268.058s][info][gc,phases   ] GC(521)   Other: 0.08ms
[268.058s][info][gc,heap     ] GC(521) Eden regions: 144->0(133)
[268.058s][info][gc,heap     ] GC(521) Survivor regions: 9->20(20)
[268.058s][info][gc,heap     ] GC(521) Old regions: 52->51
[268.058s][info][gc,heap     ] GC(521) Humongous regions: 3->3
[268.058s][info][gc,metaspace] GC(521) Metaspace: 42578K(43008K)->42578K(43008K) NonClass: 39771K(40064K)->39771K(40064K) Class: 2806K(2944K)->2806K(2944K)
[268.058s][info][gc          ] GC(521) Pause Young (Mixed) (G1 Evacuation Pause) 207M->73M(256M) 22.329ms
[268.058s][info][gc,cpu      ] GC(521) User=0.04s Sys=0.01s Real=0.03s
[268.585s][info][gc,start    ] GC(522) Pause Young (Concurrent Start) (G1 Evacuation Pause)
[268.585s][info][gc,task     ] GC(522) Using 2 workers of 2 for evacuation
[268.618s][info][gc,phases   ] GC(522)   Pre Evacuate Collection Set: 0.17ms
[268.618s][info][gc,phases   ] GC(522)   Merge Heap Roots: 0.12ms
[268.618s][info][gc,phases   ] GC(522)   Evacuate Collection Set: 32.00ms
[268.618s][info][gc,phases   ] GC(522)   Post Evacuate Collection Set: 0.43ms
[268.618s][info][gc,phases   ] GC(522)   Other: 0.09ms
[268.618s][info][gc,heap     ] GC(522) Eden regions: 133->0(125)
[268.618s][info][gc,heap     ] GC(522) Survivor regions: 20->20(20)
[268.618s][info][gc,heap     ] GC(522) Old regions: 51->62
[268.618s][info][gc,heap     ] GC(522) Humongous regions: 3->3
[268.618s][info][gc,metaspace] GC(522) Metaspace: 42578K(43008K)->42578K(43008K) NonClass: 39771K(40064K)->39771K(40064K) Class: 2806K(2944K)->2806K(2944K)
[268.618s][info][gc          ] GC(522) Pause Young (Concurrent Start) (G1 Evacuation Pause) 206M->84M(256M) 32.978ms
[268.618s][info][gc,cpu      ] GC(522) User=0.06s Sys=0.00s Real=0.04s
[268.618s][info][gc          ] GC(523) Concurrent Mark Cycle
[268.618s][info][gc,marking  ] GC(523) Concurrent Scan Root Regions
[268.663s][info][gc,marking  ] GC(523) Concurrent Scan Root Regions 44.305ms
[268.663s][info][gc,marking  ] GC(523) Concurrent Mark
[268.663s][info][gc,marking  ] GC(523) Concurrent Mark From Roots
[268.663s][info][gc,task     ] GC(523) Using 1 workers of 1 for marking
[268.731s][info][gc,marking  ] GC(523) Concurrent Mark From Roots 67.972ms
[268.731s][info][gc,marking  ] GC(523) Concurrent Preclean
[268.731s][info][gc,marking  ] GC(523) Concurrent Preclean 0.037ms
[268.731s][info][gc,start    ] GC(523) Pause Remark
[268.746s][info][gc          ] GC(523) Pause Remark 102M->102M(256M) 15.179ms
[268.746s][info][gc,cpu      ] GC(523) User=0.03s Sys=0.00s Real=0.01s
[268.746s][info][gc,marking  ] GC(523) Concurrent Mark 83.465ms
[268.746s][info][gc,marking  ] GC(523) Concurrent Rebuild Remembered Sets and Scrub Regions
[268.777s][info][gc,marking  ] GC(523) Concurrent Rebuild Remembered Sets and Scrub Regions 30.302ms
[268.777s][info][gc,start    ] GC(523) Pause Cleanup
[268.777s][info][gc          ] GC(523) Pause Cleanup 105M->105M(256M) 0.040ms
[268.777s][info][gc,cpu      ] GC(523) User=0.00s Sys=0.00s Real=0.00s
[268.777s][info][gc,marking  ] GC(523) Concurrent Clear Claimed Marks
[268.777s][info][gc,marking  ] GC(523) Concurrent Clear Claimed Marks 0.059ms
[268.777s][info][gc,marking  ] GC(523) Concurrent Cleanup for Next Mark
[268.778s][info][gc,marking  ] GC(523) Concurrent Cleanup for Next Mark 0.767ms
[268.778s][info][gc          ] GC(523) Concurrent Mark Cycle 159.185ms
[269.228s][info][gc,start    ] GC(524) Pause Young (Prepare Mixed) (G1 Evacuation Pause)
[269.229s][info][gc,task     ] GC(524) Using 2 workers of 2 for evacuation
[269.262s][info][gc,phases   ] GC(524)   Pre Evacuate Collection Set: 0.19ms
[269.262s][info][gc,phases   ] GC(524)   Merge Heap Roots: 0.18ms
[269.262s][info][gc,phases   ] GC(524)   Evacuate Collection Set: 32.18ms
[269.262s][info][gc,phases   ] GC(524)   Post Evacuate Collection Set: 0.44ms
[269.262s][info][gc,phases   ] GC(524)   Other: 0.09ms
[269.262s][info][gc,heap     ] GC(524) Eden regions: 125->0(114)
[269.262s][info][gc,heap     ] GC(524) Survivor regions: 20->15(19)
[269.262s][info][gc,heap     ] GC(524) Old regions: 62->82
[269.262s][info][gc,heap     ] GC(524) Humongous regions: 7->3
[269.262s][info][gc,metaspace] GC(524) Metaspace: 42578K(43008K)->42578K(43008K) NonClass: 39771K(40064K)->39771K(40064K) Class: 2806K(2944K)->2806K(2944K)
[269.262s][info][gc          ] GC(524) Pause Young (Prepare Mixed) (G1 Evacuation Pause) 213M->98M(256M) 33.271ms
[269.262s][info][gc,cpu      ] GC(524) User=0.07s Sys=0.00s Real=0.03s
[269.672s][info][gc,start    ] GC(525) Pause Young (Mixed) (G1 Evacuation Pause)
[269.672s][info][gc,task     ] GC(525) Using 2 workers of 2 for evacuation
[269.686s][info][gc,phases   ] GC(525)   Pre Evacuate Collection Set: 0.16ms
[269.686s][info][gc,phases   ] GC(525)   Merge Heap Roots: 0.15ms
[269.686s][info][gc,phases   ] GC(525)   Evacuate Collection Set: 12.73ms
[269.686s][info][gc,phases   ] GC(525)   Post Evacuate Collection Set: 0.36ms
[269.686s][info][gc,phases   ] GC(525)   Other: 0.07ms
[269.686s][info][gc,heap     ] GC(525) Eden regions: 114->0(125)
[269.686s][info][gc,heap     ] GC(525) Survivor regions: 15->3(17)
[269.686s][info][gc,heap     ] GC(525) Old regions: 82->85
[269.686s][info][gc,heap     ] GC(525) Humongous regions: 11->3
[269.686s][info][gc,metaspace] GC(525) Metaspace: 42578K(43008K)->42578K(43008K) NonClass: 39771K(40064K)->39771K(40064K) Class: 2806K(2944K)->2806K(2944K)
[269.686s][info][gc          ] GC(525) Pause Young (Mixed) (G1 Evacuation Pause) 220M->90M(256M) 13.625ms
[269.686s][info][gc,cpu      ] GC(525) User=0.03s Sys=0.00s Real=0.01s
[269.848s][info][gc,start    ] GC(526) Pause Young (Concurrent Start) (G1 Humongous Allocation)
[269.848s][info][gc,task     ] GC(526) Using 2 workers of 2 for evacuation
[269.850s][info][gc,phases   ] GC(526)   Pre Evacuate Collection Set: 0.17ms
[269.850s][info][gc,phases   ] GC(526)   Merge Heap Roots: 0.04ms
[269.850s][info][gc,phases   ] GC(526)   Evacuate Collection Set: 1.43ms
[269.850s][info][gc,phases   ] GC(526)   Post Evacuate Collection Set: 0.30ms
[269.850s][info][gc,phases   ] GC(526)   Other: 0.08ms
[269.850s][info][gc,heap     ] GC(526) Eden regions: 46->0(134)
[269.850s][info][gc,heap     ] GC(526) Survivor regions: 3->2(16)
[269.850s][info][gc,heap     ] GC(526) Old regions: 85->85
[269.850s][info][gc,heap     ] GC(526) Humongous regions: 3->1
[269.850s][info][gc,metaspace] GC(526) Metaspace: 42579K(43008K)->42579K(43008K) NonClass: 39773K(40064K)->39773K(40064K) Class: 2806K(2944K)->2806K(2944K)
[269.850s][info][gc          ] GC(526) Pause Young (Concurrent Start) (G1 Humongous Allocation) 136M->87M(256M) 2.174ms
[269.851s][info][gc,cpu      ] GC(526) User=0.01s Sys=0.00s Real=0.00s
[269.851s][info][gc          ] GC(527) Concurrent Mark Cycle
[269.851s][info][gc,marking  ] GC(527) Concurrent Scan Root Regions
[269.852s][info][gc,marking  ] GC(527) Concurrent Scan Root Regions 1.526ms
[269.852s][info][gc,marking  ] GC(527) Concurrent Mark
[269.852s][info][gc,marking  ] GC(527) Concurrent Mark From Roots
[269.852s][info][gc,task     ] GC(527) Using 1 workers of 1 for marking
[269.907s][info][gc,marking  ] GC(527) Concurrent Mark From Roots 55.050ms
[269.907s][info][gc,marking  ] GC(527) Concurrent Preclean
[269.907s][info][gc,marking  ] GC(527) Concurrent Preclean 0.033ms
[269.907s][info][gc,start    ] GC(527) Pause Remark
[269.923s][info][gc          ] GC(527) Pause Remark 107M->98M(256M) 15.290ms
[269.923s][info][gc,cpu      ] GC(527) User=0.03s Sys=0.00s Real=0.01s
[269.923s][info][gc,marking  ] GC(527) Concurrent Mark 70.661ms
[269.923s][info][gc,marking  ] GC(527) Concurrent Rebuild Remembered Sets and Scrub Regions
[269.943s][info][gc,marking  ] GC(527) Concurrent Rebuild Remembered Sets and Scrub Regions 20.431ms
[269.943s][info][gc,start    ] GC(527) Pause Cleanup
[269.943s][info][gc          ] GC(527) Pause Cleanup 102M->102M(256M) 0.053ms
[269.943s][info][gc,cpu      ] GC(527) User=0.00s Sys=0.00s Real=0.00s
[269.943s][info][gc,marking  ] GC(527) Concurrent Clear Claimed Marks
[269.943s][info][gc,marking  ] GC(527) Concurrent Clear Claimed Marks 0.034ms
[269.943s][info][gc,marking  ] GC(527) Concurrent Cleanup for Next Mark
[269.944s][info][gc,marking  ] GC(527) Concurrent Cleanup for Next Mark 0.762ms
[269.944s][info][gc          ] GC(527) Concurrent Mark Cycle 93.752ms
[270.342s][info][gc,start    ] GC(528) Pause Young (Prepare Mixed) (G1 Evacuation Pause)
[270.342s][info][gc,task     ] GC(528) Using 2 workers of 2 for evacuation
[270.356s][info][gc,phases   ] GC(528)   Pre Evacuate Collection Set: 0.25ms
[270.356s][info][gc,phases   ] GC(528)   Merge Heap Roots: 0.06ms
[270.356s][info][gc,phases   ] GC(528)   Evacuate Collection Set: 13.67ms
[270.356s][info][gc,phases   ] GC(528)   Post Evacuate Collection Set: 0.41ms
[270.356s][info][gc,phases   ] GC(528)   Other: 0.07ms
[270.356s][info][gc,heap     ] GC(528) Eden regions: 134->0(126)
[270.356s][info][gc,heap     ] GC(528) Survivor regions: 2->15(17)
[270.356s][info][gc,heap     ] GC(528) Old regions: 76->76
[270.356s][info][gc,heap     ] GC(528) Humongous regions: 5->3
[270.356s][info][gc,metaspace] GC(528) Metaspace: 42579K(43008K)->42579K(43008K) NonClass: 39773K(40064K)->39773K(40064K) Class: 2806K(2944K)->2806K(2944K)
[270.356s][info][gc          ] GC(528) Pause Young (Prepare Mixed) (G1 Evacuation Pause) 216M->93M(256M) 14.626ms
[270.356s][info][gc,cpu      ] GC(528) User=0.03s Sys=0.01s Real=0.01s
[270.790s][info][gc,start    ] GC(529) Pause Young (Mixed) (G1 Evacuation Pause)
[270.790s][info][gc,task     ] GC(529) Using 2 workers of 2 for evacuation
[270.795s][info][gc,phases   ] GC(529)   Pre Evacuate Collection Set: 0.26ms
[270.795s][info][gc,phases   ] GC(529)   Merge Heap Roots: 0.08ms
[270.795s][info][gc,phases   ] GC(529)   Evacuate Collection Set: 4.91ms
[270.795s][info][gc,phases   ] GC(529)   Post Evacuate Collection Set: 0.40ms
[270.795s][info][gc,phases   ] GC(529)   Other: 0.08ms
[270.795s][info][gc,heap     ] GC(529) Eden regions: 126->0(149)
[270.795s][info][gc,heap     ] GC(529) Survivor regions: 15->4(18)
[270.795s][info][gc,heap     ] GC(529) Old regions: 76->52
[270.795s][info][gc,heap     ] GC(529) Humongous regions: 9->3
[270.795s][info][gc,metaspace] GC(529) Metaspace: 42579K(43008K)->42579K(43008K) NonClass: 39773K(40064K)->39773K(40064K) Class: 2806K(2944K)->2806K(2944K)
[270.795s][info][gc          ] GC(529) Pause Young (Mixed) (G1 Evacuation Pause) 225M->58M(256M) 5.885ms
[270.795s][info][gc,cpu      ] GC(529) User=0.01s Sys=0.00s Real=0.00s
[271.257s][info][gc,start    ] GC(530) Pause Young (Mixed) (G1 Evacuation Pause)
[271.257s][info][gc,task     ] GC(530) Using 2 workers of 2 for evacuation
[271.270s][info][gc,phases   ] GC(530)   Pre Evacuate Collection Set: 0.26ms
[271.270s][info][gc,phases   ] GC(530)   Merge Heap Roots: 0.11ms
[271.270s][info][gc,phases   ] GC(530)   Evacuate Collection Set: 12.74ms
[271.270s][info][gc,phases   ] GC(530)   Post Evacuate Collection Set: 0.43ms
[271.270s][info][gc,phases   ] GC(530)   Other: 0.11ms
[271.270s][info][gc,heap     ] GC(530) Eden regions: 149->0(141)
[271.270s][info][gc,heap     ] GC(530) Survivor regions: 4->12(20)
[271.270s][info][gc,heap     ] GC(530) Old regions: 52->50
[271.270s][info][gc,heap     ] GC(530) Humongous regions: 7->3
[271.270s][info][gc,metaspace] GC(530) Metaspace: 42579K(43008K)->42579K(43008K) NonClass: 39773K(40064K)->39773K(40064K) Class: 2806K(2944K)->2806K(2944K)
[271.270s][info][gc          ] GC(530) Pause Young (Mixed) (G1 Evacuation Pause) 211M->64M(256M) 13.829ms
[271.270s][info][gc,cpu      ] GC(530) User=0.02s Sys=0.00s Real=0.02s
[271.464s][info][gc,start    ] GC(531) Pause Young (Concurrent Start) (G1 Humongous Allocation)
[271.464s][info][gc,task     ] GC(531) Using 2 workers of 2 for evacuation
[271.467s][info][gc,phases   ] GC(531)   Pre Evacuate Collection Set: 0.17ms
[271.467s][info][gc,phases   ] GC(531)   Merge Heap Roots: 0.04ms
[271.467s][info][gc,phases   ] GC(531)   Evacuate Collection Set: 2.32ms
[271.467s][info][gc,phases   ] GC(531)   Post Evacuate Collection Set: 0.31ms
[271.467s][info][gc,phases   ] GC(531)   Other: 0.10ms
[271.467s][info][gc,heap     ] GC(531) Eden regions: 52->0(151)
[271.467s][info][gc,heap     ] GC(531) Survivor regions: 12->2(20)
[271.467s][info][gc,heap     ] GC(531) Old regions: 50->52
[271.467s][info][gc,heap     ] GC(531) Humongous regions: 3->1
[271.467s][info][gc,metaspace] GC(531) Metaspace: 42579K(43008K)->42579K(43008K) NonClass: 39773K(40064K)->39773K(40064K) Class: 2806K(2944K)->2806K(2944K)
[271.467s][info][gc          ] GC(531) Pause Young (Concurrent Start) (G1 Humongous Allocation) 116M->53M(256M) 3.087ms
[271.467s][info][gc,cpu      ] GC(531) User=0.01s Sys=0.00s Real=0.01s
[271.467s][info][gc          ] GC(532) Concurrent Mark Cycle
[271.467s][info][gc,marking  ] GC(532) Concurrent Scan Root Regions
[271.470s][info][gc,marking  ] GC(532) Concurrent Scan Root Regions 2.466ms
[271.470s][info][gc,marking  ] GC(532) Concurrent Mark
[271.470s][info][gc,marking  ] GC(532) Concurrent Mark From Roots
[271.470s][info][gc,task     ] GC(532) Using 1 workers of 1 for marking
[271.537s][info][gc,marking  ] GC(532) Concurrent Mark From Roots 67.263ms
[271.537s][info][gc,marking  ] GC(532) Concurrent Preclean
[271.537s][info][gc,marking  ] GC(532) Concurrent Preclean 0.035ms
[271.537s][info][gc,start    ] GC(532) Pause Remark
[271.553s][info][gc          ] GC(532) Pause Remark 76M->76M(256M) 15.298ms
[271.553s][info][gc,cpu      ] GC(532) User=0.03s Sys=0.00s Real=0.01s
[271.553s][info][gc,marking  ] GC(532) Concurrent Mark 82.862ms
[271.553s][info][gc,marking  ] GC(532) Concurrent Rebuild Remembered Sets and Scrub Regions
[271.579s][info][gc,marking  ] GC(532) Concurrent Rebuild Remembered Sets and Scrub Regions 26.581ms
[271.579s][info][gc,start    ] GC(532) Pause Cleanup
[271.579s][info][gc          ] GC(532) Pause Cleanup 85M->85M(256M) 0.040ms
[271.579s][info][gc,cpu      ] GC(532) User=0.00s Sys=0.00s Real=0.00s
[271.580s][info][gc,marking  ] GC(532) Concurrent Clear Claimed Marks
[271.580s][info][gc,marking  ] GC(532) Concurrent Clear Claimed Marks 0.034ms
[271.580s][info][gc,marking  ] GC(532) Concurrent Cleanup for Next Mark
[271.580s][info][gc,marking  ] GC(532) Concurrent Cleanup for Next Mark 0.776ms
[271.580s][info][gc          ] GC(532) Concurrent Mark Cycle 113.060ms
[272.035s][info][gc,start    ] GC(533) Pause Young (Prepare Mixed) (G1 Evacuation Pause)
[272.035s][info][gc,task     ] GC(533) Using 2 workers of 2 for evacuation
[272.039s][info][gc,phases   ] GC(533)   Pre Evacuate Collection Set: 0.16ms
[272.039s][info][gc,phases   ] GC(533)   Merge Heap Roots: 0.07ms
[272.039s][info][gc,phases   ] GC(533)   Evacuate Collection Set: 3.42ms
[272.039s][info][gc,phases   ] GC(533)   Post Evacuate Collection Set: 0.41ms
[272.039s][info][gc,phases   ] GC(533)   Other: 0.07ms
[272.039s][info][gc,heap     ] GC(533) Eden regions: 151->0(149)
[272.039s][info][gc,heap     ] GC(533) Survivor regions: 2->4(20)
[272.039s][info][gc,heap     ] GC(533) Old regions: 52->52
[272.039s][info][gc,heap     ] GC(533) Humongous regions: 7->3
[272.039s][info][gc,metaspace] GC(533) Metaspace: 42579K(43008K)->42579K(43008K) NonClass: 39773K(40064K)->39773K(40064K) Class: 2806K(2944K)->2806K(2944K)
[272.039s][info][gc          ] GC(533) Pause Young (Prepare Mixed) (G1 Evacuation Pause) 210M->57M(256M) 4.297ms
[272.039s][info][gc,cpu      ] GC(533) User=0.01s Sys=0.00s Real=0.01s
[272.417s][info][gc,start    ] GC(534) Pause Young (Mixed) (G1 Evacuation Pause)
[272.417s][info][gc,task     ] GC(534) Using 2 workers of 2 for evacuation
[272.454s][info][gc,phases   ] GC(534)   Pre Evacuate Collection Set: 0.16ms
[272.454s][info][gc,phases   ] GC(534)   Merge Heap Roots: 0.12ms
[272.454s][info][gc,phases   ] GC(534)   Evacuate Collection Set: 35.75ms
[272.454s][info][gc,phases   ] GC(534)   Post Evacuate Collection Set: 0.53ms
[272.454s][info][gc,phases   ] GC(534)   Other: 0.08ms
[272.454s][info][gc,heap     ] GC(534) Eden regions: 149->0(121)
[272.454s][info][gc,heap     ] GC(534) Survivor regions: 4->20(20)
[272.454s][info][gc,heap     ] GC(534) Old regions: 52->67
[272.454s][info][gc,heap     ] GC(534) Humongous regions: 5->3
[272.454s][info][gc,metaspace] GC(534) Metaspace: 42579K(43008K)->42579K(43008K) NonClass: 39773K(40064K)->39773K(40064K) Class: 2806K(2944K)->2806K(2944K)
[272.454s][info][gc          ] GC(534) Pause Young (Mixed) (G1 Evacuation Pause) 208M->90M(256M) 36.806ms
[272.454s][info][gc,cpu      ] GC(534) User=0.07s Sys=0.00s Real=0.03s
[272.948s][info][gc,start    ] GC(535) Pause Young (Concurrent Start) (G1 Evacuation Pause)
[272.948s][info][gc,task     ] GC(535) Using 2 workers of 2 for evacuation
[273.003s][info][gc,phases   ] GC(535)   Pre Evacuate Collection Set: 0.19ms
[273.003s][info][gc,phases   ] GC(535)   Merge Heap Roots: 0.19ms
[273.003s][info][gc,phases   ] GC(535)   Evacuate Collection Set: 53.92ms
[273.003s][info][gc,phases   ] GC(535)   Post Evacuate Collection Set: 0.64ms
[273.003s][info][gc,phases   ] GC(535)   Other: 0.10ms
[273.003s][info][gc,heap     ] GC(535) Eden regions: 121->0(115)
[273.003s][info][gc,heap     ] GC(535) Survivor regions: 20->18(18)
[273.003s][info][gc,heap     ] GC(535) Old regions: 67->97
[273.003s][info][gc,heap     ] GC(535) Humongous regions: 3->3
[273.003s][info][gc,metaspace] GC(535) Metaspace: 42580K(43008K)->42580K(43008K) NonClass: 39773K(40064K)->39773K(40064K) Class: 2806K(2944K)->2806K(2944K)
[273.003s][info][gc          ] GC(535) Pause Young (Concurrent Start) (G1 Evacuation Pause) 211M->117M(288M) 55.250ms
[273.003s][info][gc,cpu      ] GC(535) User=0.11s Sys=0.00s Real=0.05s
[273.003s][info][gc          ] GC(536) Concurrent Mark Cycle
[273.003s][info][gc,marking  ] GC(536) Concurrent Scan Root Regions
[273.057s][info][gc,marking  ] GC(536) Concurrent Scan Root Regions 54.198ms
[273.057s][info][gc,marking  ] GC(536) Concurrent Mark
[273.057s][info][gc,marking  ] GC(536) Concurrent Mark From Roots
[273.057s][info][gc,task     ] GC(536) Using 1 workers of 1 for marking
[273.165s][info][gc,marking  ] GC(536) Concurrent Mark From Roots 107.625ms
[273.165s][info][gc,marking  ] GC(536) Concurrent Preclean
[273.165s][info][gc,marking  ] GC(536) Concurrent Preclean 0.047ms
[273.165s][info][gc,start    ] GC(536) Pause Remark
[273.180s][info][gc          ] GC(536) Pause Remark 147M->147M(288M) 15.498ms
[273.181s][info][gc,cpu      ] GC(536) User=0.03s Sys=0.00s Real=0.02s
[273.183s][info][gc,marking  ] GC(536) Concurrent Mark 125.573ms
[273.183s][info][gc,marking  ] GC(536) Concurrent Rebuild Remembered Sets and Scrub Regions
[273.276s][info][gc,marking  ] GC(536) Concurrent Rebuild Remembered Sets and Scrub Regions 92.856ms
[273.276s][info][gc,start    ] GC(536) Pause Cleanup
[273.276s][info][gc          ] GC(536) Pause Cleanup 162M->162M(288M) 0.048ms
[273.276s][info][gc,cpu      ] GC(536) User=0.00s Sys=0.00s Real=0.00s
[273.276s][info][gc,marking  ] GC(536) Concurrent Clear Claimed Marks
[273.276s][info][gc,marking  ] GC(536) Concurrent Clear Claimed Marks 0.040ms
[273.276s][info][gc,marking  ] GC(536) Concurrent Cleanup for Next Mark
[273.278s][info][gc,marking  ] GC(536) Concurrent Cleanup for Next Mark 1.677ms
[273.278s][info][gc          ] GC(536) Concurrent Mark Cycle 274.715ms
[273.622s][info][gc,start    ] GC(537) Pause Young (Prepare Mixed) (G1 Evacuation Pause)
[273.622s][info][gc,task     ] GC(537) Using 2 workers of 2 for evacuation
[273.679s][info][gc,phases   ] GC(537)   Pre Evacuate Collection Set: 0.17ms
[273.679s][info][gc,phases   ] GC(537)   Merge Heap Roots: 0.37ms
[273.679s][info][gc,phases   ] GC(537)   Evacuate Collection Set: 56.01ms
[273.679s][info][gc,phases   ] GC(537)   Post Evacuate Collection Set: 0.43ms
[273.679s][info][gc,phases   ] GC(537)   Other: 0.07ms
[273.679s][info][gc,heap     ] GC(537) Eden regions: 115->0(87)
[273.680s][info][gc,heap     ] GC(537) Survivor regions: 18->17(17)
[273.680s][info][gc,heap     ] GC(537) Old regions: 97->131
[273.680s][info][gc,heap     ] GC(537) Humongous regions: 3->3
[273.680s][info][gc,metaspace] GC(537) Metaspace: 42581K(43008K)->42581K(43008K) NonClass: 39774K(40064K)->39774K(40064K) Class: 2806K(2944K)->2806K(2944K)
[273.680s][info][gc          ] GC(537) Pause Young (Prepare Mixed) (G1 Evacuation Pause) 232M->150M(288M) 57.237ms
[273.680s][info][gc,cpu      ] GC(537) User=0.11s Sys=0.00s Real=0.06s
[274.090s][info][gc,start    ] GC(538) Pause Young (Mixed) (G1 Evacuation Pause)
[274.090s][info][gc,task     ] GC(538) Using 2 workers of 2 for evacuation
[274.141s][info][gc,phases   ] GC(538)   Pre Evacuate Collection Set: 0.17ms
[274.141s][info][gc,phases   ] GC(538)   Merge Heap Roots: 0.25ms
[274.141s][info][gc,phases   ] GC(538)   Evacuate Collection Set: 50.02ms
[274.141s][info][gc,phases   ] GC(538)   Post Evacuate Collection Set: 0.39ms
[274.141s][info][gc,phases   ] GC(538)   Other: 0.07ms
[274.141s][info][gc,heap     ] GC(538) Eden regions: 87->0(71)
[274.141s][info][gc,heap     ] GC(538) Survivor regions: 17->13(13)
[274.141s][info][gc,heap     ] GC(538) Old regions: 131->156
[274.141s][info][gc,heap     ] GC(538) Humongous regions: 3->3
[274.141s][info][gc,metaspace] GC(538) Metaspace: 42581K(43008K)->42581K(43008K) NonClass: 39774K(40064K)->39774K(40064K) Class: 2806K(2944K)->2806K(2944K)
[274.141s][info][gc          ] GC(538) Pause Young (Mixed) (G1 Evacuation Pause) 237M->172M(288M) 51.066ms
[274.141s][info][gc,cpu      ] GC(538) User=0.10s Sys=0.00s Real=0.05s
[274.189s][info][gc,start    ] GC(539) Pause Young (Concurrent Start) (G1 Humongous Allocation)
[274.189s][info][gc,task     ] GC(539) Using 2 workers of 2 for evacuation
[274.209s][info][gc,phases   ] GC(539)   Pre Evacuate Collection Set: 0.17ms
[274.209s][info][gc,phases   ] GC(539)   Merge Heap Roots: 0.14ms
[274.209s][info][gc,phases   ] GC(539)   Evacuate Collection Set: 19.22ms
[274.209s][info][gc,phases   ] GC(539)   Post Evacuate Collection Set: 0.33ms
[274.209s][info][gc,phases   ] GC(539)   Other: 0.07ms
[274.209s][info][gc,heap     ] GC(539) Eden regions: 12->0(73)
[274.209s][info][gc,heap     ] GC(539) Survivor regions: 13->3(11)
[274.209s][info][gc,heap     ] GC(539) Old regions: 156->169
[274.209s][info][gc,heap     ] GC(539) Humongous regions: 3->1
[274.209s][info][gc,metaspace] GC(539) Metaspace: 42581K(43008K)->42581K(43008K) NonClass: 39774K(40064K)->39774K(40064K) Class: 2806K(2944K)->2806K(2944K)
[274.209s][info][gc          ] GC(539) Pause Young (Concurrent Start) (G1 Humongous Allocation) 183M->173M(288M) 20.097ms
[274.209s][info][gc,cpu      ] GC(539) User=0.04s Sys=0.00s Real=0.02s
[274.209s][info][gc          ] GC(540) Concurrent Mark Cycle
[274.209s][info][gc,marking  ] GC(540) Concurrent Scan Root Regions
[274.235s][info][gc,marking  ] GC(540) Concurrent Scan Root Regions 26.167ms
[274.235s][info][gc,marking  ] GC(540) Concurrent Mark
[274.235s][info][gc,marking  ] GC(540) Concurrent Mark From Roots
[274.235s][info][gc,task     ] GC(540) Using 1 workers of 1 for marking
[274.352s][info][gc,marking  ] GC(540) Concurrent Mark From Roots 117.238ms
[274.353s][info][gc,marking  ] GC(540) Concurrent Preclean
[274.353s][info][gc,marking  ] GC(540) Concurrent Preclean 0.034ms
[274.353s][info][gc,start    ] GC(540) Pause Remark
[274.368s][info][gc          ] GC(540) Pause Remark 215M->215M(292M) 15.169ms
[274.368s][info][gc,cpu      ] GC(540) User=0.03s Sys=0.00s Real=0.02s
[274.368s][info][gc,marking  ] GC(540) Concurrent Mark 132.796ms
[274.368s][info][gc,marking  ] GC(540) Concurrent Rebuild Remembered Sets and Scrub Regions
[274.432s][info][gc,marking  ] GC(540) Concurrent Rebuild Remembered Sets and Scrub Regions 64.294ms
[274.432s][info][gc,start    ] GC(540) Pause Cleanup
[274.433s][info][gc          ] GC(540) Pause Cleanup 227M->227M(292M) 0.077ms
[274.433s][info][gc,cpu      ] GC(540) User=0.00s Sys=0.00s Real=0.00s
[274.433s][info][gc,marking  ] GC(540) Concurrent Clear Claimed Marks
[274.433s][info][gc,marking  ] GC(540) Concurrent Clear Claimed Marks 0.038ms
[274.433s][info][gc,marking  ] GC(540) Concurrent Cleanup for Next Mark
[274.434s][info][gc,marking  ] GC(540) Concurrent Cleanup for Next Mark 0.903ms
[274.434s][info][gc          ] GC(540) Concurrent Mark Cycle 224.567ms
[274.519s][info][gc,start    ] GC(541) Pause Young (Prepare Mixed) (G1 Evacuation Pause)
[274.519s][info][gc,task     ] GC(541) Using 2 workers of 2 for evacuation
[274.535s][info][gc,phases   ] GC(541)   Pre Evacuate Collection Set: 0.17ms
[274.535s][info][gc,phases   ] GC(541)   Merge Heap Roots: 0.08ms
[274.535s][info][gc,phases   ] GC(541)   Evacuate Collection Set: 15.07ms
[274.535s][info][gc,phases   ] GC(541)   Post Evacuate Collection Set: 0.40ms
[274.535s][info][gc,phases   ] GC(541)   Other: 0.07ms
[274.535s][info][gc,heap     ] GC(541) Eden regions: 73->0(66)
[274.535s][info][gc,heap     ] GC(541) Survivor regions: 3->10(10)
[274.535s][info][gc,heap     ] GC(541) Old regions: 169->175
[274.535s][info][gc,heap     ] GC(541) Humongous regions: 3->3
[274.535s][info][gc,metaspace] GC(541) Metaspace: 42581K(43008K)->42581K(43008K) NonClass: 39774K(40064K)->39774K(40064K) Class: 2806K(2944K)->2806K(2944K)
[274.535s][info][gc          ] GC(541) Pause Young (Prepare Mixed) (G1 Evacuation Pause) 248M->188M(292M) 15.946ms
[274.535s][info][gc,cpu      ] GC(541) User=0.03s Sys=0.00s Real=0.01s
[274.799s][info][gc,start    ] GC(542) Pause Young (Mixed) (G1 Evacuation Pause)
[274.799s][info][gc,task     ] GC(542) Using 2 workers of 2 for evacuation
[274.821s][info][gc,phases   ] GC(542)   Pre Evacuate Collection Set: 0.18ms
[274.821s][info][gc,phases   ] GC(542)   Merge Heap Roots: 0.19ms
[274.821s][info][gc,phases   ] GC(542)   Evacuate Collection Set: 21.30ms
[274.821s][info][gc,phases   ] GC(542)   Post Evacuate Collection Set: 0.43ms
[274.821s][info][gc,phases   ] GC(542)   Other: 0.07ms
[274.821s][info][gc,heap     ] GC(542) Eden regions: 66->0(82)
[274.821s][info][gc,heap     ] GC(542) Survivor regions: 10->10(10)
[274.821s][info][gc,heap     ] GC(542) Old regions: 175->155
[274.821s][info][gc,heap     ] GC(542) Humongous regions: 7->3
[274.821s][info][gc,metaspace] GC(542) Metaspace: 42581K(43008K)->42581K(43008K) NonClass: 39774K(40064K)->39774K(40064K) Class: 2806K(2944K)->2806K(2944K)
[274.821s][info][gc          ] GC(542) Pause Young (Mixed) (G1 Evacuation Pause) 258M->168M(292M) 22.347ms
[274.821s][info][gc,cpu      ] GC(542) User=0.05s Sys=0.00s Real=0.02s
[275.080s][info][gc,start    ] GC(543) Pause Young (Mixed) (G1 Evacuation Pause)
[275.080s][info][gc,task     ] GC(543) Using 2 workers of 2 for evacuation
[275.097s][info][gc,phases   ] GC(543)   Pre Evacuate Collection Set: 0.20ms
[275.097s][info][gc,phases   ] GC(543)   Merge Heap Roots: 0.25ms
[275.097s][info][gc,phases   ] GC(543)   Evacuate Collection Set: 15.76ms
[275.097s][info][gc,phases   ] GC(543)   Post Evacuate Collection Set: 1.41ms
[275.097s][info][gc,phases   ] GC(543)   Other: 0.10ms
[275.097s][info][gc,heap     ] GC(543) Eden regions: 82->0(217)
[275.097s][info][gc,heap     ] GC(543) Survivor regions: 10->1(12)
[275.097s][info][gc,heap     ] GC(543) Old regions: 155->136
[275.097s][info][gc,heap     ] GC(543) Humongous regions: 3->1
[275.097s][info][gc,metaspace] GC(543) Metaspace: 42581K(43008K)->42581K(43008K) NonClass: 39774K(40064K)->39774K(40064K) Class: 2806K(2944K)->2806K(2944K)
[275.097s][info][gc          ] GC(543) Pause Young (Mixed) (G1 Evacuation Pause) 250M->138M(426M) 17.897ms
[275.097s][info][gc,cpu      ] GC(543) User=0.03s Sys=0.00s Real=0.02s
[275.833s][info][gc,start    ] GC(544) Pause Young (Mixed) (G1 Evacuation Pause)
[275.834s][info][gc,task     ] GC(544) Using 2 workers of 2 for evacuation
[275.863s][info][gc,phases   ] GC(544)   Pre Evacuate Collection Set: 0.27ms
[275.863s][info][gc,phases   ] GC(544)   Merge Heap Roots: 0.38ms
[275.863s][info][gc,phases   ] GC(544)   Evacuate Collection Set: 28.32ms
[275.863s][info][gc,phases   ] GC(544)   Post Evacuate Collection Set: 0.54ms
[275.863s][info][gc,phases   ] GC(544)   Other: 0.10ms
[275.863s][info][gc,heap     ] GC(544) Eden regions: 217->0(219)
[275.863s][info][gc,heap     ] GC(544) Survivor regions: 1->17(28)
[275.863s][info][gc,heap     ] GC(544) Old regions: 136->118
[275.863s][info][gc,heap     ] GC(544) Humongous regions: 10->3
[275.863s][info][gc,metaspace] GC(544) Metaspace: 42584K(43008K)->42584K(43008K) NonClass: 39778K(40064K)->39778K(40064K) Class: 2806K(2944K)->2806K(2944K)
[275.863s][info][gc          ] GC(544) Pause Young (Mixed) (G1 Evacuation Pause) 364M->137M(426M) 29.790ms
[275.863s][info][gc,cpu      ] GC(544) User=0.06s Sys=0.00s Real=0.03s
[276.499s][info][gc,start    ] GC(545) Pause Young (Concurrent Start) (G1 Humongous Allocation)
[276.499s][info][gc,task     ] GC(545) Using 2 workers of 2 for evacuation
[276.524s][info][gc,phases   ] GC(545)   Pre Evacuate Collection Set: 0.22ms
[276.524s][info][gc,phases   ] GC(545)   Merge Heap Roots: 0.07ms
[276.524s][info][gc,phases   ] GC(545)   Evacuate Collection Set: 23.61ms
[276.524s][info][gc,phases   ] GC(545)   Post Evacuate Collection Set: 0.50ms
[276.524s][info][gc,phases   ] GC(545)   Other: 0.11ms
[276.524s][info][gc,heap     ] GC(545) Eden regions: 210->0(187)
[276.524s][info][gc,heap     ] GC(545) Survivor regions: 17->30(30)
[276.524s][info][gc,heap     ] GC(545) Old regions: 118->128
[276.524s][info][gc,heap     ] GC(545) Humongous regions: 4->3
[276.524s][info][gc,metaspace] GC(545) Metaspace: 42584K(43008K)->42584K(43008K) NonClass: 39778K(40064K)->39778K(40064K) Class: 2806K(2944K)->2806K(2944K)
[276.524s][info][gc          ] GC(545) Pause Young (Concurrent Start) (G1 Humongous Allocation) 348M->161M(426M) 24.726ms
[276.524s][info][gc,cpu      ] GC(545) User=0.05s Sys=0.00s Real=0.02s
[276.524s][info][gc          ] GC(546) Concurrent Mark Cycle
[276.524s][info][gc,marking  ] GC(546) Concurrent Scan Root Regions
[276.549s][info][gc,marking  ] GC(546) Concurrent Scan Root Regions 24.726ms
[276.549s][info][gc,marking  ] GC(546) Concurrent Mark
[276.549s][info][gc,marking  ] GC(546) Concurrent Mark From Roots
[276.549s][info][gc,task     ] GC(546) Using 1 workers of 1 for marking
[276.614s][info][gc,marking  ] GC(546) Concurrent Mark From Roots 65.405ms
[276.614s][info][gc,marking  ] GC(546) Concurrent Preclean
[276.614s][info][gc,marking  ] GC(546) Concurrent Preclean 0.037ms
[276.614s][info][gc,start    ] GC(546) Pause Remark
[276.629s][info][gc          ] GC(546) Pause Remark 184M->164M(426M) 15.034ms
[276.629s][info][gc,cpu      ] GC(546) User=0.03s Sys=0.00s Real=0.02s
[276.632s][info][gc,marking  ] GC(546) Concurrent Mark 83.113ms
[276.632s][info][gc,marking  ] GC(546) Concurrent Rebuild Remembered Sets and Scrub Regions
[276.661s][info][gc,marking  ] GC(546) Concurrent Rebuild Remembered Sets and Scrub Regions 29.536ms
[276.661s][info][gc,start    ] GC(546) Pause Cleanup
[276.661s][info][gc          ] GC(546) Pause Cleanup 173M->173M(426M) 0.074ms
[276.662s][info][gc,cpu      ] GC(546) User=0.00s Sys=0.00s Real=0.00s
[276.662s][info][gc,marking  ] GC(546) Concurrent Clear Claimed Marks
[276.662s][info][gc,marking  ] GC(546) Concurrent Clear Claimed Marks 0.040ms
[276.662s][info][gc,marking  ] GC(546) Concurrent Cleanup for Next Mark
[276.664s][info][gc,marking  ] GC(546) Concurrent Cleanup for Next Mark 2.625ms
[276.664s][info][gc          ] GC(546) Concurrent Mark Cycle 140.495ms
[277.141s][info][gc,start    ] GC(547) Pause Young (Prepare Mixed) (G1 Evacuation Pause)
[277.141s][info][gc,task     ] GC(547) Using 2 workers of 2 for evacuation
[277.162s][info][gc,phases   ] GC(547)   Pre Evacuate Collection Set: 0.25ms
[277.162s][info][gc,phases   ] GC(547)   Merge Heap Roots: 0.09ms
[277.162s][info][gc,phases   ] GC(547)   Evacuate Collection Set: 20.39ms
[277.162s][info][gc,phases   ] GC(547)   Post Evacuate Collection Set: 0.47ms
[277.162s][info][gc,phases   ] GC(547)   Other: 0.07ms
[277.162s][info][gc,heap     ] GC(547) Eden regions: 187->0(198)
[277.162s][info][gc,heap     ] GC(547) Survivor regions: 30->17(28)
[277.162s][info][gc,heap     ] GC(547) Old regions: 108->127
[277.162s][info][gc,heap     ] GC(547) Humongous regions: 5->4
[277.162s][info][gc,metaspace] GC(547) Metaspace: 42584K(43008K)->42584K(43008K) NonClass: 39778K(40064K)->39778K(40064K) Class: 2806K(2944K)->2806K(2944K)
[277.162s][info][gc          ] GC(547) Pause Young (Prepare Mixed) (G1 Evacuation Pause) 330M->147M(426M) 21.460ms
[277.163s][info][gc,cpu      ] GC(547) User=0.04s Sys=0.00s Real=0.02s
[277.851s][info][gc,start    ] GC(548) Pause Young (Mixed) (G1 Evacuation Pause)
[277.851s][info][gc,task     ] GC(548) Using 2 workers of 2 for evacuation
[277.860s][info][gc,phases   ] GC(548)   Pre Evacuate Collection Set: 0.28ms
[277.860s][info][gc,phases   ] GC(548)   Merge Heap Roots: 0.13ms
[277.860s][info][gc,phases   ] GC(548)   Evacuate Collection Set: 8.03ms
[277.860s][info][gc,phases   ] GC(548)   Post Evacuate Collection Set: 0.43ms
[277.860s][info][gc,phases   ] GC(548)   Other: 0.08ms
[277.860s][info][gc,heap     ] GC(548) Eden regions: 198->0(236)
[277.860s][info][gc,heap     ] GC(548) Survivor regions: 17->3(27)
[277.860s][info][gc,heap     ] GC(548) Old regions: 127->100
[277.860s][info][gc,heap     ] GC(548) Humongous regions: 5->4
[277.860s][info][gc,metaspace] GC(548) Metaspace: 42584K(43008K)->42584K(43008K) NonClass: 39778K(40064K)->39778K(40064K) Class: 2806K(2944K)->2806K(2944K)
[277.860s][info][gc          ] GC(548) Pause Young (Mixed) (G1 Evacuation Pause) 346M->106M(426M) 9.148ms
[277.860s][info][gc,cpu      ] GC(548) User=0.02s Sys=0.00s Real=0.01s
[278.529s][info][gc,start    ] GC(549) Pause Young (Concurrent Start) (G1 Humongous Allocation)
[278.529s][info][gc,task     ] GC(549) Using 2 workers of 2 for evacuation
[278.564s][info][gc,phases   ] GC(549)   Pre Evacuate Collection Set: 0.23ms
[278.564s][info][gc,phases   ] GC(549)   Merge Heap Roots: 0.07ms
[278.564s][info][gc,phases   ] GC(549)   Evacuate Collection Set: 34.22ms
[278.564s][info][gc,phases   ] GC(549)   Post Evacuate Collection Set: 0.57ms
[278.564s][info][gc,phases   ] GC(549)   Other: 0.09ms
[278.564s][info][gc,heap     ] GC(549) Eden regions: 218->0(171)
[278.564s][info][gc,heap     ] GC(549) Survivor regions: 3->30(30)
[278.564s][info][gc,heap     ] GC(549) Old regions: 100->127
[278.564s][info][gc,heap     ] GC(549) Humongous regions: 4->4
[278.564s][info][gc,metaspace] GC(549) Metaspace: 42585K(43008K)->42585K(43008K) NonClass: 39778K(40064K)->39778K(40064K) Class: 2806K(2944K)->2806K(2944K)
[278.564s][info][gc          ] GC(549) Pause Young (Concurrent Start) (G1 Humongous Allocation) 323M->161M(426M) 35.379ms
[278.564s][info][gc,cpu      ] GC(549) User=0.07s Sys=0.00s Real=0.03s
[278.564s][info][gc          ] GC(550) Concurrent Mark Cycle
[278.564s][info][gc,marking  ] GC(550) Concurrent Scan Root Regions
[278.585s][info][gc,marking  ] GC(550) Concurrent Scan Root Regions 20.760ms
[278.585s][info][gc,marking  ] GC(550) Concurrent Mark
[278.585s][info][gc,marking  ] GC(550) Concurrent Mark From Roots
[278.585s][info][gc,task     ] GC(550) Using 1 workers of 1 for marking
[278.657s][info][gc,marking  ] GC(550) Concurrent Mark From Roots 71.844ms
[278.657s][info][gc,marking  ] GC(550) Concurrent Preclean
[278.657s][info][gc,marking  ] GC(550) Concurrent Preclean 0.065ms
[278.657s][info][gc,start    ] GC(550) Pause Remark
[278.673s][info][gc          ] GC(550) Pause Remark 185M->168M(426M) 15.734ms
[278.673s][info][gc,cpu      ] GC(550) User=0.04s Sys=0.00s Real=0.01s
[278.677s][info][gc,marking  ] GC(550) Concurrent Mark 91.552ms
[278.677s][info][gc,marking  ] GC(550) Concurrent Rebuild Remembered Sets and Scrub Regions
[278.723s][info][gc,marking  ] GC(550) Concurrent Rebuild Remembered Sets and Scrub Regions 46.366ms
[278.723s][info][gc,start    ] GC(550) Pause Cleanup
[278.723s][info][gc          ] GC(550) Pause Cleanup 182M->182M(426M) 0.053ms
[278.723s][info][gc,cpu      ] GC(550) User=0.00s Sys=0.00s Real=0.00s
[278.723s][info][gc,marking  ] GC(550) Concurrent Clear Claimed Marks
[278.723s][info][gc,marking  ] GC(550) Concurrent Clear Claimed Marks 0.037ms
[278.723s][info][gc,marking  ] GC(550) Concurrent Cleanup for Next Mark
[278.725s][info][gc,marking  ] GC(550) Concurrent Cleanup for Next Mark 1.234ms
[278.725s][info][gc          ] GC(550) Concurrent Mark Cycle 160.283ms
[279.209s][info][gc,start    ] GC(551) Pause Young (Prepare Mixed) (G1 Evacuation Pause)
[279.209s][info][gc,task     ] GC(551) Using 2 workers of 2 for evacuation
[279.289s][info][gc,phases   ] GC(551)   Pre Evacuate Collection Set: 0.28ms
[279.289s][info][gc,phases   ] GC(551)   Merge Heap Roots: 0.37ms
[279.289s][info][gc,phases   ] GC(551)   Evacuate Collection Set: 79.20ms
[279.289s][info][gc,phases   ] GC(551)   Post Evacuate Collection Set: 0.51ms
[279.289s][info][gc,phases   ] GC(551)   Other: 0.08ms
[279.289s][info][gc,heap     ] GC(551) Eden regions: 171->0(95)
[279.289s][info][gc,heap     ] GC(551) Survivor regions: 30->26(26)
[279.290s][info][gc,heap     ] GC(551) Old regions: 111->199
[279.290s][info][gc,heap     ] GC(551) Humongous regions: 5->5
[279.290s][info][gc,metaspace] GC(551) Metaspace: 42585K(43008K)->42585K(43008K) NonClass: 39778K(40064K)->39778K(40064K) Class: 2806K(2944K)->2806K(2944K)
[279.290s][info][gc          ] GC(551) Pause Young (Prepare Mixed) (G1 Evacuation Pause) 317M->229M(431M) 80.635ms
[279.290s][info][gc,cpu      ] GC(551) User=0.16s Sys=0.00s Real=0.08s
[279.610s][info][gc,start    ] GC(552) Pause Young (Mixed) (G1 Evacuation Pause)
[279.610s][info][gc,task     ] GC(552) Using 2 workers of 2 for evacuation
[279.676s][info][gc,phases   ] GC(552)   Pre Evacuate Collection Set: 0.30ms
[279.677s][info][gc,phases   ] GC(552)   Merge Heap Roots: 0.30ms
[279.677s][info][gc,phases   ] GC(552)   Evacuate Collection Set: 65.33ms
[279.677s][info][gc,phases   ] GC(552)   Post Evacuate Collection Set: 0.50ms
[279.677s][info][gc,phases   ] GC(552)   Other: 0.07ms
[279.677s][info][gc,heap     ] GC(552) Eden regions: 95->0(61)
[279.677s][info][gc,heap     ] GC(552) Survivor regions: 26->16(16)
[279.677s][info][gc,heap     ] GC(552) Old regions: 199->259
[279.677s][info][gc,heap     ] GC(552) Humongous regions: 5->5
[279.677s][info][gc,metaspace] GC(552) Metaspace: 42585K(43008K)->42585K(43008K) NonClass: 39778K(40064K)->39778K(40064K) Class: 2806K(2944K)->2806K(2944K)
[279.677s][info][gc          ] GC(552) Pause Young (Mixed) (G1 Evacuation Pause) 324M->280M(431M) 66.717ms
[279.677s][info][gc,cpu      ] GC(552) User=0.13s Sys=0.01s Real=0.06s
[279.756s][info][gc,start    ] GC(553) Pause Young (Concurrent Start) (G1 Humongous Allocation)
[279.756s][info][gc,task     ] GC(553) Using 2 workers of 2 for evacuation
[279.779s][info][gc,phases   ] GC(553)   Pre Evacuate Collection Set: 0.29ms
[279.779s][info][gc,phases   ] GC(553)   Merge Heap Roots: 0.20ms
[279.779s][info][gc,phases   ] GC(553)   Evacuate Collection Set: 22.00ms
[279.779s][info][gc,phases   ] GC(553)   Post Evacuate Collection Set: 0.35ms
[279.779s][info][gc,phases   ] GC(553)   Other: 0.16ms
[279.779s][info][gc,heap     ] GC(553) Eden regions: 20->0(54)
[279.779s][info][gc,heap     ] GC(553) Survivor regions: 16->10(10)
[279.779s][info][gc,heap     ] GC(553) Old regions: 259->278
[279.779s][info][gc,heap     ] GC(553) Humongous regions: 5->5
[279.779s][info][gc,metaspace] GC(553) Metaspace: 42585K(43008K)->42585K(43008K) NonClass: 39778K(40064K)->39778K(40064K) Class: 2806K(2944K)->2806K(2944K)
[279.779s][info][gc          ] GC(553) Pause Young (Concurrent Start) (G1 Humongous Allocation) 299M->292M(431M) 23.219ms
[279.779s][info][gc,cpu      ] GC(553) User=0.05s Sys=0.00s Real=0.03s
[279.779s][info][gc          ] GC(554) Concurrent Mark Cycle
[279.779s][info][gc,marking  ] GC(554) Concurrent Scan Root Regions
[279.789s][info][gc,marking  ] GC(554) Concurrent Scan Root Regions 9.357ms
[279.789s][info][gc,marking  ] GC(554) Concurrent Mark
[279.789s][info][gc,marking  ] GC(554) Concurrent Mark From Roots
[279.789s][info][gc,task     ] GC(554) Using 1 workers of 1 for marking
[279.962s][info][gc,marking  ] GC(554) Concurrent Mark From Roots 173.073ms
[279.962s][info][gc,marking  ] GC(554) Concurrent Preclean
[279.962s][info][gc,marking  ] GC(554) Concurrent Preclean 0.049ms
[279.962s][info][gc,start    ] GC(554) Pause Remark
[279.978s][info][gc          ] GC(554) Pause Remark 335M->326M(475M) 15.640ms
[279.978s][info][gc,cpu      ] GC(554) User=0.03s Sys=0.00s Real=0.02s
[279.978s][info][gc,marking  ] GC(554) Concurrent Mark 189.098ms
[279.978s][info][gc,marking  ] GC(554) Concurrent Rebuild Remembered Sets and Scrub Regions
[280.038s][info][gc,start    ] GC(555) Pause Young (Normal) (G1 Evacuation Pause)
[280.038s][info][gc,task     ] GC(555) Using 2 workers of 2 for evacuation
[280.072s][info][gc,phases   ] GC(555)   Pre Evacuate Collection Set: 0.20ms
[280.072s][info][gc,phases   ] GC(555)   Merge Heap Roots: 0.26ms
[280.072s][info][gc,phases   ] GC(555)   Evacuate Collection Set: 33.30ms
[280.072s][info][gc,phases   ] GC(555)   Post Evacuate Collection Set: 0.41ms
[280.072s][info][gc,phases   ] GC(555)   Other: 0.07ms
[280.072s][info][gc,heap     ] GC(555) Eden regions: 54->0(66)
[280.072s][info][gc,heap     ] GC(555) Survivor regions: 10->8(8)
[280.072s][info][gc,heap     ] GC(555) Old regions: 270->298
[280.072s][info][gc,heap     ] GC(555) Humongous regions: 5->5
[280.072s][info][gc,metaspace] GC(555) Metaspace: 42585K(43008K)->42585K(43008K) NonClass: 39778K(40064K)->39778K(40064K) Class: 2806K(2944K)->2806K(2944K)
[280.072s][info][gc          ] GC(555) Pause Young (Normal) (G1 Evacuation Pause) 338M->310M(475M) 34.424ms
[280.072s][info][gc,cpu      ] GC(555) User=0.07s Sys=0.00s Real=0.03s
[280.103s][info][gc,marking  ] GC(554) Concurrent Rebuild Remembered Sets and Scrub Regions 124.989ms
[280.103s][info][gc,start    ] GC(554) Pause Cleanup
[280.103s][info][gc          ] GC(554) Pause Cleanup 321M->321M(475M) 0.114ms
[280.103s][info][gc,cpu      ] GC(554) User=0.00s Sys=0.00s Real=0.00s
[280.103s][info][gc,marking  ] GC(554) Concurrent Clear Claimed Marks
[280.103s][info][gc,marking  ] GC(554) Concurrent Clear Claimed Marks 0.043ms
[280.103s][info][gc,marking  ] GC(554) Concurrent Cleanup for Next Mark
[280.105s][info][gc,marking  ] GC(554) Concurrent Cleanup for Next Mark 1.940ms
[280.105s][info][gc          ] GC(554) Concurrent Mark Cycle 325.911ms
[280.303s][info][gc,start    ] GC(556) Pause Young (Prepare Mixed) (G1 Evacuation Pause)
[280.303s][info][gc,task     ] GC(556) Using 2 workers of 2 for evacuation
[280.341s][info][gc,phases   ] GC(556)   Pre Evacuate Collection Set: 0.22ms
[280.341s][info][gc,phases   ] GC(556)   Merge Heap Roots: 0.26ms
[280.341s][info][gc,phases   ] GC(556)   Evacuate Collection Set: 36.74ms
[280.341s][info][gc,phases   ] GC(556)   Post Evacuate Collection Set: 0.46ms
[280.341s][info][gc,phases   ] GC(556)   Other: 0.09ms
[280.341s][info][gc,heap     ] GC(556) Eden regions: 66->0(50)
[280.341s][info][gc,heap     ] GC(556) Survivor regions: 8->10(10)
[280.341s][info][gc,heap     ] GC(556) Old regions: 298->336
[280.341s][info][gc,heap     ] GC(556) Humongous regions: 5->5
[280.341s][info][gc,metaspace] GC(556) Metaspace: 42585K(43008K)->42585K(43008K) NonClass: 39778K(40064K)->39778K(40064K) Class: 2806K(2944K)->2806K(2944K)
[280.341s][info][gc          ] GC(556) Pause Young (Prepare Mixed) (G1 Evacuation Pause) 376M->351M(475M) 37.988ms
[280.341s][info][gc,cpu      ] GC(556) User=0.08s Sys=0.00s Real=0.04s
[280.509s][info][gc,start    ] GC(557) Pause Young (Mixed) (G1 Evacuation Pause)
[280.509s][info][gc,task     ] GC(557) Using 2 workers of 2 for evacuation
[280.539s][info][gc,phases   ] GC(557)   Pre Evacuate Collection Set: 0.27ms
[280.539s][info][gc,phases   ] GC(557)   Merge Heap Roots: 0.31ms
[280.539s][info][gc,phases   ] GC(557)   Evacuate Collection Set: 28.89ms
[280.539s][info][gc,phases   ] GC(557)   Post Evacuate Collection Set: 1.06ms
[280.539s][info][gc,phases   ] GC(557)   Other: 0.08ms
[280.539s][info][gc,heap     ] GC(557) Eden regions: 50->0(101)
[280.539s][info][gc,heap     ] GC(557) Survivor regions: 10->8(8)
[280.539s][info][gc,heap     ] GC(557) Old regions: 336->308
[280.539s][info][gc,heap     ] GC(557) Humongous regions: 6->6
[280.539s][info][gc,metaspace] GC(557) Metaspace: 42585K(43008K)->42585K(43008K) NonClass: 39778K(40064K)->39778K(40064K) Class: 2806K(2944K)->2806K(2944K)
[280.539s][info][gc          ] GC(557) Pause Young (Mixed) (G1 Evacuation Pause) 402M->321M(558M) 30.814ms
[280.539s][info][gc,cpu      ] GC(557) User=0.06s Sys=0.00s Real=0.03s
[280.936s][info][gc,start    ] GC(558) Pause Young (Mixed) (G1 Evacuation Pause)
[280.936s][info][gc,task     ] GC(558) Using 2 workers of 2 for evacuation
[280.975s][info][gc,phases   ] GC(558)   Pre Evacuate Collection Set: 0.35ms
[280.975s][info][gc,phases   ] GC(558)   Merge Heap Roots: 0.70ms
[280.975s][info][gc,phases   ] GC(558)   Evacuate Collection Set: 37.34ms
[280.975s][info][gc,phases   ] GC(558)   Post Evacuate Collection Set: 0.53ms
[280.975s][info][gc,phases   ] GC(558)   Other: 0.10ms
[280.975s][info][gc,heap     ] GC(558) Eden regions: 101->0(122)
[280.975s][info][gc,heap     ] GC(558) Survivor regions: 8->14(14)
[280.975s][info][gc,heap     ] GC(558) Old regions: 308->277
[280.975s][info][gc,heap     ] GC(558) Humongous regions: 6->6
[280.975s][info][gc,metaspace] GC(558) Metaspace: 42585K(43008K)->42585K(43008K) NonClass: 39778K(40064K)->39778K(40064K) Class: 2806K(2944K)->2806K(2944K)
[280.975s][info][gc          ] GC(558) Pause Young (Mixed) (G1 Evacuation Pause) 422M->296M(558M) 39.224ms
[280.975s][info][gc,cpu      ] GC(558) User=0.08s Sys=0.00s Real=0.04s
[281.373s][info][gc,start    ] GC(559) Pause Young (Mixed) (G1 Evacuation Pause)
[281.373s][info][gc,task     ] GC(559) Using 2 workers of 2 for evacuation
[281.416s][info][gc,phases   ] GC(559)   Pre Evacuate Collection Set: 0.25ms
[281.416s][info][gc,phases   ] GC(559)   Merge Heap Roots: 0.64ms
[281.416s][info][gc,phases   ] GC(559)   Evacuate Collection Set: 41.27ms
[281.416s][info][gc,phases   ] GC(559)   Post Evacuate Collection Set: 0.44ms
[281.416s][info][gc,phases   ] GC(559)   Other: 0.07ms
[281.416s][info][gc,heap     ] GC(559) Eden regions: 122->0(122)
[281.416s][info][gc,heap     ] GC(559) Survivor regions: 14->17(17)
[281.416s][info][gc,heap     ] GC(559) Old regions: 277->287
[281.416s][info][gc,heap     ] GC(559) Humongous regions: 6->6
[281.416s][info][gc,metaspace] GC(559) Metaspace: 42585K(43008K)->42585K(43008K) NonClass: 39778K(40064K)->39778K(40064K) Class: 2806K(2944K)->2806K(2944K)
[281.416s][info][gc          ] GC(559) Pause Young (Mixed) (G1 Evacuation Pause) 418M->309M(558M) 42.889ms
[281.416s][info][gc,cpu      ] GC(559) User=0.09s Sys=0.00s Real=0.04s
[281.441s][info][gc,start    ] GC(560) Pause Young (Concurrent Start) (G1 Humongous Allocation)
[281.442s][info][gc,task     ] GC(560) Using 2 workers of 2 for evacuation
[281.458s][info][gc,phases   ] GC(560)   Pre Evacuate Collection Set: 0.23ms
[281.458s][info][gc,phases   ] GC(560)   Merge Heap Roots: 0.09ms
[281.458s][info][gc,phases   ] GC(560)   Evacuate Collection Set: 15.73ms
[281.458s][info][gc,phases   ] GC(560)   Post Evacuate Collection Set: 0.28ms
[281.458s][info][gc,phases   ] GC(560)   Other: 0.14ms
[281.458s][info][gc,heap     ] GC(560) Eden regions: 7->0(96)
[281.458s][info][gc,heap     ] GC(560) Survivor regions: 17->7(18)
[281.458s][info][gc,heap     ] GC(560) Old regions: 287->304
[281.458s][info][gc,heap     ] GC(560) Humongous regions: 6->6
[281.458s][info][gc,metaspace] GC(560) Metaspace: 42585K(43008K)->42585K(43008K) NonClass: 39778K(40064K)->39778K(40064K) Class: 2806K(2944K)->2806K(2944K)
[281.458s][info][gc          ] GC(560) Pause Young (Concurrent Start) (G1 Humongous Allocation) 316M->316M(558M) 16.623ms
[281.458s][info][gc,cpu      ] GC(560) User=0.03s Sys=0.00s Real=0.02s
[281.458s][info][gc          ] GC(561) Concurrent Mark Cycle
[281.458s][info][gc,marking  ] GC(561) Concurrent Scan Root Regions
[281.467s][info][gc,marking  ] GC(561) Concurrent Scan Root Regions 9.305ms
[281.468s][info][gc,marking  ] GC(561) Concurrent Mark
[281.468s][info][gc,marking  ] GC(561) Concurrent Mark From Roots
[281.468s][info][gc,task     ] GC(561) Using 1 workers of 1 for marking
[281.554s][info][gc,marking  ] GC(561) Concurrent Mark From Roots 86.094ms
[281.554s][info][gc,marking  ] GC(561) Concurrent Preclean
[281.554s][info][gc,marking  ] GC(561) Concurrent Preclean 0.056ms
[281.554s][info][gc,start    ] GC(561) Pause Remark
[281.569s][info][gc          ] GC(561) Pause Remark 338M->176M(520M) 15.256ms
[281.569s][info][gc,cpu      ] GC(561) User=0.03s Sys=0.00s Real=0.02s
[281.569s][info][gc,marking  ] GC(561) Concurrent Mark 101.712ms
[281.569s][info][gc,marking  ] GC(561) Concurrent Rebuild Remembered Sets and Scrub Regions
[281.617s][info][gc,marking  ] GC(561) Concurrent Rebuild Remembered Sets and Scrub Regions 47.774ms
[281.617s][info][gc,start    ] GC(561) Pause Cleanup
[281.617s][info][gc          ] GC(561) Pause Cleanup 189M->189M(520M) 0.069ms
[281.617s][info][gc,cpu      ] GC(561) User=0.00s Sys=0.00s Real=0.00s
[281.617s][info][gc,marking  ] GC(561) Concurrent Clear Claimed Marks
[281.617s][info][gc,marking  ] GC(561) Concurrent Clear Claimed Marks 0.038ms
[281.617s][info][gc,marking  ] GC(561) Concurrent Cleanup for Next Mark
[281.619s][info][gc,marking  ] GC(561) Concurrent Cleanup for Next Mark 1.953ms
[281.619s][info][gc          ] GC(561) Concurrent Mark Cycle 161.158ms
[281.817s][info][gc,start    ] GC(562) Pause Young (Prepare Mixed) (G1 Evacuation Pause)
[281.817s][info][gc,task     ] GC(562) Using 2 workers of 2 for evacuation
[281.838s][info][gc,phases   ] GC(562)   Pre Evacuate Collection Set: 0.24ms
[281.838s][info][gc,phases   ] GC(562)   Merge Heap Roots: 0.24ms
[281.838s][info][gc,phases   ] GC(562)   Evacuate Collection Set: 20.03ms
[281.838s][info][gc,phases   ] GC(562)   Post Evacuate Collection Set: 0.43ms
[281.838s][info][gc,phases   ] GC(562)   Other: 0.08ms
[281.838s][info][gc,heap     ] GC(562) Eden regions: 96->0(154)
[281.838s][info][gc,heap     ] GC(562) Survivor regions: 7->13(13)
[281.838s][info][gc,heap     ] GC(562) Old regions: 145->150
[281.838s][info][gc,heap     ] GC(562) Humongous regions: 4->3
[281.838s][info][gc,metaspace] GC(562) Metaspace: 42586K(43008K)->42586K(43008K) NonClass: 39779K(40064K)->39779K(40064K) Class: 2806K(2944K)->2806K(2944K)
[281.838s][info][gc          ] GC(562) Pause Young (Prepare Mixed) (G1 Evacuation Pause) 251M->166M(520M) 21.222ms
[281.838s][info][gc,cpu      ] GC(562) User=0.04s Sys=0.00s Real=0.02s
[282.345s][info][gc,start    ] GC(563) Pause Young (Mixed) (G1 Evacuation Pause)
[282.345s][info][gc,task     ] GC(563) Using 2 workers of 2 for evacuation
[282.381s][info][gc,phases   ] GC(563)   Pre Evacuate Collection Set: 0.38ms
[282.381s][info][gc,phases   ] GC(563)   Merge Heap Roots: 0.31ms
[282.381s][info][gc,phases   ] GC(563)   Evacuate Collection Set: 33.71ms
[282.381s][info][gc,phases   ] GC(563)   Post Evacuate Collection Set: 0.81ms
[282.381s][info][gc,phases   ] GC(563)   Other: 0.08ms
[282.381s][info][gc,heap     ] GC(563) Eden regions: 154->0(186)
[282.381s][info][gc,heap     ] GC(563) Survivor regions: 13->21(21)
[282.381s][info][gc,heap     ] GC(563) Old regions: 150->131
[282.381s][info][gc,heap     ] GC(563) Humongous regions: 4->4
[282.381s][info][gc,metaspace] GC(563) Metaspace: 42586K(43008K)->42586K(43008K) NonClass: 39779K(40064K)->39779K(40064K) Class: 2806K(2944K)->2806K(2944K)
[282.381s][info][gc          ] GC(563) Pause Young (Mixed) (G1 Evacuation Pause) 321M->155M(558M) 35.529ms
[282.381s][info][gc,cpu      ] GC(563) User=0.07s Sys=0.00s Real=0.04s
[282.466s][info][gc,start    ] GC(564) Pause Young (Concurrent Start) (G1 Humongous Allocation)
[282.466s][info][gc,task     ] GC(564) Using 2 workers of 2 for evacuation
[282.491s][info][gc,phases   ] GC(564)   Pre Evacuate Collection Set: 0.27ms
[282.491s][info][gc,phases   ] GC(564)   Merge Heap Roots: 0.11ms
[282.491s][info][gc,phases   ] GC(564)   Evacuate Collection Set: 25.05ms
[282.491s][info][gc,phases   ] GC(564)   Post Evacuate Collection Set: 0.35ms
[282.492s][info][gc,phases   ] GC(564)   Other: 0.08ms
[282.492s][info][gc,heap     ] GC(564) Eden regions: 28->0(166)
[282.492s][info][gc,heap     ] GC(564) Survivor regions: 21->16(26)
[282.492s][info][gc,heap     ] GC(564) Old regions: 131->149
[282.492s][info][gc,heap     ] GC(564) Humongous regions: 4->4
[282.492s][info][gc,metaspace] GC(564) Metaspace: 42586K(43008K)->42586K(43008K) NonClass: 39779K(40064K)->39779K(40064K) Class: 2806K(2944K)->2806K(2944K)
[282.492s][info][gc          ] GC(564) Pause Young (Concurrent Start) (G1 Humongous Allocation) 183M->168M(558M) 26.050ms
[282.492s][info][gc,cpu      ] GC(564) User=0.04s Sys=0.00s Real=0.03s
[282.492s][info][gc          ] GC(565) Concurrent Mark Cycle
[282.492s][info][gc,marking  ] GC(565) Concurrent Scan Root Regions
[282.502s][info][gc,marking  ] GC(565) Concurrent Scan Root Regions 10.397ms
[282.502s][info][gc,marking  ] GC(565) Concurrent Mark
[282.502s][info][gc,marking  ] GC(565) Concurrent Mark From Roots
[282.502s][info][gc,task     ] GC(565) Using 1 workers of 1 for marking
[282.586s][info][gc,marking  ] GC(565) Concurrent Mark From Roots 83.804ms
[282.586s][info][gc,marking  ] GC(565) Concurrent Preclean
[282.586s][info][gc,marking  ] GC(565) Concurrent Preclean 0.044ms
[282.586s][info][gc,start    ] GC(565) Pause Remark
[282.601s][info][gc          ] GC(565) Pause Remark 197M->178M(504M) 15.084ms
[282.601s][info][gc,cpu      ] GC(565) User=0.03s Sys=0.00s Real=0.02s
[282.601s][info][gc,marking  ] GC(565) Concurrent Mark 99.210ms
[282.601s][info][gc,marking  ] GC(565) Concurrent Rebuild Remembered Sets and Scrub Regions
[282.641s][info][gc,marking  ] GC(565) Concurrent Rebuild Remembered Sets and Scrub Regions 40.018ms
[282.642s][info][gc,start    ] GC(565) Pause Cleanup
[282.642s][info][gc          ] GC(565) Pause Cleanup 190M->190M(504M) 0.058ms
[282.642s][info][gc,cpu      ] GC(565) User=0.00s Sys=0.00s Real=0.00s
[282.642s][info][gc,marking  ] GC(565) Concurrent Clear Claimed Marks
[282.642s][info][gc,marking  ] GC(565) Concurrent Clear Claimed Marks 0.047ms
[282.642s][info][gc,marking  ] GC(565) Concurrent Cleanup for Next Mark
[282.643s][info][gc,marking  ] GC(565) Concurrent Cleanup for Next Mark 1.620ms
[282.643s][info][gc          ] GC(565) Concurrent Mark Cycle 151.750ms
[283.050s][info][gc,start    ] GC(566) Pause Young (Prepare Mixed) (G1 Evacuation Pause)
[283.050s][info][gc,task     ] GC(566) Using 2 workers of 2 for evacuation
[283.078s][info][gc,phases   ] GC(566)   Pre Evacuate Collection Set: 0.23ms
[283.078s][info][gc,phases   ] GC(566)   Merge Heap Roots: 0.08ms
[283.078s][info][gc,phases   ] GC(566)   Evacuate Collection Set: 27.54ms
[283.078s][info][gc,phases   ] GC(566)   Post Evacuate Collection Set: 0.49ms
[283.078s][info][gc,phases   ] GC(566)   Other: 0.07ms
[283.078s][info][gc,heap     ] GC(566) Eden regions: 166->0(143)
[283.078s][info][gc,heap     ] GC(566) Survivor regions: 16->23(23)
[283.078s][info][gc,heap     ] GC(566) Old regions: 130->156
[283.078s][info][gc,heap     ] GC(566) Humongous regions: 7->5
[283.078s][info][gc,metaspace] GC(566) Metaspace: 42586K(43008K)->42586K(43008K) NonClass: 39780K(40064K)->39780K(40064K) Class: 2806K(2944K)->2806K(2944K)
[283.078s][info][gc          ] GC(566) Pause Young (Prepare Mixed) (G1 Evacuation Pause) 318M->184M(504M) 28.630ms
[283.078s][info][gc,cpu      ] GC(566) User=0.05s Sys=0.01s Real=0.03s
[283.550s][info][gc,start    ] GC(567) Pause Young (Mixed) (G1 Evacuation Pause)
[283.550s][info][gc,task     ] GC(567) Using 2 workers of 2 for evacuation
[283.588s][info][gc,phases   ] GC(567)   Pre Evacuate Collection Set: 0.33ms
[283.588s][info][gc,phases   ] GC(567)   Merge Heap Roots: 0.24ms
[283.588s][info][gc,phases   ] GC(567)   Evacuate Collection Set: 36.60ms
[283.588s][info][gc,phases   ] GC(567)   Post Evacuate Collection Set: 0.43ms
[283.588s][info][gc,phases   ] GC(567)   Other: 0.07ms
[283.588s][info][gc,heap     ] GC(567) Eden regions: 143->0(149)
[283.588s][info][gc,heap     ] GC(567) Survivor regions: 23->21(21)
[283.588s][info][gc,heap     ] GC(567) Old regions: 156->162
[283.588s][info][gc,heap     ] GC(567) Humongous regions: 6->5
[283.588s][info][gc,metaspace] GC(567) Metaspace: 42586K(43008K)->42586K(43008K) NonClass: 39780K(40064K)->39780K(40064K) Class: 2806K(2944K)->2806K(2944K)
[283.588s][info][gc          ] GC(567) Pause Young (Mixed) (G1 Evacuation Pause) 328M->187M(504M) 37.898ms
[283.588s][info][gc,cpu      ] GC(567) User=0.07s Sys=0.00s Real=0.04s
[283.772s][info][gc,start    ] GC(568) Pause Young (Concurrent Start) (G1 Humongous Allocation)
[283.772s][info][gc,task     ] GC(568) Using 2 workers of 2 for evacuation
[283.799s][info][gc,phases   ] GC(568)   Pre Evacuate Collection Set: 0.26ms
[283.799s][info][gc,phases   ] GC(568)   Merge Heap Roots: 0.09ms
[283.799s][info][gc,phases   ] GC(568)   Evacuate Collection Set: 25.74ms
[283.799s][info][gc,phases   ] GC(568)   Post Evacuate Collection Set: 0.43ms
[283.799s][info][gc,phases   ] GC(568)   Other: 0.10ms
[283.799s][info][gc,heap     ] GC(568) Eden regions: 62->0(138)
[283.799s][info][gc,heap     ] GC(568) Survivor regions: 21->22(22)
[283.799s][info][gc,heap     ] GC(568) Old regions: 162->174
[283.799s][info][gc,heap     ] GC(568) Humongous regions: 5->5
[283.799s][info][gc,metaspace] GC(568) Metaspace: 42586K(43008K)->42586K(43008K) NonClass: 39780K(40064K)->39780K(40064K) Class: 2806K(2944K)->2806K(2944K)
[283.799s][info][gc          ] GC(568) Pause Young (Concurrent Start) (G1 Humongous Allocation) 249M->200M(504M) 26.805ms
[283.799s][info][gc,cpu      ] GC(568) User=0.05s Sys=0.00s Real=0.03s
[283.799s][info][gc          ] GC(569) Concurrent Mark Cycle
[283.799s][info][gc,marking  ] GC(569) Concurrent Scan Root Regions
[283.814s][info][gc,marking  ] GC(569) Concurrent Scan Root Regions 14.799ms
[283.814s][info][gc,marking  ] GC(569) Concurrent Mark
[283.814s][info][gc,marking  ] GC(569) Concurrent Mark From Roots
[283.814s][info][gc,task     ] GC(569) Using 1 workers of 1 for marking
[283.897s][info][gc,marking  ] GC(569) Concurrent Mark From Roots 82.889ms
[283.897s][info][gc,marking  ] GC(569) Concurrent Preclean
[283.897s][info][gc,marking  ] GC(569) Concurrent Preclean 0.061ms
[283.897s][info][gc,start    ] GC(569) Pause Remark
[283.912s][info][gc          ] GC(569) Pause Remark 226M->158M(447M) 15.417ms
[283.912s][info][gc,cpu      ] GC(569) User=0.03s Sys=0.00s Real=0.01s
[283.913s][info][gc,marking  ] GC(569) Concurrent Mark 98.643ms
[283.913s][info][gc,marking  ] GC(569) Concurrent Rebuild Remembered Sets and Scrub Regions
[283.957s][info][gc,marking  ] GC(569) Concurrent Rebuild Remembered Sets and Scrub Regions 43.982ms
[283.957s][info][gc,start    ] GC(569) Pause Cleanup
[283.957s][info][gc          ] GC(569) Pause Cleanup 172M->172M(447M) 0.061ms
[283.957s][info][gc,cpu      ] GC(569) User=0.00s Sys=0.00s Real=0.01s
[283.957s][info][gc,marking  ] GC(569) Concurrent Clear Claimed Marks
[283.957s][info][gc,marking  ] GC(569) Concurrent Clear Claimed Marks 0.045ms
[283.957s][info][gc,marking  ] GC(569) Concurrent Cleanup for Next Mark
[283.958s][info][gc,marking  ] GC(569) Concurrent Cleanup for Next Mark 1.286ms
[283.958s][info][gc          ] GC(569) Concurrent Mark Cycle 159.104ms
[284.265s][info][gc,start    ] GC(570) Pause Young (Prepare Mixed) (G1 Evacuation Pause)
[284.265s][info][gc,task     ] GC(570) Using 2 workers of 2 for evacuation
[284.313s][info][gc,phases   ] GC(570)   Pre Evacuate Collection Set: 0.21ms
[284.313s][info][gc,phases   ] GC(570)   Merge Heap Roots: 0.28ms
[284.313s][info][gc,phases   ] GC(570)   Evacuate Collection Set: 46.52ms
[284.313s][info][gc,phases   ] GC(570)   Post Evacuate Collection Set: 0.47ms
[284.313s][info][gc,phases   ] GC(570)   Other: 0.09ms
[284.313s][info][gc,heap     ] GC(570) Eden regions: 138->0(127)
[284.313s][info][gc,heap     ] GC(570) Survivor regions: 22->20(20)
[284.313s][info][gc,heap     ] GC(570) Old regions: 108->153
[284.313s][info][gc,heap     ] GC(570) Humongous regions: 5->5
[284.313s][info][gc,metaspace] GC(570) Metaspace: 42586K(43008K)->42586K(43008K) NonClass: 39780K(40064K)->39780K(40064K) Class: 2806K(2944K)->2806K(2944K)
[284.313s][info][gc          ] GC(570) Pause Young (Prepare Mixed) (G1 Evacuation Pause) 272M->177M(447M) 47.805ms
[284.313s][info][gc,cpu      ] GC(570) User=0.09s Sys=0.00s Real=0.05s
[284.662s][info][gc,start    ] GC(571) Pause Young (Mixed) (G1 Evacuation Pause)
[284.662s][info][gc,task     ] GC(571) Using 2 workers of 2 for evacuation
[284.686s][info][gc,phases   ] GC(571)   Pre Evacuate Collection Set: 0.30ms
[284.686s][info][gc,phases   ] GC(571)   Merge Heap Roots: 0.34ms
[284.686s][info][gc,phases   ] GC(571)   Evacuate Collection Set: 22.62ms
[284.686s][info][gc,phases   ] GC(571)   Post Evacuate Collection Set: 0.44ms
[284.686s][info][gc,phases   ] GC(571)   Other: 0.09ms
[284.686s][info][gc,heap     ] GC(571) Eden regions: 127->0(141)
[284.686s][info][gc,heap     ] GC(571) Survivor regions: 20->14(19)
[284.686s][info][gc,heap     ] GC(571) Old regions: 153->151
[284.686s][info][gc,heap     ] GC(571) Humongous regions: 7->5
[284.686s][info][gc,metaspace] GC(571) Metaspace: 42588K(43008K)->42588K(43008K) NonClass: 39781K(40064K)->39781K(40064K) Class: 2806K(2944K)->2806K(2944K)
[284.686s][info][gc          ] GC(571) Pause Young (Mixed) (G1 Evacuation Pause) 306M->169M(447M) 24.005ms
[284.686s][info][gc,cpu      ] GC(571) User=0.05s Sys=0.00s Real=0.02s
[285.097s][info][gc,start    ] GC(572) Pause Young (Concurrent Start) (G1 Evacuation Pause)
[285.097s][info][gc,task     ] GC(572) Using 2 workers of 2 for evacuation
[285.107s][info][gc,phases   ] GC(572)   Pre Evacuate Collection Set: 0.22ms
[285.107s][info][gc,phases   ] GC(572)   Merge Heap Roots: 0.07ms
[285.107s][info][gc,phases   ] GC(572)   Evacuate Collection Set: 8.36ms
[285.107s][info][gc,phases   ] GC(572)   Post Evacuate Collection Set: 0.48ms
[285.107s][info][gc,phases   ] GC(572)   Other: 0.15ms
[285.107s][info][gc,heap     ] GC(572) Eden regions: 141->0(154)
[285.107s][info][gc,heap     ] GC(572) Survivor regions: 14->2(20)
[285.107s][info][gc,heap     ] GC(572) Old regions: 151->164
[285.107s][info][gc,heap     ] GC(572) Humongous regions: 5->5
[285.107s][info][gc,metaspace] GC(572) Metaspace: 42588K(43008K)->42588K(43008K) NonClass: 39781K(40064K)->39781K(40064K) Class: 2806K(2944K)->2806K(2944K)
[285.107s][info][gc          ] GC(572) Pause Young (Concurrent Start) (G1 Evacuation Pause) 310M->170M(447M) 9.449ms
[285.107s][info][gc,cpu      ] GC(572) User=0.01s Sys=0.00s Real=0.00s
[285.107s][info][gc          ] GC(573) Concurrent Mark Cycle
[285.107s][info][gc,marking  ] GC(573) Concurrent Scan Root Regions
[285.113s][info][gc,marking  ] GC(573) Concurrent Scan Root Regions 5.988ms
[285.113s][info][gc,marking  ] GC(573) Concurrent Mark
[285.113s][info][gc,marking  ] GC(573) Concurrent Mark From Roots
[285.113s][info][gc,task     ] GC(573) Using 1 workers of 1 for marking
[285.190s][info][gc,marking  ] GC(573) Concurrent Mark From Roots 77.267ms
[285.190s][info][gc,marking  ] GC(573) Concurrent Preclean
[285.190s][info][gc,marking  ] GC(573) Concurrent Preclean 0.038ms
[285.190s][info][gc,start    ] GC(573) Pause Remark
[285.206s][info][gc          ] GC(573) Pause Remark 196M->153M(427M) 15.329ms
[285.206s][info][gc,cpu      ] GC(573) User=0.03s Sys=0.00s Real=0.01s
[285.208s][info][gc,marking  ] GC(573) Concurrent Mark 94.982ms
[285.208s][info][gc,marking  ] GC(573) Concurrent Rebuild Remembered Sets and Scrub Regions
[285.244s][info][gc,marking  ] GC(573) Concurrent Rebuild Remembered Sets and Scrub Regions 35.840ms
[285.244s][info][gc,start    ] GC(573) Pause Cleanup
[285.244s][info][gc          ] GC(573) Pause Cleanup 165M->165M(427M) 0.080ms
[285.244s][info][gc,cpu      ] GC(573) User=0.00s Sys=0.00s Real=0.00s
[285.244s][info][gc,marking  ] GC(573) Concurrent Clear Claimed Marks
[285.244s][info][gc,marking  ] GC(573) Concurrent Clear Claimed Marks 0.035ms
[285.244s][info][gc,marking  ] GC(573) Concurrent Cleanup for Next Mark
[285.245s][info][gc,marking  ] GC(573) Concurrent Cleanup for Next Mark 1.209ms
[285.245s][info][gc          ] GC(573) Concurrent Mark Cycle 138.454ms
[285.565s][info][gc,start    ] GC(574) Pause Young (Prepare Mixed) (G1 Evacuation Pause)
[285.565s][info][gc,task     ] GC(574) Using 2 workers of 2 for evacuation
[285.568s][info][gc,phases   ] GC(574)   Pre Evacuate Collection Set: 0.21ms
[285.568s][info][gc,phases   ] GC(574)   Merge Heap Roots: 0.06ms
[285.568s][info][gc,phases   ] GC(574)   Evacuate Collection Set: 1.69ms
[285.568s][info][gc,phases   ] GC(574)   Post Evacuate Collection Set: 0.38ms
[285.568s][info][gc,phases   ] GC(574)   Other: 0.07ms
[285.568s][info][gc,heap     ] GC(574) Eden regions: 154->0(181)
[285.568s][info][gc,heap     ] GC(574) Survivor regions: 2->2(20)
[285.568s][info][gc,heap     ] GC(574) Old regions: 123->123
[285.568s][info][gc,heap     ] GC(574) Humongous regions: 4->3
[285.568s][info][gc,metaspace] GC(574) Metaspace: 42589K(43008K)->42589K(43008K) NonClass: 39782K(40064K)->39782K(40064K) Class: 2806K(2944K)->2806K(2944K)
[285.568s][info][gc          ] GC(574) Pause Young (Prepare Mixed) (G1 Evacuation Pause) 283M->127M(427M) 2.579ms
[285.568s][info][gc,cpu      ] GC(574) User=0.00s Sys=0.01s Real=0.01s
[285.995s][info][gc,start    ] GC(575) Pause Young (Mixed) (G1 Evacuation Pause)
[285.995s][info][gc,task     ] GC(575) Using 2 workers of 2 for evacuation
[286.002s][info][gc,phases   ] GC(575)   Pre Evacuate Collection Set: 0.22ms
[286.002s][info][gc,phases   ] GC(575)   Merge Heap Roots: 0.12ms
[286.002s][info][gc,phases   ] GC(575)   Evacuate Collection Set: 6.62ms
[286.002s][info][gc,phases   ] GC(575)   Post Evacuate Collection Set: 0.45ms
[286.002s][info][gc,phases   ] GC(575)   Other: 0.07ms
[286.002s][info][gc,heap     ] GC(575) Eden regions: 181->0(209)
[286.002s][info][gc,heap     ] GC(575) Survivor regions: 2->7(23)
[286.002s][info][gc,heap     ] GC(575) Old regions: 123->88
[286.002s][info][gc,heap     ] GC(575) Humongous regions: 3->1
[286.002s][info][gc,metaspace] GC(575) Metaspace: 42589K(43008K)->42589K(43008K) NonClass: 39782K(40064K)->39782K(40064K) Class: 2806K(2944K)->2806K(2944K)
[286.002s][info][gc          ] GC(575) Pause Young (Mixed) (G1 Evacuation Pause) 308M->95M(427M) 7.650ms
[286.002s][info][gc,cpu      ] GC(575) User=0.01s Sys=0.00s Real=0.01s
[286.331s][info][gc,start    ] GC(576) Pause Young (Concurrent Start) (G1 Evacuation Pause)
[286.331s][info][gc,task     ] GC(576) Using 2 workers of 2 for evacuation
[286.336s][info][gc,phases   ] GC(576)   Pre Evacuate Collection Set: 0.22ms
[286.336s][info][gc,phases   ] GC(576)   Merge Heap Roots: 0.07ms
[286.336s][info][gc,phases   ] GC(576)   Evacuate Collection Set: 4.37ms
[286.336s][info][gc,phases   ] GC(576)   Post Evacuate Collection Set: 0.45ms
[286.337s][info][gc,phases   ] GC(576)   Other: 0.09ms
[286.337s][info][gc,heap     ] GC(576) Eden regions: 209->0(224)
[286.337s][info][gc,heap     ] GC(576) Survivor regions: 7->7(27)
[286.337s][info][gc,heap     ] GC(576) Old regions: 88->88
[286.337s][info][gc,heap     ] GC(576) Humongous regions: 1->1
[286.337s][info][gc,metaspace] GC(576) Metaspace: 42589K(43008K)->42589K(43008K) NonClass: 39782K(40064K)->39782K(40064K) Class: 2806K(2944K)->2806K(2944K)
[286.337s][info][gc          ] GC(576) Pause Young (Concurrent Start) (G1 Evacuation Pause) 304M->95M(427M) 5.381ms
[286.337s][info][gc,cpu      ] GC(576) User=0.01s Sys=0.00s Real=0.00s
[286.337s][info][gc          ] GC(577) Concurrent Mark Cycle
[286.337s][info][gc,marking  ] GC(577) Concurrent Scan Root Regions
[286.339s][info][gc,marking  ] GC(577) Concurrent Scan Root Regions 2.703ms
[286.339s][info][gc,marking  ] GC(577) Concurrent Mark
[286.339s][info][gc,marking  ] GC(577) Concurrent Mark From Roots
[286.339s][info][gc,task     ] GC(577) Using 1 workers of 1 for marking
[286.412s][info][gc,marking  ] GC(577) Concurrent Mark From Roots 72.290ms
[286.412s][info][gc,marking  ] GC(577) Concurrent Preclean
[286.412s][info][gc,marking  ] GC(577) Concurrent Preclean 0.036ms
[286.412s][info][gc,start    ] GC(577) Pause Remark
[286.427s][info][gc          ] GC(577) Pause Remark 144M->132M(280M) 15.377ms
[286.427s][info][gc,cpu      ] GC(577) User=0.03s Sys=0.00s Real=0.02s
[286.429s][info][gc,marking  ] GC(577) Concurrent Mark 89.857ms
[286.429s][info][gc,marking  ] GC(577) Concurrent Rebuild Remembered Sets and Scrub Regions
[286.457s][info][gc,marking  ] GC(577) Concurrent Rebuild Remembered Sets and Scrub Regions 27.499ms
[286.457s][info][gc,start    ] GC(577) Pause Cleanup
[286.457s][info][gc          ] GC(577) Pause Cleanup 151M->151M(280M) 0.039ms
[286.457s][info][gc,cpu      ] GC(577) User=0.00s Sys=0.00s Real=0.00s
[286.457s][info][gc,marking  ] GC(577) Concurrent Clear Claimed Marks
[286.457s][info][gc,marking  ] GC(577) Concurrent Clear Claimed Marks 0.036ms
[286.457s][info][gc,marking  ] GC(577) Concurrent Cleanup for Next Mark
[286.458s][info][gc,marking  ] GC(577) Concurrent Cleanup for Next Mark 0.793ms
[286.458s][info][gc          ] GC(577) Concurrent Mark Cycle 121.148ms
[286.626s][info][gc,start    ] GC(578) Pause Young (Prepare Mixed) (G1 Evacuation Pause)
[286.626s][info][gc,task     ] GC(578) Using 2 workers of 2 for evacuation
[286.632s][info][gc,phases   ] GC(578)   Pre Evacuate Collection Set: 0.16ms
[286.632s][info][gc,phases   ] GC(578)   Merge Heap Roots: 0.07ms
[286.632s][info][gc,phases   ] GC(578)   Evacuate Collection Set: 5.11ms
[286.632s][info][gc,phases   ] GC(578)   Post Evacuate Collection Set: 0.39ms
[286.632s][info][gc,phases   ] GC(578)   Other: 0.07ms
[286.632s][info][gc,heap     ] GC(578) Eden regions: 161->0(138)
[286.632s][info][gc,heap     ] GC(578) Survivor regions: 7->11(21)
[286.632s][info][gc,heap     ] GC(578) Old regions: 76->76
[286.632s][info][gc,heap     ] GC(578) Humongous regions: 3->3
[286.632s][info][gc,metaspace] GC(578) Metaspace: 42589K(43008K)->42589K(43008K) NonClass: 39782K(40064K)->39782K(40064K) Class: 2806K(2944K)->2806K(2944K)
[286.632s][info][gc          ] GC(578) Pause Young (Prepare Mixed) (G1 Evacuation Pause) 246M->89M(280M) 5.992ms
[286.632s][info][gc,cpu      ] GC(578) User=0.01s Sys=0.00s Real=0.01s
[287.057s][info][gc,start    ] GC(579) Pause Young (Mixed) (G1 Evacuation Pause)
[287.057s][info][gc,task     ] GC(579) Using 2 workers of 2 for evacuation
[287.070s][info][gc,phases   ] GC(579)   Pre Evacuate Collection Set: 0.23ms
[287.070s][info][gc,phases   ] GC(579)   Merge Heap Roots: 0.08ms
[287.070s][info][gc,phases   ] GC(579)   Evacuate Collection Set: 11.67ms
[287.070s][info][gc,phases   ] GC(579)   Post Evacuate Collection Set: 0.70ms
[287.070s][info][gc,phases   ] GC(579)   Other: 0.07ms
[287.070s][info][gc,heap     ] GC(579) Eden regions: 64->0(214)
[287.070s][info][gc,heap     ] GC(579) Survivor regions: 11->8(19)
[287.070s][info][gc,heap     ] GC(579) Old regions: 76->68
[287.070s][info][gc,heap     ] GC(579) Humongous regions: 217->3
[287.070s][info][gc,metaspace] GC(579) Metaspace: 42591K(43008K)->42591K(43008K) NonClass: 39784K(40064K)->39784K(40064K) Class: 2806K(2944K)->2806K(2944K)
[287.070s][info][gc          ] GC(579) Pause Young (Mixed) (G1 Evacuation Pause) 367M->77M(379M) 12.949ms
[287.070s][info][gc,cpu      ] GC(579) User=0.01s Sys=0.01s Real=0.01s
[287.072s][info][gc,start    ] GC(580) Pause Young (Concurrent Start) (G1 Humongous Allocation)
[287.072s][info][gc,task     ] GC(580) Using 2 workers of 2 for evacuation
[287.078s][info][gc,phases   ] GC(580)   Pre Evacuate Collection Set: 0.16ms
[287.078s][info][gc,phases   ] GC(580)   Merge Heap Roots: 0.03ms
[287.078s][info][gc,phases   ] GC(580)   Evacuate Collection Set: 5.25ms
[287.078s][info][gc,phases   ] GC(580)   Post Evacuate Collection Set: 0.46ms
[287.078s][info][gc,phases   ] GC(580)   Other: 0.06ms
[287.078s][info][gc,heap     ] GC(580) Eden regions: 1->0(220)
[287.078s][info][gc,heap     ] GC(580) Survivor regions: 8->7(28)
[287.078s][info][gc,heap     ] GC(580) Old regions: 68->68
[287.078s][info][gc,heap     ] GC(580) Humongous regions: 3->1
[287.078s][info][gc,metaspace] GC(580) Metaspace: 42591K(43008K)->42591K(43008K) NonClass: 39784K(40064K)->39784K(40064K) Class: 2806K(2944K)->2806K(2944K)
[287.078s][info][gc          ] GC(580) Pause Young (Concurrent Start) (G1 Humongous Allocation) 78M->75M(379M) 6.108ms
[287.079s][info][gc          ] GC(581) Concurrent Mark Cycle
[287.079s][info][gc,marking  ] GC(581) Concurrent Scan Root Regions
[287.080s][info][gc,cpu      ] GC(580) User=0.02s Sys=0.00s Real=0.01s
[287.082s][info][gc,marking  ] GC(581) Concurrent Scan Root Regions 3.762ms
[287.082s][info][gc,marking  ] GC(581) Concurrent Mark
[287.082s][info][gc,marking  ] GC(581) Concurrent Mark From Roots
[287.082s][info][gc,task     ] GC(581) Using 1 workers of 1 for marking
[287.153s][info][gc,marking  ] GC(581) Concurrent Mark From Roots 70.796ms
[287.153s][info][gc,marking  ] GC(581) Concurrent Preclean
[287.153s][info][gc,marking  ] GC(581) Concurrent Preclean 0.055ms
[287.153s][info][gc,start    ] GC(581) Pause Remark
[287.169s][info][gc          ] GC(581) Pause Remark 137M->136M(379M) 15.792ms
[287.169s][info][gc,cpu      ] GC(581) User=0.03s Sys=0.00s Real=0.02s
[287.172s][info][gc,marking  ] GC(581) Concurrent Mark 89.389ms
[287.172s][info][gc,marking  ] GC(581) Concurrent Rebuild Remembered Sets and Scrub Regions
[287.199s][info][gc,marking  ] GC(581) Concurrent Rebuild Remembered Sets and Scrub Regions 27.469ms
[287.199s][info][gc,start    ] GC(581) Pause Cleanup
[287.199s][info][gc          ] GC(581) Pause Cleanup 161M->161M(379M) 0.063ms
[287.199s][info][gc,cpu      ] GC(581) User=0.00s Sys=0.00s Real=0.00s
[287.199s][info][gc,marking  ] GC(581) Concurrent Clear Claimed Marks
[287.199s][info][gc,marking  ] GC(581) Concurrent Clear Claimed Marks 0.040ms
[287.199s][info][gc,marking  ] GC(581) Concurrent Cleanup for Next Mark
[287.201s][info][gc,marking  ] GC(581) Concurrent Cleanup for Next Mark 1.977ms
[287.202s][info][gc          ] GC(581) Concurrent Mark Cycle 122.994ms
[287.651s][info][gc,start    ] GC(582) Pause Young (Prepare Mixed) (G1 Evacuation Pause)
[287.651s][info][gc,task     ] GC(582) Using 2 workers of 2 for evacuation
[287.667s][info][gc,phases   ] GC(582)   Pre Evacuate Collection Set: 0.26ms
[287.667s][info][gc,phases   ] GC(582)   Merge Heap Roots: 0.06ms
[287.667s][info][gc,phases   ] GC(582)   Evacuate Collection Set: 14.38ms
[287.667s][info][gc,phases   ] GC(582)   Post Evacuate Collection Set: 0.94ms
[287.667s][info][gc,phases   ] GC(582)   Other: 0.09ms
[287.667s][info][gc,heap     ] GC(582) Eden regions: 58->0(287)
[287.667s][info][gc,heap     ] GC(582) Survivor regions: 7->12(30)
[287.667s][info][gc,heap     ] GC(582) Old regions: 67->67
[287.667s][info][gc,heap     ] GC(582) Humongous regions: 355->3
[287.667s][info][gc,metaspace] GC(582) Metaspace: 42591K(43008K)->42591K(43008K) NonClass: 39785K(40064K)->39785K(40064K) Class: 2806K(2944K)->2806K(2944K)
[287.667s][info][gc          ] GC(582) Pause Young (Prepare Mixed) (G1 Evacuation Pause) 486M->81M(499M) 15.925ms
[287.667s][info][gc,cpu      ] GC(582) User=0.02s Sys=0.00s Real=0.01s
[288.336s][info][gc,start    ] GC(583) Pause Young (Mixed) (G1 Evacuation Pause)
[288.336s][info][gc,task     ] GC(583) Using 2 workers of 2 for evacuation
[288.367s][info][gc,phases   ] GC(583)   Pre Evacuate Collection Set: 0.43ms
[288.367s][info][gc,phases   ] GC(583)   Merge Heap Roots: 0.09ms
[288.367s][info][gc,phases   ] GC(583)   Evacuate Collection Set: 29.81ms
[288.367s][info][gc,phases   ] GC(583)   Post Evacuate Collection Set: 1.20ms
[288.367s][info][gc,phases   ] GC(583)   Other: 0.08ms
[288.367s][info][gc,heap     ] GC(583) Eden regions: 79->0(344)
[288.367s][info][gc,heap     ] GC(583) Survivor regions: 12->22(41)
[288.367s][info][gc,heap     ] GC(583) Old regions: 67->62
[288.367s][info][gc,heap     ] GC(583) Humongous regions: 429->3
[288.367s][info][gc,metaspace] GC(583) Metaspace: 42591K(43008K)->42591K(43008K) NonClass: 39785K(40064K)->39785K(40064K) Class: 2806K(2944K)->2806K(2944K)
[288.367s][info][gc          ] GC(583) Pause Young (Mixed) (G1 Evacuation Pause) 586M->86M(610M) 31.832ms
[288.367s][info][gc,cpu      ] GC(583) User=0.05s Sys=0.01s Real=0.04s
[288.406s][info][gc,start    ] GC(584) Pause Young (Concurrent Start) (G1 Humongous Allocation)
[288.406s][info][gc,task     ] GC(584) Using 2 workers of 2 for evacuation
[288.427s][info][gc,phases   ] GC(584)   Pre Evacuate Collection Set: 0.26ms
[288.427s][info][gc,phases   ] GC(584)   Merge Heap Roots: 0.07ms
[288.427s][info][gc,phases   ] GC(584)   Evacuate Collection Set: 19.55ms
[288.427s][info][gc,phases   ] GC(584)   Post Evacuate Collection Set: 0.51ms
[288.427s][info][gc,phases   ] GC(584)   Other: 0.12ms
[288.427s][info][gc,heap     ] GC(584) Eden regions: 6->0(342)
[288.427s][info][gc,heap     ] GC(584) Survivor regions: 22->24(46)
[288.427s][info][gc,heap     ] GC(584) Old regions: 62->62
[288.427s][info][gc,heap     ] GC(584) Humongous regions: 27->1
[288.427s][info][gc,metaspace] GC(584) Metaspace: 42591K(43008K)->42591K(43008K) NonClass: 39785K(40064K)->39785K(40064K) Class: 2806K(2944K)->2806K(2944K)
[288.427s][info][gc          ] GC(584) Pause Young (Concurrent Start) (G1 Humongous Allocation) 115M->85M(610M) 20.695ms
[288.427s][info][gc,cpu      ] GC(584) User=0.04s Sys=0.00s Real=0.03s
[288.427s][info][gc          ] GC(585) Concurrent Undo Cycle
[288.427s][info][gc,marking  ] GC(585) Concurrent Clear Claimed Marks
[288.427s][info][gc,marking  ] GC(585) Concurrent Clear Claimed Marks 0.039ms
[288.427s][info][gc,marking  ] GC(585) Concurrent Cleanup for Next Mark
[288.427s][info][gc,marking  ] GC(585) Concurrent Cleanup for Next Mark 0.223ms
[288.427s][info][gc          ] GC(585) Concurrent Undo Cycle 0.336ms
[288.430s][info][gc,start    ] GC(586) Pause Young (Concurrent Start) (G1 Humongous Allocation)
[288.430s][info][gc,task     ] GC(586) Using 2 workers of 2 for evacuation
[288.450s][info][gc,phases   ] GC(586)   Pre Evacuate Collection Set: 0.23ms
[288.451s][info][gc,phases   ] GC(586)   Merge Heap Roots: 0.05ms
[288.451s][info][gc,phases   ] GC(586)   Evacuate Collection Set: 19.37ms
[288.451s][info][gc,phases   ] GC(586)   Post Evacuate Collection Set: 0.59ms
[288.451s][info][gc,phases   ] GC(586)   Other: 0.07ms
[288.451s][info][gc,heap     ] GC(586) Eden regions: 1->0(342)
[288.451s][info][gc,heap     ] GC(586) Survivor regions: 24->24(46)
[288.451s][info][gc,heap     ] GC(586) Old regions: 62->62
[288.451s][info][gc,heap     ] GC(586) Humongous regions: 3->1
[288.451s][info][gc,metaspace] GC(586) Metaspace: 42591K(43008K)->42591K(43008K) NonClass: 39785K(40064K)->39785K(40064K) Class: 2806K(2944K)->2806K(2944K)
[288.451s][info][gc          ] GC(586) Pause Young (Concurrent Start) (G1 Humongous Allocation) 88M->85M(610M) 20.464ms
[288.451s][info][gc,cpu      ] GC(586) User=0.04s Sys=0.00s Real=0.02s
[288.451s][info][gc          ] GC(587) Concurrent Mark Cycle
[288.451s][info][gc,marking  ] GC(587) Concurrent Scan Root Regions
[288.464s][info][gc,marking  ] GC(587) Concurrent Scan Root Regions 13.344ms
[288.464s][info][gc,marking  ] GC(587) Concurrent Mark
[288.464s][info][gc,marking  ] GC(587) Concurrent Mark From Roots
[288.464s][info][gc,task     ] GC(587) Using 1 workers of 1 for marking
[288.536s][info][gc,marking  ] GC(587) Concurrent Mark From Roots 71.492ms
[288.536s][info][gc,marking  ] GC(587) Concurrent Preclean
[288.536s][info][gc,marking  ] GC(587) Concurrent Preclean 0.057ms
[288.536s][info][gc,start    ] GC(587) Pause Remark
[288.551s][info][gc          ] GC(587) Pause Remark 144M->144M(450M) 15.231ms
[288.551s][info][gc,cpu      ] GC(587) User=0.03s Sys=0.00s Real=0.02s
[288.551s][info][gc,marking  ] GC(587) Concurrent Mark 87.066ms
[288.551s][info][gc,marking  ] GC(587) Concurrent Rebuild Remembered Sets and Scrub Regions
[288.581s][info][gc,marking  ] GC(587) Concurrent Rebuild Remembered Sets and Scrub Regions 29.491ms
[288.581s][info][gc,start    ] GC(587) Pause Cleanup
[288.581s][info][gc          ] GC(587) Pause Cleanup 159M->159M(450M) 0.060ms
[288.581s][info][gc,cpu      ] GC(587) User=0.00s Sys=0.00s Real=0.00s
[288.581s][info][gc,marking  ] GC(587) Concurrent Clear Claimed Marks
[288.581s][info][gc,marking  ] GC(587) Concurrent Clear Claimed Marks 0.041ms
[288.581s][info][gc,marking  ] GC(587) Concurrent Cleanup for Next Mark
[288.583s][info][gc,marking  ] GC(587) Concurrent Cleanup for Next Mark 2.026ms
[288.583s][info][gc          ] GC(587) Concurrent Mark Cycle 132.393ms
[289.012s][info][gc,start    ] GC(588) Pause Young (Prepare Mixed) (G1 Evacuation Pause)
[289.012s][info][gc,task     ] GC(588) Using 2 workers of 2 for evacuation
[289.019s][info][gc,phases   ] GC(588)   Pre Evacuate Collection Set: 0.25ms
[289.019s][info][gc,phases   ] GC(588)   Merge Heap Roots: 0.07ms
[289.019s][info][gc,phases   ] GC(588)   Evacuate Collection Set: 6.34ms
[289.019s][info][gc,phases   ] GC(588)   Post Evacuate Collection Set: 0.68ms
[289.019s][info][gc,phases   ] GC(588)   Other: 0.07ms
[289.019s][info][gc,heap     ] GC(588) Eden regions: 77->0(290)
[289.019s][info][gc,heap     ] GC(588) Survivor regions: 24->2(37)
[289.019s][info][gc,heap     ] GC(588) Old regions: 62->65
[289.019s][info][gc,heap     ] GC(588) Humongous regions: 319->1
[289.019s][info][gc,metaspace] GC(588) Metaspace: 42592K(43008K)->42592K(43008K) NonClass: 39786K(40064K)->39786K(40064K) Class: 2806K(2944K)->2806K(2944K)
[289.019s][info][gc          ] GC(588) Pause Young (Prepare Mixed) (G1 Evacuation Pause) 480M->67M(487M) 7.584ms
[289.019s][info][gc,cpu      ] GC(588) User=0.01s Sys=0.00s Real=0.01s
[289.767s][info][gc,start    ] GC(589) Pause Young (Mixed) (G1 Evacuation Pause)
[289.767s][info][gc,task     ] GC(589) Using 2 workers of 2 for evacuation
[289.774s][info][gc,phases   ] GC(589)   Pre Evacuate Collection Set: 0.24ms
[289.774s][info][gc,phases   ] GC(589)   Merge Heap Roots: 0.11ms
[289.774s][info][gc,phases   ] GC(589)   Evacuate Collection Set: 5.73ms
[289.774s][info][gc,phases   ] GC(589)   Post Evacuate Collection Set: 0.57ms
[289.774s][info][gc,phases   ] GC(589)   Other: 0.08ms
[289.774s][info][gc,heap     ] GC(589) Eden regions: 290->0(286)
[289.774s][info][gc,heap     ] GC(589) Survivor regions: 2->6(37)
[289.774s][info][gc,heap     ] GC(589) Old regions: 65->62
[289.774s][info][gc,heap     ] GC(589) Humongous regions: 45->1
[289.774s][info][gc,metaspace] GC(589) Metaspace: 42687K(43136K)->42687K(43136K) NonClass: 39880K(40192K)->39880K(40192K) Class: 2806K(2944K)->2806K(2944K)
[289.774s][info][gc          ] GC(589) Pause Young (Mixed) (G1 Evacuation Pause) 401M->67M(487M) 6.914ms
[289.774s][info][gc,cpu      ] GC(589) User=0.01s Sys=0.00s Real=0.00s
[290.376s][info][gc,start    ] GC(590) Pause Young (Concurrent Start) (G1 Evacuation Pause)
[290.376s][info][gc,task     ] GC(590) Using 2 workers of 2 for evacuation
[290.384s][info][gc,phases   ] GC(590)   Pre Evacuate Collection Set: 0.35ms
[290.384s][info][gc,phases   ] GC(590)   Merge Heap Roots: 0.09ms
[290.384s][info][gc,phases   ] GC(590)   Evacuate Collection Set: 6.72ms
[290.384s][info][gc,phases   ] GC(590)   Post Evacuate Collection Set: 0.64ms
[290.384s][info][gc,phases   ] GC(590)   Other: 0.17ms
[290.384s][info][gc,heap     ] GC(590) Eden regions: 286->0(282)
[290.384s][info][gc,heap     ] GC(590) Survivor regions: 6->10(37)
[290.384s][info][gc,heap     ] GC(590) Old regions: 62->62
[290.384s][info][gc,heap     ] GC(590) Humongous regions: 1->1
[290.384s][info][gc,metaspace] GC(590) Metaspace: 42691K(43136K)->42691K(43136K) NonClass: 39884K(40192K)->39884K(40192K) Class: 2806K(2944K)->2806K(2944K)
[290.384s][info][gc          ] GC(590) Pause Young (Concurrent Start) (G1 Evacuation Pause) 353M->71M(487M) 8.219ms
[290.384s][info][gc          ] GC(591) Concurrent Mark Cycle
[290.384s][info][gc,marking  ] GC(591) Concurrent Scan Root Regions
[290.387s][info][gc,cpu      ] GC(590) User=0.01s Sys=0.00s Real=0.02s
[290.392s][info][gc,marking  ] GC(591) Concurrent Scan Root Regions 7.888ms
[290.392s][info][gc,marking  ] GC(591) Concurrent Mark
[290.392s][info][gc,marking  ] GC(591) Concurrent Mark From Roots
[290.392s][info][gc,task     ] GC(591) Using 1 workers of 1 for marking
[290.463s][info][gc,marking  ] GC(591) Concurrent Mark From Roots 71.064ms
[290.463s][info][gc,marking  ] GC(591) Concurrent Preclean
[290.463s][info][gc,marking  ] GC(591) Concurrent Preclean 0.129ms
[290.464s][info][gc,start    ] GC(591) Pause Remark
[290.479s][info][gc          ] GC(591) Pause Remark 103M->99M(256M) 15.514ms
[290.479s][info][gc,cpu      ] GC(591) User=0.03s Sys=0.00s Real=0.02s
[290.479s][info][gc,marking  ] GC(591) Concurrent Mark 86.972ms
[290.479s][info][gc,marking  ] GC(591) Concurrent Rebuild Remembered Sets and Scrub Regions
[290.506s][info][gc,marking  ] GC(591) Concurrent Rebuild Remembered Sets and Scrub Regions 26.982ms
[290.506s][info][gc,start    ] GC(591) Pause Cleanup
[290.506s][info][gc          ] GC(591) Pause Cleanup 109M->109M(256M) 0.040ms
[290.506s][info][gc,cpu      ] GC(591) User=0.00s Sys=0.00s Real=0.00s
[290.506s][info][gc,marking  ] GC(591) Concurrent Clear Claimed Marks
[290.506s][info][gc,marking  ] GC(591) Concurrent Clear Claimed Marks 0.034ms
[290.506s][info][gc,marking  ] GC(591) Concurrent Cleanup for Next Mark
[290.507s][info][gc,marking  ] GC(591) Concurrent Cleanup for Next Mark 0.747ms
[290.507s][info][gc          ] GC(591) Concurrent Mark Cycle 122.939ms
[290.731s][info][gc,start    ] GC(592) Pause Young (Prepare Mixed) (G1 Evacuation Pause)
[290.731s][info][gc,task     ] GC(592) Using 2 workers of 2 for evacuation
[290.740s][info][gc,phases   ] GC(592)   Pre Evacuate Collection Set: 0.22ms
[290.740s][info][gc,phases   ] GC(592)   Merge Heap Roots: 0.13ms
[290.740s][info][gc,phases   ] GC(592)   Evacuate Collection Set: 8.31ms
[290.740s][info][gc,phases   ] GC(592)   Post Evacuate Collection Set: 0.40ms
[290.740s][info][gc,phases   ] GC(592)   Other: 0.07ms
[290.740s][info][gc,heap     ] GC(592) Eden regions: 143->0(142)
[290.740s][info][gc,heap     ] GC(592) Survivor regions: 10->11(20)
[290.740s][info][gc,heap     ] GC(592) Old regions: 58->58
[290.740s][info][gc,heap     ] GC(592) Humongous regions: 1->1
[290.740s][info][gc,metaspace] GC(592) Metaspace: 42691K(43136K)->42691K(43136K) NonClass: 39885K(40192K)->39885K(40192K) Class: 2806K(2944K)->2806K(2944K)
[290.740s][info][gc          ] GC(592) Pause Young (Prepare Mixed) (G1 Evacuation Pause) 210M->68M(256M) 9.345ms
[290.740s][info][gc,cpu      ] GC(592) User=0.01s Sys=0.00s Real=0.01s
[291.027s][info][gc,start    ] GC(593) Pause Young (Mixed) (G1 Evacuation Pause)
[291.027s][info][gc,task     ] GC(593) Using 2 workers of 2 for evacuation
[291.035s][info][gc,phases   ] GC(593)   Pre Evacuate Collection Set: 0.15ms
[291.035s][info][gc,phases   ] GC(593)   Merge Heap Roots: 0.08ms
[291.035s][info][gc,phases   ] GC(593)   Evacuate Collection Set: 7.70ms
[291.035s][info][gc,phases   ] GC(593)   Post Evacuate Collection Set: 0.45ms
[291.035s][info][gc,phases   ] GC(593)   Other: 0.08ms
[291.035s][info][gc,heap     ] GC(593) Eden regions: 142->0(143)
[291.035s][info][gc,heap     ] GC(593) Survivor regions: 11->10(20)
[291.035s][info][gc,heap     ] GC(593) Old regions: 58->55
[291.035s][info][gc,heap     ] GC(593) Humongous regions: 1->1
[291.035s][info][gc,metaspace] GC(593) Metaspace: 42691K(43136K)->42691K(43136K) NonClass: 39885K(40192K)->39885K(40192K) Class: 2806K(2944K)->2806K(2944K)
[291.035s][info][gc          ] GC(593) Pause Young (Mixed) (G1 Evacuation Pause) 210M->64M(256M) 8.663ms
[291.035s][info][gc,cpu      ] GC(593) User=0.02s Sys=0.00s Real=0.01s
[291.361s][info][gc,start    ] GC(594) Pause Young (Concurrent Start) (G1 Evacuation Pause)
[291.361s][info][gc,task     ] GC(594) Using 2 workers of 2 for evacuation
[291.367s][info][gc,phases   ] GC(594)   Pre Evacuate Collection Set: 0.17ms
[291.367s][info][gc,phases   ] GC(594)   Merge Heap Roots: 0.07ms
[291.367s][info][gc,phases   ] GC(594)   Evacuate Collection Set: 4.70ms
[291.367s][info][gc,phases   ] GC(594)   Post Evacuate Collection Set: 0.57ms
[291.367s][info][gc,phases   ] GC(594)   Other: 0.09ms
[291.367s][info][gc,heap     ] GC(594) Eden regions: 143->0(144)
[291.367s][info][gc,heap     ] GC(594) Survivor regions: 10->9(20)
[291.367s][info][gc,heap     ] GC(594) Old regions: 55->55
[291.367s][info][gc,heap     ] GC(594) Humongous regions: 1->1
[291.367s][info][gc,metaspace] GC(594) Metaspace: 42691K(43136K)->42691K(43136K) NonClass: 39885K(40192K)->39885K(40192K) Class: 2806K(2944K)->2806K(2944K)
[291.367s][info][gc          ] GC(594) Pause Young (Concurrent Start) (G1 Evacuation Pause) 207M->63M(256M) 5.805ms
[291.367s][info][gc,cpu      ] GC(594) User=0.01s Sys=0.00s Real=0.01s
[291.367s][info][gc          ] GC(595) Concurrent Mark Cycle
[291.367s][info][gc,marking  ] GC(595) Concurrent Scan Root Regions
[291.370s][info][gc,marking  ] GC(595) Concurrent Scan Root Regions 2.877ms
[291.370s][info][gc,marking  ] GC(595) Concurrent Mark
[291.370s][info][gc,marking  ] GC(595) Concurrent Mark From Roots
[291.370s][info][gc,task     ] GC(595) Using 1 workers of 1 for marking
[291.491s][info][gc,marking  ] GC(595) Concurrent Mark From Roots 120.962ms
[291.491s][info][gc,marking  ] GC(595) Concurrent Preclean
[291.491s][info][gc,marking  ] GC(595) Concurrent Preclean 0.133ms
[291.491s][info][gc,start    ] GC(595) Pause Remark
[291.508s][info][gc          ] GC(595) Pause Remark 104M->104M(256M) 16.247ms
[291.508s][info][gc,cpu      ] GC(595) User=0.03s Sys=0.00s Real=0.02s
[291.509s][info][gc,marking  ] GC(595) Concurrent Mark 139.225ms
[291.509s][info][gc,marking  ] GC(595) Concurrent Rebuild Remembered Sets and Scrub Regions
[291.551s][info][gc,marking  ] GC(595) Concurrent Rebuild Remembered Sets and Scrub Regions 42.078ms
[291.551s][info][gc,start    ] GC(595) Pause Cleanup
[291.551s][info][gc          ] GC(595) Pause Cleanup 120M->120M(256M) 0.048ms
[291.551s][info][gc,cpu      ] GC(595) User=0.00s Sys=0.00s Real=0.00s
[291.551s][info][gc,marking  ] GC(595) Concurrent Clear Claimed Marks
[291.551s][info][gc,marking  ] GC(595) Concurrent Clear Claimed Marks 0.037ms
[291.551s][info][gc,marking  ] GC(595) Concurrent Cleanup for Next Mark
[291.552s][info][gc,marking  ] GC(595) Concurrent Cleanup for Next Mark 0.790ms
[291.552s][info][gc          ] GC(595) Concurrent Mark Cycle 185.371ms
[291.738s][info][gc,start    ] GC(596) Pause Young (Prepare Mixed) (G1 Evacuation Pause)
[291.738s][info][gc,task     ] GC(596) Using 2 workers of 2 for evacuation
[291.746s][info][gc,phases   ] GC(596)   Pre Evacuate Collection Set: 0.16ms
[291.746s][info][gc,phases   ] GC(596)   Merge Heap Roots: 0.08ms
[291.746s][info][gc,phases   ] GC(596)   Evacuate Collection Set: 6.92ms
[291.746s][info][gc,phases   ] GC(596)   Post Evacuate Collection Set: 0.57ms
[291.746s][info][gc,phases   ] GC(596)   Other: 0.10ms
[291.746s][info][gc,heap     ] GC(596) Eden regions: 144->0(141)
[291.746s][info][gc,heap     ] GC(596) Survivor regions: 9->12(20)
[291.746s][info][gc,heap     ] GC(596) Old regions: 55->55
[291.746s][info][gc,heap     ] GC(596) Humongous regions: 1->1
[291.746s][info][gc,metaspace] GC(596) Metaspace: 42746K(43200K)->42746K(43200K) NonClass: 39940K(40256K)->39940K(40256K) Class: 2806K(2944K)->2806K(2944K)
[291.746s][info][gc          ] GC(596) Pause Young (Prepare Mixed) (G1 Evacuation Pause) 207M->66M(256M) 8.021ms
[291.746s][info][gc,cpu      ] GC(596) User=0.01s Sys=0.00s Real=0.00s
[292.058s][info][gc,start    ] GC(597) Pause Young (Mixed) (G1 Evacuation Pause)
[292.058s][info][gc,task     ] GC(597) Using 2 workers of 2 for evacuation
[292.065s][info][gc,phases   ] GC(597)   Pre Evacuate Collection Set: 0.16ms
[292.065s][info][gc,phases   ] GC(597)   Merge Heap Roots: 0.08ms
[292.065s][info][gc,phases   ] GC(597)   Evacuate Collection Set: 6.16ms
[292.065s][info][gc,phases   ] GC(597)   Post Evacuate Collection Set: 0.42ms
[292.065s][info][gc,phases   ] GC(597)   Other: 0.09ms
[292.065s][info][gc,heap     ] GC(597) Eden regions: 141->0(147)
[292.065s][info][gc,heap     ] GC(597) Survivor regions: 12->6(20)
[292.065s][info][gc,heap     ] GC(597) Old regions: 55->56
[292.065s][info][gc,heap     ] GC(597) Humongous regions: 1->1
[292.065s][info][gc,metaspace] GC(597) Metaspace: 42746K(43200K)->42746K(43200K) NonClass: 39940K(40256K)->39940K(40256K) Class: 2806K(2944K)->2806K(2944K)
[292.065s][info][gc          ] GC(597) Pause Young (Mixed) (G1 Evacuation Pause) 207M->63M(256M) 7.102ms
[292.065s][info][gc,cpu      ] GC(597) User=0.02s Sys=0.00s Real=0.00s
[292.843s][info][gc,start    ] GC(598) Pause Young (Concurrent Start) (G1 Evacuation Pause)
[292.843s][info][gc,task     ] GC(598) Using 2 workers of 2 for evacuation
[292.851s][info][gc,phases   ] GC(598)   Pre Evacuate Collection Set: 0.17ms
[292.851s][info][gc,phases   ] GC(598)   Merge Heap Roots: 0.12ms
[292.851s][info][gc,phases   ] GC(598)   Evacuate Collection Set: 6.25ms
[292.851s][info][gc,phases   ] GC(598)   Post Evacuate Collection Set: 0.84ms
[292.851s][info][gc,phases   ] GC(598)   Other: 0.10ms
[292.851s][info][gc,heap     ] GC(598) Eden regions: 147->0(148)
[292.851s][info][gc,heap     ] GC(598) Survivor regions: 6->5(20)
[292.851s][info][gc,heap     ] GC(598) Old regions: 56->56
[292.851s][info][gc,heap     ] GC(598) Humongous regions: 1->1
[292.851s][info][gc,metaspace] GC(598) Metaspace: 42770K(43200K)->42770K(43200K) NonClass: 39963K(40256K)->39963K(40256K) Class: 2806K(2944K)->2806K(2944K)
[292.851s][info][gc          ] GC(598) Pause Young (Concurrent Start) (G1 Evacuation Pause) 209M->62M(256M) 7.642ms
[292.851s][info][gc          ] GC(599) Concurrent Mark Cycle
[292.851s][info][gc,marking  ] GC(599) Concurrent Scan Root Regions
[292.853s][info][gc,cpu      ] GC(598) User=0.01s Sys=0.00s Real=0.01s
[292.858s][info][gc,marking  ] GC(599) Concurrent Scan Root Regions 7.775ms
[292.859s][info][gc,marking  ] GC(599) Concurrent Mark
[292.859s][info][gc,marking  ] GC(599) Concurrent Mark From Roots
[292.859s][info][gc,task     ] GC(599) Using 1 workers of 1 for marking
[292.914s][info][gc,marking  ] GC(599) Concurrent Mark From Roots 55.336ms
[292.914s][info][gc,marking  ] GC(599) Concurrent Preclean
[292.914s][info][gc,marking  ] GC(599) Concurrent Preclean 0.214ms
[292.914s][info][gc,start    ] GC(599) Pause Remark
[292.930s][info][gc          ] GC(599) Pause Remark 68M->68M(256M) 16.068ms
[292.930s][info][gc,cpu      ] GC(599) User=0.03s Sys=0.00s Real=0.02s
[292.930s][info][gc,marking  ] GC(599) Concurrent Mark 71.785ms
[292.930s][info][gc,marking  ] GC(599) Concurrent Rebuild Remembered Sets and Scrub Regions
[292.953s][info][gc,marking  ] GC(599) Concurrent Rebuild Remembered Sets and Scrub Regions 22.200ms
[292.953s][info][gc,start    ] GC(599) Pause Cleanup
[292.953s][info][gc          ] GC(599) Pause Cleanup 72M->72M(256M) 0.059ms
[292.953s][info][gc,cpu      ] GC(599) User=0.00s Sys=0.00s Real=0.00s
[292.953s][info][gc,marking  ] GC(599) Concurrent Clear Claimed Marks
[292.953s][info][gc,marking  ] GC(599) Concurrent Clear Claimed Marks 0.044ms
[292.953s][info][gc,marking  ] GC(599) Concurrent Cleanup for Next Mark
[292.954s][info][gc,marking  ] GC(599) Concurrent Cleanup for Next Mark 0.805ms
[292.954s][info][gc          ] GC(599) Concurrent Mark Cycle 102.960ms
[293.712s][info][gc,start    ] GC(600) Pause Young (Prepare Mixed) (G1 Evacuation Pause)
[293.712s][info][gc,task     ] GC(600) Using 2 workers of 2 for evacuation
[293.723s][info][gc,phases   ] GC(600)   Pre Evacuate Collection Set: 0.17ms
[293.723s][info][gc,phases   ] GC(600)   Merge Heap Roots: 0.09ms
[293.723s][info][gc,phases   ] GC(600)   Evacuate Collection Set: 10.43ms
[293.723s][info][gc,phases   ] GC(600)   Post Evacuate Collection Set: 0.49ms
[293.723s][info][gc,phases   ] GC(600)   Other: 0.07ms
[293.723s][info][gc,heap     ] GC(600) Eden regions: 148->0(142)
[293.723s][info][gc,heap     ] GC(600) Survivor regions: 5->11(20)
[293.723s][info][gc,heap     ] GC(600) Old regions: 56->56
[293.723s][info][gc,heap     ] GC(600) Humongous regions: 13->3
[293.723s][info][gc,metaspace] GC(600) Metaspace: 42784K(43200K)->42784K(43200K) NonClass: 39978K(40256K)->39978K(40256K) Class: 2806K(2944K)->2806K(2944K)
[293.723s][info][gc          ] GC(600) Pause Young (Prepare Mixed) (G1 Evacuation Pause) 222M->69M(256M) 11.414ms
[293.723s][info][gc,cpu      ] GC(600) User=0.02s Sys=0.00s Real=0.01s
[294.026s][info][gc,start    ] GC(601) Pause Young (Mixed) (G1 Evacuation Pause)
[294.026s][info][gc,task     ] GC(601) Using 2 workers of 2 for evacuation
[294.055s][info][gc,phases   ] GC(601)   Pre Evacuate Collection Set: 0.17ms
[294.055s][info][gc,phases   ] GC(601)   Merge Heap Roots: 0.18ms
[294.055s][info][gc,phases   ] GC(601)   Evacuate Collection Set: 28.36ms
[294.055s][info][gc,phases   ] GC(601)   Post Evacuate Collection Set: 0.48ms
[294.055s][info][gc,phases   ] GC(601)   Other: 0.07ms
[294.055s][info][gc,heap     ] GC(601) Eden regions: 142->0(133)
[294.055s][info][gc,heap     ] GC(601) Survivor regions: 11->20(20)
[294.055s][info][gc,heap     ] GC(601) Old regions: 56->51
[294.055s][info][gc,heap     ] GC(601) Humongous regions: 4->4
[294.055s][info][gc,metaspace] GC(601) Metaspace: 42784K(43200K)->42784K(43200K) NonClass: 39978K(40256K)->39978K(40256K) Class: 2806K(2944K)->2806K(2944K)
[294.055s][info][gc          ] GC(601) Pause Young (Mixed) (G1 Evacuation Pause) 212M->75M(256M) 29.467ms
[294.055s][info][gc,cpu      ] GC(601) User=0.05s Sys=0.00s Real=0.03s
[294.339s][info][gc,start    ] GC(602) Pause Young (Concurrent Start) (G1 Evacuation Pause)
[294.339s][info][gc,task     ] GC(602) Using 2 workers of 2 for evacuation
[294.375s][info][gc,phases   ] GC(602)   Pre Evacuate Collection Set: 0.22ms
[294.375s][info][gc,phases   ] GC(602)   Merge Heap Roots: 0.21ms
[294.375s][info][gc,phases   ] GC(602)   Evacuate Collection Set: 34.84ms
[294.375s][info][gc,phases   ] GC(602)   Post Evacuate Collection Set: 0.46ms
[294.375s][info][gc,phases   ] GC(602)   Other: 0.10ms
[294.375s][info][gc,heap     ] GC(602) Eden regions: 133->0(131)
[294.375s][info][gc,heap     ] GC(602) Survivor regions: 20->15(20)
[294.375s][info][gc,heap     ] GC(602) Old regions: 51->71
[294.375s][info][gc,heap     ] GC(602) Humongous regions: 4->4
[294.375s][info][gc,metaspace] GC(602) Metaspace: 42784K(43200K)->42784K(43200K) NonClass: 39978K(40256K)->39978K(40256K) Class: 2806K(2944K)->2806K(2944K)
[294.375s][info][gc          ] GC(602) Pause Young (Concurrent Start) (G1 Evacuation Pause) 208M->90M(256M) 36.024ms
[294.375s][info][gc,cpu      ] GC(602) User=0.07s Sys=0.00s Real=0.03s
[294.376s][info][gc          ] GC(603) Concurrent Mark Cycle
[294.376s][info][gc,marking  ] GC(603) Concurrent Scan Root Regions
[294.412s][info][gc,marking  ] GC(603) Concurrent Scan Root Regions 36.051ms
[294.412s][info][gc,marking  ] GC(603) Concurrent Mark
[294.412s][info][gc,marking  ] GC(603) Concurrent Mark From Roots
[294.412s][info][gc,task     ] GC(603) Using 1 workers of 1 for marking
[294.460s][info][gc,marking  ] GC(603) Concurrent Mark From Roots 48.588ms
[294.460s][info][gc,marking  ] GC(603) Concurrent Preclean
[294.460s][info][gc,marking  ] GC(603) Concurrent Preclean 0.069ms
[294.460s][info][gc,start    ] GC(603) Pause Remark
[294.477s][info][gc          ] GC(603) Pause Remark 105M->103M(256M) 17.057ms
[294.478s][info][gc,cpu      ] GC(603) User=0.04s Sys=0.00s Real=0.02s
[294.478s][info][gc,marking  ] GC(603) Concurrent Mark 65.995ms
[294.478s][info][gc,marking  ] GC(603) Concurrent Rebuild Remembered Sets and Scrub Regions
[294.517s][info][gc,marking  ] GC(603) Concurrent Rebuild Remembered Sets and Scrub Regions 39.333ms
[294.517s][info][gc,start    ] GC(603) Pause Cleanup
[294.517s][info][gc          ] GC(603) Pause Cleanup 111M->111M(256M) 0.047ms
[294.517s][info][gc,cpu      ] GC(603) User=0.00s Sys=0.00s Real=0.00s
[294.517s][info][gc,marking  ] GC(603) Concurrent Clear Claimed Marks
[294.517s][info][gc,marking  ] GC(603) Concurrent Clear Claimed Marks 0.040ms
[294.517s][info][gc,marking  ] GC(603) Concurrent Cleanup for Next Mark
[294.518s][info][gc,marking  ] GC(603) Concurrent Cleanup for Next Mark 0.784ms
[294.518s][info][gc          ] GC(603) Concurrent Mark Cycle 142.577ms
[294.757s][info][gc,start    ] GC(604) Pause Young (Prepare Mixed) (G1 Evacuation Pause)
[294.757s][info][gc,task     ] GC(604) Using 2 workers of 2 for evacuation
[294.792s][info][gc,phases   ] GC(604)   Pre Evacuate Collection Set: 0.20ms
[294.792s][info][gc,phases   ] GC(604)   Merge Heap Roots: 0.11ms
[294.792s][info][gc,phases   ] GC(604)   Evacuate Collection Set: 33.62ms
[294.792s][info][gc,phases   ] GC(604)   Post Evacuate Collection Set: 0.44ms
[294.792s][info][gc,phases   ] GC(604)   Other: 0.12ms
[294.792s][info][gc,heap     ] GC(604) Eden regions: 131->0(119)
[294.792s][info][gc,heap     ] GC(604) Survivor regions: 15->14(19)
[294.792s][info][gc,heap     ] GC(604) Old regions: 69->84
[294.792s][info][gc,heap     ] GC(604) Humongous regions: 6->6
[294.792s][info][gc,metaspace] GC(604) Metaspace: 42785K(43200K)->42785K(43200K) NonClass: 39978K(40256K)->39978K(40256K) Class: 2806K(2944K)->2806K(2944K)
[294.792s][info][gc          ] GC(604) Pause Young (Prepare Mixed) (G1 Evacuation Pause) 221M->104M(256M) 34.668ms
[294.792s][info][gc,cpu      ] GC(604) User=0.06s Sys=0.00s Real=0.03s
[295.031s][info][gc,start    ] GC(605) Pause Young (Mixed) (G1 Evacuation Pause)
[295.031s][info][gc,task     ] GC(605) Using 2 workers of 2 for evacuation
[295.060s][info][gc,phases   ] GC(605)   Pre Evacuate Collection Set: 0.18ms
[295.060s][info][gc,phases   ] GC(605)   Merge Heap Roots: 0.11ms
[295.060s][info][gc,phases   ] GC(605)   Evacuate Collection Set: 28.60ms
[295.060s][info][gc,phases   ] GC(605)   Post Evacuate Collection Set: 0.42ms
[295.060s][info][gc,phases   ] GC(605)   Other: 0.09ms
[295.060s][info][gc,heap     ] GC(605) Eden regions: 119->0(115)
[295.060s][info][gc,heap     ] GC(605) Survivor regions: 14->13(17)
[295.060s][info][gc,heap     ] GC(605) Old regions: 84->90
[295.060s][info][gc,heap     ] GC(605) Humongous regions: 6->6
[295.060s][info][gc,metaspace] GC(605) Metaspace: 42785K(43200K)->42785K(43200K) NonClass: 39978K(40256K)->39978K(40256K) Class: 2806K(2944K)->2806K(2944K)
[295.060s][info][gc          ] GC(605) Pause Young (Mixed) (G1 Evacuation Pause) 223M->108M(256M) 29.577ms
[295.060s][info][gc,cpu      ] GC(605) User=0.05s Sys=0.00s Real=0.03s
[295.174s][info][gc,start    ] GC(606) Pause Young (Concurrent Start) (G1 Humongous Allocation)
[295.174s][info][gc,task     ] GC(606) Using 2 workers of 2 for evacuation
[295.195s][info][gc,phases   ] GC(606)   Pre Evacuate Collection Set: 0.17ms
[295.195s][info][gc,phases   ] GC(606)   Merge Heap Roots: 0.10ms
[295.195s][info][gc,phases   ] GC(606)   Evacuate Collection Set: 20.27ms
[295.195s][info][gc,phases   ] GC(606)   Post Evacuate Collection Set: 0.33ms
[295.195s][info][gc,phases   ] GC(606)   Other: 0.08ms
[295.195s][info][gc,heap     ] GC(606) Eden regions: 53->0(112)
[295.195s][info][gc,heap     ] GC(606) Survivor regions: 13->6(16)
[295.195s][info][gc,heap     ] GC(606) Old regions: 90->103
[295.195s][info][gc,heap     ] GC(606) Humongous regions: 6->6
[295.195s][info][gc,metaspace] GC(606) Metaspace: 42785K(43200K)->42785K(43200K) NonClass: 39978K(40256K)->39978K(40256K) Class: 2806K(2944K)->2806K(2944K)
[295.195s][info][gc          ] GC(606) Pause Young (Concurrent Start) (G1 Humongous Allocation) 160M->114M(256M) 21.123ms
[295.195s][info][gc,cpu      ] GC(606) User=0.04s Sys=0.00s Real=0.02s
[295.195s][info][gc          ] GC(607) Concurrent Mark Cycle
[295.199s][info][gc,marking  ] GC(607) Concurrent Scan Root Regions
[295.229s][info][gc,marking  ] GC(607) Concurrent Scan Root Regions 29.801ms
[295.229s][info][gc,marking  ] GC(607) Concurrent Mark
[295.229s][info][gc,marking  ] GC(607) Concurrent Mark From Roots
[295.229s][info][gc,task     ] GC(607) Using 1 workers of 1 for marking
[295.471s][info][gc,marking  ] GC(607) Concurrent Mark From Roots 242.917ms
[295.472s][info][gc,marking  ] GC(607) Concurrent Preclean
[295.472s][info][gc,marking  ] GC(607) Concurrent Preclean 0.058ms
[295.472s][info][gc,start    ] GC(607) Pause Remark
[295.488s][info][gc          ] GC(607) Pause Remark 173M->172M(256M) 16.203ms
[295.488s][info][gc,cpu      ] GC(607) User=0.03s Sys=0.00s Real=0.02s
[295.490s][info][gc,marking  ] GC(607) Concurrent Mark 261.135ms
[295.490s][info][gc,marking  ] GC(607) Concurrent Rebuild Remembered Sets and Scrub Regions
[295.621s][info][gc,marking  ] GC(607) Concurrent Rebuild Remembered Sets and Scrub Regions 131.224ms
[295.622s][info][gc,start    ] GC(607) Pause Cleanup
[295.622s][info][gc          ] GC(607) Pause Cleanup 225M->225M(256M) 0.060ms
[295.622s][info][gc,cpu      ] GC(607) User=0.00s Sys=0.00s Real=0.00s
[295.622s][info][gc,marking  ] GC(607) Concurrent Clear Claimed Marks
[295.622s][info][gc,marking  ] GC(607) Concurrent Clear Claimed Marks 0.054ms
[295.622s][info][gc,marking  ] GC(607) Concurrent Cleanup for Next Mark
[295.623s][info][gc,marking  ] GC(607) Concurrent Cleanup for Next Mark 0.757ms
[295.623s][info][gc          ] GC(607) Concurrent Mark Cycle 427.388ms
[295.638s][info][gc,start    ] GC(608) Pause Young (Prepare Mixed) (G1 Evacuation Pause)
[295.638s][info][gc,task     ] GC(608) Using 2 workers of 2 for evacuation
[295.661s][info][gc,phases   ] GC(608)   Pre Evacuate Collection Set: 0.65ms
[295.661s][info][gc,phases   ] GC(608)   Merge Heap Roots: 0.14ms
[295.661s][info][gc,phases   ] GC(608)   Evacuate Collection Set: 22.19ms
[295.661s][info][gc,phases   ] GC(608)   Post Evacuate Collection Set: 0.40ms
[295.661s][info][gc,phases   ] GC(608)   Other: 0.06ms
[295.661s][info][gc,heap     ] GC(608) Eden regions: 112->0(99)
[295.661s][info][gc,heap     ] GC(608) Survivor regions: 6->15(15)
[295.661s][info][gc,heap     ] GC(608) Old regions: 103->104
[295.661s][info][gc,heap     ] GC(608) Humongous regions: 10->9
[295.661s][info][gc,metaspace] GC(608) Metaspace: 42786K(43200K)->42786K(43200K) NonClass: 39980K(40256K)->39980K(40256K) Class: 2806K(2944K)->2806K(2944K)
[295.661s][info][gc          ] GC(608) Pause Young (Prepare Mixed) (G1 Evacuation Pause) 230M->128M(256M) 23.594ms
[295.661s][info][gc,cpu      ] GC(608) User=0.05s Sys=0.00s Real=0.02s
[298.358s][info][gc,start    ] GC(609) Pause Young (Mixed) (G1 Evacuation Pause)
[298.358s][info][gc,task     ] GC(609) Using 2 workers of 2 for evacuation
[298.391s][info][gc,phases   ] GC(609)   Pre Evacuate Collection Set: 0.16ms
[298.391s][info][gc,phases   ] GC(609)   Merge Heap Roots: 0.20ms
[298.391s][info][gc,phases   ] GC(609)   Evacuate Collection Set: 30.70ms
[298.391s][info][gc,phases   ] GC(609)   Post Evacuate Collection Set: 1.76ms
[298.391s][info][gc,phases   ] GC(609)   Other: 0.08ms
[298.391s][info][gc,heap     ] GC(609) Eden regions: 99->0(274)
[298.391s][info][gc,heap     ] GC(609) Survivor regions: 15->8(15)
[298.391s][info][gc,heap     ] GC(609) Old regions: 104->117
[298.391s][info][gc,heap     ] GC(609) Humongous regions: 11->7
[298.391s][info][gc,metaspace] GC(609) Metaspace: 42791K(43200K)->42791K(43200K) NonClass: 39985K(40256K)->39985K(40256K) Class: 2806K(2944K)->2806K(2944K)
[298.391s][info][gc          ] GC(609) Pause Young (Mixed) (G1 Evacuation Pause) 229M->131M(470M) 33.056ms
[298.391s][info][gc,cpu      ] GC(609) User=0.06s Sys=0.00s Real=0.03s
[299.359s][info][gc,start    ] GC(610) Pause Young (Normal) (G1 Evacuation Pause)
[299.359s][info][gc,task     ] GC(610) Using 2 workers of 2 for evacuation
[299.381s][info][gc,phases   ] GC(610)   Pre Evacuate Collection Set: 0.24ms
[299.381s][info][gc,phases   ] GC(610)   Merge Heap Roots: 0.13ms
[299.381s][info][gc,phases   ] GC(610)   Evacuate Collection Set: 20.92ms
[299.381s][info][gc,phases   ] GC(610)   Post Evacuate Collection Set: 0.54ms
[299.381s][info][gc,phases   ] GC(610)   Other: 0.08ms
[299.381s][info][gc,heap     ] GC(610) Eden regions: 274->0(263)
[299.381s][info][gc,heap     ] GC(610) Survivor regions: 8->19(36)
[299.381s][info][gc,heap     ] GC(610) Old regions: 117->117
[299.381s][info][gc,heap     ] GC(610) Humongous regions: 9->9
[299.381s][info][gc,metaspace] GC(610) Metaspace: 42797K(43200K)->42797K(43200K) NonClass: 39990K(40256K)->39990K(40256K) Class: 2806K(2944K)->2806K(2944K)
[299.381s][info][gc          ] GC(610) Pause Young (Normal) (G1 Evacuation Pause) 407M->144M(470M) 22.087ms
[299.381s][info][gc,cpu      ] GC(610) User=0.05s Sys=0.00s Real=0.02s
[299.491s][info][gc,start    ] GC(611) Pause Young (Concurrent Start) (G1 Humongous Allocation)
[299.491s][info][gc,task     ] GC(611) Using 2 workers of 2 for evacuation
[299.517s][info][gc,phases   ] GC(611)   Pre Evacuate Collection Set: 0.23ms
[299.517s][info][gc,phases   ] GC(611)   Merge Heap Roots: 0.09ms
[299.517s][info][gc,phases   ] GC(611)   Evacuate Collection Set: 25.19ms
[299.517s][info][gc,phases   ] GC(611)   Post Evacuate Collection Set: 0.40ms
[299.517s][info][gc,phases   ] GC(611)   Other: 0.10ms
[299.517s][info][gc,heap     ] GC(611) Eden regions: 49->0(263)
[299.517s][info][gc,heap     ] GC(611) Survivor regions: 19->19(36)
[299.517s][info][gc,heap     ] GC(611) Old regions: 117->124
[299.517s][info][gc,heap     ] GC(611) Humongous regions: 9->9
[299.517s][info][gc,metaspace] GC(611) Metaspace: 42797K(43200K)->42797K(43200K) NonClass: 39990K(40256K)->39990K(40256K) Class: 2806K(2944K)->2806K(2944K)
[299.517s][info][gc          ] GC(611) Pause Young (Concurrent Start) (G1 Humongous Allocation) 193M->151M(470M) 26.250ms
[299.517s][info][gc,cpu      ] GC(611) User=0.05s Sys=0.00s Real=0.03s
[299.517s][info][gc          ] GC(612) Concurrent Mark Cycle
[299.517s][info][gc,marking  ] GC(612) Concurrent Scan Root Regions
[299.538s][info][gc,marking  ] GC(612) Concurrent Scan Root Regions 20.812ms
[299.538s][info][gc,marking  ] GC(612) Concurrent Mark
[299.538s][info][gc,marking  ] GC(612) Concurrent Mark From Roots
[299.538s][info][gc,task     ] GC(612) Using 1 workers of 1 for marking
[299.565s][info][gc,marking  ] GC(612) Concurrent Mark From Roots 27.077ms
[299.565s][info][gc,marking  ] GC(612) Concurrent Preclean
[299.565s][info][gc,marking  ] GC(612) Concurrent Preclean 0.052ms
[299.565s][info][gc,start    ] GC(612) Pause Remark
[299.581s][info][gc          ] GC(612) Pause Remark 169M->148M(440M) 15.775ms
[299.581s][info][gc,cpu      ] GC(612) User=0.03s Sys=0.00s Real=0.02s
[299.581s][info][gc,marking  ] GC(612) Concurrent Mark 43.184ms
[299.581s][info][gc,marking  ] GC(612) Concurrent Rebuild Remembered Sets and Scrub Regions
[299.604s][info][gc,marking  ] GC(612) Concurrent Rebuild Remembered Sets and Scrub Regions 23.132ms
[299.604s][info][gc,start    ] GC(612) Pause Cleanup
[299.604s][info][gc          ] GC(612) Pause Cleanup 158M->158M(440M) 0.058ms
[299.604s][info][gc,cpu      ] GC(612) User=0.00s Sys=0.00s Real=0.00s
[299.604s][info][gc,marking  ] GC(612) Concurrent Clear Claimed Marks
[299.605s][info][gc,marking  ] GC(612) Concurrent Clear Claimed Marks 0.034ms
[299.605s][info][gc,marking  ] GC(612) Concurrent Cleanup for Next Mark
[299.608s][info][gc,marking  ] GC(612) Concurrent Cleanup for Next Mark 3.276ms
[299.608s][info][gc          ] GC(612) Concurrent Mark Cycle 90.794ms
[300.109s][info][gc,start    ] GC(613) Pause Young (Prepare Mixed) (G1 Evacuation Pause)
[300.109s][info][gc,task     ] GC(613) Using 2 workers of 2 for evacuation
[300.161s][info][gc,phases   ] GC(613)   Pre Evacuate Collection Set: 0.21ms
[300.161s][info][gc,phases   ] GC(613)   Merge Heap Roots: 0.10ms
[300.161s][info][gc,phases   ] GC(613)   Evacuate Collection Set: 50.65ms
[300.161s][info][gc,phases   ] GC(613)   Post Evacuate Collection Set: 0.50ms
[300.161s][info][gc,phases   ] GC(613)   Other: 0.08ms
[300.161s][info][gc,heap     ] GC(613) Eden regions: 245->0(224)
[300.161s][info][gc,heap     ] GC(613) Survivor regions: 19->33(33)
[300.161s][info][gc,heap     ] GC(613) Old regions: 109->122
[300.161s][info][gc,heap     ] GC(613) Humongous regions: 6->6
[300.161s][info][gc,metaspace] GC(613) Metaspace: 42797K(43200K)->42797K(43200K) NonClass: 39990K(40256K)->39990K(40256K) Class: 2806K(2944K)->2806K(2944K)
[300.161s][info][gc          ] GC(613) Pause Young (Prepare Mixed) (G1 Evacuation Pause) 378M->160M(440M) 51.744ms
[300.161s][info][gc,cpu      ] GC(613) User=0.10s Sys=0.00s Real=0.05s
[300.700s][info][gc,start    ] GC(614) Pause Young (Mixed) (G1 Evacuation Pause)
[300.700s][info][gc,task     ] GC(614) Using 2 workers of 2 for evacuation
[300.772s][info][gc,phases   ] GC(614)   Pre Evacuate Collection Set: 0.28ms
[300.772s][info][gc,phases   ] GC(614)   Merge Heap Roots: 0.29ms
[300.772s][info][gc,phases   ] GC(614)   Evacuate Collection Set: 70.62ms
[300.772s][info][gc,phases   ] GC(614)   Post Evacuate Collection Set: 0.60ms
[300.772s][info][gc,phases   ] GC(614)   Other: 0.09ms
[300.772s][info][gc,heap     ] GC(614) Eden regions: 224->0(241)
[300.772s][info][gc,heap     ] GC(614) Survivor regions: 33->26(33)
[300.772s][info][gc,heap     ] GC(614) Old regions: 122->112
[300.772s][info][gc,heap     ] GC(614) Humongous regions: 10->10
[300.772s][info][gc,metaspace] GC(614) Metaspace: 42797K(43200K)->42797K(43200K) NonClass: 39990K(40256K)->39990K(40256K) Class: 2806K(2944K)->2806K(2944K)
[300.772s][info][gc          ] GC(614) Pause Young (Mixed) (G1 Evacuation Pause) 388M->146M(449M) 72.101ms
[300.772s][info][gc,cpu      ] GC(614) User=0.13s Sys=0.01s Real=0.07s
[302.241s][info][gc,start    ] GC(615) Pause Young (Mixed) (G1 Evacuation Pause)
[302.241s][info][gc,task     ] GC(615) Using 2 workers of 2 for evacuation
[302.305s][info][gc,phases   ] GC(615)   Pre Evacuate Collection Set: 0.32ms
[302.305s][info][gc,phases   ] GC(615)   Merge Heap Roots: 0.33ms
[302.305s][info][gc,phases   ] GC(615)   Evacuate Collection Set: 63.28ms
[302.305s][info][gc,phases   ] GC(615)   Post Evacuate Collection Set: 0.58ms
[302.305s][info][gc,phases   ] GC(615)   Other: 0.09ms
[302.305s][info][gc,heap     ] GC(615) Eden regions: 241->0(236)
[302.305s][info][gc,heap     ] GC(615) Survivor regions: 26->21(34)
[302.305s][info][gc,heap     ] GC(615) Old regions: 112->117
[302.305s][info][gc,heap     ] GC(615) Humongous regions: 18->16
[302.305s][info][gc,metaspace] GC(615) Metaspace: 42797K(43200K)->42797K(43200K) NonClass: 39990K(40256K)->39990K(40256K) Class: 2806K(2944K)->2806K(2944K)
[302.306s][info][gc          ] GC(615) Pause Young (Mixed) (G1 Evacuation Pause) 395M->153M(449M) 64.801ms
[302.306s][info][gc,cpu      ] GC(615) User=0.13s Sys=0.00s Real=0.06s
[303.402s][info][gc,start    ] GC(616) Pause Young (Concurrent Start) (G1 Evacuation Pause)
[303.402s][info][gc,task     ] GC(616) Using 2 workers of 2 for evacuation
[303.435s][info][gc,phases   ] GC(616)   Pre Evacuate Collection Set: 0.23ms
[303.435s][info][gc,phases   ] GC(616)   Merge Heap Roots: 0.18ms
[303.435s][info][gc,phases   ] GC(616)   Evacuate Collection Set: 32.34ms
[303.435s][info][gc,phases   ] GC(616)   Post Evacuate Collection Set: 0.51ms
[303.435s][info][gc,phases   ] GC(616)   Other: 0.11ms
[303.435s][info][gc,heap     ] GC(616) Eden regions: 236->0(234)
[303.435s][info][gc,heap     ] GC(616) Survivor regions: 21->9(33)
[303.435s][info][gc,heap     ] GC(616) Old regions: 117->136
[303.435s][info][gc,heap     ] GC(616) Humongous regions: 16->16
[303.436s][info][gc,metaspace] GC(616) Metaspace: 42805K(43200K)->42805K(43200K) NonClass: 39998K(40256K)->39998K(40256K) Class: 2807K(2944K)->2807K(2944K)
[303.436s][info][gc          ] GC(616) Pause Young (Concurrent Start) (G1 Evacuation Pause) 389M->160M(449M) 33.554ms
[303.436s][info][gc,cpu      ] GC(616) User=0.06s Sys=0.00s Real=0.03s
[303.436s][info][gc          ] GC(617) Concurrent Mark Cycle
[303.436s][info][gc,marking  ] GC(617) Concurrent Scan Root Regions
[303.456s][info][gc,marking  ] GC(617) Concurrent Scan Root Regions 20.620ms
[303.456s][info][gc,marking  ] GC(617) Concurrent Mark
[303.456s][info][gc,marking  ] GC(617) Concurrent Mark From Roots
[303.456s][info][gc,task     ] GC(617) Using 1 workers of 1 for marking
[303.579s][info][gc,marking  ] GC(617) Concurrent Mark From Roots 122.156ms
[303.579s][info][gc,marking  ] GC(617) Concurrent Preclean
[303.579s][info][gc,marking  ] GC(617) Concurrent Preclean 0.036ms
[303.579s][info][gc,start    ] GC(617) Pause Remark
[303.595s][info][gc          ] GC(617) Pause Remark 184M->156M(444M) 16.281ms
[303.595s][info][gc,cpu      ] GC(617) User=0.03s Sys=0.00s Real=0.01s
[303.595s][info][gc,marking  ] GC(617) Concurrent Mark 138.763ms
[303.595s][info][gc,marking  ] GC(617) Concurrent Rebuild Remembered Sets and Scrub Regions
[303.655s][info][gc,marking  ] GC(617) Concurrent Rebuild Remembered Sets and Scrub Regions 59.515ms
[303.655s][info][gc,start    ] GC(617) Pause Cleanup
[303.655s][info][gc          ] GC(617) Pause Cleanup 166M->166M(444M) 0.052ms
[303.655s][info][gc,cpu      ] GC(617) User=0.00s Sys=0.00s Real=0.00s
[303.655s][info][gc,marking  ] GC(617) Concurrent Clear Claimed Marks
[303.655s][info][gc,marking  ] GC(617) Concurrent Clear Claimed Marks 0.038ms
[303.655s][info][gc,marking  ] GC(617) Concurrent Cleanup for Next Mark
[303.656s][info][gc,marking  ] GC(617) Concurrent Cleanup for Next Mark 1.321ms
[303.656s][info][gc          ] GC(617) Concurrent Mark Cycle 220.769ms
[304.746s][info][gc,start    ] GC(618) Pause Young (Prepare Mixed) (G1 Evacuation Pause)
[304.746s][info][gc,task     ] GC(618) Using 2 workers of 2 for evacuation
[304.776s][info][gc,phases   ] GC(618)   Pre Evacuate Collection Set: 0.21ms
[304.776s][info][gc,phases   ] GC(618)   Merge Heap Roots: 0.09ms
[304.776s][info][gc,phases   ] GC(618)   Evacuate Collection Set: 28.79ms
[304.776s][info][gc,phases   ] GC(618)   Post Evacuate Collection Set: 0.49ms
[304.776s][info][gc,phases   ] GC(618)   Other: 0.07ms
[304.776s][info][gc,heap     ] GC(618) Eden regions: 234->0(228)
[304.776s][info][gc,heap     ] GC(618) Survivor regions: 9->31(31)
[304.776s][info][gc,heap     ] GC(618) Old regions: 123->126
[304.776s][info][gc,heap     ] GC(618) Humongous regions: 1->1
[304.776s][info][gc,metaspace] GC(618) Metaspace: 42806K(43200K)->42806K(43200K) NonClass: 39999K(40256K)->39999K(40256K) Class: 2807K(2944K)->2807K(2944K)
[304.776s][info][gc          ] GC(618) Pause Young (Prepare Mixed) (G1 Evacuation Pause) 366M->156M(444M) 29.865ms
[304.776s][info][gc,cpu      ] GC(618) User=0.05s Sys=0.00s Real=0.03s
[306.034s][info][gc,start    ] GC(619) Pause Young (Mixed) (G1 Evacuation Pause)
[306.034s][info][gc,task     ] GC(619) Using 2 workers of 2 for evacuation
[306.078s][info][gc,phases   ] GC(619)   Pre Evacuate Collection Set: 0.22ms
[306.078s][info][gc,phases   ] GC(619)   Merge Heap Roots: 0.11ms
[306.078s][info][gc,phases   ] GC(619)   Evacuate Collection Set: 42.94ms
[306.078s][info][gc,phases   ] GC(619)   Post Evacuate Collection Set: 0.50ms
[306.078s][info][gc,phases   ] GC(619)   Other: 0.08ms
[306.078s][info][gc,heap     ] GC(619) Eden regions: 228->0(215)
[306.078s][info][gc,heap     ] GC(619) Survivor regions: 31->21(33)
[306.078s][info][gc,heap     ] GC(619) Old regions: 126->152
[306.078s][info][gc,heap     ] GC(619) Humongous regions: 2->2
[306.078s][info][gc,metaspace] GC(619) Metaspace: 42806K(43200K)->42806K(43200K) NonClass: 39999K(40256K)->39999K(40256K) Class: 2807K(2944K)->2807K(2944K)
[306.078s][info][gc          ] GC(619) Pause Young (Mixed) (G1 Evacuation Pause) 385M->174M(444M) 44.033ms
[306.078s][info][gc,cpu      ] GC(619) User=0.09s Sys=0.00s Real=0.05s
[307.194s][info][gc,start    ] GC(620) Pause Young (Concurrent Start) (G1 Evacuation Pause)
[307.194s][info][gc,task     ] GC(620) Using 2 workers of 2 for evacuation
[307.231s][info][gc,phases   ] GC(620)   Pre Evacuate Collection Set: 0.23ms
[307.231s][info][gc,phases   ] GC(620)   Merge Heap Roots: 0.09ms
[307.231s][info][gc,phases   ] GC(620)   Evacuate Collection Set: 35.65ms
[307.231s][info][gc,phases   ] GC(620)   Post Evacuate Collection Set: 0.47ms
[307.231s][info][gc,phases   ] GC(620)   Other: 0.09ms
[307.231s][info][gc,heap     ] GC(620) Eden regions: 215->0(200)
[307.231s][info][gc,heap     ] GC(620) Survivor regions: 21->20(30)
[307.231s][info][gc,heap     ] GC(620) Old regions: 152->173
[307.231s][info][gc,heap     ] GC(620) Humongous regions: 2->2
[307.231s][info][gc,metaspace] GC(620) Metaspace: 42806K(43200K)->42806K(43200K) NonClass: 39999K(40256K)->39999K(40256K) Class: 2807K(2944K)->2807K(2944K)
[307.231s][info][gc          ] GC(620) Pause Young (Concurrent Start) (G1 Evacuation Pause) 389M->194M(444M) 36.737ms
[307.231s][info][gc,cpu      ] GC(620) User=0.08s Sys=0.00s Real=0.04s
[307.231s][info][gc          ] GC(621) Concurrent Mark Cycle
[307.231s][info][gc,marking  ] GC(621) Concurrent Scan Root Regions
[307.273s][info][gc,marking  ] GC(621) Concurrent Scan Root Regions 42.623ms
[307.273s][info][gc,marking  ] GC(621) Concurrent Mark
[307.273s][info][gc,marking  ] GC(621) Concurrent Mark From Roots
[307.273s][info][gc,task     ] GC(621) Using 1 workers of 1 for marking
[307.315s][info][gc,marking  ] GC(621) Concurrent Mark From Roots 41.151ms
[307.315s][info][gc,marking  ] GC(621) Concurrent Preclean
[307.315s][info][gc,marking  ] GC(621) Concurrent Preclean 0.059ms
[307.315s][info][gc,start    ] GC(621) Pause Remark
[307.331s][info][gc          ] GC(621) Pause Remark 220M->144M(404M) 16.425ms
[307.331s][info][gc,cpu      ] GC(621) User=0.03s Sys=0.00s Real=0.02s
[307.331s][info][gc,marking  ] GC(621) Concurrent Mark 57.962ms
[307.331s][info][gc,marking  ] GC(621) Concurrent Rebuild Remembered Sets and Scrub Regions
[307.362s][info][gc,marking  ] GC(621) Concurrent Rebuild Remembered Sets and Scrub Regions 30.912ms
[307.362s][info][gc,start    ] GC(621) Pause Cleanup
[307.363s][info][gc          ] GC(621) Pause Cleanup 157M->157M(404M) 0.054ms
[307.363s][info][gc,cpu      ] GC(621) User=0.00s Sys=0.00s Real=0.00s
[307.363s][info][gc,marking  ] GC(621) Concurrent Clear Claimed Marks
[307.363s][info][gc,marking  ] GC(621) Concurrent Clear Claimed Marks 0.035ms
[307.363s][info][gc,marking  ] GC(621) Concurrent Cleanup for Next Mark
[307.364s][info][gc,marking  ] GC(621) Concurrent Cleanup for Next Mark 1.168ms
[307.364s][info][gc          ] GC(621) Concurrent Mark Cycle 133.075ms
[307.730s][info][gc,start    ] GC(622) Pause Young (Prepare Mixed) (G1 Evacuation Pause)
[307.730s][info][gc,task     ] GC(622) Using 2 workers of 2 for evacuation
[307.761s][info][gc,phases   ] GC(622)   Pre Evacuate Collection Set: 0.21ms
[307.761s][info][gc,phases   ] GC(622)   Merge Heap Roots: 0.09ms
[307.761s][info][gc,phases   ] GC(622)   Evacuate Collection Set: 29.91ms
[307.761s][info][gc,phases   ] GC(622)   Post Evacuate Collection Set: 0.46ms
[307.761s][info][gc,phases   ] GC(622)   Other: 0.09ms
[307.761s][info][gc,heap     ] GC(622) Eden regions: 200->0(205)
[307.761s][info][gc,heap     ] GC(622) Survivor regions: 20->28(28)
[307.761s][info][gc,heap     ] GC(622) Old regions: 97->102
[307.761s][info][gc,heap     ] GC(622) Humongous regions: 5->5
[307.761s][info][gc,metaspace] GC(622) Metaspace: 42806K(43200K)->42806K(43200K) NonClass: 39999K(40256K)->39999K(40256K) Class: 2807K(2944K)->2807K(2944K)
[307.761s][info][gc          ] GC(622) Pause Young (Prepare Mixed) (G1 Evacuation Pause) 321M->134M(404M) 30.982ms
[307.761s][info][gc,cpu      ] GC(622) User=0.06s Sys=0.00s Real=0.03s
[308.220s][info][gc,start    ] GC(623) Pause Young (Mixed) (G1 Evacuation Pause)
[308.220s][info][gc,task     ] GC(623) Using 2 workers of 2 for evacuation
[308.278s][info][gc,phases   ] GC(623)   Pre Evacuate Collection Set: 0.20ms
[308.278s][info][gc,phases   ] GC(623)   Merge Heap Roots: 0.21ms
[308.278s][info][gc,phases   ] GC(623)   Evacuate Collection Set: 56.32ms
[308.278s][info][gc,phases   ] GC(623)   Post Evacuate Collection Set: 0.53ms
[308.278s][info][gc,phases   ] GC(623)   Other: 0.08ms
[308.278s][info][gc,heap     ] GC(623) Eden regions: 205->0(205)
[308.278s][info][gc,heap     ] GC(623) Survivor regions: 28->25(30)
[308.278s][info][gc,heap     ] GC(623) Old regions: 102->104
[308.278s][info][gc,heap     ] GC(623) Humongous regions: 7->7
[308.278s][info][gc,metaspace] GC(623) Metaspace: 42806K(43200K)->42806K(43200K) NonClass: 39999K(40256K)->39999K(40256K) Class: 2807K(2944K)->2807K(2944K)
[308.278s][info][gc          ] GC(623) Pause Young (Mixed) (G1 Evacuation Pause) 341M->135M(404M) 57.535ms
[308.278s][info][gc,cpu      ] GC(623) User=0.11s Sys=0.00s Real=0.06s
[308.604s][info][gc,start    ] GC(624) Pause Young (Concurrent Start) (G1 Humongous Allocation)
[308.604s][info][gc,task     ] GC(624) Using 2 workers of 2 for evacuation
[308.646s][info][gc,phases   ] GC(624)   Pre Evacuate Collection Set: 0.22ms
[308.646s][info][gc,phases   ] GC(624)   Merge Heap Roots: 0.09ms
[308.646s][info][gc,phases   ] GC(624)   Evacuate Collection Set: 41.20ms
[308.646s][info][gc,phases   ] GC(624)   Post Evacuate Collection Set: 0.87ms
[308.646s][info][gc,phases   ] GC(624)   Other: 0.17ms
[308.646s][info][gc,heap     ] GC(624) Eden regions: 150->0(225)
[308.646s][info][gc,heap     ] GC(624) Survivor regions: 25->18(29)
[308.646s][info][gc,heap     ] GC(624) Old regions: 104->128
[308.646s][info][gc,heap     ] GC(624) Humongous regions: 7->7
[308.646s][info][gc,metaspace] GC(624) Metaspace: 42806K(43200K)->42806K(43200K) NonClass: 39999K(40256K)->39999K(40256K) Class: 2807K(2944K)->2807K(2944K)
[308.646s][info][gc          ] GC(624) Pause Young (Concurrent Start) (G1 Humongous Allocation) 284M->152M(458M) 42.758ms
[308.646s][info][gc,cpu      ] GC(624) User=0.08s Sys=0.00s Real=0.04s
[308.646s][info][gc          ] GC(625) Concurrent Mark Cycle
[308.647s][info][gc,marking  ] GC(625) Concurrent Scan Root Regions
[308.678s][info][gc,marking  ] GC(625) Concurrent Scan Root Regions 31.086ms
[308.678s][info][gc,marking  ] GC(625) Concurrent Mark
[308.678s][info][gc,marking  ] GC(625) Concurrent Mark From Roots
[308.678s][info][gc,task     ] GC(625) Using 1 workers of 1 for marking
[308.745s][info][gc,marking  ] GC(625) Concurrent Mark From Roots 67.213ms
[308.745s][info][gc,marking  ] GC(625) Concurrent Preclean
[308.745s][info][gc,marking  ] GC(625) Concurrent Preclean 0.035ms
[308.745s][info][gc,start    ] GC(625) Pause Remark
[308.761s][info][gc          ] GC(625) Pause Remark 181M->156M(437M) 15.628ms
[308.761s][info][gc,cpu      ] GC(625) User=0.03s Sys=0.00s Real=0.02s
[308.761s][info][gc,marking  ] GC(625) Concurrent Mark 83.207ms
[308.761s][info][gc,marking  ] GC(625) Concurrent Rebuild Remembered Sets and Scrub Regions
[308.828s][info][gc,marking  ] GC(625) Concurrent Rebuild Remembered Sets and Scrub Regions 67.043ms
[308.828s][info][gc,start    ] GC(625) Pause Cleanup
[308.829s][info][gc          ] GC(625) Pause Cleanup 175M->175M(437M) 0.119ms
[308.829s][info][gc,cpu      ] GC(625) User=0.00s Sys=0.00s Real=0.00s
[308.829s][info][gc,marking  ] GC(625) Concurrent Clear Claimed Marks
[308.829s][info][gc,marking  ] GC(625) Concurrent Clear Claimed Marks 0.041ms
[308.829s][info][gc,marking  ] GC(625) Concurrent Cleanup for Next Mark
[308.830s][info][gc,marking  ] GC(625) Concurrent Cleanup for Next Mark 1.753ms
[308.830s][info][gc          ] GC(625) Concurrent Mark Cycle 183.997ms
[310.172s][info][gc,start    ] GC(626) Pause Young (Prepare Mixed) (G1 Evacuation Pause)
[310.172s][info][gc,task     ] GC(626) Using 2 workers of 2 for evacuation
[310.229s][info][gc,phases   ] GC(626)   Pre Evacuate Collection Set: 0.21ms
[310.229s][info][gc,phases   ] GC(626)   Merge Heap Roots: 0.17ms
[310.229s][info][gc,phases   ] GC(626)   Evacuate Collection Set: 55.66ms
[310.229s][info][gc,phases   ] GC(626)   Post Evacuate Collection Set: 0.55ms
[310.229s][info][gc,phases   ] GC(626)   Other: 0.08ms
[310.229s][info][gc,heap     ] GC(626) Eden regions: 225->0(212)
[310.229s][info][gc,heap     ] GC(626) Survivor regions: 18->22(31)
[310.229s][info][gc,heap     ] GC(626) Old regions: 104->122
[310.229s][info][gc,heap     ] GC(626) Humongous regions: 17->15
[310.229s][info][gc,metaspace] GC(626) Metaspace: 42806K(43200K)->42806K(43200K) NonClass: 39999K(40256K)->39999K(40256K) Class: 2807K(2944K)->2807K(2944K)
[310.229s][info][gc          ] GC(626) Pause Young (Prepare Mixed) (G1 Evacuation Pause) 363M->158M(437M) 56.856ms
[310.229s][info][gc,cpu      ] GC(626) User=0.11s Sys=0.00s Real=0.06s
[311.018s][info][gc,start    ] GC(627) Pause Young (Mixed) (G1 Evacuation Pause)
[311.018s][info][gc,task     ] GC(627) Using 2 workers of 2 for evacuation
[311.053s][info][gc,phases   ] GC(627)   Pre Evacuate Collection Set: 0.21ms
[311.053s][info][gc,phases   ] GC(627)   Merge Heap Roots: 0.17ms
[311.053s][info][gc,phases   ] GC(627)   Evacuate Collection Set: 34.01ms
[311.053s][info][gc,phases   ] GC(627)   Post Evacuate Collection Set: 0.48ms
[311.053s][info][gc,phases   ] GC(627)   Other: 0.07ms
[311.053s][info][gc,heap     ] GC(627) Eden regions: 212->0(218)
[311.053s][info][gc,heap     ] GC(627) Survivor regions: 22->9(30)
[311.053s][info][gc,heap     ] GC(627) Old regions: 122->132
[311.053s][info][gc,heap     ] GC(627) Humongous regions: 15->15
[311.053s][info][gc,metaspace] GC(627) Metaspace: 42806K(43200K)->42806K(43200K) NonClass: 39999K(40256K)->39999K(40256K) Class: 2807K(2944K)->2807K(2944K)
[311.053s][info][gc          ] GC(627) Pause Young (Mixed) (G1 Evacuation Pause) 370M->155M(437M) 35.156ms
[311.053s][info][gc,cpu      ] GC(627) User=0.07s Sys=0.00s Real=0.03s
[312.175s][info][gc,start    ] GC(628) Pause Young (Concurrent Start) (G1 Evacuation Pause)
[312.175s][info][gc,task     ] GC(628) Using 2 workers of 2 for evacuation
[312.180s][info][gc,phases   ] GC(628)   Pre Evacuate Collection Set: 0.23ms
[312.180s][info][gc,phases   ] GC(628)   Merge Heap Roots: 0.06ms
[312.180s][info][gc,phases   ] GC(628)   Evacuate Collection Set: 4.10ms
[312.180s][info][gc,phases   ] GC(628)   Post Evacuate Collection Set: 0.44ms
[312.180s][info][gc,phases   ] GC(628)   Other: 0.09ms
[312.180s][info][gc,heap     ] GC(628) Eden regions: 218->0(227)
[312.180s][info][gc,heap     ] GC(628) Survivor regions: 9->7(29)
[312.180s][info][gc,heap     ] GC(628) Old regions: 132->132
[312.180s][info][gc,heap     ] GC(628) Humongous regions: 15->15
[312.180s][info][gc,metaspace] GC(628) Metaspace: 42806K(43200K)->42806K(43200K) NonClass: 39999K(40256K)->39999K(40256K) Class: 2807K(2944K)->2807K(2944K)
[312.180s][info][gc          ] GC(628) Pause Young (Concurrent Start) (G1 Evacuation Pause) 373M->154M(437M) 5.086ms
[312.180s][info][gc,cpu      ] GC(628) User=0.01s Sys=0.00s Real=0.01s
[312.180s][info][gc          ] GC(629) Concurrent Mark Cycle
[312.180s][info][gc,marking  ] GC(629) Concurrent Scan Root Regions
[312.185s][info][gc,marking  ] GC(629) Concurrent Scan Root Regions 4.997ms
[312.185s][info][gc,marking  ] GC(629) Concurrent Mark
[312.185s][info][gc,marking  ] GC(629) Concurrent Mark From Roots
[312.185s][info][gc,task     ] GC(629) Using 1 workers of 1 for marking
[312.219s][info][gc,marking  ] GC(629) Concurrent Mark From Roots 34.137ms
[312.219s][info][gc,marking  ] GC(629) Concurrent Preclean
[312.219s][info][gc,marking  ] GC(629) Concurrent Preclean 0.031ms
[312.219s][info][gc,start    ] GC(629) Pause Remark
[312.235s][info][gc          ] GC(629) Pause Remark 162M->64M(256M) 15.877ms
[312.235s][info][gc,cpu      ] GC(629) User=0.04s Sys=0.00s Real=0.01s
[312.235s][info][gc,marking  ] GC(629) Concurrent Mark 50.295ms
[312.235s][info][gc,marking  ] GC(629) Concurrent Rebuild Remembered Sets and Scrub Regions
[312.248s][info][gc,marking  ] GC(629) Concurrent Rebuild Remembered Sets and Scrub Regions 12.562ms
[312.248s][info][gc,start    ] GC(629) Pause Cleanup
[312.248s][info][gc          ] GC(629) Pause Cleanup 67M->67M(256M) 0.034ms
[312.248s][info][gc,cpu      ] GC(629) User=0.00s Sys=0.00s Real=0.00s
[312.248s][info][gc,marking  ] GC(629) Concurrent Clear Claimed Marks
[312.248s][info][gc,marking  ] GC(629) Concurrent Clear Claimed Marks 0.032ms
[312.248s][info][gc,marking  ] GC(629) Concurrent Cleanup for Next Mark
[312.249s][info][gc,marking  ] GC(629) Concurrent Cleanup for Next Mark 0.728ms
[312.249s][info][gc          ] GC(629) Concurrent Mark Cycle 68.906ms
[312.948s][info][gc,start    ] GC(630) Pause Young (Prepare Mixed) (G1 Evacuation Pause)
[312.948s][info][gc,task     ] GC(630) Using 2 workers of 2 for evacuation
[312.958s][info][gc,phases   ] GC(630)   Pre Evacuate Collection Set: 0.15ms
[312.958s][info][gc,phases   ] GC(630)   Merge Heap Roots: 0.06ms
[312.958s][info][gc,phases   ] GC(630)   Evacuate Collection Set: 9.61ms
[312.958s][info][gc,phases   ] GC(630)   Post Evacuate Collection Set: 0.38ms
[312.958s][info][gc,phases   ] GC(630)   Other: 0.07ms
[312.958s][info][gc,heap     ] GC(630) Eden regions: 146->0(140)
[312.958s][info][gc,heap     ] GC(630) Survivor regions: 7->13(20)
[312.958s][info][gc,heap     ] GC(630) Old regions: 48->48
[312.958s][info][gc,heap     ] GC(630) Humongous regions: 1->1
[312.958s][info][gc,metaspace] GC(630) Metaspace: 42806K(43200K)->42806K(43200K) NonClass: 39999K(40256K)->39999K(40256K) Class: 2807K(2944K)->2807K(2944K)
[312.959s][info][gc          ] GC(630) Pause Young (Prepare Mixed) (G1 Evacuation Pause) 202M->61M(256M) 10.459ms
[312.959s][info][gc,cpu      ] GC(630) User=0.02s Sys=0.00s Real=0.01s
[313.712s][info][gc,start    ] GC(631) Pause Young (Mixed) (G1 Evacuation Pause)
[313.712s][info][gc,task     ] GC(631) Using 2 workers of 2 for evacuation
[313.717s][info][gc,phases   ] GC(631)   Pre Evacuate Collection Set: 0.15ms
[313.717s][info][gc,phases   ] GC(631)   Merge Heap Roots: 0.07ms
[313.717s][info][gc,phases   ] GC(631)   Evacuate Collection Set: 3.79ms
[313.717s][info][gc,phases   ] GC(631)   Post Evacuate Collection Set: 0.37ms
[313.717s][info][gc,phases   ] GC(631)   Other: 0.08ms
[313.717s][info][gc,heap     ] GC(631) Eden regions: 140->0(151)
[313.717s][info][gc,heap     ] GC(631) Survivor regions: 13->2(20)
[313.717s][info][gc,heap     ] GC(631) Old regions: 48->48
[313.717s][info][gc,heap     ] GC(631) Humongous regions: 2->1
[313.717s][info][gc,metaspace] GC(631) Metaspace: 42807K(43200K)->42807K(43200K) NonClass: 39999K(40256K)->39999K(40256K) Class: 2807K(2944K)->2807K(2944K)
[313.717s][info][gc          ] GC(631) Pause Young (Mixed) (G1 Evacuation Pause) 202M->50M(256M) 4.628ms
[313.717s][info][gc,cpu      ] GC(631) User=0.01s Sys=0.00s Real=0.01s
[314.525s][info][gc,start    ] GC(632) Pause Young (Concurrent Start) (G1 Evacuation Pause)
[314.525s][info][gc,task     ] GC(632) Using 2 workers of 2 for evacuation
[314.541s][info][gc,phases   ] GC(632)   Pre Evacuate Collection Set: 0.17ms
[314.541s][info][gc,phases   ] GC(632)   Merge Heap Roots: 0.07ms
[314.541s][info][gc,phases   ] GC(632)   Evacuate Collection Set: 14.44ms
[314.541s][info][gc,phases   ] GC(632)   Post Evacuate Collection Set: 0.37ms
[314.541s][info][gc,phases   ] GC(632)   Other: 0.11ms
[314.541s][info][gc,heap     ] GC(632) Eden regions: 151->0(138)
[314.541s][info][gc,heap     ] GC(632) Survivor regions: 2->15(20)
[314.541s][info][gc,heap     ] GC(632) Old regions: 48->48
[314.541s][info][gc,heap     ] GC(632) Humongous regions: 1->1
[314.541s][info][gc,metaspace] GC(632) Metaspace: 42807K(43200K)->42807K(43200K) NonClass: 39999K(40256K)->39999K(40256K) Class: 2807K(2944K)->2807K(2944K)
[314.541s][info][gc          ] GC(632) Pause Young (Concurrent Start) (G1 Evacuation Pause) 201M->63M(256M) 15.359ms
[314.541s][info][gc,cpu      ] GC(632) User=0.03s Sys=0.00s Real=0.02s
[314.541s][info][gc          ] GC(633) Concurrent Mark Cycle
[314.541s][info][gc,marking  ] GC(633) Concurrent Scan Root Regions
[314.551s][info][gc,marking  ] GC(633) Concurrent Scan Root Regions 10.556ms
[314.551s][info][gc,marking  ] GC(633) Concurrent Mark
[314.551s][info][gc,marking  ] GC(633) Concurrent Mark From Roots
[314.551s][info][gc,task     ] GC(633) Using 1 workers of 1 for marking
[314.589s][info][gc,marking  ] GC(633) Concurrent Mark From Roots 37.144ms
[314.589s][info][gc,marking  ] GC(633) Concurrent Preclean
[314.589s][info][gc,marking  ] GC(633) Concurrent Preclean 0.032ms
[314.589s][info][gc,start    ] GC(633) Pause Remark
[314.604s][info][gc          ] GC(633) Pause Remark 72M->72M(256M) 15.712ms
[314.604s][info][gc,cpu      ] GC(633) User=0.03s Sys=0.00s Real=0.01s
[314.604s][info][gc,marking  ] GC(633) Concurrent Mark 53.117ms
[314.605s][info][gc,marking  ] GC(633) Concurrent Rebuild Remembered Sets and Scrub Regions
[314.619s][info][gc,marking  ] GC(633) Concurrent Rebuild Remembered Sets and Scrub Regions 14.668ms
[314.619s][info][gc,start    ] GC(633) Pause Cleanup
[314.619s][info][gc          ] GC(633) Pause Cleanup 74M->74M(256M) 0.039ms
[314.619s][info][gc,cpu      ] GC(633) User=0.00s Sys=0.00s Real=0.00s
[314.619s][info][gc,marking  ] GC(633) Concurrent Clear Claimed Marks
[314.619s][info][gc,marking  ] GC(633) Concurrent Clear Claimed Marks 0.033ms
[314.619s][info][gc,marking  ] GC(633) Concurrent Cleanup for Next Mark
[314.620s][info][gc,marking  ] GC(633) Concurrent Cleanup for Next Mark 0.753ms
[314.620s][info][gc          ] GC(633) Concurrent Mark Cycle 79.448ms
[315.214s][info][gc,start    ] GC(634) Pause Young (Prepare Mixed) (G1 Evacuation Pause)
[315.214s][info][gc,task     ] GC(634) Using 2 workers of 2 for evacuation
[315.230s][info][gc,phases   ] GC(634)   Pre Evacuate Collection Set: 0.19ms
[315.230s][info][gc,phases   ] GC(634)   Merge Heap Roots: 0.08ms
[315.230s][info][gc,phases   ] GC(634)   Evacuate Collection Set: 15.72ms
[315.230s][info][gc,phases   ] GC(634)   Post Evacuate Collection Set: 0.41ms
[315.230s][info][gc,phases   ] GC(634)   Other: 0.09ms
[315.230s][info][gc,heap     ] GC(634) Eden regions: 138->0(136)
[315.230s][info][gc,heap     ] GC(634) Survivor regions: 15->17(20)
[315.230s][info][gc,heap     ] GC(634) Old regions: 48->50
[315.231s][info][gc,heap     ] GC(634) Humongous regions: 5->3
[315.231s][info][gc,metaspace] GC(634) Metaspace: 42807K(43200K)->42807K(43200K) NonClass: 40000K(40256K)->40000K(40256K) Class: 2807K(2944K)->2807K(2944K)
[315.231s][info][gc          ] GC(634) Pause Young (Prepare Mixed) (G1 Evacuation Pause) 205M->69M(256M) 16.679ms
[315.231s][info][gc,cpu      ] GC(634) User=0.03s Sys=0.00s Real=0.02s
[315.826s][info][gc,start    ] GC(635) Pause Young (Mixed) (G1 Evacuation Pause)
[315.826s][info][gc,task     ] GC(635) Using 2 workers of 2 for evacuation
[315.840s][info][gc,phases   ] GC(635)   Pre Evacuate Collection Set: 0.17ms
[315.840s][info][gc,phases   ] GC(635)   Merge Heap Roots: 0.09ms
[315.840s][info][gc,phases   ] GC(635)   Evacuate Collection Set: 13.12ms
[315.840s][info][gc,phases   ] GC(635)   Post Evacuate Collection Set: 0.45ms
[315.840s][info][gc,phases   ] GC(635)   Other: 0.09ms
[315.840s][info][gc,heap     ] GC(635) Eden regions: 136->0(149)
[315.840s][info][gc,heap     ] GC(635) Survivor regions: 17->4(20)
[315.840s][info][gc,heap     ] GC(635) Old regions: 50->56
[315.840s][info][gc,heap     ] GC(635) Humongous regions: 13->3
[315.840s][info][gc,metaspace] GC(635) Metaspace: 42807K(43200K)->42807K(43200K) NonClass: 40000K(40256K)->40000K(40256K) Class: 2807K(2944K)->2807K(2944K)
[315.840s][info][gc          ] GC(635) Pause Young (Mixed) (G1 Evacuation Pause) 215M->62M(256M) 14.113ms
[315.840s][info][gc,cpu      ] GC(635) User=0.02s Sys=0.00s Real=0.02s
[315.852s][info][gc,start    ] GC(636) Pause Young (Concurrent Start) (G1 Humongous Allocation)
[315.852s][info][gc,task     ] GC(636) Using 2 workers of 2 for evacuation
[315.854s][info][gc,phases   ] GC(636)   Pre Evacuate Collection Set: 0.17ms
[315.854s][info][gc,phases   ] GC(636)   Merge Heap Roots: 0.04ms
[315.854s][info][gc,phases   ] GC(636)   Evacuate Collection Set: 1.16ms
[315.854s][info][gc,phases   ] GC(636)   Post Evacuate Collection Set: 0.27ms
[315.854s][info][gc,phases   ] GC(636)   Other: 0.08ms
[315.854s][info][gc,heap     ] GC(636) Eden regions: 4->0(151)
[315.854s][info][gc,heap     ] GC(636) Survivor regions: 4->2(20)
[315.854s][info][gc,heap     ] GC(636) Old regions: 56->56
[315.854s][info][gc,heap     ] GC(636) Humongous regions: 3->1
[315.854s][info][gc,metaspace] GC(636) Metaspace: 42807K(43200K)->42807K(43200K) NonClass: 40000K(40256K)->40000K(40256K) Class: 2807K(2944K)->2807K(2944K)
[315.854s][info][gc          ] GC(636) Pause Young (Concurrent Start) (G1 Humongous Allocation) 66M->58M(256M) 1.856ms
[315.854s][info][gc,cpu      ] GC(636) User=0.00s Sys=0.00s Real=0.00s
[315.854s][info][gc          ] GC(637) Concurrent Mark Cycle
[315.854s][info][gc,marking  ] GC(637) Concurrent Scan Root Regions
[315.859s][info][gc,marking  ] GC(637) Concurrent Scan Root Regions 4.851ms
[315.859s][info][gc,marking  ] GC(637) Concurrent Mark
[315.859s][info][gc,marking  ] GC(637) Concurrent Mark From Roots
[315.859s][info][gc,task     ] GC(637) Using 1 workers of 1 for marking
[315.903s][info][gc,marking  ] GC(637) Concurrent Mark From Roots 44.215ms
[315.903s][info][gc,marking  ] GC(637) Concurrent Preclean
[315.903s][info][gc,marking  ] GC(637) Concurrent Preclean 0.037ms
[315.903s][info][gc,start    ] GC(637) Pause Remark
[315.919s][info][gc          ] GC(637) Pause Remark 71M->66M(256M) 15.461ms
[315.919s][info][gc,cpu      ] GC(637) User=0.03s Sys=0.00s Real=0.02s
[315.919s][info][gc,marking  ] GC(637) Concurrent Mark 59.955ms
[315.919s][info][gc,marking  ] GC(637) Concurrent Rebuild Remembered Sets and Scrub Regions
[315.935s][info][gc,marking  ] GC(637) Concurrent Rebuild Remembered Sets and Scrub Regions 16.320ms
[315.935s][info][gc,start    ] GC(637) Pause Cleanup
[315.935s][info][gc          ] GC(637) Pause Cleanup 70M->70M(256M) 0.039ms
[315.935s][info][gc,cpu      ] GC(637) User=0.00s Sys=0.00s Real=0.00s
[315.935s][info][gc,marking  ] GC(637) Concurrent Clear Claimed Marks
[315.936s][info][gc,marking  ] GC(637) Concurrent Clear Claimed Marks 0.033ms
[315.936s][info][gc,marking  ] GC(637) Concurrent Cleanup for Next Mark
[315.936s][info][gc,marking  ] GC(637) Concurrent Cleanup for Next Mark 0.775ms
[315.936s][info][gc          ] GC(637) Concurrent Mark Cycle 82.256ms
[316.595s][info][gc,start    ] GC(638) Pause Young (Prepare Mixed) (G1 Evacuation Pause)
[316.595s][info][gc,task     ] GC(638) Using 2 workers of 2 for evacuation
[316.598s][info][gc,phases   ] GC(638)   Pre Evacuate Collection Set: 0.15ms
[316.598s][info][gc,phases   ] GC(638)   Merge Heap Roots: 0.06ms
[316.598s][info][gc,phases   ] GC(638)   Evacuate Collection Set: 1.94ms
[316.598s][info][gc,phases   ] GC(638)   Post Evacuate Collection Set: 0.41ms
[316.598s][info][gc,phases   ] GC(638)   Other: 0.07ms
[316.598s][info][gc,heap     ] GC(638) Eden regions: 151->0(151)
[316.598s][info][gc,heap     ] GC(638) Survivor regions: 2->2(20)
[316.598s][info][gc,heap     ] GC(638) Old regions: 51->51
[316.598s][info][gc,heap     ] GC(638) Humongous regions: 11->3
[316.598s][info][gc,metaspace] GC(638) Metaspace: 42807K(43200K)->42807K(43200K) NonClass: 40000K(40256K)->40000K(40256K) Class: 2807K(2944K)->2807K(2944K)
[316.598s][info][gc          ] GC(638) Pause Young (Prepare Mixed) (G1 Evacuation Pause) 214M->56M(256M) 2.772ms
[316.598s][info][gc,cpu      ] GC(638) User=0.00s Sys=0.00s Real=0.01s
[317.140s][info][gc,start    ] GC(639) Pause Young (Mixed) (G1 Evacuation Pause)
[317.140s][info][gc,task     ] GC(639) Using 2 workers of 2 for evacuation
[317.147s][info][gc,phases   ] GC(639)   Pre Evacuate Collection Set: 0.16ms
[317.147s][info][gc,phases   ] GC(639)   Merge Heap Roots: 0.14ms
[317.147s][info][gc,phases   ] GC(639)   Evacuate Collection Set: 6.23ms
[317.147s][info][gc,phases   ] GC(639)   Post Evacuate Collection Set: 0.47ms
[317.147s][info][gc,phases   ] GC(639)   Other: 0.09ms
[317.147s][info][gc,heap     ] GC(639) Eden regions: 151->0(148)
[317.147s][info][gc,heap     ] GC(639) Survivor regions: 2->5(20)
[317.147s][info][gc,heap     ] GC(639) Old regions: 51->42
[317.147s][info][gc,heap     ] GC(639) Humongous regions: 11->3
[317.147s][info][gc,metaspace] GC(639) Metaspace: 42807K(43200K)->42807K(43200K) NonClass: 40000K(40256K)->40000K(40256K) Class: 2807K(2944K)->2807K(2944K)
[317.147s][info][gc          ] GC(639) Pause Young (Mixed) (G1 Evacuation Pause) 215M->49M(256M) 7.268ms
[317.147s][info][gc,cpu      ] GC(639) User=0.02s Sys=0.00s Real=0.01s
[317.718s][info][gc,start    ] GC(640) Pause Young (Concurrent Start) (G1 Evacuation Pause)
[317.718s][info][gc,task     ] GC(640) Using 2 workers of 2 for evacuation
[317.742s][info][gc,phases   ] GC(640)   Pre Evacuate Collection Set: 0.20ms
[317.742s][info][gc,phases   ] GC(640)   Merge Heap Roots: 0.07ms
[317.742s][info][gc,phases   ] GC(640)   Evacuate Collection Set: 22.78ms
[317.742s][info][gc,phases   ] GC(640)   Post Evacuate Collection Set: 0.43ms
[317.742s][info][gc,phases   ] GC(640)   Other: 0.12ms
[317.742s][info][gc,heap     ] GC(640) Eden regions: 148->0(133)
[317.742s][info][gc,heap     ] GC(640) Survivor regions: 5->20(20)
[317.742s][info][gc,heap     ] GC(640) Old regions: 42->44
[317.742s][info][gc,heap     ] GC(640) Humongous regions: 3->3
[317.742s][info][gc,metaspace] GC(640) Metaspace: 42807K(43200K)->42807K(43200K) NonClass: 40000K(40256K)->40000K(40256K) Class: 2807K(2944K)->2807K(2944K)
[317.742s][info][gc          ] GC(640) Pause Young (Concurrent Start) (G1 Evacuation Pause) 197M->66M(256M) 23.774ms
[317.742s][info][gc,cpu      ] GC(640) User=0.05s Sys=0.01s Real=0.02s
[317.742s][info][gc          ] GC(641) Concurrent Mark Cycle
[317.742s][info][gc,marking  ] GC(641) Concurrent Scan Root Regions
[317.763s][info][gc,marking  ] GC(641) Concurrent Scan Root Regions 20.923ms
[317.763s][info][gc,marking  ] GC(641) Concurrent Mark
[317.763s][info][gc,marking  ] GC(641) Concurrent Mark From Roots
[317.763s][info][gc,task     ] GC(641) Using 1 workers of 1 for marking
[317.825s][info][gc,marking  ] GC(641) Concurrent Mark From Roots 62.530ms
[317.825s][info][gc,marking  ] GC(641) Concurrent Preclean
[317.825s][info][gc,marking  ] GC(641) Concurrent Preclean 0.039ms
[317.826s][info][gc,start    ] GC(641) Pause Remark
[317.841s][info][gc          ] GC(641) Pause Remark 83M->83M(256M) 15.832ms
[317.842s][info][gc,cpu      ] GC(641) User=0.03s Sys=0.00s Real=0.02s
[317.845s][info][gc,marking  ] GC(641) Concurrent Mark 81.811ms
[317.845s][info][gc,marking  ] GC(641) Concurrent Rebuild Remembered Sets and Scrub Regions
[317.926s][info][gc,marking  ] GC(641) Concurrent Rebuild Remembered Sets and Scrub Regions 81.323ms
[317.926s][info][gc,start    ] GC(641) Pause Cleanup
[317.926s][info][gc          ] GC(641) Pause Cleanup 99M->99M(256M) 0.059ms
[317.926s][info][gc,cpu      ] GC(641) User=0.00s Sys=0.00s Real=0.00s
[317.926s][info][gc,marking  ] GC(641) Concurrent Clear Claimed Marks
[317.926s][info][gc,marking  ] GC(641) Concurrent Clear Claimed Marks 0.043ms
[317.926s][info][gc,marking  ] GC(641) Concurrent Cleanup for Next Mark
[317.927s][info][gc,marking  ] GC(641) Concurrent Cleanup for Next Mark 1.112ms
[317.928s][info][gc          ] GC(641) Concurrent Mark Cycle 185.630ms
[318.248s][info][gc,start    ] GC(642) Pause Young (Prepare Mixed) (G1 Evacuation Pause)
[318.248s][info][gc,task     ] GC(642) Using 2 workers of 2 for evacuation
[318.267s][info][gc,phases   ] GC(642)   Pre Evacuate Collection Set: 0.17ms
[318.267s][info][gc,phases   ] GC(642)   Merge Heap Roots: 0.11ms
[318.267s][info][gc,phases   ] GC(642)   Evacuate Collection Set: 18.59ms
[318.267s][info][gc,phases   ] GC(642)   Post Evacuate Collection Set: 0.46ms
[318.267s][info][gc,phases   ] GC(642)   Other: 0.07ms
[318.267s][info][gc,heap     ] GC(642) Eden regions: 133->0(148)
[318.267s][info][gc,heap     ] GC(642) Survivor regions: 20->5(20)
[318.267s][info][gc,heap     ] GC(642) Old regions: 44->58
[318.267s][info][gc,heap     ] GC(642) Humongous regions: 15->3
[318.267s][info][gc,metaspace] GC(642) Metaspace: 42807K(43200K)->42807K(43200K) NonClass: 40000K(40256K)->40000K(40256K) Class: 2807K(2944K)->2807K(2944K)
[318.267s][info][gc          ] GC(642) Pause Young (Prepare Mixed) (G1 Evacuation Pause) 211M->65M(256M) 19.572ms
[318.267s][info][gc,cpu      ] GC(642) User=0.04s Sys=0.00s Real=0.02s
[318.743s][info][gc,start    ] GC(643) Pause Young (Mixed) (G1 Evacuation Pause)
[318.743s][info][gc,task     ] GC(643) Using 2 workers of 2 for evacuation
[318.777s][info][gc,phases   ] GC(643)   Pre Evacuate Collection Set: 0.20ms
[318.777s][info][gc,phases   ] GC(643)   Merge Heap Roots: 0.19ms
[318.777s][info][gc,phases   ] GC(643)   Evacuate Collection Set: 32.48ms
[318.777s][info][gc,phases   ] GC(643)   Post Evacuate Collection Set: 0.66ms
[318.777s][info][gc,phases   ] GC(643)   Other: 0.10ms
[318.777s][info][gc,heap     ] GC(643) Eden regions: 148->0(141)
[318.777s][info][gc,heap     ] GC(643) Survivor regions: 5->12(20)
[318.777s][info][gc,heap     ] GC(643) Old regions: 58->55
[318.777s][info][gc,heap     ] GC(643) Humongous regions: 15->3
[318.777s][info][gc,metaspace] GC(643) Metaspace: 42807K(43200K)->42807K(43200K) NonClass: 40000K(40256K)->40000K(40256K) Class: 2807K(2944K)->2807K(2944K)
[318.777s][info][gc          ] GC(643) Pause Young (Mixed) (G1 Evacuation Pause) 225M->69M(256M) 33.836ms
[318.777s][info][gc,cpu      ] GC(643) User=0.04s Sys=0.00s Real=0.04s
[318.961s][info][gc,start    ] GC(644) Pause Young (Concurrent Start) (G1 Humongous Allocation)
[318.961s][info][gc,task     ] GC(644) Using 2 workers of 2 for evacuation
[318.967s][info][gc,phases   ] GC(644)   Pre Evacuate Collection Set: 0.17ms
[318.967s][info][gc,phases   ] GC(644)   Merge Heap Roots: 0.06ms
[318.967s][info][gc,phases   ] GC(644)   Evacuate Collection Set: 5.99ms
[318.967s][info][gc,phases   ] GC(644)   Post Evacuate Collection Set: 0.31ms
[318.967s][info][gc,phases   ] GC(644)   Other: 0.13ms
[318.967s][info][gc,heap     ] GC(644) Eden regions: 46->0(151)
[318.967s][info][gc,heap     ] GC(644) Survivor regions: 12->2(20)
[318.967s][info][gc,heap     ] GC(644) Old regions: 55->60
[318.967s][info][gc,heap     ] GC(644) Humongous regions: 3->1
[318.967s][info][gc,metaspace] GC(644) Metaspace: 42808K(43200K)->42808K(43200K) NonClass: 40000K(40256K)->40000K(40256K) Class: 2807K(2944K)->2807K(2944K)
[318.967s][info][gc          ] GC(644) Pause Young (Concurrent Start) (G1 Humongous Allocation) 115M->62M(256M) 6.820ms
[318.967s][info][gc,cpu      ] GC(644) User=0.01s Sys=0.00s Real=0.01s
[318.967s][info][gc          ] GC(645) Concurrent Mark Cycle
[318.968s][info][gc,marking  ] GC(645) Concurrent Scan Root Regions
[318.976s][info][gc,marking  ] GC(645) Concurrent Scan Root Regions 7.868ms
[318.976s][info][gc,marking  ] GC(645) Concurrent Mark
[318.976s][info][gc,marking  ] GC(645) Concurrent Mark From Roots
[318.976s][info][gc,task     ] GC(645) Using 1 workers of 1 for marking
[319.040s][info][gc,marking  ] GC(645) Concurrent Mark From Roots 63.849ms
[319.040s][info][gc,marking  ] GC(645) Concurrent Preclean
[319.040s][info][gc,marking  ] GC(645) Concurrent Preclean 0.035ms
[319.040s][info][gc,start    ] GC(645) Pause Remark
[319.056s][info][gc          ] GC(645) Pause Remark 73M->73M(256M) 15.516ms
[319.056s][info][gc,cpu      ] GC(645) User=0.03s Sys=0.00s Real=0.01s
[319.056s][info][gc,marking  ] GC(645) Concurrent Mark 79.576ms
[319.056s][info][gc,marking  ] GC(645) Concurrent Rebuild Remembered Sets and Scrub Regions
[319.084s][info][gc,marking  ] GC(645) Concurrent Rebuild Remembered Sets and Scrub Regions 28.545ms
[319.084s][info][gc,start    ] GC(645) Pause Cleanup
[319.084s][info][gc          ] GC(645) Pause Cleanup 73M->73M(256M) 0.035ms
[319.084s][info][gc,cpu      ] GC(645) User=0.00s Sys=0.00s Real=0.00s
[319.084s][info][gc,marking  ] GC(645) Concurrent Clear Claimed Marks
[319.084s][info][gc,marking  ] GC(645) Concurrent Clear Claimed Marks 0.032ms
[319.084s][info][gc,marking  ] GC(645) Concurrent Cleanup for Next Mark
[319.085s][info][gc,marking  ] GC(645) Concurrent Cleanup for Next Mark 0.735ms
[319.085s][info][gc          ] GC(645) Concurrent Mark Cycle 117.643ms
[319.787s][info][gc,start    ] GC(646) Pause Young (Prepare Mixed) (G1 Evacuation Pause)
[319.787s][info][gc,task     ] GC(646) Using 2 workers of 2 for evacuation
[319.795s][info][gc,phases   ] GC(646)   Pre Evacuate Collection Set: 0.17ms
[319.795s][info][gc,phases   ] GC(646)   Merge Heap Roots: 0.06ms
[319.795s][info][gc,phases   ] GC(646)   Evacuate Collection Set: 6.56ms
[319.795s][info][gc,phases   ] GC(646)   Post Evacuate Collection Set: 0.41ms
[319.795s][info][gc,phases   ] GC(646)   Other: 0.09ms
[319.795s][info][gc,heap     ] GC(646) Eden regions: 151->0(144)
[319.795s][info][gc,heap     ] GC(646) Survivor regions: 2->9(20)
[319.795s][info][gc,heap     ] GC(646) Old regions: 60->60
[319.795s][info][gc,heap     ] GC(646) Humongous regions: 15->3
[319.795s][info][gc,metaspace] GC(646) Metaspace: 42808K(43200K)->42808K(43200K) NonClass: 40000K(40256K)->40000K(40256K) Class: 2807K(2944K)->2807K(2944K)
[319.795s][info][gc          ] GC(646) Pause Young (Prepare Mixed) (G1 Evacuation Pause) 227M->71M(256M) 7.480ms
[319.795s][info][gc,cpu      ] GC(646) User=0.01s Sys=0.01s Real=0.00s
[320.292s][info][gc,start    ] GC(647) Pause Young (Mixed) (G1 Evacuation Pause)
[320.292s][info][gc,task     ] GC(647) Using 2 workers of 2 for evacuation
[320.315s][info][gc,phases   ] GC(647)   Pre Evacuate Collection Set: 0.16ms
[320.315s][info][gc,phases   ] GC(647)   Merge Heap Roots: 0.08ms
[320.315s][info][gc,phases   ] GC(647)   Evacuate Collection Set: 22.45ms
[320.315s][info][gc,phases   ] GC(647)   Post Evacuate Collection Set: 0.56ms
[320.315s][info][gc,phases   ] GC(647)   Other: 0.08ms
[320.315s][info][gc,heap     ] GC(647) Eden regions: 144->0(133)
[320.315s][info][gc,heap     ] GC(647) Survivor regions: 9->20(20)
[320.315s][info][gc,heap     ] GC(647) Old regions: 60->62
[320.315s][info][gc,heap     ] GC(647) Humongous regions: 3->3
[320.315s][info][gc,metaspace] GC(647) Metaspace: 42808K(43200K)->42808K(43200K) NonClass: 40000K(40256K)->40000K(40256K) Class: 2807K(2944K)->2807K(2944K)
[320.315s][info][gc          ] GC(647) Pause Young (Mixed) (G1 Evacuation Pause) 215M->84M(256M) 23.530ms
[320.315s][info][gc,cpu      ] GC(647) User=0.05s Sys=0.00s Real=0.02s
[320.857s][info][gc,start    ] GC(648) Pause Young (Concurrent Start) (G1 Evacuation Pause)
[320.857s][info][gc,task     ] GC(648) Using 2 workers of 2 for evacuation
[320.904s][info][gc,phases   ] GC(648)   Pre Evacuate Collection Set: 0.18ms
[320.904s][info][gc,phases   ] GC(648)   Merge Heap Roots: 0.14ms
[320.904s][info][gc,phases   ] GC(648)   Evacuate Collection Set: 46.90ms
[320.904s][info][gc,phases   ] GC(648)   Post Evacuate Collection Set: 0.44ms
[320.904s][info][gc,phases   ] GC(648)   Other: 0.11ms
[320.904s][info][gc,heap     ] GC(648) Eden regions: 133->0(125)
[320.904s][info][gc,heap     ] GC(648) Survivor regions: 20->18(20)
[320.904s][info][gc,heap     ] GC(648) Old regions: 62->73
[320.904s][info][gc,heap     ] GC(648) Humongous regions: 3->3
[320.904s][info][gc,metaspace] GC(648) Metaspace: 42808K(43200K)->42808K(43200K) NonClass: 40000K(40256K)->40000K(40256K) Class: 2807K(2944K)->2807K(2944K)
[320.904s][info][gc          ] GC(648) Pause Young (Concurrent Start) (G1 Evacuation Pause) 217M->93M(256M) 47.950ms
[320.904s][info][gc,cpu      ] GC(648) User=0.06s Sys=0.00s Real=0.05s
[320.905s][info][gc          ] GC(649) Concurrent Mark Cycle
[320.905s][info][gc,marking  ] GC(649) Concurrent Scan Root Regions
[320.935s][info][gc,marking  ] GC(649) Concurrent Scan Root Regions 30.020ms
[320.935s][info][gc,marking  ] GC(649) Concurrent Mark
[320.935s][info][gc,marking  ] GC(649) Concurrent Mark From Roots
[320.935s][info][gc,task     ] GC(649) Using 1 workers of 1 for marking
[320.996s][info][gc,marking  ] GC(649) Concurrent Mark From Roots 61.683ms
[320.996s][info][gc,marking  ] GC(649) Concurrent Preclean
[320.996s][info][gc,marking  ] GC(649) Concurrent Preclean 0.038ms
[320.997s][info][gc,start    ] GC(649) Pause Remark
[321.012s][info][gc          ] GC(649) Pause Remark 114M->113M(256M) 15.260ms
[321.012s][info][gc,cpu      ] GC(649) User=0.03s Sys=0.00s Real=0.02s
[321.012s][info][gc,marking  ] GC(649) Concurrent Mark 77.244ms
[321.012s][info][gc,marking  ] GC(649) Concurrent Rebuild Remembered Sets and Scrub Regions
[321.041s][info][gc,marking  ] GC(649) Concurrent Rebuild Remembered Sets and Scrub Regions 29.321ms
[321.041s][info][gc,start    ] GC(649) Pause Cleanup
[321.041s][info][gc          ] GC(649) Pause Cleanup 119M->119M(256M) 0.041ms
[321.041s][info][gc,cpu      ] GC(649) User=0.00s Sys=0.00s Real=0.00s
[321.041s][info][gc,marking  ] GC(649) Concurrent Clear Claimed Marks
[321.041s][info][gc,marking  ] GC(649) Concurrent Clear Claimed Marks 0.036ms
[321.041s][info][gc,marking  ] GC(649) Concurrent Cleanup for Next Mark
[321.042s][info][gc,marking  ] GC(649) Concurrent Cleanup for Next Mark 0.756ms
[321.042s][info][gc          ] GC(649) Concurrent Mark Cycle 137.680ms
[321.355s][info][gc,start    ] GC(650) Pause Young (Prepare Mixed) (G1 Evacuation Pause)
[321.355s][info][gc,task     ] GC(650) Using 2 workers of 2 for evacuation
[321.390s][info][gc,phases   ] GC(650)   Pre Evacuate Collection Set: 0.19ms
[321.390s][info][gc,phases   ] GC(650)   Merge Heap Roots: 0.36ms
[321.390s][info][gc,phases   ] GC(650)   Evacuate Collection Set: 34.07ms
[321.390s][info][gc,phases   ] GC(650)   Post Evacuate Collection Set: 0.43ms
[321.390s][info][gc,phases   ] GC(650)   Other: 0.07ms
[321.390s][info][gc,heap     ] GC(650) Eden regions: 125->0(114)
[321.390s][info][gc,heap     ] GC(650) Survivor regions: 18->15(18)
[321.390s][info][gc,heap     ] GC(650) Old regions: 72->90
[321.390s][info][gc,heap     ] GC(650) Humongous regions: 7->3
[321.390s][info][gc,metaspace] GC(650) Metaspace: 42808K(43200K)->42808K(43200K) NonClass: 40000K(40256K)->40000K(40256K) Class: 2807K(2944K)->2807K(2944K)
[321.390s][info][gc          ] GC(650) Pause Young (Prepare Mixed) (G1 Evacuation Pause) 221M->107M(256M) 35.313ms
[321.390s][info][gc,cpu      ] GC(650) User=0.06s Sys=0.00s Real=0.04s
[321.766s][info][gc,start    ] GC(651) Pause Young (Mixed) (G1 Evacuation Pause)
[321.766s][info][gc,task     ] GC(651) Using 2 workers of 2 for evacuation
[321.776s][info][gc,phases   ] GC(651)   Pre Evacuate Collection Set: 0.19ms
[321.776s][info][gc,phases   ] GC(651)   Merge Heap Roots: 0.12ms
[321.776s][info][gc,phases   ] GC(651)   Evacuate Collection Set: 8.70ms
[321.776s][info][gc,phases   ] GC(651)   Post Evacuate Collection Set: 0.72ms
[321.776s][info][gc,phases   ] GC(651)   Other: 0.07ms
[321.776s][info][gc,heap     ] GC(651) Eden regions: 114->0(166)
[321.776s][info][gc,heap     ] GC(651) Survivor regions: 15->4(17)
[321.776s][info][gc,heap     ] GC(651) Old regions: 90->82
[321.776s][info][gc,heap     ] GC(651) Humongous regions: 11->3
[321.776s][info][gc,metaspace] GC(651) Metaspace: 42808K(43200K)->42808K(43200K) NonClass: 40000K(40256K)->40000K(40256K) Class: 2807K(2944K)->2807K(2944K)
[321.776s][info][gc          ] GC(651) Pause Young (Mixed) (G1 Evacuation Pause) 229M->88M(307M) 9.978ms
[321.776s][info][gc,cpu      ] GC(651) User=0.02s Sys=0.00s Real=0.01s
[321.963s][info][gc,start    ] GC(652) Pause Young (Concurrent Start) (G1 Humongous Allocation)
[321.963s][info][gc,task     ] GC(652) Using 2 workers of 2 for evacuation
[321.966s][info][gc,phases   ] GC(652)   Pre Evacuate Collection Set: 0.20ms
[321.966s][info][gc,phases   ] GC(652)   Merge Heap Roots: 0.07ms
[321.966s][info][gc,phases   ] GC(652)   Evacuate Collection Set: 1.83ms
[321.966s][info][gc,phases   ] GC(652)   Post Evacuate Collection Set: 0.31ms
[321.966s][info][gc,phases   ] GC(652)   Other: 0.07ms
[321.966s][info][gc,heap     ] GC(652) Eden regions: 44->0(178)
[321.966s][info][gc,heap     ] GC(652) Survivor regions: 4->2(22)
[321.966s][info][gc,heap     ] GC(652) Old regions: 82->82
[321.966s][info][gc,heap     ] GC(652) Humongous regions: 3->1
[321.966s][info][gc,metaspace] GC(652) Metaspace: 42808K(43200K)->42808K(43200K) NonClass: 40000K(40256K)->40000K(40256K) Class: 2807K(2944K)->2807K(2944K)
[321.966s][info][gc          ] GC(652) Pause Young (Concurrent Start) (G1 Humongous Allocation) 132M->84M(307M) 2.629ms
[321.966s][info][gc,cpu      ] GC(652) User=0.00s Sys=0.00s Real=0.00s
[321.966s][info][gc          ] GC(653) Concurrent Mark Cycle
[321.966s][info][gc,marking  ] GC(653) Concurrent Scan Root Regions
[321.968s][info][gc,marking  ] GC(653) Concurrent Scan Root Regions 1.497ms
[321.968s][info][gc,marking  ] GC(653) Concurrent Mark
[321.968s][info][gc,marking  ] GC(653) Concurrent Mark From Roots
[321.968s][info][gc,task     ] GC(653) Using 1 workers of 1 for marking
[322.021s][info][gc,marking  ] GC(653) Concurrent Mark From Roots 52.920ms
[322.021s][info][gc,marking  ] GC(653) Concurrent Preclean
[322.021s][info][gc,marking  ] GC(653) Concurrent Preclean 0.038ms
[322.021s][info][gc,start    ] GC(653) Pause Remark
[322.037s][info][gc          ] GC(653) Pause Remark 104M->96M(264M) 15.833ms
[322.037s][info][gc,cpu      ] GC(653) User=0.03s Sys=0.00s Real=0.01s
[322.037s][info][gc,marking  ] GC(653) Concurrent Mark 69.077ms
[322.037s][info][gc,marking  ] GC(653) Concurrent Rebuild Remembered Sets and Scrub Regions
[322.057s][info][gc,marking  ] GC(653) Concurrent Rebuild Remembered Sets and Scrub Regions 20.240ms
[322.057s][info][gc,start    ] GC(653) Pause Cleanup
[322.057s][info][gc          ] GC(653) Pause Cleanup 100M->100M(264M) 0.051ms
[322.057s][info][gc,cpu      ] GC(653) User=0.00s Sys=0.00s Real=0.00s
[322.057s][info][gc,marking  ] GC(653) Concurrent Clear Claimed Marks
[322.057s][info][gc,marking  ] GC(653) Concurrent Clear Claimed Marks 0.035ms
[322.057s][info][gc,marking  ] GC(653) Concurrent Cleanup for Next Mark
[322.058s][info][gc,marking  ] GC(653) Concurrent Cleanup for Next Mark 0.909ms
[322.058s][info][gc          ] GC(653) Concurrent Mark Cycle 92.096ms
[322.558s][info][gc,start    ] GC(654) Pause Young (Prepare Mixed) (G1 Evacuation Pause)
[322.558s][info][gc,task     ] GC(654) Using 2 workers of 2 for evacuation
[322.572s][info][gc,phases   ] GC(654)   Pre Evacuate Collection Set: 0.15ms
[322.572s][info][gc,phases   ] GC(654)   Merge Heap Roots: 0.07ms
[322.573s][info][gc,phases   ] GC(654)   Evacuate Collection Set: 13.98ms
[322.573s][info][gc,phases   ] GC(654)   Post Evacuate Collection Set: 0.40ms
[322.573s][info][gc,phases   ] GC(654)   Other: 0.07ms
[322.573s][info][gc,heap     ] GC(654) Eden regions: 156->0(136)
[322.573s][info][gc,heap     ] GC(654) Survivor regions: 2->14(20)
[322.573s][info][gc,heap     ] GC(654) Old regions: 74->74
[322.573s][info][gc,heap     ] GC(654) Humongous regions: 5->3
[322.573s][info][gc,metaspace] GC(654) Metaspace: 42808K(43200K)->42808K(43200K) NonClass: 40000K(40256K)->40000K(40256K) Class: 2807K(2944K)->2807K(2944K)
[322.573s][info][gc          ] GC(654) Pause Young (Prepare Mixed) (G1 Evacuation Pause) 236M->91M(264M) 14.829ms
[322.573s][info][gc,cpu      ] GC(654) User=0.03s Sys=0.00s Real=0.01s
[323.036s][info][gc,start    ] GC(655) Pause Young (Mixed) (G1 Evacuation Pause)
[323.036s][info][gc,task     ] GC(655) Using 2 workers of 2 for evacuation
[323.041s][info][gc,phases   ] GC(655)   Pre Evacuate Collection Set: 0.16ms
[323.041s][info][gc,phases   ] GC(655)   Merge Heap Roots: 0.08ms
[323.041s][info][gc,phases   ] GC(655)   Evacuate Collection Set: 3.96ms
[323.041s][info][gc,phases   ] GC(655)   Post Evacuate Collection Set: 0.41ms
[323.041s][info][gc,phases   ] GC(655)   Other: 0.10ms
[323.041s][info][gc,heap     ] GC(655) Eden regions: 136->0(155)
[323.041s][info][gc,heap     ] GC(655) Survivor regions: 14->3(19)
[323.041s][info][gc,heap     ] GC(655) Old regions: 74->52
[323.041s][info][gc,heap     ] GC(655) Humongous regions: 11->3
[323.041s][info][gc,metaspace] GC(655) Metaspace: 42809K(43200K)->42809K(43200K) NonClass: 40001K(40256K)->40001K(40256K) Class: 2807K(2944K)->2807K(2944K)
[323.041s][info][gc          ] GC(655) Pause Young (Mixed) (G1 Evacuation Pause) 235M->57M(264M) 4.858ms
[323.041s][info][gc,cpu      ] GC(655) User=0.01s Sys=0.00s Real=0.01s
[323.217s][info][gc,start    ] GC(656) Pause Young (Concurrent Start) (G1 Humongous Allocation)
[323.217s][info][gc,task     ] GC(656) Using 2 workers of 2 for evacuation
[323.219s][info][gc,phases   ] GC(656)   Pre Evacuate Collection Set: 0.18ms
[323.219s][info][gc,phases   ] GC(656)   Merge Heap Roots: 0.05ms
[323.219s][info][gc,phases   ] GC(656)   Evacuate Collection Set: 1.68ms
[323.219s][info][gc,phases   ] GC(656)   Post Evacuate Collection Set: 0.30ms
[323.219s][info][gc,phases   ] GC(656)   Other: 0.09ms
[323.219s][info][gc,heap     ] GC(656) Eden regions: 58->0(156)
[323.219s][info][gc,heap     ] GC(656) Survivor regions: 3->2(20)
[323.219s][info][gc,heap     ] GC(656) Old regions: 52->52
[323.219s][info][gc,heap     ] GC(656) Humongous regions: 3->1
[323.219s][info][gc,metaspace] GC(656) Metaspace: 42809K(43200K)->42809K(43200K) NonClass: 40001K(40256K)->40001K(40256K) Class: 2807K(2944K)->2807K(2944K)
[323.219s][info][gc          ] GC(656) Pause Young (Concurrent Start) (G1 Humongous Allocation) 115M->54M(264M) 2.448ms
[323.219s][info][gc,cpu      ] GC(656) User=0.01s Sys=0.00s Real=0.00s
[323.219s][info][gc          ] GC(657) Concurrent Mark Cycle
[323.219s][info][gc,marking  ] GC(657) Concurrent Scan Root Regions
[323.222s][info][gc,marking  ] GC(657) Concurrent Scan Root Regions 2.560ms
[323.222s][info][gc,marking  ] GC(657) Concurrent Mark
[323.222s][info][gc,marking  ] GC(657) Concurrent Mark From Roots
[323.222s][info][gc,task     ] GC(657) Using 1 workers of 1 for marking
[323.282s][info][gc,marking  ] GC(657) Concurrent Mark From Roots 60.137ms
[323.282s][info][gc,marking  ] GC(657) Concurrent Preclean
[323.282s][info][gc,marking  ] GC(657) Concurrent Preclean 0.038ms
[323.282s][info][gc,start    ] GC(657) Pause Remark
[323.298s][info][gc          ] GC(657) Pause Remark 76M->76M(256M) 15.683ms
[323.298s][info][gc,cpu      ] GC(657) User=0.03s Sys=0.00s Real=0.02s
[323.298s][info][gc,marking  ] GC(657) Concurrent Mark 76.097ms
[323.298s][info][gc,marking  ] GC(657) Concurrent Rebuild Remembered Sets and Scrub Regions
[323.320s][info][gc,marking  ] GC(657) Concurrent Rebuild Remembered Sets and Scrub Regions 22.080ms
[323.320s][info][gc,start    ] GC(657) Pause Cleanup
[323.320s][info][gc          ] GC(657) Pause Cleanup 83M->83M(256M) 0.041ms
[323.320s][info][gc,cpu      ] GC(657) User=0.00s Sys=0.00s Real=0.00s
[323.320s][info][gc,marking  ] GC(657) Concurrent Clear Claimed Marks
[323.321s][info][gc,marking  ] GC(657) Concurrent Clear Claimed Marks 0.035ms
[323.321s][info][gc,marking  ] GC(657) Concurrent Cleanup for Next Mark
[323.321s][info][gc,marking  ] GC(657) Concurrent Cleanup for Next Mark 0.763ms
[323.321s][info][gc          ] GC(657) Concurrent Mark Cycle 101.856ms
[323.765s][info][gc,start    ] GC(658) Pause Young (Prepare Mixed) (G1 Evacuation Pause)
[323.765s][info][gc,task     ] GC(658) Using 2 workers of 2 for evacuation
[323.775s][info][gc,phases   ] GC(658)   Pre Evacuate Collection Set: 0.15ms
[323.775s][info][gc,phases   ] GC(658)   Merge Heap Roots: 0.07ms
[323.775s][info][gc,phases   ] GC(658)   Evacuate Collection Set: 9.06ms
[323.775s][info][gc,phases   ] GC(658)   Post Evacuate Collection Set: 0.43ms
[323.775s][info][gc,phases   ] GC(658)   Other: 0.10ms
[323.775s][info][gc,heap     ] GC(658) Eden regions: 151->0(142)
[323.775s][info][gc,heap     ] GC(658) Survivor regions: 2->11(20)
[323.775s][info][gc,heap     ] GC(658) Old regions: 52->52
[323.775s][info][gc,heap     ] GC(658) Humongous regions: 5->3
[323.775s][info][gc,metaspace] GC(658) Metaspace: 42809K(43200K)->42809K(43200K) NonClass: 40001K(40256K)->40001K(40256K) Class: 2807K(2944K)->2807K(2944K)
[323.775s][info][gc          ] GC(658) Pause Young (Prepare Mixed) (G1 Evacuation Pause) 209M->65M(256M) 9.973ms
[323.775s][info][gc,cpu      ] GC(658) User=0.02s Sys=0.00s Real=0.01s
[324.309s][info][gc,start    ] GC(659) Pause Young (Mixed) (G1 Evacuation Pause)
[324.310s][info][gc,task     ] GC(659) Using 2 workers of 2 for evacuation
[324.321s][info][gc,phases   ] GC(659)   Pre Evacuate Collection Set: 0.18ms
[324.321s][info][gc,phases   ] GC(659)   Merge Heap Roots: 0.08ms
[324.321s][info][gc,phases   ] GC(659)   Evacuate Collection Set: 10.96ms
[324.321s][info][gc,phases   ] GC(659)   Post Evacuate Collection Set: 0.42ms
[324.321s][info][gc,phases   ] GC(659)   Other: 0.10ms
[324.321s][info][gc,heap     ] GC(659) Eden regions: 142->0(140)
[324.321s][info][gc,heap     ] GC(659) Survivor regions: 11->13(20)
[324.321s][info][gc,heap     ] GC(659) Old regions: 52->50
[324.321s][info][gc,heap     ] GC(659) Humongous regions: 9->3
[324.321s][info][gc,metaspace] GC(659) Metaspace: 42809K(43200K)->42809K(43200K) NonClass: 40002K(40256K)->40002K(40256K) Class: 2807K(2944K)->2807K(2944K)
[324.321s][info][gc          ] GC(659) Pause Young (Mixed) (G1 Evacuation Pause) 213M->65M(256M) 11.905ms
[324.321s][info][gc,cpu      ] GC(659) User=0.02s Sys=0.00s Real=0.01s
[324.684s][info][gc,start    ] GC(660) Pause Young (Concurrent Start) (G1 Evacuation Pause)
[324.684s][info][gc,task     ] GC(660) Using 2 workers of 2 for evacuation
[324.727s][info][gc,phases   ] GC(660)   Pre Evacuate Collection Set: 0.19ms
[324.727s][info][gc,phases   ] GC(660)   Merge Heap Roots: 0.05ms
[324.727s][info][gc,phases   ] GC(660)   Evacuate Collection Set: 41.68ms
[324.727s][info][gc,phases   ] GC(660)   Post Evacuate Collection Set: 0.50ms
[324.727s][info][gc,phases   ] GC(660)   Other: 0.15ms
[324.727s][info][gc,heap     ] GC(660) Eden regions: 140->0(119)
[324.727s][info][gc,heap     ] GC(660) Survivor regions: 13->20(20)
[324.727s][info][gc,heap     ] GC(660) Old regions: 50->70
[324.727s][info][gc,heap     ] GC(660) Humongous regions: 3->3
[324.727s][info][gc,metaspace] GC(660) Metaspace: 42809K(43200K)->42809K(43200K) NonClass: 40002K(40256K)->40002K(40256K) Class: 2807K(2944K)->2807K(2944K)
[324.727s][info][gc          ] GC(660) Pause Young (Concurrent Start) (G1 Evacuation Pause) 205M->92M(256M) 42.777ms
[324.727s][info][gc,cpu      ] GC(660) User=0.08s Sys=0.00s Real=0.05s
[324.727s][info][gc          ] GC(661) Concurrent Mark Cycle
[324.727s][info][gc,marking  ] GC(661) Concurrent Scan Root Regions
[324.756s][info][gc,marking  ] GC(661) Concurrent Scan Root Regions 28.604ms
[324.756s][info][gc,marking  ] GC(661) Concurrent Mark
[324.756s][info][gc,marking  ] GC(661) Concurrent Mark From Roots
[324.756s][info][gc,task     ] GC(661) Using 1 workers of 1 for marking
[324.812s][info][gc,marking  ] GC(661) Concurrent Mark From Roots 56.537ms
[324.812s][info][gc,marking  ] GC(661) Concurrent Preclean
[324.812s][info][gc,marking  ] GC(661) Concurrent Preclean 0.039ms
[324.812s][info][gc,start    ] GC(661) Pause Remark
[324.828s][info][gc          ] GC(661) Pause Remark 104M->104M(256M) 15.635ms
[324.828s][info][gc,cpu      ] GC(661) User=0.03s Sys=0.00s Real=0.02s
[324.828s][info][gc,marking  ] GC(661) Concurrent Mark 72.466ms
[324.828s][info][gc,marking  ] GC(661) Concurrent Rebuild Remembered Sets and Scrub Regions
[324.868s][info][gc,marking  ] GC(661) Concurrent Rebuild Remembered Sets and Scrub Regions 39.808ms
[324.868s][info][gc,start    ] GC(661) Pause Cleanup
[324.868s][info][gc          ] GC(661) Pause Cleanup 111M->111M(256M) 0.042ms
[324.868s][info][gc,cpu      ] GC(661) User=0.00s Sys=0.00s Real=0.00s
[324.868s][info][gc,marking  ] GC(661) Concurrent Clear Claimed Marks
[324.868s][info][gc,marking  ] GC(661) Concurrent Clear Claimed Marks 0.036ms
[324.868s][info][gc,marking  ] GC(661) Concurrent Cleanup for Next Mark
[324.869s][info][gc,marking  ] GC(661) Concurrent Cleanup for Next Mark 0.758ms
[324.869s][info][gc          ] GC(661) Concurrent Mark Cycle 142.014ms
[325.311s][info][gc,start    ] GC(662) Pause Young (Prepare Mixed) (G1 Evacuation Pause)
[325.311s][info][gc,task     ] GC(662) Using 2 workers of 2 for evacuation
[325.371s][info][gc,phases   ] GC(662)   Pre Evacuate Collection Set: 0.88ms
[325.371s][info][gc,phases   ] GC(662)   Merge Heap Roots: 0.27ms
[325.371s][info][gc,phases   ] GC(662)   Evacuate Collection Set: 58.95ms
[325.371s][info][gc,phases   ] GC(662)   Post Evacuate Collection Set: 0.45ms
[325.371s][info][gc,phases   ] GC(662)   Other: 0.08ms
[325.371s][info][gc,heap     ] GC(662) Eden regions: 119->0(92)
[325.371s][info][gc,heap     ] GC(662) Survivor regions: 20->18(18)
[325.371s][info][gc,heap     ] GC(662) Old regions: 70->104
[325.371s][info][gc,heap     ] GC(662) Humongous regions: 3->3
[325.371s][info][gc,metaspace] GC(662) Metaspace: 42809K(43200K)->42809K(43200K) NonClass: 40002K(40256K)->40002K(40256K) Class: 2807K(2944K)->2807K(2944K)
[325.371s][info][gc          ] GC(662) Pause Young (Prepare Mixed) (G1 Evacuation Pause) 211M->124M(264M) 60.802ms
[325.371s][info][gc,cpu      ] GC(662) User=0.12s Sys=0.01s Real=0.06s
[325.779s][info][gc,start    ] GC(663) Pause Young (Mixed) (G1 Evacuation Pause)
[325.779s][info][gc,task     ] GC(663) Using 2 workers of 2 for evacuation
[325.835s][info][gc,phases   ] GC(663)   Pre Evacuate Collection Set: 0.16ms
[325.835s][info][gc,phases   ] GC(663)   Merge Heap Roots: 0.32ms
[325.835s][info][gc,phases   ] GC(663)   Evacuate Collection Set: 55.05ms
[325.835s][info][gc,phases   ] GC(663)   Post Evacuate Collection Set: 0.47ms
[325.835s][info][gc,phases   ] GC(663)   Other: 0.07ms
[325.835s][info][gc,heap     ] GC(663) Eden regions: 92->0(70)
[325.835s][info][gc,heap     ] GC(663) Survivor regions: 18->14(14)
[325.835s][info][gc,heap     ] GC(663) Old regions: 104->132
[325.835s][info][gc,heap     ] GC(663) Humongous regions: 3->3
[325.835s][info][gc,metaspace] GC(663) Metaspace: 42809K(43200K)->42809K(43200K) NonClass: 40002K(40256K)->40002K(40256K) Class: 2807K(2944K)->2807K(2944K)
[325.835s][info][gc          ] GC(663) Pause Young (Mixed) (G1 Evacuation Pause) 216M->148M(264M) 56.232ms
[325.835s][info][gc,cpu      ] GC(663) User=0.11s Sys=0.00s Real=0.05s
[326.147s][info][gc,start    ] GC(664) Pause Young (Concurrent Start) (G1 Evacuation Pause)
[326.147s][info][gc,task     ] GC(664) Using 2 workers of 2 for evacuation
[326.185s][info][gc,phases   ] GC(664)   Pre Evacuate Collection Set: 0.17ms
[326.185s][info][gc,phases   ] GC(664)   Merge Heap Roots: 0.21ms
[326.185s][info][gc,phases   ] GC(664)   Evacuate Collection Set: 36.97ms
[326.185s][info][gc,phases   ] GC(664)   Post Evacuate Collection Set: 0.35ms
[326.185s][info][gc,phases   ] GC(664)   Other: 0.10ms
[326.185s][info][gc,heap     ] GC(664) Eden regions: 70->0(56)
[326.185s][info][gc,heap     ] GC(664) Survivor regions: 14->11(11)
[326.185s][info][gc,heap     ] GC(664) Old regions: 132->154
[326.185s][info][gc,heap     ] GC(664) Humongous regions: 3->3
[326.185s][info][gc,metaspace] GC(664) Metaspace: 42809K(43200K)->42809K(43200K) NonClass: 40002K(40256K)->40002K(40256K) Class: 2807K(2944K)->2807K(2944K)
[326.185s][info][gc          ] GC(664) Pause Young (Concurrent Start) (G1 Evacuation Pause) 218M->167M(264M) 37.969ms
[326.185s][info][gc,cpu      ] GC(664) User=0.08s Sys=0.00s Real=0.03s
[326.185s][info][gc          ] GC(665) Concurrent Mark Cycle
[326.185s][info][gc,marking  ] GC(665) Concurrent Scan Root Regions
[326.234s][info][gc,marking  ] GC(665) Concurrent Scan Root Regions 48.780ms
[326.234s][info][gc,marking  ] GC(665) Concurrent Mark
[326.234s][info][gc,marking  ] GC(665) Concurrent Mark From Roots
[326.234s][info][gc,task     ] GC(665) Using 1 workers of 1 for marking
[326.403s][info][gc,marking  ] GC(665) Concurrent Mark From Roots 168.950ms
[326.403s][info][gc,marking  ] GC(665) Concurrent Preclean
[326.403s][info][gc,marking  ] GC(665) Concurrent Preclean 0.054ms
[326.403s][info][gc,start    ] GC(665) Pause Remark
[326.419s][info][gc          ] GC(665) Pause Remark 209M->209M(284M) 15.711ms
[326.419s][info][gc,cpu      ] GC(665) User=0.03s Sys=0.00s Real=0.02s
[326.420s][info][gc,marking  ] GC(665) Concurrent Mark 185.472ms
[326.420s][info][gc,marking  ] GC(665) Concurrent Rebuild Remembered Sets and Scrub Regions
[326.468s][info][gc,start    ] GC(666) Pause Young (Normal) (G1 Evacuation Pause)
[326.468s][info][gc,task     ] GC(666) Using 2 workers of 2 for evacuation
[326.496s][info][gc,phases   ] GC(666)   Pre Evacuate Collection Set: 0.15ms
[326.496s][info][gc,phases   ] GC(666)   Merge Heap Roots: 0.19ms
[326.496s][info][gc,phases   ] GC(666)   Evacuate Collection Set: 26.99ms
[326.496s][info][gc,phases   ] GC(666)   Post Evacuate Collection Set: 0.35ms
[326.496s][info][gc,phases   ] GC(666)   Other: 0.06ms
[326.496s][info][gc,heap     ] GC(666) Eden regions: 56->0(61)
[326.496s][info][gc,heap     ] GC(666) Survivor regions: 11->9(9)
[326.496s][info][gc,heap     ] GC(666) Old regions: 154->170
[326.496s][info][gc,heap     ] GC(666) Humongous regions: 5->3
[326.496s][info][gc,metaspace] GC(666) Metaspace: 42809K(43200K)->42809K(43200K) NonClass: 40002K(40256K)->40002K(40256K) Class: 2807K(2944K)->2807K(2944K)
[326.496s][info][gc          ] GC(666) Pause Young (Normal) (G1 Evacuation Pause) 225M->181M(284M) 27.907ms
[326.496s][info][gc,cpu      ] GC(666) User=0.05s Sys=0.01s Real=0.02s
[326.529s][info][gc,marking  ] GC(665) Concurrent Rebuild Remembered Sets and Scrub Regions 109.649ms
[326.530s][info][gc,start    ] GC(665) Pause Cleanup
[326.530s][info][gc          ] GC(665) Pause Cleanup 191M->191M(284M) 0.083ms
[326.530s][info][gc,cpu      ] GC(665) User=0.00s Sys=0.00s Real=0.00s
[326.530s][info][gc,marking  ] GC(665) Concurrent Clear Claimed Marks
[326.530s][info][gc,marking  ] GC(665) Concurrent Clear Claimed Marks 0.053ms
[326.530s][info][gc,marking  ] GC(665) Concurrent Cleanup for Next Mark
[326.531s][info][gc,marking  ] GC(665) Concurrent Cleanup for Next Mark 1.077ms
[326.531s][info][gc          ] GC(665) Concurrent Mark Cycle 345.751ms
[326.739s][info][gc,start    ] GC(667) Pause Young (Prepare Mixed) (G1 Evacuation Pause)
[326.739s][info][gc,task     ] GC(667) Using 2 workers of 2 for evacuation
[326.759s][info][gc,phases   ] GC(667)   Pre Evacuate Collection Set: 0.22ms
[326.759s][info][gc,phases   ] GC(667)   Merge Heap Roots: 0.16ms
[326.759s][info][gc,phases   ] GC(667)   Evacuate Collection Set: 19.16ms
[326.759s][info][gc,phases   ] GC(667)   Post Evacuate Collection Set: 0.36ms
[326.759s][info][gc,phases   ] GC(667)   Other: 0.08ms
[326.759s][info][gc,heap     ] GC(667) Eden regions: 61->0(59)
[326.759s][info][gc,heap     ] GC(667) Survivor regions: 9->9(9)
[326.759s][info][gc,heap     ] GC(667) Old regions: 170->177
[326.759s][info][gc,heap     ] GC(667) Humongous regions: 3->3
[326.759s][info][gc,metaspace] GC(667) Metaspace: 42809K(43200K)->42809K(43200K) NonClass: 40002K(40256K)->40002K(40256K) Class: 2807K(2944K)->2807K(2944K)
[326.759s][info][gc          ] GC(667) Pause Young (Prepare Mixed) (G1 Evacuation Pause) 242M->188M(284M) 20.160ms
[326.759s][info][gc,cpu      ] GC(667) User=0.04s Sys=0.00s Real=0.02s
[326.956s][info][gc,start    ] GC(668) Pause Young (Mixed) (G1 Evacuation Pause)
[326.956s][info][gc,task     ] GC(668) Using 2 workers of 2 for evacuation
[326.985s][info][gc,phases   ] GC(668)   Pre Evacuate Collection Set: 0.24ms
[326.985s][info][gc,phases   ] GC(668)   Merge Heap Roots: 0.28ms
[326.985s][info][gc,phases   ] GC(668)   Evacuate Collection Set: 26.63ms
[326.985s][info][gc,phases   ] GC(668)   Post Evacuate Collection Set: 1.07ms
[326.985s][info][gc,phases   ] GC(668)   Other: 0.07ms
[326.985s][info][gc,heap     ] GC(668) Eden regions: 59->0(139)
[326.985s][info][gc,heap     ] GC(668) Survivor regions: 9->9(9)
[326.985s][info][gc,heap     ] GC(668) Old regions: 177->161
[326.985s][info][gc,heap     ] GC(668) Humongous regions: 7->3
[326.985s][info][gc,metaspace] GC(668) Metaspace: 42809K(43200K)->42809K(43200K) NonClass: 40002K(40256K)->40002K(40256K) Class: 2807K(2944K)->2807K(2944K)
[326.985s][info][gc          ] GC(668) Pause Young (Mixed) (G1 Evacuation Pause) 251M->172M(382M) 28.481ms
[326.985s][info][gc,cpu      ] GC(668) User=0.05s Sys=0.00s Real=0.03s
[327.613s][info][gc,start    ] GC(669) Pause Young (Mixed) (G1 Evacuation Pause)
[327.613s][info][gc,task     ] GC(669) Using 2 workers of 2 for evacuation
[327.642s][info][gc,phases   ] GC(669)   Pre Evacuate Collection Set: 0.22ms
[327.642s][info][gc,phases   ] GC(669)   Merge Heap Roots: 0.51ms
[327.642s][info][gc,phases   ] GC(669)   Evacuate Collection Set: 28.10ms
[327.642s][info][gc,phases   ] GC(669)   Post Evacuate Collection Set: 0.47ms
[327.642s][info][gc,phases   ] GC(669)   Other: 0.07ms
[327.642s][info][gc,heap     ] GC(669) Eden regions: 139->0(162)
[327.642s][info][gc,heap     ] GC(669) Survivor regions: 9->8(19)
[327.642s][info][gc,heap     ] GC(669) Old regions: 161->146
[327.642s][info][gc,heap     ] GC(669) Humongous regions: 9->1
[327.642s][info][gc,metaspace] GC(669) Metaspace: 42809K(43200K)->42809K(43200K) NonClass: 40002K(40256K)->40002K(40256K) Class: 2807K(2944K)->2807K(2944K)
[327.642s][info][gc          ] GC(669) Pause Young (Mixed) (G1 Evacuation Pause) 317M->154M(382M) 29.570ms
[327.642s][info][gc,cpu      ] GC(669) User=0.06s Sys=0.00s Real=0.03s
[328.125s][info][gc,start    ] GC(670) Pause Young (Normal) (G1 Evacuation Pause)
[328.125s][info][gc,task     ] GC(670) Using 2 workers of 2 for evacuation
[328.146s][info][gc,phases   ] GC(670)   Pre Evacuate Collection Set: 0.20ms
[328.146s][info][gc,phases   ] GC(670)   Merge Heap Roots: 0.09ms
[328.146s][info][gc,phases   ] GC(670)   Evacuate Collection Set: 20.52ms
[328.146s][info][gc,phases   ] GC(670)   Post Evacuate Collection Set: 0.53ms
[328.146s][info][gc,phases   ] GC(670)   Other: 0.08ms
[328.146s][info][gc,heap     ] GC(670) Eden regions: 162->0(142)
[328.146s][info][gc,heap     ] GC(670) Survivor regions: 8->22(22)
[328.146s][info][gc,heap     ] GC(670) Old regions: 146->153
[328.146s][info][gc,heap     ] GC(670) Humongous regions: 4->3
[328.146s][info][gc,metaspace] GC(670) Metaspace: 42809K(43200K)->42809K(43200K) NonClass: 40002K(40256K)->40002K(40256K) Class: 2807K(2944K)->2807K(2944K)
[328.146s][info][gc          ] GC(670) Pause Young (Normal) (G1 Evacuation Pause) 319M->177M(382M) 21.627ms
[328.146s][info][gc,cpu      ] GC(670) User=0.04s Sys=0.00s Real=0.02s
[328.180s][info][gc,start    ] GC(671) Pause Young (Concurrent Start) (G1 Humongous Allocation)
[328.180s][info][gc,task     ] GC(671) Using 2 workers of 2 for evacuation
[328.198s][info][gc,phases   ] GC(671)   Pre Evacuate Collection Set: 0.20ms
[328.198s][info][gc,phases   ] GC(671)   Merge Heap Roots: 0.08ms
[328.198s][info][gc,phases   ] GC(671)   Evacuate Collection Set: 17.25ms
[328.198s][info][gc,phases   ] GC(671)   Post Evacuate Collection Set: 0.28ms
[328.198s][info][gc,phases   ] GC(671)   Other: 0.09ms
[328.198s][info][gc,heap     ] GC(671) Eden regions: 10->0(109)
[328.198s][info][gc,heap     ] GC(671) Survivor regions: 22->6(21)
[328.198s][info][gc,heap     ] GC(671) Old regions: 153->174
[328.198s][info][gc,heap     ] GC(671) Humongous regions: 3->3
[328.198s][info][gc,metaspace] GC(671) Metaspace: 42809K(43200K)->42809K(43200K) NonClass: 40002K(40256K)->40002K(40256K) Class: 2807K(2944K)->2807K(2944K)
[328.198s][info][gc          ] GC(671) Pause Young (Concurrent Start) (G1 Humongous Allocation) 187M->182M(382M) 18.128ms
[328.198s][info][gc          ] GC(672) Concurrent Mark Cycle
[328.198s][info][gc,marking  ] GC(672) Concurrent Scan Root Regions
[328.198s][info][gc,cpu      ] GC(671) User=0.04s Sys=0.00s Real=0.02s
[328.223s][info][gc,marking  ] GC(672) Concurrent Scan Root Regions 24.991ms
[328.223s][info][gc,marking  ] GC(672) Concurrent Mark
[328.223s][info][gc,marking  ] GC(672) Concurrent Mark From Roots
[328.223s][info][gc,task     ] GC(672) Using 1 workers of 1 for marking
[328.312s][info][gc,marking  ] GC(672) Concurrent Mark From Roots 88.906ms
[328.312s][info][gc,marking  ] GC(672) Concurrent Preclean
[328.312s][info][gc,marking  ] GC(672) Concurrent Preclean 0.042ms
[328.312s][info][gc,start    ] GC(672) Pause Remark
[328.328s][info][gc          ] GC(672) Pause Remark 211M->199M(382M) 15.538ms
[328.328s][info][gc,cpu      ] GC(672) User=0.03s Sys=0.00s Real=0.02s
[328.328s][info][gc,marking  ] GC(672) Concurrent Mark 104.760ms
[328.328s][info][gc,marking  ] GC(672) Concurrent Rebuild Remembered Sets and Scrub Regions
[328.376s][info][gc,marking  ] GC(672) Concurrent Rebuild Remembered Sets and Scrub Regions 48.195ms
[328.376s][info][gc,start    ] GC(672) Pause Cleanup
[328.376s][info][gc          ] GC(672) Pause Cleanup 212M->212M(382M) 0.077ms
[328.376s][info][gc,cpu      ] GC(672) User=0.00s Sys=0.00s Real=0.00s
[328.376s][info][gc,marking  ] GC(672) Concurrent Clear Claimed Marks
[328.376s][info][gc,marking  ] GC(672) Concurrent Clear Claimed Marks 0.036ms
[328.376s][info][gc,marking  ] GC(672) Concurrent Cleanup for Next Mark
[328.378s][info][gc,marking  ] GC(672) Concurrent Cleanup for Next Mark 2.024ms
[328.378s][info][gc          ] GC(672) Concurrent Mark Cycle 180.364ms
[328.577s][info][gc,start    ] GC(673) Pause Young (Prepare Mixed) (G1 Evacuation Pause)
[328.577s][info][gc,task     ] GC(673) Using 2 workers of 2 for evacuation
[328.588s][info][gc,phases   ] GC(673)   Pre Evacuate Collection Set: 0.20ms
[328.588s][info][gc,phases   ] GC(673)   Merge Heap Roots: 0.12ms
[328.588s][info][gc,phases   ] GC(673)   Evacuate Collection Set: 10.64ms
[328.588s][info][gc,phases   ] GC(673)   Post Evacuate Collection Set: 0.37ms
[328.588s][info][gc,phases   ] GC(673)   Other: 0.08ms
[328.588s][info][gc,heap     ] GC(673) Eden regions: 109->0(118)
[328.588s][info][gc,heap     ] GC(673) Survivor regions: 6->14(15)
[328.588s][info][gc,heap     ] GC(673) Old regions: 162->162
[328.588s][info][gc,heap     ] GC(673) Humongous regions: 4->4
[328.588s][info][gc,metaspace] GC(673) Metaspace: 42810K(43200K)->42810K(43200K) NonClass: 40002K(40256K)->40002K(40256K) Class: 2807K(2944K)->2807K(2944K)
[328.588s][info][gc          ] GC(673) Pause Young (Prepare Mixed) (G1 Evacuation Pause) 280M->179M(382M) 11.635ms
[328.588s][info][gc,cpu      ] GC(673) User=0.02s Sys=0.00s Real=0.02s
[328.953s][info][gc,start    ] GC(674) Pause Young (Mixed) (G1 Evacuation Pause)
[328.953s][info][gc,task     ] GC(674) Using 2 workers of 2 for evacuation
[328.965s][info][gc,phases   ] GC(674)   Pre Evacuate Collection Set: 0.21ms
[328.965s][info][gc,phases   ] GC(674)   Merge Heap Roots: 0.12ms
[328.965s][info][gc,phases   ] GC(674)   Evacuate Collection Set: 10.80ms
[328.965s][info][gc,phases   ] GC(674)   Post Evacuate Collection Set: 0.42ms
[328.965s][info][gc,phases   ] GC(674)   Other: 0.08ms
[328.965s][info][gc,heap     ] GC(674) Eden regions: 118->0(145)
[328.965s][info][gc,heap     ] GC(674) Survivor regions: 14->5(17)
[328.965s][info][gc,heap     ] GC(674) Old regions: 162->134
[328.965s][info][gc,heap     ] GC(674) Humongous regions: 5->4
[328.965s][info][gc,metaspace] GC(674) Metaspace: 42810K(43200K)->42810K(43200K) NonClass: 40002K(40256K)->40002K(40256K) Class: 2807K(2944K)->2807K(2944K)
[328.965s][info][gc          ] GC(674) Pause Young (Mixed) (G1 Evacuation Pause) 298M->142M(382M) 11.836ms
[328.965s][info][gc,cpu      ] GC(674) User=0.02s Sys=0.00s Real=0.01s
[329.408s][info][gc,start    ] GC(675) Pause Young (Mixed) (G1 Evacuation Pause)
[329.408s][info][gc,task     ] GC(675) Using 2 workers of 2 for evacuation
[329.421s][info][gc,phases   ] GC(675)   Pre Evacuate Collection Set: 0.26ms
[329.421s][info][gc,phases   ] GC(675)   Merge Heap Roots: 0.32ms
[329.421s][info][gc,phases   ] GC(675)   Evacuate Collection Set: 12.28ms
[329.421s][info][gc,phases   ] GC(675)   Post Evacuate Collection Set: 0.45ms
[329.421s][info][gc,phases   ] GC(675)   Other: 0.07ms
[329.421s][info][gc,heap     ] GC(675) Eden regions: 145->0(166)
[329.422s][info][gc,heap     ] GC(675) Survivor regions: 5->8(19)
[329.422s][info][gc,heap     ] GC(675) Old regions: 134->104
[329.422s][info][gc,heap     ] GC(675) Humongous regions: 5->4
[329.422s][info][gc,metaspace] GC(675) Metaspace: 42810K(43200K)->42810K(43200K) NonClass: 40002K(40256K)->40002K(40256K) Class: 2807K(2944K)->2807K(2944K)
[329.422s][info][gc          ] GC(675) Pause Young (Mixed) (G1 Evacuation Pause) 288M->115M(382M) 13.557ms
[329.422s][info][gc,cpu      ] GC(675) User=0.03s Sys=0.00s Real=0.01s
[329.960s][info][gc,start    ] GC(676) Pause Young (Concurrent Start) (G1 Humongous Allocation)
[329.960s][info][gc,task     ] GC(676) Using 2 workers of 2 for evacuation
[329.985s][info][gc,phases   ] GC(676)   Pre Evacuate Collection Set: 0.20ms
[329.985s][info][gc,phases   ] GC(676)   Merge Heap Roots: 0.08ms
[329.985s][info][gc,phases   ] GC(676)   Evacuate Collection Set: 24.27ms
[329.985s][info][gc,phases   ] GC(676)   Post Evacuate Collection Set: 0.50ms
[329.985s][info][gc,phases   ] GC(676)   Other: 0.10ms
[329.985s][info][gc,heap     ] GC(676) Eden regions: 164->0(139)
[329.985s][info][gc,heap     ] GC(676) Survivor regions: 8->22(22)
[329.985s][info][gc,heap     ] GC(676) Old regions: 104->124
[329.985s][info][gc,heap     ] GC(676) Humongous regions: 4->4
[329.985s][info][gc,metaspace] GC(676) Metaspace: 42810K(43200K)->42810K(43200K) NonClass: 40002K(40256K)->40002K(40256K) Class: 2807K(2944K)->2807K(2944K)
[329.985s][info][gc          ] GC(676) Pause Young (Concurrent Start) (G1 Humongous Allocation) 278M->149M(382M) 25.352ms
[329.985s][info][gc,cpu      ] GC(676) User=0.05s Sys=0.00s Real=0.02s
[329.985s][info][gc          ] GC(677) Concurrent Mark Cycle
[329.985s][info][gc,marking  ] GC(677) Concurrent Scan Root Regions
[330.000s][info][gc,marking  ] GC(677) Concurrent Scan Root Regions 14.497ms
[330.000s][info][gc,marking  ] GC(677) Concurrent Mark
[330.000s][info][gc,marking  ] GC(677) Concurrent Mark From Roots
[330.000s][info][gc,task     ] GC(677) Using 1 workers of 1 for marking
[330.069s][info][gc,marking  ] GC(677) Concurrent Mark From Roots 69.654ms
[330.069s][info][gc,marking  ] GC(677) Concurrent Preclean
[330.070s][info][gc,marking  ] GC(677) Concurrent Preclean 0.046ms
[330.072s][info][gc,start    ] GC(677) Pause Remark
[330.088s][info][gc          ] GC(677) Pause Remark 168M->157M(382M) 16.345ms
[330.088s][info][gc,cpu      ] GC(677) User=0.03s Sys=0.00s Real=0.02s
[330.088s][info][gc,marking  ] GC(677) Concurrent Mark 88.439ms
[330.088s][info][gc,marking  ] GC(677) Concurrent Rebuild Remembered Sets and Scrub Regions
[330.130s][info][gc,marking  ] GC(677) Concurrent Rebuild Remembered Sets and Scrub Regions 41.368ms
[330.130s][info][gc,start    ] GC(677) Pause Cleanup
[330.130s][info][gc          ] GC(677) Pause Cleanup 167M->167M(382M) 0.089ms
[330.130s][info][gc,cpu      ] GC(677) User=0.00s Sys=0.00s Real=0.00s
[330.130s][info][gc,marking  ] GC(677) Concurrent Clear Claimed Marks
[330.130s][info][gc,marking  ] GC(677) Concurrent Clear Claimed Marks 0.039ms
[330.130s][info][gc,marking  ] GC(677) Concurrent Cleanup for Next Mark
[330.131s][info][gc,marking  ] GC(677) Concurrent Cleanup for Next Mark 1.115ms
[330.131s][info][gc          ] GC(677) Concurrent Mark Cycle 145.911ms
[330.470s][info][gc,start    ] GC(678) Pause Young (Prepare Mixed) (G1 Evacuation Pause)
[330.470s][info][gc,task     ] GC(678) Using 2 workers of 2 for evacuation
[330.509s][info][gc,phases   ] GC(678)   Pre Evacuate Collection Set: 0.19ms
[330.509s][info][gc,phases   ] GC(678)   Merge Heap Roots: 0.24ms
[330.509s][info][gc,phases   ] GC(678)   Evacuate Collection Set: 37.89ms
[330.509s][info][gc,phases   ] GC(678)   Post Evacuate Collection Set: 0.42ms
[330.509s][info][gc,phases   ] GC(678)   Other: 0.07ms
[330.509s][info][gc,heap     ] GC(678) Eden regions: 139->0(119)
[330.509s][info][gc,heap     ] GC(678) Survivor regions: 22->21(21)
[330.509s][info][gc,heap     ] GC(678) Old regions: 114->154
[330.509s][info][gc,heap     ] GC(678) Humongous regions: 4->4
[330.509s][info][gc,metaspace] GC(678) Metaspace: 42810K(43200K)->42810K(43200K) NonClass: 40002K(40256K)->40002K(40256K) Class: 2807K(2944K)->2807K(2944K)
[330.509s][info][gc          ] GC(678) Pause Young (Prepare Mixed) (G1 Evacuation Pause) 278M->178M(382M) 39.038ms
[330.509s][info][gc,cpu      ] GC(678) User=0.08s Sys=0.00s Real=0.04s
[330.877s][info][gc,start    ] GC(679) Pause Young (Mixed) (G1 Evacuation Pause)
[330.878s][info][gc,task     ] GC(679) Using 2 workers of 2 for evacuation
[330.930s][info][gc,phases   ] GC(679)   Pre Evacuate Collection Set: 0.22ms
[330.930s][info][gc,phases   ] GC(679)   Merge Heap Roots: 0.20ms
[330.930s][info][gc,phases   ] GC(679)   Evacuate Collection Set: 51.96ms
[330.931s][info][gc,phases   ] GC(679)   Post Evacuate Collection Set: 0.48ms
[330.931s][info][gc,phases   ] GC(679)   Other: 0.08ms
[330.931s][info][gc,heap     ] GC(679) Eden regions: 119->0(75)
[330.931s][info][gc,heap     ] GC(679) Survivor regions: 21->18(18)
[330.931s][info][gc,heap     ] GC(679) Old regions: 154->191
[330.931s][info][gc,heap     ] GC(679) Humongous regions: 5->5
[330.931s][info][gc,metaspace] GC(679) Metaspace: 42810K(43200K)->42810K(43200K) NonClass: 40002K(40256K)->40002K(40256K) Class: 2807K(2944K)->2807K(2944K)
[330.931s][info][gc          ] GC(679) Pause Young (Mixed) (G1 Evacuation Pause) 298M->213M(384M) 53.137ms
[330.931s][info][gc,cpu      ] GC(679) User=0.11s Sys=0.00s Real=0.05s
[331.204s][info][gc,start    ] GC(680) Pause Young (Concurrent Start) (G1 Evacuation Pause)
[331.204s][info][gc,task     ] GC(680) Using 2 workers of 2 for evacuation
[331.249s][info][gc,phases   ] GC(680)   Pre Evacuate Collection Set: 0.20ms
[331.249s][info][gc,phases   ] GC(680)   Merge Heap Roots: 0.24ms
[331.249s][info][gc,phases   ] GC(680)   Evacuate Collection Set: 43.63ms
[331.249s][info][gc,phases   ] GC(680)   Post Evacuate Collection Set: 0.38ms
[331.249s][info][gc,phases   ] GC(680)   Other: 0.15ms
[331.249s][info][gc,heap     ] GC(680) Eden regions: 75->0(56)
[331.249s][info][gc,heap     ] GC(680) Survivor regions: 18->12(12)
[331.249s][info][gc,heap     ] GC(680) Old regions: 191->237
[331.249s][info][gc,heap     ] GC(680) Humongous regions: 5->5
[331.249s][info][gc,metaspace] GC(680) Metaspace: 42810K(43200K)->42810K(43200K) NonClass: 40002K(40256K)->40002K(40256K) Class: 2807K(2944K)->2807K(2944K)
[331.249s][info][gc          ] GC(680) Pause Young (Concurrent Start) (G1 Evacuation Pause) 288M->253M(384M) 44.806ms
[331.249s][info][gc          ] GC(681) Concurrent Mark Cycle
[331.249s][info][gc,marking  ] GC(681) Concurrent Scan Root Regions
[331.250s][info][gc,cpu      ] GC(680) User=0.09s Sys=0.00s Real=0.05s
[331.273s][info][gc,marking  ] GC(681) Concurrent Scan Root Regions 24.631ms
[331.273s][info][gc,marking  ] GC(681) Concurrent Mark
[331.273s][info][gc,marking  ] GC(681) Concurrent Mark From Roots
[331.273s][info][gc,task     ] GC(681) Using 1 workers of 1 for marking
[331.402s][info][gc,marking  ] GC(681) Concurrent Mark From Roots 128.920ms
[331.402s][info][gc,marking  ] GC(681) Concurrent Preclean
[331.402s][info][gc,marking  ] GC(681) Concurrent Preclean 0.052ms
[331.403s][info][gc,start    ] GC(681) Pause Remark
[331.418s][info][gc          ] GC(681) Pause Remark 293M->265M(384M) 15.664ms
[331.418s][info][gc,cpu      ] GC(681) User=0.03s Sys=0.00s Real=0.02s
[331.421s][info][gc,marking  ] GC(681) Concurrent Mark 147.291ms
[331.421s][info][gc,marking  ] GC(681) Concurrent Rebuild Remembered Sets and Scrub Regions
[331.468s][info][gc,start    ] GC(682) Pause Young (Normal) (G1 Evacuation Pause)
[331.468s][info][gc,task     ] GC(682) Using 2 workers of 2 for evacuation
[331.505s][info][gc,phases   ] GC(682)   Pre Evacuate Collection Set: 0.25ms
[331.505s][info][gc,phases   ] GC(682)   Merge Heap Roots: 0.26ms
[331.505s][info][gc,phases   ] GC(682)   Evacuate Collection Set: 35.81ms
[331.505s][info][gc,phases   ] GC(682)   Post Evacuate Collection Set: 0.56ms
[331.505s][info][gc,phases   ] GC(682)   Other: 0.07ms
[331.505s][info][gc,heap     ] GC(682) Eden regions: 56->0(57)
[331.505s][info][gc,heap     ] GC(682) Survivor regions: 12->9(9)
[331.505s][info][gc,heap     ] GC(682) Old regions: 210->253
[331.505s][info][gc,heap     ] GC(682) Humongous regions: 4->4
[331.505s][info][gc,metaspace] GC(682) Metaspace: 42810K(43200K)->42810K(43200K) NonClass: 40002K(40256K)->40002K(40256K) Class: 2807K(2944K)->2807K(2944K)
[331.505s][info][gc          ] GC(682) Pause Young (Normal) (G1 Evacuation Pause) 281M->265M(408M) 37.158ms
[331.505s][info][gc,cpu      ] GC(682) User=0.07s Sys=0.01s Real=0.03s
[331.537s][info][gc,marking  ] GC(681) Concurrent Rebuild Remembered Sets and Scrub Regions 116.275ms
[331.538s][info][gc,start    ] GC(681) Pause Cleanup
[331.538s][info][gc          ] GC(681) Pause Cleanup 276M->276M(408M) 0.101ms
[331.538s][info][gc,cpu      ] GC(681) User=0.00s Sys=0.00s Real=0.00s
[331.538s][info][gc,marking  ] GC(681) Concurrent Clear Claimed Marks
[331.538s][info][gc,marking  ] GC(681) Concurrent Clear Claimed Marks 0.043ms
[331.538s][info][gc,marking  ] GC(681) Concurrent Cleanup for Next Mark
[331.539s][info][gc,marking  ] GC(681) Concurrent Cleanup for Next Mark 1.450ms
[331.539s][info][gc          ] GC(681) Concurrent Mark Cycle 290.788ms
[331.739s][info][gc,start    ] GC(683) Pause Young (Prepare Mixed) (G1 Evacuation Pause)
[331.739s][info][gc,task     ] GC(683) Using 2 workers of 2 for evacuation
[331.771s][info][gc,phases   ] GC(683)   Pre Evacuate Collection Set: 0.32ms
[331.771s][info][gc,phases   ] GC(683)   Merge Heap Roots: 0.25ms
[331.771s][info][gc,phases   ] GC(683)   Evacuate Collection Set: 30.35ms
[331.771s][info][gc,phases   ] GC(683)   Post Evacuate Collection Set: 0.37ms
[331.771s][info][gc,phases   ] GC(683)   Other: 0.09ms
[331.771s][info][gc,heap     ] GC(683) Eden regions: 57->0(46)
[331.771s][info][gc,heap     ] GC(683) Survivor regions: 9->9(9)
[331.771s][info][gc,heap     ] GC(683) Old regions: 253->282
[331.771s][info][gc,heap     ] GC(683) Humongous regions: 5->5
[331.771s][info][gc,metaspace] GC(683) Metaspace: 42810K(43200K)->42810K(43200K) NonClass: 40002K(40256K)->40002K(40256K) Class: 2807K(2944K)->2807K(2944K)
[331.771s][info][gc          ] GC(683) Pause Young (Prepare Mixed) (G1 Evacuation Pause) 323M->295M(408M) 31.576ms
[331.771s][info][gc,cpu      ] GC(683) User=0.06s Sys=0.00s Real=0.03s
[331.923s][info][gc,start    ] GC(684) Pause Young (Mixed) (G1 Evacuation Pause)
[331.923s][info][gc,task     ] GC(684) Using 2 workers of 2 for evacuation
[331.962s][info][gc,phases   ] GC(684)   Pre Evacuate Collection Set: 0.23ms
[331.962s][info][gc,phases   ] GC(684)   Merge Heap Roots: 0.26ms
[331.962s][info][gc,phases   ] GC(684)   Evacuate Collection Set: 38.66ms
[331.962s][info][gc,phases   ] GC(684)   Post Evacuate Collection Set: 0.41ms
[331.962s][info][gc,phases   ] GC(684)   Other: 0.07ms
[331.962s][info][gc,heap     ] GC(684) Eden regions: 46->0(42)
[331.962s][info][gc,heap     ] GC(684) Survivor regions: 9->7(7)
[331.962s][info][gc,heap     ] GC(684) Old regions: 282->287
[331.962s][info][gc,heap     ] GC(684) Humongous regions: 5->5
[331.962s][info][gc,metaspace] GC(684) Metaspace: 42810K(43200K)->42810K(43200K) NonClass: 40002K(40256K)->40002K(40256K) Class: 2807K(2944K)->2807K(2944K)
[331.962s][info][gc          ] GC(684) Pause Young (Mixed) (G1 Evacuation Pause) 341M->298M(408M) 39.832ms
[331.962s][info][gc,cpu      ] GC(684) User=0.08s Sys=0.00s Real=0.04s
[332.094s][info][gc,start    ] GC(685) Pause Young (Mixed) (G1 Evacuation Pause)
[332.094s][info][gc,task     ] GC(685) Using 2 workers of 2 for evacuation
[332.141s][info][gc,phases   ] GC(685)   Pre Evacuate Collection Set: 0.28ms
[332.141s][info][gc,phases   ] GC(685)   Merge Heap Roots: 0.90ms
[332.141s][info][gc,phases   ] GC(685)   Evacuate Collection Set: 45.15ms
[332.141s][info][gc,phases   ] GC(685)   Post Evacuate Collection Set: 0.49ms
[332.141s][info][gc,phases   ] GC(685)   Other: 0.06ms
[332.141s][info][gc,heap     ] GC(685) Eden regions: 42->0(36)
[332.141s][info][gc,heap     ] GC(685) Survivor regions: 7->7(7)
[332.141s][info][gc,heap     ] GC(685) Old regions: 287->301
[332.141s][info][gc,heap     ] GC(685) Humongous regions: 5->5
[332.141s][info][gc,metaspace] GC(685) Metaspace: 42810K(43200K)->42810K(43200K) NonClass: 40002K(40256K)->40002K(40256K) Class: 2807K(2944K)->2807K(2944K)
[332.141s][info][gc          ] GC(685) Pause Young (Mixed) (G1 Evacuation Pause) 340M->312M(408M) 47.095ms
[332.141s][info][gc,cpu      ] GC(685) User=0.09s Sys=0.00s Real=0.05s
[332.160s][info][gc,start    ] GC(686) Pause Young (Concurrent Start) (G1 Humongous Allocation)
[332.160s][info][gc,task     ] GC(686) Using 2 workers of 2 for evacuation
[332.169s][info][gc,phases   ] GC(686)   Pre Evacuate Collection Set: 0.21ms
[332.169s][info][gc,phases   ] GC(686)   Merge Heap Roots: 0.09ms
[332.169s][info][gc,phases   ] GC(686)   Evacuate Collection Set: 8.23ms
[332.169s][info][gc,phases   ] GC(686)   Post Evacuate Collection Set: 0.26ms
[332.169s][info][gc,phases   ] GC(686)   Other: 0.08ms
[332.169s][info][gc,heap     ] GC(686) Eden regions: 6->0(36)
[332.169s][info][gc,heap     ] GC(686) Survivor regions: 7->4(6)
[332.169s][info][gc,heap     ] GC(686) Old regions: 301->309
[332.169s][info][gc,heap     ] GC(686) Humongous regions: 5->5
[332.169s][info][gc,metaspace] GC(686) Metaspace: 42810K(43200K)->42810K(43200K) NonClass: 40002K(40256K)->40002K(40256K) Class: 2807K(2944K)->2807K(2944K)
[332.169s][info][gc          ] GC(686) Pause Young (Concurrent Start) (G1 Humongous Allocation) 318M->317M(408M) 9.024ms
[332.169s][info][gc,cpu      ] GC(686) User=0.01s Sys=0.00s Real=0.01s
[332.169s][info][gc          ] GC(687) Concurrent Mark Cycle
[332.170s][info][gc,marking  ] GC(687) Concurrent Scan Root Regions
[332.173s][info][gc,marking  ] GC(687) Concurrent Scan Root Regions 3.545ms
[332.173s][info][gc,marking  ] GC(687) Concurrent Mark
[332.173s][info][gc,marking  ] GC(687) Concurrent Mark From Roots
[332.173s][info][gc,task     ] GC(687) Using 1 workers of 1 for marking
[332.310s][info][gc,marking  ] GC(687) Concurrent Mark From Roots 137.152ms
[332.310s][info][gc,marking  ] GC(687) Concurrent Preclean
[332.310s][info][gc,marking  ] GC(687) Concurrent Preclean 0.052ms
[332.310s][info][gc,start    ] GC(687) Pause Remark
[332.326s][info][gc          ] GC(687) Pause Remark 350M->283M(420M) 15.825ms
[332.326s][info][gc,cpu      ] GC(687) User=0.03s Sys=0.00s Real=0.01s
[332.329s][info][gc,marking  ] GC(687) Concurrent Mark 155.629ms
[332.329s][info][gc,marking  ] GC(687) Concurrent Rebuild Remembered Sets and Scrub Regions
[332.348s][info][gc,start    ] GC(688) Pause Young (Normal) (G1 Evacuation Pause)
[332.348s][info][gc,task     ] GC(688) Using 2 workers of 2 for evacuation
[332.369s][info][gc,phases   ] GC(688)   Pre Evacuate Collection Set: 0.25ms
[332.369s][info][gc,phases   ] GC(688)   Merge Heap Roots: 0.29ms
[332.369s][info][gc,phases   ] GC(688)   Evacuate Collection Set: 18.72ms
[332.369s][info][gc,phases   ] GC(688)   Post Evacuate Collection Set: 1.10ms
[332.369s][info][gc,phases   ] GC(688)   Other: 0.13ms
[332.369s][info][gc,heap     ] GC(688) Eden regions: 36->0(115)
[332.369s][info][gc,heap     ] GC(688) Survivor regions: 4->5(5)
[332.369s][info][gc,heap     ] GC(688) Old regions: 244->259
[332.369s][info][gc,heap     ] GC(688) Humongous regions: 4->4
[332.369s][info][gc,metaspace] GC(688) Metaspace: 42810K(43200K)->42810K(43200K) NonClass: 40002K(40256K)->40002K(40256K) Class: 2807K(2944K)->2807K(2944K)
[332.369s][info][gc          ] GC(688) Pause Young (Normal) (G1 Evacuation Pause) 287M->267M(532M) 20.699ms
[332.369s][info][gc,cpu      ] GC(688) User=0.04s Sys=0.00s Real=0.02s
[332.415s][info][gc,marking  ] GC(687) Concurrent Rebuild Remembered Sets and Scrub Regions 86.549ms
[332.418s][info][gc,start    ] GC(687) Pause Cleanup
[332.418s][info][gc          ] GC(687) Pause Cleanup 279M->279M(532M) 0.119ms
[332.418s][info][gc,cpu      ] GC(687) User=0.00s Sys=0.00s Real=0.00s
[332.418s][info][gc,marking  ] GC(687) Concurrent Clear Claimed Marks
[332.418s][info][gc,marking  ] GC(687) Concurrent Clear Claimed Marks 0.067ms
[332.418s][info][gc,marking  ] GC(687) Concurrent Cleanup for Next Mark
[332.421s][info][gc,marking  ] GC(687) Concurrent Cleanup for Next Mark 2.826ms
[332.421s][info][gc          ] GC(687) Concurrent Mark Cycle 251.473ms
[332.830s][info][gc,start    ] GC(689) Pause Young (Prepare Mixed) (G1 Evacuation Pause)
[332.830s][info][gc,task     ] GC(689) Using 2 workers of 2 for evacuation
[332.870s][info][gc,phases   ] GC(689)   Pre Evacuate Collection Set: 0.33ms
[332.870s][info][gc,phases   ] GC(689)   Merge Heap Roots: 0.26ms
[332.870s][info][gc,phases   ] GC(689)   Evacuate Collection Set: 38.73ms
[332.870s][info][gc,phases   ] GC(689)   Post Evacuate Collection Set: 0.49ms
[332.870s][info][gc,phases   ] GC(689)   Other: 0.08ms
[332.870s][info][gc,heap     ] GC(689) Eden regions: 115->0(102)
[332.870s][info][gc,heap     ] GC(689) Survivor regions: 5->15(15)
[332.870s][info][gc,heap     ] GC(689) Old regions: 259->285
[332.870s][info][gc,heap     ] GC(689) Humongous regions: 5->4
[332.870s][info][gc,metaspace] GC(689) Metaspace: 42810K(43200K)->42810K(43200K) NonClass: 40002K(40256K)->40002K(40256K) Class: 2807K(2944K)->2807K(2944K)
[332.870s][info][gc          ] GC(689) Pause Young (Prepare Mixed) (G1 Evacuation Pause) 383M->303M(532M) 40.075ms
[332.870s][info][gc,cpu      ] GC(689) User=0.07s Sys=0.01s Real=0.04s
[333.195s][info][gc,start    ] GC(690) Pause Young (Mixed) (G1 Evacuation Pause)
[333.195s][info][gc,task     ] GC(690) Using 2 workers of 2 for evacuation
[333.220s][info][gc,phases   ] GC(690)   Pre Evacuate Collection Set: 0.29ms
[333.220s][info][gc,phases   ] GC(690)   Merge Heap Roots: 0.33ms
[333.220s][info][gc,phases   ] GC(690)   Evacuate Collection Set: 23.52ms
[333.220s][info][gc,phases   ] GC(690)   Post Evacuate Collection Set: 0.47ms
[333.220s][info][gc,phases   ] GC(690)   Other: 0.08ms
[333.220s][info][gc,heap     ] GC(690) Eden regions: 102->0(133)
[333.220s][info][gc,heap     ] GC(690) Survivor regions: 15->15(15)
[333.220s][info][gc,heap     ] GC(690) Old regions: 285->239
[333.220s][info][gc,heap     ] GC(690) Humongous regions: 4->4
[333.220s][info][gc,metaspace] GC(690) Metaspace: 42810K(43200K)->42810K(43200K) NonClass: 40002K(40256K)->40002K(40256K) Class: 2807K(2944K)->2807K(2944K)
[333.220s][info][gc          ] GC(690) Pause Young (Mixed) (G1 Evacuation Pause) 405M->257M(532M) 24.873ms
[333.220s][info][gc,cpu      ] GC(690) User=0.05s Sys=0.00s Real=0.03s
[333.654s][info][gc,start    ] GC(691) Pause Young (Mixed) (G1 Evacuation Pause)
[333.655s][info][gc,task     ] GC(691) Using 2 workers of 2 for evacuation
[333.689s][info][gc,phases   ] GC(691)   Pre Evacuate Collection Set: 0.36ms
[333.689s][info][gc,phases   ] GC(691)   Merge Heap Roots: 0.38ms
[333.689s][info][gc,phases   ] GC(691)   Evacuate Collection Set: 32.99ms
[333.689s][info][gc,phases   ] GC(691)   Post Evacuate Collection Set: 0.48ms
[333.689s][info][gc,phases   ] GC(691)   Other: 0.09ms
[333.689s][info][gc,heap     ] GC(691) Eden regions: 133->0(151)
[333.689s][info][gc,heap     ] GC(691) Survivor regions: 15->19(19)
[333.689s][info][gc,heap     ] GC(691) Old regions: 239->208
[333.689s][info][gc,heap     ] GC(691) Humongous regions: 4->4
[333.689s][info][gc,metaspace] GC(691) Metaspace: 42810K(43200K)->42810K(43200K) NonClass: 40002K(40256K)->40002K(40256K) Class: 2807K(2944K)->2807K(2944K)
[333.689s][info][gc          ] GC(691) Pause Young (Mixed) (G1 Evacuation Pause) 390M->230M(532M) 34.545ms
[333.689s][info][gc,cpu      ] GC(691) User=0.07s Sys=0.00s Real=0.04s
[334.192s][info][gc,start    ] GC(692) Pause Young (Mixed) (G1 Evacuation Pause)
[334.192s][info][gc,task     ] GC(692) Using 2 workers of 2 for evacuation
[334.245s][info][gc,phases   ] GC(692)   Pre Evacuate Collection Set: 0.26ms
[334.245s][info][gc,phases   ] GC(692)   Merge Heap Roots: 0.43ms
[334.245s][info][gc,phases   ] GC(692)   Evacuate Collection Set: 51.38ms
[334.245s][info][gc,phases   ] GC(692)   Post Evacuate Collection Set: 0.62ms
[334.245s][info][gc,phases   ] GC(692)   Other: 0.07ms
[334.245s][info][gc,heap     ] GC(692) Eden regions: 151->0(139)
[334.245s][info][gc,heap     ] GC(692) Survivor regions: 19->22(22)
[334.245s][info][gc,heap     ] GC(692) Old regions: 208->231
[334.245s][info][gc,heap     ] GC(692) Humongous regions: 5->4
[334.245s][info][gc,metaspace] GC(692) Metaspace: 42810K(43200K)->42810K(43200K) NonClass: 40002K(40256K)->40002K(40256K) Class: 2807K(2944K)->2807K(2944K)
[334.245s][info][gc          ] GC(692) Pause Young (Mixed) (G1 Evacuation Pause) 382M->256M(532M) 52.958ms
[334.245s][info][gc,cpu      ] GC(692) User=0.10s Sys=0.00s Real=0.05s
[334.279s][info][gc,start    ] GC(693) Pause Young (Concurrent Start) (G1 Humongous Allocation)
[334.279s][info][gc,task     ] GC(693) Using 2 workers of 2 for evacuation
[334.304s][info][gc,phases   ] GC(693)   Pre Evacuate Collection Set: 0.24ms
[334.304s][info][gc,phases   ] GC(693)   Merge Heap Roots: 0.27ms
[334.304s][info][gc,phases   ] GC(693)   Evacuate Collection Set: 23.73ms
[334.304s][info][gc,phases   ] GC(693)   Post Evacuate Collection Set: 0.36ms
[334.304s][info][gc,phases   ] GC(693)   Other: 0.09ms
[334.304s][info][gc,heap     ] GC(693) Eden regions: 10->0(131)
[334.304s][info][gc,heap     ] GC(693) Survivor regions: 22->6(21)
[334.304s][info][gc,heap     ] GC(693) Old regions: 231->253
[334.304s][info][gc,heap     ] GC(693) Humongous regions: 4->4
[334.304s][info][gc,metaspace] GC(693) Metaspace: 42810K(43200K)->42810K(43200K) NonClass: 40002K(40256K)->40002K(40256K) Class: 2807K(2944K)->2807K(2944K)
[334.304s][info][gc          ] GC(693) Pause Young (Concurrent Start) (G1 Humongous Allocation) 266M->261M(532M) 24.873ms
[334.304s][info][gc,cpu      ] GC(693) User=0.05s Sys=0.00s Real=0.02s
[334.304s][info][gc          ] GC(694) Concurrent Mark Cycle
[334.304s][info][gc,marking  ] GC(694) Concurrent Scan Root Regions
[334.314s][info][gc,marking  ] GC(694) Concurrent Scan Root Regions 9.783ms
[334.314s][info][gc,marking  ] GC(694) Concurrent Mark
[334.314s][info][gc,marking  ] GC(694) Concurrent Mark From Roots
[334.314s][info][gc,task     ] GC(694) Using 1 workers of 1 for marking
[334.404s][info][gc,marking  ] GC(694) Concurrent Mark From Roots 90.223ms
[334.404s][info][gc,marking  ] GC(694) Concurrent Preclean
[334.404s][info][gc,marking  ] GC(694) Concurrent Preclean 0.049ms
[334.404s][info][gc,start    ] GC(694) Pause Remark
[334.420s][info][gc          ] GC(694) Pause Remark 285M->182M(532M) 15.753ms
[334.420s][info][gc,cpu      ] GC(694) User=0.03s Sys=0.00s Real=0.02s
[334.420s][info][gc,marking  ] GC(694) Concurrent Mark 106.369ms
[334.420s][info][gc,marking  ] GC(694) Concurrent Rebuild Remembered Sets and Scrub Regions
[334.468s][info][gc,marking  ] GC(694) Concurrent Rebuild Remembered Sets and Scrub Regions 47.330ms
[334.468s][info][gc,start    ] GC(694) Pause Cleanup
[334.468s][info][gc          ] GC(694) Pause Cleanup 194M->194M(532M) 0.070ms
[334.468s][info][gc,cpu      ] GC(694) User=0.00s Sys=0.00s Real=0.00s
[334.468s][info][gc,marking  ] GC(694) Concurrent Clear Claimed Marks
[334.468s][info][gc,marking  ] GC(694) Concurrent Clear Claimed Marks 0.039ms
[334.468s][info][gc,marking  ] GC(694) Concurrent Cleanup for Next Mark
[334.469s][info][gc,marking  ] GC(694) Concurrent Cleanup for Next Mark 1.515ms
[334.469s][info][gc          ] GC(694) Concurrent Mark Cycle 165.503ms
[334.765s][info][gc,start    ] GC(695) Pause Young (Prepare Mixed) (G1 Evacuation Pause)
[334.765s][info][gc,task     ] GC(695) Using 2 workers of 2 for evacuation
[334.783s][info][gc,phases   ] GC(695)   Pre Evacuate Collection Set: 0.35ms
[334.783s][info][gc,phases   ] GC(695)   Merge Heap Roots: 0.23ms
[334.783s][info][gc,phases   ] GC(695)   Evacuate Collection Set: 16.93ms
[334.783s][info][gc,phases   ] GC(695)   Post Evacuate Collection Set: 0.43ms
[334.783s][info][gc,phases   ] GC(695)   Other: 0.11ms
[334.783s][info][gc,heap     ] GC(695) Eden regions: 131->0(178)
[334.783s][info][gc,heap     ] GC(695) Survivor regions: 6->18(18)
[334.783s][info][gc,heap     ] GC(695) Old regions: 151->153
[334.783s][info][gc,heap     ] GC(695) Humongous regions: 5->5
[334.783s][info][gc,metaspace] GC(695) Metaspace: 42810K(43200K)->42810K(43200K) NonClass: 40002K(40256K)->40002K(40256K) Class: 2807K(2944K)->2807K(2944K)
[334.783s][info][gc          ] GC(695) Pause Young (Prepare Mixed) (G1 Evacuation Pause) 291M->175M(532M) 18.248ms
[334.783s][info][gc,cpu      ] GC(695) User=0.03s Sys=0.00s Real=0.02s
[335.337s][info][gc,start    ] GC(696) Pause Young (Mixed) (G1 Evacuation Pause)
[335.338s][info][gc,task     ] GC(696) Using 2 workers of 2 for evacuation
[335.375s][info][gc,phases   ] GC(696)   Pre Evacuate Collection Set: 0.37ms
[335.375s][info][gc,phases   ] GC(696)   Merge Heap Roots: 0.19ms
[335.375s][info][gc,phases   ] GC(696)   Evacuate Collection Set: 36.12ms
[335.375s][info][gc,phases   ] GC(696)   Post Evacuate Collection Set: 0.51ms
[335.375s][info][gc,phases   ] GC(696)   Other: 0.09ms
[335.375s][info][gc,heap     ] GC(696) Eden regions: 178->0(184)
[335.375s][info][gc,heap     ] GC(696) Survivor regions: 18->25(25)
[335.375s][info][gc,heap     ] GC(696) Old regions: 153->140
[335.375s][info][gc,heap     ] GC(696) Humongous regions: 7->6
[335.375s][info][gc,metaspace] GC(696) Metaspace: 42810K(43200K)->42810K(43200K) NonClass: 40002K(40256K)->40002K(40256K) Class: 2807K(2944K)->2807K(2944K)
[335.375s][info][gc          ] GC(696) Pause Young (Mixed) (G1 Evacuation Pause) 355M->170M(532M) 37.492ms
[335.375s][info][gc,cpu      ] GC(696) User=0.07s Sys=0.00s Real=0.03s
[335.593s][info][gc,start    ] GC(697) Pause Young (Concurrent Start) (G1 Humongous Allocation)
[335.594s][info][gc,task     ] GC(697) Using 2 workers of 2 for evacuation
[335.619s][info][gc,phases   ] GC(697)   Pre Evacuate Collection Set: 0.29ms
[335.619s][info][gc,phases   ] GC(697)   Merge Heap Roots: 0.14ms
[335.619s][info][gc,phases   ] GC(697)   Evacuate Collection Set: 24.58ms
[335.619s][info][gc,phases   ] GC(697)   Post Evacuate Collection Set: 0.40ms
[335.619s][info][gc,phases   ] GC(697)   Other: 0.10ms
[335.619s][info][gc,heap     ] GC(697) Eden regions: 73->0(185)
[335.619s][info][gc,heap     ] GC(697) Survivor regions: 25->18(27)
[335.619s][info][gc,heap     ] GC(697) Old regions: 140->161
[335.619s][info][gc,heap     ] GC(697) Humongous regions: 6->6
[335.619s][info][gc,metaspace] GC(697) Metaspace: 42810K(43200K)->42810K(43200K) NonClass: 40002K(40256K)->40002K(40256K) Class: 2807K(2944K)->2807K(2944K)
[335.619s][info][gc          ] GC(697) Pause Young (Concurrent Start) (G1 Humongous Allocation) 242M->184M(532M) 25.700ms
[335.619s][info][gc,cpu      ] GC(697) User=0.05s Sys=0.00s Real=0.03s
[335.619s][info][gc          ] GC(698) Concurrent Mark Cycle
[335.619s][info][gc,marking  ] GC(698) Concurrent Scan Root Regions
[335.633s][info][gc,marking  ] GC(698) Concurrent Scan Root Regions 13.803ms
[335.633s][info][gc,marking  ] GC(698) Concurrent Mark
[335.633s][info][gc,marking  ] GC(698) Concurrent Mark From Roots
[335.633s][info][gc,task     ] GC(698) Using 1 workers of 1 for marking
[335.723s][info][gc,marking  ] GC(698) Concurrent Mark From Roots 89.788ms
[335.723s][info][gc,marking  ] GC(698) Concurrent Preclean
[335.723s][info][gc,marking  ] GC(698) Concurrent Preclean 0.057ms
[335.723s][info][gc,start    ] GC(698) Pause Remark
[335.739s][info][gc          ] GC(698) Pause Remark 212M->207M(532M) 15.645ms
[335.739s][info][gc,cpu      ] GC(698) User=0.03s Sys=0.00s Real=0.02s
[335.739s][info][gc,marking  ] GC(698) Concurrent Mark 105.761ms
[335.739s][info][gc,marking  ] GC(698) Concurrent Rebuild Remembered Sets and Scrub Regions
[335.785s][info][gc,marking  ] GC(698) Concurrent Rebuild Remembered Sets and Scrub Regions 45.658ms
[335.785s][info][gc,start    ] GC(698) Pause Cleanup
[335.785s][info][gc          ] GC(698) Pause Cleanup 219M->219M(532M) 0.076ms
[335.785s][info][gc,cpu      ] GC(698) User=0.00s Sys=0.00s Real=0.00s
[335.785s][info][gc,marking  ] GC(698) Concurrent Clear Claimed Marks
[335.785s][info][gc,marking  ] GC(698) Concurrent Clear Claimed Marks 0.037ms
[335.785s][info][gc,marking  ] GC(698) Concurrent Cleanup for Next Mark
[335.786s][info][gc,marking  ] GC(698) Concurrent Cleanup for Next Mark 1.522ms
[335.786s][info][gc          ] GC(698) Concurrent Mark Cycle 167.200ms
[336.243s][info][gc,start    ] GC(699) Pause Young (Prepare Mixed) (G1 Evacuation Pause)
[336.243s][info][gc,task     ] GC(699) Using 2 workers of 2 for evacuation
[336.264s][info][gc,phases   ] GC(699)   Pre Evacuate Collection Set: 0.25ms
[336.264s][info][gc,phases   ] GC(699)   Merge Heap Roots: 0.14ms
[336.264s][info][gc,phases   ] GC(699)   Evacuate Collection Set: 19.77ms
[336.264s][info][gc,phases   ] GC(699)   Post Evacuate Collection Set: 0.41ms
[336.264s][info][gc,phases   ] GC(699)   Other: 0.11ms
[336.264s][info][gc,heap     ] GC(699) Eden regions: 185->0(188)
[336.264s][info][gc,heap     ] GC(699) Survivor regions: 18->26(26)
[336.264s][info][gc,heap     ] GC(699) Old regions: 157->163
[336.264s][info][gc,heap     ] GC(699) Humongous regions: 8->6
[336.264s][info][gc,metaspace] GC(699) Metaspace: 42810K(43200K)->42810K(43200K) NonClass: 40002K(40256K)->40002K(40256K) Class: 2807K(2944K)->2807K(2944K)
[336.264s][info][gc          ] GC(699) Pause Young (Prepare Mixed) (G1 Evacuation Pause) 367M->194M(532M) 20.892ms
[336.264s][info][gc,cpu      ] GC(699) User=0.04s Sys=0.00s Real=0.02s
[336.789s][info][gc,start    ] GC(700) Pause Young (Mixed) (G1 Evacuation Pause)
[336.789s][info][gc,task     ] GC(700) Using 2 workers of 2 for evacuation
[336.818s][info][gc,phases   ] GC(700)   Pre Evacuate Collection Set: 0.30ms
[336.818s][info][gc,phases   ] GC(700)   Merge Heap Roots: 0.21ms
[336.818s][info][gc,phases   ] GC(700)   Evacuate Collection Set: 28.65ms
[336.818s][info][gc,phases   ] GC(700)   Post Evacuate Collection Set: 0.56ms
[336.818s][info][gc,phases   ] GC(700)   Other: 0.07ms
[336.818s][info][gc,heap     ] GC(700) Eden regions: 188->0(212)
[336.818s][info][gc,heap     ] GC(700) Survivor regions: 26->23(27)
[336.818s][info][gc,heap     ] GC(700) Old regions: 163->135
[336.818s][info][gc,heap     ] GC(700) Humongous regions: 8->6
[336.818s][info][gc,metaspace] GC(700) Metaspace: 42810K(43200K)->42810K(43200K) NonClass: 40002K(40256K)->40002K(40256K) Class: 2807K(2944K)->2807K(2944K)
[336.818s][info][gc          ] GC(700) Pause Young (Mixed) (G1 Evacuation Pause) 384M->163M(532M) 29.976ms
[336.818s][info][gc,cpu      ] GC(700) User=0.06s Sys=0.00s Real=0.03s
[337.435s][info][gc,start    ] GC(701) Pause Young (Concurrent Start) (G1 Evacuation Pause)
[337.435s][info][gc,task     ] GC(701) Using 2 workers of 2 for evacuation
[337.448s][info][gc,phases   ] GC(701)   Pre Evacuate Collection Set: 0.25ms
[337.448s][info][gc,phases   ] GC(701)   Merge Heap Roots: 0.09ms
[337.448s][info][gc,phases   ] GC(701)   Evacuate Collection Set: 12.56ms
[337.448s][info][gc,phases   ] GC(701)   Post Evacuate Collection Set: 0.46ms
[337.448s][info][gc,phases   ] GC(701)   Other: 0.17ms
[337.448s][info][gc,heap     ] GC(701) Eden regions: 212->0(231)
[337.448s][info][gc,heap     ] GC(701) Survivor regions: 23->2(30)
[337.448s][info][gc,heap     ] GC(701) Old regions: 135->157
[337.448s][info][gc,heap     ] GC(701) Humongous regions: 6->6
[337.448s][info][gc,metaspace] GC(701) Metaspace: 42810K(43200K)->42810K(43200K) NonClass: 40002K(40256K)->40002K(40256K) Class: 2807K(2944K)->2807K(2944K)
[337.448s][info][gc          ] GC(701) Pause Young (Concurrent Start) (G1 Evacuation Pause) 375M->164M(532M) 13.726ms
[337.448s][info][gc,cpu      ] GC(701) User=0.03s Sys=0.00s Real=0.02s
[337.448s][info][gc          ] GC(702) Concurrent Mark Cycle
[337.448s][info][gc,marking  ] GC(702) Concurrent Scan Root Regions
[337.457s][info][gc,marking  ] GC(702) Concurrent Scan Root Regions 8.799ms
[337.457s][info][gc,marking  ] GC(702) Concurrent Mark
[337.457s][info][gc,marking  ] GC(702) Concurrent Mark From Roots
[337.457s][info][gc,task     ] GC(702) Using 1 workers of 1 for marking
[337.546s][info][gc,marking  ] GC(702) Concurrent Mark From Roots 89.034ms
[337.546s][info][gc,marking  ] GC(702) Concurrent Preclean
[337.546s][info][gc,marking  ] GC(702) Concurrent Preclean 0.044ms
[337.546s][info][gc,start    ] GC(702) Pause Remark
[337.562s][info][gc          ] GC(702) Pause Remark 195M->169M(467M) 16.004ms
[337.563s][info][gc,cpu      ] GC(702) User=0.03s Sys=0.00s Real=0.02s
[337.565s][info][gc,marking  ] GC(702) Concurrent Mark 107.465ms
[337.565s][info][gc,marking  ] GC(702) Concurrent Rebuild Remembered Sets and Scrub Regions
[337.608s][info][gc,marking  ] GC(702) Concurrent Rebuild Remembered Sets and Scrub Regions 42.858ms
[337.608s][info][gc,start    ] GC(702) Pause Cleanup
[337.608s][info][gc          ] GC(702) Pause Cleanup 185M->185M(467M) 0.066ms
[337.608s][info][gc,cpu      ] GC(702) User=0.00s Sys=0.00s Real=0.00s
[337.608s][info][gc,marking  ] GC(702) Concurrent Clear Claimed Marks
[337.608s][info][gc,marking  ] GC(702) Concurrent Clear Claimed Marks 0.039ms
[337.608s][info][gc,marking  ] GC(702) Concurrent Cleanup for Next Mark
[337.609s][info][gc,marking  ] GC(702) Concurrent Cleanup for Next Mark 1.350ms
[337.609s][info][gc          ] GC(702) Concurrent Mark Cycle 160.889ms
[338.093s][info][gc,start    ] GC(703) Pause Young (Prepare Mixed) (G1 Evacuation Pause)
[338.093s][info][gc,task     ] GC(703) Using 2 workers of 2 for evacuation
[338.098s][info][gc,phases   ] GC(703)   Pre Evacuate Collection Set: 0.22ms
[338.098s][info][gc,phases   ] GC(703)   Merge Heap Roots: 0.08ms
[338.098s][info][gc,phases   ] GC(703)   Evacuate Collection Set: 4.13ms
[338.098s][info][gc,phases   ] GC(703)   Post Evacuate Collection Set: 0.47ms
[338.098s][info][gc,phases   ] GC(703)   Other: 0.10ms
[338.098s][info][gc,heap     ] GC(703) Eden regions: 231->0(221)
[338.098s][info][gc,heap     ] GC(703) Survivor regions: 2->6(30)
[338.098s][info][gc,heap     ] GC(703) Old regions: 133->133
[338.098s][info][gc,heap     ] GC(703) Humongous regions: 5->2
[338.098s][info][gc,metaspace] GC(703) Metaspace: 42810K(43200K)->42810K(43200K) NonClass: 40002K(40256K)->40002K(40256K) Class: 2807K(2944K)->2807K(2944K)
[338.098s][info][gc          ] GC(703) Pause Young (Prepare Mixed) (G1 Evacuation Pause) 370M->140M(467M) 5.168ms
[338.098s][info][gc,cpu      ] GC(703) User=0.01s Sys=0.00s Real=0.01s
[338.443s][info][gc,start    ] GC(704) Pause Young (Mixed) (G1 Evacuation Pause)
[338.443s][info][gc,task     ] GC(704) Using 2 workers of 2 for evacuation
[338.448s][info][gc,phases   ] GC(704)   Pre Evacuate Collection Set: 0.23ms
[338.448s][info][gc,phases   ] GC(704)   Merge Heap Roots: 0.11ms
[338.448s][info][gc,phases   ] GC(704)   Evacuate Collection Set: 3.76ms
[338.448s][info][gc,phases   ] GC(704)   Post Evacuate Collection Set: 0.47ms
[338.448s][info][gc,phases   ] GC(704)   Other: 0.07ms
[338.448s][info][gc,heap     ] GC(704) Eden regions: 221->0(246)
[338.448s][info][gc,heap     ] GC(704) Survivor regions: 6->6(29)
[338.448s][info][gc,heap     ] GC(704) Old regions: 133->114
[338.448s][info][gc,heap     ] GC(704) Humongous regions: 2->2
[338.448s][info][gc,metaspace] GC(704) Metaspace: 42810K(43200K)->42810K(43200K) NonClass: 40002K(40256K)->40002K(40256K) Class: 2807K(2944K)->2807K(2944K)
[338.448s][info][gc          ] GC(704) Pause Young (Mixed) (G1 Evacuation Pause) 361M->121M(467M) 4.834ms
[338.448s][info][gc,cpu      ] GC(704) User=0.01s Sys=0.00s Real=0.01s
[338.732s][info][gc,start    ] GC(705) Pause Young (Concurrent Start) (G1 Humongous Allocation)
[338.732s][info][gc,task     ] GC(705) Using 2 workers of 2 for evacuation
[338.736s][info][gc,phases   ] GC(705)   Pre Evacuate Collection Set: 0.23ms
[338.736s][info][gc,phases   ] GC(705)   Merge Heap Roots: 0.07ms
[338.736s][info][gc,phases   ] GC(705)   Evacuate Collection Set: 2.74ms
[338.736s][info][gc,phases   ] GC(705)   Post Evacuate Collection Set: 0.42ms
[338.736s][info][gc,phases   ] GC(705)   Other: 0.09ms
[338.736s][info][gc,heap     ] GC(705) Eden regions: 182->0(262)
[338.736s][info][gc,heap     ] GC(705) Survivor regions: 6->4(32)
[338.736s][info][gc,heap     ] GC(705) Old regions: 114->114
[338.736s][info][gc,heap     ] GC(705) Humongous regions: 2->2
[338.736s][info][gc,metaspace] GC(705) Metaspace: 42810K(43200K)->42810K(43200K) NonClass: 40002K(40256K)->40002K(40256K) Class: 2807K(2944K)->2807K(2944K)
[338.736s][info][gc          ] GC(705) Pause Young (Concurrent Start) (G1 Humongous Allocation) 302M->119M(467M) 3.713ms
[338.736s][info][gc,cpu      ] GC(705) User=0.01s Sys=0.00s Real=0.00s
[338.736s][info][gc          ] GC(706) Concurrent Mark Cycle
[338.736s][info][gc,marking  ] GC(706) Concurrent Scan Root Regions
[338.738s][info][gc,marking  ] GC(706) Concurrent Scan Root Regions 1.809ms
[338.738s][info][gc,marking  ] GC(706) Concurrent Mark
[338.738s][info][gc,marking  ] GC(706) Concurrent Mark From Roots
[338.738s][info][gc,task     ] GC(706) Using 1 workers of 1 for marking
[338.812s][info][gc,marking  ] GC(706) Concurrent Mark From Roots 74.050ms
[338.812s][info][gc,marking  ] GC(706) Concurrent Preclean
[338.812s][info][gc,marking  ] GC(706) Concurrent Preclean 0.044ms
[338.812s][info][gc,start    ] GC(706) Pause Remark
[338.828s][info][gc          ] GC(706) Pause Remark 142M->108M(294M) 15.488ms
[338.828s][info][gc,cpu      ] GC(706) User=0.03s Sys=0.00s Real=0.02s
[338.830s][info][gc,marking  ] GC(706) Concurrent Mark 91.955ms
[338.830s][info][gc,marking  ] GC(706) Concurrent Rebuild Remembered Sets and Scrub Regions
[338.868s][info][gc,marking  ] GC(706) Concurrent Rebuild Remembered Sets and Scrub Regions 38.319ms
[338.868s][info][gc,start    ] GC(706) Pause Cleanup
[338.868s][info][gc          ] GC(706) Pause Cleanup 120M->120M(294M) 0.052ms
[338.868s][info][gc,cpu      ] GC(706) User=0.00s Sys=0.00s Real=0.00s
[338.871s][info][gc,marking  ] GC(706) Concurrent Clear Claimed Marks
[338.871s][info][gc,marking  ] GC(706) Concurrent Clear Claimed Marks 0.053ms
[338.871s][info][gc,marking  ] GC(706) Concurrent Cleanup for Next Mark
[338.872s][info][gc,marking  ] GC(706) Concurrent Cleanup for Next Mark 0.925ms
[338.872s][info][gc          ] GC(706) Concurrent Mark Cycle 135.827ms
[339.307s][info][gc,start    ] GC(707) Pause Young (Prepare Mixed) (G1 Evacuation Pause)
[339.308s][info][gc,task     ] GC(707) Using 2 workers of 2 for evacuation
[339.320s][info][gc,phases   ] GC(707)   Pre Evacuate Collection Set: 0.26ms
[339.320s][info][gc,phases   ] GC(707)   Merge Heap Roots: 0.08ms
[339.320s][info][gc,phases   ] GC(707)   Evacuate Collection Set: 10.70ms
[339.320s][info][gc,phases   ] GC(707)   Post Evacuate Collection Set: 0.90ms
[339.320s][info][gc,phases   ] GC(707)   Other: 0.09ms
[339.320s][info][gc,heap     ] GC(707) Eden regions: 82->0(248)
[339.320s][info][gc,heap     ] GC(707) Survivor regions: 4->9(29)
[339.320s][info][gc,heap     ] GC(707) Old regions: 81->81
[339.320s][info][gc,heap     ] GC(707) Humongous regions: 253->3
[339.320s][info][gc,metaspace] GC(707) Metaspace: 42810K(43200K)->42810K(43200K) NonClass: 40002K(40256K)->40002K(40256K) Class: 2807K(2944K)->2807K(2944K)
[339.320s][info][gc          ] GC(707) Pause Young (Prepare Mixed) (G1 Evacuation Pause) 419M->92M(429M) 12.232ms
[339.320s][info][gc,cpu      ] GC(707) User=0.01s Sys=0.01s Real=0.01s
[339.908s][info][gc,start    ] GC(708) Pause Young (Mixed) (G1 Evacuation Pause)
[339.908s][info][gc,task     ] GC(708) Using 2 workers of 2 for evacuation
[339.931s][info][gc,phases   ] GC(708)   Pre Evacuate Collection Set: 0.29ms
[339.931s][info][gc,phases   ] GC(708)   Merge Heap Roots: 0.09ms
[339.931s][info][gc,phases   ] GC(708)   Evacuate Collection Set: 21.51ms
[339.931s][info][gc,phases   ] GC(708)   Post Evacuate Collection Set: 1.15ms
[339.931s][info][gc,phases   ] GC(708)   Other: 0.08ms
[339.931s][info][gc,heap     ] GC(708) Eden regions: 64->0(310)
[339.931s][info][gc,heap     ] GC(708) Survivor regions: 9->15(34)
[339.931s][info][gc,heap     ] GC(708) Old regions: 81->66
[339.931s][info][gc,heap     ] GC(708) Humongous regions: 373->1
[339.931s][info][gc,metaspace] GC(708) Metaspace: 42810K(43200K)->42810K(43200K) NonClass: 40002K(40256K)->40002K(40256K) Class: 2807K(2944K)->2807K(2944K)
[339.931s][info][gc          ] GC(708) Pause Young (Mixed) (G1 Evacuation Pause) 526M->81M(543M) 23.335ms
[339.931s][info][gc,cpu      ] GC(708) User=0.04s Sys=0.01s Real=0.02s
[339.936s][info][gc,start    ] GC(709) Pause Young (Concurrent Start) (G1 Humongous Allocation)
[339.936s][info][gc,task     ] GC(709) Using 2 workers of 2 for evacuation
[339.949s][info][gc,phases   ] GC(709)   Pre Evacuate Collection Set: 0.20ms
[339.949s][info][gc,phases   ] GC(709)   Merge Heap Roots: 0.04ms
[339.949s][info][gc,phases   ] GC(709)   Evacuate Collection Set: 11.87ms
[339.949s][info][gc,phases   ] GC(709)   Post Evacuate Collection Set: 0.29ms
[339.949s][info][gc,phases   ] GC(709)   Other: 0.09ms
[339.949s][info][gc,heap     ] GC(709) Eden regions: 1->0(265)
[339.949s][info][gc,heap     ] GC(709) Survivor regions: 15->16(41)
[339.949s][info][gc,heap     ] GC(709) Old regions: 66->66
[339.949s][info][gc,heap     ] GC(709) Humongous regions: 1->1
[339.949s][info][gc,metaspace] GC(709) Metaspace: 42810K(43200K)->42810K(43200K) NonClass: 40002K(40256K)->40002K(40256K) Class: 2807K(2944K)->2807K(2944K)
[339.949s][info][gc          ] GC(709) Pause Young (Concurrent Start) (G1 Humongous Allocation) 82M->82M(543M) 12.636ms
[339.949s][info][gc,cpu      ] GC(709) User=0.02s Sys=0.00s Real=0.02s
[339.949s][info][gc          ] GC(710) Concurrent Mark Cycle
[339.949s][info][gc,marking  ] GC(710) Concurrent Scan Root Regions
[339.959s][info][gc,marking  ] GC(710) Concurrent Scan Root Regions 10.411ms
[339.959s][info][gc,marking  ] GC(710) Concurrent Mark
[339.959s][info][gc,marking  ] GC(710) Concurrent Mark From Roots
[339.959s][info][gc,task     ] GC(710) Using 1 workers of 1 for marking
[340.027s][info][gc,marking  ] GC(710) Concurrent Mark From Roots 68.165ms
[340.027s][info][gc,marking  ] GC(710) Concurrent Preclean
[340.027s][info][gc,marking  ] GC(710) Concurrent Preclean 0.065ms
[340.028s][info][gc,start    ] GC(710) Pause Remark
[340.044s][info][gc          ] GC(710) Pause Remark 147M->147M(464M) 16.353ms
[340.044s][info][gc,cpu      ] GC(710) User=0.03s Sys=0.00s Real=0.01s
[340.044s][info][gc,marking  ] GC(710) Concurrent Mark 84.869ms
[340.044s][info][gc,marking  ] GC(710) Concurrent Rebuild Remembered Sets and Scrub Regions
[340.071s][info][gc,marking  ] GC(710) Concurrent Rebuild Remembered Sets and Scrub Regions 27.287ms
[340.071s][info][gc,start    ] GC(710) Pause Cleanup
[340.072s][info][gc          ] GC(710) Pause Cleanup 172M->172M(464M) 0.064ms
[340.072s][info][gc,cpu      ] GC(710) User=0.00s Sys=0.00s Real=0.00s
[340.072s][info][gc,marking  ] GC(710) Concurrent Clear Claimed Marks
[340.072s][info][gc,marking  ] GC(710) Concurrent Clear Claimed Marks 0.042ms
[340.072s][info][gc,marking  ] GC(710) Concurrent Cleanup for Next Mark
[340.075s][info][gc,marking  ] GC(710) Concurrent Cleanup for Next Mark 3.018ms
[340.075s][info][gc          ] GC(710) Concurrent Mark Cycle 126.011ms
[340.603s][info][gc,start    ] GC(711) Pause Young (Prepare Mixed) (G1 Evacuation Pause)
[340.603s][info][gc,task     ] GC(711) Using 2 workers of 2 for evacuation
[340.635s][info][gc,phases   ] GC(711)   Pre Evacuate Collection Set: 0.29ms
[340.635s][info][gc,phases   ] GC(711)   Merge Heap Roots: 0.08ms
[340.635s][info][gc,phases   ] GC(711)   Evacuate Collection Set: 30.45ms
[340.635s][info][gc,phases   ] GC(711)   Post Evacuate Collection Set: 1.04ms
[340.635s][info][gc,phases   ] GC(711)   Other: 0.08ms
[340.635s][info][gc,heap     ] GC(711) Eden regions: 73->0(307)
[340.635s][info][gc,heap     ] GC(711) Survivor regions: 16->25(36)
[340.635s][info][gc,heap     ] GC(711) Old regions: 66->66
[340.635s][info][gc,heap     ] GC(711) Humongous regions: 403->1
[340.635s][info][gc,metaspace] GC(711) Metaspace: 42810K(43200K)->42810K(43200K) NonClass: 40002K(40256K)->40002K(40256K) Class: 2807K(2944K)->2807K(2944K)
[340.635s][info][gc          ] GC(711) Pause Young (Prepare Mixed) (G1 Evacuation Pause) 557M->91M(583M) 32.154ms
[340.635s][info][gc,cpu      ] GC(711) User=0.04s Sys=0.02s Real=0.03s
[341.386s][info][gc,start    ] GC(712) Pause Young (Mixed) (G1 Evacuation Pause)
[341.386s][info][gc,task     ] GC(712) Using 2 workers of 2 for evacuation
[341.401s][info][gc,phases   ] GC(712)   Pre Evacuate Collection Set: 0.58ms
[341.401s][info][gc,phases   ] GC(712)   Merge Heap Roots: 0.14ms
[341.401s][info][gc,phases   ] GC(712)   Evacuate Collection Set: 12.63ms
[341.401s][info][gc,phases   ] GC(712)   Post Evacuate Collection Set: 0.85ms
[341.401s][info][gc,phases   ] GC(712)   Other: 0.07ms
[341.401s][info][gc,heap     ] GC(712) Eden regions: 143->0(336)
[341.401s][info][gc,heap     ] GC(712) Survivor regions: 25->7(42)
[341.401s][info][gc,heap     ] GC(712) Old regions: 66->64
[341.401s][info][gc,heap     ] GC(712) Humongous regions: 349->1
[341.401s][info][gc,metaspace] GC(712) Metaspace: 42810K(43200K)->42810K(43200K) NonClass: 40002K(40256K)->40002K(40256K) Class: 2807K(2944K)->2807K(2944K)
[341.401s][info][gc          ] GC(712) Pause Young (Mixed) (G1 Evacuation Pause) 582M->71M(594M) 14.442ms
[341.401s][info][gc,cpu      ] GC(712) User=0.02s Sys=0.01s Real=0.02s
[341.489s][info][gc,start    ] GC(713) Pause Young (Concurrent Start) (G1 Humongous Allocation)
[341.489s][info][gc,task     ] GC(713) Using 2 workers of 2 for evacuation
[341.495s][info][gc,phases   ] GC(713)   Pre Evacuate Collection Set: 0.26ms
[341.495s][info][gc,phases   ] GC(713)   Merge Heap Roots: 0.06ms
[341.495s][info][gc,phases   ] GC(713)   Evacuate Collection Set: 4.38ms
[341.495s][info][gc,phases   ] GC(713)   Post Evacuate Collection Set: 0.47ms
[341.495s][info][gc,phases   ] GC(713)   Other: 0.10ms
[341.495s][info][gc,heap     ] GC(713) Eden regions: 41->0(349)
[341.495s][info][gc,heap     ] GC(713) Survivor regions: 7->7(43)
[341.495s][info][gc,heap     ] GC(713) Old regions: 64->64
[341.495s][info][gc,heap     ] GC(713) Humongous regions: 1->1
[341.495s][info][gc,metaspace] GC(713) Metaspace: 42810K(43200K)->42810K(43200K) NonClass: 40002K(40256K)->40002K(40256K) Class: 2807K(2944K)->2807K(2944K)
[341.495s][info][gc          ] GC(713) Pause Young (Concurrent Start) (G1 Humongous Allocation) 112M->71M(594M) 5.423ms
[341.495s][info][gc          ] GC(714) Concurrent Mark Cycle
[341.495s][info][gc,marking  ] GC(714) Concurrent Scan Root Regions
[341.497s][info][gc,cpu      ] GC(713) User=0.02s Sys=0.00s Real=0.01s
[341.498s][info][gc,marking  ] GC(714) Concurrent Scan Root Regions 2.909ms
[341.498s][info][gc,marking  ] GC(714) Concurrent Mark
[341.498s][info][gc,marking  ] GC(714) Concurrent Mark From Roots
[341.498s][info][gc,task     ] GC(714) Using 1 workers of 1 for marking
[341.570s][info][gc,marking  ] GC(714) Concurrent Mark From Roots 72.458ms
[341.570s][info][gc,marking  ] GC(714) Concurrent Preclean
[341.570s][info][gc,marking  ] GC(714) Concurrent Preclean 0.125ms
[341.570s][info][gc,start    ] GC(714) Pause Remark
[341.586s][info][gc          ] GC(714) Pause Remark 107M->101M(256M) 15.837ms
[341.586s][info][gc,cpu      ] GC(714) User=0.03s Sys=0.01s Real=0.01s
[341.586s][info][gc,marking  ] GC(714) Concurrent Mark 88.710ms
[341.586s][info][gc,marking  ] GC(714) Concurrent Rebuild Remembered Sets and Scrub Regions
[341.637s][info][gc,marking  ] GC(714) Concurrent Rebuild Remembered Sets and Scrub Regions 50.868ms
[341.640s][info][gc,start    ] GC(714) Pause Cleanup
[341.640s][info][gc          ] GC(714) Pause Cleanup 122M->122M(256M) 0.078ms
[341.640s][info][gc,cpu      ] GC(714) User=0.00s Sys=0.00s Real=0.00s
[341.640s][info][gc,marking  ] GC(714) Concurrent Clear Claimed Marks
[341.640s][info][gc,marking  ] GC(714) Concurrent Clear Claimed Marks 0.047ms
[341.640s][info][gc,marking  ] GC(714) Concurrent Cleanup for Next Mark
[341.642s][info][gc,marking  ] GC(714) Concurrent Cleanup for Next Mark 1.870ms
[341.642s][info][gc          ] GC(714) Concurrent Mark Cycle 147.045ms
[341.893s][info][gc,start    ] GC(715) Pause Young (Prepare Mixed) (G1 Evacuation Pause)
[341.893s][info][gc,task     ] GC(715) Using 2 workers of 2 for evacuation
[341.900s][info][gc,phases   ] GC(715)   Pre Evacuate Collection Set: 0.20ms
[341.900s][info][gc,phases   ] GC(715)   Merge Heap Roots: 0.08ms
[341.900s][info][gc,phases   ] GC(715)   Evacuate Collection Set: 6.51ms
[341.900s][info][gc,phases   ] GC(715)   Post Evacuate Collection Set: 0.64ms
[341.900s][info][gc,phases   ] GC(715)   Other: 0.09ms
[341.900s][info][gc,heap     ] GC(715) Eden regions: 146->0(139)
[341.900s][info][gc,heap     ] GC(715) Survivor regions: 7->10(20)
[341.900s][info][gc,heap     ] GC(715) Old regions: 58->58
[341.900s][info][gc,heap     ] GC(715) Humongous regions: 13->1
[341.900s][info][gc,metaspace] GC(715) Metaspace: 42851K(43264K)->42851K(43264K) NonClass: 40043K(40320K)->40043K(40320K) Class: 2807K(2944K)->2807K(2944K)
[341.900s][info][gc          ] GC(715) Pause Young (Prepare Mixed) (G1 Evacuation Pause) 223M->68M(256M) 7.713ms
[341.900s][info][gc,cpu      ] GC(715) User=0.02s Sys=0.00s Real=0.01s
[342.196s][info][gc,start    ] GC(716) Pause Young (Mixed) (G1 Evacuation Pause)
[342.196s][info][gc,task     ] GC(716) Using 2 workers of 2 for evacuation
[342.205s][info][gc,phases   ] GC(716)   Pre Evacuate Collection Set: 0.15ms
[342.205s][info][gc,phases   ] GC(716)   Merge Heap Roots: 0.11ms
[342.205s][info][gc,phases   ] GC(716)   Evacuate Collection Set: 8.19ms
[342.205s][info][gc,phases   ] GC(716)   Post Evacuate Collection Set: 0.43ms
[342.205s][info][gc,phases   ] GC(716)   Other: 0.10ms
[342.205s][info][gc,heap     ] GC(716) Eden regions: 139->0(143)
[342.205s][info][gc,heap     ] GC(716) Survivor regions: 10->10(19)
[342.205s][info][gc,heap     ] GC(716) Old regions: 58->55
[342.205s][info][gc,heap     ] GC(716) Humongous regions: 1->1
[342.205s][info][gc,metaspace] GC(716) Metaspace: 42851K(43264K)->42851K(43264K) NonClass: 40043K(40320K)->40043K(40320K) Class: 2807K(2944K)->2807K(2944K)
[342.205s][info][gc          ] GC(716) Pause Young (Mixed) (G1 Evacuation Pause) 207M->64M(256M) 9.208ms
[342.205s][info][gc,cpu      ] GC(716) User=0.01s Sys=0.00s Real=0.01s
[342.502s][info][gc,start    ] GC(717) Pause Young (Concurrent Start) (G1 Evacuation Pause)
[342.502s][info][gc,task     ] GC(717) Using 2 workers of 2 for evacuation
[342.509s][info][gc,phases   ] GC(717)   Pre Evacuate Collection Set: 0.17ms
[342.509s][info][gc,phases   ] GC(717)   Merge Heap Roots: 0.06ms
[342.509s][info][gc,phases   ] GC(717)   Evacuate Collection Set: 5.65ms
[342.509s][info][gc,phases   ] GC(717)   Post Evacuate Collection Set: 0.55ms
[342.509s][info][gc,phases   ] GC(717)   Other: 0.12ms
[342.509s][info][gc,heap     ] GC(717) Eden regions: 143->0(144)
[342.509s][info][gc,heap     ] GC(717) Survivor regions: 10->9(20)
[342.509s][info][gc,heap     ] GC(717) Old regions: 55->55
[342.509s][info][gc,heap     ] GC(717) Humongous regions: 1->1
[342.509s][info][gc,metaspace] GC(717) Metaspace: 42854K(43264K)->42854K(43264K) NonClass: 40047K(40320K)->40047K(40320K) Class: 2807K(2944K)->2807K(2944K)
[342.509s][info][gc          ] GC(717) Pause Young (Concurrent Start) (G1 Evacuation Pause) 207M->63M(256M) 6.752ms
[342.509s][info][gc          ] GC(718) Concurrent Mark Cycle
[342.509s][info][gc,marking  ] GC(718) Concurrent Scan Root Regions
[342.509s][info][gc,cpu      ] GC(717) User=0.02s Sys=0.01s Real=0.01s
[342.514s][info][gc,marking  ] GC(718) Concurrent Scan Root Regions 5.360ms
[342.514s][info][gc,marking  ] GC(718) Concurrent Mark
[342.514s][info][gc,marking  ] GC(718) Concurrent Mark From Roots
[342.514s][info][gc,task     ] GC(718) Using 1 workers of 1 for marking
[342.590s][info][gc,marking  ] GC(718) Concurrent Mark From Roots 75.584ms
[342.590s][info][gc,marking  ] GC(718) Concurrent Preclean
[342.590s][info][gc,marking  ] GC(718) Concurrent Preclean 0.111ms
[342.591s][info][gc,start    ] GC(718) Pause Remark
[342.607s][info][gc          ] GC(718) Pause Remark 94M->94M(256M) 15.992ms
[342.607s][info][gc,cpu      ] GC(718) User=0.03s Sys=0.00s Real=0.02s
[342.607s][info][gc,marking  ] GC(718) Concurrent Mark 92.730ms
[342.607s][info][gc,marking  ] GC(718) Concurrent Rebuild Remembered Sets and Scrub Regions
[342.634s][info][gc,marking  ] GC(718) Concurrent Rebuild Remembered Sets and Scrub Regions 26.954ms
[342.634s][info][gc,start    ] GC(718) Pause Cleanup
[342.634s][info][gc          ] GC(718) Pause Cleanup 106M->106M(256M) 0.042ms
[342.634s][info][gc,cpu      ] GC(718) User=0.00s Sys=0.00s Real=0.00s
[342.634s][info][gc,marking  ] GC(718) Concurrent Clear Claimed Marks
[342.634s][info][gc,marking  ] GC(718) Concurrent Clear Claimed Marks 0.035ms
[342.634s][info][gc,marking  ] GC(718) Concurrent Cleanup for Next Mark
[342.635s][info][gc,marking  ] GC(718) Concurrent Cleanup for Next Mark 0.769ms
[342.635s][info][gc          ] GC(718) Concurrent Mark Cycle 126.180ms
[342.850s][info][gc,start    ] GC(719) Pause Young (Prepare Mixed) (G1 Evacuation Pause)
[342.851s][info][gc,task     ] GC(719) Using 2 workers of 2 for evacuation
[342.858s][info][gc,phases   ] GC(719)   Pre Evacuate Collection Set: 0.25ms
[342.858s][info][gc,phases   ] GC(719)   Merge Heap Roots: 0.09ms
[342.858s][info][gc,phases   ] GC(719)   Evacuate Collection Set: 6.20ms
[342.858s][info][gc,phases   ] GC(719)   Post Evacuate Collection Set: 0.43ms
[342.858s][info][gc,phases   ] GC(719)   Other: 0.07ms
[342.858s][info][gc,heap     ] GC(719) Eden regions: 144->0(143)
[342.858s][info][gc,heap     ] GC(719) Survivor regions: 9->10(20)
[342.858s][info][gc,heap     ] GC(719) Old regions: 55->55
[342.858s][info][gc,heap     ] GC(719) Humongous regions: 1->1
[342.858s][info][gc,metaspace] GC(719) Metaspace: 42855K(43264K)->42855K(43264K) NonClass: 40047K(40320K)->40047K(40320K) Class: 2807K(2944K)->2807K(2944K)
[342.858s][info][gc          ] GC(719) Pause Young (Prepare Mixed) (G1 Evacuation Pause) 207M->64M(256M) 7.232ms
[342.858s][info][gc,cpu      ] GC(719) User=0.02s Sys=0.00s Real=0.01s
[343.156s][info][gc,start    ] GC(720) Pause Young (Mixed) (G1 Evacuation Pause)
[343.156s][info][gc,task     ] GC(720) Using 2 workers of 2 for evacuation
[343.166s][info][gc,phases   ] GC(720)   Pre Evacuate Collection Set: 0.15ms
[343.166s][info][gc,phases   ] GC(720)   Merge Heap Roots: 0.07ms
[343.166s][info][gc,phases   ] GC(720)   Evacuate Collection Set: 9.12ms
[343.166s][info][gc,phases   ] GC(720)   Post Evacuate Collection Set: 0.41ms
[343.166s][info][gc,phases   ] GC(720)   Other: 0.08ms
[343.166s][info][gc,heap     ] GC(720) Eden regions: 143->0(141)
[343.166s][info][gc,heap     ] GC(720) Survivor regions: 10->12(20)
[343.166s][info][gc,heap     ] GC(720) Old regions: 55->52
[343.166s][info][gc,heap     ] GC(720) Humongous regions: 1->1
[343.166s][info][gc,metaspace] GC(720) Metaspace: 42869K(43264K)->42869K(43264K) NonClass: 40062K(40320K)->40062K(40320K) Class: 2807K(2944K)->2807K(2944K)
[343.166s][info][gc          ] GC(720) Pause Young (Mixed) (G1 Evacuation Pause) 207M->63M(256M) 10.026ms
[343.166s][info][gc,cpu      ] GC(720) User=0.02s Sys=0.00s Real=0.01s
[343.460s][info][gc,start    ] GC(721) Pause Young (Concurrent Start) (G1 Evacuation Pause)
[343.460s][info][gc,task     ] GC(721) Using 2 workers of 2 for evacuation
[343.466s][info][gc,phases   ] GC(721)   Pre Evacuate Collection Set: 0.17ms
[343.466s][info][gc,phases   ] GC(721)   Merge Heap Roots: 0.07ms
[343.466s][info][gc,phases   ] GC(721)   Evacuate Collection Set: 4.97ms
[343.466s][info][gc,phases   ] GC(721)   Post Evacuate Collection Set: 0.40ms
[343.466s][info][gc,phases   ] GC(721)   Other: 0.10ms
[343.466s][info][gc,heap     ] GC(721) Eden regions: 141->0(149)
[343.466s][info][gc,heap     ] GC(721) Survivor regions: 12->4(20)
[343.466s][info][gc,heap     ] GC(721) Old regions: 52->57
[343.466s][info][gc,heap     ] GC(721) Humongous regions: 1->1
[343.466s][info][gc,metaspace] GC(721) Metaspace: 42869K(43264K)->42869K(43264K) NonClass: 40062K(40320K)->40062K(40320K) Class: 2807K(2944K)->2807K(2944K)
[343.466s][info][gc          ] GC(721) Pause Young (Concurrent Start) (G1 Evacuation Pause) 204M->60M(256M) 5.939ms
[343.466s][info][gc,cpu      ] GC(721) User=0.01s Sys=0.00s Real=0.00s
[343.466s][info][gc          ] GC(722) Concurrent Mark Cycle
[343.466s][info][gc,marking  ] GC(722) Concurrent Scan Root Regions
[343.469s][info][gc,marking  ] GC(722) Concurrent Scan Root Regions 3.149ms
[343.469s][info][gc,marking  ] GC(722) Concurrent Mark
[343.469s][info][gc,marking  ] GC(722) Concurrent Mark From Roots
[343.469s][info][gc,task     ] GC(722) Using 1 workers of 1 for marking
[343.574s][info][gc,marking  ] GC(722) Concurrent Mark From Roots 104.604ms
[343.574s][info][gc,marking  ] GC(722) Concurrent Preclean
[343.574s][info][gc,marking  ] GC(722) Concurrent Preclean 0.126ms
[343.575s][info][gc,start    ] GC(722) Pause Remark
[343.591s][info][gc          ] GC(722) Pause Remark 97M->97M(256M) 15.865ms
[343.591s][info][gc,cpu      ] GC(722) User=0.03s Sys=0.00s Real=0.02s
[343.592s][info][gc,marking  ] GC(722) Concurrent Mark 123.039ms
[343.592s][info][gc,marking  ] GC(722) Concurrent Rebuild Remembered Sets and Scrub Regions
[343.624s][info][gc,marking  ] GC(722) Concurrent Rebuild Remembered Sets and Scrub Regions 32.171ms
[343.624s][info][gc,start    ] GC(722) Pause Cleanup
[343.625s][info][gc          ] GC(722) Pause Cleanup 109M->109M(256M) 0.043ms
[343.625s][info][gc,cpu      ] GC(722) User=0.00s Sys=0.00s Real=0.00s
[343.625s][info][gc,marking  ] GC(722) Concurrent Clear Claimed Marks
[343.625s][info][gc,marking  ] GC(722) Concurrent Clear Claimed Marks 0.037ms
[343.625s][info][gc,marking  ] GC(722) Concurrent Cleanup for Next Mark
[343.625s][info][gc,marking  ] GC(722) Concurrent Cleanup for Next Mark 0.769ms
[343.625s][info][gc          ] GC(722) Concurrent Mark Cycle 159.489ms
[343.860s][info][gc,start    ] GC(723) Pause Young (Prepare Mixed) (G1 Evacuation Pause)
[343.860s][info][gc,task     ] GC(723) Using 2 workers of 2 for evacuation
[343.864s][info][gc,phases   ] GC(723)   Pre Evacuate Collection Set: 0.18ms
[343.864s][info][gc,phases   ] GC(723)   Merge Heap Roots: 0.08ms
[343.864s][info][gc,phases   ] GC(723)   Evacuate Collection Set: 3.54ms
[343.864s][info][gc,phases   ] GC(723)   Post Evacuate Collection Set: 0.42ms
[343.864s][info][gc,phases   ] GC(723)   Other: 0.08ms
[343.864s][info][gc,heap     ] GC(723) Eden regions: 149->0(146)
[343.864s][info][gc,heap     ] GC(723) Survivor regions: 4->7(20)
[343.864s][info][gc,heap     ] GC(723) Old regions: 57->57
[343.864s][info][gc,heap     ] GC(723) Humongous regions: 1->1
[343.864s][info][gc,metaspace] GC(723) Metaspace: 42873K(43264K)->42873K(43264K) NonClass: 40065K(40320K)->40065K(40320K) Class: 2807K(2944K)->2807K(2944K)
[343.864s][info][gc          ] GC(723) Pause Young (Prepare Mixed) (G1 Evacuation Pause) 209M->63M(256M) 4.482ms
[343.864s][info][gc,cpu      ] GC(723) User=0.01s Sys=0.00s Real=0.00s
[344.170s][info][gc,start    ] GC(724) Pause Young (Mixed) (G1 Evacuation Pause)
[344.170s][info][gc,task     ] GC(724) Using 2 workers of 2 for evacuation
[344.178s][info][gc,phases   ] GC(724)   Pre Evacuate Collection Set: 0.16ms
[344.178s][info][gc,phases   ] GC(724)   Merge Heap Roots: 0.09ms
[344.178s][info][gc,phases   ] GC(724)   Evacuate Collection Set: 6.95ms
[344.178s][info][gc,phases   ] GC(724)   Post Evacuate Collection Set: 0.52ms
[344.178s][info][gc,phases   ] GC(724)   Other: 0.08ms
[344.178s][info][gc,heap     ] GC(724) Eden regions: 146->0(144)
[344.178s][info][gc,heap     ] GC(724) Survivor regions: 7->9(20)
[344.178s][info][gc,heap     ] GC(724) Old regions: 57->55
[344.178s][info][gc,heap     ] GC(724) Humongous regions: 1->1
[344.178s][info][gc,metaspace] GC(724) Metaspace: 42876K(43264K)->42876K(43264K) NonClass: 40068K(40320K)->40068K(40320K) Class: 2807K(2944K)->2807K(2944K)
[344.178s][info][gc          ] GC(724) Pause Young (Mixed) (G1 Evacuation Pause) 209M->64M(256M) 8.015ms
[344.178s][info][gc,cpu      ] GC(724) User=0.02s Sys=0.00s Real=0.01s
[344.733s][info][gc,start    ] GC(725) Pause Young (Concurrent Start) (G1 Evacuation Pause)
[344.733s][info][gc,task     ] GC(725) Using 2 workers of 2 for evacuation
[344.737s][info][gc,phases   ] GC(725)   Pre Evacuate Collection Set: 0.15ms
[344.737s][info][gc,phases   ] GC(725)   Merge Heap Roots: 0.07ms
[344.737s][info][gc,phases   ] GC(725)   Evacuate Collection Set: 3.79ms
[344.737s][info][gc,phases   ] GC(725)   Post Evacuate Collection Set: 0.46ms
[344.737s][info][gc,phases   ] GC(725)   Other: 0.10ms
[344.738s][info][gc,heap     ] GC(725) Eden regions: 144->0(149)
[344.738s][info][gc,heap     ] GC(725) Survivor regions: 9->4(20)
[344.738s][info][gc,heap     ] GC(725) Old regions: 55->55
[344.738s][info][gc,heap     ] GC(725) Humongous regions: 1->1
[344.738s][info][gc,metaspace] GC(725) Metaspace: 42877K(43264K)->42877K(43264K) NonClass: 40069K(40320K)->40069K(40320K) Class: 2807K(2944K)->2807K(2944K)
[344.738s][info][gc          ] GC(725) Pause Young (Concurrent Start) (G1 Evacuation Pause) 208M->58M(256M) 4.734ms
[344.738s][info][gc,cpu      ] GC(725) User=0.01s Sys=0.00s Real=0.01s
[344.738s][info][gc          ] GC(726) Concurrent Mark Cycle
[344.739s][info][gc,marking  ] GC(726) Concurrent Scan Root Regions
[344.743s][info][gc,marking  ] GC(726) Concurrent Scan Root Regions 4.277ms
[344.743s][info][gc,marking  ] GC(726) Concurrent Mark
[344.743s][info][gc,marking  ] GC(726) Concurrent Mark From Roots
[344.743s][info][gc,task     ] GC(726) Using 1 workers of 1 for marking
[344.803s][info][gc,marking  ] GC(726) Concurrent Mark From Roots 60.322ms
[344.803s][info][gc,marking  ] GC(726) Concurrent Preclean
[344.804s][info][gc,marking  ] GC(726) Concurrent Preclean 0.206ms
[344.804s][info][gc,start    ] GC(726) Pause Remark
[344.820s][info][gc          ] GC(726) Pause Remark 63M->62M(256M) 16.202ms
[344.820s][info][gc,cpu      ] GC(726) User=0.04s Sys=0.00s Real=0.02s
[344.821s][info][gc,marking  ] GC(726) Concurrent Mark 77.680ms
[344.821s][info][gc,marking  ] GC(726) Concurrent Rebuild Remembered Sets and Scrub Regions
[344.843s][info][gc,marking  ] GC(726) Concurrent Rebuild Remembered Sets and Scrub Regions 22.677ms
[344.844s][info][gc,start    ] GC(726) Pause Cleanup
[344.844s][info][gc          ] GC(726) Pause Cleanup 62M->62M(256M) 0.040ms
[344.844s][info][gc,cpu      ] GC(726) User=0.00s Sys=0.00s Real=0.00s
[344.844s][info][gc,marking  ] GC(726) Concurrent Clear Claimed Marks
[344.844s][info][gc,marking  ] GC(726) Concurrent Clear Claimed Marks 0.034ms
[344.844s][info][gc,marking  ] GC(726) Concurrent Cleanup for Next Mark
[344.844s][info][gc,marking  ] GC(726) Concurrent Cleanup for Next Mark 0.744ms
[344.844s][info][gc          ] GC(726) Concurrent Mark Cycle 106.842ms
[345.644s][info][gc,start    ] GC(727) Pause Young (Prepare Mixed) (G1 Evacuation Pause)
[345.644s][info][gc,task     ] GC(727) Using 2 workers of 2 for evacuation
[345.659s][info][gc,phases   ] GC(727)   Pre Evacuate Collection Set: 0.17ms
[345.659s][info][gc,phases   ] GC(727)   Merge Heap Roots: 0.17ms
[345.659s][info][gc,phases   ] GC(727)   Evacuate Collection Set: 14.12ms
[345.659s][info][gc,phases   ] GC(727)   Post Evacuate Collection Set: 0.47ms
[345.659s][info][gc,phases   ] GC(727)   Other: 0.10ms
[345.659s][info][gc,heap     ] GC(727) Eden regions: 149->0(140)
[345.659s][info][gc,heap     ] GC(727) Survivor regions: 4->13(20)
[345.659s][info][gc,heap     ] GC(727) Old regions: 54->54
[345.659s][info][gc,heap     ] GC(727) Humongous regions: 11->1
[345.659s][info][gc,metaspace] GC(727) Metaspace: 42907K(43328K)->42907K(43328K) NonClass: 40099K(40384K)->40099K(40384K) Class: 2807K(2944K)->2807K(2944K)
[345.659s][info][gc          ] GC(727) Pause Young (Prepare Mixed) (G1 Evacuation Pause) 216M->66M(256M) 15.238ms
[345.659s][info][gc,cpu      ] GC(727) User=0.03s Sys=0.00s Real=0.02s
[346.154s][info][gc,start    ] GC(728) Pause Young (Mixed) (G1 Evacuation Pause)
[346.154s][info][gc,task     ] GC(728) Using 2 workers of 2 for evacuation
[346.177s][info][gc,phases   ] GC(728)   Pre Evacuate Collection Set: 0.17ms
[346.177s][info][gc,phases   ] GC(728)   Merge Heap Roots: 0.16ms
[346.177s][info][gc,phases   ] GC(728)   Evacuate Collection Set: 21.45ms
[346.177s][info][gc,phases   ] GC(728)   Post Evacuate Collection Set: 0.45ms
[346.177s][info][gc,phases   ] GC(728)   Other: 0.07ms
[346.177s][info][gc,heap     ] GC(728) Eden regions: 140->0(138)
[346.177s][info][gc,heap     ] GC(728) Survivor regions: 13->15(20)
[346.177s][info][gc,heap     ] GC(728) Old regions: 54->56
[346.177s][info][gc,heap     ] GC(728) Humongous regions: 3->3
[346.177s][info][gc,metaspace] GC(728) Metaspace: 42907K(43328K)->42907K(43328K) NonClass: 40099K(40384K)->40099K(40384K) Class: 2807K(2944K)->2807K(2944K)
[346.177s][info][gc          ] GC(728) Pause Young (Mixed) (G1 Evacuation Pause) 208M->73M(256M) 22.477ms
[346.177s][info][gc,cpu      ] GC(728) User=0.04s Sys=0.00s Real=0.03s
[346.190s][info][gc,start    ] GC(729) Pause Young (Concurrent Start) (G1 Humongous Allocation)
[346.190s][info][gc,task     ] GC(729) Using 2 workers of 2 for evacuation
[346.203s][info][gc,phases   ] GC(729)   Pre Evacuate Collection Set: 0.17ms
[346.203s][info][gc,phases   ] GC(729)   Merge Heap Roots: 0.05ms
[346.203s][info][gc,phases   ] GC(729)   Evacuate Collection Set: 12.49ms
[346.203s][info][gc,phases   ] GC(729)   Post Evacuate Collection Set: 0.28ms
[346.203s][info][gc,phases   ] GC(729)   Other: 0.10ms
[346.203s][info][gc,heap     ] GC(729) Eden regions: 7->0(147)
[346.203s][info][gc,heap     ] GC(729) Survivor regions: 15->2(20)
[346.203s][info][gc,heap     ] GC(729) Old regions: 56->71
[346.203s][info][gc,heap     ] GC(729) Humongous regions: 3->3
[346.203s][info][gc,metaspace] GC(729) Metaspace: 42907K(43328K)->42907K(43328K) NonClass: 40099K(40384K)->40099K(40384K) Class: 2807K(2944K)->2807K(2944K)
[346.203s][info][gc          ] GC(729) Pause Young (Concurrent Start) (G1 Humongous Allocation) 80M->74M(256M) 13.247ms
[346.203s][info][gc          ] GC(730) Concurrent Mark Cycle
[346.203s][info][gc,marking  ] GC(730) Concurrent Scan Root Regions
[346.205s][info][gc,cpu      ] GC(729) User=0.03s Sys=0.00s Real=0.01s
[346.220s][info][gc,marking  ] GC(730) Concurrent Scan Root Regions 17.220ms
[346.220s][info][gc,marking  ] GC(730) Concurrent Mark
[346.220s][info][gc,marking  ] GC(730) Concurrent Mark From Roots
[346.220s][info][gc,task     ] GC(730) Using 1 workers of 1 for marking
[346.298s][info][gc,marking  ] GC(730) Concurrent Mark From Roots 77.147ms
[346.298s][info][gc,marking  ] GC(730) Concurrent Preclean
[346.298s][info][gc,marking  ] GC(730) Concurrent Preclean 0.107ms
[346.298s][info][gc,start    ] GC(730) Pause Remark
[346.314s][info][gc          ] GC(730) Pause Remark 94M->91M(256M) 16.604ms
[346.314s][info][gc,cpu      ] GC(730) User=0.03s Sys=0.00s Real=0.01s
[346.314s][info][gc,marking  ] GC(730) Concurrent Mark 94.128ms
[346.314s][info][gc,marking  ] GC(730) Concurrent Rebuild Remembered Sets and Scrub Regions
[346.344s][info][gc,marking  ] GC(730) Concurrent Rebuild Remembered Sets and Scrub Regions 29.766ms
[346.344s][info][gc,start    ] GC(730) Pause Cleanup
[346.344s][info][gc          ] GC(730) Pause Cleanup 97M->97M(256M) 0.045ms
[346.344s][info][gc,cpu      ] GC(730) User=0.00s Sys=0.00s Real=0.00s
[346.344s][info][gc,marking  ] GC(730) Concurrent Clear Claimed Marks
[346.345s][info][gc,marking  ] GC(730) Concurrent Clear Claimed Marks 0.036ms
[346.345s][info][gc,marking  ] GC(730) Concurrent Cleanup for Next Mark
[346.345s][info][gc,marking  ] GC(730) Concurrent Cleanup for Next Mark 0.767ms
[346.345s][info][gc          ] GC(730) Concurrent Mark Cycle 142.225ms
[346.608s][info][gc,start    ] GC(731) Pause Young (Prepare Mixed) (G1 Evacuation Pause)
[346.608s][info][gc,task     ] GC(731) Using 2 workers of 2 for evacuation
[346.626s][info][gc,phases   ] GC(731)   Pre Evacuate Collection Set: 0.19ms
[346.626s][info][gc,phases   ] GC(731)   Merge Heap Roots: 0.09ms
[346.626s][info][gc,phases   ] GC(731)   Evacuate Collection Set: 17.85ms
[346.626s][info][gc,phases   ] GC(731)   Post Evacuate Collection Set: 0.38ms
[346.626s][info][gc,phases   ] GC(731)   Other: 0.07ms
[346.626s][info][gc,heap     ] GC(731) Eden regions: 147->0(132)
[346.626s][info][gc,heap     ] GC(731) Survivor regions: 2->17(19)
[346.626s][info][gc,heap     ] GC(731) Old regions: 68->68
[346.626s][info][gc,heap     ] GC(731) Humongous regions: 4->4
[346.626s][info][gc,metaspace] GC(731) Metaspace: 42907K(43328K)->42907K(43328K) NonClass: 40099K(40384K)->40099K(40384K) Class: 2807K(2944K)->2807K(2944K)
[346.626s][info][gc          ] GC(731) Pause Young (Prepare Mixed) (G1 Evacuation Pause) 219M->88M(256M) 18.764ms
[346.626s][info][gc,cpu      ] GC(731) User=0.03s Sys=0.00s Real=0.01s
[346.912s][info][gc,start    ] GC(732) Pause Young (Mixed) (G1 Evacuation Pause)
[346.912s][info][gc,task     ] GC(732) Using 2 workers of 2 for evacuation
[346.948s][info][gc,phases   ] GC(732)   Pre Evacuate Collection Set: 0.26ms
[346.948s][info][gc,phases   ] GC(732)   Merge Heap Roots: 0.24ms
[346.948s][info][gc,phases   ] GC(732)   Evacuate Collection Set: 35.67ms
[346.948s][info][gc,phases   ] GC(732)   Post Evacuate Collection Set: 0.45ms
[346.948s][info][gc,phases   ] GC(732)   Other: 0.11ms
[346.948s][info][gc,heap     ] GC(732) Eden regions: 132->0(126)
[346.948s][info][gc,heap     ] GC(732) Survivor regions: 17->15(19)
[346.948s][info][gc,heap     ] GC(732) Old regions: 68->74
[346.948s][info][gc,heap     ] GC(732) Humongous regions: 6->6
[346.949s][info][gc,metaspace] GC(732) Metaspace: 42907K(43328K)->42907K(43328K) NonClass: 40099K(40384K)->40099K(40384K) Class: 2807K(2944K)->2807K(2944K)
[346.949s][info][gc          ] GC(732) Pause Young (Mixed) (G1 Evacuation Pause) 222M->94M(256M) 36.910ms
[346.949s][info][gc,cpu      ] GC(732) User=0.07s Sys=0.00s Real=0.04s
[347.208s][info][gc,start    ] GC(733) Pause Young (Concurrent Start) (G1 Evacuation Pause)
[347.208s][info][gc,task     ] GC(733) Using 2 workers of 2 for evacuation
[347.239s][info][gc,phases   ] GC(733)   Pre Evacuate Collection Set: 0.20ms
[347.239s][info][gc,phases   ] GC(733)   Merge Heap Roots: 0.08ms
[347.239s][info][gc,phases   ] GC(733)   Evacuate Collection Set: 30.48ms
[347.239s][info][gc,phases   ] GC(733)   Post Evacuate Collection Set: 0.44ms
[347.239s][info][gc,phases   ] GC(733)   Other: 0.12ms
[347.239s][info][gc,heap     ] GC(733) Eden regions: 126->0(115)
[347.239s][info][gc,heap     ] GC(733) Survivor regions: 15->14(18)
[347.239s][info][gc,heap     ] GC(733) Old regions: 74->89
[347.239s][info][gc,heap     ] GC(733) Humongous regions: 6->6
[347.239s][info][gc,metaspace] GC(733) Metaspace: 42907K(43328K)->42907K(43328K) NonClass: 40099K(40384K)->40099K(40384K) Class: 2807K(2944K)->2807K(2944K)
[347.239s][info][gc          ] GC(733) Pause Young (Concurrent Start) (G1 Evacuation Pause) 220M->108M(256M) 31.507ms
[347.239s][info][gc,cpu      ] GC(733) User=0.06s Sys=0.00s Real=0.03s
[347.239s][info][gc          ] GC(734) Concurrent Mark Cycle
[347.239s][info][gc,marking  ] GC(734) Concurrent Scan Root Regions
[347.285s][info][gc,marking  ] GC(734) Concurrent Scan Root Regions 45.817ms
[347.285s][info][gc,marking  ] GC(734) Concurrent Mark
[347.285s][info][gc,marking  ] GC(734) Concurrent Mark From Roots
[347.285s][info][gc,task     ] GC(734) Using 1 workers of 1 for marking
[347.403s][info][gc,marking  ] GC(734) Concurrent Mark From Roots 117.947ms
[347.403s][info][gc,marking  ] GC(734) Concurrent Preclean
[347.403s][info][gc,marking  ] GC(734) Concurrent Preclean 0.054ms
[347.403s][info][gc,start    ] GC(734) Pause Remark
[347.419s][info][gc          ] GC(734) Pause Remark 148M->147M(256M) 16.204ms
[347.419s][info][gc,cpu      ] GC(734) User=0.03s Sys=0.00s Real=0.02s
[347.421s][info][gc,marking  ] GC(734) Concurrent Mark 136.017ms
[347.421s][info][gc,marking  ] GC(734) Concurrent Rebuild Remembered Sets and Scrub Regions
[347.528s][info][gc,marking  ] GC(734) Concurrent Rebuild Remembered Sets and Scrub Regions 106.744ms
[347.528s][info][gc,start    ] GC(734) Pause Cleanup
[347.528s][info][gc          ] GC(734) Pause Cleanup 184M->184M(256M) 0.068ms
[347.528s][info][gc,cpu      ] GC(734) User=0.00s Sys=0.00s Real=0.00s
[347.529s][info][gc,marking  ] GC(734) Concurrent Clear Claimed Marks
[347.529s][info][gc,marking  ] GC(734) Concurrent Clear Claimed Marks 0.043ms
[347.529s][info][gc,marking  ] GC(734) Concurrent Cleanup for Next Mark
[347.531s][info][gc,marking  ] GC(734) Concurrent Cleanup for Next Mark 1.914ms
[347.531s][info][gc          ] GC(734) Concurrent Mark Cycle 291.695ms
[347.627s][info][gc,start    ] GC(735) Pause Young (Prepare Mixed) (G1 Evacuation Pause)
[347.627s][info][gc,task     ] GC(735) Using 2 workers of 2 for evacuation
[347.658s][info][gc,phases   ] GC(735)   Pre Evacuate Collection Set: 0.16ms
[347.658s][info][gc,phases   ] GC(735)   Merge Heap Roots: 0.11ms
[347.658s][info][gc,phases   ] GC(735)   Evacuate Collection Set: 30.04ms
[347.658s][info][gc,phases   ] GC(735)   Post Evacuate Collection Set: 0.42ms
[347.658s][info][gc,phases   ] GC(735)   Other: 0.09ms
[347.658s][info][gc,heap     ] GC(735) Eden regions: 115->0(104)
[347.658s][info][gc,heap     ] GC(735) Survivor regions: 14->11(17)
[347.658s][info][gc,heap     ] GC(735) Old regions: 89->103
[347.658s][info][gc,heap     ] GC(735) Humongous regions: 10->9
[347.658s][info][gc,metaspace] GC(735) Metaspace: 42907K(43328K)->42907K(43328K) NonClass: 40099K(40384K)->40099K(40384K) Class: 2807K(2944K)->2807K(2944K)
[347.658s][info][gc          ] GC(735) Pause Young (Prepare Mixed) (G1 Evacuation Pause) 227M->122M(256M) 30.993ms
[347.658s][info][gc,cpu      ] GC(735) User=0.06s Sys=0.00s Real=0.03s
[347.925s][info][gc,start    ] GC(736) Pause Young (Mixed) (G1 Evacuation Pause)
[347.926s][info][gc,task     ] GC(736) Using 2 workers of 2 for evacuation
[347.959s][info][gc,phases   ] GC(736)   Pre Evacuate Collection Set: 0.17ms
[347.959s][info][gc,phases   ] GC(736)   Merge Heap Roots: 0.13ms
[347.959s][info][gc,phases   ] GC(736)   Evacuate Collection Set: 31.62ms
[347.959s][info][gc,phases   ] GC(736)   Post Evacuate Collection Set: 1.37ms
[347.959s][info][gc,phases   ] GC(736)   Other: 0.09ms
[347.959s][info][gc,heap     ] GC(736) Eden regions: 104->0(211)
[347.959s][info][gc,heap     ] GC(736) Survivor regions: 11->15(15)
[347.959s][info][gc,heap     ] GC(736) Old regions: 103->111
[347.959s][info][gc,heap     ] GC(736) Humongous regions: 9->9
[347.959s][info][gc,metaspace] GC(736) Metaspace: 42912K(43328K)->42912K(43328K) NonClass: 40104K(40384K)->40104K(40384K) Class: 2807K(2944K)->2807K(2944K)
[347.959s][info][gc          ] GC(736) Pause Young (Mixed) (G1 Evacuation Pause) 226M->134M(397M) 33.563ms
[347.959s][info][gc,cpu      ] GC(736) User=0.07s Sys=0.00s Real=0.04s
[347.996s][info][gc,start    ] GC(737) Pause Young (Concurrent Start) (G1 Humongous Allocation)
[347.996s][info][gc,task     ] GC(737) Using 2 workers of 2 for evacuation
[348.015s][info][gc,phases   ] GC(737)   Pre Evacuate Collection Set: 0.21ms
[348.015s][info][gc,phases   ] GC(737)   Merge Heap Roots: 0.07ms
[348.015s][info][gc,phases   ] GC(737)   Evacuate Collection Set: 18.17ms
[348.015s][info][gc,phases   ] GC(737)   Post Evacuate Collection Set: 0.42ms
[348.015s][info][gc,phases   ] GC(737)   Other: 0.14ms
[348.015s][info][gc,heap     ] GC(737) Eden regions: 12->0(159)
[348.015s][info][gc,heap     ] GC(737) Survivor regions: 15->17(29)
[348.015s][info][gc,heap     ] GC(737) Old regions: 111->113
[348.015s][info][gc,heap     ] GC(737) Humongous regions: 9->9
[348.015s][info][gc,metaspace] GC(737) Metaspace: 42912K(43328K)->42912K(43328K) NonClass: 40104K(40384K)->40104K(40384K) Class: 2807K(2944K)->2807K(2944K)
[348.015s][info][gc          ] GC(737) Pause Young (Concurrent Start) (G1 Humongous Allocation) (Evacuation Failure: Pinned) 145M->138M(397M) 19.202ms
[348.015s][info][gc,cpu      ] GC(737) User=0.03s Sys=0.00s Real=0.02s
[348.015s][info][gc          ] GC(738) Concurrent Mark Cycle
[348.015s][info][gc,marking  ] GC(738) Concurrent Scan Root Regions
[348.060s][info][gc,marking  ] GC(738) Concurrent Scan Root Regions 44.864ms
[348.060s][info][gc,marking  ] GC(738) Concurrent Mark
[348.060s][info][gc,marking  ] GC(738) Concurrent Mark From Roots
[348.060s][info][gc,task     ] GC(738) Using 1 workers of 1 for marking
[348.217s][info][gc,marking  ] GC(738) Concurrent Mark From Roots 157.312ms
[348.217s][info][gc,marking  ] GC(738) Concurrent Preclean
[348.217s][info][gc,marking  ] GC(738) Concurrent Preclean 0.057ms
[348.217s][info][gc,start    ] GC(738) Pause Remark
[348.247s][info][gc          ] GC(738) Pause Remark 151M->149M(397M) 30.174ms
[348.247s][info][gc,cpu      ] GC(738) User=0.03s Sys=0.00s Real=0.03s
[348.248s][info][gc,marking  ] GC(738) Concurrent Mark 187.746ms
[348.248s][info][gc,marking  ] GC(738) Concurrent Rebuild Remembered Sets and Scrub Regions
[348.313s][info][gc,marking  ] GC(738) Concurrent Rebuild Remembered Sets and Scrub Regions 65.972ms
[348.314s][info][gc,start    ] GC(738) Pause Cleanup
[348.314s][info][gc          ] GC(738) Pause Cleanup 149M->149M(397M) 0.048ms
[348.314s][info][gc,cpu      ] GC(738) User=0.00s Sys=0.00s Real=0.00s
[348.314s][info][gc,marking  ] GC(738) Concurrent Clear Claimed Marks
[348.314s][info][gc,marking  ] GC(738) Concurrent Clear Claimed Marks 0.048ms
[348.314s][info][gc,marking  ] GC(738) Concurrent Cleanup for Next Mark
[348.316s][info][gc,marking  ] GC(738) Concurrent Cleanup for Next Mark 2.504ms
[348.316s][info][gc          ] GC(738) Concurrent Mark Cycle 301.421ms
[351.277s][info][gc,start    ] GC(739) Pause Young (Prepare Mixed) (G1 Evacuation Pause)
[351.277s][info][gc,task     ] GC(739) Using 2 workers of 2 for evacuation
[351.302s][info][gc,phases   ] GC(739)   Pre Evacuate Collection Set: 0.25ms
[351.302s][info][gc,phases   ] GC(739)   Merge Heap Roots: 0.14ms
[351.302s][info][gc,phases   ] GC(739)   Evacuate Collection Set: 23.88ms
[351.302s][info][gc,phases   ] GC(739)   Post Evacuate Collection Set: 0.47ms
[351.302s][info][gc,phases   ] GC(739)   Other: 0.08ms
[351.302s][info][gc,heap     ] GC(739) Eden regions: 159->0(175)
[351.302s][info][gc,heap     ] GC(739) Survivor regions: 17->7(22)
[351.302s][info][gc,heap     ] GC(739) Old regions: 113->122
[351.302s][info][gc,heap     ] GC(739) Humongous regions: 10->5
[351.302s][info][gc,metaspace] GC(739) Metaspace: 42914K(43328K)->42914K(43328K) NonClass: 40107K(40384K)->40107K(40384K) Class: 2807K(2944K)->2807K(2944K)
[351.302s][info][gc          ] GC(739) Pause Young (Prepare Mixed) (G1 Evacuation Pause) 298M->134M(397M) 24.993ms
[351.302s][info][gc,cpu      ] GC(739) User=0.05s Sys=0.00s Real=0.02s
[351.777s][info][gc,start    ] GC(740) Pause Young (Mixed) (G1 Evacuation Pause)
[351.777s][info][gc,task     ] GC(740) Using 2 workers of 2 for evacuation
[351.803s][info][gc,phases   ] GC(740)   Pre Evacuate Collection Set: 0.25ms
[351.803s][info][gc,phases   ] GC(740)   Merge Heap Roots: 0.14ms
[351.803s][info][gc,phases   ] GC(740)   Evacuate Collection Set: 24.66ms
[351.803s][info][gc,phases   ] GC(740)   Post Evacuate Collection Set: 0.55ms
[351.803s][info][gc,phases   ] GC(740)   Other: 0.12ms
[351.803s][info][gc,heap     ] GC(740) Eden regions: 175->0(179)
[351.803s][info][gc,heap     ] GC(740) Survivor regions: 7->15(23)
[351.803s][info][gc,heap     ] GC(740) Old regions: 122->120
[351.803s][info][gc,heap     ] GC(740) Humongous regions: 7->7
[351.803s][info][gc,metaspace] GC(740) Metaspace: 42923K(43328K)->42923K(43328K) NonClass: 40115K(40384K)->40115K(40384K) Class: 2808K(2944K)->2808K(2944K)
[351.803s][info][gc          ] GC(740) Pause Young (Mixed) (G1 Evacuation Pause) 311M->142M(397M) 25.923ms
[351.803s][info][gc,cpu      ] GC(740) User=0.06s Sys=0.00s Real=0.02s
[351.913s][info][gc,start    ] GC(741) Pause Young (Concurrent Start) (G1 Humongous Allocation)
[351.913s][info][gc,task     ] GC(741) Using 2 workers of 2 for evacuation
[351.934s][info][gc,phases   ] GC(741)   Pre Evacuate Collection Set: 0.23ms
[351.934s][info][gc,phases   ] GC(741)   Merge Heap Roots: 0.08ms
[351.934s][info][gc,phases   ] GC(741)   Evacuate Collection Set: 20.42ms
[351.934s][info][gc,phases   ] GC(741)   Post Evacuate Collection Set: 0.37ms
[351.934s][info][gc,phases   ] GC(741)   Other: 0.11ms
[351.934s][info][gc,heap     ] GC(741) Eden regions: 48->0(177)
[351.934s][info][gc,heap     ] GC(741) Survivor regions: 15->17(25)
[351.934s][info][gc,heap     ] GC(741) Old regions: 120->125
[351.934s][info][gc,heap     ] GC(741) Humongous regions: 7->7
[351.934s][info][gc,metaspace] GC(741) Metaspace: 42923K(43328K)->42923K(43328K) NonClass: 40115K(40384K)->40115K(40384K) Class: 2808K(2944K)->2808K(2944K)
[351.934s][info][gc          ] GC(741) Pause Young (Concurrent Start) (G1 Humongous Allocation) 190M->148M(397M) 21.414ms
[351.934s][info][gc,cpu      ] GC(741) User=0.04s Sys=0.00s Real=0.02s
[351.934s][info][gc          ] GC(742) Concurrent Mark Cycle
[351.934s][info][gc,marking  ] GC(742) Concurrent Scan Root Regions
[351.947s][info][gc,marking  ] GC(742) Concurrent Scan Root Regions 13.395ms
[351.947s][info][gc,marking  ] GC(742) Concurrent Mark
[351.947s][info][gc,marking  ] GC(742) Concurrent Mark From Roots
[351.948s][info][gc,task     ] GC(742) Using 1 workers of 1 for marking
[351.974s][info][gc,marking  ] GC(742) Concurrent Mark From Roots 26.283ms
[351.974s][info][gc,marking  ] GC(742) Concurrent Preclean
[351.974s][info][gc,marking  ] GC(742) Concurrent Preclean 0.048ms
[351.974s][info][gc,start    ] GC(742) Pause Remark
[351.990s][info][gc          ] GC(742) Pause Remark 165M->141M(397M) 15.948ms
[351.990s][info][gc,cpu      ] GC(742) User=0.03s Sys=0.00s Real=0.02s
[351.991s][info][gc,marking  ] GC(742) Concurrent Mark 43.234ms
[351.991s][info][gc,marking  ] GC(742) Concurrent Rebuild Remembered Sets and Scrub Regions
[352.009s][info][gc,marking  ] GC(742) Concurrent Rebuild Remembered Sets and Scrub Regions 18.258ms
[352.009s][info][gc,start    ] GC(742) Pause Cleanup
[352.009s][info][gc          ] GC(742) Pause Cleanup 149M->149M(397M) 0.062ms
[352.009s][info][gc,cpu      ] GC(742) User=0.00s Sys=0.00s Real=0.00s
[352.009s][info][gc,marking  ] GC(742) Concurrent Clear Claimed Marks
[352.009s][info][gc,marking  ] GC(742) Concurrent Clear Claimed Marks 0.033ms
[352.009s][info][gc,marking  ] GC(742) Concurrent Cleanup for Next Mark
[352.010s][info][gc,marking  ] GC(742) Concurrent Cleanup for Next Mark 1.127ms
[352.010s][info][gc          ] GC(742) Concurrent Mark Cycle 76.468ms
[352.375s][info][gc,start    ] GC(743) Pause Young (Prepare Mixed) (G1 Evacuation Pause)
[352.375s][info][gc,task     ] GC(743) Using 2 workers of 2 for evacuation
[352.415s][info][gc,phases   ] GC(743)   Pre Evacuate Collection Set: 0.22ms
[352.415s][info][gc,phases   ] GC(743)   Merge Heap Roots: 0.10ms
[352.415s][info][gc,phases   ] GC(743)   Evacuate Collection Set: 39.53ms
[352.415s][info][gc,phases   ] GC(743)   Post Evacuate Collection Set: 0.48ms
[352.415s][info][gc,phases   ] GC(743)   Other: 0.08ms
[352.415s][info][gc,heap     ] GC(743) Eden regions: 177->0(181)
[352.415s][info][gc,heap     ] GC(743) Survivor regions: 17->25(25)
[352.415s][info][gc,heap     ] GC(743) Old regions: 105->117
[352.415s][info][gc,heap     ] GC(743) Humongous regions: 6->6
[352.415s][info][gc,metaspace] GC(743) Metaspace: 42923K(43328K)->42923K(43328K) NonClass: 40115K(40384K)->40115K(40384K) Class: 2808K(2944K)->2808K(2944K)
[352.415s][info][gc          ] GC(743) Pause Young (Prepare Mixed) (G1 Evacuation Pause) 304M->148M(397M) 40.621ms
[352.415s][info][gc,cpu      ] GC(743) User=0.08s Sys=0.00s Real=0.04s
[352.801s][info][gc,start    ] GC(744) Pause Young (Mixed) (G1 Evacuation Pause)
[352.801s][info][gc,task     ] GC(744) Using 2 workers of 2 for evacuation
[352.849s][info][gc,phases   ] GC(744)   Pre Evacuate Collection Set: 0.22ms
[352.849s][info][gc,phases   ] GC(744)   Merge Heap Roots: 0.16ms
[352.849s][info][gc,phases   ] GC(744)   Evacuate Collection Set: 47.36ms
[352.849s][info][gc,phases   ] GC(744)   Post Evacuate Collection Set: 0.54ms
[352.849s][info][gc,phases   ] GC(744)   Other: 0.08ms
[352.849s][info][gc,heap     ] GC(744) Eden regions: 181->0(196)
[352.849s][info][gc,heap     ] GC(744) Survivor regions: 25->21(26)
[352.849s][info][gc,heap     ] GC(744) Old regions: 117->103
[352.849s][info][gc,heap     ] GC(744) Humongous regions: 6->6
[352.849s][info][gc,metaspace] GC(744) Metaspace: 42923K(43328K)->42923K(43328K) NonClass: 40115K(40384K)->40115K(40384K) Class: 2808K(2944K)->2808K(2944K)
[352.849s][info][gc          ] GC(744) Pause Young (Mixed) (G1 Evacuation Pause) 329M->129M(397M) 48.609ms
[352.849s][info][gc,cpu      ] GC(744) User=0.09s Sys=0.00s Real=0.05s
[353.328s][info][gc,start    ] GC(745) Pause Young (Mixed) (G1 Evacuation Pause)
[353.329s][info][gc,task     ] GC(745) Using 2 workers of 2 for evacuation
[353.414s][info][gc,phases   ] GC(745)   Pre Evacuate Collection Set: 0.22ms
[353.414s][info][gc,phases   ] GC(745)   Merge Heap Roots: 0.23ms
[353.414s][info][gc,phases   ] GC(745)   Evacuate Collection Set: 84.16ms
[353.414s][info][gc,phases   ] GC(745)   Post Evacuate Collection Set: 0.52ms
[353.414s][info][gc,phases   ] GC(745)   Other: 0.08ms
[353.414s][info][gc,heap     ] GC(745) Eden regions: 196->0(198)
[353.414s][info][gc,heap     ] GC(745) Survivor regions: 21->23(28)
[353.414s][info][gc,heap     ] GC(745) Old regions: 103->98
[353.414s][info][gc,heap     ] GC(745) Humongous regions: 10->10
[353.414s][info][gc,metaspace] GC(745) Metaspace: 42923K(43328K)->42923K(43328K) NonClass: 40115K(40384K)->40115K(40384K) Class: 2808K(2944K)->2808K(2944K)
[353.414s][info][gc          ] GC(745) Pause Young (Mixed) (G1 Evacuation Pause) 329M->130M(397M) 85.417ms
[353.414s][info][gc,cpu      ] GC(745) User=0.12s Sys=0.00s Real=0.08s
[353.642s][info][gc,start    ] GC(746) Pause Young (Concurrent Start) (G1 Humongous Allocation)
[353.642s][info][gc,task     ] GC(746) Using 2 workers of 2 for evacuation
[353.681s][info][gc,phases   ] GC(746)   Pre Evacuate Collection Set: 0.21ms
[353.681s][info][gc,phases   ] GC(746)   Merge Heap Roots: 0.12ms
[353.681s][info][gc,phases   ] GC(746)   Evacuate Collection Set: 37.00ms
[353.681s][info][gc,phases   ] GC(746)   Post Evacuate Collection Set: 1.15ms
[353.681s][info][gc,phases   ] GC(746)   Other: 0.10ms
[353.681s][info][gc,heap     ] GC(746) Eden regions: 41->0(245)
[353.681s][info][gc,heap     ] GC(746) Survivor regions: 23->15(28)
[353.681s][info][gc,heap     ] GC(746) Old regions: 98->120
[353.681s][info][gc,heap     ] GC(746) Humongous regions: 10->10
[353.681s][info][gc,metaspace] GC(746) Metaspace: 42923K(43328K)->42923K(43328K) NonClass: 40115K(40384K)->40115K(40384K) Class: 2808K(2944K)->2808K(2944K)
[353.681s][info][gc          ] GC(746) Pause Young (Concurrent Start) (G1 Humongous Allocation) 170M->145M(482M) 38.838ms
[353.681s][info][gc,cpu      ] GC(746) User=0.08s Sys=0.00s Real=0.04s
[353.681s][info][gc          ] GC(747) Concurrent Mark Cycle
[353.681s][info][gc,marking  ] GC(747) Concurrent Scan Root Regions
[353.721s][info][gc,marking  ] GC(747) Concurrent Scan Root Regions 40.126ms
[353.721s][info][gc,marking  ] GC(747) Concurrent Mark
[353.721s][info][gc,marking  ] GC(747) Concurrent Mark From Roots
[353.721s][info][gc,task     ] GC(747) Using 1 workers of 1 for marking
[353.827s][info][gc,marking  ] GC(747) Concurrent Mark From Roots 105.771ms
[353.827s][info][gc,marking  ] GC(747) Concurrent Preclean
[353.827s][info][gc,marking  ] GC(747) Concurrent Preclean 0.043ms
[353.827s][info][gc,start    ] GC(747) Pause Remark
[353.844s][info][gc          ] GC(747) Pause Remark 157M->150M(467M) 16.777ms
[353.844s][info][gc,cpu      ] GC(747) User=0.03s Sys=0.00s Real=0.01s
[353.844s][info][gc,marking  ] GC(747) Concurrent Mark 122.955ms
[353.844s][info][gc,marking  ] GC(747) Concurrent Rebuild Remembered Sets and Scrub Regions
[353.910s][info][gc,marking  ] GC(747) Concurrent Rebuild Remembered Sets and Scrub Regions 65.136ms
[353.910s][info][gc,start    ] GC(747) Pause Cleanup
[353.910s][info][gc          ] GC(747) Pause Cleanup 157M->157M(467M) 0.072ms
[353.910s][info][gc,cpu      ] GC(747) User=0.00s Sys=0.00s Real=0.00s
[353.910s][info][gc,marking  ] GC(747) Concurrent Clear Claimed Marks
[353.910s][info][gc,marking  ] GC(747) Concurrent Clear Claimed Marks 0.042ms
[353.910s][info][gc,marking  ] GC(747) Concurrent Cleanup for Next Mark
[353.912s][info][gc,marking  ] GC(747) Concurrent Cleanup for Next Mark 2.241ms
[353.912s][info][gc          ] GC(747) Concurrent Mark Cycle 231.069ms
[355.384s][info][gc,start    ] GC(748) Pause Young (Prepare Mixed) (G1 Evacuation Pause)
[355.384s][info][gc,task     ] GC(748) Using 2 workers of 2 for evacuation
[355.411s][info][gc,phases   ] GC(748)   Pre Evacuate Collection Set: 0.31ms
[355.411s][info][gc,phases   ] GC(748)   Merge Heap Roots: 0.22ms
[355.411s][info][gc,phases   ] GC(748)   Evacuate Collection Set: 25.08ms
[355.411s][info][gc,phases   ] GC(748)   Post Evacuate Collection Set: 0.51ms
[355.411s][info][gc,phases   ] GC(748)   Other: 0.08ms
[355.411s][info][gc,heap     ] GC(748) Eden regions: 245->0(238)
[355.411s][info][gc,heap     ] GC(748) Survivor regions: 15->19(33)
[355.411s][info][gc,heap     ] GC(748) Old regions: 116->116
[355.411s][info][gc,heap     ] GC(748) Humongous regions: 15->13
[355.411s][info][gc,metaspace] GC(748) Metaspace: 42923K(43328K)->42923K(43328K) NonClass: 40115K(40384K)->40115K(40384K) Class: 2808K(2944K)->2808K(2944K)
[355.411s][info][gc          ] GC(748) Pause Young (Prepare Mixed) (G1 Evacuation Pause) 391M->148M(467M) 26.409ms
[355.411s][info][gc,cpu      ] GC(748) User=0.06s Sys=0.00s Real=0.03s
[356.675s][info][gc,start    ] GC(749) Pause Young (Mixed) (G1 Evacuation Pause)
[356.676s][info][gc,task     ] GC(749) Using 2 workers of 2 for evacuation
[356.697s][info][gc,phases   ] GC(749)   Pre Evacuate Collection Set: 0.27ms
[356.697s][info][gc,phases   ] GC(749)   Merge Heap Roots: 0.16ms
[356.697s][info][gc,phases   ] GC(749)   Evacuate Collection Set: 20.09ms
[356.697s][info][gc,phases   ] GC(749)   Post Evacuate Collection Set: 0.46ms
[356.697s][info][gc,phases   ] GC(749)   Other: 0.10ms
[356.697s][info][gc,heap     ] GC(749) Eden regions: 238->0(255)
[356.697s][info][gc,heap     ] GC(749) Survivor regions: 19->13(33)
[356.697s][info][gc,heap     ] GC(749) Old regions: 116->116
[356.697s][info][gc,heap     ] GC(749) Humongous regions: 13->13
[356.697s][info][gc,metaspace] GC(749) Metaspace: 42923K(43328K)->42923K(43328K) NonClass: 40115K(40384K)->40115K(40384K) Class: 2808K(2944K)->2808K(2944K)
[356.697s][info][gc          ] GC(749) Pause Young (Mixed) (G1 Evacuation Pause) 386M->141M(467M) 21.256ms
[356.697s][info][gc,cpu      ] GC(749) User=0.04s Sys=0.00s Real=0.03s
[358.098s][info][gc,start    ] GC(750) Pause Young (Concurrent Start) (G1 Evacuation Pause)
[358.098s][info][gc,task     ] GC(750) Using 2 workers of 2 for evacuation
[358.110s][info][gc,phases   ] GC(750)   Pre Evacuate Collection Set: 0.23ms
[358.110s][info][gc,phases   ] GC(750)   Merge Heap Roots: 0.11ms
[358.110s][info][gc,phases   ] GC(750)   Evacuate Collection Set: 11.63ms
[358.110s][info][gc,phases   ] GC(750)   Post Evacuate Collection Set: 0.46ms
[358.110s][info][gc,phases   ] GC(750)   Other: 0.09ms
[358.110s][info][gc,heap     ] GC(750) Eden regions: 255->0(267)
[358.110s][info][gc,heap     ] GC(750) Survivor regions: 13->12(34)
[358.110s][info][gc,heap     ] GC(750) Old regions: 116->116
[358.110s][info][gc,heap     ] GC(750) Humongous regions: 13->13
[358.110s][info][gc,metaspace] GC(750) Metaspace: 42923K(43328K)->42923K(43328K) NonClass: 40115K(40384K)->40115K(40384K) Class: 2808K(2944K)->2808K(2944K)
[358.110s][info][gc          ] GC(750) Pause Young (Concurrent Start) (G1 Evacuation Pause) 396M->141M(467M) 12.683ms
[358.110s][info][gc,cpu      ] GC(750) User=0.02s Sys=0.00s Real=0.01s
[358.111s][info][gc          ] GC(751) Concurrent Mark Cycle
[358.111s][info][gc,marking  ] GC(751) Concurrent Scan Root Regions
[358.115s][info][gc,marking  ] GC(751) Concurrent Scan Root Regions 4.713ms
[358.115s][info][gc,marking  ] GC(751) Concurrent Mark
[358.115s][info][gc,marking  ] GC(751) Concurrent Mark From Roots
[358.115s][info][gc,task     ] GC(751) Using 1 workers of 1 for marking
[358.146s][info][gc,marking  ] GC(751) Concurrent Mark From Roots 31.094ms
[358.146s][info][gc,marking  ] GC(751) Concurrent Preclean
[358.146s][info][gc,marking  ] GC(751) Concurrent Preclean 0.035ms
[358.147s][info][gc,start    ] GC(751) Pause Remark
[358.163s][info][gc          ] GC(751) Pause Remark 148M->60M(256M) 16.388ms
[358.163s][info][gc,cpu      ] GC(751) User=0.03s Sys=0.00s Real=0.02s
[358.163s][info][gc,marking  ] GC(751) Concurrent Mark 47.752ms
[358.163s][info][gc,marking  ] GC(751) Concurrent Rebuild Remembered Sets and Scrub Regions
[358.174s][info][gc,marking  ] GC(751) Concurrent Rebuild Remembered Sets and Scrub Regions 11.173ms
[358.174s][info][gc,start    ] GC(751) Pause Cleanup
[358.174s][info][gc          ] GC(751) Pause Cleanup 62M->62M(256M) 0.036ms
[358.174s][info][gc,cpu      ] GC(751) User=0.00s Sys=0.00s Real=0.00s
[358.174s][info][gc,marking  ] GC(751) Concurrent Clear Claimed Marks
[358.174s][info][gc,marking  ] GC(751) Concurrent Clear Claimed Marks 0.033ms
[358.174s][info][gc,marking  ] GC(751) Concurrent Cleanup for Next Mark
[358.175s][info][gc,marking  ] GC(751) Concurrent Cleanup for Next Mark 0.738ms
[358.175s][info][gc          ] GC(751) Concurrent Mark Cycle 64.712ms
[358.893s][info][gc,start    ] GC(752) Pause Young (Prepare Mixed) (G1 Evacuation Pause)
[358.893s][info][gc,task     ] GC(752) Using 2 workers of 2 for evacuation
[358.900s][info][gc,phases   ] GC(752)   Pre Evacuate Collection Set: 0.15ms
[358.900s][info][gc,phases   ] GC(752)   Merge Heap Roots: 0.09ms
[358.900s][info][gc,phases   ] GC(752)   Evacuate Collection Set: 6.38ms
[358.900s][info][gc,phases   ] GC(752)   Post Evacuate Collection Set: 0.42ms
[358.900s][info][gc,phases   ] GC(752)   Other: 0.10ms
[358.900s][info][gc,heap     ] GC(752) Eden regions: 141->0(151)
[358.900s][info][gc,heap     ] GC(752) Survivor regions: 12->2(20)
[358.900s][info][gc,heap     ] GC(752) Old regions: 40->48
[358.900s][info][gc,heap     ] GC(752) Humongous regions: 2->1
[358.900s][info][gc,metaspace] GC(752) Metaspace: 42923K(43328K)->42923K(43328K) NonClass: 40115K(40384K)->40115K(40384K) Class: 2808K(2944K)->2808K(2944K)
[358.900s][info][gc          ] GC(752) Pause Young (Prepare Mixed) (G1 Evacuation Pause) 195M->50M(256M) 7.304ms
[358.900s][info][gc,cpu      ] GC(752) User=0.01s Sys=0.00s Real=0.01s
[359.648s][info][gc,start    ] GC(753) Pause Young (Mixed) (G1 Evacuation Pause)
[359.648s][info][gc,task     ] GC(753) Using 2 workers of 2 for evacuation
[359.665s][info][gc,phases   ] GC(753)   Pre Evacuate Collection Set: 0.16ms
[359.665s][info][gc,phases   ] GC(753)   Merge Heap Roots: 0.06ms
[359.665s][info][gc,phases   ] GC(753)   Evacuate Collection Set: 16.00ms
[359.665s][info][gc,phases   ] GC(753)   Post Evacuate Collection Set: 0.41ms
[359.665s][info][gc,phases   ] GC(753)   Other: 0.09ms
[359.665s][info][gc,heap     ] GC(753) Eden regions: 151->0(136)
[359.665s][info][gc,heap     ] GC(753) Survivor regions: 2->17(20)
[359.665s][info][gc,heap     ] GC(753) Old regions: 48->44
[359.665s][info][gc,heap     ] GC(753) Humongous regions: 1->1
[359.665s][info][gc,metaspace] GC(753) Metaspace: 42923K(43328K)->42923K(43328K) NonClass: 40115K(40384K)->40115K(40384K) Class: 2808K(2944K)->2808K(2944K)
[359.665s][info][gc          ] GC(753) Pause Young (Mixed) (G1 Evacuation Pause) 201M->62M(256M) 16.906ms
[359.665s][info][gc,cpu      ] GC(753) User=0.04s Sys=0.00s Real=0.01s
[359.693s][info][gc,start    ] GC(754) Pause Young (Concurrent Start) (G1 Humongous Allocation)
[359.693s][info][gc,task     ] GC(754) Using 2 workers of 2 for evacuation
[359.709s][info][gc,phases   ] GC(754)   Pre Evacuate Collection Set: 0.17ms
[359.709s][info][gc,phases   ] GC(754)   Merge Heap Roots: 0.05ms
[359.709s][info][gc,phases   ] GC(754)   Evacuate Collection Set: 15.08ms
[359.709s][info][gc,phases   ] GC(754)   Post Evacuate Collection Set: 0.29ms
[359.709s][info][gc,phases   ] GC(754)   Other: 0.07ms
[359.709s][info][gc,heap     ] GC(754) Eden regions: 8->0(91)
[359.709s][info][gc,heap     ] GC(754) Survivor regions: 17->4(20)
[359.709s][info][gc,heap     ] GC(754) Old regions: 44->60
[359.709s][info][gc,heap     ] GC(754) Humongous regions: 1->1
[359.709s][info][gc,metaspace] GC(754) Metaspace: 42923K(43328K)->42923K(43328K) NonClass: 40115K(40384K)->40115K(40384K) Class: 2808K(2944K)->2808K(2944K)
[359.709s][info][gc          ] GC(754) Pause Young (Concurrent Start) (G1 Humongous Allocation) 69M->65M(256M) 15.824ms
[359.709s][info][gc,cpu      ] GC(754) User=0.03s Sys=0.00s Real=0.02s
[359.709s][info][gc          ] GC(755) Concurrent Mark Cycle
[359.710s][info][gc,marking  ] GC(755) Concurrent Scan Root Regions
[359.735s][info][gc,marking  ] GC(755) Concurrent Scan Root Regions 25.680ms
[359.735s][info][gc,marking  ] GC(755) Concurrent Mark
[359.735s][info][gc,marking  ] GC(755) Concurrent Mark From Roots
[359.735s][info][gc,task     ] GC(755) Using 1 workers of 1 for marking
[359.769s][info][gc,marking  ] GC(755) Concurrent Mark From Roots 33.781ms
[359.769s][info][gc,marking  ] GC(755) Concurrent Preclean
[359.769s][info][gc,marking  ] GC(755) Concurrent Preclean 0.033ms
[359.769s][info][gc,start    ] GC(755) Pause Remark
[359.785s][info][gc          ] GC(755) Pause Remark 86M->85M(256M) 15.754ms
[359.785s][info][gc,cpu      ] GC(755) User=0.03s Sys=0.00s Real=0.01s
[359.785s][info][gc,marking  ] GC(755) Concurrent Mark 49.835ms
[359.785s][info][gc,marking  ] GC(755) Concurrent Rebuild Remembered Sets and Scrub Regions
[359.806s][info][gc,marking  ] GC(755) Concurrent Rebuild Remembered Sets and Scrub Regions 20.756ms
[359.806s][info][gc,start    ] GC(755) Pause Cleanup
[359.806s][info][gc          ] GC(755) Pause Cleanup 93M->93M(256M) 0.040ms
[359.806s][info][gc,cpu      ] GC(755) User=0.00s Sys=0.00s Real=0.00s
[359.806s][info][gc,marking  ] GC(755) Concurrent Clear Claimed Marks
[359.806s][info][gc,marking  ] GC(755) Concurrent Clear Claimed Marks 0.034ms
[359.806s][info][gc,marking  ] GC(755) Concurrent Cleanup for Next Mark
[359.807s][info][gc,marking  ] GC(755) Concurrent Cleanup for Next Mark 0.752ms
[359.807s][info][gc          ] GC(755) Concurrent Mark Cycle 98.009ms
[359.948s][info][gc,start    ] GC(756) Pause Young (Prepare Mixed) (G1 Evacuation Pause)
[359.948s][info][gc,task     ] GC(756) Using 2 workers of 2 for evacuation
[359.960s][info][gc,phases   ] GC(756)   Pre Evacuate Collection Set: 0.14ms
[359.960s][info][gc,phases   ] GC(756)   Merge Heap Roots: 0.06ms
[359.960s][info][gc,phases   ] GC(756)   Evacuate Collection Set: 11.38ms
[359.960s][info][gc,phases   ] GC(756)   Post Evacuate Collection Set: 0.36ms
[359.960s][info][gc,phases   ] GC(756)   Other: 0.09ms
[359.960s][info][gc,heap     ] GC(756) Eden regions: 91->0(94)
[359.960s][info][gc,heap     ] GC(756) Survivor regions: 4->12(12)
[359.960s][info][gc,heap     ] GC(756) Old regions: 59->60
[359.960s][info][gc,heap     ] GC(756) Humongous regions: 3->3
[359.960s][info][gc,metaspace] GC(756) Metaspace: 42923K(43328K)->42923K(43328K) NonClass: 40115K(40384K)->40115K(40384K) Class: 2808K(2944K)->2808K(2944K)
[359.960s][info][gc          ] GC(756) Pause Young (Prepare Mixed) (G1 Evacuation Pause) 157M->74M(256M) 12.216ms
[359.960s][info][gc,cpu      ] GC(756) User=0.02s Sys=0.00s Real=0.01s
[360.167s][info][gc,start    ] GC(757) Pause Young (Mixed) (G1 Evacuation Pause)
[360.167s][info][gc,task     ] GC(757) Using 2 workers of 2 for evacuation
[360.191s][info][gc,phases   ] GC(757)   Pre Evacuate Collection Set: 0.24ms
[360.191s][info][gc,phases   ] GC(757)   Merge Heap Roots: 0.11ms
[360.191s][info][gc,phases   ] GC(757)   Evacuate Collection Set: 22.58ms
[360.191s][info][gc,phases   ] GC(757)   Post Evacuate Collection Set: 0.39ms
[360.191s][info][gc,phases   ] GC(757)   Other: 0.07ms
[360.191s][info][gc,heap     ] GC(757) Eden regions: 94->0(98)
[360.191s][info][gc,heap     ] GC(757) Survivor regions: 12->12(14)
[360.191s][info][gc,heap     ] GC(757) Old regions: 60->62
[360.191s][info][gc,heap     ] GC(757) Humongous regions: 4->4
[360.191s][info][gc,metaspace] GC(757) Metaspace: 42923K(43328K)->42923K(43328K) NonClass: 40115K(40384K)->40115K(40384K) Class: 2808K(2944K)->2808K(2944K)
[360.191s][info][gc          ] GC(757) Pause Young (Mixed) (G1 Evacuation Pause) 169M->77M(256M) 23.623ms
[360.191s][info][gc,cpu      ] GC(757) User=0.04s Sys=0.00s Real=0.02s
[360.380s][info][gc,start    ] GC(758) Pause Young (Concurrent Start) (G1 Humongous Allocation)
[360.380s][info][gc,task     ] GC(758) Using 2 workers of 2 for evacuation
[360.401s][info][gc,phases   ] GC(758)   Pre Evacuate Collection Set: 0.17ms
[360.401s][info][gc,phases   ] GC(758)   Merge Heap Roots: 0.05ms
[360.401s][info][gc,phases   ] GC(758)   Evacuate Collection Set: 19.67ms
[360.401s][info][gc,phases   ] GC(758)   Post Evacuate Collection Set: 0.36ms
[360.401s][info][gc,phases   ] GC(758)   Other: 0.11ms
[360.401s][info][gc,heap     ] GC(758) Eden regions: 87->0(99)
[360.401s][info][gc,heap     ] GC(758) Survivor regions: 12->11(14)
[360.401s][info][gc,heap     ] GC(758) Old regions: 62->74
[360.401s][info][gc,heap     ] GC(758) Humongous regions: 4->4
[360.401s][info][gc,metaspace] GC(758) Metaspace: 42923K(43328K)->42923K(43328K) NonClass: 40115K(40384K)->40115K(40384K) Class: 2808K(2944K)->2808K(2944K)
[360.401s][info][gc          ] GC(758) Pause Young (Concurrent Start) (G1 Humongous Allocation) 164M->88M(256M) 20.574ms
[360.401s][info][gc,cpu      ] GC(758) User=0.04s Sys=0.00s Real=0.02s
[360.401s][info][gc          ] GC(759) Concurrent Mark Cycle
[360.401s][info][gc,marking  ] GC(759) Concurrent Scan Root Regions
[360.415s][info][gc,marking  ] GC(759) Concurrent Scan Root Regions 14.408ms
[360.415s][info][gc,marking  ] GC(759) Concurrent Mark
[360.415s][info][gc,marking  ] GC(759) Concurrent Mark From Roots
[360.415s][info][gc,task     ] GC(759) Using 1 workers of 1 for marking
[360.463s][info][gc,marking  ] GC(759) Concurrent Mark From Roots 47.735ms
[360.463s][info][gc,marking  ] GC(759) Concurrent Preclean
[360.463s][info][gc,marking  ] GC(759) Concurrent Preclean 0.035ms
[360.463s][info][gc,start    ] GC(759) Pause Remark
[360.480s][info][gc          ] GC(759) Pause Remark 113M->111M(256M) 16.762ms
[360.480s][info][gc,cpu      ] GC(759) User=0.03s Sys=0.00s Real=0.02s
[360.480s][info][gc,marking  ] GC(759) Concurrent Mark 64.789ms
[360.480s][info][gc,marking  ] GC(759) Concurrent Rebuild Remembered Sets and Scrub Regions
[360.513s][info][gc,marking  ] GC(759) Concurrent Rebuild Remembered Sets and Scrub Regions 32.510ms
[360.513s][info][gc,start    ] GC(759) Pause Cleanup
[360.513s][info][gc          ] GC(759) Pause Cleanup 125M->125M(256M) 0.043ms
[360.513s][info][gc,cpu      ] GC(759) User=0.00s Sys=0.00s Real=0.00s
[360.513s][info][gc,marking  ] GC(759) Concurrent Clear Claimed Marks
[360.513s][info][gc,marking  ] GC(759) Concurrent Clear Claimed Marks 0.054ms
[360.513s][info][gc,marking  ] GC(759) Concurrent Cleanup for Next Mark
[360.514s][info][gc,marking  ] GC(759) Concurrent Cleanup for Next Mark 0.719ms
[360.514s][info][gc          ] GC(759) Concurrent Mark Cycle 112.863ms
[360.645s][info][gc,start    ] GC(760) Pause Young (Prepare Mixed) (G1 Evacuation Pause)
[360.645s][info][gc,task     ] GC(760) Using 2 workers of 2 for evacuation
[360.669s][info][gc,phases   ] GC(760)   Pre Evacuate Collection Set: 0.15ms
[360.669s][info][gc,phases   ] GC(760)   Merge Heap Roots: 0.08ms
[360.669s][info][gc,phases   ] GC(760)   Evacuate Collection Set: 23.46ms
[360.669s][info][gc,phases   ] GC(760)   Post Evacuate Collection Set: 0.34ms
[360.670s][info][gc,phases   ] GC(760)   Other: 0.09ms
[360.670s][info][gc,heap     ] GC(760) Eden regions: 99->0(97)
[360.670s][info][gc,heap     ] GC(760) Survivor regions: 11->12(14)
[360.670s][info][gc,heap     ] GC(760) Old regions: 72->83
[360.670s][info][gc,heap     ] GC(760) Humongous regions: 6->6
[360.670s][info][gc,metaspace] GC(760) Metaspace: 42923K(43328K)->42923K(43328K) NonClass: 40115K(40384K)->40115K(40384K) Class: 2808K(2944K)->2808K(2944K)
[360.670s][info][gc          ] GC(760) Pause Young (Prepare Mixed) (G1 Evacuation Pause) 187M->100M(256M) 24.290ms
[360.670s][info][gc,cpu      ] GC(760) User=0.04s Sys=0.00s Real=0.03s
[360.875s][info][gc,start    ] GC(761) Pause Young (Mixed) (G1 Evacuation Pause)
[360.875s][info][gc,task     ] GC(761) Using 2 workers of 2 for evacuation
[360.901s][info][gc,phases   ] GC(761)   Pre Evacuate Collection Set: 0.21ms
[360.901s][info][gc,phases   ] GC(761)   Merge Heap Roots: 0.19ms
[360.901s][info][gc,phases   ] GC(761)   Evacuate Collection Set: 25.07ms
[360.901s][info][gc,phases   ] GC(761)   Post Evacuate Collection Set: 0.37ms
[360.901s][info][gc,phases   ] GC(761)   Other: 0.08ms
[360.901s][info][gc,heap     ] GC(761) Eden regions: 97->0(101)
[360.901s][info][gc,heap     ] GC(761) Survivor regions: 12->12(14)
[360.901s][info][gc,heap     ] GC(761) Old regions: 83->82
[360.901s][info][gc,heap     ] GC(761) Humongous regions: 6->6
[360.901s][info][gc,metaspace] GC(761) Metaspace: 42923K(43328K)->42923K(43328K) NonClass: 40115K(40384K)->40115K(40384K) Class: 2808K(2944K)->2808K(2944K)
[360.901s][info][gc          ] GC(761) Pause Young (Mixed) (G1 Evacuation Pause) 197M->99M(256M) 26.105ms
[360.901s][info][gc,cpu      ] GC(761) User=0.05s Sys=0.00s Real=0.03s
[361.076s][info][gc,start    ] GC(762) Pause Young (Concurrent Start) (G1 Humongous Allocation)
[361.076s][info][gc,task     ] GC(762) Using 2 workers of 2 for evacuation
[361.100s][info][gc,phases   ] GC(762)   Pre Evacuate Collection Set: 0.17ms
[361.100s][info][gc,phases   ] GC(762)   Merge Heap Roots: 0.06ms
[361.100s][info][gc,phases   ] GC(762)   Evacuate Collection Set: 21.72ms
[361.100s][info][gc,phases   ] GC(762)   Post Evacuate Collection Set: 1.36ms
[361.100s][info][gc,phases   ] GC(762)   Other: 0.11ms
[361.100s][info][gc,heap     ] GC(762) Eden regions: 78->0(181)
[361.100s][info][gc,heap     ] GC(762) Survivor regions: 12->10(15)
[361.100s][info][gc,heap     ] GC(762) Old regions: 82->94
[361.100s][info][gc,heap     ] GC(762) Humongous regions: 6->6
[361.100s][info][gc,metaspace] GC(762) Metaspace: 42923K(43328K)->42923K(43328K) NonClass: 40115K(40384K)->40115K(40384K) Class: 2808K(2944K)->2808K(2944K)
[361.100s][info][gc          ] GC(762) Pause Young (Concurrent Start) (G1 Humongous Allocation) 177M->109M(390M) 23.611ms
[361.100s][info][gc,cpu      ] GC(762) User=0.04s Sys=0.00s Real=0.03s
[361.100s][info][gc          ] GC(763) Concurrent Mark Cycle
[361.100s][info][gc,marking  ] GC(763) Concurrent Scan Root Regions
[361.116s][info][gc,marking  ] GC(763) Concurrent Scan Root Regions 16.572ms
[361.117s][info][gc,marking  ] GC(763) Concurrent Mark
[361.117s][info][gc,marking  ] GC(763) Concurrent Mark From Roots
[361.117s][info][gc,task     ] GC(763) Using 1 workers of 1 for marking
[361.209s][info][gc,marking  ] GC(763) Concurrent Mark From Roots 92.125ms
[361.209s][info][gc,marking  ] GC(763) Concurrent Preclean
[361.209s][info][gc,marking  ] GC(763) Concurrent Preclean 0.058ms
[361.209s][info][gc,start    ] GC(763) Pause Remark
[361.225s][info][gc          ] GC(763) Pause Remark 135M->134M(377M) 15.804ms
[361.225s][info][gc,cpu      ] GC(763) User=0.03s Sys=0.00s Real=0.01s
[361.225s][info][gc,marking  ] GC(763) Concurrent Mark 108.336ms
[361.225s][info][gc,marking  ] GC(763) Concurrent Rebuild Remembered Sets and Scrub Regions
[361.280s][info][gc,marking  ] GC(763) Concurrent Rebuild Remembered Sets and Scrub Regions 55.592ms
[361.281s][info][gc,start    ] GC(763) Pause Cleanup
[361.281s][info][gc          ] GC(763) Pause Cleanup 151M->151M(377M) 0.066ms
[361.281s][info][gc,cpu      ] GC(763) User=0.00s Sys=0.00s Real=0.00s
[361.281s][info][gc,marking  ] GC(763) Concurrent Clear Claimed Marks
[361.281s][info][gc,marking  ] GC(763) Concurrent Clear Claimed Marks 0.050ms
[361.281s][info][gc,marking  ] GC(763) Concurrent Cleanup for Next Mark
[361.283s][info][gc,marking  ] GC(763) Concurrent Cleanup for Next Mark 2.378ms
[361.283s][info][gc          ] GC(763) Concurrent Mark Cycle 183.308ms
[361.993s][info][gc,start    ] GC(764) Pause Young (Prepare Mixed) (G1 Evacuation Pause)
[361.993s][info][gc,task     ] GC(764) Using 2 workers of 2 for evacuation
[362.051s][info][gc,phases   ] GC(764)   Pre Evacuate Collection Set: 0.22ms
[362.051s][info][gc,phases   ] GC(764)   Merge Heap Roots: 0.16ms
[362.051s][info][gc,phases   ] GC(764)   Evacuate Collection Set: 57.06ms
[362.051s][info][gc,phases   ] GC(764)   Post Evacuate Collection Set: 0.55ms
[362.051s][info][gc,phases   ] GC(764)   Other: 0.09ms
[362.051s][info][gc,heap     ] GC(764) Eden regions: 181->0(138)
[362.051s][info][gc,heap     ] GC(764) Survivor regions: 10->24(24)
[362.051s][info][gc,heap     ] GC(764) Old regions: 94->118
[362.051s][info][gc,heap     ] GC(764) Humongous regions: 15->15
[362.052s][info][gc,metaspace] GC(764) Metaspace: 42923K(43328K)->42923K(43328K) NonClass: 40115K(40384K)->40115K(40384K) Class: 2808K(2944K)->2808K(2944K)
[362.052s][info][gc          ] GC(764) Pause Young (Prepare Mixed) (G1 Evacuation Pause) 299M->156M(377M) 58.333ms
[362.052s][info][gc,cpu      ] GC(764) User=0.12s Sys=0.00s Real=0.06s
[363.011s][info][gc,start    ] GC(765) Pause Young (Mixed) (G1 Evacuation Pause)
[363.011s][info][gc,task     ] GC(765) Using 2 workers of 2 for evacuation
[363.068s][info][gc,phases   ] GC(765)   Pre Evacuate Collection Set: 0.22ms
[363.068s][info][gc,phases   ] GC(765)   Merge Heap Roots: 0.24ms
[363.068s][info][gc,phases   ] GC(765)   Evacuate Collection Set: 56.03ms
[363.068s][info][gc,phases   ] GC(765)   Post Evacuate Collection Set: 0.59ms
[363.068s][info][gc,phases   ] GC(765)   Other: 0.08ms
[363.068s][info][gc,heap     ] GC(765) Eden regions: 138->0(135)
[363.068s][info][gc,heap     ] GC(765) Survivor regions: 24->15(21)
[363.068s][info][gc,heap     ] GC(765) Old regions: 118->139
[363.068s][info][gc,heap     ] GC(765) Humongous regions: 17->15
[363.068s][info][gc,metaspace] GC(765) Metaspace: 42923K(43328K)->42923K(43328K) NonClass: 40115K(40384K)->40115K(40384K) Class: 2808K(2944K)->2808K(2944K)
[363.068s][info][gc          ] GC(765) Pause Young (Mixed) (G1 Evacuation Pause) 296M->168M(377M) 57.373ms
[363.068s][info][gc,cpu      ] GC(765) User=0.11s Sys=0.00s Real=0.06s
[363.630s][info][gc,start    ] GC(766) Pause Young (Concurrent Start) (G1 Evacuation Pause)
[363.630s][info][gc,task     ] GC(766) Using 2 workers of 2 for evacuation
[363.650s][info][gc,phases   ] GC(766)   Pre Evacuate Collection Set: 0.25ms
[363.650s][info][gc,phases   ] GC(766)   Merge Heap Roots: 0.14ms
[363.650s][info][gc,phases   ] GC(766)   Evacuate Collection Set: 19.03ms
[363.650s][info][gc,phases   ] GC(766)   Post Evacuate Collection Set: 0.39ms
[363.650s][info][gc,phases   ] GC(766)   Other: 0.09ms
[363.650s][info][gc,heap     ] GC(766) Eden regions: 135->0(139)
[363.650s][info][gc,heap     ] GC(766) Survivor regions: 15->7(19)
[363.650s][info][gc,heap     ] GC(766) Old regions: 139->152
[363.650s][info][gc,heap     ] GC(766) Humongous regions: 15->15
[363.650s][info][gc,metaspace] GC(766) Metaspace: 42923K(43328K)->42923K(43328K) NonClass: 40115K(40384K)->40115K(40384K) Class: 2808K(2944K)->2808K(2944K)
[363.650s][info][gc          ] GC(766) Pause Young (Concurrent Start) (G1 Evacuation Pause) 303M->173M(377M) 20.112ms
[363.651s][info][gc          ] GC(767) Concurrent Mark Cycle
[363.651s][info][gc,marking  ] GC(767) Concurrent Scan Root Regions
[363.653s][info][gc,cpu      ] GC(766) User=0.04s Sys=0.00s Real=0.02s
[363.662s][info][gc,marking  ] GC(767) Concurrent Scan Root Regions 11.357ms
[363.662s][info][gc,marking  ] GC(767) Concurrent Mark
[363.662s][info][gc,marking  ] GC(767) Concurrent Mark From Roots
[363.662s][info][gc,task     ] GC(767) Using 1 workers of 1 for marking
[363.698s][info][gc,marking  ] GC(767) Concurrent Mark From Roots 36.340ms
[363.698s][info][gc,marking  ] GC(767) Concurrent Preclean
[363.698s][info][gc,marking  ] GC(767) Concurrent Preclean 0.033ms
[363.698s][info][gc,start    ] GC(767) Pause Remark
[363.715s][info][gc          ] GC(767) Pause Remark 182M->132M(377M) 16.153ms
[363.715s][info][gc,cpu      ] GC(767) User=0.03s Sys=0.00s Real=0.01s
[363.715s][info][gc,marking  ] GC(767) Concurrent Mark 52.889ms
[363.715s][info][gc,marking  ] GC(767) Concurrent Rebuild Remembered Sets and Scrub Regions
[363.736s][info][gc,marking  ] GC(767) Concurrent Rebuild Remembered Sets and Scrub Regions 21.485ms
[363.736s][info][gc,start    ] GC(767) Pause Cleanup
[363.737s][info][gc          ] GC(767) Pause Cleanup 136M->136M(377M) 0.073ms
[363.737s][info][gc,cpu      ] GC(767) User=0.00s Sys=0.00s Real=0.00s
[363.737s][info][gc,marking  ] GC(767) Concurrent Clear Claimed Marks
[363.737s][info][gc,marking  ] GC(767) Concurrent Clear Claimed Marks 0.033ms
[363.737s][info][gc,marking  ] GC(767) Concurrent Cleanup for Next Mark
[363.738s][info][gc,marking  ] GC(767) Concurrent Cleanup for Next Mark 1.165ms
[363.738s][info][gc          ] GC(767) Concurrent Mark Cycle 87.282ms
[364.380s][info][gc,start    ] GC(768) Pause Young (Prepare Mixed) (G1 Evacuation Pause)
[364.380s][info][gc,task     ] GC(768) Using 2 workers of 2 for evacuation
[364.395s][info][gc,phases   ] GC(768)   Pre Evacuate Collection Set: 0.19ms
[364.395s][info][gc,phases   ] GC(768)   Merge Heap Roots: 0.07ms
[364.395s][info][gc,phases   ] GC(768)   Evacuate Collection Set: 14.49ms
[364.395s][info][gc,phases   ] GC(768)   Post Evacuate Collection Set: 0.39ms
[364.395s][info][gc,phases   ] GC(768)   Other: 0.12ms
[364.395s][info][gc,heap     ] GC(768) Eden regions: 139->0(174)
[364.395s][info][gc,heap     ] GC(768) Survivor regions: 7->18(19)
[364.395s][info][gc,heap     ] GC(768) Old regions: 115->115
[364.395s][info][gc,heap     ] GC(768) Humongous regions: 1->1
[364.395s][info][gc,metaspace] GC(768) Metaspace: 42923K(43328K)->42923K(43328K) NonClass: 40115K(40384K)->40115K(40384K) Class: 2808K(2944K)->2808K(2944K)
[364.395s][info][gc          ] GC(768) Pause Young (Prepare Mixed) (G1 Evacuation Pause) 262M->133M(377M) 15.443ms
[364.395s][info][gc,cpu      ] GC(768) User=0.03s Sys=0.00s Real=0.01s
[365.314s][info][gc,start    ] GC(769) Pause Young (Mixed) (G1 Evacuation Pause)
[365.314s][info][gc,task     ] GC(769) Using 2 workers of 2 for evacuation
[365.345s][info][gc,phases   ] GC(769)   Pre Evacuate Collection Set: 0.24ms
[365.345s][info][gc,phases   ] GC(769)   Merge Heap Roots: 0.11ms
[365.345s][info][gc,phases   ] GC(769)   Evacuate Collection Set: 30.40ms
[365.345s][info][gc,phases   ] GC(769)   Post Evacuate Collection Set: 0.49ms
[365.345s][info][gc,phases   ] GC(769)   Other: 0.08ms
[365.345s][info][gc,heap     ] GC(769) Eden regions: 174->0(189)
[365.345s][info][gc,heap     ] GC(769) Survivor regions: 18->24(24)
[365.345s][info][gc,heap     ] GC(769) Old regions: 115->91
[365.345s][info][gc,heap     ] GC(769) Humongous regions: 1->1
[365.345s][info][gc,metaspace] GC(769) Metaspace: 42923K(43328K)->42923K(43328K) NonClass: 40115K(40384K)->40115K(40384K) Class: 2808K(2944K)->2808K(2944K)
[365.345s][info][gc          ] GC(769) Pause Young (Mixed) (G1 Evacuation Pause) 307M->115M(377M) 31.506ms
[365.345s][info][gc,cpu      ] GC(769) User=0.06s Sys=0.00s Real=0.03s
[366.356s][info][gc,start    ] GC(770) Pause Young (Mixed) (G1 Evacuation Pause)
[366.356s][info][gc,task     ] GC(770) Using 2 workers of 2 for evacuation
[366.395s][info][gc,phases   ] GC(770)   Pre Evacuate Collection Set: 0.20ms
[366.395s][info][gc,phases   ] GC(770)   Merge Heap Roots: 0.16ms
[366.395s][info][gc,phases   ] GC(770)   Evacuate Collection Set: 38.11ms
[366.395s][info][gc,phases   ] GC(770)   Post Evacuate Collection Set: 0.46ms
[366.395s][info][gc,phases   ] GC(770)   Other: 0.07ms
[366.395s][info][gc,heap     ] GC(770) Eden regions: 189->0(194)
[366.395s][info][gc,heap     ] GC(770) Survivor regions: 24->18(27)
[366.395s][info][gc,heap     ] GC(770) Old regions: 91->94
[366.396s][info][gc,heap     ] GC(770) Humongous regions: 2->2
[366.396s][info][gc,metaspace] GC(770) Metaspace: 42923K(43328K)->42923K(43328K) NonClass: 40115K(40384K)->40115K(40384K) Class: 2808K(2944K)->2808K(2944K)
[366.396s][info][gc          ] GC(770) Pause Young (Mixed) (G1 Evacuation Pause) 305M->114M(377M) 39.207ms
[366.396s][info][gc,cpu      ] GC(770) User=0.08s Sys=0.00s Real=0.04s
[367.439s][info][gc,start    ] GC(771) Pause Young (Concurrent Start) (G1 Evacuation Pause)
[367.439s][info][gc,task     ] GC(771) Using 2 workers of 2 for evacuation
[367.471s][info][gc,phases   ] GC(771)   Pre Evacuate Collection Set: 0.26ms
[367.471s][info][gc,phases   ] GC(771)   Merge Heap Roots: 0.07ms
[367.471s][info][gc,phases   ] GC(771)   Evacuate Collection Set: 30.23ms
[367.471s][info][gc,phases   ] GC(771)   Post Evacuate Collection Set: 0.45ms
[367.471s][info][gc,phases   ] GC(771)   Other: 0.14ms
[367.471s][info][gc,heap     ] GC(771) Eden regions: 194->0(185)
[367.471s][info][gc,heap     ] GC(771) Survivor regions: 18->17(27)
[367.471s][info][gc,heap     ] GC(771) Old regions: 94->112
[367.471s][info][gc,heap     ] GC(771) Humongous regions: 2->2
[367.471s][info][gc,metaspace] GC(771) Metaspace: 42923K(43328K)->42923K(43328K) NonClass: 40115K(40384K)->40115K(40384K) Class: 2808K(2944K)->2808K(2944K)
[367.471s][info][gc          ] GC(771) Pause Young (Concurrent Start) (G1 Evacuation Pause) 308M->131M(377M) 31.340ms
[367.471s][info][gc,cpu      ] GC(771) User=0.06s Sys=0.00s Real=0.03s
[367.471s][info][gc          ] GC(772) Concurrent Mark Cycle
[367.471s][info][gc,marking  ] GC(772) Concurrent Scan Root Regions
[367.494s][info][gc,marking  ] GC(772) Concurrent Scan Root Regions 23.377ms
[367.494s][info][gc,marking  ] GC(772) Concurrent Mark
[367.494s][info][gc,marking  ] GC(772) Concurrent Mark From Roots
[367.494s][info][gc,task     ] GC(772) Using 1 workers of 1 for marking
[367.537s][info][gc,marking  ] GC(772) Concurrent Mark From Roots 42.553ms
[367.537s][info][gc,marking  ] GC(772) Concurrent Preclean
[367.537s][info][gc,marking  ] GC(772) Concurrent Preclean 0.035ms
[367.537s][info][gc,start    ] GC(772) Pause Remark
[367.553s][info][gc          ] GC(772) Pause Remark 143M->120M(360M) 15.900ms
[367.553s][info][gc,cpu      ] GC(772) User=0.03s Sys=0.00s Real=0.01s
[367.553s][info][gc,marking  ] GC(772) Concurrent Mark 58.733ms
[367.553s][info][gc,marking  ] GC(772) Concurrent Rebuild Remembered Sets and Scrub Regions
[367.583s][info][gc,marking  ] GC(772) Concurrent Rebuild Remembered Sets and Scrub Regions 30.139ms
[367.584s][info][gc,start    ] GC(772) Pause Cleanup
[367.584s][info][gc          ] GC(772) Pause Cleanup 126M->126M(360M) 0.051ms
[367.584s][info][gc,cpu      ] GC(772) User=0.00s Sys=0.00s Real=0.00s
[367.584s][info][gc,marking  ] GC(772) Concurrent Clear Claimed Marks
[367.584s][info][gc,marking  ] GC(772) Concurrent Clear Claimed Marks 0.034ms
[367.584s][info][gc,marking  ] GC(772) Concurrent Cleanup for Next Mark
[367.585s][info][gc,marking  ] GC(772) Concurrent Cleanup for Next Mark 1.035ms
[367.585s][info][gc          ] GC(772) Concurrent Mark Cycle 114.114ms
[368.195s][info][gc,start    ] GC(773) Pause Young (Prepare Mixed) (G1 Evacuation Pause)
[368.195s][info][gc,task     ] GC(773) Using 2 workers of 2 for evacuation
[368.205s][info][gc,phases   ] GC(773)   Pre Evacuate Collection Set: 0.21ms
[368.205s][info][gc,phases   ] GC(773)   Merge Heap Roots: 0.09ms
[368.205s][info][gc,phases   ] GC(773)   Evacuate Collection Set: 9.60ms
[368.205s][info][gc,phases   ] GC(773)   Post Evacuate Collection Set: 0.46ms
[368.205s][info][gc,phases   ] GC(773)   Other: 0.08ms
[368.205s][info][gc,heap     ] GC(773) Eden regions: 185->0(195)
[368.205s][info][gc,heap     ] GC(773) Survivor regions: 17->11(26)
[368.205s][info][gc,heap     ] GC(773) Old regions: 89->91
[368.205s][info][gc,heap     ] GC(773) Humongous regions: 12->4
[368.205s][info][gc,metaspace] GC(773) Metaspace: 42930K(43328K)->42930K(43328K) NonClass: 40122K(40384K)->40122K(40384K) Class: 2808K(2944K)->2808K(2944K)
[368.205s][info][gc          ] GC(773) Pause Young (Prepare Mixed) (G1 Evacuation Pause) 302M->105M(360M) 10.632ms
[368.205s][info][gc,cpu      ] GC(773) User=0.02s Sys=0.00s Real=0.01s
[368.943s][info][gc,start    ] GC(774) Pause Young (Mixed) (G1 Evacuation Pause)
[368.943s][info][gc,task     ] GC(774) Using 2 workers of 2 for evacuation
[368.957s][info][gc,phases   ] GC(774)   Pre Evacuate Collection Set: 0.18ms
[368.957s][info][gc,phases   ] GC(774)   Merge Heap Roots: 0.18ms
[368.957s][info][gc,phases   ] GC(774)   Evacuate Collection Set: 12.86ms
[368.957s][info][gc,phases   ] GC(774)   Post Evacuate Collection Set: 0.47ms
[368.957s][info][gc,phases   ] GC(774)   Other: 0.09ms
[368.957s][info][gc,heap     ] GC(774) Eden regions: 195->0(202)
[368.957s][info][gc,heap     ] GC(774) Survivor regions: 11->14(26)
[368.957s][info][gc,heap     ] GC(774) Old regions: 91->70
[368.957s][info][gc,heap     ] GC(774) Humongous regions: 18->4
[368.957s][info][gc,metaspace] GC(774) Metaspace: 42941K(43328K)->42941K(43328K) NonClass: 40133K(40384K)->40133K(40384K) Class: 2808K(2944K)->2808K(2944K)
[368.957s][info][gc          ] GC(774) Pause Young (Mixed) (G1 Evacuation Pause) 314M->87M(360M) 13.954ms
[368.957s][info][gc,cpu      ] GC(774) User=0.02s Sys=0.00s Real=0.02s
[369.098s][info][gc,start    ] GC(775) Pause Young (Concurrent Start) (G1 Humongous Allocation)
[369.098s][info][gc,task     ] GC(775) Using 2 workers of 2 for evacuation
[369.106s][info][gc,phases   ] GC(775)   Pre Evacuate Collection Set: 0.21ms
[369.106s][info][gc,phases   ] GC(775)   Merge Heap Roots: 0.05ms
[369.106s][info][gc,phases   ] GC(775)   Evacuate Collection Set: 7.36ms
[369.106s][info][gc,phases   ] GC(775)   Post Evacuate Collection Set: 0.39ms
[369.106s][info][gc,phases   ] GC(775)   Other: 0.10ms
[369.106s][info][gc,heap     ] GC(775) Eden regions: 39->0(214)
[369.106s][info][gc,heap     ] GC(775) Survivor regions: 14->2(27)
[369.106s][info][gc,heap     ] GC(775) Old regions: 70->80
[369.106s][info][gc,heap     ] GC(775) Humongous regions: 4->2
[369.106s][info][gc,metaspace] GC(775) Metaspace: 42941K(43328K)->42941K(43328K) NonClass: 40133K(40384K)->40133K(40384K) Class: 2808K(2944K)->2808K(2944K)
[369.106s][info][gc          ] GC(775) Pause Young (Concurrent Start) (G1 Humongous Allocation) 126M->83M(360M) 8.290ms
[369.106s][info][gc,cpu      ] GC(775) User=0.02s Sys=0.00s Real=0.00s
[369.106s][info][gc          ] GC(776) Concurrent Mark Cycle
[369.106s][info][gc,marking  ] GC(776) Concurrent Scan Root Regions
[369.117s][info][gc,marking  ] GC(776) Concurrent Scan Root Regions 10.473ms
[369.117s][info][gc,marking  ] GC(776) Concurrent Mark
[369.117s][info][gc,marking  ] GC(776) Concurrent Mark From Roots
[369.117s][info][gc,task     ] GC(776) Using 1 workers of 1 for marking
[369.157s][info][gc,marking  ] GC(776) Concurrent Mark From Roots 40.797ms
[369.158s][info][gc,marking  ] GC(776) Concurrent Preclean
[369.158s][info][gc,marking  ] GC(776) Concurrent Preclean 0.034ms
[369.158s][info][gc,start    ] GC(776) Pause Remark
[369.173s][info][gc          ] GC(776) Pause Remark 95M->81M(256M) 15.316ms
[369.173s][info][gc,cpu      ] GC(776) User=0.03s Sys=0.00s Real=0.01s
[369.173s][info][gc,marking  ] GC(776) Concurrent Mark 56.425ms
[369.173s][info][gc,marking  ] GC(776) Concurrent Rebuild Remembered Sets and Scrub Regions
[369.192s][info][gc,marking  ] GC(776) Concurrent Rebuild Remembered Sets and Scrub Regions 18.629ms
[369.192s][info][gc,start    ] GC(776) Pause Cleanup
[369.192s][info][gc          ] GC(776) Pause Cleanup 84M->84M(256M) 0.063ms
[369.192s][info][gc,cpu      ] GC(776) User=0.00s Sys=0.00s Real=0.00s
[369.192s][info][gc,marking  ] GC(776) Concurrent Clear Claimed Marks
[369.192s][info][gc,marking  ] GC(776) Concurrent Clear Claimed Marks 0.039ms
[369.192s][info][gc,marking  ] GC(776) Concurrent Cleanup for Next Mark
[369.193s][info][gc,marking  ] GC(776) Concurrent Cleanup for Next Mark 0.755ms
[369.193s][info][gc          ] GC(776) Concurrent Mark Cycle 86.693ms
[369.665s][info][gc,start    ] GC(777) Pause Young (Prepare Mixed) (G1 Evacuation Pause)
[369.665s][info][gc,task     ] GC(777) Using 2 workers of 2 for evacuation
[369.688s][info][gc,phases   ] GC(777)   Pre Evacuate Collection Set: 0.19ms
[369.688s][info][gc,phases   ] GC(777)   Merge Heap Roots: 0.06ms
[369.688s][info][gc,phases   ] GC(777)   Evacuate Collection Set: 22.62ms
[369.688s][info][gc,phases   ] GC(777)   Post Evacuate Collection Set: 0.46ms
[369.688s][info][gc,phases   ] GC(777)   Other: 0.09ms
[369.688s][info][gc,heap     ] GC(777) Eden regions: 151->0(128)
[369.688s][info][gc,heap     ] GC(777) Survivor regions: 2->20(20)
[369.688s][info][gc,heap     ] GC(777) Old regions: 67->68
[369.688s][info][gc,heap     ] GC(777) Humongous regions: 9->3
[369.688s][info][gc,metaspace] GC(777) Metaspace: 42941K(43328K)->42941K(43328K) NonClass: 40133K(40384K)->40133K(40384K) Class: 2808K(2944K)->2808K(2944K)
[369.688s][info][gc          ] GC(777) Pause Young (Prepare Mixed) (G1 Evacuation Pause) 228M->90M(256M) 23.617ms
[369.688s][info][gc,cpu      ] GC(777) User=0.03s Sys=0.00s Real=0.03s
[370.210s][info][gc,start    ] GC(778) Pause Young (Mixed) (G1 Evacuation Pause)
[370.210s][info][gc,task     ] GC(778) Using 2 workers of 2 for evacuation
[370.231s][info][gc,phases   ] GC(778)   Pre Evacuate Collection Set: 0.16ms
[370.231s][info][gc,phases   ] GC(778)   Merge Heap Roots: 0.07ms
[370.232s][info][gc,phases   ] GC(778)   Evacuate Collection Set: 21.05ms
[370.232s][info][gc,phases   ] GC(778)   Post Evacuate Collection Set: 0.41ms
[370.232s][info][gc,phases   ] GC(778)   Other: 0.11ms
[370.232s][info][gc,heap     ] GC(778) Eden regions: 128->0(136)
[370.232s][info][gc,heap     ] GC(778) Survivor regions: 20->12(19)
[370.232s][info][gc,heap     ] GC(778) Old regions: 68->64
[370.232s][info][gc,heap     ] GC(778) Humongous regions: 3->3
[370.232s][info][gc,metaspace] GC(778) Metaspace: 42942K(43328K)->42942K(43328K) NonClass: 40134K(40384K)->40134K(40384K) Class: 2808K(2944K)->2808K(2944K)
[370.232s][info][gc          ] GC(778) Pause Young (Mixed) (G1 Evacuation Pause) 218M->77M(256M) 21.973ms
[370.232s][info][gc,cpu      ] GC(778) User=0.04s Sys=0.00s Real=0.02s
[370.254s][info][gc,start    ] GC(779) Pause Young (Concurrent Start) (G1 Humongous Allocation)
[370.254s][info][gc,task     ] GC(779) Using 2 workers of 2 for evacuation
[370.267s][info][gc,phases   ] GC(779)   Pre Evacuate Collection Set: 0.17ms
[370.267s][info][gc,phases   ] GC(779)   Merge Heap Roots: 0.09ms
[370.267s][info][gc,phases   ] GC(779)   Evacuate Collection Set: 12.71ms
[370.267s][info][gc,phases   ] GC(779)   Post Evacuate Collection Set: 0.28ms
[370.267s][info][gc,phases   ] GC(779)   Other: 0.07ms
[370.267s][info][gc,heap     ] GC(779) Eden regions: 6->0(132)
[370.267s][info][gc,heap     ] GC(779) Survivor regions: 12->2(19)
[370.267s][info][gc,heap     ] GC(779) Old regions: 64->76
[370.267s][info][gc,heap     ] GC(779) Humongous regions: 3->1
[370.267s][info][gc,metaspace] GC(779) Metaspace: 42942K(43328K)->42942K(43328K) NonClass: 40134K(40384K)->40134K(40384K) Class: 2808K(2944K)->2808K(2944K)
[370.267s][info][gc          ] GC(779) Pause Young (Concurrent Start) (G1 Humongous Allocation) 83M->77M(256M) 13.473ms
[370.267s][info][gc,cpu      ] GC(779) User=0.03s Sys=0.00s Real=0.02s
[370.267s][info][gc          ] GC(780) Concurrent Mark Cycle
[370.268s][info][gc,marking  ] GC(780) Concurrent Scan Root Regions
[370.278s][info][gc,marking  ] GC(780) Concurrent Scan Root Regions 10.379ms
[370.278s][info][gc,marking  ] GC(780) Concurrent Mark
[370.278s][info][gc,marking  ] GC(780) Concurrent Mark From Roots
[370.278s][info][gc,task     ] GC(780) Using 1 workers of 1 for marking
[370.334s][info][gc,marking  ] GC(780) Concurrent Mark From Roots 55.863ms
[370.334s][info][gc,marking  ] GC(780) Concurrent Preclean
[370.334s][info][gc,marking  ] GC(780) Concurrent Preclean 0.034ms
[370.334s][info][gc,start    ] GC(780) Pause Remark
[370.350s][info][gc          ] GC(780) Pause Remark 98M->98M(256M) 15.983ms
[370.350s][info][gc,cpu      ] GC(780) User=0.03s Sys=0.00s Real=0.02s
[370.350s][info][gc,marking  ] GC(780) Concurrent Mark 72.134ms
[370.350s][info][gc,marking  ] GC(780) Concurrent Rebuild Remembered Sets and Scrub Regions
[370.381s][info][gc,marking  ] GC(780) Concurrent Rebuild Remembered Sets and Scrub Regions 31.319ms
[370.382s][info][gc,start    ] GC(780) Pause Cleanup
[370.382s][info][gc          ] GC(780) Pause Cleanup 106M->106M(256M) 0.047ms
[370.382s][info][gc,cpu      ] GC(780) User=0.00s Sys=0.00s Real=0.00s
[370.382s][info][gc,marking  ] GC(780) Concurrent Clear Claimed Marks
[370.382s][info][gc,marking  ] GC(780) Concurrent Clear Claimed Marks 0.039ms
[370.382s][info][gc,marking  ] GC(780) Concurrent Cleanup for Next Mark
[370.383s][info][gc,marking  ] GC(780) Concurrent Cleanup for Next Mark 0.745ms
[370.383s][info][gc          ] GC(780) Concurrent Mark Cycle 115.043ms
[370.725s][info][gc,start    ] GC(781) Pause Young (Prepare Mixed) (G1 Evacuation Pause)
[370.725s][info][gc,task     ] GC(781) Using 2 workers of 2 for evacuation
[370.733s][info][gc,phases   ] GC(781)   Pre Evacuate Collection Set: 0.18ms
[370.733s][info][gc,phases   ] GC(781)   Merge Heap Roots: 0.08ms
[370.733s][info][gc,phases   ] GC(781)   Evacuate Collection Set: 6.89ms
[370.733s][info][gc,phases   ] GC(781)   Post Evacuate Collection Set: 0.40ms
[370.733s][info][gc,phases   ] GC(781)   Other: 0.07ms
[370.733s][info][gc,heap     ] GC(781) Eden regions: 132->0(130)
[370.733s][info][gc,heap     ] GC(781) Survivor regions: 2->8(17)
[370.733s][info][gc,heap     ] GC(781) Old regions: 76->76
[370.733s][info][gc,heap     ] GC(781) Humongous regions: 15->3
[370.733s][info][gc,metaspace] GC(781) Metaspace: 42942K(43328K)->42942K(43328K) NonClass: 40134K(40384K)->40134K(40384K) Class: 2808K(2944K)->2808K(2944K)
[370.733s][info][gc          ] GC(781) Pause Young (Prepare Mixed) (G1 Evacuation Pause) 223M->86M(256M) 7.775ms
[370.733s][info][gc,cpu      ] GC(781) User=0.02s Sys=0.00s Real=0.01s
[371.148s][info][gc,start    ] GC(782) Pause Young (Mixed) (G1 Evacuation Pause)
[371.148s][info][gc,task     ] GC(782) Using 2 workers of 2 for evacuation
[371.163s][info][gc,phases   ] GC(782)   Pre Evacuate Collection Set: 0.20ms
[371.163s][info][gc,phases   ] GC(782)   Merge Heap Roots: 0.15ms
[371.163s][info][gc,phases   ] GC(782)   Evacuate Collection Set: 14.28ms
[371.163s][info][gc,phases   ] GC(782)   Post Evacuate Collection Set: 0.56ms
[371.163s][info][gc,phases   ] GC(782)   Other: 0.07ms
[371.163s][info][gc,heap     ] GC(782) Eden regions: 130->0(144)
[371.163s][info][gc,heap     ] GC(782) Survivor regions: 8->9(18)
[371.163s][info][gc,heap     ] GC(782) Old regions: 76->62
[371.163s][info][gc,heap     ] GC(782) Humongous regions: 13->3
[371.163s][info][gc,metaspace] GC(782) Metaspace: 42943K(43328K)->42943K(43328K) NonClass: 40134K(40384K)->40134K(40384K) Class: 2808K(2944K)->2808K(2944K)
[371.163s][info][gc          ] GC(782) Pause Young (Mixed) (G1 Evacuation Pause) 226M->74M(256M) 15.402ms
[371.163s][info][gc,cpu      ] GC(782) User=0.03s Sys=0.00s Real=0.01s
[371.301s][info][gc,start    ] GC(783) Pause Young (Concurrent Start) (G1 Humongous Allocation)
[371.301s][info][gc,task     ] GC(783) Using 2 workers of 2 for evacuation
[371.307s][info][gc,phases   ] GC(783)   Pre Evacuate Collection Set: 0.18ms
[371.308s][info][gc,phases   ] GC(783)   Merge Heap Roots: 0.05ms
[371.308s][info][gc,phases   ] GC(783)   Evacuate Collection Set: 5.67ms
[371.308s][info][gc,phases   ] GC(783)   Post Evacuate Collection Set: 0.45ms
[371.308s][info][gc,phases   ] GC(783)   Other: 0.10ms
[371.308s][info][gc,heap     ] GC(783) Eden regions: 34->0(150)
[371.308s][info][gc,heap     ] GC(783) Survivor regions: 9->3(20)
[371.308s][info][gc,heap     ] GC(783) Old regions: 62->62
[371.308s][info][gc,heap     ] GC(783) Humongous regions: 3->1
[371.308s][info][gc,metaspace] GC(783) Metaspace: 42943K(43328K)->42943K(43328K) NonClass: 40134K(40384K)->40134K(40384K) Class: 2808K(2944K)->2808K(2944K)
[371.308s][info][gc          ] GC(783) Pause Young (Concurrent Start) (G1 Humongous Allocation) 108M->66M(256M) 6.617ms
[371.308s][info][gc,cpu      ] GC(783) User=0.00s Sys=0.00s Real=0.01s
[371.308s][info][gc          ] GC(784) Concurrent Mark Cycle
[371.308s][info][gc,marking  ] GC(784) Concurrent Scan Root Regions
[371.311s][info][gc,marking  ] GC(784) Concurrent Scan Root Regions 3.419ms
[371.311s][info][gc,marking  ] GC(784) Concurrent Mark
[371.311s][info][gc,marking  ] GC(784) Concurrent Mark From Roots
[371.311s][info][gc,task     ] GC(784) Using 1 workers of 1 for marking
[371.384s][info][gc,marking  ] GC(784) Concurrent Mark From Roots 73.018ms
[371.384s][info][gc,marking  ] GC(784) Concurrent Preclean
[371.384s][info][gc,marking  ] GC(784) Concurrent Preclean 0.034ms
[371.384s][info][gc,start    ] GC(784) Pause Remark
[371.400s][info][gc          ] GC(784) Pause Remark 85M->85M(256M) 15.709ms
[371.400s][info][gc,cpu      ] GC(784) User=0.03s Sys=0.00s Real=0.02s
[371.401s][info][gc,marking  ] GC(784) Concurrent Mark 90.221ms
[371.401s][info][gc,marking  ] GC(784) Concurrent Rebuild Remembered Sets and Scrub Regions
[371.429s][info][gc,marking  ] GC(784) Concurrent Rebuild Remembered Sets and Scrub Regions 27.965ms
[371.430s][info][gc,start    ] GC(784) Pause Cleanup
[371.430s][info][gc          ] GC(784) Pause Cleanup 93M->93M(256M) 0.044ms
[371.430s][info][gc,cpu      ] GC(784) User=0.00s Sys=0.00s Real=0.00s
[371.430s][info][gc,marking  ] GC(784) Concurrent Clear Claimed Marks
[371.430s][info][gc,marking  ] GC(784) Concurrent Clear Claimed Marks 0.049ms
[371.430s][info][gc,marking  ] GC(784) Concurrent Cleanup for Next Mark
[371.430s][info][gc,marking  ] GC(784) Concurrent Cleanup for Next Mark 0.737ms
[371.430s][info][gc          ] GC(784) Concurrent Mark Cycle 122.709ms
[371.890s][info][gc,start    ] GC(785) Pause Young (Prepare Mixed) (G1 Evacuation Pause)
[371.890s][info][gc,task     ] GC(785) Using 2 workers of 2 for evacuation
[371.899s][info][gc,phases   ] GC(785)   Pre Evacuate Collection Set: 0.17ms
[371.899s][info][gc,phases   ] GC(785)   Merge Heap Roots: 0.09ms
[371.899s][info][gc,phases   ] GC(785)   Evacuate Collection Set: 8.11ms
[371.899s][info][gc,phases   ] GC(785)   Post Evacuate Collection Set: 0.42ms
[371.899s][info][gc,phases   ] GC(785)   Other: 0.09ms
[371.899s][info][gc,heap     ] GC(785) Eden regions: 150->0(142)
[371.899s][info][gc,heap     ] GC(785) Survivor regions: 3->11(20)
[371.899s][info][gc,heap     ] GC(785) Old regions: 62->62
[371.899s][info][gc,heap     ] GC(785) Humongous regions: 15->3
[371.899s][info][gc,metaspace] GC(785) Metaspace: 42943K(43328K)->42943K(43328K) NonClass: 40134K(40384K)->40134K(40384K) Class: 2808K(2944K)->2808K(2944K)
[371.899s][info][gc          ] GC(785) Pause Young (Prepare Mixed) (G1 Evacuation Pause) 230M->75M(256M) 9.050ms
[371.899s][info][gc,cpu      ] GC(785) User=0.02s Sys=0.01s Real=0.01s
[372.394s][info][gc,start    ] GC(786) Pause Young (Mixed) (G1 Evacuation Pause)
[372.395s][info][gc,task     ] GC(786) Using 2 workers of 2 for evacuation
[372.420s][info][gc,phases   ] GC(786)   Pre Evacuate Collection Set: 0.17ms
[372.420s][info][gc,phases   ] GC(786)   Merge Heap Roots: 0.12ms
[372.420s][info][gc,phases   ] GC(786)   Evacuate Collection Set: 24.29ms
[372.420s][info][gc,phases   ] GC(786)   Post Evacuate Collection Set: 0.45ms
[372.420s][info][gc,phases   ] GC(786)   Other: 0.07ms
[372.420s][info][gc,heap     ] GC(786) Eden regions: 142->0(130)
[372.420s][info][gc,heap     ] GC(786) Survivor regions: 11->20(20)
[372.420s][info][gc,heap     ] GC(786) Old regions: 62->65
[372.420s][info][gc,heap     ] GC(786) Humongous regions: 3->3
[372.420s][info][gc,metaspace] GC(786) Metaspace: 42943K(43328K)->42943K(43328K) NonClass: 40135K(40384K)->40135K(40384K) Class: 2808K(2944K)->2808K(2944K)
[372.420s][info][gc          ] GC(786) Pause Young (Mixed) (G1 Evacuation Pause) 217M->87M(256M) 25.309ms
[372.420s][info][gc,cpu      ] GC(786) User=0.05s Sys=0.00s Real=0.03s
[372.949s][info][gc,start    ] GC(787) Pause Young (Concurrent Start) (G1 Evacuation Pause)
[372.949s][info][gc,task     ] GC(787) Using 2 workers of 2 for evacuation
[372.985s][info][gc,phases   ] GC(787)   Pre Evacuate Collection Set: 0.18ms
[372.985s][info][gc,phases   ] GC(787)   Merge Heap Roots: 0.12ms
[372.985s][info][gc,phases   ] GC(787)   Evacuate Collection Set: 35.01ms
[372.985s][info][gc,phases   ] GC(787)   Post Evacuate Collection Set: 0.43ms
[372.985s][info][gc,phases   ] GC(787)   Other: 0.08ms
[372.985s][info][gc,heap     ] GC(787) Eden regions: 130->0(113)
[372.985s][info][gc,heap     ] GC(787) Survivor regions: 20->19(19)
[372.985s][info][gc,heap     ] GC(787) Old regions: 65->80
[372.985s][info][gc,heap     ] GC(787) Humongous regions: 3->3
[372.985s][info][gc,metaspace] GC(787) Metaspace: 42943K(43328K)->42943K(43328K) NonClass: 40135K(40384K)->40135K(40384K) Class: 2808K(2944K)->2808K(2944K)
[372.985s][info][gc          ] GC(787) Pause Young (Concurrent Start) (G1 Evacuation Pause) 217M->102M(256M) 35.993ms
[372.985s][info][gc          ] GC(788) Concurrent Mark Cycle
[372.985s][info][gc,marking  ] GC(788) Concurrent Scan Root Regions
[372.986s][info][gc,cpu      ] GC(787) User=0.07s Sys=0.00s Real=0.03s
[373.022s][info][gc,marking  ] GC(788) Concurrent Scan Root Regions 36.679ms
[373.022s][info][gc,marking  ] GC(788) Concurrent Mark
[373.022s][info][gc,marking  ] GC(788) Concurrent Mark From Roots
[373.022s][info][gc,task     ] GC(788) Using 1 workers of 1 for marking
[373.113s][info][gc,marking  ] GC(788) Concurrent Mark From Roots 91.538ms
[373.113s][info][gc,marking  ] GC(788) Concurrent Preclean
[373.114s][info][gc,marking  ] GC(788) Concurrent Preclean 0.038ms
[373.114s][info][gc,start    ] GC(788) Pause Remark
[373.129s][info][gc          ] GC(788) Pause Remark 132M->132M(256M) 15.552ms
[373.130s][info][gc,cpu      ] GC(788) User=0.03s Sys=0.00s Real=0.02s
[373.130s][info][gc,marking  ] GC(788) Concurrent Mark 107.655ms
[373.130s][info][gc,marking  ] GC(788) Concurrent Rebuild Remembered Sets and Scrub Regions
[373.179s][info][gc,marking  ] GC(788) Concurrent Rebuild Remembered Sets and Scrub Regions 48.955ms
[373.179s][info][gc,start    ] GC(788) Pause Cleanup
[373.179s][info][gc          ] GC(788) Pause Cleanup 149M->149M(256M) 0.065ms
[373.179s][info][gc,cpu      ] GC(788) User=0.00s Sys=0.00s Real=0.00s
[373.179s][info][gc,marking  ] GC(788) Concurrent Clear Claimed Marks
[373.179s][info][gc,marking  ] GC(788) Concurrent Clear Claimed Marks 0.041ms
[373.179s][info][gc,marking  ] GC(788) Concurrent Cleanup for Next Mark
[373.180s][info][gc,marking  ] GC(788) Concurrent Cleanup for Next Mark 0.750ms
[373.180s][info][gc          ] GC(788) Concurrent Mark Cycle 194.463ms
[373.406s][info][gc,start    ] GC(789) Pause Young (Prepare Mixed) (G1 Evacuation Pause)
[373.406s][info][gc,task     ] GC(789) Using 2 workers of 2 for evacuation
[373.438s][info][gc,phases   ] GC(789)   Pre Evacuate Collection Set: 0.15ms
[373.438s][info][gc,phases   ] GC(789)   Merge Heap Roots: 0.22ms
[373.438s][info][gc,phases   ] GC(789)   Evacuate Collection Set: 30.80ms
[373.438s][info][gc,phases   ] GC(789)   Post Evacuate Collection Set: 0.48ms
[373.438s][info][gc,phases   ] GC(789)   Other: 0.06ms
[373.438s][info][gc,heap     ] GC(789) Eden regions: 113->0(102)
[373.438s][info][gc,heap     ] GC(789) Survivor regions: 19->14(17)
[373.438s][info][gc,heap     ] GC(789) Old regions: 80->99
[373.438s][info][gc,heap     ] GC(789) Humongous regions: 7->3
[373.438s][info][gc,metaspace] GC(789) Metaspace: 42943K(43328K)->42943K(43328K) NonClass: 40135K(40384K)->40135K(40384K) Class: 2808K(2944K)->2808K(2944K)
[373.438s][info][gc          ] GC(789) Pause Young (Prepare Mixed) (G1 Evacuation Pause) 219M->116M(256M) 31.889ms
[373.438s][info][gc,cpu      ] GC(789) User=0.06s Sys=0.00s Real=0.04s
[373.800s][info][gc,start    ] GC(790) Pause Young (Mixed) (G1 Evacuation Pause)
[373.801s][info][gc,task     ] GC(790) Using 2 workers of 2 for evacuation
[373.823s][info][gc,phases   ] GC(790)   Pre Evacuate Collection Set: 0.17ms
[373.823s][info][gc,phases   ] GC(790)   Merge Heap Roots: 0.38ms
[373.823s][info][gc,phases   ] GC(790)   Evacuate Collection Set: 21.33ms
[373.823s][info][gc,phases   ] GC(790)   Post Evacuate Collection Set: 0.39ms
[373.823s][info][gc,phases   ] GC(790)   Other: 0.07ms
[373.823s][info][gc,heap     ] GC(790) Eden regions: 102->0(113)
[373.823s][info][gc,heap     ] GC(790) Survivor regions: 14->2(15)
[373.823s][info][gc,heap     ] GC(790) Old regions: 99->103
[373.823s][info][gc,heap     ] GC(790) Humongous regions: 9->3
[373.823s][info][gc,metaspace] GC(790) Metaspace: 42943K(43328K)->42943K(43328K) NonClass: 40135K(40384K)->40135K(40384K) Class: 2808K(2944K)->2808K(2944K)
[373.823s][info][gc          ] GC(790) Pause Young (Mixed) (G1 Evacuation Pause) 224M->107M(256M) 22.487ms
[373.823s][info][gc,cpu      ] GC(790) User=0.04s Sys=0.00s Real=0.02s
[373.874s][info][gc,start    ] GC(791) Pause Young (Concurrent Start) (G1 Humongous Allocation)
[373.874s][info][gc,task     ] GC(791) Using 2 workers of 2 for evacuation
[373.877s][info][gc,phases   ] GC(791)   Pre Evacuate Collection Set: 0.18ms
[373.877s][info][gc,phases   ] GC(791)   Merge Heap Roots: 0.04ms
[373.877s][info][gc,phases   ] GC(791)   Evacuate Collection Set: 2.32ms
[373.877s][info][gc,phases   ] GC(791)   Post Evacuate Collection Set: 0.36ms
[373.877s][info][gc,phases   ] GC(791)   Other: 0.09ms
[373.877s][info][gc,heap     ] GC(791) Eden regions: 20->0(119)
[373.877s][info][gc,heap     ] GC(791) Survivor regions: 2->2(15)
[373.877s][info][gc,heap     ] GC(791) Old regions: 103->103
[373.877s][info][gc,heap     ] GC(791) Humongous regions: 3->1
[373.877s][info][gc,metaspace] GC(791) Metaspace: 42943K(43328K)->42943K(43328K) NonClass: 40135K(40384K)->40135K(40384K) Class: 2808K(2944K)->2808K(2944K)
[373.877s][info][gc          ] GC(791) Pause Young (Concurrent Start) (G1 Humongous Allocation) 127M->104M(256M) 3.141ms
[373.877s][info][gc          ] GC(792) Concurrent Mark Cycle
[373.877s][info][gc,marking  ] GC(792) Concurrent Scan Root Regions
[373.877s][info][gc,cpu      ] GC(791) User=0.01s Sys=0.00s Real=0.01s
[373.884s][info][gc,marking  ] GC(792) Concurrent Scan Root Regions 6.608ms
[373.884s][info][gc,marking  ] GC(792) Concurrent Mark
[373.884s][info][gc,marking  ] GC(792) Concurrent Mark From Roots
[373.884s][info][gc,task     ] GC(792) Using 1 workers of 1 for marking
[373.974s][info][gc,marking  ] GC(792) Concurrent Mark From Roots 90.181ms
[373.974s][info][gc,marking  ] GC(792) Concurrent Preclean
[373.974s][info][gc,marking  ] GC(792) Concurrent Preclean 0.036ms
[373.974s][info][gc,start    ] GC(792) Pause Remark
[373.991s][info][gc          ] GC(792) Pause Remark 128M->107M(256M) 16.075ms
[373.991s][info][gc,cpu      ] GC(792) User=0.04s Sys=0.00s Real=0.02s
[373.991s][info][gc,marking  ] GC(792) Concurrent Mark 106.573ms
[373.991s][info][gc,marking  ] GC(792) Concurrent Rebuild Remembered Sets and Scrub Regions
[374.014s][info][gc,marking  ] GC(792) Concurrent Rebuild Remembered Sets and Scrub Regions 23.323ms
[374.014s][info][gc,start    ] GC(792) Pause Cleanup
[374.014s][info][gc          ] GC(792) Pause Cleanup 111M->111M(256M) 0.057ms
[374.014s][info][gc,cpu      ] GC(792) User=0.00s Sys=0.00s Real=0.00s
[374.014s][info][gc,marking  ] GC(792) Concurrent Clear Claimed Marks
[374.014s][info][gc,marking  ] GC(792) Concurrent Clear Claimed Marks 0.036ms
[374.014s][info][gc,marking  ] GC(792) Concurrent Cleanup for Next Mark
[374.015s][info][gc,marking  ] GC(792) Concurrent Cleanup for Next Mark 0.758ms
[374.015s][info][gc          ] GC(792) Concurrent Mark Cycle 137.613ms
[374.360s][info][gc,start    ] GC(793) Pause Young (Prepare Mixed) (G1 Evacuation Pause)
[374.360s][info][gc,task     ] GC(793) Using 2 workers of 2 for evacuation
[374.371s][info][gc,phases   ] GC(793)   Pre Evacuate Collection Set: 0.18ms
[374.371s][info][gc,phases   ] GC(793)   Merge Heap Roots: 0.07ms
[374.371s][info][gc,phases   ] GC(793)   Evacuate Collection Set: 10.02ms
[374.371s][info][gc,phases   ] GC(793)   Post Evacuate Collection Set: 0.47ms
[374.371s][info][gc,phases   ] GC(793)   Other: 0.10ms
[374.371s][info][gc,heap     ] GC(793) Eden regions: 119->0(131)
[374.371s][info][gc,heap     ] GC(793) Survivor regions: 2->7(16)
[374.371s][info][gc,heap     ] GC(793) Old regions: 82->82
[374.371s][info][gc,heap     ] GC(793) Humongous regions: 7->3
[374.371s][info][gc,metaspace] GC(793) Metaspace: 42943K(43328K)->42943K(43328K) NonClass: 40135K(40384K)->40135K(40384K) Class: 2808K(2944K)->2808K(2944K)
[374.371s][info][gc          ] GC(793) Pause Young (Prepare Mixed) (G1 Evacuation Pause) 208M->91M(256M) 11.062ms
[374.371s][info][gc,cpu      ] GC(793) User=0.01s Sys=0.00s Real=0.01s
[374.837s][info][gc,start    ] GC(794) Pause Young (Mixed) (G1 Evacuation Pause)
[374.837s][info][gc,task     ] GC(794) Using 2 workers of 2 for evacuation
[374.845s][info][gc,phases   ] GC(794)   Pre Evacuate Collection Set: 0.19ms
[374.845s][info][gc,phases   ] GC(794)   Merge Heap Roots: 0.08ms
[374.845s][info][gc,phases   ] GC(794)   Evacuate Collection Set: 7.22ms
[374.845s][info][gc,phases   ] GC(794)   Post Evacuate Collection Set: 0.39ms
[374.845s][info][gc,phases   ] GC(794)   Other: 0.12ms
[374.845s][info][gc,heap     ] GC(794) Eden regions: 131->0(144)
[374.845s][info][gc,heap     ] GC(794) Survivor regions: 7->9(18)
[374.845s][info][gc,heap     ] GC(794) Old regions: 82->56
[374.845s][info][gc,heap     ] GC(794) Humongous regions: 5->3
[374.845s][info][gc,metaspace] GC(794) Metaspace: 42943K(43328K)->42943K(43328K) NonClass: 40135K(40384K)->40135K(40384K) Class: 2808K(2944K)->2808K(2944K)
[374.845s][info][gc          ] GC(794) Pause Young (Mixed) (G1 Evacuation Pause) 224M->67M(256M) 8.200ms
[374.845s][info][gc,cpu      ] GC(794) User=0.01s Sys=0.00s Real=0.01s
[375.320s][info][gc,start    ] GC(795) Pause Young (Mixed) (G1 Evacuation Pause)
[375.320s][info][gc,task     ] GC(795) Using 2 workers of 2 for evacuation
[375.335s][info][gc,phases   ] GC(795)   Pre Evacuate Collection Set: 0.16ms
[375.335s][info][gc,phases   ] GC(795)   Merge Heap Roots: 0.12ms
[375.335s][info][gc,phases   ] GC(795)   Evacuate Collection Set: 14.64ms
[375.335s][info][gc,phases   ] GC(795)   Post Evacuate Collection Set: 0.52ms
[375.335s][info][gc,phases   ] GC(795)   Other: 0.07ms
[375.335s][info][gc,heap     ] GC(795) Eden regions: 144->0(143)
[375.335s][info][gc,heap     ] GC(795) Survivor regions: 9->10(20)
[375.335s][info][gc,heap     ] GC(795) Old regions: 56->49
[375.335s][info][gc,heap     ] GC(795) Humongous regions: 9->3
[375.335s][info][gc,metaspace] GC(795) Metaspace: 42943K(43328K)->42943K(43328K) NonClass: 40135K(40384K)->40135K(40384K) Class: 2808K(2944K)->2808K(2944K)
[375.335s][info][gc          ] GC(795) Pause Young (Mixed) (G1 Evacuation Pause) 217M->62M(256M) 15.684ms
[375.335s][info][gc,cpu      ] GC(795) User=0.03s Sys=0.00s Real=0.01s
[375.363s][info][gc,start    ] GC(796) Pause Young (Concurrent Start) (G1 Humongous Allocation)
[375.363s][info][gc,task     ] GC(796) Using 2 workers of 2 for evacuation
[375.370s][info][gc,phases   ] GC(796)   Pre Evacuate Collection Set: 0.15ms
[375.370s][info][gc,phases   ] GC(796)   Merge Heap Roots: 0.04ms
[375.370s][info][gc,phases   ] GC(796)   Evacuate Collection Set: 6.08ms
[375.370s][info][gc,phases   ] GC(796)   Post Evacuate Collection Set: 0.35ms
[375.370s][info][gc,phases   ] GC(796)   Other: 0.10ms
[375.370s][info][gc,heap     ] GC(796) Eden regions: 8->0(149)
[375.370s][info][gc,heap     ] GC(796) Survivor regions: 10->4(20)
[375.370s][info][gc,heap     ] GC(796) Old regions: 49->49
[375.370s][info][gc,heap     ] GC(796) Humongous regions: 3->1
[375.370s][info][gc,metaspace] GC(796) Metaspace: 42943K(43328K)->42943K(43328K) NonClass: 40135K(40384K)->40135K(40384K) Class: 2808K(2944K)->2808K(2944K)
[375.370s][info][gc          ] GC(796) Pause Young (Concurrent Start) (G1 Humongous Allocation) 70M->53M(256M) 6.914ms
[375.370s][info][gc,cpu      ] GC(796) User=0.01s Sys=0.00s Real=0.01s
[375.372s][info][gc          ] GC(797) Concurrent Mark Cycle
[375.372s][info][gc,marking  ] GC(797) Concurrent Scan Root Regions
[375.379s][info][gc,marking  ] GC(797) Concurrent Scan Root Regions 7.093ms
[375.379s][info][gc,marking  ] GC(797) Concurrent Mark
[375.379s][info][gc,marking  ] GC(797) Concurrent Mark From Roots
[375.379s][info][gc,task     ] GC(797) Using 1 workers of 1 for marking
[375.442s][info][gc,marking  ] GC(797) Concurrent Mark From Roots 63.425ms
[375.442s][info][gc,marking  ] GC(797) Concurrent Preclean
[375.442s][info][gc,marking  ] GC(797) Concurrent Preclean 0.035ms
[375.442s][info][gc,start    ] GC(797) Pause Remark
[375.460s][info][gc          ] GC(797) Pause Remark 78M->78M(256M) 17.495ms
[375.460s][info][gc,cpu      ] GC(797) User=0.03s Sys=0.00s Real=0.02s
[375.460s][info][gc,marking  ] GC(797) Concurrent Mark 81.203ms
[375.460s][info][gc,marking  ] GC(797) Concurrent Rebuild Remembered Sets and Scrub Regions
[375.485s][info][gc,marking  ] GC(797) Concurrent Rebuild Remembered Sets and Scrub Regions 25.019ms
[375.485s][info][gc,start    ] GC(797) Pause Cleanup
[375.485s][info][gc          ] GC(797) Pause Cleanup 85M->85M(256M) 0.043ms
[375.485s][info][gc,cpu      ] GC(797) User=0.00s Sys=0.00s Real=0.00s
[375.485s][info][gc,marking  ] GC(797) Concurrent Clear Claimed Marks
[375.485s][info][gc,marking  ] GC(797) Concurrent Clear Claimed Marks 0.036ms
[375.485s][info][gc,marking  ] GC(797) Concurrent Cleanup for Next Mark
[375.486s][info][gc,marking  ] GC(797) Concurrent Cleanup for Next Mark 0.753ms
[375.486s][info][gc          ] GC(797) Concurrent Mark Cycle 114.473ms
[375.895s][info][gc,start    ] GC(798) Pause Young (Prepare Mixed) (G1 Evacuation Pause)
[375.895s][info][gc,task     ] GC(798) Using 2 workers of 2 for evacuation
[375.906s][info][gc,phases   ] GC(798)   Pre Evacuate Collection Set: 0.18ms
[375.906s][info][gc,phases   ] GC(798)   Merge Heap Roots: 0.06ms
[375.906s][info][gc,phases   ] GC(798)   Evacuate Collection Set: 10.83ms
[375.906s][info][gc,phases   ] GC(798)   Post Evacuate Collection Set: 0.54ms
[375.906s][info][gc,phases   ] GC(798)   Other: 0.07ms
[375.906s][info][gc,heap     ] GC(798) Eden regions: 149->0(141)
[375.906s][info][gc,heap     ] GC(798) Survivor regions: 4->12(20)
[375.906s][info][gc,heap     ] GC(798) Old regions: 49->49
[375.906s][info][gc,heap     ] GC(798) Humongous regions: 5->3
[375.906s][info][gc,metaspace] GC(798) Metaspace: 42943K(43328K)->42943K(43328K) NonClass: 40135K(40384K)->40135K(40384K) Class: 2808K(2944K)->2808K(2944K)
[375.906s][info][gc          ] GC(798) Pause Young (Prepare Mixed) (G1 Evacuation Pause) 206M->64M(256M) 11.843ms
[375.906s][info][gc,cpu      ] GC(798) User=0.02s Sys=0.00s Real=0.01s
[376.441s][info][gc,start    ] GC(799) Pause Young (Mixed) (G1 Evacuation Pause)
[376.441s][info][gc,task     ] GC(799) Using 2 workers of 2 for evacuation
[376.456s][info][gc,phases   ] GC(799)   Pre Evacuate Collection Set: 0.20ms
[376.456s][info][gc,phases   ] GC(799)   Merge Heap Roots: 0.12ms
[376.456s][info][gc,phases   ] GC(799)   Evacuate Collection Set: 13.98ms
[376.456s][info][gc,phases   ] GC(799)   Post Evacuate Collection Set: 0.60ms
[376.456s][info][gc,phases   ] GC(799)   Other: 0.07ms
[376.456s][info][gc,heap     ] GC(799) Eden regions: 141->0(141)
[376.456s][info][gc,heap     ] GC(799) Survivor regions: 12->12(20)
[376.456s][info][gc,heap     ] GC(799) Old regions: 49->48
[376.456s][info][gc,heap     ] GC(799) Humongous regions: 9->3
[376.456s][info][gc,metaspace] GC(799) Metaspace: 42943K(43328K)->42943K(43328K) NonClass: 40135K(40384K)->40135K(40384K) Class: 2808K(2944K)->2808K(2944K)
[376.456s][info][gc          ] GC(799) Pause Young (Mixed) (G1 Evacuation Pause) 211M->62M(256M) 15.145ms
[376.456s][info][gc,cpu      ] GC(799) User=0.03s Sys=0.00s Real=0.01s
[376.809s][info][gc,start    ] GC(800) Pause Young (Concurrent Start) (G1 Evacuation Pause)
[376.809s][info][gc,task     ] GC(800) Using 2 workers of 2 for evacuation
[376.845s][info][gc,phases   ] GC(800)   Pre Evacuate Collection Set: 0.16ms
[376.845s][info][gc,phases   ] GC(800)   Merge Heap Roots: 0.06ms
[376.845s][info][gc,phases   ] GC(800)   Evacuate Collection Set: 35.48ms
[376.845s][info][gc,phases   ] GC(800)   Post Evacuate Collection Set: 0.46ms
[376.845s][info][gc,phases   ] GC(800)   Other: 0.12ms
[376.845s][info][gc,heap     ] GC(800) Eden regions: 141->0(120)
[376.845s][info][gc,heap     ] GC(800) Survivor regions: 12->20(20)
[376.845s][info][gc,heap     ] GC(800) Old regions: 48->69
[376.845s][info][gc,heap     ] GC(800) Humongous regions: 3->3
[376.845s][info][gc,metaspace] GC(800) Metaspace: 42943K(43328K)->42943K(43328K) NonClass: 40135K(40384K)->40135K(40384K) Class: 2808K(2944K)->2808K(2944K)
[376.845s][info][gc          ] GC(800) Pause Young (Concurrent Start) (G1 Evacuation Pause) 203M->92M(256M) 36.452ms
[376.845s][info][gc,cpu      ] GC(800) User=0.08s Sys=0.00s Real=0.03s
[376.845s][info][gc          ] GC(801) Concurrent Mark Cycle
[376.846s][info][gc,marking  ] GC(801) Concurrent Scan Root Regions
[376.880s][info][gc,marking  ] GC(801) Concurrent Scan Root Regions 34.099ms
[376.880s][info][gc,marking  ] GC(801) Concurrent Mark
[376.880s][info][gc,marking  ] GC(801) Concurrent Mark From Roots
[376.880s][info][gc,task     ] GC(801) Using 1 workers of 1 for marking
[376.954s][info][gc,marking  ] GC(801) Concurrent Mark From Roots 73.996ms
[376.954s][info][gc,marking  ] GC(801) Concurrent Preclean
[376.954s][info][gc,marking  ] GC(801) Concurrent Preclean 0.046ms
[376.954s][info][gc,start    ] GC(801) Pause Remark
[376.969s][info][gc          ] GC(801) Pause Remark 113M->113M(256M) 15.479ms
[376.969s][info][gc,cpu      ] GC(801) User=0.03s Sys=0.00s Real=0.02s
[376.972s][info][gc,marking  ] GC(801) Concurrent Mark 92.062ms
[376.972s][info][gc,marking  ] GC(801) Concurrent Rebuild Remembered Sets and Scrub Regions
[377.058s][info][gc,marking  ] GC(801) Concurrent Rebuild Remembered Sets and Scrub Regions 86.567ms
[377.058s][info][gc,start    ] GC(801) Pause Cleanup
[377.059s][info][gc          ] GC(801) Pause Cleanup 128M->128M(256M) 0.043ms
[377.059s][info][gc,cpu      ] GC(801) User=0.00s Sys=0.00s Real=0.00s
[377.060s][info][gc,marking  ] GC(801) Concurrent Clear Claimed Marks
[377.060s][info][gc,marking  ] GC(801) Concurrent Clear Claimed Marks 0.055ms
[377.060s][info][gc,marking  ] GC(801) Concurrent Cleanup for Next Mark
[377.061s][info][gc,marking  ] GC(801) Concurrent Cleanup for Next Mark 0.820ms
[377.061s][info][gc          ] GC(801) Concurrent Mark Cycle 215.327ms
[377.410s][info][gc,start    ] GC(802) Pause Young (Prepare Mixed) (G1 Evacuation Pause)
[377.410s][info][gc,task     ] GC(802) Using 2 workers of 2 for evacuation
[377.468s][info][gc,phases   ] GC(802)   Pre Evacuate Collection Set: 0.16ms
[377.468s][info][gc,phases   ] GC(802)   Merge Heap Roots: 0.26ms
[377.468s][info][gc,phases   ] GC(802)   Evacuate Collection Set: 56.77ms
[377.468s][info][gc,phases   ] GC(802)   Post Evacuate Collection Set: 0.48ms
[377.468s][info][gc,phases   ] GC(802)   Other: 0.07ms
[377.468s][info][gc,heap     ] GC(802) Eden regions: 120->0(93)
[377.468s][info][gc,heap     ] GC(802) Survivor regions: 20->18(18)
[377.468s][info][gc,heap     ] GC(802) Old regions: 69->102
[377.468s][info][gc,heap     ] GC(802) Humongous regions: 3->3
[377.468s][info][gc,metaspace] GC(802) Metaspace: 42943K(43328K)->42943K(43328K) NonClass: 40135K(40384K)->40135K(40384K) Class: 2808K(2944K)->2808K(2944K)
[377.468s][info][gc          ] GC(802) Pause Young (Prepare Mixed) (G1 Evacuation Pause) 212M->122M(263M) 57.912ms
[377.468s][info][gc,cpu      ] GC(802) User=0.11s Sys=0.01s Real=0.06s
[377.895s][info][gc,start    ] GC(803) Pause Young (Mixed) (G1 Evacuation Pause)
[377.895s][info][gc,task     ] GC(803) Using 2 workers of 2 for evacuation
[377.983s][info][gc,phases   ] GC(803)   Pre Evacuate Collection Set: 0.18ms
[377.983s][info][gc,phases   ] GC(803)   Merge Heap Roots: 0.26ms
[377.983s][info][gc,phases   ] GC(803)   Evacuate Collection Set: 87.48ms
[377.983s][info][gc,phases   ] GC(803)   Post Evacuate Collection Set: 0.44ms
[377.983s][info][gc,phases   ] GC(803)   Other: 0.07ms
[377.983s][info][gc,heap     ] GC(803) Eden regions: 93->0(71)
[377.983s][info][gc,heap     ] GC(803) Survivor regions: 18->14(14)
[377.983s][info][gc,heap     ] GC(803) Old regions: 102->130
[377.983s][info][gc,heap     ] GC(803) Humongous regions: 3->3
[377.983s][info][gc,metaspace] GC(803) Metaspace: 42943K(43328K)->42943K(43328K) NonClass: 40135K(40384K)->40135K(40384K) Class: 2808K(2944K)->2808K(2944K)
[377.983s][info][gc          ] GC(803) Pause Young (Mixed) (G1 Evacuation Pause) 215M->146M(263M) 88.641ms
[377.983s][info][gc,cpu      ] GC(803) User=0.11s Sys=0.00s Real=0.09s
[378.318s][info][gc,start    ] GC(804) Pause Young (Concurrent Start) (G1 Evacuation Pause)
[378.318s][info][gc,task     ] GC(804) Using 2 workers of 2 for evacuation
[378.358s][info][gc,phases   ] GC(804)   Pre Evacuate Collection Set: 0.18ms
[378.358s][info][gc,phases   ] GC(804)   Merge Heap Roots: 0.24ms
[378.358s][info][gc,phases   ] GC(804)   Evacuate Collection Set: 38.61ms
[378.358s][info][gc,phases   ] GC(804)   Post Evacuate Collection Set: 0.36ms
[378.358s][info][gc,phases   ] GC(804)   Other: 0.10ms
[378.358s][info][gc,heap     ] GC(804) Eden regions: 71->0(56)
[378.358s][info][gc,heap     ] GC(804) Survivor regions: 14->11(11)
[378.358s][info][gc,heap     ] GC(804) Old regions: 130->153
[378.358s][info][gc,heap     ] GC(804) Humongous regions: 3->3
[378.358s][info][gc,metaspace] GC(804) Metaspace: 42943K(43328K)->42943K(43328K) NonClass: 40135K(40384K)->40135K(40384K) Class: 2808K(2944K)->2808K(2944K)
[378.358s][info][gc          ] GC(804) Pause Young (Concurrent Start) (G1 Evacuation Pause) 217M->167M(263M) 39.676ms
[378.358s][info][gc,cpu      ] GC(804) User=0.08s Sys=0.00s Real=0.04s
[378.358s][info][gc          ] GC(805) Concurrent Mark Cycle
[378.358s][info][gc,marking  ] GC(805) Concurrent Scan Root Regions
[378.399s][info][gc,marking  ] GC(805) Concurrent Scan Root Regions 40.620ms
[378.399s][info][gc,marking  ] GC(805) Concurrent Mark
[378.399s][info][gc,marking  ] GC(805) Concurrent Mark From Roots
[378.399s][info][gc,task     ] GC(805) Using 1 workers of 1 for marking
[378.562s][info][gc,marking  ] GC(805) Concurrent Mark From Roots 163.581ms
[378.562s][info][gc,marking  ] GC(805) Concurrent Preclean
[378.562s][info][gc,marking  ] GC(805) Concurrent Preclean 0.047ms
[378.563s][info][gc,start    ] GC(805) Pause Remark
[378.579s][info][gc          ] GC(805) Pause Remark 218M->218M(282M) 15.976ms
[378.579s][info][gc,cpu      ] GC(805) User=0.03s Sys=0.00s Real=0.02s
[378.579s][info][gc,marking  ] GC(805) Concurrent Mark 179.864ms
[378.579s][info][gc,marking  ] GC(805) Concurrent Rebuild Remembered Sets and Scrub Regions
[378.604s][info][gc,start    ] GC(806) Pause Young (Normal) (G1 Evacuation Pause)
[378.604s][info][gc,task     ] GC(806) Using 2 workers of 2 for evacuation
[378.634s][info][gc,phases   ] GC(806)   Pre Evacuate Collection Set: 0.15ms
[378.634s][info][gc,phases   ] GC(806)   Merge Heap Roots: 0.16ms
[378.634s][info][gc,phases   ] GC(806)   Evacuate Collection Set: 29.14ms
[378.634s][info][gc,phases   ] GC(806)   Post Evacuate Collection Set: 0.39ms
[378.634s][info][gc,phases   ] GC(806)   Other: 0.09ms
[378.634s][info][gc,heap     ] GC(806) Eden regions: 56->0(61)
[378.634s][info][gc,heap     ] GC(806) Survivor regions: 11->9(9)
[378.634s][info][gc,heap     ] GC(806) Old regions: 153->167
[378.634s][info][gc,heap     ] GC(806) Humongous regions: 5->3
[378.634s][info][gc,metaspace] GC(806) Metaspace: 42943K(43328K)->42943K(43328K) NonClass: 40135K(40384K)->40135K(40384K) Class: 2808K(2944K)->2808K(2944K)
[378.634s][info][gc          ] GC(806) Pause Young (Normal) (G1 Evacuation Pause) 225M->179M(282M) 30.078ms
[378.634s][info][gc,cpu      ] GC(806) User=0.05s Sys=0.00s Real=0.03s
[378.690s][info][gc,marking  ] GC(805) Concurrent Rebuild Remembered Sets and Scrub Regions 111.280ms
[378.690s][info][gc,start    ] GC(805) Pause Cleanup
[378.690s][info][gc          ] GC(805) Pause Cleanup 191M->191M(282M) 0.080ms
[378.690s][info][gc,cpu      ] GC(805) User=0.00s Sys=0.00s Real=0.00s
[378.693s][info][gc,marking  ] GC(805) Concurrent Clear Claimed Marks
[378.693s][info][gc,marking  ] GC(805) Concurrent Clear Claimed Marks 0.060ms
[378.693s][info][gc,marking  ] GC(805) Concurrent Cleanup for Next Mark
[378.698s][info][gc,marking  ] GC(805) Concurrent Cleanup for Next Mark 5.420ms
[378.699s][info][gc          ] GC(805) Concurrent Mark Cycle 340.439ms
[378.916s][info][gc,start    ] GC(807) Pause Young (Prepare Mixed) (G1 Evacuation Pause)
[378.916s][info][gc,task     ] GC(807) Using 2 workers of 2 for evacuation
[378.939s][info][gc,phases   ] GC(807)   Pre Evacuate Collection Set: 0.17ms
[378.939s][info][gc,phases   ] GC(807)   Merge Heap Roots: 0.17ms
[378.939s][info][gc,phases   ] GC(807)   Evacuate Collection Set: 21.89ms
[378.939s][info][gc,phases   ] GC(807)   Post Evacuate Collection Set: 0.42ms
[378.939s][info][gc,phases   ] GC(807)   Other: 0.07ms
[378.939s][info][gc,heap     ] GC(807) Eden regions: 61->0(60)
[378.939s][info][gc,heap     ] GC(807) Survivor regions: 9->9(9)
[378.939s][info][gc,heap     ] GC(807) Old regions: 167->174
[378.939s][info][gc,heap     ] GC(807) Humongous regions: 3->3
[378.939s][info][gc,metaspace] GC(807) Metaspace: 42943K(43328K)->42943K(43328K) NonClass: 40135K(40384K)->40135K(40384K) Class: 2808K(2944K)->2808K(2944K)
[378.939s][info][gc          ] GC(807) Pause Young (Prepare Mixed) (G1 Evacuation Pause) 240M->185M(282M) 22.893ms
[378.939s][info][gc,cpu      ] GC(807) User=0.04s Sys=0.00s Real=0.03s
[379.153s][info][gc,start    ] GC(808) Pause Young (Mixed) (G1 Evacuation Pause)
[379.153s][info][gc,task     ] GC(808) Using 2 workers of 2 for evacuation
[379.192s][info][gc,phases   ] GC(808)   Pre Evacuate Collection Set: 0.22ms
[379.192s][info][gc,phases   ] GC(808)   Merge Heap Roots: 0.44ms
[379.192s][info][gc,phases   ] GC(808)   Evacuate Collection Set: 36.28ms
[379.192s][info][gc,phases   ] GC(808)   Post Evacuate Collection Set: 1.35ms
[379.192s][info][gc,phases   ] GC(808)   Other: 0.09ms
[379.192s][info][gc,heap     ] GC(808) Eden regions: 60->0(164)
[379.192s][info][gc,heap     ] GC(808) Survivor regions: 9->9(9)
[379.192s][info][gc,heap     ] GC(808) Old regions: 174->158
[379.192s][info][gc,heap     ] GC(808) Humongous regions: 7->3
[379.192s][info][gc,metaspace] GC(808) Metaspace: 42943K(43328K)->42943K(43328K) NonClass: 40135K(40384K)->40135K(40384K) Class: 2808K(2944K)->2808K(2944K)
[379.192s][info][gc          ] GC(808) Pause Young (Mixed) (G1 Evacuation Pause) 249M->170M(418M) 38.600ms
[379.192s][info][gc,cpu      ] GC(808) User=0.08s Sys=0.00s Real=0.04s
[379.786s][info][gc,start    ] GC(809) Pause Young (Mixed) (G1 Evacuation Pause)
[379.786s][info][gc,task     ] GC(809) Using 2 workers of 2 for evacuation
[379.821s][info][gc,phases   ] GC(809)   Pre Evacuate Collection Set: 0.22ms
[379.821s][info][gc,phases   ] GC(809)   Merge Heap Roots: 0.59ms
[379.821s][info][gc,phases   ] GC(809)   Evacuate Collection Set: 33.34ms
[379.821s][info][gc,phases   ] GC(809)   Post Evacuate Collection Set: 0.52ms
[379.821s][info][gc,phases   ] GC(809)   Other: 0.10ms
[379.821s][info][gc,heap     ] GC(809) Eden regions: 164->0(183)
[379.821s][info][gc,heap     ] GC(809) Survivor regions: 9->10(22)
[379.821s][info][gc,heap     ] GC(809) Old regions: 158->143
[379.821s][info][gc,heap     ] GC(809) Humongous regions: 11->3
[379.821s][info][gc,metaspace] GC(809) Metaspace: 42952K(43328K)->42952K(43328K) NonClass: 40144K(40384K)->40144K(40384K) Class: 2808K(2944K)->2808K(2944K)
[379.821s][info][gc          ] GC(809) Pause Young (Mixed) (G1 Evacuation Pause) 342M->155M(418M) 34.949ms
[379.821s][info][gc,cpu      ] GC(809) User=0.07s Sys=0.00s Real=0.04s
[380.021s][info][gc,start    ] GC(810) Pause Young (Concurrent Start) (G1 Humongous Allocation)
[380.021s][info][gc,task     ] GC(810) Using 2 workers of 2 for evacuation
[380.047s][info][gc,phases   ] GC(810)   Pre Evacuate Collection Set: 0.24ms
[380.047s][info][gc,phases   ] GC(810)   Merge Heap Roots: 0.08ms
[380.047s][info][gc,phases   ] GC(810)   Evacuate Collection Set: 25.70ms
[380.047s][info][gc,phases   ] GC(810)   Post Evacuate Collection Set: 0.44ms
[380.047s][info][gc,phases   ] GC(810)   Other: 0.11ms
[380.047s][info][gc,heap     ] GC(810) Eden regions: 67->0(156)
[380.047s][info][gc,heap     ] GC(810) Survivor regions: 10->25(25)
[380.047s][info][gc,heap     ] GC(810) Old regions: 143->155
[380.047s][info][gc,heap     ] GC(810) Humongous regions: 3->3
[380.047s][info][gc,metaspace] GC(810) Metaspace: 42952K(43328K)->42952K(43328K) NonClass: 40144K(40384K)->40144K(40384K) Class: 2808K(2944K)->2808K(2944K)
[380.047s][info][gc          ] GC(810) Pause Young (Concurrent Start) (G1 Humongous Allocation) 222M->182M(418M) 26.778ms
[380.047s][info][gc,cpu      ] GC(810) User=0.05s Sys=0.00s Real=0.03s
[380.047s][info][gc          ] GC(811) Concurrent Mark Cycle
[380.048s][info][gc,marking  ] GC(811) Concurrent Scan Root Regions
[380.066s][info][gc,marking  ] GC(811) Concurrent Scan Root Regions 18.749ms
[380.066s][info][gc,marking  ] GC(811) Concurrent Mark
[380.066s][info][gc,marking  ] GC(811) Concurrent Mark From Roots
[380.066s][info][gc,task     ] GC(811) Using 1 workers of 1 for marking
[380.143s][info][gc,marking  ] GC(811) Concurrent Mark From Roots 76.872ms
[380.143s][info][gc,marking  ] GC(811) Concurrent Preclean
[380.143s][info][gc,marking  ] GC(811) Concurrent Preclean 0.037ms
[380.143s][info][gc,start    ] GC(811) Pause Remark
[380.159s][info][gc          ] GC(811) Pause Remark 209M->183M(418M) 15.827ms
[380.159s][info][gc,cpu      ] GC(811) User=0.03s Sys=0.00s Real=0.02s
[380.159s][info][gc,marking  ] GC(811) Concurrent Mark 93.050ms
[380.159s][info][gc,marking  ] GC(811) Concurrent Rebuild Remembered Sets and Scrub Regions
[380.201s][info][gc,marking  ] GC(811) Concurrent Rebuild Remembered Sets and Scrub Regions 41.730ms
[380.201s][info][gc,start    ] GC(811) Pause Cleanup
[380.201s][info][gc          ] GC(811) Pause Cleanup 194M->194M(418M) 0.064ms
[380.201s][info][gc,cpu      ] GC(811) User=0.00s Sys=0.00s Real=0.00s
[380.201s][info][gc,marking  ] GC(811) Concurrent Clear Claimed Marks
[380.201s][info][gc,marking  ] GC(811) Concurrent Clear Claimed Marks 0.040ms
[380.201s][info][gc,marking  ] GC(811) Concurrent Cleanup for Next Mark
[380.204s][info][gc,marking  ] GC(811) Concurrent Cleanup for Next Mark 2.514ms
[380.204s][info][gc          ] GC(811) Concurrent Mark Cycle 156.469ms
[380.565s][info][gc,start    ] GC(812) Pause Young (Prepare Mixed) (G1 Evacuation Pause)
[380.565s][info][gc,task     ] GC(812) Using 2 workers of 2 for evacuation
[380.597s][info][gc,phases   ] GC(812)   Pre Evacuate Collection Set: 0.21ms
[380.597s][info][gc,phases   ] GC(812)   Merge Heap Roots: 0.22ms
[380.597s][info][gc,phases   ] GC(812)   Evacuate Collection Set: 31.02ms
[380.597s][info][gc,phases   ] GC(812)   Post Evacuate Collection Set: 0.45ms
[380.597s][info][gc,phases   ] GC(812)   Other: 0.08ms
[380.597s][info][gc,heap     ] GC(812) Eden regions: 156->0(156)
[380.597s][info][gc,heap     ] GC(812) Survivor regions: 25->23(23)
[380.597s][info][gc,heap     ] GC(812) Old regions: 129->151
[380.597s][info][gc,heap     ] GC(812) Humongous regions: 5->4
[380.597s][info][gc,metaspace] GC(812) Metaspace: 42952K(43328K)->42952K(43328K) NonClass: 40144K(40384K)->40144K(40384K) Class: 2808K(2944K)->2808K(2944K)
[380.597s][info][gc          ] GC(812) Pause Young (Prepare Mixed) (G1 Evacuation Pause) 314M->177M(418M) 32.175ms
[380.597s][info][gc,cpu      ] GC(812) User=0.07s Sys=0.00s Real=0.04s
[381.072s][info][gc,start    ] GC(813) Pause Young (Mixed) (G1 Evacuation Pause)
[381.072s][info][gc,task     ] GC(813) Using 2 workers of 2 for evacuation
[381.090s][info][gc,phases   ] GC(813)   Pre Evacuate Collection Set: 0.22ms
[381.090s][info][gc,phases   ] GC(813)   Merge Heap Roots: 0.19ms
[381.090s][info][gc,phases   ] GC(813)   Evacuate Collection Set: 16.85ms
[381.090s][info][gc,phases   ] GC(813)   Post Evacuate Collection Set: 0.48ms
[381.090s][info][gc,phases   ] GC(813)   Other: 0.09ms
[381.090s][info][gc,heap     ] GC(813) Eden regions: 156->0(186)
[381.090s][info][gc,heap     ] GC(813) Survivor regions: 23->3(23)
[381.090s][info][gc,heap     ] GC(813) Old regions: 151->130
[381.090s][info][gc,heap     ] GC(813) Humongous regions: 5->4
[381.090s][info][gc,metaspace] GC(813) Metaspace: 42952K(43328K)->42952K(43328K) NonClass: 40144K(40384K)->40144K(40384K) Class: 2808K(2944K)->2808K(2944K)
[381.090s][info][gc          ] GC(813) Pause Young (Mixed) (G1 Evacuation Pause) 334M->137M(418M) 18.016ms
[381.090s][info][gc,cpu      ] GC(813) User=0.03s Sys=0.00s Real=0.02s
[381.662s][info][gc,start    ] GC(814) Pause Young (Mixed) (G1 Evacuation Pause)
[381.662s][info][gc,task     ] GC(814) Using 2 workers of 2 for evacuation
[381.695s][info][gc,phases   ] GC(814)   Pre Evacuate Collection Set: 0.27ms
[381.695s][info][gc,phases   ] GC(814)   Merge Heap Roots: 0.17ms
[381.695s][info][gc,phases   ] GC(814)   Evacuate Collection Set: 32.23ms
[381.695s][info][gc,phases   ] GC(814)   Post Evacuate Collection Set: 0.48ms
[381.695s][info][gc,phases   ] GC(814)   Other: 0.07ms
[381.695s][info][gc,heap     ] GC(814) Eden regions: 186->0(148)
[381.695s][info][gc,heap     ] GC(814) Survivor regions: 3->24(24)
[381.696s][info][gc,heap     ] GC(814) Old regions: 130->151
[381.696s][info][gc,heap     ] GC(814) Humongous regions: 5->4
[381.696s][info][gc,metaspace] GC(814) Metaspace: 42952K(43328K)->42952K(43328K) NonClass: 40144K(40384K)->40144K(40384K) Class: 2808K(2944K)->2808K(2944K)
[381.696s][info][gc          ] GC(814) Pause Young (Mixed) (G1 Evacuation Pause) 324M->178M(418M) 33.443ms
[381.696s][info][gc,cpu      ] GC(814) User=0.06s Sys=0.00s Real=0.03s
[382.081s][info][gc,start    ] GC(815) Pause Young (Concurrent Start) (G1 Humongous Allocation)
[382.081s][info][gc,task     ] GC(815) Using 2 workers of 2 for evacuation
[382.136s][info][gc,phases   ] GC(815)   Pre Evacuate Collection Set: 0.24ms
[382.136s][info][gc,phases   ] GC(815)   Merge Heap Roots: 0.20ms
[382.136s][info][gc,phases   ] GC(815)   Evacuate Collection Set: 53.94ms
[382.136s][info][gc,phases   ] GC(815)   Post Evacuate Collection Set: 0.54ms
[382.136s][info][gc,phases   ] GC(815)   Other: 0.10ms
[382.136s][info][gc,heap     ] GC(815) Eden regions: 114->0(95)
[382.136s][info][gc,heap     ] GC(815) Survivor regions: 24->22(22)
[382.136s][info][gc,heap     ] GC(815) Old regions: 151->203
[382.136s][info][gc,heap     ] GC(815) Humongous regions: 4->4
[382.136s][info][gc,metaspace] GC(815) Metaspace: 42952K(43328K)->42952K(43328K) NonClass: 40144K(40384K)->40144K(40384K) Class: 2808K(2944K)->2808K(2944K)
[382.136s][info][gc          ] GC(815) Pause Young (Concurrent Start) (G1 Humongous Allocation) 292M->229M(418M) 55.233ms
[382.136s][info][gc,cpu      ] GC(815) User=0.11s Sys=0.01s Real=0.05s
[382.136s][info][gc          ] GC(816) Concurrent Mark Cycle
[382.136s][info][gc,marking  ] GC(816) Concurrent Scan Root Regions
[382.166s][info][gc,marking  ] GC(816) Concurrent Scan Root Regions 30.181ms
[382.166s][info][gc,marking  ] GC(816) Concurrent Mark
[382.166s][info][gc,marking  ] GC(816) Concurrent Mark From Roots
[382.166s][info][gc,task     ] GC(816) Using 1 workers of 1 for marking
[382.254s][info][gc,marking  ] GC(816) Concurrent Mark From Roots 88.321ms
[382.255s][info][gc,marking  ] GC(816) Concurrent Preclean
[382.255s][info][gc,marking  ] GC(816) Concurrent Preclean 0.037ms
[382.255s][info][gc,start    ] GC(816) Pause Remark
[382.271s][info][gc          ] GC(816) Pause Remark 256M->235M(418M) 16.130ms
[382.271s][info][gc,cpu      ] GC(816) User=0.03s Sys=0.00s Real=0.02s
[382.273s][info][gc,marking  ] GC(816) Concurrent Mark 106.548ms
[382.273s][info][gc,marking  ] GC(816) Concurrent Rebuild Remembered Sets and Scrub Regions
[382.348s][info][gc,marking  ] GC(816) Concurrent Rebuild Remembered Sets and Scrub Regions 75.127ms
[382.349s][info][gc,start    ] GC(816) Pause Cleanup
[382.349s][info][gc          ] GC(816) Pause Cleanup 256M->256M(418M) 0.072ms
[382.349s][info][gc,cpu      ] GC(816) User=0.00s Sys=0.00s Real=0.00s
[382.349s][info][gc,marking  ] GC(816) Concurrent Clear Claimed Marks
[382.349s][info][gc,marking  ] GC(816) Concurrent Clear Claimed Marks 0.039ms
[382.349s][info][gc,marking  ] GC(816) Concurrent Cleanup for Next Mark
[382.350s][info][gc,marking  ] GC(816) Concurrent Cleanup for Next Mark 1.208ms
[382.350s][info][gc          ] GC(816) Concurrent Mark Cycle 214.392ms
[382.496s][info][gc,start    ] GC(817) Pause Young (Prepare Mixed) (G1 Evacuation Pause)
[382.496s][info][gc,task     ] GC(817) Using 2 workers of 2 for evacuation
[382.534s][info][gc,phases   ] GC(817)   Pre Evacuate Collection Set: 0.20ms
[382.534s][info][gc,phases   ] GC(817)   Merge Heap Roots: 0.60ms
[382.534s][info][gc,phases   ] GC(817)   Evacuate Collection Set: 37.01ms
[382.534s][info][gc,phases   ] GC(817)   Post Evacuate Collection Set: 0.44ms
[382.534s][info][gc,phases   ] GC(817)   Other: 0.08ms
[382.534s][info][gc,heap     ] GC(817) Eden regions: 95->0(100)
[382.534s][info][gc,heap     ] GC(817) Survivor regions: 22->15(15)
[382.534s][info][gc,heap     ] GC(817) Old regions: 183->207
[382.534s][info][gc,heap     ] GC(817) Humongous regions: 4->4
[382.534s][info][gc,metaspace] GC(817) Metaspace: 42952K(43328K)->42952K(43328K) NonClass: 40144K(40384K)->40144K(40384K) Class: 2808K(2944K)->2808K(2944K)
[382.534s][info][gc          ] GC(817) Pause Young (Prepare Mixed) (G1 Evacuation Pause) 304M->226M(418M) 38.563ms
[382.534s][info][gc,cpu      ] GC(817) User=0.07s Sys=0.00s Real=0.04s
[382.834s][info][gc,start    ] GC(818) Pause Young (Mixed) (G1 Evacuation Pause)
[382.835s][info][gc,task     ] GC(818) Using 2 workers of 2 for evacuation
[382.861s][info][gc,phases   ] GC(818)   Pre Evacuate Collection Set: 0.25ms
[382.861s][info][gc,phases   ] GC(818)   Merge Heap Roots: 0.20ms
[382.861s][info][gc,phases   ] GC(818)   Evacuate Collection Set: 25.68ms
[382.861s][info][gc,phases   ] GC(818)   Post Evacuate Collection Set: 0.42ms
[382.861s][info][gc,phases   ] GC(818)   Other: 0.08ms
[382.861s][info][gc,heap     ] GC(818) Eden regions: 100->0(115)
[382.861s][info][gc,heap     ] GC(818) Survivor regions: 15->15(15)
[382.861s][info][gc,heap     ] GC(818) Old regions: 207->184
[382.861s][info][gc,heap     ] GC(818) Humongous regions: 4->4
[382.861s][info][gc,metaspace] GC(818) Metaspace: 42952K(43328K)->42952K(43328K) NonClass: 40144K(40384K)->40144K(40384K) Class: 2808K(2944K)->2808K(2944K)
[382.861s][info][gc          ] GC(818) Pause Young (Mixed) (G1 Evacuation Pause) 326M->202M(418M) 26.805ms
[382.861s][info][gc,cpu      ] GC(818) User=0.05s Sys=0.00s Real=0.03s
[383.237s][info][gc,start    ] GC(819) Pause Young (Mixed) (G1 Evacuation Pause)
[383.237s][info][gc,task     ] GC(819) Using 2 workers of 2 for evacuation
[383.285s][info][gc,phases   ] GC(819)   Pre Evacuate Collection Set: 0.22ms
[383.285s][info][gc,phases   ] GC(819)   Merge Heap Roots: 0.22ms
[383.285s][info][gc,phases   ] GC(819)   Evacuate Collection Set: 45.94ms
[383.285s][info][gc,phases   ] GC(819)   Post Evacuate Collection Set: 1.11ms
[383.285s][info][gc,phases   ] GC(819)   Other: 0.09ms
[383.285s][info][gc,heap     ] GC(819) Eden regions: 115->0(129)
[383.285s][info][gc,heap     ] GC(819) Survivor regions: 15->17(17)
[383.285s][info][gc,heap     ] GC(819) Old regions: 184->220
[383.285s][info][gc,heap     ] GC(819) Humongous regions: 5->5
[383.285s][info][gc,metaspace] GC(819) Metaspace: 42952K(43328K)->42952K(43328K) NonClass: 40144K(40384K)->40144K(40384K) Class: 2808K(2944K)->2808K(2944K)
[383.285s][info][gc          ] GC(819) Pause Young (Mixed) (G1 Evacuation Pause) 318M->241M(512M) 47.797ms
[383.285s][info][gc,cpu      ] GC(819) User=0.09s Sys=0.00s Real=0.04s
[383.626s][info][gc,start    ] GC(820) Pause Young (Concurrent Start) (G1 Humongous Allocation)
[383.626s][info][gc,task     ] GC(820) Using 2 workers of 2 for evacuation
[383.684s][info][gc,phases   ] GC(820)   Pre Evacuate Collection Set: 0.25ms
[383.684s][info][gc,phases   ] GC(820)   Merge Heap Roots: 0.24ms
[383.684s][info][gc,phases   ] GC(820)   Evacuate Collection Set: 57.02ms
[383.684s][info][gc,phases   ] GC(820)   Post Evacuate Collection Set: 0.45ms
[383.684s][info][gc,phases   ] GC(820)   Other: 0.16ms
[383.684s][info][gc,heap     ] GC(820) Eden regions: 85->0(95)
[383.684s][info][gc,heap     ] GC(820) Survivor regions: 17->19(19)
[383.684s][info][gc,heap     ] GC(820) Old regions: 220->273
[383.684s][info][gc,heap     ] GC(820) Humongous regions: 5->5
[383.684s][info][gc,metaspace] GC(820) Metaspace: 42952K(43328K)->42952K(43328K) NonClass: 40144K(40384K)->40144K(40384K) Class: 2808K(2944K)->2808K(2944K)
[383.684s][info][gc          ] GC(820) Pause Young (Concurrent Start) (G1 Humongous Allocation) 326M->296M(512M) 58.318ms
[383.684s][info][gc,cpu      ] GC(820) User=0.11s Sys=0.01s Real=0.06s
[383.684s][info][gc          ] GC(821) Concurrent Mark Cycle
[383.684s][info][gc,marking  ] GC(821) Concurrent Scan Root Regions
[383.711s][info][gc,marking  ] GC(821) Concurrent Scan Root Regions 26.204ms
[383.711s][info][gc,marking  ] GC(821) Concurrent Mark
[383.711s][info][gc,marking  ] GC(821) Concurrent Mark From Roots
[383.711s][info][gc,task     ] GC(821) Using 1 workers of 1 for marking
[383.828s][info][gc,marking  ] GC(821) Concurrent Mark From Roots 117.232ms
[383.828s][info][gc,marking  ] GC(821) Concurrent Preclean
[383.828s][info][gc,marking  ] GC(821) Concurrent Preclean 0.128ms
[383.828s][info][gc,start    ] GC(821) Pause Remark
[383.844s][info][gc          ] GC(821) Pause Remark 333M->256M(512M) 15.709ms
[383.844s][info][gc,cpu      ] GC(821) User=0.03s Sys=0.00s Real=0.01s
[383.844s][info][gc,marking  ] GC(821) Concurrent Mark 133.348ms
[383.844s][info][gc,marking  ] GC(821) Concurrent Rebuild Remembered Sets and Scrub Regions
[383.930s][info][gc,marking  ] GC(821) Concurrent Rebuild Remembered Sets and Scrub Regions 85.937ms
[383.930s][info][gc,start    ] GC(821) Pause Cleanup
[383.930s][info][gc          ] GC(821) Pause Cleanup 277M->277M(512M) 0.065ms
[383.930s][info][gc,cpu      ] GC(821) User=0.00s Sys=0.00s Real=0.00s
[383.930s][info][gc,marking  ] GC(821) Concurrent Clear Claimed Marks
[383.930s][info][gc,marking  ] GC(821) Concurrent Clear Claimed Marks 0.040ms
[383.930s][info][gc,marking  ] GC(821) Concurrent Cleanup for Next Mark
[383.933s][info][gc,marking  ] GC(821) Concurrent Cleanup for Next Mark 2.404ms
[383.933s][info][gc          ] GC(821) Concurrent Mark Cycle 248.377ms
[384.065s][info][gc,start    ] GC(822) Pause Young (Prepare Mixed) (G1 Evacuation Pause)
[384.065s][info][gc,task     ] GC(822) Using 2 workers of 2 for evacuation
[384.122s][info][gc,phases   ] GC(822)   Pre Evacuate Collection Set: 0.25ms
[384.122s][info][gc,phases   ] GC(822)   Merge Heap Roots: 0.36ms
[384.122s][info][gc,phases   ] GC(822)   Evacuate Collection Set: 56.23ms
[384.122s][info][gc,phases   ] GC(822)   Post Evacuate Collection Set: 0.47ms
[384.122s][info][gc,phases   ] GC(822)   Other: 0.12ms
[384.122s][info][gc,heap     ] GC(822) Eden regions: 95->0(96)
[384.122s][info][gc,heap     ] GC(822) Survivor regions: 19->15(15)
[384.122s][info][gc,heap     ] GC(822) Old regions: 197->262
[384.122s][info][gc,heap     ] GC(822) Humongous regions: 5->5
[384.122s][info][gc,metaspace] GC(822) Metaspace: 42952K(43328K)->42952K(43328K) NonClass: 40144K(40384K)->40144K(40384K) Class: 2808K(2944K)->2808K(2944K)
[384.122s][info][gc          ] GC(822) Pause Young (Prepare Mixed) (G1 Evacuation Pause) 315M->282M(512M) 57.659ms
[384.122s][info][gc,cpu      ] GC(822) User=0.12s Sys=0.00s Real=0.06s
[384.463s][info][gc,start    ] GC(823) Pause Young (Mixed) (G1 Evacuation Pause)
[384.463s][info][gc,task     ] GC(823) Using 2 workers of 2 for evacuation
[384.520s][info][gc,phases   ] GC(823)   Pre Evacuate Collection Set: 0.25ms
[384.520s][info][gc,phases   ] GC(823)   Merge Heap Roots: 0.52ms
[384.520s][info][gc,phases   ] GC(823)   Evacuate Collection Set: 55.33ms
[384.520s][info][gc,phases   ] GC(823)   Post Evacuate Collection Set: 0.53ms
[384.520s][info][gc,phases   ] GC(823)   Other: 0.07ms
[384.520s][info][gc,heap     ] GC(823) Eden regions: 96->0(87)
[384.520s][info][gc,heap     ] GC(823) Survivor regions: 15->14(14)
[384.520s][info][gc,heap     ] GC(823) Old regions: 262->282
[384.520s][info][gc,heap     ] GC(823) Humongous regions: 6->6
[384.520s][info][gc,metaspace] GC(823) Metaspace: 42952K(43328K)->42952K(43328K) NonClass: 40144K(40384K)->40144K(40384K) Class: 2808K(2944K)->2808K(2944K)
[384.520s][info][gc          ] GC(823) Pause Young (Mixed) (G1 Evacuation Pause) 379M->301M(512M) 56.891ms
[384.520s][info][gc,cpu      ] GC(823) User=0.12s Sys=0.00s Real=0.06s
[384.790s][info][gc,start    ] GC(824) Pause Young (Concurrent Start) (G1 Humongous Allocation)
[384.790s][info][gc,task     ] GC(824) Using 2 workers of 2 for evacuation
[384.836s][info][gc,phases   ] GC(824)   Pre Evacuate Collection Set: 0.28ms
[384.836s][info][gc,phases   ] GC(824)   Merge Heap Roots: 0.31ms
[384.836s][info][gc,phases   ] GC(824)   Evacuate Collection Set: 44.98ms
[384.836s][info][gc,phases   ] GC(824)   Post Evacuate Collection Set: 0.39ms
[384.836s][info][gc,phases   ] GC(824)   Other: 0.15ms
[384.836s][info][gc,heap     ] GC(824) Eden regions: 79->0(67)
[384.836s][info][gc,heap     ] GC(824) Survivor regions: 14->13(13)
[384.836s][info][gc,heap     ] GC(824) Old regions: 282->328
[384.836s][info][gc,heap     ] GC(824) Humongous regions: 6->6
[384.836s][info][gc,metaspace] GC(824) Metaspace: 42952K(43328K)->42952K(43328K) NonClass: 40144K(40384K)->40144K(40384K) Class: 2808K(2944K)->2808K(2944K)
[384.836s][info][gc          ] GC(824) Pause Young (Concurrent Start) (G1 Humongous Allocation) 380M->346M(512M) 46.327ms
[384.836s][info][gc,cpu      ] GC(824) User=0.10s Sys=0.00s Real=0.04s
[384.837s][info][gc          ] GC(825) Concurrent Mark Cycle
[384.837s][info][gc,marking  ] GC(825) Concurrent Scan Root Regions
[384.859s][info][gc,marking  ] GC(825) Concurrent Scan Root Regions 21.931ms
[384.859s][info][gc,marking  ] GC(825) Concurrent Mark
[384.859s][info][gc,marking  ] GC(825) Concurrent Mark From Roots
[384.859s][info][gc,task     ] GC(825) Using 1 workers of 1 for marking
[384.967s][info][gc,marking  ] GC(825) Concurrent Mark From Roots 108.037ms
[384.967s][info][gc,marking  ] GC(825) Concurrent Preclean
[384.967s][info][gc,marking  ] GC(825) Concurrent Preclean 0.040ms
[384.967s][info][gc,start    ] GC(825) Pause Remark
[384.983s][info][gc          ] GC(825) Pause Remark 382M->284M(512M) 15.516ms
[384.983s][info][gc,cpu      ] GC(825) User=0.03s Sys=0.00s Real=0.01s
[384.985s][info][gc,marking  ] GC(825) Concurrent Mark 125.975ms
[384.985s][info][gc,marking  ] GC(825) Concurrent Rebuild Remembered Sets and Scrub Regions
[385.053s][info][gc,marking  ] GC(825) Concurrent Rebuild Remembered Sets and Scrub Regions 67.901ms
[385.053s][info][gc,start    ] GC(825) Pause Cleanup
[385.053s][info][gc          ] GC(825) Pause Cleanup 302M->302M(512M) 0.088ms
[385.053s][info][gc,cpu      ] GC(825) User=0.00s Sys=0.00s Real=0.00s
[385.054s][info][gc,marking  ] GC(825) Concurrent Clear Claimed Marks
[385.054s][info][gc,marking  ] GC(825) Concurrent Clear Claimed Marks 0.062ms
[385.054s][info][gc,marking  ] GC(825) Concurrent Cleanup for Next Mark
[385.056s][info][gc,marking  ] GC(825) Concurrent Cleanup for Next Mark 1.520ms
[385.056s][info][gc          ] GC(825) Concurrent Mark Cycle 219.113ms
[385.096s][info][gc,start    ] GC(826) Pause Young (Prepare Mixed) (G1 Evacuation Pause)
[385.096s][info][gc,task     ] GC(826) Using 2 workers of 2 for evacuation
[385.108s][info][gc,phases   ] GC(826)   Pre Evacuate Collection Set: 0.21ms
[385.108s][info][gc,phases   ] GC(826)   Merge Heap Roots: 0.14ms
[385.108s][info][gc,phases   ] GC(826)   Evacuate Collection Set: 11.03ms
[385.108s][info][gc,phases   ] GC(826)   Post Evacuate Collection Set: 0.33ms
[385.108s][info][gc,phases   ] GC(826)   Other: 0.08ms
[385.108s][info][gc,heap     ] GC(826) Eden regions: 67->0(115)
[385.108s][info][gc,heap     ] GC(826) Survivor regions: 13->7(10)
[385.108s][info][gc,heap     ] GC(826) Old regions: 232->239
[385.108s][info][gc,heap     ] GC(826) Humongous regions: 5->5
[385.108s][info][gc,metaspace] GC(826) Metaspace: 42952K(43328K)->42952K(43328K) NonClass: 40144K(40384K)->40144K(40384K) Class: 2808K(2944K)->2808K(2944K)
[385.108s][info][gc          ] GC(826) Pause Young (Prepare Mixed) (G1 Evacuation Pause) 316M->251M(512M) 11.979ms
[385.108s][info][gc,cpu      ] GC(826) User=0.02s Sys=0.00s Real=0.02s
[385.472s][info][gc,start    ] GC(827) Pause Young (Mixed) (G1 Evacuation Pause)
[385.472s][info][gc,task     ] GC(827) Using 2 workers of 2 for evacuation
[385.486s][info][gc,phases   ] GC(827)   Pre Evacuate Collection Set: 0.24ms
[385.486s][info][gc,phases   ] GC(827)   Merge Heap Roots: 0.20ms
[385.486s][info][gc,phases   ] GC(827)   Evacuate Collection Set: 12.38ms
[385.486s][info][gc,phases   ] GC(827)   Post Evacuate Collection Set: 1.12ms
[385.486s][info][gc,phases   ] GC(827)   Other: 0.08ms
[385.486s][info][gc,heap     ] GC(827) Eden regions: 115->0(184)
[385.486s][info][gc,heap     ] GC(827) Survivor regions: 7->16(16)
[385.486s][info][gc,heap     ] GC(827) Old regions: 239->188
[385.486s][info][gc,heap     ] GC(827) Humongous regions: 5->5
[385.486s][info][gc,metaspace] GC(827) Metaspace: 42952K(43328K)->42952K(43328K) NonClass: 40144K(40384K)->40144K(40384K) Class: 2808K(2944K)->2808K(2944K)
[385.486s][info][gc          ] GC(827) Pause Young (Mixed) (G1 Evacuation Pause) 366M->209M(606M) 14.207ms
[385.486s][info][gc,cpu      ] GC(827) User=0.02s Sys=0.00s Real=0.01s
[386.172s][info][gc,start    ] GC(828) Pause Young (Mixed) (G1 Evacuation Pause)
[386.172s][info][gc,task     ] GC(828) Using 2 workers of 2 for evacuation
[386.193s][info][gc,phases   ] GC(828)   Pre Evacuate Collection Set: 0.48ms
[386.193s][info][gc,phases   ] GC(828)   Merge Heap Roots: 0.67ms
[386.193s][info][gc,phases   ] GC(828)   Evacuate Collection Set: 19.44ms
[386.193s][info][gc,phases   ] GC(828)   Post Evacuate Collection Set: 0.47ms
[386.194s][info][gc,phases   ] GC(828)   Other: 0.07ms
[386.194s][info][gc,heap     ] GC(828) Eden regions: 184->0(211)
[386.194s][info][gc,heap     ] GC(828) Survivor regions: 16->14(25)
[386.194s][info][gc,heap     ] GC(828) Old regions: 188->167
[386.194s][info][gc,heap     ] GC(828) Humongous regions: 6->5
[386.194s][info][gc,metaspace] GC(828) Metaspace: 42952K(43328K)->42952K(43328K) NonClass: 40144K(40384K)->40144K(40384K) Class: 2808K(2944K)->2808K(2944K)
[386.194s][info][gc          ] GC(828) Pause Young (Mixed) (G1 Evacuation Pause) 394M->185M(606M) 21.332ms
[386.194s][info][gc,cpu      ] GC(828) User=0.04s Sys=0.00s Real=0.02s
[386.864s][info][gc,start    ] GC(829) Pause Young (Normal) (G1 Evacuation Pause)
[386.864s][info][gc,task     ] GC(829) Using 2 workers of 2 for evacuation
[386.878s][info][gc,phases   ] GC(829)   Pre Evacuate Collection Set: 0.24ms
[386.878s][info][gc,phases   ] GC(829)   Merge Heap Roots: 0.08ms
[386.878s][info][gc,phases   ] GC(829)   Evacuate Collection Set: 13.53ms
[386.878s][info][gc,phases   ] GC(829)   Post Evacuate Collection Set: 0.48ms
[386.878s][info][gc,phases   ] GC(829)   Other: 0.08ms
[386.878s][info][gc,heap     ] GC(829) Eden regions: 211->0(223)
[386.878s][info][gc,heap     ] GC(829) Survivor regions: 14->25(29)
[386.878s][info][gc,heap     ] GC(829) Old regions: 167->167
[386.878s][info][gc,heap     ] GC(829) Humongous regions: 7->5
[386.878s][info][gc,metaspace] GC(829) Metaspace: 42952K(43328K)->42952K(43328K) NonClass: 40144K(40384K)->40144K(40384K) Class: 2808K(2944K)->2808K(2944K)
[386.878s][info][gc          ] GC(829) Pause Young (Normal) (G1 Evacuation Pause) 398M->196M(606M) 14.610ms
[386.878s][info][gc,cpu      ] GC(829) User=0.03s Sys=0.00s Real=0.02s
[386.929s][info][gc,start    ] GC(830) Pause Young (Concurrent Start) (G1 Humongous Allocation)
[386.930s][info][gc,task     ] GC(830) Using 2 workers of 2 for evacuation
[386.946s][info][gc,phases   ] GC(830)   Pre Evacuate Collection Set: 0.26ms
[386.946s][info][gc,phases   ] GC(830)   Merge Heap Roots: 0.05ms
[386.946s][info][gc,phases   ] GC(830)   Evacuate Collection Set: 15.27ms
[386.946s][info][gc,phases   ] GC(830)   Post Evacuate Collection Set: 0.33ms
[386.946s][info][gc,phases   ] GC(830)   Other: 0.09ms
[386.946s][info][gc,heap     ] GC(830) Eden regions: 18->0(196)
[386.946s][info][gc,heap     ] GC(830) Survivor regions: 25->21(31)
[386.946s][info][gc,heap     ] GC(830) Old regions: 167->177
[386.946s][info][gc,heap     ] GC(830) Humongous regions: 5->5
[386.946s][info][gc,metaspace] GC(830) Metaspace: 42952K(43328K)->42952K(43328K) NonClass: 40144K(40384K)->40144K(40384K) Class: 2808K(2944K)->2808K(2944K)
[386.946s][info][gc          ] GC(830) Pause Young (Concurrent Start) (G1 Humongous Allocation) 213M->202M(606M) 16.194ms
[386.946s][info][gc          ] GC(831) Concurrent Mark Cycle
[386.946s][info][gc,marking  ] GC(831) Concurrent Scan Root Regions
[386.946s][info][gc,cpu      ] GC(830) User=0.03s Sys=0.00s Real=0.01s
[386.956s][info][gc,marking  ] GC(831) Concurrent Scan Root Regions 10.284ms
[386.956s][info][gc,marking  ] GC(831) Concurrent Mark
[386.956s][info][gc,marking  ] GC(831) Concurrent Mark From Roots
[386.956s][info][gc,task     ] GC(831) Using 1 workers of 1 for marking
[387.028s][info][gc,marking  ] GC(831) Concurrent Mark From Roots 72.209ms
[387.028s][info][gc,marking  ] GC(831) Concurrent Preclean
[387.028s][info][gc,marking  ] GC(831) Concurrent Preclean 0.043ms
[387.029s][info][gc,start    ] GC(831) Pause Remark
[387.045s][info][gc          ] GC(831) Pause Remark 228M->152M(427M) 15.914ms
[387.045s][info][gc,cpu      ] GC(831) User=0.03s Sys=0.01s Real=0.01s
[387.049s][info][gc,marking  ] GC(831) Concurrent Mark 92.687ms
[387.049s][info][gc,marking  ] GC(831) Concurrent Rebuild Remembered Sets and Scrub Regions
[387.080s][info][gc,marking  ] GC(831) Concurrent Rebuild Remembered Sets and Scrub Regions 31.440ms
[387.080s][info][gc,start    ] GC(831) Pause Cleanup
[387.080s][info][gc          ] GC(831) Pause Cleanup 162M->162M(427M) 0.051ms
[387.080s][info][gc,cpu      ] GC(831) User=0.00s Sys=0.00s Real=0.00s
[387.080s][info][gc,marking  ] GC(831) Concurrent Clear Claimed Marks
[387.080s][info][gc,marking  ] GC(831) Concurrent Clear Claimed Marks 0.038ms
[387.080s][info][gc,marking  ] GC(831) Concurrent Cleanup for Next Mark
[387.082s][info][gc,marking  ] GC(831) Concurrent Cleanup for Next Mark 1.559ms
[387.082s][info][gc          ] GC(831) Concurrent Mark Cycle 136.336ms
[387.591s][info][gc,start    ] GC(832) Pause Young (Prepare Mixed) (G1 Evacuation Pause)
[387.591s][info][gc,task     ] GC(832) Using 2 workers of 2 for evacuation
[387.598s][info][gc,phases   ] GC(832)   Pre Evacuate Collection Set: 0.26ms
[387.598s][info][gc,phases   ] GC(832)   Merge Heap Roots: 0.09ms
[387.598s][info][gc,phases   ] GC(832)   Evacuate Collection Set: 6.26ms
[387.598s][info][gc,phases   ] GC(832)   Post Evacuate Collection Set: 0.46ms
[387.598s][info][gc,phases   ] GC(832)   Other: 0.07ms
[387.598s][info][gc,heap     ] GC(832) Eden regions: 196->0(168)
[387.598s][info][gc,heap     ] GC(832) Survivor regions: 21->8(28)
[387.598s][info][gc,heap     ] GC(832) Old regions: 103->106
[387.598s][info][gc,heap     ] GC(832) Humongous regions: 5->3
[387.598s][info][gc,metaspace] GC(832) Metaspace: 42952K(43328K)->42952K(43328K) NonClass: 40144K(40384K)->40144K(40384K) Class: 2808K(2944K)->2808K(2944K)
[387.598s][info][gc          ] GC(832) Pause Young (Prepare Mixed) (G1 Evacuation Pause) 324M->116M(427M) 7.340ms
[387.598s][info][gc,cpu      ] GC(832) User=0.02s Sys=0.00s Real=0.01s
[388.130s][info][gc,start    ] GC(833) Pause Young (Mixed) (G1 Evacuation Pause)
[388.130s][info][gc,task     ] GC(833) Using 2 workers of 2 for evacuation
[388.145s][info][gc,phases   ] GC(833)   Pre Evacuate Collection Set: 0.21ms
[388.145s][info][gc,phases   ] GC(833)   Merge Heap Roots: 0.09ms
[388.145s][info][gc,phases   ] GC(833)   Evacuate Collection Set: 14.46ms
[388.145s][info][gc,phases   ] GC(833)   Post Evacuate Collection Set: 0.42ms
[388.145s][info][gc,phases   ] GC(833)   Other: 0.08ms
[388.145s][info][gc,heap     ] GC(833) Eden regions: 168->0(176)
[388.145s][info][gc,heap     ] GC(833) Survivor regions: 8->22(22)
[388.145s][info][gc,heap     ] GC(833) Old regions: 106->91
[388.145s][info][gc,heap     ] GC(833) Humongous regions: 5->3
[388.145s][info][gc,metaspace] GC(833) Metaspace: 42952K(43328K)->42952K(43328K) NonClass: 40144K(40384K)->40144K(40384K) Class: 2808K(2944K)->2808K(2944K)
[388.145s][info][gc          ] GC(833) Pause Young (Mixed) (G1 Evacuation Pause) 286M->116M(427M) 15.436ms
[388.145s][info][gc,cpu      ] GC(833) User=0.03s Sys=0.00s Real=0.01s
[388.165s][info][gc,start    ] GC(834) Pause Young (Concurrent Start) (G1 Humongous Allocation)
[388.165s][info][gc,task     ] GC(834) Using 2 workers of 2 for evacuation
[388.180s][info][gc,phases   ] GC(834)   Pre Evacuate Collection Set: 0.20ms
[388.180s][info][gc,phases   ] GC(834)   Merge Heap Roots: 0.04ms
[388.180s][info][gc,phases   ] GC(834)   Evacuate Collection Set: 14.91ms
[388.180s][info][gc,phases   ] GC(834)   Post Evacuate Collection Set: 0.29ms
[388.180s][info][gc,phases   ] GC(834)   Other: 0.10ms
[388.180s][info][gc,heap     ] GC(834) Eden regions: 7->0(143)
[388.180s][info][gc,heap     ] GC(834) Survivor regions: 22->5(25)
[388.180s][info][gc,heap     ] GC(834) Old regions: 91->113
[388.180s][info][gc,heap     ] GC(834) Humongous regions: 3->3
[388.180s][info][gc,metaspace] GC(834) Metaspace: 42952K(43328K)->42952K(43328K) NonClass: 40144K(40384K)->40144K(40384K) Class: 2808K(2944K)->2808K(2944K)
[388.180s][info][gc          ] GC(834) Pause Young (Concurrent Start) (G1 Humongous Allocation) 122M->120M(427M) 15.724ms
[388.180s][info][gc          ] GC(835) Concurrent Mark Cycle
[388.180s][info][gc,marking  ] GC(835) Concurrent Scan Root Regions
[388.183s][info][gc,cpu      ] GC(834) User=0.03s Sys=0.00s Real=0.02s
[388.190s][info][gc,marking  ] GC(835) Concurrent Scan Root Regions 9.804ms
[388.190s][info][gc,marking  ] GC(835) Concurrent Mark
[388.190s][info][gc,marking  ] GC(835) Concurrent Mark From Roots
[388.190s][info][gc,task     ] GC(835) Using 1 workers of 1 for marking
[388.267s][info][gc,marking  ] GC(835) Concurrent Mark From Roots 76.411ms
[388.267s][info][gc,marking  ] GC(835) Concurrent Preclean
[388.267s][info][gc,marking  ] GC(835) Concurrent Preclean 0.056ms
[388.267s][info][gc,start    ] GC(835) Pause Remark
[388.283s][info][gc          ] GC(835) Pause Remark 144M->135M(377M) 15.938ms
[388.283s][info][gc,cpu      ] GC(835) User=0.03s Sys=0.00s Real=0.01s
[388.283s][info][gc,marking  ] GC(835) Concurrent Mark 92.701ms
[388.283s][info][gc,marking  ] GC(835) Concurrent Rebuild Remembered Sets and Scrub Regions
[388.325s][info][gc,marking  ] GC(835) Concurrent Rebuild Remembered Sets and Scrub Regions 42.283ms
[388.325s][info][gc,start    ] GC(835) Pause Cleanup
[388.325s][info][gc          ] GC(835) Pause Cleanup 148M->148M(377M) 0.051ms
[388.325s][info][gc,cpu      ] GC(835) User=0.00s Sys=0.00s Real=0.00s
[388.325s][info][gc,marking  ] GC(835) Concurrent Clear Claimed Marks
[388.325s][info][gc,marking  ] GC(835) Concurrent Clear Claimed Marks 0.039ms
[388.326s][info][gc,marking  ] GC(835) Concurrent Cleanup for Next Mark
[388.327s][info][gc,marking  ] GC(835) Concurrent Cleanup for Next Mark 1.095ms
[388.327s][info][gc          ] GC(835) Concurrent Mark Cycle 146.250ms
[388.643s][info][gc,start    ] GC(836) Pause Young (Prepare Mixed) (G1 Evacuation Pause)
[388.643s][info][gc,task     ] GC(836) Using 2 workers of 2 for evacuation
[388.671s][info][gc,phases   ] GC(836)   Pre Evacuate Collection Set: 0.19ms
[388.671s][info][gc,phases   ] GC(836)   Merge Heap Roots: 0.20ms
[388.671s][info][gc,phases   ] GC(836)   Evacuate Collection Set: 26.65ms
[388.671s][info][gc,phases   ] GC(836)   Post Evacuate Collection Set: 0.46ms
[388.671s][info][gc,phases   ] GC(836)   Other: 0.07ms
[388.671s][info][gc,heap     ] GC(836) Eden regions: 143->0(114)
[388.671s][info][gc,heap     ] GC(836) Survivor regions: 5->19(19)
[388.671s][info][gc,heap     ] GC(836) Old regions: 104->123
[388.671s][info][gc,heap     ] GC(836) Humongous regions: 6->4
[388.671s][info][gc,metaspace] GC(836) Metaspace: 42952K(43328K)->42952K(43328K) NonClass: 40144K(40384K)->40144K(40384K) Class: 2808K(2944K)->2808K(2944K)
[388.671s][info][gc          ] GC(836) Pause Young (Prepare Mixed) (G1 Evacuation Pause) 257M->146M(377M) 27.756ms
[388.671s][info][gc,cpu      ] GC(836) User=0.05s Sys=0.00s Real=0.03s
[388.982s][info][gc,start    ] GC(837) Pause Young (Mixed) (G1 Evacuation Pause)
[388.982s][info][gc,task     ] GC(837) Using 2 workers of 2 for evacuation
[388.998s][info][gc,phases   ] GC(837)   Pre Evacuate Collection Set: 0.20ms
[388.998s][info][gc,phases   ] GC(837)   Merge Heap Roots: 0.16ms
[388.998s][info][gc,phases   ] GC(837)   Evacuate Collection Set: 15.56ms
[388.998s][info][gc,phases   ] GC(837)   Post Evacuate Collection Set: 0.37ms
[388.998s][info][gc,phases   ] GC(837)   Other: 0.07ms
[388.998s][info][gc,heap     ] GC(837) Eden regions: 114->0(130)
[388.998s][info][gc,heap     ] GC(837) Survivor regions: 19->2(17)
[388.998s][info][gc,heap     ] GC(837) Old regions: 123->131
[388.998s][info][gc,heap     ] GC(837) Humongous regions: 4->4
[388.998s][info][gc,metaspace] GC(837) Metaspace: 42952K(43328K)->42952K(43328K) NonClass: 40144K(40384K)->40144K(40384K) Class: 2808K(2944K)->2808K(2944K)
[388.998s][info][gc          ] GC(837) Pause Young (Mixed) (G1 Evacuation Pause) 260M->136M(377M) 16.539ms
[388.998s][info][gc,cpu      ] GC(837) User=0.03s Sys=0.00s Real=0.02s
[389.373s][info][gc,start    ] GC(838) Pause Young (Concurrent Start) (G1 Evacuation Pause)
[389.373s][info][gc,task     ] GC(838) Using 2 workers of 2 for evacuation
[389.376s][info][gc,phases   ] GC(838)   Pre Evacuate Collection Set: 0.21ms
[389.376s][info][gc,phases   ] GC(838)   Merge Heap Roots: 0.07ms
[389.376s][info][gc,phases   ] GC(838)   Evacuate Collection Set: 2.06ms
[389.376s][info][gc,phases   ] GC(838)   Post Evacuate Collection Set: 0.37ms
[389.376s][info][gc,phases   ] GC(838)   Other: 0.08ms
[389.376s][info][gc,heap     ] GC(838) Eden regions: 130->0(142)
[389.376s][info][gc,heap     ] GC(838) Survivor regions: 2->2(17)
[389.376s][info][gc,heap     ] GC(838) Old regions: 131->131
[389.376s][info][gc,heap     ] GC(838) Humongous regions: 4->4
[389.376s][info][gc,metaspace] GC(838) Metaspace: 42952K(43328K)->42952K(43328K) NonClass: 40144K(40384K)->40144K(40384K) Class: 2808K(2944K)->2808K(2944K)
[389.376s][info][gc          ] GC(838) Pause Young (Concurrent Start) (G1 Evacuation Pause) 266M->136M(377M) 2.984ms
[389.376s][info][gc,cpu      ] GC(838) User=0.01s Sys=0.00s Real=0.00s
[389.376s][info][gc          ] GC(839) Concurrent Mark Cycle
[389.376s][info][gc,marking  ] GC(839) Concurrent Scan Root Regions
[389.377s][info][gc,marking  ] GC(839) Concurrent Scan Root Regions 1.116ms
[389.377s][info][gc,marking  ] GC(839) Concurrent Mark
[389.377s][info][gc,marking  ] GC(839) Concurrent Mark From Roots
[389.377s][info][gc,task     ] GC(839) Using 1 workers of 1 for marking
[389.456s][info][gc,marking  ] GC(839) Concurrent Mark From Roots 78.537ms
[389.456s][info][gc,marking  ] GC(839) Concurrent Preclean
[389.456s][info][gc,marking  ] GC(839) Concurrent Preclean 0.040ms
[389.456s][info][gc,start    ] GC(839) Pause Remark
[389.472s][info][gc          ] GC(839) Pause Remark 162M->131M(354M) 15.912ms
[389.472s][info][gc,cpu      ] GC(839) User=0.03s Sys=0.00s Real=0.02s
[389.474s][info][gc,marking  ] GC(839) Concurrent Mark 96.479ms
[389.474s][info][gc,marking  ] GC(839) Concurrent Rebuild Remembered Sets and Scrub Regions
[389.505s][info][gc,marking  ] GC(839) Concurrent Rebuild Remembered Sets and Scrub Regions 30.857ms
[389.505s][info][gc,start    ] GC(839) Pause Cleanup
[389.505s][info][gc          ] GC(839) Pause Cleanup 141M->141M(354M) 0.057ms
[389.505s][info][gc,cpu      ] GC(839) User=0.00s Sys=0.00s Real=0.00s
[389.505s][info][gc,marking  ] GC(839) Concurrent Clear Claimed Marks
[389.505s][info][gc,marking  ] GC(839) Concurrent Clear Claimed Marks 0.052ms
[389.505s][info][gc,marking  ] GC(839) Concurrent Cleanup for Next Mark
[389.506s][info][gc,marking  ] GC(839) Concurrent Cleanup for Next Mark 1.008ms
[389.506s][info][gc          ] GC(839) Concurrent Mark Cycle 129.846ms
[389.797s][info][gc,start    ] GC(840) Pause Young (Prepare Mixed) (G1 Evacuation Pause)
[389.797s][info][gc,task     ] GC(840) Using 2 workers of 2 for evacuation
[389.799s][info][gc,phases   ] GC(840)   Pre Evacuate Collection Set: 0.19ms
[389.799s][info][gc,phases   ] GC(840)   Merge Heap Roots: 0.06ms
[389.799s][info][gc,phases   ] GC(840)   Evacuate Collection Set: 1.62ms
[389.799s][info][gc,phases   ] GC(840)   Post Evacuate Collection Set: 0.36ms
[389.799s][info][gc,phases   ] GC(840)   Other: 0.07ms
[389.799s][info][gc,heap     ] GC(840) Eden regions: 142->0(158)
[389.799s][info][gc,heap     ] GC(840) Survivor regions: 2->2(18)
[389.799s][info][gc,heap     ] GC(840) Old regions: 101->101
[389.799s][info][gc,heap     ] GC(840) Humongous regions: 4->3
[389.799s][info][gc,metaspace] GC(840) Metaspace: 42952K(43328K)->42952K(43328K) NonClass: 40144K(40384K)->40144K(40384K) Class: 2808K(2944K)->2808K(2944K)
[389.800s][info][gc          ] GC(840) Pause Young (Prepare Mixed) (G1 Evacuation Pause) 248M->105M(354M) 2.466ms
[389.800s][info][gc,cpu      ] GC(840) User=0.00s Sys=0.00s Real=0.00s
[390.178s][info][gc,start    ] GC(841) Pause Young (Mixed) (G1 Evacuation Pause)
[390.178s][info][gc,task     ] GC(841) Using 2 workers of 2 for evacuation
[390.185s][info][gc,phases   ] GC(841)   Pre Evacuate Collection Set: 0.21ms
[390.185s][info][gc,phases   ] GC(841)   Merge Heap Roots: 0.10ms
[390.185s][info][gc,phases   ] GC(841)   Evacuate Collection Set: 5.98ms
[390.185s][info][gc,phases   ] GC(841)   Post Evacuate Collection Set: 0.44ms
[390.185s][info][gc,phases   ] GC(841)   Other: 0.10ms
[390.185s][info][gc,heap     ] GC(841) Eden regions: 158->0(183)
[390.185s][info][gc,heap     ] GC(841) Survivor regions: 2->5(20)
[390.185s][info][gc,heap     ] GC(841) Old regions: 101->70
[390.185s][info][gc,heap     ] GC(841) Humongous regions: 3->1
[390.185s][info][gc,metaspace] GC(841) Metaspace: 42952K(43328K)->42952K(43328K) NonClass: 40144K(40384K)->40144K(40384K) Class: 2808K(2944K)->2808K(2944K)
[390.185s][info][gc          ] GC(841) Pause Young (Mixed) (G1 Evacuation Pause) 263M->75M(354M) 7.054ms
[390.185s][info][gc,cpu      ] GC(841) User=0.02s Sys=0.00s Real=0.00s
[390.467s][info][gc,start    ] GC(842) Pause Young (Concurrent Start) (G1 Evacuation Pause)
[390.468s][info][gc,task     ] GC(842) Using 2 workers of 2 for evacuation
[390.471s][info][gc,phases   ] GC(842)   Pre Evacuate Collection Set: 0.22ms
[390.471s][info][gc,phases   ] GC(842)   Merge Heap Roots: 0.07ms
[390.471s][info][gc,phases   ] GC(842)   Evacuate Collection Set: 2.64ms
[390.471s][info][gc,phases   ] GC(842)   Post Evacuate Collection Set: 0.44ms
[390.471s][info][gc,phases   ] GC(842)   Other: 0.08ms
[390.471s][info][gc,heap     ] GC(842) Eden regions: 183->0(195)
[390.471s][info][gc,heap     ] GC(842) Survivor regions: 5->4(24)
[390.471s][info][gc,heap     ] GC(842) Old regions: 70->70
[390.471s][info][gc,heap     ] GC(842) Humongous regions: 1->1
[390.471s][info][gc,metaspace] GC(842) Metaspace: 42952K(43328K)->42952K(43328K) NonClass: 40144K(40384K)->40144K(40384K) Class: 2808K(2944K)->2808K(2944K)
[390.471s][info][gc          ] GC(842) Pause Young (Concurrent Start) (G1 Evacuation Pause) 258M->74M(354M) 3.635ms
[390.471s][info][gc,cpu      ] GC(842) User=0.01s Sys=0.00s Real=0.00s
[390.471s][info][gc          ] GC(843) Concurrent Mark Cycle
[390.471s][info][gc,marking  ] GC(843) Concurrent Scan Root Regions
[390.473s][info][gc,marking  ] GC(843) Concurrent Scan Root Regions 1.965ms
[390.473s][info][gc,marking  ] GC(843) Concurrent Mark
[390.473s][info][gc,marking  ] GC(843) Concurrent Mark From Roots
[390.473s][info][gc,task     ] GC(843) Using 1 workers of 1 for marking
[390.544s][info][gc,marking  ] GC(843) Concurrent Mark From Roots 71.139ms
[390.544s][info][gc,marking  ] GC(843) Concurrent Preclean
[390.544s][info][gc,marking  ] GC(843) Concurrent Preclean 0.043ms
[390.545s][info][gc,start    ] GC(843) Pause Remark
[390.560s][info][gc          ] GC(843) Pause Remark 122M->119M(256M) 15.866ms
[390.561s][info][gc,cpu      ] GC(843) User=0.03s Sys=0.00s Real=0.02s
[390.561s][info][gc,marking  ] GC(843) Concurrent Mark 87.365ms
[390.561s][info][gc,marking  ] GC(843) Concurrent Rebuild Remembered Sets and Scrub Regions
[390.589s][info][gc,marking  ] GC(843) Concurrent Rebuild Remembered Sets and Scrub Regions 28.183ms
[390.589s][info][gc,start    ] GC(843) Pause Cleanup
[390.589s][info][gc          ] GC(843) Pause Cleanup 137M->137M(256M) 0.042ms
[390.589s][info][gc,cpu      ] GC(843) User=0.00s Sys=0.00s Real=0.00s
[390.590s][info][gc,marking  ] GC(843) Concurrent Clear Claimed Marks
[390.590s][info][gc,marking  ] GC(843) Concurrent Clear Claimed Marks 0.048ms
[390.590s][info][gc,marking  ] GC(843) Concurrent Cleanup for Next Mark
[390.591s][info][gc,marking  ] GC(843) Concurrent Cleanup for Next Mark 0.779ms
[390.591s][info][gc          ] GC(843) Concurrent Mark Cycle 119.991ms
[390.718s][info][gc,start    ] GC(844) Pause Young (Prepare Mixed) (G1 Evacuation Pause)
[390.718s][info][gc,task     ] GC(844) Using 2 workers of 2 for evacuation
[390.722s][info][gc,phases   ] GC(844)   Pre Evacuate Collection Set: 0.14ms
[390.722s][info][gc,phases   ] GC(844)   Merge Heap Roots: 0.06ms
[390.722s][info][gc,phases   ] GC(844)   Evacuate Collection Set: 3.25ms
[390.722s][info][gc,phases   ] GC(844)   Post Evacuate Collection Set: 0.38ms
[390.722s][info][gc,phases   ] GC(844)   Other: 0.06ms
[390.722s][info][gc,heap     ] GC(844) Eden regions: 149->0(141)
[390.722s][info][gc,heap     ] GC(844) Survivor regions: 4->5(20)
[390.722s][info][gc,heap     ] GC(844) Old regions: 67->67
[390.722s][info][gc,heap     ] GC(844) Humongous regions: 1->1
[390.722s][info][gc,metaspace] GC(844) Metaspace: 42952K(43328K)->42952K(43328K) NonClass: 40144K(40384K)->40144K(40384K) Class: 2808K(2944K)->2808K(2944K)
[390.722s][info][gc          ] GC(844) Pause Young (Prepare Mixed) (G1 Evacuation Pause) 220M->72M(256M) 4.084ms
[390.722s][info][gc,cpu      ] GC(844) User=0.01s Sys=0.00s Real=0.00s
[391.192s][info][gc,start    ] GC(845) Pause Young (Mixed) (G1 Evacuation Pause)
[391.192s][info][gc,task     ] GC(845) Using 2 workers of 2 for evacuation
[391.204s][info][gc,phases   ] GC(845)   Pre Evacuate Collection Set: 0.21ms
[391.204s][info][gc,phases   ] GC(845)   Merge Heap Roots: 0.12ms
[391.204s][info][gc,phases   ] GC(845)   Evacuate Collection Set: 11.06ms
[391.204s][info][gc,phases   ] GC(845)   Post Evacuate Collection Set: 0.77ms
[391.204s][info][gc,phases   ] GC(845)   Other: 0.08ms
[391.204s][info][gc,heap     ] GC(845) Eden regions: 107->0(207)
[391.204s][info][gc,heap     ] GC(845) Survivor regions: 5->8(19)
[391.204s][info][gc,heap     ] GC(845) Old regions: 67->62
[391.204s][info][gc,heap     ] GC(845) Humongous regions: 171->3
[391.204s][info][gc,metaspace] GC(845) Metaspace: 42952K(43328K)->42952K(43328K) NonClass: 40144K(40384K)->40144K(40384K) Class: 2808K(2944K)->2808K(2944K)
[391.204s][info][gc          ] GC(845) Pause Young (Mixed) (G1 Evacuation Pause) 349M->71M(359M) 12.445ms
[391.204s][info][gc,cpu      ] GC(845) User=0.02s Sys=0.00s Real=0.01s
[391.206s][info][gc,start    ] GC(846) Pause Young (Concurrent Start) (G1 Humongous Allocation)
[391.206s][info][gc,task     ] GC(846) Using 2 workers of 2 for evacuation
[391.212s][info][gc,phases   ] GC(846)   Pre Evacuate Collection Set: 0.16ms
[391.212s][info][gc,phases   ] GC(846)   Merge Heap Roots: 0.04ms
[391.212s][info][gc,phases   ] GC(846)   Evacuate Collection Set: 5.03ms
[391.212s][info][gc,phases   ] GC(846)   Post Evacuate Collection Set: 0.54ms
[391.212s][info][gc,phases   ] GC(846)   Other: 0.06ms
[391.212s][info][gc,heap     ] GC(846) Eden regions: 1->0(207)
[391.212s][info][gc,heap     ] GC(846) Survivor regions: 8->8(27)
[391.212s][info][gc,heap     ] GC(846) Old regions: 62->62
[391.212s][info][gc,heap     ] GC(846) Humongous regions: 3->1
[391.212s][info][gc,metaspace] GC(846) Metaspace: 42952K(43328K)->42952K(43328K) NonClass: 40144K(40384K)->40144K(40384K) Class: 2808K(2944K)->2808K(2944K)
[391.212s][info][gc          ] GC(846) Pause Young (Concurrent Start) (G1 Humongous Allocation) 72M->69M(359M) 5.961ms
[391.212s][info][gc,cpu      ] GC(846) User=0.01s Sys=0.00s Real=0.01s
[391.212s][info][gc          ] GC(847) Concurrent Mark Cycle
[391.212s][info][gc,marking  ] GC(847) Concurrent Scan Root Regions
[391.216s][info][gc,marking  ] GC(847) Concurrent Scan Root Regions 3.507ms
[391.216s][info][gc,marking  ] GC(847) Concurrent Mark
[391.216s][info][gc,marking  ] GC(847) Concurrent Mark From Roots
[391.216s][info][gc,task     ] GC(847) Using 1 workers of 1 for marking
[391.287s][info][gc,marking  ] GC(847) Concurrent Mark From Roots 71.365ms
[391.287s][info][gc,marking  ] GC(847) Concurrent Preclean
[391.287s][info][gc,marking  ] GC(847) Concurrent Preclean 0.038ms
[391.287s][info][gc,start    ] GC(847) Pause Remark
[391.304s][info][gc          ] GC(847) Pause Remark 132M->132M(359M) 16.719ms
[391.304s][info][gc,cpu      ] GC(847) User=0.03s Sys=0.00s Real=0.01s
[391.306s][info][gc,marking  ] GC(847) Concurrent Mark 89.967ms
[391.306s][info][gc,marking  ] GC(847) Concurrent Rebuild Remembered Sets and Scrub Regions
[391.334s][info][gc,marking  ] GC(847) Concurrent Rebuild Remembered Sets and Scrub Regions 28.138ms
[391.334s][info][gc,start    ] GC(847) Pause Cleanup
[391.334s][info][gc          ] GC(847) Pause Cleanup 157M->157M(359M) 0.058ms
[391.334s][info][gc,cpu      ] GC(847) User=0.00s Sys=0.00s Real=0.00s
[391.334s][info][gc,marking  ] GC(847) Concurrent Clear Claimed Marks
[391.334s][info][gc,marking  ] GC(847) Concurrent Clear Claimed Marks 0.064ms
[391.334s][info][gc,marking  ] GC(847) Concurrent Cleanup for Next Mark
[391.336s][info][gc,marking  ] GC(847) Concurrent Cleanup for Next Mark 1.973ms
[391.336s][info][gc          ] GC(847) Concurrent Mark Cycle 124.060ms
[391.770s][info][gc,start    ] GC(848) Pause Young (Prepare Mixed) (G1 Evacuation Pause)
[391.770s][info][gc,task     ] GC(848) Using 2 workers of 2 for evacuation
[391.785s][info][gc,phases   ] GC(848)   Pre Evacuate Collection Set: 0.27ms
[391.785s][info][gc,phases   ] GC(848)   Merge Heap Roots: 0.07ms
[391.785s][info][gc,phases   ] GC(848)   Evacuate Collection Set: 13.57ms
[391.785s][info][gc,phases   ] GC(848)   Post Evacuate Collection Set: 0.83ms
[391.785s][info][gc,phases   ] GC(848)   Other: 0.08ms
[391.785s][info][gc,heap     ] GC(848) Eden regions: 56->0(281)
[391.785s][info][gc,heap     ] GC(848) Survivor regions: 8->12(29)
[391.785s][info][gc,heap     ] GC(848) Old regions: 62->62
[391.785s][info][gc,heap     ] GC(848) Humongous regions: 351->3
[391.785s][info][gc,metaspace] GC(848) Metaspace: 42952K(43328K)->42952K(43328K) NonClass: 40144K(40384K)->40144K(40384K) Class: 2808K(2944K)->2808K(2944K)
[391.785s][info][gc          ] GC(848) Pause Young (Prepare Mixed) (G1 Evacuation Pause) 475M->75M(489M) 15.002ms
[391.785s][info][gc,cpu      ] GC(848) User=0.02s Sys=0.00s Real=0.01s
[392.421s][info][gc,start    ] GC(849) Pause Young (Mixed) (G1 Evacuation Pause)
[392.421s][info][gc,task     ] GC(849) Using 2 workers of 2 for evacuation
[392.455s][info][gc,phases   ] GC(849)   Pre Evacuate Collection Set: 0.41ms
[392.455s][info][gc,phases   ] GC(849)   Merge Heap Roots: 0.10ms
[392.455s][info][gc,phases   ] GC(849)   Evacuate Collection Set: 32.65ms
[392.455s][info][gc,phases   ] GC(849)   Post Evacuate Collection Set: 1.01ms
[392.455s][info][gc,phases   ] GC(849)   Other: 0.07ms
[392.455s][info][gc,heap     ] GC(849) Eden regions: 78->0(329)
[392.455s][info][gc,heap     ] GC(849) Survivor regions: 12->23(40)
[392.455s][info][gc,heap     ] GC(849) Old regions: 62->58
[392.455s][info][gc,heap     ] GC(849) Humongous regions: 411->1
[392.455s][info][gc,metaspace] GC(849) Metaspace: 42952K(43328K)->42952K(43328K) NonClass: 40144K(40384K)->40144K(40384K) Class: 2808K(2944K)->2808K(2944K)
[392.455s][info][gc          ] GC(849) Pause Young (Mixed) (G1 Evacuation Pause) 561M->80M(588M) 34.435ms
[392.455s][info][gc,cpu      ] GC(849) User=0.05s Sys=0.02s Real=0.03s
[392.456s][info][gc,start    ] GC(850) Pause Young (Concurrent Start) (G1 Humongous Allocation)
[392.456s][info][gc,task     ] GC(850) Using 2 workers of 2 for evacuation
[392.475s][info][gc,phases   ] GC(850)   Pre Evacuate Collection Set: 0.24ms
[392.475s][info][gc,phases   ] GC(850)   Merge Heap Roots: 0.05ms
[392.475s][info][gc,phases   ] GC(850)   Evacuate Collection Set: 18.25ms
[392.475s][info][gc,phases   ] GC(850)   Post Evacuate Collection Set: 0.56ms
[392.475s][info][gc,phases   ] GC(850)   Other: 0.07ms
[392.475s][info][gc,heap     ] GC(850) Eden regions: 1->0(330)
[392.475s][info][gc,heap     ] GC(850) Survivor regions: 23->22(44)
[392.475s][info][gc,heap     ] GC(850) Old regions: 58->59
[392.475s][info][gc,heap     ] GC(850) Humongous regions: 1->1
[392.475s][info][gc,metaspace] GC(850) Metaspace: 42952K(43328K)->42952K(43328K) NonClass: 40144K(40384K)->40144K(40384K) Class: 2808K(2944K)->2808K(2944K)
[392.475s][info][gc          ] GC(850) Pause Young (Concurrent Start) (G1 Humongous Allocation) 81M->80M(588M) 19.332ms
[392.475s][info][gc          ] GC(851) Concurrent Mark Cycle
[392.475s][info][gc,marking  ] GC(851) Concurrent Scan Root Regions
[392.478s][info][gc,cpu      ] GC(850) User=0.04s Sys=0.00s Real=0.03s
[392.488s][info][gc,marking  ] GC(851) Concurrent Scan Root Regions 12.917ms
[392.488s][info][gc,marking  ] GC(851) Concurrent Mark
[392.488s][info][gc,marking  ] GC(851) Concurrent Mark From Roots
[392.488s][info][gc,task     ] GC(851) Using 1 workers of 1 for marking
[392.558s][info][gc,marking  ] GC(851) Concurrent Mark From Roots 69.531ms
[392.558s][info][gc,marking  ] GC(851) Concurrent Preclean
[392.558s][info][gc,marking  ] GC(851) Concurrent Preclean 0.041ms
[392.558s][info][gc,start    ] GC(851) Pause Remark
[392.574s][info][gc          ] GC(851) Pause Remark 147M->147M(467M) 16.059ms
[392.574s][info][gc,cpu      ] GC(851) User=0.03s Sys=0.00s Real=0.01s
[392.576s][info][gc,marking  ] GC(851) Concurrent Mark 87.382ms
[392.576s][info][gc,marking  ] GC(851) Concurrent Rebuild Remembered Sets and Scrub Regions
[392.604s][info][gc,marking  ] GC(851) Concurrent Rebuild Remembered Sets and Scrub Regions 28.411ms
[392.604s][info][gc,start    ] GC(851) Pause Cleanup
[392.604s][info][gc          ] GC(851) Pause Cleanup 175M->175M(467M) 0.063ms
[392.604s][info][gc,cpu      ] GC(851) User=0.00s Sys=0.00s Real=0.00s
[392.604s][info][gc,marking  ] GC(851) Concurrent Clear Claimed Marks
[392.604s][info][gc,marking  ] GC(851) Concurrent Clear Claimed Marks 0.041ms
[392.604s][info][gc,marking  ] GC(851) Concurrent Cleanup for Next Mark
[392.607s][info][gc,marking  ] GC(851) Concurrent Cleanup for Next Mark 2.262ms
[392.607s][info][gc          ] GC(851) Concurrent Mark Cycle 131.338ms
[393.039s][info][gc,start    ] GC(852) Pause Young (Prepare Mixed) (G1 Evacuation Pause)
[393.039s][info][gc,task     ] GC(852) Using 2 workers of 2 for evacuation
[393.077s][info][gc,phases   ] GC(852)   Pre Evacuate Collection Set: 0.27ms
[393.077s][info][gc,phases   ] GC(852)   Merge Heap Roots: 0.06ms
[393.077s][info][gc,phases   ] GC(852)   Evacuate Collection Set: 37.16ms
[393.077s][info][gc,phases   ] GC(852)   Post Evacuate Collection Set: 0.81ms
[393.077s][info][gc,phases   ] GC(852)   Other: 0.07ms
[393.077s][info][gc,heap     ] GC(852) Eden regions: 67->0(300)
[393.077s][info][gc,heap     ] GC(852) Survivor regions: 22->24(38)
[393.077s][info][gc,heap     ] GC(852) Old regions: 59->64
[393.077s][info][gc,heap     ] GC(852) Humongous regions: 363->1
[393.077s][info][gc,metaspace] GC(852) Metaspace: 42952K(43328K)->42952K(43328K) NonClass: 40144K(40384K)->40144K(40384K) Class: 2808K(2944K)->2808K(2944K)
[393.077s][info][gc          ] GC(852) Pause Young (Prepare Mixed) (G1 Evacuation Pause) 509M->88M(540M) 38.566ms
[393.077s][info][gc,cpu      ] GC(852) User=0.06s Sys=0.01s Real=0.04s
[393.891s][info][gc,start    ] GC(853) Pause Young (Mixed) (G1 Evacuation Pause)
[393.892s][info][gc,task     ] GC(853) Using 2 workers of 2 for evacuation
[393.931s][info][gc,phases   ] GC(853)   Pre Evacuate Collection Set: 0.29ms
[393.931s][info][gc,phases   ] GC(853)   Merge Heap Roots: 0.16ms
[393.931s][info][gc,phases   ] GC(853)   Evacuate Collection Set: 38.11ms
[393.931s][info][gc,phases   ] GC(853)   Post Evacuate Collection Set: 0.82ms
[393.931s][info][gc,phases   ] GC(853)   Other: 0.08ms
[393.931s][info][gc,heap     ] GC(853) Eden regions: 300->0(289)
[393.931s][info][gc,heap     ] GC(853) Survivor regions: 24->35(41)
[393.931s][info][gc,heap     ] GC(853) Old regions: 64->65
[393.931s][info][gc,heap     ] GC(853) Humongous regions: 95->1
[393.931s][info][gc,metaspace] GC(853) Metaspace: 42955K(43328K)->42955K(43328K) NonClass: 40147K(40384K)->40147K(40384K) Class: 2808K(2944K)->2808K(2944K)
[393.931s][info][gc          ] GC(853) Pause Young (Mixed) (G1 Evacuation Pause) 482M->100M(540M) 39.663ms
[393.931s][info][gc,cpu      ] GC(853) User=0.08s Sys=0.00s Real=0.04s
[394.524s][info][gc,start    ] GC(854) Pause Young (Concurrent Start) (G1 Evacuation Pause)
[394.524s][info][gc,task     ] GC(854) Using 2 workers of 2 for evacuation
[394.554s][info][gc,phases   ] GC(854)   Pre Evacuate Collection Set: 0.27ms
[394.554s][info][gc,phases   ] GC(854)   Merge Heap Roots: 0.12ms
[394.554s][info][gc,phases   ] GC(854)   Evacuate Collection Set: 29.11ms
[394.554s][info][gc,phases   ] GC(854)   Post Evacuate Collection Set: 0.59ms
[394.554s][info][gc,phases   ] GC(854)   Other: 0.11ms
[394.554s][info][gc,heap     ] GC(854) Eden regions: 289->0(307)
[394.554s][info][gc,heap     ] GC(854) Survivor regions: 35->17(41)
[394.554s][info][gc,heap     ] GC(854) Old regions: 65->84
[394.554s][info][gc,heap     ] GC(854) Humongous regions: 1->1
[394.554s][info][gc,metaspace] GC(854) Metaspace: 42967K(43328K)->42967K(43328K) NonClass: 40158K(40384K)->40158K(40384K) Class: 2808K(2944K)->2808K(2944K)
[394.554s][info][gc          ] GC(854) Pause Young (Concurrent Start) (G1 Evacuation Pause) 389M->101M(540M) 30.433ms
[394.554s][info][gc,cpu      ] GC(854) User=0.06s Sys=0.00s Real=0.03s
[394.554s][info][gc          ] GC(855) Concurrent Mark Cycle
[394.554s][info][gc,marking  ] GC(855) Concurrent Scan Root Regions
[394.576s][info][gc,marking  ] GC(855) Concurrent Scan Root Regions 22.071ms
[394.576s][info][gc,marking  ] GC(855) Concurrent Mark
[394.576s][info][gc,marking  ] GC(855) Concurrent Mark From Roots
[394.576s][info][gc,task     ] GC(855) Using 1 workers of 1 for marking
[394.655s][info][gc,marking  ] GC(855) Concurrent Mark From Roots 79.002ms
[394.655s][info][gc,marking  ] GC(855) Concurrent Preclean
[394.655s][info][gc,marking  ] GC(855) Concurrent Preclean 0.124ms
[394.656s][info][gc,start    ] GC(855) Pause Remark
[394.671s][info][gc          ] GC(855) Pause Remark 146M->145M(337M) 15.848ms
[394.671s][info][gc,cpu      ] GC(855) User=0.03s Sys=0.00s Real=0.02s
[394.672s][info][gc,marking  ] GC(855) Concurrent Mark 95.258ms
[394.672s][info][gc,marking  ] GC(855) Concurrent Rebuild Remembered Sets and Scrub Regions
[394.716s][info][gc,marking  ] GC(855) Concurrent Rebuild Remembered Sets and Scrub Regions 44.110ms
[394.716s][info][gc,start    ] GC(855) Pause Cleanup
[394.716s][info][gc          ] GC(855) Pause Cleanup 164M->164M(337M) 0.050ms
[394.716s][info][gc,cpu      ] GC(855) User=0.00s Sys=0.00s Real=0.00s
[394.716s][info][gc,marking  ] GC(855) Concurrent Clear Claimed Marks
[394.716s][info][gc,marking  ] GC(855) Concurrent Clear Claimed Marks 0.038ms
[394.716s][info][gc,marking  ] GC(855) Concurrent Cleanup for Next Mark
[394.717s][info][gc,marking  ] GC(855) Concurrent Cleanup for Next Mark 1.139ms
[394.717s][info][gc          ] GC(855) Concurrent Mark Cycle 163.107ms
[394.984s][info][gc,start    ] GC(856) Pause Young (Prepare Mixed) (G1 Evacuation Pause)
[394.984s][info][gc,task     ] GC(856) Using 2 workers of 2 for evacuation
[394.998s][info][gc,phases   ] GC(856)   Pre Evacuate Collection Set: 0.20ms
[394.998s][info][gc,phases   ] GC(856)   Merge Heap Roots: 0.10ms
[394.998s][info][gc,phases   ] GC(856)   Evacuate Collection Set: 13.25ms
[394.998s][info][gc,phases   ] GC(856)   Post Evacuate Collection Set: 0.47ms
[394.998s][info][gc,phases   ] GC(856)   Other: 0.08ms
[394.998s][info][gc,heap     ] GC(856) Eden regions: 185->0(188)
[394.998s][info][gc,heap     ] GC(856) Survivor regions: 17->6(26)
[394.998s][info][gc,heap     ] GC(856) Old regions: 83->97
[394.998s][info][gc,heap     ] GC(856) Humongous regions: 1->1
[394.998s][info][gc,metaspace] GC(856) Metaspace: 42967K(43328K)->42967K(43328K) NonClass: 40158K(40384K)->40158K(40384K) Class: 2808K(2944K)->2808K(2944K)
[394.998s][info][gc          ] GC(856) Pause Young (Prepare Mixed) (G1 Evacuation Pause) 285M->102M(337M) 14.341ms
[394.998s][info][gc,cpu      ] GC(856) User=0.03s Sys=0.00s Real=0.02s
[395.386s][info][gc,start    ] GC(857) Pause Young (Mixed) (G1 Evacuation Pause)
[395.386s][info][gc,task     ] GC(857) Using 2 workers of 2 for evacuation
[395.394s][info][gc,phases   ] GC(857)   Pre Evacuate Collection Set: 0.21ms
[395.394s][info][gc,phases   ] GC(857)   Merge Heap Roots: 0.20ms
[395.394s][info][gc,phases   ] GC(857)   Evacuate Collection Set: 6.79ms
[395.394s][info][gc,phases   ] GC(857)   Post Evacuate Collection Set: 0.43ms
[395.394s][info][gc,phases   ] GC(857)   Other: 0.07ms
[395.394s][info][gc,heap     ] GC(857) Eden regions: 188->0(198)
[395.394s][info][gc,heap     ] GC(857) Survivor regions: 6->4(25)
[395.394s][info][gc,heap     ] GC(857) Old regions: 97->92
[395.394s][info][gc,heap     ] GC(857) Humongous regions: 1->1
[395.394s][info][gc,metaspace] GC(857) Metaspace: 42994K(43392K)->42994K(43392K) NonClass: 40185K(40448K)->40185K(40448K) Class: 2808K(2944K)->2808K(2944K)
[395.394s][info][gc          ] GC(857) Pause Young (Mixed) (G1 Evacuation Pause) 290M->97M(337M) 7.878ms
[395.394s][info][gc,cpu      ] GC(857) User=0.01s Sys=0.00s Real=0.01s
[395.848s][info][gc,start    ] GC(858) Pause Young (Concurrent Start) (G1 Evacuation Pause)
[395.848s][info][gc,task     ] GC(858) Using 2 workers of 2 for evacuation
[395.853s][info][gc,phases   ] GC(858)   Pre Evacuate Collection Set: 0.19ms
[395.853s][info][gc,phases   ] GC(858)   Merge Heap Roots: 0.09ms
[395.853s][info][gc,phases   ] GC(858)   Evacuate Collection Set: 4.04ms
[395.853s][info][gc,phases   ] GC(858)   Post Evacuate Collection Set: 0.44ms
[395.853s][info][gc,phases   ] GC(858)   Other: 0.09ms
[395.853s][info][gc,heap     ] GC(858) Eden regions: 198->0(195)
[395.853s][info][gc,heap     ] GC(858) Survivor regions: 4->7(26)
[395.853s][info][gc,heap     ] GC(858) Old regions: 92->92
[395.853s][info][gc,heap     ] GC(858) Humongous regions: 1->1
[395.853s][info][gc,metaspace] GC(858) Metaspace: 42994K(43392K)->42994K(43392K) NonClass: 40186K(40448K)->40186K(40448K) Class: 2808K(2944K)->2808K(2944K)
[395.853s][info][gc          ] GC(858) Pause Young (Concurrent Start) (G1 Evacuation Pause) 295M->99M(337M) 5.036ms
[395.853s][info][gc,cpu      ] GC(858) User=0.01s Sys=0.00s Real=0.00s
[395.853s][info][gc          ] GC(859) Concurrent Mark Cycle
[395.853s][info][gc,marking  ] GC(859) Concurrent Scan Root Regions
[395.856s][info][gc,marking  ] GC(859) Concurrent Scan Root Regions 2.361ms
[395.856s][info][gc,marking  ] GC(859) Concurrent Mark
[395.856s][info][gc,marking  ] GC(859) Concurrent Mark From Roots
[395.856s][info][gc,task     ] GC(859) Using 1 workers of 1 for marking
[395.929s][info][gc,marking  ] GC(859) Concurrent Mark From Roots 73.655ms
[395.930s][info][gc,marking  ] GC(859) Concurrent Preclean
[395.930s][info][gc,marking  ] GC(859) Concurrent Preclean 0.129ms
[395.930s][info][gc,start    ] GC(859) Pause Remark
[395.946s][info][gc          ] GC(859) Pause Remark 132M->116M(280M) 16.270ms
[395.946s][info][gc,cpu      ] GC(859) User=0.03s Sys=0.00s Real=0.01s
[395.946s][info][gc,marking  ] GC(859) Concurrent Mark 90.364ms
[395.946s][info][gc,marking  ] GC(859) Concurrent Rebuild Remembered Sets and Scrub Regions
[395.976s][info][gc,marking  ] GC(859) Concurrent Rebuild Remembered Sets and Scrub Regions 29.892ms
[395.976s][info][gc,start    ] GC(859) Pause Cleanup
[395.976s][info][gc          ] GC(859) Pause Cleanup 132M->132M(280M) 0.045ms
[395.976s][info][gc,cpu      ] GC(859) User=0.00s Sys=0.00s Real=0.00s
[395.976s][info][gc,marking  ] GC(859) Concurrent Clear Claimed Marks
[395.976s][info][gc,marking  ] GC(859) Concurrent Clear Claimed Marks 0.037ms
[395.976s][info][gc,marking  ] GC(859) Concurrent Cleanup for Next Mark
[395.977s][info][gc,marking  ] GC(859) Concurrent Cleanup for Next Mark 0.800ms
[395.977s][info][gc          ] GC(859) Concurrent Mark Cycle 123.809ms
[396.237s][info][gc,start    ] GC(860) Pause Young (Prepare Mixed) (G1 Evacuation Pause)
[396.237s][info][gc,task     ] GC(860) Using 2 workers of 2 for evacuation
[396.240s][info][gc,phases   ] GC(860)   Pre Evacuate Collection Set: 0.16ms
[396.240s][info][gc,phases   ] GC(860)   Merge Heap Roots: 0.08ms
[396.240s][info][gc,phases   ] GC(860)   Evacuate Collection Set: 2.01ms
[396.240s][info][gc,phases   ] GC(860)   Post Evacuate Collection Set: 0.38ms
[396.240s][info][gc,phases   ] GC(860)   Other: 0.07ms
[396.240s][info][gc,heap     ] GC(860) Eden regions: 161->0(163)
[396.240s][info][gc,heap     ] GC(860) Survivor regions: 7->5(21)
[396.240s][info][gc,heap     ] GC(860) Old regions: 76->76
[396.240s][info][gc,heap     ] GC(860) Humongous regions: 1->1
[396.240s][info][gc,metaspace] GC(860) Metaspace: 42997K(43392K)->42997K(43392K) NonClass: 40188K(40448K)->40188K(40448K) Class: 2808K(2944K)->2808K(2944K)
[396.240s][info][gc          ] GC(860) Pause Young (Prepare Mixed) (G1 Evacuation Pause) 244M->81M(280M) 2.877ms
[396.240s][info][gc,cpu      ] GC(860) User=0.01s Sys=0.00s Real=0.00s
[397.110s][info][gc,start    ] GC(861) Pause Young (Mixed) (G1 Evacuation Pause)
[397.110s][info][gc,task     ] GC(861) Using 2 workers of 2 for evacuation
[397.116s][info][gc,phases   ] GC(861)   Pre Evacuate Collection Set: 0.18ms
[397.116s][info][gc,phases   ] GC(861)   Merge Heap Roots: 0.19ms
[397.116s][info][gc,phases   ] GC(861)   Evacuate Collection Set: 5.67ms
[397.116s][info][gc,phases   ] GC(861)   Post Evacuate Collection Set: 0.49ms
[397.116s][info][gc,phases   ] GC(861)   Other: 0.08ms
[397.116s][info][gc,heap     ] GC(861) Eden regions: 163->0(164)
[397.116s][info][gc,heap     ] GC(861) Survivor regions: 5->4(21)
[397.116s][info][gc,heap     ] GC(861) Old regions: 76->62
[397.116s][info][gc,heap     ] GC(861) Humongous regions: 3->1
[397.116s][info][gc,metaspace] GC(861) Metaspace: 43017K(43392K)->43017K(43392K) NonClass: 40209K(40448K)->40209K(40448K) Class: 2808K(2944K)->2808K(2944K)
[397.116s][info][gc          ] GC(861) Pause Young (Mixed) (G1 Evacuation Pause) 246M->66M(280M) 6.769ms
[397.116s][info][gc,cpu      ] GC(861) User=0.01s Sys=0.00s Real=0.00s
[397.148s][info][gc,start    ] GC(862) Pause Young (Concurrent Start) (G1 Humongous Allocation)
[397.148s][info][gc,task     ] GC(862) Using 2 workers of 2 for evacuation
[397.154s][info][gc,phases   ] GC(862)   Pre Evacuate Collection Set: 0.16ms
[397.154s][info][gc,phases   ] GC(862)   Merge Heap Roots: 0.05ms
[397.154s][info][gc,phases   ] GC(862)   Evacuate Collection Set: 5.58ms
[397.154s][info][gc,phases   ] GC(862)   Post Evacuate Collection Set: 0.28ms
[397.154s][info][gc,phases   ] GC(862)   Other: 0.11ms
[397.154s][info][gc,heap     ] GC(862) Eden regions: 10->0(164)
[397.154s][info][gc,heap     ] GC(862) Survivor regions: 4->4(21)
[397.154s][info][gc,heap     ] GC(862) Old regions: 62->62
[397.154s][info][gc,heap     ] GC(862) Humongous regions: 1->1
[397.154s][info][gc,metaspace] GC(862) Metaspace: 43017K(43392K)->43017K(43392K) NonClass: 40209K(40448K)->40209K(40448K) Class: 2808K(2944K)->2808K(2944K)
[397.154s][info][gc          ] GC(862) Pause Young (Concurrent Start) (G1 Humongous Allocation) 75M->66M(280M) 6.338ms
[397.154s][info][gc,cpu      ] GC(862) User=0.01s Sys=0.00s Real=0.00s
[397.156s][info][gc          ] GC(863) Concurrent Mark Cycle
[397.156s][info][gc,marking  ] GC(863) Concurrent Scan Root Regions
[397.160s][info][gc,marking  ] GC(863) Concurrent Scan Root Regions 4.669ms
[397.160s][info][gc,marking  ] GC(863) Concurrent Mark
[397.160s][info][gc,marking  ] GC(863) Concurrent Mark From Roots
[397.160s][info][gc,task     ] GC(863) Using 1 workers of 1 for marking
[397.220s][info][gc,marking  ] GC(863) Concurrent Mark From Roots 59.128ms
[397.220s][info][gc,marking  ] GC(863) Concurrent Preclean
[397.220s][info][gc,marking  ] GC(863) Concurrent Preclean 0.263ms
[397.220s][info][gc,start    ] GC(863) Pause Remark
[397.237s][info][gc          ] GC(863) Pause Remark 91M->90M(256M) 16.938ms
[397.237s][info][gc,cpu      ] GC(863) User=0.03s Sys=0.00s Real=0.02s
[397.238s][info][gc,marking  ] GC(863) Concurrent Mark 77.309ms
[397.238s][info][gc,marking  ] GC(863) Concurrent Rebuild Remembered Sets and Scrub Regions
[397.262s][info][gc,marking  ] GC(863) Concurrent Rebuild Remembered Sets and Scrub Regions 23.824ms
[397.262s][info][gc,start    ] GC(863) Pause Cleanup
[397.262s][info][gc          ] GC(863) Pause Cleanup 94M->94M(256M) 0.072ms
[397.262s][info][gc,cpu      ] GC(863) User=0.00s Sys=0.00s Real=0.00s
[397.262s][info][gc,marking  ] GC(863) Concurrent Clear Claimed Marks
[397.262s][info][gc,marking  ] GC(863) Concurrent Clear Claimed Marks 0.034ms
[397.262s][info][gc,marking  ] GC(863) Concurrent Cleanup for Next Mark
[397.263s][info][gc,marking  ] GC(863) Concurrent Cleanup for Next Mark 0.746ms
[397.263s][info][gc          ] GC(863) Concurrent Mark Cycle 106.870ms
[397.794s][info][gc,start    ] GC(864) Pause Young (Prepare Mixed) (G1 Evacuation Pause)
[397.794s][info][gc,task     ] GC(864) Using 2 workers of 2 for evacuation
[397.808s][info][gc,phases   ] GC(864)   Pre Evacuate Collection Set: 0.16ms
[397.808s][info][gc,phases   ] GC(864)   Merge Heap Roots: 0.09ms
[397.808s][info][gc,phases   ] GC(864)   Evacuate Collection Set: 13.13ms
[397.808s][info][gc,phases   ] GC(864)   Post Evacuate Collection Set: 0.45ms
[397.808s][info][gc,phases   ] GC(864)   Other: 0.09ms
[397.808s][info][gc,heap     ] GC(864) Eden regions: 149->0(138)
[397.808s][info][gc,heap     ] GC(864) Survivor regions: 4->15(20)
[397.808s][info][gc,heap     ] GC(864) Old regions: 61->61
[397.808s][info][gc,heap     ] GC(864) Humongous regions: 13->3
[397.808s][info][gc,metaspace] GC(864) Metaspace: 43023K(43392K)->43023K(43392K) NonClass: 40215K(40448K)->40215K(40448K) Class: 2808K(2944K)->2808K(2944K)
[397.808s][info][gc          ] GC(864) Pause Young (Prepare Mixed) (G1 Evacuation Pause) 226M->77M(256M) 14.113ms
[397.808s][info][gc,cpu      ] GC(864) User=0.03s Sys=0.00s Real=0.02s
[398.094s][info][gc,start    ] GC(865) Pause Young (Mixed) (G1 Evacuation Pause)
[398.094s][info][gc,task     ] GC(865) Using 2 workers of 2 for evacuation
[398.123s][info][gc,phases   ] GC(865)   Pre Evacuate Collection Set: 0.22ms
[398.123s][info][gc,phases   ] GC(865)   Merge Heap Roots: 0.12ms
[398.123s][info][gc,phases   ] GC(865)   Evacuate Collection Set: 28.61ms
[398.123s][info][gc,phases   ] GC(865)   Post Evacuate Collection Set: 0.44ms
[398.123s][info][gc,phases   ] GC(865)   Other: 0.07ms
[398.123s][info][gc,heap     ] GC(865) Eden regions: 138->0(137)
[398.123s][info][gc,heap     ] GC(865) Survivor regions: 15->16(20)
[398.123s][info][gc,heap     ] GC(865) Old regions: 61->60
[398.123s][info][gc,heap     ] GC(865) Humongous regions: 4->4
[398.123s][info][gc,metaspace] GC(865) Metaspace: 43023K(43392K)->43023K(43392K) NonClass: 40215K(40448K)->40215K(40448K) Class: 2808K(2944K)->2808K(2944K)
[398.124s][info][gc          ] GC(865) Pause Young (Mixed) (G1 Evacuation Pause) 216M->78M(256M) 29.650ms
[398.124s][info][gc,cpu      ] GC(865) User=0.06s Sys=0.00s Real=0.03s
[398.352s][info][gc,start    ] GC(866) Pause Young (Concurrent Start) (G1 Humongous Allocation)
[398.352s][info][gc,task     ] GC(866) Using 2 workers of 2 for evacuation
[398.377s][info][gc,phases   ] GC(866)   Pre Evacuate Collection Set: 0.16ms
[398.377s][info][gc,phases   ] GC(866)   Merge Heap Roots: 0.09ms
[398.377s][info][gc,phases   ] GC(866)   Evacuate Collection Set: 24.19ms
[398.377s][info][gc,phases   ] GC(866)   Post Evacuate Collection Set: 0.40ms
[398.377s][info][gc,phases   ] GC(866)   Other: 0.07ms
[398.377s][info][gc,heap     ] GC(866) Eden regions: 110->0(131)
[398.377s][info][gc,heap     ] GC(866) Survivor regions: 16->13(20)
[398.377s][info][gc,heap     ] GC(866) Old regions: 60->75
[398.377s][info][gc,heap     ] GC(866) Humongous regions: 4->4
[398.377s][info][gc,metaspace] GC(866) Metaspace: 43023K(43392K)->43023K(43392K) NonClass: 40215K(40448K)->40215K(40448K) Class: 2808K(2944K)->2808K(2944K)
[398.377s][info][gc          ] GC(866) Pause Young (Concurrent Start) (G1 Humongous Allocation) 188M->91M(256M) 25.095ms
[398.378s][info][gc,cpu      ] GC(866) User=0.05s Sys=0.00s Real=0.03s
[398.378s][info][gc          ] GC(867) Concurrent Mark Cycle
[398.378s][info][gc,marking  ] GC(867) Concurrent Scan Root Regions
[398.416s][info][gc,marking  ] GC(867) Concurrent Scan Root Regions 38.025ms
[398.416s][info][gc,marking  ] GC(867) Concurrent Mark
[398.416s][info][gc,marking  ] GC(867) Concurrent Mark From Roots
[398.416s][info][gc,task     ] GC(867) Using 1 workers of 1 for marking
[398.526s][info][gc,marking  ] GC(867) Concurrent Mark From Roots 110.021ms
[398.526s][info][gc,marking  ] GC(867) Concurrent Preclean
[398.526s][info][gc,marking  ] GC(867) Concurrent Preclean 0.082ms
[398.526s][info][gc,start    ] GC(867) Pause Remark
[398.542s][info][gc          ] GC(867) Pause Remark 133M->131M(256M) 16.044ms
[398.542s][info][gc,cpu      ] GC(867) User=0.04s Sys=0.00s Real=0.02s
[398.542s][info][gc,marking  ] GC(867) Concurrent Mark 126.420ms
[398.542s][info][gc,marking  ] GC(867) Concurrent Rebuild Remembered Sets and Scrub Regions
[398.597s][info][gc,marking  ] GC(867) Concurrent Rebuild Remembered Sets and Scrub Regions 54.817ms
[398.597s][info][gc,start    ] GC(867) Pause Cleanup
[398.597s][info][gc          ] GC(867) Pause Cleanup 151M->151M(256M) 0.055ms
[398.597s][info][gc,cpu      ] GC(867) User=0.00s Sys=0.00s Real=0.00s
[398.597s][info][gc,marking  ] GC(867) Concurrent Clear Claimed Marks
[398.597s][info][gc,marking  ] GC(867) Concurrent Clear Claimed Marks 0.041ms
[398.597s][info][gc,marking  ] GC(867) Concurrent Cleanup for Next Mark
[398.598s][info][gc,marking  ] GC(867) Concurrent Cleanup for Next Mark 0.764ms
[398.598s][info][gc          ] GC(867) Concurrent Mark Cycle 220.459ms
[398.739s][info][gc,start    ] GC(868) Pause Young (Prepare Mixed) (G1 Evacuation Pause)
[398.739s][info][gc,task     ] GC(868) Using 2 workers of 2 for evacuation
[398.768s][info][gc,phases   ] GC(868)   Pre Evacuate Collection Set: 0.16ms
[398.768s][info][gc,phases   ] GC(868)   Merge Heap Roots: 0.08ms
[398.768s][info][gc,phases   ] GC(868)   Evacuate Collection Set: 28.48ms
[398.768s][info][gc,phases   ] GC(868)   Post Evacuate Collection Set: 0.39ms
[398.768s][info][gc,phases   ] GC(868)   Other: 0.07ms
[398.768s][info][gc,heap     ] GC(868) Eden regions: 131->0(119)
[398.768s][info][gc,heap     ] GC(868) Survivor regions: 13->14(18)
[398.768s][info][gc,heap     ] GC(868) Old regions: 73->86
[398.768s][info][gc,heap     ] GC(868) Humongous regions: 6->6
[398.768s][info][gc,metaspace] GC(868) Metaspace: 43023K(43392K)->43023K(43392K) NonClass: 40215K(40448K)->40215K(40448K) Class: 2808K(2944K)->2808K(2944K)
[398.768s][info][gc          ] GC(868) Pause Young (Prepare Mixed) (G1 Evacuation Pause) 222M->104M(256M) 29.352ms
[398.768s][info][gc,cpu      ] GC(868) User=0.06s Sys=0.00s Real=0.03s
[399.011s][info][gc,start    ] GC(869) Pause Young (Mixed) (G1 Evacuation Pause)
[399.011s][info][gc,task     ] GC(869) Using 2 workers of 2 for evacuation
[399.040s][info][gc,phases   ] GC(869)   Pre Evacuate Collection Set: 0.23ms
[399.040s][info][gc,phases   ] GC(869)   Merge Heap Roots: 0.10ms
[399.040s][info][gc,phases   ] GC(869)   Evacuate Collection Set: 27.95ms
[399.040s][info][gc,phases   ] GC(869)   Post Evacuate Collection Set: 0.45ms
[399.040s][info][gc,phases   ] GC(869)   Other: 0.08ms
[399.040s][info][gc,heap     ] GC(869) Eden regions: 119->0(116)
[399.040s][info][gc,heap     ] GC(869) Survivor regions: 14->13(17)
[399.040s][info][gc,heap     ] GC(869) Old regions: 86->90
[399.040s][info][gc,heap     ] GC(869) Humongous regions: 6->6
[399.040s][info][gc,metaspace] GC(869) Metaspace: 43023K(43392K)->43023K(43392K) NonClass: 40215K(40448K)->40215K(40448K) Class: 2808K(2944K)->2808K(2944K)
[399.040s][info][gc          ] GC(869) Pause Young (Mixed) (G1 Evacuation Pause) 223M->109M(256M) 28.987ms
[399.040s][info][gc,cpu      ] GC(869) User=0.06s Sys=0.00s Real=0.03s
[399.157s][info][gc,start    ] GC(870) Pause Young (Concurrent Start) (G1 Humongous Allocation)
[399.157s][info][gc,task     ] GC(870) Using 2 workers of 2 for evacuation
[399.180s][info][gc,phases   ] GC(870)   Pre Evacuate Collection Set: 0.18ms
[399.180s][info][gc,phases   ] GC(870)   Merge Heap Roots: 0.08ms
[399.180s][info][gc,phases   ] GC(870)   Evacuate Collection Set: 22.65ms
[399.180s][info][gc,phases   ] GC(870)   Post Evacuate Collection Set: 0.33ms
[399.180s][info][gc,phases   ] GC(870)   Other: 0.11ms
[399.180s][info][gc,heap     ] GC(870) Eden regions: 53->0(112)
[399.180s][info][gc,heap     ] GC(870) Survivor regions: 13->6(17)
[399.180s][info][gc,heap     ] GC(870) Old regions: 90->103
[399.180s][info][gc,heap     ] GC(870) Humongous regions: 6->6
[399.180s][info][gc,metaspace] GC(870) Metaspace: 43023K(43392K)->43023K(43392K) NonClass: 40215K(40448K)->40215K(40448K) Class: 2808K(2944K)->2808K(2944K)
[399.180s][info][gc          ] GC(870) Pause Young (Concurrent Start) (G1 Humongous Allocation) 162M->115M(256M) 23.556ms
[399.180s][info][gc          ] GC(871) Concurrent Mark Cycle
[399.180s][info][gc,marking  ] GC(871) Concurrent Scan Root Regions
[399.180s][info][gc,cpu      ] GC(870) User=0.04s Sys=0.00s Real=0.03s
[399.214s][info][gc,marking  ] GC(871) Concurrent Scan Root Regions 33.556ms
[399.214s][info][gc,marking  ] GC(871) Concurrent Mark
[399.214s][info][gc,marking  ] GC(871) Concurrent Mark From Roots
[399.214s][info][gc,task     ] GC(871) Using 1 workers of 1 for marking
[399.456s][info][gc,marking  ] GC(871) Concurrent Mark From Roots 241.764ms
[399.456s][info][gc,marking  ] GC(871) Concurrent Preclean
[399.456s][info][gc,marking  ] GC(871) Concurrent Preclean 0.068ms
[399.456s][info][gc,start    ] GC(871) Pause Remark
[399.472s][info][gc          ] GC(871) Pause Remark 204M->203M(256M) 16.319ms
[399.472s][info][gc,cpu      ] GC(871) User=0.03s Sys=0.00s Real=0.02s
[399.472s][info][gc,marking  ] GC(871) Concurrent Mark 258.430ms
[399.472s][info][gc,marking  ] GC(871) Concurrent Rebuild Remembered Sets and Scrub Regions
[399.558s][info][gc,marking  ] GC(871) Concurrent Rebuild Remembered Sets and Scrub Regions 86.187ms
[399.559s][info][gc,start    ] GC(871) Pause Cleanup
[399.559s][info][gc          ] GC(871) Pause Cleanup 223M->223M(256M) 0.073ms
[399.559s][info][gc,cpu      ] GC(871) User=0.00s Sys=0.00s Real=0.00s
[399.559s][info][gc,marking  ] GC(871) Concurrent Clear Claimed Marks
[399.559s][info][gc,marking  ] GC(871) Concurrent Clear Claimed Marks 0.041ms
[399.559s][info][gc,marking  ] GC(871) Concurrent Cleanup for Next Mark
[399.560s][info][gc,marking  ] GC(871) Concurrent Cleanup for Next Mark 0.784ms
[399.560s][info][gc          ] GC(871) Concurrent Mark Cycle 379.414ms
[399.578s][info][gc,start    ] GC(872) Pause Young (Prepare Mixed) (G1 Evacuation Pause)
[399.578s][info][gc,task     ] GC(872) Using 2 workers of 2 for evacuation
[399.604s][info][gc,phases   ] GC(872)   Pre Evacuate Collection Set: 0.15ms
[399.604s][info][gc,phases   ] GC(872)   Merge Heap Roots: 0.17ms
[399.604s][info][gc,phases   ] GC(872)   Evacuate Collection Set: 25.06ms
[399.604s][info][gc,phases   ] GC(872)   Post Evacuate Collection Set: 0.40ms
[399.604s][info][gc,phases   ] GC(872)   Other: 0.07ms
[399.604s][info][gc,heap     ] GC(872) Eden regions: 112->0(97)
[399.604s][info][gc,heap     ] GC(872) Survivor regions: 6->15(15)
[399.604s][info][gc,heap     ] GC(872) Old regions: 103->106
[399.604s][info][gc,heap     ] GC(872) Humongous regions: 10->9
[399.604s][info][gc,metaspace] GC(872) Metaspace: 43023K(43392K)->43023K(43392K) NonClass: 40215K(40448K)->40215K(40448K) Class: 2808K(2944K)->2808K(2944K)
[399.604s][info][gc          ] GC(872) Pause Young (Prepare Mixed) (G1 Evacuation Pause) 231M->130M(256M) 26.009ms
[399.604s][info][gc,cpu      ] GC(872) User=0.05s Sys=0.00s Real=0.02s
[402.449s][info][gc,start    ] GC(873) Pause Young (Mixed) (G1 Evacuation Pause)
[402.449s][info][gc,task     ] GC(873) Using 2 workers of 2 for evacuation
[402.480s][info][gc,phases   ] GC(873)   Pre Evacuate Collection Set: 0.53ms
[402.480s][info][gc,phases   ] GC(873)   Merge Heap Roots: 0.21ms
[402.480s][info][gc,phases   ] GC(873)   Evacuate Collection Set: 29.33ms
[402.480s][info][gc,phases   ] GC(873)   Post Evacuate Collection Set: 0.43ms
[402.480s][info][gc,phases   ] GC(873)   Other: 0.09ms
[402.480s][info][gc,heap     ] GC(873) Eden regions: 97->0(97)
[402.480s][info][gc,heap     ] GC(873) Survivor regions: 15->8(14)
[402.480s][info][gc,heap     ] GC(873) Old regions: 106->119
[402.480s][info][gc,heap     ] GC(873) Humongous regions: 12->7
[402.480s][info][gc,metaspace] GC(873) Metaspace: 43028K(43392K)->43028K(43392K) NonClass: 40220K(40448K)->40220K(40448K) Class: 2808K(2944K)->2808K(2944K)
[402.480s][info][gc          ] GC(873) Pause Young (Mixed) (G1 Evacuation Pause) 230M->133M(256M) 30.765ms
[402.480s][info][gc,cpu      ] GC(873) User=0.06s Sys=0.00s Real=0.03s
[402.866s][info][gc,start    ] GC(874) Pause Young (Concurrent Start) (G1 Evacuation Pause)
[402.866s][info][gc,task     ] GC(874) Using 2 workers of 2 for evacuation
[402.879s][info][gc,phases   ] GC(874)   Pre Evacuate Collection Set: 0.20ms
[402.879s][info][gc,phases   ] GC(874)   Merge Heap Roots: 0.11ms
[402.879s][info][gc,phases   ] GC(874)   Evacuate Collection Set: 12.23ms
[402.879s][info][gc,phases   ] GC(874)   Post Evacuate Collection Set: 0.37ms
[402.879s][info][gc,phases   ] GC(874)   Other: 0.08ms
[402.879s][info][gc,heap     ] GC(874) Eden regions: 97->0(96)
[402.879s][info][gc,heap     ] GC(874) Survivor regions: 8->10(14)
[402.879s][info][gc,heap     ] GC(874) Old regions: 119->119
[402.879s][info][gc,heap     ] GC(874) Humongous regions: 7->7
[402.879s][info][gc,metaspace] GC(874) Metaspace: 43034K(43392K)->43034K(43392K) NonClass: 40225K(40448K)->40225K(40448K) Class: 2808K(2944K)->2808K(2944K)
[402.880s][info][gc          ] GC(874) Pause Young (Concurrent Start) (G1 Evacuation Pause) 230M->135M(256M) 13.164ms
[402.880s][info][gc,cpu      ] GC(874) User=0.03s Sys=0.00s Real=0.02s
[402.880s][info][gc          ] GC(875) Concurrent Mark Cycle
[402.880s][info][gc,marking  ] GC(875) Concurrent Scan Root Regions
[402.890s][info][gc,marking  ] GC(875) Concurrent Scan Root Regions 9.807ms
[402.890s][info][gc,marking  ] GC(875) Concurrent Mark
[402.890s][info][gc,marking  ] GC(875) Concurrent Mark From Roots
[402.890s][info][gc,task     ] GC(875) Using 1 workers of 1 for marking
[402.920s][info][gc,marking  ] GC(875) Concurrent Mark From Roots 30.705ms
[402.920s][info][gc,marking  ] GC(875) Concurrent Preclean
[402.920s][info][gc,marking  ] GC(875) Concurrent Preclean 0.055ms
[402.921s][info][gc,start    ] GC(875) Pause Remark
[402.937s][info][gc          ] GC(875) Pause Remark 147M->120M(256M) 15.914ms
[402.937s][info][gc,cpu      ] GC(875) User=0.03s Sys=0.00s Real=0.01s
[402.937s][info][gc,marking  ] GC(875) Concurrent Mark 46.928ms
[402.937s][info][gc,marking  ] GC(875) Concurrent Rebuild Remembered Sets and Scrub Regions
[402.950s][info][gc,marking  ] GC(875) Concurrent Rebuild Remembered Sets and Scrub Regions 13.560ms
[402.950s][info][gc,start    ] GC(875) Pause Cleanup
[402.950s][info][gc          ] GC(875) Pause Cleanup 123M->123M(256M) 0.067ms
[402.950s][info][gc,cpu      ] GC(875) User=0.00s Sys=0.00s Real=0.00s
[402.950s][info][gc,marking  ] GC(875) Concurrent Clear Claimed Marks
[402.950s][info][gc,marking  ] GC(875) Concurrent Clear Claimed Marks 0.032ms
[402.950s][info][gc,marking  ] GC(875) Concurrent Cleanup for Next Mark
[402.951s][info][gc,marking  ] GC(875) Concurrent Cleanup for Next Mark 0.741ms
[402.951s][info][gc          ] GC(875) Concurrent Mark Cycle 71.403ms
[403.192s][info][gc,start    ] GC(876) Pause Young (Prepare Mixed) (G1 Evacuation Pause)
[403.192s][info][gc,task     ] GC(876) Using 2 workers of 2 for evacuation
[403.197s][info][gc,phases   ] GC(876)   Pre Evacuate Collection Set: 0.18ms
[403.197s][info][gc,phases   ] GC(876)   Merge Heap Roots: 0.09ms
[403.197s][info][gc,phases   ] GC(876)   Evacuate Collection Set: 3.75ms
[403.197s][info][gc,phases   ] GC(876)   Post Evacuate Collection Set: 0.39ms
[403.197s][info][gc,phases   ] GC(876)   Other: 0.08ms
[403.197s][info][gc,heap     ] GC(876) Eden regions: 96->0(130)
[403.197s][info][gc,heap     ] GC(876) Survivor regions: 10->4(14)
[403.197s][info][gc,heap     ] GC(876) Old regions: 98->99
[403.197s][info][gc,heap     ] GC(876) Humongous regions: 1->1
[403.197s][info][gc,metaspace] GC(876) Metaspace: 43036K(43392K)->43036K(43392K) NonClass: 40228K(40448K)->40228K(40448K) Class: 2808K(2944K)->2808K(2944K)
[403.197s][info][gc          ] GC(876) Pause Young (Prepare Mixed) (G1 Evacuation Pause) 205M->103M(256M) 4.645ms
[403.197s][info][gc,cpu      ] GC(876) User=0.01s Sys=0.00s Real=0.01s
[403.525s][info][gc,start    ] GC(877) Pause Young (Mixed) (G1 Evacuation Pause)
[403.526s][info][gc,task     ] GC(877) Using 2 workers of 2 for evacuation
[403.544s][info][gc,phases   ] GC(877)   Pre Evacuate Collection Set: 0.27ms
[403.544s][info][gc,phases   ] GC(877)   Merge Heap Roots: 0.08ms
[403.544s][info][gc,phases   ] GC(877)   Evacuate Collection Set: 17.80ms
[403.544s][info][gc,phases   ] GC(877)   Post Evacuate Collection Set: 0.42ms
[403.544s][info][gc,phases   ] GC(877)   Other: 0.08ms
[403.544s][info][gc,heap     ] GC(877) Eden regions: 130->0(130)
[403.544s][info][gc,heap     ] GC(877) Survivor regions: 4->17(17)
[403.544s][info][gc,heap     ] GC(877) Old regions: 99->74
[403.544s][info][gc,heap     ] GC(877) Humongous regions: 4->4
[403.544s][info][gc,metaspace] GC(877) Metaspace: 43036K(43392K)->43036K(43392K) NonClass: 40228K(40448K)->40228K(40448K) Class: 2808K(2944K)->2808K(2944K)
[403.544s][info][gc          ] GC(877) Pause Young (Mixed) (G1 Evacuation Pause) 236M->94M(256M) 18.866ms
[403.544s][info][gc,cpu      ] GC(877) User=0.03s Sys=0.00s Real=0.02s
[403.823s][info][gc,start    ] GC(878) Pause Young (Mixed) (G1 Evacuation Pause)
[403.823s][info][gc,task     ] GC(878) Using 2 workers of 2 for evacuation
[403.855s][info][gc,phases   ] GC(878)   Pre Evacuate Collection Set: 0.18ms
[403.856s][info][gc,phases   ] GC(878)   Merge Heap Roots: 0.09ms
[403.856s][info][gc,phases   ] GC(878)   Evacuate Collection Set: 30.28ms
[403.856s][info][gc,phases   ] GC(878)   Post Evacuate Collection Set: 1.69ms
[403.856s][info][gc,phases   ] GC(878)   Other: 0.08ms
[403.856s][info][gc,heap     ] GC(878) Eden regions: 130->0(263)
[403.856s][info][gc,heap     ] GC(878) Survivor regions: 17->16(19)
[403.856s][info][gc,heap     ] GC(878) Old regions: 74->65
[403.856s][info][gc,heap     ] GC(878) Humongous regions: 4->4
[403.856s][info][gc,metaspace] GC(878) Metaspace: 43036K(43392K)->43036K(43392K) NonClass: 40228K(40448K)->40228K(40448K) Class: 2808K(2944K)->2808K(2944K)
[403.856s][info][gc          ] GC(878) Pause Young (Mixed) (G1 Evacuation Pause) 224M->84M(466M) 32.528ms
[403.856s][info][gc,cpu      ] GC(878) User=0.06s Sys=0.00s Real=0.03s
[404.619s][info][gc,start    ] GC(879) Pause Young (Mixed) (G1 Evacuation Pause)
[404.619s][info][gc,task     ] GC(879) Using 2 workers of 2 for evacuation
[404.671s][info][gc,phases   ] GC(879)   Pre Evacuate Collection Set: 0.34ms
[404.671s][info][gc,phases   ] GC(879)   Merge Heap Roots: 0.19ms
[404.671s][info][gc,phases   ] GC(879)   Evacuate Collection Set: 50.73ms
[404.671s][info][gc,phases   ] GC(879)   Post Evacuate Collection Set: 0.62ms
[404.671s][info][gc,phases   ] GC(879)   Other: 0.08ms
[404.671s][info][gc,heap     ] GC(879) Eden regions: 263->0(244)
[404.671s][info][gc,heap     ] GC(879) Survivor regions: 16->35(35)
[404.671s][info][gc,heap     ] GC(879) Old regions: 65->58
[404.671s][info][gc,heap     ] GC(879) Humongous regions: 6->6
[404.671s][info][gc,metaspace] GC(879) Metaspace: 43036K(43392K)->43036K(43392K) NonClass: 40228K(40448K)->40228K(40448K) Class: 2808K(2944K)->2808K(2944K)
[404.671s][info][gc          ] GC(879) Pause Young (Mixed) (G1 Evacuation Pause) 349M->99M(466M) 52.172ms
[404.671s][info][gc,cpu      ] GC(879) User=0.10s Sys=0.00s Real=0.05s
[404.747s][info][gc,start    ] GC(880) Pause Young (Concurrent Start) (G1 Humongous Allocation)
[404.747s][info][gc,task     ] GC(880) Using 2 workers of 2 for evacuation
[404.789s][info][gc,phases   ] GC(880)   Pre Evacuate Collection Set: 0.22ms
[404.789s][info][gc,phases   ] GC(880)   Merge Heap Roots: 0.18ms
[404.789s][info][gc,phases   ] GC(880)   Evacuate Collection Set: 41.05ms
[404.789s][info][gc,phases   ] GC(880)   Post Evacuate Collection Set: 0.35ms
[404.789s][info][gc,phases   ] GC(880)   Other: 0.11ms
[404.789s][info][gc,heap     ] GC(880) Eden regions: 33->0(274)
[404.789s][info][gc,heap     ] GC(880) Survivor regions: 35->5(35)
[404.789s][info][gc,heap     ] GC(880) Old regions: 58->94
[404.789s][info][gc,heap     ] GC(880) Humongous regions: 6->6
[404.789s][info][gc,metaspace] GC(880) Metaspace: 43036K(43392K)->43036K(43392K) NonClass: 40228K(40448K)->40228K(40448K) Class: 2808K(2944K)->2808K(2944K)
[404.789s][info][gc          ] GC(880) Pause Young (Concurrent Start) (G1 Humongous Allocation) 132M->104M(466M) 42.103ms
[404.789s][info][gc,cpu      ] GC(880) User=0.08s Sys=0.00s Real=0.04s
[404.789s][info][gc          ] GC(881) Concurrent Mark Cycle
[404.789s][info][gc,marking  ] GC(881) Concurrent Scan Root Regions
[404.814s][info][gc,marking  ] GC(881) Concurrent Scan Root Regions 24.836ms
[404.814s][info][gc,marking  ] GC(881) Concurrent Mark
[404.814s][info][gc,marking  ] GC(881) Concurrent Mark From Roots
[404.814s][info][gc,task     ] GC(881) Using 1 workers of 1 for marking
[404.886s][info][gc,marking  ] GC(881) Concurrent Mark From Roots 71.825ms
[404.886s][info][gc,marking  ] GC(881) Concurrent Preclean
[404.886s][info][gc,marking  ] GC(881) Concurrent Preclean 0.048ms
[404.886s][info][gc,start    ] GC(881) Pause Remark
[404.905s][info][gc          ] GC(881) Pause Remark 122M->118M(350M) 18.692ms
[404.905s][info][gc,cpu      ] GC(881) User=0.03s Sys=0.00s Real=0.02s
[404.907s][info][gc,marking  ] GC(881) Concurrent Mark 92.819ms
[404.907s][info][gc,marking  ] GC(881) Concurrent Rebuild Remembered Sets and Scrub Regions
[404.962s][info][gc,marking  ] GC(881) Concurrent Rebuild Remembered Sets and Scrub Regions 55.111ms
[404.962s][info][gc,start    ] GC(881) Pause Cleanup
[404.962s][info][gc          ] GC(881) Pause Cleanup 143M->143M(350M) 0.043ms
[404.962s][info][gc,cpu      ] GC(881) User=0.00s Sys=0.00s Real=0.00s
[404.962s][info][gc,marking  ] GC(881) Concurrent Clear Claimed Marks
[404.962s][info][gc,marking  ] GC(881) Concurrent Clear Claimed Marks 0.039ms
[404.962s][info][gc,marking  ] GC(881) Concurrent Cleanup for Next Mark
[404.964s][info][gc,marking  ] GC(881) Concurrent Cleanup for Next Mark 2.087ms
[404.964s][info][gc          ] GC(881) Concurrent Mark Cycle 175.260ms
[406.173s][info][gc,start    ] GC(882) Pause Young (Prepare Mixed) (G1 Evacuation Pause)
[406.173s][info][gc,task     ] GC(882) Using 2 workers of 2 for evacuation
[406.214s][info][gc,phases   ] GC(882)   Pre Evacuate Collection Set: 0.19ms
[406.214s][info][gc,phases   ] GC(882)   Merge Heap Roots: 0.16ms
[406.214s][info][gc,phases   ] GC(882)   Evacuate Collection Set: 39.69ms
[406.214s][info][gc,phases   ] GC(882)   Post Evacuate Collection Set: 0.51ms
[406.214s][info][gc,phases   ] GC(882)   Other: 0.07ms
[406.214s][info][gc,heap     ] GC(882) Eden regions: 205->0(172)
[406.214s][info][gc,heap     ] GC(882) Survivor regions: 5->26(27)
[406.214s][info][gc,heap     ] GC(882) Old regions: 91->91
[406.214s][info][gc,heap     ] GC(882) Humongous regions: 17->15
[406.214s][info][gc,metaspace] GC(882) Metaspace: 43036K(43392K)->43036K(43392K) NonClass: 40228K(40448K)->40228K(40448K) Class: 2808K(2944K)->2808K(2944K)
[406.214s][info][gc          ] GC(882) Pause Young (Prepare Mixed) (G1 Evacuation Pause) 317M->131M(350M) 40.805ms
[406.214s][info][gc,cpu      ] GC(882) User=0.08s Sys=0.00s Real=0.04s
[406.856s][info][gc,start    ] GC(883) Pause Young (Mixed) (G1 Evacuation Pause)
[406.856s][info][gc,task     ] GC(883) Using 2 workers of 2 for evacuation
[406.898s][info][gc,phases   ] GC(883)   Pre Evacuate Collection Set: 0.19ms
[406.898s][info][gc,phases   ] GC(883)   Merge Heap Roots: 0.18ms
[406.898s][info][gc,phases   ] GC(883)   Evacuate Collection Set: 41.66ms
[406.898s][info][gc,phases   ] GC(883)   Post Evacuate Collection Set: 0.46ms
[406.898s][info][gc,phases   ] GC(883)   Other: 0.09ms
[406.898s][info][gc,heap     ] GC(883) Eden regions: 172->0(166)
[406.898s][info][gc,heap     ] GC(883) Survivor regions: 26->10(25)
[406.898s][info][gc,heap     ] GC(883) Old regions: 91->114
[406.898s][info][gc,heap     ] GC(883) Humongous regions: 15->15
[406.898s][info][gc,metaspace] GC(883) Metaspace: 43036K(43392K)->43036K(43392K) NonClass: 40228K(40448K)->40228K(40448K) Class: 2808K(2944K)->2808K(2944K)
[406.898s][info][gc          ] GC(883) Pause Young (Mixed) (G1 Evacuation Pause) 303M->138M(350M) 42.784ms
[406.898s][info][gc,cpu      ] GC(883) User=0.09s Sys=0.00s Real=0.05s
[407.729s][info][gc,start    ] GC(884) Pause Young (Concurrent Start) (G1 Evacuation Pause)
[407.729s][info][gc,task     ] GC(884) Using 2 workers of 2 for evacuation
[407.743s][info][gc,phases   ] GC(884)   Pre Evacuate Collection Set: 0.20ms
[407.743s][info][gc,phases   ] GC(884)   Merge Heap Roots: 0.06ms
[407.743s][info][gc,phases   ] GC(884)   Evacuate Collection Set: 13.59ms
[407.743s][info][gc,phases   ] GC(884)   Post Evacuate Collection Set: 0.40ms
[407.743s][info][gc,phases   ] GC(884)   Other: 0.09ms
[407.743s][info][gc,heap     ] GC(884) Eden regions: 166->0(165)
[407.743s][info][gc,heap     ] GC(884) Survivor regions: 10->17(22)
[407.743s][info][gc,heap     ] GC(884) Old regions: 114->114
[407.743s][info][gc,heap     ] GC(884) Humongous regions: 15->15
[407.743s][info][gc,metaspace] GC(884) Metaspace: 43036K(43392K)->43036K(43392K) NonClass: 40228K(40448K)->40228K(40448K) Class: 2808K(2944K)->2808K(2944K)
[407.743s][info][gc          ] GC(884) Pause Young (Concurrent Start) (G1 Evacuation Pause) 304M->145M(350M) 14.545ms
[407.744s][info][gc,cpu      ] GC(884) User=0.03s Sys=0.00s Real=0.01s
[407.744s][info][gc          ] GC(885) Concurrent Mark Cycle
[407.744s][info][gc,marking  ] GC(885) Concurrent Scan Root Regions
[407.754s][info][gc,marking  ] GC(885) Concurrent Scan Root Regions 10.109ms
[407.754s][info][gc,marking  ] GC(885) Concurrent Mark
[407.754s][info][gc,marking  ] GC(885) Concurrent Mark From Roots
[407.754s][info][gc,task     ] GC(885) Using 1 workers of 1 for marking
[407.784s][info][gc,marking  ] GC(885) Concurrent Mark From Roots 30.477ms
[407.784s][info][gc,marking  ] GC(885) Concurrent Preclean
[407.784s][info][gc,marking  ] GC(885) Concurrent Preclean 0.032ms
[407.784s][info][gc,start    ] GC(885) Pause Remark
[407.802s][info][gc          ] GC(885) Pause Remark 152M->64M(256M) 17.328ms
[407.802s][info][gc,cpu      ] GC(885) User=0.03s Sys=0.00s Real=0.02s
[407.802s][info][gc,marking  ] GC(885) Concurrent Mark 48.016ms
[407.802s][info][gc,marking  ] GC(885) Concurrent Rebuild Remembered Sets and Scrub Regions
[407.813s][info][gc,marking  ] GC(885) Concurrent Rebuild Remembered Sets and Scrub Regions 10.913ms
[407.813s][info][gc,start    ] GC(885) Pause Cleanup
[407.813s][info][gc          ] GC(885) Pause Cleanup 65M->65M(256M) 0.038ms
[407.813s][info][gc,cpu      ] GC(885) User=0.00s Sys=0.00s Real=0.00s
[407.813s][info][gc,marking  ] GC(885) Concurrent Clear Claimed Marks
[407.813s][info][gc,marking  ] GC(885) Concurrent Clear Claimed Marks 0.032ms
[407.813s][info][gc,marking  ] GC(885) Concurrent Cleanup for Next Mark
[407.814s][info][gc,marking  ] GC(885) Concurrent Cleanup for Next Mark 0.718ms
[407.814s][info][gc          ] GC(885) Concurrent Mark Cycle 70.109ms
[408.533s][info][gc,start    ] GC(886) Pause Young (Prepare Mixed) (G1 Evacuation Pause)
[408.534s][info][gc,task     ] GC(886) Using 2 workers of 2 for evacuation
[408.540s][info][gc,phases   ] GC(886)   Pre Evacuate Collection Set: 0.18ms
[408.540s][info][gc,phases   ] GC(886)   Merge Heap Roots: 0.07ms
[408.540s][info][gc,phases   ] GC(886)   Evacuate Collection Set: 6.21ms
[408.540s][info][gc,phases   ] GC(886)   Post Evacuate Collection Set: 0.37ms
[408.540s][info][gc,phases   ] GC(886)   Other: 0.07ms
[408.540s][info][gc,heap     ] GC(886) Eden regions: 136->0(151)
[408.540s][info][gc,heap     ] GC(886) Survivor regions: 17->2(20)
[408.540s][info][gc,heap     ] GC(886) Old regions: 39->48
[408.541s][info][gc,heap     ] GC(886) Humongous regions: 1->1
[408.541s][info][gc,metaspace] GC(886) Metaspace: 43036K(43392K)->43036K(43392K) NonClass: 40228K(40448K)->40228K(40448K) Class: 2808K(2944K)->2808K(2944K)
[408.541s][info][gc          ] GC(886) Pause Young (Prepare Mixed) (G1 Evacuation Pause) 193M->50M(256M) 7.058ms
[408.541s][info][gc,cpu      ] GC(886) User=0.01s Sys=0.00s Real=0.01s
[409.314s][info][gc,start    ] GC(887) Pause Young (Mixed) (G1 Evacuation Pause)
[409.314s][info][gc,task     ] GC(887) Using 2 workers of 2 for evacuation
[409.329s][info][gc,phases   ] GC(887)   Pre Evacuate Collection Set: 0.16ms
[409.329s][info][gc,phases   ] GC(887)   Merge Heap Roots: 0.07ms
[409.329s][info][gc,phases   ] GC(887)   Evacuate Collection Set: 13.90ms
[409.329s][info][gc,phases   ] GC(887)   Post Evacuate Collection Set: 0.37ms
[409.329s][info][gc,phases   ] GC(887)   Other: 0.07ms
[409.329s][info][gc,heap     ] GC(887) Eden regions: 151->0(139)
[409.329s][info][gc,heap     ] GC(887) Survivor regions: 2->14(20)
[409.329s][info][gc,heap     ] GC(887) Old regions: 48->45
[409.329s][info][gc,heap     ] GC(887) Humongous regions: 1->1
[409.329s][info][gc,metaspace] GC(887) Metaspace: 43036K(43392K)->43036K(43392K) NonClass: 40228K(40448K)->40228K(40448K) Class: 2808K(2944K)->2808K(2944K)
[409.329s][info][gc          ] GC(887) Pause Young (Mixed) (G1 Evacuation Pause) 201M->59M(256M) 14.763ms
[409.329s][info][gc,cpu      ] GC(887) User=0.03s Sys=0.00s Real=0.02s
[409.822s][info][gc,start    ] GC(888) Pause Young (Concurrent Start) (G1 Humongous Allocation)
[409.822s][info][gc,task     ] GC(888) Using 2 workers of 2 for evacuation
[409.841s][info][gc,phases   ] GC(888)   Pre Evacuate Collection Set: 0.17ms
[409.841s][info][gc,phases   ] GC(888)   Merge Heap Roots: 0.06ms
[409.841s][info][gc,phases   ] GC(888)   Evacuate Collection Set: 17.98ms
[409.841s][info][gc,phases   ] GC(888)   Post Evacuate Collection Set: 0.38ms
[409.841s][info][gc,phases   ] GC(888)   Other: 0.09ms
[409.841s][info][gc,heap     ] GC(888) Eden regions: 80->0(144)
[409.841s][info][gc,heap     ] GC(888) Survivor regions: 14->9(20)
[409.841s][info][gc,heap     ] GC(888) Old regions: 45->59
[409.841s][info][gc,heap     ] GC(888) Humongous regions: 1->1
[409.841s][info][gc,metaspace] GC(888) Metaspace: 43036K(43392K)->43036K(43392K) NonClass: 40228K(40448K)->40228K(40448K) Class: 2808K(2944K)->2808K(2944K)
[409.841s][info][gc          ] GC(888) Pause Young (Concurrent Start) (G1 Humongous Allocation) 139M->68M(256M) 18.843ms
[409.841s][info][gc          ] GC(889) Concurrent Mark Cycle
[409.841s][info][gc,marking  ] GC(889) Concurrent Scan Root Regions
[409.843s][info][gc,cpu      ] GC(888) User=0.03s Sys=0.00s Real=0.02s
[409.854s][info][gc,marking  ] GC(889) Concurrent Scan Root Regions 12.627ms
[409.854s][info][gc,marking  ] GC(889) Concurrent Mark
[409.854s][info][gc,marking  ] GC(889) Concurrent Mark From Roots
[409.854s][info][gc,task     ] GC(889) Using 1 workers of 1 for marking
[409.890s][info][gc,marking  ] GC(889) Concurrent Mark From Roots 36.549ms
[409.890s][info][gc,marking  ] GC(889) Concurrent Preclean
[409.890s][info][gc,marking  ] GC(889) Concurrent Preclean 0.032ms
[409.890s][info][gc,start    ] GC(889) Pause Remark
[409.906s][info][gc          ] GC(889) Pause Remark 79M->78M(256M) 15.801ms
[409.906s][info][gc,cpu      ] GC(889) User=0.04s Sys=0.00s Real=0.01s
[409.906s][info][gc,marking  ] GC(889) Concurrent Mark 52.624ms
[409.906s][info][gc,marking  ] GC(889) Concurrent Rebuild Remembered Sets and Scrub Regions
[409.929s][info][gc,marking  ] GC(889) Concurrent Rebuild Remembered Sets and Scrub Regions 23.071ms
[409.929s][info][gc,start    ] GC(889) Pause Cleanup
[409.929s][info][gc          ] GC(889) Pause Cleanup 82M->82M(256M) 0.038ms
[409.929s][info][gc,cpu      ] GC(889) User=0.00s Sys=0.00s Real=0.00s
[409.930s][info][gc,marking  ] GC(889) Concurrent Clear Claimed Marks
[409.930s][info][gc,marking  ] GC(889) Concurrent Clear Claimed Marks 0.035ms
[409.930s][info][gc,marking  ] GC(889) Concurrent Cleanup for Next Mark
[409.930s][info][gc,marking  ] GC(889) Concurrent Cleanup for Next Mark 0.741ms
[409.930s][info][gc          ] GC(889) Concurrent Mark Cycle 89.388ms
[410.648s][info][gc,start    ] GC(890) Pause Young (Prepare Mixed) (G1 Evacuation Pause)
[410.648s][info][gc,task     ] GC(890) Using 2 workers of 2 for evacuation
[410.664s][info][gc,phases   ] GC(890)   Pre Evacuate Collection Set: 0.15ms
[410.664s][info][gc,phases   ] GC(890)   Merge Heap Roots: 0.09ms
[410.664s][info][gc,phases   ] GC(890)   Evacuate Collection Set: 14.54ms
[410.664s][info][gc,phases   ] GC(890)   Post Evacuate Collection Set: 0.40ms
[410.664s][info][gc,phases   ] GC(890)   Other: 0.09ms
[410.664s][info][gc,heap     ] GC(890) Eden regions: 144->0(139)
[410.664s][info][gc,heap     ] GC(890) Survivor regions: 9->14(20)
[410.664s][info][gc,heap     ] GC(890) Old regions: 58->58
[410.664s][info][gc,heap     ] GC(890) Humongous regions: 2->2
[410.664s][info][gc,metaspace] GC(890) Metaspace: 43036K(43392K)->43036K(43392K) NonClass: 40228K(40448K)->40228K(40448K) Class: 2808K(2944K)->2808K(2944K)
[410.664s][info][gc          ] GC(890) Pause Young (Prepare Mixed) (G1 Evacuation Pause) 212M->73M(256M) 15.428ms
[410.664s][info][gc,cpu      ] GC(890) User=0.03s Sys=0.00s Real=0.01s
[411.375s][info][gc,start    ] GC(891) Pause Young (Mixed) (G1 Evacuation Pause)
[411.375s][info][gc,task     ] GC(891) Using 2 workers of 2 for evacuation
[411.401s][info][gc,phases   ] GC(891)   Pre Evacuate Collection Set: 0.17ms
[411.401s][info][gc,phases   ] GC(891)   Merge Heap Roots: 0.09ms
[411.401s][info][gc,phases   ] GC(891)   Evacuate Collection Set: 25.33ms
[411.401s][info][gc,phases   ] GC(891)   Post Evacuate Collection Set: 0.51ms
[411.401s][info][gc,phases   ] GC(891)   Other: 0.11ms
[411.401s][info][gc,heap     ] GC(891) Eden regions: 139->0(140)
[411.401s][info][gc,heap     ] GC(891) Survivor regions: 14->13(20)
[411.401s][info][gc,heap     ] GC(891) Old regions: 58->66
[411.401s][info][gc,heap     ] GC(891) Humongous regions: 2->2
[411.401s][info][gc,metaspace] GC(891) Metaspace: 43036K(43392K)->43036K(43392K) NonClass: 40228K(40448K)->40228K(40448K) Class: 2808K(2944K)->2808K(2944K)
[411.402s][info][gc          ] GC(891) Pause Young (Mixed) (G1 Evacuation Pause) 212M->81M(256M) 26.384ms
[411.402s][info][gc,cpu      ] GC(891) User=0.05s Sys=0.00s Real=0.03s
[411.442s][info][gc,start    ] GC(892) Pause Young (Concurrent Start) (G1 Humongous Allocation)
[411.442s][info][gc,task     ] GC(892) Using 2 workers of 2 for evacuation
[411.455s][info][gc,phases   ] GC(892)   Pre Evacuate Collection Set: 0.15ms
[411.455s][info][gc,phases   ] GC(892)   Merge Heap Roots: 0.05ms
[411.455s][info][gc,phases   ] GC(892)   Evacuate Collection Set: 13.05ms
[411.455s][info][gc,phases   ] GC(892)   Post Evacuate Collection Set: 0.31ms
[411.455s][info][gc,phases   ] GC(892)   Other: 0.09ms
[411.455s][info][gc,heap     ] GC(892) Eden regions: 12->0(130)
[411.456s][info][gc,heap     ] GC(892) Survivor regions: 13->6(20)
[411.456s][info][gc,heap     ] GC(892) Old regions: 66->79
[411.456s][info][gc,heap     ] GC(892) Humongous regions: 2->2
[411.456s][info][gc,metaspace] GC(892) Metaspace: 43036K(43392K)->43036K(43392K) NonClass: 40228K(40448K)->40228K(40448K) Class: 2808K(2944K)->2808K(2944K)
[411.456s][info][gc          ] GC(892) Pause Young (Concurrent Start) (G1 Humongous Allocation) 92M->86M(256M) 13.806ms
[411.456s][info][gc,cpu      ] GC(892) User=0.02s Sys=0.00s Real=0.01s
[411.456s][info][gc          ] GC(893) Concurrent Mark Cycle
[411.456s][info][gc,marking  ] GC(893) Concurrent Scan Root Regions
[411.470s][info][gc,marking  ] GC(893) Concurrent Scan Root Regions 14.680ms
[411.470s][info][gc,marking  ] GC(893) Concurrent Mark
[411.470s][info][gc,marking  ] GC(893) Concurrent Mark From Roots
[411.470s][info][gc,task     ] GC(893) Using 1 workers of 1 for marking
[411.504s][info][gc,marking  ] GC(893) Concurrent Mark From Roots 33.256ms
[411.504s][info][gc,marking  ] GC(893) Concurrent Preclean
[411.504s][info][gc,marking  ] GC(893) Concurrent Preclean 0.033ms
[411.504s][info][gc,start    ] GC(893) Pause Remark
[411.520s][info][gc          ] GC(893) Pause Remark 108M->98M(256M) 15.945ms
[411.520s][info][gc,cpu      ] GC(893) User=0.03s Sys=0.00s Real=0.02s
[411.520s][info][gc,marking  ] GC(893) Concurrent Mark 49.538ms
[411.520s][info][gc,marking  ] GC(893) Concurrent Rebuild Remembered Sets and Scrub Regions
[411.542s][info][gc,marking  ] GC(893) Concurrent Rebuild Remembered Sets and Scrub Regions 22.380ms
[411.542s][info][gc,start    ] GC(893) Pause Cleanup
[411.542s][info][gc          ] GC(893) Pause Cleanup 106M->106M(256M) 0.043ms
[411.542s][info][gc,cpu      ] GC(893) User=0.00s Sys=0.00s Real=0.00s
[411.542s][info][gc,marking  ] GC(893) Concurrent Clear Claimed Marks
[411.543s][info][gc,marking  ] GC(893) Concurrent Clear Claimed Marks 0.035ms
[411.543s][info][gc,marking  ] GC(893) Concurrent Cleanup for Next Mark
[411.543s][info][gc,marking  ] GC(893) Concurrent Cleanup for Next Mark 0.808ms
[411.543s][info][gc          ] GC(893) Concurrent Mark Cycle 87.781ms
[411.781s][info][gc,start    ] GC(894) Pause Young (Prepare Mixed) (G1 Evacuation Pause)
[411.781s][info][gc,task     ] GC(894) Using 2 workers of 2 for evacuation
[411.799s][info][gc,phases   ] GC(894)   Pre Evacuate Collection Set: 0.16ms
[411.799s][info][gc,phases   ] GC(894)   Merge Heap Roots: 0.08ms
[411.799s][info][gc,phases   ] GC(894)   Evacuate Collection Set: 17.02ms
[411.799s][info][gc,phases   ] GC(894)   Post Evacuate Collection Set: 0.40ms
[411.799s][info][gc,phases   ] GC(894)   Other: 0.09ms
[411.799s][info][gc,heap     ] GC(894) Eden regions: 130->0(126)
[411.799s][info][gc,heap     ] GC(894) Survivor regions: 6->17(17)
[411.799s][info][gc,heap     ] GC(894) Old regions: 70->70
[411.799s][info][gc,heap     ] GC(894) Humongous regions: 4->4
[411.799s][info][gc,metaspace] GC(894) Metaspace: 43036K(43392K)->43036K(43392K) NonClass: 40228K(40448K)->40228K(40448K) Class: 2808K(2944K)->2808K(2944K)
[411.799s][info][gc          ] GC(894) Pause Young (Prepare Mixed) (G1 Evacuation Pause) 209M->90M(256M) 17.968ms
[411.799s][info][gc,cpu      ] GC(894) User=0.04s Sys=0.00s Real=0.02s
[412.071s][info][gc,start    ] GC(895) Pause Young (Mixed) (G1 Evacuation Pause)
[412.071s][info][gc,task     ] GC(895) Using 2 workers of 2 for evacuation
[412.105s][info][gc,phases   ] GC(895)   Pre Evacuate Collection Set: 0.16ms
[412.105s][info][gc,phases   ] GC(895)   Merge Heap Roots: 0.17ms
[412.105s][info][gc,phases   ] GC(895)   Evacuate Collection Set: 33.34ms
[412.105s][info][gc,phases   ] GC(895)   Post Evacuate Collection Set: 0.49ms
[412.105s][info][gc,phases   ] GC(895)   Other: 0.08ms
[412.105s][info][gc,heap     ] GC(895) Eden regions: 126->0(131)
[412.105s][info][gc,heap     ] GC(895) Survivor regions: 17->16(18)
[412.105s][info][gc,heap     ] GC(895) Old regions: 70->64
[412.105s][info][gc,heap     ] GC(895) Humongous regions: 4->4
[412.105s][info][gc,metaspace] GC(895) Metaspace: 43036K(43392K)->43036K(43392K) NonClass: 40228K(40448K)->40228K(40448K) Class: 2808K(2944K)->2808K(2944K)
[412.105s][info][gc          ] GC(895) Pause Young (Mixed) (G1 Evacuation Pause) 216M->84M(256M) 34.428ms
[412.105s][info][gc,cpu      ] GC(895) User=0.07s Sys=0.00s Real=0.03s
[412.141s][info][gc,start    ] GC(896) Pause Young (Concurrent Start) (G1 Humongous Allocation)
[412.141s][info][gc,task     ] GC(896) Using 2 workers of 2 for evacuation
[412.155s][info][gc,phases   ] GC(896)   Pre Evacuate Collection Set: 0.14ms
[412.155s][info][gc,phases   ] GC(896)   Merge Heap Roots: 0.05ms
[412.155s][info][gc,phases   ] GC(896)   Evacuate Collection Set: 12.76ms
[412.155s][info][gc,phases   ] GC(896)   Post Evacuate Collection Set: 0.33ms
[412.155s][info][gc,phases   ] GC(896)   Other: 0.10ms
[412.155s][info][gc,heap     ] GC(896) Eden regions: 16->0(130)
[412.155s][info][gc,heap     ] GC(896) Survivor regions: 16->2(19)
[412.155s][info][gc,heap     ] GC(896) Old regions: 64->80
[412.155s][info][gc,heap     ] GC(896) Humongous regions: 4->4
[412.155s][info][gc,metaspace] GC(896) Metaspace: 43036K(43392K)->43036K(43392K) NonClass: 40228K(40448K)->40228K(40448K) Class: 2808K(2944K)->2808K(2944K)
[412.155s][info][gc          ] GC(896) Pause Young (Concurrent Start) (G1 Humongous Allocation) 100M->85M(256M) 13.548ms
[412.155s][info][gc,cpu      ] GC(896) User=0.03s Sys=0.00s Real=0.01s
[412.155s][info][gc          ] GC(897) Concurrent Mark Cycle
[412.155s][info][gc,marking  ] GC(897) Concurrent Scan Root Regions
[412.167s][info][gc,marking  ] GC(897) Concurrent Scan Root Regions 11.515ms
[412.167s][info][gc,marking  ] GC(897) Concurrent Mark
[412.167s][info][gc,marking  ] GC(897) Concurrent Mark From Roots
[412.167s][info][gc,task     ] GC(897) Using 1 workers of 1 for marking
[412.220s][info][gc,marking  ] GC(897) Concurrent Mark From Roots 53.595ms
[412.220s][info][gc,marking  ] GC(897) Concurrent Preclean
[412.220s][info][gc,marking  ] GC(897) Concurrent Preclean 0.035ms
[412.220s][info][gc,start    ] GC(897) Pause Remark
[412.237s][info][gc          ] GC(897) Pause Remark 111M->111M(256M) 17.082ms
[412.237s][info][gc,cpu      ] GC(897) User=0.04s Sys=0.00s Real=0.02s
[412.238s][info][gc,marking  ] GC(897) Concurrent Mark 70.978ms
[412.238s][info][gc,marking  ] GC(897) Concurrent Rebuild Remembered Sets and Scrub Regions
[412.273s][info][gc,marking  ] GC(897) Concurrent Rebuild Remembered Sets and Scrub Regions 35.175ms
[412.273s][info][gc,start    ] GC(897) Pause Cleanup
[412.273s][info][gc          ] GC(897) Pause Cleanup 126M->126M(256M) 0.042ms
[412.273s][info][gc,cpu      ] GC(897) User=0.00s Sys=0.00s Real=0.00s
[412.273s][info][gc,marking  ] GC(897) Concurrent Clear Claimed Marks
[412.273s][info][gc,marking  ] GC(897) Concurrent Clear Claimed Marks 0.034ms
[412.273s][info][gc,marking  ] GC(897) Concurrent Cleanup for Next Mark
[412.274s][info][gc,marking  ] GC(897) Concurrent Cleanup for Next Mark 0.735ms
[412.274s][info][gc          ] GC(897) Concurrent Mark Cycle 118.791ms
[412.467s][info][gc,start    ] GC(898) Pause Young (Prepare Mixed) (G1 Evacuation Pause)
[412.468s][info][gc,task     ] GC(898) Using 2 workers of 2 for evacuation
[412.489s][info][gc,phases   ] GC(898)   Pre Evacuate Collection Set: 0.17ms
[412.489s][info][gc,phases   ] GC(898)   Merge Heap Roots: 0.08ms
[412.489s][info][gc,phases   ] GC(898)   Evacuate Collection Set: 21.01ms
[412.489s][info][gc,phases   ] GC(898)   Post Evacuate Collection Set: 0.36ms
[412.489s][info][gc,phases   ] GC(898)   Other: 0.07ms
[412.489s][info][gc,heap     ] GC(898) Eden regions: 130->0(117)
[412.489s][info][gc,heap     ] GC(898) Survivor regions: 2->17(17)
[412.489s][info][gc,heap     ] GC(898) Old regions: 80->80
[412.489s][info][gc,heap     ] GC(898) Humongous regions: 6->6
[412.489s][info][gc,metaspace] GC(898) Metaspace: 43036K(43392K)->43036K(43392K) NonClass: 40228K(40448K)->40228K(40448K) Class: 2808K(2944K)->2808K(2944K)
[412.489s][info][gc          ] GC(898) Pause Young (Prepare Mixed) (G1 Evacuation Pause) 217M->103M(256M) 21.859ms
[412.489s][info][gc,cpu      ] GC(898) User=0.04s Sys=0.00s Real=0.02s
[412.742s][info][gc,start    ] GC(899) Pause Young (Mixed) (G1 Evacuation Pause)
[412.742s][info][gc,task     ] GC(899) Using 2 workers of 2 for evacuation
[412.777s][info][gc,phases   ] GC(899)   Pre Evacuate Collection Set: 0.16ms
[412.777s][info][gc,phases   ] GC(899)   Merge Heap Roots: 0.10ms
[412.777s][info][gc,phases   ] GC(899)   Evacuate Collection Set: 33.90ms
[412.777s][info][gc,phases   ] GC(899)   Post Evacuate Collection Set: 0.50ms
[412.777s][info][gc,phases   ] GC(899)   Other: 0.07ms
[412.777s][info][gc,heap     ] GC(899) Eden regions: 117->0(116)
[412.777s][info][gc,heap     ] GC(899) Survivor regions: 17->14(17)
[412.777s][info][gc,heap     ] GC(899) Old regions: 80->85
[412.777s][info][gc,heap     ] GC(899) Humongous regions: 6->6
[412.777s][info][gc,metaspace] GC(899) Metaspace: 43036K(43392K)->43036K(43392K) NonClass: 40228K(40448K)->40228K(40448K) Class: 2808K(2944K)->2808K(2944K)
[412.777s][info][gc          ] GC(899) Pause Young (Mixed) (G1 Evacuation Pause) 220M->104M(256M) 34.951ms
[412.777s][info][gc,cpu      ] GC(899) User=0.07s Sys=0.00s Real=0.04s
[412.840s][info][gc,start    ] GC(900) Pause Young (Concurrent Start) (G1 Humongous Allocation)
[412.840s][info][gc,task     ] GC(900) Using 2 workers of 2 for evacuation
[412.859s][info][gc,phases   ] GC(900)   Pre Evacuate Collection Set: 0.16ms
[412.859s][info][gc,phases   ] GC(900)   Merge Heap Roots: 0.06ms
[412.859s][info][gc,phases   ] GC(900)   Evacuate Collection Set: 16.91ms
[412.859s][info][gc,phases   ] GC(900)   Post Evacuate Collection Set: 1.03ms
[412.859s][info][gc,phases   ] GC(900)   Other: 0.13ms
[412.859s][info][gc,heap     ] GC(900) Eden regions: 27->0(194)
[412.859s][info][gc,heap     ] GC(900) Survivor regions: 14->4(17)
[412.859s][info][gc,heap     ] GC(900) Old regions: 85->98
[412.859s][info][gc,heap     ] GC(900) Humongous regions: 6->6
[412.859s][info][gc,metaspace] GC(900) Metaspace: 43036K(43392K)->43036K(43392K) NonClass: 40228K(40448K)->40228K(40448K) Class: 2808K(2944K)->2808K(2944K)
[412.859s][info][gc          ] GC(900) Pause Young (Concurrent Start) (G1 Humongous Allocation) 131M->107M(369M) 18.472ms
[412.859s][info][gc,cpu      ] GC(900) User=0.03s Sys=0.00s Real=0.02s
[412.859s][info][gc          ] GC(901) Concurrent Mark Cycle
[412.859s][info][gc,marking  ] GC(901) Concurrent Scan Root Regions
[412.873s][info][gc,marking  ] GC(901) Concurrent Scan Root Regions 13.989ms
[412.873s][info][gc,marking  ] GC(901) Concurrent Mark
[412.873s][info][gc,marking  ] GC(901) Concurrent Mark From Roots
[412.873s][info][gc,task     ] GC(901) Using 1 workers of 1 for marking
[412.970s][info][gc,marking  ] GC(901) Concurrent Mark From Roots 97.421ms
[412.970s][info][gc,marking  ] GC(901) Concurrent Preclean
[412.970s][info][gc,marking  ] GC(901) Concurrent Preclean 0.038ms
[412.970s][info][gc,start    ] GC(901) Pause Remark
[412.989s][info][gc          ] GC(901) Pause Remark 134M->133M(369M) 18.200ms
[412.989s][info][gc,cpu      ] GC(901) User=0.04s Sys=0.00s Real=0.02s
[412.989s][info][gc,marking  ] GC(901) Concurrent Mark 115.994ms
[412.989s][info][gc,marking  ] GC(901) Concurrent Rebuild Remembered Sets and Scrub Regions
[413.044s][info][gc,marking  ] GC(901) Concurrent Rebuild Remembered Sets and Scrub Regions 55.029ms
[413.044s][info][gc,start    ] GC(901) Pause Cleanup
[413.044s][info][gc          ] GC(901) Pause Cleanup 151M->151M(369M) 0.074ms
[413.044s][info][gc,cpu      ] GC(901) User=0.00s Sys=0.00s Real=0.00s
[413.044s][info][gc,marking  ] GC(901) Concurrent Clear Claimed Marks
[413.044s][info][gc,marking  ] GC(901) Concurrent Clear Claimed Marks 0.044ms
[413.044s][info][gc,marking  ] GC(901) Concurrent Cleanup for Next Mark
[413.046s][info][gc,marking  ] GC(901) Concurrent Cleanup for Next Mark 2.217ms
[413.046s][info][gc          ] GC(901) Concurrent Mark Cycle 187.680ms
[414.199s][info][gc,start    ] GC(902) Pause Young (Prepare Mixed) (G1 Evacuation Pause)
[414.199s][info][gc,task     ] GC(902) Using 2 workers of 2 for evacuation
[414.240s][info][gc,phases   ] GC(902)   Pre Evacuate Collection Set: 0.29ms
[414.240s][info][gc,phases   ] GC(902)   Merge Heap Roots: 0.20ms
[414.240s][info][gc,phases   ] GC(902)   Evacuate Collection Set: 39.77ms
[414.240s][info][gc,phases   ] GC(902)   Post Evacuate Collection Set: 0.47ms
[414.240s][info][gc,phases   ] GC(902)   Other: 0.09ms
[414.240s][info][gc,heap     ] GC(902) Eden regions: 194->0(170)
[414.240s][info][gc,heap     ] GC(902) Survivor regions: 4->25(25)
[414.240s][info][gc,heap     ] GC(902) Old regions: 98->101
[414.240s][info][gc,heap     ] GC(902) Humongous regions: 17->17
[414.240s][info][gc,metaspace] GC(902) Metaspace: 43036K(43392K)->43036K(43392K) NonClass: 40228K(40448K)->40228K(40448K) Class: 2808K(2944K)->2808K(2944K)
[414.240s][info][gc          ] GC(902) Pause Young (Prepare Mixed) (G1 Evacuation Pause) 312M->142M(369M) 41.003ms
[414.240s][info][gc,cpu      ] GC(902) User=0.08s Sys=0.00s Real=0.04s
[414.936s][info][gc,start    ] GC(903) Pause Young (Mixed) (G1 Evacuation Pause)
[414.936s][info][gc,task     ] GC(903) Using 2 workers of 2 for evacuation
[414.976s][info][gc,phases   ] GC(903)   Pre Evacuate Collection Set: 0.30ms
[414.976s][info][gc,phases   ] GC(903)   Merge Heap Roots: 0.20ms
[414.976s][info][gc,phases   ] GC(903)   Evacuate Collection Set: 38.72ms
[414.976s][info][gc,phases   ] GC(903)   Post Evacuate Collection Set: 0.41ms
[414.976s][info][gc,phases   ] GC(903)   Other: 0.07ms
[414.976s][info][gc,heap     ] GC(903) Eden regions: 170->0(173)
[414.976s][info][gc,heap     ] GC(903) Survivor regions: 25->7(25)
[414.976s][info][gc,heap     ] GC(903) Old regions: 101->122
[414.976s][info][gc,heap     ] GC(903) Humongous regions: 17->15
[414.976s][info][gc,metaspace] GC(903) Metaspace: 43036K(43392K)->43036K(43392K) NonClass: 40228K(40448K)->40228K(40448K) Class: 2808K(2944K)->2808K(2944K)
[414.976s][info][gc          ] GC(903) Pause Young (Mixed) (G1 Evacuation Pause) 312M->144M(369M) 39.895ms
[414.976s][info][gc,cpu      ] GC(903) User=0.08s Sys=0.00s Real=0.04s
[415.780s][info][gc,start    ] GC(904) Pause Young (Concurrent Start) (G1 Evacuation Pause)
[415.781s][info][gc,task     ] GC(904) Using 2 workers of 2 for evacuation
[415.794s][info][gc,phases   ] GC(904)   Pre Evacuate Collection Set: 0.24ms
[415.794s][info][gc,phases   ] GC(904)   Merge Heap Roots: 0.06ms
[415.794s][info][gc,phases   ] GC(904)   Evacuate Collection Set: 12.62ms
[415.794s][info][gc,phases   ] GC(904)   Post Evacuate Collection Set: 0.43ms
[415.794s][info][gc,phases   ] GC(904)   Other: 0.10ms
[415.794s][info][gc,heap     ] GC(904) Eden regions: 173->0(170)
[415.794s][info][gc,heap     ] GC(904) Survivor regions: 7->16(23)
[415.794s][info][gc,heap     ] GC(904) Old regions: 122->122
[415.794s][info][gc,heap     ] GC(904) Humongous regions: 15->15
[415.794s][info][gc,metaspace] GC(904) Metaspace: 43036K(43392K)->43036K(43392K) NonClass: 40228K(40448K)->40228K(40448K) Class: 2808K(2944K)->2808K(2944K)
[415.794s][info][gc          ] GC(904) Pause Young (Concurrent Start) (G1 Evacuation Pause) 317M->152M(369M) 13.660ms
[415.794s][info][gc,cpu      ] GC(904) User=0.03s Sys=0.00s Real=0.01s
[415.794s][info][gc          ] GC(905) Concurrent Mark Cycle
[415.794s][info][gc,marking  ] GC(905) Concurrent Scan Root Regions
[415.805s][info][gc,marking  ] GC(905) Concurrent Scan Root Regions 11.211ms
[415.805s][info][gc,marking  ] GC(905) Concurrent Mark
[415.805s][info][gc,marking  ] GC(905) Concurrent Mark From Roots
[415.805s][info][gc,task     ] GC(905) Using 1 workers of 1 for marking
[415.841s][info][gc,marking  ] GC(905) Concurrent Mark From Roots 35.751ms
[415.841s][info][gc,marking  ] GC(905) Concurrent Preclean
[415.841s][info][gc,marking  ] GC(905) Concurrent Preclean 0.033ms
[415.841s][info][gc,start    ] GC(905) Pause Remark
[415.857s][info][gc          ] GC(905) Pause Remark 154M->59M(256M) 16.005ms
[415.857s][info][gc,cpu      ] GC(905) User=0.03s Sys=0.00s Real=0.02s
[415.857s][info][gc,marking  ] GC(905) Concurrent Mark 52.038ms
[415.857s][info][gc,marking  ] GC(905) Concurrent Rebuild Remembered Sets and Scrub Regions
[415.870s][info][gc,marking  ] GC(905) Concurrent Rebuild Remembered Sets and Scrub Regions 12.458ms
[415.870s][info][gc,start    ] GC(905) Pause Cleanup
[415.870s][info][gc          ] GC(905) Pause Cleanup 61M->61M(256M) 0.052ms
[415.870s][info][gc,cpu      ] GC(905) User=0.00s Sys=0.00s Real=0.00s
[415.870s][info][gc,marking  ] GC(905) Concurrent Clear Claimed Marks
[415.870s][info][gc,marking  ] GC(905) Concurrent Clear Claimed Marks 0.035ms
[415.870s][info][gc,marking  ] GC(905) Concurrent Cleanup for Next Mark
[415.871s][info][gc,marking  ] GC(905) Concurrent Cleanup for Next Mark 0.741ms
[415.871s][info][gc          ] GC(905) Concurrent Mark Cycle 76.799ms
[416.587s][info][gc,start    ] GC(906) Pause Young (Prepare Mixed) (G1 Evacuation Pause)
[416.587s][info][gc,task     ] GC(906) Using 2 workers of 2 for evacuation
[416.593s][info][gc,phases   ] GC(906)   Pre Evacuate Collection Set: 0.18ms
[416.593s][info][gc,phases   ] GC(906)   Merge Heap Roots: 0.06ms
[416.593s][info][gc,phases   ] GC(906)   Evacuate Collection Set: 5.48ms
[416.593s][info][gc,phases   ] GC(906)   Post Evacuate Collection Set: 0.38ms
[416.593s][info][gc,phases   ] GC(906)   Other: 0.07ms
[416.593s][info][gc,heap     ] GC(906) Eden regions: 137->0(150)
[416.593s][info][gc,heap     ] GC(906) Survivor regions: 16->3(20)
[416.593s][info][gc,heap     ] GC(906) Old regions: 41->47
[416.593s][info][gc,heap     ] GC(906) Humongous regions: 1->1
[416.593s][info][gc,metaspace] GC(906) Metaspace: 43036K(43392K)->43036K(43392K) NonClass: 40228K(40448K)->40228K(40448K) Class: 2808K(2944K)->2808K(2944K)
[416.593s][info][gc          ] GC(906) Pause Young (Prepare Mixed) (G1 Evacuation Pause) 194M->50M(256M) 6.339ms
[416.593s][info][gc,cpu      ] GC(906) User=0.01s Sys=0.00s Real=0.00s
[417.361s][info][gc,start    ] GC(907) Pause Young (Mixed) (G1 Evacuation Pause)
[417.361s][info][gc,task     ] GC(907) Using 2 workers of 2 for evacuation
[417.377s][info][gc,phases   ] GC(907)   Pre Evacuate Collection Set: 0.16ms
[417.378s][info][gc,phases   ] GC(907)   Merge Heap Roots: 0.06ms
[417.378s][info][gc,phases   ] GC(907)   Evacuate Collection Set: 15.73ms
[417.378s][info][gc,phases   ] GC(907)   Post Evacuate Collection Set: 0.36ms
[417.378s][info][gc,phases   ] GC(907)   Other: 0.08ms
[417.378s][info][gc,heap     ] GC(907) Eden regions: 150->0(136)
[417.378s][info][gc,heap     ] GC(907) Survivor regions: 3->17(20)
[417.378s][info][gc,heap     ] GC(907) Old regions: 47->43
[417.378s][info][gc,heap     ] GC(907) Humongous regions: 1->1
[417.378s][info][gc,metaspace] GC(907) Metaspace: 43036K(43392K)->43036K(43392K) NonClass: 40228K(40448K)->40228K(40448K) Class: 2808K(2944K)->2808K(2944K)
[417.378s][info][gc          ] GC(907) Pause Young (Mixed) (G1 Evacuation Pause) 200M->61M(256M) 16.602ms
[417.378s][info][gc,cpu      ] GC(907) User=0.03s Sys=0.00s Real=0.02s
[417.975s][info][gc,start    ] GC(908) Pause Young (Concurrent Start) (G1 Humongous Allocation)
[417.975s][info][gc,task     ] GC(908) Using 2 workers of 2 for evacuation
[417.998s][info][gc,phases   ] GC(908)   Pre Evacuate Collection Set: 0.18ms
[417.998s][info][gc,phases   ] GC(908)   Merge Heap Roots: 0.06ms
[417.998s][info][gc,phases   ] GC(908)   Evacuate Collection Set: 22.25ms
[417.998s][info][gc,phases   ] GC(908)   Post Evacuate Collection Set: 0.41ms
[417.998s][info][gc,phases   ] GC(908)   Other: 0.08ms
[417.998s][info][gc,heap     ] GC(908) Eden regions: 105->0(142)
[417.998s][info][gc,heap     ] GC(908) Survivor regions: 17->11(20)
[417.998s][info][gc,heap     ] GC(908) Old regions: 43->61
[417.998s][info][gc,heap     ] GC(908) Humongous regions: 1->1
[417.998s][info][gc,metaspace] GC(908) Metaspace: 43036K(43392K)->43036K(43392K) NonClass: 40228K(40448K)->40228K(40448K) Class: 2808K(2944K)->2808K(2944K)
[417.998s][info][gc          ] GC(908) Pause Young (Concurrent Start) (G1 Humongous Allocation) 165M->72M(256M) 23.165ms
[417.998s][info][gc,cpu      ] GC(908) User=0.04s Sys=0.00s Real=0.03s
[417.998s][info][gc          ] GC(909) Concurrent Mark Cycle
[417.998s][info][gc,marking  ] GC(909) Concurrent Scan Root Regions
[418.014s][info][gc,marking  ] GC(909) Concurrent Scan Root Regions 16.192ms
[418.014s][info][gc,marking  ] GC(909) Concurrent Mark
[418.014s][info][gc,marking  ] GC(909) Concurrent Mark From Roots
[418.014s][info][gc,task     ] GC(909) Using 1 workers of 1 for marking
[418.053s][info][gc,marking  ] GC(909) Concurrent Mark From Roots 38.593ms
[418.053s][info][gc,marking  ] GC(909) Concurrent Preclean
[418.053s][info][gc,marking  ] GC(909) Concurrent Preclean 0.034ms
[418.053s][info][gc,start    ] GC(909) Pause Remark
[418.069s][info][gc          ] GC(909) Pause Remark 84M->84M(256M) 15.877ms
[418.069s][info][gc,cpu      ] GC(909) User=0.03s Sys=0.00s Real=0.02s
[418.069s][info][gc,marking  ] GC(909) Concurrent Mark 54.765ms
[418.069s][info][gc,marking  ] GC(909) Concurrent Rebuild Remembered Sets and Scrub Regions
[418.095s][info][gc,marking  ] GC(909) Concurrent Rebuild Remembered Sets and Scrub Regions 25.586ms
[418.095s][info][gc,start    ] GC(909) Pause Cleanup
[418.095s][info][gc          ] GC(909) Pause Cleanup 89M->89M(256M) 0.038ms
[418.095s][info][gc,cpu      ] GC(909) User=0.00s Sys=0.00s Real=0.00s
[418.095s][info][gc,marking  ] GC(909) Concurrent Clear Claimed Marks
[418.095s][info][gc,marking  ] GC(909) Concurrent Clear Claimed Marks 0.036ms
[418.095s][info][gc,marking  ] GC(909) Concurrent Cleanup for Next Mark
[418.096s][info][gc,marking  ] GC(909) Concurrent Cleanup for Next Mark 0.763ms
[418.096s][info][gc          ] GC(909) Concurrent Mark Cycle 97.662ms
[418.771s][info][gc,start    ] GC(910) Pause Young (Prepare Mixed) (G1 Evacuation Pause)
[418.771s][info][gc,task     ] GC(910) Using 2 workers of 2 for evacuation
[418.787s][info][gc,phases   ] GC(910)   Pre Evacuate Collection Set: 0.15ms
[418.787s][info][gc,phases   ] GC(910)   Merge Heap Roots: 0.11ms
[418.787s][info][gc,phases   ] GC(910)   Evacuate Collection Set: 15.33ms
[418.787s][info][gc,phases   ] GC(910)   Post Evacuate Collection Set: 0.39ms
[418.787s][info][gc,phases   ] GC(910)   Other: 0.07ms
[418.787s][info][gc,heap     ] GC(910) Eden regions: 142->0(139)
[418.787s][info][gc,heap     ] GC(910) Survivor regions: 11->14(20)
[418.787s][info][gc,heap     ] GC(910) Old regions: 61->64
[418.787s][info][gc,heap     ] GC(910) Humongous regions: 2->2
[418.787s][info][gc,metaspace] GC(910) Metaspace: 43036K(43392K)->43036K(43392K) NonClass: 40228K(40448K)->40228K(40448K) Class: 2808K(2944K)->2808K(2944K)
[418.787s][info][gc          ] GC(910) Pause Young (Prepare Mixed) (G1 Evacuation Pause) 215M->79M(256M) 16.229ms
[418.787s][info][gc,cpu      ] GC(910) User=0.03s Sys=0.00s Real=0.02s
[419.455s][info][gc,start    ] GC(911) Pause Young (Mixed) (G1 Evacuation Pause)
[419.455s][info][gc,task     ] GC(911) Using 2 workers of 2 for evacuation
[419.483s][info][gc,phases   ] GC(911)   Pre Evacuate Collection Set: 0.17ms
[419.483s][info][gc,phases   ] GC(911)   Merge Heap Roots: 0.12ms
[419.483s][info][gc,phases   ] GC(911)   Evacuate Collection Set: 26.82ms
[419.483s][info][gc,phases   ] GC(911)   Post Evacuate Collection Set: 0.42ms
[419.483s][info][gc,phases   ] GC(911)   Other: 0.07ms
[419.483s][info][gc,heap     ] GC(911) Eden regions: 139->0(129)
[419.483s][info][gc,heap     ] GC(911) Survivor regions: 14->16(20)
[419.483s][info][gc,heap     ] GC(911) Old regions: 64->74
[419.483s][info][gc,heap     ] GC(911) Humongous regions: 2->2
[419.483s][info][gc,metaspace] GC(911) Metaspace: 43036K(43392K)->43036K(43392K) NonClass: 40228K(40448K)->40228K(40448K) Class: 2808K(2944K)->2808K(2944K)
[419.483s][info][gc          ] GC(911) Pause Young (Mixed) (G1 Evacuation Pause) 218M->91M(256M) 27.804ms
[419.483s][info][gc,cpu      ] GC(911) User=0.05s Sys=0.00s Real=0.03s
[419.492s][info][gc,start    ] GC(912) Pause Young (Concurrent Start) (G1 Humongous Allocation)
[419.492s][info][gc,task     ] GC(912) Using 2 workers of 2 for evacuation
[419.504s][info][gc,phases   ] GC(912)   Pre Evacuate Collection Set: 0.15ms
[419.504s][info][gc,phases   ] GC(912)   Merge Heap Roots: 0.06ms
[419.504s][info][gc,phases   ] GC(912)   Evacuate Collection Set: 10.65ms
[419.504s][info][gc,phases   ] GC(912)   Post Evacuate Collection Set: 0.27ms
[419.504s][info][gc,phases   ] GC(912)   Other: 0.07ms
[419.504s][info][gc,heap     ] GC(912) Eden regions: 2->0(127)
[419.504s][info][gc,heap     ] GC(912) Survivor regions: 16->1(19)
[419.504s][info][gc,heap     ] GC(912) Old regions: 74->89
[419.504s][info][gc,heap     ] GC(912) Humongous regions: 2->2
[419.504s][info][gc,metaspace] GC(912) Metaspace: 43036K(43392K)->43036K(43392K) NonClass: 40228K(40448K)->40228K(40448K) Class: 2808K(2944K)->2808K(2944K)
[419.504s][info][gc          ] GC(912) Pause Young (Concurrent Start) (G1 Humongous Allocation) 92M->91M(256M) 11.361ms
[419.504s][info][gc,cpu      ] GC(912) User=0.03s Sys=0.00s Real=0.01s
[419.504s][info][gc          ] GC(913) Concurrent Mark Cycle
[419.504s][info][gc,marking  ] GC(913) Concurrent Scan Root Regions
[419.515s][info][gc,marking  ] GC(913) Concurrent Scan Root Regions 11.065ms
[419.515s][info][gc,marking  ] GC(913) Concurrent Mark
[419.515s][info][gc,marking  ] GC(913) Concurrent Mark From Roots
[419.515s][info][gc,task     ] GC(913) Using 1 workers of 1 for marking
[419.550s][info][gc,marking  ] GC(913) Concurrent Mark From Roots 35.348ms
[419.550s][info][gc,marking  ] GC(913) Concurrent Preclean
[419.550s][info][gc,marking  ] GC(913) Concurrent Preclean 0.032ms
[419.550s][info][gc,start    ] GC(913) Pause Remark
[419.566s][info][gc          ] GC(913) Pause Remark 100M->86M(256M) 15.769ms
[419.566s][info][gc,cpu      ] GC(913) User=0.03s Sys=0.00s Real=0.01s
[419.566s][info][gc,marking  ] GC(913) Concurrent Mark 51.422ms
[419.566s][info][gc,marking  ] GC(913) Concurrent Rebuild Remembered Sets and Scrub Regions
[419.590s][info][gc,marking  ] GC(913) Concurrent Rebuild Remembered Sets and Scrub Regions 23.980ms
[419.591s][info][gc,start    ] GC(913) Pause Cleanup
[419.591s][info][gc          ] GC(913) Pause Cleanup 86M->86M(256M) 0.056ms
[419.591s][info][gc,cpu      ] GC(913) User=0.00s Sys=0.00s Real=0.00s
[419.591s][info][gc,marking  ] GC(913) Concurrent Clear Claimed Marks
[419.591s][info][gc,marking  ] GC(913) Concurrent Clear Claimed Marks 0.058ms
[419.591s][info][gc,marking  ] GC(913) Concurrent Cleanup for Next Mark
[419.591s][info][gc,marking  ] GC(913) Concurrent Cleanup for Next Mark 0.729ms
[419.591s][info][gc          ] GC(913) Concurrent Mark Cycle 87.652ms
[420.096s][info][gc,start    ] GC(914) Pause Young (Prepare Mixed) (G1 Evacuation Pause)
[420.096s][info][gc,task     ] GC(914) Using 2 workers of 2 for evacuation
[420.098s][info][gc,phases   ] GC(914)   Pre Evacuate Collection Set: 0.17ms
[420.098s][info][gc,phases   ] GC(914)   Merge Heap Roots: 0.05ms
[420.098s][info][gc,phases   ] GC(914)   Evacuate Collection Set: 1.87ms
[420.098s][info][gc,phases   ] GC(914)   Post Evacuate Collection Set: 0.35ms
[420.098s][info][gc,phases   ] GC(914)   Other: 0.07ms
[420.098s][info][gc,heap     ] GC(914) Eden regions: 127->0(141)
[420.098s][info][gc,heap     ] GC(914) Survivor regions: 1->2(16)
[420.098s][info][gc,heap     ] GC(914) Old regions: 76->76
[420.098s][info][gc,heap     ] GC(914) Humongous regions: 13->3
[420.098s][info][gc,metaspace] GC(914) Metaspace: 43038K(43392K)->43038K(43392K) NonClass: 40230K(40448K)->40230K(40448K) Class: 2808K(2944K)->2808K(2944K)
[420.098s][info][gc          ] GC(914) Pause Young (Prepare Mixed) (G1 Evacuation Pause) 216M->80M(256M) 2.727ms
[420.098s][info][gc,cpu      ] GC(914) User=0.00s Sys=0.00s Real=0.01s
[420.618s][info][gc,start    ] GC(915) Pause Young (Mixed) (G1 Evacuation Pause)
[420.618s][info][gc,task     ] GC(915) Using 2 workers of 2 for evacuation
[420.632s][info][gc,phases   ] GC(915)   Pre Evacuate Collection Set: 0.17ms
[420.632s][info][gc,phases   ] GC(915)   Merge Heap Roots: 0.16ms
[420.632s][info][gc,phases   ] GC(915)   Evacuate Collection Set: 13.47ms
[420.632s][info][gc,phases   ] GC(915)   Post Evacuate Collection Set: 0.47ms
[420.632s][info][gc,phases   ] GC(915)   Other: 0.10ms
[420.632s][info][gc,heap     ] GC(915) Eden regions: 141->0(141)
[420.632s][info][gc,heap     ] GC(915) Survivor regions: 2->12(18)
[420.632s][info][gc,heap     ] GC(915) Old regions: 76->52
[420.632s][info][gc,heap     ] GC(915) Humongous regions: 12->3
[420.632s][info][gc,metaspace] GC(915) Metaspace: 43039K(43392K)->43039K(43392K) NonClass: 40230K(40448K)->40230K(40448K) Class: 2808K(2944K)->2808K(2944K)
[420.632s][info][gc          ] GC(915) Pause Young (Mixed) (G1 Evacuation Pause) 230M->66M(256M) 14.538ms
[420.632s][info][gc,cpu      ] GC(915) User=0.03s Sys=0.00s Real=0.01s
[420.741s][info][gc,start    ] GC(916) Pause Young (Concurrent Start) (G1 Humongous Allocation)
[420.741s][info][gc,task     ] GC(916) Using 2 workers of 2 for evacuation
[420.752s][info][gc,phases   ] GC(916)   Pre Evacuate Collection Set: 0.19ms
[420.752s][info][gc,phases   ] GC(916)   Merge Heap Roots: 0.05ms
[420.752s][info][gc,phases   ] GC(916)   Evacuate Collection Set: 10.32ms
[420.752s][info][gc,phases   ] GC(916)   Post Evacuate Collection Set: 0.32ms
[420.752s][info][gc,phases   ] GC(916)   Other: 0.10ms
[420.752s][info][gc,heap     ] GC(916) Eden regions: 28->0(148)
[420.752s][info][gc,heap     ] GC(916) Survivor regions: 12->5(20)
[420.752s][info][gc,heap     ] GC(916) Old regions: 52->60
[420.752s][info][gc,heap     ] GC(916) Humongous regions: 3->3
[420.752s][info][gc,metaspace] GC(916) Metaspace: 43039K(43392K)->43039K(43392K) NonClass: 40230K(40448K)->40230K(40448K) Class: 2808K(2944K)->2808K(2944K)
[420.752s][info][gc          ] GC(916) Pause Young (Concurrent Start) (G1 Humongous Allocation) 94M->67M(256M) 11.136ms
[420.752s][info][gc,cpu      ] GC(916) User=0.02s Sys=0.00s Real=0.01s
[420.752s][info][gc          ] GC(917) Concurrent Mark Cycle
[420.752s][info][gc,marking  ] GC(917) Concurrent Scan Root Regions
[420.760s][info][gc,marking  ] GC(917) Concurrent Scan Root Regions 7.995ms
[420.760s][info][gc,marking  ] GC(917) Concurrent Mark
[420.760s][info][gc,marking  ] GC(917) Concurrent Mark From Roots
[420.760s][info][gc,task     ] GC(917) Using 1 workers of 1 for marking
[420.817s][info][gc,marking  ] GC(917) Concurrent Mark From Roots 56.681ms
[420.817s][info][gc,marking  ] GC(917) Concurrent Preclean
[420.817s][info][gc,marking  ] GC(917) Concurrent Preclean 0.070ms
[420.817s][info][gc,start    ] GC(917) Pause Remark
[420.833s][info][gc          ] GC(917) Pause Remark 83M->79M(256M) 15.854ms
[420.833s][info][gc,cpu      ] GC(917) User=0.03s Sys=0.00s Real=0.01s
[420.833s][info][gc,marking  ] GC(917) Concurrent Mark 72.886ms
[420.833s][info][gc,marking  ] GC(917) Concurrent Rebuild Remembered Sets and Scrub Regions
[420.855s][info][gc,marking  ] GC(917) Concurrent Rebuild Remembered Sets and Scrub Regions 21.858ms
[420.855s][info][gc,start    ] GC(917) Pause Cleanup
[420.855s][info][gc          ] GC(917) Pause Cleanup 83M->83M(256M) 0.053ms
[420.855s][info][gc,cpu      ] GC(917) User=0.00s Sys=0.00s Real=0.00s
[420.855s][info][gc,marking  ] GC(917) Concurrent Clear Claimed Marks
[420.855s][info][gc,marking  ] GC(917) Concurrent Clear Claimed Marks 0.040ms
[420.855s][info][gc,marking  ] GC(917) Concurrent Cleanup for Next Mark
[420.856s][info][gc,marking  ] GC(917) Concurrent Cleanup for Next Mark 0.769ms
[420.856s][info][gc          ] GC(917) Concurrent Mark Cycle 103.901ms
[421.337s][info][gc,start    ] GC(918) Pause Young (Prepare Mixed) (G1 Evacuation Pause)
[421.337s][info][gc,task     ] GC(918) Using 2 workers of 2 for evacuation
[421.347s][info][gc,phases   ] GC(918)   Pre Evacuate Collection Set: 0.15ms
[421.347s][info][gc,phases   ] GC(918)   Merge Heap Roots: 0.09ms
[421.347s][info][gc,phases   ] GC(918)   Evacuate Collection Set: 8.69ms
[421.347s][info][gc,phases   ] GC(918)   Post Evacuate Collection Set: 0.40ms
[421.347s][info][gc,phases   ] GC(918)   Other: 0.07ms
[421.347s][info][gc,heap     ] GC(918) Eden regions: 148->0(143)
[421.347s][info][gc,heap     ] GC(918) Survivor regions: 5->10(20)
[421.347s][info][gc,heap     ] GC(918) Old regions: 56->56
[421.347s][info][gc,heap     ] GC(918) Humongous regions: 12->3
[421.347s][info][gc,metaspace] GC(918) Metaspace: 43039K(43392K)->43039K(43392K) NonClass: 40231K(40448K)->40231K(40448K) Class: 2808K(2944K)->2808K(2944K)
[421.347s][info][gc          ] GC(918) Pause Young (Prepare Mixed) (G1 Evacuation Pause) 220M->69M(256M) 9.581ms
[421.347s][info][gc,cpu      ] GC(918) User=0.02s Sys=0.00s Real=0.01s
[421.948s][info][gc,start    ] GC(919) Pause Young (Mixed) (G1 Evacuation Pause)
[421.948s][info][gc,task     ] GC(919) Using 2 workers of 2 for evacuation
[421.980s][info][gc,phases   ] GC(919)   Pre Evacuate Collection Set: 0.18ms
[421.980s][info][gc,phases   ] GC(919)   Merge Heap Roots: 0.09ms
[421.980s][info][gc,phases   ] GC(919)   Evacuate Collection Set: 30.83ms
[421.980s][info][gc,phases   ] GC(919)   Post Evacuate Collection Set: 0.58ms
[421.980s][info][gc,phases   ] GC(919)   Other: 0.07ms
[421.980s][info][gc,heap     ] GC(919) Eden regions: 143->0(133)
[421.980s][info][gc,heap     ] GC(919) Survivor regions: 10->20(20)
[421.980s][info][gc,heap     ] GC(919) Old regions: 56->60
[421.980s][info][gc,heap     ] GC(919) Humongous regions: 5->3
[421.980s][info][gc,metaspace] GC(919) Metaspace: 43039K(43392K)->43039K(43392K) NonClass: 40231K(40448K)->40231K(40448K) Class: 2808K(2944K)->2808K(2944K)
[421.980s][info][gc          ] GC(919) Pause Young (Mixed) (G1 Evacuation Pause) 214M->83M(256M) 31.917ms
[421.980s][info][gc,cpu      ] GC(919) User=0.06s Sys=0.00s Real=0.03s
[422.210s][info][gc,start    ] GC(920) Pause Young (Concurrent Start) (G1 Humongous Allocation)
[422.210s][info][gc,task     ] GC(920) Using 2 workers of 2 for evacuation
[422.241s][info][gc,phases   ] GC(920)   Pre Evacuate Collection Set: 0.17ms
[422.241s][info][gc,phases   ] GC(920)   Merge Heap Roots: 0.28ms
[422.241s][info][gc,phases   ] GC(920)   Evacuate Collection Set: 30.27ms
[422.241s][info][gc,phases   ] GC(920)   Post Evacuate Collection Set: 0.37ms
[422.241s][info][gc,phases   ] GC(920)   Other: 0.11ms
[422.241s][info][gc,heap     ] GC(920) Eden regions: 56->0(129)
[422.241s][info][gc,heap     ] GC(920) Survivor regions: 20->7(20)
[422.241s][info][gc,heap     ] GC(920) Old regions: 60->77
[422.241s][info][gc,heap     ] GC(920) Humongous regions: 3->1
[422.241s][info][gc,metaspace] GC(920) Metaspace: 43039K(43392K)->43039K(43392K) NonClass: 40231K(40448K)->40231K(40448K) Class: 2808K(2944K)->2808K(2944K)
[422.241s][info][gc          ] GC(920) Pause Young (Concurrent Start) (G1 Humongous Allocation) 139M->84M(256M) 31.364ms
[422.241s][info][gc          ] GC(921) Concurrent Mark Cycle
[422.241s][info][gc,marking  ] GC(921) Concurrent Scan Root Regions
[422.241s][info][gc,cpu      ] GC(920) User=0.05s Sys=0.00s Real=0.03s
[422.257s][info][gc,marking  ] GC(921) Concurrent Scan Root Regions 15.930ms
[422.257s][info][gc,marking  ] GC(921) Concurrent Mark
[422.257s][info][gc,marking  ] GC(921) Concurrent Mark From Roots
[422.257s][info][gc,task     ] GC(921) Using 1 workers of 1 for marking
[422.320s][info][gc,marking  ] GC(921) Concurrent Mark From Roots 62.609ms
[422.320s][info][gc,marking  ] GC(921) Concurrent Preclean
[422.320s][info][gc,marking  ] GC(921) Concurrent Preclean 0.039ms
[422.320s][info][gc,start    ] GC(921) Pause Remark
[422.336s][info][gc          ] GC(921) Pause Remark 107M->107M(256M) 16.191ms
[422.336s][info][gc,cpu      ] GC(921) User=0.04s Sys=0.00s Real=0.01s
[422.336s][info][gc,marking  ] GC(921) Concurrent Mark 79.094ms
[422.336s][info][gc,marking  ] GC(921) Concurrent Rebuild Remembered Sets and Scrub Regions
[422.371s][info][gc,marking  ] GC(921) Concurrent Rebuild Remembered Sets and Scrub Regions 34.971ms
[422.372s][info][gc,start    ] GC(921) Pause Cleanup
[422.372s][info][gc          ] GC(921) Pause Cleanup 117M->117M(256M) 0.044ms
[422.372s][info][gc,cpu      ] GC(921) User=0.00s Sys=0.00s Real=0.00s
[422.372s][info][gc,marking  ] GC(921) Concurrent Clear Claimed Marks
[422.372s][info][gc,marking  ] GC(921) Concurrent Clear Claimed Marks 0.052ms
[422.372s][info][gc,marking  ] GC(921) Concurrent Cleanup for Next Mark
[422.372s][info][gc,marking  ] GC(921) Concurrent Cleanup for Next Mark 0.759ms
[422.372s][info][gc          ] GC(921) Concurrent Mark Cycle 131.102ms
[422.697s][info][gc,start    ] GC(922) Pause Young (Prepare Mixed) (G1 Evacuation Pause)
[422.697s][info][gc,task     ] GC(922) Using 2 workers of 2 for evacuation
[422.709s][info][gc,phases   ] GC(922)   Pre Evacuate Collection Set: 0.18ms
[422.709s][info][gc,phases   ] GC(922)   Merge Heap Roots: 0.11ms
[422.709s][info][gc,phases   ] GC(922)   Evacuate Collection Set: 11.11ms
[422.709s][info][gc,phases   ] GC(922)   Post Evacuate Collection Set: 0.42ms
[422.709s][info][gc,phases   ] GC(922)   Other: 0.09ms
[422.709s][info][gc,heap     ] GC(922) Eden regions: 129->0(127)
[422.709s][info][gc,heap     ] GC(922) Survivor regions: 7->12(17)
[422.709s][info][gc,heap     ] GC(922) Old regions: 77->77
[422.709s][info][gc,heap     ] GC(922) Humongous regions: 15->3
[422.709s][info][gc,metaspace] GC(922) Metaspace: 43039K(43392K)->43039K(43392K) NonClass: 40231K(40448K)->40231K(40448K) Class: 2808K(2944K)->2808K(2944K)
[422.709s][info][gc          ] GC(922) Pause Young (Prepare Mixed) (G1 Evacuation Pause) 227M->91M(256M) 12.060ms
[422.709s][info][gc,cpu      ] GC(922) User=0.02s Sys=0.00s Real=0.01s
[423.121s][info][gc,start    ] GC(923) Pause Young (Mixed) (G1 Evacuation Pause)
[423.121s][info][gc,task     ] GC(923) Using 2 workers of 2 for evacuation
[423.139s][info][gc,phases   ] GC(923)   Pre Evacuate Collection Set: 0.17ms
[423.139s][info][gc,phases   ] GC(923)   Merge Heap Roots: 0.11ms
[423.139s][info][gc,phases   ] GC(923)   Evacuate Collection Set: 17.16ms
[423.139s][info][gc,phases   ] GC(923)   Post Evacuate Collection Set: 0.47ms
[423.139s][info][gc,phases   ] GC(923)   Other: 0.07ms
[423.139s][info][gc,heap     ] GC(923) Eden regions: 127->0(131)
[423.139s][info][gc,heap     ] GC(923) Survivor regions: 12->9(18)
[423.139s][info][gc,heap     ] GC(923) Old regions: 77->78
[423.139s][info][gc,heap     ] GC(923) Humongous regions: 13->3
[423.139s][info][gc,metaspace] GC(923) Metaspace: 43039K(43392K)->43039K(43392K) NonClass: 40231K(40448K)->40231K(40448K) Class: 2808K(2944K)->2808K(2944K)
[423.139s][info][gc          ] GC(923) Pause Young (Mixed) (G1 Evacuation Pause) 228M->89M(256M) 18.150ms
[423.139s][info][gc,cpu      ] GC(923) User=0.04s Sys=0.00s Real=0.02s
[423.287s][info][gc,start    ] GC(924) Pause Young (Concurrent Start) (G1 Humongous Allocation)
[423.287s][info][gc,task     ] GC(924) Using 2 workers of 2 for evacuation
[423.290s][info][gc,phases   ] GC(924)   Pre Evacuate Collection Set: 0.17ms
[423.290s][info][gc,phases   ] GC(924)   Merge Heap Roots: 0.07ms
[423.290s][info][gc,phases   ] GC(924)   Evacuate Collection Set: 1.82ms
[423.290s][info][gc,phases   ] GC(924)   Post Evacuate Collection Set: 0.31ms
[423.290s][info][gc,phases   ] GC(924)   Other: 0.07ms
[423.290s][info][gc,heap     ] GC(924) Eden regions: 36->0(143)
[423.290s][info][gc,heap     ] GC(924) Survivor regions: 9->2(18)
[423.290s][info][gc,heap     ] GC(924) Old regions: 78->78
[423.290s][info][gc,heap     ] GC(924) Humongous regions: 3->1
[423.290s][info][gc,metaspace] GC(924) Metaspace: 43039K(43392K)->43039K(43392K) NonClass: 40231K(40448K)->40231K(40448K) Class: 2808K(2944K)->2808K(2944K)
[423.290s][info][gc          ] GC(924) Pause Young (Concurrent Start) (G1 Humongous Allocation) 125M->80M(256M) 2.606ms
[423.290s][info][gc,cpu      ] GC(924) User=0.00s Sys=0.00s Real=0.00s
[423.290s][info][gc          ] GC(925) Concurrent Mark Cycle
[423.290s][info][gc,marking  ] GC(925) Concurrent Scan Root Regions
[423.294s][info][gc,marking  ] GC(925) Concurrent Scan Root Regions 3.553ms
[423.294s][info][gc,marking  ] GC(925) Concurrent Mark
[423.294s][info][gc,marking  ] GC(925) Concurrent Mark From Roots
[423.294s][info][gc,task     ] GC(925) Using 1 workers of 1 for marking
[423.347s][info][gc,marking  ] GC(925) Concurrent Mark From Roots 53.406ms
[423.347s][info][gc,marking  ] GC(925) Concurrent Preclean
[423.347s][info][gc,marking  ] GC(925) Concurrent Preclean 0.039ms
[423.347s][info][gc,start    ] GC(925) Pause Remark
[423.363s][info][gc          ] GC(925) Pause Remark 95M->82M(256M) 15.995ms
[423.363s][info][gc,cpu      ] GC(925) User=0.03s Sys=0.00s Real=0.01s
[423.363s][info][gc,marking  ] GC(925) Concurrent Mark 69.689ms
[423.363s][info][gc,marking  ] GC(925) Concurrent Rebuild Remembered Sets and Scrub Regions
[423.385s][info][gc,marking  ] GC(925) Concurrent Rebuild Remembered Sets and Scrub Regions 21.253ms
[423.385s][info][gc,start    ] GC(925) Pause Cleanup
[423.385s][info][gc          ] GC(925) Pause Cleanup 87M->87M(256M) 0.041ms
[423.385s][info][gc,cpu      ] GC(925) User=0.00s Sys=0.00s Real=0.00s
[423.385s][info][gc,marking  ] GC(925) Concurrent Clear Claimed Marks
[423.385s][info][gc,marking  ] GC(925) Concurrent Clear Claimed Marks 0.035ms
[423.385s][info][gc,marking  ] GC(925) Concurrent Cleanup for Next Mark
[423.386s][info][gc,marking  ] GC(925) Concurrent Cleanup for Next Mark 0.736ms
[423.386s][info][gc          ] GC(925) Concurrent Mark Cycle 95.522ms
[423.860s][info][gc,start    ] GC(926) Pause Young (Prepare Mixed) (G1 Evacuation Pause)
[423.860s][info][gc,task     ] GC(926) Using 2 workers of 2 for evacuation
[423.867s][info][gc,phases   ] GC(926)   Pre Evacuate Collection Set: 0.15ms
[423.867s][info][gc,phases   ] GC(926)   Merge Heap Roots: 0.06ms
[423.867s][info][gc,phases   ] GC(926)   Evacuate Collection Set: 5.54ms
[423.867s][info][gc,phases   ] GC(926)   Post Evacuate Collection Set: 0.39ms
[423.867s][info][gc,phases   ] GC(926)   Other: 0.08ms
[423.867s][info][gc,heap     ] GC(926) Eden regions: 143->0(145)
[423.867s][info][gc,heap     ] GC(926) Survivor regions: 2->8(19)
[423.867s][info][gc,heap     ] GC(926) Old regions: 65->65
[423.867s][info][gc,heap     ] GC(926) Humongous regions: 15->3
[423.867s][info][gc,metaspace] GC(926) Metaspace: 43040K(43392K)->43040K(43392K) NonClass: 40231K(40448K)->40231K(40448K) Class: 2808K(2944K)->2808K(2944K)
[423.867s][info][gc          ] GC(926) Pause Young (Prepare Mixed) (G1 Evacuation Pause) 224M->75M(256M) 6.423ms
[423.867s][info][gc,cpu      ] GC(926) User=0.01s Sys=0.00s Real=0.01s
[424.379s][info][gc,start    ] GC(927) Pause Young (Mixed) (G1 Evacuation Pause)
[424.379s][info][gc,task     ] GC(927) Using 2 workers of 2 for evacuation
[424.404s][info][gc,phases   ] GC(927)   Pre Evacuate Collection Set: 0.17ms
[424.404s][info][gc,phases   ] GC(927)   Merge Heap Roots: 0.09ms
[424.404s][info][gc,phases   ] GC(927)   Evacuate Collection Set: 24.23ms
[424.404s][info][gc,phases   ] GC(927)   Post Evacuate Collection Set: 0.46ms
[424.404s][info][gc,phases   ] GC(927)   Other: 0.09ms
[424.404s][info][gc,heap     ] GC(927) Eden regions: 145->0(133)
[424.404s][info][gc,heap     ] GC(927) Survivor regions: 8->20(20)
[424.404s][info][gc,heap     ] GC(927) Old regions: 65->52
[424.404s][info][gc,heap     ] GC(927) Humongous regions: 3->3
[424.404s][info][gc,metaspace] GC(927) Metaspace: 43040K(43392K)->43040K(43392K) NonClass: 40231K(40448K)->40231K(40448K) Class: 2808K(2944K)->2808K(2944K)
[424.404s][info][gc          ] GC(927) Pause Young (Mixed) (G1 Evacuation Pause) 220M->74M(256M) 25.224ms
[424.404s][info][gc,cpu      ] GC(927) User=0.05s Sys=0.00s Real=0.02s
[424.961s][info][gc,start    ] GC(928) Pause Young (Concurrent Start) (G1 Evacuation Pause)
[424.961s][info][gc,task     ] GC(928) Using 2 workers of 2 for evacuation
[424.994s][info][gc,phases   ] GC(928)   Pre Evacuate Collection Set: 0.18ms
[424.994s][info][gc,phases   ] GC(928)   Merge Heap Roots: 0.19ms
[424.994s][info][gc,phases   ] GC(928)   Evacuate Collection Set: 31.64ms
[424.994s][info][gc,phases   ] GC(928)   Post Evacuate Collection Set: 0.46ms
[424.994s][info][gc,phases   ] GC(928)   Other: 0.10ms
[424.994s][info][gc,heap     ] GC(928) Eden regions: 133->0(125)
[424.994s][info][gc,heap     ] GC(928) Survivor regions: 20->20(20)
[424.994s][info][gc,heap     ] GC(928) Old regions: 52->63
[424.994s][info][gc,heap     ] GC(928) Humongous regions: 3->3
[424.994s][info][gc,metaspace] GC(928) Metaspace: 43040K(43392K)->43040K(43392K) NonClass: 40231K(40448K)->40231K(40448K) Class: 2808K(2944K)->2808K(2944K)
[424.994s][info][gc          ] GC(928) Pause Young (Concurrent Start) (G1 Evacuation Pause) 207M->85M(256M) 32.743ms
[424.994s][info][gc          ] GC(929) Concurrent Mark Cycle
[424.994s][info][gc,marking  ] GC(929) Concurrent Scan Root Regions
[424.995s][info][gc,cpu      ] GC(928) User=0.06s Sys=0.00s Real=0.03s
[425.026s][info][gc,marking  ] GC(929) Concurrent Scan Root Regions 31.708ms
[425.026s][info][gc,marking  ] GC(929) Concurrent Mark
[425.026s][info][gc,marking  ] GC(929) Concurrent Mark From Roots
[425.026s][info][gc,task     ] GC(929) Using 1 workers of 1 for marking
[425.096s][info][gc,marking  ] GC(929) Concurrent Mark From Roots 69.780ms
[425.096s][info][gc,marking  ] GC(929) Concurrent Preclean
[425.096s][info][gc,marking  ] GC(929) Concurrent Preclean 0.039ms
[425.096s][info][gc,start    ] GC(929) Pause Remark
[425.112s][info][gc          ] GC(929) Pause Remark 108M->108M(256M) 16.013ms
[425.112s][info][gc,cpu      ] GC(929) User=0.03s Sys=0.00s Real=0.02s
[425.112s][info][gc,marking  ] GC(929) Concurrent Mark 86.357ms
[425.112s][info][gc,marking  ] GC(929) Concurrent Rebuild Remembered Sets and Scrub Regions
[425.164s][info][gc,marking  ] GC(929) Concurrent Rebuild Remembered Sets and Scrub Regions 51.766ms
[425.164s][info][gc,start    ] GC(929) Pause Cleanup
[425.164s][info][gc          ] GC(929) Pause Cleanup 114M->114M(256M) 0.042ms
[425.164s][info][gc,cpu      ] GC(929) User=0.00s Sys=0.00s Real=0.00s
[425.164s][info][gc,marking  ] GC(929) Concurrent Clear Claimed Marks
[425.164s][info][gc,marking  ] GC(929) Concurrent Clear Claimed Marks 0.038ms
[425.164s][info][gc,marking  ] GC(929) Concurrent Cleanup for Next Mark
[425.165s][info][gc,marking  ] GC(929) Concurrent Cleanup for Next Mark 0.850ms
[425.165s][info][gc          ] GC(929) Concurrent Mark Cycle 170.954ms
[425.471s][info][gc,start    ] GC(930) Pause Young (Prepare Mixed) (G1 Evacuation Pause)
[425.471s][info][gc,task     ] GC(930) Using 2 workers of 2 for evacuation
[425.504s][info][gc,phases   ] GC(930)   Pre Evacuate Collection Set: 0.15ms
[425.504s][info][gc,phases   ] GC(930)   Merge Heap Roots: 0.18ms
[425.504s][info][gc,phases   ] GC(930)   Evacuate Collection Set: 32.01ms
[425.504s][info][gc,phases   ] GC(930)   Post Evacuate Collection Set: 0.46ms
[425.504s][info][gc,phases   ] GC(930)   Other: 0.09ms
[425.504s][info][gc,heap     ] GC(930) Eden regions: 125->0(114)
[425.504s][info][gc,heap     ] GC(930) Survivor regions: 20->15(19)
[425.504s][info][gc,heap     ] GC(930) Old regions: 63->82
[425.504s][info][gc,heap     ] GC(930) Humongous regions: 7->3
[425.504s][info][gc,metaspace] GC(930) Metaspace: 43040K(43392K)->43040K(43392K) NonClass: 40231K(40448K)->40231K(40448K) Class: 2808K(2944K)->2808K(2944K)
[425.504s][info][gc          ] GC(930) Pause Young (Prepare Mixed) (G1 Evacuation Pause) 214M->100M(256M) 33.070ms
[425.504s][info][gc,cpu      ] GC(930) User=0.07s Sys=0.00s Real=0.03s
[425.891s][info][gc,start    ] GC(931) Pause Young (Mixed) (G1 Evacuation Pause)
[425.891s][info][gc,task     ] GC(931) Using 2 workers of 2 for evacuation
[425.908s][info][gc,phases   ] GC(931)   Pre Evacuate Collection Set: 0.16ms
[425.908s][info][gc,phases   ] GC(931)   Merge Heap Roots: 0.21ms
[425.908s][info][gc,phases   ] GC(931)   Evacuate Collection Set: 15.79ms
[425.908s][info][gc,phases   ] GC(931)   Post Evacuate Collection Set: 0.59ms
[425.908s][info][gc,phases   ] GC(931)   Other: 0.08ms
[425.908s][info][gc,heap     ] GC(931) Eden regions: 114->0(150)
[425.908s][info][gc,heap     ] GC(931) Survivor regions: 15->2(17)
[425.908s][info][gc,heap     ] GC(931) Old regions: 82->86
[425.908s][info][gc,heap     ] GC(931) Humongous regions: 9->1
[425.908s][info][gc,metaspace] GC(931) Metaspace: 43040K(43392K)->43040K(43392K) NonClass: 40231K(40448K)->40231K(40448K) Class: 2808K(2944K)->2808K(2944K)
[425.908s][info][gc          ] GC(931) Pause Young (Mixed) (G1 Evacuation Pause) 220M->88M(291M) 17.008ms
[425.908s][info][gc,cpu      ] GC(931) User=0.03s Sys=0.00s Real=0.02s
[425.913s][info][gc,start    ] GC(932) Pause Young (Concurrent Start) (G1 Humongous Allocation)
[425.913s][info][gc,task     ] GC(932) Using 2 workers of 2 for evacuation
[425.916s][info][gc,phases   ] GC(932)   Pre Evacuate Collection Set: 0.17ms
[425.916s][info][gc,phases   ] GC(932)   Merge Heap Roots: 0.04ms
[425.916s][info][gc,phases   ] GC(932)   Evacuate Collection Set: 2.60ms
[425.916s][info][gc,phases   ] GC(932)   Post Evacuate Collection Set: 0.22ms
[425.916s][info][gc,phases   ] GC(932)   Other: 0.06ms
[425.916s][info][gc,heap     ] GC(932) Eden regions: 2->0(143)
[425.916s][info][gc,heap     ] GC(932) Survivor regions: 2->2(19)
[425.916s][info][gc,heap     ] GC(932) Old regions: 86->86
[425.916s][info][gc,heap     ] GC(932) Humongous regions: 1->1
[425.917s][info][gc,metaspace] GC(932) Metaspace: 43040K(43392K)->43040K(43392K) NonClass: 40231K(40448K)->40231K(40448K) Class: 2808K(2944K)->2808K(2944K)
[425.917s][info][gc          ] GC(932) Pause Young (Concurrent Start) (G1 Humongous Allocation) 90M->88M(291M) 3.215ms
[425.917s][info][gc,cpu      ] GC(932) User=0.00s Sys=0.00s Real=0.00s
[425.917s][info][gc          ] GC(933) Concurrent Mark Cycle
[425.917s][info][gc,marking  ] GC(933) Concurrent Scan Root Regions
[425.918s][info][gc,marking  ] GC(933) Concurrent Scan Root Regions 1.246ms
[425.918s][info][gc,marking  ] GC(933) Concurrent Mark
[425.918s][info][gc,marking  ] GC(933) Concurrent Mark From Roots
[425.918s][info][gc,task     ] GC(933) Using 1 workers of 1 for marking
[425.978s][info][gc,marking  ] GC(933) Concurrent Mark From Roots 60.037ms
[425.978s][info][gc,marking  ] GC(933) Concurrent Preclean
[425.978s][info][gc,marking  ] GC(933) Concurrent Preclean 0.038ms
[425.978s][info][gc,start    ] GC(933) Pause Remark
[425.994s][info][gc          ] GC(933) Pause Remark 104M->92M(264M) 16.278ms
[425.994s][info][gc,cpu      ] GC(933) User=0.03s Sys=0.00s Real=0.01s
[425.994s][info][gc,marking  ] GC(933) Concurrent Mark 76.626ms
[425.994s][info][gc,marking  ] GC(933) Concurrent Rebuild Remembered Sets and Scrub Regions
[426.015s][info][gc,marking  ] GC(933) Concurrent Rebuild Remembered Sets and Scrub Regions 20.868ms
[426.016s][info][gc,start    ] GC(933) Pause Cleanup
[426.016s][info][gc          ] GC(933) Pause Cleanup 96M->96M(264M) 0.053ms
[426.016s][info][gc,cpu      ] GC(933) User=0.00s Sys=0.00s Real=0.00s
[426.016s][info][gc,marking  ] GC(933) Concurrent Clear Claimed Marks
[426.016s][info][gc,marking  ] GC(933) Concurrent Clear Claimed Marks 0.035ms
[426.016s][info][gc,marking  ] GC(933) Concurrent Cleanup for Next Mark
[426.017s][info][gc,marking  ] GC(933) Concurrent Cleanup for Next Mark 0.909ms
[426.017s][info][gc          ] GC(933) Concurrent Mark Cycle 100.017ms
[426.445s][info][gc,start    ] GC(934) Pause Young (Prepare Mixed) (G1 Evacuation Pause)
[426.445s][info][gc,task     ] GC(934) Using 2 workers of 2 for evacuation
[426.456s][info][gc,phases   ] GC(934)   Pre Evacuate Collection Set: 0.16ms
[426.456s][info][gc,phases   ] GC(934)   Merge Heap Roots: 0.07ms
[426.456s][info][gc,phases   ] GC(934)   Evacuate Collection Set: 10.15ms
[426.456s][info][gc,phases   ] GC(934)   Post Evacuate Collection Set: 0.41ms
[426.456s][info][gc,phases   ] GC(934)   Other: 0.08ms
[426.456s][info][gc,heap     ] GC(934) Eden regions: 143->0(127)
[426.456s][info][gc,heap     ] GC(934) Survivor regions: 2->12(19)
[426.456s][info][gc,heap     ] GC(934) Old regions: 74->74
[426.456s][info][gc,heap     ] GC(934) Humongous regions: 7->3
[426.456s][info][gc,metaspace] GC(934) Metaspace: 43042K(43392K)->43042K(43392K) NonClass: 40233K(40448K)->40233K(40448K) Class: 2808K(2944K)->2808K(2944K)
[426.456s][info][gc          ] GC(934) Pause Young (Prepare Mixed) (G1 Evacuation Pause) 225M->89M(264M) 11.048ms
[426.456s][info][gc,cpu      ] GC(934) User=0.02s Sys=0.00s Real=0.01s
[426.953s][info][gc,start    ] GC(935) Pause Young (Mixed) (G1 Evacuation Pause)
[426.953s][info][gc,task     ] GC(935) Using 2 workers of 2 for evacuation
[426.965s][info][gc,phases   ] GC(935)   Pre Evacuate Collection Set: 0.18ms
[426.966s][info][gc,phases   ] GC(935)   Merge Heap Roots: 0.09ms
[426.966s][info][gc,phases   ] GC(935)   Evacuate Collection Set: 11.55ms
[426.966s][info][gc,phases   ] GC(935)   Post Evacuate Collection Set: 0.44ms
[426.966s][info][gc,phases   ] GC(935)   Other: 0.07ms
[426.966s][info][gc,heap     ] GC(935) Eden regions: 127->0(148)
[426.966s][info][gc,heap     ] GC(935) Survivor regions: 12->9(18)
[426.966s][info][gc,heap     ] GC(935) Old regions: 74->51
[426.966s][info][gc,heap     ] GC(935) Humongous regions: 5->3
[426.966s][info][gc,metaspace] GC(935) Metaspace: 43043K(43392K)->43043K(43392K) NonClass: 40235K(40448K)->40235K(40448K) Class: 2808K(2944K)->2808K(2944K)
[426.966s][info][gc          ] GC(935) Pause Young (Mixed) (G1 Evacuation Pause) 218M->63M(264M) 12.489ms
[426.966s][info][gc,cpu      ] GC(935) User=0.03s Sys=0.00s Real=0.01s
[426.998s][info][gc,start    ] GC(936) Pause Young (Concurrent Start) (G1 Humongous Allocation)
[426.998s][info][gc,task     ] GC(936) Using 2 workers of 2 for evacuation
[427.000s][info][gc,phases   ] GC(936)   Pre Evacuate Collection Set: 0.16ms
[427.000s][info][gc,phases   ] GC(936)   Merge Heap Roots: 0.03ms
[427.000s][info][gc,phases   ] GC(936)   Evacuate Collection Set: 1.21ms
[427.000s][info][gc,phases   ] GC(936)   Post Evacuate Collection Set: 0.28ms
[427.000s][info][gc,phases   ] GC(936)   Other: 0.06ms
[427.000s][info][gc,heap     ] GC(936) Eden regions: 10->0(156)
[427.000s][info][gc,heap     ] GC(936) Survivor regions: 9->2(20)
[427.000s][info][gc,heap     ] GC(936) Old regions: 51->51
[427.000s][info][gc,heap     ] GC(936) Humongous regions: 3->1
[427.000s][info][gc,metaspace] GC(936) Metaspace: 43043K(43392K)->43043K(43392K) NonClass: 40235K(40448K)->40235K(40448K) Class: 2808K(2944K)->2808K(2944K)
[427.000s][info][gc          ] GC(936) Pause Young (Concurrent Start) (G1 Humongous Allocation) 73M->53M(264M) 1.897ms
[427.000s][info][gc          ] GC(937) Concurrent Mark Cycle
[427.000s][info][gc,marking  ] GC(937) Concurrent Scan Root Regions
[427.001s][info][gc,marking  ] GC(937) Concurrent Scan Root Regions 1.374ms
[427.001s][info][gc,marking  ] GC(937) Concurrent Mark
[427.001s][info][gc,marking  ] GC(937) Concurrent Mark From Roots
[427.001s][info][gc,task     ] GC(937) Using 1 workers of 1 for marking
[427.001s][info][gc,cpu      ] GC(936) User=0.01s Sys=0.01s Real=0.00s
[427.058s][info][gc,marking  ] GC(937) Concurrent Mark From Roots 56.357ms
[427.058s][info][gc,marking  ] GC(937) Concurrent Preclean
[427.058s][info][gc,marking  ] GC(937) Concurrent Preclean 0.039ms
[427.058s][info][gc,start    ] GC(937) Pause Remark
[427.074s][info][gc          ] GC(937) Pause Remark 70M->70M(256M) 16.321ms
[427.074s][info][gc,cpu      ] GC(937) User=0.04s Sys=0.00s Real=0.01s
[427.074s][info][gc,marking  ] GC(937) Concurrent Mark 73.021ms
[427.074s][info][gc,marking  ] GC(937) Concurrent Rebuild Remembered Sets and Scrub Regions
[427.096s][info][gc,marking  ] GC(937) Concurrent Rebuild Remembered Sets and Scrub Regions 21.523ms
[427.096s][info][gc,start    ] GC(937) Pause Cleanup
[427.096s][info][gc          ] GC(937) Pause Cleanup 74M->74M(256M) 0.036ms
[427.096s][info][gc,cpu      ] GC(937) User=0.00s Sys=0.00s Real=0.00s
[427.096s][info][gc,marking  ] GC(937) Concurrent Clear Claimed Marks
[427.096s][info][gc,marking  ] GC(937) Concurrent Clear Claimed Marks 0.034ms
[427.096s][info][gc,marking  ] GC(937) Concurrent Cleanup for Next Mark
[427.097s][info][gc,marking  ] GC(937) Concurrent Cleanup for Next Mark 0.757ms
[427.097s][info][gc          ] GC(937) Concurrent Mark Cycle 96.936ms
[427.514s][info][gc,start    ] GC(938) Pause Young (Prepare Mixed) (G1 Evacuation Pause)
[427.514s][info][gc,task     ] GC(938) Using 2 workers of 2 for evacuation
[427.522s][info][gc,phases   ] GC(938)   Pre Evacuate Collection Set: 0.16ms
[427.523s][info][gc,phases   ] GC(938)   Merge Heap Roots: 0.08ms
[427.523s][info][gc,phases   ] GC(938)   Evacuate Collection Set: 7.37ms
[427.523s][info][gc,phases   ] GC(938)   Post Evacuate Collection Set: 0.40ms
[427.523s][info][gc,phases   ] GC(938)   Other: 0.06ms
[427.523s][info][gc,heap     ] GC(938) Eden regions: 151->0(144)
[427.523s][info][gc,heap     ] GC(938) Survivor regions: 2->9(20)
[427.523s][info][gc,heap     ] GC(938) Old regions: 51->51
[427.523s][info][gc,heap     ] GC(938) Humongous regions: 9->3
[427.523s][info][gc,metaspace] GC(938) Metaspace: 43043K(43392K)->43043K(43392K) NonClass: 40235K(40448K)->40235K(40448K) Class: 2808K(2944K)->2808K(2944K)
[427.523s][info][gc          ] GC(938) Pause Young (Prepare Mixed) (G1 Evacuation Pause) 212M->63M(256M) 8.240ms
[427.523s][info][gc,cpu      ] GC(938) User=0.01s Sys=0.00s Real=0.01s
[428.047s][info][gc,start    ] GC(939) Pause Young (Mixed) (G1 Evacuation Pause)
[428.047s][info][gc,task     ] GC(939) Using 2 workers of 2 for evacuation
[428.062s][info][gc,phases   ] GC(939)   Pre Evacuate Collection Set: 0.15ms
[428.062s][info][gc,phases   ] GC(939)   Merge Heap Roots: 0.09ms
[428.062s][info][gc,phases   ] GC(939)   Evacuate Collection Set: 14.13ms
[428.062s][info][gc,phases   ] GC(939)   Post Evacuate Collection Set: 0.42ms
[428.062s][info][gc,phases   ] GC(939)   Other: 0.12ms
[428.062s][info][gc,heap     ] GC(939) Eden regions: 144->0(141)
[428.062s][info][gc,heap     ] GC(939) Survivor regions: 9->12(20)
[428.062s][info][gc,heap     ] GC(939) Old regions: 51->49
[428.062s][info][gc,heap     ] GC(939) Humongous regions: 5->3
[428.062s][info][gc,metaspace] GC(939) Metaspace: 43043K(43392K)->43043K(43392K) NonClass: 40235K(40448K)->40235K(40448K) Class: 2808K(2944K)->2808K(2944K)
[428.062s][info][gc          ] GC(939) Pause Young (Mixed) (G1 Evacuation Pause) 209M->62M(256M) 15.071ms
[428.062s][info][gc,cpu      ] GC(939) User=0.03s Sys=0.00s Real=0.01s
[428.178s][info][gc,start    ] GC(940) Pause Young (Concurrent Start) (G1 Humongous Allocation)
[428.178s][info][gc,task     ] GC(940) Using 2 workers of 2 for evacuation
[428.181s][info][gc,phases   ] GC(940)   Pre Evacuate Collection Set: 0.17ms
[428.181s][info][gc,phases   ] GC(940)   Merge Heap Roots: 0.04ms
[428.181s][info][gc,phases   ] GC(940)   Evacuate Collection Set: 2.51ms
[428.181s][info][gc,phases   ] GC(940)   Post Evacuate Collection Set: 0.29ms
[428.181s][info][gc,phases   ] GC(940)   Other: 0.10ms
[428.181s][info][gc,heap     ] GC(940) Eden regions: 27->0(151)
[428.181s][info][gc,heap     ] GC(940) Survivor regions: 12->2(20)
[428.181s][info][gc,heap     ] GC(940) Old regions: 49->50
[428.181s][info][gc,heap     ] GC(940) Humongous regions: 3->1
[428.181s][info][gc,metaspace] GC(940) Metaspace: 43043K(43392K)->43043K(43392K) NonClass: 40235K(40448K)->40235K(40448K) Class: 2808K(2944K)->2808K(2944K)
[428.181s][info][gc          ] GC(940) Pause Young (Concurrent Start) (G1 Humongous Allocation) 89M->52M(256M) 3.264ms
[428.181s][info][gc,cpu      ] GC(940) User=0.00s Sys=0.00s Real=0.00s
[428.181s][info][gc          ] GC(941) Concurrent Mark Cycle
[428.181s][info][gc,marking  ] GC(941) Concurrent Scan Root Regions
[428.185s][info][gc,marking  ] GC(941) Concurrent Scan Root Regions 3.509ms
[428.185s][info][gc,marking  ] GC(941) Concurrent Mark
[428.185s][info][gc,marking  ] GC(941) Concurrent Mark From Roots
[428.185s][info][gc,task     ] GC(941) Using 1 workers of 1 for marking
[428.244s][info][gc,marking  ] GC(941) Concurrent Mark From Roots 59.849ms
[428.244s][info][gc,marking  ] GC(941) Concurrent Preclean
[428.245s][info][gc,marking  ] GC(941) Concurrent Preclean 0.037ms
[428.245s][info][gc,start    ] GC(941) Pause Remark
[428.261s][info][gc          ] GC(941) Pause Remark 72M->72M(256M) 15.898ms
[428.261s][info][gc,cpu      ] GC(941) User=0.03s Sys=0.00s Real=0.02s
[428.261s][info][gc,marking  ] GC(941) Concurrent Mark 76.086ms
[428.261s][info][gc,marking  ] GC(941) Concurrent Rebuild Remembered Sets and Scrub Regions
[428.282s][info][gc,marking  ] GC(941) Concurrent Rebuild Remembered Sets and Scrub Regions 21.766ms
[428.283s][info][gc,start    ] GC(941) Pause Cleanup
[428.283s][info][gc          ] GC(941) Pause Cleanup 76M->76M(256M) 0.040ms
[428.283s][info][gc,cpu      ] GC(941) User=0.00s Sys=0.00s Real=0.00s
[428.283s][info][gc,marking  ] GC(941) Concurrent Clear Claimed Marks
[428.283s][info][gc,marking  ] GC(941) Concurrent Clear Claimed Marks 0.056ms
[428.283s][info][gc,marking  ] GC(941) Concurrent Cleanup for Next Mark
[428.283s][info][gc,marking  ] GC(941) Concurrent Cleanup for Next Mark 0.753ms
[428.283s][info][gc          ] GC(941) Concurrent Mark Cycle 102.448ms
[428.674s][info][gc,start    ] GC(942) Pause Young (Prepare Mixed) (G1 Evacuation Pause)
[428.674s][info][gc,task     ] GC(942) Using 2 workers of 2 for evacuation
[428.694s][info][gc,phases   ] GC(942)   Pre Evacuate Collection Set: 0.21ms
[428.695s][info][gc,phases   ] GC(942)   Merge Heap Roots: 0.08ms
[428.695s][info][gc,phases   ] GC(942)   Evacuate Collection Set: 19.96ms
[428.695s][info][gc,phases   ] GC(942)   Post Evacuate Collection Set: 0.43ms
[428.695s][info][gc,phases   ] GC(942)   Other: 0.07ms
[428.695s][info][gc,heap     ] GC(942) Eden regions: 151->0(131)
[428.695s][info][gc,heap     ] GC(942) Survivor regions: 2->20(20)
[428.695s][info][gc,heap     ] GC(942) Old regions: 50->57
[428.695s][info][gc,heap     ] GC(942) Humongous regions: 7->3
[428.695s][info][gc,metaspace] GC(942) Metaspace: 43043K(43392K)->43043K(43392K) NonClass: 40235K(40448K)->40235K(40448K) Class: 2808K(2944K)->2808K(2944K)
[428.695s][info][gc          ] GC(942) Pause Young (Prepare Mixed) (G1 Evacuation Pause) 209M->80M(256M) 20.945ms
[428.695s][info][gc,cpu      ] GC(942) User=0.04s Sys=0.00s Real=0.02s
[429.121s][info][gc,start    ] GC(943) Pause Young (Mixed) (G1 Evacuation Pause)
[429.122s][info][gc,task     ] GC(943) Using 2 workers of 2 for evacuation
[429.176s][info][gc,phases   ] GC(943)   Pre Evacuate Collection Set: 0.22ms
[429.176s][info][gc,phases   ] GC(943)   Merge Heap Roots: 0.17ms
[429.176s][info][gc,phases   ] GC(943)   Evacuate Collection Set: 53.25ms
[429.176s][info][gc,phases   ] GC(943)   Post Evacuate Collection Set: 0.53ms
[429.176s][info][gc,phases   ] GC(943)   Other: 0.07ms
[429.176s][info][gc,heap     ] GC(943) Eden regions: 131->0(104)
[429.176s][info][gc,heap     ] GC(943) Survivor regions: 20->19(19)
[429.176s][info][gc,heap     ] GC(943) Old regions: 57->78
[429.176s][info][gc,heap     ] GC(943) Humongous regions: 3->3
[429.176s][info][gc,metaspace] GC(943) Metaspace: 43043K(43392K)->43043K(43392K) NonClass: 40235K(40448K)->40235K(40448K) Class: 2808K(2944K)->2808K(2944K)
[429.176s][info][gc          ] GC(943) Pause Young (Mixed) (G1 Evacuation Pause) 211M->100M(256M) 54.430ms
[429.176s][info][gc,cpu      ] GC(943) User=0.09s Sys=0.00s Real=0.05s
[429.663s][info][gc,start    ] GC(944) Pause Young (Concurrent Start) (G1 Evacuation Pause)
[429.663s][info][gc,task     ] GC(944) Using 2 workers of 2 for evacuation
[429.724s][info][gc,phases   ] GC(944)   Pre Evacuate Collection Set: 0.18ms
[429.724s][info][gc,phases   ] GC(944)   Merge Heap Roots: 0.26ms
[429.724s][info][gc,phases   ] GC(944)   Evacuate Collection Set: 59.32ms
[429.724s][info][gc,phases   ] GC(944)   Post Evacuate Collection Set: 0.45ms
[429.724s][info][gc,phases   ] GC(944)   Other: 0.08ms
[429.724s][info][gc,heap     ] GC(944) Eden regions: 104->0(81)
[429.724s][info][gc,heap     ] GC(944) Survivor regions: 19->16(16)
[429.724s][info][gc,heap     ] GC(944) Old regions: 78->110
[429.724s][info][gc,heap     ] GC(944) Humongous regions: 3->3
[429.724s][info][gc,metaspace] GC(944) Metaspace: 43043K(43392K)->43043K(43392K) NonClass: 40235K(40448K)->40235K(40448K) Class: 2808K(2944K)->2808K(2944K)
[429.724s][info][gc          ] GC(944) Pause Young (Concurrent Start) (G1 Evacuation Pause) 204M->128M(256M) 60.552ms
[429.724s][info][gc,cpu      ] GC(944) User=0.11s Sys=0.00s Real=0.06s
[429.724s][info][gc          ] GC(945) Concurrent Mark Cycle
[429.724s][info][gc,marking  ] GC(945) Concurrent Scan Root Regions
[429.838s][info][gc,marking  ] GC(945) Concurrent Scan Root Regions 114.356ms
[429.838s][info][gc,marking  ] GC(945) Concurrent Mark
[429.838s][info][gc,marking  ] GC(945) Concurrent Mark From Roots
[429.838s][info][gc,task     ] GC(945) Using 1 workers of 1 for marking
[429.973s][info][gc,marking  ] GC(945) Concurrent Mark From Roots 134.918ms
[429.973s][info][gc,marking  ] GC(945) Concurrent Preclean
[429.973s][info][gc,marking  ] GC(945) Concurrent Preclean 0.046ms
[429.973s][info][gc,start    ] GC(945) Pause Remark
[429.990s][info][gc          ] GC(945) Pause Remark 172M->172M(256M) 16.118ms
[429.990s][info][gc,cpu      ] GC(945) User=0.03s Sys=0.00s Real=0.02s
[429.990s][info][gc,marking  ] GC(945) Concurrent Mark 151.349ms
[429.990s][info][gc,marking  ] GC(945) Concurrent Rebuild Remembered Sets and Scrub Regions
[430.073s][info][gc,marking  ] GC(945) Concurrent Rebuild Remembered Sets and Scrub Regions 82.842ms
[430.073s][info][gc,start    ] GC(945) Pause Cleanup
[430.073s][info][gc          ] GC(945) Pause Cleanup 185M->185M(256M) 0.113ms
[430.073s][info][gc,cpu      ] GC(945) User=0.00s Sys=0.00s Real=0.00s
[430.073s][info][gc,marking  ] GC(945) Concurrent Clear Claimed Marks
[430.073s][info][gc,marking  ] GC(945) Concurrent Clear Claimed Marks 0.047ms
[430.073s][info][gc,marking  ] GC(945) Concurrent Cleanup for Next Mark
[430.074s][info][gc,marking  ] GC(945) Concurrent Cleanup for Next Mark 0.797ms
[430.074s][info][gc          ] GC(945) Concurrent Mark Cycle 350.001ms
[430.219s][info][gc,start    ] GC(946) Pause Young (Prepare Mixed) (G1 Evacuation Pause)
[430.219s][info][gc,task     ] GC(946) Using 2 workers of 2 for evacuation
[430.265s][info][gc,phases   ] GC(946)   Pre Evacuate Collection Set: 0.15ms
[430.265s][info][gc,phases   ] GC(946)   Merge Heap Roots: 0.40ms
[430.265s][info][gc,phases   ] GC(946)   Evacuate Collection Set: 44.84ms
[430.265s][info][gc,phases   ] GC(946)   Post Evacuate Collection Set: 0.40ms
[430.265s][info][gc,phases   ] GC(946)   Other: 0.07ms
[430.265s][info][gc,heap     ] GC(946) Eden regions: 81->0(64)
[430.265s][info][gc,heap     ] GC(946) Survivor regions: 16->13(13)
[430.265s][info][gc,heap     ] GC(946) Old regions: 110->135
[430.265s][info][gc,heap     ] GC(946) Humongous regions: 3->3
[430.265s][info][gc,metaspace] GC(946) Metaspace: 43043K(43392K)->43043K(43392K) NonClass: 40235K(40448K)->40235K(40448K) Class: 2808K(2944K)->2808K(2944K)
[430.265s][info][gc          ] GC(946) Pause Young (Prepare Mixed) (G1 Evacuation Pause) 209M->150M(256M) 46.016ms
[430.265s][info][gc,cpu      ] GC(946) User=0.08s Sys=0.01s Real=0.04s
[430.561s][info][gc,start    ] GC(947) Pause Young (Mixed) (G1 Evacuation Pause)
[430.561s][info][gc,task     ] GC(947) Using 2 workers of 2 for evacuation
[430.599s][info][gc,phases   ] GC(947)   Pre Evacuate Collection Set: 0.17ms
[430.599s][info][gc,phases   ] GC(947)   Merge Heap Roots: 0.22ms
[430.599s][info][gc,phases   ] GC(947)   Evacuate Collection Set: 37.76ms
[430.599s][info][gc,phases   ] GC(947)   Post Evacuate Collection Set: 0.35ms
[430.599s][info][gc,phases   ] GC(947)   Other: 0.06ms
[430.600s][info][gc,heap     ] GC(947) Eden regions: 64->0(55)
[430.600s][info][gc,heap     ] GC(947) Survivor regions: 13->10(10)
[430.600s][info][gc,heap     ] GC(947) Old regions: 135->151
[430.600s][info][gc,heap     ] GC(947) Humongous regions: 3->3
[430.600s][info][gc,metaspace] GC(947) Metaspace: 43043K(43392K)->43043K(43392K) NonClass: 40235K(40448K)->40235K(40448K) Class: 2808K(2944K)->2808K(2944K)
[430.600s][info][gc          ] GC(947) Pause Young (Mixed) (G1 Evacuation Pause) 214M->164M(256M) 38.754ms
[430.600s][info][gc,cpu      ] GC(947) User=0.07s Sys=0.00s Real=0.04s
[430.640s][info][gc,start    ] GC(948) Pause Young (Concurrent Start) (G1 Humongous Allocation)
[430.640s][info][gc,task     ] GC(948) Using 2 workers of 2 for evacuation
[430.658s][info][gc,phases   ] GC(948)   Pre Evacuate Collection Set: 0.18ms
[430.658s][info][gc,phases   ] GC(948)   Merge Heap Roots: 0.20ms
[430.658s][info][gc,phases   ] GC(948)   Evacuate Collection Set: 16.30ms
[430.658s][info][gc,phases   ] GC(948)   Post Evacuate Collection Set: 1.22ms
[430.658s][info][gc,phases   ] GC(948)   Other: 0.13ms
[430.658s][info][gc,heap     ] GC(948) Eden regions: 10->0(155)
[430.658s][info][gc,heap     ] GC(948) Survivor regions: 10->3(9)
[430.658s][info][gc,heap     ] GC(948) Old regions: 151->162
[430.658s][info][gc,heap     ] GC(948) Humongous regions: 3->1
[430.658s][info][gc,metaspace] GC(948) Metaspace: 43043K(43392K)->43043K(43392K) NonClass: 40235K(40448K)->40235K(40448K) Class: 2808K(2944K)->2808K(2944K)
[430.658s][info][gc          ] GC(948) Pause Young (Concurrent Start) (G1 Humongous Allocation) 173M->165M(401M) 18.253ms
[430.658s][info][gc,cpu      ] GC(948) User=0.04s Sys=0.00s Real=0.02s
[430.658s][info][gc          ] GC(949) Concurrent Mark Cycle
[430.658s][info][gc,marking  ] GC(949) Concurrent Scan Root Regions
[430.682s][info][gc,marking  ] GC(949) Concurrent Scan Root Regions 23.735ms
[430.682s][info][gc,marking  ] GC(949) Concurrent Mark
[430.682s][info][gc,marking  ] GC(949) Concurrent Mark From Roots
[430.682s][info][gc,task     ] GC(949) Using 1 workers of 1 for marking
[430.838s][info][gc,marking  ] GC(949) Concurrent Mark From Roots 156.291ms
[430.838s][info][gc,marking  ] GC(949) Concurrent Preclean
[430.838s][info][gc,marking  ] GC(949) Concurrent Preclean 0.042ms
[430.838s][info][gc,start    ] GC(949) Pause Remark
[430.854s][info][gc          ] GC(949) Pause Remark 205M->205M(401M) 15.737ms
[430.854s][info][gc,cpu      ] GC(949) User=0.03s Sys=0.00s Real=0.01s
[430.854s][info][gc,marking  ] GC(949) Concurrent Mark 172.333ms
[430.854s][info][gc,marking  ] GC(949) Concurrent Rebuild Remembered Sets and Scrub Regions
[430.928s][info][gc,marking  ] GC(949) Concurrent Rebuild Remembered Sets and Scrub Regions 73.953ms
[430.928s][info][gc,start    ] GC(949) Pause Cleanup
[430.928s][info][gc          ] GC(949) Pause Cleanup 218M->218M(401M) 0.071ms
[430.928s][info][gc,cpu      ] GC(949) User=0.00s Sys=0.00s Real=0.00s
[430.928s][info][gc,marking  ] GC(949) Concurrent Clear Claimed Marks
[430.928s][info][gc,marking  ] GC(949) Concurrent Clear Claimed Marks 0.037ms
[430.928s][info][gc,marking  ] GC(949) Concurrent Cleanup for Next Mark
[430.931s][info][gc,marking  ] GC(949) Concurrent Cleanup for Next Mark 2.594ms
[430.931s][info][gc          ] GC(949) Concurrent Mark Cycle 273.001ms
[431.377s][info][gc,start    ] GC(950) Pause Young (Prepare Mixed) (G1 Evacuation Pause)
[431.377s][info][gc,task     ] GC(950) Using 2 workers of 2 for evacuation
[431.387s][info][gc,phases   ] GC(950)   Pre Evacuate Collection Set: 0.21ms
[431.387s][info][gc,phases   ] GC(950)   Merge Heap Roots: 0.15ms
[431.387s][info][gc,phases   ] GC(950)   Evacuate Collection Set: 9.79ms
[431.387s][info][gc,phases   ] GC(950)   Post Evacuate Collection Set: 0.41ms
[431.387s][info][gc,phases   ] GC(950)   Other: 0.10ms
[431.387s][info][gc,heap     ] GC(950) Eden regions: 155->0(159)
[431.387s][info][gc,heap     ] GC(950) Survivor regions: 3->9(20)
[431.387s][info][gc,heap     ] GC(950) Old regions: 162->162
[431.387s][info][gc,heap     ] GC(950) Humongous regions: 7->3
[431.387s][info][gc,metaspace] GC(950) Metaspace: 43043K(43392K)->43043K(43392K) NonClass: 40235K(40448K)->40235K(40448K) Class: 2808K(2944K)->2808K(2944K)
[431.387s][info][gc          ] GC(950) Pause Young (Prepare Mixed) (G1 Evacuation Pause) 326M->173M(401M) 10.857ms
[431.387s][info][gc,cpu      ] GC(950) User=0.01s Sys=0.00s Real=0.02s
[431.855s][info][gc,start    ] GC(951) Pause Young (Mixed) (G1 Evacuation Pause)
[431.855s][info][gc,task     ] GC(951) Using 2 workers of 2 for evacuation
[431.870s][info][gc,phases   ] GC(951)   Pre Evacuate Collection Set: 0.29ms
[431.870s][info][gc,phases   ] GC(951)   Merge Heap Roots: 0.23ms
[431.870s][info][gc,phases   ] GC(951)   Evacuate Collection Set: 14.57ms
[431.870s][info][gc,phases   ] GC(951)   Post Evacuate Collection Set: 0.49ms
[431.870s][info][gc,phases   ] GC(951)   Other: 0.09ms
[431.870s][info][gc,heap     ] GC(951) Eden regions: 159->0(195)
[431.871s][info][gc,heap     ] GC(951) Survivor regions: 9->9(21)
[431.871s][info][gc,heap     ] GC(951) Old regions: 162->126
[431.871s][info][gc,heap     ] GC(951) Humongous regions: 11->3
[431.871s][info][gc,metaspace] GC(951) Metaspace: 43043K(43392K)->43043K(43392K) NonClass: 40235K(40448K)->40235K(40448K) Class: 2808K(2944K)->2808K(2944K)
[431.871s][info][gc          ] GC(951) Pause Young (Mixed) (G1 Evacuation Pause) 340M->137M(401M) 15.858ms
[431.871s][info][gc,cpu      ] GC(951) User=0.03s Sys=0.00s Real=0.02s
[432.467s][info][gc,start    ] GC(952) Pause Young (Mixed) (G1 Evacuation Pause)
[432.467s][info][gc,task     ] GC(952) Using 2 workers of 2 for evacuation
[432.506s][info][gc,phases   ] GC(952)   Pre Evacuate Collection Set: 0.23ms
[432.506s][info][gc,phases   ] GC(952)   Merge Heap Roots: 0.63ms
[432.506s][info][gc,phases   ] GC(952)   Evacuate Collection Set: 38.04ms
[432.506s][info][gc,phases   ] GC(952)   Post Evacuate Collection Set: 0.50ms
[432.506s][info][gc,phases   ] GC(952)   Other: 0.08ms
[432.506s][info][gc,heap     ] GC(952) Eden regions: 195->0(191)
[432.506s][info][gc,heap     ] GC(952) Survivor regions: 9->26(26)
[432.506s][info][gc,heap     ] GC(952) Old regions: 126->110
[432.506s][info][gc,heap     ] GC(952) Humongous regions: 5->3
[432.506s][info][gc,metaspace] GC(952) Metaspace: 43043K(43392K)->43043K(43392K) NonClass: 40235K(40448K)->40235K(40448K) Class: 2808K(2944K)->2808K(2944K)
[432.506s][info][gc          ] GC(952) Pause Young (Mixed) (G1 Evacuation Pause) 334M->138M(401M) 39.669ms
[432.506s][info][gc,cpu      ] GC(952) User=0.08s Sys=0.00s Real=0.03s
[432.910s][info][gc,start    ] GC(953) Pause Young (Concurrent Start) (G1 Humongous Allocation)
[432.910s][info][gc,task     ] GC(953) Using 2 workers of 2 for evacuation
[432.939s][info][gc,phases   ] GC(953)   Pre Evacuate Collection Set: 0.21ms
[432.939s][info][gc,phases   ] GC(953)   Merge Heap Roots: 0.09ms
[432.940s][info][gc,phases   ] GC(953)   Evacuate Collection Set: 28.47ms
[432.940s][info][gc,phases   ] GC(953)   Post Evacuate Collection Set: 0.43ms
[432.940s][info][gc,phases   ] GC(953)   Other: 0.16ms
[432.940s][info][gc,heap     ] GC(953) Eden regions: 136->0(161)
[432.940s][info][gc,heap     ] GC(953) Survivor regions: 26->28(28)
[432.940s][info][gc,heap     ] GC(953) Old regions: 110->126
[432.940s][info][gc,heap     ] GC(953) Humongous regions: 3->3
[432.940s][info][gc,metaspace] GC(953) Metaspace: 43043K(43392K)->43043K(43392K) NonClass: 40235K(40448K)->40235K(40448K) Class: 2808K(2944K)->2808K(2944K)
[432.940s][info][gc          ] GC(953) Pause Young (Concurrent Start) (G1 Humongous Allocation) 273M->157M(401M) 29.548ms
[432.940s][info][gc,cpu      ] GC(953) User=0.05s Sys=0.00s Real=0.03s
[432.940s][info][gc          ] GC(954) Concurrent Mark Cycle
[432.940s][info][gc,marking  ] GC(954) Concurrent Scan Root Regions
[432.963s][info][gc,marking  ] GC(954) Concurrent Scan Root Regions 23.782ms
[432.964s][info][gc,marking  ] GC(954) Concurrent Mark
[432.964s][info][gc,marking  ] GC(954) Concurrent Mark From Roots
[432.964s][info][gc,task     ] GC(954) Using 1 workers of 1 for marking
[433.077s][info][gc,marking  ] GC(954) Concurrent Mark From Roots 113.580ms
[433.077s][info][gc,marking  ] GC(954) Concurrent Preclean
[433.077s][info][gc,marking  ] GC(954) Concurrent Preclean 0.039ms
[433.077s][info][gc,start    ] GC(954) Pause Remark
[433.093s][info][gc          ] GC(954) Pause Remark 193M->193M(401M) 16.147ms
[433.093s][info][gc,cpu      ] GC(954) User=0.03s Sys=0.00s Real=0.01s
[433.093s][info][gc,marking  ] GC(954) Concurrent Mark 129.973ms
[433.094s][info][gc,marking  ] GC(954) Concurrent Rebuild Remembered Sets and Scrub Regions
[433.154s][info][gc,marking  ] GC(954) Concurrent Rebuild Remembered Sets and Scrub Regions 60.417ms
[433.154s][info][gc,start    ] GC(954) Pause Cleanup
[433.154s][info][gc          ] GC(954) Pause Cleanup 213M->213M(401M) 0.077ms
[433.154s][info][gc,cpu      ] GC(954) User=0.00s Sys=0.00s Real=0.00s
[433.154s][info][gc,marking  ] GC(954) Concurrent Clear Claimed Marks
[433.154s][info][gc,marking  ] GC(954) Concurrent Clear Claimed Marks 0.043ms
[433.154s][info][gc,marking  ] GC(954) Concurrent Cleanup for Next Mark
[433.155s][info][gc,marking  ] GC(954) Concurrent Cleanup for Next Mark 1.175ms
[433.155s][info][gc          ] GC(954) Concurrent Mark Cycle 215.859ms
[433.477s][info][gc,start    ] GC(955) Pause Young (Prepare Mixed) (G1 Evacuation Pause)
[433.477s][info][gc,task     ] GC(955) Using 2 workers of 2 for evacuation
[433.524s][info][gc,phases   ] GC(955)   Pre Evacuate Collection Set: 0.27ms
[433.524s][info][gc,phases   ] GC(955)   Merge Heap Roots: 0.26ms
[433.524s][info][gc,phases   ] GC(955)   Evacuate Collection Set: 45.88ms
[433.524s][info][gc,phases   ] GC(955)   Post Evacuate Collection Set: 0.45ms
[433.524s][info][gc,phases   ] GC(955)   Other: 0.09ms
[433.524s][info][gc,heap     ] GC(955) Eden regions: 161->0(107)
[433.524s][info][gc,heap     ] GC(955) Survivor regions: 28->24(24)
[433.524s][info][gc,heap     ] GC(955) Old regions: 126->178
[433.524s][info][gc,heap     ] GC(955) Humongous regions: 5->4
[433.524s][info][gc,metaspace] GC(955) Metaspace: 43044K(43392K)->43044K(43392K) NonClass: 40235K(40448K)->40235K(40448K) Class: 2808K(2944K)->2808K(2944K)
[433.524s][info][gc          ] GC(955) Pause Young (Prepare Mixed) (G1 Evacuation Pause) 320M->205M(401M) 47.167ms
[433.524s][info][gc,cpu      ] GC(955) User=0.09s Sys=0.00s Real=0.04s
[433.879s][info][gc,start    ] GC(956) Pause Young (Mixed) (G1 Evacuation Pause)
[433.879s][info][gc,task     ] GC(956) Using 2 workers of 2 for evacuation
[433.941s][info][gc,phases   ] GC(956)   Pre Evacuate Collection Set: 0.28ms
[433.941s][info][gc,phases   ] GC(956)   Merge Heap Roots: 0.83ms
[433.941s][info][gc,phases   ] GC(956)   Evacuate Collection Set: 60.32ms
[433.941s][info][gc,phases   ] GC(956)   Post Evacuate Collection Set: 0.52ms
[433.941s][info][gc,phases   ] GC(956)   Other: 0.08ms
[433.941s][info][gc,heap     ] GC(956) Eden regions: 107->0(69)
[433.941s][info][gc,heap     ] GC(956) Survivor regions: 24->17(17)
[433.941s][info][gc,heap     ] GC(956) Old regions: 178->212
[433.941s][info][gc,heap     ] GC(956) Humongous regions: 4->4
[433.941s][info][gc,metaspace] GC(956) Metaspace: 43044K(43392K)->43044K(43392K) NonClass: 40235K(40448K)->40235K(40448K) Class: 2808K(2944K)->2808K(2944K)
[433.941s][info][gc          ] GC(956) Pause Young (Mixed) (G1 Evacuation Pause) 312M->233M(401M) 62.238ms
[433.941s][info][gc,cpu      ] GC(956) User=0.12s Sys=0.00s Real=0.06s
[434.186s][info][gc,start    ] GC(957) Pause Young (Concurrent Start) (G1 Evacuation Pause)
[434.186s][info][gc,task     ] GC(957) Using 2 workers of 2 for evacuation
[434.230s][info][gc,phases   ] GC(957)   Pre Evacuate Collection Set: 0.25ms
[434.230s][info][gc,phases   ] GC(957)   Merge Heap Roots: 0.28ms
[434.230s][info][gc,phases   ] GC(957)   Evacuate Collection Set: 42.99ms
[434.230s][info][gc,phases   ] GC(957)   Post Evacuate Collection Set: 0.43ms
[434.230s][info][gc,phases   ] GC(957)   Other: 0.08ms
[434.230s][info][gc,heap     ] GC(957) Eden regions: 69->0(50)
[434.230s][info][gc,heap     ] GC(957) Survivor regions: 17->11(11)
[434.230s][info][gc,heap     ] GC(957) Old regions: 212->257
[434.230s][info][gc,heap     ] GC(957) Humongous regions: 4->4
[434.230s][info][gc,metaspace] GC(957) Metaspace: 43044K(43392K)->43044K(43392K) NonClass: 40235K(40448K)->40235K(40448K) Class: 2808K(2944K)->2808K(2944K)
[434.230s][info][gc          ] GC(957) Pause Young (Concurrent Start) (G1 Evacuation Pause) 302M->271M(401M) 44.266ms
[434.230s][info][gc,cpu      ] GC(957) User=0.08s Sys=0.00s Real=0.05s
[434.230s][info][gc          ] GC(958) Concurrent Mark Cycle
[434.230s][info][gc,marking  ] GC(958) Concurrent Scan Root Regions
[434.253s][info][gc,marking  ] GC(958) Concurrent Scan Root Regions 22.180ms
[434.253s][info][gc,marking  ] GC(958) Concurrent Mark
[434.253s][info][gc,marking  ] GC(958) Concurrent Mark From Roots
[434.253s][info][gc,task     ] GC(958) Using 1 workers of 1 for marking
[434.359s][info][gc,marking  ] GC(958) Concurrent Mark From Roots 105.990ms
[434.359s][info][gc,marking  ] GC(958) Concurrent Preclean
[434.359s][info][gc,marking  ] GC(958) Concurrent Preclean 0.048ms
[434.359s][info][gc,start    ] GC(958) Pause Remark
[434.375s][info][gc          ] GC(958) Pause Remark 302M->273M(407M) 15.954ms
[434.375s][info][gc,cpu      ] GC(958) User=0.03s Sys=0.00s Real=0.01s
[434.375s][info][gc,marking  ] GC(958) Concurrent Mark 122.285ms
[434.375s][info][gc,marking  ] GC(958) Concurrent Rebuild Remembered Sets and Scrub Regions
[434.451s][info][gc,marking  ] GC(958) Concurrent Rebuild Remembered Sets and Scrub Regions 75.728ms
[434.451s][info][gc,start    ] GC(958) Pause Cleanup
[434.451s][info][gc          ] GC(958) Pause Cleanup 291M->291M(407M) 0.089ms
[434.451s][info][gc,cpu      ] GC(958) User=0.00s Sys=0.00s Real=0.00s
[434.451s][info][gc,marking  ] GC(958) Concurrent Clear Claimed Marks
[434.451s][info][gc,marking  ] GC(958) Concurrent Clear Claimed Marks 0.039ms
[434.451s][info][gc,marking  ] GC(958) Concurrent Cleanup for Next Mark
[434.452s][info][gc,marking  ] GC(958) Concurrent Cleanup for Next Mark 1.251ms
[434.452s][info][gc          ] GC(958) Concurrent Mark Cycle 221.991ms
[434.462s][info][gc,start    ] GC(959) Pause Young (Prepare Mixed) (G1 Evacuation Pause)
[434.462s][info][gc,task     ] GC(959) Using 2 workers of 2 for evacuation
[434.492s][info][gc,phases   ] GC(959)   Pre Evacuate Collection Set: 0.17ms
[434.492s][info][gc,phases   ] GC(959)   Merge Heap Roots: 0.34ms
[434.492s][info][gc,phases   ] GC(959)   Evacuate Collection Set: 29.24ms
[434.492s][info][gc,phases   ] GC(959)   Post Evacuate Collection Set: 0.38ms
[434.492s][info][gc,phases   ] GC(959)   Other: 0.07ms
[434.492s][info][gc,heap     ] GC(959) Eden regions: 50->0(56)
[434.492s][info][gc,heap     ] GC(959) Survivor regions: 11->8(8)
[434.492s][info][gc,heap     ] GC(959) Old regions: 229->257
[434.492s][info][gc,heap     ] GC(959) Humongous regions: 4->4
[434.492s][info][gc,metaspace] GC(959) Metaspace: 43044K(43392K)->43044K(43392K) NonClass: 40235K(40448K)->40235K(40448K) Class: 2808K(2944K)->2808K(2944K)
[434.492s][info][gc          ] GC(959) Pause Young (Prepare Mixed) (G1 Evacuation Pause) 293M->269M(407M) 30.349ms
[434.492s][info][gc,cpu      ] GC(959) User=0.06s Sys=0.00s Real=0.03s
[434.671s][info][gc,start    ] GC(960) Pause Young (Mixed) (G1 Evacuation Pause)
[434.671s][info][gc,task     ] GC(960) Using 2 workers of 2 for evacuation
[434.692s][info][gc,phases   ] GC(960)   Pre Evacuate Collection Set: 0.33ms
[434.692s][info][gc,phases   ] GC(960)   Merge Heap Roots: 0.23ms
[434.692s][info][gc,phases   ] GC(960)   Evacuate Collection Set: 19.69ms
[434.692s][info][gc,phases   ] GC(960)   Post Evacuate Collection Set: 0.41ms
[434.692s][info][gc,phases   ] GC(960)   Other: 0.07ms
[434.692s][info][gc,heap     ] GC(960) Eden regions: 56->0(74)
[434.692s][info][gc,heap     ] GC(960) Survivor regions: 8->8(8)
[434.692s][info][gc,heap     ] GC(960) Old regions: 257->231
[434.692s][info][gc,heap     ] GC(960) Humongous regions: 4->4
[434.692s][info][gc,metaspace] GC(960) Metaspace: 43044K(43392K)->43044K(43392K) NonClass: 40235K(40448K)->40235K(40448K) Class: 2808K(2944K)->2808K(2944K)
[434.692s][info][gc          ] GC(960) Pause Young (Mixed) (G1 Evacuation Pause) 325M->243M(407M) 20.948ms
[434.692s][info][gc,cpu      ] GC(960) User=0.04s Sys=0.00s Real=0.02s
[434.916s][info][gc,start    ] GC(961) Pause Young (Mixed) (G1 Evacuation Pause)
[434.916s][info][gc,task     ] GC(961) Using 2 workers of 2 for evacuation
[434.938s][info][gc,phases   ] GC(961)   Pre Evacuate Collection Set: 0.23ms
[434.938s][info][gc,phases   ] GC(961)   Merge Heap Roots: 0.27ms
[434.938s][info][gc,phases   ] GC(961)   Evacuate Collection Set: 20.42ms
[434.938s][info][gc,phases   ] GC(961)   Post Evacuate Collection Set: 1.65ms
[434.938s][info][gc,phases   ] GC(961)   Other: 0.09ms
[434.938s][info][gc,heap     ] GC(961) Eden regions: 74->0(209)
[434.938s][info][gc,heap     ] GC(961) Survivor regions: 8->11(11)
[434.938s][info][gc,heap     ] GC(961) Old regions: 231->202
[434.938s][info][gc,heap     ] GC(961) Humongous regions: 4->4
[434.938s][info][gc,metaspace] GC(961) Metaspace: 43044K(43392K)->43044K(43392K) NonClass: 40235K(40448K)->40235K(40448K) Class: 2808K(2944K)->2808K(2944K)
[434.938s][info][gc          ] GC(961) Pause Young (Mixed) (G1 Evacuation Pause) 317M->216M(595M) 22.881ms
[434.939s][info][gc,cpu      ] GC(961) User=0.04s Sys=0.00s Real=0.03s
[435.803s][info][gc,start    ] GC(962) Pause Young (Mixed) (G1 Evacuation Pause)
[435.804s][info][gc,task     ] GC(962) Using 2 workers of 2 for evacuation
[435.846s][info][gc,phases   ] GC(962)   Pre Evacuate Collection Set: 0.38ms
[435.846s][info][gc,phases   ] GC(962)   Merge Heap Roots: 0.41ms
[435.847s][info][gc,phases   ] GC(962)   Evacuate Collection Set: 41.51ms
[435.847s][info][gc,phases   ] GC(962)   Post Evacuate Collection Set: 0.49ms
[435.847s][info][gc,phases   ] GC(962)   Other: 0.09ms
[435.847s][info][gc,heap     ] GC(962) Eden regions: 209->0(202)
[435.847s][info][gc,heap     ] GC(962) Survivor regions: 11->28(28)
[435.847s][info][gc,heap     ] GC(962) Old regions: 202->203
[435.847s][info][gc,heap     ] GC(962) Humongous regions: 5->4
[435.847s][info][gc,metaspace] GC(962) Metaspace: 43044K(43392K)->43044K(43392K) NonClass: 40235K(40448K)->40235K(40448K) Class: 2808K(2944K)->2808K(2944K)
[435.847s][info][gc          ] GC(962) Pause Young (Mixed) (G1 Evacuation Pause) 426M->235M(595M) 43.092ms
[435.847s][info][gc,cpu      ] GC(962) User=0.09s Sys=0.01s Real=0.04s
[436.554s][info][gc,start    ] GC(963) Pause Young (Normal) (G1 Evacuation Pause)
[436.554s][info][gc,task     ] GC(963) Using 2 workers of 2 for evacuation
[436.632s][info][gc,phases   ] GC(963)   Pre Evacuate Collection Set: 0.26ms
[436.632s][info][gc,phases   ] GC(963)   Merge Heap Roots: 0.16ms
[436.632s][info][gc,phases   ] GC(963)   Evacuate Collection Set: 76.72ms
[436.632s][info][gc,phases   ] GC(963)   Post Evacuate Collection Set: 0.59ms
[436.632s][info][gc,phases   ] GC(963)   Other: 0.08ms
[436.632s][info][gc,heap     ] GC(963) Eden regions: 202->0(130)
[436.632s][info][gc,heap     ] GC(963) Survivor regions: 28->29(29)
[436.632s][info][gc,heap     ] GC(963) Old regions: 203->290
[436.632s][info][gc,heap     ] GC(963) Humongous regions: 6->6
[436.632s][info][gc,metaspace] GC(963) Metaspace: 43044K(43392K)->43044K(43392K) NonClass: 40235K(40448K)->40235K(40448K) Class: 2808K(2944K)->2808K(2944K)
[436.632s][info][gc          ] GC(963) Pause Young (Normal) (G1 Evacuation Pause) 439M->324M(595M) 78.024ms
[436.632s][info][gc,cpu      ] GC(963) User=0.15s Sys=0.00s Real=0.08s
[436.900s][info][gc,start    ] GC(964) Pause Young (Concurrent Start) (G1 Humongous Allocation)
[436.900s][info][gc,task     ] GC(964) Using 2 workers of 2 for evacuation
[436.953s][info][gc,phases   ] GC(964)   Pre Evacuate Collection Set: 0.30ms
[436.953s][info][gc,phases   ] GC(964)   Merge Heap Roots: 0.28ms
[436.953s][info][gc,phases   ] GC(964)   Evacuate Collection Set: 51.75ms
[436.953s][info][gc,phases   ] GC(964)   Post Evacuate Collection Set: 0.45ms
[436.953s][info][gc,phases   ] GC(964)   Other: 0.10ms
[436.953s][info][gc,heap     ] GC(964) Eden regions: 85->0(100)
[436.953s][info][gc,heap     ] GC(964) Survivor regions: 29->20(20)
[436.953s][info][gc,heap     ] GC(964) Old regions: 290->344
[436.953s][info][gc,heap     ] GC(964) Humongous regions: 6->6
[436.953s][info][gc,metaspace] GC(964) Metaspace: 43044K(43392K)->43044K(43392K) NonClass: 40235K(40448K)->40235K(40448K) Class: 2808K(2944K)->2808K(2944K)
[436.953s][info][gc          ] GC(964) Pause Young (Concurrent Start) (G1 Humongous Allocation) 408M->369M(595M) 53.106ms
[436.953s][info][gc,cpu      ] GC(964) User=0.10s Sys=0.00s Real=0.05s
[436.953s][info][gc          ] GC(965) Concurrent Mark Cycle
[436.954s][info][gc,marking  ] GC(965) Concurrent Scan Root Regions
[436.979s][info][gc,marking  ] GC(965) Concurrent Scan Root Regions 25.657ms
[436.979s][info][gc,marking  ] GC(965) Concurrent Mark
[436.979s][info][gc,marking  ] GC(965) Concurrent Mark From Roots
[436.979s][info][gc,task     ] GC(965) Using 1 workers of 1 for marking
[437.120s][info][gc,marking  ] GC(965) Concurrent Mark From Roots 140.895ms
[437.120s][info][gc,marking  ] GC(965) Concurrent Preclean
[437.120s][info][gc,marking  ] GC(965) Concurrent Preclean 0.042ms
[437.121s][info][gc,start    ] GC(965) Pause Remark
[437.137s][info][gc          ] GC(965) Pause Remark 414M->322M(595M) 16.237ms
[437.137s][info][gc,cpu      ] GC(965) User=0.03s Sys=0.00s Real=0.02s
[437.137s][info][gc,marking  ] GC(965) Concurrent Mark 157.890ms
[437.137s][info][gc,marking  ] GC(965) Concurrent Rebuild Remembered Sets and Scrub Regions
[437.211s][info][gc,marking  ] GC(965) Concurrent Rebuild Remembered Sets and Scrub Regions 74.291ms
[437.212s][info][gc,start    ] GC(965) Pause Cleanup
[437.212s][info][gc          ] GC(965) Pause Cleanup 343M->343M(595M) 0.103ms
[437.212s][info][gc,cpu      ] GC(965) User=0.00s Sys=0.00s Real=0.00s
[437.212s][info][gc,marking  ] GC(965) Concurrent Clear Claimed Marks
[437.212s][info][gc,marking  ] GC(965) Concurrent Clear Claimed Marks 0.041ms
[437.212s][info][gc,marking  ] GC(965) Concurrent Cleanup for Next Mark
[437.215s][info][gc,marking  ] GC(965) Concurrent Cleanup for Next Mark 3.532ms
[437.215s][info][gc          ] GC(965) Concurrent Mark Cycle 261.907ms
[437.324s][info][gc,start    ] GC(966) Pause Young (Prepare Mixed) (G1 Evacuation Pause)
[437.324s][info][gc,task     ] GC(966) Using 2 workers of 2 for evacuation
[437.341s][info][gc,phases   ] GC(966)   Pre Evacuate Collection Set: 0.26ms
[437.341s][info][gc,phases   ] GC(966)   Merge Heap Roots: 0.22ms
[437.341s][info][gc,phases   ] GC(966)   Evacuate Collection Set: 16.26ms
[437.341s][info][gc,phases   ] GC(966)   Post Evacuate Collection Set: 0.38ms
[437.341s][info][gc,phases   ] GC(966)   Other: 0.09ms
[437.341s][info][gc,heap     ] GC(966) Eden regions: 100->0(150)
[437.341s][info][gc,heap     ] GC(966) Survivor regions: 20->12(15)
[437.341s][info][gc,heap     ] GC(966) Old regions: 253->262
[437.341s][info][gc,heap     ] GC(966) Humongous regions: 6->6
[437.341s][info][gc,metaspace] GC(966) Metaspace: 43044K(43392K)->43044K(43392K) NonClass: 40235K(40448K)->40235K(40448K) Class: 2808K(2944K)->2808K(2944K)
[437.341s][info][gc          ] GC(966) Pause Young (Prepare Mixed) (G1 Evacuation Pause) 378M->279M(595M) 17.387ms
[437.341s][info][gc,cpu      ] GC(966) User=0.03s Sys=0.00s Real=0.02s
[437.827s][info][gc,start    ] GC(967) Pause Young (Mixed) (G1 Evacuation Pause)
[437.827s][info][gc,task     ] GC(967) Using 2 workers of 2 for evacuation
[437.841s][info][gc,phases   ] GC(967)   Pre Evacuate Collection Set: 0.40ms
[437.841s][info][gc,phases   ] GC(967)   Merge Heap Roots: 0.17ms
[437.841s][info][gc,phases   ] GC(967)   Evacuate Collection Set: 13.11ms
[437.841s][info][gc,phases   ] GC(967)   Post Evacuate Collection Set: 0.51ms
[437.841s][info][gc,phases   ] GC(967)   Other: 0.08ms
[437.841s][info][gc,heap     ] GC(967) Eden regions: 150->0(183)
[437.841s][info][gc,heap     ] GC(967) Survivor regions: 12->13(21)
[437.841s][info][gc,heap     ] GC(967) Old regions: 262->216
[437.841s][info][gc,heap     ] GC(967) Humongous regions: 6->6
[437.841s][info][gc,metaspace] GC(967) Metaspace: 43044K(43392K)->43044K(43392K) NonClass: 40235K(40448K)->40235K(40448K) Class: 2808K(2944K)->2808K(2944K)
[437.841s][info][gc          ] GC(967) Pause Young (Mixed) (G1 Evacuation Pause) 429M->234M(595M) 14.492ms
[437.841s][info][gc,cpu      ] GC(967) User=0.02s Sys=0.00s Real=0.02s
[437.931s][info][gc,start    ] GC(968) Pause Young (Concurrent Start) (G1 Humongous Allocation)
[437.931s][info][gc,task     ] GC(968) Using 2 workers of 2 for evacuation
[437.951s][info][gc,phases   ] GC(968)   Pre Evacuate Collection Set: 0.24ms
[437.951s][info][gc,phases   ] GC(968)   Merge Heap Roots: 0.04ms
[437.951s][info][gc,phases   ] GC(968)   Evacuate Collection Set: 19.42ms
[437.951s][info][gc,phases   ] GC(968)   Post Evacuate Collection Set: 0.35ms
[437.951s][info][gc,phases   ] GC(968)   Other: 0.07ms
[437.951s][info][gc,heap     ] GC(968) Eden regions: 26->0(146)
[437.951s][info][gc,heap     ] GC(968) Survivor regions: 13->25(25)
[437.951s][info][gc,heap     ] GC(968) Old regions: 216->225
[437.951s][info][gc,heap     ] GC(968) Humongous regions: 6->6
[437.951s][info][gc,metaspace] GC(968) Metaspace: 43044K(43392K)->43044K(43392K) NonClass: 40235K(40448K)->40235K(40448K) Class: 2808K(2944K)->2808K(2944K)
[437.951s][info][gc          ] GC(968) Pause Young (Concurrent Start) (G1 Humongous Allocation) 260M->255M(595M) 20.306ms
[437.951s][info][gc,cpu      ] GC(968) User=0.04s Sys=0.00s Real=0.02s
[437.951s][info][gc          ] GC(969) Concurrent Mark Cycle
[437.951s][info][gc,marking  ] GC(969) Concurrent Scan Root Regions
[437.964s][info][gc,marking  ] GC(969) Concurrent Scan Root Regions 13.251ms
[437.964s][info][gc,marking  ] GC(969) Concurrent Mark
[437.964s][info][gc,marking  ] GC(969) Concurrent Mark From Roots
[437.964s][info][gc,task     ] GC(969) Using 1 workers of 1 for marking
[438.037s][info][gc,marking  ] GC(969) Concurrent Mark From Roots 72.166ms
[438.037s][info][gc,marking  ] GC(969) Concurrent Preclean
[438.037s][info][gc,marking  ] GC(969) Concurrent Preclean 0.053ms
[438.037s][info][gc,start    ] GC(969) Pause Remark
[438.053s][info][gc          ] GC(969) Pause Remark 275M->139M(404M) 16.250ms
[438.053s][info][gc,cpu      ] GC(969) User=0.03s Sys=0.00s Real=0.01s
[438.053s][info][gc,marking  ] GC(969) Concurrent Mark 88.769ms
[438.053s][info][gc,marking  ] GC(969) Concurrent Rebuild Remembered Sets and Scrub Regions
[438.088s][info][gc,marking  ] GC(969) Concurrent Rebuild Remembered Sets and Scrub Regions 35.098ms
[438.088s][info][gc,start    ] GC(969) Pause Cleanup
[438.088s][info][gc          ] GC(969) Pause Cleanup 148M->148M(404M) 0.049ms
[438.089s][info][gc,cpu      ] GC(969) User=0.00s Sys=0.00s Real=0.00s
[438.089s][info][gc,marking  ] GC(969) Concurrent Clear Claimed Marks
[438.089s][info][gc,marking  ] GC(969) Concurrent Clear Claimed Marks 0.037ms
[438.089s][info][gc,marking  ] GC(969) Concurrent Cleanup for Next Mark
[438.090s][info][gc,marking  ] GC(969) Concurrent Cleanup for Next Mark 1.170ms
[438.090s][info][gc          ] GC(969) Concurrent Mark Cycle 138.722ms
[438.499s][info][gc,start    ] GC(970) Pause Young (Prepare Mixed) (G1 Evacuation Pause)
[438.499s][info][gc,task     ] GC(970) Using 2 workers of 2 for evacuation
[438.531s][info][gc,phases   ] GC(970)   Pre Evacuate Collection Set: 0.24ms
[438.531s][info][gc,phases   ] GC(970)   Merge Heap Roots: 0.15ms
[438.531s][info][gc,phases   ] GC(970)   Evacuate Collection Set: 30.98ms
[438.531s][info][gc,phases   ] GC(970)   Post Evacuate Collection Set: 0.44ms
[438.531s][info][gc,phases   ] GC(970)   Other: 0.08ms
[438.531s][info][gc,heap     ] GC(970) Eden regions: 146->0(119)
[438.531s][info][gc,heap     ] GC(970) Survivor regions: 25->22(22)
[438.531s][info][gc,heap     ] GC(970) Old regions: 92->114
[438.531s][info][gc,heap     ] GC(970) Humongous regions: 4->3
[438.531s][info][gc,metaspace] GC(970) Metaspace: 43044K(43392K)->43044K(43392K) NonClass: 40236K(40448K)->40236K(40448K) Class: 2808K(2944K)->2808K(2944K)
[438.531s][info][gc          ] GC(970) Pause Young (Prepare Mixed) (G1 Evacuation Pause) 266M->138M(404M) 32.091ms
[438.532s][info][gc,cpu      ] GC(970) User=0.06s Sys=0.00s Real=0.03s
[438.924s][info][gc,start    ] GC(971) Pause Young (Mixed) (G1 Evacuation Pause)
[438.924s][info][gc,task     ] GC(971) Using 2 workers of 2 for evacuation
[438.957s][info][gc,phases   ] GC(971)   Pre Evacuate Collection Set: 0.21ms
[438.957s][info][gc,phases   ] GC(971)   Merge Heap Roots: 0.21ms
[438.957s][info][gc,phases   ] GC(971)   Evacuate Collection Set: 32.04ms
[438.957s][info][gc,phases   ] GC(971)   Post Evacuate Collection Set: 0.80ms
[438.957s][info][gc,phases   ] GC(971)   Other: 0.07ms
[438.957s][info][gc,heap     ] GC(971) Eden regions: 119->0(148)
[438.957s][info][gc,heap     ] GC(971) Survivor regions: 22->18(18)
[438.957s][info][gc,heap     ] GC(971) Old regions: 114->130
[438.957s][info][gc,heap     ] GC(971) Humongous regions: 4->4
[438.957s][info][gc,metaspace] GC(971) Metaspace: 43044K(43392K)->43044K(43392K) NonClass: 40236K(40448K)->40236K(40448K) Class: 2808K(2944K)->2808K(2944K)
[438.957s][info][gc          ] GC(971) Pause Young (Mixed) (G1 Evacuation Pause) 258M->151M(457M) 33.511ms
[438.957s][info][gc,cpu      ] GC(971) User=0.06s Sys=0.00s Real=0.04s
[438.998s][info][gc,start    ] GC(972) Pause Young (Concurrent Start) (G1 Humongous Allocation)
[438.998s][info][gc,task     ] GC(972) Using 2 workers of 2 for evacuation
[439.015s][info][gc,phases   ] GC(972)   Pre Evacuate Collection Set: 0.22ms
[439.015s][info][gc,phases   ] GC(972)   Merge Heap Roots: 0.13ms
[439.015s][info][gc,phases   ] GC(972)   Evacuate Collection Set: 15.76ms
[439.015s][info][gc,phases   ] GC(972)   Post Evacuate Collection Set: 0.34ms
[439.015s][info][gc,phases   ] GC(972)   Other: 0.12ms
[439.015s][info][gc,heap     ] GC(972) Eden regions: 13->0(141)
[439.015s][info][gc,heap     ] GC(972) Survivor regions: 18->8(21)
[439.015s][info][gc,heap     ] GC(972) Old regions: 130->148
[439.015s][info][gc,heap     ] GC(972) Humongous regions: 4->4
[439.015s][info][gc,metaspace] GC(972) Metaspace: 43044K(43392K)->43044K(43392K) NonClass: 40236K(40448K)->40236K(40448K) Class: 2808K(2944K)->2808K(2944K)
[439.015s][info][gc          ] GC(972) Pause Young (Concurrent Start) (G1 Humongous Allocation) 164M->158M(457M) 16.745ms
[439.015s][info][gc          ] GC(973) Concurrent Mark Cycle
[439.015s][info][gc,marking  ] GC(973) Concurrent Scan Root Regions
[439.016s][info][gc,cpu      ] GC(972) User=0.03s Sys=0.00s Real=0.01s
[439.026s][info][gc,marking  ] GC(973) Concurrent Scan Root Regions 10.620ms
[439.026s][info][gc,marking  ] GC(973) Concurrent Mark
[439.026s][info][gc,marking  ] GC(973) Concurrent Mark From Roots
[439.026s][info][gc,task     ] GC(973) Using 1 workers of 1 for marking
[439.124s][info][gc,marking  ] GC(973) Concurrent Mark From Roots 98.504ms
[439.124s][info][gc,marking  ] GC(973) Concurrent Preclean
[439.124s][info][gc,marking  ] GC(973) Concurrent Preclean 0.043ms
[439.124s][info][gc,start    ] GC(973) Pause Remark
[439.140s][info][gc          ] GC(973) Pause Remark 191M->182M(457M) 16.013ms
[439.141s][info][gc,cpu      ] GC(973) User=0.03s Sys=0.00s Real=0.02s
[439.141s][info][gc,marking  ] GC(973) Concurrent Mark 114.874ms
[439.141s][info][gc,marking  ] GC(973) Concurrent Rebuild Remembered Sets and Scrub Regions
[439.190s][info][gc,marking  ] GC(973) Concurrent Rebuild Remembered Sets and Scrub Regions 49.615ms
[439.190s][info][gc,start    ] GC(973) Pause Cleanup
[439.190s][info][gc          ] GC(973) Pause Cleanup 195M->195M(457M) 0.063ms
[439.190s][info][gc,cpu      ] GC(973) User=0.00s Sys=0.00s Real=0.00s
[439.190s][info][gc,marking  ] GC(973) Concurrent Clear Claimed Marks
[439.191s][info][gc,marking  ] GC(973) Concurrent Clear Claimed Marks 0.038ms
[439.191s][info][gc,marking  ] GC(973) Concurrent Cleanup for Next Mark
[439.192s][info][gc,marking  ] GC(973) Concurrent Cleanup for Next Mark 1.915ms
[439.192s][info][gc          ] GC(973) Concurrent Mark Cycle 177.419ms
[439.535s][info][gc,start    ] GC(974) Pause Young (Prepare Mixed) (G1 Evacuation Pause)
[439.535s][info][gc,task     ] GC(974) Using 2 workers of 2 for evacuation
[439.557s][info][gc,phases   ] GC(974)   Pre Evacuate Collection Set: 0.28ms
[439.557s][info][gc,phases   ] GC(974)   Merge Heap Roots: 0.13ms
[439.557s][info][gc,phases   ] GC(974)   Evacuate Collection Set: 21.12ms
[439.557s][info][gc,phases   ] GC(974)   Post Evacuate Collection Set: 0.44ms
[439.557s][info][gc,phases   ] GC(974)   Other: 0.13ms
[439.557s][info][gc,heap     ] GC(974) Eden regions: 141->0(137)
[439.557s][info][gc,heap     ] GC(974) Survivor regions: 8->19(19)
[439.557s][info][gc,heap     ] GC(974) Old regions: 139->155
[439.557s][info][gc,heap     ] GC(974) Humongous regions: 6->4
[439.557s][info][gc,metaspace] GC(974) Metaspace: 43044K(43392K)->43044K(43392K) NonClass: 40236K(40448K)->40236K(40448K) Class: 2808K(2944K)->2808K(2944K)
[439.557s][info][gc          ] GC(974) Pause Young (Prepare Mixed) (G1 Evacuation Pause) 292M->177M(457M) 22.310ms
[439.557s][info][gc,cpu      ] GC(974) User=0.04s Sys=0.00s Real=0.03s
[439.999s][info][gc,start    ] GC(975) Pause Young (Mixed) (G1 Evacuation Pause)
[439.999s][info][gc,task     ] GC(975) Using 2 workers of 2 for evacuation
[440.032s][info][gc,phases   ] GC(975)   Pre Evacuate Collection Set: 0.24ms
[440.032s][info][gc,phases   ] GC(975)   Merge Heap Roots: 0.36ms
[440.032s][info][gc,phases   ] GC(975)   Evacuate Collection Set: 31.02ms
[440.032s][info][gc,phases   ] GC(975)   Post Evacuate Collection Set: 0.46ms
[440.032s][info][gc,phases   ] GC(975)   Other: 0.08ms
[440.032s][info][gc,heap     ] GC(975) Eden regions: 137->0(154)
[440.032s][info][gc,heap     ] GC(975) Survivor regions: 19->20(20)
[440.032s][info][gc,heap     ] GC(975) Old regions: 155->137
[440.032s][info][gc,heap     ] GC(975) Humongous regions: 6->5
[440.032s][info][gc,metaspace] GC(975) Metaspace: 43044K(43392K)->43044K(43392K) NonClass: 40236K(40448K)->40236K(40448K) Class: 2808K(2944K)->2808K(2944K)
[440.032s][info][gc          ] GC(975) Pause Young (Mixed) (G1 Evacuation Pause) 316M->161M(457M) 32.342ms
[440.032s][info][gc,cpu      ] GC(975) User=0.07s Sys=0.00s Real=0.03s
[440.325s][info][gc,start    ] GC(976) Pause Young (Concurrent Start) (G1 Humongous Allocation)
[440.325s][info][gc,task     ] GC(976) Using 2 workers of 2 for evacuation
[440.354s][info][gc,phases   ] GC(976)   Pre Evacuate Collection Set: 0.31ms
[440.354s][info][gc,phases   ] GC(976)   Merge Heap Roots: 0.18ms
[440.354s][info][gc,phases   ] GC(976)   Evacuate Collection Set: 27.86ms
[440.354s][info][gc,phases   ] GC(976)   Post Evacuate Collection Set: 0.38ms
[440.354s][info][gc,phases   ] GC(976)   Other: 0.14ms
[440.354s][info][gc,heap     ] GC(976) Eden regions: 93->0(149)
[440.354s][info][gc,heap     ] GC(976) Survivor regions: 20->22(22)
[440.354s][info][gc,heap     ] GC(976) Old regions: 137->157
[440.354s][info][gc,heap     ] GC(976) Humongous regions: 5->5
[440.354s][info][gc,metaspace] GC(976) Metaspace: 43044K(43392K)->43044K(43392K) NonClass: 40236K(40448K)->40236K(40448K) Class: 2808K(2944K)->2808K(2944K)
[440.354s][info][gc          ] GC(976) Pause Young (Concurrent Start) (G1 Humongous Allocation) 254M->183M(457M) 29.124ms
[440.354s][info][gc          ] GC(977) Concurrent Mark Cycle
[440.354s][info][gc,marking  ] GC(977) Concurrent Scan Root Regions
[440.355s][info][gc,cpu      ] GC(976) User=0.05s Sys=0.00s Real=0.03s
[440.371s][info][gc,marking  ] GC(977) Concurrent Scan Root Regions 17.065ms
[440.371s][info][gc,marking  ] GC(977) Concurrent Mark
[440.371s][info][gc,marking  ] GC(977) Concurrent Mark From Roots
[440.371s][info][gc,task     ] GC(977) Using 1 workers of 1 for marking
[440.466s][info][gc,marking  ] GC(977) Concurrent Mark From Roots 95.258ms
[440.466s][info][gc,marking  ] GC(977) Concurrent Preclean
[440.466s][info][gc,marking  ] GC(977) Concurrent Preclean 0.046ms
[440.466s][info][gc,start    ] GC(977) Pause Remark
[440.482s][info][gc          ] GC(977) Pause Remark 212M->180M(457M) 16.033ms
[440.483s][info][gc,cpu      ] GC(977) User=0.03s Sys=0.00s Real=0.02s
[440.483s][info][gc,marking  ] GC(977) Concurrent Mark 111.614ms
[440.483s][info][gc,marking  ] GC(977) Concurrent Rebuild Remembered Sets and Scrub Regions
[440.533s][info][gc,marking  ] GC(977) Concurrent Rebuild Remembered Sets and Scrub Regions 50.080ms
[440.533s][info][gc,start    ] GC(977) Pause Cleanup
[440.533s][info][gc          ] GC(977) Pause Cleanup 197M->197M(457M) 0.053ms
[440.533s][info][gc,cpu      ] GC(977) User=0.00s Sys=0.00s Real=0.00s
[440.533s][info][gc,marking  ] GC(977) Concurrent Clear Claimed Marks
[440.533s][info][gc,marking  ] GC(977) Concurrent Clear Claimed Marks 0.038ms
[440.533s][info][gc,marking  ] GC(977) Concurrent Cleanup for Next Mark
[440.534s][info][gc,marking  ] GC(977) Concurrent Cleanup for Next Mark 1.315ms
[440.534s][info][gc          ] GC(977) Concurrent Mark Cycle 180.447ms
[440.866s][info][gc,start    ] GC(978) Pause Young (Prepare Mixed) (G1 Evacuation Pause)
[440.866s][info][gc,task     ] GC(978) Using 2 workers of 2 for evacuation
[440.908s][info][gc,phases   ] GC(978)   Pre Evacuate Collection Set: 0.21ms
[440.908s][info][gc,phases   ] GC(978)   Merge Heap Roots: 0.10ms
[440.908s][info][gc,phases   ] GC(978)   Evacuate Collection Set: 41.19ms
[440.908s][info][gc,phases   ] GC(978)   Post Evacuate Collection Set: 0.48ms
[440.908s][info][gc,phases   ] GC(978)   Other: 0.07ms
[440.908s][info][gc,heap     ] GC(978) Eden regions: 149->0(139)
[440.908s][info][gc,heap     ] GC(978) Survivor regions: 22->22(22)
[440.908s][info][gc,heap     ] GC(978) Old regions: 126->170
[440.908s][info][gc,heap     ] GC(978) Humongous regions: 6->6
[440.908s][info][gc,metaspace] GC(978) Metaspace: 43044K(43392K)->43044K(43392K) NonClass: 40236K(40448K)->40236K(40448K) Class: 2808K(2944K)->2808K(2944K)
[440.908s][info][gc          ] GC(978) Pause Young (Prepare Mixed) (G1 Evacuation Pause) 302M->198M(457M) 42.301ms
[440.908s][info][gc,cpu      ] GC(978) User=0.08s Sys=0.00s Real=0.05s
[441.280s][info][gc,start    ] GC(979) Pause Young (Mixed) (G1 Evacuation Pause)
[441.280s][info][gc,task     ] GC(979) Using 2 workers of 2 for evacuation
[441.311s][info][gc,phases   ] GC(979)   Pre Evacuate Collection Set: 0.33ms
[441.311s][info][gc,phases   ] GC(979)   Merge Heap Roots: 0.42ms
[441.311s][info][gc,phases   ] GC(979)   Evacuate Collection Set: 29.10ms
[441.311s][info][gc,phases   ] GC(979)   Post Evacuate Collection Set: 0.44ms
[441.311s][info][gc,phases   ] GC(979)   Other: 0.08ms
[441.311s][info][gc,heap     ] GC(979) Eden regions: 139->0(155)
[441.311s][info][gc,heap     ] GC(979) Survivor regions: 22->9(21)
[441.311s][info][gc,heap     ] GC(979) Old regions: 170->172
[441.311s][info][gc,heap     ] GC(979) Humongous regions: 8->6
[441.311s][info][gc,metaspace] GC(979) Metaspace: 43044K(43392K)->43044K(43392K) NonClass: 40236K(40448K)->40236K(40448K) Class: 2808K(2944K)->2808K(2944K)
[441.311s][info][gc          ] GC(979) Pause Young (Mixed) (G1 Evacuation Pause) 339M->186M(457M) 30.569ms
[441.311s][info][gc,cpu      ] GC(979) User=0.06s Sys=0.01s Real=0.03s
[441.765s][info][gc,start    ] GC(980) Pause Young (Concurrent Start) (G1 Evacuation Pause)
[441.765s][info][gc,task     ] GC(980) Using 2 workers of 2 for evacuation
[441.771s][info][gc,phases   ] GC(980)   Pre Evacuate Collection Set: 0.22ms
[441.771s][info][gc,phases   ] GC(980)   Merge Heap Roots: 0.07ms
[441.771s][info][gc,phases   ] GC(980)   Evacuate Collection Set: 5.27ms
[441.771s][info][gc,phases   ] GC(980)   Post Evacuate Collection Set: 0.39ms
[441.771s][info][gc,phases   ] GC(980)   Other: 0.09ms
[441.771s][info][gc,heap     ] GC(980) Eden regions: 155->0(169)
[441.771s][info][gc,heap     ] GC(980) Survivor regions: 9->9(21)
[441.771s][info][gc,heap     ] GC(980) Old regions: 172->172
[441.771s][info][gc,heap     ] GC(980) Humongous regions: 6->6
[441.771s][info][gc,metaspace] GC(980) Metaspace: 43044K(43392K)->43044K(43392K) NonClass: 40236K(40448K)->40236K(40448K) Class: 2808K(2944K)->2808K(2944K)
[441.771s][info][gc          ] GC(980) Pause Young (Concurrent Start) (G1 Evacuation Pause) 341M->186M(457M) 6.225ms
[441.771s][info][gc,cpu      ] GC(980) User=0.01s Sys=0.00s Real=0.01s
[441.771s][info][gc          ] GC(981) Concurrent Mark Cycle
[441.771s][info][gc,marking  ] GC(981) Concurrent Scan Root Regions
[441.775s][info][gc,marking  ] GC(981) Concurrent Scan Root Regions 3.893ms
[441.775s][info][gc,marking  ] GC(981) Concurrent Mark
[441.775s][info][gc,marking  ] GC(981) Concurrent Mark From Roots
[441.775s][info][gc,task     ] GC(981) Using 1 workers of 1 for marking
[441.857s][info][gc,marking  ] GC(981) Concurrent Mark From Roots 82.384ms
[441.857s][info][gc,marking  ] GC(981) Concurrent Preclean
[441.857s][info][gc,marking  ] GC(981) Concurrent Preclean 0.037ms
[441.858s][info][gc,start    ] GC(981) Pause Remark
[441.874s][info][gc          ] GC(981) Pause Remark 212M->142M(390M) 15.970ms
[441.874s][info][gc,cpu      ] GC(981) User=0.03s Sys=0.00s Real=0.01s
[441.876s][info][gc,marking  ] GC(981) Concurrent Mark 100.655ms
[441.876s][info][gc,marking  ] GC(981) Concurrent Rebuild Remembered Sets and Scrub Regions
[441.910s][info][gc,marking  ] GC(981) Concurrent Rebuild Remembered Sets and Scrub Regions 33.930ms
[441.910s][info][gc,start    ] GC(981) Pause Cleanup
[441.910s][info][gc          ] GC(981) Pause Cleanup 154M->154M(390M) 0.049ms
[441.910s][info][gc,cpu      ] GC(981) User=0.00s Sys=0.00s Real=0.00s
[441.910s][info][gc,marking  ] GC(981) Concurrent Clear Claimed Marks
[441.910s][info][gc,marking  ] GC(981) Concurrent Clear Claimed Marks 0.037ms
[441.910s][info][gc,marking  ] GC(981) Concurrent Cleanup for Next Mark
[441.911s][info][gc,marking  ] GC(981) Concurrent Cleanup for Next Mark 1.096ms
[441.911s][info][gc          ] GC(981) Concurrent Mark Cycle 139.993ms
[442.260s][info][gc,start    ] GC(982) Pause Young (Prepare Mixed) (G1 Evacuation Pause)
[442.260s][info][gc,task     ] GC(982) Using 2 workers of 2 for evacuation
[442.266s][info][gc,phases   ] GC(982)   Pre Evacuate Collection Set: 0.26ms
[442.266s][info][gc,phases   ] GC(982)   Merge Heap Roots: 0.09ms
[442.266s][info][gc,phases   ] GC(982)   Evacuate Collection Set: 5.32ms
[442.266s][info][gc,phases   ] GC(982)   Post Evacuate Collection Set: 0.42ms
[442.266s][info][gc,phases   ] GC(982)   Other: 0.07ms
[442.266s][info][gc,heap     ] GC(982) Eden regions: 169->0(183)
[442.266s][info][gc,heap     ] GC(982) Survivor regions: 9->9(23)
[442.266s][info][gc,heap     ] GC(982) Old regions: 105->105
[442.266s][info][gc,heap     ] GC(982) Humongous regions: 4->3
[442.266s][info][gc,metaspace] GC(982) Metaspace: 43044K(43392K)->43044K(43392K) NonClass: 40236K(40448K)->40236K(40448K) Class: 2808K(2944K)->2808K(2944K)
[442.266s][info][gc          ] GC(982) Pause Young (Prepare Mixed) (G1 Evacuation Pause) 286M->116M(390M) 6.323ms
[442.266s][info][gc,cpu      ] GC(982) User=0.01s Sys=0.00s Real=0.00s
[442.646s][info][gc,start    ] GC(983) Pause Young (Mixed) (G1 Evacuation Pause)
[442.646s][info][gc,task     ] GC(983) Using 2 workers of 2 for evacuation
[442.658s][info][gc,phases   ] GC(983)   Pre Evacuate Collection Set: 0.22ms
[442.658s][info][gc,phases   ] GC(983)   Merge Heap Roots: 0.14ms
[442.658s][info][gc,phases   ] GC(983)   Evacuate Collection Set: 11.11ms
[442.658s][info][gc,phases   ] GC(983)   Post Evacuate Collection Set: 0.46ms
[442.658s][info][gc,phases   ] GC(983)   Other: 0.09ms
[442.658s][info][gc,heap     ] GC(983) Eden regions: 183->0(206)
[442.658s][info][gc,heap     ] GC(983) Survivor regions: 9->13(24)
[442.658s][info][gc,heap     ] GC(983) Old regions: 105->80
[442.658s][info][gc,heap     ] GC(983) Humongous regions: 3->1
[442.658s][info][gc,metaspace] GC(983) Metaspace: 43044K(43392K)->43044K(43392K) NonClass: 40236K(40448K)->40236K(40448K) Class: 2808K(2944K)->2808K(2944K)
[442.658s][info][gc          ] GC(983) Pause Young (Mixed) (G1 Evacuation Pause) 299M->92M(390M) 12.218ms
[442.658s][info][gc,cpu      ] GC(983) User=0.03s Sys=0.01s Real=0.02s
[442.977s][info][gc,start    ] GC(984) Pause Young (Concurrent Start) (G1 Evacuation Pause)
[442.977s][info][gc,task     ] GC(984) Using 2 workers of 2 for evacuation
[442.984s][info][gc,phases   ] GC(984)   Pre Evacuate Collection Set: 0.21ms
[442.984s][info][gc,phases   ] GC(984)   Merge Heap Roots: 0.10ms
[442.984s][info][gc,phases   ] GC(984)   Evacuate Collection Set: 5.98ms
[442.984s][info][gc,phases   ] GC(984)   Post Evacuate Collection Set: 0.44ms
[442.984s][info][gc,phases   ] GC(984)   Other: 0.08ms
[442.984s][info][gc,heap     ] GC(984) Eden regions: 206->0(220)
[442.984s][info][gc,heap     ] GC(984) Survivor regions: 13->11(28)
[442.984s][info][gc,heap     ] GC(984) Old regions: 80->80
[442.984s][info][gc,heap     ] GC(984) Humongous regions: 1->1
[442.984s][info][gc,metaspace] GC(984) Metaspace: 43044K(43392K)->43044K(43392K) NonClass: 40236K(40448K)->40236K(40448K) Class: 2808K(2944K)->2808K(2944K)
[442.984s][info][gc          ] GC(984) Pause Young (Concurrent Start) (G1 Evacuation Pause) 298M->90M(390M) 7.020ms
[442.984s][info][gc,cpu      ] GC(984) User=0.02s Sys=0.00s Real=0.00s
[442.984s][info][gc          ] GC(985) Concurrent Mark Cycle
[442.984s][info][gc,marking  ] GC(985) Concurrent Scan Root Regions
[442.989s][info][gc,marking  ] GC(985) Concurrent Scan Root Regions 5.038ms
[442.989s][info][gc,marking  ] GC(985) Concurrent Mark
[442.989s][info][gc,marking  ] GC(985) Concurrent Mark From Roots
[442.989s][info][gc,task     ] GC(985) Using 1 workers of 1 for marking
[443.066s][info][gc,marking  ] GC(985) Concurrent Mark From Roots 76.371ms
[443.066s][info][gc,marking  ] GC(985) Concurrent Preclean
[443.066s][info][gc,marking  ] GC(985) Concurrent Preclean 0.034ms
[443.066s][info][gc,start    ] GC(985) Pause Remark
[443.082s][info][gc          ] GC(985) Pause Remark 144M->139M(290M) 16.084ms
[443.082s][info][gc,cpu      ] GC(985) User=0.03s Sys=0.00s Real=0.02s
[443.082s][info][gc,marking  ] GC(985) Concurrent Mark 92.744ms
[443.082s][info][gc,marking  ] GC(985) Concurrent Rebuild Remembered Sets and Scrub Regions
[443.114s][info][gc,marking  ] GC(985) Concurrent Rebuild Remembered Sets and Scrub Regions 32.081ms
[443.114s][info][gc,start    ] GC(985) Pause Cleanup
[443.115s][info][gc          ] GC(985) Pause Cleanup 159M->159M(290M) 0.043ms
[443.115s][info][gc,cpu      ] GC(985) User=0.00s Sys=0.00s Real=0.00s
[443.115s][info][gc,marking  ] GC(985) Concurrent Clear Claimed Marks
[443.115s][info][gc,marking  ] GC(985) Concurrent Clear Claimed Marks 0.036ms
[443.115s][info][gc,marking  ] GC(985) Concurrent Cleanup for Next Mark
[443.115s][info][gc,marking  ] GC(985) Concurrent Cleanup for Next Mark 0.833ms
[443.115s][info][gc          ] GC(985) Concurrent Mark Cycle 131.057ms
[443.547s][info][gc,start    ] GC(986) Pause Young (Prepare Mixed) (G1 Evacuation Pause)
[443.547s][info][gc,task     ] GC(986) Using 2 workers of 2 for evacuation
[443.562s][info][gc,phases   ] GC(986)   Pre Evacuate Collection Set: 0.20ms
[443.562s][info][gc,phases   ] GC(986)   Merge Heap Roots: 0.09ms
[443.562s][info][gc,phases   ] GC(986)   Evacuate Collection Set: 13.90ms
[443.562s][info][gc,phases   ] GC(986)   Post Evacuate Collection Set: 0.67ms
[443.562s][info][gc,phases   ] GC(986)   Other: 0.08ms
[443.562s][info][gc,heap     ] GC(986) Eden regions: 163->0(234)
[443.562s][info][gc,heap     ] GC(986) Survivor regions: 11->12(29)
[443.562s][info][gc,heap     ] GC(986) Old regions: 75->75
[443.562s][info][gc,heap     ] GC(986) Humongous regions: 149->3
[443.562s][info][gc,metaspace] GC(986) Metaspace: 43044K(43392K)->43044K(43392K) NonClass: 40236K(40448K)->40236K(40448K) Class: 2808K(2944K)->2808K(2944K)
[443.562s][info][gc          ] GC(986) Pause Young (Prepare Mixed) (G1 Evacuation Pause) 396M->89M(410M) 15.154ms
[443.562s][info][gc,cpu      ] GC(986) User=0.03s Sys=0.00s Real=0.01s
[444.183s][info][gc,start    ] GC(987) Pause Young (Mixed) (G1 Evacuation Pause)
[444.184s][info][gc,task     ] GC(987) Using 2 workers of 2 for evacuation
[444.211s][info][gc,phases   ] GC(987)   Pre Evacuate Collection Set: 0.32ms
[444.211s][info][gc,phases   ] GC(987)   Merge Heap Roots: 0.17ms
[444.211s][info][gc,phases   ] GC(987)   Evacuate Collection Set: 25.53ms
[444.211s][info][gc,phases   ] GC(987)   Post Evacuate Collection Set: 1.31ms
[444.211s][info][gc,phases   ] GC(987)   Other: 0.07ms
[444.211s][info][gc,heap     ] GC(987) Eden regions: 64->0(325)
[444.211s][info][gc,heap     ] GC(987) Survivor regions: 12->17(32)
[444.211s][info][gc,heap     ] GC(987) Old regions: 75->70
[444.211s][info][gc,heap     ] GC(987) Humongous regions: 399->3
[444.211s][info][gc,metaspace] GC(987) Metaspace: 43046K(43392K)->43046K(43392K) NonClass: 40238K(40448K)->40238K(40448K) Class: 2808K(2944K)->2808K(2944K)
[444.211s][info][gc          ] GC(987) Pause Young (Mixed) (G1 Evacuation Pause) 549M->89M(570M) 27.624ms
[444.211s][info][gc,cpu      ] GC(987) User=0.05s Sys=0.00s Real=0.03s
[444.231s][info][gc,start    ] GC(988) Pause Young (Concurrent Start) (G1 Humongous Allocation)
[444.231s][info][gc,task     ] GC(988) Using 2 workers of 2 for evacuation
[444.245s][info][gc,phases   ] GC(988)   Pre Evacuate Collection Set: 0.26ms
[444.245s][info][gc,phases   ] GC(988)   Merge Heap Roots: 0.09ms
[444.245s][info][gc,phases   ] GC(988)   Evacuate Collection Set: 12.59ms
[444.245s][info][gc,phases   ] GC(988)   Post Evacuate Collection Set: 0.32ms
[444.245s][info][gc,phases   ] GC(988)   Other: 0.09ms
[444.245s][info][gc,heap     ] GC(988) Eden regions: 3->0(324)
[444.245s][info][gc,heap     ] GC(988) Survivor regions: 17->18(43)
[444.245s][info][gc,heap     ] GC(988) Old regions: 70->70
[444.245s][info][gc,heap     ] GC(988) Humongous regions: 13->1
[444.245s][info][gc,metaspace] GC(988) Metaspace: 43046K(43392K)->43046K(43392K) NonClass: 40238K(40448K)->40238K(40448K) Class: 2808K(2944K)->2808K(2944K)
[444.245s][info][gc          ] GC(988) Pause Young (Concurrent Start) (G1 Humongous Allocation) 102M->88M(570M) 13.552ms
[444.245s][info][gc,cpu      ] GC(988) User=0.02s Sys=0.00s Real=0.01s
[444.245s][info][gc          ] GC(989) Concurrent Undo Cycle
[444.245s][info][gc,marking  ] GC(989) Concurrent Clear Claimed Marks
[444.245s][info][gc,marking  ] GC(989) Concurrent Clear Claimed Marks 0.037ms
[444.245s][info][gc,marking  ] GC(989) Concurrent Cleanup for Next Mark
[444.245s][info][gc,marking  ] GC(989) Concurrent Cleanup for Next Mark 0.130ms
[444.245s][info][gc          ] GC(989) Concurrent Undo Cycle 0.204ms
[444.250s][info][gc,start    ] GC(990) Pause Young (Concurrent Start) (G1 Humongous Allocation)
[444.250s][info][gc,task     ] GC(990) Using 2 workers of 2 for evacuation
[444.263s][info][gc,phases   ] GC(990)   Pre Evacuate Collection Set: 0.22ms
[444.263s][info][gc,phases   ] GC(990)   Merge Heap Roots: 0.05ms
[444.263s][info][gc,phases   ] GC(990)   Evacuate Collection Set: 12.75ms
[444.263s][info][gc,phases   ] GC(990)   Post Evacuate Collection Set: 0.36ms
[444.263s][info][gc,phases   ] GC(990)   Other: 0.07ms
[444.263s][info][gc,heap     ] GC(990) Eden regions: 1->0(324)
[444.263s][info][gc,heap     ] GC(990) Survivor regions: 18->18(43)
[444.263s][info][gc,heap     ] GC(990) Old regions: 70->70
[444.263s][info][gc,heap     ] GC(990) Humongous regions: 3->1
[444.263s][info][gc,metaspace] GC(990) Metaspace: 43046K(43392K)->43046K(43392K) NonClass: 40238K(40448K)->40238K(40448K) Class: 2808K(2944K)->2808K(2944K)
[444.263s][info][gc          ] GC(990) Pause Young (Concurrent Start) (G1 Humongous Allocation) 90M->87M(570M) 13.588ms
[444.263s][info][gc          ] GC(991) Concurrent Mark Cycle
[444.263s][info][gc,marking  ] GC(991) Concurrent Scan Root Regions
[444.266s][info][gc,cpu      ] GC(990) User=0.03s Sys=0.00s Real=0.01s
[444.273s][info][gc,marking  ] GC(991) Concurrent Scan Root Regions 9.169ms
[444.273s][info][gc,marking  ] GC(991) Concurrent Mark
[444.273s][info][gc,marking  ] GC(991) Concurrent Mark From Roots
[444.273s][info][gc,task     ] GC(991) Using 1 workers of 1 for marking
[444.350s][info][gc,marking  ] GC(991) Concurrent Mark From Roots 77.163ms
[444.350s][info][gc,marking  ] GC(991) Concurrent Preclean
[444.350s][info][gc,marking  ] GC(991) Concurrent Preclean 0.038ms
[444.350s][info][gc,start    ] GC(991) Pause Remark
[444.366s][info][gc          ] GC(991) Pause Remark 149M->149M(470M) 16.529ms
[444.367s][info][gc,cpu      ] GC(991) User=0.03s Sys=0.00s Real=0.01s
[444.367s][info][gc,marking  ] GC(991) Concurrent Mark 94.018ms
[444.367s][info][gc,marking  ] GC(991) Concurrent Rebuild Remembered Sets and Scrub Regions
[444.397s][info][gc,marking  ] GC(991) Concurrent Rebuild Remembered Sets and Scrub Regions 30.246ms
[444.397s][info][gc,start    ] GC(991) Pause Cleanup
[444.397s][info][gc          ] GC(991) Pause Cleanup 167M->167M(470M) 0.064ms
[444.397s][info][gc,cpu      ] GC(991) User=0.00s Sys=0.00s Real=0.00s
[444.397s][info][gc,marking  ] GC(991) Concurrent Clear Claimed Marks
[444.397s][info][gc,marking  ] GC(991) Concurrent Clear Claimed Marks 0.042ms
[444.397s][info][gc,marking  ] GC(991) Concurrent Cleanup for Next Mark
[444.400s][info][gc,marking  ] GC(991) Concurrent Cleanup for Next Mark 3.051ms
[444.400s][info][gc          ] GC(991) Concurrent Mark Cycle 136.889ms
[444.924s][info][gc,start    ] GC(992) Pause Young (Prepare Mixed) (G1 Evacuation Pause)
[444.924s][info][gc,task     ] GC(992) Using 2 workers of 2 for evacuation
[444.959s][info][gc,phases   ] GC(992)   Pre Evacuate Collection Set: 0.29ms
[444.959s][info][gc,phases   ] GC(992)   Merge Heap Roots: 0.07ms
[444.959s][info][gc,phases   ] GC(992)   Evacuate Collection Set: 34.09ms
[444.959s][info][gc,phases   ] GC(992)   Post Evacuate Collection Set: 0.86ms
[444.959s][info][gc,phases   ] GC(992)   Other: 0.07ms
[444.959s][info][gc,heap     ] GC(992) Eden regions: 73->0(316)
[444.959s][info][gc,heap     ] GC(992) Survivor regions: 18->28(38)
[444.959s][info][gc,heap     ] GC(992) Old regions: 70->70
[444.959s][info][gc,heap     ] GC(992) Humongous regions: 385->3
[444.959s][info][gc,metaspace] GC(992) Metaspace: 43046K(43392K)->43046K(43392K) NonClass: 40238K(40448K)->40238K(40448K) Class: 2808K(2944K)->2808K(2944K)
[444.959s][info][gc          ] GC(992) Pause Young (Prepare Mixed) (G1 Evacuation Pause) 544M->100M(574M) 35.582ms
[444.960s][info][gc,cpu      ] GC(992) User=0.05s Sys=0.02s Real=0.04s
[445.625s][info][gc,start    ] GC(993) Pause Young (Mixed) (G1 Evacuation Pause)
[445.625s][info][gc,task     ] GC(993) Using 2 workers of 2 for evacuation
[445.642s][info][gc,phases   ] GC(993)   Pre Evacuate Collection Set: 0.29ms
[445.643s][info][gc,phases   ] GC(993)   Merge Heap Roots: 0.11ms
[445.643s][info][gc,phases   ] GC(993)   Evacuate Collection Set: 15.97ms
[445.643s][info][gc,phases   ] GC(993)   Post Evacuate Collection Set: 1.14ms
[445.643s][info][gc,phases   ] GC(993)   Other: 0.07ms
[445.643s][info][gc,heap     ] GC(993) Eden regions: 95->0(361)
[445.643s][info][gc,heap     ] GC(993) Survivor regions: 28->6(45)
[445.643s][info][gc,heap     ] GC(993) Old regions: 70->73
[445.643s][info][gc,heap     ] GC(993) Humongous regions: 403->1
[445.643s][info][gc,metaspace] GC(993) Metaspace: 43050K(43392K)->43050K(43392K) NonClass: 40242K(40448K)->40242K(40448K) Class: 2808K(2944K)->2808K(2944K)
[445.643s][info][gc          ] GC(993) Pause Young (Mixed) (G1 Evacuation Pause) 595M->77M(612M) 17.767ms
[445.643s][info][gc,cpu      ] GC(993) User=0.03s Sys=0.01s Real=0.02s
[445.738s][info][gc,start    ] GC(994) Pause Young (Concurrent Start) (G1 Humongous Allocation)
[445.738s][info][gc,task     ] GC(994) Using 2 workers of 2 for evacuation
[445.746s][info][gc,phases   ] GC(994)   Pre Evacuate Collection Set: 0.27ms
[445.746s][info][gc,phases   ] GC(994)   Merge Heap Roots: 0.07ms
[445.746s][info][gc,phases   ] GC(994)   Evacuate Collection Set: 6.76ms
[445.746s][info][gc,phases   ] GC(994)   Post Evacuate Collection Set: 0.48ms
[445.746s][info][gc,phases   ] GC(994)   Other: 0.11ms
[445.746s][info][gc,heap     ] GC(994) Eden regions: 25->0(360)
[445.746s][info][gc,heap     ] GC(994) Survivor regions: 6->7(46)
[445.746s][info][gc,heap     ] GC(994) Old regions: 73->73
[445.746s][info][gc,heap     ] GC(994) Humongous regions: 1->1
[445.746s][info][gc,metaspace] GC(994) Metaspace: 43050K(43392K)->43050K(43392K) NonClass: 40242K(40448K)->40242K(40448K) Class: 2808K(2944K)->2808K(2944K)
[445.746s][info][gc          ] GC(994) Pause Young (Concurrent Start) (G1 Humongous Allocation) 102M->79M(612M) 7.870ms
[445.746s][info][gc,cpu      ] GC(994) User=0.01s Sys=0.00s Real=0.00s
[445.746s][info][gc          ] GC(995) Concurrent Mark Cycle
[445.746s][info][gc,marking  ] GC(995) Concurrent Scan Root Regions
[445.753s][info][gc,marking  ] GC(995) Concurrent Scan Root Regions 6.402ms
[445.753s][info][gc,marking  ] GC(995) Concurrent Mark
[445.753s][info][gc,marking  ] GC(995) Concurrent Mark From Roots
[445.753s][info][gc,task     ] GC(995) Using 1 workers of 1 for marking
[445.837s][info][gc,marking  ] GC(995) Concurrent Mark From Roots 84.391ms
[445.837s][info][gc,marking  ] GC(995) Concurrent Preclean
[445.837s][info][gc,marking  ] GC(995) Concurrent Preclean 0.041ms
[445.837s][info][gc,start    ] GC(995) Pause Remark
[445.855s][info][gc          ] GC(995) Pause Remark 131M->118M(334M) 17.283ms
[445.855s][info][gc,cpu      ] GC(995) User=0.03s Sys=0.00s Real=0.01s
[445.855s][info][gc,marking  ] GC(995) Concurrent Mark 102.021ms
[445.855s][info][gc,marking  ] GC(995) Concurrent Rebuild Remembered Sets and Scrub Regions
[445.881s][info][gc,marking  ] GC(995) Concurrent Rebuild Remembered Sets and Scrub Regions 25.845ms
[445.881s][info][gc,start    ] GC(995) Pause Cleanup
[445.881s][info][gc          ] GC(995) Pause Cleanup 128M->128M(334M) 0.051ms
[445.881s][info][gc,cpu      ] GC(995) User=0.00s Sys=0.00s Real=0.00s
[445.881s][info][gc,marking  ] GC(995) Concurrent Clear Claimed Marks
[445.881s][info][gc,marking  ] GC(995) Concurrent Clear Claimed Marks 0.037ms
[445.881s][info][gc,marking  ] GC(995) Concurrent Cleanup for Next Mark
[445.882s][info][gc,marking  ] GC(995) Concurrent Cleanup for Next Mark 1.174ms
[445.882s][info][gc          ] GC(995) Concurrent Mark Cycle 135.895ms
[446.268s][info][gc,start    ] GC(996) Pause Young (Prepare Mixed) (G1 Evacuation Pause)
[446.268s][info][gc,task     ] GC(996) Using 2 workers of 2 for evacuation
[446.276s][info][gc,phases   ] GC(996)   Pre Evacuate Collection Set: 0.29ms
[446.276s][info][gc,phases   ] GC(996)   Merge Heap Roots: 0.09ms
[446.276s][info][gc,phases   ] GC(996)   Evacuate Collection Set: 6.91ms
[446.276s][info][gc,phases   ] GC(996)   Post Evacuate Collection Set: 0.44ms
[446.276s][info][gc,phases   ] GC(996)   Other: 0.10ms
[446.276s][info][gc,heap     ] GC(996) Eden regions: 193->0(190)
[446.276s][info][gc,heap     ] GC(996) Survivor regions: 7->10(25)
[446.276s][info][gc,heap     ] GC(996) Old regions: 60->60
[446.276s][info][gc,heap     ] GC(996) Humongous regions: 45->1
[446.276s][info][gc,metaspace] GC(996) Metaspace: 43050K(43392K)->43050K(43392K) NonClass: 40242K(40448K)->40242K(40448K) Class: 2808K(2944K)->2808K(2944K)
[446.276s][info][gc          ] GC(996) Pause Young (Prepare Mixed) (G1 Evacuation Pause) 303M->69M(334M) 8.030ms
[446.276s][info][gc,cpu      ] GC(996) User=0.02s Sys=0.00s Real=0.00s
[446.680s][info][gc,start    ] GC(997) Pause Young (Mixed) (G1 Evacuation Pause)
[446.681s][info][gc,task     ] GC(997) Using 2 workers of 2 for evacuation
[446.690s][info][gc,phases   ] GC(997)   Pre Evacuate Collection Set: 0.22ms
[446.690s][info][gc,phases   ] GC(997)   Merge Heap Roots: 0.08ms
[446.690s][info][gc,phases   ] GC(997)   Evacuate Collection Set: 8.26ms
[446.690s][info][gc,phases   ] GC(997)   Post Evacuate Collection Set: 0.80ms
[446.690s][info][gc,phases   ] GC(997)   Other: 0.10ms
[446.690s][info][gc,heap     ] GC(997) Eden regions: 190->0(189)
[446.690s][info][gc,heap     ] GC(997) Survivor regions: 10->11(25)
[446.690s][info][gc,heap     ] GC(997) Old regions: 60->55
[446.690s][info][gc,heap     ] GC(997) Humongous regions: 1->1
[446.690s][info][gc,metaspace] GC(997) Metaspace: 43064K(43456K)->43064K(43456K) NonClass: 40256K(40512K)->40256K(40512K) Class: 2808K(2944K)->2808K(2944K)
[446.690s][info][gc          ] GC(997) Pause Young (Mixed) (G1 Evacuation Pause) 259M->65M(334M) 9.654ms
[446.690s][info][gc,cpu      ] GC(997) User=0.02s Sys=0.00s Real=0.01s
[447.071s][info][gc,start    ] GC(998) Pause Young (Concurrent Start) (G1 Evacuation Pause)
[447.071s][info][gc,task     ] GC(998) Using 2 workers of 2 for evacuation
[447.082s][info][gc,phases   ] GC(998)   Pre Evacuate Collection Set: 0.21ms
[447.082s][info][gc,phases   ] GC(998)   Merge Heap Roots: 0.08ms
[447.082s][info][gc,phases   ] GC(998)   Evacuate Collection Set: 9.23ms
[447.082s][info][gc,phases   ] GC(998)   Post Evacuate Collection Set: 0.81ms
[447.082s][info][gc,phases   ] GC(998)   Other: 0.09ms
[447.082s][info][gc,heap     ] GC(998) Eden regions: 189->0(186)
[447.082s][info][gc,heap     ] GC(998) Survivor regions: 11->14(25)
[447.082s][info][gc,heap     ] GC(998) Old regions: 55->55
[447.082s][info][gc,heap     ] GC(998) Humongous regions: 1->1
[447.082s][info][gc,metaspace] GC(998) Metaspace: 43064K(43456K)->43064K(43456K) NonClass: 40256K(40512K)->40256K(40512K) Class: 2808K(2944K)->2808K(2944K)
[447.082s][info][gc          ] GC(998) Pause Young (Concurrent Start) (G1 Evacuation Pause) 254M->68M(334M) 10.666ms
[447.082s][info][gc,cpu      ] GC(998) User=0.02s Sys=0.00s Real=0.01s
[447.082s][info][gc          ] GC(999) Concurrent Mark Cycle
[447.082s][info][gc,marking  ] GC(999) Concurrent Scan Root Regions
[447.088s][info][gc,marking  ] GC(999) Concurrent Scan Root Regions 5.755ms
[447.088s][info][gc,marking  ] GC(999) Concurrent Mark
[447.088s][info][gc,marking  ] GC(999) Concurrent Mark From Roots
[447.088s][info][gc,task     ] GC(999) Using 1 workers of 1 for marking
[447.153s][info][gc,marking  ] GC(999) Concurrent Mark From Roots 65.302ms
[447.153s][info][gc,marking  ] GC(999) Concurrent Preclean
[447.153s][info][gc,marking  ] GC(999) Concurrent Preclean 0.042ms
[447.154s][info][gc,start    ] GC(999) Pause Remark
[447.170s][info][gc          ] GC(999) Pause Remark 97M->97M(256M) 16.169ms
[447.170s][info][gc,cpu      ] GC(999) User=0.04s Sys=0.00s Real=0.02s
[447.170s][info][gc,marking  ] GC(999) Concurrent Mark 81.817ms
[447.170s][info][gc,marking  ] GC(999) Concurrent Rebuild Remembered Sets and Scrub Regions
[447.196s][info][gc,marking  ] GC(999) Concurrent Rebuild Remembered Sets and Scrub Regions 25.841ms
[447.196s][info][gc,start    ] GC(999) Pause Cleanup
[447.196s][info][gc          ] GC(999) Pause Cleanup 106M->106M(256M) 0.045ms
[447.196s][info][gc,cpu      ] GC(999) User=0.00s Sys=0.00s Real=0.00s
[447.196s][info][gc,marking  ] GC(999) Concurrent Clear Claimed Marks
[447.196s][info][gc,marking  ] GC(999) Concurrent Clear Claimed Marks 0.039ms
[447.196s][info][gc,marking  ] GC(999) Concurrent Cleanup for Next Mark
[447.197s][info][gc,marking  ] GC(999) Concurrent Cleanup for Next Mark 0.750ms
[447.197s][info][gc          ] GC(999) Concurrent Mark Cycle 114.644ms
[447.409s][info][gc,start    ] GC(1000) Pause Young (Prepare Mixed) (G1 Evacuation Pause)
[447.409s][info][gc,task     ] GC(1000) Using 2 workers of 2 for evacuation
[447.419s][info][gc,phases   ] GC(1000)   Pre Evacuate Collection Set: 0.16ms
[447.419s][info][gc,phases   ] GC(1000)   Merge Heap Roots: 0.08ms
[447.419s][info][gc,phases   ] GC(1000)   Evacuate Collection Set: 8.78ms
[447.419s][info][gc,phases   ] GC(1000)   Post Evacuate Collection Set: 0.42ms
[447.419s][info][gc,phases   ] GC(1000)   Other: 0.08ms
[447.419s][info][gc,heap     ] GC(1000) Eden regions: 139->0(143)
[447.419s][info][gc,heap     ] GC(1000) Survivor regions: 14->10(20)
[447.419s][info][gc,heap     ] GC(1000) Old regions: 55->59
[447.419s][info][gc,heap     ] GC(1000) Humongous regions: 1->1
[447.419s][info][gc,metaspace] GC(1000) Metaspace: 43066K(43456K)->43066K(43456K) NonClass: 40258K(40512K)->40258K(40512K) Class: 2808K(2944K)->2808K(2944K)
[447.419s][info][gc          ] GC(1000) Pause Young (Prepare Mixed) (G1 Evacuation Pause) 207M->67M(256M) 9.730ms
[447.419s][info][gc,cpu      ] GC(1000) User=0.02s Sys=0.00s Real=0.01s
[447.715s][info][gc,start    ] GC(1001) Pause Young (Mixed) (G1 Evacuation Pause)
[447.715s][info][gc,task     ] GC(1001) Using 2 workers of 2 for evacuation
[447.725s][info][gc,phases   ] GC(1001)   Pre Evacuate Collection Set: 0.15ms
[447.725s][info][gc,phases   ] GC(1001)   Merge Heap Roots: 0.15ms
[447.725s][info][gc,phases   ] GC(1001)   Evacuate Collection Set: 9.12ms
[447.725s][info][gc,phases   ] GC(1001)   Post Evacuate Collection Set: 0.52ms
[447.725s][info][gc,phases   ] GC(1001)   Other: 0.07ms
[447.725s][info][gc,heap     ] GC(1001) Eden regions: 143->0(141)
[447.725s][info][gc,heap     ] GC(1001) Survivor regions: 10->12(20)
[447.725s][info][gc,heap     ] GC(1001) Old regions: 59->55
[447.725s][info][gc,heap     ] GC(1001) Humongous regions: 1->1
[447.725s][info][gc,metaspace] GC(1001) Metaspace: 43066K(43456K)->43066K(43456K) NonClass: 40258K(40512K)->40258K(40512K) Class: 2808K(2944K)->2808K(2944K)
[447.725s][info][gc          ] GC(1001) Pause Young (Mixed) (G1 Evacuation Pause) 210M->66M(256M) 10.228ms
[447.725s][info][gc,cpu      ] GC(1001) User=0.02s Sys=0.01s Real=0.01s
[448.060s][info][gc,start    ] GC(1002) Pause Young (Concurrent Start) (G1 Evacuation Pause)
[448.060s][info][gc,task     ] GC(1002) Using 2 workers of 2 for evacuation
[448.064s][info][gc,phases   ] GC(1002)   Pre Evacuate Collection Set: 0.16ms
[448.064s][info][gc,phases   ] GC(1002)   Merge Heap Roots: 0.06ms
[448.064s][info][gc,phases   ] GC(1002)   Evacuate Collection Set: 3.75ms
[448.064s][info][gc,phases   ] GC(1002)   Post Evacuate Collection Set: 0.50ms
[448.064s][info][gc,phases   ] GC(1002)   Other: 0.08ms
[448.064s][info][gc,heap     ] GC(1002) Eden regions: 141->0(149)
[448.064s][info][gc,heap     ] GC(1002) Survivor regions: 12->4(20)
[448.064s][info][gc,heap     ] GC(1002) Old regions: 55->58
[448.065s][info][gc,heap     ] GC(1002) Humongous regions: 1->1
[448.065s][info][gc,metaspace] GC(1002) Metaspace: 43066K(43456K)->43066K(43456K) NonClass: 40258K(40512K)->40258K(40512K) Class: 2808K(2944K)->2808K(2944K)
[448.065s][info][gc          ] GC(1002) Pause Young (Concurrent Start) (G1 Evacuation Pause) 207M->61M(256M) 4.725ms
[448.065s][info][gc          ] GC(1003) Concurrent Mark Cycle
[448.065s][info][gc,marking  ] GC(1003) Concurrent Scan Root Regions
[448.067s][info][gc,cpu      ] GC(1002) User=0.01s Sys=0.00s Real=0.01s
[448.067s][info][gc,marking  ] GC(1003) Concurrent Scan Root Regions 2.266ms
[448.067s][info][gc,marking  ] GC(1003) Concurrent Mark
[448.067s][info][gc,marking  ] GC(1003) Concurrent Mark From Roots
[448.067s][info][gc,task     ] GC(1003) Using 1 workers of 1 for marking
[448.138s][info][gc,marking  ] GC(1003) Concurrent Mark From Roots 71.465ms
[448.138s][info][gc,marking  ] GC(1003) Concurrent Preclean
[448.138s][info][gc,marking  ] GC(1003) Concurrent Preclean 0.036ms
[448.139s][info][gc,start    ] GC(1003) Pause Remark
[448.155s][info][gc          ] GC(1003) Pause Remark 87M->87M(256M) 16.293ms
[448.155s][info][gc,cpu      ] GC(1003) User=0.03s Sys=0.00s Real=0.01s
[448.157s][info][gc,marking  ] GC(1003) Concurrent Mark 89.850ms
[448.157s][info][gc,marking  ] GC(1003) Concurrent Rebuild Remembered Sets and Scrub Regions
[448.194s][info][gc,marking  ] GC(1003) Concurrent Rebuild Remembered Sets and Scrub Regions 37.566ms
[448.194s][info][gc,start    ] GC(1003) Pause Cleanup
[448.195s][info][gc          ] GC(1003) Pause Cleanup 100M->100M(256M) 0.048ms
[448.195s][info][gc,cpu      ] GC(1003) User=0.00s Sys=0.00s Real=0.00s
[448.195s][info][gc,marking  ] GC(1003) Concurrent Clear Claimed Marks
[448.195s][info][gc,marking  ] GC(1003) Concurrent Clear Claimed Marks 0.038ms
[448.195s][info][gc,marking  ] GC(1003) Concurrent Cleanup for Next Mark
[448.195s][info][gc,marking  ] GC(1003) Concurrent Cleanup for Next Mark 0.759ms
[448.195s][info][gc          ] GC(1003) Concurrent Mark Cycle 130.823ms
[448.421s][info][gc,start    ] GC(1004) Pause Young (Prepare Mixed) (G1 Evacuation Pause)
[448.421s][info][gc,task     ] GC(1004) Using 2 workers of 2 for evacuation
[448.428s][info][gc,phases   ] GC(1004)   Pre Evacuate Collection Set: 0.18ms
[448.428s][info][gc,phases   ] GC(1004)   Merge Heap Roots: 0.08ms
[448.428s][info][gc,phases   ] GC(1004)   Evacuate Collection Set: 5.90ms
[448.428s][info][gc,phases   ] GC(1004)   Post Evacuate Collection Set: 0.44ms
[448.428s][info][gc,phases   ] GC(1004)   Other: 0.08ms
[448.428s][info][gc,heap     ] GC(1004) Eden regions: 149->0(143)
[448.428s][info][gc,heap     ] GC(1004) Survivor regions: 4->10(20)
[448.428s][info][gc,heap     ] GC(1004) Old regions: 58->58
[448.428s][info][gc,heap     ] GC(1004) Humongous regions: 1->1
[448.428s][info][gc,metaspace] GC(1004) Metaspace: 43066K(43456K)->43066K(43456K) NonClass: 40258K(40512K)->40258K(40512K) Class: 2808K(2944K)->2808K(2944K)
[448.428s][info][gc          ] GC(1004) Pause Young (Prepare Mixed) (G1 Evacuation Pause) 210M->67M(256M) 6.928ms
[448.428s][info][gc,cpu      ] GC(1004) User=0.01s Sys=0.00s Real=0.01s
[448.755s][info][gc,start    ] GC(1005) Pause Young (Mixed) (G1 Evacuation Pause)
[448.755s][info][gc,task     ] GC(1005) Using 2 workers of 2 for evacuation
[448.767s][info][gc,phases   ] GC(1005)   Pre Evacuate Collection Set: 0.16ms
[448.767s][info][gc,phases   ] GC(1005)   Merge Heap Roots: 0.10ms
[448.767s][info][gc,phases   ] GC(1005)   Evacuate Collection Set: 10.92ms
[448.767s][info][gc,phases   ] GC(1005)   Post Evacuate Collection Set: 0.62ms
[448.767s][info][gc,phases   ] GC(1005)   Other: 0.08ms
[448.767s][info][gc,heap     ] GC(1005) Eden regions: 143->0(141)
[448.767s][info][gc,heap     ] GC(1005) Survivor regions: 10->12(20)
[448.767s][info][gc,heap     ] GC(1005) Old regions: 58->56
[448.767s][info][gc,heap     ] GC(1005) Humongous regions: 1->1
[448.767s][info][gc,metaspace] GC(1005) Metaspace: 43067K(43456K)->43067K(43456K) NonClass: 40259K(40512K)->40259K(40512K) Class: 2808K(2944K)->2808K(2944K)
[448.767s][info][gc          ] GC(1005) Pause Young (Mixed) (G1 Evacuation Pause) 210M->67M(256M) 12.076ms
[448.767s][info][gc,cpu      ] GC(1005) User=0.02s Sys=0.00s Real=0.02s
[449.521s][info][gc,start    ] GC(1006) Pause Young (Concurrent Start) (G1 Humongous Allocation)
[449.521s][info][gc,task     ] GC(1006) Using 2 workers of 2 for evacuation
[449.526s][info][gc,phases   ] GC(1006)   Pre Evacuate Collection Set: 0.16ms
[449.526s][info][gc,phases   ] GC(1006)   Merge Heap Roots: 0.08ms
[449.526s][info][gc,phases   ] GC(1006)   Evacuate Collection Set: 4.36ms
[449.526s][info][gc,phases   ] GC(1006)   Post Evacuate Collection Set: 0.48ms
[449.526s][info][gc,phases   ] GC(1006)   Other: 0.09ms
[449.526s][info][gc,heap     ] GC(1006) Eden regions: 125->0(149)
[449.526s][info][gc,heap     ] GC(1006) Survivor regions: 12->4(20)
[449.526s][info][gc,heap     ] GC(1006) Old regions: 56->56
[449.526s][info][gc,heap     ] GC(1006) Humongous regions: 1->1
[449.526s][info][gc,metaspace] GC(1006) Metaspace: 43067K(43456K)->43067K(43456K) NonClass: 40259K(40512K)->40259K(40512K) Class: 2808K(2944K)->2808K(2944K)
[449.526s][info][gc          ] GC(1006) Pause Young (Concurrent Start) (G1 Humongous Allocation) 192M->59M(256M) 5.334ms
[449.526s][info][gc          ] GC(1007) Concurrent Mark Cycle
[449.526s][info][gc,marking  ] GC(1007) Concurrent Scan Root Regions
[449.527s][info][gc,cpu      ] GC(1006) User=0.01s Sys=0.00s Real=0.01s
[449.529s][info][gc,marking  ] GC(1007) Concurrent Scan Root Regions 2.653ms
[449.529s][info][gc,marking  ] GC(1007) Concurrent Mark
[449.529s][info][gc,marking  ] GC(1007) Concurrent Mark From Roots
[449.529s][info][gc,task     ] GC(1007) Using 1 workers of 1 for marking
[449.627s][info][gc,marking  ] GC(1007) Concurrent Mark From Roots 98.314ms
[449.627s][info][gc,marking  ] GC(1007) Concurrent Preclean
[449.627s][info][gc,marking  ] GC(1007) Concurrent Preclean 0.173ms
[449.628s][info][gc,start    ] GC(1007) Pause Remark
[449.644s][info][gc          ] GC(1007) Pause Remark 84M->82M(256M) 16.594ms
[449.644s][info][gc,cpu      ] GC(1007) User=0.03s Sys=0.00s Real=0.01s
[449.645s][info][gc,marking  ] GC(1007) Concurrent Mark 115.710ms
[449.645s][info][gc,marking  ] GC(1007) Concurrent Rebuild Remembered Sets and Scrub Regions
[449.668s][info][gc,marking  ] GC(1007) Concurrent Rebuild Remembered Sets and Scrub Regions 22.973ms
[449.668s][info][gc,start    ] GC(1007) Pause Cleanup
[449.668s][info][gc          ] GC(1007) Pause Cleanup 86M->86M(256M) 0.063ms
[449.668s][info][gc,cpu      ] GC(1007) User=0.00s Sys=0.00s Real=0.00s
[449.668s][info][gc,marking  ] GC(1007) Concurrent Clear Claimed Marks
[449.668s][info][gc,marking  ] GC(1007) Concurrent Clear Claimed Marks 0.033ms
[449.668s][info][gc,marking  ] GC(1007) Concurrent Cleanup for Next Mark
[449.669s][info][gc,marking  ] GC(1007) Concurrent Cleanup for Next Mark 0.773ms
[449.669s][info][gc          ] GC(1007) Concurrent Mark Cycle 142.478ms
[450.262s][info][gc,start    ] GC(1008) Pause Young (Prepare Mixed) (G1 Evacuation Pause)
[450.262s][info][gc,task     ] GC(1008) Using 2 workers of 2 for evacuation
[450.274s][info][gc,phases   ] GC(1008)   Pre Evacuate Collection Set: 0.18ms
[450.274s][info][gc,phases   ] GC(1008)   Merge Heap Roots: 0.09ms
[450.274s][info][gc,phases   ] GC(1008)   Evacuate Collection Set: 11.02ms
[450.274s][info][gc,phases   ] GC(1008)   Post Evacuate Collection Set: 0.50ms
[450.274s][info][gc,phases   ] GC(1008)   Other: 0.07ms
[450.274s][info][gc,heap     ] GC(1008) Eden regions: 149->0(141)
[450.274s][info][gc,heap     ] GC(1008) Survivor regions: 4->12(20)
[450.274s][info][gc,heap     ] GC(1008) Old regions: 54->54
[450.274s][info][gc,heap     ] GC(1008) Humongous regions: 13->3
[450.274s][info][gc,metaspace] GC(1008) Metaspace: 43073K(43456K)->43073K(43456K) NonClass: 40265K(40512K)->40265K(40512K) Class: 2808K(2944K)->2808K(2944K)
[450.274s][info][gc          ] GC(1008) Pause Young (Prepare Mixed) (G1 Evacuation Pause) 218M->67M(256M) 12.028ms
[450.274s][info][gc,cpu      ] GC(1008) User=0.03s Sys=0.00s Real=0.01s
[450.608s][info][gc,start    ] GC(1009) Pause Young (Mixed) (G1 Evacuation Pause)
[450.608s][info][gc,task     ] GC(1009) Using 2 workers of 2 for evacuation
[450.638s][info][gc,phases   ] GC(1009)   Pre Evacuate Collection Set: 0.20ms
[450.639s][info][gc,phases   ] GC(1009)   Merge Heap Roots: 0.19ms
[450.639s][info][gc,phases   ] GC(1009)   Evacuate Collection Set: 29.29ms
[450.639s][info][gc,phases   ] GC(1009)   Post Evacuate Collection Set: 0.42ms
[450.639s][info][gc,phases   ] GC(1009)   Other: 0.09ms
[450.639s][info][gc,heap     ] GC(1009) Eden regions: 141->0(137)
[450.639s][info][gc,heap     ] GC(1009) Survivor regions: 12->16(20)
[450.639s][info][gc,heap     ] GC(1009) Old regions: 54->57
[450.639s][info][gc,heap     ] GC(1009) Humongous regions: 4->4
[450.639s][info][gc,metaspace] GC(1009) Metaspace: 43073K(43456K)->43073K(43456K) NonClass: 40265K(40512K)->40265K(40512K) Class: 2808K(2944K)->2808K(2944K)
[450.639s][info][gc          ] GC(1009) Pause Young (Mixed) (G1 Evacuation Pause) 209M->77M(256M) 30.367ms
[450.639s][info][gc,cpu      ] GC(1009) User=0.06s Sys=0.00s Real=0.03s
[450.904s][info][gc,start    ] GC(1010) Pause Young (Concurrent Start) (G1 Humongous Allocation)
[450.904s][info][gc,task     ] GC(1010) Using 2 workers of 2 for evacuation
[450.933s][info][gc,phases   ] GC(1010)   Pre Evacuate Collection Set: 0.22ms
[450.933s][info][gc,phases   ] GC(1010)   Merge Heap Roots: 0.06ms
[450.933s][info][gc,phases   ] GC(1010)   Evacuate Collection Set: 27.74ms
[450.933s][info][gc,phases   ] GC(1010)   Post Evacuate Collection Set: 0.42ms
[450.933s][info][gc,phases   ] GC(1010)   Other: 0.10ms
[450.933s][info][gc,heap     ] GC(1010) Eden regions: 129->0(130)
[450.933s][info][gc,heap     ] GC(1010) Survivor regions: 16->15(20)
[450.933s][info][gc,heap     ] GC(1010) Old regions: 57->73
[450.933s][info][gc,heap     ] GC(1010) Humongous regions: 4->4
[450.933s][info][gc,metaspace] GC(1010) Metaspace: 43073K(43456K)->43073K(43456K) NonClass: 40265K(40512K)->40265K(40512K) Class: 2808K(2944K)->2808K(2944K)
[450.933s][info][gc          ] GC(1010) Pause Young (Concurrent Start) (G1 Humongous Allocation) 205M->92M(256M) 28.732ms
[450.933s][info][gc,cpu      ] GC(1010) User=0.06s Sys=0.00s Real=0.03s
[450.933s][info][gc          ] GC(1011) Concurrent Mark Cycle
[450.933s][info][gc,marking  ] GC(1011) Concurrent Scan Root Regions
[450.977s][info][gc,marking  ] GC(1011) Concurrent Scan Root Regions 43.799ms
[450.977s][info][gc,marking  ] GC(1011) Concurrent Mark
[450.977s][info][gc,marking  ] GC(1011) Concurrent Mark From Roots
[450.977s][info][gc,task     ] GC(1011) Using 1 workers of 1 for marking
[451.064s][info][gc,marking  ] GC(1011) Concurrent Mark From Roots 87.097ms
[451.064s][info][gc,marking  ] GC(1011) Concurrent Preclean
[451.064s][info][gc,marking  ] GC(1011) Concurrent Preclean 0.112ms
[451.064s][info][gc,start    ] GC(1011) Pause Remark
[451.081s][info][gc          ] GC(1011) Pause Remark 140M->137M(256M) 16.767ms
[451.081s][info][gc,cpu      ] GC(1011) User=0.03s Sys=0.00s Real=0.02s
[451.084s][info][gc,marking  ] GC(1011) Concurrent Mark 106.742ms
[451.084s][info][gc,marking  ] GC(1011) Concurrent Rebuild Remembered Sets and Scrub Regions
[451.121s][info][gc,marking  ] GC(1011) Concurrent Rebuild Remembered Sets and Scrub Regions 37.288ms
[451.121s][info][gc,start    ] GC(1011) Pause Cleanup
[451.121s][info][gc          ] GC(1011) Pause Cleanup 146M->146M(256M) 0.042ms
[451.121s][info][gc,cpu      ] GC(1011) User=0.00s Sys=0.00s Real=0.00s
[451.121s][info][gc,marking  ] GC(1011) Concurrent Clear Claimed Marks
[451.121s][info][gc,marking  ] GC(1011) Concurrent Clear Claimed Marks 0.034ms
[451.121s][info][gc,marking  ] GC(1011) Concurrent Cleanup for Next Mark
[451.122s][info][gc,marking  ] GC(1011) Concurrent Cleanup for Next Mark 0.745ms
[451.122s][info][gc          ] GC(1011) Concurrent Mark Cycle 188.964ms
[451.274s][info][gc,start    ] GC(1012) Pause Young (Prepare Mixed) (G1 Evacuation Pause)
[451.274s][info][gc,task     ] GC(1012) Using 2 workers of 2 for evacuation
[451.310s][info][gc,phases   ] GC(1012)   Pre Evacuate Collection Set: 1.43ms
[451.310s][info][gc,phases   ] GC(1012)   Merge Heap Roots: 0.10ms
[451.310s][info][gc,phases   ] GC(1012)   Evacuate Collection Set: 33.62ms
[451.310s][info][gc,phases   ] GC(1012)   Post Evacuate Collection Set: 0.48ms
[451.310s][info][gc,phases   ] GC(1012)   Other: 0.07ms
[451.310s][info][gc,heap     ] GC(1012) Eden regions: 130->0(118)
[451.310s][info][gc,heap     ] GC(1012) Survivor regions: 15->14(19)
[451.310s][info][gc,heap     ] GC(1012) Old regions: 70->85
[451.310s][info][gc,heap     ] GC(1012) Humongous regions: 6->6
[451.310s][info][gc,metaspace] GC(1012) Metaspace: 43073K(43456K)->43073K(43456K) NonClass: 40265K(40512K)->40265K(40512K) Class: 2808K(2944K)->2808K(2944K)
[451.310s][info][gc          ] GC(1012) Pause Young (Prepare Mixed) (G1 Evacuation Pause) 221M->105M(256M) 35.878ms
[451.310s][info][gc,cpu      ] GC(1012) User=0.06s Sys=0.00s Real=0.04s
[451.548s][info][gc,start    ] GC(1013) Pause Young (Mixed) (G1 Evacuation Pause)
[451.548s][info][gc,task     ] GC(1013) Using 2 workers of 2 for evacuation
[451.578s][info][gc,phases   ] GC(1013)   Pre Evacuate Collection Set: 0.16ms
[451.578s][info][gc,phases   ] GC(1013)   Merge Heap Roots: 0.13ms
[451.578s][info][gc,phases   ] GC(1013)   Evacuate Collection Set: 29.09ms
[451.578s][info][gc,phases   ] GC(1013)   Post Evacuate Collection Set: 0.41ms
[451.578s][info][gc,phases   ] GC(1013)   Other: 0.11ms
[451.578s][info][gc,heap     ] GC(1013) Eden regions: 118->0(114)
[451.578s][info][gc,heap     ] GC(1013) Survivor regions: 14->13(17)
[451.578s][info][gc,heap     ] GC(1013) Old regions: 85->91
[451.578s][info][gc,heap     ] GC(1013) Humongous regions: 6->6
[451.578s][info][gc,metaspace] GC(1013) Metaspace: 43073K(43456K)->43073K(43456K) NonClass: 40265K(40512K)->40265K(40512K) Class: 2808K(2944K)->2808K(2944K)
[451.578s][info][gc          ] GC(1013) Pause Young (Mixed) (G1 Evacuation Pause) 223M->110M(256M) 30.071ms
[451.578s][info][gc,cpu      ] GC(1013) User=0.06s Sys=0.00s Real=0.03s
[451.694s][info][gc,start    ] GC(1014) Pause Young (Concurrent Start) (G1 Humongous Allocation)
[451.694s][info][gc,task     ] GC(1014) Using 2 workers of 2 for evacuation
[451.714s][info][gc,phases   ] GC(1014)   Pre Evacuate Collection Set: 0.17ms
[451.714s][info][gc,phases   ] GC(1014)   Merge Heap Roots: 0.07ms
[451.714s][info][gc,phases   ] GC(1014)   Evacuate Collection Set: 19.49ms
[451.714s][info][gc,phases   ] GC(1014)   Post Evacuate Collection Set: 0.35ms
[451.714s][info][gc,phases   ] GC(1014)   Other: 0.10ms
[451.714s][info][gc,heap     ] GC(1014) Eden regions: 54->0(110)
[451.714s][info][gc,heap     ] GC(1014) Survivor regions: 13->7(16)
[451.714s][info][gc,heap     ] GC(1014) Old regions: 91->104
[451.714s][info][gc,heap     ] GC(1014) Humongous regions: 6->6
[451.715s][info][gc,metaspace] GC(1014) Metaspace: 43073K(43456K)->43073K(43456K) NonClass: 40265K(40512K)->40265K(40512K) Class: 2808K(2944K)->2808K(2944K)
[451.715s][info][gc          ] GC(1014) Pause Young (Concurrent Start) (G1 Humongous Allocation) 164M->116M(256M) 20.364ms
[451.715s][info][gc,cpu      ] GC(1014) User=0.03s Sys=0.00s Real=0.02s
[451.715s][info][gc          ] GC(1015) Concurrent Mark Cycle
[451.715s][info][gc,marking  ] GC(1015) Concurrent Scan Root Regions
[451.745s][info][gc,marking  ] GC(1015) Concurrent Scan Root Regions 30.107ms
[451.745s][info][gc,marking  ] GC(1015) Concurrent Mark
[451.745s][info][gc,marking  ] GC(1015) Concurrent Mark From Roots
[451.745s][info][gc,task     ] GC(1015) Using 1 workers of 1 for marking
[451.941s][info][gc,marking  ] GC(1015) Concurrent Mark From Roots 196.342ms
[451.941s][info][gc,marking  ] GC(1015) Concurrent Preclean
[451.941s][info][gc,marking  ] GC(1015) Concurrent Preclean 0.040ms
[451.941s][info][gc,start    ] GC(1015) Pause Remark
[451.958s][info][gc          ] GC(1015) Pause Remark 175M->174M(256M) 16.982ms
[451.958s][info][gc,cpu      ] GC(1015) User=0.03s Sys=0.00s Real=0.02s
[451.960s][info][gc,marking  ] GC(1015) Concurrent Mark 215.295ms
[451.960s][info][gc,marking  ] GC(1015) Concurrent Rebuild Remembered Sets and Scrub Regions
[452.095s][info][gc,marking  ] GC(1015) Concurrent Rebuild Remembered Sets and Scrub Regions 135.153ms
[452.095s][info][gc,start    ] GC(1015) Pause Cleanup
[452.095s][info][gc          ] GC(1015) Pause Cleanup 213M->213M(256M) 0.057ms
[452.096s][info][gc,cpu      ] GC(1015) User=0.00s Sys=0.00s Real=0.00s
[452.096s][info][gc,marking  ] GC(1015) Concurrent Clear Claimed Marks
[452.096s][info][gc,marking  ] GC(1015) Concurrent Clear Claimed Marks 0.042ms
[452.096s][info][gc,marking  ] GC(1015) Concurrent Cleanup for Next Mark
[452.096s][info][gc,marking  ] GC(1015) Concurrent Cleanup for Next Mark 0.785ms
[452.096s][info][gc          ] GC(1015) Concurrent Mark Cycle 381.823ms
[452.137s][info][gc,start    ] GC(1016) Pause Young (Prepare Mixed) (G1 Evacuation Pause)
[452.137s][info][gc,task     ] GC(1016) Using 2 workers of 2 for evacuation
[452.159s][info][gc,phases   ] GC(1016)   Pre Evacuate Collection Set: 0.15ms
[452.160s][info][gc,phases   ] GC(1016)   Merge Heap Roots: 0.11ms
[452.160s][info][gc,phases   ] GC(1016)   Evacuate Collection Set: 21.86ms
[452.160s][info][gc,phases   ] GC(1016)   Post Evacuate Collection Set: 0.44ms
[452.160s][info][gc,phases   ] GC(1016)   Other: 0.06ms
[452.160s][info][gc,heap     ] GC(1016) Eden regions: 110->0(97)
[452.160s][info][gc,heap     ] GC(1016) Survivor regions: 7->15(15)
[452.160s][info][gc,heap     ] GC(1016) Old regions: 104->106
[452.160s][info][gc,heap     ] GC(1016) Humongous regions: 10->9
[452.160s][info][gc,metaspace] GC(1016) Metaspace: 43073K(43456K)->43073K(43456K) NonClass: 40265K(40512K)->40265K(40512K) Class: 2808K(2944K)->2808K(2944K)
[452.160s][info][gc          ] GC(1016) Pause Young (Prepare Mixed) (G1 Evacuation Pause) (Evacuation Failure: Pinned) 230M->129M(256M) 22.783ms
[452.160s][info][gc,cpu      ] GC(1016) User=0.04s Sys=0.00s Real=0.02s
[455.013s][info][gc,start    ] GC(1017) Pause Young (Mixed) (G1 Evacuation Pause)
[455.013s][info][gc,task     ] GC(1017) Using 2 workers of 2 for evacuation
[455.047s][info][gc,phases   ] GC(1017)   Pre Evacuate Collection Set: 0.17ms
[455.047s][info][gc,phases   ] GC(1017)   Merge Heap Roots: 0.18ms
[455.047s][info][gc,phases   ] GC(1017)   Evacuate Collection Set: 31.92ms
[455.047s][info][gc,phases   ] GC(1017)   Post Evacuate Collection Set: 1.77ms
[455.047s][info][gc,phases   ] GC(1017)   Other: 0.07ms
[455.047s][info][gc,heap     ] GC(1017) Eden regions: 97->0(248)
[455.047s][info][gc,heap     ] GC(1017) Survivor regions: 15->8(14)
[455.047s][info][gc,heap     ] GC(1017) Old regions: 106->117
[455.047s][info][gc,heap     ] GC(1017) Humongous regions: 11->7
[455.047s][info][gc,metaspace] GC(1017) Metaspace: 43076K(43456K)->43076K(43456K) NonClass: 40267K(40512K)->40267K(40512K) Class: 2808K(2944K)->2808K(2944K)
[455.047s][info][gc          ] GC(1017) Pause Young (Mixed) (G1 Evacuation Pause) 228M->131M(428M) 34.308ms
[455.047s][info][gc,cpu      ] GC(1017) User=0.06s Sys=0.00s Real=0.04s
[455.858s][info][gc,start    ] GC(1018) Pause Young (Normal) (G1 Evacuation Pause)
[455.858s][info][gc,task     ] GC(1018) Using 2 workers of 2 for evacuation
[455.876s][info][gc,phases   ] GC(1018)   Pre Evacuate Collection Set: 0.25ms
[455.876s][info][gc,phases   ] GC(1018)   Merge Heap Roots: 0.12ms
[455.876s][info][gc,phases   ] GC(1018)   Evacuate Collection Set: 17.57ms
[455.876s][info][gc,phases   ] GC(1018)   Post Evacuate Collection Set: 0.50ms
[455.876s][info][gc,phases   ] GC(1018)   Other: 0.08ms
[455.876s][info][gc,heap     ] GC(1018) Eden regions: 248->0(239)
[455.876s][info][gc,heap     ] GC(1018) Survivor regions: 8->17(32)
[455.876s][info][gc,heap     ] GC(1018) Old regions: 117->117
[455.876s][info][gc,heap     ] GC(1018) Humongous regions: 9->9
[455.876s][info][gc,metaspace] GC(1018) Metaspace: 43076K(43456K)->43076K(43456K) NonClass: 40268K(40512K)->40268K(40512K) Class: 2808K(2944K)->2808K(2944K)
[455.876s][info][gc          ] GC(1018) Pause Young (Normal) (G1 Evacuation Pause) 381M->142M(428M) 18.705ms
[455.876s][info][gc,cpu      ] GC(1018) User=0.04s Sys=0.00s Real=0.01s
[456.039s][info][gc,start    ] GC(1019) Pause Young (Concurrent Start) (G1 Humongous Allocation)
[456.039s][info][gc,task     ] GC(1019) Using 2 workers of 2 for evacuation
[456.066s][info][gc,phases   ] GC(1019)   Pre Evacuate Collection Set: 0.24ms
[456.066s][info][gc,phases   ] GC(1019)   Merge Heap Roots: 0.09ms
[456.066s][info][gc,phases   ] GC(1019)   Evacuate Collection Set: 25.71ms
[456.066s][info][gc,phases   ] GC(1019)   Post Evacuate Collection Set: 0.38ms
[456.066s][info][gc,phases   ] GC(1019)   Other: 0.10ms
[456.066s][info][gc,heap     ] GC(1019) Eden regions: 73->0(225)
[456.066s][info][gc,heap     ] GC(1019) Survivor regions: 17->19(32)
[456.066s][info][gc,heap     ] GC(1019) Old regions: 117->124
[456.066s][info][gc,heap     ] GC(1019) Humongous regions: 9->9
[456.066s][info][gc,metaspace] GC(1019) Metaspace: 43076K(43456K)->43076K(43456K) NonClass: 40268K(40512K)->40268K(40512K) Class: 2808K(2944K)->2808K(2944K)
[456.066s][info][gc          ] GC(1019) Pause Young (Concurrent Start) (G1 Humongous Allocation) 215M->151M(428M) 26.709ms
[456.066s][info][gc,cpu      ] GC(1019) User=0.05s Sys=0.00s Real=0.02s
[456.066s][info][gc          ] GC(1020) Concurrent Mark Cycle
[456.066s][info][gc,marking  ] GC(1020) Concurrent Scan Root Regions
[456.087s][info][gc,marking  ] GC(1020) Concurrent Scan Root Regions 20.954ms
[456.087s][info][gc,marking  ] GC(1020) Concurrent Mark
[456.087s][info][gc,marking  ] GC(1020) Concurrent Mark From Roots
[456.087s][info][gc,task     ] GC(1020) Using 1 workers of 1 for marking
[456.114s][info][gc,marking  ] GC(1020) Concurrent Mark From Roots 27.484ms
[456.114s][info][gc,marking  ] GC(1020) Concurrent Preclean
[456.114s][info][gc,marking  ] GC(1020) Concurrent Preclean 0.049ms
[456.115s][info][gc,start    ] GC(1020) Pause Remark
[456.131s][info][gc          ] GC(1020) Pause Remark 171M->145M(424M) 16.271ms
[456.131s][info][gc,cpu      ] GC(1020) User=0.03s Sys=0.00s Real=0.02s
[456.131s][info][gc,marking  ] GC(1020) Concurrent Mark 44.169ms
[456.131s][info][gc,marking  ] GC(1020) Concurrent Rebuild Remembered Sets and Scrub Regions
[456.154s][info][gc,marking  ] GC(1020) Concurrent Rebuild Remembered Sets and Scrub Regions 22.758ms
[456.154s][info][gc,start    ] GC(1020) Pause Cleanup
[456.154s][info][gc          ] GC(1020) Pause Cleanup 156M->156M(424M) 0.067ms
[456.154s][info][gc,cpu      ] GC(1020) User=0.00s Sys=0.00s Real=0.00s
[456.154s][info][gc,marking  ] GC(1020) Concurrent Clear Claimed Marks
[456.154s][info][gc,marking  ] GC(1020) Concurrent Clear Claimed Marks 0.035ms
[456.154s][info][gc,marking  ] GC(1020) Concurrent Cleanup for Next Mark
[456.157s][info][gc,marking  ] GC(1020) Concurrent Cleanup for Next Mark 2.931ms
[456.157s][info][gc          ] GC(1020) Concurrent Mark Cycle 91.239ms
[456.610s][info][gc,start    ] GC(1021) Pause Young (Prepare Mixed) (G1 Evacuation Pause)
[456.610s][info][gc,task     ] GC(1021) Using 2 workers of 2 for evacuation
[456.659s][info][gc,phases   ] GC(1021)   Pre Evacuate Collection Set: 0.20ms
[456.659s][info][gc,phases   ] GC(1021)   Merge Heap Roots: 0.12ms
[456.659s][info][gc,phases   ] GC(1021)   Evacuate Collection Set: 47.79ms
[456.659s][info][gc,phases   ] GC(1021)   Post Evacuate Collection Set: 0.51ms
[456.659s][info][gc,phases   ] GC(1021)   Other: 0.08ms
[456.659s][info][gc,heap     ] GC(1021) Eden regions: 225->0(215)
[456.659s][info][gc,heap     ] GC(1021) Survivor regions: 19->31(31)
[456.659s][info][gc,heap     ] GC(1021) Old regions: 104->118
[456.659s][info][gc,heap     ] GC(1021) Humongous regions: 6->6
[456.659s][info][gc,metaspace] GC(1021) Metaspace: 43076K(43456K)->43076K(43456K) NonClass: 40268K(40512K)->40268K(40512K) Class: 2808K(2944K)->2808K(2944K)
[456.659s][info][gc          ] GC(1021) Pause Young (Prepare Mixed) (G1 Evacuation Pause) 353M->154M(424M) 48.895ms
[456.659s][info][gc,cpu      ] GC(1021) User=0.09s Sys=0.00s Real=0.05s
[457.183s][info][gc,start    ] GC(1022) Pause Young (Mixed) (G1 Evacuation Pause)
[457.183s][info][gc,task     ] GC(1022) Using 2 workers of 2 for evacuation
[457.255s][info][gc,phases   ] GC(1022)   Pre Evacuate Collection Set: 0.23ms
[457.255s][info][gc,phases   ] GC(1022)   Merge Heap Roots: 0.30ms
[457.256s][info][gc,phases   ] GC(1022)   Evacuate Collection Set: 71.50ms
[457.256s][info][gc,phases   ] GC(1022)   Post Evacuate Collection Set: 0.57ms
[457.256s][info][gc,phases   ] GC(1022)   Other: 0.08ms
[457.256s][info][gc,heap     ] GC(1022) Eden regions: 215->0(230)
[457.256s][info][gc,heap     ] GC(1022) Survivor regions: 31->25(31)
[457.256s][info][gc,heap     ] GC(1022) Old regions: 118->106
[457.256s][info][gc,heap     ] GC(1022) Humongous regions: 10->10
[457.256s][info][gc,metaspace] GC(1022) Metaspace: 43076K(43456K)->43076K(43456K) NonClass: 40268K(40512K)->40268K(40512K) Class: 2808K(2944K)->2808K(2944K)
[457.256s][info][gc          ] GC(1022) Pause Young (Mixed) (G1 Evacuation Pause) 373M->140M(430M) 72.883ms
[457.256s][info][gc,cpu      ] GC(1022) User=0.14s Sys=0.00s Real=0.07s
[458.602s][info][gc,start    ] GC(1023) Pause Young (Mixed) (G1 Evacuation Pause)
[458.602s][info][gc,task     ] GC(1023) Using 2 workers of 2 for evacuation
[458.668s][info][gc,phases   ] GC(1023)   Pre Evacuate Collection Set: 0.22ms
[458.668s][info][gc,phases   ] GC(1023)   Merge Heap Roots: 0.30ms
[458.668s][info][gc,phases   ] GC(1023)   Evacuate Collection Set: 64.14ms
[458.668s][info][gc,phases   ] GC(1023)   Post Evacuate Collection Set: 0.55ms
[458.668s][info][gc,phases   ] GC(1023)   Other: 0.08ms
[458.668s][info][gc,heap     ] GC(1023) Eden regions: 230->0(219)
[458.668s][info][gc,heap     ] GC(1023) Survivor regions: 25->24(32)
[458.668s][info][gc,heap     ] GC(1023) Old regions: 106->113
[458.668s][info][gc,heap     ] GC(1023) Humongous regions: 18->16
[458.668s][info][gc,metaspace] GC(1023) Metaspace: 43076K(43456K)->43076K(43456K) NonClass: 40268K(40512K)->40268K(40512K) Class: 2808K(2944K)->2808K(2944K)
[458.668s][info][gc          ] GC(1023) Pause Young (Mixed) (G1 Evacuation Pause) 378M->152M(430M) 65.509ms
[458.668s][info][gc,cpu      ] GC(1023) User=0.13s Sys=0.00s Real=0.07s
[459.607s][info][gc,start    ] GC(1024) Pause Young (Concurrent Start) (G1 Evacuation Pause)
[459.607s][info][gc,task     ] GC(1024) Using 2 workers of 2 for evacuation
[459.648s][info][gc,phases   ] GC(1024)   Pre Evacuate Collection Set: 0.24ms
[459.648s][info][gc,phases   ] GC(1024)   Merge Heap Roots: 0.17ms
[459.648s][info][gc,phases   ] GC(1024)   Evacuate Collection Set: 39.69ms
[459.648s][info][gc,phases   ] GC(1024)   Post Evacuate Collection Set: 0.49ms
[459.648s][info][gc,phases   ] GC(1024)   Other: 0.11ms
[459.648s][info][gc,heap     ] GC(1024) Eden regions: 219->0(211)
[459.648s][info][gc,heap     ] GC(1024) Survivor regions: 24->13(31)
[459.648s][info][gc,heap     ] GC(1024) Old regions: 113->135
[459.648s][info][gc,heap     ] GC(1024) Humongous regions: 16->16
[459.648s][info][gc,metaspace] GC(1024) Metaspace: 43076K(43456K)->43076K(43456K) NonClass: 40268K(40512K)->40268K(40512K) Class: 2808K(2944K)->2808K(2944K)
[459.648s][info][gc          ] GC(1024) Pause Young (Concurrent Start) (G1 Evacuation Pause) 371M->163M(430M) 40.949ms
[459.648s][info][gc,cpu      ] GC(1024) User=0.08s Sys=0.00s Real=0.04s
[459.648s][info][gc          ] GC(1025) Concurrent Mark Cycle
[459.648s][info][gc,marking  ] GC(1025) Concurrent Scan Root Regions
[459.677s][info][gc,marking  ] GC(1025) Concurrent Scan Root Regions 28.845ms
[459.677s][info][gc,marking  ] GC(1025) Concurrent Mark
[459.677s][info][gc,marking  ] GC(1025) Concurrent Mark From Roots
[459.677s][info][gc,task     ] GC(1025) Using 1 workers of 1 for marking
[459.802s][info][gc,marking  ] GC(1025) Concurrent Mark From Roots 125.054ms
[459.802s][info][gc,marking  ] GC(1025) Concurrent Preclean
[459.802s][info][gc,marking  ] GC(1025) Concurrent Preclean 0.040ms
[459.802s][info][gc,start    ] GC(1025) Pause Remark
[459.820s][info][gc          ] GC(1025) Pause Remark 192M->167M(430M) 18.022ms
[459.820s][info][gc,cpu      ] GC(1025) User=0.03s Sys=0.01s Real=0.02s
[459.820s][info][gc,marking  ] GC(1025) Concurrent Mark 143.396ms
[459.820s][info][gc,marking  ] GC(1025) Concurrent Rebuild Remembered Sets and Scrub Regions
[459.881s][info][gc,marking  ] GC(1025) Concurrent Rebuild Remembered Sets and Scrub Regions 60.354ms
[459.881s][info][gc,start    ] GC(1025) Pause Cleanup
[459.881s][info][gc          ] GC(1025) Pause Cleanup 178M->178M(430M) 0.059ms
[459.881s][info][gc,cpu      ] GC(1025) User=0.00s Sys=0.00s Real=0.00s
[459.881s][info][gc,marking  ] GC(1025) Concurrent Clear Claimed Marks
[459.881s][info][gc,marking  ] GC(1025) Concurrent Clear Claimed Marks 0.041ms
[459.881s][info][gc,marking  ] GC(1025) Concurrent Cleanup for Next Mark
[459.882s][info][gc,marking  ] GC(1025) Concurrent Cleanup for Next Mark 1.318ms
[459.882s][info][gc          ] GC(1025) Concurrent Mark Cycle 234.385ms
[460.861s][info][gc,start    ] GC(1026) Pause Young (Prepare Mixed) (G1 Evacuation Pause)
[460.861s][info][gc,task     ] GC(1026) Using 2 workers of 2 for evacuation
[460.889s][info][gc,phases   ] GC(1026)   Pre Evacuate Collection Set: 0.29ms
[460.889s][info][gc,phases   ] GC(1026)   Merge Heap Roots: 0.10ms
[460.889s][info][gc,phases   ] GC(1026)   Evacuate Collection Set: 27.32ms
[460.889s][info][gc,phases   ] GC(1026)   Post Evacuate Collection Set: 0.52ms
[460.889s][info][gc,phases   ] GC(1026)   Other: 0.07ms
[460.889s][info][gc,heap     ] GC(1026) Eden regions: 211->0(215)
[460.889s][info][gc,heap     ] GC(1026) Survivor regions: 13->28(28)
[460.889s][info][gc,heap     ] GC(1026) Old regions: 125->130
[460.889s][info][gc,heap     ] GC(1026) Humongous regions: 1->1
[460.889s][info][gc,metaspace] GC(1026) Metaspace: 43076K(43456K)->43076K(43456K) NonClass: 40268K(40512K)->40268K(40512K) Class: 2808K(2944K)->2808K(2944K)
[460.889s][info][gc          ] GC(1026) Pause Young (Prepare Mixed) (G1 Evacuation Pause) 349M->158M(430M) 28.475ms
[460.889s][info][gc,cpu      ] GC(1026) User=0.06s Sys=0.00s Real=0.03s
[462.071s][info][gc,start    ] GC(1027) Pause Young (Mixed) (G1 Evacuation Pause)
[462.071s][info][gc,task     ] GC(1027) Using 2 workers of 2 for evacuation
[462.111s][info][gc,phases   ] GC(1027)   Pre Evacuate Collection Set: 0.22ms
[462.111s][info][gc,phases   ] GC(1027)   Merge Heap Roots: 0.11ms
[462.111s][info][gc,phases   ] GC(1027)   Evacuate Collection Set: 39.53ms
[462.111s][info][gc,phases   ] GC(1027)   Post Evacuate Collection Set: 0.47ms
[462.111s][info][gc,phases   ] GC(1027)   Other: 0.09ms
[462.111s][info][gc,heap     ] GC(1027) Eden regions: 215->0(203)
[462.111s][info][gc,heap     ] GC(1027) Survivor regions: 28->20(31)
[462.111s][info][gc,heap     ] GC(1027) Old regions: 130->154
[462.111s][info][gc,heap     ] GC(1027) Humongous regions: 1->1
[462.111s][info][gc,metaspace] GC(1027) Metaspace: 43076K(43456K)->43076K(43456K) NonClass: 40268K(40512K)->40268K(40512K) Class: 2808K(2944K)->2808K(2944K)
[462.111s][info][gc          ] GC(1027) Pause Young (Mixed) (G1 Evacuation Pause) 373M->174M(430M) 40.650ms
[462.111s][info][gc,cpu      ] GC(1027) User=0.08s Sys=0.00s Real=0.04s
[462.246s][info][gc,start    ] GC(1028) Pause Young (Concurrent Start) (G1 Humongous Allocation)
[462.246s][info][gc,task     ] GC(1028) Using 2 workers of 2 for evacuation
[462.263s][info][gc,phases   ] GC(1028)   Pre Evacuate Collection Set: 0.22ms
[462.263s][info][gc,phases   ] GC(1028)   Merge Heap Roots: 0.05ms
[462.263s][info][gc,phases   ] GC(1028)   Evacuate Collection Set: 16.85ms
[462.264s][info][gc,phases   ] GC(1028)   Post Evacuate Collection Set: 0.32ms
[462.264s][info][gc,phases   ] GC(1028)   Other: 0.08ms
[462.264s][info][gc,heap     ] GC(1028) Eden regions: 23->0(203)
[462.264s][info][gc,heap     ] GC(1028) Survivor regions: 20->4(28)
[462.264s][info][gc,heap     ] GC(1028) Old regions: 154->173
[462.264s][info][gc,heap     ] GC(1028) Humongous regions: 1->1
[462.264s][info][gc,metaspace] GC(1028) Metaspace: 43076K(43456K)->43076K(43456K) NonClass: 40268K(40512K)->40268K(40512K) Class: 2808K(2944K)->2808K(2944K)
[462.264s][info][gc          ] GC(1028) Pause Young (Concurrent Start) (G1 Humongous Allocation) 197M->177M(430M) 17.688ms
[462.264s][info][gc,cpu      ] GC(1028) User=0.04s Sys=0.00s Real=0.02s
[462.264s][info][gc          ] GC(1029) Concurrent Mark Cycle
[462.264s][info][gc,marking  ] GC(1029) Concurrent Scan Root Regions
[462.277s][info][gc,marking  ] GC(1029) Concurrent Scan Root Regions 13.247ms
[462.277s][info][gc,marking  ] GC(1029) Concurrent Mark
[462.277s][info][gc,marking  ] GC(1029) Concurrent Mark From Roots
[462.277s][info][gc,task     ] GC(1029) Using 1 workers of 1 for marking
[462.314s][info][gc,marking  ] GC(1029) Concurrent Mark From Roots 37.444ms
[462.315s][info][gc,marking  ] GC(1029) Concurrent Preclean
[462.315s][info][gc,marking  ] GC(1029) Concurrent Preclean 0.034ms
[462.315s][info][gc,start    ] GC(1029) Pause Remark
[462.331s][info][gc          ] GC(1029) Pause Remark 189M->106M(320M) 16.347ms
[462.331s][info][gc,cpu      ] GC(1029) User=0.03s Sys=0.00s Real=0.02s
[462.331s][info][gc,marking  ] GC(1029) Concurrent Mark 54.101ms
[462.331s][info][gc,marking  ] GC(1029) Concurrent Rebuild Remembered Sets and Scrub Regions
[462.358s][info][gc,marking  ] GC(1029) Concurrent Rebuild Remembered Sets and Scrub Regions 27.054ms
[462.358s][info][gc,start    ] GC(1029) Pause Cleanup
[462.358s][info][gc          ] GC(1029) Pause Cleanup 111M->111M(320M) 0.044ms
[462.358s][info][gc,cpu      ] GC(1029) User=0.00s Sys=0.00s Real=0.00s
[462.358s][info][gc,marking  ] GC(1029) Concurrent Clear Claimed Marks
[462.358s][info][gc,marking  ] GC(1029) Concurrent Clear Claimed Marks 0.036ms
[462.358s][info][gc,marking  ] GC(1029) Concurrent Cleanup for Next Mark
[462.359s][info][gc,marking  ] GC(1029) Concurrent Cleanup for Next Mark 0.915ms
[462.359s][info][gc          ] GC(1029) Concurrent Mark Cycle 95.598ms
[463.306s][info][gc,start    ] GC(1030) Pause Young (Prepare Mixed) (G1 Evacuation Pause)
[463.306s][info][gc,task     ] GC(1030) Using 2 workers of 2 for evacuation
[463.324s][info][gc,phases   ] GC(1030)   Pre Evacuate Collection Set: 0.17ms
[463.324s][info][gc,phases   ] GC(1030)   Merge Heap Roots: 0.09ms
[463.324s][info][gc,phases   ] GC(1030)   Evacuate Collection Set: 16.83ms
[463.324s][info][gc,phases   ] GC(1030)   Post Evacuate Collection Set: 0.43ms
[463.324s][info][gc,phases   ] GC(1030)   Other: 0.08ms
[463.324s][info][gc,heap     ] GC(1030) Eden regions: 188->0(170)
[463.324s][info][gc,heap     ] GC(1030) Survivor regions: 4->17(24)
[463.324s][info][gc,heap     ] GC(1030) Old regions: 90->90
[463.324s][info][gc,heap     ] GC(1030) Humongous regions: 2->2
[463.324s][info][gc,metaspace] GC(1030) Metaspace: 43076K(43456K)->43076K(43456K) NonClass: 40268K(40512K)->40268K(40512K) Class: 2808K(2944K)->2808K(2944K)
[463.324s][info][gc          ] GC(1030) Pause Young (Prepare Mixed) (G1 Evacuation Pause) 283M->109M(320M) 17.777ms
[463.324s][info][gc,cpu      ] GC(1030) User=0.03s Sys=0.00s Real=0.02s
[463.983s][info][gc,start    ] GC(1031) Pause Young (Mixed) (G1 Evacuation Pause)
[463.984s][info][gc,task     ] GC(1031) Using 2 workers of 2 for evacuation
[464.016s][info][gc,phases   ] GC(1031)   Pre Evacuate Collection Set: 0.23ms
[464.016s][info][gc,phases   ] GC(1031)   Merge Heap Roots: 0.15ms
[464.016s][info][gc,phases   ] GC(1031)   Evacuate Collection Set: 31.77ms
[464.016s][info][gc,phases   ] GC(1031)   Post Evacuate Collection Set: 0.52ms
[464.016s][info][gc,phases   ] GC(1031)   Other: 0.07ms
[464.016s][info][gc,heap     ] GC(1031) Eden regions: 170->0(168)
[464.016s][info][gc,heap     ] GC(1031) Survivor regions: 17->23(24)
[464.016s][info][gc,heap     ] GC(1031) Old regions: 90->77
[464.016s][info][gc,heap     ] GC(1031) Humongous regions: 4->4
[464.016s][info][gc,metaspace] GC(1031) Metaspace: 43076K(43456K)->43076K(43456K) NonClass: 40268K(40512K)->40268K(40512K) Class: 2808K(2944K)->2808K(2944K)
[464.016s][info][gc          ] GC(1031) Pause Young (Mixed) (G1 Evacuation Pause) 280M->103M(320M) 32.940ms
[464.016s][info][gc,cpu      ] GC(1031) User=0.06s Sys=0.00s Real=0.03s
[464.141s][info][gc,start    ] GC(1032) Pause Young (Concurrent Start) (G1 Humongous Allocation)
[464.141s][info][gc,task     ] GC(1032) Using 2 workers of 2 for evacuation
[464.165s][info][gc,phases   ] GC(1032)   Pre Evacuate Collection Set: 0.21ms
[464.165s][info][gc,phases   ] GC(1032)   Merge Heap Roots: 0.05ms
[464.165s][info][gc,phases   ] GC(1032)   Evacuate Collection Set: 23.25ms
[464.165s][info][gc,phases   ] GC(1032)   Post Evacuate Collection Set: 0.36ms
[464.165s][info][gc,phases   ] GC(1032)   Other: 0.09ms
[464.165s][info][gc,heap     ] GC(1032) Eden regions: 56->0(161)
[464.165s][info][gc,heap     ] GC(1032) Survivor regions: 23->8(24)
[464.165s][info][gc,heap     ] GC(1032) Old regions: 77->100
[464.165s][info][gc,heap     ] GC(1032) Humongous regions: 4->4
[464.165s][info][gc,metaspace] GC(1032) Metaspace: 43076K(43456K)->43076K(43456K) NonClass: 40268K(40512K)->40268K(40512K) Class: 2808K(2944K)->2808K(2944K)
[464.165s][info][gc          ] GC(1032) Pause Young (Concurrent Start) (G1 Humongous Allocation) 159M->111M(320M) 24.150ms
[464.165s][info][gc,cpu      ] GC(1032) User=0.05s Sys=0.00s Real=0.02s
[464.165s][info][gc          ] GC(1033) Concurrent Mark Cycle
[464.165s][info][gc,marking  ] GC(1033) Concurrent Scan Root Regions
[464.184s][info][gc,marking  ] GC(1033) Concurrent Scan Root Regions 18.636ms
[464.184s][info][gc,marking  ] GC(1033) Concurrent Mark
[464.184s][info][gc,marking  ] GC(1033) Concurrent Mark From Roots
[464.184s][info][gc,task     ] GC(1033) Using 1 workers of 1 for marking
[464.217s][info][gc,marking  ] GC(1033) Concurrent Mark From Roots 33.453ms
[464.218s][info][gc,marking  ] GC(1033) Concurrent Preclean
[464.218s][info][gc,marking  ] GC(1033) Concurrent Preclean 0.033ms
[464.218s][info][gc,start    ] GC(1033) Pause Remark
[464.234s][info][gc          ] GC(1033) Pause Remark 133M->110M(300M) 16.149ms
[464.234s][info][gc,cpu      ] GC(1033) User=0.03s Sys=0.00s Real=0.01s
[464.234s][info][gc,marking  ] GC(1033) Concurrent Mark 49.903ms
[464.234s][info][gc,marking  ] GC(1033) Concurrent Rebuild Remembered Sets and Scrub Regions
[464.264s][info][gc,marking  ] GC(1033) Concurrent Rebuild Remembered Sets and Scrub Regions 30.327ms
[464.264s][info][gc,start    ] GC(1033) Pause Cleanup
[464.264s][info][gc          ] GC(1033) Pause Cleanup 123M->123M(300M) 0.046ms
[464.264s][info][gc,cpu      ] GC(1033) User=0.00s Sys=0.00s Real=0.00s
[464.264s][info][gc,marking  ] GC(1033) Concurrent Clear Claimed Marks
[464.265s][info][gc,marking  ] GC(1033) Concurrent Clear Claimed Marks 0.035ms
[464.265s][info][gc,marking  ] GC(1033) Concurrent Cleanup for Next Mark
[464.265s][info][gc,marking  ] GC(1033) Concurrent Cleanup for Next Mark 0.864ms
[464.265s][info][gc          ] GC(1033) Concurrent Mark Cycle 100.075ms
[464.579s][info][gc,start    ] GC(1034) Pause Young (Prepare Mixed) (G1 Evacuation Pause)
[464.579s][info][gc,task     ] GC(1034) Using 2 workers of 2 for evacuation
[464.609s][info][gc,phases   ] GC(1034)   Pre Evacuate Collection Set: 0.18ms
[464.609s][info][gc,phases   ] GC(1034)   Merge Heap Roots: 0.11ms
[464.609s][info][gc,phases   ] GC(1034)   Evacuate Collection Set: 29.51ms
[464.609s][info][gc,phases   ] GC(1034)   Post Evacuate Collection Set: 0.44ms
[464.609s][info][gc,phases   ] GC(1034)   Other: 0.10ms
[464.609s][info][gc,heap     ] GC(1034) Eden regions: 161->0(146)
[464.609s][info][gc,heap     ] GC(1034) Survivor regions: 8->22(22)
[464.609s][info][gc,heap     ] GC(1034) Old regions: 78->82
[464.609s][info][gc,heap     ] GC(1034) Humongous regions: 6->6
[464.609s][info][gc,metaspace] GC(1034) Metaspace: 43077K(43456K)->43077K(43456K) NonClass: 40269K(40512K)->40269K(40512K) Class: 2808K(2944K)->2808K(2944K)
[464.609s][info][gc          ] GC(1034) Pause Young (Prepare Mixed) (G1 Evacuation Pause) 252M->109M(300M) 30.551ms
[464.609s][info][gc,cpu      ] GC(1034) User=0.06s Sys=0.00s Real=0.03s
[464.929s][info][gc,start    ] GC(1035) Pause Young (Mixed) (G1 Evacuation Pause)
[464.929s][info][gc,task     ] GC(1035) Using 2 workers of 2 for evacuation
[464.978s][info][gc,phases   ] GC(1035)   Pre Evacuate Collection Set: 0.19ms
[464.978s][info][gc,phases   ] GC(1035)   Merge Heap Roots: 0.22ms
[464.978s][info][gc,phases   ] GC(1035)   Evacuate Collection Set: 47.15ms
[464.978s][info][gc,phases   ] GC(1035)   Post Evacuate Collection Set: 0.78ms
[464.978s][info][gc,phases   ] GC(1035)   Other: 0.08ms
[464.978s][info][gc,heap     ] GC(1035) Eden regions: 146->0(167)
[464.978s][info][gc,heap     ] GC(1035) Survivor regions: 22->18(21)
[464.978s][info][gc,heap     ] GC(1035) Old regions: 82->88
[464.978s][info][gc,heap     ] GC(1035) Humongous regions: 6->6
[464.978s][info][gc,metaspace] GC(1035) Metaspace: 43077K(43456K)->43077K(43456K) NonClass: 40269K(40512K)->40269K(40512K) Class: 2808K(2944K)->2808K(2944K)
[464.978s][info][gc          ] GC(1035) Pause Young (Mixed) (G1 Evacuation Pause) 255M->110M(328M) 48.614ms
[464.978s][info][gc,cpu      ] GC(1035) User=0.10s Sys=0.00s Real=0.05s
[465.270s][info][gc,start    ] GC(1036) Pause Young (Concurrent Start) (G1 Humongous Allocation)
[465.270s][info][gc,task     ] GC(1036) Using 2 workers of 2 for evacuation
[465.302s][info][gc,phases   ] GC(1036)   Pre Evacuate Collection Set: 0.20ms
[465.302s][info][gc,phases   ] GC(1036)   Merge Heap Roots: 0.07ms
[465.302s][info][gc,phases   ] GC(1036)   Evacuate Collection Set: 31.39ms
[465.302s][info][gc,phases   ] GC(1036)   Post Evacuate Collection Set: 0.42ms
[465.302s][info][gc,phases   ] GC(1036)   Other: 0.09ms
[465.302s][info][gc,heap     ] GC(1036) Eden regions: 121->0(158)
[465.302s][info][gc,heap     ] GC(1036) Survivor regions: 18->14(24)
[465.302s][info][gc,heap     ] GC(1036) Old regions: 88->105
[465.302s][info][gc,heap     ] GC(1036) Humongous regions: 6->6
[465.302s][info][gc,metaspace] GC(1036) Metaspace: 43077K(43456K)->43077K(43456K) NonClass: 40269K(40512K)->40269K(40512K) Class: 2808K(2944K)->2808K(2944K)
[465.302s][info][gc          ] GC(1036) Pause Young (Concurrent Start) (G1 Humongous Allocation) 231M->124M(328M) 32.367ms
[465.302s][info][gc          ] GC(1037) Concurrent Mark Cycle
[465.302s][info][gc,marking  ] GC(1037) Concurrent Scan Root Regions
[465.305s][info][gc,cpu      ] GC(1036) User=0.07s Sys=0.00s Real=0.03s
[465.327s][info][gc,marking  ] GC(1037) Concurrent Scan Root Regions 24.332ms
[465.327s][info][gc,marking  ] GC(1037) Concurrent Mark
[465.327s][info][gc,marking  ] GC(1037) Concurrent Mark From Roots
[465.327s][info][gc,task     ] GC(1037) Using 1 workers of 1 for marking
[465.406s][info][gc,marking  ] GC(1037) Concurrent Mark From Roots 79.439ms
[465.406s][info][gc,marking  ] GC(1037) Concurrent Preclean
[465.406s][info][gc,marking  ] GC(1037) Concurrent Preclean 0.036ms
[465.406s][info][gc,start    ] GC(1037) Pause Remark
[465.423s][info][gc          ] GC(1037) Pause Remark 152M->146M(328M) 16.376ms
[465.423s][info][gc,cpu      ] GC(1037) User=0.04s Sys=0.00s Real=0.02s
[465.423s][info][gc,marking  ] GC(1037) Concurrent Mark 96.128ms
[465.423s][info][gc,marking  ] GC(1037) Concurrent Rebuild Remembered Sets and Scrub Regions
[465.476s][info][gc,marking  ] GC(1037) Concurrent Rebuild Remembered Sets and Scrub Regions 52.728ms
[465.476s][info][gc,start    ] GC(1037) Pause Cleanup
[465.476s][info][gc          ] GC(1037) Pause Cleanup 171M->171M(328M) 0.044ms
[465.476s][info][gc,cpu      ] GC(1037) User=0.00s Sys=0.00s Real=0.00s
[465.476s][info][gc,marking  ] GC(1037) Concurrent Clear Claimed Marks
[465.476s][info][gc,marking  ] GC(1037) Concurrent Clear Claimed Marks 0.038ms
[465.476s][info][gc,marking  ] GC(1037) Concurrent Cleanup for Next Mark
[465.477s][info][gc,marking  ] GC(1037) Concurrent Cleanup for Next Mark 1.201ms
[465.477s][info][gc          ] GC(1037) Concurrent Mark Cycle 174.773ms
[465.787s][info][gc,start    ] GC(1038) Pause Young (Prepare Mixed) (G1 Evacuation Pause)
[465.788s][info][gc,task     ] GC(1038) Using 2 workers of 2 for evacuation
[465.830s][info][gc,phases   ] GC(1038)   Pre Evacuate Collection Set: 0.21ms
[465.830s][info][gc,phases   ] GC(1038)   Merge Heap Roots: 0.13ms
[465.830s][info][gc,phases   ] GC(1038)   Evacuate Collection Set: 41.60ms
[465.830s][info][gc,phases   ] GC(1038)   Post Evacuate Collection Set: 0.45ms
[465.830s][info][gc,phases   ] GC(1038)   Other: 0.11ms
[465.830s][info][gc,heap     ] GC(1038) Eden regions: 158->0(138)
[465.830s][info][gc,heap     ] GC(1038) Survivor regions: 14->22(22)
[465.830s][info][gc,heap     ] GC(1038) Old regions: 100->114
[465.830s][info][gc,heap     ] GC(1038) Humongous regions: 9->9
[465.830s][info][gc,metaspace] GC(1038) Metaspace: 43077K(43456K)->43077K(43456K) NonClass: 40269K(40512K)->40269K(40512K) Class: 2808K(2944K)->2808K(2944K)
[465.830s][info][gc          ] GC(1038) Pause Young (Prepare Mixed) (G1 Evacuation Pause) 280M->144M(328M) 42.739ms
[465.830s][info][gc,cpu      ] GC(1038) User=0.09s Sys=0.00s Real=0.04s
[467.005s][info][gc,start    ] GC(1039) Pause Young (Mixed) (G1 Evacuation Pause)
[467.006s][info][gc,task     ] GC(1039) Using 2 workers of 2 for evacuation
[467.037s][info][gc,phases   ] GC(1039)   Pre Evacuate Collection Set: 0.20ms
[467.037s][info][gc,phases   ] GC(1039)   Merge Heap Roots: 0.16ms
[467.037s][info][gc,phases   ] GC(1039)   Evacuate Collection Set: 30.83ms
[467.037s][info][gc,phases   ] GC(1039)   Post Evacuate Collection Set: 0.43ms
[467.037s][info][gc,phases   ] GC(1039)   Other: 0.09ms
[467.037s][info][gc,heap     ] GC(1039) Eden regions: 138->0(141)
[467.037s][info][gc,heap     ] GC(1039) Survivor regions: 22->10(20)
[467.037s][info][gc,heap     ] GC(1039) Old regions: 114->119
[467.037s][info][gc,heap     ] GC(1039) Humongous regions: 17->15
[467.037s][info][gc,metaspace] GC(1039) Metaspace: 43077K(43456K)->43077K(43456K) NonClass: 40269K(40512K)->40269K(40512K) Class: 2808K(2944K)->2808K(2944K)
[467.037s][info][gc          ] GC(1039) Pause Young (Mixed) (G1 Evacuation Pause) 290M->143M(328M) 31.898ms
[467.037s][info][gc,cpu      ] GC(1039) User=0.07s Sys=0.00s Real=0.04s
[467.612s][info][gc,start    ] GC(1040) Pause Young (Concurrent Start) (G1 Evacuation Pause)
[467.612s][info][gc,task     ] GC(1040) Using 2 workers of 2 for evacuation
[467.626s][info][gc,phases   ] GC(1040)   Pre Evacuate Collection Set: 0.22ms
[467.626s][info][gc,phases   ] GC(1040)   Merge Heap Roots: 0.09ms
[467.626s][info][gc,phases   ] GC(1040)   Evacuate Collection Set: 13.64ms
[467.626s][info][gc,phases   ] GC(1040)   Post Evacuate Collection Set: 0.42ms
[467.626s][info][gc,phases   ] GC(1040)   Other: 0.08ms
[467.626s][info][gc,heap     ] GC(1040) Eden regions: 141->0(142)
[467.626s][info][gc,heap     ] GC(1040) Survivor regions: 10->13(19)
[467.626s][info][gc,heap     ] GC(1040) Old regions: 119->119
[467.626s][info][gc,heap     ] GC(1040) Humongous regions: 15->15
[467.626s][info][gc,metaspace] GC(1040) Metaspace: 43077K(43456K)->43077K(43456K) NonClass: 40269K(40512K)->40269K(40512K) Class: 2808K(2944K)->2808K(2944K)
[467.626s][info][gc          ] GC(1040) Pause Young (Concurrent Start) (G1 Evacuation Pause) 284M->146M(328M) 14.645ms
[467.626s][info][gc,cpu      ] GC(1040) User=0.02s Sys=0.00s Real=0.01s
[467.626s][info][gc          ] GC(1041) Concurrent Mark Cycle
[467.626s][info][gc,marking  ] GC(1041) Concurrent Scan Root Regions
[467.634s][info][gc,marking  ] GC(1041) Concurrent Scan Root Regions 7.646ms
[467.634s][info][gc,marking  ] GC(1041) Concurrent Mark
[467.634s][info][gc,marking  ] GC(1041) Concurrent Mark From Roots
[467.634s][info][gc,task     ] GC(1041) Using 1 workers of 1 for marking
[467.668s][info][gc,marking  ] GC(1041) Concurrent Mark From Roots 33.816ms
[467.668s][info][gc,marking  ] GC(1041) Concurrent Preclean
[467.668s][info][gc,marking  ] GC(1041) Concurrent Preclean 0.032ms
[467.668s][info][gc,start    ] GC(1041) Pause Remark
[467.684s][info][gc          ] GC(1041) Pause Remark 156M->68M(256M) 16.290ms
[467.684s][info][gc,cpu      ] GC(1041) User=0.03s Sys=0.00s Real=0.01s
[467.684s][info][gc,marking  ] GC(1041) Concurrent Mark 50.450ms
[467.684s][info][gc,marking  ] GC(1041) Concurrent Rebuild Remembered Sets and Scrub Regions
[467.697s][info][gc,marking  ] GC(1041) Concurrent Rebuild Remembered Sets and Scrub Regions 12.606ms
[467.697s][info][gc,start    ] GC(1041) Pause Cleanup
[467.697s][info][gc          ] GC(1041) Pause Cleanup 70M->70M(256M) 0.035ms
[467.697s][info][gc,cpu      ] GC(1041) User=0.00s Sys=0.00s Real=0.00s
[467.697s][info][gc,marking  ] GC(1041) Concurrent Clear Claimed Marks
[467.697s][info][gc,marking  ] GC(1041) Concurrent Clear Claimed Marks 0.032ms
[467.697s][info][gc,marking  ] GC(1041) Concurrent Cleanup for Next Mark
[467.698s][info][gc,marking  ] GC(1041) Concurrent Cleanup for Next Mark 0.730ms
[467.698s][info][gc          ] GC(1041) Concurrent Mark Cycle 71.750ms
[468.351s][info][gc,start    ] GC(1042) Pause Young (Prepare Mixed) (G1 Evacuation Pause)
[468.351s][info][gc,task     ] GC(1042) Using 2 workers of 2 for evacuation
[468.356s][info][gc,phases   ] GC(1042)   Pre Evacuate Collection Set: 0.17ms
[468.356s][info][gc,phases   ] GC(1042)   Merge Heap Roots: 0.07ms
[468.356s][info][gc,phases   ] GC(1042)   Evacuate Collection Set: 4.14ms
[468.356s][info][gc,phases   ] GC(1042)   Post Evacuate Collection Set: 0.40ms
[468.356s][info][gc,phases   ] GC(1042)   Other: 0.07ms
[468.356s][info][gc,heap     ] GC(1042) Eden regions: 140->0(148)
[468.356s][info][gc,heap     ] GC(1042) Survivor regions: 13->5(20)
[468.356s][info][gc,heap     ] GC(1042) Old regions: 45->47
[468.356s][info][gc,heap     ] GC(1042) Humongous regions: 1->1
[468.356s][info][gc,metaspace] GC(1042) Metaspace: 43077K(43456K)->43077K(43456K) NonClass: 40269K(40512K)->40269K(40512K) Class: 2808K(2944K)->2808K(2944K)
[468.356s][info][gc          ] GC(1042) Pause Young (Prepare Mixed) (G1 Evacuation Pause) 198M->52M(256M) 5.036ms
[468.356s][info][gc,cpu      ] GC(1042) User=0.01s Sys=0.00s Real=0.00s
[469.162s][info][gc,start    ] GC(1043) Pause Young (Mixed) (G1 Evacuation Pause)
[469.163s][info][gc,task     ] GC(1043) Using 2 workers of 2 for evacuation
[469.183s][info][gc,phases   ] GC(1043)   Pre Evacuate Collection Set: 0.19ms
[469.183s][info][gc,phases   ] GC(1043)   Merge Heap Roots: 0.07ms
[469.183s][info][gc,phases   ] GC(1043)   Evacuate Collection Set: 19.39ms
[469.183s][info][gc,phases   ] GC(1043)   Post Evacuate Collection Set: 0.40ms
[469.183s][info][gc,phases   ] GC(1043)   Other: 0.08ms
[469.183s][info][gc,heap     ] GC(1043) Eden regions: 148->0(133)
[469.183s][info][gc,heap     ] GC(1043) Survivor regions: 5->20(20)
[469.183s][info][gc,heap     ] GC(1043) Old regions: 47->45
[469.183s][info][gc,heap     ] GC(1043) Humongous regions: 1->1
[469.183s][info][gc,metaspace] GC(1043) Metaspace: 43077K(43456K)->43077K(43456K) NonClass: 40269K(40512K)->40269K(40512K) Class: 2808K(2944K)->2808K(2944K)
[469.183s][info][gc          ] GC(1043) Pause Young (Mixed) (G1 Evacuation Pause) 200M->64M(256M) 20.324ms
[469.183s][info][gc,cpu      ] GC(1043) User=0.04s Sys=0.00s Real=0.02s
[469.856s][info][gc,start    ] GC(1044) Pause Young (Concurrent Start) (G1 Evacuation Pause)
[469.856s][info][gc,task     ] GC(1044) Using 2 workers of 2 for evacuation
[469.887s][info][gc,phases   ] GC(1044)   Pre Evacuate Collection Set: 0.17ms
[469.887s][info][gc,phases   ] GC(1044)   Merge Heap Roots: 0.08ms
[469.887s][info][gc,phases   ] GC(1044)   Evacuate Collection Set: 29.94ms
[469.887s][info][gc,phases   ] GC(1044)   Post Evacuate Collection Set: 0.43ms
[469.887s][info][gc,phases   ] GC(1044)   Other: 0.16ms
[469.887s][info][gc,heap     ] GC(1044) Eden regions: 133->0(135)
[469.887s][info][gc,heap     ] GC(1044) Survivor regions: 20->16(20)
[469.887s][info][gc,heap     ] GC(1044) Old regions: 45->65
[469.887s][info][gc,heap     ] GC(1044) Humongous regions: 1->1
[469.887s][info][gc,metaspace] GC(1044) Metaspace: 43077K(43456K)->43077K(43456K) NonClass: 40269K(40512K)->40269K(40512K) Class: 2808K(2944K)->2808K(2944K)
[469.887s][info][gc          ] GC(1044) Pause Young (Concurrent Start) (G1 Evacuation Pause) 197M->80M(256M) 30.976ms
[469.887s][info][gc,cpu      ] GC(1044) User=0.06s Sys=0.00s Real=0.04s
[469.887s][info][gc          ] GC(1045) Concurrent Mark Cycle
[469.887s][info][gc,marking  ] GC(1045) Concurrent Scan Root Regions
[469.910s][info][gc,marking  ] GC(1045) Concurrent Scan Root Regions 23.074ms
[469.910s][info][gc,marking  ] GC(1045) Concurrent Mark
[469.910s][info][gc,marking  ] GC(1045) Concurrent Mark From Roots
[469.910s][info][gc,task     ] GC(1045) Using 1 workers of 1 for marking
[469.946s][info][gc,marking  ] GC(1045) Concurrent Mark From Roots 36.032ms
[469.946s][info][gc,marking  ] GC(1045) Concurrent Preclean
[469.946s][info][gc,marking  ] GC(1045) Concurrent Preclean 0.034ms
[469.946s][info][gc,start    ] GC(1045) Pause Remark
[469.967s][info][gc          ] GC(1045) Pause Remark 81M->81M(256M) 20.687ms
[469.967s][info][gc,cpu      ] GC(1045) User=0.03s Sys=0.00s Real=0.03s
[469.968s][info][gc,marking  ] GC(1045) Concurrent Mark 57.656ms
[469.968s][info][gc,marking  ] GC(1045) Concurrent Rebuild Remembered Sets and Scrub Regions
[469.994s][info][gc,marking  ] GC(1045) Concurrent Rebuild Remembered Sets and Scrub Regions 26.178ms
[469.994s][info][gc,start    ] GC(1045) Pause Cleanup
[469.994s][info][gc          ] GC(1045) Pause Cleanup 86M->86M(256M) 0.041ms
[469.994s][info][gc,cpu      ] GC(1045) User=0.00s Sys=0.00s Real=0.00s
[469.994s][info][gc,marking  ] GC(1045) Concurrent Clear Claimed Marks
[469.994s][info][gc,marking  ] GC(1045) Concurrent Clear Claimed Marks 0.035ms
[469.994s][info][gc,marking  ] GC(1045) Concurrent Cleanup for Next Mark
[469.995s][info][gc,marking  ] GC(1045) Concurrent Cleanup for Next Mark 0.857ms
[469.995s][info][gc          ] GC(1045) Concurrent Mark Cycle 108.229ms
[470.680s][info][gc,start    ] GC(1046) Pause Young (Prepare Mixed) (G1 Evacuation Pause)
[470.680s][info][gc,task     ] GC(1046) Using 2 workers of 2 for evacuation
[470.700s][info][gc,phases   ] GC(1046)   Pre Evacuate Collection Set: 0.16ms
[470.701s][info][gc,phases   ] GC(1046)   Merge Heap Roots: 0.07ms
[470.701s][info][gc,phases   ] GC(1046)   Evacuate Collection Set: 20.01ms
[470.701s][info][gc,phases   ] GC(1046)   Post Evacuate Collection Set: 0.39ms
[470.701s][info][gc,phases   ] GC(1046)   Other: 0.09ms
[470.701s][info][gc,heap     ] GC(1046) Eden regions: 135->0(128)
[470.701s][info][gc,heap     ] GC(1046) Survivor regions: 16->14(19)
[470.701s][info][gc,heap     ] GC(1046) Old regions: 65->75
[470.701s][info][gc,heap     ] GC(1046) Humongous regions: 2->2
[470.701s][info][gc,metaspace] GC(1046) Metaspace: 43077K(43456K)->43077K(43456K) NonClass: 40269K(40512K)->40269K(40512K) Class: 2808K(2944K)->2808K(2944K)
[470.701s][info][gc          ] GC(1046) Pause Young (Prepare Mixed) (G1 Evacuation Pause) 216M->90M(256M) 20.902ms
[470.701s][info][gc,cpu      ] GC(1046) User=0.04s Sys=0.00s Real=0.02s
[471.388s][info][gc,start    ] GC(1047) Pause Young (Mixed) (G1 Evacuation Pause)
[471.388s][info][gc,task     ] GC(1047) Using 2 workers of 2 for evacuation
[471.414s][info][gc,phases   ] GC(1047)   Pre Evacuate Collection Set: 0.21ms
[471.414s][info][gc,phases   ] GC(1047)   Merge Heap Roots: 0.11ms
[471.414s][info][gc,phases   ] GC(1047)   Evacuate Collection Set: 25.15ms
[471.414s][info][gc,phases   ] GC(1047)   Post Evacuate Collection Set: 0.48ms
[471.414s][info][gc,phases   ] GC(1047)   Other: 0.10ms
[471.414s][info][gc,heap     ] GC(1047) Eden regions: 128->0(125)
[471.414s][info][gc,heap     ] GC(1047) Survivor regions: 14->12(18)
[471.414s][info][gc,heap     ] GC(1047) Old regions: 75->82
[471.414s][info][gc,heap     ] GC(1047) Humongous regions: 2->2
[471.414s][info][gc,metaspace] GC(1047) Metaspace: 43077K(43456K)->43077K(43456K) NonClass: 40269K(40512K)->40269K(40512K) Class: 2808K(2944K)->2808K(2944K)
[471.414s][info][gc          ] GC(1047) Pause Young (Mixed) (G1 Evacuation Pause) 218M->96M(256M) 26.270ms
[471.414s][info][gc,cpu      ] GC(1047) User=0.05s Sys=0.00s Real=0.02s
[471.822s][info][gc,start    ] GC(1048) Pause Young (Concurrent Start) (G1 Humongous Allocation)
[471.822s][info][gc,task     ] GC(1048) Using 2 workers of 2 for evacuation
[471.844s][info][gc,phases   ] GC(1048)   Pre Evacuate Collection Set: 1.38ms
[471.844s][info][gc,phases   ] GC(1048)   Merge Heap Roots: 0.08ms
[471.844s][info][gc,phases   ] GC(1048)   Evacuate Collection Set: 19.71ms
[471.844s][info][gc,phases   ] GC(1048)   Post Evacuate Collection Set: 0.39ms
[471.844s][info][gc,phases   ] GC(1048)   Other: 0.14ms
[471.844s][info][gc,heap     ] GC(1048) Eden regions: 89->0(113)
[471.844s][info][gc,heap     ] GC(1048) Survivor regions: 12->12(18)
[471.844s][info][gc,heap     ] GC(1048) Old regions: 82->95
[471.844s][info][gc,heap     ] GC(1048) Humongous regions: 2->2
[471.844s][info][gc,metaspace] GC(1048) Metaspace: 43079K(43456K)->43079K(43456K) NonClass: 40270K(40512K)->40270K(40512K) Class: 2808K(2944K)->2808K(2944K)
[471.844s][info][gc          ] GC(1048) Pause Young (Concurrent Start) (G1 Humongous Allocation) 184M->108M(256M) 21.873ms
[471.844s][info][gc          ] GC(1049) Concurrent Mark Cycle
[471.844s][info][gc,marking  ] GC(1049) Concurrent Scan Root Regions
[471.847s][info][gc,cpu      ] GC(1048) User=0.04s Sys=0.00s Real=0.03s
[471.861s][info][gc,marking  ] GC(1049) Concurrent Scan Root Regions 16.429ms
[471.861s][info][gc,marking  ] GC(1049) Concurrent Mark
[471.861s][info][gc,marking  ] GC(1049) Concurrent Mark From Roots
[471.861s][info][gc,task     ] GC(1049) Using 1 workers of 1 for marking
[471.899s][info][gc,marking  ] GC(1049) Concurrent Mark From Roots 38.039ms
[471.899s][info][gc,marking  ] GC(1049) Concurrent Preclean
[471.899s][info][gc,marking  ] GC(1049) Concurrent Preclean 0.041ms
[471.899s][info][gc,start    ] GC(1049) Pause Remark
[471.915s][info][gc          ] GC(1049) Pause Remark 116M->96M(256M) 16.021ms
[471.915s][info][gc,cpu      ] GC(1049) User=0.03s Sys=0.00s Real=0.01s
[471.915s][info][gc,marking  ] GC(1049) Concurrent Mark 54.347ms
[471.915s][info][gc,marking  ] GC(1049) Concurrent Rebuild Remembered Sets and Scrub Regions
[471.937s][info][gc,marking  ] GC(1049) Concurrent Rebuild Remembered Sets and Scrub Regions 22.014ms
[471.937s][info][gc,start    ] GC(1049) Pause Cleanup
[471.937s][info][gc          ] GC(1049) Pause Cleanup 96M->96M(256M) 0.060ms
[471.937s][info][gc,cpu      ] GC(1049) User=0.00s Sys=0.00s Real=0.00s
[471.937s][info][gc,marking  ] GC(1049) Concurrent Clear Claimed Marks
[471.937s][info][gc,marking  ] GC(1049) Concurrent Clear Claimed Marks 0.039ms
[471.937s][info][gc,marking  ] GC(1049) Concurrent Cleanup for Next Mark
[471.938s][info][gc,marking  ] GC(1049) Concurrent Cleanup for Next Mark 0.767ms
[471.938s][info][gc          ] GC(1049) Concurrent Mark Cycle 93.866ms
[472.392s][info][gc,start    ] GC(1050) Pause Young (Prepare Mixed) (G1 Evacuation Pause)
[472.392s][info][gc,task     ] GC(1050) Using 2 workers of 2 for evacuation
[472.397s][info][gc,phases   ] GC(1050)   Pre Evacuate Collection Set: 0.18ms
[472.397s][info][gc,phases   ] GC(1050)   Merge Heap Roots: 0.07ms
[472.397s][info][gc,phases   ] GC(1050)   Evacuate Collection Set: 4.83ms
[472.397s][info][gc,phases   ] GC(1050)   Post Evacuate Collection Set: 0.35ms
[472.397s][info][gc,phases   ] GC(1050)   Other: 0.10ms
[472.397s][info][gc,heap     ] GC(1050) Eden regions: 113->0(137)
[472.397s][info][gc,heap     ] GC(1050) Survivor regions: 12->2(16)
[472.397s][info][gc,heap     ] GC(1050) Old regions: 76->82
[472.397s][info][gc,heap     ] GC(1050) Humongous regions: 9->3
[472.397s][info][gc,metaspace] GC(1050) Metaspace: 43079K(43456K)->43079K(43456K) NonClass: 40270K(40512K)->40270K(40512K) Class: 2808K(2944K)->2808K(2944K)
[472.397s][info][gc          ] GC(1050) Pause Young (Prepare Mixed) (G1 Evacuation Pause) 209M->86M(256M) 5.713ms
[472.397s][info][gc,cpu      ] GC(1050) User=0.01s Sys=0.00s Real=0.01s
[472.904s][info][gc,start    ] GC(1051) Pause Young (Mixed) (G1 Evacuation Pause)
[472.904s][info][gc,task     ] GC(1051) Using 2 workers of 2 for evacuation
[472.917s][info][gc,phases   ] GC(1051)   Pre Evacuate Collection Set: 0.23ms
[472.917s][info][gc,phases   ] GC(1051)   Merge Heap Roots: 0.14ms
[472.918s][info][gc,phases   ] GC(1051)   Evacuate Collection Set: 12.46ms
[472.918s][info][gc,phases   ] GC(1051)   Post Evacuate Collection Set: 0.43ms
[472.918s][info][gc,phases   ] GC(1051)   Other: 0.07ms
[472.918s][info][gc,heap     ] GC(1051) Eden regions: 137->0(141)
[472.918s][info][gc,heap     ] GC(1051) Survivor regions: 2->12(18)
[472.918s][info][gc,heap     ] GC(1051) Old regions: 82->57
[472.918s][info][gc,heap     ] GC(1051) Humongous regions: 16->3
[472.918s][info][gc,metaspace] GC(1051) Metaspace: 43079K(43456K)->43079K(43456K) NonClass: 40270K(40512K)->40270K(40512K) Class: 2808K(2944K)->2808K(2944K)
[472.918s][info][gc          ] GC(1051) Pause Young (Mixed) (G1 Evacuation Pause) 236M->71M(256M) 13.500ms
[472.918s][info][gc,cpu      ] GC(1051) User=0.02s Sys=0.00s Real=0.02s
[473.426s][info][gc,start    ] GC(1052) Pause Young (Mixed) (G1 Evacuation Pause)
[473.426s][info][gc,task     ] GC(1052) Using 2 workers of 2 for evacuation
[473.432s][info][gc,phases   ] GC(1052)   Pre Evacuate Collection Set: 0.15ms
[473.432s][info][gc,phases   ] GC(1052)   Merge Heap Roots: 0.09ms
[473.432s][info][gc,phases   ] GC(1052)   Evacuate Collection Set: 5.16ms
[473.432s][info][gc,phases   ] GC(1052)   Post Evacuate Collection Set: 0.48ms
[473.432s][info][gc,phases   ] GC(1052)   Other: 0.09ms
[473.432s][info][gc,heap     ] GC(1052) Eden regions: 141->0(149)
[473.432s][info][gc,heap     ] GC(1052) Survivor regions: 12->4(20)
[473.432s][info][gc,heap     ] GC(1052) Old regions: 57->57
[473.432s][info][gc,heap     ] GC(1052) Humongous regions: 10->3
[473.432s][info][gc,metaspace] GC(1052) Metaspace: 43104K(43456K)->43104K(43456K) NonClass: 40295K(40512K)->40295K(40512K) Class: 2808K(2944K)->2808K(2944K)
[473.432s][info][gc          ] GC(1052) Pause Young (Mixed) (G1 Evacuation Pause) 219M->63M(256M) 6.133ms
[473.433s][info][gc,cpu      ] GC(1052) User=0.01s Sys=0.00s Real=0.01s
[473.609s][info][gc,start    ] GC(1053) Pause Young (Concurrent Start) (G1 Humongous Allocation)
[473.609s][info][gc,task     ] GC(1053) Using 2 workers of 2 for evacuation
[473.612s][info][gc,phases   ] GC(1053)   Pre Evacuate Collection Set: 0.18ms
[473.612s][info][gc,phases   ] GC(1053)   Merge Heap Roots: 0.05ms
[473.612s][info][gc,phases   ] GC(1053)   Evacuate Collection Set: 1.55ms
[473.612s][info][gc,phases   ] GC(1053)   Post Evacuate Collection Set: 0.33ms
[473.612s][info][gc,phases   ] GC(1053)   Other: 0.10ms
[473.612s][info][gc,heap     ] GC(1053) Eden regions: 50->0(151)
[473.612s][info][gc,heap     ] GC(1053) Survivor regions: 4->2(20)
[473.612s][info][gc,heap     ] GC(1053) Old regions: 57->57
[473.612s][info][gc,heap     ] GC(1053) Humongous regions: 3->1
[473.612s][info][gc,metaspace] GC(1053) Metaspace: 43104K(43456K)->43104K(43456K) NonClass: 40295K(40512K)->40295K(40512K) Class: 2808K(2944K)->2808K(2944K)
[473.612s][info][gc          ] GC(1053) Pause Young (Concurrent Start) (G1 Humongous Allocation) 113M->59M(256M) 2.385ms
[473.612s][info][gc,cpu      ] GC(1053) User=0.00s Sys=0.00s Real=0.00s
[473.612s][info][gc          ] GC(1054) Concurrent Mark Cycle
[473.612s][info][gc,marking  ] GC(1054) Concurrent Scan Root Regions
[473.613s][info][gc,marking  ] GC(1054) Concurrent Scan Root Regions 1.491ms
[473.613s][info][gc,marking  ] GC(1054) Concurrent Mark
[473.613s][info][gc,marking  ] GC(1054) Concurrent Mark From Roots
[473.613s][info][gc,task     ] GC(1054) Using 1 workers of 1 for marking
[473.659s][info][gc,marking  ] GC(1054) Concurrent Mark From Roots 45.699ms
[473.659s][info][gc,marking  ] GC(1054) Concurrent Preclean
[473.659s][info][gc,marking  ] GC(1054) Concurrent Preclean 0.043ms
[473.659s][info][gc,start    ] GC(1054) Pause Remark
[473.675s][info][gc          ] GC(1054) Pause Remark 73M->71M(256M) 16.168ms
[473.676s][info][gc,cpu      ] GC(1054) User=0.03s Sys=0.00s Real=0.01s
[473.676s][info][gc,marking  ] GC(1054) Concurrent Mark 62.148ms
[473.676s][info][gc,marking  ] GC(1054) Concurrent Rebuild Remembered Sets and Scrub Regions
[473.692s][info][gc,marking  ] GC(1054) Concurrent Rebuild Remembered Sets and Scrub Regions 16.381ms
[473.692s][info][gc,start    ] GC(1054) Pause Cleanup
[473.692s][info][gc          ] GC(1054) Pause Cleanup 71M->71M(256M) 0.053ms
[473.692s][info][gc,cpu      ] GC(1054) User=0.00s Sys=0.00s Real=0.00s
[473.692s][info][gc,marking  ] GC(1054) Concurrent Clear Claimed Marks
[473.692s][info][gc,marking  ] GC(1054) Concurrent Clear Claimed Marks 0.040ms
[473.692s][info][gc,marking  ] GC(1054) Concurrent Cleanup for Next Mark
[473.693s][info][gc,marking  ] GC(1054) Concurrent Cleanup for Next Mark 0.765ms
[473.693s][info][gc          ] GC(1054) Concurrent Mark Cycle 81.149ms
[474.278s][info][gc,start    ] GC(1055) Pause Young (Prepare Mixed) (G1 Evacuation Pause)
[474.278s][info][gc,task     ] GC(1055) Using 2 workers of 2 for evacuation
[474.300s][info][gc,phases   ] GC(1055)   Pre Evacuate Collection Set: 0.17ms
[474.301s][info][gc,phases   ] GC(1055)   Merge Heap Roots: 0.06ms
[474.301s][info][gc,phases   ] GC(1055)   Evacuate Collection Set: 21.42ms
[474.301s][info][gc,phases   ] GC(1055)   Post Evacuate Collection Set: 0.43ms
[474.301s][info][gc,phases   ] GC(1055)   Other: 0.09ms
[474.301s][info][gc,heap     ] GC(1055) Eden regions: 151->0(133)
[474.301s][info][gc,heap     ] GC(1055) Survivor regions: 2->20(20)
[474.301s][info][gc,heap     ] GC(1055) Old regions: 55->57
[474.301s][info][gc,heap     ] GC(1055) Humongous regions: 5->3
[474.301s][info][gc,metaspace] GC(1055) Metaspace: 43104K(43456K)->43104K(43456K) NonClass: 40295K(40512K)->40295K(40512K) Class: 2808K(2944K)->2808K(2944K)
[474.301s][info][gc          ] GC(1055) Pause Young (Prepare Mixed) (G1 Evacuation Pause) 212M->79M(256M) 22.341ms
[474.301s][info][gc,cpu      ] GC(1055) User=0.05s Sys=0.00s Real=0.02s
[474.778s][info][gc,start    ] GC(1056) Pause Young (Mixed) (G1 Evacuation Pause)
[474.778s][info][gc,task     ] GC(1056) Using 2 workers of 2 for evacuation
[474.804s][info][gc,phases   ] GC(1056)   Pre Evacuate Collection Set: 0.17ms
[474.804s][info][gc,phases   ] GC(1056)   Merge Heap Roots: 0.10ms
[474.804s][info][gc,phases   ] GC(1056)   Evacuate Collection Set: 24.81ms
[474.804s][info][gc,phases   ] GC(1056)   Post Evacuate Collection Set: 0.52ms
[474.804s][info][gc,phases   ] GC(1056)   Other: 0.11ms
[474.804s][info][gc,heap     ] GC(1056) Eden regions: 133->0(144)
[474.804s][info][gc,heap     ] GC(1056) Survivor regions: 20->9(20)
[474.804s][info][gc,heap     ] GC(1056) Old regions: 57->58
[474.804s][info][gc,heap     ] GC(1056) Humongous regions: 13->3
[474.804s][info][gc,metaspace] GC(1056) Metaspace: 43104K(43456K)->43104K(43456K) NonClass: 40295K(40512K)->40295K(40512K) Class: 2808K(2944K)->2808K(2944K)
[474.804s][info][gc          ] GC(1056) Pause Young (Mixed) (G1 Evacuation Pause) 222M->69M(256M) 25.927ms
[474.804s][info][gc,cpu      ] GC(1056) User=0.05s Sys=0.00s Real=0.02s
[474.858s][info][gc,start    ] GC(1057) Pause Young (Concurrent Start) (G1 Humongous Allocation)
[474.858s][info][gc,task     ] GC(1057) Using 2 workers of 2 for evacuation
[474.866s][info][gc,phases   ] GC(1057)   Pre Evacuate Collection Set: 0.16ms
[474.866s][info][gc,phases   ] GC(1057)   Merge Heap Roots: 0.08ms
[474.866s][info][gc,phases   ] GC(1057)   Evacuate Collection Set: 7.19ms
[474.866s][info][gc,phases   ] GC(1057)   Post Evacuate Collection Set: 0.31ms
[474.866s][info][gc,phases   ] GC(1057)   Other: 0.12ms
[474.866s][info][gc,heap     ] GC(1057) Eden regions: 15->0(146)
[474.866s][info][gc,heap     ] GC(1057) Survivor regions: 9->7(20)
[474.866s][info][gc,heap     ] GC(1057) Old regions: 58->58
[474.866s][info][gc,heap     ] GC(1057) Humongous regions: 3->1
[474.866s][info][gc,metaspace] GC(1057) Metaspace: 43104K(43456K)->43104K(43456K) NonClass: 40295K(40512K)->40295K(40512K) Class: 2808K(2944K)->2808K(2944K)
[474.866s][info][gc          ] GC(1057) Pause Young (Concurrent Start) (G1 Humongous Allocation) 84M->65M(256M) 8.074ms
[474.866s][info][gc,cpu      ] GC(1057) User=0.01s Sys=0.00s Real=0.00s
[474.866s][info][gc          ] GC(1058) Concurrent Mark Cycle
[474.866s][info][gc,marking  ] GC(1058) Concurrent Scan Root Regions
[474.872s][info][gc,marking  ] GC(1058) Concurrent Scan Root Regions 6.577ms
[474.872s][info][gc,marking  ] GC(1058) Concurrent Mark
[474.872s][info][gc,marking  ] GC(1058) Concurrent Mark From Roots
[474.872s][info][gc,task     ] GC(1058) Using 1 workers of 1 for marking
[474.940s][info][gc,marking  ] GC(1058) Concurrent Mark From Roots 67.524ms
[474.940s][info][gc,marking  ] GC(1058) Concurrent Preclean
[474.940s][info][gc,marking  ] GC(1058) Concurrent Preclean 0.038ms
[474.940s][info][gc,start    ] GC(1058) Pause Remark
[474.959s][info][gc          ] GC(1058) Pause Remark 79M->79M(256M) 19.168ms
[474.959s][info][gc,cpu      ] GC(1058) User=0.03s Sys=0.00s Real=0.02s
[474.962s][info][gc,marking  ] GC(1058) Concurrent Mark 89.278ms
[474.962s][info][gc,marking  ] GC(1058) Concurrent Rebuild Remembered Sets and Scrub Regions
[474.988s][info][gc,marking  ] GC(1058) Concurrent Rebuild Remembered Sets and Scrub Regions 26.757ms
[474.989s][info][gc,start    ] GC(1058) Pause Cleanup
[474.989s][info][gc          ] GC(1058) Pause Cleanup 87M->87M(256M) 0.053ms
[474.989s][info][gc,cpu      ] GC(1058) User=0.00s Sys=0.00s Real=0.00s
[474.989s][info][gc,marking  ] GC(1058) Concurrent Clear Claimed Marks
[474.989s][info][gc,marking  ] GC(1058) Concurrent Clear Claimed Marks 0.038ms
[474.989s][info][gc,marking  ] GC(1058) Concurrent Cleanup for Next Mark
[474.989s][info][gc,marking  ] GC(1058) Concurrent Cleanup for Next Mark 0.743ms
[474.990s][info][gc          ] GC(1058) Concurrent Mark Cycle 123.751ms
[475.406s][info][gc,start    ] GC(1059) Pause Young (Prepare Mixed) (G1 Evacuation Pause)
[475.406s][info][gc,task     ] GC(1059) Using 2 workers of 2 for evacuation
[475.419s][info][gc,phases   ] GC(1059)   Pre Evacuate Collection Set: 0.18ms
[475.419s][info][gc,phases   ] GC(1059)   Merge Heap Roots: 0.12ms
[475.419s][info][gc,phases   ] GC(1059)   Evacuate Collection Set: 11.52ms
[475.419s][info][gc,phases   ] GC(1059)   Post Evacuate Collection Set: 0.42ms
[475.419s][info][gc,phases   ] GC(1059)   Other: 0.07ms
[475.419s][info][gc,heap     ] GC(1059) Eden regions: 146->0(140)
[475.419s][info][gc,heap     ] GC(1059) Survivor regions: 7->13(20)
[475.419s][info][gc,heap     ] GC(1059) Old regions: 58->58
[475.419s][info][gc,heap     ] GC(1059) Humongous regions: 15->3
[475.419s][info][gc,metaspace] GC(1059) Metaspace: 43104K(43456K)->43104K(43456K) NonClass: 40295K(40512K)->40295K(40512K) Class: 2808K(2944K)->2808K(2944K)
[475.419s][info][gc          ] GC(1059) Pause Young (Prepare Mixed) (G1 Evacuation Pause) 225M->73M(256M) 12.471ms
[475.419s][info][gc,cpu      ] GC(1059) User=0.03s Sys=0.00s Real=0.02s
[475.931s][info][gc,start    ] GC(1060) Pause Young (Mixed) (G1 Evacuation Pause)
[475.931s][info][gc,task     ] GC(1060) Using 2 workers of 2 for evacuation
[475.946s][info][gc,phases   ] GC(1060)   Pre Evacuate Collection Set: 0.16ms
[475.946s][info][gc,phases   ] GC(1060)   Merge Heap Roots: 0.10ms
[475.946s][info][gc,phases   ] GC(1060)   Evacuate Collection Set: 14.29ms
[475.946s][info][gc,phases   ] GC(1060)   Post Evacuate Collection Set: 0.41ms
[475.946s][info][gc,phases   ] GC(1060)   Other: 0.07ms
[475.946s][info][gc,heap     ] GC(1060) Eden regions: 140->0(146)
[475.946s][info][gc,heap     ] GC(1060) Survivor regions: 13->7(20)
[475.946s][info][gc,heap     ] GC(1060) Old regions: 58->61
[475.946s][info][gc,heap     ] GC(1060) Humongous regions: 13->3
[475.946s][info][gc,metaspace] GC(1060) Metaspace: 43104K(43456K)->43104K(43456K) NonClass: 40295K(40512K)->40295K(40512K) Class: 2808K(2944K)->2808K(2944K)
[475.946s][info][gc          ] GC(1060) Pause Young (Mixed) (G1 Evacuation Pause) 223M->71M(256M) 15.212ms
[475.946s][info][gc,cpu      ] GC(1060) User=0.03s Sys=0.00s Real=0.01s
[476.063s][info][gc,start    ] GC(1061) Pause Young (Concurrent Start) (G1 Humongous Allocation)
[476.063s][info][gc,task     ] GC(1061) Using 2 workers of 2 for evacuation
[476.065s][info][gc,phases   ] GC(1061)   Pre Evacuate Collection Set: 0.16ms
[476.066s][info][gc,phases   ] GC(1061)   Merge Heap Roots: 0.04ms
[476.066s][info][gc,phases   ] GC(1061)   Evacuate Collection Set: 2.26ms
[476.066s][info][gc,phases   ] GC(1061)   Post Evacuate Collection Set: 0.29ms
[476.066s][info][gc,phases   ] GC(1061)   Other: 0.09ms
[476.066s][info][gc,heap     ] GC(1061) Eden regions: 30->0(150)
[476.066s][info][gc,heap     ] GC(1061) Survivor regions: 7->3(20)
[476.066s][info][gc,heap     ] GC(1061) Old regions: 61->61
[476.066s][info][gc,heap     ] GC(1061) Humongous regions: 3->1
[476.066s][info][gc,metaspace] GC(1061) Metaspace: 43104K(43456K)->43104K(43456K) NonClass: 40295K(40512K)->40295K(40512K) Class: 2808K(2944K)->2808K(2944K)
[476.066s][info][gc          ] GC(1061) Pause Young (Concurrent Start) (G1 Humongous Allocation) 100M->64M(256M) 2.997ms
[476.066s][info][gc          ] GC(1062) Concurrent Mark Cycle
[476.066s][info][gc,marking  ] GC(1062) Concurrent Scan Root Regions
[476.067s][info][gc,cpu      ] GC(1061) User=0.00s Sys=0.00s Real=0.01s
[476.069s][info][gc,marking  ] GC(1062) Concurrent Scan Root Regions 3.380ms
[476.069s][info][gc,marking  ] GC(1062) Concurrent Mark
[476.069s][info][gc,marking  ] GC(1062) Concurrent Mark From Roots
[476.069s][info][gc,task     ] GC(1062) Using 1 workers of 1 for marking
[476.116s][info][gc,marking  ] GC(1062) Concurrent Mark From Roots 46.582ms
[476.116s][info][gc,marking  ] GC(1062) Concurrent Preclean
[476.116s][info][gc,marking  ] GC(1062) Concurrent Preclean 0.061ms
[476.116s][info][gc,start    ] GC(1062) Pause Remark
[476.132s][info][gc          ] GC(1062) Pause Remark 74M->66M(256M) 15.936ms
[476.132s][info][gc,cpu      ] GC(1062) User=0.03s Sys=0.00s Real=0.02s
[476.132s][info][gc,marking  ] GC(1062) Concurrent Mark 62.757ms
[476.132s][info][gc,marking  ] GC(1062) Concurrent Rebuild Remembered Sets and Scrub Regions
[476.153s][info][gc,marking  ] GC(1062) Concurrent Rebuild Remembered Sets and Scrub Regions 21.633ms
[476.154s][info][gc,start    ] GC(1062) Pause Cleanup
[476.154s][info][gc          ] GC(1062) Pause Cleanup 67M->67M(256M) 0.047ms
[476.154s][info][gc,cpu      ] GC(1062) User=0.00s Sys=0.00s Real=0.00s
[476.154s][info][gc,marking  ] GC(1062) Concurrent Clear Claimed Marks
[476.154s][info][gc,marking  ] GC(1062) Concurrent Clear Claimed Marks 0.041ms
[476.154s][info][gc,marking  ] GC(1062) Concurrent Cleanup for Next Mark
[476.155s][info][gc,marking  ] GC(1062) Concurrent Cleanup for Next Mark 0.825ms
[476.155s][info][gc          ] GC(1062) Concurrent Mark Cycle 89.285ms
[476.642s][info][gc,start    ] GC(1063) Pause Young (Prepare Mixed) (G1 Evacuation Pause)
[476.643s][info][gc,task     ] GC(1063) Using 2 workers of 2 for evacuation
[476.667s][info][gc,phases   ] GC(1063)   Pre Evacuate Collection Set: 0.19ms
[476.667s][info][gc,phases   ] GC(1063)   Merge Heap Roots: 0.07ms
[476.667s][info][gc,phases   ] GC(1063)   Evacuate Collection Set: 23.37ms
[476.667s][info][gc,phases   ] GC(1063)   Post Evacuate Collection Set: 0.45ms
[476.667s][info][gc,phases   ] GC(1063)   Other: 0.07ms
[476.667s][info][gc,heap     ] GC(1063) Eden regions: 150->0(133)
[476.667s][info][gc,heap     ] GC(1063) Survivor regions: 3->20(20)
[476.667s][info][gc,heap     ] GC(1063) Old regions: 53->59
[476.667s][info][gc,heap     ] GC(1063) Humongous regions: 5->3
[476.667s][info][gc,metaspace] GC(1063) Metaspace: 43104K(43456K)->43104K(43456K) NonClass: 40295K(40512K)->40295K(40512K) Class: 2808K(2944K)->2808K(2944K)
[476.667s][info][gc          ] GC(1063) Pause Young (Prepare Mixed) (G1 Evacuation Pause) 210M->82M(256M) 24.363ms
[476.667s][info][gc,cpu      ] GC(1063) User=0.05s Sys=0.00s Real=0.03s
[477.251s][info][gc,start    ] GC(1064) Pause Young (Mixed) (G1 Evacuation Pause)
[477.251s][info][gc,task     ] GC(1064) Using 2 workers of 2 for evacuation
[477.276s][info][gc,phases   ] GC(1064)   Pre Evacuate Collection Set: 0.16ms
[477.276s][info][gc,phases   ] GC(1064)   Merge Heap Roots: 0.15ms
[477.276s][info][gc,phases   ] GC(1064)   Evacuate Collection Set: 24.00ms
[477.276s][info][gc,phases   ] GC(1064)   Post Evacuate Collection Set: 0.47ms
[477.276s][info][gc,phases   ] GC(1064)   Other: 0.07ms
[477.276s][info][gc,heap     ] GC(1064) Eden regions: 133->0(139)
[477.276s][info][gc,heap     ] GC(1064) Survivor regions: 20->11(20)
[477.276s][info][gc,heap     ] GC(1064) Old regions: 59->63
[477.276s][info][gc,heap     ] GC(1064) Humongous regions: 3->3
[477.276s][info][gc,metaspace] GC(1064) Metaspace: 43104K(43456K)->43104K(43456K) NonClass: 40295K(40512K)->40295K(40512K) Class: 2808K(2944K)->2808K(2944K)
[477.276s][info][gc          ] GC(1064) Pause Young (Mixed) (G1 Evacuation Pause) 215M->76M(256M) 25.031ms
[477.276s][info][gc,cpu      ] GC(1064) User=0.05s Sys=0.00s Real=0.02s
[477.454s][info][gc,start    ] GC(1065) Pause Young (Concurrent Start) (G1 Humongous Allocation)
[477.454s][info][gc,task     ] GC(1065) Using 2 workers of 2 for evacuation
[477.476s][info][gc,phases   ] GC(1065)   Pre Evacuate Collection Set: 0.17ms
[477.476s][info][gc,phases   ] GC(1065)   Merge Heap Roots: 0.11ms
[477.476s][info][gc,phases   ] GC(1065)   Evacuate Collection Set: 21.58ms
[477.476s][info][gc,phases   ] GC(1065)   Post Evacuate Collection Set: 0.33ms
[477.476s][info][gc,phases   ] GC(1065)   Other: 0.08ms
[477.476s][info][gc,heap     ] GC(1065) Eden regions: 46->0(119)
[477.476s][info][gc,heap     ] GC(1065) Survivor regions: 11->13(19)
[477.477s][info][gc,heap     ] GC(1065) Old regions: 63->73
[477.477s][info][gc,heap     ] GC(1065) Humongous regions: 3->1
[477.477s][info][gc,metaspace] GC(1065) Metaspace: 43104K(43456K)->43104K(43456K) NonClass: 40295K(40512K)->40295K(40512K) Class: 2808K(2944K)->2808K(2944K)
[477.477s][info][gc          ] GC(1065) Pause Young (Concurrent Start) (G1 Humongous Allocation) 122M->86M(256M) 22.421ms
[477.477s][info][gc,cpu      ] GC(1065) User=0.05s Sys=0.00s Real=0.02s
[477.477s][info][gc          ] GC(1066) Concurrent Mark Cycle
[477.477s][info][gc,marking  ] GC(1066) Concurrent Scan Root Regions
[477.500s][info][gc,marking  ] GC(1066) Concurrent Scan Root Regions 23.669ms
[477.500s][info][gc,marking  ] GC(1066) Concurrent Mark
[477.500s][info][gc,marking  ] GC(1066) Concurrent Mark From Roots
[477.500s][info][gc,task     ] GC(1066) Using 1 workers of 1 for marking
[477.568s][info][gc,marking  ] GC(1066) Concurrent Mark From Roots 67.953ms
[477.568s][info][gc,marking  ] GC(1066) Concurrent Preclean
[477.568s][info][gc,marking  ] GC(1066) Concurrent Preclean 0.035ms
[477.568s][info][gc,start    ] GC(1066) Pause Remark
[477.585s][info][gc          ] GC(1066) Pause Remark 116M->113M(256M) 16.023ms
[477.585s][info][gc,cpu      ] GC(1066) User=0.04s Sys=0.00s Real=0.01s
[477.585s][info][gc,marking  ] GC(1066) Concurrent Mark 84.257ms
[477.585s][info][gc,marking  ] GC(1066) Concurrent Rebuild Remembered Sets and Scrub Regions
[477.618s][info][gc,marking  ] GC(1066) Concurrent Rebuild Remembered Sets and Scrub Regions 33.176ms
[477.618s][info][gc,start    ] GC(1066) Pause Cleanup
[477.618s][info][gc          ] GC(1066) Pause Cleanup 121M->121M(256M) 0.043ms
[477.618s][info][gc,cpu      ] GC(1066) User=0.00s Sys=0.00s Real=0.00s
[477.618s][info][gc,marking  ] GC(1066) Concurrent Clear Claimed Marks
[477.618s][info][gc,marking  ] GC(1066) Concurrent Clear Claimed Marks 0.037ms
[477.618s][info][gc,marking  ] GC(1066) Concurrent Cleanup for Next Mark
[477.619s][info][gc,marking  ] GC(1066) Concurrent Cleanup for Next Mark 0.769ms
[477.619s][info][gc          ] GC(1066) Concurrent Mark Cycle 142.236ms
[477.911s][info][gc,start    ] GC(1067) Pause Young (Prepare Mixed) (G1 Evacuation Pause)
[477.911s][info][gc,task     ] GC(1067) Using 2 workers of 2 for evacuation
[477.933s][info][gc,phases   ] GC(1067)   Pre Evacuate Collection Set: 0.23ms
[477.934s][info][gc,phases   ] GC(1067)   Merge Heap Roots: 0.21ms
[477.934s][info][gc,phases   ] GC(1067)   Evacuate Collection Set: 21.73ms
[477.934s][info][gc,phases   ] GC(1067)   Post Evacuate Collection Set: 0.44ms
[477.934s][info][gc,phases   ] GC(1067)   Other: 0.08ms
[477.934s][info][gc,heap     ] GC(1067) Eden regions: 119->0(115)
[477.934s][info][gc,heap     ] GC(1067) Survivor regions: 13->11(17)
[477.934s][info][gc,heap     ] GC(1067) Old regions: 70->82
[477.934s][info][gc,heap     ] GC(1067) Humongous regions: 5->3
[477.934s][info][gc,metaspace] GC(1067) Metaspace: 43104K(43456K)->43104K(43456K) NonClass: 40295K(40512K)->40295K(40512K) Class: 2808K(2944K)->2808K(2944K)
[477.934s][info][gc          ] GC(1067) Pause Young (Prepare Mixed) (G1 Evacuation Pause) 206M->95M(256M) 22.854ms
[477.934s][info][gc,cpu      ] GC(1067) User=0.04s Sys=0.00s Real=0.02s
[478.312s][info][gc,start    ] GC(1068) Pause Young (Mixed) (G1 Evacuation Pause)
[478.312s][info][gc,task     ] GC(1068) Using 2 workers of 2 for evacuation
[478.321s][info][gc,phases   ] GC(1068)   Pre Evacuate Collection Set: 0.19ms
[478.321s][info][gc,phases   ] GC(1068)   Merge Heap Roots: 0.09ms
[478.321s][info][gc,phases   ] GC(1068)   Evacuate Collection Set: 8.10ms
[478.321s][info][gc,phases   ] GC(1068)   Post Evacuate Collection Set: 0.68ms
[478.321s][info][gc,phases   ] GC(1068)   Other: 0.07ms
[478.321s][info][gc,heap     ] GC(1068) Eden regions: 115->0(149)
[478.321s][info][gc,heap     ] GC(1068) Survivor regions: 11->6(16)
[478.321s][info][gc,heap     ] GC(1068) Old regions: 82->80
[478.321s][info][gc,heap     ] GC(1068) Humongous regions: 11->3
[478.321s][info][gc,metaspace] GC(1068) Metaspace: 43104K(43456K)->43104K(43456K) NonClass: 40295K(40512K)->40295K(40512K) Class: 2808K(2944K)->2808K(2944K)
[478.321s][info][gc          ] GC(1068) Pause Young (Mixed) (G1 Evacuation Pause) 218M->88M(285M) 9.300ms
[478.321s][info][gc,cpu      ] GC(1068) User=0.01s Sys=0.00s Real=0.01s
[478.462s][info][gc,start    ] GC(1069) Pause Young (Concurrent Start) (G1 Humongous Allocation)
[478.462s][info][gc,task     ] GC(1069) Using 2 workers of 2 for evacuation
[478.464s][info][gc,phases   ] GC(1069)   Pre Evacuate Collection Set: 0.19ms
[478.464s][info][gc,phases   ] GC(1069)   Merge Heap Roots: 0.04ms
[478.464s][info][gc,phases   ] GC(1069)   Evacuate Collection Set: 1.71ms
[478.464s][info][gc,phases   ] GC(1069)   Post Evacuate Collection Set: 0.28ms
[478.464s][info][gc,phases   ] GC(1069)   Other: 0.09ms
[478.464s][info][gc,heap     ] GC(1069) Eden regions: 31->0(162)
[478.464s][info][gc,heap     ] GC(1069) Survivor regions: 6->2(20)
[478.464s][info][gc,heap     ] GC(1069) Old regions: 80->80
[478.464s][info][gc,heap     ] GC(1069) Humongous regions: 3->1
[478.464s][info][gc,metaspace] GC(1069) Metaspace: 43104K(43456K)->43104K(43456K) NonClass: 40295K(40512K)->40295K(40512K) Class: 2808K(2944K)->2808K(2944K)
[478.464s][info][gc          ] GC(1069) Pause Young (Concurrent Start) (G1 Humongous Allocation) 119M->82M(285M) 2.465ms
[478.464s][info][gc,cpu      ] GC(1069) User=0.00s Sys=0.00s Real=0.00s
[478.464s][info][gc          ] GC(1070) Concurrent Mark Cycle
[478.464s][info][gc,marking  ] GC(1070) Concurrent Scan Root Regions
[478.466s][info][gc,marking  ] GC(1070) Concurrent Scan Root Regions 1.353ms
[478.466s][info][gc,marking  ] GC(1070) Concurrent Mark
[478.466s][info][gc,marking  ] GC(1070) Concurrent Mark From Roots
[478.466s][info][gc,task     ] GC(1070) Using 1 workers of 1 for marking
[478.521s][info][gc,marking  ] GC(1070) Concurrent Mark From Roots 55.469ms
[478.521s][info][gc,marking  ] GC(1070) Concurrent Preclean
[478.521s][info][gc,marking  ] GC(1070) Concurrent Preclean 0.035ms
[478.521s][info][gc,start    ] GC(1070) Pause Remark
[478.538s][info][gc          ] GC(1070) Pause Remark 102M->97M(267M) 16.357ms
[478.538s][info][gc,cpu      ] GC(1070) User=0.03s Sys=0.00s Real=0.02s
[478.539s][info][gc,marking  ] GC(1070) Concurrent Mark 73.133ms
[478.539s][info][gc,marking  ] GC(1070) Concurrent Rebuild Remembered Sets and Scrub Regions
[478.559s][info][gc,marking  ] GC(1070) Concurrent Rebuild Remembered Sets and Scrub Regions 20.565ms
[478.559s][info][gc,start    ] GC(1070) Pause Cleanup
[478.560s][info][gc          ] GC(1070) Pause Cleanup 101M->101M(267M) 0.054ms
[478.560s][info][gc,cpu      ] GC(1070) User=0.00s Sys=0.00s Real=0.00s
[478.560s][info][gc,marking  ] GC(1070) Concurrent Clear Claimed Marks
[478.560s][info][gc,marking  ] GC(1070) Concurrent Clear Claimed Marks 0.036ms
[478.560s][info][gc,marking  ] GC(1070) Concurrent Cleanup for Next Mark
[478.561s][info][gc,marking  ] GC(1070) Concurrent Cleanup for Next Mark 0.925ms
[478.561s][info][gc          ] GC(1070) Concurrent Mark Cycle 96.365ms
[479.057s][info][gc,start    ] GC(1071) Pause Young (Prepare Mixed) (G1 Evacuation Pause)
[479.057s][info][gc,task     ] GC(1071) Using 2 workers of 2 for evacuation
[479.072s][info][gc,phases   ] GC(1071)   Pre Evacuate Collection Set: 0.17ms
[479.072s][info][gc,phases   ] GC(1071)   Merge Heap Roots: 0.09ms
[479.072s][info][gc,phases   ] GC(1071)   Evacuate Collection Set: 13.84ms
[479.072s][info][gc,phases   ] GC(1071)   Post Evacuate Collection Set: 0.44ms
[479.072s][info][gc,phases   ] GC(1071)   Other: 0.07ms
[479.072s][info][gc,heap     ] GC(1071) Eden regions: 158->0(137)
[479.072s][info][gc,heap     ] GC(1071) Survivor regions: 2->14(20)
[479.072s][info][gc,heap     ] GC(1071) Old regions: 75->75
[479.072s][info][gc,heap     ] GC(1071) Humongous regions: 5->3
[479.072s][info][gc,metaspace] GC(1071) Metaspace: 43104K(43456K)->43104K(43456K) NonClass: 40295K(40512K)->40295K(40512K) Class: 2808K(2944K)->2808K(2944K)
[479.072s][info][gc          ] GC(1071) Pause Young (Prepare Mixed) (G1 Evacuation Pause) 239M->91M(267M) 14.773ms
[479.072s][info][gc,cpu      ] GC(1071) User=0.02s Sys=0.00s Real=0.01s
[479.532s][info][gc,start    ] GC(1072) Pause Young (Mixed) (G1 Evacuation Pause)
[479.532s][info][gc,task     ] GC(1072) Using 2 workers of 2 for evacuation
[479.537s][info][gc,phases   ] GC(1072)   Pre Evacuate Collection Set: 0.17ms
[479.537s][info][gc,phases   ] GC(1072)   Merge Heap Roots: 0.08ms
[479.537s][info][gc,phases   ] GC(1072)   Evacuate Collection Set: 4.29ms
[479.537s][info][gc,phases   ] GC(1072)   Post Evacuate Collection Set: 0.43ms
[479.537s][info][gc,phases   ] GC(1072)   Other: 0.07ms
[479.537s][info][gc,heap     ] GC(1072) Eden regions: 137->0(157)
[479.537s][info][gc,heap     ] GC(1072) Survivor regions: 14->3(19)
[479.537s][info][gc,heap     ] GC(1072) Old regions: 75->53
[479.537s][info][gc,heap     ] GC(1072) Humongous regions: 11->3
[479.537s][info][gc,metaspace] GC(1072) Metaspace: 43104K(43456K)->43104K(43456K) NonClass: 40295K(40512K)->40295K(40512K) Class: 2808K(2944K)->2808K(2944K)
[479.537s][info][gc          ] GC(1072) Pause Young (Mixed) (G1 Evacuation Pause) 236M->57M(267M) 5.217ms
[479.537s][info][gc,cpu      ] GC(1072) User=0.01s Sys=0.00s Real=0.01s
[479.739s][info][gc,start    ] GC(1073) Pause Young (Concurrent Start) (G1 Humongous Allocation)
[479.739s][info][gc,task     ] GC(1073) Using 2 workers of 2 for evacuation
[479.741s][info][gc,phases   ] GC(1073)   Pre Evacuate Collection Set: 0.17ms
[479.741s][info][gc,phases   ] GC(1073)   Merge Heap Roots: 0.04ms
[479.741s][info][gc,phases   ] GC(1073)   Evacuate Collection Set: 1.58ms
[479.741s][info][gc,phases   ] GC(1073)   Post Evacuate Collection Set: 0.34ms
[479.741s][info][gc,phases   ] GC(1073)   Other: 0.08ms
[479.741s][info][gc,heap     ] GC(1073) Eden regions: 58->0(158)
[479.741s][info][gc,heap     ] GC(1073) Survivor regions: 3->2(20)
[479.741s][info][gc,heap     ] GC(1073) Old regions: 53->53
[479.741s][info][gc,heap     ] GC(1073) Humongous regions: 3->1
[479.741s][info][gc,metaspace] GC(1073) Metaspace: 43104K(43456K)->43104K(43456K) NonClass: 40295K(40512K)->40295K(40512K) Class: 2808K(2944K)->2808K(2944K)
[479.742s][info][gc          ] GC(1073) Pause Young (Concurrent Start) (G1 Humongous Allocation) 115M->54M(267M) 2.384ms
[479.742s][info][gc          ] GC(1074) Concurrent Mark Cycle
[479.742s][info][gc,marking  ] GC(1074) Concurrent Scan Root Regions
[479.743s][info][gc,cpu      ] GC(1073) User=0.00s Sys=0.00s Real=0.00s
[479.743s][info][gc,marking  ] GC(1074) Concurrent Scan Root Regions 1.670ms
[479.743s][info][gc,marking  ] GC(1074) Concurrent Mark
[479.743s][info][gc,marking  ] GC(1074) Concurrent Mark From Roots
[479.743s][info][gc,task     ] GC(1074) Using 1 workers of 1 for marking
[479.809s][info][gc,marking  ] GC(1074) Concurrent Mark From Roots 66.152ms
[479.809s][info][gc,marking  ] GC(1074) Concurrent Preclean
[479.809s][info][gc,marking  ] GC(1074) Concurrent Preclean 0.037ms
[479.810s][info][gc,start    ] GC(1074) Pause Remark
[479.826s][info][gc          ] GC(1074) Pause Remark 79M->79M(256M) 16.569ms
[479.826s][info][gc,cpu      ] GC(1074) User=0.03s Sys=0.00s Real=0.01s
[479.826s][info][gc,marking  ] GC(1074) Concurrent Mark 83.036ms
[479.826s][info][gc,marking  ] GC(1074) Concurrent Rebuild Remembered Sets and Scrub Regions
[479.850s][info][gc,marking  ] GC(1074) Concurrent Rebuild Remembered Sets and Scrub Regions 23.534ms
[479.850s][info][gc,start    ] GC(1074) Pause Cleanup
[479.850s][info][gc          ] GC(1074) Pause Cleanup 85M->85M(256M) 0.057ms
[479.850s][info][gc,cpu      ] GC(1074) User=0.00s Sys=0.00s Real=0.00s
[479.850s][info][gc,marking  ] GC(1074) Concurrent Clear Claimed Marks
[479.850s][info][gc,marking  ] GC(1074) Concurrent Clear Claimed Marks 0.041ms
[479.850s][info][gc,marking  ] GC(1074) Concurrent Cleanup for Next Mark
[479.851s][info][gc,marking  ] GC(1074) Concurrent Cleanup for Next Mark 0.761ms
[479.851s][info][gc          ] GC(1074) Concurrent Mark Cycle 109.691ms
[480.276s][info][gc,start    ] GC(1075) Pause Young (Prepare Mixed) (G1 Evacuation Pause)
[480.276s][info][gc,task     ] GC(1075) Using 2 workers of 2 for evacuation
[480.286s][info][gc,phases   ] GC(1075)   Pre Evacuate Collection Set: 0.17ms
[480.286s][info][gc,phases   ] GC(1075)   Merge Heap Roots: 0.06ms
[480.286s][info][gc,phases   ] GC(1075)   Evacuate Collection Set: 8.88ms
[480.286s][info][gc,phases   ] GC(1075)   Post Evacuate Collection Set: 0.40ms
[480.286s][info][gc,phases   ] GC(1075)   Other: 0.06ms
[480.286s][info][gc,heap     ] GC(1075) Eden regions: 151->0(142)
[480.286s][info][gc,heap     ] GC(1075) Survivor regions: 2->11(20)
[480.286s][info][gc,heap     ] GC(1075) Old regions: 53->53
[480.286s][info][gc,heap     ] GC(1075) Humongous regions: 5->3
[480.286s][info][gc,metaspace] GC(1075) Metaspace: 43104K(43456K)->43104K(43456K) NonClass: 40295K(40512K)->40295K(40512K) Class: 2808K(2944K)->2808K(2944K)
[480.286s][info][gc          ] GC(1075) Pause Young (Prepare Mixed) (G1 Evacuation Pause) 209M->65M(256M) 9.765ms
[480.286s][info][gc,cpu      ] GC(1075) User=0.02s Sys=0.00s Real=0.01s
[480.825s][info][gc,start    ] GC(1076) Pause Young (Mixed) (G1 Evacuation Pause)
[480.825s][info][gc,task     ] GC(1076) Using 2 workers of 2 for evacuation
[480.837s][info][gc,phases   ] GC(1076)   Pre Evacuate Collection Set: 0.16ms
[480.837s][info][gc,phases   ] GC(1076)   Merge Heap Roots: 0.06ms
[480.837s][info][gc,phases   ] GC(1076)   Evacuate Collection Set: 10.85ms
[480.837s][info][gc,phases   ] GC(1076)   Post Evacuate Collection Set: 0.42ms
[480.837s][info][gc,phases   ] GC(1076)   Other: 0.11ms
[480.837s][info][gc,heap     ] GC(1076) Eden regions: 142->0(139)
[480.837s][info][gc,heap     ] GC(1076) Survivor regions: 11->14(20)
[480.837s][info][gc,heap     ] GC(1076) Old regions: 53->50
[480.837s][info][gc,heap     ] GC(1076) Humongous regions: 9->3
[480.837s][info][gc,metaspace] GC(1076) Metaspace: 43104K(43456K)->43104K(43456K) NonClass: 40295K(40512K)->40295K(40512K) Class: 2808K(2944K)->2808K(2944K)
[480.837s][info][gc          ] GC(1076) Pause Young (Mixed) (G1 Evacuation Pause) 213M->65M(256M) 11.808ms
[480.837s][info][gc,cpu      ] GC(1076) User=0.02s Sys=0.00s Real=0.02s
[481.194s][info][gc,start    ] GC(1077) Pause Young (Concurrent Start) (G1 Evacuation Pause)
[481.194s][info][gc,task     ] GC(1077) Using 2 workers of 2 for evacuation
[481.230s][info][gc,phases   ] GC(1077)   Pre Evacuate Collection Set: 0.19ms
[481.230s][info][gc,phases   ] GC(1077)   Merge Heap Roots: 0.05ms
[481.230s][info][gc,phases   ] GC(1077)   Evacuate Collection Set: 35.63ms
[481.230s][info][gc,phases   ] GC(1077)   Post Evacuate Collection Set: 0.46ms
[481.230s][info][gc,phases   ] GC(1077)   Other: 0.11ms
[481.230s][info][gc,heap     ] GC(1077) Eden regions: 139->0(117)
[481.230s][info][gc,heap     ] GC(1077) Survivor regions: 14->20(20)
[481.230s][info][gc,heap     ] GC(1077) Old regions: 50->72
[481.230s][info][gc,heap     ] GC(1077) Humongous regions: 3->3
[481.230s][info][gc,metaspace] GC(1077) Metaspace: 43104K(43456K)->43104K(43456K) NonClass: 40295K(40512K)->40295K(40512K) Class: 2808K(2944K)->2808K(2944K)
[481.230s][info][gc          ] GC(1077) Pause Young (Concurrent Start) (G1 Evacuation Pause) 204M->94M(256M) 36.612ms
[481.230s][info][gc,cpu      ] GC(1077) User=0.07s Sys=0.01s Real=0.04s
[481.230s][info][gc          ] GC(1078) Concurrent Mark Cycle
[481.230s][info][gc,marking  ] GC(1078) Concurrent Scan Root Regions
[481.269s][info][gc,marking  ] GC(1078) Concurrent Scan Root Regions 38.534ms
[481.269s][info][gc,marking  ] GC(1078) Concurrent Mark
[481.269s][info][gc,marking  ] GC(1078) Concurrent Mark From Roots
[481.269s][info][gc,task     ] GC(1078) Using 1 workers of 1 for marking
[481.343s][info][gc,marking  ] GC(1078) Concurrent Mark From Roots 73.935ms
[481.343s][info][gc,marking  ] GC(1078) Concurrent Preclean
[481.343s][info][gc,marking  ] GC(1078) Concurrent Preclean 0.034ms
[481.349s][info][gc,start    ] GC(1078) Pause Remark
[481.377s][info][gc          ] GC(1078) Pause Remark 116M->116M(256M) 27.986ms
[481.377s][info][gc,cpu      ] GC(1078) User=0.03s Sys=0.00s Real=0.03s
[481.379s][info][gc,marking  ] GC(1078) Concurrent Mark 110.675ms
[481.380s][info][gc,marking  ] GC(1078) Concurrent Rebuild Remembered Sets and Scrub Regions
[481.448s][info][gc,marking  ] GC(1078) Concurrent Rebuild Remembered Sets and Scrub Regions 68.769ms
[481.448s][info][gc,start    ] GC(1078) Pause Cleanup
[481.449s][info][gc          ] GC(1078) Pause Cleanup 129M->129M(256M) 0.045ms
[481.449s][info][gc,cpu      ] GC(1078) User=0.00s Sys=0.00s Real=0.00s
[481.449s][info][gc,marking  ] GC(1078) Concurrent Clear Claimed Marks
[481.449s][info][gc,marking  ] GC(1078) Concurrent Clear Claimed Marks 0.039ms
[481.449s][info][gc,marking  ] GC(1078) Concurrent Cleanup for Next Mark
[481.449s][info][gc,marking  ] GC(1078) Concurrent Cleanup for Next Mark 0.779ms
[481.449s][info][gc          ] GC(1078) Concurrent Mark Cycle 219.195ms
[481.813s][info][gc,start    ] GC(1079) Pause Young (Prepare Mixed) (G1 Evacuation Pause)
[481.813s][info][gc,task     ] GC(1079) Using 2 workers of 2 for evacuation
[481.886s][info][gc,phases   ] GC(1079)   Pre Evacuate Collection Set: 2.50ms
[481.886s][info][gc,phases   ] GC(1079)   Merge Heap Roots: 0.43ms
[481.886s][info][gc,phases   ] GC(1079)   Evacuate Collection Set: 69.19ms
[481.886s][info][gc,phases   ] GC(1079)   Post Evacuate Collection Set: 0.48ms
[481.886s][info][gc,phases   ] GC(1079)   Other: 0.09ms
[481.886s][info][gc,heap     ] GC(1079) Eden regions: 117->0(90)
[481.886s][info][gc,heap     ] GC(1079) Survivor regions: 20->18(18)
[481.886s][info][gc,heap     ] GC(1079) Old regions: 72->105
[481.886s][info][gc,heap     ] GC(1079) Humongous regions: 3->3
[481.886s][info][gc,metaspace] GC(1079) Metaspace: 43104K(43456K)->43104K(43456K) NonClass: 40295K(40512K)->40295K(40512K) Class: 2808K(2944K)->2808K(2944K)
[481.886s][info][gc          ] GC(1079) Pause Young (Prepare Mixed) (G1 Evacuation Pause) 211M->125M(263M) 72.879ms
[481.886s][info][gc,cpu      ] GC(1079) User=0.14s Sys=0.01s Real=0.07s
[482.316s][info][gc,start    ] GC(1080) Pause Young (Mixed) (G1 Evacuation Pause)
[482.316s][info][gc,task     ] GC(1080) Using 2 workers of 2 for evacuation
[482.369s][info][gc,phases   ] GC(1080)   Pre Evacuate Collection Set: 0.27ms
[482.369s][info][gc,phases   ] GC(1080)   Merge Heap Roots: 0.28ms
[482.369s][info][gc,phases   ] GC(1080)   Evacuate Collection Set: 51.36ms
[482.369s][info][gc,phases   ] GC(1080)   Post Evacuate Collection Set: 0.41ms
[482.369s][info][gc,phases   ] GC(1080)   Other: 0.07ms
[482.369s][info][gc,heap     ] GC(1080) Eden regions: 90->0(71)
[482.369s][info][gc,heap     ] GC(1080) Survivor regions: 18->14(14)
[482.369s][info][gc,heap     ] GC(1080) Old regions: 105->131
[482.369s][info][gc,heap     ] GC(1080) Humongous regions: 3->3
[482.369s][info][gc,metaspace] GC(1080) Metaspace: 43104K(43456K)->43104K(43456K) NonClass: 40295K(40512K)->40295K(40512K) Class: 2808K(2944K)->2808K(2944K)
[482.369s][info][gc          ] GC(1080) Pause Young (Mixed) (G1 Evacuation Pause) 215M->147M(263M) 52.570ms
[482.369s][info][gc,cpu      ] GC(1080) User=0.10s Sys=0.00s Real=0.06s
[482.692s][info][gc,start    ] GC(1081) Pause Young (Concurrent Start) (G1 Evacuation Pause)
[482.692s][info][gc,task     ] GC(1081) Using 2 workers of 2 for evacuation
[482.730s][info][gc,phases   ] GC(1081)   Pre Evacuate Collection Set: 0.18ms
[482.730s][info][gc,phases   ] GC(1081)   Merge Heap Roots: 0.21ms
[482.730s][info][gc,phases   ] GC(1081)   Evacuate Collection Set: 37.64ms
[482.730s][info][gc,phases   ] GC(1081)   Post Evacuate Collection Set: 0.36ms
[482.730s][info][gc,phases   ] GC(1081)   Other: 0.11ms
[482.730s][info][gc,heap     ] GC(1081) Eden regions: 71->0(56)
[482.730s][info][gc,heap     ] GC(1081) Survivor regions: 14->11(11)
[482.730s][info][gc,heap     ] GC(1081) Old regions: 131->153
[482.730s][info][gc,heap     ] GC(1081) Humongous regions: 3->3
[482.730s][info][gc,metaspace] GC(1081) Metaspace: 43104K(43456K)->43104K(43456K) NonClass: 40295K(40512K)->40295K(40512K) Class: 2808K(2944K)->2808K(2944K)
[482.730s][info][gc          ] GC(1081) Pause Young (Concurrent Start) (G1 Evacuation Pause) 218M->167M(263M) 38.698ms
[482.730s][info][gc,cpu      ] GC(1081) User=0.07s Sys=0.00s Real=0.04s
[482.730s][info][gc          ] GC(1082) Concurrent Mark Cycle
[482.730s][info][gc,marking  ] GC(1082) Concurrent Scan Root Regions
[482.778s][info][gc,marking  ] GC(1082) Concurrent Scan Root Regions 47.538ms
[482.778s][info][gc,marking  ] GC(1082) Concurrent Mark
[482.778s][info][gc,marking  ] GC(1082) Concurrent Mark From Roots
[482.778s][info][gc,task     ] GC(1082) Using 1 workers of 1 for marking
[482.978s][info][gc,marking  ] GC(1082) Concurrent Mark From Roots 199.973ms
[482.978s][info][gc,marking  ] GC(1082) Concurrent Preclean
[482.978s][info][gc,marking  ] GC(1082) Concurrent Preclean 0.046ms
[482.978s][info][gc,start    ] GC(1082) Pause Remark
[482.995s][info][gc          ] GC(1082) Pause Remark 216M->216M(282M) 16.505ms
[482.995s][info][gc,cpu      ] GC(1082) User=0.04s Sys=0.00s Real=0.01s
[482.996s][info][gc,marking  ] GC(1082) Concurrent Mark 217.705ms
[482.996s][info][gc,marking  ] GC(1082) Concurrent Rebuild Remembered Sets and Scrub Regions
[483.023s][info][gc,start    ] GC(1083) Pause Young (Normal) (G1 Evacuation Pause)
[483.023s][info][gc,task     ] GC(1083) Using 2 workers of 2 for evacuation
[483.054s][info][gc,phases   ] GC(1083)   Pre Evacuate Collection Set: 0.17ms
[483.054s][info][gc,phases   ] GC(1083)   Merge Heap Roots: 0.18ms
[483.054s][info][gc,phases   ] GC(1083)   Evacuate Collection Set: 30.36ms
[483.054s][info][gc,phases   ] GC(1083)   Post Evacuate Collection Set: 0.37ms
[483.054s][info][gc,phases   ] GC(1083)   Other: 0.06ms
[483.054s][info][gc,heap     ] GC(1083) Eden regions: 56->0(60)
[483.054s][info][gc,heap     ] GC(1083) Survivor regions: 11->9(9)
[483.054s][info][gc,heap     ] GC(1083) Old regions: 153->169
[483.054s][info][gc,heap     ] GC(1083) Humongous regions: 5->3
[483.054s][info][gc,metaspace] GC(1083) Metaspace: 43104K(43456K)->43104K(43456K) NonClass: 40295K(40512K)->40295K(40512K) Class: 2808K(2944K)->2808K(2944K)
[483.054s][info][gc          ] GC(1083) Pause Young (Normal) (G1 Evacuation Pause) 225M->180M(282M) 31.312ms
[483.054s][info][gc,cpu      ] GC(1083) User=0.06s Sys=0.01s Real=0.03s
[483.107s][info][gc,marking  ] GC(1082) Concurrent Rebuild Remembered Sets and Scrub Regions 111.069ms
[483.107s][info][gc,start    ] GC(1082) Pause Cleanup
[483.107s][info][gc          ] GC(1082) Pause Cleanup 194M->194M(282M) 0.077ms
[483.107s][info][gc,cpu      ] GC(1082) User=0.00s Sys=0.00s Real=0.00s
[483.108s][info][gc,marking  ] GC(1082) Concurrent Clear Claimed Marks
[483.108s][info][gc,marking  ] GC(1082) Concurrent Clear Claimed Marks 0.054ms
[483.108s][info][gc,marking  ] GC(1082) Concurrent Cleanup for Next Mark
[483.109s][info][gc,marking  ] GC(1082) Concurrent Cleanup for Next Mark 1.094ms
[483.109s][info][gc          ] GC(1082) Concurrent Mark Cycle 379.096ms
[483.307s][info][gc,start    ] GC(1084) Pause Young (Prepare Mixed) (G1 Evacuation Pause)
[483.307s][info][gc,task     ] GC(1084) Using 2 workers of 2 for evacuation
[483.327s][info][gc,phases   ] GC(1084)   Pre Evacuate Collection Set: 0.16ms
[483.327s][info][gc,phases   ] GC(1084)   Merge Heap Roots: 0.16ms
[483.327s][info][gc,phases   ] GC(1084)   Evacuate Collection Set: 19.42ms
[483.327s][info][gc,phases   ] GC(1084)   Post Evacuate Collection Set: 0.38ms
[483.327s][info][gc,phases   ] GC(1084)   Other: 0.08ms
[483.327s][info][gc,heap     ] GC(1084) Eden regions: 60->0(58)
[483.327s][info][gc,heap     ] GC(1084) Survivor regions: 9->9(9)
[483.327s][info][gc,heap     ] GC(1084) Old regions: 169->176
[483.327s][info][gc,heap     ] GC(1084) Humongous regions: 3->3
[483.327s][info][gc,metaspace] GC(1084) Metaspace: 43104K(43456K)->43104K(43456K) NonClass: 40295K(40512K)->40295K(40512K) Class: 2808K(2944K)->2808K(2944K)
[483.327s][info][gc          ] GC(1084) Pause Young (Prepare Mixed) (G1 Evacuation Pause) 240M->187M(282M) 20.404ms
[483.327s][info][gc,cpu      ] GC(1084) User=0.03s Sys=0.00s Real=0.03s
[483.525s][info][gc,start    ] GC(1085) Pause Young (Mixed) (G1 Evacuation Pause)
[483.525s][info][gc,task     ] GC(1085) Using 2 workers of 2 for evacuation
[483.552s][info][gc,phases   ] GC(1085)   Pre Evacuate Collection Set: 0.19ms
[483.552s][info][gc,phases   ] GC(1085)   Merge Heap Roots: 0.24ms
[483.552s][info][gc,phases   ] GC(1085)   Evacuate Collection Set: 24.62ms
[483.552s][info][gc,phases   ] GC(1085)   Post Evacuate Collection Set: 1.23ms
[483.552s][info][gc,phases   ] GC(1085)   Other: 0.07ms
[483.552s][info][gc,heap     ] GC(1085) Eden regions: 58->0(151)
[483.552s][info][gc,heap     ] GC(1085) Survivor regions: 9->9(9)
[483.552s][info][gc,heap     ] GC(1085) Old regions: 176->160
[483.552s][info][gc,heap     ] GC(1085) Humongous regions: 7->3
[483.552s][info][gc,metaspace] GC(1085) Metaspace: 43104K(43456K)->43104K(43456K) NonClass: 40295K(40512K)->40295K(40512K) Class: 2808K(2944K)->2808K(2944K)
[483.552s][info][gc          ] GC(1085) Pause Young (Mixed) (G1 Evacuation Pause) 249M->171M(396M) 26.524ms
[483.552s][info][gc,cpu      ] GC(1085) User=0.06s Sys=0.00s Real=0.03s
[484.097s][info][gc,start    ] GC(1086) Pause Young (Mixed) (G1 Evacuation Pause)
[484.097s][info][gc,task     ] GC(1086) Using 2 workers of 2 for evacuation
[484.138s][info][gc,phases   ] GC(1086)   Pre Evacuate Collection Set: 0.30ms
[484.138s][info][gc,phases   ] GC(1086)   Merge Heap Roots: 0.67ms
[484.138s][info][gc,phases   ] GC(1086)   Evacuate Collection Set: 39.11ms
[484.138s][info][gc,phases   ] GC(1086)   Post Evacuate Collection Set: 0.50ms
[484.138s][info][gc,phases   ] GC(1086)   Other: 0.08ms
[484.138s][info][gc,heap     ] GC(1086) Eden regions: 151->0(162)
[484.138s][info][gc,heap     ] GC(1086) Survivor regions: 9->20(20)
[484.138s][info][gc,heap     ] GC(1086) Old regions: 160->143
[484.138s][info][gc,heap     ] GC(1086) Humongous regions: 9->1
[484.138s][info][gc,metaspace] GC(1086) Metaspace: 43104K(43456K)->43104K(43456K) NonClass: 40295K(40512K)->40295K(40512K) Class: 2808K(2944K)->2808K(2944K)
[484.138s][info][gc          ] GC(1086) Pause Young (Mixed) (G1 Evacuation Pause) 328M->164M(396M) 40.851ms
[484.138s][info][gc,cpu      ] GC(1086) User=0.08s Sys=0.00s Real=0.04s
[484.614s][info][gc,start    ] GC(1087) Pause Young (Normal) (G1 Evacuation Pause)
[484.614s][info][gc,task     ] GC(1087) Using 2 workers of 2 for evacuation
[484.643s][info][gc,phases   ] GC(1087)   Pre Evacuate Collection Set: 0.20ms
[484.643s][info][gc,phases   ] GC(1087)   Merge Heap Roots: 0.10ms
[484.643s][info][gc,phases   ] GC(1087)   Evacuate Collection Set: 28.54ms
[484.643s][info][gc,phases   ] GC(1087)   Post Evacuate Collection Set: 0.53ms
[484.643s][info][gc,phases   ] GC(1087)   Other: 0.08ms
[484.643s][info][gc,heap     ] GC(1087) Eden regions: 162->0(141)
[484.643s][info][gc,heap     ] GC(1087) Survivor regions: 20->23(23)
[484.643s][info][gc,heap     ] GC(1087) Old regions: 143->161
[484.643s][info][gc,heap     ] GC(1087) Humongous regions: 5->4
[484.643s][info][gc,metaspace] GC(1087) Metaspace: 43104K(43456K)->43104K(43456K) NonClass: 40295K(40512K)->40295K(40512K) Class: 2808K(2944K)->2808K(2944K)
[484.644s][info][gc          ] GC(1087) Pause Young (Normal) (G1 Evacuation Pause) 330M->188M(396M) 29.635ms
[484.644s][info][gc,cpu      ] GC(1087) User=0.06s Sys=0.00s Real=0.03s
[485.058s][info][gc,start    ] GC(1088) Pause Young (Normal) (G1 Evacuation Pause)
[485.059s][info][gc,task     ] GC(1088) Using 2 workers of 2 for evacuation
[485.077s][info][gc,phases   ] GC(1088)   Pre Evacuate Collection Set: 0.23ms
[485.077s][info][gc,phases   ] GC(1088)   Merge Heap Roots: 0.07ms
[485.077s][info][gc,phases   ] GC(1088)   Evacuate Collection Set: 17.27ms
[485.077s][info][gc,phases   ] GC(1088)   Post Evacuate Collection Set: 0.40ms
[485.077s][info][gc,phases   ] GC(1088)   Other: 0.08ms
[485.077s][info][gc,heap     ] GC(1088) Eden regions: 141->0(139)
[485.077s][info][gc,heap     ] GC(1088) Survivor regions: 23->12(21)
[485.077s][info][gc,heap     ] GC(1088) Old regions: 161->180
[485.077s][info][gc,heap     ] GC(1088) Humongous regions: 4->4
[485.077s][info][gc,metaspace] GC(1088) Metaspace: 43104K(43456K)->43104K(43456K) NonClass: 40295K(40512K)->40295K(40512K) Class: 2808K(2944K)->2808K(2944K)
[485.077s][info][gc          ] GC(1088) Pause Young (Normal) (G1 Evacuation Pause) 329M->195M(396M) 18.257ms
[485.077s][info][gc,cpu      ] GC(1088) User=0.04s Sys=0.00s Real=0.02s
[485.217s][info][gc,start    ] GC(1089) Pause Young (Concurrent Start) (G1 Humongous Allocation)
[485.218s][info][gc,task     ] GC(1089) Using 2 workers of 2 for evacuation
[485.239s][info][gc,phases   ] GC(1089)   Pre Evacuate Collection Set: 0.24ms
[485.239s][info][gc,phases   ] GC(1089)   Merge Heap Roots: 0.05ms
[485.239s][info][gc,phases   ] GC(1089)   Evacuate Collection Set: 20.41ms
[485.239s][info][gc,phases   ] GC(1089)   Post Evacuate Collection Set: 0.34ms
[485.239s][info][gc,phases   ] GC(1089)   Other: 0.12ms
[485.239s][info][gc,heap     ] GC(1089) Eden regions: 46->0(86)
[485.239s][info][gc,heap     ] GC(1089) Survivor regions: 12->19(19)
[485.239s][info][gc,heap     ] GC(1089) Old regions: 180->197
[485.239s][info][gc,heap     ] GC(1089) Humongous regions: 4->4
[485.239s][info][gc,metaspace] GC(1089) Metaspace: 43104K(43456K)->43104K(43456K) NonClass: 40295K(40512K)->40295K(40512K) Class: 2808K(2944K)->2808K(2944K)
[485.239s][info][gc          ] GC(1089) Pause Young (Concurrent Start) (G1 Humongous Allocation) 240M->220M(396M) 21.345ms
[485.239s][info][gc,cpu      ] GC(1089) User=0.04s Sys=0.00s Real=0.02s
[485.239s][info][gc          ] GC(1090) Concurrent Mark Cycle
[485.239s][info][gc,marking  ] GC(1090) Concurrent Scan Root Regions
[485.256s][info][gc,marking  ] GC(1090) Concurrent Scan Root Regions 16.767ms
[485.256s][info][gc,marking  ] GC(1090) Concurrent Mark
[485.256s][info][gc,marking  ] GC(1090) Concurrent Mark From Roots
[485.256s][info][gc,task     ] GC(1090) Using 1 workers of 1 for marking
[485.339s][info][gc,marking  ] GC(1090) Concurrent Mark From Roots 83.463ms
[485.339s][info][gc,marking  ] GC(1090) Concurrent Preclean
[485.339s][info][gc,marking  ] GC(1090) Concurrent Preclean 0.049ms
[485.339s][info][gc,start    ] GC(1090) Pause Remark
[485.356s][info][gc          ] GC(1090) Pause Remark 246M->204M(396M) 16.563ms
[485.356s][info][gc,cpu      ] GC(1090) User=0.04s Sys=0.00s Real=0.01s
[485.356s][info][gc,marking  ] GC(1090) Concurrent Mark 100.352ms
[485.356s][info][gc,marking  ] GC(1090) Concurrent Rebuild Remembered Sets and Scrub Regions
[485.400s][info][gc,marking  ] GC(1090) Concurrent Rebuild Remembered Sets and Scrub Regions 43.484ms
[485.400s][info][gc,start    ] GC(1090) Pause Cleanup
[485.400s][info][gc          ] GC(1090) Pause Cleanup 218M->218M(396M) 0.076ms
[485.400s][info][gc,cpu      ] GC(1090) User=0.00s Sys=0.00s Real=0.00s
[485.400s][info][gc,marking  ] GC(1090) Concurrent Clear Claimed Marks
[485.400s][info][gc,marking  ] GC(1090) Concurrent Clear Claimed Marks 0.038ms
[485.400s][info][gc,marking  ] GC(1090) Concurrent Cleanup for Next Mark
[485.402s][info][gc,marking  ] GC(1090) Concurrent Cleanup for Next Mark 2.303ms
[485.402s][info][gc          ] GC(1090) Concurrent Mark Cycle 163.372ms
[485.545s][info][gc,start    ] GC(1091) Pause Young (Prepare Mixed) (G1 Evacuation Pause)
[485.545s][info][gc,task     ] GC(1091) Using 2 workers of 2 for evacuation
[485.567s][info][gc,phases   ] GC(1091)   Pre Evacuate Collection Set: 0.22ms
[485.567s][info][gc,phases   ] GC(1091)   Merge Heap Roots: 0.18ms
[485.567s][info][gc,phases   ] GC(1091)   Evacuate Collection Set: 20.98ms
[485.567s][info][gc,phases   ] GC(1091)   Post Evacuate Collection Set: 0.40ms
[485.567s][info][gc,phases   ] GC(1091)   Other: 0.08ms
[485.567s][info][gc,heap     ] GC(1091) Eden regions: 86->0(106)
[485.567s][info][gc,heap     ] GC(1091) Survivor regions: 19->12(14)
[485.567s][info][gc,heap     ] GC(1091) Old regions: 155->174
[485.567s][info][gc,heap     ] GC(1091) Humongous regions: 6->5
[485.567s][info][gc,metaspace] GC(1091) Metaspace: 43104K(43456K)->43104K(43456K) NonClass: 40295K(40512K)->40295K(40512K) Class: 2808K(2944K)->2808K(2944K)
[485.567s][info][gc          ] GC(1091) Pause Young (Prepare Mixed) (G1 Evacuation Pause) 266M->190M(396M) 22.039ms
[485.567s][info][gc,cpu      ] GC(1091) User=0.05s Sys=0.00s Real=0.03s
[485.888s][info][gc,start    ] GC(1092) Pause Young (Mixed) (G1 Evacuation Pause)
[485.888s][info][gc,task     ] GC(1092) Using 2 workers of 2 for evacuation
[485.905s][info][gc,phases   ] GC(1092)   Pre Evacuate Collection Set: 0.23ms
[485.905s][info][gc,phases   ] GC(1092)   Merge Heap Roots: 0.16ms
[485.905s][info][gc,phases   ] GC(1092)   Evacuate Collection Set: 16.25ms
[485.905s][info][gc,phases   ] GC(1092)   Post Evacuate Collection Set: 0.39ms
[485.905s][info][gc,phases   ] GC(1092)   Other: 0.08ms
[485.905s][info][gc,heap     ] GC(1092) Eden regions: 106->0(126)
[485.905s][info][gc,heap     ] GC(1092) Survivor regions: 12->13(15)
[485.905s][info][gc,heap     ] GC(1092) Old regions: 174->143
[485.905s][info][gc,heap     ] GC(1092) Humongous regions: 5->5
[485.905s][info][gc,metaspace] GC(1092) Metaspace: 43104K(43456K)->43104K(43456K) NonClass: 40295K(40512K)->40295K(40512K) Class: 2808K(2944K)->2808K(2944K)
[485.905s][info][gc          ] GC(1092) Pause Young (Mixed) (G1 Evacuation Pause) 296M->161M(396M) 17.305ms
[485.905s][info][gc,cpu      ] GC(1092) User=0.03s Sys=0.00s Real=0.01s
[486.332s][info][gc,start    ] GC(1093) Pause Young (Mixed) (G1 Evacuation Pause)
[486.332s][info][gc,task     ] GC(1093) Using 2 workers of 2 for evacuation
[486.350s][info][gc,phases   ] GC(1093)   Pre Evacuate Collection Set: 0.21ms
[486.350s][info][gc,phases   ] GC(1093)   Merge Heap Roots: 0.09ms
[486.350s][info][gc,phases   ] GC(1093)   Evacuate Collection Set: 16.85ms
[486.350s][info][gc,phases   ] GC(1093)   Post Evacuate Collection Set: 0.40ms
[486.350s][info][gc,phases   ] GC(1093)   Other: 0.09ms
[486.350s][info][gc,heap     ] GC(1093) Eden regions: 126->0(130)
[486.350s][info][gc,heap     ] GC(1093) Survivor regions: 13->18(18)
[486.350s][info][gc,heap     ] GC(1093) Old regions: 143->133
[486.350s][info][gc,heap     ] GC(1093) Humongous regions: 5->5
[486.350s][info][gc,metaspace] GC(1093) Metaspace: 43104K(43456K)->43104K(43456K) NonClass: 40295K(40512K)->40295K(40512K) Class: 2808K(2944K)->2808K(2944K)
[486.350s][info][gc          ] GC(1093) Pause Young (Mixed) (G1 Evacuation Pause) 287M->155M(396M) 17.875ms
[486.350s][info][gc,cpu      ] GC(1093) User=0.04s Sys=0.00s Real=0.02s
[486.778s][info][gc,start    ] GC(1094) Pause Young (Normal) (G1 Evacuation Pause)
[486.779s][info][gc,task     ] GC(1094) Using 2 workers of 2 for evacuation
[486.806s][info][gc,phases   ] GC(1094)   Pre Evacuate Collection Set: 0.22ms
[486.806s][info][gc,phases   ] GC(1094)   Merge Heap Roots: 0.11ms
[486.806s][info][gc,phases   ] GC(1094)   Evacuate Collection Set: 26.38ms
[486.806s][info][gc,phases   ] GC(1094)   Post Evacuate Collection Set: 0.46ms
[486.806s][info][gc,phases   ] GC(1094)   Other: 0.08ms
[486.806s][info][gc,heap     ] GC(1094) Eden regions: 130->0(119)
[486.806s][info][gc,heap     ] GC(1094) Survivor regions: 18->19(19)
[486.806s][info][gc,heap     ] GC(1094) Old regions: 133->156
[486.806s][info][gc,heap     ] GC(1094) Humongous regions: 6->6
[486.806s][info][gc,metaspace] GC(1094) Metaspace: 43104K(43456K)->43104K(43456K) NonClass: 40295K(40512K)->40295K(40512K) Class: 2808K(2944K)->2808K(2944K)
[486.806s][info][gc          ] GC(1094) Pause Young (Normal) (G1 Evacuation Pause) 286M->181M(396M) 27.433ms
[486.806s][info][gc,cpu      ] GC(1094) User=0.05s Sys=0.00s Real=0.02s
[487.176s][info][gc,start    ] GC(1095) Pause Young (Normal) (G1 Evacuation Pause)
[487.176s][info][gc,task     ] GC(1095) Using 2 workers of 2 for evacuation
[487.224s][info][gc,phases   ] GC(1095)   Pre Evacuate Collection Set: 0.27ms
[487.224s][info][gc,phases   ] GC(1095)   Merge Heap Roots: 0.15ms
[487.225s][info][gc,phases   ] GC(1095)   Evacuate Collection Set: 47.45ms
[487.225s][info][gc,phases   ] GC(1095)   Post Evacuate Collection Set: 0.46ms
[487.225s][info][gc,phases   ] GC(1095)   Other: 0.07ms
[487.225s][info][gc,heap     ] GC(1095) Eden regions: 119->0(78)
[487.225s][info][gc,heap     ] GC(1095) Survivor regions: 19->18(18)
[487.225s][info][gc,heap     ] GC(1095) Old regions: 156->219
[487.225s][info][gc,heap     ] GC(1095) Humongous regions: 6->6
[487.225s][info][gc,metaspace] GC(1095) Metaspace: 43104K(43456K)->43104K(43456K) NonClass: 40295K(40512K)->40295K(40512K) Class: 2808K(2944K)->2808K(2944K)
[487.225s][info][gc          ] GC(1095) Pause Young (Normal) (G1 Evacuation Pause) 300M->243M(396M) 48.631ms
[487.225s][info][gc,cpu      ] GC(1095) User=0.10s Sys=0.00s Real=0.05s
[487.328s][info][gc,start    ] GC(1096) Pause Young (Concurrent Start) (G1 Humongous Allocation)
[487.328s][info][gc,task     ] GC(1096) Using 2 workers of 2 for evacuation
[487.358s][info][gc,phases   ] GC(1096)   Pre Evacuate Collection Set: 0.28ms
[487.358s][info][gc,phases   ] GC(1096)   Merge Heap Roots: 0.14ms
[487.358s][info][gc,phases   ] GC(1096)   Evacuate Collection Set: 27.74ms
[487.358s][info][gc,phases   ] GC(1096)   Post Evacuate Collection Set: 0.82ms
[487.358s][info][gc,phases   ] GC(1096)   Other: 0.08ms
[487.358s][info][gc,heap     ] GC(1096) Eden regions: 36->0(90)
[487.358s][info][gc,heap     ] GC(1096) Survivor regions: 18->12(12)
[487.358s][info][gc,heap     ] GC(1096) Old regions: 219->248
[487.358s][info][gc,heap     ] GC(1096) Humongous regions: 6->6
[487.358s][info][gc,metaspace] GC(1096) Metaspace: 43104K(43456K)->43104K(43456K) NonClass: 40295K(40512K)->40295K(40512K) Class: 2808K(2944K)->2808K(2944K)
[487.358s][info][gc          ] GC(1096) Pause Young (Concurrent Start) (G1 Humongous Allocation) 278M->265M(466M) 29.269ms
[487.358s][info][gc,cpu      ] GC(1096) User=0.05s Sys=0.00s Real=0.03s
[487.358s][info][gc          ] GC(1097) Concurrent Mark Cycle
[487.358s][info][gc,marking  ] GC(1097) Concurrent Scan Root Regions
[487.373s][info][gc,marking  ] GC(1097) Concurrent Scan Root Regions 15.234ms
[487.373s][info][gc,marking  ] GC(1097) Concurrent Mark
[487.373s][info][gc,marking  ] GC(1097) Concurrent Mark From Roots
[487.373s][info][gc,task     ] GC(1097) Using 1 workers of 1 for marking
[487.468s][info][gc,marking  ] GC(1097) Concurrent Mark From Roots 95.341ms
[487.468s][info][gc,marking  ] GC(1097) Concurrent Preclean
[487.469s][info][gc,marking  ] GC(1097) Concurrent Preclean 0.070ms
[487.469s][info][gc,start    ] GC(1097) Pause Remark
[487.485s][info][gc          ] GC(1097) Pause Remark 293M->217M(466M) 16.585ms
[487.485s][info][gc,cpu      ] GC(1097) User=0.03s Sys=0.00s Real=0.01s
[487.488s][info][gc,marking  ] GC(1097) Concurrent Mark 114.625ms
[487.488s][info][gc,marking  ] GC(1097) Concurrent Rebuild Remembered Sets and Scrub Regions
[487.543s][info][gc,marking  ] GC(1097) Concurrent Rebuild Remembered Sets and Scrub Regions 55.546ms
[487.543s][info][gc,start    ] GC(1097) Pause Cleanup
[487.544s][info][gc          ] GC(1097) Pause Cleanup 229M->229M(466M) 0.090ms
[487.544s][info][gc,cpu      ] GC(1097) User=0.00s Sys=0.00s Real=0.00s
[487.544s][info][gc,marking  ] GC(1097) Concurrent Clear Claimed Marks
[487.544s][info][gc,marking  ] GC(1097) Concurrent Clear Claimed Marks 0.051ms
[487.544s][info][gc,marking  ] GC(1097) Concurrent Cleanup for Next Mark
[487.546s][info][gc,marking  ] GC(1097) Concurrent Cleanup for Next Mark 2.144ms
[487.546s][info][gc          ] GC(1097) Concurrent Mark Cycle 188.107ms
[487.782s][info][gc,start    ] GC(1098) Pause Young (Prepare Mixed) (G1 Evacuation Pause)
[487.782s][info][gc,task     ] GC(1098) Using 2 workers of 2 for evacuation
[487.828s][info][gc,phases   ] GC(1098)   Pre Evacuate Collection Set: 0.34ms
[487.828s][info][gc,phases   ] GC(1098)   Merge Heap Roots: 0.32ms
[487.828s][info][gc,phases   ] GC(1098)   Evacuate Collection Set: 45.33ms
[487.828s][info][gc,phases   ] GC(1098)   Post Evacuate Collection Set: 0.43ms
[487.828s][info][gc,phases   ] GC(1098)   Other: 0.10ms
[487.828s][info][gc,heap     ] GC(1098) Eden regions: 90->0(96)
[487.828s][info][gc,heap     ] GC(1098) Survivor regions: 12->13(13)
[487.828s][info][gc,heap     ] GC(1098) Old regions: 175->226
[487.828s][info][gc,heap     ] GC(1098) Humongous regions: 4->4
[487.828s][info][gc,metaspace] GC(1098) Metaspace: 43104K(43456K)->43104K(43456K) NonClass: 40295K(40512K)->40295K(40512K) Class: 2808K(2944K)->2808K(2944K)
[487.829s][info][gc          ] GC(1098) Pause Young (Prepare Mixed) (G1 Evacuation Pause) 280M->242M(466M) 46.731ms
[487.829s][info][gc,cpu      ] GC(1098) User=0.09s Sys=0.00s Real=0.05s
[488.156s][info][gc,start    ] GC(1099) Pause Young (Mixed) (G1 Evacuation Pause)
[488.156s][info][gc,task     ] GC(1099) Using 2 workers of 2 for evacuation
[488.208s][info][gc,phases   ] GC(1099)   Pre Evacuate Collection Set: 0.26ms
[488.208s][info][gc,phases   ] GC(1099)   Merge Heap Roots: 0.29ms
[488.208s][info][gc,phases   ] GC(1099)   Evacuate Collection Set: 50.79ms
[488.208s][info][gc,phases   ] GC(1099)   Post Evacuate Collection Set: 0.53ms
[488.208s][info][gc,phases   ] GC(1099)   Other: 0.10ms
[488.208s][info][gc,heap     ] GC(1099) Eden regions: 96->0(90)
[488.208s][info][gc,heap     ] GC(1099) Survivor regions: 13->14(14)
[488.208s][info][gc,heap     ] GC(1099) Old regions: 226->233
[488.208s][info][gc,heap     ] GC(1099) Humongous regions: 5->5
[488.208s][info][gc,metaspace] GC(1099) Metaspace: 43104K(43456K)->43104K(43456K) NonClass: 40295K(40512K)->40295K(40512K) Class: 2808K(2944K)->2808K(2944K)
[488.208s][info][gc          ] GC(1099) Pause Young (Mixed) (G1 Evacuation Pause) 339M->252M(466M) 52.196ms
[488.208s][info][gc,cpu      ] GC(1099) User=0.10s Sys=0.00s Real=0.06s
[488.497s][info][gc,start    ] GC(1100) Pause Young (Mixed) (G1 Evacuation Pause)
[488.497s][info][gc,task     ] GC(1100) Using 2 workers of 2 for evacuation
[488.562s][info][gc,phases   ] GC(1100)   Pre Evacuate Collection Set: 0.33ms
[488.562s][info][gc,phases   ] GC(1100)   Merge Heap Roots: 0.46ms
[488.562s][info][gc,phases   ] GC(1100)   Evacuate Collection Set: 63.00ms
[488.562s][info][gc,phases   ] GC(1100)   Post Evacuate Collection Set: 0.45ms
[488.562s][info][gc,phases   ] GC(1100)   Other: 0.07ms
[488.562s][info][gc,heap     ] GC(1100) Eden regions: 90->0(66)
[488.562s][info][gc,heap     ] GC(1100) Survivor regions: 14->13(13)
[488.562s][info][gc,heap     ] GC(1100) Old regions: 233->283
[488.562s][info][gc,heap     ] GC(1100) Humongous regions: 5->5
[488.562s][info][gc,metaspace] GC(1100) Metaspace: 43104K(43456K)->43104K(43456K) NonClass: 40295K(40512K)->40295K(40512K) Class: 2808K(2944K)->2808K(2944K)
[488.562s][info][gc          ] GC(1100) Pause Young (Mixed) (G1 Evacuation Pause) 342M->301M(466M) 64.581ms
[488.562s][info][gc,cpu      ] GC(1100) User=0.13s Sys=0.00s Real=0.06s
[488.597s][info][gc,start    ] GC(1101) Pause Young (Concurrent Start) (G1 Humongous Allocation)
[488.597s][info][gc,task     ] GC(1101) Using 2 workers of 2 for evacuation
[488.613s][info][gc,phases   ] GC(1101)   Pre Evacuate Collection Set: 0.23ms
[488.613s][info][gc,phases   ] GC(1101)   Merge Heap Roots: 0.17ms
[488.613s][info][gc,phases   ] GC(1101)   Evacuate Collection Set: 15.50ms
[488.613s][info][gc,phases   ] GC(1101)   Post Evacuate Collection Set: 0.31ms
[488.613s][info][gc,phases   ] GC(1101)   Other: 0.09ms
[488.613s][info][gc,heap     ] GC(1101) Eden regions: 10->0(62)
[488.613s][info][gc,heap     ] GC(1101) Survivor regions: 13->7(10)
[488.613s][info][gc,heap     ] GC(1101) Old regions: 283->297
[488.613s][info][gc,heap     ] GC(1101) Humongous regions: 5->5
[488.613s][info][gc,metaspace] GC(1101) Metaspace: 43104K(43456K)->43104K(43456K) NonClass: 40295K(40512K)->40295K(40512K) Class: 2808K(2944K)->2808K(2944K)
[488.613s][info][gc          ] GC(1101) Pause Young (Concurrent Start) (G1 Humongous Allocation) 310M->307M(466M) 16.466ms
[488.613s][info][gc,cpu      ] GC(1101) User=0.03s Sys=0.00s Real=0.01s
[488.613s][info][gc          ] GC(1102) Concurrent Mark Cycle
[488.613s][info][gc,marking  ] GC(1102) Concurrent Scan Root Regions
[488.619s][info][gc,marking  ] GC(1102) Concurrent Scan Root Regions 6.217ms
[488.619s][info][gc,marking  ] GC(1102) Concurrent Mark
[488.620s][info][gc,marking  ] GC(1102) Concurrent Mark From Roots
[488.620s][info][gc,task     ] GC(1102) Using 1 workers of 1 for marking
[488.798s][info][gc,marking  ] GC(1102) Concurrent Mark From Roots 178.331ms
[488.798s][info][gc,marking  ] GC(1102) Concurrent Preclean
[488.798s][info][gc,marking  ] GC(1102) Concurrent Preclean 0.049ms
[488.798s][info][gc,start    ] GC(1102) Pause Remark
[488.814s][info][gc          ] GC(1102) Pause Remark 350M->336M(494M) 16.365ms
[488.814s][info][gc,cpu      ] GC(1102) User=0.04s Sys=0.00s Real=0.01s
[488.815s][info][gc,marking  ] GC(1102) Concurrent Mark 195.046ms
[488.815s][info][gc,marking  ] GC(1102) Concurrent Rebuild Remembered Sets and Scrub Regions
[488.902s][info][gc,marking  ] GC(1102) Concurrent Rebuild Remembered Sets and Scrub Regions 87.577ms
[488.902s][info][gc,start    ] GC(1102) Pause Cleanup
[488.902s][info][gc          ] GC(1102) Pause Cleanup 356M->356M(494M) 0.100ms
[488.902s][info][gc,cpu      ] GC(1102) User=0.00s Sys=0.00s Real=0.00s
[488.902s][info][gc,marking  ] GC(1102) Concurrent Clear Claimed Marks
[488.903s][info][gc,marking  ] GC(1102) Concurrent Clear Claimed Marks 0.042ms
[488.903s][info][gc,marking  ] GC(1102) Concurrent Cleanup for Next Mark
[488.903s][info][gc,start    ] GC(1103) Pause Young (Prepare Mixed) (G1 Evacuation Pause)
[488.903s][info][gc,task     ] GC(1103) Using 2 workers of 2 for evacuation
[488.939s][info][gc,phases   ] GC(1103)   Pre Evacuate Collection Set: 0.20ms
[488.939s][info][gc,phases   ] GC(1103)   Merge Heap Roots: 0.35ms
[488.939s][info][gc,phases   ] GC(1103)   Evacuate Collection Set: 34.55ms
[488.939s][info][gc,phases   ] GC(1103)   Post Evacuate Collection Set: 0.41ms
[488.939s][info][gc,phases   ] GC(1103)   Other: 0.07ms
[488.939s][info][gc,heap     ] GC(1103) Eden regions: 62->0(68)
[488.939s][info][gc,heap     ] GC(1103) Survivor regions: 7->9(9)
[488.939s][info][gc,heap     ] GC(1103) Old regions: 284->312
[488.939s][info][gc,heap     ] GC(1103) Humongous regions: 5->5
[488.939s][info][gc,metaspace] GC(1103) Metaspace: 43104K(43456K)->43104K(43456K) NonClass: 40295K(40512K)->40295K(40512K) Class: 2808K(2944K)->2808K(2944K)
[488.939s][info][gc          ] GC(1103) Pause Young (Prepare Mixed) (G1 Evacuation Pause) 356M->325M(494M) 35.758ms
[488.939s][info][gc,cpu      ] GC(1103) User=0.07s Sys=0.00s Real=0.04s
[488.940s][info][gc,marking  ] GC(1102) Concurrent Cleanup for Next Mark 37.730ms
[488.940s][info][gc          ] GC(1102) Concurrent Mark Cycle 327.097ms
[489.158s][info][gc,start    ] GC(1104) Pause Young (Mixed) (G1 Evacuation Pause)
[489.158s][info][gc,task     ] GC(1104) Using 2 workers of 2 for evacuation
[489.194s][info][gc,phases   ] GC(1104)   Pre Evacuate Collection Set: 0.27ms
[489.194s][info][gc,phases   ] GC(1104)   Merge Heap Roots: 0.24ms
[489.194s][info][gc,phases   ] GC(1104)   Evacuate Collection Set: 33.40ms
[489.194s][info][gc,phases   ] GC(1104)   Post Evacuate Collection Set: 1.70ms
[489.194s][info][gc,phases   ] GC(1104)   Other: 0.10ms
[489.194s][info][gc,heap     ] GC(1104) Eden regions: 68->0(154)
[489.194s][info][gc,heap     ] GC(1104) Survivor regions: 9->10(10)
[489.194s][info][gc,heap     ] GC(1104) Old regions: 312->296
[489.194s][info][gc,heap     ] GC(1104) Humongous regions: 6->6
[489.194s][info][gc,metaspace] GC(1104) Metaspace: 43104K(43456K)->43104K(43456K) NonClass: 40295K(40512K)->40295K(40512K) Class: 2808K(2944K)->2808K(2944K)
[489.194s][info][gc          ] GC(1104) Pause Young (Mixed) (G1 Evacuation Pause) 394M->312M(688M) 35.915ms
[489.194s][info][gc,cpu      ] GC(1104) User=0.07s Sys=0.00s Real=0.03s
[489.825s][info][gc,start    ] GC(1105) Pause Young (Mixed) (G1 Evacuation Pause)
[489.825s][info][gc,task     ] GC(1105) Using 2 workers of 2 for evacuation
[489.858s][info][gc,phases   ] GC(1105)   Pre Evacuate Collection Set: 0.44ms
[489.858s][info][gc,phases   ] GC(1105)   Merge Heap Roots: 1.19ms
[489.858s][info][gc,phases   ] GC(1105)   Evacuate Collection Set: 30.75ms
[489.858s][info][gc,phases   ] GC(1105)   Post Evacuate Collection Set: 0.54ms
[489.858s][info][gc,phases   ] GC(1105)   Other: 0.08ms
[489.858s][info][gc,heap     ] GC(1105) Eden regions: 154->0(189)
[489.858s][info][gc,heap     ] GC(1105) Survivor regions: 10->16(21)
[489.858s][info][gc,heap     ] GC(1105) Old regions: 296->241
[489.858s][info][gc,heap     ] GC(1105) Humongous regions: 6->6
[489.858s][info][gc,metaspace] GC(1105) Metaspace: 43104K(43456K)->43104K(43456K) NonClass: 40295K(40512K)->40295K(40512K) Class: 2808K(2944K)->2808K(2944K)
[489.858s][info][gc          ] GC(1105) Pause Young (Mixed) (G1 Evacuation Pause) 466M->262M(688M) 33.199ms
[489.858s][info][gc,cpu      ] GC(1105) User=0.06s Sys=0.02s Real=0.04s
[490.508s][info][gc,start    ] GC(1106) Pause Young (Normal) (G1 Evacuation Pause)
[490.508s][info][gc,task     ] GC(1106) Using 2 workers of 2 for evacuation
[490.532s][info][gc,phases   ] GC(1106)   Pre Evacuate Collection Set: 0.46ms
[490.532s][info][gc,phases   ] GC(1106)   Merge Heap Roots: 0.19ms
[490.532s][info][gc,phases   ] GC(1106)   Evacuate Collection Set: 22.21ms
[490.532s][info][gc,phases   ] GC(1106)   Post Evacuate Collection Set: 0.52ms
[490.532s][info][gc,phases   ] GC(1106)   Other: 0.08ms
[490.532s][info][gc,heap     ] GC(1106) Eden regions: 189->0(202)
[490.532s][info][gc,heap     ] GC(1106) Survivor regions: 16->17(26)
[490.532s][info][gc,heap     ] GC(1106) Old regions: 241->250
[490.532s][info][gc,heap     ] GC(1106) Humongous regions: 7->6
[490.532s][info][gc,metaspace] GC(1106) Metaspace: 43104K(43456K)->43104K(43456K) NonClass: 40295K(40512K)->40295K(40512K) Class: 2808K(2944K)->2808K(2944K)
[490.532s][info][gc          ] GC(1106) Pause Young (Normal) (G1 Evacuation Pause) 452M->272M(688M) 23.662ms
[490.532s][info][gc,cpu      ] GC(1106) User=0.04s Sys=0.00s Real=0.02s
[491.186s][info][gc,start    ] GC(1107) Pause Young (Normal) (G1 Evacuation Pause)
[491.186s][info][gc,task     ] GC(1107) Using 2 workers of 2 for evacuation
[491.195s][info][gc,phases   ] GC(1107)   Pre Evacuate Collection Set: 0.27ms
[491.195s][info][gc,phases   ] GC(1107)   Merge Heap Roots: 0.13ms
[491.195s][info][gc,phases   ] GC(1107)   Evacuate Collection Set: 8.60ms
[491.195s][info][gc,phases   ] GC(1107)   Post Evacuate Collection Set: 0.46ms
[491.195s][info][gc,phases   ] GC(1107)   Other: 0.08ms
[491.195s][info][gc,heap     ] GC(1107) Eden regions: 202->0(227)
[491.195s][info][gc,heap     ] GC(1107) Survivor regions: 17->8(28)
[491.195s][info][gc,heap     ] GC(1107) Old regions: 250->254
[491.195s][info][gc,heap     ] GC(1107) Humongous regions: 7->6
[491.195s][info][gc,metaspace] GC(1107) Metaspace: 43104K(43456K)->43104K(43456K) NonClass: 40295K(40512K)->40295K(40512K) Class: 2808K(2944K)->2808K(2944K)
[491.195s][info][gc          ] GC(1107) Pause Young (Normal) (G1 Evacuation Pause) 475M->267M(688M) 9.749ms
[491.195s][info][gc,cpu      ] GC(1107) User=0.01s Sys=0.00s Real=0.01s
[491.899s][info][gc,start    ] GC(1108) Pause Young (Normal) (G1 Evacuation Pause)
[491.899s][info][gc,task     ] GC(1108) Using 2 workers of 2 for evacuation
[491.906s][info][gc,phases   ] GC(1108)   Pre Evacuate Collection Set: 0.29ms
[491.906s][info][gc,phases   ] GC(1108)   Merge Heap Roots: 0.08ms
[491.906s][info][gc,phases   ] GC(1108)   Evacuate Collection Set: 5.92ms
[491.906s][info][gc,phases   ] GC(1108)   Post Evacuate Collection Set: 0.45ms
[491.906s][info][gc,phases   ] GC(1108)   Other: 0.08ms
[491.906s][info][gc,heap     ] GC(1108) Eden regions: 227->0(248)
[491.906s][info][gc,heap     ] GC(1108) Survivor regions: 8->9(30)
[491.906s][info][gc,heap     ] GC(1108) Old regions: 254->254
[491.906s][info][gc,heap     ] GC(1108) Humongous regions: 9->6
[491.906s][info][gc,metaspace] GC(1108) Metaspace: 43104K(43456K)->43104K(43456K) NonClass: 40295K(40512K)->40295K(40512K) Class: 2808K(2944K)->2808K(2944K)
[491.906s][info][gc          ] GC(1108) Pause Young (Normal) (G1 Evacuation Pause) 497M->268M(688M) 6.992ms
[491.906s][info][gc,cpu      ] GC(1108) User=0.01s Sys=0.00s Real=0.00s
[491.983s][info][gc,start    ] GC(1109) Pause Young (Concurrent Start) (G1 Humongous Allocation)
[491.983s][info][gc,task     ] GC(1109) Using 2 workers of 2 for evacuation
[491.994s][info][gc,phases   ] GC(1109)   Pre Evacuate Collection Set: 0.27ms
[491.994s][info][gc,phases   ] GC(1109)   Merge Heap Roots: 0.06ms
[491.994s][info][gc,phases   ] GC(1109)   Evacuate Collection Set: 10.58ms
[491.994s][info][gc,phases   ] GC(1109)   Post Evacuate Collection Set: 0.31ms
[491.994s][info][gc,phases   ] GC(1109)   Other: 0.11ms
[491.994s][info][gc,heap     ] GC(1109) Eden regions: 26->0(260)
[491.994s][info][gc,heap     ] GC(1109) Survivor regions: 9->18(33)
[491.994s][info][gc,heap     ] GC(1109) Old regions: 254->254
[491.994s][info][gc,heap     ] GC(1109) Humongous regions: 6->6
[491.994s][info][gc,metaspace] GC(1109) Metaspace: 43104K(43456K)->43104K(43456K) NonClass: 40295K(40512K)->40295K(40512K) Class: 2808K(2944K)->2808K(2944K)
[491.994s][info][gc          ] GC(1109) Pause Young (Concurrent Start) (G1 Humongous Allocation) 294M->277M(688M) 11.512ms
[491.994s][info][gc,cpu      ] GC(1109) User=0.02s Sys=0.00s Real=0.01s
[491.995s][info][gc          ] GC(1110) Concurrent Mark Cycle
[491.995s][info][gc,marking  ] GC(1110) Concurrent Scan Root Regions
[492.002s][info][gc,marking  ] GC(1110) Concurrent Scan Root Regions 7.632ms
[492.002s][info][gc,marking  ] GC(1110) Concurrent Mark
[492.002s][info][gc,marking  ] GC(1110) Concurrent Mark From Roots
[492.002s][info][gc,task     ] GC(1110) Using 1 workers of 1 for marking
[492.075s][info][gc,marking  ] GC(1110) Concurrent Mark From Roots 72.961ms
[492.075s][info][gc,marking  ] GC(1110) Concurrent Preclean
[492.075s][info][gc,marking  ] GC(1110) Concurrent Preclean 0.046ms
[492.075s][info][gc,start    ] GC(1110) Pause Remark
[492.092s][info][gc          ] GC(1110) Pause Remark 297M->145M(424M) 16.300ms
[492.092s][info][gc,cpu      ] GC(1110) User=0.03s Sys=0.00s Real=0.02s
[492.092s][info][gc,marking  ] GC(1110) Concurrent Mark 89.583ms
[492.092s][info][gc,marking  ] GC(1110) Concurrent Rebuild Remembered Sets and Scrub Regions
[492.119s][info][gc,marking  ] GC(1110) Concurrent Rebuild Remembered Sets and Scrub Regions 27.529ms
[492.119s][info][gc,start    ] GC(1110) Pause Cleanup
[492.120s][info][gc          ] GC(1110) Pause Cleanup 154M->154M(424M) 0.057ms
[492.120s][info][gc,cpu      ] GC(1110) User=0.00s Sys=0.00s Real=0.00s
[492.120s][info][gc,marking  ] GC(1110) Concurrent Clear Claimed Marks
[492.120s][info][gc,marking  ] GC(1110) Concurrent Clear Claimed Marks 0.069ms
[492.120s][info][gc,marking  ] GC(1110) Concurrent Cleanup for Next Mark
[492.121s][info][gc,marking  ] GC(1110) Concurrent Cleanup for Next Mark 1.467ms
[492.121s][info][gc          ] GC(1110) Concurrent Mark Cycle 126.659ms
[492.771s][info][gc,start    ] GC(1111) Pause Young (Prepare Mixed) (G1 Evacuation Pause)
[492.771s][info][gc,task     ] GC(1111) Using 2 workers of 2 for evacuation
[492.780s][info][gc,phases   ] GC(1111)   Pre Evacuate Collection Set: 0.21ms
[492.780s][info][gc,phases   ] GC(1111)   Merge Heap Roots: 0.09ms
[492.780s][info][gc,phases   ] GC(1111)   Evacuate Collection Set: 8.19ms
[492.780s][info][gc,phases   ] GC(1111)   Post Evacuate Collection Set: 0.49ms
[492.780s][info][gc,phases   ] GC(1111)   Other: 0.08ms
[492.780s][info][gc,heap     ] GC(1111) Eden regions: 236->0(205)
[492.780s][info][gc,heap     ] GC(1111) Survivor regions: 18->10(32)
[492.780s][info][gc,heap     ] GC(1111) Old regions: 105->107
[492.780s][info][gc,heap     ] GC(1111) Humongous regions: 6->3
[492.780s][info][gc,metaspace] GC(1111) Metaspace: 43104K(43456K)->43104K(43456K) NonClass: 40295K(40512K)->40295K(40512K) Class: 2808K(2944K)->2808K(2944K)
[492.780s][info][gc          ] GC(1111) Pause Young (Prepare Mixed) (G1 Evacuation Pause) 364M->118M(424M) 9.245ms
[492.780s][info][gc,cpu      ] GC(1111) User=0.02s Sys=0.00s Real=0.01s
[493.357s][info][gc,start    ] GC(1112) Pause Young (Mixed) (G1 Evacuation Pause)
[493.357s][info][gc,task     ] GC(1112) Using 2 workers of 2 for evacuation
[493.373s][info][gc,phases   ] GC(1112)   Pre Evacuate Collection Set: 0.26ms
[493.373s][info][gc,phases   ] GC(1112)   Merge Heap Roots: 0.09ms
[493.373s][info][gc,phases   ] GC(1112)   Evacuate Collection Set: 15.23ms
[493.373s][info][gc,phases   ] GC(1112)   Post Evacuate Collection Set: 0.49ms
[493.373s][info][gc,phases   ] GC(1112)   Other: 0.08ms
[493.373s][info][gc,heap     ] GC(1112) Eden regions: 205->0(216)
[493.373s][info][gc,heap     ] GC(1112) Survivor regions: 10->22(27)
[493.373s][info][gc,heap     ] GC(1112) Old regions: 107->83
[493.373s][info][gc,heap     ] GC(1112) Humongous regions: 5->3
[493.373s][info][gc,metaspace] GC(1112) Metaspace: 43104K(43456K)->43104K(43456K) NonClass: 40295K(40512K)->40295K(40512K) Class: 2808K(2944K)->2808K(2944K)
[493.373s][info][gc          ] GC(1112) Pause Young (Mixed) (G1 Evacuation Pause) 325M->106M(424M) 16.342ms
[493.373s][info][gc,cpu      ] GC(1112) User=0.03s Sys=0.00s Real=0.01s
[493.874s][info][gc,start    ] GC(1113) Pause Young (Concurrent Start) (G1 Humongous Allocation)
[493.875s][info][gc,task     ] GC(1113) Using 2 workers of 2 for evacuation
[493.887s][info][gc,phases   ] GC(1113)   Pre Evacuate Collection Set: 0.25ms
[493.887s][info][gc,phases   ] GC(1113)   Merge Heap Roots: 0.08ms
[493.887s][info][gc,phases   ] GC(1113)   Evacuate Collection Set: 11.36ms
[493.887s][info][gc,phases   ] GC(1113)   Post Evacuate Collection Set: 0.48ms
[493.887s][info][gc,phases   ] GC(1113)   Other: 0.09ms
[493.887s][info][gc,heap     ] GC(1113) Eden regions: 173->0(232)
[493.887s][info][gc,heap     ] GC(1113) Survivor regions: 22->2(30)
[493.887s][info][gc,heap     ] GC(1113) Old regions: 83->103
[493.887s][info][gc,heap     ] GC(1113) Humongous regions: 3->3
[493.887s][info][gc,metaspace] GC(1113) Metaspace: 43104K(43456K)->43104K(43456K) NonClass: 40295K(40512K)->40295K(40512K) Class: 2808K(2944K)->2808K(2944K)
[493.887s][info][gc          ] GC(1113) Pause Young (Concurrent Start) (G1 Humongous Allocation) 278M->107M(424M) 12.443ms
[493.887s][info][gc          ] GC(1114) Concurrent Mark Cycle
[493.887s][info][gc,marking  ] GC(1114) Concurrent Scan Root Regions
[493.888s][info][gc,cpu      ] GC(1113) User=0.03s Sys=0.00s Real=0.02s
[493.895s][info][gc,marking  ] GC(1114) Concurrent Scan Root Regions 8.063ms
[493.895s][info][gc,marking  ] GC(1114) Concurrent Mark
[493.895s][info][gc,marking  ] GC(1114) Concurrent Mark From Roots
[493.895s][info][gc,task     ] GC(1114) Using 1 workers of 1 for marking
[493.967s][info][gc,marking  ] GC(1114) Concurrent Mark From Roots 71.925ms
[493.967s][info][gc,marking  ] GC(1114) Concurrent Preclean
[493.967s][info][gc,marking  ] GC(1114) Concurrent Preclean 0.037ms
[493.967s][info][gc,start    ] GC(1114) Pause Remark
[493.984s][info][gc          ] GC(1114) Pause Remark 134M->133M(360M) 17.055ms
[493.984s][info][gc,cpu      ] GC(1114) User=0.03s Sys=0.00s Real=0.01s
[493.984s][info][gc,marking  ] GC(1114) Concurrent Mark 89.209ms
[493.984s][info][gc,marking  ] GC(1114) Concurrent Rebuild Remembered Sets and Scrub Regions
[494.022s][info][gc,marking  ] GC(1114) Concurrent Rebuild Remembered Sets and Scrub Regions 37.732ms
[494.022s][info][gc,start    ] GC(1114) Pause Cleanup
[494.022s][info][gc          ] GC(1114) Pause Cleanup 146M->146M(360M) 0.051ms
[494.022s][info][gc,cpu      ] GC(1114) User=0.00s Sys=0.00s Real=0.00s
[494.022s][info][gc,marking  ] GC(1114) Concurrent Clear Claimed Marks
[494.022s][info][gc,marking  ] GC(1114) Concurrent Clear Claimed Marks 0.039ms
[494.022s][info][gc,marking  ] GC(1114) Concurrent Cleanup for Next Mark
[494.023s][info][gc,marking  ] GC(1114) Concurrent Cleanup for Next Mark 1.046ms
[494.023s][info][gc          ] GC(1114) Concurrent Mark Cycle 136.412ms
[494.464s][info][gc,start    ] GC(1115) Pause Young (Prepare Mixed) (G1 Evacuation Pause)
[494.465s][info][gc,task     ] GC(1115) Using 2 workers of 2 for evacuation
[494.470s][info][gc,phases   ] GC(1115)   Pre Evacuate Collection Set: 0.26ms
[494.470s][info][gc,phases   ] GC(1115)   Merge Heap Roots: 0.08ms
[494.470s][info][gc,phases   ] GC(1115)   Evacuate Collection Set: 4.50ms
[494.470s][info][gc,phases   ] GC(1115)   Post Evacuate Collection Set: 0.46ms
[494.470s][info][gc,phases   ] GC(1115)   Other: 0.07ms
[494.470s][info][gc,heap     ] GC(1115) Eden regions: 214->0(191)
[494.470s][info][gc,heap     ] GC(1115) Survivor regions: 2->6(27)
[494.470s][info][gc,heap     ] GC(1115) Old regions: 102->102
[494.470s][info][gc,heap     ] GC(1115) Humongous regions: 4->1
[494.470s][info][gc,metaspace] GC(1115) Metaspace: 43104K(43456K)->43104K(43456K) NonClass: 40295K(40512K)->40295K(40512K) Class: 2808K(2944K)->2808K(2944K)
[494.470s][info][gc          ] GC(1115) Pause Young (Prepare Mixed) (G1 Evacuation Pause) 321M->108M(360M) 5.543ms
[494.470s][info][gc,cpu      ] GC(1115) User=0.01s Sys=0.00s Real=0.01s
[494.768s][info][gc,start    ] GC(1116) Pause Young (Mixed) (G1 Evacuation Pause)
[494.768s][info][gc,task     ] GC(1116) Using 2 workers of 2 for evacuation
[494.775s][info][gc,phases   ] GC(1116)   Pre Evacuate Collection Set: 0.20ms
[494.775s][info][gc,phases   ] GC(1116)   Merge Heap Roots: 0.13ms
[494.775s][info][gc,phases   ] GC(1116)   Evacuate Collection Set: 6.35ms
[494.775s][info][gc,phases   ] GC(1116)   Post Evacuate Collection Set: 0.48ms
[494.775s][info][gc,phases   ] GC(1116)   Other: 0.07ms
[494.775s][info][gc,heap     ] GC(1116) Eden regions: 191->0(210)
[494.775s][info][gc,heap     ] GC(1116) Survivor regions: 6->6(25)
[494.775s][info][gc,heap     ] GC(1116) Old regions: 102->87
[494.775s][info][gc,heap     ] GC(1116) Humongous regions: 1->1
[494.775s][info][gc,metaspace] GC(1116) Metaspace: 43104K(43456K)->43104K(43456K) NonClass: 40295K(40512K)->40295K(40512K) Class: 2808K(2944K)->2808K(2944K)
[494.775s][info][gc          ] GC(1116) Pause Young (Mixed) (G1 Evacuation Pause) 299M->93M(360M) 7.407ms
[494.775s][info][gc,cpu      ] GC(1116) User=0.01s Sys=0.00s Real=0.00s
[495.088s][info][gc,start    ] GC(1117) Pause Young (Concurrent Start) (G1 Humongous Allocation)
[495.088s][info][gc,task     ] GC(1117) Using 2 workers of 2 for evacuation
[495.092s][info][gc,phases   ] GC(1117)   Pre Evacuate Collection Set: 0.20ms
[495.092s][info][gc,phases   ] GC(1117)   Merge Heap Roots: 0.06ms
[495.092s][info][gc,phases   ] GC(1117)   Evacuate Collection Set: 2.81ms
[495.092s][info][gc,phases   ] GC(1117)   Post Evacuate Collection Set: 0.52ms
[495.092s][info][gc,phases   ] GC(1117)   Other: 0.09ms
[495.092s][info][gc,heap     ] GC(1117) Eden regions: 200->0(212)
[495.092s][info][gc,heap     ] GC(1117) Survivor regions: 6->4(27)
[495.092s][info][gc,heap     ] GC(1117) Old regions: 87->87
[495.092s][info][gc,heap     ] GC(1117) Humongous regions: 1->1
[495.092s][info][gc,metaspace] GC(1117) Metaspace: 43104K(43456K)->43104K(43456K) NonClass: 40295K(40512K)->40295K(40512K) Class: 2808K(2944K)->2808K(2944K)
[495.092s][info][gc          ] GC(1117) Pause Young (Concurrent Start) (G1 Humongous Allocation) 293M->91M(360M) 3.867ms
[495.092s][info][gc          ] GC(1118) Concurrent Mark Cycle
[495.092s][info][gc,marking  ] GC(1118) Concurrent Scan Root Regions
[495.093s][info][gc,cpu      ] GC(1117) User=0.01s Sys=0.00s Real=0.00s
[495.094s][info][gc,marking  ] GC(1118) Concurrent Scan Root Regions 1.786ms
[495.094s][info][gc,marking  ] GC(1118) Concurrent Mark
[495.094s][info][gc,marking  ] GC(1118) Concurrent Mark From Roots
[495.094s][info][gc,task     ] GC(1118) Using 1 workers of 1 for marking
[495.181s][info][gc,marking  ] GC(1118) Concurrent Mark From Roots 86.866ms
[495.181s][info][gc,marking  ] GC(1118) Concurrent Preclean
[495.181s][info][gc,marking  ] GC(1118) Concurrent Preclean 0.037ms
[495.181s][info][gc,start    ] GC(1118) Pause Remark
[495.198s][info][gc          ] GC(1118) Pause Remark 119M->109M(280M) 16.712ms
[495.198s][info][gc,cpu      ] GC(1118) User=0.04s Sys=0.00s Real=0.02s
[495.198s][info][gc,marking  ] GC(1118) Concurrent Mark 103.969ms
[495.198s][info][gc,marking  ] GC(1118) Concurrent Rebuild Remembered Sets and Scrub Regions
[495.226s][info][gc,marking  ] GC(1118) Concurrent Rebuild Remembered Sets and Scrub Regions 28.178ms
[495.226s][info][gc,start    ] GC(1118) Pause Cleanup
[495.226s][info][gc          ] GC(1118) Pause Cleanup 117M->117M(280M) 0.050ms
[495.226s][info][gc,cpu      ] GC(1118) User=0.00s Sys=0.00s Real=0.00s
[495.226s][info][gc,marking  ] GC(1118) Concurrent Clear Claimed Marks
[495.226s][info][gc,marking  ] GC(1118) Concurrent Clear Claimed Marks 0.040ms
[495.226s][info][gc,marking  ] GC(1118) Concurrent Cleanup for Next Mark
[495.227s][info][gc,marking  ] GC(1118) Concurrent Cleanup for Next Mark 0.839ms
[495.227s][info][gc          ] GC(1118) Concurrent Mark Cycle 135.055ms
[495.636s][info][gc,start    ] GC(1119) Pause Young (Prepare Mixed) (G1 Evacuation Pause)
[495.636s][info][gc,task     ] GC(1119) Using 2 workers of 2 for evacuation
[495.648s][info][gc,phases   ] GC(1119)   Pre Evacuate Collection Set: 0.25ms
[495.648s][info][gc,phases   ] GC(1119)   Merge Heap Roots: 0.09ms
[495.648s][info][gc,phases   ] GC(1119)   Evacuate Collection Set: 10.49ms
[495.648s][info][gc,phases   ] GC(1119)   Post Evacuate Collection Set: 0.71ms
[495.648s][info][gc,phases   ] GC(1119)   Other: 0.07ms
[495.648s][info][gc,heap     ] GC(1119) Eden regions: 80->0(235)
[495.648s][info][gc,heap     ] GC(1119) Survivor regions: 4->9(28)
[495.648s][info][gc,heap     ] GC(1119) Old regions: 77->77
[495.648s][info][gc,heap     ] GC(1119) Humongous regions: 237->3
[495.648s][info][gc,metaspace] GC(1119) Metaspace: 43104K(43456K)->43104K(43456K) NonClass: 40295K(40512K)->40295K(40512K) Class: 2808K(2944K)->2808K(2944K)
[495.648s][info][gc          ] GC(1119) Pause Young (Prepare Mixed) (G1 Evacuation Pause) 397M->87M(407M) 11.799ms
[495.648s][info][gc,cpu      ] GC(1119) User=0.02s Sys=0.00s Real=0.02s
[496.170s][info][gc,start    ] GC(1120) Pause Young (Mixed) (G1 Evacuation Pause)
[496.170s][info][gc,task     ] GC(1120) Using 2 workers of 2 for evacuation
[496.193s][info][gc,phases   ] GC(1120)   Pre Evacuate Collection Set: 0.47ms
[496.193s][info][gc,phases   ] GC(1120)   Merge Heap Roots: 0.18ms
[496.193s][info][gc,phases   ] GC(1120)   Evacuate Collection Set: 21.56ms
[496.193s][info][gc,phases   ] GC(1120)   Post Evacuate Collection Set: 0.82ms
[496.193s][info][gc,phases   ] GC(1120)   Other: 0.07ms
[496.193s][info][gc,heap     ] GC(1120) Eden regions: 58->0(293)
[496.193s][info][gc,heap     ] GC(1120) Survivor regions: 9->14(34)
[496.193s][info][gc,heap     ] GC(1120) Old regions: 77->61
[496.193s][info][gc,heap     ] GC(1120) Humongous regions: 351->3
[496.193s][info][gc,metaspace] GC(1120) Metaspace: 43104K(43456K)->43104K(43456K) NonClass: 40295K(40512K)->40295K(40512K) Class: 2808K(2944K)->2808K(2944K)
[496.193s][info][gc          ] GC(1120) Pause Young (Mixed) (G1 Evacuation Pause) 493M->76M(513M) 23.325ms
[496.193s][info][gc,cpu      ] GC(1120) User=0.03s Sys=0.01s Real=0.02s
[496.286s][info][gc,start    ] GC(1121) Pause Young (Concurrent Start) (G1 Humongous Allocation)
[496.286s][info][gc,task     ] GC(1121) Using 2 workers of 2 for evacuation
[496.300s][info][gc,phases   ] GC(1121)   Pre Evacuate Collection Set: 0.25ms
[496.300s][info][gc,phases   ] GC(1121)   Merge Heap Roots: 0.06ms
[496.300s][info][gc,phases   ] GC(1121)   Evacuate Collection Set: 12.90ms
[496.300s][info][gc,phases   ] GC(1121)   Post Evacuate Collection Set: 0.64ms
[496.300s][info][gc,phases   ] GC(1121)   Other: 0.09ms
[496.300s][info][gc,heap     ] GC(1121) Eden regions: 14->0(290)
[496.300s][info][gc,heap     ] GC(1121) Survivor regions: 14->17(39)
[496.300s][info][gc,heap     ] GC(1121) Old regions: 61->61
[496.300s][info][gc,heap     ] GC(1121) Humongous regions: 61->1
[496.300s][info][gc,metaspace] GC(1121) Metaspace: 43104K(43456K)->43104K(43456K) NonClass: 40295K(40512K)->40295K(40512K) Class: 2808K(2944K)->2808K(2944K)
[496.300s][info][gc          ] GC(1121) Pause Young (Concurrent Start) (G1 Humongous Allocation) 147M->77M(513M) 14.128ms
[496.300s][info][gc,cpu      ] GC(1121) User=0.03s Sys=0.00s Real=0.02s
[496.300s][info][gc          ] GC(1122) Concurrent Undo Cycle
[496.300s][info][gc,marking  ] GC(1122) Concurrent Clear Claimed Marks
[496.300s][info][gc,marking  ] GC(1122) Concurrent Clear Claimed Marks 0.039ms
[496.300s][info][gc,marking  ] GC(1122) Concurrent Cleanup for Next Mark
[496.301s][info][gc,marking  ] GC(1122) Concurrent Cleanup for Next Mark 0.221ms
[496.301s][info][gc          ] GC(1122) Concurrent Undo Cycle 0.346ms
[496.303s][info][gc,start    ] GC(1123) Pause Young (Concurrent Start) (G1 Humongous Allocation)
[496.303s][info][gc,task     ] GC(1123) Using 2 workers of 2 for evacuation
[496.318s][info][gc,phases   ] GC(1123)   Pre Evacuate Collection Set: 0.22ms
[496.318s][info][gc,phases   ] GC(1123)   Merge Heap Roots: 0.06ms
[496.318s][info][gc,phases   ] GC(1123)   Evacuate Collection Set: 13.64ms
[496.318s][info][gc,phases   ] GC(1123)   Post Evacuate Collection Set: 0.35ms
[496.318s][info][gc,phases   ] GC(1123)   Other: 0.09ms
[496.318s][info][gc,heap     ] GC(1123) Eden regions: 1->0(290)
[496.318s][info][gc,heap     ] GC(1123) Survivor regions: 17->17(39)
[496.318s][info][gc,heap     ] GC(1123) Old regions: 61->61
[496.318s][info][gc,heap     ] GC(1123) Humongous regions: 3->1
[496.318s][info][gc,metaspace] GC(1123) Metaspace: 43104K(43456K)->43104K(43456K) NonClass: 40295K(40512K)->40295K(40512K) Class: 2808K(2944K)->2808K(2944K)
[496.318s][info][gc          ] GC(1123) Pause Young (Concurrent Start) (G1 Humongous Allocation) 79M->77M(513M) 14.517ms
[496.318s][info][gc,cpu      ] GC(1123) User=0.03s Sys=0.00s Real=0.02s
[496.318s][info][gc          ] GC(1124) Concurrent Undo Cycle
[496.318s][info][gc,marking  ] GC(1124) Concurrent Clear Claimed Marks
[496.318s][info][gc,marking  ] GC(1124) Concurrent Clear Claimed Marks 0.023ms
[496.318s][info][gc,marking  ] GC(1124) Concurrent Cleanup for Next Mark
[496.318s][info][gc,marking  ] GC(1124) Concurrent Cleanup for Next Mark 0.195ms
[496.318s][info][gc          ] GC(1124) Concurrent Undo Cycle 0.289ms
[496.324s][info][gc,start    ] GC(1125) Pause Young (Concurrent Start) (G1 Humongous Allocation)
[496.324s][info][gc,task     ] GC(1125) Using 2 workers of 2 for evacuation
[496.338s][info][gc,phases   ] GC(1125)   Pre Evacuate Collection Set: 0.24ms
[496.338s][info][gc,phases   ] GC(1125)   Merge Heap Roots: 0.05ms
[496.338s][info][gc,phases   ] GC(1125)   Evacuate Collection Set: 13.24ms
[496.338s][info][gc,phases   ] GC(1125)   Post Evacuate Collection Set: 0.35ms
[496.338s][info][gc,phases   ] GC(1125)   Other: 0.07ms
[496.338s][info][gc,heap     ] GC(1125) Eden regions: 1->0(291)
[496.338s][info][gc,heap     ] GC(1125) Survivor regions: 17->16(39)
[496.338s][info][gc,heap     ] GC(1125) Old regions: 61->61
[496.338s][info][gc,heap     ] GC(1125) Humongous regions: 5->1
[496.338s][info][gc,metaspace] GC(1125) Metaspace: 43104K(43456K)->43104K(43456K) NonClass: 40295K(40512K)->40295K(40512K) Class: 2808K(2944K)->2808K(2944K)
[496.338s][info][gc          ] GC(1125) Pause Young (Concurrent Start) (G1 Humongous Allocation) 82M->76M(513M) 14.158ms
[496.338s][info][gc,cpu      ] GC(1125) User=0.02s Sys=0.00s Real=0.02s
[496.338s][info][gc          ] GC(1126) Concurrent Undo Cycle
[496.338s][info][gc,marking  ] GC(1126) Concurrent Clear Claimed Marks
[496.338s][info][gc,marking  ] GC(1126) Concurrent Clear Claimed Marks 0.024ms
[496.338s][info][gc,marking  ] GC(1126) Concurrent Cleanup for Next Mark
[496.338s][info][gc,marking  ] GC(1126) Concurrent Cleanup for Next Mark 0.174ms
[496.338s][info][gc          ] GC(1126) Concurrent Undo Cycle 0.262ms
[496.348s][info][gc,start    ] GC(1127) Pause Young (Concurrent Start) (G1 Humongous Allocation)
[496.348s][info][gc,task     ] GC(1127) Using 2 workers of 2 for evacuation
[496.362s][info][gc,phases   ] GC(1127)   Pre Evacuate Collection Set: 0.23ms
[496.362s][info][gc,phases   ] GC(1127)   Merge Heap Roots: 0.05ms
[496.362s][info][gc,phases   ] GC(1127)   Evacuate Collection Set: 12.53ms
[496.362s][info][gc,phases   ] GC(1127)   Post Evacuate Collection Set: 0.33ms
[496.362s][info][gc,phases   ] GC(1127)   Other: 0.11ms
[496.362s][info][gc,heap     ] GC(1127) Eden regions: 2->0(290)
[496.362s][info][gc,heap     ] GC(1127) Survivor regions: 16->17(39)
[496.362s][info][gc,heap     ] GC(1127) Old regions: 61->61
[496.362s][info][gc,heap     ] GC(1127) Humongous regions: 9->1
[496.362s][info][gc,metaspace] GC(1127) Metaspace: 43104K(43456K)->43104K(43456K) NonClass: 40295K(40512K)->40295K(40512K) Class: 2808K(2944K)->2808K(2944K)
[496.362s][info][gc          ] GC(1127) Pause Young (Concurrent Start) (G1 Humongous Allocation) 85M->77M(513M) 13.420ms
[496.362s][info][gc,cpu      ] GC(1127) User=0.03s Sys=0.00s Real=0.01s
[496.362s][info][gc          ] GC(1128) Concurrent Undo Cycle
[496.362s][info][gc,marking  ] GC(1128) Concurrent Clear Claimed Marks
[496.362s][info][gc,marking  ] GC(1128) Concurrent Clear Claimed Marks 0.030ms
[496.362s][info][gc,marking  ] GC(1128) Concurrent Cleanup for Next Mark
[496.362s][info][gc,marking  ] GC(1128) Concurrent Cleanup for Next Mark 0.176ms
[496.362s][info][gc          ] GC(1128) Concurrent Undo Cycle 0.284ms
[496.376s][info][gc,start    ] GC(1129) Pause Young (Concurrent Start) (G1 Humongous Allocation)
[496.376s][info][gc,task     ] GC(1129) Using 2 workers of 2 for evacuation
[496.391s][info][gc,phases   ] GC(1129)   Pre Evacuate Collection Set: 0.30ms
[496.391s][info][gc,phases   ] GC(1129)   Merge Heap Roots: 0.05ms
[496.391s][info][gc,phases   ] GC(1129)   Evacuate Collection Set: 12.30ms
[496.391s][info][gc,phases   ] GC(1129)   Post Evacuate Collection Set: 1.65ms
[496.391s][info][gc,phases   ] GC(1129)   Other: 0.12ms
[496.391s][info][gc,heap     ] GC(1129) Eden regions: 2->0(402)
[496.391s][info][gc,heap     ] GC(1129) Survivor regions: 17->17(39)
[496.391s][info][gc,heap     ] GC(1129) Old regions: 61->61
[496.391s][info][gc,heap     ] GC(1129) Humongous regions: 13->1
[496.391s][info][gc,metaspace] GC(1129) Metaspace: 43104K(43456K)->43104K(43456K) NonClass: 40295K(40512K)->40295K(40512K) Class: 2808K(2944K)->2808K(2944K)
[496.391s][info][gc          ] GC(1129) Pause Young (Concurrent Start) (G1 Humongous Allocation) 90M->77M(699M) 14.600ms
[496.391s][info][gc,cpu      ] GC(1129) User=0.03s Sys=0.00s Real=0.02s
[496.391s][info][gc          ] GC(1130) Concurrent Undo Cycle
[496.391s][info][gc,marking  ] GC(1130) Concurrent Clear Claimed Marks
[496.391s][info][gc,marking  ] GC(1130) Concurrent Clear Claimed Marks 0.037ms
[496.391s][info][gc,marking  ] GC(1130) Concurrent Cleanup for Next Mark
[496.391s][info][gc,marking  ] GC(1130) Concurrent Cleanup for Next Mark 0.214ms
[496.391s][info][gc          ] GC(1130) Concurrent Undo Cycle 0.325ms
[496.492s][info][gc,start    ] GC(1131) Pause Young (Concurrent Start) (G1 Humongous Allocation)
[496.492s][info][gc,task     ] GC(1131) Using 2 workers of 2 for evacuation
[496.512s][info][gc,phases   ] GC(1131)   Pre Evacuate Collection Set: 0.32ms
[496.512s][info][gc,phases   ] GC(1131)   Merge Heap Roots: 0.05ms
[496.512s][info][gc,phases   ] GC(1131)   Evacuate Collection Set: 19.09ms
[496.512s][info][gc,phases   ] GC(1131)   Post Evacuate Collection Set: 0.43ms
[496.512s][info][gc,phases   ] GC(1131)   Other: 0.12ms
[496.512s][info][gc,heap     ] GC(1131) Eden regions: 12->0(402)
[496.512s][info][gc,heap     ] GC(1131) Survivor regions: 17->17(53)
[496.512s][info][gc,heap     ] GC(1131) Old regions: 61->61
[496.512s][info][gc,heap     ] GC(1131) Humongous regions: 81->1
[496.512s][info][gc,metaspace] GC(1131) Metaspace: 43104K(43456K)->43104K(43456K) NonClass: 40295K(40512K)->40295K(40512K) Class: 2808K(2944K)->2808K(2944K)
[496.512s][info][gc          ] GC(1131) Pause Young (Concurrent Start) (G1 Humongous Allocation) 168M->77M(699M) 20.223ms
[496.512s][info][gc,cpu      ] GC(1131) User=0.04s Sys=0.01s Real=0.02s
[496.512s][info][gc          ] GC(1132) Concurrent Undo Cycle
[496.512s][info][gc,marking  ] GC(1132) Concurrent Clear Claimed Marks
[496.512s][info][gc,marking  ] GC(1132) Concurrent Clear Claimed Marks 0.040ms
[496.512s][info][gc,marking  ] GC(1132) Concurrent Cleanup for Next Mark
[496.512s][info][gc,marking  ] GC(1132) Concurrent Cleanup for Next Mark 0.193ms
[496.512s][info][gc          ] GC(1132) Concurrent Undo Cycle 0.274ms
[496.638s][info][gc,start    ] GC(1133) Pause Young (Concurrent Start) (G1 Humongous Allocation)
[496.638s][info][gc,task     ] GC(1133) Using 2 workers of 2 for evacuation
[496.656s][info][gc,phases   ] GC(1133)   Pre Evacuate Collection Set: 0.31ms
[496.656s][info][gc,phases   ] GC(1133)   Merge Heap Roots: 0.10ms
[496.656s][info][gc,phases   ] GC(1133)   Evacuate Collection Set: 17.22ms
[496.656s][info][gc,phases   ] GC(1133)   Post Evacuate Collection Set: 0.42ms
[496.656s][info][gc,phases   ] GC(1133)   Other: 0.13ms
[496.656s][info][gc,heap     ] GC(1133) Eden regions: 15->0(401)
[496.656s][info][gc,heap     ] GC(1133) Survivor regions: 17->18(53)
[496.656s][info][gc,heap     ] GC(1133) Old regions: 61->61
[496.656s][info][gc,heap     ] GC(1133) Humongous regions: 85->1
[496.656s][info][gc,metaspace] GC(1133) Metaspace: 43104K(43456K)->43104K(43456K) NonClass: 40295K(40512K)->40295K(40512K) Class: 2808K(2944K)->2808K(2944K)
[496.657s][info][gc          ] GC(1133) Pause Young (Concurrent Start) (G1 Humongous Allocation) 175M->78M(699M) 18.376ms
[496.657s][info][gc,cpu      ] GC(1133) User=0.04s Sys=0.00s Real=0.01s
[496.657s][info][gc          ] GC(1134) Concurrent Undo Cycle
[496.657s][info][gc,marking  ] GC(1134) Concurrent Clear Claimed Marks
[496.657s][info][gc,marking  ] GC(1134) Concurrent Clear Claimed Marks 0.051ms
[496.657s][info][gc,marking  ] GC(1134) Concurrent Cleanup for Next Mark
[496.659s][info][gc,marking  ] GC(1134) Concurrent Cleanup for Next Mark 2.172ms
[496.659s][info][gc          ] GC(1134) Concurrent Undo Cycle 2.265ms
[496.806s][info][gc,start    ] GC(1135) Pause Young (Concurrent Start) (G1 Humongous Allocation)
[496.806s][info][gc,task     ] GC(1135) Using 2 workers of 2 for evacuation
[496.839s][info][gc,phases   ] GC(1135)   Pre Evacuate Collection Set: 0.28ms
[496.839s][info][gc,phases   ] GC(1135)   Merge Heap Roots: 0.05ms
[496.839s][info][gc,phases   ] GC(1135)   Evacuate Collection Set: 31.90ms
[496.839s][info][gc,phases   ] GC(1135)   Post Evacuate Collection Set: 0.55ms
[496.839s][info][gc,phases   ] GC(1135)   Other: 0.10ms
[496.839s][info][gc,heap     ] GC(1135) Eden regions: 22->0(396)
[496.839s][info][gc,heap     ] GC(1135) Survivor regions: 18->23(53)
[496.839s][info][gc,heap     ] GC(1135) Old regions: 61->61
[496.839s][info][gc,heap     ] GC(1135) Humongous regions: 89->1
[496.839s][info][gc,metaspace] GC(1135) Metaspace: 43104K(43456K)->43104K(43456K) NonClass: 40295K(40512K)->40295K(40512K) Class: 2808K(2944K)->2808K(2944K)
[496.839s][info][gc          ] GC(1135) Pause Young (Concurrent Start) (G1 Humongous Allocation) 188M->83M(699M) 33.110ms
[496.839s][info][gc          ] GC(1136) Concurrent Undo Cycle
[496.839s][info][gc,marking  ] GC(1136) Concurrent Clear Claimed Marks
[496.839s][info][gc,marking  ] GC(1136) Concurrent Clear Claimed Marks 0.039ms
[496.839s][info][gc,marking  ] GC(1136) Concurrent Cleanup for Next Mark
[496.839s][info][gc,cpu      ] GC(1135) User=0.06s Sys=0.01s Real=0.04s
[496.839s][info][gc,marking  ] GC(1136) Concurrent Cleanup for Next Mark 0.184ms
[496.840s][info][gc          ] GC(1136) Concurrent Undo Cycle 0.260ms
[496.969s][info][gc,start    ] GC(1137) Pause Young (Concurrent Start) (G1 Humongous Allocation)
[496.969s][info][gc,task     ] GC(1137) Using 2 workers of 2 for evacuation
[496.992s][info][gc,phases   ] GC(1137)   Pre Evacuate Collection Set: 0.36ms
[496.992s][info][gc,phases   ] GC(1137)   Merge Heap Roots: 0.06ms
[496.992s][info][gc,phases   ] GC(1137)   Evacuate Collection Set: 20.76ms
[496.992s][info][gc,phases   ] GC(1137)   Post Evacuate Collection Set: 1.28ms
[496.992s][info][gc,phases   ] GC(1137)   Other: 0.18ms
[496.992s][info][gc,heap     ] GC(1137) Eden regions: 16->0(439)
[496.992s][info][gc,heap     ] GC(1137) Survivor regions: 23->24(53)
[496.992s][info][gc,heap     ] GC(1137) Old regions: 61->61
[496.992s][info][gc,heap     ] GC(1137) Humongous regions: 93->1
[496.992s][info][gc,metaspace] GC(1137) Metaspace: 43104K(43456K)->43104K(43456K) NonClass: 40295K(40512K)->40295K(40512K) Class: 2808K(2944K)->2808K(2944K)
[496.992s][info][gc          ] GC(1137) Pause Young (Concurrent Start) (G1 Humongous Allocation) 190M->84M(773M) 22.849ms
[496.992s][info][gc          ] GC(1138) Concurrent Undo Cycle
[496.992s][info][gc,marking  ] GC(1138) Concurrent Clear Claimed Marks
[496.992s][info][gc,marking  ] GC(1138) Concurrent Clear Claimed Marks 0.040ms
[496.992s][info][gc,marking  ] GC(1138) Concurrent Cleanup for Next Mark
[496.992s][info][gc,cpu      ] GC(1137) User=0.04s Sys=0.00s Real=0.02s
[496.995s][info][gc,marking  ] GC(1138) Concurrent Cleanup for Next Mark 2.480ms
[496.995s][info][gc          ] GC(1138) Concurrent Undo Cycle 2.562ms
[497.195s][info][gc,start    ] GC(1139) Pause Young (Concurrent Start) (G1 Humongous Allocation)
[497.195s][info][gc,task     ] GC(1139) Using 2 workers of 2 for evacuation
[497.231s][info][gc,phases   ] GC(1139)   Pre Evacuate Collection Set: 0.29ms
[497.231s][info][gc,phases   ] GC(1139)   Merge Heap Roots: 0.06ms
[497.231s][info][gc,phases   ] GC(1139)   Evacuate Collection Set: 35.04ms
[497.231s][info][gc,phases   ] GC(1139)   Post Evacuate Collection Set: 0.45ms
[497.231s][info][gc,phases   ] GC(1139)   Other: 0.11ms
[497.231s][info][gc,heap     ] GC(1139) Eden regions: 27->0(435)
[497.231s][info][gc,heap     ] GC(1139) Survivor regions: 24->28(58)
[497.231s][info][gc,heap     ] GC(1139) Old regions: 61->61
[497.231s][info][gc,heap     ] GC(1139) Humongous regions: 121->1
[497.231s][info][gc,metaspace] GC(1139) Metaspace: 43104K(43456K)->43104K(43456K) NonClass: 40295K(40512K)->40295K(40512K) Class: 2808K(2944K)->2808K(2944K)
[497.231s][info][gc          ] GC(1139) Pause Young (Concurrent Start) (G1 Humongous Allocation) 231M->88M(773M) 36.155ms
[497.231s][info][gc          ] GC(1140) Concurrent Undo Cycle
[497.231s][info][gc,marking  ] GC(1140) Concurrent Clear Claimed Marks
[497.231s][info][gc,marking  ] GC(1140) Concurrent Clear Claimed Marks 0.041ms
[497.231s][info][gc,marking  ] GC(1140) Concurrent Cleanup for Next Mark
[497.231s][info][gc,cpu      ] GC(1139) User=0.04s Sys=0.03s Real=0.04s
[497.231s][info][gc,marking  ] GC(1140) Concurrent Cleanup for Next Mark 0.198ms
[497.231s][info][gc          ] GC(1140) Concurrent Undo Cycle 0.276ms
[497.402s][info][gc,start    ] GC(1141) Pause Young (Concurrent Start) (G1 Humongous Allocation)
[497.402s][info][gc,task     ] GC(1141) Using 2 workers of 2 for evacuation
[497.437s][info][gc,phases   ] GC(1141)   Pre Evacuate Collection Set: 0.34ms
[497.437s][info][gc,phases   ] GC(1141)   Merge Heap Roots: 0.07ms
[497.437s][info][gc,phases   ] GC(1141)   Evacuate Collection Set: 33.40ms
[497.437s][info][gc,phases   ] GC(1141)   Post Evacuate Collection Set: 0.83ms
[497.437s][info][gc,phases   ] GC(1141)   Other: 0.11ms
[497.437s][info][gc,heap     ] GC(1141) Eden regions: 21->0(435)
[497.437s][info][gc,heap     ] GC(1141) Survivor regions: 28->28(58)
[497.437s][info][gc,heap     ] GC(1141) Old regions: 61->62
[497.437s][info][gc,heap     ] GC(1141) Humongous regions: 125->1
[497.437s][info][gc,metaspace] GC(1141) Metaspace: 43104K(43456K)->43104K(43456K) NonClass: 40295K(40512K)->40295K(40512K) Class: 2808K(2944K)->2808K(2944K)
[497.437s][info][gc          ] GC(1141) Pause Young (Concurrent Start) (G1 Humongous Allocation) 233M->90M(773M) 34.974ms
[497.437s][info][gc          ] GC(1142) Concurrent Undo Cycle
[497.437s][info][gc,marking  ] GC(1142) Concurrent Clear Claimed Marks
[497.437s][info][gc,marking  ] GC(1142) Concurrent Clear Claimed Marks 0.041ms
[497.437s][info][gc,marking  ] GC(1142) Concurrent Cleanup for Next Mark
[497.437s][info][gc,cpu      ] GC(1141) User=0.06s Sys=0.01s Real=0.04s
[497.438s][info][gc,marking  ] GC(1142) Concurrent Cleanup for Next Mark 0.207ms
[497.438s][info][gc          ] GC(1142) Concurrent Undo Cycle 0.285ms
[498.183s][info][gc,start    ] GC(1143) Pause Young (Concurrent Start) (G1 Humongous Allocation)
[498.183s][info][gc,task     ] GC(1143) Using 2 workers of 2 for evacuation
[498.195s][info][gc,phases   ] GC(1143)   Pre Evacuate Collection Set: 0.37ms
[498.195s][info][gc,phases   ] GC(1143)   Merge Heap Roots: 0.09ms
[498.195s][info][gc,phases   ] GC(1143)   Evacuate Collection Set: 10.56ms
[498.195s][info][gc,phases   ] GC(1143)   Post Evacuate Collection Set: 0.63ms
[498.195s][info][gc,phases   ] GC(1143)   Other: 0.11ms
[498.195s][info][gc,heap     ] GC(1143) Eden regions: 207->0(453)
[498.195s][info][gc,heap     ] GC(1143) Survivor regions: 28->10(58)
[498.195s][info][gc,heap     ] GC(1143) Old regions: 62->62
[498.195s][info][gc,heap     ] GC(1143) Humongous regions: 127->1
[498.195s][info][gc,metaspace] GC(1143) Metaspace: 43108K(43456K)->43108K(43456K) NonClass: 40299K(40512K)->40299K(40512K) Class: 2808K(2944K)->2808K(2944K)
[498.195s][info][gc          ] GC(1143) Pause Young (Concurrent Start) (G1 Humongous Allocation) 422M->71M(773M) 11.951ms
[498.195s][info][gc          ] GC(1144) Concurrent Undo Cycle
[498.195s][info][gc,marking  ] GC(1144) Concurrent Clear Claimed Marks
[498.195s][info][gc,marking  ] GC(1144) Concurrent Clear Claimed Marks 0.037ms
[498.195s][info][gc,marking  ] GC(1144) Concurrent Cleanup for Next Mark
[498.196s][info][gc,cpu      ] GC(1143) User=0.02s Sys=0.00s Real=0.01s
[498.196s][info][gc,marking  ] GC(1144) Concurrent Cleanup for Next Mark 0.220ms
[498.196s][info][gc          ] GC(1144) Concurrent Undo Cycle 0.297ms
[499.192s][info][gc,start    ] GC(1145) Pause Young (Normal) (G1 Evacuation Pause)
[499.192s][info][gc,task     ] GC(1145) Using 2 workers of 2 for evacuation
[499.202s][info][gc,phases   ] GC(1145)   Pre Evacuate Collection Set: 0.31ms
[499.202s][info][gc,phases   ] GC(1145)   Merge Heap Roots: 0.13ms
[499.202s][info][gc,phases   ] GC(1145)   Evacuate Collection Set: 9.13ms
[499.202s][info][gc,phases   ] GC(1145)   Post Evacuate Collection Set: 1.02ms
[499.202s][info][gc,phases   ] GC(1145)   Other: 0.10ms
[499.202s][info][gc,heap     ] GC(1145) Eden regions: 453->0(452)
[499.202s][info][gc,heap     ] GC(1145) Survivor regions: 10->11(58)
[499.202s][info][gc,heap     ] GC(1145) Old regions: 62->63
[499.202s][info][gc,heap     ] GC(1145) Humongous regions: 3->1
[499.202s][info][gc,metaspace] GC(1145) Metaspace: 43114K(43520K)->43114K(43520K) NonClass: 40306K(40576K)->40306K(40576K) Class: 2808K(2944K)->2808K(2944K)
[499.203s][info][gc          ] GC(1145) Pause Young (Normal) (G1 Evacuation Pause) 526M->73M(773M) 10.910ms
[499.203s][info][gc,cpu      ] GC(1145) User=0.02s Sys=0.00s Real=0.01s
[500.189s][info][gc,start    ] GC(1146) Pause Young (Normal) (G1 Evacuation Pause)
[500.189s][info][gc,task     ] GC(1146) Using 2 workers of 2 for evacuation
[500.198s][info][gc,phases   ] GC(1146)   Pre Evacuate Collection Set: 0.29ms
[500.198s][info][gc,phases   ] GC(1146)   Merge Heap Roots: 0.13ms
[500.198s][info][gc,phases   ] GC(1146)   Evacuate Collection Set: 7.84ms
[500.198s][info][gc,phases   ] GC(1146)   Post Evacuate Collection Set: 0.72ms
[500.198s][info][gc,phases   ] GC(1146)   Other: 0.10ms
[500.198s][info][gc,heap     ] GC(1146) Eden regions: 452->0(452)
[500.198s][info][gc,heap     ] GC(1146) Survivor regions: 11->11(58)
[500.198s][info][gc,heap     ] GC(1146) Old regions: 63->65
[500.198s][info][gc,heap     ] GC(1146) Humongous regions: 1->1
[500.198s][info][gc,metaspace] GC(1146) Metaspace: 43114K(43520K)->43114K(43520K) NonClass: 40306K(40576K)->40306K(40576K) Class: 2808K(2944K)->2808K(2944K)
[500.198s][info][gc          ] GC(1146) Pause Young (Normal) (G1 Evacuation Pause) 525M->76M(773M) 9.284ms
[500.198s][info][gc,cpu      ] GC(1146) User=0.01s Sys=0.00s Real=0.01s
[501.877s][info][gc,start    ] GC(1147) Pause Young (Normal) (G1 Evacuation Pause)
[501.877s][info][gc,task     ] GC(1147) Using 2 workers of 2 for evacuation
[501.890s][info][gc,phases   ] GC(1147)   Pre Evacuate Collection Set: 0.30ms
[501.890s][info][gc,phases   ] GC(1147)   Merge Heap Roots: 0.15ms
[501.890s][info][gc,phases   ] GC(1147)   Evacuate Collection Set: 10.96ms
[501.890s][info][gc,phases   ] GC(1147)   Post Evacuate Collection Set: 0.87ms
[501.890s][info][gc,phases   ] GC(1147)   Other: 0.09ms
[501.890s][info][gc,heap     ] GC(1147) Eden regions: 452->0(451)
[501.890s][info][gc,heap     ] GC(1147) Survivor regions: 11->12(58)
[501.890s][info][gc,heap     ] GC(1147) Old regions: 65->66
[501.890s][info][gc,heap     ] GC(1147) Humongous regions: 11->1
[501.890s][info][gc,metaspace] GC(1147) Metaspace: 43126K(43520K)->43126K(43520K) NonClass: 40318K(40576K)->40318K(40576K) Class: 2808K(2944K)->2808K(2944K)
[501.890s][info][gc          ] GC(1147) Pause Young (Normal) (G1 Evacuation Pause) 538M->76M(773M) 12.536ms
[501.890s][info][gc,cpu      ] GC(1147) User=0.03s Sys=0.00s Real=0.01s
[503.112s][info][gc,start    ] GC(1148) Pause Young (Normal) (G1 Evacuation Pause)
[503.112s][info][gc,task     ] GC(1148) Using 2 workers of 2 for evacuation
[503.178s][info][gc,phases   ] GC(1148)   Pre Evacuate Collection Set: 0.30ms
[503.179s][info][gc,phases   ] GC(1148)   Merge Heap Roots: 0.17ms
[503.179s][info][gc,phases   ] GC(1148)   Evacuate Collection Set: 65.07ms
[503.179s][info][gc,phases   ] GC(1148)   Post Evacuate Collection Set: 0.76ms
[503.179s][info][gc,phases   ] GC(1148)   Other: 0.08ms
[503.179s][info][gc,heap     ] GC(1148) Eden regions: 451->0(405)
[503.179s][info][gc,heap     ] GC(1148) Survivor regions: 12->58(58)
[503.179s][info][gc,heap     ] GC(1148) Old regions: 66->66
[503.179s][info][gc,heap     ] GC(1148) Humongous regions: 6->6
[503.179s][info][gc,metaspace] GC(1148) Metaspace: 43131K(43520K)->43131K(43520K) NonClass: 40322K(40576K)->40322K(40576K) Class: 2808K(2944K)->2808K(2944K)
[503.179s][info][gc          ] GC(1148) Pause Young (Normal) (G1 Evacuation Pause) 532M->128M(773M) 66.587ms
[503.179s][info][gc,cpu      ] GC(1148) User=0.13s Sys=0.00s Real=0.07s
[506.888s][info][gc,start    ] GC(1149) Pause Young (Normal) (G1 Evacuation Pause)
[506.888s][info][gc,task     ] GC(1149) Using 2 workers of 2 for evacuation
[506.957s][info][gc,phases   ] GC(1149)   Pre Evacuate Collection Set: 0.40ms
[506.958s][info][gc,phases   ] GC(1149)   Merge Heap Roots: 0.18ms
[506.958s][info][gc,phases   ] GC(1149)   Evacuate Collection Set: 67.22ms
[506.958s][info][gc,phases   ] GC(1149)   Post Evacuate Collection Set: 1.22ms
[506.958s][info][gc,phases   ] GC(1149)   Other: 0.09ms
[506.958s][info][gc,heap     ] GC(1149) Eden regions: 405->0(440)
[506.958s][info][gc,heap     ] GC(1149) Survivor regions: 58->23(58)
[506.958s][info][gc,heap     ] GC(1149) Old regions: 66->107
[506.958s][info][gc,heap     ] GC(1149) Humongous regions: 14->8
[506.958s][info][gc,metaspace] GC(1149) Metaspace: 43138K(43520K)->43138K(43520K) NonClass: 40329K(40576K)->40329K(40576K) Class: 2808K(2944K)->2808K(2944K)
[506.958s][info][gc          ] GC(1149) Pause Young (Normal) (G1 Evacuation Pause) 541M->136M(773M) 69.347ms
[506.958s][info][gc,cpu      ] GC(1149) User=0.12s Sys=0.00s Real=0.07s
[508.179s][info][gc,start    ] GC(1150) Pause Young (Normal) (G1 Evacuation Pause)
[508.179s][info][gc,task     ] GC(1150) Using 2 workers of 2 for evacuation
[508.231s][info][gc,phases   ] GC(1150)   Pre Evacuate Collection Set: 0.27ms
[508.231s][info][gc,phases   ] GC(1150)   Merge Heap Roots: 0.23ms
[508.231s][info][gc,phases   ] GC(1150)   Evacuate Collection Set: 50.42ms
[508.231s][info][gc,phases   ] GC(1150)   Post Evacuate Collection Set: 0.75ms
[508.231s][info][gc,phases   ] GC(1150)   Other: 0.10ms
[508.231s][info][gc,heap     ] GC(1150) Eden regions: 440->0(408)
[508.231s][info][gc,heap     ] GC(1150) Survivor regions: 23->55(58)
[508.231s][info][gc,heap     ] GC(1150) Old regions: 107->107
[508.231s][info][gc,heap     ] GC(1150) Humongous regions: 11->11
[508.231s][info][gc,metaspace] GC(1150) Metaspace: 43138K(43520K)->43138K(43520K) NonClass: 40329K(40576K)->40329K(40576K) Class: 2808K(2944K)->2808K(2944K)
[508.231s][info][gc          ] GC(1150) Pause Young (Normal) (G1 Evacuation Pause) 579M->171M(773M) 51.966ms
[508.231s][info][gc,cpu      ] GC(1150) User=0.10s Sys=0.00s Real=0.05s
[509.212s][info][gc,start    ] GC(1151) Pause Young (Normal) (G1 Evacuation Pause)
[509.212s][info][gc,task     ] GC(1151) Using 2 workers of 2 for evacuation
[509.328s][info][gc,phases   ] GC(1151)   Pre Evacuate Collection Set: 0.28ms
[509.328s][info][gc,phases   ] GC(1151)   Merge Heap Roots: 0.22ms
[509.328s][info][gc,phases   ] GC(1151)   Evacuate Collection Set: 113.85ms
[509.328s][info][gc,phases   ] GC(1151)   Post Evacuate Collection Set: 0.71ms
[509.328s][info][gc,phases   ] GC(1151)   Other: 0.11ms
[509.328s][info][gc,heap     ] GC(1151) Eden regions: 408->0(416)
[509.328s][info][gc,heap     ] GC(1151) Survivor regions: 55->47(58)
[509.328s][info][gc,heap     ] GC(1151) Old regions: 107->161
[509.328s][info][gc,heap     ] GC(1151) Humongous regions: 17->17
[509.328s][info][gc,metaspace] GC(1151) Metaspace: 43138K(43520K)->43138K(43520K) NonClass: 40329K(40576K)->40329K(40576K) Class: 2808K(2944K)->2808K(2944K)
[509.328s][info][gc          ] GC(1151) Pause Young (Normal) (G1 Evacuation Pause) 585M->223M(773M) 115.416ms
[509.328s][info][gc,cpu      ] GC(1151) User=0.23s Sys=0.00s Real=0.12s
[511.762s][info][gc,start    ] GC(1152) Pause Young (Normal) (G1 Evacuation Pause)
[511.762s][info][gc,task     ] GC(1152) Using 2 workers of 2 for evacuation
[511.841s][info][gc,phases   ] GC(1152)   Pre Evacuate Collection Set: 0.28ms
[511.841s][info][gc,phases   ] GC(1152)   Merge Heap Roots: 0.26ms
[511.841s][info][gc,phases   ] GC(1152)   Evacuate Collection Set: 77.40ms
[511.841s][info][gc,phases   ] GC(1152)   Post Evacuate Collection Set: 0.93ms
[511.841s][info][gc,phases   ] GC(1152)   Other: 0.08ms
[511.841s][info][gc,heap     ] GC(1152) Eden regions: 416->0(431)
[511.841s][info][gc,heap     ] GC(1152) Survivor regions: 47->21(58)
[511.841s][info][gc,heap     ] GC(1152) Old regions: 161->208
[511.841s][info][gc,heap     ] GC(1152) Humongous regions: 25->23
[511.841s][info][gc,metaspace] GC(1152) Metaspace: 43138K(43520K)->43138K(43520K) NonClass: 40329K(40576K)->40329K(40576K) Class: 2808K(2944K)->2808K(2944K)
[511.843s][info][gc          ] GC(1152) Pause Young (Normal) (G1 Evacuation Pause) 647M->250M(782M) 80.657ms
[511.843s][info][gc,cpu      ] GC(1152) User=0.15s Sys=0.00s Real=0.08s
[513.983s][info][gc,start    ] GC(1153) Pause Young (Concurrent Start) (G1 Humongous Allocation)
[513.983s][info][gc,task     ] GC(1153) Using 2 workers of 2 for evacuation
[514.008s][info][gc,phases   ] GC(1153)   Pre Evacuate Collection Set: 0.29ms
[514.008s][info][gc,phases   ] GC(1153)   Merge Heap Roots: 0.19ms
[514.008s][info][gc,phases   ] GC(1153)   Evacuate Collection Set: 23.79ms
[514.008s][info][gc,phases   ] GC(1153)   Post Evacuate Collection Set: 0.66ms
[514.008s][info][gc,phases   ] GC(1153)   Other: 0.13ms
[514.008s][info][gc,heap     ] GC(1153) Eden regions: 385->0(451)
[514.008s][info][gc,heap     ] GC(1153) Survivor regions: 21->18(57)
[514.008s][info][gc,heap     ] GC(1153) Old regions: 208->208
[514.008s][info][gc,heap     ] GC(1153) Humongous regions: 23->23
[514.008s][info][gc,metaspace] GC(1153) Metaspace: 43138K(43520K)->43138K(43520K) NonClass: 40329K(40576K)->40329K(40576K) Class: 2808K(2944K)->2808K(2944K)
[514.008s][info][gc          ] GC(1153) Pause Young (Concurrent Start) (G1 Humongous Allocation) 635M->247M(782M) 25.250ms
[514.008s][info][gc          ] GC(1154) Concurrent Mark Cycle
[514.008s][info][gc,marking  ] GC(1154) Concurrent Scan Root Regions
[514.009s][info][gc,cpu      ] GC(1153) User=0.05s Sys=0.00s Real=0.03s
[514.018s][info][gc,marking  ] GC(1154) Concurrent Scan Root Regions 9.922ms
[514.018s][info][gc,marking  ] GC(1154) Concurrent Mark
[514.018s][info][gc,marking  ] GC(1154) Concurrent Mark From Roots
[514.018s][info][gc,task     ] GC(1154) Using 1 workers of 1 for marking
[514.052s][info][gc,marking  ] GC(1154) Concurrent Mark From Roots 34.039ms
[514.052s][info][gc,marking  ] GC(1154) Concurrent Preclean
[514.052s][info][gc,marking  ] GC(1154) Concurrent Preclean 0.179ms
[514.052s][info][gc,start    ] GC(1154) Pause Remark
[514.070s][info][gc          ] GC(1154) Pause Remark 258M->153M(480M) 17.054ms
[514.070s][info][gc,cpu      ] GC(1154) User=0.03s Sys=0.00s Real=0.02s
[514.070s][info][gc,marking  ] GC(1154) Concurrent Mark 51.546ms
[514.070s][info][gc,marking  ] GC(1154) Concurrent Rebuild Remembered Sets and Scrub Regions
[514.083s][info][gc,marking  ] GC(1154) Concurrent Rebuild Remembered Sets and Scrub Regions 13.510ms
[514.083s][info][gc,start    ] GC(1154) Pause Cleanup
[514.083s][info][gc          ] GC(1154) Pause Cleanup 154M->154M(480M) 0.069ms
[514.083s][info][gc,cpu      ] GC(1154) User=0.00s Sys=0.00s Real=0.00s
[514.083s][info][gc,marking  ] GC(1154) Concurrent Clear Claimed Marks
[514.083s][info][gc,marking  ] GC(1154) Concurrent Clear Claimed Marks 0.034ms
[514.083s][info][gc,marking  ] GC(1154) Concurrent Cleanup for Next Mark
[514.087s][info][gc,marking  ] GC(1154) Concurrent Cleanup for Next Mark 3.273ms
[514.087s][info][gc          ] GC(1154) Concurrent Mark Cycle 78.617ms
[515.499s][info][gc,start    ] GC(1155) Pause Young (Prepare Mixed) (G1 Evacuation Pause)
[515.499s][info][gc,task     ] GC(1155) Using 2 workers of 2 for evacuation
[515.506s][info][gc,phases   ] GC(1155)   Pre Evacuate Collection Set: 0.21ms
[515.506s][info][gc,phases   ] GC(1155)   Merge Heap Roots: 0.23ms
[515.506s][info][gc,phases   ] GC(1155)   Evacuate Collection Set: 5.75ms
[515.506s][info][gc,phases   ] GC(1155)   Post Evacuate Collection Set: 0.49ms
[515.506s][info][gc,phases   ] GC(1155)   Other: 0.09ms
[515.506s][info][gc,heap     ] GC(1155) Eden regions: 270->0(280)
[515.506s][info][gc,heap     ] GC(1155) Survivor regions: 18->8(36)
[515.506s][info][gc,heap     ] GC(1155) Old regions: 124->124
[515.506s][info][gc,heap     ] GC(1155) Humongous regions: 2->1
[515.506s][info][gc,metaspace] GC(1155) Metaspace: 43138K(43520K)->43138K(43520K) NonClass: 40329K(40576K)->40329K(40576K) Class: 2808K(2944K)->2808K(2944K)
[515.506s][info][gc          ] GC(1155) Pause Young (Prepare Mixed) (G1 Evacuation Pause) 413M->133M(480M) 6.934ms
[515.506s][info][gc,cpu      ] GC(1155) User=0.01s Sys=0.00s Real=0.00s
[516.155s][info][gc,start    ] GC(1156) Pause Young (Mixed) (G1 Evacuation Pause)
[516.155s][info][gc,task     ] GC(1156) Using 2 workers of 2 for evacuation
[516.194s][info][gc,phases   ] GC(1156)   Pre Evacuate Collection Set: 0.25ms
[516.194s][info][gc,phases   ] GC(1156)   Merge Heap Roots: 0.10ms
[516.194s][info][gc,phases   ] GC(1156)   Evacuate Collection Set: 38.29ms
[516.194s][info][gc,phases   ] GC(1156)   Post Evacuate Collection Set: 0.55ms
[516.194s][info][gc,phases   ] GC(1156)   Other: 0.09ms
[516.194s][info][gc,heap     ] GC(1156) Eden regions: 280->0(252)
[516.194s][info][gc,heap     ] GC(1156) Survivor regions: 8->36(36)
[516.194s][info][gc,heap     ] GC(1156) Old regions: 124->77
[516.195s][info][gc,heap     ] GC(1156) Humongous regions: 4->4
[516.195s][info][gc,metaspace] GC(1156) Metaspace: 43138K(43520K)->43138K(43520K) NonClass: 40329K(40576K)->40329K(40576K) Class: 2808K(2944K)->2808K(2944K)
[516.195s][info][gc          ] GC(1156) Pause Young (Mixed) (G1 Evacuation Pause) 416M->116M(480M) 39.516ms
[516.195s][info][gc,cpu      ] GC(1156) User=0.07s Sys=0.00s Real=0.04s
[516.752s][info][gc,start    ] GC(1157) Pause Young (Mixed) (G1 Evacuation Pause)
[516.752s][info][gc,task     ] GC(1157) Using 2 workers of 2 for evacuation
[516.817s][info][gc,phases   ] GC(1157)   Pre Evacuate Collection Set: 0.24ms
[516.817s][info][gc,phases   ] GC(1157)   Merge Heap Roots: 0.14ms
[516.817s][info][gc,phases   ] GC(1157)   Evacuate Collection Set: 63.19ms
[516.817s][info][gc,phases   ] GC(1157)   Post Evacuate Collection Set: 0.82ms
[516.817s][info][gc,phases   ] GC(1157)   Other: 0.09ms
[516.817s][info][gc,heap     ] GC(1157) Eden regions: 252->0(259)
[516.817s][info][gc,heap     ] GC(1157) Survivor regions: 36->29(36)
[516.817s][info][gc,heap     ] GC(1157) Old regions: 77->95
[516.817s][info][gc,heap     ] GC(1157) Humongous regions: 6->6
[516.817s][info][gc,metaspace] GC(1157) Metaspace: 43138K(43520K)->43138K(43520K) NonClass: 40329K(40576K)->40329K(40576K) Class: 2808K(2944K)->2808K(2944K)
[516.817s][info][gc          ] GC(1157) Pause Young (Mixed) (G1 Evacuation Pause) 370M->129M(480M) 64.714ms
[516.817s][info][gc,cpu      ] GC(1157) User=0.13s Sys=0.00s Real=0.07s
[516.906s][info][gc,start    ] GC(1158) Pause Young (Concurrent Start) (G1 Humongous Allocation)
[516.907s][info][gc,task     ] GC(1158) Using 2 workers of 2 for evacuation
[516.936s][info][gc,phases   ] GC(1158)   Pre Evacuate Collection Set: 0.25ms
[516.936s][info][gc,phases   ] GC(1158)   Merge Heap Roots: 0.08ms
[516.936s][info][gc,phases   ] GC(1158)   Evacuate Collection Set: 28.93ms
[516.936s][info][gc,phases   ] GC(1158)   Post Evacuate Collection Set: 0.35ms
[516.936s][info][gc,phases   ] GC(1158)   Other: 0.15ms
[516.936s][info][gc,heap     ] GC(1158) Eden regions: 39->0(275)
[516.936s][info][gc,heap     ] GC(1158) Survivor regions: 29->5(36)
[516.936s][info][gc,heap     ] GC(1158) Old regions: 95->124
[516.936s][info][gc,heap     ] GC(1158) Humongous regions: 6->6
[516.936s][info][gc,metaspace] GC(1158) Metaspace: 43138K(43520K)->43138K(43520K) NonClass: 40329K(40576K)->40329K(40576K) Class: 2808K(2944K)->2808K(2944K)
[516.936s][info][gc          ] GC(1158) Pause Young (Concurrent Start) (G1 Humongous Allocation) 168M->134M(480M) 29.957ms
[516.936s][info][gc          ] GC(1159) Concurrent Mark Cycle
[516.936s][info][gc,marking  ] GC(1159) Concurrent Scan Root Regions
[516.939s][info][gc,cpu      ] GC(1158) User=0.06s Sys=0.00s Real=0.04s
[516.963s][info][gc,marking  ] GC(1159) Concurrent Scan Root Regions 26.327ms
[516.963s][info][gc,marking  ] GC(1159) Concurrent Mark
[516.963s][info][gc,marking  ] GC(1159) Concurrent Mark From Roots
[516.963s][info][gc,task     ] GC(1159) Using 1 workers of 1 for marking
[517.032s][info][gc,marking  ] GC(1159) Concurrent Mark From Roots 69.274ms
[517.032s][info][gc,marking  ] GC(1159) Concurrent Preclean
[517.032s][info][gc,marking  ] GC(1159) Concurrent Preclean 0.037ms
[517.032s][info][gc,start    ] GC(1159) Pause Remark
[517.052s][info][gc          ] GC(1159) Pause Remark 161M->143M(404M) 19.441ms
[517.052s][info][gc,cpu      ] GC(1159) User=0.04s Sys=0.00s Real=0.02s
[517.054s][info][gc,marking  ] GC(1159) Concurrent Mark 90.876ms
[517.054s][info][gc,marking  ] GC(1159) Concurrent Rebuild Remembered Sets and Scrub Regions
[517.110s][info][gc,marking  ] GC(1159) Concurrent Rebuild Remembered Sets and Scrub Regions 55.851ms
[517.110s][info][gc,start    ] GC(1159) Pause Cleanup
[517.110s][info][gc          ] GC(1159) Pause Cleanup 171M->171M(404M) 0.070ms
[517.110s][info][gc,cpu      ] GC(1159) User=0.00s Sys=0.00s Real=0.00s
[517.110s][info][gc,marking  ] GC(1159) Concurrent Clear Claimed Marks
[517.110s][info][gc,marking  ] GC(1159) Concurrent Clear Claimed Marks 0.043ms
[517.110s][info][gc,marking  ] GC(1159) Concurrent Cleanup for Next Mark
[517.111s][info][gc,marking  ] GC(1159) Concurrent Cleanup for Next Mark 1.213ms
[517.111s][info][gc          ] GC(1159) Concurrent Mark Cycle 174.714ms
[518.465s][info][gc,start    ] GC(1160) Pause Young (Prepare Mixed) (G1 Evacuation Pause)
[518.465s][info][gc,task     ] GC(1160) Using 2 workers of 2 for evacuation
[518.508s][info][gc,phases   ] GC(1160)   Pre Evacuate Collection Set: 0.21ms
[518.508s][info][gc,phases   ] GC(1160)   Merge Heap Roots: 0.18ms
[518.508s][info][gc,phases   ] GC(1160)   Evacuate Collection Set: 41.48ms
[518.508s][info][gc,phases   ] GC(1160)   Post Evacuate Collection Set: 0.53ms
[518.508s][info][gc,phases   ] GC(1160)   Other: 0.09ms
[518.508s][info][gc,heap     ] GC(1160) Eden regions: 237->0(205)
[518.508s][info][gc,heap     ] GC(1160) Survivor regions: 5->26(31)
[518.508s][info][gc,heap     ] GC(1160) Old regions: 107->107
[518.508s][info][gc,heap     ] GC(1160) Humongous regions: 17->15
[518.508s][info][gc,metaspace] GC(1160) Metaspace: 43138K(43520K)->43138K(43520K) NonClass: 40329K(40576K)->40329K(40576K) Class: 2808K(2944K)->2808K(2944K)
[518.508s][info][gc          ] GC(1160) Pause Young (Prepare Mixed) (G1 Evacuation Pause) 365M->147M(404M) 42.710ms
[518.508s][info][gc,cpu      ] GC(1160) User=0.08s Sys=0.00s Real=0.05s
[519.272s][info][gc,start    ] GC(1161) Pause Young (Mixed) (G1 Evacuation Pause)
[519.272s][info][gc,task     ] GC(1161) Using 2 workers of 2 for evacuation
[519.316s][info][gc,phases   ] GC(1161)   Pre Evacuate Collection Set: 0.21ms
[519.316s][info][gc,phases   ] GC(1161)   Merge Heap Roots: 0.20ms
[519.316s][info][gc,phases   ] GC(1161)   Evacuate Collection Set: 42.40ms
[519.316s][info][gc,phases   ] GC(1161)   Post Evacuate Collection Set: 0.48ms
[519.316s][info][gc,phases   ] GC(1161)   Other: 0.11ms
[519.316s][info][gc,heap     ] GC(1161) Eden regions: 205->0(205)
[519.316s][info][gc,heap     ] GC(1161) Survivor regions: 26->9(29)
[519.316s][info][gc,heap     ] GC(1161) Old regions: 107->128
[519.316s][info][gc,heap     ] GC(1161) Humongous regions: 15->15
[519.316s][info][gc,metaspace] GC(1161) Metaspace: 43138K(43520K)->43138K(43520K) NonClass: 40329K(40576K)->40329K(40576K) Class: 2808K(2944K)->2808K(2944K)
[519.316s][info][gc          ] GC(1161) Pause Young (Mixed) (G1 Evacuation Pause) 352M->151M(404M) 43.616ms
[519.316s][info][gc,cpu      ] GC(1161) User=0.09s Sys=0.00s Real=0.04s
[520.390s][info][gc,start    ] GC(1162) Pause Young (Concurrent Start) (G1 Evacuation Pause)
[520.390s][info][gc,task     ] GC(1162) Using 2 workers of 2 for evacuation
[520.394s][info][gc,phases   ] GC(1162)   Pre Evacuate Collection Set: 0.23ms
[520.394s][info][gc,phases   ] GC(1162)   Merge Heap Roots: 0.06ms
[520.394s][info][gc,phases   ] GC(1162)   Evacuate Collection Set: 3.87ms
[520.394s][info][gc,phases   ] GC(1162)   Post Evacuate Collection Set: 0.41ms
[520.394s][info][gc,phases   ] GC(1162)   Other: 0.09ms
[520.394s][info][gc,heap     ] GC(1162) Eden regions: 205->0(214)
[520.394s][info][gc,heap     ] GC(1162) Survivor regions: 9->7(27)
[520.394s][info][gc,heap     ] GC(1162) Old regions: 128->128
[520.394s][info][gc,heap     ] GC(1162) Humongous regions: 15->15
[520.395s][info][gc,metaspace] GC(1162) Metaspace: 43138K(43520K)->43138K(43520K) NonClass: 40329K(40576K)->40329K(40576K) Class: 2808K(2944K)->2808K(2944K)
[520.395s][info][gc          ] GC(1162) Pause Young (Concurrent Start) (G1 Evacuation Pause) 356M->149M(404M) 4.818ms
[520.395s][info][gc,cpu      ] GC(1162) User=0.01s Sys=0.00s Real=0.00s
[520.395s][info][gc          ] GC(1163) Concurrent Mark Cycle
[520.395s][info][gc,marking  ] GC(1163) Concurrent Scan Root Regions
[520.400s][info][gc,marking  ] GC(1163) Concurrent Scan Root Regions 5.489ms
[520.400s][info][gc,marking  ] GC(1163) Concurrent Mark
[520.400s][info][gc,marking  ] GC(1163) Concurrent Mark From Roots
[520.400s][info][gc,task     ] GC(1163) Using 1 workers of 1 for marking
[520.436s][info][gc,marking  ] GC(1163) Concurrent Mark From Roots 35.422ms
[520.436s][info][gc,marking  ] GC(1163) Concurrent Preclean
[520.436s][info][gc,marking  ] GC(1163) Concurrent Preclean 0.055ms
[520.436s][info][gc,start    ] GC(1163) Pause Remark
[520.453s][info][gc          ] GC(1163) Pause Remark 156M->63M(256M) 17.090ms
[520.453s][info][gc,cpu      ] GC(1163) User=0.04s Sys=0.00s Real=0.02s
[520.453s][info][gc,marking  ] GC(1163) Concurrent Mark 52.741ms
[520.453s][info][gc,marking  ] GC(1163) Concurrent Rebuild Remembered Sets and Scrub Regions
[520.466s][info][gc,marking  ] GC(1163) Concurrent Rebuild Remembered Sets and Scrub Regions 12.682ms
[520.466s][info][gc,start    ] GC(1163) Pause Cleanup
[520.466s][info][gc          ] GC(1163) Pause Cleanup 65M->65M(256M) 0.039ms
[520.466s][info][gc,cpu      ] GC(1163) User=0.00s Sys=0.00s Real=0.00s
[520.466s][info][gc,marking  ] GC(1163) Concurrent Clear Claimed Marks
[520.466s][info][gc,marking  ] GC(1163) Concurrent Clear Claimed Marks 0.034ms
[520.466s][info][gc,marking  ] GC(1163) Concurrent Cleanup for Next Mark
[520.467s][info][gc,marking  ] GC(1163) Concurrent Cleanup for Next Mark 0.733ms
[520.467s][info][gc          ] GC(1163) Concurrent Mark Cycle 72.000ms
[521.166s][info][gc,start    ] GC(1164) Pause Young (Prepare Mixed) (G1 Evacuation Pause)
[521.166s][info][gc,task     ] GC(1164) Using 2 workers of 2 for evacuation
[521.176s][info][gc,phases   ] GC(1164)   Pre Evacuate Collection Set: 0.23ms
[521.176s][info][gc,phases   ] GC(1164)   Merge Heap Roots: 0.07ms
[521.176s][info][gc,phases   ] GC(1164)   Evacuate Collection Set: 9.24ms
[521.176s][info][gc,phases   ] GC(1164)   Post Evacuate Collection Set: 0.37ms
[521.176s][info][gc,phases   ] GC(1164)   Other: 0.07ms
[521.176s][info][gc,heap     ] GC(1164) Eden regions: 146->0(141)
[521.176s][info][gc,heap     ] GC(1164) Survivor regions: 7->12(20)
[521.176s][info][gc,heap     ] GC(1164) Old regions: 49->49
[521.176s][info][gc,heap     ] GC(1164) Humongous regions: 1->1
[521.176s][info][gc,metaspace] GC(1164) Metaspace: 43138K(43520K)->43138K(43520K) NonClass: 40329K(40576K)->40329K(40576K) Class: 2808K(2944K)->2808K(2944K)
[521.176s][info][gc          ] GC(1164) Pause Young (Prepare Mixed) (G1 Evacuation Pause) 202M->62M(256M) 10.191ms
[521.176s][info][gc,cpu      ] GC(1164) User=0.02s Sys=0.00s Real=0.01s
[521.939s][info][gc,start    ] GC(1165) Pause Young (Mixed) (G1 Evacuation Pause)
[521.939s][info][gc,task     ] GC(1165) Using 2 workers of 2 for evacuation
[521.943s][info][gc,phases   ] GC(1165)   Pre Evacuate Collection Set: 0.21ms
[521.943s][info][gc,phases   ] GC(1165)   Merge Heap Roots: 0.08ms
[521.943s][info][gc,phases   ] GC(1165)   Evacuate Collection Set: 3.19ms
[521.943s][info][gc,phases   ] GC(1165)   Post Evacuate Collection Set: 0.40ms
[521.943s][info][gc,phases   ] GC(1165)   Other: 0.07ms
[521.943s][info][gc,heap     ] GC(1165) Eden regions: 141->0(151)
[521.943s][info][gc,heap     ] GC(1165) Survivor regions: 12->2(20)
[521.943s][info][gc,heap     ] GC(1165) Old regions: 49->48
[521.943s][info][gc,heap     ] GC(1165) Humongous regions: 2->1
[521.943s][info][gc,metaspace] GC(1165) Metaspace: 43138K(43520K)->43138K(43520K) NonClass: 40329K(40576K)->40329K(40576K) Class: 2808K(2944K)->2808K(2944K)
[521.943s][info][gc          ] GC(1165) Pause Young (Mixed) (G1 Evacuation Pause) 204M->50M(256M) 4.103ms
[521.943s][info][gc,cpu      ] GC(1165) User=0.01s Sys=0.00s Real=0.00s
[522.763s][info][gc,start    ] GC(1166) Pause Young (Concurrent Start) (G1 Evacuation Pause)
[522.763s][info][gc,task     ] GC(1166) Using 2 workers of 2 for evacuation
[522.778s][info][gc,phases   ] GC(1166)   Pre Evacuate Collection Set: 0.17ms
[522.778s][info][gc,phases   ] GC(1166)   Merge Heap Roots: 0.06ms
[522.778s][info][gc,phases   ] GC(1166)   Evacuate Collection Set: 14.10ms
[522.778s][info][gc,phases   ] GC(1166)   Post Evacuate Collection Set: 0.38ms
[522.778s][info][gc,phases   ] GC(1166)   Other: 0.10ms
[522.778s][info][gc,heap     ] GC(1166) Eden regions: 151->0(139)
[522.778s][info][gc,heap     ] GC(1166) Survivor regions: 2->14(20)
[522.778s][info][gc,heap     ] GC(1166) Old regions: 48->48
[522.778s][info][gc,heap     ] GC(1166) Humongous regions: 1->1
[522.778s][info][gc,metaspace] GC(1166) Metaspace: 43138K(43520K)->43138K(43520K) NonClass: 40329K(40576K)->40329K(40576K) Class: 2808K(2944K)->2808K(2944K)
[522.778s][info][gc          ] GC(1166) Pause Young (Concurrent Start) (G1 Evacuation Pause) 201M->62M(256M) 15.053ms
[522.778s][info][gc,cpu      ] GC(1166) User=0.03s Sys=0.00s Real=0.02s
[522.778s][info][gc          ] GC(1167) Concurrent Mark Cycle
[522.778s][info][gc,marking  ] GC(1167) Concurrent Scan Root Regions
[522.788s][info][gc,marking  ] GC(1167) Concurrent Scan Root Regions 10.278ms
[522.788s][info][gc,marking  ] GC(1167) Concurrent Mark
[522.788s][info][gc,marking  ] GC(1167) Concurrent Mark From Roots
[522.788s][info][gc,task     ] GC(1167) Using 1 workers of 1 for marking
[522.826s][info][gc,marking  ] GC(1167) Concurrent Mark From Roots 38.331ms
[522.826s][info][gc,marking  ] GC(1167) Concurrent Preclean
[522.826s][info][gc,marking  ] GC(1167) Concurrent Preclean 0.035ms
[522.827s][info][gc,start    ] GC(1167) Pause Remark
[522.843s][info][gc          ] GC(1167) Pause Remark 71M->71M(256M) 16.410ms
[522.843s][info][gc,cpu      ] GC(1167) User=0.03s Sys=0.00s Real=0.02s
[522.843s][info][gc,marking  ] GC(1167) Concurrent Mark 55.109ms
[522.843s][info][gc,marking  ] GC(1167) Concurrent Rebuild Remembered Sets and Scrub Regions
[522.858s][info][gc,marking  ] GC(1167) Concurrent Rebuild Remembered Sets and Scrub Regions 15.138ms
[522.858s][info][gc,start    ] GC(1167) Pause Cleanup
[522.858s][info][gc          ] GC(1167) Pause Cleanup 74M->74M(256M) 0.033ms
[522.858s][info][gc,cpu      ] GC(1167) User=0.00s Sys=0.00s Real=0.00s
[522.858s][info][gc,marking  ] GC(1167) Concurrent Clear Claimed Marks
[522.858s][info][gc,marking  ] GC(1167) Concurrent Clear Claimed Marks 0.034ms
[522.859s][info][gc,marking  ] GC(1167) Concurrent Cleanup for Next Mark
[522.859s][info][gc,marking  ] GC(1167) Concurrent Cleanup for Next Mark 0.737ms
[522.859s][info][gc          ] GC(1167) Concurrent Mark Cycle 81.501ms
[523.463s][info][gc,start    ] GC(1168) Pause Young (Prepare Mixed) (G1 Evacuation Pause)
[523.464s][info][gc,task     ] GC(1168) Using 2 workers of 2 for evacuation
[523.480s][info][gc,phases   ] GC(1168)   Pre Evacuate Collection Set: 0.19ms
[523.480s][info][gc,phases   ] GC(1168)   Merge Heap Roots: 0.07ms
[523.480s][info][gc,phases   ] GC(1168)   Evacuate Collection Set: 15.64ms
[523.480s][info][gc,phases   ] GC(1168)   Post Evacuate Collection Set: 0.44ms
[523.480s][info][gc,phases   ] GC(1168)   Other: 0.08ms
[523.480s][info][gc,heap     ] GC(1168) Eden regions: 139->0(136)
[523.480s][info][gc,heap     ] GC(1168) Survivor regions: 14->17(20)
[523.480s][info][gc,heap     ] GC(1168) Old regions: 48->49
[523.480s][info][gc,heap     ] GC(1168) Humongous regions: 5->3
[523.480s][info][gc,metaspace] GC(1168) Metaspace: 43138K(43520K)->43138K(43520K) NonClass: 40329K(40576K)->40329K(40576K) Class: 2808K(2944K)->2808K(2944K)
[523.480s][info][gc          ] GC(1168) Pause Young (Prepare Mixed) (G1 Evacuation Pause) 205M->68M(256M) 16.631ms
[523.480s][info][gc,cpu      ] GC(1168) User=0.04s Sys=0.00s Real=0.02s
[524.001s][info][gc,start    ] GC(1169) Pause Young (Mixed) (G1 Evacuation Pause)
[524.001s][info][gc,task     ] GC(1169) Using 2 workers of 2 for evacuation
[524.034s][info][gc,phases   ] GC(1169)   Pre Evacuate Collection Set: 0.22ms
[524.034s][info][gc,phases   ] GC(1169)   Merge Heap Roots: 0.13ms
[524.034s][info][gc,phases   ] GC(1169)   Evacuate Collection Set: 32.39ms
[524.034s][info][gc,phases   ] GC(1169)   Post Evacuate Collection Set: 0.56ms
[524.034s][info][gc,phases   ] GC(1169)   Other: 0.09ms
[524.034s][info][gc,heap     ] GC(1169) Eden regions: 136->0(149)
[524.034s][info][gc,heap     ] GC(1169) Survivor regions: 17->4(20)
[524.034s][info][gc,heap     ] GC(1169) Old regions: 49->56
[524.034s][info][gc,heap     ] GC(1169) Humongous regions: 13->3
[524.034s][info][gc,metaspace] GC(1169) Metaspace: 43138K(43520K)->43138K(43520K) NonClass: 40329K(40576K)->40329K(40576K) Class: 2808K(2944K)->2808K(2944K)
[524.035s][info][gc          ] GC(1169) Pause Young (Mixed) (G1 Evacuation Pause) 214M->62M(256M) 33.575ms
[524.035s][info][gc,cpu      ] GC(1169) User=0.03s Sys=0.00s Real=0.03s
[524.065s][info][gc,start    ] GC(1170) Pause Young (Concurrent Start) (G1 Humongous Allocation)
[524.065s][info][gc,task     ] GC(1170) Using 2 workers of 2 for evacuation
[524.068s][info][gc,phases   ] GC(1170)   Pre Evacuate Collection Set: 0.18ms
[524.068s][info][gc,phases   ] GC(1170)   Merge Heap Roots: 0.05ms
[524.068s][info][gc,phases   ] GC(1170)   Evacuate Collection Set: 1.68ms
[524.068s][info][gc,phases   ] GC(1170)   Post Evacuate Collection Set: 0.25ms
[524.068s][info][gc,phases   ] GC(1170)   Other: 0.09ms
[524.068s][info][gc,heap     ] GC(1170) Eden regions: 8->0(151)
[524.068s][info][gc,heap     ] GC(1170) Survivor regions: 4->2(20)
[524.068s][info][gc,heap     ] GC(1170) Old regions: 56->56
[524.068s][info][gc,heap     ] GC(1170) Humongous regions: 3->1
[524.068s][info][gc,metaspace] GC(1170) Metaspace: 43138K(43520K)->43138K(43520K) NonClass: 40329K(40576K)->40329K(40576K) Class: 2808K(2944K)->2808K(2944K)
[524.068s][info][gc          ] GC(1170) Pause Young (Concurrent Start) (G1 Humongous Allocation) 70M->58M(256M) 2.423ms
[524.068s][info][gc          ] GC(1171) Concurrent Mark Cycle
[524.068s][info][gc,marking  ] GC(1171) Concurrent Scan Root Regions
[524.069s][info][gc,cpu      ] GC(1170) User=0.01s Sys=0.00s Real=0.01s
[524.069s][info][gc,marking  ] GC(1171) Concurrent Scan Root Regions 1.390ms
[524.069s][info][gc,marking  ] GC(1171) Concurrent Mark
[524.069s][info][gc,marking  ] GC(1171) Concurrent Mark From Roots
[524.069s][info][gc,task     ] GC(1171) Using 1 workers of 1 for marking
[524.113s][info][gc,marking  ] GC(1171) Concurrent Mark From Roots 43.957ms
[524.113s][info][gc,marking  ] GC(1171) Concurrent Preclean
[524.113s][info][gc,marking  ] GC(1171) Concurrent Preclean 0.037ms
[524.113s][info][gc,start    ] GC(1171) Pause Remark
[524.129s][info][gc          ] GC(1171) Pause Remark 71M->67M(256M) 15.861ms
[524.129s][info][gc,cpu      ] GC(1171) User=0.03s Sys=0.00s Real=0.02s
[524.129s][info][gc,marking  ] GC(1171) Concurrent Mark 60.100ms
[524.129s][info][gc,marking  ] GC(1171) Concurrent Rebuild Remembered Sets and Scrub Regions
[524.145s][info][gc,marking  ] GC(1171) Concurrent Rebuild Remembered Sets and Scrub Regions 16.040ms
[524.145s][info][gc,start    ] GC(1171) Pause Cleanup
[524.146s][info][gc          ] GC(1171) Pause Cleanup 70M->70M(256M) 0.044ms
[524.146s][info][gc,cpu      ] GC(1171) User=0.00s Sys=0.00s Real=0.00s
[524.146s][info][gc,marking  ] GC(1171) Concurrent Clear Claimed Marks
[524.146s][info][gc,marking  ] GC(1171) Concurrent Clear Claimed Marks 0.035ms
[524.146s][info][gc,marking  ] GC(1171) Concurrent Cleanup for Next Mark
[524.146s][info][gc,marking  ] GC(1171) Concurrent Cleanup for Next Mark 0.763ms
[524.146s][info][gc          ] GC(1171) Concurrent Mark Cycle 78.630ms
[524.680s][info][gc,start    ] GC(1172) Pause Young (Prepare Mixed) (G1 Evacuation Pause)
[524.680s][info][gc,task     ] GC(1172) Using 2 workers of 2 for evacuation
[524.684s][info][gc,phases   ] GC(1172)   Pre Evacuate Collection Set: 0.21ms
[524.684s][info][gc,phases   ] GC(1172)   Merge Heap Roots: 0.10ms
[524.684s][info][gc,phases   ] GC(1172)   Evacuate Collection Set: 3.51ms
[524.684s][info][gc,phases   ] GC(1172)   Post Evacuate Collection Set: 0.41ms
[524.684s][info][gc,phases   ] GC(1172)   Other: 0.08ms
[524.684s][info][gc,heap     ] GC(1172) Eden regions: 151->0(150)
[524.684s][info][gc,heap     ] GC(1172) Survivor regions: 2->3(20)
[524.684s][info][gc,heap     ] GC(1172) Old regions: 52->52
[524.684s][info][gc,heap     ] GC(1172) Humongous regions: 11->3
[524.684s][info][gc,metaspace] GC(1172) Metaspace: 43138K(43520K)->43138K(43520K) NonClass: 40329K(40576K)->40329K(40576K) Class: 2808K(2944K)->2808K(2944K)
[524.684s][info][gc          ] GC(1172) Pause Young (Prepare Mixed) (G1 Evacuation Pause) 215M->57M(256M) 4.459ms
[524.684s][info][gc,cpu      ] GC(1172) User=0.01s Sys=0.00s Real=0.00s
[525.230s][info][gc,start    ] GC(1173) Pause Young (Mixed) (G1 Evacuation Pause)
[525.230s][info][gc,task     ] GC(1173) Using 2 workers of 2 for evacuation
[525.236s][info][gc,phases   ] GC(1173)   Pre Evacuate Collection Set: 0.16ms
[525.236s][info][gc,phases   ] GC(1173)   Merge Heap Roots: 0.07ms
[525.236s][info][gc,phases   ] GC(1173)   Evacuate Collection Set: 5.86ms
[525.236s][info][gc,phases   ] GC(1173)   Post Evacuate Collection Set: 0.44ms
[525.236s][info][gc,phases   ] GC(1173)   Other: 0.07ms
[525.236s][info][gc,heap     ] GC(1173) Eden regions: 150->0(147)
[525.236s][info][gc,heap     ] GC(1173) Survivor regions: 3->6(20)
[525.236s][info][gc,heap     ] GC(1173) Old regions: 52->42
[525.236s][info][gc,heap     ] GC(1173) Humongous regions: 11->3
[525.236s][info][gc,metaspace] GC(1173) Metaspace: 43138K(43520K)->43138K(43520K) NonClass: 40329K(40576K)->40329K(40576K) Class: 2808K(2944K)->2808K(2944K)
[525.237s][info][gc          ] GC(1173) Pause Young (Mixed) (G1 Evacuation Pause) 215M->50M(256M) 6.758ms
[525.237s][info][gc,cpu      ] GC(1173) User=0.01s Sys=0.00s Real=0.00s
[525.783s][info][gc,start    ] GC(1174) Pause Young (Concurrent Start) (G1 Evacuation Pause)
[525.783s][info][gc,task     ] GC(1174) Using 2 workers of 2 for evacuation
[525.805s][info][gc,phases   ] GC(1174)   Pre Evacuate Collection Set: 0.17ms
[525.805s][info][gc,phases   ] GC(1174)   Merge Heap Roots: 0.07ms
[525.805s][info][gc,phases   ] GC(1174)   Evacuate Collection Set: 21.14ms
[525.805s][info][gc,phases   ] GC(1174)   Post Evacuate Collection Set: 0.42ms
[525.805s][info][gc,phases   ] GC(1174)   Other: 0.09ms
[525.805s][info][gc,heap     ] GC(1174) Eden regions: 147->0(133)
[525.805s][info][gc,heap     ] GC(1174) Survivor regions: 6->20(20)
[525.805s][info][gc,heap     ] GC(1174) Old regions: 42->44
[525.805s][info][gc,heap     ] GC(1174) Humongous regions: 3->3
[525.805s][info][gc,metaspace] GC(1174) Metaspace: 43138K(43520K)->43138K(43520K) NonClass: 40329K(40576K)->40329K(40576K) Class: 2808K(2944K)->2808K(2944K)
[525.805s][info][gc          ] GC(1174) Pause Young (Concurrent Start) (G1 Evacuation Pause) 197M->66M(256M) 22.047ms
[525.805s][info][gc,cpu      ] GC(1174) User=0.05s Sys=0.00s Real=0.02s
[525.805s][info][gc          ] GC(1175) Concurrent Mark Cycle
[525.805s][info][gc,marking  ] GC(1175) Concurrent Scan Root Regions
[525.822s][info][gc,marking  ] GC(1175) Concurrent Scan Root Regions 16.176ms
[525.822s][info][gc,marking  ] GC(1175) Concurrent Mark
[525.822s][info][gc,marking  ] GC(1175) Concurrent Mark From Roots
[525.822s][info][gc,task     ] GC(1175) Using 1 workers of 1 for marking
[525.861s][info][gc,marking  ] GC(1175) Concurrent Mark From Roots 39.667ms
[525.861s][info][gc,marking  ] GC(1175) Concurrent Preclean
[525.861s][info][gc,marking  ] GC(1175) Concurrent Preclean 0.035ms
[525.862s][info][gc,start    ] GC(1175) Pause Remark
[525.878s][info][gc          ] GC(1175) Pause Remark 74M->74M(256M) 16.151ms
[525.878s][info][gc,cpu      ] GC(1175) User=0.03s Sys=0.00s Real=0.02s
[525.878s][info][gc,marking  ] GC(1175) Concurrent Mark 56.131ms
[525.878s][info][gc,marking  ] GC(1175) Concurrent Rebuild Remembered Sets and Scrub Regions
[525.895s][info][gc,marking  ] GC(1175) Concurrent Rebuild Remembered Sets and Scrub Regions 17.200ms
[525.895s][info][gc,start    ] GC(1175) Pause Cleanup
[525.895s][info][gc          ] GC(1175) Pause Cleanup 76M->76M(256M) 0.040ms
[525.895s][info][gc,cpu      ] GC(1175) User=0.00s Sys=0.00s Real=0.00s
[525.895s][info][gc,marking  ] GC(1175) Concurrent Clear Claimed Marks
[525.895s][info][gc,marking  ] GC(1175) Concurrent Clear Claimed Marks 0.035ms
[525.895s][info][gc,marking  ] GC(1175) Concurrent Cleanup for Next Mark
[525.896s][info][gc,marking  ] GC(1175) Concurrent Cleanup for Next Mark 0.789ms
[525.896s][info][gc          ] GC(1175) Concurrent Mark Cycle 90.658ms
[526.316s][info][gc,start    ] GC(1176) Pause Young (Prepare Mixed) (G1 Evacuation Pause)
[526.316s][info][gc,task     ] GC(1176) Using 2 workers of 2 for evacuation
[526.337s][info][gc,phases   ] GC(1176)   Pre Evacuate Collection Set: 0.19ms
[526.337s][info][gc,phases   ] GC(1176)   Merge Heap Roots: 0.09ms
[526.337s][info][gc,phases   ] GC(1176)   Evacuate Collection Set: 20.39ms
[526.337s][info][gc,phases   ] GC(1176)   Post Evacuate Collection Set: 0.44ms
[526.337s][info][gc,phases   ] GC(1176)   Other: 0.09ms
[526.337s][info][gc,heap     ] GC(1176) Eden regions: 133->0(147)
[526.337s][info][gc,heap     ] GC(1176) Survivor regions: 20->6(20)
[526.337s][info][gc,heap     ] GC(1176) Old regions: 44->58
[526.337s][info][gc,heap     ] GC(1176) Humongous regions: 15->3
[526.337s][info][gc,metaspace] GC(1176) Metaspace: 43138K(43520K)->43138K(43520K) NonClass: 40329K(40576K)->40329K(40576K) Class: 2808K(2944K)->2808K(2944K)
[526.337s][info][gc          ] GC(1176) Pause Young (Prepare Mixed) (G1 Evacuation Pause) 211M->67M(256M) 21.394ms
[526.337s][info][gc,cpu      ] GC(1176) User=0.04s Sys=0.01s Real=0.03s
[526.799s][info][gc,start    ] GC(1177) Pause Young (Mixed) (G1 Evacuation Pause)
[526.799s][info][gc,task     ] GC(1177) Using 2 workers of 2 for evacuation
[526.812s][info][gc,phases   ] GC(1177)   Pre Evacuate Collection Set: 0.17ms
[526.812s][info][gc,phases   ] GC(1177)   Merge Heap Roots: 0.08ms
[526.812s][info][gc,phases   ] GC(1177)   Evacuate Collection Set: 12.54ms
[526.812s][info][gc,phases   ] GC(1177)   Post Evacuate Collection Set: 0.44ms
[526.812s][info][gc,phases   ] GC(1177)   Other: 0.07ms
[526.812s][info][gc,heap     ] GC(1177) Eden regions: 147->0(141)
[526.812s][info][gc,heap     ] GC(1177) Survivor regions: 6->12(20)
[526.812s][info][gc,heap     ] GC(1177) Old regions: 58->56
[526.812s][info][gc,heap     ] GC(1177) Humongous regions: 15->3
[526.812s][info][gc,metaspace] GC(1177) Metaspace: 43138K(43520K)->43138K(43520K) NonClass: 40329K(40576K)->40329K(40576K) Class: 2808K(2944K)->2808K(2944K)
[526.812s][info][gc          ] GC(1177) Pause Young (Mixed) (G1 Evacuation Pause) 225M->70M(256M) 13.454ms
[526.812s][info][gc,cpu      ] GC(1177) User=0.02s Sys=0.01s Real=0.01s
[526.986s][info][gc,start    ] GC(1178) Pause Young (Concurrent Start) (G1 Humongous Allocation)
[526.986s][info][gc,task     ] GC(1178) Using 2 workers of 2 for evacuation
[526.993s][info][gc,phases   ] GC(1178)   Pre Evacuate Collection Set: 0.20ms
[526.993s][info][gc,phases   ] GC(1178)   Merge Heap Roots: 0.09ms
[526.994s][info][gc,phases   ] GC(1178)   Evacuate Collection Set: 6.69ms
[526.994s][info][gc,phases   ] GC(1178)   Post Evacuate Collection Set: 0.31ms
[526.994s][info][gc,phases   ] GC(1178)   Other: 0.08ms
[526.994s][info][gc,heap     ] GC(1178) Eden regions: 44->0(151)
[526.994s][info][gc,heap     ] GC(1178) Survivor regions: 12->2(20)
[526.994s][info][gc,heap     ] GC(1178) Old regions: 56->60
[526.994s][info][gc,heap     ] GC(1178) Humongous regions: 3->1
[526.994s][info][gc,metaspace] GC(1178) Metaspace: 43138K(43520K)->43138K(43520K) NonClass: 40329K(40576K)->40329K(40576K) Class: 2808K(2944K)->2808K(2944K)
[526.994s][info][gc          ] GC(1178) Pause Young (Concurrent Start) (G1 Humongous Allocation) 114M->63M(256M) 7.537ms
[526.994s][info][gc,cpu      ] GC(1178) User=0.02s Sys=0.00s Real=0.01s
[526.994s][info][gc          ] GC(1179) Concurrent Mark Cycle
[526.994s][info][gc,marking  ] GC(1179) Concurrent Scan Root Regions
[527.000s][info][gc,marking  ] GC(1179) Concurrent Scan Root Regions 5.969ms
[527.000s][info][gc,marking  ] GC(1179) Concurrent Mark
[527.000s][info][gc,marking  ] GC(1179) Concurrent Mark From Roots
[527.000s][info][gc,task     ] GC(1179) Using 1 workers of 1 for marking
[527.064s][info][gc,marking  ] GC(1179) Concurrent Mark From Roots 64.583ms
[527.064s][info][gc,marking  ] GC(1179) Concurrent Preclean
[527.064s][info][gc,marking  ] GC(1179) Concurrent Preclean 0.033ms
[527.064s][info][gc,start    ] GC(1179) Pause Remark
[527.081s][info][gc          ] GC(1179) Pause Remark 82M->82M(256M) 16.079ms
[527.081s][info][gc,cpu      ] GC(1179) User=0.03s Sys=0.00s Real=0.02s
[527.081s][info][gc,marking  ] GC(1179) Concurrent Mark 80.990ms
[527.081s][info][gc,marking  ] GC(1179) Concurrent Rebuild Remembered Sets and Scrub Regions
[527.110s][info][gc,marking  ] GC(1179) Concurrent Rebuild Remembered Sets and Scrub Regions 29.610ms
[527.110s][info][gc,start    ] GC(1179) Pause Cleanup
[527.110s][info][gc          ] GC(1179) Pause Cleanup 90M->90M(256M) 0.040ms
[527.110s][info][gc,cpu      ] GC(1179) User=0.00s Sys=0.00s Real=0.00s
[527.110s][info][gc,marking  ] GC(1179) Concurrent Clear Claimed Marks
[527.110s][info][gc,marking  ] GC(1179) Concurrent Clear Claimed Marks 0.036ms
[527.110s][info][gc,marking  ] GC(1179) Concurrent Cleanup for Next Mark
[527.111s][info][gc,marking  ] GC(1179) Concurrent Cleanup for Next Mark 0.804ms
[527.111s][info][gc          ] GC(1179) Concurrent Mark Cycle 117.688ms
[527.586s][info][gc,start    ] GC(1180) Pause Young (Prepare Mixed) (G1 Evacuation Pause)
[527.586s][info][gc,task     ] GC(1180) Using 2 workers of 2 for evacuation
[527.594s][info][gc,phases   ] GC(1180)   Pre Evacuate Collection Set: 0.16ms
[527.594s][info][gc,phases   ] GC(1180)   Merge Heap Roots: 0.06ms
[527.594s][info][gc,phases   ] GC(1180)   Evacuate Collection Set: 6.61ms
[527.594s][info][gc,phases   ] GC(1180)   Post Evacuate Collection Set: 0.49ms
[527.594s][info][gc,phases   ] GC(1180)   Other: 0.10ms
[527.594s][info][gc,heap     ] GC(1180) Eden regions: 151->0(144)
[527.594s][info][gc,heap     ] GC(1180) Survivor regions: 2->9(20)
[527.594s][info][gc,heap     ] GC(1180) Old regions: 60->60
[527.594s][info][gc,heap     ] GC(1180) Humongous regions: 15->3
[527.594s][info][gc,metaspace] GC(1180) Metaspace: 43138K(43520K)->43138K(43520K) NonClass: 40329K(40576K)->40329K(40576K) Class: 2808K(2944K)->2808K(2944K)
[527.594s][info][gc          ] GC(1180) Pause Young (Prepare Mixed) (G1 Evacuation Pause) 228M->72M(256M) 7.582ms
[527.594s][info][gc,cpu      ] GC(1180) User=0.02s Sys=0.00s Real=0.01s
[528.083s][info][gc,start    ] GC(1181) Pause Young (Mixed) (G1 Evacuation Pause)
[528.083s][info][gc,task     ] GC(1181) Using 2 workers of 2 for evacuation
[528.118s][info][gc,phases   ] GC(1181)   Pre Evacuate Collection Set: 0.20ms
[528.118s][info][gc,phases   ] GC(1181)   Merge Heap Roots: 0.12ms
[528.118s][info][gc,phases   ] GC(1181)   Evacuate Collection Set: 34.96ms
[528.118s][info][gc,phases   ] GC(1181)   Post Evacuate Collection Set: 0.47ms
[528.118s][info][gc,phases   ] GC(1181)   Other: 0.10ms
[528.118s][info][gc,heap     ] GC(1181) Eden regions: 144->0(133)
[528.119s][info][gc,heap     ] GC(1181) Survivor regions: 9->20(20)
[528.119s][info][gc,heap     ] GC(1181) Old regions: 60->63
[528.119s][info][gc,heap     ] GC(1181) Humongous regions: 3->3
[528.119s][info][gc,metaspace] GC(1181) Metaspace: 43138K(43520K)->43138K(43520K) NonClass: 40329K(40576K)->40329K(40576K) Class: 2808K(2944K)->2808K(2944K)
[528.119s][info][gc          ] GC(1181) Pause Young (Mixed) (G1 Evacuation Pause) 216M->85M(256M) 36.030ms
[528.119s][info][gc,cpu      ] GC(1181) User=0.05s Sys=0.00s Real=0.04s
[528.654s][info][gc,start    ] GC(1182) Pause Young (Concurrent Start) (G1 Evacuation Pause)
[528.654s][info][gc,task     ] GC(1182) Using 2 workers of 2 for evacuation
[528.677s][info][gc,phases   ] GC(1182)   Pre Evacuate Collection Set: 0.17ms
[528.678s][info][gc,phases   ] GC(1182)   Merge Heap Roots: 0.12ms
[528.678s][info][gc,phases   ] GC(1182)   Evacuate Collection Set: 22.57ms
[528.678s][info][gc,phases   ] GC(1182)   Post Evacuate Collection Set: 0.42ms
[528.678s][info][gc,phases   ] GC(1182)   Other: 0.09ms
[528.678s][info][gc,heap     ] GC(1182) Eden regions: 133->0(131)
[528.678s][info][gc,heap     ] GC(1182) Survivor regions: 20->12(20)
[528.678s][info][gc,heap     ] GC(1182) Old regions: 63->74
[528.678s][info][gc,heap     ] GC(1182) Humongous regions: 3->3
[528.678s][info][gc,metaspace] GC(1182) Metaspace: 43138K(43520K)->43138K(43520K) NonClass: 40329K(40576K)->40329K(40576K) Class: 2808K(2944K)->2808K(2944K)
[528.678s][info][gc          ] GC(1182) Pause Young (Concurrent Start) (G1 Evacuation Pause) 218M->88M(256M) 23.580ms
[528.678s][info][gc          ] GC(1183) Concurrent Mark Cycle
[528.678s][info][gc,marking  ] GC(1183) Concurrent Scan Root Regions
[528.680s][info][gc,cpu      ] GC(1182) User=0.05s Sys=0.00s Real=0.03s
[528.695s][info][gc,marking  ] GC(1183) Concurrent Scan Root Regions 17.760ms
[528.695s][info][gc,marking  ] GC(1183) Concurrent Mark
[528.695s][info][gc,marking  ] GC(1183) Concurrent Mark From Roots
[528.695s][info][gc,task     ] GC(1183) Using 1 workers of 1 for marking
[528.758s][info][gc,marking  ] GC(1183) Concurrent Mark From Roots 62.789ms
[528.758s][info][gc,marking  ] GC(1183) Concurrent Preclean
[528.758s][info][gc,marking  ] GC(1183) Concurrent Preclean 0.037ms
[528.758s][info][gc,start    ] GC(1183) Pause Remark
[528.775s][info][gc          ] GC(1183) Pause Remark 106M->99M(256M) 16.146ms
[528.775s][info][gc,cpu      ] GC(1183) User=0.03s Sys=0.00s Real=0.01s
[528.775s][info][gc,marking  ] GC(1183) Concurrent Mark 79.391ms
[528.775s][info][gc,marking  ] GC(1183) Concurrent Rebuild Remembered Sets and Scrub Regions
[528.807s][info][gc,marking  ] GC(1183) Concurrent Rebuild Remembered Sets and Scrub Regions 31.824ms
[528.807s][info][gc,start    ] GC(1183) Pause Cleanup
[528.807s][info][gc          ] GC(1183) Pause Cleanup 107M->107M(256M) 0.057ms
[528.807s][info][gc,cpu      ] GC(1183) User=0.00s Sys=0.00s Real=0.00s
[528.807s][info][gc,marking  ] GC(1183) Concurrent Clear Claimed Marks
[528.807s][info][gc,marking  ] GC(1183) Concurrent Clear Claimed Marks 0.041ms
[528.807s][info][gc,marking  ] GC(1183) Concurrent Cleanup for Next Mark
[528.808s][info][gc,marking  ] GC(1183) Concurrent Cleanup for Next Mark 0.901ms
[528.808s][info][gc          ] GC(1183) Concurrent Mark Cycle 130.299ms
[529.159s][info][gc,start    ] GC(1184) Pause Young (Prepare Mixed) (G1 Evacuation Pause)
[529.160s][info][gc,task     ] GC(1184) Using 2 workers of 2 for evacuation
[529.183s][info][gc,phases   ] GC(1184)   Pre Evacuate Collection Set: 0.18ms
[529.183s][info][gc,phases   ] GC(1184)   Merge Heap Roots: 0.13ms
[529.183s][info][gc,phases   ] GC(1184)   Evacuate Collection Set: 22.90ms
[529.183s][info][gc,phases   ] GC(1184)   Post Evacuate Collection Set: 0.40ms
[529.183s][info][gc,phases   ] GC(1184)   Other: 0.07ms
[529.183s][info][gc,heap     ] GC(1184) Eden regions: 131->0(124)
[529.183s][info][gc,heap     ] GC(1184) Survivor regions: 12->15(18)
[529.183s][info][gc,heap     ] GC(1184) Old regions: 67->78
[529.183s][info][gc,heap     ] GC(1184) Humongous regions: 7->3
[529.183s][info][gc,metaspace] GC(1184) Metaspace: 43138K(43520K)->43138K(43520K) NonClass: 40329K(40576K)->40329K(40576K) Class: 2808K(2944K)->2808K(2944K)
[529.183s][info][gc          ] GC(1184) Pause Young (Prepare Mixed) (G1 Evacuation Pause) 216M->95M(256M) 23.860ms
[529.183s][info][gc,cpu      ] GC(1184) User=0.05s Sys=0.00s Real=0.02s
[529.585s][info][gc,start    ] GC(1185) Pause Young (Mixed) (G1 Evacuation Pause)
[529.585s][info][gc,task     ] GC(1185) Using 2 workers of 2 for evacuation
[529.597s][info][gc,phases   ] GC(1185)   Pre Evacuate Collection Set: 0.16ms
[529.597s][info][gc,phases   ] GC(1185)   Merge Heap Roots: 0.10ms
[529.597s][info][gc,phases   ] GC(1185)   Evacuate Collection Set: 11.65ms
[529.597s][info][gc,phases   ] GC(1185)   Post Evacuate Collection Set: 0.38ms
[529.597s][info][gc,phases   ] GC(1185)   Other: 0.07ms
[529.597s][info][gc,heap     ] GC(1185) Eden regions: 124->0(134)
[529.597s][info][gc,heap     ] GC(1185) Survivor regions: 15->6(18)
[529.597s][info][gc,heap     ] GC(1185) Old regions: 78->76
[529.597s][info][gc,heap     ] GC(1185) Humongous regions: 11->3
[529.597s][info][gc,metaspace] GC(1185) Metaspace: 43138K(43520K)->43138K(43520K) NonClass: 40329K(40576K)->40329K(40576K) Class: 2808K(2944K)->2808K(2944K)
[529.597s][info][gc          ] GC(1185) Pause Young (Mixed) (G1 Evacuation Pause) 227M->84M(256M) 12.524ms
[529.597s][info][gc,cpu      ] GC(1185) User=0.03s Sys=0.00s Real=0.02s
[529.712s][info][gc,start    ] GC(1186) Pause Young (Concurrent Start) (G1 Humongous Allocation)
[529.712s][info][gc,task     ] GC(1186) Using 2 workers of 2 for evacuation
[529.714s][info][gc,phases   ] GC(1186)   Pre Evacuate Collection Set: 0.19ms
[529.714s][info][gc,phases   ] GC(1186)   Merge Heap Roots: 0.05ms
[529.714s][info][gc,phases   ] GC(1186)   Evacuate Collection Set: 1.53ms
[529.714s][info][gc,phases   ] GC(1186)   Post Evacuate Collection Set: 0.28ms
[529.714s][info][gc,phases   ] GC(1186)   Other: 0.07ms
[529.714s][info][gc,heap     ] GC(1186) Eden regions: 29->0(144)
[529.714s][info][gc,heap     ] GC(1186) Survivor regions: 6->2(18)
[529.714s][info][gc,heap     ] GC(1186) Old regions: 76->76
[529.714s][info][gc,heap     ] GC(1186) Humongous regions: 3->1
[529.714s][info][gc,metaspace] GC(1186) Metaspace: 43138K(43520K)->43138K(43520K) NonClass: 40329K(40576K)->40329K(40576K) Class: 2808K(2944K)->2808K(2944K)
[529.714s][info][gc          ] GC(1186) Pause Young (Concurrent Start) (G1 Humongous Allocation) 113M->78M(256M) 2.298ms
[529.714s][info][gc          ] GC(1187) Concurrent Mark Cycle
[529.714s][info][gc,marking  ] GC(1187) Concurrent Scan Root Regions
[529.716s][info][gc,marking  ] GC(1187) Concurrent Scan Root Regions 1.467ms
[529.716s][info][gc,marking  ] GC(1187) Concurrent Mark
[529.716s][info][gc,marking  ] GC(1187) Concurrent Mark From Roots
[529.716s][info][gc,task     ] GC(1187) Using 1 workers of 1 for marking
[529.716s][info][gc,cpu      ] GC(1186) User=0.01s Sys=0.00s Real=0.00s
[529.773s][info][gc,marking  ] GC(1187) Concurrent Mark From Roots 56.852ms
[529.773s][info][gc,marking  ] GC(1187) Concurrent Preclean
[529.773s][info][gc,marking  ] GC(1187) Concurrent Preclean 0.038ms
[529.773s][info][gc,start    ] GC(1187) Pause Remark
[529.789s][info][gc          ] GC(1187) Pause Remark 98M->87M(256M) 16.348ms
[529.789s][info][gc,cpu      ] GC(1187) User=0.03s Sys=0.00s Real=0.02s
[529.789s][info][gc,marking  ] GC(1187) Concurrent Mark 73.539ms
[529.789s][info][gc,marking  ] GC(1187) Concurrent Rebuild Remembered Sets and Scrub Regions
[529.810s][info][gc,marking  ] GC(1187) Concurrent Rebuild Remembered Sets and Scrub Regions 20.571ms
[529.810s][info][gc,start    ] GC(1187) Pause Cleanup
[529.810s][info][gc          ] GC(1187) Pause Cleanup 91M->91M(256M) 0.048ms
[529.810s][info][gc,cpu      ] GC(1187) User=0.00s Sys=0.00s Real=0.00s
[529.810s][info][gc,marking  ] GC(1187) Concurrent Clear Claimed Marks
[529.810s][info][gc,marking  ] GC(1187) Concurrent Clear Claimed Marks 0.035ms
[529.810s][info][gc,marking  ] GC(1187) Concurrent Cleanup for Next Mark
[529.811s][info][gc,marking  ] GC(1187) Concurrent Cleanup for Next Mark 0.780ms
[529.811s][info][gc          ] GC(1187) Concurrent Mark Cycle 96.714ms
[530.254s][info][gc,start    ] GC(1188) Pause Young (Prepare Mixed) (G1 Evacuation Pause)
[530.254s][info][gc,task     ] GC(1188) Using 2 workers of 2 for evacuation
[530.268s][info][gc,phases   ] GC(1188)   Pre Evacuate Collection Set: 0.16ms
[530.268s][info][gc,phases   ] GC(1188)   Merge Heap Roots: 0.06ms
[530.268s][info][gc,phases   ] GC(1188)   Evacuate Collection Set: 13.34ms
[530.268s][info][gc,phases   ] GC(1188)   Post Evacuate Collection Set: 0.41ms
[530.268s][info][gc,phases   ] GC(1188)   Other: 0.07ms
[530.268s][info][gc,heap     ] GC(1188) Eden regions: 144->0(139)
[530.268s][info][gc,heap     ] GC(1188) Survivor regions: 2->14(19)
[530.268s][info][gc,heap     ] GC(1188) Old regions: 65->65
[530.268s][info][gc,heap     ] GC(1188) Humongous regions: 5->3
[530.268s][info][gc,metaspace] GC(1188) Metaspace: 43138K(43520K)->43138K(43520K) NonClass: 40329K(40576K)->40329K(40576K) Class: 2808K(2944K)->2808K(2944K)
[530.268s][info][gc          ] GC(1188) Pause Young (Prepare Mixed) (G1 Evacuation Pause) 215M->81M(256M) 14.201ms
[530.268s][info][gc,cpu      ] GC(1188) User=0.03s Sys=0.00s Real=0.02s
[530.747s][info][gc,start    ] GC(1189) Pause Young (Mixed) (G1 Evacuation Pause)
[530.747s][info][gc,task     ] GC(1189) Using 2 workers of 2 for evacuation
[530.773s][info][gc,phases   ] GC(1189)   Pre Evacuate Collection Set: 0.22ms
[530.773s][info][gc,phases   ] GC(1189)   Merge Heap Roots: 0.08ms
[530.773s][info][gc,phases   ] GC(1189)   Evacuate Collection Set: 25.62ms
[530.773s][info][gc,phases   ] GC(1189)   Post Evacuate Collection Set: 0.46ms
[530.773s][info][gc,phases   ] GC(1189)   Other: 0.10ms
[530.773s][info][gc,heap     ] GC(1189) Eden regions: 139->0(146)
[530.773s][info][gc,heap     ] GC(1189) Survivor regions: 14->7(20)
[530.773s][info][gc,heap     ] GC(1189) Old regions: 65->50
[530.773s][info][gc,heap     ] GC(1189) Humongous regions: 9->3
[530.773s][info][gc,metaspace] GC(1189) Metaspace: 43138K(43520K)->43138K(43520K) NonClass: 40329K(40576K)->40329K(40576K) Class: 2808K(2944K)->2808K(2944K)
[530.773s][info][gc          ] GC(1189) Pause Young (Mixed) (G1 Evacuation Pause) 226M->60M(256M) 26.681ms
[530.773s][info][gc,cpu      ] GC(1189) User=0.03s Sys=0.00s Real=0.03s
[530.789s][info][gc,start    ] GC(1190) Pause Young (Concurrent Start) (G1 Humongous Allocation)
[530.789s][info][gc,task     ] GC(1190) Using 2 workers of 2 for evacuation
[530.791s][info][gc,phases   ] GC(1190)   Pre Evacuate Collection Set: 0.17ms
[530.791s][info][gc,phases   ] GC(1190)   Merge Heap Roots: 0.04ms
[530.791s][info][gc,phases   ] GC(1190)   Evacuate Collection Set: 1.22ms
[530.791s][info][gc,phases   ] GC(1190)   Post Evacuate Collection Set: 0.45ms
[530.791s][info][gc,phases   ] GC(1190)   Other: 0.09ms
[530.791s][info][gc,heap     ] GC(1190) Eden regions: 3->0(169)
[530.791s][info][gc,heap     ] GC(1190) Survivor regions: 7->2(20)
[530.791s][info][gc,heap     ] GC(1190) Old regions: 50->50
[530.791s][info][gc,heap     ] GC(1190) Humongous regions: 3->1
[530.791s][info][gc,metaspace] GC(1190) Metaspace: 43138K(43520K)->43138K(43520K) NonClass: 40329K(40576K)->40329K(40576K) Class: 2808K(2944K)->2808K(2944K)
[530.791s][info][gc          ] GC(1190) Pause Young (Concurrent Start) (G1 Humongous Allocation) 63M->52M(285M) 2.113ms
[530.792s][info][gc,cpu      ] GC(1190) User=0.01s Sys=0.00s Real=0.00s
[530.792s][info][gc          ] GC(1191) Concurrent Mark Cycle
[530.792s][info][gc,marking  ] GC(1191) Concurrent Scan Root Regions
[530.793s][info][gc,marking  ] GC(1191) Concurrent Scan Root Regions 1.398ms
[530.793s][info][gc,marking  ] GC(1191) Concurrent Mark
[530.793s][info][gc,marking  ] GC(1191) Concurrent Mark From Roots
[530.793s][info][gc,task     ] GC(1191) Using 1 workers of 1 for marking
[530.865s][info][gc,marking  ] GC(1191) Concurrent Mark From Roots 72.328ms
[530.865s][info][gc,marking  ] GC(1191) Concurrent Preclean
[530.865s][info][gc,marking  ] GC(1191) Concurrent Preclean 0.038ms
[530.866s][info][gc,start    ] GC(1191) Pause Remark
[530.882s][info][gc          ] GC(1191) Pause Remark 74M->74M(256M) 16.336ms
[530.882s][info][gc,cpu      ] GC(1191) User=0.03s Sys=0.00s Real=0.02s
[530.882s][info][gc,marking  ] GC(1191) Concurrent Mark 88.977ms
[530.882s][info][gc,marking  ] GC(1191) Concurrent Rebuild Remembered Sets and Scrub Regions
[530.903s][info][gc,marking  ] GC(1191) Concurrent Rebuild Remembered Sets and Scrub Regions 21.418ms
[530.904s][info][gc,start    ] GC(1191) Pause Cleanup
[530.904s][info][gc          ] GC(1191) Pause Cleanup 78M->78M(256M) 0.043ms
[530.904s][info][gc,cpu      ] GC(1191) User=0.00s Sys=0.00s Real=0.00s
[530.904s][info][gc,marking  ] GC(1191) Concurrent Clear Claimed Marks
[530.904s][info][gc,marking  ] GC(1191) Concurrent Clear Claimed Marks 0.054ms
[530.904s][info][gc,marking  ] GC(1191) Concurrent Cleanup for Next Mark
[530.905s][info][gc,marking  ] GC(1191) Concurrent Cleanup for Next Mark 0.908ms
[530.905s][info][gc          ] GC(1191) Concurrent Mark Cycle 113.100ms
[531.322s][info][gc,start    ] GC(1192) Pause Young (Prepare Mixed) (G1 Evacuation Pause)
[531.322s][info][gc,task     ] GC(1192) Using 2 workers of 2 for evacuation
[531.335s][info][gc,phases   ] GC(1192)   Pre Evacuate Collection Set: 0.18ms
[531.335s][info][gc,phases   ] GC(1192)   Merge Heap Roots: 0.07ms
[531.335s][info][gc,phases   ] GC(1192)   Evacuate Collection Set: 12.19ms
[531.335s][info][gc,phases   ] GC(1192)   Post Evacuate Collection Set: 0.43ms
[531.335s][info][gc,phases   ] GC(1192)   Other: 0.07ms
[531.335s][info][gc,heap     ] GC(1192) Eden regions: 151->0(140)
[531.335s][info][gc,heap     ] GC(1192) Survivor regions: 2->13(20)
[531.335s][info][gc,heap     ] GC(1192) Old regions: 50->50
[531.335s][info][gc,heap     ] GC(1192) Humongous regions: 5->3
[531.335s][info][gc,metaspace] GC(1192) Metaspace: 43138K(43520K)->43138K(43520K) NonClass: 40329K(40576K)->40329K(40576K) Class: 2808K(2944K)->2808K(2944K)
[531.335s][info][gc          ] GC(1192) Pause Young (Prepare Mixed) (G1 Evacuation Pause) 207M->66M(256M) 13.113ms
[531.335s][info][gc,cpu      ] GC(1192) User=0.03s Sys=0.00s Real=0.01s
[531.844s][info][gc,start    ] GC(1193) Pause Young (Mixed) (G1 Evacuation Pause)
[531.844s][info][gc,task     ] GC(1193) Using 2 workers of 2 for evacuation
[531.854s][info][gc,phases   ] GC(1193)   Pre Evacuate Collection Set: 0.17ms
[531.854s][info][gc,phases   ] GC(1193)   Merge Heap Roots: 0.07ms
[531.854s][info][gc,phases   ] GC(1193)   Evacuate Collection Set: 8.93ms
[531.854s][info][gc,phases   ] GC(1193)   Post Evacuate Collection Set: 0.38ms
[531.854s][info][gc,phases   ] GC(1193)   Other: 0.06ms
[531.854s][info][gc,heap     ] GC(1193) Eden regions: 140->0(146)
[531.854s][info][gc,heap     ] GC(1193) Survivor regions: 13->7(20)
[531.854s][info][gc,heap     ] GC(1193) Old regions: 50->49
[531.854s][info][gc,heap     ] GC(1193) Humongous regions: 7->3
[531.854s][info][gc,metaspace] GC(1193) Metaspace: 43138K(43520K)->43138K(43520K) NonClass: 40329K(40576K)->40329K(40576K) Class: 2808K(2944K)->2808K(2944K)
[531.854s][info][gc          ] GC(1193) Pause Young (Mixed) (G1 Evacuation Pause) 210M->58M(256M) 9.804ms
[531.854s][info][gc,cpu      ] GC(1193) User=0.02s Sys=0.00s Real=0.01s
[531.932s][info][gc,start    ] GC(1194) Pause Young (Concurrent Start) (G1 Humongous Allocation)
[531.932s][info][gc,task     ] GC(1194) Using 2 workers of 2 for evacuation
[531.934s][info][gc,phases   ] GC(1194)   Pre Evacuate Collection Set: 0.17ms
[531.934s][info][gc,phases   ] GC(1194)   Merge Heap Roots: 0.04ms
[531.934s][info][gc,phases   ] GC(1194)   Evacuate Collection Set: 1.49ms
[531.934s][info][gc,phases   ] GC(1194)   Post Evacuate Collection Set: 0.25ms
[531.934s][info][gc,phases   ] GC(1194)   Other: 0.09ms
[531.934s][info][gc,heap     ] GC(1194) Eden regions: 19->0(151)
[531.934s][info][gc,heap     ] GC(1194) Survivor regions: 7->2(20)
[531.934s][info][gc,heap     ] GC(1194) Old regions: 49->49
[531.934s][info][gc,heap     ] GC(1194) Humongous regions: 3->1
[531.934s][info][gc,metaspace] GC(1194) Metaspace: 43138K(43520K)->43138K(43520K) NonClass: 40329K(40576K)->40329K(40576K) Class: 2808K(2944K)->2808K(2944K)
[531.934s][info][gc          ] GC(1194) Pause Young (Concurrent Start) (G1 Humongous Allocation) 77M->51M(256M) 2.172ms
[531.934s][info][gc,cpu      ] GC(1194) User=0.01s Sys=0.00s Real=0.00s
[531.934s][info][gc          ] GC(1195) Concurrent Mark Cycle
[531.934s][info][gc,marking  ] GC(1195) Concurrent Scan Root Regions
[531.936s][info][gc,marking  ] GC(1195) Concurrent Scan Root Regions 1.718ms
[531.936s][info][gc,marking  ] GC(1195) Concurrent Mark
[531.936s][info][gc,marking  ] GC(1195) Concurrent Mark From Roots
[531.936s][info][gc,task     ] GC(1195) Using 1 workers of 1 for marking
[531.993s][info][gc,marking  ] GC(1195) Concurrent Mark From Roots 57.569ms
[531.993s][info][gc,marking  ] GC(1195) Concurrent Preclean
[531.994s][info][gc,marking  ] GC(1195) Concurrent Preclean 0.038ms
[531.994s][info][gc,start    ] GC(1195) Pause Remark
[532.010s][info][gc          ] GC(1195) Pause Remark 71M->71M(256M) 16.045ms
[532.010s][info][gc,cpu      ] GC(1195) User=0.03s Sys=0.00s Real=0.02s
[532.010s][info][gc,marking  ] GC(1195) Concurrent Mark 73.926ms
[532.010s][info][gc,marking  ] GC(1195) Concurrent Rebuild Remembered Sets and Scrub Regions
[532.032s][info][gc,marking  ] GC(1195) Concurrent Rebuild Remembered Sets and Scrub Regions 21.943ms
[532.032s][info][gc,start    ] GC(1195) Pause Cleanup
[532.032s][info][gc          ] GC(1195) Pause Cleanup 74M->74M(256M) 0.038ms
[532.032s][info][gc,cpu      ] GC(1195) User=0.00s Sys=0.00s Real=0.00s
[532.032s][info][gc,marking  ] GC(1195) Concurrent Clear Claimed Marks
[532.032s][info][gc,marking  ] GC(1195) Concurrent Clear Claimed Marks 0.036ms
[532.032s][info][gc,marking  ] GC(1195) Concurrent Cleanup for Next Mark
[532.033s][info][gc,marking  ] GC(1195) Concurrent Cleanup for Next Mark 0.773ms
[532.033s][info][gc          ] GC(1195) Concurrent Mark Cycle 98.642ms
[532.341s][info][gc,start    ] GC(1196) Pause Young (Prepare Mixed) (G1 Evacuation Pause)
[532.341s][info][gc,task     ] GC(1196) Using 2 workers of 2 for evacuation
[532.373s][info][gc,phases   ] GC(1196)   Pre Evacuate Collection Set: 0.15ms
[532.373s][info][gc,phases   ] GC(1196)   Merge Heap Roots: 0.07ms
[532.373s][info][gc,phases   ] GC(1196)   Evacuate Collection Set: 31.19ms
[532.373s][info][gc,phases   ] GC(1196)   Post Evacuate Collection Set: 0.50ms
[532.373s][info][gc,phases   ] GC(1196)   Other: 0.07ms
[532.373s][info][gc,heap     ] GC(1196) Eden regions: 151->0(117)
[532.373s][info][gc,heap     ] GC(1196) Survivor regions: 2->20(20)
[532.373s][info][gc,heap     ] GC(1196) Old regions: 49->66
[532.373s][info][gc,heap     ] GC(1196) Humongous regions: 5->3
[532.373s][info][gc,metaspace] GC(1196) Metaspace: 43138K(43520K)->43138K(43520K) NonClass: 40329K(40576K)->40329K(40576K) Class: 2808K(2944K)->2808K(2944K)
[532.373s][info][gc          ] GC(1196) Pause Young (Prepare Mixed) (G1 Evacuation Pause) 206M->88M(256M) 32.144ms
[532.373s][info][gc,cpu      ] GC(1196) User=0.06s Sys=0.00s Real=0.03s
[532.859s][info][gc,start    ] GC(1197) Pause Young (Mixed) (G1 Evacuation Pause)
[532.859s][info][gc,task     ] GC(1197) Using 2 workers of 2 for evacuation
[532.915s][info][gc,phases   ] GC(1197)   Pre Evacuate Collection Set: 0.20ms
[532.915s][info][gc,phases   ] GC(1197)   Merge Heap Roots: 0.20ms
[532.915s][info][gc,phases   ] GC(1197)   Evacuate Collection Set: 54.30ms
[532.915s][info][gc,phases   ] GC(1197)   Post Evacuate Collection Set: 0.44ms
[532.915s][info][gc,phases   ] GC(1197)   Other: 0.09ms
[532.915s][info][gc,heap     ] GC(1197) Eden regions: 117->0(93)
[532.915s][info][gc,heap     ] GC(1197) Survivor regions: 20->18(18)
[532.915s][info][gc,heap     ] GC(1197) Old regions: 66->94
[532.915s][info][gc,heap     ] GC(1197) Humongous regions: 3->3
[532.915s][info][gc,metaspace] GC(1197) Metaspace: 43138K(43520K)->43138K(43520K) NonClass: 40329K(40576K)->40329K(40576K) Class: 2808K(2944K)->2808K(2944K)
[532.915s][info][gc          ] GC(1197) Pause Young (Mixed) (G1 Evacuation Pause) 205M->114M(256M) 55.395ms
[532.915s][info][gc,cpu      ] GC(1197) User=0.11s Sys=0.00s Real=0.05s
[533.357s][info][gc,start    ] GC(1198) Pause Young (Concurrent Start) (G1 Evacuation Pause)
[533.357s][info][gc,task     ] GC(1198) Using 2 workers of 2 for evacuation
[533.409s][info][gc,phases   ] GC(1198)   Pre Evacuate Collection Set: 0.18ms
[533.409s][info][gc,phases   ] GC(1198)   Merge Heap Roots: 0.24ms
[533.409s][info][gc,phases   ] GC(1198)   Evacuate Collection Set: 51.76ms
[533.409s][info][gc,phases   ] GC(1198)   Post Evacuate Collection Set: 0.39ms
[533.409s][info][gc,phases   ] GC(1198)   Other: 0.09ms
[533.409s][info][gc,heap     ] GC(1198) Eden regions: 93->0(72)
[533.409s][info][gc,heap     ] GC(1198) Survivor regions: 18->14(14)
[533.409s][info][gc,heap     ] GC(1198) Old regions: 94->124
[533.409s][info][gc,heap     ] GC(1198) Humongous regions: 3->3
[533.409s][info][gc,metaspace] GC(1198) Metaspace: 43138K(43520K)->43138K(43520K) NonClass: 40329K(40576K)->40329K(40576K) Class: 2808K(2944K)->2808K(2944K)
[533.409s][info][gc          ] GC(1198) Pause Young (Concurrent Start) (G1 Evacuation Pause) 207M->140M(256M) 52.890ms
[533.409s][info][gc,cpu      ] GC(1198) User=0.10s Sys=0.00s Real=0.06s
[533.409s][info][gc          ] GC(1199) Concurrent Mark Cycle
[533.410s][info][gc,marking  ] GC(1199) Concurrent Scan Root Regions
[533.466s][info][gc,marking  ] GC(1199) Concurrent Scan Root Regions 56.700ms
[533.466s][info][gc,marking  ] GC(1199) Concurrent Mark
[533.466s][info][gc,marking  ] GC(1199) Concurrent Mark From Roots
[533.466s][info][gc,task     ] GC(1199) Using 1 workers of 1 for marking
[533.668s][info][gc,marking  ] GC(1199) Concurrent Mark From Roots 201.802ms
[533.668s][info][gc,marking  ] GC(1199) Concurrent Preclean
[533.668s][info][gc,marking  ] GC(1199) Concurrent Preclean 0.048ms
[533.668s][info][gc,start    ] GC(1199) Pause Remark
[533.685s][info][gc          ] GC(1199) Pause Remark 184M->184M(256M) 16.386ms
[533.685s][info][gc,cpu      ] GC(1199) User=0.03s Sys=0.00s Real=0.01s
[533.688s][info][gc,marking  ] GC(1199) Concurrent Mark 221.477ms
[533.688s][info][gc,marking  ] GC(1199) Concurrent Rebuild Remembered Sets and Scrub Regions
[533.760s][info][gc,marking  ] GC(1199) Concurrent Rebuild Remembered Sets and Scrub Regions 72.192ms
[533.760s][info][gc,start    ] GC(1199) Pause Cleanup
[533.760s][info][gc          ] GC(1199) Pause Cleanup 195M->195M(256M) 0.063ms
[533.760s][info][gc,cpu      ] GC(1199) User=0.00s Sys=0.00s Real=0.00s
[533.760s][info][gc,marking  ] GC(1199) Concurrent Clear Claimed Marks
[533.760s][info][gc,marking  ] GC(1199) Concurrent Clear Claimed Marks 0.041ms
[533.760s][info][gc,marking  ] GC(1199) Concurrent Cleanup for Next Mark
[533.761s][info][gc,marking  ] GC(1199) Concurrent Cleanup for Next Mark 0.776ms
[533.761s][info][gc          ] GC(1199) Concurrent Mark Cycle 351.644ms
[533.852s][info][gc,start    ] GC(1200) Pause Young (Prepare Mixed) (G1 Evacuation Pause)
[533.852s][info][gc,task     ] GC(1200) Using 2 workers of 2 for evacuation
[533.893s][info][gc,phases   ] GC(1200)   Pre Evacuate Collection Set: 0.16ms
[533.893s][info][gc,phases   ] GC(1200)   Merge Heap Roots: 0.33ms
[533.893s][info][gc,phases   ] GC(1200)   Evacuate Collection Set: 39.18ms
[533.893s][info][gc,phases   ] GC(1200)   Post Evacuate Collection Set: 0.39ms
[533.893s][info][gc,phases   ] GC(1200)   Other: 0.06ms
[533.893s][info][gc,heap     ] GC(1200) Eden regions: 72->0(57)
[533.893s][info][gc,heap     ] GC(1200) Survivor regions: 14->11(11)
[533.893s][info][gc,heap     ] GC(1200) Old regions: 124->147
[533.893s][info][gc,heap     ] GC(1200) Humongous regions: 3->3
[533.893s][info][gc,metaspace] GC(1200) Metaspace: 43141K(43520K)->43141K(43520K) NonClass: 40332K(40576K)->40332K(40576K) Class: 2808K(2944K)->2808K(2944K)
[533.893s][info][gc          ] GC(1200) Pause Young (Prepare Mixed) (G1 Evacuation Pause) 212M->161M(256M) 40.315ms
[533.893s][info][gc,cpu      ] GC(1200) User=0.08s Sys=0.00s Real=0.04s
[534.161s][info][gc,start    ] GC(1201) Pause Young (Mixed) (G1 Evacuation Pause)
[534.161s][info][gc,task     ] GC(1201) Using 2 workers of 2 for evacuation
[534.197s][info][gc,phases   ] GC(1201)   Pre Evacuate Collection Set: 0.18ms
[534.197s][info][gc,phases   ] GC(1201)   Merge Heap Roots: 0.24ms
[534.197s][info][gc,phases   ] GC(1201)   Evacuate Collection Set: 35.85ms
[534.198s][info][gc,phases   ] GC(1201)   Post Evacuate Collection Set: 0.34ms
[534.198s][info][gc,phases   ] GC(1201)   Other: 0.07ms
[534.198s][info][gc,heap     ] GC(1201) Eden regions: 57->0(49)
[534.198s][info][gc,heap     ] GC(1201) Survivor regions: 11->9(9)
[534.198s][info][gc,heap     ] GC(1201) Old regions: 147->160
[534.198s][info][gc,heap     ] GC(1201) Humongous regions: 3->3
[534.198s][info][gc,metaspace] GC(1201) Metaspace: 43141K(43520K)->43141K(43520K) NonClass: 40332K(40576K)->40332K(40576K) Class: 2808K(2944K)->2808K(2944K)
[534.198s][info][gc          ] GC(1201) Pause Young (Mixed) (G1 Evacuation Pause) 218M->172M(256M) 36.857ms
[534.198s][info][gc,cpu      ] GC(1201) User=0.07s Sys=0.00s Real=0.04s
[534.226s][info][gc,start    ] GC(1202) Pause Young (Concurrent Start) (G1 Humongous Allocation)
[534.227s][info][gc,task     ] GC(1202) Using 2 workers of 2 for evacuation
[534.242s][info][gc,phases   ] GC(1202)   Pre Evacuate Collection Set: 0.18ms
[534.242s][info][gc,phases   ] GC(1202)   Merge Heap Roots: 0.11ms
[534.242s][info][gc,phases   ] GC(1202)   Evacuate Collection Set: 13.64ms
[534.242s][info][gc,phases   ] GC(1202)   Post Evacuate Collection Set: 1.30ms
[534.242s][info][gc,phases   ] GC(1202)   Other: 0.08ms
[534.242s][info][gc,heap     ] GC(1202) Eden regions: 11->0(139)
[534.242s][info][gc,heap     ] GC(1202) Survivor regions: 9->3(8)
[534.242s][info][gc,heap     ] GC(1202) Old regions: 160->169
[534.242s][info][gc,heap     ] GC(1202) Humongous regions: 3->1
[534.242s][info][gc,metaspace] GC(1202) Metaspace: 43141K(43520K)->43141K(43520K) NonClass: 40332K(40576K)->40332K(40576K) Class: 2808K(2944K)->2808K(2944K)
[534.242s][info][gc          ] GC(1202) Pause Young (Concurrent Start) (G1 Humongous Allocation) 183M->172M(401M) 15.490ms
[534.242s][info][gc,cpu      ] GC(1202) User=0.03s Sys=0.00s Real=0.02s
[534.242s][info][gc          ] GC(1203) Concurrent Undo Cycle
[534.242s][info][gc,marking  ] GC(1203) Concurrent Clear Claimed Marks
[534.242s][info][gc,marking  ] GC(1203) Concurrent Clear Claimed Marks 0.037ms
[534.242s][info][gc,marking  ] GC(1203) Concurrent Cleanup for Next Mark
[534.245s][info][gc,marking  ] GC(1203) Concurrent Cleanup for Next Mark 2.692ms
[534.245s][info][gc          ] GC(1203) Concurrent Undo Cycle 2.786ms
[534.703s][info][gc,start    ] GC(1204) Pause Young (Concurrent Start) (G1 Humongous Allocation)
[534.703s][info][gc,task     ] GC(1204) Using 2 workers of 2 for evacuation
[534.708s][info][gc,phases   ] GC(1204)   Pre Evacuate Collection Set: 0.23ms
[534.708s][info][gc,phases   ] GC(1204)   Merge Heap Roots: 0.10ms
[534.708s][info][gc,phases   ] GC(1204)   Evacuate Collection Set: 4.31ms
[534.708s][info][gc,phases   ] GC(1204)   Post Evacuate Collection Set: 0.34ms
[534.708s][info][gc,phases   ] GC(1204)   Other: 0.10ms
[534.708s][info][gc,heap     ] GC(1204) Eden regions: 106->0(151)
[534.708s][info][gc,heap     ] GC(1204) Survivor regions: 3->2(18)
[534.708s][info][gc,heap     ] GC(1204) Old regions: 169->169
[534.708s][info][gc,heap     ] GC(1204) Humongous regions: 3->1
[534.708s][info][gc,metaspace] GC(1204) Metaspace: 43141K(43520K)->43141K(43520K) NonClass: 40332K(40576K)->40332K(40576K) Class: 2808K(2944K)->2808K(2944K)
[534.708s][info][gc          ] GC(1204) Pause Young (Concurrent Start) (G1 Humongous Allocation) 280M->172M(401M) 5.241ms
[534.708s][info][gc          ] GC(1205) Concurrent Mark Cycle
[534.709s][info][gc,marking  ] GC(1205) Concurrent Scan Root Regions
[534.711s][info][gc,cpu      ] GC(1204) User=0.01s Sys=0.00s Real=0.01s
[534.712s][info][gc,marking  ] GC(1205) Concurrent Scan Root Regions 3.701ms
[534.712s][info][gc,marking  ] GC(1205) Concurrent Mark
[534.712s][info][gc,marking  ] GC(1205) Concurrent Mark From Roots
[534.712s][info][gc,task     ] GC(1205) Using 1 workers of 1 for marking
[534.841s][info][gc,marking  ] GC(1205) Concurrent Mark From Roots 128.519ms
[534.841s][info][gc,marking  ] GC(1205) Concurrent Preclean
[534.841s][info][gc,marking  ] GC(1205) Concurrent Preclean 0.042ms
[534.841s][info][gc,start    ] GC(1205) Pause Remark
[534.858s][info][gc          ] GC(1205) Pause Remark 202M->202M(401M) 16.933ms
[534.858s][info][gc,cpu      ] GC(1205) User=0.03s Sys=0.00s Real=0.02s
[534.859s][info][gc,marking  ] GC(1205) Concurrent Mark 146.494ms
[534.859s][info][gc,marking  ] GC(1205) Concurrent Rebuild Remembered Sets and Scrub Regions
[534.915s][info][gc,marking  ] GC(1205) Concurrent Rebuild Remembered Sets and Scrub Regions 56.684ms
[534.916s][info][gc,start    ] GC(1205) Pause Cleanup
[534.916s][info][gc          ] GC(1205) Pause Cleanup 226M->226M(401M) 0.101ms
[534.916s][info][gc,cpu      ] GC(1205) User=0.00s Sys=0.00s Real=0.00s
[534.916s][info][gc,marking  ] GC(1205) Concurrent Clear Claimed Marks
[534.916s][info][gc,marking  ] GC(1205) Concurrent Clear Claimed Marks 0.037ms
[534.916s][info][gc,marking  ] GC(1205) Concurrent Cleanup for Next Mark
[534.918s][info][gc,marking  ] GC(1205) Concurrent Cleanup for Next Mark 2.609ms
[534.918s][info][gc          ] GC(1205) Concurrent Mark Cycle 209.916ms
[535.284s][info][gc,start    ] GC(1206) Pause Young (Prepare Mixed) (G1 Evacuation Pause)
[535.284s][info][gc,task     ] GC(1206) Using 2 workers of 2 for evacuation
[535.295s][info][gc,phases   ] GC(1206)   Pre Evacuate Collection Set: 0.23ms
[535.295s][info][gc,phases   ] GC(1206)   Merge Heap Roots: 0.08ms
[535.295s][info][gc,phases   ] GC(1206)   Evacuate Collection Set: 10.97ms
[535.295s][info][gc,phases   ] GC(1206)   Post Evacuate Collection Set: 0.41ms
[535.295s][info][gc,phases   ] GC(1206)   Other: 0.11ms
[535.295s][info][gc,heap     ] GC(1206) Eden regions: 151->0(155)
[535.295s][info][gc,heap     ] GC(1206) Survivor regions: 2->8(20)
[535.295s][info][gc,heap     ] GC(1206) Old regions: 169->169
[535.295s][info][gc,heap     ] GC(1206) Humongous regions: 11->3
[535.295s][info][gc,metaspace] GC(1206) Metaspace: 43141K(43520K)->43141K(43520K) NonClass: 40332K(40576K)->40332K(40576K) Class: 2808K(2944K)->2808K(2944K)
[535.296s][info][gc          ] GC(1206) Pause Young (Prepare Mixed) (G1 Evacuation Pause) 333M->179M(401M) 11.984ms
[535.296s][info][gc,cpu      ] GC(1206) User=0.01s Sys=0.00s Real=0.01s
[535.732s][info][gc,start    ] GC(1207) Pause Young (Mixed) (G1 Evacuation Pause)
[535.732s][info][gc,task     ] GC(1207) Using 2 workers of 2 for evacuation
[535.766s][info][gc,phases   ] GC(1207)   Pre Evacuate Collection Set: 0.23ms
[535.766s][info][gc,phases   ] GC(1207)   Merge Heap Roots: 0.20ms
[535.766s][info][gc,phases   ] GC(1207)   Evacuate Collection Set: 33.08ms
[535.766s][info][gc,phases   ] GC(1207)   Post Evacuate Collection Set: 0.57ms
[535.766s][info][gc,phases   ] GC(1207)   Other: 0.10ms
[535.766s][info][gc,heap     ] GC(1207) Eden regions: 155->0(141)
[535.766s][info][gc,heap     ] GC(1207) Survivor regions: 8->21(21)
[535.767s][info][gc,heap     ] GC(1207) Old regions: 169->154
[535.767s][info][gc,heap     ] GC(1207) Humongous regions: 6->4
[535.767s][info][gc,metaspace] GC(1207) Metaspace: 43141K(43520K)->43141K(43520K) NonClass: 40332K(40576K)->40332K(40576K) Class: 2808K(2944K)->2808K(2944K)
[535.767s][info][gc          ] GC(1207) Pause Young (Mixed) (G1 Evacuation Pause) 337M->179M(401M) 34.387ms
[535.767s][info][gc,cpu      ] GC(1207) User=0.06s Sys=0.00s Real=0.03s
[536.198s][info][gc,start    ] GC(1208) Pause Young (Mixed) (G1 Evacuation Pause)
[536.198s][info][gc,task     ] GC(1208) Using 2 workers of 2 for evacuation
[536.235s][info][gc,phases   ] GC(1208)   Pre Evacuate Collection Set: 0.23ms
[536.235s][info][gc,phases   ] GC(1208)   Merge Heap Roots: 0.39ms
[536.235s][info][gc,phases   ] GC(1208)   Evacuate Collection Set: 35.85ms
[536.235s][info][gc,phases   ] GC(1208)   Post Evacuate Collection Set: 0.49ms
[536.235s][info][gc,phases   ] GC(1208)   Other: 0.09ms
[536.235s][info][gc,heap     ] GC(1208) Eden regions: 141->0(160)
[536.235s][info][gc,heap     ] GC(1208) Survivor regions: 21->14(21)
[536.235s][info][gc,heap     ] GC(1208) Old regions: 154->143
[536.235s][info][gc,heap     ] GC(1208) Humongous regions: 5->4
[536.235s][info][gc,metaspace] GC(1208) Metaspace: 43141K(43520K)->43141K(43520K) NonClass: 40332K(40576K)->40332K(40576K) Class: 2808K(2944K)->2808K(2944K)
[536.235s][info][gc          ] GC(1208) Pause Young (Mixed) (G1 Evacuation Pause) 321M->160M(401M) 37.225ms
[536.235s][info][gc,cpu      ] GC(1208) User=0.08s Sys=0.00s Real=0.03s
[536.733s][info][gc,start    ] GC(1209) Pause Young (Mixed) (G1 Evacuation Pause)
[536.733s][info][gc,task     ] GC(1209) Using 2 workers of 2 for evacuation
[536.747s][info][gc,phases   ] GC(1209)   Pre Evacuate Collection Set: 0.22ms
[536.747s][info][gc,phases   ] GC(1209)   Merge Heap Roots: 0.23ms
[536.747s][info][gc,phases   ] GC(1209)   Evacuate Collection Set: 13.47ms
[536.747s][info][gc,phases   ] GC(1209)   Post Evacuate Collection Set: 0.51ms
[536.747s][info][gc,phases   ] GC(1209)   Other: 0.08ms
[536.747s][info][gc,heap     ] GC(1209) Eden regions: 160->0(178)
[536.747s][info][gc,heap     ] GC(1209) Survivor regions: 14->5(22)
[536.747s][info][gc,heap     ] GC(1209) Old regions: 143->142
[536.747s][info][gc,heap     ] GC(1209) Humongous regions: 6->5
[536.747s][info][gc,metaspace] GC(1209) Metaspace: 43142K(43520K)->43142K(43520K) NonClass: 40333K(40576K)->40333K(40576K) Class: 2808K(2944K)->2808K(2944K)
[536.747s][info][gc          ] GC(1209) Pause Young (Mixed) (G1 Evacuation Pause) 322M->151M(401M) 14.691ms
[536.747s][info][gc,cpu      ] GC(1209) User=0.03s Sys=0.00s Real=0.02s
[537.290s][info][gc,start    ] GC(1210) Pause Young (Concurrent Start) (G1 Evacuation Pause)
[537.290s][info][gc,task     ] GC(1210) Using 2 workers of 2 for evacuation
[537.324s][info][gc,phases   ] GC(1210)   Pre Evacuate Collection Set: 0.22ms
[537.324s][info][gc,phases   ] GC(1210)   Merge Heap Roots: 0.08ms
[537.324s][info][gc,phases   ] GC(1210)   Evacuate Collection Set: 33.23ms
[537.324s][info][gc,phases   ] GC(1210)   Post Evacuate Collection Set: 0.50ms
[537.324s][info][gc,phases   ] GC(1210)   Other: 0.10ms
[537.324s][info][gc,heap     ] GC(1210) Eden regions: 178->0(112)
[537.324s][info][gc,heap     ] GC(1210) Survivor regions: 5->23(23)
[537.324s][info][gc,heap     ] GC(1210) Old regions: 142->175
[537.324s][info][gc,heap     ] GC(1210) Humongous regions: 5->4
[537.324s][info][gc,metaspace] GC(1210) Metaspace: 43142K(43520K)->43142K(43520K) NonClass: 40333K(40576K)->40333K(40576K) Class: 2808K(2944K)->2808K(2944K)
[537.324s][info][gc          ] GC(1210) Pause Young (Concurrent Start) (G1 Evacuation Pause) 329M->202M(401M) 34.351ms
[537.324s][info][gc,cpu      ] GC(1210) User=0.07s Sys=0.00s Real=0.03s
[537.324s][info][gc          ] GC(1211) Concurrent Mark Cycle
[537.324s][info][gc,marking  ] GC(1211) Concurrent Scan Root Regions
[537.347s][info][gc,marking  ] GC(1211) Concurrent Scan Root Regions 23.151ms
[537.347s][info][gc,marking  ] GC(1211) Concurrent Mark
[537.348s][info][gc,marking  ] GC(1211) Concurrent Mark From Roots
[537.348s][info][gc,task     ] GC(1211) Using 1 workers of 1 for marking
[537.419s][info][gc,marking  ] GC(1211) Concurrent Mark From Roots 71.685ms
[537.419s][info][gc,marking  ] GC(1211) Concurrent Preclean
[537.419s][info][gc,marking  ] GC(1211) Concurrent Preclean 0.043ms
[537.419s][info][gc,start    ] GC(1211) Pause Remark
[537.436s][info][gc          ] GC(1211) Pause Remark 225M->189M(401M) 16.616ms
[537.436s][info][gc,cpu      ] GC(1211) User=0.03s Sys=0.00s Real=0.01s
[537.436s][info][gc,marking  ] GC(1211) Concurrent Mark 88.656ms
[537.436s][info][gc,marking  ] GC(1211) Concurrent Rebuild Remembered Sets and Scrub Regions
[537.488s][info][gc,marking  ] GC(1211) Concurrent Rebuild Remembered Sets and Scrub Regions 51.890ms
[537.488s][info][gc,start    ] GC(1211) Pause Cleanup
[537.488s][info][gc          ] GC(1211) Pause Cleanup 199M->199M(401M) 0.061ms
[537.488s][info][gc,cpu      ] GC(1211) User=0.00s Sys=0.00s Real=0.00s
[537.488s][info][gc,marking  ] GC(1211) Concurrent Clear Claimed Marks
[537.488s][info][gc,marking  ] GC(1211) Concurrent Clear Claimed Marks 0.038ms
[537.488s][info][gc,marking  ] GC(1211) Concurrent Cleanup for Next Mark
[537.490s][info][gc,marking  ] GC(1211) Concurrent Cleanup for Next Mark 1.193ms
[537.490s][info][gc          ] GC(1211) Concurrent Mark Cycle 165.306ms
[537.752s][info][gc,start    ] GC(1212) Pause Young (Prepare Mixed) (G1 Evacuation Pause)
[537.752s][info][gc,task     ] GC(1212) Using 2 workers of 2 for evacuation
[537.802s][info][gc,phases   ] GC(1212)   Pre Evacuate Collection Set: 0.23ms
[537.802s][info][gc,phases   ] GC(1212)   Merge Heap Roots: 0.38ms
[537.802s][info][gc,phases   ] GC(1212)   Evacuate Collection Set: 48.07ms
[537.802s][info][gc,phases   ] GC(1212)   Post Evacuate Collection Set: 0.46ms
[537.802s][info][gc,phases   ] GC(1212)   Other: 0.08ms
[537.802s][info][gc,heap     ] GC(1212) Eden regions: 112->0(93)
[537.802s][info][gc,heap     ] GC(1212) Survivor regions: 23->17(17)
[537.802s][info][gc,heap     ] GC(1212) Old regions: 140->191
[537.802s][info][gc,heap     ] GC(1212) Humongous regions: 4->4
[537.802s][info][gc,metaspace] GC(1212) Metaspace: 43142K(43520K)->43142K(43520K) NonClass: 40333K(40576K)->40333K(40576K) Class: 2808K(2944K)->2808K(2944K)
[537.802s][info][gc          ] GC(1212) Pause Young (Prepare Mixed) (G1 Evacuation Pause) 279M->211M(401M) 49.426ms
[537.802s][info][gc,cpu      ] GC(1212) User=0.10s Sys=0.00s Real=0.05s
[538.114s][info][gc,start    ] GC(1213) Pause Young (Mixed) (G1 Evacuation Pause)
[538.114s][info][gc,task     ] GC(1213) Using 2 workers of 2 for evacuation
[538.144s][info][gc,phases   ] GC(1213)   Pre Evacuate Collection Set: 0.23ms
[538.144s][info][gc,phases   ] GC(1213)   Merge Heap Roots: 0.28ms
[538.144s][info][gc,phases   ] GC(1213)   Evacuate Collection Set: 28.44ms
[538.144s][info][gc,phases   ] GC(1213)   Post Evacuate Collection Set: 1.23ms
[538.144s][info][gc,phases   ] GC(1213)   Other: 0.08ms
[538.144s][info][gc,heap     ] GC(1213) Eden regions: 93->0(174)
[538.144s][info][gc,heap     ] GC(1213) Survivor regions: 17->14(14)
[538.144s][info][gc,heap     ] GC(1213) Old regions: 191->169
[538.144s][info][gc,heap     ] GC(1213) Humongous regions: 4->4
[538.144s][info][gc,metaspace] GC(1213) Metaspace: 43142K(43520K)->43142K(43520K) NonClass: 40333K(40576K)->40333K(40576K) Class: 2808K(2944K)->2808K(2944K)
[538.144s][info][gc          ] GC(1213) Pause Young (Mixed) (G1 Evacuation Pause) 304M->186M(517M) 30.470ms
[538.144s][info][gc,cpu      ] GC(1213) User=0.05s Sys=0.00s Real=0.03s
[538.781s][info][gc,start    ] GC(1214) Pause Young (Mixed) (G1 Evacuation Pause)
[538.781s][info][gc,task     ] GC(1214) Using 2 workers of 2 for evacuation
[538.828s][info][gc,phases   ] GC(1214)   Pre Evacuate Collection Set: 0.26ms
[538.828s][info][gc,phases   ] GC(1214)   Merge Heap Roots: 0.17ms
[538.828s][info][gc,phases   ] GC(1214)   Evacuate Collection Set: 45.73ms
[538.828s][info][gc,phases   ] GC(1214)   Post Evacuate Collection Set: 0.52ms
[538.828s][info][gc,phases   ] GC(1214)   Other: 0.08ms
[538.828s][info][gc,heap     ] GC(1214) Eden regions: 174->0(132)
[538.828s][info][gc,heap     ] GC(1214) Survivor regions: 14->24(24)
[538.828s][info][gc,heap     ] GC(1214) Old regions: 169->217
[538.828s][info][gc,heap     ] GC(1214) Humongous regions: 5->5
[538.828s][info][gc,metaspace] GC(1214) Metaspace: 43142K(43520K)->43142K(43520K) NonClass: 40333K(40576K)->40333K(40576K) Class: 2808K(2944K)->2808K(2944K)
[538.828s][info][gc          ] GC(1214) Pause Young (Mixed) (G1 Evacuation Pause) 361M->245M(517M) 46.951ms
[538.828s][info][gc,cpu      ] GC(1214) User=0.09s Sys=0.00s Real=0.05s
[539.274s][info][gc,start    ] GC(1215) Pause Young (Normal) (G1 Evacuation Pause)
[539.274s][info][gc,task     ] GC(1215) Using 2 workers of 2 for evacuation
[539.342s][info][gc,phases   ] GC(1215)   Pre Evacuate Collection Set: 0.24ms
[539.342s][info][gc,phases   ] GC(1215)   Merge Heap Roots: 0.26ms
[539.342s][info][gc,phases   ] GC(1215)   Evacuate Collection Set: 66.36ms
[539.342s][info][gc,phases   ] GC(1215)   Post Evacuate Collection Set: 0.52ms
[539.342s][info][gc,phases   ] GC(1215)   Other: 0.08ms
[539.342s][info][gc,heap     ] GC(1215) Eden regions: 132->0(81)
[539.342s][info][gc,heap     ] GC(1215) Survivor regions: 24->20(20)
[539.342s][info][gc,heap     ] GC(1215) Old regions: 217->297
[539.342s][info][gc,heap     ] GC(1215) Humongous regions: 6->6
[539.342s][info][gc,metaspace] GC(1215) Metaspace: 43142K(43520K)->43142K(43520K) NonClass: 40333K(40576K)->40333K(40576K) Class: 2808K(2944K)->2808K(2944K)
[539.342s][info][gc          ] GC(1215) Pause Young (Normal) (G1 Evacuation Pause) 378M->322M(517M) 67.722ms
[539.342s][info][gc,cpu      ] GC(1215) User=0.13s Sys=0.00s Real=0.07s
[539.632s][info][gc,start    ] GC(1216) Pause Young (Concurrent Start) (G1 Evacuation Pause)
[539.632s][info][gc,task     ] GC(1216) Using 2 workers of 2 for evacuation
[539.687s][info][gc,phases   ] GC(1216)   Pre Evacuate Collection Set: 0.26ms
[539.687s][info][gc,phases   ] GC(1216)   Merge Heap Roots: 0.31ms
[539.687s][info][gc,phases   ] GC(1216)   Evacuate Collection Set: 53.90ms
[539.687s][info][gc,phases   ] GC(1216)   Post Evacuate Collection Set: 0.44ms
[539.687s][info][gc,phases   ] GC(1216)   Other: 0.09ms
[539.687s][info][gc,heap     ] GC(1216) Eden regions: 81->0(56)
[539.687s][info][gc,heap     ] GC(1216) Survivor regions: 20->13(13)
[539.687s][info][gc,heap     ] GC(1216) Old regions: 297->358
[539.687s][info][gc,heap     ] GC(1216) Humongous regions: 6->6
[539.687s][info][gc,metaspace] GC(1216) Metaspace: 43142K(43520K)->43142K(43520K) NonClass: 40333K(40576K)->40333K(40576K) Class: 2808K(2944K)->2808K(2944K)
[539.687s][info][gc          ] GC(1216) Pause Young (Concurrent Start) (G1 Evacuation Pause) 403M->376M(517M) 55.231ms
[539.687s][info][gc          ] GC(1217) Concurrent Mark Cycle
[539.687s][info][gc,marking  ] GC(1217) Concurrent Scan Root Regions
[539.688s][info][gc,cpu      ] GC(1216) User=0.11s Sys=0.00s Real=0.06s
[539.717s][info][gc,marking  ] GC(1217) Concurrent Scan Root Regions 29.805ms
[539.717s][info][gc,marking  ] GC(1217) Concurrent Mark
[539.717s][info][gc,marking  ] GC(1217) Concurrent Mark From Roots
[539.717s][info][gc,task     ] GC(1217) Using 1 workers of 1 for marking
[539.873s][info][gc,marking  ] GC(1217) Concurrent Mark From Roots 155.996ms
[539.873s][info][gc,marking  ] GC(1217) Concurrent Preclean
[539.873s][info][gc,marking  ] GC(1217) Concurrent Preclean 0.048ms
[539.874s][info][gc,start    ] GC(1217) Pause Remark
[539.890s][info][gc          ] GC(1217) Pause Remark 431M->364M(519M) 16.571ms
[539.890s][info][gc,cpu      ] GC(1217) User=0.03s Sys=0.00s Real=0.02s
[539.890s][info][gc,marking  ] GC(1217) Concurrent Mark 173.657ms
[539.890s][info][gc,marking  ] GC(1217) Concurrent Rebuild Remembered Sets and Scrub Regions
[539.906s][info][gc,start    ] GC(1218) Pause Young (Normal) (G1 Evacuation Pause)
[539.906s][info][gc,task     ] GC(1218) Using 2 workers of 2 for evacuation
[539.941s][info][gc,phases   ] GC(1218)   Pre Evacuate Collection Set: 0.22ms
[539.941s][info][gc,phases   ] GC(1218)   Merge Heap Roots: 0.19ms
[539.941s][info][gc,phases   ] GC(1218)   Evacuate Collection Set: 33.83ms
[539.941s][info][gc,phases   ] GC(1218)   Post Evacuate Collection Set: 0.38ms
[539.941s][info][gc,phases   ] GC(1218)   Other: 0.10ms
[539.941s][info][gc,heap     ] GC(1218) Eden regions: 56->0(68)
[539.941s][info][gc,heap     ] GC(1218) Survivor regions: 13->9(9)
[539.941s][info][gc,heap     ] GC(1218) Old regions: 292->332
[539.941s][info][gc,heap     ] GC(1218) Humongous regions: 6->6
[539.941s][info][gc,metaspace] GC(1218) Metaspace: 43142K(43520K)->43142K(43520K) NonClass: 40333K(40576K)->40333K(40576K) Class: 2808K(2944K)->2808K(2944K)
[539.941s][info][gc          ] GC(1218) Pause Young (Normal) (G1 Evacuation Pause) 366M->347M(519M) 34.908ms
[539.941s][info][gc,cpu      ] GC(1218) User=0.07s Sys=0.00s Real=0.04s
[540.023s][info][gc,marking  ] GC(1217) Concurrent Rebuild Remembered Sets and Scrub Regions 132.986ms
[540.024s][info][gc,start    ] GC(1217) Pause Cleanup
[540.024s][info][gc          ] GC(1217) Pause Cleanup 367M->367M(519M) 0.100ms
[540.024s][info][gc,cpu      ] GC(1217) User=0.00s Sys=0.00s Real=0.00s
[540.024s][info][gc,marking  ] GC(1217) Concurrent Clear Claimed Marks
[540.024s][info][gc,marking  ] GC(1217) Concurrent Clear Claimed Marks 0.040ms
[540.024s][info][gc,marking  ] GC(1217) Concurrent Cleanup for Next Mark
[540.026s][info][gc,marking  ] GC(1217) Concurrent Cleanup for Next Mark 2.670ms
[540.026s][info][gc          ] GC(1217) Concurrent Mark Cycle 339.517ms
[540.189s][info][gc,start    ] GC(1219) Pause Young (Prepare Mixed) (G1 Evacuation Pause)
[540.189s][info][gc,task     ] GC(1219) Using 2 workers of 2 for evacuation
[540.229s][info][gc,phases   ] GC(1219)   Pre Evacuate Collection Set: 0.25ms
[540.229s][info][gc,phases   ] GC(1219)   Merge Heap Roots: 0.34ms
[540.229s][info][gc,phases   ] GC(1219)   Evacuate Collection Set: 38.51ms
[540.229s][info][gc,phases   ] GC(1219)   Post Evacuate Collection Set: 0.42ms
[540.229s][info][gc,phases   ] GC(1219)   Other: 0.08ms
[540.229s][info][gc,heap     ] GC(1219) Eden regions: 68->0(55)
[540.229s][info][gc,heap     ] GC(1219) Survivor regions: 9->10(10)
[540.229s][info][gc,heap     ] GC(1219) Old regions: 332->365
[540.229s][info][gc,heap     ] GC(1219) Humongous regions: 6->6
[540.229s][info][gc,metaspace] GC(1219) Metaspace: 43142K(43520K)->43142K(43520K) NonClass: 40333K(40576K)->40333K(40576K) Class: 2808K(2944K)->2808K(2944K)
[540.229s][info][gc          ] GC(1219) Pause Young (Prepare Mixed) (G1 Evacuation Pause) 415M->381M(519M) 39.804ms
[540.229s][info][gc,cpu      ] GC(1219) User=0.08s Sys=0.00s Real=0.04s
[540.406s][info][gc,start    ] GC(1220) Pause Young (Mixed) (G1 Evacuation Pause)
[540.406s][info][gc,task     ] GC(1220) Using 2 workers of 2 for evacuation
[540.440s][info][gc,phases   ] GC(1220)   Pre Evacuate Collection Set: 0.27ms
[540.440s][info][gc,phases   ] GC(1220)   Merge Heap Roots: 0.31ms
[540.440s][info][gc,phases   ] GC(1220)   Evacuate Collection Set: 32.59ms
[540.440s][info][gc,phases   ] GC(1220)   Post Evacuate Collection Set: 0.94ms
[540.440s][info][gc,phases   ] GC(1220)   Other: 0.08ms
[540.440s][info][gc,heap     ] GC(1220) Eden regions: 55->0(91)
[540.440s][info][gc,heap     ] GC(1220) Survivor regions: 10->9(9)
[540.440s][info][gc,heap     ] GC(1220) Old regions: 365->343
[540.440s][info][gc,heap     ] GC(1220) Humongous regions: 7->7
[540.440s][info][gc,metaspace] GC(1220) Metaspace: 43142K(43520K)->43142K(43520K) NonClass: 40333K(40576K)->40333K(40576K) Class: 2808K(2944K)->2808K(2944K)
[540.440s][info][gc          ] GC(1220) Pause Young (Mixed) (G1 Evacuation Pause) 437M->358M(575M) 34.440ms
[540.440s][info][gc,cpu      ] GC(1220) User=0.06s Sys=0.00s Real=0.04s
[540.780s][info][gc,start    ] GC(1221) Pause Young (Mixed) (G1 Evacuation Pause)
[540.780s][info][gc,task     ] GC(1221) Using 2 workers of 2 for evacuation
[540.815s][info][gc,phases   ] GC(1221)   Pre Evacuate Collection Set: 0.30ms
[540.815s][info][gc,phases   ] GC(1221)   Merge Heap Roots: 0.66ms
[540.815s][info][gc,phases   ] GC(1221)   Evacuate Collection Set: 32.89ms
[540.815s][info][gc,phases   ] GC(1221)   Post Evacuate Collection Set: 0.44ms
[540.815s][info][gc,phases   ] GC(1221)   Other: 0.07ms
[540.815s][info][gc,heap     ] GC(1221) Eden regions: 91->0(113)
[540.815s][info][gc,heap     ] GC(1221) Survivor regions: 9->7(13)
[540.815s][info][gc,heap     ] GC(1221) Old regions: 343->322
[540.815s][info][gc,heap     ] GC(1221) Humongous regions: 7->7
[540.815s][info][gc,metaspace] GC(1221) Metaspace: 43142K(43520K)->43142K(43520K) NonClass: 40333K(40576K)->40333K(40576K) Class: 2808K(2944K)->2808K(2944K)
[540.815s][info][gc          ] GC(1221) Pause Young (Mixed) (G1 Evacuation Pause) 449M->335M(575M) 34.548ms
[540.815s][info][gc,cpu      ] GC(1221) User=0.07s Sys=0.00s Real=0.03s
[541.178s][info][gc,start    ] GC(1222) Pause Young (Normal) (G1 Evacuation Pause)
[541.178s][info][gc,task     ] GC(1222) Using 2 workers of 2 for evacuation
[541.189s][info][gc,phases   ] GC(1222)   Pre Evacuate Collection Set: 0.28ms
[541.189s][info][gc,phases   ] GC(1222)   Merge Heap Roots: 0.10ms
[541.189s][info][gc,phases   ] GC(1222)   Evacuate Collection Set: 10.06ms
[541.189s][info][gc,phases   ] GC(1222)   Post Evacuate Collection Set: 0.39ms
[541.189s][info][gc,phases   ] GC(1222)   Other: 0.07ms
[541.189s][info][gc,heap     ] GC(1222) Eden regions: 113->0(120)
[541.189s][info][gc,heap     ] GC(1222) Survivor regions: 7->14(15)
[541.189s][info][gc,heap     ] GC(1222) Old regions: 322->322
[541.189s][info][gc,heap     ] GC(1222) Humongous regions: 7->7
[541.189s][info][gc,metaspace] GC(1222) Metaspace: 43143K(43520K)->43143K(43520K) NonClass: 40334K(40576K)->40334K(40576K) Class: 2808K(2944K)->2808K(2944K)
[541.189s][info][gc          ] GC(1222) Pause Young (Normal) (G1 Evacuation Pause) 448M->342M(575M) 11.078ms
[541.189s][info][gc,cpu      ] GC(1222) User=0.02s Sys=0.00s Real=0.01s
[541.416s][info][gc,start    ] GC(1223) Pause Young (Concurrent Start) (G1 Humongous Allocation)
[541.416s][info][gc,task     ] GC(1223) Using 2 workers of 2 for evacuation
[541.441s][info][gc,phases   ] GC(1223)   Pre Evacuate Collection Set: 0.27ms
[541.441s][info][gc,phases   ] GC(1223)   Merge Heap Roots: 0.08ms
[541.441s][info][gc,phases   ] GC(1223)   Evacuate Collection Set: 24.01ms
[541.441s][info][gc,phases   ] GC(1223)   Post Evacuate Collection Set: 0.42ms
[541.441s][info][gc,phases   ] GC(1223)   Other: 0.09ms
[541.441s][info][gc,heap     ] GC(1223) Eden regions: 67->0(106)
[541.441s][info][gc,heap     ] GC(1223) Survivor regions: 14->17(17)
[541.441s][info][gc,heap     ] GC(1223) Old regions: 322->343
[541.441s][info][gc,heap     ] GC(1223) Humongous regions: 7->7
[541.441s][info][gc,metaspace] GC(1223) Metaspace: 43143K(43520K)->43143K(43520K) NonClass: 40334K(40576K)->40334K(40576K) Class: 2808K(2944K)->2808K(2944K)
[541.441s][info][gc          ] GC(1223) Pause Young (Concurrent Start) (G1 Humongous Allocation) 409M->366M(575M) 25.081ms
[541.441s][info][gc,cpu      ] GC(1223) User=0.05s Sys=0.00s Real=0.03s
[541.441s][info][gc          ] GC(1224) Concurrent Mark Cycle
[541.441s][info][gc,marking  ] GC(1224) Concurrent Scan Root Regions
[541.459s][info][gc,marking  ] GC(1224) Concurrent Scan Root Regions 17.785ms
[541.459s][info][gc,marking  ] GC(1224) Concurrent Mark
[541.459s][info][gc,marking  ] GC(1224) Concurrent Mark From Roots
[541.459s][info][gc,task     ] GC(1224) Using 1 workers of 1 for marking
[541.545s][info][gc,marking  ] GC(1224) Concurrent Mark From Roots 86.486ms
[541.545s][info][gc,marking  ] GC(1224) Concurrent Preclean
[541.545s][info][gc,marking  ] GC(1224) Concurrent Preclean 0.047ms
[541.546s][info][gc,start    ] GC(1224) Pause Remark
[541.562s][info][gc          ] GC(1224) Pause Remark 392M->233M(575M) 16.239ms
[541.562s][info][gc,cpu      ] GC(1224) User=0.04s Sys=0.00s Real=0.02s
[541.562s][info][gc,marking  ] GC(1224) Concurrent Mark 103.057ms
[541.562s][info][gc,marking  ] GC(1224) Concurrent Rebuild Remembered Sets and Scrub Regions
[541.611s][info][gc,marking  ] GC(1224) Concurrent Rebuild Remembered Sets and Scrub Regions 49.070ms
[541.611s][info][gc,start    ] GC(1224) Pause Cleanup
[541.611s][info][gc          ] GC(1224) Pause Cleanup 247M->247M(575M) 0.089ms
[541.611s][info][gc,cpu      ] GC(1224) User=0.00s Sys=0.00s Real=0.00s
[541.611s][info][gc,marking  ] GC(1224) Concurrent Clear Claimed Marks
[541.611s][info][gc,marking  ] GC(1224) Concurrent Clear Claimed Marks 0.039ms
[541.611s][info][gc,marking  ] GC(1224) Concurrent Cleanup for Next Mark
[541.614s][info][gc,marking  ] GC(1224) Concurrent Cleanup for Next Mark 2.253ms
[541.614s][info][gc          ] GC(1224) Concurrent Mark Cycle 172.613ms
[541.832s][info][gc,start    ] GC(1225) Pause Young (Prepare Mixed) (G1 Evacuation Pause)
[541.832s][info][gc,task     ] GC(1225) Using 2 workers of 2 for evacuation
[541.855s][info][gc,phases   ] GC(1225)   Pre Evacuate Collection Set: 0.27ms
[541.855s][info][gc,phases   ] GC(1225)   Merge Heap Roots: 0.23ms
[541.855s][info][gc,phases   ] GC(1225)   Evacuate Collection Set: 21.64ms
[541.855s][info][gc,phases   ] GC(1225)   Post Evacuate Collection Set: 0.43ms
[541.855s][info][gc,phases   ] GC(1225)   Other: 0.09ms
[541.855s][info][gc,heap     ] GC(1225) Eden regions: 106->0(200)
[541.855s][info][gc,heap     ] GC(1225) Survivor regions: 17->16(16)
[541.855s][info][gc,heap     ] GC(1225) Old regions: 187->194
[541.855s][info][gc,heap     ] GC(1225) Humongous regions: 5->4
[541.855s][info][gc,metaspace] GC(1225) Metaspace: 43143K(43520K)->43143K(43520K) NonClass: 40334K(40576K)->40334K(40576K) Class: 2808K(2944K)->2808K(2944K)
[541.855s][info][gc          ] GC(1225) Pause Young (Prepare Mixed) (G1 Evacuation Pause) 314M->214M(575M) 22.850ms
[541.855s][info][gc,cpu      ] GC(1225) User=0.04s Sys=0.00s Real=0.02s
[542.492s][info][gc,start    ] GC(1226) Pause Young (Mixed) (G1 Evacuation Pause)
[542.492s][info][gc,task     ] GC(1226) Using 2 workers of 2 for evacuation
[542.527s][info][gc,phases   ] GC(1226)   Pre Evacuate Collection Set: 0.28ms
[542.527s][info][gc,phases   ] GC(1226)   Merge Heap Roots: 0.21ms
[542.527s][info][gc,phases   ] GC(1226)   Evacuate Collection Set: 33.66ms
[542.527s][info][gc,phases   ] GC(1226)   Post Evacuate Collection Set: 0.60ms
[542.527s][info][gc,phases   ] GC(1226)   Other: 0.10ms
[542.527s][info][gc,heap     ] GC(1226) Eden regions: 200->0(218)
[542.527s][info][gc,heap     ] GC(1226) Survivor regions: 16->27(27)
[542.527s][info][gc,heap     ] GC(1226) Old regions: 194->158
[542.527s][info][gc,heap     ] GC(1226) Humongous regions: 6->5
[542.527s][info][gc,metaspace] GC(1226) Metaspace: 43143K(43520K)->43143K(43520K) NonClass: 40334K(40576K)->40334K(40576K) Class: 2808K(2944K)->2808K(2944K)
[542.527s][info][gc          ] GC(1226) Pause Young (Mixed) (G1 Evacuation Pause) 416M->190M(575M) 35.047ms
[542.527s][info][gc,cpu      ] GC(1226) User=0.07s Sys=0.00s Real=0.04s
[543.206s][info][gc,start    ] GC(1227) Pause Young (Mixed) (G1 Evacuation Pause)
[543.206s][info][gc,task     ] GC(1227) Using 2 workers of 2 for evacuation
[543.237s][info][gc,phases   ] GC(1227)   Pre Evacuate Collection Set: 0.35ms
[543.237s][info][gc,phases   ] GC(1227)   Merge Heap Roots: 0.26ms
[543.237s][info][gc,phases   ] GC(1227)   Evacuate Collection Set: 29.60ms
[543.237s][info][gc,phases   ] GC(1227)   Post Evacuate Collection Set: 0.49ms
[543.237s][info][gc,phases   ] GC(1227)   Other: 0.11ms
[543.237s][info][gc,heap     ] GC(1227) Eden regions: 218->0(231)
[543.237s][info][gc,heap     ] GC(1227) Survivor regions: 27->23(31)
[543.237s][info][gc,heap     ] GC(1227) Old regions: 158->160
[543.237s][info][gc,heap     ] GC(1227) Humongous regions: 7->6
[543.237s][info][gc,metaspace] GC(1227) Metaspace: 43143K(43520K)->43143K(43520K) NonClass: 40334K(40576K)->40334K(40576K) Class: 2808K(2944K)->2808K(2944K)
[543.237s][info][gc          ] GC(1227) Pause Young (Mixed) (G1 Evacuation Pause) 410M->188M(575M) 31.010ms
[543.237s][info][gc,cpu      ] GC(1227) User=0.06s Sys=0.00s Real=0.04s
[543.967s][info][gc,start    ] GC(1228) Pause Young (Normal) (G1 Evacuation Pause)
[543.967s][info][gc,task     ] GC(1228) Using 2 workers of 2 for evacuation
[543.981s][info][gc,phases   ] GC(1228)   Pre Evacuate Collection Set: 0.28ms
[543.981s][info][gc,phases   ] GC(1228)   Merge Heap Roots: 0.09ms
[543.981s][info][gc,phases   ] GC(1228)   Evacuate Collection Set: 12.56ms
[543.981s][info][gc,phases   ] GC(1228)   Post Evacuate Collection Set: 0.47ms
[543.981s][info][gc,phases   ] GC(1228)   Other: 0.08ms
[543.981s][info][gc,heap     ] GC(1228) Eden regions: 231->0(249)
[543.981s][info][gc,heap     ] GC(1228) Survivor regions: 23->12(32)
[543.981s][info][gc,heap     ] GC(1228) Old regions: 160->171
[543.981s][info][gc,heap     ] GC(1228) Humongous regions: 9->6
[543.981s][info][gc,metaspace] GC(1228) Metaspace: 43143K(43520K)->43143K(43520K) NonClass: 40334K(40576K)->40334K(40576K) Class: 2808K(2944K)->2808K(2944K)
[543.981s][info][gc          ] GC(1228) Pause Young (Normal) (G1 Evacuation Pause) 422M->188M(575M) 13.674ms
[543.981s][info][gc,cpu      ] GC(1228) User=0.02s Sys=0.00s Real=0.01s
[544.155s][info][gc,start    ] GC(1229) Pause Young (Concurrent Start) (G1 Humongous Allocation)
[544.155s][info][gc,task     ] GC(1229) Using 2 workers of 2 for evacuation
[544.167s][info][gc,phases   ] GC(1229)   Pre Evacuate Collection Set: 0.25ms
[544.167s][info][gc,phases   ] GC(1229)   Merge Heap Roots: 0.06ms
[544.167s][info][gc,phases   ] GC(1229)   Evacuate Collection Set: 11.31ms
[544.167s][info][gc,phases   ] GC(1229)   Post Evacuate Collection Set: 0.38ms
[544.167s][info][gc,phases   ] GC(1229)   Other: 0.16ms
[544.167s][info][gc,heap     ] GC(1229) Eden regions: 59->0(256)
[544.167s][info][gc,heap     ] GC(1229) Survivor regions: 12->20(33)
[544.167s][info][gc,heap     ] GC(1229) Old regions: 171->171
[544.167s][info][gc,heap     ] GC(1229) Humongous regions: 6->4
[544.167s][info][gc,metaspace] GC(1229) Metaspace: 43143K(43520K)->43143K(43520K) NonClass: 40334K(40576K)->40334K(40576K) Class: 2808K(2944K)->2808K(2944K)
[544.167s][info][gc          ] GC(1229) Pause Young (Concurrent Start) (G1 Humongous Allocation) 246M->194M(575M) 12.338ms
[544.167s][info][gc          ] GC(1230) Concurrent Mark Cycle
[544.167s][info][gc,marking  ] GC(1230) Concurrent Scan Root Regions
[544.168s][info][gc,cpu      ] GC(1229) User=0.03s Sys=0.00s Real=0.02s
[544.174s][info][gc,marking  ] GC(1230) Concurrent Scan Root Regions 7.282ms
[544.174s][info][gc,marking  ] GC(1230) Concurrent Mark
[544.174s][info][gc,marking  ] GC(1230) Concurrent Mark From Roots
[544.174s][info][gc,task     ] GC(1230) Using 1 workers of 1 for marking
[544.248s][info][gc,marking  ] GC(1230) Concurrent Mark From Roots 73.621ms
[544.248s][info][gc,marking  ] GC(1230) Concurrent Preclean
[544.248s][info][gc,marking  ] GC(1230) Concurrent Preclean 0.043ms
[544.248s][info][gc,start    ] GC(1230) Pause Remark
[544.265s][info][gc          ] GC(1230) Pause Remark 223M->155M(430M) 16.841ms
[544.265s][info][gc,cpu      ] GC(1230) User=0.04s Sys=0.00s Real=0.01s
[544.265s][info][gc,marking  ] GC(1230) Concurrent Mark 90.790ms
[544.265s][info][gc,marking  ] GC(1230) Concurrent Rebuild Remembered Sets and Scrub Regions
[544.294s][info][gc,marking  ] GC(1230) Concurrent Rebuild Remembered Sets and Scrub Regions 28.438ms
[544.294s][info][gc,start    ] GC(1230) Pause Cleanup
[544.294s][info][gc          ] GC(1230) Pause Cleanup 165M->165M(430M) 0.058ms
[544.294s][info][gc,cpu      ] GC(1230) User=0.00s Sys=0.00s Real=0.00s
[544.294s][info][gc,marking  ] GC(1230) Concurrent Clear Claimed Marks
[544.294s][info][gc,marking  ] GC(1230) Concurrent Clear Claimed Marks 0.037ms
[544.294s][info][gc,marking  ] GC(1230) Concurrent Cleanup for Next Mark
[544.295s][info][gc,marking  ] GC(1230) Concurrent Cleanup for Next Mark 1.225ms
[544.295s][info][gc          ] GC(1230) Concurrent Mark Cycle 128.102ms
[544.861s][info][gc,start    ] GC(1231) Pause Young (Prepare Mixed) (G1 Evacuation Pause)
[544.861s][info][gc,task     ] GC(1231) Using 2 workers of 2 for evacuation
[544.873s][info][gc,phases   ] GC(1231)   Pre Evacuate Collection Set: 0.21ms
[544.873s][info][gc,phases   ] GC(1231)   Merge Heap Roots: 0.07ms
[544.873s][info][gc,phases   ] GC(1231)   Evacuate Collection Set: 11.05ms
[544.873s][info][gc,phases   ] GC(1231)   Post Evacuate Collection Set: 0.50ms
[544.873s][info][gc,phases   ] GC(1231)   Other: 0.07ms
[544.873s][info][gc,heap     ] GC(1231) Eden regions: 238->0(215)
[544.873s][info][gc,heap     ] GC(1231) Survivor regions: 20->2(33)
[544.873s][info][gc,heap     ] GC(1231) Old regions: 106->125
[544.873s][info][gc,heap     ] GC(1231) Humongous regions: 3->3
[544.873s][info][gc,metaspace] GC(1231) Metaspace: 43143K(43520K)->43143K(43520K) NonClass: 40334K(40576K)->40334K(40576K) Class: 2808K(2944K)->2808K(2944K)
[544.873s][info][gc          ] GC(1231) Pause Young (Prepare Mixed) (G1 Evacuation Pause) 367M->130M(430M) 12.079ms
[544.873s][info][gc,cpu      ] GC(1231) User=0.02s Sys=0.00s Real=0.01s
[545.465s][info][gc,start    ] GC(1232) Pause Young (Mixed) (G1 Evacuation Pause)
[545.465s][info][gc,task     ] GC(1232) Using 2 workers of 2 for evacuation
[545.469s][info][gc,phases   ] GC(1232)   Pre Evacuate Collection Set: 0.22ms
[545.469s][info][gc,phases   ] GC(1232)   Merge Heap Roots: 0.11ms
[545.469s][info][gc,phases   ] GC(1232)   Evacuate Collection Set: 3.70ms
[545.469s][info][gc,phases   ] GC(1232)   Post Evacuate Collection Set: 0.45ms
[545.470s][info][gc,phases   ] GC(1232)   Other: 0.07ms
[545.470s][info][gc,heap     ] GC(1232) Eden regions: 215->0(249)
[545.470s][info][gc,heap     ] GC(1232) Survivor regions: 2->3(28)
[545.470s][info][gc,heap     ] GC(1232) Old regions: 125->93
[545.470s][info][gc,heap     ] GC(1232) Humongous regions: 4->3
[545.470s][info][gc,metaspace] GC(1232) Metaspace: 43143K(43520K)->43143K(43520K) NonClass: 40334K(40576K)->40334K(40576K) Class: 2808K(2944K)->2808K(2944K)
[545.470s][info][gc          ] GC(1232) Pause Young (Mixed) (G1 Evacuation Pause) 346M->98M(430M) 4.739ms
[545.470s][info][gc,cpu      ] GC(1232) User=0.01s Sys=0.00s Real=0.01s
[545.935s][info][gc,start    ] GC(1233) Pause Young (Concurrent Start) (G1 Evacuation Pause)
[545.935s][info][gc,task     ] GC(1233) Using 2 workers of 2 for evacuation
[545.941s][info][gc,phases   ] GC(1233)   Pre Evacuate Collection Set: 0.22ms
[545.941s][info][gc,phases   ] GC(1233)   Merge Heap Roots: 0.07ms
[545.941s][info][gc,phases   ] GC(1233)   Evacuate Collection Set: 4.70ms
[545.941s][info][gc,phases   ] GC(1233)   Post Evacuate Collection Set: 0.47ms
[545.941s][info][gc,phases   ] GC(1233)   Other: 0.10ms
[545.941s][info][gc,heap     ] GC(1233) Eden regions: 249->0(252)
[545.941s][info][gc,heap     ] GC(1233) Survivor regions: 3->6(32)
[545.941s][info][gc,heap     ] GC(1233) Old regions: 93->93
[545.941s][info][gc,heap     ] GC(1233) Humongous regions: 3->1
[545.941s][info][gc,metaspace] GC(1233) Metaspace: 43143K(43520K)->43143K(43520K) NonClass: 40334K(40576K)->40334K(40576K) Class: 2808K(2944K)->2808K(2944K)
[545.941s][info][gc          ] GC(1233) Pause Young (Concurrent Start) (G1 Evacuation Pause) 347M->99M(430M) 5.779ms
[545.941s][info][gc,cpu      ] GC(1233) User=0.01s Sys=0.00s Real=0.01s
[545.941s][info][gc          ] GC(1234) Concurrent Mark Cycle
[545.941s][info][gc,marking  ] GC(1234) Concurrent Scan Root Regions
[545.944s][info][gc,marking  ] GC(1234) Concurrent Scan Root Regions 2.621ms
[545.944s][info][gc,marking  ] GC(1234) Concurrent Mark
[545.944s][info][gc,marking  ] GC(1234) Concurrent Mark From Roots
[545.944s][info][gc,task     ] GC(1234) Using 1 workers of 1 for marking
[546.014s][info][gc,marking  ] GC(1234) Concurrent Mark From Roots 70.784ms
[546.014s][info][gc,marking  ] GC(1234) Concurrent Preclean
[546.014s][info][gc,marking  ] GC(1234) Concurrent Preclean 0.051ms
[546.015s][info][gc,start    ] GC(1234) Pause Remark
[546.031s][info][gc          ] GC(1234) Pause Remark 148M->133M(284M) 16.620ms
[546.031s][info][gc,cpu      ] GC(1234) User=0.04s Sys=0.00s Real=0.02s
[546.031s][info][gc,marking  ] GC(1234) Concurrent Mark 87.722ms
[546.031s][info][gc,marking  ] GC(1234) Concurrent Rebuild Remembered Sets and Scrub Regions
[546.060s][info][gc,marking  ] GC(1234) Concurrent Rebuild Remembered Sets and Scrub Regions 28.843ms
[546.060s][info][gc,start    ] GC(1234) Pause Cleanup
[546.060s][info][gc          ] GC(1234) Pause Cleanup 152M->152M(284M) 0.041ms
[546.060s][info][gc,cpu      ] GC(1234) User=0.00s Sys=0.00s Real=0.00s
[546.060s][info][gc,marking  ] GC(1234) Concurrent Clear Claimed Marks
[546.060s][info][gc,marking  ] GC(1234) Concurrent Clear Claimed Marks 0.036ms
[546.060s][info][gc,marking  ] GC(1234) Concurrent Cleanup for Next Mark
[546.061s][info][gc,marking  ] GC(1234) Concurrent Cleanup for Next Mark 0.818ms
[546.061s][info][gc          ] GC(1234) Concurrent Mark Cycle 120.367ms
[546.209s][info][gc,start    ] GC(1235) Pause Young (Prepare Mixed) (G1 Evacuation Pause)
[546.209s][info][gc,task     ] GC(1235) Using 2 workers of 2 for evacuation
[546.212s][info][gc,phases   ] GC(1235)   Pre Evacuate Collection Set: 0.19ms
[546.212s][info][gc,phases   ] GC(1235)   Merge Heap Roots: 0.07ms
[546.212s][info][gc,phases   ] GC(1235)   Evacuate Collection Set: 3.11ms
[546.212s][info][gc,phases   ] GC(1235)   Post Evacuate Collection Set: 0.39ms
[546.212s][info][gc,phases   ] GC(1235)   Other: 0.07ms
[546.212s][info][gc,heap     ] GC(1235) Eden regions: 164->0(164)
[546.213s][info][gc,heap     ] GC(1235) Survivor regions: 6->5(22)
[546.213s][info][gc,heap     ] GC(1235) Old regions: 78->78
[546.213s][info][gc,heap     ] GC(1235) Humongous regions: 1->1
[546.213s][info][gc,metaspace] GC(1235) Metaspace: 43143K(43520K)->43143K(43520K) NonClass: 40334K(40576K)->40334K(40576K) Class: 2808K(2944K)->2808K(2944K)
[546.213s][info][gc          ] GC(1235) Pause Young (Prepare Mixed) (G1 Evacuation Pause) 248M->83M(284M) 4.022ms
[546.213s][info][gc,cpu      ] GC(1235) User=0.01s Sys=0.00s Real=0.00s
[546.728s][info][gc,start    ] GC(1236) Pause Young (Mixed) (G1 Evacuation Pause)
[546.728s][info][gc,task     ] GC(1236) Using 2 workers of 2 for evacuation
[546.743s][info][gc,phases   ] GC(1236)   Pre Evacuate Collection Set: 0.23ms
[546.743s][info][gc,phases   ] GC(1236)   Merge Heap Roots: 0.13ms
[546.743s][info][gc,phases   ] GC(1236)   Evacuate Collection Set: 13.36ms
[546.743s][info][gc,phases   ] GC(1236)   Post Evacuate Collection Set: 0.95ms
[546.743s][info][gc,phases   ] GC(1236)   Other: 0.08ms
[546.743s][info][gc,heap     ] GC(1236) Eden regions: 136->0(230)
[546.743s][info][gc,heap     ] GC(1236) Survivor regions: 5->8(22)
[546.743s][info][gc,heap     ] GC(1236) Old regions: 78->66
[546.743s][info][gc,heap     ] GC(1236) Humongous regions: 169->3
[546.743s][info][gc,metaspace] GC(1236) Metaspace: 43143K(43520K)->43143K(43520K) NonClass: 40334K(40576K)->40334K(40576K) Class: 2808K(2944K)->2808K(2944K)
[546.743s][info][gc          ] GC(1236) Pause Young (Mixed) (G1 Evacuation Pause) 387M->75M(398M) 14.944ms
[546.743s][info][gc,cpu      ] GC(1236) User=0.03s Sys=0.00s Real=0.01s
[546.780s][info][gc,start    ] GC(1237) Pause Young (Concurrent Start) (G1 Humongous Allocation)
[546.781s][info][gc,task     ] GC(1237) Using 2 workers of 2 for evacuation
[546.788s][info][gc,phases   ] GC(1237)   Pre Evacuate Collection Set: 0.26ms
[546.788s][info][gc,phases   ] GC(1237)   Merge Heap Roots: 0.06ms
[546.788s][info][gc,phases   ] GC(1237)   Evacuate Collection Set: 6.13ms
[546.788s][info][gc,phases   ] GC(1237)   Post Evacuate Collection Set: 0.67ms
[546.788s][info][gc,phases   ] GC(1237)   Other: 0.09ms
[546.788s][info][gc,heap     ] GC(1237) Eden regions: 6->0(229)
[546.788s][info][gc,heap     ] GC(1237) Survivor regions: 8->9(30)
[546.788s][info][gc,heap     ] GC(1237) Old regions: 66->66
[546.788s][info][gc,heap     ] GC(1237) Humongous regions: 31->1
[546.788s][info][gc,metaspace] GC(1237) Metaspace: 43143K(43520K)->43143K(43520K) NonClass: 40334K(40576K)->40334K(40576K) Class: 2808K(2944K)->2808K(2944K)
[546.788s][info][gc          ] GC(1237) Pause Young (Concurrent Start) (G1 Humongous Allocation) 108M->74M(398M) 7.400ms
[546.788s][info][gc,cpu      ] GC(1237) User=0.01s Sys=0.00s Real=0.01s
[546.788s][info][gc          ] GC(1238) Concurrent Undo Cycle
[546.788s][info][gc,marking  ] GC(1238) Concurrent Clear Claimed Marks
[546.788s][info][gc,marking  ] GC(1238) Concurrent Clear Claimed Marks 0.039ms
[546.788s][info][gc,marking  ] GC(1238) Concurrent Cleanup for Next Mark
[546.788s][info][gc,marking  ] GC(1238) Concurrent Cleanup for Next Mark 0.108ms
[546.788s][info][gc          ] GC(1238) Concurrent Undo Cycle 0.184ms
[546.791s][info][gc,start    ] GC(1239) Pause Young (Concurrent Start) (G1 Humongous Allocation)
[546.791s][info][gc,task     ] GC(1239) Using 2 workers of 2 for evacuation
[546.797s][info][gc,phases   ] GC(1239)   Pre Evacuate Collection Set: 0.18ms
[546.797s][info][gc,phases   ] GC(1239)   Merge Heap Roots: 0.05ms
[546.797s][info][gc,phases   ] GC(1239)   Evacuate Collection Set: 5.73ms
[546.797s][info][gc,phases   ] GC(1239)   Post Evacuate Collection Set: 0.33ms
[546.797s][info][gc,phases   ] GC(1239)   Other: 0.10ms
[546.797s][info][gc,heap     ] GC(1239) Eden regions: 1->0(229)
[546.797s][info][gc,heap     ] GC(1239) Survivor regions: 9->9(30)
[546.797s][info][gc,heap     ] GC(1239) Old regions: 66->66
[546.797s][info][gc,heap     ] GC(1239) Humongous regions: 3->1
[546.797s][info][gc,metaspace] GC(1239) Metaspace: 43143K(43520K)->43143K(43520K) NonClass: 40334K(40576K)->40334K(40576K) Class: 2808K(2944K)->2808K(2944K)
[546.797s][info][gc          ] GC(1239) Pause Young (Concurrent Start) (G1 Humongous Allocation) 77M->75M(398M) 6.517ms
[546.797s][info][gc,cpu      ] GC(1239) User=0.01s Sys=0.00s Real=0.01s
[546.797s][info][gc          ] GC(1240) Concurrent Mark Cycle
[546.797s][info][gc,marking  ] GC(1240) Concurrent Scan Root Regions
[546.802s][info][gc,marking  ] GC(1240) Concurrent Scan Root Regions 4.025ms
[546.802s][info][gc,marking  ] GC(1240) Concurrent Mark
[546.802s][info][gc,marking  ] GC(1240) Concurrent Mark From Roots
[546.802s][info][gc,task     ] GC(1240) Using 1 workers of 1 for marking
[546.872s][info][gc,marking  ] GC(1240) Concurrent Mark From Roots 70.025ms
[546.872s][info][gc,marking  ] GC(1240) Concurrent Preclean
[546.872s][info][gc,marking  ] GC(1240) Concurrent Preclean 0.067ms
[546.872s][info][gc,start    ] GC(1240) Pause Remark
[546.889s][info][gc          ] GC(1240) Pause Remark 139M->138M(398M) 17.017ms
[546.889s][info][gc,cpu      ] GC(1240) User=0.04s Sys=0.00s Real=0.02s
[546.889s][info][gc,marking  ] GC(1240) Concurrent Mark 87.432ms
[546.889s][info][gc,marking  ] GC(1240) Concurrent Rebuild Remembered Sets and Scrub Regions
[546.917s][info][gc,marking  ] GC(1240) Concurrent Rebuild Remembered Sets and Scrub Regions 28.479ms
[546.918s][info][gc,start    ] GC(1240) Pause Cleanup
[546.918s][info][gc          ] GC(1240) Pause Cleanup 162M->162M(398M) 0.077ms
[546.918s][info][gc,cpu      ] GC(1240) User=0.00s Sys=0.00s Real=0.00s
[546.918s][info][gc,marking  ] GC(1240) Concurrent Clear Claimed Marks
[546.918s][info][gc,marking  ] GC(1240) Concurrent Clear Claimed Marks 0.065ms
[546.918s][info][gc,marking  ] GC(1240) Concurrent Cleanup for Next Mark
[546.920s][info][gc,marking  ] GC(1240) Concurrent Cleanup for Next Mark 2.243ms
[546.920s][info][gc          ] GC(1240) Concurrent Mark Cycle 122.616ms
[547.370s][info][gc,start    ] GC(1241) Pause Young (Prepare Mixed) (G1 Evacuation Pause)
[547.370s][info][gc,task     ] GC(1241) Using 2 workers of 2 for evacuation
[547.387s][info][gc,phases   ] GC(1241)   Pre Evacuate Collection Set: 0.26ms
[547.387s][info][gc,phases   ] GC(1241)   Merge Heap Roots: 0.09ms
[547.387s][info][gc,phases   ] GC(1241)   Evacuate Collection Set: 15.55ms
[547.387s][info][gc,phases   ] GC(1241)   Post Evacuate Collection Set: 0.84ms
[547.387s][info][gc,phases   ] GC(1241)   Other: 0.08ms
[547.387s][info][gc,heap     ] GC(1241) Eden regions: 59->0(292)
[547.387s][info][gc,heap     ] GC(1241) Survivor regions: 9->13(37)
[547.387s][info][gc,heap     ] GC(1241) Old regions: 65->65
[547.387s][info][gc,heap     ] GC(1241) Humongous regions: 363->3
[547.387s][info][gc,metaspace] GC(1241) Metaspace: 43143K(43520K)->43143K(43520K) NonClass: 40334K(40576K)->40334K(40576K) Class: 2808K(2944K)->2808K(2944K)
[547.387s][info][gc          ] GC(1241) Pause Young (Prepare Mixed) (G1 Evacuation Pause) 495M->80M(509M) 17.008ms
[547.387s][info][gc,cpu      ] GC(1241) User=0.02s Sys=0.01s Real=0.02s
[548.047s][info][gc,start    ] GC(1242) Pause Young (Mixed) (G1 Evacuation Pause)
[548.047s][info][gc,task     ] GC(1242) Using 2 workers of 2 for evacuation
[548.083s][info][gc,phases   ] GC(1242)   Pre Evacuate Collection Set: 0.31ms
[548.083s][info][gc,phases   ] GC(1242)   Merge Heap Roots: 0.11ms
[548.083s][info][gc,phases   ] GC(1242)   Evacuate Collection Set: 34.06ms
[548.083s][info][gc,phases   ] GC(1242)   Post Evacuate Collection Set: 1.31ms
[548.083s][info][gc,phases   ] GC(1242)   Other: 0.08ms
[548.083s][info][gc,heap     ] GC(1242) Eden regions: 80->0(347)
[548.083s][info][gc,heap     ] GC(1242) Survivor regions: 13->24(45)
[548.083s][info][gc,heap     ] GC(1242) Old regions: 65->60
[548.083s][info][gc,heap     ] GC(1242) Humongous regions: 435->3
[548.083s][info][gc,metaspace] GC(1242) Metaspace: 43144K(43520K)->43144K(43520K) NonClass: 40335K(40576K)->40335K(40576K) Class: 2808K(2944K)->2808K(2944K)
[548.083s][info][gc          ] GC(1242) Pause Young (Mixed) (G1 Evacuation Pause) 592M->86M(619M) 36.086ms
[548.083s][info][gc,cpu      ] GC(1242) User=0.06s Sys=0.02s Real=0.03s
[548.275s][info][gc,start    ] GC(1243) Pause Young (Concurrent Start) (G1 Humongous Allocation)
[548.275s][info][gc,task     ] GC(1243) Using 2 workers of 2 for evacuation
[548.301s][info][gc,phases   ] GC(1243)   Pre Evacuate Collection Set: 0.29ms
[548.301s][info][gc,phases   ] GC(1243)   Merge Heap Roots: 0.06ms
[548.301s][info][gc,phases   ] GC(1243)   Evacuate Collection Set: 24.55ms
[548.301s][info][gc,phases   ] GC(1243)   Post Evacuate Collection Set: 0.46ms
[548.301s][info][gc,phases   ] GC(1243)   Other: 0.15ms
[548.301s][info][gc,heap     ] GC(1243) Eden regions: 28->0(342)
[548.301s][info][gc,heap     ] GC(1243) Survivor regions: 24->29(47)
[548.301s][info][gc,heap     ] GC(1243) Old regions: 60->60
[548.301s][info][gc,heap     ] GC(1243) Humongous regions: 123->1
[548.301s][info][gc,metaspace] GC(1243) Metaspace: 43144K(43520K)->43144K(43520K) NonClass: 40335K(40576K)->40335K(40576K) Class: 2808K(2944K)->2808K(2944K)
[548.301s][info][gc          ] GC(1243) Pause Young (Concurrent Start) (G1 Humongous Allocation) 234M->89M(619M) 25.705ms
[548.301s][info][gc,cpu      ] GC(1243) User=0.05s Sys=0.00s Real=0.03s
[548.301s][info][gc          ] GC(1244) Concurrent Undo Cycle
[548.301s][info][gc,marking  ] GC(1244) Concurrent Clear Claimed Marks
[548.301s][info][gc,marking  ] GC(1244) Concurrent Clear Claimed Marks 0.041ms
[548.301s][info][gc,marking  ] GC(1244) Concurrent Cleanup for Next Mark
[548.301s][info][gc,marking  ] GC(1244) Concurrent Cleanup for Next Mark 0.211ms
[548.301s][info][gc          ] GC(1244) Concurrent Undo Cycle 0.328ms
[548.376s][info][gc,start    ] GC(1245) Pause Young (Concurrent Start) (G1 Humongous Allocation)
[548.376s][info][gc,task     ] GC(1245) Using 2 workers of 2 for evacuation
[548.400s][info][gc,phases   ] GC(1245)   Pre Evacuate Collection Set: 0.31ms
[548.400s][info][gc,phases   ] GC(1245)   Merge Heap Roots: 0.06ms
[548.400s][info][gc,phases   ] GC(1245)   Evacuate Collection Set: 23.97ms
[548.400s][info][gc,phases   ] GC(1245)   Post Evacuate Collection Set: 0.36ms
[548.400s][info][gc,phases   ] GC(1245)   Other: 0.09ms
[548.401s][info][gc,heap     ] GC(1245) Eden regions: 9->0(349)
[548.401s][info][gc,heap     ] GC(1245) Survivor regions: 29->22(47)
[548.401s][info][gc,heap     ] GC(1245) Old regions: 60->66
[548.401s][info][gc,heap     ] GC(1245) Humongous regions: 61->1
[548.401s][info][gc,metaspace] GC(1245) Metaspace: 43144K(43520K)->43144K(43520K) NonClass: 40335K(40576K)->40335K(40576K) Class: 2808K(2944K)->2808K(2944K)
[548.401s][info][gc          ] GC(1245) Pause Young (Concurrent Start) (G1 Humongous Allocation) 157M->89M(619M) 25.004ms
[548.401s][info][gc,cpu      ] GC(1245) User=0.05s Sys=0.00s Real=0.03s
[548.401s][info][gc          ] GC(1246) Concurrent Undo Cycle
[548.401s][info][gc,marking  ] GC(1246) Concurrent Clear Claimed Marks
[548.401s][info][gc,marking  ] GC(1246) Concurrent Clear Claimed Marks 0.041ms
[548.401s][info][gc,marking  ] GC(1246) Concurrent Cleanup for Next Mark
[548.401s][info][gc,marking  ] GC(1246) Concurrent Cleanup for Next Mark 0.126ms
[548.401s][info][gc          ] GC(1246) Concurrent Undo Cycle 0.205ms
[548.466s][info][gc,start    ] GC(1247) Pause Young (Concurrent Start) (G1 Humongous Allocation)
[548.466s][info][gc,task     ] GC(1247) Using 2 workers of 2 for evacuation
[548.487s][info][gc,phases   ] GC(1247)   Pre Evacuate Collection Set: 0.27ms
[548.487s][info][gc,phases   ] GC(1247)   Merge Heap Roots: 0.07ms
[548.487s][info][gc,phases   ] GC(1247)   Evacuate Collection Set: 20.43ms
[548.487s][info][gc,phases   ] GC(1247)   Post Evacuate Collection Set: 0.38ms
[548.487s][info][gc,phases   ] GC(1247)   Other: 0.10ms
[548.487s][info][gc,heap     ] GC(1247) Eden regions: 8->0(349)
[548.487s][info][gc,heap     ] GC(1247) Survivor regions: 22->22(47)
[548.487s][info][gc,heap     ] GC(1247) Old regions: 66->66
[548.487s][info][gc,heap     ] GC(1247) Humongous regions: 51->1
[548.487s][info][gc,metaspace] GC(1247) Metaspace: 43144K(43520K)->43144K(43520K) NonClass: 40335K(40576K)->40335K(40576K) Class: 2808K(2944K)->2808K(2944K)
[548.487s][info][gc          ] GC(1247) Pause Young (Concurrent Start) (G1 Humongous Allocation) 146M->89M(619M) 21.451ms
[548.487s][info][gc,cpu      ] GC(1247) User=0.04s Sys=0.00s Real=0.03s
[548.488s][info][gc          ] GC(1248) Concurrent Undo Cycle
[548.488s][info][gc,marking  ] GC(1248) Concurrent Clear Claimed Marks
[548.488s][info][gc,marking  ] GC(1248) Concurrent Clear Claimed Marks 0.047ms
[548.488s][info][gc,marking  ] GC(1248) Concurrent Cleanup for Next Mark
[548.488s][info][gc,marking  ] GC(1248) Concurrent Cleanup for Next Mark 0.155ms
[548.488s][info][gc          ] GC(1248) Concurrent Undo Cycle 0.242ms
[548.573s][info][gc,start    ] GC(1249) Pause Young (Concurrent Start) (G1 Humongous Allocation)
[548.573s][info][gc,task     ] GC(1249) Using 2 workers of 2 for evacuation
[548.597s][info][gc,phases   ] GC(1249)   Pre Evacuate Collection Set: 0.31ms
[548.597s][info][gc,phases   ] GC(1249)   Merge Heap Roots: 0.07ms
[548.597s][info][gc,phases   ] GC(1249)   Evacuate Collection Set: 22.33ms
[548.597s][info][gc,phases   ] GC(1249)   Post Evacuate Collection Set: 0.88ms
[548.597s][info][gc,phases   ] GC(1249)   Other: 0.11ms
[548.597s][info][gc,heap     ] GC(1249) Eden regions: 12->0(390)
[548.597s][info][gc,heap     ] GC(1249) Survivor regions: 22->24(47)
[548.597s][info][gc,heap     ] GC(1249) Old regions: 66->66
[548.597s][info][gc,heap     ] GC(1249) Humongous regions: 55->1
[548.597s][info][gc,metaspace] GC(1249) Metaspace: 43144K(43520K)->43144K(43520K) NonClass: 40335K(40576K)->40335K(40576K) Class: 2808K(2944K)->2808K(2944K)
[548.597s][info][gc          ] GC(1249) Pause Young (Concurrent Start) (G1 Humongous Allocation) 154M->90M(691M) 23.922ms
[548.597s][info][gc,cpu      ] GC(1249) User=0.05s Sys=0.00s Real=0.03s
[548.597s][info][gc          ] GC(1250) Concurrent Undo Cycle
[548.597s][info][gc,marking  ] GC(1250) Concurrent Clear Claimed Marks
[548.597s][info][gc,marking  ] GC(1250) Concurrent Clear Claimed Marks 0.040ms
[548.597s][info][gc,marking  ] GC(1250) Concurrent Cleanup for Next Mark
[548.597s][info][gc,marking  ] GC(1250) Concurrent Cleanup for Next Mark 0.173ms
[548.598s][info][gc          ] GC(1250) Concurrent Undo Cycle 0.252ms
[548.956s][info][gc,start    ] GC(1251) Pause Young (Concurrent Start) (G1 Humongous Allocation)
[548.956s][info][gc,task     ] GC(1251) Using 2 workers of 2 for evacuation
[548.992s][info][gc,phases   ] GC(1251)   Pre Evacuate Collection Set: 0.28ms
[548.992s][info][gc,phases   ] GC(1251)   Merge Heap Roots: 0.09ms
[548.992s][info][gc,phases   ] GC(1251)   Evacuate Collection Set: 35.60ms
[548.992s][info][gc,phases   ] GC(1251)   Post Evacuate Collection Set: 0.48ms
[548.992s][info][gc,phases   ] GC(1251)   Other: 0.11ms
[548.992s][info][gc,heap     ] GC(1251) Eden regions: 70->0(377)
[548.992s][info][gc,heap     ] GC(1251) Survivor regions: 24->37(52)
[548.992s][info][gc,heap     ] GC(1251) Old regions: 66->66
[548.992s][info][gc,heap     ] GC(1251) Humongous regions: 85->1
[548.992s][info][gc,metaspace] GC(1251) Metaspace: 43144K(43520K)->43144K(43520K) NonClass: 40335K(40576K)->40335K(40576K) Class: 2808K(2944K)->2808K(2944K)
[548.992s][info][gc          ] GC(1251) Pause Young (Concurrent Start) (G1 Humongous Allocation) 244M->103M(691M) 36.761ms
[548.993s][info][gc,cpu      ] GC(1251) User=0.07s Sys=0.00s Real=0.04s
[548.993s][info][gc          ] GC(1252) Concurrent Undo Cycle
[548.993s][info][gc,marking  ] GC(1252) Concurrent Clear Claimed Marks
[548.993s][info][gc,marking  ] GC(1252) Concurrent Clear Claimed Marks 0.050ms
[548.993s][info][gc,marking  ] GC(1252) Concurrent Cleanup for Next Mark
[548.993s][info][gc,marking  ] GC(1252) Concurrent Cleanup for Next Mark 0.130ms
[548.993s][info][gc          ] GC(1252) Concurrent Undo Cycle 0.219ms
[549.836s][info][gc,start    ] GC(1253) Pause Young (Normal) (G1 Evacuation Pause)
[549.836s][info][gc,task     ] GC(1253) Using 2 workers of 2 for evacuation
[549.872s][info][gc,phases   ] GC(1253)   Pre Evacuate Collection Set: 0.30ms
[549.872s][info][gc,phases   ] GC(1253)   Merge Heap Roots: 0.13ms
[549.872s][info][gc,phases   ] GC(1253)   Evacuate Collection Set: 34.77ms
[549.872s][info][gc,phases   ] GC(1253)   Post Evacuate Collection Set: 0.85ms
[549.872s][info][gc,phases   ] GC(1253)   Other: 0.08ms
[549.872s][info][gc,heap     ] GC(1253) Eden regions: 377->0(389)
[549.872s][info][gc,heap     ] GC(1253) Survivor regions: 37->25(52)
[549.872s][info][gc,heap     ] GC(1253) Old regions: 66->82
[549.872s][info][gc,heap     ] GC(1253) Humongous regions: 25->1
[549.872s][info][gc,metaspace] GC(1253) Metaspace: 43146K(43520K)->43146K(43520K) NonClass: 40337K(40576K)->40337K(40576K) Class: 2808K(2944K)->2808K(2944K)
[549.872s][info][gc          ] GC(1253) Pause Young (Normal) (G1 Evacuation Pause) 504M->108M(691M) 36.345ms
[549.872s][info][gc,cpu      ] GC(1253) User=0.07s Sys=0.00s Real=0.04s
[550.679s][info][gc,start    ] GC(1254) Pause Young (Normal) (G1 Evacuation Pause)
[550.679s][info][gc,task     ] GC(1254) Using 2 workers of 2 for evacuation
[550.702s][info][gc,phases   ] GC(1254)   Pre Evacuate Collection Set: 0.27ms
[550.702s][info][gc,phases   ] GC(1254)   Merge Heap Roots: 0.16ms
[550.702s][info][gc,phases   ] GC(1254)   Evacuate Collection Set: 20.99ms
[550.702s][info][gc,phases   ] GC(1254)   Post Evacuate Collection Set: 0.81ms
[550.702s][info][gc,phases   ] GC(1254)   Other: 0.10ms
[550.702s][info][gc,heap     ] GC(1254) Eden regions: 389->0(388)
[550.702s][info][gc,heap     ] GC(1254) Survivor regions: 25->26(52)
[550.702s][info][gc,heap     ] GC(1254) Old regions: 82->82
[550.702s][info][gc,heap     ] GC(1254) Humongous regions: 1->1
[550.702s][info][gc,metaspace] GC(1254) Metaspace: 43152K(43520K)->43152K(43520K) NonClass: 40343K(40576K)->40343K(40576K) Class: 2808K(2944K)->2808K(2944K)
[550.702s][info][gc          ] GC(1254) Pause Young (Normal) (G1 Evacuation Pause) 497M->108M(691M) 22.577ms
[550.702s][info][gc,cpu      ] GC(1254) User=0.04s Sys=0.00s Real=0.02s
[551.541s][info][gc,start    ] GC(1255) Pause Young (Normal) (G1 Evacuation Pause)
[551.541s][info][gc,task     ] GC(1255) Using 2 workers of 2 for evacuation
[551.564s][info][gc,phases   ] GC(1255)   Pre Evacuate Collection Set: 0.28ms
[551.564s][info][gc,phases   ] GC(1255)   Merge Heap Roots: 0.14ms
[551.564s][info][gc,phases   ] GC(1255)   Evacuate Collection Set: 21.82ms
[551.564s][info][gc,phases   ] GC(1255)   Post Evacuate Collection Set: 0.89ms
[551.564s][info][gc,phases   ] GC(1255)   Other: 0.10ms
[551.564s][info][gc,heap     ] GC(1255) Eden regions: 388->0(386)
[551.564s][info][gc,heap     ] GC(1255) Survivor regions: 26->28(52)
[551.564s][info][gc,heap     ] GC(1255) Old regions: 82->82
[551.564s][info][gc,heap     ] GC(1255) Humongous regions: 1->1
[551.564s][info][gc,metaspace] GC(1255) Metaspace: 43172K(43520K)->43172K(43520K) NonClass: 40363K(40576K)->40363K(40576K) Class: 2808K(2944K)->2808K(2944K)
[551.564s][info][gc          ] GC(1255) Pause Young (Normal) (G1 Evacuation Pause) 496M->111M(691M) 23.438ms
[551.564s][info][gc,cpu      ] GC(1255) User=0.04s Sys=0.00s Real=0.02s
[553.310s][info][gc,start    ] GC(1256) Pause Young (Normal) (G1 Evacuation Pause)
[553.310s][info][gc,task     ] GC(1256) Using 2 workers of 2 for evacuation
[553.340s][info][gc,phases   ] GC(1256)   Pre Evacuate Collection Set: 0.31ms
[553.340s][info][gc,phases   ] GC(1256)   Merge Heap Roots: 0.16ms
[553.340s][info][gc,phases   ] GC(1256)   Evacuate Collection Set: 27.84ms
[553.340s][info][gc,phases   ] GC(1256)   Post Evacuate Collection Set: 0.88ms
[553.340s][info][gc,phases   ] GC(1256)   Other: 0.08ms
[553.340s][info][gc,heap     ] GC(1256) Eden regions: 386->0(387)
[553.340s][info][gc,heap     ] GC(1256) Survivor regions: 28->27(52)
[553.340s][info][gc,heap     ] GC(1256) Old regions: 82->88
[553.340s][info][gc,heap     ] GC(1256) Humongous regions: 13->3
[553.340s][info][gc,metaspace] GC(1256) Metaspace: 43184K(43520K)->43184K(43520K) NonClass: 40375K(40576K)->40375K(40576K) Class: 2808K(2944K)->2808K(2944K)
[553.340s][info][gc          ] GC(1256) Pause Young (Normal) (G1 Evacuation Pause) 509M->117M(691M) 29.457ms
[553.340s][info][gc,cpu      ] GC(1256) User=0.06s Sys=0.00s Real=0.03s
[554.173s][info][gc,start    ] GC(1257) Pause Young (Normal) (G1 Evacuation Pause)
[554.173s][info][gc,task     ] GC(1257) Using 2 workers of 2 for evacuation
[554.247s][info][gc,phases   ] GC(1257)   Pre Evacuate Collection Set: 0.27ms
[554.247s][info][gc,phases   ] GC(1257)   Merge Heap Roots: 0.16ms
[554.247s][info][gc,phases   ] GC(1257)   Evacuate Collection Set: 72.89ms
[554.247s][info][gc,phases   ] GC(1257)   Post Evacuate Collection Set: 0.80ms
[554.247s][info][gc,phases   ] GC(1257)   Other: 0.10ms
[554.247s][info][gc,heap     ] GC(1257) Eden regions: 387->0(362)
[554.247s][info][gc,heap     ] GC(1257) Survivor regions: 27->52(52)
[554.247s][info][gc,heap     ] GC(1257) Old regions: 88->103
[554.247s][info][gc,heap     ] GC(1257) Humongous regions: 6->6
[554.248s][info][gc,metaspace] GC(1257) Metaspace: 43184K(43520K)->43184K(43520K) NonClass: 40375K(40576K)->40375K(40576K) Class: 2808K(2944K)->2808K(2944K)
[554.248s][info][gc          ] GC(1257) Pause Young (Normal) (G1 Evacuation Pause) 507M->161M(691M) 74.425ms
[554.248s][info][gc,cpu      ] GC(1257) User=0.15s Sys=0.00s Real=0.08s
[556.323s][info][gc,start    ] GC(1258) Pause Young (Normal) (G1 Evacuation Pause)
[556.323s][info][gc,task     ] GC(1258) Using 2 workers of 2 for evacuation
[556.442s][info][gc,phases   ] GC(1258)   Pre Evacuate Collection Set: 0.42ms
[556.442s][info][gc,phases   ] GC(1258)   Merge Heap Roots: 0.48ms
[556.442s][info][gc,phases   ] GC(1258)   Evacuate Collection Set: 117.65ms
[556.442s][info][gc,phases   ] GC(1258)   Post Evacuate Collection Set: 0.68ms
[556.442s][info][gc,phases   ] GC(1258)   Other: 0.09ms
[556.442s][info][gc,heap     ] GC(1258) Eden regions: 362->0(381)
[556.442s][info][gc,heap     ] GC(1258) Survivor regions: 52->33(52)
[556.442s][info][gc,heap     ] GC(1258) Old regions: 103->154
[556.442s][info][gc,heap     ] GC(1258) Humongous regions: 11->8
[556.442s][info][gc,metaspace] GC(1258) Metaspace: 43184K(43520K)->43184K(43520K) NonClass: 40376K(40576K)->40376K(40576K) Class: 2808K(2944K)->2808K(2944K)
[556.442s][info][gc          ] GC(1258) Pause Young (Normal) (G1 Evacuation Pause) 528M->194M(691M) 119.541ms
[556.442s][info][gc,cpu      ] GC(1258) User=0.21s Sys=0.00s Real=0.12s
[558.939s][info][gc,start    ] GC(1259) Pause Young (Normal) (G1 Evacuation Pause)
[558.939s][info][gc,task     ] GC(1259) Using 2 workers of 2 for evacuation
[558.996s][info][gc,phases   ] GC(1259)   Pre Evacuate Collection Set: 0.43ms
[558.996s][info][gc,phases   ] GC(1259)   Merge Heap Roots: 0.20ms
[558.996s][info][gc,phases   ] GC(1259)   Evacuate Collection Set: 54.92ms
[558.996s][info][gc,phases   ] GC(1259)   Post Evacuate Collection Set: 0.66ms
[558.996s][info][gc,phases   ] GC(1259)   Other: 0.08ms
[558.996s][info][gc,heap     ] GC(1259) Eden regions: 381->0(394)
[558.996s][info][gc,heap     ] GC(1259) Survivor regions: 33->20(52)
[558.996s][info][gc,heap     ] GC(1259) Old regions: 154->187
[558.996s][info][gc,heap     ] GC(1259) Humongous regions: 13->11
[558.996s][info][gc,metaspace] GC(1259) Metaspace: 43187K(43520K)->43187K(43520K) NonClass: 40378K(40576K)->40378K(40576K) Class: 2808K(2944K)->2808K(2944K)
[558.996s][info][gc          ] GC(1259) Pause Young (Normal) (G1 Evacuation Pause) 580M->217M(691M) 56.528ms
[558.996s][info][gc,cpu      ] GC(1259) User=0.11s Sys=0.01s Real=0.05s
[559.292s][info][gc,start    ] GC(1260) Pause Young (Concurrent Start) (G1 Humongous Allocation)
[559.292s][info][gc,task     ] GC(1260) Using 2 workers of 2 for evacuation
[559.325s][info][gc,phases   ] GC(1260)   Pre Evacuate Collection Set: 0.28ms
[559.325s][info][gc,phases   ] GC(1260)   Merge Heap Roots: 0.09ms
[559.325s][info][gc,phases   ] GC(1260)   Evacuate Collection Set: 31.76ms
[559.325s][info][gc,phases   ] GC(1260)   Post Evacuate Collection Set: 0.55ms
[559.325s][info][gc,phases   ] GC(1260)   Other: 0.12ms
[559.325s][info][gc,heap     ] GC(1260) Eden regions: 136->0(371)
[559.325s][info][gc,heap     ] GC(1260) Survivor regions: 20->37(52)
[559.325s][info][gc,heap     ] GC(1260) Old regions: 187->187
[559.325s][info][gc,heap     ] GC(1260) Humongous regions: 11->11
[559.325s][info][gc,metaspace] GC(1260) Metaspace: 43187K(43520K)->43187K(43520K) NonClass: 40378K(40576K)->40378K(40576K) Class: 2808K(2944K)->2808K(2944K)
[559.325s][info][gc          ] GC(1260) Pause Young (Concurrent Start) (G1 Humongous Allocation) 353M->234M(691M) 33.006ms
[559.325s][info][gc,cpu      ] GC(1260) User=0.06s Sys=0.01s Real=0.03s
[559.325s][info][gc          ] GC(1261) Concurrent Mark Cycle
[559.325s][info][gc,marking  ] GC(1261) Concurrent Scan Root Regions
[559.346s][info][gc,marking  ] GC(1261) Concurrent Scan Root Regions 20.390ms
[559.346s][info][gc,marking  ] GC(1261) Concurrent Mark
[559.346s][info][gc,marking  ] GC(1261) Concurrent Mark From Roots
[559.346s][info][gc,task     ] GC(1261) Using 1 workers of 1 for marking
[559.374s][info][gc,marking  ] GC(1261) Concurrent Mark From Roots 28.245ms
[559.374s][info][gc,marking  ] GC(1261) Concurrent Preclean
[559.374s][info][gc,marking  ] GC(1261) Concurrent Preclean 0.162ms
[559.374s][info][gc,start    ] GC(1261) Pause Remark
[559.391s][info][gc          ] GC(1261) Pause Remark 250M->127M(380M) 17.032ms
[559.391s][info][gc,cpu      ] GC(1261) User=0.03s Sys=0.00s Real=0.02s
[559.392s][info][gc,marking  ] GC(1261) Concurrent Mark 46.234ms
[559.392s][info][gc,marking  ] GC(1261) Concurrent Rebuild Remembered Sets and Scrub Regions
[559.407s][info][gc,marking  ] GC(1261) Concurrent Rebuild Remembered Sets and Scrub Regions 14.915ms
[559.407s][info][gc,start    ] GC(1261) Pause Cleanup
[559.407s][info][gc          ] GC(1261) Pause Cleanup 131M->131M(380M) 0.046ms
[559.407s][info][gc,cpu      ] GC(1261) User=0.00s Sys=0.00s Real=0.00s
[559.407s][info][gc,marking  ] GC(1261) Concurrent Clear Claimed Marks
[559.407s][info][gc,marking  ] GC(1261) Concurrent Clear Claimed Marks 0.036ms
[559.407s][info][gc,marking  ] GC(1261) Concurrent Cleanup for Next Mark
[559.409s][info][gc,marking  ] GC(1261) Concurrent Cleanup for Next Mark 1.475ms
[559.409s][info][gc          ] GC(1261) Concurrent Mark Cycle 83.435ms
[559.783s][info][gc,start    ] GC(1262) Pause Young (Prepare Mixed) (G1 Evacuation Pause)
[559.783s][info][gc,task     ] GC(1262) Using 2 workers of 2 for evacuation
[559.843s][info][gc,phases   ] GC(1262)   Pre Evacuate Collection Set: 0.19ms
[559.843s][info][gc,phases   ] GC(1262)   Merge Heap Roots: 0.12ms
[559.843s][info][gc,phases   ] GC(1262)   Evacuate Collection Set: 58.51ms
[559.843s][info][gc,phases   ] GC(1262)   Post Evacuate Collection Set: 0.47ms
[559.843s][info][gc,phases   ] GC(1262)   Other: 0.09ms
[559.843s][info][gc,heap     ] GC(1262) Eden regions: 191->0(192)
[559.843s][info][gc,heap     ] GC(1262) Survivor regions: 37->23(29)
[559.843s][info][gc,heap     ] GC(1262) Old regions: 71->108
[559.843s][info][gc,heap     ] GC(1262) Humongous regions: 6->6
[559.843s][info][gc,metaspace] GC(1262) Metaspace: 43187K(43520K)->43187K(43520K) NonClass: 40378K(40576K)->40378K(40576K) Class: 2808K(2944K)->2808K(2944K)
[559.843s][info][gc          ] GC(1262) Pause Young (Prepare Mixed) (G1 Evacuation Pause) 304M->136M(380M) 59.593ms
[559.843s][info][gc,cpu      ] GC(1262) User=0.12s Sys=0.01s Real=0.06s
[560.317s][info][gc,start    ] GC(1263) Pause Young (Mixed) (G1 Evacuation Pause)
[560.317s][info][gc,task     ] GC(1263) Using 2 workers of 2 for evacuation
[560.371s][info][gc,phases   ] GC(1263)   Pre Evacuate Collection Set: 0.33ms
[560.371s][info][gc,phases   ] GC(1263)   Merge Heap Roots: 0.16ms
[560.371s][info][gc,phases   ] GC(1263)   Evacuate Collection Set: 51.79ms
[560.371s][info][gc,phases   ] GC(1263)   Post Evacuate Collection Set: 0.87ms
[560.371s][info][gc,phases   ] GC(1263)   Other: 0.08ms
[560.371s][info][gc,heap     ] GC(1263) Eden regions: 192->0(208)
[560.371s][info][gc,heap     ] GC(1263) Survivor regions: 23->22(27)
[560.371s][info][gc,heap     ] GC(1263) Old regions: 108->108
[560.371s][info][gc,heap     ] GC(1263) Humongous regions: 10->10
[560.371s][info][gc,metaspace] GC(1263) Metaspace: 43187K(43520K)->43187K(43520K) NonClass: 40378K(40576K)->40378K(40576K) Class: 2808K(2944K)->2808K(2944K)
[560.371s][info][gc          ] GC(1263) Pause Young (Mixed) (G1 Evacuation Pause) 332M->139M(404M) 53.450ms
[560.371s][info][gc,cpu      ] GC(1263) User=0.11s Sys=0.00s Real=0.05s
[560.651s][info][gc,start    ] GC(1264) Pause Young (Concurrent Start) (G1 Humongous Allocation)
[560.651s][info][gc,task     ] GC(1264) Using 2 workers of 2 for evacuation
[560.698s][info][gc,phases   ] GC(1264)   Pre Evacuate Collection Set: 0.23ms
[560.698s][info][gc,phases   ] GC(1264)   Merge Heap Roots: 0.12ms
[560.698s][info][gc,phases   ] GC(1264)   Evacuate Collection Set: 45.78ms
[560.698s][info][gc,phases   ] GC(1264)   Post Evacuate Collection Set: 0.37ms
[560.698s][info][gc,phases   ] GC(1264)   Other: 0.18ms
[560.698s][info][gc,heap     ] GC(1264) Eden regions: 58->0(184)
[560.698s][info][gc,heap     ] GC(1264) Survivor regions: 22->18(29)
[560.698s][info][gc,heap     ] GC(1264) Old regions: 108->130
[560.698s][info][gc,heap     ] GC(1264) Humongous regions: 10->10
[560.698s][info][gc,metaspace] GC(1264) Metaspace: 43187K(43520K)->43187K(43520K) NonClass: 40378K(40576K)->40378K(40576K) Class: 2808K(2944K)->2808K(2944K)
[560.698s][info][gc          ] GC(1264) Pause Young (Concurrent Start) (G1 Humongous Allocation) 197M->156M(404M) 46.914ms
[560.698s][info][gc,cpu      ] GC(1264) User=0.08s Sys=0.02s Real=0.05s
[560.698s][info][gc          ] GC(1265) Concurrent Mark Cycle
[560.698s][info][gc,marking  ] GC(1265) Concurrent Scan Root Regions
[560.739s][info][gc,marking  ] GC(1265) Concurrent Scan Root Regions 40.668ms
[560.739s][info][gc,marking  ] GC(1265) Concurrent Mark
[560.739s][info][gc,marking  ] GC(1265) Concurrent Mark From Roots
[560.739s][info][gc,task     ] GC(1265) Using 1 workers of 1 for marking
[560.842s][info][gc,marking  ] GC(1265) Concurrent Mark From Roots 102.859ms
[560.842s][info][gc,marking  ] GC(1265) Concurrent Preclean
[560.842s][info][gc,marking  ] GC(1265) Concurrent Preclean 0.042ms
[560.842s][info][gc,start    ] GC(1265) Pause Remark
[560.859s][info][gc          ] GC(1265) Pause Remark 168M->164M(404M) 17.137ms
[560.859s][info][gc,cpu      ] GC(1265) User=0.03s Sys=0.00s Real=0.02s
[560.860s][info][gc,marking  ] GC(1265) Concurrent Mark 120.401ms
[560.860s][info][gc,marking  ] GC(1265) Concurrent Rebuild Remembered Sets and Scrub Regions
[560.922s][info][gc,marking  ] GC(1265) Concurrent Rebuild Remembered Sets and Scrub Regions 62.252ms
[560.922s][info][gc,start    ] GC(1265) Pause Cleanup
[560.922s][info][gc          ] GC(1265) Pause Cleanup 171M->171M(404M) 0.068ms
[560.922s][info][gc,cpu      ] GC(1265) User=0.00s Sys=0.00s Real=0.00s
[560.922s][info][gc,marking  ] GC(1265) Concurrent Clear Claimed Marks
[560.922s][info][gc,marking  ] GC(1265) Concurrent Clear Claimed Marks 0.044ms
[560.922s][info][gc,marking  ] GC(1265) Concurrent Cleanup for Next Mark
[560.924s][info][gc,marking  ] GC(1265) Concurrent Cleanup for Next Mark 1.473ms
[560.924s][info][gc          ] GC(1265) Concurrent Mark Cycle 225.420ms
[562.013s][info][gc,start    ] GC(1266) Pause Young (Prepare Mixed) (G1 Evacuation Pause)
[562.013s][info][gc,task     ] GC(1266) Using 2 workers of 2 for evacuation
[562.041s][info][gc,phases   ] GC(1266)   Pre Evacuate Collection Set: 0.22ms
[562.041s][info][gc,phases   ] GC(1266)   Merge Heap Roots: 0.15ms
[562.041s][info][gc,phases   ] GC(1266)   Evacuate Collection Set: 27.44ms
[562.041s][info][gc,phases   ] GC(1266)   Post Evacuate Collection Set: 0.44ms
[562.041s][info][gc,phases   ] GC(1266)   Other: 0.08ms
[562.041s][info][gc,heap     ] GC(1266) Eden regions: 184->0(181)
[562.041s][info][gc,heap     ] GC(1266) Survivor regions: 18->15(26)
[562.041s][info][gc,heap     ] GC(1266) Old regions: 129->135
[562.041s][info][gc,heap     ] GC(1266) Humongous regions: 15->13
[562.041s][info][gc,metaspace] GC(1266) Metaspace: 43187K(43520K)->43187K(43520K) NonClass: 40378K(40576K)->40378K(40576K) Class: 2808K(2944K)->2808K(2944K)
[562.041s][info][gc          ] GC(1266) Pause Young (Prepare Mixed) (G1 Evacuation Pause) 344M->162M(404M) 28.521ms
[562.041s][info][gc,cpu      ] GC(1266) User=0.05s Sys=0.00s Real=0.03s
[562.970s][info][gc,start    ] GC(1267) Pause Young (Mixed) (G1 Evacuation Pause)
[562.970s][info][gc,task     ] GC(1267) Using 2 workers of 2 for evacuation
[562.985s][info][gc,phases   ] GC(1267)   Pre Evacuate Collection Set: 0.22ms
[562.985s][info][gc,phases   ] GC(1267)   Merge Heap Roots: 0.19ms
[562.985s][info][gc,phases   ] GC(1267)   Evacuate Collection Set: 14.52ms
[562.985s][info][gc,phases   ] GC(1267)   Post Evacuate Collection Set: 0.44ms
[562.985s][info][gc,phases   ] GC(1267)   Other: 0.09ms
[562.985s][info][gc,heap     ] GC(1267) Eden regions: 181->0(203)
[562.985s][info][gc,heap     ] GC(1267) Survivor regions: 15->2(25)
[562.985s][info][gc,heap     ] GC(1267) Old regions: 135->132
[562.985s][info][gc,heap     ] GC(1267) Humongous regions: 13->13
[562.985s][info][gc,metaspace] GC(1267) Metaspace: 43187K(43520K)->43187K(43520K) NonClass: 40378K(40576K)->40378K(40576K) Class: 2808K(2944K)->2808K(2944K)
[562.985s][info][gc          ] GC(1267) Pause Young (Mixed) (G1 Evacuation Pause) 343M->146M(404M) 15.635ms
[562.985s][info][gc,cpu      ] GC(1267) User=0.03s Sys=0.00s Real=0.01s
[564.113s][info][gc,start    ] GC(1268) Pause Young (Concurrent Start) (G1 Evacuation Pause)
[564.113s][info][gc,task     ] GC(1268) Using 2 workers of 2 for evacuation
[564.135s][info][gc,phases   ] GC(1268)   Pre Evacuate Collection Set: 0.21ms
[564.136s][info][gc,phases   ] GC(1268)   Merge Heap Roots: 0.09ms
[564.136s][info][gc,phases   ] GC(1268)   Evacuate Collection Set: 21.74ms
[564.136s][info][gc,phases   ] GC(1268)   Post Evacuate Collection Set: 0.46ms
[564.136s][info][gc,phases   ] GC(1268)   Other: 0.13ms
[564.136s][info][gc,heap     ] GC(1268) Eden regions: 203->0(184)
[564.136s][info][gc,heap     ] GC(1268) Survivor regions: 2->23(26)
[564.136s][info][gc,heap     ] GC(1268) Old regions: 132->132
[564.136s][info][gc,heap     ] GC(1268) Humongous regions: 13->13
[564.136s][info][gc,metaspace] GC(1268) Metaspace: 43187K(43520K)->43187K(43520K) NonClass: 40378K(40576K)->40378K(40576K) Class: 2808K(2944K)->2808K(2944K)
[564.136s][info][gc          ] GC(1268) Pause Young (Concurrent Start) (G1 Evacuation Pause) 349M->168M(404M) 22.841ms
[564.136s][info][gc          ] GC(1269) Concurrent Mark Cycle
[564.136s][info][gc,marking  ] GC(1269) Concurrent Scan Root Regions
[564.138s][info][gc,cpu      ] GC(1268) User=0.04s Sys=0.00s Real=0.03s
[564.151s][info][gc,marking  ] GC(1269) Concurrent Scan Root Regions 14.990ms
[564.151s][info][gc,marking  ] GC(1269) Concurrent Mark
[564.151s][info][gc,marking  ] GC(1269) Concurrent Mark From Roots
[564.151s][info][gc,task     ] GC(1269) Using 1 workers of 1 for marking
[564.190s][info][gc,marking  ] GC(1269) Concurrent Mark From Roots 39.604ms
[564.190s][info][gc,marking  ] GC(1269) Concurrent Preclean
[564.190s][info][gc,marking  ] GC(1269) Concurrent Preclean 0.036ms
[564.190s][info][gc,start    ] GC(1269) Pause Remark
[564.208s][info][gc          ] GC(1269) Pause Remark 177M->89M(267M) 17.494ms
[564.208s][info][gc,cpu      ] GC(1269) User=0.03s Sys=0.00s Real=0.02s
[564.208s][info][gc,marking  ] GC(1269) Concurrent Mark 57.398ms
[564.208s][info][gc,marking  ] GC(1269) Concurrent Rebuild Remembered Sets and Scrub Regions
[564.223s][info][gc,marking  ] GC(1269) Concurrent Rebuild Remembered Sets and Scrub Regions 15.085ms
[564.223s][info][gc,start    ] GC(1269) Pause Cleanup
[564.223s][info][gc          ] GC(1269) Pause Cleanup 92M->92M(267M) 0.043ms
[564.223s][info][gc,cpu      ] GC(1269) User=0.00s Sys=0.00s Real=0.00s
[564.223s][info][gc,marking  ] GC(1269) Concurrent Clear Claimed Marks
[564.223s][info][gc,marking  ] GC(1269) Concurrent Clear Claimed Marks 0.036ms
[564.223s][info][gc,marking  ] GC(1269) Concurrent Cleanup for Next Mark
[564.224s][info][gc,marking  ] GC(1269) Concurrent Cleanup for Next Mark 0.783ms
[564.224s][info][gc          ] GC(1269) Concurrent Mark Cycle 88.621ms
[564.941s][info][gc,start    ] GC(1270) Pause Young (Prepare Mixed) (G1 Evacuation Pause)
[564.941s][info][gc,task     ] GC(1270) Using 2 workers of 2 for evacuation
[564.958s][info][gc,phases   ] GC(1270)   Pre Evacuate Collection Set: 0.16ms
[564.958s][info][gc,phases   ] GC(1270)   Merge Heap Roots: 0.08ms
[564.958s][info][gc,phases   ] GC(1270)   Evacuate Collection Set: 16.15ms
[564.958s][info][gc,phases   ] GC(1270)   Post Evacuate Collection Set: 0.38ms
[564.958s][info][gc,phases   ] GC(1270)   Other: 0.07ms
[564.958s][info][gc,heap     ] GC(1270) Eden regions: 137->0(149)
[564.958s][info][gc,heap     ] GC(1270) Survivor regions: 23->11(20)
[564.958s][info][gc,heap     ] GC(1270) Old regions: 56->62
[564.958s][info][gc,heap     ] GC(1270) Humongous regions: 1->1
[564.958s][info][gc,metaspace] GC(1270) Metaspace: 43187K(43520K)->43187K(43520K) NonClass: 40378K(40576K)->40378K(40576K) Class: 2808K(2944K)->2808K(2944K)
[564.958s][info][gc          ] GC(1270) Pause Young (Prepare Mixed) (G1 Evacuation Pause) 217M->73M(267M) 17.013ms
[564.958s][info][gc,cpu      ] GC(1270) User=0.03s Sys=0.00s Real=0.02s
[565.785s][info][gc,start    ] GC(1271) Pause Young (Mixed) (G1 Evacuation Pause)
[565.785s][info][gc,task     ] GC(1271) Using 2 workers of 2 for evacuation
[565.809s][info][gc,phases   ] GC(1271)   Pre Evacuate Collection Set: 0.17ms
[565.809s][info][gc,phases   ] GC(1271)   Merge Heap Roots: 0.10ms
[565.809s][info][gc,phases   ] GC(1271)   Evacuate Collection Set: 22.74ms
[565.809s][info][gc,phases   ] GC(1271)   Post Evacuate Collection Set: 0.44ms
[565.809s][info][gc,phases   ] GC(1271)   Other: 0.09ms
[565.809s][info][gc,heap     ] GC(1271) Eden regions: 149->0(145)
[565.809s][info][gc,heap     ] GC(1271) Survivor regions: 11->15(20)
[565.809s][info][gc,heap     ] GC(1271) Old regions: 62->63
[565.809s][info][gc,heap     ] GC(1271) Humongous regions: 2->2
[565.809s][info][gc,metaspace] GC(1271) Metaspace: 43187K(43520K)->43187K(43520K) NonClass: 40378K(40576K)->40378K(40576K) Class: 2808K(2944K)->2808K(2944K)
[565.809s][info][gc          ] GC(1271) Pause Young (Mixed) (G1 Evacuation Pause) 223M->80M(267M) 23.772ms
[565.809s][info][gc,cpu      ] GC(1271) User=0.05s Sys=0.00s Real=0.03s
[566.609s][info][gc,start    ] GC(1272) Pause Young (Concurrent Start) (G1 Evacuation Pause)
[566.609s][info][gc,task     ] GC(1272) Using 2 workers of 2 for evacuation
[566.633s][info][gc,phases   ] GC(1272)   Pre Evacuate Collection Set: 0.17ms
[566.633s][info][gc,phases   ] GC(1272)   Merge Heap Roots: 0.09ms
[566.633s][info][gc,phases   ] GC(1272)   Evacuate Collection Set: 23.71ms
[566.633s][info][gc,phases   ] GC(1272)   Post Evacuate Collection Set: 0.41ms
[566.633s][info][gc,phases   ] GC(1272)   Other: 0.12ms
[566.633s][info][gc,heap     ] GC(1272) Eden regions: 145->0(138)
[566.633s][info][gc,heap     ] GC(1272) Survivor regions: 15->13(20)
[566.633s][info][gc,heap     ] GC(1272) Old regions: 63->78
[566.633s][info][gc,heap     ] GC(1272) Humongous regions: 2->2
[566.633s][info][gc,metaspace] GC(1272) Metaspace: 43187K(43520K)->43187K(43520K) NonClass: 40378K(40576K)->40378K(40576K) Class: 2808K(2944K)->2808K(2944K)
[566.633s][info][gc          ] GC(1272) Pause Young (Concurrent Start) (G1 Evacuation Pause) 225M->92M(267M) 24.682ms
[566.634s][info][gc,cpu      ] GC(1272) User=0.05s Sys=0.00s Real=0.02s
[566.634s][info][gc          ] GC(1273) Concurrent Mark Cycle
[566.634s][info][gc,marking  ] GC(1273) Concurrent Scan Root Regions
[566.652s][info][gc,marking  ] GC(1273) Concurrent Scan Root Regions 18.186ms
[566.652s][info][gc,marking  ] GC(1273) Concurrent Mark
[566.652s][info][gc,marking  ] GC(1273) Concurrent Mark From Roots
[566.652s][info][gc,task     ] GC(1273) Using 1 workers of 1 for marking
[566.690s][info][gc,marking  ] GC(1273) Concurrent Mark From Roots 37.884ms
[566.690s][info][gc,marking  ] GC(1273) Concurrent Preclean
[566.690s][info][gc,marking  ] GC(1273) Concurrent Preclean 0.035ms
[566.690s][info][gc,start    ] GC(1273) Pause Remark
[566.706s][info][gc          ] GC(1273) Pause Remark 100M->91M(267M) 16.544ms
[566.706s][info][gc,cpu      ] GC(1273) User=0.04s Sys=0.00s Real=0.01s
[566.706s][info][gc,marking  ] GC(1273) Concurrent Mark 54.732ms
[566.707s][info][gc,marking  ] GC(1273) Concurrent Rebuild Remembered Sets and Scrub Regions
[566.732s][info][gc,marking  ] GC(1273) Concurrent Rebuild Remembered Sets and Scrub Regions 25.615ms
[566.732s][info][gc,start    ] GC(1273) Pause Cleanup
[566.732s][info][gc          ] GC(1273) Pause Cleanup 98M->98M(267M) 0.049ms
[566.732s][info][gc,cpu      ] GC(1273) User=0.00s Sys=0.00s Real=0.00s
[566.732s][info][gc,marking  ] GC(1273) Concurrent Clear Claimed Marks
[566.732s][info][gc,marking  ] GC(1273) Concurrent Clear Claimed Marks 0.036ms
[566.732s][info][gc,marking  ] GC(1273) Concurrent Cleanup for Next Mark
[566.733s][info][gc,marking  ] GC(1273) Concurrent Cleanup for Next Mark 0.791ms
[566.733s][info][gc          ] GC(1273) Concurrent Mark Cycle 99.717ms
[567.021s][info][gc,start    ] GC(1274) Pause Young (Prepare Mixed) (G1 Evacuation Pause)
[567.021s][info][gc,task     ] GC(1274) Using 2 workers of 2 for evacuation
[567.043s][info][gc,phases   ] GC(1274)   Pre Evacuate Collection Set: 0.18ms
[567.043s][info][gc,phases   ] GC(1274)   Merge Heap Roots: 0.08ms
[567.043s][info][gc,phases   ] GC(1274)   Evacuate Collection Set: 20.80ms
[567.043s][info][gc,phases   ] GC(1274)   Post Evacuate Collection Set: 0.43ms
[567.043s][info][gc,phases   ] GC(1274)   Other: 0.11ms
[567.043s][info][gc,heap     ] GC(1274) Eden regions: 138->0(128)
[567.043s][info][gc,heap     ] GC(1274) Survivor regions: 13->19(19)
[567.043s][info][gc,heap     ] GC(1274) Old regions: 69->74
[567.043s][info][gc,heap     ] GC(1274) Humongous regions: 4->4
[567.043s][info][gc,metaspace] GC(1274) Metaspace: 43187K(43520K)->43187K(43520K) NonClass: 40378K(40576K)->40378K(40576K) Class: 2808K(2944K)->2808K(2944K)
[567.043s][info][gc          ] GC(1274) Pause Young (Prepare Mixed) (G1 Evacuation Pause) 223M->96M(267M) 21.820ms
[567.043s][info][gc,cpu      ] GC(1274) User=0.04s Sys=0.00s Real=0.02s
[567.327s][info][gc,start    ] GC(1275) Pause Young (Mixed) (G1 Evacuation Pause)
[567.327s][info][gc,task     ] GC(1275) Using 2 workers of 2 for evacuation
[567.363s][info][gc,phases   ] GC(1275)   Pre Evacuate Collection Set: 0.33ms
[567.363s][info][gc,phases   ] GC(1275)   Merge Heap Roots: 0.18ms
[567.363s][info][gc,phases   ] GC(1275)   Evacuate Collection Set: 34.59ms
[567.363s][info][gc,phases   ] GC(1275)   Post Evacuate Collection Set: 0.42ms
[567.363s][info][gc,phases   ] GC(1275)   Other: 0.11ms
[567.363s][info][gc,heap     ] GC(1275) Eden regions: 128->0(129)
[567.363s][info][gc,heap     ] GC(1275) Survivor regions: 19->16(19)
[567.363s][info][gc,heap     ] GC(1275) Old regions: 74->76
[567.363s][info][gc,heap     ] GC(1275) Humongous regions: 5->5
[567.363s][info][gc,metaspace] GC(1275) Metaspace: 43187K(43520K)->43187K(43520K) NonClass: 40378K(40576K)->40378K(40576K) Class: 2808K(2944K)->2808K(2944K)
[567.363s][info][gc          ] GC(1275) Pause Young (Mixed) (G1 Evacuation Pause) 225M->97M(267M) 35.828ms
[567.363s][info][gc,cpu      ] GC(1275) User=0.07s Sys=0.00s Real=0.03s
[567.463s][info][gc,start    ] GC(1276) Pause Young (Concurrent Start) (G1 Humongous Allocation)
[567.463s][info][gc,task     ] GC(1276) Using 2 workers of 2 for evacuation
[567.480s][info][gc,phases   ] GC(1276)   Pre Evacuate Collection Set: 0.19ms
[567.480s][info][gc,phases   ] GC(1276)   Merge Heap Roots: 0.05ms
[567.480s][info][gc,phases   ] GC(1276)   Evacuate Collection Set: 16.49ms
[567.480s][info][gc,phases   ] GC(1276)   Post Evacuate Collection Set: 0.31ms
[567.480s][info][gc,phases   ] GC(1276)   Other: 0.10ms
[567.480s][info][gc,heap     ] GC(1276) Eden regions: 44->0(125)
[567.480s][info][gc,heap     ] GC(1276) Survivor regions: 16->6(19)
[567.480s][info][gc,heap     ] GC(1276) Old regions: 76->92
[567.480s][info][gc,heap     ] GC(1276) Humongous regions: 5->5
[567.480s][info][gc,metaspace] GC(1276) Metaspace: 43187K(43520K)->43187K(43520K) NonClass: 40378K(40576K)->40378K(40576K) Class: 2808K(2944K)->2808K(2944K)
[567.480s][info][gc          ] GC(1276) Pause Young (Concurrent Start) (G1 Humongous Allocation) 140M->102M(267M) 17.354ms
[567.480s][info][gc,cpu      ] GC(1276) User=0.04s Sys=0.00s Real=0.02s
[567.480s][info][gc          ] GC(1277) Concurrent Mark Cycle
[567.480s][info][gc,marking  ] GC(1277) Concurrent Scan Root Regions
[567.494s][info][gc,marking  ] GC(1277) Concurrent Scan Root Regions 13.489ms
[567.494s][info][gc,marking  ] GC(1277) Concurrent Mark
[567.494s][info][gc,marking  ] GC(1277) Concurrent Mark From Roots
[567.494s][info][gc,task     ] GC(1277) Using 1 workers of 1 for marking
[567.544s][info][gc,marking  ] GC(1277) Concurrent Mark From Roots 49.805ms
[567.544s][info][gc,marking  ] GC(1277) Concurrent Preclean
[567.544s][info][gc,marking  ] GC(1277) Concurrent Preclean 0.036ms
[567.544s][info][gc,start    ] GC(1277) Pause Remark
[567.562s][info][gc          ] GC(1277) Pause Remark 125M->106M(267M) 17.899ms
[567.562s][info][gc,cpu      ] GC(1277) User=0.03s Sys=0.00s Real=0.02s
[567.564s][info][gc,marking  ] GC(1277) Concurrent Mark 69.807ms
[567.564s][info][gc,marking  ] GC(1277) Concurrent Rebuild Remembered Sets and Scrub Regions
[567.598s][info][gc,marking  ] GC(1277) Concurrent Rebuild Remembered Sets and Scrub Regions 34.488ms
[567.598s][info][gc,start    ] GC(1277) Pause Cleanup
[567.598s][info][gc          ] GC(1277) Pause Cleanup 122M->122M(267M) 0.043ms
[567.598s][info][gc,cpu      ] GC(1277) User=0.00s Sys=0.00s Real=0.00s
[567.598s][info][gc,marking  ] GC(1277) Concurrent Clear Claimed Marks
[567.598s][info][gc,marking  ] GC(1277) Concurrent Clear Claimed Marks 0.037ms
[567.598s][info][gc,marking  ] GC(1277) Concurrent Cleanup for Next Mark
[567.599s][info][gc,marking  ] GC(1277) Concurrent Cleanup for Next Mark 0.783ms
[567.599s][info][gc          ] GC(1277) Concurrent Mark Cycle 118.968ms
[567.788s][info][gc,start    ] GC(1278) Pause Young (Prepare Mixed) (G1 Evacuation Pause)
[567.788s][info][gc,task     ] GC(1278) Using 2 workers of 2 for evacuation
[567.812s][info][gc,phases   ] GC(1278)   Pre Evacuate Collection Set: 0.17ms
[567.812s][info][gc,phases   ] GC(1278)   Merge Heap Roots: 0.09ms
[567.812s][info][gc,phases   ] GC(1278)   Evacuate Collection Set: 23.20ms
[567.812s][info][gc,phases   ] GC(1278)   Post Evacuate Collection Set: 0.67ms
[567.812s][info][gc,phases   ] GC(1278)   Other: 0.08ms
[567.812s][info][gc,heap     ] GC(1278) Eden regions: 125->0(151)
[567.812s][info][gc,heap     ] GC(1278) Survivor regions: 6->17(17)
[567.812s][info][gc,heap     ] GC(1278) Old regions: 74->77
[567.812s][info][gc,heap     ] GC(1278) Humongous regions: 6->6
[567.812s][info][gc,metaspace] GC(1278) Metaspace: 43187K(43520K)->43187K(43520K) NonClass: 40378K(40576K)->40378K(40576K) Class: 2808K(2944K)->2808K(2944K)
[567.812s][info][gc          ] GC(1278) Pause Young (Prepare Mixed) (G1 Evacuation Pause) 210M->99M(296M) 24.390ms
[567.812s][info][gc,cpu      ] GC(1278) User=0.05s Sys=0.00s Real=0.02s
[568.223s][info][gc,start    ] GC(1279) Pause Young (Mixed) (G1 Evacuation Pause)
[568.223s][info][gc,task     ] GC(1279) Using 2 workers of 2 for evacuation
[568.270s][info][gc,phases   ] GC(1279)   Pre Evacuate Collection Set: 0.26ms
[568.270s][info][gc,phases   ] GC(1279)   Merge Heap Roots: 0.25ms
[568.270s][info][gc,phases   ] GC(1279)   Evacuate Collection Set: 45.40ms
[568.270s][info][gc,phases   ] GC(1279)   Post Evacuate Collection Set: 0.45ms
[568.270s][info][gc,phases   ] GC(1279)   Other: 0.07ms
[568.270s][info][gc,heap     ] GC(1279) Eden regions: 151->0(140)
[568.270s][info][gc,heap     ] GC(1279) Survivor regions: 17->18(21)
[568.270s][info][gc,heap     ] GC(1279) Old regions: 77->86
[568.270s][info][gc,heap     ] GC(1279) Humongous regions: 10->10
[568.270s][info][gc,metaspace] GC(1279) Metaspace: 43187K(43520K)->43187K(43520K) NonClass: 40378K(40576K)->40378K(40576K) Class: 2808K(2944K)->2808K(2944K)
[568.270s][info][gc          ] GC(1279) Pause Young (Mixed) (G1 Evacuation Pause) 254M->113M(296M) 46.641ms
[568.270s][info][gc,cpu      ] GC(1279) User=0.09s Sys=0.01s Real=0.05s
[568.589s][info][gc,start    ] GC(1280) Pause Young (Concurrent Start) (G1 Evacuation Pause)
[568.589s][info][gc,task     ] GC(1280) Using 2 workers of 2 for evacuation
[568.630s][info][gc,phases   ] GC(1280)   Pre Evacuate Collection Set: 0.20ms
[568.630s][info][gc,phases   ] GC(1280)   Merge Heap Roots: 0.14ms
[568.630s][info][gc,phases   ] GC(1280)   Evacuate Collection Set: 39.52ms
[568.630s][info][gc,phases   ] GC(1280)   Post Evacuate Collection Set: 0.42ms
[568.630s][info][gc,phases   ] GC(1280)   Other: 0.09ms
[568.630s][info][gc,heap     ] GC(1280) Eden regions: 140->0(129)
[568.630s][info][gc,heap     ] GC(1280) Survivor regions: 18->16(20)
[568.630s][info][gc,heap     ] GC(1280) Old regions: 86->103
[568.630s][info][gc,heap     ] GC(1280) Humongous regions: 10->10
[568.630s][info][gc,metaspace] GC(1280) Metaspace: 43187K(43520K)->43187K(43520K) NonClass: 40378K(40576K)->40378K(40576K) Class: 2808K(2944K)->2808K(2944K)
[568.630s][info][gc          ] GC(1280) Pause Young (Concurrent Start) (G1 Evacuation Pause) 253M->129M(296M) 40.597ms
[568.630s][info][gc          ] GC(1281) Concurrent Mark Cycle
[568.630s][info][gc,marking  ] GC(1281) Concurrent Scan Root Regions
[568.632s][info][gc,cpu      ] GC(1280) User=0.08s Sys=0.00s Real=0.04s
[568.658s][info][gc,marking  ] GC(1281) Concurrent Scan Root Regions 28.567ms
[568.658s][info][gc,marking  ] GC(1281) Concurrent Mark
[568.658s][info][gc,marking  ] GC(1281) Concurrent Mark From Roots
[568.658s][info][gc,task     ] GC(1281) Using 1 workers of 1 for marking
[568.760s][info][gc,marking  ] GC(1281) Concurrent Mark From Roots 101.309ms
[568.760s][info][gc,marking  ] GC(1281) Concurrent Preclean
[568.760s][info][gc,marking  ] GC(1281) Concurrent Preclean 0.043ms
[568.760s][info][gc,start    ] GC(1281) Pause Remark
[568.777s][info][gc          ] GC(1281) Pause Remark 148M->145M(296M) 16.595ms
[568.777s][info][gc,cpu      ] GC(1281) User=0.03s Sys=0.00s Real=0.02s
[568.777s][info][gc,marking  ] GC(1281) Concurrent Mark 118.313ms
[568.777s][info][gc,marking  ] GC(1281) Concurrent Rebuild Remembered Sets and Scrub Regions
[568.833s][info][gc,marking  ] GC(1281) Concurrent Rebuild Remembered Sets and Scrub Regions 55.751ms
[568.833s][info][gc,start    ] GC(1281) Pause Cleanup
[568.833s][info][gc          ] GC(1281) Pause Cleanup 150M->150M(296M) 0.058ms
[568.833s][info][gc,cpu      ] GC(1281) User=0.00s Sys=0.00s Real=0.00s
[568.833s][info][gc,marking  ] GC(1281) Concurrent Clear Claimed Marks
[568.833s][info][gc,marking  ] GC(1281) Concurrent Clear Claimed Marks 0.042ms
[568.833s][info][gc,marking  ] GC(1281) Concurrent Cleanup for Next Mark
[568.834s][info][gc,marking  ] GC(1281) Concurrent Cleanup for Next Mark 1.184ms
[568.834s][info][gc          ] GC(1281) Concurrent Mark Cycle 204.288ms
[569.866s][info][gc,start    ] GC(1282) Pause Young (Prepare Mixed) (G1 Evacuation Pause)
[569.866s][info][gc,task     ] GC(1282) Using 2 workers of 2 for evacuation
[569.898s][info][gc,phases   ] GC(1282)   Pre Evacuate Collection Set: 0.20ms
[569.898s][info][gc,phases   ] GC(1282)   Merge Heap Roots: 0.16ms
[569.898s][info][gc,phases   ] GC(1282)   Evacuate Collection Set: 31.65ms
[569.898s][info][gc,phases   ] GC(1282)   Post Evacuate Collection Set: 0.48ms
[569.898s][info][gc,phases   ] GC(1282)   Other: 0.07ms
[569.898s][info][gc,heap     ] GC(1282) Eden regions: 129->0(123)
[569.898s][info][gc,heap     ] GC(1282) Survivor regions: 16->7(19)
[569.898s][info][gc,heap     ] GC(1282) Old regions: 103->119
[569.898s][info][gc,heap     ] GC(1282) Humongous regions: 15->13
[569.898s][info][gc,metaspace] GC(1282) Metaspace: 43187K(43520K)->43187K(43520K) NonClass: 40378K(40576K)->40378K(40576K) Class: 2808K(2944K)->2808K(2944K)
[569.898s][info][gc          ] GC(1282) Pause Young (Prepare Mixed) (G1 Evacuation Pause) 263M->139M(296M) 32.753ms
[569.898s][info][gc,cpu      ] GC(1282) User=0.06s Sys=0.00s Real=0.04s
[570.331s][info][gc,start    ] GC(1283) Pause Young (Mixed) (G1 Evacuation Pause)
[570.331s][info][gc,task     ] GC(1283) Using 2 workers of 2 for evacuation
[570.350s][info][gc,phases   ] GC(1283)   Pre Evacuate Collection Set: 0.18ms
[570.350s][info][gc,phases   ] GC(1283)   Merge Heap Roots: 0.12ms
[570.350s][info][gc,phases   ] GC(1283)   Evacuate Collection Set: 18.48ms
[570.350s][info][gc,phases   ] GC(1283)   Post Evacuate Collection Set: 0.42ms
[570.350s][info][gc,phases   ] GC(1283)   Other: 0.07ms
[570.350s][info][gc,heap     ] GC(1283) Eden regions: 123->0(121)
[570.350s][info][gc,heap     ] GC(1283) Survivor regions: 7->14(17)
[570.350s][info][gc,heap     ] GC(1283) Old regions: 119->116
[570.350s][info][gc,heap     ] GC(1283) Humongous regions: 13->13
[570.350s][info][gc,metaspace] GC(1283) Metaspace: 43188K(43520K)->43188K(43520K) NonClass: 40379K(40576K)->40379K(40576K) Class: 2808K(2944K)->2808K(2944K)
[570.350s][info][gc          ] GC(1283) Pause Young (Mixed) (G1 Evacuation Pause) 262M->142M(296M) 19.445ms
[570.350s][info][gc,cpu      ] GC(1283) User=0.04s Sys=0.00s Real=0.02s
[570.908s][info][gc,start    ] GC(1284) Pause Young (Concurrent Start) (G1 Evacuation Pause)
[570.908s][info][gc,task     ] GC(1284) Using 2 workers of 2 for evacuation
[570.930s][info][gc,phases   ] GC(1284)   Pre Evacuate Collection Set: 0.19ms
[570.930s][info][gc,phases   ] GC(1284)   Merge Heap Roots: 0.12ms
[570.930s][info][gc,phases   ] GC(1284)   Evacuate Collection Set: 20.78ms
[570.930s][info][gc,phases   ] GC(1284)   Post Evacuate Collection Set: 0.38ms
[570.930s][info][gc,phases   ] GC(1284)   Other: 0.09ms
[570.930s][info][gc,heap     ] GC(1284) Eden regions: 121->0(121)
[570.930s][info][gc,heap     ] GC(1284) Survivor regions: 14->12(17)
[570.930s][info][gc,heap     ] GC(1284) Old regions: 116->122
[570.930s][info][gc,heap     ] GC(1284) Humongous regions: 13->13
[570.930s][info][gc,metaspace] GC(1284) Metaspace: 43188K(43520K)->43188K(43520K) NonClass: 40379K(40576K)->40379K(40576K) Class: 2808K(2944K)->2808K(2944K)
[570.930s][info][gc          ] GC(1284) Pause Young (Concurrent Start) (G1 Evacuation Pause) 263M->146M(296M) 21.822ms
[570.930s][info][gc,cpu      ] GC(1284) User=0.04s Sys=0.00s Real=0.02s
[570.930s][info][gc          ] GC(1285) Concurrent Mark Cycle
[570.932s][info][gc,marking  ] GC(1285) Concurrent Scan Root Regions
[570.951s][info][gc,marking  ] GC(1285) Concurrent Scan Root Regions 19.269ms
[570.951s][info][gc,marking  ] GC(1285) Concurrent Mark
[570.951s][info][gc,marking  ] GC(1285) Concurrent Mark From Roots
[570.951s][info][gc,task     ] GC(1285) Using 1 workers of 1 for marking
[570.986s][info][gc,marking  ] GC(1285) Concurrent Mark From Roots 35.003ms
[570.986s][info][gc,marking  ] GC(1285) Concurrent Preclean
[570.986s][info][gc,marking  ] GC(1285) Concurrent Preclean 0.034ms
[570.986s][info][gc,start    ] GC(1285) Pause Remark
[571.003s][info][gc          ] GC(1285) Pause Remark 156M->129M(296M) 16.336ms
[571.003s][info][gc,cpu      ] GC(1285) User=0.03s Sys=0.00s Real=0.02s
[571.003s][info][gc,marking  ] GC(1285) Concurrent Mark 51.622ms
[571.003s][info][gc,marking  ] GC(1285) Concurrent Rebuild Remembered Sets and Scrub Regions
[571.019s][info][gc,marking  ] GC(1285) Concurrent Rebuild Remembered Sets and Scrub Regions 16.471ms
[571.019s][info][gc,start    ] GC(1285) Pause Cleanup
[571.019s][info][gc          ] GC(1285) Pause Cleanup 132M->132M(296M) 0.066ms
[571.019s][info][gc,cpu      ] GC(1285) User=0.00s Sys=0.00s Real=0.00s
[571.019s][info][gc,marking  ] GC(1285) Concurrent Clear Claimed Marks
[571.019s][info][gc,marking  ] GC(1285) Concurrent Clear Claimed Marks 0.033ms
[571.019s][info][gc,marking  ] GC(1285) Concurrent Cleanup for Next Mark
[571.020s][info][gc,marking  ] GC(1285) Concurrent Cleanup for Next Mark 0.839ms
[571.020s][info][gc          ] GC(1285) Concurrent Mark Cycle 90.434ms
[571.627s][info][gc,start    ] GC(1286) Pause Young (Prepare Mixed) (G1 Evacuation Pause)
[571.627s][info][gc,task     ] GC(1286) Using 2 workers of 2 for evacuation
[571.648s][info][gc,phases   ] GC(1286)   Pre Evacuate Collection Set: 0.17ms
[571.648s][info][gc,phases   ] GC(1286)   Merge Heap Roots: 0.07ms
[571.648s][info][gc,phases   ] GC(1286)   Evacuate Collection Set: 19.86ms
[571.648s][info][gc,phases   ] GC(1286)   Post Evacuate Collection Set: 0.40ms
[571.648s][info][gc,phases   ] GC(1286)   Other: 0.09ms
[571.648s][info][gc,heap     ] GC(1286) Eden regions: 121->0(130)
[571.648s][info][gc,heap     ] GC(1286) Survivor regions: 12->17(17)
[571.648s][info][gc,heap     ] GC(1286) Old regions: 107->115
[571.648s][info][gc,heap     ] GC(1286) Humongous regions: 1->1
[571.648s][info][gc,metaspace] GC(1286) Metaspace: 43188K(43520K)->43188K(43520K) NonClass: 40379K(40576K)->40379K(40576K) Class: 2808K(2944K)->2808K(2944K)
[571.648s][info][gc          ] GC(1286) Pause Young (Prepare Mixed) (G1 Evacuation Pause) 240M->132M(296M) 20.784ms
[571.648s][info][gc,cpu      ] GC(1286) User=0.04s Sys=0.00s Real=0.02s
[572.338s][info][gc,start    ] GC(1287) Pause Young (Mixed) (G1 Evacuation Pause)
[572.338s][info][gc,task     ] GC(1287) Using 2 workers of 2 for evacuation
[572.367s][info][gc,phases   ] GC(1287)   Pre Evacuate Collection Set: 0.22ms
[572.367s][info][gc,phases   ] GC(1287)   Merge Heap Roots: 0.11ms
[572.367s][info][gc,phases   ] GC(1287)   Evacuate Collection Set: 28.15ms
[572.367s][info][gc,phases   ] GC(1287)   Post Evacuate Collection Set: 0.40ms
[572.368s][info][gc,phases   ] GC(1287)   Other: 0.08ms
[572.368s][info][gc,heap     ] GC(1287) Eden regions: 130->0(142)
[572.368s][info][gc,heap     ] GC(1287) Survivor regions: 17->14(19)
[572.368s][info][gc,heap     ] GC(1287) Old regions: 115->102
[572.368s][info][gc,heap     ] GC(1287) Humongous regions: 1->1
[572.368s][info][gc,metaspace] GC(1287) Metaspace: 43188K(43520K)->43188K(43520K) NonClass: 40379K(40576K)->40379K(40576K) Class: 2808K(2944K)->2808K(2944K)
[572.368s][info][gc          ] GC(1287) Pause Young (Mixed) (G1 Evacuation Pause) 262M->117M(296M) 29.183ms
[572.368s][info][gc,cpu      ] GC(1287) User=0.06s Sys=0.00s Real=0.03s
[573.140s][info][gc,start    ] GC(1288) Pause Young (Mixed) (G1 Evacuation Pause)
[573.140s][info][gc,task     ] GC(1288) Using 2 workers of 2 for evacuation
[573.165s][info][gc,phases   ] GC(1288)   Pre Evacuate Collection Set: 0.18ms
[573.165s][info][gc,phases   ] GC(1288)   Merge Heap Roots: 0.11ms
[573.165s][info][gc,phases   ] GC(1288)   Evacuate Collection Set: 23.43ms
[573.165s][info][gc,phases   ] GC(1288)   Post Evacuate Collection Set: 0.44ms
[573.165s][info][gc,phases   ] GC(1288)   Other: 0.08ms
[573.165s][info][gc,heap     ] GC(1288) Eden regions: 142->0(157)
[573.165s][info][gc,heap     ] GC(1288) Survivor regions: 14->13(20)
[573.165s][info][gc,heap     ] GC(1288) Old regions: 102->86
[573.165s][info][gc,heap     ] GC(1288) Humongous regions: 1->1
[573.165s][info][gc,metaspace] GC(1288) Metaspace: 43188K(43520K)->43188K(43520K) NonClass: 40379K(40576K)->40379K(40576K) Class: 2808K(2944K)->2808K(2944K)
[573.165s][info][gc          ] GC(1288) Pause Young (Mixed) (G1 Evacuation Pause) 259M->100M(296M) 24.437ms
[573.165s][info][gc,cpu      ] GC(1288) User=0.05s Sys=0.00s Real=0.02s
[574.014s][info][gc,start    ] GC(1289) Pause Young (Mixed) (G1 Evacuation Pause)
[574.014s][info][gc,task     ] GC(1289) Using 2 workers of 2 for evacuation
[574.040s][info][gc,phases   ] GC(1289)   Pre Evacuate Collection Set: 0.17ms
[574.040s][info][gc,phases   ] GC(1289)   Merge Heap Roots: 0.08ms
[574.040s][info][gc,phases   ] GC(1289)   Evacuate Collection Set: 25.33ms
[574.040s][info][gc,phases   ] GC(1289)   Post Evacuate Collection Set: 0.57ms
[574.040s][info][gc,phases   ] GC(1289)   Other: 0.10ms
[574.040s][info][gc,heap     ] GC(1289) Eden regions: 157->0(144)
[574.040s][info][gc,heap     ] GC(1289) Survivor regions: 13->16(22)
[574.040s][info][gc,heap     ] GC(1289) Old regions: 86->96
[574.040s][info][gc,heap     ] GC(1289) Humongous regions: 2->2
[574.040s][info][gc,metaspace] GC(1289) Metaspace: 43188K(43520K)->43188K(43520K) NonClass: 40379K(40576K)->40379K(40576K) Class: 2808K(2944K)->2808K(2944K)
[574.040s][info][gc          ] GC(1289) Pause Young (Mixed) (G1 Evacuation Pause) 258M->113M(296M) 26.429ms
[574.040s][info][gc,cpu      ] GC(1289) User=0.05s Sys=0.00s Real=0.03s
[574.755s][info][gc,start    ] GC(1290) Pause Young (Concurrent Start) (G1 Evacuation Pause)
[574.755s][info][gc,task     ] GC(1290) Using 2 workers of 2 for evacuation
[574.784s][info][gc,phases   ] GC(1290)   Pre Evacuate Collection Set: 0.20ms
[574.784s][info][gc,phases   ] GC(1290)   Merge Heap Roots: 0.12ms
[574.784s][info][gc,phases   ] GC(1290)   Evacuate Collection Set: 27.52ms
[574.784s][info][gc,phases   ] GC(1290)   Post Evacuate Collection Set: 0.58ms
[574.784s][info][gc,phases   ] GC(1290)   Other: 0.09ms
[574.784s][info][gc,heap     ] GC(1290) Eden regions: 144->0(130)
[574.784s][info][gc,heap     ] GC(1290) Survivor regions: 16->16(20)
[574.784s][info][gc,heap     ] GC(1290) Old regions: 96->112
[574.784s][info][gc,heap     ] GC(1290) Humongous regions: 2->2
[574.784s][info][gc,metaspace] GC(1290) Metaspace: 43188K(43520K)->43188K(43520K) NonClass: 40379K(40576K)->40379K(40576K) Class: 2808K(2944K)->2808K(2944K)
[574.784s][info][gc          ] GC(1290) Pause Young (Concurrent Start) (G1 Evacuation Pause) 257M->129M(296M) 28.684ms
[574.784s][info][gc          ] GC(1291) Concurrent Mark Cycle
[574.784s][info][gc,cpu      ] GC(1290) User=0.05s Sys=0.00s Real=0.03s
[574.784s][info][gc,marking  ] GC(1291) Concurrent Scan Root Regions
[574.809s][info][gc,marking  ] GC(1291) Concurrent Scan Root Regions 24.816ms
[574.809s][info][gc,marking  ] GC(1291) Concurrent Mark
[574.809s][info][gc,marking  ] GC(1291) Concurrent Mark From Roots
[574.809s][info][gc,task     ] GC(1291) Using 1 workers of 1 for marking
[574.847s][info][gc,marking  ] GC(1291) Concurrent Mark From Roots 38.387ms
[574.847s][info][gc,marking  ] GC(1291) Concurrent Preclean
[574.847s][info][gc,marking  ] GC(1291) Concurrent Preclean 0.034ms
[574.848s][info][gc,start    ] GC(1291) Pause Remark
[574.864s][info][gc          ] GC(1291) Pause Remark 138M->116M(296M) 16.627ms
[574.864s][info][gc,cpu      ] GC(1291) User=0.03s Sys=0.00s Real=0.01s
[574.864s][info][gc,marking  ] GC(1291) Concurrent Mark 55.335ms
[574.864s][info][gc,marking  ] GC(1291) Concurrent Rebuild Remembered Sets and Scrub Regions
[574.888s][info][gc,marking  ] GC(1291) Concurrent Rebuild Remembered Sets and Scrub Regions 23.608ms
[574.888s][info][gc,start    ] GC(1291) Pause Cleanup
[574.888s][info][gc          ] GC(1291) Pause Cleanup 116M->116M(296M) 0.064ms
[574.888s][info][gc,cpu      ] GC(1291) User=0.00s Sys=0.00s Real=0.00s
[574.888s][info][gc,marking  ] GC(1291) Concurrent Clear Claimed Marks
[574.888s][info][gc,marking  ] GC(1291) Concurrent Clear Claimed Marks 0.038ms
[574.888s][info][gc,marking  ] GC(1291) Concurrent Cleanup for Next Mark
[574.889s][info][gc,marking  ] GC(1291) Concurrent Cleanup for Next Mark 0.911ms
[574.889s][info][gc          ] GC(1291) Concurrent Mark Cycle 105.111ms
[575.384s][info][gc,start    ] GC(1292) Pause Young (Prepare Mixed) (G1 Evacuation Pause)
[575.384s][info][gc,task     ] GC(1292) Using 2 workers of 2 for evacuation
[575.390s][info][gc,phases   ] GC(1292)   Pre Evacuate Collection Set: 0.17ms
[575.390s][info][gc,phases   ] GC(1292)   Merge Heap Roots: 0.09ms
[575.390s][info][gc,phases   ] GC(1292)   Evacuate Collection Set: 5.66ms
[575.390s][info][gc,phases   ] GC(1292)   Post Evacuate Collection Set: 0.38ms
[575.390s][info][gc,phases   ] GC(1292)   Other: 0.08ms
[575.390s][info][gc,heap     ] GC(1292) Eden regions: 130->0(157)
[575.390s][info][gc,heap     ] GC(1292) Survivor regions: 16->3(19)
[575.390s][info][gc,heap     ] GC(1292) Old regions: 90->97
[575.390s][info][gc,heap     ] GC(1292) Humongous regions: 14->4
[575.390s][info][gc,metaspace] GC(1292) Metaspace: 43188K(43520K)->43188K(43520K) NonClass: 40379K(40576K)->40379K(40576K) Class: 2808K(2944K)->2808K(2944K)
[575.390s][info][gc          ] GC(1292) Pause Young (Prepare Mixed) (G1 Evacuation Pause) 249M->103M(296M) 6.540ms
[575.390s][info][gc,cpu      ] GC(1292) User=0.01s Sys=0.00s Real=0.01s
[575.974s][info][gc,start    ] GC(1293) Pause Young (Mixed) (G1 Evacuation Pause)
[575.974s][info][gc,task     ] GC(1293) Using 2 workers of 2 for evacuation
[575.993s][info][gc,phases   ] GC(1293)   Pre Evacuate Collection Set: 1.23ms
[575.993s][info][gc,phases   ] GC(1293)   Merge Heap Roots: 0.16ms
[575.993s][info][gc,phases   ] GC(1293)   Evacuate Collection Set: 17.55ms
[575.993s][info][gc,phases   ] GC(1293)   Post Evacuate Collection Set: 0.45ms
[575.993s][info][gc,phases   ] GC(1293)   Other: 0.10ms
[575.993s][info][gc,heap     ] GC(1293) Eden regions: 157->0(164)
[575.994s][info][gc,heap     ] GC(1293) Survivor regions: 3->13(20)
[575.994s][info][gc,heap     ] GC(1293) Old regions: 97->68
[575.994s][info][gc,heap     ] GC(1293) Humongous regions: 13->4
[575.994s][info][gc,metaspace] GC(1293) Metaspace: 43188K(43520K)->43188K(43520K) NonClass: 40379K(40576K)->40379K(40576K) Class: 2808K(2944K)->2808K(2944K)
[575.994s][info][gc          ] GC(1293) Pause Young (Mixed) (G1 Evacuation Pause) 269M->84M(296M) 19.653ms
[575.994s][info][gc,cpu      ] GC(1293) User=0.03s Sys=0.00s Real=0.02s
[576.591s][info][gc,start    ] GC(1294) Pause Young (Mixed) (G1 Evacuation Pause)
[576.591s][info][gc,task     ] GC(1294) Using 2 workers of 2 for evacuation
[576.596s][info][gc,phases   ] GC(1294)   Pre Evacuate Collection Set: 0.19ms
[576.596s][info][gc,phases   ] GC(1294)   Merge Heap Roots: 0.09ms
[576.596s][info][gc,phases   ] GC(1294)   Evacuate Collection Set: 4.56ms
[576.596s][info][gc,phases   ] GC(1294)   Post Evacuate Collection Set: 0.46ms
[576.596s][info][gc,phases   ] GC(1294)   Other: 0.12ms
[576.596s][info][gc,heap     ] GC(1294) Eden regions: 164->0(173)
[576.596s][info][gc,heap     ] GC(1294) Survivor regions: 13->4(23)
[576.596s][info][gc,heap     ] GC(1294) Old regions: 68->64
[576.596s][info][gc,heap     ] GC(1294) Humongous regions: 13->4
[576.596s][info][gc,metaspace] GC(1294) Metaspace: 43188K(43520K)->43188K(43520K) NonClass: 40379K(40576K)->40379K(40576K) Class: 2808K(2944K)->2808K(2944K)
[576.596s][info][gc          ] GC(1294) Pause Young (Mixed) (G1 Evacuation Pause) 257M->70M(296M) 5.601ms
[576.596s][info][gc,cpu      ] GC(1294) User=0.01s Sys=0.00s Real=0.00s
[576.618s][info][gc,start    ] GC(1295) Pause Young (Concurrent Start) (G1 Humongous Allocation)
[576.618s][info][gc,task     ] GC(1295) Using 2 workers of 2 for evacuation
[576.622s][info][gc,phases   ] GC(1295)   Pre Evacuate Collection Set: 0.19ms
[576.622s][info][gc,phases   ] GC(1295)   Merge Heap Roots: 0.05ms
[576.622s][info][gc,phases   ] GC(1295)   Evacuate Collection Set: 2.95ms
[576.622s][info][gc,phases   ] GC(1295)   Post Evacuate Collection Set: 0.26ms
[576.622s][info][gc,phases   ] GC(1295)   Other: 0.11ms
[576.622s][info][gc,heap     ] GC(1295) Eden regions: 6->0(174)
[576.622s][info][gc,heap     ] GC(1295) Survivor regions: 4->3(23)
[576.622s][info][gc,heap     ] GC(1295) Old regions: 64->64
[576.622s][info][gc,heap     ] GC(1295) Humongous regions: 4->2
[576.622s][info][gc,metaspace] GC(1295) Metaspace: 43188K(43520K)->43188K(43520K) NonClass: 40379K(40576K)->40379K(40576K) Class: 2808K(2944K)->2808K(2944K)
[576.622s][info][gc          ] GC(1295) Pause Young (Concurrent Start) (G1 Humongous Allocation) 76M->68M(296M) 3.718ms
[576.622s][info][gc,cpu      ] GC(1295) User=0.01s Sys=0.00s Real=0.00s
[576.622s][info][gc          ] GC(1296) Concurrent Mark Cycle
[576.622s][info][gc,marking  ] GC(1296) Concurrent Scan Root Regions
[576.625s][info][gc,marking  ] GC(1296) Concurrent Scan Root Regions 2.943ms
[576.625s][info][gc,marking  ] GC(1296) Concurrent Mark
[576.625s][info][gc,marking  ] GC(1296) Concurrent Mark From Roots
[576.625s][info][gc,task     ] GC(1296) Using 1 workers of 1 for marking
[576.679s][info][gc,marking  ] GC(1296) Concurrent Mark From Roots 54.541ms
[576.679s][info][gc,marking  ] GC(1296) Concurrent Preclean
[576.679s][info][gc,marking  ] GC(1296) Concurrent Preclean 0.041ms
[576.680s][info][gc,start    ] GC(1296) Pause Remark
[576.696s][info][gc          ] GC(1296) Pause Remark 83M->77M(256M) 16.630ms
[576.696s][info][gc,cpu      ] GC(1296) User=0.03s Sys=0.00s Real=0.01s
[576.696s][info][gc,marking  ] GC(1296) Concurrent Mark 71.577ms
[576.696s][info][gc,marking  ] GC(1296) Concurrent Rebuild Remembered Sets and Scrub Regions
[576.719s][info][gc,marking  ] GC(1296) Concurrent Rebuild Remembered Sets and Scrub Regions 22.103ms
[576.719s][info][gc,start    ] GC(1296) Pause Cleanup
[576.719s][info][gc          ] GC(1296) Pause Cleanup 83M->83M(256M) 0.053ms
[576.719s][info][gc,cpu      ] GC(1296) User=0.00s Sys=0.00s Real=0.00s
[576.719s][info][gc,marking  ] GC(1296) Concurrent Clear Claimed Marks
[576.719s][info][gc,marking  ] GC(1296) Concurrent Clear Claimed Marks 0.033ms
[576.719s][info][gc,marking  ] GC(1296) Concurrent Cleanup for Next Mark
[576.720s][info][gc,marking  ] GC(1296) Concurrent Cleanup for Next Mark 0.968ms
[576.720s][info][gc          ] GC(1296) Concurrent Mark Cycle 97.932ms
[577.213s][info][gc,start    ] GC(1297) Pause Young (Prepare Mixed) (G1 Evacuation Pause)
[577.213s][info][gc,task     ] GC(1297) Using 2 workers of 2 for evacuation
[577.232s][info][gc,phases   ] GC(1297)   Pre Evacuate Collection Set: 0.16ms
[577.232s][info][gc,phases   ] GC(1297)   Merge Heap Roots: 0.06ms
[577.232s][info][gc,phases   ] GC(1297)   Evacuate Collection Set: 18.58ms
[577.232s][info][gc,phases   ] GC(1297)   Post Evacuate Collection Set: 0.39ms
[577.232s][info][gc,phases   ] GC(1297)   Other: 0.07ms
[577.232s][info][gc,heap     ] GC(1297) Eden regions: 150->0(133)
[577.232s][info][gc,heap     ] GC(1297) Survivor regions: 3->20(20)
[577.232s][info][gc,heap     ] GC(1297) Old regions: 59->59
[577.232s][info][gc,heap     ] GC(1297) Humongous regions: 3->3
[577.232s][info][gc,metaspace] GC(1297) Metaspace: 43188K(43520K)->43188K(43520K) NonClass: 40379K(40576K)->40379K(40576K) Class: 2808K(2944K)->2808K(2944K)
[577.233s][info][gc          ] GC(1297) Pause Young (Prepare Mixed) (G1 Evacuation Pause) 214M->80M(256M) 19.448ms
[577.233s][info][gc,cpu      ] GC(1297) User=0.03s Sys=0.00s Real=0.02s
[577.696s][info][gc,start    ] GC(1298) Pause Young (Mixed) (G1 Evacuation Pause)
[577.696s][info][gc,task     ] GC(1298) Using 2 workers of 2 for evacuation
[577.700s][info][gc,phases   ] GC(1298)   Pre Evacuate Collection Set: 0.16ms
[577.700s][info][gc,phases   ] GC(1298)   Merge Heap Roots: 0.06ms
[577.700s][info][gc,phases   ] GC(1298)   Evacuate Collection Set: 3.09ms
[577.700s][info][gc,phases   ] GC(1298)   Post Evacuate Collection Set: 0.40ms
[577.700s][info][gc,phases   ] GC(1298)   Other: 0.07ms
[577.700s][info][gc,heap     ] GC(1298) Eden regions: 133->0(152)
[577.700s][info][gc,heap     ] GC(1298) Survivor regions: 20->1(20)
[577.700s][info][gc,heap     ] GC(1298) Old regions: 59->48
[577.700s][info][gc,heap     ] GC(1298) Humongous regions: 13->1
[577.700s][info][gc,metaspace] GC(1298) Metaspace: 43202K(43584K)->43202K(43584K) NonClass: 40393K(40640K)->40393K(40640K) Class: 2808K(2944K)->2808K(2944K)
[577.700s][info][gc          ] GC(1298) Pause Young (Mixed) (G1 Evacuation Pause) 223M->48M(256M) 3.946ms
[577.700s][info][gc,cpu      ] GC(1298) User=0.01s Sys=0.00s Real=0.01s
[577.701s][info][gc,start    ] GC(1299) Pause Young (Concurrent Start) (G1 Humongous Allocation)
[577.701s][info][gc,task     ] GC(1299) Using 2 workers of 2 for evacuation
[577.702s][info][gc,phases   ] GC(1299)   Pre Evacuate Collection Set: 0.13ms
[577.702s][info][gc,phases   ] GC(1299)   Merge Heap Roots: 0.03ms
[577.702s][info][gc,phases   ] GC(1299)   Evacuate Collection Set: 1.10ms
[577.702s][info][gc,phases   ] GC(1299)   Post Evacuate Collection Set: 0.21ms
[577.702s][info][gc,phases   ] GC(1299)   Other: 0.05ms
[577.702s][info][gc,heap     ] GC(1299) Eden regions: 1->0(152)
[577.702s][info][gc,heap     ] GC(1299) Survivor regions: 1->1(20)
[577.702s][info][gc,heap     ] GC(1299) Old regions: 48->48
[577.702s][info][gc,heap     ] GC(1299) Humongous regions: 1->1
[577.702s][info][gc,metaspace] GC(1299) Metaspace: 43202K(43584K)->43202K(43584K) NonClass: 40393K(40640K)->40393K(40640K) Class: 2808K(2944K)->2808K(2944K)
[577.702s][info][gc          ] GC(1299) Pause Young (Concurrent Start) (G1 Humongous Allocation) 49M->48M(256M) 1.642ms
[577.702s][info][gc,cpu      ] GC(1299) User=0.00s Sys=0.00s Real=0.00s
[577.702s][info][gc          ] GC(1300) Concurrent Mark Cycle
[577.702s][info][gc,marking  ] GC(1300) Concurrent Scan Root Regions
[577.704s][info][gc,marking  ] GC(1300) Concurrent Scan Root Regions 1.756ms
[577.704s][info][gc,marking  ] GC(1300) Concurrent Mark
[577.704s][info][gc,marking  ] GC(1300) Concurrent Mark From Roots
[577.704s][info][gc,task     ] GC(1300) Using 1 workers of 1 for marking
[577.751s][info][gc,marking  ] GC(1300) Concurrent Mark From Roots 46.827ms
[577.751s][info][gc,marking  ] GC(1300) Concurrent Preclean
[577.751s][info][gc,marking  ] GC(1300) Concurrent Preclean 0.036ms
[577.751s][info][gc,start    ] GC(1300) Pause Remark
[577.768s][info][gc          ] GC(1300) Pause Remark 62M->62M(256M) 16.677ms
[577.768s][info][gc,cpu      ] GC(1300) User=0.03s Sys=0.00s Real=0.02s
[577.771s][info][gc,marking  ] GC(1300) Concurrent Mark 66.302ms
[577.771s][info][gc,marking  ] GC(1300) Concurrent Rebuild Remembered Sets and Scrub Regions
[577.789s][info][gc,marking  ] GC(1300) Concurrent Rebuild Remembered Sets and Scrub Regions 18.513ms
[577.789s][info][gc,start    ] GC(1300) Pause Cleanup
[577.789s][info][gc          ] GC(1300) Pause Cleanup 68M->68M(256M) 0.044ms
[577.789s][info][gc,cpu      ] GC(1300) User=0.00s Sys=0.00s Real=0.00s
[577.789s][info][gc,marking  ] GC(1300) Concurrent Clear Claimed Marks
[577.789s][info][gc,marking  ] GC(1300) Concurrent Clear Claimed Marks 0.035ms
[577.789s][info][gc,marking  ] GC(1300) Concurrent Cleanup for Next Mark
[577.791s][info][gc,marking  ] GC(1300) Concurrent Cleanup for Next Mark 1.237ms
[577.791s][info][gc          ] GC(1300) Concurrent Mark Cycle 88.230ms
[578.213s][info][gc,start    ] GC(1301) Pause Young (Prepare Mixed) (G1 Evacuation Pause)
[578.213s][info][gc,task     ] GC(1301) Using 2 workers of 2 for evacuation
[578.221s][info][gc,phases   ] GC(1301)   Pre Evacuate Collection Set: 0.17ms
[578.221s][info][gc,phases   ] GC(1301)   Merge Heap Roots: 0.07ms
[578.221s][info][gc,phases   ] GC(1301)   Evacuate Collection Set: 6.58ms
[578.221s][info][gc,phases   ] GC(1301)   Post Evacuate Collection Set: 0.40ms
[578.221s][info][gc,phases   ] GC(1301)   Other: 0.09ms
[578.221s][info][gc,heap     ] GC(1301) Eden regions: 152->0(145)
[578.221s][info][gc,heap     ] GC(1301) Survivor regions: 1->8(20)
[578.221s][info][gc,heap     ] GC(1301) Old regions: 48->48
[578.221s][info][gc,heap     ] GC(1301) Humongous regions: 15->3
[578.221s][info][gc,metaspace] GC(1301) Metaspace: 43205K(43584K)->43205K(43584K) NonClass: 40396K(40640K)->40396K(40640K) Class: 2808K(2944K)->2808K(2944K)
[578.221s][info][gc          ] GC(1301) Pause Young (Prepare Mixed) (G1 Evacuation Pause) 214M->57M(256M) 7.502ms
[578.221s][info][gc,cpu      ] GC(1301) User=0.01s Sys=0.00s Real=0.01s
[578.779s][info][gc,start    ] GC(1302) Pause Young (Mixed) (G1 Evacuation Pause)
[578.779s][info][gc,task     ] GC(1302) Using 2 workers of 2 for evacuation
[578.787s][info][gc,phases   ] GC(1302)   Pre Evacuate Collection Set: 0.16ms
[578.787s][info][gc,phases   ] GC(1302)   Merge Heap Roots: 0.09ms
[578.787s][info][gc,phases   ] GC(1302)   Evacuate Collection Set: 7.64ms
[578.787s][info][gc,phases   ] GC(1302)   Post Evacuate Collection Set: 0.43ms
[578.787s][info][gc,phases   ] GC(1302)   Other: 0.08ms
[578.787s][info][gc,heap     ] GC(1302) Eden regions: 145->0(145)
[578.787s][info][gc,heap     ] GC(1302) Survivor regions: 8->8(20)
[578.787s][info][gc,heap     ] GC(1302) Old regions: 48->44
[578.787s][info][gc,heap     ] GC(1302) Humongous regions: 13->3
[578.787s][info][gc,metaspace] GC(1302) Metaspace: 43205K(43584K)->43205K(43584K) NonClass: 40396K(40640K)->40396K(40640K) Class: 2808K(2944K)->2808K(2944K)
[578.787s][info][gc          ] GC(1302) Pause Young (Mixed) (G1 Evacuation Pause) 212M->53M(256M) 8.580ms
[578.787s][info][gc,cpu      ] GC(1302) User=0.02s Sys=0.00s Real=0.01s
[578.866s][info][gc,start    ] GC(1303) Pause Young (Concurrent Start) (G1 Humongous Allocation)
[578.866s][info][gc,task     ] GC(1303) Using 2 workers of 2 for evacuation
[578.869s][info][gc,phases   ] GC(1303)   Pre Evacuate Collection Set: 0.17ms
[578.869s][info][gc,phases   ] GC(1303)   Merge Heap Roots: 0.04ms
[578.869s][info][gc,phases   ] GC(1303)   Evacuate Collection Set: 2.80ms
[578.869s][info][gc,phases   ] GC(1303)   Post Evacuate Collection Set: 0.30ms
[578.869s][info][gc,phases   ] GC(1303)   Other: 0.12ms
[578.869s][info][gc,heap     ] GC(1303) Eden regions: 19->0(150)
[578.869s][info][gc,heap     ] GC(1303) Survivor regions: 8->3(20)
[578.869s][info][gc,heap     ] GC(1303) Old regions: 44->44
[578.869s][info][gc,heap     ] GC(1303) Humongous regions: 3->1
[578.869s][info][gc,metaspace] GC(1303) Metaspace: 43205K(43584K)->43205K(43584K) NonClass: 40396K(40640K)->40396K(40640K) Class: 2808K(2944K)->2808K(2944K)
[578.869s][info][gc          ] GC(1303) Pause Young (Concurrent Start) (G1 Humongous Allocation) 72M->46M(256M) 3.588ms
[578.869s][info][gc,cpu      ] GC(1303) User=0.01s Sys=0.00s Real=0.01s
[578.869s][info][gc          ] GC(1304) Concurrent Mark Cycle
[578.869s][info][gc,marking  ] GC(1304) Concurrent Scan Root Regions
[578.875s][info][gc,marking  ] GC(1304) Concurrent Scan Root Regions 5.970ms
[578.875s][info][gc,marking  ] GC(1304) Concurrent Mark
[578.875s][info][gc,marking  ] GC(1304) Concurrent Mark From Roots
[578.875s][info][gc,task     ] GC(1304) Using 1 workers of 1 for marking
[578.921s][info][gc,marking  ] GC(1304) Concurrent Mark From Roots 46.010ms
[578.921s][info][gc,marking  ] GC(1304) Concurrent Preclean
[578.921s][info][gc,marking  ] GC(1304) Concurrent Preclean 0.036ms
[578.922s][info][gc,start    ] GC(1304) Pause Remark
[578.938s][info][gc          ] GC(1304) Pause Remark 59M->59M(256M) 16.303ms
[578.938s][info][gc,cpu      ] GC(1304) User=0.03s Sys=0.00s Real=0.02s
[578.938s][info][gc,marking  ] GC(1304) Concurrent Mark 62.537ms
[578.938s][info][gc,marking  ] GC(1304) Concurrent Rebuild Remembered Sets and Scrub Regions
[578.958s][info][gc,marking  ] GC(1304) Concurrent Rebuild Remembered Sets and Scrub Regions 19.988ms
[578.958s][info][gc,start    ] GC(1304) Pause Cleanup
[578.958s][info][gc          ] GC(1304) Pause Cleanup 65M->65M(256M) 0.044ms
[578.958s][info][gc,cpu      ] GC(1304) User=0.00s Sys=0.00s Real=0.00s
[578.958s][info][gc,marking  ] GC(1304) Concurrent Clear Claimed Marks
[578.958s][info][gc,marking  ] GC(1304) Concurrent Clear Claimed Marks 0.035ms
[578.958s][info][gc,marking  ] GC(1304) Concurrent Cleanup for Next Mark
[578.959s][info][gc,marking  ] GC(1304) Concurrent Cleanup for Next Mark 0.929ms
[578.959s][info][gc          ] GC(1304) Concurrent Mark Cycle 89.829ms
[579.422s][info][gc,start    ] GC(1305) Pause Young (Prepare Mixed) (G1 Evacuation Pause)
[579.422s][info][gc,task     ] GC(1305) Using 2 workers of 2 for evacuation
[579.447s][info][gc,phases   ] GC(1305)   Pre Evacuate Collection Set: 0.16ms
[579.447s][info][gc,phases   ] GC(1305)   Merge Heap Roots: 0.08ms
[579.447s][info][gc,phases   ] GC(1305)   Evacuate Collection Set: 24.19ms
[579.447s][info][gc,phases   ] GC(1305)   Post Evacuate Collection Set: 0.50ms
[579.447s][info][gc,phases   ] GC(1305)   Other: 0.07ms
[579.447s][info][gc,heap     ] GC(1305) Eden regions: 150->0(133)
[579.447s][info][gc,heap     ] GC(1305) Survivor regions: 3->20(20)
[579.447s][info][gc,heap     ] GC(1305) Old regions: 44->53
[579.447s][info][gc,heap     ] GC(1305) Humongous regions: 5->3
[579.447s][info][gc,metaspace] GC(1305) Metaspace: 43205K(43584K)->43205K(43584K) NonClass: 40396K(40640K)->40396K(40640K) Class: 2808K(2944K)->2808K(2944K)
[579.448s][info][gc          ] GC(1305) Pause Young (Prepare Mixed) (G1 Evacuation Pause) 200M->75M(256M) 25.188ms
[579.448s][info][gc,cpu      ] GC(1305) User=0.05s Sys=0.00s Real=0.03s
[580.008s][info][gc,start    ] GC(1306) Pause Young (Mixed) (G1 Evacuation Pause)
[580.008s][info][gc,task     ] GC(1306) Using 2 workers of 2 for evacuation
[580.040s][info][gc,phases   ] GC(1306)   Pre Evacuate Collection Set: 0.17ms
[580.040s][info][gc,phases   ] GC(1306)   Merge Heap Roots: 0.19ms
[580.040s][info][gc,phases   ] GC(1306)   Evacuate Collection Set: 30.87ms
[580.040s][info][gc,phases   ] GC(1306)   Post Evacuate Collection Set: 0.46ms
[580.040s][info][gc,phases   ] GC(1306)   Other: 0.07ms
[580.040s][info][gc,heap     ] GC(1306) Eden regions: 133->0(133)
[580.040s][info][gc,heap     ] GC(1306) Survivor regions: 20->14(20)
[580.040s][info][gc,heap     ] GC(1306) Old regions: 53->62
[580.040s][info][gc,heap     ] GC(1306) Humongous regions: 3->3
[580.040s][info][gc,metaspace] GC(1306) Metaspace: 43205K(43584K)->43205K(43584K) NonClass: 40397K(40640K)->40397K(40640K) Class: 2808K(2944K)->2808K(2944K)
[580.040s][info][gc          ] GC(1306) Pause Young (Mixed) (G1 Evacuation Pause) 208M->78M(256M) 31.940ms
[580.040s][info][gc,cpu      ] GC(1306) User=0.06s Sys=0.00s Real=0.03s
[580.213s][info][gc,start    ] GC(1307) Pause Young (Concurrent Start) (G1 Humongous Allocation)
[580.214s][info][gc,task     ] GC(1307) Using 2 workers of 2 for evacuation
[580.239s][info][gc,phases   ] GC(1307)   Pre Evacuate Collection Set: 0.18ms
[580.239s][info][gc,phases   ] GC(1307)   Merge Heap Roots: 0.11ms
[580.239s][info][gc,phases   ] GC(1307)   Evacuate Collection Set: 24.97ms
[580.239s][info][gc,phases   ] GC(1307)   Post Evacuate Collection Set: 0.34ms
[580.239s][info][gc,phases   ] GC(1307)   Other: 0.10ms
[580.239s][info][gc,heap     ] GC(1307) Eden regions: 46->0(116)
[580.239s][info][gc,heap     ] GC(1307) Survivor regions: 14->13(19)
[580.239s][info][gc,heap     ] GC(1307) Old regions: 62->75
[580.239s][info][gc,heap     ] GC(1307) Humongous regions: 3->1
[580.239s][info][gc,metaspace] GC(1307) Metaspace: 43206K(43584K)->43206K(43584K) NonClass: 40397K(40640K)->40397K(40640K) Class: 2808K(2944K)->2808K(2944K)
[580.239s][info][gc          ] GC(1307) Pause Young (Concurrent Start) (G1 Humongous Allocation) 124M->88M(256M) 25.857ms
[580.239s][info][gc,cpu      ] GC(1307) User=0.05s Sys=0.00s Real=0.03s
[580.239s][info][gc          ] GC(1308) Concurrent Mark Cycle
[580.239s][info][gc,marking  ] GC(1308) Concurrent Scan Root Regions
[580.267s][info][gc,marking  ] GC(1308) Concurrent Scan Root Regions 27.651ms
[580.267s][info][gc,marking  ] GC(1308) Concurrent Mark
[580.267s][info][gc,marking  ] GC(1308) Concurrent Mark From Roots
[580.267s][info][gc,task     ] GC(1308) Using 1 workers of 1 for marking
[580.337s][info][gc,marking  ] GC(1308) Concurrent Mark From Roots 69.522ms
[580.337s][info][gc,marking  ] GC(1308) Concurrent Preclean
[580.337s][info][gc,marking  ] GC(1308) Concurrent Preclean 0.040ms
[580.337s][info][gc,start    ] GC(1308) Pause Remark
[580.353s][info][gc          ] GC(1308) Pause Remark 119M->116M(256M) 16.449ms
[580.353s][info][gc,cpu      ] GC(1308) User=0.03s Sys=0.00s Real=0.01s
[580.353s][info][gc,marking  ] GC(1308) Concurrent Mark 86.267ms
[580.353s][info][gc,marking  ] GC(1308) Concurrent Rebuild Remembered Sets and Scrub Regions
[580.393s][info][gc,marking  ] GC(1308) Concurrent Rebuild Remembered Sets and Scrub Regions 39.600ms
[580.393s][info][gc,start    ] GC(1308) Pause Cleanup
[580.393s][info][gc          ] GC(1308) Pause Cleanup 126M->126M(256M) 0.046ms
[580.393s][info][gc,cpu      ] GC(1308) User=0.00s Sys=0.00s Real=0.00s
[580.393s][info][gc,marking  ] GC(1308) Concurrent Clear Claimed Marks
[580.393s][info][gc,marking  ] GC(1308) Concurrent Clear Claimed Marks 0.037ms
[580.393s][info][gc,marking  ] GC(1308) Concurrent Cleanup for Next Mark
[580.394s][info][gc,marking  ] GC(1308) Concurrent Cleanup for Next Mark 0.771ms
[580.394s][info][gc          ] GC(1308) Concurrent Mark Cycle 154.656ms
[580.688s][info][gc,start    ] GC(1309) Pause Young (Prepare Mixed) (G1 Evacuation Pause)
[580.688s][info][gc,task     ] GC(1309) Using 2 workers of 2 for evacuation
[580.709s][info][gc,phases   ] GC(1309)   Pre Evacuate Collection Set: 0.17ms
[580.709s][info][gc,phases   ] GC(1309)   Merge Heap Roots: 0.15ms
[580.709s][info][gc,phases   ] GC(1309)   Evacuate Collection Set: 20.68ms
[580.709s][info][gc,phases   ] GC(1309)   Post Evacuate Collection Set: 0.45ms
[580.709s][info][gc,phases   ] GC(1309)   Other: 0.09ms
[580.709s][info][gc,heap     ] GC(1309) Eden regions: 116->0(113)
[580.709s][info][gc,heap     ] GC(1309) Survivor regions: 13->10(17)
[580.709s][info][gc,heap     ] GC(1309) Old regions: 72->84
[580.709s][info][gc,heap     ] GC(1309) Humongous regions: 5->3
[580.709s][info][gc,metaspace] GC(1309) Metaspace: 43206K(43584K)->43206K(43584K) NonClass: 40397K(40640K)->40397K(40640K) Class: 2808K(2944K)->2808K(2944K)
[580.709s][info][gc          ] GC(1309) Pause Young (Prepare Mixed) (G1 Evacuation Pause) 205M->97M(256M) 21.698ms
[580.709s][info][gc,cpu      ] GC(1309) User=0.04s Sys=0.00s Real=0.02s
[581.183s][info][gc,start    ] GC(1310) Pause Young (Mixed) (G1 Evacuation Pause)
[581.183s][info][gc,task     ] GC(1310) Using 2 workers of 2 for evacuation
[581.198s][info][gc,phases   ] GC(1310)   Pre Evacuate Collection Set: 0.16ms
[581.198s][info][gc,phases   ] GC(1310)   Merge Heap Roots: 0.30ms
[581.198s][info][gc,phases   ] GC(1310)   Evacuate Collection Set: 14.61ms
[581.198s][info][gc,phases   ] GC(1310)   Post Evacuate Collection Set: 0.38ms
[581.198s][info][gc,phases   ] GC(1310)   Other: 0.09ms
[581.198s][info][gc,heap     ] GC(1310) Eden regions: 113->0(124)
[581.198s][info][gc,heap     ] GC(1310) Survivor regions: 10->5(16)
[581.198s][info][gc,heap     ] GC(1310) Old regions: 84->82
[581.198s][info][gc,heap     ] GC(1310) Humongous regions: 11->3
[581.199s][info][gc,metaspace] GC(1310) Metaspace: 43206K(43584K)->43206K(43584K) NonClass: 40397K(40640K)->40397K(40640K) Class: 2808K(2944K)->2808K(2944K)
[581.199s][info][gc          ] GC(1310) Pause Young (Mixed) (G1 Evacuation Pause) 218M->89M(256M) 15.711ms
[581.199s][info][gc,cpu      ] GC(1310) User=0.03s Sys=0.00s Real=0.02s
[581.345s][info][gc,start    ] GC(1311) Pause Young (Concurrent Start) (G1 Humongous Allocation)
[581.345s][info][gc,task     ] GC(1311) Using 2 workers of 2 for evacuation
[581.347s][info][gc,phases   ] GC(1311)   Pre Evacuate Collection Set: 0.16ms
[581.347s][info][gc,phases   ] GC(1311)   Merge Heap Roots: 0.04ms
[581.347s][info][gc,phases   ] GC(1311)   Evacuate Collection Set: 1.41ms
[581.347s][info][gc,phases   ] GC(1311)   Post Evacuate Collection Set: 0.32ms
[581.347s][info][gc,phases   ] GC(1311)   Other: 0.09ms
[581.347s][info][gc,heap     ] GC(1311) Eden regions: 38->0(134)
[581.347s][info][gc,heap     ] GC(1311) Survivor regions: 5->2(17)
[581.347s][info][gc,heap     ] GC(1311) Old regions: 82->82
[581.347s][info][gc,heap     ] GC(1311) Humongous regions: 3->1
[581.347s][info][gc,metaspace] GC(1311) Metaspace: 43206K(43584K)->43206K(43584K) NonClass: 40397K(40640K)->40397K(40640K) Class: 2808K(2944K)->2808K(2944K)
[581.347s][info][gc          ] GC(1311) Pause Young (Concurrent Start) (G1 Humongous Allocation) 127M->84M(256M) 2.180ms
[581.347s][info][gc          ] GC(1312) Concurrent Mark Cycle
[581.347s][info][gc,marking  ] GC(1312) Concurrent Scan Root Regions
[581.348s][info][gc,cpu      ] GC(1311) User=0.00s Sys=0.00s Real=0.01s
[581.350s][info][gc,marking  ] GC(1312) Concurrent Scan Root Regions 3.329ms
[581.350s][info][gc,marking  ] GC(1312) Concurrent Mark
[581.350s][info][gc,marking  ] GC(1312) Concurrent Mark From Roots
[581.350s][info][gc,task     ] GC(1312) Using 1 workers of 1 for marking
[581.410s][info][gc,marking  ] GC(1312) Concurrent Mark From Roots 59.257ms
[581.410s][info][gc,marking  ] GC(1312) Concurrent Preclean
[581.410s][info][gc,marking  ] GC(1312) Concurrent Preclean 0.039ms
[581.410s][info][gc,start    ] GC(1312) Pause Remark
[581.426s][info][gc          ] GC(1312) Pause Remark 105M->95M(256M) 16.326ms
[581.426s][info][gc,cpu      ] GC(1312) User=0.03s Sys=0.00s Real=0.01s
[581.426s][info][gc,marking  ] GC(1312) Concurrent Mark 75.895ms
[581.426s][info][gc,marking  ] GC(1312) Concurrent Rebuild Remembered Sets and Scrub Regions
[581.456s][info][gc,marking  ] GC(1312) Concurrent Rebuild Remembered Sets and Scrub Regions 29.738ms
[581.456s][info][gc,start    ] GC(1312) Pause Cleanup
[581.456s][info][gc          ] GC(1312) Pause Cleanup 103M->103M(256M) 0.051ms
[581.456s][info][gc,cpu      ] GC(1312) User=0.00s Sys=0.00s Real=0.00s
[581.456s][info][gc,marking  ] GC(1312) Concurrent Clear Claimed Marks
[581.456s][info][gc,marking  ] GC(1312) Concurrent Clear Claimed Marks 0.037ms
[581.456s][info][gc,marking  ] GC(1312) Concurrent Cleanup for Next Mark
[581.457s][info][gc,marking  ] GC(1312) Concurrent Cleanup for Next Mark 1.088ms
[581.457s][info][gc          ] GC(1312) Concurrent Mark Cycle 110.403ms
[581.840s][info][gc,start    ] GC(1313) Pause Young (Prepare Mixed) (G1 Evacuation Pause)
[581.840s][info][gc,task     ] GC(1313) Using 2 workers of 2 for evacuation
[581.872s][info][gc,phases   ] GC(1313)   Pre Evacuate Collection Set: 0.19ms
[581.872s][info][gc,phases   ] GC(1313)   Merge Heap Roots: 0.06ms
[581.872s][info][gc,phases   ] GC(1313)   Evacuate Collection Set: 31.44ms
[581.872s][info][gc,phases   ] GC(1313)   Post Evacuate Collection Set: 0.57ms
[581.872s][info][gc,phases   ] GC(1313)   Other: 0.08ms
[581.872s][info][gc,heap     ] GC(1313) Eden regions: 134->0(128)
[581.872s][info][gc,heap     ] GC(1313) Survivor regions: 2->15(17)
[581.872s][info][gc,heap     ] GC(1313) Old regions: 72->72
[581.872s][info][gc,heap     ] GC(1313) Humongous regions: 5->3
[581.872s][info][gc,metaspace] GC(1313) Metaspace: 43206K(43584K)->43206K(43584K) NonClass: 40397K(40640K)->40397K(40640K) Class: 2808K(2944K)->2808K(2944K)
[581.872s][info][gc          ] GC(1313) Pause Young (Prepare Mixed) (G1 Evacuation Pause) 212M->89M(256M) 32.526ms
[581.872s][info][gc,cpu      ] GC(1313) User=0.04s Sys=0.00s Real=0.03s
[582.322s][info][gc,start    ] GC(1314) Pause Young (Mixed) (G1 Evacuation Pause)
[582.322s][info][gc,task     ] GC(1314) Using 2 workers of 2 for evacuation
[582.328s][info][gc,phases   ] GC(1314)   Pre Evacuate Collection Set: 0.21ms
[582.328s][info][gc,phases   ] GC(1314)   Merge Heap Roots: 0.08ms
[582.328s][info][gc,phases   ] GC(1314)   Evacuate Collection Set: 5.43ms
[582.328s][info][gc,phases   ] GC(1314)   Post Evacuate Collection Set: 0.74ms
[582.328s][info][gc,phases   ] GC(1314)   Other: 0.09ms
[582.328s][info][gc,heap     ] GC(1314) Eden regions: 128->0(173)
[582.328s][info][gc,heap     ] GC(1314) Survivor regions: 15->5(18)
[582.328s][info][gc,heap     ] GC(1314) Old regions: 72->50
[582.328s][info][gc,heap     ] GC(1314) Humongous regions: 9->3
[582.328s][info][gc,metaspace] GC(1314) Metaspace: 43206K(43584K)->43206K(43584K) NonClass: 40397K(40640K)->40397K(40640K) Class: 2808K(2944K)->2808K(2944K)
[582.328s][info][gc          ] GC(1314) Pause Young (Mixed) (G1 Evacuation Pause) 223M->56M(298M) 6.738ms
[582.328s][info][gc,cpu      ] GC(1314) User=0.02s Sys=0.00s Real=0.01s
[582.914s][info][gc,start    ] GC(1315) Pause Young (Normal) (G1 Evacuation Pause)
[582.914s][info][gc,task     ] GC(1315) Using 2 workers of 2 for evacuation
[582.925s][info][gc,phases   ] GC(1315)   Pre Evacuate Collection Set: 0.17ms
[582.926s][info][gc,phases   ] GC(1315)   Merge Heap Roots: 0.07ms
[582.926s][info][gc,phases   ] GC(1315)   Evacuate Collection Set: 11.04ms
[582.926s][info][gc,phases   ] GC(1315)   Post Evacuate Collection Set: 0.42ms
[582.926s][info][gc,phases   ] GC(1315)   Other: 0.07ms
[582.926s][info][gc,heap     ] GC(1315) Eden regions: 173->0(166)
[582.926s][info][gc,heap     ] GC(1315) Survivor regions: 5->12(23)
[582.926s][info][gc,heap     ] GC(1315) Old regions: 50->50
[582.926s][info][gc,heap     ] GC(1315) Humongous regions: 7->3
[582.926s][info][gc,metaspace] GC(1315) Metaspace: 43206K(43584K)->43206K(43584K) NonClass: 40397K(40640K)->40397K(40640K) Class: 2808K(2944K)->2808K(2944K)
[582.926s][info][gc          ] GC(1315) Pause Young (Normal) (G1 Evacuation Pause) 233M->63M(298M) 11.963ms
[582.926s][info][gc,cpu      ] GC(1315) User=0.03s Sys=0.00s Real=0.01s
[583.012s][info][gc,start    ] GC(1316) Pause Young (Concurrent Start) (G1 Humongous Allocation)
[583.012s][info][gc,task     ] GC(1316) Using 2 workers of 2 for evacuation
[583.014s][info][gc,phases   ] GC(1316)   Pre Evacuate Collection Set: 0.19ms
[583.014s][info][gc,phases   ] GC(1316)   Merge Heap Roots: 0.05ms
[583.014s][info][gc,phases   ] GC(1316)   Evacuate Collection Set: 2.17ms
[583.014s][info][gc,phases   ] GC(1316)   Post Evacuate Collection Set: 0.29ms
[583.014s][info][gc,phases   ] GC(1316)   Other: 0.07ms
[583.014s][info][gc,heap     ] GC(1316) Eden regions: 24->0(175)
[583.014s][info][gc,heap     ] GC(1316) Survivor regions: 12->3(23)
[583.014s][info][gc,heap     ] GC(1316) Old regions: 50->50
[583.014s][info][gc,heap     ] GC(1316) Humongous regions: 3->1
[583.014s][info][gc,metaspace] GC(1316) Metaspace: 43206K(43584K)->43206K(43584K) NonClass: 40397K(40640K)->40397K(40640K) Class: 2808K(2944K)->2808K(2944K)
[583.014s][info][gc          ] GC(1316) Pause Young (Concurrent Start) (G1 Humongous Allocation) 87M->52M(298M) 2.939ms
[583.015s][info][gc,cpu      ] GC(1316) User=0.01s Sys=0.00s Real=0.00s
[583.015s][info][gc          ] GC(1317) Concurrent Mark Cycle
[583.015s][info][gc,marking  ] GC(1317) Concurrent Scan Root Regions
[583.017s][info][gc,marking  ] GC(1317) Concurrent Scan Root Regions 2.501ms
[583.017s][info][gc,marking  ] GC(1317) Concurrent Mark
[583.017s][info][gc,marking  ] GC(1317) Concurrent Mark From Roots
[583.017s][info][gc,task     ] GC(1317) Using 1 workers of 1 for marking
[583.086s][info][gc,marking  ] GC(1317) Concurrent Mark From Roots 68.781ms
[583.086s][info][gc,marking  ] GC(1317) Concurrent Preclean
[583.086s][info][gc,marking  ] GC(1317) Concurrent Preclean 0.037ms
[583.086s][info][gc,start    ] GC(1317) Pause Remark
[583.103s][info][gc          ] GC(1317) Pause Remark 77M->77M(256M) 16.579ms
[583.103s][info][gc,cpu      ] GC(1317) User=0.03s Sys=0.00s Real=0.02s
[583.103s][info][gc,marking  ] GC(1317) Concurrent Mark 85.673ms
[583.103s][info][gc,marking  ] GC(1317) Concurrent Rebuild Remembered Sets and Scrub Regions
[583.125s][info][gc,marking  ] GC(1317) Concurrent Rebuild Remembered Sets and Scrub Regions 21.770ms
[583.125s][info][gc,start    ] GC(1317) Pause Cleanup
[583.125s][info][gc          ] GC(1317) Pause Cleanup 84M->84M(256M) 0.060ms
[583.125s][info][gc,cpu      ] GC(1317) User=0.00s Sys=0.00s Real=0.00s
[583.125s][info][gc,marking  ] GC(1317) Concurrent Clear Claimed Marks
[583.125s][info][gc,marking  ] GC(1317) Concurrent Clear Claimed Marks 0.035ms
[583.125s][info][gc,marking  ] GC(1317) Concurrent Cleanup for Next Mark
[583.126s][info][gc,marking  ] GC(1317) Concurrent Cleanup for Next Mark 0.877ms
[583.126s][info][gc          ] GC(1317) Concurrent Mark Cycle 111.212ms
[583.626s][info][gc,start    ] GC(1318) Pause Young (Prepare Mixed) (G1 Evacuation Pause)
[583.626s][info][gc,task     ] GC(1318) Using 2 workers of 2 for evacuation
[583.632s][info][gc,phases   ] GC(1318)   Pre Evacuate Collection Set: 1.22ms
[583.632s][info][gc,phases   ] GC(1318)   Merge Heap Roots: 0.51ms
[583.632s][info][gc,phases   ] GC(1318)   Evacuate Collection Set: 4.63ms
[583.632s][info][gc,phases   ] GC(1318)   Post Evacuate Collection Set: 0.39ms
[583.632s][info][gc,phases   ] GC(1318)   Other: 0.08ms
[583.632s][info][gc,heap     ] GC(1318) Eden regions: 150->0(148)
[583.632s][info][gc,heap     ] GC(1318) Survivor regions: 3->5(20)
[583.632s][info][gc,heap     ] GC(1318) Old regions: 50->50
[583.632s][info][gc,heap     ] GC(1318) Humongous regions: 7->3
[583.632s][info][gc,metaspace] GC(1318) Metaspace: 43206K(43584K)->43206K(43584K) NonClass: 40397K(40640K)->40397K(40640K) Class: 2808K(2944K)->2808K(2944K)
[583.633s][info][gc          ] GC(1318) Pause Young (Prepare Mixed) (G1 Evacuation Pause) 208M->57M(256M) 6.987ms
[583.633s][info][gc,cpu      ] GC(1318) User=0.01s Sys=0.00s Real=0.01s
[584.003s][info][gc,start    ] GC(1319) Pause Young (Mixed) (G1 Evacuation Pause)
[584.003s][info][gc,task     ] GC(1319) Using 2 workers of 2 for evacuation
[584.040s][info][gc,phases   ] GC(1319)   Pre Evacuate Collection Set: 0.17ms
[584.040s][info][gc,phases   ] GC(1319)   Merge Heap Roots: 0.09ms
[584.040s][info][gc,phases   ] GC(1319)   Evacuate Collection Set: 36.19ms
[584.040s][info][gc,phases   ] GC(1319)   Post Evacuate Collection Set: 0.53ms
[584.041s][info][gc,phases   ] GC(1319)   Other: 0.07ms
[584.041s][info][gc,heap     ] GC(1319) Eden regions: 148->0(120)
[584.041s][info][gc,heap     ] GC(1319) Survivor regions: 5->20(20)
[584.041s][info][gc,heap     ] GC(1319) Old regions: 50->67
[584.041s][info][gc,heap     ] GC(1319) Humongous regions: 5->3
[584.041s][info][gc,metaspace] GC(1319) Metaspace: 43206K(43584K)->43206K(43584K) NonClass: 40397K(40640K)->40397K(40640K) Class: 2808K(2944K)->2808K(2944K)
[584.041s][info][gc          ] GC(1319) Pause Young (Mixed) (G1 Evacuation Pause) 207M->89M(256M) 37.212ms
[584.041s][info][gc,cpu      ] GC(1319) User=0.07s Sys=0.00s Real=0.04s
[584.527s][info][gc,start    ] GC(1320) Pause Young (Concurrent Start) (G1 Evacuation Pause)
[584.527s][info][gc,task     ] GC(1320) Using 2 workers of 2 for evacuation
[584.578s][info][gc,phases   ] GC(1320)   Pre Evacuate Collection Set: 0.18ms
[584.578s][info][gc,phases   ] GC(1320)   Merge Heap Roots: 0.22ms
[584.578s][info][gc,phases   ] GC(1320)   Evacuate Collection Set: 49.92ms
[584.578s][info][gc,phases   ] GC(1320)   Post Evacuate Collection Set: 0.44ms
[584.578s][info][gc,phases   ] GC(1320)   Other: 0.08ms
[584.578s][info][gc,heap     ] GC(1320) Eden regions: 120->0(98)
[584.578s][info][gc,heap     ] GC(1320) Survivor regions: 20->18(18)
[584.578s][info][gc,heap     ] GC(1320) Old regions: 67->92
[584.578s][info][gc,heap     ] GC(1320) Humongous regions: 3->3
[584.578s][info][gc,metaspace] GC(1320) Metaspace: 43206K(43584K)->43206K(43584K) NonClass: 40397K(40640K)->40397K(40640K) Class: 2808K(2944K)->2808K(2944K)
[584.578s][info][gc          ] GC(1320) Pause Young (Concurrent Start) (G1 Evacuation Pause) 209M->112M(256M) 51.038ms
[584.578s][info][gc          ] GC(1321) Concurrent Mark Cycle
[584.578s][info][gc,marking  ] GC(1321) Concurrent Scan Root Regions
[584.580s][info][gc,cpu      ] GC(1320) User=0.10s Sys=0.00s Real=0.05s
[584.627s][info][gc,marking  ] GC(1321) Concurrent Scan Root Regions 49.285ms
[584.627s][info][gc,marking  ] GC(1321) Concurrent Mark
[584.627s][info][gc,marking  ] GC(1321) Concurrent Mark From Roots
[584.627s][info][gc,task     ] GC(1321) Using 1 workers of 1 for marking
[584.773s][info][gc,marking  ] GC(1321) Concurrent Mark From Roots 145.858ms
[584.773s][info][gc,marking  ] GC(1321) Concurrent Preclean
[584.773s][info][gc,marking  ] GC(1321) Concurrent Preclean 0.044ms
[584.773s][info][gc,start    ] GC(1321) Pause Remark
[584.790s][info][gc          ] GC(1321) Pause Remark 145M->145M(256M) 16.392ms
[584.790s][info][gc,cpu      ] GC(1321) User=0.03s Sys=0.00s Real=0.02s
[584.790s][info][gc,marking  ] GC(1321) Concurrent Mark 162.564ms
[584.790s][info][gc,marking  ] GC(1321) Concurrent Rebuild Remembered Sets and Scrub Regions
[584.842s][info][gc,marking  ] GC(1321) Concurrent Rebuild Remembered Sets and Scrub Regions 51.832ms
[584.842s][info][gc,start    ] GC(1321) Pause Cleanup
[584.842s][info][gc          ] GC(1321) Pause Cleanup 153M->153M(256M) 0.043ms
[584.842s][info][gc,cpu      ] GC(1321) User=0.00s Sys=0.00s Real=0.00s
[584.842s][info][gc,marking  ] GC(1321) Concurrent Clear Claimed Marks
[584.842s][info][gc,marking  ] GC(1321) Concurrent Clear Claimed Marks 0.038ms
[584.842s][info][gc,marking  ] GC(1321) Concurrent Cleanup for Next Mark
[584.843s][info][gc,marking  ] GC(1321) Concurrent Cleanup for Next Mark 0.753ms
[584.843s][info][gc          ] GC(1321) Concurrent Mark Cycle 264.727ms
[585.106s][info][gc,start    ] GC(1322) Pause Young (Prepare Mixed) (G1 Evacuation Pause)
[585.106s][info][gc,task     ] GC(1322) Using 2 workers of 2 for evacuation
[585.157s][info][gc,phases   ] GC(1322)   Pre Evacuate Collection Set: 0.15ms
[585.157s][info][gc,phases   ] GC(1322)   Merge Heap Roots: 0.30ms
[585.157s][info][gc,phases   ] GC(1322)   Evacuate Collection Set: 49.80ms
[585.157s][info][gc,phases   ] GC(1322)   Post Evacuate Collection Set: 0.40ms
[585.157s][info][gc,phases   ] GC(1322)   Other: 0.07ms
[585.157s][info][gc,heap     ] GC(1322) Eden regions: 98->0(75)
[585.157s][info][gc,heap     ] GC(1322) Survivor regions: 18->15(15)
[585.157s][info][gc,heap     ] GC(1322) Old regions: 92->122
[585.157s][info][gc,heap     ] GC(1322) Humongous regions: 3->3
[585.157s][info][gc,metaspace] GC(1322) Metaspace: 43206K(43584K)->43206K(43584K) NonClass: 40397K(40640K)->40397K(40640K) Class: 2808K(2944K)->2808K(2944K)
[585.157s][info][gc          ] GC(1322) Pause Young (Prepare Mixed) (G1 Evacuation Pause) 210M->139M(256M) 50.900ms
[585.157s][info][gc,cpu      ] GC(1322) User=0.10s Sys=0.00s Real=0.05s
[585.514s][info][gc,start    ] GC(1323) Pause Young (Mixed) (G1 Evacuation Pause)
[585.514s][info][gc,task     ] GC(1323) Using 2 workers of 2 for evacuation
[585.557s][info][gc,phases   ] GC(1323)   Pre Evacuate Collection Set: 0.16ms
[585.557s][info][gc,phases   ] GC(1323)   Merge Heap Roots: 0.23ms
[585.557s][info][gc,phases   ] GC(1323)   Evacuate Collection Set: 42.86ms
[585.557s][info][gc,phases   ] GC(1323)   Post Evacuate Collection Set: 0.38ms
[585.557s][info][gc,phases   ] GC(1323)   Other: 0.06ms
[585.557s][info][gc,heap     ] GC(1323) Eden regions: 75->0(58)
[585.557s][info][gc,heap     ] GC(1323) Survivor regions: 15->12(12)
[585.557s][info][gc,heap     ] GC(1323) Old regions: 122->145
[585.557s][info][gc,heap     ] GC(1323) Humongous regions: 3->3
[585.557s][info][gc,metaspace] GC(1323) Metaspace: 43206K(43584K)->43206K(43584K) NonClass: 40397K(40640K)->40397K(40640K) Class: 2808K(2944K)->2808K(2944K)
[585.558s][info][gc          ] GC(1323) Pause Young (Mixed) (G1 Evacuation Pause) 214M->160M(256M) 43.880ms
[585.558s][info][gc,cpu      ] GC(1323) User=0.08s Sys=0.00s Real=0.05s
[585.769s][info][gc,start    ] GC(1324) Pause Young (Concurrent Start) (G1 Humongous Allocation)
[585.769s][info][gc,task     ] GC(1324) Using 2 workers of 2 for evacuation
[585.796s][info][gc,phases   ] GC(1324)   Pre Evacuate Collection Set: 0.20ms
[585.796s][info][gc,phases   ] GC(1324)   Merge Heap Roots: 0.18ms
[585.796s][info][gc,phases   ] GC(1324)   Evacuate Collection Set: 25.92ms
[585.796s][info][gc,phases   ] GC(1324)   Post Evacuate Collection Set: 0.34ms
[585.796s][info][gc,phases   ] GC(1324)   Other: 0.09ms
[585.796s][info][gc,heap     ] GC(1324) Eden regions: 46->0(52)
[585.796s][info][gc,heap     ] GC(1324) Survivor regions: 12->9(9)
[585.796s][info][gc,heap     ] GC(1324) Old regions: 145->159
[585.796s][info][gc,heap     ] GC(1324) Humongous regions: 3->1
[585.796s][info][gc,metaspace] GC(1324) Metaspace: 43206K(43584K)->43206K(43584K) NonClass: 40397K(40640K)->40397K(40640K) Class: 2808K(2944K)->2808K(2944K)
[585.796s][info][gc          ] GC(1324) Pause Young (Concurrent Start) (G1 Humongous Allocation) 205M->169M(256M) 26.913ms
[585.796s][info][gc          ] GC(1325) Concurrent Mark Cycle
[585.796s][info][gc,marking  ] GC(1325) Concurrent Scan Root Regions
[585.799s][info][gc,cpu      ] GC(1324) User=0.05s Sys=0.00s Real=0.03s
[585.821s][info][gc,marking  ] GC(1325) Concurrent Scan Root Regions 24.259ms
[585.821s][info][gc,marking  ] GC(1325) Concurrent Mark
[585.821s][info][gc,marking  ] GC(1325) Concurrent Mark From Roots
[585.821s][info][gc,task     ] GC(1325) Using 1 workers of 1 for marking
[585.941s][info][gc,marking  ] GC(1325) Concurrent Mark From Roots 120.528ms
[585.941s][info][gc,marking  ] GC(1325) Concurrent Preclean
[585.941s][info][gc,marking  ] GC(1325) Concurrent Preclean 0.038ms
[585.941s][info][gc,start    ] GC(1325) Pause Remark
[585.958s][info][gc          ] GC(1325) Pause Remark 212M->212M(285M) 16.293ms
[585.958s][info][gc,cpu      ] GC(1325) User=0.03s Sys=0.00s Real=0.02s
[585.958s][info][gc,marking  ] GC(1325) Concurrent Mark 137.129ms
[585.958s][info][gc,marking  ] GC(1325) Concurrent Rebuild Remembered Sets and Scrub Regions
[586.017s][info][gc,start    ] GC(1326) Pause Young (Normal) (G1 Evacuation Pause)
[586.017s][info][gc,task     ] GC(1326) Using 2 workers of 2 for evacuation
[586.042s][info][gc,phases   ] GC(1326)   Pre Evacuate Collection Set: 0.20ms
[586.042s][info][gc,phases   ] GC(1326)   Merge Heap Roots: 0.23ms
[586.042s][info][gc,phases   ] GC(1326)   Evacuate Collection Set: 22.48ms
[586.042s][info][gc,phases   ] GC(1326)   Post Evacuate Collection Set: 1.35ms
[586.042s][info][gc,phases   ] GC(1326)   Other: 0.09ms
[586.042s][info][gc,heap     ] GC(1326) Eden regions: 52->0(144)
[586.042s][info][gc,heap     ] GC(1326) Survivor regions: 9->8(8)
[586.042s][info][gc,heap     ] GC(1326) Old regions: 159->170
[586.042s][info][gc,heap     ] GC(1326) Humongous regions: 3->3
[586.042s][info][gc,metaspace] GC(1326) Metaspace: 43206K(43584K)->43206K(43584K) NonClass: 40397K(40640K)->40397K(40640K) Class: 2808K(2944K)->2808K(2944K)
[586.042s][info][gc          ] GC(1326) Pause Young (Normal) (G1 Evacuation Pause) 223M->181M(413M) 24.519ms
[586.042s][info][gc,cpu      ] GC(1326) User=0.04s Sys=0.00s Real=0.02s
[586.052s][info][gc,marking  ] GC(1325) Concurrent Rebuild Remembered Sets and Scrub Regions 93.897ms
[586.052s][info][gc,start    ] GC(1325) Pause Cleanup
[586.052s][info][gc          ] GC(1325) Pause Cleanup 182M->182M(413M) 0.068ms
[586.052s][info][gc,cpu      ] GC(1325) User=0.00s Sys=0.00s Real=0.00s
[586.052s][info][gc,marking  ] GC(1325) Concurrent Clear Claimed Marks
[586.052s][info][gc,marking  ] GC(1325) Concurrent Clear Claimed Marks 0.039ms
[586.052s][info][gc,marking  ] GC(1325) Concurrent Cleanup for Next Mark
[586.055s][info][gc,marking  ] GC(1325) Concurrent Cleanup for Next Mark 2.920ms
[586.055s][info][gc          ] GC(1325) Concurrent Mark Cycle 258.583ms
[586.681s][info][gc,start    ] GC(1327) Pause Young (Prepare Mixed) (G1 Evacuation Pause)
[586.681s][info][gc,task     ] GC(1327) Using 2 workers of 2 for evacuation
[586.710s][info][gc,phases   ] GC(1327)   Pre Evacuate Collection Set: 0.20ms
[586.710s][info][gc,phases   ] GC(1327)   Merge Heap Roots: 0.12ms
[586.710s][info][gc,phases   ] GC(1327)   Evacuate Collection Set: 28.08ms
[586.710s][info][gc,phases   ] GC(1327)   Post Evacuate Collection Set: 0.44ms
[586.710s][info][gc,phases   ] GC(1327)   Other: 0.11ms
[586.710s][info][gc,heap     ] GC(1327) Eden regions: 144->0(142)
[586.710s][info][gc,heap     ] GC(1327) Survivor regions: 8->19(19)
[586.710s][info][gc,heap     ] GC(1327) Old regions: 170->172
[586.710s][info][gc,heap     ] GC(1327) Humongous regions: 7->3
[586.710s][info][gc,metaspace] GC(1327) Metaspace: 43206K(43584K)->43206K(43584K) NonClass: 40397K(40640K)->40397K(40640K) Class: 2808K(2944K)->2808K(2944K)
[586.710s][info][gc          ] GC(1327) Pause Young (Prepare Mixed) (G1 Evacuation Pause) 329M->194M(413M) 29.165ms
[586.710s][info][gc,cpu      ] GC(1327) User=0.05s Sys=0.01s Real=0.03s
[587.084s][info][gc,start    ] GC(1328) Pause Young (Mixed) (G1 Evacuation Pause)
[587.084s][info][gc,task     ] GC(1328) Using 2 workers of 2 for evacuation
[587.123s][info][gc,phases   ] GC(1328)   Pre Evacuate Collection Set: 0.27ms
[587.123s][info][gc,phases   ] GC(1328)   Merge Heap Roots: 0.40ms
[587.123s][info][gc,phases   ] GC(1328)   Evacuate Collection Set: 37.28ms
[587.123s][info][gc,phases   ] GC(1328)   Post Evacuate Collection Set: 0.55ms
[587.123s][info][gc,phases   ] GC(1328)   Other: 0.09ms
[587.123s][info][gc,heap     ] GC(1328) Eden regions: 142->0(170)
[587.123s][info][gc,heap     ] GC(1328) Survivor regions: 19->12(21)
[587.123s][info][gc,heap     ] GC(1328) Old regions: 172->150
[587.123s][info][gc,heap     ] GC(1328) Humongous regions: 11->3
[587.123s][info][gc,metaspace] GC(1328) Metaspace: 43206K(43584K)->43206K(43584K) NonClass: 40397K(40640K)->40397K(40640K) Class: 2808K(2944K)->2808K(2944K)
[587.123s][info][gc          ] GC(1328) Pause Young (Mixed) (G1 Evacuation Pause) 344M->164M(413M) 38.804ms
[587.123s][info][gc,cpu      ] GC(1328) User=0.07s Sys=0.00s Real=0.04s
[587.674s][info][gc,start    ] GC(1329) Pause Young (Mixed) (G1 Evacuation Pause)
[587.674s][info][gc,task     ] GC(1329) Using 2 workers of 2 for evacuation
[587.721s][info][gc,phases   ] GC(1329)   Pre Evacuate Collection Set: 0.25ms
[587.721s][info][gc,phases   ] GC(1329)   Merge Heap Roots: 0.53ms
[587.721s][info][gc,phases   ] GC(1329)   Evacuate Collection Set: 45.15ms
[587.721s][info][gc,phases   ] GC(1329)   Post Evacuate Collection Set: 0.61ms
[587.721s][info][gc,phases   ] GC(1329)   Other: 0.08ms
[587.721s][info][gc,heap     ] GC(1329) Eden regions: 170->0(174)
[587.721s][info][gc,heap     ] GC(1329) Survivor regions: 12->23(23)
[587.721s][info][gc,heap     ] GC(1329) Old regions: 150->132
[587.721s][info][gc,heap     ] GC(1329) Humongous regions: 5->3
[587.721s][info][gc,metaspace] GC(1329) Metaspace: 43206K(43584K)->43206K(43584K) NonClass: 40397K(40640K)->40397K(40640K) Class: 2808K(2944K)->2808K(2944K)
[587.721s][info][gc          ] GC(1329) Pause Young (Mixed) (G1 Evacuation Pause) 336M->157M(413M) 46.807ms
[587.721s][info][gc,cpu      ] GC(1329) User=0.09s Sys=0.00s Real=0.05s
[588.257s][info][gc,start    ] GC(1330) Pause Young (Normal) (G1 Evacuation Pause)
[588.257s][info][gc,task     ] GC(1330) Using 2 workers of 2 for evacuation
[588.271s][info][gc,phases   ] GC(1330)   Pre Evacuate Collection Set: 0.21ms
[588.271s][info][gc,phases   ] GC(1330)   Merge Heap Roots: 0.10ms
[588.271s][info][gc,phases   ] GC(1330)   Evacuate Collection Set: 12.80ms
[588.271s][info][gc,phases   ] GC(1330)   Post Evacuate Collection Set: 0.44ms
[588.271s][info][gc,phases   ] GC(1330)   Other: 0.07ms
[588.271s][info][gc,heap     ] GC(1330) Eden regions: 174->0(187)
[588.271s][info][gc,heap     ] GC(1330) Survivor regions: 23->7(25)
[588.271s][info][gc,heap     ] GC(1330) Old regions: 132->140
[588.271s][info][gc,heap     ] GC(1330) Humongous regions: 4->3
[588.271s][info][gc,metaspace] GC(1330) Metaspace: 43206K(43584K)->43206K(43584K) NonClass: 40397K(40640K)->40397K(40640K) Class: 2808K(2944K)->2808K(2944K)
[588.271s][info][gc          ] GC(1330) Pause Young (Normal) (G1 Evacuation Pause) 332M->149M(413M) 13.811ms
[588.271s][info][gc,cpu      ] GC(1330) User=0.03s Sys=0.00s Real=0.01s
[588.352s][info][gc,start    ] GC(1331) Pause Young (Concurrent Start) (G1 Humongous Allocation)
[588.352s][info][gc,task     ] GC(1331) Using 2 workers of 2 for evacuation
[588.358s][info][gc,phases   ] GC(1331)   Pre Evacuate Collection Set: 0.25ms
[588.358s][info][gc,phases   ] GC(1331)   Merge Heap Roots: 0.08ms
[588.358s][info][gc,phases   ] GC(1331)   Evacuate Collection Set: 5.09ms
[588.358s][info][gc,phases   ] GC(1331)   Post Evacuate Collection Set: 0.32ms
[588.358s][info][gc,phases   ] GC(1331)   Other: 0.09ms
[588.358s][info][gc,heap     ] GC(1331) Eden regions: 27->0(198)
[588.358s][info][gc,heap     ] GC(1331) Survivor regions: 7->6(25)
[588.358s][info][gc,heap     ] GC(1331) Old regions: 140->140
[588.358s][info][gc,heap     ] GC(1331) Humongous regions: 3->3
[588.358s][info][gc,metaspace] GC(1331) Metaspace: 43206K(43584K)->43206K(43584K) NonClass: 40397K(40640K)->40397K(40640K) Class: 2808K(2944K)->2808K(2944K)
[588.358s][info][gc          ] GC(1331) Pause Young (Concurrent Start) (G1 Humongous Allocation) 175M->148M(413M) 6.032ms
[588.358s][info][gc          ] GC(1332) Concurrent Mark Cycle
[588.358s][info][gc,marking  ] GC(1332) Concurrent Scan Root Regions
[588.361s][info][gc,cpu      ] GC(1331) User=0.01s Sys=0.00s Real=0.01s
[588.362s][info][gc,marking  ] GC(1332) Concurrent Scan Root Regions 3.906ms
[588.362s][info][gc,marking  ] GC(1332) Concurrent Mark
[588.362s][info][gc,marking  ] GC(1332) Concurrent Mark From Roots
[588.362s][info][gc,task     ] GC(1332) Using 1 workers of 1 for marking
[588.441s][info][gc,marking  ] GC(1332) Concurrent Mark From Roots 78.605ms
[588.441s][info][gc,marking  ] GC(1332) Concurrent Preclean
[588.441s][info][gc,marking  ] GC(1332) Concurrent Preclean 0.049ms
[588.441s][info][gc,start    ] GC(1332) Pause Remark
[588.458s][info][gc          ] GC(1332) Pause Remark 169M->154M(413M) 16.663ms
[588.458s][info][gc,cpu      ] GC(1332) User=0.03s Sys=0.00s Real=0.02s
[588.458s][info][gc,marking  ] GC(1332) Concurrent Mark 95.590ms
[588.458s][info][gc,marking  ] GC(1332) Concurrent Rebuild Remembered Sets and Scrub Regions
[588.487s][info][gc,marking  ] GC(1332) Concurrent Rebuild Remembered Sets and Scrub Regions 29.386ms
[588.487s][info][gc,start    ] GC(1332) Pause Cleanup
[588.487s][info][gc          ] GC(1332) Pause Cleanup 163M->163M(413M) 0.067ms
[588.487s][info][gc,cpu      ] GC(1332) User=0.00s Sys=0.00s Real=0.00s
[588.487s][info][gc,marking  ] GC(1332) Concurrent Clear Claimed Marks
[588.488s][info][gc,marking  ] GC(1332) Concurrent Clear Claimed Marks 0.038ms
[588.488s][info][gc,marking  ] GC(1332) Concurrent Cleanup for Next Mark
[588.489s][info][gc,marking  ] GC(1332) Concurrent Cleanup for Next Mark 1.201ms
[588.489s][info][gc          ] GC(1332) Concurrent Mark Cycle 130.461ms
[589.019s][info][gc,start    ] GC(1333) Pause Young (Prepare Mixed) (G1 Evacuation Pause)
[589.019s][info][gc,task     ] GC(1333) Using 2 workers of 2 for evacuation
[589.056s][info][gc,phases   ] GC(1333)   Pre Evacuate Collection Set: 0.21ms
[589.056s][info][gc,phases   ] GC(1333)   Merge Heap Roots: 0.11ms
[589.056s][info][gc,phases   ] GC(1333)   Evacuate Collection Set: 35.63ms
[589.056s][info][gc,phases   ] GC(1333)   Post Evacuate Collection Set: 0.55ms
[589.056s][info][gc,phases   ] GC(1333)   Other: 0.08ms
[589.056s][info][gc,heap     ] GC(1333) Eden regions: 198->0(142)
[589.056s][info][gc,heap     ] GC(1333) Survivor regions: 6->26(26)
[589.056s][info][gc,heap     ] GC(1333) Old regions: 125->156
[589.056s][info][gc,heap     ] GC(1333) Humongous regions: 4->3
[589.056s][info][gc,metaspace] GC(1333) Metaspace: 43206K(43584K)->43206K(43584K) NonClass: 40397K(40640K)->40397K(40640K) Class: 2808K(2944K)->2808K(2944K)
[589.056s][info][gc          ] GC(1333) Pause Young (Prepare Mixed) (G1 Evacuation Pause) 332M->185M(413M) 36.762ms
[589.056s][info][gc,cpu      ] GC(1333) User=0.07s Sys=0.00s Real=0.03s
[589.570s][info][gc,start    ] GC(1334) Pause Young (Mixed) (G1 Evacuation Pause)
[589.570s][info][gc,task     ] GC(1334) Using 2 workers of 2 for evacuation
[589.607s][info][gc,phases   ] GC(1334)   Pre Evacuate Collection Set: 0.24ms
[589.607s][info][gc,phases   ] GC(1334)   Merge Heap Roots: 0.30ms
[589.607s][info][gc,phases   ] GC(1334)   Evacuate Collection Set: 36.16ms
[589.607s][info][gc,phases   ] GC(1334)   Post Evacuate Collection Set: 0.47ms
[589.608s][info][gc,phases   ] GC(1334)   Other: 0.08ms
[589.608s][info][gc,heap     ] GC(1334) Eden regions: 142->0(164)
[589.608s][info][gc,heap     ] GC(1334) Survivor regions: 26->21(21)
[589.608s][info][gc,heap     ] GC(1334) Old regions: 156->137
[589.608s][info][gc,heap     ] GC(1334) Humongous regions: 4->3
[589.608s][info][gc,metaspace] GC(1334) Metaspace: 43206K(43584K)->43206K(43584K) NonClass: 40397K(40640K)->40397K(40640K) Class: 2808K(2944K)->2808K(2944K)
[589.608s][info][gc          ] GC(1334) Pause Young (Mixed) (G1 Evacuation Pause) 328M->161M(413M) 37.485ms
[589.608s][info][gc,cpu      ] GC(1334) User=0.07s Sys=0.00s Real=0.04s
[590.115s][info][gc,start    ] GC(1335) Pause Young (Mixed) (G1 Evacuation Pause)
[590.115s][info][gc,task     ] GC(1335) Using 2 workers of 2 for evacuation
[590.155s][info][gc,phases   ] GC(1335)   Pre Evacuate Collection Set: 0.22ms
[590.155s][info][gc,phases   ] GC(1335)   Merge Heap Roots: 0.21ms
[590.155s][info][gc,phases   ] GC(1335)   Evacuate Collection Set: 39.13ms
[590.155s][info][gc,phases   ] GC(1335)   Post Evacuate Collection Set: 0.48ms
[590.155s][info][gc,phases   ] GC(1335)   Other: 0.09ms
[590.155s][info][gc,heap     ] GC(1335) Eden regions: 164->0(136)
[590.155s][info][gc,heap     ] GC(1335) Survivor regions: 21->24(24)
[590.155s][info][gc,heap     ] GC(1335) Old regions: 137->156
[590.155s][info][gc,heap     ] GC(1335) Humongous regions: 3->3
[590.155s][info][gc,metaspace] GC(1335) Metaspace: 43206K(43584K)->43206K(43584K) NonClass: 40397K(40640K)->40397K(40640K) Class: 2808K(2944K)->2808K(2944K)
[590.156s][info][gc          ] GC(1335) Pause Young (Mixed) (G1 Evacuation Pause) 325M->183M(413M) 40.330ms
[590.156s][info][gc,cpu      ] GC(1335) User=0.08s Sys=0.00s Real=0.04s
[590.628s][info][gc,start    ] GC(1336) Pause Young (Normal) (G1 Evacuation Pause)
[590.628s][info][gc,task     ] GC(1336) Using 2 workers of 2 for evacuation
[590.684s][info][gc,phases   ] GC(1336)   Pre Evacuate Collection Set: 0.22ms
[590.684s][info][gc,phases   ] GC(1336)   Merge Heap Roots: 0.16ms
[590.684s][info][gc,phases   ] GC(1336)   Evacuate Collection Set: 54.62ms
[590.684s][info][gc,phases   ] GC(1336)   Post Evacuate Collection Set: 0.74ms
[590.684s][info][gc,phases   ] GC(1336)   Other: 0.08ms
[590.684s][info][gc,heap     ] GC(1336) Eden regions: 136->0(87)
[590.684s][info][gc,heap     ] GC(1336) Survivor regions: 24->20(20)
[590.684s][info][gc,heap     ] GC(1336) Old regions: 156->223
[590.684s][info][gc,heap     ] GC(1336) Humongous regions: 4->4
[590.684s][info][gc,metaspace] GC(1336) Metaspace: 43206K(43584K)->43206K(43584K) NonClass: 40397K(40640K)->40397K(40640K) Class: 2808K(2944K)->2808K(2944K)
[590.684s][info][gc          ] GC(1336) Pause Young (Normal) (G1 Evacuation Pause) 320M->247M(436M) 56.018ms
[590.684s][info][gc,cpu      ] GC(1336) User=0.11s Sys=0.00s Real=0.05s
[591.006s][info][gc,start    ] GC(1337) Pause Young (Concurrent Start) (G1 Evacuation Pause)
[591.006s][info][gc,task     ] GC(1337) Using 2 workers of 2 for evacuation
[591.057s][info][gc,phases   ] GC(1337)   Pre Evacuate Collection Set: 0.29ms
[591.057s][info][gc,phases   ] GC(1337)   Merge Heap Roots: 0.28ms
[591.057s][info][gc,phases   ] GC(1337)   Evacuate Collection Set: 49.71ms
[591.057s][info][gc,phases   ] GC(1337)   Post Evacuate Collection Set: 0.45ms
[591.057s][info][gc,phases   ] GC(1337)   Other: 0.09ms
[591.057s][info][gc,heap     ] GC(1337) Eden regions: 87->0(60)
[591.057s][info][gc,heap     ] GC(1337) Survivor regions: 20->14(14)
[591.057s][info][gc,heap     ] GC(1337) Old regions: 223->274
[591.057s][info][gc,heap     ] GC(1337) Humongous regions: 5->5
[591.057s][info][gc,metaspace] GC(1337) Metaspace: 43206K(43584K)->43206K(43584K) NonClass: 40397K(40640K)->40397K(40640K) Class: 2808K(2944K)->2808K(2944K)
[591.057s][info][gc          ] GC(1337) Pause Young (Concurrent Start) (G1 Evacuation Pause) 335M->292M(436M) 51.033ms
[591.057s][info][gc,cpu      ] GC(1337) User=0.10s Sys=0.00s Real=0.06s
[591.057s][info][gc          ] GC(1338) Concurrent Mark Cycle
[591.057s][info][gc,marking  ] GC(1338) Concurrent Scan Root Regions
[591.081s][info][gc,marking  ] GC(1338) Concurrent Scan Root Regions 23.753ms
[591.081s][info][gc,marking  ] GC(1338) Concurrent Mark
[591.081s][info][gc,marking  ] GC(1338) Concurrent Mark From Roots
[591.081s][info][gc,task     ] GC(1338) Using 1 workers of 1 for marking
[591.213s][info][gc,marking  ] GC(1338) Concurrent Mark From Roots 131.461ms
[591.213s][info][gc,marking  ] GC(1338) Concurrent Preclean
[591.213s][info][gc,marking  ] GC(1338) Concurrent Preclean 0.044ms
[591.213s][info][gc,start    ] GC(1338) Pause Remark
[591.230s][info][gc          ] GC(1338) Pause Remark 332M->278M(436M) 17.481ms
[591.230s][info][gc,cpu      ] GC(1338) User=0.04s Sys=0.00s Real=0.02s
[591.232s][info][gc,marking  ] GC(1338) Concurrent Mark 150.505ms
[591.232s][info][gc,marking  ] GC(1338) Concurrent Rebuild Remembered Sets and Scrub Regions
[591.289s][info][gc,start    ] GC(1339) Pause Young (Normal) (G1 Evacuation Pause)
[591.290s][info][gc,task     ] GC(1339) Using 2 workers of 2 for evacuation
[591.333s][info][gc,phases   ] GC(1339)   Pre Evacuate Collection Set: 0.21ms
[591.333s][info][gc,phases   ] GC(1339)   Merge Heap Roots: 0.27ms
[591.333s][info][gc,phases   ] GC(1339)   Evacuate Collection Set: 42.34ms
[591.333s][info][gc,phases   ] GC(1339)   Post Evacuate Collection Set: 0.38ms
[591.333s][info][gc,phases   ] GC(1339)   Other: 0.07ms
[591.333s][info][gc,heap     ] GC(1339) Eden regions: 60->0(58)
[591.333s][info][gc,heap     ] GC(1339) Survivor regions: 14->10(10)
[591.333s][info][gc,heap     ] GC(1339) Old regions: 220->271
[591.333s][info][gc,heap     ] GC(1339) Humongous regions: 5->5
[591.333s][info][gc,metaspace] GC(1339) Metaspace: 43206K(43584K)->43206K(43584K) NonClass: 40397K(40640K)->40397K(40640K) Class: 2808K(2944K)->2808K(2944K)
[591.333s][info][gc          ] GC(1339) Pause Young (Normal) (G1 Evacuation Pause) 298M->285M(436M) 43.476ms
[591.333s][info][gc,cpu      ] GC(1339) User=0.09s Sys=0.00s Real=0.04s
[591.355s][info][gc,marking  ] GC(1338) Concurrent Rebuild Remembered Sets and Scrub Regions 123.126ms
[591.356s][info][gc,start    ] GC(1338) Pause Cleanup
[591.356s][info][gc          ] GC(1338) Pause Cleanup 292M->292M(436M) 0.075ms
[591.356s][info][gc,cpu      ] GC(1338) User=0.00s Sys=0.00s Real=0.00s
[591.356s][info][gc,marking  ] GC(1338) Concurrent Clear Claimed Marks
[591.356s][info][gc,marking  ] GC(1338) Concurrent Clear Claimed Marks 0.041ms
[591.356s][info][gc,marking  ] GC(1338) Concurrent Cleanup for Next Mark
[591.358s][info][gc,marking  ] GC(1338) Concurrent Cleanup for Next Mark 1.536ms
[591.358s][info][gc          ] GC(1338) Concurrent Mark Cycle 300.191ms
[591.544s][info][gc,start    ] GC(1340) Pause Young (Prepare Mixed) (G1 Evacuation Pause)
[591.544s][info][gc,task     ] GC(1340) Using 2 workers of 2 for evacuation
[591.578s][info][gc,phases   ] GC(1340)   Pre Evacuate Collection Set: 0.23ms
[591.578s][info][gc,phases   ] GC(1340)   Merge Heap Roots: 0.22ms
[591.578s][info][gc,phases   ] GC(1340)   Evacuate Collection Set: 33.07ms
[591.578s][info][gc,phases   ] GC(1340)   Post Evacuate Collection Set: 0.42ms
[591.578s][info][gc,phases   ] GC(1340)   Other: 0.09ms
[591.578s][info][gc,heap     ] GC(1340) Eden regions: 58->0(45)
[591.578s][info][gc,heap     ] GC(1340) Survivor regions: 10->9(9)
[591.578s][info][gc,heap     ] GC(1340) Old regions: 271->305
[591.578s][info][gc,heap     ] GC(1340) Humongous regions: 6->6
[591.578s][info][gc,metaspace] GC(1340) Metaspace: 43206K(43584K)->43206K(43584K) NonClass: 40397K(40640K)->40397K(40640K) Class: 2808K(2944K)->2808K(2944K)
[591.578s][info][gc          ] GC(1340) Pause Young (Prepare Mixed) (G1 Evacuation Pause) 344M->319M(436M) 34.230ms
[591.578s][info][gc,cpu      ] GC(1340) User=0.07s Sys=0.00s Real=0.04s
[591.744s][info][gc,start    ] GC(1341) Pause Young (Mixed) (G1 Evacuation Pause)
[591.744s][info][gc,task     ] GC(1341) Using 2 workers of 2 for evacuation
[591.781s][info][gc,phases   ] GC(1341)   Pre Evacuate Collection Set: 0.24ms
[591.781s][info][gc,phases   ] GC(1341)   Merge Heap Roots: 0.37ms
[591.781s][info][gc,phases   ] GC(1341)   Evacuate Collection Set: 36.05ms
[591.781s][info][gc,phases   ] GC(1341)   Post Evacuate Collection Set: 0.43ms
[591.781s][info][gc,phases   ] GC(1341)   Other: 0.09ms
[591.781s][info][gc,heap     ] GC(1341) Eden regions: 45->0(52)
[591.781s][info][gc,heap     ] GC(1341) Survivor regions: 9->7(7)
[591.781s][info][gc,heap     ] GC(1341) Old regions: 305->291
[591.781s][info][gc,heap     ] GC(1341) Humongous regions: 6->6
[591.781s][info][gc,metaspace] GC(1341) Metaspace: 43206K(43584K)->43206K(43584K) NonClass: 40397K(40640K)->40397K(40640K) Class: 2808K(2944K)->2808K(2944K)
[591.781s][info][gc          ] GC(1341) Pause Young (Mixed) (G1 Evacuation Pause) 364M->304M(436M) 37.424ms
[591.781s][info][gc,cpu      ] GC(1341) User=0.07s Sys=0.00s Real=0.04s
[591.948s][info][gc,start    ] GC(1342) Pause Young (Mixed) (G1 Evacuation Pause)
[591.948s][info][gc,task     ] GC(1342) Using 2 workers of 2 for evacuation
[591.987s][info][gc,phases   ] GC(1342)   Pre Evacuate Collection Set: 0.32ms
[591.987s][info][gc,phases   ] GC(1342)   Merge Heap Roots: 0.44ms
[591.987s][info][gc,phases   ] GC(1342)   Evacuate Collection Set: 36.59ms
[591.987s][info][gc,phases   ] GC(1342)   Post Evacuate Collection Set: 1.20ms
[591.987s][info][gc,phases   ] GC(1342)   Other: 0.07ms
[591.987s][info][gc,heap     ] GC(1342) Eden regions: 52->0(82)
[591.987s][info][gc,heap     ] GC(1342) Survivor regions: 7->8(8)
[591.987s][info][gc,heap     ] GC(1342) Old regions: 291->316
[591.987s][info][gc,heap     ] GC(1342) Humongous regions: 6->6
[591.987s][info][gc,metaspace] GC(1342) Metaspace: 43206K(43584K)->43206K(43584K) NonClass: 40397K(40640K)->40397K(40640K) Class: 2808K(2944K)->2808K(2944K)
[591.987s][info][gc          ] GC(1342) Pause Young (Mixed) (G1 Evacuation Pause) 355M->329M(531M) 38.816ms
[591.987s][info][gc,cpu      ] GC(1342) User=0.08s Sys=0.00s Real=0.04s
[592.314s][info][gc,start    ] GC(1343) Pause Young (Normal) (G1 Evacuation Pause)
[592.314s][info][gc,task     ] GC(1343) Using 2 workers of 2 for evacuation
[592.336s][info][gc,phases   ] GC(1343)   Pre Evacuate Collection Set: 0.25ms
[592.336s][info][gc,phases   ] GC(1343)   Merge Heap Roots: 0.14ms
[592.336s][info][gc,phases   ] GC(1343)   Evacuate Collection Set: 21.10ms
[592.336s][info][gc,phases   ] GC(1343)   Post Evacuate Collection Set: 0.39ms
[592.336s][info][gc,phases   ] GC(1343)   Other: 0.07ms
[592.336s][info][gc,heap     ] GC(1343) Eden regions: 82->0(82)
[592.336s][info][gc,heap     ] GC(1343) Survivor regions: 8->12(12)
[592.336s][info][gc,heap     ] GC(1343) Old regions: 316->326
[592.336s][info][gc,heap     ] GC(1343) Humongous regions: 7->7
[592.336s][info][gc,metaspace] GC(1343) Metaspace: 43206K(43584K)->43206K(43584K) NonClass: 40397K(40640K)->40397K(40640K) Class: 2808K(2944K)->2808K(2944K)
[592.336s][info][gc          ] GC(1343) Pause Young (Normal) (G1 Evacuation Pause) 412M->344M(531M) 22.171ms
[592.336s][info][gc,cpu      ] GC(1343) User=0.04s Sys=0.01s Real=0.02s
[592.603s][info][gc,start    ] GC(1344) Pause Young (Normal) (G1 Evacuation Pause)
[592.603s][info][gc,task     ] GC(1344) Using 2 workers of 2 for evacuation
[592.622s][info][gc,phases   ] GC(1344)   Pre Evacuate Collection Set: 0.24ms
[592.622s][info][gc,phases   ] GC(1344)   Merge Heap Roots: 0.14ms
[592.622s][info][gc,phases   ] GC(1344)   Evacuate Collection Set: 18.03ms
[592.622s][info][gc,phases   ] GC(1344)   Post Evacuate Collection Set: 0.39ms
[592.622s][info][gc,phases   ] GC(1344)   Other: 0.07ms
[592.622s][info][gc,heap     ] GC(1344) Eden regions: 82->0(84)
[592.622s][info][gc,heap     ] GC(1344) Survivor regions: 12->12(12)
[592.622s][info][gc,heap     ] GC(1344) Old regions: 326->336
[592.622s][info][gc,heap     ] GC(1344) Humongous regions: 7->7
[592.622s][info][gc,metaspace] GC(1344) Metaspace: 43206K(43584K)->43206K(43584K) NonClass: 40397K(40640K)->40397K(40640K) Class: 2808K(2944K)->2808K(2944K)
[592.622s][info][gc          ] GC(1344) Pause Young (Normal) (G1 Evacuation Pause) 426M->355M(531M) 19.062ms
[592.622s][info][gc,cpu      ] GC(1344) User=0.03s Sys=0.01s Real=0.02s
[592.893s][info][gc,start    ] GC(1345) Pause Young (Concurrent Start) (G1 Evacuation Pause)
[592.893s][info][gc,task     ] GC(1345) Using 2 workers of 2 for evacuation
[592.903s][info][gc,phases   ] GC(1345)   Pre Evacuate Collection Set: 0.29ms
[592.903s][info][gc,phases   ] GC(1345)   Merge Heap Roots: 0.09ms
[592.903s][info][gc,phases   ] GC(1345)   Evacuate Collection Set: 8.66ms
[592.903s][info][gc,phases   ] GC(1345)   Post Evacuate Collection Set: 0.39ms
[592.903s][info][gc,phases   ] GC(1345)   Other: 0.10ms
[592.903s][info][gc,heap     ] GC(1345) Eden regions: 84->0(89)
[592.903s][info][gc,heap     ] GC(1345) Survivor regions: 12->6(12)
[592.903s][info][gc,heap     ] GC(1345) Old regions: 336->346
[592.903s][info][gc,heap     ] GC(1345) Humongous regions: 7->7
[592.903s][info][gc,metaspace] GC(1345) Metaspace: 43206K(43584K)->43206K(43584K) NonClass: 40397K(40640K)->40397K(40640K) Class: 2808K(2944K)->2808K(2944K)
[592.903s][info][gc          ] GC(1345) Pause Young (Concurrent Start) (G1 Evacuation Pause) 439M->358M(531M) 9.717ms
[592.903s][info][gc          ] GC(1346) Concurrent Mark Cycle
[592.903s][info][gc,marking  ] GC(1346) Concurrent Scan Root Regions
[592.904s][info][gc,cpu      ] GC(1345) User=0.01s Sys=0.00s Real=0.01s
[592.909s][info][gc,marking  ] GC(1346) Concurrent Scan Root Regions 5.846ms
[592.909s][info][gc,marking  ] GC(1346) Concurrent Mark
[592.909s][info][gc,marking  ] GC(1346) Concurrent Mark From Roots
[592.909s][info][gc,task     ] GC(1346) Using 1 workers of 1 for marking
[592.987s][info][gc,marking  ] GC(1346) Concurrent Mark From Roots 78.539ms
[592.987s][info][gc,marking  ] GC(1346) Concurrent Preclean
[592.987s][info][gc,marking  ] GC(1346) Concurrent Preclean 0.045ms
[592.988s][info][gc,start    ] GC(1346) Pause Remark
[593.005s][info][gc          ] GC(1346) Pause Remark 380M->198M(531M) 16.886ms
[593.005s][info][gc,cpu      ] GC(1346) User=0.03s Sys=0.00s Real=0.01s
[593.005s][info][gc,marking  ] GC(1346) Concurrent Mark 95.814ms
[593.005s][info][gc,marking  ] GC(1346) Concurrent Rebuild Remembered Sets and Scrub Regions
[593.038s][info][gc,marking  ] GC(1346) Concurrent Rebuild Remembered Sets and Scrub Regions 33.093ms
[593.038s][info][gc,start    ] GC(1346) Pause Cleanup
[593.038s][info][gc          ] GC(1346) Pause Cleanup 207M->207M(531M) 0.079ms
[593.038s][info][gc,cpu      ] GC(1346) User=0.00s Sys=0.00s Real=0.00s
[593.038s][info][gc,marking  ] GC(1346) Concurrent Clear Claimed Marks
[593.038s][info][gc,marking  ] GC(1346) Concurrent Clear Claimed Marks 0.036ms
[593.038s][info][gc,marking  ] GC(1346) Concurrent Cleanup for Next Mark
[593.041s][info][gc,marking  ] GC(1346) Concurrent Cleanup for Next Mark 2.476ms
[593.041s][info][gc          ] GC(1346) Concurrent Mark Cycle 137.661ms
[593.239s][info][gc,start    ] GC(1347) Pause Young (Prepare Mixed) (G1 Evacuation Pause)
[593.239s][info][gc,task     ] GC(1347) Using 2 workers of 2 for evacuation
[593.242s][info][gc,phases   ] GC(1347)   Pre Evacuate Collection Set: 0.26ms
[593.242s][info][gc,phases   ] GC(1347)   Merge Heap Roots: 0.07ms
[593.242s][info][gc,phases   ] GC(1347)   Evacuate Collection Set: 1.86ms
[593.242s][info][gc,phases   ] GC(1347)   Post Evacuate Collection Set: 0.33ms
[593.242s][info][gc,phases   ] GC(1347)   Other: 0.08ms
[593.242s][info][gc,heap     ] GC(1347) Eden regions: 89->0(191)
[593.242s][info][gc,heap     ] GC(1347) Survivor regions: 6->2(12)
[593.242s][info][gc,heap     ] GC(1347) Old regions: 168->168
[593.242s][info][gc,heap     ] GC(1347) Humongous regions: 4->3
[593.242s][info][gc,metaspace] GC(1347) Metaspace: 43206K(43584K)->43206K(43584K) NonClass: 40397K(40640K)->40397K(40640K) Class: 2808K(2944K)->2808K(2944K)
[593.242s][info][gc          ] GC(1347) Pause Young (Prepare Mixed) (G1 Evacuation Pause) 266M->172M(531M) 2.777ms
[593.242s][info][gc,cpu      ] GC(1347) User=0.00s Sys=0.00s Real=0.00s
[593.897s][info][gc,start    ] GC(1348) Pause Young (Mixed) (G1 Evacuation Pause)
[593.898s][info][gc,task     ] GC(1348) Using 2 workers of 2 for evacuation
[593.903s][info][gc,phases   ] GC(1348)   Pre Evacuate Collection Set: 0.31ms
[593.903s][info][gc,phases   ] GC(1348)   Merge Heap Roots: 0.10ms
[593.903s][info][gc,phases   ] GC(1348)   Evacuate Collection Set: 4.30ms
[593.903s][info][gc,phases   ] GC(1348)   Post Evacuate Collection Set: 0.49ms
[593.903s][info][gc,phases   ] GC(1348)   Other: 0.08ms
[593.903s][info][gc,heap     ] GC(1348) Eden regions: 191->0(233)
[593.903s][info][gc,heap     ] GC(1348) Survivor regions: 2->6(25)
[593.903s][info][gc,heap     ] GC(1348) Old regions: 168->114
[593.903s][info][gc,heap     ] GC(1348) Humongous regions: 4->3
[593.903s][info][gc,metaspace] GC(1348) Metaspace: 43206K(43584K)->43206K(43584K) NonClass: 40397K(40640K)->40397K(40640K) Class: 2808K(2944K)->2808K(2944K)
[593.903s][info][gc          ] GC(1348) Pause Young (Mixed) (G1 Evacuation Pause) 364M->122M(531M) 5.475ms
[593.903s][info][gc,cpu      ] GC(1348) User=0.01s Sys=0.00s Real=0.00s
[594.640s][info][gc,start    ] GC(1349) Pause Young (Mixed) (G1 Evacuation Pause)
[594.640s][info][gc,task     ] GC(1349) Using 2 workers of 2 for evacuation
[594.649s][info][gc,phases   ] GC(1349)   Pre Evacuate Collection Set: 0.28ms
[594.649s][info][gc,phases   ] GC(1349)   Merge Heap Roots: 0.13ms
[594.649s][info][gc,phases   ] GC(1349)   Evacuate Collection Set: 7.93ms
[594.649s][info][gc,phases   ] GC(1349)   Post Evacuate Collection Set: 0.54ms
[594.649s][info][gc,phases   ] GC(1349)   Other: 0.10ms
[594.649s][info][gc,heap     ] GC(1349) Eden regions: 233->0(261)
[594.649s][info][gc,heap     ] GC(1349) Survivor regions: 6->9(30)
[594.649s][info][gc,heap     ] GC(1349) Old regions: 114->89
[594.649s][info][gc,heap     ] GC(1349) Humongous regions: 6->3
[594.649s][info][gc,metaspace] GC(1349) Metaspace: 43206K(43584K)->43206K(43584K) NonClass: 40397K(40640K)->40397K(40640K) Class: 2808K(2944K)->2808K(2944K)
[594.649s][info][gc          ] GC(1349) Pause Young (Mixed) (G1 Evacuation Pause) 358M->99M(531M) 9.216ms
[594.649s][info][gc,cpu      ] GC(1349) User=0.02s Sys=0.00s Real=0.01s
[595.488s][info][gc,start    ] GC(1350) Pause Young (Normal) (G1 Evacuation Pause)
[595.488s][info][gc,task     ] GC(1350) Using 2 workers of 2 for evacuation
[595.493s][info][gc,phases   ] GC(1350)   Pre Evacuate Collection Set: 0.28ms
[595.493s][info][gc,phases   ] GC(1350)   Merge Heap Roots: 0.09ms
[595.493s][info][gc,phases   ] GC(1350)   Evacuate Collection Set: 3.63ms
[595.493s][info][gc,phases   ] GC(1350)   Post Evacuate Collection Set: 0.51ms
[595.493s][info][gc,phases   ] GC(1350)   Other: 0.08ms
[595.493s][info][gc,heap     ] GC(1350) Eden regions: 261->0(284)
[595.493s][info][gc,heap     ] GC(1350) Survivor regions: 9->4(34)
[595.493s][info][gc,heap     ] GC(1350) Old regions: 89->89
[595.493s][info][gc,heap     ] GC(1350) Humongous regions: 6->3
[595.493s][info][gc,metaspace] GC(1350) Metaspace: 43206K(43584K)->43206K(43584K) NonClass: 40397K(40640K)->40397K(40640K) Class: 2808K(2944K)->2808K(2944K)
[595.493s][info][gc          ] GC(1350) Pause Young (Normal) (G1 Evacuation Pause) 363M->95M(531M) 4.755ms
[595.493s][info][gc,cpu      ] GC(1350) User=0.00s Sys=0.00s Real=0.00s
[596.313s][info][gc,start    ] GC(1351) Pause Young (Normal) (G1 Evacuation Pause)
[596.313s][info][gc,task     ] GC(1351) Using 2 workers of 2 for evacuation
[596.329s][info][gc,phases   ] GC(1351)   Pre Evacuate Collection Set: 0.24ms
[596.329s][info][gc,phases   ] GC(1351)   Merge Heap Roots: 0.12ms
[596.329s][info][gc,phases   ] GC(1351)   Evacuate Collection Set: 15.14ms
[596.329s][info][gc,phases   ] GC(1351)   Post Evacuate Collection Set: 0.52ms
[596.329s][info][gc,phases   ] GC(1351)   Other: 0.08ms
[596.329s][info][gc,heap     ] GC(1351) Eden regions: 284->0(282)
[596.329s][info][gc,heap     ] GC(1351) Survivor regions: 4->24(36)
[596.329s][info][gc,heap     ] GC(1351) Old regions: 89->89
[596.329s][info][gc,heap     ] GC(1351) Humongous regions: 5->3
[596.329s][info][gc,metaspace] GC(1351) Metaspace: 43206K(43584K)->43206K(43584K) NonClass: 40397K(40640K)->40397K(40640K) Class: 2808K(2944K)->2808K(2944K)
[596.330s][info][gc          ] GC(1351) Pause Young (Normal) (G1 Evacuation Pause) 381M->114M(531M) 16.326ms
[596.330s][info][gc,cpu      ] GC(1351) User=0.03s Sys=0.00s Real=0.02s
[597.160s][info][gc,start    ] GC(1352) Pause Young (Normal) (G1 Evacuation Pause)
[597.160s][info][gc,task     ] GC(1352) Using 2 workers of 2 for evacuation
[597.176s][info][gc,phases   ] GC(1352)   Pre Evacuate Collection Set: 0.26ms
[597.176s][info][gc,phases   ] GC(1352)   Merge Heap Roots: 0.11ms
[597.176s][info][gc,phases   ] GC(1352)   Evacuate Collection Set: 14.04ms
[597.176s][info][gc,phases   ] GC(1352)   Post Evacuate Collection Set: 0.54ms
[597.176s][info][gc,phases   ] GC(1352)   Other: 0.08ms
[597.176s][info][gc,heap     ] GC(1352) Eden regions: 282->0(301)
[597.176s][info][gc,heap     ] GC(1352) Survivor regions: 24->4(39)
[597.176s][info][gc,heap     ] GC(1352) Old regions: 89->110
[597.176s][info][gc,heap     ] GC(1352) Humongous regions: 4->1
[597.176s][info][gc,metaspace] GC(1352) Metaspace: 43206K(43584K)->43206K(43584K) NonClass: 40397K(40640K)->40397K(40640K) Class: 2808K(2944K)->2808K(2944K)
[597.176s][info][gc          ] GC(1352) Pause Young (Normal) (G1 Evacuation Pause) 397M->114M(531M) 15.216ms
[597.176s][info][gc,cpu      ] GC(1352) User=0.03s Sys=0.00s Real=0.01s
[597.646s][info][gc,start    ] GC(1353) Pause Young (Concurrent Start) (G1 Evacuation Pause)
[597.646s][info][gc,task     ] GC(1353) Using 2 workers of 2 for evacuation
[597.651s][info][gc,phases   ] GC(1353)   Pre Evacuate Collection Set: 0.25ms
[597.651s][info][gc,phases   ] GC(1353)   Merge Heap Roots: 0.07ms
[597.651s][info][gc,phases   ] GC(1353)   Evacuate Collection Set: 3.54ms
[597.651s][info][gc,phases   ] GC(1353)   Post Evacuate Collection Set: 0.53ms
[597.651s][info][gc,phases   ] GC(1353)   Other: 0.10ms
[597.651s][info][gc,heap     ] GC(1353) Eden regions: 301->0(312)
[597.651s][info][gc,heap     ] GC(1353) Survivor regions: 4->5(39)
[597.651s][info][gc,heap     ] GC(1353) Old regions: 110->110
[597.651s][info][gc,heap     ] GC(1353) Humongous regions: 1->1
[597.651s][info][gc,metaspace] GC(1353) Metaspace: 43206K(43584K)->43206K(43584K) NonClass: 40397K(40640K)->40397K(40640K) Class: 2808K(2944K)->2808K(2944K)
[597.651s][info][gc          ] GC(1353) Pause Young (Concurrent Start) (G1 Evacuation Pause) 415M->116M(531M) 4.672ms
[597.651s][info][gc,cpu      ] GC(1353) User=0.01s Sys=0.00s Real=0.01s
[597.651s][info][gc          ] GC(1354) Concurrent Mark Cycle
[597.651s][info][gc,marking  ] GC(1354) Concurrent Scan Root Regions
[597.653s][info][gc,marking  ] GC(1354) Concurrent Scan Root Regions 2.044ms
[597.653s][info][gc,marking  ] GC(1354) Concurrent Mark
[597.653s][info][gc,marking  ] GC(1354) Concurrent Mark From Roots
[597.653s][info][gc,task     ] GC(1354) Using 1 workers of 1 for marking
[597.732s][info][gc,marking  ] GC(1354) Concurrent Mark From Roots 79.443ms
[597.733s][info][gc,marking  ] GC(1354) Concurrent Preclean
[597.733s][info][gc,marking  ] GC(1354) Concurrent Preclean 0.043ms
[597.733s][info][gc,start    ] GC(1354) Pause Remark
[597.764s][info][gc          ] GC(1354) Pause Remark 169M->142M(297M) 31.361ms
[597.764s][info][gc,cpu      ] GC(1354) User=0.03s Sys=0.00s Real=0.03s
[597.765s][info][gc,marking  ] GC(1354) Concurrent Mark 112.341ms
[597.765s][info][gc,marking  ] GC(1354) Concurrent Rebuild Remembered Sets and Scrub Regions
[597.793s][info][gc,marking  ] GC(1354) Concurrent Rebuild Remembered Sets and Scrub Regions 27.929ms
[597.793s][info][gc,start    ] GC(1354) Pause Cleanup
[597.794s][info][gc          ] GC(1354) Pause Cleanup 161M->161M(297M) 0.047ms
[597.794s][info][gc,cpu      ] GC(1354) User=0.00s Sys=0.00s Real=0.00s
[597.794s][info][gc,marking  ] GC(1354) Concurrent Clear Claimed Marks
[597.794s][info][gc,marking  ] GC(1354) Concurrent Clear Claimed Marks 0.045ms
[597.794s][info][gc,marking  ] GC(1354) Concurrent Cleanup for Next Mark
[597.794s][info][gc,marking  ] GC(1354) Concurrent Cleanup for Next Mark 0.852ms
[597.794s][info][gc          ] GC(1354) Concurrent Mark Cycle 143.554ms
[598.007s][info][gc,start    ] GC(1355) Pause Young (Prepare Mixed) (G1 Evacuation Pause)
[598.007s][info][gc,task     ] GC(1355) Using 2 workers of 2 for evacuation
[598.014s][info][gc,phases   ] GC(1355)   Pre Evacuate Collection Set: 0.15ms
[598.014s][info][gc,phases   ] GC(1355)   Merge Heap Roots: 0.07ms
[598.014s][info][gc,phases   ] GC(1355)   Evacuate Collection Set: 5.79ms
[598.014s][info][gc,phases   ] GC(1355)   Post Evacuate Collection Set: 0.70ms
[598.014s][info][gc,phases   ] GC(1355)   Other: 0.07ms
[598.014s][info][gc,heap     ] GC(1355) Eden regions: 173->0(159)
[598.014s][info][gc,heap     ] GC(1355) Survivor regions: 5->12(23)
[598.014s][info][gc,heap     ] GC(1355) Old regions: 83->83
[598.014s][info][gc,heap     ] GC(1355) Humongous regions: 3->3
[598.014s][info][gc,metaspace] GC(1355) Metaspace: 43206K(43584K)->43206K(43584K) NonClass: 40397K(40640K)->40397K(40640K) Class: 2808K(2944K)->2808K(2944K)
[598.014s][info][gc          ] GC(1355) Pause Young (Prepare Mixed) (G1 Evacuation Pause) 264M->97M(297M) 6.999ms
[598.014s][info][gc,cpu      ] GC(1355) User=0.01s Sys=0.00s Real=0.01s
[598.413s][info][gc,start    ] GC(1356) Pause Young (Mixed) (G1 Evacuation Pause)
[598.413s][info][gc,task     ] GC(1356) Using 2 workers of 2 for evacuation
[598.426s][info][gc,phases   ] GC(1356)   Pre Evacuate Collection Set: 0.34ms
[598.426s][info][gc,phases   ] GC(1356)   Merge Heap Roots: 0.10ms
[598.426s][info][gc,phases   ] GC(1356)   Evacuate Collection Set: 10.94ms
[598.426s][info][gc,phases   ] GC(1356)   Post Evacuate Collection Set: 0.81ms
[598.426s][info][gc,phases   ] GC(1356)   Other: 0.08ms
[598.426s][info][gc,heap     ] GC(1356) Eden regions: 46->0(232)
[598.426s][info][gc,heap     ] GC(1356) Survivor regions: 12->7(22)
[598.426s][info][gc,heap     ] GC(1356) Old regions: 83->72
[598.426s][info][gc,heap     ] GC(1356) Humongous regions: 249->3
[598.426s][info][gc,metaspace] GC(1356) Metaspace: 43206K(43584K)->43206K(43584K) NonClass: 40397K(40640K)->40397K(40640K) Class: 2808K(2944K)->2808K(2944K)
[598.426s][info][gc          ] GC(1356) Pause Young (Mixed) (G1 Evacuation Pause) 389M->81M(399M) 12.462ms
[598.426s][info][gc,cpu      ] GC(1356) User=0.02s Sys=0.01s Real=0.01s
[598.496s][info][gc,start    ] GC(1357) Pause Young (Concurrent Start) (G1 Humongous Allocation)
[598.496s][info][gc,task     ] GC(1357) Using 2 workers of 2 for evacuation
[598.503s][info][gc,phases   ] GC(1357)   Pre Evacuate Collection Set: 0.24ms
[598.503s][info][gc,phases   ] GC(1357)   Merge Heap Roots: 0.05ms
[598.503s][info][gc,phases   ] GC(1357)   Evacuate Collection Set: 6.31ms
[598.503s][info][gc,phases   ] GC(1357)   Post Evacuate Collection Set: 0.58ms
[598.503s][info][gc,phases   ] GC(1357)   Other: 0.12ms
[598.503s][info][gc,heap     ] GC(1357) Eden regions: 9->0(231)
[598.503s][info][gc,heap     ] GC(1357) Survivor regions: 7->8(30)
[598.503s][info][gc,heap     ] GC(1357) Old regions: 72->72
[598.503s][info][gc,heap     ] GC(1357) Humongous regions: 53->1
[598.503s][info][gc,metaspace] GC(1357) Metaspace: 43206K(43584K)->43206K(43584K) NonClass: 40397K(40640K)->40397K(40640K) Class: 2808K(2944K)->2808K(2944K)
[598.503s][info][gc          ] GC(1357) Pause Young (Concurrent Start) (G1 Humongous Allocation) 140M->80M(399M) 7.485ms
[598.503s][info][gc,cpu      ] GC(1357) User=0.01s Sys=0.00s Real=0.01s
[598.503s][info][gc          ] GC(1358) Concurrent Undo Cycle
[598.503s][info][gc,marking  ] GC(1358) Concurrent Clear Claimed Marks
[598.504s][info][gc,marking  ] GC(1358) Concurrent Clear Claimed Marks 0.038ms
[598.504s][info][gc,marking  ] GC(1358) Concurrent Cleanup for Next Mark
[598.504s][info][gc,marking  ] GC(1358) Concurrent Cleanup for Next Mark 0.228ms
[598.504s][info][gc          ] GC(1358) Concurrent Undo Cycle 0.348ms
[598.506s][info][gc,start    ] GC(1359) Pause Young (Concurrent Start) (G1 Humongous Allocation)
[598.506s][info][gc,task     ] GC(1359) Using 2 workers of 2 for evacuation
[598.513s][info][gc,phases   ] GC(1359)   Pre Evacuate Collection Set: 0.19ms
[598.513s][info][gc,phases   ] GC(1359)   Merge Heap Roots: 0.05ms
[598.513s][info][gc,phases   ] GC(1359)   Evacuate Collection Set: 6.17ms
[598.513s][info][gc,phases   ] GC(1359)   Post Evacuate Collection Set: 0.56ms
[598.513s][info][gc,phases   ] GC(1359)   Other: 0.06ms
[598.513s][info][gc,heap     ] GC(1359) Eden regions: 1->0(231)
[598.513s][info][gc,heap     ] GC(1359) Survivor regions: 8->8(30)
[598.513s][info][gc,heap     ] GC(1359) Old regions: 72->72
[598.513s][info][gc,heap     ] GC(1359) Humongous regions: 3->1
[598.513s][info][gc,metaspace] GC(1359) Metaspace: 43206K(43584K)->43206K(43584K) NonClass: 40397K(40640K)->40397K(40640K) Class: 2808K(2944K)->2808K(2944K)
[598.513s][info][gc          ] GC(1359) Pause Young (Concurrent Start) (G1 Humongous Allocation) 83M->80M(399M) 7.192ms
[598.513s][info][gc,cpu      ] GC(1359) User=0.02s Sys=0.00s Real=0.01s
[598.514s][info][gc          ] GC(1360) Concurrent Mark Cycle
[598.514s][info][gc,marking  ] GC(1360) Concurrent Scan Root Regions
[598.518s][info][gc,marking  ] GC(1360) Concurrent Scan Root Regions 4.253ms
[598.518s][info][gc,marking  ] GC(1360) Concurrent Mark
[598.518s][info][gc,marking  ] GC(1360) Concurrent Mark From Roots
[598.518s][info][gc,task     ] GC(1360) Using 1 workers of 1 for marking
[598.588s][info][gc,marking  ] GC(1360) Concurrent Mark From Roots 70.018ms
[598.588s][info][gc,marking  ] GC(1360) Concurrent Preclean
[598.588s][info][gc,marking  ] GC(1360) Concurrent Preclean 0.041ms
[598.588s][info][gc,start    ] GC(1360) Pause Remark
[598.606s][info][gc          ] GC(1360) Pause Remark 149M->148M(399M) 17.993ms
[598.606s][info][gc,cpu      ] GC(1360) User=0.03s Sys=0.00s Real=0.01s
[598.606s][info][gc,marking  ] GC(1360) Concurrent Mark 88.264ms
[598.606s][info][gc,marking  ] GC(1360) Concurrent Rebuild Remembered Sets and Scrub Regions
[598.634s][info][gc,marking  ] GC(1360) Concurrent Rebuild Remembered Sets and Scrub Regions 27.990ms
[598.634s][info][gc,start    ] GC(1360) Pause Cleanup
[598.634s][info][gc          ] GC(1360) Pause Cleanup 173M->173M(399M) 0.064ms
[598.634s][info][gc,cpu      ] GC(1360) User=0.00s Sys=0.00s Real=0.00s
[598.634s][info][gc,marking  ] GC(1360) Concurrent Clear Claimed Marks
[598.634s][info][gc,marking  ] GC(1360) Concurrent Clear Claimed Marks 0.044ms
[598.634s][info][gc,marking  ] GC(1360) Concurrent Cleanup for Next Mark
[598.636s][info][gc,marking  ] GC(1360) Concurrent Cleanup for Next Mark 2.067ms
[598.636s][info][gc          ] GC(1360) Concurrent Mark Cycle 122.975ms
[599.043s][info][gc,start    ] GC(1361) Pause Young (Prepare Mixed) (G1 Evacuation Pause)
[599.043s][info][gc,task     ] GC(1361) Using 2 workers of 2 for evacuation
[599.064s][info][gc,phases   ] GC(1361)   Pre Evacuate Collection Set: 0.28ms
[599.064s][info][gc,phases   ] GC(1361)   Merge Heap Roots: 0.07ms
[599.064s][info][gc,phases   ] GC(1361)   Evacuate Collection Set: 19.27ms
[599.064s][info][gc,phases   ] GC(1361)   Post Evacuate Collection Set: 1.01ms
[599.064s][info][gc,phases   ] GC(1361)   Other: 0.08ms
[599.064s][info][gc,heap     ] GC(1361) Eden regions: 58->0(277)
[599.064s][info][gc,heap     ] GC(1361) Survivor regions: 8->14(34)
[599.064s][info][gc,heap     ] GC(1361) Old regions: 71->71
[599.064s][info][gc,heap     ] GC(1361) Humongous regions: 335->3
[599.064s][info][gc,metaspace] GC(1361) Metaspace: 43206K(43584K)->43206K(43584K) NonClass: 40397K(40640K)->40397K(40640K) Class: 2808K(2944K)->2808K(2944K)
[599.064s][info][gc          ] GC(1361) Pause Young (Prepare Mixed) (G1 Evacuation Pause) 471M->87M(486M) 20.915ms
[599.064s][info][gc,cpu      ] GC(1361) User=0.02s Sys=0.01s Real=0.02s
[599.687s][info][gc,start    ] GC(1362) Pause Young (Mixed) (G1 Evacuation Pause)
[599.687s][info][gc,task     ] GC(1362) Using 2 workers of 2 for evacuation
[599.722s][info][gc,phases   ] GC(1362)   Pre Evacuate Collection Set: 0.46ms
[599.722s][info][gc,phases   ] GC(1362)   Merge Heap Roots: 0.10ms
[599.722s][info][gc,phases   ] GC(1362)   Evacuate Collection Set: 32.82ms
[599.722s][info][gc,phases   ] GC(1362)   Post Evacuate Collection Set: 1.18ms
[599.722s][info][gc,phases   ] GC(1362)   Other: 0.08ms
[599.722s][info][gc,heap     ] GC(1362) Eden regions: 74->0(330)
[599.722s][info][gc,heap     ] GC(1362) Survivor regions: 14->24(40)
[599.722s][info][gc,heap     ] GC(1362) Old regions: 71->64
[599.722s][info][gc,heap     ] GC(1362) Humongous regions: 405->3
[599.722s][info][gc,metaspace] GC(1362) Metaspace: 43206K(43584K)->43206K(43584K) NonClass: 40397K(40640K)->40397K(40640K) Class: 2808K(2944K)->2808K(2944K)
[599.722s][info][gc          ] GC(1362) Pause Young (Mixed) (G1 Evacuation Pause) 563M->90M(590M) 34.865ms
[599.722s][info][gc,cpu      ] GC(1362) User=0.05s Sys=0.02s Real=0.03s
[599.914s][info][gc,start    ] GC(1363) Pause Young (Concurrent Start) (G1 Humongous Allocation)
[599.914s][info][gc,task     ] GC(1363) Using 2 workers of 2 for evacuation
[599.939s][info][gc,phases   ] GC(1363)   Pre Evacuate Collection Set: 0.30ms
[599.939s][info][gc,phases   ] GC(1363)   Merge Heap Roots: 0.06ms
[599.939s][info][gc,phases   ] GC(1363)   Evacuate Collection Set: 23.96ms
[599.939s][info][gc,phases   ] GC(1363)   Post Evacuate Collection Set: 0.53ms
[599.939s][info][gc,phases   ] GC(1363)   Other: 0.10ms
[599.939s][info][gc,heap     ] GC(1363) Eden regions: 26->0(329)
[599.939s][info][gc,heap     ] GC(1363) Survivor regions: 24->25(45)
[599.939s][info][gc,heap     ] GC(1363) Old regions: 64->66
[599.939s][info][gc,heap     ] GC(1363) Humongous regions: 131->1
[599.939s][info][gc,metaspace] GC(1363) Metaspace: 43206K(43584K)->43206K(43584K) NonClass: 40397K(40640K)->40397K(40640K) Class: 2808K(2944K)->2808K(2944K)
[599.939s][info][gc          ] GC(1363) Pause Young (Concurrent Start) (G1 Humongous Allocation) 243M->91M(590M) 25.147ms
[599.939s][info][gc          ] GC(1364) Concurrent Undo Cycle
[599.939s][info][gc,marking  ] GC(1364) Concurrent Clear Claimed Marks
[599.939s][info][gc,marking  ] GC(1364) Concurrent Clear Claimed Marks 0.039ms
[599.939s][info][gc,marking  ] GC(1364) Concurrent Cleanup for Next Mark
[599.939s][info][gc,cpu      ] GC(1363) User=0.05s Sys=0.00s Real=0.03s
[599.939s][info][gc,marking  ] GC(1364) Concurrent Cleanup for Next Mark 0.185ms
[599.939s][info][gc          ] GC(1364) Concurrent Undo Cycle 0.261ms
[600.027s][info][gc,start    ] GC(1365) Pause Young (Concurrent Start) (G1 Humongous Allocation)
[600.027s][info][gc,task     ] GC(1365) Using 2 workers of 2 for evacuation
[600.049s][info][gc,phases   ] GC(1365)   Pre Evacuate Collection Set: 0.30ms
[600.049s][info][gc,phases   ] GC(1365)   Merge Heap Roots: 0.06ms
[600.049s][info][gc,phases   ] GC(1365)   Evacuate Collection Set: 21.26ms
[600.049s][info][gc,phases   ] GC(1365)   Post Evacuate Collection Set: 0.44ms
[600.049s][info][gc,phases   ] GC(1365)   Other: 0.10ms
[600.049s][info][gc,heap     ] GC(1365) Eden regions: 10->0(333)
[600.049s][info][gc,heap     ] GC(1365) Survivor regions: 25->21(45)
[600.049s][info][gc,heap     ] GC(1365) Old regions: 66->70
[600.049s][info][gc,heap     ] GC(1365) Humongous regions: 67->1
[600.049s][info][gc,metaspace] GC(1365) Metaspace: 43206K(43584K)->43206K(43584K) NonClass: 40397K(40640K)->40397K(40640K) Class: 2808K(2944K)->2808K(2944K)
[600.049s][info][gc          ] GC(1365) Pause Young (Concurrent Start) (G1 Humongous Allocation) 166M->91M(590M) 22.380ms
[600.049s][info][gc,cpu      ] GC(1365) User=0.04s Sys=0.01s Real=0.02s
[600.049s][info][gc          ] GC(1366) Concurrent Undo Cycle
[600.049s][info][gc,marking  ] GC(1366) Concurrent Clear Claimed Marks
[600.049s][info][gc,marking  ] GC(1366) Concurrent Clear Claimed Marks 0.041ms
[600.049s][info][gc,marking  ] GC(1366) Concurrent Cleanup for Next Mark
[600.050s][info][gc,marking  ] GC(1366) Concurrent Cleanup for Next Mark 0.240ms
[600.050s][info][gc          ] GC(1366) Concurrent Undo Cycle 0.357ms
[600.150s][info][gc,start    ] GC(1367) Pause Young (Concurrent Start) (G1 Humongous Allocation)
[600.150s][info][gc,task     ] GC(1367) Using 2 workers of 2 for evacuation
[600.173s][info][gc,phases   ] GC(1367)   Pre Evacuate Collection Set: 0.29ms
[600.173s][info][gc,phases   ] GC(1367)   Merge Heap Roots: 0.08ms
[600.173s][info][gc,phases   ] GC(1367)   Evacuate Collection Set: 21.82ms
[600.173s][info][gc,phases   ] GC(1367)   Post Evacuate Collection Set: 0.37ms
[600.173s][info][gc,phases   ] GC(1367)   Other: 0.10ms
[600.173s][info][gc,heap     ] GC(1367) Eden regions: 14->0(330)
[600.173s][info][gc,heap     ] GC(1367) Survivor regions: 21->24(45)
[600.173s][info][gc,heap     ] GC(1367) Old regions: 70->70
[600.173s][info][gc,heap     ] GC(1367) Humongous regions: 63->1
[600.173s][info][gc,metaspace] GC(1367) Metaspace: 43206K(43584K)->43206K(43584K) NonClass: 40397K(40640K)->40397K(40640K) Class: 2808K(2944K)->2808K(2944K)
[600.173s][info][gc          ] GC(1367) Pause Young (Concurrent Start) (G1 Humongous Allocation) 167M->93M(590M) 22.869ms
[600.173s][info][gc,cpu      ] GC(1367) User=0.04s Sys=0.00s Real=0.02s
[600.173s][info][gc          ] GC(1368) Concurrent Undo Cycle
[600.173s][info][gc,marking  ] GC(1368) Concurrent Clear Claimed Marks
[600.173s][info][gc,marking  ] GC(1368) Concurrent Clear Claimed Marks 0.038ms
[600.173s][info][gc,marking  ] GC(1368) Concurrent Cleanup for Next Mark
[600.174s][info][gc,marking  ] GC(1368) Concurrent Cleanup for Next Mark 0.224ms
[600.174s][info][gc          ] GC(1368) Concurrent Undo Cycle 0.340ms
[600.454s][info][gc,start    ] GC(1369) Pause Young (Concurrent Start) (G1 Humongous Allocation)
[600.454s][info][gc,task     ] GC(1369) Using 2 workers of 2 for evacuation
[600.487s][info][gc,phases   ] GC(1369)   Pre Evacuate Collection Set: 0.28ms
[600.487s][info][gc,phases   ] GC(1369)   Merge Heap Roots: 0.09ms
[600.487s][info][gc,phases   ] GC(1369)   Evacuate Collection Set: 30.99ms
[600.487s][info][gc,phases   ] GC(1369)   Post Evacuate Collection Set: 1.06ms
[600.487s][info][gc,phases   ] GC(1369)   Other: 0.10ms
[600.487s][info][gc,heap     ] GC(1369) Eden regions: 66->0(362)
[600.487s][info][gc,heap     ] GC(1369) Survivor regions: 24->35(45)
[600.487s][info][gc,heap     ] GC(1369) Old regions: 70->71
[600.487s][info][gc,heap     ] GC(1369) Humongous regions: 65->1
[600.487s][info][gc,metaspace] GC(1369) Metaspace: 43206K(43584K)->43206K(43584K) NonClass: 40397K(40640K)->40397K(40640K) Class: 2808K(2944K)->2808K(2944K)
[600.487s][info][gc          ] GC(1369) Pause Young (Concurrent Start) (G1 Humongous Allocation) 223M->105M(662M) 32.761ms
[600.487s][info][gc,cpu      ] GC(1369) User=0.06s Sys=0.00s Real=0.04s
[600.487s][info][gc          ] GC(1370) Concurrent Undo Cycle
[600.487s][info][gc,marking  ] GC(1370) Concurrent Clear Claimed Marks
[600.487s][info][gc,marking  ] GC(1370) Concurrent Clear Claimed Marks 0.040ms
[600.487s][info][gc,marking  ] GC(1370) Concurrent Cleanup for Next Mark
[600.492s][info][gc,marking  ] GC(1370) Concurrent Cleanup for Next Mark 4.826ms
[600.492s][info][gc          ] GC(1370) Concurrent Undo Cycle 4.962ms
[601.366s][info][gc,start    ] GC(1371) Pause Young (Normal) (G1 Evacuation Pause)
[601.366s][info][gc,task     ] GC(1371) Using 2 workers of 2 for evacuation
[601.400s][info][gc,phases   ] GC(1371)   Pre Evacuate Collection Set: 0.28ms
[601.400s][info][gc,phases   ] GC(1371)   Merge Heap Roots: 0.14ms
[601.400s][info][gc,phases   ] GC(1371)   Evacuate Collection Set: 32.25ms
[601.400s][info][gc,phases   ] GC(1371)   Post Evacuate Collection Set: 0.67ms
[601.400s][info][gc,phases   ] GC(1371)   Other: 0.09ms
[601.400s][info][gc,heap     ] GC(1371) Eden regions: 362->0(374)
[601.400s][info][gc,heap     ] GC(1371) Survivor regions: 35->23(50)
[601.400s][info][gc,heap     ] GC(1371) Old regions: 71->86
[601.400s][info][gc,heap     ] GC(1371) Humongous regions: 29->1
[601.400s][info][gc,metaspace] GC(1371) Metaspace: 43218K(43584K)->43218K(43584K) NonClass: 40409K(40640K)->40409K(40640K) Class: 2808K(2944K)->2808K(2944K)
[601.400s][info][gc          ] GC(1371) Pause Young (Normal) (G1 Evacuation Pause) 495M->109M(662M) 33.628ms
[601.400s][info][gc,cpu      ] GC(1371) User=0.07s Sys=0.00s Real=0.04s
[602.179s][info][gc,start    ] GC(1372) Pause Young (Normal) (G1 Evacuation Pause)
[602.179s][info][gc,task     ] GC(1372) Using 2 workers of 2 for evacuation
[602.199s][info][gc,phases   ] GC(1372)   Pre Evacuate Collection Set: 0.28ms
[602.199s][info][gc,phases   ] GC(1372)   Merge Heap Roots: 0.15ms
[602.199s][info][gc,phases   ] GC(1372)   Evacuate Collection Set: 18.31ms
[602.199s][info][gc,phases   ] GC(1372)   Post Evacuate Collection Set: 0.78ms
[602.199s][info][gc,phases   ] GC(1372)   Other: 0.10ms
[602.199s][info][gc,heap     ] GC(1372) Eden regions: 374->0(373)
[602.199s][info][gc,heap     ] GC(1372) Survivor regions: 23->24(50)
[602.199s][info][gc,heap     ] GC(1372) Old regions: 86->86
[602.199s][info][gc,heap     ] GC(1372) Humongous regions: 1->1
[602.199s][info][gc,metaspace] GC(1372) Metaspace: 43218K(43584K)->43218K(43584K) NonClass: 40409K(40640K)->40409K(40640K) Class: 2808K(2944K)->2808K(2944K)
[602.199s][info][gc          ] GC(1372) Pause Young (Normal) (G1 Evacuation Pause) 483M->110M(662M) 19.809ms
[602.199s][info][gc,cpu      ] GC(1372) User=0.04s Sys=0.00s Real=0.02s
[603.011s][info][gc,start    ] GC(1373) Pause Young (Normal) (G1 Evacuation Pause)
[603.011s][info][gc,task     ] GC(1373) Using 2 workers of 2 for evacuation
[603.030s][info][gc,phases   ] GC(1373)   Pre Evacuate Collection Set: 0.25ms
[603.030s][info][gc,phases   ] GC(1373)   Merge Heap Roots: 0.12ms
[603.030s][info][gc,phases   ] GC(1373)   Evacuate Collection Set: 18.46ms
[603.030s][info][gc,phases   ] GC(1373)   Post Evacuate Collection Set: 0.63ms
[603.030s][info][gc,phases   ] GC(1373)   Other: 0.10ms
[603.030s][info][gc,heap     ] GC(1373) Eden regions: 373->0(372)
[603.030s][info][gc,heap     ] GC(1373) Survivor regions: 24->25(50)
[603.030s][info][gc,heap     ] GC(1373) Old regions: 86->86
[603.030s][info][gc,heap     ] GC(1373) Humongous regions: 1->1
[603.030s][info][gc,metaspace] GC(1373) Metaspace: 43218K(43584K)->43218K(43584K) NonClass: 40409K(40640K)->40409K(40640K) Class: 2808K(2944K)->2808K(2944K)
[603.030s][info][gc          ] GC(1373) Pause Young (Normal) (G1 Evacuation Pause) 483M->112M(662M) 19.762ms
[603.030s][info][gc,cpu      ] GC(1373) User=0.03s Sys=0.00s Real=0.02s
[604.539s][info][gc,start    ] GC(1374) Pause Young (Normal) (G1 Evacuation Pause)
[604.539s][info][gc,task     ] GC(1374) Using 2 workers of 2 for evacuation
[604.562s][info][gc,phases   ] GC(1374)   Pre Evacuate Collection Set: 0.29ms
[604.562s][info][gc,phases   ] GC(1374)   Merge Heap Roots: 0.16ms
[604.562s][info][gc,phases   ] GC(1374)   Evacuate Collection Set: 21.42ms
[604.562s][info][gc,phases   ] GC(1374)   Post Evacuate Collection Set: 0.77ms
[604.562s][info][gc,phases   ] GC(1374)   Other: 0.10ms
[604.562s][info][gc,heap     ] GC(1374) Eden regions: 372->0(372)
[604.562s][info][gc,heap     ] GC(1374) Survivor regions: 25->25(50)
[604.562s][info][gc,heap     ] GC(1374) Old regions: 86->86
[604.562s][info][gc,heap     ] GC(1374) Humongous regions: 11->1
[604.562s][info][gc,metaspace] GC(1374) Metaspace: 43223K(43648K)->43223K(43648K) NonClass: 40415K(40704K)->40415K(40704K) Class: 2808K(2944K)->2808K(2944K)
[604.562s][info][gc          ] GC(1374) Pause Young (Normal) (G1 Evacuation Pause) 494M->112M(662M) 22.920ms
[604.562s][info][gc,cpu      ] GC(1374) User=0.04s Sys=0.00s Real=0.02s
[605.625s][info][gc,start    ] GC(1375) Pause Young (Normal) (G1 Evacuation Pause)
[605.625s][info][gc,task     ] GC(1375) Using 2 workers of 2 for evacuation
[605.693s][info][gc,phases   ] GC(1375)   Pre Evacuate Collection Set: 0.27ms
[605.693s][info][gc,phases   ] GC(1375)   Merge Heap Roots: 0.18ms
[605.693s][info][gc,phases   ] GC(1375)   Evacuate Collection Set: 66.63ms
[605.693s][info][gc,phases   ] GC(1375)   Post Evacuate Collection Set: 0.81ms
[605.693s][info][gc,phases   ] GC(1375)   Other: 0.10ms
[605.693s][info][gc,heap     ] GC(1375) Eden regions: 372->0(347)
[605.693s][info][gc,heap     ] GC(1375) Survivor regions: 25->50(50)
[605.693s][info][gc,heap     ] GC(1375) Old regions: 86->101
[605.693s][info][gc,heap     ] GC(1375) Humongous regions: 6->6
[605.693s][info][gc,metaspace] GC(1375) Metaspace: 43224K(43648K)->43224K(43648K) NonClass: 40416K(40704K)->40416K(40704K) Class: 2808K(2944K)->2808K(2944K)
[605.693s][info][gc          ] GC(1375) Pause Young (Normal) (G1 Evacuation Pause) 489M->156M(662M) 68.197ms
[605.693s][info][gc,cpu      ] GC(1375) User=0.14s Sys=0.00s Real=0.07s
[606.463s][info][gc,start    ] GC(1376) Pause Young (Normal) (G1 Evacuation Pause)
[606.463s][info][gc,task     ] GC(1376) Using 2 workers of 2 for evacuation
[606.566s][info][gc,phases   ] GC(1376)   Pre Evacuate Collection Set: 0.26ms
[606.566s][info][gc,phases   ] GC(1376)   Merge Heap Roots: 0.30ms
[606.566s][info][gc,phases   ] GC(1376)   Evacuate Collection Set: 102.02ms
[606.566s][info][gc,phases   ] GC(1376)   Post Evacuate Collection Set: 0.68ms
[606.566s][info][gc,phases   ] GC(1376)   Other: 0.10ms
[606.566s][info][gc,heap     ] GC(1376) Eden regions: 347->0(361)
[606.566s][info][gc,heap     ] GC(1376) Survivor regions: 50->36(50)
[606.566s][info][gc,heap     ] GC(1376) Old regions: 101->151
[606.566s][info][gc,heap     ] GC(1376) Humongous regions: 10->10
[606.566s][info][gc,metaspace] GC(1376) Metaspace: 43224K(43648K)->43224K(43648K) NonClass: 40416K(40704K)->40416K(40704K) Class: 2808K(2944K)->2808K(2944K)
[606.566s][info][gc          ] GC(1376) Pause Young (Normal) (G1 Evacuation Pause) 507M->197M(662M) 103.575ms
[606.566s][info][gc,cpu      ] GC(1376) User=0.20s Sys=0.00s Real=0.10s
[607.685s][info][gc,heap,exit] Heap
[607.685s][info][gc,heap,exit]  garbage-first heap   total reserved 1001472K, committed 677888K, used 345600K [0x00000000c2e00000, 0x0000000100000000)
[607.685s][info][gc,heap,exit]   region size 1024K, 168 young (172032K), 36 survivors (36864K)
[607.685s][info][gc,heap,exit]  Metaspace       used 43365K, committed 43712K, reserved 1114112K
[607.685s][info][gc,heap,exit]   class space    used 2823K, committed 2944K, reserved 1048576K
