[0.009s][info][metaspace]  - commit_granule_bytes: 65536.
[0.009s][info][metaspace]  - commit_granule_words: 8192.
[0.009s][info][metaspace]  - virtual_space_node_default_size: 8388608.
[0.009s][info][metaspace]  - enlarge_chunks_in_place: 1.
[0.011s][info][gc,init  ] CardTable entry size: 512
[0.015s][info][gc       ] Using G1
[0.019s][info][gc,init  ] Version: 24-internal-adhoc.root.jdk (release)
[0.019s][info][gc,init  ] CPUs: 2 total, 2 available
[0.019s][info][gc,init  ] Memory: 3908M
[0.019s][info][gc,init  ] Large Page Support: Disabled
[0.019s][info][gc,init  ] NUMA Support: Disabled
[0.019s][info][gc,init  ] Compressed Oops: Enabled (32-bit)
[0.019s][info][gc,init  ] Heap Region Size: 1M
[0.019s][info][gc,init  ] Heap Min Capacity: 256M
[0.019s][info][gc,init  ] Heap Initial Capacity: 256M
[0.019s][info][gc,init  ] Heap Max Capacity: 978M
[0.019s][info][gc,init  ] Pre-touch: Disabled
[0.019s][info][gc,init  ] Parallel Workers: 2
[0.019s][info][gc,init  ] Concurrent Workers: 1
[0.019s][info][gc,init  ] Concurrent Refinement Workers: 2
[0.019s][info][gc,init  ] Periodic GC: Disabled
[0.034s][info][gc,metaspace] CDS archive(s) mapped at: [0x00007f5e06000000-0x00007f5e06dc0000-0x00007f5e06dc0000), size 14417920, SharedBaseAddress: 0x00007f5e06000000, ArchiveRelocationMode: 1.
[0.034s][info][gc,metaspace] Compressed class space mapped at: 0x00007f5e07000000-0x00007f5e47000000, reserved size: 1073741824
[0.034s][info][gc,metaspace] UseCompressedClassPointers 1, UseCompactObjectHeaders 0
[0.034s][info][gc,metaspace] Narrow klass pointer bits 32, Max shift 3
[0.034s][info][gc,metaspace] Narrow klass base: 0x00007f5e06000000, Narrow klass shift: 0
[0.034s][info][gc,metaspace] Encoding Range: [0x00007f5e06000000 - 0x00007f5f06000000), (4294967296 bytes)
[0.034s][info][gc,metaspace] Klass Range:    [0x00007f5e06000000 - 0x00007f5e47000000), (1090519040 bytes)
[0.034s][info][gc,metaspace] Klass ID Range:  [8 - 1090519033) (1090519025)
[0.411s][info][gc,start    ] GC(0) Pause Young (Normal) (G1 Evacuation Pause)
[0.411s][info][gc,task     ] GC(0) Using 2 workers of 2 for evacuation
[0.414s][info][gc,phases   ] GC(0)   Pre Evacuate Collection Set: 0.17ms
[0.414s][info][gc,phases   ] GC(0)   Merge Heap Roots: 0.08ms
[0.414s][info][gc,phases   ] GC(0)   Evacuate Collection Set: 2.59ms
[0.414s][info][gc,phases   ] GC(0)   Post Evacuate Collection Set: 0.23ms
[0.414s][info][gc,phases   ] GC(0)   Other: 0.24ms
[0.415s][info][gc,heap     ] GC(0) Eden regions: 12->0(10)
[0.415s][info][gc,heap     ] GC(0) Survivor regions: 0->2(2)
[0.415s][info][gc,heap     ] GC(0) Old regions: 2->2
[0.415s][info][gc,heap     ] GC(0) Humongous regions: 0->0
[0.415s][info][gc,metaspace] GC(0) Metaspace: 2366K(2496K)->2366K(2496K) NonClass: 2170K(2240K)->2170K(2240K) Class: 196K(256K)->196K(256K)
[0.415s][info][gc          ] GC(0) Pause Young (Normal) (G1 Evacuation Pause) 13M->3M(258M) 3.535ms
[0.415s][info][gc,cpu      ] GC(0) User=0.01s Sys=0.01s Real=0.01s
[0.465s][info][gc,start    ] GC(1) Pause Young (Normal) (G1 Evacuation Pause)
[0.465s][info][gc,task     ] GC(1) Using 2 workers of 2 for evacuation
[0.469s][info][gc,phases   ] GC(1)   Pre Evacuate Collection Set: 0.16ms
[0.469s][info][gc,phases   ] GC(1)   Merge Heap Roots: 0.03ms
[0.469s][info][gc,phases   ] GC(1)   Evacuate Collection Set: 3.47ms
[0.469s][info][gc,phases   ] GC(1)   Post Evacuate Collection Set: 0.15ms
[0.469s][info][gc,phases   ] GC(1)   Other: 0.06ms
[0.469s][info][gc,heap     ] GC(1) Eden regions: 10->0(20)
[0.469s][info][gc,heap     ] GC(1) Survivor regions: 2->1(2)
[0.469s][info][gc,heap     ] GC(1) Old regions: 2->4
[0.469s][info][gc,heap     ] GC(1) Humongous regions: 0->0
[0.469s][info][gc,metaspace] GC(1) Metaspace: 2454K(2560K)->2454K(2560K) NonClass: 2257K(2304K)->2257K(2304K) Class: 197K(256K)->197K(256K)
[0.469s][info][gc          ] GC(1) Pause Young (Normal) (G1 Evacuation Pause) 12M->3M(258M) 4.008ms
[0.469s][info][gc,cpu      ] GC(1) User=0.01s Sys=0.00s Real=0.00s
[1.060s][info][gc,start    ] GC(2) Pause Young (Normal) (G1 Evacuation Pause)
[1.060s][info][gc,task     ] GC(2) Using 2 workers of 2 for evacuation
[1.062s][info][gc,phases   ] GC(2)   Pre Evacuate Collection Set: 0.14ms
[1.062s][info][gc,phases   ] GC(2)   Merge Heap Roots: 0.03ms
[1.062s][info][gc,phases   ] GC(2)   Evacuate Collection Set: 1.90ms
[1.062s][info][gc,phases   ] GC(2)   Post Evacuate Collection Set: 0.21ms
[1.062s][info][gc,phases   ] GC(2)   Other: 0.11ms
[1.062s][info][gc,heap     ] GC(2) Eden regions: 20->0(23)
[1.063s][info][gc,heap     ] GC(2) Survivor regions: 1->2(3)
[1.063s][info][gc,heap     ] GC(2) Old regions: 4->4
[1.063s][info][gc,heap     ] GC(2) Humongous regions: 0->0
[1.063s][info][gc,metaspace] GC(2) Metaspace: 4802K(4928K)->4802K(4928K) NonClass: 4418K(4480K)->4418K(4480K) Class: 384K(448K)->384K(448K)
[1.063s][info][gc          ] GC(2) Pause Young (Normal) (G1 Evacuation Pause) 23M->4M(258M) 2.552ms
[1.063s][info][gc,cpu      ] GC(2) User=0.00s Sys=0.00s Real=0.01s
[1.479s][info][gc,start    ] GC(3) Pause Young (Normal) (G1 Evacuation Pause)
[1.479s][info][gc,task     ] GC(3) Using 2 workers of 2 for evacuation
[1.485s][info][gc,phases   ] GC(3)   Pre Evacuate Collection Set: 0.15ms
[1.485s][info][gc,phases   ] GC(3)   Merge Heap Roots: 0.04ms
[1.485s][info][gc,phases   ] GC(3)   Evacuate Collection Set: 5.30ms
[1.485s][info][gc,phases   ] GC(3)   Post Evacuate Collection Set: 0.27ms
[1.485s][info][gc,phases   ] GC(3)   Other: 0.06ms
[1.485s][info][gc,heap     ] GC(3) Eden regions: 23->0(26)
[1.485s][info][gc,heap     ] GC(3) Survivor regions: 2->4(4)
[1.485s][info][gc,heap     ] GC(3) Old regions: 4->4
[1.485s][info][gc,heap     ] GC(3) Humongous regions: 0->0
[1.485s][info][gc,metaspace] GC(3) Metaspace: 8828K(9088K)->8828K(9088K) NonClass: 8098K(8256K)->8098K(8256K) Class: 729K(832K)->729K(832K)
[1.485s][info][gc          ] GC(3) Pause Young (Normal) (G1 Evacuation Pause) 27M->7M(258M) 5.994ms
[1.485s][info][gc,cpu      ] GC(3) User=0.01s Sys=0.01s Real=0.01s
[2.038s][info][gc,start    ] GC(4) Pause Young (Normal) (G1 Evacuation Pause)
[2.038s][info][gc,task     ] GC(4) Using 2 workers of 2 for evacuation
[2.049s][info][gc,phases   ] GC(4)   Pre Evacuate Collection Set: 0.17ms
[2.049s][info][gc,phases   ] GC(4)   Merge Heap Roots: 0.04ms
[2.049s][info][gc,phases   ] GC(4)   Evacuate Collection Set: 10.01ms
[2.049s][info][gc,phases   ] GC(4)   Post Evacuate Collection Set: 0.42ms
[2.049s][info][gc,phases   ] GC(4)   Other: 0.06ms
[2.049s][info][gc,heap     ] GC(4) Eden regions: 26->0(36)
[2.049s][info][gc,heap     ] GC(4) Survivor regions: 4->3(4)
[2.049s][info][gc,heap     ] GC(4) Old regions: 4->8
[2.049s][info][gc,heap     ] GC(4) Humongous regions: 0->0
[2.049s][info][gc,metaspace] GC(4) Metaspace: 15171K(15488K)->15171K(15488K) NonClass: 13942K(14144K)->13942K(14144K) Class: 1228K(1344K)->1228K(1344K)
[2.049s][info][gc          ] GC(4) Pause Young (Normal) (G1 Evacuation Pause) 33M->9M(258M) 10.876ms
[2.049s][info][gc,cpu      ] GC(4) User=0.01s Sys=0.01s Real=0.01s
[5.039s][info][gc,start    ] GC(5) Pause Young (Normal) (G1 Evacuation Pause)
[5.039s][info][gc,task     ] GC(5) Using 2 workers of 2 for evacuation
[5.048s][info][gc,phases   ] GC(5)   Pre Evacuate Collection Set: 0.18ms
[5.048s][info][gc,phases   ] GC(5)   Merge Heap Roots: 0.05ms
[5.049s][info][gc,phases   ] GC(5)   Evacuate Collection Set: 8.46ms
[5.049s][info][gc,phases   ] GC(5)   Post Evacuate Collection Set: 0.34ms
[5.049s][info][gc,phases   ] GC(5)   Other: 0.07ms
[5.049s][info][gc,heap     ] GC(5) Eden regions: 36->0(44)
[5.049s][info][gc,heap     ] GC(5) Survivor regions: 3->4(5)
[5.049s][info][gc,heap     ] GC(5) Old regions: 8->8
[5.049s][info][gc,heap     ] GC(5) Humongous regions: 0->0
[5.049s][info][gc,metaspace] GC(5) Metaspace: 20902K(21312K)->20902K(21312K) NonClass: 19323K(19584K)->19323K(19584K) Class: 1579K(1728K)->1579K(1728K)
[5.049s][info][gc          ] GC(5) Pause Young (Normal) (G1 Evacuation Pause) 45M->10M(258M) 9.244ms
[5.049s][info][gc,cpu      ] GC(5) User=0.02s Sys=0.00s Real=0.01s
[5.258s][info][metaspace   ] Arena @0x00007f5e7c177610 (non-class arena): commit failure (requested size: 60)
[5.258s][info][metaspace   ] ChkMgr @0x00007f5e7c15e550 (non-class-space): failed to commit 60 words on chunk @0x00007f5e7c763330, f, base 0x00007f5dfd380000, level lv05.
[5.258s][info][metaspace   ] Arena @0x00007f5e7c177610 (non-class arena): failed to allocate new chunk for requested word size 60.
[5.258s][info][metaspace   ] Arena @0x00007f5e7c177610 (non-class arena): allocation failed, returned null.
[5.258s][info][metaspace   ] Arena @0x00007f5e7c177610 (non-class arena): commit failure (requested size: 60)
[5.258s][info][metaspace   ] ChkMgr @0x00007f5e7c15e550 (non-class-space): failed to commit 60 words on chunk @0x00007f5e7c763330, f, base 0x00007f5dfd380000, level lv05.
[5.258s][info][metaspace   ] Arena @0x00007f5e7c177610 (non-class arena): failed to allocate new chunk for requested word size 60.
[5.258s][info][metaspace   ] Arena @0x00007f5e7c177610 (non-class arena): allocation failed, returned null.
[5.261s][info][metaspace   ] Arena @0x00007f5e7c177610 (non-class arena): commit failure (requested size: 60)
[5.261s][info][metaspace   ] ChkMgr @0x00007f5e7c15e550 (non-class-space): failed to commit 60 words on chunk @0x00007f5e7c763330, f, base 0x00007f5dfd380000, level lv05.
[5.261s][info][metaspace   ] Arena @0x00007f5e7c177610 (non-class arena): failed to allocate new chunk for requested word size 60.
[5.261s][info][metaspace   ] Arena @0x00007f5e7c177610 (non-class arena): allocation failed, returned null.
[5.261s][info][gc,start    ] GC(6) Pause Young (Concurrent Start) (Metadata GC Threshold)
[5.261s][info][gc,task     ] GC(6) Using 2 workers of 2 for evacuation
[5.272s][info][gc,phases   ] GC(6)   Pre Evacuate Collection Set: 0.18ms
[5.272s][info][gc,phases   ] GC(6)   Merge Heap Roots: 0.04ms
[5.272s][info][gc,phases   ] GC(6)   Evacuate Collection Set: 10.21ms
[5.272s][info][gc,phases   ] GC(6)   Post Evacuate Collection Set: 0.32ms
[5.272s][info][gc,phases   ] GC(6)   Other: 0.11ms
[5.272s][info][gc,heap     ] GC(6) Eden regions: 2->0(81)
[5.272s][info][gc,heap     ] GC(6) Survivor regions: 4->1(6)
[5.272s][info][gc,heap     ] GC(6) Old regions: 8->11
[5.272s][info][gc,heap     ] GC(6) Humongous regions: 0->0
[5.272s][info][gc,metaspace] GC(6) Metaspace: 21107K(21504K)->21107K(21504K) NonClass: 19512K(19712K)->19512K(19712K) Class: 1595K(1792K)->1595K(1792K)
[5.272s][info][gc          ] GC(6) Pause Young (Concurrent Start) (Metadata GC Threshold) 12M->10M(258M) 10.987ms
[5.272s][info][gc,cpu      ] GC(6) User=0.01s Sys=0.00s Real=0.02s
[5.272s][info][gc          ] GC(7) Concurrent Mark Cycle
[5.272s][info][metaspace   ] CLMS @0x00007f5e7c1775e0 : GC threshold increased: 22020096->22347776.
[5.272s][info][gc,marking  ] GC(7) Concurrent Scan Root Regions
[5.275s][info][gc,marking  ] GC(7) Concurrent Scan Root Regions 2.889ms
[5.275s][info][gc,marking  ] GC(7) Concurrent Mark
[5.275s][info][gc,marking  ] GC(7) Concurrent Mark From Roots
[5.275s][info][gc,task     ] GC(7) Using 1 workers of 1 for marking
[5.284s][info][gc,marking  ] GC(7) Concurrent Mark From Roots 9.482ms
[5.284s][info][gc,marking  ] GC(7) Concurrent Preclean
[5.284s][info][gc,marking  ] GC(7) Concurrent Preclean 0.032ms
[5.284s][info][gc,start    ] GC(7) Pause Remark
[5.288s][info][gc          ] GC(7) Pause Remark 11M->11M(256M) 3.105ms
[5.288s][info][gc,cpu      ] GC(7) User=0.00s Sys=0.00s Real=0.00s
[5.288s][info][gc,marking  ] GC(7) Concurrent Mark 13.023ms
[5.288s][info][gc,marking  ] GC(7) Concurrent Rebuild Remembered Sets and Scrub Regions
[5.293s][info][gc,marking  ] GC(7) Concurrent Rebuild Remembered Sets and Scrub Regions 5.077ms
[5.293s][info][gc,start    ] GC(7) Pause Cleanup
[5.293s][info][gc          ] GC(7) Pause Cleanup 11M->11M(256M) 0.034ms
[5.293s][info][gc,cpu      ] GC(7) User=0.00s Sys=0.00s Real=0.00s
[5.293s][info][gc,marking  ] GC(7) Concurrent Clear Claimed Marks
[5.293s][info][gc,marking  ] GC(7) Concurrent Clear Claimed Marks 0.019ms
[5.293s][info][gc,marking  ] GC(7) Concurrent Cleanup for Next Mark
[5.297s][info][gc,marking  ] GC(7) Concurrent Cleanup for Next Mark 3.867ms
[5.297s][info][gc          ] GC(7) Concurrent Mark Cycle 25.265ms
[6.183s][info][gc,start    ] GC(8) Pause Young (Prepare Mixed) (G1 Evacuation Pause)
[6.183s][info][gc,task     ] GC(8) Using 2 workers of 2 for evacuation
[6.193s][info][gc,phases   ] GC(8)   Pre Evacuate Collection Set: 0.20ms
[6.193s][info][gc,phases   ] GC(8)   Merge Heap Roots: 0.08ms
[6.193s][info][gc,phases   ] GC(8)   Evacuate Collection Set: 8.86ms
[6.193s][info][gc,phases   ] GC(8)   Post Evacuate Collection Set: 0.41ms
[6.193s][info][gc,phases   ] GC(8)   Other: 0.11ms
[6.193s][info][gc,heap     ] GC(8) Eden regions: 80->0(67)
[6.193s][info][gc,heap     ] GC(8) Survivor regions: 1->5(11)
[6.193s][info][gc,heap     ] GC(8) Old regions: 11->11
[6.193s][info][gc,heap     ] GC(8) Humongous regions: 0->0
[6.193s][info][gc,metaspace] GC(8) Metaspace: 24118K(24512K)->24118K(24512K) NonClass: 22335K(22592K)->22335K(22592K) Class: 1783K(1920K)->1783K(1920K)
[6.193s][info][gc          ] GC(8) Pause Young (Prepare Mixed) (G1 Evacuation Pause) 90M->14M(256M) 9.840ms
[6.193s][info][gc,cpu      ] GC(8) User=0.02s Sys=0.00s Real=0.01s
[6.674s][info][gc,start    ] GC(9) Pause Young (Mixed) (G1 Evacuation Pause)
[6.674s][info][gc,task     ] GC(9) Using 2 workers of 2 for evacuation
[6.686s][info][gc,phases   ] GC(9)   Pre Evacuate Collection Set: 0.77ms
[6.686s][info][gc,phases   ] GC(9)   Merge Heap Roots: 0.06ms
[6.686s][info][gc,phases   ] GC(9)   Evacuate Collection Set: 10.13ms
[6.686s][info][gc,phases   ] GC(9)   Post Evacuate Collection Set: 0.37ms
[6.686s][info][gc,phases   ] GC(9)   Other: 0.07ms
[6.686s][info][gc,heap     ] GC(9) Eden regions: 66->0(79)
[6.686s][info][gc,heap     ] GC(9) Survivor regions: 5->6(9)
[6.686s][info][gc,heap     ] GC(9) Old regions: 11->11
[6.686s][info][gc,heap     ] GC(9) Humongous regions: 0->0
[6.686s][info][gc,metaspace] GC(9) Metaspace: 24426K(24768K)->24426K(24768K) NonClass: 22635K(22848K)->22635K(22848K) Class: 1790K(1920K)->1790K(1920K)
[6.686s][info][gc          ] GC(9) Pause Young (Mixed) (G1 Evacuation Pause) 80M->15M(256M) 11.566ms
[6.686s][info][gc,cpu      ] GC(9) User=0.03s Sys=0.00s Real=0.01s
[7.256s][info][gc,start    ] GC(10) Pause Young (Normal) (G1 Evacuation Pause)
[7.256s][info][gc,task     ] GC(10) Using 2 workers of 2 for evacuation
[7.272s][info][gc,phases   ] GC(10)   Pre Evacuate Collection Set: 0.16ms
[7.272s][info][gc,phases   ] GC(10)   Merge Heap Roots: 0.05ms
[7.272s][info][gc,phases   ] GC(10)   Evacuate Collection Set: 14.62ms
[7.272s][info][gc,phases   ] GC(10)   Post Evacuate Collection Set: 0.45ms
[7.272s][info][gc,phases   ] GC(10)   Other: 0.06ms
[7.272s][info][gc,heap     ] GC(10) Eden regions: 80->0(109)
[7.272s][info][gc,heap     ] GC(10) Survivor regions: 6->7(11)
[7.272s][info][gc,heap     ] GC(10) Old regions: 11->11
[7.272s][info][gc,heap     ] GC(10) Humongous regions: 0->0
[7.272s][info][gc,metaspace] GC(10) Metaspace: 25890K(26240K)->25890K(26240K) NonClass: 23960K(24128K)->23960K(24128K) Class: 1930K(2112K)->1930K(2112K)
[7.272s][info][gc          ] GC(10) Pause Young (Normal) (G1 Evacuation Pause) 95M->17M(256M) 15.514ms
[7.272s][info][gc,cpu      ] GC(10) User=0.03s Sys=0.01s Real=0.02s
[7.723s][info][gc,start    ] GC(11) Pause Young (Concurrent Start) (G1 Humongous Allocation)
[7.723s][info][gc,task     ] GC(11) Using 2 workers of 2 for evacuation
[7.733s][info][gc,phases   ] GC(11)   Pre Evacuate Collection Set: 0.18ms
[7.733s][info][gc,phases   ] GC(11)   Merge Heap Roots: 0.05ms
[7.733s][info][gc,phases   ] GC(11)   Evacuate Collection Set: 9.17ms
[7.733s][info][gc,phases   ] GC(11)   Post Evacuate Collection Set: 0.40ms
[7.733s][info][gc,phases   ] GC(11)   Other: 0.13ms
[7.733s][info][gc,heap     ] GC(11) Eden regions: 59->0(143)
[7.733s][info][gc,heap     ] GC(11) Survivor regions: 7->10(15)
[7.733s][info][gc,heap     ] GC(11) Old regions: 11->11
[7.733s][info][gc,heap     ] GC(11) Humongous regions: 104->0
[7.733s][info][gc,metaspace] GC(11) Metaspace: 26056K(26432K)->26056K(26432K) NonClass: 24120K(24320K)->24120K(24320K) Class: 1935K(2112K)->1935K(2112K)
[7.733s][info][gc          ] GC(11) Pause Young (Concurrent Start) (G1 Humongous Allocation) 179M->19M(256M) 10.095ms
[7.733s][info][gc,cpu      ] GC(11) User=0.02s Sys=0.00s Real=0.01s
[7.733s][info][gc          ] GC(12) Concurrent Undo Cycle
[7.733s][info][gc,marking  ] GC(12) Concurrent Clear Claimed Marks
[7.733s][info][gc,marking  ] GC(12) Concurrent Clear Claimed Marks 0.040ms
[7.733s][info][gc,marking  ] GC(12) Concurrent Cleanup for Next Mark
[7.734s][info][gc,marking  ] GC(12) Concurrent Cleanup for Next Mark 1.057ms
[7.734s][info][gc          ] GC(12) Concurrent Undo Cycle 1.195ms
[9.326s][info][gc,start    ] GC(13) Pause Young (Normal) (G1 Evacuation Pause)
[9.326s][info][gc,task     ] GC(13) Using 2 workers of 2 for evacuation
[9.337s][info][gc,phases   ] GC(13)   Pre Evacuate Collection Set: 0.20ms
[9.337s][info][gc,phases   ] GC(13)   Merge Heap Roots: 0.10ms
[9.337s][info][gc,phases   ] GC(13)   Evacuate Collection Set: 9.99ms
[9.337s][info][gc,phases   ] GC(13)   Post Evacuate Collection Set: 0.46ms
[9.337s][info][gc,phases   ] GC(13)   Other: 0.12ms
[9.337s][info][gc,heap     ] GC(13) Eden regions: 143->0(135)
[9.337s][info][gc,heap     ] GC(13) Survivor regions: 10->10(20)
[9.337s][info][gc,heap     ] GC(13) Old regions: 11->11
[9.337s][info][gc,heap     ] GC(13) Humongous regions: 24->0
[9.337s][info][gc,metaspace] GC(13) Metaspace: 28294K(28672K)->28294K(28672K) NonClass: 26225K(26432K)->26225K(26432K) Class: 2069K(2240K)->2069K(2240K)
[9.337s][info][gc          ] GC(13) Pause Young (Normal) (G1 Evacuation Pause) 186M->19M(256M) 11.026ms
[9.337s][info][gc,cpu      ] GC(13) User=0.02s Sys=0.00s Real=0.01s
[10.520s][info][gc,start    ] GC(14) Pause Young (Normal) (G1 Evacuation Pause)
[10.520s][info][gc,task     ] GC(14) Using 2 workers of 2 for evacuation
[10.536s][info][gc,phases   ] GC(14)   Pre Evacuate Collection Set: 0.15ms
[10.536s][info][gc,phases   ] GC(14)   Merge Heap Roots: 0.06ms
[10.536s][info][gc,phases   ] GC(14)   Evacuate Collection Set: 15.17ms
[10.536s][info][gc,phases   ] GC(14)   Post Evacuate Collection Set: 0.45ms
[10.536s][info][gc,phases   ] GC(14)   Other: 0.10ms
[10.536s][info][gc,heap     ] GC(14) Eden regions: 135->0(137)
[10.536s][info][gc,heap     ] GC(14) Survivor regions: 10->16(19)
[10.536s][info][gc,heap     ] GC(14) Old regions: 11->11
[10.536s][info][gc,heap     ] GC(14) Humongous regions: 0->0
[10.536s][info][gc,metaspace] GC(14) Metaspace: 28510K(28864K)->28510K(28864K) NonClass: 26421K(26624K)->26421K(26624K) Class: 2089K(2240K)->2089K(2240K)
[10.536s][info][gc          ] GC(14) Pause Young (Normal) (G1 Evacuation Pause) 154M->26M(256M) 16.132ms
[10.536s][info][gc,cpu      ] GC(14) User=0.03s Sys=0.00s Real=0.02s
[11.774s][info][gc,start    ] GC(15) Pause Young (Normal) (G1 Evacuation Pause)
[11.774s][info][gc,task     ] GC(15) Using 2 workers of 2 for evacuation
[11.784s][info][gc,phases   ] GC(15)   Pre Evacuate Collection Set: 0.16ms
[11.784s][info][gc,phases   ] GC(15)   Merge Heap Roots: 0.05ms
[11.784s][info][gc,phases   ] GC(15)   Evacuate Collection Set: 9.09ms
[11.784s][info][gc,phases   ] GC(15)   Post Evacuate Collection Set: 0.45ms
[11.784s][info][gc,phases   ] GC(15)   Other: 0.12ms
[11.784s][info][gc,heap     ] GC(15) Eden regions: 137->0(151)
[11.784s][info][gc,heap     ] GC(15) Survivor regions: 16->2(20)
[11.784s][info][gc,heap     ] GC(15) Old regions: 11->19
[11.784s][info][gc,heap     ] GC(15) Humongous regions: 0->0
[11.784s][info][gc,metaspace] GC(15) Metaspace: 28560K(28928K)->28560K(28928K) NonClass: 26468K(26688K)->26468K(26688K) Class: 2091K(2240K)->2091K(2240K)
[11.784s][info][gc          ] GC(15) Pause Young (Normal) (G1 Evacuation Pause) 163M->19M(256M) 10.036ms
[11.784s][info][gc,cpu      ] GC(15) User=0.02s Sys=0.00s Real=0.01s
[12.838s][info][gc,start    ] GC(16) Pause Young (Normal) (G1 Evacuation Pause)
[12.838s][info][gc,task     ] GC(16) Using 2 workers of 2 for evacuation
[12.856s][info][gc,phases   ] GC(16)   Pre Evacuate Collection Set: 0.18ms
[12.856s][info][gc,phases   ] GC(16)   Merge Heap Roots: 0.06ms
[12.856s][info][gc,phases   ] GC(16)   Evacuate Collection Set: 16.75ms
[12.856s][info][gc,phases   ] GC(16)   Post Evacuate Collection Set: 0.51ms
[12.856s][info][gc,phases   ] GC(16)   Other: 0.11ms
[12.856s][info][gc,heap     ] GC(16) Eden regions: 151->0(137)
[12.856s][info][gc,heap     ] GC(16) Survivor regions: 2->16(20)
[12.856s][info][gc,heap     ] GC(16) Old regions: 19->19
[12.856s][info][gc,heap     ] GC(16) Humongous regions: 0->0
[12.856s][info][gc,metaspace] GC(16) Metaspace: 28569K(28928K)->28569K(28928K) NonClass: 26477K(26688K)->26477K(26688K) Class: 2091K(2240K)->2091K(2240K)
[12.856s][info][gc          ] GC(16) Pause Young (Normal) (G1 Evacuation Pause) 170M->33M(256M) 17.810ms
[12.856s][info][gc,cpu      ] GC(16) User=0.03s Sys=0.00s Real=0.02s
[13.819s][info][gc,start    ] GC(17) Pause Young (Normal) (G1 Evacuation Pause)
[13.819s][info][gc,task     ] GC(17) Using 2 workers of 2 for evacuation
[13.854s][info][gc,phases   ] GC(17)   Pre Evacuate Collection Set: 0.17ms
[13.854s][info][gc,phases   ] GC(17)   Merge Heap Roots: 0.07ms
[13.854s][info][gc,phases   ] GC(17)   Evacuate Collection Set: 34.58ms
[13.854s][info][gc,phases   ] GC(17)   Post Evacuate Collection Set: 0.39ms
[13.854s][info][gc,phases   ] GC(17)   Other: 0.11ms
[13.854s][info][gc,heap     ] GC(17) Eden regions: 137->0(140)
[13.854s][info][gc,heap     ] GC(17) Survivor regions: 16->13(20)
[13.854s][info][gc,heap     ] GC(17) Old regions: 19->35
[13.854s][info][gc,heap     ] GC(17) Humongous regions: 0->0
[13.854s][info][gc,metaspace] GC(17) Metaspace: 28584K(28928K)->28584K(28928K) NonClass: 26492K(26688K)->26492K(26688K) Class: 2091K(2240K)->2091K(2240K)
[13.855s][info][gc          ] GC(17) Pause Young (Normal) (G1 Evacuation Pause) 170M->46M(256M) 35.508ms
[13.855s][info][gc,cpu      ] GC(17) User=0.07s Sys=0.01s Real=0.04s
[14.709s][info][gc,start    ] GC(18) Pause Young (Normal) (G1 Evacuation Pause)
[14.709s][info][gc,task     ] GC(18) Using 2 workers of 2 for evacuation
[14.736s][info][gc,phases   ] GC(18)   Pre Evacuate Collection Set: 0.17ms
[14.736s][info][gc,phases   ] GC(18)   Merge Heap Roots: 0.06ms
[14.736s][info][gc,phases   ] GC(18)   Evacuate Collection Set: 26.03ms
[14.736s][info][gc,phases   ] GC(18)   Post Evacuate Collection Set: 0.34ms
[14.736s][info][gc,phases   ] GC(18)   Other: 0.08ms
[14.736s][info][gc,heap     ] GC(18) Eden regions: 140->0(138)
[14.736s][info][gc,heap     ] GC(18) Survivor regions: 13->15(20)
[14.736s][info][gc,heap     ] GC(18) Old regions: 35->48
[14.736s][info][gc,heap     ] GC(18) Humongous regions: 3->3
[14.736s][info][gc,metaspace] GC(18) Metaspace: 28640K(29056K)->28640K(29056K) NonClass: 26547K(26816K)->26547K(26816K) Class: 2092K(2240K)->2092K(2240K)
[14.736s][info][gc          ] GC(18) Pause Young (Normal) (G1 Evacuation Pause) 189M->64M(256M) 26.893ms
[14.736s][info][gc,cpu      ] GC(18) User=0.05s Sys=0.01s Real=0.03s
[15.155s][info][gc,start    ] GC(19) Pause Young (Normal) (G1 Evacuation Pause)
[15.155s][info][gc,task     ] GC(19) Using 2 workers of 2 for evacuation
[15.186s][info][gc,phases   ] GC(19)   Pre Evacuate Collection Set: 0.16ms
[15.186s][info][gc,phases   ] GC(19)   Merge Heap Roots: 0.08ms
[15.186s][info][gc,phases   ] GC(19)   Evacuate Collection Set: 30.20ms
[15.186s][info][gc,phases   ] GC(19)   Post Evacuate Collection Set: 0.34ms
[15.186s][info][gc,phases   ] GC(19)   Other: 0.09ms
[15.186s][info][gc,heap     ] GC(19) Eden regions: 138->0(132)
[15.186s][info][gc,heap     ] GC(19) Survivor regions: 15->17(20)
[15.186s][info][gc,heap     ] GC(19) Old regions: 48->62
[15.186s][info][gc,heap     ] GC(19) Humongous regions: 4->4
[15.186s][info][gc,metaspace] GC(19) Metaspace: 28674K(29056K)->28674K(29056K) NonClass: 26572K(26816K)->26572K(26816K) Class: 2101K(2240K)->2101K(2240K)
[15.186s][info][gc          ] GC(19) Pause Young (Normal) (G1 Evacuation Pause) 203M->82M(256M) 31.080ms
[15.186s][info][gc,cpu      ] GC(19) User=0.06s Sys=0.00s Real=0.03s
[15.579s][info][gc,start    ] GC(20) Pause Young (Normal) (G1 Evacuation Pause)
[15.579s][info][gc,task     ] GC(20) Using 2 workers of 2 for evacuation
[15.618s][info][gc,phases   ] GC(20)   Pre Evacuate Collection Set: 0.17ms
[15.618s][info][gc,phases   ] GC(20)   Merge Heap Roots: 0.08ms
[15.618s][info][gc,phases   ] GC(20)   Evacuate Collection Set: 37.94ms
[15.618s][info][gc,phases   ] GC(20)   Post Evacuate Collection Set: 0.36ms
[15.618s][info][gc,phases   ] GC(20)   Other: 0.10ms
[15.618s][info][gc,heap     ] GC(20) Eden regions: 132->0(117)
[15.618s][info][gc,heap     ] GC(20) Survivor regions: 17->17(19)
[15.618s][info][gc,heap     ] GC(20) Old regions: 62->80
[15.618s][info][gc,heap     ] GC(20) Humongous regions: 6->6
[15.618s][info][gc,metaspace] GC(20) Metaspace: 28731K(29184K)->28731K(29184K) NonClass: 26625K(26880K)->26625K(26880K) Class: 2106K(2304K)->2106K(2304K)
[15.618s][info][gc          ] GC(20) Pause Young (Normal) (G1 Evacuation Pause) 216M->101M(256M) 38.893ms
[15.618s][info][gc,cpu      ] GC(20) User=0.07s Sys=0.00s Real=0.04s
[15.935s][info][gc,start    ] GC(21) Pause Young (Normal) (G1 Evacuation Pause)
[15.935s][info][gc,task     ] GC(21) Using 2 workers of 2 for evacuation
[15.973s][info][gc,phases   ] GC(21)   Pre Evacuate Collection Set: 0.17ms
[15.973s][info][gc,phases   ] GC(21)   Merge Heap Roots: 0.08ms
[15.973s][info][gc,phases   ] GC(21)   Evacuate Collection Set: 37.30ms
[15.973s][info][gc,phases   ] GC(21)   Post Evacuate Collection Set: 0.34ms
[15.973s][info][gc,phases   ] GC(21)   Other: 0.09ms
[15.974s][info][gc,heap     ] GC(21) Eden regions: 117->0(108)
[15.974s][info][gc,heap     ] GC(21) Survivor regions: 17->14(17)
[15.974s][info][gc,heap     ] GC(21) Old regions: 80->96
[15.974s][info][gc,heap     ] GC(21) Humongous regions: 6->6
[15.974s][info][gc,metaspace] GC(21) Metaspace: 28734K(29184K)->28734K(29184K) NonClass: 26628K(26880K)->26628K(26880K) Class: 2106K(2304K)->2106K(2304K)
[15.974s][info][gc          ] GC(21) Pause Young (Normal) (G1 Evacuation Pause) 218M->114M(256M) 38.161ms
[15.974s][info][gc,cpu      ] GC(21) User=0.08s Sys=0.00s Real=0.04s
[16.254s][info][gc,start    ] GC(22) Pause Young (Normal) (G1 Evacuation Pause)
[16.254s][info][gc,task     ] GC(22) Using 2 workers of 2 for evacuation
[16.282s][info][gc,phases   ] GC(22)   Pre Evacuate Collection Set: 0.22ms
[16.282s][info][gc,phases   ] GC(22)   Merge Heap Roots: 0.07ms
[16.282s][info][gc,phases   ] GC(22)   Evacuate Collection Set: 27.13ms
[16.282s][info][gc,phases   ] GC(22)   Post Evacuate Collection Set: 0.34ms
[16.282s][info][gc,phases   ] GC(22)   Other: 0.08ms
[16.282s][info][gc,heap     ] GC(22) Eden regions: 108->0(99)
[16.282s][info][gc,heap     ] GC(22) Survivor regions: 14->13(16)
[16.282s][info][gc,heap     ] GC(22) Old regions: 96->109
[16.282s][info][gc,heap     ] GC(22) Humongous regions: 6->6
[16.282s][info][gc,metaspace] GC(22) Metaspace: 28735K(29184K)->28735K(29184K) NonClass: 26629K(26880K)->26629K(26880K) Class: 2106K(2304K)->2106K(2304K)
[16.282s][info][gc          ] GC(22) Pause Young (Normal) (G1 Evacuation Pause) 222M->127M(256M) 28.016ms
[16.282s][info][gc,cpu      ] GC(22) User=0.06s Sys=0.00s Real=0.03s
[16.359s][info][gc,start    ] GC(23) Pause Young (Concurrent Start) (G1 Humongous Allocation)
[16.359s][info][gc,task     ] GC(23) Using 2 workers of 2 for evacuation
[16.378s][info][gc,phases   ] GC(23)   Pre Evacuate Collection Set: 0.17ms
[16.378s][info][gc,phases   ] GC(23)   Merge Heap Roots: 0.07ms
[16.378s][info][gc,phases   ] GC(23)   Evacuate Collection Set: 17.65ms
[16.378s][info][gc,phases   ] GC(23)   Post Evacuate Collection Set: 1.35ms
[16.378s][info][gc,phases   ] GC(23)   Other: 0.12ms
[16.378s][info][gc,heap     ] GC(23) Eden regions: 31->0(166)
[16.378s][info][gc,heap     ] GC(23) Survivor regions: 13->4(14)
[16.378s][info][gc,heap     ] GC(23) Old regions: 109->122
[16.378s][info][gc,heap     ] GC(23) Humongous regions: 6->6
[16.378s][info][gc,metaspace] GC(23) Metaspace: 28735K(29184K)->28735K(29184K) NonClass: 26629K(26880K)->26629K(26880K) Class: 2106K(2304K)->2106K(2304K)
[16.378s][info][gc          ] GC(23) Pause Young (Concurrent Start) (G1 Humongous Allocation) 157M->130M(347M) 19.545ms
[16.378s][info][gc,cpu      ] GC(23) User=0.03s Sys=0.01s Real=0.02s
[16.378s][info][gc          ] GC(24) Concurrent Undo Cycle
[16.378s][info][gc,marking  ] GC(24) Concurrent Clear Claimed Marks
[16.378s][info][gc,marking  ] GC(24) Concurrent Clear Claimed Marks 0.034ms
[16.378s][info][gc,marking  ] GC(24) Concurrent Cleanup for Next Mark
[16.379s][info][gc,marking  ] GC(24) Concurrent Cleanup for Next Mark 0.115ms
[16.379s][info][gc          ] GC(24) Concurrent Undo Cycle 0.257ms
[17.064s][info][gc,start    ] GC(25) Pause Young (Normal) (G1 Evacuation Pause)
[17.064s][info][gc,task     ] GC(25) Using 2 workers of 2 for evacuation
[17.103s][info][gc,phases   ] GC(25)   Pre Evacuate Collection Set: 0.26ms
[17.103s][info][gc,phases   ] GC(25)   Merge Heap Roots: 0.17ms
[17.103s][info][gc,phases   ] GC(25)   Evacuate Collection Set: 37.43ms
[17.103s][info][gc,phases   ] GC(25)   Post Evacuate Collection Set: 0.44ms
[17.103s][info][gc,phases   ] GC(25)   Other: 0.13ms
[17.103s][info][gc,heap     ] GC(25) Eden regions: 166->0(135)
[17.103s][info][gc,heap     ] GC(25) Survivor regions: 4->22(22)
[17.103s][info][gc,heap     ] GC(25) Old regions: 122->131
[17.103s][info][gc,heap     ] GC(25) Humongous regions: 10->10
[17.103s][info][gc,metaspace] GC(25) Metaspace: 28735K(29184K)->28735K(29184K) NonClass: 26629K(26880K)->26629K(26880K) Class: 2106K(2304K)->2106K(2304K)
[17.103s][info][gc          ] GC(25) Pause Young (Normal) (G1 Evacuation Pause) 300M->162M(347M) 38.660ms
[17.103s][info][gc,cpu      ] GC(25) User=0.08s Sys=0.00s Real=0.04s
[18.536s][info][gc,start    ] GC(26) Pause Young (Normal) (G1 Evacuation Pause)
[18.536s][info][gc,task     ] GC(26) Using 2 workers of 2 for evacuation
[18.600s][info][gc,phases   ] GC(26)   Pre Evacuate Collection Set: 0.21ms
[18.600s][info][gc,phases   ] GC(26)   Merge Heap Roots: 0.26ms
[18.600s][info][gc,phases   ] GC(26)   Evacuate Collection Set: 62.88ms
[18.600s][info][gc,phases   ] GC(26)   Post Evacuate Collection Set: 0.39ms
[18.600s][info][gc,phases   ] GC(26)   Other: 0.12ms
[18.600s][info][gc,heap     ] GC(26) Eden regions: 135->0(115)
[18.600s][info][gc,heap     ] GC(26) Survivor regions: 22->20(20)
[18.600s][info][gc,heap     ] GC(26) Old regions: 131->158
[18.600s][info][gc,heap     ] GC(26) Humongous regions: 18->16
[18.600s][info][gc,metaspace] GC(26) Metaspace: 28761K(29184K)->28761K(29184K) NonClass: 26655K(26880K)->26655K(26880K) Class: 2106K(2304K)->2106K(2304K)
[18.600s][info][gc          ] GC(26) Pause Young (Normal) (G1 Evacuation Pause) 305M->192M(353M) 64.043ms
[18.600s][info][gc,cpu      ] GC(26) User=0.12s Sys=0.01s Real=0.06s
[19.113s][info][gc,start    ] GC(27) Pause Young (Concurrent Start) (G1 Humongous Allocation)
[19.114s][info][gc,task     ] GC(27) Using 2 workers of 2 for evacuation
[19.149s][info][gc,phases   ] GC(27)   Pre Evacuate Collection Set: 0.18ms
[19.149s][info][gc,phases   ] GC(27)   Merge Heap Roots: 0.14ms
[19.149s][info][gc,phases   ] GC(27)   Evacuate Collection Set: 34.18ms
[19.149s][info][gc,phases   ] GC(27)   Post Evacuate Collection Set: 0.36ms
[19.149s][info][gc,phases   ] GC(27)   Other: 0.14ms
[19.149s][info][gc,heap     ] GC(27) Eden regions: 96->0(106)
[19.149s][info][gc,heap     ] GC(27) Survivor regions: 20->14(17)
[19.149s][info][gc,heap     ] GC(27) Old regions: 158->178
[19.149s][info][gc,heap     ] GC(27) Humongous regions: 16->16
[19.149s][info][gc,metaspace] GC(27) Metaspace: 28798K(29248K)->28798K(29248K) NonClass: 26689K(26944K)->26689K(26944K) Class: 2109K(2304K)->2109K(2304K)
[19.149s][info][gc          ] GC(27) Pause Young (Concurrent Start) (G1 Humongous Allocation) 288M->206M(353M) 35.168ms
[19.149s][info][gc,cpu      ] GC(27) User=0.07s Sys=0.00s Real=0.03s
[19.149s][info][gc          ] GC(28) Concurrent Mark Cycle
[19.149s][info][gc,marking  ] GC(28) Concurrent Scan Root Regions
[19.210s][info][gc,marking  ] GC(28) Concurrent Scan Root Regions 61.379ms
[19.210s][info][gc,marking  ] GC(28) Concurrent Mark
[19.210s][info][gc,marking  ] GC(28) Concurrent Mark From Roots
[19.210s][info][gc,task     ] GC(28) Using 1 workers of 1 for marking
[19.276s][info][gc,marking  ] GC(28) Concurrent Mark From Roots 65.398ms
[19.276s][info][gc,marking  ] GC(28) Concurrent Preclean
[19.276s][info][gc,marking  ] GC(28) Concurrent Preclean 0.033ms
[19.276s][info][gc,start    ] GC(28) Pause Remark
[19.287s][info][gc          ] GC(28) Pause Remark 257M->207M(353M) 11.609ms
[19.287s][info][gc,cpu      ] GC(28) User=0.02s Sys=0.00s Real=0.01s
[19.287s][info][gc,marking  ] GC(28) Concurrent Mark 77.321ms
[19.287s][info][gc,marking  ] GC(28) Concurrent Rebuild Remembered Sets and Scrub Regions
[19.369s][info][gc,marking  ] GC(28) Concurrent Rebuild Remembered Sets and Scrub Regions 81.941ms
[19.370s][info][gc,start    ] GC(28) Pause Cleanup
[19.370s][info][gc          ] GC(28) Pause Cleanup 241M->241M(353M) 0.110ms
[19.370s][info][gc,cpu      ] GC(28) User=0.00s Sys=0.00s Real=0.00s
[19.370s][info][gc,marking  ] GC(28) Concurrent Clear Claimed Marks
[19.370s][info][gc,marking  ] GC(28) Concurrent Clear Claimed Marks 0.048ms
[19.370s][info][gc,marking  ] GC(28) Concurrent Cleanup for Next Mark
[19.373s][info][gc,marking  ] GC(28) Concurrent Cleanup for Next Mark 3.258ms
[19.373s][info][gc          ] GC(28) Concurrent Mark Cycle 224.713ms
[19.424s][info][gc,start    ] GC(29) Pause Young (Prepare Mixed) (G1 Evacuation Pause)
[19.424s][info][gc,task     ] GC(29) Using 2 workers of 2 for evacuation
[19.441s][info][gc,phases   ] GC(29)   Pre Evacuate Collection Set: 0.20ms
[19.441s][info][gc,phases   ] GC(29)   Merge Heap Roots: 0.06ms
[19.441s][info][gc,phases   ] GC(29)   Evacuate Collection Set: 16.32ms
[19.441s][info][gc,phases   ] GC(29)   Post Evacuate Collection Set: 0.33ms
[19.441s][info][gc,phases   ] GC(29)   Other: 0.09ms
[19.441s][info][gc,heap     ] GC(29) Eden regions: 106->0(130)
[19.441s][info][gc,heap     ] GC(29) Survivor regions: 14->15(15)
[19.441s][info][gc,heap     ] GC(29) Old regions: 144->148
[19.441s][info][gc,heap     ] GC(29) Humongous regions: 2->2
[19.441s][info][gc,metaspace] GC(29) Metaspace: 28798K(29248K)->28798K(29248K) NonClass: 26689K(26944K)->26689K(26944K) Class: 2109K(2304K)->2109K(2304K)
[19.441s][info][gc          ] GC(29) Pause Young (Prepare Mixed) (G1 Evacuation Pause) 264M->163M(353M) 17.164ms
[19.441s][info][gc,cpu      ] GC(29) User=0.03s Sys=0.00s Real=0.02s
[19.732s][info][gc,start    ] GC(30) Pause Young (Mixed) (G1 Evacuation Pause)
[19.732s][info][gc,task     ] GC(30) Using 2 workers of 2 for evacuation
[19.765s][info][gc,phases   ] GC(30)   Pre Evacuate Collection Set: 0.26ms
[19.765s][info][gc,phases   ] GC(30)   Merge Heap Roots: 0.18ms
[19.765s][info][gc,phases   ] GC(30)   Evacuate Collection Set: 31.94ms
[19.765s][info][gc,phases   ] GC(30)   Post Evacuate Collection Set: 0.40ms
[19.765s][info][gc,phases   ] GC(30)   Other: 0.11ms
[19.765s][info][gc,heap     ] GC(30) Eden regions: 130->0(144)
[19.765s][info][gc,heap     ] GC(30) Survivor regions: 15->16(19)
[19.765s][info][gc,heap     ] GC(30) Old regions: 148->127
[19.765s][info][gc,heap     ] GC(30) Humongous regions: 3->3
[19.765s][info][gc,metaspace] GC(30) Metaspace: 28798K(29248K)->28798K(29248K) NonClass: 26689K(26944K)->26689K(26944K) Class: 2109K(2304K)->2109K(2304K)
[19.765s][info][gc          ] GC(30) Pause Young (Mixed) (G1 Evacuation Pause) 294M->144M(353M) 33.098ms
[19.765s][info][gc,cpu      ] GC(30) User=0.07s Sys=0.00s Real=0.03s
[20.129s][info][gc,start    ] GC(31) Pause Young (Mixed) (G1 Evacuation Pause)
[20.129s][info][gc,task     ] GC(31) Using 2 workers of 2 for evacuation
[20.171s][info][gc,phases   ] GC(31)   Pre Evacuate Collection Set: 0.20ms
[20.171s][info][gc,phases   ] GC(31)   Merge Heap Roots: 0.58ms
[20.171s][info][gc,phases   ] GC(31)   Evacuate Collection Set: 41.24ms
[20.171s][info][gc,phases   ] GC(31)   Post Evacuate Collection Set: 0.47ms
[20.171s][info][gc,phases   ] GC(31)   Other: 0.11ms
[20.171s][info][gc,heap     ] GC(31) Eden regions: 144->0(154)
[20.171s][info][gc,heap     ] GC(31) Survivor regions: 16->17(20)
[20.171s][info][gc,heap     ] GC(31) Old regions: 127->111
[20.171s][info][gc,heap     ] GC(31) Humongous regions: 5->5
[20.171s][info][gc,metaspace] GC(31) Metaspace: 28798K(29248K)->28798K(29248K) NonClass: 26689K(26944K)->26689K(26944K) Class: 2109K(2304K)->2109K(2304K)
[20.171s][info][gc          ] GC(31) Pause Young (Mixed) (G1 Evacuation Pause) 290M->131M(353M) 42.797ms
[20.171s][info][gc,cpu      ] GC(31) User=0.08s Sys=0.00s Real=0.05s
[20.514s][info][gc,start    ] GC(32) Pause Young (Mixed) (G1 Evacuation Pause)
[20.514s][info][gc,task     ] GC(32) Using 2 workers of 2 for evacuation
[20.559s][info][gc,phases   ] GC(32)   Pre Evacuate Collection Set: 0.22ms
[20.559s][info][gc,phases   ] GC(32)   Merge Heap Roots: 0.24ms
[20.559s][info][gc,phases   ] GC(32)   Evacuate Collection Set: 42.42ms
[20.559s][info][gc,phases   ] GC(32)   Post Evacuate Collection Set: 1.94ms
[20.559s][info][gc,phases   ] GC(32)   Other: 0.09ms
[20.559s][info][gc,heap     ] GC(32) Eden regions: 154->0(219)
[20.559s][info][gc,heap     ] GC(32) Survivor regions: 17->18(22)
[20.559s][info][gc,heap     ] GC(32) Old regions: 111->116
[20.559s][info][gc,heap     ] GC(32) Humongous regions: 5->5
[20.559s][info][gc,metaspace] GC(32) Metaspace: 28799K(29248K)->28799K(29248K) NonClass: 26690K(26944K)->26690K(26944K) Class: 2109K(2304K)->2109K(2304K)
[20.559s][info][gc          ] GC(32) Pause Young (Mixed) (G1 Evacuation Pause) 285M->138M(478M) 45.112ms
[20.559s][info][gc,cpu      ] GC(32) User=0.08s Sys=0.00s Real=0.04s
[22.028s][info][gc,start    ] GC(33) Pause Young (Normal) (G1 Evacuation Pause)
[22.028s][info][gc,task     ] GC(33) Using 2 workers of 2 for evacuation
[22.087s][info][gc,phases   ] GC(33)   Pre Evacuate Collection Set: 0.24ms
[22.087s][info][gc,phases   ] GC(33)   Merge Heap Roots: 0.16ms
[22.087s][info][gc,phases   ] GC(33)   Evacuate Collection Set: 58.39ms
[22.087s][info][gc,phases   ] GC(33)   Post Evacuate Collection Set: 0.53ms
[22.087s][info][gc,phases   ] GC(33)   Other: 0.16ms
[22.088s][info][gc,heap     ] GC(33) Eden regions: 219->0(199)
[22.088s][info][gc,heap     ] GC(33) Survivor regions: 18->24(30)
[22.088s][info][gc,heap     ] GC(33) Old regions: 116->134
[22.088s][info][gc,heap     ] GC(33) Humongous regions: 17->15
[22.088s][info][gc,metaspace] GC(33) Metaspace: 28799K(29248K)->28799K(29248K) NonClass: 26690K(26944K)->26690K(26944K) Class: 2109K(2304K)->2109K(2304K)
[22.088s][info][gc          ] GC(33) Pause Young (Normal) (G1 Evacuation Pause) 369M->171M(478M) 59.678ms
[22.088s][info][gc,cpu      ] GC(33) User=0.11s Sys=0.00s Real=0.06s
[22.919s][info][gc,start    ] GC(34) Pause Young (Normal) (G1 Evacuation Pause)
[22.919s][info][gc,task     ] GC(34) Using 2 workers of 2 for evacuation
[22.955s][info][gc,phases   ] GC(34)   Pre Evacuate Collection Set: 0.28ms
[22.956s][info][gc,phases   ] GC(34)   Merge Heap Roots: 0.22ms
[22.956s][info][gc,phases   ] GC(34)   Evacuate Collection Set: 35.74ms
[22.956s][info][gc,phases   ] GC(34)   Post Evacuate Collection Set: 0.44ms
[22.956s][info][gc,phases   ] GC(34)   Other: 0.11ms
[22.956s][info][gc,heap     ] GC(34) Eden regions: 199->0(209)
[22.956s][info][gc,heap     ] GC(34) Survivor regions: 24->8(28)
[22.956s][info][gc,heap     ] GC(34) Old regions: 134->157
[22.956s][info][gc,heap     ] GC(34) Humongous regions: 15->15
[22.956s][info][gc,metaspace] GC(34) Metaspace: 28849K(29312K)->28849K(29312K) NonClass: 26740K(27008K)->26740K(27008K) Class: 2109K(2304K)->2109K(2304K)
[22.956s][info][gc          ] GC(34) Pause Young (Normal) (G1 Evacuation Pause) 370M->178M(478M) 36.996ms
[22.956s][info][gc,cpu      ] GC(34) User=0.07s Sys=0.00s Real=0.04s
[24.055s][info][gc,start    ] GC(35) Pause Young (Normal) (G1 Evacuation Pause)
[24.055s][info][gc,task     ] GC(35) Using 2 workers of 2 for evacuation
[24.059s][info][gc,phases   ] GC(35)   Pre Evacuate Collection Set: 0.22ms
[24.059s][info][gc,phases   ] GC(35)   Merge Heap Roots: 0.08ms
[24.059s][info][gc,phases   ] GC(35)   Evacuate Collection Set: 3.97ms
[24.059s][info][gc,phases   ] GC(35)   Post Evacuate Collection Set: 0.38ms
[24.059s][info][gc,phases   ] GC(35)   Other: 0.09ms
[24.059s][info][gc,heap     ] GC(35) Eden regions: 209->0(222)
[24.059s][info][gc,heap     ] GC(35) Survivor regions: 8->7(28)
[24.059s][info][gc,heap     ] GC(35) Old regions: 157->157
[24.059s][info][gc,heap     ] GC(35) Humongous regions: 15->15
[24.059s][info][gc,metaspace] GC(35) Metaspace: 28854K(29312K)->28854K(29312K) NonClass: 26744K(27008K)->26744K(27008K) Class: 2109K(2304K)->2109K(2304K)
[24.060s][info][gc          ] GC(35) Pause Young (Normal) (G1 Evacuation Pause) 387M->177M(478M) 4.916ms
[24.060s][info][gc,cpu      ] GC(35) User=0.01s Sys=0.00s Real=0.00s
[25.186s][info][gc,start    ] GC(36) Pause Young (Normal) (G1 Evacuation Pause)
[25.186s][info][gc,task     ] GC(36) Using 2 workers of 2 for evacuation
[25.202s][info][gc,phases   ] GC(36)   Pre Evacuate Collection Set: 0.26ms
[25.202s][info][gc,phases   ] GC(36)   Merge Heap Roots: 0.05ms
[25.202s][info][gc,phases   ] GC(36)   Evacuate Collection Set: 14.79ms
[25.202s][info][gc,phases   ] GC(36)   Post Evacuate Collection Set: 0.42ms
[25.202s][info][gc,phases   ] GC(36)   Other: 0.08ms
[25.202s][info][gc,heap     ] GC(36) Eden regions: 222->0(222)
[25.202s][info][gc,heap     ] GC(36) Survivor regions: 7->16(29)
[25.202s][info][gc,heap     ] GC(36) Old regions: 157->157
[25.202s][info][gc,heap     ] GC(36) Humongous regions: 15->15
[25.202s][info][gc,metaspace] GC(36) Metaspace: 28862K(29312K)->28862K(29312K) NonClass: 26753K(27008K)->26753K(27008K) Class: 2109K(2304K)->2109K(2304K)
[25.202s][info][gc          ] GC(36) Pause Young (Normal) (G1 Evacuation Pause) 399M->186M(478M) 15.787ms
[25.202s][info][gc,cpu      ] GC(36) User=0.03s Sys=0.00s Real=0.02s
[26.394s][info][gc,start    ] GC(37) Pause Young (Normal) (G1 Evacuation Pause)
[26.394s][info][gc,task     ] GC(37) Using 2 workers of 2 for evacuation
[26.399s][info][gc,phases   ] GC(37)   Pre Evacuate Collection Set: 0.22ms
[26.399s][info][gc,phases   ] GC(37)   Merge Heap Roots: 0.07ms
[26.399s][info][gc,phases   ] GC(37)   Evacuate Collection Set: 3.71ms
[26.399s][info][gc,phases   ] GC(37)   Post Evacuate Collection Set: 0.39ms
[26.399s][info][gc,phases   ] GC(37)   Other: 0.07ms
[26.399s][info][gc,heap     ] GC(37) Eden regions: 222->0(237)
[26.399s][info][gc,heap     ] GC(37) Survivor regions: 16->2(30)
[26.399s][info][gc,heap     ] GC(37) Old regions: 157->161
[26.399s][info][gc,heap     ] GC(37) Humongous regions: 16->15
[26.399s][info][gc,metaspace] GC(37) Metaspace: 28877K(29312K)->28877K(29312K) NonClass: 26768K(27008K)->26768K(27008K) Class: 2109K(2304K)->2109K(2304K)
[26.399s][info][gc          ] GC(37) Pause Young (Normal) (G1 Evacuation Pause) 409M->176M(478M) 4.633ms
[26.399s][info][gc,cpu      ] GC(37) User=0.01s Sys=0.00s Real=0.00s
[29.073s][info][gc,start    ] GC(38) Pause Young (Normal) (G1 Evacuation Pause)
[29.073s][info][gc,task     ] GC(38) Using 2 workers of 2 for evacuation
[29.098s][info][gc,phases   ] GC(38)   Pre Evacuate Collection Set: 0.22ms
[29.098s][info][gc,phases   ] GC(38)   Merge Heap Roots: 0.10ms
[29.098s][info][gc,phases   ] GC(38)   Evacuate Collection Set: 23.25ms
[29.098s][info][gc,phases   ] GC(38)   Post Evacuate Collection Set: 0.53ms
[29.098s][info][gc,phases   ] GC(38)   Other: 0.09ms
[29.098s][info][gc,heap     ] GC(38) Eden regions: 237->0(223)
[29.098s][info][gc,heap     ] GC(38) Survivor regions: 2->20(30)
[29.098s][info][gc,heap     ] GC(38) Old regions: 161->161
[29.098s][info][gc,heap     ] GC(38) Humongous regions: 21->17
[29.098s][info][gc,metaspace] GC(38) Metaspace: 32755K(33152K)->32755K(33152K) NonClass: 30453K(30720K)->30453K(30720K) Class: 2301K(2432K)->2301K(2432K)
[29.098s][info][gc          ] GC(38) Pause Young (Normal) (G1 Evacuation Pause) 419M->196M(478M) 24.376ms
[29.098s][info][gc,cpu      ] GC(38) User=0.05s Sys=0.00s Real=0.02s
[31.648s][info][gc,start    ] GC(39) Pause Young (Normal) (G1 Evacuation Pause)
[31.649s][info][gc,task     ] GC(39) Using 2 workers of 2 for evacuation
[31.675s][info][gc,phases   ] GC(39)   Pre Evacuate Collection Set: 0.22ms
[31.675s][info][gc,phases   ] GC(39)   Merge Heap Roots: 0.10ms
[31.675s][info][gc,phases   ] GC(39)   Evacuate Collection Set: 25.04ms
[31.675s][info][gc,phases   ] GC(39)   Post Evacuate Collection Set: 0.52ms
[31.675s][info][gc,phases   ] GC(39)   Other: 0.10ms
[31.675s][info][gc,heap     ] GC(39) Eden regions: 223->0(219)
[31.675s][info][gc,heap     ] GC(39) Survivor regions: 20->12(31)
[31.675s][info][gc,heap     ] GC(39) Old regions: 161->179
[31.675s][info][gc,heap     ] GC(39) Humongous regions: 32->17
[31.675s][info][gc,metaspace] GC(39) Metaspace: 33853K(34240K)->33853K(34240K) NonClass: 31545K(31808K)->31545K(31808K) Class: 2308K(2432K)->2308K(2432K)
[31.675s][info][gc          ] GC(39) Pause Young (Normal) (G1 Evacuation Pause) 434M->206M(478M) 26.171ms
[31.675s][info][gc,cpu      ] GC(39) User=0.05s Sys=0.00s Real=0.03s
[33.433s][info][gc,start    ] GC(40) Pause Young (Normal) (G1 Evacuation Pause)
[33.433s][info][gc,task     ] GC(40) Using 2 workers of 2 for evacuation
[33.454s][info][gc,phases   ] GC(40)   Pre Evacuate Collection Set: 0.29ms
[33.454s][info][gc,phases   ] GC(40)   Merge Heap Roots: 0.08ms
[33.454s][info][gc,phases   ] GC(40)   Evacuate Collection Set: 19.71ms
[33.454s][info][gc,phases   ] GC(40)   Post Evacuate Collection Set: 0.49ms
[33.454s][info][gc,phases   ] GC(40)   Other: 0.11ms
[33.454s][info][gc,heap     ] GC(40) Eden regions: 219->0(208)
[33.454s][info][gc,heap     ] GC(40) Survivor regions: 12->20(29)
[33.454s][info][gc,heap     ] GC(40) Old regions: 179->179
[33.454s][info][gc,heap     ] GC(40) Humongous regions: 28->17
[33.454s][info][gc,metaspace] GC(40) Metaspace: 34063K(34432K)->34063K(34432K) NonClass: 31753K(32000K)->31753K(32000K) Class: 2309K(2432K)->2309K(2432K)
[33.454s][info][gc          ] GC(40) Pause Young (Normal) (G1 Evacuation Pause) 436M->215M(478M) 20.857ms
[33.454s][info][gc,cpu      ] GC(40) User=0.04s Sys=0.00s Real=0.02s
[35.480s][info][gc,start    ] GC(41) Pause Young (Normal) (G1 Evacuation Pause)
[35.480s][info][gc,task     ] GC(41) Using 2 workers of 2 for evacuation
[35.491s][info][gc,phases   ] GC(41)   Pre Evacuate Collection Set: 0.25ms
[35.491s][info][gc,phases   ] GC(41)   Merge Heap Roots: 0.07ms
[35.491s][info][gc,phases   ] GC(41)   Evacuate Collection Set: 10.21ms
[35.491s][info][gc,phases   ] GC(41)   Post Evacuate Collection Set: 0.43ms
[35.491s][info][gc,phases   ] GC(41)   Other: 0.08ms
[35.491s][info][gc,heap     ] GC(41) Eden regions: 208->0(225)
[35.491s][info][gc,heap     ] GC(41) Survivor regions: 20->5(29)
[35.491s][info][gc,heap     ] GC(41) Old regions: 179->182
[35.491s][info][gc,heap     ] GC(41) Humongous regions: 27->17
[35.491s][info][gc,metaspace] GC(41) Metaspace: 34158K(34496K)->34158K(34496K) NonClass: 31848K(32064K)->31848K(32064K) Class: 2310K(2432K)->2310K(2432K)
[35.491s][info][gc          ] GC(41) Pause Young (Normal) (G1 Evacuation Pause) 433M->202M(478M) 11.227ms
[35.491s][info][gc,cpu      ] GC(41) User=0.02s Sys=0.00s Real=0.01s
[37.091s][info][gc,start    ] GC(42) Pause Young (Concurrent Start) (G1 Humongous Allocation)
[37.091s][info][gc,task     ] GC(42) Using 2 workers of 2 for evacuation
[37.096s][info][gc,phases   ] GC(42)   Pre Evacuate Collection Set: 0.25ms
[37.096s][info][gc,phases   ] GC(42)   Merge Heap Roots: 0.06ms
[37.096s][info][gc,phases   ] GC(42)   Evacuate Collection Set: 4.62ms
[37.096s][info][gc,phases   ] GC(42)   Post Evacuate Collection Set: 0.60ms
[37.096s][info][gc,phases   ] GC(42)   Other: 0.14ms
[37.096s][info][gc,heap     ] GC(42) Eden regions: 221->0(234)
[37.097s][info][gc,heap     ] GC(42) Survivor regions: 5->4(29)
[37.097s][info][gc,heap     ] GC(42) Old regions: 182->182
[37.097s][info][gc,heap     ] GC(42) Humongous regions: 33->15
[37.097s][info][gc,metaspace] GC(42) Metaspace: 34199K(34560K)->34199K(34560K) NonClass: 31889K(32128K)->31889K(32128K) Class: 2310K(2432K)->2310K(2432K)
[37.097s][info][gc          ] GC(42) Pause Young (Concurrent Start) (G1 Humongous Allocation) 438M->199M(478M) 5.831ms
[37.097s][info][gc          ] GC(43) Concurrent Undo Cycle
[37.097s][info][gc,marking  ] GC(43) Concurrent Clear Claimed Marks
[37.097s][info][gc,marking  ] GC(43) Concurrent Clear Claimed Marks 0.029ms
[37.097s][info][gc,marking  ] GC(43) Concurrent Cleanup for Next Mark
[37.097s][info][gc,cpu      ] GC(42) User=0.01s Sys=0.00s Real=0.01s
[37.097s][info][gc,marking  ] GC(43) Concurrent Cleanup for Next Mark 0.178ms
[37.097s][info][gc          ] GC(43) Concurrent Undo Cycle 0.245ms
[38.765s][info][gc,start    ] GC(44) Pause Young (Normal) (G1 Evacuation Pause)
[38.766s][info][gc,task     ] GC(44) Using 2 workers of 2 for evacuation
[38.792s][info][gc,phases   ] GC(44)   Pre Evacuate Collection Set: 0.25ms
[38.792s][info][gc,phases   ] GC(44)   Merge Heap Roots: 0.09ms
[38.792s][info][gc,phases   ] GC(44)   Evacuate Collection Set: 25.19ms
[38.792s][info][gc,phases   ] GC(44)   Post Evacuate Collection Set: 0.49ms
[38.792s][info][gc,phases   ] GC(44)   Other: 0.08ms
[38.792s][info][gc,heap     ] GC(44) Eden regions: 234->0(196)
[38.792s][info][gc,heap     ] GC(44) Survivor regions: 4->29(30)
[38.792s][info][gc,heap     ] GC(44) Old regions: 182->182
[38.792s][info][gc,heap     ] GC(44) Humongous regions: 27->17
[38.792s][info][gc,metaspace] GC(44) Metaspace: 34231K(34560K)->34231K(34560K) NonClass: 31921K(32128K)->31921K(32128K) Class: 2310K(2432K)->2310K(2432K)
[38.792s][info][gc          ] GC(44) Pause Young (Normal) (G1 Evacuation Pause) 445M->226M(478M) 26.270ms
[38.792s][info][gc,cpu      ] GC(44) User=0.05s Sys=0.00s Real=0.03s
[40.106s][info][gc,start    ] GC(45) Pause Young (Normal) (G1 Evacuation Pause)
[40.106s][info][gc,task     ] GC(45) Using 2 workers of 2 for evacuation
[40.131s][info][gc,phases   ] GC(45)   Pre Evacuate Collection Set: 0.29ms
[40.131s][info][gc,phases   ] GC(45)   Merge Heap Roots: 0.06ms
[40.131s][info][gc,phases   ] GC(45)   Evacuate Collection Set: 24.02ms
[40.131s][info][gc,phases   ] GC(45)   Post Evacuate Collection Set: 0.62ms
[40.131s][info][gc,phases   ] GC(45)   Other: 0.07ms
[40.131s][info][gc,heap     ] GC(45) Eden regions: 196->0(206)
[40.131s][info][gc,heap     ] GC(45) Survivor regions: 29->12(29)
[40.131s][info][gc,heap     ] GC(45) Old regions: 182->193
[40.131s][info][gc,heap     ] GC(45) Humongous regions: 17->17
[40.131s][info][gc,metaspace] GC(45) Metaspace: 34262K(34624K)->34262K(34624K) NonClass: 31952K(32192K)->31952K(32192K) Class: 2310K(2432K)->2310K(2432K)
[40.131s][info][gc          ] GC(45) Pause Young (Normal) (G1 Evacuation Pause) 422M->221M(478M) 25.245ms
[40.131s][info][gc,cpu      ] GC(45) User=0.05s Sys=0.00s Real=0.02s
[41.254s][info][gc,start    ] GC(46) Pause Young (Concurrent Start) (G1 Humongous Allocation)
[41.254s][info][gc,task     ] GC(46) Using 2 workers of 2 for evacuation
[41.270s][info][gc,phases   ] GC(46)   Pre Evacuate Collection Set: 0.24ms
[41.270s][info][gc,phases   ] GC(46)   Merge Heap Roots: 0.14ms
[41.270s][info][gc,phases   ] GC(46)   Evacuate Collection Set: 15.74ms
[41.270s][info][gc,phases   ] GC(46)   Post Evacuate Collection Set: 0.44ms
[41.270s][info][gc,phases   ] GC(46)   Other: 0.13ms
[41.270s][info][gc,heap     ] GC(46) Eden regions: 162->0(197)
[41.270s][info][gc,heap     ] GC(46) Survivor regions: 12->16(28)
[41.270s][info][gc,heap     ] GC(46) Old regions: 193->193
[41.270s][info][gc,heap     ] GC(46) Humongous regions: 21->15
[41.270s][info][gc,metaspace] GC(46) Metaspace: 34288K(34688K)->34288K(34688K) NonClass: 31978K(32256K)->31978K(32256K) Class: 2310K(2432K)->2310K(2432K)
[41.270s][info][gc          ] GC(46) Pause Young (Concurrent Start) (G1 Humongous Allocation) 387M->222M(478M) 16.858ms
[41.270s][info][gc          ] GC(47) Concurrent Undo Cycle
[41.270s][info][gc,marking  ] GC(47) Concurrent Clear Claimed Marks
[41.270s][info][gc,marking  ] GC(47) Concurrent Clear Claimed Marks 0.031ms
[41.270s][info][gc,marking  ] GC(47) Concurrent Cleanup for Next Mark
[41.271s][info][gc,cpu      ] GC(46) User=0.04s Sys=0.00s Real=0.01s
[41.271s][info][gc,marking  ] GC(47) Concurrent Cleanup for Next Mark 0.194ms
[41.271s][info][gc          ] GC(47) Concurrent Undo Cycle 0.261ms
[41.783s][info][gc,start    ] GC(48) Pause Young (Concurrent Start) (G1 Humongous Allocation)
[41.784s][info][gc,task     ] GC(48) Using 2 workers of 2 for evacuation
[41.800s][info][gc,phases   ] GC(48)   Pre Evacuate Collection Set: 0.23ms
[41.800s][info][gc,phases   ] GC(48)   Merge Heap Roots: 0.12ms
[41.800s][info][gc,phases   ] GC(48)   Evacuate Collection Set: 15.86ms
[41.800s][info][gc,phases   ] GC(48)   Post Evacuate Collection Set: 0.39ms
[41.800s][info][gc,phases   ] GC(48)   Other: 0.13ms
[41.800s][info][gc,heap     ] GC(48) Eden regions: 63->0(205)
[41.800s][info][gc,heap     ] GC(48) Survivor regions: 16->5(27)
[41.800s][info][gc,heap     ] GC(48) Old regions: 193->205
[41.800s][info][gc,heap     ] GC(48) Humongous regions: 21->15
[41.800s][info][gc,metaspace] GC(48) Metaspace: 34296K(34688K)->34296K(34688K) NonClass: 31986K(32256K)->31986K(32256K) Class: 2310K(2432K)->2310K(2432K)
[41.800s][info][gc          ] GC(48) Pause Young (Concurrent Start) (G1 Humongous Allocation) 291M->223M(478M) 16.873ms
[41.800s][info][gc          ] GC(49) Concurrent Mark Cycle
[41.800s][info][gc,marking  ] GC(49) Concurrent Scan Root Regions
[41.802s][info][gc,cpu      ] GC(48) User=0.03s Sys=0.00s Real=0.02s
[41.829s][info][gc,marking  ] GC(49) Concurrent Scan Root Regions 28.968ms
[41.829s][info][gc,marking  ] GC(49) Concurrent Mark
[41.829s][info][gc,marking  ] GC(49) Concurrent Mark From Roots
[41.829s][info][gc,task     ] GC(49) Using 1 workers of 1 for marking
[41.956s][info][gc,marking  ] GC(49) Concurrent Mark From Roots 126.739ms
[41.956s][info][gc,marking  ] GC(49) Concurrent Preclean
[41.956s][info][gc,marking  ] GC(49) Concurrent Preclean 0.035ms
[41.956s][info][gc,start    ] GC(49) Pause Remark
[41.977s][info][gc          ] GC(49) Pause Remark 248M->115M(314M) 20.492ms
[41.977s][info][gc,cpu      ] GC(49) User=0.04s Sys=0.00s Real=0.02s
[41.979s][info][gc,marking  ] GC(49) Concurrent Mark 149.694ms
[41.979s][info][gc,marking  ] GC(49) Concurrent Rebuild Remembered Sets and Scrub Regions
[42.041s][info][gc,marking  ] GC(49) Concurrent Rebuild Remembered Sets and Scrub Regions 62.251ms
[42.043s][info][gc,start    ] GC(49) Pause Cleanup
[42.043s][info][gc          ] GC(49) Pause Cleanup 121M->121M(314M) 0.079ms
[42.043s][info][gc,cpu      ] GC(49) User=0.00s Sys=0.00s Real=0.00s
[42.052s][info][gc,marking  ] GC(49) Concurrent Clear Claimed Marks
[42.052s][info][gc,marking  ] GC(49) Concurrent Clear Claimed Marks 0.053ms
[42.052s][info][gc,marking  ] GC(49) Concurrent Cleanup for Next Mark
[42.054s][info][gc,marking  ] GC(49) Concurrent Cleanup for Next Mark 2.476ms
[42.054s][info][gc          ] GC(49) Concurrent Mark Cycle 253.743ms
[42.930s][info][gc,start    ] GC(50) Pause Young (Prepare Mixed) (G1 Evacuation Pause)
[42.930s][info][gc,task     ] GC(50) Using 2 workers of 2 for evacuation
[42.948s][info][gc,phases   ] GC(50)   Pre Evacuate Collection Set: 0.23ms
[42.948s][info][gc,phases   ] GC(50)   Merge Heap Roots: 0.09ms
[42.948s][info][gc,phases   ] GC(50)   Evacuate Collection Set: 16.94ms
[42.948s][info][gc,phases   ] GC(50)   Post Evacuate Collection Set: 0.42ms
[42.948s][info][gc,phases   ] GC(50)   Other: 0.07ms
[42.948s][info][gc,heap     ] GC(50) Eden regions: 183->0(171)
[42.948s][info][gc,heap     ] GC(50) Survivor regions: 5->16(24)
[42.948s][info][gc,heap     ] GC(50) Old regions: 87->87
[42.948s][info][gc,heap     ] GC(50) Humongous regions: 6->2
[42.948s][info][gc,metaspace] GC(50) Metaspace: 34301K(34688K)->34301K(34688K) NonClass: 31991K(32256K)->31991K(32256K) Class: 2310K(2432K)->2310K(2432K)
[42.948s][info][gc          ] GC(50) Pause Young (Prepare Mixed) (G1 Evacuation Pause) 279M->104M(314M) 17.919ms
[42.948s][info][gc,cpu      ] GC(50) User=0.03s Sys=0.00s Real=0.02s
[44.156s][info][gc,start    ] GC(51) Pause Young (Mixed) (G1 Evacuation Pause)
[44.156s][info][gc,task     ] GC(51) Using 2 workers of 2 for evacuation
[44.168s][info][gc,phases   ] GC(51)   Pre Evacuate Collection Set: 0.21ms
[44.168s][info][gc,phases   ] GC(51)   Merge Heap Roots: 0.08ms
[44.168s][info][gc,phases   ] GC(51)   Evacuate Collection Set: 11.01ms
[44.168s][info][gc,phases   ] GC(51)   Post Evacuate Collection Set: 0.46ms
[44.168s][info][gc,phases   ] GC(51)   Other: 0.10ms
[44.168s][info][gc,heap     ] GC(51) Eden regions: 171->0(182)
[44.168s][info][gc,heap     ] GC(51) Survivor regions: 16->6(24)
[44.168s][info][gc,heap     ] GC(51) Old regions: 87->80
[44.168s][info][gc,heap     ] GC(51) Humongous regions: 10->2
[44.168s][info][gc,metaspace] GC(51) Metaspace: 34310K(34688K)->34310K(34688K) NonClass: 31999K(32256K)->31999K(32256K) Class: 2310K(2432K)->2310K(2432K)
[44.168s][info][gc          ] GC(51) Pause Young (Mixed) (G1 Evacuation Pause) 283M->86M(314M) 12.040ms
[44.168s][info][gc,cpu      ] GC(51) User=0.03s Sys=0.00s Real=0.01s
[44.415s][info][gc,start    ] GC(52) Pause Young (Concurrent Start) (G1 Humongous Allocation)
[44.415s][info][gc,task     ] GC(52) Using 2 workers of 2 for evacuation
[44.420s][info][gc,phases   ] GC(52)   Pre Evacuate Collection Set: 0.18ms
[44.420s][info][gc,phases   ] GC(52)   Merge Heap Roots: 0.04ms
[44.420s][info][gc,phases   ] GC(52)   Evacuate Collection Set: 5.16ms
[44.420s][info][gc,phases   ] GC(52)   Post Evacuate Collection Set: 0.28ms
[44.420s][info][gc,phases   ] GC(52)   Other: 0.11ms
[44.420s][info][gc,heap     ] GC(52) Eden regions: 48->0(186)
[44.420s][info][gc,heap     ] GC(52) Survivor regions: 6->2(24)
[44.420s][info][gc,heap     ] GC(52) Old regions: 80->80
[44.420s][info][gc,heap     ] GC(52) Humongous regions: 2->0
[44.420s][info][gc,metaspace] GC(52) Metaspace: 34341K(34688K)->34341K(34688K) NonClass: 32030K(32256K)->32030K(32256K) Class: 2310K(2432K)->2310K(2432K)
[44.421s][info][gc          ] GC(52) Pause Young (Concurrent Start) (G1 Humongous Allocation) 134M->81M(314M) 5.927ms
[44.421s][info][gc          ] GC(53) Concurrent Mark Cycle
[44.421s][info][gc,marking  ] GC(53) Concurrent Scan Root Regions
[44.421s][info][gc,cpu      ] GC(52) User=0.01s Sys=0.00s Real=0.00s
[44.425s][info][gc,marking  ] GC(53) Concurrent Scan Root Regions 4.517ms
[44.425s][info][gc,marking  ] GC(53) Concurrent Mark
[44.425s][info][gc,marking  ] GC(53) Concurrent Mark From Roots
[44.425s][info][gc,task     ] GC(53) Using 1 workers of 1 for marking
[44.534s][info][gc,marking  ] GC(53) Concurrent Mark From Roots 108.866ms
[44.534s][info][gc,marking  ] GC(53) Concurrent Preclean
[44.534s][info][gc,marking  ] GC(53) Concurrent Preclean 0.033ms
[44.534s][info][gc,start    ] GC(53) Pause Remark
[44.559s][info][gc          ] GC(53) Pause Remark 107M->94M(256M) 24.763ms
[44.559s][info][gc,cpu      ] GC(53) User=0.04s Sys=0.00s Real=0.02s
[44.563s][info][gc,marking  ] GC(53) Concurrent Mark 137.976ms
[44.563s][info][gc,marking  ] GC(53) Concurrent Rebuild Remembered Sets and Scrub Regions
[44.609s][info][gc,marking  ] GC(53) Concurrent Rebuild Remembered Sets and Scrub Regions 45.479ms
[44.609s][info][gc,start    ] GC(53) Pause Cleanup
[44.609s][info][gc          ] GC(53) Pause Cleanup 99M->99M(256M) 0.047ms
[44.609s][info][gc,cpu      ] GC(53) User=0.00s Sys=0.00s Real=0.00s
[44.609s][info][gc,marking  ] GC(53) Concurrent Clear Claimed Marks
[44.609s][info][gc,marking  ] GC(53) Concurrent Clear Claimed Marks 0.034ms
[44.609s][info][gc,marking  ] GC(53) Concurrent Cleanup for Next Mark
[44.610s][info][gc,marking  ] GC(53) Concurrent Cleanup for Next Mark 0.759ms
[44.610s][info][gc          ] GC(53) Concurrent Mark Cycle 189.007ms
[45.382s][info][gc,start    ] GC(54) Pause Young (Prepare Mixed) (G1 Evacuation Pause)
[45.382s][info][gc,task     ] GC(54) Using 2 workers of 2 for evacuation
[45.396s][info][gc,phases   ] GC(54)   Pre Evacuate Collection Set: 0.21ms
[45.396s][info][gc,phases   ] GC(54)   Merge Heap Roots: 0.08ms
[45.396s][info][gc,phases   ] GC(54)   Evacuate Collection Set: 13.71ms
[45.396s][info][gc,phases   ] GC(54)   Post Evacuate Collection Set: 0.51ms
[45.396s][info][gc,phases   ] GC(54)   Other: 0.07ms
[45.396s][info][gc,heap     ] GC(54) Eden regions: 151->0(142)
[45.396s][info][gc,heap     ] GC(54) Survivor regions: 2->11(20)
[45.396s][info][gc,heap     ] GC(54) Old regions: 67->67
[45.396s][info][gc,heap     ] GC(54) Humongous regions: 4->2
[45.396s][info][gc,metaspace] GC(54) Metaspace: 34348K(34688K)->34348K(34688K) NonClass: 32038K(32256K)->32038K(32256K) Class: 2310K(2432K)->2310K(2432K)
[45.397s][info][gc          ] GC(54) Pause Young (Prepare Mixed) (G1 Evacuation Pause) 223M->79M(256M) 14.759ms
[45.397s][info][gc,cpu      ] GC(54) User=0.03s Sys=0.00s Real=0.01s
[46.078s][info][gc,start    ] GC(55) Pause Young (Mixed) (G1 Evacuation Pause)
[46.079s][info][gc,task     ] GC(55) Using 2 workers of 2 for evacuation
[46.092s][info][gc,phases   ] GC(55)   Pre Evacuate Collection Set: 0.18ms
[46.092s][info][gc,phases   ] GC(55)   Merge Heap Roots: 0.08ms
[46.092s][info][gc,phases   ] GC(55)   Evacuate Collection Set: 12.97ms
[46.092s][info][gc,phases   ] GC(55)   Post Evacuate Collection Set: 0.44ms
[46.092s][info][gc,phases   ] GC(55)   Other: 0.09ms
[46.092s][info][gc,heap     ] GC(55) Eden regions: 142->0(140)
[46.092s][info][gc,heap     ] GC(55) Survivor regions: 11->13(20)
[46.092s][info][gc,heap     ] GC(55) Old regions: 67->53
[46.092s][info][gc,heap     ] GC(55) Humongous regions: 8->2
[46.092s][info][gc,metaspace] GC(55) Metaspace: 34365K(34688K)->34365K(34688K) NonClass: 32055K(32256K)->32055K(32256K) Class: 2310K(2432K)->2310K(2432K)
[46.092s][info][gc          ] GC(55) Pause Young (Mixed) (G1 Evacuation Pause) 227M->66M(256M) 13.936ms
[46.092s][info][gc,cpu      ] GC(55) User=0.03s Sys=0.00s Real=0.02s
[46.599s][info][gc,start    ] GC(56) Pause Young (Concurrent Start) (G1 Evacuation Pause)
[46.599s][info][gc,task     ] GC(56) Using 2 workers of 2 for evacuation
[46.636s][info][gc,phases   ] GC(56)   Pre Evacuate Collection Set: 1.02ms
[46.637s][info][gc,phases   ] GC(56)   Merge Heap Roots: 0.08ms
[46.637s][info][gc,phases   ] GC(56)   Evacuate Collection Set: 36.26ms
[46.637s][info][gc,phases   ] GC(56)   Post Evacuate Collection Set: 0.41ms
[46.637s][info][gc,phases   ] GC(56)   Other: 0.09ms
[46.637s][info][gc,heap     ] GC(56) Eden regions: 140->0(117)
[46.637s][info][gc,heap     ] GC(56) Survivor regions: 13->20(20)
[46.637s][info][gc,heap     ] GC(56) Old regions: 53->74
[46.637s][info][gc,heap     ] GC(56) Humongous regions: 2->2
[46.637s][info][gc,metaspace] GC(56) Metaspace: 34368K(34688K)->34368K(34688K) NonClass: 32057K(32256K)->32057K(32256K) Class: 2310K(2432K)->2310K(2432K)
[46.637s][info][gc          ] GC(56) Pause Young (Concurrent Start) (G1 Evacuation Pause) 206M->94M(256M) 38.021ms
[46.637s][info][gc          ] GC(57) Concurrent Mark Cycle
[46.637s][info][gc,marking  ] GC(57) Concurrent Scan Root Regions
[46.639s][info][gc,cpu      ] GC(56) User=0.07s Sys=0.00s Real=0.04s
[46.680s][info][gc,marking  ] GC(57) Concurrent Scan Root Regions 43.520ms
[46.680s][info][gc,marking  ] GC(57) Concurrent Mark
[46.680s][info][gc,marking  ] GC(57) Concurrent Mark From Roots
[46.680s][info][gc,task     ] GC(57) Using 1 workers of 1 for marking
[46.796s][info][gc,marking  ] GC(57) Concurrent Mark From Roots 116.186ms
[46.796s][info][gc,marking  ] GC(57) Concurrent Preclean
[46.796s][info][gc,marking  ] GC(57) Concurrent Preclean 0.035ms
[46.798s][info][gc,start    ] GC(57) Pause Remark
[46.811s][info][gc          ] GC(57) Pause Remark 114M->114M(256M) 12.927ms
[46.811s][info][gc,cpu      ] GC(57) User=0.02s Sys=0.00s Real=0.01s
[46.811s][info][gc,marking  ] GC(57) Concurrent Mark 130.839ms
[46.811s][info][gc,marking  ] GC(57) Concurrent Rebuild Remembered Sets and Scrub Regions
[46.885s][info][gc,marking  ] GC(57) Concurrent Rebuild Remembered Sets and Scrub Regions 73.515ms
[46.885s][info][gc,start    ] GC(57) Pause Cleanup
[46.885s][info][gc          ] GC(57) Pause Cleanup 122M->122M(256M) 0.048ms
[46.885s][info][gc,cpu      ] GC(57) User=0.00s Sys=0.00s Real=0.00s
[46.885s][info][gc,marking  ] GC(57) Concurrent Clear Claimed Marks
[46.885s][info][gc,marking  ] GC(57) Concurrent Clear Claimed Marks 0.033ms
[46.885s][info][gc,marking  ] GC(57) Concurrent Cleanup for Next Mark
[46.888s][info][gc,marking  ] GC(57) Concurrent Cleanup for Next Mark 2.984ms
[46.888s][info][gc          ] GC(57) Concurrent Mark Cycle 251.258ms
[47.517s][info][gc,start    ] GC(58) Pause Young (Prepare Mixed) (G1 Evacuation Pause)
[47.517s][info][gc,task     ] GC(58) Using 2 workers of 2 for evacuation
[47.577s][info][gc,phases   ] GC(58)   Pre Evacuate Collection Set: 0.19ms
[47.577s][info][gc,phases   ] GC(58)   Merge Heap Roots: 0.22ms
[47.577s][info][gc,phases   ] GC(58)   Evacuate Collection Set: 58.96ms
[47.577s][info][gc,phases   ] GC(58)   Post Evacuate Collection Set: 0.51ms
[47.577s][info][gc,phases   ] GC(58)   Other: 0.08ms
[47.577s][info][gc,heap     ] GC(58) Eden regions: 117->0(90)
[47.577s][info][gc,heap     ] GC(58) Survivor regions: 20->18(18)
[47.577s][info][gc,heap     ] GC(58) Old regions: 74->106
[47.577s][info][gc,heap     ] GC(58) Humongous regions: 2->2
[47.577s][info][gc,metaspace] GC(58) Metaspace: 34371K(34688K)->34371K(34688K) NonClass: 32060K(32256K)->32060K(32256K) Class: 2310K(2432K)->2310K(2432K)
[47.577s][info][gc          ] GC(58) Pause Young (Prepare Mixed) (G1 Evacuation Pause) 211M->125M(263M) 60.154ms
[47.577s][info][gc,cpu      ] GC(58) User=0.11s Sys=0.01s Real=0.06s
[48.238s][info][gc,start    ] GC(59) Pause Young (Mixed) (G1 Evacuation Pause)
[48.238s][info][gc,task     ] GC(59) Using 2 workers of 2 for evacuation
[48.342s][info][gc,phases   ] GC(59)   Pre Evacuate Collection Set: 0.21ms
[48.342s][info][gc,phases   ] GC(59)   Merge Heap Roots: 0.69ms
[48.342s][info][gc,phases   ] GC(59)   Evacuate Collection Set: 102.58ms
[48.342s][info][gc,phases   ] GC(59)   Post Evacuate Collection Set: 0.63ms
[48.342s][info][gc,phases   ] GC(59)   Other: 0.10ms
[48.342s][info][gc,heap     ] GC(59) Eden regions: 90->0(72)
[48.342s][info][gc,heap     ] GC(59) Survivor regions: 18->14(14)
[48.342s][info][gc,heap     ] GC(59) Old regions: 106->131
[48.342s][info][gc,heap     ] GC(59) Humongous regions: 2->2
[48.342s][info][gc,metaspace] GC(59) Metaspace: 34371K(34688K)->34371K(34688K) NonClass: 32060K(32256K)->32060K(32256K) Class: 2310K(2432K)->2310K(2432K)
[48.342s][info][gc          ] GC(59) Pause Young (Mixed) (G1 Evacuation Pause) 215M->145M(263M) 104.446ms
[48.342s][info][gc,cpu      ] GC(59) User=0.20s Sys=0.00s Real=0.11s
[48.845s][info][gc,start    ] GC(60) Pause Young (Concurrent Start) (G1 Evacuation Pause)
[48.845s][info][gc,task     ] GC(60) Using 2 workers of 2 for evacuation
[48.886s][info][gc,phases   ] GC(60)   Pre Evacuate Collection Set: 0.18ms
[48.886s][info][gc,phases   ] GC(60)   Merge Heap Roots: 0.21ms
[48.886s][info][gc,phases   ] GC(60)   Evacuate Collection Set: 40.52ms
[48.886s][info][gc,phases   ] GC(60)   Post Evacuate Collection Set: 0.47ms
[48.886s][info][gc,phases   ] GC(60)   Other: 0.12ms
[48.886s][info][gc,heap     ] GC(60) Eden regions: 72->0(56)
[48.886s][info][gc,heap     ] GC(60) Survivor regions: 14->11(11)
[48.886s][info][gc,heap     ] GC(60) Old regions: 131->154
[48.886s][info][gc,heap     ] GC(60) Humongous regions: 2->2
[48.886s][info][gc,metaspace] GC(60) Metaspace: 34372K(34688K)->34372K(34688K) NonClass: 32061K(32256K)->32061K(32256K) Class: 2310K(2432K)->2310K(2432K)
[48.886s][info][gc          ] GC(60) Pause Young (Concurrent Start) (G1 Evacuation Pause) 217M->166M(263M) 41.716ms
[48.886s][info][gc,cpu      ] GC(60) User=0.08s Sys=0.00s Real=0.04s
[48.886s][info][gc          ] GC(61) Concurrent Mark Cycle
[48.886s][info][gc,marking  ] GC(61) Concurrent Scan Root Regions
[48.971s][info][gc,marking  ] GC(61) Concurrent Scan Root Regions 84.907ms
[48.971s][info][gc,marking  ] GC(61) Concurrent Mark
[48.971s][info][gc,marking  ] GC(61) Concurrent Mark From Roots
[48.971s][info][gc,task     ] GC(61) Using 1 workers of 1 for marking
[49.207s][info][gc,marking  ] GC(61) Concurrent Mark From Roots 235.330ms
[49.207s][info][gc,marking  ] GC(61) Concurrent Preclean
[49.207s][info][gc,marking  ] GC(61) Concurrent Preclean 0.044ms
[49.207s][info][gc,start    ] GC(61) Pause Remark
[49.221s][info][gc          ] GC(61) Pause Remark 195M->195M(279M) 14.366ms
[49.221s][info][gc,cpu      ] GC(61) User=0.03s Sys=0.00s Real=0.02s
[49.221s][info][gc,marking  ] GC(61) Concurrent Mark 249.940ms
[49.221s][info][gc,marking  ] GC(61) Concurrent Rebuild Remembered Sets and Scrub Regions
[49.304s][info][gc,marking  ] GC(61) Concurrent Rebuild Remembered Sets and Scrub Regions 82.657ms
[49.305s][info][gc,start    ] GC(61) Pause Cleanup
[49.305s][info][gc          ] GC(61) Pause Cleanup 195M->195M(279M) 0.065ms
[49.305s][info][gc,cpu      ] GC(61) User=0.00s Sys=0.00s Real=0.00s
[49.305s][info][gc,marking  ] GC(61) Concurrent Clear Claimed Marks
[49.305s][info][gc,marking  ] GC(61) Concurrent Clear Claimed Marks 0.030ms
[49.305s][info][gc,marking  ] GC(61) Concurrent Cleanup for Next Mark
[49.306s][info][gc,marking  ] GC(61) Concurrent Cleanup for Next Mark 0.963ms
[49.306s][info][gc          ] GC(61) Concurrent Mark Cycle 419.502ms
[49.417s][info][gc,start    ] GC(62) Pause Young (Prepare Mixed) (G1 Evacuation Pause)
[49.417s][info][gc,task     ] GC(62) Using 2 workers of 2 for evacuation
[49.447s][info][gc,phases   ] GC(62)   Pre Evacuate Collection Set: 0.20ms
[49.447s][info][gc,phases   ] GC(62)   Merge Heap Roots: 0.39ms
[49.447s][info][gc,phases   ] GC(62)   Evacuate Collection Set: 29.04ms
[49.447s][info][gc,phases   ] GC(62)   Post Evacuate Collection Set: 0.35ms
[49.447s][info][gc,phases   ] GC(62)   Other: 0.10ms
[49.447s][info][gc,heap     ] GC(62) Eden regions: 56->0(58)
[49.447s][info][gc,heap     ] GC(62) Survivor regions: 11->9(9)
[49.447s][info][gc,heap     ] GC(62) Old regions: 154->170
[49.447s][info][gc,heap     ] GC(62) Humongous regions: 4->2
[49.447s][info][gc,metaspace] GC(62) Metaspace: 34381K(34752K)->34381K(34752K) NonClass: 32070K(32320K)->32070K(32320K) Class: 2310K(2432K)->2310K(2432K)
[49.447s][info][gc          ] GC(62) Pause Young (Prepare Mixed) (G1 Evacuation Pause) 224M->179M(279M) 30.256ms
[49.447s][info][gc,cpu      ] GC(62) User=0.06s Sys=0.00s Real=0.03s
[49.799s][info][gc,start    ] GC(63) Pause Young (Mixed) (G1 Evacuation Pause)
[49.799s][info][gc,task     ] GC(63) Using 2 workers of 2 for evacuation
[49.824s][info][gc,phases   ] GC(63)   Pre Evacuate Collection Set: 0.23ms
[49.824s][info][gc,phases   ] GC(63)   Merge Heap Roots: 0.29ms
[49.824s][info][gc,phases   ] GC(63)   Evacuate Collection Set: 23.82ms
[49.824s][info][gc,phases   ] GC(63)   Post Evacuate Collection Set: 0.40ms
[49.824s][info][gc,phases   ] GC(63)   Other: 0.10ms
[49.824s][info][gc,heap     ] GC(63) Eden regions: 58->0(72)
[49.824s][info][gc,heap     ] GC(63) Survivor regions: 9->9(9)
[49.824s][info][gc,heap     ] GC(63) Old regions: 170->153
[49.824s][info][gc,heap     ] GC(63) Humongous regions: 2->2
[49.824s][info][gc,metaspace] GC(63) Metaspace: 34381K(34752K)->34381K(34752K) NonClass: 32070K(32320K)->32070K(32320K) Class: 2310K(2432K)->2310K(2432K)
[49.824s][info][gc          ] GC(63) Pause Young (Mixed) (G1 Evacuation Pause) 237M->162M(279M) 25.015ms
[49.824s][info][gc,cpu      ] GC(63) User=0.05s Sys=0.00s Real=0.03s
[50.217s][info][gc,start    ] GC(64) Pause Young (Mixed) (G1 Evacuation Pause)
[50.217s][info][gc,task     ] GC(64) Using 2 workers of 2 for evacuation
[50.261s][info][gc,phases   ] GC(64)   Pre Evacuate Collection Set: 0.17ms
[50.261s][info][gc,phases   ] GC(64)   Merge Heap Roots: 0.53ms
[50.261s][info][gc,phases   ] GC(64)   Evacuate Collection Set: 42.37ms
[50.261s][info][gc,phases   ] GC(64)   Post Evacuate Collection Set: 1.38ms
[50.261s][info][gc,phases   ] GC(64)   Other: 0.09ms
[50.261s][info][gc,heap     ] GC(64) Eden regions: 72->0(175)
[50.261s][info][gc,heap     ] GC(64) Survivor regions: 9->11(11)
[50.261s][info][gc,heap     ] GC(64) Old regions: 153->143
[50.261s][info][gc,heap     ] GC(64) Humongous regions: 6->2
[50.261s][info][gc,metaspace] GC(64) Metaspace: 34387K(34752K)->34387K(34752K) NonClass: 32076K(32320K)->32076K(32320K) Class: 2310K(2432K)->2310K(2432K)
[50.261s][info][gc          ] GC(64) Pause Young (Mixed) (G1 Evacuation Pause) 238M->156M(419M) 44.716ms
[50.261s][info][gc,cpu      ] GC(64) User=0.09s Sys=0.00s Real=0.05s
[51.471s][info][gc,start    ] GC(65) Pause Young (Mixed) (G1 Evacuation Pause)
[51.471s][info][gc,task     ] GC(65) Using 2 workers of 2 for evacuation
[51.506s][info][gc,phases   ] GC(65)   Pre Evacuate Collection Set: 0.20ms
[51.506s][info][gc,phases   ] GC(65)   Merge Heap Roots: 0.29ms
[51.506s][info][gc,phases   ] GC(65)   Evacuate Collection Set: 34.28ms
[51.506s][info][gc,phases   ] GC(65)   Post Evacuate Collection Set: 0.52ms
[51.506s][info][gc,phases   ] GC(65)   Other: 0.09ms
[51.506s][info][gc,heap     ] GC(65) Eden regions: 175->0(172)
[51.506s][info][gc,heap     ] GC(65) Survivor regions: 11->24(24)
[51.506s][info][gc,heap     ] GC(65) Old regions: 143->143
[51.506s][info][gc,heap     ] GC(65) Humongous regions: 10->2
[51.506s][info][gc,metaspace] GC(65) Metaspace: 34976K(35392K)->34976K(35392K) NonClass: 32597K(32896K)->32597K(32896K) Class: 2379K(2496K)->2379K(2496K)
[51.506s][info][gc          ] GC(65) Pause Young (Mixed) (G1 Evacuation Pause) 339M->169M(419M) 35.584ms
[51.507s][info][gc,cpu      ] GC(65) User=0.07s Sys=0.00s Real=0.04s
[52.439s][info][gc,start    ] GC(66) Pause Young (Normal) (G1 Evacuation Pause)
[52.439s][info][gc,task     ] GC(66) Using 2 workers of 2 for evacuation
[52.469s][info][gc,phases   ] GC(66)   Pre Evacuate Collection Set: 0.25ms
[52.469s][info][gc,phases   ] GC(66)   Merge Heap Roots: 0.12ms
[52.469s][info][gc,phases   ] GC(66)   Evacuate Collection Set: 29.09ms
[52.469s][info][gc,phases   ] GC(66)   Post Evacuate Collection Set: 0.45ms
[52.469s][info][gc,phases   ] GC(66)   Other: 0.09ms
[52.469s][info][gc,heap     ] GC(66) Eden regions: 172->0(169)
[52.469s][info][gc,heap     ] GC(66) Survivor regions: 24->12(25)
[52.469s][info][gc,heap     ] GC(66) Old regions: 143->166
[52.469s][info][gc,heap     ] GC(66) Humongous regions: 4->2
[52.469s][info][gc,metaspace] GC(66) Metaspace: 35299K(35648K)->35299K(35648K) NonClass: 32918K(33152K)->32918K(33152K) Class: 2380K(2496K)->2380K(2496K)
[52.469s][info][gc          ] GC(66) Pause Young (Normal) (G1 Evacuation Pause) 343M->179M(419M) 30.188ms
[52.469s][info][gc,cpu      ] GC(66) User=0.06s Sys=0.00s Real=0.03s
[53.113s][info][gc,start    ] GC(67) Pause Young (Normal) (G1 Evacuation Pause)
[53.113s][info][gc,task     ] GC(67) Using 2 workers of 2 for evacuation
[53.137s][info][gc,phases   ] GC(67)   Pre Evacuate Collection Set: 0.24ms
[53.137s][info][gc,phases   ] GC(67)   Merge Heap Roots: 0.06ms
[53.137s][info][gc,phases   ] GC(67)   Evacuate Collection Set: 23.40ms
[53.137s][info][gc,phases   ] GC(67)   Post Evacuate Collection Set: 0.47ms
[53.137s][info][gc,phases   ] GC(67)   Other: 0.07ms
[53.137s][info][gc,heap     ] GC(67) Eden regions: 169->0(141)
[53.137s][info][gc,heap     ] GC(67) Survivor regions: 12->23(23)
[53.137s][info][gc,heap     ] GC(67) Old regions: 166->180
[53.137s][info][gc,heap     ] GC(67) Humongous regions: 3->3
[53.138s][info][gc,metaspace] GC(67) Metaspace: 35344K(35712K)->35344K(35712K) NonClass: 32963K(33216K)->32963K(33216K) Class: 2380K(2496K)->2380K(2496K)
[53.138s][info][gc          ] GC(67) Pause Young (Normal) (G1 Evacuation Pause) 349M->205M(419M) 24.434ms
[53.138s][info][gc,cpu      ] GC(67) User=0.04s Sys=0.00s Real=0.02s
[53.710s][info][gc,start    ] GC(68) Pause Young (Concurrent Start) (G1 Evacuation Pause)
[53.710s][info][gc,task     ] GC(68) Using 2 workers of 2 for evacuation
[53.752s][info][gc,phases   ] GC(68)   Pre Evacuate Collection Set: 0.26ms
[53.752s][info][gc,phases   ] GC(68)   Merge Heap Roots: 0.22ms
[53.753s][info][gc,phases   ] GC(68)   Evacuate Collection Set: 41.20ms
[53.753s][info][gc,phases   ] GC(68)   Post Evacuate Collection Set: 0.46ms
[53.753s][info][gc,phases   ] GC(68)   Other: 0.14ms
[53.753s][info][gc,heap     ] GC(68) Eden regions: 141->0(101)
[53.753s][info][gc,heap     ] GC(68) Survivor regions: 23->21(21)
[53.753s][info][gc,heap     ] GC(68) Old regions: 180->220
[53.753s][info][gc,heap     ] GC(68) Humongous regions: 4->3
[53.753s][info][gc,metaspace] GC(68) Metaspace: 35413K(35776K)->35413K(35776K) NonClass: 33032K(33280K)->33032K(33280K) Class: 2380K(2496K)->2380K(2496K)
[53.753s][info][gc          ] GC(68) Pause Young (Concurrent Start) (G1 Evacuation Pause) 347M->244M(419M) 42.480ms
[53.753s][info][gc,cpu      ] GC(68) User=0.08s Sys=0.00s Real=0.05s
[53.753s][info][gc          ] GC(69) Concurrent Mark Cycle
[53.753s][info][gc,marking  ] GC(69) Concurrent Scan Root Regions
[53.801s][info][gc,marking  ] GC(69) Concurrent Scan Root Regions 48.416ms
[53.801s][info][gc,marking  ] GC(69) Concurrent Mark
[53.801s][info][gc,marking  ] GC(69) Concurrent Mark From Roots
[53.801s][info][gc,task     ] GC(69) Using 1 workers of 1 for marking
[53.904s][info][gc,marking  ] GC(69) Concurrent Mark From Roots 103.190ms
[53.904s][info][gc,marking  ] GC(69) Concurrent Preclean
[53.904s][info][gc,marking  ] GC(69) Concurrent Preclean 0.058ms
[53.906s][info][gc,start    ] GC(69) Pause Remark
[53.929s][info][gc          ] GC(69) Pause Remark 273M->252M(419M) 23.337ms
[53.929s][info][gc,cpu      ] GC(69) User=0.04s Sys=0.00s Real=0.02s
[53.929s][info][gc,marking  ] GC(69) Concurrent Mark 127.896ms
[53.929s][info][gc,marking  ] GC(69) Concurrent Rebuild Remembered Sets and Scrub Regions
[53.996s][info][gc,marking  ] GC(69) Concurrent Rebuild Remembered Sets and Scrub Regions 66.598ms
[53.996s][info][gc,start    ] GC(69) Pause Cleanup
[53.996s][info][gc          ] GC(69) Pause Cleanup 258M->258M(419M) 0.106ms
[53.996s][info][gc,cpu      ] GC(69) User=0.00s Sys=0.00s Real=0.00s
[53.996s][info][gc,marking  ] GC(69) Concurrent Clear Claimed Marks
[53.996s][info][gc,marking  ] GC(69) Concurrent Clear Claimed Marks 0.036ms
[53.996s][info][gc,marking  ] GC(69) Concurrent Cleanup for Next Mark
[53.999s][info][gc,marking  ] GC(69) Concurrent Cleanup for Next Mark 2.574ms
[53.999s][info][gc          ] GC(69) Concurrent Mark Cycle 245.993ms
[54.244s][info][gc,start    ] GC(70) Pause Young (Prepare Mixed) (G1 Evacuation Pause)
[54.244s][info][gc,task     ] GC(70) Using 2 workers of 2 for evacuation
[54.293s][info][gc,phases   ] GC(70)   Pre Evacuate Collection Set: 0.32ms
[54.293s][info][gc,phases   ] GC(70)   Merge Heap Roots: 0.39ms
[54.293s][info][gc,phases   ] GC(70)   Evacuate Collection Set: 48.05ms
[54.293s][info][gc,phases   ] GC(70)   Post Evacuate Collection Set: 0.50ms
[54.293s][info][gc,phases   ] GC(70)   Other: 0.07ms
[54.293s][info][gc,heap     ] GC(70) Eden regions: 101->0(62)
[54.293s][info][gc,heap     ] GC(70) Survivor regions: 21->16(16)
[54.293s][info][gc,heap     ] GC(70) Old regions: 199->249
[54.293s][info][gc,heap     ] GC(70) Humongous regions: 3->3
[54.293s][info][gc,metaspace] GC(70) Metaspace: 35418K(35776K)->35418K(35776K) NonClass: 33037K(33280K)->33037K(33280K) Class: 2380K(2496K)->2380K(2496K)
[54.293s][info][gc          ] GC(70) Pause Young (Prepare Mixed) (G1 Evacuation Pause) 324M->268M(419M) 49.583ms
[54.293s][info][gc,cpu      ] GC(70) User=0.09s Sys=0.00s Real=0.05s
[54.589s][info][gc,start    ] GC(71) Pause Young (Mixed) (G1 Evacuation Pause)
[54.589s][info][gc,task     ] GC(71) Using 2 workers of 2 for evacuation
[54.639s][info][gc,phases   ] GC(71)   Pre Evacuate Collection Set: 0.23ms
[54.639s][info][gc,phases   ] GC(71)   Merge Heap Roots: 0.43ms
[54.639s][info][gc,phases   ] GC(71)   Evacuate Collection Set: 48.93ms
[54.639s][info][gc,phases   ] GC(71)   Post Evacuate Collection Set: 0.59ms
[54.639s][info][gc,phases   ] GC(71)   Other: 0.09ms
[54.639s][info][gc,heap     ] GC(71) Eden regions: 62->0(69)
[54.639s][info][gc,heap     ] GC(71) Survivor regions: 16->10(10)
[54.639s][info][gc,heap     ] GC(71) Old regions: 249->244
[54.639s][info][gc,heap     ] GC(71) Humongous regions: 3->3
[54.639s][info][gc,metaspace] GC(71) Metaspace: 35422K(35776K)->35422K(35776K) NonClass: 33041K(33280K)->33041K(33280K) Class: 2380K(2496K)->2380K(2496K)
[54.639s][info][gc          ] GC(71) Pause Young (Mixed) (G1 Evacuation Pause) 330M->257M(419M) 50.473ms
[54.639s][info][gc,cpu      ] GC(71) User=0.10s Sys=0.01s Real=0.05s
[54.943s][info][gc,start    ] GC(72) Pause Young (Mixed) (G1 Evacuation Pause)
[54.943s][info][gc,task     ] GC(72) Using 2 workers of 2 for evacuation
[54.998s][info][gc,phases   ] GC(72)   Pre Evacuate Collection Set: 0.25ms
[54.998s][info][gc,phases   ] GC(72)   Merge Heap Roots: 0.65ms
[54.998s][info][gc,phases   ] GC(72)   Evacuate Collection Set: 52.89ms
[54.998s][info][gc,phases   ] GC(72)   Post Evacuate Collection Set: 0.59ms
[54.998s][info][gc,phases   ] GC(72)   Other: 0.07ms
[54.998s][info][gc,heap     ] GC(72) Eden regions: 69->0(65)
[54.998s][info][gc,heap     ] GC(72) Survivor regions: 10->10(10)
[54.998s][info][gc,heap     ] GC(72) Old regions: 244->247
[54.998s][info][gc,heap     ] GC(72) Humongous regions: 4->4
[54.998s][info][gc,metaspace] GC(72) Metaspace: 35424K(35776K)->35424K(35776K) NonClass: 33043K(33280K)->33043K(33280K) Class: 2380K(2496K)->2380K(2496K)
[54.998s][info][gc          ] GC(72) Pause Young (Mixed) (G1 Evacuation Pause) 327M->260M(419M) 54.704ms
[54.998s][info][gc,cpu      ] GC(72) User=0.11s Sys=0.00s Real=0.05s
[55.274s][info][gc,start    ] GC(73) Pause Young (Mixed) (G1 Evacuation Pause)
[55.274s][info][gc,task     ] GC(73) Using 2 workers of 2 for evacuation
[55.338s][info][gc,phases   ] GC(73)   Pre Evacuate Collection Set: 0.22ms
[55.338s][info][gc,phases   ] GC(73)   Merge Heap Roots: 1.15ms
[55.338s][info][gc,phases   ] GC(73)   Evacuate Collection Set: 61.49ms
[55.338s][info][gc,phases   ] GC(73)   Post Evacuate Collection Set: 1.22ms
[55.338s][info][gc,phases   ] GC(73)   Other: 0.07ms
[55.338s][info][gc,heap     ] GC(73) Eden regions: 65->0(135)
[55.338s][info][gc,heap     ] GC(73) Survivor regions: 10->10(10)
[55.338s][info][gc,heap     ] GC(73) Old regions: 247->263
[55.338s][info][gc,heap     ] GC(73) Humongous regions: 4->4
[55.338s][info][gc,metaspace] GC(73) Metaspace: 35425K(35776K)->35425K(35776K) NonClass: 33044K(33280K)->33044K(33280K) Class: 2380K(2496K)->2380K(2496K)
[55.338s][info][gc          ] GC(73) Pause Young (Mixed) (G1 Evacuation Pause) 325M->276M(529M) 64.340ms
[55.338s][info][gc,cpu      ] GC(73) User=0.13s Sys=0.00s Real=0.06s
[55.874s][info][gc,start    ] GC(74) Pause Young (Normal) (G1 Evacuation Pause)
[55.874s][info][gc,task     ] GC(74) Using 2 workers of 2 for evacuation
[55.909s][info][gc,phases   ] GC(74)   Pre Evacuate Collection Set: 0.28ms
[55.909s][info][gc,phases   ] GC(74)   Merge Heap Roots: 0.12ms
[55.909s][info][gc,phases   ] GC(74)   Evacuate Collection Set: 34.19ms
[55.909s][info][gc,phases   ] GC(74)   Post Evacuate Collection Set: 0.44ms
[55.909s][info][gc,phases   ] GC(74)   Other: 0.11ms
[55.909s][info][gc,heap     ] GC(74) Eden regions: 135->0(107)
[55.909s][info][gc,heap     ] GC(74) Survivor regions: 10->19(19)
[55.909s][info][gc,heap     ] GC(74) Old regions: 263->294
[55.909s][info][gc,heap     ] GC(74) Humongous regions: 4->4
[55.909s][info][gc,metaspace] GC(74) Metaspace: 35431K(35776K)->35431K(35776K) NonClass: 33050K(33280K)->33050K(33280K) Class: 2380K(2496K)->2380K(2496K)
[55.909s][info][gc          ] GC(74) Pause Young (Normal) (G1 Evacuation Pause) 411M->316M(529M) 35.330ms
[55.909s][info][gc,cpu      ] GC(74) User=0.07s Sys=0.00s Real=0.03s
[56.310s][info][gc,start    ] GC(75) Pause Young (Normal) (G1 Evacuation Pause)
[56.311s][info][gc,task     ] GC(75) Using 2 workers of 2 for evacuation
[56.362s][info][gc,phases   ] GC(75)   Pre Evacuate Collection Set: 0.26ms
[56.362s][info][gc,phases   ] GC(75)   Merge Heap Roots: 0.21ms
[56.362s][info][gc,phases   ] GC(75)   Evacuate Collection Set: 50.31ms
[56.362s][info][gc,phases   ] GC(75)   Post Evacuate Collection Set: 0.47ms
[56.362s][info][gc,phases   ] GC(75)   Other: 0.07ms
[56.362s][info][gc,heap     ] GC(75) Eden regions: 107->0(67)
[56.362s][info][gc,heap     ] GC(75) Survivor regions: 19->16(16)
[56.362s][info][gc,heap     ] GC(75) Old regions: 294->350
[56.362s][info][gc,heap     ] GC(75) Humongous regions: 5->5
[56.362s][info][gc,metaspace] GC(75) Metaspace: 35435K(35776K)->35435K(35776K) NonClass: 33054K(33280K)->33054K(33280K) Class: 2380K(2496K)->2380K(2496K)
[56.362s][info][gc          ] GC(75) Pause Young (Normal) (G1 Evacuation Pause) 424M->370M(529M) 51.537ms
[56.362s][info][gc,cpu      ] GC(75) User=0.10s Sys=0.00s Real=0.06s
[56.587s][info][gc,start    ] GC(76) Pause Young (Concurrent Start) (G1 Evacuation Pause)
[56.587s][info][gc,task     ] GC(76) Using 2 workers of 2 for evacuation
[56.634s][info][gc,phases   ] GC(76)   Pre Evacuate Collection Set: 0.26ms
[56.634s][info][gc,phases   ] GC(76)   Merge Heap Roots: 0.29ms
[56.634s][info][gc,phases   ] GC(76)   Evacuate Collection Set: 46.17ms
[56.634s][info][gc,phases   ] GC(76)   Post Evacuate Collection Set: 0.38ms
[56.634s][info][gc,phases   ] GC(76)   Other: 0.10ms
[56.634s][info][gc,heap     ] GC(76) Eden regions: 67->0(44)
[56.634s][info][gc,heap     ] GC(76) Survivor regions: 16->11(11)
[56.634s][info][gc,heap     ] GC(76) Old regions: 350->403
[56.634s][info][gc,heap     ] GC(76) Humongous regions: 5->5
[56.634s][info][gc,metaspace] GC(76) Metaspace: 35435K(35776K)->35435K(35776K) NonClass: 33054K(33280K)->33054K(33280K) Class: 2380K(2496K)->2380K(2496K)
[56.634s][info][gc          ] GC(76) Pause Young (Concurrent Start) (G1 Evacuation Pause) 437M->419M(529M) 47.446ms
[56.634s][info][gc,cpu      ] GC(76) User=0.09s Sys=0.00s Real=0.05s
[56.634s][info][gc          ] GC(77) Concurrent Mark Cycle
[56.634s][info][gc,marking  ] GC(77) Concurrent Scan Root Regions
[56.680s][info][gc,marking  ] GC(77) Concurrent Scan Root Regions 45.922ms
[56.680s][info][gc,marking  ] GC(77) Concurrent Mark
[56.680s][info][gc,marking  ] GC(77) Concurrent Mark From Roots
[56.680s][info][gc,task     ] GC(77) Using 1 workers of 1 for marking
[56.841s][info][gc,marking  ] GC(77) Concurrent Mark From Roots 160.691ms
[56.841s][info][gc,marking  ] GC(77) Concurrent Preclean
[56.841s][info][gc,marking  ] GC(77) Concurrent Preclean 0.046ms
[56.841s][info][gc,start    ] GC(77) Pause Remark
[56.858s][info][gc          ] GC(77) Pause Remark 457M->313M(529M) 16.814ms
[56.858s][info][gc,cpu      ] GC(77) User=0.03s Sys=0.00s Real=0.01s
[56.858s][info][gc,marking  ] GC(77) Concurrent Mark 177.863ms
[56.858s][info][gc,marking  ] GC(77) Concurrent Rebuild Remembered Sets and Scrub Regions
[56.926s][info][gc,start    ] GC(78) Pause Young (Normal) (G1 Evacuation Pause)
[56.926s][info][gc,task     ] GC(78) Using 2 workers of 2 for evacuation
[56.960s][info][gc,phases   ] GC(78)   Pre Evacuate Collection Set: 0.24ms
[56.960s][info][gc,phases   ] GC(78)   Merge Heap Roots: 0.44ms
[56.960s][info][gc,phases   ] GC(78)   Evacuate Collection Set: 32.77ms
[56.960s][info][gc,phases   ] GC(78)   Post Evacuate Collection Set: 0.39ms
[56.960s][info][gc,phases   ] GC(78)   Other: 0.08ms
[56.960s][info][gc,heap     ] GC(78) Eden regions: 44->0(95)
[56.960s][info][gc,heap     ] GC(78) Survivor regions: 11->7(7)
[56.960s][info][gc,heap     ] GC(78) Old regions: 261->288
[56.960s][info][gc,heap     ] GC(78) Humongous regions: 4->4
[56.960s][info][gc,metaspace] GC(78) Metaspace: 35435K(35776K)->35435K(35776K) NonClass: 33054K(33280K)->33054K(33280K) Class: 2380K(2496K)->2380K(2496K)
[56.960s][info][gc          ] GC(78) Pause Young (Normal) (G1 Evacuation Pause) 320M->299M(529M) 34.125ms
[56.960s][info][gc,cpu      ] GC(78) User=0.06s Sys=0.00s Real=0.03s
[56.978s][info][gc,marking  ] GC(77) Concurrent Rebuild Remembered Sets and Scrub Regions 120.100ms
[56.978s][info][gc,start    ] GC(77) Pause Cleanup
[56.978s][info][gc          ] GC(77) Pause Cleanup 300M->300M(529M) 0.110ms
[56.978s][info][gc,cpu      ] GC(77) User=0.00s Sys=0.00s Real=0.00s
[56.978s][info][gc,marking  ] GC(77) Concurrent Clear Claimed Marks
[56.978s][info][gc,marking  ] GC(77) Concurrent Clear Claimed Marks 0.037ms
[56.978s][info][gc,marking  ] GC(77) Concurrent Cleanup for Next Mark
[56.981s][info][gc,marking  ] GC(77) Concurrent Cleanup for Next Mark 2.754ms
[56.981s][info][gc          ] GC(77) Concurrent Mark Cycle 347.134ms
[57.291s][info][gc,start    ] GC(79) Pause Young (Prepare Mixed) (G1 Evacuation Pause)
[57.291s][info][gc,task     ] GC(79) Using 2 workers of 2 for evacuation
[57.343s][info][gc,phases   ] GC(79)   Pre Evacuate Collection Set: 0.31ms
[57.343s][info][gc,phases   ] GC(79)   Merge Heap Roots: 0.29ms
[57.343s][info][gc,phases   ] GC(79)   Evacuate Collection Set: 51.09ms
[57.343s][info][gc,phases   ] GC(79)   Post Evacuate Collection Set: 0.52ms
[57.343s][info][gc,phases   ] GC(79)   Other: 0.07ms
[57.343s][info][gc,heap     ] GC(79) Eden regions: 95->0(64)
[57.343s][info][gc,heap     ] GC(79) Survivor regions: 7->13(13)
[57.343s][info][gc,heap     ] GC(79) Old regions: 288->347
[57.343s][info][gc,heap     ] GC(79) Humongous regions: 4->4
[57.343s][info][gc,metaspace] GC(79) Metaspace: 35435K(35776K)->35435K(35776K) NonClass: 33054K(33280K)->33054K(33280K) Class: 2380K(2496K)->2380K(2496K)
[57.343s][info][gc          ] GC(79) Pause Young (Prepare Mixed) (G1 Evacuation Pause) 394M->364M(529M) 52.529ms
[57.343s][info][gc,cpu      ] GC(79) User=0.11s Sys=0.00s Real=0.06s
[57.602s][info][gc,start    ] GC(80) Pause Young (Mixed) (G1 Evacuation Pause)
[57.602s][info][gc,task     ] GC(80) Using 2 workers of 2 for evacuation
[57.661s][info][gc,phases   ] GC(80)   Pre Evacuate Collection Set: 0.33ms
[57.661s][info][gc,phases   ] GC(80)   Merge Heap Roots: 0.83ms
[57.661s][info][gc,phases   ] GC(80)   Evacuate Collection Set: 56.65ms
[57.661s][info][gc,phases   ] GC(80)   Post Evacuate Collection Set: 0.53ms
[57.661s][info][gc,phases   ] GC(80)   Other: 0.09ms
[57.661s][info][gc,heap     ] GC(80) Eden regions: 64->0(74)
[57.661s][info][gc,heap     ] GC(80) Survivor regions: 13->10(10)
[57.661s][info][gc,heap     ] GC(80) Old regions: 347->329
[57.661s][info][gc,heap     ] GC(80) Humongous regions: 5->5
[57.661s][info][gc,metaspace] GC(80) Metaspace: 35435K(35776K)->35435K(35776K) NonClass: 33054K(33280K)->33054K(33280K) Class: 2380K(2496K)->2380K(2496K)
[57.661s][info][gc          ] GC(80) Pause Young (Mixed) (G1 Evacuation Pause) 429M->344M(529M) 58.642ms
[57.661s][info][gc,cpu      ] GC(80) User=0.11s Sys=0.00s Real=0.05s
[57.906s][info][gc,start    ] GC(81) Pause Young (Mixed) (G1 Evacuation Pause)
[57.906s][info][gc,task     ] GC(81) Using 2 workers of 2 for evacuation
[57.968s][info][gc,phases   ] GC(81)   Pre Evacuate Collection Set: 0.33ms
[57.968s][info][gc,phases   ] GC(81)   Merge Heap Roots: 1.40ms
[57.968s][info][gc,phases   ] GC(81)   Evacuate Collection Set: 58.45ms
[57.968s][info][gc,phases   ] GC(81)   Post Evacuate Collection Set: 1.56ms
[57.968s][info][gc,phases   ] GC(81)   Other: 0.10ms
[57.968s][info][gc,heap     ] GC(81) Eden regions: 74->0(113)
[57.968s][info][gc,heap     ] GC(81) Survivor regions: 10->11(11)
[57.968s][info][gc,heap     ] GC(81) Old regions: 329->328
[57.968s][info][gc,heap     ] GC(81) Humongous regions: 6->6
[57.968s][info][gc,metaspace] GC(81) Metaspace: 35437K(35776K)->35437K(35776K) NonClass: 33056K(33280K)->33056K(33280K) Class: 2380K(2496K)->2380K(2496K)
[57.968s][info][gc          ] GC(81) Pause Young (Mixed) (G1 Evacuation Pause) 419M->344M(619M) 62.036ms
[57.968s][info][gc,cpu      ] GC(81) User=0.13s Sys=0.00s Real=0.06s
[58.434s][info][gc,start    ] GC(82) Pause Young (Normal) (G1 Evacuation Pause)
[58.434s][info][gc,task     ] GC(82) Using 2 workers of 2 for evacuation
[58.458s][info][gc,phases   ] GC(82)   Pre Evacuate Collection Set: 0.35ms
[58.458s][info][gc,phases   ] GC(82)   Merge Heap Roots: 0.18ms
[58.458s][info][gc,phases   ] GC(82)   Evacuate Collection Set: 22.88ms
[58.458s][info][gc,phases   ] GC(82)   Post Evacuate Collection Set: 0.35ms
[58.458s][info][gc,phases   ] GC(82)   Other: 0.12ms
[58.458s][info][gc,heap     ] GC(82) Eden regions: 113->0(121)
[58.458s][info][gc,heap     ] GC(82) Survivor regions: 11->12(16)
[58.458s][info][gc,heap     ] GC(82) Old regions: 328->337
[58.458s][info][gc,heap     ] GC(82) Humongous regions: 6->6
[58.458s][info][gc,metaspace] GC(82) Metaspace: 35440K(35840K)->35440K(35840K) NonClass: 33059K(33344K)->33059K(33344K) Class: 2380K(2496K)->2380K(2496K)
[58.458s][info][gc          ] GC(82) Pause Young (Normal) (G1 Evacuation Pause) 457M->354M(619M) 24.084ms
[58.458s][info][gc,cpu      ] GC(82) User=0.05s Sys=0.00s Real=0.02s
[58.867s][info][gc,start    ] GC(83) Pause Young (Normal) (G1 Evacuation Pause)
[58.867s][info][gc,task     ] GC(83) Using 2 workers of 2 for evacuation
[58.874s][info][gc,phases   ] GC(83)   Pre Evacuate Collection Set: 0.25ms
[58.874s][info][gc,phases   ] GC(83)   Merge Heap Roots: 0.10ms
[58.874s][info][gc,phases   ] GC(83)   Evacuate Collection Set: 5.81ms
[58.874s][info][gc,phases   ] GC(83)   Post Evacuate Collection Set: 0.36ms
[58.874s][info][gc,phases   ] GC(83)   Other: 0.10ms
[58.874s][info][gc,heap     ] GC(83) Eden regions: 121->0(137)
[58.874s][info][gc,heap     ] GC(83) Survivor regions: 12->4(17)
[58.874s][info][gc,heap     ] GC(83) Old regions: 337->340
[58.874s][info][gc,heap     ] GC(83) Humongous regions: 6->6
[58.874s][info][gc,metaspace] GC(83) Metaspace: 35449K(35840K)->35449K(35840K) NonClass: 33067K(33344K)->33067K(33344K) Class: 2382K(2496K)->2382K(2496K)
[58.874s][info][gc          ] GC(83) Pause Young (Normal) (G1 Evacuation Pause) 475M->350M(619M) 6.817ms
[58.874s][info][gc,cpu      ] GC(83) User=0.02s Sys=0.00s Real=0.01s
[58.993s][info][gc,start    ] GC(84) Pause Young (Concurrent Start) (G1 Humongous Allocation)
[58.993s][info][gc,task     ] GC(84) Using 2 workers of 2 for evacuation
[59.015s][info][gc,phases   ] GC(84)   Pre Evacuate Collection Set: 0.28ms
[59.015s][info][gc,phases   ] GC(84)   Merge Heap Roots: 0.06ms
[59.015s][info][gc,phases   ] GC(84)   Evacuate Collection Set: 21.28ms
[59.015s][info][gc,phases   ] GC(84)   Post Evacuate Collection Set: 0.34ms
[59.015s][info][gc,phases   ] GC(84)   Other: 0.13ms
[59.015s][info][gc,heap     ] GC(84) Eden regions: 36->0(98)
[59.015s][info][gc,heap     ] GC(84) Survivor regions: 4->18(18)
[59.015s][info][gc,heap     ] GC(84) Old regions: 340->356
[59.015s][info][gc,heap     ] GC(84) Humongous regions: 6->6
[59.015s][info][gc,metaspace] GC(84) Metaspace: 35449K(35840K)->35449K(35840K) NonClass: 33067K(33344K)->33067K(33344K) Class: 2382K(2496K)->2382K(2496K)
[59.015s][info][gc          ] GC(84) Pause Young (Concurrent Start) (G1 Humongous Allocation) 385M->380M(619M) 22.276ms
[59.015s][info][gc          ] GC(85) Concurrent Mark Cycle
[59.015s][info][gc,marking  ] GC(85) Concurrent Scan Root Regions
[59.017s][info][gc,cpu      ] GC(84) User=0.05s Sys=0.00s Real=0.02s
[59.042s][info][gc,marking  ] GC(85) Concurrent Scan Root Regions 27.322ms
[59.042s][info][gc,marking  ] GC(85) Concurrent Mark
[59.042s][info][gc,marking  ] GC(85) Concurrent Mark From Roots
[59.042s][info][gc,task     ] GC(85) Using 1 workers of 1 for marking
[59.161s][info][gc,marking  ] GC(85) Concurrent Mark From Roots 118.738ms
[59.161s][info][gc,marking  ] GC(85) Concurrent Preclean
[59.161s][info][gc,marking  ] GC(85) Concurrent Preclean 0.050ms
[59.161s][info][gc,start    ] GC(85) Pause Remark
[59.177s][info][gc          ] GC(85) Pause Remark 402M->183M(540M) 15.732ms
[59.177s][info][gc,cpu      ] GC(85) User=0.03s Sys=0.00s Real=0.01s
[59.179s][info][gc,marking  ] GC(85) Concurrent Mark 136.636ms
[59.179s][info][gc,marking  ] GC(85) Concurrent Rebuild Remembered Sets and Scrub Regions
[59.221s][info][gc,marking  ] GC(85) Concurrent Rebuild Remembered Sets and Scrub Regions 41.819ms
[59.223s][info][gc,start    ] GC(85) Pause Cleanup
[59.223s][info][gc          ] GC(85) Pause Cleanup 188M->188M(540M) 0.084ms
[59.223s][info][gc,cpu      ] GC(85) User=0.00s Sys=0.00s Real=0.00s
[59.223s][info][gc,marking  ] GC(85) Concurrent Clear Claimed Marks
[59.223s][info][gc,marking  ] GC(85) Concurrent Clear Claimed Marks 0.037ms
[59.223s][info][gc,marking  ] GC(85) Concurrent Cleanup for Next Mark
[59.225s][info][gc,marking  ] GC(85) Concurrent Cleanup for Next Mark 1.818ms
[59.225s][info][gc          ] GC(85) Concurrent Mark Cycle 210.037ms
[59.476s][info][gc,start    ] GC(86) Pause Young (Prepare Mixed) (G1 Evacuation Pause)
[59.476s][info][gc,task     ] GC(86) Using 2 workers of 2 for evacuation
[59.502s][info][gc,phases   ] GC(86)   Pre Evacuate Collection Set: 0.25ms
[59.502s][info][gc,phases   ] GC(86)   Merge Heap Roots: 0.22ms
[59.502s][info][gc,phases   ] GC(86)   Evacuate Collection Set: 23.82ms
[59.502s][info][gc,phases   ] GC(86)   Post Evacuate Collection Set: 1.32ms
[59.502s][info][gc,phases   ] GC(86)   Other: 0.10ms
[59.502s][info][gc,heap     ] GC(86) Eden regions: 98->0(174)
[59.502s][info][gc,heap     ] GC(86) Survivor regions: 18->15(15)
[59.502s][info][gc,heap     ] GC(86) Old regions: 141->143
[59.502s][info][gc,heap     ] GC(86) Humongous regions: 3->2
[59.502s][info][gc,metaspace] GC(86) Metaspace: 35456K(35840K)->35456K(35840K) NonClass: 33074K(33344K)->33074K(33344K) Class: 2382K(2496K)->2382K(2496K)
[59.502s][info][gc          ] GC(86) Pause Young (Prepare Mixed) (G1 Evacuation Pause) 260M->160M(540M) 25.948ms
[59.502s][info][gc,cpu      ] GC(86) User=0.05s Sys=0.00s Real=0.03s
[60.097s][info][gc,start    ] GC(87) Pause Young (Mixed) (G1 Evacuation Pause)
[60.097s][info][gc,task     ] GC(87) Using 2 workers of 2 for evacuation
[60.120s][info][gc,phases   ] GC(87)   Pre Evacuate Collection Set: 0.31ms
[60.120s][info][gc,phases   ] GC(87)   Merge Heap Roots: 0.20ms
[60.120s][info][gc,phases   ] GC(87)   Evacuate Collection Set: 20.04ms
[60.120s][info][gc,phases   ] GC(87)   Post Evacuate Collection Set: 1.77ms
[60.120s][info][gc,phases   ] GC(87)   Other: 0.08ms
[60.120s][info][gc,heap     ] GC(87) Eden regions: 174->0(217)
[60.120s][info][gc,heap     ] GC(87) Survivor regions: 15->4(24)
[60.120s][info][gc,heap     ] GC(87) Old regions: 143->106
[60.120s][info][gc,heap     ] GC(87) Humongous regions: 3->2
[60.120s][info][gc,metaspace] GC(87) Metaspace: 35465K(35840K)->35465K(35840K) NonClass: 33083K(33344K)->33083K(33344K) Class: 2382K(2496K)->2382K(2496K)
[60.120s][info][gc          ] GC(87) Pause Young (Mixed) (G1 Evacuation Pause) 335M->112M(540M) 22.612ms
[60.120s][info][gc,cpu      ] GC(87) User=0.04s Sys=0.00s Real=0.02s
[60.795s][info][gc,start    ] GC(88) Pause Young (Normal) (G1 Evacuation Pause)
[60.795s][info][gc,task     ] GC(88) Using 2 workers of 2 for evacuation
[60.802s][info][gc,phases   ] GC(88)   Pre Evacuate Collection Set: 0.22ms
[60.802s][info][gc,phases   ] GC(88)   Merge Heap Roots: 0.07ms
[60.802s][info][gc,phases   ] GC(88)   Evacuate Collection Set: 6.41ms
[60.802s][info][gc,phases   ] GC(88)   Post Evacuate Collection Set: 0.46ms
[60.802s][info][gc,phases   ] GC(88)   Other: 0.07ms
[60.802s][info][gc,heap     ] GC(88) Eden regions: 217->0(237)
[60.802s][info][gc,heap     ] GC(88) Survivor regions: 4->8(28)
[60.802s][info][gc,heap     ] GC(88) Old regions: 106->106
[60.802s][info][gc,heap     ] GC(88) Humongous regions: 5->2
[60.802s][info][gc,metaspace] GC(88) Metaspace: 35466K(35840K)->35466K(35840K) NonClass: 33084K(33344K)->33084K(33344K) Class: 2382K(2496K)->2382K(2496K)
[60.802s][info][gc          ] GC(88) Pause Young (Normal) (G1 Evacuation Pause) 332M->115M(540M) 7.419ms
[60.802s][info][gc,cpu      ] GC(88) User=0.02s Sys=0.00s Real=0.01s
[61.557s][info][gc,start    ] GC(89) Pause Young (Normal) (G1 Evacuation Pause)
[61.557s][info][gc,task     ] GC(89) Using 2 workers of 2 for evacuation
[61.579s][info][gc,phases   ] GC(89)   Pre Evacuate Collection Set: 0.28ms
[61.579s][info][gc,phases   ] GC(89)   Merge Heap Roots: 0.06ms
[61.579s][info][gc,phases   ] GC(89)   Evacuate Collection Set: 21.21ms
[61.579s][info][gc,phases   ] GC(89)   Post Evacuate Collection Set: 0.50ms
[61.579s][info][gc,phases   ] GC(89)   Other: 0.07ms
[61.579s][info][gc,heap     ] GC(89) Eden regions: 237->0(236)
[61.579s][info][gc,heap     ] GC(89) Survivor regions: 8->29(31)
[61.579s][info][gc,heap     ] GC(89) Old regions: 106->106
[61.579s][info][gc,heap     ] GC(89) Humongous regions: 5->3
[61.579s][info][gc,metaspace] GC(89) Metaspace: 35467K(35840K)->35467K(35840K) NonClass: 33085K(33344K)->33085K(33344K) Class: 2382K(2496K)->2382K(2496K)
[61.579s][info][gc          ] GC(89) Pause Young (Normal) (G1 Evacuation Pause) 355M->137M(540M) 22.310ms
[61.579s][info][gc,cpu      ] GC(89) User=0.04s Sys=0.00s Real=0.02s
[62.317s][info][gc,start    ] GC(90) Pause Young (Normal) (G1 Evacuation Pause)
[62.317s][info][gc,task     ] GC(90) Using 2 workers of 2 for evacuation
[62.334s][info][gc,phases   ] GC(90)   Pre Evacuate Collection Set: 0.28ms
[62.334s][info][gc,phases   ] GC(90)   Merge Heap Roots: 0.11ms
[62.334s][info][gc,phases   ] GC(90)   Evacuate Collection Set: 15.24ms
[62.334s][info][gc,phases   ] GC(90)   Post Evacuate Collection Set: 0.50ms
[62.334s][info][gc,phases   ] GC(90)   Other: 0.07ms
[62.334s][info][gc,heap     ] GC(90) Eden regions: 236->0(254)
[62.334s][info][gc,heap     ] GC(90) Survivor regions: 29->21(34)
[62.334s][info][gc,heap     ] GC(90) Old regions: 106->108
[62.334s][info][gc,heap     ] GC(90) Humongous regions: 5->2
[62.334s][info][gc,metaspace] GC(90) Metaspace: 35519K(35840K)->35519K(35840K) NonClass: 33133K(33344K)->33133K(33344K) Class: 2386K(2496K)->2386K(2496K)
[62.334s][info][gc          ] GC(90) Pause Young (Normal) (G1 Evacuation Pause) 375M->130M(540M) 16.419ms
[62.334s][info][gc,cpu      ] GC(90) User=0.03s Sys=0.00s Real=0.02s
[63.049s][info][gc,start    ] GC(91) Pause Young (Normal) (G1 Evacuation Pause)
[63.049s][info][gc,task     ] GC(91) Using 2 workers of 2 for evacuation
[63.061s][info][gc,phases   ] GC(91)   Pre Evacuate Collection Set: 0.23ms
[63.061s][info][gc,phases   ] GC(91)   Merge Heap Roots: 0.08ms
[63.061s][info][gc,phases   ] GC(91)   Evacuate Collection Set: 11.11ms
[63.061s][info][gc,phases   ] GC(91)   Post Evacuate Collection Set: 0.49ms
[63.061s][info][gc,phases   ] GC(91)   Other: 0.08ms
[63.061s][info][gc,heap     ] GC(91) Eden regions: 254->0(264)
[63.061s][info][gc,heap     ] GC(91) Survivor regions: 21->2(35)
[63.061s][info][gc,heap     ] GC(91) Old regions: 108->128
[63.061s][info][gc,heap     ] GC(91) Humongous regions: 3->2
[63.061s][info][gc,metaspace] GC(91) Metaspace: 35532K(35904K)->35532K(35904K) NonClass: 33146K(33408K)->33146K(33408K) Class: 2386K(2496K)->2386K(2496K)
[63.061s][info][gc          ] GC(91) Pause Young (Normal) (G1 Evacuation Pause) 385M->132M(540M) 12.164ms
[63.061s][info][gc,cpu      ] GC(91) User=0.02s Sys=0.00s Real=0.01s
[63.738s][info][gc,start    ] GC(92) Pause Young (Normal) (G1 Evacuation Pause)
[63.738s][info][gc,task     ] GC(92) Using 2 workers of 2 for evacuation
[63.743s][info][gc,phases   ] GC(92)   Pre Evacuate Collection Set: 0.22ms
[63.743s][info][gc,phases   ] GC(92)   Merge Heap Roots: 0.12ms
[63.743s][info][gc,phases   ] GC(92)   Evacuate Collection Set: 3.82ms
[63.743s][info][gc,phases   ] GC(92)   Post Evacuate Collection Set: 0.52ms
[63.743s][info][gc,phases   ] GC(92)   Other: 0.09ms
[63.743s][info][gc,heap     ] GC(92) Eden regions: 264->0(276)
[63.743s][info][gc,heap     ] GC(92) Survivor regions: 2->5(34)
[63.743s][info][gc,heap     ] GC(92) Old regions: 128->128
[63.743s][info][gc,heap     ] GC(92) Humongous regions: 3->1
[63.743s][info][gc,metaspace] GC(92) Metaspace: 35923K(36288K)->35923K(36288K) NonClass: 33477K(33728K)->33477K(33728K) Class: 2445K(2560K)->2445K(2560K)
[63.743s][info][gc          ] GC(92) Pause Young (Normal) (G1 Evacuation Pause) 397M->133M(540M) 4.947ms
[63.743s][info][gc,cpu      ] GC(92) User=0.01s Sys=0.00s Real=0.01s
[64.168s][info][gc,start    ] GC(93) Pause Young (Normal) (G1 Evacuation Pause)
[64.168s][info][gc,task     ] GC(93) Using 2 workers of 2 for evacuation
[64.175s][info][gc,phases   ] GC(93)   Pre Evacuate Collection Set: 0.29ms
[64.175s][info][gc,phases   ] GC(93)   Merge Heap Roots: 0.07ms
[64.175s][info][gc,phases   ] GC(93)   Evacuate Collection Set: 5.59ms
[64.175s][info][gc,phases   ] GC(93)   Post Evacuate Collection Set: 0.48ms
[64.175s][info][gc,phases   ] GC(93)   Other: 0.08ms
[64.175s][info][gc,heap     ] GC(93) Eden regions: 276->0(287)
[64.175s][info][gc,heap     ] GC(93) Survivor regions: 5->6(36)
[64.175s][info][gc,heap     ] GC(93) Old regions: 128->128
[64.175s][info][gc,heap     ] GC(93) Humongous regions: 1->1
[64.175s][info][gc,metaspace] GC(93) Metaspace: 35960K(36288K)->35960K(36288K) NonClass: 33514K(33728K)->33514K(33728K) Class: 2445K(2560K)->2445K(2560K)
[64.175s][info][gc          ] GC(93) Pause Young (Normal) (G1 Evacuation Pause) 409M->134M(540M) 6.700ms
[64.175s][info][gc,cpu      ] GC(93) User=0.01s Sys=0.00s Real=0.01s
[64.192s][info][gc,start    ] GC(94) Pause Young (Concurrent Start) (G1 Humongous Allocation)
[64.192s][info][gc,task     ] GC(94) Using 2 workers of 2 for evacuation
[64.198s][info][gc,phases   ] GC(94)   Pre Evacuate Collection Set: 0.30ms
[64.198s][info][gc,phases   ] GC(94)   Merge Heap Roots: 2.06ms
[64.198s][info][gc,phases   ] GC(94)   Evacuate Collection Set: 3.74ms
[64.198s][info][gc,phases   ] GC(94)   Post Evacuate Collection Set: 0.27ms
[64.198s][info][gc,phases   ] GC(94)   Other: 0.09ms
[64.198s][info][gc,heap     ] GC(94) Eden regions: 1->0(281)
[64.198s][info][gc,heap     ] GC(94) Survivor regions: 6->4(37)
[64.198s][info][gc,heap     ] GC(94) Old regions: 128->128
[64.198s][info][gc,heap     ] GC(94) Humongous regions: 1->1
[64.198s][info][gc,metaspace] GC(94) Metaspace: 36089K(36480K)->36089K(36480K) NonClass: 33628K(33856K)->33628K(33856K) Class: 2461K(2624K)->2461K(2624K)
[64.198s][info][gc          ] GC(94) Pause Young (Concurrent Start) (G1 Humongous Allocation) 135M->132M(540M) 6.656ms
[64.198s][info][gc          ] GC(95) Concurrent Mark Cycle
[64.198s][info][gc,marking  ] GC(95) Concurrent Scan Root Regions
[64.200s][info][gc,cpu      ] GC(94) User=0.02s Sys=0.00s Real=0.00s
[64.202s][info][gc,marking  ] GC(95) Concurrent Scan Root Regions 3.773ms
[64.202s][info][gc,marking  ] GC(95) Concurrent Mark
[64.202s][info][gc,marking  ] GC(95) Concurrent Mark From Roots
[64.202s][info][gc,task     ] GC(95) Using 1 workers of 1 for marking
[64.341s][info][gc,marking  ] GC(95) Concurrent Mark From Roots 138.665ms
[64.341s][info][gc,marking  ] GC(95) Concurrent Preclean
[64.341s][info][gc,marking  ] GC(95) Concurrent Preclean 0.043ms
[64.341s][info][gc,start    ] GC(95) Pause Remark
[64.354s][info][gc          ] GC(95) Pause Remark 147M->115M(344M) 13.374ms
[64.355s][info][gc,cpu      ] GC(95) User=0.02s Sys=0.00s Real=0.01s
[64.357s][info][gc,marking  ] GC(95) Concurrent Mark 154.993ms
[64.357s][info][gc,marking  ] GC(95) Concurrent Rebuild Remembered Sets and Scrub Regions
[64.421s][info][gc,marking  ] GC(95) Concurrent Rebuild Remembered Sets and Scrub Regions 63.364ms
[64.421s][info][gc,start    ] GC(95) Pause Cleanup
[64.421s][info][gc          ] GC(95) Pause Cleanup 119M->119M(344M) 0.061ms
[64.421s][info][gc,cpu      ] GC(95) User=0.00s Sys=0.00s Real=0.00s
[64.421s][info][gc,marking  ] GC(95) Concurrent Clear Claimed Marks
[64.421s][info][gc,marking  ] GC(95) Concurrent Clear Claimed Marks 0.046ms
[64.421s][info][gc,marking  ] GC(95) Concurrent Cleanup for Next Mark
[64.424s][info][gc,marking  ] GC(95) Concurrent Cleanup for Next Mark 2.902ms
[64.424s][info][gc          ] GC(95) Concurrent Mark Cycle 225.820ms
[65.325s][info][gc,start    ] GC(96) Pause Young (Prepare Mixed) (G1 Evacuation Pause)
[65.325s][info][gc,task     ] GC(96) Using 2 workers of 2 for evacuation
[65.341s][info][gc,phases   ] GC(96)   Pre Evacuate Collection Set: 0.33ms
[65.341s][info][gc,phases   ] GC(96)   Merge Heap Roots: 0.09ms
[65.341s][info][gc,phases   ] GC(96)   Evacuate Collection Set: 14.96ms
[65.341s][info][gc,phases   ] GC(96)   Post Evacuate Collection Set: 0.81ms
[65.341s][info][gc,phases   ] GC(96)   Other: 0.07ms
[65.341s][info][gc,heap     ] GC(96) Eden regions: 93->0(284)
[65.341s][info][gc,heap     ] GC(96) Survivor regions: 4->10(36)
[65.341s][info][gc,heap     ] GC(96) Old regions: 96->96
[65.341s][info][gc,heap     ] GC(96) Humongous regions: 297->3
[65.341s][info][gc,metaspace] GC(96) Metaspace: 38023K(38400K)->38023K(38400K) NonClass: 35427K(35648K)->35427K(35648K) Class: 2596K(2752K)->2596K(2752K)
[65.341s][info][gc          ] GC(96) Pause Young (Prepare Mixed) (G1 Evacuation Pause) 489M->109M(500M) 16.469ms
[65.341s][info][gc,cpu      ] GC(96) User=0.03s Sys=0.01s Real=0.02s
[66.197s][info][gc,start    ] GC(97) Pause Young (Mixed) (G1 Evacuation Pause)
[66.197s][info][gc,task     ] GC(97) Using 2 workers of 2 for evacuation
[66.227s][info][gc,phases   ] GC(97)   Pre Evacuate Collection Set: 0.28ms
[66.227s][info][gc,phases   ] GC(97)   Merge Heap Roots: 0.12ms
[66.227s][info][gc,phases   ] GC(97)   Evacuate Collection Set: 27.96ms
[66.227s][info][gc,phases   ] GC(97)   Post Evacuate Collection Set: 1.49ms
[66.227s][info][gc,phases   ] GC(97)   Other: 0.07ms
[66.228s][info][gc,heap     ] GC(97) Eden regions: 79->0(383)
[66.228s][info][gc,heap     ] GC(97) Survivor regions: 10->18(37)
[66.228s][info][gc,heap     ] GC(97) Old regions: 96->69
[66.228s][info][gc,heap     ] GC(97) Humongous regions: 463->3
[66.228s][info][gc,metaspace] GC(97) Metaspace: 38279K(38656K)->38279K(38656K) NonClass: 35682K(35904K)->35682K(35904K) Class: 2597K(2752K)->2597K(2752K)
[66.228s][info][gc          ] GC(97) Pause Young (Mixed) (G1 Evacuation Pause) 648M->89M(669M) 30.153ms
[66.228s][info][gc,cpu      ] GC(97) User=0.04s Sys=0.02s Real=0.03s
[66.519s][info][gc,start    ] GC(98) Pause Young (Concurrent Start) (G1 Humongous Allocation)
[66.519s][info][gc,task     ] GC(98) Using 2 workers of 2 for evacuation
[66.544s][info][gc,phases   ] GC(98)   Pre Evacuate Collection Set: 0.35ms
[66.544s][info][gc,phases   ] GC(98)   Merge Heap Roots: 0.05ms
[66.544s][info][gc,phases   ] GC(98)   Evacuate Collection Set: 24.45ms
[66.544s][info][gc,phases   ] GC(98)   Post Evacuate Collection Set: 0.55ms
[66.544s][info][gc,phases   ] GC(98)   Other: 0.12ms
[66.544s][info][gc,heap     ] GC(98) Eden regions: 34->0(378)
[66.544s][info][gc,heap     ] GC(98) Survivor regions: 18->23(51)
[66.544s][info][gc,heap     ] GC(98) Old regions: 69->69
[66.544s][info][gc,heap     ] GC(98) Humongous regions: 179->1
[66.544s][info][gc,metaspace] GC(98) Metaspace: 38323K(38720K)->38323K(38720K) NonClass: 35726K(35968K)->35726K(35968K) Class: 2597K(2752K)->2597K(2752K)
[66.544s][info][gc          ] GC(98) Pause Young (Concurrent Start) (G1 Humongous Allocation) 298M->91M(669M) 25.714ms
[66.544s][info][gc,cpu      ] GC(98) User=0.04s Sys=0.00s Real=0.03s
[66.544s][info][gc          ] GC(99) Concurrent Undo Cycle
[66.544s][info][gc,marking  ] GC(99) Concurrent Clear Claimed Marks
[66.544s][info][gc,marking  ] GC(99) Concurrent Clear Claimed Marks 0.037ms
[66.544s][info][gc,marking  ] GC(99) Concurrent Cleanup for Next Mark
[66.546s][info][gc,marking  ] GC(99) Concurrent Cleanup for Next Mark 1.844ms
[66.546s][info][gc          ] GC(99) Concurrent Undo Cycle 1.978ms
[66.681s][info][gc,start    ] GC(100) Pause Young (Concurrent Start) (G1 Humongous Allocation)
[66.681s][info][gc,task     ] GC(100) Using 2 workers of 2 for evacuation
[66.710s][info][gc,phases   ] GC(100)   Pre Evacuate Collection Set: 0.32ms
[66.710s][info][gc,phases   ] GC(100)   Merge Heap Roots: 0.07ms
[66.710s][info][gc,phases   ] GC(100)   Evacuate Collection Set: 27.70ms
[66.710s][info][gc,phases   ] GC(100)   Post Evacuate Collection Set: 0.74ms
[66.710s][info][gc,phases   ] GC(100)   Other: 0.11ms
[66.710s][info][gc,heap     ] GC(100) Eden regions: 17->0(375)
[66.710s][info][gc,heap     ] GC(100) Survivor regions: 23->26(51)
[66.710s][info][gc,heap     ] GC(100) Old regions: 69->69
[66.710s][info][gc,heap     ] GC(100) Humongous regions: 75->1
[66.710s][info][gc,metaspace] GC(100) Metaspace: 38333K(38720K)->38333K(38720K) NonClass: 35736K(35968K)->35736K(35968K) Class: 2597K(2752K)->2597K(2752K)
[66.710s][info][gc          ] GC(100) Pause Young (Concurrent Start) (G1 Humongous Allocation) 181M->95M(669M) 29.125ms
[66.710s][info][gc,cpu      ] GC(100) User=0.05s Sys=0.00s Real=0.03s
[66.710s][info][gc          ] GC(101) Concurrent Undo Cycle
[66.712s][info][gc,marking  ] GC(101) Concurrent Clear Claimed Marks
[66.712s][info][gc,marking  ] GC(101) Concurrent Clear Claimed Marks 0.047ms
[66.712s][info][gc,marking  ] GC(101) Concurrent Cleanup for Next Mark
[66.712s][info][gc,marking  ] GC(101) Concurrent Cleanup for Next Mark 0.185ms
[66.712s][info][gc          ] GC(101) Concurrent Undo Cycle 2.615ms
[66.857s][info][gc,start    ] GC(102) Pause Young (Concurrent Start) (G1 Humongous Allocation)
[66.857s][info][gc,task     ] GC(102) Using 2 workers of 2 for evacuation
[66.884s][info][gc,phases   ] GC(102)   Pre Evacuate Collection Set: 0.30ms
[66.884s][info][gc,phases   ] GC(102)   Merge Heap Roots: 0.05ms
[66.884s][info][gc,phases   ] GC(102)   Evacuate Collection Set: 26.00ms
[66.884s][info][gc,phases   ] GC(102)   Post Evacuate Collection Set: 0.41ms
[66.884s][info][gc,phases   ] GC(102)   Other: 0.11ms
[66.884s][info][gc,heap     ] GC(102) Eden regions: 18->0(373)
[66.884s][info][gc,heap     ] GC(102) Survivor regions: 26->28(51)
[66.884s][info][gc,heap     ] GC(102) Old regions: 69->69
[66.884s][info][gc,heap     ] GC(102) Humongous regions: 79->1
[66.884s][info][gc,metaspace] GC(102) Metaspace: 38352K(38720K)->38352K(38720K) NonClass: 35755K(35968K)->35755K(35968K) Class: 2597K(2752K)->2597K(2752K)
[66.884s][info][gc          ] GC(102) Pause Young (Concurrent Start) (G1 Humongous Allocation) 190M->97M(669M) 27.113ms
[66.884s][info][gc,cpu      ] GC(102) User=0.05s Sys=0.00s Real=0.03s
[66.884s][info][gc          ] GC(103) Concurrent Undo Cycle
[66.884s][info][gc,marking  ] GC(103) Concurrent Clear Claimed Marks
[66.884s][info][gc,marking  ] GC(103) Concurrent Clear Claimed Marks 0.035ms
[66.884s][info][gc,marking  ] GC(103) Concurrent Cleanup for Next Mark
[66.884s][info][gc,marking  ] GC(103) Concurrent Cleanup for Next Mark 0.188ms
[66.885s][info][gc          ] GC(103) Concurrent Undo Cycle 0.303ms
[67.010s][info][gc,start    ] GC(104) Pause Young (Concurrent Start) (G1 Humongous Allocation)
[67.010s][info][gc,task     ] GC(104) Using 2 workers of 2 for evacuation
[67.039s][info][gc,phases   ] GC(104)   Pre Evacuate Collection Set: 0.31ms
[67.039s][info][gc,phases   ] GC(104)   Merge Heap Roots: 0.05ms
[67.039s][info][gc,phases   ] GC(104)   Evacuate Collection Set: 27.00ms
[67.039s][info][gc,phases   ] GC(104)   Post Evacuate Collection Set: 0.81ms
[67.039s][info][gc,phases   ] GC(104)   Other: 0.11ms
[67.039s][info][gc,heap     ] GC(104) Eden regions: 15->0(374)
[67.039s][info][gc,heap     ] GC(104) Survivor regions: 28->27(51)
[67.039s][info][gc,heap     ] GC(104) Old regions: 69->71
[67.039s][info][gc,heap     ] GC(104) Humongous regions: 81->1
[67.039s][info][gc,metaspace] GC(104) Metaspace: 38355K(38720K)->38355K(38720K) NonClass: 35758K(35968K)->35758K(35968K) Class: 2597K(2752K)->2597K(2752K)
[67.039s][info][gc          ] GC(104) Pause Young (Concurrent Start) (G1 Humongous Allocation) 191M->98M(669M) 28.483ms
[67.039s][info][gc,cpu      ] GC(104) User=0.06s Sys=0.00s Real=0.03s
[67.039s][info][gc          ] GC(105) Concurrent Undo Cycle
[67.039s][info][gc,marking  ] GC(105) Concurrent Clear Claimed Marks
[67.039s][info][gc,marking  ] GC(105) Concurrent Clear Claimed Marks 0.037ms
[67.039s][info][gc,marking  ] GC(105) Concurrent Cleanup for Next Mark
[67.039s][info][gc,marking  ] GC(105) Concurrent Cleanup for Next Mark 0.170ms
[67.039s][info][gc          ] GC(105) Concurrent Undo Cycle 0.288ms
[67.145s][info][gc,start    ] GC(106) Pause Young (Concurrent Start) (G1 Humongous Allocation)
[67.145s][info][gc,task     ] GC(106) Using 2 workers of 2 for evacuation
[67.172s][info][gc,phases   ] GC(106)   Pre Evacuate Collection Set: 0.30ms
[67.172s][info][gc,phases   ] GC(106)   Merge Heap Roots: 0.06ms
[67.172s][info][gc,phases   ] GC(106)   Evacuate Collection Set: 24.75ms
[67.172s][info][gc,phases   ] GC(106)   Post Evacuate Collection Set: 1.13ms
[67.172s][info][gc,phases   ] GC(106)   Other: 0.12ms
[67.172s][info][gc,heap     ] GC(106) Eden regions: 12->0(414)
[67.172s][info][gc,heap     ] GC(106) Survivor regions: 27->22(51)
[67.172s][info][gc,heap     ] GC(106) Old regions: 71->77
[67.172s][info][gc,heap     ] GC(106) Humongous regions: 81->1
[67.172s][info][gc,metaspace] GC(106) Metaspace: 38355K(38720K)->38355K(38720K) NonClass: 35758K(35968K)->35758K(35968K) Class: 2597K(2752K)->2597K(2752K)
[67.172s][info][gc          ] GC(106) Pause Young (Concurrent Start) (G1 Humongous Allocation) 190M->99M(727M) 26.561ms
[67.172s][info][gc,cpu      ] GC(106) User=0.05s Sys=0.00s Real=0.03s
[67.172s][info][gc          ] GC(107) Concurrent Undo Cycle
[67.172s][info][gc,marking  ] GC(107) Concurrent Clear Claimed Marks
[67.172s][info][gc,marking  ] GC(107) Concurrent Clear Claimed Marks 0.045ms
[67.172s][info][gc,marking  ] GC(107) Concurrent Cleanup for Next Mark
[67.172s][info][gc,marking  ] GC(107) Concurrent Cleanup for Next Mark 0.186ms
[67.172s][info][gc          ] GC(107) Concurrent Undo Cycle 0.326ms
[67.390s][info][gc,start    ] GC(108) Pause Young (Concurrent Start) (G1 Humongous Allocation)
[67.390s][info][gc,task     ] GC(108) Using 2 workers of 2 for evacuation
[67.430s][info][gc,phases   ] GC(108)   Pre Evacuate Collection Set: 0.28ms
[67.430s][info][gc,phases   ] GC(108)   Merge Heap Roots: 0.14ms
[67.430s][info][gc,phases   ] GC(108)   Evacuate Collection Set: 38.60ms
[67.430s][info][gc,phases   ] GC(108)   Post Evacuate Collection Set: 0.42ms
[67.430s][info][gc,phases   ] GC(108)   Other: 0.15ms
[67.430s][info][gc,heap     ] GC(108) Eden regions: 28->0(407)
[67.430s][info][gc,heap     ] GC(108) Survivor regions: 22->29(55)
[67.430s][info][gc,heap     ] GC(108) Old regions: 77->77
[67.430s][info][gc,heap     ] GC(108) Humongous regions: 93->1
[67.430s][info][gc,metaspace] GC(108) Metaspace: 38383K(38784K)->38383K(38784K) NonClass: 35786K(36032K)->35786K(36032K) Class: 2597K(2752K)->2597K(2752K)
[67.430s][info][gc          ] GC(108) Pause Young (Concurrent Start) (G1 Humongous Allocation) 219M->107M(727M) 39.813ms
[67.430s][info][gc,cpu      ] GC(108) User=0.06s Sys=0.01s Real=0.04s
[67.430s][info][gc          ] GC(109) Concurrent Undo Cycle
[67.430s][info][gc,marking  ] GC(109) Concurrent Clear Claimed Marks
[67.430s][info][gc,marking  ] GC(109) Concurrent Clear Claimed Marks 0.040ms
[67.430s][info][gc,marking  ] GC(109) Concurrent Cleanup for Next Mark
[67.430s][info][gc,marking  ] GC(109) Concurrent Cleanup for Next Mark 0.197ms
[67.430s][info][gc          ] GC(109) Concurrent Undo Cycle 0.351ms
[69.638s][info][gc,start    ] GC(110) Pause Young (Normal) (G1 Evacuation Pause)
[69.638s][info][gc,task     ] GC(110) Using 2 workers of 2 for evacuation
[69.671s][info][gc,phases   ] GC(110)   Pre Evacuate Collection Set: 0.28ms
[69.671s][info][gc,phases   ] GC(110)   Merge Heap Roots: 0.17ms
[69.671s][info][gc,phases   ] GC(110)   Evacuate Collection Set: 31.77ms
[69.671s][info][gc,phases   ] GC(110)   Post Evacuate Collection Set: 0.71ms
[69.671s][info][gc,phases   ] GC(110)   Other: 0.16ms
[69.672s][info][gc,heap     ] GC(110) Eden regions: 407->0(407)
[69.672s][info][gc,heap     ] GC(110) Survivor regions: 29->29(55)
[69.672s][info][gc,heap     ] GC(110) Old regions: 77->86
[69.672s][info][gc,heap     ] GC(110) Humongous regions: 49->1
[69.672s][info][gc,metaspace] GC(110) Metaspace: 39428K(39808K)->39428K(39808K) NonClass: 36738K(36992K)->36738K(36992K) Class: 2690K(2816K)->2690K(2816K)
[69.672s][info][gc          ] GC(110) Pause Young (Normal) (G1 Evacuation Pause) 562M->114M(727M) 33.288ms
[69.672s][info][gc,cpu      ] GC(110) User=0.06s Sys=0.00s Real=0.04s
[70.723s][info][gc,start    ] GC(111) Pause Young (Normal) (G1 Evacuation Pause)
[70.723s][info][gc,task     ] GC(111) Using 2 workers of 2 for evacuation
[70.756s][info][gc,phases   ] GC(111)   Pre Evacuate Collection Set: 0.27ms
[70.756s][info][gc,phases   ] GC(111)   Merge Heap Roots: 0.13ms
[70.756s][info][gc,phases   ] GC(111)   Evacuate Collection Set: 30.39ms
[70.756s][info][gc,phases   ] GC(111)   Post Evacuate Collection Set: 1.80ms
[70.756s][info][gc,phases   ] GC(111)   Other: 0.11ms
[70.756s][info][gc,heap     ] GC(111) Eden regions: 407->0(413)
[70.756s][info][gc,heap     ] GC(111) Survivor regions: 29->23(55)
[70.756s][info][gc,heap     ] GC(111) Old regions: 86->91
[70.756s][info][gc,heap     ] GC(111) Humongous regions: 1->1
[70.756s][info][gc,metaspace] GC(111) Metaspace: 39457K(39872K)->39457K(39872K) NonClass: 36766K(37056K)->36766K(37056K) Class: 2690K(2816K)->2690K(2816K)
[70.756s][info][gc          ] GC(111) Pause Young (Normal) (G1 Evacuation Pause) 521M->114M(727M) 32.928ms
[70.756s][info][gc,cpu      ] GC(111) User=0.07s Sys=0.00s Real=0.03s
[72.728s][info][gc,start    ] GC(112) Pause Young (Normal) (G1 Evacuation Pause)
[72.728s][info][gc,task     ] GC(112) Using 2 workers of 2 for evacuation
[72.754s][info][gc,phases   ] GC(112)   Pre Evacuate Collection Set: 0.38ms
[72.754s][info][gc,phases   ] GC(112)   Merge Heap Roots: 0.15ms
[72.754s][info][gc,phases   ] GC(112)   Evacuate Collection Set: 23.84ms
[72.754s][info][gc,phases   ] GC(112)   Post Evacuate Collection Set: 0.74ms
[72.754s][info][gc,phases   ] GC(112)   Other: 0.12ms
[72.754s][info][gc,heap     ] GC(112) Eden regions: 413->0(407)
[72.754s][info][gc,heap     ] GC(112) Survivor regions: 23->29(55)
[72.754s][info][gc,heap     ] GC(112) Old regions: 91->91
[72.754s][info][gc,heap     ] GC(112) Humongous regions: 1->1
[72.754s][info][gc,metaspace] GC(112) Metaspace: 40323K(40768K)->40323K(40768K) NonClass: 37536K(37824K)->37536K(37824K) Class: 2787K(2944K)->2787K(2944K)
[72.754s][info][gc          ] GC(112) Pause Young (Normal) (G1 Evacuation Pause) 527M->120M(727M) 25.439ms
[72.754s][info][gc,cpu      ] GC(112) User=0.05s Sys=0.00s Real=0.03s
[75.316s][info][gc,start    ] GC(113) Pause Young (Normal) (G1 Evacuation Pause)
[75.316s][info][gc,task     ] GC(113) Using 2 workers of 2 for evacuation
[75.346s][info][gc,phases   ] GC(113)   Pre Evacuate Collection Set: 0.27ms
[75.346s][info][gc,phases   ] GC(113)   Merge Heap Roots: 0.15ms
[75.346s][info][gc,phases   ] GC(113)   Evacuate Collection Set: 28.18ms
[75.346s][info][gc,phases   ] GC(113)   Post Evacuate Collection Set: 0.95ms
[75.346s][info][gc,phases   ] GC(113)   Other: 0.10ms
[75.346s][info][gc,heap     ] GC(113) Eden regions: 407->0(407)
[75.346s][info][gc,heap     ] GC(113) Survivor regions: 29->29(55)
[75.346s][info][gc,heap     ] GC(113) Old regions: 91->94
[75.346s][info][gc,heap     ] GC(113) Humongous regions: 13->3
[75.346s][info][gc,metaspace] GC(113) Metaspace: 40889K(41280K)->40889K(41280K) NonClass: 38077K(38336K)->38077K(38336K) Class: 2812K(2944K)->2812K(2944K)
[75.346s][info][gc          ] GC(113) Pause Young (Normal) (G1 Evacuation Pause) 539M->124M(727M) 29.837ms
[75.346s][info][gc,cpu      ] GC(113) User=0.06s Sys=0.00s Real=0.03s
[76.735s][info][gc,start    ] GC(114) Pause Young (Normal) (G1 Evacuation Pause)
[76.735s][info][gc,task     ] GC(114) Using 2 workers of 2 for evacuation
[76.817s][info][gc,phases   ] GC(114)   Pre Evacuate Collection Set: 0.36ms
[76.817s][info][gc,phases   ] GC(114)   Merge Heap Roots: 0.17ms
[76.817s][info][gc,phases   ] GC(114)   Evacuate Collection Set: 80.34ms
[76.817s][info][gc,phases   ] GC(114)   Post Evacuate Collection Set: 0.85ms
[76.817s][info][gc,phases   ] GC(114)   Other: 0.10ms
[76.817s][info][gc,heap     ] GC(114) Eden regions: 407->0(381)
[76.817s][info][gc,heap     ] GC(114) Survivor regions: 29->55(55)
[76.817s][info][gc,heap     ] GC(114) Old regions: 94->111
[76.817s][info][gc,heap     ] GC(114) Humongous regions: 6->6
[76.817s][info][gc,metaspace] GC(114) Metaspace: 40915K(41344K)->40915K(41344K) NonClass: 38103K(38400K)->38103K(38400K) Class: 2812K(2944K)->2812K(2944K)
[76.817s][info][gc          ] GC(114) Pause Young (Normal) (G1 Evacuation Pause) 534M->171M(727M) 82.053ms
[76.817s][info][gc,cpu      ] GC(114) User=0.16s Sys=0.01s Real=0.08s
[78.167s][info][gc,start    ] GC(115) Pause Young (Normal) (G1 Evacuation Pause)
[78.167s][info][gc,task     ] GC(115) Using 2 workers of 2 for evacuation
[78.289s][info][gc,phases   ] GC(115)   Pre Evacuate Collection Set: 0.39ms
[78.289s][info][gc,phases   ] GC(115)   Merge Heap Roots: 0.40ms
[78.289s][info][gc,phases   ] GC(115)   Evacuate Collection Set: 119.64ms
[78.289s][info][gc,phases   ] GC(115)   Post Evacuate Collection Set: 0.83ms
[78.289s][info][gc,phases   ] GC(115)   Other: 0.10ms
[78.289s][info][gc,heap     ] GC(115) Eden regions: 381->0(388)
[78.289s][info][gc,heap     ] GC(115) Survivor regions: 55->48(55)
[78.289s][info][gc,heap     ] GC(115) Old regions: 111->166
[78.289s][info][gc,heap     ] GC(115) Humongous regions: 11->10
[78.289s][info][gc,metaspace] GC(115) Metaspace: 40936K(41344K)->40936K(41344K) NonClass: 38124K(38400K)->38124K(38400K) Class: 2812K(2944K)->2812K(2944K)
[78.289s][info][gc          ] GC(115) Pause Young (Normal) (G1 Evacuation Pause) (Evacuation Failure: Pinned) 557M->224M(727M) 121.565ms
[78.289s][info][gc,cpu      ] GC(115) User=0.24s Sys=0.00s Real=0.12s
[81.342s][info][gc,start    ] GC(116) Pause Young (Concurrent Start) (G1 Humongous Allocation)
[81.342s][info][gc,task     ] GC(116) Using 2 workers of 2 for evacuation
[81.395s][info][gc,phases   ] GC(116)   Pre Evacuate Collection Set: 0.35ms
[81.395s][info][gc,phases   ] GC(116)   Merge Heap Roots: 0.15ms
[81.395s][info][gc,phases   ] GC(116)   Evacuate Collection Set: 51.85ms
[81.395s][info][gc,phases   ] GC(116)   Post Evacuate Collection Set: 0.39ms
[81.395s][info][gc,phases   ] GC(116)   Other: 0.12ms
[81.395s][info][gc,heap     ] GC(116) Eden regions: 47->0(406)
[81.395s][info][gc,heap     ] GC(116) Survivor regions: 48->5(55)
[81.395s][info][gc,heap     ] GC(116) Old regions: 166->204
[81.395s][info][gc,heap     ] GC(116) Humongous regions: 18->16
[81.395s][info][gc,metaspace] GC(116) Metaspace: 40936K(41344K)->40936K(41344K) NonClass: 38124K(38400K)->38124K(38400K) Class: 2812K(2944K)->2812K(2944K)
[81.395s][info][gc          ] GC(116) Pause Young (Concurrent Start) (G1 Humongous Allocation) 278M->224M(727M) 53.067ms
[81.395s][info][gc          ] GC(117) Concurrent Mark Cycle
[81.395s][info][gc,marking  ] GC(117) Concurrent Scan Root Regions
[81.397s][info][gc,cpu      ] GC(116) User=0.10s Sys=0.00s Real=0.05s
[81.437s][info][gc,marking  ] GC(117) Concurrent Scan Root Regions 42.661ms
[81.438s][info][gc,marking  ] GC(117) Concurrent Mark
[81.438s][info][gc,marking  ] GC(117) Concurrent Mark From Roots
[81.438s][info][gc,task     ] GC(117) Using 1 workers of 1 for marking
[81.554s][info][gc,marking  ] GC(117) Concurrent Mark From Roots 116.258ms
[81.554s][info][gc,marking  ] GC(117) Concurrent Preclean
[81.554s][info][gc,marking  ] GC(117) Concurrent Preclean 0.171ms
[81.554s][info][gc,start    ] GC(117) Pause Remark
[81.584s][info][gc          ] GC(117) Pause Remark 240M->207M(647M) 29.581ms
[81.584s][info][gc,cpu      ] GC(117) User=0.06s Sys=0.01s Real=0.03s
[81.586s][info][gc,marking  ] GC(117) Concurrent Mark 148.557ms
[81.586s][info][gc,marking  ] GC(117) Concurrent Rebuild Remembered Sets and Scrub Regions
[81.669s][info][gc,marking  ] GC(117) Concurrent Rebuild Remembered Sets and Scrub Regions 82.725ms
[81.669s][info][gc,start    ] GC(117) Pause Cleanup
[81.669s][info][gc          ] GC(117) Pause Cleanup 216M->216M(647M) 0.094ms
[81.669s][info][gc,cpu      ] GC(117) User=0.00s Sys=0.00s Real=0.00s
[81.670s][info][gc,marking  ] GC(117) Concurrent Clear Claimed Marks
[81.670s][info][gc,marking  ] GC(117) Concurrent Clear Claimed Marks 0.040ms
[81.670s][info][gc,marking  ] GC(117) Concurrent Cleanup for Next Mark
[81.675s][info][gc,marking  ] GC(117) Concurrent Cleanup for Next Mark 5.334ms
[81.675s][info][gc          ] GC(117) Concurrent Mark Cycle 280.193ms
[83.330s][info][gc,start    ] GC(118) Pause Young (Prepare Mixed) (G1 Evacuation Pause)
[83.330s][info][gc,task     ] GC(118) Using 2 workers of 2 for evacuation
[83.343s][info][gc,phases   ] GC(118)   Pre Evacuate Collection Set: 0.34ms
[83.343s][info][gc,phases   ] GC(118)   Merge Heap Roots: 0.12ms
[83.343s][info][gc,phases   ] GC(118)   Evacuate Collection Set: 11.48ms
[83.343s][info][gc,phases   ] GC(118)   Post Evacuate Collection Set: 0.61ms
[83.343s][info][gc,phases   ] GC(118)   Other: 0.12ms
[83.343s][info][gc,heap     ] GC(118) Eden regions: 383->0(376)
[83.343s][info][gc,heap     ] GC(118) Survivor regions: 5->9(49)
[83.343s][info][gc,heap     ] GC(118) Old regions: 186->186
[83.343s][info][gc,heap     ] GC(118) Humongous regions: 3->1
[83.343s][info][gc,metaspace] GC(118) Metaspace: 41175K(41600K)->41175K(41600K) NonClass: 38363K(38656K)->38363K(38656K) Class: 2812K(2944K)->2812K(2944K)
[83.343s][info][gc          ] GC(118) Pause Young (Prepare Mixed) (G1 Evacuation Pause) 576M->195M(647M) 12.849ms
[83.343s][info][gc,cpu      ] GC(118) User=0.03s Sys=0.00s Real=0.02s
[85.653s][info][gc,start    ] GC(119) Pause Young (Mixed) (G1 Evacuation Pause)
[85.653s][info][gc,task     ] GC(119) Using 2 workers of 2 for evacuation
[85.664s][info][gc,phases   ] GC(119)   Pre Evacuate Collection Set: 0.29ms
[85.664s][info][gc,phases   ] GC(119)   Merge Heap Roots: 0.16ms
[85.664s][info][gc,phases   ] GC(119)   Evacuate Collection Set: 9.83ms
[85.664s][info][gc,phases   ] GC(119)   Post Evacuate Collection Set: 0.66ms
[85.664s][info][gc,phases   ] GC(119)   Other: 0.10ms
[85.664s][info][gc,heap     ] GC(119) Eden regions: 376->0(377)
[85.664s][info][gc,heap     ] GC(119) Survivor regions: 9->11(49)
[85.664s][info][gc,heap     ] GC(119) Old regions: 186->149
[85.664s][info][gc,heap     ] GC(119) Humongous regions: 1->1
[85.664s][info][gc,metaspace] GC(119) Metaspace: 41181K(41600K)->41181K(41600K) NonClass: 38368K(38656K)->38368K(38656K) Class: 2813K(2944K)->2813K(2944K)
[85.664s][info][gc          ] GC(119) Pause Young (Mixed) (G1 Evacuation Pause) 571M->160M(647M) 11.234ms
[85.664s][info][gc,cpu      ] GC(119) User=0.02s Sys=0.00s Real=0.01s
[86.634s][info][gc,start    ] GC(120) Pause Young (Concurrent Start) (G1 Humongous Allocation)
[86.634s][info][gc,task     ] GC(120) Using 2 workers of 2 for evacuation
[86.640s][info][gc,phases   ] GC(120)   Pre Evacuate Collection Set: 0.28ms
[86.640s][info][gc,phases   ] GC(120)   Merge Heap Roots: 0.09ms
[86.640s][info][gc,phases   ] GC(120)   Evacuate Collection Set: 4.82ms
[86.640s][info][gc,phases   ] GC(120)   Post Evacuate Collection Set: 0.41ms
[86.640s][info][gc,phases   ] GC(120)   Other: 0.08ms
[86.640s][info][gc,heap     ] GC(120) Eden regions: 170->0(382)
[86.640s][info][gc,heap     ] GC(120) Survivor regions: 11->6(49)
[86.640s][info][gc,heap     ] GC(120) Old regions: 149->149
[86.640s][info][gc,heap     ] GC(120) Humongous regions: 1->1
[86.640s][info][gc,metaspace] GC(120) Metaspace: 41182K(41600K)->41182K(41600K) NonClass: 38369K(38656K)->38369K(38656K) Class: 2813K(2944K)->2813K(2944K)
[86.640s][info][gc          ] GC(120) Pause Young (Concurrent Start) (G1 Humongous Allocation) 329M->155M(647M) 5.858ms
[86.640s][info][gc,cpu      ] GC(120) User=0.01s Sys=0.00s Real=0.00s
[86.640s][info][gc          ] GC(121) Concurrent Mark Cycle
[86.640s][info][gc,marking  ] GC(121) Concurrent Scan Root Regions
[86.645s][info][gc,marking  ] GC(121) Concurrent Scan Root Regions 5.299ms
[86.645s][info][gc,marking  ] GC(121) Concurrent Mark
[86.645s][info][gc,marking  ] GC(121) Concurrent Mark From Roots
[86.645s][info][gc,task     ] GC(121) Using 1 workers of 1 for marking
[86.671s][info][gc,marking  ] GC(121) Concurrent Mark From Roots 25.609ms
[86.671s][info][gc,marking  ] GC(121) Concurrent Preclean
[86.671s][info][gc,marking  ] GC(121) Concurrent Preclean 0.044ms
[86.671s][info][gc,start    ] GC(121) Pause Remark
[86.690s][info][gc          ] GC(121) Pause Remark 164M->83M(256M) 18.746ms
[86.690s][info][gc,cpu      ] GC(121) User=0.03s Sys=0.00s Real=0.02s
[86.690s][info][gc,marking  ] GC(121) Concurrent Mark 44.645ms
[86.690s][info][gc,marking  ] GC(121) Concurrent Rebuild Remembered Sets and Scrub Regions
[86.700s][info][gc,marking  ] GC(121) Concurrent Rebuild Remembered Sets and Scrub Regions 10.062ms
[86.700s][info][gc,start    ] GC(121) Pause Cleanup
[86.700s][info][gc          ] GC(121) Pause Cleanup 84M->84M(256M) 0.046ms
[86.700s][info][gc,cpu      ] GC(121) User=0.00s Sys=0.00s Real=0.00s
[86.700s][info][gc,marking  ] GC(121) Concurrent Clear Claimed Marks
[86.700s][info][gc,marking  ] GC(121) Concurrent Clear Claimed Marks 0.031ms
[86.700s][info][gc,marking  ] GC(121) Concurrent Cleanup for Next Mark
[86.701s][info][gc,marking  ] GC(121) Concurrent Cleanup for Next Mark 0.710ms
[86.701s][info][gc          ] GC(121) Concurrent Mark Cycle 61.070ms
[87.420s][info][gc,start    ] GC(122) Pause Young (Prepare Mixed) (G1 Evacuation Pause)
[87.420s][info][gc,task     ] GC(122) Using 2 workers of 2 for evacuation
[87.428s][info][gc,phases   ] GC(122)   Pre Evacuate Collection Set: 0.16ms
[87.428s][info][gc,phases   ] GC(122)   Merge Heap Roots: 0.07ms
[87.428s][info][gc,phases   ] GC(122)   Evacuate Collection Set: 6.90ms
[87.428s][info][gc,phases   ] GC(122)   Post Evacuate Collection Set: 0.38ms
[87.428s][info][gc,phases   ] GC(122)   Other: 0.06ms
[87.428s][info][gc,heap     ] GC(122) Eden regions: 147->0(144)
[87.428s][info][gc,heap     ] GC(122) Survivor regions: 6->9(20)
[87.428s][info][gc,heap     ] GC(122) Old regions: 68->68
[87.428s][info][gc,heap     ] GC(122) Humongous regions: 2->1
[87.428s][info][gc,metaspace] GC(122) Metaspace: 41182K(41600K)->41182K(41600K) NonClass: 38369K(38656K)->38369K(38656K) Class: 2813K(2944K)->2813K(2944K)
[87.428s][info][gc          ] GC(122) Pause Young (Prepare Mixed) (G1 Evacuation Pause) 223M->77M(256M) 7.737ms
[87.428s][info][gc,cpu      ] GC(122) User=0.02s Sys=0.00s Real=0.01s
[88.192s][info][gc,start    ] GC(123) Pause Young (Mixed) (G1 Evacuation Pause)
[88.192s][info][gc,task     ] GC(123) Using 2 workers of 2 for evacuation
[88.200s][info][gc,phases   ] GC(123)   Pre Evacuate Collection Set: 0.21ms
[88.200s][info][gc,phases   ] GC(123)   Merge Heap Roots: 0.09ms
[88.200s][info][gc,phases   ] GC(123)   Evacuate Collection Set: 7.82ms
[88.200s][info][gc,phases   ] GC(123)   Post Evacuate Collection Set: 0.43ms
[88.200s][info][gc,phases   ] GC(123)   Other: 0.08ms
[88.200s][info][gc,heap     ] GC(123) Eden regions: 144->0(144)
[88.200s][info][gc,heap     ] GC(123) Survivor regions: 9->9(20)
[88.200s][info][gc,heap     ] GC(123) Old regions: 68->47
[88.201s][info][gc,heap     ] GC(123) Humongous regions: 1->1
[88.201s][info][gc,metaspace] GC(123) Metaspace: 41182K(41600K)->41182K(41600K) NonClass: 38369K(38656K)->38369K(38656K) Class: 2813K(2944K)->2813K(2944K)
[88.201s][info][gc          ] GC(123) Pause Young (Mixed) (G1 Evacuation Pause) 221M->55M(256M) 8.797ms
[88.201s][info][gc,cpu      ] GC(123) User=0.02s Sys=0.00s Real=0.00s
[88.241s][info][gc,start    ] GC(124) Pause Young (Concurrent Start) (G1 Humongous Allocation)
[88.241s][info][gc,task     ] GC(124) Using 2 workers of 2 for evacuation
[88.247s][info][gc,phases   ] GC(124)   Pre Evacuate Collection Set: 0.15ms
[88.247s][info][gc,phases   ] GC(124)   Merge Heap Roots: 0.04ms
[88.247s][info][gc,phases   ] GC(124)   Evacuate Collection Set: 4.74ms
[88.247s][info][gc,phases   ] GC(124)   Post Evacuate Collection Set: 0.27ms
[88.247s][info][gc,phases   ] GC(124)   Other: 0.07ms
[88.247s][info][gc,heap     ] GC(124) Eden regions: 8->0(146)
[88.247s][info][gc,heap     ] GC(124) Survivor regions: 9->7(20)
[88.247s][info][gc,heap     ] GC(124) Old regions: 47->47
[88.247s][info][gc,heap     ] GC(124) Humongous regions: 1->1
[88.247s][info][gc,metaspace] GC(124) Metaspace: 41186K(41600K)->41186K(41600K) NonClass: 38373K(38656K)->38373K(38656K) Class: 2813K(2944K)->2813K(2944K)
[88.247s][info][gc          ] GC(124) Pause Young (Concurrent Start) (G1 Humongous Allocation) 63M->53M(256M) 5.420ms
[88.247s][info][gc,cpu      ] GC(124) User=0.01s Sys=0.00s Real=0.00s
[88.247s][info][gc          ] GC(125) Concurrent Mark Cycle
[88.247s][info][gc,marking  ] GC(125) Concurrent Scan Root Regions
[88.256s][info][gc,marking  ] GC(125) Concurrent Scan Root Regions 9.054ms
[88.256s][info][gc,marking  ] GC(125) Concurrent Mark
[88.256s][info][gc,marking  ] GC(125) Concurrent Mark From Roots
[88.256s][info][gc,task     ] GC(125) Using 1 workers of 1 for marking
[88.305s][info][gc,marking  ] GC(125) Concurrent Mark From Roots 49.346ms
[88.305s][info][gc,marking  ] GC(125) Concurrent Preclean
[88.305s][info][gc,marking  ] GC(125) Concurrent Preclean 0.031ms
[88.306s][info][gc,start    ] GC(125) Pause Remark
[88.325s][info][gc          ] GC(125) Pause Remark 67M->67M(256M) 19.201ms
[88.325s][info][gc,cpu      ] GC(125) User=0.03s Sys=0.00s Real=0.02s
[88.325s][info][gc,marking  ] GC(125) Concurrent Mark 68.982ms
[88.325s][info][gc,marking  ] GC(125) Concurrent Rebuild Remembered Sets and Scrub Regions
[88.349s][info][gc,marking  ] GC(125) Concurrent Rebuild Remembered Sets and Scrub Regions 24.354ms
[88.349s][info][gc,start    ] GC(125) Pause Cleanup
[88.349s][info][gc          ] GC(125) Pause Cleanup 72M->72M(256M) 0.048ms
[88.349s][info][gc,cpu      ] GC(125) User=0.00s Sys=0.00s Real=0.00s
[88.350s][info][gc,marking  ] GC(125) Concurrent Clear Claimed Marks
[88.350s][info][gc,marking  ] GC(125) Concurrent Clear Claimed Marks 0.048ms
[88.350s][info][gc,marking  ] GC(125) Concurrent Cleanup for Next Mark
[88.351s][info][gc,marking  ] GC(125) Concurrent Cleanup for Next Mark 0.741ms
[88.351s][info][gc          ] GC(125) Concurrent Mark Cycle 104.192ms
[88.649s][info][gc,start    ] GC(126) Pause Young (Prepare Mixed) (G1 Evacuation Pause)
[88.649s][info][gc,task     ] GC(126) Using 2 workers of 2 for evacuation
[88.672s][info][gc,phases   ] GC(126)   Pre Evacuate Collection Set: 0.15ms
[88.672s][info][gc,phases   ] GC(126)   Merge Heap Roots: 0.08ms
[88.672s][info][gc,phases   ] GC(126)   Evacuate Collection Set: 22.29ms
[88.672s][info][gc,phases   ] GC(126)   Post Evacuate Collection Set: 0.44ms
[88.672s][info][gc,phases   ] GC(126)   Other: 0.12ms
[88.672s][info][gc,heap     ] GC(126) Eden regions: 146->0(133)
[88.672s][info][gc,heap     ] GC(126) Survivor regions: 7->20(20)
[88.672s][info][gc,heap     ] GC(126) Old regions: 47->50
[88.672s][info][gc,heap     ] GC(126) Humongous regions: 4->4
[88.672s][info][gc,metaspace] GC(126) Metaspace: 41186K(41600K)->41186K(41600K) NonClass: 38373K(38656K)->38373K(38656K) Class: 2813K(2944K)->2813K(2944K)
[88.672s][info][gc          ] GC(126) Pause Young (Prepare Mixed) (G1 Evacuation Pause) 202M->73M(256M) 23.277ms
[88.672s][info][gc,cpu      ] GC(126) User=0.05s Sys=0.00s Real=0.03s
[88.982s][info][gc,start    ] GC(127) Pause Young (Mixed) (G1 Evacuation Pause)
[88.982s][info][gc,task     ] GC(127) Using 2 workers of 2 for evacuation
[89.025s][info][gc,phases   ] GC(127)   Pre Evacuate Collection Set: 0.17ms
[89.025s][info][gc,phases   ] GC(127)   Merge Heap Roots: 0.25ms
[89.025s][info][gc,phases   ] GC(127)   Evacuate Collection Set: 42.25ms
[89.025s][info][gc,phases   ] GC(127)   Post Evacuate Collection Set: 0.64ms
[89.025s][info][gc,phases   ] GC(127)   Other: 0.07ms
[89.025s][info][gc,heap     ] GC(127) Eden regions: 133->0(137)
[89.025s][info][gc,heap     ] GC(127) Survivor regions: 20->16(20)
[89.025s][info][gc,heap     ] GC(127) Old regions: 50->51
[89.025s][info][gc,heap     ] GC(127) Humongous regions: 6->6
[89.025s][info][gc,metaspace] GC(127) Metaspace: 41186K(41600K)->41186K(41600K) NonClass: 38373K(38656K)->38373K(38656K) Class: 2813K(2944K)->2813K(2944K)
[89.025s][info][gc          ] GC(127) Pause Young (Mixed) (G1 Evacuation Pause) 208M->72M(256M) 43.601ms
[89.025s][info][gc,cpu      ] GC(127) User=0.08s Sys=0.00s Real=0.04s
[89.318s][info][gc,start    ] GC(128) Pause Young (Concurrent Start) (G1 Evacuation Pause)
[89.318s][info][gc,task     ] GC(128) Using 2 workers of 2 for evacuation
[89.353s][info][gc,phases   ] GC(128)   Pre Evacuate Collection Set: 0.17ms
[89.353s][info][gc,phases   ] GC(128)   Merge Heap Roots: 0.09ms
[89.353s][info][gc,phases   ] GC(128)   Evacuate Collection Set: 34.26ms
[89.353s][info][gc,phases   ] GC(128)   Post Evacuate Collection Set: 0.39ms
[89.353s][info][gc,phases   ] GC(128)   Other: 0.10ms
[89.353s][info][gc,heap     ] GC(128) Eden regions: 137->0(133)
[89.353s][info][gc,heap     ] GC(128) Survivor regions: 16->16(20)
[89.353s][info][gc,heap     ] GC(128) Old regions: 51->67
[89.353s][info][gc,heap     ] GC(128) Humongous regions: 6->6
[89.353s][info][gc,metaspace] GC(128) Metaspace: 41187K(41600K)->41187K(41600K) NonClass: 38374K(38656K)->38374K(38656K) Class: 2813K(2944K)->2813K(2944K)
[89.353s][info][gc          ] GC(128) Pause Young (Concurrent Start) (G1 Evacuation Pause) 209M->89M(256M) 35.214ms
[89.353s][info][gc,cpu      ] GC(128) User=0.06s Sys=0.00s Real=0.04s
[89.353s][info][gc          ] GC(129) Concurrent Mark Cycle
[89.353s][info][gc,marking  ] GC(129) Concurrent Scan Root Regions
[89.378s][info][gc,marking  ] GC(129) Concurrent Scan Root Regions 24.951ms
[89.378s][info][gc,marking  ] GC(129) Concurrent Mark
[89.378s][info][gc,marking  ] GC(129) Concurrent Mark From Roots
[89.378s][info][gc,task     ] GC(129) Using 1 workers of 1 for marking
[89.437s][info][gc,marking  ] GC(129) Concurrent Mark From Roots 58.817ms
[89.437s][info][gc,marking  ] GC(129) Concurrent Preclean
[89.437s][info][gc,marking  ] GC(129) Concurrent Preclean 0.034ms
[89.437s][info][gc,start    ] GC(129) Pause Remark
[89.450s][info][gc          ] GC(129) Pause Remark 124M->123M(256M) 12.839ms
[89.450s][info][gc,cpu      ] GC(129) User=0.03s Sys=0.00s Real=0.01s
[89.450s][info][gc,marking  ] GC(129) Concurrent Mark 71.940ms
[89.450s][info][gc,marking  ] GC(129) Concurrent Rebuild Remembered Sets and Scrub Regions
[89.486s][info][gc,marking  ] GC(129) Concurrent Rebuild Remembered Sets and Scrub Regions 36.169ms
[89.487s][info][gc,start    ] GC(129) Pause Cleanup
[89.487s][info][gc          ] GC(129) Pause Cleanup 142M->142M(256M) 0.038ms
[89.487s][info][gc,cpu      ] GC(129) User=0.00s Sys=0.00s Real=0.00s
[89.487s][info][gc,marking  ] GC(129) Concurrent Clear Claimed Marks
[89.487s][info][gc,marking  ] GC(129) Concurrent Clear Claimed Marks 0.034ms
[89.487s][info][gc,marking  ] GC(129) Concurrent Cleanup for Next Mark
[89.487s][info][gc,marking  ] GC(129) Concurrent Cleanup for Next Mark 0.720ms
[89.487s][info][gc          ] GC(129) Concurrent Mark Cycle 134.143ms
[89.712s][info][gc,start    ] GC(130) Pause Young (Prepare Mixed) (G1 Evacuation Pause)
[89.712s][info][gc,task     ] GC(130) Using 2 workers of 2 for evacuation
[89.751s][info][gc,phases   ] GC(130)   Pre Evacuate Collection Set: 0.22ms
[89.751s][info][gc,phases   ] GC(130)   Merge Heap Roots: 0.14ms
[89.751s][info][gc,phases   ] GC(130)   Evacuate Collection Set: 37.93ms
[89.751s][info][gc,phases   ] GC(130)   Post Evacuate Collection Set: 0.45ms
[89.751s][info][gc,phases   ] GC(130)   Other: 0.09ms
[89.751s][info][gc,heap     ] GC(130) Eden regions: 133->0(117)
[89.751s][info][gc,heap     ] GC(130) Survivor regions: 16->16(19)
[89.751s][info][gc,heap     ] GC(130) Old regions: 67->84
[89.751s][info][gc,heap     ] GC(130) Humongous regions: 9->9
[89.751s][info][gc,metaspace] GC(130) Metaspace: 41187K(41600K)->41187K(41600K) NonClass: 38374K(38656K)->38374K(38656K) Class: 2813K(2944K)->2813K(2944K)
[89.751s][info][gc          ] GC(130) Pause Young (Prepare Mixed) (G1 Evacuation Pause) 225M->108M(258M) 39.038ms
[89.751s][info][gc,cpu      ] GC(130) User=0.08s Sys=0.00s Real=0.04s
[90.018s][info][gc,start    ] GC(131) Pause Young (Mixed) (G1 Evacuation Pause)
[90.018s][info][gc,task     ] GC(131) Using 2 workers of 2 for evacuation
[90.056s][info][gc,phases   ] GC(131)   Pre Evacuate Collection Set: 0.15ms
[90.056s][info][gc,phases   ] GC(131)   Merge Heap Roots: 0.14ms
[90.056s][info][gc,phases   ] GC(131)   Evacuate Collection Set: 36.23ms
[90.056s][info][gc,phases   ] GC(131)   Post Evacuate Collection Set: 0.42ms
[90.056s][info][gc,phases   ] GC(131)   Other: 0.09ms
[90.056s][info][gc,heap     ] GC(131) Eden regions: 117->0(108)
[90.056s][info][gc,heap     ] GC(131) Survivor regions: 16->14(17)
[90.056s][info][gc,heap     ] GC(131) Old regions: 84->97
[90.056s][info][gc,heap     ] GC(131) Humongous regions: 9->9
[90.056s][info][gc,metaspace] GC(131) Metaspace: 41187K(41600K)->41187K(41600K) NonClass: 38374K(38656K)->38374K(38656K) Class: 2813K(2944K)->2813K(2944K)
[90.056s][info][gc          ] GC(131) Pause Young (Mixed) (G1 Evacuation Pause) 225M->118M(258M) 37.206ms
[90.056s][info][gc,cpu      ] GC(131) User=0.07s Sys=0.00s Real=0.04s
[90.288s][info][gc,start    ] GC(132) Pause Young (Concurrent Start) (G1 Humongous Allocation)
[90.289s][info][gc,task     ] GC(132) Using 2 workers of 2 for evacuation
[90.321s][info][gc,phases   ] GC(132)   Pre Evacuate Collection Set: 0.23ms
[90.321s][info][gc,phases   ] GC(132)   Merge Heap Roots: 0.13ms
[90.321s][info][gc,phases   ] GC(132)   Evacuate Collection Set: 30.45ms
[90.321s][info][gc,phases   ] GC(132)   Post Evacuate Collection Set: 1.40ms
[90.321s][info][gc,phases   ] GC(132)   Other: 0.18ms
[90.321s][info][gc,heap     ] GC(132) Eden regions: 47->0(195)
[90.321s][info][gc,heap     ] GC(132) Survivor regions: 14->16(16)
[90.321s][info][gc,heap     ] GC(132) Old regions: 97->110
[90.321s][info][gc,heap     ] GC(132) Humongous regions: 9->9
[90.321s][info][gc,metaspace] GC(132) Metaspace: 41187K(41600K)->41187K(41600K) NonClass: 38374K(38656K)->38374K(38656K) Class: 2813K(2944K)->2813K(2944K)
[90.321s][info][gc          ] GC(132) Pause Young (Concurrent Start) (G1 Humongous Allocation) 165M->135M(399M) 32.655ms
[90.321s][info][gc,cpu      ] GC(132) User=0.06s Sys=0.00s Real=0.04s
[90.321s][info][gc          ] GC(133) Concurrent Undo Cycle
[90.321s][info][gc,marking  ] GC(133) Concurrent Clear Claimed Marks
[90.321s][info][gc,marking  ] GC(133) Concurrent Clear Claimed Marks 0.058ms
[90.321s][info][gc,marking  ] GC(133) Concurrent Cleanup for Next Mark
[90.321s][info][gc,marking  ] GC(133) Concurrent Cleanup for Next Mark 0.212ms
[90.321s][info][gc          ] GC(133) Concurrent Undo Cycle 0.352ms
[90.490s][info][gc,start    ] GC(134) Pause Young (Concurrent Start) (G1 Humongous Allocation)
[90.490s][info][gc,task     ] GC(134) Using 2 workers of 2 for evacuation
[90.518s][info][gc,phases   ] GC(134)   Pre Evacuate Collection Set: 0.24ms
[90.518s][info][gc,phases   ] GC(134)   Merge Heap Roots: 0.09ms
[90.518s][info][gc,phases   ] GC(134)   Evacuate Collection Set: 27.66ms
[90.518s][info][gc,phases   ] GC(134)   Post Evacuate Collection Set: 0.34ms
[90.518s][info][gc,phases   ] GC(134)   Other: 0.13ms
[90.518s][info][gc,heap     ] GC(134) Eden regions: 14->0(122)
[90.518s][info][gc,heap     ] GC(134) Survivor regions: 16->13(27)
[90.518s][info][gc,heap     ] GC(134) Old regions: 110->121
[90.518s][info][gc,heap     ] GC(134) Humongous regions: 11->11
[90.519s][info][gc,metaspace] GC(134) Metaspace: 41187K(41600K)->41187K(41600K) NonClass: 38374K(38656K)->38374K(38656K) Class: 2813K(2944K)->2813K(2944K)
[90.519s][info][gc          ] GC(134) Pause Young (Concurrent Start) (G1 Humongous Allocation) 150M->145M(399M) 28.678ms
[90.519s][info][gc,cpu      ] GC(134) User=0.05s Sys=0.00s Real=0.03s
[90.519s][info][gc          ] GC(135) Concurrent Mark Cycle
[90.519s][info][gc,marking  ] GC(135) Concurrent Scan Root Regions
[90.549s][info][gc,marking  ] GC(135) Concurrent Scan Root Regions 30.520ms
[90.549s][info][gc,marking  ] GC(135) Concurrent Mark
[90.549s][info][gc,marking  ] GC(135) Concurrent Mark From Roots
[90.549s][info][gc,task     ] GC(135) Using 1 workers of 1 for marking
[90.694s][info][gc,marking  ] GC(135) Concurrent Mark From Roots 145.090ms
[90.694s][info][gc,marking  ] GC(135) Concurrent Preclean
[90.694s][info][gc,marking  ] GC(135) Concurrent Preclean 0.036ms
[90.694s][info][gc,start    ] GC(135) Pause Remark
[90.707s][info][gc          ] GC(135) Pause Remark 160M->158M(399M) 12.586ms
[90.707s][info][gc,cpu      ] GC(135) User=0.03s Sys=0.00s Real=0.01s
[90.707s][info][gc,marking  ] GC(135) Concurrent Mark 157.910ms
[90.707s][info][gc,marking  ] GC(135) Concurrent Rebuild Remembered Sets and Scrub Regions
[90.787s][info][gc,marking  ] GC(135) Concurrent Rebuild Remembered Sets and Scrub Regions 80.228ms
[90.788s][info][gc,start    ] GC(135) Pause Cleanup
[90.788s][info][gc          ] GC(135) Pause Cleanup 162M->162M(399M) 0.053ms
[90.788s][info][gc,cpu      ] GC(135) User=0.00s Sys=0.00s Real=0.00s
[90.788s][info][gc,marking  ] GC(135) Concurrent Clear Claimed Marks
[90.788s][info][gc,marking  ] GC(135) Concurrent Clear Claimed Marks 0.037ms
[90.788s][info][gc,marking  ] GC(135) Concurrent Cleanup for Next Mark
[90.790s][info][gc,marking  ] GC(135) Concurrent Cleanup for Next Mark 2.517ms
[90.790s][info][gc          ] GC(135) Concurrent Mark Cycle 271.613ms
[91.548s][info][gc,start    ] GC(136) Pause Young (Prepare Mixed) (G1 Evacuation Pause)
[91.548s][info][gc,task     ] GC(136) Using 2 workers of 2 for evacuation
[91.581s][info][gc,phases   ] GC(136)   Pre Evacuate Collection Set: 0.31ms
[91.581s][info][gc,phases   ] GC(136)   Merge Heap Roots: 0.26ms
[91.581s][info][gc,phases   ] GC(136)   Evacuate Collection Set: 31.69ms
[91.581s][info][gc,phases   ] GC(136)   Post Evacuate Collection Set: 0.47ms
[91.581s][info][gc,phases   ] GC(136)   Other: 0.07ms
[91.581s][info][gc,heap     ] GC(136) Eden regions: 122->0(123)
[91.581s][info][gc,heap     ] GC(136) Survivor regions: 13->15(17)
[91.581s][info][gc,heap     ] GC(136) Old regions: 121->133
[91.581s][info][gc,heap     ] GC(136) Humongous regions: 15->13
[91.581s][info][gc,metaspace] GC(136) Metaspace: 41194K(41600K)->41194K(41600K) NonClass: 38381K(38656K)->38381K(38656K) Class: 2813K(2944K)->2813K(2944K)
[91.581s][info][gc          ] GC(136) Pause Young (Prepare Mixed) (G1 Evacuation Pause) 271M->161M(399M) 32.974ms
[91.581s][info][gc,cpu      ] GC(136) User=0.06s Sys=0.00s Real=0.04s
[92.105s][info][gc,start    ] GC(137) Pause Young (Mixed) (G1 Evacuation Pause)
[92.105s][info][gc,task     ] GC(137) Using 2 workers of 2 for evacuation
[92.128s][info][gc,phases   ] GC(137)   Pre Evacuate Collection Set: 0.23ms
[92.128s][info][gc,phases   ] GC(137)   Merge Heap Roots: 0.16ms
[92.128s][info][gc,phases   ] GC(137)   Evacuate Collection Set: 21.60ms
[92.128s][info][gc,phases   ] GC(137)   Post Evacuate Collection Set: 0.40ms
[92.128s][info][gc,phases   ] GC(137)   Other: 0.07ms
[92.128s][info][gc,heap     ] GC(137) Eden regions: 123->0(128)
[92.128s][info][gc,heap     ] GC(137) Survivor regions: 15->9(18)
[92.128s][info][gc,heap     ] GC(137) Old regions: 133->145
[92.128s][info][gc,heap     ] GC(137) Humongous regions: 13->13
[92.128s][info][gc,metaspace] GC(137) Metaspace: 41198K(41600K)->41198K(41600K) NonClass: 38384K(38656K)->38384K(38656K) Class: 2813K(2944K)->2813K(2944K)
[92.128s][info][gc          ] GC(137) Pause Young (Mixed) (G1 Evacuation Pause) 284M->166M(399M) 22.663ms
[92.128s][info][gc,cpu      ] GC(137) User=0.05s Sys=0.00s Real=0.02s
[92.732s][info][gc,start    ] GC(138) Pause Young (Normal) (G1 Evacuation Pause)
[92.732s][info][gc,task     ] GC(138) Using 2 workers of 2 for evacuation
[92.746s][info][gc,phases   ] GC(138)   Pre Evacuate Collection Set: 0.19ms
[92.746s][info][gc,phases   ] GC(138)   Merge Heap Roots: 0.07ms
[92.746s][info][gc,phases   ] GC(138)   Evacuate Collection Set: 13.99ms
[92.746s][info][gc,phases   ] GC(138)   Post Evacuate Collection Set: 0.39ms
[92.746s][info][gc,phases   ] GC(138)   Other: 0.08ms
[92.746s][info][gc,heap     ] GC(138) Eden regions: 128->0(133)
[92.746s][info][gc,heap     ] GC(138) Survivor regions: 9->16(18)
[92.747s][info][gc,heap     ] GC(138) Old regions: 145->145
[92.747s][info][gc,heap     ] GC(138) Humongous regions: 13->13
[92.747s][info][gc,metaspace] GC(138) Metaspace: 41198K(41600K)->41198K(41600K) NonClass: 38385K(38656K)->38385K(38656K) Class: 2813K(2944K)->2813K(2944K)
[92.747s][info][gc          ] GC(138) Pause Young (Normal) (G1 Evacuation Pause) 294M->173M(399M) 14.890ms
[92.747s][info][gc,cpu      ] GC(138) User=0.03s Sys=0.00s Real=0.01s
[93.465s][info][gc,start    ] GC(139) Pause Young (Normal) (G1 Evacuation Pause)
[93.465s][info][gc,task     ] GC(139) Using 2 workers of 2 for evacuation
[93.493s][info][gc,phases   ] GC(139)   Pre Evacuate Collection Set: 0.21ms
[93.493s][info][gc,phases   ] GC(139)   Merge Heap Roots: 0.09ms
[93.493s][info][gc,phases   ] GC(139)   Evacuate Collection Set: 27.69ms
[93.493s][info][gc,phases   ] GC(139)   Post Evacuate Collection Set: 0.42ms
[93.493s][info][gc,phases   ] GC(139)   Other: 0.07ms
[93.493s][info][gc,heap     ] GC(139) Eden regions: 133->0(130)
[93.493s][info][gc,heap     ] GC(139) Survivor regions: 16->19(19)
[93.493s][info][gc,heap     ] GC(139) Old regions: 145->158
[93.493s][info][gc,heap     ] GC(139) Humongous regions: 13->13
[93.493s][info][gc,metaspace] GC(139) Metaspace: 41198K(41600K)->41198K(41600K) NonClass: 38385K(38656K)->38385K(38656K) Class: 2813K(2944K)->2813K(2944K)
[93.493s][info][gc          ] GC(139) Pause Young (Normal) (G1 Evacuation Pause) 306M->190M(399M) 28.687ms
[93.493s][info][gc,cpu      ] GC(139) User=0.05s Sys=0.00s Real=0.03s
[94.154s][info][gc,start    ] GC(140) Pause Young (Concurrent Start) (G1 Evacuation Pause)
[94.154s][info][gc,task     ] GC(140) Using 2 workers of 2 for evacuation
[94.195s][info][gc,phases   ] GC(140)   Pre Evacuate Collection Set: 1.42ms
[94.195s][info][gc,phases   ] GC(140)   Merge Heap Roots: 0.11ms
[94.195s][info][gc,phases   ] GC(140)   Evacuate Collection Set: 39.66ms
[94.195s][info][gc,phases   ] GC(140)   Post Evacuate Collection Set: 0.46ms
[94.195s][info][gc,phases   ] GC(140)   Other: 0.11ms
[94.195s][info][gc,heap     ] GC(140) Eden regions: 130->0(128)
[94.195s][info][gc,heap     ] GC(140) Survivor regions: 19->13(19)
[94.195s][info][gc,heap     ] GC(140) Old regions: 158->178
[94.195s][info][gc,heap     ] GC(140) Humongous regions: 13->13
[94.195s][info][gc,metaspace] GC(140) Metaspace: 41198K(41600K)->41198K(41600K) NonClass: 38385K(38656K)->38385K(38656K) Class: 2813K(2944K)->2813K(2944K)
[94.196s][info][gc          ] GC(140) Pause Young (Concurrent Start) (G1 Evacuation Pause) 320M->203M(399M) 41.979ms
[94.196s][info][gc,cpu      ] GC(140) User=0.06s Sys=0.00s Real=0.04s
[94.196s][info][gc          ] GC(141) Concurrent Mark Cycle
[94.196s][info][gc,marking  ] GC(141) Concurrent Scan Root Regions
[94.247s][info][gc,marking  ] GC(141) Concurrent Scan Root Regions 51.493ms
[94.247s][info][gc,marking  ] GC(141) Concurrent Mark
[94.247s][info][gc,marking  ] GC(141) Concurrent Mark From Roots
[94.247s][info][gc,task     ] GC(141) Using 1 workers of 1 for marking
[94.300s][info][gc,marking  ] GC(141) Concurrent Mark From Roots 53.189ms
[94.300s][info][gc,marking  ] GC(141) Concurrent Preclean
[94.300s][info][gc,marking  ] GC(141) Concurrent Preclean 0.034ms
[94.301s][info][gc,start    ] GC(141) Pause Remark
[94.313s][info][gc          ] GC(141) Pause Remark 223M->115M(320M) 12.367ms
[94.313s][info][gc,cpu      ] GC(141) User=0.03s Sys=0.00s Real=0.02s
[94.313s][info][gc,marking  ] GC(141) Concurrent Mark 65.892ms
[94.313s][info][gc,marking  ] GC(141) Concurrent Rebuild Remembered Sets and Scrub Regions
[94.342s][info][gc,marking  ] GC(141) Concurrent Rebuild Remembered Sets and Scrub Regions 28.730ms
[94.342s][info][gc,start    ] GC(141) Pause Cleanup
[94.342s][info][gc          ] GC(141) Pause Cleanup 121M->121M(320M) 0.045ms
[94.342s][info][gc,cpu      ] GC(141) User=0.00s Sys=0.00s Real=0.00s
[94.342s][info][gc,marking  ] GC(141) Concurrent Clear Claimed Marks
[94.342s][info][gc,marking  ] GC(141) Concurrent Clear Claimed Marks 0.036ms
[94.342s][info][gc,marking  ] GC(141) Concurrent Cleanup for Next Mark
[94.343s][info][gc,marking  ] GC(141) Concurrent Cleanup for Next Mark 0.903ms
[94.343s][info][gc          ] GC(141) Concurrent Mark Cycle 147.469ms
[94.956s][info][gc,start    ] GC(142) Pause Young (Prepare Mixed) (G1 Evacuation Pause)
[94.956s][info][gc,task     ] GC(142) Using 2 workers of 2 for evacuation
[94.976s][info][gc,phases   ] GC(142)   Pre Evacuate Collection Set: 0.19ms
[94.976s][info][gc,phases   ] GC(142)   Merge Heap Roots: 0.06ms
[94.976s][info][gc,phases   ] GC(142)   Evacuate Collection Set: 19.17ms
[94.976s][info][gc,phases   ] GC(142)   Post Evacuate Collection Set: 0.37ms
[94.976s][info][gc,phases   ] GC(142)   Other: 0.07ms
[94.976s][info][gc,heap     ] GC(142) Eden regions: 128->0(143)
[94.976s][info][gc,heap     ] GC(142) Survivor regions: 13->13(18)
[94.976s][info][gc,heap     ] GC(142) Old regions: 82->91
[94.976s][info][gc,heap     ] GC(142) Humongous regions: 2->2
[94.976s][info][gc,metaspace] GC(142) Metaspace: 41198K(41600K)->41198K(41600K) NonClass: 38385K(38656K)->38385K(38656K) Class: 2813K(2944K)->2813K(2944K)
[94.976s][info][gc          ] GC(142) Pause Young (Prepare Mixed) (G1 Evacuation Pause) 224M->105M(320M) 20.051ms
[94.976s][info][gc,cpu      ] GC(142) User=0.04s Sys=0.00s Real=0.02s
[95.757s][info][gc,start    ] GC(143) Pause Young (Mixed) (G1 Evacuation Pause)
[95.757s][info][gc,task     ] GC(143) Using 2 workers of 2 for evacuation
[95.781s][info][gc,phases   ] GC(143)   Pre Evacuate Collection Set: 0.19ms
[95.782s][info][gc,phases   ] GC(143)   Merge Heap Roots: 0.10ms
[95.782s][info][gc,phases   ] GC(143)   Evacuate Collection Set: 23.43ms
[95.782s][info][gc,phases   ] GC(143)   Post Evacuate Collection Set: 0.41ms
[95.782s][info][gc,phases   ] GC(143)   Other: 0.10ms
[95.782s][info][gc,heap     ] GC(143) Eden regions: 143->0(146)
[95.782s][info][gc,heap     ] GC(143) Survivor regions: 13->13(20)
[95.782s][info][gc,heap     ] GC(143) Old regions: 91->95
[95.782s][info][gc,heap     ] GC(143) Humongous regions: 2->2
[95.782s][info][gc,metaspace] GC(143) Metaspace: 41199K(41600K)->41199K(41600K) NonClass: 38386K(38656K)->38386K(38656K) Class: 2813K(2944K)->2813K(2944K)
[95.782s][info][gc          ] GC(143) Pause Young (Mixed) (G1 Evacuation Pause) 248M->109M(320M) 24.418ms
[95.782s][info][gc,cpu      ] GC(143) User=0.05s Sys=0.00s Real=0.03s
[96.391s][info][gc,start    ] GC(144) Pause Young (Concurrent Start) (G1 Humongous Allocation)
[96.391s][info][gc,task     ] GC(144) Using 2 workers of 2 for evacuation
[96.416s][info][gc,phases   ] GC(144)   Pre Evacuate Collection Set: 0.21ms
[96.416s][info][gc,phases   ] GC(144)   Merge Heap Roots: 0.12ms
[96.416s][info][gc,phases   ] GC(144)   Evacuate Collection Set: 23.90ms
[96.416s][info][gc,phases   ] GC(144)   Post Evacuate Collection Set: 0.41ms
[96.416s][info][gc,phases   ] GC(144)   Other: 0.12ms
[96.416s][info][gc,heap     ] GC(144) Eden regions: 125->0(139)
[96.416s][info][gc,heap     ] GC(144) Survivor regions: 13->15(20)
[96.416s][info][gc,heap     ] GC(144) Old regions: 95->107
[96.416s][info][gc,heap     ] GC(144) Humongous regions: 2->2
[96.416s][info][gc,metaspace] GC(144) Metaspace: 41224K(41600K)->41224K(41600K) NonClass: 38411K(38656K)->38411K(38656K) Class: 2813K(2944K)->2813K(2944K)
[96.416s][info][gc          ] GC(144) Pause Young (Concurrent Start) (G1 Humongous Allocation) 233M->123M(320M) 24.968ms
[96.416s][info][gc,cpu      ] GC(144) User=0.05s Sys=0.00s Real=0.02s
[96.416s][info][gc          ] GC(145) Concurrent Mark Cycle
[96.416s][info][gc,marking  ] GC(145) Concurrent Scan Root Regions
[96.443s][info][gc,marking  ] GC(145) Concurrent Scan Root Regions 26.728ms
[96.443s][info][gc,marking  ] GC(145) Concurrent Mark
[96.443s][info][gc,marking  ] GC(145) Concurrent Mark From Roots
[96.443s][info][gc,task     ] GC(145) Using 1 workers of 1 for marking
[96.480s][info][gc,marking  ] GC(145) Concurrent Mark From Roots 36.772ms
[96.480s][info][gc,marking  ] GC(145) Concurrent Preclean
[96.480s][info][gc,marking  ] GC(145) Concurrent Preclean 0.041ms
[96.480s][info][gc,start    ] GC(145) Pause Remark
[96.498s][info][gc          ] GC(145) Pause Remark 129M->110M(320M) 17.770ms
[96.498s][info][gc,cpu      ] GC(145) User=0.04s Sys=0.00s Real=0.02s
[96.498s][info][gc,marking  ] GC(145) Concurrent Mark 55.151ms
[96.498s][info][gc,marking  ] GC(145) Concurrent Rebuild Remembered Sets and Scrub Regions
[96.523s][info][gc,marking  ] GC(145) Concurrent Rebuild Remembered Sets and Scrub Regions 25.071ms
[96.523s][info][gc,start    ] GC(145) Pause Cleanup
[96.523s][info][gc          ] GC(145) Pause Cleanup 112M->112M(320M) 0.056ms
[96.523s][info][gc,cpu      ] GC(145) User=0.00s Sys=0.00s Real=0.00s
[96.524s][info][gc,marking  ] GC(145) Concurrent Clear Claimed Marks
[96.524s][info][gc,marking  ] GC(145) Concurrent Clear Claimed Marks 0.046ms
[96.524s][info][gc,marking  ] GC(145) Concurrent Cleanup for Next Mark
[96.525s][info][gc,marking  ] GC(145) Concurrent Cleanup for Next Mark 0.937ms
[96.525s][info][gc          ] GC(145) Concurrent Mark Cycle 109.008ms
[97.639s][info][gc,start    ] GC(146) Pause Young (Prepare Mixed) (G1 Evacuation Pause)
[97.639s][info][gc,task     ] GC(146) Using 2 workers of 2 for evacuation
[97.647s][info][gc,phases   ] GC(146)   Pre Evacuate Collection Set: 0.23ms
[97.647s][info][gc,phases   ] GC(146)   Merge Heap Roots: 0.15ms
[97.647s][info][gc,phases   ] GC(146)   Evacuate Collection Set: 6.50ms
[97.647s][info][gc,phases   ] GC(146)   Post Evacuate Collection Set: 0.40ms
[97.647s][info][gc,phases   ] GC(146)   Other: 0.07ms
[97.647s][info][gc,heap     ] GC(146) Eden regions: 139->0(161)
[97.647s][info][gc,heap     ] GC(146) Survivor regions: 15->3(20)
[97.647s][info][gc,heap     ] GC(146) Old regions: 89->96
[97.647s][info][gc,heap     ] GC(146) Humongous regions: 15->3
[97.647s][info][gc,metaspace] GC(146) Metaspace: 41228K(41600K)->41228K(41600K) NonClass: 38415K(38656K)->38415K(38656K) Class: 2813K(2944K)->2813K(2944K)
[97.647s][info][gc          ] GC(146) Pause Young (Prepare Mixed) (G1 Evacuation Pause) 257M->101M(320M) 7.517ms
[97.647s][info][gc,cpu      ] GC(146) User=0.01s Sys=0.00s Real=0.01s
[98.712s][info][gc,start    ] GC(147) Pause Young (Mixed) (G1 Evacuation Pause)
[98.712s][info][gc,task     ] GC(147) Using 2 workers of 2 for evacuation
[98.731s][info][gc,phases   ] GC(147)   Pre Evacuate Collection Set: 0.22ms
[98.731s][info][gc,phases   ] GC(147)   Merge Heap Roots: 0.14ms
[98.731s][info][gc,phases   ] GC(147)   Evacuate Collection Set: 17.99ms
[98.731s][info][gc,phases   ] GC(147)   Post Evacuate Collection Set: 0.47ms
[98.731s][info][gc,phases   ] GC(147)   Other: 0.09ms
[98.731s][info][gc,heap     ] GC(147) Eden regions: 161->0(177)
[98.731s][info][gc,heap     ] GC(147) Survivor regions: 3->14(21)
[98.731s][info][gc,heap     ] GC(147) Old regions: 96->64
[98.731s][info][gc,heap     ] GC(147) Humongous regions: 11->3
[98.731s][info][gc,metaspace] GC(147) Metaspace: 41233K(41600K)->41233K(41600K) NonClass: 38420K(38656K)->38420K(38656K) Class: 2813K(2944K)->2813K(2944K)
[98.731s][info][gc          ] GC(147) Pause Young (Mixed) (G1 Evacuation Pause) 270M->80M(320M) 19.122ms
[98.731s][info][gc,cpu      ] GC(147) User=0.04s Sys=0.01s Real=0.02s
[100.046s][info][gc,start    ] GC(148) Pause Young (Mixed) (G1 Evacuation Pause)
[100.046s][info][gc,task     ] GC(148) Using 2 workers of 2 for evacuation
[100.058s][info][gc,phases   ] GC(148)   Pre Evacuate Collection Set: 0.19ms
[100.058s][info][gc,phases   ] GC(148)   Merge Heap Roots: 0.10ms
[100.058s][info][gc,phases   ] GC(148)   Evacuate Collection Set: 11.00ms
[100.058s][info][gc,phases   ] GC(148)   Post Evacuate Collection Set: 0.72ms
[100.058s][info][gc,phases   ] GC(148)   Other: 0.11ms
[100.058s][info][gc,heap     ] GC(148) Eden regions: 177->0(182)
[100.058s][info][gc,heap     ] GC(148) Survivor regions: 14->10(24)
[100.058s][info][gc,heap     ] GC(148) Old regions: 64->61
[100.058s][info][gc,heap     ] GC(148) Humongous regions: 13->3
[100.058s][info][gc,metaspace] GC(148) Metaspace: 41246K(41600K)->41246K(41600K) NonClass: 38433K(38656K)->38433K(38656K) Class: 2813K(2944K)->2813K(2944K)
[100.058s][info][gc          ] GC(148) Pause Young (Mixed) (G1 Evacuation Pause) 267M->73M(320M) 12.290ms
[100.058s][info][gc,cpu      ] GC(148) User=0.03s Sys=0.00s Real=0.01s
[101.014s][info][gc,start    ] GC(149) Pause Young (Normal) (G1 Evacuation Pause)
[101.014s][info][gc,task     ] GC(149) Using 2 workers of 2 for evacuation
[101.019s][info][gc,phases   ] GC(149)   Pre Evacuate Collection Set: 0.22ms
[101.019s][info][gc,phases   ] GC(149)   Merge Heap Roots: 0.06ms
[101.019s][info][gc,phases   ] GC(149)   Evacuate Collection Set: 4.56ms
[101.019s][info][gc,phases   ] GC(149)   Post Evacuate Collection Set: 0.44ms
[101.019s][info][gc,phases   ] GC(149)   Other: 0.07ms
[101.019s][info][gc,heap     ] GC(149) Eden regions: 182->0(187)
[101.019s][info][gc,heap     ] GC(149) Survivor regions: 10->5(24)
[101.019s][info][gc,heap     ] GC(149) Old regions: 61->61
[101.019s][info][gc,heap     ] GC(149) Humongous regions: 7->3
[101.019s][info][gc,metaspace] GC(149) Metaspace: 41253K(41600K)->41253K(41600K) NonClass: 38440K(38656K)->38440K(38656K) Class: 2813K(2944K)->2813K(2944K)
[101.019s][info][gc          ] GC(149) Pause Young (Normal) (G1 Evacuation Pause) 259M->69M(320M) 5.533ms
[101.019s][info][gc,cpu      ] GC(149) User=0.02s Sys=0.00s Real=0.00s
[101.037s][info][gc,start    ] GC(150) Pause Young (Concurrent Start) (G1 Humongous Allocation)
[101.037s][info][gc,task     ] GC(150) Using 2 workers of 2 for evacuation
[101.040s][info][gc,phases   ] GC(150)   Pre Evacuate Collection Set: 0.16ms
[101.040s][info][gc,phases   ] GC(150)   Merge Heap Roots: 0.03ms
[101.040s][info][gc,phases   ] GC(150)   Evacuate Collection Set: 2.31ms
[101.040s][info][gc,phases   ] GC(150)   Post Evacuate Collection Set: 0.28ms
[101.040s][info][gc,phases   ] GC(150)   Other: 0.08ms
[101.040s][info][gc,heap     ] GC(150) Eden regions: 4->0(189)
[101.040s][info][gc,heap     ] GC(150) Survivor regions: 5->3(24)
[101.040s][info][gc,heap     ] GC(150) Old regions: 61->61
[101.040s][info][gc,heap     ] GC(150) Humongous regions: 3->1
[101.040s][info][gc,metaspace] GC(150) Metaspace: 41253K(41600K)->41253K(41600K) NonClass: 38440K(38656K)->38440K(38656K) Class: 2813K(2944K)->2813K(2944K)
[101.040s][info][gc          ] GC(150) Pause Young (Concurrent Start) (G1 Humongous Allocation) 73M->64M(320M) 3.008ms
[101.040s][info][gc          ] GC(151) Concurrent Mark Cycle
[101.040s][info][gc,marking  ] GC(151) Concurrent Scan Root Regions
[101.041s][info][gc,cpu      ] GC(150) User=0.00s Sys=0.00s Real=0.01s
[101.049s][info][gc,marking  ] GC(151) Concurrent Scan Root Regions 8.704ms
[101.049s][info][gc,marking  ] GC(151) Concurrent Mark
[101.049s][info][gc,marking  ] GC(151) Concurrent Mark From Roots
[101.049s][info][gc,task     ] GC(151) Using 1 workers of 1 for marking
[101.115s][info][gc,marking  ] GC(151) Concurrent Mark From Roots 65.376ms
[101.115s][info][gc,marking  ] GC(151) Concurrent Preclean
[101.115s][info][gc,marking  ] GC(151) Concurrent Preclean 0.034ms
[101.115s][info][gc,start    ] GC(151) Pause Remark
[101.130s][info][gc          ] GC(151) Pause Remark 77M->76M(256M) 15.637ms
[101.130s][info][gc,cpu      ] GC(151) User=0.03s Sys=0.00s Real=0.01s
[101.131s][info][gc,marking  ] GC(151) Concurrent Mark 81.895ms
[101.131s][info][gc,marking  ] GC(151) Concurrent Rebuild Remembered Sets and Scrub Regions
[101.151s][info][gc,marking  ] GC(151) Concurrent Rebuild Remembered Sets and Scrub Regions 19.533ms
[101.151s][info][gc,start    ] GC(151) Pause Cleanup
[101.151s][info][gc          ] GC(151) Pause Cleanup 78M->78M(256M) 0.053ms
[101.151s][info][gc,cpu      ] GC(151) User=0.00s Sys=0.00s Real=0.00s
[101.151s][info][gc,marking  ] GC(151) Concurrent Clear Claimed Marks
[101.151s][info][gc,marking  ] GC(151) Concurrent Clear Claimed Marks 0.035ms
[101.151s][info][gc,marking  ] GC(151) Concurrent Cleanup for Next Mark
[101.152s][info][gc,marking  ] GC(151) Concurrent Cleanup for Next Mark 0.718ms
[101.152s][info][gc          ] GC(151) Concurrent Mark Cycle 111.121ms
[101.813s][info][gc,start    ] GC(152) Pause Young (Prepare Mixed) (G1 Evacuation Pause)
[101.813s][info][gc,task     ] GC(152) Using 2 workers of 2 for evacuation
[101.817s][info][gc,phases   ] GC(152)   Pre Evacuate Collection Set: 0.19ms
[101.817s][info][gc,phases   ] GC(152)   Merge Heap Roots: 0.06ms
[101.817s][info][gc,phases   ] GC(152)   Evacuate Collection Set: 3.57ms
[101.817s][info][gc,phases   ] GC(152)   Post Evacuate Collection Set: 0.39ms
[101.817s][info][gc,phases   ] GC(152)   Other: 0.07ms
[101.817s][info][gc,heap     ] GC(152) Eden regions: 150->0(149)
[101.817s][info][gc,heap     ] GC(152) Survivor regions: 3->4(20)
[101.817s][info][gc,heap     ] GC(152) Old regions: 60->60
[101.817s][info][gc,heap     ] GC(152) Humongous regions: 15->3
[101.817s][info][gc,metaspace] GC(152) Metaspace: 41262K(41600K)->41262K(41600K) NonClass: 38449K(38656K)->38449K(38656K) Class: 2813K(2944K)->2813K(2944K)
[101.817s][info][gc          ] GC(152) Pause Young (Prepare Mixed) (G1 Evacuation Pause) 227M->66M(256M) 4.449ms
[101.817s][info][gc,cpu      ] GC(152) User=0.01s Sys=0.00s Real=0.00s
[102.543s][info][gc,start    ] GC(153) Pause Young (Mixed) (G1 Evacuation Pause)
[102.543s][info][gc,task     ] GC(153) Using 2 workers of 2 for evacuation
[102.551s][info][gc,phases   ] GC(153)   Pre Evacuate Collection Set: 0.23ms
[102.551s][info][gc,phases   ] GC(153)   Merge Heap Roots: 0.09ms
[102.551s][info][gc,phases   ] GC(153)   Evacuate Collection Set: 7.45ms
[102.551s][info][gc,phases   ] GC(153)   Post Evacuate Collection Set: 0.41ms
[102.551s][info][gc,phases   ] GC(153)   Other: 0.10ms
[102.551s][info][gc,heap     ] GC(153) Eden regions: 149->0(145)
[102.551s][info][gc,heap     ] GC(153) Survivor regions: 4->8(20)
[102.551s][info][gc,heap     ] GC(153) Old regions: 60->46
[102.551s][info][gc,heap     ] GC(153) Humongous regions: 13->3
[102.551s][info][gc,metaspace] GC(153) Metaspace: 41268K(41600K)->41268K(41600K) NonClass: 38455K(38656K)->38455K(38656K) Class: 2813K(2944K)->2813K(2944K)
[102.551s][info][gc          ] GC(153) Pause Young (Mixed) (G1 Evacuation Pause) 225M->55M(256M) 8.433ms
[102.551s][info][gc,cpu      ] GC(153) User=0.02s Sys=0.00s Real=0.00s
[102.604s][info][gc,start    ] GC(154) Pause Young (Concurrent Start) (G1 Humongous Allocation)
[102.604s][info][gc,task     ] GC(154) Using 2 workers of 2 for evacuation
[102.608s][info][gc,phases   ] GC(154)   Pre Evacuate Collection Set: 0.17ms
[102.608s][info][gc,phases   ] GC(154)   Merge Heap Roots: 0.06ms
[102.608s][info][gc,phases   ] GC(154)   Evacuate Collection Set: 3.53ms
[102.608s][info][gc,phases   ] GC(154)   Post Evacuate Collection Set: 0.27ms
[102.608s][info][gc,phases   ] GC(154)   Other: 0.10ms
[102.608s][info][gc,heap     ] GC(154) Eden regions: 12->0(148)
[102.608s][info][gc,heap     ] GC(154) Survivor regions: 8->5(20)
[102.608s][info][gc,heap     ] GC(154) Old regions: 46->46
[102.608s][info][gc,heap     ] GC(154) Humongous regions: 3->1
[102.608s][info][gc,metaspace] GC(154) Metaspace: 41268K(41600K)->41268K(41600K) NonClass: 38455K(38656K)->38455K(38656K) Class: 2813K(2944K)->2813K(2944K)
[102.608s][info][gc          ] GC(154) Pause Young (Concurrent Start) (G1 Humongous Allocation) 67M->50M(256M) 4.297ms
[102.608s][info][gc          ] GC(155) Concurrent Mark Cycle
[102.608s][info][gc,marking  ] GC(155) Concurrent Scan Root Regions
[102.610s][info][gc,cpu      ] GC(154) User=0.01s Sys=0.00s Real=0.00s
[102.616s][info][gc,marking  ] GC(155) Concurrent Scan Root Regions 7.986ms
[102.616s][info][gc,marking  ] GC(155) Concurrent Mark
[102.616s][info][gc,marking  ] GC(155) Concurrent Mark From Roots
[102.616s][info][gc,task     ] GC(155) Using 1 workers of 1 for marking
[102.703s][info][gc,marking  ] GC(155) Concurrent Mark From Roots 86.877ms
[102.703s][info][gc,marking  ] GC(155) Concurrent Preclean
[102.703s][info][gc,marking  ] GC(155) Concurrent Preclean 0.043ms
[102.703s][info][gc,start    ] GC(155) Pause Remark
[102.717s][info][gc          ] GC(155) Pause Remark 62M->62M(256M) 13.890ms
[102.717s][info][gc,cpu      ] GC(155) User=0.03s Sys=0.00s Real=0.01s
[102.721s][info][gc,marking  ] GC(155) Concurrent Mark 104.972ms
[102.721s][info][gc,marking  ] GC(155) Concurrent Rebuild Remembered Sets and Scrub Regions
[102.745s][info][gc,marking  ] GC(155) Concurrent Rebuild Remembered Sets and Scrub Regions 23.760ms
[102.745s][info][gc,start    ] GC(155) Pause Cleanup
[102.745s][info][gc          ] GC(155) Pause Cleanup 65M->65M(256M) 0.040ms
[102.745s][info][gc,cpu      ] GC(155) User=0.00s Sys=0.00s Real=0.00s
[102.745s][info][gc,marking  ] GC(155) Concurrent Clear Claimed Marks
[102.745s][info][gc,marking  ] GC(155) Concurrent Clear Claimed Marks 0.033ms
[102.745s][info][gc,marking  ] GC(155) Concurrent Cleanup for Next Mark
[102.746s][info][gc,marking  ] GC(155) Concurrent Cleanup for Next Mark 0.742ms
[102.746s][info][gc          ] GC(155) Concurrent Mark Cycle 137.726ms
[103.488s][info][gc,start    ] GC(156) Pause Young (Prepare Mixed) (G1 Evacuation Pause)
[103.488s][info][gc,task     ] GC(156) Using 2 workers of 2 for evacuation
[103.503s][info][gc,phases   ] GC(156)   Pre Evacuate Collection Set: 0.16ms
[103.503s][info][gc,phases   ] GC(156)   Merge Heap Roots: 0.08ms
[103.503s][info][gc,phases   ] GC(156)   Evacuate Collection Set: 14.25ms
[103.503s][info][gc,phases   ] GC(156)   Post Evacuate Collection Set: 0.42ms
[103.503s][info][gc,phases   ] GC(156)   Other: 0.08ms
[103.503s][info][gc,heap     ] GC(156) Eden regions: 148->0(133)
[103.503s][info][gc,heap     ] GC(156) Survivor regions: 5->20(20)
[103.503s][info][gc,heap     ] GC(156) Old regions: 46->46
[103.503s][info][gc,heap     ] GC(156) Humongous regions: 11->3
[103.503s][info][gc,metaspace] GC(156) Metaspace: 41279K(41600K)->41279K(41600K) NonClass: 38466K(38656K)->38466K(38656K) Class: 2813K(2944K)->2813K(2944K)
[103.503s][info][gc          ] GC(156) Pause Young (Prepare Mixed) (G1 Evacuation Pause) 208M->67M(256M) 15.165ms
[103.503s][info][gc,cpu      ] GC(156) User=0.02s Sys=0.00s Real=0.02s
[104.019s][info][gc,start    ] GC(157) Pause Young (Mixed) (G1 Evacuation Pause)
[104.019s][info][gc,task     ] GC(157) Using 2 workers of 2 for evacuation
[104.045s][info][gc,phases   ] GC(157)   Pre Evacuate Collection Set: 0.17ms
[104.045s][info][gc,phases   ] GC(157)   Merge Heap Roots: 0.09ms
[104.045s][info][gc,phases   ] GC(157)   Evacuate Collection Set: 25.08ms
[104.045s][info][gc,phases   ] GC(157)   Post Evacuate Collection Set: 0.54ms
[104.045s][info][gc,phases   ] GC(157)   Other: 0.07ms
[104.045s][info][gc,heap     ] GC(157) Eden regions: 133->0(142)
[104.045s][info][gc,heap     ] GC(157) Survivor regions: 20->11(20)
[104.045s][info][gc,heap     ] GC(157) Old regions: 46->56
[104.045s][info][gc,heap     ] GC(157) Humongous regions: 3->3
[104.045s][info][gc,metaspace] GC(157) Metaspace: 41283K(41600K)->41283K(41600K) NonClass: 38470K(38656K)->38470K(38656K) Class: 2813K(2944K)->2813K(2944K)
[104.045s][info][gc          ] GC(157) Pause Young (Mixed) (G1 Evacuation Pause) 200M->70M(256M) 26.132ms
[104.045s][info][gc,cpu      ] GC(157) User=0.05s Sys=0.00s Real=0.03s
[104.639s][info][gc,start    ] GC(158) Pause Young (Concurrent Start) (G1 Humongous Allocation)
[104.639s][info][gc,task     ] GC(158) Using 2 workers of 2 for evacuation
[104.688s][info][gc,phases   ] GC(158)   Pre Evacuate Collection Set: 0.21ms
[104.688s][info][gc,phases   ] GC(158)   Merge Heap Roots: 0.12ms
[104.688s][info][gc,phases   ] GC(158)   Evacuate Collection Set: 48.54ms
[104.688s][info][gc,phases   ] GC(158)   Post Evacuate Collection Set: 0.46ms
[104.688s][info][gc,phases   ] GC(158)   Other: 0.11ms
[104.688s][info][gc,heap     ] GC(158) Eden regions: 131->0(103)
[104.688s][info][gc,heap     ] GC(158) Survivor regions: 11->20(20)
[104.688s][info][gc,heap     ] GC(158) Old regions: 56->85
[104.688s][info][gc,heap     ] GC(158) Humongous regions: 3->1
[104.688s][info][gc,metaspace] GC(158) Metaspace: 41285K(41600K)->41285K(41600K) NonClass: 38472K(38656K)->38472K(38656K) Class: 2813K(2944K)->2813K(2944K)
[104.688s][info][gc          ] GC(158) Pause Young (Concurrent Start) (G1 Humongous Allocation) 201M->105M(256M) 49.606ms
[104.688s][info][gc,cpu      ] GC(158) User=0.10s Sys=0.00s Real=0.05s
[104.688s][info][gc          ] GC(159) Concurrent Mark Cycle
[104.689s][info][gc,marking  ] GC(159) Concurrent Scan Root Regions
[104.764s][info][gc,marking  ] GC(159) Concurrent Scan Root Regions 75.542ms
[104.764s][info][gc,marking  ] GC(159) Concurrent Mark
[104.764s][info][gc,marking  ] GC(159) Concurrent Mark From Roots
[104.764s][info][gc,task     ] GC(159) Using 1 workers of 1 for marking
[104.891s][info][gc,marking  ] GC(159) Concurrent Mark From Roots 127.349ms
[104.891s][info][gc,marking  ] GC(159) Concurrent Preclean
[104.892s][info][gc,marking  ] GC(159) Concurrent Preclean 0.034ms
[104.893s][info][gc,start    ] GC(159) Pause Remark
[104.907s][info][gc          ] GC(159) Pause Remark 157M->157M(256M) 14.234ms
[104.907s][info][gc,cpu      ] GC(159) User=0.03s Sys=0.00s Real=0.01s
[104.909s][info][gc,marking  ] GC(159) Concurrent Mark 144.469ms
[104.909s][info][gc,marking  ] GC(159) Concurrent Rebuild Remembered Sets and Scrub Regions
[105.001s][info][gc,marking  ] GC(159) Concurrent Rebuild Remembered Sets and Scrub Regions 92.099ms
[105.001s][info][gc,start    ] GC(159) Pause Cleanup
[105.001s][info][gc          ] GC(159) Pause Cleanup 170M->170M(256M) 0.056ms
[105.001s][info][gc,cpu      ] GC(159) User=0.00s Sys=0.00s Real=0.00s
[105.001s][info][gc,marking  ] GC(159) Concurrent Clear Claimed Marks
[105.001s][info][gc,marking  ] GC(159) Concurrent Clear Claimed Marks 0.038ms
[105.001s][info][gc,marking  ] GC(159) Concurrent Cleanup for Next Mark
[105.002s][info][gc,marking  ] GC(159) Concurrent Cleanup for Next Mark 0.766ms
[105.002s][info][gc          ] GC(159) Concurrent Mark Cycle 313.244ms
[105.273s][info][gc,start    ] GC(160) Pause Young (Prepare Mixed) (G1 Evacuation Pause)
[105.273s][info][gc,task     ] GC(160) Using 2 workers of 2 for evacuation
[105.310s][info][gc,phases   ] GC(160)   Pre Evacuate Collection Set: 0.16ms
[105.310s][info][gc,phases   ] GC(160)   Merge Heap Roots: 0.49ms
[105.310s][info][gc,phases   ] GC(160)   Evacuate Collection Set: 35.53ms
[105.310s][info][gc,phases   ] GC(160)   Post Evacuate Collection Set: 0.42ms
[105.310s][info][gc,phases   ] GC(160)   Other: 0.08ms
[105.310s][info][gc,heap     ] GC(160) Eden regions: 103->0(90)
[105.310s][info][gc,heap     ] GC(160) Survivor regions: 20->15(16)
[105.310s][info][gc,heap     ] GC(160) Old regions: 85->105
[105.310s][info][gc,heap     ] GC(160) Humongous regions: 5->3
[105.310s][info][gc,metaspace] GC(160) Metaspace: 41286K(41600K)->41286K(41600K) NonClass: 38473K(38656K)->38473K(38656K) Class: 2813K(2944K)->2813K(2944K)
[105.310s][info][gc          ] GC(160) Pause Young (Prepare Mixed) (G1 Evacuation Pause) 212M->123M(256M) 36.883ms
[105.310s][info][gc,cpu      ] GC(160) User=0.07s Sys=0.00s Real=0.03s
[105.708s][info][gc,start    ] GC(161) Pause Young (Mixed) (G1 Evacuation Pause)
[105.708s][info][gc,task     ] GC(161) Using 2 workers of 2 for evacuation
[105.726s][info][gc,phases   ] GC(161)   Pre Evacuate Collection Set: 0.19ms
[105.726s][info][gc,phases   ] GC(161)   Merge Heap Roots: 0.33ms
[105.726s][info][gc,phases   ] GC(161)   Evacuate Collection Set: 17.35ms
[105.726s][info][gc,phases   ] GC(161)   Post Evacuate Collection Set: 0.53ms
[105.726s][info][gc,phases   ] GC(161)   Other: 0.07ms
[105.726s][info][gc,heap     ] GC(161) Eden regions: 90->0(103)
[105.726s][info][gc,heap     ] GC(161) Survivor regions: 15->3(14)
[105.726s][info][gc,heap     ] GC(161) Old regions: 105->108
[105.726s][info][gc,heap     ] GC(161) Humongous regions: 7->3
[105.726s][info][gc,metaspace] GC(161) Metaspace: 41287K(41600K)->41287K(41600K) NonClass: 38474K(38656K)->38474K(38656K) Class: 2813K(2944K)->2813K(2944K)
[105.726s][info][gc          ] GC(161) Pause Young (Mixed) (G1 Evacuation Pause) 217M->113M(256M) 18.654ms
[105.726s][info][gc,cpu      ] GC(161) User=0.03s Sys=0.00s Real=0.02s
[105.756s][info][gc,start    ] GC(162) Pause Young (Concurrent Start) (G1 Humongous Allocation)
[105.756s][info][gc,task     ] GC(162) Using 2 workers of 2 for evacuation
[105.757s][info][gc,phases   ] GC(162)   Pre Evacuate Collection Set: 0.17ms
[105.758s][info][gc,phases   ] GC(162)   Merge Heap Roots: 0.04ms
[105.758s][info][gc,phases   ] GC(162)   Evacuate Collection Set: 0.97ms
[105.758s][info][gc,phases   ] GC(162)   Post Evacuate Collection Set: 0.34ms
[105.758s][info][gc,phases   ] GC(162)   Other: 0.07ms
[105.758s][info][gc,heap     ] GC(162) Eden regions: 1->0(107)
[105.758s][info][gc,heap     ] GC(162) Survivor regions: 3->1(14)
[105.758s][info][gc,heap     ] GC(162) Old regions: 108->108
[105.758s][info][gc,heap     ] GC(162) Humongous regions: 3->1
[105.758s][info][gc,metaspace] GC(162) Metaspace: 41287K(41600K)->41287K(41600K) NonClass: 38474K(38656K)->38474K(38656K) Class: 2813K(2944K)->2813K(2944K)
[105.758s][info][gc          ] GC(162) Pause Young (Concurrent Start) (G1 Humongous Allocation) 114M->109M(256M) 1.745ms
[105.758s][info][gc,cpu      ] GC(162) User=0.01s Sys=0.00s Real=0.00s
[105.758s][info][gc          ] GC(163) Concurrent Mark Cycle
[105.758s][info][gc,marking  ] GC(163) Concurrent Scan Root Regions
[105.762s][info][gc,marking  ] GC(163) Concurrent Scan Root Regions 3.949ms
[105.762s][info][gc,marking  ] GC(163) Concurrent Mark
[105.762s][info][gc,marking  ] GC(163) Concurrent Mark From Roots
[105.762s][info][gc,task     ] GC(163) Using 1 workers of 1 for marking
[105.826s][info][gc,marking  ] GC(163) Concurrent Mark From Roots 64.776ms
[105.826s][info][gc,marking  ] GC(163) Concurrent Preclean
[105.826s][info][gc,marking  ] GC(163) Concurrent Preclean 0.035ms
[105.828s][info][gc,start    ] GC(163) Pause Remark
[105.846s][info][gc          ] GC(163) Pause Remark 123M->93M(256M) 18.676ms
[105.846s][info][gc,cpu      ] GC(163) User=0.03s Sys=0.00s Real=0.02s
[105.848s][info][gc,marking  ] GC(163) Concurrent Mark 86.457ms
[105.848s][info][gc,marking  ] GC(163) Concurrent Rebuild Remembered Sets and Scrub Regions
[105.890s][info][gc,marking  ] GC(163) Concurrent Rebuild Remembered Sets and Scrub Regions 41.974ms
[105.890s][info][gc,start    ] GC(163) Pause Cleanup
[105.890s][info][gc          ] GC(163) Pause Cleanup 100M->100M(256M) 0.060ms
[105.890s][info][gc,cpu      ] GC(163) User=0.00s Sys=0.00s Real=0.00s
[105.892s][info][gc,marking  ] GC(163) Concurrent Clear Claimed Marks
[105.892s][info][gc,marking  ] GC(163) Concurrent Clear Claimed Marks 0.054ms
[105.892s][info][gc,marking  ] GC(163) Concurrent Cleanup for Next Mark
[105.895s][info][gc,marking  ] GC(163) Concurrent Cleanup for Next Mark 2.702ms
[105.895s][info][gc          ] GC(163) Concurrent Mark Cycle 137.286ms
[106.330s][info][gc,start    ] GC(164) Pause Young (Prepare Mixed) (G1 Evacuation Pause)
[106.330s][info][gc,task     ] GC(164) Using 2 workers of 2 for evacuation
[106.337s][info][gc,phases   ] GC(164)   Pre Evacuate Collection Set: 0.15ms
[106.337s][info][gc,phases   ] GC(164)   Merge Heap Roots: 0.08ms
[106.337s][info][gc,phases   ] GC(164)   Evacuate Collection Set: 6.40ms
[106.337s][info][gc,phases   ] GC(164)   Post Evacuate Collection Set: 0.36ms
[106.337s][info][gc,phases   ] GC(164)   Other: 0.10ms
[106.337s][info][gc,heap     ] GC(164) Eden regions: 107->0(128)
[106.337s][info][gc,heap     ] GC(164) Survivor regions: 1->6(14)
[106.337s][info][gc,heap     ] GC(164) Old regions: 78->78
[106.337s][info][gc,heap     ] GC(164) Humongous regions: 7->3
[106.337s][info][gc,metaspace] GC(164) Metaspace: 41290K(41664K)->41290K(41664K) NonClass: 38477K(38720K)->38477K(38720K) Class: 2813K(2944K)->2813K(2944K)
[106.338s][info][gc          ] GC(164) Pause Young (Prepare Mixed) (G1 Evacuation Pause) 192M->86M(256M) 7.250ms
[106.338s][info][gc,cpu      ] GC(164) User=0.02s Sys=0.00s Real=0.01s
[106.900s][info][gc,start    ] GC(165) Pause Young (Mixed) (G1 Evacuation Pause)
[106.900s][info][gc,task     ] GC(165) Using 2 workers of 2 for evacuation
[106.923s][info][gc,phases   ] GC(165)   Pre Evacuate Collection Set: 0.18ms
[106.923s][info][gc,phases   ] GC(165)   Merge Heap Roots: 0.08ms
[106.923s][info][gc,phases   ] GC(165)   Evacuate Collection Set: 21.28ms
[106.923s][info][gc,phases   ] GC(165)   Post Evacuate Collection Set: 0.42ms
[106.923s][info][gc,phases   ] GC(165)   Other: 0.11ms
[106.923s][info][gc,heap     ] GC(165) Eden regions: 128->0(138)
[106.923s][info][gc,heap     ] GC(165) Survivor regions: 6->15(17)
[106.923s][info][gc,heap     ] GC(165) Old regions: 78->53
[106.923s][info][gc,heap     ] GC(165) Humongous regions: 5->3
[106.923s][info][gc,metaspace] GC(165) Metaspace: 41292K(41728K)->41292K(41728K) NonClass: 38479K(38784K)->38479K(38784K) Class: 2813K(2944K)->2813K(2944K)
[106.923s][info][gc          ] GC(165) Pause Young (Mixed) (G1 Evacuation Pause) 216M->70M(256M) 22.270ms
[106.923s][info][gc,cpu      ] GC(165) User=0.04s Sys=0.00s Real=0.03s
[107.528s][info][gc,start    ] GC(166) Pause Young (Mixed) (G1 Evacuation Pause)
[107.528s][info][gc,task     ] GC(166) Using 2 workers of 2 for evacuation
[107.537s][info][gc,phases   ] GC(166)   Pre Evacuate Collection Set: 0.23ms
[107.537s][info][gc,phases   ] GC(166)   Merge Heap Roots: 0.17ms
[107.537s][info][gc,phases   ] GC(166)   Evacuate Collection Set: 7.66ms
[107.537s][info][gc,phases   ] GC(166)   Post Evacuate Collection Set: 0.40ms
[107.537s][info][gc,phases   ] GC(166)   Other: 0.09ms
[107.537s][info][gc,heap     ] GC(166) Eden regions: 138->0(149)
[107.537s][info][gc,heap     ] GC(166) Survivor regions: 15->4(20)
[107.537s][info][gc,heap     ] GC(166) Old regions: 53->50
[107.537s][info][gc,heap     ] GC(166) Humongous regions: 11->3
[107.537s][info][gc,metaspace] GC(166) Metaspace: 41298K(41728K)->41298K(41728K) NonClass: 38485K(38784K)->38485K(38784K) Class: 2813K(2944K)->2813K(2944K)
[107.537s][info][gc          ] GC(166) Pause Young (Mixed) (G1 Evacuation Pause) 216M->56M(256M) 8.713ms
[107.537s][info][gc,cpu      ] GC(166) User=0.02s Sys=0.00s Real=0.01s
[107.710s][info][gc,start    ] GC(167) Pause Young (Concurrent Start) (G1 Humongous Allocation)
[107.711s][info][gc,task     ] GC(167) Using 2 workers of 2 for evacuation
[107.713s][info][gc,phases   ] GC(167)   Pre Evacuate Collection Set: 0.17ms
[107.713s][info][gc,phases   ] GC(167)   Merge Heap Roots: 0.05ms
[107.713s][info][gc,phases   ] GC(167)   Evacuate Collection Set: 1.69ms
[107.713s][info][gc,phases   ] GC(167)   Post Evacuate Collection Set: 0.31ms
[107.713s][info][gc,phases   ] GC(167)   Other: 0.11ms
[107.713s][info][gc,heap     ] GC(167) Eden regions: 51->0(151)
[107.713s][info][gc,heap     ] GC(167) Survivor regions: 4->2(20)
[107.713s][info][gc,heap     ] GC(167) Old regions: 50->50
[107.713s][info][gc,heap     ] GC(167) Humongous regions: 3->1
[107.713s][info][gc,metaspace] GC(167) Metaspace: 41298K(41728K)->41298K(41728K) NonClass: 38485K(38784K)->38485K(38784K) Class: 2813K(2944K)->2813K(2944K)
[107.713s][info][gc          ] GC(167) Pause Young (Concurrent Start) (G1 Humongous Allocation) 107M->52M(256M) 2.504ms
[107.713s][info][gc          ] GC(168) Concurrent Undo Cycle
[107.713s][info][gc,marking  ] GC(168) Concurrent Clear Claimed Marks
[107.713s][info][gc,marking  ] GC(168) Concurrent Clear Claimed Marks 0.029ms
[107.713s][info][gc,marking  ] GC(168) Concurrent Cleanup for Next Mark
[107.713s][info][gc,cpu      ] GC(167) User=0.00s Sys=0.00s Real=0.01s
[107.715s][info][gc,marking  ] GC(168) Concurrent Cleanup for Next Mark 2.129ms
[107.715s][info][gc          ] GC(168) Concurrent Undo Cycle 2.204ms
[108.111s][info][gc,start    ] GC(169) Pause Young (Concurrent Start) (G1 Humongous Allocation)
[108.111s][info][gc,task     ] GC(169) Using 2 workers of 2 for evacuation
[108.114s][info][gc,phases   ] GC(169)   Pre Evacuate Collection Set: 0.17ms
[108.114s][info][gc,phases   ] GC(169)   Merge Heap Roots: 0.05ms
[108.114s][info][gc,phases   ] GC(169)   Evacuate Collection Set: 2.08ms
[108.114s][info][gc,phases   ] GC(169)   Post Evacuate Collection Set: 0.42ms
[108.114s][info][gc,phases   ] GC(169)   Other: 0.08ms
[108.114s][info][gc,heap     ] GC(169) Eden regions: 109->0(151)
[108.114s][info][gc,heap     ] GC(169) Survivor regions: 2->2(20)
[108.114s][info][gc,heap     ] GC(169) Old regions: 50->50
[108.114s][info][gc,heap     ] GC(169) Humongous regions: 3->1
[108.114s][info][gc,metaspace] GC(169) Metaspace: 41303K(41728K)->41303K(41728K) NonClass: 38489K(38784K)->38489K(38784K) Class: 2813K(2944K)->2813K(2944K)
[108.114s][info][gc          ] GC(169) Pause Young (Concurrent Start) (G1 Humongous Allocation) 162M->52M(256M) 2.958ms
[108.114s][info][gc,cpu      ] GC(169) User=0.00s Sys=0.00s Real=0.00s
[108.114s][info][gc          ] GC(170) Concurrent Mark Cycle
[108.114s][info][gc,marking  ] GC(170) Concurrent Scan Root Regions
[108.119s][info][gc,marking  ] GC(170) Concurrent Scan Root Regions 5.194ms
[108.119s][info][gc,marking  ] GC(170) Concurrent Mark
[108.119s][info][gc,marking  ] GC(170) Concurrent Mark From Roots
[108.119s][info][gc,task     ] GC(170) Using 1 workers of 1 for marking
[108.201s][info][gc,marking  ] GC(170) Concurrent Mark From Roots 81.405ms
[108.201s][info][gc,marking  ] GC(170) Concurrent Preclean
[108.201s][info][gc,marking  ] GC(170) Concurrent Preclean 0.032ms
[108.201s][info][gc,start    ] GC(170) Pause Remark
[108.214s][info][gc          ] GC(170) Pause Remark 72M->72M(256M) 12.884ms
[108.214s][info][gc,cpu      ] GC(170) User=0.03s Sys=0.00s Real=0.02s
[108.215s][info][gc,marking  ] GC(170) Concurrent Mark 95.525ms
[108.215s][info][gc,marking  ] GC(170) Concurrent Rebuild Remembered Sets and Scrub Regions
[108.238s][info][gc,marking  ] GC(170) Concurrent Rebuild Remembered Sets and Scrub Regions 22.615ms
[108.238s][info][gc,start    ] GC(170) Pause Cleanup
[108.238s][info][gc          ] GC(170) Pause Cleanup 80M->80M(256M) 0.042ms
[108.238s][info][gc,cpu      ] GC(170) User=0.00s Sys=0.00s Real=0.00s
[108.238s][info][gc,marking  ] GC(170) Concurrent Clear Claimed Marks
[108.238s][info][gc,marking  ] GC(170) Concurrent Clear Claimed Marks 0.033ms
[108.238s][info][gc,marking  ] GC(170) Concurrent Cleanup for Next Mark
[108.239s][info][gc,marking  ] GC(170) Concurrent Cleanup for Next Mark 0.726ms
[108.239s][info][gc          ] GC(170) Concurrent Mark Cycle 124.400ms
[108.786s][info][gc,start    ] GC(171) Pause Young (Prepare Mixed) (G1 Evacuation Pause)
[108.786s][info][gc,task     ] GC(171) Using 2 workers of 2 for evacuation
[108.789s][info][gc,phases   ] GC(171)   Pre Evacuate Collection Set: 0.15ms
[108.789s][info][gc,phases   ] GC(171)   Merge Heap Roots: 0.06ms
[108.789s][info][gc,phases   ] GC(171)   Evacuate Collection Set: 2.47ms
[108.789s][info][gc,phases   ] GC(171)   Post Evacuate Collection Set: 0.39ms
[108.789s][info][gc,phases   ] GC(171)   Other: 0.07ms
[108.789s][info][gc,heap     ] GC(171) Eden regions: 151->0(150)
[108.789s][info][gc,heap     ] GC(171) Survivor regions: 2->3(20)
[108.790s][info][gc,heap     ] GC(171) Old regions: 50->50
[108.790s][info][gc,heap     ] GC(171) Humongous regions: 7->1
[108.790s][info][gc,metaspace] GC(171) Metaspace: 41318K(41728K)->41318K(41728K) NonClass: 38505K(38784K)->38505K(38784K) Class: 2813K(2944K)->2813K(2944K)
[108.790s][info][gc          ] GC(171) Pause Young (Prepare Mixed) (G1 Evacuation Pause) 209M->53M(256M) 3.312ms
[108.790s][info][gc,cpu      ] GC(171) User=0.00s Sys=0.00s Real=0.00s
[109.236s][info][gc,start    ] GC(172) Pause Young (Mixed) (G1 Evacuation Pause)
[109.236s][info][gc,task     ] GC(172) Using 2 workers of 2 for evacuation
[109.276s][info][gc,phases   ] GC(172)   Pre Evacuate Collection Set: 0.17ms
[109.276s][info][gc,phases   ] GC(172)   Merge Heap Roots: 0.09ms
[109.276s][info][gc,phases   ] GC(172)   Evacuate Collection Set: 38.84ms
[109.276s][info][gc,phases   ] GC(172)   Post Evacuate Collection Set: 0.54ms
[109.276s][info][gc,phases   ] GC(172)   Other: 0.07ms
[109.276s][info][gc,heap     ] GC(172) Eden regions: 150->0(123)
[109.276s][info][gc,heap     ] GC(172) Survivor regions: 3->20(20)
[109.276s][info][gc,heap     ] GC(172) Old regions: 50->67
[109.276s][info][gc,heap     ] GC(172) Humongous regions: 3->3
[109.276s][info][gc,metaspace] GC(172) Metaspace: 41318K(41728K)->41318K(41728K) NonClass: 38505K(38784K)->38505K(38784K) Class: 2813K(2944K)->2813K(2944K)
[109.276s][info][gc          ] GC(172) Pause Young (Mixed) (G1 Evacuation Pause) 205M->90M(256M) 39.899ms
[109.276s][info][gc,cpu      ] GC(172) User=0.08s Sys=0.00s Real=0.04s
[109.792s][info][gc,start    ] GC(173) Pause Young (Concurrent Start) (G1 Evacuation Pause)
[109.792s][info][gc,task     ] GC(173) Using 2 workers of 2 for evacuation
[109.894s][info][gc,phases   ] GC(173)   Pre Evacuate Collection Set: 0.17ms
[109.895s][info][gc,phases   ] GC(173)   Merge Heap Roots: 0.32ms
[109.895s][info][gc,phases   ] GC(173)   Evacuate Collection Set: 101.13ms
[109.895s][info][gc,phases   ] GC(173)   Post Evacuate Collection Set: 0.51ms
[109.895s][info][gc,phases   ] GC(173)   Other: 0.12ms
[109.895s][info][gc,heap     ] GC(173) Eden regions: 123->0(98)
[109.895s][info][gc,heap     ] GC(173) Survivor regions: 20->18(18)
[109.895s][info][gc,heap     ] GC(173) Old regions: 67->98
[109.895s][info][gc,heap     ] GC(173) Humongous regions: 3->3
[109.895s][info][gc,metaspace] GC(173) Metaspace: 41319K(41728K)->41319K(41728K) NonClass: 38506K(38784K)->38506K(38784K) Class: 2813K(2944K)->2813K(2944K)
[109.895s][info][gc          ] GC(173) Pause Young (Concurrent Start) (G1 Evacuation Pause) 213M->119M(262M) 102.426ms
[109.895s][info][gc,cpu      ] GC(173) User=0.13s Sys=0.00s Real=0.10s
[109.895s][info][gc          ] GC(174) Concurrent Mark Cycle
[109.895s][info][gc,marking  ] GC(174) Concurrent Scan Root Regions
[109.994s][info][gc,marking  ] GC(174) Concurrent Scan Root Regions 98.952ms
[109.994s][info][gc,marking  ] GC(174) Concurrent Mark
[109.994s][info][gc,marking  ] GC(174) Concurrent Mark From Roots
[109.994s][info][gc,task     ] GC(174) Using 1 workers of 1 for marking
[110.152s][info][gc,marking  ] GC(174) Concurrent Mark From Roots 157.661ms
[110.152s][info][gc,marking  ] GC(174) Concurrent Preclean
[110.152s][info][gc,marking  ] GC(174) Concurrent Preclean 0.037ms
[110.152s][info][gc,start    ] GC(174) Pause Remark
[110.165s][info][gc          ] GC(174) Pause Remark 167M->167M(262M) 13.125ms
[110.165s][info][gc,cpu      ] GC(174) User=0.02s Sys=0.00s Real=0.01s
[110.167s][info][gc,marking  ] GC(174) Concurrent Mark 172.947ms
[110.167s][info][gc,marking  ] GC(174) Concurrent Rebuild Remembered Sets and Scrub Regions
[110.240s][info][gc,marking  ] GC(174) Concurrent Rebuild Remembered Sets and Scrub Regions 72.524ms
[110.240s][info][gc,start    ] GC(174) Pause Cleanup
[110.240s][info][gc          ] GC(174) Pause Cleanup 180M->180M(262M) 0.064ms
[110.240s][info][gc,cpu      ] GC(174) User=0.00s Sys=0.00s Real=0.00s
[110.240s][info][gc,marking  ] GC(174) Concurrent Clear Claimed Marks
[110.240s][info][gc,marking  ] GC(174) Concurrent Clear Claimed Marks 0.055ms
[110.240s][info][gc,marking  ] GC(174) Concurrent Cleanup for Next Mark
[110.242s][info][gc,marking  ] GC(174) Concurrent Cleanup for Next Mark 2.005ms
[110.242s][info][gc          ] GC(174) Concurrent Mark Cycle 346.914ms
[110.411s][info][gc,start    ] GC(175) Pause Young (Prepare Mixed) (G1 Evacuation Pause)
[110.411s][info][gc,task     ] GC(175) Using 2 workers of 2 for evacuation
[110.463s][info][gc,phases   ] GC(175)   Pre Evacuate Collection Set: 0.18ms
[110.463s][info][gc,phases   ] GC(175)   Merge Heap Roots: 0.37ms
[110.463s][info][gc,phases   ] GC(175)   Evacuate Collection Set: 50.98ms
[110.463s][info][gc,phases   ] GC(175)   Post Evacuate Collection Set: 0.43ms
[110.463s][info][gc,phases   ] GC(175)   Other: 0.08ms
[110.463s][info][gc,heap     ] GC(175) Eden regions: 98->0(76)
[110.463s][info][gc,heap     ] GC(175) Survivor regions: 18->15(15)
[110.463s][info][gc,heap     ] GC(175) Old regions: 98->127
[110.463s][info][gc,heap     ] GC(175) Humongous regions: 3->3
[110.463s][info][gc,metaspace] GC(175) Metaspace: 41319K(41728K)->41319K(41728K) NonClass: 38506K(38784K)->38506K(38784K) Class: 2813K(2944K)->2813K(2944K)
[110.463s][info][gc          ] GC(175) Pause Young (Prepare Mixed) (G1 Evacuation Pause) 217M->145M(262M) 52.247ms
[110.463s][info][gc,cpu      ] GC(175) User=0.10s Sys=0.00s Real=0.06s
[110.864s][info][gc,start    ] GC(176) Pause Young (Mixed) (G1 Evacuation Pause)
[110.864s][info][gc,task     ] GC(176) Using 2 workers of 2 for evacuation
[110.919s][info][gc,phases   ] GC(176)   Pre Evacuate Collection Set: 0.15ms
[110.919s][info][gc,phases   ] GC(176)   Merge Heap Roots: 0.40ms
[110.919s][info][gc,phases   ] GC(176)   Evacuate Collection Set: 53.94ms
[110.919s][info][gc,phases   ] GC(176)   Post Evacuate Collection Set: 0.37ms
[110.919s][info][gc,phases   ] GC(176)   Other: 0.08ms
[110.919s][info][gc,heap     ] GC(176) Eden regions: 76->0(58)
[110.919s][info][gc,heap     ] GC(176) Survivor regions: 15->12(12)
[110.919s][info][gc,heap     ] GC(176) Old regions: 127->151
[110.919s][info][gc,heap     ] GC(176) Humongous regions: 3->3
[110.919s][info][gc,metaspace] GC(176) Metaspace: 41319K(41728K)->41319K(41728K) NonClass: 38506K(38784K)->38506K(38784K) Class: 2813K(2944K)->2813K(2944K)
[110.919s][info][gc          ] GC(176) Pause Young (Mixed) (G1 Evacuation Pause) 221M->165M(262M) 55.116ms
[110.919s][info][gc,cpu      ] GC(176) User=0.11s Sys=0.00s Real=0.05s
[111.072s][info][gc,start    ] GC(177) Pause Young (Concurrent Start) (G1 Humongous Allocation)
[111.072s][info][gc,task     ] GC(177) Using 2 workers of 2 for evacuation
[111.097s][info][gc,phases   ] GC(177)   Pre Evacuate Collection Set: 0.17ms
[111.097s][info][gc,phases   ] GC(177)   Merge Heap Roots: 0.17ms
[111.097s][info][gc,phases   ] GC(177)   Evacuate Collection Set: 24.29ms
[111.098s][info][gc,phases   ] GC(177)   Post Evacuate Collection Set: 0.33ms
[111.098s][info][gc,phases   ] GC(177)   Other: 0.09ms
[111.098s][info][gc,heap     ] GC(177) Eden regions: 31->0(54)
[111.098s][info][gc,heap     ] GC(177) Survivor regions: 12->9(9)
[111.098s][info][gc,heap     ] GC(177) Old regions: 151->163
[111.098s][info][gc,heap     ] GC(177) Humongous regions: 3->1
[111.098s][info][gc,metaspace] GC(177) Metaspace: 41319K(41728K)->41319K(41728K) NonClass: 38506K(38784K)->38506K(38784K) Class: 2813K(2944K)->2813K(2944K)
[111.098s][info][gc          ] GC(177) Pause Young (Concurrent Start) (G1 Humongous Allocation) 196M->172M(262M) 25.213ms
[111.098s][info][gc,cpu      ] GC(177) User=0.05s Sys=0.00s Real=0.02s
[111.098s][info][gc          ] GC(178) Concurrent Mark Cycle
[111.098s][info][gc,marking  ] GC(178) Concurrent Scan Root Regions
[111.123s][info][gc,marking  ] GC(178) Concurrent Scan Root Regions 24.853ms
[111.123s][info][gc,marking  ] GC(178) Concurrent Mark
[111.123s][info][gc,marking  ] GC(178) Concurrent Mark From Roots
[111.123s][info][gc,task     ] GC(178) Using 1 workers of 1 for marking
[111.245s][info][gc,marking  ] GC(178) Concurrent Mark From Roots 122.925ms
[111.246s][info][gc,marking  ] GC(178) Concurrent Preclean
[111.246s][info][gc,marking  ] GC(178) Concurrent Preclean 0.035ms
[111.246s][info][gc,start    ] GC(178) Pause Remark
[111.259s][info][gc          ] GC(178) Pause Remark 215M->215M(292M) 13.187ms
[111.259s][info][gc,cpu      ] GC(178) User=0.02s Sys=0.00s Real=0.01s
[111.259s][info][gc,marking  ] GC(178) Concurrent Mark 136.422ms
[111.259s][info][gc,marking  ] GC(178) Concurrent Rebuild Remembered Sets and Scrub Regions
[111.333s][info][gc,marking  ] GC(178) Concurrent Rebuild Remembered Sets and Scrub Regions 73.592ms
[111.333s][info][gc,start    ] GC(178) Pause Cleanup
[111.333s][info][gc          ] GC(178) Pause Cleanup 227M->227M(292M) 0.085ms
[111.333s][info][gc,cpu      ] GC(178) User=0.00s Sys=0.00s Real=0.00s
[111.333s][info][gc,marking  ] GC(178) Concurrent Clear Claimed Marks
[111.333s][info][gc,marking  ] GC(178) Concurrent Clear Claimed Marks 0.036ms
[111.333s][info][gc,marking  ] GC(178) Concurrent Cleanup for Next Mark
[111.334s][info][gc,marking  ] GC(178) Concurrent Cleanup for Next Mark 1.208ms
[111.334s][info][gc          ] GC(178) Concurrent Mark Cycle 236.496ms
[111.337s][info][gc,start    ] GC(179) Pause Young (Prepare Mixed) (G1 Evacuation Pause)
[111.337s][info][gc,task     ] GC(179) Using 2 workers of 2 for evacuation
[111.359s][info][gc,phases   ] GC(179)   Pre Evacuate Collection Set: 0.15ms
[111.359s][info][gc,phases   ] GC(179)   Merge Heap Roots: 0.13ms
[111.359s][info][gc,phases   ] GC(179)   Evacuate Collection Set: 21.09ms
[111.359s][info][gc,phases   ] GC(179)   Post Evacuate Collection Set: 0.35ms
[111.359s][info][gc,phases   ] GC(179)   Other: 0.07ms
[111.359s][info][gc,heap     ] GC(179) Eden regions: 54->0(66)
[111.359s][info][gc,heap     ] GC(179) Survivor regions: 9->8(8)
[111.359s][info][gc,heap     ] GC(179) Old regions: 163->173
[111.359s][info][gc,heap     ] GC(179) Humongous regions: 3->3
[111.359s][info][gc,metaspace] GC(179) Metaspace: 41342K(41728K)->41342K(41728K) NonClass: 38529K(38784K)->38529K(38784K) Class: 2813K(2944K)->2813K(2944K)
[111.359s][info][gc          ] GC(179) Pause Young (Prepare Mixed) (G1 Evacuation Pause) 228M->184M(292M) 21.930ms
[111.359s][info][gc,cpu      ] GC(179) User=0.04s Sys=0.01s Real=0.02s
[111.652s][info][gc,start    ] GC(180) Pause Young (Mixed) (G1 Evacuation Pause)
[111.652s][info][gc,task     ] GC(180) Using 2 workers of 2 for evacuation
[111.678s][info][gc,phases   ] GC(180)   Pre Evacuate Collection Set: 0.21ms
[111.678s][info][gc,phases   ] GC(180)   Merge Heap Roots: 0.29ms
[111.678s][info][gc,phases   ] GC(180)   Evacuate Collection Set: 22.79ms
[111.678s][info][gc,phases   ] GC(180)   Post Evacuate Collection Set: 2.14ms
[111.678s][info][gc,phases   ] GC(180)   Other: 0.09ms
[111.678s][info][gc,heap     ] GC(180) Eden regions: 66->0(242)
[111.678s][info][gc,heap     ] GC(180) Survivor regions: 8->9(10)
[111.678s][info][gc,heap     ] GC(180) Old regions: 173->150
[111.678s][info][gc,heap     ] GC(180) Humongous regions: 5->3
[111.678s][info][gc,metaspace] GC(180) Metaspace: 41342K(41728K)->41342K(41728K) NonClass: 38529K(38784K)->38529K(38784K) Class: 2813K(2944K)->2813K(2944K)
[111.678s][info][gc          ] GC(180) Pause Young (Mixed) (G1 Evacuation Pause) 252M->162M(567M) 25.702ms
[111.678s][info][gc,cpu      ] GC(180) User=0.05s Sys=0.00s Real=0.02s
[112.640s][info][gc,start    ] GC(181) Pause Young (Mixed) (G1 Evacuation Pause)
[112.640s][info][gc,task     ] GC(181) Using 2 workers of 2 for evacuation
[112.702s][info][gc,phases   ] GC(181)   Pre Evacuate Collection Set: 0.28ms
[112.702s][info][gc,phases   ] GC(181)   Merge Heap Roots: 0.64ms
[112.702s][info][gc,phases   ] GC(181)   Evacuate Collection Set: 60.12ms
[112.702s][info][gc,phases   ] GC(181)   Post Evacuate Collection Set: 0.73ms
[112.702s][info][gc,phases   ] GC(181)   Other: 0.08ms
[112.702s][info][gc,heap     ] GC(181) Eden regions: 242->0(264)
[112.702s][info][gc,heap     ] GC(181) Survivor regions: 9->28(32)
[112.702s][info][gc,heap     ] GC(181) Old regions: 150->111
[112.702s][info][gc,heap     ] GC(181) Humongous regions: 13->3
[112.702s][info][gc,metaspace] GC(181) Metaspace: 41362K(41792K)->41362K(41792K) NonClass: 38549K(38848K)->38549K(38848K) Class: 2813K(2944K)->2813K(2944K)
[112.702s][info][gc          ] GC(181) Pause Young (Mixed) (G1 Evacuation Pause) 414M->141M(567M) 62.074ms
[112.702s][info][gc,cpu      ] GC(181) User=0.11s Sys=0.02s Real=0.07s
[113.636s][info][gc,start    ] GC(182) Pause Young (Normal) (G1 Evacuation Pause)
[113.636s][info][gc,task     ] GC(182) Using 2 workers of 2 for evacuation
[113.669s][info][gc,phases   ] GC(182)   Pre Evacuate Collection Set: 1.69ms
[113.669s][info][gc,phases   ] GC(182)   Merge Heap Roots: 0.14ms
[113.669s][info][gc,phases   ] GC(182)   Evacuate Collection Set: 30.33ms
[113.669s][info][gc,phases   ] GC(182)   Post Evacuate Collection Set: 0.57ms
[113.669s][info][gc,phases   ] GC(182)   Other: 0.11ms
[113.669s][info][gc,heap     ] GC(182) Eden regions: 264->0(266)
[113.669s][info][gc,heap     ] GC(182) Survivor regions: 28->26(37)
[113.669s][info][gc,heap     ] GC(182) Old regions: 111->125
[113.669s][info][gc,heap     ] GC(182) Humongous regions: 5->3
[113.669s][info][gc,metaspace] GC(182) Metaspace: 41368K(41792K)->41368K(41792K) NonClass: 38555K(38848K)->38555K(38848K) Class: 2813K(2944K)->2813K(2944K)
[113.669s][info][gc          ] GC(182) Pause Young (Normal) (G1 Evacuation Pause) 407M->154M(567M) 33.037ms
[113.669s][info][gc,cpu      ] GC(182) User=0.06s Sys=0.00s Real=0.03s
[114.565s][info][gc,start    ] GC(183) Pause Young (Normal) (G1 Evacuation Pause)
[114.565s][info][gc,task     ] GC(183) Using 2 workers of 2 for evacuation
[114.600s][info][gc,phases   ] GC(183)   Pre Evacuate Collection Set: 0.35ms
[114.600s][info][gc,phases   ] GC(183)   Merge Heap Roots: 0.10ms
[114.600s][info][gc,phases   ] GC(183)   Evacuate Collection Set: 34.04ms
[114.600s][info][gc,phases   ] GC(183)   Post Evacuate Collection Set: 0.58ms
[114.600s][info][gc,phases   ] GC(183)   Other: 0.08ms
[114.600s][info][gc,heap     ] GC(183) Eden regions: 266->0(233)
[114.600s][info][gc,heap     ] GC(183) Survivor regions: 26->37(37)
[114.600s][info][gc,heap     ] GC(183) Old regions: 125->146
[114.600s][info][gc,heap     ] GC(183) Humongous regions: 5->3
[114.600s][info][gc,metaspace] GC(183) Metaspace: 41370K(41792K)->41370K(41792K) NonClass: 38557K(38848K)->38557K(38848K) Class: 2813K(2944K)->2813K(2944K)
[114.600s][info][gc          ] GC(183) Pause Young (Normal) (G1 Evacuation Pause) 422M->185M(567M) 35.370ms
[114.600s][info][gc,cpu      ] GC(183) User=0.07s Sys=0.00s Real=0.03s
[115.398s][info][gc,start    ] GC(184) Pause Young (Normal) (G1 Evacuation Pause)
[115.398s][info][gc,task     ] GC(184) Using 2 workers of 2 for evacuation
[115.431s][info][gc,phases   ] GC(184)   Pre Evacuate Collection Set: 0.22ms
[115.431s][info][gc,phases   ] GC(184)   Merge Heap Roots: 0.20ms
[115.431s][info][gc,phases   ] GC(184)   Evacuate Collection Set: 32.12ms
[115.431s][info][gc,phases   ] GC(184)   Post Evacuate Collection Set: 0.58ms
[115.431s][info][gc,phases   ] GC(184)   Other: 0.09ms
[115.431s][info][gc,heap     ] GC(184) Eden regions: 233->0(234)
[115.431s][info][gc,heap     ] GC(184) Survivor regions: 37->34(34)
[115.431s][info][gc,heap     ] GC(184) Old regions: 146->157
[115.431s][info][gc,heap     ] GC(184) Humongous regions: 4->3
[115.431s][info][gc,metaspace] GC(184) Metaspace: 41370K(41792K)->41370K(41792K) NonClass: 38557K(38848K)->38557K(38848K) Class: 2813K(2944K)->2813K(2944K)
[115.431s][info][gc          ] GC(184) Pause Young (Normal) (G1 Evacuation Pause) 419M->194M(567M) 33.426ms
[115.431s][info][gc,cpu      ] GC(184) User=0.06s Sys=0.00s Real=0.04s
[116.210s][info][gc,start    ] GC(185) Pause Young (Normal) (G1 Evacuation Pause)
[116.210s][info][gc,task     ] GC(185) Using 2 workers of 2 for evacuation
[116.256s][info][gc,phases   ] GC(185)   Pre Evacuate Collection Set: 0.24ms
[116.256s][info][gc,phases   ] GC(185)   Merge Heap Roots: 0.16ms
[116.256s][info][gc,phases   ] GC(185)   Evacuate Collection Set: 44.75ms
[116.256s][info][gc,phases   ] GC(185)   Post Evacuate Collection Set: 0.50ms
[116.256s][info][gc,phases   ] GC(185)   Other: 0.08ms
[116.256s][info][gc,heap     ] GC(185) Eden regions: 234->0(211)
[116.256s][info][gc,heap     ] GC(185) Survivor regions: 34->34(34)
[116.256s][info][gc,heap     ] GC(185) Old regions: 157->199
[116.256s][info][gc,heap     ] GC(185) Humongous regions: 4->3
[116.256s][info][gc,metaspace] GC(185) Metaspace: 41370K(41792K)->41370K(41792K) NonClass: 38557K(38848K)->38557K(38848K) Class: 2813K(2944K)->2813K(2944K)
[116.256s][info][gc          ] GC(185) Pause Young (Normal) (G1 Evacuation Pause) 429M->236M(567M) 45.983ms
[116.256s][info][gc,cpu      ] GC(185) User=0.09s Sys=0.00s Real=0.05s
[116.979s][info][gc,start    ] GC(186) Pause Young (Normal) (G1 Evacuation Pause)
[116.979s][info][gc,task     ] GC(186) Using 2 workers of 2 for evacuation
[117.051s][info][gc,phases   ] GC(186)   Pre Evacuate Collection Set: 0.23ms
[117.051s][info][gc,phases   ] GC(186)   Merge Heap Roots: 0.09ms
[117.051s][info][gc,phases   ] GC(186)   Evacuate Collection Set: 70.63ms
[117.051s][info][gc,phases   ] GC(186)   Post Evacuate Collection Set: 0.55ms
[117.051s][info][gc,phases   ] GC(186)   Other: 0.08ms
[117.051s][info][gc,heap     ] GC(186) Eden regions: 211->0(121)
[117.051s][info][gc,heap     ] GC(186) Survivor regions: 34->31(31)
[117.051s][info][gc,heap     ] GC(186) Old regions: 199->284
[117.051s][info][gc,heap     ] GC(186) Humongous regions: 5->5
[117.051s][info][gc,metaspace] GC(186) Metaspace: 41370K(41792K)->41370K(41792K) NonClass: 38557K(38848K)->38557K(38848K) Class: 2813K(2944K)->2813K(2944K)
[117.051s][info][gc          ] GC(186) Pause Young (Normal) (G1 Evacuation Pause) 449M->319M(567M) 71.790ms
[117.051s][info][gc,cpu      ] GC(186) User=0.14s Sys=0.00s Real=0.07s
[117.446s][info][gc,start    ] GC(187) Pause Young (Concurrent Start) (G1 Evacuation Pause)
[117.446s][info][gc,task     ] GC(187) Using 2 workers of 2 for evacuation
[117.497s][info][gc,phases   ] GC(187)   Pre Evacuate Collection Set: 0.29ms
[117.497s][info][gc,phases   ] GC(187)   Merge Heap Roots: 0.29ms
[117.497s][info][gc,phases   ] GC(187)   Evacuate Collection Set: 50.54ms
[117.497s][info][gc,phases   ] GC(187)   Post Evacuate Collection Set: 0.46ms
[117.498s][info][gc,phases   ] GC(187)   Other: 0.14ms
[117.498s][info][gc,heap     ] GC(187) Eden regions: 121->0(97)
[117.498s][info][gc,heap     ] GC(187) Survivor regions: 31->19(19)
[117.498s][info][gc,heap     ] GC(187) Old regions: 284->336
[117.498s][info][gc,heap     ] GC(187) Humongous regions: 6->5
[117.498s][info][gc,metaspace] GC(187) Metaspace: 41370K(41792K)->41370K(41792K) NonClass: 38557K(38848K)->38557K(38848K) Class: 2813K(2944K)->2813K(2944K)
[117.498s][info][gc          ] GC(187) Pause Young (Concurrent Start) (G1 Evacuation Pause) 441M->359M(567M) 51.923ms
[117.498s][info][gc,cpu      ] GC(187) User=0.10s Sys=0.00s Real=0.05s
[117.498s][info][gc          ] GC(188) Concurrent Mark Cycle
[117.498s][info][gc,marking  ] GC(188) Concurrent Scan Root Regions
[117.531s][info][gc,marking  ] GC(188) Concurrent Scan Root Regions 33.601ms
[117.531s][info][gc,marking  ] GC(188) Concurrent Mark
[117.531s][info][gc,marking  ] GC(188) Concurrent Mark From Roots
[117.531s][info][gc,task     ] GC(188) Using 1 workers of 1 for marking
[117.673s][info][gc,marking  ] GC(188) Concurrent Mark From Roots 141.897ms
[117.673s][info][gc,marking  ] GC(188) Concurrent Preclean
[117.673s][info][gc,marking  ] GC(188) Concurrent Preclean 0.042ms
[117.673s][info][gc,start    ] GC(188) Pause Remark
[117.687s][info][gc          ] GC(188) Pause Remark 408M->329M(567M) 13.215ms
[117.687s][info][gc,cpu      ] GC(188) User=0.02s Sys=0.00s Real=0.01s
[117.687s][info][gc,marking  ] GC(188) Concurrent Mark 155.374ms
[117.687s][info][gc,marking  ] GC(188) Concurrent Rebuild Remembered Sets and Scrub Regions
[117.768s][info][gc,marking  ] GC(188) Concurrent Rebuild Remembered Sets and Scrub Regions 81.484ms
[117.768s][info][gc,start    ] GC(188) Pause Cleanup
[117.768s][info][gc          ] GC(188) Pause Cleanup 351M->351M(567M) 0.083ms
[117.768s][info][gc,cpu      ] GC(188) User=0.00s Sys=0.00s Real=0.00s
[117.768s][info][gc,marking  ] GC(188) Concurrent Clear Claimed Marks
[117.769s][info][gc,marking  ] GC(188) Concurrent Clear Claimed Marks 0.038ms
[117.769s][info][gc,marking  ] GC(188) Concurrent Cleanup for Next Mark
[117.773s][info][gc,marking  ] GC(188) Concurrent Cleanup for Next Mark 4.231ms
[117.773s][info][gc          ] GC(188) Concurrent Mark Cycle 275.185ms
[117.859s][info][gc,start    ] GC(189) Pause Young (Prepare Mixed) (G1 Evacuation Pause)
[117.859s][info][gc,task     ] GC(189) Using 2 workers of 2 for evacuation
[117.879s][info][gc,phases   ] GC(189)   Pre Evacuate Collection Set: 0.25ms
[117.879s][info][gc,phases   ] GC(189)   Merge Heap Roots: 0.24ms
[117.879s][info][gc,phases   ] GC(189)   Evacuate Collection Set: 18.07ms
[117.879s][info][gc,phases   ] GC(189)   Post Evacuate Collection Set: 0.37ms
[117.879s][info][gc,phases   ] GC(189)   Other: 0.11ms
[117.879s][info][gc,heap     ] GC(189) Eden regions: 97->0(149)
[117.879s][info][gc,heap     ] GC(189) Survivor regions: 19->14(15)
[117.879s][info][gc,heap     ] GC(189) Old regions: 257->268
[117.879s][info][gc,heap     ] GC(189) Humongous regions: 5->5
[117.879s][info][gc,metaspace] GC(189) Metaspace: 41370K(41792K)->41370K(41792K) NonClass: 38557K(38848K)->38557K(38848K) Class: 2813K(2944K)->2813K(2944K)
[117.879s][info][gc          ] GC(189) Pause Young (Prepare Mixed) (G1 Evacuation Pause) 377M->286M(567M) 19.221ms
[117.879s][info][gc,cpu      ] GC(189) User=0.04s Sys=0.00s Real=0.02s
[118.424s][info][gc,start    ] GC(190) Pause Young (Mixed) (G1 Evacuation Pause)
[118.424s][info][gc,task     ] GC(190) Using 2 workers of 2 for evacuation
[118.456s][info][gc,phases   ] GC(190)   Pre Evacuate Collection Set: 0.28ms
[118.456s][info][gc,phases   ] GC(190)   Merge Heap Roots: 0.19ms
[118.456s][info][gc,phases   ] GC(190)   Evacuate Collection Set: 30.94ms
[118.456s][info][gc,phases   ] GC(190)   Post Evacuate Collection Set: 0.56ms
[118.456s][info][gc,phases   ] GC(190)   Other: 0.08ms
[118.456s][info][gc,heap     ] GC(190) Eden regions: 149->0(165)
[118.456s][info][gc,heap     ] GC(190) Survivor regions: 14->21(21)
[118.456s][info][gc,heap     ] GC(190) Old regions: 268->235
[118.456s][info][gc,heap     ] GC(190) Humongous regions: 6->6
[118.456s][info][gc,metaspace] GC(190) Metaspace: 41370K(41792K)->41370K(41792K) NonClass: 38557K(38848K)->38557K(38848K) Class: 2813K(2944K)->2813K(2944K)
[118.456s][info][gc          ] GC(190) Pause Young (Mixed) (G1 Evacuation Pause) 436M->262M(567M) 32.236ms
[118.456s][info][gc,cpu      ] GC(190) User=0.06s Sys=0.00s Real=0.03s
[119.039s][info][gc,start    ] GC(191) Pause Young (Mixed) (G1 Evacuation Pause)
[119.039s][info][gc,task     ] GC(191) Using 2 workers of 2 for evacuation
[119.077s][info][gc,phases   ] GC(191)   Pre Evacuate Collection Set: 0.35ms
[119.077s][info][gc,phases   ] GC(191)   Merge Heap Roots: 0.41ms
[119.077s][info][gc,phases   ] GC(191)   Evacuate Collection Set: 36.39ms
[119.077s][info][gc,phases   ] GC(191)   Post Evacuate Collection Set: 0.50ms
[119.077s][info][gc,phases   ] GC(191)   Other: 0.07ms
[119.077s][info][gc,heap     ] GC(191) Eden regions: 165->0(160)
[119.077s][info][gc,heap     ] GC(191) Survivor regions: 21->24(24)
[119.077s][info][gc,heap     ] GC(191) Old regions: 235->246
[119.077s][info][gc,heap     ] GC(191) Humongous regions: 7->6
[119.077s][info][gc,metaspace] GC(191) Metaspace: 41373K(41792K)->41373K(41792K) NonClass: 38560K(38848K)->38560K(38848K) Class: 2813K(2944K)->2813K(2944K)
[119.077s][info][gc          ] GC(191) Pause Young (Mixed) (G1 Evacuation Pause) 428M->275M(567M) 37.930ms
[119.077s][info][gc,cpu      ] GC(191) User=0.08s Sys=0.00s Real=0.04s
[119.576s][info][gc,start    ] GC(192) Pause Young (Normal) (G1 Evacuation Pause)
[119.576s][info][gc,task     ] GC(192) Using 2 workers of 2 for evacuation
[119.597s][info][gc,phases   ] GC(192)   Pre Evacuate Collection Set: 0.25ms
[119.597s][info][gc,phases   ] GC(192)   Merge Heap Roots: 0.18ms
[119.597s][info][gc,phases   ] GC(192)   Evacuate Collection Set: 20.36ms
[119.597s][info][gc,phases   ] GC(192)   Post Evacuate Collection Set: 0.46ms
[119.597s][info][gc,phases   ] GC(192)   Other: 0.08ms
[119.597s][info][gc,heap     ] GC(192) Eden regions: 160->0(172)
[119.597s][info][gc,heap     ] GC(192) Survivor regions: 24->5(23)
[119.597s][info][gc,heap     ] GC(192) Old regions: 246->270
[119.597s][info][gc,heap     ] GC(192) Humongous regions: 8->6
[119.597s][info][gc,metaspace] GC(192) Metaspace: 41377K(41792K)->41377K(41792K) NonClass: 38564K(38848K)->38564K(38848K) Class: 2813K(2944K)->2813K(2944K)
[119.597s][info][gc          ] GC(192) Pause Young (Normal) (G1 Evacuation Pause) 437M->280M(567M) 21.533ms
[119.597s][info][gc,cpu      ] GC(192) User=0.04s Sys=0.00s Real=0.02s
[119.914s][info][gc,start    ] GC(193) Pause Young (Concurrent Start) (G1 Humongous Allocation)
[119.914s][info][gc,task     ] GC(193) Using 2 workers of 2 for evacuation
[119.940s][info][gc,phases   ] GC(193)   Pre Evacuate Collection Set: 0.25ms
[119.940s][info][gc,phases   ] GC(193)   Merge Heap Roots: 0.09ms
[119.940s][info][gc,phases   ] GC(193)   Evacuate Collection Set: 24.61ms
[119.940s][info][gc,phases   ] GC(193)   Post Evacuate Collection Set: 0.39ms
[119.940s][info][gc,phases   ] GC(193)   Other: 0.08ms
[119.940s][info][gc,heap     ] GC(193) Eden regions: 101->0(145)
[119.940s][info][gc,heap     ] GC(193) Survivor regions: 5->23(23)
[119.940s][info][gc,heap     ] GC(193) Old regions: 270->288
[119.940s][info][gc,heap     ] GC(193) Humongous regions: 6->6
[119.940s][info][gc,metaspace] GC(193) Metaspace: 41378K(41792K)->41378K(41792K) NonClass: 38565K(38848K)->38565K(38848K) Class: 2813K(2944K)->2813K(2944K)
[119.940s][info][gc          ] GC(193) Pause Young (Concurrent Start) (G1 Humongous Allocation) 380M->317M(567M) 25.625ms
[119.940s][info][gc,cpu      ] GC(193) User=0.05s Sys=0.00s Real=0.02s
[119.940s][info][gc          ] GC(194) Concurrent Mark Cycle
[119.940s][info][gc,marking  ] GC(194) Concurrent Scan Root Regions
[119.956s][info][gc,marking  ] GC(194) Concurrent Scan Root Regions 15.459ms
[119.956s][info][gc,marking  ] GC(194) Concurrent Mark
[119.956s][info][gc,marking  ] GC(194) Concurrent Mark From Roots
[119.956s][info][gc,task     ] GC(194) Using 1 workers of 1 for marking
[120.062s][info][gc,marking  ] GC(194) Concurrent Mark From Roots 106.033ms
[120.062s][info][gc,marking  ] GC(194) Concurrent Preclean
[120.062s][info][gc,marking  ] GC(194) Concurrent Preclean 0.040ms
[120.062s][info][gc,start    ] GC(194) Pause Remark
[120.075s][info][gc          ] GC(194) Pause Remark 350M->208M(567M) 13.559ms
[120.075s][info][gc,cpu      ] GC(194) User=0.02s Sys=0.00s Real=0.01s
[120.075s][info][gc,marking  ] GC(194) Concurrent Mark 119.910ms
[120.075s][info][gc,marking  ] GC(194) Concurrent Rebuild Remembered Sets and Scrub Regions
[120.129s][info][gc,marking  ] GC(194) Concurrent Rebuild Remembered Sets and Scrub Regions 53.276ms
[120.129s][info][gc,start    ] GC(194) Pause Cleanup
[120.129s][info][gc          ] GC(194) Pause Cleanup 224M->224M(567M) 0.083ms
[120.129s][info][gc,cpu      ] GC(194) User=0.00s Sys=0.00s Real=0.00s
[120.129s][info][gc,marking  ] GC(194) Concurrent Clear Claimed Marks
[120.129s][info][gc,marking  ] GC(194) Concurrent Clear Claimed Marks 0.042ms
[120.129s][info][gc,marking  ] GC(194) Concurrent Cleanup for Next Mark
[120.131s][info][gc,marking  ] GC(194) Concurrent Cleanup for Next Mark 1.630ms
[120.131s][info][gc          ] GC(194) Concurrent Mark Cycle 190.874ms
[120.450s][info][gc,start    ] GC(195) Pause Young (Prepare Mixed) (G1 Evacuation Pause)
[120.450s][info][gc,task     ] GC(195) Using 2 workers of 2 for evacuation
[120.483s][info][gc,phases   ] GC(195)   Pre Evacuate Collection Set: 0.23ms
[120.483s][info][gc,phases   ] GC(195)   Merge Heap Roots: 0.23ms
[120.483s][info][gc,phases   ] GC(195)   Evacuate Collection Set: 32.13ms
[120.483s][info][gc,phases   ] GC(195)   Post Evacuate Collection Set: 0.42ms
[120.483s][info][gc,phases   ] GC(195)   Other: 0.07ms
[120.483s][info][gc,heap     ] GC(195) Eden regions: 145->0(203)
[120.483s][info][gc,heap     ] GC(195) Survivor regions: 23->21(21)
[120.483s][info][gc,heap     ] GC(195) Old regions: 148->174
[120.483s][info][gc,heap     ] GC(195) Humongous regions: 6->5
[120.483s][info][gc,metaspace] GC(195) Metaspace: 41378K(41792K)->41378K(41792K) NonClass: 38565K(38848K)->38565K(38848K) Class: 2813K(2944K)->2813K(2944K)
[120.483s][info][gc          ] GC(195) Pause Young (Prepare Mixed) (G1 Evacuation Pause) 322M->199M(567M) 33.333ms
[120.483s][info][gc,cpu      ] GC(195) User=0.06s Sys=0.00s Real=0.04s
[121.117s][info][gc,start    ] GC(196) Pause Young (Mixed) (G1 Evacuation Pause)
[121.117s][info][gc,task     ] GC(196) Using 2 workers of 2 for evacuation
[121.177s][info][gc,phases   ] GC(196)   Pre Evacuate Collection Set: 0.37ms
[121.177s][info][gc,phases   ] GC(196)   Merge Heap Roots: 0.32ms
[121.177s][info][gc,phases   ] GC(196)   Evacuate Collection Set: 57.85ms
[121.177s][info][gc,phases   ] GC(196)   Post Evacuate Collection Set: 0.59ms
[121.177s][info][gc,phases   ] GC(196)   Other: 0.07ms
[121.177s][info][gc,heap     ] GC(196) Eden regions: 203->0(184)
[121.177s][info][gc,heap     ] GC(196) Survivor regions: 21->28(28)
[121.177s][info][gc,heap     ] GC(196) Old regions: 174->195
[121.177s][info][gc,heap     ] GC(196) Humongous regions: 7->7
[121.177s][info][gc,metaspace] GC(196) Metaspace: 41383K(41792K)->41383K(41792K) NonClass: 38570K(38848K)->38570K(38848K) Class: 2813K(2944K)->2813K(2944K)
[121.177s][info][gc          ] GC(196) Pause Young (Mixed) (G1 Evacuation Pause) 404M->230M(567M) 59.439ms
[121.177s][info][gc,cpu      ] GC(196) User=0.11s Sys=0.00s Real=0.06s
[121.692s][info][gc,start    ] GC(197) Pause Young (Normal) (G1 Evacuation Pause)
[121.692s][info][gc,task     ] GC(197) Using 2 workers of 2 for evacuation
[121.725s][info][gc,phases   ] GC(197)   Pre Evacuate Collection Set: 0.23ms
[121.725s][info][gc,phases   ] GC(197)   Merge Heap Roots: 0.28ms
[121.725s][info][gc,phases   ] GC(197)   Evacuate Collection Set: 31.64ms
[121.725s][info][gc,phases   ] GC(197)   Post Evacuate Collection Set: 0.46ms
[121.725s][info][gc,phases   ] GC(197)   Other: 0.07ms
[121.725s][info][gc,heap     ] GC(197) Eden regions: 184->0(187)
[121.725s][info][gc,heap     ] GC(197) Survivor regions: 28->18(27)
[121.725s][info][gc,heap     ] GC(197) Old regions: 195->220
[121.725s][info][gc,heap     ] GC(197) Humongous regions: 9->7
[121.725s][info][gc,metaspace] GC(197) Metaspace: 41384K(41792K)->41384K(41792K) NonClass: 38571K(38848K)->38571K(38848K) Class: 2813K(2944K)->2813K(2944K)
[121.725s][info][gc          ] GC(197) Pause Young (Normal) (G1 Evacuation Pause) 416M->244M(567M) 32.881ms
[121.725s][info][gc,cpu      ] GC(197) User=0.06s Sys=0.00s Real=0.03s
[122.281s][info][gc,start    ] GC(198) Pause Young (Concurrent Start) (G1 Evacuation Pause)
[122.281s][info][gc,task     ] GC(198) Using 2 workers of 2 for evacuation
[122.291s][info][gc,phases   ] GC(198)   Pre Evacuate Collection Set: 0.26ms
[122.292s][info][gc,phases   ] GC(198)   Merge Heap Roots: 0.10ms
[122.292s][info][gc,phases   ] GC(198)   Evacuate Collection Set: 9.69ms
[122.292s][info][gc,phases   ] GC(198)   Post Evacuate Collection Set: 0.44ms
[122.292s][info][gc,phases   ] GC(198)   Other: 0.09ms
[122.292s][info][gc,heap     ] GC(198) Eden regions: 187->0(201)
[122.292s][info][gc,heap     ] GC(198) Survivor regions: 18->1(26)
[122.292s][info][gc,heap     ] GC(198) Old regions: 220->237
[122.292s][info][gc,heap     ] GC(198) Humongous regions: 8->7
[122.292s][info][gc,metaspace] GC(198) Metaspace: 41384K(41792K)->41384K(41792K) NonClass: 38571K(38848K)->38571K(38848K) Class: 2813K(2944K)->2813K(2944K)
[122.292s][info][gc          ] GC(198) Pause Young (Concurrent Start) (G1 Evacuation Pause) 432M->245M(567M) 10.775ms
[122.292s][info][gc,cpu      ] GC(198) User=0.02s Sys=0.00s Real=0.02s
[122.292s][info][gc          ] GC(199) Concurrent Mark Cycle
[122.292s][info][gc,marking  ] GC(199) Concurrent Scan Root Regions
[122.298s][info][gc,marking  ] GC(199) Concurrent Scan Root Regions 6.567ms
[122.298s][info][gc,marking  ] GC(199) Concurrent Mark
[122.298s][info][gc,marking  ] GC(199) Concurrent Mark From Roots
[122.298s][info][gc,task     ] GC(199) Using 1 workers of 1 for marking
[122.373s][info][gc,marking  ] GC(199) Concurrent Mark From Roots 74.216ms
[122.373s][info][gc,marking  ] GC(199) Concurrent Preclean
[122.373s][info][gc,marking  ] GC(199) Concurrent Preclean 0.035ms
[122.373s][info][gc,start    ] GC(199) Pause Remark
[122.386s][info][gc          ] GC(199) Pause Remark 271M->172M(487M) 13.277ms
[122.386s][info][gc,cpu      ] GC(199) User=0.03s Sys=0.00s Real=0.01s
[122.386s][info][gc,marking  ] GC(199) Concurrent Mark 87.840ms
[122.386s][info][gc,marking  ] GC(199) Concurrent Rebuild Remembered Sets and Scrub Regions
[122.423s][info][gc,marking  ] GC(199) Concurrent Rebuild Remembered Sets and Scrub Regions 36.553ms
[122.423s][info][gc,start    ] GC(199) Pause Cleanup
[122.423s][info][gc          ] GC(199) Pause Cleanup 188M->188M(487M) 0.068ms
[122.423s][info][gc,cpu      ] GC(199) User=0.00s Sys=0.00s Real=0.00s
[122.423s][info][gc,marking  ] GC(199) Concurrent Clear Claimed Marks
[122.423s][info][gc,marking  ] GC(199) Concurrent Clear Claimed Marks 0.036ms
[122.423s][info][gc,marking  ] GC(199) Concurrent Cleanup for Next Mark
[122.424s][info][gc,marking  ] GC(199) Concurrent Cleanup for Next Mark 1.388ms
[122.424s][info][gc          ] GC(199) Concurrent Mark Cycle 132.780ms
[122.832s][info][gc,start    ] GC(200) Pause Young (Prepare Mixed) (G1 Evacuation Pause)
[122.832s][info][gc,task     ] GC(200) Using 2 workers of 2 for evacuation
[122.837s][info][gc,phases   ] GC(200)   Pre Evacuate Collection Set: 0.23ms
[122.837s][info][gc,phases   ] GC(200)   Merge Heap Roots: 0.07ms
[122.837s][info][gc,phases   ] GC(200)   Evacuate Collection Set: 3.82ms
[122.837s][info][gc,phases   ] GC(200)   Post Evacuate Collection Set: 0.42ms
[122.837s][info][gc,phases   ] GC(200)   Other: 0.07ms
[122.837s][info][gc,heap     ] GC(200) Eden regions: 201->0(223)
[122.837s][info][gc,heap     ] GC(200) Survivor regions: 1->5(26)
[122.837s][info][gc,heap     ] GC(200) Old regions: 142->142
[122.837s][info][gc,heap     ] GC(200) Humongous regions: 3->1
[122.837s][info][gc,metaspace] GC(200) Metaspace: 41395K(41792K)->41395K(41792K) NonClass: 38582K(38848K)->38582K(38848K) Class: 2813K(2944K)->2813K(2944K)
[122.837s][info][gc          ] GC(200) Pause Young (Prepare Mixed) (G1 Evacuation Pause) 347M->148M(487M) 4.809ms
[122.837s][info][gc,cpu      ] GC(200) User=0.01s Sys=0.01s Real=0.00s
[123.182s][info][gc,start    ] GC(201) Pause Young (Mixed) (G1 Evacuation Pause)
[123.182s][info][gc,task     ] GC(201) Using 2 workers of 2 for evacuation
[123.187s][info][gc,phases   ] GC(201)   Pre Evacuate Collection Set: 0.26ms
[123.187s][info][gc,phases   ] GC(201)   Merge Heap Roots: 0.10ms
[123.187s][info][gc,phases   ] GC(201)   Evacuate Collection Set: 4.19ms
[123.187s][info][gc,phases   ] GC(201)   Post Evacuate Collection Set: 0.51ms
[123.187s][info][gc,phases   ] GC(201)   Other: 0.07ms
[123.187s][info][gc,heap     ] GC(201) Eden regions: 223->0(263)
[123.187s][info][gc,heap     ] GC(201) Survivor regions: 5->5(29)
[123.187s][info][gc,heap     ] GC(201) Old regions: 142->94
[123.187s][info][gc,heap     ] GC(201) Humongous regions: 1->1
[123.187s][info][gc,metaspace] GC(201) Metaspace: 41409K(41792K)->41409K(41792K) NonClass: 38596K(38848K)->38596K(38848K) Class: 2813K(2944K)->2813K(2944K)
[123.187s][info][gc          ] GC(201) Pause Young (Mixed) (G1 Evacuation Pause) 371M->99M(487M) 5.319ms
[123.187s][info][gc,cpu      ] GC(201) User=0.01s Sys=0.00s Real=0.00s
[123.907s][info][gc,start    ] GC(202) Pause Young (Mixed) (G1 Evacuation Pause)
[123.907s][info][gc,task     ] GC(202) Using 2 workers of 2 for evacuation
[123.920s][info][gc,phases   ] GC(202)   Pre Evacuate Collection Set: 0.26ms
[123.920s][info][gc,phases   ] GC(202)   Merge Heap Roots: 0.12ms
[123.920s][info][gc,phases   ] GC(202)   Evacuate Collection Set: 11.70ms
[123.920s][info][gc,phases   ] GC(202)   Post Evacuate Collection Set: 0.66ms
[123.920s][info][gc,phases   ] GC(202)   Other: 0.08ms
[123.920s][info][gc,heap     ] GC(202) Eden regions: 247->0(311)
[123.920s][info][gc,heap     ] GC(202) Survivor regions: 5->9(34)
[123.920s][info][gc,heap     ] GC(202) Old regions: 94->94
[123.920s][info][gc,heap     ] GC(202) Humongous regions: 205->3
[123.920s][info][gc,metaspace] GC(202) Metaspace: 41444K(41856K)->41444K(41856K) NonClass: 38630K(38912K)->38630K(38912K) Class: 2813K(2944K)->2813K(2944K)
[123.920s][info][gc          ] GC(202) Pause Young (Mixed) (G1 Evacuation Pause) 550M->105M(561M) 13.018ms
[123.920s][info][gc,cpu      ] GC(202) User=0.02s Sys=0.01s Real=0.01s
[124.096s][info][gc,start    ] GC(203) Pause Young (Concurrent Start) (G1 Humongous Allocation)
[124.096s][info][gc,task     ] GC(203) Using 2 workers of 2 for evacuation
[124.109s][info][gc,phases   ] GC(203)   Pre Evacuate Collection Set: 0.30ms
[124.109s][info][gc,phases   ] GC(203)   Merge Heap Roots: 0.05ms
[124.109s][info][gc,phases   ] GC(203)   Evacuate Collection Set: 9.91ms
[124.109s][info][gc,phases   ] GC(203)   Post Evacuate Collection Set: 2.58ms
[124.109s][info][gc,phases   ] GC(203)   Other: 0.13ms
[124.109s][info][gc,heap     ] GC(203) Eden regions: 21->0(317)
[124.109s][info][gc,heap     ] GC(203) Survivor regions: 9->11(40)
[124.109s][info][gc,heap     ] GC(203) Old regions: 94->94
[124.109s][info][gc,heap     ] GC(203) Humongous regions: 127->1
[124.109s][info][gc,metaspace] GC(203) Metaspace: 41444K(41856K)->41444K(41856K) NonClass: 38630K(38912K)->38630K(38912K) Class: 2813K(2944K)->2813K(2944K)
[124.109s][info][gc          ] GC(203) Pause Young (Concurrent Start) (G1 Humongous Allocation) 249M->104M(561M) 13.171ms
[124.109s][info][gc,cpu      ] GC(203) User=0.03s Sys=0.00s Real=0.01s
[124.110s][info][gc          ] GC(204) Concurrent Undo Cycle
[124.110s][info][gc,marking  ] GC(204) Concurrent Clear Claimed Marks
[124.110s][info][gc,marking  ] GC(204) Concurrent Clear Claimed Marks 0.040ms
[124.110s][info][gc,marking  ] GC(204) Concurrent Cleanup for Next Mark
[124.110s][info][gc,marking  ] GC(204) Concurrent Cleanup for Next Mark 0.153ms
[124.110s][info][gc          ] GC(204) Concurrent Undo Cycle 0.258ms
[124.149s][info][gc,start    ] GC(205) Pause Young (Concurrent Start) (G1 Humongous Allocation)
[124.149s][info][gc,task     ] GC(205) Using 2 workers of 2 for evacuation
[124.157s][info][gc,phases   ] GC(205)   Pre Evacuate Collection Set: 0.31ms
[124.157s][info][gc,phases   ] GC(205)   Merge Heap Roots: 0.06ms
[124.158s][info][gc,phases   ] GC(205)   Evacuate Collection Set: 7.50ms
[124.158s][info][gc,phases   ] GC(205)   Post Evacuate Collection Set: 0.33ms
[124.158s][info][gc,phases   ] GC(205)   Other: 0.14ms
[124.158s][info][gc,heap     ] GC(205) Eden regions: 5->0(325)
[124.158s][info][gc,heap     ] GC(205) Survivor regions: 11->11(41)
[124.158s][info][gc,heap     ] GC(205) Old regions: 94->94
[124.158s][info][gc,heap     ] GC(205) Humongous regions: 31->1
[124.158s][info][gc,metaspace] GC(205) Metaspace: 41444K(41856K)->41444K(41856K) NonClass: 38630K(38912K)->38630K(38912K) Class: 2813K(2944K)->2813K(2944K)
[124.158s][info][gc          ] GC(205) Pause Young (Concurrent Start) (G1 Humongous Allocation) 139M->104M(561M) 8.520ms
[124.158s][info][gc,cpu      ] GC(205) User=0.02s Sys=0.00s Real=0.01s
[124.158s][info][gc          ] GC(206) Concurrent Undo Cycle
[124.158s][info][gc,marking  ] GC(206) Concurrent Clear Claimed Marks
[124.158s][info][gc,marking  ] GC(206) Concurrent Clear Claimed Marks 0.036ms
[124.158s][info][gc,marking  ] GC(206) Concurrent Cleanup for Next Mark
[124.160s][info][gc,marking  ] GC(206) Concurrent Cleanup for Next Mark 2.361ms
[124.160s][info][gc          ] GC(206) Concurrent Undo Cycle 2.496ms
[124.192s][info][gc,start    ] GC(207) Pause Young (Concurrent Start) (G1 Humongous Allocation)
[124.192s][info][gc,task     ] GC(207) Using 2 workers of 2 for evacuation
[124.202s][info][gc,phases   ] GC(207)   Pre Evacuate Collection Set: 0.23ms
[124.202s][info][gc,phases   ] GC(207)   Merge Heap Roots: 0.06ms
[124.202s][info][gc,phases   ] GC(207)   Evacuate Collection Set: 8.80ms
[124.202s][info][gc,phases   ] GC(207)   Post Evacuate Collection Set: 0.41ms
[124.202s][info][gc,phases   ] GC(207)   Other: 0.11ms
[124.202s][info][gc,heap     ] GC(207) Eden regions: 4->0(325)
[124.202s][info][gc,heap     ] GC(207) Survivor regions: 11->11(42)
[124.202s][info][gc,heap     ] GC(207) Old regions: 94->94
[124.202s][info][gc,heap     ] GC(207) Humongous regions: 25->1
[124.202s][info][gc,metaspace] GC(207) Metaspace: 41444K(41856K)->41444K(41856K) NonClass: 38630K(38912K)->38630K(38912K) Class: 2813K(2944K)->2813K(2944K)
[124.202s][info][gc          ] GC(207) Pause Young (Concurrent Start) (G1 Humongous Allocation) 132M->104M(561M) 9.839ms
[124.202s][info][gc,cpu      ] GC(207) User=0.02s Sys=0.00s Real=0.01s
[124.202s][info][gc          ] GC(208) Concurrent Undo Cycle
[124.202s][info][gc,marking  ] GC(208) Concurrent Clear Claimed Marks
[124.202s][info][gc,marking  ] GC(208) Concurrent Clear Claimed Marks 0.037ms
[124.202s][info][gc,marking  ] GC(208) Concurrent Cleanup for Next Mark
[124.202s][info][gc,marking  ] GC(208) Concurrent Cleanup for Next Mark 0.159ms
[124.202s][info][gc          ] GC(208) Concurrent Undo Cycle 0.267ms
[124.246s][info][gc,start    ] GC(209) Pause Young (Concurrent Start) (G1 Humongous Allocation)
[124.247s][info][gc,task     ] GC(209) Using 2 workers of 2 for evacuation
[124.259s][info][gc,phases   ] GC(209)   Pre Evacuate Collection Set: 0.27ms
[124.259s][info][gc,phases   ] GC(209)   Merge Heap Roots: 0.05ms
[124.259s][info][gc,phases   ] GC(209)   Evacuate Collection Set: 10.12ms
[124.259s][info][gc,phases   ] GC(209)   Post Evacuate Collection Set: 1.39ms
[124.259s][info][gc,phases   ] GC(209)   Other: 0.13ms
[124.259s][info][gc,heap     ] GC(209) Eden regions: 5->0(366)
[124.259s][info][gc,heap     ] GC(209) Survivor regions: 11->12(42)
[124.259s][info][gc,heap     ] GC(209) Old regions: 94->94
[124.259s][info][gc,heap     ] GC(209) Humongous regions: 27->1
[124.259s][info][gc,metaspace] GC(209) Metaspace: 41445K(41856K)->41445K(41856K) NonClass: 38632K(38912K)->38632K(38912K) Class: 2813K(2944K)->2813K(2944K)
[124.259s][info][gc          ] GC(209) Pause Young (Concurrent Start) (G1 Humongous Allocation) 135M->105M(631M) 12.138ms
[124.259s][info][gc,cpu      ] GC(209) User=0.02s Sys=0.00s Real=0.01s
[124.259s][info][gc          ] GC(210) Concurrent Undo Cycle
[124.261s][info][gc,marking  ] GC(210) Concurrent Clear Claimed Marks
[124.261s][info][gc,marking  ] GC(210) Concurrent Clear Claimed Marks 0.059ms
[124.261s][info][gc,marking  ] GC(210) Concurrent Cleanup for Next Mark
[124.261s][info][gc,marking  ] GC(210) Concurrent Cleanup for Next Mark 0.175ms
[124.261s][info][gc          ] GC(210) Concurrent Undo Cycle 2.751ms
[124.330s][info][gc,start    ] GC(211) Pause Young (Concurrent Start) (G1 Humongous Allocation)
[124.330s][info][gc,task     ] GC(211) Using 2 workers of 2 for evacuation
[124.343s][info][gc,phases   ] GC(211)   Pre Evacuate Collection Set: 0.26ms
[124.343s][info][gc,phases   ] GC(211)   Merge Heap Roots: 0.06ms
[124.343s][info][gc,phases   ] GC(211)   Evacuate Collection Set: 12.31ms
[124.343s][info][gc,phases   ] GC(211)   Post Evacuate Collection Set: 0.39ms
[124.343s][info][gc,phases   ] GC(211)   Other: 0.11ms
[124.343s][info][gc,heap     ] GC(211) Eden regions: 8->0(367)
[124.343s][info][gc,heap     ] GC(211) Survivor regions: 12->11(48)
[124.343s][info][gc,heap     ] GC(211) Old regions: 94->94
[124.343s][info][gc,heap     ] GC(211) Humongous regions: 55->1
[124.343s][info][gc,metaspace] GC(211) Metaspace: 41445K(41856K)->41445K(41856K) NonClass: 38632K(38912K)->38632K(38912K) Class: 2813K(2944K)->2813K(2944K)
[124.343s][info][gc          ] GC(211) Pause Young (Concurrent Start) (G1 Humongous Allocation) 167M->105M(631M) 13.304ms
[124.343s][info][gc          ] GC(212) Concurrent Undo Cycle
[124.343s][info][gc,marking  ] GC(212) Concurrent Clear Claimed Marks
[124.343s][info][gc,marking  ] GC(212) Concurrent Clear Claimed Marks 0.037ms
[124.343s][info][gc,marking  ] GC(212) Concurrent Cleanup for Next Mark
[124.344s][info][gc,cpu      ] GC(211) User=0.02s Sys=0.01s Real=0.02s
[124.344s][info][gc,marking  ] GC(212) Concurrent Cleanup for Next Mark 0.213ms
[124.344s][info][gc          ] GC(212) Concurrent Undo Cycle 0.289ms
[124.448s][info][gc,start    ] GC(213) Pause Young (Concurrent Start) (G1 Humongous Allocation)
[124.448s][info][gc,task     ] GC(213) Using 2 workers of 2 for evacuation
[124.464s][info][gc,phases   ] GC(213)   Pre Evacuate Collection Set: 0.28ms
[124.464s][info][gc,phases   ] GC(213)   Merge Heap Roots: 0.05ms
[124.464s][info][gc,phases   ] GC(213)   Evacuate Collection Set: 13.55ms
[124.464s][info][gc,phases   ] GC(213)   Post Evacuate Collection Set: 1.77ms
[124.464s][info][gc,phases   ] GC(213)   Other: 0.13ms
[124.464s][info][gc,heap     ] GC(213) Eden regions: 10->0(366)
[124.464s][info][gc,heap     ] GC(213) Survivor regions: 11->12(48)
[124.464s][info][gc,heap     ] GC(213) Old regions: 94->94
[124.464s][info][gc,heap     ] GC(213) Humongous regions: 57->1
[124.464s][info][gc,metaspace] GC(213) Metaspace: 41445K(41856K)->41445K(41856K) NonClass: 38632K(38912K)->38632K(38912K) Class: 2813K(2944K)->2813K(2944K)
[124.464s][info][gc          ] GC(213) Pause Young (Concurrent Start) (G1 Humongous Allocation) 170M->105M(631M) 16.015ms
[124.464s][info][gc,cpu      ] GC(213) User=0.03s Sys=0.00s Real=0.02s
[124.464s][info][gc          ] GC(214) Concurrent Undo Cycle
[124.464s][info][gc,marking  ] GC(214) Concurrent Clear Claimed Marks
[124.464s][info][gc,marking  ] GC(214) Concurrent Clear Claimed Marks 0.039ms
[124.464s][info][gc,marking  ] GC(214) Concurrent Cleanup for Next Mark
[124.464s][info][gc,marking  ] GC(214) Concurrent Cleanup for Next Mark 0.155ms
[124.464s][info][gc          ] GC(214) Concurrent Undo Cycle 0.275ms
[124.560s][info][gc,start    ] GC(215) Pause Young (Concurrent Start) (G1 Humongous Allocation)
[124.560s][info][gc,task     ] GC(215) Using 2 workers of 2 for evacuation
[124.572s][info][gc,phases   ] GC(215)   Pre Evacuate Collection Set: 0.29ms
[124.572s][info][gc,phases   ] GC(215)   Merge Heap Roots: 0.05ms
[124.572s][info][gc,phases   ] GC(215)   Evacuate Collection Set: 11.37ms
[124.572s][info][gc,phases   ] GC(215)   Post Evacuate Collection Set: 0.60ms
[124.572s][info][gc,phases   ] GC(215)   Other: 0.09ms
[124.572s][info][gc,heap     ] GC(215) Eden regions: 11->0(365)
[124.572s][info][gc,heap     ] GC(215) Survivor regions: 12->13(48)
[124.572s][info][gc,heap     ] GC(215) Old regions: 94->94
[124.572s][info][gc,heap     ] GC(215) Humongous regions: 59->1
[124.572s][info][gc,metaspace] GC(215) Metaspace: 41445K(41856K)->41445K(41856K) NonClass: 38632K(38912K)->38632K(38912K) Class: 2813K(2944K)->2813K(2944K)
[124.572s][info][gc          ] GC(215) Pause Young (Concurrent Start) (G1 Humongous Allocation) 174M->107M(631M) 12.582ms
[124.572s][info][gc,cpu      ] GC(215) User=0.02s Sys=0.00s Real=0.02s
[124.572s][info][gc          ] GC(216) Concurrent Undo Cycle
[124.572s][info][gc,marking  ] GC(216) Concurrent Clear Claimed Marks
[124.572s][info][gc,marking  ] GC(216) Concurrent Clear Claimed Marks 0.035ms
[124.572s][info][gc,marking  ] GC(216) Concurrent Cleanup for Next Mark
[124.575s][info][gc,marking  ] GC(216) Concurrent Cleanup for Next Mark 2.648ms
[124.575s][info][gc          ] GC(216) Concurrent Undo Cycle 2.787ms
[124.674s][info][gc,start    ] GC(217) Pause Young (Concurrent Start) (G1 Humongous Allocation)
[124.674s][info][gc,task     ] GC(217) Using 2 workers of 2 for evacuation
[124.690s][info][gc,phases   ] GC(217)   Pre Evacuate Collection Set: 0.26ms
[124.690s][info][gc,phases   ] GC(217)   Merge Heap Roots: 0.07ms
[124.690s][info][gc,phases   ] GC(217)   Evacuate Collection Set: 14.20ms
[124.690s][info][gc,phases   ] GC(217)   Post Evacuate Collection Set: 0.95ms
[124.690s][info][gc,phases   ] GC(217)   Other: 0.09ms
[124.690s][info][gc,heap     ] GC(217) Eden regions: 13->0(404)
[124.690s][info][gc,heap     ] GC(217) Survivor regions: 13->16(48)
[124.690s][info][gc,heap     ] GC(217) Old regions: 94->94
[124.690s][info][gc,heap     ] GC(217) Humongous regions: 63->1
[124.690s][info][gc,metaspace] GC(217) Metaspace: 41446K(41856K)->41446K(41856K) NonClass: 38633K(38912K)->38633K(38912K) Class: 2813K(2944K)->2813K(2944K)
[124.690s][info][gc          ] GC(217) Pause Young (Concurrent Start) (G1 Humongous Allocation) 181M->109M(700M) 15.794ms
[124.690s][info][gc,cpu      ] GC(217) User=0.03s Sys=0.01s Real=0.01s
[124.690s][info][gc          ] GC(218) Concurrent Undo Cycle
[124.690s][info][gc,marking  ] GC(218) Concurrent Clear Claimed Marks
[124.690s][info][gc,marking  ] GC(218) Concurrent Clear Claimed Marks 0.037ms
[124.690s][info][gc,marking  ] GC(218) Concurrent Cleanup for Next Mark
[124.692s][info][gc,marking  ] GC(218) Concurrent Cleanup for Next Mark 1.795ms
[124.692s][info][gc          ] GC(218) Concurrent Undo Cycle 1.932ms
[124.800s][info][gc,start    ] GC(219) Pause Young (Concurrent Start) (G1 Humongous Allocation)
[124.800s][info][gc,task     ] GC(219) Using 2 workers of 2 for evacuation
[124.819s][info][gc,phases   ] GC(219)   Pre Evacuate Collection Set: 0.27ms
[124.819s][info][gc,phases   ] GC(219)   Merge Heap Roots: 0.06ms
[124.819s][info][gc,phases   ] GC(219)   Evacuate Collection Set: 17.90ms
[124.819s][info][gc,phases   ] GC(219)   Post Evacuate Collection Set: 0.54ms
[124.819s][info][gc,phases   ] GC(219)   Other: 0.11ms
[124.819s][info][gc,heap     ] GC(219) Eden regions: 13->0(404)
[124.819s][info][gc,heap     ] GC(219) Survivor regions: 16->16(53)
[124.819s][info][gc,heap     ] GC(219) Old regions: 94->94
[124.819s][info][gc,heap     ] GC(219) Humongous regions: 87->1
[124.819s][info][gc,metaspace] GC(219) Metaspace: 41446K(41856K)->41446K(41856K) NonClass: 38633K(38912K)->38633K(38912K) Class: 2813K(2944K)->2813K(2944K)
[124.819s][info][gc          ] GC(219) Pause Young (Concurrent Start) (G1 Humongous Allocation) 208M->109M(700M) 19.074ms
[124.819s][info][gc,cpu      ] GC(219) User=0.02s Sys=0.01s Real=0.02s
[124.819s][info][gc          ] GC(220) Concurrent Undo Cycle
[124.820s][info][gc,marking  ] GC(220) Concurrent Clear Claimed Marks
[124.820s][info][gc,marking  ] GC(220) Concurrent Clear Claimed Marks 0.038ms
[124.820s][info][gc,marking  ] GC(220) Concurrent Cleanup for Next Mark
[124.820s][info][gc,marking  ] GC(220) Concurrent Cleanup for Next Mark 0.192ms
[124.820s][info][gc          ] GC(220) Concurrent Undo Cycle 0.306ms
[124.966s][info][gc,start    ] GC(221) Pause Young (Concurrent Start) (G1 Humongous Allocation)
[124.966s][info][gc,task     ] GC(221) Using 2 workers of 2 for evacuation
[124.989s][info][gc,phases   ] GC(221)   Pre Evacuate Collection Set: 0.26ms
[124.989s][info][gc,phases   ] GC(221)   Merge Heap Roots: 0.05ms
[124.989s][info][gc,phases   ] GC(221)   Evacuate Collection Set: 21.94ms
[124.989s][info][gc,phases   ] GC(221)   Post Evacuate Collection Set: 0.43ms
[124.989s][info][gc,phases   ] GC(221)   Other: 0.17ms
[124.989s][info][gc,heap     ] GC(221) Eden regions: 19->0(401)
[124.989s][info][gc,heap     ] GC(221) Survivor regions: 16->19(53)
[124.989s][info][gc,heap     ] GC(221) Old regions: 94->94
[124.989s][info][gc,heap     ] GC(221) Humongous regions: 91->1
[124.989s][info][gc,metaspace] GC(221) Metaspace: 41446K(41856K)->41446K(41856K) NonClass: 38633K(38912K)->38633K(38912K) Class: 2813K(2944K)->2813K(2944K)
[124.989s][info][gc          ] GC(221) Pause Young (Concurrent Start) (G1 Humongous Allocation) 217M->112M(700M) 23.053ms
[124.989s][info][gc,cpu      ] GC(221) User=0.03s Sys=0.01s Real=0.02s
[124.989s][info][gc          ] GC(222) Concurrent Undo Cycle
[124.989s][info][gc,marking  ] GC(222) Concurrent Clear Claimed Marks
[124.989s][info][gc,marking  ] GC(222) Concurrent Clear Claimed Marks 0.038ms
[124.989s][info][gc,marking  ] GC(222) Concurrent Cleanup for Next Mark
[124.990s][info][gc,marking  ] GC(222) Concurrent Cleanup for Next Mark 0.191ms
[124.990s][info][gc          ] GC(222) Concurrent Undo Cycle 0.304ms
[125.140s][info][gc,start    ] GC(223) Pause Young (Concurrent Start) (G1 Humongous Allocation)
[125.140s][info][gc,task     ] GC(223) Using 2 workers of 2 for evacuation
[125.170s][info][gc,phases   ] GC(223)   Pre Evacuate Collection Set: 0.33ms
[125.170s][info][gc,phases   ] GC(223)   Merge Heap Roots: 0.06ms
[125.170s][info][gc,phases   ] GC(223)   Evacuate Collection Set: 28.42ms
[125.170s][info][gc,phases   ] GC(223)   Post Evacuate Collection Set: 0.51ms
[125.170s][info][gc,phases   ] GC(223)   Other: 0.12ms
[125.170s][info][gc,heap     ] GC(223) Eden regions: 19->0(398)
[125.170s][info][gc,heap     ] GC(223) Survivor regions: 19->22(53)
[125.170s][info][gc,heap     ] GC(223) Old regions: 94->94
[125.170s][info][gc,heap     ] GC(223) Humongous regions: 93->1
[125.170s][info][gc,metaspace] GC(223) Metaspace: 41455K(41856K)->41455K(41856K) NonClass: 38642K(38912K)->38642K(38912K) Class: 2813K(2944K)->2813K(2944K)
[125.170s][info][gc          ] GC(223) Pause Young (Concurrent Start) (G1 Humongous Allocation) 222M->115M(700M) 29.681ms
[125.170s][info][gc,cpu      ] GC(223) User=0.06s Sys=0.00s Real=0.03s
[125.170s][info][gc          ] GC(224) Concurrent Undo Cycle
[125.170s][info][gc,marking  ] GC(224) Concurrent Clear Claimed Marks
[125.170s][info][gc,marking  ] GC(224) Concurrent Clear Claimed Marks 0.041ms
[125.170s][info][gc,marking  ] GC(224) Concurrent Cleanup for Next Mark
[125.171s][info][gc,marking  ] GC(224) Concurrent Cleanup for Next Mark 1.245ms
[125.171s][info][gc          ] GC(224) Concurrent Undo Cycle 1.376ms
[125.336s][info][gc,start    ] GC(225) Pause Young (Concurrent Start) (G1 Humongous Allocation)
[125.336s][info][gc,task     ] GC(225) Using 2 workers of 2 for evacuation
[125.362s][info][gc,phases   ] GC(225)   Pre Evacuate Collection Set: 0.27ms
[125.362s][info][gc,phases   ] GC(225)   Merge Heap Roots: 0.05ms
[125.362s][info][gc,phases   ] GC(225)   Evacuate Collection Set: 24.28ms
[125.362s][info][gc,phases   ] GC(225)   Post Evacuate Collection Set: 0.82ms
[125.362s][info][gc,phases   ] GC(225)   Other: 0.09ms
[125.362s][info][gc,heap     ] GC(225) Eden regions: 21->0(423)
[125.362s][info][gc,heap     ] GC(225) Survivor regions: 22->26(53)
[125.362s][info][gc,heap     ] GC(225) Old regions: 94->94
[125.362s][info][gc,heap     ] GC(225) Humongous regions: 95->1
[125.362s][info][gc,metaspace] GC(225) Metaspace: 41455K(41856K)->41455K(41856K) NonClass: 38642K(38912K)->38642K(38912K) Class: 2813K(2944K)->2813K(2944K)
[125.362s][info][gc          ] GC(225) Pause Young (Concurrent Start) (G1 Humongous Allocation) 230M->119M(749M) 25.716ms
[125.362s][info][gc,cpu      ] GC(225) User=0.05s Sys=0.00s Real=0.03s
[125.362s][info][gc          ] GC(226) Concurrent Undo Cycle
[125.362s][info][gc,marking  ] GC(226) Concurrent Clear Claimed Marks
[125.362s][info][gc,marking  ] GC(226) Concurrent Clear Claimed Marks 0.042ms
[125.362s][info][gc,marking  ] GC(226) Concurrent Cleanup for Next Mark
[125.364s][info][gc,marking  ] GC(226) Concurrent Cleanup for Next Mark 1.970ms
[125.364s][info][gc          ] GC(226) Concurrent Undo Cycle 2.125ms
[125.567s][info][gc,start    ] GC(227) Pause Young (Concurrent Start) (G1 Humongous Allocation)
[125.567s][info][gc,task     ] GC(227) Using 2 workers of 2 for evacuation
[125.605s][info][gc,phases   ] GC(227)   Pre Evacuate Collection Set: 0.39ms
[125.605s][info][gc,phases   ] GC(227)   Merge Heap Roots: 0.06ms
[125.605s][info][gc,phases   ] GC(227)   Evacuate Collection Set: 36.58ms
[125.605s][info][gc,phases   ] GC(227)   Post Evacuate Collection Set: 0.84ms
[125.605s][info][gc,phases   ] GC(227)   Other: 0.13ms
[125.605s][info][gc,heap     ] GC(227) Eden regions: 27->0(421)
[125.605s][info][gc,heap     ] GC(227) Survivor regions: 26->28(57)
[125.605s][info][gc,heap     ] GC(227) Old regions: 94->95
[125.605s][info][gc,heap     ] GC(227) Humongous regions: 113->1
[125.605s][info][gc,metaspace] GC(227) Metaspace: 41461K(41856K)->41461K(41856K) NonClass: 38648K(38912K)->38648K(38912K) Class: 2813K(2944K)->2813K(2944K)
[125.605s][info][gc          ] GC(227) Pause Young (Concurrent Start) (G1 Humongous Allocation) 258M->124M(749M) 38.192ms
[125.605s][info][gc,cpu      ] GC(227) User=0.06s Sys=0.02s Real=0.04s
[125.605s][info][gc          ] GC(228) Concurrent Undo Cycle
[125.605s][info][gc,marking  ] GC(228) Concurrent Clear Claimed Marks
[125.605s][info][gc,marking  ] GC(228) Concurrent Clear Claimed Marks 0.061ms
[125.605s][info][gc,marking  ] GC(228) Concurrent Cleanup for Next Mark
[125.605s][info][gc,marking  ] GC(228) Concurrent Cleanup for Next Mark 0.224ms
[125.605s][info][gc          ] GC(228) Concurrent Undo Cycle 0.375ms
[125.750s][info][gc,start    ] GC(229) Pause Young (Concurrent Start) (G1 Humongous Allocation)
[125.750s][info][gc,task     ] GC(229) Using 2 workers of 2 for evacuation
[125.779s][info][gc,phases   ] GC(229)   Pre Evacuate Collection Set: 0.28ms
[125.779s][info][gc,phases   ] GC(229)   Merge Heap Roots: 0.06ms
[125.779s][info][gc,phases   ] GC(229)   Evacuate Collection Set: 28.49ms
[125.779s][info][gc,phases   ] GC(229)   Post Evacuate Collection Set: 0.43ms
[125.779s][info][gc,phases   ] GC(229)   Other: 0.09ms
[125.779s][info][gc,heap     ] GC(229) Eden regions: 17->0(421)
[125.779s][info][gc,heap     ] GC(229) Survivor regions: 28->28(57)
[125.779s][info][gc,heap     ] GC(229) Old regions: 95->96
[125.779s][info][gc,heap     ] GC(229) Humongous regions: 115->1
[125.779s][info][gc,metaspace] GC(229) Metaspace: 41461K(41856K)->41461K(41856K) NonClass: 38648K(38912K)->38648K(38912K) Class: 2813K(2944K)->2813K(2944K)
[125.779s][info][gc          ] GC(229) Pause Young (Concurrent Start) (G1 Humongous Allocation) 254M->123M(749M) 29.550ms
[125.779s][info][gc,cpu      ] GC(229) User=0.05s Sys=0.01s Real=0.03s
[125.779s][info][gc          ] GC(230) Concurrent Undo Cycle
[125.780s][info][gc,marking  ] GC(230) Concurrent Clear Claimed Marks
[125.780s][info][gc,marking  ] GC(230) Concurrent Clear Claimed Marks 0.038ms
[125.780s][info][gc,marking  ] GC(230) Concurrent Cleanup for Next Mark
[125.780s][info][gc,marking  ] GC(230) Concurrent Cleanup for Next Mark 0.206ms
[125.780s][info][gc          ] GC(230) Concurrent Undo Cycle 0.322ms
[126.192s][info][gc,start    ] GC(231) Pause Young (Concurrent Start) (G1 Humongous Allocation)
[126.192s][info][gc,task     ] GC(231) Using 2 workers of 2 for evacuation
[126.202s][info][gc,phases   ] GC(231)   Pre Evacuate Collection Set: 0.34ms
[126.202s][info][gc,phases   ] GC(231)   Merge Heap Roots: 0.06ms
[126.202s][info][gc,phases   ] GC(231)   Evacuate Collection Set: 8.56ms
[126.202s][info][gc,phases   ] GC(231)   Post Evacuate Collection Set: 0.45ms
[126.202s][info][gc,phases   ] GC(231)   Other: 0.14ms
[126.202s][info][gc,heap     ] GC(231) Eden regions: 67->0(445)
[126.202s][info][gc,heap     ] GC(231) Survivor regions: 28->4(57)
[126.202s][info][gc,heap     ] GC(231) Old regions: 96->99
[126.202s][info][gc,heap     ] GC(231) Humongous regions: 115->1
[126.202s][info][gc,metaspace] GC(231) Metaspace: 41499K(41856K)->41499K(41856K) NonClass: 38686K(38912K)->38686K(38912K) Class: 2813K(2944K)->2813K(2944K)
[126.202s][info][gc          ] GC(231) Pause Young (Concurrent Start) (G1 Humongous Allocation) 304M->103M(749M) 9.737ms
[126.202s][info][gc,cpu      ] GC(231) User=0.02s Sys=0.00s Real=0.01s
[126.203s][info][gc          ] GC(232) Concurrent Undo Cycle
[126.203s][info][gc,marking  ] GC(232) Concurrent Clear Claimed Marks
[126.203s][info][gc,marking  ] GC(232) Concurrent Clear Claimed Marks 0.038ms
[126.203s][info][gc,marking  ] GC(232) Concurrent Cleanup for Next Mark
[126.203s][info][gc,marking  ] GC(232) Concurrent Cleanup for Next Mark 0.229ms
[126.203s][info][gc          ] GC(232) Concurrent Undo Cycle 0.333ms
[127.416s][info][gc,start    ] GC(233) Pause Young (Normal) (G1 Evacuation Pause)
[127.416s][info][gc,task     ] GC(233) Using 2 workers of 2 for evacuation
[127.425s][info][gc,phases   ] GC(233)   Pre Evacuate Collection Set: 0.47ms
[127.425s][info][gc,phases   ] GC(233)   Merge Heap Roots: 0.22ms
[127.425s][info][gc,phases   ] GC(233)   Evacuate Collection Set: 7.41ms
[127.425s][info][gc,phases   ] GC(233)   Post Evacuate Collection Set: 0.68ms
[127.425s][info][gc,phases   ] GC(233)   Other: 0.10ms
[127.425s][info][gc,heap     ] GC(233) Eden regions: 445->0(439)
[127.425s][info][gc,heap     ] GC(233) Survivor regions: 4->10(57)
[127.425s][info][gc,heap     ] GC(233) Old regions: 99->99
[127.425s][info][gc,heap     ] GC(233) Humongous regions: 45->1
[127.425s][info][gc,metaspace] GC(233) Metaspace: 41584K(41984K)->41584K(41984K) NonClass: 38771K(39040K)->38771K(39040K) Class: 2813K(2944K)->2813K(2944K)
[127.425s][info][gc          ] GC(233) Pause Young (Normal) (G1 Evacuation Pause) 592M->109M(749M) 9.109ms
[127.425s][info][gc,cpu      ] GC(233) User=0.02s Sys=0.00s Real=0.01s
[128.397s][info][gc,start    ] GC(234) Pause Young (Normal) (G1 Evacuation Pause)
[128.397s][info][gc,task     ] GC(234) Using 2 workers of 2 for evacuation
[128.408s][info][gc,phases   ] GC(234)   Pre Evacuate Collection Set: 0.39ms
[128.408s][info][gc,phases   ] GC(234)   Merge Heap Roots: 0.09ms
[128.408s][info][gc,phases   ] GC(234)   Evacuate Collection Set: 9.36ms
[128.408s][info][gc,phases   ] GC(234)   Post Evacuate Collection Set: 0.92ms
[128.408s][info][gc,phases   ] GC(234)   Other: 0.12ms
[128.408s][info][gc,heap     ] GC(234) Eden regions: 439->0(437)
[128.408s][info][gc,heap     ] GC(234) Survivor regions: 10->12(57)
[128.408s][info][gc,heap     ] GC(234) Old regions: 99->99
[128.408s][info][gc,heap     ] GC(234) Humongous regions: 1->1
[128.408s][info][gc,metaspace] GC(234) Metaspace: 41588K(41984K)->41588K(41984K) NonClass: 38775K(39040K)->38775K(39040K) Class: 2813K(2944K)->2813K(2944K)
[128.408s][info][gc          ] GC(234) Pause Young (Normal) (G1 Evacuation Pause) 548M->111M(749M) 11.083ms
[128.408s][info][gc,cpu      ] GC(234) User=0.02s Sys=0.00s Real=0.01s
[129.647s][info][gc,start    ] GC(235) Pause Young (Normal) (G1 Evacuation Pause)
[129.647s][info][gc,task     ] GC(235) Using 2 workers of 2 for evacuation
[129.657s][info][gc,phases   ] GC(235)   Pre Evacuate Collection Set: 0.37ms
[129.657s][info][gc,phases   ] GC(235)   Merge Heap Roots: 0.20ms
[129.657s][info][gc,phases   ] GC(235)   Evacuate Collection Set: 8.18ms
[129.657s][info][gc,phases   ] GC(235)   Post Evacuate Collection Set: 0.80ms
[129.657s][info][gc,phases   ] GC(235)   Other: 0.11ms
[129.657s][info][gc,heap     ] GC(235) Eden regions: 437->0(439)
[129.657s][info][gc,heap     ] GC(235) Survivor regions: 12->10(57)
[129.657s][info][gc,heap     ] GC(235) Old regions: 99->99
[129.657s][info][gc,heap     ] GC(235) Humongous regions: 1->1
[129.657s][info][gc,metaspace] GC(235) Metaspace: 41600K(41984K)->41600K(41984K) NonClass: 38787K(39040K)->38787K(39040K) Class: 2813K(2944K)->2813K(2944K)
[129.657s][info][gc          ] GC(235) Pause Young (Normal) (G1 Evacuation Pause) 548M->109M(749M) 9.844ms
[129.657s][info][gc,cpu      ] GC(235) User=0.01s Sys=0.00s Real=0.01s
[131.837s][info][gc,start    ] GC(236) Pause Young (Normal) (G1 Evacuation Pause)
[131.837s][info][gc,task     ] GC(236) Using 2 workers of 2 for evacuation
[131.880s][info][gc,phases   ] GC(236)   Pre Evacuate Collection Set: 0.26ms
[131.880s][info][gc,phases   ] GC(236)   Merge Heap Roots: 0.16ms
[131.880s][info][gc,phases   ] GC(236)   Evacuate Collection Set: 41.08ms
[131.880s][info][gc,phases   ] GC(236)   Post Evacuate Collection Set: 0.95ms
[131.880s][info][gc,phases   ] GC(236)   Other: 0.07ms
[131.880s][info][gc,heap     ] GC(236) Eden regions: 439->0(411)
[131.880s][info][gc,heap     ] GC(236) Survivor regions: 10->38(57)
[131.880s][info][gc,heap     ] GC(236) Old regions: 99->99
[131.880s][info][gc,heap     ] GC(236) Humongous regions: 14->4
[131.880s][info][gc,metaspace] GC(236) Metaspace: 41735K(42112K)->41735K(42112K) NonClass: 38922K(39168K)->38922K(39168K) Class: 2813K(2944K)->2813K(2944K)
[131.880s][info][gc          ] GC(236) Pause Young (Normal) (G1 Evacuation Pause) 561M->140M(749M) 42.716ms
[131.880s][info][gc,cpu      ] GC(236) User=0.08s Sys=0.00s Real=0.04s
[132.967s][info][gc,start    ] GC(237) Pause Young (Normal) (G1 Evacuation Pause)
[132.967s][info][gc,task     ] GC(237) Using 2 workers of 2 for evacuation
[133.065s][info][gc,phases   ] GC(237)   Pre Evacuate Collection Set: 0.26ms
[133.065s][info][gc,phases   ] GC(237)   Merge Heap Roots: 0.23ms
[133.065s][info][gc,phases   ] GC(237)   Evacuate Collection Set: 96.04ms
[133.065s][info][gc,phases   ] GC(237)   Post Evacuate Collection Set: 0.76ms
[133.065s][info][gc,phases   ] GC(237)   Other: 0.10ms
[133.065s][info][gc,heap     ] GC(237) Eden regions: 411->0(406)
[133.065s][info][gc,heap     ] GC(237) Survivor regions: 38->43(57)
[133.065s][info][gc,heap     ] GC(237) Old regions: 99->137
[133.065s][info][gc,heap     ] GC(237) Humongous regions: 11->10
[133.065s][info][gc,metaspace] GC(237) Metaspace: 41736K(42112K)->41736K(42112K) NonClass: 38923K(39168K)->38923K(39168K) Class: 2813K(2944K)->2813K(2944K)
[133.065s][info][gc          ] GC(237) Pause Young (Normal) (G1 Evacuation Pause) 558M->189M(749M) 97.609ms
[133.065s][info][gc,cpu      ] GC(237) User=0.20s Sys=0.00s Real=0.10s
[137.277s][info][gc,start    ] GC(238) Pause Young (Normal) (G1 Evacuation Pause)
[137.277s][info][gc,task     ] GC(238) Using 2 workers of 2 for evacuation
[137.379s][info][gc,phases   ] GC(238)   Pre Evacuate Collection Set: 0.40ms
[137.379s][info][gc,phases   ] GC(238)   Merge Heap Roots: 0.20ms
[137.379s][info][gc,phases   ] GC(238)   Evacuate Collection Set: 100.13ms
[137.379s][info][gc,phases   ] GC(238)   Post Evacuate Collection Set: 1.17ms
[137.379s][info][gc,phases   ] GC(238)   Other: 0.10ms
[137.379s][info][gc,heap     ] GC(238) Eden regions: 406->0(450)
[137.379s][info][gc,heap     ] GC(238) Survivor regions: 43->20(57)
[137.379s][info][gc,heap     ] GC(238) Old regions: 137->179
[137.379s][info][gc,heap     ] GC(238) Humongous regions: 14->10
[137.379s][info][gc,metaspace] GC(238) Metaspace: 41795K(42176K)->41795K(42176K) NonClass: 38982K(39232K)->38982K(39232K) Class: 2813K(2944K)->2813K(2944K)
[137.379s][info][gc          ] GC(238) Pause Young (Normal) (G1 Evacuation Pause) 599M->209M(784M) 102.192ms
[137.379s][info][gc,cpu      ] GC(238) User=0.20s Sys=0.00s Real=0.10s
[138.443s][info][gc,start    ] GC(239) Pause Young (Normal) (G1 Evacuation Pause)
[138.443s][info][gc,task     ] GC(239) Using 2 workers of 2 for evacuation
[138.532s][info][gc,phases   ] GC(239)   Pre Evacuate Collection Set: 0.27ms
[138.532s][info][gc,phases   ] GC(239)   Merge Heap Roots: 0.18ms
[138.532s][info][gc,phases   ] GC(239)   Evacuate Collection Set: 87.55ms
[138.532s][info][gc,phases   ] GC(239)   Post Evacuate Collection Set: 0.84ms
[138.532s][info][gc,phases   ] GC(239)   Other: 0.16ms
[138.532s][info][gc,heap     ] GC(239) Eden regions: 450->0(411)
[138.532s][info][gc,heap     ] GC(239) Survivor regions: 20->59(59)
[138.532s][info][gc,heap     ] GC(239) Old regions: 179->193
[138.532s][info][gc,heap     ] GC(239) Humongous regions: 13->13
[138.532s][info][gc,metaspace] GC(239) Metaspace: 41795K(42176K)->41795K(42176K) NonClass: 38982K(39232K)->38982K(39232K) Class: 2813K(2944K)->2813K(2944K)
[138.532s][info][gc          ] GC(239) Pause Young (Normal) (G1 Evacuation Pause) 662M->265M(784M) 89.212ms
[138.532s][info][gc,cpu      ] GC(239) User=0.17s Sys=0.00s Real=0.09s
[140.562s][info][gc,start    ] GC(240) Pause Young (Normal) (G1 Evacuation Pause)
[140.562s][info][gc,task     ] GC(240) Using 2 workers of 2 for evacuation
[140.667s][info][gc,phases   ] GC(240)   Pre Evacuate Collection Set: 0.28ms
[140.667s][info][gc,phases   ] GC(240)   Merge Heap Roots: 0.23ms
[140.667s][info][gc,phases   ] GC(240)   Evacuate Collection Set: 103.93ms
[140.667s][info][gc,phases   ] GC(240)   Post Evacuate Collection Set: 0.72ms
[140.667s][info][gc,phases   ] GC(240)   Other: 0.08ms
[140.667s][info][gc,heap     ] GC(240) Eden regions: 411->0(394)
[140.667s][info][gc,heap     ] GC(240) Survivor regions: 59->30(59)
[140.667s][info][gc,heap     ] GC(240) Old regions: 193->247
[140.667s][info][gc,heap     ] GC(240) Humongous regions: 25->23
[140.667s][info][gc,metaspace] GC(240) Metaspace: 41795K(42176K)->41795K(42176K) NonClass: 38982K(39232K)->38982K(39232K) Class: 2813K(2944K)->2813K(2944K)
[140.667s][info][gc          ] GC(240) Pause Young (Normal) (G1 Evacuation Pause) 688M->299M(784M) 105.451ms
[140.667s][info][gc,cpu      ] GC(240) User=0.21s Sys=0.00s Real=0.10s
[142.783s][info][gc,start    ] GC(241) Pause Young (Concurrent Start) (G1 Evacuation Pause)
[142.783s][info][gc,task     ] GC(241) Using 2 workers of 2 for evacuation
[142.817s][info][gc,phases   ] GC(241)   Pre Evacuate Collection Set: 0.30ms
[142.817s][info][gc,phases   ] GC(241)   Merge Heap Roots: 0.22ms
[142.817s][info][gc,phases   ] GC(241)   Evacuate Collection Set: 33.05ms
[142.817s][info][gc,phases   ] GC(241)   Post Evacuate Collection Set: 0.62ms
[142.817s][info][gc,phases   ] GC(241)   Other: 0.11ms
[142.817s][info][gc,heap     ] GC(241) Eden regions: 394->0(407)
[142.817s][info][gc,heap     ] GC(241) Survivor regions: 30->4(53)
[142.817s][info][gc,heap     ] GC(241) Old regions: 247->275
[142.817s][info][gc,heap     ] GC(241) Humongous regions: 23->23
[142.817s][info][gc,metaspace] GC(241) Metaspace: 41797K(42176K)->41797K(42176K) NonClass: 38984K(39232K)->38984K(39232K) Class: 2813K(2944K)->2813K(2944K)
[142.817s][info][gc          ] GC(241) Pause Young (Concurrent Start) (G1 Evacuation Pause) 693M->301M(784M) 34.507ms
[142.817s][info][gc          ] GC(242) Concurrent Mark Cycle
[142.817s][info][gc,marking  ] GC(242) Concurrent Scan Root Regions
[142.818s][info][gc,cpu      ] GC(241) User=0.07s Sys=0.00s Real=0.03s
[142.827s][info][gc,marking  ] GC(242) Concurrent Scan Root Regions 9.449ms
[142.827s][info][gc,marking  ] GC(242) Concurrent Mark
[142.827s][info][gc,marking  ] GC(242) Concurrent Mark From Roots
[142.827s][info][gc,task     ] GC(242) Using 1 workers of 1 for marking
[142.860s][info][gc,marking  ] GC(242) Concurrent Mark From Roots 33.245ms
[142.860s][info][gc,marking  ] GC(242) Concurrent Preclean
[142.860s][info][gc,marking  ] GC(242) Concurrent Preclean 0.384ms
[142.860s][info][gc,start    ] GC(242) Pause Remark
[142.877s][info][gc          ] GC(242) Pause Remark 309M->116M(364M) 16.404ms
[142.877s][info][gc,cpu      ] GC(242) User=0.03s Sys=0.00s Real=0.02s
[142.877s][info][gc,marking  ] GC(242) Concurrent Mark 50.869ms
[142.877s][info][gc,marking  ] GC(242) Concurrent Rebuild Remembered Sets and Scrub Regions
[142.899s][info][gc,marking  ] GC(242) Concurrent Rebuild Remembered Sets and Scrub Regions 21.800ms
[142.899s][info][gc,start    ] GC(242) Pause Cleanup
[142.899s][info][gc          ] GC(242) Pause Cleanup 120M->120M(364M) 0.049ms
[142.899s][info][gc,cpu      ] GC(242) User=0.00s Sys=0.00s Real=0.00s
[142.901s][info][gc,marking  ] GC(242) Concurrent Clear Claimed Marks
[142.901s][info][gc,marking  ] GC(242) Concurrent Clear Claimed Marks 0.048ms
[142.901s][info][gc,marking  ] GC(242) Concurrent Cleanup for Next Mark
[142.902s][info][gc,marking  ] GC(242) Concurrent Cleanup for Next Mark 1.252ms
[142.902s][info][gc          ] GC(242) Concurrent Mark Cycle 85.261ms
[144.014s][info][gc,start    ] GC(243) Pause Young (Prepare Mixed) (G1 Evacuation Pause)
[144.014s][info][gc,task     ] GC(243) Using 2 workers of 2 for evacuation
[144.037s][info][gc,phases   ] GC(243)   Pre Evacuate Collection Set: 0.18ms
[144.037s][info][gc,phases   ] GC(243)   Merge Heap Roots: 0.10ms
[144.037s][info][gc,phases   ] GC(243)   Evacuate Collection Set: 22.01ms
[144.037s][info][gc,phases   ] GC(243)   Post Evacuate Collection Set: 0.46ms
[144.037s][info][gc,phases   ] GC(243)   Other: 0.09ms
[144.037s][info][gc,heap     ] GC(243) Eden regions: 214->0(192)
[144.037s][info][gc,heap     ] GC(243) Survivor regions: 4->23(28)
[144.037s][info][gc,heap     ] GC(243) Old regions: 104->104
[144.037s][info][gc,heap     ] GC(243) Humongous regions: 2->2
[144.037s][info][gc,metaspace] GC(243) Metaspace: 41797K(42176K)->41797K(42176K) NonClass: 38984K(39232K)->38984K(39232K) Class: 2813K(2944K)->2813K(2944K)
[144.037s][info][gc          ] GC(243) Pause Young (Prepare Mixed) (G1 Evacuation Pause) 323M->128M(364M) 23.050ms
[144.037s][info][gc,cpu      ] GC(243) User=0.05s Sys=0.00s Real=0.02s
[145.077s][info][gc,start    ] GC(244) Pause Young (Mixed) (G1 Evacuation Pause)
[145.077s][info][gc,task     ] GC(244) Using 2 workers of 2 for evacuation
[145.114s][info][gc,phases   ] GC(244)   Pre Evacuate Collection Set: 0.26ms
[145.114s][info][gc,phases   ] GC(244)   Merge Heap Roots: 0.13ms
[145.114s][info][gc,phases   ] GC(244)   Evacuate Collection Set: 36.26ms
[145.114s][info][gc,phases   ] GC(244)   Post Evacuate Collection Set: 0.47ms
[145.114s][info][gc,phases   ] GC(244)   Other: 0.07ms
[145.114s][info][gc,heap     ] GC(244) Eden regions: 192->0(193)
[145.114s][info][gc,heap     ] GC(244) Survivor regions: 23->17(27)
[145.114s][info][gc,heap     ] GC(244) Old regions: 104->108
[145.114s][info][gc,heap     ] GC(244) Humongous regions: 2->2
[145.114s][info][gc,metaspace] GC(244) Metaspace: 41797K(42176K)->41797K(42176K) NonClass: 38984K(39232K)->38984K(39232K) Class: 2813K(2944K)->2813K(2944K)
[145.114s][info][gc          ] GC(244) Pause Young (Mixed) (G1 Evacuation Pause) 320M->125M(364M) 37.421ms
[145.114s][info][gc,cpu      ] GC(244) User=0.07s Sys=0.00s Real=0.04s
[145.474s][info][gc,start    ] GC(245) Pause Young (Concurrent Start) (G1 Humongous Allocation)
[145.474s][info][gc,task     ] GC(245) Using 2 workers of 2 for evacuation
[145.503s][info][gc,phases   ] GC(245)   Pre Evacuate Collection Set: 0.20ms
[145.503s][info][gc,phases   ] GC(245)   Merge Heap Roots: 0.07ms
[145.503s][info][gc,phases   ] GC(245)   Evacuate Collection Set: 28.37ms
[145.503s][info][gc,phases   ] GC(245)   Post Evacuate Collection Set: 0.42ms
[145.503s][info][gc,phases   ] GC(245)   Other: 0.12ms
[145.503s][info][gc,heap     ] GC(245) Eden regions: 77->0(181)
[145.503s][info][gc,heap     ] GC(245) Survivor regions: 17->12(27)
[145.503s][info][gc,heap     ] GC(245) Old regions: 108->124
[145.503s][info][gc,heap     ] GC(245) Humongous regions: 2->2
[145.503s][info][gc,metaspace] GC(245) Metaspace: 41797K(42176K)->41797K(42176K) NonClass: 38984K(39232K)->38984K(39232K) Class: 2813K(2944K)->2813K(2944K)
[145.503s][info][gc          ] GC(245) Pause Young (Concurrent Start) (G1 Humongous Allocation) 201M->137M(364M) 29.357ms
[145.503s][info][gc          ] GC(246) Concurrent Mark Cycle
[145.503s][info][gc,marking  ] GC(246) Concurrent Scan Root Regions
[145.504s][info][gc,cpu      ] GC(245) User=0.06s Sys=0.00s Real=0.03s
[145.521s][info][gc,marking  ] GC(246) Concurrent Scan Root Regions 17.880ms
[145.521s][info][gc,marking  ] GC(246) Concurrent Mark
[145.521s][info][gc,marking  ] GC(246) Concurrent Mark From Roots
[145.521s][info][gc,task     ] GC(246) Using 1 workers of 1 for marking
[145.556s][info][gc,marking  ] GC(246) Concurrent Mark From Roots 34.481ms
[145.556s][info][gc,marking  ] GC(246) Concurrent Preclean
[145.556s][info][gc,marking  ] GC(246) Concurrent Preclean 0.033ms
[145.556s][info][gc,start    ] GC(246) Pause Remark
[145.571s][info][gc          ] GC(246) Pause Remark 157M->125M(360M) 14.896ms
[145.571s][info][gc,cpu      ] GC(246) User=0.03s Sys=0.00s Real=0.01s
[145.571s][info][gc,marking  ] GC(246) Concurrent Mark 49.720ms
[145.571s][info][gc,marking  ] GC(246) Concurrent Rebuild Remembered Sets and Scrub Regions
[145.596s][info][gc,marking  ] GC(246) Concurrent Rebuild Remembered Sets and Scrub Regions 24.955ms
[145.596s][info][gc,start    ] GC(246) Pause Cleanup
[145.596s][info][gc          ] GC(246) Pause Cleanup 135M->135M(360M) 0.055ms
[145.596s][info][gc,cpu      ] GC(246) User=0.00s Sys=0.00s Real=0.00s
[145.596s][info][gc,marking  ] GC(246) Concurrent Clear Claimed Marks
[145.596s][info][gc,marking  ] GC(246) Concurrent Clear Claimed Marks 0.035ms
[145.596s][info][gc,marking  ] GC(246) Concurrent Cleanup for Next Mark
[145.597s][info][gc,marking  ] GC(246) Concurrent Cleanup for Next Mark 1.028ms
[145.597s][info][gc          ] GC(246) Concurrent Mark Cycle 93.959ms
[145.941s][info][gc,start    ] GC(247) Pause Young (Prepare Mixed) (G1 Evacuation Pause)
[145.941s][info][gc,task     ] GC(247) Using 2 workers of 2 for evacuation
[145.967s][info][gc,phases   ] GC(247)   Pre Evacuate Collection Set: 0.20ms
[145.967s][info][gc,phases   ] GC(247)   Merge Heap Roots: 0.09ms
[145.967s][info][gc,phases   ] GC(247)   Evacuate Collection Set: 25.67ms
[145.967s][info][gc,phases   ] GC(247)   Post Evacuate Collection Set: 0.46ms
[145.967s][info][gc,phases   ] GC(247)   Other: 0.07ms
[145.967s][info][gc,heap     ] GC(247) Eden regions: 181->0(185)
[145.967s][info][gc,heap     ] GC(247) Survivor regions: 12->25(25)
[145.967s][info][gc,heap     ] GC(247) Old regions: 93->95
[145.967s][info][gc,heap     ] GC(247) Humongous regions: 4->4
[145.967s][info][gc,metaspace] GC(247) Metaspace: 41797K(42176K)->41797K(42176K) NonClass: 38984K(39232K)->38984K(39232K) Class: 2813K(2944K)->2813K(2944K)
[145.967s][info][gc          ] GC(247) Pause Young (Prepare Mixed) (G1 Evacuation Pause) 289M->122M(360M) 26.717ms
[145.968s][info][gc,cpu      ] GC(247) User=0.05s Sys=0.00s Real=0.03s
[146.380s][info][gc,start    ] GC(248) Pause Young (Mixed) (G1 Evacuation Pause)
[146.380s][info][gc,task     ] GC(248) Using 2 workers of 2 for evacuation
[146.430s][info][gc,phases   ] GC(248)   Pre Evacuate Collection Set: 0.20ms
[146.430s][info][gc,phases   ] GC(248)   Merge Heap Roots: 0.17ms
[146.430s][info][gc,phases   ] GC(248)   Evacuate Collection Set: 48.52ms
[146.430s][info][gc,phases   ] GC(248)   Post Evacuate Collection Set: 0.52ms
[146.430s][info][gc,phases   ] GC(248)   Other: 0.08ms
[146.430s][info][gc,heap     ] GC(248) Eden regions: 185->0(191)
[146.430s][info][gc,heap     ] GC(248) Survivor regions: 25->22(27)
[146.430s][info][gc,heap     ] GC(248) Old regions: 95->85
[146.430s][info][gc,heap     ] GC(248) Humongous regions: 6->6
[146.430s][info][gc,metaspace] GC(248) Metaspace: 41797K(42176K)->41797K(42176K) NonClass: 38984K(39232K)->38984K(39232K) Class: 2813K(2944K)->2813K(2944K)
[146.430s][info][gc          ] GC(248) Pause Young (Mixed) (G1 Evacuation Pause) 309M->111M(360M) 49.727ms
[146.430s][info][gc,cpu      ] GC(248) User=0.09s Sys=0.00s Real=0.05s
[146.904s][info][gc,start    ] GC(249) Pause Young (Mixed) (G1 Evacuation Pause)
[146.904s][info][gc,task     ] GC(249) Using 2 workers of 2 for evacuation
[146.959s][info][gc,phases   ] GC(249)   Pre Evacuate Collection Set: 0.20ms
[146.959s][info][gc,phases   ] GC(249)   Merge Heap Roots: 0.14ms
[146.959s][info][gc,phases   ] GC(249)   Evacuate Collection Set: 54.20ms
[146.959s][info][gc,phases   ] GC(249)   Post Evacuate Collection Set: 0.52ms
[146.959s][info][gc,phases   ] GC(249)   Other: 0.10ms
[146.959s][info][gc,heap     ] GC(249) Eden regions: 191->0(173)
[146.959s][info][gc,heap     ] GC(249) Survivor regions: 22->22(27)
[146.959s][info][gc,heap     ] GC(249) Old regions: 85->105
[146.959s][info][gc,heap     ] GC(249) Humongous regions: 10->10
[146.959s][info][gc,metaspace] GC(249) Metaspace: 41797K(42176K)->41797K(42176K) NonClass: 38984K(39232K)->38984K(39232K) Class: 2813K(2944K)->2813K(2944K)
[146.959s][info][gc          ] GC(249) Pause Young (Mixed) (G1 Evacuation Pause) 306M->136M(360M) 55.432ms
[146.959s][info][gc,cpu      ] GC(249) User=0.11s Sys=0.00s Real=0.05s
[147.451s][info][gc,start    ] GC(250) Pause Young (Concurrent Start) (G1 Humongous Allocation)
[147.451s][info][gc,task     ] GC(250) Using 2 workers of 2 for evacuation
[147.506s][info][gc,phases   ] GC(250)   Pre Evacuate Collection Set: 0.23ms
[147.506s][info][gc,phases   ] GC(250)   Merge Heap Roots: 0.14ms
[147.506s][info][gc,phases   ] GC(250)   Evacuate Collection Set: 53.59ms
[147.506s][info][gc,phases   ] GC(250)   Post Evacuate Collection Set: 0.94ms
[147.506s][info][gc,phases   ] GC(250)   Other: 0.11ms
[147.506s][info][gc,heap     ] GC(250) Eden regions: 156->0(186)
[147.506s][info][gc,heap     ] GC(250) Survivor regions: 22->25(25)
[147.506s][info][gc,heap     ] GC(250) Old regions: 105->130
[147.506s][info][gc,heap     ] GC(250) Humongous regions: 10->10
[147.506s][info][gc,metaspace] GC(250) Metaspace: 41797K(42176K)->41797K(42176K) NonClass: 38984K(39232K)->38984K(39232K) Class: 2813K(2944K)->2813K(2944K)
[147.506s][info][gc          ] GC(250) Pause Young (Concurrent Start) (G1 Humongous Allocation) 292M->163M(414M) 55.229ms
[147.507s][info][gc,cpu      ] GC(250) User=0.11s Sys=0.01s Real=0.05s
[147.507s][info][gc          ] GC(251) Concurrent Mark Cycle
[147.507s][info][gc,marking  ] GC(251) Concurrent Scan Root Regions
[147.558s][info][gc,marking  ] GC(251) Concurrent Scan Root Regions 50.932ms
[147.558s][info][gc,marking  ] GC(251) Concurrent Mark
[147.558s][info][gc,marking  ] GC(251) Concurrent Mark From Roots
[147.558s][info][gc,task     ] GC(251) Using 1 workers of 1 for marking
[147.651s][info][gc,marking  ] GC(251) Concurrent Mark From Roots 93.461ms
[147.651s][info][gc,marking  ] GC(251) Concurrent Preclean
[147.651s][info][gc,marking  ] GC(251) Concurrent Preclean 0.036ms
[147.651s][info][gc,start    ] GC(251) Pause Remark
[147.667s][info][gc          ] GC(251) Pause Remark 175M->167M(414M) 15.683ms
[147.667s][info][gc,cpu      ] GC(251) User=0.03s Sys=0.00s Real=0.01s
[147.667s][info][gc,marking  ] GC(251) Concurrent Mark 109.547ms
[147.667s][info][gc,marking  ] GC(251) Concurrent Rebuild Remembered Sets and Scrub Regions
[147.732s][info][gc,marking  ] GC(251) Concurrent Rebuild Remembered Sets and Scrub Regions 64.603ms
[147.732s][info][gc,start    ] GC(251) Pause Cleanup
[147.732s][info][gc          ] GC(251) Pause Cleanup 175M->175M(414M) 0.086ms
[147.732s][info][gc,cpu      ] GC(251) User=0.00s Sys=0.00s Real=0.00s
[147.732s][info][gc,marking  ] GC(251) Concurrent Clear Claimed Marks
[147.732s][info][gc,marking  ] GC(251) Concurrent Clear Claimed Marks 0.039ms
[147.732s][info][gc,marking  ] GC(251) Concurrent Cleanup for Next Mark
[147.734s][info][gc,marking  ] GC(251) Concurrent Cleanup for Next Mark 1.809ms
[147.734s][info][gc          ] GC(251) Concurrent Mark Cycle 227.393ms
[148.850s][info][gc,start    ] GC(252) Pause Young (Prepare Mixed) (G1 Evacuation Pause)
[148.851s][info][gc,task     ] GC(252) Using 2 workers of 2 for evacuation
[148.887s][info][gc,phases   ] GC(252)   Pre Evacuate Collection Set: 0.20ms
[148.887s][info][gc,phases   ] GC(252)   Merge Heap Roots: 0.19ms
[148.887s][info][gc,phases   ] GC(252)   Evacuate Collection Set: 35.69ms
[148.887s][info][gc,phases   ] GC(252)   Post Evacuate Collection Set: 0.50ms
[148.887s][info][gc,phases   ] GC(252)   Other: 0.07ms
[148.887s][info][gc,heap     ] GC(252) Eden regions: 186->0(185)
[148.887s][info][gc,heap     ] GC(252) Survivor regions: 25->14(27)
[148.887s][info][gc,heap     ] GC(252) Old regions: 125->142
[148.887s][info][gc,heap     ] GC(252) Humongous regions: 15->13
[148.887s][info][gc,metaspace] GC(252) Metaspace: 41797K(42176K)->41797K(42176K) NonClass: 38984K(39232K)->38984K(39232K) Class: 2813K(2944K)->2813K(2944K)
[148.887s][info][gc          ] GC(252) Pause Young (Prepare Mixed) (G1 Evacuation Pause) 350M->167M(414M) 36.845ms
[148.887s][info][gc,cpu      ] GC(252) User=0.07s Sys=0.00s Real=0.04s
[149.762s][info][gc,start    ] GC(253) Pause Young (Mixed) (G1 Evacuation Pause)
[149.762s][info][gc,task     ] GC(253) Using 2 workers of 2 for evacuation
[149.777s][info][gc,phases   ] GC(253)   Pre Evacuate Collection Set: 0.21ms
[149.777s][info][gc,phases   ] GC(253)   Merge Heap Roots: 0.13ms
[149.777s][info][gc,phases   ] GC(253)   Evacuate Collection Set: 13.68ms
[149.777s][info][gc,phases   ] GC(253)   Post Evacuate Collection Set: 0.44ms
[149.777s][info][gc,phases   ] GC(253)   Other: 0.12ms
[149.777s][info][gc,heap     ] GC(253) Eden regions: 185->0(200)
[149.777s][info][gc,heap     ] GC(253) Survivor regions: 14->4(25)
[149.777s][info][gc,heap     ] GC(253) Old regions: 142->139
[149.777s][info][gc,heap     ] GC(253) Humongous regions: 13->13
[149.777s][info][gc,metaspace] GC(253) Metaspace: 41797K(42176K)->41797K(42176K) NonClass: 38984K(39232K)->38984K(39232K) Class: 2813K(2944K)->2813K(2944K)
[149.777s][info][gc          ] GC(253) Pause Young (Mixed) (G1 Evacuation Pause) 352M->155M(414M) 14.754ms
[149.777s][info][gc,cpu      ] GC(253) User=0.03s Sys=0.00s Real=0.01s
[150.883s][info][gc,start    ] GC(254) Pause Young (Concurrent Start) (G1 Evacuation Pause)
[150.883s][info][gc,task     ] GC(254) Using 2 workers of 2 for evacuation
[150.909s][info][gc,phases   ] GC(254)   Pre Evacuate Collection Set: 0.25ms
[150.909s][info][gc,phases   ] GC(254)   Merge Heap Roots: 0.09ms
[150.909s][info][gc,phases   ] GC(254)   Evacuate Collection Set: 24.80ms
[150.909s][info][gc,phases   ] GC(254)   Post Evacuate Collection Set: 0.45ms
[150.909s][info][gc,phases   ] GC(254)   Other: 0.14ms
[150.909s][info][gc,heap     ] GC(254) Eden regions: 200->0(182)
[150.909s][info][gc,heap     ] GC(254) Survivor regions: 4->26(26)
[150.909s][info][gc,heap     ] GC(254) Old regions: 139->140
[150.909s][info][gc,heap     ] GC(254) Humongous regions: 13->13
[150.909s][info][gc,metaspace] GC(254) Metaspace: 41797K(42176K)->41797K(42176K) NonClass: 38984K(39232K)->38984K(39232K) Class: 2813K(2944K)->2813K(2944K)
[150.909s][info][gc          ] GC(254) Pause Young (Concurrent Start) (G1 Evacuation Pause) 355M->178M(414M) 25.969ms
[150.909s][info][gc,cpu      ] GC(254) User=0.05s Sys=0.00s Real=0.02s
[150.909s][info][gc          ] GC(255) Concurrent Mark Cycle
[150.909s][info][gc,marking  ] GC(255) Concurrent Scan Root Regions
[150.926s][info][gc,marking  ] GC(255) Concurrent Scan Root Regions 16.893ms
[150.926s][info][gc,marking  ] GC(255) Concurrent Mark
[150.926s][info][gc,marking  ] GC(255) Concurrent Mark From Roots
[150.926s][info][gc,task     ] GC(255) Using 1 workers of 1 for marking
[150.964s][info][gc,marking  ] GC(255) Concurrent Mark From Roots 37.684ms
[150.964s][info][gc,marking  ] GC(255) Concurrent Preclean
[150.964s][info][gc,marking  ] GC(255) Concurrent Preclean 0.032ms
[150.964s][info][gc,start    ] GC(255) Pause Remark
[150.977s][info][gc          ] GC(255) Pause Remark 189M->97M(290M) 13.311ms
[150.977s][info][gc,cpu      ] GC(255) User=0.03s Sys=0.00s Real=0.01s
[150.977s][info][gc,marking  ] GC(255) Concurrent Mark 51.283ms
[150.977s][info][gc,marking  ] GC(255) Concurrent Rebuild Remembered Sets and Scrub Regions
[150.992s][info][gc,marking  ] GC(255) Concurrent Rebuild Remembered Sets and Scrub Regions 14.764ms
[150.992s][info][gc,start    ] GC(255) Pause Cleanup
[150.992s][info][gc          ] GC(255) Pause Cleanup 100M->100M(290M) 0.041ms
[150.992s][info][gc,cpu      ] GC(255) User=0.00s Sys=0.00s Real=0.00s
[150.992s][info][gc,marking  ] GC(255) Concurrent Clear Claimed Marks
[150.992s][info][gc,marking  ] GC(255) Concurrent Clear Claimed Marks 0.035ms
[150.992s][info][gc,marking  ] GC(255) Concurrent Cleanup for Next Mark
[150.993s][info][gc,marking  ] GC(255) Concurrent Cleanup for Next Mark 0.824ms
[150.993s][info][gc          ] GC(255) Concurrent Mark Cycle 84.265ms
[151.727s][info][gc,start    ] GC(256) Pause Young (Prepare Mixed) (G1 Evacuation Pause)
[151.727s][info][gc,task     ] GC(256) Using 2 workers of 2 for evacuation
[151.746s][info][gc,phases   ] GC(256)   Pre Evacuate Collection Set: 0.19ms
[151.746s][info][gc,phases   ] GC(256)   Merge Heap Roots: 0.09ms
[151.746s][info][gc,phases   ] GC(256)   Evacuate Collection Set: 17.91ms
[151.746s][info][gc,phases   ] GC(256)   Post Evacuate Collection Set: 0.39ms
[151.746s][info][gc,phases   ] GC(256)   Other: 0.07ms
[151.746s][info][gc,heap     ] GC(256) Eden regions: 148->0(161)
[151.746s][info][gc,heap     ] GC(256) Survivor regions: 26->13(22)
[151.746s][info][gc,heap     ] GC(256) Old regions: 60->68
[151.746s][info][gc,heap     ] GC(256) Humongous regions: 1->1
[151.746s][info][gc,metaspace] GC(256) Metaspace: 41797K(42176K)->41797K(42176K) NonClass: 38984K(39232K)->38984K(39232K) Class: 2813K(2944K)->2813K(2944K)
[151.746s][info][gc          ] GC(256) Pause Young (Prepare Mixed) (G1 Evacuation Pause) 234M->81M(290M) 18.844ms
[151.746s][info][gc,cpu      ] GC(256) User=0.04s Sys=0.00s Real=0.02s
[152.630s][info][gc,start    ] GC(257) Pause Young (Mixed) (G1 Evacuation Pause)
[152.630s][info][gc,task     ] GC(257) Using 2 workers of 2 for evacuation
[152.638s][info][gc,phases   ] GC(257)   Pre Evacuate Collection Set: 0.23ms
[152.638s][info][gc,phases   ] GC(257)   Merge Heap Roots: 0.11ms
[152.638s][info][gc,phases   ] GC(257)   Evacuate Collection Set: 6.54ms
[152.638s][info][gc,phases   ] GC(257)   Post Evacuate Collection Set: 0.41ms
[152.638s][info][gc,phases   ] GC(257)   Other: 0.07ms
[152.638s][info][gc,heap     ] GC(257) Eden regions: 161->0(168)
[152.638s][info][gc,heap     ] GC(257) Survivor regions: 13->6(22)
[152.638s][info][gc,heap     ] GC(257) Old regions: 68->57
[152.638s][info][gc,heap     ] GC(257) Humongous regions: 2->2
[152.638s][info][gc,metaspace] GC(257) Metaspace: 41797K(42176K)->41797K(42176K) NonClass: 38984K(39232K)->38984K(39232K) Class: 2813K(2944K)->2813K(2944K)
[152.638s][info][gc          ] GC(257) Pause Young (Mixed) (G1 Evacuation Pause) 243M->64M(290M) 7.568ms
[152.638s][info][gc,cpu      ] GC(257) User=0.02s Sys=0.00s Real=0.01s
[153.449s][info][gc,start    ] GC(258) Pause Young (Concurrent Start) (G1 Humongous Allocation)
[153.449s][info][gc,task     ] GC(258) Using 2 workers of 2 for evacuation
[153.470s][info][gc,phases   ] GC(258)   Pre Evacuate Collection Set: 0.22ms
[153.470s][info][gc,phases   ] GC(258)   Merge Heap Roots: 0.09ms
[153.470s][info][gc,phases   ] GC(258)   Evacuate Collection Set: 20.18ms
[153.470s][info][gc,phases   ] GC(258)   Post Evacuate Collection Set: 0.46ms
[153.470s][info][gc,phases   ] GC(258)   Other: 0.14ms
[153.470s][info][gc,heap     ] GC(258) Eden regions: 164->0(152)
[153.470s][info][gc,heap     ] GC(258) Survivor regions: 6->22(22)
[153.470s][info][gc,heap     ] GC(258) Old regions: 57->58
[153.470s][info][gc,heap     ] GC(258) Humongous regions: 2->2
[153.470s][info][gc,metaspace] GC(258) Metaspace: 41802K(42240K)->41802K(42240K) NonClass: 38989K(39296K)->38989K(39296K) Class: 2813K(2944K)->2813K(2944K)
[153.470s][info][gc          ] GC(258) Pause Young (Concurrent Start) (G1 Humongous Allocation) 228M->80M(290M) 21.263ms
[153.470s][info][gc,cpu      ] GC(258) User=0.05s Sys=0.00s Real=0.02s
[153.472s][info][gc          ] GC(259) Concurrent Mark Cycle
[153.472s][info][gc,marking  ] GC(259) Concurrent Scan Root Regions
[153.491s][info][gc,marking  ] GC(259) Concurrent Scan Root Regions 18.607ms
[153.491s][info][gc,marking  ] GC(259) Concurrent Mark
[153.491s][info][gc,marking  ] GC(259) Concurrent Mark From Roots
[153.491s][info][gc,task     ] GC(259) Using 1 workers of 1 for marking
[153.536s][info][gc,marking  ] GC(259) Concurrent Mark From Roots 45.341ms
[153.536s][info][gc,marking  ] GC(259) Concurrent Preclean
[153.536s][info][gc,marking  ] GC(259) Concurrent Preclean 0.038ms
[153.536s][info][gc,start    ] GC(259) Pause Remark
[153.549s][info][gc          ] GC(259) Pause Remark 89M->84M(264M) 12.918ms
[153.549s][info][gc,cpu      ] GC(259) User=0.03s Sys=0.00s Real=0.01s
[153.549s][info][gc,marking  ] GC(259) Concurrent Mark 58.496ms
[153.549s][info][gc,marking  ] GC(259) Concurrent Rebuild Remembered Sets and Scrub Regions
[153.565s][info][gc,marking  ] GC(259) Concurrent Rebuild Remembered Sets and Scrub Regions 16.105ms
[153.565s][info][gc,start    ] GC(259) Pause Cleanup
[153.565s][info][gc          ] GC(259) Pause Cleanup 84M->84M(264M) 0.058ms
[153.566s][info][gc,cpu      ] GC(259) User=0.00s Sys=0.00s Real=0.00s
[153.566s][info][gc,marking  ] GC(259) Concurrent Clear Claimed Marks
[153.566s][info][gc,marking  ] GC(259) Concurrent Clear Claimed Marks 0.039ms
[153.566s][info][gc,marking  ] GC(259) Concurrent Cleanup for Next Mark
[153.566s][info][gc,marking  ] GC(259) Concurrent Cleanup for Next Mark 0.774ms
[153.566s][info][gc          ] GC(259) Concurrent Mark Cycle 94.308ms
[154.131s][info][gc,start    ] GC(260) Pause Young (Prepare Mixed) (G1 Evacuation Pause)
[154.131s][info][gc,task     ] GC(260) Using 2 workers of 2 for evacuation
[154.146s][info][gc,phases   ] GC(260)   Pre Evacuate Collection Set: 0.18ms
[154.146s][info][gc,phases   ] GC(260)   Merge Heap Roots: 0.12ms
[154.146s][info][gc,phases   ] GC(260)   Evacuate Collection Set: 14.38ms
[154.146s][info][gc,phases   ] GC(260)   Post Evacuate Collection Set: 0.45ms
[154.146s][info][gc,phases   ] GC(260)   Other: 0.07ms
[154.146s][info][gc,heap     ] GC(260) Eden regions: 136->0(156)
[154.146s][info][gc,heap     ] GC(260) Survivor regions: 22->2(20)
[154.146s][info][gc,heap     ] GC(260) Old regions: 53->62
[154.146s][info][gc,heap     ] GC(260) Humongous regions: 16->3
[154.146s][info][gc,metaspace] GC(260) Metaspace: 41813K(42240K)->41813K(42240K) NonClass: 39000K(39296K)->39000K(39296K) Class: 2813K(2944K)->2813K(2944K)
[154.146s][info][gc          ] GC(260) Pause Young (Prepare Mixed) (G1 Evacuation Pause) 225M->64M(264M) 15.375ms
[154.146s][info][gc,cpu      ] GC(260) User=0.02s Sys=0.00s Real=0.02s
[154.745s][info][gc,start    ] GC(261) Pause Young (Mixed) (G1 Evacuation Pause)
[154.745s][info][gc,task     ] GC(261) Using 2 workers of 2 for evacuation
[154.763s][info][gc,phases   ] GC(261)   Pre Evacuate Collection Set: 0.19ms
[154.763s][info][gc,phases   ] GC(261)   Merge Heap Roots: 0.11ms
[154.763s][info][gc,phases   ] GC(261)   Evacuate Collection Set: 16.90ms
[154.763s][info][gc,phases   ] GC(261)   Post Evacuate Collection Set: 0.66ms
[154.763s][info][gc,phases   ] GC(261)   Other: 0.07ms
[154.763s][info][gc,heap     ] GC(261) Eden regions: 156->0(144)
[154.763s][info][gc,heap     ] GC(261) Survivor regions: 2->14(20)
[154.763s][info][gc,heap     ] GC(261) Old regions: 62->48
[154.763s][info][gc,heap     ] GC(261) Humongous regions: 10->3
[154.763s][info][gc,metaspace] GC(261) Metaspace: 41816K(42240K)->41816K(42240K) NonClass: 39003K(39296K)->39003K(39296K) Class: 2813K(2944K)->2813K(2944K)
[154.763s][info][gc          ] GC(261) Pause Young (Mixed) (G1 Evacuation Pause) 227M->63M(264M) 18.130ms
[154.763s][info][gc,cpu      ] GC(261) User=0.03s Sys=0.00s Real=0.02s
[154.781s][info][gc,start    ] GC(262) Pause Young (Concurrent Start) (G1 Humongous Allocation)
[154.782s][info][gc,task     ] GC(262) Using 2 workers of 2 for evacuation
[154.793s][info][gc,phases   ] GC(262)   Pre Evacuate Collection Set: 0.17ms
[154.793s][info][gc,phases   ] GC(262)   Merge Heap Roots: 0.04ms
[154.793s][info][gc,phases   ] GC(262)   Evacuate Collection Set: 11.24ms
[154.793s][info][gc,phases   ] GC(262)   Post Evacuate Collection Set: 0.29ms
[154.793s][info][gc,phases   ] GC(262)   Other: 0.07ms
[154.793s][info][gc,heap     ] GC(262) Eden regions: 5->0(139)
[154.793s][info][gc,heap     ] GC(262) Survivor regions: 14->2(20)
[154.793s][info][gc,heap     ] GC(262) Old regions: 48->62
[154.793s][info][gc,heap     ] GC(262) Humongous regions: 3->3
[154.793s][info][gc,metaspace] GC(262) Metaspace: 41816K(42240K)->41816K(42240K) NonClass: 39003K(39296K)->39003K(39296K) Class: 2813K(2944K)->2813K(2944K)
[154.793s][info][gc          ] GC(262) Pause Young (Concurrent Start) (G1 Humongous Allocation) 68M->64M(264M) 11.968ms
[154.793s][info][gc,cpu      ] GC(262) User=0.03s Sys=0.00s Real=0.01s
[154.793s][info][gc          ] GC(263) Concurrent Mark Cycle
[154.794s][info][gc,marking  ] GC(263) Concurrent Scan Root Regions
[154.803s][info][gc,marking  ] GC(263) Concurrent Scan Root Regions 8.474ms
[154.803s][info][gc,marking  ] GC(263) Concurrent Mark
[154.803s][info][gc,marking  ] GC(263) Concurrent Mark From Roots
[154.803s][info][gc,task     ] GC(263) Using 1 workers of 1 for marking
[154.854s][info][gc,marking  ] GC(263) Concurrent Mark From Roots 51.731ms
[154.854s][info][gc,marking  ] GC(263) Concurrent Preclean
[154.854s][info][gc,marking  ] GC(263) Concurrent Preclean 0.035ms
[154.854s][info][gc,start    ] GC(263) Pause Remark
[154.868s][info][gc          ] GC(263) Pause Remark 77M->76M(256M) 13.592ms
[154.868s][info][gc,cpu      ] GC(263) User=0.02s Sys=0.00s Real=0.01s
[154.868s][info][gc,marking  ] GC(263) Concurrent Mark 65.539ms
[154.868s][info][gc,marking  ] GC(263) Concurrent Rebuild Remembered Sets and Scrub Regions
[154.894s][info][gc,marking  ] GC(263) Concurrent Rebuild Remembered Sets and Scrub Regions 26.280ms
[154.895s][info][gc,start    ] GC(263) Pause Cleanup
[154.895s][info][gc          ] GC(263) Pause Cleanup 82M->82M(256M) 0.044ms
[154.895s][info][gc,cpu      ] GC(263) User=0.00s Sys=0.00s Real=0.00s
[154.895s][info][gc,marking  ] GC(263) Concurrent Clear Claimed Marks
[154.895s][info][gc,marking  ] GC(263) Concurrent Clear Claimed Marks 0.035ms
[154.895s][info][gc,marking  ] GC(263) Concurrent Cleanup for Next Mark
[154.896s][info][gc,marking  ] GC(263) Concurrent Cleanup for Next Mark 0.898ms
[154.896s][info][gc          ] GC(263) Concurrent Mark Cycle 102.174ms
[155.394s][info][gc,start    ] GC(264) Pause Young (Prepare Mixed) (G1 Evacuation Pause)
[155.394s][info][gc,task     ] GC(264) Using 2 workers of 2 for evacuation
[155.408s][info][gc,phases   ] GC(264)   Pre Evacuate Collection Set: 0.22ms
[155.408s][info][gc,phases   ] GC(264)   Merge Heap Roots: 0.09ms
[155.408s][info][gc,phases   ] GC(264)   Evacuate Collection Set: 13.69ms
[155.408s][info][gc,phases   ] GC(264)   Post Evacuate Collection Set: 0.42ms
[155.408s][info][gc,phases   ] GC(264)   Other: 0.07ms
[155.408s][info][gc,heap     ] GC(264) Eden regions: 139->0(128)
[155.408s][info][gc,heap     ] GC(264) Survivor regions: 2->15(18)
[155.408s][info][gc,heap     ] GC(264) Old regions: 60->60
[155.408s][info][gc,heap     ] GC(264) Humongous regions: 10->3
[155.408s][info][gc,metaspace] GC(264) Metaspace: 41822K(42240K)->41822K(42240K) NonClass: 39008K(39296K)->39008K(39296K) Class: 2813K(2944K)->2813K(2944K)
[155.408s][info][gc          ] GC(264) Pause Young (Prepare Mixed) (G1 Evacuation Pause) 209M->77M(256M) 14.663ms
[155.408s][info][gc,cpu      ] GC(264) User=0.03s Sys=0.00s Real=0.01s
[155.878s][info][gc,start    ] GC(265) Pause Young (Mixed) (G1 Evacuation Pause)
[155.878s][info][gc,task     ] GC(265) Using 2 workers of 2 for evacuation
[155.906s][info][gc,phases   ] GC(265)   Pre Evacuate Collection Set: 0.16ms
[155.906s][info][gc,phases   ] GC(265)   Merge Heap Roots: 0.11ms
[155.906s][info][gc,phases   ] GC(265)   Evacuate Collection Set: 26.75ms
[155.906s][info][gc,phases   ] GC(265)   Post Evacuate Collection Set: 0.45ms
[155.906s][info][gc,phases   ] GC(265)   Other: 0.10ms
[155.906s][info][gc,heap     ] GC(265) Eden regions: 128->0(120)
[155.906s][info][gc,heap     ] GC(265) Survivor regions: 15->18(18)
[155.906s][info][gc,heap     ] GC(265) Old regions: 60->63
[155.906s][info][gc,heap     ] GC(265) Humongous regions: 7->3
[155.906s][info][gc,metaspace] GC(265) Metaspace: 41826K(42240K)->41826K(42240K) NonClass: 39013K(39296K)->39013K(39296K) Class: 2813K(2944K)->2813K(2944K)
[155.906s][info][gc          ] GC(265) Pause Young (Mixed) (G1 Evacuation Pause) 209M->83M(256M) 27.792ms
[155.906s][info][gc,cpu      ] GC(265) User=0.06s Sys=0.00s Real=0.03s
[156.246s][info][gc,start    ] GC(266) Pause Young (Concurrent Start) (G1 Humongous Allocation)
[156.246s][info][gc,task     ] GC(266) Using 2 workers of 2 for evacuation
[156.286s][info][gc,phases   ] GC(266)   Pre Evacuate Collection Set: 0.18ms
[156.286s][info][gc,phases   ] GC(266)   Merge Heap Roots: 0.10ms
[156.286s][info][gc,phases   ] GC(266)   Evacuate Collection Set: 39.27ms
[156.286s][info][gc,phases   ] GC(266)   Post Evacuate Collection Set: 0.49ms
[156.286s][info][gc,phases   ] GC(266)   Other: 0.12ms
[156.286s][info][gc,heap     ] GC(266) Eden regions: 81->0(123)
[156.286s][info][gc,heap     ] GC(266) Survivor regions: 18->9(18)
[156.286s][info][gc,heap     ] GC(266) Old regions: 63->73
[156.286s][info][gc,heap     ] GC(266) Humongous regions: 3->1
[156.286s][info][gc,metaspace] GC(266) Metaspace: 41826K(42240K)->41826K(42240K) NonClass: 39013K(39296K)->39013K(39296K) Class: 2813K(2944K)->2813K(2944K)
[156.286s][info][gc          ] GC(266) Pause Young (Concurrent Start) (G1 Humongous Allocation) 163M->81M(256M) 40.375ms
[156.286s][info][gc,cpu      ] GC(266) User=0.05s Sys=0.00s Real=0.04s
[156.286s][info][gc          ] GC(267) Concurrent Mark Cycle
[156.286s][info][gc,marking  ] GC(267) Concurrent Scan Root Regions
[156.300s][info][gc,marking  ] GC(267) Concurrent Scan Root Regions 13.741ms
[156.300s][info][gc,marking  ] GC(267) Concurrent Mark
[156.300s][info][gc,marking  ] GC(267) Concurrent Mark From Roots
[156.300s][info][gc,task     ] GC(267) Using 1 workers of 1 for marking
[156.356s][info][gc,marking  ] GC(267) Concurrent Mark From Roots 56.386ms
[156.357s][info][gc,marking  ] GC(267) Concurrent Preclean
[156.357s][info][gc,marking  ] GC(267) Concurrent Preclean 0.032ms
[156.357s][info][gc,start    ] GC(267) Pause Remark
[156.372s][info][gc          ] GC(267) Pause Remark 103M->95M(256M) 15.344ms
[156.372s][info][gc,cpu      ] GC(267) User=0.03s Sys=0.00s Real=0.02s
[156.372s][info][gc,marking  ] GC(267) Concurrent Mark 72.021ms
[156.372s][info][gc,marking  ] GC(267) Concurrent Rebuild Remembered Sets and Scrub Regions
[156.420s][info][gc,marking  ] GC(267) Concurrent Rebuild Remembered Sets and Scrub Regions 47.517ms
[156.420s][info][gc,start    ] GC(267) Pause Cleanup
[156.420s][info][gc          ] GC(267) Pause Cleanup 109M->109M(256M) 0.052ms
[156.420s][info][gc,cpu      ] GC(267) User=0.00s Sys=0.00s Real=0.00s
[156.422s][info][gc,marking  ] GC(267) Concurrent Clear Claimed Marks
[156.422s][info][gc,marking  ] GC(267) Concurrent Clear Claimed Marks 0.060ms
[156.422s][info][gc,marking  ] GC(267) Concurrent Cleanup for Next Mark
[156.423s][info][gc,marking  ] GC(267) Concurrent Cleanup for Next Mark 0.774ms
[156.423s][info][gc          ] GC(267) Concurrent Mark Cycle 136.748ms
[156.727s][info][gc,start    ] GC(268) Pause Young (Prepare Mixed) (G1 Evacuation Pause)
[156.728s][info][gc,task     ] GC(268) Using 2 workers of 2 for evacuation
[156.740s][info][gc,phases   ] GC(268)   Pre Evacuate Collection Set: 0.16ms
[156.740s][info][gc,phases   ] GC(268)   Merge Heap Roots: 0.13ms
[156.740s][info][gc,phases   ] GC(268)   Evacuate Collection Set: 11.66ms
[156.740s][info][gc,phases   ] GC(268)   Post Evacuate Collection Set: 0.40ms
[156.740s][info][gc,phases   ] GC(268)   Other: 0.08ms
[156.740s][info][gc,heap     ] GC(268) Eden regions: 123->0(131)
[156.740s][info][gc,heap     ] GC(268) Survivor regions: 9->13(17)
[156.740s][info][gc,heap     ] GC(268) Old regions: 65->65
[156.740s][info][gc,heap     ] GC(268) Humongous regions: 15->3
[156.740s][info][gc,metaspace] GC(268) Metaspace: 41826K(42240K)->41826K(42240K) NonClass: 39013K(39296K)->39013K(39296K) Class: 2813K(2944K)->2813K(2944K)
[156.740s][info][gc          ] GC(268) Pause Young (Prepare Mixed) (G1 Evacuation Pause) 210M->80M(256M) 12.628ms
[156.740s][info][gc,cpu      ] GC(268) User=0.02s Sys=0.00s Real=0.01s
[157.220s][info][gc,start    ] GC(269) Pause Young (Mixed) (G1 Evacuation Pause)
[157.220s][info][gc,task     ] GC(269) Using 2 workers of 2 for evacuation
[157.245s][info][gc,phases   ] GC(269)   Pre Evacuate Collection Set: 2.39ms
[157.245s][info][gc,phases   ] GC(269)   Merge Heap Roots: 0.28ms
[157.245s][info][gc,phases   ] GC(269)   Evacuate Collection Set: 21.99ms
[157.245s][info][gc,phases   ] GC(269)   Post Evacuate Collection Set: 0.43ms
[157.245s][info][gc,phases   ] GC(269)   Other: 0.09ms
[157.245s][info][gc,heap     ] GC(269) Eden regions: 131->0(138)
[157.245s][info][gc,heap     ] GC(269) Survivor regions: 13->9(18)
[157.245s][info][gc,heap     ] GC(269) Old regions: 65->64
[157.245s][info][gc,heap     ] GC(269) Humongous regions: 13->3
[157.245s][info][gc,metaspace] GC(269) Metaspace: 41826K(42240K)->41826K(42240K) NonClass: 39013K(39296K)->39013K(39296K) Class: 2813K(2944K)->2813K(2944K)
[157.245s][info][gc          ] GC(269) Pause Young (Mixed) (G1 Evacuation Pause) 221M->74M(256M) 25.367ms
[157.245s][info][gc,cpu      ] GC(269) User=0.05s Sys=0.00s Real=0.03s
[157.403s][info][gc,start    ] GC(270) Pause Young (Concurrent Start) (G1 Humongous Allocation)
[157.403s][info][gc,task     ] GC(270) Using 2 workers of 2 for evacuation
[157.406s][info][gc,phases   ] GC(270)   Pre Evacuate Collection Set: 0.17ms
[157.406s][info][gc,phases   ] GC(270)   Merge Heap Roots: 0.04ms
[157.406s][info][gc,phases   ] GC(270)   Evacuate Collection Set: 1.85ms
[157.406s][info][gc,phases   ] GC(270)   Post Evacuate Collection Set: 0.28ms
[157.406s][info][gc,phases   ] GC(270)   Other: 0.10ms
[157.406s][info][gc,heap     ] GC(270) Eden regions: 39->0(148)
[157.406s][info][gc,heap     ] GC(270) Survivor regions: 9->2(19)
[157.406s][info][gc,heap     ] GC(270) Old regions: 64->64
[157.406s][info][gc,heap     ] GC(270) Humongous regions: 3->1
[157.406s][info][gc,metaspace] GC(270) Metaspace: 41826K(42240K)->41826K(42240K) NonClass: 39013K(39296K)->39013K(39296K) Class: 2813K(2944K)->2813K(2944K)
[157.406s][info][gc          ] GC(270) Pause Young (Concurrent Start) (G1 Humongous Allocation) 113M->66M(256M) 2.627ms
[157.406s][info][gc,cpu      ] GC(270) User=0.01s Sys=0.00s Real=0.00s
[157.406s][info][gc          ] GC(271) Concurrent Mark Cycle
[157.406s][info][gc,marking  ] GC(271) Concurrent Scan Root Regions
[157.408s][info][gc,marking  ] GC(271) Concurrent Scan Root Regions 2.155ms
[157.408s][info][gc,marking  ] GC(271) Concurrent Mark
[157.408s][info][gc,marking  ] GC(271) Concurrent Mark From Roots
[157.408s][info][gc,task     ] GC(271) Using 1 workers of 1 for marking
[157.455s][info][gc,marking  ] GC(271) Concurrent Mark From Roots 46.645ms
[157.455s][info][gc,marking  ] GC(271) Concurrent Preclean
[157.455s][info][gc,marking  ] GC(271) Concurrent Preclean 0.032ms
[157.455s][info][gc,start    ] GC(271) Pause Remark
[157.468s][info][gc          ] GC(271) Pause Remark 77M->76M(256M) 13.006ms
[157.468s][info][gc,cpu      ] GC(271) User=0.02s Sys=0.00s Real=0.01s
[157.468s][info][gc,marking  ] GC(271) Concurrent Mark 59.934ms
[157.468s][info][gc,marking  ] GC(271) Concurrent Rebuild Remembered Sets and Scrub Regions
[157.488s][info][gc,marking  ] GC(271) Concurrent Rebuild Remembered Sets and Scrub Regions 20.186ms
[157.488s][info][gc,start    ] GC(271) Pause Cleanup
[157.488s][info][gc          ] GC(271) Pause Cleanup 80M->80M(256M) 0.046ms
[157.488s][info][gc,cpu      ] GC(271) User=0.00s Sys=0.00s Real=0.00s
[157.488s][info][gc,marking  ] GC(271) Concurrent Clear Claimed Marks
[157.488s][info][gc,marking  ] GC(271) Concurrent Clear Claimed Marks 0.033ms
[157.488s][info][gc,marking  ] GC(271) Concurrent Cleanup for Next Mark
[157.489s][info][gc,marking  ] GC(271) Concurrent Cleanup for Next Mark 0.722ms
[157.489s][info][gc          ] GC(271) Concurrent Mark Cycle 83.260ms
[158.001s][info][gc,start    ] GC(272) Pause Young (Prepare Mixed) (G1 Evacuation Pause)
[158.002s][info][gc,task     ] GC(272) Using 2 workers of 2 for evacuation
[158.008s][info][gc,phases   ] GC(272)   Pre Evacuate Collection Set: 0.15ms
[158.008s][info][gc,phases   ] GC(272)   Merge Heap Roots: 0.06ms
[158.008s][info][gc,phases   ] GC(272)   Evacuate Collection Set: 6.12ms
[158.008s][info][gc,phases   ] GC(272)   Post Evacuate Collection Set: 0.41ms
[158.008s][info][gc,phases   ] GC(272)   Other: 0.07ms
[158.008s][info][gc,heap     ] GC(272) Eden regions: 148->0(144)
[158.008s][info][gc,heap     ] GC(272) Survivor regions: 2->9(19)
[158.008s][info][gc,heap     ] GC(272) Old regions: 63->63
[158.008s][info][gc,heap     ] GC(272) Humongous regions: 15->3
[158.008s][info][gc,metaspace] GC(272) Metaspace: 41826K(42240K)->41826K(42240K) NonClass: 39013K(39296K)->39013K(39296K) Class: 2813K(2944K)->2813K(2944K)
[158.008s][info][gc          ] GC(272) Pause Young (Prepare Mixed) (G1 Evacuation Pause) 227M->74M(256M) 6.979ms
[158.008s][info][gc,cpu      ] GC(272) User=0.02s Sys=0.00s Real=0.00s
[158.500s][info][gc,start    ] GC(273) Pause Young (Mixed) (G1 Evacuation Pause)
[158.500s][info][gc,task     ] GC(273) Using 2 workers of 2 for evacuation
[158.525s][info][gc,phases   ] GC(273)   Pre Evacuate Collection Set: 0.16ms
[158.525s][info][gc,phases   ] GC(273)   Merge Heap Roots: 0.09ms
[158.525s][info][gc,phases   ] GC(273)   Evacuate Collection Set: 24.31ms
[158.525s][info][gc,phases   ] GC(273)   Post Evacuate Collection Set: 0.46ms
[158.525s][info][gc,phases   ] GC(273)   Other: 0.08ms
[158.525s][info][gc,heap     ] GC(273) Eden regions: 144->0(133)
[158.525s][info][gc,heap     ] GC(273) Survivor regions: 9->20(20)
[158.525s][info][gc,heap     ] GC(273) Old regions: 63->51
[158.525s][info][gc,heap     ] GC(273) Humongous regions: 3->3
[158.525s][info][gc,metaspace] GC(273) Metaspace: 41827K(42240K)->41827K(42240K) NonClass: 39014K(39296K)->39014K(39296K) Class: 2813K(2944K)->2813K(2944K)
[158.525s][info][gc          ] GC(273) Pause Young (Mixed) (G1 Evacuation Pause) 218M->73M(256M) 25.265ms
[158.525s][info][gc,cpu      ] GC(273) User=0.05s Sys=0.00s Real=0.03s
[159.083s][info][gc,start    ] GC(274) Pause Young (Concurrent Start) (G1 Evacuation Pause)
[159.083s][info][gc,task     ] GC(274) Using 2 workers of 2 for evacuation
[159.118s][info][gc,phases   ] GC(274)   Pre Evacuate Collection Set: 0.18ms
[159.118s][info][gc,phases   ] GC(274)   Merge Heap Roots: 0.14ms
[159.118s][info][gc,phases   ] GC(274)   Evacuate Collection Set: 34.45ms
[159.118s][info][gc,phases   ] GC(274)   Post Evacuate Collection Set: 0.44ms
[159.118s][info][gc,phases   ] GC(274)   Other: 0.08ms
[159.118s][info][gc,heap     ] GC(274) Eden regions: 133->0(121)
[159.118s][info][gc,heap     ] GC(274) Survivor regions: 20->20(20)
[159.118s][info][gc,heap     ] GC(274) Old regions: 51->65
[159.118s][info][gc,heap     ] GC(274) Humongous regions: 3->3
[159.118s][info][gc,metaspace] GC(274) Metaspace: 41827K(42240K)->41827K(42240K) NonClass: 39014K(39296K)->39014K(39296K) Class: 2813K(2944K)->2813K(2944K)
[159.118s][info][gc          ] GC(274) Pause Young (Concurrent Start) (G1 Evacuation Pause) 206M->88M(256M) 35.496ms
[159.118s][info][gc,cpu      ] GC(274) User=0.07s Sys=0.00s Real=0.03s
[159.118s][info][gc          ] GC(275) Concurrent Mark Cycle
[159.118s][info][gc,marking  ] GC(275) Concurrent Scan Root Regions
[159.149s][info][gc,marking  ] GC(275) Concurrent Scan Root Regions 30.806ms
[159.149s][info][gc,marking  ] GC(275) Concurrent Mark
[159.149s][info][gc,marking  ] GC(275) Concurrent Mark From Roots
[159.149s][info][gc,task     ] GC(275) Using 1 workers of 1 for marking
[159.219s][info][gc,marking  ] GC(275) Concurrent Mark From Roots 69.992ms
[159.219s][info][gc,marking  ] GC(275) Concurrent Preclean
[159.219s][info][gc,marking  ] GC(275) Concurrent Preclean 0.031ms
[159.219s][info][gc,start    ] GC(275) Pause Remark
[159.232s][info][gc          ] GC(275) Pause Remark 110M->110M(256M) 13.128ms
[159.233s][info][gc,cpu      ] GC(275) User=0.02s Sys=0.00s Real=0.02s
[159.233s][info][gc,marking  ] GC(275) Concurrent Mark 83.392ms
[159.233s][info][gc,marking  ] GC(275) Concurrent Rebuild Remembered Sets and Scrub Regions
[159.268s][info][gc,marking  ] GC(275) Concurrent Rebuild Remembered Sets and Scrub Regions 35.646ms
[159.268s][info][gc,start    ] GC(275) Pause Cleanup
[159.268s][info][gc          ] GC(275) Pause Cleanup 119M->119M(256M) 0.044ms
[159.268s][info][gc,cpu      ] GC(275) User=0.00s Sys=0.00s Real=0.00s
[159.268s][info][gc,marking  ] GC(275) Concurrent Clear Claimed Marks
[159.268s][info][gc,marking  ] GC(275) Concurrent Clear Claimed Marks 0.035ms
[159.268s][info][gc,marking  ] GC(275) Concurrent Cleanup for Next Mark
[159.269s][info][gc,marking  ] GC(275) Concurrent Cleanup for Next Mark 0.740ms
[159.269s][info][gc          ] GC(275) Concurrent Mark Cycle 150.926ms
[159.557s][info][gc,start    ] GC(276) Pause Young (Prepare Mixed) (G1 Evacuation Pause)
[159.557s][info][gc,task     ] GC(276) Using 2 workers of 2 for evacuation
[159.590s][info][gc,phases   ] GC(276)   Pre Evacuate Collection Set: 0.17ms
[159.590s][info][gc,phases   ] GC(276)   Merge Heap Roots: 0.20ms
[159.590s][info][gc,phases   ] GC(276)   Evacuate Collection Set: 32.60ms
[159.590s][info][gc,phases   ] GC(276)   Post Evacuate Collection Set: 0.45ms
[159.590s][info][gc,phases   ] GC(276)   Other: 0.08ms
[159.590s][info][gc,heap     ] GC(276) Eden regions: 121->0(110)
[159.590s][info][gc,heap     ] GC(276) Survivor regions: 20->14(18)
[159.590s][info][gc,heap     ] GC(276) Old regions: 65->86
[159.590s][info][gc,heap     ] GC(276) Humongous regions: 7->3
[159.590s][info][gc,metaspace] GC(276) Metaspace: 41827K(42240K)->41827K(42240K) NonClass: 39014K(39296K)->39014K(39296K) Class: 2813K(2944K)->2813K(2944K)
[159.590s][info][gc          ] GC(276) Pause Young (Prepare Mixed) (G1 Evacuation Pause) 213M->102M(256M) 33.669ms
[159.590s][info][gc,cpu      ] GC(276) User=0.07s Sys=0.00s Real=0.03s
[160.280s][info][gc,start    ] GC(277) Pause Young (Mixed) (G1 Evacuation Pause)
[160.280s][info][gc,task     ] GC(277) Using 2 workers of 2 for evacuation
[160.300s][info][gc,phases   ] GC(277)   Pre Evacuate Collection Set: 0.17ms
[160.300s][info][gc,phases   ] GC(277)   Merge Heap Roots: 0.22ms
[160.300s][info][gc,phases   ] GC(277)   Evacuate Collection Set: 18.63ms
[160.300s][info][gc,phases   ] GC(277)   Post Evacuate Collection Set: 0.81ms
[160.300s][info][gc,phases   ] GC(277)   Other: 0.07ms
[160.300s][info][gc,heap     ] GC(277) Eden regions: 110->0(155)
[160.300s][info][gc,heap     ] GC(277) Survivor regions: 14->4(16)
[160.300s][info][gc,heap     ] GC(277) Old regions: 86->89
[160.300s][info][gc,heap     ] GC(277) Humongous regions: 9->3
[160.300s][info][gc,metaspace] GC(277) Metaspace: 41827K(42240K)->41827K(42240K) NonClass: 39014K(39296K)->39014K(39296K) Class: 2813K(2944K)->2813K(2944K)
[160.300s][info][gc          ] GC(277) Pause Young (Mixed) (G1 Evacuation Pause) 218M->95M(302M) 20.075ms
[160.300s][info][gc,cpu      ] GC(277) User=0.04s Sys=0.00s Real=0.02s
[160.322s][info][gc,start    ] GC(278) Pause Young (Concurrent Start) (G1 Humongous Allocation)
[160.322s][info][gc,task     ] GC(278) Using 2 workers of 2 for evacuation
[160.324s][info][gc,phases   ] GC(278)   Pre Evacuate Collection Set: 0.16ms
[160.324s][info][gc,phases   ] GC(278)   Merge Heap Roots: 0.03ms
[160.324s][info][gc,phases   ] GC(278)   Evacuate Collection Set: 1.54ms
[160.324s][info][gc,phases   ] GC(278)   Post Evacuate Collection Set: 0.26ms
[160.324s][info][gc,phases   ] GC(278)   Other: 0.06ms
[160.324s][info][gc,heap     ] GC(278) Eden regions: 8->0(160)
[160.324s][info][gc,heap     ] GC(278) Survivor regions: 4->2(20)
[160.324s][info][gc,heap     ] GC(278) Old regions: 89->89
[160.324s][info][gc,heap     ] GC(278) Humongous regions: 3->1
[160.324s][info][gc,metaspace] GC(278) Metaspace: 41827K(42240K)->41827K(42240K) NonClass: 39014K(39296K)->39014K(39296K) Class: 2813K(2944K)->2813K(2944K)
[160.324s][info][gc          ] GC(278) Pause Young (Concurrent Start) (G1 Humongous Allocation) 103M->91M(302M) 2.194ms
[160.324s][info][gc,cpu      ] GC(278) User=0.00s Sys=0.00s Real=0.00s
[160.324s][info][gc          ] GC(279) Concurrent Mark Cycle
[160.324s][info][gc,marking  ] GC(279) Concurrent Scan Root Regions
[160.326s][info][gc,marking  ] GC(279) Concurrent Scan Root Regions 1.212ms
[160.326s][info][gc,marking  ] GC(279) Concurrent Mark
[160.326s][info][gc,marking  ] GC(279) Concurrent Mark From Roots
[160.326s][info][gc,task     ] GC(279) Using 1 workers of 1 for marking
[160.393s][info][gc,marking  ] GC(279) Concurrent Mark From Roots 67.612ms
[160.393s][info][gc,marking  ] GC(279) Concurrent Preclean
[160.393s][info][gc,marking  ] GC(279) Concurrent Preclean 0.033ms
[160.394s][info][gc,start    ] GC(279) Pause Remark
[160.407s][info][gc          ] GC(279) Pause Remark 110M->98M(274M) 13.473ms
[160.407s][info][gc,cpu      ] GC(279) User=0.02s Sys=0.00s Real=0.01s
[160.407s][info][gc,marking  ] GC(279) Concurrent Mark 81.435ms
[160.407s][info][gc,marking  ] GC(279) Concurrent Rebuild Remembered Sets and Scrub Regions
[160.439s][info][gc,marking  ] GC(279) Concurrent Rebuild Remembered Sets and Scrub Regions 31.836ms
[160.439s][info][gc,start    ] GC(279) Pause Cleanup
[160.439s][info][gc          ] GC(279) Pause Cleanup 106M->106M(274M) 0.063ms
[160.439s][info][gc,cpu      ] GC(279) User=0.00s Sys=0.00s Real=0.00s
[160.439s][info][gc,marking  ] GC(279) Concurrent Clear Claimed Marks
[160.439s][info][gc,marking  ] GC(279) Concurrent Clear Claimed Marks 0.047ms
[160.439s][info][gc,marking  ] GC(279) Concurrent Cleanup for Next Mark
[160.441s][info][gc,marking  ] GC(279) Concurrent Cleanup for Next Mark 1.626ms
[160.441s][info][gc          ] GC(279) Concurrent Mark Cycle 116.668ms
[160.915s][info][gc,start    ] GC(280) Pause Young (Prepare Mixed) (G1 Evacuation Pause)
[160.915s][info][gc,task     ] GC(280) Using 2 workers of 2 for evacuation
[160.930s][info][gc,phases   ] GC(280)   Pre Evacuate Collection Set: 0.20ms
[160.930s][info][gc,phases   ] GC(280)   Merge Heap Roots: 0.06ms
[160.930s][info][gc,phases   ] GC(280)   Evacuate Collection Set: 14.23ms
[160.930s][info][gc,phases   ] GC(280)   Post Evacuate Collection Set: 0.55ms
[160.930s][info][gc,phases   ] GC(280)   Other: 0.07ms
[160.930s][info][gc,heap     ] GC(280) Eden regions: 160->0(139)
[160.930s][info][gc,heap     ] GC(280) Survivor regions: 2->12(21)
[160.930s][info][gc,heap     ] GC(280) Old regions: 77->77
[160.930s][info][gc,heap     ] GC(280) Humongous regions: 7->3
[160.930s][info][gc,metaspace] GC(280) Metaspace: 41827K(42240K)->41827K(42240K) NonClass: 39014K(39296K)->39014K(39296K) Class: 2813K(2944K)->2813K(2944K)
[160.931s][info][gc          ] GC(280) Pause Young (Prepare Mixed) (G1 Evacuation Pause) 245M->91M(274M) 15.316ms
[160.931s][info][gc,cpu      ] GC(280) User=0.03s Sys=0.00s Real=0.01s
[161.467s][info][gc,start    ] GC(281) Pause Young (Mixed) (G1 Evacuation Pause)
[161.467s][info][gc,task     ] GC(281) Using 2 workers of 2 for evacuation
[161.476s][info][gc,phases   ] GC(281)   Pre Evacuate Collection Set: 0.20ms
[161.476s][info][gc,phases   ] GC(281)   Merge Heap Roots: 0.10ms
[161.476s][info][gc,phases   ] GC(281)   Evacuate Collection Set: 8.10ms
[161.476s][info][gc,phases   ] GC(281)   Post Evacuate Collection Set: 0.46ms
[161.476s][info][gc,phases   ] GC(281)   Other: 0.10ms
[161.476s][info][gc,heap     ] GC(281) Eden regions: 139->0(159)
[161.476s][info][gc,heap     ] GC(281) Survivor regions: 12->5(19)
[161.476s][info][gc,heap     ] GC(281) Old regions: 77->52
[161.476s][info][gc,heap     ] GC(281) Humongous regions: 7->3
[161.476s][info][gc,metaspace] GC(281) Metaspace: 41827K(42240K)->41827K(42240K) NonClass: 39014K(39296K)->39014K(39296K) Class: 2813K(2944K)->2813K(2944K)
[161.476s][info][gc          ] GC(281) Pause Young (Mixed) (G1 Evacuation Pause) 234M->59M(274M) 9.118ms
[161.476s][info][gc,cpu      ] GC(281) User=0.01s Sys=0.00s Real=0.01s
[161.490s][info][gc,start    ] GC(282) Pause Young (Concurrent Start) (G1 Humongous Allocation)
[161.490s][info][gc,task     ] GC(282) Using 2 workers of 2 for evacuation
[161.492s][info][gc,phases   ] GC(282)   Pre Evacuate Collection Set: 0.15ms
[161.492s][info][gc,phases   ] GC(282)   Merge Heap Roots: 0.03ms
[161.492s][info][gc,phases   ] GC(282)   Evacuate Collection Set: 1.27ms
[161.492s][info][gc,phases   ] GC(282)   Post Evacuate Collection Set: 0.25ms
[161.492s][info][gc,phases   ] GC(282)   Other: 0.09ms
[161.492s][info][gc,heap     ] GC(282) Eden regions: 4->0(162)
[161.492s][info][gc,heap     ] GC(282) Survivor regions: 5->2(21)
[161.492s][info][gc,heap     ] GC(282) Old regions: 52->52
[161.492s][info][gc,heap     ] GC(282) Humongous regions: 3->1
[161.492s][info][gc,metaspace] GC(282) Metaspace: 41827K(42240K)->41827K(42240K) NonClass: 39014K(39296K)->39014K(39296K) Class: 2813K(2944K)->2813K(2944K)
[161.492s][info][gc          ] GC(282) Pause Young (Concurrent Start) (G1 Humongous Allocation) 63M->54M(274M) 1.937ms
[161.492s][info][gc          ] GC(283) Concurrent Mark Cycle
[161.492s][info][gc,marking  ] GC(283) Concurrent Scan Root Regions
[161.492s][info][gc,cpu      ] GC(282) User=0.01s Sys=0.00s Real=0.01s
[161.493s][info][gc,marking  ] GC(283) Concurrent Scan Root Regions 1.433ms
[161.493s][info][gc,marking  ] GC(283) Concurrent Mark
[161.493s][info][gc,marking  ] GC(283) Concurrent Mark From Roots
[161.493s][info][gc,task     ] GC(283) Using 1 workers of 1 for marking
[161.555s][info][gc,marking  ] GC(283) Concurrent Mark From Roots 61.417ms
[161.555s][info][gc,marking  ] GC(283) Concurrent Preclean
[161.555s][info][gc,marking  ] GC(283) Concurrent Preclean 0.033ms
[161.555s][info][gc,start    ] GC(283) Pause Remark
[161.568s][info][gc          ] GC(283) Pause Remark 72M->72M(256M) 13.209ms
[161.568s][info][gc,cpu      ] GC(283) User=0.02s Sys=0.00s Real=0.01s
[161.569s][info][gc,marking  ] GC(283) Concurrent Mark 75.277ms
[161.569s][info][gc,marking  ] GC(283) Concurrent Rebuild Remembered Sets and Scrub Regions
[161.592s][info][gc,marking  ] GC(283) Concurrent Rebuild Remembered Sets and Scrub Regions 23.080ms
[161.593s][info][gc,start    ] GC(283) Pause Cleanup
[161.593s][info][gc          ] GC(283) Pause Cleanup 77M->77M(256M) 0.054ms
[161.593s][info][gc,cpu      ] GC(283) User=0.00s Sys=0.00s Real=0.00s
[161.593s][info][gc,marking  ] GC(283) Concurrent Clear Claimed Marks
[161.593s][info][gc,marking  ] GC(283) Concurrent Clear Claimed Marks 0.037ms
[161.593s][info][gc,marking  ] GC(283) Concurrent Cleanup for Next Mark
[161.595s][info][gc,marking  ] GC(283) Concurrent Cleanup for Next Mark 1.891ms
[161.595s][info][gc          ] GC(283) Concurrent Mark Cycle 102.950ms
[162.083s][info][gc,start    ] GC(284) Pause Young (Prepare Mixed) (G1 Evacuation Pause)
[162.084s][info][gc,task     ] GC(284) Using 2 workers of 2 for evacuation
[162.095s][info][gc,phases   ] GC(284)   Pre Evacuate Collection Set: 0.17ms
[162.095s][info][gc,phases   ] GC(284)   Merge Heap Roots: 0.07ms
[162.095s][info][gc,phases   ] GC(284)   Evacuate Collection Set: 10.67ms
[162.095s][info][gc,phases   ] GC(284)   Post Evacuate Collection Set: 0.40ms
[162.095s][info][gc,phases   ] GC(284)   Other: 0.07ms
[162.095s][info][gc,heap     ] GC(284) Eden regions: 151->0(141)
[162.095s][info][gc,heap     ] GC(284) Survivor regions: 2->12(20)
[162.095s][info][gc,heap     ] GC(284) Old regions: 52->52
[162.095s][info][gc,heap     ] GC(284) Humongous regions: 7->3
[162.095s][info][gc,metaspace] GC(284) Metaspace: 41827K(42240K)->41827K(42240K) NonClass: 39014K(39296K)->39014K(39296K) Class: 2813K(2944K)->2813K(2944K)
[162.095s][info][gc          ] GC(284) Pause Young (Prepare Mixed) (G1 Evacuation Pause) 211M->66M(256M) 11.549ms
[162.095s][info][gc,cpu      ] GC(284) User=0.02s Sys=0.00s Real=0.01s
[162.755s][info][gc,start    ] GC(285) Pause Young (Mixed) (G1 Evacuation Pause)
[162.755s][info][gc,task     ] GC(285) Using 2 workers of 2 for evacuation
[162.771s][info][gc,phases   ] GC(285)   Pre Evacuate Collection Set: 0.22ms
[162.771s][info][gc,phases   ] GC(285)   Merge Heap Roots: 0.17ms
[162.771s][info][gc,phases   ] GC(285)   Evacuate Collection Set: 15.79ms
[162.771s][info][gc,phases   ] GC(285)   Post Evacuate Collection Set: 0.39ms
[162.771s][info][gc,phases   ] GC(285)   Other: 0.08ms
[162.771s][info][gc,heap     ] GC(285) Eden regions: 141->0(142)
[162.771s][info][gc,heap     ] GC(285) Survivor regions: 12->11(20)
[162.771s][info][gc,heap     ] GC(285) Old regions: 52->51
[162.771s][info][gc,heap     ] GC(285) Humongous regions: 5->3
[162.771s][info][gc,metaspace] GC(285) Metaspace: 41827K(42240K)->41827K(42240K) NonClass: 39014K(39296K)->39014K(39296K) Class: 2813K(2944K)->2813K(2944K)
[162.771s][info][gc          ] GC(285) Pause Young (Mixed) (G1 Evacuation Pause) 209M->64M(256M) 16.807ms
[162.771s][info][gc,cpu      ] GC(285) User=0.03s Sys=0.00s Real=0.02s
[162.803s][info][gc,start    ] GC(286) Pause Young (Concurrent Start) (G1 Humongous Allocation)
[162.803s][info][gc,task     ] GC(286) Using 2 workers of 2 for evacuation
[162.805s][info][gc,phases   ] GC(286)   Pre Evacuate Collection Set: 0.16ms
[162.805s][info][gc,phases   ] GC(286)   Merge Heap Roots: 0.04ms
[162.805s][info][gc,phases   ] GC(286)   Evacuate Collection Set: 1.32ms
[162.805s][info][gc,phases   ] GC(286)   Post Evacuate Collection Set: 0.25ms
[162.805s][info][gc,phases   ] GC(286)   Other: 0.09ms
[162.805s][info][gc,heap     ] GC(286) Eden regions: 8->0(152)
[162.805s][info][gc,heap     ] GC(286) Survivor regions: 11->1(20)
[162.805s][info][gc,heap     ] GC(286) Old regions: 51->52
[162.805s][info][gc,heap     ] GC(286) Humongous regions: 3->1
[162.805s][info][gc,metaspace] GC(286) Metaspace: 41827K(42240K)->41827K(42240K) NonClass: 39014K(39296K)->39014K(39296K) Class: 2813K(2944K)->2813K(2944K)
[162.805s][info][gc          ] GC(286) Pause Young (Concurrent Start) (G1 Humongous Allocation) 72M->53M(256M) 2.006ms
[162.805s][info][gc,cpu      ] GC(286) User=0.00s Sys=0.00s Real=0.00s
[162.805s][info][gc          ] GC(287) Concurrent Mark Cycle
[162.805s][info][gc,marking  ] GC(287) Concurrent Scan Root Regions
[162.809s][info][gc,marking  ] GC(287) Concurrent Scan Root Regions 3.343ms
[162.809s][info][gc,marking  ] GC(287) Concurrent Mark
[162.809s][info][gc,marking  ] GC(287) Concurrent Mark From Roots
[162.809s][info][gc,task     ] GC(287) Using 1 workers of 1 for marking
[162.879s][info][gc,marking  ] GC(287) Concurrent Mark From Roots 69.235ms
[162.879s][info][gc,marking  ] GC(287) Concurrent Preclean
[162.879s][info][gc,marking  ] GC(287) Concurrent Preclean 0.032ms
[162.879s][info][gc,start    ] GC(287) Pause Remark
[162.892s][info][gc          ] GC(287) Pause Remark 73M->73M(256M) 13.140ms
[162.892s][info][gc,cpu      ] GC(287) User=0.02s Sys=0.00s Real=0.02s
[162.892s][info][gc,marking  ] GC(287) Concurrent Mark 82.697ms
[162.892s][info][gc,marking  ] GC(287) Concurrent Rebuild Remembered Sets and Scrub Regions
[162.916s][info][gc,marking  ] GC(287) Concurrent Rebuild Remembered Sets and Scrub Regions 24.129ms
[162.916s][info][gc,start    ] GC(287) Pause Cleanup
[162.916s][info][gc          ] GC(287) Pause Cleanup 78M->78M(256M) 0.045ms
[162.916s][info][gc,cpu      ] GC(287) User=0.00s Sys=0.00s Real=0.00s
[162.916s][info][gc,marking  ] GC(287) Concurrent Clear Claimed Marks
[162.916s][info][gc,marking  ] GC(287) Concurrent Clear Claimed Marks 0.033ms
[162.916s][info][gc,marking  ] GC(287) Concurrent Cleanup for Next Mark
[162.918s][info][gc,marking  ] GC(287) Concurrent Cleanup for Next Mark 1.619ms
[162.918s][info][gc          ] GC(287) Concurrent Mark Cycle 112.896ms
[163.316s][info][gc,start    ] GC(288) Pause Young (Prepare Mixed) (G1 Evacuation Pause)
[163.316s][info][gc,task     ] GC(288) Using 2 workers of 2 for evacuation
[163.336s][info][gc,phases   ] GC(288)   Pre Evacuate Collection Set: 0.21ms
[163.336s][info][gc,phases   ] GC(288)   Merge Heap Roots: 0.07ms
[163.336s][info][gc,phases   ] GC(288)   Evacuate Collection Set: 19.39ms
[163.336s][info][gc,phases   ] GC(288)   Post Evacuate Collection Set: 0.44ms
[163.336s][info][gc,phases   ] GC(288)   Other: 0.10ms
[163.336s][info][gc,heap     ] GC(288) Eden regions: 152->0(130)
[163.336s][info][gc,heap     ] GC(288) Survivor regions: 1->20(20)
[163.336s][info][gc,heap     ] GC(288) Old regions: 52->58
[163.336s][info][gc,heap     ] GC(288) Humongous regions: 7->3
[163.336s][info][gc,metaspace] GC(288) Metaspace: 41827K(42240K)->41827K(42240K) NonClass: 39014K(39296K)->39014K(39296K) Class: 2813K(2944K)->2813K(2944K)
[163.336s][info][gc          ] GC(288) Pause Young (Prepare Mixed) (G1 Evacuation Pause) 211M->80M(256M) 20.391ms
[163.336s][info][gc,cpu      ] GC(288) User=0.04s Sys=0.00s Real=0.02s
[163.767s][info][gc,start    ] GC(289) Pause Young (Mixed) (G1 Evacuation Pause)
[163.767s][info][gc,task     ] GC(289) Using 2 workers of 2 for evacuation
[163.815s][info][gc,phases   ] GC(289)   Pre Evacuate Collection Set: 0.16ms
[163.815s][info][gc,phases   ] GC(289)   Merge Heap Roots: 0.15ms
[163.815s][info][gc,phases   ] GC(289)   Evacuate Collection Set: 46.86ms
[163.815s][info][gc,phases   ] GC(289)   Post Evacuate Collection Set: 0.52ms
[163.815s][info][gc,phases   ] GC(289)   Other: 0.08ms
[163.815s][info][gc,heap     ] GC(289) Eden regions: 130->0(101)
[163.815s][info][gc,heap     ] GC(289) Survivor regions: 20->19(19)
[163.815s][info][gc,heap     ] GC(289) Old regions: 58->80
[163.815s][info][gc,heap     ] GC(289) Humongous regions: 3->3
[163.815s][info][gc,metaspace] GC(289) Metaspace: 41827K(42240K)->41827K(42240K) NonClass: 39014K(39296K)->39014K(39296K) Class: 2813K(2944K)->2813K(2944K)
[163.815s][info][gc          ] GC(289) Pause Young (Mixed) (G1 Evacuation Pause) 210M->101M(256M) 47.951ms
[163.815s][info][gc,cpu      ] GC(289) User=0.10s Sys=0.00s Real=0.05s
[164.258s][info][gc,start    ] GC(290) Pause Young (Concurrent Start) (G1 Evacuation Pause)
[164.258s][info][gc,task     ] GC(290) Using 2 workers of 2 for evacuation
[164.328s][info][gc,phases   ] GC(290)   Pre Evacuate Collection Set: 0.19ms
[164.328s][info][gc,phases   ] GC(290)   Merge Heap Roots: 0.40ms
[164.328s][info][gc,phases   ] GC(290)   Evacuate Collection Set: 69.07ms
[164.328s][info][gc,phases   ] GC(290)   Post Evacuate Collection Set: 0.43ms
[164.328s][info][gc,phases   ] GC(290)   Other: 0.11ms
[164.328s][info][gc,heap     ] GC(290) Eden regions: 101->0(78)
[164.328s][info][gc,heap     ] GC(290) Survivor regions: 19->15(15)
[164.328s][info][gc,heap     ] GC(290) Old regions: 80->113
[164.328s][info][gc,heap     ] GC(290) Humongous regions: 3->3
[164.328s][info][gc,metaspace] GC(290) Metaspace: 41827K(42240K)->41827K(42240K) NonClass: 39014K(39296K)->39014K(39296K) Class: 2813K(2944K)->2813K(2944K)
[164.328s][info][gc          ] GC(290) Pause Young (Concurrent Start) (G1 Evacuation Pause) 202M->130M(256M) 70.401ms
[164.328s][info][gc,cpu      ] GC(290) User=0.11s Sys=0.00s Real=0.07s
[164.328s][info][gc          ] GC(291) Concurrent Mark Cycle
[164.330s][info][gc,marking  ] GC(291) Concurrent Scan Root Regions
[164.376s][info][gc,marking  ] GC(291) Concurrent Scan Root Regions 45.581ms
[164.376s][info][gc,marking  ] GC(291) Concurrent Mark
[164.376s][info][gc,marking  ] GC(291) Concurrent Mark From Roots
[164.376s][info][gc,task     ] GC(291) Using 1 workers of 1 for marking
[164.490s][info][gc,marking  ] GC(291) Concurrent Mark From Roots 114.314ms
[164.490s][info][gc,marking  ] GC(291) Concurrent Preclean
[164.490s][info][gc,marking  ] GC(291) Concurrent Preclean 0.034ms
[164.490s][info][gc,start    ] GC(291) Pause Remark
[164.503s][info][gc          ] GC(291) Pause Remark 157M->157M(256M) 12.965ms
[164.503s][info][gc,cpu      ] GC(291) User=0.03s Sys=0.00s Real=0.02s
[164.503s][info][gc,marking  ] GC(291) Concurrent Mark 127.588ms
[164.503s][info][gc,marking  ] GC(291) Concurrent Rebuild Remembered Sets and Scrub Regions
[164.600s][info][gc,marking  ] GC(291) Concurrent Rebuild Remembered Sets and Scrub Regions 97.089ms
[164.601s][info][gc,start    ] GC(291) Pause Cleanup
[164.601s][info][gc          ] GC(291) Pause Cleanup 178M->178M(256M) 0.045ms
[164.601s][info][gc,cpu      ] GC(291) User=0.00s Sys=0.00s Real=0.00s
[164.601s][info][gc,marking  ] GC(291) Concurrent Clear Claimed Marks
[164.601s][info][gc,marking  ] GC(291) Concurrent Clear Claimed Marks 0.036ms
[164.601s][info][gc,marking  ] GC(291) Concurrent Cleanup for Next Mark
[164.601s][info][gc,marking  ] GC(291) Concurrent Cleanup for Next Mark 0.750ms
[164.601s][info][gc          ] GC(291) Concurrent Mark Cycle 273.316ms
[164.738s][info][gc,start    ] GC(292) Pause Young (Prepare Mixed) (G1 Evacuation Pause)
[164.738s][info][gc,task     ] GC(292) Using 2 workers of 2 for evacuation
[164.782s][info][gc,phases   ] GC(292)   Pre Evacuate Collection Set: 0.15ms
[164.782s][info][gc,phases   ] GC(292)   Merge Heap Roots: 0.34ms
[164.782s][info][gc,phases   ] GC(292)   Evacuate Collection Set: 42.86ms
[164.782s][info][gc,phases   ] GC(292)   Post Evacuate Collection Set: 0.39ms
[164.782s][info][gc,phases   ] GC(292)   Other: 0.08ms
[164.782s][info][gc,heap     ] GC(292) Eden regions: 78->0(62)
[164.782s][info][gc,heap     ] GC(292) Survivor regions: 15->12(12)
[164.782s][info][gc,heap     ] GC(292) Old regions: 113->138
[164.782s][info][gc,heap     ] GC(292) Humongous regions: 3->3
[164.782s][info][gc,metaspace] GC(292) Metaspace: 41827K(42240K)->41827K(42240K) NonClass: 39014K(39296K)->39014K(39296K) Class: 2813K(2944K)->2813K(2944K)
[164.782s][info][gc          ] GC(292) Pause Young (Prepare Mixed) (G1 Evacuation Pause) 208M->152M(256M) 43.997ms
[164.782s][info][gc,cpu      ] GC(292) User=0.08s Sys=0.00s Real=0.05s
[165.089s][info][gc,start    ] GC(293) Pause Young (Mixed) (G1 Evacuation Pause)
[165.089s][info][gc,task     ] GC(293) Using 2 workers of 2 for evacuation
[165.138s][info][gc,phases   ] GC(293)   Pre Evacuate Collection Set: 0.19ms
[165.138s][info][gc,phases   ] GC(293)   Merge Heap Roots: 0.46ms
[165.138s][info][gc,phases   ] GC(293)   Evacuate Collection Set: 47.55ms
[165.138s][info][gc,phases   ] GC(293)   Post Evacuate Collection Set: 0.39ms
[165.138s][info][gc,phases   ] GC(293)   Other: 0.07ms
[165.138s][info][gc,heap     ] GC(293) Eden regions: 62->0(52)
[165.138s][info][gc,heap     ] GC(293) Survivor regions: 12->10(10)
[165.138s][info][gc,heap     ] GC(293) Old regions: 138->155
[165.138s][info][gc,heap     ] GC(293) Humongous regions: 3->3
[165.138s][info][gc,metaspace] GC(293) Metaspace: 41827K(42240K)->41827K(42240K) NonClass: 39014K(39296K)->39014K(39296K) Class: 2813K(2944K)->2813K(2944K)
[165.138s][info][gc          ] GC(293) Pause Young (Mixed) (G1 Evacuation Pause) 214M->167M(256M) 48.855ms
[165.138s][info][gc,cpu      ] GC(293) User=0.08s Sys=0.00s Real=0.05s
[165.218s][info][gc,start    ] GC(294) Pause Young (Concurrent Start) (G1 Humongous Allocation)
[165.218s][info][gc,task     ] GC(294) Using 2 workers of 2 for evacuation
[165.238s][info][gc,phases   ] GC(294)   Pre Evacuate Collection Set: 0.17ms
[165.238s][info][gc,phases   ] GC(294)   Merge Heap Roots: 0.16ms
[165.238s][info][gc,phases   ] GC(294)   Evacuate Collection Set: 17.91ms
[165.238s][info][gc,phases   ] GC(294)   Post Evacuate Collection Set: 1.32ms
[165.238s][info][gc,phases   ] GC(294)   Other: 0.10ms
[165.238s][info][gc,heap     ] GC(294) Eden regions: 16->0(147)
[165.238s][info][gc,heap     ] GC(294) Survivor regions: 10->4(8)
[165.238s][info][gc,heap     ] GC(294) Old regions: 155->165
[165.238s][info][gc,heap     ] GC(294) Humongous regions: 3->1
[165.238s][info][gc,metaspace] GC(294) Metaspace: 41828K(42240K)->41828K(42240K) NonClass: 39015K(39296K)->39015K(39296K) Class: 2813K(2944K)->2813K(2944K)
[165.238s][info][gc          ] GC(294) Pause Young (Concurrent Start) (G1 Humongous Allocation) 183M->169M(401M) 19.836ms
[165.238s][info][gc,cpu      ] GC(294) User=0.04s Sys=0.00s Real=0.02s
[165.238s][info][gc          ] GC(295) Concurrent Undo Cycle
[165.238s][info][gc,marking  ] GC(295) Concurrent Clear Claimed Marks
[165.238s][info][gc,marking  ] GC(295) Concurrent Clear Claimed Marks 0.035ms
[165.238s][info][gc,marking  ] GC(295) Concurrent Cleanup for Next Mark
[165.243s][info][gc,marking  ] GC(295) Concurrent Cleanup for Next Mark 4.985ms
[165.243s][info][gc          ] GC(295) Concurrent Undo Cycle 5.134ms
[165.775s][info][gc,start    ] GC(296) Pause Young (Concurrent Start) (G1 Humongous Allocation)
[165.775s][info][gc,task     ] GC(296) Using 2 workers of 2 for evacuation
[165.782s][info][gc,phases   ] GC(296)   Pre Evacuate Collection Set: 0.21ms
[165.782s][info][gc,phases   ] GC(296)   Merge Heap Roots: 0.09ms
[165.782s][info][gc,phases   ] GC(296)   Evacuate Collection Set: 6.24ms
[165.782s][info][gc,phases   ] GC(296)   Post Evacuate Collection Set: 0.44ms
[165.782s][info][gc,phases   ] GC(296)   Other: 0.09ms
[165.782s][info][gc,heap     ] GC(296) Eden regions: 105->0(158)
[165.782s][info][gc,heap     ] GC(296) Survivor regions: 4->5(19)
[165.782s][info][gc,heap     ] GC(296) Old regions: 165->165
[165.782s][info][gc,heap     ] GC(296) Humongous regions: 3->1
[165.782s][info][gc,metaspace] GC(296) Metaspace: 41828K(42240K)->41828K(42240K) NonClass: 39015K(39296K)->39015K(39296K) Class: 2813K(2944K)->2813K(2944K)
[165.782s][info][gc          ] GC(296) Pause Young (Concurrent Start) (G1 Humongous Allocation) 276M->170M(401M) 7.242ms
[165.782s][info][gc          ] GC(297) Concurrent Mark Cycle
[165.782s][info][gc,marking  ] GC(297) Concurrent Scan Root Regions
[165.783s][info][gc,cpu      ] GC(296) User=0.02s Sys=0.00s Real=0.01s
[165.793s][info][gc,marking  ] GC(297) Concurrent Scan Root Regions 10.797ms
[165.793s][info][gc,marking  ] GC(297) Concurrent Mark
[165.793s][info][gc,marking  ] GC(297) Concurrent Mark From Roots
[165.793s][info][gc,task     ] GC(297) Using 1 workers of 1 for marking
[165.939s][info][gc,marking  ] GC(297) Concurrent Mark From Roots 145.789ms
[165.939s][info][gc,marking  ] GC(297) Concurrent Preclean
[165.939s][info][gc,marking  ] GC(297) Concurrent Preclean 0.033ms
[165.940s][info][gc,start    ] GC(297) Pause Remark
[165.954s][info][gc          ] GC(297) Pause Remark 194M->194M(401M) 13.721ms
[165.954s][info][gc,cpu      ] GC(297) User=0.03s Sys=0.00s Real=0.02s
[165.955s][info][gc,marking  ] GC(297) Concurrent Mark 161.953ms
[165.955s][info][gc,marking  ] GC(297) Concurrent Rebuild Remembered Sets and Scrub Regions
[166.080s][info][gc,marking  ] GC(297) Concurrent Rebuild Remembered Sets and Scrub Regions 125.186ms
[166.080s][info][gc,start    ] GC(297) Pause Cleanup
[166.081s][info][gc          ] GC(297) Pause Cleanup 205M->205M(401M) 0.106ms
[166.081s][info][gc,cpu      ] GC(297) User=0.00s Sys=0.00s Real=0.00s
[166.081s][info][gc,marking  ] GC(297) Concurrent Clear Claimed Marks
[166.081s][info][gc,marking  ] GC(297) Concurrent Clear Claimed Marks 0.046ms
[166.081s][info][gc,marking  ] GC(297) Concurrent Cleanup for Next Mark
[166.087s][info][gc,marking  ] GC(297) Concurrent Cleanup for Next Mark 6.618ms
[166.087s][info][gc          ] GC(297) Concurrent Mark Cycle 305.041ms
[166.757s][info][gc,start    ] GC(298) Pause Young (Prepare Mixed) (G1 Evacuation Pause)
[166.757s][info][gc,task     ] GC(298) Using 2 workers of 2 for evacuation
[166.774s][info][gc,phases   ] GC(298)   Pre Evacuate Collection Set: 0.24ms
[166.774s][info][gc,phases   ] GC(298)   Merge Heap Roots: 0.13ms
[166.774s][info][gc,phases   ] GC(298)   Evacuate Collection Set: 15.73ms
[166.774s][info][gc,phases   ] GC(298)   Post Evacuate Collection Set: 0.55ms
[166.774s][info][gc,phases   ] GC(298)   Other: 0.07ms
[166.774s][info][gc,heap     ] GC(298) Eden regions: 158->0(160)
[166.774s][info][gc,heap     ] GC(298) Survivor regions: 5->12(21)
[166.774s][info][gc,heap     ] GC(298) Old regions: 165->165
[166.774s][info][gc,heap     ] GC(298) Humongous regions: 11->3
[166.774s][info][gc,metaspace] GC(298) Metaspace: 41829K(42240K)->41829K(42240K) NonClass: 39016K(39296K)->39016K(39296K) Class: 2813K(2944K)->2813K(2944K)
[166.774s][info][gc          ] GC(298) Pause Young (Prepare Mixed) (G1 Evacuation Pause) 338M->179M(401M) 16.956ms
[166.774s][info][gc,cpu      ] GC(298) User=0.04s Sys=0.01s Real=0.02s
[167.278s][info][gc,start    ] GC(299) Pause Young (Mixed) (G1 Evacuation Pause)
[167.278s][info][gc,task     ] GC(299) Using 2 workers of 2 for evacuation
[167.325s][info][gc,phases   ] GC(299)   Pre Evacuate Collection Set: 0.33ms
[167.325s][info][gc,phases   ] GC(299)   Merge Heap Roots: 0.33ms
[167.325s][info][gc,phases   ] GC(299)   Evacuate Collection Set: 45.64ms
[167.325s][info][gc,phases   ] GC(299)   Post Evacuate Collection Set: 0.59ms
[167.325s][info][gc,phases   ] GC(299)   Other: 0.11ms
[167.325s][info][gc,heap     ] GC(299) Eden regions: 160->0(148)
[167.325s][info][gc,heap     ] GC(299) Survivor regions: 12->22(22)
[167.325s][info][gc,heap     ] GC(299) Old regions: 165->150
[167.325s][info][gc,heap     ] GC(299) Humongous regions: 6->4
[167.325s][info][gc,metaspace] GC(299) Metaspace: 41835K(42240K)->41835K(42240K) NonClass: 39022K(39296K)->39022K(39296K) Class: 2813K(2944K)->2813K(2944K)
[167.325s][info][gc          ] GC(299) Pause Young (Mixed) (G1 Evacuation Pause) 342M->175M(401M) 47.224ms
[167.325s][info][gc,cpu      ] GC(299) User=0.09s Sys=0.00s Real=0.05s
[167.770s][info][gc,start    ] GC(300) Pause Young (Mixed) (G1 Evacuation Pause)
[167.771s][info][gc,task     ] GC(300) Using 2 workers of 2 for evacuation
[167.802s][info][gc,phases   ] GC(300)   Pre Evacuate Collection Set: 0.24ms
[167.802s][info][gc,phases   ] GC(300)   Merge Heap Roots: 0.70ms
[167.802s][info][gc,phases   ] GC(300)   Evacuate Collection Set: 29.94ms
[167.802s][info][gc,phases   ] GC(300)   Post Evacuate Collection Set: 0.53ms
[167.802s][info][gc,phases   ] GC(300)   Other: 0.09ms
[167.802s][info][gc,heap     ] GC(300) Eden regions: 148->0(185)
[167.802s][info][gc,heap     ] GC(300) Survivor regions: 22->2(22)
[167.802s][info][gc,heap     ] GC(300) Old regions: 150->140
[167.802s][info][gc,heap     ] GC(300) Humongous regions: 5->4
[167.802s][info][gc,metaspace] GC(300) Metaspace: 41835K(42240K)->41835K(42240K) NonClass: 39022K(39296K)->39022K(39296K) Class: 2813K(2944K)->2813K(2944K)
[167.802s][info][gc          ] GC(300) Pause Young (Mixed) (G1 Evacuation Pause) 324M->145M(401M) 31.691ms
[167.802s][info][gc,cpu      ] GC(300) User=0.06s Sys=0.00s Real=0.04s
[168.371s][info][gc,start    ] GC(301) Pause Young (Mixed) (G1 Evacuation Pause)
[168.371s][info][gc,task     ] GC(301) Using 2 workers of 2 for evacuation
[168.389s][info][gc,phases   ] GC(301)   Pre Evacuate Collection Set: 0.22ms
[168.389s][info][gc,phases   ] GC(301)   Merge Heap Roots: 0.30ms
[168.389s][info][gc,phases   ] GC(301)   Evacuate Collection Set: 17.44ms
[168.389s][info][gc,phases   ] GC(301)   Post Evacuate Collection Set: 0.43ms
[168.389s][info][gc,phases   ] GC(301)   Other: 0.07ms
[168.389s][info][gc,heap     ] GC(301) Eden regions: 185->0(184)
[168.389s][info][gc,heap     ] GC(301) Survivor regions: 2->12(24)
[168.389s][info][gc,heap     ] GC(301) Old regions: 140->136
[168.389s][info][gc,heap     ] GC(301) Humongous regions: 6->4
[168.389s][info][gc,metaspace] GC(301) Metaspace: 41840K(42240K)->41840K(42240K) NonClass: 39027K(39296K)->39027K(39296K) Class: 2813K(2944K)->2813K(2944K)
[168.389s][info][gc          ] GC(301) Pause Young (Mixed) (G1 Evacuation Pause) 332M->151M(401M) 18.687ms
[168.389s][info][gc,cpu      ] GC(301) User=0.03s Sys=0.00s Real=0.02s
[168.991s][info][gc,start    ] GC(302) Pause Young (Concurrent Start) (G1 Evacuation Pause)
[168.991s][info][gc,task     ] GC(302) Using 2 workers of 2 for evacuation
[169.001s][info][gc,phases   ] GC(302)   Pre Evacuate Collection Set: 0.24ms
[169.001s][info][gc,phases   ] GC(302)   Merge Heap Roots: 0.06ms
[169.001s][info][gc,phases   ] GC(302)   Evacuate Collection Set: 9.13ms
[169.001s][info][gc,phases   ] GC(302)   Post Evacuate Collection Set: 0.45ms
[169.001s][info][gc,phases   ] GC(302)   Other: 0.09ms
[169.001s][info][gc,heap     ] GC(302) Eden regions: 184->0(190)
[169.001s][info][gc,heap     ] GC(302) Survivor regions: 12->12(25)
[169.001s][info][gc,heap     ] GC(302) Old regions: 136->136
[169.001s][info][gc,heap     ] GC(302) Humongous regions: 4->4
[169.001s][info][gc,metaspace] GC(302) Metaspace: 41841K(42240K)->41841K(42240K) NonClass: 39028K(39296K)->39028K(39296K) Class: 2813K(2944K)->2813K(2944K)
[169.001s][info][gc          ] GC(302) Pause Young (Concurrent Start) (G1 Evacuation Pause) 335M->151M(401M) 10.154ms
[169.001s][info][gc,cpu      ] GC(302) User=0.02s Sys=0.00s Real=0.02s
[169.001s][info][gc          ] GC(303) Concurrent Mark Cycle
[169.001s][info][gc,marking  ] GC(303) Concurrent Scan Root Regions
[169.010s][info][gc,marking  ] GC(303) Concurrent Scan Root Regions 9.278ms
[169.010s][info][gc,marking  ] GC(303) Concurrent Mark
[169.010s][info][gc,marking  ] GC(303) Concurrent Mark From Roots
[169.010s][info][gc,task     ] GC(303) Using 1 workers of 1 for marking
[169.089s][info][gc,marking  ] GC(303) Concurrent Mark From Roots 78.038ms
[169.089s][info][gc,marking  ] GC(303) Concurrent Preclean
[169.089s][info][gc,marking  ] GC(303) Concurrent Preclean 0.034ms
[169.089s][info][gc,start    ] GC(303) Pause Remark
[169.102s][info][gc          ] GC(303) Pause Remark 172M->130M(367M) 13.553ms
[169.102s][info][gc,cpu      ] GC(303) User=0.02s Sys=0.00s Real=0.02s
[169.102s][info][gc,marking  ] GC(303) Concurrent Mark 91.906ms
[169.102s][info][gc,marking  ] GC(303) Concurrent Rebuild Remembered Sets and Scrub Regions
[169.132s][info][gc,marking  ] GC(303) Concurrent Rebuild Remembered Sets and Scrub Regions 29.625ms
[169.132s][info][gc,start    ] GC(303) Pause Cleanup
[169.132s][info][gc          ] GC(303) Pause Cleanup 140M->140M(367M) 0.056ms
[169.132s][info][gc,cpu      ] GC(303) User=0.00s Sys=0.00s Real=0.00s
[169.132s][info][gc,marking  ] GC(303) Concurrent Clear Claimed Marks
[169.132s][info][gc,marking  ] GC(303) Concurrent Clear Claimed Marks 0.034ms
[169.132s][info][gc,marking  ] GC(303) Concurrent Cleanup for Next Mark
[169.133s][info][gc,marking  ] GC(303) Concurrent Cleanup for Next Mark 1.026ms
[169.133s][info][gc          ] GC(303) Concurrent Mark Cycle 132.251ms
[169.656s][info][gc,start    ] GC(304) Pause Young (Prepare Mixed) (G1 Evacuation Pause)
[169.656s][info][gc,task     ] GC(304) Using 2 workers of 2 for evacuation
[169.671s][info][gc,phases   ] GC(304)   Pre Evacuate Collection Set: 0.19ms
[169.671s][info][gc,phases   ] GC(304)   Merge Heap Roots: 0.07ms
[169.671s][info][gc,phases   ] GC(304)   Evacuate Collection Set: 14.22ms
[169.671s][info][gc,phases   ] GC(304)   Post Evacuate Collection Set: 0.43ms
[169.671s][info][gc,phases   ] GC(304)   Other: 0.07ms
[169.671s][info][gc,heap     ] GC(304) Eden regions: 190->0(179)
[169.671s][info][gc,heap     ] GC(304) Survivor regions: 12->26(26)
[169.671s][info][gc,heap     ] GC(304) Old regions: 95->95
[169.671s][info][gc,heap     ] GC(304) Humongous regions: 4->3
[169.671s][info][gc,metaspace] GC(304) Metaspace: 41842K(42240K)->41842K(42240K) NonClass: 39029K(39296K)->39029K(39296K) Class: 2813K(2944K)->2813K(2944K)
[169.671s][info][gc          ] GC(304) Pause Young (Prepare Mixed) (G1 Evacuation Pause) 300M->123M(367M) 15.171ms
[169.671s][info][gc,cpu      ] GC(304) User=0.03s Sys=0.00s Real=0.02s
[170.259s][info][gc,start    ] GC(305) Pause Young (Mixed) (G1 Evacuation Pause)
[170.259s][info][gc,task     ] GC(305) Using 2 workers of 2 for evacuation
[170.300s][info][gc,phases   ] GC(305)   Pre Evacuate Collection Set: 0.21ms
[170.300s][info][gc,phases   ] GC(305)   Merge Heap Roots: 0.19ms
[170.300s][info][gc,phases   ] GC(305)   Evacuate Collection Set: 40.56ms
[170.300s][info][gc,phases   ] GC(305)   Post Evacuate Collection Set: 0.54ms
[170.300s][info][gc,phases   ] GC(305)   Other: 0.08ms
[170.300s][info][gc,heap     ] GC(305) Eden regions: 179->0(136)
[170.300s][info][gc,heap     ] GC(305) Survivor regions: 26->26(26)
[170.300s][info][gc,heap     ] GC(305) Old regions: 95->104
[170.300s][info][gc,heap     ] GC(305) Humongous regions: 4->4
[170.300s][info][gc,metaspace] GC(305) Metaspace: 41842K(42240K)->41842K(42240K) NonClass: 39029K(39296K)->39029K(39296K) Class: 2813K(2944K)->2813K(2944K)
[170.301s][info][gc          ] GC(305) Pause Young (Mixed) (G1 Evacuation Pause) 303M->133M(368M) 41.788ms
[170.301s][info][gc,cpu      ] GC(305) User=0.08s Sys=0.00s Real=0.04s
[170.549s][info][gc,start    ] GC(306) Pause Young (Concurrent Start) (G1 Humongous Allocation)
[170.549s][info][gc,task     ] GC(306) Using 2 workers of 2 for evacuation
[170.601s][info][gc,phases   ] GC(306)   Pre Evacuate Collection Set: 0.20ms
[170.601s][info][gc,phases   ] GC(306)   Merge Heap Roots: 0.20ms
[170.601s][info][gc,phases   ] GC(306)   Evacuate Collection Set: 49.72ms
[170.601s][info][gc,phases   ] GC(306)   Post Evacuate Collection Set: 0.95ms
[170.601s][info][gc,phases   ] GC(306)   Other: 0.16ms
[170.601s][info][gc,heap     ] GC(306) Eden regions: 77->0(125)
[170.601s][info][gc,heap     ] GC(306) Survivor regions: 26->21(21)
[170.601s][info][gc,heap     ] GC(306) Old regions: 104->162
[170.601s][info][gc,heap     ] GC(306) Humongous regions: 4->4
[170.601s][info][gc,metaspace] GC(306) Metaspace: 41842K(42240K)->41842K(42240K) NonClass: 39029K(39296K)->39029K(39296K) Class: 2813K(2944K)->2813K(2944K)
[170.601s][info][gc          ] GC(306) Pause Young (Concurrent Start) (G1 Humongous Allocation) 210M->186M(441M) 51.428ms
[170.601s][info][gc,cpu      ] GC(306) User=0.10s Sys=0.00s Real=0.05s
[170.601s][info][gc          ] GC(307) Concurrent Mark Cycle
[170.601s][info][gc,marking  ] GC(307) Concurrent Scan Root Regions
[170.627s][info][gc,marking  ] GC(307) Concurrent Scan Root Regions 26.495ms
[170.628s][info][gc,marking  ] GC(307) Concurrent Mark
[170.628s][info][gc,marking  ] GC(307) Concurrent Mark From Roots
[170.628s][info][gc,task     ] GC(307) Using 1 workers of 1 for marking
[170.733s][info][gc,marking  ] GC(307) Concurrent Mark From Roots 105.854ms
[170.733s][info][gc,marking  ] GC(307) Concurrent Preclean
[170.733s][info][gc,marking  ] GC(307) Concurrent Preclean 0.035ms
[170.734s][info][gc,start    ] GC(307) Pause Remark
[170.747s][info][gc          ] GC(307) Pause Remark 215M->215M(441M) 13.663ms
[170.747s][info][gc,cpu      ] GC(307) User=0.03s Sys=0.00s Real=0.01s
[170.747s][info][gc,marking  ] GC(307) Concurrent Mark 119.868ms
[170.747s][info][gc,marking  ] GC(307) Concurrent Rebuild Remembered Sets and Scrub Regions
[170.817s][info][gc,marking  ] GC(307) Concurrent Rebuild Remembered Sets and Scrub Regions 69.279ms
[170.817s][info][gc,start    ] GC(307) Pause Cleanup
[170.817s][info][gc          ] GC(307) Pause Cleanup 229M->229M(441M) 0.070ms
[170.817s][info][gc,cpu      ] GC(307) User=0.00s Sys=0.00s Real=0.00s
[170.817s][info][gc,marking  ] GC(307) Concurrent Clear Claimed Marks
[170.817s][info][gc,marking  ] GC(307) Concurrent Clear Claimed Marks 0.039ms
[170.817s][info][gc,marking  ] GC(307) Concurrent Cleanup for Next Mark
[170.819s][info][gc,marking  ] GC(307) Concurrent Cleanup for Next Mark 2.001ms
[170.819s][info][gc          ] GC(307) Concurrent Mark Cycle 218.156ms
[171.116s][info][gc,start    ] GC(308) Pause Young (Prepare Mixed) (G1 Evacuation Pause)
[171.116s][info][gc,task     ] GC(308) Using 2 workers of 2 for evacuation
[171.183s][info][gc,phases   ] GC(308)   Pre Evacuate Collection Set: 0.24ms
[171.183s][info][gc,phases   ] GC(308)   Merge Heap Roots: 0.35ms
[171.183s][info][gc,phases   ] GC(308)   Evacuate Collection Set: 66.10ms
[171.183s][info][gc,phases   ] GC(308)   Post Evacuate Collection Set: 0.52ms
[171.183s][info][gc,phases   ] GC(308)   Other: 0.07ms
[171.183s][info][gc,heap     ] GC(308) Eden regions: 125->0(68)
[171.183s][info][gc,heap     ] GC(308) Survivor regions: 21->19(19)
[171.183s][info][gc,heap     ] GC(308) Old regions: 162->246
[171.183s][info][gc,heap     ] GC(308) Humongous regions: 5->5
[171.183s][info][gc,metaspace] GC(308) Metaspace: 41842K(42240K)->41842K(42240K) NonClass: 39029K(39296K)->39029K(39296K) Class: 2813K(2944K)->2813K(2944K)
[171.183s][info][gc          ] GC(308) Pause Young (Prepare Mixed) (G1 Evacuation Pause) 312M->268M(441M) 67.522ms
[171.183s][info][gc,cpu      ] GC(308) User=0.13s Sys=0.00s Real=0.07s
[171.444s][info][gc,start    ] GC(309) Pause Young (Mixed) (G1 Evacuation Pause)
[171.444s][info][gc,task     ] GC(309) Using 2 workers of 2 for evacuation
[171.492s][info][gc,phases   ] GC(309)   Pre Evacuate Collection Set: 0.32ms
[171.492s][info][gc,phases   ] GC(309)   Merge Heap Roots: 0.35ms
[171.492s][info][gc,phases   ] GC(309)   Evacuate Collection Set: 46.61ms
[171.492s][info][gc,phases   ] GC(309)   Post Evacuate Collection Set: 0.40ms
[171.492s][info][gc,phases   ] GC(309)   Other: 0.09ms
[171.492s][info][gc,heap     ] GC(309) Eden regions: 68->0(59)
[171.492s][info][gc,heap     ] GC(309) Survivor regions: 19->11(11)
[171.492s][info][gc,heap     ] GC(309) Old regions: 246->281
[171.492s][info][gc,heap     ] GC(309) Humongous regions: 6->6
[171.492s][info][gc,metaspace] GC(309) Metaspace: 41842K(42240K)->41842K(42240K) NonClass: 39029K(39296K)->39029K(39296K) Class: 2813K(2944K)->2813K(2944K)
[171.492s][info][gc          ] GC(309) Pause Young (Mixed) (G1 Evacuation Pause) 337M->297M(441M) 47.993ms
[171.492s][info][gc,cpu      ] GC(309) User=0.09s Sys=0.00s Real=0.05s
[171.678s][info][gc,start    ] GC(310) Pause Young (Concurrent Start) (G1 Evacuation Pause)
[171.678s][info][gc,task     ] GC(310) Using 2 workers of 2 for evacuation
[171.710s][info][gc,phases   ] GC(310)   Pre Evacuate Collection Set: 0.24ms
[171.710s][info][gc,phases   ] GC(310)   Merge Heap Roots: 0.20ms
[171.710s][info][gc,phases   ] GC(310)   Evacuate Collection Set: 31.78ms
[171.710s][info][gc,phases   ] GC(310)   Post Evacuate Collection Set: 0.37ms
[171.710s][info][gc,phases   ] GC(310)   Other: 0.11ms
[171.710s][info][gc,heap     ] GC(310) Eden regions: 59->0(46)
[171.710s][info][gc,heap     ] GC(310) Survivor regions: 11->9(9)
[171.710s][info][gc,heap     ] GC(310) Old regions: 281->316
[171.710s][info][gc,heap     ] GC(310) Humongous regions: 6->6
[171.710s][info][gc,metaspace] GC(310) Metaspace: 41842K(42240K)->41842K(42240K) NonClass: 39029K(39296K)->39029K(39296K) Class: 2813K(2944K)->2813K(2944K)
[171.710s][info][gc          ] GC(310) Pause Young (Concurrent Start) (G1 Evacuation Pause) 356M->330M(441M) 32.912ms
[171.710s][info][gc,cpu      ] GC(310) User=0.07s Sys=0.00s Real=0.03s
[171.710s][info][gc          ] GC(311) Concurrent Mark Cycle
[171.711s][info][gc,marking  ] GC(311) Concurrent Scan Root Regions
[171.727s][info][gc,marking  ] GC(311) Concurrent Scan Root Regions 15.924ms
[171.727s][info][gc,marking  ] GC(311) Concurrent Mark
[171.727s][info][gc,marking  ] GC(311) Concurrent Mark From Roots
[171.727s][info][gc,task     ] GC(311) Using 1 workers of 1 for marking
[171.852s][info][gc,marking  ] GC(311) Concurrent Mark From Roots 125.849ms
[171.852s][info][gc,marking  ] GC(311) Concurrent Preclean
[171.852s][info][gc,marking  ] GC(311) Concurrent Preclean 0.040ms
[171.853s][info][gc,start    ] GC(311) Pause Remark
[171.866s][info][gc          ] GC(311) Pause Remark 369M->287M(441M) 13.223ms
[171.866s][info][gc,cpu      ] GC(311) User=0.02s Sys=0.00s Real=0.01s
[171.866s][info][gc,marking  ] GC(311) Concurrent Mark 139.404ms
[171.866s][info][gc,marking  ] GC(311) Concurrent Rebuild Remembered Sets and Scrub Regions
[171.898s][info][gc,start    ] GC(312) Pause Young (Normal) (G1 Evacuation Pause)
[171.898s][info][gc,task     ] GC(312) Using 2 workers of 2 for evacuation
[171.924s][info][gc,phases   ] GC(312)   Pre Evacuate Collection Set: 0.16ms
[171.924s][info][gc,phases   ] GC(312)   Merge Heap Roots: 0.15ms
[171.924s][info][gc,phases   ] GC(312)   Evacuate Collection Set: 25.61ms
[171.924s][info][gc,phases   ] GC(312)   Post Evacuate Collection Set: 0.33ms
[171.924s][info][gc,phases   ] GC(312)   Other: 0.08ms
[171.924s][info][gc,heap     ] GC(312) Eden regions: 46->0(70)
[171.924s][info][gc,heap     ] GC(312) Survivor regions: 9->7(7)
[171.924s][info][gc,heap     ] GC(312) Old regions: 236->262
[171.924s][info][gc,heap     ] GC(312) Humongous regions: 5->5
[171.924s][info][gc,metaspace] GC(312) Metaspace: 41842K(42240K)->41842K(42240K) NonClass: 39029K(39296K)->39029K(39296K) Class: 2813K(2944K)->2813K(2944K)
[171.924s][info][gc          ] GC(312) Pause Young (Normal) (G1 Evacuation Pause) 295M->273M(441M) 26.516ms
[171.924s][info][gc,cpu      ] GC(312) User=0.05s Sys=0.00s Real=0.03s
[171.957s][info][gc,marking  ] GC(311) Concurrent Rebuild Remembered Sets and Scrub Regions 90.842ms
[171.957s][info][gc,start    ] GC(311) Pause Cleanup
[171.957s][info][gc          ] GC(311) Pause Cleanup 284M->284M(441M) 0.102ms
[171.957s][info][gc,cpu      ] GC(311) User=0.00s Sys=0.00s Real=0.00s
[171.957s][info][gc,marking  ] GC(311) Concurrent Clear Claimed Marks
[171.957s][info][gc,marking  ] GC(311) Concurrent Clear Claimed Marks 0.036ms
[171.957s][info][gc,marking  ] GC(311) Concurrent Cleanup for Next Mark
[171.958s][info][gc,marking  ] GC(311) Concurrent Cleanup for Next Mark 1.248ms
[171.958s][info][gc          ] GC(311) Concurrent Mark Cycle 247.971ms
[172.149s][info][gc,start    ] GC(313) Pause Young (Prepare Mixed) (G1 Evacuation Pause)
[172.149s][info][gc,task     ] GC(313) Using 2 workers of 2 for evacuation
[172.162s][info][gc,phases   ] GC(313)   Pre Evacuate Collection Set: 0.48ms
[172.163s][info][gc,phases   ] GC(313)   Merge Heap Roots: 0.13ms
[172.163s][info][gc,phases   ] GC(313)   Evacuate Collection Set: 12.57ms
[172.163s][info][gc,phases   ] GC(313)   Post Evacuate Collection Set: 0.37ms
[172.163s][info][gc,phases   ] GC(313)   Other: 0.09ms
[172.163s][info][gc,heap     ] GC(313) Eden regions: 70->0(70)
[172.163s][info][gc,heap     ] GC(313) Survivor regions: 7->10(10)
[172.163s][info][gc,heap     ] GC(313) Old regions: 262->269
[172.163s][info][gc,heap     ] GC(313) Humongous regions: 5->5
[172.163s][info][gc,metaspace] GC(313) Metaspace: 41843K(42240K)->41843K(42240K) NonClass: 39030K(39296K)->39030K(39296K) Class: 2813K(2944K)->2813K(2944K)
[172.163s][info][gc          ] GC(313) Pause Young (Prepare Mixed) (G1 Evacuation Pause) 343M->283M(441M) 13.813ms
[172.163s][info][gc,cpu      ] GC(313) User=0.03s Sys=0.00s Real=0.02s
[172.390s][info][gc,start    ] GC(314) Pause Young (Mixed) (G1 Evacuation Pause)
[172.390s][info][gc,task     ] GC(314) Using 2 workers of 2 for evacuation
[172.408s][info][gc,phases   ] GC(314)   Pre Evacuate Collection Set: 0.27ms
[172.408s][info][gc,phases   ] GC(314)   Merge Heap Roots: 0.21ms
[172.408s][info][gc,phases   ] GC(314)   Evacuate Collection Set: 17.11ms
[172.408s][info][gc,phases   ] GC(314)   Post Evacuate Collection Set: 0.39ms
[172.408s][info][gc,phases   ] GC(314)   Other: 0.09ms
[172.408s][info][gc,heap     ] GC(314) Eden regions: 70->0(98)
[172.408s][info][gc,heap     ] GC(314) Survivor regions: 10->9(10)
[172.408s][info][gc,heap     ] GC(314) Old regions: 269->230
[172.408s][info][gc,heap     ] GC(314) Humongous regions: 5->5
[172.409s][info][gc,metaspace] GC(314) Metaspace: 41843K(42240K)->41843K(42240K) NonClass: 39030K(39296K)->39030K(39296K) Class: 2813K(2944K)->2813K(2944K)
[172.409s][info][gc          ] GC(314) Pause Young (Mixed) (G1 Evacuation Pause) 353M->243M(441M) 18.275ms
[172.409s][info][gc,cpu      ] GC(314) User=0.04s Sys=0.00s Real=0.02s
[172.752s][info][gc,start    ] GC(315) Pause Young (Mixed) (G1 Evacuation Pause)
[172.752s][info][gc,task     ] GC(315) Using 2 workers of 2 for evacuation
[172.778s][info][gc,phases   ] GC(315)   Pre Evacuate Collection Set: 0.29ms
[172.778s][info][gc,phases   ] GC(315)   Merge Heap Roots: 0.21ms
[172.778s][info][gc,phases   ] GC(315)   Evacuate Collection Set: 24.90ms
[172.778s][info][gc,phases   ] GC(315)   Post Evacuate Collection Set: 1.05ms
[172.778s][info][gc,phases   ] GC(315)   Other: 0.08ms
[172.778s][info][gc,heap     ] GC(315) Eden regions: 98->0(150)
[172.778s][info][gc,heap     ] GC(315) Survivor regions: 9->14(14)
[172.778s][info][gc,heap     ] GC(315) Old regions: 230->205
[172.778s][info][gc,heap     ] GC(315) Humongous regions: 5->5
[172.778s][info][gc,metaspace] GC(315) Metaspace: 41845K(42240K)->41845K(42240K) NonClass: 39032K(39296K)->39032K(39296K) Class: 2813K(2944K)->2813K(2944K)
[172.778s][info][gc          ] GC(315) Pause Young (Mixed) (G1 Evacuation Pause) 341M->223M(518M) 26.730ms
[172.778s][info][gc,cpu      ] GC(315) User=0.05s Sys=0.00s Real=0.02s
[173.344s][info][gc,start    ] GC(316) Pause Young (Mixed) (G1 Evacuation Pause)
[173.344s][info][gc,task     ] GC(316) Using 2 workers of 2 for evacuation
[173.385s][info][gc,phases   ] GC(316)   Pre Evacuate Collection Set: 0.24ms
[173.385s][info][gc,phases   ] GC(316)   Merge Heap Roots: 0.28ms
[173.385s][info][gc,phases   ] GC(316)   Evacuate Collection Set: 39.84ms
[173.385s][info][gc,phases   ] GC(316)   Post Evacuate Collection Set: 0.54ms
[173.385s][info][gc,phases   ] GC(316)   Other: 0.08ms
[173.385s][info][gc,heap     ] GC(316) Eden regions: 150->0(137)
[173.385s][info][gc,heap     ] GC(316) Survivor regions: 14->21(21)
[173.385s][info][gc,heap     ] GC(316) Old regions: 205->224
[173.385s][info][gc,heap     ] GC(316) Humongous regions: 6->5
[173.385s][info][gc,metaspace] GC(316) Metaspace: 41845K(42240K)->41845K(42240K) NonClass: 39032K(39296K)->39032K(39296K) Class: 2813K(2944K)->2813K(2944K)
[173.385s][info][gc          ] GC(316) Pause Young (Mixed) (G1 Evacuation Pause) 374M->249M(518M) 41.189ms
[173.385s][info][gc,cpu      ] GC(316) User=0.08s Sys=0.00s Real=0.04s
[173.835s][info][gc,start    ] GC(317) Pause Young (Normal) (G1 Evacuation Pause)
[173.835s][info][gc,task     ] GC(317) Using 2 workers of 2 for evacuation
[173.868s][info][gc,phases   ] GC(317)   Pre Evacuate Collection Set: 0.25ms
[173.868s][info][gc,phases   ] GC(317)   Merge Heap Roots: 0.26ms
[173.868s][info][gc,phases   ] GC(317)   Evacuate Collection Set: 32.27ms
[173.868s][info][gc,phases   ] GC(317)   Post Evacuate Collection Set: 0.48ms
[173.868s][info][gc,phases   ] GC(317)   Other: 0.07ms
[173.868s][info][gc,heap     ] GC(317) Eden regions: 137->0(135)
[173.868s][info][gc,heap     ] GC(317) Survivor regions: 21->19(20)
[173.868s][info][gc,heap     ] GC(317) Old regions: 224->246
[173.868s][info][gc,heap     ] GC(317) Humongous regions: 7->7
[173.868s][info][gc,metaspace] GC(317) Metaspace: 41845K(42240K)->41845K(42240K) NonClass: 39032K(39296K)->39032K(39296K) Class: 2813K(2944K)->2813K(2944K)
[173.868s][info][gc          ] GC(317) Pause Young (Normal) (G1 Evacuation Pause) 388M->270M(518M) 33.548ms
[173.868s][info][gc,cpu      ] GC(317) User=0.07s Sys=0.00s Real=0.03s
[173.990s][info][gc,start    ] GC(318) Pause Young (Concurrent Start) (G1 Humongous Allocation)
[173.990s][info][gc,task     ] GC(318) Using 2 workers of 2 for evacuation
[174.011s][info][gc,phases   ] GC(318)   Pre Evacuate Collection Set: 0.27ms
[174.011s][info][gc,phases   ] GC(318)   Merge Heap Roots: 0.14ms
[174.011s][info][gc,phases   ] GC(318)   Evacuate Collection Set: 19.82ms
[174.011s][info][gc,phases   ] GC(318)   Post Evacuate Collection Set: 0.32ms
[174.011s][info][gc,phases   ] GC(318)   Other: 0.16ms
[174.011s][info][gc,heap     ] GC(318) Eden regions: 41->0(136)
[174.011s][info][gc,heap     ] GC(318) Survivor regions: 19->18(20)
[174.011s][info][gc,heap     ] GC(318) Old regions: 246->258
[174.011s][info][gc,heap     ] GC(318) Humongous regions: 7->6
[174.011s][info][gc,metaspace] GC(318) Metaspace: 41845K(42240K)->41845K(42240K) NonClass: 39032K(39296K)->39032K(39296K) Class: 2813K(2944K)->2813K(2944K)
[174.011s][info][gc          ] GC(318) Pause Young (Concurrent Start) (G1 Humongous Allocation) 311M->280M(518M) 20.940ms
[174.011s][info][gc,cpu      ] GC(318) User=0.04s Sys=0.00s Real=0.02s
[174.011s][info][gc          ] GC(319) Concurrent Mark Cycle
[174.011s][info][gc,marking  ] GC(319) Concurrent Scan Root Regions
[174.024s][info][gc,marking  ] GC(319) Concurrent Scan Root Regions 13.309ms
[174.024s][info][gc,marking  ] GC(319) Concurrent Mark
[174.024s][info][gc,marking  ] GC(319) Concurrent Mark From Roots
[174.024s][info][gc,task     ] GC(319) Using 1 workers of 1 for marking
[174.128s][info][gc,marking  ] GC(319) Concurrent Mark From Roots 103.331ms
[174.128s][info][gc,marking  ] GC(319) Concurrent Preclean
[174.128s][info][gc,marking  ] GC(319) Concurrent Preclean 0.040ms
[174.128s][info][gc,start    ] GC(319) Pause Remark
[174.141s][info][gc          ] GC(319) Pause Remark 316M->218M(518M) 13.271ms
[174.141s][info][gc,cpu      ] GC(319) User=0.02s Sys=0.00s Real=0.02s
[174.141s][info][gc,marking  ] GC(319) Concurrent Mark 116.932ms
[174.141s][info][gc,marking  ] GC(319) Concurrent Rebuild Remembered Sets and Scrub Regions
[174.188s][info][gc,marking  ] GC(319) Concurrent Rebuild Remembered Sets and Scrub Regions 46.977ms
[174.188s][info][gc,start    ] GC(319) Pause Cleanup
[174.188s][info][gc          ] GC(319) Pause Cleanup 231M->231M(518M) 0.073ms
[174.188s][info][gc,cpu      ] GC(319) User=0.00s Sys=0.00s Real=0.00s
[174.188s][info][gc,marking  ] GC(319) Concurrent Clear Claimed Marks
[174.189s][info][gc,marking  ] GC(319) Concurrent Clear Claimed Marks 0.037ms
[174.189s][info][gc,marking  ] GC(319) Concurrent Cleanup for Next Mark
[174.191s][info][gc,marking  ] GC(319) Concurrent Cleanup for Next Mark 2.199ms
[174.191s][info][gc          ] GC(319) Concurrent Mark Cycle 179.841ms
[174.474s][info][gc,start    ] GC(320) Pause Young (Prepare Mixed) (G1 Evacuation Pause)
[174.474s][info][gc,task     ] GC(320) Using 2 workers of 2 for evacuation
[174.496s][info][gc,phases   ] GC(320)   Pre Evacuate Collection Set: 0.24ms
[174.496s][info][gc,phases   ] GC(320)   Merge Heap Roots: 0.06ms
[174.496s][info][gc,phases   ] GC(320)   Evacuate Collection Set: 21.10ms
[174.496s][info][gc,phases   ] GC(320)   Post Evacuate Collection Set: 0.44ms
[174.496s][info][gc,phases   ] GC(320)   Other: 0.08ms
[174.496s][info][gc,heap     ] GC(320) Eden regions: 136->0(182)
[174.496s][info][gc,heap     ] GC(320) Survivor regions: 18->20(20)
[174.496s][info][gc,heap     ] GC(320) Old regions: 162->178
[174.496s][info][gc,heap     ] GC(320) Humongous regions: 6->5
[174.496s][info][gc,metaspace] GC(320) Metaspace: 41845K(42240K)->41845K(42240K) NonClass: 39032K(39296K)->39032K(39296K) Class: 2813K(2944K)->2813K(2944K)
[174.496s][info][gc          ] GC(320) Pause Young (Prepare Mixed) (G1 Evacuation Pause) 320M->202M(518M) 22.133ms
[174.496s][info][gc,cpu      ] GC(320) User=0.04s Sys=0.00s Real=0.02s
[175.073s][info][gc,start    ] GC(321) Pause Young (Mixed) (G1 Evacuation Pause)
[175.073s][info][gc,task     ] GC(321) Using 2 workers of 2 for evacuation
[175.113s][info][gc,phases   ] GC(321)   Pre Evacuate Collection Set: 0.29ms
[175.113s][info][gc,phases   ] GC(321)   Merge Heap Roots: 0.23ms
[175.113s][info][gc,phases   ] GC(321)   Evacuate Collection Set: 39.23ms
[175.113s][info][gc,phases   ] GC(321)   Post Evacuate Collection Set: 0.54ms
[175.113s][info][gc,phases   ] GC(321)   Other: 0.09ms
[175.113s][info][gc,heap     ] GC(321) Eden regions: 182->0(197)
[175.113s][info][gc,heap     ] GC(321) Survivor regions: 20->26(26)
[175.113s][info][gc,heap     ] GC(321) Old regions: 178->156
[175.113s][info][gc,heap     ] GC(321) Humongous regions: 6->5
[175.113s][info][gc,metaspace] GC(321) Metaspace: 41845K(42240K)->41845K(42240K) NonClass: 39032K(39296K)->39032K(39296K) Class: 2813K(2944K)->2813K(2944K)
[175.113s][info][gc          ] GC(321) Pause Young (Mixed) (G1 Evacuation Pause) 385M->186M(518M) 40.578ms
[175.113s][info][gc,cpu      ] GC(321) User=0.08s Sys=0.00s Real=0.04s
[175.710s][info][gc,start    ] GC(322) Pause Young (Mixed) (G1 Evacuation Pause)
[175.710s][info][gc,task     ] GC(322) Using 2 workers of 2 for evacuation
[175.759s][info][gc,phases   ] GC(322)   Pre Evacuate Collection Set: 0.23ms
[175.759s][info][gc,phases   ] GC(322)   Merge Heap Roots: 0.16ms
[175.759s][info][gc,phases   ] GC(322)   Evacuate Collection Set: 47.50ms
[175.759s][info][gc,phases   ] GC(322)   Post Evacuate Collection Set: 0.56ms
[175.759s][info][gc,phases   ] GC(322)   Other: 0.09ms
[175.759s][info][gc,heap     ] GC(322) Eden regions: 197->0(165)
[175.759s][info][gc,heap     ] GC(322) Survivor regions: 26->28(28)
[175.759s][info][gc,heap     ] GC(322) Old regions: 156->197
[175.759s][info][gc,heap     ] GC(322) Humongous regions: 9->7
[175.759s][info][gc,metaspace] GC(322) Metaspace: 41846K(42240K)->41846K(42240K) NonClass: 39033K(39296K)->39033K(39296K) Class: 2813K(2944K)->2813K(2944K)
[175.759s][info][gc          ] GC(322) Pause Young (Mixed) (G1 Evacuation Pause) 387M->231M(518M) 48.762ms
[175.759s][info][gc,cpu      ] GC(322) User=0.09s Sys=0.01s Real=0.05s
[176.201s][info][gc,start    ] GC(323) Pause Young (Concurrent Start) (G1 Evacuation Pause)
[176.201s][info][gc,task     ] GC(323) Using 2 workers of 2 for evacuation
[176.223s][info][gc,phases   ] GC(323)   Pre Evacuate Collection Set: 0.25ms
[176.223s][info][gc,phases   ] GC(323)   Merge Heap Roots: 0.20ms
[176.223s][info][gc,phases   ] GC(323)   Evacuate Collection Set: 20.59ms
[176.223s][info][gc,phases   ] GC(323)   Post Evacuate Collection Set: 0.44ms
[176.223s][info][gc,phases   ] GC(323)   Other: 0.09ms
[176.223s][info][gc,heap     ] GC(323) Eden regions: 165->0(179)
[176.223s][info][gc,heap     ] GC(323) Survivor regions: 28->2(25)
[176.223s][info][gc,heap     ] GC(323) Old regions: 197->225
[176.223s][info][gc,heap     ] GC(323) Humongous regions: 7->7
[176.223s][info][gc,metaspace] GC(323) Metaspace: 41846K(42240K)->41846K(42240K) NonClass: 39033K(39296K)->39033K(39296K) Class: 2813K(2944K)->2813K(2944K)
[176.223s][info][gc          ] GC(323) Pause Young (Concurrent Start) (G1 Evacuation Pause) 396M->233M(518M) 21.787ms
[176.223s][info][gc,cpu      ] GC(323) User=0.04s Sys=0.00s Real=0.02s
[176.223s][info][gc          ] GC(324) Concurrent Mark Cycle
[176.223s][info][gc,marking  ] GC(324) Concurrent Scan Root Regions
[176.233s][info][gc,marking  ] GC(324) Concurrent Scan Root Regions 10.159ms
[176.233s][info][gc,marking  ] GC(324) Concurrent Mark
[176.233s][info][gc,marking  ] GC(324) Concurrent Mark From Roots
[176.233s][info][gc,task     ] GC(324) Using 1 workers of 1 for marking
[176.346s][info][gc,marking  ] GC(324) Concurrent Mark From Roots 113.020ms
[176.346s][info][gc,marking  ] GC(324) Concurrent Preclean
[176.347s][info][gc,marking  ] GC(324) Concurrent Preclean 0.037ms
[176.347s][info][gc,start    ] GC(324) Pause Remark
[176.360s][info][gc          ] GC(324) Pause Remark 271M->218M(518M) 13.574ms
[176.360s][info][gc,cpu      ] GC(324) User=0.03s Sys=0.00s Real=0.01s
[176.360s][info][gc,marking  ] GC(324) Concurrent Mark 126.889ms
[176.360s][info][gc,marking  ] GC(324) Concurrent Rebuild Remembered Sets and Scrub Regions
[176.415s][info][gc,marking  ] GC(324) Concurrent Rebuild Remembered Sets and Scrub Regions 54.285ms
[176.415s][info][gc,start    ] GC(324) Pause Cleanup
[176.415s][info][gc          ] GC(324) Pause Cleanup 236M->236M(518M) 0.073ms
[176.415s][info][gc,cpu      ] GC(324) User=0.00s Sys=0.00s Real=0.00s
[176.415s][info][gc,marking  ] GC(324) Concurrent Clear Claimed Marks
[176.415s][info][gc,marking  ] GC(324) Concurrent Clear Claimed Marks 0.037ms
[176.415s][info][gc,marking  ] GC(324) Concurrent Cleanup for Next Mark
[176.416s][info][gc,marking  ] GC(324) Concurrent Cleanup for Next Mark 1.435ms
[176.416s][info][gc          ] GC(324) Concurrent Mark Cycle 193.213ms
[176.773s][info][gc,start    ] GC(325) Pause Young (Prepare Mixed) (G1 Evacuation Pause)
[176.773s][info][gc,task     ] GC(325) Using 2 workers of 2 for evacuation
[176.775s][info][gc,phases   ] GC(325)   Pre Evacuate Collection Set: 0.23ms
[176.775s][info][gc,phases   ] GC(325)   Merge Heap Roots: 0.07ms
[176.775s][info][gc,phases   ] GC(325)   Evacuate Collection Set: 1.57ms
[176.775s][info][gc,phases   ] GC(325)   Post Evacuate Collection Set: 0.38ms
[176.775s][info][gc,phases   ] GC(325)   Other: 0.08ms
[176.775s][info][gc,heap     ] GC(325) Eden regions: 179->0(232)
[176.776s][info][gc,heap     ] GC(325) Survivor regions: 2->2(23)
[176.776s][info][gc,heap     ] GC(325) Old regions: 174->174
[176.776s][info][gc,heap     ] GC(325) Humongous regions: 6->5
[176.776s][info][gc,metaspace] GC(325) Metaspace: 41846K(42240K)->41846K(42240K) NonClass: 39033K(39296K)->39033K(39296K) Class: 2813K(2944K)->2813K(2944K)
[176.776s][info][gc          ] GC(325) Pause Young (Prepare Mixed) (G1 Evacuation Pause) 360M->180M(518M) 2.550ms
[176.776s][info][gc,cpu      ] GC(325) User=0.00s Sys=0.00s Real=0.00s
[177.308s][info][gc,start    ] GC(326) Pause Young (Mixed) (G1 Evacuation Pause)
[177.308s][info][gc,task     ] GC(326) Using 2 workers of 2 for evacuation
[177.317s][info][gc,phases   ] GC(326)   Pre Evacuate Collection Set: 0.26ms
[177.317s][info][gc,phases   ] GC(326)   Merge Heap Roots: 0.16ms
[177.317s][info][gc,phases   ] GC(326)   Evacuate Collection Set: 7.54ms
[177.317s][info][gc,phases   ] GC(326)   Post Evacuate Collection Set: 0.54ms
[177.317s][info][gc,phases   ] GC(326)   Other: 0.07ms
[177.317s][info][gc,heap     ] GC(326) Eden regions: 232->0(270)
[177.317s][info][gc,heap     ] GC(326) Survivor regions: 2->6(30)
[177.317s][info][gc,heap     ] GC(326) Old regions: 174->137
[177.317s][info][gc,heap     ] GC(326) Humongous regions: 5->3
[177.317s][info][gc,metaspace] GC(326) Metaspace: 41852K(42240K)->41852K(42240K) NonClass: 39039K(39296K)->39039K(39296K) Class: 2813K(2944K)->2813K(2944K)
[177.317s][info][gc          ] GC(326) Pause Young (Mixed) (G1 Evacuation Pause) 412M->145M(518M) 8.741ms
[177.317s][info][gc,cpu      ] GC(326) User=0.01s Sys=0.01s Real=0.01s
[177.734s][info][gc,start    ] GC(327) Pause Young (Concurrent Start) (G1 Evacuation Pause)
[177.734s][info][gc,task     ] GC(327) Using 2 workers of 2 for evacuation
[177.739s][info][gc,phases   ] GC(327)   Pre Evacuate Collection Set: 0.26ms
[177.739s][info][gc,phases   ] GC(327)   Merge Heap Roots: 0.08ms
[177.739s][info][gc,phases   ] GC(327)   Evacuate Collection Set: 4.44ms
[177.739s][info][gc,phases   ] GC(327)   Post Evacuate Collection Set: 0.49ms
[177.739s][info][gc,phases   ] GC(327)   Other: 0.11ms
[177.739s][info][gc,heap     ] GC(327) Eden regions: 270->0(284)
[177.739s][info][gc,heap     ] GC(327) Survivor regions: 6->7(35)
[177.739s][info][gc,heap     ] GC(327) Old regions: 137->137
[177.739s][info][gc,heap     ] GC(327) Humongous regions: 3->3
[177.739s][info][gc,metaspace] GC(327) Metaspace: 41852K(42240K)->41852K(42240K) NonClass: 39039K(39296K)->39039K(39296K) Class: 2813K(2944K)->2813K(2944K)
[177.739s][info][gc          ] GC(327) Pause Young (Concurrent Start) (G1 Evacuation Pause) 415M->146M(518M) 5.545ms
[177.739s][info][gc,cpu      ] GC(327) User=0.01s Sys=0.00s Real=0.00s
[177.739s][info][gc          ] GC(328) Concurrent Mark Cycle
[177.739s][info][gc,marking  ] GC(328) Concurrent Scan Root Regions
[177.742s][info][gc,marking  ] GC(328) Concurrent Scan Root Regions 2.804ms
[177.742s][info][gc,marking  ] GC(328) Concurrent Mark
[177.742s][info][gc,marking  ] GC(328) Concurrent Mark From Roots
[177.742s][info][gc,task     ] GC(328) Using 1 workers of 1 for marking
[177.815s][info][gc,marking  ] GC(328) Concurrent Mark From Roots 73.079ms
[177.815s][info][gc,marking  ] GC(328) Concurrent Preclean
[177.815s][info][gc,marking  ] GC(328) Concurrent Preclean 0.035ms
[177.816s][info][gc,start    ] GC(328) Pause Remark
[177.829s][info][gc          ] GC(328) Pause Remark 196M->138M(297M) 13.591ms
[177.829s][info][gc,cpu      ] GC(328) User=0.02s Sys=0.00s Real=0.01s
[177.829s][info][gc,marking  ] GC(328) Concurrent Mark 86.983ms
[177.829s][info][gc,marking  ] GC(328) Concurrent Rebuild Remembered Sets and Scrub Regions
[177.857s][info][gc,marking  ] GC(328) Concurrent Rebuild Remembered Sets and Scrub Regions 27.978ms
[177.857s][info][gc,start    ] GC(328) Pause Cleanup
[177.857s][info][gc          ] GC(328) Pause Cleanup 155M->155M(297M) 0.044ms
[177.857s][info][gc,cpu      ] GC(328) User=0.00s Sys=0.00s Real=0.00s
[177.858s][info][gc,marking  ] GC(328) Concurrent Clear Claimed Marks
[177.858s][info][gc,marking  ] GC(328) Concurrent Clear Claimed Marks 0.036ms
[177.858s][info][gc,marking  ] GC(328) Concurrent Cleanup for Next Mark
[177.858s][info][gc,marking  ] GC(328) Concurrent Cleanup for Next Mark 0.834ms
[177.858s][info][gc          ] GC(328) Concurrent Mark Cycle 118.946ms
[178.355s][info][gc,start    ] GC(329) Pause Young (Prepare Mixed) (G1 Evacuation Pause)
[178.355s][info][gc,task     ] GC(329) Using 2 workers of 2 for evacuation
[178.367s][info][gc,phases   ] GC(329)   Pre Evacuate Collection Set: 0.21ms
[178.367s][info][gc,phases   ] GC(329)   Merge Heap Roots: 0.08ms
[178.367s][info][gc,phases   ] GC(329)   Evacuate Collection Set: 10.33ms
[178.367s][info][gc,phases   ] GC(329)   Post Evacuate Collection Set: 0.75ms
[178.367s][info][gc,phases   ] GC(329)   Other: 0.09ms
[178.367s][info][gc,heap     ] GC(329) Eden regions: 140->0(251)
[178.367s][info][gc,heap     ] GC(329) Survivor regions: 7->9(32)
[178.367s][info][gc,heap     ] GC(329) Old regions: 81->81
[178.367s][info][gc,heap     ] GC(329) Humongous regions: 197->3
[178.367s][info][gc,metaspace] GC(329) Metaspace: 41884K(42240K)->41884K(42240K) NonClass: 39071K(39296K)->39071K(39296K) Class: 2813K(2944K)->2813K(2944K)
[178.367s][info][gc          ] GC(329) Pause Young (Prepare Mixed) (G1 Evacuation Pause) 424M->92M(434M) 11.642ms
[178.367s][info][gc,cpu      ] GC(329) User=0.02s Sys=0.01s Real=0.01s
[178.986s][info][gc,start    ] GC(330) Pause Young (Mixed) (G1 Evacuation Pause)
[178.986s][info][gc,task     ] GC(330) Using 2 workers of 2 for evacuation
[179.004s][info][gc,phases   ] GC(330)   Pre Evacuate Collection Set: 0.28ms
[179.004s][info][gc,phases   ] GC(330)   Merge Heap Roots: 0.08ms
[179.004s][info][gc,phases   ] GC(330)   Evacuate Collection Set: 16.51ms
[179.004s][info][gc,phases   ] GC(330)   Post Evacuate Collection Set: 0.95ms
[179.004s][info][gc,phases   ] GC(330)   Other: 0.09ms
[179.004s][info][gc,heap     ] GC(330) Eden regions: 65->0(330)
[179.004s][info][gc,heap     ] GC(330) Survivor regions: 9->13(35)
[179.004s][info][gc,heap     ] GC(330) Old regions: 81->70
[179.004s][info][gc,heap     ] GC(330) Humongous regions: 403->3
[179.004s][info][gc,metaspace] GC(330) Metaspace: 41884K(42304K)->41884K(42304K) NonClass: 39071K(39360K)->39071K(39360K) Class: 2813K(2944K)->2813K(2944K)
[179.004s][info][gc          ] GC(330) Pause Young (Mixed) (G1 Evacuation Pause) 557M->85M(572M) 18.128ms
[179.004s][info][gc,cpu      ] GC(330) User=0.03s Sys=0.01s Real=0.02s
[179.115s][info][gc,start    ] GC(331) Pause Young (Concurrent Start) (G1 Humongous Allocation)
[179.115s][info][gc,task     ] GC(331) Using 2 workers of 2 for evacuation
[179.128s][info][gc,phases   ] GC(331)   Pre Evacuate Collection Set: 0.33ms
[179.128s][info][gc,phases   ] GC(331)   Merge Heap Roots: 0.06ms
[179.128s][info][gc,phases   ] GC(331)   Evacuate Collection Set: 12.30ms
[179.128s][info][gc,phases   ] GC(331)   Post Evacuate Collection Set: 0.74ms
[179.128s][info][gc,phases   ] GC(331)   Other: 0.17ms
[179.128s][info][gc,heap     ] GC(331) Eden regions: 15->0(327)
[179.128s][info][gc,heap     ] GC(331) Survivor regions: 13->16(43)
[179.128s][info][gc,heap     ] GC(331) Old regions: 70->70
[179.128s][info][gc,heap     ] GC(331) Humongous regions: 79->1
[179.128s][info][gc,metaspace] GC(331) Metaspace: 41884K(42304K)->41884K(42304K) NonClass: 39071K(39360K)->39071K(39360K) Class: 2813K(2944K)->2813K(2944K)
[179.128s][info][gc          ] GC(331) Pause Young (Concurrent Start) (G1 Humongous Allocation) 176M->85M(572M) 13.803ms
[179.128s][info][gc,cpu      ] GC(331) User=0.03s Sys=0.00s Real=0.01s
[179.129s][info][gc          ] GC(332) Concurrent Undo Cycle
[179.129s][info][gc,marking  ] GC(332) Concurrent Clear Claimed Marks
[179.129s][info][gc,marking  ] GC(332) Concurrent Clear Claimed Marks 0.055ms
[179.129s][info][gc,marking  ] GC(332) Concurrent Cleanup for Next Mark
[179.131s][info][gc,marking  ] GC(332) Concurrent Cleanup for Next Mark 2.642ms
[179.131s][info][gc          ] GC(332) Concurrent Undo Cycle 2.738ms
[179.134s][info][gc,start    ] GC(333) Pause Young (Concurrent Start) (G1 Humongous Allocation)
[179.134s][info][gc,task     ] GC(333) Using 2 workers of 2 for evacuation
[179.147s][info][gc,phases   ] GC(333)   Pre Evacuate Collection Set: 0.23ms
[179.147s][info][gc,phases   ] GC(333)   Merge Heap Roots: 0.06ms
[179.147s][info][gc,phases   ] GC(333)   Evacuate Collection Set: 11.54ms
[179.147s][info][gc,phases   ] GC(333)   Post Evacuate Collection Set: 0.35ms
[179.147s][info][gc,phases   ] GC(333)   Other: 0.09ms
[179.147s][info][gc,heap     ] GC(333) Eden regions: 1->0(327)
[179.147s][info][gc,heap     ] GC(333) Survivor regions: 16->16(43)
[179.147s][info][gc,heap     ] GC(333) Old regions: 70->70
[179.147s][info][gc,heap     ] GC(333) Humongous regions: 3->1
[179.147s][info][gc,metaspace] GC(333) Metaspace: 41884K(42304K)->41884K(42304K) NonClass: 39071K(39360K)->39071K(39360K) Class: 2813K(2944K)->2813K(2944K)
[179.147s][info][gc          ] GC(333) Pause Young (Concurrent Start) (G1 Humongous Allocation) 88M->85M(572M) 12.406ms
[179.147s][info][gc          ] GC(334) Concurrent Mark Cycle
[179.147s][info][gc,marking  ] GC(334) Concurrent Scan Root Regions
[179.149s][info][gc,cpu      ] GC(333) User=0.03s Sys=0.00s Real=0.01s
[179.155s][info][gc,marking  ] GC(334) Concurrent Scan Root Regions 8.282ms
[179.155s][info][gc,marking  ] GC(334) Concurrent Mark
[179.155s][info][gc,marking  ] GC(334) Concurrent Mark From Roots
[179.155s][info][gc,task     ] GC(334) Using 1 workers of 1 for marking
[179.226s][info][gc,marking  ] GC(334) Concurrent Mark From Roots 70.867ms
[179.226s][info][gc,marking  ] GC(334) Concurrent Preclean
[179.226s][info][gc,marking  ] GC(334) Concurrent Preclean 0.040ms
[179.226s][info][gc,start    ] GC(334) Pause Remark
[179.240s][info][gc          ] GC(334) Pause Remark 154M->154M(490M) 13.689ms
[179.240s][info][gc,cpu      ] GC(334) User=0.03s Sys=0.00s Real=0.01s
[179.240s][info][gc,marking  ] GC(334) Concurrent Mark 84.903ms
[179.240s][info][gc,marking  ] GC(334) Concurrent Rebuild Remembered Sets and Scrub Regions
[179.276s][info][gc,marking  ] GC(334) Concurrent Rebuild Remembered Sets and Scrub Regions 36.070ms
[179.276s][info][gc,start    ] GC(334) Pause Cleanup
[179.276s][info][gc          ] GC(334) Pause Cleanup 175M->175M(490M) 0.062ms
[179.276s][info][gc,cpu      ] GC(334) User=0.00s Sys=0.00s Real=0.00s
[179.276s][info][gc,marking  ] GC(334) Concurrent Clear Claimed Marks
[179.276s][info][gc,marking  ] GC(334) Concurrent Clear Claimed Marks 0.039ms
[179.276s][info][gc,marking  ] GC(334) Concurrent Cleanup for Next Mark
[179.280s][info][gc,marking  ] GC(334) Concurrent Cleanup for Next Mark 3.436ms
[179.280s][info][gc          ] GC(334) Concurrent Mark Cycle 133.084ms
[179.840s][info][gc,start    ] GC(335) Pause Young (Prepare Mixed) (G1 Evacuation Pause)
[179.840s][info][gc,task     ] GC(335) Using 2 workers of 2 for evacuation
[179.877s][info][gc,phases   ] GC(335)   Pre Evacuate Collection Set: 0.28ms
[179.877s][info][gc,phases   ] GC(335)   Merge Heap Roots: 0.07ms
[179.877s][info][gc,phases   ] GC(335)   Evacuate Collection Set: 35.58ms
[179.877s][info][gc,phases   ] GC(335)   Post Evacuate Collection Set: 1.01ms
[179.877s][info][gc,phases   ] GC(335)   Other: 0.07ms
[179.877s][info][gc,heap     ] GC(335) Eden regions: 81->0(332)
[179.877s][info][gc,heap     ] GC(335) Survivor regions: 16->28(40)
[179.877s][info][gc,heap     ] GC(335) Old regions: 70->70
[179.877s][info][gc,heap     ] GC(335) Humongous regions: 405->1
[179.877s][info][gc,metaspace] GC(335) Metaspace: 41888K(42304K)->41888K(42304K) NonClass: 39075K(39360K)->39075K(39360K) Class: 2813K(2944K)->2813K(2944K)
[179.877s][info][gc          ] GC(335) Pause Young (Prepare Mixed) (G1 Evacuation Pause) 570M->98M(600M) 37.200ms
[179.877s][info][gc,cpu      ] GC(335) User=0.06s Sys=0.02s Real=0.04s
[180.739s][info][gc,start    ] GC(336) Pause Young (Mixed) (G1 Evacuation Pause)
[180.739s][info][gc,task     ] GC(336) Using 2 workers of 2 for evacuation
[180.752s][info][gc,phases   ] GC(336)   Pre Evacuate Collection Set: 0.29ms
[180.753s][info][gc,phases   ] GC(336)   Merge Heap Roots: 0.10ms
[180.753s][info][gc,phases   ] GC(336)   Evacuate Collection Set: 12.45ms
[180.753s][info][gc,phases   ] GC(336)   Post Evacuate Collection Set: 0.79ms
[180.753s][info][gc,phases   ] GC(336)   Other: 0.13ms
[180.753s][info][gc,heap     ] GC(336) Eden regions: 199->0(359)
[180.753s][info][gc,heap     ] GC(336) Survivor regions: 28->7(45)
[180.753s][info][gc,heap     ] GC(336) Old regions: 70->67
[180.753s][info][gc,heap     ] GC(336) Humongous regions: 303->1
[180.753s][info][gc,metaspace] GC(336) Metaspace: 41911K(42304K)->41911K(42304K) NonClass: 39098K(39360K)->39098K(39360K) Class: 2813K(2944K)->2813K(2944K)
[180.753s][info][gc          ] GC(336) Pause Young (Mixed) (G1 Evacuation Pause) 599M->73M(611M) 13.949ms
[180.753s][info][gc,cpu      ] GC(336) User=0.02s Sys=0.01s Real=0.02s
[181.561s][info][gc,start    ] GC(337) Pause Young (Normal) (G1 Evacuation Pause)
[181.562s][info][gc,task     ] GC(337) Using 2 workers of 2 for evacuation
[181.568s][info][gc,phases   ] GC(337)   Pre Evacuate Collection Set: 0.26ms
[181.569s][info][gc,phases   ] GC(337)   Merge Heap Roots: 0.11ms
[181.569s][info][gc,phases   ] GC(337)   Evacuate Collection Set: 5.96ms
[181.569s][info][gc,phases   ] GC(337)   Post Evacuate Collection Set: 0.56ms
[181.569s][info][gc,phases   ] GC(337)   Other: 0.08ms
[181.569s][info][gc,heap     ] GC(337) Eden regions: 359->0(356)
[181.569s][info][gc,heap     ] GC(337) Survivor regions: 7->10(46)
[181.569s][info][gc,heap     ] GC(337) Old regions: 67->67
[181.569s][info][gc,heap     ] GC(337) Humongous regions: 5->1
[181.569s][info][gc,metaspace] GC(337) Metaspace: 41922K(42304K)->41922K(42304K) NonClass: 39109K(39360K)->39109K(39360K) Class: 2813K(2944K)->2813K(2944K)
[181.569s][info][gc          ] GC(337) Pause Young (Normal) (G1 Evacuation Pause) 436M->76M(611M) 7.144ms
[181.569s][info][gc,cpu      ] GC(337) User=0.02s Sys=0.00s Real=0.00s
[182.332s][info][gc,start    ] GC(338) Pause Young (Normal) (G1 Evacuation Pause)
[182.332s][info][gc,task     ] GC(338) Using 2 workers of 2 for evacuation
[182.341s][info][gc,phases   ] GC(338)   Pre Evacuate Collection Set: 0.23ms
[182.341s][info][gc,phases   ] GC(338)   Merge Heap Roots: 0.10ms
[182.341s][info][gc,phases   ] GC(338)   Evacuate Collection Set: 7.98ms
[182.341s][info][gc,phases   ] GC(338)   Post Evacuate Collection Set: 0.74ms
[182.342s][info][gc,phases   ] GC(338)   Other: 0.08ms
[182.342s][info][gc,heap     ] GC(338) Eden regions: 356->0(354)
[182.342s][info][gc,heap     ] GC(338) Survivor regions: 10->12(46)
[182.342s][info][gc,heap     ] GC(338) Old regions: 67->67
[182.342s][info][gc,heap     ] GC(338) Humongous regions: 1->1
[182.342s][info][gc,metaspace] GC(338) Metaspace: 41929K(42304K)->41929K(42304K) NonClass: 39115K(39360K)->39115K(39360K) Class: 2813K(2944K)->2813K(2944K)
[182.342s][info][gc          ] GC(338) Pause Young (Normal) (G1 Evacuation Pause) 432M->78M(611M) 9.322ms
[182.342s][info][gc,cpu      ] GC(338) User=0.02s Sys=0.00s Real=0.01s
[183.176s][info][gc,start    ] GC(339) Pause Young (Normal) (G1 Evacuation Pause)
[183.176s][info][gc,task     ] GC(339) Using 2 workers of 2 for evacuation
[183.187s][info][gc,phases   ] GC(339)   Pre Evacuate Collection Set: 0.35ms
[183.187s][info][gc,phases   ] GC(339)   Merge Heap Roots: 0.09ms
[183.187s][info][gc,phases   ] GC(339)   Evacuate Collection Set: 9.50ms
[183.187s][info][gc,phases   ] GC(339)   Post Evacuate Collection Set: 0.90ms
[183.187s][info][gc,phases   ] GC(339)   Other: 0.10ms
[183.187s][info][gc,heap     ] GC(339) Eden regions: 354->0(353)
[183.187s][info][gc,heap     ] GC(339) Survivor regions: 12->13(46)
[183.187s][info][gc,heap     ] GC(339) Old regions: 67->67
[183.187s][info][gc,heap     ] GC(339) Humongous regions: 1->1
[183.187s][info][gc,metaspace] GC(339) Metaspace: 41935K(42304K)->41935K(42304K) NonClass: 39121K(39360K)->39121K(39360K) Class: 2813K(2944K)->2813K(2944K)
[183.187s][info][gc          ] GC(339) Pause Young (Normal) (G1 Evacuation Pause) 432M->79M(611M) 11.190ms
[183.188s][info][gc,cpu      ] GC(339) User=0.02s Sys=0.00s Real=0.01s
[185.033s][info][gc,start    ] GC(340) Pause Young (Normal) (G1 Evacuation Pause)
[185.033s][info][gc,task     ] GC(340) Using 2 workers of 2 for evacuation
[185.051s][info][gc,phases   ] GC(340)   Pre Evacuate Collection Set: 0.37ms
[185.051s][info][gc,phases   ] GC(340)   Merge Heap Roots: 0.13ms
[185.051s][info][gc,phases   ] GC(340)   Evacuate Collection Set: 13.99ms
[185.051s][info][gc,phases   ] GC(340)   Post Evacuate Collection Set: 3.08ms
[185.051s][info][gc,phases   ] GC(340)   Other: 0.10ms
[185.051s][info][gc,heap     ] GC(340) Eden regions: 353->0(353)
[185.051s][info][gc,heap     ] GC(340) Survivor regions: 13->13(46)
[185.051s][info][gc,heap     ] GC(340) Old regions: 67->67
[185.051s][info][gc,heap     ] GC(340) Humongous regions: 13->3
[185.051s][info][gc,metaspace] GC(340) Metaspace: 42025K(42432K)->42025K(42432K) NonClass: 39211K(39488K)->39211K(39488K) Class: 2813K(2944K)->2813K(2944K)
[185.051s][info][gc          ] GC(340) Pause Young (Normal) (G1 Evacuation Pause) 444M->81M(611M) 17.846ms
[185.051s][info][gc,cpu      ] GC(340) User=0.03s Sys=0.00s Real=0.01s
[185.943s][info][gc,start    ] GC(341) Pause Young (Normal) (G1 Evacuation Pause)
[185.943s][info][gc,task     ] GC(341) Using 2 workers of 2 for evacuation
[186.000s][info][gc,phases   ] GC(341)   Pre Evacuate Collection Set: 0.25ms
[186.000s][info][gc,phases   ] GC(341)   Merge Heap Roots: 0.14ms
[186.000s][info][gc,phases   ] GC(341)   Evacuate Collection Set: 55.15ms
[186.000s][info][gc,phases   ] GC(341)   Post Evacuate Collection Set: 0.73ms
[186.000s][info][gc,phases   ] GC(341)   Other: 0.10ms
[186.000s][info][gc,heap     ] GC(341) Eden regions: 353->0(320)
[186.000s][info][gc,heap     ] GC(341) Survivor regions: 13->46(46)
[186.000s][info][gc,heap     ] GC(341) Old regions: 67->71
[186.000s][info][gc,heap     ] GC(341) Humongous regions: 6->6
[186.000s][info][gc,metaspace] GC(341) Metaspace: 42030K(42432K)->42030K(42432K) NonClass: 39216K(39488K)->39216K(39488K) Class: 2813K(2944K)->2813K(2944K)
[186.000s][info][gc          ] GC(341) Pause Young (Normal) (G1 Evacuation Pause) 437M->122M(611M) 56.589ms
[186.000s][info][gc,cpu      ] GC(341) User=0.12s Sys=0.00s Real=0.05s
[186.737s][info][gc,start    ] GC(342) Pause Young (Normal) (G1 Evacuation Pause)
[186.737s][info][gc,task     ] GC(342) Using 2 workers of 2 for evacuation
[186.836s][info][gc,phases   ] GC(342)   Pre Evacuate Collection Set: 0.25ms
[186.836s][info][gc,phases   ] GC(342)   Merge Heap Roots: 0.24ms
[186.836s][info][gc,phases   ] GC(342)   Evacuate Collection Set: 98.14ms
[186.836s][info][gc,phases   ] GC(342)   Post Evacuate Collection Set: 0.67ms
[186.836s][info][gc,phases   ] GC(342)   Other: 0.10ms
[186.836s][info][gc,heap     ] GC(342) Eden regions: 320->0(328)
[186.836s][info][gc,heap     ] GC(342) Survivor regions: 46->38(46)
[186.836s][info][gc,heap     ] GC(342) Old regions: 71->118
[186.836s][info][gc,heap     ] GC(342) Humongous regions: 10->10
[186.836s][info][gc,metaspace] GC(342) Metaspace: 42030K(42432K)->42030K(42432K) NonClass: 39216K(39488K)->39216K(39488K) Class: 2813K(2944K)->2813K(2944K)
[186.836s][info][gc          ] GC(342) Pause Young (Normal) (G1 Evacuation Pause) 446M->164M(611M) 99.606ms
[186.836s][info][gc,cpu      ] GC(342) User=0.19s Sys=0.00s Real=0.10s
[186.845s][info][gc,start    ] GC(343) Pause Young (Concurrent Start) (G1 Humongous Allocation)
[186.845s][info][gc,task     ] GC(343) Using 2 workers of 2 for evacuation
[186.885s][info][gc,phases   ] GC(343)   Pre Evacuate Collection Set: 0.26ms
[186.885s][info][gc,phases   ] GC(343)   Merge Heap Roots: 0.10ms
[186.885s][info][gc,phases   ] GC(343)   Evacuate Collection Set: 38.60ms
[186.885s][info][gc,phases   ] GC(343)   Post Evacuate Collection Set: 0.33ms
[186.885s][info][gc,phases   ] GC(343)   Other: 0.10ms
[186.885s][info][gc,heap     ] GC(343) Eden regions: 5->0(261)
[186.885s][info][gc,heap     ] GC(343) Survivor regions: 38->3(46)
[186.885s][info][gc,heap     ] GC(343) Old regions: 118->153
[186.885s][info][gc,heap     ] GC(343) Humongous regions: 10->10
[186.885s][info][gc,metaspace] GC(343) Metaspace: 42030K(42432K)->42030K(42432K) NonClass: 39216K(39488K)->39216K(39488K) Class: 2813K(2944K)->2813K(2944K)
[186.885s][info][gc          ] GC(343) Pause Young (Concurrent Start) (G1 Humongous Allocation) 169M->164M(611M) 39.619ms
[186.885s][info][gc,cpu      ] GC(343) User=0.08s Sys=0.00s Real=0.04s
[186.885s][info][gc          ] GC(344) Concurrent Mark Cycle
[186.885s][info][gc,marking  ] GC(344) Concurrent Scan Root Regions
[186.958s][info][gc,marking  ] GC(344) Concurrent Scan Root Regions 73.600ms
[186.959s][info][gc,marking  ] GC(344) Concurrent Mark
[186.959s][info][gc,marking  ] GC(344) Concurrent Mark From Roots
[186.959s][info][gc,task     ] GC(344) Using 1 workers of 1 for marking
[187.131s][info][gc,marking  ] GC(344) Concurrent Mark From Roots 172.611ms
[187.131s][info][gc,marking  ] GC(344) Concurrent Preclean
[187.131s][info][gc,marking  ] GC(344) Concurrent Preclean 0.164ms
[187.131s][info][gc,start    ] GC(344) Pause Remark
[187.146s][info][gc          ] GC(344) Pause Remark 230M->220M(527M) 14.592ms
[187.146s][info][gc,cpu      ] GC(344) User=0.02s Sys=0.00s Real=0.01s
[187.148s][info][gc,marking  ] GC(344) Concurrent Mark 189.566ms
[187.148s][info][gc,marking  ] GC(344) Concurrent Rebuild Remembered Sets and Scrub Regions
[187.263s][info][gc,marking  ] GC(344) Concurrent Rebuild Remembered Sets and Scrub Regions 114.695ms
[187.265s][info][gc,start    ] GC(344) Pause Cleanup
[187.265s][info][gc          ] GC(344) Pause Cleanup 246M->246M(527M) 0.080ms
[187.265s][info][gc,cpu      ] GC(344) User=0.00s Sys=0.00s Real=0.00s
[187.266s][info][gc,marking  ] GC(344) Concurrent Clear Claimed Marks
[187.266s][info][gc,marking  ] GC(344) Concurrent Clear Claimed Marks 0.057ms
[187.266s][info][gc,marking  ] GC(344) Concurrent Cleanup for Next Mark
[187.270s][info][gc,marking  ] GC(344) Concurrent Cleanup for Next Mark 3.881ms
[187.270s][info][gc          ] GC(344) Concurrent Mark Cycle 385.211ms
[190.644s][info][gc,start    ] GC(345) Pause Young (Prepare Mixed) (G1 Evacuation Pause)
[190.644s][info][gc,task     ] GC(345) Using 2 workers of 2 for evacuation
[190.663s][info][gc,phases   ] GC(345)   Pre Evacuate Collection Set: 0.24ms
[190.663s][info][gc,phases   ] GC(345)   Merge Heap Roots: 0.15ms
[190.663s][info][gc,phases   ] GC(345)   Evacuate Collection Set: 18.02ms
[190.663s][info][gc,phases   ] GC(345)   Post Evacuate Collection Set: 0.50ms
[190.663s][info][gc,phases   ] GC(345)   Other: 0.07ms
[190.663s][info][gc,heap     ] GC(345) Eden regions: 261->0(230)
[190.663s][info][gc,heap     ] GC(345) Survivor regions: 3->14(33)
[190.663s][info][gc,heap     ] GC(345) Old regions: 146->146
[190.663s][info][gc,heap     ] GC(345) Humongous regions: 11->6
[190.663s][info][gc,metaspace] GC(345) Metaspace: 42072K(42496K)->42072K(42496K) NonClass: 39258K(39552K)->39258K(39552K) Class: 2813K(2944K)->2813K(2944K)
[190.663s][info][gc          ] GC(345) Pause Young (Prepare Mixed) (G1 Evacuation Pause) 419M->165M(527M) 19.169ms
[190.663s][info][gc,cpu      ] GC(345) User=0.03s Sys=0.00s Real=0.02s
[191.329s][info][gc,start    ] GC(346) Pause Young (Mixed) (G1 Evacuation Pause)
[191.329s][info][gc,task     ] GC(346) Using 2 workers of 2 for evacuation
[191.367s][info][gc,phases   ] GC(346)   Pre Evacuate Collection Set: 0.32ms
[191.367s][info][gc,phases   ] GC(346)   Merge Heap Roots: 0.14ms
[191.367s][info][gc,phases   ] GC(346)   Evacuate Collection Set: 36.92ms
[191.367s][info][gc,phases   ] GC(346)   Post Evacuate Collection Set: 0.56ms
[191.368s][info][gc,phases   ] GC(346)   Other: 0.08ms
[191.368s][info][gc,heap     ] GC(346) Eden regions: 230->0(233)
[191.368s][info][gc,heap     ] GC(346) Survivor regions: 14->31(31)
[191.368s][info][gc,heap     ] GC(346) Old regions: 146->138
[191.368s][info][gc,heap     ] GC(346) Humongous regions: 9->9
[191.368s][info][gc,metaspace] GC(346) Metaspace: 42091K(42496K)->42091K(42496K) NonClass: 39278K(39552K)->39278K(39552K) Class: 2813K(2944K)->2813K(2944K)
[191.368s][info][gc          ] GC(346) Pause Young (Mixed) (G1 Evacuation Pause) 398M->177M(527M) 38.240ms
[191.368s][info][gc,cpu      ] GC(346) User=0.08s Sys=0.00s Real=0.04s
[191.637s][info][gc,start    ] GC(347) Pause Young (Concurrent Start) (G1 Humongous Allocation)
[191.637s][info][gc,task     ] GC(347) Using 2 workers of 2 for evacuation
[191.682s][info][gc,phases   ] GC(347)   Pre Evacuate Collection Set: 0.24ms
[191.682s][info][gc,phases   ] GC(347)   Merge Heap Roots: 0.15ms
[191.682s][info][gc,phases   ] GC(347)   Evacuate Collection Set: 44.18ms
[191.682s][info][gc,phases   ] GC(347)   Post Evacuate Collection Set: 0.41ms
[191.682s][info][gc,phases   ] GC(347)   Other: 0.11ms
[191.682s][info][gc,heap     ] GC(347) Eden regions: 122->0(230)
[191.682s][info][gc,heap     ] GC(347) Survivor regions: 31->15(33)
[191.682s][info][gc,heap     ] GC(347) Old regions: 138->170
[191.682s][info][gc,heap     ] GC(347) Humongous regions: 9->9
[191.682s][info][gc,metaspace] GC(347) Metaspace: 42091K(42496K)->42091K(42496K) NonClass: 39278K(39552K)->39278K(39552K) Class: 2813K(2944K)->2813K(2944K)
[191.682s][info][gc          ] GC(347) Pause Young (Concurrent Start) (G1 Humongous Allocation) 299M->192M(527M) 45.324ms
[191.682s][info][gc,cpu      ] GC(347) User=0.09s Sys=0.00s Real=0.05s
[191.682s][info][gc          ] GC(348) Concurrent Mark Cycle
[191.682s][info][gc,marking  ] GC(348) Concurrent Scan Root Regions
[191.716s][info][gc,marking  ] GC(348) Concurrent Scan Root Regions 34.047ms
[191.716s][info][gc,marking  ] GC(348) Concurrent Mark
[191.716s][info][gc,marking  ] GC(348) Concurrent Mark From Roots
[191.716s][info][gc,task     ] GC(348) Using 1 workers of 1 for marking
[191.852s][info][gc,marking  ] GC(348) Concurrent Mark From Roots 135.430ms
[191.852s][info][gc,marking  ] GC(348) Concurrent Preclean
[191.852s][info][gc,marking  ] GC(348) Concurrent Preclean 0.058ms
[191.852s][info][gc,start    ] GC(348) Pause Remark
[191.867s][info][gc          ] GC(348) Pause Remark 264M->254M(527M) 15.079ms
[191.867s][info][gc,cpu      ] GC(348) User=0.03s Sys=0.00s Real=0.01s
[191.867s][info][gc,marking  ] GC(348) Concurrent Mark 150.875ms
[191.867s][info][gc,marking  ] GC(348) Concurrent Rebuild Remembered Sets and Scrub Regions
[191.950s][info][gc,marking  ] GC(348) Concurrent Rebuild Remembered Sets and Scrub Regions 82.355ms
[191.950s][info][gc,start    ] GC(348) Pause Cleanup
[191.950s][info][gc          ] GC(348) Pause Cleanup 292M->292M(527M) 0.056ms
[191.950s][info][gc,cpu      ] GC(348) User=0.00s Sys=0.00s Real=0.00s
[191.950s][info][gc,marking  ] GC(348) Concurrent Clear Claimed Marks
[191.950s][info][gc,marking  ] GC(348) Concurrent Clear Claimed Marks 0.036ms
[191.950s][info][gc,marking  ] GC(348) Concurrent Cleanup for Next Mark
[191.951s][info][gc,marking  ] GC(348) Concurrent Cleanup for Next Mark 1.481ms
[191.951s][info][gc          ] GC(348) Concurrent Mark Cycle 269.147ms
[192.211s][info][gc,start    ] GC(349) Pause Young (Prepare Mixed) (G1 Evacuation Pause)
[192.211s][info][gc,task     ] GC(349) Using 2 workers of 2 for evacuation
[192.257s][info][gc,phases   ] GC(349)   Pre Evacuate Collection Set: 0.31ms
[192.257s][info][gc,phases   ] GC(349)   Merge Heap Roots: 0.17ms
[192.257s][info][gc,phases   ] GC(349)   Evacuate Collection Set: 44.63ms
[192.257s][info][gc,phases   ] GC(349)   Post Evacuate Collection Set: 0.53ms
[192.257s][info][gc,phases   ] GC(349)   Other: 0.08ms
[192.257s][info][gc,heap     ] GC(349) Eden regions: 230->0(223)
[192.257s][info][gc,heap     ] GC(349) Survivor regions: 15->31(31)
[192.257s][info][gc,heap     ] GC(349) Old regions: 164->174
[192.257s][info][gc,heap     ] GC(349) Humongous regions: 7->7
[192.257s][info][gc,metaspace] GC(349) Metaspace: 42091K(42496K)->42091K(42496K) NonClass: 39278K(39552K)->39278K(39552K) Class: 2813K(2944K)->2813K(2944K)
[192.257s][info][gc          ] GC(349) Pause Young (Prepare Mixed) (G1 Evacuation Pause) 414M->211M(527M) 45.969ms
[192.257s][info][gc,cpu      ] GC(349) User=0.09s Sys=0.00s Real=0.05s
[193.074s][info][gc,start    ] GC(350) Pause Young (Mixed) (G1 Evacuation Pause)
[193.074s][info][gc,task     ] GC(350) Using 2 workers of 2 for evacuation
[193.162s][info][gc,phases   ] GC(350)   Pre Evacuate Collection Set: 0.26ms
[193.162s][info][gc,phases   ] GC(350)   Merge Heap Roots: 0.27ms
[193.162s][info][gc,phases   ] GC(350)   Evacuate Collection Set: 86.15ms
[193.162s][info][gc,phases   ] GC(350)   Post Evacuate Collection Set: 0.62ms
[193.162s][info][gc,phases   ] GC(350)   Other: 0.11ms
[193.162s][info][gc,heap     ] GC(350) Eden regions: 223->0(190)
[193.162s][info][gc,heap     ] GC(350) Survivor regions: 31->32(32)
[193.162s][info][gc,heap     ] GC(350) Old regions: 174->202
[193.162s][info][gc,heap     ] GC(350) Humongous regions: 13->13
[193.162s][info][gc,metaspace] GC(350) Metaspace: 42091K(42496K)->42091K(42496K) NonClass: 39278K(39552K)->39278K(39552K) Class: 2813K(2944K)->2813K(2944K)
[193.162s][info][gc          ] GC(350) Pause Young (Mixed) (G1 Evacuation Pause) 440M->245M(527M) 87.650ms
[193.162s][info][gc,cpu      ] GC(350) User=0.17s Sys=0.00s Real=0.09s
[193.176s][info][gc,start    ] GC(351) Pause Young (Concurrent Start) (G1 Humongous Allocation)
[193.176s][info][gc,task     ] GC(351) Using 2 workers of 2 for evacuation
[193.212s][info][gc,phases   ] GC(351)   Pre Evacuate Collection Set: 0.24ms
[193.212s][info][gc,phases   ] GC(351)   Merge Heap Roots: 0.13ms
[193.212s][info][gc,phases   ] GC(351)   Evacuate Collection Set: 35.10ms
[193.212s][info][gc,phases   ] GC(351)   Post Evacuate Collection Set: 0.33ms
[193.212s][info][gc,phases   ] GC(351)   Other: 0.10ms
[193.212s][info][gc,heap     ] GC(351) Eden regions: 2->0(117)
[193.212s][info][gc,heap     ] GC(351) Survivor regions: 32->2(28)
[193.212s][info][gc,heap     ] GC(351) Old regions: 202->234
[193.212s][info][gc,heap     ] GC(351) Humongous regions: 13->13
[193.212s][info][gc,metaspace] GC(351) Metaspace: 42091K(42496K)->42091K(42496K) NonClass: 39278K(39552K)->39278K(39552K) Class: 2813K(2944K)->2813K(2944K)
[193.212s][info][gc          ] GC(351) Pause Young (Concurrent Start) (G1 Humongous Allocation) 247M->247M(527M) 36.101ms
[193.212s][info][gc,cpu      ] GC(351) User=0.07s Sys=0.00s Real=0.04s
[193.212s][info][gc          ] GC(352) Concurrent Mark Cycle
[193.212s][info][gc,marking  ] GC(352) Concurrent Scan Root Regions
[193.247s][info][gc,marking  ] GC(352) Concurrent Scan Root Regions 34.592ms
[193.247s][info][gc,marking  ] GC(352) Concurrent Mark
[193.247s][info][gc,marking  ] GC(352) Concurrent Mark From Roots
[193.247s][info][gc,task     ] GC(352) Using 1 workers of 1 for marking
[193.373s][info][gc,marking  ] GC(352) Concurrent Mark From Roots 126.309ms
[193.373s][info][gc,marking  ] GC(352) Concurrent Preclean
[193.373s][info][gc,marking  ] GC(352) Concurrent Preclean 0.041ms
[193.374s][info][gc,start    ] GC(352) Pause Remark
[193.388s][info][gc          ] GC(352) Pause Remark 262M->176M(527M) 14.386ms
[193.388s][info][gc,cpu      ] GC(352) User=0.03s Sys=0.00s Real=0.01s
[193.388s][info][gc,marking  ] GC(352) Concurrent Mark 141.075ms
[193.388s][info][gc,marking  ] GC(352) Concurrent Rebuild Remembered Sets and Scrub Regions
[193.474s][info][gc,marking  ] GC(352) Concurrent Rebuild Remembered Sets and Scrub Regions 86.211ms
[193.475s][info][gc,start    ] GC(352) Pause Cleanup
[193.475s][info][gc          ] GC(352) Pause Cleanup 180M->180M(527M) 0.064ms
[193.475s][info][gc,cpu      ] GC(352) User=0.00s Sys=0.00s Real=0.00s
[193.475s][info][gc,marking  ] GC(352) Concurrent Clear Claimed Marks
[193.475s][info][gc,marking  ] GC(352) Concurrent Clear Claimed Marks 0.039ms
[193.475s][info][gc,marking  ] GC(352) Concurrent Cleanup for Next Mark
[193.476s][info][gc,marking  ] GC(352) Concurrent Cleanup for Next Mark 1.509ms
[193.476s][info][gc          ] GC(352) Concurrent Mark Cycle 263.839ms
[194.138s][info][gc,start    ] GC(353) Pause Young (Prepare Mixed) (G1 Evacuation Pause)
[194.138s][info][gc,task     ] GC(353) Using 2 workers of 2 for evacuation
[194.160s][info][gc,phases   ] GC(353)   Pre Evacuate Collection Set: 0.24ms
[194.160s][info][gc,phases   ] GC(353)   Merge Heap Roots: 0.29ms
[194.160s][info][gc,phases   ] GC(353)   Evacuate Collection Set: 20.88ms
[194.160s][info][gc,phases   ] GC(353)   Post Evacuate Collection Set: 0.39ms
[194.160s][info][gc,phases   ] GC(353)   Other: 0.09ms
[194.160s][info][gc,heap     ] GC(353) Eden regions: 117->0(152)
[194.160s][info][gc,heap     ] GC(353) Survivor regions: 2->15(15)
[194.160s][info][gc,heap     ] GC(353) Old regions: 152->153
[194.160s][info][gc,heap     ] GC(353) Humongous regions: 15->13
[194.160s][info][gc,metaspace] GC(353) Metaspace: 42091K(42496K)->42091K(42496K) NonClass: 39278K(39552K)->39278K(39552K) Class: 2813K(2944K)->2813K(2944K)
[194.160s][info][gc          ] GC(353) Pause Young (Prepare Mixed) (G1 Evacuation Pause) 284M->180M(527M) 22.093ms
[194.160s][info][gc,cpu      ] GC(353) User=0.04s Sys=0.00s Real=0.02s
[194.816s][info][gc,start    ] GC(354) Pause Young (Mixed) (G1 Evacuation Pause)
[194.816s][info][gc,task     ] GC(354) Using 2 workers of 2 for evacuation
[194.842s][info][gc,phases   ] GC(354)   Pre Evacuate Collection Set: 0.23ms
[194.842s][info][gc,phases   ] GC(354)   Merge Heap Roots: 0.15ms
[194.842s][info][gc,phases   ] GC(354)   Evacuate Collection Set: 24.86ms
[194.842s][info][gc,phases   ] GC(354)   Post Evacuate Collection Set: 0.41ms
[194.842s][info][gc,phases   ] GC(354)   Other: 0.09ms
[194.842s][info][gc,heap     ] GC(354) Eden regions: 152->0(163)
[194.842s][info][gc,heap     ] GC(354) Survivor regions: 15->12(21)
[194.842s][info][gc,heap     ] GC(354) Old regions: 153->160
[194.842s][info][gc,heap     ] GC(354) Humongous regions: 13->13
[194.842s][info][gc,metaspace] GC(354) Metaspace: 42091K(42496K)->42091K(42496K) NonClass: 39278K(39552K)->39278K(39552K) Class: 2813K(2944K)->2813K(2944K)
[194.842s][info][gc          ] GC(354) Pause Young (Mixed) (G1 Evacuation Pause) 332M->184M(527M) 25.935ms
[194.842s][info][gc,cpu      ] GC(354) User=0.05s Sys=0.00s Real=0.03s
[195.733s][info][gc,start    ] GC(355) Pause Young (Concurrent Start) (G1 Evacuation Pause)
[195.733s][info][gc,task     ] GC(355) Using 2 workers of 2 for evacuation
[195.756s][info][gc,phases   ] GC(355)   Pre Evacuate Collection Set: 0.26ms
[195.756s][info][gc,phases   ] GC(355)   Merge Heap Roots: 0.07ms
[195.756s][info][gc,phases   ] GC(355)   Evacuate Collection Set: 22.07ms
[195.756s][info][gc,phases   ] GC(355)   Post Evacuate Collection Set: 0.42ms
[195.756s][info][gc,phases   ] GC(355)   Other: 0.16ms
[195.756s][info][gc,heap     ] GC(355) Eden regions: 163->0(170)
[195.756s][info][gc,heap     ] GC(355) Survivor regions: 12->15(22)
[195.756s][info][gc,heap     ] GC(355) Old regions: 160->172
[195.756s][info][gc,heap     ] GC(355) Humongous regions: 13->13
[195.756s][info][gc,metaspace] GC(355) Metaspace: 42099K(42496K)->42099K(42496K) NonClass: 39286K(39552K)->39286K(39552K) Class: 2813K(2944K)->2813K(2944K)
[195.756s][info][gc          ] GC(355) Pause Young (Concurrent Start) (G1 Evacuation Pause) 347M->199M(527M) 23.188ms
[195.756s][info][gc,cpu      ] GC(355) User=0.04s Sys=0.00s Real=0.02s
[195.756s][info][gc          ] GC(356) Concurrent Mark Cycle
[195.756s][info][gc,marking  ] GC(356) Concurrent Scan Root Regions
[195.786s][info][gc,marking  ] GC(356) Concurrent Scan Root Regions 30.206ms
[195.786s][info][gc,marking  ] GC(356) Concurrent Mark
[195.786s][info][gc,marking  ] GC(356) Concurrent Mark From Roots
[195.787s][info][gc,task     ] GC(356) Using 1 workers of 1 for marking
[195.822s][info][gc,marking  ] GC(356) Concurrent Mark From Roots 35.438ms
[195.822s][info][gc,marking  ] GC(356) Concurrent Preclean
[195.822s][info][gc,marking  ] GC(356) Concurrent Preclean 0.034ms
[195.822s][info][gc,start    ] GC(356) Pause Remark
[195.836s][info][gc          ] GC(356) Pause Remark 205M->94M(297M) 13.464ms
[195.836s][info][gc,cpu      ] GC(356) User=0.03s Sys=0.00s Real=0.01s
[195.836s][info][gc,marking  ] GC(356) Concurrent Mark 49.342ms
[195.836s][info][gc,marking  ] GC(356) Concurrent Rebuild Remembered Sets and Scrub Regions
[195.854s][info][gc,marking  ] GC(356) Concurrent Rebuild Remembered Sets and Scrub Regions 18.294ms
[195.854s][info][gc,start    ] GC(356) Pause Cleanup
[195.854s][info][gc          ] GC(356) Pause Cleanup 97M->97M(297M) 0.060ms
[195.854s][info][gc,cpu      ] GC(356) User=0.00s Sys=0.00s Real=0.00s
[195.854s][info][gc,marking  ] GC(356) Concurrent Clear Claimed Marks
[195.854s][info][gc,marking  ] GC(356) Concurrent Clear Claimed Marks 0.039ms
[195.854s][info][gc,marking  ] GC(356) Concurrent Cleanup for Next Mark
[195.855s][info][gc,marking  ] GC(356) Concurrent Cleanup for Next Mark 0.861ms
[195.855s][info][gc          ] GC(356) Concurrent Mark Cycle 99.108ms
[196.679s][info][gc,start    ] GC(357) Pause Young (Prepare Mixed) (G1 Evacuation Pause)
[196.679s][info][gc,task     ] GC(357) Using 2 workers of 2 for evacuation
[196.698s][info][gc,phases   ] GC(357)   Pre Evacuate Collection Set: 0.23ms
[196.698s][info][gc,phases   ] GC(357)   Merge Heap Roots: 0.11ms
[196.698s][info][gc,phases   ] GC(357)   Evacuate Collection Set: 18.08ms
[196.698s][info][gc,phases   ] GC(357)   Post Evacuate Collection Set: 0.40ms
[196.698s][info][gc,phases   ] GC(357)   Other: 0.09ms
[196.698s][info][gc,heap     ] GC(357) Eden regions: 163->0(121)
[196.698s][info][gc,heap     ] GC(357) Survivor regions: 15->17(23)
[196.698s][info][gc,heap     ] GC(357) Old regions: 73->77
[196.698s][info][gc,heap     ] GC(357) Humongous regions: 1->1
[196.698s][info][gc,metaspace] GC(357) Metaspace: 42099K(42496K)->42099K(42496K) NonClass: 39286K(39552K)->39286K(39552K) Class: 2813K(2944K)->2813K(2944K)
[196.698s][info][gc          ] GC(357) Pause Young (Prepare Mixed) (G1 Evacuation Pause) 251M->93M(297M) 19.113ms
[196.698s][info][gc,cpu      ] GC(357) User=0.04s Sys=0.00s Real=0.02s
[197.398s][info][gc,start    ] GC(358) Pause Young (Mixed) (G1 Evacuation Pause)
[197.398s][info][gc,task     ] GC(358) Using 2 workers of 2 for evacuation
[197.423s][info][gc,phases   ] GC(358)   Pre Evacuate Collection Set: 0.18ms
[197.423s][info][gc,phases   ] GC(358)   Merge Heap Roots: 0.10ms
[197.423s][info][gc,phases   ] GC(358)   Evacuate Collection Set: 23.48ms
[197.423s][info][gc,phases   ] GC(358)   Post Evacuate Collection Set: 0.43ms
[197.423s][info][gc,phases   ] GC(358)   Other: 0.07ms
[197.423s][info][gc,heap     ] GC(358) Eden regions: 121->0(130)
[197.423s][info][gc,heap     ] GC(358) Survivor regions: 17->11(18)
[197.423s][info][gc,heap     ] GC(358) Old regions: 77->77
[197.423s][info][gc,heap     ] GC(358) Humongous regions: 1->1
[197.423s][info][gc,metaspace] GC(358) Metaspace: 42099K(42496K)->42099K(42496K) NonClass: 39286K(39552K)->39286K(39552K) Class: 2813K(2944K)->2813K(2944K)
[197.423s][info][gc          ] GC(358) Pause Young (Mixed) (G1 Evacuation Pause) 214M->88M(297M) 24.449ms
[197.423s][info][gc,cpu      ] GC(358) User=0.05s Sys=0.00s Real=0.03s
[197.550s][info][gc,start    ] GC(359) Pause Young (Concurrent Start) (G1 Humongous Allocation)
[197.550s][info][gc,task     ] GC(359) Using 2 workers of 2 for evacuation
[197.563s][info][gc,phases   ] GC(359)   Pre Evacuate Collection Set: 0.19ms
[197.563s][info][gc,phases   ] GC(359)   Merge Heap Roots: 0.08ms
[197.563s][info][gc,phases   ] GC(359)   Evacuate Collection Set: 12.33ms
[197.563s][info][gc,phases   ] GC(359)   Post Evacuate Collection Set: 0.29ms
[197.563s][info][gc,phases   ] GC(359)   Other: 0.11ms
[197.563s][info][gc,heap     ] GC(359) Eden regions: 15->0(129)
[197.563s][info][gc,heap     ] GC(359) Survivor regions: 11->3(18)
[197.563s][info][gc,heap     ] GC(359) Old regions: 77->88
[197.563s][info][gc,heap     ] GC(359) Humongous regions: 1->1
[197.563s][info][gc,metaspace] GC(359) Metaspace: 42099K(42496K)->42099K(42496K) NonClass: 39286K(39552K)->39286K(39552K) Class: 2813K(2944K)->2813K(2944K)
[197.563s][info][gc          ] GC(359) Pause Young (Concurrent Start) (G1 Humongous Allocation) 102M->90M(297M) 13.186ms
[197.563s][info][gc,cpu      ] GC(359) User=0.02s Sys=0.00s Real=0.02s
[197.563s][info][gc          ] GC(360) Concurrent Mark Cycle
[197.563s][info][gc,marking  ] GC(360) Concurrent Scan Root Regions
[197.581s][info][gc,marking  ] GC(360) Concurrent Scan Root Regions 17.698ms
[197.581s][info][gc,marking  ] GC(360) Concurrent Mark
[197.581s][info][gc,marking  ] GC(360) Concurrent Mark From Roots
[197.581s][info][gc,task     ] GC(360) Using 1 workers of 1 for marking
[197.641s][info][gc,marking  ] GC(360) Concurrent Mark From Roots 60.492ms
[197.641s][info][gc,marking  ] GC(360) Concurrent Preclean
[197.641s][info][gc,marking  ] GC(360) Concurrent Preclean 0.034ms
[197.641s][info][gc,start    ] GC(360) Pause Remark
[197.655s][info][gc          ] GC(360) Pause Remark 100M->93M(287M) 13.789ms
[197.655s][info][gc,cpu      ] GC(360) User=0.03s Sys=0.00s Real=0.01s
[197.655s][info][gc,marking  ] GC(360) Concurrent Mark 74.598ms
[197.655s][info][gc,marking  ] GC(360) Concurrent Rebuild Remembered Sets and Scrub Regions
[197.683s][info][gc,marking  ] GC(360) Concurrent Rebuild Remembered Sets and Scrub Regions 27.613ms
[197.683s][info][gc,start    ] GC(360) Pause Cleanup
[197.683s][info][gc          ] GC(360) Pause Cleanup 98M->98M(287M) 0.057ms
[197.683s][info][gc,cpu      ] GC(360) User=0.00s Sys=0.00s Real=0.00s
[197.683s][info][gc,marking  ] GC(360) Concurrent Clear Claimed Marks
[197.683s][info][gc,marking  ] GC(360) Concurrent Clear Claimed Marks 0.034ms
[197.683s][info][gc,marking  ] GC(360) Concurrent Cleanup for Next Mark
[197.684s][info][gc,marking  ] GC(360) Concurrent Cleanup for Next Mark 0.805ms
[197.684s][info][gc          ] GC(360) Concurrent Mark Cycle 121.053ms
[198.346s][info][gc,start    ] GC(361) Pause Young (Prepare Mixed) (G1 Evacuation Pause)
[198.346s][info][gc,task     ] GC(361) Using 2 workers of 2 for evacuation
[198.359s][info][gc,phases   ] GC(361)   Pre Evacuate Collection Set: 0.21ms
[198.359s][info][gc,phases   ] GC(361)   Merge Heap Roots: 0.07ms
[198.359s][info][gc,phases   ] GC(361)   Evacuate Collection Set: 11.98ms
[198.359s][info][gc,phases   ] GC(361)   Post Evacuate Collection Set: 0.39ms
[198.359s][info][gc,phases   ] GC(361)   Other: 0.07ms
[198.359s][info][gc,heap     ] GC(361) Eden regions: 129->0(127)
[198.359s][info][gc,heap     ] GC(361) Survivor regions: 3->13(17)
[198.359s][info][gc,heap     ] GC(361) Old regions: 81->81
[198.359s][info][gc,heap     ] GC(361) Humongous regions: 2->2
[198.359s][info][gc,metaspace] GC(361) Metaspace: 42099K(42496K)->42099K(42496K) NonClass: 39286K(39552K)->39286K(39552K) Class: 2813K(2944K)->2813K(2944K)
[198.359s][info][gc          ] GC(361) Pause Young (Prepare Mixed) (G1 Evacuation Pause) 213M->94M(287M) 12.906ms
[198.359s][info][gc,cpu      ] GC(361) User=0.03s Sys=0.00s Real=0.01s
[199.045s][info][gc,start    ] GC(362) Pause Young (Mixed) (G1 Evacuation Pause)
[199.045s][info][gc,task     ] GC(362) Using 2 workers of 2 for evacuation
[199.072s][info][gc,phases   ] GC(362)   Pre Evacuate Collection Set: 0.19ms
[199.073s][info][gc,phases   ] GC(362)   Merge Heap Roots: 0.20ms
[199.073s][info][gc,phases   ] GC(362)   Evacuate Collection Set: 26.87ms
[199.073s][info][gc,phases   ] GC(362)   Post Evacuate Collection Set: 0.57ms
[199.073s][info][gc,phases   ] GC(362)   Other: 0.07ms
[199.073s][info][gc,heap     ] GC(362) Eden regions: 127->0(138)
[199.073s][info][gc,heap     ] GC(362) Survivor regions: 13->11(18)
[199.073s][info][gc,heap     ] GC(362) Old regions: 81->69
[199.073s][info][gc,heap     ] GC(362) Humongous regions: 2->2
[199.073s][info][gc,metaspace] GC(362) Metaspace: 42099K(42496K)->42099K(42496K) NonClass: 39286K(39552K)->39286K(39552K) Class: 2813K(2944K)->2813K(2944K)
[199.073s][info][gc          ] GC(362) Pause Young (Mixed) (G1 Evacuation Pause) 221M->81M(287M) 28.102ms
[199.073s][info][gc,cpu      ] GC(362) User=0.06s Sys=0.00s Real=0.03s
[199.216s][info][gc,start    ] GC(363) Pause Young (Concurrent Start) (G1 Humongous Allocation)
[199.216s][info][gc,task     ] GC(363) Using 2 workers of 2 for evacuation
[199.234s][info][gc,phases   ] GC(363)   Pre Evacuate Collection Set: 0.18ms
[199.234s][info][gc,phases   ] GC(363)   Merge Heap Roots: 0.05ms
[199.234s][info][gc,phases   ] GC(363)   Evacuate Collection Set: 17.24ms
[199.234s][info][gc,phases   ] GC(363)   Post Evacuate Collection Set: 0.32ms
[199.234s][info][gc,phases   ] GC(363)   Other: 0.09ms
[199.234s][info][gc,heap     ] GC(363) Eden regions: 39->0(135)
[199.234s][info][gc,heap     ] GC(363) Survivor regions: 11->9(19)
[199.234s][info][gc,heap     ] GC(363) Old regions: 69->80
[199.234s][info][gc,heap     ] GC(363) Humongous regions: 2->2
[199.234s][info][gc,metaspace] GC(363) Metaspace: 42099K(42496K)->42099K(42496K) NonClass: 39286K(39552K)->39286K(39552K) Class: 2813K(2944K)->2813K(2944K)
[199.234s][info][gc          ] GC(363) Pause Young (Concurrent Start) (G1 Humongous Allocation) 119M->90M(287M) 18.067ms
[199.234s][info][gc          ] GC(364) Concurrent Mark Cycle
[199.234s][info][gc,marking  ] GC(364) Concurrent Scan Root Regions
[199.236s][info][gc,cpu      ] GC(363) User=0.03s Sys=0.00s Real=0.02s
[199.252s][info][gc,marking  ] GC(364) Concurrent Scan Root Regions 18.635ms
[199.252s][info][gc,marking  ] GC(364) Concurrent Mark
[199.252s][info][gc,marking  ] GC(364) Concurrent Mark From Roots
[199.252s][info][gc,task     ] GC(364) Using 1 workers of 1 for marking
[199.314s][info][gc,marking  ] GC(364) Concurrent Mark From Roots 61.594ms
[199.314s][info][gc,marking  ] GC(364) Concurrent Preclean
[199.314s][info][gc,marking  ] GC(364) Concurrent Preclean 0.042ms
[199.314s][info][gc,start    ] GC(364) Pause Remark
[199.328s][info][gc          ] GC(364) Pause Remark 126M->107M(256M) 14.000ms
[199.328s][info][gc,cpu      ] GC(364) User=0.03s Sys=0.00s Real=0.01s
[199.328s][info][gc,marking  ] GC(364) Concurrent Mark 75.912ms
[199.328s][info][gc,marking  ] GC(364) Concurrent Rebuild Remembered Sets and Scrub Regions
[199.347s][info][gc,marking  ] GC(364) Concurrent Rebuild Remembered Sets and Scrub Regions 19.072ms
[199.348s][info][gc,start    ] GC(364) Pause Cleanup
[199.348s][info][gc          ] GC(364) Pause Cleanup 115M->115M(256M) 0.043ms
[199.348s][info][gc,cpu      ] GC(364) User=0.00s Sys=0.00s Real=0.00s
[199.348s][info][gc,marking  ] GC(364) Concurrent Clear Claimed Marks
[199.348s][info][gc,marking  ] GC(364) Concurrent Clear Claimed Marks 0.036ms
[199.348s][info][gc,marking  ] GC(364) Concurrent Cleanup for Next Mark
[199.348s][info][gc,marking  ] GC(364) Concurrent Cleanup for Next Mark 0.749ms
[199.348s][info][gc          ] GC(364) Concurrent Mark Cycle 114.735ms
[199.569s][info][gc,start    ] GC(365) Pause Young (Prepare Mixed) (G1 Evacuation Pause)
[199.569s][info][gc,task     ] GC(365) Using 2 workers of 2 for evacuation
[199.589s][info][gc,phases   ] GC(365)   Pre Evacuate Collection Set: 0.23ms
[199.589s][info][gc,phases   ] GC(365)   Merge Heap Roots: 0.10ms
[199.589s][info][gc,phases   ] GC(365)   Evacuate Collection Set: 19.34ms
[199.589s][info][gc,phases   ] GC(365)   Post Evacuate Collection Set: 0.41ms
[199.589s][info][gc,phases   ] GC(365)   Other: 0.07ms
[199.589s][info][gc,heap     ] GC(365) Eden regions: 135->0(123)
[199.589s][info][gc,heap     ] GC(365) Survivor regions: 9->18(18)
[199.589s][info][gc,heap     ] GC(365) Old regions: 61->63
[199.589s][info][gc,heap     ] GC(365) Humongous regions: 4->4
[199.589s][info][gc,metaspace] GC(365) Metaspace: 42099K(42496K)->42099K(42496K) NonClass: 39286K(39552K)->39286K(39552K) Class: 2813K(2944K)->2813K(2944K)
[199.589s][info][gc          ] GC(365) Pause Young (Prepare Mixed) (G1 Evacuation Pause) 208M->84M(256M) 20.378ms
[199.589s][info][gc,cpu      ] GC(365) User=0.04s Sys=0.00s Real=0.02s
[199.850s][info][gc,start    ] GC(366) Pause Young (Mixed) (G1 Evacuation Pause)
[199.851s][info][gc,task     ] GC(366) Using 2 workers of 2 for evacuation
[199.883s][info][gc,phases   ] GC(366)   Pre Evacuate Collection Set: 0.22ms
[199.883s][info][gc,phases   ] GC(366)   Merge Heap Roots: 0.15ms
[199.883s][info][gc,phases   ] GC(366)   Evacuate Collection Set: 31.36ms
[199.883s][info][gc,phases   ] GC(366)   Post Evacuate Collection Set: 0.40ms
[199.883s][info][gc,phases   ] GC(366)   Other: 0.10ms
[199.883s][info][gc,heap     ] GC(366) Eden regions: 123->0(123)
[199.883s][info][gc,heap     ] GC(366) Survivor regions: 18->15(18)
[199.883s][info][gc,heap     ] GC(366) Old regions: 63->67
[199.883s][info][gc,heap     ] GC(366) Humongous regions: 4->4
[199.883s][info][gc,metaspace] GC(366) Metaspace: 42099K(42496K)->42099K(42496K) NonClass: 39286K(39552K)->39286K(39552K) Class: 2813K(2944K)->2813K(2944K)
[199.883s][info][gc          ] GC(366) Pause Young (Mixed) (G1 Evacuation Pause) 207M->85M(256M) 32.467ms
[199.883s][info][gc,cpu      ] GC(366) User=0.06s Sys=0.00s Real=0.04s
[199.917s][info][gc,start    ] GC(367) Pause Young (Concurrent Start) (G1 Humongous Allocation)
[199.917s][info][gc,task     ] GC(367) Using 2 workers of 2 for evacuation
[199.930s][info][gc,phases   ] GC(367)   Pre Evacuate Collection Set: 0.17ms
[199.930s][info][gc,phases   ] GC(367)   Merge Heap Roots: 0.05ms
[199.930s][info][gc,phases   ] GC(367)   Evacuate Collection Set: 12.40ms
[199.930s][info][gc,phases   ] GC(367)   Post Evacuate Collection Set: 0.28ms
[199.930s][info][gc,phases   ] GC(367)   Other: 0.08ms
[199.930s][info][gc,heap     ] GC(367) Eden regions: 14->0(124)
[199.930s][info][gc,heap     ] GC(367) Survivor regions: 15->2(18)
[199.930s][info][gc,heap     ] GC(367) Old regions: 67->82
[199.930s][info][gc,heap     ] GC(367) Humongous regions: 4->4
[199.930s][info][gc,metaspace] GC(367) Metaspace: 42099K(42496K)->42099K(42496K) NonClass: 39286K(39552K)->39286K(39552K) Class: 2813K(2944K)->2813K(2944K)
[199.930s][info][gc          ] GC(367) Pause Young (Concurrent Start) (G1 Humongous Allocation) 99M->87M(256M) 13.129ms
[199.930s][info][gc,cpu      ] GC(367) User=0.03s Sys=0.00s Real=0.01s
[199.930s][info][gc          ] GC(368) Concurrent Mark Cycle
[199.930s][info][gc,marking  ] GC(368) Concurrent Scan Root Regions
[199.943s][info][gc,marking  ] GC(368) Concurrent Scan Root Regions 13.436ms
[199.943s][info][gc,marking  ] GC(368) Concurrent Mark
[199.943s][info][gc,marking  ] GC(368) Concurrent Mark From Roots
[199.943s][info][gc,task     ] GC(368) Using 1 workers of 1 for marking
[199.995s][info][gc,marking  ] GC(368) Concurrent Mark From Roots 52.303ms
[199.996s][info][gc,marking  ] GC(368) Concurrent Preclean
[199.996s][info][gc,marking  ] GC(368) Concurrent Preclean 0.034ms
[199.996s][info][gc,start    ] GC(368) Pause Remark
[200.011s][info][gc          ] GC(368) Pause Remark 111M->102M(256M) 14.920ms
[200.011s][info][gc,cpu      ] GC(368) User=0.03s Sys=0.00s Real=0.01s
[200.011s][info][gc,marking  ] GC(368) Concurrent Mark 67.512ms
[200.011s][info][gc,marking  ] GC(368) Concurrent Rebuild Remembered Sets and Scrub Regions
[200.046s][info][gc,marking  ] GC(368) Concurrent Rebuild Remembered Sets and Scrub Regions 35.053ms
[200.046s][info][gc,start    ] GC(368) Pause Cleanup
[200.046s][info][gc          ] GC(368) Pause Cleanup 117M->117M(256M) 0.041ms
[200.046s][info][gc,cpu      ] GC(368) User=0.00s Sys=0.00s Real=0.00s
[200.046s][info][gc,marking  ] GC(368) Concurrent Clear Claimed Marks
[200.046s][info][gc,marking  ] GC(368) Concurrent Clear Claimed Marks 0.036ms
[200.046s][info][gc,marking  ] GC(368) Concurrent Cleanup for Next Mark
[200.047s][info][gc,marking  ] GC(368) Concurrent Cleanup for Next Mark 0.722ms
[200.047s][info][gc          ] GC(368) Concurrent Mark Cycle 117.387ms
[200.229s][info][gc,start    ] GC(369) Pause Young (Prepare Mixed) (G1 Evacuation Pause)
[200.229s][info][gc,task     ] GC(369) Using 2 workers of 2 for evacuation
[200.249s][info][gc,phases   ] GC(369)   Pre Evacuate Collection Set: 0.15ms
[200.249s][info][gc,phases   ] GC(369)   Merge Heap Roots: 0.08ms
[200.249s][info][gc,phases   ] GC(369)   Evacuate Collection Set: 19.42ms
[200.249s][info][gc,phases   ] GC(369)   Post Evacuate Collection Set: 0.38ms
[200.249s][info][gc,phases   ] GC(369)   Other: 0.06ms
[200.249s][info][gc,heap     ] GC(369) Eden regions: 124->0(121)
[200.249s][info][gc,heap     ] GC(369) Survivor regions: 2->16(16)
[200.249s][info][gc,heap     ] GC(369) Old regions: 72->72
[200.249s][info][gc,heap     ] GC(369) Humongous regions: 6->6
[200.249s][info][gc,metaspace] GC(369) Metaspace: 42099K(42496K)->42099K(42496K) NonClass: 39286K(39552K)->39286K(39552K) Class: 2813K(2944K)->2813K(2944K)
[200.249s][info][gc          ] GC(369) Pause Young (Prepare Mixed) (G1 Evacuation Pause) 204M->94M(256M) 20.299ms
[200.249s][info][gc,cpu      ] GC(369) User=0.04s Sys=0.00s Real=0.02s
[200.509s][info][gc,start    ] GC(370) Pause Young (Mixed) (G1 Evacuation Pause)
[200.509s][info][gc,task     ] GC(370) Using 2 workers of 2 for evacuation
[200.542s][info][gc,phases   ] GC(370)   Pre Evacuate Collection Set: 0.17ms
[200.542s][info][gc,phases   ] GC(370)   Merge Heap Roots: 0.10ms
[200.542s][info][gc,phases   ] GC(370)   Evacuate Collection Set: 33.03ms
[200.542s][info][gc,phases   ] GC(370)   Post Evacuate Collection Set: 0.45ms
[200.543s][info][gc,phases   ] GC(370)   Other: 0.07ms
[200.543s][info][gc,heap     ] GC(370) Eden regions: 121->0(115)
[200.543s][info][gc,heap     ] GC(370) Survivor regions: 16->14(18)
[200.543s][info][gc,heap     ] GC(370) Old regions: 72->84
[200.543s][info][gc,heap     ] GC(370) Humongous regions: 6->6
[200.543s][info][gc,metaspace] GC(370) Metaspace: 42099K(42496K)->42099K(42496K) NonClass: 39286K(39552K)->39286K(39552K) Class: 2813K(2944K)->2813K(2944K)
[200.543s][info][gc          ] GC(370) Pause Young (Mixed) (G1 Evacuation Pause) 215M->103M(256M) 34.019ms
[200.543s][info][gc,cpu      ] GC(370) User=0.07s Sys=0.00s Real=0.04s
[200.611s][info][gc,start    ] GC(371) Pause Young (Concurrent Start) (G1 Humongous Allocation)
[200.611s][info][gc,task     ] GC(371) Using 2 workers of 2 for evacuation
[200.629s][info][gc,phases   ] GC(371)   Pre Evacuate Collection Set: 0.19ms
[200.629s][info][gc,phases   ] GC(371)   Merge Heap Roots: 0.06ms
[200.629s][info][gc,phases   ] GC(371)   Evacuate Collection Set: 16.55ms
[200.629s][info][gc,phases   ] GC(371)   Post Evacuate Collection Set: 1.15ms
[200.629s][info][gc,phases   ] GC(371)   Other: 0.09ms
[200.629s][info][gc,heap     ] GC(371) Eden regions: 29->0(191)
[200.629s][info][gc,heap     ] GC(371) Survivor regions: 14->4(17)
[200.629s][info][gc,heap     ] GC(371) Old regions: 84->98
[200.629s][info][gc,heap     ] GC(371) Humongous regions: 6->6
[200.629s][info][gc,metaspace] GC(371) Metaspace: 42099K(42496K)->42099K(42496K) NonClass: 39286K(39552K)->39286K(39552K) Class: 2813K(2944K)->2813K(2944K)
[200.629s][info][gc          ] GC(371) Pause Young (Concurrent Start) (G1 Humongous Allocation) 132M->108M(372M) 18.213ms
[200.629s][info][gc,cpu      ] GC(371) User=0.03s Sys=0.00s Real=0.02s
[200.629s][info][gc          ] GC(372) Concurrent Mark Cycle
[200.629s][info][gc,marking  ] GC(372) Concurrent Scan Root Regions
[200.643s][info][gc,marking  ] GC(372) Concurrent Scan Root Regions 13.923ms
[200.643s][info][gc,marking  ] GC(372) Concurrent Mark
[200.643s][info][gc,marking  ] GC(372) Concurrent Mark From Roots
[200.643s][info][gc,task     ] GC(372) Using 1 workers of 1 for marking
[200.736s][info][gc,marking  ] GC(372) Concurrent Mark From Roots 92.923ms
[200.736s][info][gc,marking  ] GC(372) Concurrent Preclean
[200.736s][info][gc,marking  ] GC(372) Concurrent Preclean 0.036ms
[200.736s][info][gc,start    ] GC(372) Pause Remark
[200.750s][info][gc          ] GC(372) Pause Remark 135M->134M(370M) 13.550ms
[200.750s][info][gc,cpu      ] GC(372) User=0.03s Sys=0.00s Real=0.01s
[200.750s][info][gc,marking  ] GC(372) Concurrent Mark 106.826ms
[200.750s][info][gc,marking  ] GC(372) Concurrent Rebuild Remembered Sets and Scrub Regions
[200.806s][info][gc,marking  ] GC(372) Concurrent Rebuild Remembered Sets and Scrub Regions 55.775ms
[200.806s][info][gc,start    ] GC(372) Pause Cleanup
[200.806s][info][gc          ] GC(372) Pause Cleanup 153M->153M(370M) 0.048ms
[200.806s][info][gc,cpu      ] GC(372) User=0.00s Sys=0.00s Real=0.00s
[200.806s][info][gc,marking  ] GC(372) Concurrent Clear Claimed Marks
[200.806s][info][gc,marking  ] GC(372) Concurrent Clear Claimed Marks 0.037ms
[200.806s][info][gc,marking  ] GC(372) Concurrent Cleanup for Next Mark
[200.808s][info][gc,marking  ] GC(372) Concurrent Cleanup for Next Mark 2.186ms
[200.808s][info][gc          ] GC(372) Concurrent Mark Cycle 179.112ms
[201.685s][info][gc,start    ] GC(373) Pause Young (Prepare Mixed) (G1 Evacuation Pause)
[201.686s][info][gc,task     ] GC(373) Using 2 workers of 2 for evacuation
[201.739s][info][gc,phases   ] GC(373)   Pre Evacuate Collection Set: 0.22ms
[201.739s][info][gc,phases   ] GC(373)   Merge Heap Roots: 0.19ms
[201.739s][info][gc,phases   ] GC(373)   Evacuate Collection Set: 52.41ms
[201.739s][info][gc,phases   ] GC(373)   Post Evacuate Collection Set: 0.53ms
[201.739s][info][gc,phases   ] GC(373)   Other: 0.08ms
[201.739s][info][gc,heap     ] GC(373) Eden regions: 191->0(149)
[201.739s][info][gc,heap     ] GC(373) Survivor regions: 4->25(25)
[201.739s][info][gc,heap     ] GC(373) Old regions: 98->114
[201.739s][info][gc,heap     ] GC(373) Humongous regions: 17->17
[201.739s][info][gc,metaspace] GC(373) Metaspace: 42099K(42496K)->42099K(42496K) NonClass: 39286K(39552K)->39286K(39552K) Class: 2813K(2944K)->2813K(2944K)
[201.739s][info][gc          ] GC(373) Pause Young (Prepare Mixed) (G1 Evacuation Pause) 310M->155M(370M) 53.647ms
[201.739s][info][gc,cpu      ] GC(373) User=0.11s Sys=0.00s Real=0.05s
[202.585s][info][gc,start    ] GC(374) Pause Young (Mixed) (G1 Evacuation Pause)
[202.585s][info][gc,task     ] GC(374) Using 2 workers of 2 for evacuation
[202.628s][info][gc,phases   ] GC(374)   Pre Evacuate Collection Set: 0.21ms
[202.628s][info][gc,phases   ] GC(374)   Merge Heap Roots: 0.23ms
[202.628s][info][gc,phases   ] GC(374)   Evacuate Collection Set: 41.87ms
[202.628s][info][gc,phases   ] GC(374)   Post Evacuate Collection Set: 0.48ms
[202.628s][info][gc,phases   ] GC(374)   Other: 0.07ms
[202.628s][info][gc,heap     ] GC(374) Eden regions: 149->0(156)
[202.628s][info][gc,heap     ] GC(374) Survivor regions: 25->6(22)
[202.628s][info][gc,heap     ] GC(374) Old regions: 114->134
[202.628s][info][gc,heap     ] GC(374) Humongous regions: 17->15
[202.628s][info][gc,metaspace] GC(374) Metaspace: 42100K(42496K)->42100K(42496K) NonClass: 39286K(39552K)->39286K(39552K) Class: 2813K(2944K)->2813K(2944K)
[202.628s][info][gc          ] GC(374) Pause Young (Mixed) (G1 Evacuation Pause) 304M->154M(370M) 43.047ms
[202.628s][info][gc,cpu      ] GC(374) User=0.09s Sys=0.00s Real=0.04s
[203.279s][info][gc,start    ] GC(375) Pause Young (Concurrent Start) (G1 Evacuation Pause)
[203.279s][info][gc,task     ] GC(375) Using 2 workers of 2 for evacuation
[203.292s][info][gc,phases   ] GC(375)   Pre Evacuate Collection Set: 0.22ms
[203.292s][info][gc,phases   ] GC(375)   Merge Heap Roots: 0.08ms
[203.292s][info][gc,phases   ] GC(375)   Evacuate Collection Set: 12.76ms
[203.292s][info][gc,phases   ] GC(375)   Post Evacuate Collection Set: 0.40ms
[203.292s][info][gc,phases   ] GC(375)   Other: 0.10ms
[203.292s][info][gc,heap     ] GC(375) Eden regions: 156->0(154)
[203.292s][info][gc,heap     ] GC(375) Survivor regions: 6->15(21)
[203.292s][info][gc,heap     ] GC(375) Old regions: 134->134
[203.292s][info][gc,heap     ] GC(375) Humongous regions: 15->15
[203.292s][info][gc,metaspace] GC(375) Metaspace: 42100K(42496K)->42100K(42496K) NonClass: 39286K(39552K)->39286K(39552K) Class: 2813K(2944K)->2813K(2944K)
[203.292s][info][gc          ] GC(375) Pause Young (Concurrent Start) (G1 Evacuation Pause) 310M->163M(370M) 13.743ms
[203.292s][info][gc,cpu      ] GC(375) User=0.03s Sys=0.00s Real=0.02s
[203.292s][info][gc          ] GC(376) Concurrent Mark Cycle
[203.292s][info][gc,marking  ] GC(376) Concurrent Scan Root Regions
[203.311s][info][gc,marking  ] GC(376) Concurrent Scan Root Regions 18.783ms
[203.311s][info][gc,marking  ] GC(376) Concurrent Mark
[203.311s][info][gc,marking  ] GC(376) Concurrent Mark From Roots
[203.311s][info][gc,task     ] GC(376) Using 1 workers of 1 for marking
[203.353s][info][gc,marking  ] GC(376) Concurrent Mark From Roots 41.483ms
[203.353s][info][gc,marking  ] GC(376) Concurrent Preclean
[203.353s][info][gc,marking  ] GC(376) Concurrent Preclean 0.044ms
[203.353s][info][gc,start    ] GC(376) Pause Remark
[203.367s][info][gc          ] GC(376) Pause Remark 172M->64M(256M) 13.721ms
[203.367s][info][gc,cpu      ] GC(376) User=0.03s Sys=0.00s Real=0.01s
[203.367s][info][gc,marking  ] GC(376) Concurrent Mark 55.532ms
[203.367s][info][gc,marking  ] GC(376) Concurrent Rebuild Remembered Sets and Scrub Regions
[203.380s][info][gc,marking  ] GC(376) Concurrent Rebuild Remembered Sets and Scrub Regions 12.658ms
[203.380s][info][gc,start    ] GC(376) Pause Cleanup
[203.380s][info][gc          ] GC(376) Pause Cleanup 66M->66M(256M) 0.035ms
[203.380s][info][gc,cpu      ] GC(376) User=0.00s Sys=0.00s Real=0.00s
[203.380s][info][gc,marking  ] GC(376) Concurrent Clear Claimed Marks
[203.380s][info][gc,marking  ] GC(376) Concurrent Clear Claimed Marks 0.041ms
[203.380s][info][gc,marking  ] GC(376) Concurrent Cleanup for Next Mark
[203.381s][info][gc,marking  ] GC(376) Concurrent Cleanup for Next Mark 0.736ms
[203.381s][info][gc          ] GC(376) Concurrent Mark Cycle 88.062ms
[204.052s][info][gc,start    ] GC(377) Pause Young (Prepare Mixed) (G1 Evacuation Pause)
[204.052s][info][gc,task     ] GC(377) Using 2 workers of 2 for evacuation
[204.058s][info][gc,phases   ] GC(377)   Pre Evacuate Collection Set: 0.22ms
[204.058s][info][gc,phases   ] GC(377)   Merge Heap Roots: 0.08ms
[204.058s][info][gc,phases   ] GC(377)   Evacuate Collection Set: 5.11ms
[204.058s][info][gc,phases   ] GC(377)   Post Evacuate Collection Set: 0.40ms
[204.058s][info][gc,phases   ] GC(377)   Other: 0.09ms
[204.058s][info][gc,heap     ] GC(377) Eden regions: 138->0(146)
[204.058s][info][gc,heap     ] GC(377) Survivor regions: 15->7(20)
[204.058s][info][gc,heap     ] GC(377) Old regions: 39->42
[204.058s][info][gc,heap     ] GC(377) Humongous regions: 1->1
[204.058s][info][gc,metaspace] GC(377) Metaspace: 42100K(42496K)->42100K(42496K) NonClass: 39286K(39552K)->39286K(39552K) Class: 2813K(2944K)->2813K(2944K)
[204.059s][info][gc          ] GC(377) Pause Young (Prepare Mixed) (G1 Evacuation Pause) 192M->49M(256M) 6.080ms
[204.059s][info][gc,cpu      ] GC(377) User=0.01s Sys=0.00s Real=0.00s
[204.817s][info][gc,start    ] GC(378) Pause Young (Mixed) (G1 Evacuation Pause)
[204.817s][info][gc,task     ] GC(378) Using 2 workers of 2 for evacuation
[204.837s][info][gc,phases   ] GC(378)   Pre Evacuate Collection Set: 0.15ms
[204.837s][info][gc,phases   ] GC(378)   Merge Heap Roots: 0.07ms
[204.837s][info][gc,phases   ] GC(378)   Evacuate Collection Set: 18.78ms
[204.837s][info][gc,phases   ] GC(378)   Post Evacuate Collection Set: 0.41ms
[204.837s][info][gc,phases   ] GC(378)   Other: 0.07ms
[204.837s][info][gc,heap     ] GC(378) Eden regions: 146->0(133)
[204.837s][info][gc,heap     ] GC(378) Survivor regions: 7->20(20)
[204.837s][info][gc,heap     ] GC(378) Old regions: 42->39
[204.837s][info][gc,heap     ] GC(378) Humongous regions: 1->1
[204.837s][info][gc,metaspace] GC(378) Metaspace: 42100K(42496K)->42100K(42496K) NonClass: 39286K(39552K)->39286K(39552K) Class: 2813K(2944K)->2813K(2944K)
[204.837s][info][gc          ] GC(378) Pause Young (Mixed) (G1 Evacuation Pause) 195M->59M(256M) 19.686ms
[204.837s][info][gc,cpu      ] GC(378) User=0.03s Sys=0.00s Real=0.02s
[205.575s][info][gc,start    ] GC(379) Pause Young (Concurrent Start) (G1 Evacuation Pause)
[205.575s][info][gc,task     ] GC(379) Using 2 workers of 2 for evacuation
[205.603s][info][gc,phases   ] GC(379)   Pre Evacuate Collection Set: 0.16ms
[205.603s][info][gc,phases   ] GC(379)   Merge Heap Roots: 0.08ms
[205.603s][info][gc,phases   ] GC(379)   Evacuate Collection Set: 27.58ms
[205.603s][info][gc,phases   ] GC(379)   Post Evacuate Collection Set: 0.48ms
[205.603s][info][gc,phases   ] GC(379)   Other: 0.10ms
[205.603s][info][gc,heap     ] GC(379) Eden regions: 133->0(140)
[205.603s][info][gc,heap     ] GC(379) Survivor regions: 20->13(20)
[205.603s][info][gc,heap     ] GC(379) Old regions: 39->59
[205.603s][info][gc,heap     ] GC(379) Humongous regions: 1->1
[205.603s][info][gc,metaspace] GC(379) Metaspace: 42100K(42496K)->42100K(42496K) NonClass: 39286K(39552K)->39286K(39552K) Class: 2813K(2944K)->2813K(2944K)
[205.604s][info][gc          ] GC(379) Pause Young (Concurrent Start) (G1 Evacuation Pause) 192M->72M(256M) 28.622ms
[205.604s][info][gc          ] GC(380) Concurrent Mark Cycle
[205.604s][info][gc,cpu      ] GC(379) User=0.06s Sys=0.00s Real=0.03s
[205.604s][info][gc,marking  ] GC(380) Concurrent Scan Root Regions
[205.624s][info][gc,marking  ] GC(380) Concurrent Scan Root Regions 20.810ms
[205.624s][info][gc,marking  ] GC(380) Concurrent Mark
[205.624s][info][gc,marking  ] GC(380) Concurrent Mark From Roots
[205.624s][info][gc,task     ] GC(380) Using 1 workers of 1 for marking
[205.660s][info][gc,marking  ] GC(380) Concurrent Mark From Roots 35.263ms
[205.660s][info][gc,marking  ] GC(380) Concurrent Preclean
[205.660s][info][gc,marking  ] GC(380) Concurrent Preclean 0.030ms
[205.660s][info][gc,start    ] GC(380) Pause Remark
[205.673s][info][gc          ] GC(380) Pause Remark 80M->80M(256M) 13.374ms
[205.673s][info][gc,cpu      ] GC(380) User=0.03s Sys=0.00s Real=0.02s
[205.673s][info][gc,marking  ] GC(380) Concurrent Mark 48.924ms
[205.673s][info][gc,marking  ] GC(380) Concurrent Rebuild Remembered Sets and Scrub Regions
[205.699s][info][gc,marking  ] GC(380) Concurrent Rebuild Remembered Sets and Scrub Regions 25.980ms
[205.700s][info][gc,start    ] GC(380) Pause Cleanup
[205.700s][info][gc          ] GC(380) Pause Cleanup 85M->85M(256M) 0.038ms
[205.700s][info][gc,cpu      ] GC(380) User=0.00s Sys=0.00s Real=0.00s
[205.700s][info][gc,marking  ] GC(380) Concurrent Clear Claimed Marks
[205.700s][info][gc,marking  ] GC(380) Concurrent Clear Claimed Marks 0.034ms
[205.700s][info][gc,marking  ] GC(380) Concurrent Cleanup for Next Mark
[205.700s][info][gc,marking  ] GC(380) Concurrent Cleanup for Next Mark 0.730ms
[205.700s][info][gc          ] GC(380) Concurrent Mark Cycle 96.815ms
[206.369s][info][gc,start    ] GC(381) Pause Young (Prepare Mixed) (G1 Evacuation Pause)
[206.369s][info][gc,task     ] GC(381) Using 2 workers of 2 for evacuation
[206.384s][info][gc,phases   ] GC(381)   Pre Evacuate Collection Set: 0.21ms
[206.384s][info][gc,phases   ] GC(381)   Merge Heap Roots: 0.10ms
[206.384s][info][gc,phases   ] GC(381)   Evacuate Collection Set: 14.54ms
[206.384s][info][gc,phases   ] GC(381)   Post Evacuate Collection Set: 0.40ms
[206.384s][info][gc,phases   ] GC(381)   Other: 0.11ms
[206.384s][info][gc,heap     ] GC(381) Eden regions: 140->0(139)
[206.384s][info][gc,heap     ] GC(381) Survivor regions: 13->14(20)
[206.384s][info][gc,heap     ] GC(381) Old regions: 59->61
[206.384s][info][gc,heap     ] GC(381) Humongous regions: 2->2
[206.384s][info][gc,metaspace] GC(381) Metaspace: 42101K(42496K)->42101K(42496K) NonClass: 39287K(39552K)->39287K(39552K) Class: 2813K(2944K)->2813K(2944K)
[206.384s][info][gc          ] GC(381) Pause Young (Prepare Mixed) (G1 Evacuation Pause) 213M->76M(256M) 15.527ms
[206.384s][info][gc,cpu      ] GC(381) User=0.03s Sys=0.00s Real=0.02s
[207.097s][info][gc,start    ] GC(382) Pause Young (Mixed) (G1 Evacuation Pause)
[207.098s][info][gc,task     ] GC(382) Using 2 workers of 2 for evacuation
[207.123s][info][gc,phases   ] GC(382)   Pre Evacuate Collection Set: 0.16ms
[207.123s][info][gc,phases   ] GC(382)   Merge Heap Roots: 0.12ms
[207.123s][info][gc,phases   ] GC(382)   Evacuate Collection Set: 24.62ms
[207.123s][info][gc,phases   ] GC(382)   Post Evacuate Collection Set: 0.41ms
[207.123s][info][gc,phases   ] GC(382)   Other: 0.07ms
[207.123s][info][gc,heap     ] GC(382) Eden regions: 139->0(136)
[207.123s][info][gc,heap     ] GC(382) Survivor regions: 14->12(20)
[207.123s][info][gc,heap     ] GC(382) Old regions: 61->71
[207.123s][info][gc,heap     ] GC(382) Humongous regions: 2->2
[207.123s][info][gc,metaspace] GC(382) Metaspace: 42101K(42496K)->42101K(42496K) NonClass: 39287K(39552K)->39287K(39552K) Class: 2813K(2944K)->2813K(2944K)
[207.123s][info][gc          ] GC(382) Pause Young (Mixed) (G1 Evacuation Pause) 215M->85M(256M) 25.562ms
[207.123s][info][gc,cpu      ] GC(382) User=0.05s Sys=0.00s Real=0.03s
[207.191s][info][gc,start    ] GC(383) Pause Young (Concurrent Start) (G1 Humongous Allocation)
[207.191s][info][gc,task     ] GC(383) Using 2 workers of 2 for evacuation
[207.215s][info][gc,phases   ] GC(383)   Pre Evacuate Collection Set: 0.20ms
[207.215s][info][gc,phases   ] GC(383)   Merge Heap Roots: 0.06ms
[207.215s][info][gc,phases   ] GC(383)   Evacuate Collection Set: 23.73ms
[207.215s][info][gc,phases   ] GC(383)   Post Evacuate Collection Set: 0.43ms
[207.215s][info][gc,phases   ] GC(383)   Other: 0.13ms
[207.215s][info][gc,heap     ] GC(383) Eden regions: 20->0(133)
[207.215s][info][gc,heap     ] GC(383) Survivor regions: 12->6(19)
[207.215s][info][gc,heap     ] GC(383) Old regions: 71->82
[207.215s][info][gc,heap     ] GC(383) Humongous regions: 2->2
[207.215s][info][gc,metaspace] GC(383) Metaspace: 42105K(42496K)->42105K(42496K) NonClass: 39292K(39552K)->39292K(39552K) Class: 2813K(2944K)->2813K(2944K)
[207.215s][info][gc          ] GC(383) Pause Young (Concurrent Start) (G1 Humongous Allocation) 104M->90M(256M) 24.732ms
[207.216s][info][gc,cpu      ] GC(383) User=0.02s Sys=0.00s Real=0.03s
[207.216s][info][gc          ] GC(384) Concurrent Mark Cycle
[207.216s][info][gc,marking  ] GC(384) Concurrent Scan Root Regions
[207.228s][info][gc,marking  ] GC(384) Concurrent Scan Root Regions 12.696ms
[207.228s][info][gc,marking  ] GC(384) Concurrent Mark
[207.228s][info][gc,marking  ] GC(384) Concurrent Mark From Roots
[207.228s][info][gc,task     ] GC(384) Using 1 workers of 1 for marking
[207.265s][info][gc,marking  ] GC(384) Concurrent Mark From Roots 36.355ms
[207.265s][info][gc,marking  ] GC(384) Concurrent Preclean
[207.265s][info][gc,marking  ] GC(384) Concurrent Preclean 0.033ms
[207.265s][info][gc,start    ] GC(384) Pause Remark
[207.278s][info][gc          ] GC(384) Pause Remark 103M->91M(256M) 13.247ms
[207.278s][info][gc,cpu      ] GC(384) User=0.03s Sys=0.00s Real=0.01s
[207.278s][info][gc,marking  ] GC(384) Concurrent Mark 49.825ms
[207.278s][info][gc,marking  ] GC(384) Concurrent Rebuild Remembered Sets and Scrub Regions
[207.305s][info][gc,marking  ] GC(384) Concurrent Rebuild Remembered Sets and Scrub Regions 27.074ms
[207.305s][info][gc,start    ] GC(384) Pause Cleanup
[207.306s][info][gc          ] GC(384) Pause Cleanup 97M->97M(256M) 0.051ms
[207.306s][info][gc,cpu      ] GC(384) User=0.00s Sys=0.00s Real=0.00s
[207.306s][info][gc,marking  ] GC(384) Concurrent Clear Claimed Marks
[207.306s][info][gc,marking  ] GC(384) Concurrent Clear Claimed Marks 0.034ms
[207.306s][info][gc,marking  ] GC(384) Concurrent Cleanup for Next Mark
[207.307s][info][gc,marking  ] GC(384) Concurrent Cleanup for Next Mark 1.098ms
[207.307s][info][gc          ] GC(384) Concurrent Mark Cycle 91.264ms
[207.761s][info][gc,start    ] GC(385) Pause Young (Prepare Mixed) (G1 Evacuation Pause)
[207.761s][info][gc,task     ] GC(385) Using 2 workers of 2 for evacuation
[207.766s][info][gc,phases   ] GC(385)   Pre Evacuate Collection Set: 0.16ms
[207.766s][info][gc,phases   ] GC(385)   Merge Heap Roots: 0.07ms
[207.766s][info][gc,phases   ] GC(385)   Evacuate Collection Set: 4.48ms
[207.766s][info][gc,phases   ] GC(385)   Post Evacuate Collection Set: 0.42ms
[207.766s][info][gc,phases   ] GC(385)   Other: 0.11ms
[207.766s][info][gc,heap     ] GC(385) Eden regions: 133->0(145)
[207.766s][info][gc,heap     ] GC(385) Survivor regions: 6->8(18)
[207.766s][info][gc,heap     ] GC(385) Old regions: 71->71
[207.766s][info][gc,heap     ] GC(385) Humongous regions: 13->3
[207.766s][info][gc,metaspace] GC(385) Metaspace: 42116K(42560K)->42116K(42560K) NonClass: 39302K(39616K)->39302K(39616K) Class: 2813K(2944K)->2813K(2944K)
[207.766s][info][gc          ] GC(385) Pause Young (Prepare Mixed) (G1 Evacuation Pause) 222M->81M(256M) 5.427ms
[207.766s][info][gc,cpu      ] GC(385) User=0.01s Sys=0.00s Real=0.01s
[208.442s][info][gc,start    ] GC(386) Pause Young (Mixed) (G1 Evacuation Pause)
[208.442s][info][gc,task     ] GC(386) Using 2 workers of 2 for evacuation
[208.468s][info][gc,phases   ] GC(386)   Pre Evacuate Collection Set: 4.48ms
[208.468s][info][gc,phases   ] GC(386)   Merge Heap Roots: 0.48ms
[208.468s][info][gc,phases   ] GC(386)   Evacuate Collection Set: 19.40ms
[208.468s][info][gc,phases   ] GC(386)   Post Evacuate Collection Set: 0.60ms
[208.468s][info][gc,phases   ] GC(386)   Other: 0.10ms
[208.468s][info][gc,heap     ] GC(386) Eden regions: 145->0(134)
[208.468s][info][gc,heap     ] GC(386) Survivor regions: 8->19(20)
[208.468s][info][gc,heap     ] GC(386) Old regions: 71->48
[208.468s][info][gc,heap     ] GC(386) Humongous regions: 12->3
[208.468s][info][gc,metaspace] GC(386) Metaspace: 42117K(42560K)->42117K(42560K) NonClass: 39304K(39616K)->39304K(39616K) Class: 2813K(2944K)->2813K(2944K)
[208.468s][info][gc          ] GC(386) Pause Young (Mixed) (G1 Evacuation Pause) 235M->69M(256M) 25.269ms
[208.468s][info][gc,cpu      ] GC(386) User=0.05s Sys=0.00s Real=0.02s
[208.581s][info][gc,start    ] GC(387) Pause Young (Concurrent Start) (G1 Humongous Allocation)
[208.581s][info][gc,task     ] GC(387) Using 2 workers of 2 for evacuation
[208.595s][info][gc,phases   ] GC(387)   Pre Evacuate Collection Set: 0.18ms
[208.595s][info][gc,phases   ] GC(387)   Merge Heap Roots: 0.07ms
[208.595s][info][gc,phases   ] GC(387)   Evacuate Collection Set: 13.34ms
[208.595s][info][gc,phases   ] GC(387)   Post Evacuate Collection Set: 0.31ms
[208.595s][info][gc,phases   ] GC(387)   Other: 0.13ms
[208.595s][info][gc,heap     ] GC(387) Eden regions: 26->0(149)
[208.595s][info][gc,heap     ] GC(387) Survivor regions: 19->4(20)
[208.595s][info][gc,heap     ] GC(387) Old regions: 48->63
[208.595s][info][gc,heap     ] GC(387) Humongous regions: 3->3
[208.595s][info][gc,metaspace] GC(387) Metaspace: 42117K(42560K)->42117K(42560K) NonClass: 39304K(39616K)->39304K(39616K) Class: 2813K(2944K)->2813K(2944K)
[208.595s][info][gc          ] GC(387) Pause Young (Concurrent Start) (G1 Humongous Allocation) 94M->70M(256M) 14.207ms
[208.595s][info][gc,cpu      ] GC(387) User=0.02s Sys=0.00s Real=0.02s
[208.595s][info][gc          ] GC(388) Concurrent Mark Cycle
[208.595s][info][gc,marking  ] GC(388) Concurrent Scan Root Regions
[208.609s][info][gc,marking  ] GC(388) Concurrent Scan Root Regions 13.708ms
[208.609s][info][gc,marking  ] GC(388) Concurrent Mark
[208.609s][info][gc,marking  ] GC(388) Concurrent Mark From Roots
[208.609s][info][gc,task     ] GC(388) Using 1 workers of 1 for marking
[208.654s][info][gc,marking  ] GC(388) Concurrent Mark From Roots 45.501ms
[208.654s][info][gc,marking  ] GC(388) Concurrent Preclean
[208.654s][info][gc,marking  ] GC(388) Concurrent Preclean 0.035ms
[208.654s][info][gc,start    ] GC(388) Pause Remark
[208.668s][info][gc          ] GC(388) Pause Remark 82M->75M(256M) 13.239ms
[208.668s][info][gc,cpu      ] GC(388) User=0.03s Sys=0.00s Real=0.01s
[208.668s][info][gc,marking  ] GC(388) Concurrent Mark 58.939ms
[208.668s][info][gc,marking  ] GC(388) Concurrent Rebuild Remembered Sets and Scrub Regions
[208.691s][info][gc,marking  ] GC(388) Concurrent Rebuild Remembered Sets and Scrub Regions 23.598ms
[208.691s][info][gc,start    ] GC(388) Pause Cleanup
[208.691s][info][gc          ] GC(388) Pause Cleanup 82M->82M(256M) 0.050ms
[208.692s][info][gc,cpu      ] GC(388) User=0.00s Sys=0.00s Real=0.00s
[208.692s][info][gc,marking  ] GC(388) Concurrent Clear Claimed Marks
[208.692s][info][gc,marking  ] GC(388) Concurrent Clear Claimed Marks 0.036ms
[208.692s][info][gc,marking  ] GC(388) Concurrent Cleanup for Next Mark
[208.693s][info][gc,marking  ] GC(388) Concurrent Cleanup for Next Mark 0.785ms
[208.693s][info][gc          ] GC(388) Concurrent Mark Cycle 97.573ms
[209.226s][info][gc,start    ] GC(389) Pause Young (Prepare Mixed) (G1 Evacuation Pause)
[209.226s][info][gc,task     ] GC(389) Using 2 workers of 2 for evacuation
[209.236s][info][gc,phases   ] GC(389)   Pre Evacuate Collection Set: 0.22ms
[209.236s][info][gc,phases   ] GC(389)   Merge Heap Roots: 0.19ms
[209.236s][info][gc,phases   ] GC(389)   Evacuate Collection Set: 9.76ms
[209.236s][info][gc,phases   ] GC(389)   Post Evacuate Collection Set: 0.48ms
[209.236s][info][gc,phases   ] GC(389)   Other: 0.08ms
[209.236s][info][gc,heap     ] GC(389) Eden regions: 149->0(143)
[209.236s][info][gc,heap     ] GC(389) Survivor regions: 4->10(20)
[209.236s][info][gc,heap     ] GC(389) Old regions: 56->56
[209.236s][info][gc,heap     ] GC(389) Humongous regions: 12->3
[209.236s][info][gc,metaspace] GC(389) Metaspace: 42120K(42560K)->42120K(42560K) NonClass: 39306K(39616K)->39306K(39616K) Class: 2813K(2944K)->2813K(2944K)
[209.237s][info][gc          ] GC(389) Pause Young (Prepare Mixed) (G1 Evacuation Pause) 221M->68M(256M) 10.901ms
[209.237s][info][gc,cpu      ] GC(389) User=0.02s Sys=0.00s Real=0.01s
[209.780s][info][gc,start    ] GC(390) Pause Young (Mixed) (G1 Evacuation Pause)
[209.780s][info][gc,task     ] GC(390) Using 2 workers of 2 for evacuation
[209.808s][info][gc,phases   ] GC(390)   Pre Evacuate Collection Set: 0.17ms
[209.808s][info][gc,phases   ] GC(390)   Merge Heap Roots: 0.08ms
[209.808s][info][gc,phases   ] GC(390)   Evacuate Collection Set: 26.43ms
[209.808s][info][gc,phases   ] GC(390)   Post Evacuate Collection Set: 0.66ms
[209.808s][info][gc,phases   ] GC(390)   Other: 0.07ms
[209.808s][info][gc,heap     ] GC(390) Eden regions: 143->0(133)
[209.808s][info][gc,heap     ] GC(390) Survivor regions: 10->20(20)
[209.808s][info][gc,heap     ] GC(390) Old regions: 56->59
[209.808s][info][gc,heap     ] GC(390) Humongous regions: 5->3
[209.808s][info][gc,metaspace] GC(390) Metaspace: 42121K(42560K)->42121K(42560K) NonClass: 39307K(39616K)->39307K(39616K) Class: 2813K(2944K)->2813K(2944K)
[209.808s][info][gc          ] GC(390) Pause Young (Mixed) (G1 Evacuation Pause) 213M->82M(256M) 27.569ms
[209.808s][info][gc,cpu      ] GC(390) User=0.05s Sys=0.00s Real=0.03s
[210.016s][info][gc,start    ] GC(391) Pause Young (Concurrent Start) (G1 Humongous Allocation)
[210.016s][info][gc,task     ] GC(391) Using 2 workers of 2 for evacuation
[210.041s][info][gc,phases   ] GC(391)   Pre Evacuate Collection Set: 0.17ms
[210.041s][info][gc,phases   ] GC(391)   Merge Heap Roots: 0.17ms
[210.041s][info][gc,phases   ] GC(391)   Evacuate Collection Set: 23.57ms
[210.041s][info][gc,phases   ] GC(391)   Post Evacuate Collection Set: 0.33ms
[210.041s][info][gc,phases   ] GC(391)   Other: 0.11ms
[210.041s][info][gc,heap     ] GC(391) Eden regions: 50->0(140)
[210.041s][info][gc,heap     ] GC(391) Survivor regions: 20->6(20)
[210.041s][info][gc,heap     ] GC(391) Old regions: 59->75
[210.041s][info][gc,heap     ] GC(391) Humongous regions: 3->1
[210.041s][info][gc,metaspace] GC(391) Metaspace: 42122K(42560K)->42122K(42560K) NonClass: 39309K(39616K)->39309K(39616K) Class: 2813K(2944K)->2813K(2944K)
[210.041s][info][gc          ] GC(391) Pause Young (Concurrent Start) (G1 Humongous Allocation) 132M->82M(256M) 24.511ms
[210.041s][info][gc,cpu      ] GC(391) User=0.04s Sys=0.00s Real=0.02s
[210.041s][info][gc          ] GC(392) Concurrent Mark Cycle
[210.041s][info][gc,marking  ] GC(392) Concurrent Scan Root Regions
[210.056s][info][gc,marking  ] GC(392) Concurrent Scan Root Regions 15.336ms
[210.056s][info][gc,marking  ] GC(392) Concurrent Mark
[210.056s][info][gc,marking  ] GC(392) Concurrent Mark From Roots
[210.056s][info][gc,task     ] GC(392) Using 1 workers of 1 for marking
[210.119s][info][gc,marking  ] GC(392) Concurrent Mark From Roots 62.710ms
[210.119s][info][gc,marking  ] GC(392) Concurrent Preclean
[210.119s][info][gc,marking  ] GC(392) Concurrent Preclean 0.031ms
[210.119s][info][gc,start    ] GC(392) Pause Remark
[210.133s][info][gc          ] GC(392) Pause Remark 105M->105M(256M) 13.854ms
[210.133s][info][gc,cpu      ] GC(392) User=0.03s Sys=0.00s Real=0.02s
[210.133s][info][gc,marking  ] GC(392) Concurrent Mark 76.817ms
[210.133s][info][gc,marking  ] GC(392) Concurrent Rebuild Remembered Sets and Scrub Regions
[210.174s][info][gc,marking  ] GC(392) Concurrent Rebuild Remembered Sets and Scrub Regions 40.581ms
[210.174s][info][gc,start    ] GC(392) Pause Cleanup
[210.174s][info][gc          ] GC(392) Pause Cleanup 105M->105M(256M) 0.037ms
[210.174s][info][gc,cpu      ] GC(392) User=0.00s Sys=0.00s Real=0.00s
[210.174s][info][gc,marking  ] GC(392) Concurrent Clear Claimed Marks
[210.174s][info][gc,marking  ] GC(392) Concurrent Clear Claimed Marks 0.045ms
[210.174s][info][gc,marking  ] GC(392) Concurrent Cleanup for Next Mark
[210.175s][info][gc,marking  ] GC(392) Concurrent Cleanup for Next Mark 0.729ms
[210.175s][info][gc          ] GC(392) Concurrent Mark Cycle 133.771ms
[210.792s][info][gc,start    ] GC(393) Pause Young (Prepare Mixed) (G1 Evacuation Pause)
[210.792s][info][gc,task     ] GC(393) Using 2 workers of 2 for evacuation
[210.806s][info][gc,phases   ] GC(393)   Pre Evacuate Collection Set: 0.17ms
[210.806s][info][gc,phases   ] GC(393)   Merge Heap Roots: 0.12ms
[210.806s][info][gc,phases   ] GC(393)   Evacuate Collection Set: 12.77ms
[210.806s][info][gc,phases   ] GC(393)   Post Evacuate Collection Set: 0.43ms
[210.806s][info][gc,phases   ] GC(393)   Other: 0.10ms
[210.806s][info][gc,heap     ] GC(393) Eden regions: 140->0(132)
[210.806s][info][gc,heap     ] GC(393) Survivor regions: 6->14(19)
[210.806s][info][gc,heap     ] GC(393) Old regions: 75->75
[210.806s][info][gc,heap     ] GC(393) Humongous regions: 15->3
[210.806s][info][gc,metaspace] GC(393) Metaspace: 42131K(42560K)->42131K(42560K) NonClass: 39317K(39616K)->39317K(39616K) Class: 2813K(2944K)->2813K(2944K)
[210.806s][info][gc          ] GC(393) Pause Young (Prepare Mixed) (G1 Evacuation Pause) 236M->92M(256M) 13.768ms
[210.806s][info][gc,cpu      ] GC(393) User=0.03s Sys=0.00s Real=0.01s
[211.253s][info][gc,start    ] GC(394) Pause Young (Mixed) (G1 Evacuation Pause)
[211.254s][info][gc,task     ] GC(394) Using 2 workers of 2 for evacuation
[211.279s][info][gc,phases   ] GC(394)   Pre Evacuate Collection Set: 0.17ms
[211.279s][info][gc,phases   ] GC(394)   Merge Heap Roots: 0.31ms
[211.279s][info][gc,phases   ] GC(394)   Evacuate Collection Set: 23.89ms
[211.279s][info][gc,phases   ] GC(394)   Post Evacuate Collection Set: 0.61ms
[211.279s][info][gc,phases   ] GC(394)   Other: 0.09ms
[211.279s][info][gc,heap     ] GC(394) Eden regions: 132->0(136)
[211.279s][info][gc,heap     ] GC(394) Survivor regions: 14->8(19)
[211.279s][info][gc,heap     ] GC(394) Old regions: 75->78
[211.279s][info][gc,heap     ] GC(394) Humongous regions: 13->3
[211.279s][info][gc,metaspace] GC(394) Metaspace: 42131K(42560K)->42131K(42560K) NonClass: 39317K(39616K)->39317K(39616K) Class: 2813K(2944K)->2813K(2944K)
[211.279s][info][gc          ] GC(394) Pause Young (Mixed) (G1 Evacuation Pause) 234M->88M(256M) 25.258ms
[211.279s][info][gc,cpu      ] GC(394) User=0.04s Sys=0.00s Real=0.02s
[211.351s][info][gc,start    ] GC(395) Pause Young (Concurrent Start) (G1 Humongous Allocation)
[211.351s][info][gc,task     ] GC(395) Using 2 workers of 2 for evacuation
[211.354s][info][gc,phases   ] GC(395)   Pre Evacuate Collection Set: 0.17ms
[211.354s][info][gc,phases   ] GC(395)   Merge Heap Roots: 0.04ms
[211.354s][info][gc,phases   ] GC(395)   Evacuate Collection Set: 1.87ms
[211.354s][info][gc,phases   ] GC(395)   Post Evacuate Collection Set: 0.27ms
[211.354s][info][gc,phases   ] GC(395)   Other: 0.10ms
[211.354s][info][gc,heap     ] GC(395) Eden regions: 19->0(148)
[211.354s][info][gc,heap     ] GC(395) Survivor regions: 8->2(18)
[211.354s][info][gc,heap     ] GC(395) Old regions: 78->78
[211.354s][info][gc,heap     ] GC(395) Humongous regions: 3->1
[211.354s][info][gc,metaspace] GC(395) Metaspace: 42131K(42560K)->42131K(42560K) NonClass: 39317K(39616K)->39317K(39616K) Class: 2813K(2944K)->2813K(2944K)
[211.354s][info][gc          ] GC(395) Pause Young (Concurrent Start) (G1 Humongous Allocation) 107M->80M(256M) 2.607ms
[211.354s][info][gc,cpu      ] GC(395) User=0.01s Sys=0.00s Real=0.01s
[211.354s][info][gc          ] GC(396) Concurrent Mark Cycle
[211.354s][info][gc,marking  ] GC(396) Concurrent Scan Root Regions
[211.356s][info][gc,marking  ] GC(396) Concurrent Scan Root Regions 1.856ms
[211.356s][info][gc,marking  ] GC(396) Concurrent Mark
[211.356s][info][gc,marking  ] GC(396) Concurrent Mark From Roots
[211.356s][info][gc,task     ] GC(396) Using 1 workers of 1 for marking
[211.405s][info][gc,marking  ] GC(396) Concurrent Mark From Roots 49.020ms
[211.405s][info][gc,marking  ] GC(396) Concurrent Preclean
[211.405s][info][gc,marking  ] GC(396) Concurrent Preclean 0.032ms
[211.405s][info][gc,start    ] GC(396) Pause Remark
[211.419s][info][gc          ] GC(396) Pause Remark 91M->74M(256M) 13.657ms
[211.419s][info][gc,cpu      ] GC(396) User=0.02s Sys=0.00s Real=0.01s
[211.419s][info][gc,marking  ] GC(396) Concurrent Mark 62.980ms
[211.419s][info][gc,marking  ] GC(396) Concurrent Rebuild Remembered Sets and Scrub Regions
[211.437s][info][gc,marking  ] GC(396) Concurrent Rebuild Remembered Sets and Scrub Regions 18.746ms
[211.438s][info][gc,start    ] GC(396) Pause Cleanup
[211.438s][info][gc          ] GC(396) Pause Cleanup 74M->74M(256M) 0.054ms
[211.438s][info][gc,cpu      ] GC(396) User=0.00s Sys=0.00s Real=0.00s
[211.438s][info][gc,marking  ] GC(396) Concurrent Clear Claimed Marks
[211.438s][info][gc,marking  ] GC(396) Concurrent Clear Claimed Marks 0.037ms
[211.438s][info][gc,marking  ] GC(396) Concurrent Cleanup for Next Mark
[211.438s][info][gc,marking  ] GC(396) Concurrent Cleanup for Next Mark 0.758ms
[211.438s][info][gc          ] GC(396) Concurrent Mark Cycle 84.735ms
[212.069s][info][gc,start    ] GC(397) Pause Young (Prepare Mixed) (G1 Evacuation Pause)
[212.069s][info][gc,task     ] GC(397) Using 2 workers of 2 for evacuation
[212.076s][info][gc,phases   ] GC(397)   Pre Evacuate Collection Set: 0.20ms
[212.076s][info][gc,phases   ] GC(397)   Merge Heap Roots: 0.06ms
[212.076s][info][gc,phases   ] GC(397)   Evacuate Collection Set: 6.47ms
[212.076s][info][gc,phases   ] GC(397)   Post Evacuate Collection Set: 0.40ms
[212.076s][info][gc,phases   ] GC(397)   Other: 0.10ms
[212.076s][info][gc,heap     ] GC(397) Eden regions: 148->0(143)
[212.076s][info][gc,heap     ] GC(397) Survivor regions: 2->10(19)
[212.076s][info][gc,heap     ] GC(397) Old regions: 61->61
[212.076s][info][gc,heap     ] GC(397) Humongous regions: 15->3
[212.076s][info][gc,metaspace] GC(397) Metaspace: 42132K(42560K)->42132K(42560K) NonClass: 39318K(39616K)->39318K(39616K) Class: 2813K(2944K)->2813K(2944K)
[212.076s][info][gc          ] GC(397) Pause Young (Prepare Mixed) (G1 Evacuation Pause) 225M->73M(256M) 7.402ms
[212.076s][info][gc,cpu      ] GC(397) User=0.01s Sys=0.00s Real=0.01s
[212.576s][info][gc,start    ] GC(398) Pause Young (Mixed) (G1 Evacuation Pause)
[212.576s][info][gc,task     ] GC(398) Using 2 workers of 2 for evacuation
[212.604s][info][gc,phases   ] GC(398)   Pre Evacuate Collection Set: 0.19ms
[212.604s][info][gc,phases   ] GC(398)   Merge Heap Roots: 0.12ms
[212.604s][info][gc,phases   ] GC(398)   Evacuate Collection Set: 27.84ms
[212.604s][info][gc,phases   ] GC(398)   Post Evacuate Collection Set: 0.49ms
[212.604s][info][gc,phases   ] GC(398)   Other: 0.09ms
[212.604s][info][gc,heap     ] GC(398) Eden regions: 143->0(133)
[212.604s][info][gc,heap     ] GC(398) Survivor regions: 10->20(20)
[212.604s][info][gc,heap     ] GC(398) Old regions: 61->51
[212.604s][info][gc,heap     ] GC(398) Humongous regions: 3->3
[212.604s][info][gc,metaspace] GC(398) Metaspace: 42133K(42560K)->42133K(42560K) NonClass: 39319K(39616K)->39319K(39616K) Class: 2813K(2944K)->2813K(2944K)
[212.605s][info][gc          ] GC(398) Pause Young (Mixed) (G1 Evacuation Pause) 216M->74M(256M) 28.897ms
[212.605s][info][gc,cpu      ] GC(398) User=0.05s Sys=0.00s Real=0.03s
[213.146s][info][gc,start    ] GC(399) Pause Young (Concurrent Start) (G1 Evacuation Pause)
[213.146s][info][gc,task     ] GC(399) Using 2 workers of 2 for evacuation
[213.171s][info][gc,phases   ] GC(399)   Pre Evacuate Collection Set: 0.20ms
[213.171s][info][gc,phases   ] GC(399)   Merge Heap Roots: 0.16ms
[213.171s][info][gc,phases   ] GC(399)   Evacuate Collection Set: 24.13ms
[213.171s][info][gc,phases   ] GC(399)   Post Evacuate Collection Set: 0.42ms
[213.171s][info][gc,phases   ] GC(399)   Other: 0.15ms
[213.171s][info][gc,heap     ] GC(399) Eden regions: 133->0(136)
[213.171s][info][gc,heap     ] GC(399) Survivor regions: 20->12(20)
[213.171s][info][gc,heap     ] GC(399) Old regions: 51->63
[213.171s][info][gc,heap     ] GC(399) Humongous regions: 3->3
[213.171s][info][gc,metaspace] GC(399) Metaspace: 42134K(42560K)->42134K(42560K) NonClass: 39320K(39616K)->39320K(39616K) Class: 2813K(2944K)->2813K(2944K)
[213.171s][info][gc          ] GC(399) Pause Young (Concurrent Start) (G1 Evacuation Pause) 207M->77M(256M) 25.272ms
[213.171s][info][gc,cpu      ] GC(399) User=0.05s Sys=0.00s Real=0.02s
[213.171s][info][gc          ] GC(400) Concurrent Mark Cycle
[213.171s][info][gc,marking  ] GC(400) Concurrent Scan Root Regions
[213.189s][info][gc,marking  ] GC(400) Concurrent Scan Root Regions 17.670ms
[213.189s][info][gc,marking  ] GC(400) Concurrent Mark
[213.189s][info][gc,marking  ] GC(400) Concurrent Mark From Roots
[213.189s][info][gc,task     ] GC(400) Using 1 workers of 1 for marking
[213.255s][info][gc,marking  ] GC(400) Concurrent Mark From Roots 66.582ms
[213.255s][info][gc,marking  ] GC(400) Concurrent Preclean
[213.255s][info][gc,marking  ] GC(400) Concurrent Preclean 0.031ms
[213.256s][info][gc,start    ] GC(400) Pause Remark
[213.270s][info][gc          ] GC(400) Pause Remark 96M->96M(256M) 14.134ms
[213.270s][info][gc,cpu      ] GC(400) User=0.03s Sys=0.00s Real=0.01s
[213.272s][info][gc,marking  ] GC(400) Concurrent Mark 83.321ms
[213.272s][info][gc,marking  ] GC(400) Concurrent Rebuild Remembered Sets and Scrub Regions
[213.304s][info][gc,marking  ] GC(400) Concurrent Rebuild Remembered Sets and Scrub Regions 31.915ms
[213.304s][info][gc,start    ] GC(400) Pause Cleanup
[213.304s][info][gc          ] GC(400) Pause Cleanup 104M->104M(256M) 0.049ms
[213.304s][info][gc,cpu      ] GC(400) User=0.00s Sys=0.00s Real=0.00s
[213.304s][info][gc,marking  ] GC(400) Concurrent Clear Claimed Marks
[213.304s][info][gc,marking  ] GC(400) Concurrent Clear Claimed Marks 0.039ms
[213.304s][info][gc,marking  ] GC(400) Concurrent Cleanup for Next Mark
[213.305s][info][gc,marking  ] GC(400) Concurrent Cleanup for Next Mark 0.786ms
[213.305s][info][gc          ] GC(400) Concurrent Mark Cycle 134.214ms
[213.679s][info][gc,start    ] GC(401) Pause Young (Prepare Mixed) (G1 Evacuation Pause)
[213.680s][info][gc,task     ] GC(401) Using 2 workers of 2 for evacuation
[213.705s][info][gc,phases   ] GC(401)   Pre Evacuate Collection Set: 0.17ms
[213.705s][info][gc,phases   ] GC(401)   Merge Heap Roots: 0.16ms
[213.705s][info][gc,phases   ] GC(401)   Evacuate Collection Set: 24.68ms
[213.705s][info][gc,phases   ] GC(401)   Post Evacuate Collection Set: 0.44ms
[213.705s][info][gc,phases   ] GC(401)   Other: 0.10ms
[213.705s][info][gc,heap     ] GC(401) Eden regions: 136->0(126)
[213.705s][info][gc,heap     ] GC(401) Survivor regions: 12->15(19)
[213.705s][info][gc,heap     ] GC(401) Old regions: 63->74
[213.705s][info][gc,heap     ] GC(401) Humongous regions: 7->3
[213.705s][info][gc,metaspace] GC(401) Metaspace: 42134K(42560K)->42134K(42560K) NonClass: 39320K(39616K)->39320K(39616K) Class: 2813K(2944K)->2813K(2944K)
[213.705s][info][gc          ] GC(401) Pause Young (Prepare Mixed) (G1 Evacuation Pause) 217M->92M(256M) 25.715ms
[213.705s][info][gc,cpu      ] GC(401) User=0.05s Sys=0.00s Real=0.03s
[214.128s][info][gc,start    ] GC(402) Pause Young (Mixed) (G1 Evacuation Pause)
[214.129s][info][gc,task     ] GC(402) Using 2 workers of 2 for evacuation
[214.142s][info][gc,phases   ] GC(402)   Pre Evacuate Collection Set: 0.17ms
[214.142s][info][gc,phases   ] GC(402)   Merge Heap Roots: 0.08ms
[214.142s][info][gc,phases   ] GC(402)   Evacuate Collection Set: 12.56ms
[214.142s][info][gc,phases   ] GC(402)   Post Evacuate Collection Set: 0.65ms
[214.142s][info][gc,phases   ] GC(402)   Other: 0.10ms
[214.142s][info][gc,heap     ] GC(402) Eden regions: 126->0(148)
[214.142s][info][gc,heap     ] GC(402) Survivor regions: 15->6(18)
[214.142s][info][gc,heap     ] GC(402) Old regions: 74->77
[214.142s][info][gc,heap     ] GC(402) Humongous regions: 11->3
[214.142s][info][gc,metaspace] GC(402) Metaspace: 42135K(42560K)->42135K(42560K) NonClass: 39321K(39616K)->39321K(39616K) Class: 2813K(2944K)->2813K(2944K)
[214.142s][info][gc          ] GC(402) Pause Young (Mixed) (G1 Evacuation Pause) 226M->85M(285M) 13.737ms
[214.142s][info][gc,cpu      ] GC(402) User=0.03s Sys=0.00s Real=0.02s
[214.261s][info][gc,start    ] GC(403) Pause Young (Concurrent Start) (G1 Humongous Allocation)
[214.261s][info][gc,task     ] GC(403) Using 2 workers of 2 for evacuation
[214.264s][info][gc,phases   ] GC(403)   Pre Evacuate Collection Set: 0.20ms
[214.264s][info][gc,phases   ] GC(403)   Merge Heap Roots: 0.04ms
[214.264s][info][gc,phases   ] GC(403)   Evacuate Collection Set: 2.61ms
[214.264s][info][gc,phases   ] GC(403)   Post Evacuate Collection Set: 0.40ms
[214.264s][info][gc,phases   ] GC(403)   Other: 0.10ms
[214.264s][info][gc,heap     ] GC(403) Eden regions: 25->0(157)
[214.264s][info][gc,heap     ] GC(403) Survivor regions: 6->2(20)
[214.264s][info][gc,heap     ] GC(403) Old regions: 77->77
[214.264s][info][gc,heap     ] GC(403) Humongous regions: 3->1
[214.264s][info][gc,metaspace] GC(403) Metaspace: 42135K(42560K)->42135K(42560K) NonClass: 39321K(39616K)->39321K(39616K) Class: 2813K(2944K)->2813K(2944K)
[214.264s][info][gc          ] GC(403) Pause Young (Concurrent Start) (G1 Humongous Allocation) 110M->79M(285M) 3.594ms
[214.264s][info][gc,cpu      ] GC(403) User=0.01s Sys=0.00s Real=0.01s
[214.274s][info][gc          ] GC(404) Concurrent Mark Cycle
[214.274s][info][gc,marking  ] GC(404) Concurrent Scan Root Regions
[214.276s][info][gc,marking  ] GC(404) Concurrent Scan Root Regions 2.274ms
[214.276s][info][gc,marking  ] GC(404) Concurrent Mark
[214.276s][info][gc,marking  ] GC(404) Concurrent Mark From Roots
[214.276s][info][gc,task     ] GC(404) Using 1 workers of 1 for marking
[214.330s][info][gc,marking  ] GC(404) Concurrent Mark From Roots 54.141ms
[214.330s][info][gc,marking  ] GC(404) Concurrent Preclean
[214.330s][info][gc,marking  ] GC(404) Concurrent Preclean 0.030ms
[214.330s][info][gc,start    ] GC(404) Pause Remark
[214.347s][info][gc          ] GC(404) Pause Remark 100M->91M(256M) 16.156ms
[214.347s][info][gc,cpu      ] GC(404) User=0.03s Sys=0.00s Real=0.02s
[214.347s][info][gc,marking  ] GC(404) Concurrent Mark 70.552ms
[214.347s][info][gc,marking  ] GC(404) Concurrent Rebuild Remembered Sets and Scrub Regions
[214.367s][info][gc,marking  ] GC(404) Concurrent Rebuild Remembered Sets and Scrub Regions 20.386ms
[214.367s][info][gc,start    ] GC(404) Pause Cleanup
[214.367s][info][gc          ] GC(404) Pause Cleanup 96M->96M(256M) 0.046ms
[214.367s][info][gc,cpu      ] GC(404) User=0.00s Sys=0.00s Real=0.00s
[214.367s][info][gc,marking  ] GC(404) Concurrent Clear Claimed Marks
[214.367s][info][gc,marking  ] GC(404) Concurrent Clear Claimed Marks 0.035ms
[214.367s][info][gc,marking  ] GC(404) Concurrent Cleanup for Next Mark
[214.368s][info][gc,marking  ] GC(404) Concurrent Cleanup for Next Mark 0.855ms
[214.368s][info][gc          ] GC(404) Concurrent Mark Cycle 94.437ms
[214.826s][info][gc,start    ] GC(405) Pause Young (Prepare Mixed) (G1 Evacuation Pause)
[214.826s][info][gc,task     ] GC(405) Using 2 workers of 2 for evacuation
[214.840s][info][gc,phases   ] GC(405)   Pre Evacuate Collection Set: 0.15ms
[214.841s][info][gc,phases   ] GC(405)   Merge Heap Roots: 0.07ms
[214.841s][info][gc,phases   ] GC(405)   Evacuate Collection Set: 13.92ms
[214.841s][info][gc,phases   ] GC(405)   Post Evacuate Collection Set: 0.40ms
[214.841s][info][gc,phases   ] GC(405)   Other: 0.08ms
[214.841s][info][gc,heap     ] GC(405) Eden regions: 151->0(135)
[214.841s][info][gc,heap     ] GC(405) Survivor regions: 2->14(20)
[214.841s][info][gc,heap     ] GC(405) Old regions: 68->68
[214.841s][info][gc,heap     ] GC(405) Humongous regions: 5->3
[214.841s][info][gc,metaspace] GC(405) Metaspace: 42135K(42560K)->42135K(42560K) NonClass: 39321K(39616K)->39321K(39616K) Class: 2813K(2944K)->2813K(2944K)
[214.841s][info][gc          ] GC(405) Pause Young (Prepare Mixed) (G1 Evacuation Pause) 225M->85M(256M) 14.795ms
[214.841s][info][gc,cpu      ] GC(405) User=0.02s Sys=0.00s Real=0.01s
[215.313s][info][gc,start    ] GC(406) Pause Young (Mixed) (G1 Evacuation Pause)
[215.313s][info][gc,task     ] GC(406) Using 2 workers of 2 for evacuation
[215.317s][info][gc,phases   ] GC(406)   Pre Evacuate Collection Set: 0.17ms
[215.317s][info][gc,phases   ] GC(406)   Merge Heap Roots: 0.07ms
[215.317s][info][gc,phases   ] GC(406)   Evacuate Collection Set: 3.12ms
[215.317s][info][gc,phases   ] GC(406)   Post Evacuate Collection Set: 0.41ms
[215.317s][info][gc,phases   ] GC(406)   Other: 0.07ms
[215.317s][info][gc,heap     ] GC(406) Eden regions: 135->0(151)
[215.317s][info][gc,heap     ] GC(406) Survivor regions: 14->2(19)
[215.317s][info][gc,heap     ] GC(406) Old regions: 68->51
[215.317s][info][gc,heap     ] GC(406) Humongous regions: 9->1
[215.317s][info][gc,metaspace] GC(406) Metaspace: 42135K(42560K)->42135K(42560K) NonClass: 39321K(39616K)->39321K(39616K) Class: 2813K(2944K)->2813K(2944K)
[215.317s][info][gc          ] GC(406) Pause Young (Mixed) (G1 Evacuation Pause) 226M->53M(256M) 4.003ms
[215.317s][info][gc,cpu      ] GC(406) User=0.01s Sys=0.00s Real=0.00s
[215.318s][info][gc,start    ] GC(407) Pause Young (Concurrent Start) (G1 Humongous Allocation)
[215.318s][info][gc,task     ] GC(407) Using 2 workers of 2 for evacuation
[215.319s][info][gc,phases   ] GC(407)   Pre Evacuate Collection Set: 0.16ms
[215.319s][info][gc,phases   ] GC(407)   Merge Heap Roots: 0.03ms
[215.319s][info][gc,phases   ] GC(407)   Evacuate Collection Set: 1.18ms
[215.319s][info][gc,phases   ] GC(407)   Post Evacuate Collection Set: 0.24ms
[215.319s][info][gc,phases   ] GC(407)   Other: 0.06ms
[215.319s][info][gc,heap     ] GC(407) Eden regions: 2->0(150)
[215.319s][info][gc,heap     ] GC(407) Survivor regions: 2->2(20)
[215.319s][info][gc,heap     ] GC(407) Old regions: 51->51
[215.319s][info][gc,heap     ] GC(407) Humongous regions: 1->1
[215.319s][info][gc,metaspace] GC(407) Metaspace: 42135K(42560K)->42135K(42560K) NonClass: 39321K(39616K)->39321K(39616K) Class: 2813K(2944K)->2813K(2944K)
[215.319s][info][gc          ] GC(407) Pause Young (Concurrent Start) (G1 Humongous Allocation) 55M->53M(256M) 1.797ms
[215.319s][info][gc,cpu      ] GC(407) User=0.00s Sys=0.00s Real=0.00s
[215.320s][info][gc          ] GC(408) Concurrent Mark Cycle
[215.320s][info][gc,marking  ] GC(408) Concurrent Scan Root Regions
[215.322s][info][gc,marking  ] GC(408) Concurrent Scan Root Regions 2.281ms
[215.322s][info][gc,marking  ] GC(408) Concurrent Mark
[215.322s][info][gc,marking  ] GC(408) Concurrent Mark From Roots
[215.322s][info][gc,task     ] GC(408) Using 1 workers of 1 for marking
[215.387s][info][gc,marking  ] GC(408) Concurrent Mark From Roots 64.821ms
[215.387s][info][gc,marking  ] GC(408) Concurrent Preclean
[215.387s][info][gc,marking  ] GC(408) Concurrent Preclean 0.029ms
[215.387s][info][gc,start    ] GC(408) Pause Remark
[215.401s][info][gc          ] GC(408) Pause Remark 74M->74M(256M) 13.814ms
[215.401s][info][gc,cpu      ] GC(408) User=0.03s Sys=0.00s Real=0.02s
[215.401s][info][gc,marking  ] GC(408) Concurrent Mark 78.940ms
[215.401s][info][gc,marking  ] GC(408) Concurrent Rebuild Remembered Sets and Scrub Regions
[215.423s][info][gc,marking  ] GC(408) Concurrent Rebuild Remembered Sets and Scrub Regions 21.575ms
[215.423s][info][gc,start    ] GC(408) Pause Cleanup
[215.423s][info][gc          ] GC(408) Pause Cleanup 78M->78M(256M) 0.043ms
[215.423s][info][gc,cpu      ] GC(408) User=0.00s Sys=0.00s Real=0.00s
[215.423s][info][gc,marking  ] GC(408) Concurrent Clear Claimed Marks
[215.423s][info][gc,marking  ] GC(408) Concurrent Clear Claimed Marks 0.046ms
[215.423s][info][gc,marking  ] GC(408) Concurrent Cleanup for Next Mark
[215.424s][info][gc,marking  ] GC(408) Concurrent Cleanup for Next Mark 0.722ms
[215.424s][info][gc          ] GC(408) Concurrent Mark Cycle 104.455ms
[215.894s][info][gc,start    ] GC(409) Pause Young (Prepare Mixed) (G1 Evacuation Pause)
[215.894s][info][gc,task     ] GC(409) Using 2 workers of 2 for evacuation
[215.907s][info][gc,phases   ] GC(409)   Pre Evacuate Collection Set: 0.45ms
[215.907s][info][gc,phases   ] GC(409)   Merge Heap Roots: 0.08ms
[215.907s][info][gc,phases   ] GC(409)   Evacuate Collection Set: 11.62ms
[215.907s][info][gc,phases   ] GC(409)   Post Evacuate Collection Set: 0.39ms
[215.907s][info][gc,phases   ] GC(409)   Other: 0.07ms
[215.907s][info][gc,heap     ] GC(409) Eden regions: 150->0(141)
[215.907s][info][gc,heap     ] GC(409) Survivor regions: 2->12(19)
[215.907s][info][gc,heap     ] GC(409) Old regions: 51->51
[215.907s][info][gc,heap     ] GC(409) Humongous regions: 5->3
[215.907s][info][gc,metaspace] GC(409) Metaspace: 42135K(42560K)->42135K(42560K) NonClass: 39321K(39616K)->39321K(39616K) Class: 2813K(2944K)->2813K(2944K)
[215.907s][info][gc          ] GC(409) Pause Young (Prepare Mixed) (G1 Evacuation Pause) 207M->65M(256M) 12.806ms
[215.907s][info][gc,cpu      ] GC(409) User=0.02s Sys=0.00s Real=0.01s
[216.445s][info][gc,start    ] GC(410) Pause Young (Mixed) (G1 Evacuation Pause)
[216.445s][info][gc,task     ] GC(410) Using 2 workers of 2 for evacuation
[216.456s][info][gc,phases   ] GC(410)   Pre Evacuate Collection Set: 0.17ms
[216.456s][info][gc,phases   ] GC(410)   Merge Heap Roots: 0.12ms
[216.456s][info][gc,phases   ] GC(410)   Evacuate Collection Set: 10.26ms
[216.456s][info][gc,phases   ] GC(410)   Post Evacuate Collection Set: 0.43ms
[216.456s][info][gc,phases   ] GC(410)   Other: 0.07ms
[216.456s][info][gc,heap     ] GC(410) Eden regions: 141->0(146)
[216.456s][info][gc,heap     ] GC(410) Survivor regions: 12->7(20)
[216.456s][info][gc,heap     ] GC(410) Old regions: 51->50
[216.456s][info][gc,heap     ] GC(410) Humongous regions: 7->3
[216.456s][info][gc,metaspace] GC(410) Metaspace: 42135K(42560K)->42135K(42560K) NonClass: 39321K(39616K)->39321K(39616K) Class: 2813K(2944K)->2813K(2944K)
[216.456s][info][gc          ] GC(410) Pause Young (Mixed) (G1 Evacuation Pause) 210M->59M(256M) 11.223ms
[216.456s][info][gc,cpu      ] GC(410) User=0.03s Sys=0.00s Real=0.01s
[216.529s][info][gc,start    ] GC(411) Pause Young (Concurrent Start) (G1 Humongous Allocation)
[216.529s][info][gc,task     ] GC(411) Using 2 workers of 2 for evacuation
[216.531s][info][gc,phases   ] GC(411)   Pre Evacuate Collection Set: 0.21ms
[216.531s][info][gc,phases   ] GC(411)   Merge Heap Roots: 0.04ms
[216.531s][info][gc,phases   ] GC(411)   Evacuate Collection Set: 1.66ms
[216.531s][info][gc,phases   ] GC(411)   Post Evacuate Collection Set: 0.27ms
[216.531s][info][gc,phases   ] GC(411)   Other: 0.07ms
[216.531s][info][gc,heap     ] GC(411) Eden regions: 19->0(151)
[216.531s][info][gc,heap     ] GC(411) Survivor regions: 7->2(20)
[216.531s][info][gc,heap     ] GC(411) Old regions: 50->50
[216.531s][info][gc,heap     ] GC(411) Humongous regions: 3->1
[216.531s][info][gc,metaspace] GC(411) Metaspace: 42135K(42560K)->42135K(42560K) NonClass: 39321K(39616K)->39321K(39616K) Class: 2813K(2944K)->2813K(2944K)
[216.531s][info][gc          ] GC(411) Pause Young (Concurrent Start) (G1 Humongous Allocation) 77M->52M(256M) 2.409ms
[216.531s][info][gc,cpu      ] GC(411) User=0.00s Sys=0.00s Real=0.00s
[216.531s][info][gc          ] GC(412) Concurrent Mark Cycle
[216.531s][info][gc,marking  ] GC(412) Concurrent Scan Root Regions
[216.533s][info][gc,marking  ] GC(412) Concurrent Scan Root Regions 2.121ms
[216.533s][info][gc,marking  ] GC(412) Concurrent Mark
[216.533s][info][gc,marking  ] GC(412) Concurrent Mark From Roots
[216.533s][info][gc,task     ] GC(412) Using 1 workers of 1 for marking
[216.590s][info][gc,marking  ] GC(412) Concurrent Mark From Roots 57.145ms
[216.590s][info][gc,marking  ] GC(412) Concurrent Preclean
[216.590s][info][gc,marking  ] GC(412) Concurrent Preclean 0.031ms
[216.591s][info][gc,start    ] GC(412) Pause Remark
[216.604s][info][gc          ] GC(412) Pause Remark 71M->71M(256M) 13.375ms
[216.604s][info][gc,cpu      ] GC(412) User=0.03s Sys=0.00s Real=0.02s
[216.605s][info][gc,marking  ] GC(412) Concurrent Mark 71.933ms
[216.605s][info][gc,marking  ] GC(412) Concurrent Rebuild Remembered Sets and Scrub Regions
[216.663s][info][gc,marking  ] GC(412) Concurrent Rebuild Remembered Sets and Scrub Regions 57.848ms
[216.663s][info][gc,start    ] GC(412) Pause Cleanup
[216.663s][info][gc          ] GC(412) Pause Cleanup 78M->78M(256M) 0.056ms
[216.663s][info][gc,cpu      ] GC(412) User=0.00s Sys=0.00s Real=0.00s
[216.663s][info][gc,marking  ] GC(412) Concurrent Clear Claimed Marks
[216.663s][info][gc,marking  ] GC(412) Concurrent Clear Claimed Marks 0.033ms
[216.663s][info][gc,marking  ] GC(412) Concurrent Cleanup for Next Mark
[216.664s][info][gc,marking  ] GC(412) Concurrent Cleanup for Next Mark 0.782ms
[216.664s][info][gc          ] GC(412) Concurrent Mark Cycle 133.256ms
[216.964s][info][gc,start    ] GC(413) Pause Young (Prepare Mixed) (G1 Evacuation Pause)
[216.964s][info][gc,task     ] GC(413) Using 2 workers of 2 for evacuation
[216.996s][info][gc,phases   ] GC(413)   Pre Evacuate Collection Set: 0.21ms
[216.996s][info][gc,phases   ] GC(413)   Merge Heap Roots: 0.08ms
[216.996s][info][gc,phases   ] GC(413)   Evacuate Collection Set: 30.91ms
[216.996s][info][gc,phases   ] GC(413)   Post Evacuate Collection Set: 0.52ms
[216.996s][info][gc,phases   ] GC(413)   Other: 0.07ms
[216.996s][info][gc,heap     ] GC(413) Eden regions: 151->0(117)
[216.996s][info][gc,heap     ] GC(413) Survivor regions: 2->20(20)
[216.996s][info][gc,heap     ] GC(413) Old regions: 50->66
[216.996s][info][gc,heap     ] GC(413) Humongous regions: 5->3
[216.996s][info][gc,metaspace] GC(413) Metaspace: 42135K(42560K)->42135K(42560K) NonClass: 39321K(39616K)->39321K(39616K) Class: 2813K(2944K)->2813K(2944K)
[216.996s][info][gc          ] GC(413) Pause Young (Prepare Mixed) (G1 Evacuation Pause) 207M->89M(256M) 31.960ms
[216.996s][info][gc,cpu      ] GC(413) User=0.06s Sys=0.00s Real=0.03s
[217.472s][info][gc,start    ] GC(414) Pause Young (Mixed) (G1 Evacuation Pause)
[217.472s][info][gc,task     ] GC(414) Using 2 workers of 2 for evacuation
[217.532s][info][gc,phases   ] GC(414)   Pre Evacuate Collection Set: 0.19ms
[217.532s][info][gc,phases   ] GC(414)   Merge Heap Roots: 0.26ms
[217.532s][info][gc,phases   ] GC(414)   Evacuate Collection Set: 59.21ms
[217.532s][info][gc,phases   ] GC(414)   Post Evacuate Collection Set: 0.52ms
[217.532s][info][gc,phases   ] GC(414)   Other: 0.07ms
[217.532s][info][gc,heap     ] GC(414) Eden regions: 117->0(93)
[217.532s][info][gc,heap     ] GC(414) Survivor regions: 20->18(18)
[217.532s][info][gc,heap     ] GC(414) Old regions: 66->93
[217.532s][info][gc,heap     ] GC(414) Humongous regions: 3->3
[217.532s][info][gc,metaspace] GC(414) Metaspace: 42135K(42560K)->42135K(42560K) NonClass: 39321K(39616K)->39321K(39616K) Class: 2813K(2944K)->2813K(2944K)
[217.532s][info][gc          ] GC(414) Pause Young (Mixed) (G1 Evacuation Pause) 206M->114M(256M) 60.445ms
[217.532s][info][gc,cpu      ] GC(414) User=0.12s Sys=0.00s Real=0.06s
[217.948s][info][gc,start    ] GC(415) Pause Young (Concurrent Start) (G1 Evacuation Pause)
[217.948s][info][gc,task     ] GC(415) Using 2 workers of 2 for evacuation
[218.002s][info][gc,phases   ] GC(415)   Pre Evacuate Collection Set: 0.19ms
[218.003s][info][gc,phases   ] GC(415)   Merge Heap Roots: 0.34ms
[218.003s][info][gc,phases   ] GC(415)   Evacuate Collection Set: 53.53ms
[218.003s][info][gc,phases   ] GC(415)   Post Evacuate Collection Set: 0.41ms
[218.003s][info][gc,phases   ] GC(415)   Other: 0.11ms
[218.003s][info][gc,heap     ] GC(415) Eden regions: 93->0(72)
[218.003s][info][gc,heap     ] GC(415) Survivor regions: 18->14(14)
[218.003s][info][gc,heap     ] GC(415) Old regions: 93->123
[218.003s][info][gc,heap     ] GC(415) Humongous regions: 3->3
[218.003s][info][gc,metaspace] GC(415) Metaspace: 42135K(42560K)->42135K(42560K) NonClass: 39321K(39616K)->39321K(39616K) Class: 2813K(2944K)->2813K(2944K)
[218.003s][info][gc          ] GC(415) Pause Young (Concurrent Start) (G1 Evacuation Pause) 207M->140M(256M) 54.778ms
[218.003s][info][gc,cpu      ] GC(415) User=0.11s Sys=0.00s Real=0.06s
[218.003s][info][gc          ] GC(416) Concurrent Mark Cycle
[218.003s][info][gc,marking  ] GC(416) Concurrent Scan Root Regions
[218.065s][info][gc,marking  ] GC(416) Concurrent Scan Root Regions 61.478ms
[218.065s][info][gc,marking  ] GC(416) Concurrent Mark
[218.065s][info][gc,marking  ] GC(416) Concurrent Mark From Roots
[218.065s][info][gc,task     ] GC(416) Using 1 workers of 1 for marking
[218.291s][info][gc,marking  ] GC(416) Concurrent Mark From Roots 226.498ms
[218.291s][info][gc,marking  ] GC(416) Concurrent Preclean
[218.291s][info][gc,marking  ] GC(416) Concurrent Preclean 0.037ms
[218.292s][info][gc,start    ] GC(416) Pause Remark
[218.305s][info][gc          ] GC(416) Pause Remark 198M->198M(256M) 13.914ms
[218.305s][info][gc,cpu      ] GC(416) User=0.02s Sys=0.00s Real=0.01s
[218.306s][info][gc,marking  ] GC(416) Concurrent Mark 240.713ms
[218.306s][info][gc,marking  ] GC(416) Concurrent Rebuild Remembered Sets and Scrub Regions
[218.384s][info][gc,start    ] GC(417) Pause Young (Normal) (G1 Evacuation Pause)
[218.384s][info][gc,task     ] GC(417) Using 2 workers of 2 for evacuation
[218.426s][info][gc,phases   ] GC(417)   Pre Evacuate Collection Set: 0.14ms
[218.426s][info][gc,phases   ] GC(417)   Merge Heap Roots: 0.33ms
[218.426s][info][gc,phases   ] GC(417)   Evacuate Collection Set: 40.43ms
[218.426s][info][gc,phases   ] GC(417)   Post Evacuate Collection Set: 0.36ms
[218.426s][info][gc,phases   ] GC(417)   Other: 0.09ms
[218.426s][info][gc,heap     ] GC(417) Eden regions: 72->0(57)
[218.426s][info][gc,heap     ] GC(417) Survivor regions: 14->11(11)
[218.426s][info][gc,heap     ] GC(417) Old regions: 123->147
[218.426s][info][gc,heap     ] GC(417) Humongous regions: 3->3
[218.426s][info][gc,metaspace] GC(417) Metaspace: 42135K(42560K)->42135K(42560K) NonClass: 39321K(39616K)->39321K(39616K) Class: 2813K(2944K)->2813K(2944K)
[218.426s][info][gc          ] GC(417) Pause Young (Normal) (G1 Evacuation Pause) 212M->160M(256M) 41.503ms
[218.426s][info][gc,cpu      ] GC(417) User=0.08s Sys=0.00s Real=0.04s
[218.435s][info][gc,marking  ] GC(416) Concurrent Rebuild Remembered Sets and Scrub Regions 129.259ms
[218.435s][info][gc,start    ] GC(416) Pause Cleanup
[218.435s][info][gc          ] GC(416) Pause Cleanup 162M->162M(256M) 0.041ms
[218.435s][info][gc,cpu      ] GC(416) User=0.00s Sys=0.00s Real=0.00s
[218.435s][info][gc,marking  ] GC(416) Concurrent Clear Claimed Marks
[218.435s][info][gc,marking  ] GC(416) Concurrent Clear Claimed Marks 0.045ms
[218.435s][info][gc,marking  ] GC(416) Concurrent Cleanup for Next Mark
[218.436s][info][gc,marking  ] GC(416) Concurrent Cleanup for Next Mark 0.735ms
[218.436s][info][gc          ] GC(416) Concurrent Mark Cycle 433.205ms
[218.702s][info][gc,start    ] GC(418) Pause Young (Prepare Mixed) (G1 Evacuation Pause)
[218.702s][info][gc,task     ] GC(418) Using 2 workers of 2 for evacuation
[218.735s][info][gc,phases   ] GC(418)   Pre Evacuate Collection Set: 0.17ms
[218.735s][info][gc,phases   ] GC(418)   Merge Heap Roots: 0.21ms
[218.735s][info][gc,phases   ] GC(418)   Evacuate Collection Set: 32.50ms
[218.735s][info][gc,phases   ] GC(418)   Post Evacuate Collection Set: 0.34ms
[218.735s][info][gc,phases   ] GC(418)   Other: 0.09ms
[218.735s][info][gc,heap     ] GC(418) Eden regions: 57->0(45)
[218.735s][info][gc,heap     ] GC(418) Survivor regions: 11->9(9)
[218.735s][info][gc,heap     ] GC(418) Old regions: 147->166
[218.735s][info][gc,heap     ] GC(418) Humongous regions: 3->3
[218.735s][info][gc,metaspace] GC(418) Metaspace: 42135K(42560K)->42135K(42560K) NonClass: 39321K(39616K)->39321K(39616K) Class: 2813K(2944K)->2813K(2944K)
[218.735s][info][gc          ] GC(418) Pause Young (Prepare Mixed) (G1 Evacuation Pause) 217M->177M(256M) 33.476ms
[218.735s][info][gc,cpu      ] GC(418) User=0.07s Sys=0.00s Real=0.03s
[218.869s][info][gc,start    ] GC(419) Pause Young (Mixed) (G1 Evacuation Pause)
[218.869s][info][gc,task     ] GC(419) Using 2 workers of 2 for evacuation
[218.898s][info][gc,phases   ] GC(419)   Pre Evacuate Collection Set: 0.16ms
[218.898s][info][gc,phases   ] GC(419)   Merge Heap Roots: 0.24ms
[218.898s][info][gc,phases   ] GC(419)   Evacuate Collection Set: 27.03ms
[218.898s][info][gc,phases   ] GC(419)   Post Evacuate Collection Set: 0.99ms
[218.898s][info][gc,phases   ] GC(419)   Other: 0.08ms
[218.898s][info][gc,heap     ] GC(419) Eden regions: 45->0(104)
[218.898s][info][gc,heap     ] GC(419) Survivor regions: 9->7(7)
[218.898s][info][gc,heap     ] GC(419) Old regions: 166->170
[218.898s][info][gc,heap     ] GC(419) Humongous regions: 5->3
[218.898s][info][gc,metaspace] GC(419) Metaspace: 42135K(42560K)->42135K(42560K) NonClass: 39321K(39616K)->39321K(39616K) Class: 2813K(2944K)->2813K(2944K)
[218.898s][info][gc          ] GC(419) Pause Young (Mixed) (G1 Evacuation Pause) 224M->179M(352M) 28.689ms
[218.898s][info][gc,cpu      ] GC(419) User=0.05s Sys=0.00s Real=0.03s
[219.223s][info][gc,start    ] GC(420) Pause Young (Concurrent Start) (G1 Humongous Allocation)
[219.223s][info][gc,task     ] GC(420) Using 2 workers of 2 for evacuation
[219.241s][info][gc,phases   ] GC(420)   Pre Evacuate Collection Set: 0.20ms
[219.241s][info][gc,phases   ] GC(420)   Merge Heap Roots: 0.09ms
[219.241s][info][gc,phases   ] GC(420)   Evacuate Collection Set: 17.07ms
[219.241s][info][gc,phases   ] GC(420)   Post Evacuate Collection Set: 0.34ms
[219.241s][info][gc,phases   ] GC(420)   Other: 0.07ms
[219.241s][info][gc,heap     ] GC(420) Eden regions: 68->0(107)
[219.241s][info][gc,heap     ] GC(420) Survivor regions: 7->13(14)
[219.241s][info][gc,heap     ] GC(420) Old regions: 170->170
[219.241s][info][gc,heap     ] GC(420) Humongous regions: 3->1
[219.241s][info][gc,metaspace] GC(420) Metaspace: 42135K(42560K)->42135K(42560K) NonClass: 39321K(39616K)->39321K(39616K) Class: 2813K(2944K)->2813K(2944K)
[219.241s][info][gc          ] GC(420) Pause Young (Concurrent Start) (G1 Humongous Allocation) 247M->183M(352M) 17.936ms
[219.241s][info][gc,cpu      ] GC(420) User=0.03s Sys=0.01s Real=0.02s
[219.241s][info][gc          ] GC(421) Concurrent Mark Cycle
[219.242s][info][gc,marking  ] GC(421) Concurrent Scan Root Regions
[219.251s][info][gc,marking  ] GC(421) Concurrent Scan Root Regions 9.430ms
[219.251s][info][gc,marking  ] GC(421) Concurrent Mark
[219.251s][info][gc,marking  ] GC(421) Concurrent Mark From Roots
[219.251s][info][gc,task     ] GC(421) Using 1 workers of 1 for marking
[219.370s][info][gc,marking  ] GC(421) Concurrent Mark From Roots 119.012ms
[219.370s][info][gc,marking  ] GC(421) Concurrent Preclean
[219.370s][info][gc,marking  ] GC(421) Concurrent Preclean 0.034ms
[219.370s][info][gc,start    ] GC(421) Pause Remark
[219.384s][info][gc          ] GC(421) Pause Remark 203M->202M(352M) 13.768ms
[219.384s][info][gc,cpu      ] GC(421) User=0.03s Sys=0.00s Real=0.02s
[219.384s][info][gc,marking  ] GC(421) Concurrent Mark 133.064ms
[219.384s][info][gc,marking  ] GC(421) Concurrent Rebuild Remembered Sets and Scrub Regions
[219.447s][info][gc,marking  ] GC(421) Concurrent Rebuild Remembered Sets and Scrub Regions 63.233ms
[219.448s][info][gc,start    ] GC(421) Pause Cleanup
[219.448s][info][gc          ] GC(421) Pause Cleanup 209M->209M(352M) 0.087ms
[219.448s][info][gc,cpu      ] GC(421) User=0.00s Sys=0.00s Real=0.00s
[219.448s][info][gc,marking  ] GC(421) Concurrent Clear Claimed Marks
[219.448s][info][gc,marking  ] GC(421) Concurrent Clear Claimed Marks 0.040ms
[219.448s][info][gc,marking  ] GC(421) Concurrent Cleanup for Next Mark
[219.450s][info][gc,marking  ] GC(421) Concurrent Cleanup for Next Mark 1.943ms
[219.450s][info][gc          ] GC(421) Concurrent Mark Cycle 208.424ms
[219.744s][info][gc,start    ] GC(422) Pause Young (Prepare Mixed) (G1 Evacuation Pause)
[219.744s][info][gc,task     ] GC(422) Using 2 workers of 2 for evacuation
[219.766s][info][gc,phases   ] GC(422)   Pre Evacuate Collection Set: 0.20ms
[219.766s][info][gc,phases   ] GC(422)   Merge Heap Roots: 0.10ms
[219.766s][info][gc,phases   ] GC(422)   Evacuate Collection Set: 21.43ms
[219.766s][info][gc,phases   ] GC(422)   Post Evacuate Collection Set: 0.39ms
[219.766s][info][gc,phases   ] GC(422)   Other: 0.09ms
[219.766s][info][gc,heap     ] GC(422) Eden regions: 107->0(104)
[219.766s][info][gc,heap     ] GC(422) Survivor regions: 13->12(15)
[219.766s][info][gc,heap     ] GC(422) Old regions: 169->181
[219.766s][info][gc,heap     ] GC(422) Humongous regions: 5->3
[219.766s][info][gc,metaspace] GC(422) Metaspace: 42136K(42560K)->42136K(42560K) NonClass: 39323K(39616K)->39323K(39616K) Class: 2813K(2944K)->2813K(2944K)
[219.766s][info][gc          ] GC(422) Pause Young (Prepare Mixed) (G1 Evacuation Pause) 293M->195M(352M) 22.401ms
[219.766s][info][gc,cpu      ] GC(422) User=0.05s Sys=0.00s Real=0.02s
[220.031s][info][gc,start    ] GC(423) Pause Young (Mixed) (G1 Evacuation Pause)
[220.031s][info][gc,task     ] GC(423) Using 2 workers of 2 for evacuation
[220.043s][info][gc,phases   ] GC(423)   Pre Evacuate Collection Set: 0.27ms
[220.043s][info][gc,phases   ] GC(423)   Merge Heap Roots: 0.28ms
[220.043s][info][gc,phases   ] GC(423)   Evacuate Collection Set: 10.35ms
[220.043s][info][gc,phases   ] GC(423)   Post Evacuate Collection Set: 0.47ms
[220.043s][info][gc,phases   ] GC(423)   Other: 0.07ms
[220.043s][info][gc,heap     ] GC(423) Eden regions: 104->0(138)
[220.043s][info][gc,heap     ] GC(423) Survivor regions: 12->6(15)
[220.043s][info][gc,heap     ] GC(423) Old regions: 181->148
[220.043s][info][gc,heap     ] GC(423) Humongous regions: 11->3
[220.043s][info][gc,metaspace] GC(423) Metaspace: 42147K(42560K)->42147K(42560K) NonClass: 39333K(39616K)->39333K(39616K) Class: 2813K(2944K)->2813K(2944K)
[220.043s][info][gc          ] GC(423) Pause Young (Mixed) (G1 Evacuation Pause) 307M->156M(352M) 11.630ms
[220.043s][info][gc,cpu      ] GC(423) User=0.02s Sys=0.00s Real=0.02s
[220.483s][info][gc,start    ] GC(424) Pause Young (Mixed) (G1 Evacuation Pause)
[220.483s][info][gc,task     ] GC(424) Using 2 workers of 2 for evacuation
[220.510s][info][gc,phases   ] GC(424)   Pre Evacuate Collection Set: 0.28ms
[220.510s][info][gc,phases   ] GC(424)   Merge Heap Roots: 0.27ms
[220.510s][info][gc,phases   ] GC(424)   Evacuate Collection Set: 25.85ms
[220.510s][info][gc,phases   ] GC(424)   Post Evacuate Collection Set: 0.51ms
[220.510s][info][gc,phases   ] GC(424)   Other: 0.08ms
[220.510s][info][gc,heap     ] GC(424) Eden regions: 138->0(142)
[220.510s][info][gc,heap     ] GC(424) Survivor regions: 6->18(18)
[220.510s][info][gc,heap     ] GC(424) Old regions: 148->126
[220.510s][info][gc,heap     ] GC(424) Humongous regions: 4->3
[220.510s][info][gc,metaspace] GC(424) Metaspace: 42147K(42560K)->42147K(42560K) NonClass: 39334K(39616K)->39334K(39616K) Class: 2813K(2944K)->2813K(2944K)
[220.510s][info][gc          ] GC(424) Pause Young (Mixed) (G1 Evacuation Pause) 295M->147M(352M) 27.185ms
[220.510s][info][gc,cpu      ] GC(424) User=0.05s Sys=0.00s Real=0.02s
[220.941s][info][gc,start    ] GC(425) Pause Young (Mixed) (G1 Evacuation Pause)
[220.941s][info][gc,task     ] GC(425) Using 2 workers of 2 for evacuation
[220.977s][info][gc,phases   ] GC(425)   Pre Evacuate Collection Set: 0.25ms
[220.977s][info][gc,phases   ] GC(425)   Merge Heap Roots: 0.42ms
[220.977s][info][gc,phases   ] GC(425)   Evacuate Collection Set: 34.85ms
[220.977s][info][gc,phases   ] GC(425)   Post Evacuate Collection Set: 0.44ms
[220.977s][info][gc,phases   ] GC(425)   Other: 0.07ms
[220.977s][info][gc,heap     ] GC(425) Eden regions: 142->0(148)
[220.977s][info][gc,heap     ] GC(425) Survivor regions: 18->12(20)
[220.977s][info][gc,heap     ] GC(425) Old regions: 126->127
[220.977s][info][gc,heap     ] GC(425) Humongous regions: 4->4
[220.977s][info][gc,metaspace] GC(425) Metaspace: 42149K(42560K)->42149K(42560K) NonClass: 39335K(39616K)->39335K(39616K) Class: 2813K(2944K)->2813K(2944K)
[220.977s][info][gc          ] GC(425) Pause Young (Mixed) (G1 Evacuation Pause) 290M->143M(352M) 36.240ms
[220.977s][info][gc,cpu      ] GC(425) User=0.07s Sys=0.00s Real=0.04s
[221.130s][info][gc,start    ] GC(426) Pause Young (Concurrent Start) (G1 Humongous Allocation)
[221.130s][info][gc,task     ] GC(426) Using 2 workers of 2 for evacuation
[221.155s][info][gc,phases   ] GC(426)   Pre Evacuate Collection Set: 0.22ms
[221.155s][info][gc,phases   ] GC(426)   Merge Heap Roots: 0.07ms
[221.155s][info][gc,phases   ] GC(426)   Evacuate Collection Set: 23.41ms
[221.155s][info][gc,phases   ] GC(426)   Post Evacuate Collection Set: 0.92ms
[221.155s][info][gc,phases   ] GC(426)   Other: 0.09ms
[221.155s][info][gc,heap     ] GC(426) Eden regions: 49->0(123)
[221.155s][info][gc,heap     ] GC(426) Survivor regions: 12->20(20)
[221.155s][info][gc,heap     ] GC(426) Old regions: 127->147
[221.155s][info][gc,heap     ] GC(426) Humongous regions: 4->4
[221.155s][info][gc,metaspace] GC(426) Metaspace: 42149K(42560K)->42149K(42560K) NonClass: 39335K(39616K)->39335K(39616K) Class: 2813K(2944K)->2813K(2944K)
[221.155s][info][gc          ] GC(426) Pause Young (Concurrent Start) (G1 Humongous Allocation) 191M->170M(417M) 24.922ms
[221.155s][info][gc,cpu      ] GC(426) User=0.05s Sys=0.00s Real=0.03s
[221.155s][info][gc          ] GC(427) Concurrent Mark Cycle
[221.155s][info][gc,marking  ] GC(427) Concurrent Scan Root Regions
[221.171s][info][gc,marking  ] GC(427) Concurrent Scan Root Regions 16.040ms
[221.171s][info][gc,marking  ] GC(427) Concurrent Mark
[221.171s][info][gc,marking  ] GC(427) Concurrent Mark From Roots
[221.171s][info][gc,task     ] GC(427) Using 1 workers of 1 for marking
[221.257s][info][gc,marking  ] GC(427) Concurrent Mark From Roots 86.380ms
[221.257s][info][gc,marking  ] GC(427) Concurrent Preclean
[221.257s][info][gc,marking  ] GC(427) Concurrent Preclean 0.044ms
[221.257s][info][gc,start    ] GC(427) Pause Remark
[221.271s][info][gc          ] GC(427) Pause Remark 193M->182M(417M) 13.785ms
[221.271s][info][gc,cpu      ] GC(427) User=0.02s Sys=0.00s Real=0.02s
[221.271s][info][gc,marking  ] GC(427) Concurrent Mark 100.478ms
[221.271s][info][gc,marking  ] GC(427) Concurrent Rebuild Remembered Sets and Scrub Regions
[221.321s][info][gc,marking  ] GC(427) Concurrent Rebuild Remembered Sets and Scrub Regions 50.067ms
[221.322s][info][gc,start    ] GC(427) Pause Cleanup
[221.322s][info][gc          ] GC(427) Pause Cleanup 194M->194M(417M) 0.060ms
[221.322s][info][gc,cpu      ] GC(427) User=0.00s Sys=0.00s Real=0.00s
[221.322s][info][gc,marking  ] GC(427) Concurrent Clear Claimed Marks
[221.322s][info][gc,marking  ] GC(427) Concurrent Clear Claimed Marks 0.044ms
[221.322s][info][gc,marking  ] GC(427) Concurrent Cleanup for Next Mark
[221.324s][info][gc,marking  ] GC(427) Concurrent Cleanup for Next Mark 1.828ms
[221.324s][info][gc          ] GC(427) Concurrent Mark Cycle 168.807ms
[221.626s][info][gc,start    ] GC(428) Pause Young (Prepare Mixed) (G1 Evacuation Pause)
[221.626s][info][gc,task     ] GC(428) Using 2 workers of 2 for evacuation
[221.664s][info][gc,phases   ] GC(428)   Pre Evacuate Collection Set: 0.23ms
[221.664s][info][gc,phases   ] GC(428)   Merge Heap Roots: 0.28ms
[221.664s][info][gc,phases   ] GC(428)   Evacuate Collection Set: 36.71ms
[221.664s][info][gc,phases   ] GC(428)   Post Evacuate Collection Set: 0.43ms
[221.664s][info][gc,phases   ] GC(428)   Other: 0.07ms
[221.664s][info][gc,heap     ] GC(428) Eden regions: 123->0(118)
[221.664s][info][gc,heap     ] GC(428) Survivor regions: 20->18(18)
[221.664s][info][gc,heap     ] GC(428) Old regions: 136->164
[221.664s][info][gc,heap     ] GC(428) Humongous regions: 6->5
[221.664s][info][gc,metaspace] GC(428) Metaspace: 42149K(42560K)->42149K(42560K) NonClass: 39336K(39616K)->39336K(39616K) Class: 2813K(2944K)->2813K(2944K)
[221.664s][info][gc          ] GC(428) Pause Young (Prepare Mixed) (G1 Evacuation Pause) 284M->187M(417M) 37.915ms
[221.664s][info][gc,cpu      ] GC(428) User=0.06s Sys=0.00s Real=0.04s
[222.039s][info][gc,start    ] GC(429) Pause Young (Mixed) (G1 Evacuation Pause)
[222.039s][info][gc,task     ] GC(429) Using 2 workers of 2 for evacuation
[222.102s][info][gc,phases   ] GC(429)   Pre Evacuate Collection Set: 0.31ms
[222.102s][info][gc,phases   ] GC(429)   Merge Heap Roots: 0.38ms
[222.102s][info][gc,phases   ] GC(429)   Evacuate Collection Set: 62.01ms
[222.102s][info][gc,phases   ] GC(429)   Post Evacuate Collection Set: 0.64ms
[222.102s][info][gc,phases   ] GC(429)   Other: 0.07ms
[222.102s][info][gc,heap     ] GC(429) Eden regions: 118->0(94)
[222.102s][info][gc,heap     ] GC(429) Survivor regions: 18->17(17)
[222.102s][info][gc,heap     ] GC(429) Old regions: 164->187
[222.102s][info][gc,heap     ] GC(429) Humongous regions: 5->5
[222.102s][info][gc,metaspace] GC(429) Metaspace: 42150K(42560K)->42150K(42560K) NonClass: 39337K(39616K)->39337K(39616K) Class: 2813K(2944K)->2813K(2944K)
[222.102s][info][gc          ] GC(429) Pause Young (Mixed) (G1 Evacuation Pause) 305M->209M(417M) 63.662ms
[222.102s][info][gc,cpu      ] GC(429) User=0.13s Sys=0.00s Real=0.07s
[222.429s][info][gc,start    ] GC(430) Pause Young (Concurrent Start) (G1 Evacuation Pause)
[222.429s][info][gc,task     ] GC(430) Using 2 workers of 2 for evacuation
[222.488s][info][gc,phases   ] GC(430)   Pre Evacuate Collection Set: 0.22ms
[222.488s][info][gc,phases   ] GC(430)   Merge Heap Roots: 0.35ms
[222.488s][info][gc,phases   ] GC(430)   Evacuate Collection Set: 57.03ms
[222.488s][info][gc,phases   ] GC(430)   Post Evacuate Collection Set: 0.47ms
[222.488s][info][gc,phases   ] GC(430)   Other: 0.17ms
[222.488s][info][gc,heap     ] GC(430) Eden regions: 94->0(65)
[222.488s][info][gc,heap     ] GC(430) Survivor regions: 17->14(14)
[222.488s][info][gc,heap     ] GC(430) Old regions: 187->240
[222.488s][info][gc,heap     ] GC(430) Humongous regions: 5->5
[222.488s][info][gc,metaspace] GC(430) Metaspace: 42150K(42560K)->42150K(42560K) NonClass: 39337K(39616K)->39337K(39616K) Class: 2813K(2944K)->2813K(2944K)
[222.488s][info][gc          ] GC(430) Pause Young (Concurrent Start) (G1 Evacuation Pause) 303M->259M(417M) 58.461ms
[222.488s][info][gc,cpu      ] GC(430) User=0.12s Sys=0.01s Real=0.06s
[222.488s][info][gc          ] GC(431) Concurrent Mark Cycle
[222.488s][info][gc,marking  ] GC(431) Concurrent Scan Root Regions
[222.517s][info][gc,marking  ] GC(431) Concurrent Scan Root Regions 28.887ms
[222.517s][info][gc,marking  ] GC(431) Concurrent Mark
[222.517s][info][gc,marking  ] GC(431) Concurrent Mark From Roots
[222.517s][info][gc,task     ] GC(431) Using 1 workers of 1 for marking
[222.615s][info][gc,marking  ] GC(431) Concurrent Mark From Roots 98.383ms
[222.615s][info][gc,marking  ] GC(431) Concurrent Preclean
[222.615s][info][gc,marking  ] GC(431) Concurrent Preclean 0.036ms
[222.615s][info][gc,start    ] GC(431) Pause Remark
[222.629s][info][gc          ] GC(431) Pause Remark 291M->260M(417M) 13.768ms
[222.629s][info][gc,cpu      ] GC(431) User=0.02s Sys=0.00s Real=0.01s
[222.629s][info][gc,marking  ] GC(431) Concurrent Mark 112.514ms
[222.629s][info][gc,marking  ] GC(431) Concurrent Rebuild Remembered Sets and Scrub Regions
[222.719s][info][gc,marking  ] GC(431) Concurrent Rebuild Remembered Sets and Scrub Regions 89.887ms
[222.719s][info][gc,start    ] GC(431) Pause Cleanup
[222.719s][info][gc          ] GC(431) Pause Cleanup 281M->281M(417M) 0.074ms
[222.719s][info][gc,cpu      ] GC(431) User=0.00s Sys=0.00s Real=0.00s
[222.719s][info][gc,marking  ] GC(431) Concurrent Clear Claimed Marks
[222.719s][info][gc,marking  ] GC(431) Concurrent Clear Claimed Marks 0.037ms
[222.719s][info][gc,marking  ] GC(431) Concurrent Cleanup for Next Mark
[222.721s][info][gc,marking  ] GC(431) Concurrent Cleanup for Next Mark 1.183ms
[222.721s][info][gc          ] GC(431) Concurrent Mark Cycle 232.891ms
[222.763s][info][gc,start    ] GC(432) Pause Young (Prepare Mixed) (G1 Evacuation Pause)
[222.763s][info][gc,task     ] GC(432) Using 2 workers of 2 for evacuation
[222.806s][info][gc,phases   ] GC(432)   Pre Evacuate Collection Set: 0.18ms
[222.806s][info][gc,phases   ] GC(432)   Merge Heap Roots: 0.49ms
[222.806s][info][gc,phases   ] GC(432)   Evacuate Collection Set: 41.46ms
[222.806s][info][gc,phases   ] GC(432)   Post Evacuate Collection Set: 0.38ms
[222.806s][info][gc,phases   ] GC(432)   Other: 0.07ms
[222.806s][info][gc,heap     ] GC(432) Eden regions: 65->0(61)
[222.806s][info][gc,heap     ] GC(432) Survivor regions: 14->10(10)
[222.806s][info][gc,heap     ] GC(432) Old regions: 211->253
[222.806s][info][gc,heap     ] GC(432) Humongous regions: 4->4
[222.806s][info][gc,metaspace] GC(432) Metaspace: 42150K(42560K)->42150K(42560K) NonClass: 39337K(39616K)->39337K(39616K) Class: 2813K(2944K)->2813K(2944K)
[222.806s][info][gc          ] GC(432) Pause Young (Prepare Mixed) (G1 Evacuation Pause) 294M->266M(417M) 42.800ms
[222.806s][info][gc,cpu      ] GC(432) User=0.08s Sys=0.00s Real=0.04s
[222.997s][info][gc,start    ] GC(433) Pause Young (Mixed) (G1 Evacuation Pause)
[222.997s][info][gc,task     ] GC(433) Using 2 workers of 2 for evacuation
[223.032s][info][gc,phases   ] GC(433)   Pre Evacuate Collection Set: 0.24ms
[223.032s][info][gc,phases   ] GC(433)   Merge Heap Roots: 0.44ms
[223.032s][info][gc,phases   ] GC(433)   Evacuate Collection Set: 33.88ms
[223.032s][info][gc,phases   ] GC(433)   Post Evacuate Collection Set: 0.46ms
[223.032s][info][gc,phases   ] GC(433)   Other: 0.09ms
[223.032s][info][gc,heap     ] GC(433) Eden regions: 61->0(68)
[223.032s][info][gc,heap     ] GC(433) Survivor regions: 10->9(9)
[223.032s][info][gc,heap     ] GC(433) Old regions: 253->242
[223.032s][info][gc,heap     ] GC(433) Humongous regions: 4->4
[223.032s][info][gc,metaspace] GC(433) Metaspace: 42151K(42560K)->42151K(42560K) NonClass: 39337K(39616K)->39337K(39616K) Class: 2813K(2944K)->2813K(2944K)
[223.032s][info][gc          ] GC(433) Pause Young (Mixed) (G1 Evacuation Pause) 327M->254M(417M) 35.310ms
[223.032s][info][gc,cpu      ] GC(433) User=0.07s Sys=0.00s Real=0.04s
[223.237s][info][gc,start    ] GC(434) Pause Young (Mixed) (G1 Evacuation Pause)
[223.237s][info][gc,task     ] GC(434) Using 2 workers of 2 for evacuation
[223.275s][info][gc,phases   ] GC(434)   Pre Evacuate Collection Set: 0.23ms
[223.275s][info][gc,phases   ] GC(434)   Merge Heap Roots: 0.42ms
[223.275s][info][gc,phases   ] GC(434)   Evacuate Collection Set: 35.34ms
[223.275s][info][gc,phases   ] GC(434)   Post Evacuate Collection Set: 1.39ms
[223.275s][info][gc,phases   ] GC(434)   Other: 0.09ms
[223.275s][info][gc,heap     ] GC(434) Eden regions: 68->0(134)
[223.275s][info][gc,heap     ] GC(434) Survivor regions: 9->10(10)
[223.275s][info][gc,heap     ] GC(434) Old regions: 242->232
[223.275s][info][gc,heap     ] GC(434) Humongous regions: 4->4
[223.275s][info][gc,metaspace] GC(434) Metaspace: 42152K(42560K)->42152K(42560K) NonClass: 39338K(39616K)->39338K(39616K) Class: 2814K(2944K)->2814K(2944K)
[223.275s][info][gc          ] GC(434) Pause Young (Mixed) (G1 Evacuation Pause) 322M->245M(562M) 37.667ms
[223.275s][info][gc,cpu      ] GC(434) User=0.07s Sys=0.00s Real=0.04s
[223.833s][info][gc,start    ] GC(435) Pause Young (Mixed) (G1 Evacuation Pause)
[223.833s][info][gc,task     ] GC(435) Using 2 workers of 2 for evacuation
[223.893s][info][gc,phases   ] GC(435)   Pre Evacuate Collection Set: 0.24ms
[223.893s][info][gc,phases   ] GC(435)   Merge Heap Roots: 0.16ms
[223.893s][info][gc,phases   ] GC(435)   Evacuate Collection Set: 59.30ms
[223.893s][info][gc,phases   ] GC(435)   Post Evacuate Collection Set: 0.54ms
[223.893s][info][gc,phases   ] GC(435)   Other: 0.09ms
[223.893s][info][gc,heap     ] GC(435) Eden regions: 134->0(104)
[223.893s][info][gc,heap     ] GC(435) Survivor regions: 10->18(18)
[223.893s][info][gc,heap     ] GC(435) Old regions: 232->294
[223.893s][info][gc,heap     ] GC(435) Humongous regions: 5->5
[223.893s][info][gc,metaspace] GC(435) Metaspace: 42153K(42560K)->42153K(42560K) NonClass: 39339K(39616K)->39339K(39616K) Class: 2814K(2944K)->2814K(2944K)
[223.893s][info][gc          ] GC(435) Pause Young (Mixed) (G1 Evacuation Pause) 380M->317M(562M) 60.569ms
[223.893s][info][gc,cpu      ] GC(435) User=0.11s Sys=0.01s Real=0.06s
[224.153s][info][gc,start    ] GC(436) Pause Young (Concurrent Start) (G1 Humongous Allocation)
[224.153s][info][gc,task     ] GC(436) Using 2 workers of 2 for evacuation
[224.207s][info][gc,phases   ] GC(436)   Pre Evacuate Collection Set: 0.27ms
[224.207s][info][gc,phases   ] GC(436)   Merge Heap Roots: 0.32ms
[224.207s][info][gc,phases   ] GC(436)   Evacuate Collection Set: 52.22ms
[224.207s][info][gc,phases   ] GC(436)   Post Evacuate Collection Set: 0.44ms
[224.207s][info][gc,phases   ] GC(436)   Other: 0.11ms
[224.207s][info][gc,heap     ] GC(436) Eden regions: 80->0(78)
[224.207s][info][gc,heap     ] GC(436) Survivor regions: 18->16(16)
[224.207s][info][gc,heap     ] GC(436) Old regions: 294->350
[224.207s][info][gc,heap     ] GC(436) Humongous regions: 5->5
[224.207s][info][gc,metaspace] GC(436) Metaspace: 42153K(42560K)->42153K(42560K) NonClass: 39339K(39616K)->39339K(39616K) Class: 2814K(2944K)->2814K(2944K)
[224.207s][info][gc          ] GC(436) Pause Young (Concurrent Start) (G1 Humongous Allocation) 396M->370M(562M) 53.592ms
[224.207s][info][gc,cpu      ] GC(436) User=0.11s Sys=0.00s Real=0.05s
[224.207s][info][gc          ] GC(437) Concurrent Mark Cycle
[224.207s][info][gc,marking  ] GC(437) Concurrent Scan Root Regions
[224.234s][info][gc,marking  ] GC(437) Concurrent Scan Root Regions 26.973ms
[224.234s][info][gc,marking  ] GC(437) Concurrent Mark
[224.234s][info][gc,marking  ] GC(437) Concurrent Mark From Roots
[224.234s][info][gc,task     ] GC(437) Using 1 workers of 1 for marking
[224.349s][info][gc,marking  ] GC(437) Concurrent Mark From Roots 114.470ms
[224.349s][info][gc,marking  ] GC(437) Concurrent Preclean
[224.349s][info][gc,marking  ] GC(437) Concurrent Preclean 0.038ms
[224.349s][info][gc,start    ] GC(437) Pause Remark
[224.362s][info][gc          ] GC(437) Pause Remark 406M->318M(562M) 13.619ms
[224.363s][info][gc,cpu      ] GC(437) User=0.02s Sys=0.00s Real=0.02s
[224.363s][info][gc,marking  ] GC(437) Concurrent Mark 128.429ms
[224.363s][info][gc,marking  ] GC(437) Concurrent Rebuild Remembered Sets and Scrub Regions
[224.440s][info][gc,marking  ] GC(437) Concurrent Rebuild Remembered Sets and Scrub Regions 77.450ms
[224.440s][info][gc,start    ] GC(437) Pause Cleanup
[224.440s][info][gc          ] GC(437) Pause Cleanup 336M->336M(562M) 0.099ms
[224.440s][info][gc,cpu      ] GC(437) User=0.00s Sys=0.00s Real=0.00s
[224.440s][info][gc,marking  ] GC(437) Concurrent Clear Claimed Marks
[224.440s][info][gc,marking  ] GC(437) Concurrent Clear Claimed Marks 0.039ms
[224.440s][info][gc,marking  ] GC(437) Concurrent Cleanup for Next Mark
[224.443s][info][gc,marking  ] GC(437) Concurrent Cleanup for Next Mark 2.993ms
[224.443s][info][gc          ] GC(437) Concurrent Mark Cycle 236.344ms
[224.526s][info][gc,start    ] GC(438) Pause Young (Prepare Mixed) (G1 Evacuation Pause)
[224.526s][info][gc,task     ] GC(438) Using 2 workers of 2 for evacuation
[224.573s][info][gc,phases   ] GC(438)   Pre Evacuate Collection Set: 0.35ms
[224.573s][info][gc,phases   ] GC(438)   Merge Heap Roots: 0.63ms
[224.573s][info][gc,phases   ] GC(438)   Evacuate Collection Set: 45.45ms
[224.573s][info][gc,phases   ] GC(438)   Post Evacuate Collection Set: 0.43ms
[224.573s][info][gc,phases   ] GC(438)   Other: 0.09ms
[224.573s][info][gc,heap     ] GC(438) Eden regions: 78->0(94)
[224.573s][info][gc,heap     ] GC(438) Survivor regions: 16->12(12)
[224.573s][info][gc,heap     ] GC(438) Old regions: 263->314
[224.573s][info][gc,heap     ] GC(438) Humongous regions: 5->5
[224.573s][info][gc,metaspace] GC(438) Metaspace: 42153K(42560K)->42153K(42560K) NonClass: 39339K(39616K)->39339K(39616K) Class: 2814K(2944K)->2814K(2944K)
[224.573s][info][gc          ] GC(438) Pause Young (Prepare Mixed) (G1 Evacuation Pause) 361M->331M(562M) 47.159ms
[224.573s][info][gc,cpu      ] GC(438) User=0.09s Sys=0.00s Real=0.05s
[224.889s][info][gc,start    ] GC(439) Pause Young (Mixed) (G1 Evacuation Pause)
[224.889s][info][gc,task     ] GC(439) Using 2 workers of 2 for evacuation
[224.937s][info][gc,phases   ] GC(439)   Pre Evacuate Collection Set: 0.25ms
[224.938s][info][gc,phases   ] GC(439)   Merge Heap Roots: 0.23ms
[224.938s][info][gc,phases   ] GC(439)   Evacuate Collection Set: 47.61ms
[224.938s][info][gc,phases   ] GC(439)   Post Evacuate Collection Set: 0.54ms
[224.938s][info][gc,phases   ] GC(439)   Other: 0.09ms
[224.938s][info][gc,heap     ] GC(439) Eden regions: 94->0(93)
[224.938s][info][gc,heap     ] GC(439) Survivor regions: 12->14(14)
[224.938s][info][gc,heap     ] GC(439) Old regions: 314->311
[224.938s][info][gc,heap     ] GC(439) Humongous regions: 6->6
[224.938s][info][gc,metaspace] GC(439) Metaspace: 42153K(42560K)->42153K(42560K) NonClass: 39339K(39616K)->39339K(39616K) Class: 2814K(2944K)->2814K(2944K)
[224.938s][info][gc          ] GC(439) Pause Young (Mixed) (G1 Evacuation Pause) 426M->330M(562M) 48.986ms
[224.938s][info][gc,cpu      ] GC(439) User=0.09s Sys=0.00s Real=0.05s
[225.248s][info][gc,start    ] GC(440) Pause Young (Mixed) (G1 Evacuation Pause)
[225.248s][info][gc,task     ] GC(440) Using 2 workers of 2 for evacuation
[225.304s][info][gc,phases   ] GC(440)   Pre Evacuate Collection Set: 0.26ms
[225.304s][info][gc,phases   ] GC(440)   Merge Heap Roots: 0.50ms
[225.304s][info][gc,phases   ] GC(440)   Evacuate Collection Set: 54.06ms
[225.304s][info][gc,phases   ] GC(440)   Post Evacuate Collection Set: 1.09ms
[225.304s][info][gc,phases   ] GC(440)   Other: 0.09ms
[225.304s][info][gc,heap     ] GC(440) Eden regions: 93->0(125)
[225.304s][info][gc,heap     ] GC(440) Survivor regions: 14->14(14)
[225.304s][info][gc,heap     ] GC(440) Old regions: 311->325
[225.304s][info][gc,heap     ] GC(440) Humongous regions: 6->6
[225.304s][info][gc,metaspace] GC(440) Metaspace: 42153K(42560K)->42153K(42560K) NonClass: 39339K(39616K)->39339K(39616K) Class: 2814K(2944K)->2814K(2944K)
[225.304s][info][gc          ] GC(440) Pause Young (Mixed) (G1 Evacuation Pause) 423M->344M(646M) 56.213ms
[225.304s][info][gc,cpu      ] GC(440) User=0.11s Sys=0.00s Real=0.06s
[225.317s][info][gc,start    ] GC(441) Pause Young (Concurrent Start) (G1 Humongous Allocation)
[225.317s][info][gc,task     ] GC(441) Using 2 workers of 2 for evacuation
[225.329s][info][gc,phases   ] GC(441)   Pre Evacuate Collection Set: 0.25ms
[225.329s][info][gc,phases   ] GC(441)   Merge Heap Roots: 0.07ms
[225.329s][info][gc,phases   ] GC(441)   Evacuate Collection Set: 10.66ms
[225.329s][info][gc,phases   ] GC(441)   Post Evacuate Collection Set: 0.27ms
[225.329s][info][gc,phases   ] GC(441)   Other: 0.07ms
[225.329s][info][gc,heap     ] GC(441) Eden regions: 5->0(117)
[225.329s][info][gc,heap     ] GC(441) Survivor regions: 14->3(18)
[225.329s][info][gc,heap     ] GC(441) Old regions: 325->339
[225.329s][info][gc,heap     ] GC(441) Humongous regions: 6->6
[225.329s][info][gc,metaspace] GC(441) Metaspace: 42153K(42560K)->42153K(42560K) NonClass: 39339K(39616K)->39339K(39616K) Class: 2814K(2944K)->2814K(2944K)
[225.329s][info][gc          ] GC(441) Pause Young (Concurrent Start) (G1 Humongous Allocation) 349M->347M(646M) 11.482ms
[225.329s][info][gc          ] GC(442) Concurrent Mark Cycle
[225.329s][info][gc,marking  ] GC(442) Concurrent Scan Root Regions
[225.331s][info][gc,cpu      ] GC(441) User=0.02s Sys=0.00s Real=0.02s
[225.335s][info][gc,marking  ] GC(442) Concurrent Scan Root Regions 6.124ms
[225.335s][info][gc,marking  ] GC(442) Concurrent Mark
[225.335s][info][gc,marking  ] GC(442) Concurrent Mark From Roots
[225.335s][info][gc,task     ] GC(442) Using 1 workers of 1 for marking
[225.424s][info][gc,marking  ] GC(442) Concurrent Mark From Roots 88.994ms
[225.424s][info][gc,marking  ] GC(442) Concurrent Preclean
[225.424s][info][gc,marking  ] GC(442) Concurrent Preclean 0.038ms
[225.424s][info][gc,start    ] GC(442) Pause Remark
[225.438s][info][gc          ] GC(442) Pause Remark 368M->225M(646M) 13.515ms
[225.438s][info][gc,cpu      ] GC(442) User=0.03s Sys=0.00s Real=0.01s
[225.438s][info][gc,marking  ] GC(442) Concurrent Mark 102.836ms
[225.438s][info][gc,marking  ] GC(442) Concurrent Rebuild Remembered Sets and Scrub Regions
[225.477s][info][gc,marking  ] GC(442) Concurrent Rebuild Remembered Sets and Scrub Regions 39.242ms
[225.477s][info][gc,start    ] GC(442) Pause Cleanup
[225.477s][info][gc          ] GC(442) Pause Cleanup 233M->233M(646M) 0.106ms
[225.477s][info][gc,cpu      ] GC(442) User=0.00s Sys=0.00s Real=0.00s
[225.477s][info][gc,marking  ] GC(442) Concurrent Clear Claimed Marks
[225.477s][info][gc,marking  ] GC(442) Concurrent Clear Claimed Marks 0.038ms
[225.477s][info][gc,marking  ] GC(442) Concurrent Cleanup for Next Mark
[225.480s][info][gc,marking  ] GC(442) Concurrent Cleanup for Next Mark 2.662ms
[225.480s][info][gc          ] GC(442) Concurrent Mark Cycle 151.304ms
[225.817s][info][gc,start    ] GC(443) Pause Young (Prepare Mixed) (G1 Evacuation Pause)
[225.818s][info][gc,task     ] GC(443) Using 2 workers of 2 for evacuation
[225.835s][info][gc,phases   ] GC(443)   Pre Evacuate Collection Set: 0.28ms
[225.835s][info][gc,phases   ] GC(443)   Merge Heap Roots: 0.17ms
[225.835s][info][gc,phases   ] GC(443)   Evacuate Collection Set: 16.79ms
[225.835s][info][gc,phases   ] GC(443)   Post Evacuate Collection Set: 0.41ms
[225.835s][info][gc,phases   ] GC(443)   Other: 0.08ms
[225.835s][info][gc,heap     ] GC(443) Eden regions: 117->0(176)
[225.835s][info][gc,heap     ] GC(443) Survivor regions: 3->15(15)
[225.835s][info][gc,heap     ] GC(443) Old regions: 199->203
[225.835s][info][gc,heap     ] GC(443) Humongous regions: 4->4
[225.835s][info][gc,metaspace] GC(443) Metaspace: 42155K(42560K)->42155K(42560K) NonClass: 39341K(39616K)->39341K(39616K) Class: 2814K(2944K)->2814K(2944K)
[225.835s][info][gc          ] GC(443) Pause Young (Prepare Mixed) (G1 Evacuation Pause) 322M->222M(646M) 17.935ms
[225.835s][info][gc,cpu      ] GC(443) User=0.04s Sys=0.00s Real=0.02s
[226.426s][info][gc,start    ] GC(444) Pause Young (Mixed) (G1 Evacuation Pause)
[226.426s][info][gc,task     ] GC(444) Using 2 workers of 2 for evacuation
[226.448s][info][gc,phases   ] GC(444)   Pre Evacuate Collection Set: 0.31ms
[226.448s][info][gc,phases   ] GC(444)   Merge Heap Roots: 0.19ms
[226.448s][info][gc,phases   ] GC(444)   Evacuate Collection Set: 21.18ms
[226.448s][info][gc,phases   ] GC(444)   Post Evacuate Collection Set: 0.52ms
[226.448s][info][gc,phases   ] GC(444)   Other: 0.08ms
[226.448s][info][gc,heap     ] GC(444) Eden regions: 176->0(210)
[226.448s][info][gc,heap     ] GC(444) Survivor regions: 15->20(24)
[226.448s][info][gc,heap     ] GC(444) Old regions: 203->146
[226.448s][info][gc,heap     ] GC(444) Humongous regions: 5->5
[226.448s][info][gc,metaspace] GC(444) Metaspace: 42155K(42560K)->42155K(42560K) NonClass: 39341K(39616K)->39341K(39616K) Class: 2814K(2944K)->2814K(2944K)
[226.448s][info][gc          ] GC(444) Pause Young (Mixed) (G1 Evacuation Pause) 399M->170M(646M) 22.489ms
[226.448s][info][gc,cpu      ] GC(444) User=0.05s Sys=0.00s Real=0.02s
[227.217s][info][gc,start    ] GC(445) Pause Young (Mixed) (G1 Evacuation Pause)
[227.217s][info][gc,task     ] GC(445) Using 2 workers of 2 for evacuation
[227.226s][info][gc,phases   ] GC(445)   Pre Evacuate Collection Set: 0.40ms
[227.226s][info][gc,phases   ] GC(445)   Merge Heap Roots: 0.22ms
[227.226s][info][gc,phases   ] GC(445)   Evacuate Collection Set: 7.45ms
[227.226s][info][gc,phases   ] GC(445)   Post Evacuate Collection Set: 0.47ms
[227.226s][info][gc,phases   ] GC(445)   Other: 0.07ms
[227.226s][info][gc,heap     ] GC(445) Eden regions: 210->0(249)
[227.226s][info][gc,heap     ] GC(445) Survivor regions: 20->6(29)
[227.226s][info][gc,heap     ] GC(445) Old regions: 146->111
[227.226s][info][gc,heap     ] GC(445) Humongous regions: 6->4
[227.226s][info][gc,metaspace] GC(445) Metaspace: 42155K(42560K)->42155K(42560K) NonClass: 39341K(39616K)->39341K(39616K) Class: 2814K(2944K)->2814K(2944K)
[227.226s][info][gc          ] GC(445) Pause Young (Mixed) (G1 Evacuation Pause) 381M->120M(646M) 8.819ms
[227.226s][info][gc,cpu      ] GC(445) User=0.02s Sys=0.00s Real=0.01s
[227.367s][info][gc,start    ] GC(446) Pause Young (Concurrent Start) (G1 Humongous Allocation)
[227.367s][info][gc,task     ] GC(446) Using 2 workers of 2 for evacuation
[227.373s][info][gc,phases   ] GC(446)   Pre Evacuate Collection Set: 0.25ms
[227.373s][info][gc,phases   ] GC(446)   Merge Heap Roots: 0.07ms
[227.373s][info][gc,phases   ] GC(446)   Evacuate Collection Set: 5.14ms
[227.373s][info][gc,phases   ] GC(446)   Post Evacuate Collection Set: 0.33ms
[227.373s][info][gc,phases   ] GC(446)   Other: 0.09ms
[227.373s][info][gc,heap     ] GC(446) Eden regions: 51->0(271)
[227.373s][info][gc,heap     ] GC(446) Survivor regions: 6->9(32)
[227.373s][info][gc,heap     ] GC(446) Old regions: 111->111
[227.373s][info][gc,heap     ] GC(446) Humongous regions: 4->4
[227.373s][info][gc,metaspace] GC(446) Metaspace: 42155K(42560K)->42155K(42560K) NonClass: 39341K(39616K)->39341K(39616K) Class: 2814K(2944K)->2814K(2944K)
[227.373s][info][gc          ] GC(446) Pause Young (Concurrent Start) (G1 Humongous Allocation) 171M->123M(646M) 6.101ms
[227.373s][info][gc,cpu      ] GC(446) User=0.02s Sys=0.00s Real=0.01s
[227.373s][info][gc          ] GC(447) Concurrent Mark Cycle
[227.373s][info][gc,marking  ] GC(447) Concurrent Scan Root Regions
[227.377s][info][gc,marking  ] GC(447) Concurrent Scan Root Regions 3.591ms
[227.377s][info][gc,marking  ] GC(447) Concurrent Mark
[227.377s][info][gc,marking  ] GC(447) Concurrent Mark From Roots
[227.377s][info][gc,task     ] GC(447) Using 1 workers of 1 for marking
[227.474s][info][gc,marking  ] GC(447) Concurrent Mark From Roots 97.088ms
[227.474s][info][gc,marking  ] GC(447) Concurrent Preclean
[227.474s][info][gc,marking  ] GC(447) Concurrent Preclean 0.037ms
[227.474s][info][gc,start    ] GC(447) Pause Remark
[227.488s][info][gc          ] GC(447) Pause Remark 154M->132M(344M) 14.189ms
[227.488s][info][gc,cpu      ] GC(447) User=0.03s Sys=0.00s Real=0.01s
[227.490s][info][gc,marking  ] GC(447) Concurrent Mark 113.447ms
[227.490s][info][gc,marking  ] GC(447) Concurrent Rebuild Remembered Sets and Scrub Regions
[227.518s][info][gc,marking  ] GC(447) Concurrent Rebuild Remembered Sets and Scrub Regions 27.576ms
[227.518s][info][gc,start    ] GC(447) Pause Cleanup
[227.518s][info][gc          ] GC(447) Pause Cleanup 140M->140M(344M) 0.048ms
[227.518s][info][gc,cpu      ] GC(447) User=0.00s Sys=0.00s Real=0.00s
[227.518s][info][gc,marking  ] GC(447) Concurrent Clear Claimed Marks
[227.518s][info][gc,marking  ] GC(447) Concurrent Clear Claimed Marks 0.036ms
[227.518s][info][gc,marking  ] GC(447) Concurrent Cleanup for Next Mark
[227.519s][info][gc,marking  ] GC(447) Concurrent Cleanup for Next Mark 0.963ms
[227.519s][info][gc          ] GC(447) Concurrent Mark Cycle 146.031ms
[228.034s][info][gc,start    ] GC(448) Pause Young (Prepare Mixed) (G1 Evacuation Pause)
[228.034s][info][gc,task     ] GC(448) Using 2 workers of 2 for evacuation
[228.038s][info][gc,phases   ] GC(448)   Pre Evacuate Collection Set: 0.20ms
[228.038s][info][gc,phases   ] GC(448)   Merge Heap Roots: 0.08ms
[228.038s][info][gc,phases   ] GC(448)   Evacuate Collection Set: 3.67ms
[228.038s][info][gc,phases   ] GC(448)   Post Evacuate Collection Set: 0.44ms
[228.038s][info][gc,phases   ] GC(448)   Other: 0.07ms
[228.038s][info][gc,heap     ] GC(448) Eden regions: 197->0(151)
[228.038s][info][gc,heap     ] GC(448) Survivor regions: 9->5(26)
[228.038s][info][gc,heap     ] GC(448) Old regions: 90->90
[228.038s][info][gc,heap     ] GC(448) Humongous regions: 6->3
[228.038s][info][gc,metaspace] GC(448) Metaspace: 42155K(42560K)->42155K(42560K) NonClass: 39341K(39616K)->39341K(39616K) Class: 2814K(2944K)->2814K(2944K)
[228.038s][info][gc          ] GC(448) Pause Young (Prepare Mixed) (G1 Evacuation Pause) 301M->98M(344M) 4.639ms
[228.038s][info][gc,cpu      ] GC(448) User=0.01s Sys=0.00s Real=0.00s
[228.553s][info][gc,start    ] GC(449) Pause Young (Mixed) (G1 Evacuation Pause)
[228.553s][info][gc,task     ] GC(449) Using 2 workers of 2 for evacuation
[228.576s][info][gc,phases   ] GC(449)   Pre Evacuate Collection Set: 0.19ms
[228.576s][info][gc,phases   ] GC(449)   Merge Heap Roots: 0.07ms
[228.576s][info][gc,phases   ] GC(449)   Evacuate Collection Set: 22.04ms
[228.576s][info][gc,phases   ] GC(449)   Post Evacuate Collection Set: 0.47ms
[228.576s][info][gc,phases   ] GC(449)   Other: 0.09ms
[228.576s][info][gc,heap     ] GC(449) Eden regions: 151->0(134)
[228.576s][info][gc,heap     ] GC(449) Survivor regions: 5->20(20)
[228.576s][info][gc,heap     ] GC(449) Old regions: 90->95
[228.576s][info][gc,heap     ] GC(449) Humongous regions: 4->3
[228.576s][info][gc,metaspace] GC(449) Metaspace: 42155K(42560K)->42155K(42560K) NonClass: 39341K(39616K)->39341K(39616K) Class: 2814K(2944K)->2814K(2944K)
[228.576s][info][gc          ] GC(449) Pause Young (Mixed) (G1 Evacuation Pause) 250M->117M(344M) 23.051ms
[228.576s][info][gc,cpu      ] GC(449) User=0.04s Sys=0.00s Real=0.02s
[228.645s][info][gc,start    ] GC(450) Pause Young (Concurrent Start) (G1 Humongous Allocation)
[228.645s][info][gc,task     ] GC(450) Using 2 workers of 2 for evacuation
[228.663s][info][gc,phases   ] GC(450)   Pre Evacuate Collection Set: 0.20ms
[228.663s][info][gc,phases   ] GC(450)   Merge Heap Roots: 0.13ms
[228.663s][info][gc,phases   ] GC(450)   Evacuate Collection Set: 17.17ms
[228.663s][info][gc,phases   ] GC(450)   Post Evacuate Collection Set: 0.34ms
[228.663s][info][gc,phases   ] GC(450)   Other: 0.08ms
[228.663s][info][gc,heap     ] GC(450) Eden regions: 23->0(133)
[228.663s][info][gc,heap     ] GC(450) Survivor regions: 20->5(20)
[228.663s][info][gc,heap     ] GC(450) Old regions: 95->113
[228.663s][info][gc,heap     ] GC(450) Humongous regions: 3->3
[228.663s][info][gc,metaspace] GC(450) Metaspace: 42155K(42560K)->42155K(42560K) NonClass: 39341K(39616K)->39341K(39616K) Class: 2814K(2944K)->2814K(2944K)
[228.663s][info][gc          ] GC(450) Pause Young (Concurrent Start) (G1 Humongous Allocation) 140M->120M(344M) 18.102ms
[228.663s][info][gc          ] GC(451) Concurrent Mark Cycle
[228.663s][info][gc,marking  ] GC(451) Concurrent Scan Root Regions
[228.664s][info][gc,cpu      ] GC(450) User=0.04s Sys=0.00s Real=0.02s
[228.672s][info][gc,marking  ] GC(451) Concurrent Scan Root Regions 8.776ms
[228.672s][info][gc,marking  ] GC(451) Concurrent Mark
[228.672s][info][gc,marking  ] GC(451) Concurrent Mark From Roots
[228.672s][info][gc,task     ] GC(451) Using 1 workers of 1 for marking
[228.762s][info][gc,marking  ] GC(451) Concurrent Mark From Roots 90.000ms
[228.762s][info][gc,marking  ] GC(451) Concurrent Preclean
[228.762s][info][gc,marking  ] GC(451) Concurrent Preclean 0.036ms
[228.763s][info][gc,start    ] GC(451) Pause Remark
[228.776s][info][gc          ] GC(451) Pause Remark 145M->145M(344M) 13.893ms
[228.776s][info][gc,cpu      ] GC(451) User=0.02s Sys=0.00s Real=0.01s
[228.776s][info][gc,marking  ] GC(451) Concurrent Mark 104.212ms
[228.777s][info][gc,marking  ] GC(451) Concurrent Rebuild Remembered Sets and Scrub Regions
[228.826s][info][gc,marking  ] GC(451) Concurrent Rebuild Remembered Sets and Scrub Regions 49.872ms
[228.827s][info][gc,start    ] GC(451) Pause Cleanup
[228.827s][info][gc          ] GC(451) Pause Cleanup 160M->160M(344M) 0.072ms
[228.827s][info][gc,cpu      ] GC(451) User=0.00s Sys=0.00s Real=0.00s
[228.827s][info][gc,marking  ] GC(451) Concurrent Clear Claimed Marks
[228.827s][info][gc,marking  ] GC(451) Concurrent Clear Claimed Marks 0.040ms
[228.827s][info][gc,marking  ] GC(451) Concurrent Cleanup for Next Mark
[228.828s][info][gc,marking  ] GC(451) Concurrent Cleanup for Next Mark 0.980ms
[228.828s][info][gc          ] GC(451) Concurrent Mark Cycle 164.274ms
[229.128s][info][gc,start    ] GC(452) Pause Young (Prepare Mixed) (G1 Evacuation Pause)
[229.128s][info][gc,task     ] GC(452) Using 2 workers of 2 for evacuation
[229.162s][info][gc,phases   ] GC(452)   Pre Evacuate Collection Set: 0.27ms
[229.162s][info][gc,phases   ] GC(452)   Merge Heap Roots: 0.32ms
[229.162s][info][gc,phases   ] GC(452)   Evacuate Collection Set: 33.46ms
[229.162s][info][gc,phases   ] GC(452)   Post Evacuate Collection Set: 0.46ms
[229.162s][info][gc,phases   ] GC(452)   Other: 0.07ms
[229.162s][info][gc,heap     ] GC(452) Eden regions: 133->0(103)
[229.162s][info][gc,heap     ] GC(452) Survivor regions: 5->18(18)
[229.162s][info][gc,heap     ] GC(452) Old regions: 113->139
[229.162s][info][gc,heap     ] GC(452) Humongous regions: 5->5
[229.162s][info][gc,metaspace] GC(452) Metaspace: 42155K(42560K)->42155K(42560K) NonClass: 39341K(39616K)->39341K(39616K) Class: 2814K(2944K)->2814K(2944K)
[229.163s][info][gc          ] GC(452) Pause Young (Prepare Mixed) (G1 Evacuation Pause) 255M->161M(344M) 34.797ms
[229.163s][info][gc,cpu      ] GC(452) User=0.07s Sys=0.00s Real=0.04s
[229.447s][info][gc,start    ] GC(453) Pause Young (Mixed) (G1 Evacuation Pause)
[229.448s][info][gc,task     ] GC(453) Using 2 workers of 2 for evacuation
[229.488s][info][gc,phases   ] GC(453)   Pre Evacuate Collection Set: 0.36ms
[229.488s][info][gc,phases   ] GC(453)   Merge Heap Roots: 0.73ms
[229.488s][info][gc,phases   ] GC(453)   Evacuate Collection Set: 38.69ms
[229.488s][info][gc,phases   ] GC(453)   Post Evacuate Collection Set: 0.45ms
[229.488s][info][gc,phases   ] GC(453)   Other: 0.12ms
[229.488s][info][gc,heap     ] GC(453) Eden regions: 103->0(110)
[229.488s][info][gc,heap     ] GC(453) Survivor regions: 18->16(16)
[229.488s][info][gc,heap     ] GC(453) Old regions: 139->133
[229.488s][info][gc,heap     ] GC(453) Humongous regions: 7->5
[229.488s][info][gc,metaspace] GC(453) Metaspace: 42156K(42560K)->42156K(42560K) NonClass: 39342K(39616K)->39342K(39616K) Class: 2814K(2944K)->2814K(2944K)
[229.488s][info][gc          ] GC(453) Pause Young (Mixed) (G1 Evacuation Pause) 266M->154M(344M) 40.540ms
[229.488s][info][gc,cpu      ] GC(453) User=0.08s Sys=0.00s Real=0.04s
[229.794s][info][gc,start    ] GC(454) Pause Young (Concurrent Start) (G1 Evacuation Pause)
[229.794s][info][gc,task     ] GC(454) Using 2 workers of 2 for evacuation
[229.804s][info][gc,phases   ] GC(454)   Pre Evacuate Collection Set: 0.19ms
[229.804s][info][gc,phases   ] GC(454)   Merge Heap Roots: 0.06ms
[229.804s][info][gc,phases   ] GC(454)   Evacuate Collection Set: 9.10ms
[229.804s][info][gc,phases   ] GC(454)   Post Evacuate Collection Set: 0.64ms
[229.804s][info][gc,phases   ] GC(454)   Other: 0.11ms
[229.804s][info][gc,heap     ] GC(454) Eden regions: 110->0(137)
[229.804s][info][gc,heap     ] GC(454) Survivor regions: 16->1(16)
[229.804s][info][gc,heap     ] GC(454) Old regions: 133->149
[229.804s][info][gc,heap     ] GC(454) Humongous regions: 5->5
[229.804s][info][gc,metaspace] GC(454) Metaspace: 42156K(42560K)->42156K(42560K) NonClass: 39342K(39616K)->39342K(39616K) Class: 2814K(2944K)->2814K(2944K)
[229.804s][info][gc          ] GC(454) Pause Young (Concurrent Start) (G1 Evacuation Pause) 264M->155M(370M) 10.297ms
[229.804s][info][gc,cpu      ] GC(454) User=0.02s Sys=0.00s Real=0.01s
[229.804s][info][gc          ] GC(455) Concurrent Mark Cycle
[229.804s][info][gc,marking  ] GC(455) Concurrent Scan Root Regions
[229.811s][info][gc,marking  ] GC(455) Concurrent Scan Root Regions 6.369ms
[229.811s][info][gc,marking  ] GC(455) Concurrent Mark
[229.811s][info][gc,marking  ] GC(455) Concurrent Mark From Roots
[229.811s][info][gc,task     ] GC(455) Using 1 workers of 1 for marking
[229.887s][info][gc,marking  ] GC(455) Concurrent Mark From Roots 76.155ms
[229.887s][info][gc,marking  ] GC(455) Concurrent Preclean
[229.887s][info][gc,marking  ] GC(455) Concurrent Preclean 0.033ms
[229.887s][info][gc,start    ] GC(455) Pause Remark
[229.901s][info][gc          ] GC(455) Pause Remark 182M->157M(370M) 13.619ms
[229.901s][info][gc,cpu      ] GC(455) User=0.03s Sys=0.00s Real=0.01s
[229.901s][info][gc,marking  ] GC(455) Concurrent Mark 90.117ms
[229.901s][info][gc,marking  ] GC(455) Concurrent Rebuild Remembered Sets and Scrub Regions
[229.938s][info][gc,marking  ] GC(455) Concurrent Rebuild Remembered Sets and Scrub Regions 37.372ms
[229.938s][info][gc,start    ] GC(455) Pause Cleanup
[229.939s][info][gc          ] GC(455) Pause Cleanup 169M->169M(370M) 0.060ms
[229.939s][info][gc,cpu      ] GC(455) User=0.00s Sys=0.00s Real=0.00s
[229.939s][info][gc,marking  ] GC(455) Concurrent Clear Claimed Marks
[229.939s][info][gc,marking  ] GC(455) Concurrent Clear Claimed Marks 0.035ms
[229.939s][info][gc,marking  ] GC(455) Concurrent Cleanup for Next Mark
[229.940s][info][gc,marking  ] GC(455) Concurrent Cleanup for Next Mark 1.291ms
[229.940s][info][gc          ] GC(455) Concurrent Mark Cycle 135.571ms
[230.252s][info][gc,start    ] GC(456) Pause Young (Prepare Mixed) (G1 Evacuation Pause)
[230.252s][info][gc,task     ] GC(456) Using 2 workers of 2 for evacuation
[230.254s][info][gc,phases   ] GC(456)   Pre Evacuate Collection Set: 0.18ms
[230.254s][info][gc,phases   ] GC(456)   Merge Heap Roots: 0.06ms
[230.254s][info][gc,phases   ] GC(456)   Evacuate Collection Set: 1.27ms
[230.254s][info][gc,phases   ] GC(456)   Post Evacuate Collection Set: 0.36ms
[230.254s][info][gc,phases   ] GC(456)   Other: 0.08ms
[230.254s][info][gc,heap     ] GC(456) Eden regions: 137->0(163)
[230.254s][info][gc,heap     ] GC(456) Survivor regions: 1->2(18)
[230.254s][info][gc,heap     ] GC(456) Old regions: 126->126
[230.254s][info][gc,heap     ] GC(456) Humongous regions: 3->3
[230.254s][info][gc,metaspace] GC(456) Metaspace: 42156K(42560K)->42156K(42560K) NonClass: 39342K(39616K)->39342K(39616K) Class: 2814K(2944K)->2814K(2944K)
[230.254s][info][gc          ] GC(456) Pause Young (Prepare Mixed) (G1 Evacuation Pause) 267M->130M(370M) 2.150ms
[230.254s][info][gc,cpu      ] GC(456) User=0.01s Sys=0.00s Real=0.00s
[230.732s][info][gc,start    ] GC(457) Pause Young (Mixed) (G1 Evacuation Pause)
[230.732s][info][gc,task     ] GC(457) Using 2 workers of 2 for evacuation
[230.737s][info][gc,phases   ] GC(457)   Pre Evacuate Collection Set: 0.21ms
[230.737s][info][gc,phases   ] GC(457)   Merge Heap Roots: 0.11ms
[230.737s][info][gc,phases   ] GC(457)   Evacuate Collection Set: 3.78ms
[230.737s][info][gc,phases   ] GC(457)   Post Evacuate Collection Set: 0.45ms
[230.737s][info][gc,phases   ] GC(457)   Other: 0.07ms
[230.737s][info][gc,heap     ] GC(457) Eden regions: 163->0(195)
[230.737s][info][gc,heap     ] GC(457) Survivor regions: 2->4(21)
[230.737s][info][gc,heap     ] GC(457) Old regions: 126->90
[230.737s][info][gc,heap     ] GC(457) Humongous regions: 4->1
[230.737s][info][gc,metaspace] GC(457) Metaspace: 42156K(42560K)->42156K(42560K) NonClass: 39342K(39616K)->39342K(39616K) Class: 2814K(2944K)->2814K(2944K)
[230.737s][info][gc          ] GC(457) Pause Young (Mixed) (G1 Evacuation Pause) 294M->94M(370M) 4.802ms
[230.737s][info][gc,cpu      ] GC(457) User=0.01s Sys=0.00s Real=0.00s
[231.044s][info][gc,start    ] GC(458) Pause Young (Mixed) (G1 Evacuation Pause)
[231.044s][info][gc,task     ] GC(458) Using 2 workers of 2 for evacuation
[231.052s][info][gc,phases   ] GC(458)   Pre Evacuate Collection Set: 0.19ms
[231.052s][info][gc,phases   ] GC(458)   Merge Heap Roots: 0.16ms
[231.052s][info][gc,phases   ] GC(458)   Evacuate Collection Set: 7.37ms
[231.052s][info][gc,phases   ] GC(458)   Post Evacuate Collection Set: 0.42ms
[231.052s][info][gc,phases   ] GC(458)   Other: 0.07ms
[231.052s][info][gc,heap     ] GC(458) Eden regions: 195->0(207)
[231.052s][info][gc,heap     ] GC(458) Survivor regions: 4->6(25)
[231.052s][info][gc,heap     ] GC(458) Old regions: 90->83
[231.052s][info][gc,heap     ] GC(458) Humongous regions: 1->1
[231.052s][info][gc,metaspace] GC(458) Metaspace: 42156K(42560K)->42156K(42560K) NonClass: 39342K(39616K)->39342K(39616K) Class: 2814K(2944K)->2814K(2944K)
[231.052s][info][gc          ] GC(458) Pause Young (Mixed) (G1 Evacuation Pause) 289M->89M(370M) 8.440ms
[231.052s][info][gc,cpu      ] GC(458) User=0.01s Sys=0.00s Real=0.01s
[231.376s][info][gc,start    ] GC(459) Pause Young (Concurrent Start) (G1 Evacuation Pause)
[231.376s][info][gc,task     ] GC(459) Using 2 workers of 2 for evacuation
[231.380s][info][gc,phases   ] GC(459)   Pre Evacuate Collection Set: 0.20ms
[231.381s][info][gc,phases   ] GC(459)   Merge Heap Roots: 0.08ms
[231.381s][info][gc,phases   ] GC(459)   Evacuate Collection Set: 3.37ms
[231.381s][info][gc,phases   ] GC(459)   Post Evacuate Collection Set: 0.46ms
[231.381s][info][gc,phases   ] GC(459)   Other: 0.08ms
[231.381s][info][gc,heap     ] GC(459) Eden regions: 207->0(217)
[231.381s][info][gc,heap     ] GC(459) Survivor regions: 6->5(27)
[231.381s][info][gc,heap     ] GC(459) Old regions: 83->83
[231.381s][info][gc,heap     ] GC(459) Humongous regions: 1->1
[231.381s][info][gc,metaspace] GC(459) Metaspace: 42156K(42560K)->42156K(42560K) NonClass: 39342K(39616K)->39342K(39616K) Class: 2814K(2944K)->2814K(2944K)
[231.381s][info][gc          ] GC(459) Pause Young (Concurrent Start) (G1 Evacuation Pause) 296M->88M(370M) 4.362ms
[231.381s][info][gc,cpu      ] GC(459) User=0.01s Sys=0.00s Real=0.00s
[231.381s][info][gc          ] GC(460) Concurrent Mark Cycle
[231.381s][info][gc,marking  ] GC(460) Concurrent Scan Root Regions
[231.383s][info][gc,marking  ] GC(460) Concurrent Scan Root Regions 2.567ms
[231.383s][info][gc,marking  ] GC(460) Concurrent Mark
[231.383s][info][gc,marking  ] GC(460) Concurrent Mark From Roots
[231.383s][info][gc,task     ] GC(460) Using 1 workers of 1 for marking
[231.454s][info][gc,marking  ] GC(460) Concurrent Mark From Roots 70.963ms
[231.454s][info][gc,marking  ] GC(460) Concurrent Preclean
[231.454s][info][gc,marking  ] GC(460) Concurrent Preclean 0.031ms
[231.454s][info][gc,start    ] GC(460) Pause Remark
[231.468s][info][gc          ] GC(460) Pause Remark 136M->120M(256M) 13.724ms
[231.468s][info][gc,cpu      ] GC(460) User=0.03s Sys=0.00s Real=0.01s
[231.470s][info][gc,marking  ] GC(460) Concurrent Mark 86.786ms
[231.470s][info][gc,marking  ] GC(460) Concurrent Rebuild Remembered Sets and Scrub Regions
[231.498s][info][gc,marking  ] GC(460) Concurrent Rebuild Remembered Sets and Scrub Regions 28.073ms
[231.499s][info][gc,start    ] GC(460) Pause Cleanup
[231.499s][info][gc          ] GC(460) Pause Cleanup 127M->127M(256M) 0.048ms
[231.499s][info][gc,cpu      ] GC(460) User=0.00s Sys=0.00s Real=0.00s
[231.499s][info][gc,marking  ] GC(460) Concurrent Clear Claimed Marks
[231.499s][info][gc,marking  ] GC(460) Concurrent Clear Claimed Marks 0.035ms
[231.499s][info][gc,marking  ] GC(460) Concurrent Cleanup for Next Mark
[231.500s][info][gc,marking  ] GC(460) Concurrent Cleanup for Next Mark 0.725ms
[231.500s][info][gc          ] GC(460) Concurrent Mark Cycle 118.855ms
[231.924s][info][gc,start    ] GC(461) Pause Young (Prepare Mixed) (G1 Evacuation Pause)
[231.924s][info][gc,task     ] GC(461) Using 2 workers of 2 for evacuation
[231.934s][info][gc,phases   ] GC(461)   Pre Evacuate Collection Set: 0.21ms
[231.934s][info][gc,phases   ] GC(461)   Merge Heap Roots: 0.10ms
[231.934s][info][gc,phases   ] GC(461)   Evacuate Collection Set: 9.53ms
[231.934s][info][gc,phases   ] GC(461)   Post Evacuate Collection Set: 0.70ms
[231.934s][info][gc,phases   ] GC(461)   Other: 0.07ms
[231.934s][info][gc,heap     ] GC(461) Eden regions: 119->0(214)
[231.934s][info][gc,heap     ] GC(461) Survivor regions: 5->8(26)
[231.935s][info][gc,heap     ] GC(461) Old regions: 67->67
[231.935s][info][gc,heap     ] GC(461) Humongous regions: 171->3
[231.935s][info][gc,metaspace] GC(461) Metaspace: 42158K(42560K)->42158K(42560K) NonClass: 39344K(39616K)->39344K(39616K) Class: 2814K(2944K)->2814K(2944K)
[231.935s][info][gc          ] GC(461) Pause Young (Prepare Mixed) (G1 Evacuation Pause) 361M->77M(370M) 10.809ms
[231.935s][info][gc,cpu      ] GC(461) User=0.02s Sys=0.00s Real=0.01s
[232.515s][info][gc,start    ] GC(462) Pause Young (Mixed) (G1 Evacuation Pause)
[232.515s][info][gc,task     ] GC(462) Using 2 workers of 2 for evacuation
[232.533s][info][gc,phases   ] GC(462)   Pre Evacuate Collection Set: 0.26ms
[232.533s][info][gc,phases   ] GC(462)   Merge Heap Roots: 0.09ms
[232.533s][info][gc,phases   ] GC(462)   Evacuate Collection Set: 16.54ms
[232.533s][info][gc,phases   ] GC(462)   Post Evacuate Collection Set: 1.21ms
[232.533s][info][gc,phases   ] GC(462)   Other: 0.08ms
[232.533s][info][gc,heap     ] GC(462) Eden regions: 60->0(299)
[232.533s][info][gc,heap     ] GC(462) Survivor regions: 8->13(30)
[232.533s][info][gc,heap     ] GC(462) Old regions: 67->62
[232.533s][info][gc,heap     ] GC(462) Humongous regions: 371->3
[232.533s][info][gc,metaspace] GC(462) Metaspace: 42158K(42560K)->42158K(42560K) NonClass: 39344K(39616K)->39344K(39616K) Class: 2814K(2944K)->2814K(2944K)
[232.533s][info][gc          ] GC(462) Pause Young (Mixed) (G1 Evacuation Pause) 505M->76M(520M) 18.383ms
[232.533s][info][gc,cpu      ] GC(462) User=0.02s Sys=0.01s Real=0.02s
[232.535s][info][gc,start    ] GC(463) Pause Young (Concurrent Start) (G1 Humongous Allocation)
[232.535s][info][gc,task     ] GC(463) Using 2 workers of 2 for evacuation
[232.546s][info][gc,phases   ] GC(463)   Pre Evacuate Collection Set: 0.22ms
[232.546s][info][gc,phases   ] GC(463)   Merge Heap Roots: 0.05ms
[232.546s][info][gc,phases   ] GC(463)   Evacuate Collection Set: 9.65ms
[232.546s][info][gc,phases   ] GC(463)   Post Evacuate Collection Set: 0.32ms
[232.546s][info][gc,phases   ] GC(463)   Other: 0.07ms
[232.546s][info][gc,heap     ] GC(463) Eden regions: 1->0(300)
[232.546s][info][gc,heap     ] GC(463) Survivor regions: 13->12(39)
[232.546s][info][gc,heap     ] GC(463) Old regions: 62->62
[232.546s][info][gc,heap     ] GC(463) Humongous regions: 3->1
[232.546s][info][gc,metaspace] GC(463) Metaspace: 42158K(42560K)->42158K(42560K) NonClass: 39344K(39616K)->39344K(39616K) Class: 2814K(2944K)->2814K(2944K)
[232.546s][info][gc          ] GC(463) Pause Young (Concurrent Start) (G1 Humongous Allocation) 77M->74M(520M) 10.492ms
[232.546s][info][gc          ] GC(464) Concurrent Mark Cycle
[232.546s][info][gc,marking  ] GC(464) Concurrent Scan Root Regions
[232.548s][info][gc,cpu      ] GC(463) User=0.03s Sys=0.00s Real=0.01s
[232.553s][info][gc,marking  ] GC(464) Concurrent Scan Root Regions 6.949ms
[232.553s][info][gc,marking  ] GC(464) Concurrent Mark
[232.553s][info][gc,marking  ] GC(464) Concurrent Mark From Roots
[232.553s][info][gc,task     ] GC(464) Using 1 workers of 1 for marking
[232.623s][info][gc,marking  ] GC(464) Concurrent Mark From Roots 70.526ms
[232.623s][info][gc,marking  ] GC(464) Concurrent Preclean
[232.623s][info][gc,marking  ] GC(464) Concurrent Preclean 0.034ms
[232.624s][info][gc,start    ] GC(464) Pause Remark
[232.638s][info][gc          ] GC(464) Pause Remark 132M->132M(417M) 14.218ms
[232.638s][info][gc,cpu      ] GC(464) User=0.03s Sys=0.00s Real=0.01s
[232.638s][info][gc,marking  ] GC(464) Concurrent Mark 85.085ms
[232.638s][info][gc,marking  ] GC(464) Concurrent Rebuild Remembered Sets and Scrub Regions
[232.669s][info][gc,marking  ] GC(464) Concurrent Rebuild Remembered Sets and Scrub Regions 31.327ms
[232.669s][info][gc,start    ] GC(464) Pause Cleanup
[232.669s][info][gc          ] GC(464) Pause Cleanup 160M->160M(417M) 0.063ms
[232.669s][info][gc,cpu      ] GC(464) User=0.00s Sys=0.00s Real=0.00s
[232.670s][info][gc,marking  ] GC(464) Concurrent Clear Claimed Marks
[232.670s][info][gc,marking  ] GC(464) Concurrent Clear Claimed Marks 0.040ms
[232.670s][info][gc,marking  ] GC(464) Concurrent Cleanup for Next Mark
[232.672s][info][gc,marking  ] GC(464) Concurrent Cleanup for Next Mark 2.758ms
[232.672s][info][gc          ] GC(464) Concurrent Mark Cycle 126.524ms
[233.151s][info][gc,start    ] GC(465) Pause Young (Prepare Mixed) (G1 Evacuation Pause)
[233.151s][info][gc,task     ] GC(465) Using 2 workers of 2 for evacuation
[233.178s][info][gc,phases   ] GC(465)   Pre Evacuate Collection Set: 0.30ms
[233.178s][info][gc,phases   ] GC(465)   Merge Heap Roots: 0.09ms
[233.178s][info][gc,phases   ] GC(465)   Evacuate Collection Set: 26.46ms
[233.178s][info][gc,phases   ] GC(465)   Post Evacuate Collection Set: 0.83ms
[233.178s][info][gc,phases   ] GC(465)   Other: 0.07ms
[233.179s][info][gc,heap     ] GC(465) Eden regions: 66->0(292)
[233.179s][info][gc,heap     ] GC(465) Survivor regions: 12->21(35)
[233.179s][info][gc,heap     ] GC(465) Old regions: 62->62
[233.179s][info][gc,heap     ] GC(465) Humongous regions: 361->3
[233.179s][info][gc,metaspace] GC(465) Metaspace: 42176K(42560K)->42176K(42560K) NonClass: 39361K(39616K)->39361K(39616K) Class: 2815K(2944K)->2815K(2944K)
[233.179s][info][gc          ] GC(465) Pause Young (Prepare Mixed) (G1 Evacuation Pause) 500M->85M(522M) 27.962ms
[233.179s][info][gc,cpu      ] GC(465) User=0.04s Sys=0.01s Real=0.03s
[233.835s][info][gc,start    ] GC(466) Pause Young (Mixed) (G1 Evacuation Pause)
[233.835s][info][gc,task     ] GC(466) Using 2 workers of 2 for evacuation
[233.885s][info][gc,phases   ] GC(466)   Pre Evacuate Collection Set: 0.41ms
[233.885s][info][gc,phases   ] GC(466)   Merge Heap Roots: 0.29ms
[233.885s][info][gc,phases   ] GC(466)   Evacuate Collection Set: 48.71ms
[233.885s][info][gc,phases   ] GC(466)   Post Evacuate Collection Set: 0.82ms
[233.885s][info][gc,phases   ] GC(466)   Other: 0.10ms
[233.885s][info][gc,heap     ] GC(466) Eden regions: 84->0(333)
[233.885s][info][gc,heap     ] GC(466) Survivor regions: 21->34(43)
[233.885s][info][gc,heap     ] GC(466) Old regions: 62->58
[233.885s][info][gc,heap     ] GC(466) Humongous regions: 409->1
[233.885s][info][gc,metaspace] GC(466) Metaspace: 42178K(42560K)->42178K(42560K) NonClass: 39363K(39616K)->39363K(39616K) Class: 2815K(2944K)->2815K(2944K)
[233.885s][info][gc          ] GC(466) Pause Young (Mixed) (G1 Evacuation Pause) 575M->92M(612M) 50.573ms
[233.885s][info][gc,cpu      ] GC(466) User=0.07s Sys=0.02s Real=0.05s
[233.894s][info][gc,start    ] GC(467) Pause Young (Concurrent Start) (G1 Humongous Allocation)
[233.894s][info][gc,task     ] GC(467) Using 2 workers of 2 for evacuation
[233.930s][info][gc,phases   ] GC(467)   Pre Evacuate Collection Set: 0.27ms
[233.930s][info][gc,phases   ] GC(467)   Merge Heap Roots: 0.06ms
[233.930s][info][gc,phases   ] GC(467)   Evacuate Collection Set: 35.80ms
[233.930s][info][gc,phases   ] GC(467)   Post Evacuate Collection Set: 0.38ms
[233.930s][info][gc,phases   ] GC(467)   Other: 0.11ms
[233.930s][info][gc,heap     ] GC(467) Eden regions: 3->0(326)
[233.930s][info][gc,heap     ] GC(467) Survivor regions: 34->25(46)
[233.930s][info][gc,heap     ] GC(467) Old regions: 58->69
[233.930s][info][gc,heap     ] GC(467) Humongous regions: 1->1
[233.930s][info][gc,metaspace] GC(467) Metaspace: 42178K(42560K)->42178K(42560K) NonClass: 39363K(39616K)->39363K(39616K) Class: 2815K(2944K)->2815K(2944K)
[233.930s][info][gc          ] GC(467) Pause Young (Concurrent Start) (G1 Humongous Allocation) 95M->93M(612M) 36.807ms
[233.930s][info][gc,cpu      ] GC(467) User=0.07s Sys=0.00s Real=0.03s
[233.930s][info][gc          ] GC(468) Concurrent Mark Cycle
[233.932s][info][gc,marking  ] GC(468) Concurrent Scan Root Regions
[233.954s][info][gc,marking  ] GC(468) Concurrent Scan Root Regions 22.200ms
[233.954s][info][gc,marking  ] GC(468) Concurrent Mark
[233.954s][info][gc,marking  ] GC(468) Concurrent Mark From Roots
[233.954s][info][gc,task     ] GC(468) Using 1 workers of 1 for marking
[234.061s][info][gc,marking  ] GC(468) Concurrent Mark From Roots 106.110ms
[234.061s][info][gc,marking  ] GC(468) Concurrent Preclean
[234.061s][info][gc,marking  ] GC(468) Concurrent Preclean 0.041ms
[234.061s][info][gc,start    ] GC(468) Pause Remark
[234.074s][info][gc          ] GC(468) Pause Remark 153M->153M(437M) 13.713ms
[234.074s][info][gc,cpu      ] GC(468) User=0.03s Sys=0.00s Real=0.02s
[234.075s][info][gc,marking  ] GC(468) Concurrent Mark 120.152ms
[234.075s][info][gc,marking  ] GC(468) Concurrent Rebuild Remembered Sets and Scrub Regions
[234.111s][info][gc,marking  ] GC(468) Concurrent Rebuild Remembered Sets and Scrub Regions 36.487ms
[234.111s][info][gc,start    ] GC(468) Pause Cleanup
[234.111s][info][gc          ] GC(468) Pause Cleanup 161M->161M(437M) 0.051ms
[234.111s][info][gc,cpu      ] GC(468) User=0.00s Sys=0.00s Real=0.00s
[234.111s][info][gc,marking  ] GC(468) Concurrent Clear Claimed Marks
[234.111s][info][gc,marking  ] GC(468) Concurrent Clear Claimed Marks 0.037ms
[234.111s][info][gc,marking  ] GC(468) Concurrent Cleanup for Next Mark
[234.113s][info][gc,marking  ] GC(468) Concurrent Cleanup for Next Mark 1.584ms
[234.113s][info][gc          ] GC(468) Concurrent Mark Cycle 182.441ms
[234.659s][info][gc,start    ] GC(469) Pause Young (Prepare Mixed) (G1 Evacuation Pause)
[234.659s][info][gc,task     ] GC(469) Using 2 workers of 2 for evacuation
[234.699s][info][gc,phases   ] GC(469)   Pre Evacuate Collection Set: 0.23ms
[234.699s][info][gc,phases   ] GC(469)   Merge Heap Roots: 0.14ms
[234.699s][info][gc,phases   ] GC(469)   Evacuate Collection Set: 38.60ms
[234.699s][info][gc,phases   ] GC(469)   Post Evacuate Collection Set: 0.56ms
[234.699s][info][gc,phases   ] GC(469)   Other: 0.08ms
[234.699s][info][gc,heap     ] GC(469) Eden regions: 237->0(230)
[234.699s][info][gc,heap     ] GC(469) Survivor regions: 25->25(33)
[234.699s][info][gc,heap     ] GC(469) Old regions: 69->78
[234.699s][info][gc,heap     ] GC(469) Humongous regions: 81->1
[234.699s][info][gc,metaspace] GC(469) Metaspace: 42203K(42624K)->42203K(42624K) NonClass: 39388K(39680K)->39388K(39680K) Class: 2815K(2944K)->2815K(2944K)
[234.699s][info][gc          ] GC(469) Pause Young (Prepare Mixed) (G1 Evacuation Pause) 410M->103M(446M) 39.841ms
[234.699s][info][gc,cpu      ] GC(469) User=0.07s Sys=0.01s Real=0.04s
[235.188s][info][gc,start    ] GC(470) Pause Young (Mixed) (G1 Evacuation Pause)
[235.188s][info][gc,task     ] GC(470) Using 2 workers of 2 for evacuation
[235.217s][info][gc,phases   ] GC(470)   Pre Evacuate Collection Set: 0.24ms
[235.217s][info][gc,phases   ] GC(470)   Merge Heap Roots: 0.21ms
[235.217s][info][gc,phases   ] GC(470)   Evacuate Collection Set: 27.84ms
[235.217s][info][gc,phases   ] GC(470)   Post Evacuate Collection Set: 0.69ms
[235.217s][info][gc,phases   ] GC(470)   Other: 0.08ms
[235.217s][info][gc,heap     ] GC(470) Eden regions: 230->0(248)
[235.217s][info][gc,heap     ] GC(470) Survivor regions: 25->11(32)
[235.217s][info][gc,heap     ] GC(470) Old regions: 78->89
[235.217s][info][gc,heap     ] GC(470) Humongous regions: 1->1
[235.217s][info][gc,metaspace] GC(470) Metaspace: 42217K(42624K)->42217K(42624K) NonClass: 39401K(39680K)->39401K(39680K) Class: 2815K(2944K)->2815K(2944K)
[235.217s][info][gc          ] GC(470) Pause Young (Mixed) (G1 Evacuation Pause) 333M->99M(446M) 29.256ms
[235.217s][info][gc,cpu      ] GC(470) User=0.06s Sys=0.00s Real=0.03s
[235.742s][info][gc,start    ] GC(471) Pause Young (Concurrent Start) (G1 Evacuation Pause)
[235.742s][info][gc,task     ] GC(471) Using 2 workers of 2 for evacuation
[235.753s][info][gc,phases   ] GC(471)   Pre Evacuate Collection Set: 0.28ms
[235.753s][info][gc,phases   ] GC(471)   Merge Heap Roots: 0.11ms
[235.753s][info][gc,phases   ] GC(471)   Evacuate Collection Set: 10.60ms
[235.753s][info][gc,phases   ] GC(471)   Post Evacuate Collection Set: 0.55ms
[235.753s][info][gc,phases   ] GC(471)   Other: 0.15ms
[235.753s][info][gc,heap     ] GC(471) Eden regions: 248->0(252)
[235.753s][info][gc,heap     ] GC(471) Survivor regions: 11->15(33)
[235.753s][info][gc,heap     ] GC(471) Old regions: 89->89
[235.753s][info][gc,heap     ] GC(471) Humongous regions: 1->1
[235.753s][info][gc,metaspace] GC(471) Metaspace: 42220K(42624K)->42220K(42624K) NonClass: 39404K(39680K)->39404K(39680K) Class: 2815K(2944K)->2815K(2944K)
[235.754s][info][gc          ] GC(471) Pause Young (Concurrent Start) (G1 Evacuation Pause) 347M->104M(446M) 11.876ms
[235.754s][info][gc,cpu      ] GC(471) User=0.02s Sys=0.00s Real=0.01s
[235.754s][info][gc          ] GC(472) Concurrent Mark Cycle
[235.754s][info][gc,marking  ] GC(472) Concurrent Scan Root Regions
[235.767s][info][gc,marking  ] GC(472) Concurrent Scan Root Regions 13.509ms
[235.767s][info][gc,marking  ] GC(472) Concurrent Mark
[235.767s][info][gc,marking  ] GC(472) Concurrent Mark From Roots
[235.767s][info][gc,task     ] GC(472) Using 1 workers of 1 for marking
[235.887s][info][gc,marking  ] GC(472) Concurrent Mark From Roots 120.286ms
[235.887s][info][gc,marking  ] GC(472) Concurrent Preclean
[235.887s][info][gc,marking  ] GC(472) Concurrent Preclean 0.038ms
[235.888s][info][gc,start    ] GC(472) Pause Remark
[235.902s][info][gc          ] GC(472) Pause Remark 162M->157M(334M) 14.268ms
[235.902s][info][gc,cpu      ] GC(472) User=0.03s Sys=0.00s Real=0.02s
[235.902s][info][gc,marking  ] GC(472) Concurrent Mark 134.925ms
[235.902s][info][gc,marking  ] GC(472) Concurrent Rebuild Remembered Sets and Scrub Regions
[235.950s][info][gc,marking  ] GC(472) Concurrent Rebuild Remembered Sets and Scrub Regions 47.865ms
[235.950s][info][gc,start    ] GC(472) Pause Cleanup
[235.950s][info][gc          ] GC(472) Pause Cleanup 178M->178M(334M) 0.047ms
[235.950s][info][gc,cpu      ] GC(472) User=0.00s Sys=0.00s Real=0.00s
[235.950s][info][gc,marking  ] GC(472) Concurrent Clear Claimed Marks
[235.950s][info][gc,marking  ] GC(472) Concurrent Clear Claimed Marks 0.039ms
[235.950s][info][gc,marking  ] GC(472) Concurrent Cleanup for Next Mark
[235.951s][info][gc,marking  ] GC(472) Concurrent Cleanup for Next Mark 1.079ms
[235.951s][info][gc          ] GC(472) Concurrent Mark Cycle 197.780ms
[236.162s][info][gc,start    ] GC(473) Pause Young (Prepare Mixed) (G1 Evacuation Pause)
[236.162s][info][gc,task     ] GC(473) Using 2 workers of 2 for evacuation
[236.174s][info][gc,phases   ] GC(473)   Pre Evacuate Collection Set: 0.19ms
[236.174s][info][gc,phases   ] GC(473)   Merge Heap Roots: 0.13ms
[236.174s][info][gc,phases   ] GC(473)   Evacuate Collection Set: 11.49ms
[236.174s][info][gc,phases   ] GC(473)   Post Evacuate Collection Set: 0.50ms
[236.174s][info][gc,phases   ] GC(473)   Other: 0.07ms
[236.174s][info][gc,heap     ] GC(473) Eden regions: 185->0(183)
[236.174s][info][gc,heap     ] GC(473) Survivor regions: 15->7(25)
[236.174s][info][gc,heap     ] GC(473) Old regions: 84->94
[236.174s][info][gc,heap     ] GC(473) Humongous regions: 1->1
[236.174s][info][gc,metaspace] GC(473) Metaspace: 42221K(42624K)->42221K(42624K) NonClass: 39406K(39680K)->39406K(39680K) Class: 2815K(2944K)->2815K(2944K)
[236.174s][info][gc          ] GC(473) Pause Young (Prepare Mixed) (G1 Evacuation Pause) 284M->101M(334M) 12.567ms
[236.174s][info][gc,cpu      ] GC(473) User=0.02s Sys=0.00s Real=0.01s
[236.614s][info][gc,start    ] GC(474) Pause Young (Mixed) (G1 Evacuation Pause)
[236.614s][info][gc,task     ] GC(474) Using 2 workers of 2 for evacuation
[236.623s][info][gc,phases   ] GC(474)   Pre Evacuate Collection Set: 0.19ms
[236.623s][info][gc,phases   ] GC(474)   Merge Heap Roots: 0.13ms
[236.623s][info][gc,phases   ] GC(474)   Evacuate Collection Set: 7.22ms
[236.623s][info][gc,phases   ] GC(474)   Post Evacuate Collection Set: 0.58ms
[236.623s][info][gc,phases   ] GC(474)   Other: 0.08ms
[236.623s][info][gc,heap     ] GC(474) Eden regions: 183->0(191)
[236.623s][info][gc,heap     ] GC(474) Survivor regions: 7->6(24)
[236.623s][info][gc,heap     ] GC(474) Old regions: 94->91
[236.623s][info][gc,heap     ] GC(474) Humongous regions: 1->1
[236.623s][info][gc,metaspace] GC(474) Metaspace: 42293K(42688K)->42293K(42688K) NonClass: 39477K(39744K)->39477K(39744K) Class: 2815K(2944K)->2815K(2944K)
[236.623s][info][gc          ] GC(474) Pause Young (Mixed) (G1 Evacuation Pause) 284M->97M(334M) 8.384ms
[236.623s][info][gc,cpu      ] GC(474) User=0.01s Sys=0.00s Real=0.01s
[237.036s][info][gc,start    ] GC(475) Pause Young (Concurrent Start) (G1 Evacuation Pause)
[237.036s][info][gc,task     ] GC(475) Using 2 workers of 2 for evacuation
[237.045s][info][gc,phases   ] GC(475)   Pre Evacuate Collection Set: 0.21ms
[237.045s][info][gc,phases   ] GC(475)   Merge Heap Roots: 0.06ms
[237.045s][info][gc,phases   ] GC(475)   Evacuate Collection Set: 6.16ms
[237.045s][info][gc,phases   ] GC(475)   Post Evacuate Collection Set: 2.17ms
[237.045s][info][gc,phases   ] GC(475)   Other: 0.13ms
[237.045s][info][gc,heap     ] GC(475) Eden regions: 191->0(191)
[237.045s][info][gc,heap     ] GC(475) Survivor regions: 6->9(25)
[237.045s][info][gc,heap     ] GC(475) Old regions: 91->91
[237.045s][info][gc,heap     ] GC(475) Humongous regions: 1->1
[237.045s][info][gc,metaspace] GC(475) Metaspace: 42403K(42816K)->42403K(42816K) NonClass: 39587K(39872K)->39587K(39872K) Class: 2815K(2944K)->2815K(2944K)
[237.045s][info][gc          ] GC(475) Pause Young (Concurrent Start) (G1 Evacuation Pause) 288M->100M(334M) 8.917ms
[237.045s][info][gc,cpu      ] GC(475) User=0.02s Sys=0.00s Real=0.01s
[237.045s][info][gc          ] GC(476) Concurrent Mark Cycle
[237.045s][info][gc,marking  ] GC(476) Concurrent Scan Root Regions
[237.052s][info][gc,marking  ] GC(476) Concurrent Scan Root Regions 7.466ms
[237.052s][info][gc,marking  ] GC(476) Concurrent Mark
[237.052s][info][gc,marking  ] GC(476) Concurrent Mark From Roots
[237.052s][info][gc,task     ] GC(476) Using 1 workers of 1 for marking
[237.209s][info][gc,marking  ] GC(476) Concurrent Mark From Roots 156.888ms
[237.209s][info][gc,marking  ] GC(476) Concurrent Preclean
[237.209s][info][gc,marking  ] GC(476) Concurrent Preclean 0.045ms
[237.209s][info][gc,start    ] GC(476) Pause Remark
[237.224s][info][gc          ] GC(476) Pause Remark 142M->133M(307M) 14.231ms
[237.224s][info][gc,cpu      ] GC(476) User=0.03s Sys=0.00s Real=0.02s
[237.224s][info][gc,marking  ] GC(476) Concurrent Mark 171.499ms
[237.224s][info][gc,marking  ] GC(476) Concurrent Rebuild Remembered Sets and Scrub Regions
[237.276s][info][gc,marking  ] GC(476) Concurrent Rebuild Remembered Sets and Scrub Regions 52.586ms
[237.277s][info][gc,start    ] GC(476) Pause Cleanup
[237.277s][info][gc          ] GC(476) Pause Cleanup 151M->151M(307M) 0.093ms
[237.277s][info][gc,cpu      ] GC(476) User=0.00s Sys=0.00s Real=0.00s
[237.277s][info][gc,marking  ] GC(476) Concurrent Clear Claimed Marks
[237.277s][info][gc,marking  ] GC(476) Concurrent Clear Claimed Marks 0.045ms
[237.277s][info][gc,marking  ] GC(476) Concurrent Cleanup for Next Mark
[237.278s][info][gc,marking  ] GC(476) Concurrent Cleanup for Next Mark 0.930ms
[237.278s][info][gc          ] GC(476) Concurrent Mark Cycle 233.429ms
[238.014s][info][gc,start    ] GC(477) Pause Young (Prepare Mixed) (G1 Evacuation Pause)
[238.014s][info][gc,task     ] GC(477) Using 2 workers of 2 for evacuation
[238.019s][info][gc,phases   ] GC(477)   Pre Evacuate Collection Set: 0.17ms
[238.019s][info][gc,phases   ] GC(477)   Merge Heap Roots: 0.09ms
[238.019s][info][gc,phases   ] GC(477)   Evacuate Collection Set: 4.05ms
[238.019s][info][gc,phases   ] GC(477)   Post Evacuate Collection Set: 0.47ms
[238.019s][info][gc,phases   ] GC(477)   Other: 0.08ms
[238.019s][info][gc,heap     ] GC(477) Eden regions: 175->0(180)
[238.019s][info][gc,heap     ] GC(477) Survivor regions: 9->4(23)
[238.019s][info][gc,heap     ] GC(477) Old regions: 82->82
[238.019s][info][gc,heap     ] GC(477) Humongous regions: 1->1
[238.019s][info][gc,metaspace] GC(477) Metaspace: 42407K(42816K)->42407K(42816K) NonClass: 39592K(39872K)->39592K(39872K) Class: 2815K(2944K)->2815K(2944K)
[238.019s][info][gc          ] GC(477) Pause Young (Prepare Mixed) (G1 Evacuation Pause) 266M->86M(307M) 5.023ms
[238.019s][info][gc,cpu      ] GC(477) User=0.01s Sys=0.00s Real=0.00s
[238.902s][info][gc,start    ] GC(478) Pause Young (Mixed) (G1 Evacuation Pause)
[238.902s][info][gc,task     ] GC(478) Using 2 workers of 2 for evacuation
[238.922s][info][gc,phases   ] GC(478)   Pre Evacuate Collection Set: 0.23ms
[238.922s][info][gc,phases   ] GC(478)   Merge Heap Roots: 0.24ms
[238.922s][info][gc,phases   ] GC(478)   Evacuate Collection Set: 19.32ms
[238.922s][info][gc,phases   ] GC(478)   Post Evacuate Collection Set: 0.48ms
[238.922s][info][gc,phases   ] GC(478)   Other: 0.10ms
[238.922s][info][gc,heap     ] GC(478) Eden regions: 180->0(169)
[238.922s][info][gc,heap     ] GC(478) Survivor regions: 4->15(23)
[238.922s][info][gc,heap     ] GC(478) Old regions: 82->62
[238.922s][info][gc,heap     ] GC(478) Humongous regions: 15->3
[238.922s][info][gc,metaspace] GC(478) Metaspace: 42463K(42816K)->42463K(42816K) NonClass: 39648K(39872K)->39648K(39872K) Class: 2815K(2944K)->2815K(2944K)
[238.923s][info][gc          ] GC(478) Pause Young (Mixed) (G1 Evacuation Pause) 280M->78M(307M) 20.544ms
[238.923s][info][gc,cpu      ] GC(478) User=0.03s Sys=0.00s Real=0.02s
[239.093s][info][gc,start    ] GC(479) Pause Young (Concurrent Start) (G1 Humongous Allocation)
[239.094s][info][gc,task     ] GC(479) Using 2 workers of 2 for evacuation
[239.116s][info][gc,phases   ] GC(479)   Pre Evacuate Collection Set: 0.20ms
[239.116s][info][gc,phases   ] GC(479)   Merge Heap Roots: 0.11ms
[239.116s][info][gc,phases   ] GC(479)   Evacuate Collection Set: 21.34ms
[239.116s][info][gc,phases   ] GC(479)   Post Evacuate Collection Set: 0.36ms
[239.116s][info][gc,phases   ] GC(479)   Other: 0.08ms
[239.116s][info][gc,heap     ] GC(479) Eden regions: 84->0(174)
[239.116s][info][gc,heap     ] GC(479) Survivor regions: 15->10(23)
[239.116s][info][gc,heap     ] GC(479) Old regions: 62->75
[239.116s][info][gc,heap     ] GC(479) Humongous regions: 3->3
[239.116s][info][gc,metaspace] GC(479) Metaspace: 42463K(42816K)->42463K(42816K) NonClass: 39648K(39872K)->39648K(39872K) Class: 2815K(2944K)->2815K(2944K)
[239.116s][info][gc          ] GC(479) Pause Young (Concurrent Start) (G1 Humongous Allocation) 162M->88M(307M) 22.283ms
[239.116s][info][gc          ] GC(480) Concurrent Mark Cycle
[239.116s][info][gc,marking  ] GC(480) Concurrent Scan Root Regions
[239.118s][info][gc,cpu      ] GC(479) User=0.05s Sys=0.00s Real=0.02s
[239.141s][info][gc,marking  ] GC(480) Concurrent Scan Root Regions 25.259ms
[239.141s][info][gc,marking  ] GC(480) Concurrent Mark
[239.141s][info][gc,marking  ] GC(480) Concurrent Mark From Roots
[239.141s][info][gc,task     ] GC(480) Using 1 workers of 1 for marking
[239.235s][info][gc,marking  ] GC(480) Concurrent Mark From Roots 93.453ms
[239.235s][info][gc,marking  ] GC(480) Concurrent Preclean
[239.235s][info][gc,marking  ] GC(480) Concurrent Preclean 0.211ms
[239.237s][info][gc,start    ] GC(480) Pause Remark
[239.253s][info][gc          ] GC(480) Pause Remark 133M->127M(277M) 16.347ms
[239.253s][info][gc,cpu      ] GC(480) User=0.02s Sys=0.00s Real=0.02s
[239.253s][info][gc,marking  ] GC(480) Concurrent Mark 112.292ms
[239.253s][info][gc,marking  ] GC(480) Concurrent Rebuild Remembered Sets and Scrub Regions
[239.285s][info][gc,marking  ] GC(480) Concurrent Rebuild Remembered Sets and Scrub Regions 31.941ms
[239.285s][info][gc,start    ] GC(480) Pause Cleanup
[239.286s][info][gc          ] GC(480) Pause Cleanup 134M->134M(277M) 0.045ms
[239.286s][info][gc,cpu      ] GC(480) User=0.00s Sys=0.00s Real=0.00s
[239.286s][info][gc,marking  ] GC(480) Concurrent Clear Claimed Marks
[239.286s][info][gc,marking  ] GC(480) Concurrent Clear Claimed Marks 0.036ms
[239.286s][info][gc,marking  ] GC(480) Concurrent Cleanup for Next Mark
[239.286s][info][gc,marking  ] GC(480) Concurrent Cleanup for Next Mark 0.798ms
[239.286s][info][gc          ] GC(480) Concurrent Mark Cycle 170.633ms
[239.521s][info][gc,start    ] GC(481) Pause Young (Prepare Mixed) (G1 Evacuation Pause)
[239.521s][info][gc,task     ] GC(481) Using 2 workers of 2 for evacuation
[239.547s][info][gc,phases   ] GC(481)   Pre Evacuate Collection Set: 0.27ms
[239.548s][info][gc,phases   ] GC(481)   Merge Heap Roots: 0.08ms
[239.548s][info][gc,phases   ] GC(481)   Evacuate Collection Set: 25.73ms
[239.548s][info][gc,phases   ] GC(481)   Post Evacuate Collection Set: 0.46ms
[239.548s][info][gc,phases   ] GC(481)   Other: 0.07ms
[239.548s][info][gc,heap     ] GC(481) Eden regions: 156->0(140)
[239.548s][info][gc,heap     ] GC(481) Survivor regions: 10->21(21)
[239.548s][info][gc,heap     ] GC(481) Old regions: 69->74
[239.548s][info][gc,heap     ] GC(481) Humongous regions: 4->4
[239.548s][info][gc,metaspace] GC(481) Metaspace: 42463K(42816K)->42463K(42816K) NonClass: 39648K(39872K)->39648K(39872K) Class: 2815K(2944K)->2815K(2944K)
[239.548s][info][gc          ] GC(481) Pause Young (Prepare Mixed) (G1 Evacuation Pause) 239M->99M(277M) 26.789ms
[239.548s][info][gc,cpu      ] GC(481) User=0.05s Sys=0.00s Real=0.03s
[239.846s][info][gc,start    ] GC(482) Pause Young (Mixed) (G1 Evacuation Pause)
[239.846s][info][gc,task     ] GC(482) Using 2 workers of 2 for evacuation
[239.893s][info][gc,phases   ] GC(482)   Pre Evacuate Collection Set: 0.22ms
[239.893s][info][gc,phases   ] GC(482)   Merge Heap Roots: 0.38ms
[239.893s][info][gc,phases   ] GC(482)   Evacuate Collection Set: 45.16ms
[239.893s][info][gc,phases   ] GC(482)   Post Evacuate Collection Set: 0.46ms
[239.893s][info][gc,phases   ] GC(482)   Other: 0.11ms
[239.893s][info][gc,heap     ] GC(482) Eden regions: 140->0(135)
[239.893s][info][gc,heap     ] GC(482) Survivor regions: 21->16(21)
[239.893s][info][gc,heap     ] GC(482) Old regions: 74->85
[239.893s][info][gc,heap     ] GC(482) Humongous regions: 6->6
[239.893s][info][gc,metaspace] GC(482) Metaspace: 42464K(42816K)->42464K(42816K) NonClass: 39649K(39872K)->39649K(39872K) Class: 2815K(2944K)->2815K(2944K)
[239.893s][info][gc          ] GC(482) Pause Young (Mixed) (G1 Evacuation Pause) 241M->106M(280M) 46.521ms
[239.893s][info][gc,cpu      ] GC(482) User=0.09s Sys=0.01s Real=0.05s
[240.165s][info][gc,start    ] GC(483) Pause Young (Concurrent Start) (G1 Evacuation Pause)
[240.165s][info][gc,task     ] GC(483) Using 2 workers of 2 for evacuation
[240.199s][info][gc,phases   ] GC(483)   Pre Evacuate Collection Set: 0.19ms
[240.199s][info][gc,phases   ] GC(483)   Merge Heap Roots: 0.09ms
[240.199s][info][gc,phases   ] GC(483)   Evacuate Collection Set: 33.05ms
[240.199s][info][gc,phases   ] GC(483)   Post Evacuate Collection Set: 0.42ms
[240.199s][info][gc,phases   ] GC(483)   Other: 0.13ms
[240.199s][info][gc,heap     ] GC(483) Eden regions: 135->0(124)
[240.199s][info][gc,heap     ] GC(483) Survivor regions: 16->15(19)
[240.199s][info][gc,heap     ] GC(483) Old regions: 85->100
[240.199s][info][gc,heap     ] GC(483) Humongous regions: 6->6
[240.199s][info][gc,metaspace] GC(483) Metaspace: 42464K(42816K)->42464K(42816K) NonClass: 39649K(39872K)->39649K(39872K) Class: 2815K(2944K)->2815K(2944K)
[240.199s][info][gc          ] GC(483) Pause Young (Concurrent Start) (G1 Evacuation Pause) 241M->120M(280M) 34.059ms
[240.199s][info][gc,cpu      ] GC(483) User=0.07s Sys=0.00s Real=0.03s
[240.199s][info][gc          ] GC(484) Concurrent Mark Cycle
[240.199s][info][gc,marking  ] GC(484) Concurrent Scan Root Regions
[240.248s][info][gc,marking  ] GC(484) Concurrent Scan Root Regions 49.117ms
[240.248s][info][gc,marking  ] GC(484) Concurrent Mark
[240.248s][info][gc,marking  ] GC(484) Concurrent Mark From Roots
[240.248s][info][gc,task     ] GC(484) Using 1 workers of 1 for marking
[240.428s][info][gc,marking  ] GC(484) Concurrent Mark From Roots 179.956ms
[240.428s][info][gc,marking  ] GC(484) Concurrent Preclean
[240.428s][info][gc,marking  ] GC(484) Concurrent Preclean 0.071ms
[240.428s][info][gc,start    ] GC(484) Pause Remark
[240.443s][info][gc          ] GC(484) Pause Remark 169M->168M(280M) 14.884ms
[240.443s][info][gc,cpu      ] GC(484) User=0.03s Sys=0.00s Real=0.02s
[240.445s][info][gc,marking  ] GC(484) Concurrent Mark 197.117ms
[240.445s][info][gc,marking  ] GC(484) Concurrent Rebuild Remembered Sets and Scrub Regions
[240.550s][info][gc,marking  ] GC(484) Concurrent Rebuild Remembered Sets and Scrub Regions 104.813ms
[240.552s][info][gc,start    ] GC(484) Pause Cleanup
[240.552s][info][gc          ] GC(484) Pause Cleanup 194M->194M(280M) 0.064ms
[240.552s][info][gc,cpu      ] GC(484) User=0.00s Sys=0.00s Real=0.00s
[240.552s][info][gc,marking  ] GC(484) Concurrent Clear Claimed Marks
[240.552s][info][gc,marking  ] GC(484) Concurrent Clear Claimed Marks 0.053ms
[240.552s][info][gc,marking  ] GC(484) Concurrent Cleanup for Next Mark
[240.553s][info][gc,marking  ] GC(484) Concurrent Cleanup for Next Mark 0.878ms
[240.553s][info][gc          ] GC(484) Concurrent Mark Cycle 354.014ms
[240.675s][info][gc,start    ] GC(485) Pause Young (Prepare Mixed) (G1 Evacuation Pause)
[240.675s][info][gc,task     ] GC(485) Using 2 workers of 2 for evacuation
[240.708s][info][gc,phases   ] GC(485)   Pre Evacuate Collection Set: 0.16ms
[240.708s][info][gc,phases   ] GC(485)   Merge Heap Roots: 0.13ms
[240.708s][info][gc,phases   ] GC(485)   Evacuate Collection Set: 32.35ms
[240.708s][info][gc,phases   ] GC(485)   Post Evacuate Collection Set: 0.41ms
[240.708s][info][gc,phases   ] GC(485)   Other: 0.07ms
[240.708s][info][gc,heap     ] GC(485) Eden regions: 124->0(113)
[240.708s][info][gc,heap     ] GC(485) Survivor regions: 15->12(18)
[240.708s][info][gc,heap     ] GC(485) Old regions: 100->115
[240.708s][info][gc,heap     ] GC(485) Humongous regions: 10->9
[240.708s][info][gc,metaspace] GC(485) Metaspace: 42466K(42816K)->42466K(42816K) NonClass: 39651K(39872K)->39651K(39872K) Class: 2815K(2944K)->2815K(2944K)
[240.708s][info][gc          ] GC(485) Pause Young (Prepare Mixed) (G1 Evacuation Pause) 248M->135M(280M) 33.294ms
[240.708s][info][gc,cpu      ] GC(485) User=0.07s Sys=0.00s Real=0.03s
[243.713s][info][gc,start    ] GC(486) Pause Young (Mixed) (G1 Evacuation Pause)
[243.713s][info][gc,task     ] GC(486) Using 2 workers of 2 for evacuation
[243.744s][info][gc,phases   ] GC(486)   Pre Evacuate Collection Set: 0.19ms
[243.744s][info][gc,phases   ] GC(486)   Merge Heap Roots: 0.21ms
[243.744s][info][gc,phases   ] GC(486)   Evacuate Collection Set: 28.90ms
[243.744s][info][gc,phases   ] GC(486)   Post Evacuate Collection Set: 1.37ms
[243.744s][info][gc,phases   ] GC(486)   Other: 0.09ms
[243.744s][info][gc,heap     ] GC(486) Eden regions: 113->0(233)
[243.744s][info][gc,heap     ] GC(486) Survivor regions: 12->11(16)
[243.744s][info][gc,heap     ] GC(486) Old regions: 115->116
[243.744s][info][gc,heap     ] GC(486) Humongous regions: 12->7
[243.744s][info][gc,metaspace] GC(486) Metaspace: 42480K(42880K)->42480K(42880K) NonClass: 39665K(39936K)->39665K(39936K) Class: 2815K(2944K)->2815K(2944K)
[243.744s][info][gc          ] GC(486) Pause Young (Mixed) (G1 Evacuation Pause) 251M->133M(420M) 30.943ms
[243.744s][info][gc,cpu      ] GC(486) User=0.06s Sys=0.01s Real=0.03s
[244.605s][info][gc,start    ] GC(487) Pause Young (Concurrent Start) (G1 Humongous Allocation)
[244.605s][info][gc,task     ] GC(487) Using 2 workers of 2 for evacuation
[244.623s][info][gc,phases   ] GC(487)   Pre Evacuate Collection Set: 0.23ms
[244.623s][info][gc,phases   ] GC(487)   Merge Heap Roots: 0.11ms
[244.623s][info][gc,phases   ] GC(487)   Evacuate Collection Set: 16.12ms
[244.623s][info][gc,phases   ] GC(487)   Post Evacuate Collection Set: 0.47ms
[244.623s][info][gc,phases   ] GC(487)   Other: 0.12ms
[244.623s][info][gc,heap     ] GC(487) Eden regions: 226->0(238)
[244.623s][info][gc,heap     ] GC(487) Survivor regions: 11->14(31)
[244.623s][info][gc,heap     ] GC(487) Old regions: 116->116
[244.623s][info][gc,heap     ] GC(487) Humongous regions: 7->7
[244.623s][info][gc,metaspace] GC(487) Metaspace: 42498K(42880K)->42498K(42880K) NonClass: 39682K(39936K)->39682K(39936K) Class: 2815K(2944K)->2815K(2944K)
[244.623s][info][gc          ] GC(487) Pause Young (Concurrent Start) (G1 Humongous Allocation) 358M->136M(420M) 17.230ms
[244.623s][info][gc,cpu      ] GC(487) User=0.03s Sys=0.00s Real=0.02s
[244.623s][info][gc          ] GC(488) Concurrent Mark Cycle
[244.623s][info][gc,marking  ] GC(488) Concurrent Scan Root Regions
[244.655s][info][gc,marking  ] GC(488) Concurrent Scan Root Regions 32.433ms
[244.655s][info][gc,marking  ] GC(488) Concurrent Mark
[244.655s][info][gc,marking  ] GC(488) Concurrent Mark From Roots
[244.655s][info][gc,task     ] GC(488) Using 1 workers of 1 for marking
[244.802s][info][gc,marking  ] GC(488) Concurrent Mark From Roots 146.708ms
[244.802s][info][gc,marking  ] GC(488) Concurrent Preclean
[244.802s][info][gc,marking  ] GC(488) Concurrent Preclean 0.061ms
[244.802s][info][gc,start    ] GC(488) Pause Remark
[244.817s][info][gc          ] GC(488) Pause Remark 199M->191M(420M) 14.463ms
[244.817s][info][gc,cpu      ] GC(488) User=0.03s Sys=0.00s Real=0.01s
[244.817s][info][gc,marking  ] GC(488) Concurrent Mark 161.636ms
[244.817s][info][gc,marking  ] GC(488) Concurrent Rebuild Remembered Sets and Scrub Regions
[244.866s][info][gc,marking  ] GC(488) Concurrent Rebuild Remembered Sets and Scrub Regions 48.780ms
[244.866s][info][gc,start    ] GC(488) Pause Cleanup
[244.866s][info][gc          ] GC(488) Pause Cleanup 210M->210M(420M) 0.068ms
[244.866s][info][gc,cpu      ] GC(488) User=0.00s Sys=0.00s Real=0.00s
[244.866s][info][gc,marking  ] GC(488) Concurrent Clear Claimed Marks
[244.866s][info][gc,marking  ] GC(488) Concurrent Clear Claimed Marks 0.042ms
[244.866s][info][gc,marking  ] GC(488) Concurrent Cleanup for Next Mark
[244.869s][info][gc,marking  ] GC(488) Concurrent Cleanup for Next Mark 3.023ms
[244.869s][info][gc          ] GC(488) Concurrent Mark Cycle 246.447ms
[245.228s][info][gc,start    ] GC(489) Pause Young (Prepare Mixed) (G1 Evacuation Pause)
[245.228s][info][gc,task     ] GC(489) Using 2 workers of 2 for evacuation
[245.262s][info][gc,phases   ] GC(489)   Pre Evacuate Collection Set: 0.21ms
[245.262s][info][gc,phases   ] GC(489)   Merge Heap Roots: 0.12ms
[245.262s][info][gc,phases   ] GC(489)   Evacuate Collection Set: 32.86ms
[245.262s][info][gc,phases   ] GC(489)   Post Evacuate Collection Set: 0.51ms
[245.262s][info][gc,phases   ] GC(489)   Other: 0.08ms
[245.262s][info][gc,heap     ] GC(489) Eden regions: 238->0(216)
[245.262s][info][gc,heap     ] GC(489) Survivor regions: 14->32(32)
[245.262s][info][gc,heap     ] GC(489) Old regions: 114->115
[245.262s][info][gc,heap     ] GC(489) Humongous regions: 4->4
[245.262s][info][gc,metaspace] GC(489) Metaspace: 42498K(42880K)->42498K(42880K) NonClass: 39682K(39936K)->39682K(39936K) Class: 2815K(2944K)->2815K(2944K)
[245.262s][info][gc          ] GC(489) Pause Young (Prepare Mixed) (G1 Evacuation Pause) 369M->150M(420M) 34.004ms
[245.262s][info][gc,cpu      ] GC(489) User=0.06s Sys=0.00s Real=0.04s
[245.758s][info][gc,start    ] GC(490) Pause Young (Mixed) (G1 Evacuation Pause)
[245.758s][info][gc,task     ] GC(490) Using 2 workers of 2 for evacuation
[245.822s][info][gc,phases   ] GC(490)   Pre Evacuate Collection Set: 0.23ms
[245.822s][info][gc,phases   ] GC(490)   Merge Heap Roots: 0.11ms
[245.822s][info][gc,phases   ] GC(490)   Evacuate Collection Set: 62.61ms
[245.822s][info][gc,phases   ] GC(490)   Post Evacuate Collection Set: 0.50ms
[245.822s][info][gc,phases   ] GC(490)   Other: 0.08ms
[245.822s][info][gc,heap     ] GC(490) Eden regions: 216->0(203)
[245.822s][info][gc,heap     ] GC(490) Survivor regions: 32->26(31)
[245.822s][info][gc,heap     ] GC(490) Old regions: 115->140
[245.822s][info][gc,heap     ] GC(490) Humongous regions: 6->6
[245.822s][info][gc,metaspace] GC(490) Metaspace: 42498K(42880K)->42498K(42880K) NonClass: 39682K(39936K)->39682K(39936K) Class: 2815K(2944K)->2815K(2944K)
[245.822s][info][gc          ] GC(490) Pause Young (Mixed) (G1 Evacuation Pause) 368M->171M(427M) 63.763ms
[245.822s][info][gc,cpu      ] GC(490) User=0.12s Sys=0.00s Real=0.07s
[246.028s][info][gc,start    ] GC(491) Pause Young (Concurrent Start) (G1 Humongous Allocation)
[246.028s][info][gc,task     ] GC(491) Using 2 workers of 2 for evacuation
[246.063s][info][gc,phases   ] GC(491)   Pre Evacuate Collection Set: 0.23ms
[246.064s][info][gc,phases   ] GC(491)   Merge Heap Roots: 0.08ms
[246.064s][info][gc,phases   ] GC(491)   Evacuate Collection Set: 34.34ms
[246.064s][info][gc,phases   ] GC(491)   Post Evacuate Collection Set: 0.40ms
[246.064s][info][gc,phases   ] GC(491)   Other: 0.09ms
[246.064s][info][gc,heap     ] GC(491) Eden regions: 95->0(195)
[246.064s][info][gc,heap     ] GC(491) Survivor regions: 26->11(29)
[246.064s][info][gc,heap     ] GC(491) Old regions: 140->165
[246.064s][info][gc,heap     ] GC(491) Humongous regions: 6->6
[246.064s][info][gc,metaspace] GC(491) Metaspace: 42498K(42880K)->42498K(42880K) NonClass: 39682K(39936K)->39682K(39936K) Class: 2815K(2944K)->2815K(2944K)
[246.064s][info][gc          ] GC(491) Pause Young (Concurrent Start) (G1 Humongous Allocation) 265M->182M(427M) 35.349ms
[246.064s][info][gc,cpu      ] GC(491) User=0.06s Sys=0.00s Real=0.04s
[246.064s][info][gc          ] GC(492) Concurrent Mark Cycle
[246.064s][info][gc,marking  ] GC(492) Concurrent Scan Root Regions
[246.092s][info][gc,marking  ] GC(492) Concurrent Scan Root Regions 28.408ms
[246.092s][info][gc,marking  ] GC(492) Concurrent Mark
[246.092s][info][gc,marking  ] GC(492) Concurrent Mark From Roots
[246.092s][info][gc,task     ] GC(492) Using 1 workers of 1 for marking
[246.155s][info][gc,marking  ] GC(492) Concurrent Mark From Roots 63.200ms
[246.155s][info][gc,marking  ] GC(492) Concurrent Preclean
[246.155s][info][gc,marking  ] GC(492) Concurrent Preclean 0.033ms
[246.156s][info][gc,start    ] GC(492) Pause Remark
[246.173s][info][gc          ] GC(492) Pause Remark 213M->140M(377M) 17.066ms
[246.173s][info][gc,cpu      ] GC(492) User=0.04s Sys=0.00s Real=0.02s
[246.173s][info][gc,marking  ] GC(492) Concurrent Mark 80.556ms
[246.173s][info][gc,marking  ] GC(492) Concurrent Rebuild Remembered Sets and Scrub Regions
[246.226s][info][gc,marking  ] GC(492) Concurrent Rebuild Remembered Sets and Scrub Regions 53.126ms
[246.226s][info][gc,start    ] GC(492) Pause Cleanup
[246.226s][info][gc          ] GC(492) Pause Cleanup 167M->167M(377M) 0.041ms
[246.226s][info][gc,cpu      ] GC(492) User=0.00s Sys=0.00s Real=0.00s
[246.226s][info][gc,marking  ] GC(492) Concurrent Clear Claimed Marks
[246.226s][info][gc,marking  ] GC(492) Concurrent Clear Claimed Marks 0.035ms
[246.226s][info][gc,marking  ] GC(492) Concurrent Cleanup for Next Mark
[246.227s][info][gc,marking  ] GC(492) Concurrent Cleanup for Next Mark 1.070ms
[246.227s][info][gc          ] GC(492) Concurrent Mark Cycle 163.455ms
[247.277s][info][gc,start    ] GC(493) Pause Young (Prepare Mixed) (G1 Evacuation Pause)
[247.277s][info][gc,task     ] GC(493) Using 2 workers of 2 for evacuation
[247.326s][info][gc,phases   ] GC(493)   Pre Evacuate Collection Set: 0.20ms
[247.327s][info][gc,phases   ] GC(493)   Merge Heap Roots: 0.19ms
[247.327s][info][gc,phases   ] GC(493)   Evacuate Collection Set: 48.08ms
[247.327s][info][gc,phases   ] GC(493)   Post Evacuate Collection Set: 0.56ms
[247.327s][info][gc,phases   ] GC(493)   Other: 0.07ms
[247.327s][info][gc,heap     ] GC(493) Eden regions: 195->0(183)
[247.327s][info][gc,heap     ] GC(493) Survivor regions: 11->26(26)
[247.327s][info][gc,heap     ] GC(493) Old regions: 93->101
[247.327s][info][gc,heap     ] GC(493) Humongous regions: 17->17
[247.327s][info][gc,metaspace] GC(493) Metaspace: 42498K(42880K)->42498K(42880K) NonClass: 39682K(39936K)->39682K(39936K) Class: 2815K(2944K)->2815K(2944K)
[247.327s][info][gc          ] GC(493) Pause Young (Prepare Mixed) (G1 Evacuation Pause) 316M->144M(377M) 49.298ms
[247.327s][info][gc,cpu      ] GC(493) User=0.09s Sys=0.00s Real=0.05s
[248.130s][info][gc,start    ] GC(494) Pause Young (Mixed) (G1 Evacuation Pause)
[248.130s][info][gc,task     ] GC(494) Using 2 workers of 2 for evacuation
[248.176s][info][gc,phases   ] GC(494)   Pre Evacuate Collection Set: 0.20ms
[248.176s][info][gc,phases   ] GC(494)   Merge Heap Roots: 0.19ms
[248.176s][info][gc,phases   ] GC(494)   Evacuate Collection Set: 44.26ms
[248.176s][info][gc,phases   ] GC(494)   Post Evacuate Collection Set: 0.45ms
[248.176s][info][gc,phases   ] GC(494)   Other: 0.08ms
[248.176s][info][gc,heap     ] GC(494) Eden regions: 183->0(179)
[248.176s][info][gc,heap     ] GC(494) Survivor regions: 26->11(27)
[248.176s][info][gc,heap     ] GC(494) Old regions: 101->124
[248.176s][info][gc,heap     ] GC(494) Humongous regions: 17->15
[248.176s][info][gc,metaspace] GC(494) Metaspace: 42498K(42880K)->42498K(42880K) NonClass: 39682K(39936K)->39682K(39936K) Class: 2815K(2944K)->2815K(2944K)
[248.176s][info][gc          ] GC(494) Pause Young (Mixed) (G1 Evacuation Pause) 327M->149M(377M) 45.380ms
[248.176s][info][gc,cpu      ] GC(494) User=0.09s Sys=0.00s Real=0.05s
[249.064s][info][gc,start    ] GC(495) Pause Young (Concurrent Start) (G1 Evacuation Pause)
[249.064s][info][gc,task     ] GC(495) Using 2 workers of 2 for evacuation
[249.071s][info][gc,phases   ] GC(495)   Pre Evacuate Collection Set: 0.21ms
[249.071s][info][gc,phases   ] GC(495)   Merge Heap Roots: 0.08ms
[249.072s][info][gc,phases   ] GC(495)   Evacuate Collection Set: 6.91ms
[249.072s][info][gc,phases   ] GC(495)   Post Evacuate Collection Set: 0.43ms
[249.072s][info][gc,phases   ] GC(495)   Other: 0.09ms
[249.072s][info][gc,heap     ] GC(495) Eden regions: 179->0(185)
[249.072s][info][gc,heap     ] GC(495) Survivor regions: 11->12(24)
[249.072s][info][gc,heap     ] GC(495) Old regions: 124->124
[249.072s][info][gc,heap     ] GC(495) Humongous regions: 15->15
[249.072s][info][gc,metaspace] GC(495) Metaspace: 42498K(42880K)->42498K(42880K) NonClass: 39682K(39936K)->39682K(39936K) Class: 2815K(2944K)->2815K(2944K)
[249.072s][info][gc          ] GC(495) Pause Young (Concurrent Start) (G1 Evacuation Pause) 328M->150M(377M) 7.899ms
[249.072s][info][gc,cpu      ] GC(495) User=0.01s Sys=0.00s Real=0.01s
[249.072s][info][gc          ] GC(496) Concurrent Mark Cycle
[249.072s][info][gc,marking  ] GC(496) Concurrent Scan Root Regions
[249.079s][info][gc,marking  ] GC(496) Concurrent Scan Root Regions 7.242ms
[249.079s][info][gc,marking  ] GC(496) Concurrent Mark
[249.079s][info][gc,marking  ] GC(496) Concurrent Mark From Roots
[249.079s][info][gc,task     ] GC(496) Using 1 workers of 1 for marking
[249.109s][info][gc,marking  ] GC(496) Concurrent Mark From Roots 30.136ms
[249.109s][info][gc,marking  ] GC(496) Concurrent Preclean
[249.109s][info][gc,marking  ] GC(496) Concurrent Preclean 0.045ms
[249.109s][info][gc,start    ] GC(496) Pause Remark
[249.123s][info][gc          ] GC(496) Pause Remark 155M->59M(256M) 14.065ms
[249.123s][info][gc,cpu      ] GC(496) User=0.02s Sys=0.00s Real=0.02s
[249.123s][info][gc,marking  ] GC(496) Concurrent Mark 44.488ms
[249.123s][info][gc,marking  ] GC(496) Concurrent Rebuild Remembered Sets and Scrub Regions
[249.134s][info][gc,marking  ] GC(496) Concurrent Rebuild Remembered Sets and Scrub Regions 10.965ms
[249.135s][info][gc,start    ] GC(496) Pause Cleanup
[249.135s][info][gc          ] GC(496) Pause Cleanup 61M->61M(256M) 0.037ms
[249.135s][info][gc,cpu      ] GC(496) User=0.00s Sys=0.00s Real=0.00s
[249.135s][info][gc,marking  ] GC(496) Concurrent Clear Claimed Marks
[249.135s][info][gc,marking  ] GC(496) Concurrent Clear Claimed Marks 0.032ms
[249.135s][info][gc,marking  ] GC(496) Concurrent Cleanup for Next Mark
[249.135s][info][gc,marking  ] GC(496) Concurrent Cleanup for Next Mark 0.729ms
[249.135s][info][gc          ] GC(496) Concurrent Mark Cycle 63.769ms
[249.874s][info][gc,start    ] GC(497) Pause Young (Prepare Mixed) (G1 Evacuation Pause)
[249.874s][info][gc,task     ] GC(497) Using 2 workers of 2 for evacuation
[249.881s][info][gc,phases   ] GC(497)   Pre Evacuate Collection Set: 0.16ms
[249.881s][info][gc,phases   ] GC(497)   Merge Heap Roots: 0.06ms
[249.881s][info][gc,phases   ] GC(497)   Evacuate Collection Set: 6.04ms
[249.881s][info][gc,phases   ] GC(497)   Post Evacuate Collection Set: 0.41ms
[249.881s][info][gc,phases   ] GC(497)   Other: 0.06ms
[249.881s][info][gc,heap     ] GC(497) Eden regions: 141->0(151)
[249.881s][info][gc,heap     ] GC(497) Survivor regions: 12->2(20)
[249.881s][info][gc,heap     ] GC(497) Old regions: 41->50
[249.881s][info][gc,heap     ] GC(497) Humongous regions: 1->1
[249.881s][info][gc,metaspace] GC(497) Metaspace: 42499K(42880K)->42499K(42880K) NonClass: 39683K(39936K)->39683K(39936K) Class: 2815K(2944K)->2815K(2944K)
[249.881s][info][gc          ] GC(497) Pause Young (Prepare Mixed) (G1 Evacuation Pause) 194M->53M(256M) 6.915ms
[249.881s][info][gc,cpu      ] GC(497) User=0.01s Sys=0.00s Real=0.01s
[250.706s][info][gc,start    ] GC(498) Pause Young (Mixed) (G1 Evacuation Pause)
[250.706s][info][gc,task     ] GC(498) Using 2 workers of 2 for evacuation
[250.720s][info][gc,phases   ] GC(498)   Pre Evacuate Collection Set: 0.15ms
[250.720s][info][gc,phases   ] GC(498)   Merge Heap Roots: 0.07ms
[250.720s][info][gc,phases   ] GC(498)   Evacuate Collection Set: 13.41ms
[250.720s][info][gc,phases   ] GC(498)   Post Evacuate Collection Set: 0.39ms
[250.720s][info][gc,phases   ] GC(498)   Other: 0.07ms
[250.720s][info][gc,heap     ] GC(498) Eden regions: 151->0(139)
[250.720s][info][gc,heap     ] GC(498) Survivor regions: 2->14(20)
[250.720s][info][gc,heap     ] GC(498) Old regions: 50->46
[250.720s][info][gc,heap     ] GC(498) Humongous regions: 1->1
[250.720s][info][gc,metaspace] GC(498) Metaspace: 42499K(42880K)->42499K(42880K) NonClass: 39683K(39936K)->39683K(39936K) Class: 2815K(2944K)->2815K(2944K)
[250.720s][info][gc          ] GC(498) Pause Young (Mixed) (G1 Evacuation Pause) 204M->60M(256M) 14.275ms
[250.720s][info][gc,cpu      ] GC(498) User=0.03s Sys=0.00s Real=0.01s
[251.056s][info][gc,start    ] GC(499) Pause Young (Concurrent Start) (G1 Humongous Allocation)
[251.056s][info][gc,task     ] GC(499) Using 2 workers of 2 for evacuation
[251.073s][info][gc,phases   ] GC(499)   Pre Evacuate Collection Set: 0.16ms
[251.073s][info][gc,phases   ] GC(499)   Merge Heap Roots: 0.07ms
[251.073s][info][gc,phases   ] GC(499)   Evacuate Collection Set: 16.76ms
[251.073s][info][gc,phases   ] GC(499)   Post Evacuate Collection Set: 0.35ms
[251.073s][info][gc,phases   ] GC(499)   Other: 0.08ms
[251.073s][info][gc,heap     ] GC(499) Eden regions: 61->0(145)
[251.073s][info][gc,heap     ] GC(499) Survivor regions: 14->8(20)
[251.073s][info][gc,heap     ] GC(499) Old regions: 46->59
[251.073s][info][gc,heap     ] GC(499) Humongous regions: 1->1
[251.073s][info][gc,metaspace] GC(499) Metaspace: 42499K(42880K)->42499K(42880K) NonClass: 39683K(39936K)->39683K(39936K) Class: 2815K(2944K)->2815K(2944K)
[251.073s][info][gc          ] GC(499) Pause Young (Concurrent Start) (G1 Humongous Allocation) 120M->67M(256M) 17.612ms
[251.073s][info][gc,cpu      ] GC(499) User=0.03s Sys=0.00s Real=0.02s
[251.073s][info][gc          ] GC(500) Concurrent Mark Cycle
[251.073s][info][gc,marking  ] GC(500) Concurrent Scan Root Regions
[251.087s][info][gc,marking  ] GC(500) Concurrent Scan Root Regions 13.553ms
[251.087s][info][gc,marking  ] GC(500) Concurrent Mark
[251.087s][info][gc,marking  ] GC(500) Concurrent Mark From Roots
[251.087s][info][gc,task     ] GC(500) Using 1 workers of 1 for marking
[251.122s][info][gc,marking  ] GC(500) Concurrent Mark From Roots 34.849ms
[251.122s][info][gc,marking  ] GC(500) Concurrent Preclean
[251.122s][info][gc,marking  ] GC(500) Concurrent Preclean 0.031ms
[251.122s][info][gc,start    ] GC(500) Pause Remark
[251.136s][info][gc          ] GC(500) Pause Remark 78M->78M(256M) 13.828ms
[251.136s][info][gc,cpu      ] GC(500) User=0.03s Sys=0.00s Real=0.01s
[251.136s][info][gc,marking  ] GC(500) Concurrent Mark 48.951ms
[251.136s][info][gc,marking  ] GC(500) Concurrent Rebuild Remembered Sets and Scrub Regions
[251.159s][info][gc,marking  ] GC(500) Concurrent Rebuild Remembered Sets and Scrub Regions 22.974ms
[251.159s][info][gc,start    ] GC(500) Pause Cleanup
[251.159s][info][gc          ] GC(500) Pause Cleanup 83M->83M(256M) 0.040ms
[251.159s][info][gc,cpu      ] GC(500) User=0.00s Sys=0.00s Real=0.00s
[251.159s][info][gc,marking  ] GC(500) Concurrent Clear Claimed Marks
[251.159s][info][gc,marking  ] GC(500) Concurrent Clear Claimed Marks 0.034ms
[251.159s][info][gc,marking  ] GC(500) Concurrent Cleanup for Next Mark
[251.160s][info][gc,marking  ] GC(500) Concurrent Cleanup for Next Mark 0.714ms
[251.160s][info][gc          ] GC(500) Concurrent Mark Cycle 86.522ms
[251.872s][info][gc,start    ] GC(501) Pause Young (Prepare Mixed) (G1 Evacuation Pause)
[251.872s][info][gc,task     ] GC(501) Using 2 workers of 2 for evacuation
[251.886s][info][gc,phases   ] GC(501)   Pre Evacuate Collection Set: 0.22ms
[251.886s][info][gc,phases   ] GC(501)   Merge Heap Roots: 0.08ms
[251.886s][info][gc,phases   ] GC(501)   Evacuate Collection Set: 13.49ms
[251.886s][info][gc,phases   ] GC(501)   Post Evacuate Collection Set: 0.41ms
[251.886s][info][gc,phases   ] GC(501)   Other: 0.07ms
[251.886s][info][gc,heap     ] GC(501) Eden regions: 145->0(138)
[251.886s][info][gc,heap     ] GC(501) Survivor regions: 8->15(20)
[251.886s][info][gc,heap     ] GC(501) Old regions: 59->59
[251.887s][info][gc,heap     ] GC(501) Humongous regions: 2->2
[251.887s][info][gc,metaspace] GC(501) Metaspace: 42499K(42880K)->42499K(42880K) NonClass: 39683K(39936K)->39683K(39936K) Class: 2815K(2944K)->2815K(2944K)
[251.887s][info][gc          ] GC(501) Pause Young (Prepare Mixed) (G1 Evacuation Pause) 213M->75M(256M) 15.063ms
[251.887s][info][gc,cpu      ] GC(501) User=0.03s Sys=0.00s Real=0.01s
[252.597s][info][gc,start    ] GC(502) Pause Young (Mixed) (G1 Evacuation Pause)
[252.597s][info][gc,task     ] GC(502) Using 2 workers of 2 for evacuation
[252.623s][info][gc,phases   ] GC(502)   Pre Evacuate Collection Set: 0.17ms
[252.623s][info][gc,phases   ] GC(502)   Merge Heap Roots: 0.10ms
[252.623s][info][gc,phases   ] GC(502)   Evacuate Collection Set: 25.56ms
[252.623s][info][gc,phases   ] GC(502)   Post Evacuate Collection Set: 0.44ms
[252.623s][info][gc,phases   ] GC(502)   Other: 0.09ms
[252.623s][info][gc,heap     ] GC(502) Eden regions: 138->0(140)
[252.623s][info][gc,heap     ] GC(502) Survivor regions: 15->13(20)
[252.623s][info][gc,heap     ] GC(502) Old regions: 59->65
[252.623s][info][gc,heap     ] GC(502) Humongous regions: 2->2
[252.623s][info][gc,metaspace] GC(502) Metaspace: 42499K(42880K)->42499K(42880K) NonClass: 39683K(39936K)->39683K(39936K) Class: 2815K(2944K)->2815K(2944K)
[252.623s][info][gc          ] GC(502) Pause Young (Mixed) (G1 Evacuation Pause) 213M->79M(256M) 26.567ms
[252.623s][info][gc,cpu      ] GC(502) User=0.05s Sys=0.00s Real=0.03s
[252.664s][info][gc,start    ] GC(503) Pause Young (Concurrent Start) (G1 Humongous Allocation)
[252.664s][info][gc,task     ] GC(503) Using 2 workers of 2 for evacuation
[252.677s][info][gc,phases   ] GC(503)   Pre Evacuate Collection Set: 0.16ms
[252.677s][info][gc,phases   ] GC(503)   Merge Heap Roots: 0.05ms
[252.677s][info][gc,phases   ] GC(503)   Evacuate Collection Set: 12.71ms
[252.678s][info][gc,phases   ] GC(503)   Post Evacuate Collection Set: 0.28ms
[252.678s][info][gc,phases   ] GC(503)   Other: 0.10ms
[252.678s][info][gc,heap     ] GC(503) Eden regions: 12->0(137)
[252.678s][info][gc,heap     ] GC(503) Survivor regions: 13->6(20)
[252.678s][info][gc,heap     ] GC(503) Old regions: 65->77
[252.678s][info][gc,heap     ] GC(503) Humongous regions: 2->2
[252.678s][info][gc,metaspace] GC(503) Metaspace: 42499K(42880K)->42499K(42880K) NonClass: 39683K(39936K)->39683K(39936K) Class: 2815K(2944K)->2815K(2944K)
[252.678s][info][gc          ] GC(503) Pause Young (Concurrent Start) (G1 Humongous Allocation) 91M->85M(256M) 13.454ms
[252.678s][info][gc,cpu      ] GC(503) User=0.03s Sys=0.00s Real=0.01s
[252.678s][info][gc          ] GC(504) Concurrent Mark Cycle
[252.678s][info][gc,marking  ] GC(504) Concurrent Scan Root Regions
[252.694s][info][gc,marking  ] GC(504) Concurrent Scan Root Regions 16.790ms
[252.694s][info][gc,marking  ] GC(504) Concurrent Mark
[252.694s][info][gc,marking  ] GC(504) Concurrent Mark From Roots
[252.694s][info][gc,task     ] GC(504) Using 1 workers of 1 for marking
[252.727s][info][gc,marking  ] GC(504) Concurrent Mark From Roots 32.754ms
[252.727s][info][gc,marking  ] GC(504) Concurrent Preclean
[252.727s][info][gc,marking  ] GC(504) Concurrent Preclean 0.030ms
[252.727s][info][gc,start    ] GC(504) Pause Remark
[252.741s][info][gc          ] GC(504) Pause Remark 107M->91M(256M) 13.788ms
[252.741s][info][gc,cpu      ] GC(504) User=0.03s Sys=0.00s Real=0.02s
[252.741s][info][gc,marking  ] GC(504) Concurrent Mark 46.844ms
[252.741s][info][gc,marking  ] GC(504) Concurrent Rebuild Remembered Sets and Scrub Regions
[252.764s][info][gc,marking  ] GC(504) Concurrent Rebuild Remembered Sets and Scrub Regions 22.811ms
[252.764s][info][gc,start    ] GC(504) Pause Cleanup
[252.764s][info][gc          ] GC(504) Pause Cleanup 100M->100M(256M) 0.044ms
[252.764s][info][gc,cpu      ] GC(504) User=0.00s Sys=0.00s Real=0.00s
[252.764s][info][gc,marking  ] GC(504) Concurrent Clear Claimed Marks
[252.764s][info][gc,marking  ] GC(504) Concurrent Clear Claimed Marks 0.034ms
[252.764s][info][gc,marking  ] GC(504) Concurrent Cleanup for Next Mark
[252.765s][info][gc,marking  ] GC(504) Concurrent Cleanup for Next Mark 0.737ms
[252.765s][info][gc          ] GC(504) Concurrent Mark Cycle 87.546ms
[253.012s][info][gc,start    ] GC(505) Pause Young (Prepare Mixed) (G1 Evacuation Pause)
[253.012s][info][gc,task     ] GC(505) Using 2 workers of 2 for evacuation
[253.030s][info][gc,phases   ] GC(505)   Pre Evacuate Collection Set: 0.17ms
[253.030s][info][gc,phases   ] GC(505)   Merge Heap Roots: 0.10ms
[253.030s][info][gc,phases   ] GC(505)   Evacuate Collection Set: 17.85ms
[253.030s][info][gc,phases   ] GC(505)   Post Evacuate Collection Set: 0.39ms
[253.030s][info][gc,phases   ] GC(505)   Other: 0.09ms
[253.030s][info][gc,heap     ] GC(505) Eden regions: 137->0(135)
[253.030s][info][gc,heap     ] GC(505) Survivor regions: 6->18(18)
[253.030s][info][gc,heap     ] GC(505) Old regions: 62->62
[253.030s][info][gc,heap     ] GC(505) Humongous regions: 4->4
[253.031s][info][gc,metaspace] GC(505) Metaspace: 42499K(42880K)->42499K(42880K) NonClass: 39683K(39936K)->39683K(39936K) Class: 2815K(2944K)->2815K(2944K)
[253.031s][info][gc          ] GC(505) Pause Young (Prepare Mixed) (G1 Evacuation Pause) 209M->84M(256M) 18.777ms
[253.031s][info][gc,cpu      ] GC(505) User=0.04s Sys=0.00s Real=0.01s
[253.350s][info][gc,start    ] GC(506) Pause Young (Mixed) (G1 Evacuation Pause)
[253.350s][info][gc,task     ] GC(506) Using 2 workers of 2 for evacuation
[253.408s][info][gc,phases   ] GC(506)   Pre Evacuate Collection Set: 0.24ms
[253.408s][info][gc,phases   ] GC(506)   Merge Heap Roots: 0.28ms
[253.408s][info][gc,phases   ] GC(506)   Evacuate Collection Set: 56.27ms
[253.408s][info][gc,phases   ] GC(506)   Post Evacuate Collection Set: 0.47ms
[253.408s][info][gc,phases   ] GC(506)   Other: 0.08ms
[253.408s][info][gc,heap     ] GC(506) Eden regions: 135->0(131)
[253.408s][info][gc,heap     ] GC(506) Survivor regions: 18->17(20)
[253.408s][info][gc,heap     ] GC(506) Old regions: 62->65
[253.408s][info][gc,heap     ] GC(506) Humongous regions: 6->6
[253.408s][info][gc,metaspace] GC(506) Metaspace: 42499K(42880K)->42499K(42880K) NonClass: 39683K(39936K)->39683K(39936K) Class: 2815K(2944K)->2815K(2944K)
[253.408s][info][gc          ] GC(506) Pause Young (Mixed) (G1 Evacuation Pause) 221M->87M(257M) 57.558ms
[253.408s][info][gc,cpu      ] GC(506) User=0.09s Sys=0.00s Real=0.06s
[253.687s][info][gc,start    ] GC(507) Pause Young (Concurrent Start) (G1 Evacuation Pause)
[253.687s][info][gc,task     ] GC(507) Using 2 workers of 2 for evacuation
[253.721s][info][gc,phases   ] GC(507)   Pre Evacuate Collection Set: 0.26ms
[253.721s][info][gc,phases   ] GC(507)   Merge Heap Roots: 0.08ms
[253.721s][info][gc,phases   ] GC(507)   Evacuate Collection Set: 32.61ms
[253.721s][info][gc,phases   ] GC(507)   Post Evacuate Collection Set: 0.39ms
[253.721s][info][gc,phases   ] GC(507)   Other: 0.09ms
[253.721s][info][gc,heap     ] GC(507) Eden regions: 131->0(119)
[253.721s][info][gc,heap     ] GC(507) Survivor regions: 17->16(19)
[253.721s][info][gc,heap     ] GC(507) Old regions: 65->81
[253.721s][info][gc,heap     ] GC(507) Humongous regions: 6->6
[253.721s][info][gc,metaspace] GC(507) Metaspace: 42499K(42880K)->42499K(42880K) NonClass: 39683K(39936K)->39683K(39936K) Class: 2815K(2944K)->2815K(2944K)
[253.721s][info][gc          ] GC(507) Pause Young (Concurrent Start) (G1 Evacuation Pause) 218M->102M(257M) 33.625ms
[253.721s][info][gc,cpu      ] GC(507) User=0.07s Sys=0.00s Real=0.03s
[253.721s][info][gc          ] GC(508) Concurrent Mark Cycle
[253.721s][info][gc,marking  ] GC(508) Concurrent Scan Root Regions
[253.743s][info][gc,marking  ] GC(508) Concurrent Scan Root Regions 21.886ms
[253.743s][info][gc,marking  ] GC(508) Concurrent Mark
[253.743s][info][gc,marking  ] GC(508) Concurrent Mark From Roots
[253.743s][info][gc,task     ] GC(508) Using 1 workers of 1 for marking
[253.798s][info][gc,marking  ] GC(508) Concurrent Mark From Roots 54.845ms
[253.798s][info][gc,marking  ] GC(508) Concurrent Preclean
[253.798s][info][gc,marking  ] GC(508) Concurrent Preclean 0.033ms
[253.798s][info][gc,start    ] GC(508) Pause Remark
[253.812s][info][gc          ] GC(508) Pause Remark 137M->133M(257M) 14.000ms
[253.812s][info][gc,cpu      ] GC(508) User=0.03s Sys=0.00s Real=0.02s
[253.812s][info][gc,marking  ] GC(508) Concurrent Mark 69.143ms
[253.812s][info][gc,marking  ] GC(508) Concurrent Rebuild Remembered Sets and Scrub Regions
[253.849s][info][gc,marking  ] GC(508) Concurrent Rebuild Remembered Sets and Scrub Regions 36.642ms
[253.849s][info][gc,start    ] GC(508) Pause Cleanup
[253.849s][info][gc          ] GC(508) Pause Cleanup 150M->150M(257M) 0.040ms
[253.849s][info][gc,cpu      ] GC(508) User=0.00s Sys=0.00s Real=0.00s
[253.849s][info][gc,marking  ] GC(508) Concurrent Clear Claimed Marks
[253.849s][info][gc,marking  ] GC(508) Concurrent Clear Claimed Marks 0.035ms
[253.849s][info][gc,marking  ] GC(508) Concurrent Cleanup for Next Mark
[253.850s][info][gc,marking  ] GC(508) Concurrent Cleanup for Next Mark 0.755ms
[253.850s][info][gc          ] GC(508) Concurrent Mark Cycle 128.899ms
[253.993s][info][gc,start    ] GC(509) Pause Young (Prepare Mixed) (G1 Evacuation Pause)
[253.993s][info][gc,task     ] GC(509) Using 2 workers of 2 for evacuation
[254.022s][info][gc,phases   ] GC(509)   Pre Evacuate Collection Set: 0.15ms
[254.022s][info][gc,phases   ] GC(509)   Merge Heap Roots: 0.07ms
[254.022s][info][gc,phases   ] GC(509)   Evacuate Collection Set: 28.58ms
[254.022s][info][gc,phases   ] GC(509)   Post Evacuate Collection Set: 0.37ms
[254.022s][info][gc,phases   ] GC(509)   Other: 0.08ms
[254.022s][info][gc,heap     ] GC(509) Eden regions: 119->0(111)
[254.022s][info][gc,heap     ] GC(509) Survivor regions: 16->14(17)
[254.022s][info][gc,heap     ] GC(509) Old regions: 78->94
[254.022s][info][gc,heap     ] GC(509) Humongous regions: 5->5
[254.022s][info][gc,metaspace] GC(509) Metaspace: 42499K(42880K)->42499K(42880K) NonClass: 39683K(39936K)->39683K(39936K) Class: 2815K(2944K)->2815K(2944K)
[254.023s][info][gc          ] GC(509) Pause Young (Prepare Mixed) (G1 Evacuation Pause) 217M->112M(257M) 29.473ms
[254.023s][info][gc,cpu      ] GC(509) User=0.06s Sys=0.00s Real=0.03s
[254.297s][info][gc,start    ] GC(510) Pause Young (Mixed) (G1 Evacuation Pause)
[254.297s][info][gc,task     ] GC(510) Using 2 workers of 2 for evacuation
[254.331s][info][gc,phases   ] GC(510)   Pre Evacuate Collection Set: 0.16ms
[254.331s][info][gc,phases   ] GC(510)   Merge Heap Roots: 0.13ms
[254.331s][info][gc,phases   ] GC(510)   Evacuate Collection Set: 33.45ms
[254.331s][info][gc,phases   ] GC(510)   Post Evacuate Collection Set: 0.39ms
[254.331s][info][gc,phases   ] GC(510)   Other: 0.07ms
[254.331s][info][gc,heap     ] GC(510) Eden regions: 111->0(106)
[254.332s][info][gc,heap     ] GC(510) Survivor regions: 14->13(16)
[254.332s][info][gc,heap     ] GC(510) Old regions: 94->98
[254.332s][info][gc,heap     ] GC(510) Humongous regions: 9->9
[254.332s][info][gc,metaspace] GC(510) Metaspace: 42499K(42880K)->42499K(42880K) NonClass: 39683K(39936K)->39683K(39936K) Class: 2815K(2944K)->2815K(2944K)
[254.332s][info][gc          ] GC(510) Pause Young (Mixed) (G1 Evacuation Pause) 227M->119M(257M) 34.398ms
[254.332s][info][gc,cpu      ] GC(510) User=0.07s Sys=0.00s Real=0.04s
[254.653s][info][gc,start    ] GC(511) Pause Young (Concurrent Start) (G1 Humongous Allocation)
[254.653s][info][gc,task     ] GC(511) Using 2 workers of 2 for evacuation
[254.689s][info][gc,phases   ] GC(511)   Pre Evacuate Collection Set: 0.18ms
[254.689s][info][gc,phases   ] GC(511)   Merge Heap Roots: 0.11ms
[254.689s][info][gc,phases   ] GC(511)   Evacuate Collection Set: 34.37ms
[254.689s][info][gc,phases   ] GC(511)   Post Evacuate Collection Set: 1.43ms
[254.689s][info][gc,phases   ] GC(511)   Other: 0.18ms
[254.689s][info][gc,heap     ] GC(511) Eden regions: 80->0(191)
[254.689s][info][gc,heap     ] GC(511) Survivor regions: 13->15(15)
[254.689s][info][gc,heap     ] GC(511) Old regions: 98->114
[254.689s][info][gc,heap     ] GC(511) Humongous regions: 9->9
[254.689s][info][gc,metaspace] GC(511) Metaspace: 42499K(42880K)->42499K(42880K) NonClass: 39683K(39936K)->39683K(39936K) Class: 2815K(2944K)->2815K(2944K)
[254.689s][info][gc          ] GC(511) Pause Young (Concurrent Start) (G1 Humongous Allocation) 199M->138M(402M) 36.489ms
[254.689s][info][gc,cpu      ] GC(511) User=0.07s Sys=0.00s Real=0.03s
[254.689s][info][gc          ] GC(512) Concurrent Mark Cycle
[254.689s][info][gc,marking  ] GC(512) Concurrent Scan Root Regions
[254.727s][info][gc,marking  ] GC(512) Concurrent Scan Root Regions 38.029ms
[254.727s][info][gc,marking  ] GC(512) Concurrent Mark
[254.727s][info][gc,marking  ] GC(512) Concurrent Mark From Roots
[254.727s][info][gc,task     ] GC(512) Using 1 workers of 1 for marking
[254.842s][info][gc,marking  ] GC(512) Concurrent Mark From Roots 114.527ms
[254.842s][info][gc,marking  ] GC(512) Concurrent Preclean
[254.842s][info][gc,marking  ] GC(512) Concurrent Preclean 0.041ms
[254.843s][info][gc,start    ] GC(512) Pause Remark
[254.857s][info][gc          ] GC(512) Pause Remark 150M->148M(402M) 13.970ms
[254.857s][info][gc,cpu      ] GC(512) User=0.03s Sys=0.00s Real=0.01s
[254.857s][info][gc,marking  ] GC(512) Concurrent Mark 130.048ms
[254.857s][info][gc,marking  ] GC(512) Concurrent Rebuild Remembered Sets and Scrub Regions
[254.925s][info][gc,marking  ] GC(512) Concurrent Rebuild Remembered Sets and Scrub Regions 67.388ms
[254.927s][info][gc,start    ] GC(512) Pause Cleanup
[254.927s][info][gc          ] GC(512) Pause Cleanup 156M->156M(402M) 0.070ms
[254.927s][info][gc,cpu      ] GC(512) User=0.00s Sys=0.00s Real=0.00s
[254.927s][info][gc,marking  ] GC(512) Concurrent Clear Claimed Marks
[254.927s][info][gc,marking  ] GC(512) Concurrent Clear Claimed Marks 0.070ms
[254.927s][info][gc,marking  ] GC(512) Concurrent Cleanup for Next Mark
[254.930s][info][gc,marking  ] GC(512) Concurrent Cleanup for Next Mark 2.609ms
[254.930s][info][gc          ] GC(512) Concurrent Mark Cycle 241.053ms
[256.084s][info][gc,start    ] GC(513) Pause Young (Prepare Mixed) (G1 Evacuation Pause)
[256.084s][info][gc,task     ] GC(513) Using 2 workers of 2 for evacuation
[256.118s][info][gc,phases   ] GC(513)   Pre Evacuate Collection Set: 0.22ms
[256.118s][info][gc,phases   ] GC(513)   Merge Heap Roots: 0.21ms
[256.118s][info][gc,phases   ] GC(513)   Evacuate Collection Set: 33.28ms
[256.118s][info][gc,phases   ] GC(513)   Post Evacuate Collection Set: 0.49ms
[256.118s][info][gc,phases   ] GC(513)   Other: 0.07ms
[256.118s][info][gc,heap     ] GC(513) Eden regions: 191->0(180)
[256.118s][info][gc,heap     ] GC(513) Survivor regions: 15->20(26)
[256.118s][info][gc,heap     ] GC(513) Old regions: 114->123
[256.118s][info][gc,heap     ] GC(513) Humongous regions: 15->13
[256.118s][info][gc,metaspace] GC(513) Metaspace: 42499K(42880K)->42499K(42880K) NonClass: 39683K(39936K)->39683K(39936K) Class: 2815K(2944K)->2815K(2944K)
[256.118s][info][gc          ] GC(513) Pause Young (Prepare Mixed) (G1 Evacuation Pause) 335M->155M(402M) 34.460ms
[256.118s][info][gc,cpu      ] GC(513) User=0.07s Sys=0.00s Real=0.03s
[256.965s][info][gc,start    ] GC(514) Pause Young (Mixed) (G1 Evacuation Pause)
[256.965s][info][gc,task     ] GC(514) Using 2 workers of 2 for evacuation
[256.992s][info][gc,phases   ] GC(514)   Pre Evacuate Collection Set: 0.21ms
[256.992s][info][gc,phases   ] GC(514)   Merge Heap Roots: 0.13ms
[256.992s][info][gc,phases   ] GC(514)   Evacuate Collection Set: 25.89ms
[256.992s][info][gc,phases   ] GC(514)   Post Evacuate Collection Set: 0.78ms
[256.992s][info][gc,phases   ] GC(514)   Other: 0.08ms
[256.992s][info][gc,heap     ] GC(514) Eden regions: 180->0(184)
[256.992s][info][gc,heap     ] GC(514) Survivor regions: 20->12(25)
[256.992s][info][gc,heap     ] GC(514) Old regions: 123->132
[256.992s][info][gc,heap     ] GC(514) Humongous regions: 13->13
[256.992s][info][gc,metaspace] GC(514) Metaspace: 42499K(42880K)->42499K(42880K) NonClass: 39683K(39936K)->39683K(39936K) Class: 2815K(2944K)->2815K(2944K)
[256.992s][info][gc          ] GC(514) Pause Young (Mixed) (G1 Evacuation Pause) 335M->156M(402M) 27.307ms
[256.992s][info][gc,cpu      ] GC(514) User=0.05s Sys=0.00s Real=0.03s
[258.010s][info][gc,start    ] GC(515) Pause Young (Concurrent Start) (G1 Evacuation Pause)
[258.010s][info][gc,task     ] GC(515) Using 2 workers of 2 for evacuation
[258.038s][info][gc,phases   ] GC(515)   Pre Evacuate Collection Set: 0.21ms
[258.039s][info][gc,phases   ] GC(515)   Merge Heap Roots: 0.07ms
[258.039s][info][gc,phases   ] GC(515)   Evacuate Collection Set: 27.57ms
[258.039s][info][gc,phases   ] GC(515)   Post Evacuate Collection Set: 0.45ms
[258.039s][info][gc,phases   ] GC(515)   Other: 0.20ms
[258.039s][info][gc,heap     ] GC(515) Eden regions: 184->0(172)
[258.039s][info][gc,heap     ] GC(515) Survivor regions: 12->25(25)
[258.039s][info][gc,heap     ] GC(515) Old regions: 132->138
[258.039s][info][gc,heap     ] GC(515) Humongous regions: 13->13
[258.039s][info][gc,metaspace] GC(515) Metaspace: 42499K(42880K)->42499K(42880K) NonClass: 39683K(39936K)->39683K(39936K) Class: 2815K(2944K)->2815K(2944K)
[258.039s][info][gc          ] GC(515) Pause Young (Concurrent Start) (G1 Evacuation Pause) 340M->176M(402M) 28.678ms
[258.039s][info][gc,cpu      ] GC(515) User=0.06s Sys=0.00s Real=0.03s
[258.039s][info][gc          ] GC(516) Concurrent Mark Cycle
[258.039s][info][gc,marking  ] GC(516) Concurrent Scan Root Regions
[258.059s][info][gc,marking  ] GC(516) Concurrent Scan Root Regions 19.739ms
[258.059s][info][gc,marking  ] GC(516) Concurrent Mark
[258.059s][info][gc,marking  ] GC(516) Concurrent Mark From Roots
[258.059s][info][gc,task     ] GC(516) Using 1 workers of 1 for marking
[258.095s][info][gc,marking  ] GC(516) Concurrent Mark From Roots 36.783ms
[258.095s][info][gc,marking  ] GC(516) Concurrent Preclean
[258.095s][info][gc,marking  ] GC(516) Concurrent Preclean 0.034ms
[258.096s][info][gc,start    ] GC(516) Pause Remark
[258.109s][info][gc          ] GC(516) Pause Remark 186M->87M(257M) 13.883ms
[258.109s][info][gc,cpu      ] GC(516) User=0.02s Sys=0.00s Real=0.01s
[258.110s][info][gc,marking  ] GC(516) Concurrent Mark 50.979ms
[258.110s][info][gc,marking  ] GC(516) Concurrent Rebuild Remembered Sets and Scrub Regions
[258.127s][info][gc,marking  ] GC(516) Concurrent Rebuild Remembered Sets and Scrub Regions 17.523ms
[258.127s][info][gc,start    ] GC(516) Pause Cleanup
[258.127s][info][gc          ] GC(516) Pause Cleanup 90M->90M(257M) 0.038ms
[258.127s][info][gc,cpu      ] GC(516) User=0.00s Sys=0.00s Real=0.00s
[258.127s][info][gc,marking  ] GC(516) Concurrent Clear Claimed Marks
[258.127s][info][gc,marking  ] GC(516) Concurrent Clear Claimed Marks 0.036ms
[258.127s][info][gc,marking  ] GC(516) Concurrent Cleanup for Next Mark
[258.128s][info][gc,marking  ] GC(516) Concurrent Cleanup for Next Mark 0.723ms
[258.128s][info][gc          ] GC(516) Concurrent Mark Cycle 89.450ms
[258.696s][info][gc,start    ] GC(517) Pause Young (Prepare Mixed) (G1 Evacuation Pause)
[258.696s][info][gc,task     ] GC(517) Using 2 workers of 2 for evacuation
[258.712s][info][gc,phases   ] GC(517)   Pre Evacuate Collection Set: 0.16ms
[258.712s][info][gc,phases   ] GC(517)   Merge Heap Roots: 0.11ms
[258.712s][info][gc,phases   ] GC(517)   Evacuate Collection Set: 14.80ms
[258.712s][info][gc,phases   ] GC(517)   Post Evacuate Collection Set: 0.38ms
[258.712s][info][gc,phases   ] GC(517)   Other: 0.07ms
[258.712s][info][gc,heap     ] GC(517) Eden regions: 129->0(142)
[258.712s][info][gc,heap     ] GC(517) Survivor regions: 25->12(20)
[258.712s][info][gc,heap     ] GC(517) Old regions: 51->56
[258.712s][info][gc,heap     ] GC(517) Humongous regions: 1->1
[258.712s][info][gc,metaspace] GC(517) Metaspace: 42499K(42880K)->42499K(42880K) NonClass: 39683K(39936K)->39683K(39936K) Class: 2815K(2944K)->2815K(2944K)
[258.712s][info][gc          ] GC(517) Pause Young (Prepare Mixed) (G1 Evacuation Pause) 206M->68M(257M) 15.703ms
[258.712s][info][gc,cpu      ] GC(517) User=0.04s Sys=0.00s Real=0.02s
[259.502s][info][gc,start    ] GC(518) Pause Young (Mixed) (G1 Evacuation Pause)
[259.502s][info][gc,task     ] GC(518) Using 2 workers of 2 for evacuation
[259.524s][info][gc,phases   ] GC(518)   Pre Evacuate Collection Set: 0.18ms
[259.524s][info][gc,phases   ] GC(518)   Merge Heap Roots: 0.07ms
[259.524s][info][gc,phases   ] GC(518)   Evacuate Collection Set: 21.28ms
[259.524s][info][gc,phases   ] GC(518)   Post Evacuate Collection Set: 0.39ms
[259.524s][info][gc,phases   ] GC(518)   Other: 0.07ms
[259.524s][info][gc,heap     ] GC(518) Eden regions: 142->0(138)
[259.524s][info][gc,heap     ] GC(518) Survivor regions: 12->14(20)
[259.524s][info][gc,heap     ] GC(518) Old regions: 56->62
[259.524s][info][gc,heap     ] GC(518) Humongous regions: 2->2
[259.524s][info][gc,metaspace] GC(518) Metaspace: 42499K(42880K)->42499K(42880K) NonClass: 39683K(39936K)->39683K(39936K) Class: 2815K(2944K)->2815K(2944K)
[259.524s][info][gc          ] GC(518) Pause Young (Mixed) (G1 Evacuation Pause) 211M->77M(257M) 22.187ms
[259.524s][info][gc,cpu      ] GC(518) User=0.04s Sys=0.00s Real=0.02s
[260.249s][info][gc,start    ] GC(519) Pause Young (Concurrent Start) (G1 Evacuation Pause)
[260.249s][info][gc,task     ] GC(519) Using 2 workers of 2 for evacuation
[260.273s][info][gc,phases   ] GC(519)   Pre Evacuate Collection Set: 0.16ms
[260.273s][info][gc,phases   ] GC(519)   Merge Heap Roots: 0.07ms
[260.273s][info][gc,phases   ] GC(519)   Evacuate Collection Set: 22.86ms
[260.273s][info][gc,phases   ] GC(519)   Post Evacuate Collection Set: 0.39ms
[260.273s][info][gc,phases   ] GC(519)   Other: 0.09ms
[260.273s][info][gc,heap     ] GC(519) Eden regions: 138->0(128)
[260.273s][info][gc,heap     ] GC(519) Survivor regions: 14->14(19)
[260.273s][info][gc,heap     ] GC(519) Old regions: 62->76
[260.273s][info][gc,heap     ] GC(519) Humongous regions: 2->2
[260.273s][info][gc,metaspace] GC(519) Metaspace: 42499K(42880K)->42499K(42880K) NonClass: 39683K(39936K)->39683K(39936K) Class: 2815K(2944K)->2815K(2944K)
[260.273s][info][gc          ] GC(519) Pause Young (Concurrent Start) (G1 Evacuation Pause) 215M->91M(257M) 23.783ms
[260.273s][info][gc,cpu      ] GC(519) User=0.05s Sys=0.00s Real=0.03s
[260.273s][info][gc          ] GC(520) Concurrent Mark Cycle
[260.273s][info][gc,marking  ] GC(520) Concurrent Scan Root Regions
[260.305s][info][gc,marking  ] GC(520) Concurrent Scan Root Regions 31.503ms
[260.305s][info][gc,marking  ] GC(520) Concurrent Mark
[260.305s][info][gc,marking  ] GC(520) Concurrent Mark From Roots
[260.305s][info][gc,task     ] GC(520) Using 1 workers of 1 for marking
[260.343s][info][gc,marking  ] GC(520) Concurrent Mark From Roots 38.344ms
[260.343s][info][gc,marking  ] GC(520) Concurrent Preclean
[260.343s][info][gc,marking  ] GC(520) Concurrent Preclean 0.048ms
[260.343s][info][gc,start    ] GC(520) Pause Remark
[260.358s][info][gc          ] GC(520) Pause Remark 101M->98M(257M) 14.403ms
[260.358s][info][gc,cpu      ] GC(520) User=0.03s Sys=0.00s Real=0.01s
[260.358s][info][gc,marking  ] GC(520) Concurrent Mark 53.052ms
[260.358s][info][gc,marking  ] GC(520) Concurrent Rebuild Remembered Sets and Scrub Regions
[260.383s][info][gc,marking  ] GC(520) Concurrent Rebuild Remembered Sets and Scrub Regions 25.193ms
[260.383s][info][gc,start    ] GC(520) Pause Cleanup
[260.383s][info][gc          ] GC(520) Pause Cleanup 103M->103M(257M) 0.047ms
[260.383s][info][gc,cpu      ] GC(520) User=0.00s Sys=0.00s Real=0.00s
[260.383s][info][gc,marking  ] GC(520) Concurrent Clear Claimed Marks
[260.383s][info][gc,marking  ] GC(520) Concurrent Clear Claimed Marks 0.034ms
[260.383s][info][gc,marking  ] GC(520) Concurrent Cleanup for Next Mark
[260.384s][info][gc,marking  ] GC(520) Concurrent Cleanup for Next Mark 0.718ms
[260.384s][info][gc          ] GC(520) Concurrent Mark Cycle 110.893ms
[260.848s][info][gc,start    ] GC(521) Pause Young (Prepare Mixed) (G1 Evacuation Pause)
[260.848s][info][gc,task     ] GC(521) Using 2 workers of 2 for evacuation
[260.867s][info][gc,phases   ] GC(521)   Pre Evacuate Collection Set: 0.17ms
[260.867s][info][gc,phases   ] GC(521)   Merge Heap Roots: 0.07ms
[260.867s][info][gc,phases   ] GC(521)   Evacuate Collection Set: 18.22ms
[260.867s][info][gc,phases   ] GC(521)   Post Evacuate Collection Set: 0.40ms
[260.867s][info][gc,phases   ] GC(521)   Other: 0.07ms
[260.867s][info][gc,heap     ] GC(521) Eden regions: 128->0(117)
[260.867s][info][gc,heap     ] GC(521) Survivor regions: 14->18(18)
[260.867s][info][gc,heap     ] GC(521) Old regions: 73->78
[260.867s][info][gc,heap     ] GC(521) Humongous regions: 6->4
[260.867s][info][gc,metaspace] GC(521) Metaspace: 42504K(42880K)->42504K(42880K) NonClass: 39688K(39936K)->39688K(39936K) Class: 2815K(2944K)->2815K(2944K)
[260.867s][info][gc          ] GC(521) Pause Young (Prepare Mixed) (G1 Evacuation Pause) 220M->99M(257M) 19.104ms
[260.867s][info][gc,cpu      ] GC(521) User=0.03s Sys=0.00s Real=0.02s
[261.334s][info][gc,start    ] GC(522) Pause Young (Mixed) (G1 Evacuation Pause)
[261.334s][info][gc,task     ] GC(522) Using 2 workers of 2 for evacuation
[261.349s][info][gc,phases   ] GC(522)   Pre Evacuate Collection Set: 0.16ms
[261.349s][info][gc,phases   ] GC(522)   Merge Heap Roots: 0.16ms
[261.349s][info][gc,phases   ] GC(522)   Evacuate Collection Set: 13.63ms
[261.349s][info][gc,phases   ] GC(522)   Post Evacuate Collection Set: 0.56ms
[261.349s][info][gc,phases   ] GC(522)   Other: 0.07ms
[261.349s][info][gc,heap     ] GC(522) Eden regions: 117->0(143)
[261.349s][info][gc,heap     ] GC(522) Survivor regions: 18->3(17)
[261.349s][info][gc,heap     ] GC(522) Old regions: 78->68
[261.349s][info][gc,heap     ] GC(522) Humongous regions: 16->4
[261.349s][info][gc,metaspace] GC(522) Metaspace: 42517K(42944K)->42517K(42944K) NonClass: 39701K(40000K)->39701K(40000K) Class: 2815K(2944K)->2815K(2944K)
[261.349s][info][gc          ] GC(522) Pause Young (Mixed) (G1 Evacuation Pause) 228M->74M(257M) 14.771ms
[261.349s][info][gc,cpu      ] GC(522) User=0.03s Sys=0.00s Real=0.01s
[261.381s][info][gc,start    ] GC(523) Pause Young (Concurrent Start) (G1 Humongous Allocation)
[261.381s][info][gc,task     ] GC(523) Using 2 workers of 2 for evacuation
[261.383s][info][gc,phases   ] GC(523)   Pre Evacuate Collection Set: 0.16ms
[261.383s][info][gc,phases   ] GC(523)   Merge Heap Roots: 0.03ms
[261.383s][info][gc,phases   ] GC(523)   Evacuate Collection Set: 1.09ms
[261.383s][info][gc,phases   ] GC(523)   Post Evacuate Collection Set: 0.26ms
[261.383s][info][gc,phases   ] GC(523)   Other: 0.07ms
[261.383s][info][gc,heap     ] GC(523) Eden regions: 10->0(152)
[261.383s][info][gc,heap     ] GC(523) Survivor regions: 3->2(19)
[261.383s][info][gc,heap     ] GC(523) Old regions: 68->68
[261.383s][info][gc,heap     ] GC(523) Humongous regions: 4->2
[261.383s][info][gc,metaspace] GC(523) Metaspace: 42517K(42944K)->42517K(42944K) NonClass: 39701K(40000K)->39701K(40000K) Class: 2815K(2944K)->2815K(2944K)
[261.383s][info][gc          ] GC(523) Pause Young (Concurrent Start) (G1 Humongous Allocation) 84M->71M(257M) 1.753ms
[261.383s][info][gc,cpu      ] GC(523) User=0.00s Sys=0.00s Real=0.00s
[261.383s][info][gc          ] GC(524) Concurrent Mark Cycle
[261.383s][info][gc,marking  ] GC(524) Concurrent Scan Root Regions
[261.384s][info][gc,marking  ] GC(524) Concurrent Scan Root Regions 1.106ms
[261.384s][info][gc,marking  ] GC(524) Concurrent Mark
[261.384s][info][gc,marking  ] GC(524) Concurrent Mark From Roots
[261.384s][info][gc,task     ] GC(524) Using 1 workers of 1 for marking
[261.424s][info][gc,marking  ] GC(524) Concurrent Mark From Roots 39.620ms
[261.424s][info][gc,marking  ] GC(524) Concurrent Preclean
[261.424s][info][gc,marking  ] GC(524) Concurrent Preclean 0.034ms
[261.424s][info][gc,start    ] GC(524) Pause Remark
[261.438s][info][gc          ] GC(524) Pause Remark 80M->69M(256M) 13.648ms
[261.438s][info][gc,cpu      ] GC(524) User=0.02s Sys=0.00s Real=0.01s
[261.438s][info][gc,marking  ] GC(524) Concurrent Mark 53.626ms
[261.438s][info][gc,marking  ] GC(524) Concurrent Rebuild Remembered Sets and Scrub Regions
[261.456s][info][gc,marking  ] GC(524) Concurrent Rebuild Remembered Sets and Scrub Regions 17.962ms
[261.456s][info][gc,start    ] GC(524) Pause Cleanup
[261.456s][info][gc          ] GC(524) Pause Cleanup 75M->75M(256M) 0.046ms
[261.456s][info][gc,cpu      ] GC(524) User=0.00s Sys=0.00s Real=0.00s
[261.456s][info][gc,marking  ] GC(524) Concurrent Clear Claimed Marks
[261.456s][info][gc,marking  ] GC(524) Concurrent Clear Claimed Marks 0.040ms
[261.456s][info][gc,marking  ] GC(524) Concurrent Cleanup for Next Mark
[261.457s][info][gc,marking  ] GC(524) Concurrent Cleanup for Next Mark 0.732ms
[261.457s][info][gc          ] GC(524) Concurrent Mark Cycle 73.946ms
[262.012s][info][gc,start    ] GC(525) Pause Young (Prepare Mixed) (G1 Evacuation Pause)
[262.012s][info][gc,task     ] GC(525) Using 2 workers of 2 for evacuation
[262.019s][info][gc,phases   ] GC(525)   Pre Evacuate Collection Set: 0.21ms
[262.019s][info][gc,phases   ] GC(525)   Merge Heap Roots: 0.08ms
[262.019s][info][gc,phases   ] GC(525)   Evacuate Collection Set: 5.79ms
[262.019s][info][gc,phases   ] GC(525)   Post Evacuate Collection Set: 0.38ms
[262.019s][info][gc,phases   ] GC(525)   Other: 0.07ms
[262.019s][info][gc,heap     ] GC(525) Eden regions: 151->0(146)
[262.019s][info][gc,heap     ] GC(525) Survivor regions: 2->7(20)
[262.019s][info][gc,heap     ] GC(525) Old regions: 58->58
[262.019s][info][gc,heap     ] GC(525) Humongous regions: 9->3
[262.019s][info][gc,metaspace] GC(525) Metaspace: 42517K(42944K)->42517K(42944K) NonClass: 39701K(40000K)->39701K(40000K) Class: 2815K(2944K)->2815K(2944K)
[262.019s][info][gc          ] GC(525) Pause Young (Prepare Mixed) (G1 Evacuation Pause) 219M->67M(256M) 6.695ms
[262.019s][info][gc,cpu      ] GC(525) User=0.01s Sys=0.00s Real=0.00s
[262.540s][info][gc,start    ] GC(526) Pause Young (Mixed) (G1 Evacuation Pause)
[262.540s][info][gc,task     ] GC(526) Using 2 workers of 2 for evacuation
[262.550s][info][gc,phases   ] GC(526)   Pre Evacuate Collection Set: 0.19ms
[262.550s][info][gc,phases   ] GC(526)   Merge Heap Roots: 0.10ms
[262.550s][info][gc,phases   ] GC(526)   Evacuate Collection Set: 8.94ms
[262.550s][info][gc,phases   ] GC(526)   Post Evacuate Collection Set: 0.44ms
[262.550s][info][gc,phases   ] GC(526)   Other: 0.08ms
[262.550s][info][gc,heap     ] GC(526) Eden regions: 146->0(143)
[262.550s][info][gc,heap     ] GC(526) Survivor regions: 7->10(20)
[262.550s][info][gc,heap     ] GC(526) Old regions: 58->43
[262.550s][info][gc,heap     ] GC(526) Humongous regions: 11->3
[262.550s][info][gc,metaspace] GC(526) Metaspace: 42517K(42944K)->42517K(42944K) NonClass: 39701K(40000K)->39701K(40000K) Class: 2815K(2944K)->2815K(2944K)
[262.550s][info][gc          ] GC(526) Pause Young (Mixed) (G1 Evacuation Pause) 221M->54M(256M) 9.920ms
[262.550s][info][gc,cpu      ] GC(526) User=0.02s Sys=0.00s Real=0.01s
[263.088s][info][gc,start    ] GC(527) Pause Young (Concurrent Start) (G1 Evacuation Pause)
[263.088s][info][gc,task     ] GC(527) Using 2 workers of 2 for evacuation
[263.110s][info][gc,phases   ] GC(527)   Pre Evacuate Collection Set: 0.17ms
[263.110s][info][gc,phases   ] GC(527)   Merge Heap Roots: 0.06ms
[263.110s][info][gc,phases   ] GC(527)   Evacuate Collection Set: 20.76ms
[263.110s][info][gc,phases   ] GC(527)   Post Evacuate Collection Set: 0.43ms
[263.110s][info][gc,phases   ] GC(527)   Other: 0.09ms
[263.110s][info][gc,heap     ] GC(527) Eden regions: 143->0(133)
[263.110s][info][gc,heap     ] GC(527) Survivor regions: 10->20(20)
[263.110s][info][gc,heap     ] GC(527) Old regions: 43->44
[263.110s][info][gc,heap     ] GC(527) Humongous regions: 3->3
[263.110s][info][gc,metaspace] GC(527) Metaspace: 42517K(42944K)->42517K(42944K) NonClass: 39702K(40000K)->39702K(40000K) Class: 2815K(2944K)->2815K(2944K)
[263.110s][info][gc          ] GC(527) Pause Young (Concurrent Start) (G1 Evacuation Pause) 197M->66M(256M) 21.682ms
[263.110s][info][gc,cpu      ] GC(527) User=0.04s Sys=0.00s Real=0.02s
[263.110s][info][gc          ] GC(528) Concurrent Mark Cycle
[263.110s][info][gc,marking  ] GC(528) Concurrent Scan Root Regions
[263.127s][info][gc,marking  ] GC(528) Concurrent Scan Root Regions 16.518ms
[263.127s][info][gc,marking  ] GC(528) Concurrent Mark
[263.127s][info][gc,marking  ] GC(528) Concurrent Mark From Roots
[263.127s][info][gc,task     ] GC(528) Using 1 workers of 1 for marking
[263.184s][info][gc,marking  ] GC(528) Concurrent Mark From Roots 57.275ms
[263.184s][info][gc,marking  ] GC(528) Concurrent Preclean
[263.184s][info][gc,marking  ] GC(528) Concurrent Preclean 0.032ms
[263.184s][info][gc,start    ] GC(528) Pause Remark
[263.198s][info][gc          ] GC(528) Pause Remark 80M->80M(256M) 14.202ms
[263.198s][info][gc,cpu      ] GC(528) User=0.03s Sys=0.00s Real=0.01s
[263.198s][info][gc,marking  ] GC(528) Concurrent Mark 71.819ms
[263.198s][info][gc,marking  ] GC(528) Concurrent Rebuild Remembered Sets and Scrub Regions
[263.231s][info][gc,marking  ] GC(528) Concurrent Rebuild Remembered Sets and Scrub Regions 32.678ms
[263.232s][info][gc,start    ] GC(528) Pause Cleanup
[263.232s][info][gc          ] GC(528) Pause Cleanup 88M->88M(256M) 0.075ms
[263.232s][info][gc,cpu      ] GC(528) User=0.00s Sys=0.00s Real=0.00s
[263.232s][info][gc,marking  ] GC(528) Concurrent Clear Claimed Marks
[263.232s][info][gc,marking  ] GC(528) Concurrent Clear Claimed Marks 0.037ms
[263.232s][info][gc,marking  ] GC(528) Concurrent Cleanup for Next Mark
[263.233s][info][gc,marking  ] GC(528) Concurrent Cleanup for Next Mark 0.748ms
[263.233s][info][gc          ] GC(528) Concurrent Mark Cycle 122.662ms
[263.590s][info][gc,start    ] GC(529) Pause Young (Prepare Mixed) (G1 Evacuation Pause)
[263.590s][info][gc,task     ] GC(529) Using 2 workers of 2 for evacuation
[263.610s][info][gc,phases   ] GC(529)   Pre Evacuate Collection Set: 0.16ms
[263.610s][info][gc,phases   ] GC(529)   Merge Heap Roots: 0.10ms
[263.610s][info][gc,phases   ] GC(529)   Evacuate Collection Set: 19.46ms
[263.610s][info][gc,phases   ] GC(529)   Post Evacuate Collection Set: 0.45ms
[263.610s][info][gc,phases   ] GC(529)   Other: 0.08ms
[263.610s][info][gc,heap     ] GC(529) Eden regions: 133->0(146)
[263.610s][info][gc,heap     ] GC(529) Survivor regions: 20->7(20)
[263.610s][info][gc,heap     ] GC(529) Old regions: 44->59
[263.610s][info][gc,heap     ] GC(529) Humongous regions: 15->3
[263.610s][info][gc,metaspace] GC(529) Metaspace: 42517K(42944K)->42517K(42944K) NonClass: 39702K(40000K)->39702K(40000K) Class: 2815K(2944K)->2815K(2944K)
[263.610s][info][gc          ] GC(529) Pause Young (Prepare Mixed) (G1 Evacuation Pause) 211M->67M(256M) 20.441ms
[263.610s][info][gc,cpu      ] GC(529) User=0.04s Sys=0.00s Real=0.02s
[264.087s][info][gc,start    ] GC(530) Pause Young (Mixed) (G1 Evacuation Pause)
[264.088s][info][gc,task     ] GC(530) Using 2 workers of 2 for evacuation
[264.101s][info][gc,phases   ] GC(530)   Pre Evacuate Collection Set: 0.17ms
[264.101s][info][gc,phases   ] GC(530)   Merge Heap Roots: 0.10ms
[264.101s][info][gc,phases   ] GC(530)   Evacuate Collection Set: 12.68ms
[264.101s][info][gc,phases   ] GC(530)   Post Evacuate Collection Set: 0.50ms
[264.101s][info][gc,phases   ] GC(530)   Other: 0.08ms
[264.101s][info][gc,heap     ] GC(530) Eden regions: 146->0(141)
[264.101s][info][gc,heap     ] GC(530) Survivor regions: 7->12(20)
[264.101s][info][gc,heap     ] GC(530) Old regions: 59->56
[264.101s][info][gc,heap     ] GC(530) Humongous regions: 15->3
[264.101s][info][gc,metaspace] GC(530) Metaspace: 42517K(42944K)->42517K(42944K) NonClass: 39702K(40000K)->39702K(40000K) Class: 2815K(2944K)->2815K(2944K)
[264.101s][info][gc          ] GC(530) Pause Young (Mixed) (G1 Evacuation Pause) 225M->70M(256M) 13.709ms
[264.101s][info][gc,cpu      ] GC(530) User=0.03s Sys=0.00s Real=0.02s
[264.277s][info][gc,start    ] GC(531) Pause Young (Concurrent Start) (G1 Humongous Allocation)
[264.277s][info][gc,task     ] GC(531) Using 2 workers of 2 for evacuation
[264.284s][info][gc,phases   ] GC(531)   Pre Evacuate Collection Set: 0.18ms
[264.284s][info][gc,phases   ] GC(531)   Merge Heap Roots: 0.07ms
[264.284s][info][gc,phases   ] GC(531)   Evacuate Collection Set: 6.07ms
[264.284s][info][gc,phases   ] GC(531)   Post Evacuate Collection Set: 0.31ms
[264.284s][info][gc,phases   ] GC(531)   Other: 0.11ms
[264.284s][info][gc,heap     ] GC(531) Eden regions: 40->0(151)
[264.284s][info][gc,heap     ] GC(531) Survivor regions: 12->2(20)
[264.284s][info][gc,heap     ] GC(531) Old regions: 56->61
[264.284s][info][gc,heap     ] GC(531) Humongous regions: 3->1
[264.284s][info][gc,metaspace] GC(531) Metaspace: 42526K(42944K)->42526K(42944K) NonClass: 39709K(40000K)->39709K(40000K) Class: 2816K(2944K)->2816K(2944K)
[264.284s][info][gc          ] GC(531) Pause Young (Concurrent Start) (G1 Humongous Allocation) 110M->63M(256M) 6.912ms
[264.284s][info][gc          ] GC(532) Concurrent Mark Cycle
[264.284s][info][gc,marking  ] GC(532) Concurrent Scan Root Regions
[264.286s][info][gc,cpu      ] GC(531) User=0.02s Sys=0.00s Real=0.01s
[264.292s][info][gc,marking  ] GC(532) Concurrent Scan Root Regions 7.774ms
[264.292s][info][gc,marking  ] GC(532) Concurrent Mark
[264.292s][info][gc,marking  ] GC(532) Concurrent Mark From Roots
[264.292s][info][gc,task     ] GC(532) Using 1 workers of 1 for marking
[264.358s][info][gc,marking  ] GC(532) Concurrent Mark From Roots 66.420ms
[264.358s][info][gc,marking  ] GC(532) Concurrent Preclean
[264.358s][info][gc,marking  ] GC(532) Concurrent Preclean 0.052ms
[264.358s][info][gc,start    ] GC(532) Pause Remark
[264.373s][info][gc          ] GC(532) Pause Remark 81M->81M(256M) 14.371ms
[264.373s][info][gc,cpu      ] GC(532) User=0.03s Sys=0.00s Real=0.02s
[264.374s][info][gc,marking  ] GC(532) Concurrent Mark 82.706ms
[264.374s][info][gc,marking  ] GC(532) Concurrent Rebuild Remembered Sets and Scrub Regions
[264.404s][info][gc,marking  ] GC(532) Concurrent Rebuild Remembered Sets and Scrub Regions 29.819ms
[264.404s][info][gc,start    ] GC(532) Pause Cleanup
[264.404s][info][gc          ] GC(532) Pause Cleanup 90M->90M(256M) 0.047ms
[264.404s][info][gc,cpu      ] GC(532) User=0.00s Sys=0.00s Real=0.00s
[264.405s][info][gc,marking  ] GC(532) Concurrent Clear Claimed Marks
[264.405s][info][gc,marking  ] GC(532) Concurrent Clear Claimed Marks 0.045ms
[264.405s][info][gc,marking  ] GC(532) Concurrent Cleanup for Next Mark
[264.406s][info][gc,marking  ] GC(532) Concurrent Cleanup for Next Mark 0.791ms
[264.406s][info][gc          ] GC(532) Concurrent Mark Cycle 122.528ms
[264.867s][info][gc,start    ] GC(533) Pause Young (Prepare Mixed) (G1 Evacuation Pause)
[264.867s][info][gc,task     ] GC(533) Using 2 workers of 2 for evacuation
[264.874s][info][gc,phases   ] GC(533)   Pre Evacuate Collection Set: 0.16ms
[264.874s][info][gc,phases   ] GC(533)   Merge Heap Roots: 0.06ms
[264.874s][info][gc,phases   ] GC(533)   Evacuate Collection Set: 6.50ms
[264.874s][info][gc,phases   ] GC(533)   Post Evacuate Collection Set: 0.41ms
[264.874s][info][gc,phases   ] GC(533)   Other: 0.09ms
[264.874s][info][gc,heap     ] GC(533) Eden regions: 151->0(144)
[264.874s][info][gc,heap     ] GC(533) Survivor regions: 2->9(20)
[264.874s][info][gc,heap     ] GC(533) Old regions: 61->61
[264.874s][info][gc,heap     ] GC(533) Humongous regions: 15->3
[264.874s][info][gc,metaspace] GC(533) Metaspace: 42527K(42944K)->42527K(42944K) NonClass: 39710K(40000K)->39710K(40000K) Class: 2816K(2944K)->2816K(2944K)
[264.874s][info][gc          ] GC(533) Pause Young (Prepare Mixed) (G1 Evacuation Pause) 228M->72M(256M) 7.402ms
[264.874s][info][gc,cpu      ] GC(533) User=0.01s Sys=0.00s Real=0.01s
[265.365s][info][gc,start    ] GC(534) Pause Young (Mixed) (G1 Evacuation Pause)
[265.365s][info][gc,task     ] GC(534) Using 2 workers of 2 for evacuation
[265.390s][info][gc,phases   ] GC(534)   Pre Evacuate Collection Set: 0.17ms
[265.390s][info][gc,phases   ] GC(534)   Merge Heap Roots: 0.10ms
[265.390s][info][gc,phases   ] GC(534)   Evacuate Collection Set: 24.47ms
[265.390s][info][gc,phases   ] GC(534)   Post Evacuate Collection Set: 0.67ms
[265.390s][info][gc,phases   ] GC(534)   Other: 0.09ms
[265.390s][info][gc,heap     ] GC(534) Eden regions: 144->0(131)
[265.390s][info][gc,heap     ] GC(534) Survivor regions: 9->20(20)
[265.390s][info][gc,heap     ] GC(534) Old regions: 61->65
[265.390s][info][gc,heap     ] GC(534) Humongous regions: 3->3
[265.390s][info][gc,metaspace] GC(534) Metaspace: 42527K(42944K)->42527K(42944K) NonClass: 39710K(40000K)->39710K(40000K) Class: 2816K(2944K)->2816K(2944K)
[265.390s][info][gc          ] GC(534) Pause Young (Mixed) (G1 Evacuation Pause) 216M->87M(256M) 25.681ms
[265.390s][info][gc,cpu      ] GC(534) User=0.05s Sys=0.00s Real=0.02s
[265.929s][info][gc,start    ] GC(535) Pause Young (Concurrent Start) (G1 Evacuation Pause)
[265.929s][info][gc,task     ] GC(535) Using 2 workers of 2 for evacuation
[265.956s][info][gc,phases   ] GC(535)   Pre Evacuate Collection Set: 1.44ms
[265.956s][info][gc,phases   ] GC(535)   Merge Heap Roots: 0.19ms
[265.956s][info][gc,phases   ] GC(535)   Evacuate Collection Set: 24.00ms
[265.956s][info][gc,phases   ] GC(535)   Post Evacuate Collection Set: 0.52ms
[265.956s][info][gc,phases   ] GC(535)   Other: 0.75ms
[265.956s][info][gc,heap     ] GC(535) Eden regions: 131->0(130)
[265.956s][info][gc,heap     ] GC(535) Survivor regions: 20->11(19)
[265.956s][info][gc,heap     ] GC(535) Old regions: 65->76
[265.956s][info][gc,heap     ] GC(535) Humongous regions: 3->3
[265.956s][info][gc,metaspace] GC(535) Metaspace: 42527K(42944K)->42527K(42944K) NonClass: 39710K(40000K)->39710K(40000K) Class: 2816K(2944K)->2816K(2944K)
[265.956s][info][gc          ] GC(535) Pause Young (Concurrent Start) (G1 Evacuation Pause) 218M->89M(256M) 27.078ms
[265.956s][info][gc          ] GC(536) Concurrent Mark Cycle
[265.956s][info][gc,marking  ] GC(536) Concurrent Scan Root Regions
[265.956s][info][gc,cpu      ] GC(535) User=0.05s Sys=0.00s Real=0.03s
[265.970s][info][gc,marking  ] GC(536) Concurrent Scan Root Regions 14.062ms
[265.971s][info][gc,marking  ] GC(536) Concurrent Mark
[265.971s][info][gc,marking  ] GC(536) Concurrent Mark From Roots
[265.971s][info][gc,task     ] GC(536) Using 1 workers of 1 for marking
[266.021s][info][gc,marking  ] GC(536) Concurrent Mark From Roots 50.146ms
[266.021s][info][gc,marking  ] GC(536) Concurrent Preclean
[266.021s][info][gc,marking  ] GC(536) Concurrent Preclean 0.038ms
[266.021s][info][gc,start    ] GC(536) Pause Remark
[266.035s][info][gc          ] GC(536) Pause Remark 100M->95M(256M) 13.959ms
[266.035s][info][gc,cpu      ] GC(536) User=0.03s Sys=0.00s Real=0.02s
[266.035s][info][gc,marking  ] GC(536) Concurrent Mark 64.394ms
[266.035s][info][gc,marking  ] GC(536) Concurrent Rebuild Remembered Sets and Scrub Regions
[266.063s][info][gc,marking  ] GC(536) Concurrent Rebuild Remembered Sets and Scrub Regions 28.461ms
[266.064s][info][gc,start    ] GC(536) Pause Cleanup
[266.064s][info][gc          ] GC(536) Pause Cleanup 101M->101M(256M) 0.046ms
[266.064s][info][gc,cpu      ] GC(536) User=0.00s Sys=0.00s Real=0.00s
[266.064s][info][gc,marking  ] GC(536) Concurrent Clear Claimed Marks
[266.064s][info][gc,marking  ] GC(536) Concurrent Clear Claimed Marks 0.036ms
[266.064s][info][gc,marking  ] GC(536) Concurrent Cleanup for Next Mark
[266.064s][info][gc,marking  ] GC(536) Concurrent Cleanup for Next Mark 0.735ms
[266.064s][info][gc          ] GC(536) Concurrent Mark Cycle 108.011ms
[266.430s][info][gc,start    ] GC(537) Pause Young (Prepare Mixed) (G1 Evacuation Pause)
[266.430s][info][gc,task     ] GC(537) Using 2 workers of 2 for evacuation
[266.454s][info][gc,phases   ] GC(537)   Pre Evacuate Collection Set: 0.17ms
[266.454s][info][gc,phases   ] GC(537)   Merge Heap Roots: 0.14ms
[266.454s][info][gc,phases   ] GC(537)   Evacuate Collection Set: 23.11ms
[266.454s][info][gc,phases   ] GC(537)   Post Evacuate Collection Set: 0.42ms
[266.454s][info][gc,phases   ] GC(537)   Other: 0.09ms
[266.454s][info][gc,heap     ] GC(537) Eden regions: 130->0(120)
[266.454s][info][gc,heap     ] GC(537) Survivor regions: 11->15(18)
[266.454s][info][gc,heap     ] GC(537) Old regions: 71->82
[266.454s][info][gc,heap     ] GC(537) Humongous regions: 7->3
[266.454s][info][gc,metaspace] GC(537) Metaspace: 42527K(42944K)->42527K(42944K) NonClass: 39710K(40000K)->39710K(40000K) Class: 2816K(2944K)->2816K(2944K)
[266.454s][info][gc          ] GC(537) Pause Young (Prepare Mixed) (G1 Evacuation Pause) 218M->99M(256M) 24.094ms
[266.454s][info][gc,cpu      ] GC(537) User=0.05s Sys=0.00s Real=0.03s
[266.849s][info][gc,start    ] GC(538) Pause Young (Mixed) (G1 Evacuation Pause)
[266.849s][info][gc,task     ] GC(538) Using 2 workers of 2 for evacuation
[266.862s][info][gc,phases   ] GC(538)   Pre Evacuate Collection Set: 0.19ms
[266.862s][info][gc,phases   ] GC(538)   Merge Heap Roots: 0.13ms
[266.862s][info][gc,phases   ] GC(538)   Evacuate Collection Set: 12.16ms
[266.862s][info][gc,phases   ] GC(538)   Post Evacuate Collection Set: 0.38ms
[266.862s][info][gc,phases   ] GC(538)   Other: 0.07ms
[266.862s][info][gc,heap     ] GC(538) Eden regions: 120->0(135)
[266.862s][info][gc,heap     ] GC(538) Survivor regions: 15->5(17)
[266.862s][info][gc,heap     ] GC(538) Old regions: 82->76
[266.862s][info][gc,heap     ] GC(538) Humongous regions: 11->3
[266.862s][info][gc,metaspace] GC(538) Metaspace: 42527K(42944K)->42527K(42944K) NonClass: 39710K(40000K)->39710K(40000K) Class: 2816K(2944K)->2816K(2944K)
[266.862s][info][gc          ] GC(538) Pause Young (Mixed) (G1 Evacuation Pause) 227M->83M(256M) 13.099ms
[266.862s][info][gc,cpu      ] GC(538) User=0.03s Sys=0.00s Real=0.02s
[267.008s][info][gc,start    ] GC(539) Pause Young (Concurrent Start) (G1 Humongous Allocation)
[267.008s][info][gc,task     ] GC(539) Using 2 workers of 2 for evacuation
[267.015s][info][gc,phases   ] GC(539)   Pre Evacuate Collection Set: 0.19ms
[267.015s][info][gc,phases   ] GC(539)   Merge Heap Roots: 0.04ms
[267.015s][info][gc,phases   ] GC(539)   Evacuate Collection Set: 6.58ms
[267.015s][info][gc,phases   ] GC(539)   Post Evacuate Collection Set: 0.40ms
[267.015s][info][gc,phases   ] GC(539)   Other: 0.12ms
[267.015s][info][gc,heap     ] GC(539) Eden regions: 37->0(145)
[267.015s][info][gc,heap     ] GC(539) Survivor regions: 5->1(18)
[267.015s][info][gc,heap     ] GC(539) Old regions: 76->76
[267.015s][info][gc,heap     ] GC(539) Humongous regions: 3->1
[267.015s][info][gc,metaspace] GC(539) Metaspace: 42528K(42944K)->42528K(42944K) NonClass: 39711K(40000K)->39711K(40000K) Class: 2816K(2944K)->2816K(2944K)
[267.016s][info][gc          ] GC(539) Pause Young (Concurrent Start) (G1 Humongous Allocation) 120M->77M(256M) 7.502ms
[267.016s][info][gc,cpu      ] GC(539) User=0.01s Sys=0.00s Real=0.01s
[267.016s][info][gc          ] GC(540) Concurrent Mark Cycle
[267.016s][info][gc,marking  ] GC(540) Concurrent Scan Root Regions
[267.019s][info][gc,marking  ] GC(540) Concurrent Scan Root Regions 3.544ms
[267.019s][info][gc,marking  ] GC(540) Concurrent Mark
[267.019s][info][gc,marking  ] GC(540) Concurrent Mark From Roots
[267.019s][info][gc,task     ] GC(540) Using 1 workers of 1 for marking
[267.084s][info][gc,marking  ] GC(540) Concurrent Mark From Roots 65.349ms
[267.085s][info][gc,marking  ] GC(540) Concurrent Preclean
[267.085s][info][gc,marking  ] GC(540) Concurrent Preclean 0.033ms
[267.085s][info][gc,start    ] GC(540) Pause Remark
[267.099s][info][gc          ] GC(540) Pause Remark 98M->86M(256M) 14.120ms
[267.099s][info][gc,cpu      ] GC(540) User=0.03s Sys=0.00s Real=0.01s
[267.099s][info][gc,marking  ] GC(540) Concurrent Mark 79.753ms
[267.099s][info][gc,marking  ] GC(540) Concurrent Rebuild Remembered Sets and Scrub Regions
[267.120s][info][gc,marking  ] GC(540) Concurrent Rebuild Remembered Sets and Scrub Regions 20.765ms
[267.120s][info][gc,start    ] GC(540) Pause Cleanup
[267.120s][info][gc          ] GC(540) Pause Cleanup 90M->90M(256M) 0.044ms
[267.120s][info][gc,cpu      ] GC(540) User=0.00s Sys=0.00s Real=0.00s
[267.120s][info][gc,marking  ] GC(540) Concurrent Clear Claimed Marks
[267.120s][info][gc,marking  ] GC(540) Concurrent Clear Claimed Marks 0.033ms
[267.120s][info][gc,marking  ] GC(540) Concurrent Cleanup for Next Mark
[267.121s][info][gc,marking  ] GC(540) Concurrent Cleanup for Next Mark 0.714ms
[267.121s][info][gc          ] GC(540) Concurrent Mark Cycle 105.105ms
[267.580s][info][gc,start    ] GC(541) Pause Young (Prepare Mixed) (G1 Evacuation Pause)
[267.580s][info][gc,task     ] GC(541) Using 2 workers of 2 for evacuation
[267.593s][info][gc,phases   ] GC(541)   Pre Evacuate Collection Set: 0.19ms
[267.593s][info][gc,phases   ] GC(541)   Merge Heap Roots: 0.06ms
[267.594s][info][gc,phases   ] GC(541)   Evacuate Collection Set: 13.15ms
[267.594s][info][gc,phases   ] GC(541)   Post Evacuate Collection Set: 0.40ms
[267.594s][info][gc,phases   ] GC(541)   Other: 0.08ms
[267.594s][info][gc,heap     ] GC(541) Eden regions: 145->0(139)
[267.594s][info][gc,heap     ] GC(541) Survivor regions: 1->14(19)
[267.594s][info][gc,heap     ] GC(541) Old regions: 64->64
[267.594s][info][gc,heap     ] GC(541) Humongous regions: 5->3
[267.594s][info][gc,metaspace] GC(541) Metaspace: 42528K(42944K)->42528K(42944K) NonClass: 39711K(40000K)->39711K(40000K) Class: 2816K(2944K)->2816K(2944K)
[267.594s][info][gc          ] GC(541) Pause Young (Prepare Mixed) (G1 Evacuation Pause) 214M->80M(256M) 14.038ms
[267.594s][info][gc,cpu      ] GC(541) User=0.02s Sys=0.00s Real=0.02s
[268.073s][info][gc,start    ] GC(542) Pause Young (Mixed) (G1 Evacuation Pause)
[268.073s][info][gc,task     ] GC(542) Using 2 workers of 2 for evacuation
[268.080s][info][gc,phases   ] GC(542)   Pre Evacuate Collection Set: 0.16ms
[268.080s][info][gc,phases   ] GC(542)   Merge Heap Roots: 0.10ms
[268.080s][info][gc,phases   ] GC(542)   Evacuate Collection Set: 6.05ms
[268.080s][info][gc,phases   ] GC(542)   Post Evacuate Collection Set: 0.48ms
[268.080s][info][gc,phases   ] GC(542)   Other: 0.07ms
[268.080s][info][gc,heap     ] GC(542) Eden regions: 139->0(152)
[268.080s][info][gc,heap     ] GC(542) Survivor regions: 14->1(20)
[268.080s][info][gc,heap     ] GC(542) Old regions: 64->50
[268.080s][info][gc,heap     ] GC(542) Humongous regions: 9->1
[268.080s][info][gc,metaspace] GC(542) Metaspace: 42528K(42944K)->42528K(42944K) NonClass: 39711K(40000K)->39711K(40000K) Class: 2816K(2944K)->2816K(2944K)
[268.080s][info][gc          ] GC(542) Pause Young (Mixed) (G1 Evacuation Pause) 225M->52M(256M) 7.043ms
[268.080s][info][gc,cpu      ] GC(542) User=0.01s Sys=0.00s Real=0.00s
[268.084s][info][gc,start    ] GC(543) Pause Young (Concurrent Start) (G1 Humongous Allocation)
[268.084s][info][gc,task     ] GC(543) Using 2 workers of 2 for evacuation
[268.085s][info][gc,phases   ] GC(543)   Pre Evacuate Collection Set: 0.14ms
[268.085s][info][gc,phases   ] GC(543)   Merge Heap Roots: 0.02ms
[268.085s][info][gc,phases   ] GC(543)   Evacuate Collection Set: 1.16ms
[268.085s][info][gc,phases   ] GC(543)   Post Evacuate Collection Set: 0.45ms
[268.085s][info][gc,phases   ] GC(543)   Other: 0.07ms
[268.085s][info][gc,heap     ] GC(543) Eden regions: 2->0(169)
[268.085s][info][gc,heap     ] GC(543) Survivor regions: 1->2(20)
[268.085s][info][gc,heap     ] GC(543) Old regions: 50->50
[268.085s][info][gc,heap     ] GC(543) Humongous regions: 1->1
[268.085s][info][gc,metaspace] GC(543) Metaspace: 42528K(42944K)->42528K(42944K) NonClass: 39711K(40000K)->39711K(40000K) Class: 2816K(2944K)->2816K(2944K)
[268.085s][info][gc          ] GC(543) Pause Young (Concurrent Start) (G1 Humongous Allocation) 54M->52M(285M) 1.975ms
[268.086s][info][gc          ] GC(544) Concurrent Mark Cycle
[268.086s][info][gc,marking  ] GC(544) Concurrent Scan Root Regions
[268.086s][info][gc,cpu      ] GC(543) User=0.01s Sys=0.00s Real=0.00s
[268.087s][info][gc,marking  ] GC(544) Concurrent Scan Root Regions 1.347ms
[268.087s][info][gc,marking  ] GC(544) Concurrent Mark
[268.087s][info][gc,marking  ] GC(544) Concurrent Mark From Roots
[268.087s][info][gc,task     ] GC(544) Using 1 workers of 1 for marking
[268.150s][info][gc,marking  ] GC(544) Concurrent Mark From Roots 63.108ms
[268.150s][info][gc,marking  ] GC(544) Concurrent Preclean
[268.150s][info][gc,marking  ] GC(544) Concurrent Preclean 0.042ms
[268.150s][info][gc,start    ] GC(544) Pause Remark
[268.164s][info][gc          ] GC(544) Pause Remark 71M->71M(256M) 14.069ms
[268.164s][info][gc,cpu      ] GC(544) User=0.03s Sys=0.00s Real=0.02s
[268.164s][info][gc,marking  ] GC(544) Concurrent Mark 77.493ms
[268.164s][info][gc,marking  ] GC(544) Concurrent Rebuild Remembered Sets and Scrub Regions
[268.186s][info][gc,marking  ] GC(544) Concurrent Rebuild Remembered Sets and Scrub Regions 22.061ms
[268.187s][info][gc,start    ] GC(544) Pause Cleanup
[268.187s][info][gc          ] GC(544) Pause Cleanup 76M->76M(256M) 0.044ms
[268.187s][info][gc,cpu      ] GC(544) User=0.00s Sys=0.00s Real=0.00s
[268.187s][info][gc,marking  ] GC(544) Concurrent Clear Claimed Marks
[268.187s][info][gc,marking  ] GC(544) Concurrent Clear Claimed Marks 0.041ms
[268.187s][info][gc,marking  ] GC(544) Concurrent Cleanup for Next Mark
[268.188s][info][gc,marking  ] GC(544) Concurrent Cleanup for Next Mark 0.840ms
[268.188s][info][gc          ] GC(544) Concurrent Mark Cycle 102.099ms
[268.619s][info][gc,start    ] GC(545) Pause Young (Prepare Mixed) (G1 Evacuation Pause)
[268.619s][info][gc,task     ] GC(545) Using 2 workers of 2 for evacuation
[268.632s][info][gc,phases   ] GC(545)   Pre Evacuate Collection Set: 0.24ms
[268.632s][info][gc,phases   ] GC(545)   Merge Heap Roots: 0.08ms
[268.632s][info][gc,phases   ] GC(545)   Evacuate Collection Set: 12.13ms
[268.632s][info][gc,phases   ] GC(545)   Post Evacuate Collection Set: 0.40ms
[268.632s][info][gc,phases   ] GC(545)   Other: 0.07ms
[268.632s][info][gc,heap     ] GC(545) Eden regions: 151->0(140)
[268.632s][info][gc,heap     ] GC(545) Survivor regions: 2->13(20)
[268.632s][info][gc,heap     ] GC(545) Old regions: 50->50
[268.632s][info][gc,heap     ] GC(545) Humongous regions: 5->3
[268.632s][info][gc,metaspace] GC(545) Metaspace: 42528K(42944K)->42528K(42944K) NonClass: 39711K(40000K)->39711K(40000K) Class: 2816K(2944K)->2816K(2944K)
[268.632s][info][gc          ] GC(545) Pause Young (Prepare Mixed) (G1 Evacuation Pause) 207M->65M(256M) 13.078ms
[268.632s][info][gc,cpu      ] GC(545) User=0.03s Sys=0.00s Real=0.02s
[269.130s][info][gc,start    ] GC(546) Pause Young (Mixed) (G1 Evacuation Pause)
[269.130s][info][gc,task     ] GC(546) Using 2 workers of 2 for evacuation
[269.155s][info][gc,phases   ] GC(546)   Pre Evacuate Collection Set: 1.09ms
[269.155s][info][gc,phases   ] GC(546)   Merge Heap Roots: 0.23ms
[269.155s][info][gc,phases   ] GC(546)   Evacuate Collection Set: 22.75ms
[269.155s][info][gc,phases   ] GC(546)   Post Evacuate Collection Set: 0.74ms
[269.155s][info][gc,phases   ] GC(546)   Other: 0.07ms
[269.155s][info][gc,heap     ] GC(546) Eden regions: 140->0(146)
[269.155s][info][gc,heap     ] GC(546) Survivor regions: 13->7(20)
[269.155s][info][gc,heap     ] GC(546) Old regions: 50->49
[269.155s][info][gc,heap     ] GC(546) Humongous regions: 7->3
[269.155s][info][gc,metaspace] GC(546) Metaspace: 42528K(42944K)->42528K(42944K) NonClass: 39711K(40000K)->39711K(40000K) Class: 2816K(2944K)->2816K(2944K)
[269.155s][info][gc          ] GC(546) Pause Young (Mixed) (G1 Evacuation Pause) 209M->58M(256M) 25.084ms
[269.155s][info][gc,cpu      ] GC(546) User=0.03s Sys=0.00s Real=0.03s
[269.238s][info][gc,start    ] GC(547) Pause Young (Concurrent Start) (G1 Humongous Allocation)
[269.238s][info][gc,task     ] GC(547) Using 2 workers of 2 for evacuation
[269.241s][info][gc,phases   ] GC(547)   Pre Evacuate Collection Set: 0.22ms
[269.241s][info][gc,phases   ] GC(547)   Merge Heap Roots: 0.05ms
[269.241s][info][gc,phases   ] GC(547)   Evacuate Collection Set: 2.36ms
[269.241s][info][gc,phases   ] GC(547)   Post Evacuate Collection Set: 0.28ms
[269.241s][info][gc,phases   ] GC(547)   Other: 0.07ms
[269.241s][info][gc,heap     ] GC(547) Eden regions: 19->0(151)
[269.241s][info][gc,heap     ] GC(547) Survivor regions: 7->2(20)
[269.241s][info][gc,heap     ] GC(547) Old regions: 49->49
[269.241s][info][gc,heap     ] GC(547) Humongous regions: 3->1
[269.241s][info][gc,metaspace] GC(547) Metaspace: 42528K(42944K)->42528K(42944K) NonClass: 39711K(40000K)->39711K(40000K) Class: 2816K(2944K)->2816K(2944K)
[269.241s][info][gc          ] GC(547) Pause Young (Concurrent Start) (G1 Humongous Allocation) 77M->51M(256M) 3.139ms
[269.241s][info][gc,cpu      ] GC(547) User=0.00s Sys=0.00s Real=0.00s
[269.241s][info][gc          ] GC(548) Concurrent Mark Cycle
[269.241s][info][gc,marking  ] GC(548) Concurrent Scan Root Regions
[269.243s][info][gc,marking  ] GC(548) Concurrent Scan Root Regions 1.610ms
[269.243s][info][gc,marking  ] GC(548) Concurrent Mark
[269.243s][info][gc,marking  ] GC(548) Concurrent Mark From Roots
[269.243s][info][gc,task     ] GC(548) Using 1 workers of 1 for marking
[269.303s][info][gc,marking  ] GC(548) Concurrent Mark From Roots 59.968ms
[269.303s][info][gc,marking  ] GC(548) Concurrent Preclean
[269.303s][info][gc,marking  ] GC(548) Concurrent Preclean 0.040ms
[269.303s][info][gc,start    ] GC(548) Pause Remark
[269.316s][info][gc          ] GC(548) Pause Remark 71M->71M(256M) 13.478ms
[269.316s][info][gc,cpu      ] GC(548) User=0.03s Sys=0.00s Real=0.01s
[269.316s][info][gc,marking  ] GC(548) Concurrent Mark 73.649ms
[269.316s][info][gc,marking  ] GC(548) Concurrent Rebuild Remembered Sets and Scrub Regions
[269.339s][info][gc,marking  ] GC(548) Concurrent Rebuild Remembered Sets and Scrub Regions 22.429ms
[269.339s][info][gc,start    ] GC(548) Pause Cleanup
[269.339s][info][gc          ] GC(548) Pause Cleanup 71M->71M(256M) 0.032ms
[269.339s][info][gc,cpu      ] GC(548) User=0.00s Sys=0.00s Real=0.00s
[269.339s][info][gc,marking  ] GC(548) Concurrent Clear Claimed Marks
[269.339s][info][gc,marking  ] GC(548) Concurrent Clear Claimed Marks 0.033ms
[269.339s][info][gc,marking  ] GC(548) Concurrent Cleanup for Next Mark
[269.340s][info][gc,marking  ] GC(548) Concurrent Cleanup for Next Mark 0.745ms
[269.340s][info][gc          ] GC(548) Concurrent Mark Cycle 98.699ms
[269.728s][info][gc,start    ] GC(549) Pause Young (Prepare Mixed) (G1 Evacuation Pause)
[269.728s][info][gc,task     ] GC(549) Using 2 workers of 2 for evacuation
[269.758s][info][gc,phases   ] GC(549)   Pre Evacuate Collection Set: 0.15ms
[269.758s][info][gc,phases   ] GC(549)   Merge Heap Roots: 0.07ms
[269.758s][info][gc,phases   ] GC(549)   Evacuate Collection Set: 29.66ms
[269.758s][info][gc,phases   ] GC(549)   Post Evacuate Collection Set: 0.48ms
[269.758s][info][gc,phases   ] GC(549)   Other: 0.10ms
[269.758s][info][gc,heap     ] GC(549) Eden regions: 151->0(117)
[269.758s][info][gc,heap     ] GC(549) Survivor regions: 2->20(20)
[269.758s][info][gc,heap     ] GC(549) Old regions: 49->66
[269.758s][info][gc,heap     ] GC(549) Humongous regions: 5->3
[269.758s][info][gc,metaspace] GC(549) Metaspace: 42528K(42944K)->42528K(42944K) NonClass: 39711K(40000K)->39711K(40000K) Class: 2816K(2944K)->2816K(2944K)
[269.758s][info][gc          ] GC(549) Pause Young (Prepare Mixed) (G1 Evacuation Pause) 206M->88M(256M) 30.638ms
[269.758s][info][gc,cpu      ] GC(549) User=0.06s Sys=0.00s Real=0.03s
[270.220s][info][gc,start    ] GC(550) Pause Young (Mixed) (G1 Evacuation Pause)
[270.220s][info][gc,task     ] GC(550) Using 2 workers of 2 for evacuation
[270.276s][info][gc,phases   ] GC(550)   Pre Evacuate Collection Set: 0.24ms
[270.276s][info][gc,phases   ] GC(550)   Merge Heap Roots: 0.20ms
[270.276s][info][gc,phases   ] GC(550)   Evacuate Collection Set: 54.80ms
[270.276s][info][gc,phases   ] GC(550)   Post Evacuate Collection Set: 0.44ms
[270.276s][info][gc,phases   ] GC(550)   Other: 0.09ms
[270.276s][info][gc,heap     ] GC(550) Eden regions: 117->0(93)
[270.276s][info][gc,heap     ] GC(550) Survivor regions: 20->18(18)
[270.276s][info][gc,heap     ] GC(550) Old regions: 66->93
[270.276s][info][gc,heap     ] GC(550) Humongous regions: 3->3
[270.276s][info][gc,metaspace] GC(550) Metaspace: 42529K(42944K)->42529K(42944K) NonClass: 39712K(40000K)->39712K(40000K) Class: 2816K(2944K)->2816K(2944K)
[270.276s][info][gc          ] GC(550) Pause Young (Mixed) (G1 Evacuation Pause) 205M->114M(256M) 55.976ms
[270.276s][info][gc,cpu      ] GC(550) User=0.11s Sys=0.00s Real=0.06s
[270.718s][info][gc,start    ] GC(551) Pause Young (Concurrent Start) (G1 Evacuation Pause)
[270.718s][info][gc,task     ] GC(551) Using 2 workers of 2 for evacuation
[270.774s][info][gc,phases   ] GC(551)   Pre Evacuate Collection Set: 0.17ms
[270.774s][info][gc,phases   ] GC(551)   Merge Heap Roots: 0.26ms
[270.774s][info][gc,phases   ] GC(551)   Evacuate Collection Set: 54.82ms
[270.774s][info][gc,phases   ] GC(551)   Post Evacuate Collection Set: 0.41ms
[270.774s][info][gc,phases   ] GC(551)   Other: 0.09ms
[270.774s][info][gc,heap     ] GC(551) Eden regions: 93->0(72)
[270.774s][info][gc,heap     ] GC(551) Survivor regions: 18->14(14)
[270.774s][info][gc,heap     ] GC(551) Old regions: 93->124
[270.774s][info][gc,heap     ] GC(551) Humongous regions: 3->3
[270.774s][info][gc,metaspace] GC(551) Metaspace: 42529K(42944K)->42529K(42944K) NonClass: 39712K(40000K)->39712K(40000K) Class: 2816K(2944K)->2816K(2944K)
[270.774s][info][gc          ] GC(551) Pause Young (Concurrent Start) (G1 Evacuation Pause) 207M->141M(256M) 55.943ms
[270.774s][info][gc,cpu      ] GC(551) User=0.11s Sys=0.00s Real=0.06s
[270.774s][info][gc          ] GC(552) Concurrent Mark Cycle
[270.774s][info][gc,marking  ] GC(552) Concurrent Scan Root Regions
[270.832s][info][gc,marking  ] GC(552) Concurrent Scan Root Regions 57.598ms
[270.832s][info][gc,marking  ] GC(552) Concurrent Mark
[270.832s][info][gc,marking  ] GC(552) Concurrent Mark From Roots
[270.832s][info][gc,task     ] GC(552) Using 1 workers of 1 for marking
[271.012s][info][gc,marking  ] GC(552) Concurrent Mark From Roots 179.693ms
[271.012s][info][gc,marking  ] GC(552) Concurrent Preclean
[271.012s][info][gc,marking  ] GC(552) Concurrent Preclean 0.042ms
[271.012s][info][gc,start    ] GC(552) Pause Remark
[271.026s][info][gc          ] GC(552) Pause Remark 179M->179M(256M) 13.881ms
[271.026s][info][gc,cpu      ] GC(552) User=0.03s Sys=0.00s Real=0.01s
[271.026s][info][gc,marking  ] GC(552) Concurrent Mark 193.885ms
[271.026s][info][gc,marking  ] GC(552) Concurrent Rebuild Remembered Sets and Scrub Regions
[271.098s][info][gc,marking  ] GC(552) Concurrent Rebuild Remembered Sets and Scrub Regions 72.278ms
[271.098s][info][gc,start    ] GC(552) Pause Cleanup
[271.098s][info][gc          ] GC(552) Pause Cleanup 190M->190M(256M) 0.048ms
[271.098s][info][gc,cpu      ] GC(552) User=0.01s Sys=0.00s Real=0.00s
[271.098s][info][gc,marking  ] GC(552) Concurrent Clear Claimed Marks
[271.098s][info][gc,marking  ] GC(552) Concurrent Clear Claimed Marks 0.035ms
[271.098s][info][gc,marking  ] GC(552) Concurrent Cleanup for Next Mark
[271.099s][info][gc,marking  ] GC(552) Concurrent Cleanup for Next Mark 0.747ms
[271.099s][info][gc          ] GC(552) Concurrent Mark Cycle 324.918ms
[271.213s][info][gc,start    ] GC(553) Pause Young (Prepare Mixed) (G1 Evacuation Pause)
[271.213s][info][gc,task     ] GC(553) Using 2 workers of 2 for evacuation
[271.253s][info][gc,phases   ] GC(553)   Pre Evacuate Collection Set: 0.16ms
[271.253s][info][gc,phases   ] GC(553)   Merge Heap Roots: 0.32ms
[271.253s][info][gc,phases   ] GC(553)   Evacuate Collection Set: 38.81ms
[271.253s][info][gc,phases   ] GC(553)   Post Evacuate Collection Set: 0.35ms
[271.253s][info][gc,phases   ] GC(553)   Other: 0.06ms
[271.253s][info][gc,heap     ] GC(553) Eden regions: 72->0(59)
[271.253s][info][gc,heap     ] GC(553) Survivor regions: 14->11(11)
[271.253s][info][gc,heap     ] GC(553) Old regions: 124->146
[271.253s][info][gc,heap     ] GC(553) Humongous regions: 3->3
[271.253s][info][gc,metaspace] GC(553) Metaspace: 42529K(42944K)->42529K(42944K) NonClass: 39712K(40000K)->39712K(40000K) Class: 2816K(2944K)->2816K(2944K)
[271.253s][info][gc          ] GC(553) Pause Young (Prepare Mixed) (G1 Evacuation Pause) 213M->159M(256M) 39.872ms
[271.253s][info][gc,cpu      ] GC(553) User=0.08s Sys=0.00s Real=0.04s
[271.532s][info][gc,start    ] GC(554) Pause Young (Mixed) (G1 Evacuation Pause)
[271.532s][info][gc,task     ] GC(554) Using 2 workers of 2 for evacuation
[271.572s][info][gc,phases   ] GC(554)   Pre Evacuate Collection Set: 0.17ms
[271.572s][info][gc,phases   ] GC(554)   Merge Heap Roots: 0.24ms
[271.572s][info][gc,phases   ] GC(554)   Evacuate Collection Set: 37.91ms
[271.572s][info][gc,phases   ] GC(554)   Post Evacuate Collection Set: 1.33ms
[271.572s][info][gc,phases   ] GC(554)   Other: 0.11ms
[271.572s][info][gc,heap     ] GC(554) Eden regions: 59->0(149)
[271.572s][info][gc,heap     ] GC(554) Survivor regions: 11->9(9)
[271.572s][info][gc,heap     ] GC(554) Old regions: 146->158
[271.572s][info][gc,heap     ] GC(554) Humongous regions: 3->3
[271.572s][info][gc,metaspace] GC(554) Metaspace: 42529K(42944K)->42529K(42944K) NonClass: 39712K(40000K)->39712K(40000K) Class: 2816K(2944K)->2816K(2944K)
[271.572s][info][gc          ] GC(554) Pause Young (Mixed) (G1 Evacuation Pause) 218M->169M(401M) 39.936ms
[271.572s][info][gc,cpu      ] GC(554) User=0.07s Sys=0.01s Real=0.04s
[271.617s][info][gc,start    ] GC(555) Pause Young (Concurrent Start) (G1 Humongous Allocation)
[271.617s][info][gc,task     ] GC(555) Using 2 workers of 2 for evacuation
[271.635s][info][gc,phases   ] GC(555)   Pre Evacuate Collection Set: 0.22ms
[271.635s][info][gc,phases   ] GC(555)   Merge Heap Roots: 0.11ms
[271.635s][info][gc,phases   ] GC(555)   Evacuate Collection Set: 17.84ms
[271.635s][info][gc,phases   ] GC(555)   Post Evacuate Collection Set: 0.35ms
[271.635s][info][gc,phases   ] GC(555)   Other: 0.09ms
[271.635s][info][gc,heap     ] GC(555) Eden regions: 9->0(137)
[271.635s][info][gc,heap     ] GC(555) Survivor regions: 9->12(20)
[271.635s][info][gc,heap     ] GC(555) Old regions: 158->158
[271.635s][info][gc,heap     ] GC(555) Humongous regions: 3->1
[271.635s][info][gc,metaspace] GC(555) Metaspace: 42529K(42944K)->42529K(42944K) NonClass: 39712K(40000K)->39712K(40000K) Class: 2816K(2944K)->2816K(2944K)
[271.635s][info][gc          ] GC(555) Pause Young (Concurrent Start) (G1 Humongous Allocation) 178M->170M(401M) 18.774ms
[271.635s][info][gc          ] GC(556) Concurrent Mark Cycle
[271.635s][info][gc,marking  ] GC(556) Concurrent Scan Root Regions
[271.637s][info][gc,cpu      ] GC(555) User=0.03s Sys=0.01s Real=0.02s
[271.648s][info][gc,marking  ] GC(556) Concurrent Scan Root Regions 12.627ms
[271.648s][info][gc,marking  ] GC(556) Concurrent Mark
[271.648s][info][gc,marking  ] GC(556) Concurrent Mark From Roots
[271.648s][info][gc,task     ] GC(556) Using 1 workers of 1 for marking
[271.769s][info][gc,marking  ] GC(556) Concurrent Mark From Roots 120.979ms
[271.769s][info][gc,marking  ] GC(556) Concurrent Preclean
[271.769s][info][gc,marking  ] GC(556) Concurrent Preclean 0.042ms
[271.769s][info][gc,start    ] GC(556) Pause Remark
[271.783s][info][gc          ] GC(556) Pause Remark 209M->209M(401M) 13.929ms
[271.783s][info][gc,cpu      ] GC(556) User=0.03s Sys=0.00s Real=0.02s
[271.783s][info][gc,marking  ] GC(556) Concurrent Mark 135.195ms
[271.783s][info][gc,marking  ] GC(556) Concurrent Rebuild Remembered Sets and Scrub Regions
[271.835s][info][gc,marking  ] GC(556) Concurrent Rebuild Remembered Sets and Scrub Regions 51.618ms
[271.835s][info][gc,start    ] GC(556) Pause Cleanup
[271.835s][info][gc          ] GC(556) Pause Cleanup 218M->218M(401M) 0.103ms
[271.835s][info][gc,cpu      ] GC(556) User=0.00s Sys=0.00s Real=0.00s
[271.835s][info][gc,marking  ] GC(556) Concurrent Clear Claimed Marks
[271.835s][info][gc,marking  ] GC(556) Concurrent Clear Claimed Marks 0.036ms
[271.835s][info][gc,marking  ] GC(556) Concurrent Cleanup for Next Mark
[271.838s][info][gc,marking  ] GC(556) Concurrent Cleanup for Next Mark 2.585ms
[271.838s][info][gc          ] GC(556) Concurrent Mark Cycle 202.447ms
[272.300s][info][gc,start    ] GC(557) Pause Young (Prepare Mixed) (G1 Evacuation Pause)
[272.300s][info][gc,task     ] GC(557) Using 2 workers of 2 for evacuation
[272.319s][info][gc,phases   ] GC(557)   Pre Evacuate Collection Set: 0.27ms
[272.319s][info][gc,phases   ] GC(557)   Merge Heap Roots: 0.29ms
[272.319s][info][gc,phases   ] GC(557)   Evacuate Collection Set: 17.59ms
[272.319s][info][gc,phases   ] GC(557)   Post Evacuate Collection Set: 0.71ms
[272.319s][info][gc,phases   ] GC(557)   Other: 0.09ms
[272.319s][info][gc,heap     ] GC(557) Eden regions: 137->0(144)
[272.319s][info][gc,heap     ] GC(557) Survivor regions: 12->7(19)
[272.319s][info][gc,heap     ] GC(557) Old regions: 158->167
[272.319s][info][gc,heap     ] GC(557) Humongous regions: 7->3
[272.319s][info][gc,metaspace] GC(557) Metaspace: 42529K(42944K)->42529K(42944K) NonClass: 39712K(40000K)->39712K(40000K) Class: 2816K(2944K)->2816K(2944K)
[272.319s][info][gc          ] GC(557) Pause Young (Prepare Mixed) (G1 Evacuation Pause) 313M->176M(401M) 19.132ms
[272.319s][info][gc,cpu      ] GC(557) User=0.03s Sys=0.00s Real=0.02s
[272.783s][info][gc,start    ] GC(558) Pause Young (Mixed) (G1 Evacuation Pause)
[272.783s][info][gc,task     ] GC(558) Using 2 workers of 2 for evacuation
[272.798s][info][gc,phases   ] GC(558)   Pre Evacuate Collection Set: 0.29ms
[272.798s][info][gc,phases   ] GC(558)   Merge Heap Roots: 0.30ms
[272.798s][info][gc,phases   ] GC(558)   Evacuate Collection Set: 14.04ms
[272.798s][info][gc,phases   ] GC(558)   Post Evacuate Collection Set: 0.49ms
[272.798s][info][gc,phases   ] GC(558)   Other: 0.10ms
[272.798s][info][gc,heap     ] GC(558) Eden regions: 144->0(184)
[272.798s][info][gc,heap     ] GC(558) Survivor regions: 7->5(19)
[272.798s][info][gc,heap     ] GC(558) Old regions: 167->130
[272.798s][info][gc,heap     ] GC(558) Humongous regions: 9->1
[272.798s][info][gc,metaspace] GC(558) Metaspace: 42531K(42944K)->42531K(42944K) NonClass: 39714K(40000K)->39714K(40000K) Class: 2816K(2944K)->2816K(2944K)
[272.798s][info][gc          ] GC(558) Pause Young (Mixed) (G1 Evacuation Pause) 326M->135M(401M) 15.384ms
[272.798s][info][gc,cpu      ] GC(558) User=0.02s Sys=0.00s Real=0.01s
[273.317s][info][gc,start    ] GC(559) Pause Young (Mixed) (G1 Evacuation Pause)
[273.317s][info][gc,task     ] GC(559) Using 2 workers of 2 for evacuation
[273.351s][info][gc,phases   ] GC(559)   Pre Evacuate Collection Set: 0.35ms
[273.351s][info][gc,phases   ] GC(559)   Merge Heap Roots: 0.34ms
[273.351s][info][gc,phases   ] GC(559)   Evacuate Collection Set: 32.19ms
[273.351s][info][gc,phases   ] GC(559)   Post Evacuate Collection Set: 0.56ms
[273.351s][info][gc,phases   ] GC(559)   Other: 0.07ms
[273.351s][info][gc,heap     ] GC(559) Eden regions: 184->0(184)
[273.351s][info][gc,heap     ] GC(559) Survivor regions: 5->24(24)
[273.351s][info][gc,heap     ] GC(559) Old regions: 130->105
[273.351s][info][gc,heap     ] GC(559) Humongous regions: 5->4
[273.351s][info][gc,metaspace] GC(559) Metaspace: 42533K(42944K)->42533K(42944K) NonClass: 39716K(40000K)->39716K(40000K) Class: 2816K(2944K)->2816K(2944K)
[273.351s][info][gc          ] GC(559) Pause Young (Mixed) (G1 Evacuation Pause) 323M->133M(401M) 33.760ms
[273.351s][info][gc,cpu      ] GC(559) User=0.07s Sys=0.00s Real=0.03s
[273.902s][info][gc,start    ] GC(560) Pause Young (Mixed) (G1 Evacuation Pause)
[273.902s][info][gc,task     ] GC(560) Using 2 workers of 2 for evacuation
[273.934s][info][gc,phases   ] GC(560)   Pre Evacuate Collection Set: 0.20ms
[273.934s][info][gc,phases   ] GC(560)   Merge Heap Roots: 0.11ms
[273.934s][info][gc,phases   ] GC(560)   Evacuate Collection Set: 31.47ms
[273.934s][info][gc,phases   ] GC(560)   Post Evacuate Collection Set: 0.47ms
[273.934s][info][gc,phases   ] GC(560)   Other: 0.08ms
[273.934s][info][gc,heap     ] GC(560) Eden regions: 184->0(157)
[273.934s][info][gc,heap     ] GC(560) Survivor regions: 24->26(26)
[273.934s][info][gc,heap     ] GC(560) Old regions: 105->132
[273.934s][info][gc,heap     ] GC(560) Humongous regions: 5->5
[273.934s][info][gc,metaspace] GC(560) Metaspace: 42533K(42944K)->42533K(42944K) NonClass: 39716K(40000K)->39716K(40000K) Class: 2816K(2944K)->2816K(2944K)
[273.934s][info][gc          ] GC(560) Pause Young (Mixed) (G1 Evacuation Pause) 318M->163M(401M) 32.538ms
[273.934s][info][gc,cpu      ] GC(560) User=0.07s Sys=0.00s Real=0.03s
[274.117s][info][gc,start    ] GC(561) Pause Young (Concurrent Start) (G1 Humongous Allocation)
[274.117s][info][gc,task     ] GC(561) Using 2 workers of 2 for evacuation
[274.134s][info][gc,phases   ] GC(561)   Pre Evacuate Collection Set: 0.23ms
[274.134s][info][gc,phases   ] GC(561)   Merge Heap Roots: 0.09ms
[274.134s][info][gc,phases   ] GC(561)   Evacuate Collection Set: 16.84ms
[274.134s][info][gc,phases   ] GC(561)   Post Evacuate Collection Set: 0.42ms
[274.134s][info][gc,phases   ] GC(561)   Other: 0.12ms
[274.134s][info][gc,heap     ] GC(561) Eden regions: 60->0(151)
[274.134s][info][gc,heap     ] GC(561) Survivor regions: 26->9(23)
[274.134s][info][gc,heap     ] GC(561) Old regions: 132->151
[274.134s][info][gc,heap     ] GC(561) Humongous regions: 5->5
[274.134s][info][gc,metaspace] GC(561) Metaspace: 42533K(42944K)->42533K(42944K) NonClass: 39716K(40000K)->39716K(40000K) Class: 2816K(2944K)->2816K(2944K)
[274.134s][info][gc          ] GC(561) Pause Young (Concurrent Start) (G1 Humongous Allocation) 223M->163M(401M) 17.890ms
[274.135s][info][gc          ] GC(562) Concurrent Mark Cycle
[274.135s][info][gc,marking  ] GC(562) Concurrent Scan Root Regions
[274.135s][info][gc,cpu      ] GC(561) User=0.04s Sys=0.00s Real=0.02s
[274.144s][info][gc,marking  ] GC(562) Concurrent Scan Root Regions 9.893ms
[274.144s][info][gc,marking  ] GC(562) Concurrent Mark
[274.144s][info][gc,marking  ] GC(562) Concurrent Mark From Roots
[274.144s][info][gc,task     ] GC(562) Using 1 workers of 1 for marking
[274.238s][info][gc,marking  ] GC(562) Concurrent Mark From Roots 93.464ms
[274.238s][info][gc,marking  ] GC(562) Concurrent Preclean
[274.238s][info][gc,marking  ] GC(562) Concurrent Preclean 0.042ms
[274.238s][info][gc,start    ] GC(562) Pause Remark
[274.252s][info][gc          ] GC(562) Pause Remark 194M->186M(401M) 13.883ms
[274.252s][info][gc,cpu      ] GC(562) User=0.02s Sys=0.00s Real=0.02s
[274.252s][info][gc,marking  ] GC(562) Concurrent Mark 107.733ms
[274.252s][info][gc,marking  ] GC(562) Concurrent Rebuild Remembered Sets and Scrub Regions
[274.294s][info][gc,marking  ] GC(562) Concurrent Rebuild Remembered Sets and Scrub Regions 42.226ms
[274.295s][info][gc,start    ] GC(562) Pause Cleanup
[274.295s][info][gc          ] GC(562) Pause Cleanup 201M->201M(401M) 0.060ms
[274.295s][info][gc,cpu      ] GC(562) User=0.00s Sys=0.00s Real=0.00s
[274.295s][info][gc,marking  ] GC(562) Concurrent Clear Claimed Marks
[274.295s][info][gc,marking  ] GC(562) Concurrent Clear Claimed Marks 0.045ms
[274.295s][info][gc,marking  ] GC(562) Concurrent Cleanup for Next Mark
[274.296s][info][gc,marking  ] GC(562) Concurrent Cleanup for Next Mark 1.133ms
[274.296s][info][gc          ] GC(562) Concurrent Mark Cycle 161.381ms
[274.631s][info][gc,start    ] GC(563) Pause Young (Prepare Mixed) (G1 Evacuation Pause)
[274.631s][info][gc,task     ] GC(563) Using 2 workers of 2 for evacuation
[274.665s][info][gc,phases   ] GC(563)   Pre Evacuate Collection Set: 2.31ms
[274.665s][info][gc,phases   ] GC(563)   Merge Heap Roots: 0.15ms
[274.665s][info][gc,phases   ] GC(563)   Evacuate Collection Set: 31.01ms
[274.665s][info][gc,phases   ] GC(563)   Post Evacuate Collection Set: 0.49ms
[274.665s][info][gc,phases   ] GC(563)   Other: 0.07ms
[274.665s][info][gc,heap     ] GC(563) Eden regions: 151->0(127)
[274.665s][info][gc,heap     ] GC(563) Survivor regions: 9->20(20)
[274.665s][info][gc,heap     ] GC(563) Old regions: 143->163
[274.665s][info][gc,heap     ] GC(563) Humongous regions: 6->5
[274.665s][info][gc,metaspace] GC(563) Metaspace: 42533K(42944K)->42533K(42944K) NonClass: 39716K(40000K)->39716K(40000K) Class: 2816K(2944K)->2816K(2944K)
[274.665s][info][gc          ] GC(563) Pause Young (Prepare Mixed) (G1 Evacuation Pause) 307M->187M(401M) 34.259ms
[274.665s][info][gc,cpu      ] GC(563) User=0.06s Sys=0.00s Real=0.04s
[275.093s][info][gc,start    ] GC(564) Pause Young (Mixed) (G1 Evacuation Pause)
[275.093s][info][gc,task     ] GC(564) Using 2 workers of 2 for evacuation
[275.154s][info][gc,phases   ] GC(564)   Pre Evacuate Collection Set: 0.24ms
[275.154s][info][gc,phases   ] GC(564)   Merge Heap Roots: 0.23ms
[275.154s][info][gc,phases   ] GC(564)   Evacuate Collection Set: 60.03ms
[275.154s][info][gc,phases   ] GC(564)   Post Evacuate Collection Set: 0.59ms
[275.154s][info][gc,phases   ] GC(564)   Other: 0.10ms
[275.154s][info][gc,heap     ] GC(564) Eden regions: 127->0(95)
[275.154s][info][gc,heap     ] GC(564) Survivor regions: 20->19(19)
[275.154s][info][gc,heap     ] GC(564) Old regions: 163->186
[275.154s][info][gc,heap     ] GC(564) Humongous regions: 5->5
[275.154s][info][gc,metaspace] GC(564) Metaspace: 42533K(42944K)->42533K(42944K) NonClass: 39716K(40000K)->39716K(40000K) Class: 2816K(2944K)->2816K(2944K)
[275.154s][info][gc          ] GC(564) Pause Young (Mixed) (G1 Evacuation Pause) 314M->209M(401M) 61.393ms
[275.154s][info][gc,cpu      ] GC(564) User=0.12s Sys=0.00s Real=0.06s
[275.172s][info][gc,start    ] GC(565) Pause Young (Concurrent Start) (G1 Humongous Allocation)
[275.172s][info][gc,task     ] GC(565) Using 2 workers of 2 for evacuation
[275.197s][info][gc,phases   ] GC(565)   Pre Evacuate Collection Set: 0.20ms
[275.197s][info][gc,phases   ] GC(565)   Merge Heap Roots: 0.29ms
[275.197s][info][gc,phases   ] GC(565)   Evacuate Collection Set: 23.42ms
[275.197s][info][gc,phases   ] GC(565)   Post Evacuate Collection Set: 0.29ms
[275.197s][info][gc,phases   ] GC(565)   Other: 0.09ms
[275.197s][info][gc,heap     ] GC(565) Eden regions: 5->0(82)
[275.197s][info][gc,heap     ] GC(565) Survivor regions: 19->3(15)
[275.197s][info][gc,heap     ] GC(565) Old regions: 186->206
[275.197s][info][gc,heap     ] GC(565) Humongous regions: 5->5
[275.197s][info][gc,metaspace] GC(565) Metaspace: 42533K(42944K)->42533K(42944K) NonClass: 39716K(40000K)->39716K(40000K) Class: 2816K(2944K)->2816K(2944K)
[275.197s][info][gc          ] GC(565) Pause Young (Concurrent Start) (G1 Humongous Allocation) 214M->213M(401M) 24.453ms
[275.197s][info][gc,cpu      ] GC(565) User=0.05s Sys=0.00s Real=0.02s
[275.197s][info][gc          ] GC(566) Concurrent Mark Cycle
[275.197s][info][gc,marking  ] GC(566) Concurrent Scan Root Regions
[275.204s][info][gc,marking  ] GC(566) Concurrent Scan Root Regions 6.968ms
[275.204s][info][gc,marking  ] GC(566) Concurrent Mark
[275.204s][info][gc,marking  ] GC(566) Concurrent Mark From Roots
[275.204s][info][gc,task     ] GC(566) Using 1 workers of 1 for marking
[275.328s][info][gc,marking  ] GC(566) Concurrent Mark From Roots 123.893ms
[275.328s][info][gc,marking  ] GC(566) Concurrent Preclean
[275.328s][info][gc,marking  ] GC(566) Concurrent Preclean 0.054ms
[275.328s][info][gc,start    ] GC(566) Pause Remark
[275.342s][info][gc          ] GC(566) Pause Remark 242M->218M(401M) 14.314ms
[275.342s][info][gc,cpu      ] GC(566) User=0.03s Sys=0.00s Real=0.02s
[275.342s][info][gc,marking  ] GC(566) Concurrent Mark 138.459ms
[275.342s][info][gc,marking  ] GC(566) Concurrent Rebuild Remembered Sets and Scrub Regions
[275.404s][info][gc,marking  ] GC(566) Concurrent Rebuild Remembered Sets and Scrub Regions 61.730ms
[275.404s][info][gc,start    ] GC(566) Pause Cleanup
[275.404s][info][gc          ] GC(566) Pause Cleanup 236M->236M(401M) 0.073ms
[275.404s][info][gc,cpu      ] GC(566) User=0.00s Sys=0.00s Real=0.00s
[275.404s][info][gc,marking  ] GC(566) Concurrent Clear Claimed Marks
[275.404s][info][gc,marking  ] GC(566) Concurrent Clear Claimed Marks 0.039ms
[275.404s][info][gc,marking  ] GC(566) Concurrent Cleanup for Next Mark
[275.406s][info][gc,marking  ] GC(566) Concurrent Cleanup for Next Mark 1.126ms
[275.406s][info][gc          ] GC(566) Concurrent Mark Cycle 208.698ms
[275.516s][info][gc,start    ] GC(567) Pause Young (Prepare Mixed) (G1 Evacuation Pause)
[275.516s][info][gc,task     ] GC(567) Using 2 workers of 2 for evacuation
[275.543s][info][gc,phases   ] GC(567)   Pre Evacuate Collection Set: 0.30ms
[275.543s][info][gc,phases   ] GC(567)   Merge Heap Roots: 0.21ms
[275.543s][info][gc,phases   ] GC(567)   Evacuate Collection Set: 26.43ms
[275.543s][info][gc,phases   ] GC(567)   Post Evacuate Collection Set: 0.42ms
[275.543s][info][gc,phases   ] GC(567)   Other: 0.09ms
[275.543s][info][gc,heap     ] GC(567) Eden regions: 82->0(78)
[275.543s][info][gc,heap     ] GC(567) Survivor regions: 3->11(11)
[275.543s][info][gc,heap     ] GC(567) Old regions: 184->210
[275.543s][info][gc,heap     ] GC(567) Humongous regions: 4->4
[275.543s][info][gc,metaspace] GC(567) Metaspace: 42533K(42944K)->42533K(42944K) NonClass: 39716K(40000K)->39716K(40000K) Class: 2816K(2944K)->2816K(2944K)
[275.543s][info][gc          ] GC(567) Pause Young (Prepare Mixed) (G1 Evacuation Pause) 272M->225M(401M) 27.647ms
[275.543s][info][gc,cpu      ] GC(567) User=0.06s Sys=0.00s Real=0.03s
[275.785s][info][gc,start    ] GC(568) Pause Young (Mixed) (G1 Evacuation Pause)
[275.785s][info][gc,task     ] GC(568) Using 2 workers of 2 for evacuation
[275.807s][info][gc,phases   ] GC(568)   Pre Evacuate Collection Set: 0.23ms
[275.807s][info][gc,phases   ] GC(568)   Merge Heap Roots: 0.27ms
[275.807s][info][gc,phases   ] GC(568)   Evacuate Collection Set: 20.91ms
[275.807s][info][gc,phases   ] GC(568)   Post Evacuate Collection Set: 0.97ms
[275.807s][info][gc,phases   ] GC(568)   Other: 0.08ms
[275.807s][info][gc,heap     ] GC(568) Eden regions: 78->0(123)
[275.807s][info][gc,heap     ] GC(568) Survivor regions: 11->12(12)
[275.807s][info][gc,heap     ] GC(568) Old regions: 210->180
[275.807s][info][gc,heap     ] GC(568) Humongous regions: 4->4
[275.807s][info][gc,metaspace] GC(568) Metaspace: 42533K(42944K)->42533K(42944K) NonClass: 39716K(40000K)->39716K(40000K) Class: 2816K(2944K)->2816K(2944K)
[275.807s][info][gc          ] GC(568) Pause Young (Mixed) (G1 Evacuation Pause) 303M->196M(461M) 22.660ms
[275.807s][info][gc,cpu      ] GC(568) User=0.05s Sys=0.00s Real=0.02s
[276.244s][info][gc,start    ] GC(569) Pause Young (Mixed) (G1 Evacuation Pause)
[276.244s][info][gc,task     ] GC(569) Using 2 workers of 2 for evacuation
[276.303s][info][gc,phases   ] GC(569)   Pre Evacuate Collection Set: 0.32ms
[276.303s][info][gc,phases   ] GC(569)   Merge Heap Roots: 0.42ms
[276.303s][info][gc,phases   ] GC(569)   Evacuate Collection Set: 57.62ms
[276.303s][info][gc,phases   ] GC(569)   Post Evacuate Collection Set: 0.55ms
[276.303s][info][gc,phases   ] GC(569)   Other: 0.07ms
[276.303s][info][gc,heap     ] GC(569) Eden regions: 123->0(93)
[276.303s][info][gc,heap     ] GC(569) Survivor regions: 12->17(17)
[276.303s][info][gc,heap     ] GC(569) Old regions: 180->225
[276.303s][info][gc,heap     ] GC(569) Humongous regions: 5->5
[276.303s][info][gc,metaspace] GC(569) Metaspace: 42533K(42944K)->42533K(42944K) NonClass: 39716K(40000K)->39716K(40000K) Class: 2816K(2944K)->2816K(2944K)
[276.303s][info][gc          ] GC(569) Pause Young (Mixed) (G1 Evacuation Pause) 320M->246M(461M) 59.221ms
[276.303s][info][gc,cpu      ] GC(569) User=0.12s Sys=0.00s Real=0.06s
[276.622s][info][gc,start    ] GC(570) Pause Young (Concurrent Start) (G1 Evacuation Pause)
[276.622s][info][gc,task     ] GC(570) Using 2 workers of 2 for evacuation
[276.677s][info][gc,phases   ] GC(570)   Pre Evacuate Collection Set: 0.25ms
[276.677s][info][gc,phases   ] GC(570)   Merge Heap Roots: 0.29ms
[276.677s][info][gc,phases   ] GC(570)   Evacuate Collection Set: 53.89ms
[276.677s][info][gc,phases   ] GC(570)   Post Evacuate Collection Set: 0.47ms
[276.677s][info][gc,phases   ] GC(570)   Other: 0.09ms
[276.677s][info][gc,heap     ] GC(570) Eden regions: 93->0(65)
[276.677s][info][gc,heap     ] GC(570) Survivor regions: 17->14(14)
[276.677s][info][gc,heap     ] GC(570) Old regions: 225->286
[276.677s][info][gc,heap     ] GC(570) Humongous regions: 5->5
[276.677s][info][gc,metaspace] GC(570) Metaspace: 42533K(42944K)->42533K(42944K) NonClass: 39716K(40000K)->39716K(40000K) Class: 2816K(2944K)->2816K(2944K)
[276.677s][info][gc          ] GC(570) Pause Young (Concurrent Start) (G1 Evacuation Pause) 339M->305M(461M) 55.193ms
[276.677s][info][gc,cpu      ] GC(570) User=0.10s Sys=0.00s Real=0.05s
[276.677s][info][gc          ] GC(571) Concurrent Mark Cycle
[276.677s][info][gc,marking  ] GC(571) Concurrent Scan Root Regions
[276.707s][info][gc,marking  ] GC(571) Concurrent Scan Root Regions 29.419ms
[276.707s][info][gc,marking  ] GC(571) Concurrent Mark
[276.707s][info][gc,marking  ] GC(571) Concurrent Mark From Roots
[276.707s][info][gc,task     ] GC(571) Using 1 workers of 1 for marking
[276.831s][info][gc,marking  ] GC(571) Concurrent Mark From Roots 123.874ms
[276.831s][info][gc,marking  ] GC(571) Concurrent Preclean
[276.831s][info][gc,marking  ] GC(571) Concurrent Preclean 0.042ms
[276.831s][info][gc,start    ] GC(571) Pause Remark
[276.845s][info][gc          ] GC(571) Pause Remark 347M->308M(461M) 14.065ms
[276.845s][info][gc,cpu      ] GC(571) User=0.03s Sys=0.00s Real=0.02s
[276.847s][info][gc,marking  ] GC(571) Concurrent Mark 140.226ms
[276.847s][info][gc,marking  ] GC(571) Concurrent Rebuild Remembered Sets and Scrub Regions
[276.933s][info][gc,marking  ] GC(571) Concurrent Rebuild Remembered Sets and Scrub Regions 85.596ms
[276.933s][info][gc,start    ] GC(571) Pause Cleanup
[276.933s][info][gc          ] GC(571) Pause Cleanup 330M->330M(461M) 0.086ms
[276.933s][info][gc,cpu      ] GC(571) User=0.00s Sys=0.00s Real=0.00s
[276.933s][info][gc,marking  ] GC(571) Concurrent Clear Claimed Marks
[276.933s][info][gc,marking  ] GC(571) Concurrent Clear Claimed Marks 0.038ms
[276.933s][info][gc,marking  ] GC(571) Concurrent Cleanup for Next Mark
[276.935s][info][gc,marking  ] GC(571) Concurrent Cleanup for Next Mark 1.916ms
[276.935s][info][gc          ] GC(571) Concurrent Mark Cycle 257.595ms
[276.942s][info][gc,start    ] GC(572) Pause Young (Prepare Mixed) (G1 Evacuation Pause)
[276.942s][info][gc,task     ] GC(572) Using 2 workers of 2 for evacuation
[276.979s][info][gc,phases   ] GC(572)   Pre Evacuate Collection Set: 0.20ms
[276.979s][info][gc,phases   ] GC(572)   Merge Heap Roots: 0.38ms
[276.979s][info][gc,phases   ] GC(572)   Evacuate Collection Set: 35.79ms
[276.979s][info][gc,phases   ] GC(572)   Post Evacuate Collection Set: 0.38ms
[276.979s][info][gc,phases   ] GC(572)   Other: 0.10ms
[276.979s][info][gc,heap     ] GC(572) Eden regions: 65->0(66)
[276.979s][info][gc,heap     ] GC(572) Survivor regions: 14->10(10)
[276.979s][info][gc,heap     ] GC(572) Old regions: 248->288
[276.979s][info][gc,heap     ] GC(572) Humongous regions: 5->5
[276.979s][info][gc,metaspace] GC(572) Metaspace: 42533K(42944K)->42533K(42944K) NonClass: 39716K(40000K)->39716K(40000K) Class: 2816K(2944K)->2816K(2944K)
[276.979s][info][gc          ] GC(572) Pause Young (Prepare Mixed) (G1 Evacuation Pause) 332M->302M(461M) 37.023ms
[276.979s][info][gc,cpu      ] GC(572) User=0.07s Sys=0.00s Real=0.03s
[277.189s][info][gc,start    ] GC(573) Pause Young (Mixed) (G1 Evacuation Pause)
[277.189s][info][gc,task     ] GC(573) Using 2 workers of 2 for evacuation
[277.234s][info][gc,phases   ] GC(573)   Pre Evacuate Collection Set: 0.25ms
[277.234s][info][gc,phases   ] GC(573)   Merge Heap Roots: 0.26ms
[277.234s][info][gc,phases   ] GC(573)   Evacuate Collection Set: 43.40ms
[277.234s][info][gc,phases   ] GC(573)   Post Evacuate Collection Set: 0.43ms
[277.234s][info][gc,phases   ] GC(573)   Other: 0.09ms
[277.234s][info][gc,heap     ] GC(573) Eden regions: 66->0(60)
[277.234s][info][gc,heap     ] GC(573) Survivor regions: 10->10(10)
[277.234s][info][gc,heap     ] GC(573) Old regions: 288->291
[277.234s][info][gc,heap     ] GC(573) Humongous regions: 5->5
[277.234s][info][gc,metaspace] GC(573) Metaspace: 42533K(42944K)->42533K(42944K) NonClass: 39716K(40000K)->39716K(40000K) Class: 2816K(2944K)->2816K(2944K)
[277.234s][info][gc          ] GC(573) Pause Young (Mixed) (G1 Evacuation Pause) 368M->306M(461M) 44.641ms
[277.234s][info][gc,cpu      ] GC(573) User=0.09s Sys=0.00s Real=0.05s
[277.447s][info][gc,start    ] GC(574) Pause Young (Mixed) (G1 Evacuation Pause)
[277.447s][info][gc,task     ] GC(574) Using 2 workers of 2 for evacuation
[277.496s][info][gc,phases   ] GC(574)   Pre Evacuate Collection Set: 0.26ms
[277.497s][info][gc,phases   ] GC(574)   Merge Heap Roots: 0.50ms
[277.497s][info][gc,phases   ] GC(574)   Evacuate Collection Set: 47.07ms
[277.497s][info][gc,phases   ] GC(574)   Post Evacuate Collection Set: 1.75ms
[277.497s][info][gc,phases   ] GC(574)   Other: 0.07ms
[277.497s][info][gc,heap     ] GC(574) Eden regions: 60->0(134)
[277.497s][info][gc,heap     ] GC(574) Survivor regions: 10->9(9)
[277.497s][info][gc,heap     ] GC(574) Old regions: 291->297
[277.497s][info][gc,heap     ] GC(574) Humongous regions: 6->6
[277.497s][info][gc,metaspace] GC(574) Metaspace: 42533K(42944K)->42533K(42944K) NonClass: 39716K(40000K)->39716K(40000K) Class: 2816K(2944K)->2816K(2944K)
[277.497s][info][gc          ] GC(574) Pause Young (Mixed) (G1 Evacuation Pause) 367M->311M(638M) 49.847ms
[277.497s][info][gc,cpu      ] GC(574) User=0.09s Sys=0.00s Real=0.05s
[277.890s][info][gc,start    ] GC(575) Pause Young (Concurrent Start) (G1 Humongous Allocation)
[277.890s][info][gc,task     ] GC(575) Using 2 workers of 2 for evacuation
[277.942s][info][gc,phases   ] GC(575)   Pre Evacuate Collection Set: 0.28ms
[277.942s][info][gc,phases   ] GC(575)   Merge Heap Roots: 0.27ms
[277.942s][info][gc,phases   ] GC(575)   Evacuate Collection Set: 50.69ms
[277.942s][info][gc,phases   ] GC(575)   Post Evacuate Collection Set: 0.49ms
[277.942s][info][gc,phases   ] GC(575)   Other: 0.09ms
[277.942s][info][gc,heap     ] GC(575) Eden regions: 97->0(113)
[277.942s][info][gc,heap     ] GC(575) Survivor regions: 9->18(18)
[277.942s][info][gc,heap     ] GC(575) Old regions: 297->337
[277.942s][info][gc,heap     ] GC(575) Humongous regions: 6->6
[277.942s][info][gc,metaspace] GC(575) Metaspace: 42533K(42944K)->42533K(42944K) NonClass: 39716K(40000K)->39716K(40000K) Class: 2816K(2944K)->2816K(2944K)
[277.942s][info][gc          ] GC(575) Pause Young (Concurrent Start) (G1 Humongous Allocation) 408M->361M(638M) 52.047ms
[277.942s][info][gc          ] GC(576) Concurrent Mark Cycle
[277.942s][info][gc,marking  ] GC(576) Concurrent Scan Root Regions
[277.943s][info][gc,cpu      ] GC(575) User=0.09s Sys=0.01s Real=0.06s
[277.969s][info][gc,marking  ] GC(576) Concurrent Scan Root Regions 27.139ms
[277.969s][info][gc,marking  ] GC(576) Concurrent Mark
[277.969s][info][gc,marking  ] GC(576) Concurrent Mark From Roots
[277.969s][info][gc,task     ] GC(576) Using 1 workers of 1 for marking
[278.090s][info][gc,marking  ] GC(576) Concurrent Mark From Roots 120.222ms
[278.090s][info][gc,marking  ] GC(576) Concurrent Preclean
[278.090s][info][gc,marking  ] GC(576) Concurrent Preclean 0.048ms
[278.091s][info][gc,start    ] GC(576) Pause Remark
[278.105s][info][gc          ] GC(576) Pause Remark 401M->336M(638M) 14.122ms
[278.105s][info][gc,cpu      ] GC(576) User=0.03s Sys=0.00s Real=0.01s
[278.105s][info][gc,marking  ] GC(576) Concurrent Mark 135.999ms
[278.105s][info][gc,marking  ] GC(576) Concurrent Rebuild Remembered Sets and Scrub Regions
[278.184s][info][gc,marking  ] GC(576) Concurrent Rebuild Remembered Sets and Scrub Regions 78.778ms
[278.185s][info][gc,start    ] GC(576) Pause Cleanup
[278.185s][info][gc          ] GC(576) Pause Cleanup 359M->359M(638M) 0.125ms
[278.185s][info][gc,cpu      ] GC(576) User=0.00s Sys=0.00s Real=0.00s
[278.185s][info][gc,marking  ] GC(576) Concurrent Clear Claimed Marks
[278.185s][info][gc,marking  ] GC(576) Concurrent Clear Claimed Marks 0.044ms
[278.185s][info][gc,marking  ] GC(576) Concurrent Cleanup for Next Mark
[278.189s][info][gc,marking  ] GC(576) Concurrent Cleanup for Next Mark 3.522ms
[278.189s][info][gc          ] GC(576) Concurrent Mark Cycle 246.782ms
[278.359s][info][gc,start    ] GC(577) Pause Young (Prepare Mixed) (G1 Evacuation Pause)
[278.359s][info][gc,task     ] GC(577) Using 2 workers of 2 for evacuation
[278.399s][info][gc,phases   ] GC(577)   Pre Evacuate Collection Set: 0.26ms
[278.399s][info][gc,phases   ] GC(577)   Merge Heap Roots: 0.58ms
[278.399s][info][gc,phases   ] GC(577)   Evacuate Collection Set: 38.66ms
[278.399s][info][gc,phases   ] GC(577)   Post Evacuate Collection Set: 0.45ms
[278.399s][info][gc,phases   ] GC(577)   Other: 0.08ms
[278.399s][info][gc,heap     ] GC(577) Eden regions: 113->0(139)
[278.399s][info][gc,heap     ] GC(577) Survivor regions: 18->17(17)
[278.399s][info][gc,heap     ] GC(577) Old regions: 274->293
[278.399s][info][gc,heap     ] GC(577) Humongous regions: 5->5
[278.399s][info][gc,metaspace] GC(577) Metaspace: 42533K(42944K)->42533K(42944K) NonClass: 39717K(40000K)->39717K(40000K) Class: 2816K(2944K)->2816K(2944K)
[278.399s][info][gc          ] GC(577) Pause Young (Prepare Mixed) (G1 Evacuation Pause) 410M->315M(638M) 40.237ms
[278.399s][info][gc,cpu      ] GC(577) User=0.07s Sys=0.01s Real=0.04s
[278.850s][info][gc,start    ] GC(578) Pause Young (Mixed) (G1 Evacuation Pause)
[278.850s][info][gc,task     ] GC(578) Using 2 workers of 2 for evacuation
[278.877s][info][gc,phases   ] GC(578)   Pre Evacuate Collection Set: 0.28ms
[278.877s][info][gc,phases   ] GC(578)   Merge Heap Roots: 0.25ms
[278.877s][info][gc,phases   ] GC(578)   Evacuate Collection Set: 26.32ms
[278.877s][info][gc,phases   ] GC(578)   Post Evacuate Collection Set: 0.52ms
[278.877s][info][gc,phases   ] GC(578)   Other: 0.09ms
[278.877s][info][gc,heap     ] GC(578) Eden regions: 139->0(174)
[278.877s][info][gc,heap     ] GC(578) Survivor regions: 17->15(20)
[278.877s][info][gc,heap     ] GC(578) Old regions: 293->236
[278.877s][info][gc,heap     ] GC(578) Humongous regions: 5->5
[278.877s][info][gc,metaspace] GC(578) Metaspace: 42533K(42944K)->42533K(42944K) NonClass: 39717K(40000K)->39717K(40000K) Class: 2816K(2944K)->2816K(2944K)
[278.877s][info][gc          ] GC(578) Pause Young (Mixed) (G1 Evacuation Pause) 454M->256M(638M) 27.661ms
[278.877s][info][gc,cpu      ] GC(578) User=0.04s Sys=0.01s Real=0.03s
[279.465s][info][gc,start    ] GC(579) Pause Young (Mixed) (G1 Evacuation Pause)
[279.465s][info][gc,task     ] GC(579) Using 2 workers of 2 for evacuation
[279.500s][info][gc,phases   ] GC(579)   Pre Evacuate Collection Set: 0.28ms
[279.500s][info][gc,phases   ] GC(579)   Merge Heap Roots: 0.49ms
[279.500s][info][gc,phases   ] GC(579)   Evacuate Collection Set: 32.92ms
[279.500s][info][gc,phases   ] GC(579)   Post Evacuate Collection Set: 0.55ms
[279.500s][info][gc,phases   ] GC(579)   Other: 0.07ms
[279.500s][info][gc,heap     ] GC(579) Eden regions: 174->0(194)
[279.500s][info][gc,heap     ] GC(579) Survivor regions: 15->24(24)
[279.500s][info][gc,heap     ] GC(579) Old regions: 236->199
[279.500s][info][gc,heap     ] GC(579) Humongous regions: 7->6
[279.500s][info][gc,metaspace] GC(579) Metaspace: 42534K(42944K)->42534K(42944K) NonClass: 39718K(40000K)->39718K(40000K) Class: 2816K(2944K)->2816K(2944K)
[279.500s][info][gc          ] GC(579) Pause Young (Mixed) (G1 Evacuation Pause) 432M->228M(638M) 34.526ms
[279.500s][info][gc,cpu      ] GC(579) User=0.07s Sys=0.00s Real=0.03s
[279.906s][info][gc,start    ] GC(580) Pause Young (Concurrent Start) (G1 Humongous Allocation)
[279.906s][info][gc,task     ] GC(580) Using 2 workers of 2 for evacuation
[279.927s][info][gc,phases   ] GC(580)   Pre Evacuate Collection Set: 0.25ms
[279.927s][info][gc,phases   ] GC(580)   Merge Heap Roots: 0.12ms
[279.927s][info][gc,phases   ] GC(580)   Evacuate Collection Set: 20.39ms
[279.928s][info][gc,phases   ] GC(580)   Post Evacuate Collection Set: 0.44ms
[279.928s][info][gc,phases   ] GC(580)   Other: 0.15ms
[279.928s][info][gc,heap     ] GC(580) Eden regions: 128->0(203)
[279.928s][info][gc,heap     ] GC(580) Survivor regions: 24->14(28)
[279.928s][info][gc,heap     ] GC(580) Old regions: 199->217
[279.928s][info][gc,heap     ] GC(580) Humongous regions: 6->6
[279.928s][info][gc,metaspace] GC(580) Metaspace: 42534K(42944K)->42534K(42944K) NonClass: 39718K(40000K)->39718K(40000K) Class: 2816K(2944K)->2816K(2944K)
[279.928s][info][gc          ] GC(580) Pause Young (Concurrent Start) (G1 Humongous Allocation) 356M->237M(638M) 21.554ms
[279.928s][info][gc,cpu      ] GC(580) User=0.05s Sys=0.00s Real=0.02s
[279.928s][info][gc          ] GC(581) Concurrent Mark Cycle
[279.928s][info][gc,marking  ] GC(581) Concurrent Scan Root Regions
[279.939s][info][gc,marking  ] GC(581) Concurrent Scan Root Regions 11.250ms
[279.939s][info][gc,marking  ] GC(581) Concurrent Mark
[279.939s][info][gc,marking  ] GC(581) Concurrent Mark From Roots
[279.939s][info][gc,task     ] GC(581) Using 1 workers of 1 for marking
[280.023s][info][gc,marking  ] GC(581) Concurrent Mark From Roots 84.089ms
[280.023s][info][gc,marking  ] GC(581) Concurrent Preclean
[280.023s][info][gc,marking  ] GC(581) Concurrent Preclean 0.039ms
[280.023s][info][gc,start    ] GC(581) Pause Remark
[280.037s][info][gc          ] GC(581) Pause Remark 266M->175M(490M) 13.874ms
[280.037s][info][gc,cpu      ] GC(581) User=0.02s Sys=0.00s Real=0.01s
[280.039s][info][gc,marking  ] GC(581) Concurrent Mark 100.036ms
[280.039s][info][gc,marking  ] GC(581) Concurrent Rebuild Remembered Sets and Scrub Regions
[280.078s][info][gc,marking  ] GC(581) Concurrent Rebuild Remembered Sets and Scrub Regions 38.652ms
[280.078s][info][gc,start    ] GC(581) Pause Cleanup
[280.078s][info][gc          ] GC(581) Pause Cleanup 187M->187M(490M) 0.060ms
[280.078s][info][gc,cpu      ] GC(581) User=0.00s Sys=0.00s Real=0.00s
[280.078s][info][gc,marking  ] GC(581) Concurrent Clear Claimed Marks
[280.078s][info][gc,marking  ] GC(581) Concurrent Clear Claimed Marks 0.047ms
[280.078s][info][gc,marking  ] GC(581) Concurrent Cleanup for Next Mark
[280.079s][info][gc,marking  ] GC(581) Concurrent Cleanup for Next Mark 1.390ms
[280.079s][info][gc          ] GC(581) Concurrent Mark Cycle 151.878ms
[280.593s][info][gc,start    ] GC(582) Pause Young (Prepare Mixed) (G1 Evacuation Pause)
[280.593s][info][gc,task     ] GC(582) Using 2 workers of 2 for evacuation
[280.604s][info][gc,phases   ] GC(582)   Pre Evacuate Collection Set: 0.27ms
[280.604s][info][gc,phases   ] GC(582)   Merge Heap Roots: 0.15ms
[280.604s][info][gc,phases   ] GC(582)   Evacuate Collection Set: 10.05ms
[280.604s][info][gc,phases   ] GC(582)   Post Evacuate Collection Set: 0.46ms
[280.604s][info][gc,phases   ] GC(582)   Other: 0.07ms
[280.604s][info][gc,heap     ] GC(582) Eden regions: 203->0(194)
[280.604s][info][gc,heap     ] GC(582) Survivor regions: 14->13(28)
[280.604s][info][gc,heap     ] GC(582) Old regions: 128->128
[280.604s][info][gc,heap     ] GC(582) Humongous regions: 7->4
[280.604s][info][gc,metaspace] GC(582) Metaspace: 42535K(42944K)->42535K(42944K) NonClass: 39718K(40000K)->39718K(40000K) Class: 2816K(2944K)->2816K(2944K)
[280.604s][info][gc          ] GC(582) Pause Young (Prepare Mixed) (G1 Evacuation Pause) 352M->145M(490M) 11.228ms
[280.604s][info][gc,cpu      ] GC(582) User=0.02s Sys=0.00s Real=0.01s
[281.220s][info][gc,start    ] GC(583) Pause Young (Mixed) (G1 Evacuation Pause)
[281.220s][info][gc,task     ] GC(583) Using 2 workers of 2 for evacuation
[281.238s][info][gc,phases   ] GC(583)   Pre Evacuate Collection Set: 0.26ms
[281.238s][info][gc,phases   ] GC(583)   Merge Heap Roots: 0.12ms
[281.238s][info][gc,phases   ] GC(583)   Evacuate Collection Set: 17.11ms
[281.238s][info][gc,phases   ] GC(583)   Post Evacuate Collection Set: 0.50ms
[281.238s][info][gc,phases   ] GC(583)   Other: 0.07ms
[281.238s][info][gc,heap     ] GC(583) Eden regions: 194->0(210)
[281.238s][info][gc,heap     ] GC(583) Survivor regions: 13->25(26)
[281.238s][info][gc,heap     ] GC(583) Old regions: 128->104
[281.238s][info][gc,heap     ] GC(583) Humongous regions: 6->4
[281.238s][info][gc,metaspace] GC(583) Metaspace: 42535K(42944K)->42535K(42944K) NonClass: 39718K(40000K)->39718K(40000K) Class: 2816K(2944K)->2816K(2944K)
[281.238s][info][gc          ] GC(583) Pause Young (Mixed) (G1 Evacuation Pause) 341M->132M(490M) 18.263ms
[281.238s][info][gc,cpu      ] GC(583) User=0.03s Sys=0.01s Real=0.02s
[281.280s][info][gc,start    ] GC(584) Pause Young (Concurrent Start) (G1 Humongous Allocation)
[281.280s][info][gc,task     ] GC(584) Using 2 workers of 2 for evacuation
[281.302s][info][gc,phases   ] GC(584)   Pre Evacuate Collection Set: 0.21ms
[281.302s][info][gc,phases   ] GC(584)   Merge Heap Roots: 0.08ms
[281.302s][info][gc,phases   ] GC(584)   Evacuate Collection Set: 21.21ms
[281.302s][info][gc,phases   ] GC(584)   Post Evacuate Collection Set: 0.33ms
[281.302s][info][gc,phases   ] GC(584)   Other: 0.15ms
[281.302s][info][gc,heap     ] GC(584) Eden regions: 15->0(164)
[281.302s][info][gc,heap     ] GC(584) Survivor regions: 25->10(30)
[281.302s][info][gc,heap     ] GC(584) Old regions: 104->128
[281.302s][info][gc,heap     ] GC(584) Humongous regions: 4->4
[281.302s][info][gc,metaspace] GC(584) Metaspace: 42535K(42944K)->42535K(42944K) NonClass: 39718K(40000K)->39718K(40000K) Class: 2816K(2944K)->2816K(2944K)
[281.302s][info][gc          ] GC(584) Pause Young (Concurrent Start) (G1 Humongous Allocation) 146M->142M(490M) 22.165ms
[281.302s][info][gc,cpu      ] GC(584) User=0.04s Sys=0.00s Real=0.03s
[281.302s][info][gc          ] GC(585) Concurrent Mark Cycle
[281.302s][info][gc,marking  ] GC(585) Concurrent Scan Root Regions
[281.316s][info][gc,marking  ] GC(585) Concurrent Scan Root Regions 14.549ms
[281.316s][info][gc,marking  ] GC(585) Concurrent Mark
[281.316s][info][gc,marking  ] GC(585) Concurrent Mark From Roots
[281.316s][info][gc,task     ] GC(585) Using 1 workers of 1 for marking
[281.418s][info][gc,marking  ] GC(585) Concurrent Mark From Roots 101.872ms
[281.418s][info][gc,marking  ] GC(585) Concurrent Preclean
[281.418s][info][gc,marking  ] GC(585) Concurrent Preclean 0.042ms
[281.419s][info][gc,start    ] GC(585) Pause Remark
[281.433s][info][gc          ] GC(585) Pause Remark 176M->176M(477M) 14.178ms
[281.433s][info][gc,cpu      ] GC(585) User=0.03s Sys=0.00s Real=0.02s
[281.433s][info][gc,marking  ] GC(585) Concurrent Mark 116.373ms
[281.433s][info][gc,marking  ] GC(585) Concurrent Rebuild Remembered Sets and Scrub Regions
[281.488s][info][gc,marking  ] GC(585) Concurrent Rebuild Remembered Sets and Scrub Regions 54.755ms
[281.488s][info][gc,start    ] GC(585) Pause Cleanup
[281.488s][info][gc          ] GC(585) Pause Cleanup 195M->195M(477M) 0.053ms
[281.488s][info][gc,cpu      ] GC(585) User=0.00s Sys=0.00s Real=0.00s
[281.488s][info][gc,marking  ] GC(585) Concurrent Clear Claimed Marks
[281.488s][info][gc,marking  ] GC(585) Concurrent Clear Claimed Marks 0.038ms
[281.488s][info][gc,marking  ] GC(585) Concurrent Cleanup for Next Mark
[281.489s][info][gc,marking  ] GC(585) Concurrent Cleanup for Next Mark 1.355ms
[281.489s][info][gc          ] GC(585) Concurrent Mark Cycle 187.449ms
[281.818s][info][gc,start    ] GC(586) Pause Young (Prepare Mixed) (G1 Evacuation Pause)
[281.818s][info][gc,task     ] GC(586) Using 2 workers of 2 for evacuation
[281.848s][info][gc,phases   ] GC(586)   Pre Evacuate Collection Set: 0.22ms
[281.848s][info][gc,phases   ] GC(586)   Merge Heap Roots: 0.20ms
[281.848s][info][gc,phases   ] GC(586)   Evacuate Collection Set: 28.68ms
[281.848s][info][gc,phases   ] GC(586)   Post Evacuate Collection Set: 0.52ms
[281.848s][info][gc,phases   ] GC(586)   Other: 0.07ms
[281.848s][info][gc,heap     ] GC(586) Eden regions: 164->0(151)
[281.848s][info][gc,heap     ] GC(586) Survivor regions: 10->22(22)
[281.848s][info][gc,heap     ] GC(586) Old regions: 128->149
[281.848s][info][gc,heap     ] GC(586) Humongous regions: 7->5
[281.848s][info][gc,metaspace] GC(586) Metaspace: 42536K(42944K)->42536K(42944K) NonClass: 39719K(40000K)->39719K(40000K) Class: 2816K(2944K)->2816K(2944K)
[281.848s][info][gc          ] GC(586) Pause Young (Prepare Mixed) (G1 Evacuation Pause) 309M->175M(477M) 29.903ms
[281.848s][info][gc,cpu      ] GC(586) User=0.06s Sys=0.00s Real=0.03s
[282.258s][info][gc,start    ] GC(587) Pause Young (Mixed) (G1 Evacuation Pause)
[282.258s][info][gc,task     ] GC(587) Using 2 workers of 2 for evacuation
[282.281s][info][gc,phases   ] GC(587)   Pre Evacuate Collection Set: 0.22ms
[282.282s][info][gc,phases   ] GC(587)   Merge Heap Roots: 0.26ms
[282.282s][info][gc,phases   ] GC(587)   Evacuate Collection Set: 22.41ms
[282.282s][info][gc,phases   ] GC(587)   Post Evacuate Collection Set: 0.42ms
[282.282s][info][gc,phases   ] GC(587)   Other: 0.07ms
[282.282s][info][gc,heap     ] GC(587) Eden regions: 151->0(168)
[282.282s][info][gc,heap     ] GC(587) Survivor regions: 22->2(22)
[282.282s][info][gc,heap     ] GC(587) Old regions: 149->163
[282.282s][info][gc,heap     ] GC(587) Humongous regions: 5->5
[282.282s][info][gc,metaspace] GC(587) Metaspace: 42536K(42944K)->42536K(42944K) NonClass: 39719K(40000K)->39719K(40000K) Class: 2816K(2944K)->2816K(2944K)
[282.282s][info][gc          ] GC(587) Pause Young (Mixed) (G1 Evacuation Pause) 326M->169M(477M) 23.586ms
[282.282s][info][gc,cpu      ] GC(587) User=0.04s Sys=0.00s Real=0.03s
[282.686s][info][gc,start    ] GC(588) Pause Young (Concurrent Start) (G1 Humongous Allocation)
[282.686s][info][gc,task     ] GC(588) Using 2 workers of 2 for evacuation
[282.688s][info][gc,phases   ] GC(588)   Pre Evacuate Collection Set: 0.23ms
[282.688s][info][gc,phases   ] GC(588)   Merge Heap Roots: 0.05ms
[282.688s][info][gc,phases   ] GC(588)   Evacuate Collection Set: 1.49ms
[282.688s][info][gc,phases   ] GC(588)   Post Evacuate Collection Set: 0.37ms
[282.688s][info][gc,phases   ] GC(588)   Other: 0.10ms
[282.688s][info][gc,heap     ] GC(588) Eden regions: 137->0(182)
[282.688s][info][gc,heap     ] GC(588) Survivor regions: 2->2(22)
[282.688s][info][gc,heap     ] GC(588) Old regions: 163->163
[282.688s][info][gc,heap     ] GC(588) Humongous regions: 5->5
[282.688s][info][gc,metaspace] GC(588) Metaspace: 42537K(42944K)->42537K(42944K) NonClass: 39720K(40000K)->39720K(40000K) Class: 2816K(2944K)->2816K(2944K)
[282.688s][info][gc          ] GC(588) Pause Young (Concurrent Start) (G1 Humongous Allocation) 306M->169M(477M) 2.408ms
[282.688s][info][gc,cpu      ] GC(588) User=0.01s Sys=0.00s Real=0.00s
[282.688s][info][gc          ] GC(589) Concurrent Mark Cycle
[282.688s][info][gc,marking  ] GC(589) Concurrent Scan Root Regions
[282.689s][info][gc,marking  ] GC(589) Concurrent Scan Root Regions 0.760ms
[282.689s][info][gc,marking  ] GC(589) Concurrent Mark
[282.689s][info][gc,marking  ] GC(589) Concurrent Mark From Roots
[282.689s][info][gc,task     ] GC(589) Using 1 workers of 1 for marking
[282.771s][info][gc,marking  ] GC(589) Concurrent Mark From Roots 81.610ms
[282.771s][info][gc,marking  ] GC(589) Concurrent Preclean
[282.771s][info][gc,marking  ] GC(589) Concurrent Preclean 0.037ms
[282.771s][info][gc,start    ] GC(589) Pause Remark
[282.785s][info][gc          ] GC(589) Pause Remark 198M->137M(367M) 14.054ms
[282.785s][info][gc,cpu      ] GC(589) User=0.03s Sys=0.00s Real=0.02s
[282.787s][info][gc,marking  ] GC(589) Concurrent Mark 98.205ms
[282.787s][info][gc,marking  ] GC(589) Concurrent Rebuild Remembered Sets and Scrub Regions
[282.819s][info][gc,marking  ] GC(589) Concurrent Rebuild Remembered Sets and Scrub Regions 32.172ms
[282.819s][info][gc,start    ] GC(589) Pause Cleanup
[282.819s][info][gc          ] GC(589) Pause Cleanup 149M->149M(367M) 0.052ms
[282.819s][info][gc,cpu      ] GC(589) User=0.00s Sys=0.00s Real=0.00s
[282.820s][info][gc,marking  ] GC(589) Concurrent Clear Claimed Marks
[282.820s][info][gc,marking  ] GC(589) Concurrent Clear Claimed Marks 0.034ms
[282.820s][info][gc,marking  ] GC(589) Concurrent Cleanup for Next Mark
[282.821s][info][gc,marking  ] GC(589) Concurrent Cleanup for Next Mark 1.024ms
[282.821s][info][gc          ] GC(589) Concurrent Mark Cycle 132.499ms
[283.217s][info][gc,start    ] GC(590) Pause Young (Prepare Mixed) (G1 Evacuation Pause)
[283.217s][info][gc,task     ] GC(590) Using 2 workers of 2 for evacuation
[283.222s][info][gc,phases   ] GC(590)   Pre Evacuate Collection Set: 0.18ms
[283.222s][info][gc,phases   ] GC(590)   Merge Heap Roots: 0.07ms
[283.222s][info][gc,phases   ] GC(590)   Evacuate Collection Set: 4.10ms
[283.222s][info][gc,phases   ] GC(590)   Post Evacuate Collection Set: 0.42ms
[283.222s][info][gc,phases   ] GC(590)   Other: 0.07ms
[283.222s][info][gc,heap     ] GC(590) Eden regions: 182->0(167)
[283.222s][info][gc,heap     ] GC(590) Survivor regions: 2->6(23)
[283.222s][info][gc,heap     ] GC(590) Old regions: 104->104
[283.222s][info][gc,heap     ] GC(590) Humongous regions: 4->1
[283.222s][info][gc,metaspace] GC(590) Metaspace: 42537K(42944K)->42537K(42944K) NonClass: 39720K(40000K)->39720K(40000K) Class: 2816K(2944K)->2816K(2944K)
[283.222s][info][gc          ] GC(590) Pause Young (Prepare Mixed) (G1 Evacuation Pause) 291M->110M(367M) 5.004ms
[283.222s][info][gc,cpu      ] GC(590) User=0.00s Sys=0.00s Real=0.01s
[283.477s][info][gc,start    ] GC(591) Pause Young (Mixed) (G1 Evacuation Pause)
[283.477s][info][gc,task     ] GC(591) Using 2 workers of 2 for evacuation
[283.484s][info][gc,phases   ] GC(591)   Pre Evacuate Collection Set: 0.20ms
[283.484s][info][gc,phases   ] GC(591)   Merge Heap Roots: 0.09ms
[283.484s][info][gc,phases   ] GC(591)   Evacuate Collection Set: 6.06ms
[283.484s][info][gc,phases   ] GC(591)   Post Evacuate Collection Set: 0.47ms
[283.484s][info][gc,phases   ] GC(591)   Other: 0.07ms
[283.484s][info][gc,heap     ] GC(591) Eden regions: 167->0(193)
[283.484s][info][gc,heap     ] GC(591) Survivor regions: 6->4(22)
[283.484s][info][gc,heap     ] GC(591) Old regions: 104->75
[283.484s][info][gc,heap     ] GC(591) Humongous regions: 1->1
[283.484s][info][gc,metaspace] GC(591) Metaspace: 42537K(42944K)->42537K(42944K) NonClass: 39720K(40000K)->39720K(40000K) Class: 2816K(2944K)->2816K(2944K)
[283.484s][info][gc          ] GC(591) Pause Young (Mixed) (G1 Evacuation Pause) 277M->79M(367M) 7.056ms
[283.484s][info][gc,cpu      ] GC(591) User=0.01s Sys=0.00s Real=0.01s
[283.782s][info][gc,start    ] GC(592) Pause Young (Concurrent Start) (G1 Evacuation Pause)
[283.782s][info][gc,task     ] GC(592) Using 2 workers of 2 for evacuation
[283.787s][info][gc,phases   ] GC(592)   Pre Evacuate Collection Set: 0.22ms
[283.787s][info][gc,phases   ] GC(592)   Merge Heap Roots: 0.06ms
[283.787s][info][gc,phases   ] GC(592)   Evacuate Collection Set: 4.11ms
[283.787s][info][gc,phases   ] GC(592)   Post Evacuate Collection Set: 0.45ms
[283.787s][info][gc,phases   ] GC(592)   Other: 0.11ms
[283.787s][info][gc,heap     ] GC(592) Eden regions: 193->0(202)
[283.787s][info][gc,heap     ] GC(592) Survivor regions: 4->6(25)
[283.787s][info][gc,heap     ] GC(592) Old regions: 75->75
[283.787s][info][gc,heap     ] GC(592) Humongous regions: 1->1
[283.787s][info][gc,metaspace] GC(592) Metaspace: 42537K(42944K)->42537K(42944K) NonClass: 39720K(40000K)->39720K(40000K) Class: 2816K(2944K)->2816K(2944K)
[283.787s][info][gc          ] GC(592) Pause Young (Concurrent Start) (G1 Evacuation Pause) 272M->81M(367M) 5.130ms
[283.787s][info][gc,cpu      ] GC(592) User=0.01s Sys=0.00s Real=0.00s
[283.787s][info][gc          ] GC(593) Concurrent Mark Cycle
[283.787s][info][gc,marking  ] GC(593) Concurrent Scan Root Regions
[283.790s][info][gc,marking  ] GC(593) Concurrent Scan Root Regions 2.523ms
[283.790s][info][gc,marking  ] GC(593) Concurrent Mark
[283.790s][info][gc,marking  ] GC(593) Concurrent Mark From Roots
[283.790s][info][gc,task     ] GC(593) Using 1 workers of 1 for marking
[283.864s][info][gc,marking  ] GC(593) Concurrent Mark From Roots 74.474ms
[283.864s][info][gc,marking  ] GC(593) Concurrent Preclean
[283.864s][info][gc,marking  ] GC(593) Concurrent Preclean 0.035ms
[283.864s][info][gc,start    ] GC(593) Pause Remark
[283.879s][info][gc          ] GC(593) Pause Remark 132M->128M(260M) 14.101ms
[283.879s][info][gc,cpu      ] GC(593) User=0.03s Sys=0.00s Real=0.01s
[283.879s][info][gc,marking  ] GC(593) Concurrent Mark 88.820ms
[283.879s][info][gc,marking  ] GC(593) Concurrent Rebuild Remembered Sets and Scrub Regions
[283.910s][info][gc,marking  ] GC(593) Concurrent Rebuild Remembered Sets and Scrub Regions 31.533ms
[283.910s][info][gc,start    ] GC(593) Pause Cleanup
[283.910s][info][gc          ] GC(593) Pause Cleanup 144M->144M(260M) 0.044ms
[283.910s][info][gc,cpu      ] GC(593) User=0.00s Sys=0.00s Real=0.00s
[283.910s][info][gc,marking  ] GC(593) Concurrent Clear Claimed Marks
[283.910s][info][gc,marking  ] GC(593) Concurrent Clear Claimed Marks 0.035ms
[283.910s][info][gc,marking  ] GC(593) Concurrent Cleanup for Next Mark
[283.911s][info][gc,marking  ] GC(593) Concurrent Cleanup for Next Mark 0.735ms
[283.911s][info][gc          ] GC(593) Concurrent Mark Cycle 123.873ms
[284.325s][info][gc,start    ] GC(594) Pause Young (Prepare Mixed) (G1 Evacuation Pause)
[284.325s][info][gc,task     ] GC(594) Using 2 workers of 2 for evacuation
[284.335s][info][gc,phases   ] GC(594)   Pre Evacuate Collection Set: 0.24ms
[284.335s][info][gc,phases   ] GC(594)   Merge Heap Roots: 0.07ms
[284.335s][info][gc,phases   ] GC(594)   Evacuate Collection Set: 9.58ms
[284.335s][info][gc,phases   ] GC(594)   Post Evacuate Collection Set: 0.68ms
[284.335s][info][gc,phases   ] GC(594)   Other: 0.07ms
[284.335s][info][gc,heap     ] GC(594) Eden regions: 132->0(224)
[284.335s][info][gc,heap     ] GC(594) Survivor regions: 6->8(26)
[284.335s][info][gc,heap     ] GC(594) Old regions: 71->71
[284.335s][info][gc,heap     ] GC(594) Humongous regions: 171->3
[284.335s][info][gc,metaspace] GC(594) Metaspace: 42539K(42944K)->42539K(42944K) NonClass: 39722K(40000K)->39722K(40000K) Class: 2816K(2944K)->2816K(2944K)
[284.335s][info][gc          ] GC(594) Pause Young (Prepare Mixed) (G1 Evacuation Pause) 379M->81M(388M) 10.821ms
[284.335s][info][gc,cpu      ] GC(594) User=0.01s Sys=0.01s Real=0.01s
[284.948s][info][gc,start    ] GC(595) Pause Young (Mixed) (G1 Evacuation Pause)
[284.949s][info][gc,task     ] GC(595) Using 2 workers of 2 for evacuation
[284.976s][info][gc,phases   ] GC(595)   Pre Evacuate Collection Set: 0.36ms
[284.976s][info][gc,phases   ] GC(595)   Merge Heap Roots: 0.42ms
[284.976s][info][gc,phases   ] GC(595)   Evacuate Collection Set: 25.43ms
[284.976s][info][gc,phases   ] GC(595)   Post Evacuate Collection Set: 1.18ms
[284.976s][info][gc,phases   ] GC(595)   Other: 0.07ms
[284.976s][info][gc,heap     ] GC(595) Eden regions: 64->0(318)
[284.976s][info][gc,heap     ] GC(595) Survivor regions: 8->13(29)
[284.976s][info][gc,heap     ] GC(595) Old regions: 71->63
[284.976s][info][gc,heap     ] GC(595) Humongous regions: 393->3
[284.976s][info][gc,metaspace] GC(595) Metaspace: 42539K(42944K)->42539K(42944K) NonClass: 39722K(40000K)->39722K(40000K) Class: 2816K(2944K)->2816K(2944K)
[284.976s][info][gc          ] GC(595) Pause Young (Mixed) (G1 Evacuation Pause) 535M->77M(552M) 27.676ms
[284.976s][info][gc,cpu      ] GC(595) User=0.04s Sys=0.02s Real=0.03s
[284.978s][info][gc,start    ] GC(596) Pause Young (Concurrent Start) (G1 Humongous Allocation)
[284.978s][info][gc,task     ] GC(596) Using 2 workers of 2 for evacuation
[284.988s][info][gc,phases   ] GC(596)   Pre Evacuate Collection Set: 0.21ms
[284.988s][info][gc,phases   ] GC(596)   Merge Heap Roots: 0.04ms
[284.988s][info][gc,phases   ] GC(596)   Evacuate Collection Set: 9.26ms
[284.988s][info][gc,phases   ] GC(596)   Post Evacuate Collection Set: 0.30ms
[284.988s][info][gc,phases   ] GC(596)   Other: 0.11ms
[284.988s][info][gc,heap     ] GC(596) Eden regions: 1->0(318)
[284.988s][info][gc,heap     ] GC(596) Survivor regions: 13->13(42)
[284.988s][info][gc,heap     ] GC(596) Old regions: 63->63
[284.988s][info][gc,heap     ] GC(596) Humongous regions: 3->1
[284.988s][info][gc,metaspace] GC(596) Metaspace: 42539K(42944K)->42539K(42944K) NonClass: 39722K(40000K)->39722K(40000K) Class: 2816K(2944K)->2816K(2944K)
[284.988s][info][gc          ] GC(596) Pause Young (Concurrent Start) (G1 Humongous Allocation) 77M->75M(552M) 10.067ms
[284.988s][info][gc,cpu      ] GC(596) User=0.02s Sys=0.00s Real=0.01s
[284.988s][info][gc          ] GC(597) Concurrent Mark Cycle
[284.988s][info][gc,marking  ] GC(597) Concurrent Scan Root Regions
[284.995s][info][gc,marking  ] GC(597) Concurrent Scan Root Regions 6.903ms
[284.995s][info][gc,marking  ] GC(597) Concurrent Mark
[284.995s][info][gc,marking  ] GC(597) Concurrent Mark From Roots
[284.995s][info][gc,task     ] GC(597) Using 1 workers of 1 for marking
[285.065s][info][gc,marking  ] GC(597) Concurrent Mark From Roots 69.587ms
[285.065s][info][gc,marking  ] GC(597) Concurrent Preclean
[285.065s][info][gc,marking  ] GC(597) Concurrent Preclean 0.036ms
[285.065s][info][gc,start    ] GC(597) Pause Remark
[285.079s][info][gc          ] GC(597) Pause Remark 140M->140M(444M) 14.266ms
[285.079s][info][gc,cpu      ] GC(597) User=0.02s Sys=0.00s Real=0.01s
[285.079s][info][gc,marking  ] GC(597) Concurrent Mark 84.201ms
[285.079s][info][gc,marking  ] GC(597) Concurrent Rebuild Remembered Sets and Scrub Regions
[285.112s][info][gc,marking  ] GC(597) Concurrent Rebuild Remembered Sets and Scrub Regions 33.219ms
[285.112s][info][gc,start    ] GC(597) Pause Cleanup
[285.113s][info][gc          ] GC(597) Pause Cleanup 159M->159M(444M) 0.059ms
[285.113s][info][gc,cpu      ] GC(597) User=0.00s Sys=0.00s Real=0.00s
[285.113s][info][gc,marking  ] GC(597) Concurrent Clear Claimed Marks
[285.113s][info][gc,marking  ] GC(597) Concurrent Clear Claimed Marks 0.040ms
[285.113s][info][gc,marking  ] GC(597) Concurrent Cleanup for Next Mark
[285.116s][info][gc,marking  ] GC(597) Concurrent Cleanup for Next Mark 2.903ms
[285.116s][info][gc          ] GC(597) Concurrent Mark Cycle 127.591ms
[285.629s][info][gc,start    ] GC(598) Pause Young (Prepare Mixed) (G1 Evacuation Pause)
[285.629s][info][gc,task     ] GC(598) Using 2 workers of 2 for evacuation
[285.659s][info][gc,phases   ] GC(598)   Pre Evacuate Collection Set: 0.29ms
[285.659s][info][gc,phases   ] GC(598)   Merge Heap Roots: 0.07ms
[285.659s][info][gc,phases   ] GC(598)   Evacuate Collection Set: 28.56ms
[285.659s][info][gc,phases   ] GC(598)   Post Evacuate Collection Set: 1.05ms
[285.659s][info][gc,phases   ] GC(598)   Other: 0.07ms
[285.659s][info][gc,heap     ] GC(598) Eden regions: 73->0(313)
[285.659s][info][gc,heap     ] GC(598) Survivor regions: 13->23(40)
[285.659s][info][gc,heap     ] GC(598) Old regions: 63->63
[285.659s][info][gc,heap     ] GC(598) Humongous regions: 389->1
[285.659s][info][gc,metaspace] GC(598) Metaspace: 42539K(42944K)->42539K(42944K) NonClass: 39722K(40000K)->39722K(40000K) Class: 2816K(2944K)->2816K(2944K)
[285.659s][info][gc          ] GC(598) Pause Young (Prepare Mixed) (G1 Evacuation Pause) 536M->85M(561M) 30.273ms
[285.659s][info][gc,cpu      ] GC(598) User=0.04s Sys=0.02s Real=0.03s
[286.318s][info][gc,start    ] GC(599) Pause Young (Mixed) (G1 Evacuation Pause)
[286.318s][info][gc,task     ] GC(599) Using 2 workers of 2 for evacuation
[286.330s][info][gc,phases   ] GC(599)   Pre Evacuate Collection Set: 0.28ms
[286.330s][info][gc,phases   ] GC(599)   Merge Heap Roots: 0.10ms
[286.330s][info][gc,phases   ] GC(599)   Evacuate Collection Set: 10.68ms
[286.330s][info][gc,phases   ] GC(599)   Post Evacuate Collection Set: 0.72ms
[286.330s][info][gc,phases   ] GC(599)   Other: 0.11ms
[286.330s][info][gc,heap     ] GC(599) Eden regions: 96->0(345)
[286.330s][info][gc,heap     ] GC(599) Survivor regions: 23->6(44)
[286.330s][info][gc,heap     ] GC(599) Old regions: 63->61
[286.330s][info][gc,heap     ] GC(599) Humongous regions: 393->1
[286.330s][info][gc,metaspace] GC(599) Metaspace: 42539K(42944K)->42539K(42944K) NonClass: 39722K(40000K)->39722K(40000K) Class: 2816K(2944K)->2816K(2944K)
[286.330s][info][gc          ] GC(599) Pause Young (Mixed) (G1 Evacuation Pause) 573M->66M(585M) 12.087ms
[286.330s][info][gc,cpu      ] GC(599) User=0.02s Sys=0.01s Real=0.01s
[286.420s][info][gc,start    ] GC(600) Pause Young (Concurrent Start) (G1 Humongous Allocation)
[286.421s][info][gc,task     ] GC(600) Using 2 workers of 2 for evacuation
[286.427s][info][gc,phases   ] GC(600)   Pre Evacuate Collection Set: 0.23ms
[286.427s][info][gc,phases   ] GC(600)   Merge Heap Roots: 0.05ms
[286.427s][info][gc,phases   ] GC(600)   Evacuate Collection Set: 5.55ms
[286.427s][info][gc,phases   ] GC(600)   Post Evacuate Collection Set: 0.53ms
[286.427s][info][gc,phases   ] GC(600)   Other: 0.15ms
[286.427s][info][gc,heap     ] GC(600) Eden regions: 24->0(343)
[286.427s][info][gc,heap     ] GC(600) Survivor regions: 6->8(44)
[286.427s][info][gc,heap     ] GC(600) Old regions: 61->61
[286.427s][info][gc,heap     ] GC(600) Humongous regions: 1->1
[286.427s][info][gc,metaspace] GC(600) Metaspace: 42540K(42944K)->42540K(42944K) NonClass: 39724K(40000K)->39724K(40000K) Class: 2816K(2944K)->2816K(2944K)
[286.427s][info][gc          ] GC(600) Pause Young (Concurrent Start) (G1 Humongous Allocation) 89M->67M(585M) 6.695ms
[286.427s][info][gc,cpu      ] GC(600) User=0.01s Sys=0.00s Real=0.01s
[286.427s][info][gc          ] GC(601) Concurrent Mark Cycle
[286.427s][info][gc,marking  ] GC(601) Concurrent Scan Root Regions
[286.431s][info][gc,marking  ] GC(601) Concurrent Scan Root Regions 3.310ms
[286.431s][info][gc,marking  ] GC(601) Concurrent Mark
[286.431s][info][gc,marking  ] GC(601) Concurrent Mark From Roots
[286.431s][info][gc,task     ] GC(601) Using 1 workers of 1 for marking
[286.497s][info][gc,marking  ] GC(601) Concurrent Mark From Roots 66.357ms
[286.497s][info][gc,marking  ] GC(601) Concurrent Preclean
[286.497s][info][gc,marking  ] GC(601) Concurrent Preclean 0.035ms
[286.497s][info][gc,start    ] GC(601) Pause Remark
[286.511s][info][gc          ] GC(601) Pause Remark 112M->110M(327M) 14.196ms
[286.511s][info][gc,cpu      ] GC(601) User=0.03s Sys=0.00s Real=0.02s
[286.512s][info][gc,marking  ] GC(601) Concurrent Mark 80.910ms
[286.512s][info][gc,marking  ] GC(601) Concurrent Rebuild Remembered Sets and Scrub Regions
[286.537s][info][gc,marking  ] GC(601) Concurrent Rebuild Remembered Sets and Scrub Regions 25.574ms
[286.537s][info][gc,start    ] GC(601) Pause Cleanup
[286.537s][info][gc          ] GC(601) Pause Cleanup 121M->121M(327M) 0.071ms
[286.537s][info][gc,cpu      ] GC(601) User=0.00s Sys=0.00s Real=0.00s
[286.537s][info][gc,marking  ] GC(601) Concurrent Clear Claimed Marks
[286.537s][info][gc,marking  ] GC(601) Concurrent Clear Claimed Marks 0.042ms
[286.537s][info][gc,marking  ] GC(601) Concurrent Cleanup for Next Mark
[286.539s][info][gc,marking  ] GC(601) Concurrent Cleanup for Next Mark 1.064ms
[286.539s][info][gc          ] GC(601) Concurrent Mark Cycle 111.328ms
[286.932s][info][gc,start    ] GC(602) Pause Young (Prepare Mixed) (G1 Evacuation Pause)
[286.932s][info][gc,task     ] GC(602) Using 2 workers of 2 for evacuation
[286.946s][info][gc,phases   ] GC(602)   Pre Evacuate Collection Set: 0.23ms
[286.946s][info][gc,phases   ] GC(602)   Merge Heap Roots: 0.09ms
[286.946s][info][gc,phases   ] GC(602)   Evacuate Collection Set: 12.95ms
[286.946s][info][gc,phases   ] GC(602)   Post Evacuate Collection Set: 0.43ms
[286.946s][info][gc,phases   ] GC(602)   Other: 0.07ms
[286.946s][info][gc,heap     ] GC(602) Eden regions: 188->0(184)
[286.946s][info][gc,heap     ] GC(602) Survivor regions: 8->12(25)
[286.946s][info][gc,heap     ] GC(602) Old regions: 59->59
[286.946s][info][gc,heap     ] GC(602) Humongous regions: 45->1
[286.946s][info][gc,metaspace] GC(602) Metaspace: 42556K(42944K)->42556K(42944K) NonClass: 39739K(40000K)->39739K(40000K) Class: 2816K(2944K)->2816K(2944K)
[286.946s][info][gc          ] GC(602) Pause Young (Prepare Mixed) (G1 Evacuation Pause) 297M->70M(327M) 14.001ms
[286.946s][info][gc,cpu      ] GC(602) User=0.03s Sys=0.00s Real=0.01s
[287.355s][info][gc,start    ] GC(603) Pause Young (Mixed) (G1 Evacuation Pause)
[287.355s][info][gc,task     ] GC(603) Using 2 workers of 2 for evacuation
[287.366s][info][gc,phases   ] GC(603)   Pre Evacuate Collection Set: 0.18ms
[287.366s][info][gc,phases   ] GC(603)   Merge Heap Roots: 0.11ms
[287.366s][info][gc,phases   ] GC(603)   Evacuate Collection Set: 10.25ms
[287.366s][info][gc,phases   ] GC(603)   Post Evacuate Collection Set: 0.58ms
[287.366s][info][gc,phases   ] GC(603)   Other: 0.07ms
[287.366s][info][gc,heap     ] GC(603) Eden regions: 184->0(184)
[287.366s][info][gc,heap     ] GC(603) Survivor regions: 12->12(25)
[287.366s][info][gc,heap     ] GC(603) Old regions: 59->55
[287.366s][info][gc,heap     ] GC(603) Humongous regions: 1->1
[287.366s][info][gc,metaspace] GC(603) Metaspace: 42558K(42944K)->42558K(42944K) NonClass: 39741K(40000K)->39741K(40000K) Class: 2816K(2944K)->2816K(2944K)
[287.366s][info][gc          ] GC(603) Pause Young (Mixed) (G1 Evacuation Pause) 254M->66M(327M) 11.393ms
[287.366s][info][gc,cpu      ] GC(603) User=0.02s Sys=0.00s Real=0.01s
[287.750s][info][gc,start    ] GC(604) Pause Young (Concurrent Start) (G1 Evacuation Pause)
[287.750s][info][gc,task     ] GC(604) Using 2 workers of 2 for evacuation
[287.760s][info][gc,phases   ] GC(604)   Pre Evacuate Collection Set: 0.22ms
[287.760s][info][gc,phases   ] GC(604)   Merge Heap Roots: 0.06ms
[287.760s][info][gc,phases   ] GC(604)   Evacuate Collection Set: 8.13ms
[287.760s][info][gc,phases   ] GC(604)   Post Evacuate Collection Set: 0.85ms
[287.760s][info][gc,phases   ] GC(604)   Other: 0.11ms
[287.760s][info][gc,heap     ] GC(604) Eden regions: 184->0(184)
[287.760s][info][gc,heap     ] GC(604) Survivor regions: 12->12(25)
[287.760s][info][gc,heap     ] GC(604) Old regions: 55->55
[287.760s][info][gc,heap     ] GC(604) Humongous regions: 1->1
[287.760s][info][gc,metaspace] GC(604) Metaspace: 42558K(42944K)->42558K(42944K) NonClass: 39741K(40000K)->39741K(40000K) Class: 2816K(2944K)->2816K(2944K)
[287.760s][info][gc          ] GC(604) Pause Young (Concurrent Start) (G1 Evacuation Pause) 250M->66M(327M) 9.578ms
[287.760s][info][gc,cpu      ] GC(604) User=0.02s Sys=0.00s Real=0.01s
[287.760s][info][gc          ] GC(605) Concurrent Mark Cycle
[287.760s][info][gc,marking  ] GC(605) Concurrent Scan Root Regions
[287.765s][info][gc,marking  ] GC(605) Concurrent Scan Root Regions 5.221ms
[287.765s][info][gc,marking  ] GC(605) Concurrent Mark
[287.765s][info][gc,marking  ] GC(605) Concurrent Mark From Roots
[287.765s][info][gc,task     ] GC(605) Using 1 workers of 1 for marking
[287.838s][info][gc,marking  ] GC(605) Concurrent Mark From Roots 72.333ms
[287.838s][info][gc,marking  ] GC(605) Concurrent Preclean
[287.838s][info][gc,marking  ] GC(605) Concurrent Preclean 0.048ms
[287.838s][info][gc,start    ] GC(605) Pause Remark
[287.852s][info][gc          ] GC(605) Pause Remark 96M->96M(256M) 14.316ms
[287.852s][info][gc,cpu      ] GC(605) User=0.02s Sys=0.00s Real=0.02s
[287.854s][info][gc,marking  ] GC(605) Concurrent Mark 88.524ms
[287.854s][info][gc,marking  ] GC(605) Concurrent Rebuild Remembered Sets and Scrub Regions
[287.881s][info][gc,marking  ] GC(605) Concurrent Rebuild Remembered Sets and Scrub Regions 27.557ms
[287.882s][info][gc,start    ] GC(605) Pause Cleanup
[287.882s][info][gc          ] GC(605) Pause Cleanup 111M->111M(256M) 0.048ms
[287.882s][info][gc,cpu      ] GC(605) User=0.00s Sys=0.00s Real=0.00s
[287.882s][info][gc,marking  ] GC(605) Concurrent Clear Claimed Marks
[287.882s][info][gc,marking  ] GC(605) Concurrent Clear Claimed Marks 0.037ms
[287.882s][info][gc,marking  ] GC(605) Concurrent Cleanup for Next Mark
[287.883s][info][gc,marking  ] GC(605) Concurrent Cleanup for Next Mark 0.781ms
[287.883s][info][gc          ] GC(605) Concurrent Mark Cycle 122.665ms
[288.096s][info][gc,start    ] GC(606) Pause Young (Prepare Mixed) (G1 Evacuation Pause)
[288.096s][info][gc,task     ] GC(606) Using 2 workers of 2 for evacuation
[288.105s][info][gc,phases   ] GC(606)   Pre Evacuate Collection Set: 0.16ms
[288.105s][info][gc,phases   ] GC(606)   Merge Heap Roots: 0.07ms
[288.105s][info][gc,phases   ] GC(606)   Evacuate Collection Set: 8.31ms
[288.105s][info][gc,phases   ] GC(606)   Post Evacuate Collection Set: 0.42ms
[288.105s][info][gc,phases   ] GC(606)   Other: 0.10ms
[288.105s][info][gc,heap     ] GC(606) Eden regions: 141->0(144)
[288.105s][info][gc,heap     ] GC(606) Survivor regions: 12->9(20)
[288.105s][info][gc,heap     ] GC(606) Old regions: 55->58
[288.105s][info][gc,heap     ] GC(606) Humongous regions: 1->1
[288.105s][info][gc,metaspace] GC(606) Metaspace: 42558K(42944K)->42558K(42944K) NonClass: 39741K(40000K)->39741K(40000K) Class: 2816K(2944K)->2816K(2944K)
[288.105s][info][gc          ] GC(606) Pause Young (Prepare Mixed) (G1 Evacuation Pause) 207M->66M(256M) 9.258ms
[288.105s][info][gc,cpu      ] GC(606) User=0.02s Sys=0.00s Real=0.01s
[288.398s][info][gc,start    ] GC(607) Pause Young (Mixed) (G1 Evacuation Pause)
[288.398s][info][gc,task     ] GC(607) Using 2 workers of 2 for evacuation
[288.410s][info][gc,phases   ] GC(607)   Pre Evacuate Collection Set: 0.17ms
[288.410s][info][gc,phases   ] GC(607)   Merge Heap Roots: 0.18ms
[288.410s][info][gc,phases   ] GC(607)   Evacuate Collection Set: 10.75ms
[288.410s][info][gc,phases   ] GC(607)   Post Evacuate Collection Set: 0.58ms
[288.410s][info][gc,phases   ] GC(607)   Other: 0.12ms
[288.410s][info][gc,heap     ] GC(607) Eden regions: 144->0(145)
[288.410s][info][gc,heap     ] GC(607) Survivor regions: 9->8(20)
[288.410s][info][gc,heap     ] GC(607) Old regions: 58->55
[288.410s][info][gc,heap     ] GC(607) Humongous regions: 1->1
[288.410s][info][gc,metaspace] GC(607) Metaspace: 42558K(42944K)->42558K(42944K) NonClass: 39741K(40000K)->39741K(40000K) Class: 2816K(2944K)->2816K(2944K)
[288.410s][info][gc          ] GC(607) Pause Young (Mixed) (G1 Evacuation Pause) 210M->62M(256M) 12.015ms
[288.410s][info][gc,cpu      ] GC(607) User=0.03s Sys=0.00s Real=0.01s
[288.739s][info][gc,start    ] GC(608) Pause Young (Concurrent Start) (G1 Evacuation Pause)
[288.739s][info][gc,task     ] GC(608) Using 2 workers of 2 for evacuation
[288.746s][info][gc,phases   ] GC(608)   Pre Evacuate Collection Set: 0.21ms
[288.746s][info][gc,phases   ] GC(608)   Merge Heap Roots: 0.13ms
[288.746s][info][gc,phases   ] GC(608)   Evacuate Collection Set: 6.12ms
[288.746s][info][gc,phases   ] GC(608)   Post Evacuate Collection Set: 0.40ms
[288.746s][info][gc,phases   ] GC(608)   Other: 0.15ms
[288.746s][info][gc,heap     ] GC(608) Eden regions: 145->0(143)
[288.746s][info][gc,heap     ] GC(608) Survivor regions: 8->10(20)
[288.746s][info][gc,heap     ] GC(608) Old regions: 55->55
[288.746s][info][gc,heap     ] GC(608) Humongous regions: 1->1
[288.746s][info][gc,metaspace] GC(608) Metaspace: 42558K(42944K)->42558K(42944K) NonClass: 39741K(40000K)->39741K(40000K) Class: 2816K(2944K)->2816K(2944K)
[288.746s][info][gc          ] GC(608) Pause Young (Concurrent Start) (G1 Evacuation Pause) 207M->64M(256M) 7.217ms
[288.746s][info][gc,cpu      ] GC(608) User=0.02s Sys=0.00s Real=0.01s
[288.746s][info][gc          ] GC(609) Concurrent Mark Cycle
[288.746s][info][gc,marking  ] GC(609) Concurrent Scan Root Regions
[288.753s][info][gc,marking  ] GC(609) Concurrent Scan Root Regions 7.255ms
[288.753s][info][gc,marking  ] GC(609) Concurrent Mark
[288.753s][info][gc,marking  ] GC(609) Concurrent Mark From Roots
[288.753s][info][gc,task     ] GC(609) Using 1 workers of 1 for marking
[288.862s][info][gc,marking  ] GC(609) Concurrent Mark From Roots 109.012ms
[288.862s][info][gc,marking  ] GC(609) Concurrent Preclean
[288.862s][info][gc,marking  ] GC(609) Concurrent Preclean 0.036ms
[288.863s][info][gc,start    ] GC(609) Pause Remark
[288.877s][info][gc          ] GC(609) Pause Remark 93M->93M(256M) 14.386ms
[288.877s][info][gc,cpu      ] GC(609) User=0.02s Sys=0.00s Real=0.01s
[288.878s][info][gc,marking  ] GC(609) Concurrent Mark 124.336ms
[288.878s][info][gc,marking  ] GC(609) Concurrent Rebuild Remembered Sets and Scrub Regions
[288.916s][info][gc,marking  ] GC(609) Concurrent Rebuild Remembered Sets and Scrub Regions 38.715ms
[288.916s][info][gc,start    ] GC(609) Pause Cleanup
[288.917s][info][gc          ] GC(609) Pause Cleanup 109M->109M(256M) 0.047ms
[288.917s][info][gc,cpu      ] GC(609) User=0.00s Sys=0.00s Real=0.00s
[288.917s][info][gc,marking  ] GC(609) Concurrent Clear Claimed Marks
[288.917s][info][gc,marking  ] GC(609) Concurrent Clear Claimed Marks 0.035ms
[288.917s][info][gc,marking  ] GC(609) Concurrent Cleanup for Next Mark
[288.917s][info][gc,marking  ] GC(609) Concurrent Cleanup for Next Mark 0.770ms
[288.917s][info][gc          ] GC(609) Concurrent Mark Cycle 171.481ms
[289.132s][info][gc,start    ] GC(610) Pause Young (Prepare Mixed) (G1 Evacuation Pause)
[289.132s][info][gc,task     ] GC(610) Using 2 workers of 2 for evacuation
[289.148s][info][gc,phases   ] GC(610)   Pre Evacuate Collection Set: 0.83ms
[289.148s][info][gc,phases   ] GC(610)   Merge Heap Roots: 0.09ms
[289.148s][info][gc,phases   ] GC(610)   Evacuate Collection Set: 9.66ms
[289.148s][info][gc,phases   ] GC(610)   Post Evacuate Collection Set: 2.84ms
[289.148s][info][gc,phases   ] GC(610)   Other: 2.44ms
[289.148s][info][gc,heap     ] GC(610) Eden regions: 143->0(141)
[289.148s][info][gc,heap     ] GC(610) Survivor regions: 10->12(20)
[289.148s][info][gc,heap     ] GC(610) Old regions: 55->55
[289.148s][info][gc,heap     ] GC(610) Humongous regions: 1->1
[289.148s][info][gc,metaspace] GC(610) Metaspace: 42608K(43008K)->42608K(43008K) NonClass: 39791K(40064K)->39791K(40064K) Class: 2816K(2944K)->2816K(2944K)
[289.148s][info][gc          ] GC(610) Pause Young (Prepare Mixed) (G1 Evacuation Pause) 207M->66M(256M) 16.106ms
[289.148s][info][gc,cpu      ] GC(610) User=0.03s Sys=0.00s Real=0.01s
[289.475s][info][gc,start    ] GC(611) Pause Young (Mixed) (G1 Evacuation Pause)
[289.475s][info][gc,task     ] GC(611) Using 2 workers of 2 for evacuation
[289.487s][info][gc,phases   ] GC(611)   Pre Evacuate Collection Set: 0.26ms
[289.487s][info][gc,phases   ] GC(611)   Merge Heap Roots: 0.22ms
[289.487s][info][gc,phases   ] GC(611)   Evacuate Collection Set: 10.70ms
[289.487s][info][gc,phases   ] GC(611)   Post Evacuate Collection Set: 0.63ms
[289.487s][info][gc,phases   ] GC(611)   Other: 0.08ms
[289.487s][info][gc,heap     ] GC(611) Eden regions: 141->0(144)
[289.487s][info][gc,heap     ] GC(611) Survivor regions: 12->9(20)
[289.487s][info][gc,heap     ] GC(611) Old regions: 55->55
[289.487s][info][gc,heap     ] GC(611) Humongous regions: 1->1
[289.487s][info][gc,metaspace] GC(611) Metaspace: 42610K(43008K)->42610K(43008K) NonClass: 39793K(40064K)->39793K(40064K) Class: 2816K(2944K)->2816K(2944K)
[289.487s][info][gc          ] GC(611) Pause Young (Mixed) (G1 Evacuation Pause) 207M->64M(256M) 12.107ms
[289.487s][info][gc,cpu      ] GC(611) User=0.02s Sys=0.00s Real=0.01s
[290.293s][info][gc,start    ] GC(612) Pause Young (Concurrent Start) (G1 Humongous Allocation)
[290.293s][info][gc,task     ] GC(612) Using 2 workers of 2 for evacuation
[290.298s][info][gc,phases   ] GC(612)   Pre Evacuate Collection Set: 0.19ms
[290.298s][info][gc,phases   ] GC(612)   Merge Heap Roots: 0.08ms
[290.298s][info][gc,phases   ] GC(612)   Evacuate Collection Set: 4.24ms
[290.298s][info][gc,phases   ] GC(612)   Post Evacuate Collection Set: 0.53ms
[290.298s][info][gc,phases   ] GC(612)   Other: 0.11ms
[290.298s][info][gc,heap     ] GC(612) Eden regions: 141->0(149)
[290.298s][info][gc,heap     ] GC(612) Survivor regions: 9->4(20)
[290.298s][info][gc,heap     ] GC(612) Old regions: 55->55
[290.298s][info][gc,heap     ] GC(612) Humongous regions: 1->1
[290.298s][info][gc,metaspace] GC(612) Metaspace: 42633K(43072K)->42633K(43072K) NonClass: 39816K(40128K)->39816K(40128K) Class: 2816K(2944K)->2816K(2944K)
[290.298s][info][gc          ] GC(612) Pause Young (Concurrent Start) (G1 Humongous Allocation) 205M->59M(256M) 5.335ms
[290.298s][info][gc,cpu      ] GC(612) User=0.01s Sys=0.00s Real=0.00s
[290.298s][info][gc          ] GC(613) Concurrent Mark Cycle
[290.298s][info][gc,marking  ] GC(613) Concurrent Scan Root Regions
[290.301s][info][gc,marking  ] GC(613) Concurrent Scan Root Regions 2.662ms
[290.301s][info][gc,marking  ] GC(613) Concurrent Mark
[290.301s][info][gc,marking  ] GC(613) Concurrent Mark From Roots
[290.301s][info][gc,task     ] GC(613) Using 1 workers of 1 for marking
[290.364s][info][gc,marking  ] GC(613) Concurrent Mark From Roots 62.553ms
[290.364s][info][gc,marking  ] GC(613) Concurrent Preclean
[290.364s][info][gc,marking  ] GC(613) Concurrent Preclean 0.151ms
[290.364s][info][gc,start    ] GC(613) Pause Remark
[290.378s][info][gc          ] GC(613) Pause Remark 72M->70M(256M) 14.396ms
[290.378s][info][gc,cpu      ] GC(613) User=0.03s Sys=0.00s Real=0.01s
[290.378s][info][gc,marking  ] GC(613) Concurrent Mark 77.349ms
[290.378s][info][gc,marking  ] GC(613) Concurrent Rebuild Remembered Sets and Scrub Regions
[290.402s][info][gc,marking  ] GC(613) Concurrent Rebuild Remembered Sets and Scrub Regions 23.215ms
[290.402s][info][gc,start    ] GC(613) Pause Cleanup
[290.402s][info][gc          ] GC(613) Pause Cleanup 72M->72M(256M) 0.046ms
[290.402s][info][gc,cpu      ] GC(613) User=0.00s Sys=0.00s Real=0.00s
[290.402s][info][gc,marking  ] GC(613) Concurrent Clear Claimed Marks
[290.402s][info][gc,marking  ] GC(613) Concurrent Clear Claimed Marks 0.033ms
[290.402s][info][gc,marking  ] GC(613) Concurrent Cleanup for Next Mark
[290.403s][info][gc,marking  ] GC(613) Concurrent Cleanup for Next Mark 0.725ms
[290.403s][info][gc          ] GC(613) Concurrent Mark Cycle 104.354ms
[291.092s][info][gc,start    ] GC(614) Pause Young (Prepare Mixed) (G1 Evacuation Pause)
[291.092s][info][gc,task     ] GC(614) Using 2 workers of 2 for evacuation
[291.104s][info][gc,phases   ] GC(614)   Pre Evacuate Collection Set: 0.16ms
[291.104s][info][gc,phases   ] GC(614)   Merge Heap Roots: 0.09ms
[291.104s][info][gc,phases   ] GC(614)   Evacuate Collection Set: 11.09ms
[291.104s][info][gc,phases   ] GC(614)   Post Evacuate Collection Set: 0.51ms
[291.104s][info][gc,phases   ] GC(614)   Other: 0.07ms
[291.104s][info][gc,heap     ] GC(614) Eden regions: 149->0(141)
[291.104s][info][gc,heap     ] GC(614) Survivor regions: 4->12(20)
[291.104s][info][gc,heap     ] GC(614) Old regions: 53->53
[291.104s][info][gc,heap     ] GC(614) Humongous regions: 13->3
[291.104s][info][gc,metaspace] GC(614) Metaspace: 42661K(43072K)->42661K(43072K) NonClass: 39844K(40128K)->39844K(40128K) Class: 2816K(2944K)->2816K(2944K)
[291.104s][info][gc          ] GC(614) Pause Young (Prepare Mixed) (G1 Evacuation Pause) 218M->67M(256M) 12.095ms
[291.104s][info][gc,cpu      ] GC(614) User=0.03s Sys=0.00s Real=0.01s
[291.401s][info][gc,start    ] GC(615) Pause Young (Mixed) (G1 Evacuation Pause)
[291.401s][info][gc,task     ] GC(615) Using 2 workers of 2 for evacuation
[291.432s][info][gc,phases   ] GC(615)   Pre Evacuate Collection Set: 0.16ms
[291.432s][info][gc,phases   ] GC(615)   Merge Heap Roots: 0.14ms
[291.432s][info][gc,phases   ] GC(615)   Evacuate Collection Set: 30.63ms
[291.432s][info][gc,phases   ] GC(615)   Post Evacuate Collection Set: 0.42ms
[291.432s][info][gc,phases   ] GC(615)   Other: 0.09ms
[291.432s][info][gc,heap     ] GC(615) Eden regions: 141->0(136)
[291.432s][info][gc,heap     ] GC(615) Survivor regions: 12->17(20)
[291.432s][info][gc,heap     ] GC(615) Old regions: 53->57
[291.432s][info][gc,heap     ] GC(615) Humongous regions: 4->4
[291.432s][info][gc,metaspace] GC(615) Metaspace: 42661K(43072K)->42661K(43072K) NonClass: 39844K(40128K)->39844K(40128K) Class: 2816K(2944K)->2816K(2944K)
[291.432s][info][gc          ] GC(615) Pause Young (Mixed) (G1 Evacuation Pause) 209M->77M(256M) 31.621ms
[291.432s][info][gc,cpu      ] GC(615) User=0.06s Sys=0.00s Real=0.04s
[291.702s][info][gc,start    ] GC(616) Pause Young (Concurrent Start) (G1 Humongous Allocation)
[291.702s][info][gc,task     ] GC(616) Using 2 workers of 2 for evacuation
[291.730s][info][gc,phases   ] GC(616)   Pre Evacuate Collection Set: 0.19ms
[291.730s][info][gc,phases   ] GC(616)   Merge Heap Roots: 0.08ms
[291.730s][info][gc,phases   ] GC(616)   Evacuate Collection Set: 27.04ms
[291.730s][info][gc,phases   ] GC(616)   Post Evacuate Collection Set: 0.41ms
[291.730s][info][gc,phases   ] GC(616)   Other: 0.10ms
[291.730s][info][gc,heap     ] GC(616) Eden regions: 123->0(132)
[291.730s][info][gc,heap     ] GC(616) Survivor regions: 17->14(20)
[291.730s][info][gc,heap     ] GC(616) Old regions: 57->73
[291.730s][info][gc,heap     ] GC(616) Humongous regions: 4->4
[291.730s][info][gc,metaspace] GC(616) Metaspace: 42661K(43072K)->42661K(43072K) NonClass: 39844K(40128K)->39844K(40128K) Class: 2816K(2944K)->2816K(2944K)
[291.730s][info][gc          ] GC(616) Pause Young (Concurrent Start) (G1 Humongous Allocation) 200M->91M(256M) 27.999ms
[291.730s][info][gc,cpu      ] GC(616) User=0.05s Sys=0.00s Real=0.02s
[291.730s][info][gc          ] GC(617) Concurrent Mark Cycle
[291.730s][info][gc,marking  ] GC(617) Concurrent Scan Root Regions
[291.770s][info][gc,marking  ] GC(617) Concurrent Scan Root Regions 39.634ms
[291.770s][info][gc,marking  ] GC(617) Concurrent Mark
[291.770s][info][gc,marking  ] GC(617) Concurrent Mark From Roots
[291.770s][info][gc,task     ] GC(617) Using 1 workers of 1 for marking
[291.856s][info][gc,marking  ] GC(617) Concurrent Mark From Roots 85.781ms
[291.856s][info][gc,marking  ] GC(617) Concurrent Preclean
[291.856s][info][gc,marking  ] GC(617) Concurrent Preclean 0.048ms
[291.857s][info][gc,start    ] GC(617) Pause Remark
[291.872s][info][gc          ] GC(617) Pause Remark 133M->130M(256M) 15.708ms
[291.873s][info][gc,cpu      ] GC(617) User=0.03s Sys=0.00s Real=0.02s
[291.873s][info][gc,marking  ] GC(617) Concurrent Mark 102.439ms
[291.873s][info][gc,marking  ] GC(617) Concurrent Rebuild Remembered Sets and Scrub Regions
[291.910s][info][gc,marking  ] GC(617) Concurrent Rebuild Remembered Sets and Scrub Regions 37.561ms
[291.910s][info][gc,start    ] GC(617) Pause Cleanup
[291.910s][info][gc          ] GC(617) Pause Cleanup 140M->140M(256M) 0.041ms
[291.910s][info][gc,cpu      ] GC(617) User=0.00s Sys=0.00s Real=0.00s
[291.910s][info][gc,marking  ] GC(617) Concurrent Clear Claimed Marks
[291.910s][info][gc,marking  ] GC(617) Concurrent Clear Claimed Marks 0.033ms
[291.910s][info][gc,marking  ] GC(617) Concurrent Cleanup for Next Mark
[291.911s][info][gc,marking  ] GC(617) Concurrent Cleanup for Next Mark 0.727ms
[291.911s][info][gc          ] GC(617) Concurrent Mark Cycle 180.725ms
[292.076s][info][gc,start    ] GC(618) Pause Young (Prepare Mixed) (G1 Evacuation Pause)
[292.076s][info][gc,task     ] GC(618) Using 2 workers of 2 for evacuation
[292.107s][info][gc,phases   ] GC(618)   Pre Evacuate Collection Set: 0.18ms
[292.107s][info][gc,phases   ] GC(618)   Merge Heap Roots: 0.15ms
[292.107s][info][gc,phases   ] GC(618)   Evacuate Collection Set: 29.82ms
[292.107s][info][gc,phases   ] GC(618)   Post Evacuate Collection Set: 0.38ms
[292.107s][info][gc,phases   ] GC(618)   Other: 0.07ms
[292.107s][info][gc,heap     ] GC(618) Eden regions: 132->0(120)
[292.107s][info][gc,heap     ] GC(618) Survivor regions: 14->14(19)
[292.107s][info][gc,heap     ] GC(618) Old regions: 70->84
[292.107s][info][gc,heap     ] GC(618) Humongous regions: 6->6
[292.107s][info][gc,metaspace] GC(618) Metaspace: 42662K(43072K)->42662K(43072K) NonClass: 39845K(40128K)->39845K(40128K) Class: 2816K(2944K)->2816K(2944K)
[292.107s][info][gc          ] GC(618) Pause Young (Prepare Mixed) (G1 Evacuation Pause) 222M->104M(256M) 30.794ms
[292.107s][info][gc,cpu      ] GC(618) User=0.06s Sys=0.00s Real=0.03s
[292.347s][info][gc,start    ] GC(619) Pause Young (Mixed) (G1 Evacuation Pause)
[292.347s][info][gc,task     ] GC(619) Using 2 workers of 2 for evacuation
[292.376s][info][gc,phases   ] GC(619)   Pre Evacuate Collection Set: 0.16ms
[292.376s][info][gc,phases   ] GC(619)   Merge Heap Roots: 0.09ms
[292.376s][info][gc,phases   ] GC(619)   Evacuate Collection Set: 28.25ms
[292.376s][info][gc,phases   ] GC(619)   Post Evacuate Collection Set: 1.03ms
[292.376s][info][gc,phases   ] GC(619)   Other: 0.07ms
[292.376s][info][gc,heap     ] GC(619) Eden regions: 120->0(193)
[292.376s][info][gc,heap     ] GC(619) Survivor regions: 14->13(17)
[292.376s][info][gc,heap     ] GC(619) Old regions: 84->91
[292.376s][info][gc,heap     ] GC(619) Humongous regions: 6->6
[292.376s][info][gc,metaspace] GC(619) Metaspace: 42662K(43072K)->42662K(43072K) NonClass: 39845K(40128K)->39845K(40128K) Class: 2816K(2944K)->2816K(2944K)
[292.376s][info][gc          ] GC(619) Pause Young (Mixed) (G1 Evacuation Pause) 224M->109M(345M) 29.798ms
[292.376s][info][gc,cpu      ] GC(619) User=0.06s Sys=0.00s Real=0.03s
[292.488s][info][gc,start    ] GC(620) Pause Young (Concurrent Start) (G1 Humongous Allocation)
[292.489s][info][gc,task     ] GC(620) Using 2 workers of 2 for evacuation
[292.514s][info][gc,phases   ] GC(620)   Pre Evacuate Collection Set: 0.26ms
[292.514s][info][gc,phases   ] GC(620)   Merge Heap Roots: 0.11ms
[292.514s][info][gc,phases   ] GC(620)   Evacuate Collection Set: 24.98ms
[292.514s][info][gc,phases   ] GC(620)   Post Evacuate Collection Set: 0.36ms
[292.514s][info][gc,phases   ] GC(620)   Other: 0.09ms
[292.514s][info][gc,heap     ] GC(620) Eden regions: 49->0(188)
[292.514s][info][gc,heap     ] GC(620) Survivor regions: 13->19(26)
[292.514s][info][gc,heap     ] GC(620) Old regions: 91->91
[292.514s][info][gc,heap     ] GC(620) Humongous regions: 6->6
[292.514s][info][gc,metaspace] GC(620) Metaspace: 42662K(43072K)->42662K(43072K) NonClass: 39845K(40128K)->39845K(40128K) Class: 2816K(2944K)->2816K(2944K)
[292.514s][info][gc          ] GC(620) Pause Young (Concurrent Start) (G1 Humongous Allocation) 158M->115M(345M) 25.993ms
[292.514s][info][gc,cpu      ] GC(620) User=0.05s Sys=0.01s Real=0.03s
[292.515s][info][gc          ] GC(621) Concurrent Mark Cycle
[292.515s][info][gc,marking  ] GC(621) Concurrent Scan Root Regions
[292.544s][info][gc,marking  ] GC(621) Concurrent Scan Root Regions 29.540ms
[292.544s][info][gc,marking  ] GC(621) Concurrent Mark
[292.544s][info][gc,marking  ] GC(621) Concurrent Mark From Roots
[292.544s][info][gc,task     ] GC(621) Using 1 workers of 1 for marking
[292.773s][info][gc,marking  ] GC(621) Concurrent Mark From Roots 228.877ms
[292.773s][info][gc,marking  ] GC(621) Concurrent Preclean
[292.773s][info][gc,marking  ] GC(621) Concurrent Preclean 0.039ms
[292.773s][info][gc,start    ] GC(621) Pause Remark
[292.791s][info][gc          ] GC(621) Pause Remark 174M->173M(345M) 17.267ms
[292.791s][info][gc,cpu      ] GC(621) User=0.03s Sys=0.00s Real=0.01s
[292.791s][info][gc,marking  ] GC(621) Concurrent Mark 246.495ms
[292.791s][info][gc,marking  ] GC(621) Concurrent Rebuild Remembered Sets and Scrub Regions
[292.900s][info][gc,marking  ] GC(621) Concurrent Rebuild Remembered Sets and Scrub Regions 109.207ms
[292.900s][info][gc,start    ] GC(621) Pause Cleanup
[292.900s][info][gc          ] GC(621) Pause Cleanup 213M->213M(345M) 0.076ms
[292.900s][info][gc,cpu      ] GC(621) User=0.00s Sys=0.00s Real=0.00s
[292.900s][info][gc,marking  ] GC(621) Concurrent Clear Claimed Marks
[292.900s][info][gc,marking  ] GC(621) Concurrent Clear Claimed Marks 0.042ms
[292.900s][info][gc,marking  ] GC(621) Concurrent Cleanup for Next Mark
[292.902s][info][gc,marking  ] GC(621) Concurrent Cleanup for Next Mark 1.982ms
[292.902s][info][gc          ] GC(621) Concurrent Mark Cycle 387.709ms
[295.811s][info][gc,start    ] GC(622) Pause Young (Prepare Mixed) (G1 Evacuation Pause)
[295.811s][info][gc,task     ] GC(622) Using 2 workers of 2 for evacuation
[295.855s][info][gc,phases   ] GC(622)   Pre Evacuate Collection Set: 0.18ms
[295.855s][info][gc,phases   ] GC(622)   Merge Heap Roots: 0.14ms
[295.855s][info][gc,phases   ] GC(622)   Evacuate Collection Set: 42.69ms
[295.855s][info][gc,phases   ] GC(622)   Post Evacuate Collection Set: 0.49ms
[295.855s][info][gc,phases   ] GC(622)   Other: 0.07ms
[295.855s][info][gc,heap     ] GC(622) Eden regions: 188->0(172)
[295.855s][info][gc,heap     ] GC(622) Survivor regions: 19->22(26)
[295.855s][info][gc,heap     ] GC(622) Old regions: 91->104
[295.855s][info][gc,heap     ] GC(622) Humongous regions: 12->7
[295.855s][info][gc,metaspace] GC(622) Metaspace: 42666K(43072K)->42666K(43072K) NonClass: 39850K(40128K)->39850K(40128K) Class: 2816K(2944K)->2816K(2944K)
[295.855s][info][gc          ] GC(622) Pause Young (Prepare Mixed) (G1 Evacuation Pause) 309M->132M(345M) 43.777ms
[295.855s][info][gc,cpu      ] GC(622) User=0.09s Sys=0.00s Real=0.04s
[296.467s][info][gc,start    ] GC(623) Pause Young (Mixed) (G1 Evacuation Pause)
[296.467s][info][gc,task     ] GC(623) Using 2 workers of 2 for evacuation
[296.510s][info][gc,phases   ] GC(623)   Pre Evacuate Collection Set: 0.27ms
[296.510s][info][gc,phases   ] GC(623)   Merge Heap Roots: 0.39ms
[296.510s][info][gc,phases   ] GC(623)   Evacuate Collection Set: 42.35ms
[296.510s][info][gc,phases   ] GC(623)   Post Evacuate Collection Set: 0.53ms
[296.510s][info][gc,phases   ] GC(623)   Other: 0.09ms
[296.510s][info][gc,heap     ] GC(623) Eden regions: 172->0(178)
[296.510s][info][gc,heap     ] GC(623) Survivor regions: 22->4(25)
[296.510s][info][gc,heap     ] GC(623) Old regions: 104->122
[296.511s][info][gc,heap     ] GC(623) Humongous regions: 7->7
[296.511s][info][gc,metaspace] GC(623) Metaspace: 42671K(43072K)->42671K(43072K) NonClass: 39854K(40128K)->39854K(40128K) Class: 2816K(2944K)->2816K(2944K)
[296.511s][info][gc          ] GC(623) Pause Young (Mixed) (G1 Evacuation Pause) 304M->132M(345M) 43.827ms
[296.511s][info][gc,cpu      ] GC(623) User=0.08s Sys=0.00s Real=0.04s
[296.680s][info][gc,start    ] GC(624) Pause Young (Concurrent Start) (G1 Humongous Allocation)
[296.680s][info][gc,task     ] GC(624) Using 2 workers of 2 for evacuation
[296.683s][info][gc,phases   ] GC(624)   Pre Evacuate Collection Set: 0.20ms
[296.683s][info][gc,phases   ] GC(624)   Merge Heap Roots: 0.05ms
[296.683s][info][gc,phases   ] GC(624)   Evacuate Collection Set: 3.08ms
[296.683s][info][gc,phases   ] GC(624)   Post Evacuate Collection Set: 0.32ms
[296.683s][info][gc,phases   ] GC(624)   Other: 0.07ms
[296.683s][info][gc,heap     ] GC(624) Eden regions: 55->0(184)
[296.683s][info][gc,heap     ] GC(624) Survivor regions: 4->4(23)
[296.683s][info][gc,heap     ] GC(624) Old regions: 122->122
[296.683s][info][gc,heap     ] GC(624) Humongous regions: 7->7
[296.683s][info][gc,metaspace] GC(624) Metaspace: 42671K(43072K)->42671K(43072K) NonClass: 39854K(40128K)->39854K(40128K) Class: 2816K(2944K)->2816K(2944K)
[296.683s][info][gc          ] GC(624) Pause Young (Concurrent Start) (G1 Humongous Allocation) 186M->132M(345M) 3.867ms
[296.683s][info][gc,cpu      ] GC(624) User=0.01s Sys=0.00s Real=0.01s
[296.683s][info][gc          ] GC(625) Concurrent Mark Cycle
[296.683s][info][gc,marking  ] GC(625) Concurrent Scan Root Regions
[296.685s][info][gc,marking  ] GC(625) Concurrent Scan Root Regions 1.987ms
[296.685s][info][gc,marking  ] GC(625) Concurrent Mark
[296.685s][info][gc,marking  ] GC(625) Concurrent Mark From Roots
[296.685s][info][gc,task     ] GC(625) Using 1 workers of 1 for marking
[296.712s][info][gc,marking  ] GC(625) Concurrent Mark From Roots 26.770ms
[296.712s][info][gc,marking  ] GC(625) Concurrent Preclean
[296.712s][info][gc,marking  ] GC(625) Concurrent Preclean 0.049ms
[296.712s][info][gc,start    ] GC(625) Pause Remark
[296.727s][info][gc          ] GC(625) Pause Remark 146M->54M(256M) 14.562ms
[296.727s][info][gc,cpu      ] GC(625) User=0.03s Sys=0.00s Real=0.01s
[296.727s][info][gc,marking  ] GC(625) Concurrent Mark 41.639ms
[296.727s][info][gc,marking  ] GC(625) Concurrent Rebuild Remembered Sets and Scrub Regions
[296.736s][info][gc,marking  ] GC(625) Concurrent Rebuild Remembered Sets and Scrub Regions 9.174ms
[296.736s][info][gc,start    ] GC(625) Pause Cleanup
[296.736s][info][gc          ] GC(625) Pause Cleanup 57M->57M(256M) 0.036ms
[296.736s][info][gc,cpu      ] GC(625) User=0.00s Sys=0.00s Real=0.00s
[296.737s][info][gc,marking  ] GC(625) Concurrent Clear Claimed Marks
[296.737s][info][gc,marking  ] GC(625) Concurrent Clear Claimed Marks 0.032ms
[296.737s][info][gc,marking  ] GC(625) Concurrent Cleanup for Next Mark
[296.737s][info][gc,marking  ] GC(625) Concurrent Cleanup for Next Mark 0.726ms
[296.737s][info][gc          ] GC(625) Concurrent Mark Cycle 53.891ms
[297.044s][info][gc,start    ] GC(626) Pause Young (Prepare Mixed) (G1 Evacuation Pause)
[297.044s][info][gc,task     ] GC(626) Using 2 workers of 2 for evacuation
[297.066s][info][gc,phases   ] GC(626)   Pre Evacuate Collection Set: 0.16ms
[297.066s][info][gc,phases   ] GC(626)   Merge Heap Roots: 0.09ms
[297.066s][info][gc,phases   ] GC(626)   Evacuate Collection Set: 21.41ms
[297.066s][info][gc,phases   ] GC(626)   Post Evacuate Collection Set: 0.41ms
[297.066s][info][gc,phases   ] GC(626)   Other: 0.08ms
[297.066s][info][gc,heap     ] GC(626) Eden regions: 149->0(133)
[297.066s][info][gc,heap     ] GC(626) Survivor regions: 4->20(20)
[297.066s][info][gc,heap     ] GC(626) Old regions: 36->38
[297.066s][info][gc,heap     ] GC(626) Humongous regions: 4->4
[297.066s][info][gc,metaspace] GC(626) Metaspace: 42671K(43072K)->42671K(43072K) NonClass: 39854K(40128K)->39854K(40128K) Class: 2816K(2944K)->2816K(2944K)
[297.066s][info][gc          ] GC(626) Pause Young (Prepare Mixed) (G1 Evacuation Pause) 192M->61M(256M) 22.361ms
[297.066s][info][gc,cpu      ] GC(626) User=0.04s Sys=0.00s Real=0.02s
[297.377s][info][gc,start    ] GC(627) Pause Young (Mixed) (G1 Evacuation Pause)
[297.377s][info][gc,task     ] GC(627) Using 2 workers of 2 for evacuation
[297.414s][info][gc,phases   ] GC(627)   Pre Evacuate Collection Set: 0.17ms
[297.414s][info][gc,phases   ] GC(627)   Merge Heap Roots: 0.11ms
[297.414s][info][gc,phases   ] GC(627)   Evacuate Collection Set: 36.72ms
[297.414s][info][gc,phases   ] GC(627)   Post Evacuate Collection Set: 0.43ms
[297.414s][info][gc,phases   ] GC(627)   Other: 0.08ms
[297.414s][info][gc,heap     ] GC(627) Eden regions: 133->0(137)
[297.414s][info][gc,heap     ] GC(627) Survivor regions: 20->16(20)
[297.414s][info][gc,heap     ] GC(627) Old regions: 38->53
[297.414s][info][gc,heap     ] GC(627) Humongous regions: 6->6
[297.414s][info][gc,metaspace] GC(627) Metaspace: 42671K(43072K)->42671K(43072K) NonClass: 39854K(40128K)->39854K(40128K) Class: 2816K(2944K)->2816K(2944K)
[297.414s][info][gc          ] GC(627) Pause Young (Mixed) (G1 Evacuation Pause) 196M->75M(256M) 37.716ms
[297.414s][info][gc,cpu      ] GC(627) User=0.08s Sys=0.00s Real=0.04s
[297.703s][info][gc,start    ] GC(628) Pause Young (Concurrent Start) (G1 Evacuation Pause)
[297.703s][info][gc,task     ] GC(628) Using 2 workers of 2 for evacuation
[297.738s][info][gc,phases   ] GC(628)   Pre Evacuate Collection Set: 0.18ms
[297.738s][info][gc,phases   ] GC(628)   Merge Heap Roots: 0.08ms
[297.738s][info][gc,phases   ] GC(628)   Evacuate Collection Set: 33.29ms
[297.738s][info][gc,phases   ] GC(628)   Post Evacuate Collection Set: 1.05ms
[297.738s][info][gc,phases   ] GC(628)   Other: 0.12ms
[297.738s][info][gc,heap     ] GC(628) Eden regions: 137->0(190)
[297.738s][info][gc,heap     ] GC(628) Survivor regions: 16->17(20)
[297.738s][info][gc,heap     ] GC(628) Old regions: 53->69
[297.738s][info][gc,heap     ] GC(628) Humongous regions: 6->6
[297.738s][info][gc,metaspace] GC(628) Metaspace: 42671K(43072K)->42671K(43072K) NonClass: 39854K(40128K)->39854K(40128K) Class: 2816K(2944K)->2816K(2944K)
[297.738s][info][gc          ] GC(628) Pause Young (Concurrent Start) (G1 Evacuation Pause) 212M->91M(346M) 34.917ms
[297.738s][info][gc,cpu      ] GC(628) User=0.07s Sys=0.00s Real=0.03s
[297.738s][info][gc          ] GC(629) Concurrent Mark Cycle
[297.738s][info][gc,marking  ] GC(629) Concurrent Scan Root Regions
[297.761s][info][gc,marking  ] GC(629) Concurrent Scan Root Regions 22.682ms
[297.761s][info][gc,marking  ] GC(629) Concurrent Mark
[297.761s][info][gc,marking  ] GC(629) Concurrent Mark From Roots
[297.761s][info][gc,task     ] GC(629) Using 1 workers of 1 for marking
[297.815s][info][gc,marking  ] GC(629) Concurrent Mark From Roots 54.190ms
[297.815s][info][gc,marking  ] GC(629) Concurrent Preclean
[297.815s][info][gc,marking  ] GC(629) Concurrent Preclean 0.035ms
[297.815s][info][gc,start    ] GC(629) Pause Remark
[297.830s][info][gc          ] GC(629) Pause Remark 120M->119M(304M) 14.878ms
[297.830s][info][gc,cpu      ] GC(629) User=0.03s Sys=0.00s Real=0.01s
[297.832s][info][gc,marking  ] GC(629) Concurrent Mark 71.397ms
[297.832s][info][gc,marking  ] GC(629) Concurrent Rebuild Remembered Sets and Scrub Regions
[297.867s][info][gc,marking  ] GC(629) Concurrent Rebuild Remembered Sets and Scrub Regions 34.504ms
[297.867s][info][gc,start    ] GC(629) Pause Cleanup
[297.867s][info][gc          ] GC(629) Pause Cleanup 132M->132M(304M) 0.043ms
[297.867s][info][gc,cpu      ] GC(629) User=0.00s Sys=0.00s Real=0.00s
[297.867s][info][gc,marking  ] GC(629) Concurrent Clear Claimed Marks
[297.867s][info][gc,marking  ] GC(629) Concurrent Clear Claimed Marks 0.038ms
[297.867s][info][gc,marking  ] GC(629) Concurrent Cleanup for Next Mark
[297.868s][info][gc,marking  ] GC(629) Concurrent Cleanup for Next Mark 1.378ms
[297.868s][info][gc          ] GC(629) Concurrent Mark Cycle 130.322ms
[298.203s][info][gc,start    ] GC(630) Pause Young (Prepare Mixed) (G1 Evacuation Pause)
[298.203s][info][gc,task     ] GC(630) Using 2 workers of 2 for evacuation
[298.245s][info][gc,phases   ] GC(630)   Pre Evacuate Collection Set: 0.17ms
[298.245s][info][gc,phases   ] GC(630)   Merge Heap Roots: 0.11ms
[298.245s][info][gc,phases   ] GC(630)   Evacuate Collection Set: 40.66ms
[298.245s][info][gc,phases   ] GC(630)   Post Evacuate Collection Set: 0.43ms
[298.245s][info][gc,phases   ] GC(630)   Other: 0.07ms
[298.245s][info][gc,heap     ] GC(630) Eden regions: 165->0(150)
[298.245s][info][gc,heap     ] GC(630) Survivor regions: 17->19(23)
[298.245s][info][gc,heap     ] GC(630) Old regions: 69->86
[298.245s][info][gc,heap     ] GC(630) Humongous regions: 9->9
[298.245s][info][gc,metaspace] GC(630) Metaspace: 42671K(43072K)->42671K(43072K) NonClass: 39854K(40128K)->39854K(40128K) Class: 2816K(2944K)->2816K(2944K)
[298.245s][info][gc          ] GC(630) Pause Young (Prepare Mixed) (G1 Evacuation Pause) 259M->113M(304M) 41.653ms
[298.245s][info][gc,cpu      ] GC(630) User=0.08s Sys=0.00s Real=0.04s
[298.986s][info][gc,start    ] GC(631) Pause Young (Mixed) (G1 Evacuation Pause)
[298.986s][info][gc,task     ] GC(631) Using 2 workers of 2 for evacuation
[299.065s][info][gc,phases   ] GC(631)   Pre Evacuate Collection Set: 0.19ms
[299.065s][info][gc,phases   ] GC(631)   Merge Heap Roots: 0.17ms
[299.065s][info][gc,phases   ] GC(631)   Evacuate Collection Set: 77.26ms
[299.065s][info][gc,phases   ] GC(631)   Post Evacuate Collection Set: 0.53ms
[299.065s][info][gc,phases   ] GC(631)   Other: 0.08ms
[299.065s][info][gc,heap     ] GC(631) Eden regions: 150->0(117)
[299.065s][info][gc,heap     ] GC(631) Survivor regions: 19->22(22)
[299.065s][info][gc,heap     ] GC(631) Old regions: 86->117
[299.065s][info][gc,heap     ] GC(631) Humongous regions: 17->17
[299.065s][info][gc,metaspace] GC(631) Metaspace: 42671K(43072K)->42671K(43072K) NonClass: 39854K(40128K)->39854K(40128K) Class: 2816K(2944K)->2816K(2944K)
[299.065s][info][gc          ] GC(631) Pause Young (Mixed) (G1 Evacuation Pause) 271M->156M(329M) 78.465ms
[299.065s][info][gc,cpu      ] GC(631) User=0.13s Sys=0.01s Real=0.08s
[299.820s][info][gc,start    ] GC(632) Pause Young (Concurrent Start) (G1 Evacuation Pause)
[299.820s][info][gc,task     ] GC(632) Using 2 workers of 2 for evacuation
[299.855s][info][gc,phases   ] GC(632)   Pre Evacuate Collection Set: 0.22ms
[299.855s][info][gc,phases   ] GC(632)   Merge Heap Roots: 0.21ms
[299.855s][info][gc,phases   ] GC(632)   Evacuate Collection Set: 34.04ms
[299.855s][info][gc,phases   ] GC(632)   Post Evacuate Collection Set: 0.42ms
[299.855s][info][gc,phases   ] GC(632)   Other: 0.08ms
[299.855s][info][gc,heap     ] GC(632) Eden regions: 117->0(118)
[299.855s][info][gc,heap     ] GC(632) Survivor regions: 22->10(18)
[299.855s][info][gc,heap     ] GC(632) Old regions: 117->133
[299.855s][info][gc,heap     ] GC(632) Humongous regions: 17->15
[299.855s][info][gc,metaspace] GC(632) Metaspace: 42671K(43072K)->42671K(43072K) NonClass: 39854K(40128K)->39854K(40128K) Class: 2816K(2944K)->2816K(2944K)
[299.855s][info][gc          ] GC(632) Pause Young (Concurrent Start) (G1 Evacuation Pause) 273M->157M(329M) 35.173ms
[299.855s][info][gc,cpu      ] GC(632) User=0.07s Sys=0.00s Real=0.04s
[299.855s][info][gc          ] GC(633) Concurrent Mark Cycle
[299.855s][info][gc,marking  ] GC(633) Concurrent Scan Root Regions
[299.875s][info][gc,marking  ] GC(633) Concurrent Scan Root Regions 20.335ms
[299.875s][info][gc,marking  ] GC(633) Concurrent Mark
[299.875s][info][gc,marking  ] GC(633) Concurrent Mark From Roots
[299.875s][info][gc,task     ] GC(633) Using 1 workers of 1 for marking
[299.992s][info][gc,marking  ] GC(633) Concurrent Mark From Roots 116.406ms
[299.992s][info][gc,marking  ] GC(633) Concurrent Preclean
[299.992s][info][gc,marking  ] GC(633) Concurrent Preclean 0.034ms
[299.992s][info][gc,start    ] GC(633) Pause Remark
[300.006s][info][gc          ] GC(633) Pause Remark 193M->164M(329M) 14.109ms
[300.006s][info][gc,cpu      ] GC(633) User=0.03s Sys=0.00s Real=0.01s
[300.008s][info][gc,marking  ] GC(633) Concurrent Mark 132.670ms
[300.008s][info][gc,marking  ] GC(633) Concurrent Rebuild Remembered Sets and Scrub Regions
[300.064s][info][gc,marking  ] GC(633) Concurrent Rebuild Remembered Sets and Scrub Regions 56.144ms
[300.064s][info][gc,start    ] GC(633) Pause Cleanup
[300.064s][info][gc          ] GC(633) Pause Cleanup 175M->175M(329M) 0.047ms
[300.064s][info][gc,cpu      ] GC(633) User=0.00s Sys=0.00s Real=0.00s
[300.065s][info][gc,marking  ] GC(633) Concurrent Clear Claimed Marks
[300.065s][info][gc,marking  ] GC(633) Concurrent Clear Claimed Marks 0.036ms
[300.065s][info][gc,marking  ] GC(633) Concurrent Cleanup for Next Mark
[300.066s][info][gc,marking  ] GC(633) Concurrent Cleanup for Next Mark 1.443ms
[300.066s][info][gc          ] GC(633) Concurrent Mark Cycle 211.008ms
[300.413s][info][gc,start    ] GC(634) Pause Young (Prepare Mixed) (G1 Evacuation Pause)
[300.413s][info][gc,task     ] GC(634) Using 2 workers of 2 for evacuation
[300.424s][info][gc,phases   ] GC(634)   Pre Evacuate Collection Set: 0.17ms
[300.424s][info][gc,phases   ] GC(634)   Merge Heap Roots: 0.10ms
[300.424s][info][gc,phases   ] GC(634)   Evacuate Collection Set: 9.56ms
[300.424s][info][gc,phases   ] GC(634)   Post Evacuate Collection Set: 0.38ms
[300.424s][info][gc,phases   ] GC(634)   Other: 0.09ms
[300.424s][info][gc,heap     ] GC(634) Eden regions: 118->0(136)
[300.424s][info][gc,heap     ] GC(634) Survivor regions: 10->10(16)
[300.424s][info][gc,heap     ] GC(634) Old regions: 118->122
[300.424s][info][gc,heap     ] GC(634) Humongous regions: 1->1
[300.424s][info][gc,metaspace] GC(634) Metaspace: 42671K(43072K)->42671K(43072K) NonClass: 39854K(40128K)->39854K(40128K) Class: 2816K(2944K)->2816K(2944K)
[300.424s][info][gc          ] GC(634) Pause Young (Prepare Mixed) (G1 Evacuation Pause) 246M->132M(329M) 10.468ms
[300.424s][info][gc,cpu      ] GC(634) User=0.02s Sys=0.00s Real=0.01s
[301.127s][info][gc,start    ] GC(635) Pause Young (Mixed) (G1 Evacuation Pause)
[301.127s][info][gc,task     ] GC(635) Using 2 workers of 2 for evacuation
[301.146s][info][gc,phases   ] GC(635)   Pre Evacuate Collection Set: 0.18ms
[301.146s][info][gc,phases   ] GC(635)   Merge Heap Roots: 0.09ms
[301.146s][info][gc,phases   ] GC(635)   Evacuate Collection Set: 18.09ms
[301.146s][info][gc,phases   ] GC(635)   Post Evacuate Collection Set: 0.43ms
[301.146s][info][gc,phases   ] GC(635)   Other: 0.07ms
[301.146s][info][gc,heap     ] GC(635) Eden regions: 136->0(138)
[301.146s][info][gc,heap     ] GC(635) Survivor regions: 10->19(19)
[301.146s][info][gc,heap     ] GC(635) Old regions: 122->118
[301.146s][info][gc,heap     ] GC(635) Humongous regions: 1->1
[301.146s][info][gc,metaspace] GC(635) Metaspace: 42672K(43072K)->42672K(43072K) NonClass: 39855K(40128K)->39855K(40128K) Class: 2816K(2944K)->2816K(2944K)
[301.146s][info][gc          ] GC(635) Pause Young (Mixed) (G1 Evacuation Pause) 268M->137M(329M) 19.058ms
[301.146s][info][gc,cpu      ] GC(635) User=0.04s Sys=0.00s Real=0.02s
[301.918s][info][gc,start    ] GC(636) Pause Young (Concurrent Start) (G1 Evacuation Pause)
[301.918s][info][gc,task     ] GC(636) Using 2 workers of 2 for evacuation
[301.948s][info][gc,phases   ] GC(636)   Pre Evacuate Collection Set: 0.21ms
[301.948s][info][gc,phases   ] GC(636)   Merge Heap Roots: 0.07ms
[301.948s][info][gc,phases   ] GC(636)   Evacuate Collection Set: 28.94ms
[301.948s][info][gc,phases   ] GC(636)   Post Evacuate Collection Set: 0.43ms
[301.948s][info][gc,phases   ] GC(636)   Other: 0.11ms
[301.948s][info][gc,heap     ] GC(636) Eden regions: 138->0(128)
[301.948s][info][gc,heap     ] GC(636) Survivor regions: 19->16(20)
[301.948s][info][gc,heap     ] GC(636) Old regions: 118->137
[301.948s][info][gc,heap     ] GC(636) Humongous regions: 1->1
[301.948s][info][gc,metaspace] GC(636) Metaspace: 42672K(43072K)->42672K(43072K) NonClass: 39855K(40128K)->39855K(40128K) Class: 2816K(2944K)->2816K(2944K)
[301.948s][info][gc          ] GC(636) Pause Young (Concurrent Start) (G1 Evacuation Pause) 275M->154M(329M) 29.960ms
[301.948s][info][gc          ] GC(637) Concurrent Mark Cycle
[301.948s][info][gc,marking  ] GC(637) Concurrent Scan Root Regions
[301.949s][info][gc,cpu      ] GC(636) User=0.06s Sys=0.00s Real=0.03s
[301.984s][info][gc,marking  ] GC(637) Concurrent Scan Root Regions 36.333ms
[301.984s][info][gc,marking  ] GC(637) Concurrent Mark
[301.984s][info][gc,marking  ] GC(637) Concurrent Mark From Roots
[301.984s][info][gc,task     ] GC(637) Using 1 workers of 1 for marking
[302.020s][info][gc,marking  ] GC(637) Concurrent Mark From Roots 35.274ms
[302.020s][info][gc,marking  ] GC(637) Concurrent Preclean
[302.020s][info][gc,marking  ] GC(637) Concurrent Preclean 0.039ms
[302.020s][info][gc,start    ] GC(637) Pause Remark
[302.036s][info][gc          ] GC(637) Pause Remark 163M->82M(256M) 16.050ms
[302.036s][info][gc,cpu      ] GC(637) User=0.03s Sys=0.00s Real=0.02s
[302.036s][info][gc,marking  ] GC(637) Concurrent Mark 51.579ms
[302.036s][info][gc,marking  ] GC(637) Concurrent Rebuild Remembered Sets and Scrub Regions
[302.065s][info][gc,marking  ] GC(637) Concurrent Rebuild Remembered Sets and Scrub Regions 29.157ms
[302.065s][info][gc,start    ] GC(637) Pause Cleanup
[302.065s][info][gc          ] GC(637) Pause Cleanup 86M->86M(256M) 0.045ms
[302.065s][info][gc,cpu      ] GC(637) User=0.00s Sys=0.00s Real=0.00s
[302.065s][info][gc,marking  ] GC(637) Concurrent Clear Claimed Marks
[302.066s][info][gc,marking  ] GC(637) Concurrent Clear Claimed Marks 0.037ms
[302.066s][info][gc,marking  ] GC(637) Concurrent Cleanup for Next Mark
[302.066s][info][gc,marking  ] GC(637) Concurrent Cleanup for Next Mark 0.767ms
[302.066s][info][gc          ] GC(637) Concurrent Mark Cycle 118.232ms
[302.648s][info][gc,start    ] GC(638) Pause Young (Prepare Mixed) (G1 Evacuation Pause)
[302.648s][info][gc,task     ] GC(638) Using 2 workers of 2 for evacuation
[302.661s][info][gc,phases   ] GC(638)   Pre Evacuate Collection Set: 0.18ms
[302.661s][info][gc,phases   ] GC(638)   Merge Heap Roots: 0.08ms
[302.661s][info][gc,phases   ] GC(638)   Evacuate Collection Set: 12.70ms
[302.661s][info][gc,phases   ] GC(638)   Post Evacuate Collection Set: 0.38ms
[302.661s][info][gc,phases   ] GC(638)   Other: 0.07ms
[302.661s][info][gc,heap     ] GC(638) Eden regions: 128->0(139)
[302.661s][info][gc,heap     ] GC(638) Survivor regions: 16->11(18)
[302.661s][info][gc,heap     ] GC(638) Old regions: 56->58
[302.661s][info][gc,heap     ] GC(638) Humongous regions: 1->1
[302.661s][info][gc,metaspace] GC(638) Metaspace: 42680K(43072K)->42680K(43072K) NonClass: 39862K(40128K)->39862K(40128K) Class: 2817K(2944K)->2817K(2944K)
[302.661s][info][gc          ] GC(638) Pause Young (Prepare Mixed) (G1 Evacuation Pause) 201M->70M(256M) 13.595ms
[302.661s][info][gc,cpu      ] GC(638) User=0.02s Sys=0.01s Real=0.02s
[303.456s][info][gc,start    ] GC(639) Pause Young (Mixed) (G1 Evacuation Pause)
[303.456s][info][gc,task     ] GC(639) Using 2 workers of 2 for evacuation
[303.478s][info][gc,phases   ] GC(639)   Pre Evacuate Collection Set: 0.16ms
[303.478s][info][gc,phases   ] GC(639)   Merge Heap Roots: 0.09ms
[303.478s][info][gc,phases   ] GC(639)   Evacuate Collection Set: 21.22ms
[303.478s][info][gc,phases   ] GC(639)   Post Evacuate Collection Set: 0.40ms
[303.478s][info][gc,phases   ] GC(639)   Other: 0.07ms
[303.478s][info][gc,heap     ] GC(639) Eden regions: 139->0(133)
[303.478s][info][gc,heap     ] GC(639) Survivor regions: 11->13(19)
[303.478s][info][gc,heap     ] GC(639) Old regions: 58->65
[303.478s][info][gc,heap     ] GC(639) Humongous regions: 2->2
[303.478s][info][gc,metaspace] GC(639) Metaspace: 42680K(43072K)->42680K(43072K) NonClass: 39862K(40128K)->39862K(40128K) Class: 2817K(2944K)->2817K(2944K)
[303.478s][info][gc          ] GC(639) Pause Young (Mixed) (G1 Evacuation Pause) 210M->79M(256M) 22.152ms
[303.478s][info][gc,cpu      ] GC(639) User=0.04s Sys=0.00s Real=0.02s
[304.269s][info][gc,start    ] GC(640) Pause Young (Concurrent Start) (G1 Evacuation Pause)
[304.269s][info][gc,task     ] GC(640) Using 2 workers of 2 for evacuation
[304.292s][info][gc,phases   ] GC(640)   Pre Evacuate Collection Set: 0.18ms
[304.292s][info][gc,phases   ] GC(640)   Merge Heap Roots: 0.08ms
[304.292s][info][gc,phases   ] GC(640)   Evacuate Collection Set: 22.08ms
[304.292s][info][gc,phases   ] GC(640)   Post Evacuate Collection Set: 0.50ms
[304.292s][info][gc,phases   ] GC(640)   Other: 0.10ms
[304.292s][info][gc,heap     ] GC(640) Eden regions: 133->0(125)
[304.292s][info][gc,heap     ] GC(640) Survivor regions: 13->13(19)
[304.292s][info][gc,heap     ] GC(640) Old regions: 65->78
[304.292s][info][gc,heap     ] GC(640) Humongous regions: 2->2
[304.292s][info][gc,metaspace] GC(640) Metaspace: 42681K(43072K)->42681K(43072K) NonClass: 39863K(40128K)->39863K(40128K) Class: 2817K(2944K)->2817K(2944K)
[304.292s][info][gc          ] GC(640) Pause Young (Concurrent Start) (G1 Evacuation Pause) 212M->92M(256M) 23.135ms
[304.292s][info][gc,cpu      ] GC(640) User=0.05s Sys=0.00s Real=0.03s
[304.292s][info][gc          ] GC(641) Concurrent Mark Cycle
[304.292s][info][gc,marking  ] GC(641) Concurrent Scan Root Regions
[304.307s][info][gc,marking  ] GC(641) Concurrent Scan Root Regions 14.669ms
[304.307s][info][gc,marking  ] GC(641) Concurrent Mark
[304.307s][info][gc,marking  ] GC(641) Concurrent Mark From Roots
[304.307s][info][gc,task     ] GC(641) Using 1 workers of 1 for marking
[304.342s][info][gc,marking  ] GC(641) Concurrent Mark From Roots 35.059ms
[304.342s][info][gc,marking  ] GC(641) Concurrent Preclean
[304.342s][info][gc,marking  ] GC(641) Concurrent Preclean 0.031ms
[304.342s][info][gc,start    ] GC(641) Pause Remark
[304.356s][info][gc          ] GC(641) Pause Remark 101M->96M(256M) 14.563ms
[304.356s][info][gc,cpu      ] GC(641) User=0.03s Sys=0.00s Real=0.01s
[304.356s][info][gc,marking  ] GC(641) Concurrent Mark 49.819ms
[304.356s][info][gc,marking  ] GC(641) Concurrent Rebuild Remembered Sets and Scrub Regions
[304.380s][info][gc,marking  ] GC(641) Concurrent Rebuild Remembered Sets and Scrub Regions 23.118ms
[304.380s][info][gc,start    ] GC(641) Pause Cleanup
[304.380s][info][gc          ] GC(641) Pause Cleanup 100M->100M(256M) 0.043ms
[304.380s][info][gc,cpu      ] GC(641) User=0.00s Sys=0.00s Real=0.00s
[304.380s][info][gc,marking  ] GC(641) Concurrent Clear Claimed Marks
[304.380s][info][gc,marking  ] GC(641) Concurrent Clear Claimed Marks 0.034ms
[304.380s][info][gc,marking  ] GC(641) Concurrent Cleanup for Next Mark
[304.380s][info][gc,marking  ] GC(641) Concurrent Cleanup for Next Mark 0.734ms
[304.381s][info][gc          ] GC(641) Concurrent Mark Cycle 88.601ms
[304.864s][info][gc,start    ] GC(642) Pause Young (Prepare Mixed) (G1 Evacuation Pause)
[304.864s][info][gc,task     ] GC(642) Using 2 workers of 2 for evacuation
[304.882s][info][gc,phases   ] GC(642)   Pre Evacuate Collection Set: 0.16ms
[304.882s][info][gc,phases   ] GC(642)   Merge Heap Roots: 0.09ms
[304.882s][info][gc,phases   ] GC(642)   Evacuate Collection Set: 16.68ms
[304.882s][info][gc,phases   ] GC(642)   Post Evacuate Collection Set: 0.40ms
[304.882s][info][gc,phases   ] GC(642)   Other: 0.07ms
[304.882s][info][gc,heap     ] GC(642) Eden regions: 125->0(119)
[304.882s][info][gc,heap     ] GC(642) Survivor regions: 13->17(18)
[304.882s][info][gc,heap     ] GC(642) Old regions: 73->76
[304.882s][info][gc,heap     ] GC(642) Humongous regions: 4->4
[304.882s][info][gc,metaspace] GC(642) Metaspace: 42681K(43072K)->42681K(43072K) NonClass: 39863K(40128K)->39863K(40128K) Class: 2817K(2944K)->2817K(2944K)
[304.882s][info][gc          ] GC(642) Pause Young (Prepare Mixed) (G1 Evacuation Pause) 214M->96M(256M) 17.594ms
[304.882s][info][gc,cpu      ] GC(642) User=0.04s Sys=0.00s Real=0.02s
[305.172s][info][gc,start    ] GC(643) Pause Young (Mixed) (G1 Evacuation Pause)
[305.173s][info][gc,task     ] GC(643) Using 2 workers of 2 for evacuation
[305.202s][info][gc,phases   ] GC(643)   Pre Evacuate Collection Set: 0.20ms
[305.202s][info][gc,phases   ] GC(643)   Merge Heap Roots: 0.17ms
[305.202s][info][gc,phases   ] GC(643)   Evacuate Collection Set: 28.49ms
[305.202s][info][gc,phases   ] GC(643)   Post Evacuate Collection Set: 0.43ms
[305.202s][info][gc,phases   ] GC(643)   Other: 0.08ms
[305.202s][info][gc,heap     ] GC(643) Eden regions: 119->0(126)
[305.202s][info][gc,heap     ] GC(643) Survivor regions: 17->15(17)
[305.202s][info][gc,heap     ] GC(643) Old regions: 76->68
[305.202s][info][gc,heap     ] GC(643) Humongous regions: 5->5
[305.202s][info][gc,metaspace] GC(643) Metaspace: 42681K(43072K)->42681K(43072K) NonClass: 39863K(40128K)->39863K(40128K) Class: 2817K(2944K)->2817K(2944K)
[305.202s][info][gc          ] GC(643) Pause Young (Mixed) (G1 Evacuation Pause) 216M->87M(256M) 29.603ms
[305.202s][info][gc,cpu      ] GC(643) User=0.06s Sys=0.00s Real=0.03s
[305.474s][info][gc,start    ] GC(644) Pause Young (Concurrent Start) (G1 Evacuation Pause)
[305.475s][info][gc,task     ] GC(644) Using 2 workers of 2 for evacuation
[305.502s][info][gc,phases   ] GC(644)   Pre Evacuate Collection Set: 0.19ms
[305.502s][info][gc,phases   ] GC(644)   Merge Heap Roots: 0.06ms
[305.502s][info][gc,phases   ] GC(644)   Evacuate Collection Set: 26.78ms
[305.502s][info][gc,phases   ] GC(644)   Post Evacuate Collection Set: 0.65ms
[305.502s][info][gc,phases   ] GC(644)   Other: 0.09ms
[305.502s][info][gc,heap     ] GC(644) Eden regions: 126->0(137)
[305.502s][info][gc,heap     ] GC(644) Survivor regions: 15->16(18)
[305.502s][info][gc,heap     ] GC(644) Old regions: 68->83
[305.502s][info][gc,heap     ] GC(644) Humongous regions: 5->5
[305.502s][info][gc,metaspace] GC(644) Metaspace: 42681K(43072K)->42681K(43072K) NonClass: 39863K(40128K)->39863K(40128K) Class: 2817K(2944K)->2817K(2944K)
[305.502s][info][gc          ] GC(644) Pause Young (Concurrent Start) (G1 Evacuation Pause) 213M->103M(285M) 27.959ms
[305.502s][info][gc,cpu      ] GC(644) User=0.05s Sys=0.01s Real=0.03s
[305.502s][info][gc          ] GC(645) Concurrent Mark Cycle
[305.503s][info][gc,marking  ] GC(645) Concurrent Scan Root Regions
[305.521s][info][gc,marking  ] GC(645) Concurrent Scan Root Regions 18.711ms
[305.521s][info][gc,marking  ] GC(645) Concurrent Mark
[305.521s][info][gc,marking  ] GC(645) Concurrent Mark From Roots
[305.521s][info][gc,task     ] GC(645) Using 1 workers of 1 for marking
[305.559s][info][gc,marking  ] GC(645) Concurrent Mark From Roots 37.471ms
[305.559s][info][gc,marking  ] GC(645) Concurrent Preclean
[305.559s][info][gc,marking  ] GC(645) Concurrent Preclean 0.034ms
[305.559s][info][gc,start    ] GC(645) Pause Remark
[305.574s][info][gc          ] GC(645) Pause Remark 121M->114M(285M) 15.283ms
[305.574s][info][gc,cpu      ] GC(645) User=0.03s Sys=0.00s Real=0.02s
[305.574s][info][gc,marking  ] GC(645) Concurrent Mark 53.042ms
[305.574s][info][gc,marking  ] GC(645) Concurrent Rebuild Remembered Sets and Scrub Regions
[305.604s][info][gc,marking  ] GC(645) Concurrent Rebuild Remembered Sets and Scrub Regions 29.631ms
[305.604s][info][gc,start    ] GC(645) Pause Cleanup
[305.604s][info][gc          ] GC(645) Pause Cleanup 124M->124M(285M) 0.052ms
[305.604s][info][gc,cpu      ] GC(645) User=0.00s Sys=0.00s Real=0.00s
[305.604s][info][gc,marking  ] GC(645) Concurrent Clear Claimed Marks
[305.604s][info][gc,marking  ] GC(645) Concurrent Clear Claimed Marks 0.036ms
[305.604s][info][gc,marking  ] GC(645) Concurrent Cleanup for Next Mark
[305.605s][info][gc,marking  ] GC(645) Concurrent Cleanup for Next Mark 1.133ms
[305.605s][info][gc          ] GC(645) Concurrent Mark Cycle 102.930ms
[305.850s][info][gc,start    ] GC(646) Pause Young (Prepare Mixed) (G1 Evacuation Pause)
[305.850s][info][gc,task     ] GC(646) Using 2 workers of 2 for evacuation
[305.885s][info][gc,phases   ] GC(646)   Pre Evacuate Collection Set: 0.16ms
[305.885s][info][gc,phases   ] GC(646)   Merge Heap Roots: 0.10ms
[305.885s][info][gc,phases   ] GC(646)   Evacuate Collection Set: 34.37ms
[305.885s][info][gc,phases   ] GC(646)   Post Evacuate Collection Set: 0.40ms
[305.885s][info][gc,phases   ] GC(646)   Other: 0.08ms
[305.885s][info][gc,heap     ] GC(646) Eden regions: 137->0(130)
[305.885s][info][gc,heap     ] GC(646) Survivor regions: 16->16(20)
[305.885s][info][gc,heap     ] GC(646) Old regions: 77->92
[305.885s][info][gc,heap     ] GC(646) Humongous regions: 6->6
[305.885s][info][gc,metaspace] GC(646) Metaspace: 42681K(43072K)->42681K(43072K) NonClass: 39863K(40128K)->39863K(40128K) Class: 2817K(2944K)->2817K(2944K)
[305.885s][info][gc          ] GC(646) Pause Young (Prepare Mixed) (G1 Evacuation Pause) 235M->114M(285M) 35.310ms
[305.885s][info][gc,cpu      ] GC(646) User=0.07s Sys=0.00s Real=0.04s
[306.164s][info][gc,start    ] GC(647) Pause Young (Mixed) (G1 Evacuation Pause)
[306.164s][info][gc,task     ] GC(647) Using 2 workers of 2 for evacuation
[306.198s][info][gc,phases   ] GC(647)   Pre Evacuate Collection Set: 0.26ms
[306.198s][info][gc,phases   ] GC(647)   Merge Heap Roots: 0.11ms
[306.198s][info][gc,phases   ] GC(647)   Evacuate Collection Set: 33.38ms
[306.198s][info][gc,phases   ] GC(647)   Post Evacuate Collection Set: 0.43ms
[306.198s][info][gc,phases   ] GC(647)   Other: 0.08ms
[306.198s][info][gc,heap     ] GC(647) Eden regions: 130->0(136)
[306.198s][info][gc,heap     ] GC(647) Survivor regions: 16->15(19)
[306.198s][info][gc,heap     ] GC(647) Old regions: 92->86
[306.198s][info][gc,heap     ] GC(647) Humongous regions: 6->6
[306.198s][info][gc,metaspace] GC(647) Metaspace: 42681K(43072K)->42681K(43072K) NonClass: 39863K(40128K)->39863K(40128K) Class: 2817K(2944K)->2817K(2944K)
[306.198s][info][gc          ] GC(647) Pause Young (Mixed) (G1 Evacuation Pause) 244M->107M(285M) 34.455ms
[306.198s][info][gc,cpu      ] GC(647) User=0.07s Sys=0.00s Real=0.03s
[306.236s][info][gc,start    ] GC(648) Pause Young (Concurrent Start) (G1 Humongous Allocation)
[306.236s][info][gc,task     ] GC(648) Using 2 workers of 2 for evacuation
[306.253s][info][gc,phases   ] GC(648)   Pre Evacuate Collection Set: 0.19ms
[306.253s][info][gc,phases   ] GC(648)   Merge Heap Roots: 0.06ms
[306.253s][info][gc,phases   ] GC(648)   Evacuate Collection Set: 16.87ms
[306.253s][info][gc,phases   ] GC(648)   Post Evacuate Collection Set: 0.28ms
[306.253s][info][gc,phases   ] GC(648)   Other: 0.09ms
[306.254s][info][gc,heap     ] GC(648) Eden regions: 17->0(135)
[306.254s][info][gc,heap     ] GC(648) Survivor regions: 15->3(19)
[306.254s][info][gc,heap     ] GC(648) Old regions: 86->101
[306.254s][info][gc,heap     ] GC(648) Humongous regions: 6->6
[306.254s][info][gc,metaspace] GC(648) Metaspace: 42681K(43072K)->42681K(43072K) NonClass: 39863K(40128K)->39863K(40128K) Class: 2817K(2944K)->2817K(2944K)
[306.254s][info][gc          ] GC(648) Pause Young (Concurrent Start) (G1 Humongous Allocation) 124M->110M(285M) 17.658ms
[306.254s][info][gc          ] GC(649) Concurrent Mark Cycle
[306.254s][info][gc,marking  ] GC(649) Concurrent Scan Root Regions
[306.256s][info][gc,cpu      ] GC(648) User=0.04s Sys=0.00s Real=0.02s
[306.268s][info][gc,marking  ] GC(649) Concurrent Scan Root Regions 14.148ms
[306.268s][info][gc,marking  ] GC(649) Concurrent Mark
[306.268s][info][gc,marking  ] GC(649) Concurrent Mark From Roots
[306.268s][info][gc,task     ] GC(649) Using 1 workers of 1 for marking
[306.364s][info][gc,marking  ] GC(649) Concurrent Mark From Roots 95.959ms
[306.364s][info][gc,marking  ] GC(649) Concurrent Preclean
[306.364s][info][gc,marking  ] GC(649) Concurrent Preclean 0.038ms
[306.364s][info][gc,start    ] GC(649) Pause Remark
[306.379s][info][gc          ] GC(649) Pause Remark 143M->142M(285M) 14.639ms
[306.379s][info][gc,cpu      ] GC(649) User=0.03s Sys=0.00s Real=0.01s
[306.379s][info][gc,marking  ] GC(649) Concurrent Mark 110.920ms
[306.379s][info][gc,marking  ] GC(649) Concurrent Rebuild Remembered Sets and Scrub Regions
[306.438s][info][gc,marking  ] GC(649) Concurrent Rebuild Remembered Sets and Scrub Regions 59.293ms
[306.438s][info][gc,start    ] GC(649) Pause Cleanup
[306.438s][info][gc          ] GC(649) Pause Cleanup 172M->172M(285M) 0.042ms
[306.438s][info][gc,cpu      ] GC(649) User=0.00s Sys=0.00s Real=0.00s
[306.438s][info][gc,marking  ] GC(649) Concurrent Clear Claimed Marks
[306.438s][info][gc,marking  ] GC(649) Concurrent Clear Claimed Marks 0.037ms
[306.438s][info][gc,marking  ] GC(649) Concurrent Cleanup for Next Mark
[306.439s][info][gc,marking  ] GC(649) Concurrent Cleanup for Next Mark 0.779ms
[306.439s][info][gc          ] GC(649) Concurrent Mark Cycle 185.531ms
[306.617s][info][gc,start    ] GC(650) Pause Young (Prepare Mixed) (G1 Evacuation Pause)
[306.617s][info][gc,task     ] GC(650) Using 2 workers of 2 for evacuation
[306.641s][info][gc,phases   ] GC(650)   Pre Evacuate Collection Set: 0.15ms
[306.641s][info][gc,phases   ] GC(650)   Merge Heap Roots: 0.11ms
[306.641s][info][gc,phases   ] GC(650)   Evacuate Collection Set: 23.17ms
[306.641s][info][gc,phases   ] GC(650)   Post Evacuate Collection Set: 0.40ms
[306.641s][info][gc,phases   ] GC(650)   Other: 0.09ms
[306.641s][info][gc,heap     ] GC(650) Eden regions: 135->0(122)
[306.641s][info][gc,heap     ] GC(650) Survivor regions: 3->18(18)
[306.641s][info][gc,heap     ] GC(650) Old regions: 101->101
[306.641s][info][gc,heap     ] GC(650) Humongous regions: 9->9
[306.641s][info][gc,metaspace] GC(650) Metaspace: 42681K(43072K)->42681K(43072K) NonClass: 39863K(40128K)->39863K(40128K) Class: 2817K(2944K)->2817K(2944K)
[306.641s][info][gc          ] GC(650) Pause Young (Prepare Mixed) (G1 Evacuation Pause) 248M->127M(285M) 24.123ms
[306.641s][info][gc,cpu      ] GC(650) User=0.05s Sys=0.00s Real=0.03s
[307.817s][info][gc,start    ] GC(651) Pause Young (Mixed) (G1 Evacuation Pause)
[307.817s][info][gc,task     ] GC(651) Using 2 workers of 2 for evacuation
[307.856s][info][gc,phases   ] GC(651)   Pre Evacuate Collection Set: 0.17ms
[307.856s][info][gc,phases   ] GC(651)   Merge Heap Roots: 0.19ms
[307.856s][info][gc,phases   ] GC(651)   Evacuate Collection Set: 37.80ms
[307.856s][info][gc,phases   ] GC(651)   Post Evacuate Collection Set: 0.56ms
[307.856s][info][gc,phases   ] GC(651)   Other: 0.07ms
[307.856s][info][gc,heap     ] GC(651) Eden regions: 122->0(116)
[307.856s][info][gc,heap     ] GC(651) Survivor regions: 18->8(18)
[307.856s][info][gc,heap     ] GC(651) Old regions: 101->115
[307.856s][info][gc,heap     ] GC(651) Humongous regions: 17->15
[307.856s][info][gc,metaspace] GC(651) Metaspace: 42681K(43072K)->42681K(43072K) NonClass: 39863K(40128K)->39863K(40128K) Class: 2817K(2944K)->2817K(2944K)
[307.856s][info][gc          ] GC(651) Pause Young (Mixed) (G1 Evacuation Pause) 257M->137M(285M) 38.990ms
[307.856s][info][gc,cpu      ] GC(651) User=0.08s Sys=0.00s Real=0.04s
[308.218s][info][gc,start    ] GC(652) Pause Young (Concurrent Start) (G1 Evacuation Pause)
[308.218s][info][gc,task     ] GC(652) Using 2 workers of 2 for evacuation
[308.236s][info][gc,phases   ] GC(652)   Pre Evacuate Collection Set: 0.20ms
[308.236s][info][gc,phases   ] GC(652)   Merge Heap Roots: 0.13ms
[308.236s][info][gc,phases   ] GC(652)   Evacuate Collection Set: 17.49ms
[308.236s][info][gc,phases   ] GC(652)   Post Evacuate Collection Set: 0.39ms
[308.236s][info][gc,phases   ] GC(652)   Other: 0.09ms
[308.236s][info][gc,heap     ] GC(652) Eden regions: 116->0(112)
[308.236s][info][gc,heap     ] GC(652) Survivor regions: 8->14(16)
[308.236s][info][gc,heap     ] GC(652) Old regions: 115->115
[308.236s][info][gc,heap     ] GC(652) Humongous regions: 15->15
[308.236s][info][gc,metaspace] GC(652) Metaspace: 42681K(43072K)->42681K(43072K) NonClass: 39863K(40128K)->39863K(40128K) Class: 2817K(2944K)->2817K(2944K)
[308.236s][info][gc          ] GC(652) Pause Young (Concurrent Start) (G1 Evacuation Pause) 253M->143M(285M) 18.502ms
[308.236s][info][gc,cpu      ] GC(652) User=0.04s Sys=0.00s Real=0.02s
[308.236s][info][gc          ] GC(653) Concurrent Mark Cycle
[308.236s][info][gc,marking  ] GC(653) Concurrent Scan Root Regions
[308.245s][info][gc,marking  ] GC(653) Concurrent Scan Root Regions 8.964ms
[308.245s][info][gc,marking  ] GC(653) Concurrent Mark
[308.245s][info][gc,marking  ] GC(653) Concurrent Mark From Roots
[308.245s][info][gc,task     ] GC(653) Using 1 workers of 1 for marking
[308.279s][info][gc,marking  ] GC(653) Concurrent Mark From Roots 33.614ms
[308.279s][info][gc,marking  ] GC(653) Concurrent Preclean
[308.279s][info][gc,marking  ] GC(653) Concurrent Preclean 0.035ms
[308.279s][info][gc,start    ] GC(653) Pause Remark
[308.293s][info][gc          ] GC(653) Pause Remark 150M->125M(285M) 14.145ms
[308.293s][info][gc,cpu      ] GC(653) User=0.03s Sys=0.00s Real=0.02s
[308.293s][info][gc,marking  ] GC(653) Concurrent Mark 48.082ms
[308.293s][info][gc,marking  ] GC(653) Concurrent Rebuild Remembered Sets and Scrub Regions
[308.307s][info][gc,marking  ] GC(653) Concurrent Rebuild Remembered Sets and Scrub Regions 13.556ms
[308.307s][info][gc,start    ] GC(653) Pause Cleanup
[308.307s][info][gc          ] GC(653) Pause Cleanup 128M->128M(285M) 0.062ms
[308.307s][info][gc,cpu      ] GC(653) User=0.00s Sys=0.00s Real=0.00s
[308.307s][info][gc,marking  ] GC(653) Concurrent Clear Claimed Marks
[308.307s][info][gc,marking  ] GC(653) Concurrent Clear Claimed Marks 0.031ms
[308.307s][info][gc,marking  ] GC(653) Concurrent Cleanup for Next Mark
[308.308s][info][gc,marking  ] GC(653) Concurrent Cleanup for Next Mark 0.771ms
[308.308s][info][gc          ] GC(653) Concurrent Mark Cycle 71.659ms
[308.781s][info][gc,start    ] GC(654) Pause Young (Prepare Mixed) (G1 Evacuation Pause)
[308.781s][info][gc,task     ] GC(654) Using 2 workers of 2 for evacuation
[308.790s][info][gc,phases   ] GC(654)   Pre Evacuate Collection Set: 0.23ms
[308.790s][info][gc,phases   ] GC(654)   Merge Heap Roots: 0.12ms
[308.790s][info][gc,phases   ] GC(654)   Evacuate Collection Set: 7.98ms
[308.790s][info][gc,phases   ] GC(654)   Post Evacuate Collection Set: 0.35ms
[308.790s][info][gc,phases   ] GC(654)   Other: 0.07ms
[308.790s][info][gc,heap     ] GC(654) Eden regions: 112->0(138)
[308.790s][info][gc,heap     ] GC(654) Survivor regions: 14->11(16)
[308.790s][info][gc,heap     ] GC(654) Old regions: 104->105
[308.790s][info][gc,heap     ] GC(654) Humongous regions: 1->1
[308.790s][info][gc,metaspace] GC(654) Metaspace: 42681K(43072K)->42681K(43072K) NonClass: 39863K(40128K)->39863K(40128K) Class: 2817K(2944K)->2817K(2944K)
[308.790s][info][gc          ] GC(654) Pause Young (Prepare Mixed) (G1 Evacuation Pause) 230M->116M(285M) 8.930ms
[308.790s][info][gc,cpu      ] GC(654) User=0.02s Sys=0.00s Real=0.00s
[309.495s][info][gc,start    ] GC(655) Pause Young (Mixed) (G1 Evacuation Pause)
[309.495s][info][gc,task     ] GC(655) Using 2 workers of 2 for evacuation
[309.506s][info][gc,phases   ] GC(655)   Pre Evacuate Collection Set: 0.20ms
[309.506s][info][gc,phases   ] GC(655)   Merge Heap Roots: 0.07ms
[309.506s][info][gc,phases   ] GC(655)   Evacuate Collection Set: 10.80ms
[309.506s][info][gc,phases   ] GC(655)   Post Evacuate Collection Set: 0.39ms
[309.506s][info][gc,phases   ] GC(655)   Other: 0.07ms
[309.506s][info][gc,heap     ] GC(655) Eden regions: 138->0(162)
[309.506s][info][gc,heap     ] GC(655) Survivor regions: 11->9(19)
[309.506s][info][gc,heap     ] GC(655) Old regions: 105->82
[309.506s][info][gc,heap     ] GC(655) Humongous regions: 1->1
[309.506s][info][gc,metaspace] GC(655) Metaspace: 42681K(43072K)->42681K(43072K) NonClass: 39863K(40128K)->39863K(40128K) Class: 2817K(2944K)->2817K(2944K)
[309.506s][info][gc          ] GC(655) Pause Young (Mixed) (G1 Evacuation Pause) 254M->91M(285M) 11.714ms
[309.506s][info][gc,cpu      ] GC(655) User=0.02s Sys=0.00s Real=0.01s
[310.346s][info][gc,start    ] GC(656) Pause Young (Mixed) (G1 Evacuation Pause)
[310.346s][info][gc,task     ] GC(656) Using 2 workers of 2 for evacuation
[310.370s][info][gc,phases   ] GC(656)   Pre Evacuate Collection Set: 0.17ms
[310.370s][info][gc,phases   ] GC(656)   Merge Heap Roots: 0.07ms
[310.370s][info][gc,phases   ] GC(656)   Evacuate Collection Set: 22.83ms
[310.370s][info][gc,phases   ] GC(656)   Post Evacuate Collection Set: 0.42ms
[310.370s][info][gc,phases   ] GC(656)   Other: 0.08ms
[310.370s][info][gc,heap     ] GC(656) Eden regions: 162->0(149)
[310.370s][info][gc,heap     ] GC(656) Survivor regions: 9->22(22)
[310.370s][info][gc,heap     ] GC(656) Old regions: 82->55
[310.370s][info][gc,heap     ] GC(656) Humongous regions: 1->1
[310.370s][info][gc,metaspace] GC(656) Metaspace: 42681K(43072K)->42681K(43072K) NonClass: 39863K(40128K)->39863K(40128K) Class: 2817K(2944K)->2817K(2944K)
[310.370s][info][gc          ] GC(656) Pause Young (Mixed) (G1 Evacuation Pause) 253M->78M(285M) 23.757ms
[310.370s][info][gc,cpu      ] GC(656) User=0.05s Sys=0.00s Real=0.02s
[311.169s][info][gc,start    ] GC(657) Pause Young (Mixed) (G1 Evacuation Pause)
[311.169s][info][gc,task     ] GC(657) Using 2 workers of 2 for evacuation
[311.203s][info][gc,phases   ] GC(657)   Pre Evacuate Collection Set: 0.18ms
[311.203s][info][gc,phases   ] GC(657)   Merge Heap Roots: 0.09ms
[311.203s][info][gc,phases   ] GC(657)   Evacuate Collection Set: 33.00ms
[311.203s][info][gc,phases   ] GC(657)   Post Evacuate Collection Set: 0.44ms
[311.203s][info][gc,phases   ] GC(657)   Other: 0.07ms
[311.203s][info][gc,heap     ] GC(657) Eden regions: 149->0(155)
[311.203s][info][gc,heap     ] GC(657) Survivor regions: 22->16(22)
[311.203s][info][gc,heap     ] GC(657) Old regions: 55->69
[311.203s][info][gc,heap     ] GC(657) Humongous regions: 2->2
[311.203s][info][gc,metaspace] GC(657) Metaspace: 42681K(43072K)->42681K(43072K) NonClass: 39863K(40128K)->39863K(40128K) Class: 2817K(2944K)->2817K(2944K)
[311.203s][info][gc          ] GC(657) Pause Young (Mixed) (G1 Evacuation Pause) 228M->86M(285M) 33.968ms
[311.203s][info][gc,cpu      ] GC(657) User=0.07s Sys=0.00s Real=0.04s
[312.018s][info][gc,start    ] GC(658) Pause Young (Concurrent Start) (G1 Evacuation Pause)
[312.018s][info][gc,task     ] GC(658) Using 2 workers of 2 for evacuation
[312.043s][info][gc,phases   ] GC(658)   Pre Evacuate Collection Set: 0.21ms
[312.044s][info][gc,phases   ] GC(658)   Merge Heap Roots: 0.07ms
[312.044s][info][gc,phases   ] GC(658)   Evacuate Collection Set: 24.74ms
[312.044s][info][gc,phases   ] GC(658)   Post Evacuate Collection Set: 0.43ms
[312.044s][info][gc,phases   ] GC(658)   Other: 0.09ms
[312.044s][info][gc,heap     ] GC(658) Eden regions: 155->0(149)
[312.044s][info][gc,heap     ] GC(658) Survivor regions: 16->14(22)
[312.044s][info][gc,heap     ] GC(658) Old regions: 69->84
[312.044s][info][gc,heap     ] GC(658) Humongous regions: 2->2
[312.044s][info][gc,metaspace] GC(658) Metaspace: 42681K(43072K)->42681K(43072K) NonClass: 39863K(40128K)->39863K(40128K) Class: 2817K(2944K)->2817K(2944K)
[312.044s][info][gc          ] GC(658) Pause Young (Concurrent Start) (G1 Evacuation Pause) 241M->100M(285M) 25.717ms
[312.044s][info][gc,cpu      ] GC(658) User=0.05s Sys=0.00s Real=0.03s
[312.044s][info][gc          ] GC(659) Concurrent Mark Cycle
[312.044s][info][gc,marking  ] GC(659) Concurrent Scan Root Regions
[312.080s][info][gc,marking  ] GC(659) Concurrent Scan Root Regions 36.735ms
[312.080s][info][gc,marking  ] GC(659) Concurrent Mark
[312.080s][info][gc,marking  ] GC(659) Concurrent Mark From Roots
[312.080s][info][gc,task     ] GC(659) Using 1 workers of 1 for marking
[312.122s][info][gc,marking  ] GC(659) Concurrent Mark From Roots 41.837ms
[312.122s][info][gc,marking  ] GC(659) Concurrent Preclean
[312.122s][info][gc,marking  ] GC(659) Concurrent Preclean 0.036ms
[312.123s][info][gc,start    ] GC(659) Pause Remark
[312.137s][info][gc          ] GC(659) Pause Remark 111M->104M(285M) 14.414ms
[312.137s][info][gc,cpu      ] GC(659) User=0.03s Sys=0.00s Real=0.01s
[312.137s][info][gc,marking  ] GC(659) Concurrent Mark 56.548ms
[312.137s][info][gc,marking  ] GC(659) Concurrent Rebuild Remembered Sets and Scrub Regions
[312.167s][info][gc,marking  ] GC(659) Concurrent Rebuild Remembered Sets and Scrub Regions 30.199ms
[312.167s][info][gc,start    ] GC(659) Pause Cleanup
[312.167s][info][gc          ] GC(659) Pause Cleanup 110M->110M(285M) 0.047ms
[312.167s][info][gc,cpu      ] GC(659) User=0.00s Sys=0.00s Real=0.00s
[312.167s][info][gc,marking  ] GC(659) Concurrent Clear Claimed Marks
[312.167s][info][gc,marking  ] GC(659) Concurrent Clear Claimed Marks 0.034ms
[312.167s][info][gc,marking  ] GC(659) Concurrent Cleanup for Next Mark
[312.168s][info][gc,marking  ] GC(659) Concurrent Cleanup for Next Mark 0.812ms
[312.168s][info][gc          ] GC(659) Concurrent Mark Cycle 124.678ms
[312.749s][info][gc,start    ] GC(660) Pause Young (Prepare Mixed) (G1 Evacuation Pause)
[312.749s][info][gc,task     ] GC(660) Using 2 workers of 2 for evacuation
[312.767s][info][gc,phases   ] GC(660)   Pre Evacuate Collection Set: 0.18ms
[312.767s][info][gc,phases   ] GC(660)   Merge Heap Roots: 0.08ms
[312.767s][info][gc,phases   ] GC(660)   Evacuate Collection Set: 17.39ms
[312.767s][info][gc,phases   ] GC(660)   Post Evacuate Collection Set: 0.43ms
[312.767s][info][gc,phases   ] GC(660)   Other: 0.07ms
[312.767s][info][gc,heap     ] GC(660) Eden regions: 149->0(142)
[312.767s][info][gc,heap     ] GC(660) Survivor regions: 14->19(21)
[312.767s][info][gc,heap     ] GC(660) Old regions: 77->79
[312.767s][info][gc,heap     ] GC(660) Humongous regions: 6->4
[312.767s][info][gc,metaspace] GC(660) Metaspace: 42682K(43072K)->42682K(43072K) NonClass: 39864K(40128K)->39864K(40128K) Class: 2817K(2944K)->2817K(2944K)
[312.767s][info][gc          ] GC(660) Pause Young (Prepare Mixed) (G1 Evacuation Pause) 245M->101M(285M) 18.322ms
[312.767s][info][gc,cpu      ] GC(660) User=0.03s Sys=0.00s Real=0.02s
[313.395s][info][gc,start    ] GC(661) Pause Young (Mixed) (G1 Evacuation Pause)
[313.395s][info][gc,task     ] GC(661) Using 2 workers of 2 for evacuation
[313.408s][info][gc,phases   ] GC(661)   Pre Evacuate Collection Set: 0.19ms
[313.408s][info][gc,phases   ] GC(661)   Merge Heap Roots: 0.23ms
[313.408s][info][gc,phases   ] GC(661)   Evacuate Collection Set: 12.09ms
[313.408s][info][gc,phases   ] GC(661)   Post Evacuate Collection Set: 0.43ms
[313.408s][info][gc,phases   ] GC(661)   Other: 0.07ms
[313.408s][info][gc,heap     ] GC(661) Eden regions: 142->0(168)
[313.408s][info][gc,heap     ] GC(661) Survivor regions: 19->3(21)
[313.408s][info][gc,heap     ] GC(661) Old regions: 79->71
[313.408s][info][gc,heap     ] GC(661) Humongous regions: 16->4
[313.408s][info][gc,metaspace] GC(661) Metaspace: 42683K(43072K)->42683K(43072K) NonClass: 39865K(40128K)->39865K(40128K) Class: 2817K(2944K)->2817K(2944K)
[313.408s][info][gc          ] GC(661) Pause Young (Mixed) (G1 Evacuation Pause) 254M->78M(285M) 13.176ms
[313.408s][info][gc,cpu      ] GC(661) User=0.03s Sys=0.00s Real=0.01s
[313.427s][info][gc,start    ] GC(662) Pause Young (Concurrent Start) (G1 Humongous Allocation)
[313.427s][info][gc,task     ] GC(662) Using 2 workers of 2 for evacuation
[313.429s][info][gc,phases   ] GC(662)   Pre Evacuate Collection Set: 0.15ms
[313.429s][info][gc,phases   ] GC(662)   Merge Heap Roots: 0.03ms
[313.429s][info][gc,phases   ] GC(662)   Evacuate Collection Set: 1.14ms
[313.429s][info][gc,phases   ] GC(662)   Post Evacuate Collection Set: 0.24ms
[313.429s][info][gc,phases   ] GC(662)   Other: 0.07ms
[313.429s][info][gc,heap     ] GC(662) Eden regions: 5->0(170)
[313.429s][info][gc,heap     ] GC(662) Survivor regions: 3->1(22)
[313.429s][info][gc,heap     ] GC(662) Old regions: 71->71
[313.429s][info][gc,heap     ] GC(662) Humongous regions: 4->2
[313.429s][info][gc,metaspace] GC(662) Metaspace: 42683K(43072K)->42683K(43072K) NonClass: 39865K(40128K)->39865K(40128K) Class: 2817K(2944K)->2817K(2944K)
[313.429s][info][gc          ] GC(662) Pause Young (Concurrent Start) (G1 Humongous Allocation) 83M->74M(285M) 1.785ms
[313.429s][info][gc,cpu      ] GC(662) User=0.00s Sys=0.00s Real=0.00s
[313.429s][info][gc          ] GC(663) Concurrent Mark Cycle
[313.429s][info][gc,marking  ] GC(663) Concurrent Scan Root Regions
[313.433s][info][gc,marking  ] GC(663) Concurrent Scan Root Regions 3.807ms
[313.433s][info][gc,marking  ] GC(663) Concurrent Mark
[313.433s][info][gc,marking  ] GC(663) Concurrent Mark From Roots
[313.433s][info][gc,task     ] GC(663) Using 1 workers of 1 for marking
[313.475s][info][gc,marking  ] GC(663) Concurrent Mark From Roots 42.310ms
[313.475s][info][gc,marking  ] GC(663) Concurrent Preclean
[313.475s][info][gc,marking  ] GC(663) Concurrent Preclean 0.035ms
[313.476s][info][gc,start    ] GC(663) Pause Remark
[313.500s][info][gc          ] GC(663) Pause Remark 83M->69M(256M) 23.515ms
[313.500s][info][gc,cpu      ] GC(663) User=0.03s Sys=0.00s Real=0.02s
[313.500s][info][gc,marking  ] GC(663) Concurrent Mark 66.956ms
[313.500s][info][gc,marking  ] GC(663) Concurrent Rebuild Remembered Sets and Scrub Regions
[313.516s][info][gc,marking  ] GC(663) Concurrent Rebuild Remembered Sets and Scrub Regions 16.124ms
[313.516s][info][gc,start    ] GC(663) Pause Cleanup
[313.516s][info][gc          ] GC(663) Pause Cleanup 71M->71M(256M) 0.052ms
[313.516s][info][gc,cpu      ] GC(663) User=0.00s Sys=0.00s Real=0.00s
[313.516s][info][gc,marking  ] GC(663) Concurrent Clear Claimed Marks
[313.516s][info][gc,marking  ] GC(663) Concurrent Clear Claimed Marks 0.036ms
[313.516s][info][gc,marking  ] GC(663) Concurrent Cleanup for Next Mark
[313.517s][info][gc,marking  ] GC(663) Concurrent Cleanup for Next Mark 0.792ms
[313.517s][info][gc          ] GC(663) Concurrent Mark Cycle 88.241ms
[314.086s][info][gc,start    ] GC(664) Pause Young (Prepare Mixed) (G1 Evacuation Pause)
[314.086s][info][gc,task     ] GC(664) Using 2 workers of 2 for evacuation
[314.092s][info][gc,phases   ] GC(664)   Pre Evacuate Collection Set: 0.23ms
[314.092s][info][gc,phases   ] GC(664)   Merge Heap Roots: 0.09ms
[314.092s][info][gc,phases   ] GC(664)   Evacuate Collection Set: 5.75ms
[314.092s][info][gc,phases   ] GC(664)   Post Evacuate Collection Set: 0.39ms
[314.092s][info][gc,phases   ] GC(664)   Other: 0.06ms
[314.092s][info][gc,heap     ] GC(664) Eden regions: 152->0(146)
[314.092s][info][gc,heap     ] GC(664) Survivor regions: 1->7(20)
[314.092s][info][gc,heap     ] GC(664) Old regions: 58->58
[314.092s][info][gc,heap     ] GC(664) Humongous regions: 9->3
[314.092s][info][gc,metaspace] GC(664) Metaspace: 42683K(43072K)->42683K(43072K) NonClass: 39865K(40128K)->39865K(40128K) Class: 2817K(2944K)->2817K(2944K)
[314.092s][info][gc          ] GC(664) Pause Young (Prepare Mixed) (G1 Evacuation Pause) 220M->67M(256M) 6.675ms
[314.092s][info][gc,cpu      ] GC(664) User=0.01s Sys=0.00s Real=0.01s
[314.602s][info][gc,start    ] GC(665) Pause Young (Mixed) (G1 Evacuation Pause)
[314.602s][info][gc,task     ] GC(665) Using 2 workers of 2 for evacuation
[314.610s][info][gc,phases   ] GC(665)   Pre Evacuate Collection Set: 0.18ms
[314.610s][info][gc,phases   ] GC(665)   Merge Heap Roots: 0.06ms
[314.610s][info][gc,phases   ] GC(665)   Evacuate Collection Set: 7.08ms
[314.610s][info][gc,phases   ] GC(665)   Post Evacuate Collection Set: 0.43ms
[314.610s][info][gc,phases   ] GC(665)   Other: 0.07ms
[314.610s][info][gc,heap     ] GC(665) Eden regions: 146->0(144)
[314.610s][info][gc,heap     ] GC(665) Survivor regions: 7->9(20)
[314.610s][info][gc,heap     ] GC(665) Old regions: 58->44
[314.610s][info][gc,heap     ] GC(665) Humongous regions: 11->3
[314.610s][info][gc,metaspace] GC(665) Metaspace: 42683K(43072K)->42683K(43072K) NonClass: 39865K(40128K)->39865K(40128K) Class: 2817K(2944K)->2817K(2944K)
[314.610s][info][gc          ] GC(665) Pause Young (Mixed) (G1 Evacuation Pause) 221M->55M(256M) 8.009ms
[314.610s][info][gc,cpu      ] GC(665) User=0.02s Sys=0.00s Real=0.00s
[315.187s][info][gc,start    ] GC(666) Pause Young (Concurrent Start) (G1 Evacuation Pause)
[315.187s][info][gc,task     ] GC(666) Using 2 workers of 2 for evacuation
[315.214s][info][gc,phases   ] GC(666)   Pre Evacuate Collection Set: 0.21ms
[315.214s][info][gc,phases   ] GC(666)   Merge Heap Roots: 0.05ms
[315.214s][info][gc,phases   ] GC(666)   Evacuate Collection Set: 26.33ms
[315.214s][info][gc,phases   ] GC(666)   Post Evacuate Collection Set: 0.47ms
[315.214s][info][gc,phases   ] GC(666)   Other: 0.10ms
[315.214s][info][gc,heap     ] GC(666) Eden regions: 144->0(133)
[315.214s][info][gc,heap     ] GC(666) Survivor regions: 9->20(20)
[315.214s][info][gc,heap     ] GC(666) Old regions: 44->47
[315.214s][info][gc,heap     ] GC(666) Humongous regions: 3->3
[315.214s][info][gc,metaspace] GC(666) Metaspace: 42683K(43072K)->42683K(43072K) NonClass: 39865K(40128K)->39865K(40128K) Class: 2817K(2944K)->2817K(2944K)
[315.214s][info][gc          ] GC(666) Pause Young (Concurrent Start) (G1 Evacuation Pause) 199M->69M(256M) 27.364ms
[315.214s][info][gc,cpu      ] GC(666) User=0.05s Sys=0.00s Real=0.03s
[315.214s][info][gc          ] GC(667) Concurrent Mark Cycle
[315.214s][info][gc,marking  ] GC(667) Concurrent Scan Root Regions
[315.247s][info][gc,marking  ] GC(667) Concurrent Scan Root Regions 32.360ms
[315.247s][info][gc,marking  ] GC(667) Concurrent Mark
[315.247s][info][gc,marking  ] GC(667) Concurrent Mark From Roots
[315.247s][info][gc,task     ] GC(667) Using 1 workers of 1 for marking
[315.310s][info][gc,marking  ] GC(667) Concurrent Mark From Roots 63.366ms
[315.310s][info][gc,marking  ] GC(667) Concurrent Preclean
[315.310s][info][gc,marking  ] GC(667) Concurrent Preclean 0.036ms
[315.310s][info][gc,start    ] GC(667) Pause Remark
[315.325s][info][gc          ] GC(667) Pause Remark 90M->90M(256M) 14.674ms
[315.325s][info][gc,cpu      ] GC(667) User=0.03s Sys=0.00s Real=0.02s
[315.325s][info][gc,marking  ] GC(667) Concurrent Mark 78.346ms
[315.325s][info][gc,marking  ] GC(667) Concurrent Rebuild Remembered Sets and Scrub Regions
[315.352s][info][gc,marking  ] GC(667) Concurrent Rebuild Remembered Sets and Scrub Regions 26.727ms
[315.352s][info][gc,start    ] GC(667) Pause Cleanup
[315.352s][info][gc          ] GC(667) Pause Cleanup 95M->95M(256M) 0.044ms
[315.352s][info][gc,cpu      ] GC(667) User=0.00s Sys=0.00s Real=0.00s
[315.352s][info][gc,marking  ] GC(667) Concurrent Clear Claimed Marks
[315.352s][info][gc,marking  ] GC(667) Concurrent Clear Claimed Marks 0.035ms
[315.352s][info][gc,marking  ] GC(667) Concurrent Cleanup for Next Mark
[315.353s][info][gc,marking  ] GC(667) Concurrent Cleanup for Next Mark 0.756ms
[315.353s][info][gc          ] GC(667) Concurrent Mark Cycle 138.598ms
[315.700s][info][gc,start    ] GC(668) Pause Young (Prepare Mixed) (G1 Evacuation Pause)
[315.700s][info][gc,task     ] GC(668) Using 2 workers of 2 for evacuation
[315.719s][info][gc,phases   ] GC(668)   Pre Evacuate Collection Set: 0.16ms
[315.719s][info][gc,phases   ] GC(668)   Merge Heap Roots: 0.11ms
[315.719s][info][gc,phases   ] GC(668)   Evacuate Collection Set: 18.34ms
[315.719s][info][gc,phases   ] GC(668)   Post Evacuate Collection Set: 0.40ms
[315.719s][info][gc,phases   ] GC(668)   Other: 0.07ms
[315.719s][info][gc,heap     ] GC(668) Eden regions: 133->0(149)
[315.719s][info][gc,heap     ] GC(668) Survivor regions: 20->4(20)
[315.719s][info][gc,heap     ] GC(668) Old regions: 47->62
[315.719s][info][gc,heap     ] GC(668) Humongous regions: 15->1
[315.719s][info][gc,metaspace] GC(668) Metaspace: 42683K(43072K)->42683K(43072K) NonClass: 39865K(40128K)->39865K(40128K) Class: 2817K(2944K)->2817K(2944K)
[315.719s][info][gc          ] GC(668) Pause Young (Prepare Mixed) (G1 Evacuation Pause) 214M->66M(256M) 19.240ms
[315.719s][info][gc,cpu      ] GC(668) User=0.03s Sys=0.00s Real=0.02s
[316.210s][info][gc,start    ] GC(669) Pause Young (Mixed) (G1 Evacuation Pause)
[316.210s][info][gc,task     ] GC(669) Using 2 workers of 2 for evacuation
[316.222s][info][gc,phases   ] GC(669)   Pre Evacuate Collection Set: 0.17ms
[316.222s][info][gc,phases   ] GC(669)   Merge Heap Roots: 0.09ms
[316.222s][info][gc,phases   ] GC(669)   Evacuate Collection Set: 11.41ms
[316.222s][info][gc,phases   ] GC(669)   Post Evacuate Collection Set: 0.39ms
[316.222s][info][gc,phases   ] GC(669)   Other: 0.09ms
[316.222s][info][gc,heap     ] GC(669) Eden regions: 149->0(142)
[316.222s][info][gc,heap     ] GC(669) Survivor regions: 4->11(20)
[316.222s][info][gc,heap     ] GC(669) Old regions: 62->59
[316.222s][info][gc,heap     ] GC(669) Humongous regions: 13->3
[316.222s][info][gc,metaspace] GC(669) Metaspace: 42683K(43072K)->42683K(43072K) NonClass: 39865K(40128K)->39865K(40128K) Class: 2817K(2944K)->2817K(2944K)
[316.222s][info][gc          ] GC(669) Pause Young (Mixed) (G1 Evacuation Pause) 227M->72M(256M) 12.331ms
[316.222s][info][gc,cpu      ] GC(669) User=0.02s Sys=0.00s Real=0.02s
[316.362s][info][gc,start    ] GC(670) Pause Young (Concurrent Start) (G1 Humongous Allocation)
[316.362s][info][gc,task     ] GC(670) Using 2 workers of 2 for evacuation
[316.372s][info][gc,phases   ] GC(670)   Pre Evacuate Collection Set: 1.67ms
[316.372s][info][gc,phases   ] GC(670)   Merge Heap Roots: 1.02ms
[316.372s][info][gc,phases   ] GC(670)   Evacuate Collection Set: 6.14ms
[316.372s][info][gc,phases   ] GC(670)   Post Evacuate Collection Set: 0.33ms
[316.372s][info][gc,phases   ] GC(670)   Other: 0.93ms
[316.372s][info][gc,heap     ] GC(670) Eden regions: 34->0(151)
[316.372s][info][gc,heap     ] GC(670) Survivor regions: 11->2(20)
[316.372s][info][gc,heap     ] GC(670) Old regions: 59->63
[316.372s][info][gc,heap     ] GC(670) Humongous regions: 3->1
[316.372s][info][gc,metaspace] GC(670) Metaspace: 42683K(43072K)->42683K(43072K) NonClass: 39865K(40128K)->39865K(40128K) Class: 2817K(2944K)->2817K(2944K)
[316.372s][info][gc          ] GC(670) Pause Young (Concurrent Start) (G1 Humongous Allocation) 106M->65M(256M) 10.255ms
[316.372s][info][gc,cpu      ] GC(670) User=0.01s Sys=0.00s Real=0.01s
[316.372s][info][gc          ] GC(671) Concurrent Mark Cycle
[316.372s][info][gc,marking  ] GC(671) Concurrent Scan Root Regions
[316.380s][info][gc,marking  ] GC(671) Concurrent Scan Root Regions 7.328ms
[316.380s][info][gc,marking  ] GC(671) Concurrent Mark
[316.380s][info][gc,marking  ] GC(671) Concurrent Mark From Roots
[316.380s][info][gc,task     ] GC(671) Using 1 workers of 1 for marking
[316.450s][info][gc,marking  ] GC(671) Concurrent Mark From Roots 70.168ms
[316.450s][info][gc,marking  ] GC(671) Concurrent Preclean
[316.450s][info][gc,marking  ] GC(671) Concurrent Preclean 0.033ms
[316.450s][info][gc,start    ] GC(671) Pause Remark
[316.465s][info][gc          ] GC(671) Pause Remark 76M->76M(256M) 14.629ms
[316.465s][info][gc,cpu      ] GC(671) User=0.02s Sys=0.00s Real=0.02s
[316.465s][info][gc,marking  ] GC(671) Concurrent Mark 85.012ms
[316.465s][info][gc,marking  ] GC(671) Concurrent Rebuild Remembered Sets and Scrub Regions
[316.495s][info][gc,marking  ] GC(671) Concurrent Rebuild Remembered Sets and Scrub Regions 30.258ms
[316.495s][info][gc,start    ] GC(671) Pause Cleanup
[316.495s][info][gc          ] GC(671) Pause Cleanup 76M->76M(256M) 0.034ms
[316.495s][info][gc,cpu      ] GC(671) User=0.00s Sys=0.00s Real=0.00s
[316.495s][info][gc,marking  ] GC(671) Concurrent Clear Claimed Marks
[316.495s][info][gc,marking  ] GC(671) Concurrent Clear Claimed Marks 0.052ms
[316.495s][info][gc,marking  ] GC(671) Concurrent Cleanup for Next Mark
[316.496s][info][gc,marking  ] GC(671) Concurrent Cleanup for Next Mark 0.710ms
[316.496s][info][gc          ] GC(671) Concurrent Mark Cycle 123.554ms
[317.066s][info][gc,start    ] GC(672) Pause Young (Prepare Mixed) (G1 Evacuation Pause)
[317.066s][info][gc,task     ] GC(672) Using 2 workers of 2 for evacuation
[317.076s][info][gc,phases   ] GC(672)   Pre Evacuate Collection Set: 0.20ms
[317.077s][info][gc,phases   ] GC(672)   Merge Heap Roots: 0.06ms
[317.077s][info][gc,phases   ] GC(672)   Evacuate Collection Set: 10.04ms
[317.077s][info][gc,phases   ] GC(672)   Post Evacuate Collection Set: 0.48ms
[317.077s][info][gc,phases   ] GC(672)   Other: 0.08ms
[317.077s][info][gc,heap     ] GC(672) Eden regions: 151->0(143)
[317.077s][info][gc,heap     ] GC(672) Survivor regions: 2->10(20)
[317.077s][info][gc,heap     ] GC(672) Old regions: 63->63
[317.077s][info][gc,heap     ] GC(672) Humongous regions: 15->3
[317.077s][info][gc,metaspace] GC(672) Metaspace: 42683K(43072K)->42683K(43072K) NonClass: 39865K(40128K)->39865K(40128K) Class: 2817K(2944K)->2817K(2944K)
[317.077s][info][gc          ] GC(672) Pause Young (Prepare Mixed) (G1 Evacuation Pause) 230M->75M(256M) 11.093ms
[317.077s][info][gc,cpu      ] GC(672) User=0.02s Sys=0.00s Real=0.01s
[317.582s][info][gc,start    ] GC(673) Pause Young (Mixed) (G1 Evacuation Pause)
[317.583s][info][gc,task     ] GC(673) Using 2 workers of 2 for evacuation
[317.608s][info][gc,phases   ] GC(673)   Pre Evacuate Collection Set: 0.17ms
[317.608s][info][gc,phases   ] GC(673)   Merge Heap Roots: 0.12ms
[317.608s][info][gc,phases   ] GC(673)   Evacuate Collection Set: 24.74ms
[317.608s][info][gc,phases   ] GC(673)   Post Evacuate Collection Set: 0.52ms
[317.608s][info][gc,phases   ] GC(673)   Other: 0.09ms
[317.608s][info][gc,heap     ] GC(673) Eden regions: 143->0(132)
[317.608s][info][gc,heap     ] GC(673) Survivor regions: 10->20(20)
[317.608s][info][gc,heap     ] GC(673) Old regions: 63->65
[317.608s][info][gc,heap     ] GC(673) Humongous regions: 3->3
[317.608s][info][gc,metaspace] GC(673) Metaspace: 42683K(43072K)->42683K(43072K) NonClass: 39865K(40128K)->39865K(40128K) Class: 2817K(2944K)->2817K(2944K)
[317.608s][info][gc          ] GC(673) Pause Young (Mixed) (G1 Evacuation Pause) 218M->88M(256M) 25.818ms
[317.608s][info][gc,cpu      ] GC(673) User=0.06s Sys=0.00s Real=0.02s
[318.146s][info][gc,start    ] GC(674) Pause Young (Concurrent Start) (G1 Evacuation Pause)
[318.146s][info][gc,task     ] GC(674) Using 2 workers of 2 for evacuation
[318.174s][info][gc,phases   ] GC(674)   Pre Evacuate Collection Set: 0.19ms
[318.174s][info][gc,phases   ] GC(674)   Merge Heap Roots: 0.17ms
[318.174s][info][gc,phases   ] GC(674)   Evacuate Collection Set: 26.82ms
[318.174s][info][gc,phases   ] GC(674)   Post Evacuate Collection Set: 0.45ms
[318.174s][info][gc,phases   ] GC(674)   Other: 0.14ms
[318.174s][info][gc,heap     ] GC(674) Eden regions: 132->0(129)
[318.174s][info][gc,heap     ] GC(674) Survivor regions: 20->11(19)
[318.174s][info][gc,heap     ] GC(674) Old regions: 65->77
[318.174s][info][gc,heap     ] GC(674) Humongous regions: 3->3
[318.174s][info][gc,metaspace] GC(674) Metaspace: 42683K(43072K)->42683K(43072K) NonClass: 39865K(40128K)->39865K(40128K) Class: 2817K(2944K)->2817K(2944K)
[318.174s][info][gc          ] GC(674) Pause Young (Concurrent Start) (G1 Evacuation Pause) 220M->90M(256M) 27.955ms
[318.174s][info][gc          ] GC(675) Concurrent Mark Cycle
[318.174s][info][gc,marking  ] GC(675) Concurrent Scan Root Regions
[318.175s][info][gc,cpu      ] GC(674) User=0.05s Sys=0.00s Real=0.03s
[318.197s][info][gc,marking  ] GC(675) Concurrent Scan Root Regions 23.387ms
[318.198s][info][gc,marking  ] GC(675) Concurrent Mark
[318.198s][info][gc,marking  ] GC(675) Concurrent Mark From Roots
[318.198s][info][gc,task     ] GC(675) Using 1 workers of 1 for marking
[318.260s][info][gc,marking  ] GC(675) Concurrent Mark From Roots 62.575ms
[318.260s][info][gc,marking  ] GC(675) Concurrent Preclean
[318.260s][info][gc,marking  ] GC(675) Concurrent Preclean 0.034ms
[318.260s][info][gc,start    ] GC(675) Pause Remark
[318.275s][info][gc          ] GC(675) Pause Remark 107M->97M(256M) 14.541ms
[318.275s][info][gc,cpu      ] GC(675) User=0.02s Sys=0.00s Real=0.02s
[318.277s][info][gc,marking  ] GC(675) Concurrent Mark 79.585ms
[318.277s][info][gc,marking  ] GC(675) Concurrent Rebuild Remembered Sets and Scrub Regions
[318.310s][info][gc,marking  ] GC(675) Concurrent Rebuild Remembered Sets and Scrub Regions 33.066ms
[318.310s][info][gc,start    ] GC(675) Pause Cleanup
[318.310s][info][gc          ] GC(675) Pause Cleanup 106M->106M(256M) 0.062ms
[318.310s][info][gc,cpu      ] GC(675) User=0.00s Sys=0.00s Real=0.00s
[318.311s][info][gc,marking  ] GC(675) Concurrent Clear Claimed Marks
[318.311s][info][gc,marking  ] GC(675) Concurrent Clear Claimed Marks 0.042ms
[318.311s][info][gc,marking  ] GC(675) Concurrent Cleanup for Next Mark
[318.312s][info][gc,marking  ] GC(675) Concurrent Cleanup for Next Mark 0.762ms
[318.312s][info][gc          ] GC(675) Concurrent Mark Cycle 137.440ms
[318.637s][info][gc,start    ] GC(676) Pause Young (Prepare Mixed) (G1 Evacuation Pause)
[318.637s][info][gc,task     ] GC(676) Using 2 workers of 2 for evacuation
[318.661s][info][gc,phases   ] GC(676)   Pre Evacuate Collection Set: 0.20ms
[318.661s][info][gc,phases   ] GC(676)   Merge Heap Roots: 0.18ms
[318.661s][info][gc,phases   ] GC(676)   Evacuate Collection Set: 23.13ms
[318.661s][info][gc,phases   ] GC(676)   Post Evacuate Collection Set: 0.42ms
[318.661s][info][gc,phases   ] GC(676)   Other: 0.09ms
[318.661s][info][gc,heap     ] GC(676) Eden regions: 129->0(123)
[318.661s][info][gc,heap     ] GC(676) Survivor regions: 11->15(18)
[318.661s][info][gc,heap     ] GC(676) Old regions: 67->78
[318.661s][info][gc,heap     ] GC(676) Humongous regions: 7->3
[318.661s][info][gc,metaspace] GC(676) Metaspace: 42683K(43072K)->42683K(43072K) NonClass: 39865K(40128K)->39865K(40128K) Class: 2817K(2944K)->2817K(2944K)
[318.661s][info][gc          ] GC(676) Pause Young (Prepare Mixed) (G1 Evacuation Pause) 213M->95M(256M) 24.232ms
[318.661s][info][gc,cpu      ] GC(676) User=0.05s Sys=0.00s Real=0.03s
[319.062s][info][gc,start    ] GC(677) Pause Young (Mixed) (G1 Evacuation Pause)
[319.062s][info][gc,task     ] GC(677) Using 2 workers of 2 for evacuation
[319.077s][info][gc,phases   ] GC(677)   Pre Evacuate Collection Set: 0.19ms
[319.077s][info][gc,phases   ] GC(677)   Merge Heap Roots: 0.17ms
[319.077s][info][gc,phases   ] GC(677)   Evacuate Collection Set: 14.12ms
[319.077s][info][gc,phases   ] GC(677)   Post Evacuate Collection Set: 0.39ms
[319.077s][info][gc,phases   ] GC(677)   Other: 0.07ms
[319.077s][info][gc,heap     ] GC(677) Eden regions: 123->0(135)
[319.077s][info][gc,heap     ] GC(677) Survivor regions: 15->5(18)
[319.077s][info][gc,heap     ] GC(677) Old regions: 78->74
[319.077s][info][gc,heap     ] GC(677) Humongous regions: 11->3
[319.077s][info][gc,metaspace] GC(677) Metaspace: 42683K(43072K)->42683K(43072K) NonClass: 39865K(40128K)->39865K(40128K) Class: 2817K(2944K)->2817K(2944K)
[319.077s][info][gc          ] GC(677) Pause Young (Mixed) (G1 Evacuation Pause) 226M->81M(256M) 15.103ms
[319.077s][info][gc,cpu      ] GC(677) User=0.03s Sys=0.00s Real=0.01s
[319.220s][info][gc,start    ] GC(678) Pause Young (Concurrent Start) (G1 Humongous Allocation)
[319.220s][info][gc,task     ] GC(678) Using 2 workers of 2 for evacuation
[319.222s][info][gc,phases   ] GC(678)   Pre Evacuate Collection Set: 0.17ms
[319.222s][info][gc,phases   ] GC(678)   Merge Heap Roots: 0.05ms
[319.222s][info][gc,phases   ] GC(678)   Evacuate Collection Set: 1.40ms
[319.222s][info][gc,phases   ] GC(678)   Post Evacuate Collection Set: 0.30ms
[319.222s][info][gc,phases   ] GC(678)   Other: 0.07ms
[319.222s][info][gc,heap     ] GC(678) Eden regions: 35->0(144)
[319.222s][info][gc,heap     ] GC(678) Survivor regions: 5->2(18)
[319.222s][info][gc,heap     ] GC(678) Old regions: 74->74
[319.222s][info][gc,heap     ] GC(678) Humongous regions: 3->1
[319.222s][info][gc,metaspace] GC(678) Metaspace: 42683K(43072K)->42683K(43072K) NonClass: 39865K(40128K)->39865K(40128K) Class: 2817K(2944K)->2817K(2944K)
[319.222s][info][gc          ] GC(678) Pause Young (Concurrent Start) (G1 Humongous Allocation) 116M->76M(256M) 2.156ms
[319.222s][info][gc,cpu      ] GC(678) User=0.01s Sys=0.00s Real=0.01s
[319.224s][info][gc          ] GC(679) Concurrent Mark Cycle
[319.224s][info][gc,marking  ] GC(679) Concurrent Scan Root Regions
[319.227s][info][gc,marking  ] GC(679) Concurrent Scan Root Regions 3.346ms
[319.227s][info][gc,marking  ] GC(679) Concurrent Mark
[319.227s][info][gc,marking  ] GC(679) Concurrent Mark From Roots
[319.228s][info][gc,task     ] GC(679) Using 1 workers of 1 for marking
[319.310s][info][gc,marking  ] GC(679) Concurrent Mark From Roots 81.999ms
[319.310s][info][gc,marking  ] GC(679) Concurrent Preclean
[319.310s][info][gc,marking  ] GC(679) Concurrent Preclean 0.033ms
[319.310s][info][gc,start    ] GC(679) Pause Remark
[319.328s][info][gc          ] GC(679) Pause Remark 94M->85M(256M) 18.136ms
[319.328s][info][gc,cpu      ] GC(679) User=0.04s Sys=0.00s Real=0.02s
[319.331s][info][gc,marking  ] GC(679) Concurrent Mark 103.191ms
[319.331s][info][gc,marking  ] GC(679) Concurrent Rebuild Remembered Sets and Scrub Regions
[319.356s][info][gc,marking  ] GC(679) Concurrent Rebuild Remembered Sets and Scrub Regions 24.947ms
[319.358s][info][gc,start    ] GC(679) Pause Cleanup
[319.358s][info][gc          ] GC(679) Pause Cleanup 88M->88M(256M) 0.054ms
[319.358s][info][gc,cpu      ] GC(679) User=0.00s Sys=0.00s Real=0.00s
[319.358s][info][gc,marking  ] GC(679) Concurrent Clear Claimed Marks
[319.358s][info][gc,marking  ] GC(679) Concurrent Clear Claimed Marks 0.038ms
[319.358s][info][gc,marking  ] GC(679) Concurrent Cleanup for Next Mark
[319.359s][info][gc,marking  ] GC(679) Concurrent Cleanup for Next Mark 0.745ms
[319.359s][info][gc          ] GC(679) Concurrent Mark Cycle 134.658ms
[319.851s][info][gc,start    ] GC(680) Pause Young (Prepare Mixed) (G1 Evacuation Pause)
[319.852s][info][gc,task     ] GC(680) Using 2 workers of 2 for evacuation
[319.866s][info][gc,phases   ] GC(680)   Pre Evacuate Collection Set: 0.17ms
[319.866s][info][gc,phases   ] GC(680)   Merge Heap Roots: 0.06ms
[319.866s][info][gc,phases   ] GC(680)   Evacuate Collection Set: 13.58ms
[319.866s][info][gc,phases   ] GC(680)   Post Evacuate Collection Set: 0.40ms
[319.866s][info][gc,phases   ] GC(680)   Other: 0.07ms
[319.866s][info][gc,heap     ] GC(680) Eden regions: 144->0(136)
[319.866s][info][gc,heap     ] GC(680) Survivor regions: 2->15(19)
[319.866s][info][gc,heap     ] GC(680) Old regions: 65->65
[319.866s][info][gc,heap     ] GC(680) Humongous regions: 5->3
[319.866s][info][gc,metaspace] GC(680) Metaspace: 42683K(43072K)->42683K(43072K) NonClass: 39865K(40128K)->39865K(40128K) Class: 2817K(2944K)->2817K(2944K)
[319.866s][info][gc          ] GC(680) Pause Young (Prepare Mixed) (G1 Evacuation Pause) 215M->82M(256M) 14.447ms
[319.866s][info][gc,cpu      ] GC(680) User=0.02s Sys=0.00s Real=0.01s
[320.347s][info][gc,start    ] GC(681) Pause Young (Mixed) (G1 Evacuation Pause)
[320.347s][info][gc,task     ] GC(681) Using 2 workers of 2 for evacuation
[320.361s][info][gc,phases   ] GC(681)   Pre Evacuate Collection Set: 0.17ms
[320.361s][info][gc,phases   ] GC(681)   Merge Heap Roots: 0.13ms
[320.361s][info][gc,phases   ] GC(681)   Evacuate Collection Set: 12.62ms
[320.361s][info][gc,phases   ] GC(681)   Post Evacuate Collection Set: 0.66ms
[320.361s][info][gc,phases   ] GC(681)   Other: 0.07ms
[320.361s][info][gc,heap     ] GC(681) Eden regions: 136->0(146)
[320.361s][info][gc,heap     ] GC(681) Survivor regions: 15->7(19)
[320.361s][info][gc,heap     ] GC(681) Old regions: 65->50
[320.361s][info][gc,heap     ] GC(681) Humongous regions: 9->3
[320.361s][info][gc,metaspace] GC(681) Metaspace: 42683K(43072K)->42683K(43072K) NonClass: 39865K(40128K)->39865K(40128K) Class: 2817K(2944K)->2817K(2944K)
[320.361s][info][gc          ] GC(681) Pause Young (Mixed) (G1 Evacuation Pause) 224M->59M(256M) 13.838ms
[320.361s][info][gc,cpu      ] GC(681) User=0.02s Sys=0.00s Real=0.01s
[320.380s][info][gc,start    ] GC(682) Pause Young (Concurrent Start) (G1 Humongous Allocation)
[320.380s][info][gc,task     ] GC(682) Using 2 workers of 2 for evacuation
[320.382s][info][gc,phases   ] GC(682)   Pre Evacuate Collection Set: 0.15ms
[320.382s][info][gc,phases   ] GC(682)   Merge Heap Roots: 0.04ms
[320.382s][info][gc,phases   ] GC(682)   Evacuate Collection Set: 1.23ms
[320.382s][info][gc,phases   ] GC(682)   Post Evacuate Collection Set: 0.51ms
[320.382s][info][gc,phases   ] GC(682)   Other: 0.06ms
[320.382s][info][gc,heap     ] GC(682) Eden regions: 7->0(169)
[320.382s][info][gc,heap     ] GC(682) Survivor regions: 7->2(20)
[320.382s][info][gc,heap     ] GC(682) Old regions: 50->50
[320.382s][info][gc,heap     ] GC(682) Humongous regions: 3->1
[320.382s][info][gc,metaspace] GC(682) Metaspace: 42683K(43072K)->42683K(43072K) NonClass: 39865K(40128K)->39865K(40128K) Class: 2817K(2944K)->2817K(2944K)
[320.382s][info][gc          ] GC(682) Pause Young (Concurrent Start) (G1 Humongous Allocation) 66M->52M(285M) 2.159ms
[320.383s][info][gc          ] GC(683) Concurrent Mark Cycle
[320.383s][info][gc,marking  ] GC(683) Concurrent Scan Root Regions
[320.383s][info][gc,cpu      ] GC(682) User=0.01s Sys=0.00s Real=0.01s
[320.386s][info][gc,marking  ] GC(683) Concurrent Scan Root Regions 3.455ms
[320.386s][info][gc,marking  ] GC(683) Concurrent Mark
[320.386s][info][gc,marking  ] GC(683) Concurrent Mark From Roots
[320.386s][info][gc,task     ] GC(683) Using 1 workers of 1 for marking
[320.451s][info][gc,marking  ] GC(683) Concurrent Mark From Roots 64.741ms
[320.451s][info][gc,marking  ] GC(683) Concurrent Preclean
[320.451s][info][gc,marking  ] GC(683) Concurrent Preclean 0.033ms
[320.451s][info][gc,start    ] GC(683) Pause Remark
[320.474s][info][gc          ] GC(683) Pause Remark 70M->70M(256M) 22.577ms
[320.474s][info][gc,cpu      ] GC(683) User=0.03s Sys=0.00s Real=0.02s
[320.474s][info][gc,marking  ] GC(683) Concurrent Mark 88.070ms
[320.474s][info][gc,marking  ] GC(683) Concurrent Rebuild Remembered Sets and Scrub Regions
[320.507s][info][gc,marking  ] GC(683) Concurrent Rebuild Remembered Sets and Scrub Regions 32.730ms
[320.507s][info][gc,start    ] GC(683) Pause Cleanup
[320.507s][info][gc          ] GC(683) Pause Cleanup 79M->79M(256M) 0.068ms
[320.507s][info][gc,cpu      ] GC(683) User=0.00s Sys=0.00s Real=0.00s
[320.508s][info][gc,marking  ] GC(683) Concurrent Clear Claimed Marks
[320.508s][info][gc,marking  ] GC(683) Concurrent Clear Claimed Marks 0.038ms
[320.508s][info][gc,marking  ] GC(683) Concurrent Cleanup for Next Mark
[320.509s][info][gc,marking  ] GC(683) Concurrent Cleanup for Next Mark 0.822ms
[320.509s][info][gc          ] GC(683) Concurrent Mark Cycle 126.447ms
[320.930s][info][gc,start    ] GC(684) Pause Young (Prepare Mixed) (G1 Evacuation Pause)
[320.930s][info][gc,task     ] GC(684) Using 2 workers of 2 for evacuation
[320.942s][info][gc,phases   ] GC(684)   Pre Evacuate Collection Set: 0.17ms
[320.942s][info][gc,phases   ] GC(684)   Merge Heap Roots: 0.05ms
[320.942s][info][gc,phases   ] GC(684)   Evacuate Collection Set: 11.66ms
[320.942s][info][gc,phases   ] GC(684)   Post Evacuate Collection Set: 0.39ms
[320.942s][info][gc,phases   ] GC(684)   Other: 0.06ms
[320.942s][info][gc,heap     ] GC(684) Eden regions: 151->0(140)
[320.942s][info][gc,heap     ] GC(684) Survivor regions: 2->13(20)
[320.942s][info][gc,heap     ] GC(684) Old regions: 50->50
[320.942s][info][gc,heap     ] GC(684) Humongous regions: 5->3
[320.942s][info][gc,metaspace] GC(684) Metaspace: 42683K(43072K)->42683K(43072K) NonClass: 39865K(40128K)->39865K(40128K) Class: 2817K(2944K)->2817K(2944K)
[320.942s][info][gc          ] GC(684) Pause Young (Prepare Mixed) (G1 Evacuation Pause) 207M->65M(256M) 12.497ms
[320.943s][info][gc,cpu      ] GC(684) User=0.02s Sys=0.01s Real=0.02s
[321.472s][info][gc,start    ] GC(685) Pause Young (Mixed) (G1 Evacuation Pause)
[321.472s][info][gc,task     ] GC(685) Using 2 workers of 2 for evacuation
[321.487s][info][gc,phases   ] GC(685)   Pre Evacuate Collection Set: 0.18ms
[321.487s][info][gc,phases   ] GC(685)   Merge Heap Roots: 0.16ms
[321.487s][info][gc,phases   ] GC(685)   Evacuate Collection Set: 13.77ms
[321.487s][info][gc,phases   ] GC(685)   Post Evacuate Collection Set: 0.57ms
[321.487s][info][gc,phases   ] GC(685)   Other: 0.09ms
[321.487s][info][gc,heap     ] GC(685) Eden regions: 140->0(146)
[321.487s][info][gc,heap     ] GC(685) Survivor regions: 13->7(20)
[321.487s][info][gc,heap     ] GC(685) Old regions: 50->49
[321.487s][info][gc,heap     ] GC(685) Humongous regions: 7->3
[321.487s][info][gc,metaspace] GC(685) Metaspace: 42683K(43072K)->42683K(43072K) NonClass: 39865K(40128K)->39865K(40128K) Class: 2817K(2944K)->2817K(2944K)
[321.487s][info][gc          ] GC(685) Pause Young (Mixed) (G1 Evacuation Pause) 209M->58M(256M) 14.973ms
[321.487s][info][gc,cpu      ] GC(685) User=0.03s Sys=0.00s Real=0.01s
[321.562s][info][gc,start    ] GC(686) Pause Young (Concurrent Start) (G1 Humongous Allocation)
[321.562s][info][gc,task     ] GC(686) Using 2 workers of 2 for evacuation
[321.564s][info][gc,phases   ] GC(686)   Pre Evacuate Collection Set: 0.17ms
[321.564s][info][gc,phases   ] GC(686)   Merge Heap Roots: 0.04ms
[321.564s][info][gc,phases   ] GC(686)   Evacuate Collection Set: 1.42ms
[321.564s][info][gc,phases   ] GC(686)   Post Evacuate Collection Set: 0.28ms
[321.564s][info][gc,phases   ] GC(686)   Other: 0.07ms
[321.564s][info][gc,heap     ] GC(686) Eden regions: 18->0(151)
[321.564s][info][gc,heap     ] GC(686) Survivor regions: 7->2(20)
[321.564s][info][gc,heap     ] GC(686) Old regions: 49->49
[321.564s][info][gc,heap     ] GC(686) Humongous regions: 3->1
[321.564s][info][gc,metaspace] GC(686) Metaspace: 42683K(43072K)->42683K(43072K) NonClass: 39865K(40128K)->39865K(40128K) Class: 2817K(2944K)->2817K(2944K)
[321.564s][info][gc          ] GC(686) Pause Young (Concurrent Start) (G1 Humongous Allocation) 76M->51M(256M) 2.128ms
[321.564s][info][gc,cpu      ] GC(686) User=0.00s Sys=0.00s Real=0.00s
[321.566s][info][gc          ] GC(687) Concurrent Mark Cycle
[321.566s][info][gc,marking  ] GC(687) Concurrent Scan Root Regions
[321.568s][info][gc,marking  ] GC(687) Concurrent Scan Root Regions 1.675ms
[321.568s][info][gc,marking  ] GC(687) Concurrent Mark
[321.568s][info][gc,marking  ] GC(687) Concurrent Mark From Roots
[321.568s][info][gc,task     ] GC(687) Using 1 workers of 1 for marking
[321.627s][info][gc,marking  ] GC(687) Concurrent Mark From Roots 59.666ms
[321.627s][info][gc,marking  ] GC(687) Concurrent Preclean
[321.628s][info][gc,marking  ] GC(687) Concurrent Preclean 0.031ms
[321.628s][info][gc,start    ] GC(687) Pause Remark
[321.642s][info][gc          ] GC(687) Pause Remark 70M->70M(256M) 14.411ms
[321.642s][info][gc,cpu      ] GC(687) User=0.03s Sys=0.00s Real=0.02s
[321.642s][info][gc,marking  ] GC(687) Concurrent Mark 74.261ms
[321.642s][info][gc,marking  ] GC(687) Concurrent Rebuild Remembered Sets and Scrub Regions
[321.665s][info][gc,marking  ] GC(687) Concurrent Rebuild Remembered Sets and Scrub Regions 22.796ms
[321.665s][info][gc,start    ] GC(687) Pause Cleanup
[321.665s][info][gc          ] GC(687) Pause Cleanup 70M->70M(256M) 0.033ms
[321.665s][info][gc,cpu      ] GC(687) User=0.00s Sys=0.00s Real=0.00s
[321.665s][info][gc,marking  ] GC(687) Concurrent Clear Claimed Marks
[321.665s][info][gc,marking  ] GC(687) Concurrent Clear Claimed Marks 0.032ms
[321.665s][info][gc,marking  ] GC(687) Concurrent Cleanup for Next Mark
[321.666s][info][gc,marking  ] GC(687) Concurrent Cleanup for Next Mark 0.719ms
[321.666s][info][gc          ] GC(687) Concurrent Mark Cycle 99.696ms
[322.058s][info][gc,start    ] GC(688) Pause Young (Prepare Mixed) (G1 Evacuation Pause)
[322.058s][info][gc,task     ] GC(688) Using 2 workers of 2 for evacuation
[322.089s][info][gc,phases   ] GC(688)   Pre Evacuate Collection Set: 0.19ms
[322.089s][info][gc,phases   ] GC(688)   Merge Heap Roots: 0.06ms
[322.089s][info][gc,phases   ] GC(688)   Evacuate Collection Set: 30.55ms
[322.089s][info][gc,phases   ] GC(688)   Post Evacuate Collection Set: 0.50ms
[322.089s][info][gc,phases   ] GC(688)   Other: 0.08ms
[322.089s][info][gc,heap     ] GC(688) Eden regions: 151->0(119)
[322.089s][info][gc,heap     ] GC(688) Survivor regions: 2->20(20)
[322.089s][info][gc,heap     ] GC(688) Old regions: 49->66
[322.089s][info][gc,heap     ] GC(688) Humongous regions: 5->3
[322.089s][info][gc,metaspace] GC(688) Metaspace: 42683K(43072K)->42683K(43072K) NonClass: 39865K(40128K)->39865K(40128K) Class: 2817K(2944K)->2817K(2944K)
[322.089s][info][gc          ] GC(688) Pause Young (Prepare Mixed) (G1 Evacuation Pause) 206M->88M(256M) 31.545ms
[322.089s][info][gc,cpu      ] GC(688) User=0.06s Sys=0.00s Real=0.03s
[322.567s][info][gc,start    ] GC(689) Pause Young (Mixed) (G1 Evacuation Pause)
[322.567s][info][gc,task     ] GC(689) Using 2 workers of 2 for evacuation
[322.627s][info][gc,phases   ] GC(689)   Pre Evacuate Collection Set: 0.16ms
[322.627s][info][gc,phases   ] GC(689)   Merge Heap Roots: 0.23ms
[322.627s][info][gc,phases   ] GC(689)   Evacuate Collection Set: 59.02ms
[322.627s][info][gc,phases   ] GC(689)   Post Evacuate Collection Set: 0.51ms
[322.627s][info][gc,phases   ] GC(689)   Other: 0.07ms
[322.627s][info][gc,heap     ] GC(689) Eden regions: 119->0(95)
[322.627s][info][gc,heap     ] GC(689) Survivor regions: 20->18(18)
[322.627s][info][gc,heap     ] GC(689) Old regions: 66->95
[322.627s][info][gc,heap     ] GC(689) Humongous regions: 3->3
[322.627s][info][gc,metaspace] GC(689) Metaspace: 42683K(43072K)->42683K(43072K) NonClass: 39866K(40128K)->39866K(40128K) Class: 2817K(2944K)->2817K(2944K)
[322.627s][info][gc          ] GC(689) Pause Young (Mixed) (G1 Evacuation Pause) 207M->115M(259M) 60.161ms
[322.627s][info][gc,cpu      ] GC(689) User=0.11s Sys=0.00s Real=0.06s
[323.064s][info][gc,start    ] GC(690) Pause Young (Concurrent Start) (G1 Evacuation Pause)
[323.064s][info][gc,task     ] GC(690) Using 2 workers of 2 for evacuation
[323.131s][info][gc,phases   ] GC(690)   Pre Evacuate Collection Set: 0.18ms
[323.131s][info][gc,phases   ] GC(690)   Merge Heap Roots: 0.44ms
[323.131s][info][gc,phases   ] GC(690)   Evacuate Collection Set: 65.71ms
[323.131s][info][gc,phases   ] GC(690)   Post Evacuate Collection Set: 0.44ms
[323.131s][info][gc,phases   ] GC(690)   Other: 0.12ms
[323.131s][info][gc,heap     ] GC(690) Eden regions: 95->0(73)
[323.131s][info][gc,heap     ] GC(690) Survivor regions: 18->15(15)
[323.131s][info][gc,heap     ] GC(690) Old regions: 95->124
[323.131s][info][gc,heap     ] GC(690) Humongous regions: 3->3
[323.131s][info][gc,metaspace] GC(690) Metaspace: 42683K(43072K)->42683K(43072K) NonClass: 39866K(40128K)->39866K(40128K) Class: 2817K(2944K)->2817K(2944K)
[323.131s][info][gc          ] GC(690) Pause Young (Concurrent Start) (G1 Evacuation Pause) 210M->141M(259M) 67.114ms
[323.131s][info][gc,cpu      ] GC(690) User=0.11s Sys=0.00s Real=0.07s
[323.131s][info][gc          ] GC(691) Concurrent Mark Cycle
[323.132s][info][gc,marking  ] GC(691) Concurrent Scan Root Regions
[323.193s][info][gc,marking  ] GC(691) Concurrent Scan Root Regions 60.264ms
[323.193s][info][gc,marking  ] GC(691) Concurrent Mark
[323.193s][info][gc,marking  ] GC(691) Concurrent Mark From Roots
[323.193s][info][gc,task     ] GC(691) Using 1 workers of 1 for marking
[323.412s][info][gc,marking  ] GC(691) Concurrent Mark From Roots 219.647ms
[323.412s][info][gc,marking  ] GC(691) Concurrent Preclean
[323.412s][info][gc,marking  ] GC(691) Concurrent Preclean 0.042ms
[323.413s][info][gc,start    ] GC(691) Pause Remark
[323.427s][info][gc          ] GC(691) Pause Remark 194M->194M(259M) 14.435ms
[323.427s][info][gc,cpu      ] GC(691) User=0.03s Sys=0.00s Real=0.01s
[323.429s][info][gc,marking  ] GC(691) Concurrent Mark 236.523ms
[323.429s][info][gc,marking  ] GC(691) Concurrent Rebuild Remembered Sets and Scrub Regions
[323.499s][info][gc,marking  ] GC(691) Concurrent Rebuild Remembered Sets and Scrub Regions 69.645ms
[323.499s][info][gc,start    ] GC(691) Pause Cleanup
[323.499s][info][gc          ] GC(691) Pause Cleanup 205M->205M(259M) 0.047ms
[323.499s][info][gc,cpu      ] GC(691) User=0.00s Sys=0.00s Real=0.00s
[323.499s][info][gc,marking  ] GC(691) Concurrent Clear Claimed Marks
[323.499s][info][gc,marking  ] GC(691) Concurrent Clear Claimed Marks 0.037ms
[323.499s][info][gc,marking  ] GC(691) Concurrent Cleanup for Next Mark
[323.500s][info][gc,marking  ] GC(691) Concurrent Cleanup for Next Mark 0.761ms
[323.500s][info][gc          ] GC(691) Concurrent Mark Cycle 368.803ms
[323.548s][info][gc,start    ] GC(692) Pause Young (Prepare Mixed) (G1 Evacuation Pause)
[323.548s][info][gc,task     ] GC(692) Using 2 workers of 2 for evacuation
[323.590s][info][gc,phases   ] GC(692)   Pre Evacuate Collection Set: 0.15ms
[323.590s][info][gc,phases   ] GC(692)   Merge Heap Roots: 0.34ms
[323.590s][info][gc,phases   ] GC(692)   Evacuate Collection Set: 41.22ms
[323.590s][info][gc,phases   ] GC(692)   Post Evacuate Collection Set: 0.39ms
[323.590s][info][gc,phases   ] GC(692)   Other: 0.11ms
[323.590s][info][gc,heap     ] GC(692) Eden regions: 73->0(59)
[323.590s][info][gc,heap     ] GC(692) Survivor regions: 15->11(11)
[323.590s][info][gc,heap     ] GC(692) Old regions: 124->148
[323.590s][info][gc,heap     ] GC(692) Humongous regions: 3->3
[323.590s][info][gc,metaspace] GC(692) Metaspace: 42683K(43072K)->42683K(43072K) NonClass: 39866K(40128K)->39866K(40128K) Class: 2817K(2944K)->2817K(2944K)
[323.590s][info][gc          ] GC(692) Pause Young (Prepare Mixed) (G1 Evacuation Pause) 214M->161M(259M) 42.375ms
[323.590s][info][gc,cpu      ] GC(692) User=0.08s Sys=0.00s Real=0.04s
[323.848s][info][gc,start    ] GC(693) Pause Young (Mixed) (G1 Evacuation Pause)
[323.848s][info][gc,task     ] GC(693) Using 2 workers of 2 for evacuation
[323.891s][info][gc,phases   ] GC(693)   Pre Evacuate Collection Set: 0.76ms
[323.891s][info][gc,phases   ] GC(693)   Merge Heap Roots: 0.30ms
[323.891s][info][gc,phases   ] GC(693)   Evacuate Collection Set: 40.92ms
[323.891s][info][gc,phases   ] GC(693)   Post Evacuate Collection Set: 0.37ms
[323.891s][info][gc,phases   ] GC(693)   Other: 0.07ms
[323.891s][info][gc,heap     ] GC(693) Eden regions: 59->0(51)
[323.891s][info][gc,heap     ] GC(693) Survivor regions: 11->9(9)
[323.891s][info][gc,heap     ] GC(693) Old regions: 148->159
[323.891s][info][gc,heap     ] GC(693) Humongous regions: 3->3
[323.891s][info][gc,metaspace] GC(693) Metaspace: 42683K(43072K)->42683K(43072K) NonClass: 39866K(40128K)->39866K(40128K) Class: 2817K(2944K)->2817K(2944K)
[323.891s][info][gc          ] GC(693) Pause Young (Mixed) (G1 Evacuation Pause) 220M->170M(259M) 42.596ms
[323.891s][info][gc,cpu      ] GC(693) User=0.07s Sys=0.00s Real=0.04s
[323.911s][info][gc,start    ] GC(694) Pause Young (Concurrent Start) (G1 Humongous Allocation)
[323.911s][info][gc,task     ] GC(694) Using 2 workers of 2 for evacuation
[323.925s][info][gc,phases   ] GC(694)   Pre Evacuate Collection Set: 0.15ms
[323.925s][info][gc,phases   ] GC(694)   Merge Heap Roots: 0.11ms
[323.925s][info][gc,phases   ] GC(694)   Evacuate Collection Set: 12.14ms
[323.925s][info][gc,phases   ] GC(694)   Post Evacuate Collection Set: 1.43ms
[323.925s][info][gc,phases   ] GC(694)   Other: 0.09ms
[323.925s][info][gc,heap     ] GC(694) Eden regions: 5->0(168)
[323.925s][info][gc,heap     ] GC(694) Survivor regions: 9->2(8)
[323.925s][info][gc,heap     ] GC(694) Old regions: 159->169
[323.925s][info][gc,heap     ] GC(694) Humongous regions: 3->1
[323.925s][info][gc,metaspace] GC(694) Metaspace: 42683K(43072K)->42683K(43072K) NonClass: 39866K(40128K)->39866K(40128K) Class: 2817K(2944K)->2817K(2944K)
[323.925s][info][gc          ] GC(694) Pause Young (Concurrent Start) (G1 Humongous Allocation) 175M->170M(442M) 14.074ms
[323.925s][info][gc,cpu      ] GC(694) User=0.03s Sys=0.00s Real=0.01s
[323.925s][info][gc          ] GC(695) Concurrent Undo Cycle
[323.926s][info][gc,marking  ] GC(695) Concurrent Clear Claimed Marks
[323.926s][info][gc,marking  ] GC(695) Concurrent Clear Claimed Marks 0.033ms
[323.926s][info][gc,marking  ] GC(695) Concurrent Cleanup for Next Mark
[323.926s][info][gc,marking  ] GC(695) Concurrent Cleanup for Next Mark 0.147ms
[323.926s][info][gc          ] GC(695) Concurrent Undo Cycle 0.243ms
[324.397s][info][gc,start    ] GC(696) Pause Young (Concurrent Start) (G1 Humongous Allocation)
[324.397s][info][gc,task     ] GC(696) Using 2 workers of 2 for evacuation
[324.400s][info][gc,phases   ] GC(696)   Pre Evacuate Collection Set: 0.26ms
[324.400s][info][gc,phases   ] GC(696)   Merge Heap Roots: 0.08ms
[324.400s][info][gc,phases   ] GC(696)   Evacuate Collection Set: 2.47ms
[324.400s][info][gc,phases   ] GC(696)   Post Evacuate Collection Set: 0.35ms
[324.400s][info][gc,phases   ] GC(696)   Other: 0.15ms
[324.400s][info][gc,heap     ] GC(696) Eden regions: 105->0(182)
[324.400s][info][gc,heap     ] GC(696) Survivor regions: 2->2(22)
[324.400s][info][gc,heap     ] GC(696) Old regions: 169->169
[324.400s][info][gc,heap     ] GC(696) Humongous regions: 3->1
[324.400s][info][gc,metaspace] GC(696) Metaspace: 42683K(43072K)->42683K(43072K) NonClass: 39866K(40128K)->39866K(40128K) Class: 2817K(2944K)->2817K(2944K)
[324.400s][info][gc          ] GC(696) Pause Young (Concurrent Start) (G1 Humongous Allocation) 277M->171M(442M) 3.509ms
[324.400s][info][gc,cpu      ] GC(696) User=0.00s Sys=0.00s Real=0.00s
[324.400s][info][gc          ] GC(697) Concurrent Mark Cycle
[324.400s][info][gc,marking  ] GC(697) Concurrent Scan Root Regions
[324.402s][info][gc,marking  ] GC(697) Concurrent Scan Root Regions 1.776ms
[324.402s][info][gc,marking  ] GC(697) Concurrent Mark
[324.402s][info][gc,marking  ] GC(697) Concurrent Mark From Roots
[324.402s][info][gc,task     ] GC(697) Using 1 workers of 1 for marking
[324.526s][info][gc,marking  ] GC(697) Concurrent Mark From Roots 124.462ms
[324.526s][info][gc,marking  ] GC(697) Concurrent Preclean
[324.527s][info][gc,marking  ] GC(697) Concurrent Preclean 0.034ms
[324.527s][info][gc,start    ] GC(697) Pause Remark
[324.541s][info][gc          ] GC(697) Pause Remark 203M->202M(442M) 14.722ms
[324.541s][info][gc,cpu      ] GC(697) User=0.03s Sys=0.00s Real=0.02s
[324.542s][info][gc,marking  ] GC(697) Concurrent Mark 140.112ms
[324.542s][info][gc,marking  ] GC(697) Concurrent Rebuild Remembered Sets and Scrub Regions
[324.600s][info][gc,marking  ] GC(697) Concurrent Rebuild Remembered Sets and Scrub Regions 58.183ms
[324.600s][info][gc,start    ] GC(697) Pause Cleanup
[324.601s][info][gc          ] GC(697) Pause Cleanup 228M->228M(442M) 0.084ms
[324.601s][info][gc,cpu      ] GC(697) User=0.00s Sys=0.00s Real=0.00s
[324.601s][info][gc,marking  ] GC(697) Concurrent Clear Claimed Marks
[324.601s][info][gc,marking  ] GC(697) Concurrent Clear Claimed Marks 0.036ms
[324.601s][info][gc,marking  ] GC(697) Concurrent Cleanup for Next Mark
[324.604s][info][gc,marking  ] GC(697) Concurrent Cleanup for Next Mark 3.001ms
[324.604s][info][gc          ] GC(697) Concurrent Mark Cycle 203.477ms
[325.289s][info][gc,start    ] GC(698) Pause Young (Prepare Mixed) (G1 Evacuation Pause)
[325.289s][info][gc,task     ] GC(698) Using 2 workers of 2 for evacuation
[325.297s][info][gc,phases   ] GC(698)   Pre Evacuate Collection Set: 0.22ms
[325.297s][info][gc,phases   ] GC(698)   Merge Heap Roots: 0.10ms
[325.297s][info][gc,phases   ] GC(698)   Evacuate Collection Set: 6.55ms
[325.297s][info][gc,phases   ] GC(698)   Post Evacuate Collection Set: 0.45ms
[325.297s][info][gc,phases   ] GC(698)   Other: 0.08ms
[325.297s][info][gc,heap     ] GC(698) Eden regions: 182->0(193)
[325.297s][info][gc,heap     ] GC(698) Survivor regions: 2->5(23)
[325.297s][info][gc,heap     ] GC(698) Old regions: 168->168
[325.297s][info][gc,heap     ] GC(698) Humongous regions: 11->1
[325.297s][info][gc,metaspace] GC(698) Metaspace: 42684K(43072K)->42684K(43072K) NonClass: 39866K(40128K)->39866K(40128K) Class: 2817K(2944K)->2817K(2944K)
[325.297s][info][gc          ] GC(698) Pause Young (Prepare Mixed) (G1 Evacuation Pause) 362M->173M(442M) 7.548ms
[325.297s][info][gc,cpu      ] GC(698) User=0.01s Sys=0.00s Real=0.01s
[325.866s][info][gc,start    ] GC(699) Pause Young (Mixed) (G1 Evacuation Pause)
[325.866s][info][gc,task     ] GC(699) Using 2 workers of 2 for evacuation
[325.883s][info][gc,phases   ] GC(699)   Pre Evacuate Collection Set: 0.33ms
[325.883s][info][gc,phases   ] GC(699)   Merge Heap Roots: 0.19ms
[325.883s][info][gc,phases   ] GC(699)   Evacuate Collection Set: 15.79ms
[325.883s][info][gc,phases   ] GC(699)   Post Evacuate Collection Set: 0.55ms
[325.883s][info][gc,phases   ] GC(699)   Other: 0.08ms
[325.883s][info][gc,heap     ] GC(699) Eden regions: 193->0(225)
[325.883s][info][gc,heap     ] GC(699) Survivor regions: 5->13(25)
[325.883s][info][gc,heap     ] GC(699) Old regions: 168->126
[325.883s][info][gc,heap     ] GC(699) Humongous regions: 5->3
[325.883s][info][gc,metaspace] GC(699) Metaspace: 42684K(43072K)->42684K(43072K) NonClass: 39866K(40128K)->39866K(40128K) Class: 2817K(2944K)->2817K(2944K)
[325.883s][info][gc          ] GC(699) Pause Young (Mixed) (G1 Evacuation Pause) 370M->141M(442M) 17.164ms
[325.883s][info][gc,cpu      ] GC(699) User=0.02s Sys=0.01s Real=0.02s
[326.563s][info][gc,start    ] GC(700) Pause Young (Mixed) (G1 Evacuation Pause)
[326.563s][info][gc,task     ] GC(700) Using 2 workers of 2 for evacuation
[326.592s][info][gc,phases   ] GC(700)   Pre Evacuate Collection Set: 0.20ms
[326.592s][info][gc,phases   ] GC(700)   Merge Heap Roots: 0.64ms
[326.592s][info][gc,phases   ] GC(700)   Evacuate Collection Set: 26.73ms
[326.592s][info][gc,phases   ] GC(700)   Post Evacuate Collection Set: 0.82ms
[326.592s][info][gc,phases   ] GC(700)   Other: 0.09ms
[326.592s][info][gc,heap     ] GC(700) Eden regions: 225->0(246)
[326.592s][info][gc,heap     ] GC(700) Survivor regions: 13->19(30)
[326.592s][info][gc,heap     ] GC(700) Old regions: 126->96
[326.592s][info][gc,heap     ] GC(700) Humongous regions: 4->3
[326.592s][info][gc,metaspace] GC(700) Metaspace: 42684K(43072K)->42684K(43072K) NonClass: 39867K(40128K)->39867K(40128K) Class: 2817K(2944K)->2817K(2944K)
[326.592s][info][gc          ] GC(700) Pause Young (Mixed) (G1 Evacuation Pause) 367M->116M(442M) 28.699ms
[326.592s][info][gc,cpu      ] GC(700) User=0.05s Sys=0.00s Real=0.03s
[326.607s][info][gc,start    ] GC(701) Pause Young (Concurrent Start) (G1 Humongous Allocation)
[326.607s][info][gc,task     ] GC(701) Using 2 workers of 2 for evacuation
[326.618s][info][gc,phases   ] GC(701)   Pre Evacuate Collection Set: 0.18ms
[326.618s][info][gc,phases   ] GC(701)   Merge Heap Roots: 0.05ms
[326.618s][info][gc,phases   ] GC(701)   Evacuate Collection Set: 9.71ms
[326.618s][info][gc,phases   ] GC(701)   Post Evacuate Collection Set: 0.33ms
[326.618s][info][gc,phases   ] GC(701)   Other: 0.09ms
[326.618s][info][gc,heap     ] GC(701) Eden regions: 5->0(255)
[326.618s][info][gc,heap     ] GC(701) Survivor regions: 19->10(34)
[326.618s][info][gc,heap     ] GC(701) Old regions: 96->99
[326.618s][info][gc,heap     ] GC(701) Humongous regions: 3->3
[326.618s][info][gc,metaspace] GC(701) Metaspace: 42684K(43072K)->42684K(43072K) NonClass: 39867K(40128K)->39867K(40128K) Class: 2817K(2944K)->2817K(2944K)
[326.618s][info][gc          ] GC(701) Pause Young (Concurrent Start) (G1 Humongous Allocation) 121M->111M(442M) 10.541ms
[326.618s][info][gc,cpu      ] GC(701) User=0.01s Sys=0.00s Real=0.01s
[326.618s][info][gc          ] GC(702) Concurrent Mark Cycle
[326.618s][info][gc,marking  ] GC(702) Concurrent Scan Root Regions
[326.628s][info][gc,marking  ] GC(702) Concurrent Scan Root Regions 10.632ms
[326.629s][info][gc,marking  ] GC(702) Concurrent Mark
[326.629s][info][gc,marking  ] GC(702) Concurrent Mark From Roots
[326.629s][info][gc,task     ] GC(702) Using 1 workers of 1 for marking
[326.744s][info][gc,marking  ] GC(702) Concurrent Mark From Roots 115.659ms
[326.744s][info][gc,marking  ] GC(702) Concurrent Preclean
[326.744s][info][gc,marking  ] GC(702) Concurrent Preclean 0.034ms
[326.744s][info][gc,start    ] GC(702) Pause Remark
[326.759s][info][gc          ] GC(702) Pause Remark 151M->151M(377M) 14.651ms
[326.759s][info][gc,cpu      ] GC(702) User=0.03s Sys=0.00s Real=0.01s
[326.759s][info][gc,marking  ] GC(702) Concurrent Mark 130.658ms
[326.759s][info][gc,marking  ] GC(702) Concurrent Rebuild Remembered Sets and Scrub Regions
[326.806s][info][gc,marking  ] GC(702) Concurrent Rebuild Remembered Sets and Scrub Regions 47.042ms
[326.806s][info][gc,start    ] GC(702) Pause Cleanup
[326.806s][info][gc          ] GC(702) Pause Cleanup 164M->164M(377M) 0.045ms
[326.806s][info][gc,cpu      ] GC(702) User=0.00s Sys=0.00s Real=0.00s
[326.806s][info][gc,marking  ] GC(702) Concurrent Clear Claimed Marks
[326.806s][info][gc,marking  ] GC(702) Concurrent Clear Claimed Marks 0.036ms
[326.806s][info][gc,marking  ] GC(702) Concurrent Cleanup for Next Mark
[326.808s][info][gc,marking  ] GC(702) Concurrent Cleanup for Next Mark 1.104ms
[326.808s][info][gc          ] GC(702) Concurrent Mark Cycle 189.812ms
[327.348s][info][gc,start    ] GC(703) Pause Young (Prepare Mixed) (G1 Evacuation Pause)
[327.348s][info][gc,task     ] GC(703) Using 2 workers of 2 for evacuation
[327.371s][info][gc,phases   ] GC(703)   Pre Evacuate Collection Set: 0.21ms
[327.371s][info][gc,phases   ] GC(703)   Merge Heap Roots: 0.08ms
[327.371s][info][gc,phases   ] GC(703)   Evacuate Collection Set: 22.05ms
[327.371s][info][gc,phases   ] GC(703)   Post Evacuate Collection Set: 0.50ms
[327.371s][info][gc,phases   ] GC(703)   Other: 0.09ms
[327.371s][info][gc,heap     ] GC(703) Eden regions: 216->0(178)
[327.371s][info][gc,heap     ] GC(703) Survivor regions: 10->29(29)
[327.371s][info][gc,heap     ] GC(703) Old regions: 99->106
[327.371s][info][gc,heap     ] GC(703) Humongous regions: 4->3
[327.371s][info][gc,metaspace] GC(703) Metaspace: 42684K(43072K)->42684K(43072K) NonClass: 39867K(40128K)->39867K(40128K) Class: 2817K(2944K)->2817K(2944K)
[327.371s][info][gc          ] GC(703) Pause Young (Prepare Mixed) (G1 Evacuation Pause) 328M->137M(377M) 23.148ms
[327.371s][info][gc,cpu      ] GC(703) User=0.04s Sys=0.00s Real=0.02s
[327.956s][info][gc,start    ] GC(704) Pause Young (Mixed) (G1 Evacuation Pause)
[327.956s][info][gc,task     ] GC(704) Using 2 workers of 2 for evacuation
[327.983s][info][gc,phases   ] GC(704)   Pre Evacuate Collection Set: 0.22ms
[327.983s][info][gc,phases   ] GC(704)   Merge Heap Roots: 0.17ms
[327.983s][info][gc,phases   ] GC(704)   Evacuate Collection Set: 26.44ms
[327.983s][info][gc,phases   ] GC(704)   Post Evacuate Collection Set: 0.47ms
[327.983s][info][gc,phases   ] GC(704)   Other: 0.07ms
[327.983s][info][gc,heap     ] GC(704) Eden regions: 178->0(181)
[327.983s][info][gc,heap     ] GC(704) Survivor regions: 29->10(26)
[327.983s][info][gc,heap     ] GC(704) Old regions: 106->127
[327.983s][info][gc,heap     ] GC(704) Humongous regions: 4->3
[327.983s][info][gc,metaspace] GC(704) Metaspace: 42684K(43072K)->42684K(43072K) NonClass: 39867K(40128K)->39867K(40128K) Class: 2817K(2944K)->2817K(2944K)
[327.983s][info][gc          ] GC(704) Pause Young (Mixed) (G1 Evacuation Pause) 316M->139M(377M) 27.584ms
[327.983s][info][gc,cpu      ] GC(704) User=0.06s Sys=0.00s Real=0.03s
[328.420s][info][gc,start    ] GC(705) Pause Young (Concurrent Start) (G1 Humongous Allocation)
[328.420s][info][gc,task     ] GC(705) Using 2 workers of 2 for evacuation
[328.456s][info][gc,phases   ] GC(705)   Pre Evacuate Collection Set: 0.23ms
[328.456s][info][gc,phases   ] GC(705)   Merge Heap Roots: 0.06ms
[328.456s][info][gc,phases   ] GC(705)   Evacuate Collection Set: 35.36ms
[328.456s][info][gc,phases   ] GC(705)   Post Evacuate Collection Set: 0.51ms
[328.456s][info][gc,phases   ] GC(705)   Other: 0.09ms
[328.456s][info][gc,heap     ] GC(705) Eden regions: 143->0(104)
[328.456s][info][gc,heap     ] GC(705) Survivor regions: 10->24(24)
[328.456s][info][gc,heap     ] GC(705) Old regions: 127->160
[328.456s][info][gc,heap     ] GC(705) Humongous regions: 3->3
[328.456s][info][gc,metaspace] GC(705) Metaspace: 42684K(43072K)->42684K(43072K) NonClass: 39867K(40128K)->39867K(40128K) Class: 2817K(2944K)->2817K(2944K)
[328.456s][info][gc          ] GC(705) Pause Young (Concurrent Start) (G1 Humongous Allocation) 281M->186M(377M) 36.449ms
[328.456s][info][gc          ] GC(706) Concurrent Mark Cycle
[328.456s][info][gc,marking  ] GC(706) Concurrent Scan Root Regions
[328.456s][info][gc,cpu      ] GC(705) User=0.07s Sys=0.00s Real=0.04s
[328.477s][info][gc,marking  ] GC(706) Concurrent Scan Root Regions 21.163ms
[328.477s][info][gc,marking  ] GC(706) Concurrent Mark
[328.477s][info][gc,marking  ] GC(706) Concurrent Mark From Roots
[328.478s][info][gc,task     ] GC(706) Using 1 workers of 1 for marking
[328.574s][info][gc,marking  ] GC(706) Concurrent Mark From Roots 96.094ms
[328.574s][info][gc,marking  ] GC(706) Concurrent Preclean
[328.574s][info][gc,marking  ] GC(706) Concurrent Preclean 0.050ms
[328.574s][info][gc,start    ] GC(706) Pause Remark
[328.588s][info][gc          ] GC(706) Pause Remark 216M->205M(377M) 14.510ms
[328.588s][info][gc,cpu      ] GC(706) User=0.03s Sys=0.00s Real=0.01s
[328.588s][info][gc,marking  ] GC(706) Concurrent Mark 110.962ms
[328.588s][info][gc,marking  ] GC(706) Concurrent Rebuild Remembered Sets and Scrub Regions
[328.649s][info][gc,marking  ] GC(706) Concurrent Rebuild Remembered Sets and Scrub Regions 60.998ms
[328.650s][info][gc,start    ] GC(706) Pause Cleanup
[328.650s][info][gc          ] GC(706) Pause Cleanup 221M->221M(377M) 0.054ms
[328.650s][info][gc,cpu      ] GC(706) User=0.00s Sys=0.00s Real=0.00s
[328.650s][info][gc,marking  ] GC(706) Concurrent Clear Claimed Marks
[328.650s][info][gc,marking  ] GC(706) Concurrent Clear Claimed Marks 0.038ms
[328.650s][info][gc,marking  ] GC(706) Concurrent Cleanup for Next Mark
[328.651s][info][gc,marking  ] GC(706) Concurrent Cleanup for Next Mark 1.069ms
[328.651s][info][gc          ] GC(706) Concurrent Mark Cycle 194.579ms
[328.862s][info][gc,start    ] GC(707) Pause Young (Prepare Mixed) (G1 Evacuation Pause)
[328.862s][info][gc,task     ] GC(707) Using 2 workers of 2 for evacuation
[328.922s][info][gc,phases   ] GC(707)   Pre Evacuate Collection Set: 0.19ms
[328.922s][info][gc,phases   ] GC(707)   Merge Heap Roots: 0.35ms
[328.922s][info][gc,phases   ] GC(707)   Evacuate Collection Set: 58.24ms
[328.922s][info][gc,phases   ] GC(707)   Post Evacuate Collection Set: 0.48ms
[328.922s][info][gc,phases   ] GC(707)   Other: 0.07ms
[328.922s][info][gc,heap     ] GC(707) Eden regions: 104->0(60)
[328.922s][info][gc,heap     ] GC(707) Survivor regions: 24->16(16)
[328.922s][info][gc,heap     ] GC(707) Old regions: 149->218
[328.922s][info][gc,heap     ] GC(707) Humongous regions: 4->4
[328.922s][info][gc,metaspace] GC(707) Metaspace: 42684K(43072K)->42684K(43072K) NonClass: 39867K(40128K)->39867K(40128K) Class: 2817K(2944K)->2817K(2944K)
[328.922s][info][gc          ] GC(707) Pause Young (Prepare Mixed) (G1 Evacuation Pause) 280M->237M(377M) 59.531ms
[328.922s][info][gc,cpu      ] GC(707) User=0.12s Sys=0.00s Real=0.06s
[329.117s][info][gc,start    ] GC(708) Pause Young (Mixed) (G1 Evacuation Pause)
[329.117s][info][gc,task     ] GC(708) Using 2 workers of 2 for evacuation
[329.165s][info][gc,phases   ] GC(708)   Pre Evacuate Collection Set: 0.22ms
[329.165s][info][gc,phases   ] GC(708)   Merge Heap Roots: 0.37ms
[329.165s][info][gc,phases   ] GC(708)   Evacuate Collection Set: 47.20ms
[329.165s][info][gc,phases   ] GC(708)   Post Evacuate Collection Set: 0.43ms
[329.165s][info][gc,phases   ] GC(708)   Other: 0.08ms
[329.165s][info][gc,heap     ] GC(708) Eden regions: 60->0(53)
[329.165s][info][gc,heap     ] GC(708) Survivor regions: 16->10(10)
[329.165s][info][gc,heap     ] GC(708) Old regions: 218->234
[329.165s][info][gc,heap     ] GC(708) Humongous regions: 5->5
[329.165s][info][gc,metaspace] GC(708) Metaspace: 42684K(43072K)->42684K(43072K) NonClass: 39867K(40128K)->39867K(40128K) Class: 2817K(2944K)->2817K(2944K)
[329.165s][info][gc          ] GC(708) Pause Young (Mixed) (G1 Evacuation Pause) 298M->248M(377M) 48.532ms
[329.165s][info][gc,cpu      ] GC(708) User=0.09s Sys=0.01s Real=0.05s
[329.360s][info][gc,start    ] GC(709) Pause Young (Concurrent Start) (G1 Evacuation Pause)
[329.360s][info][gc,task     ] GC(709) Using 2 workers of 2 for evacuation
[329.393s][info][gc,phases   ] GC(709)   Pre Evacuate Collection Set: 0.22ms
[329.394s][info][gc,phases   ] GC(709)   Merge Heap Roots: 0.23ms
[329.394s][info][gc,phases   ] GC(709)   Evacuate Collection Set: 32.44ms
[329.394s][info][gc,phases   ] GC(709)   Post Evacuate Collection Set: 0.70ms
[329.394s][info][gc,phases   ] GC(709)   Other: 0.10ms
[329.394s][info][gc,heap     ] GC(709) Eden regions: 53->0(60)
[329.394s][info][gc,heap     ] GC(709) Survivor regions: 10->8(8)
[329.394s][info][gc,heap     ] GC(709) Old regions: 234->268
[329.394s][info][gc,heap     ] GC(709) Humongous regions: 5->5
[329.394s][info][gc,metaspace] GC(709) Metaspace: 42684K(43072K)->42684K(43072K) NonClass: 39867K(40128K)->39867K(40128K) Class: 2817K(2944K)->2817K(2944K)
[329.394s][info][gc          ] GC(709) Pause Young (Concurrent Start) (G1 Evacuation Pause) 301M->280M(427M) 33.908ms
[329.394s][info][gc,cpu      ] GC(709) User=0.06s Sys=0.00s Real=0.04s
[329.394s][info][gc          ] GC(710) Concurrent Mark Cycle
[329.394s][info][gc,marking  ] GC(710) Concurrent Scan Root Regions
[329.412s][info][gc,marking  ] GC(710) Concurrent Scan Root Regions 17.829ms
[329.412s][info][gc,marking  ] GC(710) Concurrent Mark
[329.412s][info][gc,marking  ] GC(710) Concurrent Mark From Roots
[329.412s][info][gc,task     ] GC(710) Using 1 workers of 1 for marking
[329.529s][info][gc,marking  ] GC(710) Concurrent Mark From Roots 117.725ms
[329.529s][info][gc,marking  ] GC(710) Concurrent Preclean
[329.529s][info][gc,marking  ] GC(710) Concurrent Preclean 0.040ms
[329.530s][info][gc,start    ] GC(710) Pause Remark
[329.544s][info][gc          ] GC(710) Pause Remark 321M->269M(427M) 14.420ms
[329.544s][info][gc,cpu      ] GC(710) User=0.03s Sys=0.00s Real=0.02s
[329.544s][info][gc,marking  ] GC(710) Concurrent Mark 132.463ms
[329.544s][info][gc,marking  ] GC(710) Concurrent Rebuild Remembered Sets and Scrub Regions
[329.613s][info][gc,marking  ] GC(710) Concurrent Rebuild Remembered Sets and Scrub Regions 69.053ms
[329.614s][info][gc,start    ] GC(710) Pause Cleanup
[329.614s][info][gc          ] GC(710) Pause Cleanup 287M->287M(427M) 0.109ms
[329.614s][info][gc,cpu      ] GC(710) User=0.00s Sys=0.00s Real=0.00s
[329.616s][info][gc,marking  ] GC(710) Concurrent Clear Claimed Marks
[329.616s][info][gc,marking  ] GC(710) Concurrent Clear Claimed Marks 0.053ms
[329.616s][info][gc,marking  ] GC(710) Concurrent Cleanup for Next Mark
[329.618s][info][gc,marking  ] GC(710) Concurrent Cleanup for Next Mark 1.718ms
[329.618s][info][gc          ] GC(710) Concurrent Mark Cycle 224.160ms
[329.621s][info][gc,start    ] GC(711) Pause Young (Prepare Mixed) (G1 Evacuation Pause)
[329.621s][info][gc,task     ] GC(711) Using 2 workers of 2 for evacuation
[329.659s][info][gc,phases   ] GC(711)   Pre Evacuate Collection Set: 0.18ms
[329.659s][info][gc,phases   ] GC(711)   Merge Heap Roots: 0.20ms
[329.659s][info][gc,phases   ] GC(711)   Evacuate Collection Set: 36.64ms
[329.659s][info][gc,phases   ] GC(711)   Post Evacuate Collection Set: 0.40ms
[329.659s][info][gc,phases   ] GC(711)   Other: 0.06ms
[329.659s][info][gc,heap     ] GC(711) Eden regions: 60->0(60)
[329.659s][info][gc,heap     ] GC(711) Survivor regions: 8->9(9)
[329.659s][info][gc,heap     ] GC(711) Old regions: 217->259
[329.659s][info][gc,heap     ] GC(711) Humongous regions: 4->4
[329.659s][info][gc,metaspace] GC(711) Metaspace: 42684K(43072K)->42684K(43072K) NonClass: 39867K(40128K)->39867K(40128K) Class: 2817K(2944K)->2817K(2944K)
[329.659s][info][gc          ] GC(711) Pause Young (Prepare Mixed) (G1 Evacuation Pause) 288M->271M(427M) 37.644ms
[329.659s][info][gc,cpu      ] GC(711) User=0.07s Sys=0.01s Real=0.03s
[329.892s][info][gc,start    ] GC(712) Pause Young (Mixed) (G1 Evacuation Pause)
[329.892s][info][gc,task     ] GC(712) Using 2 workers of 2 for evacuation
[329.932s][info][gc,phases   ] GC(712)   Pre Evacuate Collection Set: 0.22ms
[329.932s][info][gc,phases   ] GC(712)   Merge Heap Roots: 0.34ms
[329.932s][info][gc,phases   ] GC(712)   Evacuate Collection Set: 39.03ms
[329.932s][info][gc,phases   ] GC(712)   Post Evacuate Collection Set: 0.44ms
[329.932s][info][gc,phases   ] GC(712)   Other: 0.07ms
[329.932s][info][gc,heap     ] GC(712) Eden regions: 60->0(68)
[329.932s][info][gc,heap     ] GC(712) Survivor regions: 9->9(9)
[329.932s][info][gc,heap     ] GC(712) Old regions: 259->245
[329.932s][info][gc,heap     ] GC(712) Humongous regions: 5->5
[329.932s][info][gc,metaspace] GC(712) Metaspace: 42684K(43072K)->42684K(43072K) NonClass: 39867K(40128K)->39867K(40128K) Class: 2817K(2944K)->2817K(2944K)
[329.933s][info][gc          ] GC(712) Pause Young (Mixed) (G1 Evacuation Pause) 332M->258M(427M) 40.290ms
[329.933s][info][gc,cpu      ] GC(712) User=0.08s Sys=0.01s Real=0.04s
[330.146s][info][gc,start    ] GC(713) Pause Young (Mixed) (G1 Evacuation Pause)
[330.146s][info][gc,task     ] GC(713) Using 2 workers of 2 for evacuation
[330.199s][info][gc,phases   ] GC(713)   Pre Evacuate Collection Set: 0.25ms
[330.199s][info][gc,phases   ] GC(713)   Merge Heap Roots: 0.50ms
[330.199s][info][gc,phases   ] GC(713)   Evacuate Collection Set: 51.50ms
[330.199s][info][gc,phases   ] GC(713)   Post Evacuate Collection Set: 0.48ms
[330.199s][info][gc,phases   ] GC(713)   Other: 0.07ms
[330.199s][info][gc,heap     ] GC(713) Eden regions: 68->0(65)
[330.199s][info][gc,heap     ] GC(713) Survivor regions: 9->10(10)
[330.199s][info][gc,heap     ] GC(713) Old regions: 245->249
[330.199s][info][gc,heap     ] GC(713) Humongous regions: 5->5
[330.199s][info][gc,metaspace] GC(713) Metaspace: 42684K(43072K)->42684K(43072K) NonClass: 39867K(40128K)->39867K(40128K) Class: 2817K(2944K)->2817K(2944K)
[330.199s][info][gc          ] GC(713) Pause Young (Mixed) (G1 Evacuation Pause) 326M->263M(427M) 53.045ms
[330.199s][info][gc,cpu      ] GC(713) User=0.09s Sys=0.01s Real=0.05s
[330.487s][info][gc,start    ] GC(714) Pause Young (Mixed) (G1 Evacuation Pause)
[330.487s][info][gc,task     ] GC(714) Using 2 workers of 2 for evacuation
[330.512s][info][gc,phases   ] GC(714)   Pre Evacuate Collection Set: 0.21ms
[330.512s][info][gc,phases   ] GC(714)   Merge Heap Roots: 0.36ms
[330.512s][info][gc,phases   ] GC(714)   Evacuate Collection Set: 24.13ms
[330.512s][info][gc,phases   ] GC(714)   Post Evacuate Collection Set: 0.34ms
[330.512s][info][gc,phases   ] GC(714)   Other: 0.07ms
[330.512s][info][gc,heap     ] GC(714) Eden regions: 65->0(67)
[330.512s][info][gc,heap     ] GC(714) Survivor regions: 10->10(10)
[330.512s][info][gc,heap     ] GC(714) Old regions: 249->256
[330.512s][info][gc,heap     ] GC(714) Humongous regions: 6->6
[330.512s][info][gc,metaspace] GC(714) Metaspace: 42684K(43072K)->42684K(43072K) NonClass: 39867K(40128K)->39867K(40128K) Class: 2817K(2944K)->2817K(2944K)
[330.513s][info][gc          ] GC(714) Pause Young (Mixed) (G1 Evacuation Pause) 329M->271M(427M) 25.320ms
[330.513s][info][gc,cpu      ] GC(714) User=0.05s Sys=0.00s Real=0.03s
[330.724s][info][gc,start    ] GC(715) Pause Young (Concurrent Start) (G1 Evacuation Pause)
[330.724s][info][gc,task     ] GC(715) Using 2 workers of 2 for evacuation
[330.736s][info][gc,phases   ] GC(715)   Pre Evacuate Collection Set: 0.22ms
[330.736s][info][gc,phases   ] GC(715)   Merge Heap Roots: 0.10ms
[330.736s][info][gc,phases   ] GC(715)   Evacuate Collection Set: 9.23ms
[330.736s][info][gc,phases   ] GC(715)   Post Evacuate Collection Set: 1.71ms
[330.736s][info][gc,phases   ] GC(715)   Other: 0.15ms
[330.736s][info][gc,heap     ] GC(715) Eden regions: 67->0(158)
[330.736s][info][gc,heap     ] GC(715) Survivor regions: 10->5(10)
[330.736s][info][gc,heap     ] GC(715) Old regions: 256->265
[330.736s][info][gc,heap     ] GC(715) Humongous regions: 6->6
[330.736s][info][gc,metaspace] GC(715) Metaspace: 42684K(43072K)->42684K(43072K) NonClass: 39867K(40128K)->39867K(40128K) Class: 2817K(2944K)->2817K(2944K)
[330.736s][info][gc          ] GC(715) Pause Young (Concurrent Start) (G1 Evacuation Pause) 338M->274M(634M) 11.609ms
[330.736s][info][gc,cpu      ] GC(715) User=0.02s Sys=0.00s Real=0.01s
[330.736s][info][gc          ] GC(716) Concurrent Mark Cycle
[330.736s][info][gc,marking  ] GC(716) Concurrent Scan Root Regions
[330.741s][info][gc,marking  ] GC(716) Concurrent Scan Root Regions 5.372ms
[330.741s][info][gc,marking  ] GC(716) Concurrent Mark
[330.741s][info][gc,marking  ] GC(716) Concurrent Mark From Roots
[330.741s][info][gc,task     ] GC(716) Using 1 workers of 1 for marking
[330.824s][info][gc,marking  ] GC(716) Concurrent Mark From Roots 83.099ms
[330.824s][info][gc,marking  ] GC(716) Concurrent Preclean
[330.824s][info][gc,marking  ] GC(716) Concurrent Preclean 0.040ms
[330.825s][info][gc,start    ] GC(716) Pause Remark
[330.840s][info][gc          ] GC(716) Pause Remark 297M->196M(584M) 15.040ms
[330.840s][info][gc,cpu      ] GC(716) User=0.03s Sys=0.00s Real=0.01s
[330.842s][info][gc,marking  ] GC(716) Concurrent Mark 100.876ms
[330.842s][info][gc,marking  ] GC(716) Concurrent Rebuild Remembered Sets and Scrub Regions
[330.878s][info][gc,marking  ] GC(716) Concurrent Rebuild Remembered Sets and Scrub Regions 35.666ms
[330.878s][info][gc,start    ] GC(716) Pause Cleanup
[330.878s][info][gc          ] GC(716) Pause Cleanup 203M->203M(584M) 0.084ms
[330.878s][info][gc,cpu      ] GC(716) User=0.00s Sys=0.00s Real=0.00s
[330.878s][info][gc,marking  ] GC(716) Concurrent Clear Claimed Marks
[330.878s][info][gc,marking  ] GC(716) Concurrent Clear Claimed Marks 0.048ms
[330.878s][info][gc,marking  ] GC(716) Concurrent Cleanup for Next Mark
[330.881s][info][gc,marking  ] GC(716) Concurrent Cleanup for Next Mark 3.164ms
[330.881s][info][gc          ] GC(716) Concurrent Mark Cycle 145.519ms
[331.394s][info][gc,start    ] GC(717) Pause Young (Prepare Mixed) (G1 Evacuation Pause)
[331.394s][info][gc,task     ] GC(717) Using 2 workers of 2 for evacuation
[331.421s][info][gc,phases   ] GC(717)   Pre Evacuate Collection Set: 0.38ms
[331.421s][info][gc,phases   ] GC(717)   Merge Heap Roots: 0.10ms
[331.421s][info][gc,phases   ] GC(717)   Evacuate Collection Set: 26.18ms
[331.421s][info][gc,phases   ] GC(717)   Post Evacuate Collection Set: 0.47ms
[331.421s][info][gc,phases   ] GC(717)   Other: 0.07ms
[331.421s][info][gc,heap     ] GC(717) Eden regions: 158->0(173)
[331.421s][info][gc,heap     ] GC(717) Survivor regions: 5->21(21)
[331.421s][info][gc,heap     ] GC(717) Old regions: 166->183
[331.421s][info][gc,heap     ] GC(717) Humongous regions: 5->5
[331.421s][info][gc,metaspace] GC(717) Metaspace: 42684K(43072K)->42684K(43072K) NonClass: 39867K(40128K)->39867K(40128K) Class: 2817K(2944K)->2817K(2944K)
[331.422s][info][gc          ] GC(717) Pause Young (Prepare Mixed) (G1 Evacuation Pause) 332M->208M(584M) 27.392ms
[331.422s][info][gc,cpu      ] GC(717) User=0.05s Sys=0.01s Real=0.03s
[332.016s][info][gc,start    ] GC(718) Pause Young (Mixed) (G1 Evacuation Pause)
[332.016s][info][gc,task     ] GC(718) Using 2 workers of 2 for evacuation
[332.048s][info][gc,phases   ] GC(718)   Pre Evacuate Collection Set: 0.32ms
[332.048s][info][gc,phases   ] GC(718)   Merge Heap Roots: 0.27ms
[332.048s][info][gc,phases   ] GC(718)   Evacuate Collection Set: 30.78ms
[332.048s][info][gc,phases   ] GC(718)   Post Evacuate Collection Set: 0.59ms
[332.048s][info][gc,phases   ] GC(718)   Other: 0.13ms
[332.048s][info][gc,heap     ] GC(718) Eden regions: 173->0(216)
[332.048s][info][gc,heap     ] GC(718) Survivor regions: 21->17(25)
[332.048s][info][gc,heap     ] GC(718) Old regions: 183->129
[332.048s][info][gc,heap     ] GC(718) Humongous regions: 6->4
[332.048s][info][gc,metaspace] GC(718) Metaspace: 42684K(43072K)->42684K(43072K) NonClass: 39867K(40128K)->39867K(40128K) Class: 2817K(2944K)->2817K(2944K)
[332.048s][info][gc          ] GC(718) Pause Young (Mixed) (G1 Evacuation Pause) 382M->148M(584M) 32.308ms
[332.048s][info][gc,cpu      ] GC(718) User=0.05s Sys=0.02s Real=0.03s
[332.719s][info][gc,start    ] GC(719) Pause Young (Mixed) (G1 Evacuation Pause)
[332.719s][info][gc,task     ] GC(719) Using 2 workers of 2 for evacuation
[332.748s][info][gc,phases   ] GC(719)   Pre Evacuate Collection Set: 0.35ms
[332.748s][info][gc,phases   ] GC(719)   Merge Heap Roots: 0.19ms
[332.748s][info][gc,phases   ] GC(719)   Evacuate Collection Set: 28.08ms
[332.748s][info][gc,phases   ] GC(719)   Post Evacuate Collection Set: 0.51ms
[332.748s][info][gc,phases   ] GC(719)   Other: 0.08ms
[332.748s][info][gc,heap     ] GC(719) Eden regions: 216->0(230)
[332.748s][info][gc,heap     ] GC(719) Survivor regions: 17->23(30)
[332.748s][info][gc,heap     ] GC(719) Old regions: 129->125
[332.748s][info][gc,heap     ] GC(719) Humongous regions: 6->4
[332.748s][info][gc,metaspace] GC(719) Metaspace: 42684K(43072K)->42684K(43072K) NonClass: 39867K(40128K)->39867K(40128K) Class: 2817K(2944K)->2817K(2944K)
[332.748s][info][gc          ] GC(719) Pause Young (Mixed) (G1 Evacuation Pause) 366M->150M(584M) 29.414ms
[332.748s][info][gc,cpu      ] GC(719) User=0.05s Sys=0.01s Real=0.03s
[333.467s][info][gc,start    ] GC(720) Pause Young (Normal) (G1 Evacuation Pause)
[333.467s][info][gc,task     ] GC(720) Using 2 workers of 2 for evacuation
[333.488s][info][gc,phases   ] GC(720)   Pre Evacuate Collection Set: 0.25ms
[333.488s][info][gc,phases   ] GC(720)   Merge Heap Roots: 0.09ms
[333.488s][info][gc,phases   ] GC(720)   Evacuate Collection Set: 20.60ms
[333.488s][info][gc,phases   ] GC(720)   Post Evacuate Collection Set: 0.48ms
[333.488s][info][gc,phases   ] GC(720)   Other: 0.09ms
[333.488s][info][gc,heap     ] GC(720) Eden regions: 230->0(235)
[333.488s][info][gc,heap     ] GC(720) Survivor regions: 23->32(32)
[333.488s][info][gc,heap     ] GC(720) Old regions: 125->127
[333.488s][info][gc,heap     ] GC(720) Humongous regions: 6->4
[333.488s][info][gc,metaspace] GC(720) Metaspace: 42684K(43072K)->42684K(43072K) NonClass: 39867K(40128K)->39867K(40128K) Class: 2817K(2944K)->2817K(2944K)
[333.488s][info][gc          ] GC(720) Pause Young (Normal) (G1 Evacuation Pause) 382M->162M(584M) 21.699ms
[333.488s][info][gc,cpu      ] GC(720) User=0.04s Sys=0.01s Real=0.02s
[333.545s][info][gc,start    ] GC(721) Pause Young (Concurrent Start) (G1 Humongous Allocation)
[333.545s][info][gc,task     ] GC(721) Using 2 workers of 2 for evacuation
[333.560s][info][gc,phases   ] GC(721)   Pre Evacuate Collection Set: 0.28ms
[333.560s][info][gc,phases   ] GC(721)   Merge Heap Roots: 0.05ms
[333.560s][info][gc,phases   ] GC(721)   Evacuate Collection Set: 14.40ms
[333.560s][info][gc,phases   ] GC(721)   Post Evacuate Collection Set: 0.34ms
[333.560s][info][gc,phases   ] GC(721)   Other: 0.11ms
[333.560s][info][gc,heap     ] GC(721) Eden regions: 20->0(245)
[333.560s][info][gc,heap     ] GC(721) Survivor regions: 32->4(34)
[333.560s][info][gc,heap     ] GC(721) Old regions: 127->149
[333.560s][info][gc,heap     ] GC(721) Humongous regions: 4->4
[333.560s][info][gc,metaspace] GC(721) Metaspace: 42684K(43072K)->42684K(43072K) NonClass: 39867K(40128K)->39867K(40128K) Class: 2817K(2944K)->2817K(2944K)
[333.560s][info][gc          ] GC(721) Pause Young (Concurrent Start) (G1 Humongous Allocation) 182M->155M(584M) 15.384ms
[333.560s][info][gc,cpu      ] GC(721) User=0.03s Sys=0.00s Real=0.01s
[333.560s][info][gc          ] GC(722) Concurrent Mark Cycle
[333.560s][info][gc,marking  ] GC(722) Concurrent Scan Root Regions
[333.569s][info][gc,marking  ] GC(722) Concurrent Scan Root Regions 9.151ms
[333.569s][info][gc,marking  ] GC(722) Concurrent Mark
[333.569s][info][gc,marking  ] GC(722) Concurrent Mark From Roots
[333.569s][info][gc,task     ] GC(722) Using 1 workers of 1 for marking
[333.647s][info][gc,marking  ] GC(722) Concurrent Mark From Roots 77.322ms
[333.647s][info][gc,marking  ] GC(722) Concurrent Preclean
[333.647s][info][gc,marking  ] GC(722) Concurrent Preclean 0.041ms
[333.647s][info][gc,start    ] GC(722) Pause Remark
[333.662s][info][gc          ] GC(722) Pause Remark 178M->141M(404M) 14.480ms
[333.662s][info][gc,cpu      ] GC(722) User=0.02s Sys=0.00s Real=0.02s
[333.662s][info][gc,marking  ] GC(722) Concurrent Mark 92.110ms
[333.662s][info][gc,marking  ] GC(722) Concurrent Rebuild Remembered Sets and Scrub Regions
[333.701s][info][gc,marking  ] GC(722) Concurrent Rebuild Remembered Sets and Scrub Regions 39.783ms
[333.702s][info][gc,start    ] GC(722) Pause Cleanup
[333.702s][info][gc          ] GC(722) Pause Cleanup 154M->154M(404M) 0.052ms
[333.702s][info][gc,cpu      ] GC(722) User=0.00s Sys=0.00s Real=0.00s
[333.702s][info][gc,marking  ] GC(722) Concurrent Clear Claimed Marks
[333.702s][info][gc,marking  ] GC(722) Concurrent Clear Claimed Marks 0.043ms
[333.702s][info][gc,marking  ] GC(722) Concurrent Cleanup for Next Mark
[333.703s][info][gc,marking  ] GC(722) Concurrent Cleanup for Next Mark 1.128ms
[333.703s][info][gc          ] GC(722) Concurrent Mark Cycle 142.596ms
[334.289s][info][gc,start    ] GC(723) Pause Young (Prepare Mixed) (G1 Evacuation Pause)
[334.289s][info][gc,task     ] GC(723) Using 2 workers of 2 for evacuation
[334.332s][info][gc,phases   ] GC(723)   Pre Evacuate Collection Set: 0.20ms
[334.332s][info][gc,phases   ] GC(723)   Merge Heap Roots: 0.16ms
[334.332s][info][gc,phases   ] GC(723)   Evacuate Collection Set: 41.98ms
[334.332s][info][gc,phases   ] GC(723)   Post Evacuate Collection Set: 0.55ms
[334.332s][info][gc,phases   ] GC(723)   Other: 0.08ms
[334.332s][info][gc,heap     ] GC(723) Eden regions: 238->0(142)
[334.332s][info][gc,heap     ] GC(723) Survivor regions: 4->31(31)
[334.332s][info][gc,heap     ] GC(723) Old regions: 113->137
[334.332s][info][gc,heap     ] GC(723) Humongous regions: 7->5
[334.332s][info][gc,metaspace] GC(723) Metaspace: 42684K(43072K)->42684K(43072K) NonClass: 39867K(40128K)->39867K(40128K) Class: 2817K(2944K)->2817K(2944K)
[334.332s][info][gc          ] GC(723) Pause Young (Prepare Mixed) (G1 Evacuation Pause) 360M->171M(417M) 43.220ms
[334.332s][info][gc,cpu      ] GC(723) User=0.07s Sys=0.01s Real=0.05s
[334.724s][info][gc,start    ] GC(724) Pause Young (Mixed) (G1 Evacuation Pause)
[334.724s][info][gc,task     ] GC(724) Using 2 workers of 2 for evacuation
[334.749s][info][gc,phases   ] GC(724)   Pre Evacuate Collection Set: 0.20ms
[334.749s][info][gc,phases   ] GC(724)   Merge Heap Roots: 0.29ms
[334.749s][info][gc,phases   ] GC(724)   Evacuate Collection Set: 24.54ms
[334.749s][info][gc,phases   ] GC(724)   Post Evacuate Collection Set: 0.42ms
[334.749s][info][gc,phases   ] GC(724)   Other: 0.07ms
[334.749s][info][gc,heap     ] GC(724) Eden regions: 142->0(163)
[334.749s][info][gc,heap     ] GC(724) Survivor regions: 31->2(22)
[334.749s][info][gc,heap     ] GC(724) Old regions: 137->155
[334.749s][info][gc,heap     ] GC(724) Humongous regions: 5->5
[334.749s][info][gc,metaspace] GC(724) Metaspace: 42684K(43072K)->42684K(43072K) NonClass: 39867K(40128K)->39867K(40128K) Class: 2817K(2944K)->2817K(2944K)
[334.749s][info][gc          ] GC(724) Pause Young (Mixed) (G1 Evacuation Pause) 313M->161M(417M) 25.704ms
[334.749s][info][gc,cpu      ] GC(724) User=0.05s Sys=0.00s Real=0.02s
[335.083s][info][gc,start    ] GC(725) Pause Young (Concurrent Start) (G1 Humongous Allocation)
[335.083s][info][gc,task     ] GC(725) Using 2 workers of 2 for evacuation
[335.085s][info][gc,phases   ] GC(725)   Pre Evacuate Collection Set: 0.28ms
[335.085s][info][gc,phases   ] GC(725)   Merge Heap Roots: 0.06ms
[335.085s][info][gc,phases   ] GC(725)   Evacuate Collection Set: 1.70ms
[335.085s][info][gc,phases   ] GC(725)   Post Evacuate Collection Set: 0.36ms
[335.085s][info][gc,phases   ] GC(725)   Other: 0.10ms
[335.085s][info][gc,heap     ] GC(725) Eden regions: 114->0(176)
[335.085s][info][gc,heap     ] GC(725) Survivor regions: 2->2(21)
[335.085s][info][gc,heap     ] GC(725) Old regions: 155->155
[335.085s][info][gc,heap     ] GC(725) Humongous regions: 5->5
[335.085s][info][gc,metaspace] GC(725) Metaspace: 42684K(43072K)->42684K(43072K) NonClass: 39867K(40128K)->39867K(40128K) Class: 2817K(2944K)->2817K(2944K)
[335.085s][info][gc          ] GC(725) Pause Young (Concurrent Start) (G1 Humongous Allocation) 274M->161M(417M) 2.684ms
[335.085s][info][gc,cpu      ] GC(725) User=0.01s Sys=0.00s Real=0.00s
[335.085s][info][gc          ] GC(726) Concurrent Mark Cycle
[335.085s][info][gc,marking  ] GC(726) Concurrent Scan Root Regions
[335.086s][info][gc,marking  ] GC(726) Concurrent Scan Root Regions 0.894ms
[335.086s][info][gc,marking  ] GC(726) Concurrent Mark
[335.086s][info][gc,marking  ] GC(726) Concurrent Mark From Roots
[335.086s][info][gc,task     ] GC(726) Using 1 workers of 1 for marking
[335.167s][info][gc,marking  ] GC(726) Concurrent Mark From Roots 80.212ms
[335.167s][info][gc,marking  ] GC(726) Concurrent Preclean
[335.167s][info][gc,marking  ] GC(726) Concurrent Preclean 0.041ms
[335.167s][info][gc,start    ] GC(726) Pause Remark
[335.182s][info][gc          ] GC(726) Pause Remark 189M->126M(334M) 14.922ms
[335.182s][info][gc,cpu      ] GC(726) User=0.03s Sys=0.00s Real=0.02s
[335.184s][info][gc,marking  ] GC(726) Concurrent Mark 97.721ms
[335.184s][info][gc,marking  ] GC(726) Concurrent Rebuild Remembered Sets and Scrub Regions
[335.217s][info][gc,marking  ] GC(726) Concurrent Rebuild Remembered Sets and Scrub Regions 32.477ms
[335.217s][info][gc,start    ] GC(726) Pause Cleanup
[335.217s][info][gc          ] GC(726) Pause Cleanup 138M->138M(334M) 0.062ms
[335.217s][info][gc,cpu      ] GC(726) User=0.00s Sys=0.00s Real=0.00s
[335.217s][info][gc,marking  ] GC(726) Concurrent Clear Claimed Marks
[335.217s][info][gc,marking  ] GC(726) Concurrent Clear Claimed Marks 0.035ms
[335.217s][info][gc,marking  ] GC(726) Concurrent Cleanup for Next Mark
[335.218s][info][gc,marking  ] GC(726) Concurrent Cleanup for Next Mark 0.993ms
[335.218s][info][gc          ] GC(726) Concurrent Mark Cycle 132.366ms
[335.629s][info][gc,start    ] GC(727) Pause Young (Prepare Mixed) (G1 Evacuation Pause)
[335.629s][info][gc,task     ] GC(727) Using 2 workers of 2 for evacuation
[335.633s][info][gc,phases   ] GC(727)   Pre Evacuate Collection Set: 0.18ms
[335.633s][info][gc,phases   ] GC(727)   Merge Heap Roots: 0.07ms
[335.633s][info][gc,phases   ] GC(727)   Evacuate Collection Set: 3.15ms
[335.633s][info][gc,phases   ] GC(727)   Post Evacuate Collection Set: 0.42ms
[335.633s][info][gc,phases   ] GC(727)   Other: 0.07ms
[335.633s][info][gc,heap     ] GC(727) Eden regions: 176->0(172)
[335.633s][info][gc,heap     ] GC(727) Survivor regions: 2->4(23)
[335.633s][info][gc,heap     ] GC(727) Old regions: 94->94
[335.633s][info][gc,heap     ] GC(727) Humongous regions: 4->1
[335.633s][info][gc,metaspace] GC(727) Metaspace: 42684K(43072K)->42684K(43072K) NonClass: 39867K(40128K)->39867K(40128K) Class: 2817K(2944K)->2817K(2944K)
[335.633s][info][gc          ] GC(727) Pause Young (Prepare Mixed) (G1 Evacuation Pause) 275M->98M(334M) 4.066ms
[335.633s][info][gc,cpu      ] GC(727) User=0.01s Sys=0.00s Real=0.01s
[335.902s][info][gc,start    ] GC(728) Pause Young (Mixed) (G1 Evacuation Pause)
[335.902s][info][gc,task     ] GC(728) Using 2 workers of 2 for evacuation
[335.911s][info][gc,phases   ] GC(728)   Pre Evacuate Collection Set: 0.20ms
[335.911s][info][gc,phases   ] GC(728)   Merge Heap Roots: 0.08ms
[335.911s][info][gc,phases   ] GC(728)   Evacuate Collection Set: 8.10ms
[335.911s][info][gc,phases   ] GC(728)   Post Evacuate Collection Set: 0.45ms
[335.911s][info][gc,phases   ] GC(728)   Other: 0.07ms
[335.911s][info][gc,heap     ] GC(728) Eden regions: 172->0(193)
[335.911s][info][gc,heap     ] GC(728) Survivor regions: 4->5(22)
[335.911s][info][gc,heap     ] GC(728) Old regions: 94->73
[335.911s][info][gc,heap     ] GC(728) Humongous regions: 1->1
[335.911s][info][gc,metaspace] GC(728) Metaspace: 42684K(43072K)->42684K(43072K) NonClass: 39867K(40128K)->39867K(40128K) Class: 2817K(2944K)->2817K(2944K)
[335.911s][info][gc          ] GC(728) Pause Young (Mixed) (G1 Evacuation Pause) 270M->77M(334M) 9.102ms
[335.911s][info][gc,cpu      ] GC(728) User=0.02s Sys=0.00s Real=0.00s
[336.209s][info][gc,start    ] GC(729) Pause Young (Concurrent Start) (G1 Evacuation Pause)
[336.209s][info][gc,task     ] GC(729) Using 2 workers of 2 for evacuation
[336.213s][info][gc,phases   ] GC(729)   Pre Evacuate Collection Set: 0.19ms
[336.213s][info][gc,phases   ] GC(729)   Merge Heap Roots: 0.07ms
[336.213s][info][gc,phases   ] GC(729)   Evacuate Collection Set: 3.03ms
[336.213s][info][gc,phases   ] GC(729)   Post Evacuate Collection Set: 0.44ms
[336.213s][info][gc,phases   ] GC(729)   Other: 0.09ms
[336.213s][info][gc,heap     ] GC(729) Eden regions: 193->0(195)
[336.213s][info][gc,heap     ] GC(729) Survivor regions: 5->5(25)
[336.213s][info][gc,heap     ] GC(729) Old regions: 73->73
[336.213s][info][gc,heap     ] GC(729) Humongous regions: 1->1
[336.213s][info][gc,metaspace] GC(729) Metaspace: 42684K(43072K)->42684K(43072K) NonClass: 39867K(40128K)->39867K(40128K) Class: 2817K(2944K)->2817K(2944K)
[336.213s][info][gc          ] GC(729) Pause Young (Concurrent Start) (G1 Evacuation Pause) 270M->77M(334M) 3.991ms
[336.213s][info][gc          ] GC(730) Concurrent Mark Cycle
[336.213s][info][gc,marking  ] GC(730) Concurrent Scan Root Regions
[336.214s][info][gc,cpu      ] GC(729) User=0.01s Sys=0.00s Real=0.01s
[336.216s][info][gc,marking  ] GC(730) Concurrent Scan Root Regions 2.220ms
[336.216s][info][gc,marking  ] GC(730) Concurrent Mark
[336.216s][info][gc,marking  ] GC(730) Concurrent Mark From Roots
[336.216s][info][gc,task     ] GC(730) Using 1 workers of 1 for marking
[336.291s][info][gc,marking  ] GC(730) Concurrent Mark From Roots 75.429ms
[336.291s][info][gc,marking  ] GC(730) Concurrent Preclean
[336.291s][info][gc,marking  ] GC(730) Concurrent Preclean 0.033ms
[336.291s][info][gc,start    ] GC(730) Pause Remark
[336.306s][info][gc          ] GC(730) Pause Remark 126M->122M(256M) 14.359ms
[336.306s][info][gc,cpu      ] GC(730) User=0.03s Sys=0.00s Real=0.01s
[336.306s][info][gc,marking  ] GC(730) Concurrent Mark 90.054ms
[336.306s][info][gc,marking  ] GC(730) Concurrent Rebuild Remembered Sets and Scrub Regions
[336.339s][info][gc,marking  ] GC(730) Concurrent Rebuild Remembered Sets and Scrub Regions 32.901ms
[336.339s][info][gc,start    ] GC(730) Pause Cleanup
[336.339s][info][gc          ] GC(730) Pause Cleanup 140M->140M(256M) 0.045ms
[336.339s][info][gc,cpu      ] GC(730) User=0.00s Sys=0.00s Real=0.00s
[336.339s][info][gc,marking  ] GC(730) Concurrent Clear Claimed Marks
[336.339s][info][gc,marking  ] GC(730) Concurrent Clear Claimed Marks 0.035ms
[336.339s][info][gc,marking  ] GC(730) Concurrent Cleanup for Next Mark
[336.340s][info][gc,marking  ] GC(730) Concurrent Cleanup for Next Mark 0.724ms
[336.340s][info][gc          ] GC(730) Concurrent Mark Cycle 126.239ms
[336.710s][info][gc,start    ] GC(731) Pause Young (Prepare Mixed) (G1 Evacuation Pause)
[336.710s][info][gc,task     ] GC(731) Using 2 workers of 2 for evacuation
[336.720s][info][gc,phases   ] GC(731)   Pre Evacuate Collection Set: 0.20ms
[336.720s][info][gc,phases   ] GC(731)   Merge Heap Roots: 0.07ms
[336.720s][info][gc,phases   ] GC(731)   Evacuate Collection Set: 9.54ms
[336.720s][info][gc,phases   ] GC(731)   Post Evacuate Collection Set: 0.61ms
[336.720s][info][gc,phases   ] GC(731)   Other: 0.09ms
[336.720s][info][gc,heap     ] GC(731) Eden regions: 129->0(204)
[336.720s][info][gc,heap     ] GC(731) Survivor regions: 5->8(24)
[336.720s][info][gc,heap     ] GC(731) Old regions: 69->69
[336.720s][info][gc,heap     ] GC(731) Humongous regions: 143->3
[336.720s][info][gc,metaspace] GC(731) Metaspace: 42684K(43072K)->42684K(43072K) NonClass: 39867K(40128K)->39867K(40128K) Class: 2817K(2944K)->2817K(2944K)
[336.720s][info][gc          ] GC(731) Pause Young (Prepare Mixed) (G1 Evacuation Pause) 344M->78M(354M) 10.712ms
[336.720s][info][gc,cpu      ] GC(731) User=0.02s Sys=0.00s Real=0.01s
[337.222s][info][gc,start    ] GC(732) Pause Young (Mixed) (G1 Evacuation Pause)
[337.222s][info][gc,task     ] GC(732) Using 2 workers of 2 for evacuation
[337.243s][info][gc,phases   ] GC(732)   Pre Evacuate Collection Set: 0.26ms
[337.243s][info][gc,phases   ] GC(732)   Merge Heap Roots: 0.19ms
[337.243s][info][gc,phases   ] GC(732)   Evacuate Collection Set: 18.72ms
[337.243s][info][gc,phases   ] GC(732)   Post Evacuate Collection Set: 1.17ms
[337.243s][info][gc,phases   ] GC(732)   Other: 0.09ms
[337.243s][info][gc,heap     ] GC(732) Eden regions: 52->0(274)
[337.243s][info][gc,heap     ] GC(732) Survivor regions: 8->11(29)
[337.243s][info][gc,heap     ] GC(732) Old regions: 69->61
[337.243s][info][gc,heap     ] GC(732) Humongous regions: 333->1
[337.243s][info][gc,metaspace] GC(732) Metaspace: 42684K(43072K)->42684K(43072K) NonClass: 39867K(40128K)->39867K(40128K) Class: 2817K(2944K)->2817K(2944K)
[337.243s][info][gc          ] GC(732) Pause Young (Mixed) (G1 Evacuation Pause) 460M->71M(475M) 20.628ms
[337.243s][info][gc,cpu      ] GC(732) User=0.04s Sys=0.01s Real=0.02s
[337.271s][info][gc,start    ] GC(733) Pause Young (Concurrent Start) (G1 Humongous Allocation)
[337.272s][info][gc,task     ] GC(733) Using 2 workers of 2 for evacuation
[337.281s][info][gc,phases   ] GC(733)   Pre Evacuate Collection Set: 0.23ms
[337.281s][info][gc,phases   ] GC(733)   Merge Heap Roots: 0.05ms
[337.281s][info][gc,phases   ] GC(733)   Evacuate Collection Set: 8.53ms
[337.281s][info][gc,phases   ] GC(733)   Post Evacuate Collection Set: 0.61ms
[337.281s][info][gc,phases   ] GC(733)   Other: 0.15ms
[337.281s][info][gc,heap     ] GC(733) Eden regions: 4->0(257)
[337.281s][info][gc,heap     ] GC(733) Survivor regions: 11->12(36)
[337.281s][info][gc,heap     ] GC(733) Old regions: 61->61
[337.281s][info][gc,heap     ] GC(733) Humongous regions: 19->1
[337.281s][info][gc,metaspace] GC(733) Metaspace: 42684K(43072K)->42684K(43072K) NonClass: 39867K(40128K)->39867K(40128K) Class: 2817K(2944K)->2817K(2944K)
[337.281s][info][gc          ] GC(733) Pause Young (Concurrent Start) (G1 Humongous Allocation) 93M->72M(475M) 9.790ms
[337.281s][info][gc,cpu      ] GC(733) User=0.02s Sys=0.00s Real=0.01s
[337.281s][info][gc          ] GC(734) Concurrent Undo Cycle
[337.281s][info][gc,marking  ] GC(734) Concurrent Clear Claimed Marks
[337.281s][info][gc,marking  ] GC(734) Concurrent Clear Claimed Marks 0.039ms
[337.281s][info][gc,marking  ] GC(734) Concurrent Cleanup for Next Mark
[337.282s][info][gc,marking  ] GC(734) Concurrent Cleanup for Next Mark 0.253ms
[337.282s][info][gc          ] GC(734) Concurrent Undo Cycle 0.372ms
[337.284s][info][gc,start    ] GC(735) Pause Young (Concurrent Start) (G1 Humongous Allocation)
[337.284s][info][gc,task     ] GC(735) Using 2 workers of 2 for evacuation
[337.293s][info][gc,phases   ] GC(735)   Pre Evacuate Collection Set: 0.21ms
[337.293s][info][gc,phases   ] GC(735)   Merge Heap Roots: 0.05ms
[337.293s][info][gc,phases   ] GC(735)   Evacuate Collection Set: 8.27ms
[337.293s][info][gc,phases   ] GC(735)   Post Evacuate Collection Set: 0.48ms
[337.293s][info][gc,phases   ] GC(735)   Other: 0.08ms
[337.293s][info][gc,heap     ] GC(735) Eden regions: 1->0(273)
[337.293s][info][gc,heap     ] GC(735) Survivor regions: 12->12(34)
[337.293s][info][gc,heap     ] GC(735) Old regions: 61->61
[337.293s][info][gc,heap     ] GC(735) Humongous regions: 3->1
[337.293s][info][gc,metaspace] GC(735) Metaspace: 42684K(43072K)->42684K(43072K) NonClass: 39867K(40128K)->39867K(40128K) Class: 2817K(2944K)->2817K(2944K)
[337.293s][info][gc          ] GC(735) Pause Young (Concurrent Start) (G1 Humongous Allocation) 74M->72M(475M) 9.229ms
[337.293s][info][gc,cpu      ] GC(735) User=0.02s Sys=0.00s Real=0.01s
[337.293s][info][gc          ] GC(736) Concurrent Mark Cycle
[337.293s][info][gc,marking  ] GC(736) Concurrent Scan Root Regions
[337.299s][info][gc,marking  ] GC(736) Concurrent Scan Root Regions 5.916ms
[337.299s][info][gc,marking  ] GC(736) Concurrent Mark
[337.299s][info][gc,marking  ] GC(736) Concurrent Mark From Roots
[337.299s][info][gc,task     ] GC(736) Using 1 workers of 1 for marking
[337.370s][info][gc,marking  ] GC(736) Concurrent Mark From Roots 70.187ms
[337.370s][info][gc,marking  ] GC(736) Concurrent Preclean
[337.370s][info][gc,marking  ] GC(736) Concurrent Preclean 0.037ms
[337.370s][info][gc,start    ] GC(736) Pause Remark
[337.384s][info][gc          ] GC(736) Pause Remark 135M->135M(427M) 14.661ms
[337.384s][info][gc,cpu      ] GC(736) User=0.03s Sys=0.00s Real=0.02s
[337.385s][info][gc,marking  ] GC(736) Concurrent Mark 85.197ms
[337.385s][info][gc,marking  ] GC(736) Concurrent Rebuild Remembered Sets and Scrub Regions
[337.412s][info][gc,marking  ] GC(736) Concurrent Rebuild Remembered Sets and Scrub Regions 27.168ms
[337.412s][info][gc,start    ] GC(736) Pause Cleanup
[337.412s][info][gc          ] GC(736) Pause Cleanup 154M->154M(427M) 0.058ms
[337.412s][info][gc,cpu      ] GC(736) User=0.00s Sys=0.00s Real=0.00s
[337.412s][info][gc,marking  ] GC(736) Concurrent Clear Claimed Marks
[337.412s][info][gc,marking  ] GC(736) Concurrent Clear Claimed Marks 0.039ms
[337.412s][info][gc,marking  ] GC(736) Concurrent Cleanup for Next Mark
[337.415s][info][gc,marking  ] GC(736) Concurrent Cleanup for Next Mark 2.822ms
[337.415s][info][gc          ] GC(736) Concurrent Mark Cycle 121.474ms
[337.891s][info][gc,start    ] GC(737) Pause Young (Prepare Mixed) (G1 Evacuation Pause)
[337.891s][info][gc,task     ] GC(737) Using 2 workers of 2 for evacuation
[337.917s][info][gc,phases   ] GC(737)   Pre Evacuate Collection Set: 0.27ms
[337.917s][info][gc,phases   ] GC(737)   Merge Heap Roots: 0.09ms
[337.917s][info][gc,phases   ] GC(737)   Evacuate Collection Set: 24.64ms
[337.917s][info][gc,phases   ] GC(737)   Post Evacuate Collection Set: 0.81ms
[337.917s][info][gc,phases   ] GC(737)   Other: 0.10ms
[337.917s][info][gc,heap     ] GC(737) Eden regions: 67->0(298)
[337.917s][info][gc,heap     ] GC(737) Survivor regions: 12->20(37)
[337.917s][info][gc,heap     ] GC(737) Old regions: 61->61
[337.917s][info][gc,heap     ] GC(737) Humongous regions: 371->3
[337.917s][info][gc,metaspace] GC(737) Metaspace: 42684K(43072K)->42684K(43072K) NonClass: 39867K(40128K)->39867K(40128K) Class: 2817K(2944K)->2817K(2944K)
[337.917s][info][gc          ] GC(737) Pause Young (Prepare Mixed) (G1 Evacuation Pause) 509M->82M(531M) 26.112ms
[337.917s][info][gc,cpu      ] GC(737) User=0.04s Sys=0.01s Real=0.02s
[338.600s][info][gc,start    ] GC(738) Pause Young (Mixed) (G1 Evacuation Pause)
[338.600s][info][gc,task     ] GC(738) Using 2 workers of 2 for evacuation
[338.645s][info][gc,phases   ] GC(738)   Pre Evacuate Collection Set: 0.29ms
[338.645s][info][gc,phases   ] GC(738)   Merge Heap Roots: 0.08ms
[338.645s][info][gc,phases   ] GC(738)   Evacuate Collection Set: 43.22ms
[338.645s][info][gc,phases   ] GC(738)   Post Evacuate Collection Set: 0.96ms
[338.645s][info][gc,phases   ] GC(738)   Other: 0.07ms
[338.645s][info][gc,heap     ] GC(738) Eden regions: 85->0(351)
[338.645s][info][gc,heap     ] GC(738) Survivor regions: 20->31(42)
[338.645s][info][gc,heap     ] GC(738) Old regions: 61->57
[338.645s][info][gc,heap     ] GC(738) Humongous regions: 439->3
[338.645s][info][gc,metaspace] GC(738) Metaspace: 42684K(43072K)->42684K(43072K) NonClass: 39867K(40128K)->39867K(40128K) Class: 2817K(2944K)->2817K(2944K)
[338.645s][info][gc          ] GC(738) Pause Young (Mixed) (G1 Evacuation Pause) 603M->90M(638M) 44.811ms
[338.645s][info][gc,cpu      ] GC(738) User=0.07s Sys=0.01s Real=0.05s
[339.246s][info][gc,start    ] GC(739) Pause Young (Concurrent Start) (G1 Humongous Allocation)
[339.246s][info][gc,task     ] GC(739) Using 2 workers of 2 for evacuation
[339.256s][info][gc,phases   ] GC(739)   Pre Evacuate Collection Set: 0.33ms
[339.256s][info][gc,phases   ] GC(739)   Merge Heap Roots: 0.08ms
[339.256s][info][gc,phases   ] GC(739)   Evacuate Collection Set: 8.46ms
[339.256s][info][gc,phases   ] GC(739)   Post Evacuate Collection Set: 0.70ms
[339.256s][info][gc,phases   ] GC(739)   Other: 0.13ms
[339.256s][info][gc,heap     ] GC(739) Eden regions: 198->0(375)
[339.256s][info][gc,heap     ] GC(739) Survivor regions: 31->7(48)
[339.256s][info][gc,heap     ] GC(739) Old regions: 57->60
[339.256s][info][gc,heap     ] GC(739) Humongous regions: 87->1
[339.256s][info][gc,metaspace] GC(739) Metaspace: 42729K(43072K)->42729K(43072K) NonClass: 39911K(40128K)->39911K(40128K) Class: 2817K(2944K)->2817K(2944K)
[339.256s][info][gc          ] GC(739) Pause Young (Concurrent Start) (G1 Humongous Allocation) 372M->67M(638M) 9.893ms
[339.256s][info][gc,cpu      ] GC(739) User=0.02s Sys=0.00s Real=0.01s
[339.256s][info][gc          ] GC(740) Concurrent Undo Cycle
[339.256s][info][gc,marking  ] GC(740) Concurrent Clear Claimed Marks
[339.256s][info][gc,marking  ] GC(740) Concurrent Clear Claimed Marks 0.035ms
[339.256s][info][gc,marking  ] GC(740) Concurrent Cleanup for Next Mark
[339.256s][info][gc,marking  ] GC(740) Concurrent Cleanup for Next Mark 0.143ms
[339.256s][info][gc          ] GC(740) Concurrent Undo Cycle 0.217ms
[340.064s][info][gc,start    ] GC(741) Pause Young (Normal) (G1 Evacuation Pause)
[340.064s][info][gc,task     ] GC(741) Using 2 workers of 2 for evacuation
[340.070s][info][gc,phases   ] GC(741)   Pre Evacuate Collection Set: 0.26ms
[340.070s][info][gc,phases   ] GC(741)   Merge Heap Roots: 0.11ms
[340.070s][info][gc,phases   ] GC(741)   Evacuate Collection Set: 5.66ms
[340.070s][info][gc,phases   ] GC(741)   Post Evacuate Collection Set: 0.69ms
[340.070s][info][gc,phases   ] GC(741)   Other: 0.11ms
[340.071s][info][gc,heap     ] GC(741) Eden regions: 375->0(374)
[340.071s][info][gc,heap     ] GC(741) Survivor regions: 7->8(48)
[340.071s][info][gc,heap     ] GC(741) Old regions: 60->60
[340.071s][info][gc,heap     ] GC(741) Humongous regions: 3->1
[340.071s][info][gc,metaspace] GC(741) Metaspace: 42813K(43200K)->42813K(43200K) NonClass: 39995K(40256K)->39995K(40256K) Class: 2817K(2944K)->2817K(2944K)
[340.071s][info][gc          ] GC(741) Pause Young (Normal) (G1 Evacuation Pause) 444M->68M(638M) 7.054ms
[340.071s][info][gc,cpu      ] GC(741) User=0.02s Sys=0.00s Real=0.00s
[340.842s][info][gc,start    ] GC(742) Pause Young (Normal) (G1 Evacuation Pause)
[340.842s][info][gc,task     ] GC(742) Using 2 workers of 2 for evacuation
[340.850s][info][gc,phases   ] GC(742)   Pre Evacuate Collection Set: 0.26ms
[340.850s][info][gc,phases   ] GC(742)   Merge Heap Roots: 0.10ms
[340.850s][info][gc,phases   ] GC(742)   Evacuate Collection Set: 6.52ms
[340.850s][info][gc,phases   ] GC(742)   Post Evacuate Collection Set: 0.78ms
[340.850s][info][gc,phases   ] GC(742)   Other: 0.10ms
[340.850s][info][gc,heap     ] GC(742) Eden regions: 374->0(372)
[340.850s][info][gc,heap     ] GC(742) Survivor regions: 8->10(48)
[340.850s][info][gc,heap     ] GC(742) Old regions: 60->60
[340.850s][info][gc,heap     ] GC(742) Humongous regions: 1->1
[340.850s][info][gc,metaspace] GC(742) Metaspace: 42829K(43200K)->42829K(43200K) NonClass: 40012K(40256K)->40012K(40256K) Class: 2817K(2944K)->2817K(2944K)
[340.850s][info][gc          ] GC(742) Pause Young (Normal) (G1 Evacuation Pause) 442M->70M(638M) 7.969ms
[340.850s][info][gc,cpu      ] GC(742) User=0.02s Sys=0.00s Real=0.00s
[341.688s][info][gc,start    ] GC(743) Pause Young (Normal) (G1 Evacuation Pause)
[341.688s][info][gc,task     ] GC(743) Using 2 workers of 2 for evacuation
[341.698s][info][gc,phases   ] GC(743)   Pre Evacuate Collection Set: 0.36ms
[341.698s][info][gc,phases   ] GC(743)   Merge Heap Roots: 0.10ms
[341.698s][info][gc,phases   ] GC(743)   Evacuate Collection Set: 8.98ms
[341.698s][info][gc,phases   ] GC(743)   Post Evacuate Collection Set: 0.72ms
[341.698s][info][gc,phases   ] GC(743)   Other: 0.10ms
[341.698s][info][gc,heap     ] GC(743) Eden regions: 372->0(370)
[341.698s][info][gc,heap     ] GC(743) Survivor regions: 10->12(48)
[341.698s][info][gc,heap     ] GC(743) Old regions: 60->60
[341.698s][info][gc,heap     ] GC(743) Humongous regions: 1->1
[341.698s][info][gc,metaspace] GC(743) Metaspace: 42836K(43200K)->42836K(43200K) NonClass: 40018K(40256K)->40018K(40256K) Class: 2817K(2944K)->2817K(2944K)
[341.698s][info][gc          ] GC(743) Pause Young (Normal) (G1 Evacuation Pause) 442M->72M(638M) 10.461ms
[341.698s][info][gc,cpu      ] GC(743) User=0.02s Sys=0.00s Real=0.01s
[343.396s][info][gc,start    ] GC(744) Pause Young (Normal) (G1 Evacuation Pause)
[343.397s][info][gc,task     ] GC(744) Using 2 workers of 2 for evacuation
[343.423s][info][gc,phases   ] GC(744)   Pre Evacuate Collection Set: 0.26ms
[343.423s][info][gc,phases   ] GC(744)   Merge Heap Roots: 0.12ms
[343.423s][info][gc,phases   ] GC(744)   Evacuate Collection Set: 24.74ms
[343.423s][info][gc,phases   ] GC(744)   Post Evacuate Collection Set: 0.83ms
[343.423s][info][gc,phases   ] GC(744)   Other: 0.10ms
[343.423s][info][gc,heap     ] GC(744) Eden regions: 370->0(355)
[343.423s][info][gc,heap     ] GC(744) Survivor regions: 12->27(48)
[343.423s][info][gc,heap     ] GC(744) Old regions: 60->60
[343.423s][info][gc,heap     ] GC(744) Humongous regions: 13->3
[343.423s][info][gc,metaspace] GC(744) Metaspace: 42867K(43200K)->42867K(43200K) NonClass: 40049K(40256K)->40049K(40256K) Class: 2817K(2944K)->2817K(2944K)
[343.423s][info][gc          ] GC(744) Pause Young (Normal) (G1 Evacuation Pause) 454M->89M(638M) 26.249ms
[343.423s][info][gc,cpu      ] GC(744) User=0.04s Sys=0.00s Real=0.03s
[344.169s][info][gc,start    ] GC(745) Pause Young (Normal) (G1 Evacuation Pause)
[344.169s][info][gc,task     ] GC(745) Using 2 workers of 2 for evacuation
[344.239s][info][gc,phases   ] GC(745)   Pre Evacuate Collection Set: 0.24ms
[344.239s][info][gc,phases   ] GC(745)   Merge Heap Roots: 0.16ms
[344.239s][info][gc,phases   ] GC(745)   Evacuate Collection Set: 68.39ms
[344.239s][info][gc,phases   ] GC(745)   Post Evacuate Collection Set: 0.72ms
[344.239s][info][gc,phases   ] GC(745)   Other: 0.08ms
[344.239s][info][gc,heap     ] GC(745) Eden regions: 355->0(334)
[344.239s][info][gc,heap     ] GC(745) Survivor regions: 27->48(48)
[344.239s][info][gc,heap     ] GC(745) Old regions: 60->76
[344.239s][info][gc,heap     ] GC(745) Humongous regions: 6->6
[344.239s][info][gc,metaspace] GC(745) Metaspace: 42867K(43200K)->42867K(43200K) NonClass: 40049K(40256K)->40049K(40256K) Class: 2817K(2944K)->2817K(2944K)
[344.239s][info][gc          ] GC(745) Pause Young (Normal) (G1 Evacuation Pause) 447M->129M(638M) 69.815ms
[344.239s][info][gc,cpu      ] GC(745) User=0.13s Sys=0.00s Real=0.07s
[345.273s][info][gc,start    ] GC(746) Pause Young (Normal) (G1 Evacuation Pause)
[345.273s][info][gc,task     ] GC(746) Using 2 workers of 2 for evacuation
[345.407s][info][gc,phases   ] GC(746)   Pre Evacuate Collection Set: 0.38ms
[345.407s][info][gc,phases   ] GC(746)   Merge Heap Roots: 0.40ms
[345.407s][info][gc,phases   ] GC(746)   Evacuate Collection Set: 131.73ms
[345.407s][info][gc,phases   ] GC(746)   Post Evacuate Collection Set: 0.75ms
[345.407s][info][gc,phases   ] GC(746)   Other: 0.09ms
[345.407s][info][gc,heap     ] GC(746) Eden regions: 334->0(334)
[345.407s][info][gc,heap     ] GC(746) Survivor regions: 48->48(48)
[345.407s][info][gc,heap     ] GC(746) Old regions: 76->125
[345.407s][info][gc,heap     ] GC(746) Humongous regions: 13->12
[345.407s][info][gc,metaspace] GC(746) Metaspace: 42876K(43264K)->42876K(43264K) NonClass: 40058K(40320K)->40058K(40320K) Class: 2817K(2944K)->2817K(2944K)
[345.407s][info][gc          ] GC(746) Pause Young (Normal) (G1 Evacuation Pause) (Evacuation Failure: Pinned) 470M->184M(638M) 133.567ms
[345.407s][info][gc,cpu      ] GC(746) User=0.24s Sys=0.00s Real=0.13s
[345.456s][info][gc,start    ] GC(747) Pause Young (Concurrent Start) (G1 Humongous Allocation)
[345.456s][info][gc,task     ] GC(747) Using 2 workers of 2 for evacuation
[345.504s][info][gc,phases   ] GC(747)   Pre Evacuate Collection Set: 0.26ms
[345.504s][info][gc,phases   ] GC(747)   Merge Heap Roots: 0.13ms
[345.504s][info][gc,phases   ] GC(747)   Evacuate Collection Set: 47.19ms
[345.504s][info][gc,phases   ] GC(747)   Post Evacuate Collection Set: 0.43ms
[345.504s][info][gc,phases   ] GC(747)   Other: 0.13ms
[345.504s][info][gc,heap     ] GC(747) Eden regions: 5->0(273)
[345.504s][info][gc,heap     ] GC(747) Survivor regions: 48->4(48)
[345.504s][info][gc,heap     ] GC(747) Old regions: 125->173
[345.504s][info][gc,heap     ] GC(747) Humongous regions: 12->12
[345.504s][info][gc,metaspace] GC(747) Metaspace: 42876K(43264K)->42876K(43264K) NonClass: 40058K(40320K)->40058K(40320K) Class: 2817K(2944K)->2817K(2944K)
[345.504s][info][gc          ] GC(747) Pause Young (Concurrent Start) (G1 Humongous Allocation) 189M->188M(638M) 48.342ms
[345.504s][info][gc          ] GC(748) Concurrent Mark Cycle
[345.504s][info][gc,marking  ] GC(748) Concurrent Scan Root Regions
[345.505s][info][gc,cpu      ] GC(747) User=0.09s Sys=0.01s Real=0.05s
[345.597s][info][gc,marking  ] GC(748) Concurrent Scan Root Regions 92.660ms
[345.597s][info][gc,marking  ] GC(748) Concurrent Mark
[345.597s][info][gc,marking  ] GC(748) Concurrent Mark From Roots
[345.597s][info][gc,task     ] GC(748) Using 1 workers of 1 for marking
[345.809s][info][gc,marking  ] GC(748) Concurrent Mark From Roots 211.464ms
[345.809s][info][gc,marking  ] GC(748) Concurrent Preclean
[345.809s][info][gc,marking  ] GC(748) Concurrent Preclean 0.208ms
[345.810s][info][gc,start    ] GC(748) Pause Remark
[345.826s][info][gc          ] GC(748) Pause Remark 204M->192M(610M) 15.502ms
[345.826s][info][gc,cpu      ] GC(748) User=0.03s Sys=0.00s Real=0.02s
[345.826s][info][gc,marking  ] GC(748) Concurrent Mark 229.057ms
[345.826s][info][gc,marking  ] GC(748) Concurrent Rebuild Remembered Sets and Scrub Regions
[345.946s][info][gc,marking  ] GC(748) Concurrent Rebuild Remembered Sets and Scrub Regions 120.097ms
[345.947s][info][gc,start    ] GC(748) Pause Cleanup
[345.947s][info][gc          ] GC(748) Pause Cleanup 196M->196M(610M) 0.245ms
[345.947s][info][gc,cpu      ] GC(748) User=0.00s Sys=0.00s Real=0.00s
[345.947s][info][gc,marking  ] GC(748) Concurrent Clear Claimed Marks
[345.947s][info][gc,marking  ] GC(748) Concurrent Clear Claimed Marks 0.040ms
[345.947s][info][gc,marking  ] GC(748) Concurrent Cleanup for Next Mark
[345.955s][info][gc,marking  ] GC(748) Concurrent Cleanup for Next Mark 7.406ms
[345.959s][info][gc          ] GC(748) Concurrent Mark Cycle 454.786ms
[348.929s][info][gc,start    ] GC(749) Pause Young (Prepare Mixed) (G1 Evacuation Pause)
[348.929s][info][gc,task     ] GC(749) Using 2 workers of 2 for evacuation
[348.960s][info][gc,phases   ] GC(749)   Pre Evacuate Collection Set: 0.27ms
[348.961s][info][gc,phases   ] GC(749)   Merge Heap Roots: 0.49ms
[348.961s][info][gc,phases   ] GC(749)   Evacuate Collection Set: 29.66ms
[348.961s][info][gc,phases   ] GC(749)   Post Evacuate Collection Set: 0.57ms
[348.961s][info][gc,phases   ] GC(749)   Other: 0.09ms
[348.961s][info][gc,heap     ] GC(749) Eden regions: 273->0(264)
[348.961s][info][gc,heap     ] GC(749) Survivor regions: 4->24(35)
[348.961s][info][gc,heap     ] GC(749) Old regions: 164->164
[348.961s][info][gc,heap     ] GC(749) Humongous regions: 17->13
[348.961s][info][gc,metaspace] GC(749) Metaspace: 42888K(43264K)->42888K(43264K) NonClass: 40070K(40320K)->40070K(40320K) Class: 2817K(2944K)->2817K(2944K)
[348.961s][info][gc          ] GC(749) Pause Young (Prepare Mixed) (G1 Evacuation Pause) 457M->200M(610M) 31.261ms
[348.961s][info][gc,cpu      ] GC(749) User=0.05s Sys=0.00s Real=0.03s
[350.037s][info][gc,start    ] GC(750) Pause Young (Mixed) (G1 Evacuation Pause)
[350.037s][info][gc,task     ] GC(750) Using 2 workers of 2 for evacuation
[350.067s][info][gc,phases   ] GC(750)   Pre Evacuate Collection Set: 0.27ms
[350.067s][info][gc,phases   ] GC(750)   Merge Heap Roots: 0.18ms
[350.067s][info][gc,phases   ] GC(750)   Evacuate Collection Set: 28.88ms
[350.067s][info][gc,phases   ] GC(750)   Post Evacuate Collection Set: 0.49ms
[350.067s][info][gc,phases   ] GC(750)   Other: 0.09ms
[350.067s][info][gc,heap     ] GC(750) Eden regions: 264->0(276)
[350.067s][info][gc,heap     ] GC(750) Survivor regions: 24->10(36)
[350.067s][info][gc,heap     ] GC(750) Old regions: 164->181
[350.067s][info][gc,heap     ] GC(750) Humongous regions: 13->13
[350.067s][info][gc,metaspace] GC(750) Metaspace: 42888K(43264K)->42888K(43264K) NonClass: 40070K(40320K)->40070K(40320K) Class: 2817K(2944K)->2817K(2944K)
[350.067s][info][gc          ] GC(750) Pause Young (Mixed) (G1 Evacuation Pause) 464M->202M(610M) 30.112ms
[350.067s][info][gc,cpu      ] GC(750) User=0.06s Sys=0.00s Real=0.03s
[351.557s][info][gc,start    ] GC(751) Pause Young (Concurrent Start) (G1 Evacuation Pause)
[351.557s][info][gc,task     ] GC(751) Using 2 workers of 2 for evacuation
[351.565s][info][gc,phases   ] GC(751)   Pre Evacuate Collection Set: 0.27ms
[351.565s][info][gc,phases   ] GC(751)   Merge Heap Roots: 0.08ms
[351.565s][info][gc,phases   ] GC(751)   Evacuate Collection Set: 6.74ms
[351.565s][info][gc,phases   ] GC(751)   Post Evacuate Collection Set: 0.48ms
[351.565s][info][gc,phases   ] GC(751)   Other: 0.08ms
[351.565s][info][gc,heap     ] GC(751) Eden regions: 276->0(293)
[351.565s][info][gc,heap     ] GC(751) Survivor regions: 10->8(36)
[351.565s][info][gc,heap     ] GC(751) Old regions: 181->181
[351.565s][info][gc,heap     ] GC(751) Humongous regions: 13->13
[351.565s][info][gc,metaspace] GC(751) Metaspace: 42888K(43264K)->42888K(43264K) NonClass: 40070K(40320K)->40070K(40320K) Class: 2817K(2944K)->2817K(2944K)
[351.565s][info][gc          ] GC(751) Pause Young (Concurrent Start) (G1 Evacuation Pause) 478M->200M(610M) 7.844ms
[351.565s][info][gc,cpu      ] GC(751) User=0.01s Sys=0.00s Real=0.01s
[351.565s][info][gc          ] GC(752) Concurrent Mark Cycle
[351.565s][info][gc,marking  ] GC(752) Concurrent Scan Root Regions
[351.571s][info][gc,marking  ] GC(752) Concurrent Scan Root Regions 6.292ms
[351.571s][info][gc,marking  ] GC(752) Concurrent Mark
[351.571s][info][gc,marking  ] GC(752) Concurrent Mark From Roots
[351.571s][info][gc,task     ] GC(752) Using 1 workers of 1 for marking
[351.603s][info][gc,marking  ] GC(752) Concurrent Mark From Roots 31.932ms
[351.603s][info][gc,marking  ] GC(752) Concurrent Preclean
[351.603s][info][gc,marking  ] GC(752) Concurrent Preclean 0.051ms
[351.603s][info][gc,start    ] GC(752) Pause Remark
[351.619s][info][gc          ] GC(752) Pause Remark 207M->86M(267M) 15.307ms
[351.619s][info][gc,cpu      ] GC(752) User=0.03s Sys=0.00s Real=0.01s
[351.619s][info][gc,marking  ] GC(752) Concurrent Mark 47.615ms
[351.619s][info][gc,marking  ] GC(752) Concurrent Rebuild Remembered Sets and Scrub Regions
[351.631s][info][gc,marking  ] GC(752) Concurrent Rebuild Remembered Sets and Scrub Regions 12.379ms
[351.631s][info][gc,start    ] GC(752) Pause Cleanup
[351.631s][info][gc          ] GC(752) Pause Cleanup 88M->88M(267M) 0.043ms
[351.631s][info][gc,cpu      ] GC(752) User=0.00s Sys=0.00s Real=0.00s
[351.632s][info][gc,marking  ] GC(752) Concurrent Clear Claimed Marks
[351.632s][info][gc,marking  ] GC(752) Concurrent Clear Claimed Marks 0.032ms
[351.632s][info][gc,marking  ] GC(752) Concurrent Cleanup for Next Mark
[351.632s][info][gc,marking  ] GC(752) Concurrent Cleanup for Next Mark 0.732ms
[351.632s][info][gc          ] GC(752) Concurrent Mark Cycle 67.362ms
[352.417s][info][gc,start    ] GC(753) Pause Young (Prepare Mixed) (G1 Evacuation Pause)
[352.417s][info][gc,task     ] GC(753) Using 2 workers of 2 for evacuation
[352.420s][info][gc,phases   ] GC(753)   Pre Evacuate Collection Set: 0.16ms
[352.420s][info][gc,phases   ] GC(753)   Merge Heap Roots: 0.06ms
[352.420s][info][gc,phases   ] GC(753)   Evacuate Collection Set: 2.81ms
[352.420s][info][gc,phases   ] GC(753)   Post Evacuate Collection Set: 0.35ms
[352.420s][info][gc,phases   ] GC(753)   Other: 0.07ms
[352.420s][info][gc,heap     ] GC(753) Eden regions: 152->0(147)
[352.420s][info][gc,heap     ] GC(753) Survivor regions: 8->4(20)
[352.420s][info][gc,heap     ] GC(753) Old regions: 71->71
[352.420s][info][gc,heap     ] GC(753) Humongous regions: 1->1
[352.420s][info][gc,metaspace] GC(753) Metaspace: 42888K(43264K)->42888K(43264K) NonClass: 40070K(40320K)->40070K(40320K) Class: 2817K(2944K)->2817K(2944K)
[352.420s][info][gc          ] GC(753) Pause Young (Prepare Mixed) (G1 Evacuation Pause) 231M->75M(267M) 3.629ms
[352.420s][info][gc,cpu      ] GC(753) User=0.00s Sys=0.00s Real=0.00s
[353.218s][info][gc,start    ] GC(754) Pause Young (Mixed) (G1 Evacuation Pause)
[353.218s][info][gc,task     ] GC(754) Using 2 workers of 2 for evacuation
[353.221s][info][gc,phases   ] GC(754)   Pre Evacuate Collection Set: 0.23ms
[353.221s][info][gc,phases   ] GC(754)   Merge Heap Roots: 0.10ms
[353.221s][info][gc,phases   ] GC(754)   Evacuate Collection Set: 2.56ms
[353.221s][info][gc,phases   ] GC(754)   Post Evacuate Collection Set: 0.36ms
[353.221s][info][gc,phases   ] GC(754)   Other: 0.06ms
[353.221s][info][gc,heap     ] GC(754) Eden regions: 147->0(157)
[353.221s][info][gc,heap     ] GC(754) Survivor regions: 4->3(19)
[353.221s][info][gc,heap     ] GC(754) Old regions: 71->51
[353.221s][info][gc,heap     ] GC(754) Humongous regions: 2->1
[353.221s][info][gc,metaspace] GC(754) Metaspace: 42888K(43264K)->42888K(43264K) NonClass: 40070K(40320K)->40070K(40320K) Class: 2817K(2944K)->2817K(2944K)
[353.221s][info][gc          ] GC(754) Pause Young (Mixed) (G1 Evacuation Pause) 223M->53M(267M) 3.482ms
[353.221s][info][gc,cpu      ] GC(754) User=0.00s Sys=0.00s Real=0.01s
[353.998s][info][gc,start    ] GC(755) Pause Young (Concurrent Start) (G1 Evacuation Pause)
[353.998s][info][gc,task     ] GC(755) Using 2 workers of 2 for evacuation
[354.002s][info][gc,phases   ] GC(755)   Pre Evacuate Collection Set: 0.18ms
[354.002s][info][gc,phases   ] GC(755)   Merge Heap Roots: 0.06ms
[354.002s][info][gc,phases   ] GC(755)   Evacuate Collection Set: 3.57ms
[354.002s][info][gc,phases   ] GC(755)   Post Evacuate Collection Set: 0.38ms
[354.002s][info][gc,phases   ] GC(755)   Other: 0.08ms
[354.002s][info][gc,heap     ] GC(755) Eden regions: 157->0(155)
[354.002s][info][gc,heap     ] GC(755) Survivor regions: 3->5(20)
[354.002s][info][gc,heap     ] GC(755) Old regions: 51->51
[354.002s][info][gc,heap     ] GC(755) Humongous regions: 1->1
[354.002s][info][gc,metaspace] GC(755) Metaspace: 42888K(43264K)->42888K(43264K) NonClass: 40070K(40320K)->40070K(40320K) Class: 2817K(2944K)->2817K(2944K)
[354.002s][info][gc          ] GC(755) Pause Young (Concurrent Start) (G1 Evacuation Pause) 210M->55M(267M) 4.479ms
[354.002s][info][gc          ] GC(756) Concurrent Mark Cycle
[354.002s][info][gc,marking  ] GC(756) Concurrent Scan Root Regions
[354.003s][info][gc,cpu      ] GC(755) User=0.01s Sys=0.00s Real=0.01s
[354.005s][info][gc,marking  ] GC(756) Concurrent Scan Root Regions 2.386ms
[354.005s][info][gc,marking  ] GC(756) Concurrent Mark
[354.005s][info][gc,marking  ] GC(756) Concurrent Mark From Roots
[354.005s][info][gc,task     ] GC(756) Using 1 workers of 1 for marking
[354.037s][info][gc,marking  ] GC(756) Concurrent Mark From Roots 32.157ms
[354.037s][info][gc,marking  ] GC(756) Concurrent Preclean
[354.037s][info][gc,marking  ] GC(756) Concurrent Preclean 0.031ms
[354.037s][info][gc,start    ] GC(756) Pause Remark
[354.053s][info][gc          ] GC(756) Pause Remark 63M->63M(256M) 16.284ms
[354.053s][info][gc,cpu      ] GC(756) User=0.03s Sys=0.00s Real=0.02s
[354.053s][info][gc,marking  ] GC(756) Concurrent Mark 48.892ms
[354.053s][info][gc,marking  ] GC(756) Concurrent Rebuild Remembered Sets and Scrub Regions
[354.070s][info][gc,marking  ] GC(756) Concurrent Rebuild Remembered Sets and Scrub Regions 16.065ms
[354.070s][info][gc,start    ] GC(756) Pause Cleanup
[354.070s][info][gc          ] GC(756) Pause Cleanup 70M->70M(256M) 0.041ms
[354.070s][info][gc,cpu      ] GC(756) User=0.00s Sys=0.00s Real=0.00s
[354.070s][info][gc,marking  ] GC(756) Concurrent Clear Claimed Marks
[354.070s][info][gc,marking  ] GC(756) Concurrent Clear Claimed Marks 0.033ms
[354.070s][info][gc,marking  ] GC(756) Concurrent Cleanup for Next Mark
[354.071s][info][gc,marking  ] GC(756) Concurrent Cleanup for Next Mark 0.716ms
[354.071s][info][gc          ] GC(756) Concurrent Mark Cycle 68.408ms
[354.380s][info][gc,start    ] GC(757) Pause Young (Prepare Mixed) (G1 Evacuation Pause)
[354.380s][info][gc,task     ] GC(757) Using 2 workers of 2 for evacuation
[354.402s][info][gc,phases   ] GC(757)   Pre Evacuate Collection Set: 0.18ms
[354.402s][info][gc,phases   ] GC(757)   Merge Heap Roots: 0.08ms
[354.402s][info][gc,phases   ] GC(757)   Evacuate Collection Set: 21.53ms
[354.402s][info][gc,phases   ] GC(757)   Post Evacuate Collection Set: 0.44ms
[354.402s][info][gc,phases   ] GC(757)   Other: 0.08ms
[354.402s][info][gc,heap     ] GC(757) Eden regions: 148->0(133)
[354.402s][info][gc,heap     ] GC(757) Survivor regions: 5->20(20)
[354.402s][info][gc,heap     ] GC(757) Old regions: 51->54
[354.402s][info][gc,heap     ] GC(757) Humongous regions: 4->4
[354.402s][info][gc,metaspace] GC(757) Metaspace: 42888K(43264K)->42888K(43264K) NonClass: 40070K(40320K)->40070K(40320K) Class: 2817K(2944K)->2817K(2944K)
[354.402s][info][gc          ] GC(757) Pause Young (Prepare Mixed) (G1 Evacuation Pause) 206M->76M(256M) 22.520ms
[354.402s][info][gc,cpu      ] GC(757) User=0.05s Sys=0.00s Real=0.03s
[354.720s][info][gc,start    ] GC(758) Pause Young (Mixed) (G1 Evacuation Pause)
[354.720s][info][gc,task     ] GC(758) Using 2 workers of 2 for evacuation
[354.759s][info][gc,phases   ] GC(758)   Pre Evacuate Collection Set: 0.16ms
[354.759s][info][gc,phases   ] GC(758)   Merge Heap Roots: 0.18ms
[354.759s][info][gc,phases   ] GC(758)   Evacuate Collection Set: 37.71ms
[354.759s][info][gc,phases   ] GC(758)   Post Evacuate Collection Set: 0.56ms
[354.759s][info][gc,phases   ] GC(758)   Other: 0.08ms
[354.759s][info][gc,heap     ] GC(758) Eden regions: 133->0(136)
[354.759s][info][gc,heap     ] GC(758) Survivor regions: 20->17(20)
[354.759s][info][gc,heap     ] GC(758) Old regions: 54->57
[354.759s][info][gc,heap     ] GC(758) Humongous regions: 6->6
[354.759s][info][gc,metaspace] GC(758) Metaspace: 42888K(43264K)->42888K(43264K) NonClass: 40070K(40320K)->40070K(40320K) Class: 2817K(2944K)->2817K(2944K)
[354.759s][info][gc          ] GC(758) Pause Young (Mixed) (G1 Evacuation Pause) 211M->78M(256M) 38.921ms
[354.759s][info][gc,cpu      ] GC(758) User=0.08s Sys=0.00s Real=0.04s
[355.047s][info][gc,start    ] GC(759) Pause Young (Concurrent Start) (G1 Evacuation Pause)
[355.047s][info][gc,task     ] GC(759) Using 2 workers of 2 for evacuation
[355.081s][info][gc,phases   ] GC(759)   Pre Evacuate Collection Set: 0.18ms
[355.081s][info][gc,phases   ] GC(759)   Merge Heap Roots: 0.08ms
[355.081s][info][gc,phases   ] GC(759)   Evacuate Collection Set: 33.34ms
[355.081s][info][gc,phases   ] GC(759)   Post Evacuate Collection Set: 0.65ms
[355.081s][info][gc,phases   ] GC(759)   Other: 0.09ms
[355.081s][info][gc,heap     ] GC(759) Eden regions: 136->0(145)
[355.081s][info][gc,heap     ] GC(759) Survivor regions: 17->17(20)
[355.081s][info][gc,heap     ] GC(759) Old regions: 57->74
[355.081s][info][gc,heap     ] GC(759) Humongous regions: 6->6
[355.081s][info][gc,metaspace] GC(759) Metaspace: 42888K(43264K)->42888K(43264K) NonClass: 40070K(40320K)->40070K(40320K) Class: 2817K(2944K)->2817K(2944K)
[355.081s][info][gc          ] GC(759) Pause Young (Concurrent Start) (G1 Evacuation Pause) 214M->95M(285M) 34.561ms
[355.081s][info][gc,cpu      ] GC(759) User=0.07s Sys=0.00s Real=0.04s
[355.081s][info][gc          ] GC(760) Concurrent Mark Cycle
[355.081s][info][gc,marking  ] GC(760) Concurrent Scan Root Regions
[355.124s][info][gc,marking  ] GC(760) Concurrent Scan Root Regions 42.799ms
[355.124s][info][gc,marking  ] GC(760) Concurrent Mark
[355.124s][info][gc,marking  ] GC(760) Concurrent Mark From Roots
[355.124s][info][gc,task     ] GC(760) Using 1 workers of 1 for marking
[355.181s][info][gc,marking  ] GC(760) Concurrent Mark From Roots 56.704ms
[355.181s][info][gc,marking  ] GC(760) Concurrent Preclean
[355.181s][info][gc,marking  ] GC(760) Concurrent Preclean 0.046ms
[355.181s][info][gc,start    ] GC(760) Pause Remark
[355.196s][info][gc          ] GC(760) Pause Remark 123M->118M(285M) 14.990ms
[355.196s][info][gc,cpu      ] GC(760) User=0.03s Sys=0.00s Real=0.01s
[355.197s][info][gc,marking  ] GC(760) Concurrent Mark 72.823ms
[355.197s][info][gc,marking  ] GC(760) Concurrent Rebuild Remembered Sets and Scrub Regions
[355.232s][info][gc,marking  ] GC(760) Concurrent Rebuild Remembered Sets and Scrub Regions 35.284ms
[355.232s][info][gc,start    ] GC(760) Pause Cleanup
[355.233s][info][gc          ] GC(760) Pause Cleanup 130M->130M(285M) 0.043ms
[355.233s][info][gc,cpu      ] GC(760) User=0.00s Sys=0.00s Real=0.00s
[355.233s][info][gc,marking  ] GC(760) Concurrent Clear Claimed Marks
[355.233s][info][gc,marking  ] GC(760) Concurrent Clear Claimed Marks 0.038ms
[355.233s][info][gc,marking  ] GC(760) Concurrent Cleanup for Next Mark
[355.234s][info][gc,marking  ] GC(760) Concurrent Cleanup for Next Mark 1.143ms
[355.234s][info][gc          ] GC(760) Concurrent Mark Cycle 152.382ms
[355.508s][info][gc,start    ] GC(761) Pause Young (Prepare Mixed) (G1 Evacuation Pause)
[355.508s][info][gc,task     ] GC(761) Using 2 workers of 2 for evacuation
[355.547s][info][gc,phases   ] GC(761)   Pre Evacuate Collection Set: 0.17ms
[355.547s][info][gc,phases   ] GC(761)   Merge Heap Roots: 0.15ms
[355.547s][info][gc,phases   ] GC(761)   Evacuate Collection Set: 38.39ms
[355.547s][info][gc,phases   ] GC(761)   Post Evacuate Collection Set: 0.45ms
[355.547s][info][gc,phases   ] GC(761)   Other: 0.07ms
[355.547s][info][gc,heap     ] GC(761) Eden regions: 145->0(134)
[355.547s][info][gc,heap     ] GC(761) Survivor regions: 17->17(21)
[355.547s][info][gc,heap     ] GC(761) Old regions: 70->86
[355.547s][info][gc,heap     ] GC(761) Humongous regions: 9->9
[355.547s][info][gc,metaspace] GC(761) Metaspace: 42888K(43264K)->42888K(43264K) NonClass: 40070K(40320K)->40070K(40320K) Class: 2817K(2944K)->2817K(2944K)
[355.547s][info][gc          ] GC(761) Pause Young (Prepare Mixed) (G1 Evacuation Pause) 239M->110M(285M) 39.471ms
[355.547s][info][gc,cpu      ] GC(761) User=0.07s Sys=0.00s Real=0.04s
[355.852s][info][gc,start    ] GC(762) Pause Young (Mixed) (G1 Evacuation Pause)
[355.852s][info][gc,task     ] GC(762) Using 2 workers of 2 for evacuation
[355.892s][info][gc,phases   ] GC(762)   Pre Evacuate Collection Set: 0.18ms
[355.892s][info][gc,phases   ] GC(762)   Merge Heap Roots: 0.12ms
[355.892s][info][gc,phases   ] GC(762)   Evacuate Collection Set: 39.01ms
[355.892s][info][gc,phases   ] GC(762)   Post Evacuate Collection Set: 0.40ms
[355.892s][info][gc,phases   ] GC(762)   Other: 0.07ms
[355.892s][info][gc,heap     ] GC(762) Eden regions: 134->0(126)
[355.892s][info][gc,heap     ] GC(762) Survivor regions: 17->15(19)
[355.892s][info][gc,heap     ] GC(762) Old regions: 86->99
[355.892s][info][gc,heap     ] GC(762) Humongous regions: 9->9
[355.892s][info][gc,metaspace] GC(762) Metaspace: 42888K(43264K)->42888K(43264K) NonClass: 40070K(40320K)->40070K(40320K) Class: 2817K(2944K)->2817K(2944K)
[355.892s][info][gc          ] GC(762) Pause Young (Mixed) (G1 Evacuation Pause) 244M->122M(285M) 40.008ms
[355.892s][info][gc,cpu      ] GC(762) User=0.08s Sys=0.00s Real=0.04s
[356.073s][info][gc,start    ] GC(763) Pause Young (Concurrent Start) (G1 Humongous Allocation)
[356.073s][info][gc,task     ] GC(763) Using 2 workers of 2 for evacuation
[356.101s][info][gc,phases   ] GC(763)   Pre Evacuate Collection Set: 0.22ms
[356.101s][info][gc,phases   ] GC(763)   Merge Heap Roots: 0.09ms
[356.101s][info][gc,phases   ] GC(763)   Evacuate Collection Set: 27.04ms
[356.101s][info][gc,phases   ] GC(763)   Post Evacuate Collection Set: 0.37ms
[356.101s][info][gc,phases   ] GC(763)   Other: 0.09ms
[356.101s][info][gc,heap     ] GC(763) Eden regions: 25->0(108)
[356.101s][info][gc,heap     ] GC(763) Survivor regions: 15->13(18)
[356.101s][info][gc,heap     ] GC(763) Old regions: 99->114
[356.101s][info][gc,heap     ] GC(763) Humongous regions: 9->9
[356.101s][info][gc,metaspace] GC(763) Metaspace: 42888K(43264K)->42888K(43264K) NonClass: 40070K(40320K)->40070K(40320K) Class: 2817K(2944K)->2817K(2944K)
[356.101s][info][gc          ] GC(763) Pause Young (Concurrent Start) (G1 Humongous Allocation) 147M->135M(285M) 28.032ms
[356.101s][info][gc,cpu      ] GC(763) User=0.06s Sys=0.00s Real=0.02s
[356.101s][info][gc          ] GC(764) Concurrent Mark Cycle
[356.101s][info][gc,marking  ] GC(764) Concurrent Scan Root Regions
[356.138s][info][gc,marking  ] GC(764) Concurrent Scan Root Regions 36.947ms
[356.138s][info][gc,marking  ] GC(764) Concurrent Mark
[356.138s][info][gc,marking  ] GC(764) Concurrent Mark From Roots
[356.138s][info][gc,task     ] GC(764) Using 1 workers of 1 for marking
[356.257s][info][gc,marking  ] GC(764) Concurrent Mark From Roots 119.110ms
[356.257s][info][gc,marking  ] GC(764) Concurrent Preclean
[356.257s][info][gc,marking  ] GC(764) Concurrent Preclean 0.040ms
[356.257s][info][gc,start    ] GC(764) Pause Remark
[356.272s][info][gc          ] GC(764) Pause Remark 148M->146M(285M) 14.817ms
[356.272s][info][gc,cpu      ] GC(764) User=0.03s Sys=0.00s Real=0.02s
[356.272s][info][gc,marking  ] GC(764) Concurrent Mark 134.295ms
[356.272s][info][gc,marking  ] GC(764) Concurrent Rebuild Remembered Sets and Scrub Regions
[356.337s][info][gc,marking  ] GC(764) Concurrent Rebuild Remembered Sets and Scrub Regions 64.698ms
[356.338s][info][gc,start    ] GC(764) Pause Cleanup
[356.338s][info][gc          ] GC(764) Pause Cleanup 154M->154M(285M) 0.066ms
[356.338s][info][gc,cpu      ] GC(764) User=0.00s Sys=0.00s Real=0.00s
[356.338s][info][gc,marking  ] GC(764) Concurrent Clear Claimed Marks
[356.338s][info][gc,marking  ] GC(764) Concurrent Clear Claimed Marks 0.040ms
[356.338s][info][gc,marking  ] GC(764) Concurrent Cleanup for Next Mark
[356.339s][info][gc,marking  ] GC(764) Concurrent Cleanup for Next Mark 0.840ms
[356.339s][info][gc          ] GC(764) Concurrent Mark Cycle 238.107ms
[357.135s][info][gc,start    ] GC(765) Pause Young (Prepare Mixed) (G1 Evacuation Pause)
[357.135s][info][gc,task     ] GC(765) Using 2 workers of 2 for evacuation
[357.150s][info][gc,phases   ] GC(765)   Pre Evacuate Collection Set: 0.18ms
[357.150s][info][gc,phases   ] GC(765)   Merge Heap Roots: 0.15ms
[357.150s][info][gc,phases   ] GC(765)   Evacuate Collection Set: 13.69ms
[357.150s][info][gc,phases   ] GC(765)   Post Evacuate Collection Set: 0.37ms
[357.150s][info][gc,phases   ] GC(765)   Other: 0.08ms
[357.150s][info][gc,heap     ] GC(765) Eden regions: 108->0(113)
[357.150s][info][gc,heap     ] GC(765) Survivor regions: 13->6(16)
[357.150s][info][gc,heap     ] GC(765) Old regions: 114->116
[357.150s][info][gc,heap     ] GC(765) Humongous regions: 15->13
[357.150s][info][gc,metaspace] GC(765) Metaspace: 42888K(43264K)->42888K(43264K) NonClass: 40070K(40320K)->40070K(40320K) Class: 2817K(2944K)->2817K(2944K)
[357.150s][info][gc          ] GC(765) Pause Young (Prepare Mixed) (G1 Evacuation Pause) 249M->134M(285M) 14.632ms
[357.150s][info][gc,cpu      ] GC(765) User=0.03s Sys=0.00s Real=0.01s
[357.525s][info][gc,start    ] GC(766) Pause Young (Mixed) (G1 Evacuation Pause)
[357.525s][info][gc,task     ] GC(766) Using 2 workers of 2 for evacuation
[357.543s][info][gc,phases   ] GC(766)   Pre Evacuate Collection Set: 0.18ms
[357.543s][info][gc,phases   ] GC(766)   Merge Heap Roots: 0.12ms
[357.543s][info][gc,phases   ] GC(766)   Evacuate Collection Set: 17.59ms
[357.543s][info][gc,phases   ] GC(766)   Post Evacuate Collection Set: 0.48ms
[357.543s][info][gc,phases   ] GC(766)   Other: 0.07ms
[357.543s][info][gc,heap     ] GC(766) Eden regions: 113->0(107)
[357.543s][info][gc,heap     ] GC(766) Survivor regions: 6->15(15)
[357.543s][info][gc,heap     ] GC(766) Old regions: 116->114
[357.543s][info][gc,heap     ] GC(766) Humongous regions: 13->13
[357.543s][info][gc,metaspace] GC(766) Metaspace: 42888K(43264K)->42888K(43264K) NonClass: 40070K(40320K)->40070K(40320K) Class: 2817K(2944K)->2817K(2944K)
[357.543s][info][gc          ] GC(766) Pause Young (Mixed) (G1 Evacuation Pause) 247M->141M(285M) 18.629ms
[357.543s][info][gc,cpu      ] GC(766) User=0.04s Sys=0.00s Real=0.02s
[358.035s][info][gc,start    ] GC(767) Pause Young (Concurrent Start) (G1 Evacuation Pause)
[358.035s][info][gc,task     ] GC(767) Using 2 workers of 2 for evacuation
[358.053s][info][gc,phases   ] GC(767)   Pre Evacuate Collection Set: 0.18ms
[358.053s][info][gc,phases   ] GC(767)   Merge Heap Roots: 0.08ms
[358.053s][info][gc,phases   ] GC(767)   Evacuate Collection Set: 17.38ms
[358.053s][info][gc,phases   ] GC(767)   Post Evacuate Collection Set: 0.38ms
[358.053s][info][gc,phases   ] GC(767)   Other: 0.09ms
[358.053s][info][gc,heap     ] GC(767) Eden regions: 107->0(108)
[358.053s][info][gc,heap     ] GC(767) Survivor regions: 15->6(16)
[358.053s][info][gc,heap     ] GC(767) Old regions: 114->127
[358.053s][info][gc,heap     ] GC(767) Humongous regions: 13->13
[358.053s][info][gc,metaspace] GC(767) Metaspace: 42888K(43264K)->42888K(43264K) NonClass: 40070K(40320K)->40070K(40320K) Class: 2817K(2944K)->2817K(2944K)
[358.053s][info][gc          ] GC(767) Pause Young (Concurrent Start) (G1 Evacuation Pause) 248M->145M(285M) 18.310ms
[358.053s][info][gc,cpu      ] GC(767) User=0.04s Sys=0.00s Real=0.02s
[358.053s][info][gc          ] GC(768) Concurrent Mark Cycle
[358.053s][info][gc,marking  ] GC(768) Concurrent Scan Root Regions
[358.078s][info][gc,marking  ] GC(768) Concurrent Scan Root Regions 24.094ms
[358.078s][info][gc,marking  ] GC(768) Concurrent Mark
[358.078s][info][gc,marking  ] GC(768) Concurrent Mark From Roots
[358.078s][info][gc,task     ] GC(768) Using 1 workers of 1 for marking
[358.113s][info][gc,marking  ] GC(768) Concurrent Mark From Roots 35.187ms
[358.113s][info][gc,marking  ] GC(768) Concurrent Preclean
[358.113s][info][gc,marking  ] GC(768) Concurrent Preclean 0.029ms
[358.113s][info][gc,start    ] GC(768) Pause Remark
[358.127s][info][gc          ] GC(768) Pause Remark 154M->66M(256M) 14.305ms
[358.127s][info][gc,cpu      ] GC(768) User=0.03s Sys=0.00s Real=0.01s
[358.127s][info][gc,marking  ] GC(768) Concurrent Mark 49.790ms
[358.127s][info][gc,marking  ] GC(768) Concurrent Rebuild Remembered Sets and Scrub Regions
[358.144s][info][gc,marking  ] GC(768) Concurrent Rebuild Remembered Sets and Scrub Regions 17.046ms
[358.144s][info][gc,start    ] GC(768) Pause Cleanup
[358.144s][info][gc          ] GC(768) Pause Cleanup 70M->70M(256M) 0.034ms
[358.144s][info][gc,cpu      ] GC(768) User=0.00s Sys=0.00s Real=0.00s
[358.145s][info][gc,marking  ] GC(768) Concurrent Clear Claimed Marks
[358.145s][info][gc,marking  ] GC(768) Concurrent Clear Claimed Marks 0.033ms
[358.145s][info][gc,marking  ] GC(768) Concurrent Cleanup for Next Mark
[358.145s][info][gc,marking  ] GC(768) Concurrent Cleanup for Next Mark 0.721ms
[358.145s][info][gc          ] GC(768) Concurrent Mark Cycle 91.940ms
[358.662s][info][gc,start    ] GC(769) Pause Young (Prepare Mixed) (G1 Evacuation Pause)
[358.662s][info][gc,task     ] GC(769) Using 2 workers of 2 for evacuation
[358.676s][info][gc,phases   ] GC(769)   Pre Evacuate Collection Set: 0.16ms
[358.676s][info][gc,phases   ] GC(769)   Merge Heap Roots: 0.05ms
[358.676s][info][gc,phases   ] GC(769)   Evacuate Collection Set: 12.90ms
[358.676s][info][gc,phases   ] GC(769)   Post Evacuate Collection Set: 0.36ms
[358.676s][info][gc,phases   ] GC(769)   Other: 0.07ms
[358.676s][info][gc,heap     ] GC(769) Eden regions: 108->0(139)
[358.676s][info][gc,heap     ] GC(769) Survivor regions: 6->14(15)
[358.676s][info][gc,heap     ] GC(769) Old regions: 51->51
[358.676s][info][gc,heap     ] GC(769) Humongous regions: 1->1
[358.676s][info][gc,metaspace] GC(769) Metaspace: 42888K(43264K)->42888K(43264K) NonClass: 40070K(40320K)->40070K(40320K) Class: 2817K(2944K)->2817K(2944K)
[358.676s][info][gc          ] GC(769) Pause Young (Prepare Mixed) (G1 Evacuation Pause) 165M->65M(256M) 13.711ms
[358.676s][info][gc,cpu      ] GC(769) User=0.03s Sys=0.00s Real=0.01s
[359.407s][info][gc,start    ] GC(770) Pause Young (Mixed) (G1 Evacuation Pause)
[359.407s][info][gc,task     ] GC(770) Using 2 workers of 2 for evacuation
[359.433s][info][gc,phases   ] GC(770)   Pre Evacuate Collection Set: 0.16ms
[359.433s][info][gc,phases   ] GC(770)   Merge Heap Roots: 0.07ms
[359.433s][info][gc,phases   ] GC(770)   Evacuate Collection Set: 25.28ms
[359.433s][info][gc,phases   ] GC(770)   Post Evacuate Collection Set: 0.42ms
[359.433s][info][gc,phases   ] GC(770)   Other: 0.07ms
[359.433s][info][gc,heap     ] GC(770) Eden regions: 139->0(133)
[359.433s][info][gc,heap     ] GC(770) Survivor regions: 14->20(20)
[359.433s][info][gc,heap     ] GC(770) Old regions: 51->58
[359.433s][info][gc,heap     ] GC(770) Humongous regions: 1->1
[359.433s][info][gc,metaspace] GC(770) Metaspace: 42888K(43264K)->42888K(43264K) NonClass: 40070K(40320K)->40070K(40320K) Class: 2817K(2944K)->2817K(2944K)
[359.433s][info][gc          ] GC(770) Pause Young (Mixed) (G1 Evacuation Pause) 204M->78M(256M) 26.231ms
[359.433s][info][gc,cpu      ] GC(770) User=0.05s Sys=0.00s Real=0.03s
[360.140s][info][gc,start    ] GC(771) Pause Young (Concurrent Start) (G1 Evacuation Pause)
[360.140s][info][gc,task     ] GC(771) Using 2 workers of 2 for evacuation
[360.168s][info][gc,phases   ] GC(771)   Pre Evacuate Collection Set: 0.16ms
[360.168s][info][gc,phases   ] GC(771)   Merge Heap Roots: 0.09ms
[360.168s][info][gc,phases   ] GC(771)   Evacuate Collection Set: 27.36ms
[360.168s][info][gc,phases   ] GC(771)   Post Evacuate Collection Set: 0.39ms
[360.168s][info][gc,phases   ] GC(771)   Other: 0.09ms
[360.169s][info][gc,heap     ] GC(771) Eden regions: 133->0(131)
[360.169s][info][gc,heap     ] GC(771) Survivor regions: 20->11(20)
[360.169s][info][gc,heap     ] GC(771) Old regions: 58->78
[360.169s][info][gc,heap     ] GC(771) Humongous regions: 1->1
[360.169s][info][gc,metaspace] GC(771) Metaspace: 42888K(43264K)->42888K(43264K) NonClass: 40070K(40320K)->40070K(40320K) Class: 2817K(2944K)->2817K(2944K)
[360.169s][info][gc          ] GC(771) Pause Young (Concurrent Start) (G1 Evacuation Pause) 211M->89M(256M) 29.535ms
[360.169s][info][gc          ] GC(772) Concurrent Mark Cycle
[360.169s][info][gc,marking  ] GC(772) Concurrent Scan Root Regions
[360.171s][info][gc,cpu      ] GC(771) User=0.05s Sys=0.00s Real=0.04s
[360.187s][info][gc,marking  ] GC(772) Concurrent Scan Root Regions 17.775ms
[360.187s][info][gc,marking  ] GC(772) Concurrent Mark
[360.187s][info][gc,marking  ] GC(772) Concurrent Mark From Roots
[360.187s][info][gc,task     ] GC(772) Using 1 workers of 1 for marking
[360.228s][info][gc,marking  ] GC(772) Concurrent Mark From Roots 40.786ms
[360.228s][info][gc,marking  ] GC(772) Concurrent Preclean
[360.228s][info][gc,marking  ] GC(772) Concurrent Preclean 0.030ms
[360.228s][info][gc,start    ] GC(772) Pause Remark
[360.243s][info][gc          ] GC(772) Pause Remark 99M->92M(256M) 15.154ms
[360.243s][info][gc,cpu      ] GC(772) User=0.02s Sys=0.00s Real=0.02s
[360.245s][info][gc,marking  ] GC(772) Concurrent Mark 58.050ms
[360.245s][info][gc,marking  ] GC(772) Concurrent Rebuild Remembered Sets and Scrub Regions
[360.273s][info][gc,marking  ] GC(772) Concurrent Rebuild Remembered Sets and Scrub Regions 28.038ms
[360.273s][info][gc,start    ] GC(772) Pause Cleanup
[360.273s][info][gc          ] GC(772) Pause Cleanup 98M->98M(256M) 0.054ms
[360.273s][info][gc,cpu      ] GC(772) User=0.00s Sys=0.00s Real=0.00s
[360.273s][info][gc,marking  ] GC(772) Concurrent Clear Claimed Marks
[360.273s][info][gc,marking  ] GC(772) Concurrent Clear Claimed Marks 0.039ms
[360.273s][info][gc,marking  ] GC(772) Concurrent Cleanup for Next Mark
[360.274s][info][gc,marking  ] GC(772) Concurrent Cleanup for Next Mark 0.732ms
[360.274s][info][gc          ] GC(772) Concurrent Mark Cycle 104.983ms
[360.878s][info][gc,start    ] GC(773) Pause Young (Prepare Mixed) (G1 Evacuation Pause)
[360.878s][info][gc,task     ] GC(773) Using 2 workers of 2 for evacuation
[360.893s][info][gc,phases   ] GC(773)   Pre Evacuate Collection Set: 0.18ms
[360.893s][info][gc,phases   ] GC(773)   Merge Heap Roots: 0.08ms
[360.893s][info][gc,phases   ] GC(773)   Evacuate Collection Set: 13.95ms
[360.893s][info][gc,phases   ] GC(773)   Post Evacuate Collection Set: 0.37ms
[360.893s][info][gc,phases   ] GC(773)   Other: 0.08ms
[360.893s][info][gc,heap     ] GC(773) Eden regions: 131->0(132)
[360.893s][info][gc,heap     ] GC(773) Survivor regions: 11->14(18)
[360.893s][info][gc,heap     ] GC(773) Old regions: 70->72
[360.893s][info][gc,heap     ] GC(773) Humongous regions: 2->2
[360.893s][info][gc,metaspace] GC(773) Metaspace: 42888K(43264K)->42888K(43264K) NonClass: 40070K(40320K)->40070K(40320K) Class: 2817K(2944K)->2817K(2944K)
[360.893s][info][gc          ] GC(773) Pause Young (Prepare Mixed) (G1 Evacuation Pause) 214M->87M(256M) 14.834ms
[360.893s][info][gc,cpu      ] GC(773) User=0.02s Sys=0.00s Real=0.02s
[361.657s][info][gc,start    ] GC(774) Pause Young (Mixed) (G1 Evacuation Pause)
[361.657s][info][gc,task     ] GC(774) Using 2 workers of 2 for evacuation
[361.682s][info][gc,phases   ] GC(774)   Pre Evacuate Collection Set: 0.17ms
[361.682s][info][gc,phases   ] GC(774)   Merge Heap Roots: 0.10ms
[361.682s][info][gc,phases   ] GC(774)   Evacuate Collection Set: 24.26ms
[361.682s][info][gc,phases   ] GC(774)   Post Evacuate Collection Set: 0.41ms
[361.682s][info][gc,phases   ] GC(774)   Other: 0.09ms
[361.682s][info][gc,heap     ] GC(774) Eden regions: 132->0(129)
[361.682s][info][gc,heap     ] GC(774) Survivor regions: 14->13(19)
[361.682s][info][gc,heap     ] GC(774) Old regions: 72->77
[361.682s][info][gc,heap     ] GC(774) Humongous regions: 2->2
[361.682s][info][gc,metaspace] GC(774) Metaspace: 42888K(43264K)->42888K(43264K) NonClass: 40070K(40320K)->40070K(40320K) Class: 2817K(2944K)->2817K(2944K)
[361.682s][info][gc          ] GC(774) Pause Young (Mixed) (G1 Evacuation Pause) 219M->91M(256M) 25.239ms
[361.682s][info][gc,cpu      ] GC(774) User=0.05s Sys=0.00s Real=0.03s
[362.024s][info][gc,start    ] GC(775) Pause Young (Concurrent Start) (G1 Humongous Allocation)
[362.024s][info][gc,task     ] GC(775) Using 2 workers of 2 for evacuation
[362.046s][info][gc,phases   ] GC(775)   Pre Evacuate Collection Set: 0.18ms
[362.046s][info][gc,phases   ] GC(775)   Merge Heap Roots: 0.07ms
[362.046s][info][gc,phases   ] GC(775)   Evacuate Collection Set: 20.93ms
[362.046s][info][gc,phases   ] GC(775)   Post Evacuate Collection Set: 0.42ms
[362.046s][info][gc,phases   ] GC(775)   Other: 0.11ms
[362.046s][info][gc,heap     ] GC(775) Eden regions: 74->0(120)
[362.046s][info][gc,heap     ] GC(775) Survivor regions: 13->10(18)
[362.046s][info][gc,heap     ] GC(775) Old regions: 77->90
[362.046s][info][gc,heap     ] GC(775) Humongous regions: 2->2
[362.046s][info][gc,metaspace] GC(775) Metaspace: 42896K(43264K)->42896K(43264K) NonClass: 40078K(40320K)->40078K(40320K) Class: 2817K(2944K)->2817K(2944K)
[362.046s][info][gc          ] GC(775) Pause Young (Concurrent Start) (G1 Humongous Allocation) 164M->101M(256M) 21.943ms
[362.046s][info][gc,cpu      ] GC(775) User=0.04s Sys=0.00s Real=0.02s
[362.046s][info][gc          ] GC(776) Concurrent Mark Cycle
[362.046s][info][gc,marking  ] GC(776) Concurrent Scan Root Regions
[362.069s][info][gc,marking  ] GC(776) Concurrent Scan Root Regions 22.525ms
[362.069s][info][gc,marking  ] GC(776) Concurrent Mark
[362.069s][info][gc,marking  ] GC(776) Concurrent Mark From Roots
[362.069s][info][gc,task     ] GC(776) Using 1 workers of 1 for marking
[362.118s][info][gc,marking  ] GC(776) Concurrent Mark From Roots 48.566ms
[362.118s][info][gc,marking  ] GC(776) Concurrent Preclean
[362.118s][info][gc,marking  ] GC(776) Concurrent Preclean 0.034ms
[362.118s][info][gc,start    ] GC(776) Pause Remark
[362.132s][info][gc          ] GC(776) Pause Remark 116M->101M(256M) 14.531ms
[362.132s][info][gc,cpu      ] GC(776) User=0.03s Sys=0.00s Real=0.02s
[362.132s][info][gc,marking  ] GC(776) Concurrent Mark 63.407ms
[362.132s][info][gc,marking  ] GC(776) Concurrent Rebuild Remembered Sets and Scrub Regions
[362.155s][info][gc,marking  ] GC(776) Concurrent Rebuild Remembered Sets and Scrub Regions 22.804ms
[362.155s][info][gc,start    ] GC(776) Pause Cleanup
[362.155s][info][gc          ] GC(776) Pause Cleanup 106M->106M(256M) 0.051ms
[362.155s][info][gc,cpu      ] GC(776) User=0.00s Sys=0.00s Real=0.00s
[362.155s][info][gc,marking  ] GC(776) Concurrent Clear Claimed Marks
[362.155s][info][gc,marking  ] GC(776) Concurrent Clear Claimed Marks 0.034ms
[362.155s][info][gc,marking  ] GC(776) Concurrent Cleanup for Next Mark
[362.156s][info][gc,marking  ] GC(776) Concurrent Cleanup for Next Mark 0.733ms
[362.156s][info][gc          ] GC(776) Concurrent Mark Cycle 109.857ms
[362.556s][info][gc,start    ] GC(777) Pause Young (Prepare Mixed) (G1 Evacuation Pause)
[362.556s][info][gc,task     ] GC(777) Using 2 workers of 2 for evacuation
[362.562s][info][gc,phases   ] GC(777)   Pre Evacuate Collection Set: 0.15ms
[362.562s][info][gc,phases   ] GC(777)   Merge Heap Roots: 0.07ms
[362.562s][info][gc,phases   ] GC(777)   Evacuate Collection Set: 5.17ms
[362.562s][info][gc,phases   ] GC(777)   Post Evacuate Collection Set: 0.37ms
[362.562s][info][gc,phases   ] GC(777)   Other: 0.07ms
[362.562s][info][gc,heap     ] GC(777) Eden regions: 120->0(137)
[362.562s][info][gc,heap     ] GC(777) Survivor regions: 10->2(17)
[362.562s][info][gc,heap     ] GC(777) Old regions: 76->83
[362.562s][info][gc,heap     ] GC(777) Humongous regions: 11->3
[362.562s][info][gc,metaspace] GC(777) Metaspace: 42896K(43264K)->42896K(43264K) NonClass: 40078K(40320K)->40078K(40320K) Class: 2817K(2944K)->2817K(2944K)
[362.562s][info][gc          ] GC(777) Pause Young (Prepare Mixed) (G1 Evacuation Pause) 216M->87M(256M) 6.001ms
[362.562s][info][gc,cpu      ] GC(777) User=0.01s Sys=0.00s Real=0.01s
[363.172s][info][gc,start    ] GC(778) Pause Young (Mixed) (G1 Evacuation Pause)
[363.172s][info][gc,task     ] GC(778) Using 2 workers of 2 for evacuation
[363.185s][info][gc,phases   ] GC(778)   Pre Evacuate Collection Set: 0.18ms
[363.185s][info][gc,phases   ] GC(778)   Merge Heap Roots: 0.09ms
[363.185s][info][gc,phases   ] GC(778)   Evacuate Collection Set: 11.84ms
[363.185s][info][gc,phases   ] GC(778)   Post Evacuate Collection Set: 0.45ms
[363.185s][info][gc,phases   ] GC(778)   Other: 0.09ms
[363.185s][info][gc,heap     ] GC(778) Eden regions: 137->0(141)
[363.185s][info][gc,heap     ] GC(778) Survivor regions: 2->12(18)
[363.185s][info][gc,heap     ] GC(778) Old regions: 83->58
[363.185s][info][gc,heap     ] GC(778) Humongous regions: 14->3
[363.185s][info][gc,metaspace] GC(778) Metaspace: 42912K(43264K)->42912K(43264K) NonClass: 40094K(40320K)->40094K(40320K) Class: 2817K(2944K)->2817K(2944K)
[363.185s][info][gc          ] GC(778) Pause Young (Mixed) (G1 Evacuation Pause) 235M->73M(256M) 12.839ms
[363.185s][info][gc,cpu      ] GC(778) User=0.02s Sys=0.00s Real=0.01s
[363.704s][info][gc,start    ] GC(779) Pause Young (Mixed) (G1 Evacuation Pause)
[363.704s][info][gc,task     ] GC(779) Using 2 workers of 2 for evacuation
[363.714s][info][gc,phases   ] GC(779)   Pre Evacuate Collection Set: 0.16ms
[363.714s][info][gc,phases   ] GC(779)   Merge Heap Roots: 0.10ms
[363.714s][info][gc,phases   ] GC(779)   Evacuate Collection Set: 8.62ms
[363.714s][info][gc,phases   ] GC(779)   Post Evacuate Collection Set: 0.39ms
[363.714s][info][gc,phases   ] GC(779)   Other: 0.09ms
[363.714s][info][gc,heap     ] GC(779) Eden regions: 141->0(146)
[363.714s][info][gc,heap     ] GC(779) Survivor regions: 12->7(20)
[363.714s][info][gc,heap     ] GC(779) Old regions: 58->58
[363.714s][info][gc,heap     ] GC(779) Humongous regions: 10->3
[363.714s][info][gc,metaspace] GC(779) Metaspace: 42912K(43264K)->42912K(43264K) NonClass: 40094K(40320K)->40094K(40320K) Class: 2817K(2944K)->2817K(2944K)
[363.714s][info][gc          ] GC(779) Pause Young (Mixed) (G1 Evacuation Pause) 221M->67M(256M) 9.531ms
[363.714s][info][gc,cpu      ] GC(779) User=0.01s Sys=0.00s Real=0.01s
[363.860s][info][gc,start    ] GC(780) Pause Young (Concurrent Start) (G1 Humongous Allocation)
[363.860s][info][gc,task     ] GC(780) Using 2 workers of 2 for evacuation
[363.862s][info][gc,phases   ] GC(780)   Pre Evacuate Collection Set: 0.18ms
[363.862s][info][gc,phases   ] GC(780)   Merge Heap Roots: 0.04ms
[363.862s][info][gc,phases   ] GC(780)   Evacuate Collection Set: 1.50ms
[363.862s][info][gc,phases   ] GC(780)   Post Evacuate Collection Set: 0.31ms
[363.862s][info][gc,phases   ] GC(780)   Other: 0.09ms
[363.862s][info][gc,heap     ] GC(780) Eden regions: 40->0(151)
[363.862s][info][gc,heap     ] GC(780) Survivor regions: 7->2(20)
[363.862s][info][gc,heap     ] GC(780) Old regions: 58->58
[363.862s][info][gc,heap     ] GC(780) Humongous regions: 3->1
[363.862s][info][gc,metaspace] GC(780) Metaspace: 42912K(43264K)->42912K(43264K) NonClass: 40094K(40320K)->40094K(40320K) Class: 2817K(2944K)->2817K(2944K)
[363.862s][info][gc          ] GC(780) Pause Young (Concurrent Start) (G1 Humongous Allocation) 106M->59M(256M) 2.299ms
[363.862s][info][gc,cpu      ] GC(780) User=0.00s Sys=0.00s Real=0.01s
[363.862s][info][gc          ] GC(781) Concurrent Mark Cycle
[363.862s][info][gc,marking  ] GC(781) Concurrent Scan Root Regions
[363.864s][info][gc,marking  ] GC(781) Concurrent Scan Root Regions 1.549ms
[363.864s][info][gc,marking  ] GC(781) Concurrent Mark
[363.864s][info][gc,marking  ] GC(781) Concurrent Mark From Roots
[363.864s][info][gc,task     ] GC(781) Using 1 workers of 1 for marking
[363.906s][info][gc,marking  ] GC(781) Concurrent Mark From Roots 42.040ms
[363.906s][info][gc,marking  ] GC(781) Concurrent Preclean
[363.906s][info][gc,marking  ] GC(781) Concurrent Preclean 0.037ms
[363.906s][info][gc,start    ] GC(781) Pause Remark
[363.920s][info][gc          ] GC(781) Pause Remark 74M->74M(256M) 14.414ms
[363.920s][info][gc,cpu      ] GC(781) User=0.03s Sys=0.00s Real=0.01s
[363.920s][info][gc,marking  ] GC(781) Concurrent Mark 56.697ms
[363.920s][info][gc,marking  ] GC(781) Concurrent Rebuild Remembered Sets and Scrub Regions
[363.939s][info][gc,marking  ] GC(781) Concurrent Rebuild Remembered Sets and Scrub Regions 18.738ms
[363.939s][info][gc,start    ] GC(781) Pause Cleanup
[363.939s][info][gc          ] GC(781) Pause Cleanup 80M->80M(256M) 0.049ms
[363.939s][info][gc,cpu      ] GC(781) User=0.00s Sys=0.00s Real=0.00s
[363.939s][info][gc,marking  ] GC(781) Concurrent Clear Claimed Marks
[363.940s][info][gc,marking  ] GC(781) Concurrent Clear Claimed Marks 0.035ms
[363.940s][info][gc,marking  ] GC(781) Concurrent Cleanup for Next Mark
[363.940s][info][gc,marking  ] GC(781) Concurrent Cleanup for Next Mark 0.814ms
[363.940s][info][gc          ] GC(781) Concurrent Mark Cycle 78.245ms
[364.430s][info][gc,start    ] GC(782) Pause Young (Prepare Mixed) (G1 Evacuation Pause)
[364.430s][info][gc,task     ] GC(782) Using 2 workers of 2 for evacuation
[364.453s][info][gc,phases   ] GC(782)   Pre Evacuate Collection Set: 0.16ms
[364.453s][info][gc,phases   ] GC(782)   Merge Heap Roots: 0.08ms
[364.453s][info][gc,phases   ] GC(782)   Evacuate Collection Set: 21.75ms
[364.453s][info][gc,phases   ] GC(782)   Post Evacuate Collection Set: 0.46ms
[364.453s][info][gc,phases   ] GC(782)   Other: 0.07ms
[364.453s][info][gc,heap     ] GC(782) Eden regions: 151->0(132)
[364.453s][info][gc,heap     ] GC(782) Survivor regions: 2->20(20)
[364.453s][info][gc,heap     ] GC(782) Old regions: 58->61
[364.453s][info][gc,heap     ] GC(782) Humongous regions: 5->3
[364.453s][info][gc,metaspace] GC(782) Metaspace: 42912K(43264K)->42912K(43264K) NonClass: 40094K(40320K)->40094K(40320K) Class: 2817K(2944K)->2817K(2944K)
[364.453s][info][gc          ] GC(782) Pause Young (Prepare Mixed) (G1 Evacuation Pause) 214M->83M(256M) 22.717ms
[364.453s][info][gc,cpu      ] GC(782) User=0.04s Sys=0.00s Real=0.03s
[364.920s][info][gc,start    ] GC(783) Pause Young (Mixed) (G1 Evacuation Pause)
[364.921s][info][gc,task     ] GC(783) Using 2 workers of 2 for evacuation
[364.942s][info][gc,phases   ] GC(783)   Pre Evacuate Collection Set: 0.17ms
[364.942s][info][gc,phases   ] GC(783)   Merge Heap Roots: 0.13ms
[364.942s][info][gc,phases   ] GC(783)   Evacuate Collection Set: 20.66ms
[364.942s][info][gc,phases   ] GC(783)   Post Evacuate Collection Set: 0.48ms
[364.942s][info][gc,phases   ] GC(783)   Other: 0.09ms
[364.942s][info][gc,heap     ] GC(783) Eden regions: 132->0(145)
[364.942s][info][gc,heap     ] GC(783) Survivor regions: 20->8(19)
[364.942s][info][gc,heap     ] GC(783) Old regions: 61->59
[364.942s][info][gc,heap     ] GC(783) Humongous regions: 13->3
[364.942s][info][gc,metaspace] GC(783) Metaspace: 42913K(43264K)->42913K(43264K) NonClass: 40095K(40320K)->40095K(40320K) Class: 2817K(2944K)->2817K(2944K)
[364.942s][info][gc          ] GC(783) Pause Young (Mixed) (G1 Evacuation Pause) 225M->69M(256M) 21.697ms
[364.942s][info][gc,cpu      ] GC(783) User=0.04s Sys=0.00s Real=0.03s
[365.005s][info][gc,start    ] GC(784) Pause Young (Concurrent Start) (G1 Humongous Allocation)
[365.005s][info][gc,task     ] GC(784) Using 2 workers of 2 for evacuation
[365.012s][info][gc,phases   ] GC(784)   Pre Evacuate Collection Set: 0.18ms
[365.012s][info][gc,phases   ] GC(784)   Merge Heap Roots: 0.07ms
[365.012s][info][gc,phases   ] GC(784)   Evacuate Collection Set: 6.51ms
[365.012s][info][gc,phases   ] GC(784)   Post Evacuate Collection Set: 0.29ms
[365.012s][info][gc,phases   ] GC(784)   Other: 0.10ms
[365.012s][info][gc,heap     ] GC(784) Eden regions: 20->0(147)
[365.012s][info][gc,heap     ] GC(784) Survivor regions: 8->6(20)
[365.012s][info][gc,heap     ] GC(784) Old regions: 59->59
[365.012s][info][gc,heap     ] GC(784) Humongous regions: 3->1
[365.012s][info][gc,metaspace] GC(784) Metaspace: 42913K(43264K)->42913K(43264K) NonClass: 40095K(40320K)->40095K(40320K) Class: 2817K(2944K)->2817K(2944K)
[365.012s][info][gc          ] GC(784) Pause Young (Concurrent Start) (G1 Humongous Allocation) 89M->65M(256M) 7.302ms
[365.012s][info][gc,cpu      ] GC(784) User=0.01s Sys=0.00s Real=0.01s
[365.012s][info][gc          ] GC(785) Concurrent Mark Cycle
[365.012s][info][gc,marking  ] GC(785) Concurrent Scan Root Regions
[365.026s][info][gc,marking  ] GC(785) Concurrent Scan Root Regions 13.742ms
[365.026s][info][gc,marking  ] GC(785) Concurrent Mark
[365.026s][info][gc,marking  ] GC(785) Concurrent Mark From Roots
[365.026s][info][gc,task     ] GC(785) Using 1 workers of 1 for marking
[365.088s][info][gc,marking  ] GC(785) Concurrent Mark From Roots 62.595ms
[365.088s][info][gc,marking  ] GC(785) Concurrent Preclean
[365.088s][info][gc,marking  ] GC(785) Concurrent Preclean 0.035ms
[365.088s][info][gc,start    ] GC(785) Pause Remark
[365.103s][info][gc          ] GC(785) Pause Remark 80M->80M(256M) 14.393ms
[365.103s][info][gc,cpu      ] GC(785) User=0.03s Sys=0.00s Real=0.02s
[365.103s][info][gc,marking  ] GC(785) Concurrent Mark 77.186ms
[365.103s][info][gc,marking  ] GC(785) Concurrent Rebuild Remembered Sets and Scrub Regions
[365.130s][info][gc,marking  ] GC(785) Concurrent Rebuild Remembered Sets and Scrub Regions 26.913ms
[365.130s][info][gc,start    ] GC(785) Pause Cleanup
[365.130s][info][gc          ] GC(785) Pause Cleanup 80M->80M(256M) 0.037ms
[365.130s][info][gc,cpu      ] GC(785) User=0.00s Sys=0.00s Real=0.00s
[365.130s][info][gc,marking  ] GC(785) Concurrent Clear Claimed Marks
[365.130s][info][gc,marking  ] GC(785) Concurrent Clear Claimed Marks 0.033ms
[365.130s][info][gc,marking  ] GC(785) Concurrent Cleanup for Next Mark
[365.131s][info][gc,marking  ] GC(785) Concurrent Cleanup for Next Mark 0.724ms
[365.131s][info][gc          ] GC(785) Concurrent Mark Cycle 118.803ms
[365.591s][info][gc,start    ] GC(786) Pause Young (Prepare Mixed) (G1 Evacuation Pause)
[365.591s][info][gc,task     ] GC(786) Using 2 workers of 2 for evacuation
[365.603s][info][gc,phases   ] GC(786)   Pre Evacuate Collection Set: 0.16ms
[365.603s][info][gc,phases   ] GC(786)   Merge Heap Roots: 0.11ms
[365.603s][info][gc,phases   ] GC(786)   Evacuate Collection Set: 11.12ms
[365.603s][info][gc,phases   ] GC(786)   Post Evacuate Collection Set: 0.41ms
[365.603s][info][gc,phases   ] GC(786)   Other: 0.07ms
[365.603s][info][gc,heap     ] GC(786) Eden regions: 147->0(141)
[365.603s][info][gc,heap     ] GC(786) Survivor regions: 6->12(20)
[365.603s][info][gc,heap     ] GC(786) Old regions: 59->59
[365.603s][info][gc,heap     ] GC(786) Humongous regions: 15->3
[365.603s][info][gc,metaspace] GC(786) Metaspace: 42913K(43264K)->42913K(43264K) NonClass: 40095K(40320K)->40095K(40320K) Class: 2817K(2944K)->2817K(2944K)
[365.603s][info][gc          ] GC(786) Pause Young (Prepare Mixed) (G1 Evacuation Pause) 226M->73M(256M) 12.033ms
[365.603s][info][gc,cpu      ] GC(786) User=0.02s Sys=0.00s Real=0.02s
[366.116s][info][gc,start    ] GC(787) Pause Young (Mixed) (G1 Evacuation Pause)
[366.116s][info][gc,task     ] GC(787) Using 2 workers of 2 for evacuation
[366.133s][info][gc,phases   ] GC(787)   Pre Evacuate Collection Set: 0.17ms
[366.133s][info][gc,phases   ] GC(787)   Merge Heap Roots: 0.15ms
[366.133s][info][gc,phases   ] GC(787)   Evacuate Collection Set: 15.61ms
[366.133s][info][gc,phases   ] GC(787)   Post Evacuate Collection Set: 0.47ms
[366.133s][info][gc,phases   ] GC(787)   Other: 0.10ms
[366.133s][info][gc,heap     ] GC(787) Eden regions: 141->0(145)
[366.133s][info][gc,heap     ] GC(787) Survivor regions: 12->8(20)
[366.133s][info][gc,heap     ] GC(787) Old regions: 59->61
[366.133s][info][gc,heap     ] GC(787) Humongous regions: 13->3
[366.133s][info][gc,metaspace] GC(787) Metaspace: 42913K(43264K)->42913K(43264K) NonClass: 40095K(40320K)->40095K(40320K) Class: 2817K(2944K)->2817K(2944K)
[366.133s][info][gc          ] GC(787) Pause Young (Mixed) (G1 Evacuation Pause) 224M->71M(256M) 16.683ms
[366.133s][info][gc,cpu      ] GC(787) User=0.03s Sys=0.00s Real=0.02s
[366.237s][info][gc,start    ] GC(788) Pause Young (Concurrent Start) (G1 Humongous Allocation)
[366.237s][info][gc,task     ] GC(788) Using 2 workers of 2 for evacuation
[366.240s][info][gc,phases   ] GC(788)   Pre Evacuate Collection Set: 0.19ms
[366.240s][info][gc,phases   ] GC(788)   Merge Heap Roots: 0.04ms
[366.240s][info][gc,phases   ] GC(788)   Evacuate Collection Set: 2.15ms
[366.240s][info][gc,phases   ] GC(788)   Post Evacuate Collection Set: 0.27ms
[366.240s][info][gc,phases   ] GC(788)   Other: 0.07ms
[366.240s][info][gc,heap     ] GC(788) Eden regions: 24->0(150)
[366.240s][info][gc,heap     ] GC(788) Survivor regions: 8->3(20)
[366.240s][info][gc,heap     ] GC(788) Old regions: 61->61
[366.240s][info][gc,heap     ] GC(788) Humongous regions: 3->1
[366.240s][info][gc,metaspace] GC(788) Metaspace: 42913K(43264K)->42913K(43264K) NonClass: 40095K(40320K)->40095K(40320K) Class: 2817K(2944K)->2817K(2944K)
[366.240s][info][gc          ] GC(788) Pause Young (Concurrent Start) (G1 Humongous Allocation) 95M->64M(256M) 2.887ms
[366.240s][info][gc,cpu      ] GC(788) User=0.00s Sys=0.00s Real=0.00s
[366.240s][info][gc          ] GC(789) Concurrent Mark Cycle
[366.240s][info][gc,marking  ] GC(789) Concurrent Scan Root Regions
[366.242s][info][gc,marking  ] GC(789) Concurrent Scan Root Regions 2.525ms
[366.242s][info][gc,marking  ] GC(789) Concurrent Mark
[366.242s][info][gc,marking  ] GC(789) Concurrent Mark From Roots
[366.242s][info][gc,task     ] GC(789) Using 1 workers of 1 for marking
[366.289s][info][gc,marking  ] GC(789) Concurrent Mark From Roots 46.989ms
[366.289s][info][gc,marking  ] GC(789) Concurrent Preclean
[366.289s][info][gc,marking  ] GC(789) Concurrent Preclean 0.034ms
[366.290s][info][gc,start    ] GC(789) Pause Remark
[366.304s][info][gc          ] GC(789) Pause Remark 74M->66M(256M) 14.343ms
[366.304s][info][gc,cpu      ] GC(789) User=0.03s Sys=0.00s Real=0.02s
[366.304s][info][gc,marking  ] GC(789) Concurrent Mark 61.608ms
[366.304s][info][gc,marking  ] GC(789) Concurrent Rebuild Remembered Sets and Scrub Regions
[366.323s][info][gc,marking  ] GC(789) Concurrent Rebuild Remembered Sets and Scrub Regions 19.023ms
[366.323s][info][gc,start    ] GC(789) Pause Cleanup
[366.323s][info][gc          ] GC(789) Pause Cleanup 71M->71M(256M) 0.038ms
[366.323s][info][gc,cpu      ] GC(789) User=0.00s Sys=0.00s Real=0.00s
[366.323s][info][gc,marking  ] GC(789) Concurrent Clear Claimed Marks
[366.323s][info][gc,marking  ] GC(789) Concurrent Clear Claimed Marks 0.033ms
[366.323s][info][gc,marking  ] GC(789) Concurrent Cleanup for Next Mark
[366.324s][info][gc,marking  ] GC(789) Concurrent Cleanup for Next Mark 0.721ms
[366.324s][info][gc          ] GC(789) Concurrent Mark Cycle 84.156ms
[366.777s][info][gc,start    ] GC(790) Pause Young (Prepare Mixed) (G1 Evacuation Pause)
[366.777s][info][gc,task     ] GC(790) Using 2 workers of 2 for evacuation
[366.800s][info][gc,phases   ] GC(790)   Pre Evacuate Collection Set: 0.16ms
[366.800s][info][gc,phases   ] GC(790)   Merge Heap Roots: 0.06ms
[366.800s][info][gc,phases   ] GC(790)   Evacuate Collection Set: 21.37ms
[366.800s][info][gc,phases   ] GC(790)   Post Evacuate Collection Set: 0.45ms
[366.800s][info][gc,phases   ] GC(790)   Other: 0.07ms
[366.800s][info][gc,heap     ] GC(790) Eden regions: 150->0(133)
[366.800s][info][gc,heap     ] GC(790) Survivor regions: 3->20(20)
[366.800s][info][gc,heap     ] GC(790) Old regions: 53->59
[366.800s][info][gc,heap     ] GC(790) Humongous regions: 5->3
[366.800s][info][gc,metaspace] GC(790) Metaspace: 42913K(43264K)->42913K(43264K) NonClass: 40095K(40320K)->40095K(40320K) Class: 2817K(2944K)->2817K(2944K)
[366.800s][info][gc          ] GC(790) Pause Young (Prepare Mixed) (G1 Evacuation Pause) 210M->81M(256M) 22.288ms
[366.800s][info][gc,cpu      ] GC(790) User=0.04s Sys=0.00s Real=0.02s
[367.364s][info][gc,start    ] GC(791) Pause Young (Mixed) (G1 Evacuation Pause)
[367.364s][info][gc,task     ] GC(791) Using 2 workers of 2 for evacuation
[367.426s][info][gc,phases   ] GC(791)   Pre Evacuate Collection Set: 0.20ms
[367.426s][info][gc,phases   ] GC(791)   Merge Heap Roots: 0.16ms
[367.426s][info][gc,phases   ] GC(791)   Evacuate Collection Set: 60.87ms
[367.426s][info][gc,phases   ] GC(791)   Post Evacuate Collection Set: 0.48ms
[367.426s][info][gc,phases   ] GC(791)   Other: 0.07ms
[367.426s][info][gc,heap     ] GC(791) Eden regions: 133->0(125)
[367.426s][info][gc,heap     ] GC(791) Survivor regions: 20->20(20)
[367.426s][info][gc,heap     ] GC(791) Old regions: 59->62
[367.426s][info][gc,heap     ] GC(791) Humongous regions: 3->3
[367.426s][info][gc,metaspace] GC(791) Metaspace: 42913K(43264K)->42913K(43264K) NonClass: 40095K(40320K)->40095K(40320K) Class: 2817K(2944K)->2817K(2944K)
[367.426s][info][gc          ] GC(791) Pause Young (Mixed) (G1 Evacuation Pause) 214M->84M(256M) 61.995ms
[367.426s][info][gc,cpu      ] GC(791) User=0.07s Sys=0.00s Real=0.06s
[367.596s][info][gc,start    ] GC(792) Pause Young (Concurrent Start) (G1 Humongous Allocation)
[367.596s][info][gc,task     ] GC(792) Using 2 workers of 2 for evacuation
[367.627s][info][gc,phases   ] GC(792)   Pre Evacuate Collection Set: 0.17ms
[367.627s][info][gc,phases   ] GC(792)   Merge Heap Roots: 0.14ms
[367.627s][info][gc,phases   ] GC(792)   Evacuate Collection Set: 29.94ms
[367.627s][info][gc,phases   ] GC(792)   Post Evacuate Collection Set: 0.60ms
[367.627s][info][gc,phases   ] GC(792)   Other: 0.08ms
[367.627s][info][gc,heap     ] GC(792) Eden regions: 45->0(135)
[367.627s][info][gc,heap     ] GC(792) Survivor regions: 20->13(19)
[367.627s][info][gc,heap     ] GC(792) Old regions: 62->81
[367.627s][info][gc,heap     ] GC(792) Humongous regions: 3->1
[367.627s][info][gc,metaspace] GC(792) Metaspace: 42913K(43264K)->42913K(43264K) NonClass: 40095K(40320K)->40095K(40320K) Class: 2817K(2944K)->2817K(2944K)
[367.627s][info][gc          ] GC(792) Pause Young (Concurrent Start) (G1 Humongous Allocation) 129M->94M(290M) 31.098ms
[367.627s][info][gc,cpu      ] GC(792) User=0.06s Sys=0.00s Real=0.03s
[367.627s][info][gc          ] GC(793) Concurrent Mark Cycle
[367.627s][info][gc,marking  ] GC(793) Concurrent Scan Root Regions
[367.660s][info][gc,marking  ] GC(793) Concurrent Scan Root Regions 32.881ms
[367.660s][info][gc,marking  ] GC(793) Concurrent Mark
[367.660s][info][gc,marking  ] GC(793) Concurrent Mark From Roots
[367.660s][info][gc,task     ] GC(793) Using 1 workers of 1 for marking
[367.729s][info][gc,marking  ] GC(793) Concurrent Mark From Roots 69.592ms
[367.729s][info][gc,marking  ] GC(793) Concurrent Preclean
[367.729s][info][gc,marking  ] GC(793) Concurrent Preclean 0.033ms
[367.730s][info][gc,start    ] GC(793) Pause Remark
[367.744s][info][gc          ] GC(793) Pause Remark 122M->122M(290M) 14.679ms
[367.744s][info][gc,cpu      ] GC(793) User=0.03s Sys=0.00s Real=0.02s
[367.744s][info][gc,marking  ] GC(793) Concurrent Mark 84.577ms
[367.744s][info][gc,marking  ] GC(793) Concurrent Rebuild Remembered Sets and Scrub Regions
[367.794s][info][gc,marking  ] GC(793) Concurrent Rebuild Remembered Sets and Scrub Regions 50.046ms
[367.795s][info][gc,start    ] GC(793) Pause Cleanup
[367.795s][info][gc          ] GC(793) Pause Cleanup 133M->133M(290M) 0.046ms
[367.795s][info][gc,cpu      ] GC(793) User=0.00s Sys=0.00s Real=0.00s
[367.795s][info][gc,marking  ] GC(793) Concurrent Clear Claimed Marks
[367.795s][info][gc,marking  ] GC(793) Concurrent Clear Claimed Marks 0.037ms
[367.795s][info][gc,marking  ] GC(793) Concurrent Cleanup for Next Mark
[367.796s][info][gc,marking  ] GC(793) Concurrent Cleanup for Next Mark 1.198ms
[367.796s][info][gc          ] GC(793) Concurrent Mark Cycle 169.061ms
[368.150s][info][gc,start    ] GC(794) Pause Young (Prepare Mixed) (G1 Evacuation Pause)
[368.150s][info][gc,task     ] GC(794) Using 2 workers of 2 for evacuation
[368.172s][info][gc,phases   ] GC(794)   Pre Evacuate Collection Set: 0.17ms
[368.172s][info][gc,phases   ] GC(794)   Merge Heap Roots: 0.12ms
[368.172s][info][gc,phases   ] GC(794)   Evacuate Collection Set: 21.19ms
[368.172s][info][gc,phases   ] GC(794)   Post Evacuate Collection Set: 0.46ms
[368.172s][info][gc,phases   ] GC(794)   Other: 0.08ms
[368.172s][info][gc,heap     ] GC(794) Eden regions: 135->0(129)
[368.172s][info][gc,heap     ] GC(794) Survivor regions: 13->11(19)
[368.172s][info][gc,heap     ] GC(794) Old regions: 81->94
[368.172s][info][gc,heap     ] GC(794) Humongous regions: 5->3
[368.172s][info][gc,metaspace] GC(794) Metaspace: 42913K(43264K)->42913K(43264K) NonClass: 40095K(40320K)->40095K(40320K) Class: 2817K(2944K)->2817K(2944K)
[368.172s][info][gc          ] GC(794) Pause Young (Prepare Mixed) (G1 Evacuation Pause) 233M->107M(290M) 22.192ms
[368.172s][info][gc,cpu      ] GC(794) User=0.04s Sys=0.00s Real=0.03s
[368.619s][info][gc,start    ] GC(795) Pause Young (Mixed) (G1 Evacuation Pause)
[368.619s][info][gc,task     ] GC(795) Using 2 workers of 2 for evacuation
[368.646s][info][gc,phases   ] GC(795)   Pre Evacuate Collection Set: 0.18ms
[368.646s][info][gc,phases   ] GC(795)   Merge Heap Roots: 0.43ms
[368.646s][info][gc,phases   ] GC(795)   Evacuate Collection Set: 26.60ms
[368.646s][info][gc,phases   ] GC(795)   Post Evacuate Collection Set: 0.54ms
[368.646s][info][gc,phases   ] GC(795)   Other: 0.09ms
[368.646s][info][gc,heap     ] GC(795) Eden regions: 129->0(141)
[368.646s][info][gc,heap     ] GC(795) Survivor regions: 11->6(18)
[368.646s][info][gc,heap     ] GC(795) Old regions: 94->92
[368.647s][info][gc,heap     ] GC(795) Humongous regions: 11->3
[368.647s][info][gc,metaspace] GC(795) Metaspace: 42914K(43264K)->42914K(43264K) NonClass: 40096K(40320K)->40096K(40320K) Class: 2817K(2944K)->2817K(2944K)
[368.647s][info][gc          ] GC(795) Pause Young (Mixed) (G1 Evacuation Pause) 244M->100M(290M) 28.021ms
[368.647s][info][gc,cpu      ] GC(795) User=0.06s Sys=0.00s Real=0.03s
[368.662s][info][gc,start    ] GC(796) Pause Young (Concurrent Start) (G1 Humongous Allocation)
[368.662s][info][gc,task     ] GC(796) Using 2 workers of 2 for evacuation
[368.664s][info][gc,phases   ] GC(796)   Pre Evacuate Collection Set: 0.15ms
[368.664s][info][gc,phases   ] GC(796)   Merge Heap Roots: 0.03ms
[368.664s][info][gc,phases   ] GC(796)   Evacuate Collection Set: 1.19ms
[368.664s][info][gc,phases   ] GC(796)   Post Evacuate Collection Set: 0.24ms
[368.664s][info][gc,phases   ] GC(796)   Other: 0.08ms
[368.664s][info][gc,heap     ] GC(796) Eden regions: 5->0(155)
[368.664s][info][gc,heap     ] GC(796) Survivor regions: 6->1(19)
[368.664s][info][gc,heap     ] GC(796) Old regions: 92->92
[368.664s][info][gc,heap     ] GC(796) Humongous regions: 3->1
[368.664s][info][gc,metaspace] GC(796) Metaspace: 42914K(43264K)->42914K(43264K) NonClass: 40096K(40320K)->40096K(40320K) Class: 2817K(2944K)->2817K(2944K)
[368.664s][info][gc          ] GC(796) Pause Young (Concurrent Start) (G1 Humongous Allocation) 105M->93M(290M) 1.868ms
[368.664s][info][gc,cpu      ] GC(796) User=0.00s Sys=0.00s Real=0.00s
[368.664s][info][gc          ] GC(797) Concurrent Mark Cycle
[368.664s][info][gc,marking  ] GC(797) Concurrent Scan Root Regions
[368.666s][info][gc,marking  ] GC(797) Concurrent Scan Root Regions 1.987ms
[368.666s][info][gc,marking  ] GC(797) Concurrent Mark
[368.666s][info][gc,marking  ] GC(797) Concurrent Mark From Roots
[368.666s][info][gc,task     ] GC(797) Using 1 workers of 1 for marking
[368.721s][info][gc,marking  ] GC(797) Concurrent Mark From Roots 54.530ms
[368.721s][info][gc,marking  ] GC(797) Concurrent Preclean
[368.721s][info][gc,marking  ] GC(797) Concurrent Preclean 0.031ms
[368.721s][info][gc,start    ] GC(797) Pause Remark
[368.736s][info][gc          ] GC(797) Pause Remark 114M->98M(267M) 14.583ms
[368.736s][info][gc,cpu      ] GC(797) User=0.02s Sys=0.00s Real=0.02s
[368.736s][info][gc,marking  ] GC(797) Concurrent Mark 70.188ms
[368.736s][info][gc,marking  ] GC(797) Concurrent Rebuild Remembered Sets and Scrub Regions
[368.757s][info][gc,marking  ] GC(797) Concurrent Rebuild Remembered Sets and Scrub Regions 20.751ms
[368.757s][info][gc,start    ] GC(797) Pause Cleanup
[368.757s][info][gc          ] GC(797) Pause Cleanup 103M->103M(267M) 0.046ms
[368.757s][info][gc,cpu      ] GC(797) User=0.00s Sys=0.00s Real=0.00s
[368.757s][info][gc,marking  ] GC(797) Concurrent Clear Claimed Marks
[368.757s][info][gc,marking  ] GC(797) Concurrent Clear Claimed Marks 0.032ms
[368.757s][info][gc,marking  ] GC(797) Concurrent Cleanup for Next Mark
[368.758s][info][gc,marking  ] GC(797) Concurrent Cleanup for Next Mark 0.775ms
[368.758s][info][gc          ] GC(797) Concurrent Mark Cycle 94.082ms
[369.234s][info][gc,start    ] GC(798) Pause Young (Prepare Mixed) (G1 Evacuation Pause)
[369.234s][info][gc,task     ] GC(798) Using 2 workers of 2 for evacuation
[369.248s][info][gc,phases   ] GC(798)   Pre Evacuate Collection Set: 0.16ms
[369.249s][info][gc,phases   ] GC(798)   Merge Heap Roots: 0.09ms
[369.249s][info][gc,phases   ] GC(798)   Evacuate Collection Set: 13.93ms
[369.249s][info][gc,phases   ] GC(798)   Post Evacuate Collection Set: 0.39ms
[369.249s][info][gc,phases   ] GC(798)   Other: 0.07ms
[369.249s][info][gc,heap     ] GC(798) Eden regions: 155->0(135)
[369.249s][info][gc,heap     ] GC(798) Survivor regions: 1->14(20)
[369.249s][info][gc,heap     ] GC(798) Old regions: 76->76
[369.249s][info][gc,heap     ] GC(798) Humongous regions: 5->3
[369.249s][info][gc,metaspace] GC(798) Metaspace: 42914K(43264K)->42914K(43264K) NonClass: 40096K(40320K)->40096K(40320K) Class: 2817K(2944K)->2817K(2944K)
[369.249s][info][gc          ] GC(798) Pause Young (Prepare Mixed) (G1 Evacuation Pause) 236M->92M(267M) 14.825ms
[369.249s][info][gc,cpu      ] GC(798) User=0.02s Sys=0.00s Real=0.01s
[369.708s][info][gc,start    ] GC(799) Pause Young (Mixed) (G1 Evacuation Pause)
[369.708s][info][gc,task     ] GC(799) Using 2 workers of 2 for evacuation
[369.712s][info][gc,phases   ] GC(799)   Pre Evacuate Collection Set: 0.19ms
[369.712s][info][gc,phases   ] GC(799)   Merge Heap Roots: 0.08ms
[369.712s][info][gc,phases   ] GC(799)   Evacuate Collection Set: 3.67ms
[369.712s][info][gc,phases   ] GC(799)   Post Evacuate Collection Set: 0.41ms
[369.712s][info][gc,phases   ] GC(799)   Other: 0.07ms
[369.712s][info][gc,heap     ] GC(799) Eden regions: 135->0(158)
[369.712s][info][gc,heap     ] GC(799) Survivor regions: 14->2(19)
[369.712s][info][gc,heap     ] GC(799) Old regions: 76->52
[369.712s][info][gc,heap     ] GC(799) Humongous regions: 11->3
[369.712s][info][gc,metaspace] GC(799) Metaspace: 42914K(43264K)->42914K(43264K) NonClass: 40096K(40320K)->40096K(40320K) Class: 2817K(2944K)->2817K(2944K)
[369.712s][info][gc          ] GC(799) Pause Young (Mixed) (G1 Evacuation Pause) 235M->56M(267M) 4.599ms
[369.712s][info][gc,cpu      ] GC(799) User=0.01s Sys=0.00s Real=0.01s
[369.909s][info][gc,start    ] GC(800) Pause Young (Concurrent Start) (G1 Humongous Allocation)
[369.909s][info][gc,task     ] GC(800) Using 2 workers of 2 for evacuation
[369.912s][info][gc,phases   ] GC(800)   Pre Evacuate Collection Set: 0.19ms
[369.912s][info][gc,phases   ] GC(800)   Merge Heap Roots: 0.06ms
[369.912s][info][gc,phases   ] GC(800)   Evacuate Collection Set: 1.96ms
[369.912s][info][gc,phases   ] GC(800)   Post Evacuate Collection Set: 0.43ms
[369.912s][info][gc,phases   ] GC(800)   Other: 0.11ms
[369.912s][info][gc,heap     ] GC(800) Eden regions: 64->0(158)
[369.912s][info][gc,heap     ] GC(800) Survivor regions: 2->2(20)
[369.912s][info][gc,heap     ] GC(800) Old regions: 52->52
[369.912s][info][gc,heap     ] GC(800) Humongous regions: 3->1
[369.912s][info][gc,metaspace] GC(800) Metaspace: 42914K(43264K)->42914K(43264K) NonClass: 40096K(40320K)->40096K(40320K) Class: 2817K(2944K)->2817K(2944K)
[369.912s][info][gc          ] GC(800) Pause Young (Concurrent Start) (G1 Humongous Allocation) 120M->54M(267M) 2.912ms
[369.912s][info][gc,cpu      ] GC(800) User=0.01s Sys=0.00s Real=0.01s
[369.920s][info][gc          ] GC(801) Concurrent Mark Cycle
[369.920s][info][gc,marking  ] GC(801) Concurrent Scan Root Regions
[369.929s][info][gc,marking  ] GC(801) Concurrent Scan Root Regions 9.131ms
[369.929s][info][gc,marking  ] GC(801) Concurrent Mark
[369.929s][info][gc,marking  ] GC(801) Concurrent Mark From Roots
[369.929s][info][gc,task     ] GC(801) Using 1 workers of 1 for marking
[369.992s][info][gc,marking  ] GC(801) Concurrent Mark From Roots 62.406ms
[369.992s][info][gc,marking  ] GC(801) Concurrent Preclean
[369.992s][info][gc,marking  ] GC(801) Concurrent Preclean 0.032ms
[369.992s][info][gc,start    ] GC(801) Pause Remark
[370.006s][info][gc          ] GC(801) Pause Remark 81M->81M(256M) 14.499ms
[370.006s][info][gc,cpu      ] GC(801) User=0.03s Sys=0.00s Real=0.01s
[370.006s][info][gc,marking  ] GC(801) Concurrent Mark 77.234ms
[370.006s][info][gc,marking  ] GC(801) Concurrent Rebuild Remembered Sets and Scrub Regions
[370.028s][info][gc,marking  ] GC(801) Concurrent Rebuild Remembered Sets and Scrub Regions 21.124ms
[370.028s][info][gc,start    ] GC(801) Pause Cleanup
[370.028s][info][gc          ] GC(801) Pause Cleanup 85M->85M(256M) 0.040ms
[370.028s][info][gc,cpu      ] GC(801) User=0.00s Sys=0.00s Real=0.00s
[370.028s][info][gc,marking  ] GC(801) Concurrent Clear Claimed Marks
[370.028s][info][gc,marking  ] GC(801) Concurrent Clear Claimed Marks 0.034ms
[370.028s][info][gc,marking  ] GC(801) Concurrent Cleanup for Next Mark
[370.029s][info][gc,marking  ] GC(801) Concurrent Cleanup for Next Mark 0.719ms
[370.029s][info][gc          ] GC(801) Concurrent Mark Cycle 108.585ms
[370.449s][info][gc,start    ] GC(802) Pause Young (Prepare Mixed) (G1 Evacuation Pause)
[370.449s][info][gc,task     ] GC(802) Using 2 workers of 2 for evacuation
[370.459s][info][gc,phases   ] GC(802)   Pre Evacuate Collection Set: 0.17ms
[370.459s][info][gc,phases   ] GC(802)   Merge Heap Roots: 0.06ms
[370.459s][info][gc,phases   ] GC(802)   Evacuate Collection Set: 9.25ms
[370.459s][info][gc,phases   ] GC(802)   Post Evacuate Collection Set: 0.40ms
[370.459s][info][gc,phases   ] GC(802)   Other: 0.09ms
[370.459s][info][gc,heap     ] GC(802) Eden regions: 151->0(142)
[370.459s][info][gc,heap     ] GC(802) Survivor regions: 2->11(20)
[370.459s][info][gc,heap     ] GC(802) Old regions: 52->52
[370.459s][info][gc,heap     ] GC(802) Humongous regions: 5->3
[370.459s][info][gc,metaspace] GC(802) Metaspace: 42914K(43264K)->42914K(43264K) NonClass: 40096K(40320K)->40096K(40320K) Class: 2817K(2944K)->2817K(2944K)
[370.459s][info][gc          ] GC(802) Pause Young (Prepare Mixed) (G1 Evacuation Pause) 209M->65M(256M) 10.142ms
[370.459s][info][gc,cpu      ] GC(802) User=0.01s Sys=0.00s Real=0.01s
[370.987s][info][gc,start    ] GC(803) Pause Young (Mixed) (G1 Evacuation Pause)
[370.987s][info][gc,task     ] GC(803) Using 2 workers of 2 for evacuation
[371.001s][info][gc,phases   ] GC(803)   Pre Evacuate Collection Set: 0.17ms
[371.001s][info][gc,phases   ] GC(803)   Merge Heap Roots: 0.07ms
[371.001s][info][gc,phases   ] GC(803)   Evacuate Collection Set: 12.75ms
[371.001s][info][gc,phases   ] GC(803)   Post Evacuate Collection Set: 0.49ms
[371.001s][info][gc,phases   ] GC(803)   Other: 0.07ms
[371.001s][info][gc,heap     ] GC(803) Eden regions: 142->0(138)
[371.001s][info][gc,heap     ] GC(803) Survivor regions: 11->15(20)
[371.001s][info][gc,heap     ] GC(803) Old regions: 52->49
[371.001s][info][gc,heap     ] GC(803) Humongous regions: 9->3
[371.001s][info][gc,metaspace] GC(803) Metaspace: 42914K(43264K)->42914K(43264K) NonClass: 40096K(40320K)->40096K(40320K) Class: 2817K(2944K)->2817K(2944K)
[371.001s][info][gc          ] GC(803) Pause Young (Mixed) (G1 Evacuation Pause) 213M->65M(256M) 13.738ms
[371.001s][info][gc,cpu      ] GC(803) User=0.03s Sys=0.00s Real=0.02s
[371.342s][info][gc,start    ] GC(804) Pause Young (Concurrent Start) (G1 Evacuation Pause)
[371.342s][info][gc,task     ] GC(804) Using 2 workers of 2 for evacuation
[371.379s][info][gc,phases   ] GC(804)   Pre Evacuate Collection Set: 0.16ms
[371.379s][info][gc,phases   ] GC(804)   Merge Heap Roots: 0.05ms
[371.379s][info][gc,phases   ] GC(804)   Evacuate Collection Set: 36.50ms
[371.379s][info][gc,phases   ] GC(804)   Post Evacuate Collection Set: 0.46ms
[371.379s][info][gc,phases   ] GC(804)   Other: 0.09ms
[371.379s][info][gc,heap     ] GC(804) Eden regions: 138->0(119)
[371.379s][info][gc,heap     ] GC(804) Survivor regions: 15->20(20)
[371.379s][info][gc,heap     ] GC(804) Old regions: 49->69
[371.379s][info][gc,heap     ] GC(804) Humongous regions: 3->3
[371.379s][info][gc,metaspace] GC(804) Metaspace: 42914K(43264K)->42914K(43264K) NonClass: 40096K(40320K)->40096K(40320K) Class: 2817K(2944K)->2817K(2944K)
[371.379s][info][gc          ] GC(804) Pause Young (Concurrent Start) (G1 Evacuation Pause) 203M->92M(256M) 37.445ms
[371.379s][info][gc,cpu      ] GC(804) User=0.07s Sys=0.00s Real=0.03s
[371.379s][info][gc          ] GC(805) Concurrent Mark Cycle
[371.380s][info][gc,marking  ] GC(805) Concurrent Scan Root Regions
[371.420s][info][gc,marking  ] GC(805) Concurrent Scan Root Regions 39.909ms
[371.420s][info][gc,marking  ] GC(805) Concurrent Mark
[371.420s][info][gc,marking  ] GC(805) Concurrent Mark From Roots
[371.420s][info][gc,task     ] GC(805) Using 1 workers of 1 for marking
[371.492s][info][gc,marking  ] GC(805) Concurrent Mark From Roots 72.004ms
[371.492s][info][gc,marking  ] GC(805) Concurrent Preclean
[371.492s][info][gc,marking  ] GC(805) Concurrent Preclean 0.032ms
[371.492s][info][gc,start    ] GC(805) Pause Remark
[371.506s][info][gc          ] GC(805) Pause Remark 110M->110M(256M) 14.455ms
[371.506s][info][gc,cpu      ] GC(805) User=0.03s Sys=0.00s Real=0.01s
[371.506s][info][gc,marking  ] GC(805) Concurrent Mark 86.731ms
[371.506s][info][gc,marking  ] GC(805) Concurrent Rebuild Remembered Sets and Scrub Regions
[371.556s][info][gc,marking  ] GC(805) Concurrent Rebuild Remembered Sets and Scrub Regions 49.401ms
[371.556s][info][gc,start    ] GC(805) Pause Cleanup
[371.556s][info][gc          ] GC(805) Pause Cleanup 121M->121M(256M) 0.044ms
[371.556s][info][gc,cpu      ] GC(805) User=0.00s Sys=0.00s Real=0.00s
[371.556s][info][gc,marking  ] GC(805) Concurrent Clear Claimed Marks
[371.556s][info][gc,marking  ] GC(805) Concurrent Clear Claimed Marks 0.036ms
[371.556s][info][gc,marking  ] GC(805) Concurrent Cleanup for Next Mark
[371.557s][info][gc,marking  ] GC(805) Concurrent Cleanup for Next Mark 0.731ms
[371.557s][info][gc          ] GC(805) Concurrent Mark Cycle 177.842ms
[371.944s][info][gc,start    ] GC(806) Pause Young (Prepare Mixed) (G1 Evacuation Pause)
[371.944s][info][gc,task     ] GC(806) Using 2 workers of 2 for evacuation
[372.004s][info][gc,phases   ] GC(806)   Pre Evacuate Collection Set: 0.16ms
[372.004s][info][gc,phases   ] GC(806)   Merge Heap Roots: 0.24ms
[372.004s][info][gc,phases   ] GC(806)   Evacuate Collection Set: 58.88ms
[372.004s][info][gc,phases   ] GC(806)   Post Evacuate Collection Set: 0.46ms
[372.004s][info][gc,phases   ] GC(806)   Other: 0.08ms
[372.004s][info][gc,heap     ] GC(806) Eden regions: 119->0(90)
[372.004s][info][gc,heap     ] GC(806) Survivor regions: 20->18(18)
[372.004s][info][gc,heap     ] GC(806) Old regions: 69->104
[372.004s][info][gc,heap     ] GC(806) Humongous regions: 3->3
[372.004s][info][gc,metaspace] GC(806) Metaspace: 42914K(43264K)->42914K(43264K) NonClass: 40096K(40320K)->40096K(40320K) Class: 2817K(2944K)->2817K(2944K)
[372.004s][info][gc          ] GC(806) Pause Young (Prepare Mixed) (G1 Evacuation Pause) 211M->125M(264M) 60.007ms
[372.004s][info][gc,cpu      ] GC(806) User=0.12s Sys=0.00s Real=0.06s
[372.408s][info][gc,start    ] GC(807) Pause Young (Mixed) (G1 Evacuation Pause)
[372.408s][info][gc,task     ] GC(807) Using 2 workers of 2 for evacuation
[372.477s][info][gc,phases   ] GC(807)   Pre Evacuate Collection Set: 0.20ms
[372.477s][info][gc,phases   ] GC(807)   Merge Heap Roots: 0.43ms
[372.477s][info][gc,phases   ] GC(807)   Evacuate Collection Set: 67.84ms
[372.477s][info][gc,phases   ] GC(807)   Post Evacuate Collection Set: 0.41ms
[372.477s][info][gc,phases   ] GC(807)   Other: 0.06ms
[372.477s][info][gc,heap     ] GC(807) Eden regions: 90->0(70)
[372.477s][info][gc,heap     ] GC(807) Survivor regions: 18->14(14)
[372.477s][info][gc,heap     ] GC(807) Old regions: 104->132
[372.477s][info][gc,heap     ] GC(807) Humongous regions: 3->3
[372.477s][info][gc,metaspace] GC(807) Metaspace: 42914K(43264K)->42914K(43264K) NonClass: 40096K(40320K)->40096K(40320K) Class: 2817K(2944K)->2817K(2944K)
[372.477s][info][gc          ] GC(807) Pause Young (Mixed) (G1 Evacuation Pause) 215M->148M(264M) 69.110ms
[372.477s][info][gc,cpu      ] GC(807) User=0.11s Sys=0.00s Real=0.07s
[372.804s][info][gc,start    ] GC(808) Pause Young (Concurrent Start) (G1 Evacuation Pause)
[372.804s][info][gc,task     ] GC(808) Using 2 workers of 2 for evacuation
[372.862s][info][gc,phases   ] GC(808)   Pre Evacuate Collection Set: 0.30ms
[372.862s][info][gc,phases   ] GC(808)   Merge Heap Roots: 0.76ms
[372.862s][info][gc,phases   ] GC(808)   Evacuate Collection Set: 56.10ms
[372.862s][info][gc,phases   ] GC(808)   Post Evacuate Collection Set: 0.92ms
[372.862s][info][gc,phases   ] GC(808)   Other: 0.09ms
[372.862s][info][gc,heap     ] GC(808) Eden regions: 70->0(106)
[372.862s][info][gc,heap     ] GC(808) Survivor regions: 14->11(11)
[372.862s][info][gc,heap     ] GC(808) Old regions: 132->155
[372.862s][info][gc,heap     ] GC(808) Humongous regions: 3->3
[372.862s][info][gc,metaspace] GC(808) Metaspace: 42914K(43264K)->42914K(43264K) NonClass: 40096K(40320K)->40096K(40320K) Class: 2817K(2944K)->2817K(2944K)
[372.862s][info][gc          ] GC(808) Pause Young (Concurrent Start) (G1 Evacuation Pause) 218M->168M(336M) 58.359ms
[372.862s][info][gc,cpu      ] GC(808) User=0.08s Sys=0.00s Real=0.06s
[372.862s][info][gc          ] GC(809) Concurrent Mark Cycle
[372.862s][info][gc,marking  ] GC(809) Concurrent Scan Root Regions
[372.916s][info][gc,marking  ] GC(809) Concurrent Scan Root Regions 53.843ms
[372.916s][info][gc,marking  ] GC(809) Concurrent Mark
[372.916s][info][gc,marking  ] GC(809) Concurrent Mark From Roots
[372.916s][info][gc,task     ] GC(809) Using 1 workers of 1 for marking
[373.074s][info][gc,marking  ] GC(809) Concurrent Mark From Roots 157.753ms
[373.074s][info][gc,marking  ] GC(809) Concurrent Preclean
[373.074s][info][gc,marking  ] GC(809) Concurrent Preclean 0.042ms
[373.074s][info][gc,start    ] GC(809) Pause Remark
[373.089s][info][gc          ] GC(809) Pause Remark 209M->209M(336M) 14.997ms
[373.089s][info][gc,cpu      ] GC(809) User=0.03s Sys=0.00s Real=0.01s
[373.090s][info][gc,marking  ] GC(809) Concurrent Mark 173.955ms
[373.090s][info][gc,marking  ] GC(809) Concurrent Rebuild Remembered Sets and Scrub Regions
[373.169s][info][gc,marking  ] GC(809) Concurrent Rebuild Remembered Sets and Scrub Regions 78.397ms
[373.169s][info][gc,start    ] GC(809) Pause Cleanup
[373.169s][info][gc          ] GC(809) Pause Cleanup 236M->236M(336M) 0.074ms
[373.169s][info][gc,cpu      ] GC(809) User=0.00s Sys=0.00s Real=0.00s
[373.169s][info][gc,marking  ] GC(809) Concurrent Clear Claimed Marks
[373.169s][info][gc,marking  ] GC(809) Concurrent Clear Claimed Marks 0.035ms
[373.169s][info][gc,marking  ] GC(809) Concurrent Cleanup for Next Mark
[373.171s][info][gc,marking  ] GC(809) Concurrent Cleanup for Next Mark 1.700ms
[373.171s][info][gc          ] GC(809) Concurrent Mark Cycle 308.549ms
[373.346s][info][gc,start    ] GC(810) Pause Young (Prepare Mixed) (G1 Evacuation Pause)
[373.346s][info][gc,task     ] GC(810) Using 2 workers of 2 for evacuation
[373.379s][info][gc,phases   ] GC(810)   Pre Evacuate Collection Set: 0.20ms
[373.379s][info][gc,phases   ] GC(810)   Merge Heap Roots: 0.23ms
[373.379s][info][gc,phases   ] GC(810)   Evacuate Collection Set: 31.52ms
[373.379s][info][gc,phases   ] GC(810)   Post Evacuate Collection Set: 0.45ms
[373.379s][info][gc,phases   ] GC(810)   Other: 0.07ms
[373.379s][info][gc,heap     ] GC(810) Eden regions: 106->0(95)
[373.379s][info][gc,heap     ] GC(810) Survivor regions: 11->15(15)
[373.379s][info][gc,heap     ] GC(810) Old regions: 155->169
[373.379s][info][gc,heap     ] GC(810) Humongous regions: 5->3
[373.379s][info][gc,metaspace] GC(810) Metaspace: 42914K(43264K)->42914K(43264K) NonClass: 40096K(40320K)->40096K(40320K) Class: 2817K(2944K)->2817K(2944K)
[373.379s][info][gc          ] GC(810) Pause Young (Prepare Mixed) (G1 Evacuation Pause) 276M->187M(336M) 32.640ms
[373.379s][info][gc,cpu      ] GC(810) User=0.06s Sys=0.00s Real=0.03s
[373.716s][info][gc,start    ] GC(811) Pause Young (Mixed) (G1 Evacuation Pause)
[373.716s][info][gc,task     ] GC(811) Using 2 workers of 2 for evacuation
[373.751s][info][gc,phases   ] GC(811)   Pre Evacuate Collection Set: 0.22ms
[373.751s][info][gc,phases   ] GC(811)   Merge Heap Roots: 0.26ms
[373.751s][info][gc,phases   ] GC(811)   Evacuate Collection Set: 33.56ms
[373.751s][info][gc,phases   ] GC(811)   Post Evacuate Collection Set: 0.48ms
[373.751s][info][gc,phases   ] GC(811)   Other: 0.07ms
[373.751s][info][gc,heap     ] GC(811) Eden regions: 95->0(110)
[373.751s][info][gc,heap     ] GC(811) Survivor regions: 15->13(14)
[373.751s][info][gc,heap     ] GC(811) Old regions: 169->152
[373.751s][info][gc,heap     ] GC(811) Humongous regions: 7->3
[373.751s][info][gc,metaspace] GC(811) Metaspace: 42914K(43264K)->42914K(43264K) NonClass: 40096K(40320K)->40096K(40320K) Class: 2817K(2944K)->2817K(2944K)
[373.751s][info][gc          ] GC(811) Pause Young (Mixed) (G1 Evacuation Pause) 286M->168M(336M) 34.801ms
[373.751s][info][gc,cpu      ] GC(811) User=0.07s Sys=0.00s Real=0.04s
[374.130s][info][gc,start    ] GC(812) Pause Young (Mixed) (G1 Evacuation Pause)
[374.131s][info][gc,task     ] GC(812) Using 2 workers of 2 for evacuation
[374.153s][info][gc,phases   ] GC(812)   Pre Evacuate Collection Set: 0.20ms
[374.153s][info][gc,phases   ] GC(812)   Merge Heap Roots: 0.42ms
[374.153s][info][gc,phases   ] GC(812)   Evacuate Collection Set: 21.04ms
[374.153s][info][gc,phases   ] GC(812)   Post Evacuate Collection Set: 0.38ms
[374.153s][info][gc,phases   ] GC(812)   Other: 0.09ms
[374.153s][info][gc,heap     ] GC(812) Eden regions: 110->0(130)
[374.153s][info][gc,heap     ] GC(812) Survivor regions: 13->2(16)
[374.153s][info][gc,heap     ] GC(812) Old regions: 152->147
[374.153s][info][gc,heap     ] GC(812) Humongous regions: 9->1
[374.153s][info][gc,metaspace] GC(812) Metaspace: 42914K(43264K)->42914K(43264K) NonClass: 40096K(40320K)->40096K(40320K) Class: 2817K(2944K)->2817K(2944K)
[374.153s][info][gc          ] GC(812) Pause Young (Mixed) (G1 Evacuation Pause) 284M->150M(336M) 22.316ms
[374.153s][info][gc,cpu      ] GC(812) User=0.04s Sys=0.00s Real=0.03s
[374.183s][info][gc,start    ] GC(813) Pause Young (Concurrent Start) (G1 Humongous Allocation)
[374.183s][info][gc,task     ] GC(813) Using 2 workers of 2 for evacuation
[374.188s][info][gc,phases   ] GC(813)   Pre Evacuate Collection Set: 0.17ms
[374.188s][info][gc,phases   ] GC(813)   Merge Heap Roots: 0.05ms
[374.188s][info][gc,phases   ] GC(813)   Evacuate Collection Set: 3.73ms
[374.188s][info][gc,phases   ] GC(813)   Post Evacuate Collection Set: 0.27ms
[374.188s][info][gc,phases   ] GC(813)   Other: 0.12ms
[374.188s][info][gc,heap     ] GC(813) Eden regions: 20->0(129)
[374.188s][info][gc,heap     ] GC(813) Survivor regions: 2->5(17)
[374.188s][info][gc,heap     ] GC(813) Old regions: 147->147
[374.188s][info][gc,heap     ] GC(813) Humongous regions: 1->1
[374.188s][info][gc,metaspace] GC(813) Metaspace: 42923K(43264K)->42923K(43264K) NonClass: 40105K(40320K)->40105K(40320K) Class: 2817K(2944K)->2817K(2944K)
[374.188s][info][gc          ] GC(813) Pause Young (Concurrent Start) (G1 Humongous Allocation) 169M->152M(336M) 4.511ms
[374.188s][info][gc,cpu      ] GC(813) User=0.01s Sys=0.00s Real=0.00s
[374.188s][info][gc          ] GC(814) Concurrent Mark Cycle
[374.188s][info][gc,marking  ] GC(814) Concurrent Scan Root Regions
[374.196s][info][gc,marking  ] GC(814) Concurrent Scan Root Regions 8.334ms
[374.196s][info][gc,marking  ] GC(814) Concurrent Mark
[374.196s][info][gc,marking  ] GC(814) Concurrent Mark From Roots
[374.196s][info][gc,task     ] GC(814) Using 1 workers of 1 for marking
[374.325s][info][gc,marking  ] GC(814) Concurrent Mark From Roots 129.327ms
[374.325s][info][gc,marking  ] GC(814) Concurrent Preclean
[374.326s][info][gc,marking  ] GC(814) Concurrent Preclean 0.034ms
[374.326s][info][gc,start    ] GC(814) Pause Remark
[374.347s][info][gc          ] GC(814) Pause Remark 210M->190M(336M) 21.282ms
[374.347s][info][gc,cpu      ] GC(814) User=0.04s Sys=0.00s Real=0.02s
[374.347s][info][gc,marking  ] GC(814) Concurrent Mark 150.972ms
[374.347s][info][gc,marking  ] GC(814) Concurrent Rebuild Remembered Sets and Scrub Regions
[374.391s][info][gc,marking  ] GC(814) Concurrent Rebuild Remembered Sets and Scrub Regions 44.248ms
[374.392s][info][gc,start    ] GC(814) Pause Cleanup
[374.392s][info][gc          ] GC(814) Pause Cleanup 202M->202M(336M) 0.097ms
[374.392s][info][gc,cpu      ] GC(814) User=0.00s Sys=0.00s Real=0.00s
[374.392s][info][gc,marking  ] GC(814) Concurrent Clear Claimed Marks
[374.392s][info][gc,marking  ] GC(814) Concurrent Clear Claimed Marks 0.042ms
[374.392s][info][gc,marking  ] GC(814) Concurrent Cleanup for Next Mark
[374.393s][info][gc,marking  ] GC(814) Concurrent Cleanup for Next Mark 0.979ms
[374.393s][info][gc          ] GC(814) Concurrent Mark Cycle 205.068ms
[374.591s][info][gc,start    ] GC(815) Pause Young (Prepare Mixed) (G1 Evacuation Pause)
[374.592s][info][gc,task     ] GC(815) Using 2 workers of 2 for evacuation
[374.602s][info][gc,phases   ] GC(815)   Pre Evacuate Collection Set: 0.25ms
[374.602s][info][gc,phases   ] GC(815)   Merge Heap Roots: 0.07ms
[374.602s][info][gc,phases   ] GC(815)   Evacuate Collection Set: 9.27ms
[374.602s][info][gc,phases   ] GC(815)   Post Evacuate Collection Set: 0.42ms
[374.602s][info][gc,phases   ] GC(815)   Other: 0.07ms
[374.602s][info][gc,heap     ] GC(815) Eden regions: 129->0(141)
[374.602s][info][gc,heap     ] GC(815) Survivor regions: 5->10(17)
[374.602s][info][gc,heap     ] GC(815) Old regions: 127->127
[374.602s][info][gc,heap     ] GC(815) Humongous regions: 4->3
[374.602s][info][gc,metaspace] GC(815) Metaspace: 42923K(43264K)->42923K(43264K) NonClass: 40105K(40320K)->40105K(40320K) Class: 2817K(2944K)->2817K(2944K)
[374.602s][info][gc          ] GC(815) Pause Young (Prepare Mixed) (G1 Evacuation Pause) 264M->140M(336M) 10.282ms
[374.602s][info][gc,cpu      ] GC(815) User=0.01s Sys=0.00s Real=0.01s
[375.024s][info][gc,start    ] GC(816) Pause Young (Mixed) (G1 Evacuation Pause)
[375.024s][info][gc,task     ] GC(816) Using 2 workers of 2 for evacuation
[375.033s][info][gc,phases   ] GC(816)   Pre Evacuate Collection Set: 0.21ms
[375.033s][info][gc,phases   ] GC(816)   Merge Heap Roots: 0.13ms
[375.033s][info][gc,phases   ] GC(816)   Evacuate Collection Set: 7.55ms
[375.033s][info][gc,phases   ] GC(816)   Post Evacuate Collection Set: 0.42ms
[375.033s][info][gc,phases   ] GC(816)   Other: 0.07ms
[375.033s][info][gc,heap     ] GC(816) Eden regions: 141->0(171)
[375.033s][info][gc,heap     ] GC(816) Survivor regions: 10->9(19)
[375.033s][info][gc,heap     ] GC(816) Old regions: 127->94
[375.033s][info][gc,heap     ] GC(816) Humongous regions: 4->3
[375.033s][info][gc,metaspace] GC(816) Metaspace: 42923K(43264K)->42923K(43264K) NonClass: 40105K(40320K)->40105K(40320K) Class: 2817K(2944K)->2817K(2944K)
[375.033s][info][gc          ] GC(816) Pause Young (Mixed) (G1 Evacuation Pause) 282M->105M(336M) 8.563ms
[375.033s][info][gc,cpu      ] GC(816) User=0.02s Sys=0.00s Real=0.01s
[375.560s][info][gc,start    ] GC(817) Pause Young (Mixed) (G1 Evacuation Pause)
[375.560s][info][gc,task     ] GC(817) Using 2 workers of 2 for evacuation
[375.569s][info][gc,phases   ] GC(817)   Pre Evacuate Collection Set: 0.29ms
[375.569s][info][gc,phases   ] GC(817)   Merge Heap Roots: 0.10ms
[375.569s][info][gc,phases   ] GC(817)   Evacuate Collection Set: 8.46ms
[375.569s][info][gc,phases   ] GC(817)   Post Evacuate Collection Set: 0.47ms
[375.569s][info][gc,phases   ] GC(817)   Other: 0.07ms
[375.569s][info][gc,heap     ] GC(817) Eden regions: 171->0(191)
[375.569s][info][gc,heap     ] GC(817) Survivor regions: 9->10(23)
[375.569s][info][gc,heap     ] GC(817) Old regions: 94->61
[375.569s][info][gc,heap     ] GC(817) Humongous regions: 5->3
[375.569s][info][gc,metaspace] GC(817) Metaspace: 42923K(43264K)->42923K(43264K) NonClass: 40105K(40320K)->40105K(40320K) Class: 2817K(2944K)->2817K(2944K)
[375.569s][info][gc          ] GC(817) Pause Young (Mixed) (G1 Evacuation Pause) 278M->73M(336M) 9.574ms
[375.569s][info][gc,cpu      ] GC(817) User=0.01s Sys=0.00s Real=0.01s
[376.183s][info][gc,start    ] GC(818) Pause Young (Mixed) (G1 Evacuation Pause)
[376.183s][info][gc,task     ] GC(818) Using 2 workers of 2 for evacuation
[376.193s][info][gc,phases   ] GC(818)   Pre Evacuate Collection Set: 0.23ms
[376.193s][info][gc,phases   ] GC(818)   Merge Heap Roots: 0.08ms
[376.193s][info][gc,phases   ] GC(818)   Evacuate Collection Set: 8.77ms
[376.193s][info][gc,phases   ] GC(818)   Post Evacuate Collection Set: 0.45ms
[376.193s][info][gc,phases   ] GC(818)   Other: 0.07ms
[376.193s][info][gc,heap     ] GC(818) Eden regions: 191->0(191)
[376.193s][info][gc,heap     ] GC(818) Survivor regions: 10->10(26)
[376.193s][info][gc,heap     ] GC(818) Old regions: 61->57
[376.193s][info][gc,heap     ] GC(818) Humongous regions: 3->3
[376.193s][info][gc,metaspace] GC(818) Metaspace: 42923K(43264K)->42923K(43264K) NonClass: 40105K(40320K)->40105K(40320K) Class: 2817K(2944K)->2817K(2944K)
[376.193s][info][gc          ] GC(818) Pause Young (Mixed) (G1 Evacuation Pause) 264M->68M(336M) 9.820ms
[376.193s][info][gc,cpu      ] GC(818) User=0.02s Sys=0.00s Real=0.01s
[376.395s][info][gc,start    ] GC(819) Pause Young (Concurrent Start) (G1 Humongous Allocation)
[376.395s][info][gc,task     ] GC(819) Using 2 workers of 2 for evacuation
[376.423s][info][gc,phases   ] GC(819)   Pre Evacuate Collection Set: 0.21ms
[376.423s][info][gc,phases   ] GC(819)   Merge Heap Roots: 0.05ms
[376.423s][info][gc,phases   ] GC(819)   Evacuate Collection Set: 27.72ms
[376.423s][info][gc,phases   ] GC(819)   Post Evacuate Collection Set: 0.44ms
[376.423s][info][gc,phases   ] GC(819)   Other: 0.09ms
[376.423s][info][gc,heap     ] GC(819) Eden regions: 62->0(160)
[376.423s][info][gc,heap     ] GC(819) Survivor regions: 10->26(26)
[376.423s][info][gc,heap     ] GC(819) Old regions: 57->79
[376.423s][info][gc,heap     ] GC(819) Humongous regions: 3->3
[376.423s][info][gc,metaspace] GC(819) Metaspace: 42923K(43264K)->42923K(43264K) NonClass: 40105K(40320K)->40105K(40320K) Class: 2817K(2944K)->2817K(2944K)
[376.423s][info][gc          ] GC(819) Pause Young (Concurrent Start) (G1 Humongous Allocation) 130M->107M(336M) 28.707ms
[376.423s][info][gc,cpu      ] GC(819) User=0.05s Sys=0.00s Real=0.03s
[376.423s][info][gc          ] GC(820) Concurrent Mark Cycle
[376.423s][info][gc,marking  ] GC(820) Concurrent Scan Root Regions
[376.443s][info][gc,marking  ] GC(820) Concurrent Scan Root Regions 19.196ms
[376.443s][info][gc,marking  ] GC(820) Concurrent Mark
[376.443s][info][gc,marking  ] GC(820) Concurrent Mark From Roots
[376.443s][info][gc,task     ] GC(820) Using 1 workers of 1 for marking
[376.507s][info][gc,marking  ] GC(820) Concurrent Mark From Roots 64.064ms
[376.507s][info][gc,marking  ] GC(820) Concurrent Preclean
[376.507s][info][gc,marking  ] GC(820) Concurrent Preclean 0.033ms
[376.508s][info][gc,start    ] GC(820) Pause Remark
[376.523s][info][gc          ] GC(820) Pause Remark 127M->127M(336M) 14.957ms
[376.523s][info][gc,cpu      ] GC(820) User=0.03s Sys=0.01s Real=0.02s
[376.523s][info][gc,marking  ] GC(820) Concurrent Mark 80.670ms
[376.523s][info][gc,marking  ] GC(820) Concurrent Rebuild Remembered Sets and Scrub Regions
[376.563s][info][gc,marking  ] GC(820) Concurrent Rebuild Remembered Sets and Scrub Regions 39.408ms
[376.563s][info][gc,start    ] GC(820) Pause Cleanup
[376.563s][info][gc          ] GC(820) Pause Cleanup 135M->135M(336M) 0.046ms
[376.563s][info][gc,cpu      ] GC(820) User=0.00s Sys=0.00s Real=0.00s
[376.563s][info][gc,marking  ] GC(820) Concurrent Clear Claimed Marks
[376.563s][info][gc,marking  ] GC(820) Concurrent Clear Claimed Marks 0.037ms
[376.563s][info][gc,marking  ] GC(820) Concurrent Cleanup for Next Mark
[376.564s][info][gc,marking  ] GC(820) Concurrent Cleanup for Next Mark 0.968ms
[376.564s][info][gc          ] GC(820) Concurrent Mark Cycle 140.697ms
[376.984s][info][gc,start    ] GC(821) Pause Young (Prepare Mixed) (G1 Evacuation Pause)
[376.984s][info][gc,task     ] GC(821) Using 2 workers of 2 for evacuation
[377.019s][info][gc,phases   ] GC(821)   Pre Evacuate Collection Set: 0.19ms
[377.019s][info][gc,phases   ] GC(821)   Merge Heap Roots: 0.28ms
[377.019s][info][gc,phases   ] GC(821)   Evacuate Collection Set: 34.30ms
[377.019s][info][gc,phases   ] GC(821)   Post Evacuate Collection Set: 0.51ms
[377.019s][info][gc,phases   ] GC(821)   Other: 0.07ms
[377.019s][info][gc,heap     ] GC(821) Eden regions: 160->0(144)
[377.019s][info][gc,heap     ] GC(821) Survivor regions: 26->23(24)
[377.019s][info][gc,heap     ] GC(821) Old regions: 79->104
[377.019s][info][gc,heap     ] GC(821) Humongous regions: 4->4
[377.019s][info][gc,metaspace] GC(821) Metaspace: 42923K(43264K)->42923K(43264K) NonClass: 40105K(40320K)->40105K(40320K) Class: 2817K(2944K)->2817K(2944K)
[377.019s][info][gc          ] GC(821) Pause Young (Prepare Mixed) (G1 Evacuation Pause) 268M->131M(336M) 35.593ms
[377.019s][info][gc,cpu      ] GC(821) User=0.07s Sys=0.00s Real=0.03s
[377.495s][info][gc,start    ] GC(822) Pause Young (Mixed) (G1 Evacuation Pause)
[377.495s][info][gc,task     ] GC(822) Using 2 workers of 2 for evacuation
[377.558s][info][gc,phases   ] GC(822)   Pre Evacuate Collection Set: 0.19ms
[377.559s][info][gc,phases   ] GC(822)   Merge Heap Roots: 0.17ms
[377.559s][info][gc,phases   ] GC(822)   Evacuate Collection Set: 61.79ms
[377.559s][info][gc,phases   ] GC(822)   Post Evacuate Collection Set: 0.95ms
[377.559s][info][gc,phases   ] GC(822)   Other: 0.08ms
[377.559s][info][gc,heap     ] GC(822) Eden regions: 144->0(132)
[377.559s][info][gc,heap     ] GC(822) Survivor regions: 23->21(21)
[377.559s][info][gc,heap     ] GC(822) Old regions: 104->163
[377.559s][info][gc,heap     ] GC(822) Humongous regions: 5->5
[377.559s][info][gc,metaspace] GC(822) Metaspace: 42923K(43264K)->42923K(43264K) NonClass: 40105K(40320K)->40105K(40320K) Class: 2817K(2944K)->2817K(2944K)
[377.559s][info][gc          ] GC(822) Pause Young (Mixed) (G1 Evacuation Pause) 276M->188M(423M) 63.386ms
[377.559s][info][gc,cpu      ] GC(822) User=0.10s Sys=0.02s Real=0.06s
[377.914s][info][gc,start    ] GC(823) Pause Young (Concurrent Start) (G1 Humongous Allocation)
[377.914s][info][gc,task     ] GC(823) Using 2 workers of 2 for evacuation
[377.970s][info][gc,phases   ] GC(823)   Pre Evacuate Collection Set: 0.22ms
[377.970s][info][gc,phases   ] GC(823)   Merge Heap Roots: 0.27ms
[377.970s][info][gc,phases   ] GC(823)   Evacuate Collection Set: 54.43ms
[377.970s][info][gc,phases   ] GC(823)   Post Evacuate Collection Set: 0.44ms
[377.970s][info][gc,phases   ] GC(823)   Other: 0.17ms
[377.970s][info][gc,heap     ] GC(823) Eden regions: 91->0(80)
[377.970s][info][gc,heap     ] GC(823) Survivor regions: 21->20(20)
[377.970s][info][gc,heap     ] GC(823) Old regions: 163->222
[377.970s][info][gc,heap     ] GC(823) Humongous regions: 5->5
[377.970s][info][gc,metaspace] GC(823) Metaspace: 42923K(43264K)->42923K(43264K) NonClass: 40105K(40320K)->40105K(40320K) Class: 2817K(2944K)->2817K(2944K)
[377.970s][info][gc          ] GC(823) Pause Young (Concurrent Start) (G1 Humongous Allocation) 278M->246M(423M) 55.762ms
[377.970s][info][gc,cpu      ] GC(823) User=0.11s Sys=0.00s Real=0.05s
[377.970s][info][gc          ] GC(824) Concurrent Mark Cycle
[377.970s][info][gc,marking  ] GC(824) Concurrent Scan Root Regions
[377.999s][info][gc,marking  ] GC(824) Concurrent Scan Root Regions 28.467ms
[377.999s][info][gc,marking  ] GC(824) Concurrent Mark
[377.999s][info][gc,marking  ] GC(824) Concurrent Mark From Roots
[377.999s][info][gc,task     ] GC(824) Using 1 workers of 1 for marking
[378.114s][info][gc,marking  ] GC(824) Concurrent Mark From Roots 115.174ms
[378.114s][info][gc,marking  ] GC(824) Concurrent Preclean
[378.114s][info][gc,marking  ] GC(824) Concurrent Preclean 0.051ms
[378.114s][info][gc,start    ] GC(824) Pause Remark
[378.129s][info][gc          ] GC(824) Pause Remark 283M->273M(423M) 14.678ms
[378.129s][info][gc,cpu      ] GC(824) User=0.03s Sys=0.00s Real=0.01s
[378.129s][info][gc,marking  ] GC(824) Concurrent Mark 130.199ms
[378.129s][info][gc,marking  ] GC(824) Concurrent Rebuild Remembered Sets and Scrub Regions
[378.214s][info][gc,marking  ] GC(824) Concurrent Rebuild Remembered Sets and Scrub Regions 84.525ms
[378.214s][info][gc,start    ] GC(824) Pause Cleanup
[378.214s][info][gc          ] GC(824) Pause Cleanup 294M->294M(423M) 0.077ms
[378.214s][info][gc,cpu      ] GC(824) User=0.00s Sys=0.00s Real=0.00s
[378.214s][info][gc,marking  ] GC(824) Concurrent Clear Claimed Marks
[378.214s][info][gc,marking  ] GC(824) Concurrent Clear Claimed Marks 0.038ms
[378.214s][info][gc,marking  ] GC(824) Concurrent Cleanup for Next Mark
[378.216s][info][gc,marking  ] GC(824) Concurrent Cleanup for Next Mark 2.142ms
[378.216s][info][gc          ] GC(824) Concurrent Mark Cycle 245.873ms
[378.294s][info][gc,start    ] GC(825) Pause Young (Prepare Mixed) (G1 Evacuation Pause)
[378.294s][info][gc,task     ] GC(825) Using 2 workers of 2 for evacuation
[378.343s][info][gc,phases   ] GC(825)   Pre Evacuate Collection Set: 0.20ms
[378.344s][info][gc,phases   ] GC(825)   Merge Heap Roots: 0.42ms
[378.344s][info][gc,phases   ] GC(825)   Evacuate Collection Set: 48.74ms
[378.344s][info][gc,phases   ] GC(825)   Post Evacuate Collection Set: 0.44ms
[378.344s][info][gc,phases   ] GC(825)   Other: 0.08ms
[378.344s][info][gc,heap     ] GC(825) Eden regions: 80->0(57)
[378.344s][info][gc,heap     ] GC(825) Survivor regions: 20->13(13)
[378.344s][info][gc,heap     ] GC(825) Old regions: 213->269
[378.344s][info][gc,heap     ] GC(825) Humongous regions: 5->5
[378.344s][info][gc,metaspace] GC(825) Metaspace: 42923K(43264K)->42923K(43264K) NonClass: 40105K(40320K)->40105K(40320K) Class: 2817K(2944K)->2817K(2944K)
[378.344s][info][gc          ] GC(825) Pause Young (Prepare Mixed) (G1 Evacuation Pause) 317M->286M(423M) 50.096ms
[378.344s][info][gc,cpu      ] GC(825) User=0.10s Sys=0.00s Real=0.05s
[378.522s][info][gc,start    ] GC(826) Pause Young (Mixed) (G1 Evacuation Pause)
[378.522s][info][gc,task     ] GC(826) Using 2 workers of 2 for evacuation
[378.566s][info][gc,phases   ] GC(826)   Pre Evacuate Collection Set: 0.30ms
[378.566s][info][gc,phases   ] GC(826)   Merge Heap Roots: 0.33ms
[378.566s][info][gc,phases   ] GC(826)   Evacuate Collection Set: 42.92ms
[378.567s][info][gc,phases   ] GC(826)   Post Evacuate Collection Set: 0.46ms
[378.567s][info][gc,phases   ] GC(826)   Other: 0.07ms
[378.567s][info][gc,heap     ] GC(826) Eden regions: 57->0(54)
[378.567s][info][gc,heap     ] GC(826) Survivor regions: 13->9(9)
[378.567s][info][gc,heap     ] GC(826) Old regions: 269->273
[378.567s][info][gc,heap     ] GC(826) Humongous regions: 5->5
[378.567s][info][gc,metaspace] GC(826) Metaspace: 42923K(43264K)->42923K(43264K) NonClass: 40105K(40320K)->40105K(40320K) Class: 2817K(2944K)->2817K(2944K)
[378.567s][info][gc          ] GC(826) Pause Young (Mixed) (G1 Evacuation Pause) 343M->287M(423M) 44.302ms
[378.567s][info][gc,cpu      ] GC(826) User=0.08s Sys=0.00s Real=0.04s
[378.777s][info][gc,start    ] GC(827) Pause Young (Mixed) (G1 Evacuation Pause)
[378.777s][info][gc,task     ] GC(827) Using 2 workers of 2 for evacuation
[378.824s][info][gc,phases   ] GC(827)   Pre Evacuate Collection Set: 0.22ms
[378.824s][info][gc,phases   ] GC(827)   Merge Heap Roots: 0.63ms
[378.824s][info][gc,phases   ] GC(827)   Evacuate Collection Set: 45.45ms
[378.824s][info][gc,phases   ] GC(827)   Post Evacuate Collection Set: 0.39ms
[378.824s][info][gc,phases   ] GC(827)   Other: 0.07ms
[378.824s][info][gc,heap     ] GC(827) Eden regions: 54->0(50)
[378.824s][info][gc,heap     ] GC(827) Survivor regions: 9->8(8)
[378.824s][info][gc,heap     ] GC(827) Old regions: 273->289
[378.824s][info][gc,heap     ] GC(827) Humongous regions: 6->6
[378.824s][info][gc,metaspace] GC(827) Metaspace: 42923K(43264K)->42923K(43264K) NonClass: 40105K(40320K)->40105K(40320K) Class: 2817K(2944K)->2817K(2944K)
[378.824s][info][gc          ] GC(827) Pause Young (Mixed) (G1 Evacuation Pause) 342M->303M(423M) 46.977ms
[378.824s][info][gc,cpu      ] GC(827) User=0.09s Sys=0.00s Real=0.05s
[378.983s][info][gc,start    ] GC(828) Pause Young (Concurrent Start) (G1 Evacuation Pause)
[378.983s][info][gc,task     ] GC(828) Using 2 workers of 2 for evacuation
[379.008s][info][gc,phases   ] GC(828)   Pre Evacuate Collection Set: 0.23ms
[379.008s][info][gc,phases   ] GC(828)   Merge Heap Roots: 0.15ms
[379.008s][info][gc,phases   ] GC(828)   Evacuate Collection Set: 23.28ms
[379.008s][info][gc,phases   ] GC(828)   Post Evacuate Collection Set: 1.27ms
[379.008s][info][gc,phases   ] GC(828)   Other: 0.09ms
[379.008s][info][gc,heap     ] GC(828) Eden regions: 50->0(102)
[379.008s][info][gc,heap     ] GC(828) Survivor regions: 8->8(8)
[379.008s][info][gc,heap     ] GC(828) Old regions: 289->315
[379.008s][info][gc,heap     ] GC(828) Humongous regions: 6->6
[379.008s][info][gc,metaspace] GC(828) Metaspace: 42923K(43264K)->42923K(43264K) NonClass: 40105K(40320K)->40105K(40320K) Class: 2817K(2944K)->2817K(2944K)
[379.008s][info][gc          ] GC(828) Pause Young (Concurrent Start) (G1 Evacuation Pause) 353M->328M(562M) 25.245ms
[379.008s][info][gc          ] GC(829) Concurrent Mark Cycle
[379.008s][info][gc,marking  ] GC(829) Concurrent Scan Root Regions
[379.010s][info][gc,cpu      ] GC(828) User=0.05s Sys=0.00s Real=0.02s
[379.020s][info][gc,marking  ] GC(829) Concurrent Scan Root Regions 12.493ms
[379.020s][info][gc,marking  ] GC(829) Concurrent Mark
[379.020s][info][gc,marking  ] GC(829) Concurrent Mark From Roots
[379.020s][info][gc,task     ] GC(829) Using 1 workers of 1 for marking
[379.156s][info][gc,marking  ] GC(829) Concurrent Mark From Roots 135.216ms
[379.156s][info][gc,marking  ] GC(829) Concurrent Preclean
[379.156s][info][gc,marking  ] GC(829) Concurrent Preclean 0.051ms
[379.156s][info][gc,start    ] GC(829) Pause Remark
[379.170s][info][gc          ] GC(829) Pause Remark 367M->311M(562M) 14.379ms
[379.170s][info][gc,cpu      ] GC(829) User=0.03s Sys=0.00s Real=0.01s
[379.170s][info][gc,marking  ] GC(829) Concurrent Mark 149.924ms
[379.170s][info][gc,marking  ] GC(829) Concurrent Rebuild Remembered Sets and Scrub Regions
[379.251s][info][gc,marking  ] GC(829) Concurrent Rebuild Remembered Sets and Scrub Regions 80.837ms
[379.251s][info][gc,start    ] GC(829) Pause Cleanup
[379.251s][info][gc          ] GC(829) Pause Cleanup 330M->330M(562M) 0.105ms
[379.251s][info][gc,cpu      ] GC(829) User=0.00s Sys=0.00s Real=0.00s
[379.251s][info][gc,marking  ] GC(829) Concurrent Clear Claimed Marks
[379.251s][info][gc,marking  ] GC(829) Concurrent Clear Claimed Marks 0.038ms
[379.251s][info][gc,marking  ] GC(829) Concurrent Cleanup for Next Mark
[379.254s][info][gc,marking  ] GC(829) Concurrent Cleanup for Next Mark 2.969ms
[379.254s][info][gc          ] GC(829) Concurrent Mark Cycle 246.660ms
[379.434s][info][gc,start    ] GC(830) Pause Young (Prepare Mixed) (G1 Evacuation Pause)
[379.434s][info][gc,task     ] GC(830) Using 2 workers of 2 for evacuation
[379.449s][info][gc,phases   ] GC(830)   Pre Evacuate Collection Set: 0.26ms
[379.449s][info][gc,phases   ] GC(830)   Merge Heap Roots: 0.23ms
[379.449s][info][gc,phases   ] GC(830)   Evacuate Collection Set: 14.09ms
[379.449s][info][gc,phases   ] GC(830)   Post Evacuate Collection Set: 0.40ms
[379.449s][info][gc,phases   ] GC(830)   Other: 0.08ms
[379.449s][info][gc,heap     ] GC(830) Eden regions: 102->0(139)
[379.449s][info][gc,heap     ] GC(830) Survivor regions: 8->7(14)
[379.449s][info][gc,heap     ] GC(830) Old regions: 261->269
[379.449s][info][gc,heap     ] GC(830) Humongous regions: 5->4
[379.449s][info][gc,metaspace] GC(830) Metaspace: 42923K(43264K)->42923K(43264K) NonClass: 40105K(40320K)->40105K(40320K) Class: 2817K(2944K)->2817K(2944K)
[379.449s][info][gc          ] GC(830) Pause Young (Prepare Mixed) (G1 Evacuation Pause) 375M->279M(562M) 15.258ms
[379.449s][info][gc,cpu      ] GC(830) User=0.02s Sys=0.01s Real=0.01s
[379.918s][info][gc,start    ] GC(831) Pause Young (Mixed) (G1 Evacuation Pause)
[379.918s][info][gc,task     ] GC(831) Using 2 workers of 2 for evacuation
[379.934s][info][gc,phases   ] GC(831)   Pre Evacuate Collection Set: 0.31ms
[379.934s][info][gc,phases   ] GC(831)   Merge Heap Roots: 0.16ms
[379.934s][info][gc,phases   ] GC(831)   Evacuate Collection Set: 15.05ms
[379.934s][info][gc,phases   ] GC(831)   Post Evacuate Collection Set: 0.48ms
[379.934s][info][gc,phases   ] GC(831)   Other: 0.08ms
[379.934s][info][gc,heap     ] GC(831) Eden regions: 139->0(176)
[379.934s][info][gc,heap     ] GC(831) Survivor regions: 7->13(19)
[379.934s][info][gc,heap     ] GC(831) Old regions: 269->213
[379.934s][info][gc,heap     ] GC(831) Humongous regions: 4->4
[379.934s][info][gc,metaspace] GC(831) Metaspace: 42923K(43264K)->42923K(43264K) NonClass: 40105K(40320K)->40105K(40320K) Class: 2817K(2944K)->2817K(2944K)
[379.934s][info][gc          ] GC(831) Pause Young (Mixed) (G1 Evacuation Pause) 418M->229M(562M) 16.291ms
[379.934s][info][gc,cpu      ] GC(831) User=0.02s Sys=0.00s Real=0.02s
[380.546s][info][gc,start    ] GC(832) Pause Young (Mixed) (G1 Evacuation Pause)
[380.546s][info][gc,task     ] GC(832) Using 2 workers of 2 for evacuation
[380.575s][info][gc,phases   ] GC(832)   Pre Evacuate Collection Set: 0.28ms
[380.575s][info][gc,phases   ] GC(832)   Merge Heap Roots: 0.75ms
[380.575s][info][gc,phases   ] GC(832)   Evacuate Collection Set: 26.76ms
[380.575s][info][gc,phases   ] GC(832)   Post Evacuate Collection Set: 0.49ms
[380.575s][info][gc,phases   ] GC(832)   Other: 0.08ms
[380.575s][info][gc,heap     ] GC(832) Eden regions: 176->0(210)
[380.575s][info][gc,heap     ] GC(832) Survivor regions: 13->17(24)
[380.575s][info][gc,heap     ] GC(832) Old regions: 213->165
[380.575s][info][gc,heap     ] GC(832) Humongous regions: 5->4
[380.575s][info][gc,metaspace] GC(832) Metaspace: 42923K(43264K)->42923K(43264K) NonClass: 40105K(40320K)->40105K(40320K) Class: 2817K(2944K)->2817K(2944K)
[380.575s][info][gc          ] GC(832) Pause Young (Mixed) (G1 Evacuation Pause) 406M->185M(562M) 28.555ms
[380.575s][info][gc,cpu      ] GC(832) User=0.06s Sys=0.00s Real=0.03s
[381.241s][info][gc,start    ] GC(833) Pause Young (Normal) (G1 Evacuation Pause)
[381.241s][info][gc,task     ] GC(833) Using 2 workers of 2 for evacuation
[381.254s][info][gc,phases   ] GC(833)   Pre Evacuate Collection Set: 0.24ms
[381.254s][info][gc,phases   ] GC(833)   Merge Heap Roots: 0.08ms
[381.254s][info][gc,phases   ] GC(833)   Evacuate Collection Set: 11.95ms
[381.254s][info][gc,phases   ] GC(833)   Post Evacuate Collection Set: 0.63ms
[381.254s][info][gc,phases   ] GC(833)   Other: 0.08ms
[381.254s][info][gc,heap     ] GC(833) Eden regions: 210->0(219)
[381.254s][info][gc,heap     ] GC(833) Survivor regions: 17->21(29)
[381.254s][info][gc,heap     ] GC(833) Old regions: 165->166
[381.254s][info][gc,heap     ] GC(833) Humongous regions: 7->5
[381.254s][info][gc,metaspace] GC(833) Metaspace: 42923K(43264K)->42923K(43264K) NonClass: 40105K(40320K)->40105K(40320K) Class: 2817K(2944K)->2817K(2944K)
[381.254s][info][gc          ] GC(833) Pause Young (Normal) (G1 Evacuation Pause) 398M->191M(562M) 13.166ms
[381.254s][info][gc,cpu      ] GC(833) User=0.02s Sys=0.00s Real=0.01s
[381.618s][info][gc,start    ] GC(834) Pause Young (Concurrent Start) (G1 Humongous Allocation)
[381.618s][info][gc,task     ] GC(834) Using 2 workers of 2 for evacuation
[381.643s][info][gc,phases   ] GC(834)   Pre Evacuate Collection Set: 0.27ms
[381.643s][info][gc,phases   ] GC(834)   Merge Heap Roots: 0.08ms
[381.643s][info][gc,phases   ] GC(834)   Evacuate Collection Set: 23.77ms
[381.643s][info][gc,phases   ] GC(834)   Post Evacuate Collection Set: 0.42ms
[381.643s][info][gc,phases   ] GC(834)   Other: 0.09ms
[381.643s][info][gc,heap     ] GC(834) Eden regions: 109->0(210)
[381.643s][info][gc,heap     ] GC(834) Survivor regions: 21->30(30)
[381.643s][info][gc,heap     ] GC(834) Old regions: 166->177
[381.643s][info][gc,heap     ] GC(834) Humongous regions: 5->4
[381.643s][info][gc,metaspace] GC(834) Metaspace: 42923K(43264K)->42923K(43264K) NonClass: 40105K(40320K)->40105K(40320K) Class: 2817K(2944K)->2817K(2944K)
[381.643s][info][gc          ] GC(834) Pause Young (Concurrent Start) (G1 Humongous Allocation) 300M->210M(562M) 24.808ms
[381.643s][info][gc          ] GC(835) Concurrent Mark Cycle
[381.643s][info][gc,marking  ] GC(835) Concurrent Scan Root Regions
[381.645s][info][gc,cpu      ] GC(834) User=0.04s Sys=0.00s Real=0.03s
[381.658s][info][gc,marking  ] GC(835) Concurrent Scan Root Regions 15.186ms
[381.658s][info][gc,marking  ] GC(835) Concurrent Mark
[381.658s][info][gc,marking  ] GC(835) Concurrent Mark From Roots
[381.658s][info][gc,task     ] GC(835) Using 1 workers of 1 for marking
[381.733s][info][gc,marking  ] GC(835) Concurrent Mark From Roots 74.566ms
[381.733s][info][gc,marking  ] GC(835) Concurrent Preclean
[381.733s][info][gc,marking  ] GC(835) Concurrent Preclean 0.042ms
[381.733s][info][gc,start    ] GC(835) Pause Remark
[381.748s][info][gc          ] GC(835) Pause Remark 234M->156M(447M) 14.559ms
[381.748s][info][gc,cpu      ] GC(835) User=0.02s Sys=0.00s Real=0.01s
[381.748s][info][gc,marking  ] GC(835) Concurrent Mark 89.476ms
[381.748s][info][gc,marking  ] GC(835) Concurrent Rebuild Remembered Sets and Scrub Regions
[381.784s][info][gc,marking  ] GC(835) Concurrent Rebuild Remembered Sets and Scrub Regions 36.339ms
[381.784s][info][gc,start    ] GC(835) Pause Cleanup
[381.784s][info][gc          ] GC(835) Pause Cleanup 160M->160M(447M) 0.053ms
[381.784s][info][gc,cpu      ] GC(835) User=0.00s Sys=0.00s Real=0.00s
[381.784s][info][gc,marking  ] GC(835) Concurrent Clear Claimed Marks
[381.784s][info][gc,marking  ] GC(835) Concurrent Clear Claimed Marks 0.039ms
[381.784s][info][gc,marking  ] GC(835) Concurrent Cleanup for Next Mark
[381.786s][info][gc,marking  ] GC(835) Concurrent Cleanup for Next Mark 1.298ms
[381.786s][info][gc          ] GC(835) Concurrent Mark Cycle 142.673ms
[382.365s][info][gc,start    ] GC(836) Pause Young (Prepare Mixed) (G1 Evacuation Pause)
[382.365s][info][gc,task     ] GC(836) Using 2 workers of 2 for evacuation
[382.400s][info][gc,phases   ] GC(836)   Pre Evacuate Collection Set: 0.23ms
[382.400s][info][gc,phases   ] GC(836)   Merge Heap Roots: 0.18ms
[382.400s][info][gc,phases   ] GC(836)   Evacuate Collection Set: 34.65ms
[382.400s][info][gc,phases   ] GC(836)   Post Evacuate Collection Set: 0.52ms
[382.400s][info][gc,phases   ] GC(836)   Other: 0.08ms
[382.400s][info][gc,heap     ] GC(836) Eden regions: 210->0(175)
[382.400s][info][gc,heap     ] GC(836) Survivor regions: 30->30(30)
[382.400s][info][gc,heap     ] GC(836) Old regions: 100->125
[382.400s][info][gc,heap     ] GC(836) Humongous regions: 5->4
[382.400s][info][gc,metaspace] GC(836) Metaspace: 42923K(43264K)->42923K(43264K) NonClass: 40105K(40320K)->40105K(40320K) Class: 2817K(2944K)->2817K(2944K)
[382.400s][info][gc          ] GC(836) Pause Young (Prepare Mixed) (G1 Evacuation Pause) 344M->158M(447M) 35.876ms
[382.400s][info][gc,cpu      ] GC(836) User=0.08s Sys=0.00s Real=0.03s
[382.935s][info][gc,start    ] GC(837) Pause Young (Mixed) (G1 Evacuation Pause)
[382.935s][info][gc,task     ] GC(837) Using 2 workers of 2 for evacuation
[382.989s][info][gc,phases   ] GC(837)   Pre Evacuate Collection Set: 0.33ms
[382.989s][info][gc,phases   ] GC(837)   Merge Heap Roots: 0.20ms
[382.989s][info][gc,phases   ] GC(837)   Evacuate Collection Set: 52.37ms
[382.989s][info][gc,phases   ] GC(837)   Post Evacuate Collection Set: 0.56ms
[382.989s][info][gc,phases   ] GC(837)   Other: 0.07ms
[382.989s][info][gc,heap     ] GC(837) Eden regions: 175->0(141)
[382.989s][info][gc,heap     ] GC(837) Survivor regions: 30->26(26)
[382.989s][info][gc,heap     ] GC(837) Old regions: 125->165
[382.989s][info][gc,heap     ] GC(837) Humongous regions: 8->6
[382.989s][info][gc,metaspace] GC(837) Metaspace: 42923K(43264K)->42923K(43264K) NonClass: 40105K(40320K)->40105K(40320K) Class: 2817K(2944K)->2817K(2944K)
[382.989s][info][gc          ] GC(837) Pause Young (Mixed) (G1 Evacuation Pause) 337M->196M(447M) 53.719ms
[382.989s][info][gc,cpu      ] GC(837) User=0.11s Sys=0.00s Real=0.05s
[383.371s][info][gc,start    ] GC(838) Pause Young (Concurrent Start) (G1 Evacuation Pause)
[383.371s][info][gc,task     ] GC(838) Using 2 workers of 2 for evacuation
[383.392s][info][gc,phases   ] GC(838)   Pre Evacuate Collection Set: 0.25ms
[383.392s][info][gc,phases   ] GC(838)   Merge Heap Roots: 0.23ms
[383.392s][info][gc,phases   ] GC(838)   Evacuate Collection Set: 20.44ms
[383.392s][info][gc,phases   ] GC(838)   Post Evacuate Collection Set: 0.45ms
[383.392s][info][gc,phases   ] GC(838)   Other: 0.09ms
[383.392s][info][gc,heap     ] GC(838) Eden regions: 141->0(151)
[383.392s][info][gc,heap     ] GC(838) Survivor regions: 26->2(21)
[383.392s][info][gc,heap     ] GC(838) Old regions: 165->191
[383.392s][info][gc,heap     ] GC(838) Humongous regions: 6->6
[383.392s][info][gc,metaspace] GC(838) Metaspace: 42923K(43264K)->42923K(43264K) NonClass: 40105K(40320K)->40105K(40320K) Class: 2817K(2944K)->2817K(2944K)
[383.392s][info][gc          ] GC(838) Pause Young (Concurrent Start) (G1 Evacuation Pause) 337M->198M(447M) 21.653ms
[383.392s][info][gc,cpu      ] GC(838) User=0.04s Sys=0.00s Real=0.03s
[383.392s][info][gc          ] GC(839) Concurrent Mark Cycle
[383.392s][info][gc,marking  ] GC(839) Concurrent Scan Root Regions
[383.402s][info][gc,marking  ] GC(839) Concurrent Scan Root Regions 9.694ms
[383.402s][info][gc,marking  ] GC(839) Concurrent Mark
[383.402s][info][gc,marking  ] GC(839) Concurrent Mark From Roots
[383.402s][info][gc,task     ] GC(839) Using 1 workers of 1 for marking
[383.512s][info][gc,marking  ] GC(839) Concurrent Mark From Roots 109.966ms
[383.512s][info][gc,marking  ] GC(839) Concurrent Preclean
[383.512s][info][gc,marking  ] GC(839) Concurrent Preclean 0.035ms
[383.512s][info][gc,start    ] GC(839) Pause Remark
[383.527s][info][gc          ] GC(839) Pause Remark 238M->215M(447M) 14.910ms
[383.527s][info][gc,cpu      ] GC(839) User=0.03s Sys=0.00s Real=0.01s
[383.527s][info][gc,marking  ] GC(839) Concurrent Mark 125.202ms
[383.527s][info][gc,marking  ] GC(839) Concurrent Rebuild Remembered Sets and Scrub Regions
[383.583s][info][gc,marking  ] GC(839) Concurrent Rebuild Remembered Sets and Scrub Regions 55.752ms
[383.583s][info][gc,start    ] GC(839) Pause Cleanup
[383.583s][info][gc          ] GC(839) Pause Cleanup 234M->234M(447M) 0.064ms
[383.583s][info][gc,cpu      ] GC(839) User=0.00s Sys=0.00s Real=0.00s
[383.583s][info][gc,marking  ] GC(839) Concurrent Clear Claimed Marks
[383.583s][info][gc,marking  ] GC(839) Concurrent Clear Claimed Marks 0.036ms
[383.583s][info][gc,marking  ] GC(839) Concurrent Cleanup for Next Mark
[383.585s][info][gc,marking  ] GC(839) Concurrent Cleanup for Next Mark 1.240ms
[383.585s][info][gc          ] GC(839) Concurrent Mark Cycle 192.347ms
[383.853s][info][gc,start    ] GC(840) Pause Young (Prepare Mixed) (G1 Evacuation Pause)
[383.853s][info][gc,task     ] GC(840) Using 2 workers of 2 for evacuation
[383.856s][info][gc,phases   ] GC(840)   Pre Evacuate Collection Set: 0.22ms
[383.856s][info][gc,phases   ] GC(840)   Merge Heap Roots: 0.07ms
[383.856s][info][gc,phases   ] GC(840)   Evacuate Collection Set: 1.42ms
[383.856s][info][gc,phases   ] GC(840)   Post Evacuate Collection Set: 0.36ms
[383.856s][info][gc,phases   ] GC(840)   Other: 0.09ms
[383.856s][info][gc,heap     ] GC(840) Eden regions: 151->0(178)
[383.856s][info][gc,heap     ] GC(840) Survivor regions: 2->2(20)
[383.856s][info][gc,heap     ] GC(840) Old regions: 169->169
[383.856s][info][gc,heap     ] GC(840) Humongous regions: 5->5
[383.856s][info][gc,metaspace] GC(840) Metaspace: 42923K(43264K)->42923K(43264K) NonClass: 40105K(40320K)->40105K(40320K) Class: 2817K(2944K)->2817K(2944K)
[383.856s][info][gc          ] GC(840) Pause Young (Prepare Mixed) (G1 Evacuation Pause) 326M->174M(447M) 2.327ms
[383.856s][info][gc,cpu      ] GC(840) User=0.00s Sys=0.00s Real=0.00s
[384.334s][info][gc,start    ] GC(841) Pause Young (Mixed) (G1 Evacuation Pause)
[384.334s][info][gc,task     ] GC(841) Using 2 workers of 2 for evacuation
[384.346s][info][gc,phases   ] GC(841)   Pre Evacuate Collection Set: 0.24ms
[384.346s][info][gc,phases   ] GC(841)   Merge Heap Roots: 0.26ms
[384.346s][info][gc,phases   ] GC(841)   Evacuate Collection Set: 11.05ms
[384.346s][info][gc,phases   ] GC(841)   Post Evacuate Collection Set: 0.49ms
[384.346s][info][gc,phases   ] GC(841)   Other: 0.09ms
[384.346s][info][gc,heap     ] GC(841) Eden regions: 178->0(211)
[384.346s][info][gc,heap     ] GC(841) Survivor regions: 2->3(23)
[384.346s][info][gc,heap     ] GC(841) Old regions: 169->132
[384.346s][info][gc,heap     ] GC(841) Humongous regions: 6->3
[384.346s][info][gc,metaspace] GC(841) Metaspace: 42923K(43264K)->42923K(43264K) NonClass: 40105K(40320K)->40105K(40320K) Class: 2817K(2944K)->2817K(2944K)
[384.346s][info][gc          ] GC(841) Pause Young (Mixed) (G1 Evacuation Pause) 353M->137M(447M) 12.295ms
[384.346s][info][gc,cpu      ] GC(841) User=0.02s Sys=0.00s Real=0.01s
[384.721s][info][gc,start    ] GC(842) Pause Young (Concurrent Start) (G1 Evacuation Pause)
[384.721s][info][gc,task     ] GC(842) Using 2 workers of 2 for evacuation
[384.725s][info][gc,phases   ] GC(842)   Pre Evacuate Collection Set: 0.24ms
[384.725s][info][gc,phases   ] GC(842)   Merge Heap Roots: 0.09ms
[384.725s][info][gc,phases   ] GC(842)   Evacuate Collection Set: 3.85ms
[384.725s][info][gc,phases   ] GC(842)   Post Evacuate Collection Set: 0.46ms
[384.725s][info][gc,phases   ] GC(842)   Other: 0.11ms
[384.725s][info][gc,heap     ] GC(842) Eden regions: 211->0(221)
[384.725s][info][gc,heap     ] GC(842) Survivor regions: 3->5(27)
[384.725s][info][gc,heap     ] GC(842) Old regions: 132->132
[384.725s][info][gc,heap     ] GC(842) Humongous regions: 3->3
[384.725s][info][gc,metaspace] GC(842) Metaspace: 42923K(43264K)->42923K(43264K) NonClass: 40105K(40320K)->40105K(40320K) Class: 2817K(2944K)->2817K(2944K)
[384.726s][info][gc          ] GC(842) Pause Young (Concurrent Start) (G1 Evacuation Pause) 348M->139M(447M) 4.929ms
[384.726s][info][gc,cpu      ] GC(842) User=0.01s Sys=0.00s Real=0.01s
[384.726s][info][gc          ] GC(843) Concurrent Mark Cycle
[384.726s][info][gc,marking  ] GC(843) Concurrent Scan Root Regions
[384.728s][info][gc,marking  ] GC(843) Concurrent Scan Root Regions 2.566ms
[384.728s][info][gc,marking  ] GC(843) Concurrent Mark
[384.728s][info][gc,marking  ] GC(843) Concurrent Mark From Roots
[384.728s][info][gc,task     ] GC(843) Using 1 workers of 1 for marking
[384.801s][info][gc,marking  ] GC(843) Concurrent Mark From Roots 72.322ms
[384.801s][info][gc,marking  ] GC(843) Concurrent Preclean
[384.801s][info][gc,marking  ] GC(843) Concurrent Preclean 0.034ms
[384.801s][info][gc,start    ] GC(843) Pause Remark
[384.816s][info][gc          ] GC(843) Pause Remark 188M->130M(274M) 14.907ms
[384.816s][info][gc,cpu      ] GC(843) User=0.03s Sys=0.00s Real=0.02s
[384.818s][info][gc,marking  ] GC(843) Concurrent Mark 89.891ms
[384.818s][info][gc,marking  ] GC(843) Concurrent Rebuild Remembered Sets and Scrub Regions
[384.846s][info][gc,marking  ] GC(843) Concurrent Rebuild Remembered Sets and Scrub Regions 27.497ms
[384.846s][info][gc,start    ] GC(843) Pause Cleanup
[384.846s][info][gc          ] GC(843) Pause Cleanup 148M->148M(274M) 0.046ms
[384.846s][info][gc,cpu      ] GC(843) User=0.00s Sys=0.00s Real=0.00s
[384.846s][info][gc,marking  ] GC(843) Concurrent Clear Claimed Marks
[384.846s][info][gc,marking  ] GC(843) Concurrent Clear Claimed Marks 0.037ms
[384.846s][info][gc,marking  ] GC(843) Concurrent Cleanup for Next Mark
[384.847s][info][gc,marking  ] GC(843) Concurrent Cleanup for Next Mark 0.795ms
[384.847s][info][gc          ] GC(843) Concurrent Mark Cycle 121.143ms
[384.985s][info][gc,start    ] GC(844) Pause Young (Prepare Mixed) (G1 Evacuation Pause)
[384.985s][info][gc,task     ] GC(844) Using 2 workers of 2 for evacuation
[384.989s][info][gc,phases   ] GC(844)   Pre Evacuate Collection Set: 0.16ms
[384.989s][info][gc,phases   ] GC(844)   Merge Heap Roots: 0.08ms
[384.989s][info][gc,phases   ] GC(844)   Evacuate Collection Set: 2.84ms
[384.989s][info][gc,phases   ] GC(844)   Post Evacuate Collection Set: 0.39ms
[384.989s][info][gc,phases   ] GC(844)   Other: 0.06ms
[384.989s][info][gc,heap     ] GC(844) Eden regions: 159->0(151)
[384.989s][info][gc,heap     ] GC(844) Survivor regions: 5->5(21)
[384.989s][info][gc,heap     ] GC(844) Old regions: 76->76
[384.989s][info][gc,heap     ] GC(844) Humongous regions: 1->1
[384.989s][info][gc,metaspace] GC(844) Metaspace: 42923K(43264K)->42923K(43264K) NonClass: 40105K(40320K)->40105K(40320K) Class: 2817K(2944K)->2817K(2944K)
[384.989s][info][gc          ] GC(844) Pause Young (Prepare Mixed) (G1 Evacuation Pause) 240M->81M(274M) 3.731ms
[384.989s][info][gc,cpu      ] GC(844) User=0.01s Sys=0.00s Real=0.00s
[385.386s][info][gc,start    ] GC(845) Pause Young (Mixed) (G1 Evacuation Pause)
[385.386s][info][gc,task     ] GC(845) Using 2 workers of 2 for evacuation
[385.394s][info][gc,phases   ] GC(845)   Pre Evacuate Collection Set: 0.19ms
[385.394s][info][gc,phases   ] GC(845)   Merge Heap Roots: 0.08ms
[385.394s][info][gc,phases   ] GC(845)   Evacuate Collection Set: 6.65ms
[385.394s][info][gc,phases   ] GC(845)   Post Evacuate Collection Set: 0.48ms
[385.394s][info][gc,phases   ] GC(845)   Other: 0.07ms
[385.394s][info][gc,heap     ] GC(845) Eden regions: 151->0(179)
[385.394s][info][gc,heap     ] GC(845) Survivor regions: 5->8(20)
[385.394s][info][gc,heap     ] GC(845) Old regions: 76->68
[385.394s][info][gc,heap     ] GC(845) Humongous regions: 71->3
[385.394s][info][gc,metaspace] GC(845) Metaspace: 42923K(43264K)->42923K(43264K) NonClass: 40105K(40320K)->40105K(40320K) Class: 2817K(2944K)->2817K(2944K)
[385.394s][info][gc          ] GC(845) Pause Young (Mixed) (G1 Evacuation Pause) 301M->77M(312M) 7.684ms
[385.394s][info][gc,cpu      ] GC(845) User=0.01s Sys=0.00s Real=0.01s
[385.398s][info][gc,start    ] GC(846) Pause Young (Concurrent Start) (G1 Humongous Allocation)
[385.398s][info][gc,task     ] GC(846) Using 2 workers of 2 for evacuation
[385.404s][info][gc,phases   ] GC(846)   Pre Evacuate Collection Set: 0.15ms
[385.404s][info][gc,phases   ] GC(846)   Merge Heap Roots: 0.04ms
[385.404s][info][gc,phases   ] GC(846)   Evacuate Collection Set: 5.06ms
[385.404s][info][gc,phases   ] GC(846)   Post Evacuate Collection Set: 0.47ms
[385.404s][info][gc,phases   ] GC(846)   Other: 0.06ms
[385.404s][info][gc,heap     ] GC(846) Eden regions: 1->0(179)
[385.404s][info][gc,heap     ] GC(846) Survivor regions: 8->8(24)
[385.404s][info][gc,heap     ] GC(846) Old regions: 68->68
[385.404s][info][gc,heap     ] GC(846) Humongous regions: 3->1
[385.404s][info][gc,metaspace] GC(846) Metaspace: 42923K(43264K)->42923K(43264K) NonClass: 40105K(40320K)->40105K(40320K) Class: 2817K(2944K)->2817K(2944K)
[385.404s][info][gc          ] GC(846) Pause Young (Concurrent Start) (G1 Humongous Allocation) 77M->74M(312M) 5.915ms
[385.404s][info][gc          ] GC(847) Concurrent Mark Cycle
[385.404s][info][gc,marking  ] GC(847) Concurrent Scan Root Regions
[385.406s][info][gc,cpu      ] GC(846) User=0.01s Sys=0.01s Real=0.01s
[385.407s][info][gc,marking  ] GC(847) Concurrent Scan Root Regions 3.618ms
[385.407s][info][gc,marking  ] GC(847) Concurrent Mark
[385.407s][info][gc,marking  ] GC(847) Concurrent Mark From Roots
[385.407s][info][gc,task     ] GC(847) Using 1 workers of 1 for marking
[385.478s][info][gc,marking  ] GC(847) Concurrent Mark From Roots 70.235ms
[385.478s][info][gc,marking  ] GC(847) Concurrent Preclean
[385.478s][info][gc,marking  ] GC(847) Concurrent Preclean 0.037ms
[385.478s][info][gc,start    ] GC(847) Pause Remark
[385.493s][info][gc          ] GC(847) Pause Remark 141M->141M(312M) 15.002ms
[385.493s][info][gc,cpu      ] GC(847) User=0.03s Sys=0.00s Real=0.02s
[385.493s][info][gc,marking  ] GC(847) Concurrent Mark 85.566ms
[385.493s][info][gc,marking  ] GC(847) Concurrent Rebuild Remembered Sets and Scrub Regions
[385.521s][info][gc,marking  ] GC(847) Concurrent Rebuild Remembered Sets and Scrub Regions 28.229ms
[385.521s][info][gc,start    ] GC(847) Pause Cleanup
[385.521s][info][gc          ] GC(847) Pause Cleanup 166M->166M(312M) 0.057ms
[385.521s][info][gc,cpu      ] GC(847) User=0.00s Sys=0.00s Real=0.00s
[385.521s][info][gc,marking  ] GC(847) Concurrent Clear Claimed Marks
[385.521s][info][gc,marking  ] GC(847) Concurrent Clear Claimed Marks 0.039ms
[385.521s][info][gc,marking  ] GC(847) Concurrent Cleanup for Next Mark
[385.523s][info][gc,marking  ] GC(847) Concurrent Cleanup for Next Mark 1.241ms
[385.523s][info][gc          ] GC(847) Concurrent Mark Cycle 118.955ms
[385.868s][info][gc,start    ] GC(848) Pause Young (Prepare Mixed) (G1 Evacuation Pause)
[385.868s][info][gc,task     ] GC(848) Using 2 workers of 2 for evacuation
[385.880s][info][gc,phases   ] GC(848)   Pre Evacuate Collection Set: 0.25ms
[385.880s][info][gc,phases   ] GC(848)   Merge Heap Roots: 0.07ms
[385.880s][info][gc,phases   ] GC(848)   Evacuate Collection Set: 11.20ms
[385.880s][info][gc,phases   ] GC(848)   Post Evacuate Collection Set: 0.74ms
[385.880s][info][gc,phases   ] GC(848)   Other: 0.07ms
[385.880s][info][gc,heap     ] GC(848) Eden regions: 45->0(245)
[385.880s][info][gc,heap     ] GC(848) Survivor regions: 8->10(26)
[385.880s][info][gc,heap     ] GC(848) Old regions: 68->68
[385.880s][info][gc,heap     ] GC(848) Humongous regions: 295->3
[385.880s][info][gc,metaspace] GC(848) Metaspace: 42923K(43264K)->42923K(43264K) NonClass: 40105K(40320K)->40105K(40320K) Class: 2817K(2944K)->2817K(2944K)
[385.880s][info][gc          ] GC(848) Pause Young (Prepare Mixed) (G1 Evacuation Pause) 413M->79M(426M) 12.542ms
[385.880s][info][gc,cpu      ] GC(848) User=0.01s Sys=0.01s Real=0.01s
[386.454s][info][gc,start    ] GC(849) Pause Young (Mixed) (G1 Evacuation Pause)
[386.454s][info][gc,task     ] GC(849) Using 2 workers of 2 for evacuation
[386.480s][info][gc,phases   ] GC(849)   Pre Evacuate Collection Set: 0.28ms
[386.480s][info][gc,phases   ] GC(849)   Merge Heap Roots: 0.16ms
[386.480s][info][gc,phases   ] GC(849)   Evacuate Collection Set: 24.07ms
[386.480s][info][gc,phases   ] GC(849)   Post Evacuate Collection Set: 0.86ms
[386.480s][info][gc,phases   ] GC(849)   Other: 0.07ms
[386.480s][info][gc,heap     ] GC(849) Eden regions: 65->0(311)
[386.480s][info][gc,heap     ] GC(849) Survivor regions: 10->17(37)
[386.480s][info][gc,heap     ] GC(849) Old regions: 68->58
[386.480s][info][gc,heap     ] GC(849) Humongous regions: 385->1
[386.480s][info][gc,metaspace] GC(849) Metaspace: 42923K(43264K)->42923K(43264K) NonClass: 40105K(40320K)->40105K(40320K) Class: 2817K(2944K)->2817K(2944K)
[386.480s][info][gc          ] GC(849) Pause Young (Mixed) (G1 Evacuation Pause) 526M->74M(547M) 25.664ms
[386.480s][info][gc,cpu      ] GC(849) User=0.03s Sys=0.02s Real=0.02s
[386.628s][info][gc,start    ] GC(850) Pause Young (Concurrent Start) (G1 Humongous Allocation)
[386.628s][info][gc,task     ] GC(850) Using 2 workers of 2 for evacuation
[386.646s][info][gc,phases   ] GC(850)   Pre Evacuate Collection Set: 0.28ms
[386.646s][info][gc,phases   ] GC(850)   Merge Heap Roots: 0.06ms
[386.646s][info][gc,phases   ] GC(850)   Evacuate Collection Set: 16.97ms
[386.646s][info][gc,phases   ] GC(850)   Post Evacuate Collection Set: 0.40ms
[386.646s][info][gc,phases   ] GC(850)   Other: 0.08ms
[386.646s][info][gc,heap     ] GC(850) Eden regions: 22->0(282)
[386.646s][info][gc,heap     ] GC(850) Survivor regions: 17->20(41)
[386.646s][info][gc,heap     ] GC(850) Old regions: 58->58
[386.646s][info][gc,heap     ] GC(850) Humongous regions: 101->1
[386.646s][info][gc,metaspace] GC(850) Metaspace: 42923K(43264K)->42923K(43264K) NonClass: 40105K(40320K)->40105K(40320K) Class: 2817K(2944K)->2817K(2944K)
[386.646s][info][gc          ] GC(850) Pause Young (Concurrent Start) (G1 Humongous Allocation) 196M->78M(547M) 18.041ms
[386.646s][info][gc          ] GC(851) Concurrent Undo Cycle
[386.646s][info][gc,marking  ] GC(851) Concurrent Clear Claimed Marks
[386.646s][info][gc,marking  ] GC(851) Concurrent Clear Claimed Marks 0.036ms
[386.646s][info][gc,marking  ] GC(851) Concurrent Cleanup for Next Mark
[386.646s][info][gc,cpu      ] GC(850) User=0.03s Sys=0.00s Real=0.02s
[386.646s][info][gc,marking  ] GC(851) Concurrent Cleanup for Next Mark 0.169ms
[386.646s][info][gc          ] GC(851) Concurrent Undo Cycle 0.243ms
[386.726s][info][gc,start    ] GC(852) Pause Young (Concurrent Start) (G1 Humongous Allocation)
[386.726s][info][gc,task     ] GC(852) Using 2 workers of 2 for evacuation
[386.744s][info][gc,phases   ] GC(852)   Pre Evacuate Collection Set: 0.28ms
[386.745s][info][gc,phases   ] GC(852)   Merge Heap Roots: 0.07ms
[386.745s][info][gc,phases   ] GC(852)   Evacuate Collection Set: 17.58ms
[386.745s][info][gc,phases   ] GC(852)   Post Evacuate Collection Set: 0.67ms
[386.745s][info][gc,phases   ] GC(852)   Other: 0.10ms
[386.745s][info][gc,heap     ] GC(852) Eden regions: 10->0(305)
[386.745s][info][gc,heap     ] GC(852) Survivor regions: 20->20(38)
[386.745s][info][gc,heap     ] GC(852) Old regions: 58->59
[386.745s][info][gc,heap     ] GC(852) Humongous regions: 57->1
[386.745s][info][gc,metaspace] GC(852) Metaspace: 42923K(43264K)->42923K(43264K) NonClass: 40105K(40320K)->40105K(40320K) Class: 2817K(2944K)->2817K(2944K)
[386.745s][info][gc          ] GC(852) Pause Young (Concurrent Start) (G1 Humongous Allocation) 144M->80M(547M) 18.895ms
[386.745s][info][gc          ] GC(853) Concurrent Undo Cycle
[386.745s][info][gc,marking  ] GC(853) Concurrent Clear Claimed Marks
[386.745s][info][gc,marking  ] GC(853) Concurrent Clear Claimed Marks 0.037ms
[386.745s][info][gc,marking  ] GC(853) Concurrent Cleanup for Next Mark
[386.745s][info][gc,cpu      ] GC(852) User=0.03s Sys=0.00s Real=0.02s
[386.745s][info][gc,marking  ] GC(853) Concurrent Cleanup for Next Mark 0.256ms
[386.745s][info][gc          ] GC(853) Concurrent Undo Cycle 0.331ms
[386.802s][info][gc,start    ] GC(854) Pause Young (Concurrent Start) (G1 Humongous Allocation)
[386.802s][info][gc,task     ] GC(854) Using 2 workers of 2 for evacuation
[386.821s][info][gc,phases   ] GC(854)   Pre Evacuate Collection Set: 0.24ms
[386.821s][info][gc,phases   ] GC(854)   Merge Heap Roots: 0.06ms
[386.821s][info][gc,phases   ] GC(854)   Evacuate Collection Set: 17.97ms
[386.821s][info][gc,phases   ] GC(854)   Post Evacuate Collection Set: 0.62ms
[386.821s][info][gc,phases   ] GC(854)   Other: 0.14ms
[386.821s][info][gc,heap     ] GC(854) Eden regions: 8->0(306)
[386.821s][info][gc,heap     ] GC(854) Survivor regions: 20->22(41)
[386.821s][info][gc,heap     ] GC(854) Old regions: 59->59
[386.821s][info][gc,heap     ] GC(854) Humongous regions: 35->1
[386.821s][info][gc,metaspace] GC(854) Metaspace: 42923K(43264K)->42923K(43264K) NonClass: 40105K(40320K)->40105K(40320K) Class: 2817K(2944K)->2817K(2944K)
[386.821s][info][gc          ] GC(854) Pause Young (Concurrent Start) (G1 Humongous Allocation) 122M->81M(547M) 19.241ms
[386.821s][info][gc,cpu      ] GC(854) User=0.03s Sys=0.00s Real=0.01s
[386.821s][info][gc          ] GC(855) Concurrent Undo Cycle
[386.821s][info][gc,marking  ] GC(855) Concurrent Clear Claimed Marks
[386.821s][info][gc,marking  ] GC(855) Concurrent Clear Claimed Marks 0.035ms
[386.821s][info][gc,marking  ] GC(855) Concurrent Cleanup for Next Mark
[386.822s][info][gc,marking  ] GC(855) Concurrent Cleanup for Next Mark 1.140ms
[386.822s][info][gc          ] GC(855) Concurrent Undo Cycle 1.243ms
[386.885s][info][gc,start    ] GC(856) Pause Young (Concurrent Start) (G1 Humongous Allocation)
[386.885s][info][gc,task     ] GC(856) Using 2 workers of 2 for evacuation
[386.906s][info][gc,phases   ] GC(856)   Pre Evacuate Collection Set: 0.31ms
[386.906s][info][gc,phases   ] GC(856)   Merge Heap Roots: 0.05ms
[386.906s][info][gc,phases   ] GC(856)   Evacuate Collection Set: 19.64ms
[386.906s][info][gc,phases   ] GC(856)   Post Evacuate Collection Set: 0.72ms
[386.906s][info][gc,phases   ] GC(856)   Other: 0.12ms
[386.906s][info][gc,heap     ] GC(856) Eden regions: 10->0(304)
[386.906s][info][gc,heap     ] GC(856) Survivor regions: 22->24(41)
[386.906s][info][gc,heap     ] GC(856) Old regions: 59->60
[386.906s][info][gc,heap     ] GC(856) Humongous regions: 37->1
[386.906s][info][gc,metaspace] GC(856) Metaspace: 42923K(43264K)->42923K(43264K) NonClass: 40105K(40320K)->40105K(40320K) Class: 2817K(2944K)->2817K(2944K)
[386.906s][info][gc          ] GC(856) Pause Young (Concurrent Start) (G1 Humongous Allocation) 127M->83M(547M) 21.035ms
[386.906s][info][gc,cpu      ] GC(856) User=0.04s Sys=0.00s Real=0.02s
[386.906s][info][gc          ] GC(857) Concurrent Undo Cycle
[386.906s][info][gc,marking  ] GC(857) Concurrent Clear Claimed Marks
[386.906s][info][gc,marking  ] GC(857) Concurrent Clear Claimed Marks 0.038ms
[386.906s][info][gc,marking  ] GC(857) Concurrent Cleanup for Next Mark
[386.906s][info][gc,marking  ] GC(857) Concurrent Cleanup for Next Mark 0.207ms
[386.906s][info][gc          ] GC(857) Concurrent Undo Cycle 0.324ms
[386.965s][info][gc,start    ] GC(858) Pause Young (Concurrent Start) (G1 Humongous Allocation)
[386.965s][info][gc,task     ] GC(858) Using 2 workers of 2 for evacuation
[386.986s][info][gc,phases   ] GC(858)   Pre Evacuate Collection Set: 0.26ms
[386.986s][info][gc,phases   ] GC(858)   Merge Heap Roots: 0.06ms
[386.986s][info][gc,phases   ] GC(858)   Evacuate Collection Set: 20.12ms
[386.986s][info][gc,phases   ] GC(858)   Post Evacuate Collection Set: 0.41ms
[386.986s][info][gc,phases   ] GC(858)   Other: 0.10ms
[386.986s][info][gc,heap     ] GC(858) Eden regions: 7->0(309)
[386.986s][info][gc,heap     ] GC(858) Survivor regions: 24->19(41)
[386.986s][info][gc,heap     ] GC(858) Old regions: 60->65
[386.986s][info][gc,heap     ] GC(858) Humongous regions: 39->1
[386.986s][info][gc,metaspace] GC(858) Metaspace: 42923K(43264K)->42923K(43264K) NonClass: 40105K(40320K)->40105K(40320K) Class: 2817K(2944K)->2817K(2944K)
[386.986s][info][gc          ] GC(858) Pause Young (Concurrent Start) (G1 Humongous Allocation) 128M->84M(547M) 21.161ms
[386.986s][info][gc,cpu      ] GC(858) User=0.04s Sys=0.00s Real=0.02s
[386.986s][info][gc          ] GC(859) Concurrent Undo Cycle
[386.986s][info][gc,marking  ] GC(859) Concurrent Clear Claimed Marks
[386.986s][info][gc,marking  ] GC(859) Concurrent Clear Claimed Marks 0.051ms
[386.986s][info][gc,marking  ] GC(859) Concurrent Cleanup for Next Mark
[386.986s][info][gc,marking  ] GC(859) Concurrent Cleanup for Next Mark 0.197ms
[386.986s][info][gc          ] GC(859) Concurrent Undo Cycle 0.323ms
[387.032s][info][gc,start    ] GC(860) Pause Young (Concurrent Start) (G1 Humongous Allocation)
[387.032s][info][gc,task     ] GC(860) Using 2 workers of 2 for evacuation
[387.052s][info][gc,phases   ] GC(860)   Pre Evacuate Collection Set: 0.29ms
[387.052s][info][gc,phases   ] GC(860)   Merge Heap Roots: 0.09ms
[387.052s][info][gc,phases   ] GC(860)   Evacuate Collection Set: 17.80ms
[387.052s][info][gc,phases   ] GC(860)   Post Evacuate Collection Set: 1.14ms
[387.052s][info][gc,phases   ] GC(860)   Other: 0.13ms
[387.052s][info][gc,heap     ] GC(860) Eden regions: 6->0(374)
[387.052s][info][gc,heap     ] GC(860) Survivor regions: 19->20(41)
[387.052s][info][gc,heap     ] GC(860) Old regions: 65->65
[387.052s][info][gc,heap     ] GC(860) Humongous regions: 31->1
[387.052s][info][gc,metaspace] GC(860) Metaspace: 42923K(43264K)->42923K(43264K) NonClass: 40105K(40320K)->40105K(40320K) Class: 2817K(2944K)->2817K(2944K)
[387.052s][info][gc          ] GC(860) Pause Young (Concurrent Start) (G1 Humongous Allocation) 120M->85M(658M) 19.636ms
[387.052s][info][gc,cpu      ] GC(860) User=0.04s Sys=0.00s Real=0.02s
[387.052s][info][gc          ] GC(861) Concurrent Undo Cycle
[387.052s][info][gc,marking  ] GC(861) Concurrent Clear Claimed Marks
[387.052s][info][gc,marking  ] GC(861) Concurrent Clear Claimed Marks 0.038ms
[387.052s][info][gc,marking  ] GC(861) Concurrent Cleanup for Next Mark
[387.052s][info][gc,marking  ] GC(861) Concurrent Cleanup for Next Mark 0.221ms
[387.052s][info][gc          ] GC(861) Concurrent Undo Cycle 0.298ms
[387.182s][info][gc,start    ] GC(862) Pause Young (Concurrent Start) (G1 Humongous Allocation)
[387.182s][info][gc,task     ] GC(862) Using 2 workers of 2 for evacuation
[387.213s][info][gc,phases   ] GC(862)   Pre Evacuate Collection Set: 0.29ms
[387.214s][info][gc,phases   ] GC(862)   Merge Heap Roots: 0.07ms
[387.214s][info][gc,phases   ] GC(862)   Evacuate Collection Set: 30.24ms
[387.214s][info][gc,phases   ] GC(862)   Post Evacuate Collection Set: 0.39ms
[387.214s][info][gc,phases   ] GC(862)   Other: 0.12ms
[387.214s][info][gc,heap     ] GC(862) Eden regions: 19->0(371)
[387.214s][info][gc,heap     ] GC(862) Survivor regions: 20->23(50)
[387.214s][info][gc,heap     ] GC(862) Old regions: 65->65
[387.214s][info][gc,heap     ] GC(862) Humongous regions: 73->1
[387.214s][info][gc,metaspace] GC(862) Metaspace: 42923K(43264K)->42923K(43264K) NonClass: 40105K(40320K)->40105K(40320K) Class: 2817K(2944K)->2817K(2944K)
[387.214s][info][gc          ] GC(862) Pause Young (Concurrent Start) (G1 Humongous Allocation) 176M->89M(658M) 31.317ms
[387.214s][info][gc,cpu      ] GC(862) User=0.05s Sys=0.01s Real=0.03s
[387.214s][info][gc          ] GC(863) Concurrent Undo Cycle
[387.214s][info][gc,marking  ] GC(863) Concurrent Clear Claimed Marks
[387.214s][info][gc,marking  ] GC(863) Concurrent Clear Claimed Marks 0.036ms
[387.214s][info][gc,marking  ] GC(863) Concurrent Cleanup for Next Mark
[387.214s][info][gc,marking  ] GC(863) Concurrent Cleanup for Next Mark 0.573ms
[387.214s][info][gc          ] GC(863) Concurrent Undo Cycle 0.681ms
[387.307s][info][gc,start    ] GC(864) Pause Young (Concurrent Start) (G1 Humongous Allocation)
[387.307s][info][gc,task     ] GC(864) Using 2 workers of 2 for evacuation
[387.331s][info][gc,phases   ] GC(864)   Pre Evacuate Collection Set: 0.28ms
[387.331s][info][gc,phases   ] GC(864)   Merge Heap Roots: 0.06ms
[387.331s][info][gc,phases   ] GC(864)   Evacuate Collection Set: 23.16ms
[387.331s][info][gc,phases   ] GC(864)   Post Evacuate Collection Set: 0.40ms
[387.331s][info][gc,phases   ] GC(864)   Other: 0.16ms
[387.332s][info][gc,heap     ] GC(864) Eden regions: 11->0(371)
[387.332s][info][gc,heap     ] GC(864) Survivor regions: 23->23(50)
[387.332s][info][gc,heap     ] GC(864) Old regions: 65->65
[387.332s][info][gc,heap     ] GC(864) Humongous regions: 77->1
[387.332s][info][gc,metaspace] GC(864) Metaspace: 42923K(43264K)->42923K(43264K) NonClass: 40105K(40320K)->40105K(40320K) Class: 2817K(2944K)->2817K(2944K)
[387.332s][info][gc          ] GC(864) Pause Young (Concurrent Start) (G1 Humongous Allocation) 175M->89M(658M) 24.266ms
[387.332s][info][gc,cpu      ] GC(864) User=0.05s Sys=0.00s Real=0.03s
[387.332s][info][gc          ] GC(865) Concurrent Undo Cycle
[387.332s][info][gc,marking  ] GC(865) Concurrent Clear Claimed Marks
[387.332s][info][gc,marking  ] GC(865) Concurrent Clear Claimed Marks 0.038ms
[387.332s][info][gc,marking  ] GC(865) Concurrent Cleanup for Next Mark
[387.334s][info][gc,marking  ] GC(865) Concurrent Cleanup for Next Mark 2.376ms
[387.334s][info][gc          ] GC(865) Concurrent Undo Cycle 2.506ms
[387.444s][info][gc,start    ] GC(866) Pause Young (Concurrent Start) (G1 Humongous Allocation)
[387.444s][info][gc,task     ] GC(866) Using 2 workers of 2 for evacuation
[387.469s][info][gc,phases   ] GC(866)   Pre Evacuate Collection Set: 0.26ms
[387.469s][info][gc,phases   ] GC(866)   Merge Heap Roots: 0.07ms
[387.469s][info][gc,phases   ] GC(866)   Evacuate Collection Set: 24.42ms
[387.469s][info][gc,phases   ] GC(866)   Post Evacuate Collection Set: 0.42ms
[387.469s][info][gc,phases   ] GC(866)   Other: 0.18ms
[387.469s][info][gc,heap     ] GC(866) Eden regions: 14->0(369)
[387.469s][info][gc,heap     ] GC(866) Survivor regions: 23->25(50)
[387.469s][info][gc,heap     ] GC(866) Old regions: 65->65
[387.469s][info][gc,heap     ] GC(866) Humongous regions: 79->1
[387.470s][info][gc,metaspace] GC(866) Metaspace: 42923K(43264K)->42923K(43264K) NonClass: 40105K(40320K)->40105K(40320K) Class: 2817K(2944K)->2817K(2944K)
[387.470s][info][gc          ] GC(866) Pause Young (Concurrent Start) (G1 Humongous Allocation) 180M->90M(658M) 25.545ms
[387.470s][info][gc          ] GC(867) Concurrent Undo Cycle
[387.470s][info][gc,marking  ] GC(867) Concurrent Clear Claimed Marks
[387.470s][info][gc,marking  ] GC(867) Concurrent Clear Claimed Marks 0.036ms
[387.470s][info][gc,marking  ] GC(867) Concurrent Cleanup for Next Mark
[387.470s][info][gc,cpu      ] GC(866) User=0.05s Sys=0.00s Real=0.02s
[387.470s][info][gc,marking  ] GC(867) Concurrent Cleanup for Next Mark 0.271ms
[387.470s][info][gc          ] GC(867) Concurrent Undo Cycle 0.346ms
[387.790s][info][gc,start    ] GC(868) Pause Young (Concurrent Start) (G1 Humongous Allocation)
[387.790s][info][gc,task     ] GC(868) Using 2 workers of 2 for evacuation
[387.837s][info][gc,phases   ] GC(868)   Pre Evacuate Collection Set: 0.26ms
[387.837s][info][gc,phases   ] GC(868)   Merge Heap Roots: 0.10ms
[387.837s][info][gc,phases   ] GC(868)   Evacuate Collection Set: 45.36ms
[387.837s][info][gc,phases   ] GC(868)   Post Evacuate Collection Set: 1.03ms
[387.837s][info][gc,phases   ] GC(868)   Other: 0.11ms
[387.837s][info][gc,heap     ] GC(868) Eden regions: 65->0(403)
[387.837s][info][gc,heap     ] GC(868) Survivor regions: 25->36(50)
[387.837s][info][gc,heap     ] GC(868) Old regions: 65->65
[387.837s][info][gc,heap     ] GC(868) Humongous regions: 83->1
[387.837s][info][gc,metaspace] GC(868) Metaspace: 42924K(43264K)->42924K(43264K) NonClass: 40106K(40320K)->40106K(40320K) Class: 2817K(2944K)->2817K(2944K)
[387.837s][info][gc          ] GC(868) Pause Young (Concurrent Start) (G1 Humongous Allocation) 237M->102M(733M) 47.080ms
[387.837s][info][gc          ] GC(869) Concurrent Undo Cycle
[387.837s][info][gc,marking  ] GC(869) Concurrent Clear Claimed Marks
[387.837s][info][gc,marking  ] GC(869) Concurrent Clear Claimed Marks 0.038ms
[387.837s][info][gc,marking  ] GC(869) Concurrent Cleanup for Next Mark
[387.837s][info][gc,cpu      ] GC(868) User=0.07s Sys=0.02s Real=0.05s
[387.838s][info][gc,marking  ] GC(869) Concurrent Cleanup for Next Mark 0.272ms
[387.838s][info][gc          ] GC(869) Concurrent Undo Cycle 0.358ms
[388.804s][info][gc,start    ] GC(870) Pause Young (Normal) (G1 Evacuation Pause)
[388.804s][info][gc,task     ] GC(870) Using 2 workers of 2 for evacuation
[388.840s][info][gc,phases   ] GC(870)   Pre Evacuate Collection Set: 0.30ms
[388.840s][info][gc,phases   ] GC(870)   Merge Heap Roots: 0.12ms
[388.840s][info][gc,phases   ] GC(870)   Evacuate Collection Set: 35.18ms
[388.840s][info][gc,phases   ] GC(870)   Post Evacuate Collection Set: 0.77ms
[388.840s][info][gc,phases   ] GC(870)   Other: 0.08ms
[388.840s][info][gc,heap     ] GC(870) Eden regions: 403->0(407)
[388.840s][info][gc,heap     ] GC(870) Survivor regions: 36->32(55)
[388.840s][info][gc,heap     ] GC(870) Old regions: 65->74
[388.840s][info][gc,heap     ] GC(870) Humongous regions: 37->1
[388.840s][info][gc,metaspace] GC(870) Metaspace: 42928K(43264K)->42928K(43264K) NonClass: 40110K(40320K)->40110K(40320K) Class: 2817K(2944K)->2817K(2944K)
[388.840s][info][gc          ] GC(870) Pause Young (Normal) (G1 Evacuation Pause) 541M->106M(733M) 36.655ms
[388.840s][info][gc,cpu      ] GC(870) User=0.07s Sys=0.00s Real=0.03s
[389.699s][info][gc,start    ] GC(871) Pause Young (Normal) (G1 Evacuation Pause)
[389.699s][info][gc,task     ] GC(871) Using 2 workers of 2 for evacuation
[389.726s][info][gc,phases   ] GC(871)   Pre Evacuate Collection Set: 0.29ms
[389.726s][info][gc,phases   ] GC(871)   Merge Heap Roots: 0.14ms
[389.726s][info][gc,phases   ] GC(871)   Evacuate Collection Set: 25.42ms
[389.726s][info][gc,phases   ] GC(871)   Post Evacuate Collection Set: 0.81ms
[389.726s][info][gc,phases   ] GC(871)   Other: 0.08ms
[389.726s][info][gc,heap     ] GC(871) Eden regions: 407->0(411)
[389.726s][info][gc,heap     ] GC(871) Survivor regions: 32->28(55)
[389.726s][info][gc,heap     ] GC(871) Old regions: 74->78
[389.726s][info][gc,heap     ] GC(871) Humongous regions: 1->1
[389.726s][info][gc,metaspace] GC(871) Metaspace: 42936K(43328K)->42936K(43328K) NonClass: 40118K(40384K)->40118K(40384K) Class: 2817K(2944K)->2817K(2944K)
[389.726s][info][gc          ] GC(871) Pause Young (Normal) (G1 Evacuation Pause) 513M->107M(733M) 26.947ms
[389.726s][info][gc,cpu      ] GC(871) User=0.05s Sys=0.00s Real=0.03s
[390.616s][info][gc,start    ] GC(872) Pause Young (Normal) (G1 Evacuation Pause)
[390.616s][info][gc,task     ] GC(872) Using 2 workers of 2 for evacuation
[390.639s][info][gc,phases   ] GC(872)   Pre Evacuate Collection Set: 0.29ms
[390.639s][info][gc,phases   ] GC(872)   Merge Heap Roots: 0.15ms
[390.639s][info][gc,phases   ] GC(872)   Evacuate Collection Set: 22.27ms
[390.639s][info][gc,phases   ] GC(872)   Post Evacuate Collection Set: 0.65ms
[390.639s][info][gc,phases   ] GC(872)   Other: 0.08ms
[390.639s][info][gc,heap     ] GC(872) Eden regions: 411->0(408)
[390.639s][info][gc,heap     ] GC(872) Survivor regions: 28->31(55)
[390.639s][info][gc,heap     ] GC(872) Old regions: 78->78
[390.639s][info][gc,heap     ] GC(872) Humongous regions: 1->1
[390.639s][info][gc,metaspace] GC(872) Metaspace: 42939K(43328K)->42939K(43328K) NonClass: 40121K(40384K)->40121K(40384K) Class: 2817K(2944K)->2817K(2944K)
[390.639s][info][gc          ] GC(872) Pause Young (Normal) (G1 Evacuation Pause) 518M->110M(733M) 23.651ms
[390.639s][info][gc,cpu      ] GC(872) User=0.05s Sys=0.00s Real=0.02s
[392.486s][info][gc,start    ] GC(873) Pause Young (Normal) (G1 Evacuation Pause)
[392.486s][info][gc,task     ] GC(873) Using 2 workers of 2 for evacuation
[392.528s][info][gc,phases   ] GC(873)   Pre Evacuate Collection Set: 0.29ms
[392.528s][info][gc,phases   ] GC(873)   Merge Heap Roots: 0.17ms
[392.528s][info][gc,phases   ] GC(873)   Evacuate Collection Set: 40.79ms
[392.528s][info][gc,phases   ] GC(873)   Post Evacuate Collection Set: 0.92ms
[392.528s][info][gc,phases   ] GC(873)   Other: 0.12ms
[392.528s][info][gc,heap     ] GC(873) Eden regions: 408->0(398)
[392.528s][info][gc,heap     ] GC(873) Survivor regions: 31->41(55)
[392.528s][info][gc,heap     ] GC(873) Old regions: 78->81
[392.528s][info][gc,heap     ] GC(873) Humongous regions: 13->3
[392.528s][info][gc,metaspace] GC(873) Metaspace: 42971K(43328K)->42971K(43328K) NonClass: 40153K(40384K)->40153K(40384K) Class: 2817K(2944K)->2817K(2944K)
[392.528s][info][gc          ] GC(873) Pause Young (Normal) (G1 Evacuation Pause) 530M->124M(733M) 42.520ms
[392.528s][info][gc,cpu      ] GC(873) User=0.08s Sys=0.00s Real=0.04s
[393.354s][info][gc,start    ] GC(874) Pause Young (Normal) (G1 Evacuation Pause)
[393.354s][info][gc,task     ] GC(874) Using 2 workers of 2 for evacuation
[393.443s][info][gc,phases   ] GC(874)   Pre Evacuate Collection Set: 0.28ms
[393.443s][info][gc,phases   ] GC(874)   Merge Heap Roots: 0.27ms
[393.443s][info][gc,phases   ] GC(874)   Evacuate Collection Set: 87.12ms
[393.443s][info][gc,phases   ] GC(874)   Post Evacuate Collection Set: 0.75ms
[393.443s][info][gc,phases   ] GC(874)   Other: 0.10ms
[393.443s][info][gc,heap     ] GC(874) Eden regions: 398->0(384)
[393.443s][info][gc,heap     ] GC(874) Survivor regions: 41->55(55)
[393.443s][info][gc,heap     ] GC(874) Old regions: 81->109
[393.443s][info][gc,heap     ] GC(874) Humongous regions: 6->6
[393.443s][info][gc,metaspace] GC(874) Metaspace: 42971K(43328K)->42971K(43328K) NonClass: 40153K(40384K)->40153K(40384K) Class: 2817K(2944K)->2817K(2944K)
[393.443s][info][gc          ] GC(874) Pause Young (Normal) (G1 Evacuation Pause) 525M->170M(733M) 88.728ms
[393.443s][info][gc,cpu      ] GC(874) User=0.17s Sys=0.00s Real=0.09s
[397.180s][info][gc,start    ] GC(875) Pause Young (Normal) (G1 Evacuation Pause)
[397.180s][info][gc,task     ] GC(875) Using 2 workers of 2 for evacuation
[397.266s][info][gc,phases   ] GC(875)   Pre Evacuate Collection Set: 0.42ms
[397.266s][info][gc,phases   ] GC(875)   Merge Heap Roots: 0.42ms
[397.266s][info][gc,phases   ] GC(875)   Evacuate Collection Set: 83.92ms
[397.266s][info][gc,phases   ] GC(875)   Post Evacuate Collection Set: 0.71ms
[397.266s][info][gc,phases   ] GC(875)   Other: 0.08ms
[397.266s][info][gc,heap     ] GC(875) Eden regions: 384->0(421)
[397.266s][info][gc,heap     ] GC(875) Survivor regions: 55->18(55)
[397.266s][info][gc,heap     ] GC(875) Old regions: 109->151
[397.266s][info][gc,heap     ] GC(875) Humongous regions: 13->8
[397.266s][info][gc,metaspace] GC(875) Metaspace: 42974K(43328K)->42974K(43328K) NonClass: 40156K(40384K)->40156K(40384K) Class: 2817K(2944K)->2817K(2944K)
[397.266s][info][gc          ] GC(875) Pause Young (Normal) (G1 Evacuation Pause) 561M->176M(733M) 85.751ms
[397.266s][info][gc,cpu      ] GC(875) User=0.17s Sys=0.00s Real=0.09s
[398.361s][info][gc,start    ] GC(876) Pause Young (Normal) (G1 Evacuation Pause)
[398.361s][info][gc,task     ] GC(876) Using 2 workers of 2 for evacuation
[398.419s][info][gc,phases   ] GC(876)   Pre Evacuate Collection Set: 0.26ms
[398.419s][info][gc,phases   ] GC(876)   Merge Heap Roots: 0.21ms
[398.419s][info][gc,phases   ] GC(876)   Evacuate Collection Set: 57.30ms
[398.419s][info][gc,phases   ] GC(876)   Post Evacuate Collection Set: 0.74ms
[398.419s][info][gc,phases   ] GC(876)   Other: 0.10ms
[398.419s][info][gc,heap     ] GC(876) Eden regions: 421->0(384)
[398.419s][info][gc,heap     ] GC(876) Survivor regions: 18->55(55)
[398.419s][info][gc,heap     ] GC(876) Old regions: 151->151
[398.419s][info][gc,heap     ] GC(876) Humongous regions: 13->13
[398.419s][info][gc,metaspace] GC(876) Metaspace: 42976K(43328K)->42976K(43328K) NonClass: 40158K(40384K)->40158K(40384K) Class: 2817K(2944K)->2817K(2944K)
[398.419s][info][gc          ] GC(876) Pause Young (Normal) (G1 Evacuation Pause) 602M->219M(733M) 58.856ms
[398.420s][info][gc,cpu      ] GC(876) User=0.12s Sys=0.00s Real=0.06s
[399.324s][info][gc,start    ] GC(877) Pause Young (Normal) (G1 Evacuation Pause)
[399.324s][info][gc,task     ] GC(877) Using 2 workers of 2 for evacuation
[399.431s][info][gc,phases   ] GC(877)   Pre Evacuate Collection Set: 0.28ms
[399.431s][info][gc,phases   ] GC(877)   Merge Heap Roots: 0.22ms
[399.431s][info][gc,phases   ] GC(877)   Evacuate Collection Set: 106.06ms
[399.431s][info][gc,phases   ] GC(877)   Post Evacuate Collection Set: 0.67ms
[399.431s][info][gc,phases   ] GC(877)   Other: 0.12ms
[399.431s][info][gc,heap     ] GC(877) Eden regions: 384->0(371)
[399.431s][info][gc,heap     ] GC(877) Survivor regions: 55->44(55)
[399.431s][info][gc,heap     ] GC(877) Old regions: 151->207
[399.431s][info][gc,heap     ] GC(877) Humongous regions: 17->17
[399.431s][info][gc,metaspace] GC(877) Metaspace: 42976K(43328K)->42976K(43328K) NonClass: 40158K(40384K)->40158K(40384K) Class: 2817K(2944K)->2817K(2944K)
[399.431s][info][gc          ] GC(877) Pause Young (Normal) (G1 Evacuation Pause) 607M->267M(733M) 107.565ms
[399.431s][info][gc,cpu      ] GC(877) User=0.21s Sys=0.00s Real=0.11s
[399.616s][info][gc,start    ] GC(878) Pause Young (Concurrent Start) (G1 Humongous Allocation)
[399.616s][info][gc,task     ] GC(878) Using 2 workers of 2 for evacuation
[399.672s][info][gc,phases   ] GC(878)   Pre Evacuate Collection Set: 0.31ms
[399.672s][info][gc,phases   ] GC(878)   Merge Heap Roots: 0.10ms
[399.672s][info][gc,phases   ] GC(878)   Evacuate Collection Set: 54.28ms
[399.672s][info][gc,phases   ] GC(878)   Post Evacuate Collection Set: 0.42ms
[399.672s][info][gc,phases   ] GC(878)   Other: 0.10ms
[399.672s][info][gc,heap     ] GC(878) Eden regions: 21->0(272)
[399.672s][info][gc,heap     ] GC(878) Survivor regions: 44->13(52)
[399.672s][info][gc,heap     ] GC(878) Old regions: 207->250
[399.672s][info][gc,heap     ] GC(878) Humongous regions: 17->17
[399.672s][info][gc,metaspace] GC(878) Metaspace: 42976K(43328K)->42976K(43328K) NonClass: 40158K(40384K)->40158K(40384K) Class: 2817K(2944K)->2817K(2944K)
[399.672s][info][gc          ] GC(878) Pause Young (Concurrent Start) (G1 Humongous Allocation) 288M->280M(733M) 55.452ms
[399.672s][info][gc,cpu      ] GC(878) User=0.11s Sys=0.00s Real=0.06s
[399.672s][info][gc          ] GC(879) Concurrent Mark Cycle
[399.672s][info][gc,marking  ] GC(879) Concurrent Scan Root Regions
[399.723s][info][gc,marking  ] GC(879) Concurrent Scan Root Regions 50.657ms
[399.723s][info][gc,marking  ] GC(879) Concurrent Mark
[399.723s][info][gc,marking  ] GC(879) Concurrent Mark From Roots
[399.723s][info][gc,task     ] GC(879) Using 1 workers of 1 for marking
[399.804s][info][gc,marking  ] GC(879) Concurrent Mark From Roots 81.275ms
[399.804s][info][gc,marking  ] GC(879) Concurrent Preclean
[399.804s][info][gc,marking  ] GC(879) Concurrent Preclean 0.269ms
[399.804s][info][gc,start    ] GC(879) Pause Remark
[399.820s][info][gc          ] GC(879) Pause Remark 291M->207M(660M) 15.716ms
[399.820s][info][gc,cpu      ] GC(879) User=0.03s Sys=0.00s Real=0.01s
[399.820s][info][gc,marking  ] GC(879) Concurrent Mark 97.604ms
[399.820s][info][gc,marking  ] GC(879) Concurrent Rebuild Remembered Sets and Scrub Regions
[399.895s][info][gc,marking  ] GC(879) Concurrent Rebuild Remembered Sets and Scrub Regions 74.734ms
[399.895s][info][gc,start    ] GC(879) Pause Cleanup
[399.895s][info][gc          ] GC(879) Pause Cleanup 215M->215M(660M) 0.103ms
[399.895s][info][gc,cpu      ] GC(879) User=0.00s Sys=0.00s Real=0.00s
[399.895s][info][gc,marking  ] GC(879) Concurrent Clear Claimed Marks
[399.895s][info][gc,marking  ] GC(879) Concurrent Clear Claimed Marks 0.040ms
[399.895s][info][gc,marking  ] GC(879) Concurrent Cleanup for Next Mark
[399.901s][info][gc,marking  ] GC(879) Concurrent Cleanup for Next Mark 5.294ms
[399.901s][info][gc          ] GC(879) Concurrent Mark Cycle 228.849ms
[401.402s][info][gc,start    ] GC(880) Pause Young (Prepare Mixed) (G1 Evacuation Pause)
[401.403s][info][gc,task     ] GC(880) Using 2 workers of 2 for evacuation
[401.426s][info][gc,phases   ] GC(880)   Pre Evacuate Collection Set: 0.27ms
[401.426s][info][gc,phases   ] GC(880)   Merge Heap Roots: 0.16ms
[401.426s][info][gc,phases   ] GC(880)   Evacuate Collection Set: 22.35ms
[401.426s][info][gc,phases   ] GC(880)   Post Evacuate Collection Set: 0.51ms
[401.426s][info][gc,phases   ] GC(880)   Other: 0.09ms
[401.426s][info][gc,heap     ] GC(880) Eden regions: 272->0(289)
[401.426s][info][gc,heap     ] GC(880) Survivor regions: 13->19(36)
[401.426s][info][gc,heap     ] GC(880) Old regions: 176->176
[401.426s][info][gc,heap     ] GC(880) Humongous regions: 15->13
[401.426s][info][gc,metaspace] GC(880) Metaspace: 42976K(43328K)->42976K(43328K) NonClass: 40158K(40384K)->40158K(40384K) Class: 2817K(2944K)->2817K(2944K)
[401.426s][info][gc          ] GC(880) Pause Young (Prepare Mixed) (G1 Evacuation Pause) 476M->207M(660M) 23.576ms
[401.426s][info][gc,cpu      ] GC(880) User=0.04s Sys=0.00s Real=0.02s
[402.945s][info][gc,start    ] GC(881) Pause Young (Mixed) (G1 Evacuation Pause)
[402.945s][info][gc,task     ] GC(881) Using 2 workers of 2 for evacuation
[402.963s][info][gc,phases   ] GC(881)   Pre Evacuate Collection Set: 0.29ms
[402.963s][info][gc,phases   ] GC(881)   Merge Heap Roots: 0.15ms
[402.963s][info][gc,phases   ] GC(881)   Evacuate Collection Set: 16.85ms
[402.963s][info][gc,phases   ] GC(881)   Post Evacuate Collection Set: 0.59ms
[402.963s][info][gc,phases   ] GC(881)   Other: 0.10ms
[402.963s][info][gc,heap     ] GC(881) Eden regions: 289->0(338)
[402.963s][info][gc,heap     ] GC(881) Survivor regions: 19->17(39)
[402.963s][info][gc,heap     ] GC(881) Old regions: 176->135
[402.963s][info][gc,heap     ] GC(881) Humongous regions: 13->13
[402.963s][info][gc,metaspace] GC(881) Metaspace: 42976K(43328K)->42976K(43328K) NonClass: 40158K(40384K)->40158K(40384K) Class: 2817K(2944K)->2817K(2944K)
[402.963s][info][gc          ] GC(881) Pause Young (Mixed) (G1 Evacuation Pause) 496M->165M(660M) 18.157ms
[402.963s][info][gc,cpu      ] GC(881) User=0.03s Sys=0.00s Real=0.02s
[404.773s][info][gc,start    ] GC(882) Pause Young (Normal) (G1 Evacuation Pause)
[404.773s][info][gc,task     ] GC(882) Using 2 workers of 2 for evacuation
[404.790s][info][gc,phases   ] GC(882)   Pre Evacuate Collection Set: 0.27ms
[404.790s][info][gc,phases   ] GC(882)   Merge Heap Roots: 0.14ms
[404.790s][info][gc,phases   ] GC(882)   Evacuate Collection Set: 15.12ms
[404.790s][info][gc,phases   ] GC(882)   Post Evacuate Collection Set: 0.57ms
[404.790s][info][gc,phases   ] GC(882)   Other: 0.09ms
[404.790s][info][gc,heap     ] GC(882) Eden regions: 338->0(361)
[404.790s][info][gc,heap     ] GC(882) Survivor regions: 17->16(45)
[404.790s][info][gc,heap     ] GC(882) Old regions: 135->135
[404.790s][info][gc,heap     ] GC(882) Humongous regions: 14->13
[404.790s][info][gc,metaspace] GC(882) Metaspace: 42976K(43328K)->42976K(43328K) NonClass: 40158K(40384K)->40158K(40384K) Class: 2817K(2944K)->2817K(2944K)
[404.790s][info][gc          ] GC(882) Pause Young (Normal) (G1 Evacuation Pause) 504M->164M(660M) 16.396ms
[404.790s][info][gc,cpu      ] GC(882) User=0.03s Sys=0.00s Real=0.01s
[405.721s][info][gc,start    ] GC(883) Pause Young (Concurrent Start) (G1 Humongous Allocation)
[405.721s][info][gc,task     ] GC(883) Using 2 workers of 2 for evacuation
[405.752s][info][gc,phases   ] GC(883)   Pre Evacuate Collection Set: 0.30ms
[405.752s][info][gc,phases   ] GC(883)   Merge Heap Roots: 0.12ms
[405.752s][info][gc,phases   ] GC(883)   Evacuate Collection Set: 29.83ms
[405.752s][info][gc,phases   ] GC(883)   Post Evacuate Collection Set: 0.51ms
[405.752s][info][gc,phases   ] GC(883)   Other: 0.11ms
[405.752s][info][gc,heap     ] GC(883) Eden regions: 257->0(361)
[405.752s][info][gc,heap     ] GC(883) Survivor regions: 16->29(48)
[405.752s][info][gc,heap     ] GC(883) Old regions: 135->135
[405.752s][info][gc,heap     ] GC(883) Humongous regions: 15->15
[405.752s][info][gc,metaspace] GC(883) Metaspace: 42976K(43328K)->42976K(43328K) NonClass: 40158K(40384K)->40158K(40384K) Class: 2817K(2944K)->2817K(2944K)
[405.752s][info][gc          ] GC(883) Pause Young (Concurrent Start) (G1 Humongous Allocation) 423M->179M(660M) 31.103ms
[405.752s][info][gc          ] GC(884) Concurrent Undo Cycle
[405.752s][info][gc,marking  ] GC(884) Concurrent Clear Claimed Marks
[405.752s][info][gc,marking  ] GC(884) Concurrent Clear Claimed Marks 0.038ms
[405.752s][info][gc,marking  ] GC(884) Concurrent Cleanup for Next Mark
[405.752s][info][gc,cpu      ] GC(883) User=0.05s Sys=0.01s Real=0.04s
[405.754s][info][gc,marking  ] GC(884) Concurrent Cleanup for Next Mark 2.312ms
[405.754s][info][gc          ] GC(884) Concurrent Undo Cycle 2.393ms
[406.088s][info][gc,start    ] GC(885) Pause Young (Concurrent Start) (G1 Humongous Allocation)
[406.088s][info][gc,task     ] GC(885) Using 2 workers of 2 for evacuation
[406.132s][info][gc,phases   ] GC(885)   Pre Evacuate Collection Set: 0.27ms
[406.132s][info][gc,phases   ] GC(885)   Merge Heap Roots: 0.13ms
[406.132s][info][gc,phases   ] GC(885)   Evacuate Collection Set: 42.86ms
[406.132s][info][gc,phases   ] GC(885)   Post Evacuate Collection Set: 0.49ms
[406.132s][info][gc,phases   ] GC(885)   Other: 0.11ms
[406.132s][info][gc,heap     ] GC(885) Eden regions: 154->0(346)
[406.132s][info][gc,heap     ] GC(885) Survivor regions: 29->39(49)
[406.132s][info][gc,heap     ] GC(885) Old regions: 135->143
[406.132s][info][gc,heap     ] GC(885) Humongous regions: 16->16
[406.132s][info][gc,metaspace] GC(885) Metaspace: 42976K(43328K)->42976K(43328K) NonClass: 40158K(40384K)->40158K(40384K) Class: 2817K(2944K)->2817K(2944K)
[406.132s][info][gc          ] GC(885) Pause Young (Concurrent Start) (G1 Humongous Allocation) 334M->198M(660M) 44.061ms
[406.132s][info][gc          ] GC(886) Concurrent Mark Cycle
[406.132s][info][gc,marking  ] GC(886) Concurrent Scan Root Regions
[406.136s][info][gc,cpu      ] GC(885) User=0.09s Sys=0.00s Real=0.05s
[406.154s][info][gc,marking  ] GC(886) Concurrent Scan Root Regions 22.017ms
[406.154s][info][gc,marking  ] GC(886) Concurrent Mark
[406.154s][info][gc,marking  ] GC(886) Concurrent Mark From Roots
[406.154s][info][gc,task     ] GC(886) Using 1 workers of 1 for marking
[406.187s][info][gc,marking  ] GC(886) Concurrent Mark From Roots 32.609ms
[406.187s][info][gc,marking  ] GC(886) Concurrent Preclean
[406.187s][info][gc,marking  ] GC(886) Concurrent Preclean 0.034ms
[406.187s][info][gc,start    ] GC(886) Pause Remark
[406.202s][info][gc          ] GC(886) Pause Remark 217M->171M(514M) 15.228ms
[406.202s][info][gc,cpu      ] GC(886) User=0.03s Sys=0.00s Real=0.02s
[406.202s][info][gc,marking  ] GC(886) Concurrent Mark 48.084ms
[406.202s][info][gc,marking  ] GC(886) Concurrent Rebuild Remembered Sets and Scrub Regions
[406.223s][info][gc,marking  ] GC(886) Concurrent Rebuild Remembered Sets and Scrub Regions 20.393ms
[406.223s][info][gc,start    ] GC(886) Pause Cleanup
[406.223s][info][gc          ] GC(886) Pause Cleanup 180M->180M(514M) 0.063ms
[406.223s][info][gc,cpu      ] GC(886) User=0.00s Sys=0.00s Real=0.00s
[406.223s][info][gc,marking  ] GC(886) Concurrent Clear Claimed Marks
[406.223s][info][gc,marking  ] GC(886) Concurrent Clear Claimed Marks 0.044ms
[406.223s][info][gc,marking  ] GC(886) Concurrent Cleanup for Next Mark
[406.225s][info][gc,marking  ] GC(886) Concurrent Cleanup for Next Mark 1.455ms
[406.225s][info][gc          ] GC(886) Concurrent Mark Cycle 92.331ms
[406.748s][info][gc,start    ] GC(887) Pause Young (Prepare Mixed) (G1 Evacuation Pause)
[406.748s][info][gc,task     ] GC(887) Using 2 workers of 2 for evacuation
[406.820s][info][gc,phases   ] GC(887)   Pre Evacuate Collection Set: 0.32ms
[406.820s][info][gc,phases   ] GC(887)   Merge Heap Roots: 0.15ms
[406.820s][info][gc,phases   ] GC(887)   Evacuate Collection Set: 70.80ms
[406.820s][info][gc,phases   ] GC(887)   Post Evacuate Collection Set: 0.68ms
[406.820s][info][gc,phases   ] GC(887)   Other: 0.08ms
[406.820s][info][gc,heap     ] GC(887) Eden regions: 269->0(247)
[406.820s][info][gc,heap     ] GC(887) Survivor regions: 39->39(39)
[406.820s][info][gc,heap     ] GC(887) Old regions: 109->140
[406.820s][info][gc,heap     ] GC(887) Humongous regions: 6->6
[406.820s][info][gc,metaspace] GC(887) Metaspace: 42976K(43328K)->42976K(43328K) NonClass: 40158K(40384K)->40158K(40384K) Class: 2817K(2944K)->2817K(2944K)
[406.820s][info][gc          ] GC(887) Pause Young (Prepare Mixed) (G1 Evacuation Pause) 423M->184M(514M) 72.262ms
[406.820s][info][gc,cpu      ] GC(887) User=0.14s Sys=0.00s Real=0.07s
[408.333s][info][gc,start    ] GC(888) Pause Young (Mixed) (G1 Evacuation Pause)
[408.333s][info][gc,task     ] GC(888) Using 2 workers of 2 for evacuation
[408.415s][info][gc,phases   ] GC(888)   Pre Evacuate Collection Set: 0.27ms
[408.415s][info][gc,phases   ] GC(888)   Merge Heap Roots: 0.29ms
[408.415s][info][gc,phases   ] GC(888)   Evacuate Collection Set: 81.30ms
[408.415s][info][gc,phases   ] GC(888)   Post Evacuate Collection Set: 0.65ms
[408.415s][info][gc,phases   ] GC(888)   Other: 0.08ms
[408.415s][info][gc,heap     ] GC(888) Eden regions: 247->0(264)
[408.416s][info][gc,heap     ] GC(888) Survivor regions: 39->23(36)
[408.416s][info][gc,heap     ] GC(888) Old regions: 140->128
[408.416s][info][gc,heap     ] GC(888) Humongous regions: 18->16
[408.416s][info][gc,metaspace] GC(888) Metaspace: 42976K(43328K)->42976K(43328K) NonClass: 40158K(40384K)->40158K(40384K) Class: 2817K(2944K)->2817K(2944K)
[408.416s][info][gc          ] GC(888) Pause Young (Mixed) (G1 Evacuation Pause) 443M->166M(514M) 82.792ms
[408.416s][info][gc,cpu      ] GC(888) User=0.17s Sys=0.00s Real=0.08s
[409.447s][info][gc,start    ] GC(889) Pause Young (Concurrent Start) (G1 Evacuation Pause)
[409.447s][info][gc,task     ] GC(889) Using 2 workers of 2 for evacuation
[409.487s][info][gc,phases   ] GC(889)   Pre Evacuate Collection Set: 0.24ms
[409.487s][info][gc,phases   ] GC(889)   Merge Heap Roots: 0.17ms
[409.487s][info][gc,phases   ] GC(889)   Evacuate Collection Set: 38.68ms
[409.487s][info][gc,phases   ] GC(889)   Post Evacuate Collection Set: 0.51ms
[409.487s][info][gc,phases   ] GC(889)   Other: 0.16ms
[409.487s][info][gc,heap     ] GC(889) Eden regions: 264->0(261)
[409.487s][info][gc,heap     ] GC(889) Survivor regions: 23->14(36)
[409.487s][info][gc,heap     ] GC(889) Old regions: 128->150
[409.487s][info][gc,heap     ] GC(889) Humongous regions: 16->16
[409.487s][info][gc,metaspace] GC(889) Metaspace: 42976K(43328K)->42976K(43328K) NonClass: 40158K(40384K)->40158K(40384K) Class: 2817K(2944K)->2817K(2944K)
[409.487s][info][gc          ] GC(889) Pause Young (Concurrent Start) (G1 Evacuation Pause) 430M->179M(514M) 39.967ms
[409.487s][info][gc,cpu      ] GC(889) User=0.08s Sys=0.00s Real=0.04s
[409.487s][info][gc          ] GC(890) Concurrent Mark Cycle
[409.487s][info][gc,marking  ] GC(890) Concurrent Scan Root Regions
[409.518s][info][gc,marking  ] GC(890) Concurrent Scan Root Regions 31.154ms
[409.518s][info][gc,marking  ] GC(890) Concurrent Mark
[409.518s][info][gc,marking  ] GC(890) Concurrent Mark From Roots
[409.518s][info][gc,task     ] GC(890) Using 1 workers of 1 for marking
[409.640s][info][gc,marking  ] GC(890) Concurrent Mark From Roots 121.832ms
[409.640s][info][gc,marking  ] GC(890) Concurrent Preclean
[409.640s][info][gc,marking  ] GC(890) Concurrent Preclean 0.035ms
[409.640s][info][gc,start    ] GC(890) Pause Remark
[409.656s][info][gc          ] GC(890) Pause Remark 211M->189M(514M) 15.752ms
[409.656s][info][gc,cpu      ] GC(890) User=0.03s Sys=0.00s Real=0.02s
[409.656s][info][gc,marking  ] GC(890) Concurrent Mark 137.935ms
[409.656s][info][gc,marking  ] GC(890) Concurrent Rebuild Remembered Sets and Scrub Regions
[409.720s][info][gc,marking  ] GC(890) Concurrent Rebuild Remembered Sets and Scrub Regions 63.872ms
[409.720s][info][gc,start    ] GC(890) Pause Cleanup
[409.720s][info][gc          ] GC(890) Pause Cleanup 193M->193M(514M) 0.062ms
[409.720s][info][gc,cpu      ] GC(890) User=0.00s Sys=0.00s Real=0.00s
[409.720s][info][gc,marking  ] GC(890) Concurrent Clear Claimed Marks
[409.720s][info][gc,marking  ] GC(890) Concurrent Clear Claimed Marks 0.051ms
[409.720s][info][gc,marking  ] GC(890) Concurrent Cleanup for Next Mark
[409.722s][info][gc,marking  ] GC(890) Concurrent Cleanup for Next Mark 1.478ms
[409.722s][info][gc          ] GC(890) Concurrent Mark Cycle 234.861ms
[410.898s][info][gc,start    ] GC(891) Pause Young (Prepare Mixed) (G1 Evacuation Pause)
[410.898s][info][gc,task     ] GC(891) Using 2 workers of 2 for evacuation
[410.906s][info][gc,phases   ] GC(891)   Pre Evacuate Collection Set: 0.33ms
[410.906s][info][gc,phases   ] GC(891)   Merge Heap Roots: 0.10ms
[410.906s][info][gc,phases   ] GC(891)   Evacuate Collection Set: 7.23ms
[410.906s][info][gc,phases   ] GC(891)   Post Evacuate Collection Set: 0.49ms
[410.906s][info][gc,phases   ] GC(891)   Other: 0.09ms
[410.906s][info][gc,heap     ] GC(891) Eden regions: 261->0(294)
[410.906s][info][gc,heap     ] GC(891) Survivor regions: 14->10(35)
[410.906s][info][gc,heap     ] GC(891) Old regions: 143->143
[410.906s][info][gc,heap     ] GC(891) Humongous regions: 1->1
[410.906s][info][gc,metaspace] GC(891) Metaspace: 42976K(43328K)->42976K(43328K) NonClass: 40158K(40384K)->40158K(40384K) Class: 2817K(2944K)->2817K(2944K)
[410.906s][info][gc          ] GC(891) Pause Young (Prepare Mixed) (G1 Evacuation Pause) 418M->153M(514M) 8.426ms
[410.906s][info][gc,cpu      ] GC(891) User=0.02s Sys=0.00s Real=0.01s
[412.450s][info][gc,start    ] GC(892) Pause Young (Mixed) (G1 Evacuation Pause)
[412.450s][info][gc,task     ] GC(892) Using 2 workers of 2 for evacuation
[412.455s][info][gc,phases   ] GC(892)   Pre Evacuate Collection Set: 0.24ms
[412.455s][info][gc,phases   ] GC(892)   Merge Heap Roots: 0.08ms
[412.455s][info][gc,phases   ] GC(892)   Evacuate Collection Set: 4.08ms
[412.455s][info][gc,phases   ] GC(892)   Post Evacuate Collection Set: 0.49ms
[412.455s][info][gc,phases   ] GC(892)   Other: 0.08ms
[412.455s][info][gc,heap     ] GC(892) Eden regions: 294->0(302)
[412.455s][info][gc,heap     ] GC(892) Survivor regions: 10->6(38)
[412.455s][info][gc,heap     ] GC(892) Old regions: 143->135
[412.455s][info][gc,heap     ] GC(892) Humongous regions: 2->1
[412.455s][info][gc,metaspace] GC(892) Metaspace: 42976K(43328K)->42976K(43328K) NonClass: 40158K(40384K)->40158K(40384K) Class: 2817K(2944K)->2817K(2944K)
[412.455s][info][gc          ] GC(892) Pause Young (Mixed) (G1 Evacuation Pause) 448M->141M(514M) 5.166ms
[412.455s][info][gc,cpu      ] GC(892) User=0.00s Sys=0.00s Real=0.01s
[413.176s][info][gc,start    ] GC(893) Pause Young (Concurrent Start) (G1 Humongous Allocation)
[413.176s][info][gc,task     ] GC(893) Using 2 workers of 2 for evacuation
[413.182s][info][gc,phases   ] GC(893)   Pre Evacuate Collection Set: 0.25ms
[413.182s][info][gc,phases   ] GC(893)   Merge Heap Roots: 0.06ms
[413.182s][info][gc,phases   ] GC(893)   Evacuate Collection Set: 4.99ms
[413.182s][info][gc,phases   ] GC(893)   Post Evacuate Collection Set: 0.41ms
[413.182s][info][gc,phases   ] GC(893)   Other: 0.08ms
[413.182s][info][gc,heap     ] GC(893) Eden regions: 150->0(301)
[413.182s][info][gc,heap     ] GC(893) Survivor regions: 6->7(39)
[413.182s][info][gc,heap     ] GC(893) Old regions: 135->135
[413.182s][info][gc,heap     ] GC(893) Humongous regions: 1->1
[413.182s][info][gc,metaspace] GC(893) Metaspace: 42976K(43328K)->42976K(43328K) NonClass: 40158K(40384K)->40158K(40384K) Class: 2817K(2944K)->2817K(2944K)
[413.182s][info][gc          ] GC(893) Pause Young (Concurrent Start) (G1 Humongous Allocation) 291M->142M(514M) 5.974ms
[413.182s][info][gc,cpu      ] GC(893) User=0.01s Sys=0.00s Real=0.01s
[413.182s][info][gc          ] GC(894) Concurrent Mark Cycle
[413.182s][info][gc,marking  ] GC(894) Concurrent Scan Root Regions
[413.197s][info][gc,marking  ] GC(894) Concurrent Scan Root Regions 14.437ms
[413.197s][info][gc,marking  ] GC(894) Concurrent Mark
[413.197s][info][gc,marking  ] GC(894) Concurrent Mark From Roots
[413.197s][info][gc,task     ] GC(894) Using 1 workers of 1 for marking
[413.234s][info][gc,marking  ] GC(894) Concurrent Mark From Roots 37.521ms
[413.234s][info][gc,marking  ] GC(894) Concurrent Preclean
[413.234s][info][gc,marking  ] GC(894) Concurrent Preclean 0.035ms
[413.234s][info][gc,start    ] GC(894) Pause Remark
[413.249s][info][gc          ] GC(894) Pause Remark 156M->80M(256M) 14.621ms
[413.249s][info][gc,cpu      ] GC(894) User=0.03s Sys=0.00s Real=0.01s
[413.249s][info][gc,marking  ] GC(894) Concurrent Mark 52.529ms
[413.249s][info][gc,marking  ] GC(894) Concurrent Rebuild Remembered Sets and Scrub Regions
[413.264s][info][gc,marking  ] GC(894) Concurrent Rebuild Remembered Sets and Scrub Regions 14.478ms
[413.264s][info][gc,start    ] GC(894) Pause Cleanup
[413.264s][info][gc          ] GC(894) Pause Cleanup 82M->82M(256M) 0.042ms
[413.264s][info][gc,cpu      ] GC(894) User=0.00s Sys=0.00s Real=0.00s
[413.264s][info][gc,marking  ] GC(894) Concurrent Clear Claimed Marks
[413.264s][info][gc,marking  ] GC(894) Concurrent Clear Claimed Marks 0.036ms
[413.264s][info][gc,marking  ] GC(894) Concurrent Cleanup for Next Mark
[413.265s][info][gc,marking  ] GC(894) Concurrent Cleanup for Next Mark 0.743ms
[413.265s][info][gc          ] GC(894) Concurrent Mark Cycle 82.656ms
[413.760s][info][gc,start    ] GC(895) Pause Young (Prepare Mixed) (G1 Evacuation Pause)
[413.760s][info][gc,task     ] GC(895) Using 2 workers of 2 for evacuation
[413.767s][info][gc,phases   ] GC(895)   Pre Evacuate Collection Set: 0.16ms
[413.767s][info][gc,phases   ] GC(895)   Merge Heap Roots: 0.06ms
[413.767s][info][gc,phases   ] GC(895)   Evacuate Collection Set: 6.33ms
[413.767s][info][gc,phases   ] GC(895)   Post Evacuate Collection Set: 0.40ms
[413.767s][info][gc,phases   ] GC(895)   Other: 0.07ms
[413.767s][info][gc,heap     ] GC(895) Eden regions: 146->0(143)
[413.767s][info][gc,heap     ] GC(895) Survivor regions: 7->10(20)
[413.767s][info][gc,heap     ] GC(895) Old regions: 59->59
[413.767s][info][gc,heap     ] GC(895) Humongous regions: 15->3
[413.767s][info][gc,metaspace] GC(895) Metaspace: 42978K(43328K)->42978K(43328K) NonClass: 40160K(40384K)->40160K(40384K) Class: 2817K(2944K)->2817K(2944K)
[413.767s][info][gc          ] GC(895) Pause Young (Prepare Mixed) (G1 Evacuation Pause) 226M->71M(256M) 7.185ms
[413.767s][info][gc,cpu      ] GC(895) User=0.01s Sys=0.00s Real=0.01s
[414.302s][info][gc,start    ] GC(896) Pause Young (Mixed) (G1 Evacuation Pause)
[414.302s][info][gc,task     ] GC(896) Using 2 workers of 2 for evacuation
[414.317s][info][gc,phases   ] GC(896)   Pre Evacuate Collection Set: 0.22ms
[414.317s][info][gc,phases   ] GC(896)   Merge Heap Roots: 0.08ms
[414.317s][info][gc,phases   ] GC(896)   Evacuate Collection Set: 13.35ms
[414.317s][info][gc,phases   ] GC(896)   Post Evacuate Collection Set: 0.42ms
[414.317s][info][gc,phases   ] GC(896)   Other: 0.07ms
[414.317s][info][gc,heap     ] GC(896) Eden regions: 143->0(135)
[414.317s][info][gc,heap     ] GC(896) Survivor regions: 10->18(20)
[414.317s][info][gc,heap     ] GC(896) Old regions: 59->50
[414.317s][info][gc,heap     ] GC(896) Humongous regions: 10->3
[414.317s][info][gc,metaspace] GC(896) Metaspace: 42979K(43328K)->42979K(43328K) NonClass: 40161K(40384K)->40161K(40384K) Class: 2817K(2944K)->2817K(2944K)
[414.317s][info][gc          ] GC(896) Pause Young (Mixed) (G1 Evacuation Pause) 221M->69M(256M) 14.325ms
[414.317s][info][gc,cpu      ] GC(896) User=0.03s Sys=0.00s Real=0.01s
[414.341s][info][gc,start    ] GC(897) Pause Young (Concurrent Start) (G1 Humongous Allocation)
[414.341s][info][gc,task     ] GC(897) Using 2 workers of 2 for evacuation
[414.356s][info][gc,phases   ] GC(897)   Pre Evacuate Collection Set: 0.17ms
[414.356s][info][gc,phases   ] GC(897)   Merge Heap Roots: 0.05ms
[414.356s][info][gc,phases   ] GC(897)   Evacuate Collection Set: 14.21ms
[414.356s][info][gc,phases   ] GC(897)   Post Evacuate Collection Set: 0.29ms
[414.356s][info][gc,phases   ] GC(897)   Other: 0.08ms
[414.356s][info][gc,heap     ] GC(897) Eden regions: 7->0(127)
[414.356s][info][gc,heap     ] GC(897) Survivor regions: 18->2(20)
[414.356s][info][gc,heap     ] GC(897) Old regions: 50->67
[414.356s][info][gc,heap     ] GC(897) Humongous regions: 3->3
[414.356s][info][gc,metaspace] GC(897) Metaspace: 42979K(43328K)->42979K(43328K) NonClass: 40161K(40384K)->40161K(40384K) Class: 2817K(2944K)->2817K(2944K)
[414.356s][info][gc          ] GC(897) Pause Young (Concurrent Start) (G1 Humongous Allocation) 75M->71M(256M) 14.974ms
[414.356s][info][gc          ] GC(898) Concurrent Mark Cycle
[414.356s][info][gc,marking  ] GC(898) Concurrent Scan Root Regions
[414.358s][info][gc,cpu      ] GC(897) User=0.03s Sys=0.00s Real=0.02s
[414.371s][info][gc,marking  ] GC(898) Concurrent Scan Root Regions 14.943ms
[414.371s][info][gc,marking  ] GC(898) Concurrent Mark
[414.371s][info][gc,marking  ] GC(898) Concurrent Mark From Roots
[414.371s][info][gc,task     ] GC(898) Using 1 workers of 1 for marking
[414.414s][info][gc,marking  ] GC(898) Concurrent Mark From Roots 43.738ms
[414.414s][info][gc,marking  ] GC(898) Concurrent Preclean
[414.414s][info][gc,marking  ] GC(898) Concurrent Preclean 0.035ms
[414.415s][info][gc,start    ] GC(898) Pause Remark
[414.430s][info][gc          ] GC(898) Pause Remark 83M->83M(256M) 15.783ms
[414.430s][info][gc,cpu      ] GC(898) User=0.03s Sys=0.00s Real=0.01s
[414.430s][info][gc,marking  ] GC(898) Concurrent Mark 59.748ms
[414.430s][info][gc,marking  ] GC(898) Concurrent Rebuild Remembered Sets and Scrub Regions
[414.459s][info][gc,marking  ] GC(898) Concurrent Rebuild Remembered Sets and Scrub Regions 28.923ms
[414.459s][info][gc,start    ] GC(898) Pause Cleanup
[414.460s][info][gc          ] GC(898) Pause Cleanup 91M->91M(256M) 0.046ms
[414.460s][info][gc,cpu      ] GC(898) User=0.00s Sys=0.00s Real=0.00s
[414.460s][info][gc,marking  ] GC(898) Concurrent Clear Claimed Marks
[414.460s][info][gc,marking  ] GC(898) Concurrent Clear Claimed Marks 0.036ms
[414.460s][info][gc,marking  ] GC(898) Concurrent Cleanup for Next Mark
[414.460s][info][gc,marking  ] GC(898) Concurrent Cleanup for Next Mark 0.841ms
[414.460s][info][gc          ] GC(898) Concurrent Mark Cycle 104.817ms
[414.867s][info][gc,start    ] GC(899) Pause Young (Prepare Mixed) (G1 Evacuation Pause)
[414.867s][info][gc,task     ] GC(899) Using 2 workers of 2 for evacuation
[414.880s][info][gc,phases   ] GC(899)   Pre Evacuate Collection Set: 0.18ms
[414.880s][info][gc,phases   ] GC(899)   Merge Heap Roots: 0.09ms
[414.880s][info][gc,phases   ] GC(899)   Evacuate Collection Set: 12.59ms
[414.880s][info][gc,phases   ] GC(899)   Post Evacuate Collection Set: 0.40ms
[414.880s][info][gc,phases   ] GC(899)   Other: 0.07ms
[414.880s][info][gc,heap     ] GC(899) Eden regions: 127->0(122)
[414.880s][info][gc,heap     ] GC(899) Survivor regions: 2->14(17)
[414.880s][info][gc,heap     ] GC(899) Old regions: 67->67
[414.880s][info][gc,heap     ] GC(899) Humongous regions: 10->3
[414.880s][info][gc,metaspace] GC(899) Metaspace: 42979K(43328K)->42979K(43328K) NonClass: 40161K(40384K)->40161K(40384K) Class: 2817K(2944K)->2817K(2944K)
[414.880s][info][gc          ] GC(899) Pause Young (Prepare Mixed) (G1 Evacuation Pause) 205M->82M(256M) 13.502ms
[414.880s][info][gc,cpu      ] GC(899) User=0.03s Sys=0.00s Real=0.01s
[415.310s][info][gc,start    ] GC(900) Pause Young (Mixed) (G1 Evacuation Pause)
[415.310s][info][gc,task     ] GC(900) Using 2 workers of 2 for evacuation
[415.338s][info][gc,phases   ] GC(900)   Pre Evacuate Collection Set: 0.20ms
[415.338s][info][gc,phases   ] GC(900)   Merge Heap Roots: 0.19ms
[415.339s][info][gc,phases   ] GC(900)   Evacuate Collection Set: 27.52ms
[415.339s][info][gc,phases   ] GC(900)   Post Evacuate Collection Set: 0.51ms
[415.339s][info][gc,phases   ] GC(900)   Other: 0.07ms
[415.339s][info][gc,heap     ] GC(900) Eden regions: 122->0(121)
[415.339s][info][gc,heap     ] GC(900) Survivor regions: 14->17(17)
[415.339s][info][gc,heap     ] GC(900) Old regions: 67->62
[415.339s][info][gc,heap     ] GC(900) Humongous regions: 7->3
[415.339s][info][gc,metaspace] GC(900) Metaspace: 42979K(43328K)->42979K(43328K) NonClass: 40161K(40384K)->40161K(40384K) Class: 2817K(2944K)->2817K(2944K)
[415.339s][info][gc          ] GC(900) Pause Young (Mixed) (G1 Evacuation Pause) 208M->81M(256M) 28.670ms
[415.339s][info][gc,cpu      ] GC(900) User=0.05s Sys=0.00s Real=0.03s
[415.769s][info][gc,start    ] GC(901) Pause Young (Concurrent Start) (G1 Humongous Allocation)
[415.769s][info][gc,task     ] GC(901) Using 2 workers of 2 for evacuation
[415.790s][info][gc,phases   ] GC(901)   Pre Evacuate Collection Set: 0.20ms
[415.791s][info][gc,phases   ] GC(901)   Merge Heap Roots: 0.10ms
[415.791s][info][gc,phases   ] GC(901)   Evacuate Collection Set: 20.66ms
[415.791s][info][gc,phases   ] GC(901)   Post Evacuate Collection Set: 0.40ms
[415.791s][info][gc,phases   ] GC(901)   Other: 0.10ms
[415.791s][info][gc,heap     ] GC(901) Eden regions: 95->0(117)
[415.791s][info][gc,heap     ] GC(901) Survivor regions: 17->12(18)
[415.791s][info][gc,heap     ] GC(901) Old regions: 62->70
[415.791s][info][gc,heap     ] GC(901) Humongous regions: 3->1
[415.791s][info][gc,metaspace] GC(901) Metaspace: 42979K(43328K)->42979K(43328K) NonClass: 40161K(40384K)->40161K(40384K) Class: 2817K(2944K)->2817K(2944K)
[415.791s][info][gc          ] GC(901) Pause Young (Concurrent Start) (G1 Humongous Allocation) 176M->82M(256M) 21.638ms
[415.791s][info][gc,cpu      ] GC(901) User=0.05s Sys=0.00s Real=0.02s
[415.792s][info][gc          ] GC(902) Concurrent Mark Cycle
[415.792s][info][gc,marking  ] GC(902) Concurrent Scan Root Regions
[415.805s][info][gc,marking  ] GC(902) Concurrent Scan Root Regions 12.804ms
[415.805s][info][gc,marking  ] GC(902) Concurrent Mark
[415.805s][info][gc,marking  ] GC(902) Concurrent Mark From Roots
[415.805s][info][gc,task     ] GC(902) Using 1 workers of 1 for marking
[415.851s][info][gc,marking  ] GC(902) Concurrent Mark From Roots 46.209ms
[415.851s][info][gc,marking  ] GC(902) Concurrent Preclean
[415.851s][info][gc,marking  ] GC(902) Concurrent Preclean 0.034ms
[415.851s][info][gc,start    ] GC(902) Pause Remark
[415.866s][info][gc          ] GC(902) Pause Remark 86M->81M(256M) 15.011ms
[415.866s][info][gc,cpu      ] GC(902) User=0.03s Sys=0.00s Real=0.01s
[415.867s][info][gc,marking  ] GC(902) Concurrent Mark 61.485ms
[415.867s][info][gc,marking  ] GC(902) Concurrent Rebuild Remembered Sets and Scrub Regions
[415.894s][info][gc,marking  ] GC(902) Concurrent Rebuild Remembered Sets and Scrub Regions 27.341ms
[415.894s][info][gc,start    ] GC(902) Pause Cleanup
[415.894s][info][gc          ] GC(902) Pause Cleanup 81M->81M(256M) 0.070ms
[415.894s][info][gc,cpu      ] GC(902) User=0.00s Sys=0.00s Real=0.00s
[415.894s][info][gc,marking  ] GC(902) Concurrent Clear Claimed Marks
[415.894s][info][gc,marking  ] GC(902) Concurrent Clear Claimed Marks 0.039ms
[415.894s][info][gc,marking  ] GC(902) Concurrent Cleanup for Next Mark
[415.895s][info][gc,marking  ] GC(902) Concurrent Cleanup for Next Mark 0.738ms
[415.895s][info][gc          ] GC(902) Concurrent Mark Cycle 102.788ms
[416.278s][info][gc,start    ] GC(903) Pause Young (Prepare Mixed) (G1 Evacuation Pause)
[416.278s][info][gc,task     ] GC(903) Using 2 workers of 2 for evacuation
[416.292s][info][gc,phases   ] GC(903)   Pre Evacuate Collection Set: 0.19ms
[416.292s][info][gc,phases   ] GC(903)   Merge Heap Roots: 0.13ms
[416.292s][info][gc,phases   ] GC(903)   Evacuate Collection Set: 12.99ms
[416.292s][info][gc,phases   ] GC(903)   Post Evacuate Collection Set: 0.41ms
[416.292s][info][gc,phases   ] GC(903)   Other: 0.10ms
[416.292s][info][gc,heap     ] GC(903) Eden regions: 117->0(124)
[416.292s][info][gc,heap     ] GC(903) Survivor regions: 12->4(17)
[416.292s][info][gc,heap     ] GC(903) Old regions: 65->76
[416.292s][info][gc,heap     ] GC(903) Humongous regions: 15->3
[416.292s][info][gc,metaspace] GC(903) Metaspace: 42979K(43328K)->42979K(43328K) NonClass: 40161K(40384K)->40161K(40384K) Class: 2817K(2944K)->2817K(2944K)
[416.292s][info][gc          ] GC(903) Pause Young (Prepare Mixed) (G1 Evacuation Pause) 208M->82M(256M) 13.994ms
[416.292s][info][gc,cpu      ] GC(903) User=0.03s Sys=0.00s Real=0.02s
[416.689s][info][gc,start    ] GC(904) Pause Young (Mixed) (G1 Evacuation Pause)
[416.689s][info][gc,task     ] GC(904) Using 2 workers of 2 for evacuation
[416.705s][info][gc,phases   ] GC(904)   Pre Evacuate Collection Set: 0.16ms
[416.705s][info][gc,phases   ] GC(904)   Merge Heap Roots: 0.26ms
[416.705s][info][gc,phases   ] GC(904)   Evacuate Collection Set: 14.85ms
[416.705s][info][gc,phases   ] GC(904)   Post Evacuate Collection Set: 0.46ms
[416.705s][info][gc,phases   ] GC(904)   Other: 0.09ms
[416.705s][info][gc,heap     ] GC(904) Eden regions: 124->0(132)
[416.705s][info][gc,heap     ] GC(904) Survivor regions: 4->6(16)
[416.705s][info][gc,heap     ] GC(904) Old regions: 76->66
[416.705s][info][gc,heap     ] GC(904) Humongous regions: 13->3
[416.705s][info][gc,metaspace] GC(904) Metaspace: 42979K(43328K)->42979K(43328K) NonClass: 40161K(40384K)->40161K(40384K) Class: 2817K(2944K)->2817K(2944K)
[416.705s][info][gc          ] GC(904) Pause Young (Mixed) (G1 Evacuation Pause) 216M->74M(256M) 15.998ms
[416.705s][info][gc,cpu      ] GC(904) User=0.03s Sys=0.00s Real=0.02s
[416.917s][info][gc,start    ] GC(905) Pause Young (Concurrent Start) (G1 Humongous Allocation)
[416.917s][info][gc,task     ] GC(905) Using 2 workers of 2 for evacuation
[416.919s][info][gc,phases   ] GC(905)   Pre Evacuate Collection Set: 0.17ms
[416.919s][info][gc,phases   ] GC(905)   Merge Heap Roots: 0.06ms
[416.919s][info][gc,phases   ] GC(905)   Evacuate Collection Set: 1.94ms
[416.919s][info][gc,phases   ] GC(905)   Post Evacuate Collection Set: 0.33ms
[416.919s][info][gc,phases   ] GC(905)   Other: 0.08ms
[416.919s][info][gc,heap     ] GC(905) Eden regions: 53->0(141)
[416.919s][info][gc,heap     ] GC(905) Survivor regions: 6->3(18)
[416.919s][info][gc,heap     ] GC(905) Old regions: 66->66
[416.919s][info][gc,heap     ] GC(905) Humongous regions: 3->1
[416.919s][info][gc,metaspace] GC(905) Metaspace: 42979K(43328K)->42979K(43328K) NonClass: 40161K(40384K)->40161K(40384K) Class: 2817K(2944K)->2817K(2944K)
[416.919s][info][gc          ] GC(905) Pause Young (Concurrent Start) (G1 Humongous Allocation) 127M->69M(256M) 2.744ms
[416.920s][info][gc,cpu      ] GC(905) User=0.01s Sys=0.00s Real=0.00s
[416.920s][info][gc          ] GC(906) Concurrent Mark Cycle
[416.920s][info][gc,marking  ] GC(906) Concurrent Scan Root Regions
[416.925s][info][gc,marking  ] GC(906) Concurrent Scan Root Regions 4.868ms
[416.925s][info][gc,marking  ] GC(906) Concurrent Mark
[416.925s][info][gc,marking  ] GC(906) Concurrent Mark From Roots
[416.925s][info][gc,task     ] GC(906) Using 1 workers of 1 for marking
[416.968s][info][gc,marking  ] GC(906) Concurrent Mark From Roots 42.459ms
[416.968s][info][gc,marking  ] GC(906) Concurrent Preclean
[416.968s][info][gc,marking  ] GC(906) Concurrent Preclean 0.030ms
[416.968s][info][gc,start    ] GC(906) Pause Remark
[416.982s][info][gc          ] GC(906) Pause Remark 80M->73M(256M) 14.612ms
[416.982s][info][gc,cpu      ] GC(906) User=0.03s Sys=0.00s Real=0.02s
[416.982s][info][gc,marking  ] GC(906) Concurrent Mark 57.269ms
[416.982s][info][gc,marking  ] GC(906) Concurrent Rebuild Remembered Sets and Scrub Regions
[417.000s][info][gc,marking  ] GC(906) Concurrent Rebuild Remembered Sets and Scrub Regions 17.481ms
[417.000s][info][gc,start    ] GC(906) Pause Cleanup
[417.000s][info][gc          ] GC(906) Pause Cleanup 73M->73M(256M) 0.056ms
[417.000s][info][gc,cpu      ] GC(906) User=0.00s Sys=0.00s Real=0.00s
[417.000s][info][gc,marking  ] GC(906) Concurrent Clear Claimed Marks
[417.000s][info][gc,marking  ] GC(906) Concurrent Clear Claimed Marks 0.050ms
[417.000s][info][gc,marking  ] GC(906) Concurrent Cleanup for Next Mark
[417.001s][info][gc,marking  ] GC(906) Concurrent Cleanup for Next Mark 0.720ms
[417.001s][info][gc          ] GC(906) Concurrent Mark Cycle 80.731ms
[417.529s][info][gc,start    ] GC(907) Pause Young (Prepare Mixed) (G1 Evacuation Pause)
[417.529s][info][gc,task     ] GC(907) Using 2 workers of 2 for evacuation
[417.535s][info][gc,phases   ] GC(907)   Pre Evacuate Collection Set: 0.16ms
[417.535s][info][gc,phases   ] GC(907)   Merge Heap Roots: 0.06ms
[417.535s][info][gc,phases   ] GC(907)   Evacuate Collection Set: 5.31ms
[417.535s][info][gc,phases   ] GC(907)   Post Evacuate Collection Set: 0.39ms
[417.535s][info][gc,phases   ] GC(907)   Other: 0.07ms
[417.535s][info][gc,heap     ] GC(907) Eden regions: 141->0(144)
[417.535s][info][gc,heap     ] GC(907) Survivor regions: 3->8(18)
[417.535s][info][gc,heap     ] GC(907) Old regions: 59->59
[417.535s][info][gc,heap     ] GC(907) Humongous regions: 15->3
[417.535s][info][gc,metaspace] GC(907) Metaspace: 42980K(43328K)->42980K(43328K) NonClass: 40162K(40384K)->40162K(40384K) Class: 2817K(2944K)->2817K(2944K)
[417.535s][info][gc          ] GC(907) Pause Young (Prepare Mixed) (G1 Evacuation Pause) 217M->69M(256M) 6.182ms
[417.535s][info][gc,cpu      ] GC(907) User=0.01s Sys=0.00s Real=0.01s
[418.020s][info][gc,start    ] GC(908) Pause Young (Mixed) (G1 Evacuation Pause)
[418.020s][info][gc,task     ] GC(908) Using 2 workers of 2 for evacuation
[418.044s][info][gc,phases   ] GC(908)   Pre Evacuate Collection Set: 0.19ms
[418.044s][info][gc,phases   ] GC(908)   Merge Heap Roots: 0.07ms
[418.044s][info][gc,phases   ] GC(908)   Evacuate Collection Set: 23.18ms
[418.044s][info][gc,phases   ] GC(908)   Post Evacuate Collection Set: 0.45ms
[418.044s][info][gc,phases   ] GC(908)   Other: 0.08ms
[418.044s][info][gc,heap     ] GC(908) Eden regions: 144->0(134)
[418.044s][info][gc,heap     ] GC(908) Survivor regions: 8->19(19)
[418.044s][info][gc,heap     ] GC(908) Old regions: 59->54
[418.044s][info][gc,heap     ] GC(908) Humongous regions: 3->3
[418.044s][info][gc,metaspace] GC(908) Metaspace: 42980K(43328K)->42980K(43328K) NonClass: 40162K(40384K)->40162K(40384K) Class: 2817K(2944K)->2817K(2944K)
[418.044s][info][gc          ] GC(908) Pause Young (Mixed) (G1 Evacuation Pause) 212M->75M(256M) 24.167ms
[418.044s][info][gc,cpu      ] GC(908) User=0.05s Sys=0.00s Real=0.03s
[418.590s][info][gc,start    ] GC(909) Pause Young (Concurrent Start) (G1 Evacuation Pause)
[418.590s][info][gc,task     ] GC(909) Using 2 workers of 2 for evacuation
[418.632s][info][gc,phases   ] GC(909)   Pre Evacuate Collection Set: 0.18ms
[418.632s][info][gc,phases   ] GC(909)   Merge Heap Roots: 0.15ms
[418.632s][info][gc,phases   ] GC(909)   Evacuate Collection Set: 41.77ms
[418.632s][info][gc,phases   ] GC(909)   Post Evacuate Collection Set: 0.44ms
[418.633s][info][gc,phases   ] GC(909)   Other: 0.11ms
[418.633s][info][gc,heap     ] GC(909) Eden regions: 134->0(110)
[418.633s][info][gc,heap     ] GC(909) Survivor regions: 19->20(20)
[418.633s][info][gc,heap     ] GC(909) Old regions: 54->74
[418.633s][info][gc,heap     ] GC(909) Humongous regions: 3->3
[418.633s][info][gc,metaspace] GC(909) Metaspace: 42980K(43328K)->42980K(43328K) NonClass: 40162K(40384K)->40162K(40384K) Class: 2817K(2944K)->2817K(2944K)
[418.633s][info][gc          ] GC(909) Pause Young (Concurrent Start) (G1 Evacuation Pause) 209M->97M(256M) 42.836ms
[418.633s][info][gc,cpu      ] GC(909) User=0.08s Sys=0.00s Real=0.05s
[418.633s][info][gc          ] GC(910) Concurrent Mark Cycle
[418.633s][info][gc,marking  ] GC(910) Concurrent Scan Root Regions
[418.668s][info][gc,marking  ] GC(910) Concurrent Scan Root Regions 35.313ms
[418.668s][info][gc,marking  ] GC(910) Concurrent Mark
[418.668s][info][gc,marking  ] GC(910) Concurrent Mark From Roots
[418.668s][info][gc,task     ] GC(910) Using 1 workers of 1 for marking
[418.731s][info][gc,marking  ] GC(910) Concurrent Mark From Roots 62.748ms
[418.731s][info][gc,marking  ] GC(910) Concurrent Preclean
[418.731s][info][gc,marking  ] GC(910) Concurrent Preclean 0.035ms
[418.731s][info][gc,start    ] GC(910) Pause Remark
[418.746s][info][gc          ] GC(910) Pause Remark 117M->117M(256M) 14.910ms
[418.746s][info][gc,cpu      ] GC(910) User=0.02s Sys=0.00s Real=0.02s
[418.746s][info][gc,marking  ] GC(910) Concurrent Mark 77.980ms
[418.746s][info][gc,marking  ] GC(910) Concurrent Rebuild Remembered Sets and Scrub Regions
[418.797s][info][gc,marking  ] GC(910) Concurrent Rebuild Remembered Sets and Scrub Regions 50.750ms
[418.797s][info][gc,start    ] GC(910) Pause Cleanup
[418.797s][info][gc          ] GC(910) Pause Cleanup 129M->129M(256M) 0.048ms
[418.797s][info][gc,cpu      ] GC(910) User=0.00s Sys=0.00s Real=0.00s
[418.797s][info][gc,marking  ] GC(910) Concurrent Clear Claimed Marks
[418.797s][info][gc,marking  ] GC(910) Concurrent Clear Claimed Marks 0.046ms
[418.797s][info][gc,marking  ] GC(910) Concurrent Cleanup for Next Mark
[418.798s][info][gc,marking  ] GC(910) Concurrent Cleanup for Next Mark 0.766ms
[418.798s][info][gc          ] GC(910) Concurrent Mark Cycle 165.605ms
[419.063s][info][gc,start    ] GC(911) Pause Young (Prepare Mixed) (G1 Evacuation Pause)
[419.063s][info][gc,task     ] GC(911) Using 2 workers of 2 for evacuation
[419.096s][info][gc,phases   ] GC(911)   Pre Evacuate Collection Set: 0.17ms
[419.096s][info][gc,phases   ] GC(911)   Merge Heap Roots: 0.24ms
[419.096s][info][gc,phases   ] GC(911)   Evacuate Collection Set: 31.87ms
[419.096s][info][gc,phases   ] GC(911)   Post Evacuate Collection Set: 0.48ms
[419.096s][info][gc,phases   ] GC(911)   Other: 0.07ms
[419.096s][info][gc,heap     ] GC(911) Eden regions: 110->0(103)
[419.096s][info][gc,heap     ] GC(911) Survivor regions: 20->13(17)
[419.096s][info][gc,heap     ] GC(911) Old regions: 74->94
[419.096s][info][gc,heap     ] GC(911) Humongous regions: 7->3
[419.096s][info][gc,metaspace] GC(911) Metaspace: 42980K(43328K)->42980K(43328K) NonClass: 40162K(40384K)->40162K(40384K) Class: 2817K(2944K)->2817K(2944K)
[419.096s][info][gc          ] GC(911) Pause Young (Prepare Mixed) (G1 Evacuation Pause) 211M->109M(256M) 32.996ms
[419.096s][info][gc,cpu      ] GC(911) User=0.07s Sys=0.00s Real=0.03s
[419.474s][info][gc,start    ] GC(912) Pause Young (Mixed) (G1 Evacuation Pause)
[419.474s][info][gc,task     ] GC(912) Using 2 workers of 2 for evacuation
[419.497s][info][gc,phases   ] GC(912)   Pre Evacuate Collection Set: 0.16ms
[419.497s][info][gc,phases   ] GC(912)   Merge Heap Roots: 0.33ms
[419.497s][info][gc,phases   ] GC(912)   Evacuate Collection Set: 21.48ms
[419.497s][info][gc,phases   ] GC(912)   Post Evacuate Collection Set: 0.51ms
[419.497s][info][gc,phases   ] GC(912)   Other: 0.08ms
[419.497s][info][gc,heap     ] GC(912) Eden regions: 103->0(112)
[419.497s][info][gc,heap     ] GC(912) Survivor regions: 13->3(15)
[419.497s][info][gc,heap     ] GC(912) Old regions: 94->98
[419.497s][info][gc,heap     ] GC(912) Humongous regions: 7->3
[419.497s][info][gc,metaspace] GC(912) Metaspace: 42980K(43328K)->42980K(43328K) NonClass: 40162K(40384K)->40162K(40384K) Class: 2817K(2944K)->2817K(2944K)
[419.497s][info][gc          ] GC(912) Pause Young (Mixed) (G1 Evacuation Pause) 216M->104M(256M) 22.741ms
[419.497s][info][gc,cpu      ] GC(912) User=0.05s Sys=0.00s Real=0.02s
[419.520s][info][gc,start    ] GC(913) Pause Young (Concurrent Start) (G1 Humongous Allocation)
[419.520s][info][gc,task     ] GC(913) Using 2 workers of 2 for evacuation
[419.522s][info][gc,phases   ] GC(913)   Pre Evacuate Collection Set: 0.15ms
[419.522s][info][gc,phases   ] GC(913)   Merge Heap Roots: 0.05ms
[419.522s][info][gc,phases   ] GC(913)   Evacuate Collection Set: 1.16ms
[419.522s][info][gc,phases   ] GC(913)   Post Evacuate Collection Set: 0.28ms
[419.522s][info][gc,phases   ] GC(913)   Other: 0.06ms
[419.522s][info][gc,heap     ] GC(913) Eden regions: 8->0(120)
[419.522s][info][gc,heap     ] GC(913) Survivor regions: 3->2(15)
[419.522s][info][gc,heap     ] GC(913) Old regions: 98->98
[419.522s][info][gc,heap     ] GC(913) Humongous regions: 3->1
[419.522s][info][gc,metaspace] GC(913) Metaspace: 42980K(43328K)->42980K(43328K) NonClass: 40162K(40384K)->40162K(40384K) Class: 2817K(2944K)->2817K(2944K)
[419.522s][info][gc          ] GC(913) Pause Young (Concurrent Start) (G1 Humongous Allocation) 112M->100M(256M) 1.868ms
[419.522s][info][gc,cpu      ] GC(913) User=0.00s Sys=0.00s Real=0.01s
[419.522s][info][gc          ] GC(914) Concurrent Mark Cycle
[419.522s][info][gc,marking  ] GC(914) Concurrent Scan Root Regions
[419.524s][info][gc,marking  ] GC(914) Concurrent Scan Root Regions 1.145ms
[419.524s][info][gc,marking  ] GC(914) Concurrent Mark
[419.524s][info][gc,marking  ] GC(914) Concurrent Mark From Roots
[419.524s][info][gc,task     ] GC(914) Using 1 workers of 1 for marking
[419.575s][info][gc,marking  ] GC(914) Concurrent Mark From Roots 51.701ms
[419.575s][info][gc,marking  ] GC(914) Concurrent Preclean
[419.575s][info][gc,marking  ] GC(914) Concurrent Preclean 0.032ms
[419.576s][info][gc,start    ] GC(914) Pause Remark
[419.591s][info][gc          ] GC(914) Pause Remark 119M->96M(256M) 15.222ms
[419.591s][info][gc,cpu      ] GC(914) User=0.03s Sys=0.00s Real=0.02s
[419.591s][info][gc,marking  ] GC(914) Concurrent Mark 67.974ms
[419.592s][info][gc,marking  ] GC(914) Concurrent Rebuild Remembered Sets and Scrub Regions
[419.612s][info][gc,marking  ] GC(914) Concurrent Rebuild Remembered Sets and Scrub Regions 20.466ms
[419.612s][info][gc,start    ] GC(914) Pause Cleanup
[419.612s][info][gc          ] GC(914) Pause Cleanup 101M->101M(256M) 0.060ms
[419.612s][info][gc,cpu      ] GC(914) User=0.00s Sys=0.00s Real=0.00s
[419.612s][info][gc,marking  ] GC(914) Concurrent Clear Claimed Marks
[419.612s][info][gc,marking  ] GC(914) Concurrent Clear Claimed Marks 0.033ms
[419.612s][info][gc,marking  ] GC(914) Concurrent Cleanup for Next Mark
[419.613s][info][gc,marking  ] GC(914) Concurrent Cleanup for Next Mark 0.713ms
[419.613s][info][gc          ] GC(914) Concurrent Mark Cycle 90.570ms
[420.037s][info][gc,start    ] GC(915) Pause Young (Prepare Mixed) (G1 Evacuation Pause)
[420.037s][info][gc,task     ] GC(915) Using 2 workers of 2 for evacuation
[420.045s][info][gc,phases   ] GC(915)   Pre Evacuate Collection Set: 0.19ms
[420.045s][info][gc,phases   ] GC(915)   Merge Heap Roots: 0.06ms
[420.045s][info][gc,phases   ] GC(915)   Evacuate Collection Set: 7.39ms
[420.045s][info][gc,phases   ] GC(915)   Post Evacuate Collection Set: 0.40ms
[420.045s][info][gc,phases   ] GC(915)   Other: 0.09ms
[420.045s][info][gc,heap     ] GC(915) Eden regions: 120->0(133)
[420.045s][info][gc,heap     ] GC(915) Survivor regions: 2->8(16)
[420.045s][info][gc,heap     ] GC(915) Old regions: 75->75
[420.045s][info][gc,heap     ] GC(915) Humongous regions: 7->3
[420.045s][info][gc,metaspace] GC(915) Metaspace: 42982K(43328K)->42982K(43328K) NonClass: 40164K(40384K)->40164K(40384K) Class: 2817K(2944K)->2817K(2944K)
[420.045s][info][gc          ] GC(915) Pause Young (Prepare Mixed) (G1 Evacuation Pause) 203M->86M(256M) 8.297ms
[420.045s][info][gc,cpu      ] GC(915) User=0.02s Sys=0.00s Real=0.01s
[420.535s][info][gc,start    ] GC(916) Pause Young (Mixed) (G1 Evacuation Pause)
[420.535s][info][gc,task     ] GC(916) Using 2 workers of 2 for evacuation
[420.540s][info][gc,phases   ] GC(916)   Pre Evacuate Collection Set: 0.18ms
[420.540s][info][gc,phases   ] GC(916)   Merge Heap Roots: 0.07ms
[420.540s][info][gc,phases   ] GC(916)   Evacuate Collection Set: 3.81ms
[420.540s][info][gc,phases   ] GC(916)   Post Evacuate Collection Set: 0.39ms
[420.540s][info][gc,phases   ] GC(916)   Other: 0.08ms
[420.540s][info][gc,heap     ] GC(916) Eden regions: 133->0(148)
[420.540s][info][gc,heap     ] GC(916) Survivor regions: 8->5(18)
[420.540s][info][gc,heap     ] GC(916) Old regions: 75->50
[420.540s][info][gc,heap     ] GC(916) Humongous regions: 7->3
[420.540s][info][gc,metaspace] GC(916) Metaspace: 42983K(43328K)->42983K(43328K) NonClass: 40165K(40384K)->40165K(40384K) Class: 2817K(2944K)->2817K(2944K)
[420.540s][info][gc          ] GC(916) Pause Young (Mixed) (G1 Evacuation Pause) 223M->56M(256M) 4.691ms
[420.540s][info][gc,cpu      ] GC(916) User=0.00s Sys=0.00s Real=0.00s
[421.017s][info][gc,start    ] GC(917) Pause Young (Mixed) (G1 Evacuation Pause)
[421.017s][info][gc,task     ] GC(917) Using 2 workers of 2 for evacuation
[421.026s][info][gc,phases   ] GC(917)   Pre Evacuate Collection Set: 0.16ms
[421.026s][info][gc,phases   ] GC(917)   Merge Heap Roots: 0.06ms
[421.026s][info][gc,phases   ] GC(917)   Evacuate Collection Set: 8.40ms
[421.026s][info][gc,phases   ] GC(917)   Post Evacuate Collection Set: 0.44ms
[421.026s][info][gc,phases   ] GC(917)   Other: 0.11ms
[421.026s][info][gc,heap     ] GC(917) Eden regions: 148->0(144)
[421.026s][info][gc,heap     ] GC(917) Survivor regions: 5->9(20)
[421.026s][info][gc,heap     ] GC(917) Old regions: 50->48
[421.026s][info][gc,heap     ] GC(917) Humongous regions: 9->3
[421.026s][info][gc,metaspace] GC(917) Metaspace: 42983K(43328K)->42983K(43328K) NonClass: 40165K(40384K)->40165K(40384K) Class: 2817K(2944K)->2817K(2944K)
[421.026s][info][gc          ] GC(917) Pause Young (Mixed) (G1 Evacuation Pause) 210M->59M(256M) 9.360ms
[421.026s][info][gc,cpu      ] GC(917) User=0.02s Sys=0.00s Real=0.01s
[421.107s][info][gc,start    ] GC(918) Pause Young (Concurrent Start) (G1 Humongous Allocation)
[421.107s][info][gc,task     ] GC(918) Using 2 workers of 2 for evacuation
[421.110s][info][gc,phases   ] GC(918)   Pre Evacuate Collection Set: 0.18ms
[421.110s][info][gc,phases   ] GC(918)   Merge Heap Roots: 0.05ms
[421.110s][info][gc,phases   ] GC(918)   Evacuate Collection Set: 2.77ms
[421.110s][info][gc,phases   ] GC(918)   Post Evacuate Collection Set: 0.28ms
[421.110s][info][gc,phases   ] GC(918)   Other: 0.08ms
[421.110s][info][gc,heap     ] GC(918) Eden regions: 24->0(149)
[421.110s][info][gc,heap     ] GC(918) Survivor regions: 9->4(20)
[421.110s][info][gc,heap     ] GC(918) Old regions: 48->48
[421.110s][info][gc,heap     ] GC(918) Humongous regions: 3->1
[421.110s][info][gc,metaspace] GC(918) Metaspace: 42983K(43328K)->42983K(43328K) NonClass: 40165K(40384K)->40165K(40384K) Class: 2817K(2944K)->2817K(2944K)
[421.110s][info][gc          ] GC(918) Pause Young (Concurrent Start) (G1 Humongous Allocation) 83M->52M(256M) 3.511ms
[421.110s][info][gc,cpu      ] GC(918) User=0.00s Sys=0.00s Real=0.00s
[421.110s][info][gc          ] GC(919) Concurrent Mark Cycle
[421.110s][info][gc,marking  ] GC(919) Concurrent Scan Root Regions
[421.113s][info][gc,marking  ] GC(919) Concurrent Scan Root Regions 3.338ms
[421.113s][info][gc,marking  ] GC(919) Concurrent Mark
[421.113s][info][gc,marking  ] GC(919) Concurrent Mark From Roots
[421.113s][info][gc,task     ] GC(919) Using 1 workers of 1 for marking
[421.172s][info][gc,marking  ] GC(919) Concurrent Mark From Roots 58.813ms
[421.172s][info][gc,marking  ] GC(919) Concurrent Preclean
[421.172s][info][gc,marking  ] GC(919) Concurrent Preclean 0.032ms
[421.172s][info][gc,start    ] GC(919) Pause Remark
[421.188s][info][gc          ] GC(919) Pause Remark 76M->76M(256M) 15.136ms
[421.188s][info][gc,cpu      ] GC(919) User=0.03s Sys=0.00s Real=0.01s
[421.188s][info][gc,marking  ] GC(919) Concurrent Mark 74.266ms
[421.188s][info][gc,marking  ] GC(919) Concurrent Rebuild Remembered Sets and Scrub Regions
[421.210s][info][gc,marking  ] GC(919) Concurrent Rebuild Remembered Sets and Scrub Regions 22.013ms
[421.210s][info][gc,start    ] GC(919) Pause Cleanup
[421.210s][info][gc          ] GC(919) Pause Cleanup 83M->83M(256M) 0.040ms
[421.210s][info][gc,cpu      ] GC(919) User=0.00s Sys=0.00s Real=0.00s
[421.210s][info][gc,marking  ] GC(919) Concurrent Clear Claimed Marks
[421.210s][info][gc,marking  ] GC(919) Concurrent Clear Claimed Marks 0.035ms
[421.210s][info][gc,marking  ] GC(919) Concurrent Cleanup for Next Mark
[421.211s][info][gc,marking  ] GC(919) Concurrent Cleanup for Next Mark 0.744ms
[421.211s][info][gc          ] GC(919) Concurrent Mark Cycle 100.754ms
[421.618s][info][gc,start    ] GC(920) Pause Young (Prepare Mixed) (G1 Evacuation Pause)
[421.619s][info][gc,task     ] GC(920) Using 2 workers of 2 for evacuation
[421.639s][info][gc,phases   ] GC(920)   Pre Evacuate Collection Set: 0.23ms
[421.639s][info][gc,phases   ] GC(920)   Merge Heap Roots: 0.06ms
[421.639s][info][gc,phases   ] GC(920)   Evacuate Collection Set: 19.37ms
[421.639s][info][gc,phases   ] GC(920)   Post Evacuate Collection Set: 0.56ms
[421.639s][info][gc,phases   ] GC(920)   Other: 0.07ms
[421.639s][info][gc,heap     ] GC(920) Eden regions: 149->0(141)
[421.639s][info][gc,heap     ] GC(920) Survivor regions: 4->12(20)
[421.639s][info][gc,heap     ] GC(920) Old regions: 48->48
[421.639s][info][gc,heap     ] GC(920) Humongous regions: 5->3
[421.639s][info][gc,metaspace] GC(920) Metaspace: 42983K(43328K)->42983K(43328K) NonClass: 40165K(40384K)->40165K(40384K) Class: 2817K(2944K)->2817K(2944K)
[421.639s][info][gc          ] GC(920) Pause Young (Prepare Mixed) (G1 Evacuation Pause) 205M->62M(256M) 20.494ms
[421.639s][info][gc,cpu      ] GC(920) User=0.03s Sys=0.00s Real=0.02s
[422.175s][info][gc,start    ] GC(921) Pause Young (Mixed) (G1 Evacuation Pause)
[422.175s][info][gc,task     ] GC(921) Using 2 workers of 2 for evacuation
[422.191s][info][gc,phases   ] GC(921)   Pre Evacuate Collection Set: 0.22ms
[422.191s][info][gc,phases   ] GC(921)   Merge Heap Roots: 0.21ms
[422.191s][info][gc,phases   ] GC(921)   Evacuate Collection Set: 15.33ms
[422.191s][info][gc,phases   ] GC(921)   Post Evacuate Collection Set: 0.87ms
[422.191s][info][gc,phases   ] GC(921)   Other: 0.08ms
[422.191s][info][gc,heap     ] GC(921) Eden regions: 141->0(169)
[422.191s][info][gc,heap     ] GC(921) Survivor regions: 12->12(20)
[422.191s][info][gc,heap     ] GC(921) Old regions: 48->48
[422.191s][info][gc,heap     ] GC(921) Humongous regions: 9->3
[422.191s][info][gc,metaspace] GC(921) Metaspace: 42983K(43328K)->42983K(43328K) NonClass: 40165K(40384K)->40165K(40384K) Class: 2817K(2944K)->2817K(2944K)
[422.192s][info][gc          ] GC(921) Pause Young (Mixed) (G1 Evacuation Pause) 209M->62M(303M) 16.887ms
[422.192s][info][gc,cpu      ] GC(921) User=0.03s Sys=0.00s Real=0.02s
[422.693s][info][gc,start    ] GC(922) Pause Young (Concurrent Start) (G1 Evacuation Pause)
[422.693s][info][gc,task     ] GC(922) Using 2 workers of 2 for evacuation
[422.732s][info][gc,phases   ] GC(922)   Pre Evacuate Collection Set: 0.20ms
[422.732s][info][gc,phases   ] GC(922)   Merge Heap Roots: 0.06ms
[422.732s][info][gc,phases   ] GC(922)   Evacuate Collection Set: 38.46ms
[422.732s][info][gc,phases   ] GC(922)   Post Evacuate Collection Set: 0.53ms
[422.732s][info][gc,phases   ] GC(922)   Other: 0.09ms
[422.732s][info][gc,heap     ] GC(922) Eden regions: 169->0(156)
[422.732s][info][gc,heap     ] GC(922) Survivor regions: 12->23(23)
[422.732s][info][gc,heap     ] GC(922) Old regions: 48->68
[422.732s][info][gc,heap     ] GC(922) Humongous regions: 3->3
[422.732s][info][gc,metaspace] GC(922) Metaspace: 42983K(43328K)->42983K(43328K) NonClass: 40165K(40384K)->40165K(40384K) Class: 2817K(2944K)->2817K(2944K)
[422.732s][info][gc          ] GC(922) Pause Young (Concurrent Start) (G1 Evacuation Pause) 231M->93M(303M) 39.517ms
[422.732s][info][gc,cpu      ] GC(922) User=0.08s Sys=0.00s Real=0.04s
[422.732s][info][gc          ] GC(923) Concurrent Mark Cycle
[422.732s][info][gc,marking  ] GC(923) Concurrent Scan Root Regions
[422.763s][info][gc,marking  ] GC(923) Concurrent Scan Root Regions 30.654ms
[422.763s][info][gc,marking  ] GC(923) Concurrent Mark
[422.763s][info][gc,marking  ] GC(923) Concurrent Mark From Roots
[422.763s][info][gc,task     ] GC(923) Using 1 workers of 1 for marking
[422.829s][info][gc,marking  ] GC(923) Concurrent Mark From Roots 66.001ms
[422.829s][info][gc,marking  ] GC(923) Concurrent Preclean
[422.829s][info][gc,marking  ] GC(923) Concurrent Preclean 0.031ms
[422.829s][info][gc,start    ] GC(923) Pause Remark
[422.844s][info][gc          ] GC(923) Pause Remark 111M->111M(303M) 14.985ms
[422.844s][info][gc,cpu      ] GC(923) User=0.03s Sys=0.00s Real=0.02s
[422.846s][info][gc,marking  ] GC(923) Concurrent Mark 82.639ms
[422.846s][info][gc,marking  ] GC(923) Concurrent Rebuild Remembered Sets and Scrub Regions
[422.912s][info][gc,marking  ] GC(923) Concurrent Rebuild Remembered Sets and Scrub Regions 66.161ms
[422.912s][info][gc,start    ] GC(923) Pause Cleanup
[422.912s][info][gc          ] GC(923) Pause Cleanup 127M->127M(303M) 0.044ms
[422.912s][info][gc,cpu      ] GC(923) User=0.00s Sys=0.00s Real=0.00s
[422.912s][info][gc,marking  ] GC(923) Concurrent Clear Claimed Marks
[422.912s][info][gc,marking  ] GC(923) Concurrent Clear Claimed Marks 0.036ms
[422.912s][info][gc,marking  ] GC(923) Concurrent Cleanup for Next Mark
[422.914s][info][gc,marking  ] GC(923) Concurrent Cleanup for Next Mark 1.346ms
[422.914s][info][gc          ] GC(923) Concurrent Mark Cycle 181.222ms
[423.469s][info][gc,start    ] GC(924) Pause Young (Prepare Mixed) (G1 Evacuation Pause)
[423.469s][info][gc,task     ] GC(924) Using 2 workers of 2 for evacuation
[423.540s][info][gc,phases   ] GC(924)   Pre Evacuate Collection Set: 0.18ms
[423.540s][info][gc,phases   ] GC(924)   Merge Heap Roots: 0.36ms
[423.540s][info][gc,phases   ] GC(924)   Evacuate Collection Set: 69.71ms
[423.540s][info][gc,phases   ] GC(924)   Post Evacuate Collection Set: 0.48ms
[423.540s][info][gc,phases   ] GC(924)   Other: 0.07ms
[423.540s][info][gc,heap     ] GC(924) Eden regions: 156->0(123)
[423.540s][info][gc,heap     ] GC(924) Survivor regions: 23->23(23)
[423.540s][info][gc,heap     ] GC(924) Old regions: 68->104
[423.540s][info][gc,heap     ] GC(924) Humongous regions: 3->3
[423.540s][info][gc,metaspace] GC(924) Metaspace: 42983K(43328K)->42983K(43328K) NonClass: 40165K(40384K)->40165K(40384K) Class: 2817K(2944K)->2817K(2944K)
[423.540s][info][gc          ] GC(924) Pause Young (Prepare Mixed) (G1 Evacuation Pause) 249M->130M(309M) 71.000ms
[423.540s][info][gc,cpu      ] GC(924) User=0.13s Sys=0.00s Real=0.07s
[424.103s][info][gc,start    ] GC(925) Pause Young (Mixed) (G1 Evacuation Pause)
[424.103s][info][gc,task     ] GC(925) Using 2 workers of 2 for evacuation
[424.167s][info][gc,phases   ] GC(925)   Pre Evacuate Collection Set: 0.20ms
[424.167s][info][gc,phases   ] GC(925)   Merge Heap Roots: 0.28ms
[424.167s][info][gc,phases   ] GC(925)   Evacuate Collection Set: 62.85ms
[424.167s][info][gc,phases   ] GC(925)   Post Evacuate Collection Set: 0.42ms
[424.167s][info][gc,phases   ] GC(925)   Other: 0.07ms
[424.167s][info][gc,heap     ] GC(925) Eden regions: 123->0(96)
[424.167s][info][gc,heap     ] GC(925) Survivor regions: 23->19(19)
[424.167s][info][gc,heap     ] GC(925) Old regions: 104->139
[424.167s][info][gc,heap     ] GC(925) Humongous regions: 3->3
[424.167s][info][gc,metaspace] GC(925) Metaspace: 42983K(43328K)->42983K(43328K) NonClass: 40165K(40384K)->40165K(40384K) Class: 2817K(2944K)->2817K(2944K)
[424.167s][info][gc          ] GC(925) Pause Young (Mixed) (G1 Evacuation Pause) 253M->161M(311M) 63.985ms
[424.167s][info][gc,cpu      ] GC(925) User=0.13s Sys=0.00s Real=0.06s
[424.209s][info][gc,start    ] GC(926) Pause Young (Concurrent Start) (G1 Humongous Allocation)
[424.209s][info][gc,task     ] GC(926) Using 2 workers of 2 for evacuation
[424.233s][info][gc,phases   ] GC(926)   Pre Evacuate Collection Set: 0.20ms
[424.233s][info][gc,phases   ] GC(926)   Merge Heap Roots: 0.15ms
[424.234s][info][gc,phases   ] GC(926)   Evacuate Collection Set: 23.92ms
[424.234s][info][gc,phases   ] GC(926)   Post Evacuate Collection Set: 0.29ms
[424.234s][info][gc,phases   ] GC(926)   Other: 0.08ms
[424.234s][info][gc,heap     ] GC(926) Eden regions: 11->0(95)
[424.234s][info][gc,heap     ] GC(926) Survivor regions: 19->3(15)
[424.234s][info][gc,heap     ] GC(926) Old regions: 139->158
[424.234s][info][gc,heap     ] GC(926) Humongous regions: 3->1
[424.234s][info][gc,metaspace] GC(926) Metaspace: 42983K(43328K)->42983K(43328K) NonClass: 40165K(40384K)->40165K(40384K) Class: 2817K(2944K)->2817K(2944K)
[424.234s][info][gc          ] GC(926) Pause Young (Concurrent Start) (G1 Humongous Allocation) 171M->162M(311M) 24.784ms
[424.234s][info][gc          ] GC(927) Concurrent Mark Cycle
[424.234s][info][gc,marking  ] GC(927) Concurrent Scan Root Regions
[424.236s][info][gc,cpu      ] GC(926) User=0.06s Sys=0.00s Real=0.03s
[424.257s][info][gc,marking  ] GC(927) Concurrent Scan Root Regions 23.380ms
[424.257s][info][gc,marking  ] GC(927) Concurrent Mark
[424.257s][info][gc,marking  ] GC(927) Concurrent Mark From Roots
[424.257s][info][gc,task     ] GC(927) Using 1 workers of 1 for marking
[424.379s][info][gc,marking  ] GC(927) Concurrent Mark From Roots 122.348ms
[424.379s][info][gc,marking  ] GC(927) Concurrent Preclean
[424.379s][info][gc,marking  ] GC(927) Concurrent Preclean 0.035ms
[424.380s][info][gc,start    ] GC(927) Pause Remark
[424.394s][info][gc          ] GC(927) Pause Remark 205M->205M(311M) 14.647ms
[424.394s][info][gc,cpu      ] GC(927) User=0.03s Sys=0.00s Real=0.02s
[424.394s][info][gc,marking  ] GC(927) Concurrent Mark 137.295ms
[424.394s][info][gc,marking  ] GC(927) Concurrent Rebuild Remembered Sets and Scrub Regions
[424.464s][info][gc,marking  ] GC(927) Concurrent Rebuild Remembered Sets and Scrub Regions 69.411ms
[424.464s][info][gc,start    ] GC(927) Pause Cleanup
[424.464s][info][gc          ] GC(927) Pause Cleanup 219M->219M(311M) 0.071ms
[424.464s][info][gc,cpu      ] GC(927) User=0.00s Sys=0.00s Real=0.00s
[424.464s][info][gc,marking  ] GC(927) Concurrent Clear Claimed Marks
[424.464s][info][gc,marking  ] GC(927) Concurrent Clear Claimed Marks 0.036ms
[424.464s][info][gc,marking  ] GC(927) Concurrent Cleanup for Next Mark
[424.465s][info][gc,marking  ] GC(927) Concurrent Cleanup for Next Mark 0.926ms
[424.465s][info][gc          ] GC(927) Concurrent Mark Cycle 231.390ms
[424.639s][info][gc,start    ] GC(928) Pause Young (Prepare Mixed) (G1 Evacuation Pause)
[424.639s][info][gc,task     ] GC(928) Using 2 workers of 2 for evacuation
[424.653s][info][gc,phases   ] GC(928)   Pre Evacuate Collection Set: 0.22ms
[424.653s][info][gc,phases   ] GC(928)   Merge Heap Roots: 0.08ms
[424.653s][info][gc,phases   ] GC(928)   Evacuate Collection Set: 13.58ms
[424.653s][info][gc,phases   ] GC(928)   Post Evacuate Collection Set: 0.36ms
[424.653s][info][gc,phases   ] GC(928)   Other: 0.09ms
[424.653s][info][gc,heap     ] GC(928) Eden regions: 95->0(89)
[424.653s][info][gc,heap     ] GC(928) Survivor regions: 3->13(13)
[424.653s][info][gc,heap     ] GC(928) Old regions: 158->159
[424.653s][info][gc,heap     ] GC(928) Humongous regions: 3->3
[424.653s][info][gc,metaspace] GC(928) Metaspace: 42983K(43328K)->42983K(43328K) NonClass: 40165K(40384K)->40165K(40384K) Class: 2817K(2944K)->2817K(2944K)
[424.653s][info][gc          ] GC(928) Pause Young (Prepare Mixed) (G1 Evacuation Pause) 259M->174M(311M) 14.495ms
[424.653s][info][gc,cpu      ] GC(928) User=0.03s Sys=0.00s Real=0.02s
[424.954s][info][gc,start    ] GC(929) Pause Young (Mixed) (G1 Evacuation Pause)
[424.954s][info][gc,task     ] GC(929) Using 2 workers of 2 for evacuation
[425.003s][info][gc,phases   ] GC(929)   Pre Evacuate Collection Set: 0.25ms
[425.003s][info][gc,phases   ] GC(929)   Merge Heap Roots: 0.17ms
[425.004s][info][gc,phases   ] GC(929)   Evacuate Collection Set: 48.64ms
[425.004s][info][gc,phases   ] GC(929)   Post Evacuate Collection Set: 0.49ms
[425.004s][info][gc,phases   ] GC(929)   Other: 0.08ms
[425.004s][info][gc,heap     ] GC(929) Eden regions: 89->0(102)
[425.004s][info][gc,heap     ] GC(929) Survivor regions: 13->13(13)
[425.004s][info][gc,heap     ] GC(929) Old regions: 159->140
[425.004s][info][gc,heap     ] GC(929) Humongous regions: 7->3
[425.004s][info][gc,metaspace] GC(929) Metaspace: 42983K(43328K)->42983K(43328K) NonClass: 40165K(40384K)->40165K(40384K) Class: 2817K(2944K)->2817K(2944K)
[425.004s][info][gc          ] GC(929) Pause Young (Mixed) (G1 Evacuation Pause) 267M->156M(311M) 49.842ms
[425.004s][info][gc,cpu      ] GC(929) User=0.07s Sys=0.00s Real=0.05s
[425.344s][info][gc,start    ] GC(930) Pause Young (Mixed) (G1 Evacuation Pause)
[425.344s][info][gc,task     ] GC(930) Using 2 workers of 2 for evacuation
[425.384s][info][gc,phases   ] GC(930)   Pre Evacuate Collection Set: 0.24ms
[425.384s][info][gc,phases   ] GC(930)   Merge Heap Roots: 0.61ms
[425.384s][info][gc,phases   ] GC(930)   Evacuate Collection Set: 37.88ms
[425.384s][info][gc,phases   ] GC(930)   Post Evacuate Collection Set: 1.17ms
[425.384s][info][gc,phases   ] GC(930)   Other: 0.09ms
[425.384s][info][gc,heap     ] GC(930) Eden regions: 102->0(175)
[425.384s][info][gc,heap     ] GC(930) Survivor regions: 13->7(15)
[425.384s][info][gc,heap     ] GC(930) Old regions: 140->128
[425.384s][info][gc,heap     ] GC(930) Humongous regions: 9->1
[425.384s][info][gc,metaspace] GC(930) Metaspace: 42983K(43328K)->42983K(43328K) NonClass: 40165K(40384K)->40165K(40384K) Class: 2817K(2944K)->2817K(2944K)
[425.384s][info][gc          ] GC(930) Pause Young (Mixed) (G1 Evacuation Pause) 264M->135M(414M) 40.165ms
[425.384s][info][gc,cpu      ] GC(930) User=0.06s Sys=0.00s Real=0.04s
[425.400s][info][gc,start    ] GC(931) Pause Young (Concurrent Start) (G1 Humongous Allocation)
[425.400s][info][gc,task     ] GC(931) Using 2 workers of 2 for evacuation
[425.408s][info][gc,phases   ] GC(931)   Pre Evacuate Collection Set: 0.21ms
[425.408s][info][gc,phases   ] GC(931)   Merge Heap Roots: 0.07ms
[425.408s][info][gc,phases   ] GC(931)   Evacuate Collection Set: 6.92ms
[425.408s][info][gc,phases   ] GC(931)   Post Evacuate Collection Set: 0.28ms
[425.408s][info][gc,phases   ] GC(931)   Other: 0.11ms
[425.408s][info][gc,heap     ] GC(931) Eden regions: 12->0(170)
[425.408s][info][gc,heap     ] GC(931) Survivor regions: 7->8(23)
[425.408s][info][gc,heap     ] GC(931) Old regions: 128->128
[425.408s][info][gc,heap     ] GC(931) Humongous regions: 1->1
[425.408s][info][gc,metaspace] GC(931) Metaspace: 42983K(43328K)->42983K(43328K) NonClass: 40165K(40384K)->40165K(40384K) Class: 2817K(2944K)->2817K(2944K)
[425.408s][info][gc          ] GC(931) Pause Young (Concurrent Start) (G1 Humongous Allocation) 147M->136M(414M) 7.761ms
[425.408s][info][gc,cpu      ] GC(931) User=0.02s Sys=0.00s Real=0.01s
[425.408s][info][gc          ] GC(932) Concurrent Mark Cycle
[425.408s][info][gc,marking  ] GC(932) Concurrent Scan Root Regions
[425.415s][info][gc,marking  ] GC(932) Concurrent Scan Root Regions 6.376ms
[425.415s][info][gc,marking  ] GC(932) Concurrent Mark
[425.415s][info][gc,marking  ] GC(932) Concurrent Mark From Roots
[425.415s][info][gc,task     ] GC(932) Using 1 workers of 1 for marking
[425.491s][info][gc,marking  ] GC(932) Concurrent Mark From Roots 76.773ms
[425.491s][info][gc,marking  ] GC(932) Concurrent Preclean
[425.491s][info][gc,marking  ] GC(932) Concurrent Preclean 0.036ms
[425.492s][info][gc,start    ] GC(932) Pause Remark
[425.506s][info][gc          ] GC(932) Pause Remark 172M->159M(414M) 14.836ms
[425.506s][info][gc,cpu      ] GC(932) User=0.03s Sys=0.00s Real=0.01s
[425.506s][info][gc,marking  ] GC(932) Concurrent Mark 91.920ms
[425.506s][info][gc,marking  ] GC(932) Concurrent Rebuild Remembered Sets and Scrub Regions
[425.536s][info][gc,marking  ] GC(932) Concurrent Rebuild Remembered Sets and Scrub Regions 29.667ms
[425.536s][info][gc,start    ] GC(932) Pause Cleanup
[425.536s][info][gc          ] GC(932) Pause Cleanup 167M->167M(414M) 0.089ms
[425.536s][info][gc,cpu      ] GC(932) User=0.00s Sys=0.00s Real=0.00s
[425.536s][info][gc,marking  ] GC(932) Concurrent Clear Claimed Marks
[425.537s][info][gc,marking  ] GC(932) Concurrent Clear Claimed Marks 0.040ms
[425.537s][info][gc,marking  ] GC(932) Concurrent Cleanup for Next Mark
[425.539s][info][gc,marking  ] GC(932) Concurrent Cleanup for Next Mark 2.230ms
[425.539s][info][gc          ] GC(932) Concurrent Mark Cycle 130.679ms
[426.020s][info][gc,start    ] GC(933) Pause Young (Prepare Mixed) (G1 Evacuation Pause)
[426.020s][info][gc,task     ] GC(933) Using 2 workers of 2 for evacuation
[426.042s][info][gc,phases   ] GC(933)   Pre Evacuate Collection Set: 0.31ms
[426.042s][info][gc,phases   ] GC(933)   Merge Heap Roots: 0.17ms
[426.042s][info][gc,phases   ] GC(933)   Evacuate Collection Set: 20.74ms
[426.042s][info][gc,phases   ] GC(933)   Post Evacuate Collection Set: 0.48ms
[426.042s][info][gc,phases   ] GC(933)   Other: 0.08ms
[426.042s][info][gc,heap     ] GC(933) Eden regions: 170->0(165)
[426.042s][info][gc,heap     ] GC(933) Survivor regions: 8->23(23)
[426.042s][info][gc,heap     ] GC(933) Old regions: 115->122
[426.042s][info][gc,heap     ] GC(933) Humongous regions: 5->4
[426.042s][info][gc,metaspace] GC(933) Metaspace: 42983K(43328K)->42983K(43328K) NonClass: 40165K(40384K)->40165K(40384K) Class: 2817K(2944K)->2817K(2944K)
[426.042s][info][gc          ] GC(933) Pause Young (Prepare Mixed) (G1 Evacuation Pause) 297M->148M(414M) 21.987ms
[426.042s][info][gc,cpu      ] GC(933) User=0.05s Sys=0.00s Real=0.03s
[426.534s][info][gc,start    ] GC(934) Pause Young (Mixed) (G1 Evacuation Pause)
[426.534s][info][gc,task     ] GC(934) Using 2 workers of 2 for evacuation
[426.568s][info][gc,phases   ] GC(934)   Pre Evacuate Collection Set: 0.22ms
[426.568s][info][gc,phases   ] GC(934)   Merge Heap Roots: 0.16ms
[426.568s][info][gc,phases   ] GC(934)   Evacuate Collection Set: 33.21ms
[426.568s][info][gc,phases   ] GC(934)   Post Evacuate Collection Set: 0.48ms
[426.568s][info][gc,phases   ] GC(934)   Other: 0.10ms
[426.568s][info][gc,heap     ] GC(934) Eden regions: 165->0(172)
[426.568s][info][gc,heap     ] GC(934) Survivor regions: 23->24(24)
[426.568s][info][gc,heap     ] GC(934) Old regions: 122->108
[426.568s][info][gc,heap     ] GC(934) Humongous regions: 4->4
[426.568s][info][gc,metaspace] GC(934) Metaspace: 42983K(43328K)->42983K(43328K) NonClass: 40165K(40384K)->40165K(40384K) Class: 2817K(2944K)->2817K(2944K)
[426.568s][info][gc          ] GC(934) Pause Young (Mixed) (G1 Evacuation Pause) 313M->135M(414M) 34.374ms
[426.568s][info][gc,cpu      ] GC(934) User=0.06s Sys=0.00s Real=0.03s
[427.097s][info][gc,start    ] GC(935) Pause Young (Mixed) (G1 Evacuation Pause)
[427.097s][info][gc,task     ] GC(935) Using 2 workers of 2 for evacuation
[427.147s][info][gc,phases   ] GC(935)   Pre Evacuate Collection Set: 0.33ms
[427.147s][info][gc,phases   ] GC(935)   Merge Heap Roots: 0.18ms
[427.147s][info][gc,phases   ] GC(935)   Evacuate Collection Set: 49.16ms
[427.147s][info][gc,phases   ] GC(935)   Post Evacuate Collection Set: 0.53ms
[427.147s][info][gc,phases   ] GC(935)   Other: 0.08ms
[427.147s][info][gc,heap     ] GC(935) Eden regions: 172->0(132)
[427.147s][info][gc,heap     ] GC(935) Survivor regions: 24->25(25)
[427.147s][info][gc,heap     ] GC(935) Old regions: 108->150
[427.147s][info][gc,heap     ] GC(935) Humongous regions: 6->5
[427.147s][info][gc,metaspace] GC(935) Metaspace: 42984K(43328K)->42984K(43328K) NonClass: 40166K(40384K)->40166K(40384K) Class: 2817K(2944K)->2817K(2944K)
[427.147s][info][gc          ] GC(935) Pause Young (Mixed) (G1 Evacuation Pause) 309M->180M(414M) 50.520ms
[427.147s][info][gc,cpu      ] GC(935) User=0.10s Sys=0.01s Real=0.05s
[427.592s][info][gc,start    ] GC(936) Pause Young (Concurrent Start) (G1 Evacuation Pause)
[427.592s][info][gc,task     ] GC(936) Using 2 workers of 2 for evacuation
[427.647s][info][gc,phases   ] GC(936)   Pre Evacuate Collection Set: 0.23ms
[427.647s][info][gc,phases   ] GC(936)   Merge Heap Roots: 0.26ms
[427.647s][info][gc,phases   ] GC(936)   Evacuate Collection Set: 54.35ms
[427.647s][info][gc,phases   ] GC(936)   Post Evacuate Collection Set: 0.51ms
[427.647s][info][gc,phases   ] GC(936)   Other: 0.09ms
[427.647s][info][gc,heap     ] GC(936) Eden regions: 132->0(94)
[427.647s][info][gc,heap     ] GC(936) Survivor regions: 25->20(20)
[427.647s][info][gc,heap     ] GC(936) Old regions: 150->196
[427.647s][info][gc,heap     ] GC(936) Humongous regions: 5->5
[427.647s][info][gc,metaspace] GC(936) Metaspace: 42984K(43328K)->42984K(43328K) NonClass: 40166K(40384K)->40166K(40384K) Class: 2817K(2944K)->2817K(2944K)
[427.647s][info][gc          ] GC(936) Pause Young (Concurrent Start) (G1 Evacuation Pause) 312M->221M(414M) 55.672ms
[427.647s][info][gc,cpu      ] GC(936) User=0.11s Sys=0.00s Real=0.05s
[427.647s][info][gc          ] GC(937) Concurrent Mark Cycle
[427.647s][info][gc,marking  ] GC(937) Concurrent Scan Root Regions
[427.680s][info][gc,marking  ] GC(937) Concurrent Scan Root Regions 32.608ms
[427.680s][info][gc,marking  ] GC(937) Concurrent Mark
[427.680s][info][gc,marking  ] GC(937) Concurrent Mark From Roots
[427.680s][info][gc,task     ] GC(937) Using 1 workers of 1 for marking
[427.783s][info][gc,marking  ] GC(937) Concurrent Mark From Roots 102.630ms
[427.783s][info][gc,marking  ] GC(937) Concurrent Preclean
[427.783s][info][gc,marking  ] GC(937) Concurrent Preclean 0.040ms
[427.783s][info][gc,start    ] GC(937) Pause Remark
[427.798s][info][gc          ] GC(937) Pause Remark 259M->239M(414M) 14.843ms
[427.798s][info][gc,cpu      ] GC(937) User=0.03s Sys=0.00s Real=0.01s
[427.798s][info][gc,marking  ] GC(937) Concurrent Mark 118.054ms
[427.798s][info][gc,marking  ] GC(937) Concurrent Rebuild Remembered Sets and Scrub Regions
[427.875s][info][gc,marking  ] GC(937) Concurrent Rebuild Remembered Sets and Scrub Regions 76.951ms
[427.875s][info][gc,start    ] GC(937) Pause Cleanup
[427.875s][info][gc          ] GC(937) Pause Cleanup 261M->261M(414M) 0.067ms
[427.875s][info][gc,cpu      ] GC(937) User=0.00s Sys=0.00s Real=0.00s
[427.875s][info][gc,marking  ] GC(937) Concurrent Clear Claimed Marks
[427.875s][info][gc,marking  ] GC(937) Concurrent Clear Claimed Marks 0.039ms
[427.875s][info][gc,marking  ] GC(937) Concurrent Cleanup for Next Mark
[427.877s][info][gc,marking  ] GC(937) Concurrent Cleanup for Next Mark 1.199ms
[427.877s][info][gc          ] GC(937) Concurrent Mark Cycle 229.216ms
[428.011s][info][gc,start    ] GC(938) Pause Young (Prepare Mixed) (G1 Evacuation Pause)
[428.011s][info][gc,task     ] GC(938) Using 2 workers of 2 for evacuation
[428.059s][info][gc,phases   ] GC(938)   Pre Evacuate Collection Set: 0.22ms
[428.059s][info][gc,phases   ] GC(938)   Merge Heap Roots: 0.45ms
[428.059s][info][gc,phases   ] GC(938)   Evacuate Collection Set: 46.65ms
[428.059s][info][gc,phases   ] GC(938)   Post Evacuate Collection Set: 0.45ms
[428.059s][info][gc,phases   ] GC(938)   Other: 0.07ms
[428.059s][info][gc,heap     ] GC(938) Eden regions: 94->0(75)
[428.059s][info][gc,heap     ] GC(938) Survivor regions: 20->15(15)
[428.059s][info][gc,heap     ] GC(938) Old regions: 177->225
[428.059s][info][gc,heap     ] GC(938) Humongous regions: 5->5
[428.059s][info][gc,metaspace] GC(938) Metaspace: 42984K(43328K)->42984K(43328K) NonClass: 40166K(40384K)->40166K(40384K) Class: 2817K(2944K)->2817K(2944K)
[428.059s][info][gc          ] GC(938) Pause Young (Prepare Mixed) (G1 Evacuation Pause) 296M->244M(414M) 48.066ms
[428.059s][info][gc,cpu      ] GC(938) User=0.09s Sys=0.00s Real=0.05s
[428.285s][info][gc,start    ] GC(939) Pause Young (Mixed) (G1 Evacuation Pause)
[428.285s][info][gc,task     ] GC(939) Using 2 workers of 2 for evacuation
[428.331s][info][gc,phases   ] GC(939)   Pre Evacuate Collection Set: 0.25ms
[428.332s][info][gc,phases   ] GC(939)   Merge Heap Roots: 0.37ms
[428.332s][info][gc,phases   ] GC(939)   Evacuate Collection Set: 45.31ms
[428.332s][info][gc,phases   ] GC(939)   Post Evacuate Collection Set: 0.51ms
[428.332s][info][gc,phases   ] GC(939)   Other: 0.09ms
[428.332s][info][gc,heap     ] GC(939) Eden regions: 75->0(78)
[428.332s][info][gc,heap     ] GC(939) Survivor regions: 15->12(12)
[428.332s][info][gc,heap     ] GC(939) Old regions: 225->223
[428.332s][info][gc,heap     ] GC(939) Humongous regions: 5->5
[428.332s][info][gc,metaspace] GC(939) Metaspace: 42984K(43328K)->42984K(43328K) NonClass: 40166K(40384K)->40166K(40384K) Class: 2817K(2944K)->2817K(2944K)
[428.332s][info][gc          ] GC(939) Pause Young (Mixed) (G1 Evacuation Pause) 319M->240M(414M) 46.727ms
[428.332s][info][gc,cpu      ] GC(939) User=0.09s Sys=0.00s Real=0.05s
[428.572s][info][gc,start    ] GC(940) Pause Young (Mixed) (G1 Evacuation Pause)
[428.572s][info][gc,task     ] GC(940) Using 2 workers of 2 for evacuation
[428.609s][info][gc,phases   ] GC(940)   Pre Evacuate Collection Set: 0.22ms
[428.609s][info][gc,phases   ] GC(940)   Merge Heap Roots: 0.35ms
[428.609s][info][gc,phases   ] GC(940)   Evacuate Collection Set: 34.96ms
[428.609s][info][gc,phases   ] GC(940)   Post Evacuate Collection Set: 1.14ms
[428.609s][info][gc,phases   ] GC(940)   Other: 0.07ms
[428.609s][info][gc,heap     ] GC(940) Eden regions: 78->0(128)
[428.609s][info][gc,heap     ] GC(940) Survivor regions: 12->12(12)
[428.609s][info][gc,heap     ] GC(940) Old regions: 223->249
[428.609s][info][gc,heap     ] GC(940) Humongous regions: 5->5
[428.609s][info][gc,metaspace] GC(940) Metaspace: 42984K(43328K)->42984K(43328K) NonClass: 40166K(40384K)->40166K(40384K) Class: 2817K(2944K)->2817K(2944K)
[428.609s][info][gc          ] GC(940) Pause Young (Mixed) (G1 Evacuation Pause) 318M->265M(527M) 36.953ms
[428.609s][info][gc,cpu      ] GC(940) User=0.07s Sys=0.00s Real=0.03s
[428.833s][info][gc,start    ] GC(941) Pause Young (Concurrent Start) (G1 Humongous Allocation)
[428.833s][info][gc,task     ] GC(941) Using 2 workers of 2 for evacuation
[428.875s][info][gc,phases   ] GC(941)   Pre Evacuate Collection Set: 0.25ms
[428.875s][info][gc,phases   ] GC(941)   Merge Heap Roots: 0.12ms
[428.875s][info][gc,phases   ] GC(941)   Evacuate Collection Set: 41.28ms
[428.875s][info][gc,phases   ] GC(941)   Post Evacuate Collection Set: 0.40ms
[428.875s][info][gc,phases   ] GC(941)   Other: 0.17ms
[428.876s][info][gc,heap     ] GC(941) Eden regions: 62->0(89)
[428.876s][info][gc,heap     ] GC(941) Survivor regions: 12->18(18)
[428.876s][info][gc,heap     ] GC(941) Old regions: 249->287
[428.876s][info][gc,heap     ] GC(941) Humongous regions: 5->5
[428.876s][info][gc,metaspace] GC(941) Metaspace: 42984K(43328K)->42984K(43328K) NonClass: 40166K(40384K)->40166K(40384K) Class: 2817K(2944K)->2817K(2944K)
[428.876s][info][gc          ] GC(941) Pause Young (Concurrent Start) (G1 Humongous Allocation) 327M->310M(527M) 42.433ms
[428.876s][info][gc,cpu      ] GC(941) User=0.07s Sys=0.02s Real=0.04s
[428.876s][info][gc          ] GC(942) Concurrent Mark Cycle
[428.876s][info][gc,marking  ] GC(942) Concurrent Scan Root Regions
[428.896s][info][gc,marking  ] GC(942) Concurrent Scan Root Regions 20.147ms
[428.896s][info][gc,marking  ] GC(942) Concurrent Mark
[428.896s][info][gc,marking  ] GC(942) Concurrent Mark From Roots
[428.896s][info][gc,task     ] GC(942) Using 1 workers of 1 for marking
[428.994s][info][gc,marking  ] GC(942) Concurrent Mark From Roots 98.197ms
[428.994s][info][gc,marking  ] GC(942) Concurrent Preclean
[428.994s][info][gc,marking  ] GC(942) Concurrent Preclean 0.047ms
[428.994s][info][gc,start    ] GC(942) Pause Remark
[429.009s][info][gc          ] GC(942) Pause Remark 341M->222M(527M) 15.133ms
[429.009s][info][gc,cpu      ] GC(942) User=0.03s Sys=0.00s Real=0.01s
[429.010s][info][gc,marking  ] GC(942) Concurrent Mark 113.674ms
[429.010s][info][gc,marking  ] GC(942) Concurrent Rebuild Remembered Sets and Scrub Regions
[429.070s][info][gc,marking  ] GC(942) Concurrent Rebuild Remembered Sets and Scrub Regions 60.130ms
[429.071s][info][gc,start    ] GC(942) Pause Cleanup
[429.071s][info][gc          ] GC(942) Pause Cleanup 238M->238M(527M) 0.086ms
[429.071s][info][gc,cpu      ] GC(942) User=0.00s Sys=0.00s Real=0.00s
[429.071s][info][gc,marking  ] GC(942) Concurrent Clear Claimed Marks
[429.071s][info][gc,marking  ] GC(942) Concurrent Clear Claimed Marks 0.045ms
[429.071s][info][gc,marking  ] GC(942) Concurrent Cleanup for Next Mark
[429.074s][info][gc,marking  ] GC(942) Concurrent Cleanup for Next Mark 2.636ms
[429.074s][info][gc          ] GC(942) Concurrent Mark Cycle 198.450ms
[429.253s][info][gc,start    ] GC(943) Pause Young (Prepare Mixed) (G1 Evacuation Pause)
[429.253s][info][gc,task     ] GC(943) Using 2 workers of 2 for evacuation
[429.307s][info][gc,phases   ] GC(943)   Pre Evacuate Collection Set: 0.24ms
[429.307s][info][gc,phases   ] GC(943)   Merge Heap Roots: 0.34ms
[429.307s][info][gc,phases   ] GC(943)   Evacuate Collection Set: 52.82ms
[429.307s][info][gc,phases   ] GC(943)   Post Evacuate Collection Set: 0.45ms
[429.307s][info][gc,phases   ] GC(943)   Other: 0.07ms
[429.307s][info][gc,heap     ] GC(943) Eden regions: 89->0(117)
[429.307s][info][gc,heap     ] GC(943) Survivor regions: 18->14(14)
[429.307s][info][gc,heap     ] GC(943) Old regions: 170->224
[429.307s][info][gc,heap     ] GC(943) Humongous regions: 4->4
[429.307s][info][gc,metaspace] GC(943) Metaspace: 42984K(43328K)->42984K(43328K) NonClass: 40166K(40384K)->40166K(40384K) Class: 2817K(2944K)->2817K(2944K)
[429.307s][info][gc          ] GC(943) Pause Young (Prepare Mixed) (G1 Evacuation Pause) 281M->242M(527M) 54.141ms
[429.307s][info][gc,cpu      ] GC(943) User=0.10s Sys=0.01s Real=0.05s
[429.709s][info][gc,start    ] GC(944) Pause Young (Mixed) (G1 Evacuation Pause)
[429.709s][info][gc,task     ] GC(944) Using 2 workers of 2 for evacuation
[429.770s][info][gc,phases   ] GC(944)   Pre Evacuate Collection Set: 0.36ms
[429.770s][info][gc,phases   ] GC(944)   Merge Heap Roots: 0.35ms
[429.770s][info][gc,phases   ] GC(944)   Evacuate Collection Set: 59.04ms
[429.770s][info][gc,phases   ] GC(944)   Post Evacuate Collection Set: 0.52ms
[429.770s][info][gc,phases   ] GC(944)   Other: 0.07ms
[429.770s][info][gc,heap     ] GC(944) Eden regions: 117->0(102)
[429.770s][info][gc,heap     ] GC(944) Survivor regions: 14->17(17)
[429.770s][info][gc,heap     ] GC(944) Old regions: 224->255
[429.770s][info][gc,heap     ] GC(944) Humongous regions: 5->5
[429.770s][info][gc,metaspace] GC(944) Metaspace: 42984K(43328K)->42984K(43328K) NonClass: 40166K(40384K)->40166K(40384K) Class: 2817K(2944K)->2817K(2944K)
[429.770s][info][gc          ] GC(944) Pause Young (Mixed) (G1 Evacuation Pause) 360M->277M(527M) 60.588ms
[429.770s][info][gc,cpu      ] GC(944) User=0.12s Sys=0.00s Real=0.06s
[430.023s][info][gc,start    ] GC(945) Pause Young (Concurrent Start) (G1 Humongous Allocation)
[430.023s][info][gc,task     ] GC(945) Using 2 workers of 2 for evacuation
[430.076s][info][gc,phases   ] GC(945)   Pre Evacuate Collection Set: 0.25ms
[430.076s][info][gc,phases   ] GC(945)   Merge Heap Roots: 0.29ms
[430.076s][info][gc,phases   ] GC(945)   Evacuate Collection Set: 52.37ms
[430.076s][info][gc,phases   ] GC(945)   Post Evacuate Collection Set: 0.42ms
[430.076s][info][gc,phases   ] GC(945)   Other: 0.11ms
[430.076s][info][gc,heap     ] GC(945) Eden regions: 80->0(75)
[430.076s][info][gc,heap     ] GC(945) Survivor regions: 17->15(15)
[430.076s][info][gc,heap     ] GC(945) Old regions: 255->315
[430.076s][info][gc,heap     ] GC(945) Humongous regions: 5->5
[430.076s][info][gc,metaspace] GC(945) Metaspace: 42984K(43328K)->42984K(43328K) NonClass: 40166K(40384K)->40166K(40384K) Class: 2817K(2944K)->2817K(2944K)
[430.076s][info][gc          ] GC(945) Pause Young (Concurrent Start) (G1 Humongous Allocation) 357M->334M(527M) 53.656ms
[430.077s][info][gc,cpu      ] GC(945) User=0.11s Sys=0.00s Real=0.05s
[430.077s][info][gc          ] GC(946) Concurrent Mark Cycle
[430.077s][info][gc,marking  ] GC(946) Concurrent Scan Root Regions
[430.120s][info][gc,marking  ] GC(946) Concurrent Scan Root Regions 42.984ms
[430.120s][info][gc,marking  ] GC(946) Concurrent Mark
[430.120s][info][gc,marking  ] GC(946) Concurrent Mark From Roots
[430.120s][info][gc,task     ] GC(946) Using 1 workers of 1 for marking
[430.243s][info][gc,marking  ] GC(946) Concurrent Mark From Roots 123.495ms
[430.243s][info][gc,marking  ] GC(946) Concurrent Preclean
[430.243s][info][gc,marking  ] GC(946) Concurrent Preclean 0.046ms
[430.243s][info][gc,start    ] GC(946) Pause Remark
[430.258s][info][gc          ] GC(946) Pause Remark 369M->333M(527M) 14.977ms
[430.258s][info][gc,cpu      ] GC(946) User=0.03s Sys=0.00s Real=0.01s
[430.260s][info][gc,marking  ] GC(946) Concurrent Mark 140.478ms
[430.260s][info][gc,marking  ] GC(946) Concurrent Rebuild Remembered Sets and Scrub Regions
[430.355s][info][gc,marking  ] GC(946) Concurrent Rebuild Remembered Sets and Scrub Regions 94.867ms
[430.355s][info][gc,start    ] GC(946) Pause Cleanup
[430.355s][info][gc          ] GC(946) Pause Cleanup 357M->357M(527M) 0.098ms
[430.355s][info][gc,cpu      ] GC(946) User=0.00s Sys=0.00s Real=0.00s
[430.355s][info][gc,marking  ] GC(946) Concurrent Clear Claimed Marks
[430.355s][info][gc,marking  ] GC(946) Concurrent Clear Claimed Marks 0.039ms
[430.355s][info][gc,marking  ] GC(946) Concurrent Cleanup for Next Mark
[430.357s][info][gc,marking  ] GC(946) Concurrent Cleanup for Next Mark 1.498ms
[430.357s][info][gc          ] GC(946) Concurrent Mark Cycle 280.305ms
[430.405s][info][gc,start    ] GC(947) Pause Young (Prepare Mixed) (G1 Evacuation Pause)
[430.405s][info][gc,task     ] GC(947) Using 2 workers of 2 for evacuation
[430.449s][info][gc,phases   ] GC(947)   Pre Evacuate Collection Set: 0.23ms
[430.449s][info][gc,phases   ] GC(947)   Merge Heap Roots: 0.45ms
[430.449s][info][gc,phases   ] GC(947)   Evacuate Collection Set: 42.14ms
[430.449s][info][gc,phases   ] GC(947)   Post Evacuate Collection Set: 0.44ms
[430.449s][info][gc,phases   ] GC(947)   Other: 0.07ms
[430.449s][info][gc,heap     ] GC(947) Eden regions: 75->0(76)
[430.449s][info][gc,heap     ] GC(947) Survivor regions: 15->12(12)
[430.449s][info][gc,heap     ] GC(947) Old regions: 280->322
[430.449s][info][gc,heap     ] GC(947) Humongous regions: 5->5
[430.449s][info][gc,metaspace] GC(947) Metaspace: 42984K(43328K)->42984K(43328K) NonClass: 40166K(40384K)->40166K(40384K) Class: 2817K(2944K)->2817K(2944K)
[430.449s][info][gc          ] GC(947) Pause Young (Prepare Mixed) (G1 Evacuation Pause) 374M->338M(527M) 43.562ms
[430.449s][info][gc,cpu      ] GC(947) User=0.09s Sys=0.00s Real=0.04s
[430.701s][info][gc,start    ] GC(948) Pause Young (Mixed) (G1 Evacuation Pause)
[430.701s][info][gc,task     ] GC(948) Using 2 workers of 2 for evacuation
[430.728s][info][gc,phases   ] GC(948)   Pre Evacuate Collection Set: 0.36ms
[430.729s][info][gc,phases   ] GC(948)   Merge Heap Roots: 0.28ms
[430.729s][info][gc,phases   ] GC(948)   Evacuate Collection Set: 25.48ms
[430.729s][info][gc,phases   ] GC(948)   Post Evacuate Collection Set: 1.21ms
[430.729s][info][gc,phases   ] GC(948)   Other: 0.09ms
[430.729s][info][gc,heap     ] GC(948) Eden regions: 76->0(140)
[430.729s][info][gc,heap     ] GC(948) Survivor regions: 12->11(11)
[430.729s][info][gc,heap     ] GC(948) Old regions: 322->289
[430.729s][info][gc,heap     ] GC(948) Humongous regions: 6->5
[430.729s][info][gc,metaspace] GC(948) Metaspace: 42984K(43328K)->42984K(43328K) NonClass: 40166K(40384K)->40166K(40384K) Class: 2817K(2944K)->2817K(2944K)
[430.729s][info][gc          ] GC(948) Pause Young (Mixed) (G1 Evacuation Pause) 415M->304M(645M) 27.614ms
[430.729s][info][gc,cpu      ] GC(948) User=0.05s Sys=0.00s Real=0.03s
[431.273s][info][gc,start    ] GC(949) Pause Young (Mixed) (G1 Evacuation Pause)
[431.273s][info][gc,task     ] GC(949) Using 2 workers of 2 for evacuation
[431.303s][info][gc,phases   ] GC(949)   Pre Evacuate Collection Set: 0.41ms
[431.303s][info][gc,phases   ] GC(949)   Merge Heap Roots: 0.67ms
[431.303s][info][gc,phases   ] GC(949)   Evacuate Collection Set: 28.41ms
[431.303s][info][gc,phases   ] GC(949)   Post Evacuate Collection Set: 0.49ms
[431.303s][info][gc,phases   ] GC(949)   Other: 0.09ms
[431.303s][info][gc,heap     ] GC(949) Eden regions: 140->0(168)
[431.303s][info][gc,heap     ] GC(949) Survivor regions: 11->16(19)
[431.303s][info][gc,heap     ] GC(949) Old regions: 289->242
[431.303s][info][gc,heap     ] GC(949) Humongous regions: 5->5
[431.303s][info][gc,metaspace] GC(949) Metaspace: 42984K(43328K)->42984K(43328K) NonClass: 40166K(40384K)->40166K(40384K) Class: 2817K(2944K)->2817K(2944K)
[431.303s][info][gc          ] GC(949) Pause Young (Mixed) (G1 Evacuation Pause) 444M->262M(645M) 30.268ms
[431.303s][info][gc,cpu      ] GC(949) User=0.06s Sys=0.00s Real=0.03s
[431.861s][info][gc,start    ] GC(950) Pause Young (Normal) (G1 Evacuation Pause)
[431.861s][info][gc,task     ] GC(950) Using 2 workers of 2 for evacuation
[431.871s][info][gc,phases   ] GC(950)   Pre Evacuate Collection Set: 0.28ms
[431.871s][info][gc,phases   ] GC(950)   Merge Heap Roots: 0.09ms
[431.871s][info][gc,phases   ] GC(950)   Evacuate Collection Set: 9.34ms
[431.871s][info][gc,phases   ] GC(950)   Post Evacuate Collection Set: 0.42ms
[431.871s][info][gc,phases   ] GC(950)   Other: 0.07ms
[431.871s][info][gc,heap     ] GC(950) Eden regions: 168->0(185)
[431.871s][info][gc,heap     ] GC(950) Survivor regions: 16->5(23)
[431.871s][info][gc,heap     ] GC(950) Old regions: 242->254
[431.871s][info][gc,heap     ] GC(950) Humongous regions: 6->5
[431.871s][info][gc,metaspace] GC(950) Metaspace: 42984K(43328K)->42984K(43328K) NonClass: 40166K(40384K)->40166K(40384K) Class: 2817K(2944K)->2817K(2944K)
[431.871s][info][gc          ] GC(950) Pause Young (Normal) (G1 Evacuation Pause) 431M->263M(645M) 10.386ms
[431.871s][info][gc,cpu      ] GC(950) User=0.02s Sys=0.00s Real=0.02s
[432.157s][info][gc,start    ] GC(951) Pause Young (Concurrent Start) (G1 Humongous Allocation)
[432.157s][info][gc,task     ] GC(951) Using 2 workers of 2 for evacuation
[432.178s][info][gc,phases   ] GC(951)   Pre Evacuate Collection Set: 0.28ms
[432.178s][info][gc,phases   ] GC(951)   Merge Heap Roots: 0.05ms
[432.178s][info][gc,phases   ] GC(951)   Evacuate Collection Set: 19.95ms
[432.178s][info][gc,phases   ] GC(951)   Post Evacuate Collection Set: 0.40ms
[432.178s][info][gc,phases   ] GC(951)   Other: 0.11ms
[432.178s][info][gc,heap     ] GC(951) Eden regions: 88->0(179)
[432.178s][info][gc,heap     ] GC(951) Survivor regions: 5->24(24)
[432.178s][info][gc,heap     ] GC(951) Old regions: 254->264
[432.178s][info][gc,heap     ] GC(951) Humongous regions: 5->5
[432.178s][info][gc,metaspace] GC(951) Metaspace: 42984K(43328K)->42984K(43328K) NonClass: 40166K(40384K)->40166K(40384K) Class: 2817K(2944K)->2817K(2944K)
[432.178s][info][gc          ] GC(951) Pause Young (Concurrent Start) (G1 Humongous Allocation) 351M->293M(645M) 21.010ms
[432.178s][info][gc,cpu      ] GC(951) User=0.04s Sys=0.00s Real=0.02s
[432.178s][info][gc          ] GC(952) Concurrent Mark Cycle
[432.178s][info][gc,marking  ] GC(952) Concurrent Scan Root Regions
[432.192s][info][gc,marking  ] GC(952) Concurrent Scan Root Regions 14.524ms
[432.192s][info][gc,marking  ] GC(952) Concurrent Mark
[432.192s][info][gc,marking  ] GC(952) Concurrent Mark From Roots
[432.192s][info][gc,task     ] GC(952) Using 1 workers of 1 for marking
[432.265s][info][gc,marking  ] GC(952) Concurrent Mark From Roots 72.332ms
[432.265s][info][gc,marking  ] GC(952) Concurrent Preclean
[432.265s][info][gc,marking  ] GC(952) Concurrent Preclean 0.043ms
[432.265s][info][gc,start    ] GC(952) Pause Remark
[432.280s][info][gc          ] GC(952) Pause Remark 313M->157M(460M) 14.560ms
[432.280s][info][gc,cpu      ] GC(952) User=0.02s Sys=0.00s Real=0.01s
[432.280s][info][gc,marking  ] GC(952) Concurrent Mark 87.233ms
[432.280s][info][gc,marking  ] GC(952) Concurrent Rebuild Remembered Sets and Scrub Regions
[432.317s][info][gc,marking  ] GC(952) Concurrent Rebuild Remembered Sets and Scrub Regions 37.755ms
[432.318s][info][gc,start    ] GC(952) Pause Cleanup
[432.318s][info][gc          ] GC(952) Pause Cleanup 166M->166M(460M) 0.057ms
[432.318s][info][gc,cpu      ] GC(952) User=0.00s Sys=0.00s Real=0.00s
[432.318s][info][gc,marking  ] GC(952) Concurrent Clear Claimed Marks
[432.318s][info][gc,marking  ] GC(952) Concurrent Clear Claimed Marks 0.036ms
[432.318s][info][gc,marking  ] GC(952) Concurrent Cleanup for Next Mark
[432.319s][info][gc,marking  ] GC(952) Concurrent Cleanup for Next Mark 1.573ms
[432.319s][info][gc          ] GC(952) Concurrent Mark Cycle 141.516ms
[432.785s][info][gc,start    ] GC(953) Pause Young (Prepare Mixed) (G1 Evacuation Pause)
[432.785s][info][gc,task     ] GC(953) Using 2 workers of 2 for evacuation
[432.817s][info][gc,phases   ] GC(953)   Pre Evacuate Collection Set: 0.22ms
[432.817s][info][gc,phases   ] GC(953)   Merge Heap Roots: 0.17ms
[432.817s][info][gc,phases   ] GC(953)   Evacuate Collection Set: 30.63ms
[432.817s][info][gc,phases   ] GC(953)   Post Evacuate Collection Set: 0.47ms
[432.817s][info][gc,phases   ] GC(953)   Other: 0.11ms
[432.817s][info][gc,heap     ] GC(953) Eden regions: 179->0(161)
[432.817s][info][gc,heap     ] GC(953) Survivor regions: 24->26(26)
[432.817s][info][gc,heap     ] GC(953) Old regions: 110->133
[432.817s][info][gc,heap     ] GC(953) Humongous regions: 6->5
[432.817s][info][gc,metaspace] GC(953) Metaspace: 42984K(43328K)->42984K(43328K) NonClass: 40166K(40384K)->40166K(40384K) Class: 2817K(2944K)->2817K(2944K)
[432.817s][info][gc          ] GC(953) Pause Young (Prepare Mixed) (G1 Evacuation Pause) 319M->163M(460M) 31.795ms
[432.817s][info][gc,cpu      ] GC(953) User=0.07s Sys=0.00s Real=0.03s
[433.328s][info][gc,start    ] GC(954) Pause Young (Mixed) (G1 Evacuation Pause)
[433.328s][info][gc,task     ] GC(954) Using 2 workers of 2 for evacuation
[433.351s][info][gc,phases   ] GC(954)   Pre Evacuate Collection Set: 0.23ms
[433.351s][info][gc,phases   ] GC(954)   Merge Heap Roots: 0.16ms
[433.351s][info][gc,phases   ] GC(954)   Evacuate Collection Set: 21.56ms
[433.351s][info][gc,phases   ] GC(954)   Post Evacuate Collection Set: 0.45ms
[433.351s][info][gc,phases   ] GC(954)   Other: 0.09ms
[433.351s][info][gc,heap     ] GC(954) Eden regions: 161->0(180)
[433.351s][info][gc,heap     ] GC(954) Survivor regions: 26->9(24)
[433.351s][info][gc,heap     ] GC(954) Old regions: 133->137
[433.351s][info][gc,heap     ] GC(954) Humongous regions: 6->5
[433.351s][info][gc,metaspace] GC(954) Metaspace: 42984K(43328K)->42984K(43328K) NonClass: 40166K(40384K)->40166K(40384K) Class: 2817K(2944K)->2817K(2944K)
[433.351s][info][gc          ] GC(954) Pause Young (Mixed) (G1 Evacuation Pause) 325M->151M(460M) 22.715ms
[433.351s][info][gc,cpu      ] GC(954) User=0.04s Sys=0.00s Real=0.02s
[433.476s][info][gc,start    ] GC(955) Pause Young (Concurrent Start) (G1 Humongous Allocation)
[433.476s][info][gc,task     ] GC(955) Using 2 workers of 2 for evacuation
[433.486s][info][gc,phases   ] GC(955)   Pre Evacuate Collection Set: 0.23ms
[433.486s][info][gc,phases   ] GC(955)   Merge Heap Roots: 0.05ms
[433.486s][info][gc,phases   ] GC(955)   Evacuate Collection Set: 9.17ms
[433.486s][info][gc,phases   ] GC(955)   Post Evacuate Collection Set: 0.33ms
[433.486s][info][gc,phases   ] GC(955)   Other: 0.08ms
[433.486s][info][gc,heap     ] GC(955) Eden regions: 42->0(185)
[433.486s][info][gc,heap     ] GC(955) Survivor regions: 9->17(24)
[433.486s][info][gc,heap     ] GC(955) Old regions: 137->137
[433.486s][info][gc,heap     ] GC(955) Humongous regions: 5->5
[433.486s][info][gc,metaspace] GC(955) Metaspace: 42984K(43328K)->42984K(43328K) NonClass: 40166K(40384K)->40166K(40384K) Class: 2817K(2944K)->2817K(2944K)
[433.486s][info][gc          ] GC(955) Pause Young (Concurrent Start) (G1 Humongous Allocation) 192M->158M(460M) 10.107ms
[433.486s][info][gc,cpu      ] GC(955) User=0.02s Sys=0.00s Real=0.01s
[433.486s][info][gc          ] GC(956) Concurrent Mark Cycle
[433.486s][info][gc,marking  ] GC(956) Concurrent Scan Root Regions
[433.492s][info][gc,marking  ] GC(956) Concurrent Scan Root Regions 6.095ms
[433.492s][info][gc,marking  ] GC(956) Concurrent Mark
[433.492s][info][gc,marking  ] GC(956) Concurrent Mark From Roots
[433.492s][info][gc,task     ] GC(956) Using 1 workers of 1 for marking
[433.581s][info][gc,marking  ] GC(956) Concurrent Mark From Roots 88.464ms
[433.581s][info][gc,marking  ] GC(956) Concurrent Preclean
[433.581s][info][gc,marking  ] GC(956) Concurrent Preclean 0.051ms
[433.581s][info][gc,start    ] GC(956) Pause Remark
[433.596s][info][gc          ] GC(956) Pause Remark 184M->174M(460M) 14.519ms
[433.596s][info][gc,cpu      ] GC(956) User=0.03s Sys=0.00s Real=0.02s
[433.598s][info][gc,marking  ] GC(956) Concurrent Mark 105.759ms
[433.598s][info][gc,marking  ] GC(956) Concurrent Rebuild Remembered Sets and Scrub Regions
[433.634s][info][gc,marking  ] GC(956) Concurrent Rebuild Remembered Sets and Scrub Regions 35.467ms
[433.634s][info][gc,start    ] GC(956) Pause Cleanup
[433.634s][info][gc          ] GC(956) Pause Cleanup 184M->184M(460M) 0.064ms
[433.634s][info][gc,cpu      ] GC(956) User=0.00s Sys=0.00s Real=0.00s
[433.634s][info][gc,marking  ] GC(956) Concurrent Clear Claimed Marks
[433.634s][info][gc,marking  ] GC(956) Concurrent Clear Claimed Marks 0.037ms
[433.634s][info][gc,marking  ] GC(956) Concurrent Cleanup for Next Mark
[433.635s][info][gc,marking  ] GC(956) Concurrent Cleanup for Next Mark 1.299ms
[433.635s][info][gc          ] GC(956) Concurrent Mark Cycle 149.046ms
[434.109s][info][gc,start    ] GC(957) Pause Young (Prepare Mixed) (G1 Evacuation Pause)
[434.109s][info][gc,task     ] GC(957) Using 2 workers of 2 for evacuation
[434.127s][info][gc,phases   ] GC(957)   Pre Evacuate Collection Set: 0.33ms
[434.127s][info][gc,phases   ] GC(957)   Merge Heap Roots: 0.09ms
[434.127s][info][gc,phases   ] GC(957)   Evacuate Collection Set: 16.86ms
[434.127s][info][gc,phases   ] GC(957)   Post Evacuate Collection Set: 0.46ms
[434.127s][info][gc,phases   ] GC(957)   Other: 0.07ms
[434.127s][info][gc,heap     ] GC(957) Eden regions: 185->0(185)
[434.127s][info][gc,heap     ] GC(957) Survivor regions: 17->26(26)
[434.127s][info][gc,heap     ] GC(957) Old regions: 128->132
[434.127s][info][gc,heap     ] GC(957) Humongous regions: 7->5
[434.127s][info][gc,metaspace] GC(957) Metaspace: 42984K(43328K)->42984K(43328K) NonClass: 40166K(40384K)->40166K(40384K) Class: 2817K(2944K)->2817K(2944K)
[434.127s][info][gc          ] GC(957) Pause Young (Prepare Mixed) (G1 Evacuation Pause) 336M->163M(460M) 18.026ms
[434.127s][info][gc,cpu      ] GC(957) User=0.03s Sys=0.00s Real=0.02s
[434.642s][info][gc,start    ] GC(958) Pause Young (Mixed) (G1 Evacuation Pause)
[434.643s][info][gc,task     ] GC(958) Using 2 workers of 2 for evacuation
[434.670s][info][gc,phases   ] GC(958)   Pre Evacuate Collection Set: 0.25ms
[434.670s][info][gc,phases   ] GC(958)   Merge Heap Roots: 0.16ms
[434.670s][info][gc,phases   ] GC(958)   Evacuate Collection Set: 26.33ms
[434.670s][info][gc,phases   ] GC(958)   Post Evacuate Collection Set: 0.50ms
[434.670s][info][gc,phases   ] GC(958)   Other: 0.07ms
[434.670s][info][gc,heap     ] GC(958) Eden regions: 185->0(202)
[434.670s][info][gc,heap     ] GC(958) Survivor regions: 26->23(27)
[434.670s][info][gc,heap     ] GC(958) Old regions: 132->110
[434.670s][info][gc,heap     ] GC(958) Humongous regions: 7->5
[434.670s][info][gc,metaspace] GC(958) Metaspace: 42984K(43328K)->42984K(43328K) NonClass: 40166K(40384K)->40166K(40384K) Class: 2817K(2944K)->2817K(2944K)
[434.670s][info][gc          ] GC(958) Pause Young (Mixed) (G1 Evacuation Pause) 350M->138M(460M) 27.509ms
[434.670s][info][gc,cpu      ] GC(958) User=0.05s Sys=0.00s Real=0.02s
[435.243s][info][gc,start    ] GC(959) Pause Young (Concurrent Start) (G1 Evacuation Pause)
[435.243s][info][gc,task     ] GC(959) Using 2 workers of 2 for evacuation
[435.256s][info][gc,phases   ] GC(959)   Pre Evacuate Collection Set: 0.23ms
[435.256s][info][gc,phases   ] GC(959)   Merge Heap Roots: 0.11ms
[435.256s][info][gc,phases   ] GC(959)   Evacuate Collection Set: 12.79ms
[435.256s][info][gc,phases   ] GC(959)   Post Evacuate Collection Set: 0.47ms
[435.256s][info][gc,phases   ] GC(959)   Other: 0.11ms
[435.256s][info][gc,heap     ] GC(959) Eden regions: 202->0(217)
[435.256s][info][gc,heap     ] GC(959) Survivor regions: 23->2(29)
[435.257s][info][gc,heap     ] GC(959) Old regions: 110->132
[435.257s][info][gc,heap     ] GC(959) Humongous regions: 5->5
[435.257s][info][gc,metaspace] GC(959) Metaspace: 42984K(43328K)->42984K(43328K) NonClass: 40166K(40384K)->40166K(40384K) Class: 2817K(2944K)->2817K(2944K)
[435.257s][info][gc          ] GC(959) Pause Young (Concurrent Start) (G1 Evacuation Pause) 340M->138M(460M) 13.880ms
[435.257s][info][gc,cpu      ] GC(959) User=0.02s Sys=0.00s Real=0.01s
[435.257s][info][gc          ] GC(960) Concurrent Mark Cycle
[435.257s][info][gc,marking  ] GC(960) Concurrent Scan Root Regions
[435.268s][info][gc,marking  ] GC(960) Concurrent Scan Root Regions 11.348ms
[435.268s][info][gc,marking  ] GC(960) Concurrent Mark
[435.268s][info][gc,marking  ] GC(960) Concurrent Mark From Roots
[435.268s][info][gc,task     ] GC(960) Using 1 workers of 1 for marking
[435.360s][info][gc,marking  ] GC(960) Concurrent Mark From Roots 91.710ms
[435.360s][info][gc,marking  ] GC(960) Concurrent Preclean
[435.360s][info][gc,marking  ] GC(960) Concurrent Preclean 0.045ms
[435.360s][info][gc,start    ] GC(960) Pause Remark
[435.376s][info][gc          ] GC(960) Pause Remark 169M->149M(397M) 16.448ms
[435.376s][info][gc,cpu      ] GC(960) User=0.03s Sys=0.00s Real=0.02s
[435.377s][info][gc,marking  ] GC(960) Concurrent Mark 109.115ms
[435.377s][info][gc,marking  ] GC(960) Concurrent Rebuild Remembered Sets and Scrub Regions
[435.423s][info][gc,marking  ] GC(960) Concurrent Rebuild Remembered Sets and Scrub Regions 45.358ms
[435.423s][info][gc,start    ] GC(960) Pause Cleanup
[435.423s][info][gc          ] GC(960) Pause Cleanup 164M->164M(397M) 0.049ms
[435.423s][info][gc,cpu      ] GC(960) User=0.00s Sys=0.00s Real=0.00s
[435.423s][info][gc,marking  ] GC(960) Concurrent Clear Claimed Marks
[435.423s][info][gc,marking  ] GC(960) Concurrent Clear Claimed Marks 0.037ms
[435.423s][info][gc,marking  ] GC(960) Concurrent Cleanup for Next Mark
[435.424s][info][gc,marking  ] GC(960) Concurrent Cleanup for Next Mark 1.160ms
[435.424s][info][gc          ] GC(960) Concurrent Mark Cycle 167.407ms
[435.896s][info][gc,start    ] GC(961) Pause Young (Prepare Mixed) (G1 Evacuation Pause)
[435.896s][info][gc,task     ] GC(961) Using 2 workers of 2 for evacuation
[435.900s][info][gc,phases   ] GC(961)   Pre Evacuate Collection Set: 0.22ms
[435.900s][info][gc,phases   ] GC(961)   Merge Heap Roots: 0.07ms
[435.900s][info][gc,phases   ] GC(961)   Evacuate Collection Set: 3.44ms
[435.900s][info][gc,phases   ] GC(961)   Post Evacuate Collection Set: 0.45ms
[435.900s][info][gc,phases   ] GC(961)   Other: 0.07ms
[435.900s][info][gc,heap     ] GC(961) Eden regions: 217->0(201)
[435.900s][info][gc,heap     ] GC(961) Survivor regions: 2->4(28)
[435.900s][info][gc,heap     ] GC(961) Old regions: 113->113
[435.900s][info][gc,heap     ] GC(961) Humongous regions: 5->2
[435.900s][info][gc,metaspace] GC(961) Metaspace: 42984K(43328K)->42984K(43328K) NonClass: 40166K(40384K)->40166K(40384K) Class: 2817K(2944K)->2817K(2944K)
[435.900s][info][gc          ] GC(961) Pause Young (Prepare Mixed) (G1 Evacuation Pause) 336M->119M(397M) 4.411ms
[435.900s][info][gc,cpu      ] GC(961) User=0.01s Sys=0.00s Real=0.00s
[436.210s][info][gc,start    ] GC(962) Pause Young (Mixed) (G1 Evacuation Pause)
[436.210s][info][gc,task     ] GC(962) Using 2 workers of 2 for evacuation
[436.216s][info][gc,phases   ] GC(962)   Pre Evacuate Collection Set: 0.21ms
[436.216s][info][gc,phases   ] GC(962)   Merge Heap Roots: 0.09ms
[436.216s][info][gc,phases   ] GC(962)   Evacuate Collection Set: 5.42ms
[436.216s][info][gc,phases   ] GC(962)   Post Evacuate Collection Set: 0.45ms
[436.216s][info][gc,phases   ] GC(962)   Other: 0.08ms
[436.216s][info][gc,heap     ] GC(962) Eden regions: 201->0(212)
[436.216s][info][gc,heap     ] GC(962) Survivor regions: 4->6(26)
[436.216s][info][gc,heap     ] GC(962) Old regions: 113->108
[436.216s][info][gc,heap     ] GC(962) Humongous regions: 2->2
[436.216s][info][gc,metaspace] GC(962) Metaspace: 42984K(43328K)->42984K(43328K) NonClass: 40166K(40384K)->40166K(40384K) Class: 2817K(2944K)->2817K(2944K)
[436.216s][info][gc          ] GC(962) Pause Young (Mixed) (G1 Evacuation Pause) 320M->115M(397M) 6.449ms
[436.216s][info][gc,cpu      ] GC(962) User=0.01s Sys=0.00s Real=0.01s
[436.543s][info][gc,start    ] GC(963) Pause Young (Concurrent Start) (G1 Evacuation Pause)
[436.543s][info][gc,task     ] GC(963) Using 2 workers of 2 for evacuation
[436.548s][info][gc,phases   ] GC(963)   Pre Evacuate Collection Set: 0.21ms
[436.548s][info][gc,phases   ] GC(963)   Merge Heap Roots: 0.07ms
[436.548s][info][gc,phases   ] GC(963)   Evacuate Collection Set: 3.71ms
[436.548s][info][gc,phases   ] GC(963)   Post Evacuate Collection Set: 0.46ms
[436.548s][info][gc,phases   ] GC(963)   Other: 0.11ms
[436.548s][info][gc,heap     ] GC(963) Eden regions: 212->0(222)
[436.548s][info][gc,heap     ] GC(963) Survivor regions: 6->6(28)
[436.548s][info][gc,heap     ] GC(963) Old regions: 108->108
[436.548s][info][gc,heap     ] GC(963) Humongous regions: 2->2
[436.548s][info][gc,metaspace] GC(963) Metaspace: 42984K(43328K)->42984K(43328K) NonClass: 40166K(40384K)->40166K(40384K) Class: 2817K(2944K)->2817K(2944K)
[436.548s][info][gc          ] GC(963) Pause Young (Concurrent Start) (G1 Evacuation Pause) 327M->114M(397M) 4.747ms
[436.548s][info][gc,cpu      ] GC(963) User=0.01s Sys=0.00s Real=0.00s
[436.548s][info][gc          ] GC(964) Concurrent Mark Cycle
[436.548s][info][gc,marking  ] GC(964) Concurrent Scan Root Regions
[436.550s][info][gc,marking  ] GC(964) Concurrent Scan Root Regions 2.153ms
[436.550s][info][gc,marking  ] GC(964) Concurrent Mark
[436.550s][info][gc,marking  ] GC(964) Concurrent Mark From Roots
[436.550s][info][gc,task     ] GC(964) Using 1 workers of 1 for marking
[436.661s][info][gc,marking  ] GC(964) Concurrent Mark From Roots 111.560ms
[436.662s][info][gc,marking  ] GC(964) Concurrent Preclean
[436.662s][info][gc,marking  ] GC(964) Concurrent Preclean 0.040ms
[436.663s][info][gc,start    ] GC(964) Pause Remark
[436.679s][info][gc          ] GC(964) Pause Remark 158M->128M(294M) 16.054ms
[436.679s][info][gc,cpu      ] GC(964) User=0.03s Sys=0.00s Real=0.01s
[436.679s][info][gc,marking  ] GC(964) Concurrent Mark 128.747ms
[436.679s][info][gc,marking  ] GC(964) Concurrent Rebuild Remembered Sets and Scrub Regions
[436.736s][info][gc,marking  ] GC(964) Concurrent Rebuild Remembered Sets and Scrub Regions 57.372ms
[436.736s][info][gc,start    ] GC(964) Pause Cleanup
[436.736s][info][gc          ] GC(964) Pause Cleanup 145M->145M(294M) 0.055ms
[436.736s][info][gc,cpu      ] GC(964) User=0.00s Sys=0.00s Real=0.00s
[436.736s][info][gc,marking  ] GC(964) Concurrent Clear Claimed Marks
[436.736s][info][gc,marking  ] GC(964) Concurrent Clear Claimed Marks 0.037ms
[436.736s][info][gc,marking  ] GC(964) Concurrent Cleanup for Next Mark
[436.739s][info][gc,marking  ] GC(964) Concurrent Cleanup for Next Mark 2.592ms
[436.739s][info][gc          ] GC(964) Concurrent Mark Cycle 191.280ms
[437.171s][info][gc,start    ] GC(965) Pause Young (Prepare Mixed) (G1 Evacuation Pause)
[437.171s][info][gc,task     ] GC(965) Using 2 workers of 2 for evacuation
[437.183s][info][gc,phases   ] GC(965)   Pre Evacuate Collection Set: 0.25ms
[437.183s][info][gc,phases   ] GC(965)   Merge Heap Roots: 0.07ms
[437.183s][info][gc,phases   ] GC(965)   Evacuate Collection Set: 11.00ms
[437.183s][info][gc,phases   ] GC(965)   Post Evacuate Collection Set: 0.76ms
[437.183s][info][gc,phases   ] GC(965)   Other: 0.08ms
[437.183s][info][gc,heap     ] GC(965) Eden regions: 98->0(258)
[437.183s][info][gc,heap     ] GC(965) Survivor regions: 6->9(29)
[437.183s][info][gc,heap     ] GC(965) Old regions: 79->79
[437.183s][info][gc,heap     ] GC(965) Humongous regions: 253->3
[437.183s][info][gc,metaspace] GC(965) Metaspace: 42986K(43328K)->42986K(43328K) NonClass: 40168K(40384K)->40168K(40384K) Class: 2817K(2944K)->2817K(2944K)
[437.183s][info][gc          ] GC(965) Pause Young (Prepare Mixed) (G1 Evacuation Pause) 434M->90M(445M) 12.369ms
[437.183s][info][gc,cpu      ] GC(965) User=0.02s Sys=0.01s Real=0.02s
[437.834s][info][gc,start    ] GC(966) Pause Young (Mixed) (G1 Evacuation Pause)
[437.834s][info][gc,task     ] GC(966) Using 2 workers of 2 for evacuation
[437.860s][info][gc,phases   ] GC(966)   Pre Evacuate Collection Set: 0.32ms
[437.860s][info][gc,phases   ] GC(966)   Merge Heap Roots: 0.10ms
[437.860s][info][gc,phases   ] GC(966)   Evacuate Collection Set: 24.52ms
[437.860s][info][gc,phases   ] GC(966)   Post Evacuate Collection Set: 1.25ms
[437.860s][info][gc,phases   ] GC(966)   Other: 0.08ms
[437.860s][info][gc,heap     ] GC(966) Eden regions: 70->0(345)
[437.860s][info][gc,heap     ] GC(966) Survivor regions: 9->15(37)
[437.860s][info][gc,heap     ] GC(966) Old regions: 79->64
[437.860s][info][gc,heap     ] GC(966) Humongous regions: 423->3
[437.860s][info][gc,metaspace] GC(966) Metaspace: 42986K(43328K)->42986K(43328K) NonClass: 40168K(40384K)->40168K(40384K) Class: 2817K(2944K)->2817K(2944K)
[437.860s][info][gc          ] GC(966) Pause Young (Mixed) (G1 Evacuation Pause) 580M->81M(601M) 26.470ms
[437.860s][info][gc,cpu      ] GC(966) User=0.04s Sys=0.01s Real=0.02s
[437.990s][info][gc,start    ] GC(967) Pause Young (Concurrent Start) (G1 Humongous Allocation)
[437.990s][info][gc,task     ] GC(967) Using 2 workers of 2 for evacuation
[438.005s][info][gc,phases   ] GC(967)   Pre Evacuate Collection Set: 0.28ms
[438.005s][info][gc,phases   ] GC(967)   Merge Heap Roots: 0.06ms
[438.005s][info][gc,phases   ] GC(967)   Evacuate Collection Set: 14.29ms
[438.005s][info][gc,phases   ] GC(967)   Post Evacuate Collection Set: 0.41ms
[438.005s][info][gc,phases   ] GC(967)   Other: 0.09ms
[438.005s][info][gc,heap     ] GC(967) Eden regions: 18->0(342)
[438.005s][info][gc,heap     ] GC(967) Survivor regions: 15->18(45)
[438.005s][info][gc,heap     ] GC(967) Old regions: 64->64
[438.005s][info][gc,heap     ] GC(967) Humongous regions: 93->1
[438.005s][info][gc,metaspace] GC(967) Metaspace: 42986K(43328K)->42986K(43328K) NonClass: 40168K(40384K)->40168K(40384K) Class: 2817K(2944K)->2817K(2944K)
[438.005s][info][gc          ] GC(967) Pause Young (Concurrent Start) (G1 Humongous Allocation) 188M->81M(601M) 15.336ms
[438.006s][info][gc          ] GC(968) Concurrent Undo Cycle
[438.006s][info][gc,marking  ] GC(968) Concurrent Clear Claimed Marks
[438.006s][info][gc,marking  ] GC(968) Concurrent Clear Claimed Marks 0.037ms
[438.006s][info][gc,marking  ] GC(968) Concurrent Cleanup for Next Mark
[438.006s][info][gc,cpu      ] GC(967) User=0.03s Sys=0.00s Real=0.02s
[438.006s][info][gc,marking  ] GC(968) Concurrent Cleanup for Next Mark 0.244ms
[438.006s][info][gc          ] GC(968) Concurrent Undo Cycle 0.319ms
[438.011s][info][gc,start    ] GC(969) Pause Young (Concurrent Start) (G1 Humongous Allocation)
[438.011s][info][gc,task     ] GC(969) Using 2 workers of 2 for evacuation
[438.026s][info][gc,phases   ] GC(969)   Pre Evacuate Collection Set: 0.26ms
[438.026s][info][gc,phases   ] GC(969)   Merge Heap Roots: 0.05ms
[438.026s][info][gc,phases   ] GC(969)   Evacuate Collection Set: 13.82ms
[438.026s][info][gc,phases   ] GC(969)   Post Evacuate Collection Set: 0.30ms
[438.026s][info][gc,phases   ] GC(969)   Other: 0.09ms
[438.026s][info][gc,heap     ] GC(969) Eden regions: 1->0(342)
[438.026s][info][gc,heap     ] GC(969) Survivor regions: 18->18(45)
[438.026s][info][gc,heap     ] GC(969) Old regions: 64->64
[438.026s][info][gc,heap     ] GC(969) Humongous regions: 5->1
[438.026s][info][gc,metaspace] GC(969) Metaspace: 42986K(43328K)->42986K(43328K) NonClass: 40168K(40384K)->40168K(40384K) Class: 2817K(2944K)->2817K(2944K)
[438.026s][info][gc          ] GC(969) Pause Young (Concurrent Start) (G1 Humongous Allocation) 86M->82M(601M) 14.667ms
[438.026s][info][gc          ] GC(970) Concurrent Undo Cycle
[438.026s][info][gc,marking  ] GC(970) Concurrent Clear Claimed Marks
[438.026s][info][gc,marking  ] GC(970) Concurrent Clear Claimed Marks 0.040ms
[438.026s][info][gc,marking  ] GC(970) Concurrent Cleanup for Next Mark
[438.026s][info][gc,cpu      ] GC(969) User=0.02s Sys=0.00s Real=0.01s
[438.026s][info][gc,marking  ] GC(970) Concurrent Cleanup for Next Mark 0.159ms
[438.026s][info][gc          ] GC(970) Concurrent Undo Cycle 0.233ms
[438.044s][info][gc,start    ] GC(971) Pause Young (Concurrent Start) (G1 Humongous Allocation)
[438.044s][info][gc,task     ] GC(971) Using 2 workers of 2 for evacuation
[438.059s][info][gc,phases   ] GC(971)   Pre Evacuate Collection Set: 0.26ms
[438.059s][info][gc,phases   ] GC(971)   Merge Heap Roots: 0.05ms
[438.059s][info][gc,phases   ] GC(971)   Evacuate Collection Set: 14.22ms
[438.059s][info][gc,phases   ] GC(971)   Post Evacuate Collection Set: 0.31ms
[438.059s][info][gc,phases   ] GC(971)   Other: 0.10ms
[438.059s][info][gc,heap     ] GC(971) Eden regions: 2->0(342)
[438.059s][info][gc,heap     ] GC(971) Survivor regions: 18->18(45)
[438.059s][info][gc,heap     ] GC(971) Old regions: 64->64
[438.059s][info][gc,heap     ] GC(971) Humongous regions: 9->1
[438.059s][info][gc,metaspace] GC(971) Metaspace: 42986K(43328K)->42986K(43328K) NonClass: 40168K(40384K)->40168K(40384K) Class: 2817K(2944K)->2817K(2944K)
[438.059s][info][gc          ] GC(971) Pause Young (Concurrent Start) (G1 Humongous Allocation) 92M->82M(601M) 15.115ms
[438.059s][info][gc          ] GC(972) Concurrent Undo Cycle
[438.059s][info][gc,marking  ] GC(972) Concurrent Clear Claimed Marks
[438.060s][info][gc,marking  ] GC(972) Concurrent Clear Claimed Marks 0.039ms
[438.060s][info][gc,marking  ] GC(972) Concurrent Cleanup for Next Mark
[438.060s][info][gc,cpu      ] GC(971) User=0.03s Sys=0.00s Real=0.01s
[438.060s][info][gc,marking  ] GC(972) Concurrent Cleanup for Next Mark 0.219ms
[438.060s][info][gc          ] GC(972) Concurrent Undo Cycle 0.293ms
[438.078s][info][gc,start    ] GC(973) Pause Young (Concurrent Start) (G1 Humongous Allocation)
[438.078s][info][gc,task     ] GC(973) Using 2 workers of 2 for evacuation
[438.094s][info][gc,phases   ] GC(973)   Pre Evacuate Collection Set: 0.28ms
[438.094s][info][gc,phases   ] GC(973)   Merge Heap Roots: 0.05ms
[438.094s][info][gc,phases   ] GC(973)   Evacuate Collection Set: 14.39ms
[438.094s][info][gc,phases   ] GC(973)   Post Evacuate Collection Set: 0.61ms
[438.094s][info][gc,phases   ] GC(973)   Other: 0.11ms
[438.094s][info][gc,heap     ] GC(973) Eden regions: 2->0(341)
[438.094s][info][gc,heap     ] GC(973) Survivor regions: 18->19(45)
[438.094s][info][gc,heap     ] GC(973) Old regions: 64->64
[438.094s][info][gc,heap     ] GC(973) Humongous regions: 15->1
[438.094s][info][gc,metaspace] GC(973) Metaspace: 42986K(43328K)->42986K(43328K) NonClass: 40168K(40384K)->40168K(40384K) Class: 2817K(2944K)->2817K(2944K)
[438.094s][info][gc          ] GC(973) Pause Young (Concurrent Start) (G1 Humongous Allocation) 98M->82M(601M) 15.649ms
[438.094s][info][gc          ] GC(974) Concurrent Undo Cycle
[438.094s][info][gc,marking  ] GC(974) Concurrent Clear Claimed Marks
[438.094s][info][gc,marking  ] GC(974) Concurrent Clear Claimed Marks 0.034ms
[438.094s][info][gc,marking  ] GC(974) Concurrent Cleanup for Next Mark
[438.094s][info][gc,cpu      ] GC(973) User=0.03s Sys=0.00s Real=0.02s
[438.094s][info][gc,marking  ] GC(974) Concurrent Cleanup for Next Mark 0.201ms
[438.094s][info][gc          ] GC(974) Concurrent Undo Cycle 0.291ms
[438.120s][info][gc,start    ] GC(975) Pause Young (Concurrent Start) (G1 Humongous Allocation)
[438.120s][info][gc,task     ] GC(975) Using 2 workers of 2 for evacuation
[438.137s][info][gc,phases   ] GC(975)   Pre Evacuate Collection Set: 0.27ms
[438.137s][info][gc,phases   ] GC(975)   Merge Heap Roots: 0.06ms
[438.137s][info][gc,phases   ] GC(975)   Evacuate Collection Set: 14.35ms
[438.137s][info][gc,phases   ] GC(975)   Post Evacuate Collection Set: 1.79ms
[438.137s][info][gc,phases   ] GC(975)   Other: 0.13ms
[438.137s][info][gc,heap     ] GC(975) Eden regions: 3->0(432)
[438.137s][info][gc,heap     ] GC(975) Survivor regions: 19->19(45)
[438.137s][info][gc,heap     ] GC(975) Old regions: 64->64
[438.137s][info][gc,heap     ] GC(975) Humongous regions: 19->1
[438.137s][info][gc,metaspace] GC(975) Metaspace: 42986K(43328K)->42986K(43328K) NonClass: 40168K(40384K)->40168K(40384K) Class: 2817K(2944K)->2817K(2944K)
[438.137s][info][gc          ] GC(975) Pause Young (Concurrent Start) (G1 Humongous Allocation) 103M->82M(752M) 16.792ms
[438.137s][info][gc,cpu      ] GC(975) User=0.03s Sys=0.00s Real=0.02s
[438.137s][info][gc          ] GC(976) Concurrent Undo Cycle
[438.137s][info][gc,marking  ] GC(976) Concurrent Clear Claimed Marks
[438.137s][info][gc,marking  ] GC(976) Concurrent Clear Claimed Marks 0.038ms
[438.137s][info][gc,marking  ] GC(976) Concurrent Cleanup for Next Mark
[438.137s][info][gc,marking  ] GC(976) Concurrent Cleanup for Next Mark 0.234ms
[438.137s][info][gc          ] GC(976) Concurrent Undo Cycle 0.341ms
[438.251s][info][gc,start    ] GC(977) Pause Young (Concurrent Start) (G1 Humongous Allocation)
[438.251s][info][gc,task     ] GC(977) Using 2 workers of 2 for evacuation
[438.275s][info][gc,phases   ] GC(977)   Pre Evacuate Collection Set: 0.26ms
[438.276s][info][gc,phases   ] GC(977)   Merge Heap Roots: 0.05ms
[438.276s][info][gc,phases   ] GC(977)   Evacuate Collection Set: 23.53ms
[438.276s][info][gc,phases   ] GC(977)   Post Evacuate Collection Set: 0.40ms
[438.276s][info][gc,phases   ] GC(977)   Other: 0.16ms
[438.276s][info][gc,heap     ] GC(977) Eden regions: 16->0(430)
[438.276s][info][gc,heap     ] GC(977) Survivor regions: 19->21(57)
[438.276s][info][gc,heap     ] GC(977) Old regions: 64->64
[438.276s][info][gc,heap     ] GC(977) Humongous regions: 75->1
[438.276s][info][gc,metaspace] GC(977) Metaspace: 42986K(43328K)->42986K(43328K) NonClass: 40168K(40384K)->40168K(40384K) Class: 2817K(2944K)->2817K(2944K)
[438.276s][info][gc          ] GC(977) Pause Young (Concurrent Start) (G1 Humongous Allocation) 172M->85M(752M) 24.601ms
[438.276s][info][gc,cpu      ] GC(977) User=0.03s Sys=0.02s Real=0.03s
[438.276s][info][gc          ] GC(978) Concurrent Undo Cycle
[438.276s][info][gc,marking  ] GC(978) Concurrent Clear Claimed Marks
[438.276s][info][gc,marking  ] GC(978) Concurrent Clear Claimed Marks 0.039ms
[438.276s][info][gc,marking  ] GC(978) Concurrent Cleanup for Next Mark
[438.276s][info][gc,marking  ] GC(978) Concurrent Cleanup for Next Mark 0.213ms
[438.276s][info][gc          ] GC(978) Concurrent Undo Cycle 0.347ms
[438.391s][info][gc,start    ] GC(979) Pause Young (Concurrent Start) (G1 Humongous Allocation)
[438.392s][info][gc,task     ] GC(979) Using 2 workers of 2 for evacuation
[438.420s][info][gc,phases   ] GC(979)   Pre Evacuate Collection Set: 0.27ms
[438.420s][info][gc,phases   ] GC(979)   Merge Heap Roots: 0.05ms
[438.420s][info][gc,phases   ] GC(979)   Evacuate Collection Set: 27.52ms
[438.420s][info][gc,phases   ] GC(979)   Post Evacuate Collection Set: 0.39ms
[438.420s][info][gc,phases   ] GC(979)   Other: 0.15ms
[438.420s][info][gc,heap     ] GC(979) Eden regions: 16->0(427)
[438.420s][info][gc,heap     ] GC(979) Survivor regions: 21->24(57)
[438.420s][info][gc,heap     ] GC(979) Old regions: 64->64
[438.420s][info][gc,heap     ] GC(979) Humongous regions: 79->1
[438.420s][info][gc,metaspace] GC(979) Metaspace: 42986K(43328K)->42986K(43328K) NonClass: 40168K(40384K)->40168K(40384K) Class: 2817K(2944K)->2817K(2944K)
[438.420s][info][gc          ] GC(979) Pause Young (Concurrent Start) (G1 Humongous Allocation) 178M->87M(752M) 28.589ms
[438.420s][info][gc,cpu      ] GC(979) User=0.04s Sys=0.02s Real=0.02s
[438.420s][info][gc          ] GC(980) Concurrent Undo Cycle
[438.420s][info][gc,marking  ] GC(980) Concurrent Clear Claimed Marks
[438.420s][info][gc,marking  ] GC(980) Concurrent Clear Claimed Marks 0.038ms
[438.420s][info][gc,marking  ] GC(980) Concurrent Cleanup for Next Mark
[438.420s][info][gc,marking  ] GC(980) Concurrent Cleanup for Next Mark 0.205ms
[438.420s][info][gc          ] GC(980) Concurrent Undo Cycle 0.282ms
[438.547s][info][gc,start    ] GC(981) Pause Young (Concurrent Start) (G1 Humongous Allocation)
[438.547s][info][gc,task     ] GC(981) Using 2 workers of 2 for evacuation
[438.573s][info][gc,phases   ] GC(981)   Pre Evacuate Collection Set: 0.31ms
[438.573s][info][gc,phases   ] GC(981)   Merge Heap Roots: 0.06ms
[438.573s][info][gc,phases   ] GC(981)   Evacuate Collection Set: 24.26ms
[438.573s][info][gc,phases   ] GC(981)   Post Evacuate Collection Set: 0.39ms
[438.573s][info][gc,phases   ] GC(981)   Other: 0.12ms
[438.573s][info][gc,heap     ] GC(981) Eden regions: 18->0(424)
[438.573s][info][gc,heap     ] GC(981) Survivor regions: 24->27(57)
[438.573s][info][gc,heap     ] GC(981) Old regions: 64->64
[438.573s][info][gc,heap     ] GC(981) Humongous regions: 83->1
[438.573s][info][gc,metaspace] GC(981) Metaspace: 42986K(43328K)->42986K(43328K) NonClass: 40168K(40384K)->40168K(40384K) Class: 2817K(2944K)->2817K(2944K)
[438.573s][info][gc          ] GC(981) Pause Young (Concurrent Start) (G1 Humongous Allocation) 187M->90M(752M) 25.361ms
[438.573s][info][gc,cpu      ] GC(981) User=0.05s Sys=0.01s Real=0.03s
[438.573s][info][gc          ] GC(982) Concurrent Undo Cycle
[438.573s][info][gc,marking  ] GC(982) Concurrent Clear Claimed Marks
[438.573s][info][gc,marking  ] GC(982) Concurrent Clear Claimed Marks 0.036ms
[438.573s][info][gc,marking  ] GC(982) Concurrent Cleanup for Next Mark
[438.575s][info][gc,marking  ] GC(982) Concurrent Cleanup for Next Mark 2.298ms
[438.575s][info][gc          ] GC(982) Concurrent Undo Cycle 2.372ms
[438.717s][info][gc,start    ] GC(983) Pause Young (Concurrent Start) (G1 Humongous Allocation)
[438.717s][info][gc,task     ] GC(983) Using 2 workers of 2 for evacuation
[438.747s][info][gc,phases   ] GC(983)   Pre Evacuate Collection Set: 0.28ms
[438.747s][info][gc,phases   ] GC(983)   Merge Heap Roots: 0.06ms
[438.747s][info][gc,phases   ] GC(983)   Evacuate Collection Set: 28.42ms
[438.747s][info][gc,phases   ] GC(983)   Post Evacuate Collection Set: 0.92ms
[438.747s][info][gc,phases   ] GC(983)   Other: 0.11ms
[438.747s][info][gc,heap     ] GC(983) Eden regions: 21->0(455)
[438.747s][info][gc,heap     ] GC(983) Survivor regions: 27->30(57)
[438.747s][info][gc,heap     ] GC(983) Old regions: 64->64
[438.747s][info][gc,heap     ] GC(983) Humongous regions: 87->1
[438.747s][info][gc,metaspace] GC(983) Metaspace: 42989K(43328K)->42989K(43328K) NonClass: 40171K(40384K)->40171K(40384K) Class: 2817K(2944K)->2817K(2944K)
[438.747s][info][gc          ] GC(983) Pause Young (Concurrent Start) (G1 Humongous Allocation) 196M->93M(809M) 30.043ms
[438.747s][info][gc          ] GC(984) Concurrent Undo Cycle
[438.747s][info][gc,marking  ] GC(984) Concurrent Clear Claimed Marks
[438.747s][info][gc,marking  ] GC(984) Concurrent Clear Claimed Marks 0.038ms
[438.747s][info][gc,marking  ] GC(984) Concurrent Cleanup for Next Mark
[438.747s][info][gc,cpu      ] GC(983) User=0.05s Sys=0.01s Real=0.03s
[438.748s][info][gc,marking  ] GC(984) Concurrent Cleanup for Next Mark 0.986ms
[438.748s][info][gc          ] GC(984) Concurrent Undo Cycle 1.067ms
[438.886s][info][gc,start    ] GC(985) Pause Young (Concurrent Start) (G1 Humongous Allocation)
[438.886s][info][gc,task     ] GC(985) Using 2 workers of 2 for evacuation
[438.921s][info][gc,phases   ] GC(985)   Pre Evacuate Collection Set: 0.32ms
[438.921s][info][gc,phases   ] GC(985)   Merge Heap Roots: 0.06ms
[438.921s][info][gc,phases   ] GC(985)   Evacuate Collection Set: 34.34ms
[438.921s][info][gc,phases   ] GC(985)   Post Evacuate Collection Set: 0.42ms
[438.921s][info][gc,phases   ] GC(985)   Other: 0.11ms
[438.921s][info][gc,heap     ] GC(985) Eden regions: 16->0(456)
[438.921s][info][gc,heap     ] GC(985) Survivor regions: 30->29(61)
[438.921s][info][gc,heap     ] GC(985) Old regions: 64->64
[438.921s][info][gc,heap     ] GC(985) Humongous regions: 111->1
[438.921s][info][gc,metaspace] GC(985) Metaspace: 42989K(43328K)->42989K(43328K) NonClass: 40171K(40384K)->40171K(40384K) Class: 2817K(2944K)->2817K(2944K)
[438.921s][info][gc          ] GC(985) Pause Young (Concurrent Start) (G1 Humongous Allocation) 219M->93M(809M) 35.472ms
[438.921s][info][gc          ] GC(986) Concurrent Undo Cycle
[438.921s][info][gc,marking  ] GC(986) Concurrent Clear Claimed Marks
[438.921s][info][gc,marking  ] GC(986) Concurrent Clear Claimed Marks 0.037ms
[438.921s][info][gc,marking  ] GC(986) Concurrent Cleanup for Next Mark
[438.921s][info][gc,cpu      ] GC(985) User=0.05s Sys=0.02s Real=0.04s
[438.921s][info][gc,marking  ] GC(986) Concurrent Cleanup for Next Mark 0.227ms
[438.921s][info][gc          ] GC(986) Concurrent Undo Cycle 0.303ms
[439.296s][info][gc,start    ] GC(987) Pause Young (Concurrent Start) (G1 Humongous Allocation)
[439.296s][info][gc,task     ] GC(987) Using 2 workers of 2 for evacuation
[439.304s][info][gc,phases   ] GC(987)   Pre Evacuate Collection Set: 0.32ms
[439.304s][info][gc,phases   ] GC(987)   Merge Heap Roots: 0.08ms
[439.304s][info][gc,phases   ] GC(987)   Evacuate Collection Set: 7.21ms
[439.304s][info][gc,phases   ] GC(987)   Post Evacuate Collection Set: 0.78ms
[439.304s][info][gc,phases   ] GC(987)   Other: 0.14ms
[439.304s][info][gc,heap     ] GC(987) Eden regions: 75->0(476)
[439.304s][info][gc,heap     ] GC(987) Survivor regions: 29->9(61)
[439.304s][info][gc,heap     ] GC(987) Old regions: 64->65
[439.304s][info][gc,heap     ] GC(987) Humongous regions: 115->1
[439.304s][info][gc,metaspace] GC(987) Metaspace: 42989K(43328K)->42989K(43328K) NonClass: 40172K(40384K)->40172K(40384K) Class: 2817K(2944K)->2817K(2944K)
[439.304s][info][gc          ] GC(987) Pause Young (Concurrent Start) (G1 Humongous Allocation) 281M->73M(809M) 8.712ms
[439.304s][info][gc,cpu      ] GC(987) User=0.02s Sys=0.00s Real=0.01s
[439.304s][info][gc          ] GC(988) Concurrent Undo Cycle
[439.305s][info][gc,marking  ] GC(988) Concurrent Clear Claimed Marks
[439.305s][info][gc,marking  ] GC(988) Concurrent Clear Claimed Marks 0.037ms
[439.305s][info][gc,marking  ] GC(988) Concurrent Cleanup for Next Mark
[439.305s][info][gc,marking  ] GC(988) Concurrent Cleanup for Next Mark 0.169ms
[439.305s][info][gc          ] GC(988) Concurrent Undo Cycle 0.285ms
[440.440s][info][gc,start    ] GC(989) Pause Young (Normal) (G1 Evacuation Pause)
[440.440s][info][gc,task     ] GC(989) Using 2 workers of 2 for evacuation
[440.449s][info][gc,phases   ] GC(989)   Pre Evacuate Collection Set: 0.29ms
[440.450s][info][gc,phases   ] GC(989)   Merge Heap Roots: 0.13ms
[440.450s][info][gc,phases   ] GC(989)   Evacuate Collection Set: 8.45ms
[440.450s][info][gc,phases   ] GC(989)   Post Evacuate Collection Set: 0.68ms
[440.450s][info][gc,phases   ] GC(989)   Other: 0.10ms
[440.450s][info][gc,heap     ] GC(989) Eden regions: 476->0(473)
[440.450s][info][gc,heap     ] GC(989) Survivor regions: 9->12(61)
[440.450s][info][gc,heap     ] GC(989) Old regions: 65->65
[440.450s][info][gc,heap     ] GC(989) Humongous regions: 35->1
[440.450s][info][gc,metaspace] GC(989) Metaspace: 42990K(43328K)->42990K(43328K) NonClass: 40172K(40384K)->40172K(40384K) Class: 2817K(2944K)->2817K(2944K)
[440.450s][info][gc          ] GC(989) Pause Young (Normal) (G1 Evacuation Pause) 583M->76M(809M) 9.864ms
[440.450s][info][gc,cpu      ] GC(989) User=0.02s Sys=0.00s Real=0.01s
[441.443s][info][gc,start    ] GC(990) Pause Young (Normal) (G1 Evacuation Pause)
[441.443s][info][gc,task     ] GC(990) Using 2 workers of 2 for evacuation
[441.456s][info][gc,phases   ] GC(990)   Pre Evacuate Collection Set: 0.42ms
[441.456s][info][gc,phases   ] GC(990)   Merge Heap Roots: 0.10ms
[441.456s][info][gc,phases   ] GC(990)   Evacuate Collection Set: 10.78ms
[441.456s][info][gc,phases   ] GC(990)   Post Evacuate Collection Set: 1.33ms
[441.456s][info][gc,phases   ] GC(990)   Other: 0.08ms
[441.456s][info][gc,heap     ] GC(990) Eden regions: 473->0(472)
[441.456s][info][gc,heap     ] GC(990) Survivor regions: 12->13(61)
[441.456s][info][gc,heap     ] GC(990) Old regions: 65->65
[441.456s][info][gc,heap     ] GC(990) Humongous regions: 1->1
[441.456s][info][gc,metaspace] GC(990) Metaspace: 42991K(43328K)->42991K(43328K) NonClass: 40173K(40384K)->40173K(40384K) Class: 2817K(2944K)->2817K(2944K)
[441.456s][info][gc          ] GC(990) Pause Young (Normal) (G1 Evacuation Pause) 549M->77M(809M) 12.940ms
[441.456s][info][gc,cpu      ] GC(990) User=0.03s Sys=0.00s Real=0.01s
[443.038s][info][gc,start    ] GC(991) Pause Young (Normal) (G1 Evacuation Pause)
[443.039s][info][gc,task     ] GC(991) Using 2 workers of 2 for evacuation
[443.045s][info][gc,phases   ] GC(991)   Pre Evacuate Collection Set: 0.30ms
[443.045s][info][gc,phases   ] GC(991)   Merge Heap Roots: 0.13ms
[443.045s][info][gc,phases   ] GC(991)   Evacuate Collection Set: 4.82ms
[443.045s][info][gc,phases   ] GC(991)   Post Evacuate Collection Set: 0.81ms
[443.045s][info][gc,phases   ] GC(991)   Other: 0.09ms
[443.045s][info][gc,heap     ] GC(991) Eden regions: 472->0(481)
[443.045s][info][gc,heap     ] GC(991) Survivor regions: 13->4(61)
[443.045s][info][gc,heap     ] GC(991) Old regions: 65->65
[443.045s][info][gc,heap     ] GC(991) Humongous regions: 3->1
[443.045s][info][gc,metaspace] GC(991) Metaspace: 42994K(43328K)->42994K(43328K) NonClass: 40176K(40384K)->40176K(40384K) Class: 2818K(2944K)->2818K(2944K)
[443.045s][info][gc          ] GC(991) Pause Young (Normal) (G1 Evacuation Pause) 551M->69M(809M) 6.323ms
[443.045s][info][gc,cpu      ] GC(991) User=0.01s Sys=0.01s Real=0.01s
[444.498s][info][gc,start    ] GC(992) Pause Young (Normal) (G1 Evacuation Pause)
[444.498s][info][gc,task     ] GC(992) Using 2 workers of 2 for evacuation
[444.634s][info][gc,phases   ] GC(992)   Pre Evacuate Collection Set: 0.31ms
[444.634s][info][gc,phases   ] GC(992)   Merge Heap Roots: 0.18ms
[444.634s][info][gc,phases   ] GC(992)   Evacuate Collection Set: 133.49ms
[444.634s][info][gc,phases   ] GC(992)   Post Evacuate Collection Set: 2.21ms
[444.634s][info][gc,phases   ] GC(992)   Other: 0.09ms
[444.634s][info][gc,heap     ] GC(992) Eden regions: 481->0(432)
[444.634s][info][gc,heap     ] GC(992) Survivor regions: 4->53(61)
[444.634s][info][gc,heap     ] GC(992) Old regions: 65->66
[444.634s][info][gc,heap     ] GC(992) Humongous regions: 14->6
[444.634s][info][gc,metaspace] GC(992) Metaspace: 43000K(43328K)->43000K(43328K) NonClass: 40181K(40384K)->40181K(40384K) Class: 2818K(2944K)->2818K(2944K)
[444.634s][info][gc          ] GC(992) Pause Young (Normal) (G1 Evacuation Pause) 563M->123M(809M) 136.492ms
[444.634s][info][gc,cpu      ] GC(992) User=0.14s Sys=0.00s Real=0.14s
[448.328s][info][gc,start    ] GC(993) Pause Young (Normal) (G1 Evacuation Pause)
[448.328s][info][gc,task     ] GC(993) Using 2 workers of 2 for evacuation
[448.380s][info][gc,phases   ] GC(993)   Pre Evacuate Collection Set: 0.44ms
[448.380s][info][gc,phases   ] GC(993)   Merge Heap Roots: 0.21ms
[448.380s][info][gc,phases   ] GC(993)   Evacuate Collection Set: 50.83ms
[448.380s][info][gc,phases   ] GC(993)   Post Evacuate Collection Set: 0.77ms
[448.380s][info][gc,phases   ] GC(993)   Other: 0.08ms
[448.380s][info][gc,heap     ] GC(993) Eden regions: 432->0(460)
[448.380s][info][gc,heap     ] GC(993) Survivor regions: 53->25(61)
[448.380s][info][gc,heap     ] GC(993) Old regions: 66->102
[448.380s][info][gc,heap     ] GC(993) Humongous regions: 13->8
[448.380s][info][gc,metaspace] GC(993) Metaspace: 43000K(43328K)->43000K(43328K) NonClass: 40181K(40384K)->40181K(40384K) Class: 2818K(2944K)->2818K(2944K)
[448.380s][info][gc          ] GC(993) Pause Young (Normal) (G1 Evacuation Pause) 562M->134M(809M) 52.539ms
[448.380s][info][gc,cpu      ] GC(993) User=0.10s Sys=0.00s Real=0.05s
[449.624s][info][gc,start    ] GC(994) Pause Young (Normal) (G1 Evacuation Pause)
[449.624s][info][gc,task     ] GC(994) Using 2 workers of 2 for evacuation
[449.678s][info][gc,phases   ] GC(994)   Pre Evacuate Collection Set: 0.28ms
[449.678s][info][gc,phases   ] GC(994)   Merge Heap Roots: 0.19ms
[449.679s][info][gc,phases   ] GC(994)   Evacuate Collection Set: 53.59ms
[449.679s][info][gc,phases   ] GC(994)   Post Evacuate Collection Set: 0.74ms
[449.679s][info][gc,phases   ] GC(994)   Other: 0.08ms
[449.679s][info][gc,heap     ] GC(994) Eden regions: 460->0(426)
[449.679s][info][gc,heap     ] GC(994) Survivor regions: 25->59(61)
[449.679s][info][gc,heap     ] GC(994) Old regions: 102->102
[449.679s][info][gc,heap     ] GC(994) Humongous regions: 11->11
[449.679s][info][gc,metaspace] GC(994) Metaspace: 43001K(43328K)->43001K(43328K) NonClass: 40182K(40384K)->40182K(40384K) Class: 2818K(2944K)->2818K(2944K)
[449.679s][info][gc          ] GC(994) Pause Young (Normal) (G1 Evacuation Pause) 597M->171M(809M) 55.085ms
[449.679s][info][gc,cpu      ] GC(994) User=0.11s Sys=0.00s Real=0.05s
[450.728s][info][gc,start    ] GC(995) Pause Young (Normal) (G1 Evacuation Pause)
[450.728s][info][gc,task     ] GC(995) Using 2 workers of 2 for evacuation
[450.848s][info][gc,phases   ] GC(995)   Pre Evacuate Collection Set: 0.27ms
[450.848s][info][gc,phases   ] GC(995)   Merge Heap Roots: 0.23ms
[450.848s][info][gc,phases   ] GC(995)   Evacuate Collection Set: 118.29ms
[450.848s][info][gc,phases   ] GC(995)   Post Evacuate Collection Set: 0.72ms
[450.848s][info][gc,phases   ] GC(995)   Other: 0.08ms
[450.848s][info][gc,heap     ] GC(995) Eden regions: 426->0(436)
[450.848s][info][gc,heap     ] GC(995) Survivor regions: 59->49(61)
[450.848s][info][gc,heap     ] GC(995) Old regions: 102->161
[450.848s][info][gc,heap     ] GC(995) Humongous regions: 17->17
[450.848s][info][gc,metaspace] GC(995) Metaspace: 43001K(43328K)->43001K(43328K) NonClass: 40182K(40384K)->40182K(40384K) Class: 2818K(2944K)->2818K(2944K)
[450.848s][info][gc          ] GC(995) Pause Young (Normal) (G1 Evacuation Pause) 603M->225M(809M) 119.835ms
[450.848s][info][gc,cpu      ] GC(995) User=0.24s Sys=0.00s Real=0.12s
[453.526s][info][gc,start    ] GC(996) Pause Young (Normal) (G1 Evacuation Pause)
[453.526s][info][gc,task     ] GC(996) Using 2 workers of 2 for evacuation
[453.599s][info][gc,phases   ] GC(996)   Pre Evacuate Collection Set: 0.28ms
[453.599s][info][gc,phases   ] GC(996)   Merge Heap Roots: 0.22ms
[453.599s][info][gc,phases   ] GC(996)   Evacuate Collection Set: 71.80ms
[453.599s][info][gc,phases   ] GC(996)   Post Evacuate Collection Set: 1.02ms
[453.599s][info][gc,phases   ] GC(996)   Other: 0.08ms
[453.599s][info][gc,heap     ] GC(996) Eden regions: 436->0(487)
[453.599s][info][gc,heap     ] GC(996) Survivor regions: 49->15(61)
[453.599s][info][gc,heap     ] GC(996) Old regions: 161->210
[453.599s][info][gc,heap     ] GC(996) Humongous regions: 25->23
[453.599s][info][gc,metaspace] GC(996) Metaspace: 43001K(43328K)->43001K(43328K) NonClass: 40182K(40384K)->40182K(40384K) Class: 2818K(2944K)->2818K(2944K)
[453.599s][info][gc          ] GC(996) Pause Young (Normal) (G1 Evacuation Pause) 669M->246M(837M) 73.606ms
[453.600s][info][gc,cpu      ] GC(996) User=0.14s Sys=0.01s Real=0.07s
[455.407s][info][gc,start    ] GC(997) Pause Young (Concurrent Start) (G1 Humongous Allocation)
[455.407s][info][gc,task     ] GC(997) Using 2 workers of 2 for evacuation
[455.420s][info][gc,phases   ] GC(997)   Pre Evacuate Collection Set: 0.33ms
[455.420s][info][gc,phases   ] GC(997)   Merge Heap Roots: 0.12ms
[455.420s][info][gc,phases   ] GC(997)   Evacuate Collection Set: 12.61ms
[455.420s][info][gc,phases   ] GC(997)   Post Evacuate Collection Set: 0.56ms
[455.420s][info][gc,phases   ] GC(997)   Other: 0.08ms
[455.420s][info][gc,heap     ] GC(997) Eden regions: 327->0(489)
[455.420s][info][gc,heap     ] GC(997) Survivor regions: 15->13(63)
[455.420s][info][gc,heap     ] GC(997) Old regions: 210->210
[455.420s][info][gc,heap     ] GC(997) Humongous regions: 23->23
[455.421s][info][gc,metaspace] GC(997) Metaspace: 43001K(43328K)->43001K(43328K) NonClass: 40182K(40384K)->40182K(40384K) Class: 2818K(2944K)->2818K(2944K)
[455.421s][info][gc          ] GC(997) Pause Young (Concurrent Start) (G1 Humongous Allocation) 573M->244M(837M) 13.869ms
[455.421s][info][gc,cpu      ] GC(997) User=0.02s Sys=0.00s Real=0.01s
[455.421s][info][gc          ] GC(998) Concurrent Mark Cycle
[455.421s][info][gc,marking  ] GC(998) Concurrent Scan Root Regions
[455.426s][info][gc,marking  ] GC(998) Concurrent Scan Root Regions 5.169ms
[455.426s][info][gc,marking  ] GC(998) Concurrent Mark
[455.426s][info][gc,marking  ] GC(998) Concurrent Mark From Roots
[455.426s][info][gc,task     ] GC(998) Using 1 workers of 1 for marking
[455.457s][info][gc,marking  ] GC(998) Concurrent Mark From Roots 31.498ms
[455.457s][info][gc,marking  ] GC(998) Concurrent Preclean
[455.458s][info][gc,marking  ] GC(998) Concurrent Preclean 0.192ms
[455.458s][info][gc,start    ] GC(998) Pause Remark
[455.473s][info][gc          ] GC(998) Pause Remark 254M->78M(256M) 15.508ms
[455.473s][info][gc,cpu      ] GC(998) User=0.03s Sys=0.00s Real=0.02s
[455.473s][info][gc,marking  ] GC(998) Concurrent Mark 47.365ms
[455.473s][info][gc,marking  ] GC(998) Concurrent Rebuild Remembered Sets and Scrub Regions
[455.494s][info][gc,marking  ] GC(998) Concurrent Rebuild Remembered Sets and Scrub Regions 20.502ms
[455.494s][info][gc,start    ] GC(998) Pause Cleanup
[455.494s][info][gc          ] GC(998) Pause Cleanup 82M->82M(256M) 0.041ms
[455.494s][info][gc,cpu      ] GC(998) User=0.00s Sys=0.00s Real=0.00s
[455.494s][info][gc,marking  ] GC(998) Concurrent Clear Claimed Marks
[455.494s][info][gc,marking  ] GC(998) Concurrent Clear Claimed Marks 0.033ms
[455.494s][info][gc,marking  ] GC(998) Concurrent Cleanup for Next Mark
[455.495s][info][gc,marking  ] GC(998) Concurrent Cleanup for Next Mark 0.881ms
[455.495s][info][gc          ] GC(998) Concurrent Mark Cycle 74.273ms
[456.190s][info][gc,start    ] GC(999) Pause Young (Prepare Mixed) (G1 Evacuation Pause)
[456.190s][info][gc,task     ] GC(999) Using 2 workers of 2 for evacuation
[456.197s][info][gc,phases   ] GC(999)   Pre Evacuate Collection Set: 0.18ms
[456.197s][info][gc,phases   ] GC(999)   Merge Heap Roots: 0.09ms
[456.197s][info][gc,phases   ] GC(999)   Evacuate Collection Set: 6.00ms
[456.197s][info][gc,phases   ] GC(999)   Post Evacuate Collection Set: 0.41ms
[456.197s][info][gc,phases   ] GC(999)   Other: 0.06ms
[456.197s][info][gc,heap     ] GC(999) Eden regions: 140->0(150)
[456.197s][info][gc,heap     ] GC(999) Survivor regions: 13->3(20)
[456.197s][info][gc,heap     ] GC(999) Old regions: 56->64
[456.197s][info][gc,heap     ] GC(999) Humongous regions: 2->1
[456.197s][info][gc,metaspace] GC(999) Metaspace: 43001K(43328K)->43001K(43328K) NonClass: 40182K(40384K)->40182K(40384K) Class: 2818K(2944K)->2818K(2944K)
[456.197s][info][gc          ] GC(999) Pause Young (Prepare Mixed) (G1 Evacuation Pause) 210M->66M(256M) 6.927ms
[456.197s][info][gc,cpu      ] GC(999) User=0.01s Sys=0.00s Real=0.01s
[456.943s][info][gc,start    ] GC(1000) Pause Young (Mixed) (G1 Evacuation Pause)
[456.943s][info][gc,task     ] GC(1000) Using 2 workers of 2 for evacuation
[456.962s][info][gc,phases   ] GC(1000)   Pre Evacuate Collection Set: 0.22ms
[456.962s][info][gc,phases   ] GC(1000)   Merge Heap Roots: 0.08ms
[456.962s][info][gc,phases   ] GC(1000)   Evacuate Collection Set: 17.69ms
[456.962s][info][gc,phases   ] GC(1000)   Post Evacuate Collection Set: 0.42ms
[456.962s][info][gc,phases   ] GC(1000)   Other: 0.07ms
[456.962s][info][gc,heap     ] GC(1000) Eden regions: 150->0(134)
[456.962s][info][gc,heap     ] GC(1000) Survivor regions: 3->19(20)
[456.962s][info][gc,heap     ] GC(1000) Old regions: 64->58
[456.962s][info][gc,heap     ] GC(1000) Humongous regions: 1->1
[456.962s][info][gc,metaspace] GC(1000) Metaspace: 43001K(43328K)->43001K(43328K) NonClass: 40182K(40384K)->40182K(40384K) Class: 2818K(2944K)->2818K(2944K)
[456.962s][info][gc          ] GC(1000) Pause Young (Mixed) (G1 Evacuation Pause) 216M->76M(256M) 18.666ms
[456.962s][info][gc,cpu      ] GC(1000) User=0.04s Sys=0.00s Real=0.02s
[456.991s][info][gc,start    ] GC(1001) Pause Young (Concurrent Start) (G1 Humongous Allocation)
[456.991s][info][gc,task     ] GC(1001) Using 2 workers of 2 for evacuation
[457.006s][info][gc,phases   ] GC(1001)   Pre Evacuate Collection Set: 0.15ms
[457.006s][info][gc,phases   ] GC(1001)   Merge Heap Roots: 0.04ms
[457.006s][info][gc,phases   ] GC(1001)   Evacuate Collection Set: 14.20ms
[457.006s][info][gc,phases   ] GC(1001)   Post Evacuate Collection Set: 0.34ms
[457.006s][info][gc,phases   ] GC(1001)   Other: 0.09ms
[457.006s][info][gc,heap     ] GC(1001) Eden regions: 6->0(80)
[457.006s][info][gc,heap     ] GC(1001) Survivor regions: 19->2(20)
[457.006s][info][gc,heap     ] GC(1001) Old regions: 58->76
[457.006s][info][gc,heap     ] GC(1001) Humongous regions: 1->1
[457.006s][info][gc,metaspace] GC(1001) Metaspace: 43001K(43328K)->43001K(43328K) NonClass: 40183K(40384K)->40183K(40384K) Class: 2818K(2944K)->2818K(2944K)
[457.006s][info][gc          ] GC(1001) Pause Young (Concurrent Start) (G1 Humongous Allocation) 81M->78M(256M) 14.976ms
[457.006s][info][gc,cpu      ] GC(1001) User=0.03s Sys=0.00s Real=0.02s
[457.006s][info][gc          ] GC(1002) Concurrent Mark Cycle
[457.006s][info][gc,marking  ] GC(1002) Concurrent Scan Root Regions
[457.019s][info][gc,marking  ] GC(1002) Concurrent Scan Root Regions 12.502ms
[457.019s][info][gc,marking  ] GC(1002) Concurrent Mark
[457.019s][info][gc,marking  ] GC(1002) Concurrent Mark From Roots
[457.019s][info][gc,task     ] GC(1002) Using 1 workers of 1 for marking
[457.050s][info][gc,marking  ] GC(1002) Concurrent Mark From Roots 31.725ms
[457.050s][info][gc,marking  ] GC(1002) Concurrent Preclean
[457.050s][info][gc,marking  ] GC(1002) Concurrent Preclean 0.034ms
[457.051s][info][gc,start    ] GC(1002) Pause Remark
[457.066s][info][gc          ] GC(1002) Pause Remark 99M->98M(256M) 15.364ms
[457.066s][info][gc,cpu      ] GC(1002) User=0.03s Sys=0.00s Real=0.02s
[457.066s][info][gc,marking  ] GC(1002) Concurrent Mark 47.375ms
[457.066s][info][gc,marking  ] GC(1002) Concurrent Rebuild Remembered Sets and Scrub Regions
[457.090s][info][gc,marking  ] GC(1002) Concurrent Rebuild Remembered Sets and Scrub Regions 23.946ms
[457.090s][info][gc,start    ] GC(1002) Pause Cleanup
[457.090s][info][gc          ] GC(1002) Pause Cleanup 108M->108M(256M) 0.049ms
[457.090s][info][gc,cpu      ] GC(1002) User=0.00s Sys=0.00s Real=0.00s
[457.090s][info][gc,marking  ] GC(1002) Concurrent Clear Claimed Marks
[457.090s][info][gc,marking  ] GC(1002) Concurrent Clear Claimed Marks 0.034ms
[457.090s][info][gc,marking  ] GC(1002) Concurrent Cleanup for Next Mark
[457.091s][info][gc,marking  ] GC(1002) Concurrent Cleanup for Next Mark 0.727ms
[457.091s][info][gc          ] GC(1002) Concurrent Mark Cycle 84.897ms
[457.204s][info][gc,start    ] GC(1003) Pause Young (Prepare Mixed) (G1 Evacuation Pause)
[457.204s][info][gc,task     ] GC(1003) Using 2 workers of 2 for evacuation
[457.216s][info][gc,phases   ] GC(1003)   Pre Evacuate Collection Set: 0.18ms
[457.216s][info][gc,phases   ] GC(1003)   Merge Heap Roots: 0.06ms
[457.216s][info][gc,phases   ] GC(1003)   Evacuate Collection Set: 11.10ms
[457.216s][info][gc,phases   ] GC(1003)   Post Evacuate Collection Set: 0.36ms
[457.216s][info][gc,phases   ] GC(1003)   Other: 0.07ms
[457.216s][info][gc,heap     ] GC(1003) Eden regions: 80->0(82)
[457.216s][info][gc,heap     ] GC(1003) Survivor regions: 2->11(11)
[457.216s][info][gc,heap     ] GC(1003) Old regions: 75->77
[457.216s][info][gc,heap     ] GC(1003) Humongous regions: 3->3
[457.216s][info][gc,metaspace] GC(1003) Metaspace: 43001K(43328K)->43001K(43328K) NonClass: 40183K(40384K)->40183K(40384K) Class: 2818K(2944K)->2818K(2944K)
[457.216s][info][gc          ] GC(1003) Pause Young (Prepare Mixed) (G1 Evacuation Pause) 159M->89M(256M) 11.976ms
[457.216s][info][gc,cpu      ] GC(1003) User=0.02s Sys=0.00s Real=0.01s
[457.401s][info][gc,start    ] GC(1004) Pause Young (Mixed) (G1 Evacuation Pause)
[457.401s][info][gc,task     ] GC(1004) Using 2 workers of 2 for evacuation
[457.424s][info][gc,phases   ] GC(1004)   Pre Evacuate Collection Set: 0.18ms
[457.424s][info][gc,phases   ] GC(1004)   Merge Heap Roots: 0.14ms
[457.424s][info][gc,phases   ] GC(1004)   Evacuate Collection Set: 22.30ms
[457.424s][info][gc,phases   ] GC(1004)   Post Evacuate Collection Set: 0.42ms
[457.424s][info][gc,phases   ] GC(1004)   Other: 0.07ms
[457.424s][info][gc,heap     ] GC(1004) Eden regions: 82->0(94)
[457.424s][info][gc,heap     ] GC(1004) Survivor regions: 11->10(12)
[457.424s][info][gc,heap     ] GC(1004) Old regions: 77->64
[457.424s][info][gc,heap     ] GC(1004) Humongous regions: 4->4
[457.424s][info][gc,metaspace] GC(1004) Metaspace: 43001K(43328K)->43001K(43328K) NonClass: 40183K(40384K)->40183K(40384K) Class: 2818K(2944K)->2818K(2944K)
[457.424s][info][gc          ] GC(1004) Pause Young (Mixed) (G1 Evacuation Pause) 172M->77M(256M) 23.309ms
[457.424s][info][gc,cpu      ] GC(1004) User=0.05s Sys=0.00s Real=0.02s
[457.628s][info][gc,start    ] GC(1005) Pause Young (Concurrent Start) (G1 Evacuation Pause)
[457.628s][info][gc,task     ] GC(1005) Using 2 workers of 2 for evacuation
[457.649s][info][gc,phases   ] GC(1005)   Pre Evacuate Collection Set: 0.19ms
[457.649s][info][gc,phases   ] GC(1005)   Merge Heap Roots: 0.06ms
[457.649s][info][gc,phases   ] GC(1005)   Evacuate Collection Set: 20.24ms
[457.649s][info][gc,phases   ] GC(1005)   Post Evacuate Collection Set: 0.37ms
[457.649s][info][gc,phases   ] GC(1005)   Other: 0.08ms
[457.649s][info][gc,heap     ] GC(1005) Eden regions: 94->0(94)
[457.649s][info][gc,heap     ] GC(1005) Survivor regions: 10->12(13)
[457.649s][info][gc,heap     ] GC(1005) Old regions: 64->74
[457.649s][info][gc,heap     ] GC(1005) Humongous regions: 4->4
[457.649s][info][gc,metaspace] GC(1005) Metaspace: 43002K(43328K)->43002K(43328K) NonClass: 40183K(40384K)->40183K(40384K) Class: 2818K(2944K)->2818K(2944K)
[457.649s][info][gc          ] GC(1005) Pause Young (Concurrent Start) (G1 Evacuation Pause) 171M->89M(256M) 21.130ms
[457.649s][info][gc,cpu      ] GC(1005) User=0.04s Sys=0.00s Real=0.02s
[457.649s][info][gc          ] GC(1006) Concurrent Mark Cycle
[457.649s][info][gc,marking  ] GC(1006) Concurrent Scan Root Regions
[457.664s][info][gc,marking  ] GC(1006) Concurrent Scan Root Regions 15.021ms
[457.664s][info][gc,marking  ] GC(1006) Concurrent Mark
[457.664s][info][gc,marking  ] GC(1006) Concurrent Mark From Roots
[457.664s][info][gc,task     ] GC(1006) Using 1 workers of 1 for marking
[457.711s][info][gc,marking  ] GC(1006) Concurrent Mark From Roots 46.716ms
[457.711s][info][gc,marking  ] GC(1006) Concurrent Preclean
[457.711s][info][gc,marking  ] GC(1006) Concurrent Preclean 0.038ms
[457.712s][info][gc,start    ] GC(1006) Pause Remark
[457.728s][info][gc          ] GC(1006) Pause Remark 108M->105M(256M) 16.007ms
[457.728s][info][gc,cpu      ] GC(1006) User=0.03s Sys=0.00s Real=0.01s
[457.728s][info][gc,marking  ] GC(1006) Concurrent Mark 64.199ms
[457.728s][info][gc,marking  ] GC(1006) Concurrent Rebuild Remembered Sets and Scrub Regions
[457.762s][info][gc,marking  ] GC(1006) Concurrent Rebuild Remembered Sets and Scrub Regions 34.156ms
[457.762s][info][gc,start    ] GC(1006) Pause Cleanup
[457.762s][info][gc          ] GC(1006) Pause Cleanup 119M->119M(256M) 0.056ms
[457.762s][info][gc,cpu      ] GC(1006) User=0.00s Sys=0.00s Real=0.00s
[457.762s][info][gc,marking  ] GC(1006) Concurrent Clear Claimed Marks
[457.762s][info][gc,marking  ] GC(1006) Concurrent Clear Claimed Marks 0.042ms
[457.762s][info][gc,marking  ] GC(1006) Concurrent Cleanup for Next Mark
[457.763s][info][gc,marking  ] GC(1006) Concurrent Cleanup for Next Mark 0.768ms
[457.763s][info][gc          ] GC(1006) Concurrent Mark Cycle 114.501ms
[457.896s][info][gc,start    ] GC(1007) Pause Young (Prepare Mixed) (G1 Evacuation Pause)
[457.896s][info][gc,task     ] GC(1007) Using 2 workers of 2 for evacuation
[457.920s][info][gc,phases   ] GC(1007)   Pre Evacuate Collection Set: 0.15ms
[457.920s][info][gc,phases   ] GC(1007)   Merge Heap Roots: 0.08ms
[457.920s][info][gc,phases   ] GC(1007)   Evacuate Collection Set: 23.47ms
[457.920s][info][gc,phases   ] GC(1007)   Post Evacuate Collection Set: 0.38ms
[457.920s][info][gc,phases   ] GC(1007)   Other: 0.07ms
[457.920s][info][gc,heap     ] GC(1007) Eden regions: 94->0(93)
[457.920s][info][gc,heap     ] GC(1007) Survivor regions: 12->12(14)
[457.920s][info][gc,heap     ] GC(1007) Old regions: 71->83
[457.920s][info][gc,heap     ] GC(1007) Humongous regions: 6->6
[457.920s][info][gc,metaspace] GC(1007) Metaspace: 43002K(43328K)->43002K(43328K) NonClass: 40183K(40384K)->40183K(40384K) Class: 2818K(2944K)->2818K(2944K)
[457.921s][info][gc          ] GC(1007) Pause Young (Prepare Mixed) (G1 Evacuation Pause) 182M->100M(256M) 24.327ms
[457.921s][info][gc,cpu      ] GC(1007) User=0.05s Sys=0.00s Real=0.02s
[458.127s][info][gc,start    ] GC(1008) Pause Young (Mixed) (G1 Evacuation Pause)
[458.127s][info][gc,task     ] GC(1008) Using 2 workers of 2 for evacuation
[458.155s][info][gc,phases   ] GC(1008)   Pre Evacuate Collection Set: 0.17ms
[458.155s][info][gc,phases   ] GC(1008)   Merge Heap Roots: 0.12ms
[458.155s][info][gc,phases   ] GC(1008)   Evacuate Collection Set: 26.90ms
[458.155s][info][gc,phases   ] GC(1008)   Post Evacuate Collection Set: 0.47ms
[458.155s][info][gc,phases   ] GC(1008)   Other: 0.07ms
[458.155s][info][gc,heap     ] GC(1008) Eden regions: 93->0(100)
[458.155s][info][gc,heap     ] GC(1008) Survivor regions: 12->11(14)
[458.155s][info][gc,heap     ] GC(1008) Old regions: 83->79
[458.155s][info][gc,heap     ] GC(1008) Humongous regions: 6->6
[458.155s][info][gc,metaspace] GC(1008) Metaspace: 43002K(43328K)->43002K(43328K) NonClass: 40183K(40384K)->40183K(40384K) Class: 2818K(2944K)->2818K(2944K)
[458.155s][info][gc          ] GC(1008) Pause Young (Mixed) (G1 Evacuation Pause) 193M->96M(256M) 27.923ms
[458.155s][info][gc,cpu      ] GC(1008) User=0.05s Sys=0.00s Real=0.03s
[458.373s][info][gc,start    ] GC(1009) Pause Young (Concurrent Start) (G1 Evacuation Pause)
[458.374s][info][gc,task     ] GC(1009) Using 2 workers of 2 for evacuation
[458.400s][info][gc,phases   ] GC(1009)   Pre Evacuate Collection Set: 0.18ms
[458.400s][info][gc,phases   ] GC(1009)   Merge Heap Roots: 0.07ms
[458.400s][info][gc,phases   ] GC(1009)   Evacuate Collection Set: 23.99ms
[458.400s][info][gc,phases   ] GC(1009)   Post Evacuate Collection Set: 1.69ms
[458.400s][info][gc,phases   ] GC(1009)   Other: 0.11ms
[458.400s][info][gc,heap     ] GC(1009) Eden regions: 100->0(183)
[458.400s][info][gc,heap     ] GC(1009) Survivor regions: 11->12(14)
[458.400s][info][gc,heap     ] GC(1009) Old regions: 79->90
[458.400s][info][gc,heap     ] GC(1009) Humongous regions: 6->6
[458.400s][info][gc,metaspace] GC(1009) Metaspace: 43002K(43328K)->43002K(43328K) NonClass: 40183K(40384K)->40183K(40384K) Class: 2818K(2944K)->2818K(2944K)
[458.400s][info][gc          ] GC(1009) Pause Young (Concurrent Start) (G1 Evacuation Pause) 196M->107M(401M) 26.235ms
[458.400s][info][gc          ] GC(1010) Concurrent Mark Cycle
[458.400s][info][gc,marking  ] GC(1010) Concurrent Scan Root Regions
[458.400s][info][gc,cpu      ] GC(1009) User=0.05s Sys=0.00s Real=0.02s
[458.418s][info][gc,marking  ] GC(1010) Concurrent Scan Root Regions 17.903ms
[458.418s][info][gc,marking  ] GC(1010) Concurrent Mark
[458.418s][info][gc,marking  ] GC(1010) Concurrent Mark From Roots
[458.418s][info][gc,task     ] GC(1010) Using 1 workers of 1 for marking
[458.506s][info][gc,marking  ] GC(1010) Concurrent Mark From Roots 88.559ms
[458.506s][info][gc,marking  ] GC(1010) Concurrent Preclean
[458.506s][info][gc,marking  ] GC(1010) Concurrent Preclean 0.037ms
[458.507s][info][gc,start    ] GC(1010) Pause Remark
[458.521s][info][gc          ] GC(1010) Pause Remark 136M->135M(370M) 14.818ms
[458.521s][info][gc,cpu      ] GC(1010) User=0.03s Sys=0.00s Real=0.02s
[458.521s][info][gc,marking  ] GC(1010) Concurrent Mark 103.685ms
[458.521s][info][gc,marking  ] GC(1010) Concurrent Rebuild Remembered Sets and Scrub Regions
[458.578s][info][gc,marking  ] GC(1010) Concurrent Rebuild Remembered Sets and Scrub Regions 56.075ms
[458.578s][info][gc,start    ] GC(1010) Pause Cleanup
[458.578s][info][gc          ] GC(1010) Pause Cleanup 153M->153M(370M) 0.071ms
[458.578s][info][gc,cpu      ] GC(1010) User=0.00s Sys=0.00s Real=0.00s
[458.578s][info][gc,marking  ] GC(1010) Concurrent Clear Claimed Marks
[458.578s][info][gc,marking  ] GC(1010) Concurrent Clear Claimed Marks 0.045ms
[458.578s][info][gc,marking  ] GC(1010) Concurrent Cleanup for Next Mark
[458.580s][info][gc,marking  ] GC(1010) Concurrent Cleanup for Next Mark 2.236ms
[458.580s][info][gc          ] GC(1010) Concurrent Mark Cycle 180.344ms
[459.270s][info][gc,start    ] GC(1011) Pause Young (Prepare Mixed) (G1 Evacuation Pause)
[459.270s][info][gc,task     ] GC(1011) Using 2 workers of 2 for evacuation
[459.331s][info][gc,phases   ] GC(1011)   Pre Evacuate Collection Set: 0.23ms
[459.331s][info][gc,phases   ] GC(1011)   Merge Heap Roots: 0.18ms
[459.331s][info][gc,phases   ] GC(1011)   Evacuate Collection Set: 59.89ms
[459.331s][info][gc,phases   ] GC(1011)   Post Evacuate Collection Set: 0.65ms
[459.331s][info][gc,phases   ] GC(1011)   Other: 0.10ms
[459.331s][info][gc,heap     ] GC(1011) Eden regions: 183->0(133)
[459.331s][info][gc,heap     ] GC(1011) Survivor regions: 12->25(25)
[459.331s][info][gc,heap     ] GC(1011) Old regions: 90->114
[459.331s][info][gc,heap     ] GC(1011) Humongous regions: 15->15
[459.331s][info][gc,metaspace] GC(1011) Metaspace: 43002K(43328K)->43002K(43328K) NonClass: 40183K(40384K)->40183K(40384K) Class: 2818K(2944K)->2818K(2944K)
[459.331s][info][gc          ] GC(1011) Pause Young (Prepare Mixed) (G1 Evacuation Pause) 299M->154M(370M) 61.293ms
[459.331s][info][gc,cpu      ] GC(1011) User=0.12s Sys=0.00s Real=0.07s
[460.263s][info][gc,start    ] GC(1012) Pause Young (Mixed) (G1 Evacuation Pause)
[460.263s][info][gc,task     ] GC(1012) Using 2 workers of 2 for evacuation
[460.320s][info][gc,phases   ] GC(1012)   Pre Evacuate Collection Set: 0.23ms
[460.320s][info][gc,phases   ] GC(1012)   Merge Heap Roots: 0.29ms
[460.320s][info][gc,phases   ] GC(1012)   Evacuate Collection Set: 55.68ms
[460.320s][info][gc,phases   ] GC(1012)   Post Evacuate Collection Set: 0.48ms
[460.320s][info][gc,phases   ] GC(1012)   Other: 0.07ms
[460.320s][info][gc,heap     ] GC(1012) Eden regions: 133->0(131)
[460.320s][info][gc,heap     ] GC(1012) Survivor regions: 25->13(20)
[460.320s][info][gc,heap     ] GC(1012) Old regions: 114->137
[460.320s][info][gc,heap     ] GC(1012) Humongous regions: 17->15
[460.320s][info][gc,metaspace] GC(1012) Metaspace: 43002K(43328K)->43002K(43328K) NonClass: 40183K(40384K)->40183K(40384K) Class: 2818K(2944K)->2818K(2944K)
[460.320s][info][gc          ] GC(1012) Pause Young (Mixed) (G1 Evacuation Pause) 289M->164M(370M) 56.944ms
[460.320s][info][gc,cpu      ] GC(1012) User=0.12s Sys=0.00s Real=0.05s
[460.842s][info][gc,start    ] GC(1013) Pause Young (Concurrent Start) (G1 Evacuation Pause)
[460.842s][info][gc,task     ] GC(1013) Using 2 workers of 2 for evacuation
[460.860s][info][gc,phases   ] GC(1013)   Pre Evacuate Collection Set: 0.21ms
[460.860s][info][gc,phases   ] GC(1013)   Merge Heap Roots: 0.15ms
[460.860s][info][gc,phases   ] GC(1013)   Evacuate Collection Set: 17.40ms
[460.860s][info][gc,phases   ] GC(1013)   Post Evacuate Collection Set: 0.38ms
[460.860s][info][gc,phases   ] GC(1013)   Other: 0.09ms
[460.860s][info][gc,heap     ] GC(1013) Eden regions: 131->0(136)
[460.860s][info][gc,heap     ] GC(1013) Survivor regions: 13->6(18)
[460.860s][info][gc,heap     ] GC(1013) Old regions: 137->149
[460.860s][info][gc,heap     ] GC(1013) Humongous regions: 15->15
[460.860s][info][gc,metaspace] GC(1013) Metaspace: 43002K(43328K)->43002K(43328K) NonClass: 40183K(40384K)->40183K(40384K) Class: 2818K(2944K)->2818K(2944K)
[460.861s][info][gc          ] GC(1013) Pause Young (Concurrent Start) (G1 Evacuation Pause) 295M->170M(370M) 18.426ms
[460.861s][info][gc,cpu      ] GC(1013) User=0.04s Sys=0.00s Real=0.01s
[460.861s][info][gc          ] GC(1014) Concurrent Mark Cycle
[460.861s][info][gc,marking  ] GC(1014) Concurrent Scan Root Regions
[460.871s][info][gc,marking  ] GC(1014) Concurrent Scan Root Regions 10.701ms
[460.871s][info][gc,marking  ] GC(1014) Concurrent Mark
[460.871s][info][gc,marking  ] GC(1014) Concurrent Mark From Roots
[460.871s][info][gc,task     ] GC(1014) Using 1 workers of 1 for marking
[460.907s][info][gc,marking  ] GC(1014) Concurrent Mark From Roots 35.804ms
[460.907s][info][gc,marking  ] GC(1014) Concurrent Preclean
[460.907s][info][gc,marking  ] GC(1014) Concurrent Preclean 0.031ms
[460.907s][info][gc,start    ] GC(1014) Pause Remark
[460.922s][info][gc          ] GC(1014) Pause Remark 180M->125M(370M) 15.067ms
[460.922s][info][gc,cpu      ] GC(1014) User=0.03s Sys=0.00s Real=0.02s
[460.922s][info][gc,marking  ] GC(1014) Concurrent Mark 51.168ms
[460.923s][info][gc,marking  ] GC(1014) Concurrent Rebuild Remembered Sets and Scrub Regions
[460.944s][info][gc,marking  ] GC(1014) Concurrent Rebuild Remembered Sets and Scrub Regions 21.169ms
[460.944s][info][gc,start    ] GC(1014) Pause Cleanup
[460.944s][info][gc          ] GC(1014) Pause Cleanup 130M->130M(370M) 0.069ms
[460.944s][info][gc,cpu      ] GC(1014) User=0.00s Sys=0.00s Real=0.00s
[460.944s][info][gc,marking  ] GC(1014) Concurrent Clear Claimed Marks
[460.944s][info][gc,marking  ] GC(1014) Concurrent Clear Claimed Marks 0.033ms
[460.944s][info][gc,marking  ] GC(1014) Concurrent Cleanup for Next Mark
[460.945s][info][gc,marking  ] GC(1014) Concurrent Cleanup for Next Mark 1.048ms
[460.945s][info][gc          ] GC(1014) Concurrent Mark Cycle 84.500ms
[461.574s][info][gc,start    ] GC(1015) Pause Young (Prepare Mixed) (G1 Evacuation Pause)
[461.574s][info][gc,task     ] GC(1015) Using 2 workers of 2 for evacuation
[461.588s][info][gc,phases   ] GC(1015)   Pre Evacuate Collection Set: 0.20ms
[461.588s][info][gc,phases   ] GC(1015)   Merge Heap Roots: 0.06ms
[461.588s][info][gc,phases   ] GC(1015)   Evacuate Collection Set: 13.74ms
[461.588s][info][gc,phases   ] GC(1015)   Post Evacuate Collection Set: 0.37ms
[461.588s][info][gc,phases   ] GC(1015)   Other: 0.07ms
[461.588s][info][gc,heap     ] GC(1015) Eden regions: 136->0(174)
[461.588s][info][gc,heap     ] GC(1015) Survivor regions: 6->16(18)
[461.588s][info][gc,heap     ] GC(1015) Old regions: 108->108
[461.588s][info][gc,heap     ] GC(1015) Humongous regions: 1->1
[461.588s][info][gc,metaspace] GC(1015) Metaspace: 43002K(43328K)->43002K(43328K) NonClass: 40183K(40384K)->40183K(40384K) Class: 2818K(2944K)->2818K(2944K)
[461.588s][info][gc          ] GC(1015) Pause Young (Prepare Mixed) (G1 Evacuation Pause) 251M->125M(370M) 14.621ms
[461.588s][info][gc,cpu      ] GC(1015) User=0.03s Sys=0.00s Real=0.01s
[462.511s][info][gc,start    ] GC(1016) Pause Young (Mixed) (G1 Evacuation Pause)
[462.511s][info][gc,task     ] GC(1016) Using 2 workers of 2 for evacuation
[462.543s][info][gc,phases   ] GC(1016)   Pre Evacuate Collection Set: 0.22ms
[462.543s][info][gc,phases   ] GC(1016)   Merge Heap Roots: 0.14ms
[462.543s][info][gc,phases   ] GC(1016)   Evacuate Collection Set: 31.26ms
[462.543s][info][gc,phases   ] GC(1016)   Post Evacuate Collection Set: 0.50ms
[462.543s][info][gc,phases   ] GC(1016)   Other: 0.08ms
[462.543s][info][gc,heap     ] GC(1016) Eden regions: 174->0(187)
[462.543s][info][gc,heap     ] GC(1016) Survivor regions: 16->24(24)
[462.543s][info][gc,heap     ] GC(1016) Old regions: 108->84
[462.543s][info][gc,heap     ] GC(1016) Humongous regions: 1->1
[462.543s][info][gc,metaspace] GC(1016) Metaspace: 43002K(43328K)->43002K(43328K) NonClass: 40183K(40384K)->40183K(40384K) Class: 2818K(2944K)->2818K(2944K)
[462.543s][info][gc          ] GC(1016) Pause Young (Mixed) (G1 Evacuation Pause) 299M->108M(370M) 32.443ms
[462.543s][info][gc,cpu      ] GC(1016) User=0.06s Sys=0.00s Real=0.04s
[463.541s][info][gc,start    ] GC(1017) Pause Young (Mixed) (G1 Evacuation Pause)
[463.541s][info][gc,task     ] GC(1017) Using 2 workers of 2 for evacuation
[463.580s][info][gc,phases   ] GC(1017)   Pre Evacuate Collection Set: 0.21ms
[463.580s][info][gc,phases   ] GC(1017)   Merge Heap Roots: 0.13ms
[463.580s][info][gc,phases   ] GC(1017)   Evacuate Collection Set: 38.65ms
[463.580s][info][gc,phases   ] GC(1017)   Post Evacuate Collection Set: 0.47ms
[463.580s][info][gc,phases   ] GC(1017)   Other: 0.07ms
[463.580s][info][gc,heap     ] GC(1017) Eden regions: 187->0(188)
[463.580s][info][gc,heap     ] GC(1017) Survivor regions: 24->19(27)
[463.581s][info][gc,heap     ] GC(1017) Old regions: 84->92
[463.581s][info][gc,heap     ] GC(1017) Humongous regions: 2->2
[463.581s][info][gc,metaspace] GC(1017) Metaspace: 43002K(43328K)->43002K(43328K) NonClass: 40183K(40384K)->40183K(40384K) Class: 2818K(2944K)->2818K(2944K)
[463.581s][info][gc          ] GC(1017) Pause Young (Mixed) (G1 Evacuation Pause) 296M->112M(370M) 39.714ms
[463.581s][info][gc,cpu      ] GC(1017) User=0.08s Sys=0.00s Real=0.04s
[464.567s][info][gc,start    ] GC(1018) Pause Young (Concurrent Start) (G1 Evacuation Pause)
[464.567s][info][gc,task     ] GC(1018) Using 2 workers of 2 for evacuation
[464.599s][info][gc,phases   ] GC(1018)   Pre Evacuate Collection Set: 0.21ms
[464.599s][info][gc,phases   ] GC(1018)   Merge Heap Roots: 0.08ms
[464.599s][info][gc,phases   ] GC(1018)   Evacuate Collection Set: 30.48ms
[464.599s][info][gc,phases   ] GC(1018)   Post Evacuate Collection Set: 0.46ms
[464.599s][info][gc,phases   ] GC(1018)   Other: 0.10ms
[464.599s][info][gc,heap     ] GC(1018) Eden regions: 188->0(180)
[464.599s][info][gc,heap     ] GC(1018) Survivor regions: 19->17(26)
[464.599s][info][gc,heap     ] GC(1018) Old regions: 92->110
[464.599s][info][gc,heap     ] GC(1018) Humongous regions: 2->2
[464.599s][info][gc,metaspace] GC(1018) Metaspace: 43002K(43328K)->43002K(43328K) NonClass: 40183K(40384K)->40183K(40384K) Class: 2818K(2944K)->2818K(2944K)
[464.599s][info][gc          ] GC(1018) Pause Young (Concurrent Start) (G1 Evacuation Pause) 300M->128M(370M) 31.516ms
[464.599s][info][gc,cpu      ] GC(1018) User=0.06s Sys=0.00s Real=0.03s
[464.599s][info][gc          ] GC(1019) Concurrent Mark Cycle
[464.599s][info][gc,marking  ] GC(1019) Concurrent Scan Root Regions
[464.622s][info][gc,marking  ] GC(1019) Concurrent Scan Root Regions 22.892ms
[464.622s][info][gc,marking  ] GC(1019) Concurrent Mark
[464.622s][info][gc,marking  ] GC(1019) Concurrent Mark From Roots
[464.622s][info][gc,task     ] GC(1019) Using 1 workers of 1 for marking
[464.662s][info][gc,marking  ] GC(1019) Concurrent Mark From Roots 40.052ms
[464.662s][info][gc,marking  ] GC(1019) Concurrent Preclean
[464.662s][info][gc,marking  ] GC(1019) Concurrent Preclean 0.048ms
[464.662s][info][gc,start    ] GC(1019) Pause Remark
[464.677s][info][gc          ] GC(1019) Pause Remark 140M->125M(370M) 14.746ms
[464.677s][info][gc,cpu      ] GC(1019) User=0.03s Sys=0.00s Real=0.01s
[464.677s][info][gc,marking  ] GC(1019) Concurrent Mark 55.098ms
[464.677s][info][gc,marking  ] GC(1019) Concurrent Rebuild Remembered Sets and Scrub Regions
[464.706s][info][gc,marking  ] GC(1019) Concurrent Rebuild Remembered Sets and Scrub Regions 29.300ms
[464.707s][info][gc,start    ] GC(1019) Pause Cleanup
[464.707s][info][gc          ] GC(1019) Pause Cleanup 131M->131M(370M) 0.052ms
[464.707s][info][gc,cpu      ] GC(1019) User=0.00s Sys=0.00s Real=0.00s
[464.707s][info][gc,marking  ] GC(1019) Concurrent Clear Claimed Marks
[464.707s][info][gc,marking  ] GC(1019) Concurrent Clear Claimed Marks 0.034ms
[464.707s][info][gc,marking  ] GC(1019) Concurrent Cleanup for Next Mark
[464.708s][info][gc,marking  ] GC(1019) Concurrent Cleanup for Next Mark 1.109ms
[464.708s][info][gc          ] GC(1019) Concurrent Mark Cycle 108.889ms
[465.372s][info][gc,start    ] GC(1020) Pause Young (Prepare Mixed) (G1 Evacuation Pause)
[465.372s][info][gc,task     ] GC(1020) Using 2 workers of 2 for evacuation
[465.390s][info][gc,phases   ] GC(1020)   Pre Evacuate Collection Set: 0.21ms
[465.390s][info][gc,phases   ] GC(1020)   Merge Heap Roots: 0.09ms
[465.390s][info][gc,phases   ] GC(1020)   Evacuate Collection Set: 17.17ms
[465.390s][info][gc,phases   ] GC(1020)   Post Evacuate Collection Set: 0.49ms
[465.390s][info][gc,phases   ] GC(1020)   Other: 0.08ms
[465.390s][info][gc,heap     ] GC(1020) Eden regions: 180->0(189)
[465.390s][info][gc,heap     ] GC(1020) Survivor regions: 17->16(25)
[465.390s][info][gc,heap     ] GC(1020) Old regions: 95->99
[465.390s][info][gc,heap     ] GC(1020) Humongous regions: 8->4
[465.390s][info][gc,metaspace] GC(1020) Metaspace: 43003K(43328K)->43003K(43328K) NonClass: 40184K(40384K)->40184K(40384K) Class: 2818K(2944K)->2818K(2944K)
[465.390s][info][gc          ] GC(1020) Pause Young (Prepare Mixed) (G1 Evacuation Pause) 299M->119M(370M) 18.251ms
[465.390s][info][gc,cpu      ] GC(1020) User=0.03s Sys=0.00s Real=0.01s
[466.086s][info][gc,start    ] GC(1021) Pause Young (Mixed) (G1 Evacuation Pause)
[466.086s][info][gc,task     ] GC(1021) Using 2 workers of 2 for evacuation
[466.111s][info][gc,phases   ] GC(1021)   Pre Evacuate Collection Set: 0.34ms
[466.111s][info][gc,phases   ] GC(1021)   Merge Heap Roots: 0.29ms
[466.111s][info][gc,phases   ] GC(1021)   Evacuate Collection Set: 24.39ms
[466.111s][info][gc,phases   ] GC(1021)   Post Evacuate Collection Set: 0.51ms
[466.112s][info][gc,phases   ] GC(1021)   Other: 0.10ms
[466.112s][info][gc,heap     ] GC(1021) Eden regions: 189->0(207)
[466.112s][info][gc,heap     ] GC(1021) Survivor regions: 16->13(26)
[466.112s][info][gc,heap     ] GC(1021) Old regions: 99->82
[466.112s][info][gc,heap     ] GC(1021) Humongous regions: 19->4
[466.112s][info][gc,metaspace] GC(1021) Metaspace: 43003K(43328K)->43003K(43328K) NonClass: 40184K(40384K)->40184K(40384K) Class: 2818K(2944K)->2818K(2944K)
[466.112s][info][gc          ] GC(1021) Pause Young (Mixed) (G1 Evacuation Pause) 323M->98M(370M) 25.799ms
[466.112s][info][gc,cpu      ] GC(1021) User=0.05s Sys=0.00s Real=0.03s
[466.136s][info][gc,start    ] GC(1022) Pause Young (Concurrent Start) (G1 Humongous Allocation)
[466.136s][info][gc,task     ] GC(1022) Using 2 workers of 2 for evacuation
[466.147s][info][gc,phases   ] GC(1022)   Pre Evacuate Collection Set: 0.20ms
[466.147s][info][gc,phases   ] GC(1022)   Merge Heap Roots: 0.04ms
[466.147s][info][gc,phases   ] GC(1022)   Evacuate Collection Set: 9.91ms
[466.147s][info][gc,phases   ] GC(1022)   Post Evacuate Collection Set: 0.29ms
[466.147s][info][gc,phases   ] GC(1022)   Other: 0.09ms
[466.147s][info][gc,heap     ] GC(1022) Eden regions: 7->0(167)
[466.147s][info][gc,heap     ] GC(1022) Survivor regions: 13->13(28)
[466.147s][info][gc,heap     ] GC(1022) Old regions: 82->82
[466.147s][info][gc,heap     ] GC(1022) Humongous regions: 4->4
[466.147s][info][gc,metaspace] GC(1022) Metaspace: 43003K(43328K)->43003K(43328K) NonClass: 40184K(40384K)->40184K(40384K) Class: 2818K(2944K)->2818K(2944K)
[466.147s][info][gc          ] GC(1022) Pause Young (Concurrent Start) (G1 Humongous Allocation) 104M->98M(370M) 10.696ms
[466.147s][info][gc,cpu      ] GC(1022) User=0.02s Sys=0.00s Real=0.01s
[466.147s][info][gc          ] GC(1023) Concurrent Mark Cycle
[466.147s][info][gc,marking  ] GC(1023) Concurrent Scan Root Regions
[466.154s][info][gc,marking  ] GC(1023) Concurrent Scan Root Regions 7.658ms
[466.154s][info][gc,marking  ] GC(1023) Concurrent Mark
[466.154s][info][gc,marking  ] GC(1023) Concurrent Mark From Roots
[466.154s][info][gc,task     ] GC(1023) Using 1 workers of 1 for marking
[466.207s][info][gc,marking  ] GC(1023) Concurrent Mark From Roots 53.039ms
[466.208s][info][gc,marking  ] GC(1023) Concurrent Preclean
[466.208s][info][gc,marking  ] GC(1023) Concurrent Preclean 0.037ms
[466.208s][info][gc,start    ] GC(1023) Pause Remark
[466.223s][info][gc          ] GC(1023) Pause Remark 111M->95M(280M) 15.519ms
[466.223s][info][gc,cpu      ] GC(1023) User=0.03s Sys=0.00s Real=0.02s
[466.223s][info][gc,marking  ] GC(1023) Concurrent Mark 69.009ms
[466.223s][info][gc,marking  ] GC(1023) Concurrent Rebuild Remembered Sets and Scrub Regions
[466.242s][info][gc,marking  ] GC(1023) Concurrent Rebuild Remembered Sets and Scrub Regions 18.918ms
[466.243s][info][gc,start    ] GC(1023) Pause Cleanup
[466.243s][info][gc          ] GC(1023) Pause Cleanup 101M->101M(280M) 0.049ms
[466.243s][info][gc,cpu      ] GC(1023) User=0.00s Sys=0.00s Real=0.00s
[466.243s][info][gc,marking  ] GC(1023) Concurrent Clear Claimed Marks
[466.243s][info][gc,marking  ] GC(1023) Concurrent Clear Claimed Marks 0.118ms
[466.243s][info][gc,marking  ] GC(1023) Concurrent Cleanup for Next Mark
[466.244s][info][gc,marking  ] GC(1023) Concurrent Cleanup for Next Mark 0.899ms
[466.244s][info][gc          ] GC(1023) Concurrent Mark Cycle 96.937ms
[466.745s][info][gc,start    ] GC(1024) Pause Young (Prepare Mixed) (G1 Evacuation Pause)
[466.745s][info][gc,task     ] GC(1024) Using 2 workers of 2 for evacuation
[466.749s][info][gc,phases   ] GC(1024)   Pre Evacuate Collection Set: 0.17ms
[466.749s][info][gc,phases   ] GC(1024)   Merge Heap Roots: 0.09ms
[466.749s][info][gc,phases   ] GC(1024)   Evacuate Collection Set: 3.29ms
[466.749s][info][gc,phases   ] GC(1024)   Post Evacuate Collection Set: 0.43ms
[466.749s][info][gc,phases   ] GC(1024)   Other: 0.09ms
[466.749s][info][gc,heap     ] GC(1024) Eden regions: 155->0(137)
[466.749s][info][gc,heap     ] GC(1024) Survivor regions: 13->3(21)
[466.749s][info][gc,heap     ] GC(1024) Old regions: 67->68
[466.749s][info][gc,heap     ] GC(1024) Humongous regions: 12->3
[466.749s][info][gc,metaspace] GC(1024) Metaspace: 43041K(43392K)->43041K(43392K) NonClass: 40223K(40448K)->40223K(40448K) Class: 2818K(2944K)->2818K(2944K)
[466.749s][info][gc          ] GC(1024) Pause Young (Prepare Mixed) (G1 Evacuation Pause) 246M->73M(280M) 4.249ms
[466.749s][info][gc,cpu      ] GC(1024) User=0.01s Sys=0.00s Real=0.00s
[467.263s][info][gc,start    ] GC(1025) Pause Young (Mixed) (G1 Evacuation Pause)
[467.263s][info][gc,task     ] GC(1025) Using 2 workers of 2 for evacuation
[467.285s][info][gc,phases   ] GC(1025)   Pre Evacuate Collection Set: 0.18ms
[467.285s][info][gc,phases   ] GC(1025)   Merge Heap Roots: 0.07ms
[467.285s][info][gc,phases   ] GC(1025)   Evacuate Collection Set: 20.54ms
[467.285s][info][gc,phases   ] GC(1025)   Post Evacuate Collection Set: 0.46ms
[467.285s][info][gc,phases   ] GC(1025)   Other: 0.07ms
[467.285s][info][gc,heap     ] GC(1025) Eden regions: 137->0(139)
[467.285s][info][gc,heap     ] GC(1025) Survivor regions: 3->18(18)
[467.285s][info][gc,heap     ] GC(1025) Old regions: 68->52
[467.285s][info][gc,heap     ] GC(1025) Humongous regions: 5->3
[467.285s][info][gc,metaspace] GC(1025) Metaspace: 43041K(43392K)->43041K(43392K) NonClass: 40223K(40448K)->40223K(40448K) Class: 2818K(2944K)->2818K(2944K)
[467.285s][info][gc          ] GC(1025) Pause Young (Mixed) (G1 Evacuation Pause) 212M->72M(280M) 21.499ms
[467.285s][info][gc,cpu      ] GC(1025) User=0.04s Sys=0.00s Real=0.02s
[467.512s][info][gc,start    ] GC(1026) Pause Young (Concurrent Start) (G1 Humongous Allocation)
[467.512s][info][gc,task     ] GC(1026) Using 2 workers of 2 for evacuation
[467.531s][info][gc,phases   ] GC(1026)   Pre Evacuate Collection Set: 0.19ms
[467.531s][info][gc,phases   ] GC(1026)   Merge Heap Roots: 0.11ms
[467.531s][info][gc,phases   ] GC(1026)   Evacuate Collection Set: 18.02ms
[467.531s][info][gc,phases   ] GC(1026)   Post Evacuate Collection Set: 0.36ms
[467.531s][info][gc,phases   ] GC(1026)   Other: 0.10ms
[467.531s][info][gc,heap     ] GC(1026) Eden regions: 56->0(146)
[467.531s][info][gc,heap     ] GC(1026) Survivor regions: 18->7(20)
[467.531s][info][gc,heap     ] GC(1026) Old regions: 52->64
[467.531s][info][gc,heap     ] GC(1026) Humongous regions: 3->1
[467.531s][info][gc,metaspace] GC(1026) Metaspace: 43041K(43392K)->43041K(43392K) NonClass: 40223K(40448K)->40223K(40448K) Class: 2818K(2944K)->2818K(2944K)
[467.531s][info][gc          ] GC(1026) Pause Young (Concurrent Start) (G1 Humongous Allocation) 127M->70M(280M) 18.964ms
[467.531s][info][gc,cpu      ] GC(1026) User=0.04s Sys=0.00s Real=0.02s
[467.531s][info][gc          ] GC(1027) Concurrent Mark Cycle
[467.531s][info][gc,marking  ] GC(1027) Concurrent Scan Root Regions
[467.546s][info][gc,marking  ] GC(1027) Concurrent Scan Root Regions 14.585ms
[467.546s][info][gc,marking  ] GC(1027) Concurrent Mark
[467.546s][info][gc,marking  ] GC(1027) Concurrent Mark From Roots
[467.546s][info][gc,task     ] GC(1027) Using 1 workers of 1 for marking
[467.592s][info][gc,marking  ] GC(1027) Concurrent Mark From Roots 46.302ms
[467.592s][info][gc,marking  ] GC(1027) Concurrent Preclean
[467.592s][info][gc,marking  ] GC(1027) Concurrent Preclean 0.034ms
[467.593s][info][gc,start    ] GC(1027) Pause Remark
[467.608s][info][gc          ] GC(1027) Pause Remark 89M->89M(256M) 14.966ms
[467.608s][info][gc,cpu      ] GC(1027) User=0.03s Sys=0.00s Real=0.01s
[467.608s][info][gc,marking  ] GC(1027) Concurrent Mark 61.572ms
[467.608s][info][gc,marking  ] GC(1027) Concurrent Rebuild Remembered Sets and Scrub Regions
[467.636s][info][gc,marking  ] GC(1027) Concurrent Rebuild Remembered Sets and Scrub Regions 28.079ms
[467.636s][info][gc,start    ] GC(1027) Pause Cleanup
[467.636s][info][gc          ] GC(1027) Pause Cleanup 93M->93M(256M) 0.043ms
[467.636s][info][gc,cpu      ] GC(1027) User=0.00s Sys=0.00s Real=0.00s
[467.636s][info][gc,marking  ] GC(1027) Concurrent Clear Claimed Marks
[467.636s][info][gc,marking  ] GC(1027) Concurrent Clear Claimed Marks 0.034ms
[467.636s][info][gc,marking  ] GC(1027) Concurrent Cleanup for Next Mark
[467.637s][info][gc,marking  ] GC(1027) Concurrent Cleanup for Next Mark 0.757ms
[467.637s][info][gc          ] GC(1027) Concurrent Mark Cycle 105.254ms
[468.148s][info][gc,start    ] GC(1028) Pause Young (Prepare Mixed) (G1 Evacuation Pause)
[468.148s][info][gc,task     ] GC(1028) Using 2 workers of 2 for evacuation
[468.162s][info][gc,phases   ] GC(1028)   Pre Evacuate Collection Set: 0.16ms
[468.162s][info][gc,phases   ] GC(1028)   Merge Heap Roots: 0.10ms
[468.162s][info][gc,phases   ] GC(1028)   Evacuate Collection Set: 13.60ms
[468.162s][info][gc,phases   ] GC(1028)   Post Evacuate Collection Set: 0.44ms
[468.162s][info][gc,phases   ] GC(1028)   Other: 0.07ms
[468.162s][info][gc,heap     ] GC(1028) Eden regions: 146->0(126)
[468.162s][info][gc,heap     ] GC(1028) Survivor regions: 7->15(20)
[468.162s][info][gc,heap     ] GC(1028) Old regions: 64->64
[468.162s][info][gc,heap     ] GC(1028) Humongous regions: 15->3
[468.162s][info][gc,metaspace] GC(1028) Metaspace: 43041K(43392K)->43041K(43392K) NonClass: 40223K(40448K)->40223K(40448K) Class: 2818K(2944K)->2818K(2944K)
[468.162s][info][gc          ] GC(1028) Pause Young (Prepare Mixed) (G1 Evacuation Pause) 230M->81M(256M) 14.544ms
[468.162s][info][gc,cpu      ] GC(1028) User=0.03s Sys=0.01s Real=0.02s
[468.581s][info][gc,start    ] GC(1029) Pause Young (Mixed) (G1 Evacuation Pause)
[468.581s][info][gc,task     ] GC(1029) Using 2 workers of 2 for evacuation
[468.599s][info][gc,phases   ] GC(1029)   Pre Evacuate Collection Set: 0.18ms
[468.599s][info][gc,phases   ] GC(1029)   Merge Heap Roots: 0.19ms
[468.599s][info][gc,phases   ] GC(1029)   Evacuate Collection Set: 16.63ms
[468.599s][info][gc,phases   ] GC(1029)   Post Evacuate Collection Set: 0.43ms
[468.599s][info][gc,phases   ] GC(1029)   Other: 0.07ms
[468.599s][info][gc,heap     ] GC(1029) Eden regions: 126->0(135)
[468.599s][info][gc,heap     ] GC(1029) Survivor regions: 15->8(18)
[468.599s][info][gc,heap     ] GC(1029) Old regions: 64->65
[468.599s][info][gc,heap     ] GC(1029) Humongous regions: 13->3
[468.599s][info][gc,metaspace] GC(1029) Metaspace: 43041K(43392K)->43041K(43392K) NonClass: 40223K(40448K)->40223K(40448K) Class: 2818K(2944K)->2818K(2944K)
[468.599s][info][gc          ] GC(1029) Pause Young (Mixed) (G1 Evacuation Pause) 217M->74M(256M) 17.701ms
[468.599s][info][gc,cpu      ] GC(1029) User=0.03s Sys=0.00s Real=0.01s
[468.674s][info][gc,start    ] GC(1030) Pause Young (Concurrent Start) (G1 Humongous Allocation)
[468.674s][info][gc,task     ] GC(1030) Using 2 workers of 2 for evacuation
[468.677s][info][gc,phases   ] GC(1030)   Pre Evacuate Collection Set: 0.16ms
[468.677s][info][gc,phases   ] GC(1030)   Merge Heap Roots: 0.04ms
[468.677s][info][gc,phases   ] GC(1030)   Evacuate Collection Set: 1.83ms
[468.677s][info][gc,phases   ] GC(1030)   Post Evacuate Collection Set: 0.30ms
[468.677s][info][gc,phases   ] GC(1030)   Other: 0.09ms
[468.677s][info][gc,heap     ] GC(1030) Eden regions: 20->0(147)
[468.677s][info][gc,heap     ] GC(1030) Survivor regions: 8->2(18)
[468.677s][info][gc,heap     ] GC(1030) Old regions: 65->65
[468.677s][info][gc,heap     ] GC(1030) Humongous regions: 3->1
[468.677s][info][gc,metaspace] GC(1030) Metaspace: 43041K(43392K)->43041K(43392K) NonClass: 40223K(40448K)->40223K(40448K) Class: 2818K(2944K)->2818K(2944K)
[468.677s][info][gc          ] GC(1030) Pause Young (Concurrent Start) (G1 Humongous Allocation) 94M->66M(256M) 2.580ms
[468.677s][info][gc,cpu      ] GC(1030) User=0.00s Sys=0.00s Real=0.00s
[468.677s][info][gc          ] GC(1031) Concurrent Mark Cycle
[468.677s][info][gc,marking  ] GC(1031) Concurrent Scan Root Regions
[468.682s][info][gc,marking  ] GC(1031) Concurrent Scan Root Regions 4.523ms
[468.682s][info][gc,marking  ] GC(1031) Concurrent Mark
[468.682s][info][gc,marking  ] GC(1031) Concurrent Mark From Roots
[468.682s][info][gc,task     ] GC(1031) Using 1 workers of 1 for marking
[468.729s][info][gc,marking  ] GC(1031) Concurrent Mark From Roots 47.062ms
[468.729s][info][gc,marking  ] GC(1031) Concurrent Preclean
[468.729s][info][gc,marking  ] GC(1031) Concurrent Preclean 0.039ms
[468.729s][info][gc,start    ] GC(1031) Pause Remark
[468.744s][info][gc          ] GC(1031) Pause Remark 82M->80M(256M) 14.993ms
[468.744s][info][gc,cpu      ] GC(1031) User=0.03s Sys=0.00s Real=0.02s
[468.744s][info][gc,marking  ] GC(1031) Concurrent Mark 62.452ms
[468.744s][info][gc,marking  ] GC(1031) Concurrent Rebuild Remembered Sets and Scrub Regions
[468.767s][info][gc,marking  ] GC(1031) Concurrent Rebuild Remembered Sets and Scrub Regions 23.104ms
[468.767s][info][gc,start    ] GC(1031) Pause Cleanup
[468.767s][info][gc          ] GC(1031) Pause Cleanup 86M->86M(256M) 0.047ms
[468.767s][info][gc,cpu      ] GC(1031) User=0.00s Sys=0.00s Real=0.00s
[468.767s][info][gc,marking  ] GC(1031) Concurrent Clear Claimed Marks
[468.767s][info][gc,marking  ] GC(1031) Concurrent Clear Claimed Marks 0.034ms
[468.767s][info][gc,marking  ] GC(1031) Concurrent Cleanup for Next Mark
[468.768s][info][gc,marking  ] GC(1031) Concurrent Cleanup for Next Mark 0.756ms
[468.768s][info][gc          ] GC(1031) Concurrent Mark Cycle 91.224ms
[469.340s][info][gc,start    ] GC(1032) Pause Young (Prepare Mixed) (G1 Evacuation Pause)
[469.340s][info][gc,task     ] GC(1032) Using 2 workers of 2 for evacuation
[469.347s][info][gc,phases   ] GC(1032)   Pre Evacuate Collection Set: 0.18ms
[469.347s][info][gc,phases   ] GC(1032)   Merge Heap Roots: 0.08ms
[469.347s][info][gc,phases   ] GC(1032)   Evacuate Collection Set: 6.14ms
[469.347s][info][gc,phases   ] GC(1032)   Post Evacuate Collection Set: 0.41ms
[469.347s][info][gc,phases   ] GC(1032)   Other: 0.07ms
[469.347s][info][gc,heap     ] GC(1032) Eden regions: 147->0(144)
[469.347s][info][gc,heap     ] GC(1032) Survivor regions: 2->9(19)
[469.347s][info][gc,heap     ] GC(1032) Old regions: 63->63
[469.347s][info][gc,heap     ] GC(1032) Humongous regions: 15->3
[469.347s][info][gc,metaspace] GC(1032) Metaspace: 43041K(43392K)->43041K(43392K) NonClass: 40223K(40448K)->40223K(40448K) Class: 2818K(2944K)->2818K(2944K)
[469.347s][info][gc          ] GC(1032) Pause Young (Prepare Mixed) (G1 Evacuation Pause) 225M->73M(256M) 7.078ms
[469.347s][info][gc,cpu      ] GC(1032) User=0.01s Sys=0.00s Real=0.01s
[469.838s][info][gc,start    ] GC(1033) Pause Young (Mixed) (G1 Evacuation Pause)
[469.838s][info][gc,task     ] GC(1033) Using 2 workers of 2 for evacuation
[469.867s][info][gc,phases   ] GC(1033)   Pre Evacuate Collection Set: 0.19ms
[469.867s][info][gc,phases   ] GC(1033)   Merge Heap Roots: 0.16ms
[469.867s][info][gc,phases   ] GC(1033)   Evacuate Collection Set: 27.24ms
[469.867s][info][gc,phases   ] GC(1033)   Post Evacuate Collection Set: 0.61ms
[469.867s][info][gc,phases   ] GC(1033)   Other: 0.07ms
[469.867s][info][gc,heap     ] GC(1033) Eden regions: 144->0(133)
[469.867s][info][gc,heap     ] GC(1033) Survivor regions: 9->20(20)
[469.867s][info][gc,heap     ] GC(1033) Old regions: 63->52
[469.867s][info][gc,heap     ] GC(1033) Humongous regions: 3->3
[469.867s][info][gc,metaspace] GC(1033) Metaspace: 43041K(43392K)->43041K(43392K) NonClass: 40223K(40448K)->40223K(40448K) Class: 2818K(2944K)->2818K(2944K)
[469.867s][info][gc          ] GC(1033) Pause Young (Mixed) (G1 Evacuation Pause) 217M->73M(256M) 28.447ms
[469.867s][info][gc,cpu      ] GC(1033) User=0.05s Sys=0.00s Real=0.03s
[470.428s][info][gc,start    ] GC(1034) Pause Young (Concurrent Start) (G1 Evacuation Pause)
[470.428s][info][gc,task     ] GC(1034) Using 2 workers of 2 for evacuation
[470.453s][info][gc,phases   ] GC(1034)   Pre Evacuate Collection Set: 0.21ms
[470.453s][info][gc,phases   ] GC(1034)   Merge Heap Roots: 0.22ms
[470.453s][info][gc,phases   ] GC(1034)   Evacuate Collection Set: 23.62ms
[470.453s][info][gc,phases   ] GC(1034)   Post Evacuate Collection Set: 0.43ms
[470.453s][info][gc,phases   ] GC(1034)   Other: 0.10ms
[470.453s][info][gc,heap     ] GC(1034) Eden regions: 133->0(136)
[470.453s][info][gc,heap     ] GC(1034) Survivor regions: 20->11(20)
[470.453s][info][gc,heap     ] GC(1034) Old regions: 52->63
[470.453s][info][gc,heap     ] GC(1034) Humongous regions: 3->3
[470.453s][info][gc,metaspace] GC(1034) Metaspace: 43041K(43392K)->43041K(43392K) NonClass: 40223K(40448K)->40223K(40448K) Class: 2818K(2944K)->2818K(2944K)
[470.453s][info][gc          ] GC(1034) Pause Young (Concurrent Start) (G1 Evacuation Pause) 206M->76M(256M) 24.752ms
[470.453s][info][gc,cpu      ] GC(1034) User=0.04s Sys=0.00s Real=0.03s
[470.453s][info][gc          ] GC(1035) Concurrent Mark Cycle
[470.453s][info][gc,marking  ] GC(1035) Concurrent Scan Root Regions
[470.467s][info][gc,marking  ] GC(1035) Concurrent Scan Root Regions 14.284ms
[470.467s][info][gc,marking  ] GC(1035) Concurrent Mark
[470.467s][info][gc,marking  ] GC(1035) Concurrent Mark From Roots
[470.467s][info][gc,task     ] GC(1035) Using 1 workers of 1 for marking
[470.517s][info][gc,marking  ] GC(1035) Concurrent Mark From Roots 49.874ms
[470.517s][info][gc,marking  ] GC(1035) Concurrent Preclean
[470.517s][info][gc,marking  ] GC(1035) Concurrent Preclean 0.035ms
[470.517s][info][gc,start    ] GC(1035) Pause Remark
[470.532s][info][gc          ] GC(1035) Pause Remark 88M->87M(256M) 14.688ms
[470.532s][info][gc,cpu      ] GC(1035) User=0.03s Sys=0.01s Real=0.02s
[470.532s][info][gc,marking  ] GC(1035) Concurrent Mark 64.837ms
[470.532s][info][gc,marking  ] GC(1035) Concurrent Rebuild Remembered Sets and Scrub Regions
[470.561s][info][gc,marking  ] GC(1035) Concurrent Rebuild Remembered Sets and Scrub Regions 28.926ms
[470.561s][info][gc,start    ] GC(1035) Pause Cleanup
[470.561s][info][gc          ] GC(1035) Pause Cleanup 93M->93M(256M) 0.043ms
[470.561s][info][gc,cpu      ] GC(1035) User=0.00s Sys=0.00s Real=0.00s
[470.561s][info][gc,marking  ] GC(1035) Concurrent Clear Claimed Marks
[470.561s][info][gc,marking  ] GC(1035) Concurrent Clear Claimed Marks 0.035ms
[470.561s][info][gc,marking  ] GC(1035) Concurrent Cleanup for Next Mark
[470.562s][info][gc,marking  ] GC(1035) Concurrent Cleanup for Next Mark 0.752ms
[470.562s][info][gc          ] GC(1035) Concurrent Mark Cycle 109.162ms
[470.935s][info][gc,start    ] GC(1036) Pause Young (Prepare Mixed) (G1 Evacuation Pause)
[470.935s][info][gc,task     ] GC(1036) Using 2 workers of 2 for evacuation
[470.960s][info][gc,phases   ] GC(1036)   Pre Evacuate Collection Set: 0.18ms
[470.960s][info][gc,phases   ] GC(1036)   Merge Heap Roots: 0.14ms
[470.960s][info][gc,phases   ] GC(1036)   Evacuate Collection Set: 24.29ms
[470.960s][info][gc,phases   ] GC(1036)   Post Evacuate Collection Set: 0.45ms
[470.960s][info][gc,phases   ] GC(1036)   Other: 0.09ms
[470.960s][info][gc,heap     ] GC(1036) Eden regions: 136->0(123)
[470.960s][info][gc,heap     ] GC(1036) Survivor regions: 11->16(19)
[470.960s][info][gc,heap     ] GC(1036) Old regions: 62->73
[470.960s][info][gc,heap     ] GC(1036) Humongous regions: 7->3
[470.960s][info][gc,metaspace] GC(1036) Metaspace: 43041K(43392K)->43041K(43392K) NonClass: 40223K(40448K)->40223K(40448K) Class: 2818K(2944K)->2818K(2944K)
[470.960s][info][gc          ] GC(1036) Pause Young (Prepare Mixed) (G1 Evacuation Pause) 215M->90M(256M) 25.332ms
[470.960s][info][gc,cpu      ] GC(1036) User=0.05s Sys=0.00s Real=0.02s
[471.364s][info][gc,start    ] GC(1037) Pause Young (Mixed) (G1 Evacuation Pause)
[471.364s][info][gc,task     ] GC(1037) Using 2 workers of 2 for evacuation
[471.382s][info][gc,phases   ] GC(1037)   Pre Evacuate Collection Set: 0.20ms
[471.382s][info][gc,phases   ] GC(1037)   Merge Heap Roots: 0.17ms
[471.382s][info][gc,phases   ] GC(1037)   Evacuate Collection Set: 17.38ms
[471.382s][info][gc,phases   ] GC(1037)   Post Evacuate Collection Set: 0.53ms
[471.382s][info][gc,phases   ] GC(1037)   Other: 0.07ms
[471.382s][info][gc,heap     ] GC(1037) Eden regions: 123->0(133)
[471.382s][info][gc,heap     ] GC(1037) Survivor regions: 16->6(18)
[471.382s][info][gc,heap     ] GC(1037) Old regions: 73->75
[471.382s][info][gc,heap     ] GC(1037) Humongous regions: 11->3
[471.382s][info][gc,metaspace] GC(1037) Metaspace: 43041K(43392K)->43041K(43392K) NonClass: 40223K(40448K)->40223K(40448K) Class: 2818K(2944K)->2818K(2944K)
[471.382s][info][gc          ] GC(1037) Pause Young (Mixed) (G1 Evacuation Pause) 221M->83M(256M) 18.519ms
[471.382s][info][gc,cpu      ] GC(1037) User=0.04s Sys=0.01s Real=0.02s
[471.534s][info][gc,start    ] GC(1038) Pause Young (Concurrent Start) (G1 Humongous Allocation)
[471.534s][info][gc,task     ] GC(1038) Using 2 workers of 2 for evacuation
[471.540s][info][gc,phases   ] GC(1038)   Pre Evacuate Collection Set: 0.28ms
[471.540s][info][gc,phases   ] GC(1038)   Merge Heap Roots: 0.11ms
[471.540s][info][gc,phases   ] GC(1038)   Evacuate Collection Set: 3.41ms
[471.540s][info][gc,phases   ] GC(1038)   Post Evacuate Collection Set: 0.46ms
[471.540s][info][gc,phases   ] GC(1038)   Other: 1.77ms
[471.540s][info][gc,heap     ] GC(1038) Eden regions: 34->0(143)
[471.540s][info][gc,heap     ] GC(1038) Survivor regions: 6->2(18)
[471.540s][info][gc,heap     ] GC(1038) Old regions: 75->75
[471.540s][info][gc,heap     ] GC(1038) Humongous regions: 3->1
[471.540s][info][gc,metaspace] GC(1038) Metaspace: 43041K(43392K)->43041K(43392K) NonClass: 40223K(40448K)->40223K(40448K) Class: 2818K(2944K)->2818K(2944K)
[471.540s][info][gc          ] GC(1038) Pause Young (Concurrent Start) (G1 Humongous Allocation) 116M->77M(256M) 6.217ms
[471.540s][info][gc          ] GC(1039) Concurrent Mark Cycle
[471.540s][info][gc,marking  ] GC(1039) Concurrent Scan Root Regions
[471.542s][info][gc,marking  ] GC(1039) Concurrent Scan Root Regions 1.581ms
[471.542s][info][gc,marking  ] GC(1039) Concurrent Mark
[471.542s][info][gc,marking  ] GC(1039) Concurrent Mark From Roots
[471.542s][info][gc,task     ] GC(1039) Using 1 workers of 1 for marking
[471.542s][info][gc,cpu      ] GC(1038) User=0.00s Sys=0.00s Real=0.01s
[471.609s][info][gc,marking  ] GC(1039) Concurrent Mark From Roots 66.743ms
[471.609s][info][gc,marking  ] GC(1039) Concurrent Preclean
[471.609s][info][gc,marking  ] GC(1039) Concurrent Preclean 0.036ms
[471.609s][info][gc,start    ] GC(1039) Pause Remark
[471.625s][info][gc          ] GC(1039) Pause Remark 93M->87M(256M) 16.358ms
[471.625s][info][gc,cpu      ] GC(1039) User=0.03s Sys=0.00s Real=0.02s
[471.625s][info][gc,marking  ] GC(1039) Concurrent Mark 83.426ms
[471.625s][info][gc,marking  ] GC(1039) Concurrent Rebuild Remembered Sets and Scrub Regions
[471.648s][info][gc,marking  ] GC(1039) Concurrent Rebuild Remembered Sets and Scrub Regions 22.215ms
[471.648s][info][gc,start    ] GC(1039) Pause Cleanup
[471.648s][info][gc          ] GC(1039) Pause Cleanup 92M->92M(256M) 0.049ms
[471.648s][info][gc,cpu      ] GC(1039) User=0.00s Sys=0.00s Real=0.00s
[471.648s][info][gc,marking  ] GC(1039) Concurrent Clear Claimed Marks
[471.648s][info][gc,marking  ] GC(1039) Concurrent Clear Claimed Marks 0.035ms
[471.648s][info][gc,marking  ] GC(1039) Concurrent Cleanup for Next Mark
[471.649s][info][gc,marking  ] GC(1039) Concurrent Cleanup for Next Mark 0.753ms
[471.649s][info][gc          ] GC(1039) Concurrent Mark Cycle 108.317ms
[472.094s][info][gc,start    ] GC(1040) Pause Young (Prepare Mixed) (G1 Evacuation Pause)
[472.094s][info][gc,task     ] GC(1040) Using 2 workers of 2 for evacuation
[472.108s][info][gc,phases   ] GC(1040)   Pre Evacuate Collection Set: 0.16ms
[472.108s][info][gc,phases   ] GC(1040)   Merge Heap Roots: 0.06ms
[472.108s][info][gc,phases   ] GC(1040)   Evacuate Collection Set: 13.28ms
[472.108s][info][gc,phases   ] GC(1040)   Post Evacuate Collection Set: 0.40ms
[472.108s][info][gc,phases   ] GC(1040)   Other: 0.11ms
[472.108s][info][gc,heap     ] GC(1040) Eden regions: 143->0(134)
[472.108s][info][gc,heap     ] GC(1040) Survivor regions: 2->14(19)
[472.108s][info][gc,heap     ] GC(1040) Old regions: 69->69
[472.108s][info][gc,heap     ] GC(1040) Humongous regions: 5->3
[472.108s][info][gc,metaspace] GC(1040) Metaspace: 43041K(43392K)->43041K(43392K) NonClass: 40223K(40448K)->40223K(40448K) Class: 2818K(2944K)->2818K(2944K)
[472.108s][info][gc          ] GC(1040) Pause Young (Prepare Mixed) (G1 Evacuation Pause) 218M->85M(256M) 14.183ms
[472.108s][info][gc,cpu      ] GC(1040) User=0.03s Sys=0.00s Real=0.01s
[472.580s][info][gc,start    ] GC(1041) Pause Young (Mixed) (G1 Evacuation Pause)
[472.580s][info][gc,task     ] GC(1041) Using 2 workers of 2 for evacuation
[472.591s][info][gc,phases   ] GC(1041)   Pre Evacuate Collection Set: 0.19ms
[472.591s][info][gc,phases   ] GC(1041)   Merge Heap Roots: 0.09ms
[472.591s][info][gc,phases   ] GC(1041)   Evacuate Collection Set: 10.13ms
[472.591s][info][gc,phases   ] GC(1041)   Post Evacuate Collection Set: 0.43ms
[472.591s][info][gc,phases   ] GC(1041)   Other: 0.07ms
[472.591s][info][gc,heap     ] GC(1041) Eden regions: 134->0(146)
[472.591s][info][gc,heap     ] GC(1041) Survivor regions: 14->7(19)
[472.591s][info][gc,heap     ] GC(1041) Old regions: 69->51
[472.591s][info][gc,heap     ] GC(1041) Humongous regions: 9->3
[472.591s][info][gc,metaspace] GC(1041) Metaspace: 43041K(43392K)->43041K(43392K) NonClass: 40223K(40448K)->40223K(40448K) Class: 2818K(2944K)->2818K(2944K)
[472.591s][info][gc          ] GC(1041) Pause Young (Mixed) (G1 Evacuation Pause) 225M->60M(256M) 11.081ms
[472.591s][info][gc,cpu      ] GC(1041) User=0.02s Sys=0.00s Real=0.01s
[472.621s][info][gc,start    ] GC(1042) Pause Young (Concurrent Start) (G1 Humongous Allocation)
[472.621s][info][gc,task     ] GC(1042) Using 2 workers of 2 for evacuation
[472.622s][info][gc,phases   ] GC(1042)   Pre Evacuate Collection Set: 0.15ms
[472.622s][info][gc,phases   ] GC(1042)   Merge Heap Roots: 0.03ms
[472.622s][info][gc,phases   ] GC(1042)   Evacuate Collection Set: 1.24ms
[472.622s][info][gc,phases   ] GC(1042)   Post Evacuate Collection Set: 0.27ms
[472.622s][info][gc,phases   ] GC(1042)   Other: 0.07ms
[472.623s][info][gc,heap     ] GC(1042) Eden regions: 8->0(151)
[472.623s][info][gc,heap     ] GC(1042) Survivor regions: 7->2(20)
[472.623s][info][gc,heap     ] GC(1042) Old regions: 51->51
[472.623s][info][gc,heap     ] GC(1042) Humongous regions: 3->1
[472.623s][info][gc,metaspace] GC(1042) Metaspace: 43041K(43392K)->43041K(43392K) NonClass: 40223K(40448K)->40223K(40448K) Class: 2818K(2944K)->2818K(2944K)
[472.623s][info][gc          ] GC(1042) Pause Young (Concurrent Start) (G1 Humongous Allocation) 68M->52M(256M) 1.925ms
[472.623s][info][gc,cpu      ] GC(1042) User=0.00s Sys=0.00s Real=0.01s
[472.623s][info][gc          ] GC(1043) Concurrent Mark Cycle
[472.623s][info][gc,marking  ] GC(1043) Concurrent Scan Root Regions
[472.624s][info][gc,marking  ] GC(1043) Concurrent Scan Root Regions 1.382ms
[472.624s][info][gc,marking  ] GC(1043) Concurrent Mark
[472.624s][info][gc,marking  ] GC(1043) Concurrent Mark From Roots
[472.624s][info][gc,task     ] GC(1043) Using 1 workers of 1 for marking
[472.685s][info][gc,marking  ] GC(1043) Concurrent Mark From Roots 61.003ms
[472.685s][info][gc,marking  ] GC(1043) Concurrent Preclean
[472.685s][info][gc,marking  ] GC(1043) Concurrent Preclean 0.033ms
[472.685s][info][gc,start    ] GC(1043) Pause Remark
[472.700s][info][gc          ] GC(1043) Pause Remark 74M->74M(256M) 14.747ms
[472.700s][info][gc,cpu      ] GC(1043) User=0.03s Sys=0.00s Real=0.01s
[472.700s][info][gc,marking  ] GC(1043) Concurrent Mark 76.147ms
[472.700s][info][gc,marking  ] GC(1043) Concurrent Rebuild Remembered Sets and Scrub Regions
[472.727s][info][gc,marking  ] GC(1043) Concurrent Rebuild Remembered Sets and Scrub Regions 26.821ms
[472.727s][info][gc,start    ] GC(1043) Pause Cleanup
[472.727s][info][gc          ] GC(1043) Pause Cleanup 81M->81M(256M) 0.043ms
[472.727s][info][gc,cpu      ] GC(1043) User=0.00s Sys=0.00s Real=0.00s
[472.727s][info][gc,marking  ] GC(1043) Concurrent Clear Claimed Marks
[472.727s][info][gc,marking  ] GC(1043) Concurrent Clear Claimed Marks 0.035ms
[472.727s][info][gc,marking  ] GC(1043) Concurrent Cleanup for Next Mark
[472.728s][info][gc,marking  ] GC(1043) Concurrent Cleanup for Next Mark 0.749ms
[472.728s][info][gc          ] GC(1043) Concurrent Mark Cycle 105.498ms
[473.145s][info][gc,start    ] GC(1044) Pause Young (Prepare Mixed) (G1 Evacuation Pause)
[473.145s][info][gc,task     ] GC(1044) Using 2 workers of 2 for evacuation
[473.158s][info][gc,phases   ] GC(1044)   Pre Evacuate Collection Set: 0.16ms
[473.158s][info][gc,phases   ] GC(1044)   Merge Heap Roots: 0.07ms
[473.158s][info][gc,phases   ] GC(1044)   Evacuate Collection Set: 11.90ms
[473.158s][info][gc,phases   ] GC(1044)   Post Evacuate Collection Set: 0.43ms
[473.158s][info][gc,phases   ] GC(1044)   Other: 0.10ms
[473.158s][info][gc,heap     ] GC(1044) Eden regions: 151->0(140)
[473.158s][info][gc,heap     ] GC(1044) Survivor regions: 2->13(20)
[473.158s][info][gc,heap     ] GC(1044) Old regions: 51->51
[473.158s][info][gc,heap     ] GC(1044) Humongous regions: 5->3
[473.158s][info][gc,metaspace] GC(1044) Metaspace: 43041K(43392K)->43041K(43392K) NonClass: 40223K(40448K)->40223K(40448K) Class: 2818K(2944K)->2818K(2944K)
[473.158s][info][gc          ] GC(1044) Pause Young (Prepare Mixed) (G1 Evacuation Pause) 207M->65M(256M) 12.835ms
[473.158s][info][gc,cpu      ] GC(1044) User=0.03s Sys=0.01s Real=0.01s
[473.669s][info][gc,start    ] GC(1045) Pause Young (Mixed) (G1 Evacuation Pause)
[473.669s][info][gc,task     ] GC(1045) Using 2 workers of 2 for evacuation
[473.681s][info][gc,phases   ] GC(1045)   Pre Evacuate Collection Set: 0.18ms
[473.681s][info][gc,phases   ] GC(1045)   Merge Heap Roots: 0.10ms
[473.681s][info][gc,phases   ] GC(1045)   Evacuate Collection Set: 10.68ms
[473.681s][info][gc,phases   ] GC(1045)   Post Evacuate Collection Set: 0.43ms
[473.681s][info][gc,phases   ] GC(1045)   Other: 0.09ms
[473.681s][info][gc,heap     ] GC(1045) Eden regions: 140->0(147)
[473.681s][info][gc,heap     ] GC(1045) Survivor regions: 13->6(20)
[473.681s][info][gc,heap     ] GC(1045) Old regions: 51->50
[473.681s][info][gc,heap     ] GC(1045) Humongous regions: 7->3
[473.681s][info][gc,metaspace] GC(1045) Metaspace: 43041K(43392K)->43041K(43392K) NonClass: 40223K(40448K)->40223K(40448K) Class: 2818K(2944K)->2818K(2944K)
[473.681s][info][gc          ] GC(1045) Pause Young (Mixed) (G1 Evacuation Pause) 209M->58M(256M) 11.642ms
[473.681s][info][gc,cpu      ] GC(1045) User=0.02s Sys=0.00s Real=0.01s
[473.770s][info][gc,start    ] GC(1046) Pause Young (Concurrent Start) (G1 Humongous Allocation)
[473.770s][info][gc,task     ] GC(1046) Using 2 workers of 2 for evacuation
[473.772s][info][gc,phases   ] GC(1046)   Pre Evacuate Collection Set: 0.21ms
[473.772s][info][gc,phases   ] GC(1046)   Merge Heap Roots: 0.05ms
[473.772s][info][gc,phases   ] GC(1046)   Evacuate Collection Set: 2.00ms
[473.772s][info][gc,phases   ] GC(1046)   Post Evacuate Collection Set: 0.28ms
[473.772s][info][gc,phases   ] GC(1046)   Other: 0.12ms
[473.772s][info][gc,heap     ] GC(1046) Eden regions: 22->0(151)
[473.772s][info][gc,heap     ] GC(1046) Survivor regions: 6->2(20)
[473.772s][info][gc,heap     ] GC(1046) Old regions: 50->50
[473.772s][info][gc,heap     ] GC(1046) Humongous regions: 3->1
[473.772s][info][gc,metaspace] GC(1046) Metaspace: 43041K(43392K)->43041K(43392K) NonClass: 40223K(40448K)->40223K(40448K) Class: 2818K(2944K)->2818K(2944K)
[473.772s][info][gc          ] GC(1046) Pause Young (Concurrent Start) (G1 Humongous Allocation) 79M->51M(256M) 2.818ms
[473.772s][info][gc,cpu      ] GC(1046) User=0.01s Sys=0.00s Real=0.01s
[473.772s][info][gc          ] GC(1047) Concurrent Mark Cycle
[473.773s][info][gc,marking  ] GC(1047) Concurrent Scan Root Regions
[473.775s][info][gc,marking  ] GC(1047) Concurrent Scan Root Regions 1.758ms
[473.775s][info][gc,marking  ] GC(1047) Concurrent Mark
[473.775s][info][gc,marking  ] GC(1047) Concurrent Mark From Roots
[473.775s][info][gc,task     ] GC(1047) Using 1 workers of 1 for marking
[473.834s][info][gc,marking  ] GC(1047) Concurrent Mark From Roots 59.587ms
[473.834s][info][gc,marking  ] GC(1047) Concurrent Preclean
[473.835s][info][gc,marking  ] GC(1047) Concurrent Preclean 0.033ms
[473.835s][info][gc,start    ] GC(1047) Pause Remark
[473.850s][info][gc          ] GC(1047) Pause Remark 70M->70M(256M) 15.129ms
[473.850s][info][gc,cpu      ] GC(1047) User=0.02s Sys=0.00s Real=0.01s
[473.850s][info][gc,marking  ] GC(1047) Concurrent Mark 74.910ms
[473.850s][info][gc,marking  ] GC(1047) Concurrent Rebuild Remembered Sets and Scrub Regions
[473.873s][info][gc,marking  ] GC(1047) Concurrent Rebuild Remembered Sets and Scrub Regions 22.882ms
[473.873s][info][gc,start    ] GC(1047) Pause Cleanup
[473.873s][info][gc          ] GC(1047) Pause Cleanup 70M->70M(256M) 0.038ms
[473.873s][info][gc,cpu      ] GC(1047) User=0.00s Sys=0.00s Real=0.00s
[473.873s][info][gc,marking  ] GC(1047) Concurrent Clear Claimed Marks
[473.873s][info][gc,marking  ] GC(1047) Concurrent Clear Claimed Marks 0.032ms
[473.873s][info][gc,marking  ] GC(1047) Concurrent Cleanup for Next Mark
[473.874s][info][gc,marking  ] GC(1047) Concurrent Cleanup for Next Mark 0.724ms
[473.874s][info][gc          ] GC(1047) Concurrent Mark Cycle 101.101ms
[474.271s][info][gc,start    ] GC(1048) Pause Young (Prepare Mixed) (G1 Evacuation Pause)
[474.271s][info][gc,task     ] GC(1048) Using 2 workers of 2 for evacuation
[474.304s][info][gc,phases   ] GC(1048)   Pre Evacuate Collection Set: 0.19ms
[474.304s][info][gc,phases   ] GC(1048)   Merge Heap Roots: 0.09ms
[474.304s][info][gc,phases   ] GC(1048)   Evacuate Collection Set: 32.49ms
[474.304s][info][gc,phases   ] GC(1048)   Post Evacuate Collection Set: 0.53ms
[474.305s][info][gc,phases   ] GC(1048)   Other: 0.07ms
[474.305s][info][gc,heap     ] GC(1048) Eden regions: 151->0(119)
[474.305s][info][gc,heap     ] GC(1048) Survivor regions: 2->20(20)
[474.305s][info][gc,heap     ] GC(1048) Old regions: 50->66
[474.305s][info][gc,heap     ] GC(1048) Humongous regions: 5->3
[474.305s][info][gc,metaspace] GC(1048) Metaspace: 43041K(43392K)->43041K(43392K) NonClass: 40223K(40448K)->40223K(40448K) Class: 2818K(2944K)->2818K(2944K)
[474.305s][info][gc          ] GC(1048) Pause Young (Prepare Mixed) (G1 Evacuation Pause) 206M->89M(256M) 33.556ms
[474.305s][info][gc,cpu      ] GC(1048) User=0.06s Sys=0.00s Real=0.04s
[474.801s][info][gc,start    ] GC(1049) Pause Young (Mixed) (G1 Evacuation Pause)
[474.801s][info][gc,task     ] GC(1049) Using 2 workers of 2 for evacuation
[474.861s][info][gc,phases   ] GC(1049)   Pre Evacuate Collection Set: 0.17ms
[474.861s][info][gc,phases   ] GC(1049)   Merge Heap Roots: 0.22ms
[474.861s][info][gc,phases   ] GC(1049)   Evacuate Collection Set: 59.36ms
[474.861s][info][gc,phases   ] GC(1049)   Post Evacuate Collection Set: 0.47ms
[474.861s][info][gc,phases   ] GC(1049)   Other: 0.07ms
[474.861s][info][gc,heap     ] GC(1049) Eden regions: 119->0(95)
[474.861s][info][gc,heap     ] GC(1049) Survivor regions: 20->18(18)
[474.861s][info][gc,heap     ] GC(1049) Old regions: 66->95
[474.861s][info][gc,heap     ] GC(1049) Humongous regions: 3->3
[474.861s][info][gc,metaspace] GC(1049) Metaspace: 43041K(43392K)->43041K(43392K) NonClass: 40223K(40448K)->40223K(40448K) Class: 2818K(2944K)->2818K(2944K)
[474.861s][info][gc          ] GC(1049) Pause Young (Mixed) (G1 Evacuation Pause) 208M->116M(259M) 60.461ms
[474.861s][info][gc,cpu      ] GC(1049) User=0.12s Sys=0.00s Real=0.07s
[475.307s][info][gc,start    ] GC(1050) Pause Young (Concurrent Start) (G1 Evacuation Pause)
[475.307s][info][gc,task     ] GC(1050) Using 2 workers of 2 for evacuation
[475.362s][info][gc,phases   ] GC(1050)   Pre Evacuate Collection Set: 0.20ms
[475.362s][info][gc,phases   ] GC(1050)   Merge Heap Roots: 0.28ms
[475.362s][info][gc,phases   ] GC(1050)   Evacuate Collection Set: 54.14ms
[475.362s][info][gc,phases   ] GC(1050)   Post Evacuate Collection Set: 0.42ms
[475.362s][info][gc,phases   ] GC(1050)   Other: 0.10ms
[475.362s][info][gc,heap     ] GC(1050) Eden regions: 95->0(73)
[475.362s][info][gc,heap     ] GC(1050) Survivor regions: 18->15(15)
[475.362s][info][gc,heap     ] GC(1050) Old regions: 95->125
[475.362s][info][gc,heap     ] GC(1050) Humongous regions: 3->3
[475.362s][info][gc,metaspace] GC(1050) Metaspace: 43041K(43392K)->43041K(43392K) NonClass: 40223K(40448K)->40223K(40448K) Class: 2818K(2944K)->2818K(2944K)
[475.363s][info][gc          ] GC(1050) Pause Young (Concurrent Start) (G1 Evacuation Pause) 211M->142M(259M) 55.330ms
[475.363s][info][gc          ] GC(1051) Concurrent Mark Cycle
[475.363s][info][gc,marking  ] GC(1051) Concurrent Scan Root Regions
[475.363s][info][gc,cpu      ] GC(1050) User=0.10s Sys=0.01s Real=0.06s
[475.427s][info][gc,marking  ] GC(1051) Concurrent Scan Root Regions 64.759ms
[475.427s][info][gc,marking  ] GC(1051) Concurrent Mark
[475.427s][info][gc,marking  ] GC(1051) Concurrent Mark From Roots
[475.427s][info][gc,task     ] GC(1051) Using 1 workers of 1 for marking
[475.639s][info][gc,marking  ] GC(1051) Concurrent Mark From Roots 212.019ms
[475.639s][info][gc,marking  ] GC(1051) Concurrent Preclean
[475.639s][info][gc,marking  ] GC(1051) Concurrent Preclean 0.040ms
[475.640s][info][gc,start    ] GC(1051) Pause Remark
[475.654s][info][gc          ] GC(1051) Pause Remark 185M->185M(259M) 14.784ms
[475.654s][info][gc,cpu      ] GC(1051) User=0.03s Sys=0.00s Real=0.02s
[475.654s][info][gc,marking  ] GC(1051) Concurrent Mark 227.149ms
[475.655s][info][gc,marking  ] GC(1051) Concurrent Rebuild Remembered Sets and Scrub Regions
[475.727s][info][gc,marking  ] GC(1051) Concurrent Rebuild Remembered Sets and Scrub Regions 71.983ms
[475.727s][info][gc,start    ] GC(1051) Pause Cleanup
[475.727s][info][gc          ] GC(1051) Pause Cleanup 196M->196M(259M) 0.065ms
[475.727s][info][gc,cpu      ] GC(1051) User=0.00s Sys=0.00s Real=0.00s
[475.727s][info][gc,marking  ] GC(1051) Concurrent Clear Claimed Marks
[475.727s][info][gc,marking  ] GC(1051) Concurrent Clear Claimed Marks 0.041ms
[475.727s][info][gc,marking  ] GC(1051) Concurrent Cleanup for Next Mark
[475.728s][info][gc,marking  ] GC(1051) Concurrent Cleanup for Next Mark 0.788ms
[475.728s][info][gc          ] GC(1051) Concurrent Mark Cycle 365.103ms
[475.823s][info][gc,start    ] GC(1052) Pause Young (Prepare Mixed) (G1 Evacuation Pause)
[475.823s][info][gc,task     ] GC(1052) Using 2 workers of 2 for evacuation
[475.865s][info][gc,phases   ] GC(1052)   Pre Evacuate Collection Set: 0.18ms
[475.865s][info][gc,phases   ] GC(1052)   Merge Heap Roots: 0.33ms
[475.866s][info][gc,phases   ] GC(1052)   Evacuate Collection Set: 41.06ms
[475.866s][info][gc,phases   ] GC(1052)   Post Evacuate Collection Set: 0.38ms
[475.866s][info][gc,phases   ] GC(1052)   Other: 0.08ms
[475.866s][info][gc,heap     ] GC(1052) Eden regions: 73->0(59)
[475.866s][info][gc,heap     ] GC(1052) Survivor regions: 15->11(11)
[475.866s][info][gc,heap     ] GC(1052) Old regions: 125->148
[475.866s][info][gc,heap     ] GC(1052) Humongous regions: 3->3
[475.866s][info][gc,metaspace] GC(1052) Metaspace: 43041K(43392K)->43041K(43392K) NonClass: 40223K(40448K)->40223K(40448K) Class: 2818K(2944K)->2818K(2944K)
[475.866s][info][gc          ] GC(1052) Pause Young (Prepare Mixed) (G1 Evacuation Pause) 215M->162M(259M) 42.197ms
[475.866s][info][gc,cpu      ] GC(1052) User=0.08s Sys=0.00s Real=0.04s
[476.141s][info][gc,start    ] GC(1053) Pause Young (Mixed) (G1 Evacuation Pause)
[476.141s][info][gc,task     ] GC(1053) Using 2 workers of 2 for evacuation
[476.179s][info][gc,phases   ] GC(1053)   Pre Evacuate Collection Set: 0.17ms
[476.179s][info][gc,phases   ] GC(1053)   Merge Heap Roots: 0.26ms
[476.179s][info][gc,phases   ] GC(1053)   Evacuate Collection Set: 37.97ms
[476.179s][info][gc,phases   ] GC(1053)   Post Evacuate Collection Set: 0.35ms
[476.179s][info][gc,phases   ] GC(1053)   Other: 0.07ms
[476.179s][info][gc,heap     ] GC(1053) Eden regions: 59->0(53)
[476.179s][info][gc,heap     ] GC(1053) Survivor regions: 11->9(9)
[476.180s][info][gc,heap     ] GC(1053) Old regions: 148->159
[476.180s][info][gc,heap     ] GC(1053) Humongous regions: 3->1
[476.180s][info][gc,metaspace] GC(1053) Metaspace: 43041K(43392K)->43041K(43392K) NonClass: 40223K(40448K)->40223K(40448K) Class: 2818K(2944K)->2818K(2944K)
[476.180s][info][gc          ] GC(1053) Pause Young (Mixed) (G1 Evacuation Pause) 221M->168M(259M) 38.996ms
[476.180s][info][gc,cpu      ] GC(1053) User=0.07s Sys=0.00s Real=0.04s
[476.194s][info][gc,start    ] GC(1054) Pause Young (Concurrent Start) (G1 Humongous Allocation)
[476.194s][info][gc,task     ] GC(1054) Using 2 workers of 2 for evacuation
[476.207s][info][gc,phases   ] GC(1054)   Pre Evacuate Collection Set: 0.17ms
[476.207s][info][gc,phases   ] GC(1054)   Merge Heap Roots: 0.10ms
[476.207s][info][gc,phases   ] GC(1054)   Evacuate Collection Set: 11.21ms
[476.207s][info][gc,phases   ] GC(1054)   Post Evacuate Collection Set: 1.22ms
[476.207s][info][gc,phases   ] GC(1054)   Other: 0.07ms
[476.207s][info][gc,heap     ] GC(1054) Eden regions: 2->0(155)
[476.207s][info][gc,heap     ] GC(1054) Survivor regions: 9->1(8)
[476.207s][info][gc,heap     ] GC(1054) Old regions: 159->168
[476.207s][info][gc,heap     ] GC(1054) Humongous regions: 1->1
[476.207s][info][gc,metaspace] GC(1054) Metaspace: 43041K(43392K)->43041K(43392K) NonClass: 40223K(40448K)->40223K(40448K) Class: 2818K(2944K)->2818K(2944K)
[476.207s][info][gc          ] GC(1054) Pause Young (Concurrent Start) (G1 Humongous Allocation) 170M->170M(403M) 12.928ms
[476.207s][info][gc,cpu      ] GC(1054) User=0.02s Sys=0.00s Real=0.01s
[476.207s][info][gc          ] GC(1055) Concurrent Undo Cycle
[476.207s][info][gc,marking  ] GC(1055) Concurrent Clear Claimed Marks
[476.207s][info][gc,marking  ] GC(1055) Concurrent Clear Claimed Marks 0.032ms
[476.207s][info][gc,marking  ] GC(1055) Concurrent Cleanup for Next Mark
[476.208s][info][gc,marking  ] GC(1055) Concurrent Cleanup for Next Mark 1.108ms
[476.208s][info][gc          ] GC(1055) Concurrent Undo Cycle 1.200ms
[476.671s][info][gc,start    ] GC(1056) Pause Young (Concurrent Start) (G1 Humongous Allocation)
[476.671s][info][gc,task     ] GC(1056) Using 2 workers of 2 for evacuation
[476.674s][info][gc,phases   ] GC(1056)   Pre Evacuate Collection Set: 0.22ms
[476.674s][info][gc,phases   ] GC(1056)   Merge Heap Roots: 0.07ms
[476.674s][info][gc,phases   ] GC(1056)   Evacuate Collection Set: 1.59ms
[476.674s][info][gc,phases   ] GC(1056)   Post Evacuate Collection Set: 0.32ms
[476.674s][info][gc,phases   ] GC(1056)   Other: 0.08ms
[476.674s][info][gc,heap     ] GC(1056) Eden regions: 106->0(167)
[476.674s][info][gc,heap     ] GC(1056) Survivor regions: 1->1(20)
[476.674s][info][gc,heap     ] GC(1056) Old regions: 168->168
[476.674s][info][gc,heap     ] GC(1056) Humongous regions: 3->1
[476.674s][info][gc,metaspace] GC(1056) Metaspace: 43041K(43392K)->43041K(43392K) NonClass: 40223K(40448K)->40223K(40448K) Class: 2818K(2944K)->2818K(2944K)
[476.674s][info][gc          ] GC(1056) Pause Young (Concurrent Start) (G1 Humongous Allocation) 277M->169M(403M) 2.461ms
[476.674s][info][gc          ] GC(1057) Concurrent Mark Cycle
[476.674s][info][gc,marking  ] GC(1057) Concurrent Scan Root Regions
[476.675s][info][gc,marking  ] GC(1057) Concurrent Scan Root Regions 1.200ms
[476.675s][info][gc,marking  ] GC(1057) Concurrent Mark
[476.675s][info][gc,marking  ] GC(1057) Concurrent Mark From Roots
[476.675s][info][gc,task     ] GC(1057) Using 1 workers of 1 for marking
[476.675s][info][gc,cpu      ] GC(1056) User=0.00s Sys=0.00s Real=0.00s
[476.743s][info][gc,marking  ] GC(1057) Concurrent Mark From Roots 68.198ms
[476.743s][info][gc,marking  ] GC(1057) Concurrent Preclean
[476.743s][info][gc,marking  ] GC(1057) Concurrent Preclean 0.033ms
[476.744s][info][gc,start    ] GC(1057) Pause Remark
[476.770s][info][gc          ] GC(1057) Pause Remark 187M->136M(403M) 26.174ms
[476.770s][info][gc,cpu      ] GC(1057) User=0.03s Sys=0.00s Real=0.02s
[476.770s][info][gc,marking  ] GC(1057) Concurrent Mark 95.128ms
[476.770s][info][gc,marking  ] GC(1057) Concurrent Rebuild Remembered Sets and Scrub Regions
[476.798s][info][gc,marking  ] GC(1057) Concurrent Rebuild Remembered Sets and Scrub Regions 27.792ms
[476.798s][info][gc,start    ] GC(1057) Pause Cleanup
[476.798s][info][gc          ] GC(1057) Pause Cleanup 137M->137M(403M) 0.112ms
[476.798s][info][gc,cpu      ] GC(1057) User=0.00s Sys=0.00s Real=0.00s
[476.799s][info][gc,marking  ] GC(1057) Concurrent Clear Claimed Marks
[476.799s][info][gc,marking  ] GC(1057) Concurrent Clear Claimed Marks 0.051ms
[476.799s][info][gc,marking  ] GC(1057) Concurrent Cleanup for Next Mark
[476.802s][info][gc,marking  ] GC(1057) Concurrent Cleanup for Next Mark 2.820ms
[476.802s][info][gc          ] GC(1057) Concurrent Mark Cycle 128.396ms
[477.420s][info][gc,start    ] GC(1058) Pause Young (Prepare Mixed) (G1 Evacuation Pause)
[477.420s][info][gc,task     ] GC(1058) Using 2 workers of 2 for evacuation
[477.423s][info][gc,phases   ] GC(1058)   Pre Evacuate Collection Set: 0.21ms
[477.423s][info][gc,phases   ] GC(1058)   Merge Heap Roots: 0.06ms
[477.423s][info][gc,phases   ] GC(1058)   Evacuate Collection Set: 2.18ms
[477.423s][info][gc,phases   ] GC(1058)   Post Evacuate Collection Set: 0.40ms
[477.423s][info][gc,phases   ] GC(1058)   Other: 0.07ms
[477.423s][info][gc,heap     ] GC(1058) Eden regions: 167->0(220)
[477.423s][info][gc,heap     ] GC(1058) Survivor regions: 1->2(21)
[477.423s][info][gc,heap     ] GC(1058) Old regions: 117->117
[477.423s][info][gc,heap     ] GC(1058) Humongous regions: 11->1
[477.423s][info][gc,metaspace] GC(1058) Metaspace: 43041K(43392K)->43041K(43392K) NonClass: 40223K(40448K)->40223K(40448K) Class: 2818K(2944K)->2818K(2944K)
[477.423s][info][gc          ] GC(1058) Pause Young (Prepare Mixed) (G1 Evacuation Pause) 295M->119M(403M) 3.109ms
[477.423s][info][gc,cpu      ] GC(1058) User=0.01s Sys=0.00s Real=0.01s
[478.035s][info][gc,start    ] GC(1059) Pause Young (Mixed) (G1 Evacuation Pause)
[478.036s][info][gc,task     ] GC(1059) Using 2 workers of 2 for evacuation
[478.048s][info][gc,phases   ] GC(1059)   Pre Evacuate Collection Set: 0.23ms
[478.048s][info][gc,phases   ] GC(1059)   Merge Heap Roots: 0.10ms
[478.048s][info][gc,phases   ] GC(1059)   Evacuate Collection Set: 11.91ms
[478.048s][info][gc,phases   ] GC(1059)   Post Evacuate Collection Set: 0.55ms
[478.048s][info][gc,phases   ] GC(1059)   Other: 0.07ms
[478.048s][info][gc,heap     ] GC(1059) Eden regions: 220->0(225)
[478.048s][info][gc,heap     ] GC(1059) Survivor regions: 2->16(28)
[478.048s][info][gc,heap     ] GC(1059) Old regions: 117->77
[478.049s][info][gc,heap     ] GC(1059) Humongous regions: 5->3
[478.049s][info][gc,metaspace] GC(1059) Metaspace: 43041K(43392K)->43041K(43392K) NonClass: 40223K(40448K)->40223K(40448K) Class: 2818K(2944K)->2818K(2944K)
[478.049s][info][gc          ] GC(1059) Pause Young (Mixed) (G1 Evacuation Pause) 343M->95M(403M) 13.075ms
[478.049s][info][gc,cpu      ] GC(1059) User=0.03s Sys=0.00s Real=0.01s
[478.723s][info][gc,start    ] GC(1060) Pause Young (Mixed) (G1 Evacuation Pause)
[478.723s][info][gc,task     ] GC(1060) Using 2 workers of 2 for evacuation
[478.734s][info][gc,phases   ] GC(1060)   Pre Evacuate Collection Set: 0.22ms
[478.734s][info][gc,phases   ] GC(1060)   Merge Heap Roots: 0.10ms
[478.734s][info][gc,phases   ] GC(1060)   Evacuate Collection Set: 10.61ms
[478.734s][info][gc,phases   ] GC(1060)   Post Evacuate Collection Set: 0.51ms
[478.734s][info][gc,phases   ] GC(1060)   Other: 0.08ms
[478.734s][info][gc,heap     ] GC(1060) Eden regions: 225->0(224)
[478.735s][info][gc,heap     ] GC(1060) Survivor regions: 16->17(31)
[478.735s][info][gc,heap     ] GC(1060) Old regions: 77->62
[478.735s][info][gc,heap     ] GC(1060) Humongous regions: 5->4
[478.735s][info][gc,metaspace] GC(1060) Metaspace: 43041K(43392K)->43041K(43392K) NonClass: 40223K(40448K)->40223K(40448K) Class: 2818K(2944K)->2818K(2944K)
[478.735s][info][gc          ] GC(1060) Pause Young (Mixed) (G1 Evacuation Pause) 322M->81M(403M) 11.711ms
[478.735s][info][gc,cpu      ] GC(1060) User=0.02s Sys=0.00s Real=0.01s
[479.444s][info][gc,start    ] GC(1061) Pause Young (Concurrent Start) (G1 Evacuation Pause)
[479.444s][info][gc,task     ] GC(1061) Using 2 workers of 2 for evacuation
[479.458s][info][gc,phases   ] GC(1061)   Pre Evacuate Collection Set: 0.22ms
[479.458s][info][gc,phases   ] GC(1061)   Merge Heap Roots: 0.07ms
[479.458s][info][gc,phases   ] GC(1061)   Evacuate Collection Set: 13.73ms
[479.458s][info][gc,phases   ] GC(1061)   Post Evacuate Collection Set: 0.49ms
[479.458s][info][gc,phases   ] GC(1061)   Other: 0.11ms
[479.458s][info][gc,heap     ] GC(1061) Eden regions: 224->0(221)
[479.458s][info][gc,heap     ] GC(1061) Survivor regions: 17->20(31)
[479.458s][info][gc,heap     ] GC(1061) Old regions: 62->62
[479.458s][info][gc,heap     ] GC(1061) Humongous regions: 4->3
[479.458s][info][gc,metaspace] GC(1061) Metaspace: 43041K(43392K)->43041K(43392K) NonClass: 40223K(40448K)->40223K(40448K) Class: 2818K(2944K)->2818K(2944K)
[479.459s][info][gc          ] GC(1061) Pause Young (Concurrent Start) (G1 Evacuation Pause) 305M->84M(403M) 14.798ms
[479.459s][info][gc          ] GC(1062) Concurrent Mark Cycle
[479.459s][info][gc,marking  ] GC(1062) Concurrent Scan Root Regions
[479.460s][info][gc,cpu      ] GC(1061) User=0.03s Sys=0.00s Real=0.01s
[479.470s][info][gc,marking  ] GC(1062) Concurrent Scan Root Regions 11.365ms
[479.470s][info][gc,marking  ] GC(1062) Concurrent Mark
[479.470s][info][gc,marking  ] GC(1062) Concurrent Mark From Roots
[479.470s][info][gc,task     ] GC(1062) Using 1 workers of 1 for marking
[479.533s][info][gc,marking  ] GC(1062) Concurrent Mark From Roots 63.196ms
[479.533s][info][gc,marking  ] GC(1062) Concurrent Preclean
[479.533s][info][gc,marking  ] GC(1062) Concurrent Preclean 0.032ms
[479.533s][info][gc,start    ] GC(1062) Pause Remark
[479.548s][info][gc          ] GC(1062) Pause Remark 105M->105M(284M) 14.936ms
[479.548s][info][gc,cpu      ] GC(1062) User=0.02s Sys=0.00s Real=0.01s
[479.548s][info][gc,marking  ] GC(1062) Concurrent Mark 78.446ms
[479.548s][info][gc,marking  ] GC(1062) Concurrent Rebuild Remembered Sets and Scrub Regions
[479.572s][info][gc,marking  ] GC(1062) Concurrent Rebuild Remembered Sets and Scrub Regions 23.859ms
[479.572s][info][gc,start    ] GC(1062) Pause Cleanup
[479.572s][info][gc          ] GC(1062) Pause Cleanup 113M->113M(284M) 0.044ms
[479.572s][info][gc,cpu      ] GC(1062) User=0.00s Sys=0.00s Real=0.00s
[479.573s][info][gc,marking  ] GC(1062) Concurrent Clear Claimed Marks
[479.573s][info][gc,marking  ] GC(1062) Concurrent Clear Claimed Marks 0.035ms
[479.573s][info][gc,marking  ] GC(1062) Concurrent Cleanup for Next Mark
[479.573s][info][gc,marking  ] GC(1062) Concurrent Cleanup for Next Mark 0.815ms
[479.573s][info][gc          ] GC(1062) Concurrent Mark Cycle 114.857ms
[479.977s][info][gc,start    ] GC(1063) Pause Young (Prepare Mixed) (G1 Evacuation Pause)
[479.977s][info][gc,task     ] GC(1063) Using 2 workers of 2 for evacuation
[479.985s][info][gc,phases   ] GC(1063)   Pre Evacuate Collection Set: 0.18ms
[479.985s][info][gc,phases   ] GC(1063)   Merge Heap Roots: 0.08ms
[479.985s][info][gc,phases   ] GC(1063)   Evacuate Collection Set: 7.10ms
[479.985s][info][gc,phases   ] GC(1063)   Post Evacuate Collection Set: 0.41ms
[479.985s][info][gc,phases   ] GC(1063)   Other: 0.08ms
[479.985s][info][gc,heap     ] GC(1063) Eden regions: 150->0(168)
[479.985s][info][gc,heap     ] GC(1063) Survivor regions: 20->2(22)
[479.985s][info][gc,heap     ] GC(1063) Old regions: 62->70
[479.985s][info][gc,heap     ] GC(1063) Humongous regions: 4->3
[479.985s][info][gc,metaspace] GC(1063) Metaspace: 43041K(43392K)->43041K(43392K) NonClass: 40223K(40448K)->40223K(40448K) Class: 2818K(2944K)->2818K(2944K)
[479.985s][info][gc          ] GC(1063) Pause Young (Prepare Mixed) (G1 Evacuation Pause) 235M->74M(284M) 8.035ms
[479.985s][info][gc,cpu      ] GC(1063) User=0.02s Sys=0.00s Real=0.01s
[480.502s][info][gc,start    ] GC(1064) Pause Young (Mixed) (G1 Evacuation Pause)
[480.502s][info][gc,task     ] GC(1064) Using 2 workers of 2 for evacuation
[480.548s][info][gc,phases   ] GC(1064)   Pre Evacuate Collection Set: 0.35ms
[480.549s][info][gc,phases   ] GC(1064)   Merge Heap Roots: 0.10ms
[480.549s][info][gc,phases   ] GC(1064)   Evacuate Collection Set: 45.24ms
[480.549s][info][gc,phases   ] GC(1064)   Post Evacuate Collection Set: 0.54ms
[480.549s][info][gc,phases   ] GC(1064)   Other: 0.07ms
[480.549s][info][gc,heap     ] GC(1064) Eden regions: 168->0(96)
[480.549s][info][gc,heap     ] GC(1064) Survivor regions: 2->22(22)
[480.549s][info][gc,heap     ] GC(1064) Old regions: 70->103
[480.549s][info][gc,heap     ] GC(1064) Humongous regions: 4->4
[480.549s][info][gc,metaspace] GC(1064) Metaspace: 43041K(43392K)->43041K(43392K) NonClass: 40223K(40448K)->40223K(40448K) Class: 2818K(2944K)->2818K(2944K)
[480.549s][info][gc          ] GC(1064) Pause Young (Mixed) (G1 Evacuation Pause) 243M->128M(304M) 46.499ms
[480.549s][info][gc,cpu      ] GC(1064) User=0.07s Sys=0.01s Real=0.04s
[480.886s][info][gc,start    ] GC(1065) Pause Young (Concurrent Start) (G1 Evacuation Pause)
[480.886s][info][gc,task     ] GC(1065) Using 2 workers of 2 for evacuation
[480.944s][info][gc,phases   ] GC(1065)   Pre Evacuate Collection Set: 0.18ms
[480.944s][info][gc,phases   ] GC(1065)   Merge Heap Roots: 0.26ms
[480.944s][info][gc,phases   ] GC(1065)   Evacuate Collection Set: 56.77ms
[480.944s][info][gc,phases   ] GC(1065)   Post Evacuate Collection Set: 0.45ms
[480.944s][info][gc,phases   ] GC(1065)   Other: 0.11ms
[480.944s][info][gc,heap     ] GC(1065) Eden regions: 96->0(54)
[480.944s][info][gc,heap     ] GC(1065) Survivor regions: 22->15(15)
[480.944s][info][gc,heap     ] GC(1065) Old regions: 103->168
[480.944s][info][gc,heap     ] GC(1065) Humongous regions: 4->4
[480.944s][info][gc,metaspace] GC(1065) Metaspace: 43041K(43392K)->43041K(43392K) NonClass: 40223K(40448K)->40223K(40448K) Class: 2818K(2944K)->2818K(2944K)
[480.944s][info][gc          ] GC(1065) Pause Young (Concurrent Start) (G1 Evacuation Pause) 224M->186M(305M) 57.985ms
[480.944s][info][gc,cpu      ] GC(1065) User=0.12s Sys=0.00s Real=0.06s
[480.944s][info][gc          ] GC(1066) Concurrent Mark Cycle
[480.944s][info][gc,marking  ] GC(1066) Concurrent Scan Root Regions
[480.976s][info][gc,marking  ] GC(1066) Concurrent Scan Root Regions 31.697ms
[480.976s][info][gc,marking  ] GC(1066) Concurrent Mark
[480.976s][info][gc,marking  ] GC(1066) Concurrent Mark From Roots
[480.976s][info][gc,task     ] GC(1066) Using 1 workers of 1 for marking
[481.080s][info][gc,marking  ] GC(1066) Concurrent Mark From Roots 104.266ms
[481.080s][info][gc,marking  ] GC(1066) Concurrent Preclean
[481.080s][info][gc,marking  ] GC(1066) Concurrent Preclean 0.039ms
[481.080s][info][gc,start    ] GC(1066) Pause Remark
[481.096s][info][gc          ] GC(1066) Pause Remark 228M->228M(314M) 15.111ms
[481.096s][info][gc,cpu      ] GC(1066) User=0.03s Sys=0.00s Real=0.02s
[481.098s][info][gc,marking  ] GC(1066) Concurrent Mark 122.106ms
[481.098s][info][gc,marking  ] GC(1066) Concurrent Rebuild Remembered Sets and Scrub Regions
[481.158s][info][gc,start    ] GC(1067) Pause Young (Normal) (G1 Evacuation Pause)
[481.158s][info][gc,task     ] GC(1067) Using 2 workers of 2 for evacuation
[481.193s][info][gc,phases   ] GC(1067)   Pre Evacuate Collection Set: 0.16ms
[481.193s][info][gc,phases   ] GC(1067)   Merge Heap Roots: 0.29ms
[481.193s][info][gc,phases   ] GC(1067)   Evacuate Collection Set: 34.61ms
[481.193s][info][gc,phases   ] GC(1067)   Post Evacuate Collection Set: 0.41ms
[481.193s][info][gc,phases   ] GC(1067)   Other: 0.10ms
[481.193s][info][gc,heap     ] GC(1067) Eden regions: 54->0(39)
[481.193s][info][gc,heap     ] GC(1067) Survivor regions: 15->9(9)
[481.193s][info][gc,heap     ] GC(1067) Old regions: 168->206
[481.193s][info][gc,heap     ] GC(1067) Humongous regions: 5->5
[481.193s][info][gc,metaspace] GC(1067) Metaspace: 43041K(43392K)->43041K(43392K) NonClass: 40223K(40448K)->40223K(40448K) Class: 2818K(2944K)->2818K(2944K)
[481.193s][info][gc          ] GC(1067) Pause Young (Normal) (G1 Evacuation Pause) 241M->219M(314M) 35.774ms
[481.193s][info][gc,cpu      ] GC(1067) User=0.07s Sys=0.00s Real=0.04s
[481.218s][info][gc,marking  ] GC(1066) Concurrent Rebuild Remembered Sets and Scrub Regions 119.755ms
[481.218s][info][gc,start    ] GC(1066) Pause Cleanup
[481.218s][info][gc          ] GC(1066) Pause Cleanup 225M->225M(314M) 0.071ms
[481.218s][info][gc,cpu      ] GC(1066) User=0.00s Sys=0.00s Real=0.00s
[481.218s][info][gc,marking  ] GC(1066) Concurrent Clear Claimed Marks
[481.218s][info][gc,marking  ] GC(1066) Concurrent Clear Claimed Marks 0.039ms
[481.218s][info][gc,marking  ] GC(1066) Concurrent Cleanup for Next Mark
[481.219s][info][gc,marking  ] GC(1066) Concurrent Cleanup for Next Mark 1.075ms
[481.219s][info][gc          ] GC(1066) Concurrent Mark Cycle 275.050ms
[481.339s][info][gc,start    ] GC(1068) Pause Young (Prepare Mixed) (G1 Evacuation Pause)
[481.340s][info][gc,task     ] GC(1068) Using 2 workers of 2 for evacuation
[481.369s][info][gc,phases   ] GC(1068)   Pre Evacuate Collection Set: 0.25ms
[481.369s][info][gc,phases   ] GC(1068)   Merge Heap Roots: 0.31ms
[481.369s][info][gc,phases   ] GC(1068)   Evacuate Collection Set: 28.57ms
[481.369s][info][gc,phases   ] GC(1068)   Post Evacuate Collection Set: 0.43ms
[481.369s][info][gc,phases   ] GC(1068)   Other: 0.10ms
[481.369s][info][gc,heap     ] GC(1068) Eden regions: 39->0(31)
[481.369s][info][gc,heap     ] GC(1068) Survivor regions: 9->6(6)
[481.369s][info][gc,heap     ] GC(1068) Old regions: 206->229
[481.369s][info][gc,heap     ] GC(1068) Humongous regions: 5->5
[481.369s][info][gc,metaspace] GC(1068) Metaspace: 43041K(43392K)->43041K(43392K) NonClass: 40223K(40448K)->40223K(40448K) Class: 2818K(2944K)->2818K(2944K)
[481.369s][info][gc          ] GC(1068) Pause Young (Prepare Mixed) (G1 Evacuation Pause) 258M->239M(314M) 29.849ms
[481.369s][info][gc,cpu      ] GC(1068) User=0.06s Sys=0.00s Real=0.03s
[481.475s][info][gc,start    ] GC(1069) Pause Young (Mixed) (G1 Evacuation Pause)
[481.475s][info][gc,task     ] GC(1069) Using 2 workers of 2 for evacuation
[481.531s][info][gc,phases   ] GC(1069)   Pre Evacuate Collection Set: 0.26ms
[481.531s][info][gc,phases   ] GC(1069)   Merge Heap Roots: 0.69ms
[481.531s][info][gc,phases   ] GC(1069)   Evacuate Collection Set: 53.86ms
[481.531s][info][gc,phases   ] GC(1069)   Post Evacuate Collection Set: 0.79ms
[481.531s][info][gc,phases   ] GC(1069)   Other: 0.06ms
[481.531s][info][gc,heap     ] GC(1069) Eden regions: 31->0(49)
[481.531s][info][gc,heap     ] GC(1069) Survivor regions: 6->5(5)
[481.531s][info][gc,heap     ] GC(1069) Old regions: 229->240
[481.531s][info][gc,heap     ] GC(1069) Humongous regions: 5->5
[481.531s][info][gc,metaspace] GC(1069) Metaspace: 43041K(43392K)->43041K(43392K) NonClass: 40223K(40448K)->40223K(40448K) Class: 2818K(2944K)->2818K(2944K)
[481.531s][info][gc          ] GC(1069) Pause Young (Mixed) (G1 Evacuation Pause) 270M->249M(375M) 55.864ms
[481.531s][info][gc,cpu      ] GC(1069) User=0.11s Sys=0.00s Real=0.05s
[481.698s][info][gc,start    ] GC(1070) Pause Young (Concurrent Start) (G1 Evacuation Pause)
[481.698s][info][gc,task     ] GC(1070) Using 2 workers of 2 for evacuation
[481.727s][info][gc,phases   ] GC(1070)   Pre Evacuate Collection Set: 0.20ms
[481.728s][info][gc,phases   ] GC(1070)   Merge Heap Roots: 0.16ms
[481.728s][info][gc,phases   ] GC(1070)   Evacuate Collection Set: 28.39ms
[481.728s][info][gc,phases   ] GC(1070)   Post Evacuate Collection Set: 0.36ms
[481.728s][info][gc,phases   ] GC(1070)   Other: 0.09ms
[481.728s][info][gc,heap     ] GC(1070) Eden regions: 49->0(36)
[481.728s][info][gc,heap     ] GC(1070) Survivor regions: 5->7(7)
[481.728s][info][gc,heap     ] GC(1070) Old regions: 240->270
[481.728s][info][gc,heap     ] GC(1070) Humongous regions: 5->5
[481.728s][info][gc,metaspace] GC(1070) Metaspace: 43041K(43392K)->43041K(43392K) NonClass: 40223K(40448K)->40223K(40448K) Class: 2818K(2944K)->2818K(2944K)
[481.728s][info][gc          ] GC(1070) Pause Young (Concurrent Start) (G1 Evacuation Pause) 298M->281M(375M) 29.430ms
[481.728s][info][gc          ] GC(1071) Concurrent Mark Cycle
[481.728s][info][gc,marking  ] GC(1071) Concurrent Scan Root Regions
[481.729s][info][gc,cpu      ] GC(1070) User=0.05s Sys=0.01s Real=0.03s
[481.743s][info][gc,marking  ] GC(1071) Concurrent Scan Root Regions 15.663ms
[481.743s][info][gc,marking  ] GC(1071) Concurrent Mark
[481.743s][info][gc,marking  ] GC(1071) Concurrent Mark From Roots
[481.743s][info][gc,task     ] GC(1071) Using 1 workers of 1 for marking
[481.852s][info][gc,marking  ] GC(1071) Concurrent Mark From Roots 108.420ms
[481.852s][info][gc,marking  ] GC(1071) Concurrent Preclean
[481.852s][info][gc,marking  ] GC(1071) Concurrent Preclean 0.043ms
[481.852s][info][gc,start    ] GC(1071) Pause Remark
[481.867s][info][gc          ] GC(1071) Pause Remark 311M->272M(407M) 15.269ms
[481.867s][info][gc,cpu      ] GC(1071) User=0.03s Sys=0.00s Real=0.01s
[481.867s][info][gc,marking  ] GC(1071) Concurrent Mark 124.024ms
[481.867s][info][gc,marking  ] GC(1071) Concurrent Rebuild Remembered Sets and Scrub Regions
[481.906s][info][gc,start    ] GC(1072) Pause Young (Normal) (G1 Evacuation Pause)
[481.906s][info][gc,task     ] GC(1072) Using 2 workers of 2 for evacuation
[481.933s][info][gc,phases   ] GC(1072)   Pre Evacuate Collection Set: 0.17ms
[481.933s][info][gc,phases   ] GC(1072)   Merge Heap Roots: 0.26ms
[481.933s][info][gc,phases   ] GC(1072)   Evacuate Collection Set: 26.18ms
[481.933s][info][gc,phases   ] GC(1072)   Post Evacuate Collection Set: 0.40ms
[481.933s][info][gc,phases   ] GC(1072)   Other: 0.07ms
[481.933s][info][gc,heap     ] GC(1072) Eden regions: 36->0(59)
[481.933s][info][gc,heap     ] GC(1072) Survivor regions: 7->6(6)
[481.933s][info][gc,heap     ] GC(1072) Old regions: 233->252
[481.933s][info][gc,heap     ] GC(1072) Humongous regions: 4->4
[481.933s][info][gc,metaspace] GC(1072) Metaspace: 43041K(43392K)->43041K(43392K) NonClass: 40223K(40448K)->40223K(40448K) Class: 2818K(2944K)->2818K(2944K)
[481.933s][info][gc          ] GC(1072) Pause Young (Normal) (G1 Evacuation Pause) 279M->261M(407M) 27.318ms
[481.933s][info][gc,cpu      ] GC(1072) User=0.04s Sys=0.00s Real=0.03s
[481.963s][info][gc,marking  ] GC(1071) Concurrent Rebuild Remembered Sets and Scrub Regions 95.274ms
[481.964s][info][gc,start    ] GC(1071) Pause Cleanup
[481.964s][info][gc          ] GC(1071) Pause Cleanup 267M->267M(407M) 0.117ms
[481.964s][info][gc,cpu      ] GC(1071) User=0.00s Sys=0.00s Real=0.00s
[481.964s][info][gc,marking  ] GC(1071) Concurrent Clear Claimed Marks
[481.965s][info][gc,marking  ] GC(1071) Concurrent Clear Claimed Marks 0.070ms
[481.965s][info][gc,marking  ] GC(1071) Concurrent Cleanup for Next Mark
[481.967s][info][gc,marking  ] GC(1071) Concurrent Cleanup for Next Mark 2.264ms
[481.967s][info][gc          ] GC(1071) Concurrent Mark Cycle 239.147ms
[482.163s][info][gc,start    ] GC(1073) Pause Young (Prepare Mixed) (G1 Evacuation Pause)
[482.163s][info][gc,task     ] GC(1073) Using 2 workers of 2 for evacuation
[482.193s][info][gc,phases   ] GC(1073)   Pre Evacuate Collection Set: 0.21ms
[482.193s][info][gc,phases   ] GC(1073)   Merge Heap Roots: 0.23ms
[482.193s][info][gc,phases   ] GC(1073)   Evacuate Collection Set: 28.66ms
[482.193s][info][gc,phases   ] GC(1073)   Post Evacuate Collection Set: 0.43ms
[482.193s][info][gc,phases   ] GC(1073)   Other: 0.07ms
[482.193s][info][gc,heap     ] GC(1073) Eden regions: 59->0(48)
[482.193s][info][gc,heap     ] GC(1073) Survivor regions: 6->9(9)
[482.193s][info][gc,heap     ] GC(1073) Old regions: 252->277
[482.193s][info][gc,heap     ] GC(1073) Humongous regions: 4->4
[482.193s][info][gc,metaspace] GC(1073) Metaspace: 43041K(43392K)->43041K(43392K) NonClass: 40223K(40448K)->40223K(40448K) Class: 2818K(2944K)->2818K(2944K)
[482.193s][info][gc          ] GC(1073) Pause Young (Prepare Mixed) (G1 Evacuation Pause) 320M->289M(407M) 29.815ms
[482.193s][info][gc,cpu      ] GC(1073) User=0.06s Sys=0.00s Real=0.03s
[482.347s][info][gc,start    ] GC(1074) Pause Young (Mixed) (G1 Evacuation Pause)
[482.347s][info][gc,task     ] GC(1074) Using 2 workers of 2 for evacuation
[482.376s][info][gc,phases   ] GC(1074)   Pre Evacuate Collection Set: 0.30ms
[482.376s][info][gc,phases   ] GC(1074)   Merge Heap Roots: 0.27ms
[482.376s][info][gc,phases   ] GC(1074)   Evacuate Collection Set: 27.69ms
[482.376s][info][gc,phases   ] GC(1074)   Post Evacuate Collection Set: 0.42ms
[482.376s][info][gc,phases   ] GC(1074)   Other: 0.07ms
[482.376s][info][gc,heap     ] GC(1074) Eden regions: 48->0(63)
[482.376s][info][gc,heap     ] GC(1074) Survivor regions: 9->8(8)
[482.376s][info][gc,heap     ] GC(1074) Old regions: 277->252
[482.376s][info][gc,heap     ] GC(1074) Humongous regions: 5->5
[482.376s][info][gc,metaspace] GC(1074) Metaspace: 43041K(43392K)->43041K(43392K) NonClass: 40223K(40448K)->40223K(40448K) Class: 2818K(2944K)->2818K(2944K)
[482.376s][info][gc          ] GC(1074) Pause Young (Mixed) (G1 Evacuation Pause) 338M->264M(407M) 28.963ms
[482.376s][info][gc,cpu      ] GC(1074) User=0.05s Sys=0.01s Real=0.03s
[482.574s][info][gc,start    ] GC(1075) Pause Young (Mixed) (G1 Evacuation Pause)
[482.574s][info][gc,task     ] GC(1075) Using 2 workers of 2 for evacuation
[482.593s][info][gc,phases   ] GC(1075)   Pre Evacuate Collection Set: 0.25ms
[482.593s][info][gc,phases   ] GC(1075)   Merge Heap Roots: 0.25ms
[482.593s][info][gc,phases   ] GC(1075)   Evacuate Collection Set: 16.51ms
[482.593s][info][gc,phases   ] GC(1075)   Post Evacuate Collection Set: 1.21ms
[482.593s][info][gc,phases   ] GC(1075)   Other: 0.07ms
[482.593s][info][gc,heap     ] GC(1075) Eden regions: 63->0(140)
[482.593s][info][gc,heap     ] GC(1075) Survivor regions: 8->9(9)
[482.593s][info][gc,heap     ] GC(1075) Old regions: 252->220
[482.593s][info][gc,heap     ] GC(1075) Humongous regions: 5->5
[482.593s][info][gc,metaspace] GC(1075) Metaspace: 43041K(43392K)->43041K(43392K) NonClass: 40223K(40448K)->40223K(40448K) Class: 2818K(2944K)->2818K(2944K)
[482.593s][info][gc          ] GC(1075) Pause Young (Mixed) (G1 Evacuation Pause) 327M->233M(526M) 18.493ms
[482.593s][info][gc,cpu      ] GC(1075) User=0.03s Sys=0.00s Real=0.02s
[483.116s][info][gc,start    ] GC(1076) Pause Young (Mixed) (G1 Evacuation Pause)
[483.116s][info][gc,task     ] GC(1076) Using 2 workers of 2 for evacuation
[483.141s][info][gc,phases   ] GC(1076)   Pre Evacuate Collection Set: 0.27ms
[483.141s][info][gc,phases   ] GC(1076)   Merge Heap Roots: 0.45ms
[483.141s][info][gc,phases   ] GC(1076)   Evacuate Collection Set: 23.52ms
[483.141s][info][gc,phases   ] GC(1076)   Post Evacuate Collection Set: 0.46ms
[483.141s][info][gc,phases   ] GC(1076)   Other: 0.08ms
[483.141s][info][gc,heap     ] GC(1076) Eden regions: 140->0(161)
[483.141s][info][gc,heap     ] GC(1076) Survivor regions: 9->16(19)
[483.141s][info][gc,heap     ] GC(1076) Old regions: 220->193
[483.141s][info][gc,heap     ] GC(1076) Humongous regions: 5->5
[483.141s][info][gc,metaspace] GC(1076) Metaspace: 43041K(43392K)->43041K(43392K) NonClass: 40223K(40448K)->40223K(40448K) Class: 2818K(2944K)->2818K(2944K)
[483.141s][info][gc          ] GC(1076) Pause Young (Mixed) (G1 Evacuation Pause) 373M->212M(526M) 24.982ms
[483.141s][info][gc,cpu      ] GC(1076) User=0.04s Sys=0.00s Real=0.03s
[483.679s][info][gc,start    ] GC(1077) Pause Young (Normal) (G1 Evacuation Pause)
[483.679s][info][gc,task     ] GC(1077) Using 2 workers of 2 for evacuation
[483.687s][info][gc,phases   ] GC(1077)   Pre Evacuate Collection Set: 0.24ms
[483.687s][info][gc,phases   ] GC(1077)   Merge Heap Roots: 0.07ms
[483.687s][info][gc,phases   ] GC(1077)   Evacuate Collection Set: 7.77ms
[483.687s][info][gc,phases   ] GC(1077)   Post Evacuate Collection Set: 0.44ms
[483.687s][info][gc,phases   ] GC(1077)   Other: 0.07ms
[483.687s][info][gc,heap     ] GC(1077) Eden regions: 161->0(178)
[483.687s][info][gc,heap     ] GC(1077) Survivor regions: 16->10(23)
[483.687s][info][gc,heap     ] GC(1077) Old regions: 193->194
[483.687s][info][gc,heap     ] GC(1077) Humongous regions: 6->5
[483.687s][info][gc,metaspace] GC(1077) Metaspace: 43041K(43392K)->43041K(43392K) NonClass: 40223K(40448K)->40223K(40448K) Class: 2818K(2944K)->2818K(2944K)
[483.687s][info][gc          ] GC(1077) Pause Young (Normal) (G1 Evacuation Pause) 374M->208M(526M) 8.787ms
[483.687s][info][gc,cpu      ] GC(1077) User=0.01s Sys=0.00s Real=0.01s
[483.828s][info][gc,start    ] GC(1078) Pause Young (Concurrent Start) (G1 Humongous Allocation)
[483.828s][info][gc,task     ] GC(1078) Using 2 workers of 2 for evacuation
[483.849s][info][gc,phases   ] GC(1078)   Pre Evacuate Collection Set: 0.29ms
[483.849s][info][gc,phases   ] GC(1078)   Merge Heap Roots: 0.06ms
[483.849s][info][gc,phases   ] GC(1078)   Evacuate Collection Set: 20.18ms
[483.849s][info][gc,phases   ] GC(1078)   Post Evacuate Collection Set: 0.40ms
[483.849s][info][gc,phases   ] GC(1078)   Other: 0.09ms
[483.849s][info][gc,heap     ] GC(1078) Eden regions: 44->0(132)
[483.849s][info][gc,heap     ] GC(1078) Survivor regions: 10->24(24)
[483.849s][info][gc,heap     ] GC(1078) Old regions: 194->204
[483.849s][info][gc,heap     ] GC(1078) Humongous regions: 5->5
[483.849s][info][gc,metaspace] GC(1078) Metaspace: 43041K(43392K)->43041K(43392K) NonClass: 40223K(40448K)->40223K(40448K) Class: 2818K(2944K)->2818K(2944K)
[483.850s][info][gc          ] GC(1078) Pause Young (Concurrent Start) (G1 Humongous Allocation) 252M->232M(526M) 21.220ms
[483.850s][info][gc,cpu      ] GC(1078) User=0.04s Sys=0.00s Real=0.02s
[483.850s][info][gc          ] GC(1079) Concurrent Mark Cycle
[483.850s][info][gc,marking  ] GC(1079) Concurrent Scan Root Regions
[483.862s][info][gc,marking  ] GC(1079) Concurrent Scan Root Regions 12.586ms
[483.862s][info][gc,marking  ] GC(1079) Concurrent Mark
[483.862s][info][gc,marking  ] GC(1079) Concurrent Mark From Roots
[483.862s][info][gc,task     ] GC(1079) Using 1 workers of 1 for marking
[483.937s][info][gc,marking  ] GC(1079) Concurrent Mark From Roots 75.037ms
[483.937s][info][gc,marking  ] GC(1079) Concurrent Preclean
[483.937s][info][gc,marking  ] GC(1079) Concurrent Preclean 0.042ms
[483.937s][info][gc,start    ] GC(1079) Pause Remark
[483.952s][info][gc          ] GC(1079) Pause Remark 253M->149M(434M) 14.695ms
[483.952s][info][gc,cpu      ] GC(1079) User=0.03s Sys=0.00s Real=0.02s
[483.952s][info][gc,marking  ] GC(1079) Concurrent Mark 90.073ms
[483.952s][info][gc,marking  ] GC(1079) Concurrent Rebuild Remembered Sets and Scrub Regions
[483.989s][info][gc,marking  ] GC(1079) Concurrent Rebuild Remembered Sets and Scrub Regions 36.607ms
[483.989s][info][gc,start    ] GC(1079) Pause Cleanup
[483.989s][info][gc          ] GC(1079) Pause Cleanup 159M->159M(434M) 0.069ms
[483.989s][info][gc,cpu      ] GC(1079) User=0.00s Sys=0.00s Real=0.00s
[483.989s][info][gc,marking  ] GC(1079) Concurrent Clear Claimed Marks
[483.989s][info][gc,marking  ] GC(1079) Concurrent Clear Claimed Marks 0.038ms
[483.989s][info][gc,marking  ] GC(1079) Concurrent Cleanup for Next Mark
[483.991s][info][gc,marking  ] GC(1079) Concurrent Cleanup for Next Mark 1.663ms
[483.991s][info][gc          ] GC(1079) Concurrent Mark Cycle 141.373ms
[484.323s][info][gc,start    ] GC(1080) Pause Young (Prepare Mixed) (G1 Evacuation Pause)
[484.323s][info][gc,task     ] GC(1080) Using 2 workers of 2 for evacuation
[484.348s][info][gc,phases   ] GC(1080)   Pre Evacuate Collection Set: 0.21ms
[484.348s][info][gc,phases   ] GC(1080)   Merge Heap Roots: 0.17ms
[484.348s][info][gc,phases   ] GC(1080)   Evacuate Collection Set: 24.23ms
[484.348s][info][gc,phases   ] GC(1080)   Post Evacuate Collection Set: 0.45ms
[484.348s][info][gc,phases   ] GC(1080)   Other: 0.07ms
[484.348s][info][gc,heap     ] GC(1080) Eden regions: 132->0(142)
[484.348s][info][gc,heap     ] GC(1080) Survivor regions: 24->16(20)
[484.348s][info][gc,heap     ] GC(1080) Old regions: 102->123
[484.348s][info][gc,heap     ] GC(1080) Humongous regions: 5->5
[484.348s][info][gc,metaspace] GC(1080) Metaspace: 43041K(43392K)->43041K(43392K) NonClass: 40223K(40448K)->40223K(40448K) Class: 2818K(2944K)->2818K(2944K)
[484.348s][info][gc          ] GC(1080) Pause Young (Prepare Mixed) (G1 Evacuation Pause) 262M->142M(434M) 25.359ms
[484.348s][info][gc,cpu      ] GC(1080) User=0.05s Sys=0.00s Real=0.02s
[484.782s][info][gc,start    ] GC(1081) Pause Young (Mixed) (G1 Evacuation Pause)
[484.782s][info][gc,task     ] GC(1081) Using 2 workers of 2 for evacuation
[484.813s][info][gc,phases   ] GC(1081)   Pre Evacuate Collection Set: 0.36ms
[484.813s][info][gc,phases   ] GC(1081)   Merge Heap Roots: 0.15ms
[484.813s][info][gc,phases   ] GC(1081)   Evacuate Collection Set: 29.37ms
[484.813s][info][gc,phases   ] GC(1081)   Post Evacuate Collection Set: 0.49ms
[484.813s][info][gc,phases   ] GC(1081)   Other: 0.07ms
[484.813s][info][gc,heap     ] GC(1081) Eden regions: 142->0(141)
[484.813s][info][gc,heap     ] GC(1081) Survivor regions: 16->20(20)
[484.813s][info][gc,heap     ] GC(1081) Old regions: 123->128
[484.813s][info][gc,heap     ] GC(1081) Humongous regions: 6->4
[484.813s][info][gc,metaspace] GC(1081) Metaspace: 43041K(43392K)->43041K(43392K) NonClass: 40223K(40448K)->40223K(40448K) Class: 2818K(2944K)->2818K(2944K)
[484.813s][info][gc          ] GC(1081) Pause Young (Mixed) (G1 Evacuation Pause) 285M->151M(434M) 30.633ms
[484.813s][info][gc,cpu      ] GC(1081) User=0.06s Sys=0.00s Real=0.03s
[484.848s][info][gc,start    ] GC(1082) Pause Young (Concurrent Start) (G1 Humongous Allocation)
[484.848s][info][gc,task     ] GC(1082) Using 2 workers of 2 for evacuation
[484.866s][info][gc,phases   ] GC(1082)   Pre Evacuate Collection Set: 0.21ms
[484.866s][info][gc,phases   ] GC(1082)   Merge Heap Roots: 0.11ms
[484.866s][info][gc,phases   ] GC(1082)   Evacuate Collection Set: 17.05ms
[484.866s][info][gc,phases   ] GC(1082)   Post Evacuate Collection Set: 0.33ms
[484.866s][info][gc,phases   ] GC(1082)   Other: 0.09ms
[484.866s][info][gc,heap     ] GC(1082) Eden regions: 11->0(144)
[484.866s][info][gc,heap     ] GC(1082) Survivor regions: 20->6(21)
[484.866s][info][gc,heap     ] GC(1082) Old regions: 128->148
[484.866s][info][gc,heap     ] GC(1082) Humongous regions: 4->4
[484.866s][info][gc,metaspace] GC(1082) Metaspace: 43041K(43392K)->43041K(43392K) NonClass: 40223K(40448K)->40223K(40448K) Class: 2818K(2944K)->2818K(2944K)
[484.866s][info][gc          ] GC(1082) Pause Young (Concurrent Start) (G1 Humongous Allocation) 161M->156M(434M) 17.967ms
[484.866s][info][gc,cpu      ] GC(1082) User=0.03s Sys=0.00s Real=0.02s
[484.866s][info][gc          ] GC(1083) Concurrent Mark Cycle
[484.866s][info][gc,marking  ] GC(1083) Concurrent Scan Root Regions
[484.875s][info][gc,marking  ] GC(1083) Concurrent Scan Root Regions 8.571ms
[484.875s][info][gc,marking  ] GC(1083) Concurrent Mark
[484.875s][info][gc,marking  ] GC(1083) Concurrent Mark From Roots
[484.875s][info][gc,task     ] GC(1083) Using 1 workers of 1 for marking
[484.970s][info][gc,marking  ] GC(1083) Concurrent Mark From Roots 95.337ms
[484.970s][info][gc,marking  ] GC(1083) Concurrent Preclean
[484.970s][info][gc,marking  ] GC(1083) Concurrent Preclean 0.051ms
[484.971s][info][gc,start    ] GC(1083) Pause Remark
[484.986s][info][gc          ] GC(1083) Pause Remark 185M->171M(434M) 14.884ms
[484.986s][info][gc,cpu      ] GC(1083) User=0.03s Sys=0.00s Real=0.02s
[484.986s][info][gc,marking  ] GC(1083) Concurrent Mark 110.567ms
[484.986s][info][gc,marking  ] GC(1083) Concurrent Rebuild Remembered Sets and Scrub Regions
[485.036s][info][gc,marking  ] GC(1083) Concurrent Rebuild Remembered Sets and Scrub Regions 50.813ms
[485.037s][info][gc,start    ] GC(1083) Pause Cleanup
[485.037s][info][gc          ] GC(1083) Pause Cleanup 185M->185M(434M) 0.069ms
[485.037s][info][gc,cpu      ] GC(1083) User=0.00s Sys=0.00s Real=0.00s
[485.037s][info][gc,marking  ] GC(1083) Concurrent Clear Claimed Marks
[485.037s][info][gc,marking  ] GC(1083) Concurrent Clear Claimed Marks 0.037ms
[485.037s][info][gc,marking  ] GC(1083) Concurrent Cleanup for Next Mark
[485.038s][info][gc,marking  ] GC(1083) Concurrent Cleanup for Next Mark 1.244ms
[485.038s][info][gc          ] GC(1083) Concurrent Mark Cycle 171.621ms
[485.361s][info][gc,start    ] GC(1084) Pause Young (Prepare Mixed) (G1 Evacuation Pause)
[485.361s][info][gc,task     ] GC(1084) Using 2 workers of 2 for evacuation
[485.390s][info][gc,phases   ] GC(1084)   Pre Evacuate Collection Set: 0.22ms
[485.390s][info][gc,phases   ] GC(1084)   Merge Heap Roots: 0.28ms
[485.390s][info][gc,phases   ] GC(1084)   Evacuate Collection Set: 28.64ms
[485.390s][info][gc,phases   ] GC(1084)   Post Evacuate Collection Set: 0.46ms
[485.390s][info][gc,phases   ] GC(1084)   Other: 0.08ms
[485.390s][info][gc,heap     ] GC(1084) Eden regions: 144->0(141)
[485.390s][info][gc,heap     ] GC(1084) Survivor regions: 6->19(19)
[485.390s][info][gc,heap     ] GC(1084) Old regions: 134->151
[485.390s][info][gc,heap     ] GC(1084) Humongous regions: 5->4
[485.390s][info][gc,metaspace] GC(1084) Metaspace: 43041K(43392K)->43041K(43392K) NonClass: 40223K(40448K)->40223K(40448K) Class: 2818K(2944K)->2818K(2944K)
[485.390s][info][gc          ] GC(1084) Pause Young (Prepare Mixed) (G1 Evacuation Pause) 288M->173M(434M) 29.886ms
[485.390s][info][gc,cpu      ] GC(1084) User=0.06s Sys=0.00s Real=0.03s
[485.825s][info][gc,start    ] GC(1085) Pause Young (Mixed) (G1 Evacuation Pause)
[485.825s][info][gc,task     ] GC(1085) Using 2 workers of 2 for evacuation
[485.883s][info][gc,phases   ] GC(1085)   Pre Evacuate Collection Set: 0.23ms
[485.883s][info][gc,phases   ] GC(1085)   Merge Heap Roots: 0.27ms
[485.883s][info][gc,phases   ] GC(1085)   Evacuate Collection Set: 56.57ms
[485.883s][info][gc,phases   ] GC(1085)   Post Evacuate Collection Set: 0.57ms
[485.883s][info][gc,phases   ] GC(1085)   Other: 0.07ms
[485.883s][info][gc,heap     ] GC(1085) Eden regions: 141->0(121)
[485.883s][info][gc,heap     ] GC(1085) Survivor regions: 19->20(20)
[485.883s][info][gc,heap     ] GC(1085) Old regions: 151->175
[485.883s][info][gc,heap     ] GC(1085) Humongous regions: 6->6
[485.883s][info][gc,metaspace] GC(1085) Metaspace: 43041K(43392K)->43041K(43392K) NonClass: 40223K(40448K)->40223K(40448K) Class: 2818K(2944K)->2818K(2944K)
[485.883s][info][gc          ] GC(1085) Pause Young (Mixed) (G1 Evacuation Pause) 316M->200M(434M) 57.922ms
[485.883s][info][gc,cpu      ] GC(1085) User=0.12s Sys=0.00s Real=0.06s
[486.169s][info][gc,start    ] GC(1086) Pause Young (Concurrent Start) (G1 Humongous Allocation)
[486.169s][info][gc,task     ] GC(1086) Using 2 workers of 2 for evacuation
[486.205s][info][gc,phases   ] GC(1086)   Pre Evacuate Collection Set: 0.23ms
[486.205s][info][gc,phases   ] GC(1086)   Merge Heap Roots: 0.29ms
[486.205s][info][gc,phases   ] GC(1086)   Evacuate Collection Set: 33.92ms
[486.205s][info][gc,phases   ] GC(1086)   Post Evacuate Collection Set: 0.69ms
[486.205s][info][gc,phases   ] GC(1086)   Other: 0.09ms
[486.205s][info][gc,heap     ] GC(1086) Eden regions: 98->0(131)
[486.205s][info][gc,heap     ] GC(1086) Survivor regions: 20->18(18)
[486.205s][info][gc,heap     ] GC(1086) Old regions: 175->199
[486.205s][info][gc,heap     ] GC(1086) Humongous regions: 6->4
[486.205s][info][gc,metaspace] GC(1086) Metaspace: 43041K(43392K)->43041K(43392K) NonClass: 40223K(40448K)->40223K(40448K) Class: 2818K(2944K)->2818K(2944K)
[486.205s][info][gc          ] GC(1086) Pause Young (Concurrent Start) (G1 Humongous Allocation) 298M->220M(463M) 35.431ms
[486.205s][info][gc,cpu      ] GC(1086) User=0.07s Sys=0.00s Real=0.04s
[486.205s][info][gc          ] GC(1087) Concurrent Mark Cycle
[486.205s][info][gc,marking  ] GC(1087) Concurrent Scan Root Regions
[486.219s][info][gc,marking  ] GC(1087) Concurrent Scan Root Regions 14.551ms
[486.219s][info][gc,marking  ] GC(1087) Concurrent Mark
[486.219s][info][gc,marking  ] GC(1087) Concurrent Mark From Roots
[486.219s][info][gc,task     ] GC(1087) Using 1 workers of 1 for marking
[486.330s][info][gc,marking  ] GC(1087) Concurrent Mark From Roots 110.762ms
[486.330s][info][gc,marking  ] GC(1087) Concurrent Preclean
[486.330s][info][gc,marking  ] GC(1087) Concurrent Preclean 0.038ms
[486.330s][info][gc,start    ] GC(1087) Pause Remark
[486.346s][info][gc          ] GC(1087) Pause Remark 265M->246M(463M) 15.179ms
[486.346s][info][gc,cpu      ] GC(1087) User=0.03s Sys=0.00s Real=0.02s
[486.346s][info][gc,marking  ] GC(1087) Concurrent Mark 126.284ms
[486.346s][info][gc,marking  ] GC(1087) Concurrent Rebuild Remembered Sets and Scrub Regions
[486.399s][info][gc,marking  ] GC(1087) Concurrent Rebuild Remembered Sets and Scrub Regions 53.468ms
[486.399s][info][gc,start    ] GC(1087) Pause Cleanup
[486.399s][info][gc          ] GC(1087) Pause Cleanup 262M->262M(463M) 0.078ms
[486.399s][info][gc,cpu      ] GC(1087) User=0.00s Sys=0.00s Real=0.00s
[486.399s][info][gc,marking  ] GC(1087) Concurrent Clear Claimed Marks
[486.399s][info][gc,marking  ] GC(1087) Concurrent Clear Claimed Marks 0.040ms
[486.399s][info][gc,marking  ] GC(1087) Concurrent Cleanup for Next Mark
[486.401s][info][gc,marking  ] GC(1087) Concurrent Cleanup for Next Mark 1.652ms
[486.401s][info][gc          ] GC(1087) Concurrent Mark Cycle 196.419ms
[486.610s][info][gc,start    ] GC(1088) Pause Young (Prepare Mixed) (G1 Evacuation Pause)
[486.610s][info][gc,task     ] GC(1088) Using 2 workers of 2 for evacuation
[486.624s][info][gc,phases   ] GC(1088)   Pre Evacuate Collection Set: 0.24ms
[486.624s][info][gc,phases   ] GC(1088)   Merge Heap Roots: 0.15ms
[486.624s][info][gc,phases   ] GC(1088)   Evacuate Collection Set: 12.83ms
[486.624s][info][gc,phases   ] GC(1088)   Post Evacuate Collection Set: 0.37ms
[486.624s][info][gc,phases   ] GC(1088)   Other: 0.09ms
[486.624s][info][gc,heap     ] GC(1088) Eden regions: 131->0(150)
[486.624s][info][gc,heap     ] GC(1088) Survivor regions: 18->2(19)
[486.624s][info][gc,heap     ] GC(1088) Old regions: 181->199
[486.624s][info][gc,heap     ] GC(1088) Humongous regions: 5->5
[486.624s][info][gc,metaspace] GC(1088) Metaspace: 43041K(43392K)->43041K(43392K) NonClass: 40223K(40448K)->40223K(40448K) Class: 2818K(2944K)->2818K(2944K)
[486.624s][info][gc          ] GC(1088) Pause Young (Prepare Mixed) (G1 Evacuation Pause) 334M->205M(463M) 13.860ms
[486.624s][info][gc,cpu      ] GC(1088) User=0.03s Sys=0.00s Real=0.02s
[487.048s][info][gc,start    ] GC(1089) Pause Young (Mixed) (G1 Evacuation Pause)
[487.048s][info][gc,task     ] GC(1089) Using 2 workers of 2 for evacuation
[487.053s][info][gc,phases   ] GC(1089)   Pre Evacuate Collection Set: 0.25ms
[487.053s][info][gc,phases   ] GC(1089)   Merge Heap Roots: 0.14ms
[487.053s][info][gc,phases   ] GC(1089)   Evacuate Collection Set: 3.93ms
[487.053s][info][gc,phases   ] GC(1089)   Post Evacuate Collection Set: 0.44ms
[487.053s][info][gc,phases   ] GC(1089)   Other: 0.07ms
[487.053s][info][gc,heap     ] GC(1089) Eden regions: 150->0(183)
[487.053s][info][gc,heap     ] GC(1089) Survivor regions: 2->2(19)
[487.053s][info][gc,heap     ] GC(1089) Old regions: 199->153
[487.053s][info][gc,heap     ] GC(1089) Humongous regions: 5->5
[487.053s][info][gc,metaspace] GC(1089) Metaspace: 43041K(43392K)->43041K(43392K) NonClass: 40223K(40448K)->40223K(40448K) Class: 2818K(2944K)->2818K(2944K)
[487.053s][info][gc          ] GC(1089) Pause Young (Mixed) (G1 Evacuation Pause) 355M->159M(463M) 5.028ms
[487.053s][info][gc,cpu      ] GC(1089) User=0.01s Sys=0.00s Real=0.01s
[487.539s][info][gc,start    ] GC(1090) Pause Young (Mixed) (G1 Evacuation Pause)
[487.539s][info][gc,task     ] GC(1090) Using 2 workers of 2 for evacuation
[487.547s][info][gc,phases   ] GC(1090)   Pre Evacuate Collection Set: 0.23ms
[487.547s][info][gc,phases   ] GC(1090)   Merge Heap Roots: 0.20ms
[487.547s][info][gc,phases   ] GC(1090)   Evacuate Collection Set: 7.64ms
[487.547s][info][gc,phases   ] GC(1090)   Post Evacuate Collection Set: 0.48ms
[487.547s][info][gc,phases   ] GC(1090)   Other: 0.07ms
[487.547s][info][gc,heap     ] GC(1090) Eden regions: 183->0(202)
[487.547s][info][gc,heap     ] GC(1090) Survivor regions: 2->3(24)
[487.547s][info][gc,heap     ] GC(1090) Old regions: 153->137
[487.547s][info][gc,heap     ] GC(1090) Humongous regions: 6->5
[487.547s][info][gc,metaspace] GC(1090) Metaspace: 43041K(43392K)->43041K(43392K) NonClass: 40223K(40448K)->40223K(40448K) Class: 2818K(2944K)->2818K(2944K)
[487.547s][info][gc          ] GC(1090) Pause Young (Mixed) (G1 Evacuation Pause) 343M->144M(463M) 8.802ms
[487.547s][info][gc,cpu      ] GC(1090) User=0.02s Sys=0.00s Real=0.01s
[487.923s][info][gc,start    ] GC(1091) Pause Young (Concurrent Start) (G1 Evacuation Pause)
[487.923s][info][gc,task     ] GC(1091) Using 2 workers of 2 for evacuation
[487.927s][info][gc,phases   ] GC(1091)   Pre Evacuate Collection Set: 0.29ms
[487.927s][info][gc,phases   ] GC(1091)   Merge Heap Roots: 0.07ms
[487.927s][info][gc,phases   ] GC(1091)   Evacuate Collection Set: 3.56ms
[487.927s][info][gc,phases   ] GC(1091)   Post Evacuate Collection Set: 0.45ms
[487.927s][info][gc,phases   ] GC(1091)   Other: 0.06ms
[487.927s][info][gc,heap     ] GC(1091) Eden regions: 202->0(214)
[487.927s][info][gc,heap     ] GC(1091) Survivor regions: 3->5(26)
[487.927s][info][gc,heap     ] GC(1091) Old regions: 137->137
[487.927s][info][gc,heap     ] GC(1091) Humongous regions: 5->3
[487.927s][info][gc,metaspace] GC(1091) Metaspace: 43041K(43392K)->43041K(43392K) NonClass: 40223K(40448K)->40223K(40448K) Class: 2818K(2944K)->2818K(2944K)
[487.928s][info][gc          ] GC(1091) Pause Young (Concurrent Start) (G1 Evacuation Pause) 346M->144M(463M) 4.616ms
[487.928s][info][gc,cpu      ] GC(1091) User=0.01s Sys=0.00s Real=0.00s
[487.928s][info][gc          ] GC(1092) Concurrent Mark Cycle
[487.928s][info][gc,marking  ] GC(1092) Concurrent Scan Root Regions
[487.930s][info][gc,marking  ] GC(1092) Concurrent Scan Root Regions 2.411ms
[487.930s][info][gc,marking  ] GC(1092) Concurrent Mark
[487.930s][info][gc,marking  ] GC(1092) Concurrent Mark From Roots
[487.930s][info][gc,task     ] GC(1092) Using 1 workers of 1 for marking
[488.004s][info][gc,marking  ] GC(1092) Concurrent Mark From Roots 73.690ms
[488.004s][info][gc,marking  ] GC(1092) Concurrent Preclean
[488.004s][info][gc,marking  ] GC(1092) Concurrent Preclean 0.036ms
[488.004s][info][gc,start    ] GC(1092) Pause Remark
[488.019s][info][gc          ] GC(1092) Pause Remark 194M->136M(290M) 14.894ms
[488.019s][info][gc,cpu      ] GC(1092) User=0.03s Sys=0.00s Real=0.01s
[488.021s][info][gc,marking  ] GC(1092) Concurrent Mark 91.071ms
[488.021s][info][gc,marking  ] GC(1092) Concurrent Rebuild Remembered Sets and Scrub Regions
[488.050s][info][gc,marking  ] GC(1092) Concurrent Rebuild Remembered Sets and Scrub Regions 28.701ms
[488.050s][info][gc,start    ] GC(1092) Pause Cleanup
[488.050s][info][gc          ] GC(1092) Pause Cleanup 155M->155M(290M) 0.046ms
[488.050s][info][gc,cpu      ] GC(1092) User=0.00s Sys=0.00s Real=0.00s
[488.050s][info][gc,marking  ] GC(1092) Concurrent Clear Claimed Marks
[488.050s][info][gc,marking  ] GC(1092) Concurrent Clear Claimed Marks 0.047ms
[488.050s][info][gc,marking  ] GC(1092) Concurrent Cleanup for Next Mark
[488.051s][info][gc,marking  ] GC(1092) Concurrent Cleanup for Next Mark 0.866ms
[488.051s][info][gc          ] GC(1092) Concurrent Mark Cycle 123.429ms
[488.201s][info][gc,start    ] GC(1093) Pause Young (Prepare Mixed) (G1 Evacuation Pause)
[488.201s][info][gc,task     ] GC(1093) Using 2 workers of 2 for evacuation
[488.205s][info][gc,phases   ] GC(1093)   Pre Evacuate Collection Set: 0.16ms
[488.205s][info][gc,phases   ] GC(1093)   Merge Heap Roots: 0.07ms
[488.205s][info][gc,phases   ] GC(1093)   Evacuate Collection Set: 3.73ms
[488.205s][info][gc,phases   ] GC(1093)   Post Evacuate Collection Set: 0.43ms
[488.205s][info][gc,phases   ] GC(1093)   Other: 0.08ms
[488.205s][info][gc,heap     ] GC(1093) Eden regions: 169->0(154)
[488.205s][info][gc,heap     ] GC(1093) Survivor regions: 5->6(22)
[488.205s][info][gc,heap     ] GC(1093) Old regions: 81->81
[488.205s][info][gc,heap     ] GC(1093) Humongous regions: 1->1
[488.205s][info][gc,metaspace] GC(1093) Metaspace: 43041K(43392K)->43041K(43392K) NonClass: 40223K(40448K)->40223K(40448K) Class: 2818K(2944K)->2818K(2944K)
[488.205s][info][gc          ] GC(1093) Pause Young (Prepare Mixed) (G1 Evacuation Pause) 255M->87M(290M) 4.671ms
[488.205s][info][gc,cpu      ] GC(1093) User=0.01s Sys=0.00s Real=0.01s
[488.615s][info][gc,start    ] GC(1094) Pause Young (Mixed) (G1 Evacuation Pause)
[488.615s][info][gc,task     ] GC(1094) Using 2 workers of 2 for evacuation
[488.626s][info][gc,phases   ] GC(1094)   Pre Evacuate Collection Set: 0.19ms
[488.626s][info][gc,phases   ] GC(1094)   Merge Heap Roots: 0.12ms
[488.626s][info][gc,phases   ] GC(1094)   Evacuate Collection Set: 9.55ms
[488.626s][info][gc,phases   ] GC(1094)   Post Evacuate Collection Set: 0.84ms
[488.626s][info][gc,phases   ] GC(1094)   Other: 0.08ms
[488.626s][info][gc,heap     ] GC(1094) Eden regions: 154->0(192)
[488.626s][info][gc,heap     ] GC(1094) Survivor regions: 6->8(20)
[488.626s][info][gc,heap     ] GC(1094) Old regions: 81->68
[488.626s][info][gc,heap     ] GC(1094) Humongous regions: 83->3
[488.626s][info][gc,metaspace] GC(1094) Metaspace: 43041K(43392K)->43041K(43392K) NonClass: 40223K(40448K)->40223K(40448K) Class: 2818K(2944K)->2818K(2944K)
[488.626s][info][gc          ] GC(1094) Pause Young (Mixed) (G1 Evacuation Pause) 323M->77M(334M) 10.979ms
[488.626s][info][gc,cpu      ] GC(1094) User=0.02s Sys=0.00s Real=0.01s
[488.628s][info][gc,start    ] GC(1095) Pause Young (Concurrent Start) (G1 Humongous Allocation)
[488.628s][info][gc,task     ] GC(1095) Using 2 workers of 2 for evacuation
[488.634s][info][gc,phases   ] GC(1095)   Pre Evacuate Collection Set: 0.15ms
[488.634s][info][gc,phases   ] GC(1095)   Merge Heap Roots: 0.04ms
[488.634s][info][gc,phases   ] GC(1095)   Evacuate Collection Set: 5.22ms
[488.634s][info][gc,phases   ] GC(1095)   Post Evacuate Collection Set: 0.28ms
[488.634s][info][gc,phases   ] GC(1095)   Other: 0.07ms
[488.634s][info][gc,heap     ] GC(1095) Eden regions: 1->0(192)
[488.634s][info][gc,heap     ] GC(1095) Survivor regions: 8->8(25)
[488.634s][info][gc,heap     ] GC(1095) Old regions: 68->68
[488.634s][info][gc,heap     ] GC(1095) Humongous regions: 3->1
[488.634s][info][gc,metaspace] GC(1095) Metaspace: 43041K(43392K)->43041K(43392K) NonClass: 40223K(40448K)->40223K(40448K) Class: 2818K(2944K)->2818K(2944K)
[488.634s][info][gc          ] GC(1095) Pause Young (Concurrent Start) (G1 Humongous Allocation) 78M->75M(334M) 5.901ms
[488.634s][info][gc          ] GC(1096) Concurrent Mark Cycle
[488.634s][info][gc,marking  ] GC(1096) Concurrent Scan Root Regions
[488.636s][info][gc,cpu      ] GC(1095) User=0.01s Sys=0.00s Real=0.01s
[488.638s][info][gc,marking  ] GC(1096) Concurrent Scan Root Regions 3.616ms
[488.638s][info][gc,marking  ] GC(1096) Concurrent Mark
[488.638s][info][gc,marking  ] GC(1096) Concurrent Mark From Roots
[488.638s][info][gc,task     ] GC(1096) Using 1 workers of 1 for marking
[488.709s][info][gc,marking  ] GC(1096) Concurrent Mark From Roots 71.362ms
[488.709s][info][gc,marking  ] GC(1096) Concurrent Preclean
[488.709s][info][gc,marking  ] GC(1096) Concurrent Preclean 0.048ms
[488.709s][info][gc,start    ] GC(1096) Pause Remark
[488.724s][info][gc          ] GC(1096) Pause Remark 142M->141M(334M) 14.799ms
[488.724s][info][gc,cpu      ] GC(1096) User=0.03s Sys=0.00s Real=0.02s
[488.725s][info][gc,marking  ] GC(1096) Concurrent Mark 87.844ms
[488.725s][info][gc,marking  ] GC(1096) Concurrent Rebuild Remembered Sets and Scrub Regions
[488.753s][info][gc,marking  ] GC(1096) Concurrent Rebuild Remembered Sets and Scrub Regions 27.402ms
[488.753s][info][gc,start    ] GC(1096) Pause Cleanup
[488.753s][info][gc          ] GC(1096) Pause Cleanup 166M->166M(334M) 0.083ms
[488.753s][info][gc,cpu      ] GC(1096) User=0.00s Sys=0.00s Real=0.00s
[488.753s][info][gc,marking  ] GC(1096) Concurrent Clear Claimed Marks
[488.753s][info][gc,marking  ] GC(1096) Concurrent Clear Claimed Marks 0.045ms
[488.753s][info][gc,marking  ] GC(1096) Concurrent Cleanup for Next Mark
[488.755s][info][gc,marking  ] GC(1096) Concurrent Cleanup for Next Mark 1.408ms
[488.755s][info][gc          ] GC(1096) Concurrent Mark Cycle 120.741ms
[489.155s][info][gc,start    ] GC(1097) Pause Young (Prepare Mixed) (G1 Evacuation Pause)
[489.155s][info][gc,task     ] GC(1097) Using 2 workers of 2 for evacuation
[489.168s][info][gc,phases   ] GC(1097)   Pre Evacuate Collection Set: 0.36ms
[489.168s][info][gc,phases   ] GC(1097)   Merge Heap Roots: 0.07ms
[489.168s][info][gc,phases   ] GC(1097)   Evacuate Collection Set: 11.79ms
[489.168s][info][gc,phases   ] GC(1097)   Post Evacuate Collection Set: 1.07ms
[489.168s][info][gc,phases   ] GC(1097)   Other: 0.09ms
[489.168s][info][gc,heap     ] GC(1097) Eden regions: 51->0(268)
[489.168s][info][gc,heap     ] GC(1097) Survivor regions: 8->11(27)
[489.168s][info][gc,heap     ] GC(1097) Old regions: 67->67
[489.168s][info][gc,heap     ] GC(1097) Humongous regions: 329->3
[489.168s][info][gc,metaspace] GC(1097) Metaspace: 43041K(43392K)->43041K(43392K) NonClass: 40223K(40448K)->40223K(40448K) Class: 2818K(2944K)->2818K(2944K)
[489.168s][info][gc          ] GC(1097) Pause Young (Prepare Mixed) (G1 Evacuation Pause) 453M->79M(466M) 13.574ms
[489.168s][info][gc,cpu      ] GC(1097) User=0.02s Sys=0.01s Real=0.01s
[489.784s][info][gc,start    ] GC(1098) Pause Young (Mixed) (G1 Evacuation Pause)
[489.784s][info][gc,task     ] GC(1098) Using 2 workers of 2 for evacuation
[489.811s][info][gc,phases   ] GC(1098)   Pre Evacuate Collection Set: 0.29ms
[489.811s][info][gc,phases   ] GC(1098)   Merge Heap Roots: 0.09ms
[489.811s][info][gc,phases   ] GC(1098)   Evacuate Collection Set: 25.08ms
[489.811s][info][gc,phases   ] GC(1098)   Post Evacuate Collection Set: 0.85ms
[489.811s][info][gc,phases   ] GC(1098)   Other: 0.08ms
[489.811s][info][gc,heap     ] GC(1098) Eden regions: 71->0(331)
[489.811s][info][gc,heap     ] GC(1098) Survivor regions: 11->18(39)
[489.811s][info][gc,heap     ] GC(1098) Old regions: 67->59
[489.811s][info][gc,heap     ] GC(1098) Humongous regions: 413->3
[489.811s][info][gc,metaspace] GC(1098) Metaspace: 43041K(43392K)->43041K(43392K) NonClass: 40223K(40448K)->40223K(40448K) Class: 2818K(2944K)->2818K(2944K)
[489.811s][info][gc          ] GC(1098) Pause Young (Mixed) (G1 Evacuation Pause) 560M->79M(582M) 26.593ms
[489.811s][info][gc,cpu      ] GC(1098) User=0.04s Sys=0.02s Real=0.02s
[489.876s][info][gc,start    ] GC(1099) Pause Young (Concurrent Start) (G1 Humongous Allocation)
[489.876s][info][gc,task     ] GC(1099) Using 2 workers of 2 for evacuation
[489.893s][info][gc,phases   ] GC(1099)   Pre Evacuate Collection Set: 0.24ms
[489.893s][info][gc,phases   ] GC(1099)   Merge Heap Roots: 0.06ms
[489.893s][info][gc,phases   ] GC(1099)   Evacuate Collection Set: 15.93ms
[489.893s][info][gc,phases   ] GC(1099)   Post Evacuate Collection Set: 0.36ms
[489.893s][info][gc,phases   ] GC(1099)   Other: 0.14ms
[489.893s][info][gc,heap     ] GC(1099) Eden regions: 10->0(329)
[489.893s][info][gc,heap     ] GC(1099) Survivor regions: 18->20(44)
[489.893s][info][gc,heap     ] GC(1099) Old regions: 59->59
[489.893s][info][gc,heap     ] GC(1099) Humongous regions: 45->1
[489.893s][info][gc,metaspace] GC(1099) Metaspace: 43041K(43392K)->43041K(43392K) NonClass: 40223K(40448K)->40223K(40448K) Class: 2818K(2944K)->2818K(2944K)
[489.893s][info][gc          ] GC(1099) Pause Young (Concurrent Start) (G1 Humongous Allocation) 131M->79M(582M) 16.990ms
[489.893s][info][gc,cpu      ] GC(1099) User=0.03s Sys=0.00s Real=0.02s
[489.893s][info][gc          ] GC(1100) Concurrent Undo Cycle
[489.893s][info][gc,marking  ] GC(1100) Concurrent Clear Claimed Marks
[489.893s][info][gc,marking  ] GC(1100) Concurrent Clear Claimed Marks 0.038ms
[489.893s][info][gc,marking  ] GC(1100) Concurrent Cleanup for Next Mark
[489.893s][info][gc,marking  ] GC(1100) Concurrent Cleanup for Next Mark 0.211ms
[489.893s][info][gc          ] GC(1100) Concurrent Undo Cycle 0.330ms
[489.897s][info][gc,start    ] GC(1101) Pause Young (Concurrent Start) (G1 Humongous Allocation)
[489.897s][info][gc,task     ] GC(1101) Using 2 workers of 2 for evacuation
[489.913s][info][gc,phases   ] GC(1101)   Pre Evacuate Collection Set: 0.22ms
[489.913s][info][gc,phases   ] GC(1101)   Merge Heap Roots: 0.05ms
[489.913s][info][gc,phases   ] GC(1101)   Evacuate Collection Set: 15.67ms
[489.913s][info][gc,phases   ] GC(1101)   Post Evacuate Collection Set: 0.62ms
[489.913s][info][gc,phases   ] GC(1101)   Other: 0.07ms
[489.913s][info][gc,heap     ] GC(1101) Eden regions: 1->0(329)
[489.913s][info][gc,heap     ] GC(1101) Survivor regions: 20->20(44)
[489.913s][info][gc,heap     ] GC(1101) Old regions: 59->59
[489.913s][info][gc,heap     ] GC(1101) Humongous regions: 3->1
[489.913s][info][gc,metaspace] GC(1101) Metaspace: 43041K(43392K)->43041K(43392K) NonClass: 40223K(40448K)->40223K(40448K) Class: 2818K(2944K)->2818K(2944K)
[489.913s][info][gc          ] GC(1101) Pause Young (Concurrent Start) (G1 Humongous Allocation) 82M->79M(582M) 16.783ms
[489.913s][info][gc,cpu      ] GC(1101) User=0.03s Sys=0.00s Real=0.02s
[489.913s][info][gc          ] GC(1102) Concurrent Mark Cycle
[489.914s][info][gc,marking  ] GC(1102) Concurrent Scan Root Regions
[489.924s][info][gc,marking  ] GC(1102) Concurrent Scan Root Regions 10.815ms
[489.924s][info][gc,marking  ] GC(1102) Concurrent Mark
[489.924s][info][gc,marking  ] GC(1102) Concurrent Mark From Roots
[489.924s][info][gc,task     ] GC(1102) Using 1 workers of 1 for marking
[490.046s][info][gc,marking  ] GC(1102) Concurrent Mark From Roots 121.244ms
[490.046s][info][gc,marking  ] GC(1102) Concurrent Preclean
[490.046s][info][gc,marking  ] GC(1102) Concurrent Preclean 0.040ms
[490.046s][info][gc,start    ] GC(1102) Pause Remark
[490.061s][info][gc          ] GC(1102) Pause Remark 181M->181M(547M) 15.206ms
[490.061s][info][gc,cpu      ] GC(1102) User=0.03s Sys=0.00s Real=0.02s
[490.061s][info][gc,marking  ] GC(1102) Concurrent Mark 136.800ms
[490.061s][info][gc,marking  ] GC(1102) Concurrent Rebuild Remembered Sets and Scrub Regions
[490.089s][info][gc,marking  ] GC(1102) Concurrent Rebuild Remembered Sets and Scrub Regions 28.062ms
[490.089s][info][gc,start    ] GC(1102) Pause Cleanup
[490.089s][info][gc          ] GC(1102) Pause Cleanup 204M->204M(547M) 0.068ms
[490.089s][info][gc,cpu      ] GC(1102) User=0.00s Sys=0.00s Real=0.00s
[490.089s][info][gc,marking  ] GC(1102) Concurrent Clear Claimed Marks
[490.089s][info][gc,marking  ] GC(1102) Concurrent Clear Claimed Marks 0.039ms
[490.089s][info][gc,marking  ] GC(1102) Concurrent Cleanup for Next Mark
[490.093s][info][gc,marking  ] GC(1102) Concurrent Cleanup for Next Mark 3.428ms
[490.093s][info][gc          ] GC(1102) Concurrent Mark Cycle 179.465ms
[490.607s][info][gc,start    ] GC(1103) Pause Young (Prepare Mixed) (G1 Evacuation Pause)
[490.607s][info][gc,task     ] GC(1103) Using 2 workers of 2 for evacuation
[490.648s][info][gc,phases   ] GC(1103)   Pre Evacuate Collection Set: 0.29ms
[490.648s][info][gc,phases   ] GC(1103)   Merge Heap Roots: 0.12ms
[490.648s][info][gc,phases   ] GC(1103)   Evacuate Collection Set: 39.70ms
[490.648s][info][gc,phases   ] GC(1103)   Post Evacuate Collection Set: 1.24ms
[490.648s][info][gc,phases   ] GC(1103)   Other: 0.07ms
[490.648s][info][gc,heap     ] GC(1103) Eden regions: 85->0(348)
[490.648s][info][gc,heap     ] GC(1103) Survivor regions: 20->31(42)
[490.648s][info][gc,heap     ] GC(1103) Old regions: 59->59
[490.648s][info][gc,heap     ] GC(1103) Humongous regions: 437->1
[490.648s][info][gc,metaspace] GC(1103) Metaspace: 43041K(43392K)->43041K(43392K) NonClass: 40223K(40448K)->40223K(40448K) Class: 2818K(2944K)->2818K(2944K)
[490.648s][info][gc          ] GC(1103) Pause Young (Prepare Mixed) (G1 Evacuation Pause) 600M->90M(632M) 41.652ms
[490.648s][info][gc,cpu      ] GC(1103) User=0.06s Sys=0.02s Real=0.04s
[491.544s][info][gc,start    ] GC(1104) Pause Young (Mixed) (G1 Evacuation Pause)
[491.544s][info][gc,task     ] GC(1104) Using 2 workers of 2 for evacuation
[491.558s][info][gc,phases   ] GC(1104)   Pre Evacuate Collection Set: 0.27ms
[491.558s][info][gc,phases   ] GC(1104)   Merge Heap Roots: 0.12ms
[491.558s][info][gc,phases   ] GC(1104)   Evacuate Collection Set: 12.15ms
[491.558s][info][gc,phases   ] GC(1104)   Post Evacuate Collection Set: 0.64ms
[491.558s][info][gc,phases   ] GC(1104)   Other: 0.08ms
[491.558s][info][gc,heap     ] GC(1104) Eden regions: 348->0(369)
[491.558s][info][gc,heap     ] GC(1104) Survivor regions: 31->10(48)
[491.558s][info][gc,heap     ] GC(1104) Old regions: 59->59
[491.558s][info][gc,heap     ] GC(1104) Humongous regions: 85->1
[491.558s][info][gc,metaspace] GC(1104) Metaspace: 43049K(43392K)->43049K(43392K) NonClass: 40231K(40448K)->40231K(40448K) Class: 2818K(2944K)->2818K(2944K)
[491.558s][info][gc          ] GC(1104) Pause Young (Mixed) (G1 Evacuation Pause) 522M->68M(632M) 13.441ms
[491.558s][info][gc,cpu      ] GC(1104) User=0.02s Sys=0.00s Real=0.01s
[492.321s][info][gc,start    ] GC(1105) Pause Young (Normal) (G1 Evacuation Pause)
[492.321s][info][gc,task     ] GC(1105) Using 2 workers of 2 for evacuation
[492.327s][info][gc,phases   ] GC(1105)   Pre Evacuate Collection Set: 0.26ms
[492.327s][info][gc,phases   ] GC(1105)   Merge Heap Roots: 0.09ms
[492.327s][info][gc,phases   ] GC(1105)   Evacuate Collection Set: 5.01ms
[492.327s][info][gc,phases   ] GC(1105)   Post Evacuate Collection Set: 0.59ms
[492.327s][info][gc,phases   ] GC(1105)   Other: 0.08ms
[492.327s][info][gc,heap     ] GC(1105) Eden regions: 369->0(371)
[492.327s][info][gc,heap     ] GC(1105) Survivor regions: 10->8(48)
[492.327s][info][gc,heap     ] GC(1105) Old regions: 59->59
[492.327s][info][gc,heap     ] GC(1105) Humongous regions: 1->1
[492.327s][info][gc,metaspace] GC(1105) Metaspace: 43065K(43456K)->43065K(43456K) NonClass: 40247K(40512K)->40247K(40512K) Class: 2818K(2944K)->2818K(2944K)
[492.327s][info][gc          ] GC(1105) Pause Young (Normal) (G1 Evacuation Pause) 437M->67M(632M) 6.226ms
[492.327s][info][gc,cpu      ] GC(1105) User=0.01s Sys=0.00s Real=0.01s
[493.130s][info][gc,start    ] GC(1106) Pause Young (Normal) (G1 Evacuation Pause)
[493.130s][info][gc,task     ] GC(1106) Using 2 workers of 2 for evacuation
[493.138s][info][gc,phases   ] GC(1106)   Pre Evacuate Collection Set: 0.26ms
[493.138s][info][gc,phases   ] GC(1106)   Merge Heap Roots: 0.12ms
[493.138s][info][gc,phases   ] GC(1106)   Evacuate Collection Set: 6.01ms
[493.138s][info][gc,phases   ] GC(1106)   Post Evacuate Collection Set: 0.80ms
[493.138s][info][gc,phases   ] GC(1106)   Other: 0.08ms
[493.138s][info][gc,heap     ] GC(1106) Eden regions: 371->0(368)
[493.138s][info][gc,heap     ] GC(1106) Survivor regions: 8->11(48)
[493.138s][info][gc,heap     ] GC(1106) Old regions: 59->59
[493.138s][info][gc,heap     ] GC(1106) Humongous regions: 1->1
[493.138s][info][gc,metaspace] GC(1106) Metaspace: 43065K(43456K)->43065K(43456K) NonClass: 40247K(40512K)->40247K(40512K) Class: 2818K(2944K)->2818K(2944K)
[493.138s][info][gc          ] GC(1106) Pause Young (Normal) (G1 Evacuation Pause) 438M->69M(632M) 7.466ms
[493.138s][info][gc,cpu      ] GC(1106) User=0.01s Sys=0.00s Real=0.01s
[494.363s][info][gc,start    ] GC(1107) Pause Young (Normal) (G1 Evacuation Pause)
[494.363s][info][gc,task     ] GC(1107) Using 2 workers of 2 for evacuation
[494.370s][info][gc,phases   ] GC(1107)   Pre Evacuate Collection Set: 0.26ms
[494.370s][info][gc,phases   ] GC(1107)   Merge Heap Roots: 0.12ms
[494.370s][info][gc,phases   ] GC(1107)   Evacuate Collection Set: 5.44ms
[494.370s][info][gc,phases   ] GC(1107)   Post Evacuate Collection Set: 0.73ms
[494.370s][info][gc,phases   ] GC(1107)   Other: 0.08ms
[494.370s][info][gc,heap     ] GC(1107) Eden regions: 368->0(372)
[494.370s][info][gc,heap     ] GC(1107) Survivor regions: 11->7(48)
[494.370s][info][gc,heap     ] GC(1107) Old regions: 59->59
[494.370s][info][gc,heap     ] GC(1107) Humongous regions: 1->1
[494.370s][info][gc,metaspace] GC(1107) Metaspace: 43073K(43456K)->43073K(43456K) NonClass: 40255K(40512K)->40255K(40512K) Class: 2818K(2944K)->2818K(2944K)
[494.370s][info][gc          ] GC(1107) Pause Young (Normal) (G1 Evacuation Pause) 437M->65M(632M) 6.807ms
[494.370s][info][gc,cpu      ] GC(1107) User=0.01s Sys=0.00s Real=0.00s
[495.731s][info][gc,start    ] GC(1108) Pause Young (Normal) (G1 Evacuation Pause)
[495.731s][info][gc,task     ] GC(1108) Using 2 workers of 2 for evacuation
[495.771s][info][gc,phases   ] GC(1108)   Pre Evacuate Collection Set: 0.34ms
[495.771s][info][gc,phases   ] GC(1108)   Merge Heap Roots: 0.14ms
[495.771s][info][gc,phases   ] GC(1108)   Evacuate Collection Set: 39.30ms
[495.771s][info][gc,phases   ] GC(1108)   Post Evacuate Collection Set: 0.67ms
[495.771s][info][gc,phases   ] GC(1108)   Other: 0.07ms
[495.771s][info][gc,heap     ] GC(1108) Eden regions: 372->0(338)
[495.771s][info][gc,heap     ] GC(1108) Survivor regions: 7->41(48)
[495.771s][info][gc,heap     ] GC(1108) Old regions: 59->59
[495.771s][info][gc,heap     ] GC(1108) Humongous regions: 14->4
[495.771s][info][gc,metaspace] GC(1108) Metaspace: 43087K(43456K)->43087K(43456K) NonClass: 40268K(40512K)->40268K(40512K) Class: 2818K(2944K)->2818K(2944K)
[495.771s][info][gc          ] GC(1108) Pause Young (Normal) (G1 Evacuation Pause) 450M->102M(632M) 40.713ms
[495.771s][info][gc,cpu      ] GC(1108) User=0.07s Sys=0.01s Real=0.05s
[496.488s][info][gc,start    ] GC(1109) Pause Young (Normal) (G1 Evacuation Pause)
[496.488s][info][gc,task     ] GC(1109) Using 2 workers of 2 for evacuation
[496.572s][info][gc,phases   ] GC(1109)   Pre Evacuate Collection Set: 0.27ms
[496.572s][info][gc,phases   ] GC(1109)   Merge Heap Roots: 0.21ms
[496.572s][info][gc,phases   ] GC(1109)   Evacuate Collection Set: 81.98ms
[496.572s][info][gc,phases   ] GC(1109)   Post Evacuate Collection Set: 0.65ms
[496.572s][info][gc,phases   ] GC(1109)   Other: 0.08ms
[496.572s][info][gc,heap     ] GC(1109) Eden regions: 338->0(343)
[496.572s][info][gc,heap     ] GC(1109) Survivor regions: 41->36(48)
[496.572s][info][gc,heap     ] GC(1109) Old regions: 59->99
[496.572s][info][gc,heap     ] GC(1109) Humongous regions: 6->6
[496.572s][info][gc,metaspace] GC(1109) Metaspace: 43087K(43456K)->43087K(43456K) NonClass: 40268K(40512K)->40268K(40512K) Class: 2818K(2944K)->2818K(2944K)
[496.572s][info][gc          ] GC(1109) Pause Young (Normal) (G1 Evacuation Pause) 442M->140M(632M) 83.396ms
[496.572s][info][gc,cpu      ] GC(1109) User=0.16s Sys=0.00s Real=0.09s
[496.607s][info][gc,start    ] GC(1110) Pause Young (Concurrent Start) (G1 Humongous Allocation)
[496.607s][info][gc,task     ] GC(1110) Using 2 workers of 2 for evacuation
[496.642s][info][gc,phases   ] GC(1110)   Pre Evacuate Collection Set: 0.27ms
[496.642s][info][gc,phases   ] GC(1110)   Merge Heap Roots: 0.08ms
[496.642s][info][gc,phases   ] GC(1110)   Evacuate Collection Set: 33.45ms
[496.642s][info][gc,phases   ] GC(1110)   Post Evacuate Collection Set: 0.36ms
[496.642s][info][gc,phases   ] GC(1110)   Other: 0.12ms
[496.642s][info][gc,heap     ] GC(1110) Eden regions: 19->0(376)
[496.642s][info][gc,heap     ] GC(1110) Survivor regions: 36->3(48)
[496.642s][info][gc,heap     ] GC(1110) Old regions: 99->135
[496.642s][info][gc,heap     ] GC(1110) Humongous regions: 6->6
[496.642s][info][gc,metaspace] GC(1110) Metaspace: 43087K(43456K)->43087K(43456K) NonClass: 40268K(40512K)->40268K(40512K) Class: 2818K(2944K)->2818K(2944K)
[496.642s][info][gc          ] GC(1110) Pause Young (Concurrent Start) (G1 Humongous Allocation) 158M->142M(632M) 34.489ms
[496.642s][info][gc,cpu      ] GC(1110) User=0.07s Sys=0.00s Real=0.04s
[496.642s][info][gc          ] GC(1111) Concurrent Mark Cycle
[496.642s][info][gc,marking  ] GC(1111) Concurrent Scan Root Regions
[496.704s][info][gc,marking  ] GC(1111) Concurrent Scan Root Regions 62.159ms
[496.704s][info][gc,marking  ] GC(1111) Concurrent Mark
[496.704s][info][gc,marking  ] GC(1111) Concurrent Mark From Roots
[496.704s][info][gc,task     ] GC(1111) Using 1 workers of 1 for marking
[496.818s][info][gc,marking  ] GC(1111) Concurrent Mark From Roots 113.596ms
[496.818s][info][gc,marking  ] GC(1111) Concurrent Preclean
[496.818s][info][gc,marking  ] GC(1111) Concurrent Preclean 0.161ms
[496.818s][info][gc,start    ] GC(1111) Pause Remark
[496.836s][info][gc          ] GC(1111) Pause Remark 182M->176M(474M) 18.139ms
[496.836s][info][gc,cpu      ] GC(1111) User=0.03s Sys=0.00s Real=0.02s
[496.837s][info][gc,marking  ] GC(1111) Concurrent Mark 132.951ms
[496.837s][info][gc,marking  ] GC(1111) Concurrent Rebuild Remembered Sets and Scrub Regions
[496.903s][info][gc,marking  ] GC(1111) Concurrent Rebuild Remembered Sets and Scrub Regions 65.749ms
[496.903s][info][gc,start    ] GC(1111) Pause Cleanup
[496.903s][info][gc          ] GC(1111) Pause Cleanup 192M->192M(474M) 0.076ms
[496.903s][info][gc,cpu      ] GC(1111) User=0.00s Sys=0.00s Real=0.00s
[496.903s][info][gc,marking  ] GC(1111) Concurrent Clear Claimed Marks
[496.903s][info][gc,marking  ] GC(1111) Concurrent Clear Claimed Marks 0.042ms
[496.903s][info][gc,marking  ] GC(1111) Concurrent Cleanup for Next Mark
[496.907s][info][gc,marking  ] GC(1111) Concurrent Cleanup for Next Mark 3.405ms
[496.907s][info][gc          ] GC(1111) Concurrent Mark Cycle 264.721ms
[500.046s][info][gc,start    ] GC(1112) Pause Young (Prepare Mixed) (G1 Evacuation Pause)
[500.046s][info][gc,task     ] GC(1112) Using 2 workers of 2 for evacuation
[500.090s][info][gc,phases   ] GC(1112)   Pre Evacuate Collection Set: 0.22ms
[500.090s][info][gc,phases   ] GC(1112)   Merge Heap Roots: 0.20ms
[500.090s][info][gc,phases   ] GC(1112)   Evacuate Collection Set: 42.72ms
[500.090s][info][gc,phases   ] GC(1112)   Post Evacuate Collection Set: 0.56ms
[500.090s][info][gc,phases   ] GC(1112)   Other: 0.07ms
[500.090s][info][gc,heap     ] GC(1112) Eden regions: 281->0(242)
[500.090s][info][gc,heap     ] GC(1112) Survivor regions: 3->30(36)
[500.090s][info][gc,heap     ] GC(1112) Old regions: 130->130
[500.090s][info][gc,heap     ] GC(1112) Humongous regions: 20->15
[500.090s][info][gc,metaspace] GC(1112) Metaspace: 43098K(43456K)->43098K(43456K) NonClass: 40279K(40512K)->40279K(40512K) Class: 2818K(2944K)->2818K(2944K)
[500.090s][info][gc          ] GC(1112) Pause Young (Prepare Mixed) (G1 Evacuation Pause) 432M->173M(474M) 43.967ms
[500.090s][info][gc,cpu      ] GC(1112) User=0.09s Sys=0.00s Real=0.04s
[500.870s][info][gc,start    ] GC(1113) Pause Young (Mixed) (G1 Evacuation Pause)
[500.870s][info][gc,task     ] GC(1113) Using 2 workers of 2 for evacuation
[500.910s][info][gc,phases   ] GC(1113)   Pre Evacuate Collection Set: 0.23ms
[500.910s][info][gc,phases   ] GC(1113)   Merge Heap Roots: 0.19ms
[500.910s][info][gc,phases   ] GC(1113)   Evacuate Collection Set: 39.19ms
[500.910s][info][gc,phases   ] GC(1113)   Post Evacuate Collection Set: 0.54ms
[500.910s][info][gc,phases   ] GC(1113)   Other: 0.09ms
[500.910s][info][gc,heap     ] GC(1113) Eden regions: 242->0(254)
[500.910s][info][gc,heap     ] GC(1113) Survivor regions: 30->5(34)
[500.910s][info][gc,heap     ] GC(1113) Old regions: 130->151
[500.910s][info][gc,heap     ] GC(1113) Humongous regions: 15->15
[500.910s][info][gc,metaspace] GC(1113) Metaspace: 43098K(43456K)->43098K(43456K) NonClass: 40279K(40512K)->40279K(40512K) Class: 2818K(2944K)->2818K(2944K)
[500.910s][info][gc          ] GC(1113) Pause Young (Mixed) (G1 Evacuation Pause) 415M->169M(474M) 40.418ms
[500.910s][info][gc,cpu      ] GC(1113) User=0.08s Sys=0.00s Real=0.04s
[501.970s][info][gc,start    ] GC(1114) Pause Young (Concurrent Start) (G1 Evacuation Pause)
[501.970s][info][gc,task     ] GC(1114) Using 2 workers of 2 for evacuation
[501.983s][info][gc,phases   ] GC(1114)   Pre Evacuate Collection Set: 0.22ms
[501.983s][info][gc,phases   ] GC(1114)   Merge Heap Roots: 0.08ms
[501.983s][info][gc,phases   ] GC(1114)   Evacuate Collection Set: 11.88ms
[501.983s][info][gc,phases   ] GC(1114)   Post Evacuate Collection Set: 0.48ms
[501.983s][info][gc,phases   ] GC(1114)   Other: 0.09ms
[501.983s][info][gc,heap     ] GC(1114) Eden regions: 254->0(249)
[501.983s][info][gc,heap     ] GC(1114) Survivor regions: 5->14(33)
[501.983s][info][gc,heap     ] GC(1114) Old regions: 151->151
[501.983s][info][gc,heap     ] GC(1114) Humongous regions: 15->15
[501.983s][info][gc,metaspace] GC(1114) Metaspace: 43098K(43456K)->43098K(43456K) NonClass: 40279K(40512K)->40279K(40512K) Class: 2818K(2944K)->2818K(2944K)
[501.983s][info][gc          ] GC(1114) Pause Young (Concurrent Start) (G1 Evacuation Pause) 423M->178M(474M) 12.950ms
[501.983s][info][gc,cpu      ] GC(1114) User=0.02s Sys=0.00s Real=0.02s
[501.983s][info][gc          ] GC(1115) Concurrent Mark Cycle
[501.983s][info][gc,marking  ] GC(1115) Concurrent Scan Root Regions
[501.992s][info][gc,marking  ] GC(1115) Concurrent Scan Root Regions 8.919ms
[501.992s][info][gc,marking  ] GC(1115) Concurrent Mark
[501.992s][info][gc,marking  ] GC(1115) Concurrent Mark From Roots
[501.992s][info][gc,task     ] GC(1115) Using 1 workers of 1 for marking
[502.020s][info][gc,marking  ] GC(1115) Concurrent Mark From Roots 27.737ms
[502.020s][info][gc,marking  ] GC(1115) Concurrent Preclean
[502.020s][info][gc,marking  ] GC(1115) Concurrent Preclean 0.054ms
[502.020s][info][gc,start    ] GC(1115) Pause Remark
[502.036s][info][gc          ] GC(1115) Pause Remark 186M->78M(256M) 15.843ms
[502.036s][info][gc,cpu      ] GC(1115) User=0.03s Sys=0.00s Real=0.02s
[502.036s][info][gc,marking  ] GC(1115) Concurrent Mark 43.881ms
[502.036s][info][gc,marking  ] GC(1115) Concurrent Rebuild Remembered Sets and Scrub Regions
[502.047s][info][gc,marking  ] GC(1115) Concurrent Rebuild Remembered Sets and Scrub Regions 11.115ms
[502.047s][info][gc,start    ] GC(1115) Pause Cleanup
[502.047s][info][gc          ] GC(1115) Pause Cleanup 80M->80M(256M) 0.056ms
[502.047s][info][gc,cpu      ] GC(1115) User=0.00s Sys=0.00s Real=0.00s
[502.047s][info][gc,marking  ] GC(1115) Concurrent Clear Claimed Marks
[502.047s][info][gc,marking  ] GC(1115) Concurrent Clear Claimed Marks 0.038ms
[502.047s][info][gc,marking  ] GC(1115) Concurrent Cleanup for Next Mark
[502.048s][info][gc,marking  ] GC(1115) Concurrent Cleanup for Next Mark 0.719ms
[502.048s][info][gc          ] GC(1115) Concurrent Mark Cycle 65.062ms
[502.821s][info][gc,start    ] GC(1116) Pause Young (Prepare Mixed) (G1 Evacuation Pause)
[502.821s][info][gc,task     ] GC(1116) Using 2 workers of 2 for evacuation
[502.829s][info][gc,phases   ] GC(1116)   Pre Evacuate Collection Set: 0.22ms
[502.829s][info][gc,phases   ] GC(1116)   Merge Heap Roots: 0.11ms
[502.829s][info][gc,phases   ] GC(1116)   Evacuate Collection Set: 7.13ms
[502.829s][info][gc,phases   ] GC(1116)   Post Evacuate Collection Set: 0.38ms
[502.829s][info][gc,phases   ] GC(1116)   Other: 0.07ms
[502.829s][info][gc,heap     ] GC(1116) Eden regions: 139->0(150)
[502.829s][info][gc,heap     ] GC(1116) Survivor regions: 14->3(20)
[502.829s][info][gc,heap     ] GC(1116) Old regions: 57->64
[502.829s][info][gc,heap     ] GC(1116) Humongous regions: 1->1
[502.829s][info][gc,metaspace] GC(1116) Metaspace: 43098K(43456K)->43098K(43456K) NonClass: 40279K(40512K)->40279K(40512K) Class: 2818K(2944K)->2818K(2944K)
[502.829s][info][gc          ] GC(1116) Pause Young (Prepare Mixed) (G1 Evacuation Pause) 210M->66M(256M) 8.086ms
[502.829s][info][gc,cpu      ] GC(1116) User=0.02s Sys=0.00s Real=0.00s
[503.612s][info][gc,start    ] GC(1117) Pause Young (Mixed) (G1 Evacuation Pause)
[503.612s][info][gc,task     ] GC(1117) Using 2 workers of 2 for evacuation
[503.630s][info][gc,phases   ] GC(1117)   Pre Evacuate Collection Set: 0.81ms
[503.630s][info][gc,phases   ] GC(1117)   Merge Heap Roots: 0.09ms
[503.630s][info][gc,phases   ] GC(1117)   Evacuate Collection Set: 16.30ms
[503.630s][info][gc,phases   ] GC(1117)   Post Evacuate Collection Set: 0.44ms
[503.630s][info][gc,phases   ] GC(1117)   Other: 0.08ms
[503.630s][info][gc,heap     ] GC(1117) Eden regions: 150->0(138)
[503.630s][info][gc,heap     ] GC(1117) Survivor regions: 3->15(20)
[503.630s][info][gc,heap     ] GC(1117) Old regions: 64->48
[503.630s][info][gc,heap     ] GC(1117) Humongous regions: 1->1
[503.630s][info][gc,metaspace] GC(1117) Metaspace: 43098K(43456K)->43098K(43456K) NonClass: 40279K(40512K)->40279K(40512K) Class: 2818K(2944K)->2818K(2944K)
[503.630s][info][gc          ] GC(1117) Pause Young (Mixed) (G1 Evacuation Pause) 216M->63M(256M) 17.935ms
[503.630s][info][gc,cpu      ] GC(1117) User=0.03s Sys=0.00s Real=0.01s
[504.375s][info][gc,start    ] GC(1118) Pause Young (Concurrent Start) (G1 Humongous Allocation)
[504.375s][info][gc,task     ] GC(1118) Using 2 workers of 2 for evacuation
[504.399s][info][gc,phases   ] GC(1118)   Pre Evacuate Collection Set: 0.18ms
[504.399s][info][gc,phases   ] GC(1118)   Merge Heap Roots: 0.07ms
[504.399s][info][gc,phases   ] GC(1118)   Evacuate Collection Set: 23.50ms
[504.399s][info][gc,phases   ] GC(1118)   Post Evacuate Collection Set: 0.43ms
[504.399s][info][gc,phases   ] GC(1118)   Other: 0.11ms
[504.399s][info][gc,heap     ] GC(1118) Eden regions: 133->0(141)
[504.399s][info][gc,heap     ] GC(1118) Survivor regions: 15->12(20)
[504.399s][info][gc,heap     ] GC(1118) Old regions: 48->62
[504.399s][info][gc,heap     ] GC(1118) Humongous regions: 1->1
[504.399s][info][gc,metaspace] GC(1118) Metaspace: 43098K(43456K)->43098K(43456K) NonClass: 40279K(40512K)->40279K(40512K) Class: 2818K(2944K)->2818K(2944K)
[504.399s][info][gc          ] GC(1118) Pause Young (Concurrent Start) (G1 Humongous Allocation) 195M->75M(256M) 24.470ms
[504.399s][info][gc,cpu      ] GC(1118) User=0.05s Sys=0.00s Real=0.02s
[504.399s][info][gc          ] GC(1119) Concurrent Mark Cycle
[504.399s][info][gc,marking  ] GC(1119) Concurrent Scan Root Regions
[504.417s][info][gc,marking  ] GC(1119) Concurrent Scan Root Regions 17.710ms
[504.417s][info][gc,marking  ] GC(1119) Concurrent Mark
[504.417s][info][gc,marking  ] GC(1119) Concurrent Mark From Roots
[504.417s][info][gc,task     ] GC(1119) Using 1 workers of 1 for marking
[504.451s][info][gc,marking  ] GC(1119) Concurrent Mark From Roots 34.402ms
[504.451s][info][gc,marking  ] GC(1119) Concurrent Preclean
[504.451s][info][gc,marking  ] GC(1119) Concurrent Preclean 0.032ms
[504.451s][info][gc,start    ] GC(1119) Pause Remark
[504.467s][info][gc          ] GC(1119) Pause Remark 87M->87M(256M) 15.509ms
[504.467s][info][gc,cpu      ] GC(1119) User=0.03s Sys=0.00s Real=0.01s
[504.467s][info][gc,marking  ] GC(1119) Concurrent Mark 50.110ms
[504.467s][info][gc,marking  ] GC(1119) Concurrent Rebuild Remembered Sets and Scrub Regions
[504.490s][info][gc,marking  ] GC(1119) Concurrent Rebuild Remembered Sets and Scrub Regions 23.504ms
[504.491s][info][gc,start    ] GC(1119) Pause Cleanup
[504.491s][info][gc          ] GC(1119) Pause Cleanup 92M->92M(256M) 0.044ms
[504.491s][info][gc,cpu      ] GC(1119) User=0.00s Sys=0.00s Real=0.00s
[504.491s][info][gc,marking  ] GC(1119) Concurrent Clear Claimed Marks
[504.491s][info][gc,marking  ] GC(1119) Concurrent Clear Claimed Marks 0.033ms
[504.491s][info][gc,marking  ] GC(1119) Concurrent Cleanup for Next Mark
[504.491s][info][gc,marking  ] GC(1119) Concurrent Cleanup for Next Mark 0.737ms
[504.491s][info][gc          ] GC(1119) Concurrent Mark Cycle 92.405ms
[505.177s][info][gc,start    ] GC(1120) Pause Young (Prepare Mixed) (G1 Evacuation Pause)
[505.177s][info][gc,task     ] GC(1120) Using 2 workers of 2 for evacuation
[505.192s][info][gc,phases   ] GC(1120)   Pre Evacuate Collection Set: 0.24ms
[505.192s][info][gc,phases   ] GC(1120)   Merge Heap Roots: 0.11ms
[505.192s][info][gc,phases   ] GC(1120)   Evacuate Collection Set: 14.39ms
[505.192s][info][gc,phases   ] GC(1120)   Post Evacuate Collection Set: 0.39ms
[505.192s][info][gc,phases   ] GC(1120)   Other: 0.07ms
[505.193s][info][gc,heap     ] GC(1120) Eden regions: 141->0(139)
[505.193s][info][gc,heap     ] GC(1120) Survivor regions: 12->14(20)
[505.193s][info][gc,heap     ] GC(1120) Old regions: 62->66
[505.193s][info][gc,heap     ] GC(1120) Humongous regions: 2->2
[505.193s][info][gc,metaspace] GC(1120) Metaspace: 43098K(43456K)->43098K(43456K) NonClass: 40279K(40512K)->40279K(40512K) Class: 2818K(2944K)->2818K(2944K)
[505.193s][info][gc          ] GC(1120) Pause Young (Prepare Mixed) (G1 Evacuation Pause) 217M->81M(256M) 16.271ms
[505.193s][info][gc,cpu      ] GC(1120) User=0.03s Sys=0.00s Real=0.02s
[505.920s][info][gc,start    ] GC(1121) Pause Young (Mixed) (G1 Evacuation Pause)
[505.920s][info][gc,task     ] GC(1121) Using 2 workers of 2 for evacuation
[505.946s][info][gc,phases   ] GC(1121)   Pre Evacuate Collection Set: 0.21ms
[505.946s][info][gc,phases   ] GC(1121)   Merge Heap Roots: 0.16ms
[505.947s][info][gc,phases   ] GC(1121)   Evacuate Collection Set: 25.14ms
[505.947s][info][gc,phases   ] GC(1121)   Post Evacuate Collection Set: 0.47ms
[505.947s][info][gc,phases   ] GC(1121)   Other: 0.07ms
[505.947s][info][gc,heap     ] GC(1121) Eden regions: 139->0(140)
[505.947s][info][gc,heap     ] GC(1121) Survivor regions: 14->13(20)
[505.947s][info][gc,heap     ] GC(1121) Old regions: 66->66
[505.947s][info][gc,heap     ] GC(1121) Humongous regions: 2->2
[505.947s][info][gc,metaspace] GC(1121) Metaspace: 43098K(43456K)->43098K(43456K) NonClass: 40279K(40512K)->40279K(40512K) Class: 2818K(2944K)->2818K(2944K)
[505.947s][info][gc          ] GC(1121) Pause Young (Mixed) (G1 Evacuation Pause) 220M->80M(256M) 26.237ms
[505.947s][info][gc,cpu      ] GC(1121) User=0.05s Sys=0.00s Real=0.03s
[505.989s][info][gc,start    ] GC(1122) Pause Young (Concurrent Start) (G1 Humongous Allocation)
[505.989s][info][gc,task     ] GC(1122) Using 2 workers of 2 for evacuation
[506.002s][info][gc,phases   ] GC(1122)   Pre Evacuate Collection Set: 0.17ms
[506.002s][info][gc,phases   ] GC(1122)   Merge Heap Roots: 0.05ms
[506.002s][info][gc,phases   ] GC(1122)   Evacuate Collection Set: 12.74ms
[506.002s][info][gc,phases   ] GC(1122)   Post Evacuate Collection Set: 0.32ms
[506.002s][info][gc,phases   ] GC(1122)   Other: 0.09ms
[506.002s][info][gc,heap     ] GC(1122) Eden regions: 15->0(133)
[506.002s][info][gc,heap     ] GC(1122) Survivor regions: 13->7(20)
[506.002s][info][gc,heap     ] GC(1122) Old regions: 66->78
[506.002s][info][gc,heap     ] GC(1122) Humongous regions: 2->2
[506.002s][info][gc,metaspace] GC(1122) Metaspace: 43098K(43456K)->43098K(43456K) NonClass: 40279K(40512K)->40279K(40512K) Class: 2818K(2944K)->2818K(2944K)
[506.002s][info][gc          ] GC(1122) Pause Young (Concurrent Start) (G1 Humongous Allocation) 94M->86M(256M) 13.534ms
[506.002s][info][gc          ] GC(1123) Concurrent Mark Cycle
[506.002s][info][gc,marking  ] GC(1123) Concurrent Scan Root Regions
[506.004s][info][gc,cpu      ] GC(1122) User=0.03s Sys=0.00s Real=0.02s
[506.013s][info][gc,marking  ] GC(1123) Concurrent Scan Root Regions 11.091ms
[506.013s][info][gc,marking  ] GC(1123) Concurrent Mark
[506.013s][info][gc,marking  ] GC(1123) Concurrent Mark From Roots
[506.013s][info][gc,task     ] GC(1123) Using 1 workers of 1 for marking
[506.044s][info][gc,marking  ] GC(1123) Concurrent Mark From Roots 31.244ms
[506.044s][info][gc,marking  ] GC(1123) Concurrent Preclean
[506.045s][info][gc,marking  ] GC(1123) Concurrent Preclean 0.032ms
[506.045s][info][gc,start    ] GC(1123) Pause Remark
[506.060s][info][gc          ] GC(1123) Pause Remark 106M->94M(256M) 15.212ms
[506.060s][info][gc,cpu      ] GC(1123) User=0.03s Sys=0.00s Real=0.01s
[506.060s][info][gc,marking  ] GC(1123) Concurrent Mark 46.781ms
[506.060s][info][gc,marking  ] GC(1123) Concurrent Rebuild Remembered Sets and Scrub Regions
[506.082s][info][gc,marking  ] GC(1123) Concurrent Rebuild Remembered Sets and Scrub Regions 21.719ms
[506.082s][info][gc,start    ] GC(1123) Pause Cleanup
[506.082s][info][gc          ] GC(1123) Pause Cleanup 103M->103M(256M) 0.072ms
[506.082s][info][gc,cpu      ] GC(1123) User=0.00s Sys=0.00s Real=0.00s
[506.082s][info][gc,marking  ] GC(1123) Concurrent Clear Claimed Marks
[506.082s][info][gc,marking  ] GC(1123) Concurrent Clear Claimed Marks 0.032ms
[506.082s][info][gc,marking  ] GC(1123) Concurrent Cleanup for Next Mark
[506.083s][info][gc,marking  ] GC(1123) Concurrent Cleanup for Next Mark 0.739ms
[506.083s][info][gc          ] GC(1123) Concurrent Mark Cycle 80.700ms
[506.328s][info][gc,start    ] GC(1124) Pause Young (Prepare Mixed) (G1 Evacuation Pause)
[506.329s][info][gc,task     ] GC(1124) Using 2 workers of 2 for evacuation
[506.347s][info][gc,phases   ] GC(1124)   Pre Evacuate Collection Set: 0.19ms
[506.347s][info][gc,phases   ] GC(1124)   Merge Heap Roots: 0.07ms
[506.347s][info][gc,phases   ] GC(1124)   Evacuate Collection Set: 17.71ms
[506.347s][info][gc,phases   ] GC(1124)   Post Evacuate Collection Set: 0.40ms
[506.347s][info][gc,phases   ] GC(1124)   Other: 0.07ms
[506.347s][info][gc,heap     ] GC(1124) Eden regions: 133->0(130)
[506.347s][info][gc,heap     ] GC(1124) Survivor regions: 7->18(18)
[506.347s][info][gc,heap     ] GC(1124) Old regions: 67->67
[506.347s][info][gc,heap     ] GC(1124) Humongous regions: 4->4
[506.347s][info][gc,metaspace] GC(1124) Metaspace: 43098K(43456K)->43098K(43456K) NonClass: 40279K(40512K)->40279K(40512K) Class: 2818K(2944K)->2818K(2944K)
[506.347s][info][gc          ] GC(1124) Pause Young (Prepare Mixed) (G1 Evacuation Pause) 210M->88M(256M) 18.651ms
[506.347s][info][gc,cpu      ] GC(1124) User=0.03s Sys=0.00s Real=0.02s
[506.635s][info][gc,start    ] GC(1125) Pause Young (Mixed) (G1 Evacuation Pause)
[506.635s][info][gc,task     ] GC(1125) Using 2 workers of 2 for evacuation
[506.670s][info][gc,phases   ] GC(1125)   Pre Evacuate Collection Set: 0.25ms
[506.670s][info][gc,phases   ] GC(1125)   Merge Heap Roots: 0.23ms
[506.670s][info][gc,phases   ] GC(1125)   Evacuate Collection Set: 34.38ms
[506.670s][info][gc,phases   ] GC(1125)   Post Evacuate Collection Set: 0.59ms
[506.670s][info][gc,phases   ] GC(1125)   Other: 0.08ms
[506.670s][info][gc,heap     ] GC(1125) Eden regions: 130->0(134)
[506.670s][info][gc,heap     ] GC(1125) Survivor regions: 18->16(19)
[506.670s][info][gc,heap     ] GC(1125) Old regions: 67->62
[506.670s][info][gc,heap     ] GC(1125) Humongous regions: 4->4
[506.670s][info][gc,metaspace] GC(1125) Metaspace: 43098K(43456K)->43098K(43456K) NonClass: 40279K(40512K)->40279K(40512K) Class: 2818K(2944K)->2818K(2944K)
[506.670s][info][gc          ] GC(1125) Pause Young (Mixed) (G1 Evacuation Pause) 218M->82M(256M) 35.733ms
[506.670s][info][gc,cpu      ] GC(1125) User=0.07s Sys=0.00s Real=0.03s
[506.692s][info][gc,start    ] GC(1126) Pause Young (Concurrent Start) (G1 Humongous Allocation)
[506.692s][info][gc,task     ] GC(1126) Using 2 workers of 2 for evacuation
[506.705s][info][gc,phases   ] GC(1126)   Pre Evacuate Collection Set: 0.16ms
[506.705s][info][gc,phases   ] GC(1126)   Merge Heap Roots: 0.04ms
[506.705s][info][gc,phases   ] GC(1126)   Evacuate Collection Set: 12.64ms
[506.706s][info][gc,phases   ] GC(1126)   Post Evacuate Collection Set: 0.27ms
[506.706s][info][gc,phases   ] GC(1126)   Other: 0.09ms
[506.706s][info][gc,heap     ] GC(1126) Eden regions: 9->0(134)
[506.706s][info][gc,heap     ] GC(1126) Survivor regions: 16->2(19)
[506.706s][info][gc,heap     ] GC(1126) Old regions: 62->78
[506.706s][info][gc,heap     ] GC(1126) Humongous regions: 4->4
[506.706s][info][gc,metaspace] GC(1126) Metaspace: 43098K(43456K)->43098K(43456K) NonClass: 40279K(40512K)->40279K(40512K) Class: 2818K(2944K)->2818K(2944K)
[506.706s][info][gc          ] GC(1126) Pause Young (Concurrent Start) (G1 Humongous Allocation) 91M->84M(256M) 13.360ms
[506.706s][info][gc,cpu      ] GC(1126) User=0.03s Sys=0.00s Real=0.01s
[506.706s][info][gc          ] GC(1127) Concurrent Mark Cycle
[506.706s][info][gc,marking  ] GC(1127) Concurrent Scan Root Regions
[506.717s][info][gc,marking  ] GC(1127) Concurrent Scan Root Regions 11.468ms
[506.717s][info][gc,marking  ] GC(1127) Concurrent Mark
[506.717s][info][gc,marking  ] GC(1127) Concurrent Mark From Roots
[506.717s][info][gc,task     ] GC(1127) Using 1 workers of 1 for marking
[506.786s][info][gc,marking  ] GC(1127) Concurrent Mark From Roots 68.466ms
[506.786s][info][gc,marking  ] GC(1127) Concurrent Preclean
[506.786s][info][gc,marking  ] GC(1127) Concurrent Preclean 0.034ms
[506.786s][info][gc,start    ] GC(1127) Pause Remark
[506.802s][info][gc          ] GC(1127) Pause Remark 117M->114M(256M) 16.318ms
[506.802s][info][gc,cpu      ] GC(1127) User=0.03s Sys=0.00s Real=0.02s
[506.802s][info][gc,marking  ] GC(1127) Concurrent Mark 85.086ms
[506.802s][info][gc,marking  ] GC(1127) Concurrent Rebuild Remembered Sets and Scrub Regions
[506.838s][info][gc,marking  ] GC(1127) Concurrent Rebuild Remembered Sets and Scrub Regions 35.412ms
[506.838s][info][gc,start    ] GC(1127) Pause Cleanup
[506.838s][info][gc          ] GC(1127) Pause Cleanup 130M->130M(256M) 0.043ms
[506.838s][info][gc,cpu      ] GC(1127) User=0.00s Sys=0.00s Real=0.00s
[506.838s][info][gc,marking  ] GC(1127) Concurrent Clear Claimed Marks
[506.838s][info][gc,marking  ] GC(1127) Concurrent Clear Claimed Marks 0.035ms
[506.838s][info][gc,marking  ] GC(1127) Concurrent Cleanup for Next Mark
[506.839s][info][gc,marking  ] GC(1127) Concurrent Cleanup for Next Mark 0.743ms
[506.839s][info][gc          ] GC(1127) Concurrent Mark Cycle 133.104ms
[507.024s][info][gc,start    ] GC(1128) Pause Young (Prepare Mixed) (G1 Evacuation Pause)
[507.024s][info][gc,task     ] GC(1128) Using 2 workers of 2 for evacuation
[507.045s][info][gc,phases   ] GC(1128)   Pre Evacuate Collection Set: 0.21ms
[507.045s][info][gc,phases   ] GC(1128)   Merge Heap Roots: 0.10ms
[507.045s][info][gc,phases   ] GC(1128)   Evacuate Collection Set: 20.07ms
[507.045s][info][gc,phases   ] GC(1128)   Post Evacuate Collection Set: 0.36ms
[507.045s][info][gc,phases   ] GC(1128)   Other: 0.09ms
[507.045s][info][gc,heap     ] GC(1128) Eden regions: 134->0(123)
[507.045s][info][gc,heap     ] GC(1128) Survivor regions: 2->17(17)
[507.045s][info][gc,heap     ] GC(1128) Old regions: 75->75
[507.045s][info][gc,heap     ] GC(1128) Humongous regions: 6->6
[507.045s][info][gc,metaspace] GC(1128) Metaspace: 43098K(43456K)->43098K(43456K) NonClass: 40279K(40512K)->40279K(40512K) Class: 2818K(2944K)->2818K(2944K)
[507.045s][info][gc          ] GC(1128) Pause Young (Prepare Mixed) (G1 Evacuation Pause) 217M->97M(256M) 21.025ms
[507.045s][info][gc,cpu      ] GC(1128) User=0.04s Sys=0.00s Real=0.02s
[507.312s][info][gc,start    ] GC(1129) Pause Young (Mixed) (G1 Evacuation Pause)
[507.312s][info][gc,task     ] GC(1129) Using 2 workers of 2 for evacuation
[507.348s][info][gc,phases   ] GC(1129)   Pre Evacuate Collection Set: 0.17ms
[507.348s][info][gc,phases   ] GC(1129)   Merge Heap Roots: 0.11ms
[507.348s][info][gc,phases   ] GC(1129)   Evacuate Collection Set: 35.14ms
[507.348s][info][gc,phases   ] GC(1129)   Post Evacuate Collection Set: 0.56ms
[507.348s][info][gc,phases   ] GC(1129)   Other: 0.09ms
[507.349s][info][gc,heap     ] GC(1129) Eden regions: 123->0(120)
[507.349s][info][gc,heap     ] GC(1129) Survivor regions: 17->14(18)
[507.349s][info][gc,heap     ] GC(1129) Old regions: 75->82
[507.349s][info][gc,heap     ] GC(1129) Humongous regions: 6->6
[507.349s][info][gc,metaspace] GC(1129) Metaspace: 43098K(43456K)->43098K(43456K) NonClass: 40279K(40512K)->40279K(40512K) Class: 2818K(2944K)->2818K(2944K)
[507.349s][info][gc          ] GC(1129) Pause Young (Mixed) (G1 Evacuation Pause) 220M->101M(256M) 36.269ms
[507.349s][info][gc,cpu      ] GC(1129) User=0.07s Sys=0.00s Real=0.03s
[507.390s][info][gc,start    ] GC(1130) Pause Young (Concurrent Start) (G1 Humongous Allocation)
[507.390s][info][gc,task     ] GC(1130) Using 2 workers of 2 for evacuation
[507.408s][info][gc,phases   ] GC(1130)   Pre Evacuate Collection Set: 0.18ms
[507.408s][info][gc,phases   ] GC(1130)   Merge Heap Roots: 0.06ms
[507.408s][info][gc,phases   ] GC(1130)   Evacuate Collection Set: 16.33ms
[507.408s][info][gc,phases   ] GC(1130)   Post Evacuate Collection Set: 1.09ms
[507.408s][info][gc,phases   ] GC(1130)   Other: 0.12ms
[507.408s][info][gc,heap     ] GC(1130) Eden regions: 17->0(198)
[507.408s][info][gc,heap     ] GC(1130) Survivor regions: 14->3(17)
[507.408s][info][gc,heap     ] GC(1130) Old regions: 82->96
[507.408s][info][gc,heap     ] GC(1130) Humongous regions: 6->6
[507.408s][info][gc,metaspace] GC(1130) Metaspace: 43098K(43456K)->43098K(43456K) NonClass: 40279K(40512K)->40279K(40512K) Class: 2818K(2944K)->2818K(2944K)
[507.408s][info][gc          ] GC(1130) Pause Young (Concurrent Start) (G1 Humongous Allocation) 118M->104M(368M) 17.974ms
[507.408s][info][gc,cpu      ] GC(1130) User=0.04s Sys=0.00s Real=0.02s
[507.408s][info][gc          ] GC(1131) Concurrent Mark Cycle
[507.408s][info][gc,marking  ] GC(1131) Concurrent Scan Root Regions
[507.421s][info][gc,marking  ] GC(1131) Concurrent Scan Root Regions 13.473ms
[507.422s][info][gc,marking  ] GC(1131) Concurrent Mark
[507.422s][info][gc,marking  ] GC(1131) Concurrent Mark From Roots
[507.422s][info][gc,task     ] GC(1131) Using 1 workers of 1 for marking
[507.519s][info][gc,marking  ] GC(1131) Concurrent Mark From Roots 97.069ms
[507.519s][info][gc,marking  ] GC(1131) Concurrent Preclean
[507.519s][info][gc,marking  ] GC(1131) Concurrent Preclean 0.036ms
[507.519s][info][gc,start    ] GC(1131) Pause Remark
[507.534s][info][gc          ] GC(1131) Pause Remark 130M->129M(360M) 15.428ms
[507.534s][info][gc,cpu      ] GC(1131) User=0.03s Sys=0.00s Real=0.02s
[507.534s][info][gc,marking  ] GC(1131) Concurrent Mark 112.836ms
[507.534s][info][gc,marking  ] GC(1131) Concurrent Rebuild Remembered Sets and Scrub Regions
[507.594s][info][gc,marking  ] GC(1131) Concurrent Rebuild Remembered Sets and Scrub Regions 59.802ms
[507.594s][info][gc,start    ] GC(1131) Pause Cleanup
[507.594s][info][gc          ] GC(1131) Pause Cleanup 149M->149M(360M) 0.050ms
[507.594s][info][gc,cpu      ] GC(1131) User=0.00s Sys=0.00s Real=0.00s
[507.594s][info][gc,marking  ] GC(1131) Concurrent Clear Claimed Marks
[507.594s][info][gc,marking  ] GC(1131) Concurrent Clear Claimed Marks 0.039ms
[507.594s][info][gc,marking  ] GC(1131) Concurrent Cleanup for Next Mark
[507.597s][info][gc,marking  ] GC(1131) Concurrent Cleanup for Next Mark 2.100ms
[507.597s][info][gc          ] GC(1131) Concurrent Mark Cycle 188.696ms
[508.858s][info][gc,start    ] GC(1132) Pause Young (Prepare Mixed) (G1 Evacuation Pause)
[508.858s][info][gc,task     ] GC(1132) Using 2 workers of 2 for evacuation
[508.897s][info][gc,phases   ] GC(1132)   Pre Evacuate Collection Set: 0.19ms
[508.897s][info][gc,phases   ] GC(1132)   Merge Heap Roots: 0.17ms
[508.897s][info][gc,phases   ] GC(1132)   Evacuate Collection Set: 38.65ms
[508.897s][info][gc,phases   ] GC(1132)   Post Evacuate Collection Set: 0.52ms
[508.897s][info][gc,phases   ] GC(1132)   Other: 0.07ms
[508.897s][info][gc,heap     ] GC(1132) Eden regions: 198->0(172)
[508.897s][info][gc,heap     ] GC(1132) Survivor regions: 3->24(26)
[508.897s][info][gc,heap     ] GC(1132) Old regions: 96->96
[508.897s][info][gc,heap     ] GC(1132) Humongous regions: 17->15
[508.897s][info][gc,metaspace] GC(1132) Metaspace: 43098K(43456K)->43098K(43456K) NonClass: 40279K(40512K)->40279K(40512K) Class: 2818K(2944K)->2818K(2944K)
[508.897s][info][gc          ] GC(1132) Pause Young (Prepare Mixed) (G1 Evacuation Pause) 313M->134M(360M) 39.802ms
[508.897s][info][gc,cpu      ] GC(1132) User=0.08s Sys=0.00s Real=0.04s
[509.461s][info][gc,start    ] GC(1133) Pause Young (Mixed) (G1 Evacuation Pause)
[509.461s][info][gc,task     ] GC(1133) Using 2 workers of 2 for evacuation
[509.514s][info][gc,phases   ] GC(1133)   Pre Evacuate Collection Set: 0.20ms
[509.514s][info][gc,phases   ] GC(1133)   Merge Heap Roots: 0.35ms
[509.514s][info][gc,phases   ] GC(1133)   Evacuate Collection Set: 51.65ms
[509.514s][info][gc,phases   ] GC(1133)   Post Evacuate Collection Set: 0.52ms
[509.514s][info][gc,phases   ] GC(1133)   Other: 0.07ms
[509.514s][info][gc,heap     ] GC(1133) Eden regions: 172->0(168)
[509.514s][info][gc,heap     ] GC(1133) Survivor regions: 24->11(25)
[509.514s][info][gc,heap     ] GC(1133) Old regions: 96->116
[509.514s][info][gc,heap     ] GC(1133) Humongous regions: 15->15
[509.514s][info][gc,metaspace] GC(1133) Metaspace: 43098K(43456K)->43098K(43456K) NonClass: 40279K(40512K)->40279K(40512K) Class: 2818K(2944K)->2818K(2944K)
[509.514s][info][gc          ] GC(1133) Pause Young (Mixed) (G1 Evacuation Pause) 306M->141M(360M) 53.031ms
[509.514s][info][gc,cpu      ] GC(1133) User=0.11s Sys=0.00s Real=0.05s
[510.314s][info][gc,start    ] GC(1134) Pause Young (Concurrent Start) (G1 Evacuation Pause)
[510.314s][info][gc,task     ] GC(1134) Using 2 workers of 2 for evacuation
[510.328s][info][gc,phases   ] GC(1134)   Pre Evacuate Collection Set: 0.22ms
[510.328s][info][gc,phases   ] GC(1134)   Merge Heap Roots: 0.06ms
[510.328s][info][gc,phases   ] GC(1134)   Evacuate Collection Set: 12.89ms
[510.328s][info][gc,phases   ] GC(1134)   Post Evacuate Collection Set: 0.46ms
[510.328s][info][gc,phases   ] GC(1134)   Other: 0.14ms
[510.328s][info][gc,heap     ] GC(1134) Eden regions: 168->0(169)
[510.328s][info][gc,heap     ] GC(1134) Survivor regions: 11->17(23)
[510.328s][info][gc,heap     ] GC(1134) Old regions: 116->116
[510.328s][info][gc,heap     ] GC(1134) Humongous regions: 15->15
[510.328s][info][gc,metaspace] GC(1134) Metaspace: 43098K(43456K)->43098K(43456K) NonClass: 40279K(40512K)->40279K(40512K) Class: 2818K(2944K)->2818K(2944K)
[510.328s][info][gc          ] GC(1134) Pause Young (Concurrent Start) (G1 Evacuation Pause) 309M->147M(360M) 13.963ms
[510.328s][info][gc,cpu      ] GC(1134) User=0.03s Sys=0.00s Real=0.01s
[510.328s][info][gc          ] GC(1135) Concurrent Mark Cycle
[510.328s][info][gc,marking  ] GC(1135) Concurrent Scan Root Regions
[510.339s][info][gc,marking  ] GC(1135) Concurrent Scan Root Regions 10.685ms
[510.339s][info][gc,marking  ] GC(1135) Concurrent Mark
[510.339s][info][gc,marking  ] GC(1135) Concurrent Mark From Roots
[510.339s][info][gc,task     ] GC(1135) Using 1 workers of 1 for marking
[510.371s][info][gc,marking  ] GC(1135) Concurrent Mark From Roots 32.655ms
[510.371s][info][gc,marking  ] GC(1135) Concurrent Preclean
[510.371s][info][gc,marking  ] GC(1135) Concurrent Preclean 0.032ms
[510.372s][info][gc,start    ] GC(1135) Pause Remark
[510.387s][info][gc          ] GC(1135) Pause Remark 150M->58M(256M) 15.303ms
[510.387s][info][gc,cpu      ] GC(1135) User=0.03s Sys=0.00s Real=0.01s
[510.387s][info][gc,marking  ] GC(1135) Concurrent Mark 48.315ms
[510.387s][info][gc,marking  ] GC(1135) Concurrent Rebuild Remembered Sets and Scrub Regions
[510.399s][info][gc,marking  ] GC(1135) Concurrent Rebuild Remembered Sets and Scrub Regions 11.858ms
[510.399s][info][gc,start    ] GC(1135) Pause Cleanup
[510.399s][info][gc          ] GC(1135) Pause Cleanup 60M->60M(256M) 0.037ms
[510.399s][info][gc,cpu      ] GC(1135) User=0.00s Sys=0.00s Real=0.00s
[510.399s][info][gc,marking  ] GC(1135) Concurrent Clear Claimed Marks
[510.399s][info][gc,marking  ] GC(1135) Concurrent Clear Claimed Marks 0.031ms
[510.399s][info][gc,marking  ] GC(1135) Concurrent Cleanup for Next Mark
[510.400s][info][gc,marking  ] GC(1135) Concurrent Cleanup for Next Mark 0.722ms
[510.400s][info][gc          ] GC(1135) Concurrent Mark Cycle 71.984ms
[511.085s][info][gc,start    ] GC(1136) Pause Young (Prepare Mixed) (G1 Evacuation Pause)
[511.085s][info][gc,task     ] GC(1136) Using 2 workers of 2 for evacuation
[511.093s][info][gc,phases   ] GC(1136)   Pre Evacuate Collection Set: 0.17ms
[511.093s][info][gc,phases   ] GC(1136)   Merge Heap Roots: 0.05ms
[511.093s][info][gc,phases   ] GC(1136)   Evacuate Collection Set: 7.45ms
[511.093s][info][gc,phases   ] GC(1136)   Post Evacuate Collection Set: 0.38ms
[511.093s][info][gc,phases   ] GC(1136)   Other: 0.07ms
[511.093s][info][gc,heap     ] GC(1136) Eden regions: 136->0(150)
[511.093s][info][gc,heap     ] GC(1136) Survivor regions: 17->3(20)
[511.093s][info][gc,heap     ] GC(1136) Old regions: 37->46
[511.093s][info][gc,heap     ] GC(1136) Humongous regions: 1->1
[511.093s][info][gc,metaspace] GC(1136) Metaspace: 43098K(43456K)->43098K(43456K) NonClass: 40279K(40512K)->40279K(40512K) Class: 2818K(2944K)->2818K(2944K)
[511.093s][info][gc          ] GC(1136) Pause Young (Prepare Mixed) (G1 Evacuation Pause) 190M->49M(256M) 8.320ms
[511.093s][info][gc,cpu      ] GC(1136) User=0.02s Sys=0.00s Real=0.01s
[511.856s][info][gc,start    ] GC(1137) Pause Young (Mixed) (G1 Evacuation Pause)
[511.856s][info][gc,task     ] GC(1137) Using 2 workers of 2 for evacuation
[511.873s][info][gc,phases   ] GC(1137)   Pre Evacuate Collection Set: 0.15ms
[511.873s][info][gc,phases   ] GC(1137)   Merge Heap Roots: 0.05ms
[511.873s][info][gc,phases   ] GC(1137)   Evacuate Collection Set: 16.04ms
[511.873s][info][gc,phases   ] GC(1137)   Post Evacuate Collection Set: 0.44ms
[511.873s][info][gc,phases   ] GC(1137)   Other: 0.07ms
[511.873s][info][gc,heap     ] GC(1137) Eden regions: 150->0(136)
[511.873s][info][gc,heap     ] GC(1137) Survivor regions: 3->17(20)
[511.873s][info][gc,heap     ] GC(1137) Old regions: 46->43
[511.873s][info][gc,heap     ] GC(1137) Humongous regions: 1->1
[511.873s][info][gc,metaspace] GC(1137) Metaspace: 43098K(43456K)->43098K(43456K) NonClass: 40279K(40512K)->40279K(40512K) Class: 2818K(2944K)->2818K(2944K)
[511.873s][info][gc          ] GC(1137) Pause Young (Mixed) (G1 Evacuation Pause) 199M->60M(256M) 16.974ms
[511.873s][info][gc,cpu      ] GC(1137) User=0.03s Sys=0.00s Real=0.02s
[512.487s][info][gc,start    ] GC(1138) Pause Young (Concurrent Start) (G1 Humongous Allocation)
[512.488s][info][gc,task     ] GC(1138) Using 2 workers of 2 for evacuation
[512.511s][info][gc,phases   ] GC(1138)   Pre Evacuate Collection Set: 0.18ms
[512.511s][info][gc,phases   ] GC(1138)   Merge Heap Roots: 0.06ms
[512.511s][info][gc,phases   ] GC(1138)   Evacuate Collection Set: 22.37ms
[512.511s][info][gc,phases   ] GC(1138)   Post Evacuate Collection Set: 0.40ms
[512.511s][info][gc,phases   ] GC(1138)   Other: 0.09ms
[512.511s][info][gc,heap     ] GC(1138) Eden regions: 105->0(142)
[512.511s][info][gc,heap     ] GC(1138) Survivor regions: 17->11(20)
[512.511s][info][gc,heap     ] GC(1138) Old regions: 43->59
[512.511s][info][gc,heap     ] GC(1138) Humongous regions: 1->1
[512.511s][info][gc,metaspace] GC(1138) Metaspace: 43098K(43456K)->43098K(43456K) NonClass: 40279K(40512K)->40279K(40512K) Class: 2818K(2944K)->2818K(2944K)
[512.511s][info][gc          ] GC(1138) Pause Young (Concurrent Start) (G1 Humongous Allocation) 165M->70M(256M) 23.278ms
[512.511s][info][gc,cpu      ] GC(1138) User=0.05s Sys=0.00s Real=0.02s
[512.511s][info][gc          ] GC(1139) Concurrent Mark Cycle
[512.513s][info][gc,marking  ] GC(1139) Concurrent Scan Root Regions
[512.529s][info][gc,marking  ] GC(1139) Concurrent Scan Root Regions 15.689ms
[512.529s][info][gc,marking  ] GC(1139) Concurrent Mark
[512.529s][info][gc,marking  ] GC(1139) Concurrent Mark From Roots
[512.529s][info][gc,task     ] GC(1139) Using 1 workers of 1 for marking
[512.567s][info][gc,marking  ] GC(1139) Concurrent Mark From Roots 38.327ms
[512.567s][info][gc,marking  ] GC(1139) Concurrent Preclean
[512.567s][info][gc,marking  ] GC(1139) Concurrent Preclean 0.034ms
[512.567s][info][gc,start    ] GC(1139) Pause Remark
[512.582s][info][gc          ] GC(1139) Pause Remark 83M->83M(256M) 14.942ms
[512.582s][info][gc,cpu      ] GC(1139) User=0.03s Sys=0.00s Real=0.02s
[512.582s][info][gc,marking  ] GC(1139) Concurrent Mark 53.568ms
[512.582s][info][gc,marking  ] GC(1139) Concurrent Rebuild Remembered Sets and Scrub Regions
[512.610s][info][gc,marking  ] GC(1139) Concurrent Rebuild Remembered Sets and Scrub Regions 27.116ms
[512.610s][info][gc,start    ] GC(1139) Pause Cleanup
[512.610s][info][gc          ] GC(1139) Pause Cleanup 88M->88M(256M) 0.054ms
[512.610s][info][gc,cpu      ] GC(1139) User=0.00s Sys=0.00s Real=0.00s
[512.610s][info][gc,marking  ] GC(1139) Concurrent Clear Claimed Marks
[512.610s][info][gc,marking  ] GC(1139) Concurrent Clear Claimed Marks 0.041ms
[512.610s][info][gc,marking  ] GC(1139) Concurrent Cleanup for Next Mark
[512.611s][info][gc,marking  ] GC(1139) Concurrent Cleanup for Next Mark 0.788ms
[512.611s][info][gc          ] GC(1139) Concurrent Mark Cycle 99.839ms
[513.278s][info][gc,start    ] GC(1140) Pause Young (Prepare Mixed) (G1 Evacuation Pause)
[513.278s][info][gc,task     ] GC(1140) Using 2 workers of 2 for evacuation
[513.295s][info][gc,phases   ] GC(1140)   Pre Evacuate Collection Set: 0.25ms
[513.295s][info][gc,phases   ] GC(1140)   Merge Heap Roots: 0.11ms
[513.295s][info][gc,phases   ] GC(1140)   Evacuate Collection Set: 15.48ms
[513.295s][info][gc,phases   ] GC(1140)   Post Evacuate Collection Set: 0.39ms
[513.295s][info][gc,phases   ] GC(1140)   Other: 0.09ms
[513.295s][info][gc,heap     ] GC(1140) Eden regions: 142->0(139)
[513.295s][info][gc,heap     ] GC(1140) Survivor regions: 11->14(20)
[513.295s][info][gc,heap     ] GC(1140) Old regions: 59->62
[513.295s][info][gc,heap     ] GC(1140) Humongous regions: 2->2
[513.295s][info][gc,metaspace] GC(1140) Metaspace: 43098K(43456K)->43098K(43456K) NonClass: 40279K(40512K)->40279K(40512K) Class: 2818K(2944K)->2818K(2944K)
[513.295s][info][gc          ] GC(1140) Pause Young (Prepare Mixed) (G1 Evacuation Pause) 213M->77M(256M) 16.510ms
[513.295s][info][gc,cpu      ] GC(1140) User=0.03s Sys=0.00s Real=0.02s
[513.964s][info][gc,start    ] GC(1141) Pause Young (Mixed) (G1 Evacuation Pause)
[513.964s][info][gc,task     ] GC(1141) Using 2 workers of 2 for evacuation
[513.996s][info][gc,phases   ] GC(1141)   Pre Evacuate Collection Set: 1.27ms
[513.997s][info][gc,phases   ] GC(1141)   Merge Heap Roots: 0.20ms
[513.997s][info][gc,phases   ] GC(1141)   Evacuate Collection Set: 30.67ms
[513.997s][info][gc,phases   ] GC(1141)   Post Evacuate Collection Set: 0.46ms
[513.997s][info][gc,phases   ] GC(1141)   Other: 0.07ms
[513.997s][info][gc,heap     ] GC(1141) Eden regions: 139->0(130)
[513.997s][info][gc,heap     ] GC(1141) Survivor regions: 14->16(20)
[513.997s][info][gc,heap     ] GC(1141) Old regions: 62->73
[513.997s][info][gc,heap     ] GC(1141) Humongous regions: 2->2
[513.997s][info][gc,metaspace] GC(1141) Metaspace: 43098K(43456K)->43098K(43456K) NonClass: 40279K(40512K)->40279K(40512K) Class: 2818K(2944K)->2818K(2944K)
[513.997s][info][gc          ] GC(1141) Pause Young (Mixed) (G1 Evacuation Pause) 216M->90M(256M) 32.855ms
[513.997s][info][gc,cpu      ] GC(1141) User=0.06s Sys=0.00s Real=0.03s
[514.010s][info][gc,start    ] GC(1142) Pause Young (Concurrent Start) (G1 Humongous Allocation)
[514.010s][info][gc,task     ] GC(1142) Using 2 workers of 2 for evacuation
[514.022s][info][gc,phases   ] GC(1142)   Pre Evacuate Collection Set: 0.15ms
[514.022s][info][gc,phases   ] GC(1142)   Merge Heap Roots: 0.05ms
[514.022s][info][gc,phases   ] GC(1142)   Evacuate Collection Set: 10.68ms
[514.022s][info][gc,phases   ] GC(1142)   Post Evacuate Collection Set: 0.26ms
[514.022s][info][gc,phases   ] GC(1142)   Other: 0.07ms
[514.022s][info][gc,heap     ] GC(1142) Eden regions: 2->0(130)
[514.022s][info][gc,heap     ] GC(1142) Survivor regions: 16->1(19)
[514.022s][info][gc,heap     ] GC(1142) Old regions: 73->89
[514.022s][info][gc,heap     ] GC(1142) Humongous regions: 2->2
[514.022s][info][gc,metaspace] GC(1142) Metaspace: 43098K(43456K)->43098K(43456K) NonClass: 40279K(40512K)->40279K(40512K) Class: 2818K(2944K)->2818K(2944K)
[514.022s][info][gc          ] GC(1142) Pause Young (Concurrent Start) (G1 Humongous Allocation) 91M->91M(256M) 11.376ms
[514.022s][info][gc,cpu      ] GC(1142) User=0.02s Sys=0.00s Real=0.02s
[514.022s][info][gc          ] GC(1143) Concurrent Mark Cycle
[514.022s][info][gc,marking  ] GC(1143) Concurrent Scan Root Regions
[514.033s][info][gc,marking  ] GC(1143) Concurrent Scan Root Regions 11.108ms
[514.033s][info][gc,marking  ] GC(1143) Concurrent Mark
[514.033s][info][gc,marking  ] GC(1143) Concurrent Mark From Roots
[514.033s][info][gc,task     ] GC(1143) Using 1 workers of 1 for marking
[514.067s][info][gc,marking  ] GC(1143) Concurrent Mark From Roots 34.161ms
[514.067s][info][gc,marking  ] GC(1143) Concurrent Preclean
[514.067s][info][gc,marking  ] GC(1143) Concurrent Preclean 0.035ms
[514.067s][info][gc,start    ] GC(1143) Pause Remark
[514.082s][info][gc          ] GC(1143) Pause Remark 104M->88M(256M) 14.818ms
[514.082s][info][gc,cpu      ] GC(1143) User=0.03s Sys=0.00s Real=0.02s
[514.082s][info][gc,marking  ] GC(1143) Concurrent Mark 49.478ms
[514.082s][info][gc,marking  ] GC(1143) Concurrent Rebuild Remembered Sets and Scrub Regions
[514.111s][info][gc,marking  ] GC(1143) Concurrent Rebuild Remembered Sets and Scrub Regions 28.467ms
[514.111s][info][gc,start    ] GC(1143) Pause Cleanup
[514.111s][info][gc          ] GC(1143) Pause Cleanup 94M->94M(256M) 0.064ms
[514.111s][info][gc,cpu      ] GC(1143) User=0.00s Sys=0.00s Real=0.01s
[514.111s][info][gc,marking  ] GC(1143) Concurrent Clear Claimed Marks
[514.111s][info][gc,marking  ] GC(1143) Concurrent Clear Claimed Marks 0.036ms
[514.111s][info][gc,marking  ] GC(1143) Concurrent Cleanup for Next Mark
[514.112s][info][gc,marking  ] GC(1143) Concurrent Cleanup for Next Mark 0.855ms
[514.112s][info][gc          ] GC(1143) Concurrent Mark Cycle 90.313ms
[514.529s][info][gc,start    ] GC(1144) Pause Young (Prepare Mixed) (G1 Evacuation Pause)
[514.530s][info][gc,task     ] GC(1144) Using 2 workers of 2 for evacuation
[514.532s][info][gc,phases   ] GC(1144)   Pre Evacuate Collection Set: 0.16ms
[514.532s][info][gc,phases   ] GC(1144)   Merge Heap Roots: 0.06ms
[514.532s][info][gc,phases   ] GC(1144)   Evacuate Collection Set: 2.15ms
[514.532s][info][gc,phases   ] GC(1144)   Post Evacuate Collection Set: 0.38ms
[514.532s][info][gc,phases   ] GC(1144)   Other: 0.08ms
[514.532s][info][gc,heap     ] GC(1144) Eden regions: 130->0(144)
[514.532s][info][gc,heap     ] GC(1144) Survivor regions: 1->3(17)
[514.532s][info][gc,heap     ] GC(1144) Old regions: 74->74
[514.532s][info][gc,heap     ] GC(1144) Humongous regions: 13->3
[514.532s][info][gc,metaspace] GC(1144) Metaspace: 43098K(43456K)->43098K(43456K) NonClass: 40279K(40512K)->40279K(40512K) Class: 2818K(2944K)->2818K(2944K)
[514.532s][info][gc          ] GC(1144) Pause Young (Prepare Mixed) (G1 Evacuation Pause) 217M->78M(256M) 2.988ms
[514.532s][info][gc,cpu      ] GC(1144) User=0.00s Sys=0.00s Real=0.01s
[515.036s][info][gc,start    ] GC(1145) Pause Young (Mixed) (G1 Evacuation Pause)
[515.036s][info][gc,task     ] GC(1145) Using 2 workers of 2 for evacuation
[515.050s][info][gc,phases   ] GC(1145)   Pre Evacuate Collection Set: 0.19ms
[515.050s][info][gc,phases   ] GC(1145)   Merge Heap Roots: 0.15ms
[515.050s][info][gc,phases   ] GC(1145)   Evacuate Collection Set: 13.06ms
[515.050s][info][gc,phases   ] GC(1145)   Post Evacuate Collection Set: 0.46ms
[515.050s][info][gc,phases   ] GC(1145)   Other: 0.09ms
[515.050s][info][gc,heap     ] GC(1145) Eden regions: 144->0(143)
[515.050s][info][gc,heap     ] GC(1145) Survivor regions: 3->10(19)
[515.050s][info][gc,heap     ] GC(1145) Old regions: 74->52
[515.050s][info][gc,heap     ] GC(1145) Humongous regions: 12->3
[515.050s][info][gc,metaspace] GC(1145) Metaspace: 43098K(43456K)->43098K(43456K) NonClass: 40279K(40512K)->40279K(40512K) Class: 2818K(2944K)->2818K(2944K)
[515.050s][info][gc          ] GC(1145) Pause Young (Mixed) (G1 Evacuation Pause) 231M->64M(256M) 14.114ms
[515.050s][info][gc,cpu      ] GC(1145) User=0.02s Sys=0.00s Real=0.01s
[515.155s][info][gc,start    ] GC(1146) Pause Young (Concurrent Start) (G1 Humongous Allocation)
[515.155s][info][gc,task     ] GC(1146) Using 2 workers of 2 for evacuation
[515.166s][info][gc,phases   ] GC(1146)   Pre Evacuate Collection Set: 0.20ms
[515.167s][info][gc,phases   ] GC(1146)   Merge Heap Roots: 0.04ms
[515.167s][info][gc,phases   ] GC(1146)   Evacuate Collection Set: 10.50ms
[515.167s][info][gc,phases   ] GC(1146)   Post Evacuate Collection Set: 0.29ms
[515.167s][info][gc,phases   ] GC(1146)   Other: 0.08ms
[515.167s][info][gc,heap     ] GC(1146) Eden regions: 23->0(140)
[515.167s][info][gc,heap     ] GC(1146) Survivor regions: 10->13(20)
[515.167s][info][gc,heap     ] GC(1146) Old regions: 52->52
[515.167s][info][gc,heap     ] GC(1146) Humongous regions: 3->3
[515.167s][info][gc,metaspace] GC(1146) Metaspace: 43098K(43456K)->43098K(43456K) NonClass: 40279K(40512K)->40279K(40512K) Class: 2818K(2944K)->2818K(2944K)
[515.167s][info][gc          ] GC(1146) Pause Young (Concurrent Start) (G1 Humongous Allocation) 86M->67M(256M) 11.297ms
[515.167s][info][gc,cpu      ] GC(1146) User=0.03s Sys=0.00s Real=0.01s
[515.167s][info][gc          ] GC(1147) Concurrent Mark Cycle
[515.167s][info][gc,marking  ] GC(1147) Concurrent Scan Root Regions
[515.175s][info][gc,marking  ] GC(1147) Concurrent Scan Root Regions 8.000ms
[515.175s][info][gc,marking  ] GC(1147) Concurrent Mark
[515.175s][info][gc,marking  ] GC(1147) Concurrent Mark From Roots
[515.175s][info][gc,task     ] GC(1147) Using 1 workers of 1 for marking
[515.224s][info][gc,marking  ] GC(1147) Concurrent Mark From Roots 48.957ms
[515.224s][info][gc,marking  ] GC(1147) Concurrent Preclean
[515.224s][info][gc,marking  ] GC(1147) Concurrent Preclean 0.039ms
[515.224s][info][gc,start    ] GC(1147) Pause Remark
[515.239s][info][gc          ] GC(1147) Pause Remark 80M->80M(256M) 14.835ms
[515.239s][info][gc,cpu      ] GC(1147) User=0.03s Sys=0.00s Real=0.01s
[515.239s][info][gc,marking  ] GC(1147) Concurrent Mark 64.025ms
[515.239s][info][gc,marking  ] GC(1147) Concurrent Rebuild Remembered Sets and Scrub Regions
[515.260s][info][gc,marking  ] GC(1147) Concurrent Rebuild Remembered Sets and Scrub Regions 20.838ms
[515.260s][info][gc,start    ] GC(1147) Pause Cleanup
[515.260s][info][gc          ] GC(1147) Pause Cleanup 85M->85M(256M) 0.039ms
[515.260s][info][gc,cpu      ] GC(1147) User=0.00s Sys=0.00s Real=0.00s
[515.260s][info][gc,marking  ] GC(1147) Concurrent Clear Claimed Marks
[515.260s][info][gc,marking  ] GC(1147) Concurrent Clear Claimed Marks 0.033ms
[515.260s][info][gc,marking  ] GC(1147) Concurrent Cleanup for Next Mark
[515.261s][info][gc,marking  ] GC(1147) Concurrent Cleanup for Next Mark 0.848ms
[515.261s][info][gc          ] GC(1147) Concurrent Mark Cycle 94.030ms
[515.728s][info][gc,start    ] GC(1148) Pause Young (Prepare Mixed) (G1 Evacuation Pause)
[515.729s][info][gc,task     ] GC(1148) Using 2 workers of 2 for evacuation
[515.749s][info][gc,phases   ] GC(1148)   Pre Evacuate Collection Set: 0.27ms
[515.749s][info][gc,phases   ] GC(1148)   Merge Heap Roots: 0.07ms
[515.749s][info][gc,phases   ] GC(1148)   Evacuate Collection Set: 18.93ms
[515.749s][info][gc,phases   ] GC(1148)   Post Evacuate Collection Set: 0.65ms
[515.749s][info][gc,phases   ] GC(1148)   Other: 0.09ms
[515.749s][info][gc,heap     ] GC(1148) Eden regions: 140->0(159)
[515.749s][info][gc,heap     ] GC(1148) Survivor regions: 13->12(20)
[515.749s][info][gc,heap     ] GC(1148) Old regions: 52->53
[515.749s][info][gc,heap     ] GC(1148) Humongous regions: 10->3
[515.749s][info][gc,metaspace] GC(1148) Metaspace: 43098K(43456K)->43098K(43456K) NonClass: 40279K(40512K)->40279K(40512K) Class: 2818K(2944K)->2818K(2944K)
[515.749s][info][gc          ] GC(1148) Pause Young (Prepare Mixed) (G1 Evacuation Pause) 214M->67M(285M) 20.181ms
[515.749s][info][gc,cpu      ] GC(1148) User=0.03s Sys=0.00s Real=0.02s
[516.329s][info][gc,start    ] GC(1149) Pause Young (Mixed) (G1 Evacuation Pause)
[516.329s][info][gc,task     ] GC(1149) Using 2 workers of 2 for evacuation
[516.356s][info][gc,phases   ] GC(1149)   Pre Evacuate Collection Set: 0.21ms
[516.356s][info][gc,phases   ] GC(1149)   Merge Heap Roots: 0.10ms
[516.356s][info][gc,phases   ] GC(1149)   Evacuate Collection Set: 25.44ms
[516.356s][info][gc,phases   ] GC(1149)   Post Evacuate Collection Set: 0.71ms
[516.356s][info][gc,phases   ] GC(1149)   Other: 0.07ms
[516.356s][info][gc,heap     ] GC(1149) Eden regions: 159->0(150)
[516.356s][info][gc,heap     ] GC(1149) Survivor regions: 12->21(22)
[516.356s][info][gc,heap     ] GC(1149) Old regions: 53->44
[516.356s][info][gc,heap     ] GC(1149) Humongous regions: 7->3
[516.356s][info][gc,metaspace] GC(1149) Metaspace: 43098K(43456K)->43098K(43456K) NonClass: 40279K(40512K)->40279K(40512K) Class: 2818K(2944K)->2818K(2944K)
[516.356s][info][gc          ] GC(1149) Pause Young (Mixed) (G1 Evacuation Pause) 230M->67M(285M) 26.716ms
[516.356s][info][gc,cpu      ] GC(1149) User=0.05s Sys=0.00s Real=0.03s
[516.564s][info][gc,start    ] GC(1150) Pause Young (Concurrent Start) (G1 Humongous Allocation)
[516.564s][info][gc,task     ] GC(1150) Using 2 workers of 2 for evacuation
[516.567s][info][gc,phases   ] GC(1150)   Pre Evacuate Collection Set: 0.20ms
[516.567s][info][gc,phases   ] GC(1150)   Merge Heap Roots: 0.08ms
[516.567s][info][gc,phases   ] GC(1150)   Evacuate Collection Set: 2.14ms
[516.567s][info][gc,phases   ] GC(1150)   Post Evacuate Collection Set: 0.33ms
[516.567s][info][gc,phases   ] GC(1150)   Other: 0.12ms
[516.567s][info][gc,heap     ] GC(1150) Eden regions: 47->0(170)
[516.567s][info][gc,heap     ] GC(1150) Survivor regions: 21->1(22)
[516.567s][info][gc,heap     ] GC(1150) Old regions: 44->45
[516.567s][info][gc,heap     ] GC(1150) Humongous regions: 3->1
[516.567s][info][gc,metaspace] GC(1150) Metaspace: 43098K(43456K)->43098K(43456K) NonClass: 40279K(40512K)->40279K(40512K) Class: 2818K(2944K)->2818K(2944K)
[516.567s][info][gc          ] GC(1150) Pause Young (Concurrent Start) (G1 Humongous Allocation) 114M->46M(285M) 3.087ms
[516.567s][info][gc,cpu      ] GC(1150) User=0.00s Sys=0.00s Real=0.00s
[516.567s][info][gc          ] GC(1151) Concurrent Mark Cycle
[516.567s][info][gc,marking  ] GC(1151) Concurrent Scan Root Regions
[516.569s][info][gc,marking  ] GC(1151) Concurrent Scan Root Regions 1.798ms
[516.569s][info][gc,marking  ] GC(1151) Concurrent Mark
[516.569s][info][gc,marking  ] GC(1151) Concurrent Mark From Roots
[516.569s][info][gc,task     ] GC(1151) Using 1 workers of 1 for marking
[516.613s][info][gc,marking  ] GC(1151) Concurrent Mark From Roots 43.593ms
[516.613s][info][gc,marking  ] GC(1151) Concurrent Preclean
[516.613s][info][gc,marking  ] GC(1151) Concurrent Preclean 0.031ms
[516.613s][info][gc,start    ] GC(1151) Pause Remark
[516.628s][info][gc          ] GC(1151) Pause Remark 62M->62M(256M) 15.019ms
[516.628s][info][gc,cpu      ] GC(1151) User=0.03s Sys=0.00s Real=0.01s
[516.629s][info][gc,marking  ] GC(1151) Concurrent Mark 59.876ms
[516.629s][info][gc,marking  ] GC(1151) Concurrent Rebuild Remembered Sets and Scrub Regions
[516.653s][info][gc,marking  ] GC(1151) Concurrent Rebuild Remembered Sets and Scrub Regions 23.690ms
[516.653s][info][gc,start    ] GC(1151) Pause Cleanup
[516.653s][info][gc          ] GC(1151) Pause Cleanup 70M->70M(256M) 0.035ms
[516.653s][info][gc,cpu      ] GC(1151) User=0.00s Sys=0.00s Real=0.00s
[516.653s][info][gc,marking  ] GC(1151) Concurrent Clear Claimed Marks
[516.653s][info][gc,marking  ] GC(1151) Concurrent Clear Claimed Marks 0.033ms
[516.653s][info][gc,marking  ] GC(1151) Concurrent Cleanup for Next Mark
[516.654s][info][gc,marking  ] GC(1151) Concurrent Cleanup for Next Mark 0.837ms
[516.654s][info][gc          ] GC(1151) Concurrent Mark Cycle 86.538ms
[517.087s][info][gc,start    ] GC(1152) Pause Young (Prepare Mixed) (G1 Evacuation Pause)
[517.087s][info][gc,task     ] GC(1152) Using 2 workers of 2 for evacuation
[517.097s][info][gc,phases   ] GC(1152)   Pre Evacuate Collection Set: 0.18ms
[517.097s][info][gc,phases   ] GC(1152)   Merge Heap Roots: 0.06ms
[517.097s][info][gc,phases   ] GC(1152)   Evacuate Collection Set: 8.93ms
[517.097s][info][gc,phases   ] GC(1152)   Post Evacuate Collection Set: 0.51ms
[517.097s][info][gc,phases   ] GC(1152)   Other: 0.07ms
[517.097s][info][gc,heap     ] GC(1152) Eden regions: 152->0(142)
[517.097s][info][gc,heap     ] GC(1152) Survivor regions: 1->11(20)
[517.097s][info][gc,heap     ] GC(1152) Old regions: 45->45
[517.097s][info][gc,heap     ] GC(1152) Humongous regions: 15->3
[517.097s][info][gc,metaspace] GC(1152) Metaspace: 43098K(43456K)->43098K(43456K) NonClass: 40279K(40512K)->40279K(40512K) Class: 2818K(2944K)->2818K(2944K)
[517.097s][info][gc          ] GC(1152) Pause Young (Prepare Mixed) (G1 Evacuation Pause) 212M->58M(256M) 9.917ms
[517.097s][info][gc,cpu      ] GC(1152) User=0.02s Sys=0.00s Real=0.01s
[517.582s][info][gc,start    ] GC(1153) Pause Young (Mixed) (G1 Evacuation Pause)
[517.582s][info][gc,task     ] GC(1153) Using 2 workers of 2 for evacuation
[517.603s][info][gc,phases   ] GC(1153)   Pre Evacuate Collection Set: 0.22ms
[517.603s][info][gc,phases   ] GC(1153)   Merge Heap Roots: 0.10ms
[517.603s][info][gc,phases   ] GC(1153)   Evacuate Collection Set: 19.68ms
[517.603s][info][gc,phases   ] GC(1153)   Post Evacuate Collection Set: 0.62ms
[517.603s][info][gc,phases   ] GC(1153)   Other: 0.08ms
[517.603s][info][gc,heap     ] GC(1153) Eden regions: 142->0(149)
[517.603s][info][gc,heap     ] GC(1153) Survivor regions: 11->4(20)
[517.603s][info][gc,heap     ] GC(1153) Old regions: 45->43
[517.603s][info][gc,heap     ] GC(1153) Humongous regions: 15->3
[517.603s][info][gc,metaspace] GC(1153) Metaspace: 43098K(43456K)->43098K(43456K) NonClass: 40279K(40512K)->40279K(40512K) Class: 2818K(2944K)->2818K(2944K)
[517.603s][info][gc          ] GC(1153) Pause Young (Mixed) (G1 Evacuation Pause) 212M->49M(256M) 20.900ms
[517.603s][info][gc,cpu      ] GC(1153) User=0.02s Sys=0.00s Real=0.02s
[517.735s][info][gc,start    ] GC(1154) Pause Young (Concurrent Start) (G1 Humongous Allocation)
[517.735s][info][gc,task     ] GC(1154) Using 2 workers of 2 for evacuation
[517.740s][info][gc,phases   ] GC(1154)   Pre Evacuate Collection Set: 0.15ms
[517.740s][info][gc,phases   ] GC(1154)   Merge Heap Roots: 0.03ms
[517.740s][info][gc,phases   ] GC(1154)   Evacuate Collection Set: 3.88ms
[517.740s][info][gc,phases   ] GC(1154)   Post Evacuate Collection Set: 0.26ms
[517.740s][info][gc,phases   ] GC(1154)   Other: 0.08ms
[517.740s][info][gc,heap     ] GC(1154) Eden regions: 7->0(150)
[517.740s][info][gc,heap     ] GC(1154) Survivor regions: 4->3(20)
[517.740s][info][gc,heap     ] GC(1154) Old regions: 43->43
[517.740s][info][gc,heap     ] GC(1154) Humongous regions: 3->1
[517.740s][info][gc,metaspace] GC(1154) Metaspace: 43098K(43456K)->43098K(43456K) NonClass: 40279K(40512K)->40279K(40512K) Class: 2818K(2944K)->2818K(2944K)
[517.740s][info][gc          ] GC(1154) Pause Young (Concurrent Start) (G1 Humongous Allocation) 55M->45M(256M) 4.566ms
[517.740s][info][gc,cpu      ] GC(1154) User=0.00s Sys=0.00s Real=0.00s
[517.740s][info][gc          ] GC(1155) Concurrent Mark Cycle
[517.740s][info][gc,marking  ] GC(1155) Concurrent Scan Root Regions
[517.743s][info][gc,marking  ] GC(1155) Concurrent Scan Root Regions 2.578ms
[517.743s][info][gc,marking  ] GC(1155) Concurrent Mark
[517.743s][info][gc,marking  ] GC(1155) Concurrent Mark From Roots
[517.743s][info][gc,task     ] GC(1155) Using 1 workers of 1 for marking
[517.790s][info][gc,marking  ] GC(1155) Concurrent Mark From Roots 46.848ms
[517.790s][info][gc,marking  ] GC(1155) Concurrent Preclean
[517.790s][info][gc,marking  ] GC(1155) Concurrent Preclean 0.030ms
[517.790s][info][gc,start    ] GC(1155) Pause Remark
[517.805s][info][gc          ] GC(1155) Pause Remark 59M->59M(256M) 14.707ms
[517.805s][info][gc,cpu      ] GC(1155) User=0.03s Sys=0.00s Real=0.02s
[517.805s][info][gc,marking  ] GC(1155) Concurrent Mark 61.864ms
[517.805s][info][gc,marking  ] GC(1155) Concurrent Rebuild Remembered Sets and Scrub Regions
[517.824s][info][gc,marking  ] GC(1155) Concurrent Rebuild Remembered Sets and Scrub Regions 19.681ms
[517.824s][info][gc,start    ] GC(1155) Pause Cleanup
[517.824s][info][gc          ] GC(1155) Pause Cleanup 62M->62M(256M) 0.042ms
[517.824s][info][gc,cpu      ] GC(1155) User=0.00s Sys=0.00s Real=0.00s
[517.825s][info][gc,marking  ] GC(1155) Concurrent Clear Claimed Marks
[517.825s][info][gc,marking  ] GC(1155) Concurrent Clear Claimed Marks 0.034ms
[517.825s][info][gc,marking  ] GC(1155) Concurrent Cleanup for Next Mark
[517.825s][info][gc,marking  ] GC(1155) Concurrent Cleanup for Next Mark 0.746ms
[517.825s][info][gc          ] GC(1155) Concurrent Mark Cycle 85.197ms
[518.298s][info][gc,start    ] GC(1156) Pause Young (Prepare Mixed) (G1 Evacuation Pause)
[518.298s][info][gc,task     ] GC(1156) Using 2 workers of 2 for evacuation
[518.308s][info][gc,phases   ] GC(1156)   Pre Evacuate Collection Set: 0.15ms
[518.308s][info][gc,phases   ] GC(1156)   Merge Heap Roots: 0.06ms
[518.308s][info][gc,phases   ] GC(1156)   Evacuate Collection Set: 9.66ms
[518.308s][info][gc,phases   ] GC(1156)   Post Evacuate Collection Set: 0.45ms
[518.308s][info][gc,phases   ] GC(1156)   Other: 0.07ms
[518.308s][info][gc,heap     ] GC(1156) Eden regions: 150->0(141)
[518.308s][info][gc,heap     ] GC(1156) Survivor regions: 3->12(20)
[518.308s][info][gc,heap     ] GC(1156) Old regions: 43->43
[518.308s][info][gc,heap     ] GC(1156) Humongous regions: 13->3
[518.308s][info][gc,metaspace] GC(1156) Metaspace: 43098K(43456K)->43098K(43456K) NonClass: 40279K(40512K)->40279K(40512K) Class: 2818K(2944K)->2818K(2944K)
[518.308s][info][gc          ] GC(1156) Pause Young (Prepare Mixed) (G1 Evacuation Pause) 207M->57M(256M) 10.585ms
[518.308s][info][gc,cpu      ] GC(1156) User=0.01s Sys=0.00s Real=0.01s
[518.801s][info][gc,start    ] GC(1157) Pause Young (Mixed) (G1 Evacuation Pause)
[518.801s][info][gc,task     ] GC(1157) Using 2 workers of 2 for evacuation
[518.829s][info][gc,phases   ] GC(1157)   Pre Evacuate Collection Set: 0.18ms
[518.829s][info][gc,phases   ] GC(1157)   Merge Heap Roots: 0.10ms
[518.829s][info][gc,phases   ] GC(1157)   Evacuate Collection Set: 26.80ms
[518.829s][info][gc,phases   ] GC(1157)   Post Evacuate Collection Set: 0.46ms
[518.829s][info][gc,phases   ] GC(1157)   Other: 0.07ms
[518.829s][info][gc,heap     ] GC(1157) Eden regions: 141->0(133)
[518.829s][info][gc,heap     ] GC(1157) Survivor regions: 12->20(20)
[518.829s][info][gc,heap     ] GC(1157) Old regions: 43->48
[518.829s][info][gc,heap     ] GC(1157) Humongous regions: 3->3
[518.829s][info][gc,metaspace] GC(1157) Metaspace: 43098K(43456K)->43098K(43456K) NonClass: 40279K(40512K)->40279K(40512K) Class: 2818K(2944K)->2818K(2944K)
[518.829s][info][gc          ] GC(1157) Pause Young (Mixed) (G1 Evacuation Pause) 198M->70M(256M) 27.779ms
[518.829s][info][gc,cpu      ] GC(1157) User=0.05s Sys=0.00s Real=0.02s
[519.366s][info][gc,start    ] GC(1158) Pause Young (Concurrent Start) (G1 Evacuation Pause)
[519.366s][info][gc,task     ] GC(1158) Using 2 workers of 2 for evacuation
[519.391s][info][gc,phases   ] GC(1158)   Pre Evacuate Collection Set: 0.18ms
[519.391s][info][gc,phases   ] GC(1158)   Merge Heap Roots: 0.15ms
[519.391s][info][gc,phases   ] GC(1158)   Evacuate Collection Set: 23.97ms
[519.391s][info][gc,phases   ] GC(1158)   Post Evacuate Collection Set: 0.41ms
[519.391s][info][gc,phases   ] GC(1158)   Other: 0.12ms
[519.391s][info][gc,heap     ] GC(1158) Eden regions: 133->0(141)
[519.391s][info][gc,heap     ] GC(1158) Survivor regions: 20->12(20)
[519.391s][info][gc,heap     ] GC(1158) Old regions: 48->59
[519.391s][info][gc,heap     ] GC(1158) Humongous regions: 3->3
[519.391s][info][gc,metaspace] GC(1158) Metaspace: 43098K(43456K)->43098K(43456K) NonClass: 40279K(40512K)->40279K(40512K) Class: 2818K(2944K)->2818K(2944K)
[519.391s][info][gc          ] GC(1158) Pause Young (Concurrent Start) (G1 Evacuation Pause) 203M->72M(256M) 24.998ms
[519.391s][info][gc,cpu      ] GC(1158) User=0.05s Sys=0.00s Real=0.03s
[519.391s][info][gc          ] GC(1159) Concurrent Mark Cycle
[519.391s][info][gc,marking  ] GC(1159) Concurrent Scan Root Regions
[519.410s][info][gc,marking  ] GC(1159) Concurrent Scan Root Regions 18.233ms
[519.410s][info][gc,marking  ] GC(1159) Concurrent Mark
[519.410s][info][gc,marking  ] GC(1159) Concurrent Mark From Roots
[519.410s][info][gc,task     ] GC(1159) Using 1 workers of 1 for marking
[519.469s][info][gc,marking  ] GC(1159) Concurrent Mark From Roots 59.687ms
[519.469s][info][gc,marking  ] GC(1159) Concurrent Preclean
[519.469s][info][gc,marking  ] GC(1159) Concurrent Preclean 0.033ms
[519.469s][info][gc,start    ] GC(1159) Pause Remark
[519.485s][info][gc          ] GC(1159) Pause Remark 91M->89M(256M) 15.454ms
[519.485s][info][gc,cpu      ] GC(1159) User=0.03s Sys=0.00s Real=0.02s
[519.487s][info][gc,marking  ] GC(1159) Concurrent Mark 77.329ms
[519.487s][info][gc,marking  ] GC(1159) Concurrent Rebuild Remembered Sets and Scrub Regions
[519.518s][info][gc,marking  ] GC(1159) Concurrent Rebuild Remembered Sets and Scrub Regions 31.119ms
[519.518s][info][gc,start    ] GC(1159) Pause Cleanup
[519.518s][info][gc          ] GC(1159) Pause Cleanup 101M->101M(256M) 0.043ms
[519.518s][info][gc,cpu      ] GC(1159) User=0.00s Sys=0.00s Real=0.00s
[519.518s][info][gc,marking  ] GC(1159) Concurrent Clear Claimed Marks
[519.518s][info][gc,marking  ] GC(1159) Concurrent Clear Claimed Marks 0.035ms
[519.518s][info][gc,marking  ] GC(1159) Concurrent Cleanup for Next Mark
[519.519s][info][gc,marking  ] GC(1159) Concurrent Cleanup for Next Mark 0.758ms
[519.519s][info][gc          ] GC(1159) Concurrent Mark Cycle 127.734ms
[519.901s][info][gc,start    ] GC(1160) Pause Young (Prepare Mixed) (G1 Evacuation Pause)
[519.901s][info][gc,task     ] GC(1160) Using 2 workers of 2 for evacuation
[519.925s][info][gc,phases   ] GC(1160)   Pre Evacuate Collection Set: 0.17ms
[519.925s][info][gc,phases   ] GC(1160)   Merge Heap Roots: 0.17ms
[519.925s][info][gc,phases   ] GC(1160)   Evacuate Collection Set: 22.87ms
[519.925s][info][gc,phases   ] GC(1160)   Post Evacuate Collection Set: 0.44ms
[519.925s][info][gc,phases   ] GC(1160)   Other: 0.11ms
[519.925s][info][gc,heap     ] GC(1160) Eden regions: 141->0(132)
[519.925s][info][gc,heap     ] GC(1160) Survivor regions: 12->14(20)
[519.925s][info][gc,heap     ] GC(1160) Old regions: 57->68
[519.925s][info][gc,heap     ] GC(1160) Humongous regions: 7->3
[519.925s][info][gc,metaspace] GC(1160) Metaspace: 43098K(43456K)->43098K(43456K) NonClass: 40279K(40512K)->40279K(40512K) Class: 2818K(2944K)->2818K(2944K)
[519.925s][info][gc          ] GC(1160) Pause Young (Prepare Mixed) (G1 Evacuation Pause) 215M->83M(256M) 23.930ms
[519.925s][info][gc,cpu      ] GC(1160) User=0.05s Sys=0.00s Real=0.03s
[520.394s][info][gc,start    ] GC(1161) Pause Young (Mixed) (G1 Evacuation Pause)
[520.394s][info][gc,task     ] GC(1161) Using 2 workers of 2 for evacuation
[520.405s][info][gc,phases   ] GC(1161)   Pre Evacuate Collection Set: 0.16ms
[520.405s][info][gc,phases   ] GC(1161)   Merge Heap Roots: 0.08ms
[520.405s][info][gc,phases   ] GC(1161)   Evacuate Collection Set: 10.16ms
[520.405s][info][gc,phases   ] GC(1161)   Post Evacuate Collection Set: 0.41ms
[520.405s][info][gc,phases   ] GC(1161)   Other: 0.09ms
[520.405s][info][gc,heap     ] GC(1161) Eden regions: 132->0(141)
[520.405s][info][gc,heap     ] GC(1161) Survivor regions: 14->6(19)
[520.405s][info][gc,heap     ] GC(1161) Old regions: 68->69
[520.405s][info][gc,heap     ] GC(1161) Humongous regions: 11->3
[520.405s][info][gc,metaspace] GC(1161) Metaspace: 43098K(43456K)->43098K(43456K) NonClass: 40279K(40512K)->40279K(40512K) Class: 2818K(2944K)->2818K(2944K)
[520.405s][info][gc          ] GC(1161) Pause Young (Mixed) (G1 Evacuation Pause) 223M->77M(256M) 11.073ms
[520.405s][info][gc,cpu      ] GC(1161) User=0.02s Sys=0.00s Real=0.01s
[520.425s][info][gc,start    ] GC(1162) Pause Young (Concurrent Start) (G1 Humongous Allocation)
[520.425s][info][gc,task     ] GC(1162) Using 2 workers of 2 for evacuation
[520.427s][info][gc,phases   ] GC(1162)   Pre Evacuate Collection Set: 0.15ms
[520.427s][info][gc,phases   ] GC(1162)   Merge Heap Roots: 0.04ms
[520.427s][info][gc,phases   ] GC(1162)   Evacuate Collection Set: 1.24ms
[520.427s][info][gc,phases   ] GC(1162)   Post Evacuate Collection Set: 0.27ms
[520.427s][info][gc,phases   ] GC(1162)   Other: 0.06ms
[520.427s][info][gc,heap     ] GC(1162) Eden regions: 6->0(150)
[520.427s][info][gc,heap     ] GC(1162) Survivor regions: 6->2(19)
[520.427s][info][gc,heap     ] GC(1162) Old regions: 69->69
[520.427s][info][gc,heap     ] GC(1162) Humongous regions: 3->1
[520.427s][info][gc,metaspace] GC(1162) Metaspace: 43098K(43456K)->43098K(43456K) NonClass: 40279K(40512K)->40279K(40512K) Class: 2818K(2944K)->2818K(2944K)
[520.427s][info][gc          ] GC(1162) Pause Young (Concurrent Start) (G1 Humongous Allocation) 83M->71M(256M) 1.927ms
[520.427s][info][gc,cpu      ] GC(1162) User=0.00s Sys=0.00s Real=0.00s
[520.427s][info][gc          ] GC(1163) Concurrent Mark Cycle
[520.427s][info][gc,marking  ] GC(1163) Concurrent Scan Root Regions
[520.428s][info][gc,marking  ] GC(1163) Concurrent Scan Root Regions 1.285ms
[520.428s][info][gc,marking  ] GC(1163) Concurrent Mark
[520.428s][info][gc,marking  ] GC(1163) Concurrent Mark From Roots
[520.428s][info][gc,task     ] GC(1163) Using 1 workers of 1 for marking
[520.483s][info][gc,marking  ] GC(1163) Concurrent Mark From Roots 54.275ms
[520.483s][info][gc,marking  ] GC(1163) Concurrent Preclean
[520.483s][info][gc,marking  ] GC(1163) Concurrent Preclean 0.030ms
[520.483s][info][gc,start    ] GC(1163) Pause Remark
[520.498s][info][gc          ] GC(1163) Pause Remark 91M->83M(256M) 15.005ms
[520.498s][info][gc,cpu      ] GC(1163) User=0.02s Sys=0.00s Real=0.01s
[520.498s][info][gc,marking  ] GC(1163) Concurrent Mark 69.594ms
[520.498s][info][gc,marking  ] GC(1163) Concurrent Rebuild Remembered Sets and Scrub Regions
[520.519s][info][gc,marking  ] GC(1163) Concurrent Rebuild Remembered Sets and Scrub Regions 20.777ms
[520.519s][info][gc,start    ] GC(1163) Pause Cleanup
[520.519s][info][gc          ] GC(1163) Pause Cleanup 87M->87M(256M) 0.046ms
[520.519s][info][gc,cpu      ] GC(1163) User=0.00s Sys=0.00s Real=0.00s
[520.519s][info][gc,marking  ] GC(1163) Concurrent Clear Claimed Marks
[520.519s][info][gc,marking  ] GC(1163) Concurrent Clear Claimed Marks 0.048ms
[520.519s][info][gc,marking  ] GC(1163) Concurrent Cleanup for Next Mark
[520.520s][info][gc,marking  ] GC(1163) Concurrent Cleanup for Next Mark 0.744ms
[520.520s][info][gc          ] GC(1163) Concurrent Mark Cycle 92.851ms
[521.028s][info][gc,start    ] GC(1164) Pause Young (Prepare Mixed) (G1 Evacuation Pause)
[521.028s][info][gc,task     ] GC(1164) Using 2 workers of 2 for evacuation
[521.043s][info][gc,phases   ] GC(1164)   Pre Evacuate Collection Set: 0.17ms
[521.043s][info][gc,phases   ] GC(1164)   Merge Heap Roots: 0.07ms
[521.043s][info][gc,phases   ] GC(1164)   Evacuate Collection Set: 14.15ms
[521.043s][info][gc,phases   ] GC(1164)   Post Evacuate Collection Set: 0.41ms
[521.043s][info][gc,phases   ] GC(1164)   Other: 0.06ms
[521.043s][info][gc,heap     ] GC(1164) Eden regions: 150->0(138)
[521.043s][info][gc,heap     ] GC(1164) Survivor regions: 2->15(19)
[521.043s][info][gc,heap     ] GC(1164) Old regions: 61->61
[521.043s][info][gc,heap     ] GC(1164) Humongous regions: 5->3
[521.043s][info][gc,metaspace] GC(1164) Metaspace: 43098K(43456K)->43098K(43456K) NonClass: 40280K(40512K)->40280K(40512K) Class: 2818K(2944K)->2818K(2944K)
[521.043s][info][gc          ] GC(1164) Pause Young (Prepare Mixed) (G1 Evacuation Pause) 217M->78M(256M) 15.021ms
[521.043s][info][gc,cpu      ] GC(1164) User=0.03s Sys=0.00s Real=0.02s
[521.518s][info][gc,start    ] GC(1165) Pause Young (Mixed) (G1 Evacuation Pause)
[521.518s][info][gc,task     ] GC(1165) Using 2 workers of 2 for evacuation
[521.522s][info][gc,phases   ] GC(1165)   Pre Evacuate Collection Set: 0.16ms
[521.522s][info][gc,phases   ] GC(1165)   Merge Heap Roots: 0.06ms
[521.522s][info][gc,phases   ] GC(1165)   Evacuate Collection Set: 3.35ms
[521.522s][info][gc,phases   ] GC(1165)   Post Evacuate Collection Set: 0.40ms
[521.522s][info][gc,phases   ] GC(1165)   Other: 0.07ms
[521.522s][info][gc,heap     ] GC(1165) Eden regions: 138->0(150)
[521.522s][info][gc,heap     ] GC(1165) Survivor regions: 15->3(20)
[521.522s][info][gc,heap     ] GC(1165) Old regions: 61->50
[521.522s][info][gc,heap     ] GC(1165) Humongous regions: 11->3
[521.522s][info][gc,metaspace] GC(1165) Metaspace: 43098K(43456K)->43098K(43456K) NonClass: 40280K(40512K)->40280K(40512K) Class: 2818K(2944K)->2818K(2944K)
[521.522s][info][gc          ] GC(1165) Pause Young (Mixed) (G1 Evacuation Pause) 224M->55M(256M) 4.205ms
[521.522s][info][gc,cpu      ] GC(1165) User=0.01s Sys=0.00s Real=0.01s
[521.720s][info][gc,start    ] GC(1166) Pause Young (Concurrent Start) (G1 Humongous Allocation)
[521.720s][info][gc,task     ] GC(1166) Using 2 workers of 2 for evacuation
[521.722s][info][gc,phases   ] GC(1166)   Pre Evacuate Collection Set: 0.20ms
[521.722s][info][gc,phases   ] GC(1166)   Merge Heap Roots: 0.05ms
[521.722s][info][gc,phases   ] GC(1166)   Evacuate Collection Set: 1.64ms
[521.722s][info][gc,phases   ] GC(1166)   Post Evacuate Collection Set: 0.35ms
[521.722s][info][gc,phases   ] GC(1166)   Other: 0.09ms
[521.722s][info][gc,heap     ] GC(1166) Eden regions: 63->0(151)
[521.722s][info][gc,heap     ] GC(1166) Survivor regions: 3->2(20)
[521.722s][info][gc,heap     ] GC(1166) Old regions: 50->50
[521.722s][info][gc,heap     ] GC(1166) Humongous regions: 3->1
[521.722s][info][gc,metaspace] GC(1166) Metaspace: 43098K(43456K)->43098K(43456K) NonClass: 40280K(40512K)->40280K(40512K) Class: 2818K(2944K)->2818K(2944K)
[521.722s][info][gc          ] GC(1166) Pause Young (Concurrent Start) (G1 Humongous Allocation) 118M->52M(256M) 2.513ms
[521.722s][info][gc,cpu      ] GC(1166) User=0.00s Sys=0.00s Real=0.01s
[521.723s][info][gc          ] GC(1167) Concurrent Mark Cycle
[521.723s][info][gc,marking  ] GC(1167) Concurrent Scan Root Regions
[521.727s][info][gc,marking  ] GC(1167) Concurrent Scan Root Regions 3.636ms
[521.727s][info][gc,marking  ] GC(1167) Concurrent Mark
[521.727s][info][gc,marking  ] GC(1167) Concurrent Mark From Roots
[521.727s][info][gc,task     ] GC(1167) Using 1 workers of 1 for marking
[521.788s][info][gc,marking  ] GC(1167) Concurrent Mark From Roots 61.418ms
[521.788s][info][gc,marking  ] GC(1167) Concurrent Preclean
[521.788s][info][gc,marking  ] GC(1167) Concurrent Preclean 0.030ms
[521.788s][info][gc,start    ] GC(1167) Pause Remark
[521.803s][info][gc          ] GC(1167) Pause Remark 75M->75M(256M) 14.717ms
[521.803s][info][gc,cpu      ] GC(1167) User=0.03s Sys=0.00s Real=0.02s
[521.803s][info][gc,marking  ] GC(1167) Concurrent Mark 76.417ms
[521.803s][info][gc,marking  ] GC(1167) Concurrent Rebuild Remembered Sets and Scrub Regions
[521.825s][info][gc,marking  ] GC(1167) Concurrent Rebuild Remembered Sets and Scrub Regions 21.717ms
[521.825s][info][gc,start    ] GC(1167) Pause Cleanup
[521.825s][info][gc          ] GC(1167) Pause Cleanup 82M->82M(256M) 0.042ms
[521.825s][info][gc,cpu      ] GC(1167) User=0.00s Sys=0.00s Real=0.00s
[521.825s][info][gc,marking  ] GC(1167) Concurrent Clear Claimed Marks
[521.825s][info][gc,marking  ] GC(1167) Concurrent Clear Claimed Marks 0.034ms
[521.825s][info][gc,marking  ] GC(1167) Concurrent Cleanup for Next Mark
[521.826s][info][gc,marking  ] GC(1167) Concurrent Cleanup for Next Mark 0.730ms
[521.826s][info][gc          ] GC(1167) Concurrent Mark Cycle 102.864ms
[522.261s][info][gc,start    ] GC(1168) Pause Young (Prepare Mixed) (G1 Evacuation Pause)
[522.261s][info][gc,task     ] GC(1168) Using 2 workers of 2 for evacuation
[522.271s][info][gc,phases   ] GC(1168)   Pre Evacuate Collection Set: 0.18ms
[522.271s][info][gc,phases   ] GC(1168)   Merge Heap Roots: 0.05ms
[522.271s][info][gc,phases   ] GC(1168)   Evacuate Collection Set: 9.34ms
[522.271s][info][gc,phases   ] GC(1168)   Post Evacuate Collection Set: 0.39ms
[522.271s][info][gc,phases   ] GC(1168)   Other: 0.07ms
[522.271s][info][gc,heap     ] GC(1168) Eden regions: 151->0(142)
[522.271s][info][gc,heap     ] GC(1168) Survivor regions: 2->11(20)
[522.271s][info][gc,heap     ] GC(1168) Old regions: 50->50
[522.271s][info][gc,heap     ] GC(1168) Humongous regions: 5->3
[522.271s][info][gc,metaspace] GC(1168) Metaspace: 43098K(43456K)->43098K(43456K) NonClass: 40280K(40512K)->40280K(40512K) Class: 2818K(2944K)->2818K(2944K)
[522.271s][info][gc          ] GC(1168) Pause Young (Prepare Mixed) (G1 Evacuation Pause) 207M->63M(256M) 10.190ms
[522.271s][info][gc,cpu      ] GC(1168) User=0.02s Sys=0.00s Real=0.02s
[522.806s][info][gc,start    ] GC(1169) Pause Young (Mixed) (G1 Evacuation Pause)
[522.806s][info][gc,task     ] GC(1169) Using 2 workers of 2 for evacuation
[522.818s][info][gc,phases   ] GC(1169)   Pre Evacuate Collection Set: 0.17ms
[522.818s][info][gc,phases   ] GC(1169)   Merge Heap Roots: 0.06ms
[522.818s][info][gc,phases   ] GC(1169)   Evacuate Collection Set: 11.17ms
[522.818s][info][gc,phases   ] GC(1169)   Post Evacuate Collection Set: 0.41ms
[522.818s][info][gc,phases   ] GC(1169)   Other: 0.07ms
[522.818s][info][gc,heap     ] GC(1169) Eden regions: 142->0(140)
[522.818s][info][gc,heap     ] GC(1169) Survivor regions: 11->13(20)
[522.818s][info][gc,heap     ] GC(1169) Old regions: 50->48
[522.818s][info][gc,heap     ] GC(1169) Humongous regions: 9->3
[522.818s][info][gc,metaspace] GC(1169) Metaspace: 43098K(43456K)->43098K(43456K) NonClass: 40280K(40512K)->40280K(40512K) Class: 2818K(2944K)->2818K(2944K)
[522.818s][info][gc          ] GC(1169) Pause Young (Mixed) (G1 Evacuation Pause) 211M->63M(256M) 12.079ms
[522.818s][info][gc,cpu      ] GC(1169) User=0.02s Sys=0.00s Real=0.01s
[523.171s][info][gc,start    ] GC(1170) Pause Young (Concurrent Start) (G1 Evacuation Pause)
[523.171s][info][gc,task     ] GC(1170) Using 2 workers of 2 for evacuation
[523.207s][info][gc,phases   ] GC(1170)   Pre Evacuate Collection Set: 0.18ms
[523.207s][info][gc,phases   ] GC(1170)   Merge Heap Roots: 0.05ms
[523.207s][info][gc,phases   ] GC(1170)   Evacuate Collection Set: 35.17ms
[523.207s][info][gc,phases   ] GC(1170)   Post Evacuate Collection Set: 0.47ms
[523.207s][info][gc,phases   ] GC(1170)   Other: 0.08ms
[523.207s][info][gc,heap     ] GC(1170) Eden regions: 140->0(121)
[523.207s][info][gc,heap     ] GC(1170) Survivor regions: 13->20(20)
[523.207s][info][gc,heap     ] GC(1170) Old regions: 48->68
[523.207s][info][gc,heap     ] GC(1170) Humongous regions: 3->3
[523.207s][info][gc,metaspace] GC(1170) Metaspace: 43098K(43456K)->43098K(43456K) NonClass: 40280K(40512K)->40280K(40512K) Class: 2818K(2944K)->2818K(2944K)
[523.207s][info][gc          ] GC(1170) Pause Young (Concurrent Start) (G1 Evacuation Pause) 203M->90M(256M) 36.138ms
[523.207s][info][gc,cpu      ] GC(1170) User=0.07s Sys=0.00s Real=0.03s
[523.207s][info][gc          ] GC(1171) Concurrent Mark Cycle
[523.209s][info][gc,marking  ] GC(1171) Concurrent Scan Root Regions
[523.282s][info][gc,marking  ] GC(1171) Concurrent Scan Root Regions 72.712ms
[523.282s][info][gc,marking  ] GC(1171) Concurrent Mark
[523.282s][info][gc,marking  ] GC(1171) Concurrent Mark From Roots
[523.282s][info][gc,task     ] GC(1171) Using 1 workers of 1 for marking
[523.368s][info][gc,marking  ] GC(1171) Concurrent Mark From Roots 86.278ms
[523.368s][info][gc,marking  ] GC(1171) Concurrent Preclean
[523.368s][info][gc,marking  ] GC(1171) Concurrent Preclean 0.033ms
[523.368s][info][gc,start    ] GC(1171) Pause Remark
[523.383s][info][gc          ] GC(1171) Pause Remark 121M->121M(256M) 15.020ms
[523.383s][info][gc,cpu      ] GC(1171) User=0.03s Sys=0.00s Real=0.02s
[523.383s][info][gc,marking  ] GC(1171) Concurrent Mark 101.598ms
[523.383s][info][gc,marking  ] GC(1171) Concurrent Rebuild Remembered Sets and Scrub Regions
[523.428s][info][gc,marking  ] GC(1171) Concurrent Rebuild Remembered Sets and Scrub Regions 44.074ms
[523.428s][info][gc,start    ] GC(1171) Pause Cleanup
[523.428s][info][gc          ] GC(1171) Pause Cleanup 129M->129M(256M) 0.043ms
[523.428s][info][gc,cpu      ] GC(1171) User=0.00s Sys=0.00s Real=0.00s
[523.428s][info][gc,marking  ] GC(1171) Concurrent Clear Claimed Marks
[523.428s][info][gc,marking  ] GC(1171) Concurrent Clear Claimed Marks 0.036ms
[523.428s][info][gc,marking  ] GC(1171) Concurrent Cleanup for Next Mark
[523.429s][info][gc,marking  ] GC(1171) Concurrent Cleanup for Next Mark 0.742ms
[523.429s][info][gc          ] GC(1171) Concurrent Mark Cycle 221.127ms
[523.776s][info][gc,start    ] GC(1172) Pause Young (Prepare Mixed) (G1 Evacuation Pause)
[523.776s][info][gc,task     ] GC(1172) Using 2 workers of 2 for evacuation
[523.838s][info][gc,phases   ] GC(1172)   Pre Evacuate Collection Set: 0.19ms
[523.838s][info][gc,phases   ] GC(1172)   Merge Heap Roots: 0.23ms
[523.838s][info][gc,phases   ] GC(1172)   Evacuate Collection Set: 60.65ms
[523.838s][info][gc,phases   ] GC(1172)   Post Evacuate Collection Set: 0.44ms
[523.838s][info][gc,phases   ] GC(1172)   Other: 0.09ms
[523.838s][info][gc,heap     ] GC(1172) Eden regions: 121->0(92)
[523.838s][info][gc,heap     ] GC(1172) Survivor regions: 20->18(18)
[523.838s][info][gc,heap     ] GC(1172) Old regions: 68->104
[523.838s][info][gc,heap     ] GC(1172) Humongous regions: 3->3
[523.838s][info][gc,metaspace] GC(1172) Metaspace: 43098K(43456K)->43098K(43456K) NonClass: 40280K(40512K)->40280K(40512K) Class: 2818K(2944K)->2818K(2944K)
[523.838s][info][gc          ] GC(1172) Pause Young (Prepare Mixed) (G1 Evacuation Pause) 211M->124M(266M) 61.811ms
[523.838s][info][gc,cpu      ] GC(1172) User=0.12s Sys=0.00s Real=0.06s
[524.243s][info][gc,start    ] GC(1173) Pause Young (Mixed) (G1 Evacuation Pause)
[524.243s][info][gc,task     ] GC(1173) Using 2 workers of 2 for evacuation
[524.297s][info][gc,phases   ] GC(1173)   Pre Evacuate Collection Set: 0.18ms
[524.297s][info][gc,phases   ] GC(1173)   Merge Heap Roots: 0.26ms
[524.297s][info][gc,phases   ] GC(1173)   Evacuate Collection Set: 52.87ms
[524.297s][info][gc,phases   ] GC(1173)   Post Evacuate Collection Set: 0.42ms
[524.297s][info][gc,phases   ] GC(1173)   Other: 0.08ms
[524.297s][info][gc,heap     ] GC(1173) Eden regions: 92->0(68)
[524.297s][info][gc,heap     ] GC(1173) Survivor regions: 18->14(14)
[524.297s][info][gc,heap     ] GC(1173) Old regions: 104->134
[524.297s][info][gc,heap     ] GC(1173) Humongous regions: 3->3
[524.297s][info][gc,metaspace] GC(1173) Metaspace: 43098K(43456K)->43098K(43456K) NonClass: 40280K(40512K)->40280K(40512K) Class: 2818K(2944K)->2818K(2944K)
[524.297s][info][gc          ] GC(1173) Pause Young (Mixed) (G1 Evacuation Pause) 216M->150M(266M) 53.975ms
[524.297s][info][gc,cpu      ] GC(1173) User=0.11s Sys=0.00s Real=0.05s
[524.617s][info][gc,start    ] GC(1174) Pause Young (Concurrent Start) (G1 Evacuation Pause)
[524.617s][info][gc,task     ] GC(1174) Using 2 workers of 2 for evacuation
[524.655s][info][gc,phases   ] GC(1174)   Pre Evacuate Collection Set: 0.19ms
[524.655s][info][gc,phases   ] GC(1174)   Merge Heap Roots: 0.19ms
[524.655s][info][gc,phases   ] GC(1174)   Evacuate Collection Set: 37.13ms
[524.655s][info][gc,phases   ] GC(1174)   Post Evacuate Collection Set: 0.37ms
[524.655s][info][gc,phases   ] GC(1174)   Other: 0.09ms
[524.655s][info][gc,heap     ] GC(1174) Eden regions: 68->0(54)
[524.655s][info][gc,heap     ] GC(1174) Survivor regions: 14->11(11)
[524.655s][info][gc,heap     ] GC(1174) Old regions: 134->157
[524.655s][info][gc,heap     ] GC(1174) Humongous regions: 3->3
[524.655s][info][gc,metaspace] GC(1174) Metaspace: 43101K(43456K)->43101K(43456K) NonClass: 40283K(40512K)->40283K(40512K) Class: 2818K(2944K)->2818K(2944K)
[524.655s][info][gc          ] GC(1174) Pause Young (Concurrent Start) (G1 Evacuation Pause) 218M->170M(266M) 38.148ms
[524.655s][info][gc,cpu      ] GC(1174) User=0.07s Sys=0.00s Real=0.04s
[524.655s][info][gc          ] GC(1175) Concurrent Mark Cycle
[524.655s][info][gc,marking  ] GC(1175) Concurrent Scan Root Regions
[524.687s][info][gc,marking  ] GC(1175) Concurrent Scan Root Regions 32.076ms
[524.687s][info][gc,marking  ] GC(1175) Concurrent Mark
[524.687s][info][gc,marking  ] GC(1175) Concurrent Mark From Roots
[524.687s][info][gc,task     ] GC(1175) Using 1 workers of 1 for marking
[524.825s][info][gc,marking  ] GC(1175) Concurrent Mark From Roots 137.642ms
[524.825s][info][gc,marking  ] GC(1175) Concurrent Preclean
[524.825s][info][gc,marking  ] GC(1175) Concurrent Preclean 0.039ms
[524.826s][info][gc,start    ] GC(1175) Pause Remark
[524.841s][info][gc          ] GC(1175) Pause Remark 201M->201M(285M) 15.382ms
[524.841s][info][gc,cpu      ] GC(1175) User=0.03s Sys=0.00s Real=0.02s
[524.841s][info][gc,marking  ] GC(1175) Concurrent Mark 154.160ms
[524.841s][info][gc,marking  ] GC(1175) Concurrent Rebuild Remembered Sets and Scrub Regions
[524.927s][info][gc,start    ] GC(1176) Pause Young (Normal) (G1 Evacuation Pause)
[524.927s][info][gc,task     ] GC(1176) Using 2 workers of 2 for evacuation
[524.953s][info][gc,phases   ] GC(1176)   Pre Evacuate Collection Set: 0.16ms
[524.953s][info][gc,phases   ] GC(1176)   Merge Heap Roots: 0.23ms
[524.953s][info][gc,phases   ] GC(1176)   Evacuate Collection Set: 24.43ms
[524.953s][info][gc,phases   ] GC(1176)   Post Evacuate Collection Set: 0.35ms
[524.953s][info][gc,phases   ] GC(1176)   Other: 0.07ms
[524.953s][info][gc,heap     ] GC(1176) Eden regions: 54->0(60)
[524.953s][info][gc,heap     ] GC(1176) Survivor regions: 11->9(9)
[524.953s][info][gc,heap     ] GC(1176) Old regions: 157->171
[524.953s][info][gc,heap     ] GC(1176) Humongous regions: 5->3
[524.953s][info][gc,metaspace] GC(1176) Metaspace: 43101K(43456K)->43101K(43456K) NonClass: 40283K(40512K)->40283K(40512K) Class: 2818K(2944K)->2818K(2944K)
[524.953s][info][gc          ] GC(1176) Pause Young (Normal) (G1 Evacuation Pause) 226M->182M(285M) 25.443ms
[524.953s][info][gc,cpu      ] GC(1176) User=0.05s Sys=0.00s Real=0.03s
[524.958s][info][gc,marking  ] GC(1175) Concurrent Rebuild Remembered Sets and Scrub Regions 116.510ms
[524.958s][info][gc,start    ] GC(1175) Pause Cleanup
[524.958s][info][gc          ] GC(1175) Pause Cleanup 184M->184M(285M) 0.060ms
[524.958s][info][gc,cpu      ] GC(1175) User=0.00s Sys=0.00s Real=0.00s
[524.958s][info][gc,marking  ] GC(1175) Concurrent Clear Claimed Marks
[524.958s][info][gc,marking  ] GC(1175) Concurrent Clear Claimed Marks 0.032ms
[524.958s][info][gc,marking  ] GC(1175) Concurrent Cleanup for Next Mark
[524.959s][info][gc,marking  ] GC(1175) Concurrent Cleanup for Next Mark 1.044ms
[524.959s][info][gc          ] GC(1175) Concurrent Mark Cycle 304.194ms
[525.181s][info][gc,start    ] GC(1177) Pause Young (Prepare Mixed) (G1 Evacuation Pause)
[525.181s][info][gc,task     ] GC(1177) Using 2 workers of 2 for evacuation
[525.203s][info][gc,phases   ] GC(1177)   Pre Evacuate Collection Set: 0.18ms
[525.203s][info][gc,phases   ] GC(1177)   Merge Heap Roots: 0.18ms
[525.203s][info][gc,phases   ] GC(1177)   Evacuate Collection Set: 20.28ms
[525.203s][info][gc,phases   ] GC(1177)   Post Evacuate Collection Set: 0.42ms
[525.203s][info][gc,phases   ] GC(1177)   Other: 0.07ms
[525.203s][info][gc,heap     ] GC(1177) Eden regions: 60->0(58)
[525.203s][info][gc,heap     ] GC(1177) Survivor regions: 9->9(9)
[525.203s][info][gc,heap     ] GC(1177) Old regions: 171->179
[525.203s][info][gc,heap     ] GC(1177) Humongous regions: 3->3
[525.203s][info][gc,metaspace] GC(1177) Metaspace: 43101K(43456K)->43101K(43456K) NonClass: 40283K(40512K)->40283K(40512K) Class: 2818K(2944K)->2818K(2944K)
[525.203s][info][gc          ] GC(1177) Pause Young (Prepare Mixed) (G1 Evacuation Pause) 242M->190M(285M) 21.307ms
[525.203s][info][gc,cpu      ] GC(1177) User=0.04s Sys=0.00s Real=0.02s
[525.407s][info][gc,start    ] GC(1178) Pause Young (Mixed) (G1 Evacuation Pause)
[525.407s][info][gc,task     ] GC(1178) Using 2 workers of 2 for evacuation
[525.435s][info][gc,phases   ] GC(1178)   Pre Evacuate Collection Set: 0.19ms
[525.436s][info][gc,phases   ] GC(1178)   Merge Heap Roots: 0.23ms
[525.436s][info][gc,phases   ] GC(1178)   Evacuate Collection Set: 27.09ms
[525.436s][info][gc,phases   ] GC(1178)   Post Evacuate Collection Set: 1.24ms
[525.436s][info][gc,phases   ] GC(1178)   Other: 0.07ms
[525.436s][info][gc,heap     ] GC(1178) Eden regions: 58->0(151)
[525.436s][info][gc,heap     ] GC(1178) Survivor regions: 9->9(9)
[525.436s][info][gc,heap     ] GC(1178) Old regions: 179->162
[525.436s][info][gc,heap     ] GC(1178) Humongous regions: 7->3
[525.436s][info][gc,metaspace] GC(1178) Metaspace: 43101K(43456K)->43101K(43456K) NonClass: 40283K(40512K)->40283K(40512K) Class: 2818K(2944K)->2818K(2944K)
[525.436s][info][gc          ] GC(1178) Pause Young (Mixed) (G1 Evacuation Pause) 252M->173M(401M) 29.001ms
[525.436s][info][gc,cpu      ] GC(1178) User=0.06s Sys=0.00s Real=0.03s
[525.993s][info][gc,start    ] GC(1179) Pause Young (Mixed) (G1 Evacuation Pause)
[525.993s][info][gc,task     ] GC(1179) Using 2 workers of 2 for evacuation
[526.034s][info][gc,phases   ] GC(1179)   Pre Evacuate Collection Set: 0.32ms
[526.034s][info][gc,phases   ] GC(1179)   Merge Heap Roots: 0.52ms
[526.034s][info][gc,phases   ] GC(1179)   Evacuate Collection Set: 39.19ms
[526.034s][info][gc,phases   ] GC(1179)   Post Evacuate Collection Set: 0.48ms
[526.034s][info][gc,phases   ] GC(1179)   Other: 0.09ms
[526.034s][info][gc,heap     ] GC(1179) Eden regions: 151->0(165)
[526.034s][info][gc,heap     ] GC(1179) Survivor regions: 9->18(20)
[526.034s][info][gc,heap     ] GC(1179) Old regions: 162->144
[526.034s][info][gc,heap     ] GC(1179) Humongous regions: 9->1
[526.034s][info][gc,metaspace] GC(1179) Metaspace: 43101K(43456K)->43101K(43456K) NonClass: 40283K(40512K)->40283K(40512K) Class: 2818K(2944K)->2818K(2944K)
[526.034s][info][gc          ] GC(1179) Pause Young (Mixed) (G1 Evacuation Pause) 330M->162M(401M) 40.821ms
[526.034s][info][gc,cpu      ] GC(1179) User=0.08s Sys=0.00s Real=0.04s
[526.048s][info][gc,start    ] GC(1180) Pause Young (Concurrent Start) (G1 Humongous Allocation)
[526.048s][info][gc,task     ] GC(1180) Using 2 workers of 2 for evacuation
[526.065s][info][gc,phases   ] GC(1180)   Pre Evacuate Collection Set: 0.21ms
[526.065s][info][gc,phases   ] GC(1180)   Merge Heap Roots: 0.06ms
[526.065s][info][gc,phases   ] GC(1180)   Evacuate Collection Set: 15.63ms
[526.065s][info][gc,phases   ] GC(1180)   Post Evacuate Collection Set: 0.27ms
[526.065s][info][gc,phases   ] GC(1180)   Other: 0.08ms
[526.065s][info][gc,heap     ] GC(1180) Eden regions: 9->0(168)
[526.065s][info][gc,heap     ] GC(1180) Survivor regions: 18->2(23)
[526.065s][info][gc,heap     ] GC(1180) Old regions: 144->160
[526.065s][info][gc,heap     ] GC(1180) Humongous regions: 1->1
[526.065s][info][gc,metaspace] GC(1180) Metaspace: 43101K(43456K)->43101K(43456K) NonClass: 40283K(40512K)->40283K(40512K) Class: 2818K(2944K)->2818K(2944K)
[526.065s][info][gc          ] GC(1180) Pause Young (Concurrent Start) (G1 Humongous Allocation) 171M->162M(401M) 16.409ms
[526.065s][info][gc,cpu      ] GC(1180) User=0.04s Sys=0.00s Real=0.02s
[526.065s][info][gc          ] GC(1181) Concurrent Mark Cycle
[526.065s][info][gc,marking  ] GC(1181) Concurrent Scan Root Regions
[526.081s][info][gc,marking  ] GC(1181) Concurrent Scan Root Regions 16.384ms
[526.081s][info][gc,marking  ] GC(1181) Concurrent Mark
[526.081s][info][gc,marking  ] GC(1181) Concurrent Mark From Roots
[526.081s][info][gc,task     ] GC(1181) Using 1 workers of 1 for marking
[526.160s][info][gc,marking  ] GC(1181) Concurrent Mark From Roots 78.331ms
[526.160s][info][gc,marking  ] GC(1181) Concurrent Preclean
[526.160s][info][gc,marking  ] GC(1181) Concurrent Preclean 0.034ms
[526.160s][info][gc,start    ] GC(1181) Pause Remark
[526.175s][info][gc          ] GC(1181) Pause Remark 211M->197M(401M) 15.218ms
[526.175s][info][gc,cpu      ] GC(1181) User=0.03s Sys=0.00s Real=0.02s
[526.175s][info][gc,marking  ] GC(1181) Concurrent Mark 93.905ms
[526.175s][info][gc,marking  ] GC(1181) Concurrent Rebuild Remembered Sets and Scrub Regions
[526.220s][info][gc,marking  ] GC(1181) Concurrent Rebuild Remembered Sets and Scrub Regions 45.079ms
[526.220s][info][gc,start    ] GC(1181) Pause Cleanup
[526.220s][info][gc          ] GC(1181) Pause Cleanup 208M->208M(401M) 0.071ms
[526.220s][info][gc,cpu      ] GC(1181) User=0.00s Sys=0.00s Real=0.00s
[526.220s][info][gc,marking  ] GC(1181) Concurrent Clear Claimed Marks
[526.221s][info][gc,marking  ] GC(1181) Concurrent Clear Claimed Marks 0.036ms
[526.221s][info][gc,marking  ] GC(1181) Concurrent Cleanup for Next Mark
[526.223s][info][gc,marking  ] GC(1181) Concurrent Cleanup for Next Mark 2.350ms
[526.223s][info][gc          ] GC(1181) Concurrent Mark Cycle 158.159ms
[526.588s][info][gc,start    ] GC(1182) Pause Young (Prepare Mixed) (G1 Evacuation Pause)
[526.588s][info][gc,task     ] GC(1182) Using 2 workers of 2 for evacuation
[526.605s][info][gc,phases   ] GC(1182)   Pre Evacuate Collection Set: 0.21ms
[526.605s][info][gc,phases   ] GC(1182)   Merge Heap Roots: 0.07ms
[526.605s][info][gc,phases   ] GC(1182)   Evacuate Collection Set: 16.24ms
[526.605s][info][gc,phases   ] GC(1182)   Post Evacuate Collection Set: 0.48ms
[526.605s][info][gc,phases   ] GC(1182)   Other: 0.07ms
[526.605s][info][gc,heap     ] GC(1182) Eden regions: 168->0(154)
[526.605s][info][gc,heap     ] GC(1182) Survivor regions: 2->22(22)
[526.605s][info][gc,heap     ] GC(1182) Old regions: 146->150
[526.605s][info][gc,heap     ] GC(1182) Humongous regions: 5->4
[526.605s][info][gc,metaspace] GC(1182) Metaspace: 43101K(43456K)->43101K(43456K) NonClass: 40283K(40512K)->40283K(40512K) Class: 2818K(2944K)->2818K(2944K)
[526.605s][info][gc          ] GC(1182) Pause Young (Prepare Mixed) (G1 Evacuation Pause) 320M->175M(401M) 17.300ms
[526.605s][info][gc,cpu      ] GC(1182) User=0.03s Sys=0.00s Real=0.02s
[527.072s][info][gc,start    ] GC(1183) Pause Young (Mixed) (G1 Evacuation Pause)
[527.072s][info][gc,task     ] GC(1183) Using 2 workers of 2 for evacuation
[527.103s][info][gc,phases   ] GC(1183)   Pre Evacuate Collection Set: 0.25ms
[527.103s][info][gc,phases   ] GC(1183)   Merge Heap Roots: 0.12ms
[527.103s][info][gc,phases   ] GC(1183)   Evacuate Collection Set: 30.35ms
[527.103s][info][gc,phases   ] GC(1183)   Post Evacuate Collection Set: 0.51ms
[527.103s][info][gc,phases   ] GC(1183)   Other: 0.09ms
[527.103s][info][gc,heap     ] GC(1183) Eden regions: 154->0(166)
[527.103s][info][gc,heap     ] GC(1183) Survivor regions: 22->22(22)
[527.103s][info][gc,heap     ] GC(1183) Old regions: 150->132
[527.103s][info][gc,heap     ] GC(1183) Humongous regions: 4->4
[527.103s][info][gc,metaspace] GC(1183) Metaspace: 43102K(43456K)->43102K(43456K) NonClass: 40283K(40512K)->40283K(40512K) Class: 2818K(2944K)->2818K(2944K)
[527.103s][info][gc          ] GC(1183) Pause Young (Mixed) (G1 Evacuation Pause) 329M->157M(401M) 31.540ms
[527.103s][info][gc,cpu      ] GC(1183) User=0.06s Sys=0.00s Real=0.03s
[527.618s][info][gc,start    ] GC(1184) Pause Young (Mixed) (G1 Evacuation Pause)
[527.618s][info][gc,task     ] GC(1184) Using 2 workers of 2 for evacuation
[527.663s][info][gc,phases   ] GC(1184)   Pre Evacuate Collection Set: 0.29ms
[527.663s][info][gc,phases   ] GC(1184)   Merge Heap Roots: 0.27ms
[527.663s][info][gc,phases   ] GC(1184)   Evacuate Collection Set: 43.30ms
[527.663s][info][gc,phases   ] GC(1184)   Post Evacuate Collection Set: 0.51ms
[527.663s][info][gc,phases   ] GC(1184)   Other: 0.07ms
[527.663s][info][gc,heap     ] GC(1184) Eden regions: 166->0(136)
[527.663s][info][gc,heap     ] GC(1184) Survivor regions: 22->24(24)
[527.663s][info][gc,heap     ] GC(1184) Old regions: 132->151
[527.663s][info][gc,heap     ] GC(1184) Humongous regions: 6->5
[527.663s][info][gc,metaspace] GC(1184) Metaspace: 43102K(43456K)->43102K(43456K) NonClass: 40283K(40512K)->40283K(40512K) Class: 2818K(2944K)->2818K(2944K)
[527.663s][info][gc          ] GC(1184) Pause Young (Mixed) (G1 Evacuation Pause) 325M->179M(401M) 44.648ms
[527.663s][info][gc,cpu      ] GC(1184) User=0.09s Sys=0.00s Real=0.05s
[528.111s][info][gc,start    ] GC(1185) Pause Young (Concurrent Start) (G1 Evacuation Pause)
[528.111s][info][gc,task     ] GC(1185) Using 2 workers of 2 for evacuation
[528.168s][info][gc,phases   ] GC(1185)   Pre Evacuate Collection Set: 0.24ms
[528.168s][info][gc,phases   ] GC(1185)   Merge Heap Roots: 0.19ms
[528.168s][info][gc,phases   ] GC(1185)   Evacuate Collection Set: 55.85ms
[528.168s][info][gc,phases   ] GC(1185)   Post Evacuate Collection Set: 0.57ms
[528.168s][info][gc,phases   ] GC(1185)   Other: 0.11ms
[528.168s][info][gc,heap     ] GC(1185) Eden regions: 136->0(84)
[528.168s][info][gc,heap     ] GC(1185) Survivor regions: 24->20(20)
[528.168s][info][gc,heap     ] GC(1185) Old regions: 151->203
[528.168s][info][gc,heap     ] GC(1185) Humongous regions: 5->5
[528.168s][info][gc,metaspace] GC(1185) Metaspace: 43102K(43456K)->43102K(43456K) NonClass: 40283K(40512K)->40283K(40512K) Class: 2818K(2944K)->2818K(2944K)
[528.168s][info][gc          ] GC(1185) Pause Young (Concurrent Start) (G1 Evacuation Pause) 315M->227M(401M) 57.170ms
[528.168s][info][gc,cpu      ] GC(1185) User=0.12s Sys=0.00s Real=0.06s
[528.168s][info][gc          ] GC(1186) Concurrent Mark Cycle
[528.168s][info][gc,marking  ] GC(1186) Concurrent Scan Root Regions
[528.203s][info][gc,marking  ] GC(1186) Concurrent Scan Root Regions 34.718ms
[528.203s][info][gc,marking  ] GC(1186) Concurrent Mark
[528.203s][info][gc,marking  ] GC(1186) Concurrent Mark From Roots
[528.203s][info][gc,task     ] GC(1186) Using 1 workers of 1 for marking
[528.299s][info][gc,marking  ] GC(1186) Concurrent Mark From Roots 96.364ms
[528.299s][info][gc,marking  ] GC(1186) Concurrent Preclean
[528.299s][info][gc,marking  ] GC(1186) Concurrent Preclean 0.050ms
[528.300s][info][gc,start    ] GC(1186) Pause Remark
[528.314s][info][gc          ] GC(1186) Pause Remark 258M->241M(401M) 14.951ms
[528.315s][info][gc,cpu      ] GC(1186) User=0.03s Sys=0.00s Real=0.02s
[528.315s][info][gc,marking  ] GC(1186) Concurrent Mark 111.678ms
[528.315s][info][gc,marking  ] GC(1186) Concurrent Rebuild Remembered Sets and Scrub Regions
[528.397s][info][gc,marking  ] GC(1186) Concurrent Rebuild Remembered Sets and Scrub Regions 82.023ms
[528.398s][info][gc,start    ] GC(1186) Pause Cleanup
[528.398s][info][gc          ] GC(1186) Pause Cleanup 267M->267M(401M) 0.072ms
[528.398s][info][gc,cpu      ] GC(1186) User=0.00s Sys=0.00s Real=0.00s
[528.398s][info][gc,marking  ] GC(1186) Concurrent Clear Claimed Marks
[528.398s][info][gc,marking  ] GC(1186) Concurrent Clear Claimed Marks 0.039ms
[528.398s][info][gc,marking  ] GC(1186) Concurrent Cleanup for Next Mark
[528.400s][info][gc,marking  ] GC(1186) Concurrent Cleanup for Next Mark 1.152ms
[528.400s][info][gc          ] GC(1186) Concurrent Mark Cycle 231.438ms
[528.494s][info][gc,start    ] GC(1187) Pause Young (Prepare Mixed) (G1 Evacuation Pause)
[528.494s][info][gc,task     ] GC(1187) Using 2 workers of 2 for evacuation
[528.546s][info][gc,phases   ] GC(1187)   Pre Evacuate Collection Set: 0.21ms
[528.546s][info][gc,phases   ] GC(1187)   Merge Heap Roots: 0.56ms
[528.546s][info][gc,phases   ] GC(1187)   Evacuate Collection Set: 50.48ms
[528.546s][info][gc,phases   ] GC(1187)   Post Evacuate Collection Set: 0.44ms
[528.546s][info][gc,phases   ] GC(1187)   Other: 0.08ms
[528.546s][info][gc,heap     ] GC(1187) Eden regions: 84->0(60)
[528.546s][info][gc,heap     ] GC(1187) Survivor regions: 20->13(13)
[528.546s][info][gc,heap     ] GC(1187) Old regions: 187->240
[528.546s][info][gc,heap     ] GC(1187) Humongous regions: 5->5
[528.546s][info][gc,metaspace] GC(1187) Metaspace: 43102K(43456K)->43102K(43456K) NonClass: 40283K(40512K)->40283K(40512K) Class: 2818K(2944K)->2818K(2944K)
[528.546s][info][gc          ] GC(1187) Pause Young (Prepare Mixed) (G1 Evacuation Pause) 295M->257M(401M) 52.003ms
[528.546s][info][gc,cpu      ] GC(1187) User=0.10s Sys=0.00s Real=0.05s
[528.755s][info][gc,start    ] GC(1188) Pause Young (Mixed) (G1 Evacuation Pause)
[528.755s][info][gc,task     ] GC(1188) Using 2 workers of 2 for evacuation
[528.798s][info][gc,phases   ] GC(1188)   Pre Evacuate Collection Set: 0.23ms
[528.798s][info][gc,phases   ] GC(1188)   Merge Heap Roots: 0.34ms
[528.798s][info][gc,phases   ] GC(1188)   Evacuate Collection Set: 40.97ms
[528.798s][info][gc,phases   ] GC(1188)   Post Evacuate Collection Set: 1.22ms
[528.798s][info][gc,phases   ] GC(1188)   Other: 0.08ms
[528.798s][info][gc,heap     ] GC(1188) Eden regions: 60->0(135)
[528.798s][info][gc,heap     ] GC(1188) Survivor regions: 13->10(10)
[528.798s][info][gc,heap     ] GC(1188) Old regions: 240->238
[528.798s][info][gc,heap     ] GC(1188) Humongous regions: 5->5
[528.798s][info][gc,metaspace] GC(1188) Metaspace: 43102K(43456K)->43102K(43456K) NonClass: 40283K(40512K)->40283K(40512K) Class: 2818K(2944K)->2818K(2944K)
[528.798s][info][gc          ] GC(1188) Pause Young (Mixed) (G1 Evacuation Pause) 317M->252M(517M) 43.075ms
[528.798s][info][gc,cpu      ] GC(1188) User=0.08s Sys=0.01s Real=0.04s
[529.338s][info][gc,start    ] GC(1189) Pause Young (Mixed) (G1 Evacuation Pause)
[529.338s][info][gc,task     ] GC(1189) Using 2 workers of 2 for evacuation
[529.386s][info][gc,phases   ] GC(1189)   Pre Evacuate Collection Set: 0.41ms
[529.386s][info][gc,phases   ] GC(1189)   Merge Heap Roots: 0.79ms
[529.386s][info][gc,phases   ] GC(1189)   Evacuate Collection Set: 46.34ms
[529.386s][info][gc,phases   ] GC(1189)   Post Evacuate Collection Set: 0.46ms
[529.386s][info][gc,phases   ] GC(1189)   Other: 0.08ms
[529.386s][info][gc,heap     ] GC(1189) Eden regions: 135->0(125)
[529.386s][info][gc,heap     ] GC(1189) Survivor regions: 10->19(19)
[529.386s][info][gc,heap     ] GC(1189) Old regions: 238->251
[529.386s][info][gc,heap     ] GC(1189) Humongous regions: 5->5
[529.386s][info][gc,metaspace] GC(1189) Metaspace: 43102K(43456K)->43102K(43456K) NonClass: 40283K(40512K)->40283K(40512K) Class: 2818K(2944K)->2818K(2944K)
[529.386s][info][gc          ] GC(1189) Pause Young (Mixed) (G1 Evacuation Pause) 387M->274M(517M) 48.340ms
[529.386s][info][gc,cpu      ] GC(1189) User=0.09s Sys=0.00s Real=0.05s
[529.519s][info][gc,start    ] GC(1190) Pause Young (Concurrent Start) (G1 Humongous Allocation)
[529.519s][info][gc,task     ] GC(1190) Using 2 workers of 2 for evacuation
[529.552s][info][gc,phases   ] GC(1190)   Pre Evacuate Collection Set: 0.29ms
[529.552s][info][gc,phases   ] GC(1190)   Merge Heap Roots: 0.15ms
[529.552s][info][gc,phases   ] GC(1190)   Evacuate Collection Set: 31.52ms
[529.552s][info][gc,phases   ] GC(1190)   Post Evacuate Collection Set: 0.38ms
[529.552s][info][gc,phases   ] GC(1190)   Other: 0.09ms
[529.552s][info][gc,heap     ] GC(1190) Eden regions: 45->0(88)
[529.552s][info][gc,heap     ] GC(1190) Survivor regions: 19->18(18)
[529.552s][info][gc,heap     ] GC(1190) Old regions: 251->282
[529.552s][info][gc,heap     ] GC(1190) Humongous regions: 5->5
[529.552s][info][gc,metaspace] GC(1190) Metaspace: 43102K(43456K)->43102K(43456K) NonClass: 40283K(40512K)->40283K(40512K) Class: 2818K(2944K)->2818K(2944K)
[529.552s][info][gc          ] GC(1190) Pause Young (Concurrent Start) (G1 Humongous Allocation) 319M->304M(517M) 32.625ms
[529.552s][info][gc,cpu      ] GC(1190) User=0.07s Sys=0.00s Real=0.04s
[529.552s][info][gc          ] GC(1191) Concurrent Mark Cycle
[529.552s][info][gc,marking  ] GC(1191) Concurrent Scan Root Regions
[529.570s][info][gc,marking  ] GC(1191) Concurrent Scan Root Regions 18.236ms
[529.570s][info][gc,marking  ] GC(1191) Concurrent Mark
[529.570s][info][gc,marking  ] GC(1191) Concurrent Mark From Roots
[529.570s][info][gc,task     ] GC(1191) Using 1 workers of 1 for marking
[529.677s][info][gc,marking  ] GC(1191) Concurrent Mark From Roots 106.375ms
[529.677s][info][gc,marking  ] GC(1191) Concurrent Preclean
[529.677s][info][gc,marking  ] GC(1191) Concurrent Preclean 0.040ms
[529.677s][info][gc,start    ] GC(1191) Pause Remark
[529.692s][info][gc          ] GC(1191) Pause Remark 337M->226M(517M) 15.466ms
[529.692s][info][gc,cpu      ] GC(1191) User=0.03s Sys=0.00s Real=0.02s
[529.694s][info][gc,marking  ] GC(1191) Concurrent Mark 123.861ms
[529.694s][info][gc,marking  ] GC(1191) Concurrent Rebuild Remembered Sets and Scrub Regions
[529.754s][info][gc,marking  ] GC(1191) Concurrent Rebuild Remembered Sets and Scrub Regions 59.971ms
[529.754s][info][gc,start    ] GC(1191) Pause Cleanup
[529.754s][info][gc          ] GC(1191) Pause Cleanup 241M->241M(517M) 0.068ms
[529.754s][info][gc,cpu      ] GC(1191) User=0.00s Sys=0.00s Real=0.00s
[529.754s][info][gc,marking  ] GC(1191) Concurrent Clear Claimed Marks
[529.754s][info][gc,marking  ] GC(1191) Concurrent Clear Claimed Marks 0.038ms
[529.754s][info][gc,marking  ] GC(1191) Concurrent Cleanup for Next Mark
[529.757s][info][gc,marking  ] GC(1191) Concurrent Cleanup for Next Mark 2.660ms
[529.757s][info][gc          ] GC(1191) Concurrent Mark Cycle 205.133ms
[529.910s][info][gc,start    ] GC(1192) Pause Young (Prepare Mixed) (G1 Evacuation Pause)
[529.910s][info][gc,task     ] GC(1192) Using 2 workers of 2 for evacuation
[529.958s][info][gc,phases   ] GC(1192)   Pre Evacuate Collection Set: 0.22ms
[529.958s][info][gc,phases   ] GC(1192)   Merge Heap Roots: 0.30ms
[529.958s][info][gc,phases   ] GC(1192)   Evacuate Collection Set: 46.43ms
[529.958s][info][gc,phases   ] GC(1192)   Post Evacuate Collection Set: 0.41ms
[529.958s][info][gc,phases   ] GC(1192)   Other: 0.07ms
[529.958s][info][gc,heap     ] GC(1192) Eden regions: 88->0(112)
[529.958s][info][gc,heap     ] GC(1192) Survivor regions: 18->14(14)
[529.958s][info][gc,heap     ] GC(1192) Old regions: 173->227
[529.958s][info][gc,heap     ] GC(1192) Humongous regions: 4->4
[529.958s][info][gc,metaspace] GC(1192) Metaspace: 43102K(43456K)->43102K(43456K) NonClass: 40283K(40512K)->40283K(40512K) Class: 2818K(2944K)->2818K(2944K)
[529.958s][info][gc          ] GC(1192) Pause Young (Prepare Mixed) (G1 Evacuation Pause) 282M->244M(517M) 47.663ms
[529.958s][info][gc,cpu      ] GC(1192) User=0.09s Sys=0.00s Real=0.05s
[530.338s][info][gc,start    ] GC(1193) Pause Young (Mixed) (G1 Evacuation Pause)
[530.338s][info][gc,task     ] GC(1193) Using 2 workers of 2 for evacuation
[530.392s][info][gc,phases   ] GC(1193)   Pre Evacuate Collection Set: 0.28ms
[530.392s][info][gc,phases   ] GC(1193)   Merge Heap Roots: 0.29ms
[530.392s][info][gc,phases   ] GC(1193)   Evacuate Collection Set: 52.47ms
[530.392s][info][gc,phases   ] GC(1193)   Post Evacuate Collection Set: 0.55ms
[530.392s][info][gc,phases   ] GC(1193)   Other: 0.08ms
[530.392s][info][gc,heap     ] GC(1193) Eden regions: 112->0(106)
[530.392s][info][gc,heap     ] GC(1193) Survivor regions: 14->16(16)
[530.392s][info][gc,heap     ] GC(1193) Old regions: 227->239
[530.392s][info][gc,heap     ] GC(1193) Humongous regions: 5->5
[530.392s][info][gc,metaspace] GC(1193) Metaspace: 43102K(43456K)->43102K(43456K) NonClass: 40283K(40512K)->40283K(40512K) Class: 2818K(2944K)->2818K(2944K)
[530.392s][info][gc          ] GC(1193) Pause Young (Mixed) (G1 Evacuation Pause) 357M->259M(517M) 53.913ms
[530.392s][info][gc,cpu      ] GC(1193) User=0.10s Sys=0.00s Real=0.06s
[530.666s][info][gc,start    ] GC(1194) Pause Young (Concurrent Start) (G1 Humongous Allocation)
[530.666s][info][gc,task     ] GC(1194) Using 2 workers of 2 for evacuation
[530.721s][info][gc,phases   ] GC(1194)   Pre Evacuate Collection Set: 0.27ms
[530.721s][info][gc,phases   ] GC(1194)   Merge Heap Roots: 0.26ms
[530.721s][info][gc,phases   ] GC(1194)   Evacuate Collection Set: 53.35ms
[530.721s][info][gc,phases   ] GC(1194)   Post Evacuate Collection Set: 1.07ms
[530.721s][info][gc,phases   ] GC(1194)   Other: 0.09ms
[530.721s][info][gc,heap     ] GC(1194) Eden regions: 86->0(116)
[530.721s][info][gc,heap     ] GC(1194) Survivor regions: 16->16(16)
[530.721s][info][gc,heap     ] GC(1194) Old regions: 239->300
[530.721s][info][gc,heap     ] GC(1194) Humongous regions: 5->5
[530.721s][info][gc,metaspace] GC(1194) Metaspace: 43102K(43456K)->43102K(43456K) NonClass: 40283K(40512K)->40283K(40512K) Class: 2818K(2944K)->2818K(2944K)
[530.721s][info][gc          ] GC(1194) Pause Young (Concurrent Start) (G1 Humongous Allocation) 345M->320M(607M) 55.247ms
[530.721s][info][gc,cpu      ] GC(1194) User=0.10s Sys=0.00s Real=0.06s
[530.721s][info][gc          ] GC(1195) Concurrent Mark Cycle
[530.721s][info][gc,marking  ] GC(1195) Concurrent Scan Root Regions
[530.747s][info][gc,marking  ] GC(1195) Concurrent Scan Root Regions 26.207ms
[530.747s][info][gc,marking  ] GC(1195) Concurrent Mark
[530.747s][info][gc,marking  ] GC(1195) Concurrent Mark From Roots
[530.747s][info][gc,task     ] GC(1195) Using 1 workers of 1 for marking
[530.860s][info][gc,marking  ] GC(1195) Concurrent Mark From Roots 112.625ms
[530.860s][info][gc,marking  ] GC(1195) Concurrent Preclean
[530.860s][info][gc,marking  ] GC(1195) Concurrent Preclean 0.039ms
[530.861s][info][gc,start    ] GC(1195) Pause Remark
[530.876s][info][gc          ] GC(1195) Pause Remark 350M->301M(607M) 15.256ms
[530.876s][info][gc,cpu      ] GC(1195) User=0.03s Sys=0.00s Real=0.02s
[530.876s][info][gc,marking  ] GC(1195) Concurrent Mark 128.753ms
[530.876s][info][gc,marking  ] GC(1195) Concurrent Rebuild Remembered Sets and Scrub Regions
[530.957s][info][gc,marking  ] GC(1195) Concurrent Rebuild Remembered Sets and Scrub Regions 81.193ms
[530.958s][info][gc,start    ] GC(1195) Pause Cleanup
[530.958s][info][gc          ] GC(1195) Pause Cleanup 316M->316M(607M) 0.120ms
[530.958s][info][gc,cpu      ] GC(1195) User=0.00s Sys=0.00s Real=0.00s
[530.960s][info][gc,marking  ] GC(1195) Concurrent Clear Claimed Marks
[530.960s][info][gc,marking  ] GC(1195) Concurrent Clear Claimed Marks 0.066ms
[530.960s][info][gc,marking  ] GC(1195) Concurrent Cleanup for Next Mark
[530.963s][info][gc,marking  ] GC(1195) Concurrent Cleanup for Next Mark 2.776ms
[530.963s][info][gc          ] GC(1195) Concurrent Mark Cycle 241.880ms
[531.239s][info][gc,start    ] GC(1196) Pause Young (Prepare Mixed) (G1 Evacuation Pause)
[531.239s][info][gc,task     ] GC(1196) Using 2 workers of 2 for evacuation
[531.297s][info][gc,phases   ] GC(1196)   Pre Evacuate Collection Set: 0.26ms
[531.297s][info][gc,phases   ] GC(1196)   Merge Heap Roots: 0.45ms
[531.297s][info][gc,phases   ] GC(1196)   Evacuate Collection Set: 55.84ms
[531.297s][info][gc,phases   ] GC(1196)   Post Evacuate Collection Set: 0.47ms
[531.297s][info][gc,phases   ] GC(1196)   Other: 0.08ms
[531.297s][info][gc,heap     ] GC(1196) Eden regions: 116->0(114)
[531.297s][info][gc,heap     ] GC(1196) Survivor regions: 16->17(17)
[531.297s][info][gc,heap     ] GC(1196) Old regions: 252->309
[531.297s][info][gc,heap     ] GC(1196) Humongous regions: 5->5
[531.297s][info][gc,metaspace] GC(1196) Metaspace: 43102K(43456K)->43102K(43456K) NonClass: 40283K(40512K)->40283K(40512K) Class: 2818K(2944K)->2818K(2944K)
[531.297s][info][gc          ] GC(1196) Pause Young (Prepare Mixed) (G1 Evacuation Pause) 388M->330M(607M) 57.324ms
[531.297s][info][gc,cpu      ] GC(1196) User=0.11s Sys=0.00s Real=0.06s
[531.666s][info][gc,start    ] GC(1197) Pause Young (Mixed) (G1 Evacuation Pause)
[531.666s][info][gc,task     ] GC(1197) Using 2 workers of 2 for evacuation
[531.696s][info][gc,phases   ] GC(1197)   Pre Evacuate Collection Set: 0.38ms
[531.696s][info][gc,phases   ] GC(1197)   Merge Heap Roots: 0.30ms
[531.696s][info][gc,phases   ] GC(1197)   Evacuate Collection Set: 28.49ms
[531.696s][info][gc,phases   ] GC(1197)   Post Evacuate Collection Set: 0.47ms
[531.696s][info][gc,phases   ] GC(1197)   Other: 0.07ms
[531.696s][info][gc,heap     ] GC(1197) Eden regions: 114->0(141)
[531.696s][info][gc,heap     ] GC(1197) Survivor regions: 17->17(17)
[531.696s][info][gc,heap     ] GC(1197) Old regions: 309->264
[531.696s][info][gc,heap     ] GC(1197) Humongous regions: 6->6
[531.696s][info][gc,metaspace] GC(1197) Metaspace: 43102K(43456K)->43102K(43456K) NonClass: 40283K(40512K)->40283K(40512K) Class: 2818K(2944K)->2818K(2944K)
[531.696s][info][gc          ] GC(1197) Pause Young (Mixed) (G1 Evacuation Pause) 445M->286M(607M) 29.912ms
[531.696s][info][gc,cpu      ] GC(1197) User=0.06s Sys=0.00s Real=0.03s
[532.143s][info][gc,start    ] GC(1198) Pause Young (Mixed) (G1 Evacuation Pause)
[532.143s][info][gc,task     ] GC(1198) Using 2 workers of 2 for evacuation
[532.166s][info][gc,phases   ] GC(1198)   Pre Evacuate Collection Set: 0.29ms
[532.166s][info][gc,phases   ] GC(1198)   Merge Heap Roots: 0.35ms
[532.166s][info][gc,phases   ] GC(1198)   Evacuate Collection Set: 22.25ms
[532.166s][info][gc,phases   ] GC(1198)   Post Evacuate Collection Set: 0.44ms
[532.166s][info][gc,phases   ] GC(1198)   Other: 0.08ms
[532.166s][info][gc,heap     ] GC(1198) Eden regions: 141->0(159)
[532.166s][info][gc,heap     ] GC(1198) Survivor regions: 17->13(20)
[532.166s][info][gc,heap     ] GC(1198) Old regions: 264->256
[532.166s][info][gc,heap     ] GC(1198) Humongous regions: 6->6
[532.166s][info][gc,metaspace] GC(1198) Metaspace: 43103K(43456K)->43103K(43456K) NonClass: 40285K(40512K)->40285K(40512K) Class: 2818K(2944K)->2818K(2944K)
[532.166s][info][gc          ] GC(1198) Pause Young (Mixed) (G1 Evacuation Pause) 427M->274M(607M) 23.594ms
[532.167s][info][gc,cpu      ] GC(1198) User=0.04s Sys=0.00s Real=0.02s
[532.265s][info][gc,start    ] GC(1199) Pause Young (Concurrent Start) (G1 Humongous Allocation)
[532.265s][info][gc,task     ] GC(1199) Using 2 workers of 2 for evacuation
[532.289s][info][gc,phases   ] GC(1199)   Pre Evacuate Collection Set: 0.30ms
[532.289s][info][gc,phases   ] GC(1199)   Merge Heap Roots: 0.06ms
[532.289s][info][gc,phases   ] GC(1199)   Evacuate Collection Set: 23.63ms
[532.289s][info][gc,phases   ] GC(1199)   Post Evacuate Collection Set: 0.35ms
[532.289s][info][gc,phases   ] GC(1199)   Other: 0.09ms
[532.289s][info][gc,heap     ] GC(1199) Eden regions: 29->0(125)
[532.289s][info][gc,heap     ] GC(1199) Survivor regions: 13->22(22)
[532.289s][info][gc,heap     ] GC(1199) Old regions: 256->272
[532.289s][info][gc,heap     ] GC(1199) Humongous regions: 6->6
[532.289s][info][gc,metaspace] GC(1199) Metaspace: 43103K(43456K)->43103K(43456K) NonClass: 40285K(40512K)->40285K(40512K) Class: 2818K(2944K)->2818K(2944K)
[532.289s][info][gc          ] GC(1199) Pause Young (Concurrent Start) (G1 Humongous Allocation) 303M->299M(607M) 24.645ms
[532.289s][info][gc,cpu      ] GC(1199) User=0.05s Sys=0.00s Real=0.02s
[532.289s][info][gc          ] GC(1200) Concurrent Mark Cycle
[532.289s][info][gc,marking  ] GC(1200) Concurrent Scan Root Regions
[532.307s][info][gc,marking  ] GC(1200) Concurrent Scan Root Regions 17.169ms
[532.307s][info][gc,marking  ] GC(1200) Concurrent Mark
[532.307s][info][gc,marking  ] GC(1200) Concurrent Mark From Roots
[532.307s][info][gc,task     ] GC(1200) Using 1 workers of 1 for marking
[532.382s][info][gc,marking  ] GC(1200) Concurrent Mark From Roots 75.313ms
[532.382s][info][gc,marking  ] GC(1200) Concurrent Preclean
[532.382s][info][gc,marking  ] GC(1200) Concurrent Preclean 0.041ms
[532.382s][info][gc,start    ] GC(1200) Pause Remark
[532.397s][info][gc          ] GC(1200) Pause Remark 320M->174M(517M) 15.094ms
[532.397s][info][gc,cpu      ] GC(1200) User=0.03s Sys=0.00s Real=0.01s
[532.397s][info][gc,marking  ] GC(1200) Concurrent Mark 90.755ms
[532.397s][info][gc,marking  ] GC(1200) Concurrent Rebuild Remembered Sets and Scrub Regions
[532.438s][info][gc,marking  ] GC(1200) Concurrent Rebuild Remembered Sets and Scrub Regions 40.976ms
[532.439s][info][gc,start    ] GC(1200) Pause Cleanup
[532.439s][info][gc          ] GC(1200) Pause Cleanup 185M->185M(517M) 0.068ms
[532.439s][info][gc,cpu      ] GC(1200) User=0.00s Sys=0.00s Real=0.00s
[532.439s][info][gc,marking  ] GC(1200) Concurrent Clear Claimed Marks
[532.439s][info][gc,marking  ] GC(1200) Concurrent Clear Claimed Marks 0.039ms
[532.439s][info][gc,marking  ] GC(1200) Concurrent Cleanup for Next Mark
[532.440s][info][gc,marking  ] GC(1200) Concurrent Cleanup for Next Mark 1.482ms
[532.440s][info][gc          ] GC(1200) Concurrent Mark Cycle 150.794ms
[532.740s][info][gc,start    ] GC(1201) Pause Young (Prepare Mixed) (G1 Evacuation Pause)
[532.740s][info][gc,task     ] GC(1201) Using 2 workers of 2 for evacuation
[532.778s][info][gc,phases   ] GC(1201)   Pre Evacuate Collection Set: 0.23ms
[532.778s][info][gc,phases   ] GC(1201)   Merge Heap Roots: 0.16ms
[532.778s][info][gc,phases   ] GC(1201)   Evacuate Collection Set: 37.17ms
[532.778s][info][gc,phases   ] GC(1201)   Post Evacuate Collection Set: 0.52ms
[532.778s][info][gc,phases   ] GC(1201)   Other: 0.07ms
[532.778s][info][gc,heap     ] GC(1201) Eden regions: 125->0(146)
[532.778s][info][gc,heap     ] GC(1201) Survivor regions: 22->19(19)
[532.778s][info][gc,heap     ] GC(1201) Old regions: 129->156
[532.778s][info][gc,heap     ] GC(1201) Humongous regions: 4->3
[532.778s][info][gc,metaspace] GC(1201) Metaspace: 43103K(43456K)->43103K(43456K) NonClass: 40285K(40512K)->40285K(40512K) Class: 2818K(2944K)->2818K(2944K)
[532.778s][info][gc          ] GC(1201) Pause Young (Prepare Mixed) (G1 Evacuation Pause) 279M->176M(517M) 38.378ms
[532.778s][info][gc,cpu      ] GC(1201) User=0.08s Sys=0.00s Real=0.04s
[533.257s][info][gc,start    ] GC(1202) Pause Young (Mixed) (G1 Evacuation Pause)
[533.257s][info][gc,task     ] GC(1202) Using 2 workers of 2 for evacuation
[533.287s][info][gc,phases   ] GC(1202)   Pre Evacuate Collection Set: 0.26ms
[533.287s][info][gc,phases   ] GC(1202)   Merge Heap Roots: 0.30ms
[533.287s][info][gc,phases   ] GC(1202)   Evacuate Collection Set: 28.26ms
[533.287s][info][gc,phases   ] GC(1202)   Post Evacuate Collection Set: 0.51ms
[533.287s][info][gc,phases   ] GC(1202)   Other: 0.10ms
[533.287s][info][gc,heap     ] GC(1202) Eden regions: 146->0(167)
[533.287s][info][gc,heap     ] GC(1202) Survivor regions: 19->21(21)
[533.287s][info][gc,heap     ] GC(1202) Old regions: 156->132
[533.287s][info][gc,heap     ] GC(1202) Humongous regions: 4->4
[533.287s][info][gc,metaspace] GC(1202) Metaspace: 43103K(43456K)->43103K(43456K) NonClass: 40285K(40512K)->40285K(40512K) Class: 2818K(2944K)->2818K(2944K)
[533.287s][info][gc          ] GC(1202) Pause Young (Mixed) (G1 Evacuation Pause) 323M->155M(517M) 29.694ms
[533.287s][info][gc,cpu      ] GC(1202) User=0.06s Sys=0.00s Real=0.03s
[533.306s][info][gc,start    ] GC(1203) Pause Young (Concurrent Start) (G1 Humongous Allocation)
[533.306s][info][gc,task     ] GC(1203) Using 2 workers of 2 for evacuation
[533.322s][info][gc,phases   ] GC(1203)   Pre Evacuate Collection Set: 0.24ms
[533.322s][info][gc,phases   ] GC(1203)   Merge Heap Roots: 0.08ms
[533.322s][info][gc,phases   ] GC(1203)   Evacuate Collection Set: 15.32ms
[533.322s][info][gc,phases   ] GC(1203)   Post Evacuate Collection Set: 0.31ms
[533.322s][info][gc,phases   ] GC(1203)   Other: 0.08ms
[533.322s][info][gc,heap     ] GC(1203) Eden regions: 7->0(151)
[533.322s][info][gc,heap     ] GC(1203) Survivor regions: 21->5(24)
[533.322s][info][gc,heap     ] GC(1203) Old regions: 132->153
[533.322s][info][gc,heap     ] GC(1203) Humongous regions: 4->4
[533.322s][info][gc,metaspace] GC(1203) Metaspace: 43103K(43456K)->43103K(43456K) NonClass: 40285K(40512K)->40285K(40512K) Class: 2818K(2944K)->2818K(2944K)
[533.322s][info][gc          ] GC(1203) Pause Young (Concurrent Start) (G1 Humongous Allocation) 162M->161M(517M) 16.180ms
[533.322s][info][gc,cpu      ] GC(1203) User=0.04s Sys=0.00s Real=0.02s
[533.323s][info][gc          ] GC(1204) Concurrent Mark Cycle
[533.323s][info][gc,marking  ] GC(1204) Concurrent Scan Root Regions
[533.332s][info][gc,marking  ] GC(1204) Concurrent Scan Root Regions 9.811ms
[533.332s][info][gc,marking  ] GC(1204) Concurrent Mark
[533.332s][info][gc,marking  ] GC(1204) Concurrent Mark From Roots
[533.332s][info][gc,task     ] GC(1204) Using 1 workers of 1 for marking
[533.421s][info][gc,marking  ] GC(1204) Concurrent Mark From Roots 88.777ms
[533.421s][info][gc,marking  ] GC(1204) Concurrent Preclean
[533.421s][info][gc,marking  ] GC(1204) Concurrent Preclean 0.041ms
[533.421s][info][gc,start    ] GC(1204) Pause Remark
[533.436s][info][gc          ] GC(1204) Pause Remark 191M->171M(477M) 14.956ms
[533.436s][info][gc,cpu      ] GC(1204) User=0.03s Sys=0.00s Real=0.01s
[533.436s][info][gc,marking  ] GC(1204) Concurrent Mark 104.067ms
[533.436s][info][gc,marking  ] GC(1204) Concurrent Rebuild Remembered Sets and Scrub Regions
[533.482s][info][gc,marking  ] GC(1204) Concurrent Rebuild Remembered Sets and Scrub Regions 45.684ms
[533.482s][info][gc,start    ] GC(1204) Pause Cleanup
[533.482s][info][gc          ] GC(1204) Pause Cleanup 186M->186M(477M) 0.061ms
[533.482s][info][gc,cpu      ] GC(1204) User=0.00s Sys=0.00s Real=0.00s
[533.482s][info][gc,marking  ] GC(1204) Concurrent Clear Claimed Marks
[533.482s][info][gc,marking  ] GC(1204) Concurrent Clear Claimed Marks 0.039ms
[533.482s][info][gc,marking  ] GC(1204) Concurrent Cleanup for Next Mark
[533.484s][info][gc,marking  ] GC(1204) Concurrent Cleanup for Next Mark 1.373ms
[533.484s][info][gc          ] GC(1204) Concurrent Mark Cycle 161.316ms
[533.821s][info][gc,start    ] GC(1205) Pause Young (Prepare Mixed) (G1 Evacuation Pause)
[533.821s][info][gc,task     ] GC(1205) Using 2 workers of 2 for evacuation
[533.849s][info][gc,phases   ] GC(1205)   Pre Evacuate Collection Set: 0.24ms
[533.849s][info][gc,phases   ] GC(1205)   Merge Heap Roots: 0.09ms
[533.849s][info][gc,phases   ] GC(1205)   Evacuate Collection Set: 27.31ms
[533.849s][info][gc,phases   ] GC(1205)   Post Evacuate Collection Set: 0.45ms
[533.849s][info][gc,phases   ] GC(1205)   Other: 0.07ms
[533.849s][info][gc,heap     ] GC(1205) Eden regions: 151->0(132)
[533.849s][info][gc,heap     ] GC(1205) Survivor regions: 5->20(20)
[533.849s][info][gc,heap     ] GC(1205) Old regions: 133->159
[533.849s][info][gc,heap     ] GC(1205) Humongous regions: 6->5
[533.849s][info][gc,metaspace] GC(1205) Metaspace: 43103K(43456K)->43103K(43456K) NonClass: 40285K(40512K)->40285K(40512K) Class: 2818K(2944K)->2818K(2944K)
[533.849s][info][gc          ] GC(1205) Pause Young (Prepare Mixed) (G1 Evacuation Pause) 294M->183M(477M) 28.380ms
[533.849s][info][gc,cpu      ] GC(1205) User=0.06s Sys=0.00s Real=0.03s
[534.283s][info][gc,start    ] GC(1206) Pause Young (Mixed) (G1 Evacuation Pause)
[534.283s][info][gc,task     ] GC(1206) Using 2 workers of 2 for evacuation
[534.320s][info][gc,phases   ] GC(1206)   Pre Evacuate Collection Set: 0.24ms
[534.320s][info][gc,phases   ] GC(1206)   Merge Heap Roots: 0.37ms
[534.320s][info][gc,phases   ] GC(1206)   Evacuate Collection Set: 35.65ms
[534.320s][info][gc,phases   ] GC(1206)   Post Evacuate Collection Set: 0.46ms
[534.320s][info][gc,phases   ] GC(1206)   Other: 0.09ms
[534.320s][info][gc,heap     ] GC(1206) Eden regions: 132->0(145)
[534.320s][info][gc,heap     ] GC(1206) Survivor regions: 20->19(19)
[534.320s][info][gc,heap     ] GC(1206) Old regions: 159->151
[534.320s][info][gc,heap     ] GC(1206) Humongous regions: 7->6
[534.320s][info][gc,metaspace] GC(1206) Metaspace: 43103K(43456K)->43103K(43456K) NonClass: 40285K(40512K)->40285K(40512K) Class: 2818K(2944K)->2818K(2944K)
[534.320s][info][gc          ] GC(1206) Pause Young (Mixed) (G1 Evacuation Pause) 317M->175M(477M) 37.059ms
[534.320s][info][gc,cpu      ] GC(1206) User=0.08s Sys=0.00s Real=0.03s
[534.594s][info][gc,start    ] GC(1207) Pause Young (Concurrent Start) (G1 Humongous Allocation)
[534.594s][info][gc,task     ] GC(1207) Using 2 workers of 2 for evacuation
[534.621s][info][gc,phases   ] GC(1207)   Pre Evacuate Collection Set: 0.26ms
[534.621s][info][gc,phases   ] GC(1207)   Merge Heap Roots: 0.15ms
[534.621s][info][gc,phases   ] GC(1207)   Evacuate Collection Set: 26.07ms
[534.621s][info][gc,phases   ] GC(1207)   Post Evacuate Collection Set: 0.77ms
[534.621s][info][gc,phases   ] GC(1207)   Other: 0.13ms
[534.621s][info][gc,heap     ] GC(1207) Eden regions: 88->0(165)
[534.621s][info][gc,heap     ] GC(1207) Survivor regions: 19->21(21)
[534.621s][info][gc,heap     ] GC(1207) Old regions: 151->168
[534.622s][info][gc,heap     ] GC(1207) Humongous regions: 6->6
[534.622s][info][gc,metaspace] GC(1207) Metaspace: 43103K(43456K)->43103K(43456K) NonClass: 40285K(40512K)->40285K(40512K) Class: 2818K(2944K)->2818K(2944K)
[534.622s][info][gc          ] GC(1207) Pause Young (Concurrent Start) (G1 Humongous Allocation) 263M->194M(522M) 27.565ms
[534.622s][info][gc          ] GC(1208) Concurrent Mark Cycle
[534.622s][info][gc,marking  ] GC(1208) Concurrent Scan Root Regions
[534.624s][info][gc,cpu      ] GC(1207) User=0.05s Sys=0.00s Real=0.03s
[534.638s][info][gc,marking  ] GC(1208) Concurrent Scan Root Regions 16.435ms
[534.638s][info][gc,marking  ] GC(1208) Concurrent Mark
[534.638s][info][gc,marking  ] GC(1208) Concurrent Mark From Roots
[534.638s][info][gc,task     ] GC(1208) Using 1 workers of 1 for marking
[534.742s][info][gc,marking  ] GC(1208) Concurrent Mark From Roots 104.016ms
[534.742s][info][gc,marking  ] GC(1208) Concurrent Preclean
[534.742s][info][gc,marking  ] GC(1208) Concurrent Preclean 0.047ms
[534.742s][info][gc,start    ] GC(1208) Pause Remark
[534.757s][info][gc          ] GC(1208) Pause Remark 225M->203M(522M) 14.849ms
[534.757s][info][gc,cpu      ] GC(1208) User=0.03s Sys=0.00s Real=0.01s
[534.757s][info][gc,marking  ] GC(1208) Concurrent Mark 119.214ms
[534.757s][info][gc,marking  ] GC(1208) Concurrent Rebuild Remembered Sets and Scrub Regions
[534.814s][info][gc,marking  ] GC(1208) Concurrent Rebuild Remembered Sets and Scrub Regions 56.491ms
[534.814s][info][gc,start    ] GC(1208) Pause Cleanup
[534.814s][info][gc          ] GC(1208) Pause Cleanup 219M->219M(522M) 0.069ms
[534.814s][info][gc,cpu      ] GC(1208) User=0.00s Sys=0.00s Real=0.00s
[534.814s][info][gc,marking  ] GC(1208) Concurrent Clear Claimed Marks
[534.814s][info][gc,marking  ] GC(1208) Concurrent Clear Claimed Marks 0.049ms
[534.814s][info][gc,marking  ] GC(1208) Concurrent Cleanup for Next Mark
[534.816s][info][gc,marking  ] GC(1208) Concurrent Cleanup for Next Mark 2.002ms
[534.816s][info][gc          ] GC(1208) Concurrent Mark Cycle 194.549ms
[535.205s][info][gc,start    ] GC(1209) Pause Young (Prepare Mixed) (G1 Evacuation Pause)
[535.205s][info][gc,task     ] GC(1209) Using 2 workers of 2 for evacuation
[535.252s][info][gc,phases   ] GC(1209)   Pre Evacuate Collection Set: 0.24ms
[535.252s][info][gc,phases   ] GC(1209)   Merge Heap Roots: 0.13ms
[535.252s][info][gc,phases   ] GC(1209)   Evacuate Collection Set: 45.86ms
[535.252s][info][gc,phases   ] GC(1209)   Post Evacuate Collection Set: 0.57ms
[535.252s][info][gc,phases   ] GC(1209)   Other: 0.09ms
[535.252s][info][gc,heap     ] GC(1209) Eden regions: 165->0(154)
[535.252s][info][gc,heap     ] GC(1209) Survivor regions: 21->24(24)
[535.252s][info][gc,heap     ] GC(1209) Old regions: 148->194
[535.252s][info][gc,heap     ] GC(1209) Humongous regions: 6->4
[535.252s][info][gc,metaspace] GC(1209) Metaspace: 43103K(43456K)->43103K(43456K) NonClass: 40285K(40512K)->40285K(40512K) Class: 2818K(2944K)->2818K(2944K)
[535.252s][info][gc          ] GC(1209) Pause Young (Prepare Mixed) (G1 Evacuation Pause) 339M->221M(522M) 47.079ms
[535.252s][info][gc,cpu      ] GC(1209) User=0.09s Sys=0.00s Real=0.05s
[535.692s][info][gc,start    ] GC(1210) Pause Young (Mixed) (G1 Evacuation Pause)
[535.693s][info][gc,task     ] GC(1210) Using 2 workers of 2 for evacuation
[535.725s][info][gc,phases   ] GC(1210)   Pre Evacuate Collection Set: 0.29ms
[535.725s][info][gc,phases   ] GC(1210)   Merge Heap Roots: 0.53ms
[535.725s][info][gc,phases   ] GC(1210)   Evacuate Collection Set: 30.96ms
[535.725s][info][gc,phases   ] GC(1210)   Post Evacuate Collection Set: 0.50ms
[535.725s][info][gc,phases   ] GC(1210)   Other: 0.07ms
[535.725s][info][gc,heap     ] GC(1210) Eden regions: 154->0(181)
[535.725s][info][gc,heap     ] GC(1210) Survivor regions: 24->2(23)
[535.725s][info][gc,heap     ] GC(1210) Old regions: 194->185
[535.725s][info][gc,heap     ] GC(1210) Humongous regions: 6->6
[535.725s][info][gc,metaspace] GC(1210) Metaspace: 43103K(43456K)->43103K(43456K) NonClass: 40285K(40512K)->40285K(40512K) Class: 2818K(2944K)->2818K(2944K)
[535.725s][info][gc          ] GC(1210) Pause Young (Mixed) (G1 Evacuation Pause) 377M->192M(522M) 32.547ms
[535.725s][info][gc,cpu      ] GC(1210) User=0.07s Sys=0.00s Real=0.03s
[536.220s][info][gc,start    ] GC(1211) Pause Young (Concurrent Start) (G1 Humongous Allocation)
[536.220s][info][gc,task     ] GC(1211) Using 2 workers of 2 for evacuation
[536.222s][info][gc,phases   ] GC(1211)   Pre Evacuate Collection Set: 0.28ms
[536.222s][info][gc,phases   ] GC(1211)   Merge Heap Roots: 0.07ms
[536.222s][info][gc,phases   ] GC(1211)   Evacuate Collection Set: 1.22ms
[536.222s][info][gc,phases   ] GC(1211)   Post Evacuate Collection Set: 0.42ms
[536.222s][info][gc,phases   ] GC(1211)   Other: 0.10ms
[536.222s][info][gc,heap     ] GC(1211) Eden regions: 175->0(196)
[536.222s][info][gc,heap     ] GC(1211) Survivor regions: 2->2(23)
[536.222s][info][gc,heap     ] GC(1211) Old regions: 185->185
[536.222s][info][gc,heap     ] GC(1211) Humongous regions: 6->6
[536.222s][info][gc,metaspace] GC(1211) Metaspace: 43103K(43456K)->43103K(43456K) NonClass: 40285K(40512K)->40285K(40512K) Class: 2818K(2944K)->2818K(2944K)
[536.222s][info][gc          ] GC(1211) Pause Young (Concurrent Start) (G1 Humongous Allocation) 366M->191M(522M) 2.284ms
[536.222s][info][gc,cpu      ] GC(1211) User=0.00s Sys=0.00s Real=0.01s
[536.222s][info][gc          ] GC(1212) Concurrent Mark Cycle
[536.222s][info][gc,marking  ] GC(1212) Concurrent Scan Root Regions
[536.223s][info][gc,marking  ] GC(1212) Concurrent Scan Root Regions 0.701ms
[536.223s][info][gc,marking  ] GC(1212) Concurrent Mark
[536.223s][info][gc,marking  ] GC(1212) Concurrent Mark From Roots
[536.223s][info][gc,task     ] GC(1212) Using 1 workers of 1 for marking
[536.303s][info][gc,marking  ] GC(1212) Concurrent Mark From Roots 80.291ms
[536.303s][info][gc,marking  ] GC(1212) Concurrent Preclean
[536.303s][info][gc,marking  ] GC(1212) Concurrent Preclean 0.036ms
[536.303s][info][gc,start    ] GC(1212) Pause Remark
[536.318s][info][gc          ] GC(1212) Pause Remark 219M->118M(310M) 15.090ms
[536.319s][info][gc,cpu      ] GC(1212) User=0.03s Sys=0.00s Real=0.01s
[536.319s][info][gc,marking  ] GC(1212) Concurrent Mark 95.752ms
[536.319s][info][gc,marking  ] GC(1212) Concurrent Rebuild Remembered Sets and Scrub Regions
[536.349s][info][gc,marking  ] GC(1212) Concurrent Rebuild Remembered Sets and Scrub Regions 30.806ms
[536.350s][info][gc,start    ] GC(1212) Pause Cleanup
[536.350s][info][gc          ] GC(1212) Pause Cleanup 129M->129M(310M) 0.046ms
[536.350s][info][gc,cpu      ] GC(1212) User=0.00s Sys=0.00s Real=0.00s
[536.350s][info][gc,marking  ] GC(1212) Concurrent Clear Claimed Marks
[536.350s][info][gc,marking  ] GC(1212) Concurrent Clear Claimed Marks 0.035ms
[536.350s][info][gc,marking  ] GC(1212) Concurrent Cleanup for Next Mark
[536.351s][info][gc,marking  ] GC(1212) Concurrent Cleanup for Next Mark 0.875ms
[536.351s][info][gc          ] GC(1212) Concurrent Mark Cycle 128.518ms
[536.744s][info][gc,start    ] GC(1213) Pause Young (Prepare Mixed) (G1 Evacuation Pause)
[536.744s][info][gc,task     ] GC(1213) Using 2 workers of 2 for evacuation
[536.749s][info][gc,phases   ] GC(1213)   Pre Evacuate Collection Set: 0.19ms
[536.749s][info][gc,phases   ] GC(1213)   Merge Heap Roots: 0.08ms
[536.749s][info][gc,phases   ] GC(1213)   Evacuate Collection Set: 3.58ms
[536.749s][info][gc,phases   ] GC(1213)   Post Evacuate Collection Set: 0.46ms
[536.749s][info][gc,phases   ] GC(1213)   Other: 0.07ms
[536.749s][info][gc,heap     ] GC(1213) Eden regions: 184->0(146)
[536.749s][info][gc,heap     ] GC(1213) Survivor regions: 2->6(24)
[536.749s][info][gc,heap     ] GC(1213) Old regions: 87->87
[536.749s][info][gc,heap     ] GC(1213) Humongous regions: 4->1
[536.749s][info][gc,metaspace] GC(1213) Metaspace: 43103K(43456K)->43103K(43456K) NonClass: 40285K(40512K)->40285K(40512K) Class: 2818K(2944K)->2818K(2944K)
[536.749s][info][gc          ] GC(1213) Pause Young (Prepare Mixed) (G1 Evacuation Pause) 275M->92M(310M) 4.544ms
[536.749s][info][gc,cpu      ] GC(1213) User=0.01s Sys=0.00s Real=0.00s
[536.978s][info][gc,start    ] GC(1214) Pause Young (Mixed) (G1 Evacuation Pause)
[536.978s][info][gc,task     ] GC(1214) Using 2 workers of 2 for evacuation
[536.981s][info][gc,phases   ] GC(1214)   Pre Evacuate Collection Set: 0.18ms
[536.981s][info][gc,phases   ] GC(1214)   Merge Heap Roots: 0.06ms
[536.981s][info][gc,phases   ] GC(1214)   Evacuate Collection Set: 2.15ms
[536.981s][info][gc,phases   ] GC(1214)   Post Evacuate Collection Set: 0.38ms
[536.981s][info][gc,phases   ] GC(1214)   Other: 0.07ms
[536.981s][info][gc,heap     ] GC(1214) Eden regions: 146->0(161)
[536.981s][info][gc,heap     ] GC(1214) Survivor regions: 6->3(19)
[536.981s][info][gc,heap     ] GC(1214) Old regions: 87->79
[536.981s][info][gc,heap     ] GC(1214) Humongous regions: 1->1
[536.981s][info][gc,metaspace] GC(1214) Metaspace: 43103K(43456K)->43103K(43456K) NonClass: 40285K(40512K)->40285K(40512K) Class: 2818K(2944K)->2818K(2944K)
[536.981s][info][gc          ] GC(1214) Pause Young (Mixed) (G1 Evacuation Pause) 238M->81M(310M) 3.036ms
[536.981s][info][gc,cpu      ] GC(1214) User=0.00s Sys=0.01s Real=0.01s
[537.229s][info][gc,start    ] GC(1215) Pause Young (Concurrent Start) (G1 Evacuation Pause)
[537.229s][info][gc,task     ] GC(1215) Using 2 workers of 2 for evacuation
[537.232s][info][gc,phases   ] GC(1215)   Pre Evacuate Collection Set: 0.17ms
[537.232s][info][gc,phases   ] GC(1215)   Merge Heap Roots: 0.05ms
[537.232s][info][gc,phases   ] GC(1215)   Evacuate Collection Set: 2.94ms
[537.232s][info][gc,phases   ] GC(1215)   Post Evacuate Collection Set: 0.43ms
[537.232s][info][gc,phases   ] GC(1215)   Other: 0.10ms
[537.232s][info][gc,heap     ] GC(1215) Eden regions: 161->0(167)
[537.232s][info][gc,heap     ] GC(1215) Survivor regions: 3->5(21)
[537.232s][info][gc,heap     ] GC(1215) Old regions: 79->79
[537.232s][info][gc,heap     ] GC(1215) Humongous regions: 1->1
[537.232s][info][gc,metaspace] GC(1215) Metaspace: 43103K(43456K)->43103K(43456K) NonClass: 40285K(40512K)->40285K(40512K) Class: 2818K(2944K)->2818K(2944K)
[537.233s][info][gc          ] GC(1215) Pause Young (Concurrent Start) (G1 Evacuation Pause) 242M->83M(310M) 3.887ms
[537.233s][info][gc          ] GC(1216) Concurrent Mark Cycle
[537.233s][info][gc,marking  ] GC(1216) Concurrent Scan Root Regions
[537.233s][info][gc,cpu      ] GC(1215) User=0.01s Sys=0.00s Real=0.01s
[537.234s][info][gc,marking  ] GC(1216) Concurrent Scan Root Regions 1.698ms
[537.234s][info][gc,marking  ] GC(1216) Concurrent Mark
[537.234s][info][gc,marking  ] GC(1216) Concurrent Mark From Roots
[537.234s][info][gc,task     ] GC(1216) Using 1 workers of 1 for marking
[537.313s][info][gc,marking  ] GC(1216) Concurrent Mark From Roots 79.004ms
[537.313s][info][gc,marking  ] GC(1216) Concurrent Preclean
[537.313s][info][gc,marking  ] GC(1216) Concurrent Preclean 0.034ms
[537.314s][info][gc,start    ] GC(1216) Pause Remark
[537.328s][info][gc          ] GC(1216) Pause Remark 133M->130M(274M) 14.984ms
[537.329s][info][gc,cpu      ] GC(1216) User=0.03s Sys=0.00s Real=0.01s
[537.329s][info][gc,marking  ] GC(1216) Concurrent Mark 94.292ms
[537.329s][info][gc,marking  ] GC(1216) Concurrent Rebuild Remembered Sets and Scrub Regions
[537.359s][info][gc,marking  ] GC(1216) Concurrent Rebuild Remembered Sets and Scrub Regions 30.754ms
[537.359s][info][gc,start    ] GC(1216) Pause Cleanup
[537.359s][info][gc          ] GC(1216) Pause Cleanup 150M->150M(274M) 0.045ms
[537.359s][info][gc,cpu      ] GC(1216) User=0.00s Sys=0.00s Real=0.00s
[537.359s][info][gc,marking  ] GC(1216) Concurrent Clear Claimed Marks
[537.360s][info][gc,marking  ] GC(1216) Concurrent Clear Claimed Marks 0.035ms
[537.360s][info][gc,marking  ] GC(1216) Concurrent Cleanup for Next Mark
[537.360s][info][gc,marking  ] GC(1216) Concurrent Cleanup for Next Mark 0.776ms
[537.360s][info][gc          ] GC(1216) Concurrent Mark Cycle 127.783ms
[537.559s][info][gc,start    ] GC(1217) Pause Young (Prepare Mixed) (G1 Evacuation Pause)
[537.559s][info][gc,task     ] GC(1217) Using 2 workers of 2 for evacuation
[537.565s][info][gc,phases   ] GC(1217)   Pre Evacuate Collection Set: 0.17ms
[537.565s][info][gc,phases   ] GC(1217)   Merge Heap Roots: 0.07ms
[537.565s][info][gc,phases   ] GC(1217)   Evacuate Collection Set: 5.06ms
[537.565s][info][gc,phases   ] GC(1217)   Post Evacuate Collection Set: 0.43ms
[537.565s][info][gc,phases   ] GC(1217)   Other: 0.06ms
[537.565s][info][gc,heap     ] GC(1217) Eden regions: 159->0(150)
[537.565s][info][gc,heap     ] GC(1217) Survivor regions: 5->6(21)
[537.565s][info][gc,heap     ] GC(1217) Old regions: 76->76
[537.565s][info][gc,heap     ] GC(1217) Humongous regions: 3->1
[537.565s][info][gc,metaspace] GC(1217) Metaspace: 43103K(43456K)->43103K(43456K) NonClass: 40285K(40512K)->40285K(40512K) Class: 2818K(2944K)->2818K(2944K)
[537.565s][info][gc          ] GC(1217) Pause Young (Prepare Mixed) (G1 Evacuation Pause) 241M->81M(274M) 5.957ms
[537.565s][info][gc,cpu      ] GC(1217) User=0.02s Sys=0.00s Real=0.01s
[537.934s][info][gc,start    ] GC(1218) Pause Young (Mixed) (G1 Evacuation Pause)
[537.934s][info][gc,task     ] GC(1218) Using 2 workers of 2 for evacuation
[537.951s][info][gc,phases   ] GC(1218)   Pre Evacuate Collection Set: 0.23ms
[537.952s][info][gc,phases   ] GC(1218)   Merge Heap Roots: 0.13ms
[537.952s][info][gc,phases   ] GC(1218)   Evacuate Collection Set: 16.50ms
[537.952s][info][gc,phases   ] GC(1218)   Post Evacuate Collection Set: 0.90ms
[537.952s][info][gc,phases   ] GC(1218)   Other: 0.09ms
[537.952s][info][gc,heap     ] GC(1218) Eden regions: 41->0(214)
[537.952s][info][gc,heap     ] GC(1218) Survivor regions: 6->9(20)
[537.952s][info][gc,heap     ] GC(1218) Old regions: 76->60
[537.952s][info][gc,heap     ] GC(1218) Humongous regions: 237->3
[537.952s][info][gc,metaspace] GC(1218) Metaspace: 43103K(43456K)->43103K(43456K) NonClass: 40285K(40512K)->40285K(40512K) Class: 2818K(2944K)->2818K(2944K)
[537.952s][info][gc          ] GC(1218) Pause Young (Mixed) (G1 Evacuation Pause) 358M->70M(372M) 18.057ms
[537.952s][info][gc,cpu      ] GC(1218) User=0.02s Sys=0.01s Real=0.02s
[537.954s][info][gc,start    ] GC(1219) Pause Young (Concurrent Start) (G1 Humongous Allocation)
[537.954s][info][gc,task     ] GC(1219) Using 2 workers of 2 for evacuation
[537.960s][info][gc,phases   ] GC(1219)   Pre Evacuate Collection Set: 0.17ms
[537.960s][info][gc,phases   ] GC(1219)   Merge Heap Roots: 0.05ms
[537.960s][info][gc,phases   ] GC(1219)   Evacuate Collection Set: 5.72ms
[537.960s][info][gc,phases   ] GC(1219)   Post Evacuate Collection Set: 0.51ms
[537.960s][info][gc,phases   ] GC(1219)   Other: 0.09ms
[537.960s][info][gc,heap     ] GC(1219) Eden regions: 1->0(214)
[537.960s][info][gc,heap     ] GC(1219) Survivor regions: 9->9(28)
[537.960s][info][gc,heap     ] GC(1219) Old regions: 60->60
[537.960s][info][gc,heap     ] GC(1219) Humongous regions: 3->1
[537.960s][info][gc,metaspace] GC(1219) Metaspace: 43103K(43456K)->43103K(43456K) NonClass: 40285K(40512K)->40285K(40512K) Class: 2818K(2944K)->2818K(2944K)
[537.960s][info][gc          ] GC(1219) Pause Young (Concurrent Start) (G1 Humongous Allocation) 71M->68M(372M) 6.676ms
[537.960s][info][gc          ] GC(1220) Concurrent Mark Cycle
[537.961s][info][gc,marking  ] GC(1220) Concurrent Scan Root Regions
[537.961s][info][gc,cpu      ] GC(1219) User=0.01s Sys=0.00s Real=0.01s
[537.965s][info][gc,marking  ] GC(1220) Concurrent Scan Root Regions 4.172ms
[537.965s][info][gc,marking  ] GC(1220) Concurrent Mark
[537.965s][info][gc,marking  ] GC(1220) Concurrent Mark From Roots
[537.965s][info][gc,task     ] GC(1220) Using 1 workers of 1 for marking
[538.037s][info][gc,marking  ] GC(1220) Concurrent Mark From Roots 71.859ms
[538.037s][info][gc,marking  ] GC(1220) Concurrent Preclean
[538.037s][info][gc,marking  ] GC(1220) Concurrent Preclean 0.038ms
[538.037s][info][gc,start    ] GC(1220) Pause Remark
[538.052s][info][gc          ] GC(1220) Pause Remark 133M->133M(372M) 15.269ms
[538.052s][info][gc,cpu      ] GC(1220) User=0.03s Sys=0.00s Real=0.02s
[538.054s][info][gc,marking  ] GC(1220) Concurrent Mark 89.373ms
[538.054s][info][gc,marking  ] GC(1220) Concurrent Rebuild Remembered Sets and Scrub Regions
[538.087s][info][gc,marking  ] GC(1220) Concurrent Rebuild Remembered Sets and Scrub Regions 32.446ms
[538.087s][info][gc,start    ] GC(1220) Pause Cleanup
[538.087s][info][gc          ] GC(1220) Pause Cleanup 157M->157M(372M) 0.063ms
[538.087s][info][gc,cpu      ] GC(1220) User=0.00s Sys=0.00s Real=0.00s
[538.087s][info][gc,marking  ] GC(1220) Concurrent Clear Claimed Marks
[538.087s][info][gc,marking  ] GC(1220) Concurrent Clear Claimed Marks 0.044ms
[538.087s][info][gc,marking  ] GC(1220) Concurrent Cleanup for Next Mark
[538.089s][info][gc,marking  ] GC(1220) Concurrent Cleanup for Next Mark 2.033ms
[538.089s][info][gc          ] GC(1220) Concurrent Mark Cycle 128.446ms
[538.452s][info][gc,start    ] GC(1221) Pause Young (Prepare Mixed) (G1 Evacuation Pause)
[538.452s][info][gc,task     ] GC(1221) Using 2 workers of 2 for evacuation
[538.468s][info][gc,phases   ] GC(1221)   Pre Evacuate Collection Set: 0.25ms
[538.468s][info][gc,phases   ] GC(1221)   Merge Heap Roots: 0.06ms
[538.468s][info][gc,phases   ] GC(1221)   Evacuate Collection Set: 14.90ms
[538.468s][info][gc,phases   ] GC(1221)   Post Evacuate Collection Set: 0.75ms
[538.468s][info][gc,phases   ] GC(1221)   Other: 0.09ms
[538.468s][info][gc,heap     ] GC(1221) Eden regions: 52->0(258)
[538.468s][info][gc,heap     ] GC(1221) Survivor regions: 9->13(31)
[538.468s][info][gc,heap     ] GC(1221) Old regions: 60->60
[538.468s][info][gc,heap     ] GC(1221) Humongous regions: 319->3
[538.468s][info][gc,metaspace] GC(1221) Metaspace: 43103K(43456K)->43103K(43456K) NonClass: 40285K(40512K)->40285K(40512K) Class: 2818K(2944K)->2818K(2944K)
[538.468s][info][gc          ] GC(1221) Pause Young (Prepare Mixed) (G1 Evacuation Pause) 438M->75M(453M) 16.239ms
[538.468s][info][gc,cpu      ] GC(1221) User=0.02s Sys=0.00s Real=0.01s
[539.031s][info][gc,start    ] GC(1222) Pause Young (Mixed) (G1 Evacuation Pause)
[539.031s][info][gc,task     ] GC(1222) Using 2 workers of 2 for evacuation
[539.066s][info][gc,phases   ] GC(1222)   Pre Evacuate Collection Set: 0.28ms
[539.066s][info][gc,phases   ] GC(1222)   Merge Heap Roots: 0.14ms
[539.066s][info][gc,phases   ] GC(1222)   Evacuate Collection Set: 33.84ms
[539.066s][info][gc,phases   ] GC(1222)   Post Evacuate Collection Set: 0.86ms
[539.066s][info][gc,phases   ] GC(1222)   Other: 0.07ms
[539.066s][info][gc,heap     ] GC(1222) Eden regions: 69->0(301)
[539.066s][info][gc,heap     ] GC(1222) Survivor regions: 13->22(36)
[539.066s][info][gc,heap     ] GC(1222) Old regions: 60->56
[539.066s][info][gc,heap     ] GC(1222) Humongous regions: 373->3
[539.066s][info][gc,metaspace] GC(1222) Metaspace: 43104K(43456K)->43104K(43456K) NonClass: 40286K(40512K)->40286K(40512K) Class: 2818K(2944K)->2818K(2944K)
[539.066s][info][gc          ] GC(1222) Pause Young (Mixed) (G1 Evacuation Pause) 514M->80M(539M) 35.438ms
[539.066s][info][gc,cpu      ] GC(1222) User=0.05s Sys=0.02s Real=0.04s
[539.068s][info][gc,start    ] GC(1223) Pause Young (Concurrent Start) (G1 Humongous Allocation)
[539.068s][info][gc,task     ] GC(1223) Using 2 workers of 2 for evacuation
[539.087s][info][gc,phases   ] GC(1223)   Pre Evacuate Collection Set: 0.24ms
[539.087s][info][gc,phases   ] GC(1223)   Merge Heap Roots: 0.04ms
[539.087s][info][gc,phases   ] GC(1223)   Evacuate Collection Set: 17.72ms
[539.087s][info][gc,phases   ] GC(1223)   Post Evacuate Collection Set: 0.56ms
[539.087s][info][gc,phases   ] GC(1223)   Other: 0.09ms
[539.087s][info][gc,heap     ] GC(1223) Eden regions: 1->0(302)
[539.087s][info][gc,heap     ] GC(1223) Survivor regions: 22->21(41)
[539.087s][info][gc,heap     ] GC(1223) Old regions: 56->58
[539.087s][info][gc,heap     ] GC(1223) Humongous regions: 3->1
[539.087s][info][gc,metaspace] GC(1223) Metaspace: 43104K(43456K)->43104K(43456K) NonClass: 40286K(40512K)->40286K(40512K) Class: 2818K(2944K)->2818K(2944K)
[539.087s][info][gc          ] GC(1223) Pause Young (Concurrent Start) (G1 Humongous Allocation) 81M->79M(539M) 18.811ms
[539.087s][info][gc          ] GC(1224) Concurrent Mark Cycle
[539.087s][info][gc,marking  ] GC(1224) Concurrent Scan Root Regions
[539.089s][info][gc,cpu      ] GC(1223) User=0.04s Sys=0.00s Real=0.02s
[539.100s][info][gc,marking  ] GC(1224) Concurrent Scan Root Regions 12.446ms
[539.100s][info][gc,marking  ] GC(1224) Concurrent Mark
[539.100s][info][gc,marking  ] GC(1224) Concurrent Mark From Roots
[539.100s][info][gc,task     ] GC(1224) Using 1 workers of 1 for marking
[539.168s][info][gc,marking  ] GC(1224) Concurrent Mark From Roots 68.488ms
[539.168s][info][gc,marking  ] GC(1224) Concurrent Preclean
[539.168s][info][gc,marking  ] GC(1224) Concurrent Preclean 0.038ms
[539.168s][info][gc,start    ] GC(1224) Pause Remark
[539.184s][info][gc          ] GC(1224) Pause Remark 135M->135M(420M) 15.235ms
[539.184s][info][gc,cpu      ] GC(1224) User=0.03s Sys=0.00s Real=0.02s
[539.184s][info][gc,marking  ] GC(1224) Concurrent Mark 84.053ms
[539.184s][info][gc,marking  ] GC(1224) Concurrent Rebuild Remembered Sets and Scrub Regions
[539.214s][info][gc,marking  ] GC(1224) Concurrent Rebuild Remembered Sets and Scrub Regions 30.446ms
[539.214s][info][gc,start    ] GC(1224) Pause Cleanup
[539.214s][info][gc          ] GC(1224) Pause Cleanup 157M->157M(420M) 0.064ms
[539.214s][info][gc,cpu      ] GC(1224) User=0.00s Sys=0.00s Real=0.00s
[539.215s][info][gc,marking  ] GC(1224) Concurrent Clear Claimed Marks
[539.215s][info][gc,marking  ] GC(1224) Concurrent Clear Claimed Marks 0.041ms
[539.215s][info][gc,marking  ] GC(1224) Concurrent Cleanup for Next Mark
[539.216s][info][gc,marking  ] GC(1224) Concurrent Cleanup for Next Mark 1.802ms
[539.216s][info][gc          ] GC(1224) Concurrent Mark Cycle 129.173ms
[539.640s][info][gc,start    ] GC(1225) Pause Young (Prepare Mixed) (G1 Evacuation Pause)
[539.640s][info][gc,task     ] GC(1225) Using 2 workers of 2 for evacuation
[539.678s][info][gc,phases   ] GC(1225)   Pre Evacuate Collection Set: 0.26ms
[539.678s][info][gc,phases   ] GC(1225)   Merge Heap Roots: 0.10ms
[539.678s][info][gc,phases   ] GC(1225)   Evacuate Collection Set: 36.95ms
[539.678s][info][gc,phases   ] GC(1225)   Post Evacuate Collection Set: 0.71ms
[539.678s][info][gc,phases   ] GC(1225)   Other: 0.07ms
[539.678s][info][gc,heap     ] GC(1225) Eden regions: 64->0(278)
[539.678s][info][gc,heap     ] GC(1225) Survivor regions: 21->26(36)
[539.678s][info][gc,heap     ] GC(1225) Old regions: 58->62
[539.678s][info][gc,heap     ] GC(1225) Humongous regions: 335->1
[539.678s][info][gc,metaspace] GC(1225) Metaspace: 43104K(43456K)->43104K(43456K) NonClass: 40286K(40512K)->40286K(40512K) Class: 2818K(2944K)->2818K(2944K)
[539.678s][info][gc          ] GC(1225) Pause Young (Prepare Mixed) (G1 Evacuation Pause) 477M->87M(508M) 38.314ms
[539.678s][info][gc,cpu      ] GC(1225) User=0.05s Sys=0.02s Real=0.04s
[540.473s][info][gc,start    ] GC(1226) Pause Young (Mixed) (G1 Evacuation Pause)
[540.473s][info][gc,task     ] GC(1226) Using 2 workers of 2 for evacuation
[540.526s][info][gc,phases   ] GC(1226)   Pre Evacuate Collection Set: 0.36ms
[540.526s][info][gc,phases   ] GC(1226)   Merge Heap Roots: 0.21ms
[540.526s][info][gc,phases   ] GC(1226)   Evacuate Collection Set: 51.45ms
[540.526s][info][gc,phases   ] GC(1226)   Post Evacuate Collection Set: 1.11ms
[540.526s][info][gc,phases   ] GC(1226)   Other: 0.09ms
[540.527s][info][gc,heap     ] GC(1226) Eden regions: 278->0(286)
[540.527s][info][gc,heap     ] GC(1226) Survivor regions: 26->34(38)
[540.527s][info][gc,heap     ] GC(1226) Old regions: 62->66
[540.527s][info][gc,heap     ] GC(1226) Humongous regions: 125->1
[540.527s][info][gc,metaspace] GC(1226) Metaspace: 43104K(43456K)->43104K(43456K) NonClass: 40286K(40512K)->40286K(40512K) Class: 2818K(2944K)->2818K(2944K)
[540.527s][info][gc          ] GC(1226) Pause Young (Mixed) (G1 Evacuation Pause) 489M->99M(534M) 53.444ms
[540.527s][info][gc,cpu      ] GC(1226) User=0.09s Sys=0.01s Real=0.05s
[541.111s][info][gc,start    ] GC(1227) Pause Young (Concurrent Start) (G1 Evacuation Pause)
[541.111s][info][gc,task     ] GC(1227) Using 2 workers of 2 for evacuation
[541.143s][info][gc,phases   ] GC(1227)   Pre Evacuate Collection Set: 0.26ms
[541.143s][info][gc,phases   ] GC(1227)   Merge Heap Roots: 0.11ms
[541.143s][info][gc,phases   ] GC(1227)   Evacuate Collection Set: 30.18ms
[541.143s][info][gc,phases   ] GC(1227)   Post Evacuate Collection Set: 0.68ms
[541.143s][info][gc,phases   ] GC(1227)   Other: 0.09ms
[541.143s][info][gc,heap     ] GC(1227) Eden regions: 286->0(302)
[541.143s][info][gc,heap     ] GC(1227) Survivor regions: 34->18(40)
[541.143s][info][gc,heap     ] GC(1227) Old regions: 66->84
[541.143s][info][gc,heap     ] GC(1227) Humongous regions: 1->1
[541.143s][info][gc,metaspace] GC(1227) Metaspace: 43106K(43456K)->43106K(43456K) NonClass: 40288K(40512K)->40288K(40512K) Class: 2818K(2944K)->2818K(2944K)
[541.143s][info][gc          ] GC(1227) Pause Young (Concurrent Start) (G1 Evacuation Pause) 385M->102M(534M) 31.557ms
[541.143s][info][gc          ] GC(1228) Concurrent Mark Cycle
[541.143s][info][gc,marking  ] GC(1228) Concurrent Scan Root Regions
[541.145s][info][gc,cpu      ] GC(1227) User=0.06s Sys=0.00s Real=0.03s
[541.167s][info][gc,marking  ] GC(1228) Concurrent Scan Root Regions 24.549ms
[541.167s][info][gc,marking  ] GC(1228) Concurrent Mark
[541.167s][info][gc,marking  ] GC(1228) Concurrent Mark From Roots
[541.167s][info][gc,task     ] GC(1228) Using 1 workers of 1 for marking
[541.253s][info][gc,marking  ] GC(1228) Concurrent Mark From Roots 86.006ms
[541.253s][info][gc,marking  ] GC(1228) Concurrent Preclean
[541.253s][info][gc,marking  ] GC(1228) Concurrent Preclean 0.120ms
[541.254s][info][gc,start    ] GC(1228) Pause Remark
[541.269s][info][gc          ] GC(1228) Pause Remark 146M->142M(330M) 15.337ms
[541.269s][info][gc,cpu      ] GC(1228) User=0.03s Sys=0.00s Real=0.01s
[541.269s][info][gc,marking  ] GC(1228) Concurrent Mark 102.076ms
[541.269s][info][gc,marking  ] GC(1228) Concurrent Rebuild Remembered Sets and Scrub Regions
[541.314s][info][gc,marking  ] GC(1228) Concurrent Rebuild Remembered Sets and Scrub Regions 44.919ms
[541.315s][info][gc,start    ] GC(1228) Pause Cleanup
[541.315s][info][gc          ] GC(1228) Pause Cleanup 158M->158M(330M) 0.087ms
[541.315s][info][gc,cpu      ] GC(1228) User=0.00s Sys=0.00s Real=0.00s
[541.315s][info][gc,marking  ] GC(1228) Concurrent Clear Claimed Marks
[541.315s][info][gc,marking  ] GC(1228) Concurrent Clear Claimed Marks 0.046ms
[541.315s][info][gc,marking  ] GC(1228) Concurrent Cleanup for Next Mark
[541.316s][info][gc,marking  ] GC(1228) Concurrent Cleanup for Next Mark 1.107ms
[541.316s][info][gc          ] GC(1228) Concurrent Mark Cycle 173.147ms
[541.570s][info][gc,start    ] GC(1229) Pause Young (Prepare Mixed) (G1 Evacuation Pause)
[541.570s][info][gc,task     ] GC(1229) Using 2 workers of 2 for evacuation
[541.584s][info][gc,phases   ] GC(1229)   Pre Evacuate Collection Set: 0.18ms
[541.584s][info][gc,phases   ] GC(1229)   Merge Heap Roots: 0.12ms
[541.584s][info][gc,phases   ] GC(1229)   Evacuate Collection Set: 13.00ms
[541.584s][info][gc,phases   ] GC(1229)   Post Evacuate Collection Set: 0.43ms
[541.584s][info][gc,phases   ] GC(1229)   Other: 0.08ms
[541.584s][info][gc,heap     ] GC(1229) Eden regions: 180->0(193)
[541.584s][info][gc,heap     ] GC(1229) Survivor regions: 18->5(25)
[541.584s][info][gc,heap     ] GC(1229) Old regions: 80->94
[541.584s][info][gc,heap     ] GC(1229) Humongous regions: 1->1
[541.584s][info][gc,metaspace] GC(1229) Metaspace: 43136K(43520K)->43136K(43520K) NonClass: 40317K(40576K)->40317K(40576K) Class: 2818K(2944K)->2818K(2944K)
[541.584s][info][gc          ] GC(1229) Pause Young (Prepare Mixed) (G1 Evacuation Pause) 278M->98M(330M) 14.006ms
[541.584s][info][gc,cpu      ] GC(1229) User=0.03s Sys=0.00s Real=0.02s
[541.989s][info][gc,start    ] GC(1230) Pause Young (Mixed) (G1 Evacuation Pause)
[541.989s][info][gc,task     ] GC(1230) Using 2 workers of 2 for evacuation
[541.996s][info][gc,phases   ] GC(1230)   Pre Evacuate Collection Set: 0.18ms
[541.996s][info][gc,phases   ] GC(1230)   Merge Heap Roots: 0.13ms
[541.996s][info][gc,phases   ] GC(1230)   Evacuate Collection Set: 6.40ms
[541.996s][info][gc,phases   ] GC(1230)   Post Evacuate Collection Set: 0.43ms
[541.996s][info][gc,phases   ] GC(1230)   Other: 0.07ms
[541.996s][info][gc,heap     ] GC(1230) Eden regions: 193->0(194)
[541.996s][info][gc,heap     ] GC(1230) Survivor regions: 5->4(25)
[541.996s][info][gc,heap     ] GC(1230) Old regions: 94->91
[541.996s][info][gc,heap     ] GC(1230) Humongous regions: 1->1
[541.996s][info][gc,metaspace] GC(1230) Metaspace: 43136K(43520K)->43136K(43520K) NonClass: 40317K(40576K)->40317K(40576K) Class: 2818K(2944K)->2818K(2944K)
[541.996s][info][gc          ] GC(1230) Pause Young (Mixed) (G1 Evacuation Pause) 291M->95M(330M) 7.424ms
[541.996s][info][gc,cpu      ] GC(1230) User=0.02s Sys=0.00s Real=0.01s
[542.453s][info][gc,start    ] GC(1231) Pause Young (Concurrent Start) (G1 Evacuation Pause)
[542.454s][info][gc,task     ] GC(1231) Using 2 workers of 2 for evacuation
[542.458s][info][gc,phases   ] GC(1231)   Pre Evacuate Collection Set: 0.19ms
[542.458s][info][gc,phases   ] GC(1231)   Merge Heap Roots: 0.07ms
[542.458s][info][gc,phases   ] GC(1231)   Evacuate Collection Set: 3.63ms
[542.458s][info][gc,phases   ] GC(1231)   Post Evacuate Collection Set: 0.44ms
[542.458s][info][gc,phases   ] GC(1231)   Other: 0.10ms
[542.458s][info][gc,heap     ] GC(1231) Eden regions: 194->0(192)
[542.458s][info][gc,heap     ] GC(1231) Survivor regions: 4->6(25)
[542.458s][info][gc,heap     ] GC(1231) Old regions: 91->91
[542.458s][info][gc,heap     ] GC(1231) Humongous regions: 1->1
[542.458s][info][gc,metaspace] GC(1231) Metaspace: 43156K(43520K)->43156K(43520K) NonClass: 40337K(40576K)->40337K(40576K) Class: 2818K(2944K)->2818K(2944K)
[542.458s][info][gc          ] GC(1231) Pause Young (Concurrent Start) (G1 Evacuation Pause) 289M->97M(330M) 4.664ms
[542.458s][info][gc,cpu      ] GC(1231) User=0.00s Sys=0.00s Real=0.00s
[542.458s][info][gc          ] GC(1232) Concurrent Mark Cycle
[542.458s][info][gc,marking  ] GC(1232) Concurrent Scan Root Regions
[542.464s][info][gc,marking  ] GC(1232) Concurrent Scan Root Regions 5.978ms
[542.464s][info][gc,marking  ] GC(1232) Concurrent Mark
[542.464s][info][gc,marking  ] GC(1232) Concurrent Mark From Roots
[542.464s][info][gc,task     ] GC(1232) Using 1 workers of 1 for marking
[542.552s][info][gc,marking  ] GC(1232) Concurrent Mark From Roots 88.112ms
[542.552s][info][gc,marking  ] GC(1232) Concurrent Preclean
[542.553s][info][gc,marking  ] GC(1232) Concurrent Preclean 0.119ms
[542.553s][info][gc,start    ] GC(1232) Pause Remark
[542.568s][info][gc          ] GC(1232) Pause Remark 128M->124M(314M) 15.316ms
[542.568s][info][gc,cpu      ] GC(1232) User=0.03s Sys=0.00s Real=0.01s
[542.568s][info][gc,marking  ] GC(1232) Concurrent Mark 103.877ms
[542.568s][info][gc,marking  ] GC(1232) Concurrent Rebuild Remembered Sets and Scrub Regions
[542.598s][info][gc,marking  ] GC(1232) Concurrent Rebuild Remembered Sets and Scrub Regions 29.831ms
[542.598s][info][gc,start    ] GC(1232) Pause Cleanup
[542.598s][info][gc          ] GC(1232) Pause Cleanup 137M->137M(314M) 0.068ms
[542.598s][info][gc,cpu      ] GC(1232) User=0.00s Sys=0.00s Real=0.00s
[542.598s][info][gc,marking  ] GC(1232) Concurrent Clear Claimed Marks
[542.598s][info][gc,marking  ] GC(1232) Concurrent Clear Claimed Marks 0.037ms
[542.598s][info][gc,marking  ] GC(1232) Concurrent Cleanup for Next Mark
[542.599s][info][gc,marking  ] GC(1232) Concurrent Cleanup for Next Mark 0.896ms
[542.599s][info][gc          ] GC(1232) Concurrent Mark Cycle 140.929ms
[542.901s][info][gc,start    ] GC(1233) Pause Young (Prepare Mixed) (G1 Evacuation Pause)
[542.901s][info][gc,task     ] GC(1233) Using 2 workers of 2 for evacuation
[542.907s][info][gc,phases   ] GC(1233)   Pre Evacuate Collection Set: 0.18ms
[542.907s][info][gc,phases   ] GC(1233)   Merge Heap Roots: 0.07ms
[542.907s][info][gc,phases   ] GC(1233)   Evacuate Collection Set: 4.97ms
[542.907s][info][gc,phases   ] GC(1233)   Post Evacuate Collection Set: 0.43ms
[542.907s][info][gc,phases   ] GC(1233)   Other: 0.08ms
[542.907s][info][gc,heap     ] GC(1233) Eden regions: 182->0(179)
[542.907s][info][gc,heap     ] GC(1233) Survivor regions: 6->9(24)
[542.907s][info][gc,heap     ] GC(1233) Old regions: 87->87
[542.907s][info][gc,heap     ] GC(1233) Humongous regions: 1->1
[542.907s][info][gc,metaspace] GC(1233) Metaspace: 43156K(43520K)->43156K(43520K) NonClass: 40337K(40576K)->40337K(40576K) Class: 2818K(2944K)->2818K(2944K)
[542.907s][info][gc          ] GC(1233) Pause Young (Prepare Mixed) (G1 Evacuation Pause) 275M->96M(314M) 5.960ms
[542.907s][info][gc,cpu      ] GC(1233) User=0.01s Sys=0.00s Real=0.01s
[543.821s][info][gc,start    ] GC(1234) Pause Young (Mixed) (G1 Evacuation Pause)
[543.821s][info][gc,task     ] GC(1234) Using 2 workers of 2 for evacuation
[543.827s][info][gc,phases   ] GC(1234)   Pre Evacuate Collection Set: 0.22ms
[543.827s][info][gc,phases   ] GC(1234)   Merge Heap Roots: 0.12ms
[543.827s][info][gc,phases   ] GC(1234)   Evacuate Collection Set: 5.13ms
[543.827s][info][gc,phases   ] GC(1234)   Post Evacuate Collection Set: 0.51ms
[543.827s][info][gc,phases   ] GC(1234)   Other: 0.07ms
[543.827s][info][gc,heap     ] GC(1234) Eden regions: 179->0(184)
[543.827s][info][gc,heap     ] GC(1234) Survivor regions: 9->4(24)
[543.827s][info][gc,heap     ] GC(1234) Old regions: 87->63
[543.827s][info][gc,heap     ] GC(1234) Humongous regions: 3->1
[543.827s][info][gc,metaspace] GC(1234) Metaspace: 43160K(43520K)->43160K(43520K) NonClass: 40341K(40576K)->40341K(40576K) Class: 2818K(2944K)->2818K(2944K)
[543.827s][info][gc          ] GC(1234) Pause Young (Mixed) (G1 Evacuation Pause) 277M->66M(314M) 6.225ms
[543.827s][info][gc,cpu      ] GC(1234) User=0.01s Sys=0.00s Real=0.01s
[543.858s][info][gc,start    ] GC(1235) Pause Young (Concurrent Start) (G1 Humongous Allocation)
[543.858s][info][gc,task     ] GC(1235) Using 2 workers of 2 for evacuation
[543.862s][info][gc,phases   ] GC(1235)   Pre Evacuate Collection Set: 0.17ms
[543.862s][info][gc,phases   ] GC(1235)   Merge Heap Roots: 0.05ms
[543.862s][info][gc,phases   ] GC(1235)   Evacuate Collection Set: 3.10ms
[543.862s][info][gc,phases   ] GC(1235)   Post Evacuate Collection Set: 0.26ms
[543.862s][info][gc,phases   ] GC(1235)   Other: 0.07ms
[543.862s][info][gc,heap     ] GC(1235) Eden regions: 10->0(184)
[543.862s][info][gc,heap     ] GC(1235) Survivor regions: 4->4(24)
[543.862s][info][gc,heap     ] GC(1235) Old regions: 63->63
[543.862s][info][gc,heap     ] GC(1235) Humongous regions: 1->1
[543.862s][info][gc,metaspace] GC(1235) Metaspace: 43166K(43520K)->43166K(43520K) NonClass: 40347K(40576K)->40347K(40576K) Class: 2818K(2944K)->2818K(2944K)
[543.862s][info][gc          ] GC(1235) Pause Young (Concurrent Start) (G1 Humongous Allocation) 76M->66M(314M) 3.837ms
[543.862s][info][gc,cpu      ] GC(1235) User=0.00s Sys=0.00s Real=0.01s
[543.862s][info][gc          ] GC(1236) Concurrent Mark Cycle
[543.862s][info][gc,marking  ] GC(1236) Concurrent Scan Root Regions
[543.867s][info][gc,marking  ] GC(1236) Concurrent Scan Root Regions 4.936ms
[543.867s][info][gc,marking  ] GC(1236) Concurrent Mark
[543.867s][info][gc,marking  ] GC(1236) Concurrent Mark From Roots
[543.867s][info][gc,task     ] GC(1236) Using 1 workers of 1 for marking
[543.930s][info][gc,marking  ] GC(1236) Concurrent Mark From Roots 62.923ms
[543.930s][info][gc,marking  ] GC(1236) Concurrent Preclean
[543.930s][info][gc,marking  ] GC(1236) Concurrent Preclean 0.193ms
[543.930s][info][gc,start    ] GC(1236) Pause Remark
[543.947s][info][gc          ] GC(1236) Pause Remark 91M->89M(256M) 16.652ms
[543.947s][info][gc,cpu      ] GC(1236) User=0.03s Sys=0.00s Real=0.02s
[543.947s][info][gc,marking  ] GC(1236) Concurrent Mark 80.031ms
[543.947s][info][gc,marking  ] GC(1236) Concurrent Rebuild Remembered Sets and Scrub Regions
[543.969s][info][gc,marking  ] GC(1236) Concurrent Rebuild Remembered Sets and Scrub Regions 22.417ms
[543.969s][info][gc,start    ] GC(1236) Pause Cleanup
[543.969s][info][gc          ] GC(1236) Pause Cleanup 90M->90M(256M) 0.045ms
[543.969s][info][gc,cpu      ] GC(1236) User=0.00s Sys=0.00s Real=0.00s
[543.969s][info][gc,marking  ] GC(1236) Concurrent Clear Claimed Marks
[543.969s][info][gc,marking  ] GC(1236) Concurrent Clear Claimed Marks 0.033ms
[543.969s][info][gc,marking  ] GC(1236) Concurrent Cleanup for Next Mark
[543.970s][info][gc,marking  ] GC(1236) Concurrent Cleanup for Next Mark 0.732ms
[543.970s][info][gc          ] GC(1236) Concurrent Mark Cycle 108.465ms
[544.514s][info][gc,start    ] GC(1237) Pause Young (Prepare Mixed) (G1 Evacuation Pause)
[544.514s][info][gc,task     ] GC(1237) Using 2 workers of 2 for evacuation
[544.529s][info][gc,phases   ] GC(1237)   Pre Evacuate Collection Set: 0.18ms
[544.529s][info][gc,phases   ] GC(1237)   Merge Heap Roots: 0.09ms
[544.529s][info][gc,phases   ] GC(1237)   Evacuate Collection Set: 14.19ms
[544.529s][info][gc,phases   ] GC(1237)   Post Evacuate Collection Set: 0.43ms
[544.529s][info][gc,phases   ] GC(1237)   Other: 0.09ms
[544.529s][info][gc,heap     ] GC(1237) Eden regions: 149->0(137)
[544.529s][info][gc,heap     ] GC(1237) Survivor regions: 4->16(20)
[544.529s][info][gc,heap     ] GC(1237) Old regions: 61->61
[544.529s][info][gc,heap     ] GC(1237) Humongous regions: 11->3
[544.529s][info][gc,metaspace] GC(1237) Metaspace: 43167K(43520K)->43167K(43520K) NonClass: 40348K(40576K)->40348K(40576K) Class: 2818K(2944K)->2818K(2944K)
[544.529s][info][gc          ] GC(1237) Pause Young (Prepare Mixed) (G1 Evacuation Pause) 223M->78M(256M) 15.143ms
[544.529s][info][gc,cpu      ] GC(1237) User=0.03s Sys=0.00s Real=0.01s
[544.823s][info][gc,start    ] GC(1238) Pause Young (Mixed) (G1 Evacuation Pause)
[544.823s][info][gc,task     ] GC(1238) Using 2 workers of 2 for evacuation
[544.854s][info][gc,phases   ] GC(1238)   Pre Evacuate Collection Set: 0.18ms
[544.854s][info][gc,phases   ] GC(1238)   Merge Heap Roots: 0.10ms
[544.854s][info][gc,phases   ] GC(1238)   Evacuate Collection Set: 29.58ms
[544.854s][info][gc,phases   ] GC(1238)   Post Evacuate Collection Set: 0.66ms
[544.854s][info][gc,phases   ] GC(1238)   Other: 0.08ms
[544.854s][info][gc,heap     ] GC(1238) Eden regions: 137->0(137)
[544.854s][info][gc,heap     ] GC(1238) Survivor regions: 16->16(20)
[544.854s][info][gc,heap     ] GC(1238) Old regions: 61->63
[544.854s][info][gc,heap     ] GC(1238) Humongous regions: 4->4
[544.854s][info][gc,metaspace] GC(1238) Metaspace: 43167K(43520K)->43167K(43520K) NonClass: 40348K(40576K)->40348K(40576K) Class: 2818K(2944K)->2818K(2944K)
[544.854s][info][gc          ] GC(1238) Pause Young (Mixed) (G1 Evacuation Pause) 216M->81M(256M) 30.822ms
[544.854s][info][gc,cpu      ] GC(1238) User=0.06s Sys=0.00s Real=0.03s
[545.060s][info][gc,start    ] GC(1239) Pause Young (Concurrent Start) (G1 Humongous Allocation)
[545.060s][info][gc,task     ] GC(1239) Using 2 workers of 2 for evacuation
[545.084s][info][gc,phases   ] GC(1239)   Pre Evacuate Collection Set: 0.16ms
[545.084s][info][gc,phases   ] GC(1239)   Merge Heap Roots: 0.06ms
[545.084s][info][gc,phases   ] GC(1239)   Evacuate Collection Set: 23.18ms
[545.084s][info][gc,phases   ] GC(1239)   Post Evacuate Collection Set: 0.39ms
[545.084s][info][gc,phases   ] GC(1239)   Other: 0.17ms
[545.084s][info][gc,heap     ] GC(1239) Eden regions: 102->0(129)
[545.084s][info][gc,heap     ] GC(1239) Survivor regions: 16->11(20)
[545.084s][info][gc,heap     ] GC(1239) Old regions: 63->79
[545.084s][info][gc,heap     ] GC(1239) Humongous regions: 4->4
[545.084s][info][gc,metaspace] GC(1239) Metaspace: 43167K(43520K)->43167K(43520K) NonClass: 40348K(40576K)->40348K(40576K) Class: 2818K(2944K)->2818K(2944K)
[545.084s][info][gc          ] GC(1239) Pause Young (Concurrent Start) (G1 Humongous Allocation) 182M->92M(256M) 24.165ms
[545.084s][info][gc          ] GC(1240) Concurrent Mark Cycle
[545.084s][info][gc,marking  ] GC(1240) Concurrent Scan Root Regions
[545.085s][info][gc,cpu      ] GC(1239) User=0.05s Sys=0.00s Real=0.03s
[545.123s][info][gc,marking  ] GC(1240) Concurrent Scan Root Regions 38.523ms
[545.123s][info][gc,marking  ] GC(1240) Concurrent Mark
[545.123s][info][gc,marking  ] GC(1240) Concurrent Mark From Roots
[545.123s][info][gc,task     ] GC(1240) Using 1 workers of 1 for marking
[545.230s][info][gc,marking  ] GC(1240) Concurrent Mark From Roots 106.864ms
[545.230s][info][gc,marking  ] GC(1240) Concurrent Preclean
[545.230s][info][gc,marking  ] GC(1240) Concurrent Preclean 0.080ms
[545.230s][info][gc,start    ] GC(1240) Pause Remark
[545.247s][info][gc          ] GC(1240) Pause Remark 137M->135M(256M) 16.710ms
[545.247s][info][gc,cpu      ] GC(1240) User=0.03s Sys=0.00s Real=0.02s
[545.247s][info][gc,marking  ] GC(1240) Concurrent Mark 123.910ms
[545.247s][info][gc,marking  ] GC(1240) Concurrent Rebuild Remembered Sets and Scrub Regions
[545.287s][info][gc,marking  ] GC(1240) Concurrent Rebuild Remembered Sets and Scrub Regions 39.950ms
[545.287s][info][gc,start    ] GC(1240) Pause Cleanup
[545.287s][info][gc          ] GC(1240) Pause Cleanup 144M->144M(256M) 0.044ms
[545.287s][info][gc,cpu      ] GC(1240) User=0.00s Sys=0.00s Real=0.00s
[545.287s][info][gc,marking  ] GC(1240) Concurrent Clear Claimed Marks
[545.287s][info][gc,marking  ] GC(1240) Concurrent Clear Claimed Marks 0.034ms
[545.287s][info][gc,marking  ] GC(1240) Concurrent Cleanup for Next Mark
[545.288s][info][gc,marking  ] GC(1240) Concurrent Cleanup for Next Mark 0.732ms
[545.288s][info][gc          ] GC(1240) Concurrent Mark Cycle 203.462ms
[545.448s][info][gc,start    ] GC(1241) Pause Young (Prepare Mixed) (G1 Evacuation Pause)
[545.448s][info][gc,task     ] GC(1241) Using 2 workers of 2 for evacuation
[545.478s][info][gc,phases   ] GC(1241)   Pre Evacuate Collection Set: 0.17ms
[545.478s][info][gc,phases   ] GC(1241)   Merge Heap Roots: 0.10ms
[545.478s][info][gc,phases   ] GC(1241)   Evacuate Collection Set: 28.50ms
[545.478s][info][gc,phases   ] GC(1241)   Post Evacuate Collection Set: 0.43ms
[545.478s][info][gc,phases   ] GC(1241)   Other: 0.08ms
[545.478s][info][gc,heap     ] GC(1241) Eden regions: 129->0(115)
[545.478s][info][gc,heap     ] GC(1241) Survivor regions: 11->15(18)
[545.478s][info][gc,heap     ] GC(1241) Old regions: 77->88
[545.478s][info][gc,heap     ] GC(1241) Humongous regions: 6->6
[545.478s][info][gc,metaspace] GC(1241) Metaspace: 43167K(43520K)->43167K(43520K) NonClass: 40348K(40576K)->40348K(40576K) Class: 2818K(2944K)->2818K(2944K)
[545.478s][info][gc          ] GC(1241) Pause Young (Prepare Mixed) (G1 Evacuation Pause) 221M->107M(256M) 29.470ms
[545.478s][info][gc,cpu      ] GC(1241) User=0.06s Sys=0.00s Real=0.03s
[545.758s][info][gc,start    ] GC(1242) Pause Young (Mixed) (G1 Evacuation Pause)
[545.758s][info][gc,task     ] GC(1242) Using 2 workers of 2 for evacuation
[545.791s][info][gc,phases   ] GC(1242)   Pre Evacuate Collection Set: 0.18ms
[545.791s][info][gc,phases   ] GC(1242)   Merge Heap Roots: 0.21ms
[545.791s][info][gc,phases   ] GC(1242)   Evacuate Collection Set: 32.21ms
[545.791s][info][gc,phases   ] GC(1242)   Post Evacuate Collection Set: 0.52ms
[545.791s][info][gc,phases   ] GC(1242)   Other: 0.08ms
[545.791s][info][gc,heap     ] GC(1242) Eden regions: 115->0(115)
[545.791s][info][gc,heap     ] GC(1242) Survivor regions: 15->13(17)
[545.791s][info][gc,heap     ] GC(1242) Old regions: 88->91
[545.791s][info][gc,heap     ] GC(1242) Humongous regions: 6->6
[545.791s][info][gc,metaspace] GC(1242) Metaspace: 43167K(43520K)->43167K(43520K) NonClass: 40348K(40576K)->40348K(40576K) Class: 2818K(2944K)->2818K(2944K)
[545.791s][info][gc          ] GC(1242) Pause Young (Mixed) (G1 Evacuation Pause) 222M->108M(256M) 33.395ms
[545.791s][info][gc,cpu      ] GC(1242) User=0.07s Sys=0.00s Real=0.04s
[545.913s][info][gc,start    ] GC(1243) Pause Young (Concurrent Start) (G1 Humongous Allocation)
[545.914s][info][gc,task     ] GC(1243) Using 2 workers of 2 for evacuation
[545.933s][info][gc,phases   ] GC(1243)   Pre Evacuate Collection Set: 0.18ms
[545.933s][info][gc,phases   ] GC(1243)   Merge Heap Roots: 0.08ms
[545.933s][info][gc,phases   ] GC(1243)   Evacuate Collection Set: 18.85ms
[545.933s][info][gc,phases   ] GC(1243)   Post Evacuate Collection Set: 0.38ms
[545.933s][info][gc,phases   ] GC(1243)   Other: 0.10ms
[545.933s][info][gc,heap     ] GC(1243) Eden regions: 54->0(111)
[545.933s][info][gc,heap     ] GC(1243) Survivor regions: 13->6(16)
[545.933s][info][gc,heap     ] GC(1243) Old regions: 91->103
[545.933s][info][gc,heap     ] GC(1243) Humongous regions: 6->6
[545.933s][info][gc,metaspace] GC(1243) Metaspace: 43167K(43520K)->43167K(43520K) NonClass: 40348K(40576K)->40348K(40576K) Class: 2818K(2944K)->2818K(2944K)
[545.933s][info][gc          ] GC(1243) Pause Young (Concurrent Start) (G1 Humongous Allocation) 162M->114M(256M) 19.773ms
[545.933s][info][gc,cpu      ] GC(1243) User=0.04s Sys=0.00s Real=0.02s
[545.933s][info][gc          ] GC(1244) Concurrent Mark Cycle
[545.933s][info][gc,marking  ] GC(1244) Concurrent Scan Root Regions
[545.966s][info][gc,marking  ] GC(1244) Concurrent Scan Root Regions 32.751ms
[545.966s][info][gc,marking  ] GC(1244) Concurrent Mark
[545.966s][info][gc,marking  ] GC(1244) Concurrent Mark From Roots
[545.966s][info][gc,task     ] GC(1244) Using 1 workers of 1 for marking
[546.217s][info][gc,marking  ] GC(1244) Concurrent Mark From Roots 250.739ms
[546.217s][info][gc,marking  ] GC(1244) Concurrent Preclean
[546.217s][info][gc,marking  ] GC(1244) Concurrent Preclean 0.056ms
[546.218s][info][gc,start    ] GC(1244) Pause Remark
[546.233s][info][gc          ] GC(1244) Pause Remark 171M->170M(256M) 15.219ms
[546.233s][info][gc,cpu      ] GC(1244) User=0.03s Sys=0.00s Real=0.02s
[546.235s][info][gc,marking  ] GC(1244) Concurrent Mark 268.691ms
[546.235s][info][gc,marking  ] GC(1244) Concurrent Rebuild Remembered Sets and Scrub Regions
[546.310s][info][gc,marking  ] GC(1244) Concurrent Rebuild Remembered Sets and Scrub Regions 75.230ms
[546.311s][info][gc,start    ] GC(1244) Pause Cleanup
[546.311s][info][gc          ] GC(1244) Pause Cleanup 192M->192M(256M) 0.057ms
[546.311s][info][gc,cpu      ] GC(1244) User=0.00s Sys=0.00s Real=0.00s
[546.311s][info][gc,marking  ] GC(1244) Concurrent Clear Claimed Marks
[546.311s][info][gc,marking  ] GC(1244) Concurrent Clear Claimed Marks 0.053ms
[546.311s][info][gc,marking  ] GC(1244) Concurrent Cleanup for Next Mark
[546.314s][info][gc,marking  ] GC(1244) Concurrent Cleanup for Next Mark 2.508ms
[546.314s][info][gc          ] GC(1244) Concurrent Mark Cycle 380.563ms
[546.397s][info][gc,start    ] GC(1245) Pause Young (Prepare Mixed) (G1 Evacuation Pause)
[546.397s][info][gc,task     ] GC(1245) Using 2 workers of 2 for evacuation
[546.419s][info][gc,phases   ] GC(1245)   Pre Evacuate Collection Set: 0.14ms
[546.419s][info][gc,phases   ] GC(1245)   Merge Heap Roots: 0.13ms
[546.419s][info][gc,phases   ] GC(1245)   Evacuate Collection Set: 20.54ms
[546.419s][info][gc,phases   ] GC(1245)   Post Evacuate Collection Set: 0.39ms
[546.419s][info][gc,phases   ] GC(1245)   Other: 0.07ms
[546.419s][info][gc,heap     ] GC(1245) Eden regions: 111->0(99)
[546.419s][info][gc,heap     ] GC(1245) Survivor regions: 6->15(15)
[546.419s][info][gc,heap     ] GC(1245) Old regions: 103->104
[546.419s][info][gc,heap     ] GC(1245) Humongous regions: 10->9
[546.419s][info][gc,metaspace] GC(1245) Metaspace: 43167K(43520K)->43167K(43520K) NonClass: 40348K(40576K)->40348K(40576K) Class: 2818K(2944K)->2818K(2944K)
[546.419s][info][gc          ] GC(1245) Pause Young (Prepare Mixed) (G1 Evacuation Pause) 229M->127M(256M) 21.455ms
[546.419s][info][gc,cpu      ] GC(1245) User=0.05s Sys=0.00s Real=0.02s
[549.193s][info][gc,start    ] GC(1246) Pause Young (Mixed) (G1 Evacuation Pause)
[549.193s][info][gc,task     ] GC(1246) Using 2 workers of 2 for evacuation
[549.222s][info][gc,phases   ] GC(1246)   Pre Evacuate Collection Set: 0.17ms
[549.222s][info][gc,phases   ] GC(1246)   Merge Heap Roots: 0.13ms
[549.222s][info][gc,phases   ] GC(1246)   Evacuate Collection Set: 28.94ms
[549.222s][info][gc,phases   ] GC(1246)   Post Evacuate Collection Set: 0.46ms
[549.222s][info][gc,phases   ] GC(1246)   Other: 0.07ms
[549.223s][info][gc,heap     ] GC(1246) Eden regions: 99->0(98)
[549.223s][info][gc,heap     ] GC(1246) Survivor regions: 15->9(15)
[549.223s][info][gc,heap     ] GC(1246) Old regions: 104->117
[549.223s][info][gc,heap     ] GC(1246) Humongous regions: 12->7
[549.223s][info][gc,metaspace] GC(1246) Metaspace: 43171K(43520K)->43171K(43520K) NonClass: 40352K(40576K)->40352K(40576K) Class: 2818K(2944K)->2818K(2944K)
[549.223s][info][gc          ] GC(1246) Pause Young (Mixed) (G1 Evacuation Pause) 229M->132M(256M) 29.939ms
[549.223s][info][gc,cpu      ] GC(1246) User=0.05s Sys=0.00s Real=0.03s
[549.585s][info][gc,start    ] GC(1247) Pause Young (Concurrent Start) (G1 Evacuation Pause)
[549.585s][info][gc,task     ] GC(1247) Using 2 workers of 2 for evacuation
[549.599s][info][gc,phases   ] GC(1247)   Pre Evacuate Collection Set: 0.18ms
[549.599s][info][gc,phases   ] GC(1247)   Merge Heap Roots: 0.09ms
[549.599s][info][gc,phases   ] GC(1247)   Evacuate Collection Set: 12.76ms
[549.599s][info][gc,phases   ] GC(1247)   Post Evacuate Collection Set: 0.35ms
[549.599s][info][gc,phases   ] GC(1247)   Other: 0.09ms
[549.599s][info][gc,heap     ] GC(1247) Eden regions: 98->0(99)
[549.599s][info][gc,heap     ] GC(1247) Survivor regions: 9->3(14)
[549.599s][info][gc,heap     ] GC(1247) Old regions: 117->125
[549.599s][info][gc,heap     ] GC(1247) Humongous regions: 7->7
[549.599s][info][gc,metaspace] GC(1247) Metaspace: 43171K(43520K)->43171K(43520K) NonClass: 40352K(40576K)->40352K(40576K) Class: 2818K(2944K)->2818K(2944K)
[549.599s][info][gc          ] GC(1247) Pause Young (Concurrent Start) (G1 Evacuation Pause) 230M->134M(256M) 13.627ms
[549.599s][info][gc,cpu      ] GC(1247) User=0.03s Sys=0.00s Real=0.01s
[549.599s][info][gc          ] GC(1248) Concurrent Mark Cycle
[549.599s][info][gc,marking  ] GC(1248) Concurrent Scan Root Regions
[549.610s][info][gc,marking  ] GC(1248) Concurrent Scan Root Regions 11.062ms
[549.610s][info][gc,marking  ] GC(1248) Concurrent Mark
[549.610s][info][gc,marking  ] GC(1248) Concurrent Mark From Roots
[549.610s][info][gc,task     ] GC(1248) Using 1 workers of 1 for marking
[549.642s][info][gc,marking  ] GC(1248) Concurrent Mark From Roots 31.404ms
[549.642s][info][gc,marking  ] GC(1248) Concurrent Preclean
[549.642s][info][gc,marking  ] GC(1248) Concurrent Preclean 0.060ms
[549.642s][info][gc,start    ] GC(1248) Pause Remark
[549.657s][info][gc          ] GC(1248) Pause Remark 144M->130M(256M) 15.223ms
[549.657s][info][gc,cpu      ] GC(1248) User=0.03s Sys=0.00s Real=0.01s
[549.658s][info][gc,marking  ] GC(1248) Concurrent Mark 48.116ms
[549.658s][info][gc,marking  ] GC(1248) Concurrent Rebuild Remembered Sets and Scrub Regions
[549.723s][info][gc,marking  ] GC(1248) Concurrent Rebuild Remembered Sets and Scrub Regions 64.774ms
[549.723s][info][gc,start    ] GC(1248) Pause Cleanup
[549.723s][info][gc          ] GC(1248) Pause Cleanup 158M->158M(256M) 0.074ms
[549.723s][info][gc,cpu      ] GC(1248) User=0.00s Sys=0.00s Real=0.00s
[549.724s][info][gc,marking  ] GC(1248) Concurrent Clear Claimed Marks
[549.724s][info][gc,marking  ] GC(1248) Concurrent Clear Claimed Marks 0.044ms
[549.724s][info][gc,marking  ] GC(1248) Concurrent Cleanup for Next Mark
[549.725s][info][gc,marking  ] GC(1248) Concurrent Cleanup for Next Mark 0.778ms
[549.725s][info][gc          ] GC(1248) Concurrent Mark Cycle 126.160ms
[549.881s][info][gc,start    ] GC(1249) Pause Young (Prepare Mixed) (G1 Evacuation Pause)
[549.882s][info][gc,task     ] GC(1249) Using 2 workers of 2 for evacuation
[549.885s][info][gc,phases   ] GC(1249)   Pre Evacuate Collection Set: 0.17ms
[549.885s][info][gc,phases   ] GC(1249)   Merge Heap Roots: 0.06ms
[549.885s][info][gc,phases   ] GC(1249)   Evacuate Collection Set: 3.11ms
[549.885s][info][gc,phases   ] GC(1249)   Post Evacuate Collection Set: 0.32ms
[549.885s][info][gc,phases   ] GC(1249)   Other: 0.06ms
[549.885s][info][gc,heap     ] GC(1249) Eden regions: 99->0(114)
[549.885s][info][gc,heap     ] GC(1249) Survivor regions: 3->4(13)
[549.885s][info][gc,heap     ] GC(1249) Old regions: 117->117
[549.885s][info][gc,heap     ] GC(1249) Humongous regions: 1->1
[549.885s][info][gc,metaspace] GC(1249) Metaspace: 43171K(43520K)->43171K(43520K) NonClass: 40352K(40576K)->40352K(40576K) Class: 2818K(2944K)->2818K(2944K)
[549.885s][info][gc          ] GC(1249) Pause Young (Prepare Mixed) (G1 Evacuation Pause) 219M->121M(256M) 3.872ms
[549.885s][info][gc,cpu      ] GC(1249) User=0.00s Sys=0.00s Real=0.00s
[550.164s][info][gc,start    ] GC(1250) Pause Young (Mixed) (G1 Evacuation Pause)
[550.164s][info][gc,task     ] GC(1250) Using 2 workers of 2 for evacuation
[550.181s][info][gc,phases   ] GC(1250)   Pre Evacuate Collection Set: 0.16ms
[550.181s][info][gc,phases   ] GC(1250)   Merge Heap Roots: 0.15ms
[550.181s][info][gc,phases   ] GC(1250)   Evacuate Collection Set: 16.12ms
[550.181s][info][gc,phases   ] GC(1250)   Post Evacuate Collection Set: 0.40ms
[550.181s][info][gc,phases   ] GC(1250)   Other: 0.07ms
[550.181s][info][gc,heap     ] GC(1250) Eden regions: 114->0(116)
[550.181s][info][gc,heap     ] GC(1250) Survivor regions: 4->15(15)
[550.181s][info][gc,heap     ] GC(1250) Old regions: 117->93
[550.181s][info][gc,heap     ] GC(1250) Humongous regions: 3->3
[550.181s][info][gc,metaspace] GC(1250) Metaspace: 43171K(43520K)->43171K(43520K) NonClass: 40352K(40576K)->40352K(40576K) Class: 2818K(2944K)->2818K(2944K)
[550.181s][info][gc          ] GC(1250) Pause Young (Mixed) (G1 Evacuation Pause) 237M->110M(256M) 17.091ms
[550.181s][info][gc,cpu      ] GC(1250) User=0.03s Sys=0.00s Real=0.01s
[550.433s][info][gc,start    ] GC(1251) Pause Young (Mixed) (G1 Evacuation Pause)
[550.433s][info][gc,task     ] GC(1251) Using 2 workers of 2 for evacuation
[550.465s][info][gc,phases   ] GC(1251)   Pre Evacuate Collection Set: 0.19ms
[550.465s][info][gc,phases   ] GC(1251)   Merge Heap Roots: 0.19ms
[550.465s][info][gc,phases   ] GC(1251)   Evacuate Collection Set: 30.07ms
[550.465s][info][gc,phases   ] GC(1251)   Post Evacuate Collection Set: 1.41ms
[550.465s][info][gc,phases   ] GC(1251)   Other: 0.08ms
[550.465s][info][gc,heap     ] GC(1251) Eden regions: 116->0(226)
[550.465s][info][gc,heap     ] GC(1251) Survivor regions: 15->15(17)
[550.465s][info][gc,heap     ] GC(1251) Old regions: 93->82
[550.465s][info][gc,heap     ] GC(1251) Humongous regions: 4->4
[550.465s][info][gc,metaspace] GC(1251) Metaspace: 43171K(43520K)->43171K(43520K) NonClass: 40352K(40576K)->40352K(40576K) Class: 2818K(2944K)->2818K(2944K)
[550.465s][info][gc          ] GC(1251) Pause Young (Mixed) (G1 Evacuation Pause) 227M->100M(402M) 32.181ms
[550.465s][info][gc,cpu      ] GC(1251) User=0.06s Sys=0.00s Real=0.03s
[551.091s][info][gc,start    ] GC(1252) Pause Young (Mixed) (G1 Evacuation Pause)
[551.091s][info][gc,task     ] GC(1252) Using 2 workers of 2 for evacuation
[551.139s][info][gc,phases   ] GC(1252)   Pre Evacuate Collection Set: 0.22ms
[551.140s][info][gc,phases   ] GC(1252)   Merge Heap Roots: 0.41ms
[551.140s][info][gc,phases   ] GC(1252)   Evacuate Collection Set: 47.10ms
[551.140s][info][gc,phases   ] GC(1252)   Post Evacuate Collection Set: 0.58ms
[551.140s][info][gc,phases   ] GC(1252)   Other: 0.10ms
[551.140s][info][gc,heap     ] GC(1252) Eden regions: 226->0(210)
[551.140s][info][gc,heap     ] GC(1252) Survivor regions: 15->31(31)
[551.140s][info][gc,heap     ] GC(1252) Old regions: 82->64
[551.140s][info][gc,heap     ] GC(1252) Humongous regions: 6->6
[551.140s][info][gc,metaspace] GC(1252) Metaspace: 43171K(43520K)->43171K(43520K) NonClass: 40352K(40576K)->40352K(40576K) Class: 2818K(2944K)->2818K(2944K)
[551.140s][info][gc          ] GC(1252) Pause Young (Mixed) (G1 Evacuation Pause) 328M->101M(402M) 48.631ms
[551.140s][info][gc,cpu      ] GC(1252) User=0.10s Sys=0.00s Real=0.05s
[551.389s][info][gc,start    ] GC(1253) Pause Young (Concurrent Start) (G1 Humongous Allocation)
[551.390s][info][gc,task     ] GC(1253) Using 2 workers of 2 for evacuation
[551.462s][info][gc,phases   ] GC(1253)   Pre Evacuate Collection Set: 1.57ms
[551.462s][info][gc,phases   ] GC(1253)   Merge Heap Roots: 0.32ms
[551.462s][info][gc,phases   ] GC(1253)   Evacuate Collection Set: 69.01ms
[551.462s][info][gc,phases   ] GC(1253)   Post Evacuate Collection Set: 0.44ms
[551.462s][info][gc,phases   ] GC(1253)   Other: 1.07ms
[551.462s][info][gc,heap     ] GC(1253) Eden regions: 106->0(228)
[551.462s][info][gc,heap     ] GC(1253) Survivor regions: 31->13(31)
[551.462s][info][gc,heap     ] GC(1253) Old regions: 64->96
[551.462s][info][gc,heap     ] GC(1253) Humongous regions: 6->6
[551.462s][info][gc,metaspace] GC(1253) Metaspace: 43171K(43520K)->43171K(43520K) NonClass: 40352K(40576K)->40352K(40576K) Class: 2818K(2944K)->2818K(2944K)
[551.462s][info][gc          ] GC(1253) Pause Young (Concurrent Start) (G1 Humongous Allocation) 207M->114M(402M) 72.629ms
[551.462s][info][gc,cpu      ] GC(1253) User=0.11s Sys=0.00s Real=0.08s
[551.462s][info][gc          ] GC(1254) Concurrent Mark Cycle
[551.462s][info][gc,marking  ] GC(1254) Concurrent Scan Root Regions
[551.488s][info][gc,marking  ] GC(1254) Concurrent Scan Root Regions 26.199ms
[551.488s][info][gc,marking  ] GC(1254) Concurrent Mark
[551.488s][info][gc,marking  ] GC(1254) Concurrent Mark From Roots
[551.488s][info][gc,task     ] GC(1254) Using 1 workers of 1 for marking
[551.553s][info][gc,marking  ] GC(1254) Concurrent Mark From Roots 64.597ms
[551.553s][info][gc,marking  ] GC(1254) Concurrent Preclean
[551.553s][info][gc,marking  ] GC(1254) Concurrent Preclean 0.055ms
[551.553s][info][gc,start    ] GC(1254) Pause Remark
[551.571s][info][gc          ] GC(1254) Pause Remark 138M->133M(380M) 17.779ms
[551.571s][info][gc,cpu      ] GC(1254) User=0.03s Sys=0.00s Real=0.02s
[551.573s][info][gc,marking  ] GC(1254) Concurrent Mark 84.521ms
[551.573s][info][gc,marking  ] GC(1254) Concurrent Rebuild Remembered Sets and Scrub Regions
[551.626s][info][gc,marking  ] GC(1254) Concurrent Rebuild Remembered Sets and Scrub Regions 53.205ms
[551.626s][info][gc,start    ] GC(1254) Pause Cleanup
[551.626s][info][gc          ] GC(1254) Pause Cleanup 159M->159M(380M) 0.052ms
[551.626s][info][gc,cpu      ] GC(1254) User=0.00s Sys=0.00s Real=0.00s
[551.626s][info][gc,marking  ] GC(1254) Concurrent Clear Claimed Marks
[551.626s][info][gc,marking  ] GC(1254) Concurrent Clear Claimed Marks 0.036ms
[551.626s][info][gc,marking  ] GC(1254) Concurrent Cleanup for Next Mark
[551.629s][info][gc,marking  ] GC(1254) Concurrent Cleanup for Next Mark 2.422ms
[551.629s][info][gc          ] GC(1254) Concurrent Mark Cycle 166.790ms
[552.837s][info][gc,start    ] GC(1255) Pause Young (Prepare Mixed) (G1 Evacuation Pause)
[552.837s][info][gc,task     ] GC(1255) Using 2 workers of 2 for evacuation
[552.888s][info][gc,phases   ] GC(1255)   Pre Evacuate Collection Set: 0.24ms
[552.888s][info][gc,phases   ] GC(1255)   Merge Heap Roots: 0.18ms
[552.888s][info][gc,phases   ] GC(1255)   Evacuate Collection Set: 49.88ms
[552.888s][info][gc,phases   ] GC(1255)   Post Evacuate Collection Set: 0.52ms
[552.888s][info][gc,phases   ] GC(1255)   Other: 0.08ms
[552.888s][info][gc,heap     ] GC(1255) Eden regions: 215->0(190)
[552.888s][info][gc,heap     ] GC(1255) Survivor regions: 13->29(29)
[552.888s][info][gc,heap     ] GC(1255) Old regions: 92->98
[552.888s][info][gc,heap     ] GC(1255) Humongous regions: 17->15
[552.888s][info][gc,metaspace] GC(1255) Metaspace: 43171K(43520K)->43171K(43520K) NonClass: 40352K(40576K)->40352K(40576K) Class: 2818K(2944K)->2818K(2944K)
[552.888s][info][gc          ] GC(1255) Pause Young (Prepare Mixed) (G1 Evacuation Pause) 336M->141M(380M) 51.103ms
[552.888s][info][gc,cpu      ] GC(1255) User=0.10s Sys=0.00s Real=0.05s
[553.619s][info][gc,start    ] GC(1256) Pause Young (Mixed) (G1 Evacuation Pause)
[553.619s][info][gc,task     ] GC(1256) Using 2 workers of 2 for evacuation
[553.670s][info][gc,phases   ] GC(1256)   Pre Evacuate Collection Set: 0.20ms
[553.670s][info][gc,phases   ] GC(1256)   Merge Heap Roots: 0.16ms
[553.670s][info][gc,phases   ] GC(1256)   Evacuate Collection Set: 49.83ms
[553.670s][info][gc,phases   ] GC(1256)   Post Evacuate Collection Set: 0.49ms
[553.670s][info][gc,phases   ] GC(1256)   Other: 0.10ms
[553.670s][info][gc,heap     ] GC(1256) Eden regions: 190->0(180)
[553.670s][info][gc,heap     ] GC(1256) Survivor regions: 29->16(28)
[553.670s][info][gc,heap     ] GC(1256) Old regions: 98->122
[553.670s][info][gc,heap     ] GC(1256) Humongous regions: 15->15
[553.670s][info][gc,metaspace] GC(1256) Metaspace: 43171K(43520K)->43171K(43520K) NonClass: 40352K(40576K)->40352K(40576K) Class: 2818K(2944K)->2818K(2944K)
[553.670s][info][gc          ] GC(1256) Pause Young (Mixed) (G1 Evacuation Pause) 331M->151M(380M) 50.974ms
[553.670s][info][gc,cpu      ] GC(1256) User=0.10s Sys=0.00s Real=0.05s
[554.599s][info][gc,start    ] GC(1257) Pause Young (Concurrent Start) (G1 Evacuation Pause)
[554.599s][info][gc,task     ] GC(1257) Using 2 workers of 2 for evacuation
[554.617s][info][gc,phases   ] GC(1257)   Pre Evacuate Collection Set: 0.24ms
[554.617s][info][gc,phases   ] GC(1257)   Merge Heap Roots: 0.07ms
[554.617s][info][gc,phases   ] GC(1257)   Evacuate Collection Set: 16.79ms
[554.617s][info][gc,phases   ] GC(1257)   Post Evacuate Collection Set: 0.45ms
[554.617s][info][gc,phases   ] GC(1257)   Other: 0.08ms
[554.617s][info][gc,heap     ] GC(1257) Eden regions: 180->0(178)
[554.617s][info][gc,heap     ] GC(1257) Survivor regions: 16->8(25)
[554.617s][info][gc,heap     ] GC(1257) Old regions: 122->137
[554.617s][info][gc,heap     ] GC(1257) Humongous regions: 15->15
[554.617s][info][gc,metaspace] GC(1257) Metaspace: 43171K(43520K)->43171K(43520K) NonClass: 40352K(40576K)->40352K(40576K) Class: 2818K(2944K)->2818K(2944K)
[554.617s][info][gc          ] GC(1257) Pause Young (Concurrent Start) (G1 Evacuation Pause) 331M->158M(380M) 17.814ms
[554.617s][info][gc,cpu      ] GC(1257) User=0.03s Sys=0.00s Real=0.02s
[554.617s][info][gc          ] GC(1258) Concurrent Mark Cycle
[554.617s][info][gc,marking  ] GC(1258) Concurrent Scan Root Regions
[554.631s][info][gc,marking  ] GC(1258) Concurrent Scan Root Regions 13.283ms
[554.631s][info][gc,marking  ] GC(1258) Concurrent Mark
[554.631s][info][gc,marking  ] GC(1258) Concurrent Mark From Roots
[554.631s][info][gc,task     ] GC(1258) Using 1 workers of 1 for marking
[554.661s][info][gc,marking  ] GC(1258) Concurrent Mark From Roots 30.547ms
[554.661s][info][gc,marking  ] GC(1258) Concurrent Preclean
[554.661s][info][gc,marking  ] GC(1258) Concurrent Preclean 0.031ms
[554.661s][info][gc,start    ] GC(1258) Pause Remark
[554.677s][info][gc          ] GC(1258) Pause Remark 166M->79M(256M) 15.615ms
[554.677s][info][gc,cpu      ] GC(1258) User=0.03s Sys=0.00s Real=0.01s
[554.677s][info][gc,marking  ] GC(1258) Concurrent Mark 46.451ms
[554.677s][info][gc,marking  ] GC(1258) Concurrent Rebuild Remembered Sets and Scrub Regions
[554.696s][info][gc,marking  ] GC(1258) Concurrent Rebuild Remembered Sets and Scrub Regions 18.607ms
[554.696s][info][gc,start    ] GC(1258) Pause Cleanup
[554.696s][info][gc          ] GC(1258) Pause Cleanup 83M->83M(256M) 0.042ms
[554.696s][info][gc,cpu      ] GC(1258) User=0.00s Sys=0.00s Real=0.00s
[554.696s][info][gc,marking  ] GC(1258) Concurrent Clear Claimed Marks
[554.696s][info][gc,marking  ] GC(1258) Concurrent Clear Claimed Marks 0.036ms
[554.696s][info][gc,marking  ] GC(1258) Concurrent Cleanup for Next Mark
[554.697s][info][gc,marking  ] GC(1258) Concurrent Cleanup for Next Mark 0.735ms
[554.697s][info][gc          ] GC(1258) Concurrent Mark Cycle 79.439ms
[555.428s][info][gc,start    ] GC(1259) Pause Young (Prepare Mixed) (G1 Evacuation Pause)
[555.428s][info][gc,task     ] GC(1259) Using 2 workers of 2 for evacuation
[555.444s][info][gc,phases   ] GC(1259)   Pre Evacuate Collection Set: 0.18ms
[555.444s][info][gc,phases   ] GC(1259)   Merge Heap Roots: 0.07ms
[555.444s][info][gc,phases   ] GC(1259)   Evacuate Collection Set: 15.11ms
[555.444s][info][gc,phases   ] GC(1259)   Post Evacuate Collection Set: 0.40ms
[555.444s][info][gc,phases   ] GC(1259)   Other: 0.07ms
[555.444s][info][gc,heap     ] GC(1259) Eden regions: 145->0(137)
[555.444s][info][gc,heap     ] GC(1259) Survivor regions: 8->16(20)
[555.444s][info][gc,heap     ] GC(1259) Old regions: 64->64
[555.444s][info][gc,heap     ] GC(1259) Humongous regions: 1->1
[555.444s][info][gc,metaspace] GC(1259) Metaspace: 43171K(43520K)->43171K(43520K) NonClass: 40352K(40576K)->40352K(40576K) Class: 2818K(2944K)->2818K(2944K)
[555.444s][info][gc          ] GC(1259) Pause Young (Prepare Mixed) (G1 Evacuation Pause) 217M->80M(256M) 16.023ms
[555.444s][info][gc,cpu      ] GC(1259) User=0.03s Sys=0.00s Real=0.02s
[556.188s][info][gc,start    ] GC(1260) Pause Young (Mixed) (G1 Evacuation Pause)
[556.189s][info][gc,task     ] GC(1260) Using 2 workers of 2 for evacuation
[556.214s][info][gc,phases   ] GC(1260)   Pre Evacuate Collection Set: 0.21ms
[556.214s][info][gc,phases   ] GC(1260)   Merge Heap Roots: 0.10ms
[556.214s][info][gc,phases   ] GC(1260)   Evacuate Collection Set: 24.75ms
[556.214s][info][gc,phases   ] GC(1260)   Post Evacuate Collection Set: 0.47ms
[556.214s][info][gc,phases   ] GC(1260)   Other: 0.08ms
[556.214s][info][gc,heap     ] GC(1260) Eden regions: 137->0(140)
[556.214s][info][gc,heap     ] GC(1260) Survivor regions: 16->12(20)
[556.214s][info][gc,heap     ] GC(1260) Old regions: 64->68
[556.214s][info][gc,heap     ] GC(1260) Humongous regions: 1->1
[556.214s][info][gc,metaspace] GC(1260) Metaspace: 43171K(43520K)->43171K(43520K) NonClass: 40352K(40576K)->40352K(40576K) Class: 2818K(2944K)->2818K(2944K)
[556.214s][info][gc          ] GC(1260) Pause Young (Mixed) (G1 Evacuation Pause) 217M->80M(256M) 25.798ms
[556.214s][info][gc,cpu      ] GC(1260) User=0.05s Sys=0.00s Real=0.03s
[556.467s][info][gc,start    ] GC(1261) Pause Young (Concurrent Start) (G1 Humongous Allocation)
[556.467s][info][gc,task     ] GC(1261) Using 2 workers of 2 for evacuation
[556.481s][info][gc,phases   ] GC(1261)   Pre Evacuate Collection Set: 0.18ms
[556.481s][info][gc,phases   ] GC(1261)   Merge Heap Roots: 0.05ms
[556.481s][info][gc,phases   ] GC(1261)   Evacuate Collection Set: 12.70ms
[556.481s][info][gc,phases   ] GC(1261)   Post Evacuate Collection Set: 0.31ms
[556.481s][info][gc,phases   ] GC(1261)   Other: 0.09ms
[556.481s][info][gc,heap     ] GC(1261) Eden regions: 44->0(135)
[556.481s][info][gc,heap     ] GC(1261) Survivor regions: 12->6(19)
[556.481s][info][gc,heap     ] GC(1261) Old regions: 68->79
[556.481s][info][gc,heap     ] GC(1261) Humongous regions: 1->1
[556.481s][info][gc,metaspace] GC(1261) Metaspace: 43171K(43520K)->43171K(43520K) NonClass: 40352K(40576K)->40352K(40576K) Class: 2818K(2944K)->2818K(2944K)
[556.481s][info][gc          ] GC(1261) Pause Young (Concurrent Start) (G1 Humongous Allocation) 124M->85M(256M) 13.527ms
[556.481s][info][gc,cpu      ] GC(1261) User=0.03s Sys=0.00s Real=0.01s
[556.481s][info][gc          ] GC(1262) Concurrent Mark Cycle
[556.481s][info][gc,marking  ] GC(1262) Concurrent Scan Root Regions
[556.493s][info][gc,marking  ] GC(1262) Concurrent Scan Root Regions 12.017ms
[556.493s][info][gc,marking  ] GC(1262) Concurrent Mark
[556.493s][info][gc,marking  ] GC(1262) Concurrent Mark From Roots
[556.493s][info][gc,task     ] GC(1262) Using 1 workers of 1 for marking
[556.532s][info][gc,marking  ] GC(1262) Concurrent Mark From Roots 39.379ms
[556.532s][info][gc,marking  ] GC(1262) Concurrent Preclean
[556.532s][info][gc,marking  ] GC(1262) Concurrent Preclean 0.035ms
[556.533s][info][gc,start    ] GC(1262) Pause Remark
[556.548s][info][gc          ] GC(1262) Pause Remark 96M->93M(256M) 15.177ms
[556.548s][info][gc,cpu      ] GC(1262) User=0.03s Sys=0.00s Real=0.01s
[556.548s][info][gc,marking  ] GC(1262) Concurrent Mark 54.847ms
[556.548s][info][gc,marking  ] GC(1262) Concurrent Rebuild Remembered Sets and Scrub Regions
[556.578s][info][gc,marking  ] GC(1262) Concurrent Rebuild Remembered Sets and Scrub Regions 29.997ms
[556.578s][info][gc,start    ] GC(1262) Pause Cleanup
[556.578s][info][gc          ] GC(1262) Pause Cleanup 99M->99M(256M) 0.049ms
[556.578s][info][gc,cpu      ] GC(1262) User=0.00s Sys=0.00s Real=0.00s
[556.578s][info][gc,marking  ] GC(1262) Concurrent Clear Claimed Marks
[556.578s][info][gc,marking  ] GC(1262) Concurrent Clear Claimed Marks 0.035ms
[556.578s][info][gc,marking  ] GC(1262) Concurrent Cleanup for Next Mark
[556.579s][info][gc,marking  ] GC(1262) Concurrent Cleanup for Next Mark 0.720ms
[556.579s][info][gc          ] GC(1262) Concurrent Mark Cycle 98.019ms
[557.254s][info][gc,start    ] GC(1263) Pause Young (Prepare Mixed) (G1 Evacuation Pause)
[557.254s][info][gc,task     ] GC(1263) Using 2 workers of 2 for evacuation
[557.268s][info][gc,phases   ] GC(1263)   Pre Evacuate Collection Set: 0.19ms
[557.268s][info][gc,phases   ] GC(1263)   Merge Heap Roots: 0.07ms
[557.268s][info][gc,phases   ] GC(1263)   Evacuate Collection Set: 12.91ms
[557.268s][info][gc,phases   ] GC(1263)   Post Evacuate Collection Set: 0.38ms
[557.268s][info][gc,phases   ] GC(1263)   Other: 0.07ms
[557.268s][info][gc,heap     ] GC(1263) Eden regions: 135->0(132)
[557.268s][info][gc,heap     ] GC(1263) Survivor regions: 6->14(18)
[557.268s][info][gc,heap     ] GC(1263) Old regions: 75->75
[557.268s][info][gc,heap     ] GC(1263) Humongous regions: 2->2
[557.268s][info][gc,metaspace] GC(1263) Metaspace: 43171K(43520K)->43171K(43520K) NonClass: 40352K(40576K)->40352K(40576K) Class: 2818K(2944K)->2818K(2944K)
[557.268s][info][gc          ] GC(1263) Pause Young (Prepare Mixed) (G1 Evacuation Pause) 217M->90M(256M) 13.809ms
[557.268s][info][gc,cpu      ] GC(1263) User=0.03s Sys=0.00s Real=0.01s
[557.986s][info][gc,start    ] GC(1264) Pause Young (Mixed) (G1 Evacuation Pause)
[557.986s][info][gc,task     ] GC(1264) Using 2 workers of 2 for evacuation
[558.008s][info][gc,phases   ] GC(1264)   Pre Evacuate Collection Set: 0.26ms
[558.008s][info][gc,phases   ] GC(1264)   Merge Heap Roots: 0.30ms
[558.008s][info][gc,phases   ] GC(1264)   Evacuate Collection Set: 20.94ms
[558.008s][info][gc,phases   ] GC(1264)   Post Evacuate Collection Set: 0.58ms
[558.008s][info][gc,phases   ] GC(1264)   Other: 0.07ms
[558.008s][info][gc,heap     ] GC(1264) Eden regions: 132->0(147)
[558.008s][info][gc,heap     ] GC(1264) Survivor regions: 14->5(19)
[558.008s][info][gc,heap     ] GC(1264) Old regions: 75->64
[558.008s][info][gc,heap     ] GC(1264) Humongous regions: 2->2
[558.008s][info][gc,metaspace] GC(1264) Metaspace: 43171K(43520K)->43171K(43520K) NonClass: 40352K(40576K)->40352K(40576K) Class: 2818K(2944K)->2818K(2944K)
[558.008s][info][gc          ] GC(1264) Pause Young (Mixed) (G1 Evacuation Pause) 222M->70M(256M) 22.319ms
[558.008s][info][gc,cpu      ] GC(1264) User=0.04s Sys=0.00s Real=0.02s
[558.082s][info][gc,start    ] GC(1265) Pause Young (Concurrent Start) (G1 Humongous Allocation)
[558.082s][info][gc,task     ] GC(1265) Using 2 workers of 2 for evacuation
[558.091s][info][gc,phases   ] GC(1265)   Pre Evacuate Collection Set: 0.18ms
[558.091s][info][gc,phases   ] GC(1265)   Merge Heap Roots: 0.06ms
[558.091s][info][gc,phases   ] GC(1265)   Evacuate Collection Set: 8.63ms
[558.091s][info][gc,phases   ] GC(1265)   Post Evacuate Collection Set: 0.33ms
[558.091s][info][gc,phases   ] GC(1265)   Other: 0.08ms
[558.091s][info][gc,heap     ] GC(1265) Eden regions: 29->0(136)
[558.091s][info][gc,heap     ] GC(1265) Survivor regions: 5->12(19)
[558.091s][info][gc,heap     ] GC(1265) Old regions: 64->64
[558.091s][info][gc,heap     ] GC(1265) Humongous regions: 2->2
[558.091s][info][gc,metaspace] GC(1265) Metaspace: 43171K(43520K)->43171K(43520K) NonClass: 40352K(40576K)->40352K(40576K) Class: 2818K(2944K)->2818K(2944K)
[558.091s][info][gc          ] GC(1265) Pause Young (Concurrent Start) (G1 Humongous Allocation) 98M->78M(256M) 9.431ms
[558.091s][info][gc          ] GC(1266) Concurrent Mark Cycle
[558.091s][info][gc,marking  ] GC(1266) Concurrent Scan Root Regions
[558.092s][info][gc,cpu      ] GC(1265) User=0.02s Sys=0.00s Real=0.01s
[558.099s][info][gc,marking  ] GC(1266) Concurrent Scan Root Regions 7.132ms
[558.099s][info][gc,marking  ] GC(1266) Concurrent Mark
[558.099s][info][gc,marking  ] GC(1266) Concurrent Mark From Roots
[558.099s][info][gc,task     ] GC(1266) Using 1 workers of 1 for marking
[558.129s][info][gc,marking  ] GC(1266) Concurrent Mark From Roots 30.574ms
[558.129s][info][gc,marking  ] GC(1266) Concurrent Preclean
[558.129s][info][gc,marking  ] GC(1266) Concurrent Preclean 0.033ms
[558.129s][info][gc,start    ] GC(1266) Pause Remark
[558.145s][info][gc          ] GC(1266) Pause Remark 96M->78M(256M) 15.179ms
[558.145s][info][gc,cpu      ] GC(1266) User=0.03s Sys=0.00s Real=0.02s
[558.145s][info][gc,marking  ] GC(1266) Concurrent Mark 46.136ms
[558.145s][info][gc,marking  ] GC(1266) Concurrent Rebuild Remembered Sets and Scrub Regions
[558.156s][info][gc,marking  ] GC(1266) Concurrent Rebuild Remembered Sets and Scrub Regions 11.720ms
[558.157s][info][gc,start    ] GC(1266) Pause Cleanup
[558.157s][info][gc          ] GC(1266) Pause Cleanup 84M->84M(256M) 0.046ms
[558.157s][info][gc,cpu      ] GC(1266) User=0.00s Sys=0.00s Real=0.00s
[558.157s][info][gc,marking  ] GC(1266) Concurrent Clear Claimed Marks
[558.157s][info][gc,marking  ] GC(1266) Concurrent Clear Claimed Marks 0.032ms
[558.157s][info][gc,marking  ] GC(1266) Concurrent Cleanup for Next Mark
[558.157s][info][gc,marking  ] GC(1266) Concurrent Cleanup for Next Mark 0.733ms
[558.157s][info][gc          ] GC(1266) Concurrent Mark Cycle 66.049ms
[558.421s][info][gc,start    ] GC(1267) Pause Young (Prepare Mixed) (G1 Evacuation Pause)
[558.421s][info][gc,task     ] GC(1267) Using 2 workers of 2 for evacuation
[558.441s][info][gc,phases   ] GC(1267)   Pre Evacuate Collection Set: 0.15ms
[558.441s][info][gc,phases   ] GC(1267)   Merge Heap Roots: 0.07ms
[558.441s][info][gc,phases   ] GC(1267)   Evacuate Collection Set: 18.89ms
[558.441s][info][gc,phases   ] GC(1267)   Post Evacuate Collection Set: 0.42ms
[558.441s][info][gc,phases   ] GC(1267)   Other: 0.09ms
[558.441s][info][gc,heap     ] GC(1267) Eden regions: 136->0(134)
[558.441s][info][gc,heap     ] GC(1267) Survivor regions: 12->19(19)
[558.441s][info][gc,heap     ] GC(1267) Old regions: 47->48
[558.441s][info][gc,heap     ] GC(1267) Humongous regions: 4->4
[558.441s][info][gc,metaspace] GC(1267) Metaspace: 43171K(43520K)->43171K(43520K) NonClass: 40352K(40576K)->40352K(40576K) Class: 2818K(2944K)->2818K(2944K)
[558.441s][info][gc          ] GC(1267) Pause Young (Prepare Mixed) (G1 Evacuation Pause) 199M->70M(256M) 19.837ms
[558.441s][info][gc,cpu      ] GC(1267) User=0.04s Sys=0.00s Real=0.01s
[558.728s][info][gc,start    ] GC(1268) Pause Young (Mixed) (G1 Evacuation Pause)
[558.728s][info][gc,task     ] GC(1268) Using 2 workers of 2 for evacuation
[558.760s][info][gc,phases   ] GC(1268)   Pre Evacuate Collection Set: 0.19ms
[558.760s][info][gc,phases   ] GC(1268)   Merge Heap Roots: 0.07ms
[558.760s][info][gc,phases   ] GC(1268)   Evacuate Collection Set: 30.94ms
[558.760s][info][gc,phases   ] GC(1268)   Post Evacuate Collection Set: 0.40ms
[558.760s][info][gc,phases   ] GC(1268)   Other: 0.10ms
[558.760s][info][gc,heap     ] GC(1268) Eden regions: 134->0(136)
[558.760s][info][gc,heap     ] GC(1268) Survivor regions: 19->17(20)
[558.760s][info][gc,heap     ] GC(1268) Old regions: 48->54
[558.760s][info][gc,heap     ] GC(1268) Humongous regions: 4->4
[558.760s][info][gc,metaspace] GC(1268) Metaspace: 43171K(43520K)->43171K(43520K) NonClass: 40352K(40576K)->40352K(40576K) Class: 2818K(2944K)->2818K(2944K)
[558.760s][info][gc          ] GC(1268) Pause Young (Mixed) (G1 Evacuation Pause) 204M->74M(256M) 31.913ms
[558.760s][info][gc,cpu      ] GC(1268) User=0.06s Sys=0.00s Real=0.03s
[558.765s][info][gc,start    ] GC(1269) Pause Young (Concurrent Start) (G1 Humongous Allocation)
[558.765s][info][gc,task     ] GC(1269) Using 2 workers of 2 for evacuation
[558.777s][info][gc,phases   ] GC(1269)   Pre Evacuate Collection Set: 0.19ms
[558.777s][info][gc,phases   ] GC(1269)   Merge Heap Roots: 0.04ms
[558.777s][info][gc,phases   ] GC(1269)   Evacuate Collection Set: 11.75ms
[558.777s][info][gc,phases   ] GC(1269)   Post Evacuate Collection Set: 0.25ms
[558.777s][info][gc,phases   ] GC(1269)   Other: 0.08ms
[558.777s][info][gc,heap     ] GC(1269) Eden regions: 2->0(139)
[558.777s][info][gc,heap     ] GC(1269) Survivor regions: 17->1(20)
[558.777s][info][gc,heap     ] GC(1269) Old regions: 54->70
[558.777s][info][gc,heap     ] GC(1269) Humongous regions: 4->4
[558.777s][info][gc,metaspace] GC(1269) Metaspace: 43171K(43520K)->43171K(43520K) NonClass: 40352K(40576K)->40352K(40576K) Class: 2818K(2944K)->2818K(2944K)
[558.777s][info][gc          ] GC(1269) Pause Young (Concurrent Start) (G1 Humongous Allocation) 76M->75M(256M) 12.446ms
[558.777s][info][gc,cpu      ] GC(1269) User=0.02s Sys=0.00s Real=0.01s
[558.778s][info][gc          ] GC(1270) Concurrent Mark Cycle
[558.778s][info][gc,marking  ] GC(1270) Concurrent Scan Root Regions
[558.789s][info][gc,marking  ] GC(1270) Concurrent Scan Root Regions 11.258ms
[558.789s][info][gc,marking  ] GC(1270) Concurrent Mark
[558.789s][info][gc,marking  ] GC(1270) Concurrent Mark From Roots
[558.789s][info][gc,task     ] GC(1270) Using 1 workers of 1 for marking
[558.844s][info][gc,marking  ] GC(1270) Concurrent Mark From Roots 54.803ms
[558.844s][info][gc,marking  ] GC(1270) Concurrent Preclean
[558.844s][info][gc,marking  ] GC(1270) Concurrent Preclean 0.033ms
[558.844s][info][gc,start    ] GC(1270) Pause Remark
[558.860s][info][gc          ] GC(1270) Pause Remark 101M->101M(256M) 16.649ms
[558.861s][info][gc,cpu      ] GC(1270) User=0.03s Sys=0.00s Real=0.01s
[558.863s][info][gc,marking  ] GC(1270) Concurrent Mark 74.258ms
[558.863s][info][gc,marking  ] GC(1270) Concurrent Rebuild Remembered Sets and Scrub Regions
[558.899s][info][gc,marking  ] GC(1270) Concurrent Rebuild Remembered Sets and Scrub Regions 35.935ms
[558.899s][info][gc,start    ] GC(1270) Pause Cleanup
[558.899s][info][gc          ] GC(1270) Pause Cleanup 118M->118M(256M) 0.043ms
[558.899s][info][gc,cpu      ] GC(1270) User=0.00s Sys=0.00s Real=0.00s
[558.899s][info][gc,marking  ] GC(1270) Concurrent Clear Claimed Marks
[558.899s][info][gc,marking  ] GC(1270) Concurrent Clear Claimed Marks 0.034ms
[558.899s][info][gc,marking  ] GC(1270) Concurrent Cleanup for Next Mark
[558.900s][info][gc,marking  ] GC(1270) Concurrent Cleanup for Next Mark 0.720ms
[558.900s][info][gc          ] GC(1270) Concurrent Mark Cycle 122.530ms
[559.105s][info][gc,start    ] GC(1271) Pause Young (Prepare Mixed) (G1 Evacuation Pause)
[559.105s][info][gc,task     ] GC(1271) Using 2 workers of 2 for evacuation
[559.125s][info][gc,phases   ] GC(1271)   Pre Evacuate Collection Set: 0.18ms
[559.125s][info][gc,phases   ] GC(1271)   Merge Heap Roots: 0.09ms
[559.125s][info][gc,phases   ] GC(1271)   Evacuate Collection Set: 19.46ms
[559.125s][info][gc,phases   ] GC(1271)   Post Evacuate Collection Set: 0.41ms
[559.125s][info][gc,phases   ] GC(1271)   Other: 0.07ms
[559.125s][info][gc,heap     ] GC(1271) Eden regions: 139->0(126)
[559.125s][info][gc,heap     ] GC(1271) Survivor regions: 1->17(18)
[559.125s][info][gc,heap     ] GC(1271) Old regions: 70->70
[559.125s][info][gc,heap     ] GC(1271) Humongous regions: 6->6
[559.125s][info][gc,metaspace] GC(1271) Metaspace: 43171K(43520K)->43171K(43520K) NonClass: 40352K(40576K)->40352K(40576K) Class: 2818K(2944K)->2818K(2944K)
[559.125s][info][gc          ] GC(1271) Pause Young (Prepare Mixed) (G1 Evacuation Pause) 216M->92M(256M) 20.411ms
[559.125s][info][gc,cpu      ] GC(1271) User=0.04s Sys=0.00s Real=0.02s
[559.398s][info][gc,start    ] GC(1272) Pause Young (Mixed) (G1 Evacuation Pause)
[559.398s][info][gc,task     ] GC(1272) Using 2 workers of 2 for evacuation
[559.432s][info][gc,phases   ] GC(1272)   Pre Evacuate Collection Set: 0.25ms
[559.432s][info][gc,phases   ] GC(1272)   Merge Heap Roots: 0.10ms
[559.432s][info][gc,phases   ] GC(1272)   Evacuate Collection Set: 33.17ms
[559.432s][info][gc,phases   ] GC(1272)   Post Evacuate Collection Set: 0.38ms
[559.432s][info][gc,phases   ] GC(1272)   Other: 0.08ms
[559.432s][info][gc,heap     ] GC(1272) Eden regions: 126->0(118)
[559.432s][info][gc,heap     ] GC(1272) Survivor regions: 17->15(18)
[559.432s][info][gc,heap     ] GC(1272) Old regions: 70->83
[559.432s][info][gc,heap     ] GC(1272) Humongous regions: 6->6
[559.432s][info][gc,metaspace] GC(1272) Metaspace: 43171K(43520K)->43171K(43520K) NonClass: 40352K(40576K)->40352K(40576K) Class: 2818K(2944K)->2818K(2944K)
[559.432s][info][gc          ] GC(1272) Pause Young (Mixed) (G1 Evacuation Pause) 218M->103M(256M) 34.206ms
[559.432s][info][gc,cpu      ] GC(1272) User=0.07s Sys=0.01s Real=0.04s
[559.453s][info][gc,start    ] GC(1273) Pause Young (Concurrent Start) (G1 Humongous Allocation)
[559.453s][info][gc,task     ] GC(1273) Using 2 workers of 2 for evacuation
[559.469s][info][gc,phases   ] GC(1273)   Pre Evacuate Collection Set: 0.15ms
[559.469s][info][gc,phases   ] GC(1273)   Merge Heap Roots: 0.06ms
[559.469s][info][gc,phases   ] GC(1273)   Evacuate Collection Set: 15.43ms
[559.469s][info][gc,phases   ] GC(1273)   Post Evacuate Collection Set: 0.95ms
[559.469s][info][gc,phases   ] GC(1273)   Other: 0.10ms
[559.469s][info][gc,heap     ] GC(1273) Eden regions: 9->0(185)
[559.469s][info][gc,heap     ] GC(1273) Survivor regions: 15->2(17)
[559.469s][info][gc,heap     ] GC(1273) Old regions: 83->98
[559.469s][info][gc,heap     ] GC(1273) Humongous regions: 6->6
[559.469s][info][gc,metaspace] GC(1273) Metaspace: 43171K(43520K)->43171K(43520K) NonClass: 40352K(40576K)->40352K(40576K) Class: 2818K(2944K)->2818K(2944K)
[559.470s][info][gc          ] GC(1273) Pause Young (Concurrent Start) (G1 Humongous Allocation) 112M->105M(354M) 16.855ms
[559.470s][info][gc,cpu      ] GC(1273) User=0.03s Sys=0.00s Real=0.01s
[559.470s][info][gc          ] GC(1274) Concurrent Mark Cycle
[559.470s][info][gc,marking  ] GC(1274) Concurrent Scan Root Regions
[559.483s][info][gc,marking  ] GC(1274) Concurrent Scan Root Regions 13.254ms
[559.483s][info][gc,marking  ] GC(1274) Concurrent Mark
[559.483s][info][gc,marking  ] GC(1274) Concurrent Mark From Roots
[559.483s][info][gc,task     ] GC(1274) Using 1 workers of 1 for marking
[559.580s][info][gc,marking  ] GC(1274) Concurrent Mark From Roots 96.625ms
[559.580s][info][gc,marking  ] GC(1274) Concurrent Preclean
[559.580s][info][gc,marking  ] GC(1274) Concurrent Preclean 0.046ms
[559.580s][info][gc,start    ] GC(1274) Pause Remark
[559.595s][info][gc          ] GC(1274) Pause Remark 132M->131M(354M) 15.176ms
[559.595s][info][gc,cpu      ] GC(1274) User=0.03s Sys=0.00s Real=0.02s
[559.595s][info][gc,marking  ] GC(1274) Concurrent Mark 112.211ms
[559.595s][info][gc,marking  ] GC(1274) Concurrent Rebuild Remembered Sets and Scrub Regions
[559.651s][info][gc,marking  ] GC(1274) Concurrent Rebuild Remembered Sets and Scrub Regions 56.254ms
[559.652s][info][gc,start    ] GC(1274) Pause Cleanup
[559.652s][info][gc          ] GC(1274) Pause Cleanup 149M->149M(354M) 0.064ms
[559.652s][info][gc,cpu      ] GC(1274) User=0.00s Sys=0.00s Real=0.00s
[559.652s][info][gc,marking  ] GC(1274) Concurrent Clear Claimed Marks
[559.652s][info][gc,marking  ] GC(1274) Concurrent Clear Claimed Marks 0.039ms
[559.652s][info][gc,marking  ] GC(1274) Concurrent Cleanup for Next Mark
[559.654s][info][gc,marking  ] GC(1274) Concurrent Cleanup for Next Mark 2.002ms
[559.654s][info][gc          ] GC(1274) Concurrent Mark Cycle 184.207ms
[560.421s][info][gc,start    ] GC(1275) Pause Young (Prepare Mixed) (G1 Evacuation Pause)
[560.421s][info][gc,task     ] GC(1275) Using 2 workers of 2 for evacuation
[560.474s][info][gc,phases   ] GC(1275)   Pre Evacuate Collection Set: 0.20ms
[560.474s][info][gc,phases   ] GC(1275)   Merge Heap Roots: 0.18ms
[560.474s][info][gc,phases   ] GC(1275)   Evacuate Collection Set: 51.68ms
[560.474s][info][gc,phases   ] GC(1275)   Post Evacuate Collection Set: 0.57ms
[560.474s][info][gc,phases   ] GC(1275)   Other: 0.10ms
[560.474s][info][gc,heap     ] GC(1275) Eden regions: 185->0(137)
[560.474s][info][gc,heap     ] GC(1275) Survivor regions: 2->24(24)
[560.474s][info][gc,heap     ] GC(1275) Old regions: 98->115
[560.474s][info][gc,heap     ] GC(1275) Humongous regions: 17->17
[560.474s][info][gc,metaspace] GC(1275) Metaspace: 43171K(43520K)->43171K(43520K) NonClass: 40352K(40576K)->40352K(40576K) Class: 2818K(2944K)->2818K(2944K)
[560.474s][info][gc          ] GC(1275) Pause Young (Prepare Mixed) (G1 Evacuation Pause) 301M->156M(354M) 52.982ms
[560.474s][info][gc,cpu      ] GC(1275) User=0.10s Sys=0.00s Real=0.05s
[561.364s][info][gc,start    ] GC(1276) Pause Young (Mixed) (G1 Evacuation Pause)
[561.364s][info][gc,task     ] GC(1276) Using 2 workers of 2 for evacuation
[561.410s][info][gc,phases   ] GC(1276)   Pre Evacuate Collection Set: 0.20ms
[561.410s][info][gc,phases   ] GC(1276)   Merge Heap Roots: 0.26ms
[561.410s][info][gc,phases   ] GC(1276)   Evacuate Collection Set: 44.40ms
[561.410s][info][gc,phases   ] GC(1276)   Post Evacuate Collection Set: 0.48ms
[561.410s][info][gc,phases   ] GC(1276)   Other: 0.07ms
[561.410s][info][gc,heap     ] GC(1276) Eden regions: 137->0(138)
[561.410s][info][gc,heap     ] GC(1276) Survivor regions: 24->10(21)
[561.410s][info][gc,heap     ] GC(1276) Old regions: 115->133
[561.410s][info][gc,heap     ] GC(1276) Humongous regions: 17->15
[561.410s][info][gc,metaspace] GC(1276) Metaspace: 43171K(43520K)->43171K(43520K) NonClass: 40352K(40576K)->40352K(40576K) Class: 2818K(2944K)->2818K(2944K)
[561.410s][info][gc          ] GC(1276) Pause Young (Mixed) (G1 Evacuation Pause) 293M->158M(354M) 45.601ms
[561.410s][info][gc,cpu      ] GC(1276) User=0.09s Sys=0.00s Real=0.04s
[561.971s][info][gc,start    ] GC(1277) Pause Young (Concurrent Start) (G1 Evacuation Pause)
[561.971s][info][gc,task     ] GC(1277) Using 2 workers of 2 for evacuation
[561.988s][info][gc,phases   ] GC(1277)   Pre Evacuate Collection Set: 0.23ms
[561.988s][info][gc,phases   ] GC(1277)   Merge Heap Roots: 0.12ms
[561.988s][info][gc,phases   ] GC(1277)   Evacuate Collection Set: 15.63ms
[561.988s][info][gc,phases   ] GC(1277)   Post Evacuate Collection Set: 0.38ms
[561.988s][info][gc,phases   ] GC(1277)   Other: 0.09ms
[561.988s][info][gc,heap     ] GC(1277) Eden regions: 138->0(138)
[561.988s][info][gc,heap     ] GC(1277) Survivor regions: 10->8(19)
[561.988s][info][gc,heap     ] GC(1277) Old regions: 133->142
[561.988s][info][gc,heap     ] GC(1277) Humongous regions: 15->15
[561.988s][info][gc,metaspace] GC(1277) Metaspace: 43171K(43520K)->43171K(43520K) NonClass: 40352K(40576K)->40352K(40576K) Class: 2818K(2944K)->2818K(2944K)
[561.988s][info][gc          ] GC(1277) Pause Young (Concurrent Start) (G1 Evacuation Pause) 296M->164M(354M) 16.653ms
[561.988s][info][gc          ] GC(1278) Concurrent Mark Cycle
[561.988s][info][gc,marking  ] GC(1278) Concurrent Scan Root Regions
[561.990s][info][gc,cpu      ] GC(1277) User=0.04s Sys=0.00s Real=0.02s
[561.996s][info][gc,marking  ] GC(1278) Concurrent Scan Root Regions 8.262ms
[561.996s][info][gc,marking  ] GC(1278) Concurrent Mark
[561.996s][info][gc,marking  ] GC(1278) Concurrent Mark From Roots
[561.996s][info][gc,task     ] GC(1278) Using 1 workers of 1 for marking
[562.029s][info][gc,marking  ] GC(1278) Concurrent Mark From Roots 33.124ms
[562.029s][info][gc,marking  ] GC(1278) Concurrent Preclean
[562.029s][info][gc,marking  ] GC(1278) Concurrent Preclean 0.032ms
[562.029s][info][gc,start    ] GC(1278) Pause Remark
[562.045s][info][gc          ] GC(1278) Pause Remark 171M->64M(256M) 15.365ms
[562.045s][info][gc,cpu      ] GC(1278) User=0.03s Sys=0.00s Real=0.02s
[562.045s][info][gc,marking  ] GC(1278) Concurrent Mark 48.686ms
[562.045s][info][gc,marking  ] GC(1278) Concurrent Rebuild Remembered Sets and Scrub Regions
[562.060s][info][gc,marking  ] GC(1278) Concurrent Rebuild Remembered Sets and Scrub Regions 15.559ms
[562.060s][info][gc,start    ] GC(1278) Pause Cleanup
[562.060s][info][gc          ] GC(1278) Pause Cleanup 67M->67M(256M) 0.039ms
[562.060s][info][gc,cpu      ] GC(1278) User=0.00s Sys=0.00s Real=0.00s
[562.061s][info][gc,marking  ] GC(1278) Concurrent Clear Claimed Marks
[562.061s][info][gc,marking  ] GC(1278) Concurrent Clear Claimed Marks 0.034ms
[562.061s][info][gc,marking  ] GC(1278) Concurrent Cleanup for Next Mark
[562.061s][info][gc,marking  ] GC(1278) Concurrent Cleanup for Next Mark 0.739ms
[562.061s][info][gc          ] GC(1278) Concurrent Mark Cycle 73.577ms
[562.743s][info][gc,start    ] GC(1279) Pause Young (Prepare Mixed) (G1 Evacuation Pause)
[562.743s][info][gc,task     ] GC(1279) Using 2 workers of 2 for evacuation
[562.759s][info][gc,phases   ] GC(1279)   Pre Evacuate Collection Set: 0.18ms
[562.759s][info][gc,phases   ] GC(1279)   Merge Heap Roots: 0.07ms
[562.759s][info][gc,phases   ] GC(1279)   Evacuate Collection Set: 15.33ms
[562.759s][info][gc,phases   ] GC(1279)   Post Evacuate Collection Set: 0.40ms
[562.759s][info][gc,phases   ] GC(1279)   Other: 0.09ms
[562.759s][info][gc,heap     ] GC(1279) Eden regions: 138->0(134)
[562.759s][info][gc,heap     ] GC(1279) Survivor regions: 8->19(19)
[562.759s][info][gc,heap     ] GC(1279) Old regions: 49->49
[562.759s][info][gc,heap     ] GC(1279) Humongous regions: 1->1
[562.759s][info][gc,metaspace] GC(1279) Metaspace: 43171K(43520K)->43171K(43520K) NonClass: 40352K(40576K)->40352K(40576K) Class: 2818K(2944K)->2818K(2944K)
[562.759s][info][gc          ] GC(1279) Pause Young (Prepare Mixed) (G1 Evacuation Pause) 195M->68M(256M) 16.241ms
[562.759s][info][gc,cpu      ] GC(1279) User=0.03s Sys=0.00s Real=0.01s
[563.472s][info][gc,start    ] GC(1280) Pause Young (Mixed) (G1 Evacuation Pause)
[563.472s][info][gc,task     ] GC(1280) Using 2 workers of 2 for evacuation
[563.500s][info][gc,phases   ] GC(1280)   Pre Evacuate Collection Set: 0.16ms
[563.500s][info][gc,phases   ] GC(1280)   Merge Heap Roots: 0.08ms
[563.500s][info][gc,phases   ] GC(1280)   Evacuate Collection Set: 27.46ms
[563.500s][info][gc,phases   ] GC(1280)   Post Evacuate Collection Set: 0.41ms
[563.500s][info][gc,phases   ] GC(1280)   Other: 0.07ms
[563.500s][info][gc,heap     ] GC(1280) Eden regions: 134->0(131)
[563.500s][info][gc,heap     ] GC(1280) Survivor regions: 19->17(20)
[563.500s][info][gc,heap     ] GC(1280) Old regions: 49->63
[563.500s][info][gc,heap     ] GC(1280) Humongous regions: 1->1
[563.500s][info][gc,metaspace] GC(1280) Metaspace: 43171K(43520K)->43171K(43520K) NonClass: 40352K(40576K)->40352K(40576K) Class: 2818K(2944K)->2818K(2944K)
[563.500s][info][gc          ] GC(1280) Pause Young (Mixed) (G1 Evacuation Pause) 202M->80M(256M) 28.385ms
[563.500s][info][gc,cpu      ] GC(1280) User=0.06s Sys=0.00s Real=0.02s
[564.206s][info][gc,start    ] GC(1281) Pause Young (Concurrent Start) (G1 Evacuation Pause)
[564.206s][info][gc,task     ] GC(1281) Using 2 workers of 2 for evacuation
[564.230s][info][gc,phases   ] GC(1281)   Pre Evacuate Collection Set: 0.18ms
[564.230s][info][gc,phases   ] GC(1281)   Merge Heap Roots: 0.07ms
[564.230s][info][gc,phases   ] GC(1281)   Evacuate Collection Set: 22.83ms
[564.230s][info][gc,phases   ] GC(1281)   Post Evacuate Collection Set: 0.39ms
[564.230s][info][gc,phases   ] GC(1281)   Other: 0.08ms
[564.230s][info][gc,heap     ] GC(1281) Eden regions: 131->0(127)
[564.230s][info][gc,heap     ] GC(1281) Survivor regions: 17->11(19)
[564.230s][info][gc,heap     ] GC(1281) Old regions: 63->79
[564.230s][info][gc,heap     ] GC(1281) Humongous regions: 1->1
[564.230s][info][gc,metaspace] GC(1281) Metaspace: 43171K(43520K)->43171K(43520K) NonClass: 40352K(40576K)->40352K(40576K) Class: 2818K(2944K)->2818K(2944K)
[564.230s][info][gc          ] GC(1281) Pause Young (Concurrent Start) (G1 Evacuation Pause) 211M->91M(256M) 23.767ms
[564.230s][info][gc,cpu      ] GC(1281) User=0.05s Sys=0.00s Real=0.02s
[564.230s][info][gc          ] GC(1282) Concurrent Mark Cycle
[564.230s][info][gc,marking  ] GC(1282) Concurrent Scan Root Regions
[564.248s][info][gc,marking  ] GC(1282) Concurrent Scan Root Regions 18.150ms
[564.248s][info][gc,marking  ] GC(1282) Concurrent Mark
[564.248s][info][gc,marking  ] GC(1282) Concurrent Mark From Roots
[564.248s][info][gc,task     ] GC(1282) Using 1 workers of 1 for marking
[564.288s][info][gc,marking  ] GC(1282) Concurrent Mark From Roots 40.133ms
[564.288s][info][gc,marking  ] GC(1282) Concurrent Preclean
[564.288s][info][gc,marking  ] GC(1282) Concurrent Preclean 0.033ms
[564.288s][info][gc,start    ] GC(1282) Pause Remark
[564.303s][info][gc          ] GC(1282) Pause Remark 102M->99M(256M) 14.935ms
[564.303s][info][gc,cpu      ] GC(1282) User=0.03s Sys=0.00s Real=0.02s
[564.303s][info][gc,marking  ] GC(1282) Concurrent Mark 55.361ms
[564.303s][info][gc,marking  ] GC(1282) Concurrent Rebuild Remembered Sets and Scrub Regions
[564.330s][info][gc,marking  ] GC(1282) Concurrent Rebuild Remembered Sets and Scrub Regions 26.625ms
[564.330s][info][gc,start    ] GC(1282) Pause Cleanup
[564.330s][info][gc          ] GC(1282) Pause Cleanup 103M->103M(256M) 0.046ms
[564.330s][info][gc,cpu      ] GC(1282) User=0.00s Sys=0.00s Real=0.00s
[564.330s][info][gc,marking  ] GC(1282) Concurrent Clear Claimed Marks
[564.330s][info][gc,marking  ] GC(1282) Concurrent Clear Claimed Marks 0.034ms
[564.330s][info][gc,marking  ] GC(1282) Concurrent Cleanup for Next Mark
[564.331s][info][gc,marking  ] GC(1282) Concurrent Cleanup for Next Mark 0.732ms
[564.331s][info][gc          ] GC(1282) Concurrent Mark Cycle 101.140ms
[564.920s][info][gc,start    ] GC(1283) Pause Young (Prepare Mixed) (G1 Evacuation Pause)
[564.920s][info][gc,task     ] GC(1283) Using 2 workers of 2 for evacuation
[564.933s][info][gc,phases   ] GC(1283)   Pre Evacuate Collection Set: 0.19ms
[564.933s][info][gc,phases   ] GC(1283)   Merge Heap Roots: 0.07ms
[564.933s][info][gc,phases   ] GC(1283)   Evacuate Collection Set: 12.68ms
[564.933s][info][gc,phases   ] GC(1283)   Post Evacuate Collection Set: 0.38ms
[564.933s][info][gc,phases   ] GC(1283)   Other: 0.07ms
[564.933s][info][gc,heap     ] GC(1283) Eden regions: 127->0(126)
[564.933s][info][gc,heap     ] GC(1283) Survivor regions: 11->13(18)
[564.933s][info][gc,heap     ] GC(1283) Old regions: 76->77
[564.933s][info][gc,heap     ] GC(1283) Humongous regions: 2->2
[564.933s][info][gc,metaspace] GC(1283) Metaspace: 43171K(43520K)->43171K(43520K) NonClass: 40352K(40576K)->40352K(40576K) Class: 2818K(2944K)->2818K(2944K)
[564.933s][info][gc          ] GC(1283) Pause Young (Prepare Mixed) (G1 Evacuation Pause) 216M->92M(256M) 13.583ms
[564.933s][info][gc,cpu      ] GC(1283) User=0.03s Sys=0.00s Real=0.02s
[565.599s][info][gc,start    ] GC(1284) Pause Young (Mixed) (G1 Evacuation Pause)
[565.600s][info][gc,task     ] GC(1284) Using 2 workers of 2 for evacuation
[565.616s][info][gc,phases   ] GC(1284)   Pre Evacuate Collection Set: 0.16ms
[565.616s][info][gc,phases   ] GC(1284)   Merge Heap Roots: 0.13ms
[565.616s][info][gc,phases   ] GC(1284)   Evacuate Collection Set: 15.63ms
[565.616s][info][gc,phases   ] GC(1284)   Post Evacuate Collection Set: 0.40ms
[565.616s][info][gc,phases   ] GC(1284)   Other: 0.10ms
[565.616s][info][gc,heap     ] GC(1284) Eden regions: 126->0(142)
[565.616s][info][gc,heap     ] GC(1284) Survivor regions: 13->10(18)
[565.616s][info][gc,heap     ] GC(1284) Old regions: 77->61
[565.616s][info][gc,heap     ] GC(1284) Humongous regions: 2->2
[565.616s][info][gc,metaspace] GC(1284) Metaspace: 43171K(43520K)->43171K(43520K) NonClass: 40352K(40576K)->40352K(40576K) Class: 2818K(2944K)->2818K(2944K)
[565.616s][info][gc          ] GC(1284) Pause Young (Mixed) (G1 Evacuation Pause) 218M->72M(256M) 16.630ms
[565.616s][info][gc,cpu      ] GC(1284) User=0.03s Sys=0.00s Real=0.02s
[566.053s][info][gc,start    ] GC(1285) Pause Young (Concurrent Start) (G1 Humongous Allocation)
[566.053s][info][gc,task     ] GC(1285) Using 2 workers of 2 for evacuation
[566.072s][info][gc,phases   ] GC(1285)   Pre Evacuate Collection Set: 0.20ms
[566.072s][info][gc,phases   ] GC(1285)   Merge Heap Roots: 0.09ms
[566.072s][info][gc,phases   ] GC(1285)   Evacuate Collection Set: 18.13ms
[566.072s][info][gc,phases   ] GC(1285)   Post Evacuate Collection Set: 0.39ms
[566.072s][info][gc,phases   ] GC(1285)   Other: 0.11ms
[566.072s][info][gc,heap     ] GC(1285) Eden regions: 95->0(133)
[566.072s][info][gc,heap     ] GC(1285) Survivor regions: 10->19(19)
[566.072s][info][gc,heap     ] GC(1285) Old regions: 61->63
[566.072s][info][gc,heap     ] GC(1285) Humongous regions: 2->2
[566.072s][info][gc,metaspace] GC(1285) Metaspace: 43171K(43520K)->43171K(43520K) NonClass: 40352K(40576K)->40352K(40576K) Class: 2818K(2944K)->2818K(2944K)
[566.072s][info][gc          ] GC(1285) Pause Young (Concurrent Start) (G1 Humongous Allocation) 167M->83M(256M) 19.093ms
[566.072s][info][gc          ] GC(1286) Concurrent Mark Cycle
[566.072s][info][gc,marking  ] GC(1286) Concurrent Scan Root Regions
[566.073s][info][gc,cpu      ] GC(1285) User=0.03s Sys=0.00s Real=0.02s
[566.093s][info][gc,marking  ] GC(1286) Concurrent Scan Root Regions 21.110ms
[566.093s][info][gc,marking  ] GC(1286) Concurrent Mark
[566.093s][info][gc,marking  ] GC(1286) Concurrent Mark From Roots
[566.093s][info][gc,task     ] GC(1286) Using 1 workers of 1 for marking
[566.133s][info][gc,marking  ] GC(1286) Concurrent Mark From Roots 39.724ms
[566.133s][info][gc,marking  ] GC(1286) Concurrent Preclean
[566.133s][info][gc,marking  ] GC(1286) Concurrent Preclean 0.031ms
[566.133s][info][gc,start    ] GC(1286) Pause Remark
[566.148s][info][gc          ] GC(1286) Pause Remark 99M->91M(256M) 14.972ms
[566.148s][info][gc,cpu      ] GC(1286) User=0.03s Sys=0.00s Real=0.01s
[566.149s][info][gc,marking  ] GC(1286) Concurrent Mark 55.757ms
[566.149s][info][gc,marking  ] GC(1286) Concurrent Rebuild Remembered Sets and Scrub Regions
[566.164s][info][gc,marking  ] GC(1286) Concurrent Rebuild Remembered Sets and Scrub Regions 14.371ms
[566.164s][info][gc,start    ] GC(1286) Pause Cleanup
[566.164s][info][gc          ] GC(1286) Pause Cleanup 94M->94M(256M) 0.058ms
[566.164s][info][gc,cpu      ] GC(1286) User=0.00s Sys=0.00s Real=0.00s
[566.164s][info][gc,marking  ] GC(1286) Concurrent Clear Claimed Marks
[566.164s][info][gc,marking  ] GC(1286) Concurrent Clear Claimed Marks 0.039ms
[566.164s][info][gc,marking  ] GC(1286) Concurrent Cleanup for Next Mark
[566.165s][info][gc,marking  ] GC(1286) Concurrent Cleanup for Next Mark 0.745ms
[566.165s][info][gc          ] GC(1286) Concurrent Mark Cycle 92.586ms
[566.609s][info][gc,start    ] GC(1287) Pause Young (Prepare Mixed) (G1 Evacuation Pause)
[566.609s][info][gc,task     ] GC(1287) Using 2 workers of 2 for evacuation
[566.618s][info][gc,phases   ] GC(1287)   Pre Evacuate Collection Set: 0.17ms
[566.618s][info][gc,phases   ] GC(1287)   Merge Heap Roots: 0.07ms
[566.618s][info][gc,phases   ] GC(1287)   Evacuate Collection Set: 7.43ms
[566.618s][info][gc,phases   ] GC(1287)   Post Evacuate Collection Set: 0.38ms
[566.618s][info][gc,phases   ] GC(1287)   Other: 0.07ms
[566.618s][info][gc,heap     ] GC(1287) Eden regions: 133->0(146)
[566.618s][info][gc,heap     ] GC(1287) Survivor regions: 19->5(19)
[566.618s][info][gc,heap     ] GC(1287) Old regions: 56->63
[566.618s][info][gc,heap     ] GC(1287) Humongous regions: 13->3
[566.618s][info][gc,metaspace] GC(1287) Metaspace: 43171K(43520K)->43171K(43520K) NonClass: 40352K(40576K)->40352K(40576K) Class: 2818K(2944K)->2818K(2944K)
[566.618s][info][gc          ] GC(1287) Pause Young (Prepare Mixed) (G1 Evacuation Pause) 220M->70M(256M) 8.312ms
[566.618s][info][gc,cpu      ] GC(1287) User=0.02s Sys=0.00s Real=0.01s
[567.150s][info][gc,start    ] GC(1288) Pause Young (Mixed) (G1 Evacuation Pause)
[567.151s][info][gc,task     ] GC(1288) Using 2 workers of 2 for evacuation
[567.162s][info][gc,phases   ] GC(1288)   Pre Evacuate Collection Set: 0.20ms
[567.162s][info][gc,phases   ] GC(1288)   Merge Heap Roots: 0.08ms
[567.162s][info][gc,phases   ] GC(1288)   Evacuate Collection Set: 10.80ms
[567.162s][info][gc,phases   ] GC(1288)   Post Evacuate Collection Set: 0.45ms
[567.162s][info][gc,phases   ] GC(1288)   Other: 0.07ms
[567.162s][info][gc,heap     ] GC(1288) Eden regions: 146->0(141)
[567.162s][info][gc,heap     ] GC(1288) Survivor regions: 5->12(19)
[567.162s][info][gc,heap     ] GC(1288) Old regions: 63->46
[567.162s][info][gc,heap     ] GC(1288) Humongous regions: 12->3
[567.162s][info][gc,metaspace] GC(1288) Metaspace: 43171K(43520K)->43171K(43520K) NonClass: 40352K(40576K)->40352K(40576K) Class: 2818K(2944K)->2818K(2944K)
[567.162s][info][gc          ] GC(1288) Pause Young (Mixed) (G1 Evacuation Pause) 225M->60M(256M) 11.774ms
[567.162s][info][gc,cpu      ] GC(1288) User=0.02s Sys=0.00s Real=0.02s
[567.220s][info][gc,start    ] GC(1289) Pause Young (Concurrent Start) (G1 Humongous Allocation)
[567.220s][info][gc,task     ] GC(1289) Using 2 workers of 2 for evacuation
[567.231s][info][gc,phases   ] GC(1289)   Pre Evacuate Collection Set: 0.18ms
[567.231s][info][gc,phases   ] GC(1289)   Merge Heap Roots: 0.04ms
[567.231s][info][gc,phases   ] GC(1289)   Evacuate Collection Set: 10.44ms
[567.231s][info][gc,phases   ] GC(1289)   Post Evacuate Collection Set: 0.31ms
[567.231s][info][gc,phases   ] GC(1289)   Other: 0.10ms
[567.231s][info][gc,heap     ] GC(1289) Eden regions: 16->0(142)
[567.231s][info][gc,heap     ] GC(1289) Survivor regions: 12->11(20)
[567.231s][info][gc,heap     ] GC(1289) Old regions: 46->49
[567.231s][info][gc,heap     ] GC(1289) Humongous regions: 3->3
[567.231s][info][gc,metaspace] GC(1289) Metaspace: 43171K(43520K)->43171K(43520K) NonClass: 40352K(40576K)->40352K(40576K) Class: 2818K(2944K)->2818K(2944K)
[567.231s][info][gc          ] GC(1289) Pause Young (Concurrent Start) (G1 Humongous Allocation) 75M->62M(256M) 11.264ms
[567.231s][info][gc,cpu      ] GC(1289) User=0.02s Sys=0.00s Real=0.02s
[567.231s][info][gc          ] GC(1290) Concurrent Mark Cycle
[567.231s][info][gc,marking  ] GC(1290) Concurrent Scan Root Regions
[567.240s][info][gc,marking  ] GC(1290) Concurrent Scan Root Regions 8.325ms
[567.240s][info][gc,marking  ] GC(1290) Concurrent Mark
[567.240s][info][gc,marking  ] GC(1290) Concurrent Mark From Roots
[567.240s][info][gc,task     ] GC(1290) Using 1 workers of 1 for marking
[567.298s][info][gc,marking  ] GC(1290) Concurrent Mark From Roots 58.582ms
[567.298s][info][gc,marking  ] GC(1290) Concurrent Preclean
[567.298s][info][gc,marking  ] GC(1290) Concurrent Preclean 0.034ms
[567.298s][info][gc,start    ] GC(1290) Pause Remark
[567.314s][info][gc          ] GC(1290) Pause Remark 78M->78M(256M) 15.831ms
[567.314s][info][gc,cpu      ] GC(1290) User=0.03s Sys=0.00s Real=0.02s
[567.314s][info][gc,marking  ] GC(1290) Concurrent Mark 74.671ms
[567.314s][info][gc,marking  ] GC(1290) Concurrent Rebuild Remembered Sets and Scrub Regions
[567.334s][info][gc,marking  ] GC(1290) Concurrent Rebuild Remembered Sets and Scrub Regions 19.693ms
[567.334s][info][gc,start    ] GC(1290) Pause Cleanup
[567.334s][info][gc          ] GC(1290) Pause Cleanup 82M->82M(256M) 0.042ms
[567.334s][info][gc,cpu      ] GC(1290) User=0.00s Sys=0.00s Real=0.00s
[567.334s][info][gc,marking  ] GC(1290) Concurrent Clear Claimed Marks
[567.334s][info][gc,marking  ] GC(1290) Concurrent Clear Claimed Marks 0.034ms
[567.334s][info][gc,marking  ] GC(1290) Concurrent Cleanup for Next Mark
[567.335s][info][gc,marking  ] GC(1290) Concurrent Cleanup for Next Mark 0.851ms
[567.335s][info][gc          ] GC(1290) Concurrent Mark Cycle 103.914ms
[567.839s][info][gc,start    ] GC(1291) Pause Young (Prepare Mixed) (G1 Evacuation Pause)
[567.839s][info][gc,task     ] GC(1291) Using 2 workers of 2 for evacuation
[567.851s][info][gc,phases   ] GC(1291)   Pre Evacuate Collection Set: 0.16ms
[567.851s][info][gc,phases   ] GC(1291)   Merge Heap Roots: 0.06ms
[567.851s][info][gc,phases   ] GC(1291)   Evacuate Collection Set: 10.95ms
[567.851s][info][gc,phases   ] GC(1291)   Post Evacuate Collection Set: 0.49ms
[567.851s][info][gc,phases   ] GC(1291)   Other: 0.07ms
[567.851s][info][gc,heap     ] GC(1291) Eden regions: 142->0(142)
[567.851s][info][gc,heap     ] GC(1291) Survivor regions: 11->11(20)
[567.851s][info][gc,heap     ] GC(1291) Old regions: 49->49
[567.851s][info][gc,heap     ] GC(1291) Humongous regions: 10->3
[567.851s][info][gc,metaspace] GC(1291) Metaspace: 43171K(43520K)->43171K(43520K) NonClass: 40352K(40576K)->40352K(40576K) Class: 2818K(2944K)->2818K(2944K)
[567.851s][info][gc          ] GC(1291) Pause Young (Prepare Mixed) (G1 Evacuation Pause) 211M->62M(256M) 11.894ms
[567.851s][info][gc,cpu      ] GC(1291) User=0.03s Sys=0.00s Real=0.01s
[568.471s][info][gc,start    ] GC(1292) Pause Young (Mixed) (G1 Evacuation Pause)
[568.471s][info][gc,task     ] GC(1292) Using 2 workers of 2 for evacuation
[568.493s][info][gc,phases   ] GC(1292)   Pre Evacuate Collection Set: 0.18ms
[568.493s][info][gc,phases   ] GC(1292)   Merge Heap Roots: 0.06ms
[568.493s][info][gc,phases   ] GC(1292)   Evacuate Collection Set: 21.11ms
[568.493s][info][gc,phases   ] GC(1292)   Post Evacuate Collection Set: 0.45ms
[568.493s][info][gc,phases   ] GC(1292)   Other: 0.07ms
[568.493s][info][gc,heap     ] GC(1292) Eden regions: 142->0(133)
[568.493s][info][gc,heap     ] GC(1292) Survivor regions: 11->20(20)
[568.493s][info][gc,heap     ] GC(1292) Old regions: 49->48
[568.493s][info][gc,heap     ] GC(1292) Humongous regions: 7->3
[568.493s][info][gc,metaspace] GC(1292) Metaspace: 43172K(43520K)->43172K(43520K) NonClass: 40354K(40576K)->40354K(40576K) Class: 2818K(2944K)->2818K(2944K)
[568.493s][info][gc          ] GC(1292) Pause Young (Mixed) (G1 Evacuation Pause) 208M->70M(256M) 22.042ms
[568.493s][info][gc,cpu      ] GC(1292) User=0.04s Sys=0.00s Real=0.03s
[568.764s][info][gc,start    ] GC(1293) Pause Young (Concurrent Start) (G1 Humongous Allocation)
[568.764s][info][gc,task     ] GC(1293) Using 2 workers of 2 for evacuation
[568.784s][info][gc,phases   ] GC(1293)   Pre Evacuate Collection Set: 0.17ms
[568.784s][info][gc,phases   ] GC(1293)   Merge Heap Roots: 0.07ms
[568.784s][info][gc,phases   ] GC(1293)   Evacuate Collection Set: 18.97ms
[568.784s][info][gc,phases   ] GC(1293)   Post Evacuate Collection Set: 0.36ms
[568.784s][info][gc,phases   ] GC(1293)   Other: 0.11ms
[568.784s][info][gc,heap     ] GC(1293) Eden regions: 62->0(145)
[568.784s][info][gc,heap     ] GC(1293) Survivor regions: 20->7(20)
[568.784s][info][gc,heap     ] GC(1293) Old regions: 48->57
[568.784s][info][gc,heap     ] GC(1293) Humongous regions: 3->1
[568.784s][info][gc,metaspace] GC(1293) Metaspace: 43172K(43520K)->43172K(43520K) NonClass: 40354K(40576K)->40354K(40576K) Class: 2818K(2944K)->2818K(2944K)
[568.784s][info][gc          ] GC(1293) Pause Young (Concurrent Start) (G1 Humongous Allocation) 131M->65M(256M) 19.880ms
[568.784s][info][gc,cpu      ] GC(1293) User=0.04s Sys=0.00s Real=0.02s
[568.784s][info][gc          ] GC(1294) Concurrent Mark Cycle
[568.784s][info][gc,marking  ] GC(1294) Concurrent Scan Root Regions
[568.803s][info][gc,marking  ] GC(1294) Concurrent Scan Root Regions 19.034ms
[568.803s][info][gc,marking  ] GC(1294) Concurrent Mark
[568.803s][info][gc,marking  ] GC(1294) Concurrent Mark From Roots
[568.803s][info][gc,task     ] GC(1294) Using 1 workers of 1 for marking
[568.848s][info][gc,marking  ] GC(1294) Concurrent Mark From Roots 44.907ms
[568.848s][info][gc,marking  ] GC(1294) Concurrent Preclean
[568.848s][info][gc,marking  ] GC(1294) Concurrent Preclean 0.050ms
[568.848s][info][gc,start    ] GC(1294) Pause Remark
[568.864s][info][gc          ] GC(1294) Pause Remark 83M->83M(256M) 15.547ms
[568.864s][info][gc,cpu      ] GC(1294) User=0.03s Sys=0.00s Real=0.02s
[568.864s][info][gc,marking  ] GC(1294) Concurrent Mark 60.819ms
[568.864s][info][gc,marking  ] GC(1294) Concurrent Rebuild Remembered Sets and Scrub Regions
[568.889s][info][gc,marking  ] GC(1294) Concurrent Rebuild Remembered Sets and Scrub Regions 25.328ms
[568.889s][info][gc,start    ] GC(1294) Pause Cleanup
[568.889s][info][gc          ] GC(1294) Pause Cleanup 89M->89M(256M) 0.044ms
[568.889s][info][gc,cpu      ] GC(1294) User=0.00s Sys=0.00s Real=0.00s
[568.889s][info][gc,marking  ] GC(1294) Concurrent Clear Claimed Marks
[568.889s][info][gc,marking  ] GC(1294) Concurrent Clear Claimed Marks 0.036ms
[568.889s][info][gc,marking  ] GC(1294) Concurrent Cleanup for Next Mark
[568.890s][info][gc,marking  ] GC(1294) Concurrent Cleanup for Next Mark 0.752ms
[568.890s][info][gc          ] GC(1294) Concurrent Mark Cycle 106.307ms
[569.299s][info][gc,start    ] GC(1295) Pause Young (Prepare Mixed) (G1 Evacuation Pause)
[569.299s][info][gc,task     ] GC(1295) Using 2 workers of 2 for evacuation
[569.327s][info][gc,phases   ] GC(1295)   Pre Evacuate Collection Set: 1.79ms
[569.328s][info][gc,phases   ] GC(1295)   Merge Heap Roots: 0.18ms
[569.328s][info][gc,phases   ] GC(1295)   Evacuate Collection Set: 25.70ms
[569.328s][info][gc,phases   ] GC(1295)   Post Evacuate Collection Set: 0.47ms
[569.328s][info][gc,phases   ] GC(1295)   Other: 0.10ms
[569.328s][info][gc,heap     ] GC(1295) Eden regions: 145->0(136)
[569.328s][info][gc,heap     ] GC(1295) Survivor regions: 7->17(19)
[569.328s][info][gc,heap     ] GC(1295) Old regions: 57->57
[569.328s][info][gc,heap     ] GC(1295) Humongous regions: 15->3
[569.328s][info][gc,metaspace] GC(1295) Metaspace: 43186K(43520K)->43186K(43520K) NonClass: 40368K(40576K)->40368K(40576K) Class: 2818K(2944K)->2818K(2944K)
[569.328s][info][gc          ] GC(1295) Pause Young (Prepare Mixed) (G1 Evacuation Pause) 224M->76M(256M) 28.415ms
[569.328s][info][gc,cpu      ] GC(1295) User=0.03s Sys=0.00s Real=0.03s
[569.788s][info][gc,start    ] GC(1296) Pause Young (Mixed) (G1 Evacuation Pause)
[569.788s][info][gc,task     ] GC(1296) Using 2 workers of 2 for evacuation
[569.806s][info][gc,phases   ] GC(1296)   Pre Evacuate Collection Set: 0.16ms
[569.806s][info][gc,phases   ] GC(1296)   Merge Heap Roots: 0.11ms
[569.806s][info][gc,phases   ] GC(1296)   Evacuate Collection Set: 16.90ms
[569.806s][info][gc,phases   ] GC(1296)   Post Evacuate Collection Set: 0.47ms
[569.806s][info][gc,phases   ] GC(1296)   Other: 0.11ms
[569.806s][info][gc,heap     ] GC(1296) Eden regions: 136->0(143)
[569.806s][info][gc,heap     ] GC(1296) Survivor regions: 17->10(20)
[569.806s][info][gc,heap     ] GC(1296) Old regions: 57->60
[569.806s][info][gc,heap     ] GC(1296) Humongous regions: 13->3
[569.806s][info][gc,metaspace] GC(1296) Metaspace: 43186K(43520K)->43186K(43520K) NonClass: 40368K(40576K)->40368K(40576K) Class: 2818K(2944K)->2818K(2944K)
[569.806s][info][gc          ] GC(1296) Pause Young (Mixed) (G1 Evacuation Pause) 222M->72M(256M) 17.932ms
[569.806s][info][gc,cpu      ] GC(1296) User=0.03s Sys=0.00s Real=0.02s
[569.840s][info][gc,start    ] GC(1297) Pause Young (Concurrent Start) (G1 Humongous Allocation)
[569.840s][info][gc,task     ] GC(1297) Using 2 workers of 2 for evacuation
[569.843s][info][gc,phases   ] GC(1297)   Pre Evacuate Collection Set: 0.17ms
[569.843s][info][gc,phases   ] GC(1297)   Merge Heap Roots: 0.04ms
[569.843s][info][gc,phases   ] GC(1297)   Evacuate Collection Set: 2.88ms
[569.843s][info][gc,phases   ] GC(1297)   Post Evacuate Collection Set: 0.28ms
[569.843s][info][gc,phases   ] GC(1297)   Other: 0.07ms
[569.843s][info][gc,heap     ] GC(1297) Eden regions: 11->0(151)
[569.843s][info][gc,heap     ] GC(1297) Survivor regions: 10->2(20)
[569.843s][info][gc,heap     ] GC(1297) Old regions: 60->60
[569.843s][info][gc,heap     ] GC(1297) Humongous regions: 3->1
[569.843s][info][gc,metaspace] GC(1297) Metaspace: 43186K(43520K)->43186K(43520K) NonClass: 40368K(40576K)->40368K(40576K) Class: 2818K(2944K)->2818K(2944K)
[569.843s][info][gc          ] GC(1297) Pause Young (Concurrent Start) (G1 Humongous Allocation) 83M->62M(256M) 3.618ms
[569.843s][info][gc,cpu      ] GC(1297) User=0.00s Sys=0.00s Real=0.01s
[569.843s][info][gc          ] GC(1298) Concurrent Mark Cycle
[569.843s][info][gc,marking  ] GC(1298) Concurrent Scan Root Regions
[569.846s][info][gc,marking  ] GC(1298) Concurrent Scan Root Regions 2.377ms
[569.846s][info][gc,marking  ] GC(1298) Concurrent Mark
[569.846s][info][gc,marking  ] GC(1298) Concurrent Mark From Roots
[569.846s][info][gc,task     ] GC(1298) Using 1 workers of 1 for marking
[569.891s][info][gc,marking  ] GC(1298) Concurrent Mark From Roots 45.180ms
[569.891s][info][gc,marking  ] GC(1298) Concurrent Preclean
[569.891s][info][gc,marking  ] GC(1298) Concurrent Preclean 0.039ms
[569.892s][info][gc,start    ] GC(1298) Pause Remark
[569.907s][info][gc          ] GC(1298) Pause Remark 74M->73M(256M) 15.162ms
[569.907s][info][gc,cpu      ] GC(1298) User=0.03s Sys=0.00s Real=0.01s
[569.907s][info][gc,marking  ] GC(1298) Concurrent Mark 61.256ms
[569.907s][info][gc,marking  ] GC(1298) Concurrent Rebuild Remembered Sets and Scrub Regions
[569.932s][info][gc,marking  ] GC(1298) Concurrent Rebuild Remembered Sets and Scrub Regions 24.657ms
[569.932s][info][gc,start    ] GC(1298) Pause Cleanup
[569.932s][info][gc          ] GC(1298) Pause Cleanup 79M->79M(256M) 0.043ms
[569.932s][info][gc,cpu      ] GC(1298) User=0.00s Sys=0.00s Real=0.00s
[569.933s][info][gc,marking  ] GC(1298) Concurrent Clear Claimed Marks
[569.933s][info][gc,marking  ] GC(1298) Concurrent Clear Claimed Marks 0.051ms
[569.933s][info][gc,marking  ] GC(1298) Concurrent Cleanup for Next Mark
[569.933s][info][gc,marking  ] GC(1298) Concurrent Cleanup for Next Mark 0.761ms
[569.933s][info][gc          ] GC(1298) Concurrent Mark Cycle 90.120ms
[570.432s][info][gc,start    ] GC(1299) Pause Young (Prepare Mixed) (G1 Evacuation Pause)
[570.432s][info][gc,task     ] GC(1299) Using 2 workers of 2 for evacuation
[570.440s][info][gc,phases   ] GC(1299)   Pre Evacuate Collection Set: 0.17ms
[570.440s][info][gc,phases   ] GC(1299)   Merge Heap Roots: 0.06ms
[570.440s][info][gc,phases   ] GC(1299)   Evacuate Collection Set: 7.02ms
[570.440s][info][gc,phases   ] GC(1299)   Post Evacuate Collection Set: 0.40ms
[570.440s][info][gc,phases   ] GC(1299)   Other: 0.09ms
[570.440s][info][gc,heap     ] GC(1299) Eden regions: 151->0(143)
[570.440s][info][gc,heap     ] GC(1299) Survivor regions: 2->10(20)
[570.440s][info][gc,heap     ] GC(1299) Old regions: 59->59
[570.440s][info][gc,heap     ] GC(1299) Humongous regions: 15->3
[570.440s][info][gc,metaspace] GC(1299) Metaspace: 43186K(43520K)->43186K(43520K) NonClass: 40368K(40576K)->40368K(40576K) Class: 2818K(2944K)->2818K(2944K)
[570.440s][info][gc          ] GC(1299) Pause Young (Prepare Mixed) (G1 Evacuation Pause) 226M->71M(256M) 7.913ms
[570.440s][info][gc,cpu      ] GC(1299) User=0.01s Sys=0.00s Real=0.00s
[570.929s][info][gc,start    ] GC(1300) Pause Young (Mixed) (G1 Evacuation Pause)
[570.929s][info][gc,task     ] GC(1300) Using 2 workers of 2 for evacuation
[570.953s][info][gc,phases   ] GC(1300)   Pre Evacuate Collection Set: 0.17ms
[570.953s][info][gc,phases   ] GC(1300)   Merge Heap Roots: 0.08ms
[570.953s][info][gc,phases   ] GC(1300)   Evacuate Collection Set: 23.03ms
[570.953s][info][gc,phases   ] GC(1300)   Post Evacuate Collection Set: 0.48ms
[570.953s][info][gc,phases   ] GC(1300)   Other: 0.09ms
[570.953s][info][gc,heap     ] GC(1300) Eden regions: 143->0(133)
[570.953s][info][gc,heap     ] GC(1300) Survivor regions: 10->20(20)
[570.953s][info][gc,heap     ] GC(1300) Old regions: 59->51
[570.953s][info][gc,heap     ] GC(1300) Humongous regions: 3->3
[570.953s][info][gc,metaspace] GC(1300) Metaspace: 43186K(43520K)->43186K(43520K) NonClass: 40368K(40576K)->40368K(40576K) Class: 2818K(2944K)->2818K(2944K)
[570.953s][info][gc          ] GC(1300) Pause Young (Mixed) (G1 Evacuation Pause) 214M->74M(256M) 24.033ms
[570.953s][info][gc,cpu      ] GC(1300) User=0.05s Sys=0.00s Real=0.03s
[571.492s][info][gc,start    ] GC(1301) Pause Young (Concurrent Start) (G1 Evacuation Pause)
[571.492s][info][gc,task     ] GC(1301) Using 2 workers of 2 for evacuation
[571.527s][info][gc,phases   ] GC(1301)   Pre Evacuate Collection Set: 0.17ms
[571.527s][info][gc,phases   ] GC(1301)   Merge Heap Roots: 0.13ms
[571.527s][info][gc,phases   ] GC(1301)   Evacuate Collection Set: 34.68ms
[571.527s][info][gc,phases   ] GC(1301)   Post Evacuate Collection Set: 0.44ms
[571.527s][info][gc,phases   ] GC(1301)   Other: 0.09ms
[571.527s][info][gc,heap     ] GC(1301) Eden regions: 133->0(121)
[571.527s][info][gc,heap     ] GC(1301) Survivor regions: 20->20(20)
[571.527s][info][gc,heap     ] GC(1301) Old regions: 51->65
[571.527s][info][gc,heap     ] GC(1301) Humongous regions: 3->3
[571.527s][info][gc,metaspace] GC(1301) Metaspace: 43187K(43520K)->43187K(43520K) NonClass: 40368K(40576K)->40368K(40576K) Class: 2818K(2944K)->2818K(2944K)
[571.527s][info][gc          ] GC(1301) Pause Young (Concurrent Start) (G1 Evacuation Pause) 207M->88M(256M) 35.684ms
[571.527s][info][gc          ] GC(1302) Concurrent Mark Cycle
[571.527s][info][gc,marking  ] GC(1302) Concurrent Scan Root Regions
[571.527s][info][gc,cpu      ] GC(1301) User=0.07s Sys=0.00s Real=0.03s
[571.563s][info][gc,marking  ] GC(1302) Concurrent Scan Root Regions 35.314ms
[571.563s][info][gc,marking  ] GC(1302) Concurrent Mark
[571.563s][info][gc,marking  ] GC(1302) Concurrent Mark From Roots
[571.563s][info][gc,task     ] GC(1302) Using 1 workers of 1 for marking
[571.627s][info][gc,marking  ] GC(1302) Concurrent Mark From Roots 63.909ms
[571.627s][info][gc,marking  ] GC(1302) Concurrent Preclean
[571.627s][info][gc,marking  ] GC(1302) Concurrent Preclean 0.035ms
[571.627s][info][gc,start    ] GC(1302) Pause Remark
[571.642s][info][gc          ] GC(1302) Pause Remark 111M->111M(256M) 15.249ms
[571.642s][info][gc,cpu      ] GC(1302) User=0.03s Sys=0.00s Real=0.02s
[571.642s][info][gc,marking  ] GC(1302) Concurrent Mark 79.490ms
[571.642s][info][gc,marking  ] GC(1302) Concurrent Rebuild Remembered Sets and Scrub Regions
[571.680s][info][gc,marking  ] GC(1302) Concurrent Rebuild Remembered Sets and Scrub Regions 37.449ms
[571.680s][info][gc,start    ] GC(1302) Pause Cleanup
[571.680s][info][gc          ] GC(1302) Pause Cleanup 124M->124M(256M) 0.042ms
[571.680s][info][gc,cpu      ] GC(1302) User=0.00s Sys=0.00s Real=0.00s
[571.680s][info][gc,marking  ] GC(1302) Concurrent Clear Claimed Marks
[571.680s][info][gc,marking  ] GC(1302) Concurrent Clear Claimed Marks 0.036ms
[571.680s][info][gc,marking  ] GC(1302) Concurrent Cleanup for Next Mark
[571.681s][info][gc,marking  ] GC(1302) Concurrent Cleanup for Next Mark 0.751ms
[571.681s][info][gc          ] GC(1302) Concurrent Mark Cycle 153.347ms
[571.966s][info][gc,start    ] GC(1303) Pause Young (Prepare Mixed) (G1 Evacuation Pause)
[571.967s][info][gc,task     ] GC(1303) Using 2 workers of 2 for evacuation
[572.003s][info][gc,phases   ] GC(1303)   Pre Evacuate Collection Set: 0.18ms
[572.003s][info][gc,phases   ] GC(1303)   Merge Heap Roots: 0.21ms
[572.003s][info][gc,phases   ] GC(1303)   Evacuate Collection Set: 35.11ms
[572.003s][info][gc,phases   ] GC(1303)   Post Evacuate Collection Set: 0.45ms
[572.003s][info][gc,phases   ] GC(1303)   Other: 0.11ms
[572.003s][info][gc,heap     ] GC(1303) Eden regions: 121->0(111)
[572.003s][info][gc,heap     ] GC(1303) Survivor regions: 20->14(18)
[572.003s][info][gc,heap     ] GC(1303) Old regions: 65->85
[572.003s][info][gc,heap     ] GC(1303) Humongous regions: 7->3
[572.003s][info][gc,metaspace] GC(1303) Metaspace: 43187K(43520K)->43187K(43520K) NonClass: 40369K(40576K)->40369K(40576K) Class: 2818K(2944K)->2818K(2944K)
[572.003s][info][gc          ] GC(1303) Pause Young (Prepare Mixed) (G1 Evacuation Pause) 213M->102M(256M) 36.252ms
[572.003s][info][gc,cpu      ] GC(1303) User=0.07s Sys=0.00s Real=0.04s
[572.400s][info][gc,start    ] GC(1304) Pause Young (Mixed) (G1 Evacuation Pause)
[572.400s][info][gc,task     ] GC(1304) Using 2 workers of 2 for evacuation
[572.414s][info][gc,phases   ] GC(1304)   Pre Evacuate Collection Set: 0.18ms
[572.414s][info][gc,phases   ] GC(1304)   Merge Heap Roots: 0.14ms
[572.414s][info][gc,phases   ] GC(1304)   Evacuate Collection Set: 13.41ms
[572.414s][info][gc,phases   ] GC(1304)   Post Evacuate Collection Set: 0.58ms
[572.414s][info][gc,phases   ] GC(1304)   Other: 0.09ms
[572.414s][info][gc,heap     ] GC(1304) Eden regions: 111->0(121)
[572.414s][info][gc,heap     ] GC(1304) Survivor regions: 14->4(16)
[572.414s][info][gc,heap     ] GC(1304) Old regions: 85->88
[572.414s][info][gc,heap     ] GC(1304) Humongous regions: 9->3
[572.415s][info][gc,metaspace] GC(1304) Metaspace: 43187K(43520K)->43187K(43520K) NonClass: 40369K(40576K)->40369K(40576K) Class: 2818K(2944K)->2818K(2944K)
[572.415s][info][gc          ] GC(1304) Pause Young (Mixed) (G1 Evacuation Pause) 219M->94M(256M) 14.572ms
[572.415s][info][gc,cpu      ] GC(1304) User=0.02s Sys=0.00s Real=0.02s
[572.424s][info][gc,start    ] GC(1305) Pause Young (Concurrent Start) (G1 Humongous Allocation)
[572.424s][info][gc,task     ] GC(1305) Using 2 workers of 2 for evacuation
[572.426s][info][gc,phases   ] GC(1305)   Pre Evacuate Collection Set: 0.17ms
[572.426s][info][gc,phases   ] GC(1305)   Merge Heap Roots: 0.03ms
[572.426s][info][gc,phases   ] GC(1305)   Evacuate Collection Set: 1.18ms
[572.426s][info][gc,phases   ] GC(1305)   Post Evacuate Collection Set: 0.25ms
[572.426s][info][gc,phases   ] GC(1305)   Other: 0.06ms
[572.426s][info][gc,heap     ] GC(1305) Eden regions: 3->0(126)
[572.426s][info][gc,heap     ] GC(1305) Survivor regions: 4->2(16)
[572.426s][info][gc,heap     ] GC(1305) Old regions: 88->88
[572.426s][info][gc,heap     ] GC(1305) Humongous regions: 3->1
[572.426s][info][gc,metaspace] GC(1305) Metaspace: 43187K(43520K)->43187K(43520K) NonClass: 40369K(40576K)->40369K(40576K) Class: 2818K(2944K)->2818K(2944K)
[572.426s][info][gc          ] GC(1305) Pause Young (Concurrent Start) (G1 Humongous Allocation) 97M->90M(256M) 1.840ms
[572.426s][info][gc,cpu      ] GC(1305) User=0.00s Sys=0.00s Real=0.00s
[572.426s][info][gc          ] GC(1306) Concurrent Mark Cycle
[572.426s][info][gc,marking  ] GC(1306) Concurrent Scan Root Regions
[572.427s][info][gc,marking  ] GC(1306) Concurrent Scan Root Regions 1.564ms
[572.427s][info][gc,marking  ] GC(1306) Concurrent Mark
[572.427s][info][gc,marking  ] GC(1306) Concurrent Mark From Roots
[572.427s][info][gc,task     ] GC(1306) Using 1 workers of 1 for marking
[572.495s][info][gc,marking  ] GC(1306) Concurrent Mark From Roots 67.699ms
[572.495s][info][gc,marking  ] GC(1306) Concurrent Preclean
[572.495s][info][gc,marking  ] GC(1306) Concurrent Preclean 0.033ms
[572.495s][info][gc,start    ] GC(1306) Pause Remark
[572.511s][info][gc          ] GC(1306) Pause Remark 112M->103M(256M) 15.380ms
[572.511s][info][gc,cpu      ] GC(1306) User=0.03s Sys=0.00s Real=0.01s
[572.511s][info][gc,marking  ] GC(1306) Concurrent Mark 83.399ms
[572.511s][info][gc,marking  ] GC(1306) Concurrent Rebuild Remembered Sets and Scrub Regions
[572.539s][info][gc,marking  ] GC(1306) Concurrent Rebuild Remembered Sets and Scrub Regions 27.790ms
[572.539s][info][gc,start    ] GC(1306) Pause Cleanup
[572.539s][info][gc          ] GC(1306) Pause Cleanup 109M->109M(256M) 0.055ms
[572.539s][info][gc,cpu      ] GC(1306) User=0.00s Sys=0.00s Real=0.00s
[572.539s][info][gc,marking  ] GC(1306) Concurrent Clear Claimed Marks
[572.539s][info][gc,marking  ] GC(1306) Concurrent Clear Claimed Marks 0.035ms
[572.539s][info][gc,marking  ] GC(1306) Concurrent Cleanup for Next Mark
[572.540s][info][gc,marking  ] GC(1306) Concurrent Cleanup for Next Mark 0.737ms
[572.540s][info][gc          ] GC(1306) Concurrent Mark Cycle 113.894ms
[572.887s][info][gc,start    ] GC(1307) Pause Young (Prepare Mixed) (G1 Evacuation Pause)
[572.887s][info][gc,task     ] GC(1307) Using 2 workers of 2 for evacuation
[572.895s][info][gc,phases   ] GC(1307)   Pre Evacuate Collection Set: 0.20ms
[572.895s][info][gc,phases   ] GC(1307)   Merge Heap Roots: 0.06ms
[572.895s][info][gc,phases   ] GC(1307)   Evacuate Collection Set: 6.94ms
[572.895s][info][gc,phases   ] GC(1307)   Post Evacuate Collection Set: 0.39ms
[572.895s][info][gc,phases   ] GC(1307)   Other: 0.07ms
[572.895s][info][gc,heap     ] GC(1307) Eden regions: 126->0(128)
[572.895s][info][gc,heap     ] GC(1307) Survivor regions: 2->9(16)
[572.895s][info][gc,heap     ] GC(1307) Old regions: 79->79
[572.895s][info][gc,heap     ] GC(1307) Humongous regions: 7->3
[572.895s][info][gc,metaspace] GC(1307) Metaspace: 43187K(43520K)->43187K(43520K) NonClass: 40369K(40576K)->40369K(40576K) Class: 2818K(2944K)->2818K(2944K)
[572.895s][info][gc          ] GC(1307) Pause Young (Prepare Mixed) (G1 Evacuation Pause) 213M->90M(256M) 7.880ms
[572.895s][info][gc,cpu      ] GC(1307) User=0.01s Sys=0.01s Real=0.01s
[573.366s][info][gc,start    ] GC(1308) Pause Young (Mixed) (G1 Evacuation Pause)
[573.366s][info][gc,task     ] GC(1308) Using 2 workers of 2 for evacuation
[573.375s][info][gc,phases   ] GC(1308)   Pre Evacuate Collection Set: 0.25ms
[573.375s][info][gc,phases   ] GC(1308)   Merge Heap Roots: 0.08ms
[573.375s][info][gc,phases   ] GC(1308)   Evacuate Collection Set: 7.90ms
[573.375s][info][gc,phases   ] GC(1308)   Post Evacuate Collection Set: 0.43ms
[573.375s][info][gc,phases   ] GC(1308)   Other: 0.07ms
[573.375s][info][gc,heap     ] GC(1308) Eden regions: 128->0(144)
[573.375s][info][gc,heap     ] GC(1308) Survivor regions: 9->9(18)
[573.375s][info][gc,heap     ] GC(1308) Old regions: 79->53
[573.375s][info][gc,heap     ] GC(1308) Humongous regions: 5->3
[573.375s][info][gc,metaspace] GC(1308) Metaspace: 43187K(43520K)->43187K(43520K) NonClass: 40369K(40576K)->40369K(40576K) Class: 2818K(2944K)->2818K(2944K)
[573.375s][info][gc          ] GC(1308) Pause Young (Mixed) (G1 Evacuation Pause) 220M->64M(256M) 8.908ms
[573.375s][info][gc,cpu      ] GC(1308) User=0.01s Sys=0.00s Real=0.01s
[573.840s][info][gc,start    ] GC(1309) Pause Young (Mixed) (G1 Evacuation Pause)
[573.840s][info][gc,task     ] GC(1309) Using 2 workers of 2 for evacuation
[573.852s][info][gc,phases   ] GC(1309)   Pre Evacuate Collection Set: 0.17ms
[573.852s][info][gc,phases   ] GC(1309)   Merge Heap Roots: 0.08ms
[573.853s][info][gc,phases   ] GC(1309)   Evacuate Collection Set: 11.19ms
[573.853s][info][gc,phases   ] GC(1309)   Post Evacuate Collection Set: 0.66ms
[573.853s][info][gc,phases   ] GC(1309)   Other: 0.08ms
[573.853s][info][gc,heap     ] GC(1309) Eden regions: 144->0(161)
[573.853s][info][gc,heap     ] GC(1309) Survivor regions: 9->10(20)
[573.853s][info][gc,heap     ] GC(1309) Old regions: 53->49
[573.853s][info][gc,heap     ] GC(1309) Humongous regions: 9->3
[573.853s][info][gc,metaspace] GC(1309) Metaspace: 43187K(43520K)->43187K(43520K) NonClass: 40369K(40576K)->40369K(40576K) Class: 2818K(2944K)->2818K(2944K)
[573.853s][info][gc          ] GC(1309) Pause Young (Mixed) (G1 Evacuation Pause) 214M->61M(285M) 12.362ms
[573.853s][info][gc,cpu      ] GC(1309) User=0.02s Sys=0.00s Real=0.02s
[573.865s][info][gc,start    ] GC(1310) Pause Young (Concurrent Start) (G1 Humongous Allocation)
[573.865s][info][gc,task     ] GC(1310) Using 2 workers of 2 for evacuation
[573.869s][info][gc,phases   ] GC(1310)   Pre Evacuate Collection Set: 0.17ms
[573.869s][info][gc,phases   ] GC(1310)   Merge Heap Roots: 0.04ms
[573.869s][info][gc,phases   ] GC(1310)   Evacuate Collection Set: 2.73ms
[573.869s][info][gc,phases   ] GC(1310)   Post Evacuate Collection Set: 0.26ms
[573.869s][info][gc,phases   ] GC(1310)   Other: 0.06ms
[573.869s][info][gc,heap     ] GC(1310) Eden regions: 4->0(168)
[573.869s][info][gc,heap     ] GC(1310) Survivor regions: 10->3(22)
[573.869s][info][gc,heap     ] GC(1310) Old regions: 49->49
[573.869s][info][gc,heap     ] GC(1310) Humongous regions: 3->1
[573.869s][info][gc,metaspace] GC(1310) Metaspace: 43187K(43520K)->43187K(43520K) NonClass: 40369K(40576K)->40369K(40576K) Class: 2818K(2944K)->2818K(2944K)
[573.869s][info][gc          ] GC(1310) Pause Young (Concurrent Start) (G1 Humongous Allocation) 65M->52M(285M) 3.411ms
[573.869s][info][gc,cpu      ] GC(1310) User=0.01s Sys=0.00s Real=0.00s
[573.869s][info][gc          ] GC(1311) Concurrent Mark Cycle
[573.869s][info][gc,marking  ] GC(1311) Concurrent Scan Root Regions
[573.878s][info][gc,marking  ] GC(1311) Concurrent Scan Root Regions 9.079ms
[573.878s][info][gc,marking  ] GC(1311) Concurrent Mark
[573.878s][info][gc,marking  ] GC(1311) Concurrent Mark From Roots
[573.878s][info][gc,task     ] GC(1311) Using 1 workers of 1 for marking
[573.949s][info][gc,marking  ] GC(1311) Concurrent Mark From Roots 71.108ms
[573.949s][info][gc,marking  ] GC(1311) Concurrent Preclean
[573.949s][info][gc,marking  ] GC(1311) Concurrent Preclean 0.037ms
[573.949s][info][gc,start    ] GC(1311) Pause Remark
[573.965s][info][gc          ] GC(1311) Pause Remark 71M->71M(256M) 15.238ms
[573.965s][info][gc,cpu      ] GC(1311) User=0.03s Sys=0.00s Real=0.02s
[573.965s][info][gc,marking  ] GC(1311) Concurrent Mark 86.672ms
[573.965s][info][gc,marking  ] GC(1311) Concurrent Rebuild Remembered Sets and Scrub Regions
[573.986s][info][gc,marking  ] GC(1311) Concurrent Rebuild Remembered Sets and Scrub Regions 20.998ms
[573.986s][info][gc,start    ] GC(1311) Pause Cleanup
[573.986s][info][gc          ] GC(1311) Pause Cleanup 78M->78M(256M) 0.053ms
[573.986s][info][gc,cpu      ] GC(1311) User=0.00s Sys=0.00s Real=0.00s
[573.986s][info][gc,marking  ] GC(1311) Concurrent Clear Claimed Marks
[573.986s][info][gc,marking  ] GC(1311) Concurrent Clear Claimed Marks 0.039ms
[573.986s][info][gc,marking  ] GC(1311) Concurrent Cleanup for Next Mark
[573.987s][info][gc,marking  ] GC(1311) Concurrent Cleanup for Next Mark 0.856ms
[573.987s][info][gc          ] GC(1311) Concurrent Mark Cycle 118.137ms
[574.433s][info][gc,start    ] GC(1312) Pause Young (Prepare Mixed) (G1 Evacuation Pause)
[574.433s][info][gc,task     ] GC(1312) Using 2 workers of 2 for evacuation
[574.444s][info][gc,phases   ] GC(1312)   Pre Evacuate Collection Set: 0.17ms
[574.444s][info][gc,phases   ] GC(1312)   Merge Heap Roots: 0.08ms
[574.444s][info][gc,phases   ] GC(1312)   Evacuate Collection Set: 10.25ms
[574.444s][info][gc,phases   ] GC(1312)   Post Evacuate Collection Set: 0.42ms
[574.444s][info][gc,phases   ] GC(1312)   Other: 0.07ms
[574.444s][info][gc,heap     ] GC(1312) Eden regions: 150->0(141)
[574.444s][info][gc,heap     ] GC(1312) Survivor regions: 3->12(20)
[574.445s][info][gc,heap     ] GC(1312) Old regions: 49->49
[574.445s][info][gc,heap     ] GC(1312) Humongous regions: 5->3
[574.445s][info][gc,metaspace] GC(1312) Metaspace: 43187K(43520K)->43187K(43520K) NonClass: 40369K(40576K)->40369K(40576K) Class: 2818K(2944K)->2818K(2944K)
[574.445s][info][gc          ] GC(1312) Pause Young (Prepare Mixed) (G1 Evacuation Pause) 206M->63M(256M) 11.160ms
[574.445s][info][gc,cpu      ] GC(1312) User=0.02s Sys=0.00s Real=0.01s
[574.977s][info][gc,start    ] GC(1313) Pause Young (Mixed) (G1 Evacuation Pause)
[574.977s][info][gc,task     ] GC(1313) Using 2 workers of 2 for evacuation
[574.991s][info][gc,phases   ] GC(1313)   Pre Evacuate Collection Set: 0.17ms
[574.991s][info][gc,phases   ] GC(1313)   Merge Heap Roots: 0.07ms
[574.991s][info][gc,phases   ] GC(1313)   Evacuate Collection Set: 12.96ms
[574.991s][info][gc,phases   ] GC(1313)   Post Evacuate Collection Set: 0.43ms
[574.991s][info][gc,phases   ] GC(1313)   Other: 0.07ms
[574.991s][info][gc,heap     ] GC(1313) Eden regions: 141->0(140)
[574.991s][info][gc,heap     ] GC(1313) Survivor regions: 12->13(20)
[574.991s][info][gc,heap     ] GC(1313) Old regions: 49->49
[574.991s][info][gc,heap     ] GC(1313) Humongous regions: 9->3
[574.991s][info][gc,metaspace] GC(1313) Metaspace: 43187K(43520K)->43187K(43520K) NonClass: 40369K(40576K)->40369K(40576K) Class: 2818K(2944K)->2818K(2944K)
[574.991s][info][gc          ] GC(1313) Pause Young (Mixed) (G1 Evacuation Pause) 210M->63M(256M) 13.876ms
[574.991s][info][gc,cpu      ] GC(1313) User=0.02s Sys=0.01s Real=0.01s
[575.345s][info][gc,start    ] GC(1314) Pause Young (Concurrent Start) (G1 Evacuation Pause)
[575.345s][info][gc,task     ] GC(1314) Using 2 workers of 2 for evacuation
[575.389s][info][gc,phases   ] GC(1314)   Pre Evacuate Collection Set: 0.18ms
[575.389s][info][gc,phases   ] GC(1314)   Merge Heap Roots: 0.05ms
[575.389s][info][gc,phases   ] GC(1314)   Evacuate Collection Set: 43.39ms
[575.389s][info][gc,phases   ] GC(1314)   Post Evacuate Collection Set: 0.63ms
[575.389s][info][gc,phases   ] GC(1314)   Other: 0.10ms
[575.389s][info][gc,heap     ] GC(1314) Eden regions: 140->0(119)
[575.389s][info][gc,heap     ] GC(1314) Survivor regions: 13->20(20)
[575.389s][info][gc,heap     ] GC(1314) Old regions: 49->69
[575.389s][info][gc,heap     ] GC(1314) Humongous regions: 3->3
[575.389s][info][gc,metaspace] GC(1314) Metaspace: 43187K(43520K)->43187K(43520K) NonClass: 40369K(40576K)->40369K(40576K) Class: 2818K(2944K)->2818K(2944K)
[575.389s][info][gc          ] GC(1314) Pause Young (Concurrent Start) (G1 Evacuation Pause) 203M->91M(256M) 44.570ms
[575.389s][info][gc,cpu      ] GC(1314) User=0.08s Sys=0.01s Real=0.04s
[575.389s][info][gc          ] GC(1315) Concurrent Mark Cycle
[575.389s][info][gc,marking  ] GC(1315) Concurrent Scan Root Regions
[575.424s][info][gc,marking  ] GC(1315) Concurrent Scan Root Regions 34.717ms
[575.424s][info][gc,marking  ] GC(1315) Concurrent Mark
[575.424s][info][gc,marking  ] GC(1315) Concurrent Mark From Roots
[575.424s][info][gc,task     ] GC(1315) Using 1 workers of 1 for marking
[575.500s][info][gc,marking  ] GC(1315) Concurrent Mark From Roots 76.328ms
[575.500s][info][gc,marking  ] GC(1315) Concurrent Preclean
[575.500s][info][gc,marking  ] GC(1315) Concurrent Preclean 0.032ms
[575.501s][info][gc,start    ] GC(1315) Pause Remark
[575.516s][info][gc          ] GC(1315) Pause Remark 114M->114M(256M) 14.984ms
[575.516s][info][gc,cpu      ] GC(1315) User=0.03s Sys=0.00s Real=0.02s
[575.516s][info][gc,marking  ] GC(1315) Concurrent Mark 91.621ms
[575.516s][info][gc,marking  ] GC(1315) Concurrent Rebuild Remembered Sets and Scrub Regions
[575.566s][info][gc,marking  ] GC(1315) Concurrent Rebuild Remembered Sets and Scrub Regions 50.376ms
[575.566s][info][gc,start    ] GC(1315) Pause Cleanup
[575.566s][info][gc          ] GC(1315) Pause Cleanup 125M->125M(256M) 0.061ms
[575.566s][info][gc,cpu      ] GC(1315) User=0.00s Sys=0.00s Real=0.00s
[575.566s][info][gc,marking  ] GC(1315) Concurrent Clear Claimed Marks
[575.566s][info][gc,marking  ] GC(1315) Concurrent Clear Claimed Marks 0.042ms
[575.566s][info][gc,marking  ] GC(1315) Concurrent Cleanup for Next Mark
[575.567s][info][gc,marking  ] GC(1315) Concurrent Cleanup for Next Mark 0.756ms
[575.567s][info][gc          ] GC(1315) Concurrent Mark Cycle 177.903ms
[575.932s][info][gc,start    ] GC(1316) Pause Young (Prepare Mixed) (G1 Evacuation Pause)
[575.932s][info][gc,task     ] GC(1316) Using 2 workers of 2 for evacuation
[575.990s][info][gc,phases   ] GC(1316)   Pre Evacuate Collection Set: 0.17ms
[575.991s][info][gc,phases   ] GC(1316)   Merge Heap Roots: 0.23ms
[575.991s][info][gc,phases   ] GC(1316)   Evacuate Collection Set: 57.63ms
[575.991s][info][gc,phases   ] GC(1316)   Post Evacuate Collection Set: 0.47ms
[575.991s][info][gc,phases   ] GC(1316)   Other: 0.08ms
[575.991s][info][gc,heap     ] GC(1316) Eden regions: 119->0(91)
[575.991s][info][gc,heap     ] GC(1316) Survivor regions: 20->18(18)
[575.991s][info][gc,heap     ] GC(1316) Old regions: 69->103
[575.991s][info][gc,heap     ] GC(1316) Humongous regions: 3->3
[575.991s][info][gc,metaspace] GC(1316) Metaspace: 43187K(43520K)->43187K(43520K) NonClass: 40369K(40576K)->40369K(40576K) Class: 2818K(2944K)->2818K(2944K)
[575.991s][info][gc          ] GC(1316) Pause Young (Prepare Mixed) (G1 Evacuation Pause) 210M->123M(263M) 58.779ms
[575.991s][info][gc,cpu      ] GC(1316) User=0.11s Sys=0.00s Real=0.05s
[576.413s][info][gc,start    ] GC(1317) Pause Young (Mixed) (G1 Evacuation Pause)
[576.413s][info][gc,task     ] GC(1317) Using 2 workers of 2 for evacuation
[576.470s][info][gc,phases   ] GC(1317)   Pre Evacuate Collection Set: 0.16ms
[576.470s][info][gc,phases   ] GC(1317)   Merge Heap Roots: 0.34ms
[576.470s][info][gc,phases   ] GC(1317)   Evacuate Collection Set: 55.66ms
[576.470s][info][gc,phases   ] GC(1317)   Post Evacuate Collection Set: 0.46ms
[576.470s][info][gc,phases   ] GC(1317)   Other: 0.07ms
[576.470s][info][gc,heap     ] GC(1317) Eden regions: 91->0(71)
[576.470s][info][gc,heap     ] GC(1317) Survivor regions: 18->14(14)
[576.470s][info][gc,heap     ] GC(1317) Old regions: 103->130
[576.470s][info][gc,heap     ] GC(1317) Humongous regions: 3->3
[576.470s][info][gc,metaspace] GC(1317) Metaspace: 43187K(43520K)->43187K(43520K) NonClass: 40369K(40576K)->40369K(40576K) Class: 2818K(2944K)->2818K(2944K)
[576.470s][info][gc          ] GC(1317) Pause Young (Mixed) (G1 Evacuation Pause) 214M->146M(263M) 56.933ms
[576.470s][info][gc,cpu      ] GC(1317) User=0.11s Sys=0.00s Real=0.05s
[576.805s][info][gc,start    ] GC(1318) Pause Young (Concurrent Start) (G1 Evacuation Pause)
[576.805s][info][gc,task     ] GC(1318) Using 2 workers of 2 for evacuation
[576.845s][info][gc,phases   ] GC(1318)   Pre Evacuate Collection Set: 0.20ms
[576.845s][info][gc,phases   ] GC(1318)   Merge Heap Roots: 0.22ms
[576.845s][info][gc,phases   ] GC(1318)   Evacuate Collection Set: 38.77ms
[576.845s][info][gc,phases   ] GC(1318)   Post Evacuate Collection Set: 0.37ms
[576.845s][info][gc,phases   ] GC(1318)   Other: 0.08ms
[576.845s][info][gc,heap     ] GC(1318) Eden regions: 71->0(55)
[576.845s][info][gc,heap     ] GC(1318) Survivor regions: 14->11(11)
[576.845s][info][gc,heap     ] GC(1318) Old regions: 130->154
[576.845s][info][gc,heap     ] GC(1318) Humongous regions: 3->3
[576.845s][info][gc,metaspace] GC(1318) Metaspace: 43187K(43520K)->43187K(43520K) NonClass: 40369K(40576K)->40369K(40576K) Class: 2818K(2944K)->2818K(2944K)
[576.845s][info][gc          ] GC(1318) Pause Young (Concurrent Start) (G1 Evacuation Pause) 217M->167M(263M) 39.826ms
[576.845s][info][gc,cpu      ] GC(1318) User=0.08s Sys=0.00s Real=0.04s
[576.845s][info][gc          ] GC(1319) Concurrent Mark Cycle
[576.845s][info][gc,marking  ] GC(1319) Concurrent Scan Root Regions
[576.891s][info][gc,marking  ] GC(1319) Concurrent Scan Root Regions 46.086ms
[576.891s][info][gc,marking  ] GC(1319) Concurrent Mark
[576.891s][info][gc,marking  ] GC(1319) Concurrent Mark From Roots
[576.891s][info][gc,task     ] GC(1319) Using 1 workers of 1 for marking
[577.054s][info][gc,marking  ] GC(1319) Concurrent Mark From Roots 162.452ms
[577.054s][info][gc,marking  ] GC(1319) Concurrent Preclean
[577.054s][info][gc,marking  ] GC(1319) Concurrent Preclean 0.054ms
[577.054s][info][gc,start    ] GC(1319) Pause Remark
[577.070s][info][gc          ] GC(1319) Pause Remark 217M->217M(284M) 15.681ms
[577.070s][info][gc,cpu      ] GC(1319) User=0.02s Sys=0.00s Real=0.01s
[577.070s][info][gc,marking  ] GC(1319) Concurrent Mark 178.764ms
[577.070s][info][gc,marking  ] GC(1319) Concurrent Rebuild Remembered Sets and Scrub Regions
[577.089s][info][gc,start    ] GC(1320) Pause Young (Normal) (G1 Evacuation Pause)
[577.089s][info][gc,task     ] GC(1320) Using 2 workers of 2 for evacuation
[577.120s][info][gc,phases   ] GC(1320)   Pre Evacuate Collection Set: 0.15ms
[577.120s][info][gc,phases   ] GC(1320)   Merge Heap Roots: 0.17ms
[577.120s][info][gc,phases   ] GC(1320)   Evacuate Collection Set: 29.38ms
[577.120s][info][gc,phases   ] GC(1320)   Post Evacuate Collection Set: 0.35ms
[577.120s][info][gc,phases   ] GC(1320)   Other: 0.08ms
[577.120s][info][gc,heap     ] GC(1320) Eden regions: 55->0(61)
[577.120s][info][gc,heap     ] GC(1320) Survivor regions: 11->9(9)
[577.120s][info][gc,heap     ] GC(1320) Old regions: 154->169
[577.120s][info][gc,heap     ] GC(1320) Humongous regions: 5->3
[577.120s][info][gc,metaspace] GC(1320) Metaspace: 43187K(43520K)->43187K(43520K) NonClass: 40369K(40576K)->40369K(40576K) Class: 2818K(2944K)->2818K(2944K)
[577.120s][info][gc          ] GC(1320) Pause Young (Normal) (G1 Evacuation Pause) 224M->180M(284M) 30.299ms
[577.120s][info][gc,cpu      ] GC(1320) User=0.05s Sys=0.01s Real=0.03s
[577.184s][info][gc,marking  ] GC(1319) Concurrent Rebuild Remembered Sets and Scrub Regions 113.629ms
[577.186s][info][gc,start    ] GC(1319) Pause Cleanup
[577.186s][info][gc          ] GC(1319) Pause Cleanup 198M->198M(284M) 0.092ms
[577.186s][info][gc,cpu      ] GC(1319) User=0.00s Sys=0.00s Real=0.00s
[577.187s][info][gc,marking  ] GC(1319) Concurrent Clear Claimed Marks
[577.187s][info][gc,marking  ] GC(1319) Concurrent Clear Claimed Marks 0.069ms
[577.187s][info][gc,marking  ] GC(1319) Concurrent Cleanup for Next Mark
[577.188s][info][gc,marking  ] GC(1319) Concurrent Cleanup for Next Mark 1.076ms
[577.188s][info][gc          ] GC(1319) Concurrent Mark Cycle 343.177ms
[577.371s][info][gc,start    ] GC(1321) Pause Young (Prepare Mixed) (G1 Evacuation Pause)
[577.371s][info][gc,task     ] GC(1321) Using 2 workers of 2 for evacuation
[577.391s][info][gc,phases   ] GC(1321)   Pre Evacuate Collection Set: 0.18ms
[577.391s][info][gc,phases   ] GC(1321)   Merge Heap Roots: 0.15ms
[577.391s][info][gc,phases   ] GC(1321)   Evacuate Collection Set: 19.06ms
[577.391s][info][gc,phases   ] GC(1321)   Post Evacuate Collection Set: 0.36ms
[577.391s][info][gc,phases   ] GC(1321)   Other: 0.09ms
[577.391s][info][gc,heap     ] GC(1321) Eden regions: 61->0(59)
[577.391s][info][gc,heap     ] GC(1321) Survivor regions: 9->9(9)
[577.391s][info][gc,heap     ] GC(1321) Old regions: 169->176
[577.391s][info][gc,heap     ] GC(1321) Humongous regions: 3->3
[577.391s][info][gc,metaspace] GC(1321) Metaspace: 43187K(43520K)->43187K(43520K) NonClass: 40369K(40576K)->40369K(40576K) Class: 2818K(2944K)->2818K(2944K)
[577.391s][info][gc          ] GC(1321) Pause Young (Prepare Mixed) (G1 Evacuation Pause) 241M->187M(284M) 20.013ms
[577.391s][info][gc,cpu      ] GC(1321) User=0.04s Sys=0.00s Real=0.02s
[577.592s][info][gc,start    ] GC(1322) Pause Young (Mixed) (G1 Evacuation Pause)
[577.592s][info][gc,task     ] GC(1322) Using 2 workers of 2 for evacuation
[577.619s][info][gc,phases   ] GC(1322)   Pre Evacuate Collection Set: 0.19ms
[577.619s][info][gc,phases   ] GC(1322)   Merge Heap Roots: 0.22ms
[577.619s][info][gc,phases   ] GC(1322)   Evacuate Collection Set: 25.34ms
[577.619s][info][gc,phases   ] GC(1322)   Post Evacuate Collection Set: 1.21ms
[577.619s][info][gc,phases   ] GC(1322)   Other: 0.09ms
[577.619s][info][gc,heap     ] GC(1322) Eden regions: 59->0(149)
[577.619s][info][gc,heap     ] GC(1322) Survivor regions: 9->9(9)
[577.619s][info][gc,heap     ] GC(1322) Old regions: 176->160
[577.619s][info][gc,heap     ] GC(1322) Humongous regions: 7->3
[577.619s][info][gc,metaspace] GC(1322) Metaspace: 43187K(43520K)->43187K(43520K) NonClass: 40369K(40576K)->40369K(40576K) Class: 2818K(2944K)->2818K(2944K)
[577.619s][info][gc          ] GC(1322) Pause Young (Mixed) (G1 Evacuation Pause) 250M->171M(394M) 27.220ms
[577.619s][info][gc,cpu      ] GC(1322) User=0.06s Sys=0.00s Real=0.02s
[578.190s][info][gc,start    ] GC(1323) Pause Young (Mixed) (G1 Evacuation Pause)
[578.190s][info][gc,task     ] GC(1323) Using 2 workers of 2 for evacuation
[578.234s][info][gc,phases   ] GC(1323)   Pre Evacuate Collection Set: 0.24ms
[578.234s][info][gc,phases   ] GC(1323)   Merge Heap Roots: 0.39ms
[578.234s][info][gc,phases   ] GC(1323)   Evacuate Collection Set: 42.45ms
[578.234s][info][gc,phases   ] GC(1323)   Post Evacuate Collection Set: 0.57ms
[578.234s][info][gc,phases   ] GC(1323)   Other: 0.10ms
[578.234s][info][gc,heap     ] GC(1323) Eden regions: 149->0(158)
[578.234s][info][gc,heap     ] GC(1323) Survivor regions: 9->19(20)
[578.234s][info][gc,heap     ] GC(1323) Old regions: 160->147
[578.234s][info][gc,heap     ] GC(1323) Humongous regions: 9->1
[578.234s][info][gc,metaspace] GC(1323) Metaspace: 43187K(43520K)->43187K(43520K) NonClass: 40369K(40576K)->40369K(40576K) Class: 2818K(2944K)->2818K(2944K)
[578.234s][info][gc          ] GC(1323) Pause Young (Mixed) (G1 Evacuation Pause) 326M->166M(394M) 43.949ms
[578.234s][info][gc,cpu      ] GC(1323) User=0.09s Sys=0.00s Real=0.05s
[578.249s][info][gc,start    ] GC(1324) Pause Young (Concurrent Start) (G1 Humongous Allocation)
[578.249s][info][gc,task     ] GC(1324) Using 2 workers of 2 for evacuation
[578.266s][info][gc,phases   ] GC(1324)   Pre Evacuate Collection Set: 0.19ms
[578.266s][info][gc,phases   ] GC(1324)   Merge Heap Roots: 0.06ms
[578.266s][info][gc,phases   ] GC(1324)   Evacuate Collection Set: 16.26ms
[578.266s][info][gc,phases   ] GC(1324)   Post Evacuate Collection Set: 0.28ms
[578.266s][info][gc,phases   ] GC(1324)   Other: 0.11ms
[578.266s][info][gc,heap     ] GC(1324) Eden regions: 9->0(160)
[578.266s][info][gc,heap     ] GC(1324) Survivor regions: 19->2(23)
[578.266s][info][gc,heap     ] GC(1324) Old regions: 147->164
[578.266s][info][gc,heap     ] GC(1324) Humongous regions: 1->1
[578.266s][info][gc,metaspace] GC(1324) Metaspace: 43187K(43520K)->43187K(43520K) NonClass: 40369K(40576K)->40369K(40576K) Class: 2818K(2944K)->2818K(2944K)
[578.266s][info][gc          ] GC(1324) Pause Young (Concurrent Start) (G1 Humongous Allocation) 175M->166M(394M) 17.086ms
[578.266s][info][gc,cpu      ] GC(1324) User=0.03s Sys=0.00s Real=0.02s
[578.266s][info][gc          ] GC(1325) Concurrent Mark Cycle
[578.266s][info][gc,marking  ] GC(1325) Concurrent Scan Root Regions
[578.296s][info][gc,marking  ] GC(1325) Concurrent Scan Root Regions 30.040ms
[578.296s][info][gc,marking  ] GC(1325) Concurrent Mark
[578.296s][info][gc,marking  ] GC(1325) Concurrent Mark From Roots
[578.296s][info][gc,task     ] GC(1325) Using 1 workers of 1 for marking
[578.428s][info][gc,marking  ] GC(1325) Concurrent Mark From Roots 131.957ms
[578.428s][info][gc,marking  ] GC(1325) Concurrent Preclean
[578.428s][info][gc,marking  ] GC(1325) Concurrent Preclean 0.033ms
[578.428s][info][gc,start    ] GC(1325) Pause Remark
[578.448s][info][gc          ] GC(1325) Pause Remark 226M->207M(394M) 19.223ms
[578.448s][info][gc,cpu      ] GC(1325) User=0.04s Sys=0.00s Real=0.02s
[578.448s][info][gc,marking  ] GC(1325) Concurrent Mark 151.458ms
[578.448s][info][gc,marking  ] GC(1325) Concurrent Rebuild Remembered Sets and Scrub Regions
[578.493s][info][gc,marking  ] GC(1325) Concurrent Rebuild Remembered Sets and Scrub Regions 45.424ms
[578.493s][info][gc,start    ] GC(1325) Pause Cleanup
[578.493s][info][gc          ] GC(1325) Pause Cleanup 219M->219M(394M) 0.069ms
[578.493s][info][gc,cpu      ] GC(1325) User=0.00s Sys=0.00s Real=0.00s
[578.493s][info][gc,marking  ] GC(1325) Concurrent Clear Claimed Marks
[578.493s][info][gc,marking  ] GC(1325) Concurrent Clear Claimed Marks 0.037ms
[578.493s][info][gc,marking  ] GC(1325) Concurrent Cleanup for Next Mark
[578.496s][info][gc,marking  ] GC(1325) Concurrent Cleanup for Next Mark 2.183ms
[578.496s][info][gc          ] GC(1325) Concurrent Mark Cycle 229.545ms
[578.789s][info][gc,start    ] GC(1326) Pause Young (Prepare Mixed) (G1 Evacuation Pause)
[578.789s][info][gc,task     ] GC(1326) Using 2 workers of 2 for evacuation
[578.805s][info][gc,phases   ] GC(1326)   Pre Evacuate Collection Set: 0.21ms
[578.805s][info][gc,phases   ] GC(1326)   Merge Heap Roots: 0.08ms
[578.805s][info][gc,phases   ] GC(1326)   Evacuate Collection Set: 15.02ms
[578.805s][info][gc,phases   ] GC(1326)   Post Evacuate Collection Set: 0.44ms
[578.805s][info][gc,phases   ] GC(1326)   Other: 0.09ms
[578.805s][info][gc,heap     ] GC(1326) Eden regions: 160->0(152)
[578.805s][info][gc,heap     ] GC(1326) Survivor regions: 2->21(21)
[578.805s][info][gc,heap     ] GC(1326) Old regions: 145->148
[578.805s][info][gc,heap     ] GC(1326) Humongous regions: 5->4
[578.805s][info][gc,metaspace] GC(1326) Metaspace: 43187K(43520K)->43187K(43520K) NonClass: 40369K(40576K)->40369K(40576K) Class: 2818K(2944K)->2818K(2944K)
[578.805s][info][gc          ] GC(1326) Pause Young (Prepare Mixed) (G1 Evacuation Pause) 311M->172M(394M) 16.030ms
[578.805s][info][gc,cpu      ] GC(1326) User=0.03s Sys=0.00s Real=0.02s
[579.260s][info][gc,start    ] GC(1327) Pause Young (Mixed) (G1 Evacuation Pause)
[579.260s][info][gc,task     ] GC(1327) Using 2 workers of 2 for evacuation
[579.286s][info][gc,phases   ] GC(1327)   Pre Evacuate Collection Set: 0.23ms
[579.286s][info][gc,phases   ] GC(1327)   Merge Heap Roots: 0.13ms
[579.286s][info][gc,phases   ] GC(1327)   Evacuate Collection Set: 24.96ms
[579.286s][info][gc,phases   ] GC(1327)   Post Evacuate Collection Set: 0.48ms
[579.286s][info][gc,phases   ] GC(1327)   Other: 0.09ms
[579.286s][info][gc,heap     ] GC(1327) Eden regions: 152->0(165)
[579.286s][info][gc,heap     ] GC(1327) Survivor regions: 21->22(22)
[579.286s][info][gc,heap     ] GC(1327) Old regions: 148->127
[579.286s][info][gc,heap     ] GC(1327) Humongous regions: 4->4
[579.286s][info][gc,metaspace] GC(1327) Metaspace: 43187K(43520K)->43187K(43520K) NonClass: 40369K(40576K)->40369K(40576K) Class: 2818K(2944K)->2818K(2944K)
[579.286s][info][gc          ] GC(1327) Pause Young (Mixed) (G1 Evacuation Pause) 324M->152M(394M) 26.152ms
[579.286s][info][gc,cpu      ] GC(1327) User=0.05s Sys=0.00s Real=0.03s
[579.791s][info][gc,start    ] GC(1328) Pause Young (Mixed) (G1 Evacuation Pause)
[579.791s][info][gc,task     ] GC(1328) Using 2 workers of 2 for evacuation
[579.819s][info][gc,phases   ] GC(1328)   Pre Evacuate Collection Set: 0.23ms
[579.819s][info][gc,phases   ] GC(1328)   Merge Heap Roots: 0.25ms
[579.819s][info][gc,phases   ] GC(1328)   Evacuate Collection Set: 26.54ms
[579.819s][info][gc,phases   ] GC(1328)   Post Evacuate Collection Set: 0.50ms
[579.819s][info][gc,phases   ] GC(1328)   Other: 0.08ms
[579.819s][info][gc,heap     ] GC(1328) Eden regions: 165->0(168)
[579.819s][info][gc,heap     ] GC(1328) Survivor regions: 22->24(24)
[579.819s][info][gc,heap     ] GC(1328) Old regions: 127->117
[579.819s][info][gc,heap     ] GC(1328) Humongous regions: 6->4
[579.819s][info][gc,metaspace] GC(1328) Metaspace: 43187K(43520K)->43187K(43520K) NonClass: 40369K(40576K)->40369K(40576K) Class: 2818K(2944K)->2818K(2944K)
[579.819s][info][gc          ] GC(1328) Pause Young (Mixed) (G1 Evacuation Pause) 319M->144M(394M) 27.818ms
[579.819s][info][gc,cpu      ] GC(1328) User=0.06s Sys=0.00s Real=0.02s
[580.380s][info][gc,start    ] GC(1329) Pause Young (Concurrent Start) (G1 Evacuation Pause)
[580.380s][info][gc,task     ] GC(1329) Using 2 workers of 2 for evacuation
[580.418s][info][gc,phases   ] GC(1329)   Pre Evacuate Collection Set: 0.26ms
[580.418s][info][gc,phases   ] GC(1329)   Merge Heap Roots: 0.08ms
[580.418s][info][gc,phases   ] GC(1329)   Evacuate Collection Set: 36.80ms
[580.418s][info][gc,phases   ] GC(1329)   Post Evacuate Collection Set: 0.52ms
[580.418s][info][gc,phases   ] GC(1329)   Other: 0.08ms
[580.418s][info][gc,heap     ] GC(1329) Eden regions: 168->0(134)
[580.418s][info][gc,heap     ] GC(1329) Survivor regions: 24->24(24)
[580.418s][info][gc,heap     ] GC(1329) Old regions: 117->146
[580.418s][info][gc,heap     ] GC(1329) Humongous regions: 4->4
[580.418s][info][gc,metaspace] GC(1329) Metaspace: 43187K(43520K)->43187K(43520K) NonClass: 40369K(40576K)->40369K(40576K) Class: 2818K(2944K)->2818K(2944K)
[580.418s][info][gc          ] GC(1329) Pause Young (Concurrent Start) (G1 Evacuation Pause) 312M->173M(394M) 37.966ms
[580.418s][info][gc,cpu      ] GC(1329) User=0.08s Sys=0.00s Real=0.04s
[580.418s][info][gc          ] GC(1330) Concurrent Mark Cycle
[580.418s][info][gc,marking  ] GC(1330) Concurrent Scan Root Regions
[580.439s][info][gc,marking  ] GC(1330) Concurrent Scan Root Regions 20.990ms
[580.439s][info][gc,marking  ] GC(1330) Concurrent Mark
[580.439s][info][gc,marking  ] GC(1330) Concurrent Mark From Roots
[580.439s][info][gc,task     ] GC(1330) Using 1 workers of 1 for marking
[580.512s][info][gc,marking  ] GC(1330) Concurrent Mark From Roots 73.459ms
[580.512s][info][gc,marking  ] GC(1330) Concurrent Preclean
[580.513s][info][gc,marking  ] GC(1330) Concurrent Preclean 0.057ms
[580.513s][info][gc,start    ] GC(1330) Pause Remark
[580.528s][info][gc          ] GC(1330) Pause Remark 201M->175M(394M) 15.459ms
[580.528s][info][gc,cpu      ] GC(1330) User=0.03s Sys=0.00s Real=0.01s
[580.528s][info][gc,marking  ] GC(1330) Concurrent Mark 89.275ms
[580.528s][info][gc,marking  ] GC(1330) Concurrent Rebuild Remembered Sets and Scrub Regions
[580.576s][info][gc,marking  ] GC(1330) Concurrent Rebuild Remembered Sets and Scrub Regions 47.515ms
[580.576s][info][gc,start    ] GC(1330) Pause Cleanup
[580.576s][info][gc          ] GC(1330) Pause Cleanup 188M->188M(394M) 0.061ms
[580.576s][info][gc,cpu      ] GC(1330) User=0.00s Sys=0.00s Real=0.00s
[580.576s][info][gc,marking  ] GC(1330) Concurrent Clear Claimed Marks
[580.576s][info][gc,marking  ] GC(1330) Concurrent Clear Claimed Marks 0.047ms
[580.576s][info][gc,marking  ] GC(1330) Concurrent Cleanup for Next Mark
[580.577s][info][gc,marking  ] GC(1330) Concurrent Cleanup for Next Mark 1.117ms
[580.577s][info][gc          ] GC(1330) Concurrent Mark Cycle 159.336ms
[580.900s][info][gc,start    ] GC(1331) Pause Young (Prepare Mixed) (G1 Evacuation Pause)
[580.900s][info][gc,task     ] GC(1331) Using 2 workers of 2 for evacuation
[580.947s][info][gc,phases   ] GC(1331)   Pre Evacuate Collection Set: 0.20ms
[580.947s][info][gc,phases   ] GC(1331)   Merge Heap Roots: 0.35ms
[580.947s][info][gc,phases   ] GC(1331)   Evacuate Collection Set: 45.52ms
[580.947s][info][gc,phases   ] GC(1331)   Post Evacuate Collection Set: 0.48ms
[580.947s][info][gc,phases   ] GC(1331)   Other: 0.09ms
[580.947s][info][gc,heap     ] GC(1331) Eden regions: 134->0(106)
[580.947s][info][gc,heap     ] GC(1331) Survivor regions: 24->20(20)
[580.947s][info][gc,heap     ] GC(1331) Old regions: 121->169
[580.947s][info][gc,heap     ] GC(1331) Humongous regions: 4->4
[580.947s][info][gc,metaspace] GC(1331) Metaspace: 43187K(43520K)->43187K(43520K) NonClass: 40369K(40576K)->40369K(40576K) Class: 2818K(2944K)->2818K(2944K)
[580.947s][info][gc          ] GC(1331) Pause Young (Prepare Mixed) (G1 Evacuation Pause) 282M->192M(394M) 46.911ms
[580.947s][info][gc,cpu      ] GC(1331) User=0.09s Sys=0.00s Real=0.05s
[581.276s][info][gc,start    ] GC(1332) Pause Young (Mixed) (G1 Evacuation Pause)
[581.276s][info][gc,task     ] GC(1332) Using 2 workers of 2 for evacuation
[581.306s][info][gc,phases   ] GC(1332)   Pre Evacuate Collection Set: 0.24ms
[581.306s][info][gc,phases   ] GC(1332)   Merge Heap Roots: 0.26ms
[581.306s][info][gc,phases   ] GC(1332)   Evacuate Collection Set: 28.95ms
[581.306s][info][gc,phases   ] GC(1332)   Post Evacuate Collection Set: 0.42ms
[581.306s][info][gc,phases   ] GC(1332)   Other: 0.07ms
[581.306s][info][gc,heap     ] GC(1332) Eden regions: 106->0(118)
[581.306s][info][gc,heap     ] GC(1332) Survivor regions: 20->16(16)
[581.306s][info][gc,heap     ] GC(1332) Old regions: 169->161
[581.306s][info][gc,heap     ] GC(1332) Humongous regions: 4->4
[581.306s][info][gc,metaspace] GC(1332) Metaspace: 43187K(43520K)->43187K(43520K) NonClass: 40369K(40576K)->40369K(40576K) Class: 2818K(2944K)->2818K(2944K)
[581.306s][info][gc          ] GC(1332) Pause Young (Mixed) (G1 Evacuation Pause) 298M->180M(394M) 30.141ms
[581.306s][info][gc,cpu      ] GC(1332) User=0.05s Sys=0.00s Real=0.03s
[581.496s][info][gc,start    ] GC(1333) Pause Young (Concurrent Start) (G1 Humongous Allocation)
[581.496s][info][gc,task     ] GC(1333) Using 2 workers of 2 for evacuation
[581.532s][info][gc,phases   ] GC(1333)   Pre Evacuate Collection Set: 0.22ms
[581.532s][info][gc,phases   ] GC(1333)   Merge Heap Roots: 0.07ms
[581.532s][info][gc,phases   ] GC(1333)   Evacuate Collection Set: 34.16ms
[581.532s][info][gc,phases   ] GC(1333)   Post Evacuate Collection Set: 0.83ms
[581.532s][info][gc,phases   ] GC(1333)   Other: 0.10ms
[581.532s][info][gc,heap     ] GC(1333) Eden regions: 63->0(100)
[581.532s][info][gc,heap     ] GC(1333) Survivor regions: 16->17(17)
[581.532s][info][gc,heap     ] GC(1333) Old regions: 161->204
[581.532s][info][gc,heap     ] GC(1333) Humongous regions: 4->4
[581.532s][info][gc,metaspace] GC(1333) Metaspace: 43187K(43520K)->43187K(43520K) NonClass: 40369K(40576K)->40369K(40576K) Class: 2818K(2944K)->2818K(2944K)
[581.532s][info][gc          ] GC(1333) Pause Young (Concurrent Start) (G1 Humongous Allocation) 243M->224M(452M) 35.571ms
[581.532s][info][gc,cpu      ] GC(1333) User=0.07s Sys=0.00s Real=0.04s
[581.532s][info][gc          ] GC(1334) Concurrent Mark Cycle
[581.532s][info][gc,marking  ] GC(1334) Concurrent Scan Root Regions
[581.553s][info][gc,marking  ] GC(1334) Concurrent Scan Root Regions 21.043ms
[581.553s][info][gc,marking  ] GC(1334) Concurrent Mark
[581.553s][info][gc,marking  ] GC(1334) Concurrent Mark From Roots
[581.553s][info][gc,task     ] GC(1334) Using 1 workers of 1 for marking
[581.642s][info][gc,marking  ] GC(1334) Concurrent Mark From Roots 88.683ms
[581.642s][info][gc,marking  ] GC(1334) Concurrent Preclean
[581.642s][info][gc,marking  ] GC(1334) Concurrent Preclean 0.060ms
[581.642s][info][gc,start    ] GC(1334) Pause Remark
[581.657s][info][gc          ] GC(1334) Pause Remark 250M->201M(452M) 15.322ms
[581.657s][info][gc,cpu      ] GC(1334) User=0.03s Sys=0.00s Real=0.01s
[581.657s][info][gc,marking  ] GC(1334) Concurrent Mark 104.358ms
[581.657s][info][gc,marking  ] GC(1334) Concurrent Rebuild Remembered Sets and Scrub Regions
[581.716s][info][gc,marking  ] GC(1334) Concurrent Rebuild Remembered Sets and Scrub Regions 59.059ms
[581.717s][info][gc,start    ] GC(1334) Pause Cleanup
[581.717s][info][gc          ] GC(1334) Pause Cleanup 214M->214M(452M) 0.081ms
[581.717s][info][gc,cpu      ] GC(1334) User=0.00s Sys=0.00s Real=0.00s
[581.717s][info][gc,marking  ] GC(1334) Concurrent Clear Claimed Marks
[581.717s][info][gc,marking  ] GC(1334) Concurrent Clear Claimed Marks 0.040ms
[581.717s][info][gc,marking  ] GC(1334) Concurrent Cleanup for Next Mark
[581.719s][info][gc,marking  ] GC(1334) Concurrent Cleanup for Next Mark 1.965ms
[581.719s][info][gc          ] GC(1334) Concurrent Mark Cycle 186.940ms
[581.977s][info][gc,start    ] GC(1335) Pause Young (Prepare Mixed) (G1 Evacuation Pause)
[581.977s][info][gc,task     ] GC(1335) Using 2 workers of 2 for evacuation
[582.032s][info][gc,phases   ] GC(1335)   Pre Evacuate Collection Set: 0.32ms
[582.032s][info][gc,phases   ] GC(1335)   Merge Heap Roots: 0.34ms
[582.032s][info][gc,phases   ] GC(1335)   Evacuate Collection Set: 53.49ms
[582.032s][info][gc,phases   ] GC(1335)   Post Evacuate Collection Set: 0.48ms
[582.032s][info][gc,phases   ] GC(1335)   Other: 0.07ms
[582.032s][info][gc,heap     ] GC(1335) Eden regions: 100->0(91)
[582.032s][info][gc,heap     ] GC(1335) Survivor regions: 17->15(15)
[582.032s][info][gc,heap     ] GC(1335) Old regions: 156->218
[582.032s][info][gc,heap     ] GC(1335) Humongous regions: 4->4
[582.032s][info][gc,metaspace] GC(1335) Metaspace: 43187K(43520K)->43187K(43520K) NonClass: 40369K(40576K)->40369K(40576K) Class: 2818K(2944K)->2818K(2944K)
[582.032s][info][gc          ] GC(1335) Pause Young (Prepare Mixed) (G1 Evacuation Pause) 276M->236M(452M) 54.924ms
[582.032s][info][gc,cpu      ] GC(1335) User=0.11s Sys=0.00s Real=0.06s
[582.344s][info][gc,start    ] GC(1336) Pause Young (Mixed) (G1 Evacuation Pause)
[582.344s][info][gc,task     ] GC(1336) Using 2 workers of 2 for evacuation
[582.398s][info][gc,phases   ] GC(1336)   Pre Evacuate Collection Set: 0.24ms
[582.398s][info][gc,phases   ] GC(1336)   Merge Heap Roots: 0.43ms
[582.398s][info][gc,phases   ] GC(1336)   Evacuate Collection Set: 52.43ms
[582.398s][info][gc,phases   ] GC(1336)   Post Evacuate Collection Set: 0.52ms
[582.398s][info][gc,phases   ] GC(1336)   Other: 0.09ms
[582.398s][info][gc,heap     ] GC(1336) Eden regions: 91->0(82)
[582.398s][info][gc,heap     ] GC(1336) Survivor regions: 15->14(14)
[582.398s][info][gc,heap     ] GC(1336) Old regions: 218->237
[582.398s][info][gc,heap     ] GC(1336) Humongous regions: 5->5
[582.398s][info][gc,metaspace] GC(1336) Metaspace: 43187K(43520K)->43187K(43520K) NonClass: 40369K(40576K)->40369K(40576K) Class: 2818K(2944K)->2818K(2944K)
[582.398s][info][gc          ] GC(1336) Pause Young (Mixed) (G1 Evacuation Pause) 328M->255M(452M) 53.932ms
[582.398s][info][gc,cpu      ] GC(1336) User=0.10s Sys=0.00s Real=0.05s
[582.656s][info][gc,start    ] GC(1337) Pause Young (Concurrent Start) (G1 Evacuation Pause)
[582.656s][info][gc,task     ] GC(1337) Using 2 workers of 2 for evacuation
[582.708s][info][gc,phases   ] GC(1337)   Pre Evacuate Collection Set: 0.23ms
[582.708s][info][gc,phases   ] GC(1337)   Merge Heap Roots: 0.29ms
[582.708s][info][gc,phases   ] GC(1337)   Evacuate Collection Set: 50.51ms
[582.708s][info][gc,phases   ] GC(1337)   Post Evacuate Collection Set: 0.43ms
[582.708s][info][gc,phases   ] GC(1337)   Other: 0.18ms
[582.708s][info][gc,heap     ] GC(1337) Eden regions: 82->0(54)
[582.708s][info][gc,heap     ] GC(1337) Survivor regions: 14->12(12)
[582.708s][info][gc,heap     ] GC(1337) Old regions: 237->299
[582.708s][info][gc,heap     ] GC(1337) Humongous regions: 5->5
[582.708s][info][gc,metaspace] GC(1337) Metaspace: 43187K(43520K)->43187K(43520K) NonClass: 40369K(40576K)->40369K(40576K) Class: 2818K(2944K)->2818K(2944K)
[582.708s][info][gc          ] GC(1337) Pause Young (Concurrent Start) (G1 Evacuation Pause) 337M->315M(452M) 51.891ms
[582.708s][info][gc,cpu      ] GC(1337) User=0.10s Sys=0.00s Real=0.05s
[582.708s][info][gc          ] GC(1338) Concurrent Mark Cycle
[582.708s][info][gc,marking  ] GC(1338) Concurrent Scan Root Regions
[582.734s][info][gc,marking  ] GC(1338) Concurrent Scan Root Regions 25.575ms
[582.734s][info][gc,marking  ] GC(1338) Concurrent Mark
[582.734s][info][gc,marking  ] GC(1338) Concurrent Mark From Roots
[582.734s][info][gc,task     ] GC(1338) Using 1 workers of 1 for marking
[582.843s][info][gc,marking  ] GC(1338) Concurrent Mark From Roots 109.231ms
[582.843s][info][gc,marking  ] GC(1338) Concurrent Preclean
[582.843s][info][gc,marking  ] GC(1338) Concurrent Preclean 0.070ms
[582.843s][info][gc,start    ] GC(1338) Pause Remark
[582.859s][info][gc          ] GC(1338) Pause Remark 348M->314M(472M) 15.328ms
[582.859s][info][gc,cpu      ] GC(1338) User=0.03s Sys=0.00s Real=0.01s
[582.859s][info][gc,marking  ] GC(1338) Concurrent Mark 124.928ms
[582.859s][info][gc,marking  ] GC(1338) Concurrent Rebuild Remembered Sets and Scrub Regions
[582.942s][info][gc,marking  ] GC(1338) Concurrent Rebuild Remembered Sets and Scrub Regions 82.945ms
[582.942s][info][gc,start    ] GC(1338) Pause Cleanup
[582.942s][info][gc          ] GC(1338) Pause Cleanup 331M->331M(472M) 0.104ms
[582.942s][info][gc,cpu      ] GC(1338) User=0.00s Sys=0.00s Real=0.00s
[582.942s][info][gc,marking  ] GC(1338) Concurrent Clear Claimed Marks
[582.942s][info][gc,marking  ] GC(1338) Concurrent Clear Claimed Marks 0.041ms
[582.942s][info][gc,marking  ] GC(1338) Concurrent Cleanup for Next Mark
[582.944s][info][gc,marking  ] GC(1338) Concurrent Cleanup for Next Mark 1.578ms
[582.944s][info][gc          ] GC(1338) Concurrent Mark Cycle 236.000ms
[582.969s][info][gc,start    ] GC(1339) Pause Young (Prepare Mixed) (G1 Evacuation Pause)
[582.969s][info][gc,task     ] GC(1339) Using 2 workers of 2 for evacuation
[583.002s][info][gc,phases   ] GC(1339)   Pre Evacuate Collection Set: 0.22ms
[583.002s][info][gc,phases   ] GC(1339)   Merge Heap Roots: 0.37ms
[583.002s][info][gc,phases   ] GC(1339)   Evacuate Collection Set: 31.80ms
[583.002s][info][gc,phases   ] GC(1339)   Post Evacuate Collection Set: 0.42ms
[583.002s][info][gc,phases   ] GC(1339)   Other: 0.09ms
[583.002s][info][gc,heap     ] GC(1339) Eden regions: 54->0(66)
[583.002s][info][gc,heap     ] GC(1339) Survivor regions: 12->9(9)
[583.002s][info][gc,heap     ] GC(1339) Old regions: 266->295
[583.002s][info][gc,heap     ] GC(1339) Humongous regions: 5->5
[583.002s][info][gc,metaspace] GC(1339) Metaspace: 43187K(43520K)->43187K(43520K) NonClass: 40369K(40576K)->40369K(40576K) Class: 2818K(2944K)->2818K(2944K)
[583.002s][info][gc          ] GC(1339) Pause Young (Prepare Mixed) (G1 Evacuation Pause) 336M->308M(472M) 33.067ms
[583.002s][info][gc,cpu      ] GC(1339) User=0.07s Sys=0.00s Real=0.04s
[583.215s][info][gc,start    ] GC(1340) Pause Young (Mixed) (G1 Evacuation Pause)
[583.215s][info][gc,task     ] GC(1340) Using 2 workers of 2 for evacuation
[583.249s][info][gc,phases   ] GC(1340)   Pre Evacuate Collection Set: 0.34ms
[583.249s][info][gc,phases   ] GC(1340)   Merge Heap Roots: 0.24ms
[583.249s][info][gc,phases   ] GC(1340)   Evacuate Collection Set: 33.06ms
[583.249s][info][gc,phases   ] GC(1340)   Post Evacuate Collection Set: 0.48ms
[583.249s][info][gc,phases   ] GC(1340)   Other: 0.08ms
[583.249s][info][gc,heap     ] GC(1340) Eden regions: 66->0(73)
[583.249s][info][gc,heap     ] GC(1340) Survivor regions: 9->10(10)
[583.249s][info][gc,heap     ] GC(1340) Old regions: 295->280
[583.249s][info][gc,heap     ] GC(1340) Humongous regions: 5->5
[583.249s][info][gc,metaspace] GC(1340) Metaspace: 43187K(43520K)->43187K(43520K) NonClass: 40369K(40576K)->40369K(40576K) Class: 2818K(2944K)->2818K(2944K)
[583.249s][info][gc          ] GC(1340) Pause Young (Mixed) (G1 Evacuation Pause) 374M->294M(472M) 34.418ms
[583.249s][info][gc,cpu      ] GC(1340) User=0.06s Sys=0.01s Real=0.03s
[583.491s][info][gc,start    ] GC(1341) Pause Young (Mixed) (G1 Evacuation Pause)
[583.491s][info][gc,task     ] GC(1341) Using 2 workers of 2 for evacuation
[583.515s][info][gc,phases   ] GC(1341)   Pre Evacuate Collection Set: 0.34ms
[583.515s][info][gc,phases   ] GC(1341)   Merge Heap Roots: 0.38ms
[583.515s][info][gc,phases   ] GC(1341)   Evacuate Collection Set: 21.59ms
[583.515s][info][gc,phases   ] GC(1341)   Post Evacuate Collection Set: 1.40ms
[583.515s][info][gc,phases   ] GC(1341)   Other: 0.09ms
[583.515s][info][gc,heap     ] GC(1341) Eden regions: 73->0(153)
[583.515s][info][gc,heap     ] GC(1341) Survivor regions: 10->11(11)
[583.515s][info][gc,heap     ] GC(1341) Old regions: 280->241
[583.515s][info][gc,heap     ] GC(1341) Humongous regions: 6->6
[583.515s][info][gc,metaspace] GC(1341) Metaspace: 43187K(43520K)->43187K(43520K) NonClass: 40369K(40576K)->40369K(40576K) Class: 2818K(2944K)->2818K(2944K)
[583.515s][info][gc          ] GC(1341) Pause Young (Mixed) (G1 Evacuation Pause) 368M->257M(614M) 23.981ms
[583.515s][info][gc,cpu      ] GC(1341) User=0.04s Sys=0.00s Real=0.02s
[584.110s][info][gc,start    ] GC(1342) Pause Young (Mixed) (G1 Evacuation Pause)
[584.110s][info][gc,task     ] GC(1342) Using 2 workers of 2 for evacuation
[584.134s][info][gc,phases   ] GC(1342)   Pre Evacuate Collection Set: 0.27ms
[584.134s][info][gc,phases   ] GC(1342)   Merge Heap Roots: 0.37ms
[584.134s][info][gc,phases   ] GC(1342)   Evacuate Collection Set: 22.75ms
[584.134s][info][gc,phases   ] GC(1342)   Post Evacuate Collection Set: 0.42ms
[584.134s][info][gc,phases   ] GC(1342)   Other: 0.08ms
[584.134s][info][gc,heap     ] GC(1342) Eden regions: 153->0(167)
[584.134s][info][gc,heap     ] GC(1342) Survivor regions: 11->11(21)
[584.134s][info][gc,heap     ] GC(1342) Old regions: 241->243
[584.134s][info][gc,heap     ] GC(1342) Humongous regions: 6->6
[584.134s][info][gc,metaspace] GC(1342) Metaspace: 43187K(43520K)->43187K(43520K) NonClass: 40369K(40576K)->40369K(40576K) Class: 2818K(2944K)->2818K(2944K)
[584.134s][info][gc          ] GC(1342) Pause Young (Mixed) (G1 Evacuation Pause) 410M->259M(614M) 24.082ms
[584.134s][info][gc,cpu      ] GC(1342) User=0.05s Sys=0.01s Real=0.03s
[584.358s][info][gc,start    ] GC(1343) Pause Young (Concurrent Start) (G1 Humongous Allocation)
[584.358s][info][gc,task     ] GC(1343) Using 2 workers of 2 for evacuation
[584.381s][info][gc,phases   ] GC(1343)   Pre Evacuate Collection Set: 0.30ms
[584.381s][info][gc,phases   ] GC(1343)   Merge Heap Roots: 0.05ms
[584.381s][info][gc,phases   ] GC(1343)   Evacuate Collection Set: 21.21ms
[584.381s][info][gc,phases   ] GC(1343)   Post Evacuate Collection Set: 0.40ms
[584.381s][info][gc,phases   ] GC(1343)   Other: 0.09ms
[584.381s][info][gc,heap     ] GC(1343) Eden regions: 67->0(163)
[584.381s][info][gc,heap     ] GC(1343) Survivor regions: 11->23(23)
[584.381s][info][gc,heap     ] GC(1343) Old regions: 243->255
[584.381s][info][gc,heap     ] GC(1343) Humongous regions: 6->6
[584.381s][info][gc,metaspace] GC(1343) Metaspace: 43187K(43520K)->43187K(43520K) NonClass: 40369K(40576K)->40369K(40576K) Class: 2818K(2944K)->2818K(2944K)
[584.381s][info][gc          ] GC(1343) Pause Young (Concurrent Start) (G1 Humongous Allocation) 326M->283M(614M) 22.266ms
[584.381s][info][gc,cpu      ] GC(1343) User=0.04s Sys=0.00s Real=0.02s
[584.381s][info][gc          ] GC(1344) Concurrent Mark Cycle
[584.381s][info][gc,marking  ] GC(1344) Concurrent Scan Root Regions
[584.395s][info][gc,marking  ] GC(1344) Concurrent Scan Root Regions 13.713ms
[584.395s][info][gc,marking  ] GC(1344) Concurrent Mark
[584.395s][info][gc,marking  ] GC(1344) Concurrent Mark From Roots
[584.395s][info][gc,task     ] GC(1344) Using 1 workers of 1 for marking
[584.468s][info][gc,marking  ] GC(1344) Concurrent Mark From Roots 73.010ms
[584.468s][info][gc,marking  ] GC(1344) Concurrent Preclean
[584.468s][info][gc,marking  ] GC(1344) Concurrent Preclean 0.066ms
[584.468s][info][gc,start    ] GC(1344) Pause Remark
[584.483s][info][gc          ] GC(1344) Pause Remark 304M->171M(507M) 15.279ms
[584.483s][info][gc,cpu      ] GC(1344) User=0.03s Sys=0.00s Real=0.02s
[584.485s][info][gc,marking  ] GC(1344) Concurrent Mark 90.539ms
[584.485s][info][gc,marking  ] GC(1344) Concurrent Rebuild Remembered Sets and Scrub Regions
[584.522s][info][gc,marking  ] GC(1344) Concurrent Rebuild Remembered Sets and Scrub Regions 36.838ms
[584.522s][info][gc,start    ] GC(1344) Pause Cleanup
[584.522s][info][gc          ] GC(1344) Pause Cleanup 181M->181M(507M) 0.070ms
[584.522s][info][gc,cpu      ] GC(1344) User=0.00s Sys=0.00s Real=0.00s
[584.522s][info][gc,marking  ] GC(1344) Concurrent Clear Claimed Marks
[584.522s][info][gc,marking  ] GC(1344) Concurrent Clear Claimed Marks 0.039ms
[584.522s][info][gc,marking  ] GC(1344) Concurrent Cleanup for Next Mark
[584.524s][info][gc,marking  ] GC(1344) Concurrent Cleanup for Next Mark 1.789ms
[584.524s][info][gc          ] GC(1344) Concurrent Mark Cycle 143.287ms
[584.964s][info][gc,start    ] GC(1345) Pause Young (Prepare Mixed) (G1 Evacuation Pause)
[584.964s][info][gc,task     ] GC(1345) Using 2 workers of 2 for evacuation
[584.997s][info][gc,phases   ] GC(1345)   Pre Evacuate Collection Set: 0.25ms
[584.997s][info][gc,phases   ] GC(1345)   Merge Heap Roots: 0.18ms
[584.997s][info][gc,phases   ] GC(1345)   Evacuate Collection Set: 31.32ms
[584.997s][info][gc,phases   ] GC(1345)   Post Evacuate Collection Set: 0.48ms
[584.997s][info][gc,phases   ] GC(1345)   Other: 0.07ms
[584.997s][info][gc,heap     ] GC(1345) Eden regions: 163->0(171)
[584.997s][info][gc,heap     ] GC(1345) Survivor regions: 23->24(24)
[584.997s][info][gc,heap     ] GC(1345) Old regions: 125->144
[584.997s][info][gc,heap     ] GC(1345) Humongous regions: 5->4
[584.997s][info][gc,metaspace] GC(1345) Metaspace: 43187K(43520K)->43187K(43520K) NonClass: 40369K(40576K)->40369K(40576K) Class: 2818K(2944K)->2818K(2944K)
[584.997s][info][gc          ] GC(1345) Pause Young (Prepare Mixed) (G1 Evacuation Pause) 315M->170M(507M) 32.528ms
[584.997s][info][gc,cpu      ] GC(1345) User=0.07s Sys=0.00s Real=0.03s
[585.530s][info][gc,start    ] GC(1346) Pause Young (Mixed) (G1 Evacuation Pause)
[585.530s][info][gc,task     ] GC(1346) Using 2 workers of 2 for evacuation
[585.554s][info][gc,phases   ] GC(1346)   Pre Evacuate Collection Set: 0.35ms
[585.554s][info][gc,phases   ] GC(1346)   Merge Heap Roots: 0.20ms
[585.554s][info][gc,phases   ] GC(1346)   Evacuate Collection Set: 23.16ms
[585.554s][info][gc,phases   ] GC(1346)   Post Evacuate Collection Set: 0.51ms
[585.554s][info][gc,phases   ] GC(1346)   Other: 0.07ms
[585.554s][info][gc,heap     ] GC(1346) Eden regions: 171->0(202)
[585.554s][info][gc,heap     ] GC(1346) Survivor regions: 24->9(25)
[585.554s][info][gc,heap     ] GC(1346) Old regions: 144->131
[585.554s][info][gc,heap     ] GC(1346) Humongous regions: 6->4
[585.554s][info][gc,metaspace] GC(1346) Metaspace: 43187K(43520K)->43187K(43520K) NonClass: 40369K(40576K)->40369K(40576K) Class: 2818K(2944K)->2818K(2944K)
[585.554s][info][gc          ] GC(1346) Pause Young (Mixed) (G1 Evacuation Pause) 343M->143M(507M) 24.503ms
[585.554s][info][gc,cpu      ] GC(1346) User=0.04s Sys=0.00s Real=0.03s
[585.861s][info][gc,start    ] GC(1347) Pause Young (Concurrent Start) (G1 Humongous Allocation)
[585.861s][info][gc,task     ] GC(1347) Using 2 workers of 2 for evacuation
[585.889s][info][gc,phases   ] GC(1347)   Pre Evacuate Collection Set: 0.27ms
[585.889s][info][gc,phases   ] GC(1347)   Merge Heap Roots: 0.11ms
[585.889s][info][gc,phases   ] GC(1347)   Evacuate Collection Set: 27.35ms
[585.889s][info][gc,phases   ] GC(1347)   Post Evacuate Collection Set: 0.42ms
[585.889s][info][gc,phases   ] GC(1347)   Other: 0.09ms
[585.889s][info][gc,heap     ] GC(1347) Eden regions: 98->0(186)
[585.889s][info][gc,heap     ] GC(1347) Survivor regions: 9->27(27)
[585.889s][info][gc,heap     ] GC(1347) Old regions: 131->148
[585.889s][info][gc,heap     ] GC(1347) Humongous regions: 4->4
[585.889s][info][gc,metaspace] GC(1347) Metaspace: 43187K(43520K)->43187K(43520K) NonClass: 40369K(40576K)->40369K(40576K) Class: 2818K(2944K)->2818K(2944K)
[585.889s][info][gc          ] GC(1347) Pause Young (Concurrent Start) (G1 Humongous Allocation) 240M->177M(507M) 28.483ms
[585.889s][info][gc,cpu      ] GC(1347) User=0.05s Sys=0.00s Real=0.03s
[585.889s][info][gc          ] GC(1348) Concurrent Mark Cycle
[585.889s][info][gc,marking  ] GC(1348) Concurrent Scan Root Regions
[585.907s][info][gc,marking  ] GC(1348) Concurrent Scan Root Regions 17.535ms
[585.907s][info][gc,marking  ] GC(1348) Concurrent Mark
[585.907s][info][gc,marking  ] GC(1348) Concurrent Mark From Roots
[585.907s][info][gc,task     ] GC(1348) Using 1 workers of 1 for marking
[586.007s][info][gc,marking  ] GC(1348) Concurrent Mark From Roots 100.058ms
[586.007s][info][gc,marking  ] GC(1348) Concurrent Preclean
[586.007s][info][gc,marking  ] GC(1348) Concurrent Preclean 0.065ms
[586.007s][info][gc,start    ] GC(1348) Pause Remark
[586.022s][info][gc          ] GC(1348) Pause Remark 210M->197M(507M) 15.094ms
[586.022s][info][gc,cpu      ] GC(1348) User=0.03s Sys=0.00s Real=0.02s
[586.022s][info][gc,marking  ] GC(1348) Concurrent Mark 115.479ms
[586.022s][info][gc,marking  ] GC(1348) Concurrent Rebuild Remembered Sets and Scrub Regions
[586.075s][info][gc,marking  ] GC(1348) Concurrent Rebuild Remembered Sets and Scrub Regions 52.261ms
[586.075s][info][gc,start    ] GC(1348) Pause Cleanup
[586.075s][info][gc          ] GC(1348) Pause Cleanup 212M->212M(507M) 0.057ms
[586.075s][info][gc,cpu      ] GC(1348) User=0.00s Sys=0.00s Real=0.00s
[586.075s][info][gc,marking  ] GC(1348) Concurrent Clear Claimed Marks
[586.075s][info][gc,marking  ] GC(1348) Concurrent Clear Claimed Marks 0.036ms
[586.075s][info][gc,marking  ] GC(1348) Concurrent Cleanup for Next Mark
[586.076s][info][gc,marking  ] GC(1348) Concurrent Cleanup for Next Mark 1.446ms
[586.076s][info][gc          ] GC(1348) Concurrent Mark Cycle 187.064ms
[586.517s][info][gc,start    ] GC(1349) Pause Young (Prepare Mixed) (G1 Evacuation Pause)
[586.517s][info][gc,task     ] GC(1349) Using 2 workers of 2 for evacuation
[586.560s][info][gc,phases   ] GC(1349)   Pre Evacuate Collection Set: 0.33ms
[586.560s][info][gc,phases   ] GC(1349)   Merge Heap Roots: 0.26ms
[586.560s][info][gc,phases   ] GC(1349)   Evacuate Collection Set: 41.97ms
[586.560s][info][gc,phases   ] GC(1349)   Post Evacuate Collection Set: 0.50ms
[586.560s][info][gc,phases   ] GC(1349)   Other: 0.10ms
[586.560s][info][gc,heap     ] GC(1349) Eden regions: 186->0(174)
[586.560s][info][gc,heap     ] GC(1349) Survivor regions: 27->27(27)
[586.560s][info][gc,heap     ] GC(1349) Old regions: 135->171
[586.560s][info][gc,heap     ] GC(1349) Humongous regions: 6->5
[586.560s][info][gc,metaspace] GC(1349) Metaspace: 43187K(43520K)->43187K(43520K) NonClass: 40369K(40576K)->40369K(40576K) Class: 2818K(2944K)->2818K(2944K)
[586.560s][info][gc          ] GC(1349) Pause Young (Prepare Mixed) (G1 Evacuation Pause) 353M->202M(507M) 43.380ms
[586.560s][info][gc,cpu      ] GC(1349) User=0.09s Sys=0.00s Real=0.04s
[587.114s][info][gc,start    ] GC(1350) Pause Young (Mixed) (G1 Evacuation Pause)
[587.114s][info][gc,task     ] GC(1350) Using 2 workers of 2 for evacuation
[587.177s][info][gc,phases   ] GC(1350)   Pre Evacuate Collection Set: 0.30ms
[587.177s][info][gc,phases   ] GC(1350)   Merge Heap Roots: 0.28ms
[587.177s][info][gc,phases   ] GC(1350)   Evacuate Collection Set: 61.53ms
[587.177s][info][gc,phases   ] GC(1350)   Post Evacuate Collection Set: 0.57ms
[587.177s][info][gc,phases   ] GC(1350)   Other: 0.09ms
[587.177s][info][gc,heap     ] GC(1350) Eden regions: 174->0(151)
[587.177s][info][gc,heap     ] GC(1350) Survivor regions: 27->26(26)
[587.177s][info][gc,heap     ] GC(1350) Old regions: 171->197
[587.177s][info][gc,heap     ] GC(1350) Humongous regions: 7->7
[587.177s][info][gc,metaspace] GC(1350) Metaspace: 43187K(43520K)->43187K(43520K) NonClass: 40369K(40576K)->40369K(40576K) Class: 2818K(2944K)->2818K(2944K)
[587.177s][info][gc          ] GC(1350) Pause Young (Mixed) (G1 Evacuation Pause) 378M->229M(507M) 63.037ms
[587.177s][info][gc,cpu      ] GC(1350) User=0.13s Sys=0.00s Real=0.06s
[587.240s][info][gc,start    ] GC(1351) Pause Young (Concurrent Start) (G1 Humongous Allocation)
[587.240s][info][gc,task     ] GC(1351) Using 2 workers of 2 for evacuation
[587.267s][info][gc,phases   ] GC(1351)   Pre Evacuate Collection Set: 0.26ms
[587.267s][info][gc,phases   ] GC(1351)   Merge Heap Roots: 0.22ms
[587.267s][info][gc,phases   ] GC(1351)   Evacuate Collection Set: 26.12ms
[587.267s][info][gc,phases   ] GC(1351)   Post Evacuate Collection Set: 0.32ms
[587.267s][info][gc,phases   ] GC(1351)   Other: 0.08ms
[587.267s][info][gc,heap     ] GC(1351) Eden regions: 22->0(136)
[587.267s][info][gc,heap     ] GC(1351) Survivor regions: 26->11(23)
[587.267s][info][gc,heap     ] GC(1351) Old regions: 197->220
[587.267s][info][gc,heap     ] GC(1351) Humongous regions: 7->5
[587.267s][info][gc,metaspace] GC(1351) Metaspace: 43187K(43520K)->43187K(43520K) NonClass: 40369K(40576K)->40369K(40576K) Class: 2818K(2944K)->2818K(2944K)
[587.267s][info][gc          ] GC(1351) Pause Young (Concurrent Start) (G1 Humongous Allocation) 251M->235M(507M) 27.191ms
[587.267s][info][gc,cpu      ] GC(1351) User=0.06s Sys=0.00s Real=0.03s
[587.267s][info][gc          ] GC(1352) Concurrent Mark Cycle
[587.269s][info][gc,marking  ] GC(1352) Concurrent Scan Root Regions
[587.295s][info][gc,marking  ] GC(1352) Concurrent Scan Root Regions 25.543ms
[587.295s][info][gc,marking  ] GC(1352) Concurrent Mark
[587.295s][info][gc,marking  ] GC(1352) Concurrent Mark From Roots
[587.295s][info][gc,task     ] GC(1352) Using 1 workers of 1 for marking
[587.497s][info][gc,marking  ] GC(1352) Concurrent Mark From Roots 202.573ms
[587.497s][info][gc,marking  ] GC(1352) Concurrent Preclean
[587.497s][info][gc,marking  ] GC(1352) Concurrent Preclean 0.066ms
[587.498s][info][gc,start    ] GC(1352) Pause Remark
[587.513s][info][gc          ] GC(1352) Pause Remark 310M->277M(507M) 15.510ms
[587.513s][info][gc,cpu      ] GC(1352) User=0.04s Sys=0.00s Real=0.02s
[587.513s][info][gc,marking  ] GC(1352) Concurrent Mark 218.453ms
[587.513s][info][gc,marking  ] GC(1352) Concurrent Rebuild Remembered Sets and Scrub Regions
[587.571s][info][gc,marking  ] GC(1352) Concurrent Rebuild Remembered Sets and Scrub Regions 57.692ms
[587.571s][info][gc,start    ] GC(1352) Pause Cleanup
[587.571s][info][gc          ] GC(1352) Pause Cleanup 299M->299M(507M) 0.103ms
[587.571s][info][gc,cpu      ] GC(1352) User=0.00s Sys=0.00s Real=0.01s
[587.571s][info][gc,marking  ] GC(1352) Concurrent Clear Claimed Marks
[587.571s][info][gc,marking  ] GC(1352) Concurrent Clear Claimed Marks 0.042ms
[587.571s][info][gc,marking  ] GC(1352) Concurrent Cleanup for Next Mark
[587.573s][info][gc,marking  ] GC(1352) Concurrent Cleanup for Next Mark 1.467ms
[587.573s][info][gc          ] GC(1352) Concurrent Mark Cycle 305.945ms
[587.693s][info][gc,start    ] GC(1353) Pause Young (Prepare Mixed) (G1 Evacuation Pause)
[587.693s][info][gc,task     ] GC(1353) Using 2 workers of 2 for evacuation
[587.701s][info][gc,phases   ] GC(1353)   Pre Evacuate Collection Set: 0.24ms
[587.701s][info][gc,phases   ] GC(1353)   Merge Heap Roots: 0.07ms
[587.701s][info][gc,phases   ] GC(1353)   Evacuate Collection Set: 6.93ms
[587.701s][info][gc,phases   ] GC(1353)   Post Evacuate Collection Set: 0.38ms
[587.701s][info][gc,phases   ] GC(1353)   Other: 0.07ms
[587.701s][info][gc,heap     ] GC(1353) Eden regions: 136->0(168)
[587.701s][info][gc,heap     ] GC(1353) Survivor regions: 11->2(19)
[587.701s][info][gc,heap     ] GC(1353) Old regions: 189->200
[587.701s][info][gc,heap     ] GC(1353) Humongous regions: 5->5
[587.701s][info][gc,metaspace] GC(1353) Metaspace: 43187K(43520K)->43187K(43520K) NonClass: 40369K(40576K)->40369K(40576K) Class: 2818K(2944K)->2818K(2944K)
[587.701s][info][gc          ] GC(1353) Pause Young (Prepare Mixed) (G1 Evacuation Pause) 340M->206M(507M) 7.878ms
[587.701s][info][gc,cpu      ] GC(1353) User=0.02s Sys=0.00s Real=0.00s
[588.184s][info][gc,start    ] GC(1354) Pause Young (Mixed) (G1 Evacuation Pause)
[588.184s][info][gc,task     ] GC(1354) Using 2 workers of 2 for evacuation
[588.189s][info][gc,phases   ] GC(1354)   Pre Evacuate Collection Set: 0.25ms
[588.189s][info][gc,phases   ] GC(1354)   Merge Heap Roots: 0.12ms
[588.189s][info][gc,phases   ] GC(1354)   Evacuate Collection Set: 4.29ms
[588.189s][info][gc,phases   ] GC(1354)   Post Evacuate Collection Set: 0.48ms
[588.189s][info][gc,phases   ] GC(1354)   Other: 0.08ms
[588.189s][info][gc,heap     ] GC(1354) Eden regions: 168->0(208)
[588.189s][info][gc,heap     ] GC(1354) Survivor regions: 2->2(22)
[588.189s][info][gc,heap     ] GC(1354) Old regions: 200->151
[588.189s][info][gc,heap     ] GC(1354) Humongous regions: 5->5
[588.189s][info][gc,metaspace] GC(1354) Metaspace: 43187K(43520K)->43187K(43520K) NonClass: 40369K(40576K)->40369K(40576K) Class: 2818K(2944K)->2818K(2944K)
[588.189s][info][gc          ] GC(1354) Pause Young (Mixed) (G1 Evacuation Pause) 374M->157M(507M) 5.419ms
[588.189s][info][gc,cpu      ] GC(1354) User=0.01s Sys=0.00s Real=0.00s
[588.750s][info][gc,start    ] GC(1355) Pause Young (Mixed) (G1 Evacuation Pause)
[588.750s][info][gc,task     ] GC(1355) Using 2 workers of 2 for evacuation
[588.765s][info][gc,phases   ] GC(1355)   Pre Evacuate Collection Set: 0.25ms
[588.765s][info][gc,phases   ] GC(1355)   Merge Heap Roots: 0.27ms
[588.765s][info][gc,phases   ] GC(1355)   Evacuate Collection Set: 13.31ms
[588.765s][info][gc,phases   ] GC(1355)   Post Evacuate Collection Set: 0.63ms
[588.765s][info][gc,phases   ] GC(1355)   Other: 0.07ms
[588.765s][info][gc,heap     ] GC(1355) Eden regions: 208->0(235)
[588.765s][info][gc,heap     ] GC(1355) Survivor regions: 2->6(27)
[588.765s][info][gc,heap     ] GC(1355) Old regions: 151->140
[588.765s][info][gc,heap     ] GC(1355) Humongous regions: 6->3
[588.765s][info][gc,metaspace] GC(1355) Metaspace: 43187K(43520K)->43187K(43520K) NonClass: 40369K(40576K)->40369K(40576K) Class: 2818K(2944K)->2818K(2944K)
[588.765s][info][gc          ] GC(1355) Pause Young (Mixed) (G1 Evacuation Pause) 366M->148M(526M) 14.726ms
[588.765s][info][gc,cpu      ] GC(1355) User=0.03s Sys=0.00s Real=0.02s
[589.138s][info][gc,start    ] GC(1356) Pause Young (Concurrent Start) (G1 Evacuation Pause)
[589.138s][info][gc,task     ] GC(1356) Using 2 workers of 2 for evacuation
[589.144s][info][gc,phases   ] GC(1356)   Pre Evacuate Collection Set: 0.25ms
[589.144s][info][gc,phases   ] GC(1356)   Merge Heap Roots: 0.07ms
[589.144s][info][gc,phases   ] GC(1356)   Evacuate Collection Set: 4.53ms
[589.144s][info][gc,phases   ] GC(1356)   Post Evacuate Collection Set: 0.47ms
[589.144s][info][gc,phases   ] GC(1356)   Other: 0.08ms
[589.144s][info][gc,heap     ] GC(1356) Eden regions: 235->0(250)
[589.144s][info][gc,heap     ] GC(1356) Survivor regions: 6->7(31)
[589.144s][info][gc,heap     ] GC(1356) Old regions: 140->140
[589.144s][info][gc,heap     ] GC(1356) Humongous regions: 3->3
[589.144s][info][gc,metaspace] GC(1356) Metaspace: 43187K(43520K)->43187K(43520K) NonClass: 40369K(40576K)->40369K(40576K) Class: 2818K(2944K)->2818K(2944K)
[589.144s][info][gc          ] GC(1356) Pause Young (Concurrent Start) (G1 Evacuation Pause) 383M->149M(526M) 5.584ms
[589.144s][info][gc,cpu      ] GC(1356) User=0.01s Sys=0.00s Real=0.01s
[589.144s][info][gc          ] GC(1357) Concurrent Mark Cycle
[589.144s][info][gc,marking  ] GC(1357) Concurrent Scan Root Regions
[589.147s][info][gc,marking  ] GC(1357) Concurrent Scan Root Regions 2.790ms
[589.147s][info][gc,marking  ] GC(1357) Concurrent Mark
[589.147s][info][gc,marking  ] GC(1357) Concurrent Mark From Roots
[589.147s][info][gc,task     ] GC(1357) Using 1 workers of 1 for marking
[589.221s][info][gc,marking  ] GC(1357) Concurrent Mark From Roots 73.936ms
[589.221s][info][gc,marking  ] GC(1357) Concurrent Preclean
[589.221s][info][gc,marking  ] GC(1357) Concurrent Preclean 0.044ms
[589.221s][info][gc,start    ] GC(1357) Pause Remark
[589.237s][info][gc          ] GC(1357) Pause Remark 199M->137M(294M) 15.668ms
[589.237s][info][gc,cpu      ] GC(1357) User=0.03s Sys=0.00s Real=0.01s
[589.237s][info][gc,marking  ] GC(1357) Concurrent Mark 89.922ms
[589.237s][info][gc,marking  ] GC(1357) Concurrent Rebuild Remembered Sets and Scrub Regions
[589.274s][info][gc,marking  ] GC(1357) Concurrent Rebuild Remembered Sets and Scrub Regions 36.763ms
[589.274s][info][gc,start    ] GC(1357) Pause Cleanup
[589.274s][info][gc          ] GC(1357) Pause Cleanup 161M->161M(294M) 0.048ms
[589.274s][info][gc,cpu      ] GC(1357) User=0.00s Sys=0.00s Real=0.00s
[589.274s][info][gc,marking  ] GC(1357) Concurrent Clear Claimed Marks
[589.274s][info][gc,marking  ] GC(1357) Concurrent Clear Claimed Marks 0.037ms
[589.274s][info][gc,marking  ] GC(1357) Concurrent Cleanup for Next Mark
[589.275s][info][gc,marking  ] GC(1357) Concurrent Cleanup for Next Mark 0.958ms
[589.275s][info][gc          ] GC(1357) Concurrent Mark Cycle 130.869ms
[589.429s][info][gc,start    ] GC(1358) Pause Young (Prepare Mixed) (G1 Evacuation Pause)
[589.429s][info][gc,task     ] GC(1358) Using 2 workers of 2 for evacuation
[589.433s][info][gc,phases   ] GC(1358)   Pre Evacuate Collection Set: 0.17ms
[589.433s][info][gc,phases   ] GC(1358)   Merge Heap Roots: 0.08ms
[589.433s][info][gc,phases   ] GC(1358)   Evacuate Collection Set: 3.36ms
[589.433s][info][gc,phases   ] GC(1358)   Post Evacuate Collection Set: 0.42ms
[589.433s][info][gc,phases   ] GC(1358)   Other: 0.07ms
[589.433s][info][gc,heap     ] GC(1358) Eden regions: 169->0(155)
[589.433s][info][gc,heap     ] GC(1358) Survivor regions: 7->6(22)
[589.433s][info][gc,heap     ] GC(1358) Old regions: 80->80
[589.433s][info][gc,heap     ] GC(1358) Humongous regions: 1->1
[589.433s][info][gc,metaspace] GC(1358) Metaspace: 43187K(43520K)->43187K(43520K) NonClass: 40369K(40576K)->40369K(40576K) Class: 2818K(2944K)->2818K(2944K)
[589.433s][info][gc          ] GC(1358) Pause Young (Prepare Mixed) (G1 Evacuation Pause) 256M->86M(294M) 4.294ms
[589.433s][info][gc,cpu      ] GC(1358) User=0.01s Sys=0.00s Real=0.01s
[589.960s][info][gc,start    ] GC(1359) Pause Young (Mixed) (G1 Evacuation Pause)
[589.960s][info][gc,task     ] GC(1359) Using 2 workers of 2 for evacuation
[589.974s][info][gc,phases   ] GC(1359)   Pre Evacuate Collection Set: 0.25ms
[589.974s][info][gc,phases   ] GC(1359)   Merge Heap Roots: 0.12ms
[589.974s][info][gc,phases   ] GC(1359)   Evacuate Collection Set: 12.25ms
[589.974s][info][gc,phases   ] GC(1359)   Post Evacuate Collection Set: 0.70ms
[589.974s][info][gc,phases   ] GC(1359)   Other: 0.07ms
[589.974s][info][gc,heap     ] GC(1359) Eden regions: 95->0(243)
[589.974s][info][gc,heap     ] GC(1359) Survivor regions: 6->9(21)
[589.974s][info][gc,heap     ] GC(1359) Old regions: 80->70
[589.974s][info][gc,heap     ] GC(1359) Humongous regions: 229->3
[589.974s][info][gc,metaspace] GC(1359) Metaspace: 43187K(43520K)->43187K(43520K) NonClass: 40369K(40576K)->40369K(40576K) Class: 2818K(2944K)->2818K(2944K)
[589.974s][info][gc          ] GC(1359) Pause Young (Mixed) (G1 Evacuation Pause) 409M->80M(420M) 13.584ms
[589.974s][info][gc,cpu      ] GC(1359) User=0.02s Sys=0.00s Real=0.02s
[589.978s][info][gc,start    ] GC(1360) Pause Young (Concurrent Start) (G1 Humongous Allocation)
[589.978s][info][gc,task     ] GC(1360) Using 2 workers of 2 for evacuation
[589.985s][info][gc,phases   ] GC(1360)   Pre Evacuate Collection Set: 0.22ms
[589.985s][info][gc,phases   ] GC(1360)   Merge Heap Roots: 0.04ms
[589.985s][info][gc,phases   ] GC(1360)   Evacuate Collection Set: 5.77ms
[589.985s][info][gc,phases   ] GC(1360)   Post Evacuate Collection Set: 0.53ms
[589.985s][info][gc,phases   ] GC(1360)   Other: 0.07ms
[589.985s][info][gc,heap     ] GC(1360) Eden regions: 1->0(243)
[589.985s][info][gc,heap     ] GC(1360) Survivor regions: 9->9(32)
[589.985s][info][gc,heap     ] GC(1360) Old regions: 70->70
[589.985s][info][gc,heap     ] GC(1360) Humongous regions: 3->1
[589.985s][info][gc,metaspace] GC(1360) Metaspace: 43187K(43520K)->43187K(43520K) NonClass: 40369K(40576K)->40369K(40576K) Class: 2818K(2944K)->2818K(2944K)
[589.985s][info][gc          ] GC(1360) Pause Young (Concurrent Start) (G1 Humongous Allocation) 81M->78M(420M) 6.816ms
[589.985s][info][gc,cpu      ] GC(1360) User=0.01s Sys=0.00s Real=0.01s
[589.985s][info][gc          ] GC(1361) Concurrent Mark Cycle
[589.985s][info][gc,marking  ] GC(1361) Concurrent Scan Root Regions
[589.989s][info][gc,marking  ] GC(1361) Concurrent Scan Root Regions 4.005ms
[589.989s][info][gc,marking  ] GC(1361) Concurrent Mark
[589.989s][info][gc,marking  ] GC(1361) Concurrent Mark From Roots
[589.989s][info][gc,task     ] GC(1361) Using 1 workers of 1 for marking
[590.060s][info][gc,marking  ] GC(1361) Concurrent Mark From Roots 71.356ms
[590.060s][info][gc,marking  ] GC(1361) Concurrent Preclean
[590.060s][info][gc,marking  ] GC(1361) Concurrent Preclean 0.046ms
[590.060s][info][gc,start    ] GC(1361) Pause Remark
[590.076s][info][gc          ] GC(1361) Pause Remark 143M->142M(420M) 15.367ms
[590.076s][info][gc,cpu      ] GC(1361) User=0.03s Sys=0.00s Real=0.02s
[590.076s][info][gc,marking  ] GC(1361) Concurrent Mark 86.995ms
[590.076s][info][gc,marking  ] GC(1361) Concurrent Rebuild Remembered Sets and Scrub Regions
[590.104s][info][gc,marking  ] GC(1361) Concurrent Rebuild Remembered Sets and Scrub Regions 28.344ms
[590.104s][info][gc,start    ] GC(1361) Pause Cleanup
[590.104s][info][gc          ] GC(1361) Pause Cleanup 161M->161M(420M) 0.061ms
[590.104s][info][gc,cpu      ] GC(1361) User=0.00s Sys=0.00s Real=0.00s
[590.104s][info][gc,marking  ] GC(1361) Concurrent Clear Claimed Marks
[590.104s][info][gc,marking  ] GC(1361) Concurrent Clear Claimed Marks 0.040ms
[590.104s][info][gc,marking  ] GC(1361) Concurrent Cleanup for Next Mark
[590.107s][info][gc,marking  ] GC(1361) Concurrent Cleanup for Next Mark 2.319ms
[590.107s][info][gc          ] GC(1361) Concurrent Mark Cycle 122.080ms
[590.582s][info][gc,start    ] GC(1362) Pause Young (Prepare Mixed) (G1 Evacuation Pause)
[590.582s][info][gc,task     ] GC(1362) Using 2 workers of 2 for evacuation
[590.599s][info][gc,phases   ] GC(1362)   Pre Evacuate Collection Set: 0.29ms
[590.599s][info][gc,phases   ] GC(1362)   Merge Heap Roots: 0.07ms
[590.599s][info][gc,phases   ] GC(1362)   Evacuate Collection Set: 15.42ms
[590.599s][info][gc,phases   ] GC(1362)   Post Evacuate Collection Set: 0.85ms
[590.599s][info][gc,phases   ] GC(1362)   Other: 0.09ms
[590.599s][info][gc,heap     ] GC(1362) Eden regions: 61->0(306)
[590.599s][info][gc,heap     ] GC(1362) Survivor regions: 9->13(34)
[590.599s][info][gc,heap     ] GC(1362) Old regions: 69->69
[590.599s][info][gc,heap     ] GC(1362) Humongous regions: 381->3
[590.599s][info][gc,metaspace] GC(1362) Metaspace: 43187K(43520K)->43187K(43520K) NonClass: 40369K(40576K)->40369K(40576K) Class: 2818K(2944K)->2818K(2944K)
[590.599s][info][gc          ] GC(1362) Pause Young (Prepare Mixed) (G1 Evacuation Pause) 518M->83M(533M) 16.925ms
[590.599s][info][gc,cpu      ] GC(1362) User=0.02s Sys=0.01s Real=0.01s
[591.318s][info][gc,start    ] GC(1363) Pause Young (Mixed) (G1 Evacuation Pause)
[591.318s][info][gc,task     ] GC(1363) Using 2 workers of 2 for evacuation
[591.357s][info][gc,phases   ] GC(1363)   Pre Evacuate Collection Set: 0.31ms
[591.357s][info][gc,phases   ] GC(1363)   Merge Heap Roots: 0.10ms
[591.357s][info][gc,phases   ] GC(1363)   Evacuate Collection Set: 36.49ms
[591.357s][info][gc,phases   ] GC(1363)   Post Evacuate Collection Set: 1.31ms
[591.357s][info][gc,phases   ] GC(1363)   Other: 0.08ms
[591.357s][info][gc,heap     ] GC(1363) Eden regions: 88->0(367)
[591.357s][info][gc,heap     ] GC(1363) Survivor regions: 13->26(45)
[591.357s][info][gc,heap     ] GC(1363) Old regions: 69->63
[591.357s][info][gc,heap     ] GC(1363) Humongous regions: 457->3
[591.357s][info][gc,metaspace] GC(1363) Metaspace: 43187K(43520K)->43187K(43520K) NonClass: 40369K(40576K)->40369K(40576K) Class: 2818K(2944K)->2818K(2944K)
[591.357s][info][gc          ] GC(1363) Pause Young (Mixed) (G1 Evacuation Pause) 625M->90M(655M) 38.527ms
[591.357s][info][gc,cpu      ] GC(1363) User=0.04s Sys=0.03s Real=0.04s
[591.359s][info][gc,start    ] GC(1364) Pause Young (Concurrent Start) (G1 Humongous Allocation)
[591.359s][info][gc,task     ] GC(1364) Using 2 workers of 2 for evacuation
[591.382s][info][gc,phases   ] GC(1364)   Pre Evacuate Collection Set: 0.23ms
[591.382s][info][gc,phases   ] GC(1364)   Merge Heap Roots: 0.04ms
[591.382s][info][gc,phases   ] GC(1364)   Evacuate Collection Set: 22.09ms
[591.382s][info][gc,phases   ] GC(1364)   Post Evacuate Collection Set: 0.68ms
[591.382s][info][gc,phases   ] GC(1364)   Other: 0.07ms
[591.382s][info][gc,heap     ] GC(1364) Eden regions: 1->0(368)
[591.382s][info][gc,heap     ] GC(1364) Survivor regions: 26->25(50)
[591.382s][info][gc,heap     ] GC(1364) Old regions: 63->64
[591.382s][info][gc,heap     ] GC(1364) Humongous regions: 3->1
[591.382s][info][gc,metaspace] GC(1364) Metaspace: 43187K(43520K)->43187K(43520K) NonClass: 40369K(40576K)->40369K(40576K) Class: 2818K(2944K)->2818K(2944K)
[591.382s][info][gc          ] GC(1364) Pause Young (Concurrent Start) (G1 Humongous Allocation) 91M->89M(655M) 23.283ms
[591.382s][info][gc,cpu      ] GC(1364) User=0.05s Sys=0.00s Real=0.03s
[591.382s][info][gc          ] GC(1365) Concurrent Mark Cycle
[591.382s][info][gc,marking  ] GC(1365) Concurrent Scan Root Regions
[591.398s][info][gc,marking  ] GC(1365) Concurrent Scan Root Regions 15.514ms
[591.398s][info][gc,marking  ] GC(1365) Concurrent Mark
[591.398s][info][gc,marking  ] GC(1365) Concurrent Mark From Roots
[591.398s][info][gc,task     ] GC(1365) Using 1 workers of 1 for marking
[591.470s][info][gc,marking  ] GC(1365) Concurrent Mark From Roots 72.184ms
[591.470s][info][gc,marking  ] GC(1365) Concurrent Preclean
[591.470s][info][gc,marking  ] GC(1365) Concurrent Preclean 0.045ms
[591.470s][info][gc,start    ] GC(1365) Pause Remark
[591.486s][info][gc          ] GC(1365) Pause Remark 145M->145M(447M) 15.672ms
[591.486s][info][gc,cpu      ] GC(1365) User=0.04s Sys=0.00s Real=0.02s
[591.486s][info][gc,marking  ] GC(1365) Concurrent Mark 88.133ms
[591.486s][info][gc,marking  ] GC(1365) Concurrent Rebuild Remembered Sets and Scrub Regions
[591.520s][info][gc,marking  ] GC(1365) Concurrent Rebuild Remembered Sets and Scrub Regions 34.336ms
[591.520s][info][gc,start    ] GC(1365) Pause Cleanup
[591.520s][info][gc          ] GC(1365) Pause Cleanup 168M->168M(447M) 0.062ms
[591.520s][info][gc,cpu      ] GC(1365) User=0.00s Sys=0.00s Real=0.00s
[591.520s][info][gc,marking  ] GC(1365) Concurrent Clear Claimed Marks
[591.520s][info][gc,marking  ] GC(1365) Concurrent Clear Claimed Marks 0.042ms
[591.520s][info][gc,marking  ] GC(1365) Concurrent Cleanup for Next Mark
[591.522s][info][gc,marking  ] GC(1365) Concurrent Cleanup for Next Mark 1.879ms
[591.522s][info][gc          ] GC(1365) Concurrent Mark Cycle 140.326ms
[591.913s][info][gc,start    ] GC(1366) Pause Young (Prepare Mixed) (G1 Evacuation Pause)
[591.913s][info][gc,task     ] GC(1366) Using 2 workers of 2 for evacuation
[591.921s][info][gc,phases   ] GC(1366)   Pre Evacuate Collection Set: 0.37ms
[591.921s][info][gc,phases   ] GC(1366)   Merge Heap Roots: 0.09ms
[591.921s][info][gc,phases   ] GC(1366)   Evacuate Collection Set: 6.46ms
[591.921s][info][gc,phases   ] GC(1366)   Post Evacuate Collection Set: 0.57ms
[591.921s][info][gc,phases   ] GC(1366)   Other: 0.07ms
[591.921s][info][gc,heap     ] GC(1366) Eden regions: 79->0(269)
[591.921s][info][gc,heap     ] GC(1366) Survivor regions: 25->2(34)
[591.921s][info][gc,heap     ] GC(1366) Old regions: 64->68
[591.921s][info][gc,heap     ] GC(1366) Humongous regions: 279->1
[591.921s][info][gc,metaspace] GC(1366) Metaspace: 43187K(43520K)->43187K(43520K) NonClass: 40369K(40576K)->40369K(40576K) Class: 2818K(2944K)->2818K(2944K)
[591.921s][info][gc          ] GC(1366) Pause Young (Prepare Mixed) (G1 Evacuation Pause) 446M->69M(453M) 7.806ms
[591.921s][info][gc,cpu      ] GC(1366) User=0.01s Sys=0.00s Real=0.01s
[592.590s][info][gc,start    ] GC(1367) Pause Young (Mixed) (G1 Evacuation Pause)
[592.590s][info][gc,task     ] GC(1367) Using 2 workers of 2 for evacuation
[592.609s][info][gc,phases   ] GC(1367)   Pre Evacuate Collection Set: 0.22ms
[592.609s][info][gc,phases   ] GC(1367)   Merge Heap Roots: 0.22ms
[592.609s][info][gc,phases   ] GC(1367)   Evacuate Collection Set: 17.86ms
[592.609s][info][gc,phases   ] GC(1367)   Post Evacuate Collection Set: 0.61ms
[592.609s][info][gc,phases   ] GC(1367)   Other: 0.09ms
[592.609s][info][gc,heap     ] GC(1367) Eden regions: 269->0(260)
[592.609s][info][gc,heap     ] GC(1367) Survivor regions: 2->11(34)
[592.609s][info][gc,heap     ] GC(1367) Old regions: 68->64
[592.609s][info][gc,heap     ] GC(1367) Humongous regions: 45->1
[592.609s][info][gc,metaspace] GC(1367) Metaspace: 43196K(43584K)->43196K(43584K) NonClass: 40378K(40640K)->40378K(40640K) Class: 2818K(2944K)->2818K(2944K)
[592.609s][info][gc          ] GC(1367) Pause Young (Mixed) (G1 Evacuation Pause) 382M->74M(453M) 19.228ms
[592.609s][info][gc,cpu      ] GC(1367) User=0.03s Sys=0.00s Real=0.02s
[593.148s][info][gc,start    ] GC(1368) Pause Young (Concurrent Start) (G1 Evacuation Pause)
[593.148s][info][gc,task     ] GC(1368) Using 2 workers of 2 for evacuation
[593.155s][info][gc,phases   ] GC(1368)   Pre Evacuate Collection Set: 0.21ms
[593.155s][info][gc,phases   ] GC(1368)   Merge Heap Roots: 0.08ms
[593.155s][info][gc,phases   ] GC(1368)   Evacuate Collection Set: 6.01ms
[593.155s][info][gc,phases   ] GC(1368)   Post Evacuate Collection Set: 0.65ms
[593.155s][info][gc,phases   ] GC(1368)   Other: 0.10ms
[593.155s][info][gc,heap     ] GC(1368) Eden regions: 260->0(262)
[593.155s][info][gc,heap     ] GC(1368) Survivor regions: 11->9(34)
[593.155s][info][gc,heap     ] GC(1368) Old regions: 64->64
[593.155s][info][gc,heap     ] GC(1368) Humongous regions: 1->1
[593.155s][info][gc,metaspace] GC(1368) Metaspace: 43196K(43584K)->43196K(43584K) NonClass: 40378K(40640K)->40378K(40640K) Class: 2818K(2944K)->2818K(2944K)
[593.155s][info][gc          ] GC(1368) Pause Young (Concurrent Start) (G1 Evacuation Pause) 334M->72M(453M) 7.262ms
[593.155s][info][gc,cpu      ] GC(1368) User=0.02s Sys=0.00s Real=0.01s
[593.155s][info][gc          ] GC(1369) Concurrent Mark Cycle
[593.155s][info][gc,marking  ] GC(1369) Concurrent Scan Root Regions
[593.159s][info][gc,marking  ] GC(1369) Concurrent Scan Root Regions 3.792ms
[593.159s][info][gc,marking  ] GC(1369) Concurrent Mark
[593.159s][info][gc,marking  ] GC(1369) Concurrent Mark From Roots
[593.159s][info][gc,task     ] GC(1369) Using 1 workers of 1 for marking
[593.239s][info][gc,marking  ] GC(1369) Concurrent Mark From Roots 80.193ms
[593.239s][info][gc,marking  ] GC(1369) Concurrent Preclean
[593.239s][info][gc,marking  ] GC(1369) Concurrent Preclean 0.128ms
[593.239s][info][gc,start    ] GC(1369) Pause Remark
[593.255s][info][gc          ] GC(1369) Pause Remark 105M->100M(256M) 15.274ms
[593.255s][info][gc,cpu      ] GC(1369) User=0.03s Sys=0.00s Real=0.02s
[593.255s][info][gc,marking  ] GC(1369) Concurrent Mark 95.930ms
[593.255s][info][gc,marking  ] GC(1369) Concurrent Rebuild Remembered Sets and Scrub Regions
[593.284s][info][gc,marking  ] GC(1369) Concurrent Rebuild Remembered Sets and Scrub Regions 28.766ms
[593.284s][info][gc,start    ] GC(1369) Pause Cleanup
[593.284s][info][gc          ] GC(1369) Pause Cleanup 114M->114M(256M) 0.042ms
[593.284s][info][gc,cpu      ] GC(1369) User=0.00s Sys=0.00s Real=0.00s
[593.284s][info][gc,marking  ] GC(1369) Concurrent Clear Claimed Marks
[593.284s][info][gc,marking  ] GC(1369) Concurrent Clear Claimed Marks 0.037ms
[593.284s][info][gc,marking  ] GC(1369) Concurrent Cleanup for Next Mark
[593.285s][info][gc,marking  ] GC(1369) Concurrent Cleanup for Next Mark 0.738ms
[593.285s][info][gc          ] GC(1369) Concurrent Mark Cycle 129.656ms
[593.495s][info][gc,start    ] GC(1370) Pause Young (Prepare Mixed) (G1 Evacuation Pause)
[593.495s][info][gc,task     ] GC(1370) Using 2 workers of 2 for evacuation
[593.503s][info][gc,phases   ] GC(1370)   Pre Evacuate Collection Set: 0.26ms
[593.503s][info][gc,phases   ] GC(1370)   Merge Heap Roots: 0.09ms
[593.503s][info][gc,phases   ] GC(1370)   Evacuate Collection Set: 6.38ms
[593.503s][info][gc,phases   ] GC(1370)   Post Evacuate Collection Set: 0.41ms
[593.503s][info][gc,phases   ] GC(1370)   Other: 0.07ms
[593.503s][info][gc,heap     ] GC(1370) Eden regions: 144->0(143)
[593.503s][info][gc,heap     ] GC(1370) Survivor regions: 9->10(20)
[593.503s][info][gc,heap     ] GC(1370) Old regions: 59->59
[593.503s][info][gc,heap     ] GC(1370) Humongous regions: 1->1
[593.503s][info][gc,metaspace] GC(1370) Metaspace: 43196K(43584K)->43196K(43584K) NonClass: 40378K(40640K)->40378K(40640K) Class: 2818K(2944K)->2818K(2944K)
[593.503s][info][gc          ] GC(1370) Pause Young (Prepare Mixed) (G1 Evacuation Pause) 211M->68M(256M) 7.402ms
[593.503s][info][gc,cpu      ] GC(1370) User=0.01s Sys=0.00s Real=0.01s
[593.790s][info][gc,start    ] GC(1371) Pause Young (Mixed) (G1 Evacuation Pause)
[593.790s][info][gc,task     ] GC(1371) Using 2 workers of 2 for evacuation
[593.802s][info][gc,phases   ] GC(1371)   Pre Evacuate Collection Set: 0.16ms
[593.802s][info][gc,phases   ] GC(1371)   Merge Heap Roots: 0.11ms
[593.802s][info][gc,phases   ] GC(1371)   Evacuate Collection Set: 11.19ms
[593.802s][info][gc,phases   ] GC(1371)   Post Evacuate Collection Set: 0.44ms
[593.802s][info][gc,phases   ] GC(1371)   Other: 0.08ms
[593.802s][info][gc,heap     ] GC(1371) Eden regions: 143->0(141)
[593.802s][info][gc,heap     ] GC(1371) Survivor regions: 10->12(20)
[593.802s][info][gc,heap     ] GC(1371) Old regions: 59->56
[593.802s][info][gc,heap     ] GC(1371) Humongous regions: 1->1
[593.802s][info][gc,metaspace] GC(1371) Metaspace: 43196K(43584K)->43196K(43584K) NonClass: 40378K(40640K)->40378K(40640K) Class: 2818K(2944K)->2818K(2944K)
[593.802s][info][gc          ] GC(1371) Pause Young (Mixed) (G1 Evacuation Pause) 211M->67M(256M) 12.190ms
[593.802s][info][gc,cpu      ] GC(1371) User=0.02s Sys=0.00s Real=0.02s
[594.110s][info][gc,start    ] GC(1372) Pause Young (Concurrent Start) (G1 Evacuation Pause)
[594.110s][info][gc,task     ] GC(1372) Using 2 workers of 2 for evacuation
[594.116s][info][gc,phases   ] GC(1372)   Pre Evacuate Collection Set: 0.16ms
[594.116s][info][gc,phases   ] GC(1372)   Merge Heap Roots: 0.07ms
[594.116s][info][gc,phases   ] GC(1372)   Evacuate Collection Set: 5.36ms
[594.116s][info][gc,phases   ] GC(1372)   Post Evacuate Collection Set: 0.42ms
[594.116s][info][gc,phases   ] GC(1372)   Other: 0.08ms
[594.116s][info][gc,heap     ] GC(1372) Eden regions: 141->0(149)
[594.116s][info][gc,heap     ] GC(1372) Survivor regions: 12->4(20)
[594.116s][info][gc,heap     ] GC(1372) Old regions: 56->61
[594.116s][info][gc,heap     ] GC(1372) Humongous regions: 1->1
[594.116s][info][gc,metaspace] GC(1372) Metaspace: 43196K(43584K)->43196K(43584K) NonClass: 40378K(40640K)->40378K(40640K) Class: 2818K(2944K)->2818K(2944K)
[594.116s][info][gc          ] GC(1372) Pause Young (Concurrent Start) (G1 Evacuation Pause) 208M->64M(256M) 6.277ms
[594.116s][info][gc          ] GC(1373) Concurrent Mark Cycle
[594.116s][info][gc,marking  ] GC(1373) Concurrent Scan Root Regions
[594.117s][info][gc,cpu      ] GC(1372) User=0.02s Sys=0.00s Real=0.01s
[594.121s][info][gc,marking  ] GC(1373) Concurrent Scan Root Regions 5.315ms
[594.121s][info][gc,marking  ] GC(1373) Concurrent Mark
[594.121s][info][gc,marking  ] GC(1373) Concurrent Mark From Roots
[594.121s][info][gc,task     ] GC(1373) Using 1 workers of 1 for marking
[594.199s][info][gc,marking  ] GC(1373) Concurrent Mark From Roots 77.508ms
[594.199s][info][gc,marking  ] GC(1373) Concurrent Preclean
[594.199s][info][gc,marking  ] GC(1373) Concurrent Preclean 0.121ms
[594.199s][info][gc,start    ] GC(1373) Pause Remark
[594.215s][info][gc          ] GC(1373) Pause Remark 93M->93M(256M) 15.405ms
[594.215s][info][gc,cpu      ] GC(1373) User=0.03s Sys=0.00s Real=0.02s
[594.215s][info][gc,marking  ] GC(1373) Concurrent Mark 93.372ms
[594.215s][info][gc,marking  ] GC(1373) Concurrent Rebuild Remembered Sets and Scrub Regions
[594.249s][info][gc,marking  ] GC(1373) Concurrent Rebuild Remembered Sets and Scrub Regions 33.925ms
[594.249s][info][gc,start    ] GC(1373) Pause Cleanup
[594.249s][info][gc          ] GC(1373) Pause Cleanup 105M->105M(256M) 0.047ms
[594.249s][info][gc,cpu      ] GC(1373) User=0.00s Sys=0.00s Real=0.00s
[594.249s][info][gc,marking  ] GC(1373) Concurrent Clear Claimed Marks
[594.249s][info][gc,marking  ] GC(1373) Concurrent Clear Claimed Marks 0.038ms
[594.249s][info][gc,marking  ] GC(1373) Concurrent Cleanup for Next Mark
[594.250s][info][gc,marking  ] GC(1373) Concurrent Cleanup for Next Mark 0.748ms
[594.250s][info][gc          ] GC(1373) Concurrent Mark Cycle 133.724ms
[594.499s][info][gc,start    ] GC(1374) Pause Young (Prepare Mixed) (G1 Evacuation Pause)
[594.499s][info][gc,task     ] GC(1374) Using 2 workers of 2 for evacuation
[594.503s][info][gc,phases   ] GC(1374)   Pre Evacuate Collection Set: 0.17ms
[594.503s][info][gc,phases   ] GC(1374)   Merge Heap Roots: 0.07ms
[594.503s][info][gc,phases   ] GC(1374)   Evacuate Collection Set: 2.99ms
[594.503s][info][gc,phases   ] GC(1374)   Post Evacuate Collection Set: 0.41ms
[594.503s][info][gc,phases   ] GC(1374)   Other: 0.10ms
[594.503s][info][gc,heap     ] GC(1374) Eden regions: 149->0(147)
[594.503s][info][gc,heap     ] GC(1374) Survivor regions: 4->6(20)
[594.503s][info][gc,heap     ] GC(1374) Old regions: 61->61
[594.503s][info][gc,heap     ] GC(1374) Humongous regions: 1->1
[594.503s][info][gc,metaspace] GC(1374) Metaspace: 43197K(43584K)->43197K(43584K) NonClass: 40378K(40640K)->40378K(40640K) Class: 2818K(2944K)->2818K(2944K)
[594.503s][info][gc          ] GC(1374) Pause Young (Prepare Mixed) (G1 Evacuation Pause) 213M->66M(256M) 3.930ms
[594.503s][info][gc,cpu      ] GC(1374) User=0.00s Sys=0.00s Real=0.01s
[594.812s][info][gc,start    ] GC(1375) Pause Young (Mixed) (G1 Evacuation Pause)
[594.813s][info][gc,task     ] GC(1375) Using 2 workers of 2 for evacuation
[594.828s][info][gc,phases   ] GC(1375)   Pre Evacuate Collection Set: 0.19ms
[594.828s][info][gc,phases   ] GC(1375)   Merge Heap Roots: 0.28ms
[594.828s][info][gc,phases   ] GC(1375)   Evacuate Collection Set: 14.26ms
[594.828s][info][gc,phases   ] GC(1375)   Post Evacuate Collection Set: 0.47ms
[594.828s][info][gc,phases   ] GC(1375)   Other: 0.08ms
[594.828s][info][gc,heap     ] GC(1375) Eden regions: 147->0(144)
[594.828s][info][gc,heap     ] GC(1375) Survivor regions: 6->9(20)
[594.828s][info][gc,heap     ] GC(1375) Old regions: 61->59
[594.828s][info][gc,heap     ] GC(1375) Humongous regions: 1->1
[594.828s][info][gc,metaspace] GC(1375) Metaspace: 43197K(43584K)->43197K(43584K) NonClass: 40378K(40640K)->40378K(40640K) Class: 2818K(2944K)->2818K(2944K)
[594.828s][info][gc          ] GC(1375) Pause Young (Mixed) (G1 Evacuation Pause) 213M->67M(256M) 15.479ms
[594.828s][info][gc,cpu      ] GC(1375) User=0.03s Sys=0.00s Real=0.01s
[595.481s][info][gc,start    ] GC(1376) Pause Young (Concurrent Start) (G1 Evacuation Pause)
[595.481s][info][gc,task     ] GC(1376) Using 2 workers of 2 for evacuation
[595.484s][info][gc,phases   ] GC(1376)   Pre Evacuate Collection Set: 0.18ms
[595.484s][info][gc,phases   ] GC(1376)   Merge Heap Roots: 0.08ms
[595.484s][info][gc,phases   ] GC(1376)   Evacuate Collection Set: 2.46ms
[595.484s][info][gc,phases   ] GC(1376)   Post Evacuate Collection Set: 0.49ms
[595.484s][info][gc,phases   ] GC(1376)   Other: 0.10ms
[595.484s][info][gc,heap     ] GC(1376) Eden regions: 144->0(151)
[595.484s][info][gc,heap     ] GC(1376) Survivor regions: 9->2(20)
[595.484s][info][gc,heap     ] GC(1376) Old regions: 59->59
[595.484s][info][gc,heap     ] GC(1376) Humongous regions: 1->1
[595.484s][info][gc,metaspace] GC(1376) Metaspace: 43197K(43584K)->43197K(43584K) NonClass: 40379K(40640K)->40379K(40640K) Class: 2818K(2944K)->2818K(2944K)
[595.484s][info][gc          ] GC(1376) Pause Young (Concurrent Start) (G1 Evacuation Pause) 211M->60M(256M) 3.473ms
[595.484s][info][gc,cpu      ] GC(1376) User=0.01s Sys=0.00s Real=0.01s
[595.485s][info][gc          ] GC(1377) Concurrent Mark Cycle
[595.485s][info][gc,marking  ] GC(1377) Concurrent Scan Root Regions
[595.486s][info][gc,marking  ] GC(1377) Concurrent Scan Root Regions 1.674ms
[595.486s][info][gc,marking  ] GC(1377) Concurrent Mark
[595.486s][info][gc,marking  ] GC(1377) Concurrent Mark From Roots
[595.486s][info][gc,task     ] GC(1377) Using 1 workers of 1 for marking
[595.547s][info][gc,marking  ] GC(1377) Concurrent Mark From Roots 60.428ms
[595.547s][info][gc,marking  ] GC(1377) Concurrent Preclean
[595.547s][info][gc,marking  ] GC(1377) Concurrent Preclean 0.192ms
[595.547s][info][gc,start    ] GC(1377) Pause Remark
[595.563s][info][gc          ] GC(1377) Pause Remark 72M->71M(256M) 15.470ms
[595.563s][info][gc,cpu      ] GC(1377) User=0.03s Sys=0.01s Real=0.02s
[595.563s][info][gc,marking  ] GC(1377) Concurrent Mark 76.283ms
[595.563s][info][gc,marking  ] GC(1377) Concurrent Rebuild Remembered Sets and Scrub Regions
[595.588s][info][gc,marking  ] GC(1377) Concurrent Rebuild Remembered Sets and Scrub Regions 25.665ms
[595.588s][info][gc,start    ] GC(1377) Pause Cleanup
[595.589s][info][gc          ] GC(1377) Pause Cleanup 73M->73M(256M) 0.044ms
[595.589s][info][gc,cpu      ] GC(1377) User=0.00s Sys=0.00s Real=0.00s
[595.589s][info][gc,marking  ] GC(1377) Concurrent Clear Claimed Marks
[595.589s][info][gc,marking  ] GC(1377) Concurrent Clear Claimed Marks 0.042ms
[595.589s][info][gc,marking  ] GC(1377) Concurrent Cleanup for Next Mark
[595.589s][info][gc,marking  ] GC(1377) Concurrent Cleanup for Next Mark 0.729ms
[595.589s][info][gc          ] GC(1377) Concurrent Mark Cycle 104.691ms
[596.456s][info][gc,start    ] GC(1378) Pause Young (Prepare Mixed) (G1 Evacuation Pause)
[596.456s][info][gc,task     ] GC(1378) Using 2 workers of 2 for evacuation
[596.466s][info][gc,phases   ] GC(1378)   Pre Evacuate Collection Set: 0.17ms
[596.466s][info][gc,phases   ] GC(1378)   Merge Heap Roots: 0.09ms
[596.466s][info][gc,phases   ] GC(1378)   Evacuate Collection Set: 8.85ms
[596.466s][info][gc,phases   ] GC(1378)   Post Evacuate Collection Set: 0.47ms
[596.466s][info][gc,phases   ] GC(1378)   Other: 0.07ms
[596.466s][info][gc,heap     ] GC(1378) Eden regions: 151->0(143)
[596.466s][info][gc,heap     ] GC(1378) Survivor regions: 2->10(20)
[596.466s][info][gc,heap     ] GC(1378) Old regions: 58->58
[596.466s][info][gc,heap     ] GC(1378) Humongous regions: 13->3
[596.466s][info][gc,metaspace] GC(1378) Metaspace: 43204K(43648K)->43204K(43648K) NonClass: 40386K(40704K)->40386K(40704K) Class: 2818K(2944K)->2818K(2944K)
[596.466s][info][gc          ] GC(1378) Pause Young (Prepare Mixed) (G1 Evacuation Pause) 222M->69M(256M) 9.828ms
[596.466s][info][gc,cpu      ] GC(1378) User=0.02s Sys=0.00s Real=0.01s
[596.768s][info][gc,start    ] GC(1379) Pause Young (Mixed) (G1 Evacuation Pause)
[596.768s][info][gc,task     ] GC(1379) Using 2 workers of 2 for evacuation
[596.799s][info][gc,phases   ] GC(1379)   Pre Evacuate Collection Set: 0.16ms
[596.799s][info][gc,phases   ] GC(1379)   Merge Heap Roots: 0.20ms
[596.799s][info][gc,phases   ] GC(1379)   Evacuate Collection Set: 29.98ms
[596.799s][info][gc,phases   ] GC(1379)   Post Evacuate Collection Set: 0.56ms
[596.799s][info][gc,phases   ] GC(1379)   Other: 0.07ms
[596.799s][info][gc,heap     ] GC(1379) Eden regions: 143->0(133)
[596.799s][info][gc,heap     ] GC(1379) Survivor regions: 10->20(20)
[596.799s][info][gc,heap     ] GC(1379) Old regions: 58->52
[596.799s][info][gc,heap     ] GC(1379) Humongous regions: 4->4
[596.799s][info][gc,metaspace] GC(1379) Metaspace: 43204K(43648K)->43204K(43648K) NonClass: 40386K(40704K)->40386K(40704K) Class: 2818K(2944K)->2818K(2944K)
[596.799s][info][gc          ] GC(1379) Pause Young (Mixed) (G1 Evacuation Pause) 213M->75M(256M) 31.139ms
[596.799s][info][gc,cpu      ] GC(1379) User=0.06s Sys=0.00s Real=0.03s
[597.077s][info][gc,start    ] GC(1380) Pause Young (Concurrent Start) (G1 Evacuation Pause)
[597.077s][info][gc,task     ] GC(1380) Using 2 workers of 2 for evacuation
[597.113s][info][gc,phases   ] GC(1380)   Pre Evacuate Collection Set: 0.20ms
[597.113s][info][gc,phases   ] GC(1380)   Merge Heap Roots: 0.16ms
[597.113s][info][gc,phases   ] GC(1380)   Evacuate Collection Set: 34.63ms
[597.113s][info][gc,phases   ] GC(1380)   Post Evacuate Collection Set: 0.41ms
[597.113s][info][gc,phases   ] GC(1380)   Other: 0.13ms
[597.113s][info][gc,heap     ] GC(1380) Eden regions: 133->0(131)
[597.113s][info][gc,heap     ] GC(1380) Survivor regions: 20->16(20)
[597.113s][info][gc,heap     ] GC(1380) Old regions: 52->71
[597.113s][info][gc,heap     ] GC(1380) Humongous regions: 4->4
[597.113s][info][gc,metaspace] GC(1380) Metaspace: 43204K(43648K)->43204K(43648K) NonClass: 40386K(40704K)->40386K(40704K) Class: 2818K(2944K)->2818K(2944K)
[597.113s][info][gc          ] GC(1380) Pause Young (Concurrent Start) (G1 Evacuation Pause) 208M->90M(256M) 35.733ms
[597.113s][info][gc,cpu      ] GC(1380) User=0.08s Sys=0.00s Real=0.04s
[597.113s][info][gc          ] GC(1381) Concurrent Mark Cycle
[597.113s][info][gc,marking  ] GC(1381) Concurrent Scan Root Regions
[597.149s][info][gc,marking  ] GC(1381) Concurrent Scan Root Regions 36.444ms
[597.149s][info][gc,marking  ] GC(1381) Concurrent Mark
[597.149s][info][gc,marking  ] GC(1381) Concurrent Mark From Roots
[597.149s][info][gc,task     ] GC(1381) Using 1 workers of 1 for marking
[597.280s][info][gc,marking  ] GC(1381) Concurrent Mark From Roots 130.296ms
[597.280s][info][gc,marking  ] GC(1381) Concurrent Preclean
[597.280s][info][gc,marking  ] GC(1381) Concurrent Preclean 0.076ms
[597.280s][info][gc,start    ] GC(1381) Pause Remark
[597.296s][info][gc          ] GC(1381) Pause Remark 134M->131M(256M) 16.023ms
[597.296s][info][gc,cpu      ] GC(1381) User=0.03s Sys=0.00s Real=0.02s
[597.296s][info][gc,marking  ] GC(1381) Concurrent Mark 146.652ms
[597.296s][info][gc,marking  ] GC(1381) Concurrent Rebuild Remembered Sets and Scrub Regions
[597.391s][info][gc,marking  ] GC(1381) Concurrent Rebuild Remembered Sets and Scrub Regions 95.066ms
[597.391s][info][gc,start    ] GC(1381) Pause Cleanup
[597.391s][info][gc          ] GC(1381) Pause Cleanup 163M->163M(256M) 0.059ms
[597.391s][info][gc,cpu      ] GC(1381) User=0.00s Sys=0.00s Real=0.00s
[597.391s][info][gc,marking  ] GC(1381) Concurrent Clear Claimed Marks
[597.391s][info][gc,marking  ] GC(1381) Concurrent Clear Claimed Marks 0.043ms
[597.391s][info][gc,marking  ] GC(1381) Concurrent Cleanup for Next Mark
[597.392s][info][gc,marking  ] GC(1381) Concurrent Cleanup for Next Mark 0.778ms
[597.392s][info][gc          ] GC(1381) Concurrent Mark Cycle 279.362ms
[597.509s][info][gc,start    ] GC(1382) Pause Young (Prepare Mixed) (G1 Evacuation Pause)
[597.509s][info][gc,task     ] GC(1382) Using 2 workers of 2 for evacuation
[597.540s][info][gc,phases   ] GC(1382)   Pre Evacuate Collection Set: 0.14ms
[597.541s][info][gc,phases   ] GC(1382)   Merge Heap Roots: 0.10ms
[597.541s][info][gc,phases   ] GC(1382)   Evacuate Collection Set: 31.00ms
[597.541s][info][gc,phases   ] GC(1382)   Post Evacuate Collection Set: 0.43ms
[597.541s][info][gc,phases   ] GC(1382)   Other: 0.08ms
[597.541s][info][gc,heap     ] GC(1382) Eden regions: 131->0(120)
[597.541s][info][gc,heap     ] GC(1382) Survivor regions: 16->14(19)
[597.541s][info][gc,heap     ] GC(1382) Old regions: 68->84
[597.541s][info][gc,heap     ] GC(1382) Humongous regions: 6->6
[597.541s][info][gc,metaspace] GC(1382) Metaspace: 43204K(43648K)->43204K(43648K) NonClass: 40386K(40704K)->40386K(40704K) Class: 2818K(2944K)->2818K(2944K)
[597.541s][info][gc          ] GC(1382) Pause Young (Prepare Mixed) (G1 Evacuation Pause) 220M->103M(256M) 31.943ms
[597.541s][info][gc,cpu      ] GC(1382) User=0.06s Sys=0.00s Real=0.03s
[597.777s][info][gc,start    ] GC(1383) Pause Young (Mixed) (G1 Evacuation Pause)
[597.777s][info][gc,task     ] GC(1383) Using 2 workers of 2 for evacuation
[597.812s][info][gc,phases   ] GC(1383)   Pre Evacuate Collection Set: 0.16ms
[597.812s][info][gc,phases   ] GC(1383)   Merge Heap Roots: 0.17ms
[597.812s][info][gc,phases   ] GC(1383)   Evacuate Collection Set: 33.03ms
[597.812s][info][gc,phases   ] GC(1383)   Post Evacuate Collection Set: 0.67ms
[597.812s][info][gc,phases   ] GC(1383)   Other: 0.11ms
[597.812s][info][gc,heap     ] GC(1383) Eden regions: 120->0(112)
[597.812s][info][gc,heap     ] GC(1383) Survivor regions: 14->13(17)
[597.812s][info][gc,heap     ] GC(1383) Old regions: 84->95
[597.812s][info][gc,heap     ] GC(1383) Humongous regions: 6->6
[597.812s][info][gc,metaspace] GC(1383) Metaspace: 43204K(43648K)->43204K(43648K) NonClass: 40386K(40704K)->40386K(40704K) Class: 2818K(2944K)->2818K(2944K)
[597.812s][info][gc          ] GC(1383) Pause Young (Mixed) (G1 Evacuation Pause) 223M->113M(256M) 34.360ms
[597.812s][info][gc,cpu      ] GC(1383) User=0.06s Sys=0.00s Real=0.04s
[597.949s][info][gc,start    ] GC(1384) Pause Young (Concurrent Start) (G1 Humongous Allocation)
[597.950s][info][gc,task     ] GC(1384) Using 2 workers of 2 for evacuation
[597.983s][info][gc,phases   ] GC(1384)   Pre Evacuate Collection Set: 0.19ms
[597.983s][info][gc,phases   ] GC(1384)   Merge Heap Roots: 0.07ms
[597.983s][info][gc,phases   ] GC(1384)   Evacuate Collection Set: 31.02ms
[597.983s][info][gc,phases   ] GC(1384)   Post Evacuate Collection Set: 1.74ms
[597.983s][info][gc,phases   ] GC(1384)   Other: 0.13ms
[597.983s][info][gc,heap     ] GC(1384) Eden regions: 66->0(233)
[597.983s][info][gc,heap     ] GC(1384) Survivor regions: 13->7(16)
[597.983s][info][gc,heap     ] GC(1384) Old regions: 95->108
[597.983s][info][gc,heap     ] GC(1384) Humongous regions: 6->6
[597.983s][info][gc,metaspace] GC(1384) Metaspace: 43204K(43648K)->43204K(43648K) NonClass: 40386K(40704K)->40386K(40704K) Class: 2818K(2944K)->2818K(2944K)
[597.983s][info][gc          ] GC(1384) Pause Young (Concurrent Start) (G1 Humongous Allocation) 178M->120M(401M) 33.363ms
[597.983s][info][gc,cpu      ] GC(1384) User=0.04s Sys=0.00s Real=0.04s
[597.983s][info][gc          ] GC(1385) Concurrent Mark Cycle
[597.983s][info][gc,marking  ] GC(1385) Concurrent Scan Root Regions
[598.027s][info][gc,marking  ] GC(1385) Concurrent Scan Root Regions 43.486ms
[598.027s][info][gc,marking  ] GC(1385) Concurrent Mark
[598.027s][info][gc,marking  ] GC(1385) Concurrent Mark From Roots
[598.027s][info][gc,task     ] GC(1385) Using 1 workers of 1 for marking
[598.260s][info][gc,marking  ] GC(1385) Concurrent Mark From Roots 233.163ms
[598.260s][info][gc,marking  ] GC(1385) Concurrent Preclean
[598.260s][info][gc,marking  ] GC(1385) Concurrent Preclean 0.038ms
[598.260s][info][gc,start    ] GC(1385) Pause Remark
[598.276s][info][gc          ] GC(1385) Pause Remark 162M->161M(401M) 15.465ms
[598.276s][info][gc,cpu      ] GC(1385) User=0.03s Sys=0.00s Real=0.02s
[598.276s][info][gc,marking  ] GC(1385) Concurrent Mark 248.936ms
[598.276s][info][gc,marking  ] GC(1385) Concurrent Rebuild Remembered Sets and Scrub Regions
[598.321s][info][gc,marking  ] GC(1385) Concurrent Rebuild Remembered Sets and Scrub Regions 45.626ms
[598.321s][info][gc,marking  ] GC(1385) Concurrent Mark Abort
[598.321s][info][gc          ] GC(1385) Concurrent Mark Cycle 338.189ms
[598.321s][info][gc,heap,exit] Heap
[598.321s][info][gc,heap,exit]  garbage-first heap   total reserved 1001472K, committed 410624K, used 167424K [0x00000000c2e00000, 0x0000000100000000)
[598.321s][info][gc,heap,exit]   region size 1024K, 46 young (47104K), 7 survivors (7168K)
[598.322s][info][gc,heap,exit]  Metaspace       used 43346K, committed 43712K, reserved 1114112K
[598.322s][info][gc,heap,exit]   class space    used 2832K, committed 2944K, reserved 1048576K
