[0.002s][info][metaspace]  - commit_granule_bytes: 65536.
[0.002s][info][metaspace]  - commit_granule_words: 8192.
[0.002s][info][metaspace]  - virtual_space_node_default_size: 8388608.
[0.002s][info][metaspace]  - enlarge_chunks_in_place: 1.
[0.004s][info][gc,init  ] CardTable entry size: 512
[0.008s][info][gc       ] Using G1
[0.011s][info][gc,init  ] Version: 24-internal-adhoc.root.jdk (release)
[0.011s][info][gc,init  ] CPUs: 2 total, 2 available
[0.012s][info][gc,init  ] Memory: 3908M
[0.012s][info][gc,init  ] Large Page Support: Disabled
[0.012s][info][gc,init  ] NUMA Support: Disabled
[0.012s][info][gc,init  ] Compressed Oops: Enabled (32-bit)
[0.012s][info][gc,init  ] Heap Region Size: 1M
[0.012s][info][gc,init  ] Heap Min Capacity: 256M
[0.012s][info][gc,init  ] Heap Initial Capacity: 256M
[0.012s][info][gc,init  ] Heap Max Capacity: 978M
[0.012s][info][gc,init  ] Pre-touch: Disabled
[0.012s][info][gc,init  ] Parallel Workers: 2
[0.012s][info][gc,init  ] Concurrent Workers: 1
[0.012s][info][gc,init  ] Concurrent Refinement Workers: 2
[0.012s][info][gc,init  ] Periodic GC: Disabled
[0.025s][info][gc,metaspace] CDS archive(s) mapped at: [0x00007fcc76000000-0x00007fcc76dc0000-0x00007fcc76dc0000), size 14417920, SharedBaseAddress: 0x00007fcc76000000, ArchiveRelocationMode: 1.
[0.025s][info][gc,metaspace] Compressed class space mapped at: 0x00007fcc77000000-0x00007fccb7000000, reserved size: 1073741824
[0.025s][info][gc,metaspace] UseCompressedClassPointers 1, UseCompactObjectHeaders 0
[0.025s][info][gc,metaspace] Narrow klass pointer bits 32, Max shift 3
[0.025s][info][gc,metaspace] Narrow klass base: 0x00007fcc76000000, Narrow klass shift: 0
[0.025s][info][gc,metaspace] Encoding Range: [0x00007fcc76000000 - 0x00007fcd76000000), (4294967296 bytes)
[0.025s][info][gc,metaspace] Klass Range:    [0x00007fcc76000000 - 0x00007fccb7000000), (1090519040 bytes)
[0.025s][info][gc,metaspace] Klass ID Range:  [8 - 1090519033) (1090519025)
[0.257s][info][gc,start    ] GC(0) Pause Young (Normal) (G1 Evacuation Pause)
[0.257s][info][gc,task     ] GC(0) Using 2 workers of 2 for evacuation
[0.263s][info][gc,phases   ] GC(0)   Pre Evacuate Collection Set: 0.22ms
[0.263s][info][gc,phases   ] GC(0)   Merge Heap Roots: 0.12ms
[0.263s][info][gc,phases   ] GC(0)   Evacuate Collection Set: 4.65ms
[0.263s][info][gc,phases   ] GC(0)   Post Evacuate Collection Set: 0.23ms
[0.263s][info][gc,phases   ] GC(0)   Other: 0.55ms
[0.263s][info][gc,heap     ] GC(0) Eden regions: 12->0(10)
[0.263s][info][gc,heap     ] GC(0) Survivor regions: 0->2(2)
[0.263s][info][gc,heap     ] GC(0) Old regions: 2->2
[0.263s][info][gc,heap     ] GC(0) Humongous regions: 0->0
[0.263s][info][gc,metaspace] GC(0) Metaspace: 2340K(2496K)->2340K(2496K) NonClass: 2143K(2240K)->2143K(2240K) Class: 196K(256K)->196K(256K)
[0.263s][info][gc          ] GC(0) Pause Young (Normal) (G1 Evacuation Pause) 13M->2M(258M) 5.999ms
[0.263s][info][gc,cpu      ] GC(0) User=0.00s Sys=0.00s Real=0.01s
[0.287s][info][gc,start    ] GC(1) Pause Young (Normal) (G1 Evacuation Pause)
[0.287s][info][gc,task     ] GC(1) Using 2 workers of 2 for evacuation
[0.290s][info][gc,phases   ] GC(1)   Pre Evacuate Collection Set: 0.14ms
[0.290s][info][gc,phases   ] GC(1)   Merge Heap Roots: 0.04ms
[0.290s][info][gc,phases   ] GC(1)   Evacuate Collection Set: 2.25ms
[0.290s][info][gc,phases   ] GC(1)   Post Evacuate Collection Set: 0.18ms
[0.290s][info][gc,phases   ] GC(1)   Other: 0.05ms
[0.290s][info][gc,heap     ] GC(1) Eden regions: 10->0(20)
[0.290s][info][gc,heap     ] GC(1) Survivor regions: 2->1(2)
[0.290s][info][gc,heap     ] GC(1) Old regions: 2->4
[0.290s][info][gc,heap     ] GC(1) Humongous regions: 0->0
[0.290s][info][gc,metaspace] GC(1) Metaspace: 2398K(2496K)->2398K(2496K) NonClass: 2201K(2240K)->2201K(2240K) Class: 197K(256K)->197K(256K)
[0.290s][info][gc          ] GC(1) Pause Young (Normal) (G1 Evacuation Pause) 12M->3M(258M) 2.806ms
[0.290s][info][gc,cpu      ] GC(1) User=0.00s Sys=0.00s Real=0.00s
[0.757s][info][gc,start    ] GC(2) Pause Young (Normal) (G1 Evacuation Pause)
[0.757s][info][gc,task     ] GC(2) Using 2 workers of 2 for evacuation
[0.760s][info][gc,phases   ] GC(2)   Pre Evacuate Collection Set: 0.16ms
[0.760s][info][gc,phases   ] GC(2)   Merge Heap Roots: 0.03ms
[0.760s][info][gc,phases   ] GC(2)   Evacuate Collection Set: 2.06ms
[0.760s][info][gc,phases   ] GC(2)   Post Evacuate Collection Set: 0.19ms
[0.760s][info][gc,phases   ] GC(2)   Other: 0.09ms
[0.760s][info][gc,heap     ] GC(2) Eden regions: 20->0(23)
[0.760s][info][gc,heap     ] GC(2) Survivor regions: 1->2(3)
[0.760s][info][gc,heap     ] GC(2) Old regions: 4->4
[0.760s][info][gc,heap     ] GC(2) Humongous regions: 0->0
[0.760s][info][gc,metaspace] GC(2) Metaspace: 4742K(4864K)->4742K(4864K) NonClass: 4358K(4416K)->4358K(4416K) Class: 384K(448K)->384K(448K)
[0.760s][info][gc          ] GC(2) Pause Young (Normal) (G1 Evacuation Pause) 23M->4M(258M) 2.710ms
[0.760s][info][gc,cpu      ] GC(2) User=0.01s Sys=0.00s Real=0.00s
[1.169s][info][gc,start    ] GC(3) Pause Young (Normal) (G1 Evacuation Pause)
[1.169s][info][gc,task     ] GC(3) Using 2 workers of 2 for evacuation
[1.177s][info][gc,phases   ] GC(3)   Pre Evacuate Collection Set: 1.35ms
[1.177s][info][gc,phases   ] GC(3)   Merge Heap Roots: 0.05ms
[1.177s][info][gc,phases   ] GC(3)   Evacuate Collection Set: 6.94ms
[1.177s][info][gc,phases   ] GC(3)   Post Evacuate Collection Set: 0.29ms
[1.177s][info][gc,phases   ] GC(3)   Other: 0.08ms
[1.177s][info][gc,heap     ] GC(3) Eden regions: 23->0(26)
[1.177s][info][gc,heap     ] GC(3) Survivor regions: 2->4(4)
[1.177s][info][gc,heap     ] GC(3) Old regions: 4->4
[1.177s][info][gc,heap     ] GC(3) Humongous regions: 0->0
[1.177s][info][gc,metaspace] GC(3) Metaspace: 8791K(9024K)->8791K(9024K) NonClass: 8063K(8192K)->8063K(8192K) Class: 728K(832K)->728K(832K)
[1.177s][info][gc          ] GC(3) Pause Young (Normal) (G1 Evacuation Pause) 27M->6M(258M) 8.877ms
[1.177s][info][gc,cpu      ] GC(3) User=0.01s Sys=0.01s Real=0.01s
[1.675s][info][gc,start    ] GC(4) Pause Young (Normal) (G1 Evacuation Pause)
[1.675s][info][gc,task     ] GC(4) Using 2 workers of 2 for evacuation
[1.685s][info][gc,phases   ] GC(4)   Pre Evacuate Collection Set: 0.15ms
[1.685s][info][gc,phases   ] GC(4)   Merge Heap Roots: 0.04ms
[1.685s][info][gc,phases   ] GC(4)   Evacuate Collection Set: 8.59ms
[1.685s][info][gc,phases   ] GC(4)   Post Evacuate Collection Set: 0.40ms
[1.685s][info][gc,phases   ] GC(4)   Other: 0.08ms
[1.685s][info][gc,heap     ] GC(4) Eden regions: 26->0(36)
[1.685s][info][gc,heap     ] GC(4) Survivor regions: 4->3(4)
[1.685s][info][gc,heap     ] GC(4) Old regions: 4->8
[1.685s][info][gc,heap     ] GC(4) Humongous regions: 0->0
[1.685s][info][gc,metaspace] GC(4) Metaspace: 15146K(15424K)->15146K(15424K) NonClass: 13919K(14080K)->13919K(14080K) Class: 1226K(1344K)->1226K(1344K)
[1.685s][info][gc          ] GC(4) Pause Young (Normal) (G1 Evacuation Pause) 32M->9M(258M) 9.434ms
[1.685s][info][gc,cpu      ] GC(4) User=0.02s Sys=0.00s Real=0.01s
[4.529s][info][gc,start    ] GC(5) Pause Young (Normal) (G1 Evacuation Pause)
[4.529s][info][gc,task     ] GC(5) Using 2 workers of 2 for evacuation
[4.535s][info][gc,phases   ] GC(5)   Pre Evacuate Collection Set: 0.18ms
[4.535s][info][gc,phases   ] GC(5)   Merge Heap Roots: 0.04ms
[4.535s][info][gc,phases   ] GC(5)   Evacuate Collection Set: 5.03ms
[4.535s][info][gc,phases   ] GC(5)   Post Evacuate Collection Set: 0.36ms
[4.535s][info][gc,phases   ] GC(5)   Other: 0.06ms
[4.535s][info][gc,heap     ] GC(5) Eden regions: 36->0(46)
[4.535s][info][gc,heap     ] GC(5) Survivor regions: 3->4(5)
[4.535s][info][gc,heap     ] GC(5) Old regions: 8->8
[4.535s][info][gc,heap     ] GC(5) Humongous regions: 0->0
[4.535s][info][gc,metaspace] GC(5) Metaspace: 20888K(21248K)->20888K(21248K) NonClass: 19317K(19520K)->19317K(19520K) Class: 1570K(1728K)->1570K(1728K)
[4.535s][info][gc          ] GC(5) Pause Young (Normal) (G1 Evacuation Pause) 45M->9M(258M) 5.846ms
[4.535s][info][gc,cpu      ] GC(5) User=0.01s Sys=0.00s Real=0.01s
[4.746s][info][metaspace   ] ChkMgr @0x00007fccec15e550 (non-class-space): failed to commit 44 words on chunk @0x00007fccec7cf308, f, base 0x00007fcc6d380000, level lv10.
[4.746s][info][metaspace   ] Arena @0x00007fccec60d440 (non-class arena): failed to allocate new chunk for requested word size 44.
[4.746s][info][metaspace   ] Arena @0x00007fccec60d440 (non-class arena): allocation failed, returned null.
[4.746s][info][metaspace   ] ChkMgr @0x00007fccec15e550 (non-class-space): failed to commit 44 words on chunk @0x00007fccec7cf308, f, base 0x00007fcc6d380000, level lv10.
[4.746s][info][metaspace   ] Arena @0x00007fccec60d440 (non-class arena): failed to allocate new chunk for requested word size 44.
[4.746s][info][metaspace   ] Arena @0x00007fccec60d440 (non-class arena): allocation failed, returned null.
[4.746s][info][metaspace   ] ChkMgr @0x00007fccec15e550 (non-class-space): failed to commit 44 words on chunk @0x00007fccec7cf308, f, base 0x00007fcc6d380000, level lv10.
[4.746s][info][metaspace   ] Arena @0x00007fccec60d440 (non-class arena): failed to allocate new chunk for requested word size 44.
[4.746s][info][metaspace   ] Arena @0x00007fccec60d440 (non-class arena): allocation failed, returned null.
[4.746s][info][gc,start    ] GC(6) Pause Young (Concurrent Start) (Metadata GC Threshold)
[4.746s][info][gc,task     ] GC(6) Using 2 workers of 2 for evacuation
[4.751s][info][gc,phases   ] GC(6)   Pre Evacuate Collection Set: 0.15ms
[4.751s][info][gc,phases   ] GC(6)   Merge Heap Roots: 0.05ms
[4.751s][info][gc,phases   ] GC(6)   Evacuate Collection Set: 4.09ms
[4.751s][info][gc,phases   ] GC(6)   Post Evacuate Collection Set: 0.28ms
[4.751s][info][gc,phases   ] GC(6)   Other: 0.10ms
[4.751s][info][gc,heap     ] GC(6) Eden regions: 3->0(76)
[4.751s][info][gc,heap     ] GC(6) Survivor regions: 4->4(7)
[4.751s][info][gc,heap     ] GC(6) Old regions: 8->8
[4.751s][info][gc,heap     ] GC(6) Humongous regions: 0->0
[4.751s][info][gc,metaspace] GC(6) Metaspace: 21120K(21504K)->21120K(21504K) NonClass: 19531K(19712K)->19531K(19712K) Class: 1589K(1792K)->1589K(1792K)
[4.751s][info][gc          ] GC(6) Pause Young (Concurrent Start) (Metadata GC Threshold) 12M->10M(258M) 4.794ms
[4.751s][info][gc,cpu      ] GC(6) User=0.01s Sys=0.00s Real=0.00s
[4.751s][info][gc          ] GC(7) Concurrent Mark Cycle
[4.751s][info][metaspace   ] CLMS @0x00007fccec60d410 : GC threshold increased: 22020096->22347776.
[4.751s][info][gc,marking  ] GC(7) Concurrent Scan Root Regions
[4.754s][info][gc,marking  ] GC(7) Concurrent Scan Root Regions 3.415ms
[4.754s][info][gc,marking  ] GC(7) Concurrent Mark
[4.754s][info][gc,marking  ] GC(7) Concurrent Mark From Roots
[4.754s][info][gc,task     ] GC(7) Using 1 workers of 1 for marking
[4.764s][info][gc,marking  ] GC(7) Concurrent Mark From Roots 9.835ms
[4.764s][info][gc,marking  ] GC(7) Concurrent Preclean
[4.764s][info][gc,marking  ] GC(7) Concurrent Preclean 0.024ms
[4.764s][info][gc,start    ] GC(7) Pause Remark
[4.769s][info][gc          ] GC(7) Pause Remark 11M->11M(256M) 5.122ms
[4.769s][info][gc,cpu      ] GC(7) User=0.01s Sys=0.00s Real=0.00s
[4.769s][info][gc,marking  ] GC(7) Concurrent Mark 15.200ms
[4.769s][info][gc,marking  ] GC(7) Concurrent Rebuild Remembered Sets and Scrub Regions
[4.779s][info][gc,marking  ] GC(7) Concurrent Rebuild Remembered Sets and Scrub Regions 9.622ms
[4.781s][info][gc,start    ] GC(7) Pause Cleanup
[4.781s][info][gc          ] GC(7) Pause Cleanup 11M->11M(256M) 0.043ms
[4.781s][info][gc,cpu      ] GC(7) User=0.00s Sys=0.00s Real=0.00s
[4.781s][info][gc,marking  ] GC(7) Concurrent Clear Claimed Marks
[4.781s][info][gc,marking  ] GC(7) Concurrent Clear Claimed Marks 0.033ms
[4.781s][info][gc,marking  ] GC(7) Concurrent Cleanup for Next Mark
[4.786s][info][gc,marking  ] GC(7) Concurrent Cleanup for Next Mark 5.145ms
[4.786s][info][gc          ] GC(7) Concurrent Mark Cycle 35.643ms
[5.620s][info][gc,start    ] GC(8) Pause Young (Prepare Mixed) (G1 Evacuation Pause)
[5.620s][info][gc,task     ] GC(8) Using 2 workers of 2 for evacuation
[5.633s][info][gc,phases   ] GC(8)   Pre Evacuate Collection Set: 0.19ms
[5.633s][info][gc,phases   ] GC(8)   Merge Heap Roots: 0.05ms
[5.633s][info][gc,phases   ] GC(8)   Evacuate Collection Set: 11.70ms
[5.633s][info][gc,phases   ] GC(8)   Post Evacuate Collection Set: 0.63ms
[5.633s][info][gc,phases   ] GC(8)   Other: 0.09ms
[5.633s][info][gc,heap     ] GC(8) Eden regions: 72->0(65)
[5.633s][info][gc,heap     ] GC(8) Survivor regions: 4->7(10)
[5.633s][info][gc,heap     ] GC(8) Old regions: 8->8
[5.633s][info][gc,heap     ] GC(8) Humongous regions: 0->0
[5.633s][info][gc,metaspace] GC(8) Metaspace: 24062K(24384K)->24062K(24384K) NonClass: 22286K(22528K)->22286K(22528K) Class: 1776K(1856K)->1776K(1856K)
[5.633s][info][gc          ] GC(8) Pause Young (Prepare Mixed) (G1 Evacuation Pause) 82M->13M(256M) 12.841ms
[5.633s][info][gc,cpu      ] GC(8) User=0.02s Sys=0.01s Real=0.02s
[6.078s][info][gc,start    ] GC(9) Pause Young (Mixed) (G1 Evacuation Pause)
[6.078s][info][gc,task     ] GC(9) Using 2 workers of 2 for evacuation
[6.088s][info][gc,phases   ] GC(9)   Pre Evacuate Collection Set: 0.18ms
[6.088s][info][gc,phases   ] GC(9)   Merge Heap Roots: 0.05ms
[6.088s][info][gc,phases   ] GC(9)   Evacuate Collection Set: 8.93ms
[6.088s][info][gc,phases   ] GC(9)   Post Evacuate Collection Set: 0.63ms
[6.088s][info][gc,phases   ] GC(9)   Other: 0.08ms
[6.088s][info][gc,heap     ] GC(9) Eden regions: 65->0(85)
[6.088s][info][gc,heap     ] GC(9) Survivor regions: 7->4(9)
[6.088s][info][gc,heap     ] GC(9) Old regions: 8->10
[6.088s][info][gc,heap     ] GC(9) Humongous regions: 0->0
[6.088s][info][gc,metaspace] GC(9) Metaspace: 24321K(24640K)->24321K(24640K) NonClass: 22537K(22720K)->22537K(22720K) Class: 1783K(1920K)->1783K(1920K)
[6.088s][info][gc          ] GC(9) Pause Young (Mixed) (G1 Evacuation Pause) 78M->12M(256M) 10.016ms
[6.088s][info][gc,cpu      ] GC(9) User=0.02s Sys=0.00s Real=0.01s
[6.635s][info][gc,start    ] GC(10) Pause Young (Normal) (G1 Evacuation Pause)
[6.635s][info][gc,task     ] GC(10) Using 2 workers of 2 for evacuation
[6.650s][info][gc,phases   ] GC(10)   Pre Evacuate Collection Set: 0.17ms
[6.650s][info][gc,phases   ] GC(10)   Merge Heap Roots: 0.04ms
[6.650s][info][gc,phases   ] GC(10)   Evacuate Collection Set: 13.73ms
[6.650s][info][gc,phases   ] GC(10)   Post Evacuate Collection Set: 0.42ms
[6.650s][info][gc,phases   ] GC(10)   Other: 0.11ms
[6.650s][info][gc,heap     ] GC(10) Eden regions: 86->0(98)
[6.650s][info][gc,heap     ] GC(10) Survivor regions: 4->7(12)
[6.650s][info][gc,heap     ] GC(10) Old regions: 10->10
[6.650s][info][gc,heap     ] GC(10) Humongous regions: 0->0
[6.650s][info][gc,metaspace] GC(10) Metaspace: 25822K(26240K)->25822K(26240K) NonClass: 23900K(24128K)->23900K(24128K) Class: 1921K(2112K)->1921K(2112K)
[6.650s][info][gc          ] GC(10) Pause Young (Normal) (G1 Evacuation Pause) 98M->15M(256M) 14.634ms
[6.650s][info][gc,cpu      ] GC(10) User=0.03s Sys=0.01s Real=0.01s
[7.058s][info][gc,start    ] GC(11) Pause Young (Concurrent Start) (G1 Humongous Allocation)
[7.058s][info][gc,task     ] GC(11) Using 2 workers of 2 for evacuation
[7.067s][info][gc,phases   ] GC(11)   Pre Evacuate Collection Set: 0.17ms
[7.067s][info][gc,phases   ] GC(11)   Merge Heap Roots: 0.04ms
[7.067s][info][gc,phases   ] GC(11)   Evacuate Collection Set: 8.33ms
[7.067s][info][gc,phases   ] GC(11)   Post Evacuate Collection Set: 0.47ms
[7.067s][info][gc,phases   ] GC(11)   Other: 0.09ms
[7.067s][info][gc,heap     ] GC(11) Eden regions: 51->0(142)
[7.067s][info][gc,heap     ] GC(11) Survivor regions: 7->9(14)
[7.067s][info][gc,heap     ] GC(11) Old regions: 10->10
[7.067s][info][gc,heap     ] GC(11) Humongous regions: 104->0
[7.067s][info][gc,metaspace] GC(11) Metaspace: 26014K(26432K)->26014K(26432K) NonClass: 24086K(24320K)->24086K(24320K) Class: 1927K(2112K)->1927K(2112K)
[7.067s][info][gc          ] GC(11) Pause Young (Concurrent Start) (G1 Humongous Allocation) 170M->18M(256M) 9.266ms
[7.067s][info][gc,cpu      ] GC(11) User=0.02s Sys=0.00s Real=0.01s
[7.067s][info][gc          ] GC(12) Concurrent Undo Cycle
[7.067s][info][gc,marking  ] GC(12) Concurrent Clear Claimed Marks
[7.068s][info][gc,marking  ] GC(12) Concurrent Clear Claimed Marks 0.029ms
[7.068s][info][gc,marking  ] GC(12) Concurrent Cleanup for Next Mark
[7.068s][info][gc,marking  ] GC(12) Concurrent Cleanup for Next Mark 0.200ms
[7.068s][info][gc          ] GC(12) Concurrent Undo Cycle 0.319ms
[8.582s][info][gc,start    ] GC(13) Pause Young (Normal) (G1 Evacuation Pause)
[8.582s][info][gc,task     ] GC(13) Using 2 workers of 2 for evacuation
[8.593s][info][gc,phases   ] GC(13)   Pre Evacuate Collection Set: 0.19ms
[8.593s][info][gc,phases   ] GC(13)   Merge Heap Roots: 0.06ms
[8.593s][info][gc,phases   ] GC(13)   Evacuate Collection Set: 9.21ms
[8.593s][info][gc,phases   ] GC(13)   Post Evacuate Collection Set: 0.76ms
[8.593s][info][gc,phases   ] GC(13)   Other: 0.09ms
[8.593s][info][gc,heap     ] GC(13) Eden regions: 143->0(143)
[8.593s][info][gc,heap     ] GC(13) Survivor regions: 9->9(19)
[8.593s][info][gc,heap     ] GC(13) Old regions: 10->10
[8.593s][info][gc,heap     ] GC(13) Humongous regions: 24->0
[8.593s][info][gc,metaspace] GC(13) Metaspace: 28298K(28672K)->28298K(28672K) NonClass: 26236K(26432K)->26236K(26432K) Class: 2062K(2240K)->2062K(2240K)
[8.593s][info][gc          ] GC(13) Pause Young (Normal) (G1 Evacuation Pause) 185M->17M(256M) 10.464ms
[8.593s][info][gc,cpu      ] GC(13) User=0.02s Sys=0.00s Real=0.01s
[9.791s][info][gc,start    ] GC(14) Pause Young (Normal) (G1 Evacuation Pause)
[9.791s][info][gc,task     ] GC(14) Using 2 workers of 2 for evacuation
[9.810s][info][gc,phases   ] GC(14)   Pre Evacuate Collection Set: 0.16ms
[9.810s][info][gc,phases   ] GC(14)   Merge Heap Roots: 0.08ms
[9.810s][info][gc,phases   ] GC(14)   Evacuate Collection Set: 18.51ms
[9.810s][info][gc,phases   ] GC(14)   Post Evacuate Collection Set: 0.83ms
[9.810s][info][gc,phases   ] GC(14)   Other: 0.10ms
[9.810s][info][gc,heap     ] GC(14) Eden regions: 144->0(135)
[9.810s][info][gc,heap     ] GC(14) Survivor regions: 9->18(20)
[9.810s][info][gc,heap     ] GC(14) Old regions: 10->10
[9.810s][info][gc,heap     ] GC(14) Humongous regions: 0->0
[9.810s][info][gc,metaspace] GC(14) Metaspace: 28517K(28928K)->28517K(28928K) NonClass: 26435K(26624K)->26435K(26624K) Class: 2082K(2304K)->2082K(2304K)
[9.811s][info][gc          ] GC(14) Pause Young (Normal) (G1 Evacuation Pause) 161M->27M(256M) 19.910ms
[9.811s][info][gc,cpu      ] GC(14) User=0.04s Sys=0.01s Real=0.02s
[10.924s][info][gc,start    ] GC(15) Pause Young (Normal) (G1 Evacuation Pause)
[10.924s][info][gc,task     ] GC(15) Using 2 workers of 2 for evacuation
[10.936s][info][gc,phases   ] GC(15)   Pre Evacuate Collection Set: 0.17ms
[10.936s][info][gc,phases   ] GC(15)   Merge Heap Roots: 0.05ms
[10.936s][info][gc,phases   ] GC(15)   Evacuate Collection Set: 11.18ms
[10.937s][info][gc,phases   ] GC(15)   Post Evacuate Collection Set: 0.79ms
[10.937s][info][gc,phases   ] GC(15)   Other: 0.06ms
[10.937s][info][gc,heap     ] GC(15) Eden regions: 135->0(151)
[10.937s][info][gc,heap     ] GC(15) Survivor regions: 18->2(20)
[10.937s][info][gc,heap     ] GC(15) Old regions: 10->17
[10.937s][info][gc,heap     ] GC(15) Humongous regions: 0->0
[10.937s][info][gc,metaspace] GC(15) Metaspace: 28565K(28992K)->28565K(28992K) NonClass: 26482K(26688K)->26482K(26688K) Class: 2082K(2304K)->2082K(2304K)
[10.937s][info][gc          ] GC(15) Pause Young (Normal) (G1 Evacuation Pause) 162M->18M(256M) 12.438ms
[10.937s][info][gc,cpu      ] GC(15) User=0.02s Sys=0.00s Real=0.01s
[12.031s][info][gc,start    ] GC(16) Pause Young (Normal) (G1 Evacuation Pause)
[12.031s][info][gc,task     ] GC(16) Using 2 workers of 2 for evacuation
[12.053s][info][gc,phases   ] GC(16)   Pre Evacuate Collection Set: 0.17ms
[12.053s][info][gc,phases   ] GC(16)   Merge Heap Roots: 0.08ms
[12.053s][info][gc,phases   ] GC(16)   Evacuate Collection Set: 21.58ms
[12.053s][info][gc,phases   ] GC(16)   Post Evacuate Collection Set: 0.48ms
[12.053s][info][gc,phases   ] GC(16)   Other: 0.08ms
[12.053s][info][gc,heap     ] GC(16) Eden regions: 151->0(137)
[12.053s][info][gc,heap     ] GC(16) Survivor regions: 2->16(20)
[12.053s][info][gc,heap     ] GC(16) Old regions: 17->17
[12.053s][info][gc,heap     ] GC(16) Humongous regions: 0->0
[12.053s][info][gc,metaspace] GC(16) Metaspace: 28579K(28992K)->28579K(28992K) NonClass: 26494K(26688K)->26494K(26688K) Class: 2084K(2304K)->2084K(2304K)
[12.053s][info][gc          ] GC(16) Pause Young (Normal) (G1 Evacuation Pause) 169M->31M(256M) 22.606ms
[12.053s][info][gc,cpu      ] GC(16) User=0.04s Sys=0.00s Real=0.03s
[13.025s][info][gc,start    ] GC(17) Pause Young (Normal) (G1 Evacuation Pause)
[13.025s][info][gc,task     ] GC(17) Using 2 workers of 2 for evacuation
[13.052s][info][gc,phases   ] GC(17)   Pre Evacuate Collection Set: 0.15ms
[13.052s][info][gc,phases   ] GC(17)   Merge Heap Roots: 0.59ms
[13.052s][info][gc,phases   ] GC(17)   Evacuate Collection Set: 26.23ms
[13.052s][info][gc,phases   ] GC(17)   Post Evacuate Collection Set: 0.49ms
[13.052s][info][gc,phases   ] GC(17)   Other: 0.08ms
[13.052s][info][gc,heap     ] GC(17) Eden regions: 137->0(139)
[13.052s][info][gc,heap     ] GC(17) Survivor regions: 16->14(20)
[13.052s][info][gc,heap     ] GC(17) Old regions: 17->32
[13.052s][info][gc,heap     ] GC(17) Humongous regions: 1->1
[13.052s][info][gc,metaspace] GC(17) Metaspace: 28591K(28992K)->28591K(28992K) NonClass: 26506K(26688K)->26506K(26688K) Class: 2084K(2304K)->2084K(2304K)
[13.052s][info][gc          ] GC(17) Pause Young (Normal) (G1 Evacuation Pause) 169M->46M(256M) 27.710ms
[13.052s][info][gc,cpu      ] GC(17) User=0.05s Sys=0.00s Real=0.03s
[13.840s][info][gc,start    ] GC(18) Pause Young (Normal) (G1 Evacuation Pause)
[13.840s][info][gc,task     ] GC(18) Using 2 workers of 2 for evacuation
[13.865s][info][gc,phases   ] GC(18)   Pre Evacuate Collection Set: 0.15ms
[13.865s][info][gc,phases   ] GC(18)   Merge Heap Roots: 0.14ms
[13.865s][info][gc,phases   ] GC(18)   Evacuate Collection Set: 24.10ms
[13.865s][info][gc,phases   ] GC(18)   Post Evacuate Collection Set: 0.37ms
[13.865s][info][gc,phases   ] GC(18)   Other: 0.08ms
[13.865s][info][gc,heap     ] GC(18) Eden regions: 139->0(139)
[13.865s][info][gc,heap     ] GC(18) Survivor regions: 14->14(20)
[13.865s][info][gc,heap     ] GC(18) Old regions: 32->45
[13.865s][info][gc,heap     ] GC(18) Humongous regions: 3->3
[13.865s][info][gc,metaspace] GC(18) Metaspace: 28637K(29056K)->28637K(29056K) NonClass: 26549K(26752K)->26549K(26752K) Class: 2087K(2304K)->2087K(2304K)
[13.865s][info][gc          ] GC(18) Pause Young (Normal) (G1 Evacuation Pause) 187M->61M(256M) 25.036ms
[13.865s][info][gc,cpu      ] GC(18) User=0.05s Sys=0.00s Real=0.03s
[14.261s][info][gc,start    ] GC(19) Pause Young (Normal) (G1 Evacuation Pause)
[14.262s][info][gc,task     ] GC(19) Using 2 workers of 2 for evacuation
[14.295s][info][gc,phases   ] GC(19)   Pre Evacuate Collection Set: 0.15ms
[14.295s][info][gc,phases   ] GC(19)   Merge Heap Roots: 0.07ms
[14.295s][info][gc,phases   ] GC(19)   Evacuate Collection Set: 33.15ms
[14.295s][info][gc,phases   ] GC(19)   Post Evacuate Collection Set: 0.36ms
[14.295s][info][gc,phases   ] GC(19)   Other: 0.09ms
[14.295s][info][gc,heap     ] GC(19) Eden regions: 139->0(134)
[14.295s][info][gc,heap     ] GC(19) Survivor regions: 14->17(20)
[14.295s][info][gc,heap     ] GC(19) Old regions: 45->58
[14.295s][info][gc,heap     ] GC(19) Humongous regions: 4->4
[14.295s][info][gc,metaspace] GC(19) Metaspace: 28668K(29056K)->28668K(29056K) NonClass: 26574K(26752K)->26574K(26752K) Class: 2094K(2304K)->2094K(2304K)
[14.295s][info][gc          ] GC(19) Pause Young (Normal) (G1 Evacuation Pause) 201M->78M(256M) 34.031ms
[14.296s][info][gc,cpu      ] GC(19) User=0.07s Sys=0.01s Real=0.04s
[14.677s][info][gc,start    ] GC(20) Pause Young (Normal) (G1 Evacuation Pause)
[14.677s][info][gc,task     ] GC(20) Using 2 workers of 2 for evacuation
[14.726s][info][gc,phases   ] GC(20)   Pre Evacuate Collection Set: 1.76ms
[14.726s][info][gc,phases   ] GC(20)   Merge Heap Roots: 0.10ms
[14.726s][info][gc,phases   ] GC(20)   Evacuate Collection Set: 46.50ms
[14.726s][info][gc,phases   ] GC(20)   Post Evacuate Collection Set: 0.38ms
[14.726s][info][gc,phases   ] GC(20)   Other: 0.09ms
[14.726s][info][gc,heap     ] GC(20) Eden regions: 134->0(121)
[14.726s][info][gc,heap     ] GC(20) Survivor regions: 17->16(19)
[14.726s][info][gc,heap     ] GC(20) Old regions: 58->75
[14.726s][info][gc,heap     ] GC(20) Humongous regions: 6->6
[14.726s][info][gc,metaspace] GC(20) Metaspace: 28724K(29184K)->28724K(29184K) NonClass: 26625K(26880K)->26625K(26880K) Class: 2098K(2304K)->2098K(2304K)
[14.726s][info][gc          ] GC(20) Pause Young (Normal) (G1 Evacuation Pause) 214M->96M(256M) 49.063ms
[14.726s][info][gc,cpu      ] GC(20) User=0.09s Sys=0.00s Real=0.05s
[15.043s][info][gc,start    ] GC(21) Pause Young (Normal) (G1 Evacuation Pause)
[15.043s][info][gc,task     ] GC(21) Using 2 workers of 2 for evacuation
[15.087s][info][gc,phases   ] GC(21)   Pre Evacuate Collection Set: 0.15ms
[15.087s][info][gc,phases   ] GC(21)   Merge Heap Roots: 0.09ms
[15.087s][info][gc,phases   ] GC(21)   Evacuate Collection Set: 42.49ms
[15.087s][info][gc,phases   ] GC(21)   Post Evacuate Collection Set: 0.33ms
[15.087s][info][gc,phases   ] GC(21)   Other: 0.08ms
[15.087s][info][gc,heap     ] GC(21) Eden regions: 121->0(110)
[15.087s][info][gc,heap     ] GC(21) Survivor regions: 16->15(18)
[15.087s][info][gc,heap     ] GC(21) Old regions: 75->91
[15.087s][info][gc,heap     ] GC(21) Humongous regions: 6->6
[15.087s][info][gc,metaspace] GC(21) Metaspace: 28727K(29184K)->28727K(29184K) NonClass: 26628K(26880K)->26628K(26880K) Class: 2098K(2304K)->2098K(2304K)
[15.087s][info][gc          ] GC(21) Pause Young (Normal) (G1 Evacuation Pause) 217M->110M(256M) 43.354ms
[15.087s][info][gc,cpu      ] GC(21) User=0.08s Sys=0.00s Real=0.04s
[15.357s][info][gc,start    ] GC(22) Pause Young (Normal) (G1 Evacuation Pause)
[15.357s][info][gc,task     ] GC(22) Using 2 workers of 2 for evacuation
[15.398s][info][gc,phases   ] GC(22)   Pre Evacuate Collection Set: 0.18ms
[15.398s][info][gc,phases   ] GC(22)   Merge Heap Roots: 0.07ms
[15.398s][info][gc,phases   ] GC(22)   Evacuate Collection Set: 40.23ms
[15.398s][info][gc,phases   ] GC(22)   Post Evacuate Collection Set: 0.45ms
[15.398s][info][gc,phases   ] GC(22)   Other: 0.07ms
[15.398s][info][gc,heap     ] GC(22) Eden regions: 110->0(101)
[15.398s][info][gc,heap     ] GC(22) Survivor regions: 15->13(16)
[15.398s][info][gc,heap     ] GC(22) Old regions: 91->105
[15.398s][info][gc,heap     ] GC(22) Humongous regions: 6->6
[15.398s][info][gc,metaspace] GC(22) Metaspace: 28728K(29184K)->28728K(29184K) NonClass: 26629K(26880K)->26629K(26880K) Class: 2098K(2304K)->2098K(2304K)
[15.398s][info][gc          ] GC(22) Pause Young (Normal) (G1 Evacuation Pause) 220M->123M(256M) 41.216ms
[15.398s][info][gc,cpu      ] GC(22) User=0.08s Sys=0.00s Real=0.04s
[15.683s][info][gc,start    ] GC(23) Pause Young (Normal) (G1 Evacuation Pause)
[15.683s][info][gc,task     ] GC(23) Using 2 workers of 2 for evacuation
[15.716s][info][gc,phases   ] GC(23)   Pre Evacuate Collection Set: 0.16ms
[15.716s][info][gc,phases   ] GC(23)   Merge Heap Roots: 0.15ms
[15.716s][info][gc,phases   ] GC(23)   Evacuate Collection Set: 30.50ms
[15.716s][info][gc,phases   ] GC(23)   Post Evacuate Collection Set: 1.86ms
[15.716s][info][gc,phases   ] GC(23)   Other: 0.09ms
[15.716s][info][gc,heap     ] GC(23) Eden regions: 101->0(189)
[15.716s][info][gc,heap     ] GC(23) Survivor regions: 13->12(15)
[15.716s][info][gc,heap     ] GC(23) Old regions: 105->118
[15.716s][info][gc,heap     ] GC(23) Humongous regions: 10->10
[15.716s][info][gc,metaspace] GC(23) Metaspace: 28728K(29184K)->28728K(29184K) NonClass: 26629K(26880K)->26629K(26880K) Class: 2098K(2304K)->2098K(2304K)
[15.716s][info][gc          ] GC(23) Pause Young (Normal) (G1 Evacuation Pause) 228M->139M(389M) 32.940ms
[15.716s][info][gc,cpu      ] GC(23) User=0.06s Sys=0.00s Real=0.03s
[17.337s][info][gc,start    ] GC(24) Pause Young (Normal) (G1 Evacuation Pause)
[17.337s][info][gc,task     ] GC(24) Using 2 workers of 2 for evacuation
[17.383s][info][gc,phases   ] GC(24)   Pre Evacuate Collection Set: 0.20ms
[17.383s][info][gc,phases   ] GC(24)   Merge Heap Roots: 0.14ms
[17.383s][info][gc,phases   ] GC(24)   Evacuate Collection Set: 45.01ms
[17.383s][info][gc,phases   ] GC(24)   Post Evacuate Collection Set: 0.49ms
[17.383s][info][gc,phases   ] GC(24)   Other: 0.13ms
[17.383s][info][gc,heap     ] GC(24) Eden regions: 189->0(160)
[17.383s][info][gc,heap     ] GC(24) Survivor regions: 12->26(26)
[17.383s][info][gc,heap     ] GC(24) Old regions: 118->127
[17.383s][info][gc,heap     ] GC(24) Humongous regions: 18->16
[17.383s][info][gc,metaspace] GC(24) Metaspace: 28744K(29248K)->28744K(29248K) NonClass: 26645K(26944K)->26645K(26944K) Class: 2098K(2304K)->2098K(2304K)
[17.383s][info][gc          ] GC(24) Pause Young (Normal) (G1 Evacuation Pause) 336M->168M(389M) 46.174ms
[17.383s][info][gc,cpu      ] GC(24) User=0.09s Sys=0.00s Real=0.05s
[18.344s][info][gc,start    ] GC(25) Pause Young (Normal) (G1 Evacuation Pause)
[18.344s][info][gc,task     ] GC(25) Using 2 workers of 2 for evacuation
[18.393s][info][gc,phases   ] GC(25)   Pre Evacuate Collection Set: 0.24ms
[18.393s][info][gc,phases   ] GC(25)   Merge Heap Roots: 0.25ms
[18.393s][info][gc,phases   ] GC(25)   Evacuate Collection Set: 48.03ms
[18.393s][info][gc,phases   ] GC(25)   Post Evacuate Collection Set: 0.43ms
[18.393s][info][gc,phases   ] GC(25)   Other: 0.09ms
[18.393s][info][gc,heap     ] GC(25) Eden regions: 160->0(148)
[18.393s][info][gc,heap     ] GC(25) Survivor regions: 26->21(24)
[18.393s][info][gc,heap     ] GC(25) Old regions: 127->151
[18.393s][info][gc,heap     ] GC(25) Humongous regions: 18->18
[18.393s][info][gc,metaspace] GC(25) Metaspace: 28810K(29248K)->28810K(29248K) NonClass: 26708K(26944K)->26708K(26944K) Class: 2102K(2304K)->2102K(2304K)
[18.394s][info][gc          ] GC(25) Pause Young (Normal) (G1 Evacuation Pause) 330M->189M(389M) 49.240ms
[18.394s][info][gc,cpu      ] GC(25) User=0.09s Sys=0.00s Real=0.05s
[18.733s][info][gc,start    ] GC(26) Pause Young (Normal) (G1 Evacuation Pause)
[18.733s][info][gc,task     ] GC(26) Using 2 workers of 2 for evacuation
[18.767s][info][gc,phases   ] GC(26)   Pre Evacuate Collection Set: 0.18ms
[18.767s][info][gc,phases   ] GC(26)   Merge Heap Roots: 0.11ms
[18.767s][info][gc,phases   ] GC(26)   Evacuate Collection Set: 33.52ms
[18.767s][info][gc,phases   ] GC(26)   Post Evacuate Collection Set: 0.36ms
[18.767s][info][gc,phases   ] GC(26)   Other: 0.08ms
[18.767s][info][gc,heap     ] GC(26) Eden regions: 148->0(135)
[18.767s][info][gc,heap     ] GC(26) Survivor regions: 21->18(22)
[18.767s][info][gc,heap     ] GC(26) Old regions: 151->171
[18.767s][info][gc,heap     ] GC(26) Humongous regions: 19->19
[18.767s][info][gc,metaspace] GC(26) Metaspace: 28810K(29248K)->28810K(29248K) NonClass: 26708K(26944K)->26708K(26944K) Class: 2102K(2304K)->2102K(2304K)
[18.767s][info][gc          ] GC(26) Pause Young (Normal) (G1 Evacuation Pause) 338M->207M(389M) 34.456ms
[18.767s][info][gc,cpu      ] GC(26) User=0.07s Sys=0.00s Real=0.03s
[18.964s][info][gc,start    ] GC(27) Pause Young (Concurrent Start) (G1 Humongous Allocation)
[18.964s][info][gc,task     ] GC(27) Using 2 workers of 2 for evacuation
[18.989s][info][gc,phases   ] GC(27)   Pre Evacuate Collection Set: 0.21ms
[18.989s][info][gc,phases   ] GC(27)   Merge Heap Roots: 0.06ms
[18.989s][info][gc,phases   ] GC(27)   Evacuate Collection Set: 23.73ms
[18.989s][info][gc,phases   ] GC(27)   Post Evacuate Collection Set: 0.31ms
[18.989s][info][gc,phases   ] GC(27)   Other: 0.08ms
[18.989s][info][gc,heap     ] GC(27) Eden regions: 89->0(128)
[18.989s][info][gc,heap     ] GC(27) Survivor regions: 18->11(20)
[18.989s][info][gc,heap     ] GC(27) Old regions: 171->189
[18.989s][info][gc,heap     ] GC(27) Humongous regions: 19->19
[18.989s][info][gc,metaspace] GC(27) Metaspace: 28811K(29248K)->28811K(29248K) NonClass: 26709K(26944K)->26709K(26944K) Class: 2102K(2304K)->2102K(2304K)
[18.989s][info][gc          ] GC(27) Pause Young (Concurrent Start) (G1 Humongous Allocation) 296M->218M(389M) 24.601ms
[18.989s][info][gc,cpu      ] GC(27) User=0.05s Sys=0.00s Real=0.02s
[18.989s][info][gc          ] GC(28) Concurrent Mark Cycle
[18.989s][info][gc,marking  ] GC(28) Concurrent Scan Root Regions
[19.008s][info][gc,marking  ] GC(28) Concurrent Scan Root Regions 19.028ms
[19.008s][info][gc,marking  ] GC(28) Concurrent Mark
[19.008s][info][gc,marking  ] GC(28) Concurrent Mark From Roots
[19.008s][info][gc,task     ] GC(28) Using 1 workers of 1 for marking
[19.043s][info][gc,marking  ] GC(28) Concurrent Mark From Roots 34.597ms
[19.043s][info][gc,marking  ] GC(28) Concurrent Preclean
[19.043s][info][gc,marking  ] GC(28) Concurrent Preclean 0.037ms
[19.043s][info][gc,start    ] GC(28) Pause Remark
[19.055s][info][gc          ] GC(28) Pause Remark 238M->129M(374M) 12.508ms
[19.056s][info][gc,cpu      ] GC(28) User=0.02s Sys=0.00s Real=0.01s
[19.056s][info][gc,marking  ] GC(28) Concurrent Mark 47.414ms
[19.056s][info][gc,marking  ] GC(28) Concurrent Rebuild Remembered Sets and Scrub Regions
[19.087s][info][gc,marking  ] GC(28) Concurrent Rebuild Remembered Sets and Scrub Regions 31.399ms
[19.087s][info][gc,start    ] GC(28) Pause Cleanup
[19.087s][info][gc          ] GC(28) Pause Cleanup 142M->142M(374M) 0.058ms
[19.087s][info][gc,cpu      ] GC(28) User=0.00s Sys=0.00s Real=0.00s
[19.087s][info][gc,marking  ] GC(28) Concurrent Clear Claimed Marks
[19.087s][info][gc,marking  ] GC(28) Concurrent Clear Claimed Marks 0.043ms
[19.087s][info][gc,marking  ] GC(28) Concurrent Cleanup for Next Mark
[19.090s][info][gc,marking  ] GC(28) Concurrent Cleanup for Next Mark 2.328ms
[19.090s][info][gc          ] GC(28) Concurrent Mark Cycle 100.608ms
[19.298s][info][gc,start    ] GC(29) Pause Young (Prepare Mixed) (G1 Evacuation Pause)
[19.298s][info][gc,task     ] GC(29) Using 2 workers of 2 for evacuation
[19.327s][info][gc,phases   ] GC(29)   Pre Evacuate Collection Set: 0.19ms
[19.327s][info][gc,phases   ] GC(29)   Merge Heap Roots: 0.08ms
[19.327s][info][gc,phases   ] GC(29)   Evacuate Collection Set: 28.01ms
[19.327s][info][gc,phases   ] GC(29)   Post Evacuate Collection Set: 0.37ms
[19.327s][info][gc,phases   ] GC(29)   Other: 0.07ms
[19.327s][info][gc,heap     ] GC(29) Eden regions: 128->0(184)
[19.327s][info][gc,heap     ] GC(29) Survivor regions: 11->15(18)
[19.327s][info][gc,heap     ] GC(29) Old regions: 96->107
[19.327s][info][gc,heap     ] GC(29) Humongous regions: 5->5
[19.327s][info][gc,metaspace] GC(29) Metaspace: 28811K(29248K)->28811K(29248K) NonClass: 26709K(26944K)->26709K(26944K) Class: 2102K(2304K)->2102K(2304K)
[19.327s][info][gc          ] GC(29) Pause Young (Prepare Mixed) (G1 Evacuation Pause) 239M->126M(374M) 28.899ms
[19.327s][info][gc,cpu      ] GC(29) User=0.06s Sys=0.00s Real=0.03s
[19.795s][info][gc,start    ] GC(30) Pause Young (Mixed) (G1 Evacuation Pause)
[19.795s][info][gc,task     ] GC(30) Using 2 workers of 2 for evacuation
[19.839s][info][gc,phases   ] GC(30)   Pre Evacuate Collection Set: 0.20ms
[19.839s][info][gc,phases   ] GC(30)   Merge Heap Roots: 0.17ms
[19.839s][info][gc,phases   ] GC(30)   Evacuate Collection Set: 43.52ms
[19.839s][info][gc,phases   ] GC(30)   Post Evacuate Collection Set: 0.47ms
[19.839s][info][gc,phases   ] GC(30)   Other: 0.07ms
[19.839s][info][gc,heap     ] GC(30) Eden regions: 184->0(193)
[19.839s][info][gc,heap     ] GC(30) Survivor regions: 15->21(25)
[19.839s][info][gc,heap     ] GC(30) Old regions: 107->87
[19.839s][info][gc,heap     ] GC(30) Humongous regions: 9->9
[19.839s][info][gc,metaspace] GC(30) Metaspace: 28811K(29248K)->28811K(29248K) NonClass: 26709K(26944K)->26709K(26944K) Class: 2102K(2304K)->2102K(2304K)
[19.839s][info][gc          ] GC(30) Pause Young (Mixed) (G1 Evacuation Pause) 314M->116M(374M) 44.623ms
[19.839s][info][gc,cpu      ] GC(30) User=0.09s Sys=0.00s Real=0.04s
[21.187s][info][gc,start    ] GC(31) Pause Young (Normal) (G1 Evacuation Pause)
[21.187s][info][gc,task     ] GC(31) Using 2 workers of 2 for evacuation
[21.242s][info][gc,phases   ] GC(31)   Pre Evacuate Collection Set: 0.20ms
[21.242s][info][gc,phases   ] GC(31)   Merge Heap Roots: 0.16ms
[21.242s][info][gc,phases   ] GC(31)   Evacuate Collection Set: 53.46ms
[21.242s][info][gc,phases   ] GC(31)   Post Evacuate Collection Set: 1.20ms
[21.242s][info][gc,phases   ] GC(31)   Other: 0.13ms
[21.242s][info][gc,heap     ] GC(31) Eden regions: 193->0(211)
[21.242s][info][gc,heap     ] GC(31) Survivor regions: 21->19(27)
[21.242s][info][gc,heap     ] GC(31) Old regions: 87->108
[21.242s][info][gc,heap     ] GC(31) Humongous regions: 17->15
[21.242s][info][gc,metaspace] GC(31) Metaspace: 28818K(29248K)->28818K(29248K) NonClass: 26715K(26944K)->26715K(26944K) Class: 2102K(2304K)->2102K(2304K)
[21.242s][info][gc          ] GC(31) Pause Young (Normal) (G1 Evacuation Pause) 317M->141M(439M) 55.348ms
[21.242s][info][gc,cpu      ] GC(31) User=0.11s Sys=0.00s Real=0.06s
[22.165s][info][gc,start    ] GC(32) Pause Young (Normal) (G1 Evacuation Pause)
[22.165s][info][gc,task     ] GC(32) Using 2 workers of 2 for evacuation
[22.196s][info][gc,phases   ] GC(32)   Pre Evacuate Collection Set: 0.26ms
[22.196s][info][gc,phases   ] GC(32)   Merge Heap Roots: 0.15ms
[22.196s][info][gc,phases   ] GC(32)   Evacuate Collection Set: 29.75ms
[22.196s][info][gc,phases   ] GC(32)   Post Evacuate Collection Set: 0.41ms
[22.196s][info][gc,phases   ] GC(32)   Other: 0.10ms
[22.196s][info][gc,heap     ] GC(32) Eden regions: 211->0(212)
[22.196s][info][gc,heap     ] GC(32) Survivor regions: 19->9(29)
[22.196s][info][gc,heap     ] GC(32) Old regions: 108->126
[22.196s][info][gc,heap     ] GC(32) Humongous regions: 15->15
[22.196s][info][gc,metaspace] GC(32) Metaspace: 28859K(29312K)->28859K(29312K) NonClass: 26756K(27008K)->26756K(27008K) Class: 2102K(2304K)->2102K(2304K)
[22.196s][info][gc          ] GC(32) Pause Young (Normal) (G1 Evacuation Pause) 352M->148M(439M) 30.878ms
[22.196s][info][gc,cpu      ] GC(32) User=0.06s Sys=0.00s Real=0.03s
[23.329s][info][gc,start    ] GC(33) Pause Young (Normal) (G1 Evacuation Pause)
[23.329s][info][gc,task     ] GC(33) Using 2 workers of 2 for evacuation
[23.336s][info][gc,phases   ] GC(33)   Pre Evacuate Collection Set: 0.22ms
[23.336s][info][gc,phases   ] GC(33)   Merge Heap Roots: 0.05ms
[23.336s][info][gc,phases   ] GC(33)   Evacuate Collection Set: 6.17ms
[23.336s][info][gc,phases   ] GC(33)   Post Evacuate Collection Set: 0.39ms
[23.336s][info][gc,phases   ] GC(33)   Other: 0.09ms
[23.336s][info][gc,heap     ] GC(33) Eden regions: 212->0(222)
[23.336s][info][gc,heap     ] GC(33) Survivor regions: 9->7(28)
[23.336s][info][gc,heap     ] GC(33) Old regions: 126->126
[23.336s][info][gc,heap     ] GC(33) Humongous regions: 15->15
[23.336s][info][gc,metaspace] GC(33) Metaspace: 28876K(29312K)->28876K(29312K) NonClass: 26774K(27008K)->26774K(27008K) Class: 2102K(2304K)->2102K(2304K)
[23.337s][info][gc          ] GC(33) Pause Young (Normal) (G1 Evacuation Pause) 360M->146M(439M) 7.081ms
[23.337s][info][gc,cpu      ] GC(33) User=0.02s Sys=0.00s Real=0.01s
[24.520s][info][gc,start    ] GC(34) Pause Young (Normal) (G1 Evacuation Pause)
[24.520s][info][gc,task     ] GC(34) Using 2 workers of 2 for evacuation
[24.525s][info][gc,phases   ] GC(34)   Pre Evacuate Collection Set: 0.22ms
[24.525s][info][gc,phases   ] GC(34)   Merge Heap Roots: 0.06ms
[24.525s][info][gc,phases   ] GC(34)   Evacuate Collection Set: 3.56ms
[24.525s][info][gc,phases   ] GC(34)   Post Evacuate Collection Set: 0.38ms
[24.525s][info][gc,phases   ] GC(34)   Other: 0.07ms
[24.525s][info][gc,heap     ] GC(34) Eden regions: 222->0(228)
[24.525s][info][gc,heap     ] GC(34) Survivor regions: 7->6(29)
[24.525s][info][gc,heap     ] GC(34) Old regions: 126->126
[24.525s][info][gc,heap     ] GC(34) Humongous regions: 15->15
[24.525s][info][gc,metaspace] GC(34) Metaspace: 28877K(29312K)->28877K(29312K) NonClass: 26774K(27008K)->26774K(27008K) Class: 2102K(2304K)->2102K(2304K)
[24.525s][info][gc          ] GC(34) Pause Young (Normal) (G1 Evacuation Pause) 368M->145M(439M) 4.462ms
[24.525s][info][gc,cpu      ] GC(34) User=0.01s Sys=0.00s Real=0.01s
[25.687s][info][gc,start    ] GC(35) Pause Young (Normal) (G1 Evacuation Pause)
[25.687s][info][gc,task     ] GC(35) Using 2 workers of 2 for evacuation
[25.691s][info][gc,phases   ] GC(35)   Pre Evacuate Collection Set: 0.20ms
[25.691s][info][gc,phases   ] GC(35)   Merge Heap Roots: 0.08ms
[25.692s][info][gc,phases   ] GC(35)   Evacuate Collection Set: 3.82ms
[25.692s][info][gc,phases   ] GC(35)   Post Evacuate Collection Set: 0.40ms
[25.692s][info][gc,phases   ] GC(35)   Other: 0.07ms
[25.692s][info][gc,heap     ] GC(35) Eden regions: 228->0(235)
[25.692s][info][gc,heap     ] GC(35) Survivor regions: 6->6(30)
[25.692s][info][gc,heap     ] GC(35) Old regions: 126->126
[25.692s][info][gc,heap     ] GC(35) Humongous regions: 16->15
[25.692s][info][gc,metaspace] GC(35) Metaspace: 28882K(29312K)->28882K(29312K) NonClass: 26779K(27008K)->26779K(27008K) Class: 2102K(2304K)->2102K(2304K)
[25.692s][info][gc          ] GC(35) Pause Young (Normal) (G1 Evacuation Pause) 374M->146M(439M) 4.756ms
[25.692s][info][gc,cpu      ] GC(35) User=0.01s Sys=0.00s Real=0.00s
[28.612s][info][gc,start    ] GC(36) Pause Young (Normal) (G1 Evacuation Pause)
[28.612s][info][gc,task     ] GC(36) Using 2 workers of 2 for evacuation
[28.623s][info][gc,phases   ] GC(36)   Pre Evacuate Collection Set: 0.20ms
[28.623s][info][gc,phases   ] GC(36)   Merge Heap Roots: 0.07ms
[28.623s][info][gc,phases   ] GC(36)   Evacuate Collection Set: 9.67ms
[28.623s][info][gc,phases   ] GC(36)   Post Evacuate Collection Set: 0.50ms
[28.623s][info][gc,phases   ] GC(36)   Other: 0.08ms
[28.623s][info][gc,heap     ] GC(36) Eden regions: 235->0(234)
[28.623s][info][gc,heap     ] GC(36) Survivor regions: 6->9(31)
[28.623s][info][gc,heap     ] GC(36) Old regions: 126->126
[28.623s][info][gc,heap     ] GC(36) Humongous regions: 23->17
[28.623s][info][gc,metaspace] GC(36) Metaspace: 33200K(33664K)->33200K(33664K) NonClass: 30903K(31168K)->30903K(31168K) Class: 2296K(2496K)->2296K(2496K)
[28.623s][info][gc          ] GC(36) Pause Young (Normal) (G1 Evacuation Pause) 389M->151M(439M) 10.688ms
[28.623s][info][gc,cpu      ] GC(36) User=0.02s Sys=0.00s Real=0.01s
[31.069s][info][gc,start    ] GC(37) Pause Young (Normal) (G1 Evacuation Pause)
[31.069s][info][gc,task     ] GC(37) Using 2 workers of 2 for evacuation
[31.087s][info][gc,phases   ] GC(37)   Pre Evacuate Collection Set: 0.24ms
[31.087s][info][gc,phases   ] GC(37)   Merge Heap Roots: 0.07ms
[31.087s][info][gc,phases   ] GC(37)   Evacuate Collection Set: 16.92ms
[31.087s][info][gc,phases   ] GC(37)   Post Evacuate Collection Set: 0.72ms
[31.087s][info][gc,phases   ] GC(37)   Other: 0.09ms
[31.087s][info][gc,heap     ] GC(37) Eden regions: 234->0(234)
[31.087s][info][gc,heap     ] GC(37) Survivor regions: 9->16(31)
[31.087s][info][gc,heap     ] GC(37) Old regions: 126->126
[31.087s][info][gc,heap     ] GC(37) Humongous regions: 33->17
[31.087s][info][gc,metaspace] GC(37) Metaspace: 34001K(34496K)->34001K(34496K) NonClass: 31698K(32000K)->31698K(32000K) Class: 2302K(2496K)->2302K(2496K)
[31.087s][info][gc          ] GC(37) Pause Young (Normal) (G1 Evacuation Pause) 401M->157M(439M) 18.210ms
[31.087s][info][gc,cpu      ] GC(37) User=0.03s Sys=0.00s Real=0.02s
[32.985s][info][gc,start    ] GC(38) Pause Young (Normal) (G1 Evacuation Pause)
[32.985s][info][gc,task     ] GC(38) Using 2 workers of 2 for evacuation
[33.012s][info][gc,phases   ] GC(38)   Pre Evacuate Collection Set: 0.24ms
[33.013s][info][gc,phases   ] GC(38)   Merge Heap Roots: 0.08ms
[33.013s][info][gc,phases   ] GC(38)   Evacuate Collection Set: 26.45ms
[33.013s][info][gc,phases   ] GC(38)   Post Evacuate Collection Set: 0.60ms
[33.013s][info][gc,phases   ] GC(38)   Other: 0.10ms
[33.013s][info][gc,heap     ] GC(38) Eden regions: 234->0(217)
[33.013s][info][gc,heap     ] GC(38) Survivor regions: 16->28(32)
[33.013s][info][gc,heap     ] GC(38) Old regions: 126->126
[33.013s][info][gc,heap     ] GC(38) Humongous regions: 25->17
[33.013s][info][gc,metaspace] GC(38) Metaspace: 34104K(34560K)->34104K(34560K) NonClass: 31800K(32064K)->31800K(32064K) Class: 2303K(2496K)->2303K(2496K)
[33.013s][info][gc          ] GC(38) Pause Young (Normal) (G1 Evacuation Pause) 399M->170M(439M) 27.634ms
[33.013s][info][gc,cpu      ] GC(38) User=0.06s Sys=0.00s Real=0.03s
[34.548s][info][gc,start    ] GC(39) Pause Young (Normal) (G1 Evacuation Pause)
[34.548s][info][gc,task     ] GC(39) Using 2 workers of 2 for evacuation
[34.565s][info][gc,phases   ] GC(39)   Pre Evacuate Collection Set: 0.22ms
[34.565s][info][gc,phases   ] GC(39)   Merge Heap Roots: 0.08ms
[34.565s][info][gc,phases   ] GC(39)   Evacuate Collection Set: 15.61ms
[34.565s][info][gc,phases   ] GC(39)   Post Evacuate Collection Set: 0.51ms
[34.565s][info][gc,phases   ] GC(39)   Other: 0.09ms
[34.565s][info][gc,heap     ] GC(39) Eden regions: 217->0(237)
[34.565s][info][gc,heap     ] GC(39) Survivor regions: 28->3(31)
[34.565s][info][gc,heap     ] GC(39) Old regions: 126->136
[34.565s][info][gc,heap     ] GC(39) Humongous regions: 33->17
[34.565s][info][gc,metaspace] GC(39) Metaspace: 34160K(34624K)->34160K(34624K) NonClass: 31856K(32128K)->31856K(32128K) Class: 2303K(2496K)->2303K(2496K)
[34.565s][info][gc          ] GC(39) Pause Young (Normal) (G1 Evacuation Pause) 403M->155M(439M) 16.686ms
[34.565s][info][gc,cpu      ] GC(39) User=0.03s Sys=0.00s Real=0.02s
[36.339s][info][gc,start    ] GC(40) Pause Young (Normal) (G1 Evacuation Pause)
[36.339s][info][gc,task     ] GC(40) Using 2 workers of 2 for evacuation
[36.352s][info][gc,phases   ] GC(40)   Pre Evacuate Collection Set: 0.21ms
[36.352s][info][gc,phases   ] GC(40)   Merge Heap Roots: 0.08ms
[36.352s][info][gc,phases   ] GC(40)   Evacuate Collection Set: 11.92ms
[36.352s][info][gc,phases   ] GC(40)   Post Evacuate Collection Set: 0.57ms
[36.352s][info][gc,phases   ] GC(40)   Other: 0.08ms
[36.352s][info][gc,heap     ] GC(40) Eden regions: 237->0(236)
[36.352s][info][gc,heap     ] GC(40) Survivor regions: 3->9(30)
[36.352s][info][gc,heap     ] GC(40) Old regions: 136->136
[36.352s][info][gc,heap     ] GC(40) Humongous regions: 35->17
[36.352s][info][gc,metaspace] GC(40) Metaspace: 34219K(34688K)->34219K(34688K) NonClass: 31915K(32192K)->31915K(32192K) Class: 2303K(2496K)->2303K(2496K)
[36.352s][info][gc          ] GC(40) Pause Young (Normal) (G1 Evacuation Pause) 410M->161M(439M) 13.040ms
[36.352s][info][gc,cpu      ] GC(40) User=0.02s Sys=0.00s Real=0.02s
[37.921s][info][gc,start    ] GC(41) Pause Young (Normal) (G1 Evacuation Pause)
[37.921s][info][gc,task     ] GC(41) Using 2 workers of 2 for evacuation
[37.971s][info][gc,phases   ] GC(41)   Pre Evacuate Collection Set: 2.43ms
[37.971s][info][gc,phases   ] GC(41)   Merge Heap Roots: 0.06ms
[37.971s][info][gc,phases   ] GC(41)   Evacuate Collection Set: 47.37ms
[37.971s][info][gc,phases   ] GC(41)   Post Evacuate Collection Set: 0.66ms
[37.971s][info][gc,phases   ] GC(41)   Other: 0.08ms
[37.971s][info][gc,heap     ] GC(41) Eden regions: 236->0(211)
[37.971s][info][gc,heap     ] GC(41) Survivor regions: 9->26(31)
[37.971s][info][gc,heap     ] GC(41) Old regions: 136->136
[37.971s][info][gc,heap     ] GC(41) Humongous regions: 21->17
[37.971s][info][gc,metaspace] GC(41) Metaspace: 34246K(34688K)->34246K(34688K) NonClass: 31942K(32192K)->31942K(32192K) Class: 2303K(2496K)->2303K(2496K)
[37.972s][info][gc          ] GC(41) Pause Young (Normal) (G1 Evacuation Pause) 401M->178M(439M) 50.800ms
[37.972s][info][gc,cpu      ] GC(41) User=0.10s Sys=0.00s Real=0.05s
[39.385s][info][gc,start    ] GC(42) Pause Young (Normal) (G1 Evacuation Pause)
[39.385s][info][gc,task     ] GC(42) Using 2 workers of 2 for evacuation
[39.399s][info][gc,phases   ] GC(42)   Pre Evacuate Collection Set: 0.26ms
[39.399s][info][gc,phases   ] GC(42)   Merge Heap Roots: 0.06ms
[39.399s][info][gc,phases   ] GC(42)   Evacuate Collection Set: 13.30ms
[39.399s][info][gc,phases   ] GC(42)   Post Evacuate Collection Set: 0.45ms
[39.399s][info][gc,phases   ] GC(42)   Other: 0.13ms
[39.399s][info][gc,heap     ] GC(42) Eden regions: 211->0(226)
[39.399s][info][gc,heap     ] GC(42) Survivor regions: 26->10(30)
[39.399s][info][gc,heap     ] GC(42) Old regions: 136->140
[39.399s][info][gc,heap     ] GC(42) Humongous regions: 21->17
[39.399s][info][gc,metaspace] GC(42) Metaspace: 34285K(34752K)->34285K(34752K) NonClass: 31982K(32256K)->31982K(32256K) Class: 2303K(2496K)->2303K(2496K)
[39.399s][info][gc          ] GC(42) Pause Young (Normal) (G1 Evacuation Pause) 393M->166M(439M) 14.354ms
[39.399s][info][gc,cpu      ] GC(42) User=0.03s Sys=0.00s Real=0.01s
[40.994s][info][gc,start    ] GC(43) Pause Young (Normal) (G1 Evacuation Pause)
[40.994s][info][gc,task     ] GC(43) Using 2 workers of 2 for evacuation
[41.004s][info][gc,phases   ] GC(43)   Pre Evacuate Collection Set: 0.29ms
[41.004s][info][gc,phases   ] GC(43)   Merge Heap Roots: 0.08ms
[41.004s][info][gc,phases   ] GC(43)   Evacuate Collection Set: 9.40ms
[41.004s][info][gc,phases   ] GC(43)   Post Evacuate Collection Set: 0.57ms
[41.004s][info][gc,phases   ] GC(43)   Other: 0.07ms
[41.004s][info][gc,heap     ] GC(43) Eden regions: 226->0(231)
[41.004s][info][gc,heap     ] GC(43) Survivor regions: 10->8(30)
[41.004s][info][gc,heap     ] GC(43) Old regions: 140->140
[41.004s][info][gc,heap     ] GC(43) Humongous regions: 29->17
[41.004s][info][gc,metaspace] GC(43) Metaspace: 34298K(34752K)->34298K(34752K) NonClass: 31994K(32256K)->31994K(32256K) Class: 2303K(2496K)->2303K(2496K)
[41.004s][info][gc          ] GC(43) Pause Young (Normal) (G1 Evacuation Pause) 404M->164M(439M) 10.591ms
[41.004s][info][gc,cpu      ] GC(43) User=0.02s Sys=0.00s Real=0.01s
[42.448s][info][gc,start    ] GC(44) Pause Young (Normal) (G1 Evacuation Pause)
[42.448s][info][gc,task     ] GC(44) Using 2 workers of 2 for evacuation
[42.456s][info][gc,phases   ] GC(44)   Pre Evacuate Collection Set: 0.29ms
[42.456s][info][gc,phases   ] GC(44)   Merge Heap Roots: 0.10ms
[42.456s][info][gc,phases   ] GC(44)   Evacuate Collection Set: 6.93ms
[42.456s][info][gc,phases   ] GC(44)   Post Evacuate Collection Set: 0.42ms
[42.456s][info][gc,phases   ] GC(44)   Other: 0.12ms
[42.456s][info][gc,heap     ] GC(44) Eden regions: 231->0(237)
[42.456s][info][gc,heap     ] GC(44) Survivor regions: 8->7(30)
[42.456s][info][gc,heap     ] GC(44) Old regions: 140->140
[42.456s][info][gc,heap     ] GC(44) Humongous regions: 25->17
[42.456s][info][gc,metaspace] GC(44) Metaspace: 34310K(34752K)->34310K(34752K) NonClass: 32006K(32256K)->32006K(32256K) Class: 2303K(2496K)->2303K(2496K)
[42.456s][info][gc          ] GC(44) Pause Young (Normal) (G1 Evacuation Pause) 403M->163M(439M) 8.025ms
[42.456s][info][gc,cpu      ] GC(44) User=0.02s Sys=0.00s Real=0.01s
[43.726s][info][gc,start    ] GC(45) Pause Young (Normal) (G1 Evacuation Pause)
[43.726s][info][gc,task     ] GC(45) Using 2 workers of 2 for evacuation
[43.744s][info][gc,phases   ] GC(45)   Pre Evacuate Collection Set: 0.24ms
[43.744s][info][gc,phases   ] GC(45)   Merge Heap Roots: 0.07ms
[43.744s][info][gc,phases   ] GC(45)   Evacuate Collection Set: 16.93ms
[43.744s][info][gc,phases   ] GC(45)   Post Evacuate Collection Set: 0.59ms
[43.744s][info][gc,phases   ] GC(45)   Other: 0.09ms
[43.744s][info][gc,heap     ] GC(45) Eden regions: 237->0(227)
[43.744s][info][gc,heap     ] GC(45) Survivor regions: 7->16(31)
[43.744s][info][gc,heap     ] GC(45) Old regions: 140->140
[43.744s][info][gc,heap     ] GC(45) Humongous regions: 21->17
[43.744s][info][gc,metaspace] GC(45) Metaspace: 34353K(34816K)->34353K(34816K) NonClass: 32049K(32320K)->32049K(32320K) Class: 2303K(2496K)->2303K(2496K)
[43.744s][info][gc          ] GC(45) Pause Young (Normal) (G1 Evacuation Pause) 404M->171M(439M) 18.090ms
[43.745s][info][gc,cpu      ] GC(45) User=0.04s Sys=0.00s Real=0.02s
[44.645s][info][gc,start    ] GC(46) Pause Young (Normal) (G1 Evacuation Pause)
[44.645s][info][gc,task     ] GC(46) Using 2 workers of 2 for evacuation
[44.689s][info][gc,phases   ] GC(46)   Pre Evacuate Collection Set: 0.20ms
[44.689s][info][gc,phases   ] GC(46)   Merge Heap Roots: 0.07ms
[44.689s][info][gc,phases   ] GC(46)   Evacuate Collection Set: 42.76ms
[44.689s][info][gc,phases   ] GC(46)   Post Evacuate Collection Set: 0.51ms
[44.689s][info][gc,phases   ] GC(46)   Other: 0.10ms
[44.689s][info][gc,heap     ] GC(46) Eden regions: 227->0(186)
[44.689s][info][gc,heap     ] GC(46) Survivor regions: 16->31(31)
[44.689s][info][gc,heap     ] GC(46) Old regions: 140->151
[44.689s][info][gc,heap     ] GC(46) Humongous regions: 23->17
[44.689s][info][gc,metaspace] GC(46) Metaspace: 34374K(34816K)->34374K(34816K) NonClass: 32070K(32320K)->32070K(32320K) Class: 2304K(2496K)->2304K(2496K)
[44.689s][info][gc          ] GC(46) Pause Young (Normal) (G1 Evacuation Pause) 404M->198M(448M) 43.842ms
[44.689s][info][gc,cpu      ] GC(46) User=0.08s Sys=0.00s Real=0.04s
[45.796s][info][gc,start    ] GC(47) Pause Young (Normal) (G1 Evacuation Pause)
[45.796s][info][gc,task     ] GC(47) Using 2 workers of 2 for evacuation
[45.865s][info][gc,phases   ] GC(47)   Pre Evacuate Collection Set: 0.24ms
[45.865s][info][gc,phases   ] GC(47)   Merge Heap Roots: 0.22ms
[45.865s][info][gc,phases   ] GC(47)   Evacuate Collection Set: 68.17ms
[45.865s][info][gc,phases   ] GC(47)   Post Evacuate Collection Set: 0.48ms
[45.865s][info][gc,phases   ] GC(47)   Other: 0.09ms
[45.865s][info][gc,heap     ] GC(47) Eden regions: 186->0(149)
[45.865s][info][gc,heap     ] GC(47) Survivor regions: 31->28(28)
[45.865s][info][gc,heap     ] GC(47) Old regions: 151->186
[45.865s][info][gc,heap     ] GC(47) Humongous regions: 17->17
[45.865s][info][gc,metaspace] GC(47) Metaspace: 34378K(34816K)->34378K(34816K) NonClass: 32074K(32320K)->32074K(32320K) Class: 2304K(2496K)->2304K(2496K)
[45.865s][info][gc          ] GC(47) Pause Young (Normal) (G1 Evacuation Pause) 384M->230M(448M) 69.367ms
[45.865s][info][gc,cpu      ] GC(47) User=0.14s Sys=0.01s Real=0.07s
[46.879s][info][gc,start    ] GC(48) Pause Young (Concurrent Start) (G1 Humongous Allocation)
[46.879s][info][gc,task     ] GC(48) Using 2 workers of 2 for evacuation
[46.952s][info][gc,phases   ] GC(48)   Pre Evacuate Collection Set: 0.23ms
[46.952s][info][gc,phases   ] GC(48)   Merge Heap Roots: 0.25ms
[46.952s][info][gc,phases   ] GC(48)   Evacuate Collection Set: 71.63ms
[46.952s][info][gc,phases   ] GC(48)   Post Evacuate Collection Set: 0.45ms
[46.952s][info][gc,phases   ] GC(48)   Other: 0.08ms
[46.952s][info][gc,heap     ] GC(48) Eden regions: 144->0(117)
[46.952s][info][gc,heap     ] GC(48) Survivor regions: 28->23(23)
[46.952s][info][gc,heap     ] GC(48) Old regions: 186->230
[46.952s][info][gc,heap     ] GC(48) Humongous regions: 17->15
[46.952s][info][gc,metaspace] GC(48) Metaspace: 34381K(34816K)->34381K(34816K) NonClass: 32076K(32320K)->32076K(32320K) Class: 2304K(2496K)->2304K(2496K)
[46.952s][info][gc          ] GC(48) Pause Young (Concurrent Start) (G1 Humongous Allocation) 374M->267M(448M) 72.815ms
[46.952s][info][gc,cpu      ] GC(48) User=0.14s Sys=0.00s Real=0.07s
[46.952s][info][gc          ] GC(49) Concurrent Mark Cycle
[46.952s][info][gc,marking  ] GC(49) Concurrent Scan Root Regions
[47.083s][info][gc,marking  ] GC(49) Concurrent Scan Root Regions 130.620ms
[47.083s][info][gc,marking  ] GC(49) Concurrent Mark
[47.083s][info][gc,marking  ] GC(49) Concurrent Mark From Roots
[47.083s][info][gc,task     ] GC(49) Using 1 workers of 1 for marking
[47.307s][info][gc,marking  ] GC(49) Concurrent Mark From Roots 224.182ms
[47.307s][info][gc,marking  ] GC(49) Concurrent Preclean
[47.307s][info][gc,marking  ] GC(49) Concurrent Preclean 0.039ms
[47.307s][info][gc,start    ] GC(49) Pause Remark
[47.327s][info][gc          ] GC(49) Pause Remark 334M->237M(448M) 20.055ms
[47.327s][info][gc,cpu      ] GC(49) User=0.04s Sys=0.00s Real=0.02s
[47.328s][info][gc,marking  ] GC(49) Concurrent Mark 245.425ms
[47.328s][info][gc,marking  ] GC(49) Concurrent Rebuild Remembered Sets and Scrub Regions
[47.487s][info][gc,marking  ] GC(49) Concurrent Rebuild Remembered Sets and Scrub Regions 158.579ms
[47.487s][info][gc,start    ] GC(49) Pause Cleanup
[47.487s][info][gc          ] GC(49) Pause Cleanup 259M->259M(448M) 0.076ms
[47.487s][info][gc,cpu      ] GC(49) User=0.00s Sys=0.00s Real=0.00s
[47.487s][info][gc,marking  ] GC(49) Concurrent Clear Claimed Marks
[47.487s][info][gc,marking  ] GC(49) Concurrent Clear Claimed Marks 0.039ms
[47.487s][info][gc,marking  ] GC(49) Concurrent Cleanup for Next Mark
[47.493s][info][gc,marking  ] GC(49) Concurrent Cleanup for Next Mark 5.699ms
[47.493s][info][gc          ] GC(49) Concurrent Mark Cycle 540.832ms
[47.649s][info][gc,start    ] GC(50) Pause Young (Prepare Mixed) (G1 Evacuation Pause)
[47.649s][info][gc,task     ] GC(50) Using 2 workers of 2 for evacuation
[47.688s][info][gc,phases   ] GC(50)   Pre Evacuate Collection Set: 0.27ms
[47.689s][info][gc,phases   ] GC(50)   Merge Heap Roots: 0.47ms
[47.689s][info][gc,phases   ] GC(50)   Evacuate Collection Set: 38.62ms
[47.689s][info][gc,phases   ] GC(50)   Post Evacuate Collection Set: 0.38ms
[47.689s][info][gc,phases   ] GC(50)   Other: 0.09ms
[47.689s][info][gc,heap     ] GC(50) Eden regions: 117->0(180)
[47.689s][info][gc,heap     ] GC(50) Survivor regions: 23->13(18)
[47.689s][info][gc,heap     ] GC(50) Old regions: 148->171
[47.689s][info][gc,heap     ] GC(50) Humongous regions: 4->2
[47.689s][info][gc,metaspace] GC(50) Metaspace: 34381K(34816K)->34381K(34816K) NonClass: 32076K(32320K)->32076K(32320K) Class: 2304K(2496K)->2304K(2496K)
[47.689s][info][gc          ] GC(50) Pause Young (Prepare Mixed) (G1 Evacuation Pause) 291M->184M(448M) 40.034ms
[47.689s][info][gc,cpu      ] GC(50) User=0.08s Sys=0.00s Real=0.04s
[48.810s][info][gc,start    ] GC(51) Pause Young (Mixed) (G1 Evacuation Pause)
[48.810s][info][gc,task     ] GC(51) Using 2 workers of 2 for evacuation
[48.827s][info][gc,phases   ] GC(51)   Pre Evacuate Collection Set: 0.21ms
[48.827s][info][gc,phases   ] GC(51)   Merge Heap Roots: 0.12ms
[48.827s][info][gc,phases   ] GC(51)   Evacuate Collection Set: 15.81ms
[48.827s][info][gc,phases   ] GC(51)   Post Evacuate Collection Set: 0.45ms
[48.827s][info][gc,phases   ] GC(51)   Other: 0.09ms
[48.827s][info][gc,heap     ] GC(51) Eden regions: 180->0(198)
[48.827s][info][gc,heap     ] GC(51) Survivor regions: 13->16(25)
[48.827s][info][gc,heap     ] GC(51) Old regions: 171->159
[48.827s][info][gc,heap     ] GC(51) Humongous regions: 12->2
[48.827s][info][gc,metaspace] GC(51) Metaspace: 34757K(35136K)->34757K(35136K) NonClass: 32423K(32640K)->32423K(32640K) Class: 2333K(2496K)->2333K(2496K)
[48.827s][info][gc          ] GC(51) Pause Young (Mixed) (G1 Evacuation Pause) 374M->175M(448M) 16.893ms
[48.827s][info][gc,cpu      ] GC(51) User=0.04s Sys=0.00s Real=0.02s
[49.962s][info][gc,start    ] GC(52) Pause Young (Normal) (G1 Evacuation Pause)
[49.962s][info][gc,task     ] GC(52) Using 2 workers of 2 for evacuation
[49.981s][info][gc,phases   ] GC(52)   Pre Evacuate Collection Set: 0.23ms
[49.981s][info][gc,phases   ] GC(52)   Merge Heap Roots: 0.07ms
[49.981s][info][gc,phases   ] GC(52)   Evacuate Collection Set: 17.97ms
[49.981s][info][gc,phases   ] GC(52)   Post Evacuate Collection Set: 0.44ms
[49.981s][info][gc,phases   ] GC(52)   Other: 0.09ms
[49.981s][info][gc,heap     ] GC(52) Eden regions: 198->0(200)
[49.981s][info][gc,heap     ] GC(52) Survivor regions: 16->13(27)
[49.981s][info][gc,heap     ] GC(52) Old regions: 159->169
[49.981s][info][gc,heap     ] GC(52) Humongous regions: 4->2
[49.981s][info][gc,metaspace] GC(52) Metaspace: 35294K(35712K)->35294K(35712K) NonClass: 32923K(33152K)->32923K(33152K) Class: 2370K(2560K)->2370K(2560K)
[49.981s][info][gc          ] GC(52) Pause Young (Normal) (G1 Evacuation Pause) 375M->183M(448M) 18.982ms
[49.981s][info][gc,cpu      ] GC(52) User=0.03s Sys=0.00s Real=0.02s
[50.634s][info][gc,start    ] GC(53) Pause Young (Concurrent Start) (G1 Humongous Allocation)
[50.634s][info][gc,task     ] GC(53) Using 2 workers of 2 for evacuation
[50.660s][info][gc,phases   ] GC(53)   Pre Evacuate Collection Set: 0.24ms
[50.660s][info][gc,phases   ] GC(53)   Merge Heap Roots: 0.07ms
[50.660s][info][gc,phases   ] GC(53)   Evacuate Collection Set: 24.91ms
[50.660s][info][gc,phases   ] GC(53)   Post Evacuate Collection Set: 0.48ms
[50.660s][info][gc,phases   ] GC(53)   Other: 0.13ms
[50.660s][info][gc,heap     ] GC(53) Eden regions: 169->0(166)
[50.660s][info][gc,heap     ] GC(53) Survivor regions: 13->27(27)
[50.660s][info][gc,heap     ] GC(53) Old regions: 169->183
[50.660s][info][gc,heap     ] GC(53) Humongous regions: 2->2
[50.660s][info][gc,metaspace] GC(53) Metaspace: 35344K(35776K)->35344K(35776K) NonClass: 32974K(33216K)->32974K(33216K) Class: 2370K(2560K)->2370K(2560K)
[50.660s][info][gc          ] GC(53) Pause Young (Concurrent Start) (G1 Humongous Allocation) 351M->211M(448M) 26.015ms
[50.660s][info][gc,cpu      ] GC(53) User=0.05s Sys=0.00s Real=0.02s
[50.660s][info][gc          ] GC(54) Concurrent Mark Cycle
[50.660s][info][gc,marking  ] GC(54) Concurrent Scan Root Regions
[50.695s][info][gc,marking  ] GC(54) Concurrent Scan Root Regions 35.543ms
[50.695s][info][gc,marking  ] GC(54) Concurrent Mark
[50.695s][info][gc,marking  ] GC(54) Concurrent Mark From Roots
[50.695s][info][gc,task     ] GC(54) Using 1 workers of 1 for marking
[50.790s][info][gc,marking  ] GC(54) Concurrent Mark From Roots 95.012ms
[50.791s][info][gc,marking  ] GC(54) Concurrent Preclean
[50.791s][info][gc,marking  ] GC(54) Concurrent Preclean 0.042ms
[50.791s][info][gc,start    ] GC(54) Pause Remark
[50.822s][info][gc          ] GC(54) Pause Remark 226M->199M(448M) 30.827ms
[50.822s][info][gc,cpu      ] GC(54) User=0.05s Sys=0.00s Real=0.03s
[50.822s][info][gc,marking  ] GC(54) Concurrent Mark 126.215ms
[50.822s][info][gc,marking  ] GC(54) Concurrent Rebuild Remembered Sets and Scrub Regions
[50.857s][info][gc,marking  ] GC(54) Concurrent Rebuild Remembered Sets and Scrub Regions 34.834ms
[50.857s][info][gc,start    ] GC(54) Pause Cleanup
[50.857s][info][gc          ] GC(54) Pause Cleanup 201M->201M(448M) 0.087ms
[50.857s][info][gc,cpu      ] GC(54) User=0.00s Sys=0.00s Real=0.00s
[50.859s][info][gc,marking  ] GC(54) Concurrent Clear Claimed Marks
[50.859s][info][gc,marking  ] GC(54) Concurrent Clear Claimed Marks 0.057ms
[50.859s][info][gc,marking  ] GC(54) Concurrent Cleanup for Next Mark
[50.860s][info][gc,marking  ] GC(54) Concurrent Cleanup for Next Mark 1.327ms
[50.860s][info][gc          ] GC(54) Concurrent Mark Cycle 200.587ms
[51.437s][info][gc,start    ] GC(55) Pause Young (Prepare Mixed) (G1 Evacuation Pause)
[51.437s][info][gc,task     ] GC(55) Using 2 workers of 2 for evacuation
[51.507s][info][gc,phases   ] GC(55)   Pre Evacuate Collection Set: 0.26ms
[51.507s][info][gc,phases   ] GC(55)   Merge Heap Roots: 0.27ms
[51.507s][info][gc,phases   ] GC(55)   Evacuate Collection Set: 68.49ms
[51.507s][info][gc,phases   ] GC(55)   Post Evacuate Collection Set: 0.43ms
[51.507s][info][gc,phases   ] GC(55)   Other: 0.08ms
[51.507s][info][gc,heap     ] GC(55) Eden regions: 166->0(142)
[51.507s][info][gc,heap     ] GC(55) Survivor regions: 27->25(25)
[51.507s][info][gc,heap     ] GC(55) Old regions: 156->198
[51.507s][info][gc,heap     ] GC(55) Humongous regions: 4->3
[51.507s][info][gc,metaspace] GC(55) Metaspace: 35409K(35904K)->35409K(35904K) NonClass: 33038K(33344K)->33038K(33344K) Class: 2370K(2560K)->2370K(2560K)
[51.507s][info][gc          ] GC(55) Pause Young (Prepare Mixed) (G1 Evacuation Pause) 352M->225M(448M) 69.746ms
[51.507s][info][gc,cpu      ] GC(55) User=0.14s Sys=0.00s Real=0.07s
[52.074s][info][gc,start    ] GC(56) Pause Young (Mixed) (G1 Evacuation Pause)
[52.074s][info][gc,task     ] GC(56) Using 2 workers of 2 for evacuation
[52.130s][info][gc,phases   ] GC(56)   Pre Evacuate Collection Set: 0.29ms
[52.130s][info][gc,phases   ] GC(56)   Merge Heap Roots: 0.20ms
[52.130s][info][gc,phases   ] GC(56)   Evacuate Collection Set: 54.77ms
[52.130s][info][gc,phases   ] GC(56)   Post Evacuate Collection Set: 0.52ms
[52.130s][info][gc,phases   ] GC(56)   Other: 0.10ms
[52.130s][info][gc,heap     ] GC(56) Eden regions: 142->0(117)
[52.130s][info][gc,heap     ] GC(56) Survivor regions: 25->21(21)
[52.130s][info][gc,heap     ] GC(56) Old regions: 198->202
[52.130s][info][gc,heap     ] GC(56) Humongous regions: 3->3
[52.130s][info][gc,metaspace] GC(56) Metaspace: 35419K(35904K)->35419K(35904K) NonClass: 33048K(33344K)->33048K(33344K) Class: 2370K(2560K)->2370K(2560K)
[52.130s][info][gc          ] GC(56) Pause Young (Mixed) (G1 Evacuation Pause) 367M->225M(448M) 56.089ms
[52.130s][info][gc,cpu      ] GC(56) User=0.11s Sys=0.00s Real=0.05s
[52.569s][info][gc,start    ] GC(57) Pause Young (Mixed) (G1 Evacuation Pause)
[52.569s][info][gc,task     ] GC(57) Using 2 workers of 2 for evacuation
[52.634s][info][gc,phases   ] GC(57)   Pre Evacuate Collection Set: 0.27ms
[52.635s][info][gc,phases   ] GC(57)   Merge Heap Roots: 0.60ms
[52.635s][info][gc,phases   ] GC(57)   Evacuate Collection Set: 64.07ms
[52.635s][info][gc,phases   ] GC(57)   Post Evacuate Collection Set: 0.43ms
[52.635s][info][gc,phases   ] GC(57)   Other: 0.09ms
[52.635s][info][gc,heap     ] GC(57) Eden regions: 117->0(90)
[52.635s][info][gc,heap     ] GC(57) Survivor regions: 21->18(18)
[52.635s][info][gc,heap     ] GC(57) Old regions: 202->230
[52.635s][info][gc,heap     ] GC(57) Humongous regions: 4->4
[52.635s][info][gc,metaspace] GC(57) Metaspace: 35421K(35904K)->35421K(35904K) NonClass: 33050K(33344K)->33050K(33344K) Class: 2370K(2560K)->2370K(2560K)
[52.635s][info][gc          ] GC(57) Pause Young (Mixed) (G1 Evacuation Pause) 343M->251M(448M) 65.697ms
[52.635s][info][gc,cpu      ] GC(57) User=0.13s Sys=0.00s Real=0.07s
[52.950s][info][gc,start    ] GC(58) Pause Young (Concurrent Start) (G1 Evacuation Pause)
[52.950s][info][gc,task     ] GC(58) Using 2 workers of 2 for evacuation
[52.969s][info][gc,phases   ] GC(58)   Pre Evacuate Collection Set: 0.21ms
[52.969s][info][gc,phases   ] GC(58)   Merge Heap Roots: 0.16ms
[52.969s][info][gc,phases   ] GC(58)   Evacuate Collection Set: 17.75ms
[52.969s][info][gc,phases   ] GC(58)   Post Evacuate Collection Set: 1.07ms
[52.969s][info][gc,phases   ] GC(58)   Other: 0.18ms
[52.969s][info][gc,heap     ] GC(58) Eden regions: 90->0(148)
[52.969s][info][gc,heap     ] GC(58) Survivor regions: 18->14(14)
[52.969s][info][gc,heap     ] GC(58) Old regions: 230->240
[52.969s][info][gc,heap     ] GC(58) Humongous regions: 4->4
[52.969s][info][gc,metaspace] GC(58) Metaspace: 35421K(35904K)->35421K(35904K) NonClass: 33051K(33344K)->33051K(33344K) Class: 2370K(2560K)->2370K(2560K)
[52.969s][info][gc          ] GC(58) Pause Young (Concurrent Start) (G1 Evacuation Pause) 341M->257M(532M) 19.554ms
[52.969s][info][gc,cpu      ] GC(58) User=0.04s Sys=0.00s Real=0.02s
[52.969s][info][gc          ] GC(59) Concurrent Mark Cycle
[52.969s][info][gc,marking  ] GC(59) Concurrent Scan Root Regions
[52.987s][info][gc,marking  ] GC(59) Concurrent Scan Root Regions 17.551ms
[52.987s][info][gc,marking  ] GC(59) Concurrent Mark
[52.987s][info][gc,marking  ] GC(59) Concurrent Mark From Roots
[52.987s][info][gc,task     ] GC(59) Using 1 workers of 1 for marking
[53.101s][info][gc,marking  ] GC(59) Concurrent Mark From Roots 113.762ms
[53.101s][info][gc,marking  ] GC(59) Concurrent Preclean
[53.101s][info][gc,marking  ] GC(59) Concurrent Preclean 0.042ms
[53.104s][info][gc,start    ] GC(59) Pause Remark
[53.121s][info][gc          ] GC(59) Pause Remark 281M->184M(532M) 16.401ms
[53.121s][info][gc,cpu      ] GC(59) User=0.04s Sys=0.00s Real=0.01s
[53.121s][info][gc,marking  ] GC(59) Concurrent Mark 133.656ms
[53.121s][info][gc,marking  ] GC(59) Concurrent Rebuild Remembered Sets and Scrub Regions
[53.179s][info][gc,marking  ] GC(59) Concurrent Rebuild Remembered Sets and Scrub Regions 58.308ms
[53.179s][info][gc,start    ] GC(59) Pause Cleanup
[53.179s][info][gc          ] GC(59) Pause Cleanup 190M->190M(532M) 0.077ms
[53.179s][info][gc,cpu      ] GC(59) User=0.00s Sys=0.00s Real=0.00s
[53.179s][info][gc,marking  ] GC(59) Concurrent Clear Claimed Marks
[53.179s][info][gc,marking  ] GC(59) Concurrent Clear Claimed Marks 0.033ms
[53.179s][info][gc,marking  ] GC(59) Concurrent Cleanup for Next Mark
[53.184s][info][gc,marking  ] GC(59) Concurrent Cleanup for Next Mark 5.062ms
[53.184s][info][gc          ] GC(59) Concurrent Mark Cycle 214.945ms
[53.656s][info][gc,start    ] GC(60) Pause Young (Prepare Mixed) (G1 Evacuation Pause)
[53.656s][info][gc,task     ] GC(60) Using 2 workers of 2 for evacuation
[53.698s][info][gc,phases   ] GC(60)   Pre Evacuate Collection Set: 0.24ms
[53.698s][info][gc,phases   ] GC(60)   Merge Heap Roots: 0.18ms
[53.698s][info][gc,phases   ] GC(60)   Evacuate Collection Set: 40.70ms
[53.698s][info][gc,phases   ] GC(60)   Post Evacuate Collection Set: 0.46ms
[53.698s][info][gc,phases   ] GC(60)   Other: 0.08ms
[53.698s][info][gc,heap     ] GC(60) Eden regions: 148->0(167)
[53.698s][info][gc,heap     ] GC(60) Survivor regions: 14->21(21)
[53.698s][info][gc,heap     ] GC(60) Old regions: 145->193
[53.698s][info][gc,heap     ] GC(60) Humongous regions: 3->3
[53.698s][info][gc,metaspace] GC(60) Metaspace: 35430K(35904K)->35430K(35904K) NonClass: 33060K(33344K)->33060K(33344K) Class: 2370K(2560K)->2370K(2560K)
[53.698s][info][gc          ] GC(60) Pause Young (Prepare Mixed) (G1 Evacuation Pause) 309M->216M(532M) 41.899ms
[53.698s][info][gc,cpu      ] GC(60) User=0.08s Sys=0.00s Real=0.04s
[54.289s][info][gc,start    ] GC(61) Pause Young (Mixed) (G1 Evacuation Pause)
[54.289s][info][gc,task     ] GC(61) Using 2 workers of 2 for evacuation
[54.369s][info][gc,phases   ] GC(61)   Pre Evacuate Collection Set: 0.30ms
[54.369s][info][gc,phases   ] GC(61)   Merge Heap Roots: 0.44ms
[54.369s][info][gc,phases   ] GC(61)   Evacuate Collection Set: 78.68ms
[54.369s][info][gc,phases   ] GC(61)   Post Evacuate Collection Set: 0.59ms
[54.369s][info][gc,phases   ] GC(61)   Other: 0.08ms
[54.369s][info][gc,heap     ] GC(61) Eden regions: 167->0(122)
[54.369s][info][gc,heap     ] GC(61) Survivor regions: 21->24(24)
[54.369s][info][gc,heap     ] GC(61) Old regions: 193->229
[54.369s][info][gc,heap     ] GC(61) Humongous regions: 4->4
[54.369s][info][gc,metaspace] GC(61) Metaspace: 35430K(35904K)->35430K(35904K) NonClass: 33060K(33344K)->33060K(33344K) Class: 2370K(2560K)->2370K(2560K)
[54.370s][info][gc          ] GC(61) Pause Young (Mixed) (G1 Evacuation Pause) 384M->256M(532M) 80.309ms
[54.370s][info][gc,cpu      ] GC(61) User=0.16s Sys=0.00s Real=0.08s
[54.802s][info][gc,start    ] GC(62) Pause Young (Mixed) (G1 Evacuation Pause)
[54.802s][info][gc,task     ] GC(62) Using 2 workers of 2 for evacuation
[54.893s][info][gc,phases   ] GC(62)   Pre Evacuate Collection Set: 0.31ms
[54.893s][info][gc,phases   ] GC(62)   Merge Heap Roots: 0.47ms
[54.893s][info][gc,phases   ] GC(62)   Evacuate Collection Set: 89.86ms
[54.893s][info][gc,phases   ] GC(62)   Post Evacuate Collection Set: 0.45ms
[54.893s][info][gc,phases   ] GC(62)   Other: 0.07ms
[54.893s][info][gc,heap     ] GC(62) Eden regions: 122->0(96)
[54.893s][info][gc,heap     ] GC(62) Survivor regions: 24->19(19)
[54.893s][info][gc,heap     ] GC(62) Old regions: 229->285
[54.893s][info][gc,heap     ] GC(62) Humongous regions: 5->5
[54.893s][info][gc,metaspace] GC(62) Metaspace: 35430K(35904K)->35430K(35904K) NonClass: 33060K(33344K)->33060K(33344K) Class: 2370K(2560K)->2370K(2560K)
[54.893s][info][gc          ] GC(62) Pause Young (Mixed) (G1 Evacuation Pause) 379M->308M(532M) 91.408ms
[54.893s][info][gc,cpu      ] GC(62) User=0.19s Sys=0.00s Real=0.10s
[55.091s][info][gc,start    ] GC(63) Pause Young (Concurrent Start) (G1 Humongous Allocation)
[55.091s][info][gc,task     ] GC(63) Using 2 workers of 2 for evacuation
[55.137s][info][gc,phases   ] GC(63)   Pre Evacuate Collection Set: 0.23ms
[55.137s][info][gc,phases   ] GC(63)   Merge Heap Roots: 0.40ms
[55.137s][info][gc,phases   ] GC(63)   Evacuate Collection Set: 44.60ms
[55.137s][info][gc,phases   ] GC(63)   Post Evacuate Collection Set: 0.36ms
[55.137s][info][gc,phases   ] GC(63)   Other: 0.13ms
[55.137s][info][gc,heap     ] GC(63) Eden regions: 61->0(79)
[55.137s][info][gc,heap     ] GC(63) Survivor regions: 19->15(15)
[55.137s][info][gc,heap     ] GC(63) Old regions: 285->323
[55.137s][info][gc,heap     ] GC(63) Humongous regions: 5->5
[55.137s][info][gc,metaspace] GC(63) Metaspace: 35432K(35904K)->35432K(35904K) NonClass: 33061K(33344K)->33061K(33344K) Class: 2370K(2560K)->2370K(2560K)
[55.137s][info][gc          ] GC(63) Pause Young (Concurrent Start) (G1 Humongous Allocation) 369M->342M(532M) 45.942ms
[55.137s][info][gc          ] GC(64) Concurrent Mark Cycle
[55.137s][info][gc,marking  ] GC(64) Concurrent Scan Root Regions
[55.137s][info][gc,cpu      ] GC(63) User=0.10s Sys=0.00s Real=0.05s
[55.175s][info][gc,marking  ] GC(64) Concurrent Scan Root Regions 37.660ms
[55.175s][info][gc,marking  ] GC(64) Concurrent Mark
[55.175s][info][gc,marking  ] GC(64) Concurrent Mark From Roots
[55.175s][info][gc,task     ] GC(64) Using 1 workers of 1 for marking
[55.326s][info][gc,marking  ] GC(64) Concurrent Mark From Roots 150.649ms
[55.326s][info][gc,marking  ] GC(64) Concurrent Preclean
[55.326s][info][gc,marking  ] GC(64) Concurrent Preclean 0.049ms
[55.326s][info][gc,start    ] GC(64) Pause Remark
[55.343s][info][gc          ] GC(64) Pause Remark 374M->270M(532M) 17.727ms
[55.344s][info][gc,cpu      ] GC(64) User=0.04s Sys=0.00s Real=0.02s
[55.344s][info][gc,marking  ] GC(64) Concurrent Mark 168.636ms
[55.344s][info][gc,marking  ] GC(64) Concurrent Rebuild Remembered Sets and Scrub Regions
[55.436s][info][gc,marking  ] GC(64) Concurrent Rebuild Remembered Sets and Scrub Regions 92.497ms
[55.436s][info][gc,start    ] GC(64) Pause Cleanup
[55.436s][info][gc          ] GC(64) Pause Cleanup 289M->289M(532M) 0.095ms
[55.436s][info][gc,cpu      ] GC(64) User=0.00s Sys=0.00s Real=0.00s
[55.436s][info][gc,marking  ] GC(64) Concurrent Clear Claimed Marks
[55.436s][info][gc,marking  ] GC(64) Concurrent Clear Claimed Marks 0.036ms
[55.436s][info][gc,marking  ] GC(64) Concurrent Cleanup for Next Mark
[55.440s][info][gc,marking  ] GC(64) Concurrent Cleanup for Next Mark 3.601ms
[55.440s][info][gc          ] GC(64) Concurrent Mark Cycle 302.843ms
[55.532s][info][gc,start    ] GC(65) Pause Young (Prepare Mixed) (G1 Evacuation Pause)
[55.532s][info][gc,task     ] GC(65) Using 2 workers of 2 for evacuation
[55.547s][info][gc,phases   ] GC(65)   Pre Evacuate Collection Set: 0.22ms
[55.547s][info][gc,phases   ] GC(65)   Merge Heap Roots: 0.11ms
[55.547s][info][gc,phases   ] GC(65)   Evacuate Collection Set: 13.95ms
[55.547s][info][gc,phases   ] GC(65)   Post Evacuate Collection Set: 0.31ms
[55.547s][info][gc,phases   ] GC(65)   Other: 0.08ms
[55.547s][info][gc,heap     ] GC(65) Eden regions: 79->0(124)
[55.547s][info][gc,heap     ] GC(65) Survivor regions: 15->12(12)
[55.547s][info][gc,heap     ] GC(65) Old regions: 221->231
[55.547s][info][gc,heap     ] GC(65) Humongous regions: 4->4
[55.547s][info][gc,metaspace] GC(65) Metaspace: 35432K(35904K)->35432K(35904K) NonClass: 33061K(33344K)->33061K(33344K) Class: 2370K(2560K)->2370K(2560K)
[55.547s][info][gc          ] GC(65) Pause Young (Prepare Mixed) (G1 Evacuation Pause) 318M->246M(532M) 14.918ms
[55.547s][info][gc,cpu      ] GC(65) User=0.03s Sys=0.00s Real=0.02s
[55.991s][info][gc,start    ] GC(66) Pause Young (Mixed) (G1 Evacuation Pause)
[55.991s][info][gc,task     ] GC(66) Using 2 workers of 2 for evacuation
[56.010s][info][gc,phases   ] GC(66)   Pre Evacuate Collection Set: 0.32ms
[56.010s][info][gc,phases   ] GC(66)   Merge Heap Roots: 0.17ms
[56.010s][info][gc,phases   ] GC(66)   Evacuate Collection Set: 17.33ms
[56.010s][info][gc,phases   ] GC(66)   Post Evacuate Collection Set: 0.91ms
[56.010s][info][gc,phases   ] GC(66)   Other: 0.07ms
[56.010s][info][gc,heap     ] GC(66) Eden regions: 124->0(178)
[56.010s][info][gc,heap     ] GC(66) Survivor regions: 12->14(17)
[56.010s][info][gc,heap     ] GC(66) Old regions: 231->188
[56.010s][info][gc,heap     ] GC(66) Humongous regions: 4->4
[56.010s][info][gc,metaspace] GC(66) Metaspace: 35444K(35904K)->35444K(35904K) NonClass: 33072K(33344K)->33072K(33344K) Class: 2372K(2560K)->2372K(2560K)
[56.010s][info][gc          ] GC(66) Pause Young (Mixed) (G1 Evacuation Pause) 370M->205M(590M) 18.981ms
[56.010s][info][gc,cpu      ] GC(66) User=0.04s Sys=0.00s Real=0.02s
[56.727s][info][gc,start    ] GC(67) Pause Young (Mixed) (G1 Evacuation Pause)
[56.727s][info][gc,task     ] GC(67) Using 2 workers of 2 for evacuation
[56.743s][info][gc,phases   ] GC(67)   Pre Evacuate Collection Set: 0.24ms
[56.743s][info][gc,phases   ] GC(67)   Merge Heap Roots: 0.17ms
[56.743s][info][gc,phases   ] GC(67)   Evacuate Collection Set: 14.31ms
[56.743s][info][gc,phases   ] GC(67)   Post Evacuate Collection Set: 0.42ms
[56.743s][info][gc,phases   ] GC(67)   Other: 0.09ms
[56.743s][info][gc,heap     ] GC(67) Eden regions: 178->0(200)
[56.743s][info][gc,heap     ] GC(67) Survivor regions: 14->11(24)
[56.743s][info][gc,heap     ] GC(67) Old regions: 188->180
[56.743s][info][gc,heap     ] GC(67) Humongous regions: 5->4
[56.743s][info][gc,metaspace] GC(67) Metaspace: 35448K(35904K)->35448K(35904K) NonClass: 33076K(33344K)->33076K(33344K) Class: 2372K(2560K)->2372K(2560K)
[56.743s][info][gc          ] GC(67) Pause Young (Mixed) (G1 Evacuation Pause) 384M->194M(590M) 15.438ms
[56.743s][info][gc,cpu      ] GC(67) User=0.03s Sys=0.00s Real=0.02s
[57.436s][info][gc,start    ] GC(68) Pause Young (Normal) (G1 Evacuation Pause)
[57.436s][info][gc,task     ] GC(68) Using 2 workers of 2 for evacuation
[57.450s][info][gc,phases   ] GC(68)   Pre Evacuate Collection Set: 0.31ms
[57.450s][info][gc,phases   ] GC(68)   Merge Heap Roots: 0.05ms
[57.450s][info][gc,phases   ] GC(68)   Evacuate Collection Set: 13.33ms
[57.450s][info][gc,phases   ] GC(68)   Post Evacuate Collection Set: 0.57ms
[57.450s][info][gc,phases   ] GC(68)   Other: 0.10ms
[57.450s][info][gc,heap     ] GC(68) Eden regions: 200->0(215)
[57.450s][info][gc,heap     ] GC(68) Survivor regions: 11->15(27)
[57.450s][info][gc,heap     ] GC(68) Old regions: 180->180
[57.450s][info][gc,heap     ] GC(68) Humongous regions: 6->4
[57.450s][info][gc,metaspace] GC(68) Metaspace: 35457K(35904K)->35457K(35904K) NonClass: 33085K(33344K)->33085K(33344K) Class: 2372K(2560K)->2372K(2560K)
[57.450s][info][gc          ] GC(68) Pause Young (Normal) (G1 Evacuation Pause) 396M->198M(590M) 14.587ms
[57.451s][info][gc,cpu      ] GC(68) User=0.03s Sys=0.00s Real=0.01s
[58.137s][info][gc,start    ] GC(69) Pause Young (Normal) (G1 Evacuation Pause)
[58.137s][info][gc,task     ] GC(69) Using 2 workers of 2 for evacuation
[58.145s][info][gc,phases   ] GC(69)   Pre Evacuate Collection Set: 0.31ms
[58.145s][info][gc,phases   ] GC(69)   Merge Heap Roots: 0.06ms
[58.145s][info][gc,phases   ] GC(69)   Evacuate Collection Set: 6.97ms
[58.145s][info][gc,phases   ] GC(69)   Post Evacuate Collection Set: 0.45ms
[58.145s][info][gc,phases   ] GC(69)   Other: 0.11ms
[58.145s][info][gc,heap     ] GC(69) Eden regions: 215->0(238)
[58.145s][info][gc,heap     ] GC(69) Survivor regions: 15->9(29)
[58.145s][info][gc,heap     ] GC(69) Old regions: 180->180
[58.145s][info][gc,heap     ] GC(69) Humongous regions: 6->4
[58.145s][info][gc,metaspace] GC(69) Metaspace: 35459K(35904K)->35459K(35904K) NonClass: 33087K(33344K)->33087K(33344K) Class: 2372K(2560K)->2372K(2560K)
[58.145s][info][gc          ] GC(69) Pause Young (Normal) (G1 Evacuation Pause) 415M->192M(590M) 8.088ms
[58.145s][info][gc,cpu      ] GC(69) User=0.02s Sys=0.00s Real=0.01s
[58.927s][info][gc,start    ] GC(70) Pause Young (Normal) (G1 Evacuation Pause)
[58.927s][info][gc,task     ] GC(70) Using 2 workers of 2 for evacuation
[58.935s][info][gc,phases   ] GC(70)   Pre Evacuate Collection Set: 0.22ms
[58.935s][info][gc,phases   ] GC(70)   Merge Heap Roots: 0.07ms
[58.935s][info][gc,phases   ] GC(70)   Evacuate Collection Set: 7.68ms
[58.935s][info][gc,phases   ] GC(70)   Post Evacuate Collection Set: 0.45ms
[58.935s][info][gc,phases   ] GC(70)   Other: 0.09ms
[58.935s][info][gc,heap     ] GC(70) Eden regions: 238->0(250)
[58.935s][info][gc,heap     ] GC(70) Survivor regions: 9->12(31)
[58.935s][info][gc,heap     ] GC(70) Old regions: 180->180
[58.935s][info][gc,heap     ] GC(70) Humongous regions: 7->4
[58.935s][info][gc,metaspace] GC(70) Metaspace: 35459K(35904K)->35459K(35904K) NonClass: 33087K(33344K)->33087K(33344K) Class: 2372K(2560K)->2372K(2560K)
[58.935s][info][gc          ] GC(70) Pause Young (Normal) (G1 Evacuation Pause) 433M->195M(590M) 8.682ms
[58.935s][info][gc,cpu      ] GC(70) User=0.02s Sys=0.00s Real=0.01s
[59.678s][info][gc,start    ] GC(71) Pause Young (Normal) (G1 Evacuation Pause)
[59.678s][info][gc,task     ] GC(71) Using 2 workers of 2 for evacuation
[59.693s][info][gc,phases   ] GC(71)   Pre Evacuate Collection Set: 0.24ms
[59.693s][info][gc,phases   ] GC(71)   Merge Heap Roots: 0.54ms
[59.693s][info][gc,phases   ] GC(71)   Evacuate Collection Set: 14.32ms
[59.693s][info][gc,phases   ] GC(71)   Post Evacuate Collection Set: 0.51ms
[59.693s][info][gc,phases   ] GC(71)   Other: 0.08ms
[59.693s][info][gc,heap     ] GC(71) Eden regions: 250->0(251)
[59.693s][info][gc,heap     ] GC(71) Survivor regions: 12->23(33)
[59.693s][info][gc,heap     ] GC(71) Old regions: 180->180
[59.693s][info][gc,heap     ] GC(71) Humongous regions: 6->4
[59.693s][info][gc,metaspace] GC(71) Metaspace: 35511K(35968K)->35511K(35968K) NonClass: 33136K(33408K)->33136K(33408K) Class: 2375K(2560K)->2375K(2560K)
[59.693s][info][gc          ] GC(71) Pause Young (Normal) (G1 Evacuation Pause) 447M->206M(590M) 15.915ms
[59.693s][info][gc,cpu      ] GC(71) User=0.03s Sys=0.00s Real=0.02s
[60.376s][info][gc,start    ] GC(72) Pause Young (Normal) (G1 Evacuation Pause)
[60.376s][info][gc,task     ] GC(72) Using 2 workers of 2 for evacuation
[60.390s][info][gc,phases   ] GC(72)   Pre Evacuate Collection Set: 0.23ms
[60.390s][info][gc,phases   ] GC(72)   Merge Heap Roots: 0.13ms
[60.390s][info][gc,phases   ] GC(72)   Evacuate Collection Set: 13.11ms
[60.390s][info][gc,phases   ] GC(72)   Post Evacuate Collection Set: 0.47ms
[60.390s][info][gc,phases   ] GC(72)   Other: 0.07ms
[60.390s][info][gc,heap     ] GC(72) Eden regions: 251->0(264)
[60.390s][info][gc,heap     ] GC(72) Survivor regions: 23->2(35)
[60.390s][info][gc,heap     ] GC(72) Old regions: 180->202
[60.390s][info][gc,heap     ] GC(72) Humongous regions: 5->4
[60.390s][info][gc,metaspace] GC(72) Metaspace: 35524K(35968K)->35524K(35968K) NonClass: 33148K(33408K)->33148K(33408K) Class: 2375K(2560K)->2375K(2560K)
[60.390s][info][gc          ] GC(72) Pause Young (Normal) (G1 Evacuation Pause) 458M->207M(590M) 14.202ms
[60.390s][info][gc,cpu      ] GC(72) User=0.02s Sys=0.00s Real=0.01s
[60.979s][info][gc,start    ] GC(73) Pause Young (Normal) (G1 Evacuation Pause)
[60.979s][info][gc,task     ] GC(73) Using 2 workers of 2 for evacuation
[60.986s][info][gc,phases   ] GC(73)   Pre Evacuate Collection Set: 0.25ms
[60.986s][info][gc,phases   ] GC(73)   Merge Heap Roots: 0.09ms
[60.986s][info][gc,phases   ] GC(73)   Evacuate Collection Set: 6.11ms
[60.986s][info][gc,phases   ] GC(73)   Post Evacuate Collection Set: 0.72ms
[60.986s][info][gc,phases   ] GC(73)   Other: 0.08ms
[60.986s][info][gc,heap     ] GC(73) Eden regions: 264->0(272)
[60.986s][info][gc,heap     ] GC(73) Survivor regions: 2->6(34)
[60.986s][info][gc,heap     ] GC(73) Old regions: 202->202
[60.986s][info][gc,heap     ] GC(73) Humongous regions: 5->3
[60.986s][info][gc,metaspace] GC(73) Metaspace: 35924K(36352K)->35924K(36352K) NonClass: 33489K(33728K)->33489K(33728K) Class: 2435K(2624K)->2435K(2624K)
[60.986s][info][gc          ] GC(73) Pause Young (Normal) (G1 Evacuation Pause) 472M->210M(590M) 7.449ms
[60.986s][info][gc,cpu      ] GC(73) User=0.01s Sys=0.00s Real=0.01s
[61.616s][info][gc,start    ] GC(74) Pause Young (Normal) (G1 Evacuation Pause)
[61.616s][info][gc,task     ] GC(74) Using 2 workers of 2 for evacuation
[61.623s][info][gc,phases   ] GC(74)   Pre Evacuate Collection Set: 0.32ms
[61.623s][info][gc,phases   ] GC(74)   Merge Heap Roots: 0.08ms
[61.623s][info][gc,phases   ] GC(74)   Evacuate Collection Set: 5.80ms
[61.623s][info][gc,phases   ] GC(74)   Post Evacuate Collection Set: 0.70ms
[61.623s][info][gc,phases   ] GC(74)   Other: 0.11ms
[61.623s][info][gc,heap     ] GC(74) Eden regions: 272->0(281)
[61.623s][info][gc,heap     ] GC(74) Survivor regions: 6->7(35)
[61.623s][info][gc,heap     ] GC(74) Old regions: 202->202
[61.623s][info][gc,heap     ] GC(74) Humongous regions: 5->3
[61.623s][info][gc,metaspace] GC(74) Metaspace: 36454K(36864K)->36454K(36864K) NonClass: 33977K(34240K)->33977K(34240K) Class: 2476K(2624K)->2476K(2624K)
[61.623s][info][gc          ] GC(74) Pause Young (Normal) (G1 Evacuation Pause) 484M->211M(590M) 7.162ms
[61.623s][info][gc,cpu      ] GC(74) User=0.02s Sys=0.00s Real=0.01s
[61.681s][info][gc,start    ] GC(75) Pause Young (Concurrent Start) (G1 Humongous Allocation)
[61.681s][info][gc,task     ] GC(75) Using 2 workers of 2 for evacuation
[61.688s][info][gc,phases   ] GC(75)   Pre Evacuate Collection Set: 0.26ms
[61.688s][info][gc,phases   ] GC(75)   Merge Heap Roots: 0.05ms
[61.688s][info][gc,phases   ] GC(75)   Evacuate Collection Set: 5.77ms
[61.688s][info][gc,phases   ] GC(75)   Post Evacuate Collection Set: 0.30ms
[61.688s][info][gc,phases   ] GC(75)   Other: 0.10ms
[61.688s][info][gc,heap     ] GC(75) Eden regions: 8->0(260)
[61.688s][info][gc,heap     ] GC(75) Survivor regions: 7->8(36)
[61.688s][info][gc,heap     ] GC(75) Old regions: 202->202
[61.688s][info][gc,heap     ] GC(75) Humongous regions: 15->3
[61.688s][info][gc,metaspace] GC(75) Metaspace: 36502K(36864K)->36502K(36864K) NonClass: 34024K(34240K)->34024K(34240K) Class: 2478K(2624K)->2478K(2624K)
[61.688s][info][gc          ] GC(75) Pause Young (Concurrent Start) (G1 Humongous Allocation) 230M->212M(590M) 6.715ms
[61.688s][info][gc,cpu      ] GC(75) User=0.01s Sys=0.00s Real=0.01s
[61.688s][info][gc          ] GC(76) Concurrent Undo Cycle
[61.688s][info][gc,marking  ] GC(76) Concurrent Clear Claimed Marks
[61.688s][info][gc,marking  ] GC(76) Concurrent Clear Claimed Marks 0.034ms
[61.688s][info][gc,marking  ] GC(76) Concurrent Cleanup for Next Mark
[61.692s][info][gc,marking  ] GC(76) Concurrent Cleanup for Next Mark 3.868ms
[61.692s][info][gc          ] GC(76) Concurrent Undo Cycle 4.002ms
[61.740s][info][gc,start    ] GC(77) Pause Young (Concurrent Start) (G1 Humongous Allocation)
[61.740s][info][gc,task     ] GC(77) Using 2 workers of 2 for evacuation
[61.747s][info][gc,phases   ] GC(77)   Pre Evacuate Collection Set: 0.25ms
[61.747s][info][gc,phases   ] GC(77)   Merge Heap Roots: 0.04ms
[61.747s][info][gc,phases   ] GC(77)   Evacuate Collection Set: 5.69ms
[61.747s][info][gc,phases   ] GC(77)   Post Evacuate Collection Set: 0.53ms
[61.747s][info][gc,phases   ] GC(77)   Other: 0.10ms
[61.747s][info][gc,heap     ] GC(77) Eden regions: 5->0(275)
[61.747s][info][gc,heap     ] GC(77) Survivor regions: 8->8(34)
[61.747s][info][gc,heap     ] GC(77) Old regions: 202->202
[61.747s][info][gc,heap     ] GC(77) Humongous regions: 37->3
[61.747s][info][gc,metaspace] GC(77) Metaspace: 36509K(36864K)->36509K(36864K) NonClass: 34031K(34240K)->34031K(34240K) Class: 2478K(2624K)->2478K(2624K)
[61.747s][info][gc          ] GC(77) Pause Young (Concurrent Start) (G1 Humongous Allocation) 251M->212M(590M) 6.783ms
[61.747s][info][gc,cpu      ] GC(77) User=0.01s Sys=0.00s Real=0.01s
[61.747s][info][gc          ] GC(78) Concurrent Undo Cycle
[61.747s][info][gc,marking  ] GC(78) Concurrent Clear Claimed Marks
[61.747s][info][gc,marking  ] GC(78) Concurrent Clear Claimed Marks 0.034ms
[61.747s][info][gc,marking  ] GC(78) Concurrent Cleanup for Next Mark
[61.750s][info][gc,marking  ] GC(78) Concurrent Cleanup for Next Mark 2.922ms
[61.750s][info][gc          ] GC(78) Concurrent Undo Cycle 3.043ms
[61.782s][info][gc,start    ] GC(79) Pause Young (Concurrent Start) (G1 Humongous Allocation)
[61.782s][info][gc,task     ] GC(79) Using 2 workers of 2 for evacuation
[61.792s][info][gc,phases   ] GC(79)   Pre Evacuate Collection Set: 0.32ms
[61.792s][info][gc,phases   ] GC(79)   Merge Heap Roots: 0.06ms
[61.792s][info][gc,phases   ] GC(79)   Evacuate Collection Set: 8.74ms
[61.792s][info][gc,phases   ] GC(79)   Post Evacuate Collection Set: 0.56ms
[61.792s][info][gc,phases   ] GC(79)   Other: 0.10ms
[61.792s][info][gc,heap     ] GC(79) Eden regions: 4->0(289)
[61.792s][info][gc,heap     ] GC(79) Survivor regions: 8->8(36)
[61.792s][info][gc,heap     ] GC(79) Old regions: 202->202
[61.792s][info][gc,heap     ] GC(79) Humongous regions: 25->3
[61.792s][info][gc,metaspace] GC(79) Metaspace: 36512K(36864K)->36512K(36864K) NonClass: 34033K(34240K)->34033K(34240K) Class: 2478K(2624K)->2478K(2624K)
[61.792s][info][gc          ] GC(79) Pause Young (Concurrent Start) (G1 Humongous Allocation) 237M->212M(590M) 9.977ms
[61.792s][info][gc,cpu      ] GC(79) User=0.02s Sys=0.00s Real=0.01s
[61.792s][info][gc          ] GC(80) Concurrent Undo Cycle
[61.792s][info][gc,marking  ] GC(80) Concurrent Clear Claimed Marks
[61.792s][info][gc,marking  ] GC(80) Concurrent Clear Claimed Marks 0.033ms
[61.792s][info][gc,marking  ] GC(80) Concurrent Cleanup for Next Mark
[61.794s][info][gc,marking  ] GC(80) Concurrent Cleanup for Next Mark 2.120ms
[61.794s][info][gc          ] GC(80) Concurrent Undo Cycle 2.228ms
[61.814s][info][gc,start    ] GC(81) Pause Young (Concurrent Start) (G1 Humongous Allocation)
[61.814s][info][gc,task     ] GC(81) Using 2 workers of 2 for evacuation
[61.824s][info][gc,phases   ] GC(81)   Pre Evacuate Collection Set: 0.29ms
[61.824s][info][gc,phases   ] GC(81)   Merge Heap Roots: 0.07ms
[61.824s][info][gc,phases   ] GC(81)   Evacuate Collection Set: 8.48ms
[61.824s][info][gc,phases   ] GC(81)   Post Evacuate Collection Set: 0.47ms
[61.824s][info][gc,phases   ] GC(81)   Other: 0.16ms
[61.824s][info][gc,heap     ] GC(81) Eden regions: 2->0(296)
[61.824s][info][gc,heap     ] GC(81) Survivor regions: 8->8(38)
[61.824s][info][gc,heap     ] GC(81) Old regions: 202->202
[61.824s][info][gc,heap     ] GC(81) Humongous regions: 13->3
[61.824s][info][gc,metaspace] GC(81) Metaspace: 36525K(36928K)->36525K(36928K) NonClass: 34047K(34304K)->34047K(34304K) Class: 2478K(2624K)->2478K(2624K)
[61.824s][info][gc          ] GC(81) Pause Young (Concurrent Start) (G1 Humongous Allocation) 224M->212M(590M) 9.654ms
[61.824s][info][gc          ] GC(82) Concurrent Undo Cycle
[61.824s][info][gc,marking  ] GC(82) Concurrent Clear Claimed Marks
[61.824s][info][gc,marking  ] GC(82) Concurrent Clear Claimed Marks 0.032ms
[61.824s][info][gc,marking  ] GC(82) Concurrent Cleanup for Next Mark
[61.824s][info][gc,cpu      ] GC(81) User=0.01s Sys=0.00s Real=0.01s
[61.824s][info][gc,marking  ] GC(82) Concurrent Cleanup for Next Mark 0.146ms
[61.824s][info][gc          ] GC(82) Concurrent Undo Cycle 0.213ms
[61.833s][info][gc,start    ] GC(83) Pause Young (Concurrent Start) (G1 Humongous Allocation)
[61.833s][info][gc,task     ] GC(83) Using 2 workers of 2 for evacuation
[61.841s][info][gc,phases   ] GC(83)   Pre Evacuate Collection Set: 0.29ms
[61.841s][info][gc,phases   ] GC(83)   Merge Heap Roots: 0.07ms
[61.841s][info][gc,phases   ] GC(83)   Evacuate Collection Set: 6.60ms
[61.841s][info][gc,phases   ] GC(83)   Post Evacuate Collection Set: 1.08ms
[61.841s][info][gc,phases   ] GC(83)   Other: 0.11ms
[61.841s][info][gc,heap     ] GC(83) Eden regions: 1->0(367)
[61.841s][info][gc,heap     ] GC(83) Survivor regions: 8->8(38)
[61.841s][info][gc,heap     ] GC(83) Old regions: 202->202
[61.841s][info][gc,heap     ] GC(83) Humongous regions: 7->3
[61.841s][info][gc,metaspace] GC(83) Metaspace: 36525K(36928K)->36525K(36928K) NonClass: 34047K(34304K)->34047K(34304K) Class: 2478K(2624K)->2478K(2624K)
[61.841s][info][gc          ] GC(83) Pause Young (Concurrent Start) (G1 Humongous Allocation) 217M->212M(668M) 8.309ms
[61.841s][info][gc          ] GC(84) Concurrent Undo Cycle
[61.841s][info][gc,marking  ] GC(84) Concurrent Clear Claimed Marks
[61.841s][info][gc,marking  ] GC(84) Concurrent Clear Claimed Marks 0.031ms
[61.841s][info][gc,marking  ] GC(84) Concurrent Cleanup for Next Mark
[61.841s][info][gc,cpu      ] GC(83) User=0.02s Sys=0.00s Real=0.00s
[61.843s][info][gc,marking  ] GC(84) Concurrent Cleanup for Next Mark 1.926ms
[61.843s][info][gc          ] GC(84) Concurrent Undo Cycle 1.994ms
[61.855s][info][gc,start    ] GC(85) Pause Young (Concurrent Start) (G1 Humongous Allocation)
[61.855s][info][gc,task     ] GC(85) Using 2 workers of 2 for evacuation
[61.863s][info][gc,phases   ] GC(85)   Pre Evacuate Collection Set: 0.28ms
[61.863s][info][gc,phases   ] GC(85)   Merge Heap Roots: 0.05ms
[61.863s][info][gc,phases   ] GC(85)   Evacuate Collection Set: 7.64ms
[61.863s][info][gc,phases   ] GC(85)   Post Evacuate Collection Set: 0.28ms
[61.863s][info][gc,phases   ] GC(85)   Other: 0.14ms
[61.863s][info][gc,heap     ] GC(85) Eden regions: 2->0(380)
[61.863s][info][gc,heap     ] GC(85) Survivor regions: 8->8(47)
[61.863s][info][gc,heap     ] GC(85) Old regions: 202->202
[61.863s][info][gc,heap     ] GC(85) Humongous regions: 11->3
[61.863s][info][gc,metaspace] GC(85) Metaspace: 36525K(36928K)->36525K(36928K) NonClass: 34047K(34304K)->34047K(34304K) Class: 2478K(2624K)->2478K(2624K)
[61.863s][info][gc          ] GC(85) Pause Young (Concurrent Start) (G1 Humongous Allocation) 221M->212M(668M) 8.565ms
[61.863s][info][gc          ] GC(86) Concurrent Undo Cycle
[61.864s][info][gc,marking  ] GC(86) Concurrent Clear Claimed Marks
[61.864s][info][gc,marking  ] GC(86) Concurrent Clear Claimed Marks 0.030ms
[61.864s][info][gc,marking  ] GC(86) Concurrent Cleanup for Next Mark
[61.864s][info][gc,cpu      ] GC(85) User=0.02s Sys=0.01s Real=0.01s
[61.864s][info][gc,marking  ] GC(86) Concurrent Cleanup for Next Mark 0.161ms
[61.864s][info][gc          ] GC(86) Concurrent Undo Cycle 0.229ms
[61.870s][info][gc,start    ] GC(87) Pause Young (Concurrent Start) (G1 Humongous Allocation)
[61.870s][info][gc,task     ] GC(87) Using 2 workers of 2 for evacuation
[61.879s][info][gc,phases   ] GC(87)   Pre Evacuate Collection Set: 0.28ms
[61.879s][info][gc,phases   ] GC(87)   Merge Heap Roots: 0.06ms
[61.879s][info][gc,phases   ] GC(87)   Evacuate Collection Set: 7.67ms
[61.879s][info][gc,phases   ] GC(87)   Post Evacuate Collection Set: 0.45ms
[61.879s][info][gc,phases   ] GC(87)   Other: 0.14ms
[61.879s][info][gc,heap     ] GC(87) Eden regions: 1->0(392)
[61.879s][info][gc,heap     ] GC(87) Survivor regions: 8->8(49)
[61.879s][info][gc,heap     ] GC(87) Old regions: 202->202
[61.879s][info][gc,heap     ] GC(87) Humongous regions: 5->3
[61.879s][info][gc,metaspace] GC(87) Metaspace: 36525K(36928K)->36525K(36928K) NonClass: 34047K(34304K)->34047K(34304K) Class: 2478K(2624K)->2478K(2624K)
[61.879s][info][gc          ] GC(87) Pause Young (Concurrent Start) (G1 Humongous Allocation) 215M->212M(668M) 8.784ms
[61.879s][info][gc          ] GC(88) Concurrent Mark Cycle
[61.879s][info][gc,marking  ] GC(88) Concurrent Scan Root Regions
[61.880s][info][gc,cpu      ] GC(87) User=0.01s Sys=0.00s Real=0.01s
[61.889s][info][gc,marking  ] GC(88) Concurrent Scan Root Regions 10.069ms
[61.889s][info][gc,marking  ] GC(88) Concurrent Mark
[61.889s][info][gc,marking  ] GC(88) Concurrent Mark From Roots
[61.889s][info][gc,task     ] GC(88) Using 1 workers of 1 for marking
[62.032s][info][gc,marking  ] GC(88) Concurrent Mark From Roots 142.944ms
[62.032s][info][gc,marking  ] GC(88) Concurrent Preclean
[62.032s][info][gc,marking  ] GC(88) Concurrent Preclean 0.054ms
[62.034s][info][gc,start    ] GC(88) Pause Remark
[62.047s][info][gc          ] GC(88) Pause Remark 306M->189M(594M) 13.101ms
[62.047s][info][gc,cpu      ] GC(88) User=0.02s Sys=0.00s Real=0.01s
[62.047s][info][gc,marking  ] GC(88) Concurrent Mark 157.732ms
[62.047s][info][gc,marking  ] GC(88) Concurrent Rebuild Remembered Sets and Scrub Regions
[62.100s][info][gc,marking  ] GC(88) Concurrent Rebuild Remembered Sets and Scrub Regions 53.067ms
[62.100s][info][gc,start    ] GC(88) Pause Cleanup
[62.100s][info][gc          ] GC(88) Pause Cleanup 231M->231M(594M) 0.073ms
[62.100s][info][gc,cpu      ] GC(88) User=0.00s Sys=0.00s Real=0.00s
[62.100s][info][gc,marking  ] GC(88) Concurrent Clear Claimed Marks
[62.100s][info][gc,marking  ] GC(88) Concurrent Clear Claimed Marks 0.036ms
[62.100s][info][gc,marking  ] GC(88) Concurrent Cleanup for Next Mark
[62.108s][info][gc,marking  ] GC(88) Concurrent Cleanup for Next Mark 7.662ms
[62.108s][info][gc          ] GC(88) Concurrent Mark Cycle 228.972ms
[63.174s][info][gc,start    ] GC(89) Pause Young (Prepare Mixed) (G1 Evacuation Pause)
[63.174s][info][gc,task     ] GC(89) Using 2 workers of 2 for evacuation
[63.197s][info][gc,phases   ] GC(89)   Pre Evacuate Collection Set: 0.35ms
[63.197s][info][gc,phases   ] GC(89)   Merge Heap Roots: 0.09ms
[63.197s][info][gc,phases   ] GC(89)   Evacuate Collection Set: 20.94ms
[63.197s][info][gc,phases   ] GC(89)   Post Evacuate Collection Set: 1.38ms
[63.197s][info][gc,phases   ] GC(89)   Other: 0.11ms
[63.197s][info][gc,heap     ] GC(89) Eden regions: 100->0(462)
[63.197s][info][gc,heap     ] GC(89) Survivor regions: 8->17(51)
[63.197s][info][gc,heap     ] GC(89) Old regions: 87->87
[63.197s][info][gc,heap     ] GC(89) Humongous regions: 587->3
[63.197s][info][gc,metaspace] GC(89) Metaspace: 38220K(38592K)->38220K(38592K) NonClass: 35635K(35840K)->35635K(35840K) Class: 2585K(2752K)->2585K(2752K)
[63.197s][info][gc          ] GC(89) Pause Young (Prepare Mixed) (G1 Evacuation Pause) 781M->106M(799M) 23.074ms
[63.197s][info][gc,cpu      ] GC(89) User=0.04s Sys=0.00s Real=0.02s
[64.442s][info][gc,start    ] GC(90) Pause Young (Mixed) (G1 Evacuation Pause)
[64.442s][info][gc,task     ] GC(90) Using 2 workers of 2 for evacuation
[64.514s][info][gc,phases   ] GC(90)   Pre Evacuate Collection Set: 1.90ms
[64.514s][info][gc,phases   ] GC(90)   Merge Heap Roots: 0.18ms
[64.514s][info][gc,phases   ] GC(90)   Evacuate Collection Set: 68.09ms
[64.514s][info][gc,phases   ] GC(90)   Post Evacuate Collection Set: 1.48ms
[64.514s][info][gc,phases   ] GC(90)   Other: 0.10ms
[64.514s][info][gc,heap     ] GC(90) Eden regions: 136->0(527)
[64.514s][info][gc,heap     ] GC(90) Survivor regions: 17->38(68)
[64.514s][info][gc,heap     ] GC(90) Old regions: 87->75
[64.514s][info][gc,heap     ] GC(90) Humongous regions: 663->1
[64.514s][info][gc,metaspace] GC(90) Metaspace: 38376K(38784K)->38376K(38784K) NonClass: 35790K(36032K)->35790K(36032K) Class: 2585K(2752K)->2585K(2752K)
[64.514s][info][gc          ] GC(90) Pause Young (Mixed) (G1 Evacuation Pause) 902M->112M(942M) 71.975ms
[64.514s][info][gc,cpu      ] GC(90) User=0.10s Sys=0.02s Real=0.07s
[66.951s][info][gc,start    ] GC(91) Pause Young (Normal) (G1 Evacuation Pause)
[66.951s][info][gc,task     ] GC(91) Using 2 workers of 2 for evacuation
[66.962s][info][gc,phases   ] GC(91)   Pre Evacuate Collection Set: 0.33ms
[66.962s][info][gc,phases   ] GC(91)   Merge Heap Roots: 0.14ms
[66.962s][info][gc,phases   ] GC(91)   Evacuate Collection Set: 9.93ms
[66.962s][info][gc,phases   ] GC(91)   Post Evacuate Collection Set: 0.84ms
[66.962s][info][gc,phases   ] GC(91)   Other: 0.17ms
[66.962s][info][gc,heap     ] GC(91) Eden regions: 527->0(529)
[66.962s][info][gc,heap     ] GC(91) Survivor regions: 38->11(71)
[66.962s][info][gc,heap     ] GC(91) Old regions: 75->75
[66.962s][info][gc,heap     ] GC(91) Humongous regions: 45->1
[66.962s][info][gc,metaspace] GC(91) Metaspace: 39425K(39744K)->39425K(39744K) NonClass: 36747K(36928K)->36747K(36928K) Class: 2677K(2816K)->2677K(2816K)
[66.962s][info][gc          ] GC(91) Pause Young (Normal) (G1 Evacuation Pause) 683M->86M(942M) 11.605ms
[66.963s][info][gc,cpu      ] GC(91) User=0.02s Sys=0.00s Real=0.02s
[68.792s][info][gc,start    ] GC(92) Pause Young (Normal) (G1 Evacuation Pause)
[68.792s][info][gc,task     ] GC(92) Using 2 workers of 2 for evacuation
[68.807s][info][gc,phases   ] GC(92)   Pre Evacuate Collection Set: 0.43ms
[68.807s][info][gc,phases   ] GC(92)   Merge Heap Roots: 0.10ms
[68.807s][info][gc,phases   ] GC(92)   Evacuate Collection Set: 13.48ms
[68.807s][info][gc,phases   ] GC(92)   Post Evacuate Collection Set: 1.14ms
[68.807s][info][gc,phases   ] GC(92)   Other: 0.09ms
[68.807s][info][gc,heap     ] GC(92) Eden regions: 529->0(552)
[68.807s][info][gc,heap     ] GC(92) Survivor regions: 11->13(68)
[68.807s][info][gc,heap     ] GC(92) Old regions: 75->75
[68.807s][info][gc,heap     ] GC(92) Humongous regions: 1->1
[68.807s][info][gc,metaspace] GC(92) Metaspace: 40270K(40704K)->40270K(40704K) NonClass: 37495K(37760K)->37495K(37760K) Class: 2775K(2944K)->2775K(2944K)
[68.807s][info][gc          ] GC(92) Pause Young (Normal) (G1 Evacuation Pause) 615M->88M(942M) 15.464ms
[68.807s][info][gc,cpu      ] GC(92) User=0.03s Sys=0.00s Real=0.01s
[72.152s][info][gc,start    ] GC(93) Pause Young (Normal) (G1 Evacuation Pause)
[72.152s][info][gc,task     ] GC(93) Using 2 workers of 2 for evacuation
[72.166s][info][gc,phases   ] GC(93)   Pre Evacuate Collection Set: 0.31ms
[72.166s][info][gc,phases   ] GC(93)   Merge Heap Roots: 0.28ms
[72.166s][info][gc,phases   ] GC(93)   Evacuate Collection Set: 12.52ms
[72.166s][info][gc,phases   ] GC(93)   Post Evacuate Collection Set: 1.22ms
[72.166s][info][gc,phases   ] GC(93)   Other: 0.17ms
[72.166s][info][gc,heap     ] GC(93) Eden regions: 552->0(554)
[72.166s][info][gc,heap     ] GC(93) Survivor regions: 13->11(71)
[72.166s][info][gc,heap     ] GC(93) Old regions: 75->75
[72.167s][info][gc,heap     ] GC(93) Humongous regions: 11->1
[72.167s][info][gc,metaspace] GC(93) Metaspace: 40852K(41216K)->40852K(41216K) NonClass: 38053K(38272K)->38053K(38272K) Class: 2798K(2944K)->2798K(2944K)
[72.167s][info][gc          ] GC(93) Pause Young (Normal) (G1 Evacuation Pause) 650M->85M(942M) 14.700ms
[72.167s][info][gc,cpu      ] GC(93) User=0.03s Sys=0.00s Real=0.02s
[74.191s][info][gc,start    ] GC(94) Pause Young (Normal) (G1 Evacuation Pause)
[74.191s][info][gc,task     ] GC(94) Using 2 workers of 2 for evacuation
[74.343s][info][gc,phases   ] GC(94)   Pre Evacuate Collection Set: 0.45ms
[74.343s][info][gc,phases   ] GC(94)   Merge Heap Roots: 0.20ms
[74.343s][info][gc,phases   ] GC(94)   Evacuate Collection Set: 149.69ms
[74.343s][info][gc,phases   ] GC(94)   Post Evacuate Collection Set: 1.56ms
[74.344s][info][gc,phases   ] GC(94)   Other: 0.12ms
[74.344s][info][gc,heap     ] GC(94) Eden regions: 554->0(497)
[74.344s][info][gc,heap     ] GC(94) Survivor regions: 11->68(71)
[74.344s][info][gc,heap     ] GC(94) Old regions: 75->75
[74.344s][info][gc,heap     ] GC(94) Humongous regions: 6->6
[74.344s][info][gc,metaspace] GC(94) Metaspace: 40941K(41344K)->40941K(41344K) NonClass: 38140K(38400K)->38140K(38400K) Class: 2801K(2944K)->2801K(2944K)
[74.344s][info][gc          ] GC(94) Pause Young (Normal) (G1 Evacuation Pause) 644M->147M(942M) 152.201ms
[74.344s][info][gc,cpu      ] GC(94) User=0.17s Sys=0.01s Real=0.16s
[78.758s][info][gc,start    ] GC(95) Pause Young (Normal) (G1 Evacuation Pause)
[78.758s][info][gc,task     ] GC(95) Using 2 workers of 2 for evacuation
[78.819s][info][gc,phases   ] GC(95)   Pre Evacuate Collection Set: 0.48ms
[78.819s][info][gc,phases   ] GC(95)   Merge Heap Roots: 0.27ms
[78.819s][info][gc,phases   ] GC(95)   Evacuate Collection Set: 58.95ms
[78.819s][info][gc,phases   ] GC(95)   Post Evacuate Collection Set: 0.83ms
[78.819s][info][gc,phases   ] GC(95)   Other: 0.11ms
[78.819s][info][gc,heap     ] GC(95) Eden regions: 468->0(546)
[78.819s][info][gc,heap     ] GC(95) Survivor regions: 68->19(67)
[78.819s][info][gc,heap     ] GC(95) Old regions: 75->122
[78.819s][info][gc,heap     ] GC(95) Humongous regions: 13->8
[78.819s][info][gc,metaspace] GC(95) Metaspace: 41110K(41472K)->41110K(41472K) NonClass: 38308K(38528K)->38308K(38528K) Class: 2801K(2944K)->2801K(2944K)
[78.819s][info][gc          ] GC(95) Pause Young (Normal) (G1 Evacuation Pause) 622M->147M(942M) 60.856ms
[78.819s][info][gc,cpu      ] GC(95) User=0.11s Sys=0.01s Real=0.06s
[80.124s][info][gc,start    ] GC(96) Pause Young (Normal) (G1 Evacuation Pause)
[80.124s][info][gc,task     ] GC(96) Using 2 workers of 2 for evacuation
[80.212s][info][gc,phases   ] GC(96)   Pre Evacuate Collection Set: 0.30ms
[80.212s][info][gc,phases   ] GC(96)   Merge Heap Roots: 0.22ms
[80.212s][info][gc,phases   ] GC(96)   Evacuate Collection Set: 86.65ms
[80.212s][info][gc,phases   ] GC(96)   Post Evacuate Collection Set: 0.87ms
[80.212s][info][gc,phases   ] GC(96)   Other: 0.09ms
[80.212s][info][gc,heap     ] GC(96) Eden regions: 546->0(494)
[80.212s][info][gc,heap     ] GC(96) Survivor regions: 19->71(71)
[80.212s][info][gc,heap     ] GC(96) Old regions: 122->129
[80.212s][info][gc,heap     ] GC(96) Humongous regions: 13->13
[80.212s][info][gc,metaspace] GC(96) Metaspace: 41151K(41600K)->41151K(41600K) NonClass: 38349K(38656K)->38349K(38656K) Class: 2801K(2944K)->2801K(2944K)
[80.212s][info][gc          ] GC(96) Pause Young (Normal) (G1 Evacuation Pause) 698M->212M(942M) 88.338ms
[80.212s][info][gc,cpu      ] GC(96) User=0.17s Sys=0.00s Real=0.09s
[82.988s][info][gc,start    ] GC(97) Pause Young (Normal) (G1 Evacuation Pause)
[82.988s][info][gc,task     ] GC(97) Using 2 workers of 2 for evacuation
[83.078s][info][gc,phases   ] GC(97)   Pre Evacuate Collection Set: 0.48ms
[83.078s][info][gc,phases   ] GC(97)   Merge Heap Roots: 0.31ms
[83.078s][info][gc,phases   ] GC(97)   Evacuate Collection Set: 88.22ms
[83.078s][info][gc,phases   ] GC(97)   Post Evacuate Collection Set: 0.76ms
[83.078s][info][gc,phases   ] GC(97)   Other: 0.13ms
[83.078s][info][gc,heap     ] GC(97) Eden regions: 494->0(533)
[83.078s][info][gc,heap     ] GC(97) Survivor regions: 71->32(71)
[83.078s][info][gc,heap     ] GC(97) Old regions: 129->185
[83.078s][info][gc,heap     ] GC(97) Humongous regions: 25->23
[83.078s][info][gc,metaspace] GC(97) Metaspace: 41158K(41600K)->41158K(41600K) NonClass: 38356K(38656K)->38356K(38656K) Class: 2801K(2944K)->2801K(2944K)
[83.078s][info][gc          ] GC(97) Pause Young (Normal) (G1 Evacuation Pause) 718M->239M(942M) 90.201ms
[83.078s][info][gc,cpu      ] GC(97) User=0.18s Sys=0.00s Real=0.09s
[86.094s][info][gc,start    ] GC(98) Pause Young (Normal) (G1 Evacuation Pause)
[86.094s][info][gc,task     ] GC(98) Using 2 workers of 2 for evacuation
[86.123s][info][gc,phases   ] GC(98)   Pre Evacuate Collection Set: 0.26ms
[86.123s][info][gc,phases   ] GC(98)   Merge Heap Roots: 0.24ms
[86.123s][info][gc,phases   ] GC(98)   Evacuate Collection Set: 27.38ms
[86.123s][info][gc,phases   ] GC(98)   Post Evacuate Collection Set: 0.74ms
[86.123s][info][gc,phases   ] GC(98)   Other: 0.10ms
[86.123s][info][gc,heap     ] GC(98) Eden regions: 533->0(539)
[86.123s][info][gc,heap     ] GC(98) Survivor regions: 32->26(71)
[86.123s][info][gc,heap     ] GC(98) Old regions: 185->185
[86.123s][info][gc,heap     ] GC(98) Humongous regions: 24->23
[86.123s][info][gc,metaspace] GC(98) Metaspace: 41164K(41600K)->41164K(41600K) NonClass: 38362K(38656K)->38362K(38656K) Class: 2802K(2944K)->2802K(2944K)
[86.123s][info][gc          ] GC(98) Pause Young (Normal) (G1 Evacuation Pause) 773M->233M(942M) 28.916ms
[86.123s][info][gc,cpu      ] GC(98) User=0.06s Sys=0.00s Real=0.03s
[88.038s][info][gc,start    ] GC(99) Pause Young (Normal) (G1 Evacuation Pause)
[88.038s][info][gc,task     ] GC(99) Using 2 workers of 2 for evacuation
[88.113s][info][gc,phases   ] GC(99)   Pre Evacuate Collection Set: 0.27ms
[88.113s][info][gc,phases   ] GC(99)   Merge Heap Roots: 0.25ms
[88.113s][info][gc,phases   ] GC(99)   Evacuate Collection Set: 73.44ms
[88.113s][info][gc,phases   ] GC(99)   Post Evacuate Collection Set: 0.83ms
[88.113s][info][gc,phases   ] GC(99)   Other: 0.10ms
[88.113s][info][gc,heap     ] GC(99) Eden regions: 539->0(500)
[88.113s][info][gc,heap     ] GC(99) Survivor regions: 26->65(71)
[88.113s][info][gc,heap     ] GC(99) Old regions: 185->185
[88.113s][info][gc,heap     ] GC(99) Humongous regions: 28->28
[88.113s][info][gc,metaspace] GC(99) Metaspace: 41169K(41600K)->41169K(41600K) NonClass: 38366K(38656K)->38366K(38656K) Class: 2802K(2944K)->2802K(2944K)
[88.113s][info][gc          ] GC(99) Pause Young (Normal) (G1 Evacuation Pause) 777M->277M(942M) 75.084ms
[88.113s][info][gc,cpu      ] GC(99) User=0.15s Sys=0.00s Real=0.08s
[90.272s][info][gc,start    ] GC(100) Pause Young (Normal) (G1 Evacuation Pause)
[90.272s][info][gc,task     ] GC(100) Using 2 workers of 2 for evacuation
[90.359s][info][gc,phases   ] GC(100)   Pre Evacuate Collection Set: 0.42ms
[90.359s][info][gc,phases   ] GC(100)   Merge Heap Roots: 0.35ms
[90.359s][info][gc,phases   ] GC(100)   Evacuate Collection Set: 84.92ms
[90.359s][info][gc,phases   ] GC(100)   Post Evacuate Collection Set: 0.80ms
[90.359s][info][gc,phases   ] GC(100)   Other: 0.11ms
[90.359s][info][gc,heap     ] GC(100) Eden regions: 500->0(521)
[90.359s][info][gc,heap     ] GC(100) Survivor regions: 65->33(71)
[90.359s][info][gc,heap     ] GC(100) Old regions: 185->237
[90.359s][info][gc,heap     ] GC(100) Humongous regions: 40->38
[90.359s][info][gc,metaspace] GC(100) Metaspace: 41184K(41600K)->41184K(41600K) NonClass: 38382K(38656K)->38382K(38656K) Class: 2802K(2944K)->2802K(2944K)
[90.359s][info][gc          ] GC(100) Pause Young (Normal) (G1 Evacuation Pause) 789M->306M(942M) 86.799ms
[90.359s][info][gc,cpu      ] GC(100) User=0.17s Sys=0.00s Real=0.09s
[92.819s][info][gc,start    ] GC(101) Pause Young (Concurrent Start) (G1 Evacuation Pause)
[92.819s][info][gc,task     ] GC(101) Using 2 workers of 2 for evacuation
[92.861s][info][gc,phases   ] GC(101)   Pre Evacuate Collection Set: 0.29ms
[92.861s][info][gc,phases   ] GC(101)   Merge Heap Roots: 0.20ms
[92.861s][info][gc,phases   ] GC(101)   Evacuate Collection Set: 39.95ms
[92.861s][info][gc,phases   ] GC(101)   Post Evacuate Collection Set: 0.73ms
[92.861s][info][gc,phases   ] GC(101)   Other: 0.10ms
[92.861s][info][gc,heap     ] GC(101) Eden regions: 521->0(523)
[92.861s][info][gc,heap     ] GC(101) Survivor regions: 33->42(70)
[92.861s][info][gc,heap     ] GC(101) Old regions: 237->237
[92.861s][info][gc,heap     ] GC(101) Humongous regions: 38->38
[92.861s][info][gc,metaspace] GC(101) Metaspace: 41190K(41600K)->41190K(41600K) NonClass: 38388K(38656K)->38388K(38656K) Class: 2802K(2944K)->2802K(2944K)
[92.861s][info][gc          ] GC(101) Pause Young (Concurrent Start) (G1 Evacuation Pause) 827M->315M(942M) 41.489ms
[92.861s][info][gc,cpu      ] GC(101) User=0.08s Sys=0.00s Real=0.04s
[92.861s][info][gc          ] GC(102) Concurrent Mark Cycle
[92.863s][info][gc,marking  ] GC(102) Concurrent Scan Root Regions
[92.877s][info][gc,marking  ] GC(102) Concurrent Scan Root Regions 14.284ms
[92.877s][info][gc,marking  ] GC(102) Concurrent Mark
[92.877s][info][gc,marking  ] GC(102) Concurrent Mark From Roots
[92.877s][info][gc,task     ] GC(102) Using 1 workers of 1 for marking
[92.914s][info][gc,marking  ] GC(102) Concurrent Mark From Roots 36.257ms
[92.914s][info][gc,marking  ] GC(102) Concurrent Preclean
[92.914s][info][gc,marking  ] GC(102) Concurrent Preclean 0.072ms
[92.914s][info][gc,start    ] GC(102) Pause Remark
[92.936s][info][gc          ] GC(102) Pause Remark 325M->140M(440M) 22.387ms
[92.936s][info][gc,cpu      ] GC(102) User=0.04s Sys=0.00s Real=0.02s
[92.936s][info][gc,marking  ] GC(102) Concurrent Mark 58.967ms
[92.936s][info][gc,marking  ] GC(102) Concurrent Rebuild Remembered Sets and Scrub Regions
[92.959s][info][gc,marking  ] GC(102) Concurrent Rebuild Remembered Sets and Scrub Regions 23.109ms
[92.960s][info][gc,start    ] GC(102) Pause Cleanup
[92.960s][info][gc          ] GC(102) Pause Cleanup 144M->144M(440M) 0.050ms
[92.960s][info][gc,cpu      ] GC(102) User=0.00s Sys=0.00s Real=0.00s
[92.960s][info][gc,marking  ] GC(102) Concurrent Clear Claimed Marks
[92.960s][info][gc,marking  ] GC(102) Concurrent Clear Claimed Marks 0.031ms
[92.960s][info][gc,marking  ] GC(102) Concurrent Cleanup for Next Mark
[92.961s][info][gc,marking  ] GC(102) Concurrent Cleanup for Next Mark 1.306ms
[92.961s][info][gc          ] GC(102) Concurrent Mark Cycle 100.334ms
[94.101s][info][gc,start    ] GC(103) Pause Young (Prepare Mixed) (G1 Evacuation Pause)
[94.101s][info][gc,task     ] GC(103) Using 2 workers of 2 for evacuation
[94.105s][info][gc,phases   ] GC(103)   Pre Evacuate Collection Set: 0.31ms
[94.105s][info][gc,phases   ] GC(103)   Merge Heap Roots: 0.23ms
[94.105s][info][gc,phases   ] GC(103)   Evacuate Collection Set: 3.52ms
[94.105s][info][gc,phases   ] GC(103)   Post Evacuate Collection Set: 0.49ms
[94.105s][info][gc,phases   ] GC(103)   Other: 0.07ms
[94.105s][info][gc,heap     ] GC(103) Eden regions: 222->0(258)
[94.105s][info][gc,heap     ] GC(103) Survivor regions: 42->6(33)
[94.105s][info][gc,heap     ] GC(103) Old regions: 89->90
[94.105s][info][gc,heap     ] GC(103) Humongous regions: 2->1
[94.105s][info][gc,metaspace] GC(103) Metaspace: 41190K(41600K)->41190K(41600K) NonClass: 38388K(38656K)->38388K(38656K) Class: 2802K(2944K)->2802K(2944K)
[94.105s][info][gc          ] GC(103) Pause Young (Prepare Mixed) (G1 Evacuation Pause) 353M->95M(440M) 4.776ms
[94.105s][info][gc,cpu      ] GC(103) User=0.01s Sys=0.00s Real=0.01s
[95.619s][info][gc,start    ] GC(104) Pause Young (Mixed) (G1 Evacuation Pause)
[95.619s][info][gc,task     ] GC(104) Using 2 workers of 2 for evacuation
[95.632s][info][gc,phases   ] GC(104)   Pre Evacuate Collection Set: 0.24ms
[95.632s][info][gc,phases   ] GC(104)   Merge Heap Roots: 0.09ms
[95.632s][info][gc,phases   ] GC(104)   Evacuate Collection Set: 11.89ms
[95.632s][info][gc,phases   ] GC(104)   Post Evacuate Collection Set: 0.50ms
[95.632s][info][gc,phases   ] GC(104)   Other: 0.12ms
[95.632s][info][gc,heap     ] GC(104) Eden regions: 258->0(251)
[95.632s][info][gc,heap     ] GC(104) Survivor regions: 6->13(33)
[95.632s][info][gc,heap     ] GC(104) Old regions: 90->73
[95.632s][info][gc,heap     ] GC(104) Humongous regions: 5->3
[95.632s][info][gc,metaspace] GC(104) Metaspace: 41216K(41600K)->41216K(41600K) NonClass: 38414K(38656K)->38414K(38656K) Class: 2802K(2944K)->2802K(2944K)
[95.632s][info][gc          ] GC(104) Pause Young (Mixed) (G1 Evacuation Pause) 357M->87M(440M) 13.041ms
[95.632s][info][gc,cpu      ] GC(104) User=0.02s Sys=0.00s Real=0.02s
[97.370s][info][gc,start    ] GC(105) Pause Young (Normal) (G1 Evacuation Pause)
[97.370s][info][gc,task     ] GC(105) Using 2 workers of 2 for evacuation
[97.381s][info][gc,phases   ] GC(105)   Pre Evacuate Collection Set: 0.28ms
[97.381s][info][gc,phases   ] GC(105)   Merge Heap Roots: 0.07ms
[97.381s][info][gc,phases   ] GC(105)   Evacuate Collection Set: 9.96ms
[97.381s][info][gc,phases   ] GC(105)   Post Evacuate Collection Set: 0.49ms
[97.381s][info][gc,phases   ] GC(105)   Other: 0.09ms
[97.381s][info][gc,heap     ] GC(105) Eden regions: 251->0(253)
[97.381s][info][gc,heap     ] GC(105) Survivor regions: 13->11(33)
[97.381s][info][gc,heap     ] GC(105) Old regions: 73->73
[97.381s][info][gc,heap     ] GC(105) Humongous regions: 23->3
[97.381s][info][gc,metaspace] GC(105) Metaspace: 41225K(41600K)->41225K(41600K) NonClass: 38422K(38656K)->38422K(38656K) Class: 2802K(2944K)->2802K(2944K)
[97.381s][info][gc          ] GC(105) Pause Young (Normal) (G1 Evacuation Pause) 358M->85M(440M) 11.069ms
[97.381s][info][gc,cpu      ] GC(105) User=0.01s Sys=0.00s Real=0.01s
[98.792s][info][gc,start    ] GC(106) Pause Young (Normal) (G1 Evacuation Pause)
[98.793s][info][gc,task     ] GC(106) Using 2 workers of 2 for evacuation
[98.822s][info][gc,phases   ] GC(106)   Pre Evacuate Collection Set: 0.26ms
[98.822s][info][gc,phases   ] GC(106)   Merge Heap Roots: 0.07ms
[98.822s][info][gc,phases   ] GC(106)   Evacuate Collection Set: 28.11ms
[98.822s][info][gc,phases   ] GC(106)   Post Evacuate Collection Set: 0.53ms
[98.822s][info][gc,phases   ] GC(106)   Other: 0.07ms
[98.822s][info][gc,heap     ] GC(106) Eden regions: 253->0(234)
[98.822s][info][gc,heap     ] GC(106) Survivor regions: 11->30(33)
[98.822s][info][gc,heap     ] GC(106) Old regions: 73->73
[98.822s][info][gc,heap     ] GC(106) Humongous regions: 11->3
[98.822s][info][gc,metaspace] GC(106) Metaspace: 41236K(41600K)->41236K(41600K) NonClass: 38433K(38656K)->38433K(38656K) Class: 2802K(2944K)->2802K(2944K)
[98.822s][info][gc          ] GC(106) Pause Young (Normal) (G1 Evacuation Pause) 346M->104M(440M) 29.211ms
[98.822s][info][gc,cpu      ] GC(106) User=0.05s Sys=0.00s Real=0.02s
[100.057s][info][gc,start    ] GC(107) Pause Young (Normal) (G1 Evacuation Pause)
[100.057s][info][gc,task     ] GC(107) Using 2 workers of 2 for evacuation
[100.067s][info][gc,phases   ] GC(107)   Pre Evacuate Collection Set: 0.22ms
[100.067s][info][gc,phases   ] GC(107)   Merge Heap Roots: 0.07ms
[100.067s][info][gc,phases   ] GC(107)   Evacuate Collection Set: 9.12ms
[100.067s][info][gc,phases   ] GC(107)   Post Evacuate Collection Set: 0.51ms
[100.067s][info][gc,phases   ] GC(107)   Other: 0.08ms
[100.067s][info][gc,heap     ] GC(107) Eden regions: 234->0(260)
[100.067s][info][gc,heap     ] GC(107) Survivor regions: 30->4(33)
[100.067s][info][gc,heap     ] GC(107) Old regions: 73->82
[100.067s][info][gc,heap     ] GC(107) Humongous regions: 19->3
[100.067s][info][gc,metaspace] GC(107) Metaspace: 41250K(41600K)->41250K(41600K) NonClass: 38448K(38656K)->38448K(38656K) Class: 2802K(2944K)->2802K(2944K)
[100.067s][info][gc          ] GC(107) Pause Young (Normal) (G1 Evacuation Pause) 354M->87M(440M) 10.173ms
[100.067s][info][gc,cpu      ] GC(107) User=0.02s Sys=0.00s Real=0.01s
[101.313s][info][gc,start    ] GC(108) Pause Young (Normal) (G1 Evacuation Pause)
[101.313s][info][gc,task     ] GC(108) Using 2 workers of 2 for evacuation
[101.321s][info][gc,phases   ] GC(108)   Pre Evacuate Collection Set: 0.21ms
[101.321s][info][gc,phases   ] GC(108)   Merge Heap Roots: 0.08ms
[101.321s][info][gc,phases   ] GC(108)   Evacuate Collection Set: 5.68ms
[101.321s][info][gc,phases   ] GC(108)   Post Evacuate Collection Set: 2.13ms
[101.321s][info][gc,phases   ] GC(108)   Other: 0.08ms
[101.321s][info][gc,heap     ] GC(108) Eden regions: 260->0(258)
[101.321s][info][gc,heap     ] GC(108) Survivor regions: 4->6(33)
[101.321s][info][gc,heap     ] GC(108) Old regions: 82->82
[101.321s][info][gc,heap     ] GC(108) Humongous regions: 25->3
[101.321s][info][gc,metaspace] GC(108) Metaspace: 41271K(41664K)->41271K(41664K) NonClass: 38468K(38720K)->38468K(38720K) Class: 2802K(2944K)->2802K(2944K)
[101.321s][info][gc          ] GC(108) Pause Young (Normal) (G1 Evacuation Pause) 369M->89M(440M) 8.393ms
[101.321s][info][gc,cpu      ] GC(108) User=0.02s Sys=0.00s Real=0.00s
[102.384s][info][gc,start    ] GC(109) Pause Young (Normal) (G1 Evacuation Pause)
[102.384s][info][gc,task     ] GC(109) Using 2 workers of 2 for evacuation
[102.410s][info][gc,phases   ] GC(109)   Pre Evacuate Collection Set: 0.29ms
[102.410s][info][gc,phases   ] GC(109)   Merge Heap Roots: 0.07ms
[102.410s][info][gc,phases   ] GC(109)   Evacuate Collection Set: 25.11ms
[102.410s][info][gc,phases   ] GC(109)   Post Evacuate Collection Set: 0.63ms
[102.410s][info][gc,phases   ] GC(109)   Other: 0.09ms
[102.410s][info][gc,heap     ] GC(109) Eden regions: 258->0(239)
[102.410s][info][gc,heap     ] GC(109) Survivor regions: 6->25(33)
[102.410s][info][gc,heap     ] GC(109) Old regions: 82->82
[102.410s][info][gc,heap     ] GC(109) Humongous regions: 3->3
[102.410s][info][gc,metaspace] GC(109) Metaspace: 41283K(41664K)->41283K(41664K) NonClass: 38480K(38720K)->38480K(38720K) Class: 2802K(2944K)->2802K(2944K)
[102.410s][info][gc          ] GC(109) Pause Young (Normal) (G1 Evacuation Pause) 347M->108M(440M) 26.392ms
[102.410s][info][gc,cpu      ] GC(109) User=0.05s Sys=0.00s Real=0.02s
[103.361s][info][gc,start    ] GC(110) Pause Young (Normal) (G1 Evacuation Pause)
[103.362s][info][gc,task     ] GC(110) Using 2 workers of 2 for evacuation
[103.369s][info][gc,phases   ] GC(110)   Pre Evacuate Collection Set: 0.25ms
[103.369s][info][gc,phases   ] GC(110)   Merge Heap Roots: 0.06ms
[103.369s][info][gc,phases   ] GC(110)   Evacuate Collection Set: 6.77ms
[103.369s][info][gc,phases   ] GC(110)   Post Evacuate Collection Set: 0.64ms
[103.369s][info][gc,phases   ] GC(110)   Other: 0.08ms
[103.369s][info][gc,heap     ] GC(110) Eden regions: 239->0(262)
[103.369s][info][gc,heap     ] GC(110) Survivor regions: 25->2(33)
[103.369s][info][gc,heap     ] GC(110) Old regions: 82->86
[103.369s][info][gc,heap     ] GC(110) Humongous regions: 11->3
[103.369s][info][gc,metaspace] GC(110) Metaspace: 41284K(41664K)->41284K(41664K) NonClass: 38482K(38720K)->38482K(38720K) Class: 2802K(2944K)->2802K(2944K)
[103.369s][info][gc          ] GC(110) Pause Young (Normal) (G1 Evacuation Pause) 355M->89M(440M) 7.956ms
[103.369s][info][gc,cpu      ] GC(110) User=0.02s Sys=0.00s Real=0.01s
[104.446s][info][gc,start    ] GC(111) Pause Young (Normal) (G1 Evacuation Pause)
[104.446s][info][gc,task     ] GC(111) Using 2 workers of 2 for evacuation
[104.451s][info][gc,phases   ] GC(111)   Pre Evacuate Collection Set: 0.21ms
[104.451s][info][gc,phases   ] GC(111)   Merge Heap Roots: 0.07ms
[104.451s][info][gc,phases   ] GC(111)   Evacuate Collection Set: 4.08ms
[104.451s][info][gc,phases   ] GC(111)   Post Evacuate Collection Set: 0.48ms
[104.451s][info][gc,phases   ] GC(111)   Other: 0.10ms
[104.451s][info][gc,heap     ] GC(111) Eden regions: 262->0(259)
[104.451s][info][gc,heap     ] GC(111) Survivor regions: 2->5(33)
[104.451s][info][gc,heap     ] GC(111) Old regions: 86->86
[104.451s][info][gc,heap     ] GC(111) Humongous regions: 13->3
[104.451s][info][gc,metaspace] GC(111) Metaspace: 41291K(41664K)->41291K(41664K) NonClass: 38488K(38720K)->38488K(38720K) Class: 2802K(2944K)->2802K(2944K)
[104.451s][info][gc          ] GC(111) Pause Young (Normal) (G1 Evacuation Pause) 361M->91M(440M) 5.103ms
[104.451s][info][gc,cpu      ] GC(111) User=0.01s Sys=0.00s Real=0.00s
[105.399s][info][gc,start    ] GC(112) Pause Young (Normal) (G1 Evacuation Pause)
[105.399s][info][gc,task     ] GC(112) Using 2 workers of 2 for evacuation
[105.414s][info][gc,phases   ] GC(112)   Pre Evacuate Collection Set: 0.29ms
[105.414s][info][gc,phases   ] GC(112)   Merge Heap Roots: 0.10ms
[105.414s][info][gc,phases   ] GC(112)   Evacuate Collection Set: 13.83ms
[105.414s][info][gc,phases   ] GC(112)   Post Evacuate Collection Set: 0.49ms
[105.414s][info][gc,phases   ] GC(112)   Other: 0.09ms
[105.414s][info][gc,heap     ] GC(112) Eden regions: 259->0(250)
[105.414s][info][gc,heap     ] GC(112) Survivor regions: 5->14(33)
[105.414s][info][gc,heap     ] GC(112) Old regions: 86->86
[105.414s][info][gc,heap     ] GC(112) Humongous regions: 11->3
[105.414s][info][gc,metaspace] GC(112) Metaspace: 41295K(41664K)->41295K(41664K) NonClass: 38493K(38720K)->38493K(38720K) Class: 2802K(2944K)->2802K(2944K)
[105.414s][info][gc          ] GC(112) Pause Young (Normal) (G1 Evacuation Pause) 358M->100M(440M) 15.005ms
[105.414s][info][gc,cpu      ] GC(112) User=0.03s Sys=0.00s Real=0.02s
[106.316s][info][gc,start    ] GC(113) Pause Young (Normal) (G1 Evacuation Pause)
[106.317s][info][gc,task     ] GC(113) Using 2 workers of 2 for evacuation
[106.339s][info][gc,phases   ] GC(113)   Pre Evacuate Collection Set: 0.22ms
[106.339s][info][gc,phases   ] GC(113)   Merge Heap Roots: 0.13ms
[106.339s][info][gc,phases   ] GC(113)   Evacuate Collection Set: 21.80ms
[106.339s][info][gc,phases   ] GC(113)   Post Evacuate Collection Set: 0.52ms
[106.339s][info][gc,phases   ] GC(113)   Other: 0.07ms
[106.339s][info][gc,heap     ] GC(113) Eden regions: 250->0(235)
[106.339s][info][gc,heap     ] GC(113) Survivor regions: 14->29(33)
[106.339s][info][gc,heap     ] GC(113) Old regions: 86->86
[106.339s][info][gc,heap     ] GC(113) Humongous regions: 11->3
[106.339s][info][gc,metaspace] GC(113) Metaspace: 41315K(41728K)->41315K(41728K) NonClass: 38512K(38784K)->38512K(38784K) Class: 2802K(2944K)->2802K(2944K)
[106.339s][info][gc          ] GC(113) Pause Young (Normal) (G1 Evacuation Pause) 358M->116M(440M) 22.925ms
[106.339s][info][gc,cpu      ] GC(113) User=0.04s Sys=0.00s Real=0.02s
[107.199s][info][gc,start    ] GC(114) Pause Young (Normal) (G1 Evacuation Pause)
[107.199s][info][gc,task     ] GC(114) Using 2 workers of 2 for evacuation
[107.259s][info][gc,phases   ] GC(114)   Pre Evacuate Collection Set: 0.27ms
[107.259s][info][gc,phases   ] GC(114)   Merge Heap Roots: 0.06ms
[107.259s][info][gc,phases   ] GC(114)   Evacuate Collection Set: 58.80ms
[107.259s][info][gc,phases   ] GC(114)   Post Evacuate Collection Set: 0.61ms
[107.259s][info][gc,phases   ] GC(114)   Other: 0.07ms
[107.259s][info][gc,heap     ] GC(114) Eden regions: 235->0(238)
[107.259s][info][gc,heap     ] GC(114) Survivor regions: 29->26(33)
[107.259s][info][gc,heap     ] GC(114) Old regions: 86->106
[107.259s][info][gc,heap     ] GC(114) Humongous regions: 3->3
[107.259s][info][gc,metaspace] GC(114) Metaspace: 41316K(41728K)->41316K(41728K) NonClass: 38513K(38784K)->38513K(38784K) Class: 2802K(2944K)->2802K(2944K)
[107.259s][info][gc          ] GC(114) Pause Young (Normal) (G1 Evacuation Pause) 351M->133M(440M) 60.005ms
[107.259s][info][gc,cpu      ] GC(114) User=0.11s Sys=0.00s Real=0.06s
[108.300s][info][gc,start    ] GC(115) Pause Young (Normal) (G1 Evacuation Pause)
[108.300s][info][gc,task     ] GC(115) Using 2 workers of 2 for evacuation
[108.396s][info][gc,phases   ] GC(115)   Pre Evacuate Collection Set: 0.22ms
[108.396s][info][gc,phases   ] GC(115)   Merge Heap Roots: 0.20ms
[108.396s][info][gc,phases   ] GC(115)   Evacuate Collection Set: 95.09ms
[108.396s][info][gc,phases   ] GC(115)   Post Evacuate Collection Set: 0.68ms
[108.396s][info][gc,phases   ] GC(115)   Other: 0.08ms
[108.396s][info][gc,heap     ] GC(115) Eden regions: 238->0(184)
[108.396s][info][gc,heap     ] GC(115) Survivor regions: 26->33(33)
[108.396s][info][gc,heap     ] GC(115) Old regions: 106->157
[108.396s][info][gc,heap     ] GC(115) Humongous regions: 5->3
[108.396s][info][gc,metaspace] GC(115) Metaspace: 41337K(41792K)->41337K(41792K) NonClass: 38535K(38848K)->38535K(38848K) Class: 2802K(2944K)->2802K(2944K)
[108.397s][info][gc          ] GC(115) Pause Young (Normal) (G1 Evacuation Pause) 373M->192M(459M) 96.487ms
[108.397s][info][gc,cpu      ] GC(115) User=0.18s Sys=0.01s Real=0.10s
[109.043s][info][gc,start    ] GC(116) Pause Young (Concurrent Start) (G1 Evacuation Pause)
[109.043s][info][gc,task     ] GC(116) Using 2 workers of 2 for evacuation
[109.089s][info][gc,phases   ] GC(116)   Pre Evacuate Collection Set: 0.23ms
[109.089s][info][gc,phases   ] GC(116)   Merge Heap Roots: 0.29ms
[109.089s][info][gc,phases   ] GC(116)   Evacuate Collection Set: 44.69ms
[109.089s][info][gc,phases   ] GC(116)   Post Evacuate Collection Set: 0.46ms
[109.089s][info][gc,phases   ] GC(116)   Other: 0.13ms
[109.089s][info][gc,heap     ] GC(116) Eden regions: 184->0(187)
[109.089s][info][gc,heap     ] GC(116) Survivor regions: 33->10(28)
[109.089s][info][gc,heap     ] GC(116) Old regions: 157->188
[109.089s][info][gc,heap     ] GC(116) Humongous regions: 13->3
[109.089s][info][gc,metaspace] GC(116) Metaspace: 41338K(41792K)->41338K(41792K) NonClass: 38535K(38848K)->38535K(38848K) Class: 2802K(2944K)->2802K(2944K)
[109.089s][info][gc          ] GC(116) Pause Young (Concurrent Start) (G1 Evacuation Pause) 386M->200M(459M) 45.964ms
[109.089s][info][gc,cpu      ] GC(116) User=0.09s Sys=0.00s Real=0.04s
[109.089s][info][gc          ] GC(117) Concurrent Mark Cycle
[109.091s][info][gc,marking  ] GC(117) Concurrent Scan Root Regions
[109.136s][info][gc,marking  ] GC(117) Concurrent Scan Root Regions 45.317ms
[109.136s][info][gc,marking  ] GC(117) Concurrent Mark
[109.136s][info][gc,marking  ] GC(117) Concurrent Mark From Roots
[109.136s][info][gc,task     ] GC(117) Using 1 workers of 1 for marking
[109.329s][info][gc,marking  ] GC(117) Concurrent Mark From Roots 192.241ms
[109.329s][info][gc,marking  ] GC(117) Concurrent Preclean
[109.329s][info][gc,marking  ] GC(117) Concurrent Preclean 0.041ms
[109.329s][info][gc,start    ] GC(117) Pause Remark
[109.353s][info][gc          ] GC(117) Pause Remark 278M->278M(459M) 23.404ms
[109.353s][info][gc,cpu      ] GC(117) User=0.04s Sys=0.00s Real=0.03s
[109.353s][info][gc,marking  ] GC(117) Concurrent Mark 216.360ms
[109.353s][info][gc,marking  ] GC(117) Concurrent Rebuild Remembered Sets and Scrub Regions
[109.530s][info][gc,marking  ] GC(117) Concurrent Rebuild Remembered Sets and Scrub Regions 176.911ms
[109.530s][info][gc,start    ] GC(117) Pause Cleanup
[109.530s][info][gc          ] GC(117) Pause Cleanup 310M->310M(459M) 0.119ms
[109.530s][info][gc,cpu      ] GC(117) User=0.00s Sys=0.00s Real=0.00s
[109.532s][info][gc,marking  ] GC(117) Concurrent Clear Claimed Marks
[109.532s][info][gc,marking  ] GC(117) Concurrent Clear Claimed Marks 0.056ms
[109.532s][info][gc,marking  ] GC(117) Concurrent Cleanup for Next Mark
[109.536s][info][gc,marking  ] GC(117) Concurrent Cleanup for Next Mark 4.315ms
[109.536s][info][gc          ] GC(117) Concurrent Mark Cycle 447.517ms
[109.869s][info][gc,start    ] GC(118) Pause Young (Prepare Mixed) (G1 Evacuation Pause)
[109.869s][info][gc,task     ] GC(118) Using 2 workers of 2 for evacuation
[109.887s][info][gc,phases   ] GC(118)   Pre Evacuate Collection Set: 0.28ms
[109.887s][info][gc,phases   ] GC(118)   Merge Heap Roots: 0.14ms
[109.887s][info][gc,phases   ] GC(118)   Evacuate Collection Set: 16.90ms
[109.887s][info][gc,phases   ] GC(118)   Post Evacuate Collection Set: 0.46ms
[109.887s][info][gc,phases   ] GC(118)   Other: 0.07ms
[109.887s][info][gc,heap     ] GC(118) Eden regions: 187->0(180)
[109.887s][info][gc,heap     ] GC(118) Survivor regions: 10->22(25)
[109.887s][info][gc,heap     ] GC(118) Old regions: 188->188
[109.887s][info][gc,heap     ] GC(118) Humongous regions: 6->3
[109.887s][info][gc,metaspace] GC(118) Metaspace: 41365K(41792K)->41365K(41792K) NonClass: 38563K(38848K)->38563K(38848K) Class: 2802K(2944K)->2802K(2944K)
[109.887s][info][gc          ] GC(118) Pause Young (Prepare Mixed) (G1 Evacuation Pause) 390M->211M(459M) 18.032ms
[109.887s][info][gc,cpu      ] GC(118) User=0.04s Sys=0.00s Real=0.02s
[110.558s][info][gc,start    ] GC(119) Pause Young (Mixed) (G1 Evacuation Pause)
[110.558s][info][gc,task     ] GC(119) Using 2 workers of 2 for evacuation
[110.597s][info][gc,phases   ] GC(119)   Pre Evacuate Collection Set: 0.27ms
[110.597s][info][gc,phases   ] GC(119)   Merge Heap Roots: 0.26ms
[110.597s][info][gc,phases   ] GC(119)   Evacuate Collection Set: 37.26ms
[110.597s][info][gc,phases   ] GC(119)   Post Evacuate Collection Set: 0.82ms
[110.597s][info][gc,phases   ] GC(119)   Other: 0.08ms
[110.597s][info][gc,heap     ] GC(119) Eden regions: 180->0(202)
[110.597s][info][gc,heap     ] GC(119) Survivor regions: 22->20(26)
[110.597s][info][gc,heap     ] GC(119) Old regions: 188->159
[110.597s][info][gc,heap     ] GC(119) Humongous regions: 4->3
[110.597s][info][gc,metaspace] GC(119) Metaspace: 41365K(41792K)->41365K(41792K) NonClass: 38563K(38848K)->38563K(38848K) Class: 2802K(2944K)->2802K(2944K)
[110.597s][info][gc          ] GC(119) Pause Young (Mixed) (G1 Evacuation Pause) 392M->181M(459M) 38.890ms
[110.597s][info][gc,cpu      ] GC(119) User=0.08s Sys=0.00s Real=0.04s
[111.250s][info][gc,start    ] GC(120) Pause Young (Mixed) (G1 Evacuation Pause)
[111.250s][info][gc,task     ] GC(120) Using 2 workers of 2 for evacuation
[111.280s][info][gc,phases   ] GC(120)   Pre Evacuate Collection Set: 0.25ms
[111.280s][info][gc,phases   ] GC(120)   Merge Heap Roots: 0.44ms
[111.280s][info][gc,phases   ] GC(120)   Evacuate Collection Set: 28.39ms
[111.280s][info][gc,phases   ] GC(120)   Post Evacuate Collection Set: 0.56ms
[111.280s][info][gc,phases   ] GC(120)   Other: 0.07ms
[111.280s][info][gc,heap     ] GC(120) Eden regions: 202->0(219)
[111.280s][info][gc,heap     ] GC(120) Survivor regions: 20->17(28)
[111.280s][info][gc,heap     ] GC(120) Old regions: 159->143
[111.280s][info][gc,heap     ] GC(120) Humongous regions: 5->3
[111.280s][info][gc,metaspace] GC(120) Metaspace: 41366K(41792K)->41366K(41792K) NonClass: 38564K(38848K)->38564K(38848K) Class: 2802K(2944K)->2802K(2944K)
[111.280s][info][gc          ] GC(120) Pause Young (Mixed) (G1 Evacuation Pause) 385M->162M(459M) 29.898ms
[111.280s][info][gc,cpu      ] GC(120) User=0.05s Sys=0.00s Real=0.03s
[112.106s][info][gc,start    ] GC(121) Pause Young (Normal) (G1 Evacuation Pause)
[112.106s][info][gc,task     ] GC(121) Using 2 workers of 2 for evacuation
[112.113s][info][gc,phases   ] GC(121)   Pre Evacuate Collection Set: 0.20ms
[112.113s][info][gc,phases   ] GC(121)   Merge Heap Roots: 0.06ms
[112.113s][info][gc,phases   ] GC(121)   Evacuate Collection Set: 5.84ms
[112.113s][info][gc,phases   ] GC(121)   Post Evacuate Collection Set: 0.44ms
[112.113s][info][gc,phases   ] GC(121)   Other: 0.07ms
[112.113s][info][gc,heap     ] GC(121) Eden regions: 219->0(234)
[112.113s][info][gc,heap     ] GC(121) Survivor regions: 17->9(30)
[112.113s][info][gc,heap     ] GC(121) Old regions: 143->144
[112.113s][info][gc,heap     ] GC(121) Humongous regions: 4->3
[112.113s][info][gc,metaspace] GC(121) Metaspace: 41366K(41792K)->41366K(41792K) NonClass: 38564K(38848K)->38564K(38848K) Class: 2802K(2944K)->2802K(2944K)
[112.113s][info][gc          ] GC(121) Pause Young (Normal) (G1 Evacuation Pause) 382M->154M(459M) 6.790ms
[112.113s][info][gc,cpu      ] GC(121) User=0.01s Sys=0.00s Real=0.01s
[112.845s][info][gc,start    ] GC(122) Pause Young (Normal) (G1 Evacuation Pause)
[112.845s][info][gc,task     ] GC(122) Using 2 workers of 2 for evacuation
[112.884s][info][gc,phases   ] GC(122)   Pre Evacuate Collection Set: 0.29ms
[112.884s][info][gc,phases   ] GC(122)   Merge Heap Roots: 0.09ms
[112.884s][info][gc,phases   ] GC(122)   Evacuate Collection Set: 37.36ms
[112.884s][info][gc,phases   ] GC(122)   Post Evacuate Collection Set: 0.56ms
[112.884s][info][gc,phases   ] GC(122)   Other: 0.08ms
[112.884s][info][gc,heap     ] GC(122) Eden regions: 234->0(148)
[112.884s][info][gc,heap     ] GC(122) Survivor regions: 9->31(31)
[112.884s][info][gc,heap     ] GC(122) Old regions: 144->177
[112.884s][info][gc,heap     ] GC(122) Humongous regions: 4->4
[112.884s][info][gc,metaspace] GC(122) Metaspace: 41367K(41792K)->41367K(41792K) NonClass: 38565K(38848K)->38565K(38848K) Class: 2802K(2944K)->2802K(2944K)
[112.884s][info][gc          ] GC(122) Pause Young (Normal) (G1 Evacuation Pause) 389M->211M(459M) 38.653ms
[112.884s][info][gc,cpu      ] GC(122) User=0.07s Sys=0.00s Real=0.04s
[113.395s][info][gc,start    ] GC(123) Pause Young (Concurrent Start) (G1 Evacuation Pause)
[113.395s][info][gc,task     ] GC(123) Using 2 workers of 2 for evacuation
[113.484s][info][gc,phases   ] GC(123)   Pre Evacuate Collection Set: 0.93ms
[113.484s][info][gc,phases   ] GC(123)   Merge Heap Roots: 0.31ms
[113.484s][info][gc,phases   ] GC(123)   Evacuate Collection Set: 86.40ms
[113.484s][info][gc,phases   ] GC(123)   Post Evacuate Collection Set: 0.52ms
[113.484s][info][gc,phases   ] GC(123)   Other: 0.13ms
[113.484s][info][gc,heap     ] GC(123) Eden regions: 148->0(81)
[113.484s][info][gc,heap     ] GC(123) Survivor regions: 31->23(23)
[113.484s][info][gc,heap     ] GC(123) Old regions: 177->260
[113.484s][info][gc,heap     ] GC(123) Humongous regions: 5->5
[113.484s][info][gc,metaspace] GC(123) Metaspace: 41367K(41792K)->41367K(41792K) NonClass: 38565K(38848K)->38565K(38848K) Class: 2802K(2944K)->2802K(2944K)
[113.484s][info][gc          ] GC(123) Pause Young (Concurrent Start) (G1 Evacuation Pause) 360M->287M(467M) 88.489ms
[113.484s][info][gc          ] GC(124) Concurrent Mark Cycle
[113.484s][info][gc,marking  ] GC(124) Concurrent Scan Root Regions
[113.484s][info][gc,cpu      ] GC(123) User=0.16s Sys=0.01s Real=0.09s
[113.525s][info][gc,marking  ] GC(124) Concurrent Scan Root Regions 41.782ms
[113.526s][info][gc,marking  ] GC(124) Concurrent Mark
[113.526s][info][gc,marking  ] GC(124) Concurrent Mark From Roots
[113.526s][info][gc,task     ] GC(124) Using 1 workers of 1 for marking
[113.630s][info][gc,marking  ] GC(124) Concurrent Mark From Roots 103.976ms
[113.630s][info][gc,marking  ] GC(124) Concurrent Preclean
[113.630s][info][gc,marking  ] GC(124) Concurrent Preclean 0.042ms
[113.630s][info][gc,start    ] GC(124) Pause Remark
[113.645s][info][gc          ] GC(124) Pause Remark 322M->286M(467M) 14.982ms
[113.645s][info][gc,cpu      ] GC(124) User=0.03s Sys=0.00s Real=0.02s
[113.645s][info][gc,marking  ] GC(124) Concurrent Mark 119.271ms
[113.645s][info][gc,marking  ] GC(124) Concurrent Rebuild Remembered Sets and Scrub Regions
[113.737s][info][gc,marking  ] GC(124) Concurrent Rebuild Remembered Sets and Scrub Regions 91.782ms
[113.737s][info][gc,start    ] GC(124) Pause Cleanup
[113.737s][info][gc          ] GC(124) Pause Cleanup 313M->313M(467M) 0.072ms
[113.737s][info][gc,cpu      ] GC(124) User=0.00s Sys=0.00s Real=0.00s
[113.739s][info][gc,marking  ] GC(124) Concurrent Clear Claimed Marks
[113.739s][info][gc,marking  ] GC(124) Concurrent Clear Claimed Marks 0.058ms
[113.739s][info][gc,marking  ] GC(124) Concurrent Cleanup for Next Mark
[113.741s][info][gc,marking  ] GC(124) Concurrent Cleanup for Next Mark 1.495ms
[113.741s][info][gc          ] GC(124) Concurrent Mark Cycle 256.925ms
[113.790s][info][gc,start    ] GC(125) Pause Young (Prepare Mixed) (G1 Evacuation Pause)
[113.790s][info][gc,task     ] GC(125) Using 2 workers of 2 for evacuation
[113.850s][info][gc,phases   ] GC(125)   Pre Evacuate Collection Set: 0.19ms
[113.850s][info][gc,phases   ] GC(125)   Merge Heap Roots: 0.51ms
[113.850s][info][gc,phases   ] GC(125)   Evacuate Collection Set: 59.26ms
[113.850s][info][gc,phases   ] GC(125)   Post Evacuate Collection Set: 0.44ms
[113.850s][info][gc,phases   ] GC(125)   Other: 0.07ms
[113.850s][info][gc,heap     ] GC(125) Eden regions: 81->0(65)
[113.850s][info][gc,heap     ] GC(125) Survivor regions: 23->13(13)
[113.850s][info][gc,heap     ] GC(125) Old regions: 224->291
[113.850s][info][gc,heap     ] GC(125) Humongous regions: 5->5
[113.850s][info][gc,metaspace] GC(125) Metaspace: 41367K(41792K)->41367K(41792K) NonClass: 38565K(38848K)->38565K(38848K) Class: 2802K(2944K)->2802K(2944K)
[113.850s][info][gc          ] GC(125) Pause Young (Prepare Mixed) (G1 Evacuation Pause) 332M->308M(467M) 60.652ms
[113.850s][info][gc,cpu      ] GC(125) User=0.12s Sys=0.00s Real=0.06s
[114.089s][info][gc,start    ] GC(126) Pause Young (Mixed) (G1 Evacuation Pause)
[114.089s][info][gc,task     ] GC(126) Using 2 workers of 2 for evacuation
[114.129s][info][gc,phases   ] GC(126)   Pre Evacuate Collection Set: 0.22ms
[114.129s][info][gc,phases   ] GC(126)   Merge Heap Roots: 0.30ms
[114.129s][info][gc,phases   ] GC(126)   Evacuate Collection Set: 38.78ms
[114.129s][info][gc,phases   ] GC(126)   Post Evacuate Collection Set: 0.47ms
[114.129s][info][gc,phases   ] GC(126)   Other: 0.07ms
[114.129s][info][gc,heap     ] GC(126) Eden regions: 65->0(69)
[114.129s][info][gc,heap     ] GC(126) Survivor regions: 13->10(10)
[114.129s][info][gc,heap     ] GC(126) Old regions: 291->284
[114.129s][info][gc,heap     ] GC(126) Humongous regions: 6->6
[114.129s][info][gc,metaspace] GC(126) Metaspace: 41368K(41792K)->41368K(41792K) NonClass: 38565K(38848K)->38565K(38848K) Class: 2802K(2944K)->2802K(2944K)
[114.129s][info][gc          ] GC(126) Pause Young (Mixed) (G1 Evacuation Pause) 374M->299M(467M) 40.056ms
[114.129s][info][gc,cpu      ] GC(126) User=0.07s Sys=0.00s Real=0.04s
[114.359s][info][gc,start    ] GC(127) Pause Young (Mixed) (G1 Evacuation Pause)
[114.360s][info][gc,task     ] GC(127) Using 2 workers of 2 for evacuation
[114.404s][info][gc,phases   ] GC(127)   Pre Evacuate Collection Set: 0.29ms
[114.404s][info][gc,phases   ] GC(127)   Merge Heap Roots: 0.39ms
[114.404s][info][gc,phases   ] GC(127)   Evacuate Collection Set: 43.35ms
[114.404s][info][gc,phases   ] GC(127)   Post Evacuate Collection Set: 0.48ms
[114.404s][info][gc,phases   ] GC(127)   Other: 0.08ms
[114.404s][info][gc,heap     ] GC(127) Eden regions: 69->0(57)
[114.404s][info][gc,heap     ] GC(127) Survivor regions: 10->10(10)
[114.404s][info][gc,heap     ] GC(127) Old regions: 284->313
[114.404s][info][gc,heap     ] GC(127) Humongous regions: 6->6
[114.404s][info][gc,metaspace] GC(127) Metaspace: 41368K(41792K)->41368K(41792K) NonClass: 38565K(38848K)->38565K(38848K) Class: 2802K(2944K)->2802K(2944K)
[114.404s][info][gc          ] GC(127) Pause Young (Mixed) (G1 Evacuation Pause) 368M->329M(467M) 44.781ms
[114.404s][info][gc,cpu      ] GC(127) User=0.09s Sys=0.00s Real=0.05s
[114.474s][info][gc,start    ] GC(128) Pause Young (Concurrent Start) (G1 Humongous Allocation)
[114.475s][info][gc,task     ] GC(128) Using 2 workers of 2 for evacuation
[114.496s][info][gc,phases   ] GC(128)   Pre Evacuate Collection Set: 0.22ms
[114.496s][info][gc,phases   ] GC(128)   Merge Heap Roots: 0.21ms
[114.496s][info][gc,phases   ] GC(128)   Evacuate Collection Set: 20.46ms
[114.496s][info][gc,phases   ] GC(128)   Post Evacuate Collection Set: 0.51ms
[114.496s][info][gc,phases   ] GC(128)   Other: 0.09ms
[114.496s][info][gc,heap     ] GC(128) Eden regions: 23->0(55)
[114.496s][info][gc,heap     ] GC(128) Survivor regions: 10->9(9)
[114.496s][info][gc,heap     ] GC(128) Old regions: 313->330
[114.496s][info][gc,heap     ] GC(128) Humongous regions: 6->6
[114.496s][info][gc,metaspace] GC(128) Metaspace: 41368K(41792K)->41368K(41792K) NonClass: 38565K(38848K)->38565K(38848K) Class: 2802K(2944K)->2802K(2944K)
[114.496s][info][gc          ] GC(128) Pause Young (Concurrent Start) (G1 Humongous Allocation) 351M->344M(488M) 21.680ms
[114.496s][info][gc,cpu      ] GC(128) User=0.04s Sys=0.00s Real=0.02s
[114.496s][info][gc          ] GC(129) Concurrent Mark Cycle
[114.496s][info][gc,marking  ] GC(129) Concurrent Scan Root Regions
[114.507s][info][gc,marking  ] GC(129) Concurrent Scan Root Regions 11.061ms
[114.507s][info][gc,marking  ] GC(129) Concurrent Mark
[114.507s][info][gc,marking  ] GC(129) Concurrent Mark From Roots
[114.507s][info][gc,task     ] GC(129) Using 1 workers of 1 for marking
[114.692s][info][gc,marking  ] GC(129) Concurrent Mark From Roots 184.687ms
[114.692s][info][gc,marking  ] GC(129) Concurrent Preclean
[114.692s][info][gc,marking  ] GC(129) Concurrent Preclean 0.045ms
[114.692s][info][gc,start    ] GC(129) Pause Remark
[114.706s][info][gc          ] GC(129) Pause Remark 391M->308M(488M) 13.310ms
[114.706s][info][gc,cpu      ] GC(129) User=0.02s Sys=0.00s Real=0.01s
[114.708s][info][gc,marking  ] GC(129) Concurrent Mark 200.656ms
[114.708s][info][gc,marking  ] GC(129) Concurrent Rebuild Remembered Sets and Scrub Regions
[114.741s][info][gc,start    ] GC(130) Pause Young (Normal) (G1 Evacuation Pause)
[114.741s][info][gc,task     ] GC(130) Using 2 workers of 2 for evacuation
[114.754s][info][gc,phases   ] GC(130)   Pre Evacuate Collection Set: 0.25ms
[114.754s][info][gc,phases   ] GC(130)   Merge Heap Roots: 0.15ms
[114.754s][info][gc,phases   ] GC(130)   Evacuate Collection Set: 11.70ms
[114.754s][info][gc,phases   ] GC(130)   Post Evacuate Collection Set: 0.33ms
[114.754s][info][gc,phases   ] GC(130)   Other: 0.12ms
[114.754s][info][gc,heap     ] GC(130) Eden regions: 55->0(90)
[114.754s][info][gc,heap     ] GC(130) Survivor regions: 9->8(8)
[114.754s][info][gc,heap     ] GC(130) Old regions: 249->257
[114.754s][info][gc,heap     ] GC(130) Humongous regions: 5->5
[114.754s][info][gc,metaspace] GC(130) Metaspace: 41368K(41792K)->41368K(41792K) NonClass: 38565K(38848K)->38565K(38848K) Class: 2802K(2944K)->2802K(2944K)
[114.754s][info][gc          ] GC(130) Pause Young (Normal) (G1 Evacuation Pause) 317M->269M(488M) 12.710ms
[114.754s][info][gc,cpu      ] GC(130) User=0.03s Sys=0.00s Real=0.02s
[114.795s][info][gc,marking  ] GC(129) Concurrent Rebuild Remembered Sets and Scrub Regions 86.596ms
[114.795s][info][gc,start    ] GC(129) Pause Cleanup
[114.795s][info][gc          ] GC(129) Pause Cleanup 282M->282M(488M) 0.083ms
[114.795s][info][gc,cpu      ] GC(129) User=0.00s Sys=0.00s Real=0.00s
[114.795s][info][gc,marking  ] GC(129) Concurrent Clear Claimed Marks
[114.795s][info][gc,marking  ] GC(129) Concurrent Clear Claimed Marks 0.037ms
[114.795s][info][gc,marking  ] GC(129) Concurrent Cleanup for Next Mark
[114.797s][info][gc,marking  ] GC(129) Concurrent Cleanup for Next Mark 1.663ms
[114.797s][info][gc          ] GC(129) Concurrent Mark Cycle 300.336ms
[115.044s][info][gc,start    ] GC(131) Pause Young (Prepare Mixed) (G1 Evacuation Pause)
[115.044s][info][gc,task     ] GC(131) Using 2 workers of 2 for evacuation
[115.059s][info][gc,phases   ] GC(131)   Pre Evacuate Collection Set: 0.21ms
[115.059s][info][gc,phases   ] GC(131)   Merge Heap Roots: 0.14ms
[115.059s][info][gc,phases   ] GC(131)   Evacuate Collection Set: 14.17ms
[115.059s][info][gc,phases   ] GC(131)   Post Evacuate Collection Set: 0.37ms
[115.059s][info][gc,phases   ] GC(131)   Other: 0.09ms
[115.059s][info][gc,heap     ] GC(131) Eden regions: 90->0(93)
[115.059s][info][gc,heap     ] GC(131) Survivor regions: 8->13(13)
[115.059s][info][gc,heap     ] GC(131) Old regions: 257->264
[115.059s][info][gc,heap     ] GC(131) Humongous regions: 5->5
[115.059s][info][gc,metaspace] GC(131) Metaspace: 41368K(41792K)->41368K(41792K) NonClass: 38565K(38848K)->38565K(38848K) Class: 2802K(2944K)->2802K(2944K)
[115.059s][info][gc          ] GC(131) Pause Young (Prepare Mixed) (G1 Evacuation Pause) 359M->281M(488M) 15.164ms
[115.059s][info][gc,cpu      ] GC(131) User=0.02s Sys=0.00s Real=0.01s
[115.358s][info][gc,start    ] GC(132) Pause Young (Mixed) (G1 Evacuation Pause)
[115.358s][info][gc,task     ] GC(132) Using 2 workers of 2 for evacuation
[115.367s][info][gc,phases   ] GC(132)   Pre Evacuate Collection Set: 0.25ms
[115.367s][info][gc,phases   ] GC(132)   Merge Heap Roots: 0.12ms
[115.367s][info][gc,phases   ] GC(132)   Evacuate Collection Set: 8.68ms
[115.367s][info][gc,phases   ] GC(132)   Post Evacuate Collection Set: 0.45ms
[115.367s][info][gc,phases   ] GC(132)   Other: 0.07ms
[115.367s][info][gc,heap     ] GC(132) Eden regions: 93->0(128)
[115.367s][info][gc,heap     ] GC(132) Survivor regions: 13->4(14)
[115.367s][info][gc,heap     ] GC(132) Old regions: 264->221
[115.367s][info][gc,heap     ] GC(132) Humongous regions: 5->5
[115.367s][info][gc,metaspace] GC(132) Metaspace: 41368K(41792K)->41368K(41792K) NonClass: 38565K(38848K)->38565K(38848K) Class: 2802K(2944K)->2802K(2944K)
[115.367s][info][gc          ] GC(132) Pause Young (Mixed) (G1 Evacuation Pause) 374M->229M(488M) 9.753ms
[115.367s][info][gc,cpu      ] GC(132) User=0.02s Sys=0.00s Real=0.01s
[115.860s][info][gc,start    ] GC(133) Pause Young (Mixed) (G1 Evacuation Pause)
[115.861s][info][gc,task     ] GC(133) Using 2 workers of 2 for evacuation
[115.878s][info][gc,phases   ] GC(133)   Pre Evacuate Collection Set: 0.33ms
[115.878s][info][gc,phases   ] GC(133)   Merge Heap Roots: 0.49ms
[115.878s][info][gc,phases   ] GC(133)   Evacuate Collection Set: 15.91ms
[115.878s][info][gc,phases   ] GC(133)   Post Evacuate Collection Set: 0.43ms
[115.878s][info][gc,phases   ] GC(133)   Other: 0.07ms
[115.878s][info][gc,heap     ] GC(133) Eden regions: 128->0(162)
[115.878s][info][gc,heap     ] GC(133) Survivor regions: 4->5(17)
[115.878s][info][gc,heap     ] GC(133) Old regions: 221->178
[115.878s][info][gc,heap     ] GC(133) Humongous regions: 6->5
[115.878s][info][gc,metaspace] GC(133) Metaspace: 41369K(41792K)->41369K(41792K) NonClass: 38567K(38848K)->38567K(38848K) Class: 2802K(2944K)->2802K(2944K)
[115.878s][info][gc          ] GC(133) Pause Young (Mixed) (G1 Evacuation Pause) 358M->188M(488M) 17.405ms
[115.878s][info][gc,cpu      ] GC(133) User=0.03s Sys=0.00s Real=0.02s
[116.422s][info][gc,start    ] GC(134) Pause Young (Normal) (G1 Evacuation Pause)
[116.422s][info][gc,task     ] GC(134) Using 2 workers of 2 for evacuation
[116.432s][info][gc,phases   ] GC(134)   Pre Evacuate Collection Set: 0.27ms
[116.432s][info][gc,phases   ] GC(134)   Merge Heap Roots: 0.10ms
[116.432s][info][gc,phases   ] GC(134)   Evacuate Collection Set: 9.57ms
[116.432s][info][gc,phases   ] GC(134)   Post Evacuate Collection Set: 0.58ms
[116.432s][info][gc,phases   ] GC(134)   Other: 0.07ms
[116.432s][info][gc,heap     ] GC(134) Eden regions: 162->0(172)
[116.432s][info][gc,heap     ] GC(134) Survivor regions: 5->11(21)
[116.432s][info][gc,heap     ] GC(134) Old regions: 178->178
[116.432s][info][gc,heap     ] GC(134) Humongous regions: 6->5
[116.432s][info][gc,metaspace] GC(134) Metaspace: 41376K(41792K)->41376K(41792K) NonClass: 38574K(38848K)->38574K(38848K) Class: 2802K(2944K)->2802K(2944K)
[116.432s][info][gc          ] GC(134) Pause Young (Normal) (G1 Evacuation Pause) 351M->194M(488M) 10.782ms
[116.432s][info][gc,cpu      ] GC(134) User=0.02s Sys=0.00s Real=0.02s
[116.510s][info][gc,start    ] GC(135) Pause Young (Concurrent Start) (G1 Humongous Allocation)
[116.510s][info][gc,task     ] GC(135) Using 2 workers of 2 for evacuation
[116.518s][info][gc,phases   ] GC(135)   Pre Evacuate Collection Set: 0.32ms
[116.518s][info][gc,phases   ] GC(135)   Merge Heap Roots: 0.06ms
[116.518s][info][gc,phases   ] GC(135)   Evacuate Collection Set: 7.27ms
[116.518s][info][gc,phases   ] GC(135)   Post Evacuate Collection Set: 0.35ms
[116.518s][info][gc,phases   ] GC(135)   Other: 0.14ms
[116.518s][info][gc,heap     ] GC(135) Eden regions: 26->0(186)
[116.518s][info][gc,heap     ] GC(135) Survivor regions: 11->11(23)
[116.518s][info][gc,heap     ] GC(135) Old regions: 178->178
[116.518s][info][gc,heap     ] GC(135) Humongous regions: 5->5
[116.518s][info][gc,metaspace] GC(135) Metaspace: 41376K(41792K)->41376K(41792K) NonClass: 38574K(38848K)->38574K(38848K) Class: 2802K(2944K)->2802K(2944K)
[116.518s][info][gc          ] GC(135) Pause Young (Concurrent Start) (G1 Humongous Allocation) 219M->193M(488M) 8.327ms
[116.518s][info][gc,cpu      ] GC(135) User=0.01s Sys=0.00s Real=0.01s
[116.518s][info][gc          ] GC(136) Concurrent Mark Cycle
[116.518s][info][gc,marking  ] GC(136) Concurrent Scan Root Regions
[116.524s][info][gc,marking  ] GC(136) Concurrent Scan Root Regions 5.442ms
[116.524s][info][gc,marking  ] GC(136) Concurrent Mark
[116.524s][info][gc,marking  ] GC(136) Concurrent Mark From Roots
[116.524s][info][gc,task     ] GC(136) Using 1 workers of 1 for marking
[116.606s][info][gc,marking  ] GC(136) Concurrent Mark From Roots 81.712ms
[116.606s][info][gc,marking  ] GC(136) Concurrent Preclean
[116.606s][info][gc,marking  ] GC(136) Concurrent Preclean 0.044ms
[116.606s][info][gc,start    ] GC(136) Pause Remark
[116.619s][info][gc          ] GC(136) Pause Remark 219M->140M(387M) 13.155ms
[116.619s][info][gc,cpu      ] GC(136) User=0.03s Sys=0.00s Real=0.01s
[116.619s][info][gc,marking  ] GC(136) Concurrent Mark 95.188ms
[116.619s][info][gc,marking  ] GC(136) Concurrent Rebuild Remembered Sets and Scrub Regions
[116.650s][info][gc,marking  ] GC(136) Concurrent Rebuild Remembered Sets and Scrub Regions 31.117ms
[116.650s][info][gc,start    ] GC(136) Pause Cleanup
[116.650s][info][gc          ] GC(136) Pause Cleanup 149M->149M(387M) 0.052ms
[116.650s][info][gc,cpu      ] GC(136) User=0.00s Sys=0.00s Real=0.00s
[116.651s][info][gc,marking  ] GC(136) Concurrent Clear Claimed Marks
[116.651s][info][gc,marking  ] GC(136) Concurrent Clear Claimed Marks 0.037ms
[116.651s][info][gc,marking  ] GC(136) Concurrent Cleanup for Next Mark
[116.652s][info][gc,marking  ] GC(136) Concurrent Cleanup for Next Mark 1.132ms
[116.652s][info][gc          ] GC(136) Concurrent Mark Cycle 133.303ms
[117.145s][info][gc,start    ] GC(137) Pause Young (Prepare Mixed) (G1 Evacuation Pause)
[117.145s][info][gc,task     ] GC(137) Using 2 workers of 2 for evacuation
[117.170s][info][gc,phases   ] GC(137)   Pre Evacuate Collection Set: 0.18ms
[117.170s][info][gc,phases   ] GC(137)   Merge Heap Roots: 0.09ms
[117.170s][info][gc,phases   ] GC(137)   Evacuate Collection Set: 23.99ms
[117.170s][info][gc,phases   ] GC(137)   Post Evacuate Collection Set: 0.51ms
[117.170s][info][gc,phases   ] GC(137)   Other: 0.08ms
[117.170s][info][gc,heap     ] GC(137) Eden regions: 186->0(155)
[117.170s][info][gc,heap     ] GC(137) Survivor regions: 11->25(25)
[117.170s][info][gc,heap     ] GC(137) Old regions: 101->110
[117.170s][info][gc,heap     ] GC(137) Humongous regions: 6->4
[117.170s][info][gc,metaspace] GC(137) Metaspace: 41376K(41792K)->41376K(41792K) NonClass: 38574K(38848K)->38574K(38848K) Class: 2802K(2944K)->2802K(2944K)
[117.170s][info][gc          ] GC(137) Pause Young (Prepare Mixed) (G1 Evacuation Pause) 303M->138M(387M) 25.074ms
[117.170s][info][gc,cpu      ] GC(137) User=0.05s Sys=0.00s Real=0.02s
[117.669s][info][gc,start    ] GC(138) Pause Young (Mixed) (G1 Evacuation Pause)
[117.669s][info][gc,task     ] GC(138) Using 2 workers of 2 for evacuation
[117.707s][info][gc,phases   ] GC(138)   Pre Evacuate Collection Set: 0.20ms
[117.707s][info][gc,phases   ] GC(138)   Merge Heap Roots: 0.14ms
[117.707s][info][gc,phases   ] GC(138)   Evacuate Collection Set: 36.69ms
[117.707s][info][gc,phases   ] GC(138)   Post Evacuate Collection Set: 0.47ms
[117.707s][info][gc,phases   ] GC(138)   Other: 0.08ms
[117.707s][info][gc,heap     ] GC(138) Eden regions: 155->0(141)
[117.707s][info][gc,heap     ] GC(138) Survivor regions: 25->23(23)
[117.707s][info][gc,heap     ] GC(138) Old regions: 110->123
[117.707s][info][gc,heap     ] GC(138) Humongous regions: 5->4
[117.707s][info][gc,metaspace] GC(138) Metaspace: 41377K(41792K)->41377K(41792K) NonClass: 38574K(38848K)->38574K(38848K) Class: 2802K(2944K)->2802K(2944K)
[117.707s][info][gc          ] GC(138) Pause Young (Mixed) (G1 Evacuation Pause) 294M->150M(387M) 37.805ms
[117.707s][info][gc,cpu      ] GC(138) User=0.08s Sys=0.00s Real=0.04s
[117.797s][info][gc,start    ] GC(139) Pause Young (Concurrent Start) (G1 Humongous Allocation)
[117.797s][info][gc,task     ] GC(139) Using 2 workers of 2 for evacuation
[117.817s][info][gc,phases   ] GC(139)   Pre Evacuate Collection Set: 0.20ms
[117.817s][info][gc,phases   ] GC(139)   Merge Heap Roots: 0.12ms
[117.817s][info][gc,phases   ] GC(139)   Evacuate Collection Set: 18.41ms
[117.817s][info][gc,phases   ] GC(139)   Post Evacuate Collection Set: 0.35ms
[117.817s][info][gc,phases   ] GC(139)   Other: 0.10ms
[117.817s][info][gc,heap     ] GC(139) Eden regions: 30->0(127)
[117.817s][info][gc,heap     ] GC(139) Survivor regions: 23->7(21)
[117.817s][info][gc,heap     ] GC(139) Old regions: 123->141
[117.817s][info][gc,heap     ] GC(139) Humongous regions: 4->4
[117.817s][info][gc,metaspace] GC(139) Metaspace: 41379K(41792K)->41379K(41792K) NonClass: 38577K(38848K)->38577K(38848K) Class: 2802K(2944K)->2802K(2944K)
[117.817s][info][gc          ] GC(139) Pause Young (Concurrent Start) (G1 Humongous Allocation) 179M->152M(387M) 19.377ms
[117.817s][info][gc          ] GC(140) Concurrent Mark Cycle
[117.817s][info][gc,marking  ] GC(140) Concurrent Scan Root Regions
[117.819s][info][gc,cpu      ] GC(139) User=0.03s Sys=0.00s Real=0.02s
[117.827s][info][gc,marking  ] GC(140) Concurrent Scan Root Regions 9.837ms
[117.827s][info][gc,marking  ] GC(140) Concurrent Mark
[117.827s][info][gc,marking  ] GC(140) Concurrent Mark From Roots
[117.827s][info][gc,task     ] GC(140) Using 1 workers of 1 for marking
[117.960s][info][gc,marking  ] GC(140) Concurrent Mark From Roots 133.330ms
[117.960s][info][gc,marking  ] GC(140) Concurrent Preclean
[117.960s][info][gc,marking  ] GC(140) Concurrent Preclean 0.046ms
[117.960s][info][gc,start    ] GC(140) Pause Remark
[117.976s][info][gc          ] GC(140) Pause Remark 191M->164M(387M) 15.916ms
[117.976s][info][gc,cpu      ] GC(140) User=0.02s Sys=0.00s Real=0.02s
[117.978s][info][gc,marking  ] GC(140) Concurrent Mark 151.387ms
[117.978s][info][gc,marking  ] GC(140) Concurrent Rebuild Remembered Sets and Scrub Regions
[118.028s][info][gc,marking  ] GC(140) Concurrent Rebuild Remembered Sets and Scrub Regions 49.990ms
[118.028s][info][gc,start    ] GC(140) Pause Cleanup
[118.028s][info][gc          ] GC(140) Pause Cleanup 180M->180M(387M) 0.054ms
[118.028s][info][gc,cpu      ] GC(140) User=0.00s Sys=0.00s Real=0.00s
[118.028s][info][gc,marking  ] GC(140) Concurrent Clear Claimed Marks
[118.028s][info][gc,marking  ] GC(140) Concurrent Clear Claimed Marks 0.036ms
[118.028s][info][gc,marking  ] GC(140) Concurrent Cleanup for Next Mark
[118.029s][info][gc,marking  ] GC(140) Concurrent Cleanup for Next Mark 1.132ms
[118.029s][info][gc          ] GC(140) Concurrent Mark Cycle 212.717ms
[118.259s][info][gc,start    ] GC(141) Pause Young (Prepare Mixed) (G1 Evacuation Pause)
[118.259s][info][gc,task     ] GC(141) Using 2 workers of 2 for evacuation
[118.292s][info][gc,phases   ] GC(141)   Pre Evacuate Collection Set: 0.26ms
[118.292s][info][gc,phases   ] GC(141)   Merge Heap Roots: 0.33ms
[118.292s][info][gc,phases   ] GC(141)   Evacuate Collection Set: 31.90ms
[118.292s][info][gc,phases   ] GC(141)   Post Evacuate Collection Set: 0.46ms
[118.292s][info][gc,phases   ] GC(141)   Other: 0.09ms
[118.292s][info][gc,heap     ] GC(141) Eden regions: 127->0(120)
[118.292s][info][gc,heap     ] GC(141) Survivor regions: 7->17(17)
[118.292s][info][gc,heap     ] GC(141) Old regions: 115->141
[118.292s][info][gc,heap     ] GC(141) Humongous regions: 5->5
[118.292s][info][gc,metaspace] GC(141) Metaspace: 41379K(41792K)->41379K(41792K) NonClass: 38577K(38848K)->38577K(38848K) Class: 2802K(2944K)->2802K(2944K)
[118.292s][info][gc          ] GC(141) Pause Young (Prepare Mixed) (G1 Evacuation Pause) 254M->162M(387M) 33.230ms
[118.292s][info][gc,cpu      ] GC(141) User=0.07s Sys=0.00s Real=0.04s
[118.622s][info][gc,start    ] GC(142) Pause Young (Mixed) (G1 Evacuation Pause)
[118.622s][info][gc,task     ] GC(142) Using 2 workers of 2 for evacuation
[118.662s][info][gc,phases   ] GC(142)   Pre Evacuate Collection Set: 0.27ms
[118.662s][info][gc,phases   ] GC(142)   Merge Heap Roots: 0.37ms
[118.662s][info][gc,phases   ] GC(142)   Evacuate Collection Set: 38.74ms
[118.662s][info][gc,phases   ] GC(142)   Post Evacuate Collection Set: 0.44ms
[118.662s][info][gc,phases   ] GC(142)   Other: 0.09ms
[118.662s][info][gc,heap     ] GC(142) Eden regions: 120->0(127)
[118.662s][info][gc,heap     ] GC(142) Survivor regions: 17->18(18)
[118.662s][info][gc,heap     ] GC(142) Old regions: 141->136
[118.662s][info][gc,heap     ] GC(142) Humongous regions: 7->5
[118.662s][info][gc,metaspace] GC(142) Metaspace: 41379K(41792K)->41379K(41792K) NonClass: 38577K(38848K)->38577K(38848K) Class: 2802K(2944K)->2802K(2944K)
[118.662s][info][gc          ] GC(142) Pause Young (Mixed) (G1 Evacuation Pause) 284M->158M(387M) 40.157ms
[118.662s][info][gc,cpu      ] GC(142) User=0.08s Sys=0.00s Real=0.05s
[119.023s][info][gc,start    ] GC(143) Pause Young (Concurrent Start) (G1 Evacuation Pause)
[119.023s][info][gc,task     ] GC(143) Using 2 workers of 2 for evacuation
[119.036s][info][gc,phases   ] GC(143)   Pre Evacuate Collection Set: 0.19ms
[119.036s][info][gc,phases   ] GC(143)   Merge Heap Roots: 0.11ms
[119.036s][info][gc,phases   ] GC(143)   Evacuate Collection Set: 11.74ms
[119.036s][info][gc,phases   ] GC(143)   Post Evacuate Collection Set: 0.40ms
[119.036s][info][gc,phases   ] GC(143)   Other: 0.16ms
[119.036s][info][gc,heap     ] GC(143) Eden regions: 127->0(138)
[119.036s][info][gc,heap     ] GC(143) Survivor regions: 18->2(19)
[119.036s][info][gc,heap     ] GC(143) Old regions: 136->154
[119.036s][info][gc,heap     ] GC(143) Humongous regions: 5->5
[119.036s][info][gc,metaspace] GC(143) Metaspace: 41379K(41792K)->41379K(41792K) NonClass: 38577K(38848K)->38577K(38848K) Class: 2802K(2944K)->2802K(2944K)
[119.036s][info][gc          ] GC(143) Pause Young (Concurrent Start) (G1 Evacuation Pause) 285M->160M(387M) 12.782ms
[119.036s][info][gc,cpu      ] GC(143) User=0.02s Sys=0.00s Real=0.01s
[119.036s][info][gc          ] GC(144) Concurrent Mark Cycle
[119.036s][info][gc,marking  ] GC(144) Concurrent Scan Root Regions
[119.043s][info][gc,marking  ] GC(144) Concurrent Scan Root Regions 7.106ms
[119.043s][info][gc,marking  ] GC(144) Concurrent Mark
[119.043s][info][gc,marking  ] GC(144) Concurrent Mark From Roots
[119.043s][info][gc,task     ] GC(144) Using 1 workers of 1 for marking
[119.118s][info][gc,marking  ] GC(144) Concurrent Mark From Roots 74.804ms
[119.118s][info][gc,marking  ] GC(144) Concurrent Preclean
[119.118s][info][gc,marking  ] GC(144) Concurrent Preclean 0.040ms
[119.118s][info][gc,start    ] GC(144) Pause Remark
[119.131s][info][gc          ] GC(144) Pause Remark 185M->159M(387M) 12.372ms
[119.131s][info][gc,cpu      ] GC(144) User=0.02s Sys=0.00s Real=0.01s
[119.131s][info][gc,marking  ] GC(144) Concurrent Mark 87.464ms
[119.131s][info][gc,marking  ] GC(144) Concurrent Rebuild Remembered Sets and Scrub Regions
[119.172s][info][gc,marking  ] GC(144) Concurrent Rebuild Remembered Sets and Scrub Regions 41.134ms
[119.172s][info][gc,start    ] GC(144) Pause Cleanup
[119.172s][info][gc          ] GC(144) Pause Cleanup 172M->172M(387M) 0.058ms
[119.172s][info][gc,cpu      ] GC(144) User=0.00s Sys=0.00s Real=0.00s
[119.172s][info][gc,marking  ] GC(144) Concurrent Clear Claimed Marks
[119.172s][info][gc,marking  ] GC(144) Concurrent Clear Claimed Marks 0.033ms
[119.172s][info][gc,marking  ] GC(144) Concurrent Cleanup for Next Mark
[119.173s][info][gc,marking  ] GC(144) Concurrent Cleanup for Next Mark 1.093ms
[119.173s][info][gc          ] GC(144) Concurrent Mark Cycle 137.091ms
[119.461s][info][gc,start    ] GC(145) Pause Young (Prepare Mixed) (G1 Evacuation Pause)
[119.461s][info][gc,task     ] GC(145) Using 2 workers of 2 for evacuation
[119.463s][info][gc,phases   ] GC(145)   Pre Evacuate Collection Set: 0.19ms
[119.463s][info][gc,phases   ] GC(145)   Merge Heap Roots: 0.06ms
[119.463s][info][gc,phases   ] GC(145)   Evacuate Collection Set: 1.38ms
[119.463s][info][gc,phases   ] GC(145)   Post Evacuate Collection Set: 0.36ms
[119.463s][info][gc,phases   ] GC(145)   Other: 0.08ms
[119.463s][info][gc,heap     ] GC(145) Eden regions: 138->0(165)
[119.463s][info][gc,heap     ] GC(145) Survivor regions: 2->2(18)
[119.463s][info][gc,heap     ] GC(145) Old regions: 130->130
[119.463s][info][gc,heap     ] GC(145) Humongous regions: 4->3
[119.463s][info][gc,metaspace] GC(145) Metaspace: 41379K(41792K)->41379K(41792K) NonClass: 38577K(38848K)->38577K(38848K) Class: 2802K(2944K)->2802K(2944K)
[119.463s][info][gc          ] GC(145) Pause Young (Prepare Mixed) (G1 Evacuation Pause) 273M->135M(387M) 2.252ms
[119.463s][info][gc,cpu      ] GC(145) User=0.01s Sys=0.00s Real=0.01s
[119.942s][info][gc,start    ] GC(146) Pause Young (Mixed) (G1 Evacuation Pause)
[119.942s][info][gc,task     ] GC(146) Using 2 workers of 2 for evacuation
[119.948s][info][gc,phases   ] GC(146)   Pre Evacuate Collection Set: 0.21ms
[119.948s][info][gc,phases   ] GC(146)   Merge Heap Roots: 0.10ms
[119.948s][info][gc,phases   ] GC(146)   Evacuate Collection Set: 4.59ms
[119.948s][info][gc,phases   ] GC(146)   Post Evacuate Collection Set: 0.43ms
[119.949s][info][gc,phases   ] GC(146)   Other: 0.09ms
[119.949s][info][gc,heap     ] GC(146) Eden regions: 165->0(197)
[119.949s][info][gc,heap     ] GC(146) Survivor regions: 2->5(21)
[119.949s][info][gc,heap     ] GC(146) Old regions: 130->92
[119.949s][info][gc,heap     ] GC(146) Humongous regions: 3->1
[119.949s][info][gc,metaspace] GC(146) Metaspace: 41385K(41792K)->41385K(41792K) NonClass: 38582K(38848K)->38582K(38848K) Class: 2802K(2944K)->2802K(2944K)
[119.949s][info][gc          ] GC(146) Pause Young (Mixed) (G1 Evacuation Pause) 300M->97M(387M) 6.686ms
[119.949s][info][gc,cpu      ] GC(146) User=0.01s Sys=0.00s Real=0.00s
[120.263s][info][gc,start    ] GC(147) Pause Young (Mixed) (G1 Evacuation Pause)
[120.263s][info][gc,task     ] GC(147) Using 2 workers of 2 for evacuation
[120.277s][info][gc,phases   ] GC(147)   Pre Evacuate Collection Set: 0.20ms
[120.277s][info][gc,phases   ] GC(147)   Merge Heap Roots: 0.21ms
[120.277s][info][gc,phases   ] GC(147)   Evacuate Collection Set: 12.90ms
[120.277s][info][gc,phases   ] GC(147)   Post Evacuate Collection Set: 0.45ms
[120.277s][info][gc,phases   ] GC(147)   Other: 0.07ms
[120.277s][info][gc,heap     ] GC(147) Eden regions: 197->0(211)
[120.277s][info][gc,heap     ] GC(147) Survivor regions: 5->7(26)
[120.277s][info][gc,heap     ] GC(147) Old regions: 92->85
[120.277s][info][gc,heap     ] GC(147) Humongous regions: 1->1
[120.277s][info][gc,metaspace] GC(147) Metaspace: 41388K(41792K)->41388K(41792K) NonClass: 38586K(38848K)->38586K(38848K) Class: 2802K(2944K)->2802K(2944K)
[120.277s][info][gc          ] GC(147) Pause Young (Mixed) (G1 Evacuation Pause) 294M->91M(387M) 14.001ms
[120.277s][info][gc,cpu      ] GC(147) User=0.03s Sys=0.00s Real=0.01s
[120.603s][info][gc,start    ] GC(148) Pause Young (Normal) (G1 Evacuation Pause)
[120.603s][info][gc,task     ] GC(148) Using 2 workers of 2 for evacuation
[120.607s][info][gc,phases   ] GC(148)   Pre Evacuate Collection Set: 0.17ms
[120.607s][info][gc,phases   ] GC(148)   Merge Heap Roots: 0.07ms
[120.607s][info][gc,phases   ] GC(148)   Evacuate Collection Set: 3.79ms
[120.607s][info][gc,phases   ] GC(148)   Post Evacuate Collection Set: 0.48ms
[120.607s][info][gc,phases   ] GC(148)   Other: 0.07ms
[120.607s][info][gc,heap     ] GC(148) Eden regions: 211->0(221)
[120.607s][info][gc,heap     ] GC(148) Survivor regions: 7->7(28)
[120.607s][info][gc,heap     ] GC(148) Old regions: 85->85
[120.607s][info][gc,heap     ] GC(148) Humongous regions: 1->1
[120.607s][info][gc,metaspace] GC(148) Metaspace: 41401K(41856K)->41401K(41856K) NonClass: 38599K(38912K)->38599K(38912K) Class: 2802K(2944K)->2802K(2944K)
[120.607s][info][gc          ] GC(148) Pause Young (Normal) (G1 Evacuation Pause) 302M->91M(387M) 4.759ms
[120.607s][info][gc,cpu      ] GC(148) User=0.01s Sys=0.00s Real=0.00s
[120.630s][info][gc,start    ] GC(149) Pause Young (Concurrent Start) (G1 Humongous Allocation)
[120.630s][info][gc,task     ] GC(149) Using 2 workers of 2 for evacuation
[120.633s][info][gc,phases   ] GC(149)   Pre Evacuate Collection Set: 0.17ms
[120.633s][info][gc,phases   ] GC(149)   Merge Heap Roots: 0.03ms
[120.633s][info][gc,phases   ] GC(149)   Evacuate Collection Set: 2.96ms
[120.633s][info][gc,phases   ] GC(149)   Post Evacuate Collection Set: 0.32ms
[120.633s][info][gc,phases   ] GC(149)   Other: 0.07ms
[120.633s][info][gc,heap     ] GC(149) Eden regions: 13->0(228)
[120.633s][info][gc,heap     ] GC(149) Survivor regions: 7->4(29)
[120.633s][info][gc,heap     ] GC(149) Old regions: 85->85
[120.633s][info][gc,heap     ] GC(149) Humongous regions: 1->1
[120.633s][info][gc,metaspace] GC(149) Metaspace: 41401K(41856K)->41401K(41856K) NonClass: 38599K(38912K)->38599K(38912K) Class: 2802K(2944K)->2802K(2944K)
[120.633s][info][gc          ] GC(149) Pause Young (Concurrent Start) (G1 Humongous Allocation) 104M->89M(387M) 3.696ms
[120.633s][info][gc,cpu      ] GC(149) User=0.01s Sys=0.00s Real=0.01s
[120.633s][info][gc          ] GC(150) Concurrent Mark Cycle
[120.633s][info][gc,marking  ] GC(150) Concurrent Scan Root Regions
[120.635s][info][gc,marking  ] GC(150) Concurrent Scan Root Regions 1.889ms
[120.635s][info][gc,marking  ] GC(150) Concurrent Mark
[120.635s][info][gc,marking  ] GC(150) Concurrent Mark From Roots
[120.635s][info][gc,task     ] GC(150) Using 1 workers of 1 for marking
[120.743s][info][gc,marking  ] GC(150) Concurrent Mark From Roots 107.481ms
[120.743s][info][gc,marking  ] GC(150) Concurrent Preclean
[120.743s][info][gc,marking  ] GC(150) Concurrent Preclean 0.045ms
[120.744s][info][gc,start    ] GC(150) Pause Remark
[120.758s][info][gc          ] GC(150) Pause Remark 106M->89M(256M) 14.331ms
[120.758s][info][gc,cpu      ] GC(150) User=0.03s Sys=0.00s Real=0.01s
[120.758s][info][gc,marking  ] GC(150) Concurrent Mark 123.104ms
[120.758s][info][gc,marking  ] GC(150) Concurrent Rebuild Remembered Sets and Scrub Regions
[120.786s][info][gc,marking  ] GC(150) Concurrent Rebuild Remembered Sets and Scrub Regions 27.385ms
[120.786s][info][gc,start    ] GC(150) Pause Cleanup
[120.786s][info][gc          ] GC(150) Pause Cleanup 91M->91M(256M) 0.044ms
[120.786s][info][gc,cpu      ] GC(150) User=0.00s Sys=0.00s Real=0.00s
[120.786s][info][gc,marking  ] GC(150) Concurrent Clear Claimed Marks
[120.786s][info][gc,marking  ] GC(150) Concurrent Clear Claimed Marks 0.034ms
[120.786s][info][gc,marking  ] GC(150) Concurrent Cleanup for Next Mark
[120.787s][info][gc,marking  ] GC(150) Concurrent Cleanup for Next Mark 0.738ms
[120.787s][info][gc          ] GC(150) Concurrent Mark Cycle 153.589ms
[121.226s][info][gc,start    ] GC(151) Pause Young (Prepare Mixed) (G1 Evacuation Pause)
[121.226s][info][gc,task     ] GC(151) Using 2 workers of 2 for evacuation
[121.239s][info][gc,phases   ] GC(151)   Pre Evacuate Collection Set: 0.27ms
[121.239s][info][gc,phases   ] GC(151)   Merge Heap Roots: 0.12ms
[121.239s][info][gc,phases   ] GC(151)   Evacuate Collection Set: 10.97ms
[121.239s][info][gc,phases   ] GC(151)   Post Evacuate Collection Set: 0.66ms
[121.239s][info][gc,phases   ] GC(151)   Other: 0.07ms
[121.239s][info][gc,heap     ] GC(151) Eden regions: 75->0(207)
[121.239s][info][gc,heap     ] GC(151) Survivor regions: 4->9(27)
[121.239s][info][gc,heap     ] GC(151) Old regions: 68->68
[121.239s][info][gc,heap     ] GC(151) Humongous regions: 205->3
[121.239s][info][gc,metaspace] GC(151) Metaspace: 41432K(41856K)->41432K(41856K) NonClass: 38630K(38912K)->38630K(38912K) Class: 2802K(2944K)->2802K(2944K)
[121.239s][info][gc          ] GC(151) Pause Young (Prepare Mixed) (G1 Evacuation Pause) 351M->79M(361M) 12.269ms
[121.239s][info][gc,cpu      ] GC(151) User=0.01s Sys=0.00s Real=0.01s
[121.757s][info][gc,start    ] GC(152) Pause Young (Mixed) (G1 Evacuation Pause)
[121.757s][info][gc,task     ] GC(152) Using 2 workers of 2 for evacuation
[121.777s][info][gc,phases   ] GC(152)   Pre Evacuate Collection Set: 0.30ms
[121.777s][info][gc,phases   ] GC(152)   Merge Heap Roots: 0.10ms
[121.777s][info][gc,phases   ] GC(152)   Evacuate Collection Set: 18.40ms
[121.777s][info][gc,phases   ] GC(152)   Post Evacuate Collection Set: 0.90ms
[121.777s][info][gc,phases   ] GC(152)   Other: 0.07ms
[121.777s][info][gc,heap     ] GC(152) Eden regions: 53->0(270)
[121.777s][info][gc,heap     ] GC(152) Survivor regions: 9->13(30)
[121.777s][info][gc,heap     ] GC(152) Old regions: 68->62
[121.777s][info][gc,heap     ] GC(152) Humongous regions: 329->3
[121.777s][info][gc,metaspace] GC(152) Metaspace: 41435K(41856K)->41435K(41856K) NonClass: 38632K(38912K)->38632K(38912K) Class: 2802K(2944K)->2802K(2944K)
[121.777s][info][gc          ] GC(152) Pause Young (Mixed) (G1 Evacuation Pause) 458M->76M(473M) 19.962ms
[121.777s][info][gc,cpu      ] GC(152) User=0.03s Sys=0.01s Real=0.02s
[121.874s][info][gc,start    ] GC(153) Pause Young (Concurrent Start) (G1 Humongous Allocation)
[121.874s][info][gc,task     ] GC(153) Using 2 workers of 2 for evacuation
[121.888s][info][gc,phases   ] GC(153)   Pre Evacuate Collection Set: 0.24ms
[121.888s][info][gc,phases   ] GC(153)   Merge Heap Roots: 0.05ms
[121.889s][info][gc,phases   ] GC(153)   Evacuate Collection Set: 13.28ms
[121.889s][info][gc,phases   ] GC(153)   Post Evacuate Collection Set: 0.52ms
[121.889s][info][gc,phases   ] GC(153)   Other: 0.11ms
[121.889s][info][gc,heap     ] GC(153) Eden regions: 12->0(270)
[121.889s][info][gc,heap     ] GC(153) Survivor regions: 13->13(36)
[121.889s][info][gc,heap     ] GC(153) Old regions: 62->62
[121.889s][info][gc,heap     ] GC(153) Humongous regions: 71->1
[121.889s][info][gc,metaspace] GC(153) Metaspace: 41435K(41856K)->41435K(41856K) NonClass: 38633K(38912K)->38633K(38912K) Class: 2802K(2944K)->2802K(2944K)
[121.889s][info][gc          ] GC(153) Pause Young (Concurrent Start) (G1 Humongous Allocation) 156M->75M(473M) 14.412ms
[121.889s][info][gc,cpu      ] GC(153) User=0.03s Sys=0.01s Real=0.01s
[121.889s][info][gc          ] GC(154) Concurrent Undo Cycle
[121.889s][info][gc,marking  ] GC(154) Concurrent Clear Claimed Marks
[121.889s][info][gc,marking  ] GC(154) Concurrent Clear Claimed Marks 0.035ms
[121.889s][info][gc,marking  ] GC(154) Concurrent Cleanup for Next Mark
[121.893s][info][gc,marking  ] GC(154) Concurrent Cleanup for Next Mark 4.263ms
[121.893s][info][gc          ] GC(154) Concurrent Undo Cycle 4.360ms
[121.900s][info][gc,start    ] GC(155) Pause Young (Concurrent Start) (G1 Humongous Allocation)
[121.900s][info][gc,task     ] GC(155) Using 2 workers of 2 for evacuation
[121.917s][info][gc,phases   ] GC(155)   Pre Evacuate Collection Set: 0.26ms
[121.917s][info][gc,phases   ] GC(155)   Merge Heap Roots: 0.06ms
[121.917s][info][gc,phases   ] GC(155)   Evacuate Collection Set: 15.32ms
[121.917s][info][gc,phases   ] GC(155)   Post Evacuate Collection Set: 0.51ms
[121.917s][info][gc,phases   ] GC(155)   Other: 0.10ms
[121.917s][info][gc,heap     ] GC(155) Eden regions: 1->0(270)
[121.917s][info][gc,heap     ] GC(155) Survivor regions: 13->13(36)
[121.917s][info][gc,heap     ] GC(155) Old regions: 62->62
[121.917s][info][gc,heap     ] GC(155) Humongous regions: 7->1
[121.917s][info][gc,metaspace] GC(155) Metaspace: 41435K(41856K)->41435K(41856K) NonClass: 38633K(38912K)->38633K(38912K) Class: 2802K(2944K)->2802K(2944K)
[121.917s][info][gc          ] GC(155) Pause Young (Concurrent Start) (G1 Humongous Allocation) 81M->75M(473M) 16.418ms
[121.917s][info][gc          ] GC(156) Concurrent Undo Cycle
[121.917s][info][gc,marking  ] GC(156) Concurrent Clear Claimed Marks
[121.917s][info][gc,marking  ] GC(156) Concurrent Clear Claimed Marks 0.035ms
[121.917s][info][gc,marking  ] GC(156) Concurrent Cleanup for Next Mark
[121.917s][info][gc,cpu      ] GC(155) User=0.04s Sys=0.00s Real=0.02s
[121.917s][info][gc,marking  ] GC(156) Concurrent Cleanup for Next Mark 0.205ms
[121.917s][info][gc          ] GC(156) Concurrent Undo Cycle 0.279ms
[121.934s][info][gc,start    ] GC(157) Pause Young (Concurrent Start) (G1 Humongous Allocation)
[121.934s][info][gc,task     ] GC(157) Using 2 workers of 2 for evacuation
[121.945s][info][gc,phases   ] GC(157)   Pre Evacuate Collection Set: 0.21ms
[121.945s][info][gc,phases   ] GC(157)   Merge Heap Roots: 0.04ms
[121.945s][info][gc,phases   ] GC(157)   Evacuate Collection Set: 10.30ms
[121.945s][info][gc,phases   ] GC(157)   Post Evacuate Collection Set: 0.52ms
[121.945s][info][gc,phases   ] GC(157)   Other: 0.14ms
[121.945s][info][gc,heap     ] GC(157) Eden regions: 2->0(269)
[121.945s][info][gc,heap     ] GC(157) Survivor regions: 13->14(36)
[121.945s][info][gc,heap     ] GC(157) Old regions: 62->62
[121.945s][info][gc,heap     ] GC(157) Humongous regions: 11->1
[121.945s][info][gc,metaspace] GC(157) Metaspace: 41435K(41856K)->41435K(41856K) NonClass: 38633K(38912K)->38633K(38912K) Class: 2802K(2944K)->2802K(2944K)
[121.945s][info][gc          ] GC(157) Pause Young (Concurrent Start) (G1 Humongous Allocation) 86M->75M(473M) 11.397ms
[121.945s][info][gc          ] GC(158) Concurrent Undo Cycle
[121.945s][info][gc,marking  ] GC(158) Concurrent Clear Claimed Marks
[121.945s][info][gc,marking  ] GC(158) Concurrent Clear Claimed Marks 0.036ms
[121.945s][info][gc,marking  ] GC(158) Concurrent Cleanup for Next Mark
[121.945s][info][gc,cpu      ] GC(157) User=0.02s Sys=0.00s Real=0.01s
[121.947s][info][gc,marking  ] GC(158) Concurrent Cleanup for Next Mark 1.915ms
[121.947s][info][gc          ] GC(158) Concurrent Undo Cycle 2.035ms
[121.978s][info][gc,start    ] GC(159) Pause Young (Concurrent Start) (G1 Humongous Allocation)
[121.978s][info][gc,task     ] GC(159) Using 2 workers of 2 for evacuation
[121.991s][info][gc,phases   ] GC(159)   Pre Evacuate Collection Set: 0.24ms
[121.991s][info][gc,phases   ] GC(159)   Merge Heap Roots: 0.07ms
[121.991s][info][gc,phases   ] GC(159)   Evacuate Collection Set: 12.08ms
[121.991s][info][gc,phases   ] GC(159)   Post Evacuate Collection Set: 0.33ms
[121.991s][info][gc,phases   ] GC(159)   Other: 0.15ms
[121.991s][info][gc,heap     ] GC(159) Eden regions: 4->0(269)
[121.991s][info][gc,heap     ] GC(159) Survivor regions: 14->14(36)
[121.991s][info][gc,heap     ] GC(159) Old regions: 62->62
[121.991s][info][gc,heap     ] GC(159) Humongous regions: 13->1
[121.991s][info][gc,metaspace] GC(159) Metaspace: 41435K(41856K)->41435K(41856K) NonClass: 38633K(38912K)->38633K(38912K) Class: 2802K(2944K)->2802K(2944K)
[121.991s][info][gc          ] GC(159) Pause Young (Concurrent Start) (G1 Humongous Allocation) 91M->76M(473M) 13.053ms
[121.991s][info][gc          ] GC(160) Concurrent Undo Cycle
[121.991s][info][gc,marking  ] GC(160) Concurrent Clear Claimed Marks
[121.991s][info][gc,marking  ] GC(160) Concurrent Clear Claimed Marks 0.032ms
[121.991s][info][gc,marking  ] GC(160) Concurrent Cleanup for Next Mark
[121.991s][info][gc,cpu      ] GC(159) User=0.02s Sys=0.00s Real=0.01s
[121.991s][info][gc,marking  ] GC(160) Concurrent Cleanup for Next Mark 0.150ms
[121.991s][info][gc          ] GC(160) Concurrent Undo Cycle 0.219ms
[122.034s][info][gc,start    ] GC(161) Pause Young (Concurrent Start) (G1 Humongous Allocation)
[122.034s][info][gc,task     ] GC(161) Using 2 workers of 2 for evacuation
[122.049s][info][gc,phases   ] GC(161)   Pre Evacuate Collection Set: 0.22ms
[122.049s][info][gc,phases   ] GC(161)   Merge Heap Roots: 0.04ms
[122.049s][info][gc,phases   ] GC(161)   Evacuate Collection Set: 12.78ms
[122.049s][info][gc,phases   ] GC(161)   Post Evacuate Collection Set: 1.79ms
[122.049s][info][gc,phases   ] GC(161)   Other: 0.11ms
[122.049s][info][gc,heap     ] GC(161) Eden regions: 6->0(388)
[122.049s][info][gc,heap     ] GC(161) Survivor regions: 14->17(36)
[122.049s][info][gc,heap     ] GC(161) Old regions: 62->62
[122.049s][info][gc,heap     ] GC(161) Humongous regions: 17->1
[122.049s][info][gc,metaspace] GC(161) Metaspace: 41435K(41856K)->41435K(41856K) NonClass: 38633K(38912K)->38633K(38912K) Class: 2802K(2944K)->2802K(2944K)
[122.049s][info][gc          ] GC(161) Pause Young (Concurrent Start) (G1 Humongous Allocation) 98M->78M(675M) 15.136ms
[122.049s][info][gc          ] GC(162) Concurrent Undo Cycle
[122.049s][info][gc,marking  ] GC(162) Concurrent Clear Claimed Marks
[122.049s][info][gc,marking  ] GC(162) Concurrent Clear Claimed Marks 0.036ms
[122.049s][info][gc,marking  ] GC(162) Concurrent Cleanup for Next Mark
[122.050s][info][gc,cpu      ] GC(161) User=0.03s Sys=0.00s Real=0.01s
[122.052s][info][gc,marking  ] GC(162) Concurrent Cleanup for Next Mark 2.593ms
[122.052s][info][gc          ] GC(162) Concurrent Undo Cycle 2.666ms
[122.167s][info][gc,start    ] GC(163) Pause Young (Concurrent Start) (G1 Humongous Allocation)
[122.167s][info][gc,task     ] GC(163) Using 2 workers of 2 for evacuation
[122.186s][info][gc,phases   ] GC(163)   Pre Evacuate Collection Set: 0.27ms
[122.186s][info][gc,phases   ] GC(163)   Merge Heap Roots: 0.07ms
[122.186s][info][gc,phases   ] GC(163)   Evacuate Collection Set: 18.61ms
[122.186s][info][gc,phases   ] GC(163)   Post Evacuate Collection Set: 0.40ms
[122.186s][info][gc,phases   ] GC(163)   Other: 0.11ms
[122.186s][info][gc,heap     ] GC(163) Eden regions: 13->0(388)
[122.186s][info][gc,heap     ] GC(163) Survivor regions: 17->17(51)
[122.186s][info][gc,heap     ] GC(163) Old regions: 62->62
[122.186s][info][gc,heap     ] GC(163) Humongous regions: 89->1
[122.187s][info][gc,metaspace] GC(163) Metaspace: 41435K(41856K)->41435K(41856K) NonClass: 38633K(38912K)->38633K(38912K) Class: 2802K(2944K)->2802K(2944K)
[122.187s][info][gc          ] GC(163) Pause Young (Concurrent Start) (G1 Humongous Allocation) 178M->78M(675M) 19.683ms
[122.187s][info][gc,cpu      ] GC(163) User=0.03s Sys=0.01s Real=0.02s
[122.187s][info][gc          ] GC(164) Concurrent Undo Cycle
[122.187s][info][gc,marking  ] GC(164) Concurrent Clear Claimed Marks
[122.187s][info][gc,marking  ] GC(164) Concurrent Clear Claimed Marks 0.036ms
[122.187s][info][gc,marking  ] GC(164) Concurrent Cleanup for Next Mark
[122.188s][info][gc,marking  ] GC(164) Concurrent Cleanup for Next Mark 1.329ms
[122.188s][info][gc          ] GC(164) Concurrent Undo Cycle 1.441ms
[122.328s][info][gc,start    ] GC(165) Pause Young (Concurrent Start) (G1 Humongous Allocation)
[122.328s][info][gc,task     ] GC(165) Using 2 workers of 2 for evacuation
[122.350s][info][gc,phases   ] GC(165)   Pre Evacuate Collection Set: 0.29ms
[122.350s][info][gc,phases   ] GC(165)   Merge Heap Roots: 0.06ms
[122.350s][info][gc,phases   ] GC(165)   Evacuate Collection Set: 21.14ms
[122.350s][info][gc,phases   ] GC(165)   Post Evacuate Collection Set: 0.41ms
[122.350s][info][gc,phases   ] GC(165)   Other: 0.11ms
[122.350s][info][gc,heap     ] GC(165) Eden regions: 17->0(386)
[122.350s][info][gc,heap     ] GC(165) Survivor regions: 17->19(51)
[122.350s][info][gc,heap     ] GC(165) Old regions: 62->62
[122.350s][info][gc,heap     ] GC(165) Humongous regions: 93->1
[122.350s][info][gc,metaspace] GC(165) Metaspace: 41437K(41856K)->41437K(41856K) NonClass: 38635K(38912K)->38635K(38912K) Class: 2802K(2944K)->2802K(2944K)
[122.350s][info][gc          ] GC(165) Pause Young (Concurrent Start) (G1 Humongous Allocation) 187M->80M(675M) 22.202ms
[122.350s][info][gc,cpu      ] GC(165) User=0.03s Sys=0.01s Real=0.02s
[122.350s][info][gc          ] GC(166) Concurrent Undo Cycle
[122.350s][info][gc,marking  ] GC(166) Concurrent Clear Claimed Marks
[122.350s][info][gc,marking  ] GC(166) Concurrent Clear Claimed Marks 0.036ms
[122.350s][info][gc,marking  ] GC(166) Concurrent Cleanup for Next Mark
[122.353s][info][gc,marking  ] GC(166) Concurrent Cleanup for Next Mark 2.469ms
[122.353s][info][gc          ] GC(166) Concurrent Undo Cycle 2.544ms
[122.505s][info][gc,start    ] GC(167) Pause Young (Concurrent Start) (G1 Humongous Allocation)
[122.505s][info][gc,task     ] GC(167) Using 2 workers of 2 for evacuation
[122.528s][info][gc,phases   ] GC(167)   Pre Evacuate Collection Set: 0.27ms
[122.528s][info][gc,phases   ] GC(167)   Merge Heap Roots: 0.08ms
[122.528s][info][gc,phases   ] GC(167)   Evacuate Collection Set: 22.02ms
[122.528s][info][gc,phases   ] GC(167)   Post Evacuate Collection Set: 0.69ms
[122.528s][info][gc,phases   ] GC(167)   Other: 0.11ms
[122.528s][info][gc,heap     ] GC(167) Eden regions: 21->0(367)
[122.528s][info][gc,heap     ] GC(167) Survivor regions: 19->22(51)
[122.528s][info][gc,heap     ] GC(167) Old regions: 62->62
[122.528s][info][gc,heap     ] GC(167) Humongous regions: 95->1
[122.528s][info][gc,metaspace] GC(167) Metaspace: 41444K(41856K)->41444K(41856K) NonClass: 38642K(38912K)->38642K(38912K) Class: 2802K(2944K)->2802K(2944K)
[122.528s][info][gc          ] GC(167) Pause Young (Concurrent Start) (G1 Humongous Allocation) 195M->84M(675M) 23.362ms
[122.528s][info][gc          ] GC(168) Concurrent Undo Cycle
[122.528s][info][gc,marking  ] GC(168) Concurrent Clear Claimed Marks
[122.528s][info][gc,marking  ] GC(168) Concurrent Clear Claimed Marks 0.035ms
[122.528s][info][gc,marking  ] GC(168) Concurrent Cleanup for Next Mark
[122.528s][info][gc,cpu      ] GC(167) User=0.04s Sys=0.00s Real=0.02s
[122.530s][info][gc,marking  ] GC(168) Concurrent Cleanup for Next Mark 2.199ms
[122.530s][info][gc          ] GC(168) Concurrent Undo Cycle 2.296ms
[122.707s][info][gc,start    ] GC(169) Pause Young (Concurrent Start) (G1 Humongous Allocation)
[122.707s][info][gc,task     ] GC(169) Using 2 workers of 2 for evacuation
[122.741s][info][gc,phases   ] GC(169)   Pre Evacuate Collection Set: 0.89ms
[122.741s][info][gc,phases   ] GC(169)   Merge Heap Roots: 0.06ms
[122.741s][info][gc,phases   ] GC(169)   Evacuate Collection Set: 32.08ms
[122.741s][info][gc,phases   ] GC(169)   Post Evacuate Collection Set: 0.88ms
[122.741s][info][gc,phases   ] GC(169)   Other: 0.11ms
[122.741s][info][gc,heap     ] GC(169) Eden regions: 23->0(415)
[122.741s][info][gc,heap     ] GC(169) Survivor regions: 22->26(49)
[122.741s][info][gc,heap     ] GC(169) Old regions: 62->62
[122.741s][info][gc,heap     ] GC(169) Humongous regions: 115->1
[122.741s][info][gc,metaspace] GC(169) Metaspace: 41444K(41856K)->41444K(41856K) NonClass: 38642K(38912K)->38642K(38912K) Class: 2802K(2944K)->2802K(2944K)
[122.741s][info][gc          ] GC(169) Pause Young (Concurrent Start) (G1 Humongous Allocation) 220M->87M(736M) 34.298ms
[122.741s][info][gc          ] GC(170) Concurrent Undo Cycle
[122.741s][info][gc,marking  ] GC(170) Concurrent Clear Claimed Marks
[122.741s][info][gc,marking  ] GC(170) Concurrent Clear Claimed Marks 0.039ms
[122.741s][info][gc,marking  ] GC(170) Concurrent Cleanup for Next Mark
[122.741s][info][gc,cpu      ] GC(169) User=0.06s Sys=0.01s Real=0.03s
[122.742s][info][gc,marking  ] GC(170) Concurrent Cleanup for Next Mark 0.703ms
[122.742s][info][gc          ] GC(170) Concurrent Undo Cycle 0.815ms
[122.959s][info][gc,start    ] GC(171) Pause Young (Concurrent Start) (G1 Humongous Allocation)
[122.959s][info][gc,task     ] GC(171) Using 2 workers of 2 for evacuation
[122.996s][info][gc,phases   ] GC(171)   Pre Evacuate Collection Set: 0.36ms
[122.996s][info][gc,phases   ] GC(171)   Merge Heap Roots: 0.06ms
[122.996s][info][gc,phases   ] GC(171)   Evacuate Collection Set: 36.49ms
[122.996s][info][gc,phases   ] GC(171)   Post Evacuate Collection Set: 0.48ms
[122.996s][info][gc,phases   ] GC(171)   Other: 0.13ms
[122.996s][info][gc,heap     ] GC(171) Eden regions: 29->0(412)
[122.996s][info][gc,heap     ] GC(171) Survivor regions: 26->29(56)
[122.996s][info][gc,heap     ] GC(171) Old regions: 62->64
[122.996s][info][gc,heap     ] GC(171) Humongous regions: 123->1
[122.996s][info][gc,metaspace] GC(171) Metaspace: 41450K(41856K)->41450K(41856K) NonClass: 38647K(38912K)->38647K(38912K) Class: 2802K(2944K)->2802K(2944K)
[122.996s][info][gc          ] GC(171) Pause Young (Concurrent Start) (G1 Humongous Allocation) 237M->92M(736M) 37.710ms
[122.996s][info][gc          ] GC(172) Concurrent Undo Cycle
[122.996s][info][gc,marking  ] GC(172) Concurrent Clear Claimed Marks
[122.996s][info][gc,marking  ] GC(172) Concurrent Clear Claimed Marks 0.037ms
[122.996s][info][gc,marking  ] GC(172) Concurrent Cleanup for Next Mark
[122.996s][info][gc,cpu      ] GC(171) User=0.06s Sys=0.02s Real=0.04s
[122.997s][info][gc,marking  ] GC(172) Concurrent Cleanup for Next Mark 0.176ms
[122.997s][info][gc          ] GC(172) Concurrent Undo Cycle 0.252ms
[123.158s][info][gc,start    ] GC(173) Pause Young (Concurrent Start) (G1 Humongous Allocation)
[123.159s][info][gc,task     ] GC(173) Using 2 workers of 2 for evacuation
[123.192s][info][gc,phases   ] GC(173)   Pre Evacuate Collection Set: 0.26ms
[123.192s][info][gc,phases   ] GC(173)   Merge Heap Roots: 0.07ms
[123.192s][info][gc,phases   ] GC(173)   Evacuate Collection Set: 32.19ms
[123.192s][info][gc,phases   ] GC(173)   Post Evacuate Collection Set: 0.42ms
[123.192s][info][gc,phases   ] GC(173)   Other: 0.10ms
[123.192s][info][gc,heap     ] GC(173) Eden regions: 19->0(411)
[123.192s][info][gc,heap     ] GC(173) Survivor regions: 29->30(56)
[123.192s][info][gc,heap     ] GC(173) Old regions: 64->64
[123.192s][info][gc,heap     ] GC(173) Humongous regions: 123->1
[123.192s][info][gc,metaspace] GC(173) Metaspace: 41450K(41856K)->41450K(41856K) NonClass: 38647K(38912K)->38647K(38912K) Class: 2802K(2944K)->2802K(2944K)
[123.192s][info][gc          ] GC(173) Pause Young (Concurrent Start) (G1 Humongous Allocation) 232M->93M(736M) 33.248ms
[123.192s][info][gc          ] GC(174) Concurrent Undo Cycle
[123.192s][info][gc,marking  ] GC(174) Concurrent Clear Claimed Marks
[123.192s][info][gc,marking  ] GC(174) Concurrent Clear Claimed Marks 0.035ms
[123.192s][info][gc,marking  ] GC(174) Concurrent Cleanup for Next Mark
[123.192s][info][gc,cpu      ] GC(173) User=0.05s Sys=0.01s Real=0.03s
[123.192s][info][gc,marking  ] GC(174) Concurrent Cleanup for Next Mark 0.205ms
[123.192s][info][gc          ] GC(174) Concurrent Undo Cycle 0.282ms
[124.495s][info][gc,start    ] GC(175) Pause Young (Normal) (G1 Evacuation Pause)
[124.495s][info][gc,task     ] GC(175) Using 2 workers of 2 for evacuation
[124.505s][info][gc,phases   ] GC(175)   Pre Evacuate Collection Set: 0.38ms
[124.505s][info][gc,phases   ] GC(175)   Merge Heap Roots: 0.10ms
[124.505s][info][gc,phases   ] GC(175)   Evacuate Collection Set: 8.82ms
[124.505s][info][gc,phases   ] GC(175)   Post Evacuate Collection Set: 1.02ms
[124.505s][info][gc,phases   ] GC(175)   Other: 0.10ms
[124.505s][info][gc,heap     ] GC(175) Eden regions: 411->0(433)
[124.505s][info][gc,heap     ] GC(175) Survivor regions: 30->8(56)
[124.505s][info][gc,heap     ] GC(175) Old regions: 64->65
[124.505s][info][gc,heap     ] GC(175) Humongous regions: 111->1
[124.505s][info][gc,metaspace] GC(175) Metaspace: 41500K(41920K)->41500K(41920K) NonClass: 38698K(38976K)->38698K(38976K) Class: 2802K(2944K)->2802K(2944K)
[124.505s][info][gc          ] GC(175) Pause Young (Normal) (G1 Evacuation Pause) 614M->72M(736M) 10.597ms
[124.505s][info][gc,cpu      ] GC(175) User=0.02s Sys=0.00s Real=0.01s
[125.456s][info][gc,start    ] GC(176) Pause Young (Normal) (G1 Evacuation Pause)
[125.456s][info][gc,task     ] GC(176) Using 2 workers of 2 for evacuation
[125.467s][info][gc,phases   ] GC(176)   Pre Evacuate Collection Set: 0.26ms
[125.467s][info][gc,phases   ] GC(176)   Merge Heap Roots: 0.11ms
[125.467s][info][gc,phases   ] GC(176)   Evacuate Collection Set: 10.05ms
[125.467s][info][gc,phases   ] GC(176)   Post Evacuate Collection Set: 0.85ms
[125.467s][info][gc,phases   ] GC(176)   Other: 0.09ms
[125.468s][info][gc,heap     ] GC(176) Eden regions: 433->0(430)
[125.468s][info][gc,heap     ] GC(176) Survivor regions: 8->11(56)
[125.468s][info][gc,heap     ] GC(176) Old regions: 65->65
[125.468s][info][gc,heap     ] GC(176) Humongous regions: 1->1
[125.468s][info][gc,metaspace] GC(176) Metaspace: 41518K(41920K)->41518K(41920K) NonClass: 38715K(38976K)->38715K(38976K) Class: 2802K(2944K)->2802K(2944K)
[125.468s][info][gc          ] GC(176) Pause Young (Normal) (G1 Evacuation Pause) 505M->75M(736M) 11.567ms
[125.468s][info][gc,cpu      ] GC(176) User=0.02s Sys=0.00s Real=0.01s
[126.594s][info][gc,start    ] GC(177) Pause Young (Normal) (G1 Evacuation Pause)
[126.594s][info][gc,task     ] GC(177) Using 2 workers of 2 for evacuation
[126.604s][info][gc,phases   ] GC(177)   Pre Evacuate Collection Set: 0.28ms
[126.604s][info][gc,phases   ] GC(177)   Merge Heap Roots: 0.11ms
[126.604s][info][gc,phases   ] GC(177)   Evacuate Collection Set: 8.82ms
[126.604s][info][gc,phases   ] GC(177)   Post Evacuate Collection Set: 0.68ms
[126.604s][info][gc,phases   ] GC(177)   Other: 0.10ms
[126.604s][info][gc,heap     ] GC(177) Eden regions: 430->0(428)
[126.604s][info][gc,heap     ] GC(177) Survivor regions: 11->13(56)
[126.604s][info][gc,heap     ] GC(177) Old regions: 65->67
[126.604s][info][gc,heap     ] GC(177) Humongous regions: 1->1
[126.604s][info][gc,metaspace] GC(177) Metaspace: 41524K(41920K)->41524K(41920K) NonClass: 38722K(38976K)->38722K(38976K) Class: 2802K(2944K)->2802K(2944K)
[126.604s][info][gc          ] GC(177) Pause Young (Normal) (G1 Evacuation Pause) 505M->79M(736M) 10.233ms
[126.604s][info][gc,cpu      ] GC(177) User=0.02s Sys=0.00s Real=0.01s
[128.779s][info][gc,start    ] GC(178) Pause Young (Normal) (G1 Evacuation Pause)
[128.779s][info][gc,task     ] GC(178) Using 2 workers of 2 for evacuation
[128.803s][info][gc,phases   ] GC(178)   Pre Evacuate Collection Set: 0.24ms
[128.804s][info][gc,phases   ] GC(178)   Merge Heap Roots: 0.13ms
[128.804s][info][gc,phases   ] GC(178)   Evacuate Collection Set: 23.19ms
[128.804s][info][gc,phases   ] GC(178)   Post Evacuate Collection Set: 0.84ms
[128.804s][info][gc,phases   ] GC(178)   Other: 0.10ms
[128.804s][info][gc,heap     ] GC(178) Eden regions: 428->0(416)
[128.804s][info][gc,heap     ] GC(178) Survivor regions: 13->25(56)
[128.804s][info][gc,heap     ] GC(178) Old regions: 67->67
[128.804s][info][gc,heap     ] GC(178) Humongous regions: 13->3
[128.804s][info][gc,metaspace] GC(178) Metaspace: 41673K(42048K)->41673K(42048K) NonClass: 38871K(39104K)->38871K(39104K) Class: 2802K(2944K)->2802K(2944K)
[128.804s][info][gc          ] GC(178) Pause Young (Normal) (G1 Evacuation Pause) 519M->94M(736M) 24.744ms
[128.804s][info][gc,cpu      ] GC(178) User=0.05s Sys=0.00s Real=0.03s
[129.813s][info][gc,start    ] GC(179) Pause Young (Normal) (G1 Evacuation Pause)
[129.813s][info][gc,task     ] GC(179) Using 2 workers of 2 for evacuation
[129.889s][info][gc,phases   ] GC(179)   Pre Evacuate Collection Set: 0.25ms
[129.889s][info][gc,phases   ] GC(179)   Merge Heap Roots: 0.15ms
[129.889s][info][gc,phases   ] GC(179)   Evacuate Collection Set: 74.70ms
[129.889s][info][gc,phases   ] GC(179)   Post Evacuate Collection Set: 0.69ms
[129.889s][info][gc,phases   ] GC(179)   Other: 0.08ms
[129.889s][info][gc,heap     ] GC(179) Eden regions: 416->0(385)
[129.889s][info][gc,heap     ] GC(179) Survivor regions: 25->56(56)
[129.889s][info][gc,heap     ] GC(179) Old regions: 67->79
[129.889s][info][gc,heap     ] GC(179) Humongous regions: 6->6
[129.889s][info][gc,metaspace] GC(179) Metaspace: 41673K(42048K)->41673K(42048K) NonClass: 38871K(39104K)->38871K(39104K) Class: 2802K(2944K)->2802K(2944K)
[129.889s][info][gc          ] GC(179) Pause Young (Normal) (G1 Evacuation Pause) 513M->140M(736M) 76.177ms
[129.889s][info][gc,cpu      ] GC(179) User=0.15s Sys=0.00s Real=0.07s
[133.660s][info][gc,start    ] GC(180) Pause Young (Normal) (G1 Evacuation Pause)
[133.660s][info][gc,task     ] GC(180) Using 2 workers of 2 for evacuation
[133.720s][info][gc,phases   ] GC(180)   Pre Evacuate Collection Set: 0.35ms
[133.720s][info][gc,phases   ] GC(180)   Merge Heap Roots: 0.29ms
[133.720s][info][gc,phases   ] GC(180)   Evacuate Collection Set: 59.24ms
[133.720s][info][gc,phases   ] GC(180)   Post Evacuate Collection Set: 0.67ms
[133.720s][info][gc,phases   ] GC(180)   Other: 0.09ms
[133.720s][info][gc,heap     ] GC(180) Eden regions: 385->0(422)
[133.720s][info][gc,heap     ] GC(180) Survivor regions: 56->19(56)
[133.720s][info][gc,heap     ] GC(180) Old regions: 79->123
[133.720s][info][gc,heap     ] GC(180) Humongous regions: 13->8
[133.720s][info][gc,metaspace] GC(180) Metaspace: 41723K(42112K)->41723K(42112K) NonClass: 38921K(39168K)->38921K(39168K) Class: 2802K(2944K)->2802K(2944K)
[133.720s][info][gc          ] GC(180) Pause Young (Normal) (G1 Evacuation Pause) 532M->149M(736M) 60.833ms
[133.720s][info][gc,cpu      ] GC(180) User=0.11s Sys=0.00s Real=0.06s
[134.874s][info][gc,start    ] GC(181) Pause Young (Normal) (G1 Evacuation Pause)
[134.874s][info][gc,task     ] GC(181) Using 2 workers of 2 for evacuation
[134.931s][info][gc,phases   ] GC(181)   Pre Evacuate Collection Set: 0.24ms
[134.931s][info][gc,phases   ] GC(181)   Merge Heap Roots: 0.21ms
[134.931s][info][gc,phases   ] GC(181)   Evacuate Collection Set: 55.90ms
[134.931s][info][gc,phases   ] GC(181)   Post Evacuate Collection Set: 0.70ms
[134.931s][info][gc,phases   ] GC(181)   Other: 0.11ms
[134.931s][info][gc,heap     ] GC(181) Eden regions: 422->0(385)
[134.931s][info][gc,heap     ] GC(181) Survivor regions: 19->56(56)
[134.931s][info][gc,heap     ] GC(181) Old regions: 123->123
[134.931s][info][gc,heap     ] GC(181) Humongous regions: 13->13
[134.931s][info][gc,metaspace] GC(181) Metaspace: 41739K(42112K)->41739K(42112K) NonClass: 38936K(39168K)->38936K(39168K) Class: 2802K(2944K)->2802K(2944K)
[134.931s][info][gc          ] GC(181) Pause Young (Normal) (G1 Evacuation Pause) 576M->190M(736M) 57.357ms
[134.931s][info][gc,cpu      ] GC(181) User=0.11s Sys=0.00s Real=0.05s
[135.850s][info][gc,start    ] GC(182) Pause Young (Normal) (G1 Evacuation Pause)
[135.850s][info][gc,task     ] GC(182) Using 2 workers of 2 for evacuation
[135.959s][info][gc,phases   ] GC(182)   Pre Evacuate Collection Set: 0.27ms
[135.959s][info][gc,phases   ] GC(182)   Merge Heap Roots: 0.21ms
[135.959s][info][gc,phases   ] GC(182)   Evacuate Collection Set: 107.74ms
[135.959s][info][gc,phases   ] GC(182)   Post Evacuate Collection Set: 0.65ms
[135.959s][info][gc,phases   ] GC(182)   Other: 0.09ms
[135.959s][info][gc,heap     ] GC(182) Eden regions: 385->0(397)
[135.959s][info][gc,heap     ] GC(182) Survivor regions: 56->44(56)
[135.959s][info][gc,heap     ] GC(182) Old regions: 123->178
[135.959s][info][gc,heap     ] GC(182) Humongous regions: 17->17
[135.959s][info][gc,metaspace] GC(182) Metaspace: 41739K(42112K)->41739K(42112K) NonClass: 38936K(39168K)->38936K(39168K) Class: 2802K(2944K)->2802K(2944K)
[135.959s][info][gc          ] GC(182) Pause Young (Normal) (G1 Evacuation Pause) 579M->237M(736M) 109.248ms
[135.959s][info][gc,cpu      ] GC(182) User=0.21s Sys=0.00s Real=0.11s
[136.350s][info][gc,start    ] GC(183) Pause Young (Concurrent Start) (G1 Humongous Allocation)
[136.351s][info][gc,task     ] GC(183) Using 2 workers of 2 for evacuation
[136.419s][info][gc,phases   ] GC(183)   Pre Evacuate Collection Set: 0.35ms
[136.419s][info][gc,phases   ] GC(183)   Merge Heap Roots: 0.15ms
[136.419s][info][gc,phases   ] GC(183)   Evacuate Collection Set: 67.02ms
[136.419s][info][gc,phases   ] GC(183)   Post Evacuate Collection Set: 0.60ms
[136.419s][info][gc,phases   ] GC(183)   Other: 0.11ms
[136.419s][info][gc,heap     ] GC(183) Eden regions: 44->0(366)
[136.419s][info][gc,heap     ] GC(183) Survivor regions: 44->23(56)
[136.419s][info][gc,heap     ] GC(183) Old regions: 178->222
[136.419s][info][gc,heap     ] GC(183) Humongous regions: 21->21
[136.419s][info][gc,metaspace] GC(183) Metaspace: 41739K(42112K)->41739K(42112K) NonClass: 38936K(39168K)->38936K(39168K) Class: 2802K(2944K)->2802K(2944K)
[136.419s][info][gc          ] GC(183) Pause Young (Concurrent Start) (G1 Humongous Allocation) 285M->264M(746M) 68.456ms
[136.419s][info][gc          ] GC(184) Concurrent Mark Cycle
[136.419s][info][gc,marking  ] GC(184) Concurrent Scan Root Regions
[136.421s][info][gc,cpu      ] GC(183) User=0.13s Sys=0.00s Real=0.07s
[136.475s][info][gc,marking  ] GC(184) Concurrent Scan Root Regions 56.003ms
[136.475s][info][gc,marking  ] GC(184) Concurrent Mark
[136.475s][info][gc,marking  ] GC(184) Concurrent Mark From Roots
[136.475s][info][gc,task     ] GC(184) Using 1 workers of 1 for marking
[136.559s][info][gc,marking  ] GC(184) Concurrent Mark From Roots 84.088ms
[136.559s][info][gc,marking  ] GC(184) Concurrent Preclean
[136.560s][info][gc,marking  ] GC(184) Concurrent Preclean 0.263ms
[136.560s][info][gc,start    ] GC(184) Pause Remark
[136.574s][info][gc          ] GC(184) Pause Remark 275M->180M(584M) 14.744ms
[136.574s][info][gc,cpu      ] GC(184) User=0.03s Sys=0.00s Real=0.02s
[136.575s][info][gc,marking  ] GC(184) Concurrent Mark 99.459ms
[136.575s][info][gc,marking  ] GC(184) Concurrent Rebuild Remembered Sets and Scrub Regions
[136.646s][info][gc,marking  ] GC(184) Concurrent Rebuild Remembered Sets and Scrub Regions 70.976ms
[136.646s][info][gc,start    ] GC(184) Pause Cleanup
[136.646s][info][gc          ] GC(184) Pause Cleanup 183M->183M(584M) 0.069ms
[136.646s][info][gc,cpu      ] GC(184) User=0.00s Sys=0.00s Real=0.00s
[136.646s][info][gc,marking  ] GC(184) Concurrent Clear Claimed Marks
[136.646s][info][gc,marking  ] GC(184) Concurrent Clear Claimed Marks 0.038ms
[136.646s][info][gc,marking  ] GC(184) Concurrent Cleanup for Next Mark
[136.651s][info][gc,marking  ] GC(184) Concurrent Cleanup for Next Mark 4.775ms
[136.651s][info][gc          ] GC(184) Concurrent Mark Cycle 231.656ms
[138.341s][info][gc,start    ] GC(185) Pause Young (Prepare Mixed) (G1 Evacuation Pause)
[138.341s][info][gc,task     ] GC(185) Using 2 workers of 2 for evacuation
[138.363s][info][gc,phases   ] GC(185)   Pre Evacuate Collection Set: 0.26ms
[138.363s][info][gc,phases   ] GC(185)   Merge Heap Roots: 0.25ms
[138.363s][info][gc,phases   ] GC(185)   Evacuate Collection Set: 21.03ms
[138.363s][info][gc,phases   ] GC(185)   Post Evacuate Collection Set: 0.59ms
[138.363s][info][gc,phases   ] GC(185)   Other: 0.07ms
[138.363s][info][gc,heap     ] GC(185) Eden regions: 327->0(325)
[138.363s][info][gc,heap     ] GC(185) Survivor regions: 23->16(44)
[138.363s][info][gc,heap     ] GC(185) Old regions: 137->137
[138.363s][info][gc,heap     ] GC(185) Humongous regions: 15->13
[138.363s][info][gc,metaspace] GC(185) Metaspace: 41739K(42112K)->41739K(42112K) NonClass: 38937K(39168K)->38937K(39168K) Class: 2802K(2944K)->2802K(2944K)
[138.363s][info][gc          ] GC(185) Pause Young (Prepare Mixed) (G1 Evacuation Pause) 500M->164M(584M) 22.424ms
[138.363s][info][gc,cpu      ] GC(185) User=0.05s Sys=0.00s Real=0.03s
[140.141s][info][gc,start    ] GC(186) Pause Young (Mixed) (G1 Evacuation Pause)
[140.141s][info][gc,task     ] GC(186) Using 2 workers of 2 for evacuation
[140.172s][info][gc,phases   ] GC(186)   Pre Evacuate Collection Set: 0.26ms
[140.172s][info][gc,phases   ] GC(186)   Merge Heap Roots: 0.16ms
[140.173s][info][gc,phases   ] GC(186)   Evacuate Collection Set: 30.41ms
[140.173s][info][gc,phases   ] GC(186)   Post Evacuate Collection Set: 0.60ms
[140.173s][info][gc,phases   ] GC(186)   Other: 0.15ms
[140.173s][info][gc,heap     ] GC(186) Eden regions: 325->0(322)
[140.173s][info][gc,heap     ] GC(186) Survivor regions: 16->28(43)
[140.173s][info][gc,heap     ] GC(186) Old regions: 137->131
[140.173s][info][gc,heap     ] GC(186) Humongous regions: 13->13
[140.173s][info][gc,metaspace] GC(186) Metaspace: 41741K(42112K)->41741K(42112K) NonClass: 38939K(39168K)->38939K(39168K) Class: 2802K(2944K)->2802K(2944K)
[140.173s][info][gc          ] GC(186) Pause Young (Mixed) (G1 Evacuation Pause) 489M->169M(584M) 31.771ms
[140.173s][info][gc,cpu      ] GC(186) User=0.06s Sys=0.01s Real=0.04s
[140.648s][info][gc,start    ] GC(187) Pause Young (Concurrent Start) (G1 Humongous Allocation)
[140.648s][info][gc,task     ] GC(187) Using 2 workers of 2 for evacuation
[140.665s][info][gc,phases   ] GC(187)   Pre Evacuate Collection Set: 0.27ms
[140.665s][info][gc,phases   ] GC(187)   Merge Heap Roots: 0.15ms
[140.665s][info][gc,phases   ] GC(187)   Evacuate Collection Set: 16.87ms
[140.665s][info][gc,phases   ] GC(187)   Post Evacuate Collection Set: 0.38ms
[140.665s][info][gc,phases   ] GC(187)   Other: 0.08ms
[140.665s][info][gc,heap     ] GC(187) Eden regions: 78->0(348)
[140.665s][info][gc,heap     ] GC(187) Survivor regions: 28->2(44)
[140.665s][info][gc,heap     ] GC(187) Old regions: 131->145
[140.665s][info][gc,heap     ] GC(187) Humongous regions: 13->13
[140.665s][info][gc,metaspace] GC(187) Metaspace: 41741K(42112K)->41741K(42112K) NonClass: 38939K(39168K)->38939K(39168K) Class: 2802K(2944K)->2802K(2944K)
[140.665s][info][gc          ] GC(187) Pause Young (Concurrent Start) (G1 Humongous Allocation) 247M->157M(584M) 17.913ms
[140.666s][info][gc          ] GC(188) Concurrent Mark Cycle
[140.666s][info][gc,marking  ] GC(188) Concurrent Scan Root Regions
[140.668s][info][gc,cpu      ] GC(187) User=0.04s Sys=0.00s Real=0.02s
[140.672s][info][gc,marking  ] GC(188) Concurrent Scan Root Regions 6.494ms
[140.672s][info][gc,marking  ] GC(188) Concurrent Mark
[140.672s][info][gc,marking  ] GC(188) Concurrent Mark From Roots
[140.672s][info][gc,task     ] GC(188) Using 1 workers of 1 for marking
[140.704s][info][gc,marking  ] GC(188) Concurrent Mark From Roots 31.584ms
[140.704s][info][gc,marking  ] GC(188) Concurrent Preclean
[140.704s][info][gc,marking  ] GC(188) Concurrent Preclean 0.035ms
[140.704s][info][gc,start    ] GC(188) Pause Remark
[140.718s][info][gc          ] GC(188) Pause Remark 167M->131M(417M) 14.446ms
[140.718s][info][gc,cpu      ] GC(188) User=0.02s Sys=0.00s Real=0.01s
[140.718s][info][gc,marking  ] GC(188) Concurrent Mark 46.304ms
[140.718s][info][gc,marking  ] GC(188) Concurrent Rebuild Remembered Sets and Scrub Regions
[140.739s][info][gc,marking  ] GC(188) Concurrent Rebuild Remembered Sets and Scrub Regions 20.491ms
[140.739s][info][gc,start    ] GC(188) Pause Cleanup
[140.739s][info][gc          ] GC(188) Pause Cleanup 135M->135M(417M) 0.066ms
[140.739s][info][gc,cpu      ] GC(188) User=0.00s Sys=0.00s Real=0.00s
[140.739s][info][gc,marking  ] GC(188) Concurrent Clear Claimed Marks
[140.739s][info][gc,marking  ] GC(188) Concurrent Clear Claimed Marks 0.032ms
[140.739s][info][gc,marking  ] GC(188) Concurrent Cleanup for Next Mark
[140.740s][info][gc,marking  ] GC(188) Concurrent Cleanup for Next Mark 1.187ms
[140.740s][info][gc          ] GC(188) Concurrent Mark Cycle 74.850ms
[142.061s][info][gc,start    ] GC(189) Pause Young (Prepare Mixed) (G1 Evacuation Pause)
[142.061s][info][gc,task     ] GC(189) Using 2 workers of 2 for evacuation
[142.084s][info][gc,phases   ] GC(189)   Pre Evacuate Collection Set: 0.22ms
[142.084s][info][gc,phases   ] GC(189)   Merge Heap Roots: 0.11ms
[142.084s][info][gc,phases   ] GC(189)   Evacuate Collection Set: 22.20ms
[142.084s][info][gc,phases   ] GC(189)   Post Evacuate Collection Set: 0.54ms
[142.084s][info][gc,phases   ] GC(189)   Other: 0.10ms
[142.084s][info][gc,heap     ] GC(189) Eden regions: 248->0(222)
[142.084s][info][gc,heap     ] GC(189) Survivor regions: 2->22(32)
[142.084s][info][gc,heap     ] GC(189) Old regions: 121->121
[142.084s][info][gc,heap     ] GC(189) Humongous regions: 2->2
[142.084s][info][gc,metaspace] GC(189) Metaspace: 41741K(42112K)->41741K(42112K) NonClass: 38939K(39168K)->38939K(39168K) Class: 2802K(2944K)->2802K(2944K)
[142.084s][info][gc          ] GC(189) Pause Young (Prepare Mixed) (G1 Evacuation Pause) 371M->143M(417M) 23.350ms
[142.085s][info][gc,cpu      ] GC(189) User=0.05s Sys=0.00s Real=0.03s
[142.670s][info][gc,start    ] GC(190) Pause Young (Mixed) (G1 Evacuation Pause)
[142.670s][info][gc,task     ] GC(190) Using 2 workers of 2 for evacuation
[142.720s][info][gc,phases   ] GC(190)   Pre Evacuate Collection Set: 0.24ms
[142.720s][info][gc,phases   ] GC(190)   Merge Heap Roots: 0.15ms
[142.720s][info][gc,phases   ] GC(190)   Evacuate Collection Set: 49.45ms
[142.720s][info][gc,phases   ] GC(190)   Post Evacuate Collection Set: 0.59ms
[142.720s][info][gc,phases   ] GC(190)   Other: 0.08ms
[142.720s][info][gc,heap     ] GC(190) Eden regions: 222->0(222)
[142.720s][info][gc,heap     ] GC(190) Survivor regions: 22->31(31)
[142.720s][info][gc,heap     ] GC(190) Old regions: 121->101
[142.720s][info][gc,heap     ] GC(190) Humongous regions: 5->5
[142.720s][info][gc,metaspace] GC(190) Metaspace: 41741K(42112K)->41741K(42112K) NonClass: 38939K(39168K)->38939K(39168K) Class: 2802K(2944K)->2802K(2944K)
[142.720s][info][gc          ] GC(190) Pause Young (Mixed) (G1 Evacuation Pause) 368M->135M(423M) 50.713ms
[142.720s][info][gc,cpu      ] GC(190) User=0.09s Sys=0.01s Real=0.05s
[143.213s][info][gc,start    ] GC(191) Pause Young (Mixed) (G1 Evacuation Pause)
[143.213s][info][gc,task     ] GC(191) Using 2 workers of 2 for evacuation
[143.269s][info][gc,phases   ] GC(191)   Pre Evacuate Collection Set: 0.20ms
[143.269s][info][gc,phases   ] GC(191)   Merge Heap Roots: 0.15ms
[143.269s][info][gc,phases   ] GC(191)   Evacuate Collection Set: 54.52ms
[143.269s][info][gc,phases   ] GC(191)   Post Evacuate Collection Set: 0.49ms
[143.269s][info][gc,phases   ] GC(191)   Other: 0.08ms
[143.269s][info][gc,heap     ] GC(191) Eden regions: 222->0(213)
[143.269s][info][gc,heap     ] GC(191) Survivor regions: 31->26(32)
[143.269s][info][gc,heap     ] GC(191) Old regions: 101->114
[143.269s][info][gc,heap     ] GC(191) Humongous regions: 7->7
[143.269s][info][gc,metaspace] GC(191) Metaspace: 41741K(42112K)->41741K(42112K) NonClass: 38939K(39168K)->38939K(39168K) Class: 2802K(2944K)->2802K(2944K)
[143.269s][info][gc          ] GC(191) Pause Young (Mixed) (G1 Evacuation Pause) 359M->145M(423M) 55.653ms
[143.269s][info][gc,cpu      ] GC(191) User=0.11s Sys=0.00s Real=0.05s
[143.591s][info][gc,start    ] GC(192) Pause Young (Concurrent Start) (G1 Humongous Allocation)
[143.592s][info][gc,task     ] GC(192) Using 2 workers of 2 for evacuation
[143.635s][info][gc,phases   ] GC(192)   Pre Evacuate Collection Set: 0.20ms
[143.635s][info][gc,phases   ] GC(192)   Merge Heap Roots: 0.08ms
[143.635s][info][gc,phases   ] GC(192)   Evacuate Collection Set: 42.25ms
[143.635s][info][gc,phases   ] GC(192)   Post Evacuate Collection Set: 0.50ms
[143.635s][info][gc,phases   ] GC(192)   Other: 0.17ms
[143.635s][info][gc,heap     ] GC(192) Eden regions: 149->0(199)
[143.635s][info][gc,heap     ] GC(192) Survivor regions: 26->18(30)
[143.635s][info][gc,heap     ] GC(192) Old regions: 114->140
[143.635s][info][gc,heap     ] GC(192) Humongous regions: 7->7
[143.635s][info][gc,metaspace] GC(192) Metaspace: 41741K(42112K)->41741K(42112K) NonClass: 38939K(39168K)->38939K(39168K) Class: 2802K(2944K)->2802K(2944K)
[143.635s][info][gc          ] GC(192) Pause Young (Concurrent Start) (G1 Humongous Allocation) 293M->163M(423M) 43.406ms
[143.635s][info][gc,cpu      ] GC(192) User=0.08s Sys=0.00s Real=0.05s
[143.635s][info][gc          ] GC(193) Concurrent Mark Cycle
[143.635s][info][gc,marking  ] GC(193) Concurrent Scan Root Regions
[143.666s][info][gc,marking  ] GC(193) Concurrent Scan Root Regions 31.170ms
[143.666s][info][gc,marking  ] GC(193) Concurrent Mark
[143.666s][info][gc,marking  ] GC(193) Concurrent Mark From Roots
[143.666s][info][gc,task     ] GC(193) Using 1 workers of 1 for marking
[143.730s][info][gc,marking  ] GC(193) Concurrent Mark From Roots 63.624ms
[143.730s][info][gc,marking  ] GC(193) Concurrent Preclean
[143.730s][info][gc,marking  ] GC(193) Concurrent Preclean 0.039ms
[143.730s][info][gc,start    ] GC(193) Pause Remark
[143.745s][info][gc          ] GC(193) Pause Remark 193M->164M(423M) 15.135ms
[143.745s][info][gc,cpu      ] GC(193) User=0.02s Sys=0.00s Real=0.02s
[143.745s][info][gc,marking  ] GC(193) Concurrent Mark 79.184ms
[143.745s][info][gc,marking  ] GC(193) Concurrent Rebuild Remembered Sets and Scrub Regions
[143.799s][info][gc,marking  ] GC(193) Concurrent Rebuild Remembered Sets and Scrub Regions 53.162ms
[143.799s][info][gc,start    ] GC(193) Pause Cleanup
[143.799s][info][gc          ] GC(193) Pause Cleanup 191M->191M(423M) 0.049ms
[143.799s][info][gc,cpu      ] GC(193) User=0.00s Sys=0.00s Real=0.00s
[143.799s][info][gc,marking  ] GC(193) Concurrent Clear Claimed Marks
[143.799s][info][gc,marking  ] GC(193) Concurrent Clear Claimed Marks 0.034ms
[143.799s][info][gc,marking  ] GC(193) Concurrent Cleanup for Next Mark
[143.800s][info][gc,marking  ] GC(193) Concurrent Cleanup for Next Mark 1.292ms
[143.800s][info][gc          ] GC(193) Concurrent Mark Cycle 165.174ms
[144.982s][info][gc,start    ] GC(194) Pause Young (Prepare Mixed) (G1 Evacuation Pause)
[144.982s][info][gc,task     ] GC(194) Using 2 workers of 2 for evacuation
[145.038s][info][gc,phases   ] GC(194)   Pre Evacuate Collection Set: 0.30ms
[145.038s][info][gc,phases   ] GC(194)   Merge Heap Roots: 0.20ms
[145.038s][info][gc,phases   ] GC(194)   Evacuate Collection Set: 54.71ms
[145.038s][info][gc,phases   ] GC(194)   Post Evacuate Collection Set: 0.50ms
[145.038s][info][gc,phases   ] GC(194)   Other: 0.07ms
[145.038s][info][gc,heap     ] GC(194) Eden regions: 199->0(199)
[145.038s][info][gc,heap     ] GC(194) Survivor regions: 18->22(28)
[145.038s][info][gc,heap     ] GC(194) Old regions: 112->129
[145.038s][info][gc,heap     ] GC(194) Humongous regions: 17->15
[145.038s][info][gc,metaspace] GC(194) Metaspace: 41741K(42112K)->41741K(42112K) NonClass: 38939K(39168K)->38939K(39168K) Class: 2802K(2944K)->2802K(2944K)
[145.038s][info][gc          ] GC(194) Pause Young (Prepare Mixed) (G1 Evacuation Pause) 344M->165M(423M) 55.960ms
[145.038s][info][gc,cpu      ] GC(194) User=0.11s Sys=0.00s Real=0.06s
[145.760s][info][gc,start    ] GC(195) Pause Young (Mixed) (G1 Evacuation Pause)
[145.761s][info][gc,task     ] GC(195) Using 2 workers of 2 for evacuation
[145.800s][info][gc,phases   ] GC(195)   Pre Evacuate Collection Set: 0.23ms
[145.800s][info][gc,phases   ] GC(195)   Merge Heap Roots: 0.22ms
[145.800s][info][gc,phases   ] GC(195)   Evacuate Collection Set: 38.17ms
[145.800s][info][gc,phases   ] GC(195)   Post Evacuate Collection Set: 0.49ms
[145.800s][info][gc,phases   ] GC(195)   Other: 0.08ms
[145.800s][info][gc,heap     ] GC(195) Eden regions: 199->0(212)
[145.800s][info][gc,heap     ] GC(195) Survivor regions: 22->9(28)
[145.800s][info][gc,heap     ] GC(195) Old regions: 129->130
[145.800s][info][gc,heap     ] GC(195) Humongous regions: 15->15
[145.800s][info][gc,metaspace] GC(195) Metaspace: 41741K(42112K)->41741K(42112K) NonClass: 38939K(39168K)->38939K(39168K) Class: 2802K(2944K)->2802K(2944K)
[145.800s][info][gc          ] GC(195) Pause Young (Mixed) (G1 Evacuation Pause) 364M->154M(423M) 39.410ms
[145.800s][info][gc,cpu      ] GC(195) User=0.08s Sys=0.00s Real=0.04s
[146.898s][info][gc,start    ] GC(196) Pause Young (Concurrent Start) (G1 Evacuation Pause)
[146.898s][info][gc,task     ] GC(196) Using 2 workers of 2 for evacuation
[146.903s][info][gc,phases   ] GC(196)   Pre Evacuate Collection Set: 0.22ms
[146.903s][info][gc,phases   ] GC(196)   Merge Heap Roots: 0.07ms
[146.903s][info][gc,phases   ] GC(196)   Evacuate Collection Set: 4.38ms
[146.903s][info][gc,phases   ] GC(196)   Post Evacuate Collection Set: 0.42ms
[146.903s][info][gc,phases   ] GC(196)   Other: 0.09ms
[146.903s][info][gc,heap     ] GC(196) Eden regions: 212->0(222)
[146.903s][info][gc,heap     ] GC(196) Survivor regions: 9->8(28)
[146.903s][info][gc,heap     ] GC(196) Old regions: 130->130
[146.903s][info][gc,heap     ] GC(196) Humongous regions: 15->15
[146.903s][info][gc,metaspace] GC(196) Metaspace: 41742K(42112K)->41742K(42112K) NonClass: 38939K(39168K)->38939K(39168K) Class: 2802K(2944K)->2802K(2944K)
[146.903s][info][gc          ] GC(196) Pause Young (Concurrent Start) (G1 Evacuation Pause) 366M->152M(423M) 5.337ms
[146.904s][info][gc,cpu      ] GC(196) User=0.01s Sys=0.00s Real=0.01s
[146.904s][info][gc          ] GC(197) Concurrent Mark Cycle
[146.904s][info][gc,marking  ] GC(197) Concurrent Scan Root Regions
[146.909s][info][gc,marking  ] GC(197) Concurrent Scan Root Regions 5.618ms
[146.909s][info][gc,marking  ] GC(197) Concurrent Mark
[146.909s][info][gc,marking  ] GC(197) Concurrent Mark From Roots
[146.909s][info][gc,task     ] GC(197) Using 1 workers of 1 for marking
[146.945s][info][gc,marking  ] GC(197) Concurrent Mark From Roots 35.536ms
[146.945s][info][gc,marking  ] GC(197) Concurrent Preclean
[146.945s][info][gc,marking  ] GC(197) Concurrent Preclean 0.037ms
[146.945s][info][gc,start    ] GC(197) Pause Remark
[146.958s][info][gc          ] GC(197) Pause Remark 159M->59M(256M) 12.933ms
[146.958s][info][gc,cpu      ] GC(197) User=0.02s Sys=0.00s Real=0.01s
[146.958s][info][gc,marking  ] GC(197) Concurrent Mark 48.772ms
[146.958s][info][gc,marking  ] GC(197) Concurrent Rebuild Remembered Sets and Scrub Regions
[146.971s][info][gc,marking  ] GC(197) Concurrent Rebuild Remembered Sets and Scrub Regions 12.509ms
[146.971s][info][gc,start    ] GC(197) Pause Cleanup
[146.971s][info][gc          ] GC(197) Pause Cleanup 62M->62M(256M) 0.037ms
[146.971s][info][gc,cpu      ] GC(197) User=0.00s Sys=0.00s Real=0.00s
[146.971s][info][gc,marking  ] GC(197) Concurrent Clear Claimed Marks
[146.971s][info][gc,marking  ] GC(197) Concurrent Clear Claimed Marks 0.034ms
[146.971s][info][gc,marking  ] GC(197) Concurrent Cleanup for Next Mark
[146.972s][info][gc,marking  ] GC(197) Concurrent Cleanup for Next Mark 0.759ms
[146.972s][info][gc          ] GC(197) Concurrent Mark Cycle 67.985ms
[147.710s][info][gc,start    ] GC(198) Pause Young (Prepare Mixed) (G1 Evacuation Pause)
[147.710s][info][gc,task     ] GC(198) Using 2 workers of 2 for evacuation
[147.717s][info][gc,phases   ] GC(198)   Pre Evacuate Collection Set: 0.14ms
[147.717s][info][gc,phases   ] GC(198)   Merge Heap Roots: 0.06ms
[147.717s][info][gc,phases   ] GC(198)   Evacuate Collection Set: 6.26ms
[147.717s][info][gc,phases   ] GC(198)   Post Evacuate Collection Set: 0.38ms
[147.717s][info][gc,phases   ] GC(198)   Other: 0.07ms
[147.717s][info][gc,heap     ] GC(198) Eden regions: 145->0(144)
[147.717s][info][gc,heap     ] GC(198) Survivor regions: 8->9(20)
[147.717s][info][gc,heap     ] GC(198) Old regions: 44->44
[147.717s][info][gc,heap     ] GC(198) Humongous regions: 1->1
[147.717s][info][gc,metaspace] GC(198) Metaspace: 41743K(42112K)->41743K(42112K) NonClass: 38940K(39168K)->38940K(39168K) Class: 2802K(2944K)->2802K(2944K)
[147.717s][info][gc          ] GC(198) Pause Young (Prepare Mixed) (G1 Evacuation Pause) 197M->54M(256M) 7.092ms
[147.717s][info][gc,cpu      ] GC(198) User=0.01s Sys=0.00s Real=0.01s
[148.491s][info][gc,start    ] GC(199) Pause Young (Mixed) (G1 Evacuation Pause)
[148.491s][info][gc,task     ] GC(199) Using 2 workers of 2 for evacuation
[148.495s][info][gc,phases   ] GC(199)   Pre Evacuate Collection Set: 0.15ms
[148.495s][info][gc,phases   ] GC(199)   Merge Heap Roots: 0.07ms
[148.495s][info][gc,phases   ] GC(199)   Evacuate Collection Set: 3.52ms
[148.495s][info][gc,phases   ] GC(199)   Post Evacuate Collection Set: 0.37ms
[148.495s][info][gc,phases   ] GC(199)   Other: 0.09ms
[148.495s][info][gc,heap     ] GC(199) Eden regions: 144->0(147)
[148.495s][info][gc,heap     ] GC(199) Survivor regions: 9->6(20)
[148.495s][info][gc,heap     ] GC(199) Old regions: 44->41
[148.495s][info][gc,heap     ] GC(199) Humongous regions: 1->1
[148.495s][info][gc,metaspace] GC(199) Metaspace: 41743K(42112K)->41743K(42112K) NonClass: 38940K(39168K)->38940K(39168K) Class: 2802K(2944K)->2802K(2944K)
[148.495s][info][gc          ] GC(199) Pause Young (Mixed) (G1 Evacuation Pause) 198M->46M(256M) 4.358ms
[148.495s][info][gc,cpu      ] GC(199) User=0.01s Sys=0.00s Real=0.01s
[148.662s][info][gc,start    ] GC(200) Pause Young (Concurrent Start) (G1 Humongous Allocation)
[148.662s][info][gc,task     ] GC(200) Using 2 workers of 2 for evacuation
[148.666s][info][gc,phases   ] GC(200)   Pre Evacuate Collection Set: 0.17ms
[148.666s][info][gc,phases   ] GC(200)   Merge Heap Roots: 0.04ms
[148.666s][info][gc,phases   ] GC(200)   Evacuate Collection Set: 3.00ms
[148.666s][info][gc,phases   ] GC(200)   Post Evacuate Collection Set: 0.28ms
[148.666s][info][gc,phases   ] GC(200)   Other: 0.12ms
[148.666s][info][gc,heap     ] GC(200) Eden regions: 30->0(147)
[148.666s][info][gc,heap     ] GC(200) Survivor regions: 6->6(20)
[148.666s][info][gc,heap     ] GC(200) Old regions: 41->41
[148.666s][info][gc,heap     ] GC(200) Humongous regions: 1->1
[148.666s][info][gc,metaspace] GC(200) Metaspace: 41743K(42112K)->41743K(42112K) NonClass: 38940K(39168K)->38940K(39168K) Class: 2802K(2944K)->2802K(2944K)
[148.666s][info][gc          ] GC(200) Pause Young (Concurrent Start) (G1 Humongous Allocation) 76M->46M(256M) 3.759ms
[148.666s][info][gc,cpu      ] GC(200) User=0.01s Sys=0.00s Real=0.01s
[148.666s][info][gc          ] GC(201) Concurrent Mark Cycle
[148.666s][info][gc,marking  ] GC(201) Concurrent Scan Root Regions
[148.672s][info][gc,marking  ] GC(201) Concurrent Scan Root Regions 5.907ms
[148.672s][info][gc,marking  ] GC(201) Concurrent Mark
[148.672s][info][gc,marking  ] GC(201) Concurrent Mark From Roots
[148.672s][info][gc,task     ] GC(201) Using 1 workers of 1 for marking
[148.706s][info][gc,marking  ] GC(201) Concurrent Mark From Roots 33.946ms
[148.706s][info][gc,marking  ] GC(201) Concurrent Preclean
[148.706s][info][gc,marking  ] GC(201) Concurrent Preclean 0.039ms
[148.706s][info][gc,start    ] GC(201) Pause Remark
[148.719s][info][gc          ] GC(201) Pause Remark 56M->56M(256M) 12.894ms
[148.719s][info][gc,cpu      ] GC(201) User=0.03s Sys=0.00s Real=0.01s
[148.720s][info][gc,marking  ] GC(201) Concurrent Mark 48.345ms
[148.720s][info][gc,marking  ] GC(201) Concurrent Rebuild Remembered Sets and Scrub Regions
[148.733s][info][gc,marking  ] GC(201) Concurrent Rebuild Remembered Sets and Scrub Regions 12.645ms
[148.733s][info][gc,start    ] GC(201) Pause Cleanup
[148.733s][info][gc          ] GC(201) Pause Cleanup 58M->58M(256M) 0.039ms
[148.733s][info][gc,cpu      ] GC(201) User=0.00s Sys=0.00s Real=0.00s
[148.733s][info][gc,marking  ] GC(201) Concurrent Clear Claimed Marks
[148.733s][info][gc,marking  ] GC(201) Concurrent Clear Claimed Marks 0.032ms
[148.733s][info][gc,marking  ] GC(201) Concurrent Cleanup for Next Mark
[148.734s][info][gc,marking  ] GC(201) Concurrent Cleanup for Next Mark 0.770ms
[148.734s][info][gc          ] GC(201) Concurrent Mark Cycle 68.001ms
[149.457s][info][gc,start    ] GC(202) Pause Young (Prepare Mixed) (G1 Evacuation Pause)
[149.457s][info][gc,task     ] GC(202) Using 2 workers of 2 for evacuation
[149.462s][info][gc,phases   ] GC(202)   Pre Evacuate Collection Set: 0.15ms
[149.462s][info][gc,phases   ] GC(202)   Merge Heap Roots: 0.08ms
[149.462s][info][gc,phases   ] GC(202)   Evacuate Collection Set: 4.67ms
[149.462s][info][gc,phases   ] GC(202)   Post Evacuate Collection Set: 0.37ms
[149.462s][info][gc,phases   ] GC(202)   Other: 0.07ms
[149.462s][info][gc,heap     ] GC(202) Eden regions: 147->0(146)
[149.463s][info][gc,heap     ] GC(202) Survivor regions: 6->7(20)
[149.463s][info][gc,heap     ] GC(202) Old regions: 41->41
[149.463s][info][gc,heap     ] GC(202) Humongous regions: 2->1
[149.463s][info][gc,metaspace] GC(202) Metaspace: 41743K(42112K)->41743K(42112K) NonClass: 38940K(39168K)->38940K(39168K) Class: 2802K(2944K)->2802K(2944K)
[149.463s][info][gc          ] GC(202) Pause Young (Prepare Mixed) (G1 Evacuation Pause) 194M->47M(256M) 5.497ms
[149.463s][info][gc,cpu      ] GC(202) User=0.01s Sys=0.00s Real=0.01s
[150.181s][info][gc,start    ] GC(203) Pause Young (Mixed) (G1 Evacuation Pause)
[150.181s][info][gc,task     ] GC(203) Using 2 workers of 2 for evacuation
[150.188s][info][gc,phases   ] GC(203)   Pre Evacuate Collection Set: 0.15ms
[150.188s][info][gc,phases   ] GC(203)   Merge Heap Roots: 0.07ms
[150.188s][info][gc,phases   ] GC(203)   Evacuate Collection Set: 6.35ms
[150.188s][info][gc,phases   ] GC(203)   Post Evacuate Collection Set: 0.46ms
[150.188s][info][gc,phases   ] GC(203)   Other: 0.07ms
[150.188s][info][gc,heap     ] GC(203) Eden regions: 146->0(145)
[150.188s][info][gc,heap     ] GC(203) Survivor regions: 7->8(20)
[150.188s][info][gc,heap     ] GC(203) Old regions: 41->36
[150.188s][info][gc,heap     ] GC(203) Humongous regions: 5->3
[150.188s][info][gc,metaspace] GC(203) Metaspace: 41756K(42176K)->41756K(42176K) NonClass: 38953K(39232K)->38953K(39232K) Class: 2802K(2944K)->2802K(2944K)
[150.188s][info][gc          ] GC(203) Pause Young (Mixed) (G1 Evacuation Pause) 197M->46M(256M) 7.267ms
[150.188s][info][gc,cpu      ] GC(203) User=0.01s Sys=0.00s Real=0.01s
[150.435s][info][gc,start    ] GC(204) Pause Young (Concurrent Start) (G1 Humongous Allocation)
[150.435s][info][gc,task     ] GC(204) Using 2 workers of 2 for evacuation
[150.440s][info][gc,phases   ] GC(204)   Pre Evacuate Collection Set: 0.16ms
[150.440s][info][gc,phases   ] GC(204)   Merge Heap Roots: 0.04ms
[150.440s][info][gc,phases   ] GC(204)   Evacuate Collection Set: 4.48ms
[150.440s][info][gc,phases   ] GC(204)   Post Evacuate Collection Set: 0.33ms
[150.440s][info][gc,phases   ] GC(204)   Other: 0.08ms
[150.440s][info][gc,heap     ] GC(204) Eden regions: 60->0(145)
[150.440s][info][gc,heap     ] GC(204) Survivor regions: 8->8(20)
[150.440s][info][gc,heap     ] GC(204) Old regions: 36->36
[150.440s][info][gc,heap     ] GC(204) Humongous regions: 3->1
[150.440s][info][gc,metaspace] GC(204) Metaspace: 41756K(42176K)->41756K(42176K) NonClass: 38954K(39232K)->38954K(39232K) Class: 2802K(2944K)->2802K(2944K)
[150.440s][info][gc          ] GC(204) Pause Young (Concurrent Start) (G1 Humongous Allocation) 106M->44M(256M) 5.249ms
[150.440s][info][gc,cpu      ] GC(204) User=0.01s Sys=0.00s Real=0.00s
[150.440s][info][gc          ] GC(205) Concurrent Mark Cycle
[150.440s][info][gc,marking  ] GC(205) Concurrent Scan Root Regions
[150.454s][info][gc,marking  ] GC(205) Concurrent Scan Root Regions 13.819ms
[150.454s][info][gc,marking  ] GC(205) Concurrent Mark
[150.454s][info][gc,marking  ] GC(205) Concurrent Mark From Roots
[150.454s][info][gc,task     ] GC(205) Using 1 workers of 1 for marking
[150.490s][info][gc,marking  ] GC(205) Concurrent Mark From Roots 35.293ms
[150.490s][info][gc,marking  ] GC(205) Concurrent Preclean
[150.490s][info][gc,marking  ] GC(205) Concurrent Preclean 0.037ms
[150.490s][info][gc,start    ] GC(205) Pause Remark
[150.502s][info][gc          ] GC(205) Pause Remark 55M->55M(256M) 12.586ms
[150.502s][info][gc,cpu      ] GC(205) User=0.02s Sys=0.00s Real=0.02s
[150.502s][info][gc,marking  ] GC(205) Concurrent Mark 48.235ms
[150.502s][info][gc,marking  ] GC(205) Concurrent Rebuild Remembered Sets and Scrub Regions
[150.515s][info][gc,marking  ] GC(205) Concurrent Rebuild Remembered Sets and Scrub Regions 12.685ms
[150.515s][info][gc,start    ] GC(205) Pause Cleanup
[150.515s][info][gc          ] GC(205) Pause Cleanup 58M->58M(256M) 0.037ms
[150.515s][info][gc,cpu      ] GC(205) User=0.00s Sys=0.00s Real=0.00s
[150.515s][info][gc,marking  ] GC(205) Concurrent Clear Claimed Marks
[150.515s][info][gc,marking  ] GC(205) Concurrent Clear Claimed Marks 0.034ms
[150.515s][info][gc,marking  ] GC(205) Concurrent Cleanup for Next Mark
[150.516s][info][gc,marking  ] GC(205) Concurrent Cleanup for Next Mark 0.750ms
[150.516s][info][gc          ] GC(205) Concurrent Mark Cycle 75.830ms
[151.014s][info][gc,start    ] GC(206) Pause Young (Prepare Mixed) (G1 Evacuation Pause)
[151.014s][info][gc,task     ] GC(206) Using 2 workers of 2 for evacuation
[151.027s][info][gc,phases   ] GC(206)   Pre Evacuate Collection Set: 0.15ms
[151.027s][info][gc,phases   ] GC(206)   Merge Heap Roots: 0.08ms
[151.027s][info][gc,phases   ] GC(206)   Evacuate Collection Set: 11.87ms
[151.027s][info][gc,phases   ] GC(206)   Post Evacuate Collection Set: 0.43ms
[151.027s][info][gc,phases   ] GC(206)   Other: 0.09ms
[151.027s][info][gc,heap     ] GC(206) Eden regions: 145->0(135)
[151.027s][info][gc,heap     ] GC(206) Survivor regions: 8->18(20)
[151.027s][info][gc,heap     ] GC(206) Old regions: 36->36
[151.027s][info][gc,heap     ] GC(206) Humongous regions: 18->3
[151.027s][info][gc,metaspace] GC(206) Metaspace: 41762K(42176K)->41762K(42176K) NonClass: 38960K(39232K)->38960K(39232K) Class: 2802K(2944K)->2802K(2944K)
[151.027s][info][gc          ] GC(206) Pause Young (Prepare Mixed) (G1 Evacuation Pause) 206M->56M(256M) 12.779ms
[151.027s][info][gc,cpu      ] GC(206) User=0.02s Sys=0.00s Real=0.01s
[151.616s][info][gc,start    ] GC(207) Pause Young (Mixed) (G1 Evacuation Pause)
[151.616s][info][gc,task     ] GC(207) Using 2 workers of 2 for evacuation
[151.629s][info][gc,phases   ] GC(207)   Pre Evacuate Collection Set: 0.15ms
[151.629s][info][gc,phases   ] GC(207)   Merge Heap Roots: 0.06ms
[151.629s][info][gc,phases   ] GC(207)   Evacuate Collection Set: 12.34ms
[151.629s][info][gc,phases   ] GC(207)   Post Evacuate Collection Set: 0.49ms
[151.629s][info][gc,phases   ] GC(207)   Other: 0.10ms
[151.629s][info][gc,heap     ] GC(207) Eden regions: 135->0(145)
[151.629s][info][gc,heap     ] GC(207) Survivor regions: 18->8(20)
[151.629s][info][gc,heap     ] GC(207) Old regions: 36->41
[151.629s][info][gc,heap     ] GC(207) Humongous regions: 6->3
[151.629s][info][gc,metaspace] GC(207) Metaspace: 41762K(42176K)->41762K(42176K) NonClass: 38960K(39232K)->38960K(39232K) Class: 2802K(2944K)->2802K(2944K)
[151.629s][info][gc          ] GC(207) Pause Young (Mixed) (G1 Evacuation Pause) 194M->51M(256M) 13.309ms
[151.629s][info][gc,cpu      ] GC(207) User=0.02s Sys=0.00s Real=0.01s
[151.673s][info][gc,start    ] GC(208) Pause Young (Concurrent Start) (G1 Humongous Allocation)
[151.673s][info][gc,task     ] GC(208) Using 2 workers of 2 for evacuation
[151.675s][info][gc,phases   ] GC(208)   Pre Evacuate Collection Set: 0.20ms
[151.675s][info][gc,phases   ] GC(208)   Merge Heap Roots: 0.06ms
[151.675s][info][gc,phases   ] GC(208)   Evacuate Collection Set: 1.29ms
[151.675s][info][gc,phases   ] GC(208)   Post Evacuate Collection Set: 0.27ms
[151.675s][info][gc,phases   ] GC(208)   Other: 0.09ms
[151.675s][info][gc,heap     ] GC(208) Eden regions: 9->0(151)
[151.675s][info][gc,heap     ] GC(208) Survivor regions: 8->2(20)
[151.675s][info][gc,heap     ] GC(208) Old regions: 41->41
[151.675s][info][gc,heap     ] GC(208) Humongous regions: 3->1
[151.675s][info][gc,metaspace] GC(208) Metaspace: 41762K(42176K)->41762K(42176K) NonClass: 38960K(39232K)->38960K(39232K) Class: 2802K(2944K)->2802K(2944K)
[151.675s][info][gc          ] GC(208) Pause Young (Concurrent Start) (G1 Humongous Allocation) 60M->43M(256M) 2.095ms
[151.675s][info][gc,cpu      ] GC(208) User=0.01s Sys=0.00s Real=0.00s
[151.675s][info][gc          ] GC(209) Concurrent Mark Cycle
[151.675s][info][gc,marking  ] GC(209) Concurrent Scan Root Regions
[151.677s][info][gc,marking  ] GC(209) Concurrent Scan Root Regions 1.475ms
[151.677s][info][gc,marking  ] GC(209) Concurrent Mark
[151.677s][info][gc,marking  ] GC(209) Concurrent Mark From Roots
[151.677s][info][gc,task     ] GC(209) Using 1 workers of 1 for marking
[151.742s][info][gc,marking  ] GC(209) Concurrent Mark From Roots 65.312ms
[151.742s][info][gc,marking  ] GC(209) Concurrent Preclean
[151.742s][info][gc,marking  ] GC(209) Concurrent Preclean 0.046ms
[151.742s][info][gc,start    ] GC(209) Pause Remark
[151.757s][info][gc          ] GC(209) Pause Remark 58M->58M(256M) 15.274ms
[151.758s][info][gc,cpu      ] GC(209) User=0.03s Sys=0.00s Real=0.01s
[151.758s][info][gc,marking  ] GC(209) Concurrent Mark 80.922ms
[151.758s][info][gc,marking  ] GC(209) Concurrent Rebuild Remembered Sets and Scrub Regions
[151.791s][info][gc,marking  ] GC(209) Concurrent Rebuild Remembered Sets and Scrub Regions 33.417ms
[151.792s][info][gc,start    ] GC(209) Pause Cleanup
[151.792s][info][gc          ] GC(209) Pause Cleanup 63M->63M(256M) 0.050ms
[151.792s][info][gc,cpu      ] GC(209) User=0.00s Sys=0.00s Real=0.00s
[151.792s][info][gc,marking  ] GC(209) Concurrent Clear Claimed Marks
[151.792s][info][gc,marking  ] GC(209) Concurrent Clear Claimed Marks 0.048ms
[151.792s][info][gc,marking  ] GC(209) Concurrent Cleanup for Next Mark
[151.794s][info][gc,marking  ] GC(209) Concurrent Cleanup for Next Mark 2.244ms
[151.794s][info][gc          ] GC(209) Concurrent Mark Cycle 118.868ms
[152.373s][info][gc,start    ] GC(210) Pause Young (Prepare Mixed) (G1 Evacuation Pause)
[152.374s][info][gc,task     ] GC(210) Using 2 workers of 2 for evacuation
[152.389s][info][gc,phases   ] GC(210)   Pre Evacuate Collection Set: 0.16ms
[152.389s][info][gc,phases   ] GC(210)   Merge Heap Roots: 0.06ms
[152.389s][info][gc,phases   ] GC(210)   Evacuate Collection Set: 15.11ms
[152.389s][info][gc,phases   ] GC(210)   Post Evacuate Collection Set: 0.51ms
[152.389s][info][gc,phases   ] GC(210)   Other: 0.09ms
[152.389s][info][gc,heap     ] GC(210) Eden regions: 151->0(133)
[152.390s][info][gc,heap     ] GC(210) Survivor regions: 2->20(20)
[152.390s][info][gc,heap     ] GC(210) Old regions: 41->41
[152.390s][info][gc,heap     ] GC(210) Humongous regions: 9->3
[152.390s][info][gc,metaspace] GC(210) Metaspace: 41764K(42176K)->41764K(42176K) NonClass: 38961K(39232K)->38961K(39232K) Class: 2802K(2944K)->2802K(2944K)
[152.390s][info][gc          ] GC(210) Pause Young (Prepare Mixed) (G1 Evacuation Pause) 202M->63M(256M) 16.075ms
[152.390s][info][gc,cpu      ] GC(210) User=0.03s Sys=0.00s Real=0.01s
[152.951s][info][gc,start    ] GC(211) Pause Young (Mixed) (G1 Evacuation Pause)
[152.951s][info][gc,task     ] GC(211) Using 2 workers of 2 for evacuation
[152.958s][info][gc,phases   ] GC(211)   Pre Evacuate Collection Set: 0.15ms
[152.958s][info][gc,phases   ] GC(211)   Merge Heap Roots: 0.07ms
[152.958s][info][gc,phases   ] GC(211)   Evacuate Collection Set: 6.22ms
[152.958s][info][gc,phases   ] GC(211)   Post Evacuate Collection Set: 0.46ms
[152.958s][info][gc,phases   ] GC(211)   Other: 0.07ms
[152.958s][info][gc,heap     ] GC(211) Eden regions: 133->0(151)
[152.958s][info][gc,heap     ] GC(211) Survivor regions: 20->2(20)
[152.958s][info][gc,heap     ] GC(211) Old regions: 41->40
[152.958s][info][gc,heap     ] GC(211) Humongous regions: 7->3
[152.958s][info][gc,metaspace] GC(211) Metaspace: 41768K(42176K)->41768K(42176K) NonClass: 38965K(39232K)->38965K(39232K) Class: 2802K(2944K)->2802K(2944K)
[152.958s][info][gc          ] GC(211) Pause Young (Mixed) (G1 Evacuation Pause) 200M->44M(256M) 7.128ms
[152.958s][info][gc,cpu      ] GC(211) User=0.01s Sys=0.00s Real=0.01s
[153.017s][info][gc,start    ] GC(212) Pause Young (Concurrent Start) (G1 Humongous Allocation)
[153.017s][info][gc,task     ] GC(212) Using 2 workers of 2 for evacuation
[153.021s][info][gc,phases   ] GC(212)   Pre Evacuate Collection Set: 0.18ms
[153.021s][info][gc,phases   ] GC(212)   Merge Heap Roots: 0.05ms
[153.021s][info][gc,phases   ] GC(212)   Evacuate Collection Set: 2.88ms
[153.021s][info][gc,phases   ] GC(212)   Post Evacuate Collection Set: 0.36ms
[153.021s][info][gc,phases   ] GC(212)   Other: 0.11ms
[153.021s][info][gc,heap     ] GC(212) Eden regions: 18->0(151)
[153.021s][info][gc,heap     ] GC(212) Survivor regions: 2->2(20)
[153.021s][info][gc,heap     ] GC(212) Old regions: 40->40
[153.021s][info][gc,heap     ] GC(212) Humongous regions: 3->1
[153.021s][info][gc,metaspace] GC(212) Metaspace: 41768K(42176K)->41768K(42176K) NonClass: 38965K(39232K)->38965K(39232K) Class: 2802K(2944K)->2802K(2944K)
[153.021s][info][gc          ] GC(212) Pause Young (Concurrent Start) (G1 Humongous Allocation) 62M->42M(256M) 3.782ms
[153.021s][info][gc          ] GC(213) Concurrent Mark Cycle
[153.021s][info][gc,marking  ] GC(213) Concurrent Scan Root Regions
[153.023s][info][gc,marking  ] GC(213) Concurrent Scan Root Regions 1.774ms
[153.023s][info][gc,marking  ] GC(213) Concurrent Mark
[153.023s][info][gc,marking  ] GC(213) Concurrent Mark From Roots
[153.023s][info][gc,task     ] GC(213) Using 1 workers of 1 for marking
[153.023s][info][gc,cpu      ] GC(212) User=0.01s Sys=0.00s Real=0.01s
[153.074s][info][gc,marking  ] GC(213) Concurrent Mark From Roots 50.721ms
[153.074s][info][gc,marking  ] GC(213) Concurrent Preclean
[153.074s][info][gc,marking  ] GC(213) Concurrent Preclean 0.042ms
[153.074s][info][gc,start    ] GC(213) Pause Remark
[153.086s][info][gc          ] GC(213) Pause Remark 56M->56M(256M) 11.767ms
[153.086s][info][gc,cpu      ] GC(213) User=0.03s Sys=0.00s Real=0.01s
[153.086s][info][gc,marking  ] GC(213) Concurrent Mark 62.795ms
[153.086s][info][gc,marking  ] GC(213) Concurrent Rebuild Remembered Sets and Scrub Regions
[153.104s][info][gc,marking  ] GC(213) Concurrent Rebuild Remembered Sets and Scrub Regions 18.133ms
[153.104s][info][gc,start    ] GC(213) Pause Cleanup
[153.104s][info][gc          ] GC(213) Pause Cleanup 59M->59M(256M) 0.042ms
[153.104s][info][gc,cpu      ] GC(213) User=0.00s Sys=0.00s Real=0.00s
[153.104s][info][gc,marking  ] GC(213) Concurrent Clear Claimed Marks
[153.104s][info][gc,marking  ] GC(213) Concurrent Clear Claimed Marks 0.035ms
[153.104s][info][gc,marking  ] GC(213) Concurrent Cleanup for Next Mark
[153.105s][info][gc,marking  ] GC(213) Concurrent Cleanup for Next Mark 0.771ms
[153.105s][info][gc          ] GC(213) Concurrent Mark Cycle 83.870ms
[153.571s][info][gc,start    ] GC(214) Pause Young (Prepare Mixed) (G1 Evacuation Pause)
[153.571s][info][gc,task     ] GC(214) Using 2 workers of 2 for evacuation
[153.574s][info][gc,phases   ] GC(214)   Pre Evacuate Collection Set: 0.14ms
[153.574s][info][gc,phases   ] GC(214)   Merge Heap Roots: 0.06ms
[153.574s][info][gc,phases   ] GC(214)   Evacuate Collection Set: 2.48ms
[153.574s][info][gc,phases   ] GC(214)   Post Evacuate Collection Set: 0.39ms
[153.574s][info][gc,phases   ] GC(214)   Other: 0.07ms
[153.574s][info][gc,heap     ] GC(214) Eden regions: 151->0(150)
[153.574s][info][gc,heap     ] GC(214) Survivor regions: 2->3(20)
[153.574s][info][gc,heap     ] GC(214) Old regions: 40->40
[153.574s][info][gc,heap     ] GC(214) Humongous regions: 15->3
[153.574s][info][gc,metaspace] GC(214) Metaspace: 41768K(42176K)->41768K(42176K) NonClass: 38966K(39232K)->38966K(39232K) Class: 2802K(2944K)->2802K(2944K)
[153.574s][info][gc          ] GC(214) Pause Young (Prepare Mixed) (G1 Evacuation Pause) 207M->45M(256M) 3.290ms
[153.574s][info][gc,cpu      ] GC(214) User=0.00s Sys=0.00s Real=0.01s
[154.120s][info][gc,start    ] GC(215) Pause Young (Mixed) (G1 Evacuation Pause)
[154.120s][info][gc,task     ] GC(215) Using 2 workers of 2 for evacuation
[154.130s][info][gc,phases   ] GC(215)   Pre Evacuate Collection Set: 0.19ms
[154.130s][info][gc,phases   ] GC(215)   Merge Heap Roots: 0.09ms
[154.130s][info][gc,phases   ] GC(215)   Evacuate Collection Set: 9.20ms
[154.130s][info][gc,phases   ] GC(215)   Post Evacuate Collection Set: 0.43ms
[154.130s][info][gc,phases   ] GC(215)   Other: 0.11ms
[154.130s][info][gc,heap     ] GC(215) Eden regions: 150->0(146)
[154.130s][info][gc,heap     ] GC(215) Survivor regions: 3->7(20)
[154.130s][info][gc,heap     ] GC(215) Old regions: 40->38
[154.130s][info][gc,heap     ] GC(215) Humongous regions: 13->3
[154.130s][info][gc,metaspace] GC(215) Metaspace: 41768K(42176K)->41768K(42176K) NonClass: 38966K(39232K)->38966K(39232K) Class: 2802K(2944K)->2802K(2944K)
[154.130s][info][gc          ] GC(215) Pause Young (Mixed) (G1 Evacuation Pause) 205M->47M(256M) 10.228ms
[154.130s][info][gc,cpu      ] GC(215) User=0.02s Sys=0.00s Real=0.01s
[154.161s][info][gc,start    ] GC(216) Pause Young (Concurrent Start) (G1 Humongous Allocation)
[154.161s][info][gc,task     ] GC(216) Using 2 workers of 2 for evacuation
[154.164s][info][gc,phases   ] GC(216)   Pre Evacuate Collection Set: 0.14ms
[154.165s][info][gc,phases   ] GC(216)   Merge Heap Roots: 0.03ms
[154.165s][info][gc,phases   ] GC(216)   Evacuate Collection Set: 2.67ms
[154.165s][info][gc,phases   ] GC(216)   Post Evacuate Collection Set: 0.27ms
[154.165s][info][gc,phases   ] GC(216)   Other: 0.07ms
[154.165s][info][gc,heap     ] GC(216) Eden regions: 8->0(150)
[154.165s][info][gc,heap     ] GC(216) Survivor regions: 7->3(20)
[154.165s][info][gc,heap     ] GC(216) Old regions: 38->38
[154.165s][info][gc,heap     ] GC(216) Humongous regions: 3->1
[154.165s][info][gc,metaspace] GC(216) Metaspace: 41768K(42176K)->41768K(42176K) NonClass: 38966K(39232K)->38966K(39232K) Class: 2802K(2944K)->2802K(2944K)
[154.165s][info][gc          ] GC(216) Pause Young (Concurrent Start) (G1 Humongous Allocation) 55M->41M(256M) 3.333ms
[154.165s][info][gc,cpu      ] GC(216) User=0.01s Sys=0.00s Real=0.01s
[154.165s][info][gc          ] GC(217) Concurrent Mark Cycle
[154.165s][info][gc,marking  ] GC(217) Concurrent Scan Root Regions
[154.168s][info][gc,marking  ] GC(217) Concurrent Scan Root Regions 3.194ms
[154.168s][info][gc,marking  ] GC(217) Concurrent Mark
[154.168s][info][gc,marking  ] GC(217) Concurrent Mark From Roots
[154.168s][info][gc,task     ] GC(217) Using 1 workers of 1 for marking
[154.212s][info][gc,marking  ] GC(217) Concurrent Mark From Roots 44.422ms
[154.212s][info][gc,marking  ] GC(217) Concurrent Preclean
[154.212s][info][gc,marking  ] GC(217) Concurrent Preclean 0.039ms
[154.213s][info][gc,start    ] GC(217) Pause Remark
[154.224s][info][gc          ] GC(217) Pause Remark 53M->53M(256M) 11.235ms
[154.224s][info][gc,cpu      ] GC(217) User=0.02s Sys=0.00s Real=0.01s
[154.224s][info][gc,marking  ] GC(217) Concurrent Mark 55.945ms
[154.224s][info][gc,marking  ] GC(217) Concurrent Rebuild Remembered Sets and Scrub Regions
[154.242s][info][gc,marking  ] GC(217) Concurrent Rebuild Remembered Sets and Scrub Regions 18.469ms
[154.242s][info][gc,start    ] GC(217) Pause Cleanup
[154.242s][info][gc          ] GC(217) Pause Cleanup 56M->56M(256M) 0.036ms
[154.242s][info][gc,cpu      ] GC(217) User=0.00s Sys=0.00s Real=0.00s
[154.243s][info][gc,marking  ] GC(217) Concurrent Clear Claimed Marks
[154.243s][info][gc,marking  ] GC(217) Concurrent Clear Claimed Marks 0.032ms
[154.243s][info][gc,marking  ] GC(217) Concurrent Cleanup for Next Mark
[154.243s][info][gc,marking  ] GC(217) Concurrent Cleanup for Next Mark 0.749ms
[154.243s][info][gc          ] GC(217) Concurrent Mark Cycle 78.698ms
[154.824s][info][gc,start    ] GC(218) Pause Young (Prepare Mixed) (G1 Evacuation Pause)
[154.825s][info][gc,task     ] GC(218) Using 2 workers of 2 for evacuation
[154.838s][info][gc,phases   ] GC(218)   Pre Evacuate Collection Set: 0.20ms
[154.838s][info][gc,phases   ] GC(218)   Merge Heap Roots: 0.07ms
[154.838s][info][gc,phases   ] GC(218)   Evacuate Collection Set: 12.86ms
[154.838s][info][gc,phases   ] GC(218)   Post Evacuate Collection Set: 0.43ms
[154.838s][info][gc,phases   ] GC(218)   Other: 0.07ms
[154.838s][info][gc,heap     ] GC(218) Eden regions: 150->0(134)
[154.838s][info][gc,heap     ] GC(218) Survivor regions: 3->19(20)
[154.838s][info][gc,heap     ] GC(218) Old regions: 38->38
[154.838s][info][gc,heap     ] GC(218) Humongous regions: 11->3
[154.838s][info][gc,metaspace] GC(218) Metaspace: 41768K(42176K)->41768K(42176K) NonClass: 38966K(39232K)->38966K(39232K) Class: 2802K(2944K)->2802K(2944K)
[154.838s][info][gc          ] GC(218) Pause Young (Prepare Mixed) (G1 Evacuation Pause) 201M->59M(256M) 13.831ms
[154.838s][info][gc,cpu      ] GC(218) User=0.02s Sys=0.00s Real=0.01s
[155.351s][info][gc,start    ] GC(219) Pause Young (Mixed) (G1 Evacuation Pause)
[155.351s][info][gc,task     ] GC(219) Using 2 workers of 2 for evacuation
[155.376s][info][gc,phases   ] GC(219)   Pre Evacuate Collection Set: 0.16ms
[155.376s][info][gc,phases   ] GC(219)   Merge Heap Roots: 0.10ms
[155.376s][info][gc,phases   ] GC(219)   Evacuate Collection Set: 24.06ms
[155.376s][info][gc,phases   ] GC(219)   Post Evacuate Collection Set: 0.41ms
[155.376s][info][gc,phases   ] GC(219)   Other: 0.07ms
[155.376s][info][gc,heap     ] GC(219) Eden regions: 134->0(143)
[155.376s][info][gc,heap     ] GC(219) Survivor regions: 19->10(20)
[155.376s][info][gc,heap     ] GC(219) Old regions: 38->50
[155.376s][info][gc,heap     ] GC(219) Humongous regions: 3->3
[155.376s][info][gc,metaspace] GC(219) Metaspace: 41770K(42176K)->41770K(42176K) NonClass: 38967K(39232K)->38967K(39232K) Class: 2802K(2944K)->2802K(2944K)
[155.376s][info][gc          ] GC(219) Pause Young (Mixed) (G1 Evacuation Pause) 193M->62M(256M) 24.959ms
[155.376s][info][gc,cpu      ] GC(219) User=0.05s Sys=0.00s Real=0.03s
[155.892s][info][gc,start    ] GC(220) Pause Young (Concurrent Start) (G1 Humongous Allocation)
[155.892s][info][gc,task     ] GC(220) Using 2 workers of 2 for evacuation
[155.938s][info][gc,phases   ] GC(220)   Pre Evacuate Collection Set: 0.17ms
[155.938s][info][gc,phases   ] GC(220)   Merge Heap Roots: 0.12ms
[155.938s][info][gc,phases   ] GC(220)   Evacuate Collection Set: 45.94ms
[155.938s][info][gc,phases   ] GC(220)   Post Evacuate Collection Set: 0.52ms
[155.938s][info][gc,phases   ] GC(220)   Other: 0.08ms
[155.938s][info][gc,heap     ] GC(220) Eden regions: 126->0(112)
[155.938s][info][gc,heap     ] GC(220) Survivor regions: 10->20(20)
[155.938s][info][gc,heap     ] GC(220) Old regions: 50->75
[155.938s][info][gc,heap     ] GC(220) Humongous regions: 3->1
[155.938s][info][gc,metaspace] GC(220) Metaspace: 41770K(42176K)->41770K(42176K) NonClass: 38967K(39232K)->38967K(39232K) Class: 2802K(2944K)->2802K(2944K)
[155.939s][info][gc          ] GC(220) Pause Young (Concurrent Start) (G1 Humongous Allocation) 188M->95M(256M) 46.983ms
[155.939s][info][gc,cpu      ] GC(220) User=0.09s Sys=0.00s Real=0.05s
[155.939s][info][gc          ] GC(221) Concurrent Mark Cycle
[155.939s][info][gc,marking  ] GC(221) Concurrent Scan Root Regions
[155.987s][info][gc,marking  ] GC(221) Concurrent Scan Root Regions 48.652ms
[155.987s][info][gc,marking  ] GC(221) Concurrent Mark
[155.987s][info][gc,marking  ] GC(221) Concurrent Mark From Roots
[155.987s][info][gc,task     ] GC(221) Using 1 workers of 1 for marking
[156.065s][info][gc,marking  ] GC(221) Concurrent Mark From Roots 77.433ms
[156.065s][info][gc,marking  ] GC(221) Concurrent Preclean
[156.065s][info][gc,marking  ] GC(221) Concurrent Preclean 0.044ms
[156.065s][info][gc,start    ] GC(221) Pause Remark
[156.076s][info][gc          ] GC(221) Pause Remark 135M->135M(256M) 11.539ms
[156.077s][info][gc,cpu      ] GC(221) User=0.02s Sys=0.00s Real=0.01s
[156.077s][info][gc,marking  ] GC(221) Concurrent Mark 89.271ms
[156.077s][info][gc,marking  ] GC(221) Concurrent Rebuild Remembered Sets and Scrub Regions
[156.149s][info][gc,marking  ] GC(221) Concurrent Rebuild Remembered Sets and Scrub Regions 72.566ms
[156.149s][info][gc,start    ] GC(221) Pause Cleanup
[156.149s][info][gc          ] GC(221) Pause Cleanup 155M->155M(256M) 0.054ms
[156.149s][info][gc,cpu      ] GC(221) User=0.00s Sys=0.00s Real=0.00s
[156.149s][info][gc,marking  ] GC(221) Concurrent Clear Claimed Marks
[156.149s][info][gc,marking  ] GC(221) Concurrent Clear Claimed Marks 0.058ms
[156.149s][info][gc,marking  ] GC(221) Concurrent Cleanup for Next Mark
[156.151s][info][gc,marking  ] GC(221) Concurrent Cleanup for Next Mark 1.354ms
[156.151s][info][gc          ] GC(221) Concurrent Mark Cycle 212.305ms
[156.353s][info][gc,start    ] GC(222) Pause Young (Prepare Mixed) (G1 Evacuation Pause)
[156.353s][info][gc,task     ] GC(222) Using 2 workers of 2 for evacuation
[156.398s][info][gc,phases   ] GC(222)   Pre Evacuate Collection Set: 0.18ms
[156.398s][info][gc,phases   ] GC(222)   Merge Heap Roots: 0.67ms
[156.398s][info][gc,phases   ] GC(222)   Evacuate Collection Set: 42.77ms
[156.398s][info][gc,phases   ] GC(222)   Post Evacuate Collection Set: 0.44ms
[156.398s][info][gc,phases   ] GC(222)   Other: 0.09ms
[156.398s][info][gc,heap     ] GC(222) Eden regions: 112->0(100)
[156.398s][info][gc,heap     ] GC(222) Survivor regions: 20->15(17)
[156.398s][info][gc,heap     ] GC(222) Old regions: 75->95
[156.398s][info][gc,heap     ] GC(222) Humongous regions: 5->3
[156.398s][info][gc,metaspace] GC(222) Metaspace: 41770K(42176K)->41770K(42176K) NonClass: 38967K(39232K)->38967K(39232K) Class: 2802K(2944K)->2802K(2944K)
[156.398s][info][gc          ] GC(222) Pause Young (Prepare Mixed) (G1 Evacuation Pause) 211M->112M(256M) 44.326ms
[156.398s][info][gc,cpu      ] GC(222) User=0.09s Sys=0.00s Real=0.04s
[156.827s][info][gc,start    ] GC(223) Pause Young (Mixed) (G1 Evacuation Pause)
[156.827s][info][gc,task     ] GC(223) Using 2 workers of 2 for evacuation
[156.836s][info][gc,phases   ] GC(223)   Pre Evacuate Collection Set: 0.14ms
[156.836s][info][gc,phases   ] GC(223)   Merge Heap Roots: 0.07ms
[156.836s][info][gc,phases   ] GC(223)   Evacuate Collection Set: 8.67ms
[156.836s][info][gc,phases   ] GC(223)   Post Evacuate Collection Set: 0.40ms
[156.837s][info][gc,phases   ] GC(223)   Other: 0.09ms
[156.837s][info][gc,heap     ] GC(223) Eden regions: 100->0(111)
[156.837s][info][gc,heap     ] GC(223) Survivor regions: 15->4(15)
[156.837s][info][gc,heap     ] GC(223) Old regions: 95->98
[156.837s][info][gc,heap     ] GC(223) Humongous regions: 9->3
[156.837s][info][gc,metaspace] GC(223) Metaspace: 41770K(42176K)->41770K(42176K) NonClass: 38968K(39232K)->38968K(39232K) Class: 2802K(2944K)->2802K(2944K)
[156.837s][info][gc          ] GC(223) Pause Young (Mixed) (G1 Evacuation Pause) 218M->105M(256M) 9.542ms
[156.837s][info][gc,cpu      ] GC(223) User=0.02s Sys=0.00s Real=0.01s
[156.850s][info][gc,start    ] GC(224) Pause Young (Concurrent Start) (G1 Humongous Allocation)
[156.850s][info][gc,task     ] GC(224) Using 2 workers of 2 for evacuation
[156.852s][info][gc,phases   ] GC(224)   Pre Evacuate Collection Set: 0.14ms
[156.852s][info][gc,phases   ] GC(224)   Merge Heap Roots: 0.03ms
[156.852s][info][gc,phases   ] GC(224)   Evacuate Collection Set: 1.21ms
[156.852s][info][gc,phases   ] GC(224)   Post Evacuate Collection Set: 0.28ms
[156.852s][info][gc,phases   ] GC(224)   Other: 0.09ms
[156.852s][info][gc,heap     ] GC(224) Eden regions: 5->0(120)
[156.852s][info][gc,heap     ] GC(224) Survivor regions: 4->2(15)
[156.852s][info][gc,heap     ] GC(224) Old regions: 98->98
[156.852s][info][gc,heap     ] GC(224) Humongous regions: 3->1
[156.852s][info][gc,metaspace] GC(224) Metaspace: 41770K(42176K)->41770K(42176K) NonClass: 38968K(39232K)->38968K(39232K) Class: 2802K(2944K)->2802K(2944K)
[156.852s][info][gc          ] GC(224) Pause Young (Concurrent Start) (G1 Humongous Allocation) 110M->100M(256M) 1.892ms
[156.852s][info][gc,cpu      ] GC(224) User=0.00s Sys=0.00s Real=0.01s
[156.852s][info][gc          ] GC(225) Concurrent Mark Cycle
[156.852s][info][gc,marking  ] GC(225) Concurrent Scan Root Regions
[156.853s][info][gc,marking  ] GC(225) Concurrent Scan Root Regions 1.123ms
[156.853s][info][gc,marking  ] GC(225) Concurrent Mark
[156.853s][info][gc,marking  ] GC(225) Concurrent Mark From Roots
[156.853s][info][gc,task     ] GC(225) Using 1 workers of 1 for marking
[156.917s][info][gc,marking  ] GC(225) Concurrent Mark From Roots 63.487ms
[156.917s][info][gc,marking  ] GC(225) Concurrent Preclean
[156.917s][info][gc,marking  ] GC(225) Concurrent Preclean 0.043ms
[156.917s][info][gc,start    ] GC(225) Pause Remark
[156.929s][info][gc          ] GC(225) Pause Remark 119M->85M(256M) 12.044ms
[156.929s][info][gc,cpu      ] GC(225) User=0.03s Sys=0.00s Real=0.01s
[156.929s][info][gc,marking  ] GC(225) Concurrent Mark 75.842ms
[156.929s][info][gc,marking  ] GC(225) Concurrent Rebuild Remembered Sets and Scrub Regions
[156.952s][info][gc,marking  ] GC(225) Concurrent Rebuild Remembered Sets and Scrub Regions 22.884ms
[156.952s][info][gc,start    ] GC(225) Pause Cleanup
[156.952s][info][gc          ] GC(225) Pause Cleanup 89M->89M(256M) 0.047ms
[156.952s][info][gc,cpu      ] GC(225) User=0.00s Sys=0.00s Real=0.00s
[156.952s][info][gc,marking  ] GC(225) Concurrent Clear Claimed Marks
[156.952s][info][gc,marking  ] GC(225) Concurrent Clear Claimed Marks 0.034ms
[156.952s][info][gc,marking  ] GC(225) Concurrent Cleanup for Next Mark
[156.953s][info][gc,marking  ] GC(225) Concurrent Cleanup for Next Mark 0.774ms
[156.953s][info][gc          ] GC(225) Concurrent Mark Cycle 100.976ms
[157.328s][info][gc,start    ] GC(226) Pause Young (Prepare Mixed) (G1 Evacuation Pause)
[157.328s][info][gc,task     ] GC(226) Using 2 workers of 2 for evacuation
[157.334s][info][gc,phases   ] GC(226)   Pre Evacuate Collection Set: 0.15ms
[157.334s][info][gc,phases   ] GC(226)   Merge Heap Roots: 0.06ms
[157.334s][info][gc,phases   ] GC(226)   Evacuate Collection Set: 5.53ms
[157.334s][info][gc,phases   ] GC(226)   Post Evacuate Collection Set: 0.36ms
[157.334s][info][gc,phases   ] GC(226)   Other: 0.09ms
[157.334s][info][gc,heap     ] GC(226) Eden regions: 120->0(146)
[157.334s][info][gc,heap     ] GC(226) Survivor regions: 2->7(16)
[157.334s][info][gc,heap     ] GC(226) Old regions: 64->64
[157.334s][info][gc,heap     ] GC(226) Humongous regions: 7->3
[157.334s][info][gc,metaspace] GC(226) Metaspace: 41770K(42176K)->41770K(42176K) NonClass: 38968K(39232K)->38968K(39232K) Class: 2802K(2944K)->2802K(2944K)
[157.334s][info][gc          ] GC(226) Pause Young (Prepare Mixed) (G1 Evacuation Pause) 192M->73M(256M) 6.361ms
[157.334s][info][gc,cpu      ] GC(226) User=0.01s Sys=0.00s Real=0.01s
[157.867s][info][gc,start    ] GC(227) Pause Young (Mixed) (G1 Evacuation Pause)
[157.867s][info][gc,task     ] GC(227) Using 2 workers of 2 for evacuation
[157.877s][info][gc,phases   ] GC(227)   Pre Evacuate Collection Set: 0.16ms
[157.877s][info][gc,phases   ] GC(227)   Merge Heap Roots: 0.07ms
[157.877s][info][gc,phases   ] GC(227)   Evacuate Collection Set: 9.37ms
[157.877s][info][gc,phases   ] GC(227)   Post Evacuate Collection Set: 0.42ms
[157.877s][info][gc,phases   ] GC(227)   Other: 0.07ms
[157.877s][info][gc,heap     ] GC(227) Eden regions: 146->0(142)
[157.877s][info][gc,heap     ] GC(227) Survivor regions: 7->11(20)
[157.877s][info][gc,heap     ] GC(227) Old regions: 64->49
[157.877s][info][gc,heap     ] GC(227) Humongous regions: 5->3
[157.877s][info][gc,metaspace] GC(227) Metaspace: 41770K(42176K)->41770K(42176K) NonClass: 38968K(39232K)->38968K(39232K) Class: 2802K(2944K)->2802K(2944K)
[157.877s][info][gc          ] GC(227) Pause Young (Mixed) (G1 Evacuation Pause) 221M->61M(256M) 10.295ms
[157.877s][info][gc,cpu      ] GC(227) User=0.02s Sys=0.00s Real=0.01s
[157.922s][info][gc,start    ] GC(228) Pause Young (Concurrent Start) (G1 Humongous Allocation)
[157.922s][info][gc,task     ] GC(228) Using 2 workers of 2 for evacuation
[157.925s][info][gc,phases   ] GC(228)   Pre Evacuate Collection Set: 0.20ms
[157.925s][info][gc,phases   ] GC(228)   Merge Heap Roots: 0.04ms
[157.925s][info][gc,phases   ] GC(228)   Evacuate Collection Set: 2.21ms
[157.925s][info][gc,phases   ] GC(228)   Post Evacuate Collection Set: 0.28ms
[157.925s][info][gc,phases   ] GC(228)   Other: 0.08ms
[157.925s][info][gc,heap     ] GC(228) Eden regions: 14->0(150)
[157.925s][info][gc,heap     ] GC(228) Survivor regions: 11->3(20)
[157.925s][info][gc,heap     ] GC(228) Old regions: 49->49
[157.925s][info][gc,heap     ] GC(228) Humongous regions: 3->1
[157.925s][info][gc,metaspace] GC(228) Metaspace: 41770K(42176K)->41770K(42176K) NonClass: 38968K(39232K)->38968K(39232K) Class: 2802K(2944K)->2802K(2944K)
[157.925s][info][gc          ] GC(228) Pause Young (Concurrent Start) (G1 Humongous Allocation) 75M->51M(256M) 2.984ms
[157.925s][info][gc,cpu      ] GC(228) User=0.00s Sys=0.00s Real=0.01s
[157.925s][info][gc          ] GC(229) Concurrent Mark Cycle
[157.925s][info][gc,marking  ] GC(229) Concurrent Scan Root Regions
[157.927s][info][gc,marking  ] GC(229) Concurrent Scan Root Regions 2.444ms
[157.927s][info][gc,marking  ] GC(229) Concurrent Mark
[157.927s][info][gc,marking  ] GC(229) Concurrent Mark From Roots
[157.927s][info][gc,task     ] GC(229) Using 1 workers of 1 for marking
[157.986s][info][gc,marking  ] GC(229) Concurrent Mark From Roots 58.895ms
[157.986s][info][gc,marking  ] GC(229) Concurrent Preclean
[157.986s][info][gc,marking  ] GC(229) Concurrent Preclean 0.043ms
[157.986s][info][gc,start    ] GC(229) Pause Remark
[157.998s][info][gc          ] GC(229) Pause Remark 71M->71M(256M) 11.683ms
[157.998s][info][gc,cpu      ] GC(229) User=0.03s Sys=0.00s Real=0.01s
[157.998s][info][gc,marking  ] GC(229) Concurrent Mark 70.868ms
[157.998s][info][gc,marking  ] GC(229) Concurrent Rebuild Remembered Sets and Scrub Regions
[158.018s][info][gc,marking  ] GC(229) Concurrent Rebuild Remembered Sets and Scrub Regions 20.203ms
[158.019s][info][gc,start    ] GC(229) Pause Cleanup
[158.019s][info][gc          ] GC(229) Pause Cleanup 74M->74M(256M) 0.039ms
[158.019s][info][gc,cpu      ] GC(229) User=0.00s Sys=0.00s Real=0.00s
[158.019s][info][gc,marking  ] GC(229) Concurrent Clear Claimed Marks
[158.019s][info][gc,marking  ] GC(229) Concurrent Clear Claimed Marks 0.034ms
[158.019s][info][gc,marking  ] GC(229) Concurrent Cleanup for Next Mark
[158.019s][info][gc,marking  ] GC(229) Concurrent Cleanup for Next Mark 0.750ms
[158.019s][info][gc          ] GC(229) Concurrent Mark Cycle 94.678ms
[158.520s][info][gc,start    ] GC(230) Pause Young (Prepare Mixed) (G1 Evacuation Pause)
[158.520s][info][gc,task     ] GC(230) Using 2 workers of 2 for evacuation
[158.535s][info][gc,phases   ] GC(230)   Pre Evacuate Collection Set: 2.22ms
[158.535s][info][gc,phases   ] GC(230)   Merge Heap Roots: 0.07ms
[158.535s][info][gc,phases   ] GC(230)   Evacuate Collection Set: 11.82ms
[158.535s][info][gc,phases   ] GC(230)   Post Evacuate Collection Set: 0.50ms
[158.535s][info][gc,phases   ] GC(230)   Other: 0.09ms
[158.535s][info][gc,heap     ] GC(230) Eden regions: 150->0(143)
[158.535s][info][gc,heap     ] GC(230) Survivor regions: 3->10(20)
[158.535s][info][gc,heap     ] GC(230) Old regions: 49->49
[158.535s][info][gc,heap     ] GC(230) Humongous regions: 9->3
[158.535s][info][gc,metaspace] GC(230) Metaspace: 41770K(42176K)->41770K(42176K) NonClass: 38968K(39232K)->38968K(39232K) Class: 2802K(2944K)->2802K(2944K)
[158.535s][info][gc          ] GC(230) Pause Young (Prepare Mixed) (G1 Evacuation Pause) 209M->60M(256M) 14.861ms
[158.535s][info][gc,cpu      ] GC(230) User=0.02s Sys=0.00s Real=0.02s
[159.138s][info][gc,start    ] GC(231) Pause Young (Mixed) (G1 Evacuation Pause)
[159.138s][info][gc,task     ] GC(231) Using 2 workers of 2 for evacuation
[159.153s][info][gc,phases   ] GC(231)   Pre Evacuate Collection Set: 0.25ms
[159.153s][info][gc,phases   ] GC(231)   Merge Heap Roots: 0.10ms
[159.153s][info][gc,phases   ] GC(231)   Evacuate Collection Set: 13.90ms
[159.153s][info][gc,phases   ] GC(231)   Post Evacuate Collection Set: 0.40ms
[159.153s][info][gc,phases   ] GC(231)   Other: 0.07ms
[159.153s][info][gc,heap     ] GC(231) Eden regions: 143->0(138)
[159.153s][info][gc,heap     ] GC(231) Survivor regions: 10->15(20)
[159.153s][info][gc,heap     ] GC(231) Old regions: 49->45
[159.153s][info][gc,heap     ] GC(231) Humongous regions: 5->3
[159.153s][info][gc,metaspace] GC(231) Metaspace: 41770K(42176K)->41770K(42176K) NonClass: 38968K(39232K)->38968K(39232K) Class: 2802K(2944K)->2802K(2944K)
[159.153s][info][gc          ] GC(231) Pause Young (Mixed) (G1 Evacuation Pause) 205M->61M(256M) 14.888ms
[159.153s][info][gc,cpu      ] GC(231) User=0.02s Sys=0.00s Real=0.02s
[159.287s][info][gc,start    ] GC(232) Pause Young (Concurrent Start) (G1 Humongous Allocation)
[159.287s][info][gc,task     ] GC(232) Using 2 workers of 2 for evacuation
[159.310s][info][gc,phases   ] GC(232)   Pre Evacuate Collection Set: 0.20ms
[159.310s][info][gc,phases   ] GC(232)   Merge Heap Roots: 0.04ms
[159.310s][info][gc,phases   ] GC(232)   Evacuate Collection Set: 22.29ms
[159.310s][info][gc,phases   ] GC(232)   Post Evacuate Collection Set: 0.34ms
[159.310s][info][gc,phases   ] GC(232)   Other: 0.09ms
[159.310s][info][gc,heap     ] GC(232) Eden regions: 30->0(152)
[159.310s][info][gc,heap     ] GC(232) Survivor regions: 15->1(20)
[159.310s][info][gc,heap     ] GC(232) Old regions: 45->48
[159.310s][info][gc,heap     ] GC(232) Humongous regions: 3->1
[159.310s][info][gc,metaspace] GC(232) Metaspace: 41770K(42176K)->41770K(42176K) NonClass: 38968K(39232K)->38968K(39232K) Class: 2802K(2944K)->2802K(2944K)
[159.310s][info][gc          ] GC(232) Pause Young (Concurrent Start) (G1 Humongous Allocation) 91M->49M(256M) 23.119ms
[159.310s][info][gc,cpu      ] GC(232) User=0.02s Sys=0.00s Real=0.02s
[159.310s][info][gc          ] GC(233) Concurrent Mark Cycle
[159.310s][info][gc,marking  ] GC(233) Concurrent Scan Root Regions
[159.314s][info][gc,marking  ] GC(233) Concurrent Scan Root Regions 3.941ms
[159.314s][info][gc,marking  ] GC(233) Concurrent Mark
[159.314s][info][gc,marking  ] GC(233) Concurrent Mark From Roots
[159.314s][info][gc,task     ] GC(233) Using 1 workers of 1 for marking
[159.365s][info][gc,marking  ] GC(233) Concurrent Mark From Roots 51.449ms
[159.365s][info][gc,marking  ] GC(233) Concurrent Preclean
[159.365s][info][gc,marking  ] GC(233) Concurrent Preclean 0.040ms
[159.366s][info][gc,start    ] GC(233) Pause Remark
[159.377s][info][gc          ] GC(233) Pause Remark 66M->66M(256M) 11.481ms
[159.377s][info][gc,cpu      ] GC(233) User=0.02s Sys=0.00s Real=0.01s
[159.377s][info][gc,marking  ] GC(233) Concurrent Mark 63.275ms
[159.377s][info][gc,marking  ] GC(233) Concurrent Rebuild Remembered Sets and Scrub Regions
[159.424s][info][gc,marking  ] GC(233) Concurrent Rebuild Remembered Sets and Scrub Regions 46.828ms
[159.425s][info][gc,start    ] GC(233) Pause Cleanup
[159.425s][info][gc          ] GC(233) Pause Cleanup 76M->76M(256M) 0.054ms
[159.425s][info][gc,cpu      ] GC(233) User=0.00s Sys=0.00s Real=0.00s
[159.425s][info][gc,marking  ] GC(233) Concurrent Clear Claimed Marks
[159.425s][info][gc,marking  ] GC(233) Concurrent Clear Claimed Marks 0.049ms
[159.425s][info][gc,marking  ] GC(233) Concurrent Cleanup for Next Mark
[159.426s][info][gc,marking  ] GC(233) Concurrent Cleanup for Next Mark 0.780ms
[159.426s][info][gc          ] GC(233) Concurrent Mark Cycle 115.790ms
[159.829s][info][gc,start    ] GC(234) Pause Young (Prepare Mixed) (G1 Evacuation Pause)
[159.829s][info][gc,task     ] GC(234) Using 2 workers of 2 for evacuation
[159.854s][info][gc,phases   ] GC(234)   Pre Evacuate Collection Set: 2.14ms
[159.854s][info][gc,phases   ] GC(234)   Merge Heap Roots: 0.08ms
[159.854s][info][gc,phases   ] GC(234)   Evacuate Collection Set: 22.51ms
[159.854s][info][gc,phases   ] GC(234)   Post Evacuate Collection Set: 0.47ms
[159.854s][info][gc,phases   ] GC(234)   Other: 0.09ms
[159.854s][info][gc,heap     ] GC(234) Eden regions: 152->0(133)
[159.854s][info][gc,heap     ] GC(234) Survivor regions: 1->20(20)
[159.854s][info][gc,heap     ] GC(234) Old regions: 48->53
[159.854s][info][gc,heap     ] GC(234) Humongous regions: 7->3
[159.854s][info][gc,metaspace] GC(234) Metaspace: 41771K(42176K)->41771K(42176K) NonClass: 38969K(39232K)->38969K(39232K) Class: 2802K(2944K)->2802K(2944K)
[159.854s][info][gc          ] GC(234) Pause Young (Prepare Mixed) (G1 Evacuation Pause) 207M->76M(256M) 25.461ms
[159.854s][info][gc,cpu      ] GC(234) User=0.04s Sys=0.00s Real=0.03s
[160.288s][info][gc,start    ] GC(235) Pause Young (Mixed) (G1 Evacuation Pause)
[160.288s][info][gc,task     ] GC(235) Using 2 workers of 2 for evacuation
[160.331s][info][gc,phases   ] GC(235)   Pre Evacuate Collection Set: 0.19ms
[160.331s][info][gc,phases   ] GC(235)   Merge Heap Roots: 0.12ms
[160.331s][info][gc,phases   ] GC(235)   Evacuate Collection Set: 41.72ms
[160.331s][info][gc,phases   ] GC(235)   Post Evacuate Collection Set: 0.46ms
[160.331s][info][gc,phases   ] GC(235)   Other: 0.09ms
[160.331s][info][gc,heap     ] GC(235) Eden regions: 133->0(108)
[160.331s][info][gc,heap     ] GC(235) Survivor regions: 20->20(20)
[160.331s][info][gc,heap     ] GC(235) Old regions: 53->73
[160.331s][info][gc,heap     ] GC(235) Humongous regions: 3->3
[160.331s][info][gc,metaspace] GC(235) Metaspace: 41771K(42176K)->41771K(42176K) NonClass: 38969K(39232K)->38969K(39232K) Class: 2802K(2944K)->2802K(2944K)
[160.331s][info][gc          ] GC(235) Pause Young (Mixed) (G1 Evacuation Pause) 209M->95M(256M) 42.763ms
[160.331s][info][gc,cpu      ] GC(235) User=0.09s Sys=0.00s Real=0.04s
[160.809s][info][gc,start    ] GC(236) Pause Young (Concurrent Start) (G1 Evacuation Pause)
[160.809s][info][gc,task     ] GC(236) Using 2 workers of 2 for evacuation
[160.868s][info][gc,phases   ] GC(236)   Pre Evacuate Collection Set: 0.20ms
[160.868s][info][gc,phases   ] GC(236)   Merge Heap Roots: 0.21ms
[160.868s][info][gc,phases   ] GC(236)   Evacuate Collection Set: 58.11ms
[160.868s][info][gc,phases   ] GC(236)   Post Evacuate Collection Set: 0.41ms
[160.868s][info][gc,phases   ] GC(236)   Other: 0.08ms
[160.868s][info][gc,heap     ] GC(236) Eden regions: 108->0(79)
[160.868s][info][gc,heap     ] GC(236) Survivor regions: 20->16(16)
[160.868s][info][gc,heap     ] GC(236) Old regions: 73->110
[160.868s][info][gc,heap     ] GC(236) Humongous regions: 3->3
[160.868s][info][gc,metaspace] GC(236) Metaspace: 41771K(42176K)->41771K(42176K) NonClass: 38969K(39232K)->38969K(39232K) Class: 2802K(2944K)->2802K(2944K)
[160.868s][info][gc          ] GC(236) Pause Young (Concurrent Start) (G1 Evacuation Pause) 203M->128M(257M) 59.192ms
[160.868s][info][gc          ] GC(237) Concurrent Mark Cycle
[160.868s][info][gc,cpu      ] GC(236) User=0.11s Sys=0.00s Real=0.06s
[160.868s][info][gc,marking  ] GC(237) Concurrent Scan Root Regions
[160.933s][info][gc,marking  ] GC(237) Concurrent Scan Root Regions 64.548ms
[160.933s][info][gc,marking  ] GC(237) Concurrent Mark
[160.933s][info][gc,marking  ] GC(237) Concurrent Mark From Roots
[160.933s][info][gc,task     ] GC(237) Using 1 workers of 1 for marking
[161.066s][info][gc,marking  ] GC(237) Concurrent Mark From Roots 133.442ms
[161.066s][info][gc,marking  ] GC(237) Concurrent Preclean
[161.066s][info][gc,marking  ] GC(237) Concurrent Preclean 0.059ms
[161.067s][info][gc,start    ] GC(237) Pause Remark
[161.078s][info][gc          ] GC(237) Pause Remark 167M->167M(257M) 11.494ms
[161.078s][info][gc,cpu      ] GC(237) User=0.03s Sys=0.00s Real=0.01s
[161.079s][info][gc,marking  ] GC(237) Concurrent Mark 145.895ms
[161.079s][info][gc,marking  ] GC(237) Concurrent Rebuild Remembered Sets and Scrub Regions
[161.175s][info][gc,marking  ] GC(237) Concurrent Rebuild Remembered Sets and Scrub Regions 96.157ms
[161.175s][info][gc,start    ] GC(237) Pause Cleanup
[161.175s][info][gc          ] GC(237) Pause Cleanup 186M->186M(257M) 0.046ms
[161.175s][info][gc,cpu      ] GC(237) User=0.00s Sys=0.00s Real=0.00s
[161.175s][info][gc,marking  ] GC(237) Concurrent Clear Claimed Marks
[161.175s][info][gc,marking  ] GC(237) Concurrent Clear Claimed Marks 0.074ms
[161.175s][info][gc,marking  ] GC(237) Concurrent Cleanup for Next Mark
[161.176s][info][gc,marking  ] GC(237) Concurrent Cleanup for Next Mark 0.779ms
[161.176s][info][gc          ] GC(237) Concurrent Mark Cycle 307.825ms
[161.287s][info][gc,start    ] GC(238) Pause Young (Prepare Mixed) (G1 Evacuation Pause)
[161.287s][info][gc,task     ] GC(238) Using 2 workers of 2 for evacuation
[161.331s][info][gc,phases   ] GC(238)   Pre Evacuate Collection Set: 0.15ms
[161.331s][info][gc,phases   ] GC(238)   Merge Heap Roots: 0.36ms
[161.331s][info][gc,phases   ] GC(238)   Evacuate Collection Set: 43.12ms
[161.331s][info][gc,phases   ] GC(238)   Post Evacuate Collection Set: 0.42ms
[161.331s][info][gc,phases   ] GC(238)   Other: 0.06ms
[161.331s][info][gc,heap     ] GC(238) Eden regions: 79->0(63)
[161.331s][info][gc,heap     ] GC(238) Survivor regions: 16->12(12)
[161.331s][info][gc,heap     ] GC(238) Old regions: 110->136
[161.331s][info][gc,heap     ] GC(238) Humongous regions: 3->3
[161.331s][info][gc,metaspace] GC(238) Metaspace: 41771K(42176K)->41771K(42176K) NonClass: 38969K(39232K)->38969K(39232K) Class: 2802K(2944K)->2802K(2944K)
[161.331s][info][gc          ] GC(238) Pause Young (Prepare Mixed) (G1 Evacuation Pause) 207M->151M(257M) 44.336ms
[161.331s][info][gc,cpu      ] GC(238) User=0.09s Sys=0.00s Real=0.04s
[161.633s][info][gc,start    ] GC(239) Pause Young (Mixed) (G1 Evacuation Pause)
[161.633s][info][gc,task     ] GC(239) Using 2 workers of 2 for evacuation
[161.674s][info][gc,phases   ] GC(239)   Pre Evacuate Collection Set: 0.15ms
[161.674s][info][gc,phases   ] GC(239)   Merge Heap Roots: 0.26ms
[161.674s][info][gc,phases   ] GC(239)   Evacuate Collection Set: 40.49ms
[161.674s][info][gc,phases   ] GC(239)   Post Evacuate Collection Set: 0.52ms
[161.674s][info][gc,phases   ] GC(239)   Other: 0.07ms
[161.674s][info][gc,heap     ] GC(239) Eden regions: 63->0(52)
[161.674s][info][gc,heap     ] GC(239) Survivor regions: 12->10(10)
[161.674s][info][gc,heap     ] GC(239) Old regions: 136->154
[161.674s][info][gc,heap     ] GC(239) Humongous regions: 3->3
[161.674s][info][gc,metaspace] GC(239) Metaspace: 41772K(42176K)->41772K(42176K) NonClass: 38970K(39232K)->38970K(39232K) Class: 2802K(2944K)->2802K(2944K)
[161.674s][info][gc          ] GC(239) Pause Young (Mixed) (G1 Evacuation Pause) 214M->167M(257M) 41.675ms
[161.674s][info][gc,cpu      ] GC(239) User=0.08s Sys=0.00s Real=0.04s
[161.712s][info][gc,start    ] GC(240) Pause Young (Concurrent Start) (G1 Humongous Allocation)
[161.712s][info][gc,task     ] GC(240) Using 2 workers of 2 for evacuation
[161.740s][info][gc,phases   ] GC(240)   Pre Evacuate Collection Set: 0.16ms
[161.740s][info][gc,phases   ] GC(240)   Merge Heap Roots: 0.20ms
[161.740s][info][gc,phases   ] GC(240)   Evacuate Collection Set: 26.18ms
[161.740s][info][gc,phases   ] GC(240)   Post Evacuate Collection Set: 1.34ms
[161.740s][info][gc,phases   ] GC(240)   Other: 0.10ms
[161.740s][info][gc,heap     ] GC(240) Eden regions: 7->0(148)
[161.740s][info][gc,heap     ] GC(240) Survivor regions: 10->2(8)
[161.740s][info][gc,heap     ] GC(240) Old regions: 154->165
[161.740s][info][gc,heap     ] GC(240) Humongous regions: 3->1
[161.740s][info][gc,metaspace] GC(240) Metaspace: 41772K(42176K)->41772K(42176K) NonClass: 38970K(39232K)->38970K(39232K) Class: 2802K(2944K)->2802K(2944K)
[161.740s][info][gc          ] GC(240) Pause Young (Concurrent Start) (G1 Humongous Allocation) 173M->167M(402M) 28.173ms
[161.740s][info][gc,cpu      ] GC(240) User=0.03s Sys=0.00s Real=0.03s
[161.740s][info][gc          ] GC(241) Concurrent Undo Cycle
[161.740s][info][gc,marking  ] GC(241) Concurrent Clear Claimed Marks
[161.740s][info][gc,marking  ] GC(241) Concurrent Clear Claimed Marks 0.034ms
[161.740s][info][gc,marking  ] GC(241) Concurrent Cleanup for Next Mark
[161.743s][info][gc,marking  ] GC(241) Concurrent Cleanup for Next Mark 2.831ms
[161.743s][info][gc          ] GC(241) Concurrent Undo Cycle 2.935ms
[162.383s][info][gc,start    ] GC(242) Pause Young (Concurrent Start) (G1 Humongous Allocation)
[162.383s][info][gc,task     ] GC(242) Using 2 workers of 2 for evacuation
[162.387s][info][gc,phases   ] GC(242)   Pre Evacuate Collection Set: 0.21ms
[162.388s][info][gc,phases   ] GC(242)   Merge Heap Roots: 0.08ms
[162.388s][info][gc,phases   ] GC(242)   Evacuate Collection Set: 3.76ms
[162.388s][info][gc,phases   ] GC(242)   Post Evacuate Collection Set: 0.35ms
[162.388s][info][gc,phases   ] GC(242)   Other: 0.07ms
[162.388s][info][gc,heap     ] GC(242) Eden regions: 105->0(160)
[162.388s][info][gc,heap     ] GC(242) Survivor regions: 2->3(19)
[162.388s][info][gc,heap     ] GC(242) Old regions: 165->165
[162.388s][info][gc,heap     ] GC(242) Humongous regions: 3->1
[162.388s][info][gc,metaspace] GC(242) Metaspace: 41772K(42176K)->41772K(42176K) NonClass: 38970K(39232K)->38970K(39232K) Class: 2802K(2944K)->2802K(2944K)
[162.388s][info][gc          ] GC(242) Pause Young (Concurrent Start) (G1 Humongous Allocation) 274M->167M(402M) 4.683ms
[162.388s][info][gc          ] GC(243) Concurrent Mark Cycle
[162.388s][info][gc,marking  ] GC(243) Concurrent Scan Root Regions
[162.390s][info][gc,cpu      ] GC(242) User=0.00s Sys=0.01s Real=0.00s
[162.391s][info][gc,marking  ] GC(243) Concurrent Scan Root Regions 2.877ms
[162.391s][info][gc,marking  ] GC(243) Concurrent Mark
[162.391s][info][gc,marking  ] GC(243) Concurrent Mark From Roots
[162.391s][info][gc,task     ] GC(243) Using 1 workers of 1 for marking
[162.517s][info][gc,marking  ] GC(243) Concurrent Mark From Roots 126.839ms
[162.517s][info][gc,marking  ] GC(243) Concurrent Preclean
[162.518s][info][gc,marking  ] GC(243) Concurrent Preclean 0.052ms
[162.518s][info][gc,start    ] GC(243) Pause Remark
[162.530s][info][gc          ] GC(243) Pause Remark 188M->188M(402M) 12.512ms
[162.530s][info][gc,cpu      ] GC(243) User=0.02s Sys=0.00s Real=0.01s
[162.530s][info][gc,marking  ] GC(243) Concurrent Mark 139.591ms
[162.530s][info][gc,marking  ] GC(243) Concurrent Rebuild Remembered Sets and Scrub Regions
[162.617s][info][gc,marking  ] GC(243) Concurrent Rebuild Remembered Sets and Scrub Regions 87.065ms
[162.617s][info][gc,start    ] GC(243) Pause Cleanup
[162.618s][info][gc          ] GC(243) Pause Cleanup 194M->194M(402M) 0.086ms
[162.618s][info][gc,cpu      ] GC(243) User=0.00s Sys=0.00s Real=0.00s
[162.618s][info][gc,marking  ] GC(243) Concurrent Clear Claimed Marks
[162.618s][info][gc,marking  ] GC(243) Concurrent Clear Claimed Marks 0.036ms
[162.618s][info][gc,marking  ] GC(243) Concurrent Cleanup for Next Mark
[162.623s][info][gc,marking  ] GC(243) Concurrent Cleanup for Next Mark 5.319ms
[162.623s][info][gc          ] GC(243) Concurrent Mark Cycle 235.342ms
[163.205s][info][gc,start    ] GC(244) Pause Young (Prepare Mixed) (G1 Evacuation Pause)
[163.205s][info][gc,task     ] GC(244) Using 2 workers of 2 for evacuation
[163.215s][info][gc,phases   ] GC(244)   Pre Evacuate Collection Set: 0.21ms
[163.215s][info][gc,phases   ] GC(244)   Merge Heap Roots: 0.08ms
[163.215s][info][gc,phases   ] GC(244)   Evacuate Collection Set: 8.94ms
[163.215s][info][gc,phases   ] GC(244)   Post Evacuate Collection Set: 0.40ms
[163.215s][info][gc,phases   ] GC(244)   Other: 0.08ms
[163.215s][info][gc,heap     ] GC(244) Eden regions: 160->0(162)
[163.215s][info][gc,heap     ] GC(244) Survivor regions: 3->10(21)
[163.215s][info][gc,heap     ] GC(244) Old regions: 165->165
[163.215s][info][gc,heap     ] GC(244) Humongous regions: 11->3
[163.215s][info][gc,metaspace] GC(244) Metaspace: 41773K(42176K)->41773K(42176K) NonClass: 38971K(39232K)->38971K(39232K) Class: 2802K(2944K)->2802K(2944K)
[163.215s][info][gc          ] GC(244) Pause Young (Prepare Mixed) (G1 Evacuation Pause) 337M->177M(402M) 9.889ms
[163.215s][info][gc,cpu      ] GC(244) User=0.02s Sys=0.00s Real=0.01s
[163.694s][info][gc,start    ] GC(245) Pause Young (Mixed) (G1 Evacuation Pause)
[163.694s][info][gc,task     ] GC(245) Using 2 workers of 2 for evacuation
[163.710s][info][gc,phases   ] GC(245)   Pre Evacuate Collection Set: 0.29ms
[163.710s][info][gc,phases   ] GC(245)   Merge Heap Roots: 0.17ms
[163.710s][info][gc,phases   ] GC(245)   Evacuate Collection Set: 14.84ms
[163.710s][info][gc,phases   ] GC(245)   Post Evacuate Collection Set: 0.51ms
[163.710s][info][gc,phases   ] GC(245)   Other: 0.08ms
[163.710s][info][gc,heap     ] GC(245) Eden regions: 162->0(193)
[163.710s][info][gc,heap     ] GC(245) Survivor regions: 10->14(22)
[163.710s][info][gc,heap     ] GC(245) Old regions: 165->127
[163.710s][info][gc,heap     ] GC(245) Humongous regions: 6->3
[163.710s][info][gc,metaspace] GC(245) Metaspace: 41778K(42176K)->41778K(42176K) NonClass: 38976K(39232K)->38976K(39232K) Class: 2802K(2944K)->2802K(2944K)
[163.710s][info][gc          ] GC(245) Pause Young (Mixed) (G1 Evacuation Pause) 342M->142M(402M) 16.088ms
[163.710s][info][gc,cpu      ] GC(245) User=0.03s Sys=0.00s Real=0.01s
[164.303s][info][gc,start    ] GC(246) Pause Young (Mixed) (G1 Evacuation Pause)
[164.303s][info][gc,task     ] GC(246) Using 2 workers of 2 for evacuation
[164.337s][info][gc,phases   ] GC(246)   Pre Evacuate Collection Set: 0.23ms
[164.337s][info][gc,phases   ] GC(246)   Merge Heap Roots: 0.32ms
[164.337s][info][gc,phases   ] GC(246)   Evacuate Collection Set: 33.43ms
[164.337s][info][gc,phases   ] GC(246)   Post Evacuate Collection Set: 0.59ms
[164.337s][info][gc,phases   ] GC(246)   Other: 0.08ms
[164.337s][info][gc,heap     ] GC(246) Eden regions: 193->0(198)
[164.337s][info][gc,heap     ] GC(246) Survivor regions: 14->26(26)
[164.337s][info][gc,heap     ] GC(246) Old regions: 127->102
[164.337s][info][gc,heap     ] GC(246) Humongous regions: 4->3
[164.337s][info][gc,metaspace] GC(246) Metaspace: 41778K(42176K)->41778K(42176K) NonClass: 38976K(39232K)->38976K(39232K) Class: 2802K(2944K)->2802K(2944K)
[164.337s][info][gc          ] GC(246) Pause Young (Mixed) (G1 Evacuation Pause) 336M->131M(402M) 34.832ms
[164.338s][info][gc,cpu      ] GC(246) User=0.07s Sys=0.00s Real=0.03s
[164.949s][info][gc,start    ] GC(247) Pause Young (Mixed) (G1 Evacuation Pause)
[164.949s][info][gc,task     ] GC(247) Using 2 workers of 2 for evacuation
[164.993s][info][gc,phases   ] GC(247)   Pre Evacuate Collection Set: 0.19ms
[164.993s][info][gc,phases   ] GC(247)   Merge Heap Roots: 0.40ms
[164.993s][info][gc,phases   ] GC(247)   Evacuate Collection Set: 43.27ms
[164.993s][info][gc,phases   ] GC(247)   Post Evacuate Collection Set: 0.52ms
[164.993s][info][gc,phases   ] GC(247)   Other: 0.07ms
[164.993s][info][gc,heap     ] GC(247) Eden regions: 198->0(180)
[164.993s][info][gc,heap     ] GC(247) Survivor regions: 26->28(28)
[164.993s][info][gc,heap     ] GC(247) Old regions: 102->118
[164.993s][info][gc,heap     ] GC(247) Humongous regions: 5->4
[164.993s][info][gc,metaspace] GC(247) Metaspace: 41784K(42176K)->41784K(42176K) NonClass: 38982K(39232K)->38982K(39232K) Class: 2802K(2944K)->2802K(2944K)
[164.993s][info][gc          ] GC(247) Pause Young (Mixed) (G1 Evacuation Pause) 331M->150M(402M) 44.631ms
[164.993s][info][gc,cpu      ] GC(247) User=0.09s Sys=0.00s Real=0.05s
[165.565s][info][gc,start    ] GC(248) Pause Young (Concurrent Start) (G1 Humongous Allocation)
[165.565s][info][gc,task     ] GC(248) Using 2 workers of 2 for evacuation
[165.604s][info][gc,phases   ] GC(248)   Pre Evacuate Collection Set: 0.22ms
[165.604s][info][gc,phases   ] GC(248)   Merge Heap Roots: 0.12ms
[165.604s][info][gc,phases   ] GC(248)   Evacuate Collection Set: 37.83ms
[165.604s][info][gc,phases   ] GC(248)   Post Evacuate Collection Set: 0.49ms
[165.604s][info][gc,phases   ] GC(248)   Other: 0.13ms
[165.604s][info][gc,heap     ] GC(248) Eden regions: 174->0(139)
[165.604s][info][gc,heap     ] GC(248) Survivor regions: 28->26(26)
[165.604s][info][gc,heap     ] GC(248) Old regions: 118->156
[165.604s][info][gc,heap     ] GC(248) Humongous regions: 4->4
[165.604s][info][gc,metaspace] GC(248) Metaspace: 41784K(42176K)->41784K(42176K) NonClass: 38982K(39232K)->38982K(39232K) Class: 2802K(2944K)->2802K(2944K)
[165.604s][info][gc          ] GC(248) Pause Young (Concurrent Start) (G1 Humongous Allocation) 323M->186M(402M) 38.984ms
[165.604s][info][gc,cpu      ] GC(248) User=0.08s Sys=0.00s Real=0.04s
[165.604s][info][gc          ] GC(249) Concurrent Mark Cycle
[165.604s][info][gc,marking  ] GC(249) Concurrent Scan Root Regions
[165.626s][info][gc,marking  ] GC(249) Concurrent Scan Root Regions 21.960ms
[165.626s][info][gc,marking  ] GC(249) Concurrent Mark
[165.626s][info][gc,marking  ] GC(249) Concurrent Mark From Roots
[165.626s][info][gc,task     ] GC(249) Using 1 workers of 1 for marking
[165.709s][info][gc,marking  ] GC(249) Concurrent Mark From Roots 83.055ms
[165.709s][info][gc,marking  ] GC(249) Concurrent Preclean
[165.709s][info][gc,marking  ] GC(249) Concurrent Preclean 0.048ms
[165.709s][info][gc,start    ] GC(249) Pause Remark
[165.721s][info][gc          ] GC(249) Pause Remark 209M->195M(402M) 11.706ms
[165.721s][info][gc,cpu      ] GC(249) User=0.02s Sys=0.00s Real=0.01s
[165.721s][info][gc,marking  ] GC(249) Concurrent Mark 95.117ms
[165.721s][info][gc,marking  ] GC(249) Concurrent Rebuild Remembered Sets and Scrub Regions
[165.775s][info][gc,marking  ] GC(249) Concurrent Rebuild Remembered Sets and Scrub Regions 53.915ms
[165.775s][info][gc,start    ] GC(249) Pause Cleanup
[165.775s][info][gc          ] GC(249) Pause Cleanup 209M->209M(402M) 0.058ms
[165.775s][info][gc,cpu      ] GC(249) User=0.01s Sys=0.00s Real=0.00s
[165.775s][info][gc,marking  ] GC(249) Concurrent Clear Claimed Marks
[165.775s][info][gc,marking  ] GC(249) Concurrent Clear Claimed Marks 0.037ms
[165.775s][info][gc,marking  ] GC(249) Concurrent Cleanup for Next Mark
[165.776s][info][gc,marking  ] GC(249) Concurrent Cleanup for Next Mark 1.172ms
[165.776s][info][gc          ] GC(249) Concurrent Mark Cycle 172.590ms
[166.098s][info][gc,start    ] GC(250) Pause Young (Prepare Mixed) (G1 Evacuation Pause)
[166.098s][info][gc,task     ] GC(250) Using 2 workers of 2 for evacuation
[166.138s][info][gc,phases   ] GC(250)   Pre Evacuate Collection Set: 0.19ms
[166.138s][info][gc,phases   ] GC(250)   Merge Heap Roots: 0.22ms
[166.138s][info][gc,phases   ] GC(250)   Evacuate Collection Set: 39.21ms
[166.138s][info][gc,phases   ] GC(250)   Post Evacuate Collection Set: 0.48ms
[166.138s][info][gc,phases   ] GC(250)   Other: 0.09ms
[166.138s][info][gc,heap     ] GC(250) Eden regions: 139->0(114)
[166.138s][info][gc,heap     ] GC(250) Survivor regions: 26->21(21)
[166.138s][info][gc,heap     ] GC(250) Old regions: 142->186
[166.138s][info][gc,heap     ] GC(250) Humongous regions: 5->5
[166.138s][info][gc,metaspace] GC(250) Metaspace: 41785K(42176K)->41785K(42176K) NonClass: 38982K(39232K)->38982K(39232K) Class: 2802K(2944K)->2802K(2944K)
[166.138s][info][gc          ] GC(250) Pause Young (Prepare Mixed) (G1 Evacuation Pause) 312M->212M(402M) 40.394ms
[166.138s][info][gc,cpu      ] GC(250) User=0.08s Sys=0.01s Real=0.04s
[166.491s][info][gc,start    ] GC(251) Pause Young (Mixed) (G1 Evacuation Pause)
[166.491s][info][gc,task     ] GC(251) Using 2 workers of 2 for evacuation
[166.548s][info][gc,phases   ] GC(251)   Pre Evacuate Collection Set: 0.28ms
[166.548s][info][gc,phases   ] GC(251)   Merge Heap Roots: 0.28ms
[166.548s][info][gc,phases   ] GC(251)   Evacuate Collection Set: 55.34ms
[166.548s][info][gc,phases   ] GC(251)   Post Evacuate Collection Set: 0.46ms
[166.548s][info][gc,phases   ] GC(251)   Other: 0.07ms
[166.548s][info][gc,heap     ] GC(251) Eden regions: 114->0(71)
[166.548s][info][gc,heap     ] GC(251) Survivor regions: 21->17(17)
[166.548s][info][gc,heap     ] GC(251) Old regions: 186->224
[166.548s][info][gc,heap     ] GC(251) Humongous regions: 5->5
[166.548s][info][gc,metaspace] GC(251) Metaspace: 41785K(42176K)->41785K(42176K) NonClass: 38982K(39232K)->38982K(39232K) Class: 2802K(2944K)->2802K(2944K)
[166.548s][info][gc          ] GC(251) Pause Young (Mixed) (G1 Evacuation Pause) 326M->245M(409M) 56.663ms
[166.548s][info][gc,cpu      ] GC(251) User=0.11s Sys=0.00s Real=0.06s
[166.551s][info][gc,start    ] GC(252) Pause Young (Concurrent Start) (G1 Humongous Allocation)
[166.551s][info][gc,task     ] GC(252) Using 2 workers of 2 for evacuation
[166.566s][info][gc,phases   ] GC(252)   Pre Evacuate Collection Set: 0.22ms
[166.566s][info][gc,phases   ] GC(252)   Merge Heap Roots: 0.13ms
[166.566s][info][gc,phases   ] GC(252)   Evacuate Collection Set: 13.94ms
[166.566s][info][gc,phases   ] GC(252)   Post Evacuate Collection Set: 1.13ms
[166.566s][info][gc,phases   ] GC(252)   Other: 0.07ms
[166.566s][info][gc,heap     ] GC(252) Eden regions: 1->0(144)
[166.566s][info][gc,heap     ] GC(252) Survivor regions: 17->1(11)
[166.566s][info][gc,heap     ] GC(252) Old regions: 224->241
[166.566s][info][gc,heap     ] GC(252) Humongous regions: 5->5
[166.566s][info][gc,metaspace] GC(252) Metaspace: 41785K(42176K)->41785K(42176K) NonClass: 38982K(39232K)->38982K(39232K) Class: 2802K(2944K)->2802K(2944K)
[166.566s][info][gc          ] GC(252) Pause Young (Concurrent Start) (G1 Humongous Allocation) 246M->247M(527M) 15.668ms
[166.566s][info][gc,cpu      ] GC(252) User=0.03s Sys=0.00s Real=0.02s
[166.566s][info][gc          ] GC(253) Concurrent Undo Cycle
[166.566s][info][gc,marking  ] GC(253) Concurrent Clear Claimed Marks
[166.567s][info][gc,marking  ] GC(253) Concurrent Clear Claimed Marks 0.035ms
[166.567s][info][gc,marking  ] GC(253) Concurrent Cleanup for Next Mark
[166.567s][info][gc,marking  ] GC(253) Concurrent Cleanup for Next Mark 0.193ms
[166.567s][info][gc          ] GC(253) Concurrent Undo Cycle 0.301ms
[167.155s][info][gc,start    ] GC(254) Pause Young (Concurrent Start) (G1 Humongous Allocation)
[167.155s][info][gc,task     ] GC(254) Using 2 workers of 2 for evacuation
[167.215s][info][gc,phases   ] GC(254)   Pre Evacuate Collection Set: 0.26ms
[167.215s][info][gc,phases   ] GC(254)   Merge Heap Roots: 0.24ms
[167.215s][info][gc,phases   ] GC(254)   Evacuate Collection Set: 59.20ms
[167.215s][info][gc,phases   ] GC(254)   Post Evacuate Collection Set: 0.51ms
[167.215s][info][gc,phases   ] GC(254)   Other: 0.11ms
[167.215s][info][gc,heap     ] GC(254) Eden regions: 141->0(85)
[167.215s][info][gc,heap     ] GC(254) Survivor regions: 1->19(19)
[167.215s][info][gc,heap     ] GC(254) Old regions: 241->307
[167.215s][info][gc,heap     ] GC(254) Humongous regions: 6->6
[167.215s][info][gc,metaspace] GC(254) Metaspace: 41785K(42176K)->41785K(42176K) NonClass: 38982K(39232K)->38982K(39232K) Class: 2802K(2944K)->2802K(2944K)
[167.215s][info][gc          ] GC(254) Pause Young (Concurrent Start) (G1 Humongous Allocation) 388M->331M(527M) 60.519ms
[167.215s][info][gc,cpu      ] GC(254) User=0.12s Sys=0.00s Real=0.06s
[167.215s][info][gc          ] GC(255) Concurrent Mark Cycle
[167.215s][info][gc,marking  ] GC(255) Concurrent Scan Root Regions
[167.250s][info][gc,marking  ] GC(255) Concurrent Scan Root Regions 34.590ms
[167.250s][info][gc,marking  ] GC(255) Concurrent Mark
[167.250s][info][gc,marking  ] GC(255) Concurrent Mark From Roots
[167.250s][info][gc,task     ] GC(255) Using 1 workers of 1 for marking
[167.371s][info][gc,marking  ] GC(255) Concurrent Mark From Roots 121.047ms
[167.371s][info][gc,marking  ] GC(255) Concurrent Preclean
[167.371s][info][gc,marking  ] GC(255) Concurrent Preclean 0.054ms
[167.371s][info][gc,start    ] GC(255) Pause Remark
[167.383s][info][gc          ] GC(255) Pause Remark 370M->304M(527M) 11.887ms
[167.383s][info][gc,cpu      ] GC(255) User=0.02s Sys=0.01s Real=0.02s
[167.383s][info][gc,marking  ] GC(255) Concurrent Mark 133.289ms
[167.383s][info][gc,marking  ] GC(255) Concurrent Rebuild Remembered Sets and Scrub Regions
[167.485s][info][gc,marking  ] GC(255) Concurrent Rebuild Remembered Sets and Scrub Regions 101.713ms
[167.485s][info][gc,start    ] GC(255) Pause Cleanup
[167.485s][info][gc          ] GC(255) Pause Cleanup 331M->331M(527M) 0.081ms
[167.485s][info][gc,cpu      ] GC(255) User=0.00s Sys=0.00s Real=0.00s
[167.485s][info][gc,marking  ] GC(255) Concurrent Clear Claimed Marks
[167.485s][info][gc,marking  ] GC(255) Concurrent Clear Claimed Marks 0.036ms
[167.485s][info][gc,marking  ] GC(255) Concurrent Cleanup for Next Mark
[167.488s][info][gc,marking  ] GC(255) Concurrent Cleanup for Next Mark 2.788ms
[167.488s][info][gc          ] GC(255) Concurrent Mark Cycle 272.886ms
[167.556s][info][gc,start    ] GC(256) Pause Young (Prepare Mixed) (G1 Evacuation Pause)
[167.556s][info][gc,task     ] GC(256) Using 2 workers of 2 for evacuation
[167.612s][info][gc,phases   ] GC(256)   Pre Evacuate Collection Set: 0.20ms
[167.612s][info][gc,phases   ] GC(256)   Merge Heap Roots: 0.57ms
[167.612s][info][gc,phases   ] GC(256)   Evacuate Collection Set: 54.76ms
[167.612s][info][gc,phases   ] GC(256)   Post Evacuate Collection Set: 0.41ms
[167.612s][info][gc,phases   ] GC(256)   Other: 0.09ms
[167.612s][info][gc,heap     ] GC(256) Eden regions: 85->0(86)
[167.612s][info][gc,heap     ] GC(256) Survivor regions: 19->13(13)
[167.612s][info][gc,heap     ] GC(256) Old regions: 243->303
[167.612s][info][gc,heap     ] GC(256) Humongous regions: 5->5
[167.612s][info][gc,metaspace] GC(256) Metaspace: 41785K(42176K)->41785K(42176K) NonClass: 38982K(39232K)->38982K(39232K) Class: 2802K(2944K)->2802K(2944K)
[167.612s][info][gc          ] GC(256) Pause Young (Prepare Mixed) (G1 Evacuation Pause) 351M->321M(527M) 56.242ms
[167.612s][info][gc,cpu      ] GC(256) User=0.11s Sys=0.00s Real=0.05s
[167.903s][info][gc,start    ] GC(257) Pause Young (Mixed) (G1 Evacuation Pause)
[167.903s][info][gc,task     ] GC(257) Using 2 workers of 2 for evacuation
[167.958s][info][gc,phases   ] GC(257)   Pre Evacuate Collection Set: 0.25ms
[167.958s][info][gc,phases   ] GC(257)   Merge Heap Roots: 0.42ms
[167.958s][info][gc,phases   ] GC(257)   Evacuate Collection Set: 54.52ms
[167.958s][info][gc,phases   ] GC(257)   Post Evacuate Collection Set: 0.53ms
[167.958s][info][gc,phases   ] GC(257)   Other: 0.12ms
[167.958s][info][gc,heap     ] GC(257) Eden regions: 86->0(83)
[167.959s][info][gc,heap     ] GC(257) Survivor regions: 13->13(13)
[167.959s][info][gc,heap     ] GC(257) Old regions: 303->306
[167.959s][info][gc,heap     ] GC(257) Humongous regions: 6->6
[167.959s][info][gc,metaspace] GC(257) Metaspace: 41785K(42176K)->41785K(42176K) NonClass: 38982K(39232K)->38982K(39232K) Class: 2802K(2944K)->2802K(2944K)
[167.959s][info][gc          ] GC(257) Pause Young (Mixed) (G1 Evacuation Pause) 408M->325M(527M) 56.043ms
[167.959s][info][gc,cpu      ] GC(257) User=0.11s Sys=0.00s Real=0.05s
[168.239s][info][gc,start    ] GC(258) Pause Young (Mixed) (G1 Evacuation Pause)
[168.239s][info][gc,task     ] GC(258) Using 2 workers of 2 for evacuation
[168.298s][info][gc,phases   ] GC(258)   Pre Evacuate Collection Set: 0.24ms
[168.298s][info][gc,phases   ] GC(258)   Merge Heap Roots: 0.66ms
[168.298s][info][gc,phases   ] GC(258)   Evacuate Collection Set: 57.05ms
[168.298s][info][gc,phases   ] GC(258)   Post Evacuate Collection Set: 0.40ms
[168.298s][info][gc,phases   ] GC(258)   Other: 0.07ms
[168.298s][info][gc,heap     ] GC(258) Eden regions: 83->0(73)
[168.298s][info][gc,heap     ] GC(258) Survivor regions: 13->12(12)
[168.298s][info][gc,heap     ] GC(258) Old regions: 306->333
[168.298s][info][gc,heap     ] GC(258) Humongous regions: 6->6
[168.298s][info][gc,metaspace] GC(258) Metaspace: 41785K(42176K)->41785K(42176K) NonClass: 38982K(39232K)->38982K(39232K) Class: 2802K(2944K)->2802K(2944K)
[168.298s][info][gc          ] GC(258) Pause Young (Mixed) (G1 Evacuation Pause) 408M->350M(527M) 58.639ms
[168.298s][info][gc,cpu      ] GC(258) User=0.12s Sys=0.00s Real=0.06s
[168.346s][info][gc,start    ] GC(259) Pause Young (Concurrent Start) (G1 Humongous Allocation)
[168.346s][info][gc,task     ] GC(259) Using 2 workers of 2 for evacuation
[168.365s][info][gc,phases   ] GC(259)   Pre Evacuate Collection Set: 0.24ms
[168.365s][info][gc,phases   ] GC(259)   Merge Heap Roots: 0.13ms
[168.365s][info][gc,phases   ] GC(259)   Evacuate Collection Set: 15.99ms
[168.365s][info][gc,phases   ] GC(259)   Post Evacuate Collection Set: 1.67ms
[168.365s][info][gc,phases   ] GC(259)   Other: 0.16ms
[168.365s][info][gc,heap     ] GC(259) Eden regions: 16->0(137)
[168.365s][info][gc,heap     ] GC(259) Survivor regions: 12->10(11)
[168.365s][info][gc,heap     ] GC(259) Old regions: 333->345
[168.365s][info][gc,heap     ] GC(259) Humongous regions: 6->6
[168.365s][info][gc,metaspace] GC(259) Metaspace: 41785K(42176K)->41785K(42176K) NonClass: 38982K(39232K)->38982K(39232K) Class: 2802K(2944K)->2802K(2944K)
[168.365s][info][gc          ] GC(259) Pause Young (Concurrent Start) (G1 Humongous Allocation) 366M->360M(708M) 18.357ms
[168.365s][info][gc,cpu      ] GC(259) User=0.03s Sys=0.01s Real=0.02s
[168.365s][info][gc          ] GC(260) Concurrent Mark Cycle
[168.365s][info][gc,marking  ] GC(260) Concurrent Scan Root Regions
[168.373s][info][gc,marking  ] GC(260) Concurrent Scan Root Regions 8.408ms
[168.373s][info][gc,marking  ] GC(260) Concurrent Mark
[168.373s][info][gc,marking  ] GC(260) Concurrent Mark From Roots
[168.373s][info][gc,task     ] GC(260) Using 1 workers of 1 for marking
[168.509s][info][gc,marking  ] GC(260) Concurrent Mark From Roots 136.229ms
[168.509s][info][gc,marking  ] GC(260) Concurrent Preclean
[168.510s][info][gc,marking  ] GC(260) Concurrent Preclean 0.061ms
[168.510s][info][gc,start    ] GC(260) Pause Remark
[168.522s][info][gc          ] GC(260) Pause Remark 394M->324M(708M) 12.454ms
[168.522s][info][gc,cpu      ] GC(260) User=0.02s Sys=0.00s Real=0.02s
[168.522s][info][gc,marking  ] GC(260) Concurrent Mark 149.033ms
[168.522s][info][gc,marking  ] GC(260) Concurrent Rebuild Remembered Sets and Scrub Regions
[168.606s][info][gc,marking  ] GC(260) Concurrent Rebuild Remembered Sets and Scrub Regions 83.849ms
[168.606s][info][gc,start    ] GC(260) Pause Cleanup
[168.606s][info][gc          ] GC(260) Pause Cleanup 343M->343M(708M) 0.114ms
[168.606s][info][gc,cpu      ] GC(260) User=0.00s Sys=0.00s Real=0.00s
[168.606s][info][gc,marking  ] GC(260) Concurrent Clear Claimed Marks
[168.606s][info][gc,marking  ] GC(260) Concurrent Clear Claimed Marks 0.038ms
[168.606s][info][gc,marking  ] GC(260) Concurrent Cleanup for Next Mark
[168.610s][info][gc,marking  ] GC(260) Concurrent Cleanup for Next Mark 3.964ms
[168.610s][info][gc          ] GC(260) Concurrent Mark Cycle 245.738ms
[168.956s][info][gc,start    ] GC(261) Pause Young (Prepare Mixed) (G1 Evacuation Pause)
[168.956s][info][gc,task     ] GC(261) Using 2 workers of 2 for evacuation
[168.981s][info][gc,phases   ] GC(261)   Pre Evacuate Collection Set: 0.39ms
[168.981s][info][gc,phases   ] GC(261)   Merge Heap Roots: 0.15ms
[168.981s][info][gc,phases   ] GC(261)   Evacuate Collection Set: 23.27ms
[168.981s][info][gc,phases   ] GC(261)   Post Evacuate Collection Set: 0.43ms
[168.981s][info][gc,phases   ] GC(261)   Other: 0.08ms
[168.981s][info][gc,heap     ] GC(261) Eden regions: 137->0(171)
[168.981s][info][gc,heap     ] GC(261) Survivor regions: 10->16(19)
[168.981s][info][gc,heap     ] GC(261) Old regions: 277->286
[168.981s][info][gc,heap     ] GC(261) Humongous regions: 5->5
[168.981s][info][gc,metaspace] GC(261) Metaspace: 41786K(42176K)->41786K(42176K) NonClass: 38984K(39232K)->38984K(39232K) Class: 2802K(2944K)->2802K(2944K)
[168.981s][info][gc          ] GC(261) Pause Young (Prepare Mixed) (G1 Evacuation Pause) 428M->306M(708M) 24.513ms
[168.981s][info][gc,cpu      ] GC(261) User=0.04s Sys=0.01s Real=0.02s
[169.590s][info][gc,start    ] GC(262) Pause Young (Mixed) (G1 Evacuation Pause)
[169.591s][info][gc,task     ] GC(262) Using 2 workers of 2 for evacuation
[169.603s][info][gc,phases   ] GC(262)   Pre Evacuate Collection Set: 0.41ms
[169.603s][info][gc,phases   ] GC(262)   Merge Heap Roots: 0.20ms
[169.603s][info][gc,phases   ] GC(262)   Evacuate Collection Set: 11.02ms
[169.603s][info][gc,phases   ] GC(262)   Post Evacuate Collection Set: 0.52ms
[169.603s][info][gc,phases   ] GC(262)   Other: 0.08ms
[169.603s][info][gc,heap     ] GC(262) Eden regions: 171->0(219)
[169.603s][info][gc,heap     ] GC(262) Survivor regions: 16->4(24)
[169.603s][info][gc,heap     ] GC(262) Old regions: 286->221
[169.603s][info][gc,heap     ] GC(262) Humongous regions: 6->5
[169.603s][info][gc,metaspace] GC(262) Metaspace: 41787K(42176K)->41787K(42176K) NonClass: 38985K(39232K)->38985K(39232K) Class: 2802K(2944K)->2802K(2944K)
[169.603s][info][gc          ] GC(262) Pause Young (Mixed) (G1 Evacuation Pause) 478M->229M(708M) 12.433ms
[169.603s][info][gc,cpu      ] GC(262) User=0.02s Sys=0.00s Real=0.02s
[170.316s][info][gc,start    ] GC(263) Pause Young (Mixed) (G1 Evacuation Pause)
[170.316s][info][gc,task     ] GC(263) Using 2 workers of 2 for evacuation
[170.331s][info][gc,phases   ] GC(263)   Pre Evacuate Collection Set: 0.28ms
[170.331s][info][gc,phases   ] GC(263)   Merge Heap Roots: 0.55ms
[170.331s][info][gc,phases   ] GC(263)   Evacuate Collection Set: 13.17ms
[170.331s][info][gc,phases   ] GC(263)   Post Evacuate Collection Set: 0.53ms
[170.331s][info][gc,phases   ] GC(263)   Other: 0.10ms
[170.331s][info][gc,heap     ] GC(263) Eden regions: 219->0(254)
[170.331s][info][gc,heap     ] GC(263) Survivor regions: 4->8(28)
[170.331s][info][gc,heap     ] GC(263) Old regions: 221->177
[170.331s][info][gc,heap     ] GC(263) Humongous regions: 6->5
[170.331s][info][gc,metaspace] GC(263) Metaspace: 41787K(42176K)->41787K(42176K) NonClass: 38985K(39232K)->38985K(39232K) Class: 2802K(2944K)->2802K(2944K)
[170.331s][info][gc          ] GC(263) Pause Young (Mixed) (G1 Evacuation Pause) 449M->190M(708M) 14.834ms
[170.331s][info][gc,cpu      ] GC(263) User=0.03s Sys=0.00s Real=0.01s
[170.412s][info][gc,start    ] GC(264) Pause Young (Concurrent Start) (G1 Humongous Allocation)
[170.412s][info][gc,task     ] GC(264) Using 2 workers of 2 for evacuation
[170.419s][info][gc,phases   ] GC(264)   Pre Evacuate Collection Set: 0.23ms
[170.419s][info][gc,phases   ] GC(264)   Merge Heap Roots: 0.07ms
[170.419s][info][gc,phases   ] GC(264)   Evacuate Collection Set: 5.53ms
[170.419s][info][gc,phases   ] GC(264)   Post Evacuate Collection Set: 0.32ms
[170.419s][info][gc,phases   ] GC(264)   Other: 0.11ms
[170.419s][info][gc,heap     ] GC(264) Eden regions: 27->0(276)
[170.419s][info][gc,heap     ] GC(264) Survivor regions: 8->9(33)
[170.419s][info][gc,heap     ] GC(264) Old regions: 177->177
[170.419s][info][gc,heap     ] GC(264) Humongous regions: 5->5
[170.419s][info][gc,metaspace] GC(264) Metaspace: 41787K(42176K)->41787K(42176K) NonClass: 38985K(39232K)->38985K(39232K) Class: 2802K(2944K)->2802K(2944K)
[170.419s][info][gc          ] GC(264) Pause Young (Concurrent Start) (G1 Humongous Allocation) 216M->191M(708M) 6.445ms
[170.419s][info][gc,cpu      ] GC(264) User=0.01s Sys=0.00s Real=0.00s
[170.419s][info][gc          ] GC(265) Concurrent Mark Cycle
[170.419s][info][gc,marking  ] GC(265) Concurrent Scan Root Regions
[170.423s][info][gc,marking  ] GC(265) Concurrent Scan Root Regions 4.150ms
[170.423s][info][gc,marking  ] GC(265) Concurrent Mark
[170.423s][info][gc,marking  ] GC(265) Concurrent Mark From Roots
[170.423s][info][gc,task     ] GC(265) Using 1 workers of 1 for marking
[170.495s][info][gc,marking  ] GC(265) Concurrent Mark From Roots 71.482ms
[170.495s][info][gc,marking  ] GC(265) Concurrent Preclean
[170.495s][info][gc,marking  ] GC(265) Concurrent Preclean 0.060ms
[170.495s][info][gc,start    ] GC(265) Pause Remark
[170.507s][info][gc          ] GC(265) Pause Remark 214M->129M(357M) 11.801ms
[170.507s][info][gc,cpu      ] GC(265) User=0.02s Sys=0.00s Real=0.01s
[170.507s][info][gc,marking  ] GC(265) Concurrent Mark 83.616ms
[170.507s][info][gc,marking  ] GC(265) Concurrent Rebuild Remembered Sets and Scrub Regions
[170.534s][info][gc,marking  ] GC(265) Concurrent Rebuild Remembered Sets and Scrub Regions 27.635ms
[170.534s][info][gc,start    ] GC(265) Pause Cleanup
[170.535s][info][gc          ] GC(265) Pause Cleanup 137M->137M(357M) 0.047ms
[170.535s][info][gc,cpu      ] GC(265) User=0.00s Sys=0.00s Real=0.00s
[170.535s][info][gc,marking  ] GC(265) Concurrent Clear Claimed Marks
[170.535s][info][gc,marking  ] GC(265) Concurrent Clear Claimed Marks 0.037ms
[170.535s][info][gc,marking  ] GC(265) Concurrent Cleanup for Next Mark
[170.536s][info][gc,marking  ] GC(265) Concurrent Cleanup for Next Mark 1.016ms
[170.536s][info][gc          ] GC(265) Concurrent Mark Cycle 116.822ms
[171.091s][info][gc,start    ] GC(266) Pause Young (Prepare Mixed) (G1 Evacuation Pause)
[171.091s][info][gc,task     ] GC(266) Using 2 workers of 2 for evacuation
[171.099s][info][gc,phases   ] GC(266)   Pre Evacuate Collection Set: 0.20ms
[171.099s][info][gc,phases   ] GC(266)   Merge Heap Roots: 0.07ms
[171.099s][info][gc,phases   ] GC(266)   Evacuate Collection Set: 6.95ms
[171.099s][info][gc,phases   ] GC(266)   Post Evacuate Collection Set: 0.46ms
[171.099s][info][gc,phases   ] GC(266)   Other: 0.07ms
[171.099s][info][gc,heap     ] GC(266) Eden regions: 205->0(160)
[171.099s][info][gc,heap     ] GC(266) Survivor regions: 9->9(27)
[171.099s][info][gc,heap     ] GC(266) Old regions: 94->94
[171.099s][info][gc,heap     ] GC(266) Humongous regions: 6->3
[171.099s][info][gc,metaspace] GC(266) Metaspace: 41787K(42176K)->41787K(42176K) NonClass: 38985K(39232K)->38985K(39232K) Class: 2802K(2944K)->2802K(2944K)
[171.099s][info][gc          ] GC(266) Pause Young (Prepare Mixed) (G1 Evacuation Pause) 314M->105M(357M) 7.970ms
[171.099s][info][gc,cpu      ] GC(266) User=0.02s Sys=0.00s Real=0.01s
[171.604s][info][gc,start    ] GC(267) Pause Young (Mixed) (G1 Evacuation Pause)
[171.604s][info][gc,task     ] GC(267) Using 2 workers of 2 for evacuation
[171.623s][info][gc,phases   ] GC(267)   Pre Evacuate Collection Set: 0.18ms
[171.623s][info][gc,phases   ] GC(267)   Merge Heap Roots: 0.07ms
[171.623s][info][gc,phases   ] GC(267)   Evacuate Collection Set: 18.57ms
[171.623s][info][gc,phases   ] GC(267)   Post Evacuate Collection Set: 0.46ms
[171.623s][info][gc,phases   ] GC(267)   Other: 0.07ms
[171.623s][info][gc,heap     ] GC(267) Eden regions: 160->0(152)
[171.623s][info][gc,heap     ] GC(267) Survivor regions: 9->22(22)
[171.623s][info][gc,heap     ] GC(267) Old regions: 94->90
[171.623s][info][gc,heap     ] GC(267) Humongous regions: 4->3
[171.623s][info][gc,metaspace] GC(267) Metaspace: 41787K(42176K)->41787K(42176K) NonClass: 38985K(39232K)->38985K(39232K) Class: 2802K(2944K)->2802K(2944K)
[171.623s][info][gc          ] GC(267) Pause Young (Mixed) (G1 Evacuation Pause) 266M->114M(357M) 19.566ms
[171.623s][info][gc,cpu      ] GC(267) User=0.04s Sys=0.00s Real=0.02s
[171.637s][info][gc,start    ] GC(268) Pause Young (Concurrent Start) (G1 Humongous Allocation)
[171.637s][info][gc,task     ] GC(268) Using 2 workers of 2 for evacuation
[171.651s][info][gc,phases   ] GC(268)   Pre Evacuate Collection Set: 0.16ms
[171.651s][info][gc,phases   ] GC(268)   Merge Heap Roots: 0.08ms
[171.651s][info][gc,phases   ] GC(268)   Evacuate Collection Set: 13.10ms
[171.651s][info][gc,phases   ] GC(268)   Post Evacuate Collection Set: 0.32ms
[171.651s][info][gc,phases   ] GC(268)   Other: 0.10ms
[171.651s][info][gc,heap     ] GC(268) Eden regions: 5->0(165)
[171.651s][info][gc,heap     ] GC(268) Survivor regions: 22->2(22)
[171.651s][info][gc,heap     ] GC(268) Old regions: 90->110
[171.651s][info][gc,heap     ] GC(268) Humongous regions: 3->3
[171.651s][info][gc,metaspace] GC(268) Metaspace: 41787K(42176K)->41787K(42176K) NonClass: 38985K(39232K)->38985K(39232K) Class: 2802K(2944K)->2802K(2944K)
[171.651s][info][gc          ] GC(268) Pause Young (Concurrent Start) (G1 Humongous Allocation) 119M->114M(357M) 13.917ms
[171.651s][info][gc,cpu      ] GC(268) User=0.03s Sys=0.00s Real=0.01s
[171.651s][info][gc          ] GC(269) Concurrent Mark Cycle
[171.651s][info][gc,marking  ] GC(269) Concurrent Scan Root Regions
[171.659s][info][gc,marking  ] GC(269) Concurrent Scan Root Regions 7.789ms
[171.659s][info][gc,marking  ] GC(269) Concurrent Mark
[171.659s][info][gc,marking  ] GC(269) Concurrent Mark From Roots
[171.659s][info][gc,task     ] GC(269) Using 1 workers of 1 for marking
[171.739s][info][gc,marking  ] GC(269) Concurrent Mark From Roots 80.211ms
[171.739s][info][gc,marking  ] GC(269) Concurrent Preclean
[171.739s][info][gc,marking  ] GC(269) Concurrent Preclean 0.062ms
[171.740s][info][gc,start    ] GC(269) Pause Remark
[171.752s][info][gc          ] GC(269) Pause Remark 137M->136M(357M) 12.148ms
[171.752s][info][gc,cpu      ] GC(269) User=0.02s Sys=0.00s Real=0.01s
[171.752s][info][gc,marking  ] GC(269) Concurrent Mark 92.715ms
[171.752s][info][gc,marking  ] GC(269) Concurrent Rebuild Remembered Sets and Scrub Regions
[171.793s][info][gc,marking  ] GC(269) Concurrent Rebuild Remembered Sets and Scrub Regions 40.851ms
[171.793s][info][gc,start    ] GC(269) Pause Cleanup
[171.793s][info][gc          ] GC(269) Pause Cleanup 149M->149M(357M) 0.053ms
[171.793s][info][gc,cpu      ] GC(269) User=0.00s Sys=0.00s Real=0.00s
[171.793s][info][gc,marking  ] GC(269) Concurrent Clear Claimed Marks
[171.793s][info][gc,marking  ] GC(269) Concurrent Clear Claimed Marks 0.035ms
[171.793s][info][gc,marking  ] GC(269) Concurrent Cleanup for Next Mark
[171.794s][info][gc,marking  ] GC(269) Concurrent Cleanup for Next Mark 1.020ms
[171.794s][info][gc          ] GC(269) Concurrent Mark Cycle 143.064ms
[172.191s][info][gc,start    ] GC(270) Pause Young (Prepare Mixed) (G1 Evacuation Pause)
[172.191s][info][gc,task     ] GC(270) Using 2 workers of 2 for evacuation
[172.226s][info][gc,phases   ] GC(270)   Pre Evacuate Collection Set: 0.18ms
[172.226s][info][gc,phases   ] GC(270)   Merge Heap Roots: 0.11ms
[172.226s][info][gc,phases   ] GC(270)   Evacuate Collection Set: 34.33ms
[172.226s][info][gc,phases   ] GC(270)   Post Evacuate Collection Set: 0.49ms
[172.226s][info][gc,phases   ] GC(270)   Other: 0.08ms
[172.226s][info][gc,heap     ] GC(270) Eden regions: 165->0(121)
[172.226s][info][gc,heap     ] GC(270) Survivor regions: 2->21(21)
[172.226s][info][gc,heap     ] GC(270) Old regions: 109->139
[172.226s][info][gc,heap     ] GC(270) Humongous regions: 7->5
[172.226s][info][gc,metaspace] GC(270) Metaspace: 41790K(42240K)->41790K(42240K) NonClass: 38987K(39296K)->38987K(39296K) Class: 2802K(2944K)->2802K(2944K)
[172.226s][info][gc          ] GC(270) Pause Young (Prepare Mixed) (G1 Evacuation Pause) 282M->165M(357M) 35.373ms
[172.226s][info][gc,cpu      ] GC(270) User=0.07s Sys=0.00s Real=0.04s
[172.548s][info][gc,start    ] GC(271) Pause Young (Mixed) (G1 Evacuation Pause)
[172.548s][info][gc,task     ] GC(271) Using 2 workers of 2 for evacuation
[172.570s][info][gc,phases   ] GC(271)   Pre Evacuate Collection Set: 0.19ms
[172.570s][info][gc,phases   ] GC(271)   Merge Heap Roots: 0.22ms
[172.570s][info][gc,phases   ] GC(271)   Evacuate Collection Set: 20.21ms
[172.570s][info][gc,phases   ] GC(271)   Post Evacuate Collection Set: 0.41ms
[172.570s][info][gc,phases   ] GC(271)   Other: 0.07ms
[172.570s][info][gc,heap     ] GC(271) Eden regions: 121->0(136)
[172.570s][info][gc,heap     ] GC(271) Survivor regions: 21->2(18)
[172.570s][info][gc,heap     ] GC(271) Old regions: 139->144
[172.570s][info][gc,heap     ] GC(271) Humongous regions: 5->5
[172.570s][info][gc,metaspace] GC(271) Metaspace: 41790K(42240K)->41790K(42240K) NonClass: 38987K(39296K)->38987K(39296K) Class: 2802K(2944K)->2802K(2944K)
[172.570s][info][gc          ] GC(271) Pause Young (Mixed) (G1 Evacuation Pause) 286M->150M(357M) 21.284ms
[172.570s][info][gc,cpu      ] GC(271) User=0.04s Sys=0.00s Real=0.02s
[172.968s][info][gc,start    ] GC(272) Pause Young (Concurrent Start) (G1 Evacuation Pause)
[172.968s][info][gc,task     ] GC(272) Using 2 workers of 2 for evacuation
[172.971s][info][gc,phases   ] GC(272)   Pre Evacuate Collection Set: 0.22ms
[172.971s][info][gc,phases   ] GC(272)   Merge Heap Roots: 0.06ms
[172.971s][info][gc,phases   ] GC(272)   Evacuate Collection Set: 2.41ms
[172.971s][info][gc,phases   ] GC(272)   Post Evacuate Collection Set: 0.42ms
[172.971s][info][gc,phases   ] GC(272)   Other: 0.09ms
[172.971s][info][gc,heap     ] GC(272) Eden regions: 136->0(145)
[172.971s][info][gc,heap     ] GC(272) Survivor regions: 2->3(18)
[172.971s][info][gc,heap     ] GC(272) Old regions: 144->144
[172.971s][info][gc,heap     ] GC(272) Humongous regions: 5->5
[172.971s][info][gc,metaspace] GC(272) Metaspace: 41790K(42240K)->41790K(42240K) NonClass: 38987K(39296K)->38987K(39296K) Class: 2802K(2944K)->2802K(2944K)
[172.971s][info][gc          ] GC(272) Pause Young (Concurrent Start) (G1 Evacuation Pause) 286M->151M(357M) 3.387ms
[172.971s][info][gc,cpu      ] GC(272) User=0.00s Sys=0.00s Real=0.00s
[172.971s][info][gc          ] GC(273) Concurrent Mark Cycle
[172.971s][info][gc,marking  ] GC(273) Concurrent Scan Root Regions
[172.973s][info][gc,marking  ] GC(273) Concurrent Scan Root Regions 1.276ms
[172.973s][info][gc,marking  ] GC(273) Concurrent Mark
[172.973s][info][gc,marking  ] GC(273) Concurrent Mark From Roots
[172.973s][info][gc,task     ] GC(273) Using 1 workers of 1 for marking
[173.049s][info][gc,marking  ] GC(273) Concurrent Mark From Roots 76.392ms
[173.049s][info][gc,marking  ] GC(273) Concurrent Preclean
[173.049s][info][gc,marking  ] GC(273) Concurrent Preclean 0.044ms
[173.049s][info][gc,start    ] GC(273) Pause Remark
[173.061s][info][gc          ] GC(273) Pause Remark 174M->112M(300M) 11.519ms
[173.061s][info][gc,cpu      ] GC(273) User=0.02s Sys=0.00s Real=0.01s
[173.063s][info][gc,marking  ] GC(273) Concurrent Mark 90.449ms
[173.063s][info][gc,marking  ] GC(273) Concurrent Rebuild Remembered Sets and Scrub Regions
[173.095s][info][gc,marking  ] GC(273) Concurrent Rebuild Remembered Sets and Scrub Regions 32.144ms
[173.095s][info][gc,start    ] GC(273) Pause Cleanup
[173.095s][info][gc          ] GC(273) Pause Cleanup 124M->124M(300M) 0.044ms
[173.095s][info][gc,cpu      ] GC(273) User=0.00s Sys=0.00s Real=0.00s
[173.095s][info][gc,marking  ] GC(273) Concurrent Clear Claimed Marks
[173.095s][info][gc,marking  ] GC(273) Concurrent Clear Claimed Marks 0.034ms
[173.095s][info][gc,marking  ] GC(273) Concurrent Cleanup for Next Mark
[173.096s][info][gc,marking  ] GC(273) Concurrent Cleanup for Next Mark 0.861ms
[173.096s][info][gc          ] GC(273) Concurrent Mark Cycle 125.077ms
[173.394s][info][gc,start    ] GC(274) Pause Young (Prepare Mixed) (G1 Evacuation Pause)
[173.394s][info][gc,task     ] GC(274) Using 2 workers of 2 for evacuation
[173.397s][info][gc,phases   ] GC(274)   Pre Evacuate Collection Set: 0.22ms
[173.397s][info][gc,phases   ] GC(274)   Merge Heap Roots: 0.07ms
[173.397s][info][gc,phases   ] GC(274)   Evacuate Collection Set: 1.51ms
[173.397s][info][gc,phases   ] GC(274)   Post Evacuate Collection Set: 0.37ms
[173.397s][info][gc,phases   ] GC(274)   Other: 0.07ms
[173.397s][info][gc,heap     ] GC(274) Eden regions: 145->0(158)
[173.397s][info][gc,heap     ] GC(274) Survivor regions: 3->2(19)
[173.397s][info][gc,heap     ] GC(274) Old regions: 84->84
[173.397s][info][gc,heap     ] GC(274) Humongous regions: 4->3
[173.397s][info][gc,metaspace] GC(274) Metaspace: 41790K(42240K)->41790K(42240K) NonClass: 38987K(39296K)->38987K(39296K) Class: 2802K(2944K)->2802K(2944K)
[173.397s][info][gc          ] GC(274) Pause Young (Prepare Mixed) (G1 Evacuation Pause) 235M->88M(300M) 2.410ms
[173.397s][info][gc,cpu      ] GC(274) User=0.01s Sys=0.00s Real=0.00s
[173.781s][info][gc,start    ] GC(275) Pause Young (Mixed) (G1 Evacuation Pause)
[173.781s][info][gc,task     ] GC(275) Using 2 workers of 2 for evacuation
[173.789s][info][gc,phases   ] GC(275)   Pre Evacuate Collection Set: 0.17ms
[173.789s][info][gc,phases   ] GC(275)   Merge Heap Roots: 0.12ms
[173.789s][info][gc,phases   ] GC(275)   Evacuate Collection Set: 7.17ms
[173.789s][info][gc,phases   ] GC(275)   Post Evacuate Collection Set: 0.44ms
[173.789s][info][gc,phases   ] GC(275)   Other: 0.07ms
[173.789s][info][gc,heap     ] GC(275) Eden regions: 158->0(172)
[173.789s][info][gc,heap     ] GC(275) Survivor regions: 2->6(20)
[173.789s][info][gc,heap     ] GC(275) Old regions: 84->69
[173.789s][info][gc,heap     ] GC(275) Humongous regions: 3->1
[173.789s][info][gc,metaspace] GC(275) Metaspace: 41798K(42240K)->41798K(42240K) NonClass: 38996K(39296K)->38996K(39296K) Class: 2802K(2944K)->2802K(2944K)
[173.789s][info][gc          ] GC(275) Pause Young (Mixed) (G1 Evacuation Pause) 246M->74M(300M) 8.140ms
[173.789s][info][gc,cpu      ] GC(275) User=0.01s Sys=0.00s Real=0.01s
[174.059s][info][gc,start    ] GC(276) Pause Young (Concurrent Start) (G1 Evacuation Pause)
[174.059s][info][gc,task     ] GC(276) Using 2 workers of 2 for evacuation
[174.063s][info][gc,phases   ] GC(276)   Pre Evacuate Collection Set: 0.20ms
[174.063s][info][gc,phases   ] GC(276)   Merge Heap Roots: 0.05ms
[174.063s][info][gc,phases   ] GC(276)   Evacuate Collection Set: 3.43ms
[174.063s][info][gc,phases   ] GC(276)   Post Evacuate Collection Set: 0.55ms
[174.063s][info][gc,phases   ] GC(276)   Other: 0.10ms
[174.063s][info][gc,heap     ] GC(276) Eden regions: 172->0(175)
[174.063s][info][gc,heap     ] GC(276) Survivor regions: 6->5(23)
[174.063s][info][gc,heap     ] GC(276) Old regions: 69->69
[174.063s][info][gc,heap     ] GC(276) Humongous regions: 1->1
[174.063s][info][gc,metaspace] GC(276) Metaspace: 41798K(42240K)->41798K(42240K) NonClass: 38996K(39296K)->38996K(39296K) Class: 2802K(2944K)->2802K(2944K)
[174.063s][info][gc          ] GC(276) Pause Young (Concurrent Start) (G1 Evacuation Pause) 246M->74M(300M) 4.515ms
[174.063s][info][gc,cpu      ] GC(276) User=0.00s Sys=0.00s Real=0.01s
[174.063s][info][gc          ] GC(277) Concurrent Mark Cycle
[174.063s][info][gc,marking  ] GC(277) Concurrent Scan Root Regions
[174.066s][info][gc,marking  ] GC(277) Concurrent Scan Root Regions 2.151ms
[174.066s][info][gc,marking  ] GC(277) Concurrent Mark
[174.066s][info][gc,marking  ] GC(277) Concurrent Mark From Roots
[174.066s][info][gc,task     ] GC(277) Using 1 workers of 1 for marking
[174.157s][info][gc,marking  ] GC(277) Concurrent Mark From Roots 91.094ms
[174.157s][info][gc,marking  ] GC(277) Concurrent Preclean
[174.157s][info][gc,marking  ] GC(277) Concurrent Preclean 0.046ms
[174.157s][info][gc,start    ] GC(277) Pause Remark
[174.170s][info][gc          ] GC(277) Pause Remark 135M->131M(256M) 13.113ms
[174.170s][info][gc,cpu      ] GC(277) User=0.02s Sys=0.00s Real=0.01s
[174.170s][info][gc,marking  ] GC(277) Concurrent Mark 104.435ms
[174.170s][info][gc,marking  ] GC(277) Concurrent Rebuild Remembered Sets and Scrub Regions
[174.198s][info][gc,marking  ] GC(277) Concurrent Rebuild Remembered Sets and Scrub Regions 28.336ms
[174.198s][info][gc,start    ] GC(277) Pause Cleanup
[174.199s][info][gc          ] GC(277) Pause Cleanup 149M->149M(256M) 0.039ms
[174.199s][info][gc,cpu      ] GC(277) User=0.00s Sys=0.00s Real=0.00s
[174.199s][info][gc,marking  ] GC(277) Concurrent Clear Claimed Marks
[174.199s][info][gc,marking  ] GC(277) Concurrent Clear Claimed Marks 0.034ms
[174.199s][info][gc,marking  ] GC(277) Concurrent Cleanup for Next Mark
[174.199s][info][gc,marking  ] GC(277) Concurrent Cleanup for Next Mark 0.729ms
[174.199s][info][gc          ] GC(277) Concurrent Mark Cycle 135.910ms
[174.305s][info][gc,start    ] GC(278) Pause Young (Prepare Mixed) (G1 Evacuation Pause)
[174.305s][info][gc,task     ] GC(278) Using 2 workers of 2 for evacuation
[174.309s][info][gc,phases   ] GC(278)   Pre Evacuate Collection Set: 0.15ms
[174.309s][info][gc,phases   ] GC(278)   Merge Heap Roots: 0.05ms
[174.309s][info][gc,phases   ] GC(278)   Evacuate Collection Set: 3.01ms
[174.309s][info][gc,phases   ] GC(278)   Post Evacuate Collection Set: 0.40ms
[174.309s][info][gc,phases   ] GC(278)   Other: 0.07ms
[174.309s][info][gc,heap     ] GC(278) Eden regions: 148->0(148)
[174.309s][info][gc,heap     ] GC(278) Survivor regions: 5->5(20)
[174.309s][info][gc,heap     ] GC(278) Old regions: 65->65
[174.309s][info][gc,heap     ] GC(278) Humongous regions: 1->1
[174.309s][info][gc,metaspace] GC(278) Metaspace: 41798K(42240K)->41798K(42240K) NonClass: 38996K(39296K)->38996K(39296K) Class: 2802K(2944K)->2802K(2944K)
[174.309s][info][gc          ] GC(278) Pause Young (Prepare Mixed) (G1 Evacuation Pause) 218M->70M(256M) 3.854ms
[174.309s][info][gc,cpu      ] GC(278) User=0.01s Sys=0.00s Real=0.00s
[174.756s][info][gc,start    ] GC(279) Pause Young (Mixed) (G1 Evacuation Pause)
[174.756s][info][gc,task     ] GC(279) Using 2 workers of 2 for evacuation
[174.770s][info][gc,phases   ] GC(279)   Pre Evacuate Collection Set: 0.19ms
[174.770s][info][gc,phases   ] GC(279)   Merge Heap Roots: 0.11ms
[174.770s][info][gc,phases   ] GC(279)   Evacuate Collection Set: 13.32ms
[174.770s][info][gc,phases   ] GC(279)   Post Evacuate Collection Set: 0.63ms
[174.770s][info][gc,phases   ] GC(279)   Other: 0.12ms
[174.770s][info][gc,heap     ] GC(279) Eden regions: 117->0(193)
[174.770s][info][gc,heap     ] GC(279) Survivor regions: 5->8(20)
[174.770s][info][gc,heap     ] GC(279) Old regions: 65->59
[174.770s][info][gc,heap     ] GC(279) Humongous regions: 139->3
[174.770s][info][gc,metaspace] GC(279) Metaspace: 41836K(42240K)->41836K(42240K) NonClass: 39033K(39296K)->39033K(39296K) Class: 2803K(2944K)->2803K(2944K)
[174.770s][info][gc          ] GC(279) Pause Young (Mixed) (G1 Evacuation Pause) 325M->69M(336M) 14.570ms
[174.770s][info][gc,cpu      ] GC(279) User=0.02s Sys=0.01s Real=0.01s
[174.774s][info][gc,start    ] GC(280) Pause Young (Concurrent Start) (G1 Humongous Allocation)
[174.774s][info][gc,task     ] GC(280) Using 2 workers of 2 for evacuation
[174.780s][info][gc,phases   ] GC(280)   Pre Evacuate Collection Set: 0.14ms
[174.780s][info][gc,phases   ] GC(280)   Merge Heap Roots: 0.04ms
[174.780s][info][gc,phases   ] GC(280)   Evacuate Collection Set: 5.18ms
[174.780s][info][gc,phases   ] GC(280)   Post Evacuate Collection Set: 0.32ms
[174.780s][info][gc,phases   ] GC(280)   Other: 0.11ms
[174.780s][info][gc,heap     ] GC(280) Eden regions: 1->0(193)
[174.780s][info][gc,heap     ] GC(280) Survivor regions: 8->8(26)
[174.780s][info][gc,heap     ] GC(280) Old regions: 59->59
[174.780s][info][gc,heap     ] GC(280) Humongous regions: 3->1
[174.780s][info][gc,metaspace] GC(280) Metaspace: 41836K(42240K)->41836K(42240K) NonClass: 39033K(39296K)->39033K(39296K) Class: 2803K(2944K)->2803K(2944K)
[174.780s][info][gc          ] GC(280) Pause Young (Concurrent Start) (G1 Humongous Allocation) 70M->67M(336M) 5.955ms
[174.780s][info][gc          ] GC(281) Concurrent Mark Cycle
[174.780s][info][gc,marking  ] GC(281) Concurrent Scan Root Regions
[174.782s][info][gc,cpu      ] GC(280) User=0.01s Sys=0.00s Real=0.01s
[174.784s][info][gc,marking  ] GC(281) Concurrent Scan Root Regions 3.746ms
[174.784s][info][gc,marking  ] GC(281) Concurrent Mark
[174.784s][info][gc,marking  ] GC(281) Concurrent Mark From Roots
[174.784s][info][gc,task     ] GC(281) Using 1 workers of 1 for marking
[174.852s][info][gc,marking  ] GC(281) Concurrent Mark From Roots 68.298ms
[174.852s][info][gc,marking  ] GC(281) Concurrent Preclean
[174.852s][info][gc,marking  ] GC(281) Concurrent Preclean 0.049ms
[174.852s][info][gc,start    ] GC(281) Pause Remark
[174.864s][info][gc          ] GC(281) Pause Remark 129M->129M(336M) 11.626ms
[174.864s][info][gc,cpu      ] GC(281) User=0.02s Sys=0.00s Real=0.01s
[174.864s][info][gc,marking  ] GC(281) Concurrent Mark 80.258ms
[174.864s][info][gc,marking  ] GC(281) Concurrent Rebuild Remembered Sets and Scrub Regions
[174.897s][info][gc,marking  ] GC(281) Concurrent Rebuild Remembered Sets and Scrub Regions 33.023ms
[174.897s][info][gc,start    ] GC(281) Pause Cleanup
[174.897s][info][gc          ] GC(281) Pause Cleanup 159M->159M(336M) 0.059ms
[174.897s][info][gc,cpu      ] GC(281) User=0.00s Sys=0.00s Real=0.00s
[174.898s][info][gc,marking  ] GC(281) Concurrent Clear Claimed Marks
[174.898s][info][gc,marking  ] GC(281) Concurrent Clear Claimed Marks 0.039ms
[174.898s][info][gc,marking  ] GC(281) Concurrent Cleanup for Next Mark
[174.899s][info][gc,marking  ] GC(281) Concurrent Cleanup for Next Mark 1.738ms
[174.899s][info][gc          ] GC(281) Concurrent Mark Cycle 119.226ms
[175.200s][info][gc,start    ] GC(282) Pause Young (Prepare Mixed) (G1 Evacuation Pause)
[175.200s][info][gc,task     ] GC(282) Using 2 workers of 2 for evacuation
[175.214s][info][gc,phases   ] GC(282)   Pre Evacuate Collection Set: 0.24ms
[175.214s][info][gc,phases   ] GC(282)   Merge Heap Roots: 0.06ms
[175.214s][info][gc,phases   ] GC(282)   Evacuate Collection Set: 12.46ms
[175.214s][info][gc,phases   ] GC(282)   Post Evacuate Collection Set: 0.95ms
[175.214s][info][gc,phases   ] GC(282)   Other: 0.08ms
[175.214s][info][gc,heap     ] GC(282) Eden regions: 44->0(229)
[175.214s][info][gc,heap     ] GC(282) Survivor regions: 8->11(29)
[175.214s][info][gc,heap     ] GC(282) Old regions: 59->59
[175.214s][info][gc,heap     ] GC(282) Humongous regions: 279->3
[175.214s][info][gc,metaspace] GC(282) Metaspace: 41837K(42240K)->41837K(42240K) NonClass: 39034K(39296K)->39034K(39296K) Class: 2803K(2944K)->2803K(2944K)
[175.214s][info][gc          ] GC(282) Pause Young (Prepare Mixed) (G1 Evacuation Pause) 389M->72M(401M) 13.979ms
[175.214s][info][gc,cpu      ] GC(282) User=0.02s Sys=0.01s Real=0.02s
[175.726s][info][gc,start    ] GC(283) Pause Young (Mixed) (G1 Evacuation Pause)
[175.726s][info][gc,task     ] GC(283) Using 2 workers of 2 for evacuation
[175.759s][info][gc,phases   ] GC(283)   Pre Evacuate Collection Set: 0.37ms
[175.759s][info][gc,phases   ] GC(283)   Merge Heap Roots: 0.19ms
[175.759s][info][gc,phases   ] GC(283)   Evacuate Collection Set: 31.83ms
[175.759s][info][gc,phases   ] GC(283)   Post Evacuate Collection Set: 0.82ms
[175.760s][info][gc,phases   ] GC(283)   Other: 0.07ms
[175.760s][info][gc,heap     ] GC(283) Eden regions: 58->0(276)
[175.760s][info][gc,heap     ] GC(283) Survivor regions: 11->17(34)
[175.760s][info][gc,heap     ] GC(283) Old regions: 59->56
[175.760s][info][gc,heap     ] GC(283) Humongous regions: 341->1
[175.760s][info][gc,metaspace] GC(283) Metaspace: 41839K(42240K)->41839K(42240K) NonClass: 39036K(39296K)->39036K(39296K) Class: 2803K(2944K)->2803K(2944K)
[175.760s][info][gc          ] GC(283) Pause Young (Mixed) (G1 Evacuation Pause) 468M->72M(489M) 33.520ms
[175.760s][info][gc,cpu      ] GC(283) User=0.06s Sys=0.01s Real=0.03s
[175.769s][info][gc,start    ] GC(284) Pause Young (Concurrent Start) (G1 Humongous Allocation)
[175.770s][info][gc,task     ] GC(284) Using 2 workers of 2 for evacuation
[175.784s][info][gc,phases   ] GC(284)   Pre Evacuate Collection Set: 0.18ms
[175.784s][info][gc,phases   ] GC(284)   Merge Heap Roots: 0.04ms
[175.784s][info][gc,phases   ] GC(284)   Evacuate Collection Set: 13.55ms
[175.784s][info][gc,phases   ] GC(284)   Post Evacuate Collection Set: 0.35ms
[175.784s][info][gc,phases   ] GC(284)   Other: 0.09ms
[175.784s][info][gc,heap     ] GC(284) Eden regions: 3->0(231)
[175.784s][info][gc,heap     ] GC(284) Survivor regions: 17->18(37)
[175.784s][info][gc,heap     ] GC(284) Old regions: 56->56
[175.784s][info][gc,heap     ] GC(284) Humongous regions: 1->1
[175.784s][info][gc,metaspace] GC(284) Metaspace: 41839K(42240K)->41839K(42240K) NonClass: 39036K(39296K)->39036K(39296K) Class: 2803K(2944K)->2803K(2944K)
[175.784s][info][gc          ] GC(284) Pause Young (Concurrent Start) (G1 Humongous Allocation) 75M->73M(489M) 14.388ms
[175.784s][info][gc          ] GC(285) Concurrent Mark Cycle
[175.784s][info][gc,marking  ] GC(285) Concurrent Scan Root Regions
[175.786s][info][gc,cpu      ] GC(284) User=0.03s Sys=0.00s Real=0.02s
[175.795s][info][gc,marking  ] GC(285) Concurrent Scan Root Regions 10.744ms
[175.795s][info][gc,marking  ] GC(285) Concurrent Mark
[175.795s][info][gc,marking  ] GC(285) Concurrent Mark From Roots
[175.795s][info][gc,task     ] GC(285) Using 1 workers of 1 for marking
[175.867s][info][gc,marking  ] GC(285) Concurrent Mark From Roots 72.164ms
[175.867s][info][gc,marking  ] GC(285) Concurrent Preclean
[175.867s][info][gc,marking  ] GC(285) Concurrent Preclean 0.085ms
[175.867s][info][gc,start    ] GC(285) Pause Remark
[175.880s][info][gc          ] GC(285) Pause Remark 138M->138M(437M) 12.641ms
[175.880s][info][gc,cpu      ] GC(285) User=0.02s Sys=0.00s Real=0.01s
[175.882s][info][gc,marking  ] GC(285) Concurrent Mark 87.324ms
[175.882s][info][gc,marking  ] GC(285) Concurrent Rebuild Remembered Sets and Scrub Regions
[175.911s][info][gc,marking  ] GC(285) Concurrent Rebuild Remembered Sets and Scrub Regions 29.266ms
[175.911s][info][gc,start    ] GC(285) Pause Cleanup
[175.912s][info][gc          ] GC(285) Pause Cleanup 155M->155M(437M) 0.080ms
[175.912s][info][gc,cpu      ] GC(285) User=0.00s Sys=0.00s Real=0.00s
[175.912s][info][gc,marking  ] GC(285) Concurrent Clear Claimed Marks
[175.912s][info][gc,marking  ] GC(285) Concurrent Clear Claimed Marks 0.045ms
[175.912s][info][gc,marking  ] GC(285) Concurrent Cleanup for Next Mark
[175.914s][info][gc,marking  ] GC(285) Concurrent Cleanup for Next Mark 2.221ms
[175.914s][info][gc          ] GC(285) Concurrent Mark Cycle 130.043ms
[176.356s][info][gc,start    ] GC(286) Pause Young (Prepare Mixed) (G1 Evacuation Pause)
[176.356s][info][gc,task     ] GC(286) Using 2 workers of 2 for evacuation
[176.393s][info][gc,phases   ] GC(286)   Pre Evacuate Collection Set: 0.33ms
[176.393s][info][gc,phases   ] GC(286)   Merge Heap Roots: 0.07ms
[176.393s][info][gc,phases   ] GC(286)   Evacuate Collection Set: 36.06ms
[176.393s][info][gc,phases   ] GC(286)   Post Evacuate Collection Set: 0.74ms
[176.393s][info][gc,phases   ] GC(286)   Other: 0.07ms
[176.393s][info][gc,heap     ] GC(286) Eden regions: 66->0(254)
[176.393s][info][gc,heap     ] GC(286) Survivor regions: 18->25(32)
[176.393s][info][gc,heap     ] GC(286) Old regions: 56->58
[176.393s][info][gc,heap     ] GC(286) Humongous regions: 337->3
[176.393s][info][gc,metaspace] GC(286) Metaspace: 41841K(42240K)->41841K(42240K) NonClass: 39038K(39296K)->39038K(39296K) Class: 2803K(2944K)->2803K(2944K)
[176.393s][info][gc          ] GC(286) Pause Young (Prepare Mixed) (G1 Evacuation Pause) 475M->84M(504M) 37.497ms
[176.393s][info][gc,cpu      ] GC(286) User=0.06s Sys=0.01s Real=0.04s
[177.060s][info][gc,start    ] GC(287) Pause Young (Mixed) (G1 Evacuation Pause)
[177.060s][info][gc,task     ] GC(287) Using 2 workers of 2 for evacuation
[177.076s][info][gc,phases   ] GC(287)   Pre Evacuate Collection Set: 0.25ms
[177.076s][info][gc,phases   ] GC(287)   Merge Heap Roots: 0.10ms
[177.076s][info][gc,phases   ] GC(287)   Evacuate Collection Set: 14.49ms
[177.076s][info][gc,phases   ] GC(287)   Post Evacuate Collection Set: 0.75ms
[177.076s][info][gc,phases   ] GC(287)   Other: 0.11ms
[177.076s][info][gc,heap     ] GC(287) Eden regions: 136->0(283)
[177.076s][info][gc,heap     ] GC(287) Survivor regions: 25->6(35)
[177.076s][info][gc,heap     ] GC(287) Old regions: 58->59
[177.076s][info][gc,heap     ] GC(287) Humongous regions: 285->1
[177.076s][info][gc,metaspace] GC(287) Metaspace: 41908K(42304K)->41908K(42304K) NonClass: 39105K(39360K)->39105K(39360K) Class: 2803K(2944K)->2803K(2944K)
[177.076s][info][gc          ] GC(287) Pause Young (Mixed) (G1 Evacuation Pause) 502M->64M(516M) 15.892ms
[177.076s][info][gc,cpu      ] GC(287) User=0.02s Sys=0.01s Real=0.02s
[177.151s][info][gc,start    ] GC(288) Pause Young (Concurrent Start) (G1 Humongous Allocation)
[177.151s][info][gc,task     ] GC(288) Using 2 workers of 2 for evacuation
[177.157s][info][gc,phases   ] GC(288)   Pre Evacuate Collection Set: 0.23ms
[177.157s][info][gc,phases   ] GC(288)   Merge Heap Roots: 0.05ms
[177.157s][info][gc,phases   ] GC(288)   Evacuate Collection Set: 4.43ms
[177.157s][info][gc,phases   ] GC(288)   Post Evacuate Collection Set: 0.42ms
[177.157s][info][gc,phases   ] GC(288)   Other: 0.11ms
[177.157s][info][gc,heap     ] GC(288) Eden regions: 34->0(302)
[177.157s][info][gc,heap     ] GC(288) Survivor regions: 6->7(37)
[177.157s][info][gc,heap     ] GC(288) Old regions: 59->59
[177.157s][info][gc,heap     ] GC(288) Humongous regions: 1->1
[177.157s][info][gc,metaspace] GC(288) Metaspace: 41909K(42304K)->41909K(42304K) NonClass: 39106K(39360K)->39106K(39360K) Class: 2803K(2944K)->2803K(2944K)
[177.157s][info][gc          ] GC(288) Pause Young (Concurrent Start) (G1 Humongous Allocation) 97M->65M(516M) 5.430ms
[177.157s][info][gc,cpu      ] GC(288) User=0.01s Sys=0.00s Real=0.01s
[177.157s][info][gc          ] GC(289) Concurrent Mark Cycle
[177.157s][info][gc,marking  ] GC(289) Concurrent Scan Root Regions
[177.160s][info][gc,marking  ] GC(289) Concurrent Scan Root Regions 2.874ms
[177.160s][info][gc,marking  ] GC(289) Concurrent Mark
[177.160s][info][gc,marking  ] GC(289) Concurrent Mark From Roots
[177.160s][info][gc,task     ] GC(289) Using 1 workers of 1 for marking
[177.314s][info][gc,marking  ] GC(289) Concurrent Mark From Roots 154.399ms
[177.314s][info][gc,marking  ] GC(289) Concurrent Preclean
[177.314s][info][gc,marking  ] GC(289) Concurrent Preclean 0.059ms
[177.314s][info][gc,start    ] GC(289) Pause Remark
[177.327s][info][gc          ] GC(289) Pause Remark 98M->96M(256M) 12.579ms
[177.327s][info][gc,cpu      ] GC(289) User=0.03s Sys=0.00s Real=0.01s
[177.327s][info][gc,marking  ] GC(289) Concurrent Mark 167.338ms
[177.327s][info][gc,marking  ] GC(289) Concurrent Rebuild Remembered Sets and Scrub Regions
[177.386s][info][gc,marking  ] GC(289) Concurrent Rebuild Remembered Sets and Scrub Regions 58.620ms
[177.386s][info][gc,start    ] GC(289) Pause Cleanup
[177.386s][info][gc          ] GC(289) Pause Cleanup 112M->112M(256M) 0.049ms
[177.386s][info][gc,cpu      ] GC(289) User=0.00s Sys=0.00s Real=0.00s
[177.386s][info][gc,marking  ] GC(289) Concurrent Clear Claimed Marks
[177.386s][info][gc,marking  ] GC(289) Concurrent Clear Claimed Marks 0.037ms
[177.386s][info][gc,marking  ] GC(289) Concurrent Cleanup for Next Mark
[177.389s][info][gc,marking  ] GC(289) Concurrent Cleanup for Next Mark 2.703ms
[177.389s][info][gc          ] GC(289) Concurrent Mark Cycle 231.971ms
[177.643s][info][gc,start    ] GC(290) Pause Young (Prepare Mixed) (G1 Evacuation Pause)
[177.643s][info][gc,task     ] GC(290) Using 2 workers of 2 for evacuation
[177.650s][info][gc,phases   ] GC(290)   Pre Evacuate Collection Set: 0.15ms
[177.651s][info][gc,phases   ] GC(290)   Merge Heap Roots: 0.08ms
[177.651s][info][gc,phases   ] GC(290)   Evacuate Collection Set: 6.86ms
[177.651s][info][gc,phases   ] GC(290)   Post Evacuate Collection Set: 0.56ms
[177.651s][info][gc,phases   ] GC(290)   Other: 0.07ms
[177.651s][info][gc,heap     ] GC(290) Eden regions: 146->0(138)
[177.651s][info][gc,heap     ] GC(290) Survivor regions: 7->10(20)
[177.651s][info][gc,heap     ] GC(290) Old regions: 57->57
[177.651s][info][gc,heap     ] GC(290) Humongous regions: 13->1
[177.651s][info][gc,metaspace] GC(290) Metaspace: 41924K(42368K)->41924K(42368K) NonClass: 39121K(39424K)->39121K(39424K) Class: 2803K(2944K)->2803K(2944K)
[177.651s][info][gc          ] GC(290) Pause Young (Prepare Mixed) (G1 Evacuation Pause) 221M->66M(256M) 7.948ms
[177.651s][info][gc,cpu      ] GC(290) User=0.01s Sys=0.00s Real=0.00s
[177.962s][info][gc,start    ] GC(291) Pause Young (Mixed) (G1 Evacuation Pause)
[177.962s][info][gc,task     ] GC(291) Using 2 workers of 2 for evacuation
[177.970s][info][gc,phases   ] GC(291)   Pre Evacuate Collection Set: 0.20ms
[177.970s][info][gc,phases   ] GC(291)   Merge Heap Roots: 0.09ms
[177.970s][info][gc,phases   ] GC(291)   Evacuate Collection Set: 7.61ms
[177.970s][info][gc,phases   ] GC(291)   Post Evacuate Collection Set: 0.42ms
[177.970s][info][gc,phases   ] GC(291)   Other: 0.07ms
[177.970s][info][gc,heap     ] GC(291) Eden regions: 138->0(144)
[177.970s][info][gc,heap     ] GC(291) Survivor regions: 10->9(19)
[177.970s][info][gc,heap     ] GC(291) Old regions: 57->53
[177.970s][info][gc,heap     ] GC(291) Humongous regions: 1->1
[177.970s][info][gc,metaspace] GC(291) Metaspace: 41924K(42368K)->41924K(42368K) NonClass: 39121K(39424K)->39121K(39424K) Class: 2803K(2944K)->2803K(2944K)
[177.970s][info][gc          ] GC(291) Pause Young (Mixed) (G1 Evacuation Pause) 204M->61M(256M) 8.609ms
[177.970s][info][gc,cpu      ] GC(291) User=0.01s Sys=0.00s Real=0.01s
[178.286s][info][gc,start    ] GC(292) Pause Young (Concurrent Start) (G1 Evacuation Pause)
[178.286s][info][gc,task     ] GC(292) Using 2 workers of 2 for evacuation
[178.293s][info][gc,phases   ] GC(292)   Pre Evacuate Collection Set: 0.16ms
[178.293s][info][gc,phases   ] GC(292)   Merge Heap Roots: 0.05ms
[178.293s][info][gc,phases   ] GC(292)   Evacuate Collection Set: 5.76ms
[178.293s][info][gc,phases   ] GC(292)   Post Evacuate Collection Set: 0.42ms
[178.293s][info][gc,phases   ] GC(292)   Other: 0.10ms
[178.293s][info][gc,heap     ] GC(292) Eden regions: 144->0(144)
[178.293s][info][gc,heap     ] GC(292) Survivor regions: 9->9(20)
[178.293s][info][gc,heap     ] GC(292) Old regions: 53->53
[178.293s][info][gc,heap     ] GC(292) Humongous regions: 1->1
[178.293s][info][gc,metaspace] GC(292) Metaspace: 41926K(42368K)->41926K(42368K) NonClass: 39123K(39424K)->39123K(39424K) Class: 2803K(2944K)->2803K(2944K)
[178.293s][info][gc          ] GC(292) Pause Young (Concurrent Start) (G1 Evacuation Pause) 205M->61M(256M) 6.684ms
[178.293s][info][gc,cpu      ] GC(292) User=0.01s Sys=0.01s Real=0.01s
[178.293s][info][gc          ] GC(293) Concurrent Mark Cycle
[178.293s][info][gc,marking  ] GC(293) Concurrent Scan Root Regions
[178.298s][info][gc,marking  ] GC(293) Concurrent Scan Root Regions 5.363ms
[178.298s][info][gc,marking  ] GC(293) Concurrent Mark
[178.298s][info][gc,marking  ] GC(293) Concurrent Mark From Roots
[178.298s][info][gc,task     ] GC(293) Using 1 workers of 1 for marking
[178.388s][info][gc,marking  ] GC(293) Concurrent Mark From Roots 90.146ms
[178.389s][info][gc,marking  ] GC(293) Concurrent Preclean
[178.389s][info][gc,marking  ] GC(293) Concurrent Preclean 0.075ms
[178.389s][info][gc,start    ] GC(293) Pause Remark
[178.400s][info][gc          ] GC(293) Pause Remark 98M->98M(256M) 11.700ms
[178.400s][info][gc,cpu      ] GC(293) User=0.02s Sys=0.00s Real=0.01s
[178.401s][info][gc,marking  ] GC(293) Concurrent Mark 102.211ms
[178.401s][info][gc,marking  ] GC(293) Concurrent Rebuild Remembered Sets and Scrub Regions
[178.429s][info][gc,marking  ] GC(293) Concurrent Rebuild Remembered Sets and Scrub Regions 28.384ms
[178.429s][info][gc,start    ] GC(293) Pause Cleanup
[178.429s][info][gc          ] GC(293) Pause Cleanup 112M->112M(256M) 0.042ms
[178.429s][info][gc,cpu      ] GC(293) User=0.00s Sys=0.00s Real=0.00s
[178.429s][info][gc,marking  ] GC(293) Concurrent Clear Claimed Marks
[178.429s][info][gc,marking  ] GC(293) Concurrent Clear Claimed Marks 0.037ms
[178.429s][info][gc,marking  ] GC(293) Concurrent Cleanup for Next Mark
[178.430s][info][gc,marking  ] GC(293) Concurrent Cleanup for Next Mark 0.751ms
[178.430s][info][gc          ] GC(293) Concurrent Mark Cycle 137.140ms
[178.662s][info][gc,start    ] GC(294) Pause Young (Prepare Mixed) (G1 Evacuation Pause)
[178.662s][info][gc,task     ] GC(294) Using 2 workers of 2 for evacuation
[178.671s][info][gc,phases   ] GC(294)   Pre Evacuate Collection Set: 0.19ms
[178.671s][info][gc,phases   ] GC(294)   Merge Heap Roots: 0.07ms
[178.671s][info][gc,phases   ] GC(294)   Evacuate Collection Set: 7.91ms
[178.671s][info][gc,phases   ] GC(294)   Post Evacuate Collection Set: 0.47ms
[178.671s][info][gc,phases   ] GC(294)   Other: 0.10ms
[178.671s][info][gc,heap     ] GC(294) Eden regions: 144->0(143)
[178.671s][info][gc,heap     ] GC(294) Survivor regions: 9->10(20)
[178.671s][info][gc,heap     ] GC(294) Old regions: 53->53
[178.671s][info][gc,heap     ] GC(294) Humongous regions: 1->1
[178.671s][info][gc,metaspace] GC(294) Metaspace: 41930K(42368K)->41930K(42368K) NonClass: 39127K(39424K)->39127K(39424K) Class: 2803K(2944K)->2803K(2944K)
[178.671s][info][gc          ] GC(294) Pause Young (Prepare Mixed) (G1 Evacuation Pause) 205M->62M(256M) 8.934ms
[178.671s][info][gc,cpu      ] GC(294) User=0.01s Sys=0.00s Real=0.00s
[178.989s][info][gc,start    ] GC(295) Pause Young (Mixed) (G1 Evacuation Pause)
[178.989s][info][gc,task     ] GC(295) Using 2 workers of 2 for evacuation
[179.000s][info][gc,phases   ] GC(295)   Pre Evacuate Collection Set: 0.24ms
[179.000s][info][gc,phases   ] GC(295)   Merge Heap Roots: 0.11ms
[179.000s][info][gc,phases   ] GC(295)   Evacuate Collection Set: 10.47ms
[179.000s][info][gc,phases   ] GC(295)   Post Evacuate Collection Set: 0.57ms
[179.000s][info][gc,phases   ] GC(295)   Other: 0.07ms
[179.000s][info][gc,heap     ] GC(295) Eden regions: 143->0(141)
[179.000s][info][gc,heap     ] GC(295) Survivor regions: 10->12(20)
[179.000s][info][gc,heap     ] GC(295) Old regions: 53->50
[179.000s][info][gc,heap     ] GC(295) Humongous regions: 1->1
[179.000s][info][gc,metaspace] GC(295) Metaspace: 41932K(42368K)->41932K(42368K) NonClass: 39129K(39424K)->39129K(39424K) Class: 2803K(2944K)->2803K(2944K)
[179.000s][info][gc          ] GC(295) Pause Young (Mixed) (G1 Evacuation Pause) 205M->62M(256M) 11.659ms
[179.000s][info][gc,cpu      ] GC(295) User=0.02s Sys=0.00s Real=0.01s
[179.298s][info][gc,start    ] GC(296) Pause Young (Concurrent Start) (G1 Evacuation Pause)
[179.298s][info][gc,task     ] GC(296) Using 2 workers of 2 for evacuation
[179.303s][info][gc,phases   ] GC(296)   Pre Evacuate Collection Set: 0.15ms
[179.303s][info][gc,phases   ] GC(296)   Merge Heap Roots: 0.06ms
[179.303s][info][gc,phases   ] GC(296)   Evacuate Collection Set: 5.00ms
[179.303s][info][gc,phases   ] GC(296)   Post Evacuate Collection Set: 0.40ms
[179.303s][info][gc,phases   ] GC(296)   Other: 0.08ms
[179.303s][info][gc,heap     ] GC(296) Eden regions: 141->0(149)
[179.303s][info][gc,heap     ] GC(296) Survivor regions: 12->4(20)
[179.303s][info][gc,heap     ] GC(296) Old regions: 50->55
[179.303s][info][gc,heap     ] GC(296) Humongous regions: 1->1
[179.303s][info][gc,metaspace] GC(296) Metaspace: 41935K(42368K)->41935K(42368K) NonClass: 39132K(39424K)->39132K(39424K) Class: 2803K(2944K)->2803K(2944K)
[179.303s][info][gc          ] GC(296) Pause Young (Concurrent Start) (G1 Evacuation Pause) 203M->59M(256M) 5.892ms
[179.303s][info][gc,cpu      ] GC(296) User=0.01s Sys=0.00s Real=0.01s
[179.304s][info][gc          ] GC(297) Concurrent Mark Cycle
[179.304s][info][gc,marking  ] GC(297) Concurrent Scan Root Regions
[179.310s][info][gc,marking  ] GC(297) Concurrent Scan Root Regions 6.509ms
[179.312s][info][gc,marking  ] GC(297) Concurrent Mark
[179.312s][info][gc,marking  ] GC(297) Concurrent Mark From Roots
[179.312s][info][gc,task     ] GC(297) Using 1 workers of 1 for marking
[179.439s][info][gc,marking  ] GC(297) Concurrent Mark From Roots 126.866ms
[179.439s][info][gc,marking  ] GC(297) Concurrent Preclean
[179.439s][info][gc,marking  ] GC(297) Concurrent Preclean 0.090ms
[179.439s][info][gc,start    ] GC(297) Pause Remark
[179.455s][info][gc          ] GC(297) Pause Remark 101M->101M(256M) 15.545ms
[179.455s][info][gc,cpu      ] GC(297) User=0.03s Sys=0.00s Real=0.02s
[179.457s][info][gc,marking  ] GC(297) Concurrent Mark 144.985ms
[179.457s][info][gc,marking  ] GC(297) Concurrent Rebuild Remembered Sets and Scrub Regions
[179.488s][info][gc,marking  ] GC(297) Concurrent Rebuild Remembered Sets and Scrub Regions 30.741ms
[179.488s][info][gc,start    ] GC(297) Pause Cleanup
[179.488s][info][gc          ] GC(297) Pause Cleanup 104M->104M(256M) 0.045ms
[179.488s][info][gc,cpu      ] GC(297) User=0.00s Sys=0.00s Real=0.00s
[179.488s][info][gc,marking  ] GC(297) Concurrent Clear Claimed Marks
[179.488s][info][gc,marking  ] GC(297) Concurrent Clear Claimed Marks 0.037ms
[179.488s][info][gc,marking  ] GC(297) Concurrent Cleanup for Next Mark
[179.489s][info][gc,marking  ] GC(297) Concurrent Cleanup for Next Mark 0.761ms
[179.489s][info][gc          ] GC(297) Concurrent Mark Cycle 185.298ms
[179.748s][info][gc,start    ] GC(298) Pause Young (Prepare Mixed) (G1 Evacuation Pause)
[179.748s][info][gc,task     ] GC(298) Using 2 workers of 2 for evacuation
[179.752s][info][gc,phases   ] GC(298)   Pre Evacuate Collection Set: 0.15ms
[179.752s][info][gc,phases   ] GC(298)   Merge Heap Roots: 0.06ms
[179.752s][info][gc,phases   ] GC(298)   Evacuate Collection Set: 3.36ms
[179.752s][info][gc,phases   ] GC(298)   Post Evacuate Collection Set: 0.50ms
[179.752s][info][gc,phases   ] GC(298)   Other: 0.08ms
[179.752s][info][gc,heap     ] GC(298) Eden regions: 149->0(147)
[179.752s][info][gc,heap     ] GC(298) Survivor regions: 4->6(20)
[179.752s][info][gc,heap     ] GC(298) Old regions: 55->55
[179.752s][info][gc,heap     ] GC(298) Humongous regions: 1->1
[179.752s][info][gc,metaspace] GC(298) Metaspace: 41939K(42368K)->41939K(42368K) NonClass: 39136K(39424K)->39136K(39424K) Class: 2803K(2944K)->2803K(2944K)
[179.752s][info][gc          ] GC(298) Pause Young (Prepare Mixed) (G1 Evacuation Pause) 208M->61M(256M) 4.334ms
[179.752s][info][gc,cpu      ] GC(298) User=0.01s Sys=0.00s Real=0.01s
[180.076s][info][gc,start    ] GC(299) Pause Young (Mixed) (G1 Evacuation Pause)
[180.076s][info][gc,task     ] GC(299) Using 2 workers of 2 for evacuation
[180.089s][info][gc,phases   ] GC(299)   Pre Evacuate Collection Set: 0.22ms
[180.089s][info][gc,phases   ] GC(299)   Merge Heap Roots: 0.23ms
[180.089s][info][gc,phases   ] GC(299)   Evacuate Collection Set: 11.28ms
[180.089s][info][gc,phases   ] GC(299)   Post Evacuate Collection Set: 0.65ms
[180.089s][info][gc,phases   ] GC(299)   Other: 0.10ms
[180.089s][info][gc,heap     ] GC(299) Eden regions: 147->0(143)
[180.089s][info][gc,heap     ] GC(299) Survivor regions: 6->10(20)
[180.089s][info][gc,heap     ] GC(299) Old regions: 55->54
[180.089s][info][gc,heap     ] GC(299) Humongous regions: 1->1
[180.089s][info][gc,metaspace] GC(299) Metaspace: 41942K(42368K)->41942K(42368K) NonClass: 39139K(39424K)->39139K(39424K) Class: 2803K(2944K)->2803K(2944K)
[180.089s][info][gc          ] GC(299) Pause Young (Mixed) (G1 Evacuation Pause) 208M->64M(256M) 12.663ms
[180.089s][info][gc,cpu      ] GC(299) User=0.02s Sys=0.00s Real=0.01s
[180.702s][info][gc,start    ] GC(300) Pause Young (Concurrent Start) (G1 Evacuation Pause)
[180.702s][info][gc,task     ] GC(300) Using 2 workers of 2 for evacuation
[180.706s][info][gc,phases   ] GC(300)   Pre Evacuate Collection Set: 0.15ms
[180.706s][info][gc,phases   ] GC(300)   Merge Heap Roots: 0.07ms
[180.706s][info][gc,phases   ] GC(300)   Evacuate Collection Set: 3.73ms
[180.706s][info][gc,phases   ] GC(300)   Post Evacuate Collection Set: 0.49ms
[180.706s][info][gc,phases   ] GC(300)   Other: 0.09ms
[180.706s][info][gc,heap     ] GC(300) Eden regions: 143->0(150)
[180.706s][info][gc,heap     ] GC(300) Survivor regions: 10->3(20)
[180.706s][info][gc,heap     ] GC(300) Old regions: 54->54
[180.706s][info][gc,heap     ] GC(300) Humongous regions: 1->1
[180.706s][info][gc,metaspace] GC(300) Metaspace: 41950K(42368K)->41950K(42368K) NonClass: 39147K(39424K)->39147K(39424K) Class: 2803K(2944K)->2803K(2944K)
[180.706s][info][gc          ] GC(300) Pause Young (Concurrent Start) (G1 Evacuation Pause) 207M->57M(256M) 4.697ms
[180.706s][info][gc,cpu      ] GC(300) User=0.01s Sys=0.00s Real=0.01s
[180.706s][info][gc          ] GC(301) Concurrent Mark Cycle
[180.706s][info][gc,marking  ] GC(301) Concurrent Scan Root Regions
[180.710s][info][gc,marking  ] GC(301) Concurrent Scan Root Regions 3.367ms
[180.710s][info][gc,marking  ] GC(301) Concurrent Mark
[180.710s][info][gc,marking  ] GC(301) Concurrent Mark From Roots
[180.710s][info][gc,task     ] GC(301) Using 1 workers of 1 for marking
[180.773s][info][gc,marking  ] GC(301) Concurrent Mark From Roots 63.187ms
[180.773s][info][gc,marking  ] GC(301) Concurrent Preclean
[180.773s][info][gc,marking  ] GC(301) Concurrent Preclean 0.235ms
[180.773s][info][gc,start    ] GC(301) Pause Remark
[180.785s][info][gc          ] GC(301) Pause Remark 64M->62M(256M) 11.976ms
[180.785s][info][gc,cpu      ] GC(301) User=0.02s Sys=0.00s Real=0.01s
[180.785s][info][gc,marking  ] GC(301) Concurrent Mark 75.819ms
[180.785s][info][gc,marking  ] GC(301) Concurrent Rebuild Remembered Sets and Scrub Regions
[180.811s][info][gc,marking  ] GC(301) Concurrent Rebuild Remembered Sets and Scrub Regions 25.264ms
[180.811s][info][gc,start    ] GC(301) Pause Cleanup
[180.811s][info][gc          ] GC(301) Pause Cleanup 64M->64M(256M) 0.040ms
[180.811s][info][gc,cpu      ] GC(301) User=0.00s Sys=0.00s Real=0.00s
[180.812s][info][gc,marking  ] GC(301) Concurrent Clear Claimed Marks
[180.812s][info][gc,marking  ] GC(301) Concurrent Clear Claimed Marks 0.037ms
[180.812s][info][gc,marking  ] GC(301) Concurrent Cleanup for Next Mark
[180.813s][info][gc,marking  ] GC(301) Concurrent Cleanup for Next Mark 0.759ms
[180.813s][info][gc          ] GC(301) Concurrent Mark Cycle 106.594ms
[181.708s][info][gc,start    ] GC(302) Pause Young (Prepare Mixed) (G1 Evacuation Pause)
[181.708s][info][gc,task     ] GC(302) Using 2 workers of 2 for evacuation
[181.716s][info][gc,phases   ] GC(302)   Pre Evacuate Collection Set: 0.16ms
[181.716s][info][gc,phases   ] GC(302)   Merge Heap Roots: 0.10ms
[181.716s][info][gc,phases   ] GC(302)   Evacuate Collection Set: 7.55ms
[181.716s][info][gc,phases   ] GC(302)   Post Evacuate Collection Set: 0.44ms
[181.716s][info][gc,phases   ] GC(302)   Other: 0.07ms
[181.716s][info][gc,heap     ] GC(302) Eden regions: 150->0(145)
[181.716s][info][gc,heap     ] GC(302) Survivor regions: 3->8(20)
[181.716s][info][gc,heap     ] GC(302) Old regions: 52->52
[181.716s][info][gc,heap     ] GC(302) Humongous regions: 11->1
[181.716s][info][gc,metaspace] GC(302) Metaspace: 42020K(42432K)->42020K(42432K) NonClass: 39217K(39488K)->39217K(39488K) Class: 2803K(2944K)->2803K(2944K)
[181.716s][info][gc          ] GC(302) Pause Young (Prepare Mixed) (G1 Evacuation Pause) 215M->60M(256M) 8.485ms
[181.716s][info][gc,cpu      ] GC(302) User=0.02s Sys=0.00s Real=0.01s
[182.037s][info][gc,start    ] GC(303) Pause Young (Mixed) (G1 Evacuation Pause)
[182.037s][info][gc,task     ] GC(303) Using 2 workers of 2 for evacuation
[182.063s][info][gc,phases   ] GC(303)   Pre Evacuate Collection Set: 0.15ms
[182.063s][info][gc,phases   ] GC(303)   Merge Heap Roots: 0.08ms
[182.063s][info][gc,phases   ] GC(303)   Evacuate Collection Set: 24.82ms
[182.063s][info][gc,phases   ] GC(303)   Post Evacuate Collection Set: 0.53ms
[182.063s][info][gc,phases   ] GC(303)   Other: 0.09ms
[182.063s][info][gc,heap     ] GC(303) Eden regions: 145->0(133)
[182.063s][info][gc,heap     ] GC(303) Survivor regions: 8->20(20)
[182.063s][info][gc,heap     ] GC(303) Old regions: 52->51
[182.063s][info][gc,heap     ] GC(303) Humongous regions: 4->4
[182.063s][info][gc,metaspace] GC(303) Metaspace: 42024K(42432K)->42024K(42432K) NonClass: 39221K(39488K)->39221K(39488K) Class: 2803K(2944K)->2803K(2944K)
[182.063s][info][gc          ] GC(303) Pause Young (Mixed) (G1 Evacuation Pause) 208M->74M(256M) 25.894ms
[182.063s][info][gc,cpu      ] GC(303) User=0.05s Sys=0.00s Real=0.03s
[182.354s][info][gc,start    ] GC(304) Pause Young (Concurrent Start) (G1 Evacuation Pause)
[182.354s][info][gc,task     ] GC(304) Using 2 workers of 2 for evacuation
[182.389s][info][gc,phases   ] GC(304)   Pre Evacuate Collection Set: 0.18ms
[182.389s][info][gc,phases   ] GC(304)   Merge Heap Roots: 0.15ms
[182.389s][info][gc,phases   ] GC(304)   Evacuate Collection Set: 34.33ms
[182.389s][info][gc,phases   ] GC(304)   Post Evacuate Collection Set: 0.41ms
[182.390s][info][gc,phases   ] GC(304)   Other: 0.14ms
[182.390s][info][gc,heap     ] GC(304) Eden regions: 133->0(133)
[182.390s][info][gc,heap     ] GC(304) Survivor regions: 20->15(20)
[182.390s][info][gc,heap     ] GC(304) Old regions: 51->71
[182.390s][info][gc,heap     ] GC(304) Humongous regions: 4->4
[182.390s][info][gc,metaspace] GC(304) Metaspace: 42024K(42432K)->42024K(42432K) NonClass: 39221K(39488K)->39221K(39488K) Class: 2803K(2944K)->2803K(2944K)
[182.390s][info][gc          ] GC(304) Pause Young (Concurrent Start) (G1 Evacuation Pause) 207M->89M(256M) 35.409ms
[182.390s][info][gc,cpu      ] GC(304) User=0.06s Sys=0.01s Real=0.03s
[182.390s][info][gc          ] GC(305) Concurrent Mark Cycle
[182.390s][info][gc,marking  ] GC(305) Concurrent Scan Root Regions
[182.417s][info][gc,marking  ] GC(305) Concurrent Scan Root Regions 27.187ms
[182.417s][info][gc,marking  ] GC(305) Concurrent Mark
[182.417s][info][gc,marking  ] GC(305) Concurrent Mark From Roots
[182.417s][info][gc,task     ] GC(305) Using 1 workers of 1 for marking
[182.482s][info][gc,marking  ] GC(305) Concurrent Mark From Roots 65.109ms
[182.482s][info][gc,marking  ] GC(305) Concurrent Preclean
[182.482s][info][gc,marking  ] GC(305) Concurrent Preclean 0.109ms
[182.482s][info][gc,start    ] GC(305) Pause Remark
[182.495s][info][gc          ] GC(305) Pause Remark 113M->111M(256M) 12.462ms
[182.495s][info][gc,cpu      ] GC(305) User=0.02s Sys=0.00s Real=0.01s
[182.495s][info][gc,marking  ] GC(305) Concurrent Mark 78.119ms
[182.495s][info][gc,marking  ] GC(305) Concurrent Rebuild Remembered Sets and Scrub Regions
[182.588s][info][gc,marking  ] GC(305) Concurrent Rebuild Remembered Sets and Scrub Regions 93.316ms
[182.588s][info][gc,start    ] GC(305) Pause Cleanup
[182.589s][info][gc          ] GC(305) Pause Cleanup 144M->144M(256M) 0.045ms
[182.589s][info][gc,cpu      ] GC(305) User=0.00s Sys=0.00s Real=0.00s
[182.589s][info][gc,marking  ] GC(305) Concurrent Clear Claimed Marks
[182.589s][info][gc,marking  ] GC(305) Concurrent Clear Claimed Marks 0.036ms
[182.589s][info][gc,marking  ] GC(305) Concurrent Cleanup for Next Mark
[182.589s][info][gc,marking  ] GC(305) Concurrent Cleanup for Next Mark 0.778ms
[182.589s][info][gc          ] GC(305) Concurrent Mark Cycle 199.783ms
[182.788s][info][gc,start    ] GC(306) Pause Young (Prepare Mixed) (G1 Evacuation Pause)
[182.788s][info][gc,task     ] GC(306) Using 2 workers of 2 for evacuation
[182.825s][info][gc,phases   ] GC(306)   Pre Evacuate Collection Set: 0.18ms
[182.825s][info][gc,phases   ] GC(306)   Merge Heap Roots: 0.55ms
[182.825s][info][gc,phases   ] GC(306)   Evacuate Collection Set: 35.86ms
[182.825s][info][gc,phases   ] GC(306)   Post Evacuate Collection Set: 0.43ms
[182.825s][info][gc,phases   ] GC(306)   Other: 0.08ms
[182.825s][info][gc,heap     ] GC(306) Eden regions: 133->0(119)
[182.825s][info][gc,heap     ] GC(306) Survivor regions: 15->15(19)
[182.825s][info][gc,heap     ] GC(306) Old regions: 69->84
[182.825s][info][gc,heap     ] GC(306) Humongous regions: 6->6
[182.825s][info][gc,metaspace] GC(306) Metaspace: 42024K(42432K)->42024K(42432K) NonClass: 39221K(39488K)->39221K(39488K) Class: 2803K(2944K)->2803K(2944K)
[182.826s][info][gc          ] GC(306) Pause Young (Prepare Mixed) (G1 Evacuation Pause) 222M->104M(256M) 37.309ms
[182.826s][info][gc,cpu      ] GC(306) User=0.07s Sys=0.00s Real=0.04s
[183.125s][info][gc,start    ] GC(307) Pause Young (Mixed) (G1 Evacuation Pause)
[183.125s][info][gc,task     ] GC(307) Using 2 workers of 2 for evacuation
[183.158s][info][gc,phases   ] GC(307)   Pre Evacuate Collection Set: 0.21ms
[183.158s][info][gc,phases   ] GC(307)   Merge Heap Roots: 0.16ms
[183.158s][info][gc,phases   ] GC(307)   Evacuate Collection Set: 32.30ms
[183.158s][info][gc,phases   ] GC(307)   Post Evacuate Collection Set: 0.53ms
[183.158s][info][gc,phases   ] GC(307)   Other: 0.07ms
[183.158s][info][gc,heap     ] GC(307) Eden regions: 119->0(111)
[183.158s][info][gc,heap     ] GC(307) Survivor regions: 15->13(17)
[183.158s][info][gc,heap     ] GC(307) Old regions: 84->95
[183.158s][info][gc,heap     ] GC(307) Humongous regions: 6->6
[183.158s][info][gc,metaspace] GC(307) Metaspace: 42024K(42432K)->42024K(42432K) NonClass: 39221K(39488K)->39221K(39488K) Class: 2803K(2944K)->2803K(2944K)
[183.158s][info][gc          ] GC(307) Pause Young (Mixed) (G1 Evacuation Pause) 223M->113M(256M) 33.453ms
[183.158s][info][gc,cpu      ] GC(307) User=0.06s Sys=0.00s Real=0.03s
[183.310s][info][gc,start    ] GC(308) Pause Young (Concurrent Start) (G1 Humongous Allocation)
[183.310s][info][gc,task     ] GC(308) Using 2 workers of 2 for evacuation
[183.332s][info][gc,phases   ] GC(308)   Pre Evacuate Collection Set: 0.16ms
[183.332s][info][gc,phases   ] GC(308)   Merge Heap Roots: 0.07ms
[183.332s][info][gc,phases   ] GC(308)   Evacuate Collection Set: 21.18ms
[183.332s][info][gc,phases   ] GC(308)   Post Evacuate Collection Set: 0.43ms
[183.332s][info][gc,phases   ] GC(308)   Other: 0.10ms
[183.332s][info][gc,heap     ] GC(308) Eden regions: 74->0(106)
[183.332s][info][gc,heap     ] GC(308) Survivor regions: 13->8(16)
[183.332s][info][gc,heap     ] GC(308) Old regions: 95->108
[183.332s][info][gc,heap     ] GC(308) Humongous regions: 6->6
[183.333s][info][gc,metaspace] GC(308) Metaspace: 42024K(42432K)->42024K(42432K) NonClass: 39221K(39488K)->39221K(39488K) Class: 2803K(2944K)->2803K(2944K)
[183.333s][info][gc          ] GC(308) Pause Young (Concurrent Start) (G1 Humongous Allocation) 187M->121M(256M) 22.108ms
[183.333s][info][gc,cpu      ] GC(308) User=0.04s Sys=0.00s Real=0.03s
[183.333s][info][gc          ] GC(309) Concurrent Mark Cycle
[183.333s][info][gc,marking  ] GC(309) Concurrent Scan Root Regions
[183.369s][info][gc,marking  ] GC(309) Concurrent Scan Root Regions 36.009ms
[183.369s][info][gc,marking  ] GC(309) Concurrent Mark
[183.369s][info][gc,marking  ] GC(309) Concurrent Mark From Roots
[183.369s][info][gc,task     ] GC(309) Using 1 workers of 1 for marking
[183.620s][info][gc,marking  ] GC(309) Concurrent Mark From Roots 250.648ms
[183.620s][info][gc,marking  ] GC(309) Concurrent Preclean
[183.620s][info][gc,marking  ] GC(309) Concurrent Preclean 0.061ms
[183.620s][info][gc,start    ] GC(309) Pause Remark
[183.632s][info][gc          ] GC(309) Pause Remark 183M->181M(256M) 12.316ms
[183.632s][info][gc,cpu      ] GC(309) User=0.02s Sys=0.00s Real=0.02s
[183.632s][info][gc,marking  ] GC(309) Concurrent Mark 263.212ms
[183.632s][info][gc,marking  ] GC(309) Concurrent Rebuild Remembered Sets and Scrub Regions
[183.757s][info][gc,start    ] GC(310) Pause Young (Normal) (G1 Evacuation Pause)
[183.757s][info][gc,task     ] GC(310) Using 2 workers of 2 for evacuation
[183.781s][info][gc,phases   ] GC(310)   Pre Evacuate Collection Set: 0.14ms
[183.781s][info][gc,phases   ] GC(310)   Merge Heap Roots: 0.11ms
[183.781s][info][gc,phases   ] GC(310)   Evacuate Collection Set: 22.72ms
[183.781s][info][gc,phases   ] GC(310)   Post Evacuate Collection Set: 1.04ms
[183.781s][info][gc,phases   ] GC(310)   Other: 0.07ms
[183.781s][info][gc,heap     ] GC(310) Eden regions: 106->0(181)
[183.781s][info][gc,heap     ] GC(310) Survivor regions: 8->10(15)
[183.781s][info][gc,heap     ] GC(310) Old regions: 107->115
[183.781s][info][gc,heap     ] GC(310) Humongous regions: 11->9
[183.781s][info][gc,metaspace] GC(310) Metaspace: 42027K(42432K)->42027K(42432K) NonClass: 39224K(39488K)->39224K(39488K) Class: 2803K(2944K)->2803K(2944K)
[183.781s][info][gc          ] GC(310) Pause Young (Normal) (G1 Evacuation Pause) 231M->133M(355M) 24.255ms
[183.781s][info][gc,cpu      ] GC(310) User=0.05s Sys=0.00s Real=0.02s
[183.790s][info][gc,marking  ] GC(309) Concurrent Rebuild Remembered Sets and Scrub Regions 157.731ms
[183.790s][info][gc,start    ] GC(309) Pause Cleanup
[183.790s][info][gc          ] GC(309) Pause Cleanup 134M->134M(355M) 0.045ms
[183.790s][info][gc,cpu      ] GC(309) User=0.00s Sys=0.00s Real=0.00s
[183.790s][info][gc,marking  ] GC(309) Concurrent Clear Claimed Marks
[183.790s][info][gc,marking  ] GC(309) Concurrent Clear Claimed Marks 0.036ms
[183.790s][info][gc,marking  ] GC(309) Concurrent Cleanup for Next Mark
[183.792s][info][gc,marking  ] GC(309) Concurrent Cleanup for Next Mark 2.002ms
[183.792s][info][gc          ] GC(309) Concurrent Mark Cycle 459.753ms
[187.200s][info][gc,start    ] GC(311) Pause Young (Prepare Mixed) (G1 Evacuation Pause)
[187.200s][info][gc,task     ] GC(311) Using 2 workers of 2 for evacuation
[187.225s][info][gc,phases   ] GC(311)   Pre Evacuate Collection Set: 0.22ms
[187.225s][info][gc,phases   ] GC(311)   Merge Heap Roots: 0.12ms
[187.225s][info][gc,phases   ] GC(311)   Evacuate Collection Set: 23.40ms
[187.225s][info][gc,phases   ] GC(311)   Post Evacuate Collection Set: 0.45ms
[187.225s][info][gc,phases   ] GC(311)   Other: 0.08ms
[187.225s][info][gc,heap     ] GC(311) Eden regions: 181->0(174)
[187.225s][info][gc,heap     ] GC(311) Survivor regions: 10->20(24)
[187.225s][info][gc,heap     ] GC(311) Old regions: 115->115
[187.225s][info][gc,heap     ] GC(311) Humongous regions: 11->7
[187.225s][info][gc,metaspace] GC(311) Metaspace: 42065K(42496K)->42065K(42496K) NonClass: 39262K(39552K)->39262K(39552K) Class: 2803K(2944K)->2803K(2944K)
[187.225s][info][gc          ] GC(311) Pause Young (Prepare Mixed) (G1 Evacuation Pause) 316M->141M(355M) 24.430ms
[187.225s][info][gc,cpu      ] GC(311) User=0.05s Sys=0.00s Real=0.03s
[187.752s][info][gc,start    ] GC(312) Pause Young (Mixed) (G1 Evacuation Pause)
[187.752s][info][gc,task     ] GC(312) Using 2 workers of 2 for evacuation
[187.783s][info][gc,phases   ] GC(312)   Pre Evacuate Collection Set: 0.23ms
[187.783s][info][gc,phases   ] GC(312)   Merge Heap Roots: 0.15ms
[187.783s][info][gc,phases   ] GC(312)   Evacuate Collection Set: 29.29ms
[187.783s][info][gc,phases   ] GC(312)   Post Evacuate Collection Set: 0.50ms
[187.783s][info][gc,phases   ] GC(312)   Other: 0.07ms
[187.783s][info][gc,heap     ] GC(312) Eden regions: 174->0(173)
[187.783s][info][gc,heap     ] GC(312) Survivor regions: 20->18(25)
[187.783s][info][gc,heap     ] GC(312) Old regions: 115->118
[187.783s][info][gc,heap     ] GC(312) Humongous regions: 9->9
[187.783s][info][gc,metaspace] GC(312) Metaspace: 42106K(42560K)->42106K(42560K) NonClass: 39303K(39616K)->39303K(39616K) Class: 2803K(2944K)->2803K(2944K)
[187.783s][info][gc          ] GC(312) Pause Young (Mixed) (G1 Evacuation Pause) 317M->143M(355M) 30.455ms
[187.783s][info][gc,cpu      ] GC(312) User=0.06s Sys=0.00s Real=0.03s
[188.016s][info][gc,start    ] GC(313) Pause Young (Concurrent Start) (G1 Humongous Allocation)
[188.016s][info][gc,task     ] GC(313) Using 2 workers of 2 for evacuation
[188.051s][info][gc,phases   ] GC(313)   Pre Evacuate Collection Set: 0.22ms
[188.051s][info][gc,phases   ] GC(313)   Merge Heap Roots: 0.12ms
[188.051s][info][gc,phases   ] GC(313)   Evacuate Collection Set: 34.39ms
[188.052s][info][gc,phases   ] GC(313)   Post Evacuate Collection Set: 0.39ms
[188.052s][info][gc,phases   ] GC(313)   Other: 0.10ms
[188.052s][info][gc,heap     ] GC(313) Eden regions: 83->0(160)
[188.052s][info][gc,heap     ] GC(313) Survivor regions: 18->18(24)
[188.052s][info][gc,heap     ] GC(313) Old regions: 118->128
[188.052s][info][gc,heap     ] GC(313) Humongous regions: 9->9
[188.052s][info][gc,metaspace] GC(313) Metaspace: 42106K(42560K)->42106K(42560K) NonClass: 39303K(39616K)->39303K(39616K) Class: 2803K(2944K)->2803K(2944K)
[188.052s][info][gc          ] GC(313) Pause Young (Concurrent Start) (G1 Humongous Allocation) 226M->154M(355M) 35.431ms
[188.052s][info][gc,cpu      ] GC(313) User=0.07s Sys=0.00s Real=0.03s
[188.052s][info][gc          ] GC(314) Concurrent Mark Cycle
[188.052s][info][gc,marking  ] GC(314) Concurrent Scan Root Regions
[188.073s][info][gc,marking  ] GC(314) Concurrent Scan Root Regions 21.625ms
[188.073s][info][gc,marking  ] GC(314) Concurrent Mark
[188.073s][info][gc,marking  ] GC(314) Concurrent Mark From Roots
[188.073s][info][gc,task     ] GC(314) Using 1 workers of 1 for marking
[188.190s][info][gc,marking  ] GC(314) Concurrent Mark From Roots 116.796ms
[188.190s][info][gc,marking  ] GC(314) Concurrent Preclean
[188.190s][info][gc,marking  ] GC(314) Concurrent Preclean 0.059ms
[188.190s][info][gc,start    ] GC(314) Pause Remark
[188.203s][info][gc          ] GC(314) Pause Remark 217M->206M(355M) 12.179ms
[188.203s][info][gc,cpu      ] GC(314) User=0.02s Sys=0.00s Real=0.02s
[188.203s][info][gc,marking  ] GC(314) Concurrent Mark 129.298ms
[188.203s][info][gc,marking  ] GC(314) Concurrent Rebuild Remembered Sets and Scrub Regions
[188.262s][info][gc,marking  ] GC(314) Concurrent Rebuild Remembered Sets and Scrub Regions 59.586ms
[188.262s][info][gc,start    ] GC(314) Pause Cleanup
[188.262s][info][gc          ] GC(314) Pause Cleanup 233M->233M(355M) 0.056ms
[188.262s][info][gc,cpu      ] GC(314) User=0.00s Sys=0.00s Real=0.00s
[188.262s][info][gc,marking  ] GC(314) Concurrent Clear Claimed Marks
[188.263s][info][gc,marking  ] GC(314) Concurrent Clear Claimed Marks 0.040ms
[188.263s][info][gc,marking  ] GC(314) Concurrent Cleanup for Next Mark
[188.264s][info][gc,marking  ] GC(314) Concurrent Cleanup for Next Mark 0.985ms
[188.264s][info][gc          ] GC(314) Concurrent Mark Cycle 211.928ms
[188.450s][info][gc,start    ] GC(315) Pause Young (Prepare Mixed) (G1 Evacuation Pause)
[188.450s][info][gc,task     ] GC(315) Using 2 workers of 2 for evacuation
[188.491s][info][gc,phases   ] GC(315)   Pre Evacuate Collection Set: 0.24ms
[188.491s][info][gc,phases   ] GC(315)   Merge Heap Roots: 0.15ms
[188.491s][info][gc,phases   ] GC(315)   Evacuate Collection Set: 39.50ms
[188.491s][info][gc,phases   ] GC(315)   Post Evacuate Collection Set: 0.49ms
[188.491s][info][gc,phases   ] GC(315)   Other: 0.08ms
[188.491s][info][gc,heap     ] GC(315) Eden regions: 160->0(149)
[188.491s][info][gc,heap     ] GC(315) Survivor regions: 18->23(23)
[188.491s][info][gc,heap     ] GC(315) Old regions: 123->135
[188.491s][info][gc,heap     ] GC(315) Humongous regions: 6->6
[188.491s][info][gc,metaspace] GC(315) Metaspace: 42106K(42560K)->42106K(42560K) NonClass: 39303K(39616K)->39303K(39616K) Class: 2803K(2944K)->2803K(2944K)
[188.491s][info][gc          ] GC(315) Pause Young (Prepare Mixed) (G1 Evacuation Pause) 306M->164M(355M) 40.659ms
[188.491s][info][gc,cpu      ] GC(315) User=0.08s Sys=0.00s Real=0.04s
[188.809s][info][gc,start    ] GC(316) Pause Young (Mixed) (G1 Evacuation Pause)
[188.809s][info][gc,task     ] GC(316) Using 2 workers of 2 for evacuation
[188.855s][info][gc,phases   ] GC(316)   Pre Evacuate Collection Set: 0.24ms
[188.855s][info][gc,phases   ] GC(316)   Merge Heap Roots: 0.18ms
[188.855s][info][gc,phases   ] GC(316)   Evacuate Collection Set: 45.31ms
[188.855s][info][gc,phases   ] GC(316)   Post Evacuate Collection Set: 0.47ms
[188.855s][info][gc,phases   ] GC(316)   Other: 0.07ms
[188.855s][info][gc,heap     ] GC(316) Eden regions: 149->0(142)
[188.855s][info][gc,heap     ] GC(316) Survivor regions: 23->18(22)
[188.855s][info][gc,heap     ] GC(316) Old regions: 135->150
[188.855s][info][gc,heap     ] GC(316) Humongous regions: 6->6
[188.855s][info][gc,metaspace] GC(316) Metaspace: 42106K(42560K)->42106K(42560K) NonClass: 39303K(39616K)->39303K(39616K) Class: 2803K(2944K)->2803K(2944K)
[188.855s][info][gc          ] GC(316) Pause Young (Mixed) (G1 Evacuation Pause) 313M->173M(355M) 46.515ms
[188.855s][info][gc,cpu      ] GC(316) User=0.09s Sys=0.00s Real=0.05s
[189.113s][info][gc,start    ] GC(317) Pause Young (Concurrent Start) (G1 Humongous Allocation)
[189.113s][info][gc,task     ] GC(317) Using 2 workers of 2 for evacuation
[189.146s][info][gc,phases   ] GC(317)   Pre Evacuate Collection Set: 0.22ms
[189.146s][info][gc,phases   ] GC(317)   Merge Heap Roots: 0.11ms
[189.146s][info][gc,phases   ] GC(317)   Evacuate Collection Set: 32.05ms
[189.146s][info][gc,phases   ] GC(317)   Post Evacuate Collection Set: 0.42ms
[189.146s][info][gc,phases   ] GC(317)   Other: 0.15ms
[189.146s][info][gc,heap     ] GC(317) Eden regions: 119->0(131)
[189.146s][info][gc,heap     ] GC(317) Survivor regions: 18->14(20)
[189.146s][info][gc,heap     ] GC(317) Old regions: 150->167
[189.146s][info][gc,heap     ] GC(317) Humongous regions: 6->6
[189.146s][info][gc,metaspace] GC(317) Metaspace: 42106K(42560K)->42106K(42560K) NonClass: 39303K(39616K)->39303K(39616K) Class: 2803K(2944K)->2803K(2944K)
[189.146s][info][gc          ] GC(317) Pause Young (Concurrent Start) (G1 Humongous Allocation) 292M->187M(355M) 33.164ms
[189.146s][info][gc,cpu      ] GC(317) User=0.07s Sys=0.00s Real=0.03s
[189.146s][info][gc          ] GC(318) Concurrent Mark Cycle
[189.146s][info][gc,marking  ] GC(318) Concurrent Scan Root Regions
[189.173s][info][gc,marking  ] GC(318) Concurrent Scan Root Regions 26.304ms
[189.173s][info][gc,marking  ] GC(318) Concurrent Mark
[189.173s][info][gc,marking  ] GC(318) Concurrent Mark From Roots
[189.173s][info][gc,task     ] GC(318) Using 1 workers of 1 for marking
[189.243s][info][gc,marking  ] GC(318) Concurrent Mark From Roots 70.513ms
[189.243s][info][gc,marking  ] GC(318) Concurrent Preclean
[189.243s][info][gc,marking  ] GC(318) Concurrent Preclean 0.042ms
[189.243s][info][gc,start    ] GC(318) Pause Remark
[189.258s][info][gc          ] GC(318) Pause Remark 214M->142M(355M) 14.970ms
[189.258s][info][gc,cpu      ] GC(318) User=0.02s Sys=0.01s Real=0.01s
[189.258s][info][gc,marking  ] GC(318) Concurrent Mark 85.837ms
[189.258s][info][gc,marking  ] GC(318) Concurrent Rebuild Remembered Sets and Scrub Regions
[189.312s][info][gc,marking  ] GC(318) Concurrent Rebuild Remembered Sets and Scrub Regions 53.182ms
[189.312s][info][gc,start    ] GC(318) Pause Cleanup
[189.312s][info][gc          ] GC(318) Pause Cleanup 166M->166M(355M) 0.047ms
[189.312s][info][gc,cpu      ] GC(318) User=0.00s Sys=0.00s Real=0.00s
[189.312s][info][gc,marking  ] GC(318) Concurrent Clear Claimed Marks
[189.312s][info][gc,marking  ] GC(318) Concurrent Clear Claimed Marks 0.036ms
[189.312s][info][gc,marking  ] GC(318) Concurrent Cleanup for Next Mark
[189.313s][info][gc,marking  ] GC(318) Concurrent Cleanup for Next Mark 1.013ms
[189.313s][info][gc          ] GC(318) Concurrent Mark Cycle 166.712ms
[189.506s][info][gc,start    ] GC(319) Pause Young (Prepare Mixed) (G1 Evacuation Pause)
[189.506s][info][gc,task     ] GC(319) Using 2 workers of 2 for evacuation
[189.542s][info][gc,phases   ] GC(319)   Pre Evacuate Collection Set: 0.17ms
[189.542s][info][gc,phases   ] GC(319)   Merge Heap Roots: 0.14ms
[189.542s][info][gc,phases   ] GC(319)   Evacuate Collection Set: 35.19ms
[189.542s][info][gc,phases   ] GC(319)   Post Evacuate Collection Set: 0.40ms
[189.542s][info][gc,phases   ] GC(319)   Other: 0.09ms
[189.542s][info][gc,heap     ] GC(319) Eden regions: 131->0(173)
[189.542s][info][gc,heap     ] GC(319) Survivor regions: 14->15(19)
[189.542s][info][gc,heap     ] GC(319) Old regions: 96->110
[189.542s][info][gc,heap     ] GC(319) Humongous regions: 9->9
[189.542s][info][gc,metaspace] GC(319) Metaspace: 42106K(42560K)->42106K(42560K) NonClass: 39303K(39616K)->39303K(39616K) Class: 2803K(2944K)->2803K(2944K)
[189.542s][info][gc          ] GC(319) Pause Young (Prepare Mixed) (G1 Evacuation Pause) 250M->134M(355M) 36.204ms
[189.542s][info][gc,cpu      ] GC(319) User=0.07s Sys=0.00s Real=0.03s
[190.837s][info][gc,start    ] GC(320) Pause Young (Mixed) (G1 Evacuation Pause)
[190.837s][info][gc,task     ] GC(320) Using 2 workers of 2 for evacuation
[190.876s][info][gc,phases   ] GC(320)   Pre Evacuate Collection Set: 0.22ms
[190.876s][info][gc,phases   ] GC(320)   Merge Heap Roots: 0.19ms
[190.876s][info][gc,phases   ] GC(320)   Evacuate Collection Set: 37.14ms
[190.876s][info][gc,phases   ] GC(320)   Post Evacuate Collection Set: 0.49ms
[190.876s][info][gc,phases   ] GC(320)   Other: 0.08ms
[190.876s][info][gc,heap     ] GC(320) Eden regions: 173->0(168)
[190.876s][info][gc,heap     ] GC(320) Survivor regions: 15->12(24)
[190.876s][info][gc,heap     ] GC(320) Old regions: 110->115
[190.876s][info][gc,heap     ] GC(320) Humongous regions: 17->15
[190.876s][info][gc,metaspace] GC(320) Metaspace: 42106K(42560K)->42106K(42560K) NonClass: 39303K(39616K)->39303K(39616K) Class: 2803K(2944K)->2803K(2944K)
[190.876s][info][gc          ] GC(320) Pause Young (Mixed) (G1 Evacuation Pause) 315M->141M(355M) 38.297ms
[190.876s][info][gc,cpu      ] GC(320) User=0.07s Sys=0.00s Real=0.04s
[191.642s][info][gc,start    ] GC(321) Pause Young (Concurrent Start) (G1 Evacuation Pause)
[191.642s][info][gc,task     ] GC(321) Using 2 workers of 2 for evacuation
[191.670s][info][gc,phases   ] GC(321)   Pre Evacuate Collection Set: 0.21ms
[191.670s][info][gc,phases   ] GC(321)   Merge Heap Roots: 0.14ms
[191.670s][info][gc,phases   ] GC(321)   Evacuate Collection Set: 27.00ms
[191.670s][info][gc,phases   ] GC(321)   Post Evacuate Collection Set: 0.45ms
[191.670s][info][gc,phases   ] GC(321)   Other: 0.08ms
[191.670s][info][gc,heap     ] GC(321) Eden regions: 168->0(161)
[191.670s][info][gc,heap     ] GC(321) Survivor regions: 12->22(23)
[191.670s][info][gc,heap     ] GC(321) Old regions: 115->115
[191.670s][info][gc,heap     ] GC(321) Humongous regions: 15->15
[191.670s][info][gc,metaspace] GC(321) Metaspace: 42106K(42560K)->42106K(42560K) NonClass: 39303K(39616K)->39303K(39616K) Class: 2803K(2944K)->2803K(2944K)
[191.670s][info][gc          ] GC(321) Pause Young (Concurrent Start) (G1 Evacuation Pause) 309M->151M(355M) 28.058ms
[191.670s][info][gc,cpu      ] GC(321) User=0.06s Sys=0.00s Real=0.03s
[191.670s][info][gc          ] GC(322) Concurrent Mark Cycle
[191.670s][info][gc,marking  ] GC(322) Concurrent Scan Root Regions
[191.681s][info][gc,marking  ] GC(322) Concurrent Scan Root Regions 11.207ms
[191.681s][info][gc,marking  ] GC(322) Concurrent Mark
[191.681s][info][gc,marking  ] GC(322) Concurrent Mark From Roots
[191.681s][info][gc,task     ] GC(322) Using 1 workers of 1 for marking
[191.712s][info][gc,marking  ] GC(322) Concurrent Mark From Roots 30.703ms
[191.712s][info][gc,marking  ] GC(322) Concurrent Preclean
[191.712s][info][gc,marking  ] GC(322) Concurrent Preclean 0.036ms
[191.712s][info][gc,start    ] GC(322) Pause Remark
[191.724s][info][gc          ] GC(322) Pause Remark 160M->134M(355M) 11.600ms
[191.724s][info][gc,cpu      ] GC(322) User=0.02s Sys=0.00s Real=0.01s
[191.724s][info][gc,marking  ] GC(322) Concurrent Mark 42.577ms
[191.724s][info][gc,marking  ] GC(322) Concurrent Rebuild Remembered Sets and Scrub Regions
[191.736s][info][gc,marking  ] GC(322) Concurrent Rebuild Remembered Sets and Scrub Regions 12.424ms
[191.736s][info][gc,start    ] GC(322) Pause Cleanup
[191.737s][info][gc          ] GC(322) Pause Cleanup 137M->137M(355M) 0.066ms
[191.737s][info][gc,cpu      ] GC(322) User=0.00s Sys=0.00s Real=0.00s
[191.737s][info][gc,marking  ] GC(322) Concurrent Clear Claimed Marks
[191.737s][info][gc,marking  ] GC(322) Concurrent Clear Claimed Marks 0.031ms
[191.737s][info][gc,marking  ] GC(322) Concurrent Cleanup for Next Mark
[191.738s][info][gc,marking  ] GC(322) Concurrent Cleanup for Next Mark 0.981ms
[191.738s][info][gc          ] GC(322) Concurrent Mark Cycle 67.627ms
[192.599s][info][gc,start    ] GC(323) Pause Young (Prepare Mixed) (G1 Evacuation Pause)
[192.599s][info][gc,task     ] GC(323) Using 2 workers of 2 for evacuation
[192.606s][info][gc,phases   ] GC(323)   Pre Evacuate Collection Set: 0.20ms
[192.606s][info][gc,phases   ] GC(323)   Merge Heap Roots: 0.13ms
[192.606s][info][gc,phases   ] GC(323)   Evacuate Collection Set: 6.71ms
[192.606s][info][gc,phases   ] GC(323)   Post Evacuate Collection Set: 0.41ms
[192.606s][info][gc,phases   ] GC(323)   Other: 0.07ms
[192.606s][info][gc,heap     ] GC(323) Eden regions: 161->0(199)
[192.606s][info][gc,heap     ] GC(323) Survivor regions: 22->2(23)
[192.606s][info][gc,heap     ] GC(323) Old regions: 103->112
[192.606s][info][gc,heap     ] GC(323) Humongous regions: 1->1
[192.606s][info][gc,metaspace] GC(323) Metaspace: 42114K(42560K)->42114K(42560K) NonClass: 39311K(39616K)->39311K(39616K) Class: 2803K(2944K)->2803K(2944K)
[192.606s][info][gc          ] GC(323) Pause Young (Prepare Mixed) (G1 Evacuation Pause) 286M->114M(355M) 7.702ms
[192.606s][info][gc,cpu      ] GC(323) User=0.02s Sys=0.00s Real=0.01s
[193.662s][info][gc,start    ] GC(324) Pause Young (Mixed) (G1 Evacuation Pause)
[193.662s][info][gc,task     ] GC(324) Using 2 workers of 2 for evacuation
[193.683s][info][gc,phases   ] GC(324)   Pre Evacuate Collection Set: 0.19ms
[193.683s][info][gc,phases   ] GC(324)   Merge Heap Roots: 0.08ms
[193.683s][info][gc,phases   ] GC(324)   Evacuate Collection Set: 20.23ms
[193.683s][info][gc,phases   ] GC(324)   Post Evacuate Collection Set: 0.46ms
[193.683s][info][gc,phases   ] GC(324)   Other: 0.12ms
[193.683s][info][gc,heap     ] GC(324) Eden regions: 199->0(192)
[193.683s][info][gc,heap     ] GC(324) Survivor regions: 2->21(26)
[193.683s][info][gc,heap     ] GC(324) Old regions: 112->76
[193.683s][info][gc,heap     ] GC(324) Humongous regions: 1->1
[193.683s][info][gc,metaspace] GC(324) Metaspace: 42114K(42560K)->42114K(42560K) NonClass: 39311K(39616K)->39311K(39616K) Class: 2803K(2944K)->2803K(2944K)
[193.683s][info][gc          ] GC(324) Pause Young (Mixed) (G1 Evacuation Pause) 313M->97M(355M) 21.298ms
[193.683s][info][gc,cpu      ] GC(324) User=0.04s Sys=0.00s Real=0.03s
[194.884s][info][gc,start    ] GC(325) Pause Young (Mixed) (G1 Evacuation Pause)
[194.884s][info][gc,task     ] GC(325) Using 2 workers of 2 for evacuation
[194.917s][info][gc,phases   ] GC(325)   Pre Evacuate Collection Set: 0.20ms
[194.917s][info][gc,phases   ] GC(325)   Merge Heap Roots: 0.10ms
[194.917s][info][gc,phases   ] GC(325)   Evacuate Collection Set: 32.43ms
[194.917s][info][gc,phases   ] GC(325)   Post Evacuate Collection Set: 0.52ms
[194.917s][info][gc,phases   ] GC(325)   Other: 0.09ms
[194.917s][info][gc,heap     ] GC(325) Eden regions: 192->0(195)
[194.917s][info][gc,heap     ] GC(325) Survivor regions: 21->18(27)
[194.917s][info][gc,heap     ] GC(325) Old regions: 76->61
[194.917s][info][gc,heap     ] GC(325) Humongous regions: 2->2
[194.917s][info][gc,metaspace] GC(325) Metaspace: 42114K(42560K)->42114K(42560K) NonClass: 39311K(39616K)->39311K(39616K) Class: 2803K(2944K)->2803K(2944K)
[194.917s][info][gc          ] GC(325) Pause Young (Mixed) (G1 Evacuation Pause) 290M->81M(355M) 33.521ms
[194.917s][info][gc,cpu      ] GC(325) User=0.07s Sys=0.00s Real=0.03s
[195.829s][info][gc,start    ] GC(326) Pause Young (Concurrent Start) (G1 Humongous Allocation)
[195.829s][info][gc,task     ] GC(326) Using 2 workers of 2 for evacuation
[195.862s][info][gc,phases   ] GC(326)   Pre Evacuate Collection Set: 0.18ms
[195.862s][info][gc,phases   ] GC(326)   Merge Heap Roots: 0.08ms
[195.862s][info][gc,phases   ] GC(326)   Evacuate Collection Set: 32.16ms
[195.862s][info][gc,phases   ] GC(326)   Post Evacuate Collection Set: 0.49ms
[195.862s][info][gc,phases   ] GC(326)   Other: 0.08ms
[195.862s][info][gc,heap     ] GC(326) Eden regions: 180->0(192)
[195.862s][info][gc,heap     ] GC(326) Survivor regions: 18->21(27)
[195.862s][info][gc,heap     ] GC(326) Old regions: 61->80
[195.862s][info][gc,heap     ] GC(326) Humongous regions: 2->2
[195.862s][info][gc,metaspace] GC(326) Metaspace: 42114K(42560K)->42114K(42560K) NonClass: 39311K(39616K)->39311K(39616K) Class: 2803K(2944K)->2803K(2944K)
[195.862s][info][gc          ] GC(326) Pause Young (Concurrent Start) (G1 Humongous Allocation) 260M->102M(355M) 33.200ms
[195.862s][info][gc,cpu      ] GC(326) User=0.06s Sys=0.00s Real=0.04s
[195.862s][info][gc          ] GC(327) Concurrent Mark Cycle
[195.862s][info][gc,marking  ] GC(327) Concurrent Scan Root Regions
[195.905s][info][gc,marking  ] GC(327) Concurrent Scan Root Regions 42.615ms
[195.905s][info][gc,marking  ] GC(327) Concurrent Mark
[195.905s][info][gc,marking  ] GC(327) Concurrent Mark From Roots
[195.905s][info][gc,task     ] GC(327) Using 1 workers of 1 for marking
[195.936s][info][gc,marking  ] GC(327) Concurrent Mark From Roots 31.200ms
[195.936s][info][gc,marking  ] GC(327) Concurrent Preclean
[195.936s][info][gc,marking  ] GC(327) Concurrent Preclean 0.041ms
[195.937s][info][gc,start    ] GC(327) Pause Remark
[195.949s][info][gc          ] GC(327) Pause Remark 128M->124M(337M) 12.134ms
[195.949s][info][gc,cpu      ] GC(327) User=0.02s Sys=0.00s Real=0.01s
[195.951s][info][gc,marking  ] GC(327) Concurrent Mark 45.880ms
[195.951s][info][gc,marking  ] GC(327) Concurrent Rebuild Remembered Sets and Scrub Regions
[195.974s][info][gc,marking  ] GC(327) Concurrent Rebuild Remembered Sets and Scrub Regions 23.057ms
[195.974s][info][gc,start    ] GC(327) Pause Cleanup
[195.974s][info][gc          ] GC(327) Pause Cleanup 135M->135M(337M) 0.046ms
[195.974s][info][gc,cpu      ] GC(327) User=0.00s Sys=0.00s Real=0.00s
[195.975s][info][gc,marking  ] GC(327) Concurrent Clear Claimed Marks
[195.975s][info][gc,marking  ] GC(327) Concurrent Clear Claimed Marks 0.044ms
[195.975s][info][gc,marking  ] GC(327) Concurrent Cleanup for Next Mark
[195.976s][info][gc,marking  ] GC(327) Concurrent Cleanup for Next Mark 0.993ms
[195.976s][info][gc          ] GC(327) Concurrent Mark Cycle 113.619ms
[196.306s][info][gc,start    ] GC(328) Pause Young (Prepare Mixed) (G1 Evacuation Pause)
[196.306s][info][gc,task     ] GC(328) Using 2 workers of 2 for evacuation
[196.332s][info][gc,phases   ] GC(328)   Pre Evacuate Collection Set: 0.18ms
[196.332s][info][gc,phases   ] GC(328)   Merge Heap Roots: 0.08ms
[196.332s][info][gc,phases   ] GC(328)   Evacuate Collection Set: 25.34ms
[196.332s][info][gc,phases   ] GC(328)   Post Evacuate Collection Set: 0.45ms
[196.332s][info][gc,phases   ] GC(328)   Other: 0.08ms
[196.332s][info][gc,heap     ] GC(328) Eden regions: 181->0(177)
[196.332s][info][gc,heap     ] GC(328) Survivor regions: 21->23(26)
[196.332s][info][gc,heap     ] GC(328) Old regions: 76->81
[196.332s][info][gc,heap     ] GC(328) Humongous regions: 5->5
[196.332s][info][gc,metaspace] GC(328) Metaspace: 42114K(42560K)->42114K(42560K) NonClass: 39311K(39616K)->39311K(39616K) Class: 2803K(2944K)->2803K(2944K)
[196.332s][info][gc          ] GC(328) Pause Young (Prepare Mixed) (G1 Evacuation Pause) 282M->107M(337M) 26.332ms
[196.332s][info][gc,cpu      ] GC(328) User=0.05s Sys=0.00s Real=0.03s
[196.733s][info][gc,start    ] GC(329) Pause Young (Mixed) (G1 Evacuation Pause)
[196.733s][info][gc,task     ] GC(329) Using 2 workers of 2 for evacuation
[196.781s][info][gc,phases   ] GC(329)   Pre Evacuate Collection Set: 0.18ms
[196.781s][info][gc,phases   ] GC(329)   Merge Heap Roots: 0.14ms
[196.782s][info][gc,phases   ] GC(329)   Evacuate Collection Set: 47.42ms
[196.782s][info][gc,phases   ] GC(329)   Post Evacuate Collection Set: 0.74ms
[196.782s][info][gc,phases   ] GC(329)   Other: 0.12ms
[196.782s][info][gc,heap     ] GC(329) Eden regions: 177->0(192)
[196.782s][info][gc,heap     ] GC(329) Survivor regions: 23->21(25)
[196.782s][info][gc,heap     ] GC(329) Old regions: 81->84
[196.782s][info][gc,heap     ] GC(329) Humongous regions: 7->7
[196.782s][info][gc,metaspace] GC(329) Metaspace: 42114K(42560K)->42114K(42560K) NonClass: 39311K(39616K)->39311K(39616K) Class: 2803K(2944K)->2803K(2944K)
[196.782s][info][gc          ] GC(329) Pause Young (Mixed) (G1 Evacuation Pause) 286M->111M(363M) 48.792ms
[196.782s][info][gc,cpu      ] GC(329) User=0.10s Sys=0.00s Real=0.04s
[197.213s][info][gc,start    ] GC(330) Pause Young (Concurrent Start) (G1 Humongous Allocation)
[197.213s][info][gc,task     ] GC(330) Using 2 workers of 2 for evacuation
[197.258s][info][gc,phases   ] GC(330)   Pre Evacuate Collection Set: 0.19ms
[197.258s][info][gc,phases   ] GC(330)   Merge Heap Roots: 0.08ms
[197.259s][info][gc,phases   ] GC(330)   Evacuate Collection Set: 44.36ms
[197.259s][info][gc,phases   ] GC(330)   Post Evacuate Collection Set: 0.44ms
[197.259s][info][gc,phases   ] GC(330)   Other: 0.15ms
[197.259s][info][gc,heap     ] GC(330) Eden regions: 188->0(176)
[197.259s][info][gc,heap     ] GC(330) Survivor regions: 21->22(27)
[197.259s][info][gc,heap     ] GC(330) Old regions: 84->106
[197.259s][info][gc,heap     ] GC(330) Humongous regions: 7->7
[197.259s][info][gc,metaspace] GC(330) Metaspace: 42114K(42560K)->42114K(42560K) NonClass: 39311K(39616K)->39311K(39616K) Class: 2803K(2944K)->2803K(2944K)
[197.259s][info][gc          ] GC(330) Pause Young (Concurrent Start) (G1 Humongous Allocation) 299M->134M(363M) 45.409ms
[197.259s][info][gc          ] GC(331) Concurrent Mark Cycle
[197.259s][info][gc,marking  ] GC(331) Concurrent Scan Root Regions
[197.259s][info][gc,cpu      ] GC(330) User=0.09s Sys=0.00s Real=0.04s
[197.290s][info][gc,marking  ] GC(331) Concurrent Scan Root Regions 31.688ms
[197.290s][info][gc,marking  ] GC(331) Concurrent Mark
[197.290s][info][gc,marking  ] GC(331) Concurrent Mark From Roots
[197.290s][info][gc,task     ] GC(331) Using 1 workers of 1 for marking
[197.354s][info][gc,marking  ] GC(331) Concurrent Mark From Roots 63.865ms
[197.354s][info][gc,marking  ] GC(331) Concurrent Preclean
[197.354s][info][gc,marking  ] GC(331) Concurrent Preclean 0.043ms
[197.355s][info][gc,start    ] GC(331) Pause Remark
[197.367s][info][gc          ] GC(331) Pause Remark 164M->146M(363M) 11.979ms
[197.367s][info][gc,cpu      ] GC(331) User=0.03s Sys=0.00s Real=0.01s
[197.369s][info][gc,marking  ] GC(331) Concurrent Mark 78.352ms
[197.369s][info][gc,marking  ] GC(331) Concurrent Rebuild Remembered Sets and Scrub Regions
[197.422s][info][gc,marking  ] GC(331) Concurrent Rebuild Remembered Sets and Scrub Regions 53.185ms
[197.422s][info][gc,start    ] GC(331) Pause Cleanup
[197.422s][info][gc          ] GC(331) Pause Cleanup 174M->174M(363M) 0.047ms
[197.422s][info][gc,cpu      ] GC(331) User=0.00s Sys=0.00s Real=0.00s
[197.423s][info][gc,marking  ] GC(331) Concurrent Clear Claimed Marks
[197.423s][info][gc,marking  ] GC(331) Concurrent Clear Claimed Marks 0.051ms
[197.423s][info][gc,marking  ] GC(331) Concurrent Cleanup for Next Mark
[197.424s][info][gc,marking  ] GC(331) Concurrent Cleanup for Next Mark 1.309ms
[197.424s][info][gc          ] GC(331) Concurrent Mark Cycle 165.814ms
[197.951s][info][gc,start    ] GC(332) Pause Young (Prepare Mixed) (G1 Evacuation Pause)
[197.951s][info][gc,task     ] GC(332) Using 2 workers of 2 for evacuation
[198.017s][info][gc,phases   ] GC(332)   Pre Evacuate Collection Set: 0.18ms
[198.017s][info][gc,phases   ] GC(332)   Merge Heap Roots: 0.15ms
[198.017s][info][gc,phases   ] GC(332)   Evacuate Collection Set: 64.48ms
[198.017s][info][gc,phases   ] GC(332)   Post Evacuate Collection Set: 0.49ms
[198.017s][info][gc,phases   ] GC(332)   Other: 0.08ms
[198.017s][info][gc,heap     ] GC(332) Eden regions: 176->0(150)
[198.017s][info][gc,heap     ] GC(332) Survivor regions: 22->25(25)
[198.017s][info][gc,heap     ] GC(332) Old regions: 89->119
[198.017s][info][gc,heap     ] GC(332) Humongous regions: 11->11
[198.017s][info][gc,metaspace] GC(332) Metaspace: 42114K(42560K)->42114K(42560K) NonClass: 39311K(39616K)->39311K(39616K) Class: 2803K(2944K)->2803K(2944K)
[198.017s][info][gc          ] GC(332) Pause Young (Prepare Mixed) (G1 Evacuation Pause) 297M->155M(363M) 65.598ms
[198.017s][info][gc,cpu      ] GC(332) User=0.13s Sys=0.00s Real=0.07s
[199.075s][info][gc,start    ] GC(333) Pause Young (Mixed) (G1 Evacuation Pause)
[199.075s][info][gc,task     ] GC(333) Using 2 workers of 2 for evacuation
[199.117s][info][gc,phases   ] GC(333)   Pre Evacuate Collection Set: 0.19ms
[199.117s][info][gc,phases   ] GC(333)   Merge Heap Roots: 0.27ms
[199.117s][info][gc,phases   ] GC(333)   Evacuate Collection Set: 41.54ms
[199.117s][info][gc,phases   ] GC(333)   Post Evacuate Collection Set: 0.56ms
[199.117s][info][gc,phases   ] GC(333)   Other: 0.08ms
[199.117s][info][gc,heap     ] GC(333) Eden regions: 150->0(146)
[199.117s][info][gc,heap     ] GC(333) Survivor regions: 25->13(22)
[199.117s][info][gc,heap     ] GC(333) Old regions: 119->133
[199.117s][info][gc,heap     ] GC(333) Humongous regions: 17->15
[199.117s][info][gc,metaspace] GC(333) Metaspace: 42114K(42560K)->42114K(42560K) NonClass: 39311K(39616K)->39311K(39616K) Class: 2803K(2944K)->2803K(2944K)
[199.117s][info][gc          ] GC(333) Pause Young (Mixed) (G1 Evacuation Pause) 311M->160M(363M) 42.831ms
[199.117s][info][gc,cpu      ] GC(333) User=0.08s Sys=0.00s Real=0.04s
[199.732s][info][gc,start    ] GC(334) Pause Young (Concurrent Start) (G1 Evacuation Pause)
[199.732s][info][gc,task     ] GC(334) Using 2 workers of 2 for evacuation
[199.751s][info][gc,phases   ] GC(334)   Pre Evacuate Collection Set: 0.21ms
[199.751s][info][gc,phases   ] GC(334)   Merge Heap Roots: 0.15ms
[199.751s][info][gc,phases   ] GC(334)   Evacuate Collection Set: 18.37ms
[199.751s][info][gc,phases   ] GC(334)   Post Evacuate Collection Set: 0.38ms
[199.751s][info][gc,phases   ] GC(334)   Other: 0.09ms
[199.751s][info][gc,heap     ] GC(334) Eden regions: 146->0(146)
[199.751s][info][gc,heap     ] GC(334) Survivor regions: 13->8(20)
[199.751s][info][gc,heap     ] GC(334) Old regions: 133->145
[199.751s][info][gc,heap     ] GC(334) Humongous regions: 15->15
[199.751s][info][gc,metaspace] GC(334) Metaspace: 42114K(42560K)->42114K(42560K) NonClass: 39311K(39616K)->39311K(39616K) Class: 2803K(2944K)->2803K(2944K)
[199.751s][info][gc          ] GC(334) Pause Young (Concurrent Start) (G1 Evacuation Pause) 306M->167M(363M) 19.388ms
[199.751s][info][gc          ] GC(335) Concurrent Mark Cycle
[199.751s][info][gc,marking  ] GC(335) Concurrent Scan Root Regions
[199.751s][info][gc,cpu      ] GC(334) User=0.04s Sys=0.00s Real=0.02s
[199.771s][info][gc,marking  ] GC(335) Concurrent Scan Root Regions 20.322ms
[199.771s][info][gc,marking  ] GC(335) Concurrent Mark
[199.771s][info][gc,marking  ] GC(335) Concurrent Mark From Roots
[199.771s][info][gc,task     ] GC(335) Using 1 workers of 1 for marking
[199.811s][info][gc,marking  ] GC(335) Concurrent Mark From Roots 39.880ms
[199.811s][info][gc,marking  ] GC(335) Concurrent Preclean
[199.811s][info][gc,marking  ] GC(335) Concurrent Preclean 0.037ms
[199.811s][info][gc,start    ] GC(335) Pause Remark
[199.823s][info][gc          ] GC(335) Pause Remark 179M->137M(363M) 11.677ms
[199.823s][info][gc,cpu      ] GC(335) User=0.02s Sys=0.00s Real=0.02s
[199.823s][info][gc,marking  ] GC(335) Concurrent Mark 51.842ms
[199.823s][info][gc,marking  ] GC(335) Concurrent Rebuild Remembered Sets and Scrub Regions
[199.855s][info][gc,marking  ] GC(335) Concurrent Rebuild Remembered Sets and Scrub Regions 31.489ms
[199.855s][info][gc,start    ] GC(335) Pause Cleanup
[199.855s][info][gc          ] GC(335) Pause Cleanup 143M->143M(363M) 0.062ms
[199.855s][info][gc,cpu      ] GC(335) User=0.00s Sys=0.00s Real=0.00s
[199.855s][info][gc,marking  ] GC(335) Concurrent Clear Claimed Marks
[199.855s][info][gc,marking  ] GC(335) Concurrent Clear Claimed Marks 0.035ms
[199.855s][info][gc,marking  ] GC(335) Concurrent Cleanup for Next Mark
[199.856s][info][gc,marking  ] GC(335) Concurrent Cleanup for Next Mark 0.995ms
[199.856s][info][gc          ] GC(335) Concurrent Mark Cycle 105.010ms
[200.536s][info][gc,start    ] GC(336) Pause Young (Prepare Mixed) (G1 Evacuation Pause)
[200.536s][info][gc,task     ] GC(336) Using 2 workers of 2 for evacuation
[200.555s][info][gc,phases   ] GC(336)   Pre Evacuate Collection Set: 0.20ms
[200.555s][info][gc,phases   ] GC(336)   Merge Heap Roots: 0.07ms
[200.555s][info][gc,phases   ] GC(336)   Evacuate Collection Set: 18.00ms
[200.555s][info][gc,phases   ] GC(336)   Post Evacuate Collection Set: 0.39ms
[200.555s][info][gc,phases   ] GC(336)   Other: 0.07ms
[200.555s][info][gc,heap     ] GC(336) Eden regions: 146->0(171)
[200.555s][info][gc,heap     ] GC(336) Survivor regions: 8->20(20)
[200.555s][info][gc,heap     ] GC(336) Old regions: 117->118
[200.555s][info][gc,heap     ] GC(336) Humongous regions: 1->1
[200.555s][info][gc,metaspace] GC(336) Metaspace: 42114K(42560K)->42114K(42560K) NonClass: 39311K(39616K)->39311K(39616K) Class: 2803K(2944K)->2803K(2944K)
[200.555s][info][gc          ] GC(336) Pause Young (Prepare Mixed) (G1 Evacuation Pause) 271M->139M(363M) 18.932ms
[200.555s][info][gc,cpu      ] GC(336) User=0.04s Sys=0.00s Real=0.02s
[201.459s][info][gc,start    ] GC(337) Pause Young (Mixed) (G1 Evacuation Pause)
[201.459s][info][gc,task     ] GC(337) Using 2 workers of 2 for evacuation
[201.495s][info][gc,phases   ] GC(337)   Pre Evacuate Collection Set: 0.26ms
[201.495s][info][gc,phases   ] GC(337)   Merge Heap Roots: 0.24ms
[201.495s][info][gc,phases   ] GC(337)   Evacuate Collection Set: 34.29ms
[201.495s][info][gc,phases   ] GC(337)   Post Evacuate Collection Set: 0.48ms
[201.495s][info][gc,phases   ] GC(337)   Other: 0.08ms
[201.495s][info][gc,heap     ] GC(337) Eden regions: 171->0(185)
[201.495s][info][gc,heap     ] GC(337) Survivor regions: 20->18(24)
[201.495s][info][gc,heap     ] GC(337) Old regions: 118->103
[201.495s][info][gc,heap     ] GC(337) Humongous regions: 1->1
[201.495s][info][gc,metaspace] GC(337) Metaspace: 42114K(42560K)->42114K(42560K) NonClass: 39311K(39616K)->39311K(39616K) Class: 2803K(2944K)->2803K(2944K)
[201.495s][info][gc          ] GC(337) Pause Young (Mixed) (G1 Evacuation Pause) 310M->121M(363M) 35.554ms
[201.495s][info][gc,cpu      ] GC(337) User=0.07s Sys=0.00s Real=0.04s
[202.487s][info][gc,start    ] GC(338) Pause Young (Mixed) (G1 Evacuation Pause)
[202.487s][info][gc,task     ] GC(338) Using 2 workers of 2 for evacuation
[202.525s][info][gc,phases   ] GC(338)   Pre Evacuate Collection Set: 0.22ms
[202.525s][info][gc,phases   ] GC(338)   Merge Heap Roots: 0.25ms
[202.525s][info][gc,phases   ] GC(338)   Evacuate Collection Set: 36.73ms
[202.525s][info][gc,phases   ] GC(338)   Post Evacuate Collection Set: 0.51ms
[202.525s][info][gc,phases   ] GC(338)   Other: 0.07ms
[202.525s][info][gc,heap     ] GC(338) Eden regions: 185->0(191)
[202.525s][info][gc,heap     ] GC(338) Survivor regions: 18->18(26)
[202.525s][info][gc,heap     ] GC(338) Old regions: 103->96
[202.525s][info][gc,heap     ] GC(338) Humongous regions: 2->2
[202.525s][info][gc,metaspace] GC(338) Metaspace: 42115K(42560K)->42115K(42560K) NonClass: 39312K(39616K)->39312K(39616K) Class: 2803K(2944K)->2803K(2944K)
[202.525s][info][gc          ] GC(338) Pause Young (Mixed) (G1 Evacuation Pause) 307M->115M(363M) 37.968ms
[202.525s][info][gc,cpu      ] GC(338) User=0.07s Sys=0.00s Real=0.04s
[203.562s][info][gc,start    ] GC(339) Pause Young (Concurrent Start) (G1 Evacuation Pause)
[203.562s][info][gc,task     ] GC(339) Using 2 workers of 2 for evacuation
[203.593s][info][gc,phases   ] GC(339)   Pre Evacuate Collection Set: 0.22ms
[203.593s][info][gc,phases   ] GC(339)   Merge Heap Roots: 0.08ms
[203.593s][info][gc,phases   ] GC(339)   Evacuate Collection Set: 29.99ms
[203.593s][info][gc,phases   ] GC(339)   Post Evacuate Collection Set: 0.44ms
[203.593s][info][gc,phases   ] GC(339)   Other: 0.09ms
[203.593s][info][gc,heap     ] GC(339) Eden regions: 191->0(179)
[203.593s][info][gc,heap     ] GC(339) Survivor regions: 18->18(27)
[203.593s][info][gc,heap     ] GC(339) Old regions: 96->113
[203.593s][info][gc,heap     ] GC(339) Humongous regions: 2->2
[203.593s][info][gc,metaspace] GC(339) Metaspace: 42115K(42560K)->42115K(42560K) NonClass: 39312K(39616K)->39312K(39616K) Class: 2803K(2944K)->2803K(2944K)
[203.593s][info][gc          ] GC(339) Pause Young (Concurrent Start) (G1 Evacuation Pause) 306M->132M(363M) 31.030ms
[203.593s][info][gc,cpu      ] GC(339) User=0.06s Sys=0.00s Real=0.03s
[203.593s][info][gc          ] GC(340) Concurrent Mark Cycle
[203.593s][info][gc,marking  ] GC(340) Concurrent Scan Root Regions
[203.616s][info][gc,marking  ] GC(340) Concurrent Scan Root Regions 22.693ms
[203.616s][info][gc,marking  ] GC(340) Concurrent Mark
[203.616s][info][gc,marking  ] GC(340) Concurrent Mark From Roots
[203.616s][info][gc,task     ] GC(340) Using 1 workers of 1 for marking
[203.659s][info][gc,marking  ] GC(340) Concurrent Mark From Roots 42.705ms
[203.659s][info][gc,marking  ] GC(340) Concurrent Preclean
[203.659s][info][gc,marking  ] GC(340) Concurrent Preclean 0.040ms
[203.659s][info][gc,start    ] GC(340) Pause Remark
[203.671s][info][gc          ] GC(340) Pause Remark 144M->124M(363M) 12.060ms
[203.671s][info][gc,cpu      ] GC(340) User=0.02s Sys=0.00s Real=0.01s
[203.671s][info][gc,marking  ] GC(340) Concurrent Mark 54.982ms
[203.671s][info][gc,marking  ] GC(340) Concurrent Rebuild Remembered Sets and Scrub Regions
[203.702s][info][gc,marking  ] GC(340) Concurrent Rebuild Remembered Sets and Scrub Regions 31.522ms
[203.703s][info][gc,start    ] GC(340) Pause Cleanup
[203.703s][info][gc          ] GC(340) Pause Cleanup 128M->128M(363M) 0.054ms
[203.703s][info][gc,cpu      ] GC(340) User=0.00s Sys=0.00s Real=0.00s
[203.703s][info][gc,marking  ] GC(340) Concurrent Clear Claimed Marks
[203.703s][info][gc,marking  ] GC(340) Concurrent Clear Claimed Marks 0.034ms
[203.703s][info][gc,marking  ] GC(340) Concurrent Cleanup for Next Mark
[203.704s][info][gc,marking  ] GC(340) Concurrent Cleanup for Next Mark 1.034ms
[203.704s][info][gc          ] GC(340) Concurrent Mark Cycle 110.620ms
[204.393s][info][gc,start    ] GC(341) Pause Young (Prepare Mixed) (G1 Evacuation Pause)
[204.393s][info][gc,task     ] GC(341) Using 2 workers of 2 for evacuation
[204.403s][info][gc,phases   ] GC(341)   Pre Evacuate Collection Set: 0.19ms
[204.403s][info][gc,phases   ] GC(341)   Merge Heap Roots: 0.08ms
[204.403s][info][gc,phases   ] GC(341)   Evacuate Collection Set: 9.00ms
[204.403s][info][gc,phases   ] GC(341)   Post Evacuate Collection Set: 0.46ms
[204.403s][info][gc,phases   ] GC(341)   Other: 0.08ms
[204.403s][info][gc,heap     ] GC(341) Eden regions: 179->0(201)
[204.403s][info][gc,heap     ] GC(341) Survivor regions: 18->10(25)
[204.403s][info][gc,heap     ] GC(341) Old regions: 93->95
[204.403s][info][gc,heap     ] GC(341) Humongous regions: 14->4
[204.403s][info][gc,metaspace] GC(341) Metaspace: 42128K(42560K)->42128K(42560K) NonClass: 39325K(39616K)->39325K(39616K) Class: 2803K(2944K)->2803K(2944K)
[204.403s][info][gc          ] GC(341) Pause Young (Prepare Mixed) (G1 Evacuation Pause) 302M->108M(363M) 9.968ms
[204.403s][info][gc,cpu      ] GC(341) User=0.02s Sys=0.00s Real=0.01s
[205.214s][info][gc,start    ] GC(342) Pause Young (Mixed) (G1 Evacuation Pause)
[205.214s][info][gc,task     ] GC(342) Using 2 workers of 2 for evacuation
[205.230s][info][gc,phases   ] GC(342)   Pre Evacuate Collection Set: 0.21ms
[205.230s][info][gc,phases   ] GC(342)   Merge Heap Roots: 0.24ms
[205.230s][info][gc,phases   ] GC(342)   Evacuate Collection Set: 15.68ms
[205.230s][info][gc,phases   ] GC(342)   Post Evacuate Collection Set: 0.50ms
[205.230s][info][gc,phases   ] GC(342)   Other: 0.08ms
[205.230s][info][gc,heap     ] GC(342) Eden regions: 201->0(202)
[205.230s][info][gc,heap     ] GC(342) Survivor regions: 10->15(27)
[205.230s][info][gc,heap     ] GC(342) Old regions: 95->69
[205.230s][info][gc,heap     ] GC(342) Humongous regions: 16->4
[205.230s][info][gc,metaspace] GC(342) Metaspace: 42129K(42560K)->42129K(42560K) NonClass: 39326K(39616K)->39326K(39616K) Class: 2803K(2944K)->2803K(2944K)
[205.230s][info][gc          ] GC(342) Pause Young (Mixed) (G1 Evacuation Pause) 321M->87M(363M) 16.884ms
[205.231s][info][gc,cpu      ] GC(342) User=0.04s Sys=0.00s Real=0.01s
[205.384s][info][gc,start    ] GC(343) Pause Young (Concurrent Start) (G1 Humongous Allocation)
[205.384s][info][gc,task     ] GC(343) Using 2 workers of 2 for evacuation
[205.391s][info][gc,phases   ] GC(343)   Pre Evacuate Collection Set: 0.20ms
[205.391s][info][gc,phases   ] GC(343)   Merge Heap Roots: 0.04ms
[205.391s][info][gc,phases   ] GC(343)   Evacuate Collection Set: 5.92ms
[205.391s][info][gc,phases   ] GC(343)   Post Evacuate Collection Set: 0.38ms
[205.391s][info][gc,phases   ] GC(343)   Other: 0.10ms
[205.391s][info][gc,heap     ] GC(343) Eden regions: 28->0(207)
[205.391s][info][gc,heap     ] GC(343) Survivor regions: 15->10(28)
[205.391s][info][gc,heap     ] GC(343) Old regions: 69->69
[205.391s][info][gc,heap     ] GC(343) Humongous regions: 4->2
[205.391s][info][gc,metaspace] GC(343) Metaspace: 42129K(42560K)->42129K(42560K) NonClass: 39326K(39616K)->39326K(39616K) Class: 2803K(2944K)->2803K(2944K)
[205.391s][info][gc          ] GC(343) Pause Young (Concurrent Start) (G1 Humongous Allocation) 115M->80M(363M) 6.817ms
[205.391s][info][gc,cpu      ] GC(343) User=0.02s Sys=0.00s Real=0.00s
[205.391s][info][gc          ] GC(344) Concurrent Mark Cycle
[205.391s][info][gc,marking  ] GC(344) Concurrent Scan Root Regions
[205.410s][info][gc,marking  ] GC(344) Concurrent Scan Root Regions 18.927ms
[205.410s][info][gc,marking  ] GC(344) Concurrent Mark
[205.410s][info][gc,marking  ] GC(344) Concurrent Mark From Roots
[205.410s][info][gc,task     ] GC(344) Using 1 workers of 1 for marking
[205.452s][info][gc,marking  ] GC(344) Concurrent Mark From Roots 42.390ms
[205.452s][info][gc,marking  ] GC(344) Concurrent Preclean
[205.452s][info][gc,marking  ] GC(344) Concurrent Preclean 0.037ms
[205.452s][info][gc,start    ] GC(344) Pause Remark
[205.464s][info][gc          ] GC(344) Pause Remark 95M->76M(256M) 11.705ms
[205.464s][info][gc,cpu      ] GC(344) User=0.02s Sys=0.00s Real=0.01s
[205.464s][info][gc,marking  ] GC(344) Concurrent Mark 54.392ms
[205.464s][info][gc,marking  ] GC(344) Concurrent Rebuild Remembered Sets and Scrub Regions
[205.478s][info][gc,marking  ] GC(344) Concurrent Rebuild Remembered Sets and Scrub Regions 13.702ms
[205.478s][info][gc,start    ] GC(344) Pause Cleanup
[205.478s][info][gc          ] GC(344) Pause Cleanup 78M->78M(256M) 0.042ms
[205.478s][info][gc,cpu      ] GC(344) User=0.00s Sys=0.00s Real=0.00s
[205.478s][info][gc,marking  ] GC(344) Concurrent Clear Claimed Marks
[205.478s][info][gc,marking  ] GC(344) Concurrent Clear Claimed Marks 0.032ms
[205.478s][info][gc,marking  ] GC(344) Concurrent Cleanup for Next Mark
[205.479s][info][gc,marking  ] GC(344) Concurrent Cleanup for Next Mark 0.742ms
[205.479s][info][gc          ] GC(344) Concurrent Mark Cycle 88.158ms
[206.022s][info][gc,start    ] GC(345) Pause Young (Prepare Mixed) (G1 Evacuation Pause)
[206.022s][info][gc,task     ] GC(345) Using 2 workers of 2 for evacuation
[206.040s][info][gc,phases   ] GC(345)   Pre Evacuate Collection Set: 0.14ms
[206.040s][info][gc,phases   ] GC(345)   Merge Heap Roots: 0.06ms
[206.040s][info][gc,phases   ] GC(345)   Evacuate Collection Set: 16.89ms
[206.040s][info][gc,phases   ] GC(345)   Post Evacuate Collection Set: 0.42ms
[206.040s][info][gc,phases   ] GC(345)   Other: 0.07ms
[206.040s][info][gc,heap     ] GC(345) Eden regions: 143->0(133)
[206.040s][info][gc,heap     ] GC(345) Survivor regions: 10->20(20)
[206.040s][info][gc,heap     ] GC(345) Old regions: 51->54
[206.040s][info][gc,heap     ] GC(345) Humongous regions: 9->3
[206.040s][info][gc,metaspace] GC(345) Metaspace: 42129K(42560K)->42129K(42560K) NonClass: 39326K(39616K)->39326K(39616K) Class: 2803K(2944K)->2803K(2944K)
[206.040s][info][gc          ] GC(345) Pause Young (Prepare Mixed) (G1 Evacuation Pause) 212M->77M(256M) 17.739ms
[206.040s][info][gc,cpu      ] GC(345) User=0.03s Sys=0.00s Real=0.01s
[206.579s][info][gc,start    ] GC(346) Pause Young (Mixed) (G1 Evacuation Pause)
[206.579s][info][gc,task     ] GC(346) Using 2 workers of 2 for evacuation
[206.622s][info][gc,phases   ] GC(346)   Pre Evacuate Collection Set: 0.22ms
[206.622s][info][gc,phases   ] GC(346)   Merge Heap Roots: 0.11ms
[206.622s][info][gc,phases   ] GC(346)   Evacuate Collection Set: 42.41ms
[206.622s][info][gc,phases   ] GC(346)   Post Evacuate Collection Set: 0.45ms
[206.622s][info][gc,phases   ] GC(346)   Other: 0.07ms
[206.622s][info][gc,heap     ] GC(346) Eden regions: 133->0(137)
[206.622s][info][gc,heap     ] GC(346) Survivor regions: 20->16(20)
[206.622s][info][gc,heap     ] GC(346) Old regions: 54->57
[206.622s][info][gc,heap     ] GC(346) Humongous regions: 3->3
[206.622s][info][gc,metaspace] GC(346) Metaspace: 42131K(42560K)->42131K(42560K) NonClass: 39328K(39616K)->39328K(39616K) Class: 2803K(2944K)->2803K(2944K)
[206.622s][info][gc          ] GC(346) Pause Young (Mixed) (G1 Evacuation Pause) 210M->75M(256M) 43.448ms
[206.622s][info][gc,cpu      ] GC(346) User=0.06s Sys=0.00s Real=0.05s
[206.646s][info][gc,start    ] GC(347) Pause Young (Concurrent Start) (G1 Humongous Allocation)
[206.646s][info][gc,task     ] GC(347) Using 2 workers of 2 for evacuation
[206.664s][info][gc,phases   ] GC(347)   Pre Evacuate Collection Set: 0.16ms
[206.664s][info][gc,phases   ] GC(347)   Merge Heap Roots: 0.12ms
[206.664s][info][gc,phases   ] GC(347)   Evacuate Collection Set: 17.22ms
[206.664s][info][gc,phases   ] GC(347)   Post Evacuate Collection Set: 0.31ms
[206.664s][info][gc,phases   ] GC(347)   Other: 0.07ms
[206.664s][info][gc,heap     ] GC(347) Eden regions: 7->0(137)
[206.664s][info][gc,heap     ] GC(347) Survivor regions: 16->2(20)
[206.664s][info][gc,heap     ] GC(347) Old regions: 57->73
[206.664s][info][gc,heap     ] GC(347) Humongous regions: 3->1
[206.664s][info][gc,metaspace] GC(347) Metaspace: 42131K(42560K)->42131K(42560K) NonClass: 39328K(39616K)->39328K(39616K) Class: 2803K(2944K)->2803K(2944K)
[206.664s][info][gc          ] GC(347) Pause Young (Concurrent Start) (G1 Humongous Allocation) 82M->76M(256M) 18.039ms
[206.664s][info][gc,cpu      ] GC(347) User=0.03s Sys=0.00s Real=0.02s
[206.664s][info][gc          ] GC(348) Concurrent Mark Cycle
[206.666s][info][gc,marking  ] GC(348) Concurrent Scan Root Regions
[206.680s][info][gc,marking  ] GC(348) Concurrent Scan Root Regions 14.403ms
[206.680s][info][gc,marking  ] GC(348) Concurrent Mark
[206.680s][info][gc,marking  ] GC(348) Concurrent Mark From Roots
[206.680s][info][gc,task     ] GC(348) Using 1 workers of 1 for marking
[206.734s][info][gc,marking  ] GC(348) Concurrent Mark From Roots 53.405ms
[206.734s][info][gc,marking  ] GC(348) Concurrent Preclean
[206.734s][info][gc,marking  ] GC(348) Concurrent Preclean 0.040ms
[206.734s][info][gc,start    ] GC(348) Pause Remark
[206.746s][info][gc          ] GC(348) Pause Remark 80M->80M(256M) 12.008ms
[206.746s][info][gc,cpu      ] GC(348) User=0.03s Sys=0.00s Real=0.01s
[206.746s][info][gc,marking  ] GC(348) Concurrent Mark 65.650ms
[206.746s][info][gc,marking  ] GC(348) Concurrent Rebuild Remembered Sets and Scrub Regions
[206.782s][info][gc,marking  ] GC(348) Concurrent Rebuild Remembered Sets and Scrub Regions 35.771ms
[206.782s][info][gc,start    ] GC(348) Pause Cleanup
[206.782s][info][gc          ] GC(348) Pause Cleanup 80M->80M(256M) 0.039ms
[206.782s][info][gc,cpu      ] GC(348) User=0.00s Sys=0.00s Real=0.00s
[206.782s][info][gc,marking  ] GC(348) Concurrent Clear Claimed Marks
[206.782s][info][gc,marking  ] GC(348) Concurrent Clear Claimed Marks 0.031ms
[206.782s][info][gc,marking  ] GC(348) Concurrent Cleanup for Next Mark
[206.783s][info][gc,marking  ] GC(348) Concurrent Cleanup for Next Mark 0.711ms
[206.783s][info][gc          ] GC(348) Concurrent Mark Cycle 119.118ms
[207.233s][info][gc,start    ] GC(349) Pause Young (Prepare Mixed) (G1 Evacuation Pause)
[207.233s][info][gc,task     ] GC(349) Using 2 workers of 2 for evacuation
[207.242s][info][gc,phases   ] GC(349)   Pre Evacuate Collection Set: 0.15ms
[207.242s][info][gc,phases   ] GC(349)   Merge Heap Roots: 0.09ms
[207.242s][info][gc,phases   ] GC(349)   Evacuate Collection Set: 8.58ms
[207.242s][info][gc,phases   ] GC(349)   Post Evacuate Collection Set: 0.40ms
[207.242s][info][gc,phases   ] GC(349)   Other: 0.08ms
[207.242s][info][gc,heap     ] GC(349) Eden regions: 137->0(133)
[207.243s][info][gc,heap     ] GC(349) Survivor regions: 2->9(18)
[207.243s][info][gc,heap     ] GC(349) Old regions: 73->73
[207.243s][info][gc,heap     ] GC(349) Humongous regions: 15->3
[207.243s][info][gc,metaspace] GC(349) Metaspace: 42140K(42560K)->42140K(42560K) NonClass: 39337K(39616K)->39337K(39616K) Class: 2803K(2944K)->2803K(2944K)
[207.243s][info][gc          ] GC(349) Pause Young (Prepare Mixed) (G1 Evacuation Pause) 227M->85M(256M) 9.500ms
[207.243s][info][gc,cpu      ] GC(349) User=0.02s Sys=0.00s Real=0.01s
[207.697s][info][gc,start    ] GC(350) Pause Young (Mixed) (G1 Evacuation Pause)
[207.697s][info][gc,task     ] GC(350) Using 2 workers of 2 for evacuation
[207.712s][info][gc,phases   ] GC(350)   Pre Evacuate Collection Set: 0.18ms
[207.712s][info][gc,phases   ] GC(350)   Merge Heap Roots: 0.19ms
[207.712s][info][gc,phases   ] GC(350)   Evacuate Collection Set: 14.80ms
[207.712s][info][gc,phases   ] GC(350)   Post Evacuate Collection Set: 0.44ms
[207.712s][info][gc,phases   ] GC(350)   Other: 0.08ms
[207.712s][info][gc,heap     ] GC(350) Eden regions: 133->0(139)
[207.712s][info][gc,heap     ] GC(350) Survivor regions: 9->9(18)
[207.712s][info][gc,heap     ] GC(350) Old regions: 73->68
[207.712s][info][gc,heap     ] GC(350) Humongous regions: 13->3
[207.712s][info][gc,metaspace] GC(350) Metaspace: 42140K(42560K)->42140K(42560K) NonClass: 39337K(39616K)->39337K(39616K) Class: 2803K(2944K)->2803K(2944K)
[207.712s][info][gc          ] GC(350) Pause Young (Mixed) (G1 Evacuation Pause) 228M->79M(256M) 15.859ms
[207.712s][info][gc,cpu      ] GC(350) User=0.03s Sys=0.00s Real=0.02s
[207.795s][info][gc,start    ] GC(351) Pause Young (Concurrent Start) (G1 Humongous Allocation)
[207.795s][info][gc,task     ] GC(351) Using 2 workers of 2 for evacuation
[207.799s][info][gc,phases   ] GC(351)   Pre Evacuate Collection Set: 0.16ms
[207.799s][info][gc,phases   ] GC(351)   Merge Heap Roots: 0.05ms
[207.799s][info][gc,phases   ] GC(351)   Evacuate Collection Set: 3.20ms
[207.799s][info][gc,phases   ] GC(351)   Post Evacuate Collection Set: 0.32ms
[207.799s][info][gc,phases   ] GC(351)   Other: 0.08ms
[207.799s][info][gc,heap     ] GC(351) Eden regions: 22->0(149)
[207.799s][info][gc,heap     ] GC(351) Survivor regions: 9->4(19)
[207.799s][info][gc,heap     ] GC(351) Old regions: 68->68
[207.799s][info][gc,heap     ] GC(351) Humongous regions: 3->1
[207.799s][info][gc,metaspace] GC(351) Metaspace: 42140K(42560K)->42140K(42560K) NonClass: 39337K(39616K)->39337K(39616K) Class: 2803K(2944K)->2803K(2944K)
[207.799s][info][gc          ] GC(351) Pause Young (Concurrent Start) (G1 Humongous Allocation) 101M->71M(256M) 3.963ms
[207.799s][info][gc          ] GC(352) Concurrent Mark Cycle
[207.799s][info][gc,marking  ] GC(352) Concurrent Scan Root Regions
[207.800s][info][gc,cpu      ] GC(351) User=0.01s Sys=0.00s Real=0.00s
[207.806s][info][gc,marking  ] GC(352) Concurrent Scan Root Regions 7.204ms
[207.806s][info][gc,marking  ] GC(352) Concurrent Mark
[207.806s][info][gc,marking  ] GC(352) Concurrent Mark From Roots
[207.806s][info][gc,task     ] GC(352) Using 1 workers of 1 for marking
[207.881s][info][gc,marking  ] GC(352) Concurrent Mark From Roots 74.995ms
[207.881s][info][gc,marking  ] GC(352) Concurrent Preclean
[207.881s][info][gc,marking  ] GC(352) Concurrent Preclean 0.041ms
[207.882s][info][gc,start    ] GC(352) Pause Remark
[207.893s][info][gc          ] GC(352) Pause Remark 93M->93M(256M) 11.784ms
[207.893s][info][gc,cpu      ] GC(352) User=0.02s Sys=0.00s Real=0.02s
[207.894s][info][gc,marking  ] GC(352) Concurrent Mark 87.122ms
[207.894s][info][gc,marking  ] GC(352) Concurrent Rebuild Remembered Sets and Scrub Regions
[207.946s][info][gc,marking  ] GC(352) Concurrent Rebuild Remembered Sets and Scrub Regions 52.384ms
[207.946s][info][gc,start    ] GC(352) Pause Cleanup
[207.946s][info][gc          ] GC(352) Pause Cleanup 107M->107M(256M) 0.049ms
[207.946s][info][gc,cpu      ] GC(352) User=0.00s Sys=0.00s Real=0.00s
[207.946s][info][gc,marking  ] GC(352) Concurrent Clear Claimed Marks
[207.946s][info][gc,marking  ] GC(352) Concurrent Clear Claimed Marks 0.035ms
[207.946s][info][gc,marking  ] GC(352) Concurrent Cleanup for Next Mark
[207.947s][info][gc,marking  ] GC(352) Concurrent Cleanup for Next Mark 0.790ms
[207.947s][info][gc          ] GC(352) Concurrent Mark Cycle 147.896ms
[208.366s][info][gc,start    ] GC(353) Pause Young (Prepare Mixed) (G1 Evacuation Pause)
[208.366s][info][gc,task     ] GC(353) Using 2 workers of 2 for evacuation
[208.374s][info][gc,phases   ] GC(353)   Pre Evacuate Collection Set: 0.15ms
[208.374s][info][gc,phases   ] GC(353)   Merge Heap Roots: 0.10ms
[208.374s][info][gc,phases   ] GC(353)   Evacuate Collection Set: 7.69ms
[208.374s][info][gc,phases   ] GC(353)   Post Evacuate Collection Set: 0.42ms
[208.374s][info][gc,phases   ] GC(353)   Other: 0.08ms
[208.374s][info][gc,heap     ] GC(353) Eden regions: 149->0(142)
[208.374s][info][gc,heap     ] GC(353) Survivor regions: 4->11(20)
[208.374s][info][gc,heap     ] GC(353) Old regions: 68->68
[208.374s][info][gc,heap     ] GC(353) Humongous regions: 15->3
[208.374s][info][gc,metaspace] GC(353) Metaspace: 42141K(42560K)->42141K(42560K) NonClass: 39338K(39616K)->39338K(39616K) Class: 2803K(2944K)->2803K(2944K)
[208.374s][info][gc          ] GC(353) Pause Young (Prepare Mixed) (G1 Evacuation Pause) 234M->80M(256M) 8.623ms
[208.374s][info][gc,cpu      ] GC(353) User=0.01s Sys=0.00s Real=0.01s
[208.876s][info][gc,start    ] GC(354) Pause Young (Mixed) (G1 Evacuation Pause)
[208.876s][info][gc,task     ] GC(354) Using 2 workers of 2 for evacuation
[208.908s][info][gc,phases   ] GC(354)   Pre Evacuate Collection Set: 0.16ms
[208.908s][info][gc,phases   ] GC(354)   Merge Heap Roots: 0.17ms
[208.908s][info][gc,phases   ] GC(354)   Evacuate Collection Set: 30.80ms
[208.908s][info][gc,phases   ] GC(354)   Post Evacuate Collection Set: 0.73ms
[208.908s][info][gc,phases   ] GC(354)   Other: 0.07ms
[208.908s][info][gc,heap     ] GC(354) Eden regions: 142->0(126)
[208.908s][info][gc,heap     ] GC(354) Survivor regions: 11->20(20)
[208.908s][info][gc,heap     ] GC(354) Old regions: 68->69
[208.908s][info][gc,heap     ] GC(354) Humongous regions: 3->3
[208.908s][info][gc,metaspace] GC(354) Metaspace: 42142K(42560K)->42142K(42560K) NonClass: 39339K(39616K)->39339K(39616K) Class: 2803K(2944K)->2803K(2944K)
[208.908s][info][gc          ] GC(354) Pause Young (Mixed) (G1 Evacuation Pause) 222M->91M(256M) 32.112ms
[208.908s][info][gc,cpu      ] GC(354) User=0.06s Sys=0.00s Real=0.03s
[209.430s][info][gc,start    ] GC(355) Pause Young (Concurrent Start) (G1 Evacuation Pause)
[209.431s][info][gc,task     ] GC(355) Using 2 workers of 2 for evacuation
[209.457s][info][gc,phases   ] GC(355)   Pre Evacuate Collection Set: 0.16ms
[209.457s][info][gc,phases   ] GC(355)   Merge Heap Roots: 0.14ms
[209.457s][info][gc,phases   ] GC(355)   Evacuate Collection Set: 25.20ms
[209.457s][info][gc,phases   ] GC(355)   Post Evacuate Collection Set: 0.40ms
[209.457s][info][gc,phases   ] GC(355)   Other: 0.10ms
[209.457s][info][gc,heap     ] GC(355) Eden regions: 126->0(121)
[209.457s][info][gc,heap     ] GC(355) Survivor regions: 20->13(19)
[209.457s][info][gc,heap     ] GC(355) Old regions: 69->81
[209.457s][info][gc,heap     ] GC(355) Humongous regions: 3->3
[209.457s][info][gc,metaspace] GC(355) Metaspace: 42143K(42560K)->42143K(42560K) NonClass: 39340K(39616K)->39340K(39616K) Class: 2803K(2944K)->2803K(2944K)
[209.457s][info][gc          ] GC(355) Pause Young (Concurrent Start) (G1 Evacuation Pause) 217M->96M(256M) 26.167ms
[209.457s][info][gc,cpu      ] GC(355) User=0.05s Sys=0.00s Real=0.03s
[209.457s][info][gc          ] GC(356) Concurrent Mark Cycle
[209.457s][info][gc,marking  ] GC(356) Concurrent Scan Root Regions
[209.474s][info][gc,marking  ] GC(356) Concurrent Scan Root Regions 17.072ms
[209.474s][info][gc,marking  ] GC(356) Concurrent Mark
[209.474s][info][gc,marking  ] GC(356) Concurrent Mark From Roots
[209.474s][info][gc,task     ] GC(356) Using 1 workers of 1 for marking
[209.590s][info][gc,marking  ] GC(356) Concurrent Mark From Roots 116.094ms
[209.590s][info][gc,marking  ] GC(356) Concurrent Preclean
[209.590s][info][gc,marking  ] GC(356) Concurrent Preclean 0.044ms
[209.590s][info][gc,start    ] GC(356) Pause Remark
[209.615s][info][gc          ] GC(356) Pause Remark 125M->124M(256M) 24.363ms
[209.615s][info][gc,cpu      ] GC(356) User=0.02s Sys=0.00s Real=0.03s
[209.616s][info][gc,marking  ] GC(356) Concurrent Mark 141.848ms
[209.616s][info][gc,marking  ] GC(356) Concurrent Rebuild Remembered Sets and Scrub Regions
[209.665s][info][gc,marking  ] GC(356) Concurrent Rebuild Remembered Sets and Scrub Regions 49.363ms
[209.665s][info][gc,start    ] GC(356) Pause Cleanup
[209.665s][info][gc          ] GC(356) Pause Cleanup 139M->139M(256M) 0.047ms
[209.665s][info][gc,cpu      ] GC(356) User=0.00s Sys=0.00s Real=0.00s
[209.666s][info][gc,marking  ] GC(356) Concurrent Clear Claimed Marks
[209.666s][info][gc,marking  ] GC(356) Concurrent Clear Claimed Marks 0.048ms
[209.666s][info][gc,marking  ] GC(356) Concurrent Cleanup for Next Mark
[209.667s][info][gc,marking  ] GC(356) Concurrent Cleanup for Next Mark 0.788ms
[209.667s][info][gc          ] GC(356) Concurrent Mark Cycle 210.087ms
[209.907s][info][gc,start    ] GC(357) Pause Young (Prepare Mixed) (G1 Evacuation Pause)
[209.907s][info][gc,task     ] GC(357) Using 2 workers of 2 for evacuation
[209.935s][info][gc,phases   ] GC(357)   Pre Evacuate Collection Set: 0.18ms
[209.935s][info][gc,phases   ] GC(357)   Merge Heap Roots: 0.22ms
[209.935s][info][gc,phases   ] GC(357)   Evacuate Collection Set: 26.36ms
[209.935s][info][gc,phases   ] GC(357)   Post Evacuate Collection Set: 0.41ms
[209.935s][info][gc,phases   ] GC(357)   Other: 0.07ms
[209.935s][info][gc,heap     ] GC(357) Eden regions: 121->0(108)
[209.935s][info][gc,heap     ] GC(357) Survivor regions: 13->16(17)
[209.935s][info][gc,heap     ] GC(357) Old regions: 80->92
[209.935s][info][gc,heap     ] GC(357) Humongous regions: 7->3
[209.935s][info][gc,metaspace] GC(357) Metaspace: 42143K(42560K)->42143K(42560K) NonClass: 39340K(39616K)->39340K(39616K) Class: 2803K(2944K)->2803K(2944K)
[209.935s][info][gc          ] GC(357) Pause Young (Prepare Mixed) (G1 Evacuation Pause) 220M->111M(256M) 27.415ms
[209.935s][info][gc,cpu      ] GC(357) User=0.05s Sys=0.00s Real=0.03s
[210.311s][info][gc,start    ] GC(358) Pause Young (Mixed) (G1 Evacuation Pause)
[210.311s][info][gc,task     ] GC(358) Using 2 workers of 2 for evacuation
[210.323s][info][gc,phases   ] GC(358)   Pre Evacuate Collection Set: 0.17ms
[210.323s][info][gc,phases   ] GC(358)   Merge Heap Roots: 0.10ms
[210.323s][info][gc,phases   ] GC(358)   Evacuate Collection Set: 11.30ms
[210.323s][info][gc,phases   ] GC(358)   Post Evacuate Collection Set: 0.35ms
[210.323s][info][gc,phases   ] GC(358)   Other: 0.08ms
[210.323s][info][gc,heap     ] GC(358) Eden regions: 108->0(119)
[210.323s][info][gc,heap     ] GC(358) Survivor regions: 16->3(16)
[210.323s][info][gc,heap     ] GC(358) Old regions: 92->97
[210.323s][info][gc,heap     ] GC(358) Humongous regions: 9->3
[210.323s][info][gc,metaspace] GC(358) Metaspace: 42143K(42560K)->42143K(42560K) NonClass: 39340K(39616K)->39340K(39616K) Class: 2803K(2944K)->2803K(2944K)
[210.323s][info][gc          ] GC(358) Pause Young (Mixed) (G1 Evacuation Pause) 225M->102M(256M) 12.187ms
[210.323s][info][gc,cpu      ] GC(358) User=0.03s Sys=0.00s Real=0.02s
[210.368s][info][gc,start    ] GC(359) Pause Young (Concurrent Start) (G1 Humongous Allocation)
[210.368s][info][gc,task     ] GC(359) Using 2 workers of 2 for evacuation
[210.370s][info][gc,phases   ] GC(359)   Pre Evacuate Collection Set: 0.15ms
[210.370s][info][gc,phases   ] GC(359)   Merge Heap Roots: 0.04ms
[210.370s][info][gc,phases   ] GC(359)   Evacuate Collection Set: 1.22ms
[210.370s][info][gc,phases   ] GC(359)   Post Evacuate Collection Set: 0.29ms
[210.370s][info][gc,phases   ] GC(359)   Other: 0.07ms
[210.370s][info][gc,heap     ] GC(359) Eden regions: 18->0(124)
[210.370s][info][gc,heap     ] GC(359) Survivor regions: 3->2(16)
[210.370s][info][gc,heap     ] GC(359) Old regions: 97->97
[210.370s][info][gc,heap     ] GC(359) Humongous regions: 3->1
[210.370s][info][gc,metaspace] GC(359) Metaspace: 42143K(42560K)->42143K(42560K) NonClass: 39340K(39616K)->39340K(39616K) Class: 2803K(2944K)->2803K(2944K)
[210.370s][info][gc          ] GC(359) Pause Young (Concurrent Start) (G1 Humongous Allocation) 120M->99M(256M) 1.916ms
[210.370s][info][gc          ] GC(360) Concurrent Mark Cycle
[210.370s][info][gc,marking  ] GC(360) Concurrent Scan Root Regions
[210.370s][info][gc,cpu      ] GC(359) User=0.01s Sys=0.00s Real=0.00s
[210.372s][info][gc,marking  ] GC(360) Concurrent Scan Root Regions 1.271ms
[210.372s][info][gc,marking  ] GC(360) Concurrent Mark
[210.372s][info][gc,marking  ] GC(360) Concurrent Mark From Roots
[210.372s][info][gc,task     ] GC(360) Using 1 workers of 1 for marking
[210.428s][info][gc,marking  ] GC(360) Concurrent Mark From Roots 56.582ms
[210.428s][info][gc,marking  ] GC(360) Concurrent Preclean
[210.428s][info][gc,marking  ] GC(360) Concurrent Preclean 0.055ms
[210.428s][info][gc,start    ] GC(360) Pause Remark
[210.449s][info][gc          ] GC(360) Pause Remark 115M->102M(256M) 20.550ms
[210.449s][info][gc,cpu      ] GC(360) User=0.03s Sys=0.00s Real=0.02s
[210.449s][info][gc,marking  ] GC(360) Concurrent Mark 77.379ms
[210.449s][info][gc,marking  ] GC(360) Concurrent Rebuild Remembered Sets and Scrub Regions
[210.485s][info][gc,marking  ] GC(360) Concurrent Rebuild Remembered Sets and Scrub Regions 36.040ms
[210.485s][info][gc,start    ] GC(360) Pause Cleanup
[210.485s][info][gc          ] GC(360) Pause Cleanup 108M->108M(256M) 0.053ms
[210.485s][info][gc,cpu      ] GC(360) User=0.00s Sys=0.00s Real=0.00s
[210.486s][info][gc,marking  ] GC(360) Concurrent Clear Claimed Marks
[210.486s][info][gc,marking  ] GC(360) Concurrent Clear Claimed Marks 0.044ms
[210.486s][info][gc,marking  ] GC(360) Concurrent Cleanup for Next Mark
[210.487s][info][gc,marking  ] GC(360) Concurrent Cleanup for Next Mark 1.154ms
[210.487s][info][gc          ] GC(360) Concurrent Mark Cycle 116.645ms
[210.839s][info][gc,start    ] GC(361) Pause Young (Prepare Mixed) (G1 Evacuation Pause)
[210.839s][info][gc,task     ] GC(361) Using 2 workers of 2 for evacuation
[210.846s][info][gc,phases   ] GC(361)   Pre Evacuate Collection Set: 0.24ms
[210.846s][info][gc,phases   ] GC(361)   Merge Heap Roots: 0.10ms
[210.846s][info][gc,phases   ] GC(361)   Evacuate Collection Set: 6.11ms
[210.846s][info][gc,phases   ] GC(361)   Post Evacuate Collection Set: 0.64ms
[210.846s][info][gc,phases   ] GC(361)   Other: 0.07ms
[210.846s][info][gc,heap     ] GC(361) Eden regions: 124->0(159)
[210.846s][info][gc,heap     ] GC(361) Survivor regions: 2->8(16)
[210.846s][info][gc,heap     ] GC(361) Old regions: 83->83
[210.846s][info][gc,heap     ] GC(361) Humongous regions: 7->3
[210.846s][info][gc,metaspace] GC(361) Metaspace: 42143K(42560K)->42143K(42560K) NonClass: 39340K(39616K)->39340K(39616K) Class: 2803K(2944K)->2803K(2944K)
[210.846s][info][gc          ] GC(361) Pause Young (Prepare Mixed) (G1 Evacuation Pause) 215M->93M(293M) 7.322ms
[210.846s][info][gc,cpu      ] GC(361) User=0.01s Sys=0.00s Real=0.01s
[211.450s][info][gc,start    ] GC(362) Pause Young (Mixed) (G1 Evacuation Pause)
[211.450s][info][gc,task     ] GC(362) Using 2 workers of 2 for evacuation
[211.455s][info][gc,phases   ] GC(362)   Pre Evacuate Collection Set: 0.21ms
[211.455s][info][gc,phases   ] GC(362)   Merge Heap Roots: 0.19ms
[211.455s][info][gc,phases   ] GC(362)   Evacuate Collection Set: 4.45ms
[211.455s][info][gc,phases   ] GC(362)   Post Evacuate Collection Set: 0.41ms
[211.455s][info][gc,phases   ] GC(362)   Other: 0.09ms
[211.455s][info][gc,heap     ] GC(362) Eden regions: 159->0(171)
[211.455s][info][gc,heap     ] GC(362) Survivor regions: 8->4(21)
[211.455s][info][gc,heap     ] GC(362) Old regions: 83->54
[211.455s][info][gc,heap     ] GC(362) Humongous regions: 7->3
[211.455s][info][gc,metaspace] GC(362) Metaspace: 42144K(42560K)->42144K(42560K) NonClass: 39341K(39616K)->39341K(39616K) Class: 2803K(2944K)->2803K(2944K)
[211.455s][info][gc          ] GC(362) Pause Young (Mixed) (G1 Evacuation Pause) 256M->60M(293M) 5.510ms
[211.455s][info][gc,cpu      ] GC(362) User=0.01s Sys=0.00s Real=0.01s
[212.001s][info][gc,start    ] GC(363) Pause Young (Mixed) (G1 Evacuation Pause)
[212.001s][info][gc,task     ] GC(363) Using 2 workers of 2 for evacuation
[212.015s][info][gc,phases   ] GC(363)   Pre Evacuate Collection Set: 0.22ms
[212.015s][info][gc,phases   ] GC(363)   Merge Heap Roots: 0.08ms
[212.015s][info][gc,phases   ] GC(363)   Evacuate Collection Set: 12.63ms
[212.015s][info][gc,phases   ] GC(363)   Post Evacuate Collection Set: 0.42ms
[212.015s][info][gc,phases   ] GC(363)   Other: 0.09ms
[212.015s][info][gc,heap     ] GC(363) Eden regions: 171->0(162)
[212.015s][info][gc,heap     ] GC(363) Survivor regions: 4->13(22)
[212.015s][info][gc,heap     ] GC(363) Old regions: 54->48
[212.015s][info][gc,heap     ] GC(363) Humongous regions: 9->3
[212.015s][info][gc,metaspace] GC(363) Metaspace: 42144K(42560K)->42144K(42560K) NonClass: 39341K(39616K)->39341K(39616K) Class: 2803K(2944K)->2803K(2944K)
[212.015s][info][gc          ] GC(363) Pause Young (Mixed) (G1 Evacuation Pause) 237M->63M(293M) 13.612ms
[212.015s][info][gc,cpu      ] GC(363) User=0.02s Sys=0.00s Real=0.02s
[212.234s][info][gc,start    ] GC(364) Pause Young (Concurrent Start) (G1 Humongous Allocation)
[212.234s][info][gc,task     ] GC(364) Using 2 workers of 2 for evacuation
[212.238s][info][gc,phases   ] GC(364)   Pre Evacuate Collection Set: 0.18ms
[212.238s][info][gc,phases   ] GC(364)   Merge Heap Roots: 0.07ms
[212.238s][info][gc,phases   ] GC(364)   Evacuate Collection Set: 3.25ms
[212.238s][info][gc,phases   ] GC(364)   Post Evacuate Collection Set: 0.32ms
[212.238s][info][gc,phases   ] GC(364)   Other: 0.09ms
[212.238s][info][gc,heap     ] GC(364) Eden regions: 58->0(173)
[212.238s][info][gc,heap     ] GC(364) Survivor regions: 13->2(22)
[212.238s][info][gc,heap     ] GC(364) Old regions: 48->50
[212.238s][info][gc,heap     ] GC(364) Humongous regions: 3->1
[212.238s][info][gc,metaspace] GC(364) Metaspace: 42144K(42560K)->42144K(42560K) NonClass: 39341K(39616K)->39341K(39616K) Class: 2803K(2944K)->2803K(2944K)
[212.238s][info][gc          ] GC(364) Pause Young (Concurrent Start) (G1 Humongous Allocation) 121M->53M(293M) 4.059ms
[212.238s][info][gc          ] GC(365) Concurrent Mark Cycle
[212.238s][info][gc,marking  ] GC(365) Concurrent Scan Root Regions
[212.240s][info][gc,cpu      ] GC(364) User=0.01s Sys=0.00s Real=0.00s
[212.244s][info][gc,marking  ] GC(365) Concurrent Scan Root Regions 5.912ms
[212.244s][info][gc,marking  ] GC(365) Concurrent Mark
[212.244s][info][gc,marking  ] GC(365) Concurrent Mark From Roots
[212.244s][info][gc,task     ] GC(365) Using 1 workers of 1 for marking
[212.309s][info][gc,marking  ] GC(365) Concurrent Mark From Roots 64.979ms
[212.309s][info][gc,marking  ] GC(365) Concurrent Preclean
[212.309s][info][gc,marking  ] GC(365) Concurrent Preclean 0.056ms
[212.309s][info][gc,start    ] GC(365) Pause Remark
[212.322s][info][gc          ] GC(365) Pause Remark 71M->71M(256M) 12.838ms
[212.322s][info][gc,cpu      ] GC(365) User=0.02s Sys=0.00s Real=0.01s
[212.322s][info][gc,marking  ] GC(365) Concurrent Mark 78.727ms
[212.322s][info][gc,marking  ] GC(365) Concurrent Rebuild Remembered Sets and Scrub Regions
[212.345s][info][gc,marking  ] GC(365) Concurrent Rebuild Remembered Sets and Scrub Regions 22.346ms
[212.345s][info][gc,start    ] GC(365) Pause Cleanup
[212.345s][info][gc          ] GC(365) Pause Cleanup 80M->80M(256M) 0.062ms
[212.345s][info][gc,cpu      ] GC(365) User=0.00s Sys=0.00s Real=0.00s
[212.345s][info][gc,marking  ] GC(365) Concurrent Clear Claimed Marks
[212.345s][info][gc,marking  ] GC(365) Concurrent Clear Claimed Marks 0.034ms
[212.345s][info][gc,marking  ] GC(365) Concurrent Cleanup for Next Mark
[212.350s][info][gc,marking  ] GC(365) Concurrent Cleanup for Next Mark 4.762ms
[212.350s][info][gc          ] GC(365) Concurrent Mark Cycle 112.129ms
[212.832s][info][gc,start    ] GC(366) Pause Young (Prepare Mixed) (G1 Evacuation Pause)
[212.832s][info][gc,task     ] GC(366) Using 2 workers of 2 for evacuation
[212.850s][info][gc,phases   ] GC(366)   Pre Evacuate Collection Set: 0.18ms
[212.850s][info][gc,phases   ] GC(366)   Merge Heap Roots: 0.07ms
[212.850s][info][gc,phases   ] GC(366)   Evacuate Collection Set: 16.00ms
[212.850s][info][gc,phases   ] GC(366)   Post Evacuate Collection Set: 0.91ms
[212.850s][info][gc,phases   ] GC(366)   Other: 0.13ms
[212.850s][info][gc,heap     ] GC(366) Eden regions: 151->0(150)
[212.850s][info][gc,heap     ] GC(366) Survivor regions: 2->3(20)
[212.850s][info][gc,heap     ] GC(366) Old regions: 50->50
[212.850s][info][gc,heap     ] GC(366) Humongous regions: 7->1
[212.850s][info][gc,metaspace] GC(366) Metaspace: 42144K(42560K)->42144K(42560K) NonClass: 39341K(39616K)->39341K(39616K) Class: 2803K(2944K)->2803K(2944K)
[212.850s][info][gc          ] GC(366) Pause Young (Prepare Mixed) (G1 Evacuation Pause) 210M->53M(256M) 17.466ms
[212.850s][info][gc,cpu      ] GC(366) User=0.02s Sys=0.00s Real=0.01s
[213.233s][info][gc,start    ] GC(367) Pause Young (Mixed) (G1 Evacuation Pause)
[213.233s][info][gc,task     ] GC(367) Using 2 workers of 2 for evacuation
[213.269s][info][gc,phases   ] GC(367)   Pre Evacuate Collection Set: 0.21ms
[213.270s][info][gc,phases   ] GC(367)   Merge Heap Roots: 0.09ms
[213.270s][info][gc,phases   ] GC(367)   Evacuate Collection Set: 35.46ms
[213.270s][info][gc,phases   ] GC(367)   Post Evacuate Collection Set: 0.51ms
[213.270s][info][gc,phases   ] GC(367)   Other: 0.09ms
[213.270s][info][gc,heap     ] GC(367) Eden regions: 150->0(123)
[213.270s][info][gc,heap     ] GC(367) Survivor regions: 3->20(20)
[213.270s][info][gc,heap     ] GC(367) Old regions: 50->67
[213.270s][info][gc,heap     ] GC(367) Humongous regions: 3->3
[213.270s][info][gc,metaspace] GC(367) Metaspace: 42144K(42560K)->42144K(42560K) NonClass: 39341K(39616K)->39341K(39616K) Class: 2803K(2944K)->2803K(2944K)
[213.270s][info][gc          ] GC(367) Pause Young (Mixed) (G1 Evacuation Pause) 205M->90M(256M) 36.525ms
[213.270s][info][gc,cpu      ] GC(367) User=0.07s Sys=0.00s Real=0.03s
[213.786s][info][gc,start    ] GC(368) Pause Young (Concurrent Start) (G1 Evacuation Pause)
[213.786s][info][gc,task     ] GC(368) Using 2 workers of 2 for evacuation
[213.842s][info][gc,phases   ] GC(368)   Pre Evacuate Collection Set: 0.18ms
[213.842s][info][gc,phases   ] GC(368)   Merge Heap Roots: 0.21ms
[213.842s][info][gc,phases   ] GC(368)   Evacuate Collection Set: 55.07ms
[213.842s][info][gc,phases   ] GC(368)   Post Evacuate Collection Set: 0.43ms
[213.842s][info][gc,phases   ] GC(368)   Other: 0.08ms
[213.842s][info][gc,heap     ] GC(368) Eden regions: 123->0(98)
[213.842s][info][gc,heap     ] GC(368) Survivor regions: 20->18(18)
[213.842s][info][gc,heap     ] GC(368) Old regions: 67->97
[213.842s][info][gc,heap     ] GC(368) Humongous regions: 3->3
[213.842s][info][gc,metaspace] GC(368) Metaspace: 42144K(42560K)->42144K(42560K) NonClass: 39341K(39616K)->39341K(39616K) Class: 2803K(2944K)->2803K(2944K)
[213.842s][info][gc          ] GC(368) Pause Young (Concurrent Start) (G1 Evacuation Pause) 213M->117M(261M) 56.150ms
[213.842s][info][gc,cpu      ] GC(368) User=0.11s Sys=0.01s Real=0.06s
[213.842s][info][gc          ] GC(369) Concurrent Mark Cycle
[213.842s][info][gc,marking  ] GC(369) Concurrent Scan Root Regions
[213.890s][info][gc,marking  ] GC(369) Concurrent Scan Root Regions 47.963ms
[213.890s][info][gc,marking  ] GC(369) Concurrent Mark
[213.890s][info][gc,marking  ] GC(369) Concurrent Mark From Roots
[213.890s][info][gc,task     ] GC(369) Using 1 workers of 1 for marking
[213.980s][info][gc,marking  ] GC(369) Concurrent Mark From Roots 89.202ms
[213.980s][info][gc,marking  ] GC(369) Concurrent Preclean
[213.980s][info][gc,marking  ] GC(369) Concurrent Preclean 0.040ms
[213.980s][info][gc,start    ] GC(369) Pause Remark
[213.992s][info][gc          ] GC(369) Pause Remark 142M->142M(261M) 11.914ms
[213.992s][info][gc,cpu      ] GC(369) User=0.02s Sys=0.00s Real=0.01s
[213.992s][info][gc,marking  ] GC(369) Concurrent Mark 101.408ms
[213.992s][info][gc,marking  ] GC(369) Concurrent Rebuild Remembered Sets and Scrub Regions
[214.046s][info][gc,marking  ] GC(369) Concurrent Rebuild Remembered Sets and Scrub Regions 54.313ms
[214.046s][info][gc,start    ] GC(369) Pause Cleanup
[214.046s][info][gc          ] GC(369) Pause Cleanup 150M->150M(261M) 0.042ms
[214.046s][info][gc,cpu      ] GC(369) User=0.00s Sys=0.00s Real=0.00s
[214.046s][info][gc,marking  ] GC(369) Concurrent Clear Claimed Marks
[214.046s][info][gc,marking  ] GC(369) Concurrent Clear Claimed Marks 0.037ms
[214.046s][info][gc,marking  ] GC(369) Concurrent Cleanup for Next Mark
[214.047s][info][gc,marking  ] GC(369) Concurrent Cleanup for Next Mark 0.832ms
[214.047s][info][gc          ] GC(369) Concurrent Mark Cycle 204.868ms
[214.337s][info][gc,start    ] GC(370) Pause Young (Prepare Mixed) (G1 Evacuation Pause)
[214.337s][info][gc,task     ] GC(370) Using 2 workers of 2 for evacuation
[214.388s][info][gc,phases   ] GC(370)   Pre Evacuate Collection Set: 0.16ms
[214.388s][info][gc,phases   ] GC(370)   Merge Heap Roots: 0.32ms
[214.388s][info][gc,phases   ] GC(370)   Evacuate Collection Set: 49.81ms
[214.388s][info][gc,phases   ] GC(370)   Post Evacuate Collection Set: 0.42ms
[214.388s][info][gc,phases   ] GC(370)   Other: 0.08ms
[214.388s][info][gc,heap     ] GC(370) Eden regions: 98->0(74)
[214.388s][info][gc,heap     ] GC(370) Survivor regions: 18->15(15)
[214.388s][info][gc,heap     ] GC(370) Old regions: 97->127
[214.388s][info][gc,heap     ] GC(370) Humongous regions: 3->3
[214.388s][info][gc,metaspace] GC(370) Metaspace: 42144K(42560K)->42144K(42560K) NonClass: 39341K(39616K)->39341K(39616K) Class: 2803K(2944K)->2803K(2944K)
[214.388s][info][gc          ] GC(370) Pause Young (Prepare Mixed) (G1 Evacuation Pause) 215M->145M(261M) 50.981ms
[214.388s][info][gc,cpu      ] GC(370) User=0.10s Sys=0.00s Real=0.05s
[214.719s][info][gc,start    ] GC(371) Pause Young (Mixed) (G1 Evacuation Pause)
[214.719s][info][gc,task     ] GC(371) Using 2 workers of 2 for evacuation
[214.762s][info][gc,phases   ] GC(371)   Pre Evacuate Collection Set: 0.18ms
[214.762s][info][gc,phases   ] GC(371)   Merge Heap Roots: 0.24ms
[214.762s][info][gc,phases   ] GC(371)   Evacuate Collection Set: 42.67ms
[214.762s][info][gc,phases   ] GC(371)   Post Evacuate Collection Set: 0.36ms
[214.762s][info][gc,phases   ] GC(371)   Other: 0.07ms
[214.762s][info][gc,heap     ] GC(371) Eden regions: 74->0(58)
[214.762s][info][gc,heap     ] GC(371) Survivor regions: 15->12(12)
[214.762s][info][gc,heap     ] GC(371) Old regions: 127->150
[214.762s][info][gc,heap     ] GC(371) Humongous regions: 3->3
[214.763s][info][gc,metaspace] GC(371) Metaspace: 42144K(42560K)->42144K(42560K) NonClass: 39341K(39616K)->39341K(39616K) Class: 2803K(2944K)->2803K(2944K)
[214.763s][info][gc          ] GC(371) Pause Young (Mixed) (G1 Evacuation Pause) 219M->164M(261M) 43.681ms
[214.763s][info][gc,cpu      ] GC(371) User=0.09s Sys=0.00s Real=0.05s
[214.939s][info][gc,start    ] GC(372) Pause Young (Concurrent Start) (G1 Humongous Allocation)
[214.939s][info][gc,task     ] GC(372) Using 2 workers of 2 for evacuation
[214.965s][info][gc,phases   ] GC(372)   Pre Evacuate Collection Set: 0.16ms
[214.965s][info][gc,phases   ] GC(372)   Merge Heap Roots: 0.16ms
[214.965s][info][gc,phases   ] GC(372)   Evacuate Collection Set: 24.92ms
[214.965s][info][gc,phases   ] GC(372)   Post Evacuate Collection Set: 0.33ms
[214.965s][info][gc,phases   ] GC(372)   Other: 0.09ms
[214.965s][info][gc,heap     ] GC(372) Eden regions: 38->0(53)
[214.965s][info][gc,heap     ] GC(372) Survivor regions: 12->9(9)
[214.965s][info][gc,heap     ] GC(372) Old regions: 150->163
[214.965s][info][gc,heap     ] GC(372) Humongous regions: 3->1
[214.965s][info][gc,metaspace] GC(372) Metaspace: 42144K(42560K)->42144K(42560K) NonClass: 39341K(39616K)->39341K(39616K) Class: 2803K(2944K)->2803K(2944K)
[214.965s][info][gc          ] GC(372) Pause Young (Concurrent Start) (G1 Humongous Allocation) 202M->173M(261M) 25.839ms
[214.965s][info][gc,cpu      ] GC(372) User=0.05s Sys=0.00s Real=0.03s
[214.965s][info][gc          ] GC(373) Concurrent Mark Cycle
[214.965s][info][gc,marking  ] GC(373) Concurrent Scan Root Regions
[215.002s][info][gc,marking  ] GC(373) Concurrent Scan Root Regions 36.343ms
[215.002s][info][gc,marking  ] GC(373) Concurrent Mark
[215.002s][info][gc,marking  ] GC(373) Concurrent Mark From Roots
[215.002s][info][gc,task     ] GC(373) Using 1 workers of 1 for marking
[215.120s][info][gc,marking  ] GC(373) Concurrent Mark From Roots 118.133ms
[215.120s][info][gc,marking  ] GC(373) Concurrent Preclean
[215.120s][info][gc,marking  ] GC(373) Concurrent Preclean 0.039ms
[215.120s][info][gc,start    ] GC(373) Pause Remark
[215.132s][info][gc          ] GC(373) Pause Remark 218M->218M(292M) 12.298ms
[215.132s][info][gc,cpu      ] GC(373) User=0.02s Sys=0.01s Real=0.02s
[215.135s][info][gc,marking  ] GC(373) Concurrent Mark 133.257ms
[215.135s][info][gc,marking  ] GC(373) Concurrent Rebuild Remembered Sets and Scrub Regions
[215.188s][info][gc,start    ] GC(374) Pause Young (Normal) (G1 Evacuation Pause)
[215.188s][info][gc,task     ] GC(374) Using 2 workers of 2 for evacuation
[215.211s][info][gc,phases   ] GC(374)   Pre Evacuate Collection Set: 0.14ms
[215.211s][info][gc,phases   ] GC(374)   Merge Heap Roots: 0.12ms
[215.211s][info][gc,phases   ] GC(374)   Evacuate Collection Set: 21.78ms
[215.211s][info][gc,phases   ] GC(374)   Post Evacuate Collection Set: 1.10ms
[215.211s][info][gc,phases   ] GC(374)   Other: 0.09ms
[215.211s][info][gc,heap     ] GC(374) Eden regions: 53->0(140)
[215.211s][info][gc,heap     ] GC(374) Survivor regions: 9->8(8)
[215.211s][info][gc,heap     ] GC(374) Old regions: 163->174
[215.211s][info][gc,heap     ] GC(374) Humongous regions: 3->3
[215.211s][info][gc,metaspace] GC(374) Metaspace: 42144K(42560K)->42144K(42560K) NonClass: 39341K(39616K)->39341K(39616K) Class: 2803K(2944K)->2803K(2944K)
[215.211s][info][gc          ] GC(374) Pause Young (Normal) (G1 Evacuation Pause) 228M->185M(400M) 23.404ms
[215.211s][info][gc,cpu      ] GC(374) User=0.04s Sys=0.01s Real=0.02s
[215.228s][info][gc,marking  ] GC(373) Concurrent Rebuild Remembered Sets and Scrub Regions 93.364ms
[215.229s][info][gc,start    ] GC(373) Pause Cleanup
[215.229s][info][gc          ] GC(373) Pause Cleanup 188M->188M(400M) 0.094ms
[215.229s][info][gc,cpu      ] GC(373) User=0.00s Sys=0.00s Real=0.00s
[215.229s][info][gc,marking  ] GC(373) Concurrent Clear Claimed Marks
[215.229s][info][gc,marking  ] GC(373) Concurrent Clear Claimed Marks 0.041ms
[215.229s][info][gc,marking  ] GC(373) Concurrent Cleanup for Next Mark
[215.231s][info][gc,marking  ] GC(373) Concurrent Cleanup for Next Mark 2.550ms
[215.231s][info][gc          ] GC(373) Concurrent Mark Cycle 265.980ms
[215.830s][info][gc,start    ] GC(375) Pause Young (Prepare Mixed) (G1 Evacuation Pause)
[215.830s][info][gc,task     ] GC(375) Using 2 workers of 2 for evacuation
[215.859s][info][gc,phases   ] GC(375)   Pre Evacuate Collection Set: 0.26ms
[215.859s][info][gc,phases   ] GC(375)   Merge Heap Roots: 0.21ms
[215.859s][info][gc,phases   ] GC(375)   Evacuate Collection Set: 27.45ms
[215.859s][info][gc,phases   ] GC(375)   Post Evacuate Collection Set: 0.45ms
[215.859s][info][gc,phases   ] GC(375)   Other: 0.10ms
[215.859s][info][gc,heap     ] GC(375) Eden regions: 140->0(135)
[215.859s][info][gc,heap     ] GC(375) Survivor regions: 8->19(19)
[215.859s][info][gc,heap     ] GC(375) Old regions: 174->176
[215.859s][info][gc,heap     ] GC(375) Humongous regions: 7->3
[215.859s][info][gc,metaspace] GC(375) Metaspace: 42145K(42560K)->42145K(42560K) NonClass: 39342K(39616K)->39342K(39616K) Class: 2803K(2944K)->2803K(2944K)
[215.859s][info][gc          ] GC(375) Pause Young (Prepare Mixed) (G1 Evacuation Pause) 329M->197M(400M) 28.651ms
[215.859s][info][gc,cpu      ] GC(375) User=0.05s Sys=0.01s Real=0.03s
[216.327s][info][gc,start    ] GC(376) Pause Young (Mixed) (G1 Evacuation Pause)
[216.327s][info][gc,task     ] GC(376) Using 2 workers of 2 for evacuation
[216.360s][info][gc,phases   ] GC(376)   Pre Evacuate Collection Set: 0.22ms
[216.360s][info][gc,phases   ] GC(376)   Merge Heap Roots: 0.22ms
[216.360s][info][gc,phases   ] GC(376)   Evacuate Collection Set: 31.83ms
[216.360s][info][gc,phases   ] GC(376)   Post Evacuate Collection Set: 0.57ms
[216.360s][info][gc,phases   ] GC(376)   Other: 0.08ms
[216.360s][info][gc,heap     ] GC(376) Eden regions: 135->0(160)
[216.360s][info][gc,heap     ] GC(376) Survivor regions: 19->12(20)
[216.360s][info][gc,heap     ] GC(376) Old regions: 176->155
[216.360s][info][gc,heap     ] GC(376) Humongous regions: 11->3
[216.360s][info][gc,metaspace] GC(376) Metaspace: 42157K(42560K)->42157K(42560K) NonClass: 39354K(39616K)->39354K(39616K) Class: 2803K(2944K)->2803K(2944K)
[216.360s][info][gc          ] GC(376) Pause Young (Mixed) (G1 Evacuation Pause) 340M->170M(400M) 33.133ms
[216.360s][info][gc,cpu      ] GC(376) User=0.07s Sys=0.00s Real=0.03s
[216.861s][info][gc,start    ] GC(377) Pause Young (Mixed) (G1 Evacuation Pause)
[216.861s][info][gc,task     ] GC(377) Using 2 workers of 2 for evacuation
[216.893s][info][gc,phases   ] GC(377)   Pre Evacuate Collection Set: 0.24ms
[216.893s][info][gc,phases   ] GC(377)   Merge Heap Roots: 0.39ms
[216.893s][info][gc,phases   ] GC(377)   Evacuate Collection Set: 31.19ms
[216.893s][info][gc,phases   ] GC(377)   Post Evacuate Collection Set: 0.50ms
[216.893s][info][gc,phases   ] GC(377)   Other: 0.07ms
[216.893s][info][gc,heap     ] GC(377) Eden regions: 160->0(184)
[216.893s][info][gc,heap     ] GC(377) Survivor regions: 12->6(22)
[216.893s][info][gc,heap     ] GC(377) Old regions: 155->138
[216.893s][info][gc,heap     ] GC(377) Humongous regions: 5->3
[216.893s][info][gc,metaspace] GC(377) Metaspace: 42158K(42560K)->42158K(42560K) NonClass: 39355K(39616K)->39355K(39616K) Class: 2803K(2944K)->2803K(2944K)
[216.893s][info][gc          ] GC(377) Pause Young (Mixed) (G1 Evacuation Pause) 332M->146M(400M) 32.576ms
[216.893s][info][gc,cpu      ] GC(377) User=0.07s Sys=0.00s Real=0.04s
[217.471s][info][gc,start    ] GC(378) Pause Young (Mixed) (G1 Evacuation Pause)
[217.471s][info][gc,task     ] GC(378) Using 2 workers of 2 for evacuation
[217.487s][info][gc,phases   ] GC(378)   Pre Evacuate Collection Set: 0.20ms
[217.487s][info][gc,phases   ] GC(378)   Merge Heap Roots: 0.35ms
[217.487s][info][gc,phases   ] GC(378)   Evacuate Collection Set: 14.24ms
[217.487s][info][gc,phases   ] GC(378)   Post Evacuate Collection Set: 0.42ms
[217.487s][info][gc,phases   ] GC(378)   Other: 0.07ms
[217.487s][info][gc,heap     ] GC(378) Eden regions: 184->0(196)
[217.487s][info][gc,heap     ] GC(378) Survivor regions: 6->5(24)
[217.487s][info][gc,heap     ] GC(378) Old regions: 138->135
[217.487s][info][gc,heap     ] GC(378) Humongous regions: 4->3
[217.487s][info][gc,metaspace] GC(378) Metaspace: 42159K(42560K)->42159K(42560K) NonClass: 39356K(39616K)->39356K(39616K) Class: 2803K(2944K)->2803K(2944K)
[217.487s][info][gc          ] GC(378) Pause Young (Mixed) (G1 Evacuation Pause) 331M->142M(400M) 15.451ms
[217.487s][info][gc,cpu      ] GC(378) User=0.03s Sys=0.00s Real=0.02s
[217.593s][info][gc,start    ] GC(379) Pause Young (Concurrent Start) (G1 Humongous Allocation)
[217.593s][info][gc,task     ] GC(379) Using 2 workers of 2 for evacuation
[217.598s][info][gc,phases   ] GC(379)   Pre Evacuate Collection Set: 0.21ms
[217.598s][info][gc,phases   ] GC(379)   Merge Heap Roots: 0.04ms
[217.598s][info][gc,phases   ] GC(379)   Evacuate Collection Set: 4.13ms
[217.598s][info][gc,phases   ] GC(379)   Post Evacuate Collection Set: 0.32ms
[217.598s][info][gc,phases   ] GC(379)   Other: 0.08ms
[217.598s][info][gc,heap     ] GC(379) Eden regions: 37->0(204)
[217.598s][info][gc,heap     ] GC(379) Survivor regions: 5->6(26)
[217.598s][info][gc,heap     ] GC(379) Old regions: 135->135
[217.598s][info][gc,heap     ] GC(379) Humongous regions: 3->3
[217.598s][info][gc,metaspace] GC(379) Metaspace: 42159K(42560K)->42159K(42560K) NonClass: 39356K(39616K)->39356K(39616K) Class: 2803K(2944K)->2803K(2944K)
[217.598s][info][gc          ] GC(379) Pause Young (Concurrent Start) (G1 Humongous Allocation) 179M->143M(400M) 4.950ms
[217.598s][info][gc,cpu      ] GC(379) User=0.01s Sys=0.00s Real=0.00s
[217.598s][info][gc          ] GC(380) Concurrent Mark Cycle
[217.598s][info][gc,marking  ] GC(380) Concurrent Scan Root Regions
[217.603s][info][gc,marking  ] GC(380) Concurrent Scan Root Regions 5.029ms
[217.603s][info][gc,marking  ] GC(380) Concurrent Mark
[217.603s][info][gc,marking  ] GC(380) Concurrent Mark From Roots
[217.603s][info][gc,task     ] GC(380) Using 1 workers of 1 for marking
[217.673s][info][gc,marking  ] GC(380) Concurrent Mark From Roots 69.523ms
[217.673s][info][gc,marking  ] GC(380) Concurrent Preclean
[217.673s][info][gc,marking  ] GC(380) Concurrent Preclean 0.054ms
[217.673s][info][gc,start    ] GC(380) Pause Remark
[217.685s][info][gc          ] GC(380) Pause Remark 162M->140M(400M) 11.779ms
[217.685s][info][gc,cpu      ] GC(380) User=0.02s Sys=0.00s Real=0.01s
[217.685s][info][gc,marking  ] GC(380) Concurrent Mark 81.739ms
[217.685s][info][gc,marking  ] GC(380) Concurrent Rebuild Remembered Sets and Scrub Regions
[217.712s][info][gc,marking  ] GC(380) Concurrent Rebuild Remembered Sets and Scrub Regions 26.517ms
[217.712s][info][gc,start    ] GC(380) Pause Cleanup
[217.712s][info][gc          ] GC(380) Pause Cleanup 149M->149M(400M) 0.062ms
[217.712s][info][gc,cpu      ] GC(380) User=0.00s Sys=0.00s Real=0.00s
[217.712s][info][gc,marking  ] GC(380) Concurrent Clear Claimed Marks
[217.712s][info][gc,marking  ] GC(380) Concurrent Clear Claimed Marks 0.034ms
[217.712s][info][gc,marking  ] GC(380) Concurrent Cleanup for Next Mark
[217.713s][info][gc,marking  ] GC(380) Concurrent Cleanup for Next Mark 1.152ms
[217.713s][info][gc          ] GC(380) Concurrent Mark Cycle 114.821ms
[218.273s][info][gc,start    ] GC(381) Pause Young (Prepare Mixed) (G1 Evacuation Pause)
[218.274s][info][gc,task     ] GC(381) Using 2 workers of 2 for evacuation
[218.306s][info][gc,phases   ] GC(381)   Pre Evacuate Collection Set: 0.20ms
[218.306s][info][gc,phases   ] GC(381)   Merge Heap Roots: 0.07ms
[218.306s][info][gc,phases   ] GC(381)   Evacuate Collection Set: 31.79ms
[218.306s][info][gc,phases   ] GC(381)   Post Evacuate Collection Set: 0.55ms
[218.306s][info][gc,phases   ] GC(381)   Other: 0.08ms
[218.306s][info][gc,heap     ] GC(381) Eden regions: 204->0(152)
[218.306s][info][gc,heap     ] GC(381) Survivor regions: 6->27(27)
[218.306s][info][gc,heap     ] GC(381) Old regions: 113->140
[218.306s][info][gc,heap     ] GC(381) Humongous regions: 4->3
[218.306s][info][gc,metaspace] GC(381) Metaspace: 42160K(42560K)->42160K(42560K) NonClass: 39357K(39616K)->39357K(39616K) Class: 2803K(2944K)->2803K(2944K)
[218.306s][info][gc          ] GC(381) Pause Young (Prepare Mixed) (G1 Evacuation Pause) 326M->170M(400M) 32.874ms
[218.306s][info][gc,cpu      ] GC(381) User=0.07s Sys=0.00s Real=0.03s
[218.830s][info][gc,start    ] GC(382) Pause Young (Mixed) (G1 Evacuation Pause)
[218.830s][info][gc,task     ] GC(382) Using 2 workers of 2 for evacuation
[218.869s][info][gc,phases   ] GC(382)   Pre Evacuate Collection Set: 0.20ms
[218.869s][info][gc,phases   ] GC(382)   Merge Heap Roots: 0.25ms
[218.869s][info][gc,phases   ] GC(382)   Evacuate Collection Set: 38.33ms
[218.869s][info][gc,phases   ] GC(382)   Post Evacuate Collection Set: 0.45ms
[218.869s][info][gc,phases   ] GC(382)   Other: 0.08ms
[218.869s][info][gc,heap     ] GC(382) Eden regions: 152->0(161)
[218.869s][info][gc,heap     ] GC(382) Survivor regions: 27->23(23)
[218.869s][info][gc,heap     ] GC(382) Old regions: 140->130
[218.869s][info][gc,heap     ] GC(382) Humongous regions: 4->3
[218.869s][info][gc,metaspace] GC(382) Metaspace: 42160K(42560K)->42160K(42560K) NonClass: 39357K(39616K)->39357K(39616K) Class: 2803K(2944K)->2803K(2944K)
[218.869s][info][gc          ] GC(382) Pause Young (Mixed) (G1 Evacuation Pause) 323M->155M(400M) 39.531ms
[218.869s][info][gc,cpu      ] GC(382) User=0.08s Sys=0.00s Real=0.04s
[219.369s][info][gc,start    ] GC(383) Pause Young (Mixed) (G1 Evacuation Pause)
[219.369s][info][gc,task     ] GC(383) Using 2 workers of 2 for evacuation
[219.412s][info][gc,phases   ] GC(383)   Pre Evacuate Collection Set: 0.28ms
[219.412s][info][gc,phases   ] GC(383)   Merge Heap Roots: 0.15ms
[219.412s][info][gc,phases   ] GC(383)   Evacuate Collection Set: 41.47ms
[219.412s][info][gc,phases   ] GC(383)   Post Evacuate Collection Set: 0.46ms
[219.412s][info][gc,phases   ] GC(383)   Other: 0.08ms
[219.412s][info][gc,heap     ] GC(383) Eden regions: 161->0(123)
[219.412s][info][gc,heap     ] GC(383) Survivor regions: 23->23(23)
[219.412s][info][gc,heap     ] GC(383) Old regions: 130->159
[219.412s][info][gc,heap     ] GC(383) Humongous regions: 3->3
[219.412s][info][gc,metaspace] GC(383) Metaspace: 42162K(42560K)->42162K(42560K) NonClass: 39359K(39616K)->39359K(39616K) Class: 2803K(2944K)->2803K(2944K)
[219.412s][info][gc          ] GC(383) Pause Young (Mixed) (G1 Evacuation Pause) 316M->185M(400M) 42.697ms
[219.412s][info][gc,cpu      ] GC(383) User=0.09s Sys=0.00s Real=0.05s
[219.468s][info][gc,start    ] GC(384) Pause Young (Concurrent Start) (G1 Humongous Allocation)
[219.468s][info][gc,task     ] GC(384) Using 2 workers of 2 for evacuation
[219.493s][info][gc,phases   ] GC(384)   Pre Evacuate Collection Set: 0.20ms
[219.493s][info][gc,phases   ] GC(384)   Merge Heap Roots: 0.19ms
[219.493s][info][gc,phases   ] GC(384)   Evacuate Collection Set: 24.23ms
[219.493s][info][gc,phases   ] GC(384)   Post Evacuate Collection Set: 0.34ms
[219.493s][info][gc,phases   ] GC(384)   Other: 0.09ms
[219.493s][info][gc,heap     ] GC(384) Eden regions: 19->0(80)
[219.493s][info][gc,heap     ] GC(384) Survivor regions: 23->13(19)
[219.493s][info][gc,heap     ] GC(384) Old regions: 159->182
[219.493s][info][gc,heap     ] GC(384) Humongous regions: 3->3
[219.493s][info][gc,metaspace] GC(384) Metaspace: 42162K(42560K)->42162K(42560K) NonClass: 39359K(39616K)->39359K(39616K) Class: 2803K(2944K)->2803K(2944K)
[219.493s][info][gc          ] GC(384) Pause Young (Concurrent Start) (G1 Humongous Allocation) 204M->196M(400M) 25.234ms
[219.493s][info][gc,cpu      ] GC(384) User=0.05s Sys=0.00s Real=0.03s
[219.493s][info][gc          ] GC(385) Concurrent Mark Cycle
[219.493s][info][gc,marking  ] GC(385) Concurrent Scan Root Regions
[219.505s][info][gc,marking  ] GC(385) Concurrent Scan Root Regions 12.425ms
[219.505s][info][gc,marking  ] GC(385) Concurrent Mark
[219.505s][info][gc,marking  ] GC(385) Concurrent Mark From Roots
[219.505s][info][gc,task     ] GC(385) Using 1 workers of 1 for marking
[219.625s][info][gc,marking  ] GC(385) Concurrent Mark From Roots 119.350ms
[219.625s][info][gc,marking  ] GC(385) Concurrent Preclean
[219.625s][info][gc,marking  ] GC(385) Concurrent Preclean 0.050ms
[219.625s][info][gc,start    ] GC(385) Pause Remark
[219.637s][info][gc          ] GC(385) Pause Remark 231M->200M(400M) 12.033ms
[219.637s][info][gc,cpu      ] GC(385) User=0.02s Sys=0.01s Real=0.01s
[219.637s][info][gc,marking  ] GC(385) Concurrent Mark 131.722ms
[219.637s][info][gc,marking  ] GC(385) Concurrent Rebuild Remembered Sets and Scrub Regions
[219.695s][info][gc,marking  ] GC(385) Concurrent Rebuild Remembered Sets and Scrub Regions 57.614ms
[219.695s][info][gc,start    ] GC(385) Pause Cleanup
[219.695s][info][gc          ] GC(385) Pause Cleanup 215M->215M(400M) 0.055ms
[219.695s][info][gc,cpu      ] GC(385) User=0.00s Sys=0.00s Real=0.00s
[219.695s][info][gc,marking  ] GC(385) Concurrent Clear Claimed Marks
[219.695s][info][gc,marking  ] GC(385) Concurrent Clear Claimed Marks 0.037ms
[219.695s][info][gc,marking  ] GC(385) Concurrent Cleanup for Next Mark
[219.696s][info][gc,marking  ] GC(385) Concurrent Cleanup for Next Mark 1.147ms
[219.696s][info][gc          ] GC(385) Concurrent Mark Cycle 203.411ms
[219.814s][info][gc,start    ] GC(386) Pause Young (Prepare Mixed) (G1 Evacuation Pause)
[219.815s][info][gc,task     ] GC(386) Using 2 workers of 2 for evacuation
[219.855s][info][gc,phases   ] GC(386)   Pre Evacuate Collection Set: 0.21ms
[219.855s][info][gc,phases   ] GC(386)   Merge Heap Roots: 0.29ms
[219.855s][info][gc,phases   ] GC(386)   Evacuate Collection Set: 39.57ms
[219.855s][info][gc,phases   ] GC(386)   Post Evacuate Collection Set: 0.43ms
[219.855s][info][gc,phases   ] GC(386)   Other: 0.09ms
[219.855s][info][gc,heap     ] GC(386) Eden regions: 80->0(76)
[219.855s][info][gc,heap     ] GC(386) Survivor regions: 13->12(12)
[219.855s][info][gc,heap     ] GC(386) Old regions: 151->193
[219.855s][info][gc,heap     ] GC(386) Humongous regions: 4->4
[219.855s][info][gc,metaspace] GC(386) Metaspace: 42164K(42560K)->42164K(42560K) NonClass: 39360K(39616K)->39360K(39616K) Class: 2803K(2944K)->2803K(2944K)
[219.855s][info][gc          ] GC(386) Pause Young (Prepare Mixed) (G1 Evacuation Pause) 246M->209M(400M) 40.796ms
[219.855s][info][gc,cpu      ] GC(386) User=0.08s Sys=0.00s Real=0.04s
[220.102s][info][gc,start    ] GC(387) Pause Young (Mixed) (G1 Evacuation Pause)
[220.102s][info][gc,task     ] GC(387) Using 2 workers of 2 for evacuation
[220.154s][info][gc,phases   ] GC(387)   Pre Evacuate Collection Set: 0.28ms
[220.154s][info][gc,phases   ] GC(387)   Merge Heap Roots: 0.24ms
[220.154s][info][gc,phases   ] GC(387)   Evacuate Collection Set: 50.37ms
[220.154s][info][gc,phases   ] GC(387)   Post Evacuate Collection Set: 0.99ms
[220.154s][info][gc,phases   ] GC(387)   Other: 0.07ms
[220.154s][info][gc,heap     ] GC(387) Eden regions: 76->0(96)
[220.154s][info][gc,heap     ] GC(387) Survivor regions: 12->11(11)
[220.154s][info][gc,heap     ] GC(387) Old regions: 193->222
[220.154s][info][gc,heap     ] GC(387) Humongous regions: 5->5
[220.154s][info][gc,metaspace] GC(387) Metaspace: 42164K(42560K)->42164K(42560K) NonClass: 39360K(39616K)->39360K(39616K) Class: 2803K(2944K)->2803K(2944K)
[220.154s][info][gc          ] GC(387) Pause Young (Mixed) (G1 Evacuation Pause) 286M->238M(481M) 52.149ms
[220.154s][info][gc,cpu      ] GC(387) User=0.09s Sys=0.00s Real=0.05s
[220.554s][info][gc,start    ] GC(388) Pause Young (Concurrent Start) (G1 Evacuation Pause)
[220.554s][info][gc,task     ] GC(388) Using 2 workers of 2 for evacuation
[220.610s][info][gc,phases   ] GC(388)   Pre Evacuate Collection Set: 0.24ms
[220.610s][info][gc,phases   ] GC(388)   Merge Heap Roots: 0.24ms
[220.610s][info][gc,phases   ] GC(388)   Evacuate Collection Set: 55.31ms
[220.610s][info][gc,phases   ] GC(388)   Post Evacuate Collection Set: 0.43ms
[220.610s][info][gc,phases   ] GC(388)   Other: 0.10ms
[220.610s][info][gc,heap     ] GC(388) Eden regions: 96->0(67)
[220.610s][info][gc,heap     ] GC(388) Survivor regions: 11->14(14)
[220.610s][info][gc,heap     ] GC(388) Old regions: 222->284
[220.610s][info][gc,heap     ] GC(388) Humongous regions: 5->5
[220.611s][info][gc,metaspace] GC(388) Metaspace: 42164K(42560K)->42164K(42560K) NonClass: 39360K(39616K)->39360K(39616K) Class: 2803K(2944K)->2803K(2944K)
[220.611s][info][gc          ] GC(388) Pause Young (Concurrent Start) (G1 Evacuation Pause) 334M->302M(481M) 56.536ms
[220.611s][info][gc,cpu      ] GC(388) User=0.11s Sys=0.00s Real=0.05s
[220.611s][info][gc          ] GC(389) Concurrent Mark Cycle
[220.611s][info][gc,marking  ] GC(389) Concurrent Scan Root Regions
[220.640s][info][gc,marking  ] GC(389) Concurrent Scan Root Regions 29.657ms
[220.640s][info][gc,marking  ] GC(389) Concurrent Mark
[220.640s][info][gc,marking  ] GC(389) Concurrent Mark From Roots
[220.640s][info][gc,task     ] GC(389) Using 1 workers of 1 for marking
[220.752s][info][gc,marking  ] GC(389) Concurrent Mark From Roots 111.937ms
[220.752s][info][gc,marking  ] GC(389) Concurrent Preclean
[220.752s][info][gc,marking  ] GC(389) Concurrent Preclean 0.050ms
[220.753s][info][gc,start    ] GC(389) Pause Remark
[220.764s][info][gc          ] GC(389) Pause Remark 341M->316M(481M) 11.910ms
[220.764s][info][gc,cpu      ] GC(389) User=0.02s Sys=0.00s Real=0.01s
[220.765s][info][gc,marking  ] GC(389) Concurrent Mark 124.181ms
[220.765s][info][gc,marking  ] GC(389) Concurrent Rebuild Remembered Sets and Scrub Regions
[220.855s][info][gc,marking  ] GC(389) Concurrent Rebuild Remembered Sets and Scrub Regions 89.991ms
[220.855s][info][gc,start    ] GC(389) Pause Cleanup
[220.855s][info][gc          ] GC(389) Pause Cleanup 338M->338M(481M) 0.090ms
[220.855s][info][gc,cpu      ] GC(389) User=0.00s Sys=0.00s Real=0.00s
[220.855s][info][gc,marking  ] GC(389) Concurrent Clear Claimed Marks
[220.855s][info][gc,marking  ] GC(389) Concurrent Clear Claimed Marks 0.037ms
[220.855s][info][gc,marking  ] GC(389) Concurrent Cleanup for Next Mark
[220.857s][info][gc,marking  ] GC(389) Concurrent Cleanup for Next Mark 2.244ms
[220.857s][info][gc          ] GC(389) Concurrent Mark Cycle 246.622ms
[220.885s][info][gc,start    ] GC(390) Pause Young (Prepare Mixed) (G1 Evacuation Pause)
[220.885s][info][gc,task     ] GC(390) Using 2 workers of 2 for evacuation
[220.925s][info][gc,phases   ] GC(390)   Pre Evacuate Collection Set: 0.18ms
[220.925s][info][gc,phases   ] GC(390)   Merge Heap Roots: 0.39ms
[220.925s][info][gc,phases   ] GC(390)   Evacuate Collection Set: 38.37ms
[220.925s][info][gc,phases   ] GC(390)   Post Evacuate Collection Set: 0.43ms
[220.925s][info][gc,phases   ] GC(390)   Other: 0.09ms
[220.925s][info][gc,heap     ] GC(390) Eden regions: 67->0(64)
[220.925s][info][gc,heap     ] GC(390) Survivor regions: 14->11(11)
[220.925s][info][gc,heap     ] GC(390) Old regions: 260->300
[220.925s][info][gc,heap     ] GC(390) Humongous regions: 5->5
[220.925s][info][gc,metaspace] GC(390) Metaspace: 42164K(42560K)->42164K(42560K) NonClass: 39360K(39616K)->39360K(39616K) Class: 2803K(2944K)->2803K(2944K)
[220.925s][info][gc          ] GC(390) Pause Young (Prepare Mixed) (G1 Evacuation Pause) 345M->315M(481M) 39.646ms
[220.925s][info][gc,cpu      ] GC(390) User=0.08s Sys=0.00s Real=0.04s
[221.139s][info][gc,start    ] GC(391) Pause Young (Mixed) (G1 Evacuation Pause)
[221.139s][info][gc,task     ] GC(391) Using 2 workers of 2 for evacuation
[221.176s][info][gc,phases   ] GC(391)   Pre Evacuate Collection Set: 0.24ms
[221.176s][info][gc,phases   ] GC(391)   Merge Heap Roots: 0.35ms
[221.176s][info][gc,phases   ] GC(391)   Evacuate Collection Set: 35.80ms
[221.176s][info][gc,phases   ] GC(391)   Post Evacuate Collection Set: 0.46ms
[221.176s][info][gc,phases   ] GC(391)   Other: 0.09ms
[221.176s][info][gc,heap     ] GC(391) Eden regions: 64->0(75)
[221.176s][info][gc,heap     ] GC(391) Survivor regions: 11->10(10)
[221.176s][info][gc,heap     ] GC(391) Old regions: 300->280
[221.176s][info][gc,heap     ] GC(391) Humongous regions: 5->5
[221.176s][info][gc,metaspace] GC(391) Metaspace: 42164K(42560K)->42164K(42560K) NonClass: 39360K(39616K)->39360K(39616K) Class: 2803K(2944K)->2803K(2944K)
[221.176s][info][gc          ] GC(391) Pause Young (Mixed) (G1 Evacuation Pause) 379M->294M(481M) 37.145ms
[221.176s][info][gc,cpu      ] GC(391) User=0.07s Sys=0.00s Real=0.04s
[221.422s][info][gc,start    ] GC(392) Pause Young (Mixed) (G1 Evacuation Pause)
[221.422s][info][gc,task     ] GC(392) Using 2 workers of 2 for evacuation
[221.462s][info][gc,phases   ] GC(392)   Pre Evacuate Collection Set: 0.25ms
[221.462s][info][gc,phases   ] GC(392)   Merge Heap Roots: 0.58ms
[221.462s][info][gc,phases   ] GC(392)   Evacuate Collection Set: 38.10ms
[221.462s][info][gc,phases   ] GC(392)   Post Evacuate Collection Set: 0.47ms
[221.462s][info][gc,phases   ] GC(392)   Other: 0.08ms
[221.462s][info][gc,heap     ] GC(392) Eden regions: 75->0(86)
[221.462s][info][gc,heap     ] GC(392) Survivor regions: 10->11(11)
[221.462s][info][gc,heap     ] GC(392) Old regions: 280->259
[221.462s][info][gc,heap     ] GC(392) Humongous regions: 6->6
[221.462s][info][gc,metaspace] GC(392) Metaspace: 42165K(42560K)->42165K(42560K) NonClass: 39361K(39616K)->39361K(39616K) Class: 2803K(2944K)->2803K(2944K)
[221.462s][info][gc          ] GC(392) Pause Young (Mixed) (G1 Evacuation Pause) 370M->276M(481M) 39.729ms
[221.462s][info][gc,cpu      ] GC(392) User=0.08s Sys=0.00s Real=0.04s
[221.742s][info][gc,start    ] GC(393) Pause Young (Mixed) (G1 Evacuation Pause)
[221.742s][info][gc,task     ] GC(393) Using 2 workers of 2 for evacuation
[221.765s][info][gc,phases   ] GC(393)   Pre Evacuate Collection Set: 0.21ms
[221.765s][info][gc,phases   ] GC(393)   Merge Heap Roots: 0.44ms
[221.765s][info][gc,phases   ] GC(393)   Evacuate Collection Set: 20.86ms
[221.765s][info][gc,phases   ] GC(393)   Post Evacuate Collection Set: 1.29ms
[221.765s][info][gc,phases   ] GC(393)   Other: 0.08ms
[221.765s][info][gc,heap     ] GC(393) Eden regions: 86->0(146)
[221.765s][info][gc,heap     ] GC(393) Survivor regions: 11->11(13)
[221.765s][info][gc,heap     ] GC(393) Old regions: 259->266
[221.765s][info][gc,heap     ] GC(393) Humongous regions: 6->6
[221.765s][info][gc,metaspace] GC(393) Metaspace: 42165K(42560K)->42165K(42560K) NonClass: 39361K(39616K)->39361K(39616K) Class: 2803K(2944K)->2803K(2944K)
[221.765s][info][gc          ] GC(393) Pause Young (Mixed) (G1 Evacuation Pause) 362M->282M(623M) 23.084ms
[221.765s][info][gc,cpu      ] GC(393) User=0.04s Sys=0.00s Real=0.03s
[222.332s][info][gc,start    ] GC(394) Pause Young (Concurrent Start) (G1 Humongous Allocation)
[222.332s][info][gc,task     ] GC(394) Using 2 workers of 2 for evacuation
[222.362s][info][gc,phases   ] GC(394)   Pre Evacuate Collection Set: 0.26ms
[222.362s][info][gc,phases   ] GC(394)   Merge Heap Roots: 0.09ms
[222.362s][info][gc,phases   ] GC(394)   Evacuate Collection Set: 28.60ms
[222.362s][info][gc,phases   ] GC(394)   Post Evacuate Collection Set: 0.46ms
[222.362s][info][gc,phases   ] GC(394)   Other: 0.13ms
[222.362s][info][gc,heap     ] GC(394) Eden regions: 142->0(143)
[222.362s][info][gc,heap     ] GC(394) Survivor regions: 11->20(20)
[222.362s][info][gc,heap     ] GC(394) Old regions: 266->282
[222.362s][info][gc,heap     ] GC(394) Humongous regions: 6->6
[222.362s][info][gc,metaspace] GC(394) Metaspace: 42165K(42560K)->42165K(42560K) NonClass: 39361K(39616K)->39361K(39616K) Class: 2803K(2944K)->2803K(2944K)
[222.362s][info][gc          ] GC(394) Pause Young (Concurrent Start) (G1 Humongous Allocation) 423M->307M(623M) 29.751ms
[222.362s][info][gc,cpu      ] GC(394) User=0.04s Sys=0.01s Real=0.03s
[222.362s][info][gc          ] GC(395) Concurrent Mark Cycle
[222.362s][info][gc,marking  ] GC(395) Concurrent Scan Root Regions
[222.377s][info][gc,marking  ] GC(395) Concurrent Scan Root Regions 14.305ms
[222.377s][info][gc,marking  ] GC(395) Concurrent Mark
[222.377s][info][gc,marking  ] GC(395) Concurrent Mark From Roots
[222.377s][info][gc,task     ] GC(395) Using 1 workers of 1 for marking
[222.459s][info][gc,marking  ] GC(395) Concurrent Mark From Roots 82.427ms
[222.459s][info][gc,marking  ] GC(395) Concurrent Preclean
[222.459s][info][gc,marking  ] GC(395) Concurrent Preclean 0.060ms
[222.459s][info][gc,start    ] GC(395) Pause Remark
[222.471s][info][gc          ] GC(395) Pause Remark 329M->171M(504M) 11.889ms
[222.471s][info][gc,cpu      ] GC(395) User=0.02s Sys=0.00s Real=0.01s
[222.471s][info][gc,marking  ] GC(395) Concurrent Mark 94.688ms
[222.471s][info][gc,marking  ] GC(395) Concurrent Rebuild Remembered Sets and Scrub Regions
[222.514s][info][gc,marking  ] GC(395) Concurrent Rebuild Remembered Sets and Scrub Regions 42.794ms
[222.514s][info][gc,start    ] GC(395) Pause Cleanup
[222.514s][info][gc          ] GC(395) Pause Cleanup 184M->184M(504M) 0.059ms
[222.514s][info][gc,cpu      ] GC(395) User=0.00s Sys=0.00s Real=0.00s
[222.514s][info][gc,marking  ] GC(395) Concurrent Clear Claimed Marks
[222.514s][info][gc,marking  ] GC(395) Concurrent Clear Claimed Marks 0.037ms
[222.514s][info][gc,marking  ] GC(395) Concurrent Cleanup for Next Mark
[222.516s][info][gc,marking  ] GC(395) Concurrent Cleanup for Next Mark 1.736ms
[222.516s][info][gc          ] GC(395) Concurrent Mark Cycle 153.940ms
[222.909s][info][gc,start    ] GC(396) Pause Young (Prepare Mixed) (G1 Evacuation Pause)
[222.909s][info][gc,task     ] GC(396) Using 2 workers of 2 for evacuation
[222.942s][info][gc,phases   ] GC(396)   Pre Evacuate Collection Set: 0.21ms
[222.942s][info][gc,phases   ] GC(396)   Merge Heap Roots: 0.19ms
[222.942s][info][gc,phases   ] GC(396)   Evacuate Collection Set: 32.16ms
[222.942s][info][gc,phases   ] GC(396)   Post Evacuate Collection Set: 0.46ms
[222.942s][info][gc,phases   ] GC(396)   Other: 0.07ms
[222.942s][info][gc,heap     ] GC(396) Eden regions: 143->0(157)
[222.942s][info][gc,heap     ] GC(396) Survivor regions: 20->21(21)
[222.942s][info][gc,heap     ] GC(396) Old regions: 127->149
[222.942s][info][gc,heap     ] GC(396) Humongous regions: 4->3
[222.942s][info][gc,metaspace] GC(396) Metaspace: 42165K(42560K)->42165K(42560K) NonClass: 39361K(39616K)->39361K(39616K) Class: 2803K(2944K)->2803K(2944K)
[222.942s][info][gc          ] GC(396) Pause Young (Prepare Mixed) (G1 Evacuation Pause) 293M->172M(504M) 33.325ms
[222.942s][info][gc,cpu      ] GC(396) User=0.06s Sys=0.00s Real=0.04s
[223.446s][info][gc,start    ] GC(397) Pause Young (Mixed) (G1 Evacuation Pause)
[223.446s][info][gc,task     ] GC(397) Using 2 workers of 2 for evacuation
[223.478s][info][gc,phases   ] GC(397)   Pre Evacuate Collection Set: 0.36ms
[223.478s][info][gc,phases   ] GC(397)   Merge Heap Roots: 0.24ms
[223.478s][info][gc,phases   ] GC(397)   Evacuate Collection Set: 31.08ms
[223.478s][info][gc,phases   ] GC(397)   Post Evacuate Collection Set: 0.50ms
[223.478s][info][gc,phases   ] GC(397)   Other: 0.07ms
[223.478s][info][gc,heap     ] GC(397) Eden regions: 157->0(171)
[223.478s][info][gc,heap     ] GC(397) Survivor regions: 21->22(23)
[223.478s][info][gc,heap     ] GC(397) Old regions: 149->144
[223.478s][info][gc,heap     ] GC(397) Humongous regions: 5->4
[223.478s][info][gc,metaspace] GC(397) Metaspace: 42165K(42560K)->42165K(42560K) NonClass: 39361K(39616K)->39361K(39616K) Class: 2803K(2944K)->2803K(2944K)
[223.478s][info][gc          ] GC(397) Pause Young (Mixed) (G1 Evacuation Pause) 331M->168M(504M) 32.450ms
[223.478s][info][gc,cpu      ] GC(397) User=0.06s Sys=0.00s Real=0.03s
[223.533s][info][gc,start    ] GC(398) Pause Young (Concurrent Start) (G1 Humongous Allocation)
[223.533s][info][gc,task     ] GC(398) Using 2 workers of 2 for evacuation
[223.552s][info][gc,phases   ] GC(398)   Pre Evacuate Collection Set: 0.26ms
[223.552s][info][gc,phases   ] GC(398)   Merge Heap Roots: 0.11ms
[223.552s][info][gc,phases   ] GC(398)   Evacuate Collection Set: 18.07ms
[223.552s][info][gc,phases   ] GC(398)   Post Evacuate Collection Set: 0.32ms
[223.552s][info][gc,phases   ] GC(398)   Other: 0.08ms
[223.552s][info][gc,heap     ] GC(398) Eden regions: 19->0(145)
[223.552s][info][gc,heap     ] GC(398) Survivor regions: 22->10(25)
[223.552s][info][gc,heap     ] GC(398) Old regions: 144->163
[223.552s][info][gc,heap     ] GC(398) Humongous regions: 4->4
[223.552s][info][gc,metaspace] GC(398) Metaspace: 42165K(42560K)->42165K(42560K) NonClass: 39361K(39616K)->39361K(39616K) Class: 2803K(2944K)->2803K(2944K)
[223.552s][info][gc          ] GC(398) Pause Young (Concurrent Start) (G1 Humongous Allocation) 187M->176M(504M) 19.020ms
[223.552s][info][gc,cpu      ] GC(398) User=0.04s Sys=0.00s Real=0.01s
[223.552s][info][gc          ] GC(399) Concurrent Mark Cycle
[223.552s][info][gc,marking  ] GC(399) Concurrent Scan Root Regions
[223.564s][info][gc,marking  ] GC(399) Concurrent Scan Root Regions 12.471ms
[223.564s][info][gc,marking  ] GC(399) Concurrent Mark
[223.564s][info][gc,marking  ] GC(399) Concurrent Mark From Roots
[223.564s][info][gc,task     ] GC(399) Using 1 workers of 1 for marking
[223.665s][info][gc,marking  ] GC(399) Concurrent Mark From Roots 100.551ms
[223.665s][info][gc,marking  ] GC(399) Concurrent Preclean
[223.665s][info][gc,marking  ] GC(399) Concurrent Preclean 0.079ms
[223.665s][info][gc,start    ] GC(399) Pause Remark
[223.677s][info][gc          ] GC(399) Pause Remark 209M->183M(504M) 12.073ms
[223.677s][info][gc,cpu      ] GC(399) User=0.02s Sys=0.00s Real=0.01s
[223.677s][info][gc,marking  ] GC(399) Concurrent Mark 113.024ms
[223.677s][info][gc,marking  ] GC(399) Concurrent Rebuild Remembered Sets and Scrub Regions
[223.725s][info][gc,marking  ] GC(399) Concurrent Rebuild Remembered Sets and Scrub Regions 47.610ms
[223.725s][info][gc,start    ] GC(399) Pause Cleanup
[223.725s][info][gc          ] GC(399) Pause Cleanup 197M->197M(504M) 0.055ms
[223.725s][info][gc,cpu      ] GC(399) User=0.00s Sys=0.00s Real=0.00s
[223.725s][info][gc,marking  ] GC(399) Concurrent Clear Claimed Marks
[223.725s][info][gc,marking  ] GC(399) Concurrent Clear Claimed Marks 0.037ms
[223.725s][info][gc,marking  ] GC(399) Concurrent Cleanup for Next Mark
[223.727s][info][gc,marking  ] GC(399) Concurrent Cleanup for Next Mark 1.442ms
[223.727s][info][gc          ] GC(399) Concurrent Mark Cycle 174.921ms
[224.047s][info][gc,start    ] GC(400) Pause Young (Prepare Mixed) (G1 Evacuation Pause)
[224.047s][info][gc,task     ] GC(400) Using 2 workers of 2 for evacuation
[224.073s][info][gc,phases   ] GC(400)   Pre Evacuate Collection Set: 0.23ms
[224.073s][info][gc,phases   ] GC(400)   Merge Heap Roots: 0.09ms
[224.073s][info][gc,phases   ] GC(400)   Evacuate Collection Set: 24.98ms
[224.073s][info][gc,phases   ] GC(400)   Post Evacuate Collection Set: 0.46ms
[224.073s][info][gc,phases   ] GC(400)   Other: 0.07ms
[224.073s][info][gc,heap     ] GC(400) Eden regions: 145->0(149)
[224.073s][info][gc,heap     ] GC(400) Survivor regions: 10->20(20)
[224.073s][info][gc,heap     ] GC(400) Old regions: 136->159
[224.073s][info][gc,heap     ] GC(400) Humongous regions: 6->6
[224.073s][info][gc,metaspace] GC(400) Metaspace: 42165K(42560K)->42165K(42560K) NonClass: 39361K(39616K)->39361K(39616K) Class: 2803K(2944K)->2803K(2944K)
[224.073s][info][gc          ] GC(400) Pause Young (Prepare Mixed) (G1 Evacuation Pause) 297M->185M(504M) 26.052ms
[224.073s][info][gc,cpu      ] GC(400) User=0.05s Sys=0.00s Real=0.03s
[224.577s][info][gc,start    ] GC(401) Pause Young (Mixed) (G1 Evacuation Pause)
[224.577s][info][gc,task     ] GC(401) Using 2 workers of 2 for evacuation
[224.616s][info][gc,phases   ] GC(401)   Pre Evacuate Collection Set: 0.26ms
[224.616s][info][gc,phases   ] GC(401)   Merge Heap Roots: 0.20ms
[224.616s][info][gc,phases   ] GC(401)   Evacuate Collection Set: 37.79ms
[224.616s][info][gc,phases   ] GC(401)   Post Evacuate Collection Set: 0.46ms
[224.616s][info][gc,phases   ] GC(401)   Other: 0.08ms
[224.616s][info][gc,heap     ] GC(401) Eden regions: 149->0(148)
[224.616s][info][gc,heap     ] GC(401) Survivor regions: 20->22(22)
[224.616s][info][gc,heap     ] GC(401) Old regions: 159->174
[224.616s][info][gc,heap     ] GC(401) Humongous regions: 7->6
[224.616s][info][gc,metaspace] GC(401) Metaspace: 42165K(42560K)->42165K(42560K) NonClass: 39361K(39616K)->39361K(39616K) Class: 2803K(2944K)->2803K(2944K)
[224.616s][info][gc          ] GC(401) Pause Young (Mixed) (G1 Evacuation Pause) 335M->201M(504M) 38.992ms
[224.616s][info][gc,cpu      ] GC(401) User=0.08s Sys=0.00s Real=0.04s
[224.725s][info][gc,start    ] GC(402) Pause Young (Concurrent Start) (G1 Humongous Allocation)
[224.726s][info][gc,task     ] GC(402) Using 2 workers of 2 for evacuation
[224.746s][info][gc,phases   ] GC(402)   Pre Evacuate Collection Set: 0.25ms
[224.746s][info][gc,phases   ] GC(402)   Merge Heap Roots: 0.16ms
[224.746s][info][gc,phases   ] GC(402)   Evacuate Collection Set: 19.60ms
[224.746s][info][gc,phases   ] GC(402)   Post Evacuate Collection Set: 0.39ms
[224.746s][info][gc,phases   ] GC(402)   Other: 0.10ms
[224.746s][info][gc,heap     ] GC(402) Eden regions: 35->0(147)
[224.746s][info][gc,heap     ] GC(402) Survivor regions: 22->10(22)
[224.746s][info][gc,heap     ] GC(402) Old regions: 174->189
[224.746s][info][gc,heap     ] GC(402) Humongous regions: 6->6
[224.746s][info][gc,metaspace] GC(402) Metaspace: 42165K(42560K)->42165K(42560K) NonClass: 39361K(39616K)->39361K(39616K) Class: 2803K(2944K)->2803K(2944K)
[224.746s][info][gc          ] GC(402) Pause Young (Concurrent Start) (G1 Humongous Allocation) 236M->204M(504M) 20.692ms
[224.746s][info][gc,cpu      ] GC(402) User=0.04s Sys=0.00s Real=0.02s
[224.746s][info][gc          ] GC(403) Concurrent Mark Cycle
[224.746s][info][gc,marking  ] GC(403) Concurrent Scan Root Regions
[224.756s][info][gc,marking  ] GC(403) Concurrent Scan Root Regions 10.076ms
[224.756s][info][gc,marking  ] GC(403) Concurrent Mark
[224.756s][info][gc,marking  ] GC(403) Concurrent Mark From Roots
[224.756s][info][gc,task     ] GC(403) Using 1 workers of 1 for marking
[224.874s][info][gc,marking  ] GC(403) Concurrent Mark From Roots 117.827ms
[224.874s][info][gc,marking  ] GC(403) Concurrent Preclean
[224.874s][info][gc,marking  ] GC(403) Concurrent Preclean 0.070ms
[224.874s][info][gc,start    ] GC(403) Pause Remark
[224.886s][info][gc          ] GC(403) Pause Remark 238M->219M(504M) 11.965ms
[224.886s][info][gc,cpu      ] GC(403) User=0.02s Sys=0.00s Real=0.01s
[224.886s][info][gc,marking  ] GC(403) Concurrent Mark 130.128ms
[224.887s][info][gc,marking  ] GC(403) Concurrent Rebuild Remembered Sets and Scrub Regions
[224.950s][info][gc,marking  ] GC(403) Concurrent Rebuild Remembered Sets and Scrub Regions 63.227ms
[224.950s][info][gc,start    ] GC(403) Pause Cleanup
[224.950s][info][gc          ] GC(403) Pause Cleanup 239M->239M(504M) 0.100ms
[224.950s][info][gc,cpu      ] GC(403) User=0.00s Sys=0.00s Real=0.00s
[224.950s][info][gc,marking  ] GC(403) Concurrent Clear Claimed Marks
[224.950s][info][gc,marking  ] GC(403) Concurrent Clear Claimed Marks 0.038ms
[224.950s][info][gc,marking  ] GC(403) Concurrent Cleanup for Next Mark
[224.952s][info][gc,marking  ] GC(403) Concurrent Cleanup for Next Mark 1.459ms
[224.952s][info][gc          ] GC(403) Concurrent Mark Cycle 205.349ms
[225.248s][info][gc,start    ] GC(404) Pause Young (Prepare Mixed) (G1 Evacuation Pause)
[225.248s][info][gc,task     ] GC(404) Using 2 workers of 2 for evacuation
[225.287s][info][gc,phases   ] GC(404)   Pre Evacuate Collection Set: 0.22ms
[225.287s][info][gc,phases   ] GC(404)   Merge Heap Roots: 0.21ms
[225.287s][info][gc,phases   ] GC(404)   Evacuate Collection Set: 37.72ms
[225.287s][info][gc,phases   ] GC(404)   Post Evacuate Collection Set: 0.52ms
[225.287s][info][gc,phases   ] GC(404)   Other: 0.08ms
[225.287s][info][gc,heap     ] GC(404) Eden regions: 147->0(135)
[225.287s][info][gc,heap     ] GC(404) Survivor regions: 10->20(20)
[225.287s][info][gc,heap     ] GC(404) Old regions: 172->206
[225.287s][info][gc,heap     ] GC(404) Humongous regions: 6->6
[225.287s][info][gc,metaspace] GC(404) Metaspace: 42165K(42560K)->42165K(42560K) NonClass: 39361K(39616K)->39361K(39616K) Class: 2803K(2944K)->2803K(2944K)
[225.287s][info][gc          ] GC(404) Pause Young (Prepare Mixed) (G1 Evacuation Pause) 334M->231M(504M) 38.973ms
[225.287s][info][gc,cpu      ] GC(404) User=0.07s Sys=0.00s Real=0.04s
[225.644s][info][gc,start    ] GC(405) Pause Young (Mixed) (G1 Evacuation Pause)
[225.644s][info][gc,task     ] GC(405) Using 2 workers of 2 for evacuation
[225.676s][info][gc,phases   ] GC(405)   Pre Evacuate Collection Set: 0.23ms
[225.676s][info][gc,phases   ] GC(405)   Merge Heap Roots: 0.42ms
[225.676s][info][gc,phases   ] GC(405)   Evacuate Collection Set: 30.32ms
[225.676s][info][gc,phases   ] GC(405)   Post Evacuate Collection Set: 0.49ms
[225.676s][info][gc,phases   ] GC(405)   Other: 0.07ms
[225.676s][info][gc,heap     ] GC(405) Eden regions: 135->0(163)
[225.676s][info][gc,heap     ] GC(405) Survivor regions: 20->11(20)
[225.676s][info][gc,heap     ] GC(405) Old regions: 206->177
[225.676s][info][gc,heap     ] GC(405) Humongous regions: 8->6
[225.676s][info][gc,metaspace] GC(405) Metaspace: 42165K(42560K)->42165K(42560K) NonClass: 39361K(39616K)->39361K(39616K) Class: 2803K(2944K)->2803K(2944K)
[225.676s][info][gc          ] GC(405) Pause Young (Mixed) (G1 Evacuation Pause) 368M->193M(504M) 31.728ms
[225.676s][info][gc,cpu      ] GC(405) User=0.06s Sys=0.00s Real=0.03s
[226.151s][info][gc,start    ] GC(406) Pause Young (Mixed) (G1 Evacuation Pause)
[226.151s][info][gc,task     ] GC(406) Using 2 workers of 2 for evacuation
[226.162s][info][gc,phases   ] GC(406)   Pre Evacuate Collection Set: 0.31ms
[226.162s][info][gc,phases   ] GC(406)   Merge Heap Roots: 0.25ms
[226.162s][info][gc,phases   ] GC(406)   Evacuate Collection Set: 9.89ms
[226.162s][info][gc,phases   ] GC(406)   Post Evacuate Collection Set: 0.43ms
[226.162s][info][gc,phases   ] GC(406)   Other: 0.07ms
[226.162s][info][gc,heap     ] GC(406) Eden regions: 163->0(176)
[226.162s][info][gc,heap     ] GC(406) Survivor regions: 11->10(22)
[226.162s][info][gc,heap     ] GC(406) Old regions: 177->177
[226.162s][info][gc,heap     ] GC(406) Humongous regions: 6->6
[226.162s][info][gc,metaspace] GC(406) Metaspace: 42165K(42560K)->42165K(42560K) NonClass: 39361K(39616K)->39361K(39616K) Class: 2803K(2944K)->2803K(2944K)
[226.162s][info][gc          ] GC(406) Pause Young (Mixed) (G1 Evacuation Pause) 356M->193M(504M) 11.135ms
[226.162s][info][gc,cpu      ] GC(406) User=0.03s Sys=0.00s Real=0.02s
[226.299s][info][gc,start    ] GC(407) Pause Young (Concurrent Start) (G1 Humongous Allocation)
[226.299s][info][gc,task     ] GC(407) Using 2 workers of 2 for evacuation
[226.305s][info][gc,phases   ] GC(407)   Pre Evacuate Collection Set: 0.23ms
[226.305s][info][gc,phases   ] GC(407)   Merge Heap Roots: 0.06ms
[226.305s][info][gc,phases   ] GC(407)   Evacuate Collection Set: 5.87ms
[226.305s][info][gc,phases   ] GC(407)   Post Evacuate Collection Set: 0.33ms
[226.305s][info][gc,phases   ] GC(407)   Other: 0.08ms
[226.305s][info][gc,heap     ] GC(407) Eden regions: 48->0(190)
[226.305s][info][gc,heap     ] GC(407) Survivor regions: 10->10(24)
[226.305s][info][gc,heap     ] GC(407) Old regions: 177->177
[226.305s][info][gc,heap     ] GC(407) Humongous regions: 6->6
[226.305s][info][gc,metaspace] GC(407) Metaspace: 42165K(42560K)->42165K(42560K) NonClass: 39361K(39616K)->39361K(39616K) Class: 2803K(2944K)->2803K(2944K)
[226.305s][info][gc          ] GC(407) Pause Young (Concurrent Start) (G1 Humongous Allocation) 241M->193M(504M) 6.742ms
[226.305s][info][gc          ] GC(408) Concurrent Mark Cycle
[226.305s][info][gc,marking  ] GC(408) Concurrent Scan Root Regions
[226.306s][info][gc,cpu      ] GC(407) User=0.01s Sys=0.00s Real=0.01s
[226.313s][info][gc,marking  ] GC(408) Concurrent Scan Root Regions 7.259ms
[226.313s][info][gc,marking  ] GC(408) Concurrent Mark
[226.313s][info][gc,marking  ] GC(408) Concurrent Mark From Roots
[226.313s][info][gc,task     ] GC(408) Using 1 workers of 1 for marking
[226.396s][info][gc,marking  ] GC(408) Concurrent Mark From Roots 83.558ms
[226.396s][info][gc,marking  ] GC(408) Concurrent Preclean
[226.396s][info][gc,marking  ] GC(408) Concurrent Preclean 0.059ms
[226.396s][info][gc,start    ] GC(408) Pause Remark
[226.408s][info][gc          ] GC(408) Pause Remark 223M->148M(397M) 11.916ms
[226.408s][info][gc,cpu      ] GC(408) User=0.02s Sys=0.00s Real=0.01s
[226.409s][info][gc,marking  ] GC(408) Concurrent Mark 96.418ms
[226.409s][info][gc,marking  ] GC(408) Concurrent Rebuild Remembered Sets and Scrub Regions
[226.441s][info][gc,marking  ] GC(408) Concurrent Rebuild Remembered Sets and Scrub Regions 32.341ms
[226.442s][info][gc,start    ] GC(408) Pause Cleanup
[226.442s][info][gc          ] GC(408) Pause Cleanup 159M->159M(397M) 0.054ms
[226.442s][info][gc,cpu      ] GC(408) User=0.00s Sys=0.00s Real=0.00s
[226.444s][info][gc,marking  ] GC(408) Concurrent Clear Claimed Marks
[226.444s][info][gc,marking  ] GC(408) Concurrent Clear Claimed Marks 0.051ms
[226.444s][info][gc,marking  ] GC(408) Concurrent Cleanup for Next Mark
[226.445s][info][gc,marking  ] GC(408) Concurrent Cleanup for Next Mark 1.228ms
[226.445s][info][gc          ] GC(408) Concurrent Mark Cycle 139.586ms
[226.844s][info][gc,start    ] GC(409) Pause Young (Prepare Mixed) (G1 Evacuation Pause)
[226.844s][info][gc,task     ] GC(409) Using 2 workers of 2 for evacuation
[226.852s][info][gc,phases   ] GC(409)   Pre Evacuate Collection Set: 0.22ms
[226.852s][info][gc,phases   ] GC(409)   Merge Heap Roots: 0.09ms
[226.852s][info][gc,phases   ] GC(409)   Evacuate Collection Set: 7.26ms
[226.852s][info][gc,phases   ] GC(409)   Post Evacuate Collection Set: 0.45ms
[226.852s][info][gc,phases   ] GC(409)   Other: 0.07ms
[226.852s][info][gc,heap     ] GC(409) Eden regions: 190->0(186)
[226.852s][info][gc,heap     ] GC(409) Survivor regions: 10->11(25)
[226.852s][info][gc,heap     ] GC(409) Old regions: 105->105
[226.852s][info][gc,heap     ] GC(409) Humongous regions: 4->1
[226.852s][info][gc,metaspace] GC(409) Metaspace: 42165K(42560K)->42165K(42560K) NonClass: 39361K(39616K)->39361K(39616K) Class: 2803K(2944K)->2803K(2944K)
[226.852s][info][gc          ] GC(409) Pause Young (Prepare Mixed) (G1 Evacuation Pause) 309M->117M(397M) 8.308ms
[226.852s][info][gc,cpu      ] GC(409) User=0.01s Sys=0.00s Real=0.01s
[227.143s][info][gc,start    ] GC(410) Pause Young (Mixed) (G1 Evacuation Pause)
[227.143s][info][gc,task     ] GC(410) Using 2 workers of 2 for evacuation
[227.152s][info][gc,phases   ] GC(410)   Pre Evacuate Collection Set: 0.21ms
[227.152s][info][gc,phases   ] GC(410)   Merge Heap Roots: 0.08ms
[227.152s][info][gc,phases   ] GC(410)   Evacuate Collection Set: 8.28ms
[227.152s][info][gc,phases   ] GC(410)   Post Evacuate Collection Set: 0.70ms
[227.152s][info][gc,phases   ] GC(410)   Other: 0.09ms
[227.152s][info][gc,heap     ] GC(410) Eden regions: 186->0(221)
[227.152s][info][gc,heap     ] GC(410) Survivor regions: 11->13(25)
[227.152s][info][gc,heap     ] GC(410) Old regions: 105->81
[227.152s][info][gc,heap     ] GC(410) Humongous regions: 1->1
[227.152s][info][gc,metaspace] GC(410) Metaspace: 42165K(42560K)->42165K(42560K) NonClass: 39361K(39616K)->39361K(39616K) Class: 2803K(2944K)->2803K(2944K)
[227.152s][info][gc          ] GC(410) Pause Young (Mixed) (G1 Evacuation Pause) 303M->93M(421M) 9.573ms
[227.152s][info][gc,cpu      ] GC(410) User=0.02s Sys=0.00s Real=0.01s
[227.514s][info][gc,start    ] GC(411) Pause Young (Concurrent Start) (G1 Evacuation Pause)
[227.514s][info][gc,task     ] GC(411) Using 2 workers of 2 for evacuation
[227.523s][info][gc,phases   ] GC(411)   Pre Evacuate Collection Set: 0.21ms
[227.523s][info][gc,phases   ] GC(411)   Merge Heap Roots: 0.07ms
[227.523s][info][gc,phases   ] GC(411)   Evacuate Collection Set: 8.01ms
[227.523s][info][gc,phases   ] GC(411)   Post Evacuate Collection Set: 0.48ms
[227.523s][info][gc,phases   ] GC(411)   Other: 0.09ms
[227.523s][info][gc,heap     ] GC(411) Eden regions: 221->0(233)
[227.523s][info][gc,heap     ] GC(411) Survivor regions: 13->13(30)
[227.523s][info][gc,heap     ] GC(411) Old regions: 81->81
[227.523s][info][gc,heap     ] GC(411) Humongous regions: 1->1
[227.523s][info][gc,metaspace] GC(411) Metaspace: 42165K(42560K)->42165K(42560K) NonClass: 39361K(39616K)->39361K(39616K) Class: 2803K(2944K)->2803K(2944K)
[227.523s][info][gc          ] GC(411) Pause Young (Concurrent Start) (G1 Evacuation Pause) 314M->94M(421M) 9.048ms
[227.523s][info][gc,cpu      ] GC(411) User=0.01s Sys=0.00s Real=0.01s
[227.523s][info][gc          ] GC(412) Concurrent Mark Cycle
[227.523s][info][gc,marking  ] GC(412) Concurrent Scan Root Regions
[227.529s][info][gc,marking  ] GC(412) Concurrent Scan Root Regions 5.940ms
[227.529s][info][gc,marking  ] GC(412) Concurrent Mark
[227.529s][info][gc,marking  ] GC(412) Concurrent Mark From Roots
[227.529s][info][gc,task     ] GC(412) Using 1 workers of 1 for marking
[227.667s][info][gc,marking  ] GC(412) Concurrent Mark From Roots 137.689ms
[227.667s][info][gc,marking  ] GC(412) Concurrent Preclean
[227.667s][info][gc,marking  ] GC(412) Concurrent Preclean 0.055ms
[227.667s][info][gc,start    ] GC(412) Pause Remark
[227.679s][info][gc          ] GC(412) Pause Remark 140M->137M(314M) 11.970ms
[227.679s][info][gc,cpu      ] GC(412) User=0.02s Sys=0.00s Real=0.01s
[227.681s][info][gc,marking  ] GC(412) Concurrent Mark 151.742ms
[227.681s][info][gc,marking  ] GC(412) Concurrent Rebuild Remembered Sets and Scrub Regions
[227.729s][info][gc,marking  ] GC(412) Concurrent Rebuild Remembered Sets and Scrub Regions 47.644ms
[227.729s][info][gc,start    ] GC(412) Pause Cleanup
[227.729s][info][gc          ] GC(412) Pause Cleanup 155M->155M(314M) 0.048ms
[227.729s][info][gc,cpu      ] GC(412) User=0.00s Sys=0.00s Real=0.00s
[227.729s][info][gc,marking  ] GC(412) Concurrent Clear Claimed Marks
[227.729s][info][gc,marking  ] GC(412) Concurrent Clear Claimed Marks 0.060ms
[227.729s][info][gc,marking  ] GC(412) Concurrent Cleanup for Next Mark
[227.730s][info][gc,marking  ] GC(412) Concurrent Cleanup for Next Mark 1.012ms
[227.730s][info][gc          ] GC(412) Concurrent Mark Cycle 206.782ms
[228.081s][info][gc,start    ] GC(413) Pause Young (Prepare Mixed) (G1 Evacuation Pause)
[228.081s][info][gc,task     ] GC(413) Using 2 workers of 2 for evacuation
[228.098s][info][gc,phases   ] GC(413)   Pre Evacuate Collection Set: 0.21ms
[228.098s][info][gc,phases   ] GC(413)   Merge Heap Roots: 0.08ms
[228.098s][info][gc,phases   ] GC(413)   Evacuate Collection Set: 15.80ms
[228.098s][info][gc,phases   ] GC(413)   Post Evacuate Collection Set: 0.96ms
[228.098s][info][gc,phases   ] GC(413)   Other: 0.07ms
[228.098s][info][gc,heap     ] GC(413) Eden regions: 88->0(245)
[228.098s][info][gc,heap     ] GC(413) Survivor regions: 13->14(30)
[228.098s][info][gc,heap     ] GC(413) Old regions: 78->78
[228.098s][info][gc,heap     ] GC(413) Humongous regions: 239->3
[228.098s][info][gc,metaspace] GC(413) Metaspace: 42170K(42624K)->42170K(42624K) NonClass: 39367K(39680K)->39367K(39680K) Class: 2803K(2944K)->2803K(2944K)
[228.098s][info][gc          ] GC(413) Pause Young (Prepare Mixed) (G1 Evacuation Pause) 417M->94M(432M) 17.377ms
[228.098s][info][gc,cpu      ] GC(413) User=0.02s Sys=0.01s Real=0.02s
[228.661s][info][gc,start    ] GC(414) Pause Young (Mixed) (G1 Evacuation Pause)
[228.661s][info][gc,task     ] GC(414) Using 2 workers of 2 for evacuation
[228.685s][info][gc,phases   ] GC(414)   Pre Evacuate Collection Set: 0.27ms
[228.685s][info][gc,phases   ] GC(414)   Merge Heap Roots: 0.08ms
[228.685s][info][gc,phases   ] GC(414)   Evacuate Collection Set: 22.38ms
[228.685s][info][gc,phases   ] GC(414)   Post Evacuate Collection Set: 1.06ms
[228.685s][info][gc,phases   ] GC(414)   Other: 0.07ms
[228.685s][info][gc,heap     ] GC(414) Eden regions: 61->0(311)
[228.685s][info][gc,heap     ] GC(414) Survivor regions: 14->19(33)
[228.685s][info][gc,heap     ] GC(414) Old regions: 78->71
[228.685s][info][gc,heap     ] GC(414) Humongous regions: 377->3
[228.685s][info][gc,metaspace] GC(414) Metaspace: 42170K(42624K)->42170K(42624K) NonClass: 39367K(39680K)->39367K(39680K) Class: 2803K(2944K)->2803K(2944K)
[228.685s][info][gc          ] GC(414) Pause Young (Mixed) (G1 Evacuation Pause) 529M->90M(551M) 24.049ms
[228.685s][info][gc,cpu      ] GC(414) User=0.04s Sys=0.01s Real=0.03s
[228.687s][info][gc,start    ] GC(415) Pause Young (Concurrent Start) (G1 Humongous Allocation)
[228.687s][info][gc,task     ] GC(415) Using 2 workers of 2 for evacuation
[228.701s][info][gc,phases   ] GC(415)   Pre Evacuate Collection Set: 0.19ms
[228.701s][info][gc,phases   ] GC(415)   Merge Heap Roots: 0.05ms
[228.701s][info][gc,phases   ] GC(415)   Evacuate Collection Set: 12.79ms
[228.701s][info][gc,phases   ] GC(415)   Post Evacuate Collection Set: 0.32ms
[228.701s][info][gc,phases   ] GC(415)   Other: 0.08ms
[228.701s][info][gc,heap     ] GC(415) Eden regions: 1->0(311)
[228.701s][info][gc,heap     ] GC(415) Survivor regions: 19->19(42)
[228.701s][info][gc,heap     ] GC(415) Old regions: 71->71
[228.701s][info][gc,heap     ] GC(415) Humongous regions: 3->1
[228.701s][info][gc,metaspace] GC(415) Metaspace: 42170K(42624K)->42170K(42624K) NonClass: 39367K(39680K)->39367K(39680K) Class: 2803K(2944K)->2803K(2944K)
[228.701s][info][gc          ] GC(415) Pause Young (Concurrent Start) (G1 Humongous Allocation) 91M->89M(551M) 13.583ms
[228.701s][info][gc,cpu      ] GC(415) User=0.03s Sys=0.00s Real=0.01s
[228.701s][info][gc          ] GC(416) Concurrent Mark Cycle
[228.701s][info][gc,marking  ] GC(416) Concurrent Scan Root Regions
[228.710s][info][gc,marking  ] GC(416) Concurrent Scan Root Regions 9.501ms
[228.710s][info][gc,marking  ] GC(416) Concurrent Mark
[228.710s][info][gc,marking  ] GC(416) Concurrent Mark From Roots
[228.710s][info][gc,task     ] GC(416) Using 1 workers of 1 for marking
[228.786s][info][gc,marking  ] GC(416) Concurrent Mark From Roots 75.853ms
[228.786s][info][gc,marking  ] GC(416) Concurrent Preclean
[228.786s][info][gc,marking  ] GC(416) Concurrent Preclean 0.059ms
[228.787s][info][gc,start    ] GC(416) Pause Remark
[228.799s][info][gc          ] GC(416) Pause Remark 135M->135M(424M) 12.215ms
[228.799s][info][gc,cpu      ] GC(416) User=0.03s Sys=0.00s Real=0.01s
[228.799s][info][gc,marking  ] GC(416) Concurrent Mark 88.424ms
[228.799s][info][gc,marking  ] GC(416) Concurrent Rebuild Remembered Sets and Scrub Regions
[228.833s][info][gc,marking  ] GC(416) Concurrent Rebuild Remembered Sets and Scrub Regions 33.991ms
[228.833s][info][gc,start    ] GC(416) Pause Cleanup
[228.833s][info][gc          ] GC(416) Pause Cleanup 167M->167M(424M) 0.061ms
[228.833s][info][gc,cpu      ] GC(416) User=0.00s Sys=0.00s Real=0.00s
[228.833s][info][gc,marking  ] GC(416) Concurrent Clear Claimed Marks
[228.833s][info][gc,marking  ] GC(416) Concurrent Clear Claimed Marks 0.042ms
[228.833s][info][gc,marking  ] GC(416) Concurrent Cleanup for Next Mark
[228.836s][info][gc,marking  ] GC(416) Concurrent Cleanup for Next Mark 2.359ms
[228.836s][info][gc          ] GC(416) Concurrent Mark Cycle 134.966ms
[229.264s][info][gc,start    ] GC(417) Pause Young (Prepare Mixed) (G1 Evacuation Pause)
[229.264s][info][gc,task     ] GC(417) Using 2 workers of 2 for evacuation
[229.301s][info][gc,phases   ] GC(417)   Pre Evacuate Collection Set: 0.23ms
[229.301s][info][gc,phases   ] GC(417)   Merge Heap Roots: 0.15ms
[229.301s][info][gc,phases   ] GC(417)   Evacuate Collection Set: 35.05ms
[229.301s][info][gc,phases   ] GC(417)   Post Evacuate Collection Set: 1.08ms
[229.301s][info][gc,phases   ] GC(417)   Other: 0.13ms
[229.301s][info][gc,heap     ] GC(417) Eden regions: 65->0(286)
[229.301s][info][gc,heap     ] GC(417) Survivor regions: 19->24(36)
[229.301s][info][gc,heap     ] GC(417) Old regions: 71->77
[229.301s][info][gc,heap     ] GC(417) Humongous regions: 333->3
[229.301s][info][gc,metaspace] GC(417) Metaspace: 42170K(42624K)->42170K(42624K) NonClass: 39367K(39680K)->39367K(39680K) Class: 2803K(2944K)->2803K(2944K)
[229.301s][info][gc          ] GC(417) Pause Young (Prepare Mixed) (G1 Evacuation Pause) 486M->101M(518M) 36.830ms
[229.301s][info][gc,cpu      ] GC(417) User=0.06s Sys=0.02s Real=0.03s
[229.904s][info][gc,start    ] GC(418) Pause Young (Mixed) (G1 Evacuation Pause)
[229.904s][info][gc,task     ] GC(418) Using 2 workers of 2 for evacuation
[229.960s][info][gc,phases   ] GC(418)   Pre Evacuate Collection Set: 0.40ms
[229.960s][info][gc,phases   ] GC(418)   Merge Heap Roots: 0.22ms
[229.960s][info][gc,phases   ] GC(418)   Evacuate Collection Set: 54.04ms
[229.960s][info][gc,phases   ] GC(418)   Post Evacuate Collection Set: 0.84ms
[229.960s][info][gc,phases   ] GC(418)   Other: 0.07ms
[229.960s][info][gc,heap     ] GC(418) Eden regions: 78->0(336)
[229.960s][info][gc,heap     ] GC(418) Survivor regions: 24->27(40)
[229.960s][info][gc,heap     ] GC(418) Old regions: 77->80
[229.960s][info][gc,heap     ] GC(418) Humongous regions: 389->3
[229.960s][info][gc,metaspace] GC(418) Metaspace: 42170K(42624K)->42170K(42624K) NonClass: 39367K(39680K)->39367K(39680K) Class: 2803K(2944K)->2803K(2944K)
[229.960s][info][gc          ] GC(418) Pause Young (Mixed) (G1 Evacuation Pause) 565M->108M(605M) 55.773ms
[229.960s][info][gc,cpu      ] GC(418) User=0.08s Sys=0.03s Real=0.05s
[229.962s][info][gc,start    ] GC(419) Pause Young (Concurrent Start) (G1 Humongous Allocation)
[229.962s][info][gc,task     ] GC(419) Using 2 workers of 2 for evacuation
[229.988s][info][gc,phases   ] GC(419)   Pre Evacuate Collection Set: 0.24ms
[229.988s][info][gc,phases   ] GC(419)   Merge Heap Roots: 0.07ms
[229.988s][info][gc,phases   ] GC(419)   Evacuate Collection Set: 24.50ms
[229.988s][info][gc,phases   ] GC(419)   Post Evacuate Collection Set: 0.35ms
[229.988s][info][gc,phases   ] GC(419)   Other: 0.08ms
[229.988s][info][gc,heap     ] GC(419) Eden regions: 1->0(340)
[229.988s][info][gc,heap     ] GC(419) Survivor regions: 27->23(46)
[229.988s][info][gc,heap     ] GC(419) Old regions: 80->84
[229.988s][info][gc,heap     ] GC(419) Humongous regions: 3->1
[229.988s][info][gc,metaspace] GC(419) Metaspace: 42170K(42624K)->42170K(42624K) NonClass: 39367K(39680K)->39367K(39680K) Class: 2803K(2944K)->2803K(2944K)
[229.988s][info][gc          ] GC(419) Pause Young (Concurrent Start) (G1 Humongous Allocation) 109M->107M(605M) 25.405ms
[229.988s][info][gc          ] GC(420) Concurrent Mark Cycle
[229.988s][info][gc,marking  ] GC(420) Concurrent Scan Root Regions
[229.990s][info][gc,cpu      ] GC(419) User=0.05s Sys=0.00s Real=0.02s
[230.007s][info][gc,marking  ] GC(420) Concurrent Scan Root Regions 18.878ms
[230.007s][info][gc,marking  ] GC(420) Concurrent Mark
[230.007s][info][gc,marking  ] GC(420) Concurrent Mark From Roots
[230.007s][info][gc,task     ] GC(420) Using 1 workers of 1 for marking
[230.125s][info][gc,marking  ] GC(420) Concurrent Mark From Roots 117.811ms
[230.125s][info][gc,marking  ] GC(420) Concurrent Preclean
[230.125s][info][gc,marking  ] GC(420) Concurrent Preclean 0.068ms
[230.125s][info][gc,start    ] GC(420) Pause Remark
[230.139s][info][gc          ] GC(420) Pause Remark 142M->131M(357M) 13.496ms
[230.139s][info][gc,cpu      ] GC(420) User=0.02s Sys=0.00s Real=0.01s
[230.139s][info][gc,marking  ] GC(420) Concurrent Mark 131.838ms
[230.139s][info][gc,marking  ] GC(420) Concurrent Rebuild Remembered Sets and Scrub Regions
[230.173s][info][gc,marking  ] GC(420) Concurrent Rebuild Remembered Sets and Scrub Regions 34.576ms
[230.174s][info][gc,start    ] GC(420) Pause Cleanup
[230.174s][info][gc          ] GC(420) Pause Cleanup 135M->135M(357M) 0.051ms
[230.174s][info][gc,cpu      ] GC(420) User=0.00s Sys=0.00s Real=0.00s
[230.174s][info][gc,marking  ] GC(420) Concurrent Clear Claimed Marks
[230.174s][info][gc,marking  ] GC(420) Concurrent Clear Claimed Marks 0.037ms
[230.174s][info][gc,marking  ] GC(420) Concurrent Cleanup for Next Mark
[230.175s][info][gc,marking  ] GC(420) Concurrent Cleanup for Next Mark 1.509ms
[230.175s][info][gc          ] GC(420) Concurrent Mark Cycle 187.406ms
[230.615s][info][gc,start    ] GC(421) Pause Young (Prepare Mixed) (G1 Evacuation Pause)
[230.615s][info][gc,task     ] GC(421) Using 2 workers of 2 for evacuation
[230.652s][info][gc,phases   ] GC(421)   Pre Evacuate Collection Set: 0.19ms
[230.652s][info][gc,phases   ] GC(421)   Merge Heap Roots: 0.10ms
[230.652s][info][gc,phases   ] GC(421)   Evacuate Collection Set: 35.75ms
[230.652s][info][gc,phases   ] GC(421)   Post Evacuate Collection Set: 0.61ms
[230.652s][info][gc,phases   ] GC(421)   Other: 0.11ms
[230.652s][info][gc,heap     ] GC(421) Eden regions: 191->0(202)
[230.652s][info][gc,heap     ] GC(421) Survivor regions: 23->23(27)
[230.652s][info][gc,heap     ] GC(421) Old regions: 73->84
[230.652s][info][gc,heap     ] GC(421) Humongous regions: 55->1
[230.652s][info][gc,metaspace] GC(421) Metaspace: 42201K(42624K)->42201K(42624K) NonClass: 39397K(39680K)->39397K(39680K) Class: 2803K(2944K)->2803K(2944K)
[230.652s][info][gc          ] GC(421) Pause Young (Prepare Mixed) (G1 Evacuation Pause) 341M->106M(376M) 36.985ms
[230.652s][info][gc,cpu      ] GC(421) User=0.06s Sys=0.01s Real=0.04s
[231.087s][info][gc,start    ] GC(422) Pause Young (Mixed) (G1 Evacuation Pause)
[231.087s][info][gc,task     ] GC(422) Using 2 workers of 2 for evacuation
[231.108s][info][gc,phases   ] GC(422)   Pre Evacuate Collection Set: 0.17ms
[231.108s][info][gc,phases   ] GC(422)   Merge Heap Roots: 0.11ms
[231.108s][info][gc,phases   ] GC(422)   Evacuate Collection Set: 20.29ms
[231.108s][info][gc,phases   ] GC(422)   Post Evacuate Collection Set: 0.51ms
[231.108s][info][gc,phases   ] GC(422)   Other: 0.08ms
[231.108s][info][gc,heap     ] GC(422) Eden regions: 202->0(212)
[231.108s][info][gc,heap     ] GC(422) Survivor regions: 23->13(29)
[231.108s][info][gc,heap     ] GC(422) Old regions: 84->91
[231.108s][info][gc,heap     ] GC(422) Humongous regions: 1->1
[231.108s][info][gc,metaspace] GC(422) Metaspace: 42209K(42624K)->42209K(42624K) NonClass: 39405K(39680K)->39405K(39680K) Class: 2803K(2944K)->2803K(2944K)
[231.109s][info][gc          ] GC(422) Pause Young (Mixed) (G1 Evacuation Pause) 308M->104M(376M) 21.354ms
[231.109s][info][gc,cpu      ] GC(422) User=0.04s Sys=0.00s Real=0.02s
[231.556s][info][gc,start    ] GC(423) Pause Young (Concurrent Start) (G1 Evacuation Pause)
[231.556s][info][gc,task     ] GC(423) Using 2 workers of 2 for evacuation
[231.566s][info][gc,phases   ] GC(423)   Pre Evacuate Collection Set: 0.18ms
[231.566s][info][gc,phases   ] GC(423)   Merge Heap Roots: 0.10ms
[231.566s][info][gc,phases   ] GC(423)   Evacuate Collection Set: 9.12ms
[231.566s][info][gc,phases   ] GC(423)   Post Evacuate Collection Set: 0.47ms
[231.566s][info][gc,phases   ] GC(423)   Other: 0.09ms
[231.566s][info][gc,heap     ] GC(423) Eden regions: 212->0(213)
[231.566s][info][gc,heap     ] GC(423) Survivor regions: 13->12(29)
[231.566s][info][gc,heap     ] GC(423) Old regions: 91->91
[231.566s][info][gc,heap     ] GC(423) Humongous regions: 1->1
[231.566s][info][gc,metaspace] GC(423) Metaspace: 42211K(42624K)->42211K(42624K) NonClass: 39407K(39680K)->39407K(39680K) Class: 2803K(2944K)->2803K(2944K)
[231.567s][info][gc          ] GC(423) Pause Young (Concurrent Start) (G1 Evacuation Pause) 316M->103M(376M) 10.167ms
[231.567s][info][gc,cpu      ] GC(423) User=0.01s Sys=0.00s Real=0.01s
[231.567s][info][gc          ] GC(424) Concurrent Mark Cycle
[231.567s][info][gc,marking  ] GC(424) Concurrent Scan Root Regions
[231.575s][info][gc,marking  ] GC(424) Concurrent Scan Root Regions 7.913ms
[231.575s][info][gc,marking  ] GC(424) Concurrent Mark
[231.575s][info][gc,marking  ] GC(424) Concurrent Mark From Roots
[231.575s][info][gc,task     ] GC(424) Using 1 workers of 1 for marking
[231.698s][info][gc,marking  ] GC(424) Concurrent Mark From Roots 122.978ms
[231.698s][info][gc,marking  ] GC(424) Concurrent Preclean
[231.698s][info][gc,marking  ] GC(424) Concurrent Preclean 0.065ms
[231.698s][info][gc,start    ] GC(424) Pause Remark
[231.710s][info][gc          ] GC(424) Pause Remark 156M->155M(344M) 12.076ms
[231.710s][info][gc,cpu      ] GC(424) User=0.03s Sys=0.00s Real=0.01s
[231.710s][info][gc,marking  ] GC(424) Concurrent Mark 135.426ms
[231.710s][info][gc,marking  ] GC(424) Concurrent Rebuild Remembered Sets and Scrub Regions
[231.762s][info][gc,marking  ] GC(424) Concurrent Rebuild Remembered Sets and Scrub Regions 51.643ms
[231.762s][info][gc,start    ] GC(424) Pause Cleanup
[231.762s][info][gc          ] GC(424) Pause Cleanup 168M->168M(344M) 0.051ms
[231.762s][info][gc,cpu      ] GC(424) User=0.00s Sys=0.00s Real=0.00s
[231.762s][info][gc,marking  ] GC(424) Concurrent Clear Claimed Marks
[231.762s][info][gc,marking  ] GC(424) Concurrent Clear Claimed Marks 0.037ms
[231.762s][info][gc,marking  ] GC(424) Concurrent Cleanup for Next Mark
[231.763s][info][gc,marking  ] GC(424) Concurrent Cleanup for Next Mark 1.083ms
[231.763s][info][gc          ] GC(424) Concurrent Mark Cycle 196.517ms
[232.034s][info][gc,start    ] GC(425) Pause Young (Prepare Mixed) (G1 Evacuation Pause)
[232.034s][info][gc,task     ] GC(425) Using 2 workers of 2 for evacuation
[232.044s][info][gc,phases   ] GC(425)   Pre Evacuate Collection Set: 0.22ms
[232.044s][info][gc,phases   ] GC(425)   Merge Heap Roots: 0.09ms
[232.044s][info][gc,phases   ] GC(425)   Evacuate Collection Set: 8.79ms
[232.044s][info][gc,phases   ] GC(425)   Post Evacuate Collection Set: 0.57ms
[232.044s][info][gc,phases   ] GC(425)   Other: 0.08ms
[232.044s][info][gc,heap     ] GC(425) Eden regions: 194->0(193)
[232.044s][info][gc,heap     ] GC(425) Survivor regions: 12->13(26)
[232.044s][info][gc,heap     ] GC(425) Old regions: 90->90
[232.044s][info][gc,heap     ] GC(425) Humongous regions: 1->1
[232.044s][info][gc,metaspace] GC(425) Metaspace: 42213K(42624K)->42213K(42624K) NonClass: 39409K(39680K)->39409K(39680K) Class: 2803K(2944K)->2803K(2944K)
[232.044s][info][gc          ] GC(425) Pause Young (Prepare Mixed) (G1 Evacuation Pause) 296M->103M(344M) 9.950ms
[232.044s][info][gc,cpu      ] GC(425) User=0.02s Sys=0.00s Real=0.01s
[232.449s][info][gc,start    ] GC(426) Pause Young (Mixed) (G1 Evacuation Pause)
[232.449s][info][gc,task     ] GC(426) Using 2 workers of 2 for evacuation
[232.466s][info][gc,phases   ] GC(426)   Pre Evacuate Collection Set: 0.22ms
[232.466s][info][gc,phases   ] GC(426)   Merge Heap Roots: 0.33ms
[232.466s][info][gc,phases   ] GC(426)   Evacuate Collection Set: 15.87ms
[232.466s][info][gc,phases   ] GC(426)   Post Evacuate Collection Set: 0.63ms
[232.466s][info][gc,phases   ] GC(426)   Other: 0.07ms
[232.466s][info][gc,heap     ] GC(426) Eden regions: 193->0(193)
[232.466s][info][gc,heap     ] GC(426) Survivor regions: 13->13(26)
[232.466s][info][gc,heap     ] GC(426) Old regions: 90->86
[232.466s][info][gc,heap     ] GC(426) Humongous regions: 1->1
[232.466s][info][gc,metaspace] GC(426) Metaspace: 42283K(42688K)->42283K(42688K) NonClass: 39479K(39744K)->39479K(39744K) Class: 2803K(2944K)->2803K(2944K)
[232.466s][info][gc          ] GC(426) Pause Young (Mixed) (G1 Evacuation Pause) 296M->98M(344M) 17.368ms
[232.466s][info][gc,cpu      ] GC(426) User=0.03s Sys=0.00s Real=0.02s
[232.900s][info][gc,start    ] GC(427) Pause Young (Concurrent Start) (G1 Evacuation Pause)
[232.900s][info][gc,task     ] GC(427) Using 2 workers of 2 for evacuation
[232.914s][info][gc,phases   ] GC(427)   Pre Evacuate Collection Set: 0.22ms
[232.914s][info][gc,phases   ] GC(427)   Merge Heap Roots: 0.07ms
[232.914s][info][gc,phases   ] GC(427)   Evacuate Collection Set: 13.57ms
[232.914s][info][gc,phases   ] GC(427)   Post Evacuate Collection Set: 0.64ms
[232.914s][info][gc,phases   ] GC(427)   Other: 0.11ms
[232.914s][info][gc,heap     ] GC(427) Eden regions: 193->0(191)
[232.914s][info][gc,heap     ] GC(427) Survivor regions: 13->15(26)
[232.914s][info][gc,heap     ] GC(427) Old regions: 86->86
[232.914s][info][gc,heap     ] GC(427) Humongous regions: 1->1
[232.914s][info][gc,metaspace] GC(427) Metaspace: 42283K(42688K)->42283K(42688K) NonClass: 39479K(39744K)->39479K(39744K) Class: 2803K(2944K)->2803K(2944K)
[232.914s][info][gc          ] GC(427) Pause Young (Concurrent Start) (G1 Evacuation Pause) 291M->100M(344M) 14.836ms
[232.914s][info][gc,cpu      ] GC(427) User=0.03s Sys=0.00s Real=0.02s
[232.915s][info][gc          ] GC(428) Concurrent Mark Cycle
[232.915s][info][gc,marking  ] GC(428) Concurrent Scan Root Regions
[232.930s][info][gc,marking  ] GC(428) Concurrent Scan Root Regions 15.822ms
[232.930s][info][gc,marking  ] GC(428) Concurrent Mark
[232.930s][info][gc,marking  ] GC(428) Concurrent Mark From Roots
[232.930s][info][gc,task     ] GC(428) Using 1 workers of 1 for marking
[233.124s][info][gc,marking  ] GC(428) Concurrent Mark From Roots 193.378ms
[233.124s][info][gc,marking  ] GC(428) Concurrent Preclean
[233.124s][info][gc,marking  ] GC(428) Concurrent Preclean 0.090ms
[233.126s][info][gc,start    ] GC(428) Pause Remark
[233.143s][info][gc          ] GC(428) Pause Remark 141M->141M(340M) 16.713ms
[233.143s][info][gc,cpu      ] GC(428) User=0.03s Sys=0.00s Real=0.02s
[233.143s][info][gc,marking  ] GC(428) Concurrent Mark 212.405ms
[233.143s][info][gc,marking  ] GC(428) Concurrent Rebuild Remembered Sets and Scrub Regions
[233.217s][info][gc,marking  ] GC(428) Concurrent Rebuild Remembered Sets and Scrub Regions 73.767ms
[233.220s][info][gc,start    ] GC(428) Pause Cleanup
[233.220s][info][gc          ] GC(428) Pause Cleanup 155M->155M(340M) 0.113ms
[233.220s][info][gc,cpu      ] GC(428) User=0.00s Sys=0.00s Real=0.00s
[233.220s][info][gc,marking  ] GC(428) Concurrent Clear Claimed Marks
[233.220s][info][gc,marking  ] GC(428) Concurrent Clear Claimed Marks 0.038ms
[233.220s][info][gc,marking  ] GC(428) Concurrent Cleanup for Next Mark
[233.221s][info][gc,marking  ] GC(428) Concurrent Cleanup for Next Mark 1.006ms
[233.221s][info][gc          ] GC(428) Concurrent Mark Cycle 306.708ms
[233.602s][info][gc,start    ] GC(429) Pause Young (Prepare Mixed) (G1 Evacuation Pause)
[233.602s][info][gc,task     ] GC(429) Using 2 workers of 2 for evacuation
[233.612s][info][gc,phases   ] GC(429)   Pre Evacuate Collection Set: 0.16ms
[233.612s][info][gc,phases   ] GC(429)   Merge Heap Roots: 0.10ms
[233.612s][info][gc,phases   ] GC(429)   Evacuate Collection Set: 9.27ms
[233.612s][info][gc,phases   ] GC(429)   Post Evacuate Collection Set: 0.45ms
[233.612s][info][gc,phases   ] GC(429)   Other: 0.07ms
[233.612s][info][gc,heap     ] GC(429) Eden regions: 189->0(196)
[233.612s][info][gc,heap     ] GC(429) Survivor regions: 15->8(26)
[233.612s][info][gc,heap     ] GC(429) Old regions: 86->94
[233.612s][info][gc,heap     ] GC(429) Humongous regions: 1->1
[233.612s][info][gc,metaspace] GC(429) Metaspace: 42402K(42816K)->42402K(42816K) NonClass: 39598K(39872K)->39598K(39872K) Class: 2803K(2944K)->2803K(2944K)
[233.612s][info][gc          ] GC(429) Pause Young (Prepare Mixed) (G1 Evacuation Pause) 289M->101M(340M) 10.212ms
[233.612s][info][gc,cpu      ] GC(429) User=0.02s Sys=0.00s Real=0.01s
[234.787s][info][gc,start    ] GC(430) Pause Young (Mixed) (G1 Evacuation Pause)
[234.787s][info][gc,task     ] GC(430) Using 2 workers of 2 for evacuation
[234.801s][info][gc,phases   ] GC(430)   Pre Evacuate Collection Set: 0.26ms
[234.801s][info][gc,phases   ] GC(430)   Merge Heap Roots: 0.15ms
[234.801s][info][gc,phases   ] GC(430)   Evacuate Collection Set: 13.32ms
[234.801s][info][gc,phases   ] GC(430)   Post Evacuate Collection Set: 0.52ms
[234.801s][info][gc,phases   ] GC(430)   Other: 0.10ms
[234.802s][info][gc,heap     ] GC(430) Eden regions: 196->0(193)
[234.802s][info][gc,heap     ] GC(430) Survivor regions: 8->11(26)
[234.802s][info][gc,heap     ] GC(430) Old regions: 94->91
[234.802s][info][gc,heap     ] GC(430) Humongous regions: 11->1
[234.802s][info][gc,metaspace] GC(430) Metaspace: 42460K(42880K)->42460K(42880K) NonClass: 39656K(39936K)->39656K(39936K) Class: 2803K(2944K)->2803K(2944K)
[234.802s][info][gc          ] GC(430) Pause Young (Mixed) (G1 Evacuation Pause) 307M->101M(340M) 14.529ms
[234.802s][info][gc,cpu      ] GC(430) User=0.03s Sys=0.00s Real=0.01s
[234.932s][info][gc,start    ] GC(431) Pause Young (Concurrent Start) (G1 Humongous Allocation)
[234.932s][info][gc,task     ] GC(431) Using 2 workers of 2 for evacuation
[234.942s][info][gc,phases   ] GC(431)   Pre Evacuate Collection Set: 0.18ms
[234.942s][info][gc,phases   ] GC(431)   Merge Heap Roots: 0.09ms
[234.942s][info][gc,phases   ] GC(431)   Evacuate Collection Set: 9.13ms
[234.942s][info][gc,phases   ] GC(431)   Post Evacuate Collection Set: 0.31ms
[234.942s][info][gc,phases   ] GC(431)   Other: 0.08ms
[234.942s][info][gc,heap     ] GC(431) Eden regions: 8->0(193)
[234.942s][info][gc,heap     ] GC(431) Survivor regions: 11->11(26)
[234.942s][info][gc,heap     ] GC(431) Old regions: 91->91
[234.942s][info][gc,heap     ] GC(431) Humongous regions: 1->1
[234.942s][info][gc,metaspace] GC(431) Metaspace: 42460K(42880K)->42460K(42880K) NonClass: 39656K(39936K)->39656K(39936K) Class: 2803K(2944K)->2803K(2944K)
[234.942s][info][gc          ] GC(431) Pause Young (Concurrent Start) (G1 Humongous Allocation) 108M->101M(340M) 9.928ms
[234.942s][info][gc,cpu      ] GC(431) User=0.02s Sys=0.00s Real=0.01s
[234.942s][info][gc          ] GC(432) Concurrent Mark Cycle
[234.943s][info][gc,marking  ] GC(432) Concurrent Scan Root Regions
[234.949s][info][gc,marking  ] GC(432) Concurrent Scan Root Regions 5.854ms
[234.949s][info][gc,marking  ] GC(432) Concurrent Mark
[234.949s][info][gc,marking  ] GC(432) Concurrent Mark From Roots
[234.949s][info][gc,task     ] GC(432) Using 1 workers of 1 for marking
[235.001s][info][gc,marking  ] GC(432) Concurrent Mark From Roots 52.261ms
[235.001s][info][gc,marking  ] GC(432) Concurrent Preclean
[235.001s][info][gc,marking  ] GC(432) Concurrent Preclean 0.213ms
[235.001s][info][gc,start    ] GC(432) Pause Remark
[235.014s][info][gc          ] GC(432) Pause Remark 117M->96M(280M) 12.930ms
[235.014s][info][gc,cpu      ] GC(432) User=0.03s Sys=0.00s Real=0.02s
[235.015s][info][gc,marking  ] GC(432) Concurrent Mark 66.083ms
[235.015s][info][gc,marking  ] GC(432) Concurrent Rebuild Remembered Sets and Scrub Regions
[235.034s][info][gc,marking  ] GC(432) Concurrent Rebuild Remembered Sets and Scrub Regions 19.324ms
[235.034s][info][gc,start    ] GC(432) Pause Cleanup
[235.034s][info][gc          ] GC(432) Pause Cleanup 100M->100M(280M) 0.046ms
[235.034s][info][gc,cpu      ] GC(432) User=0.00s Sys=0.00s Real=0.00s
[235.034s][info][gc,marking  ] GC(432) Concurrent Clear Claimed Marks
[235.034s][info][gc,marking  ] GC(432) Concurrent Clear Claimed Marks 0.033ms
[235.034s][info][gc,marking  ] GC(432) Concurrent Cleanup for Next Mark
[235.035s][info][gc,marking  ] GC(432) Concurrent Cleanup for Next Mark 0.823ms
[235.035s][info][gc          ] GC(432) Concurrent Mark Cycle 92.793ms
[235.340s][info][gc,start    ] GC(433) Pause Young (Prepare Mixed) (G1 Evacuation Pause)
[235.340s][info][gc,task     ] GC(433) Using 2 workers of 2 for evacuation
[235.366s][info][gc,phases   ] GC(433)   Pre Evacuate Collection Set: 0.15ms
[235.366s][info][gc,phases   ] GC(433)   Merge Heap Roots: 0.10ms
[235.366s][info][gc,phases   ] GC(433)   Evacuate Collection Set: 24.86ms
[235.366s][info][gc,phases   ] GC(433)   Post Evacuate Collection Set: 0.50ms
[235.366s][info][gc,phases   ] GC(433)   Other: 0.07ms
[235.366s][info][gc,heap     ] GC(433) Eden regions: 157->0(146)
[235.366s][info][gc,heap     ] GC(433) Survivor regions: 11->21(21)
[235.366s][info][gc,heap     ] GC(433) Old regions: 70->74
[235.366s][info][gc,heap     ] GC(433) Humongous regions: 4->4
[235.366s][info][gc,metaspace] GC(433) Metaspace: 42460K(42880K)->42460K(42880K) NonClass: 39656K(39936K)->39656K(39936K) Class: 2803K(2944K)->2803K(2944K)
[235.366s][info][gc          ] GC(433) Pause Young (Prepare Mixed) (G1 Evacuation Pause) 240M->97M(280M) 25.888ms
[235.366s][info][gc,cpu      ] GC(433) User=0.05s Sys=0.00s Real=0.03s
[235.679s][info][gc,start    ] GC(434) Pause Young (Mixed) (G1 Evacuation Pause)
[235.680s][info][gc,task     ] GC(434) Using 2 workers of 2 for evacuation
[235.723s][info][gc,phases   ] GC(434)   Pre Evacuate Collection Set: 0.16ms
[235.723s][info][gc,phases   ] GC(434)   Merge Heap Roots: 0.18ms
[235.723s][info][gc,phases   ] GC(434)   Evacuate Collection Set: 42.54ms
[235.723s][info][gc,phases   ] GC(434)   Post Evacuate Collection Set: 0.46ms
[235.723s][info][gc,phases   ] GC(434)   Other: 0.11ms
[235.723s][info][gc,heap     ] GC(434) Eden regions: 146->0(154)
[235.723s][info][gc,heap     ] GC(434) Survivor regions: 21->17(21)
[235.723s][info][gc,heap     ] GC(434) Old regions: 74->71
[235.723s][info][gc,heap     ] GC(434) Humongous regions: 6->6
[235.723s][info][gc,metaspace] GC(434) Metaspace: 42460K(42880K)->42460K(42880K) NonClass: 39656K(39936K)->39656K(39936K) Class: 2803K(2944K)->2803K(2944K)
[235.723s][info][gc          ] GC(434) Pause Young (Mixed) (G1 Evacuation Pause) 245M->92M(286M) 43.634ms
[235.723s][info][gc,cpu      ] GC(434) User=0.08s Sys=0.01s Real=0.05s
[236.029s][info][gc,start    ] GC(435) Pause Young (Concurrent Start) (G1 Evacuation Pause)
[236.029s][info][gc,task     ] GC(435) Using 2 workers of 2 for evacuation
[236.065s][info][gc,phases   ] GC(435)   Pre Evacuate Collection Set: 0.21ms
[236.065s][info][gc,phases   ] GC(435)   Merge Heap Roots: 0.10ms
[236.065s][info][gc,phases   ] GC(435)   Evacuate Collection Set: 35.39ms
[236.065s][info][gc,phases   ] GC(435)   Post Evacuate Collection Set: 0.54ms
[236.065s][info][gc,phases   ] GC(435)   Other: 0.12ms
[236.065s][info][gc,heap     ] GC(435) Eden regions: 154->0(140)
[236.065s][info][gc,heap     ] GC(435) Survivor regions: 17->17(22)
[236.065s][info][gc,heap     ] GC(435) Old regions: 71->88
[236.065s][info][gc,heap     ] GC(435) Humongous regions: 6->6
[236.065s][info][gc,metaspace] GC(435) Metaspace: 42460K(42880K)->42460K(42880K) NonClass: 39656K(39936K)->39656K(39936K) Class: 2803K(2944K)->2803K(2944K)
[236.065s][info][gc          ] GC(435) Pause Young (Concurrent Start) (G1 Evacuation Pause) 246M->108M(286M) 36.551ms
[236.065s][info][gc,cpu      ] GC(435) User=0.07s Sys=0.00s Real=0.04s
[236.065s][info][gc          ] GC(436) Concurrent Mark Cycle
[236.065s][info][gc,marking  ] GC(436) Concurrent Scan Root Regions
[236.115s][info][gc,marking  ] GC(436) Concurrent Scan Root Regions 49.690ms
[236.115s][info][gc,marking  ] GC(436) Concurrent Mark
[236.115s][info][gc,marking  ] GC(436) Concurrent Mark From Roots
[236.115s][info][gc,task     ] GC(436) Using 1 workers of 1 for marking
[236.282s][info][gc,marking  ] GC(436) Concurrent Mark From Roots 167.037ms
[236.282s][info][gc,marking  ] GC(436) Concurrent Preclean
[236.282s][info][gc,marking  ] GC(436) Concurrent Preclean 0.062ms
[236.282s][info][gc,start    ] GC(436) Pause Remark
[236.295s][info][gc          ] GC(436) Pause Remark 182M->180M(286M) 12.787ms
[236.295s][info][gc,cpu      ] GC(436) User=0.02s Sys=0.00s Real=0.01s
[236.297s][info][gc,marking  ] GC(436) Concurrent Mark 181.773ms
[236.297s][info][gc,marking  ] GC(436) Concurrent Rebuild Remembered Sets and Scrub Regions
[236.389s][info][gc,marking  ] GC(436) Concurrent Rebuild Remembered Sets and Scrub Regions 92.139ms
[236.389s][info][gc,start    ] GC(436) Pause Cleanup
[236.389s][info][gc          ] GC(436) Pause Cleanup 204M->204M(286M) 0.047ms
[236.389s][info][gc,cpu      ] GC(436) User=0.00s Sys=0.00s Real=0.00s
[236.390s][info][gc,marking  ] GC(436) Concurrent Clear Claimed Marks
[236.390s][info][gc,marking  ] GC(436) Concurrent Clear Claimed Marks 0.050ms
[236.390s][info][gc,marking  ] GC(436) Concurrent Cleanup for Next Mark
[236.391s][info][gc,marking  ] GC(436) Concurrent Cleanup for Next Mark 0.914ms
[236.391s][info][gc          ] GC(436) Concurrent Mark Cycle 325.781ms
[236.479s][info][gc,start    ] GC(437) Pause Young (Prepare Mixed) (G1 Evacuation Pause)
[236.479s][info][gc,task     ] GC(437) Using 2 workers of 2 for evacuation
[236.511s][info][gc,phases   ] GC(437)   Pre Evacuate Collection Set: 0.17ms
[236.511s][info][gc,phases   ] GC(437)   Merge Heap Roots: 0.17ms
[236.511s][info][gc,phases   ] GC(437)   Evacuate Collection Set: 31.60ms
[236.511s][info][gc,phases   ] GC(437)   Post Evacuate Collection Set: 0.43ms
[236.511s][info][gc,phases   ] GC(437)   Other: 0.07ms
[236.511s][info][gc,heap     ] GC(437) Eden regions: 140->0(130)
[236.511s][info][gc,heap     ] GC(437) Survivor regions: 17->15(20)
[236.511s][info][gc,heap     ] GC(437) Old regions: 87->103
[236.511s][info][gc,heap     ] GC(437) Humongous regions: 5->5
[236.511s][info][gc,metaspace] GC(437) Metaspace: 42460K(42880K)->42460K(42880K) NonClass: 39656K(39936K)->39656K(39936K) Class: 2803K(2944K)->2803K(2944K)
[236.511s][info][gc          ] GC(437) Pause Young (Prepare Mixed) (G1 Evacuation Pause) 246M->121M(286M) 32.611ms
[236.511s][info][gc,cpu      ] GC(437) User=0.06s Sys=0.00s Real=0.03s
[236.831s][info][gc,start    ] GC(438) Pause Young (Mixed) (G1 Evacuation Pause)
[236.831s][info][gc,task     ] GC(438) Using 2 workers of 2 for evacuation
[236.867s][info][gc,phases   ] GC(438)   Pre Evacuate Collection Set: 0.17ms
[236.868s][info][gc,phases   ] GC(438)   Merge Heap Roots: 0.16ms
[236.868s][info][gc,phases   ] GC(438)   Evacuate Collection Set: 35.96ms
[236.868s][info][gc,phases   ] GC(438)   Post Evacuate Collection Set: 0.41ms
[236.868s][info][gc,phases   ] GC(438)   Other: 0.07ms
[236.868s][info][gc,heap     ] GC(438) Eden regions: 130->0(124)
[236.868s][info][gc,heap     ] GC(438) Survivor regions: 15->13(19)
[236.868s][info][gc,heap     ] GC(438) Old regions: 103->108
[236.868s][info][gc,heap     ] GC(438) Humongous regions: 10->9
[236.868s][info][gc,metaspace] GC(438) Metaspace: 42462K(42880K)->42462K(42880K) NonClass: 39659K(39936K)->39659K(39936K) Class: 2803K(2944K)->2803K(2944K)
[236.868s][info][gc          ] GC(438) Pause Young (Mixed) (G1 Evacuation Pause) 256M->129M(286M) 36.944ms
[236.868s][info][gc,cpu      ] GC(438) User=0.07s Sys=0.00s Real=0.04s
[237.066s][info][gc,start    ] GC(439) Pause Young (Concurrent Start) (G1 Humongous Allocation)
[237.066s][info][gc,task     ] GC(439) Using 2 workers of 2 for evacuation
[237.095s][info][gc,phases   ] GC(439)   Pre Evacuate Collection Set: 0.20ms
[237.095s][info][gc,phases   ] GC(439)   Merge Heap Roots: 0.10ms
[237.095s][info][gc,phases   ] GC(439)   Evacuate Collection Set: 26.56ms
[237.095s][info][gc,phases   ] GC(439)   Post Evacuate Collection Set: 1.41ms
[237.095s][info][gc,phases   ] GC(439)   Other: 0.14ms
[237.095s][info][gc,heap     ] GC(439) Eden regions: 51->0(225)
[237.095s][info][gc,heap     ] GC(439) Survivor regions: 13->10(18)
[237.095s][info][gc,heap     ] GC(439) Old regions: 108->122
[237.095s][info][gc,heap     ] GC(439) Humongous regions: 9->7
[237.095s][info][gc,metaspace] GC(439) Metaspace: 42464K(42880K)->42464K(42880K) NonClass: 39660K(39936K)->39660K(39936K) Class: 2803K(2944K)->2803K(2944K)
[237.095s][info][gc          ] GC(439) Pause Young (Concurrent Start) (G1 Humongous Allocation) 180M->137M(425M) 28.578ms
[237.095s][info][gc          ] GC(440) Concurrent Mark Cycle
[237.095s][info][gc,marking  ] GC(440) Concurrent Scan Root Regions
[237.097s][info][gc,cpu      ] GC(439) User=0.06s Sys=0.00s Real=0.03s
[237.125s][info][gc,marking  ] GC(440) Concurrent Scan Root Regions 30.419ms
[237.125s][info][gc,marking  ] GC(440) Concurrent Mark
[237.125s][info][gc,marking  ] GC(440) Concurrent Mark From Roots
[237.125s][info][gc,task     ] GC(440) Using 1 workers of 1 for marking
[237.324s][info][gc,marking  ] GC(440) Concurrent Mark From Roots 198.426ms
[237.324s][info][gc,marking  ] GC(440) Concurrent Preclean
[237.324s][info][gc,marking  ] GC(440) Concurrent Preclean 0.048ms
[237.324s][info][gc,start    ] GC(440) Pause Remark
[237.336s][info][gc          ] GC(440) Pause Remark 140M->134M(425M) 12.286ms
[237.336s][info][gc,cpu      ] GC(440) User=0.02s Sys=0.01s Real=0.01s
[237.338s][info][gc,marking  ] GC(440) Concurrent Mark 212.627ms
[237.338s][info][gc,marking  ] GC(440) Concurrent Rebuild Remembered Sets and Scrub Regions
[237.414s][info][gc,marking  ] GC(440) Concurrent Rebuild Remembered Sets and Scrub Regions 75.601ms
[237.414s][info][gc,start    ] GC(440) Pause Cleanup
[237.414s][info][gc          ] GC(440) Pause Cleanup 134M->134M(425M) 0.052ms
[237.414s][info][gc,cpu      ] GC(440) User=0.00s Sys=0.00s Real=0.00s
[237.414s][info][gc,marking  ] GC(440) Concurrent Clear Claimed Marks
[237.414s][info][gc,marking  ] GC(440) Concurrent Clear Claimed Marks 0.038ms
[237.414s][info][gc,marking  ] GC(440) Concurrent Cleanup for Next Mark
[237.418s][info][gc,marking  ] GC(440) Concurrent Cleanup for Next Mark 3.711ms
[237.418s][info][gc          ] GC(440) Concurrent Mark Cycle 322.691ms
[240.645s][info][gc,start    ] GC(441) Pause Young (Prepare Mixed) (G1 Evacuation Pause)
[240.645s][info][gc,task     ] GC(441) Using 2 workers of 2 for evacuation
[240.657s][info][gc,phases   ] GC(441)   Pre Evacuate Collection Set: 0.24ms
[240.657s][info][gc,phases   ] GC(441)   Merge Heap Roots: 0.14ms
[240.657s][info][gc,phases   ] GC(441)   Evacuate Collection Set: 10.84ms
[240.657s][info][gc,phases   ] GC(441)   Post Evacuate Collection Set: 0.64ms
[240.657s][info][gc,phases   ] GC(441)   Other: 0.10ms
[240.657s][info][gc,heap     ] GC(441) Eden regions: 225->0(239)
[240.657s][info][gc,heap     ] GC(441) Survivor regions: 10->9(30)
[240.657s][info][gc,heap     ] GC(441) Old regions: 122->122
[240.657s][info][gc,heap     ] GC(441) Humongous regions: 4->1
[240.657s][info][gc,metaspace] GC(441) Metaspace: 42481K(42880K)->42481K(42880K) NonClass: 39677K(39936K)->39677K(39936K) Class: 2803K(2944K)->2803K(2944K)
[240.657s][info][gc          ] GC(441) Pause Young (Prepare Mixed) (G1 Evacuation Pause) 359M->130M(425M) 12.126ms
[240.657s][info][gc,cpu      ] GC(441) User=0.02s Sys=0.00s Real=0.01s
[241.285s][info][gc,start    ] GC(442) Pause Young (Mixed) (G1 Evacuation Pause)
[241.285s][info][gc,task     ] GC(442) Using 2 workers of 2 for evacuation
[241.323s][info][gc,phases   ] GC(442)   Pre Evacuate Collection Set: 0.32ms
[241.323s][info][gc,phases   ] GC(442)   Merge Heap Roots: 0.21ms
[241.323s][info][gc,phases   ] GC(442)   Evacuate Collection Set: 37.39ms
[241.323s][info][gc,phases   ] GC(442)   Post Evacuate Collection Set: 0.57ms
[241.323s][info][gc,phases   ] GC(442)   Other: 0.07ms
[241.323s][info][gc,heap     ] GC(442) Eden regions: 239->0(215)
[241.323s][info][gc,heap     ] GC(442) Survivor regions: 9->31(31)
[241.323s][info][gc,heap     ] GC(442) Old regions: 122->120
[241.324s][info][gc,heap     ] GC(442) Humongous regions: 4->4
[241.324s][info][gc,metaspace] GC(442) Metaspace: 42486K(42880K)->42486K(42880K) NonClass: 39683K(39936K)->39683K(39936K) Class: 2803K(2944K)->2803K(2944K)
[241.324s][info][gc          ] GC(442) Pause Young (Mixed) (G1 Evacuation Pause) 372M->154M(425M) 38.749ms
[241.324s][info][gc,cpu      ] GC(442) User=0.08s Sys=0.00s Real=0.04s
[241.460s][info][gc,start    ] GC(443) Pause Young (Concurrent Start) (G1 Humongous Allocation)
[241.460s][info][gc,task     ] GC(443) Using 2 workers of 2 for evacuation
[241.491s][info][gc,phases   ] GC(443)   Pre Evacuate Collection Set: 0.21ms
[241.491s][info][gc,phases   ] GC(443)   Merge Heap Roots: 0.12ms
[241.491s][info][gc,phases   ] GC(443)   Evacuate Collection Set: 30.61ms
[241.491s][info][gc,phases   ] GC(443)   Post Evacuate Collection Set: 0.38ms
[241.491s][info][gc,phases   ] GC(443)   Other: 0.11ms
[241.491s][info][gc,heap     ] GC(443) Eden regions: 62->0(206)
[241.491s][info][gc,heap     ] GC(443) Survivor regions: 31->8(31)
[241.491s][info][gc,heap     ] GC(443) Old regions: 120->152
[241.491s][info][gc,heap     ] GC(443) Humongous regions: 4->4
[241.491s][info][gc,metaspace] GC(443) Metaspace: 42486K(42880K)->42486K(42880K) NonClass: 39683K(39936K)->39683K(39936K) Class: 2803K(2944K)->2803K(2944K)
[241.491s][info][gc          ] GC(443) Pause Young (Concurrent Start) (G1 Humongous Allocation) 216M->163M(425M) 31.647ms
[241.491s][info][gc,cpu      ] GC(443) User=0.06s Sys=0.00s Real=0.03s
[241.491s][info][gc          ] GC(444) Concurrent Mark Cycle
[241.491s][info][gc,marking  ] GC(444) Concurrent Scan Root Regions
[241.513s][info][gc,marking  ] GC(444) Concurrent Scan Root Regions 21.784ms
[241.513s][info][gc,marking  ] GC(444) Concurrent Mark
[241.513s][info][gc,marking  ] GC(444) Concurrent Mark From Roots
[241.513s][info][gc,task     ] GC(444) Using 1 workers of 1 for marking
[241.549s][info][gc,marking  ] GC(444) Concurrent Mark From Roots 35.730ms
[241.549s][info][gc,marking  ] GC(444) Concurrent Preclean
[241.549s][info][gc,marking  ] GC(444) Concurrent Preclean 0.052ms
[241.549s][info][gc,start    ] GC(444) Pause Remark
[241.561s][info][gc          ] GC(444) Pause Remark 185M->166M(425M) 12.288ms
[241.561s][info][gc,cpu      ] GC(444) User=0.03s Sys=0.00s Real=0.01s
[241.562s][info][gc,marking  ] GC(444) Concurrent Mark 48.418ms
[241.562s][info][gc,marking  ] GC(444) Concurrent Rebuild Remembered Sets and Scrub Regions
[241.603s][info][gc,marking  ] GC(444) Concurrent Rebuild Remembered Sets and Scrub Regions 41.695ms
[241.603s][info][gc,start    ] GC(444) Pause Cleanup
[241.603s][info][gc          ] GC(444) Pause Cleanup 184M->184M(425M) 0.067ms
[241.603s][info][gc,cpu      ] GC(444) User=0.00s Sys=0.00s Real=0.00s
[241.603s][info][gc,marking  ] GC(444) Concurrent Clear Claimed Marks
[241.603s][info][gc,marking  ] GC(444) Concurrent Clear Claimed Marks 0.035ms
[241.604s][info][gc,marking  ] GC(444) Concurrent Cleanup for Next Mark
[241.605s][info][gc,marking  ] GC(444) Concurrent Cleanup for Next Mark 1.205ms
[241.605s][info][gc          ] GC(444) Concurrent Mark Cycle 113.476ms
[241.955s][info][gc,start    ] GC(445) Pause Young (Prepare Mixed) (G1 Evacuation Pause)
[241.955s][info][gc,task     ] GC(445) Using 2 workers of 2 for evacuation
[241.991s][info][gc,phases   ] GC(445)   Pre Evacuate Collection Set: 0.19ms
[241.991s][info][gc,phases   ] GC(445)   Merge Heap Roots: 0.10ms
[241.991s][info][gc,phases   ] GC(445)   Evacuate Collection Set: 34.74ms
[241.991s][info][gc,phases   ] GC(445)   Post Evacuate Collection Set: 0.46ms
[241.991s][info][gc,phases   ] GC(445)   Other: 0.12ms
[241.991s][info][gc,heap     ] GC(445) Eden regions: 206->0(200)
[241.991s][info][gc,heap     ] GC(445) Survivor regions: 8->27(27)
[241.991s][info][gc,heap     ] GC(445) Old regions: 133->137
[241.991s][info][gc,heap     ] GC(445) Humongous regions: 6->6
[241.991s][info][gc,metaspace] GC(445) Metaspace: 42486K(42880K)->42486K(42880K) NonClass: 39683K(39936K)->39683K(39936K) Class: 2803K(2944K)->2803K(2944K)
[241.991s][info][gc          ] GC(445) Pause Young (Prepare Mixed) (G1 Evacuation Pause) 352M->170M(425M) 35.821ms
[241.991s][info][gc,cpu      ] GC(445) User=0.07s Sys=0.00s Real=0.03s
[242.490s][info][gc,start    ] GC(446) Pause Young (Mixed) (G1 Evacuation Pause)
[242.490s][info][gc,task     ] GC(446) Using 2 workers of 2 for evacuation
[242.553s][info][gc,phases   ] GC(446)   Pre Evacuate Collection Set: 0.22ms
[242.553s][info][gc,phases   ] GC(446)   Merge Heap Roots: 0.28ms
[242.553s][info][gc,phases   ] GC(446)   Evacuate Collection Set: 61.17ms
[242.553s][info][gc,phases   ] GC(446)   Post Evacuate Collection Set: 0.50ms
[242.553s][info][gc,phases   ] GC(446)   Other: 0.09ms
[242.553s][info][gc,heap     ] GC(446) Eden regions: 200->0(212)
[242.553s][info][gc,heap     ] GC(446) Survivor regions: 27->23(29)
[242.553s][info][gc,heap     ] GC(446) Old regions: 137->122
[242.553s][info][gc,heap     ] GC(446) Humongous regions: 10->10
[242.553s][info][gc,metaspace] GC(446) Metaspace: 42486K(42880K)->42486K(42880K) NonClass: 39683K(39936K)->39683K(39936K) Class: 2803K(2944K)->2803K(2944K)
[242.553s][info][gc          ] GC(446) Pause Young (Mixed) (G1 Evacuation Pause) 374M->154M(425M) 62.492ms
[242.553s][info][gc,cpu      ] GC(446) User=0.13s Sys=0.00s Real=0.07s
[243.993s][info][gc,start    ] GC(447) Pause Young (Mixed) (G1 Evacuation Pause)
[243.993s][info][gc,task     ] GC(447) Using 2 workers of 2 for evacuation
[244.043s][info][gc,phases   ] GC(447)   Pre Evacuate Collection Set: 0.22ms
[244.043s][info][gc,phases   ] GC(447)   Merge Heap Roots: 0.28ms
[244.043s][info][gc,phases   ] GC(447)   Evacuate Collection Set: 48.79ms
[244.043s][info][gc,phases   ] GC(447)   Post Evacuate Collection Set: 0.54ms
[244.043s][info][gc,phases   ] GC(447)   Other: 0.09ms
[244.043s][info][gc,heap     ] GC(447) Eden regions: 212->0(207)
[244.043s][info][gc,heap     ] GC(447) Survivor regions: 23->18(30)
[244.043s][info][gc,heap     ] GC(447) Old regions: 122->126
[244.043s][info][gc,heap     ] GC(447) Humongous regions: 18->16
[244.043s][info][gc,metaspace] GC(447) Metaspace: 42486K(42880K)->42486K(42880K) NonClass: 39683K(39936K)->39683K(39936K) Class: 2803K(2944K)->2803K(2944K)
[244.043s][info][gc          ] GC(447) Pause Young (Mixed) (G1 Evacuation Pause) 374M->159M(425M) 50.113ms
[244.043s][info][gc,cpu      ] GC(447) User=0.10s Sys=0.00s Real=0.05s
[245.102s][info][gc,start    ] GC(448) Pause Young (Concurrent Start) (G1 Evacuation Pause)
[245.102s][info][gc,task     ] GC(448) Using 2 workers of 2 for evacuation
[245.123s][info][gc,phases   ] GC(448)   Pre Evacuate Collection Set: 0.22ms
[245.123s][info][gc,phases   ] GC(448)   Merge Heap Roots: 0.13ms
[245.123s][info][gc,phases   ] GC(448)   Evacuate Collection Set: 19.76ms
[245.123s][info][gc,phases   ] GC(448)   Post Evacuate Collection Set: 0.43ms
[245.123s][info][gc,phases   ] GC(448)   Other: 0.09ms
[245.123s][info][gc,heap     ] GC(448) Eden regions: 207->0(217)
[245.123s][info][gc,heap     ] GC(448) Survivor regions: 18->2(29)
[245.123s][info][gc,heap     ] GC(448) Old regions: 126->141
[245.123s][info][gc,heap     ] GC(448) Humongous regions: 16->16
[245.123s][info][gc,metaspace] GC(448) Metaspace: 42486K(42880K)->42486K(42880K) NonClass: 39683K(39936K)->39683K(39936K) Class: 2803K(2944K)->2803K(2944K)
[245.123s][info][gc          ] GC(448) Pause Young (Concurrent Start) (G1 Evacuation Pause) 366M->159M(425M) 20.825ms
[245.123s][info][gc,cpu      ] GC(448) User=0.04s Sys=0.00s Real=0.02s
[245.123s][info][gc          ] GC(449) Concurrent Mark Cycle
[245.123s][info][gc,marking  ] GC(449) Concurrent Scan Root Regions
[245.135s][info][gc,marking  ] GC(449) Concurrent Scan Root Regions 12.334ms
[245.136s][info][gc,marking  ] GC(449) Concurrent Mark
[245.136s][info][gc,marking  ] GC(449) Concurrent Mark From Roots
[245.136s][info][gc,task     ] GC(449) Using 1 workers of 1 for marking
[245.168s][info][gc,marking  ] GC(449) Concurrent Mark From Roots 32.010ms
[245.168s][info][gc,marking  ] GC(449) Concurrent Preclean
[245.168s][info][gc,marking  ] GC(449) Concurrent Preclean 0.034ms
[245.168s][info][gc,start    ] GC(449) Pause Remark
[245.180s][info][gc          ] GC(449) Pause Remark 166M->125M(394M) 12.687ms
[245.180s][info][gc,cpu      ] GC(449) User=0.03s Sys=0.00s Real=0.01s
[245.180s][info][gc,marking  ] GC(449) Concurrent Mark 44.966ms
[245.180s][info][gc,marking  ] GC(449) Concurrent Rebuild Remembered Sets and Scrub Regions
[245.201s][info][gc,marking  ] GC(449) Concurrent Rebuild Remembered Sets and Scrub Regions 20.724ms
[245.201s][info][gc,start    ] GC(449) Pause Cleanup
[245.201s][info][gc          ] GC(449) Pause Cleanup 128M->128M(394M) 0.062ms
[245.201s][info][gc,cpu      ] GC(449) User=0.00s Sys=0.00s Real=0.00s
[245.201s][info][gc,marking  ] GC(449) Concurrent Clear Claimed Marks
[245.201s][info][gc,marking  ] GC(449) Concurrent Clear Claimed Marks 0.034ms
[245.201s][info][gc,marking  ] GC(449) Concurrent Cleanup for Next Mark
[245.203s][info][gc,marking  ] GC(449) Concurrent Cleanup for Next Mark 1.126ms
[245.203s][info][gc          ] GC(449) Concurrent Mark Cycle 79.463ms
[246.330s][info][gc,start    ] GC(450) Pause Young (Prepare Mixed) (G1 Evacuation Pause)
[246.330s][info][gc,task     ] GC(450) Using 2 workers of 2 for evacuation
[246.354s][info][gc,phases   ] GC(450)   Pre Evacuate Collection Set: 0.28ms
[246.354s][info][gc,phases   ] GC(450)   Merge Heap Roots: 0.10ms
[246.354s][info][gc,phases   ] GC(450)   Evacuate Collection Set: 22.82ms
[246.354s][info][gc,phases   ] GC(450)   Post Evacuate Collection Set: 0.44ms
[246.354s][info][gc,phases   ] GC(450)   Other: 0.08ms
[246.354s][info][gc,heap     ] GC(450) Eden regions: 217->0(203)
[246.354s][info][gc,heap     ] GC(450) Survivor regions: 2->25(28)
[246.354s][info][gc,heap     ] GC(450) Old regions: 115->115
[246.354s][info][gc,heap     ] GC(450) Humongous regions: 1->1
[246.354s][info][gc,metaspace] GC(450) Metaspace: 42487K(42880K)->42487K(42880K) NonClass: 39684K(39936K)->39684K(39936K) Class: 2803K(2944K)->2803K(2944K)
[246.354s][info][gc          ] GC(450) Pause Young (Prepare Mixed) (G1 Evacuation Pause) 335M->140M(394M) 23.909ms
[246.354s][info][gc,cpu      ] GC(450) User=0.05s Sys=0.00s Real=0.03s
[247.484s][info][gc,start    ] GC(451) Pause Young (Mixed) (G1 Evacuation Pause)
[247.484s][info][gc,task     ] GC(451) Using 2 workers of 2 for evacuation
[247.521s][info][gc,phases   ] GC(451)   Pre Evacuate Collection Set: 0.21ms
[247.521s][info][gc,phases   ] GC(451)   Merge Heap Roots: 0.17ms
[247.521s][info][gc,phases   ] GC(451)   Evacuate Collection Set: 36.48ms
[247.521s][info][gc,phases   ] GC(451)   Post Evacuate Collection Set: 0.50ms
[247.521s][info][gc,phases   ] GC(451)   Other: 0.08ms
[247.521s][info][gc,heap     ] GC(451) Eden regions: 203->0(217)
[247.521s][info][gc,heap     ] GC(451) Survivor regions: 25->19(29)
[247.521s][info][gc,heap     ] GC(451) Old regions: 115->99
[247.521s][info][gc,heap     ] GC(451) Humongous regions: 2->2
[247.521s][info][gc,metaspace] GC(451) Metaspace: 42487K(42880K)->42487K(42880K) NonClass: 39684K(39936K)->39684K(39936K) Class: 2803K(2944K)->2803K(2944K)
[247.521s][info][gc          ] GC(451) Pause Young (Mixed) (G1 Evacuation Pause) 344M->119M(394M) 37.633ms
[247.521s][info][gc,cpu      ] GC(451) User=0.07s Sys=0.00s Real=0.03s
[248.700s][info][gc,start    ] GC(452) Pause Young (Mixed) (G1 Evacuation Pause)
[248.700s][info][gc,task     ] GC(452) Using 2 workers of 2 for evacuation
[248.736s][info][gc,phases   ] GC(452)   Pre Evacuate Collection Set: 0.22ms
[248.736s][info][gc,phases   ] GC(452)   Merge Heap Roots: 0.14ms
[248.736s][info][gc,phases   ] GC(452)   Evacuate Collection Set: 34.85ms
[248.736s][info][gc,phases   ] GC(452)   Post Evacuate Collection Set: 0.50ms
[248.736s][info][gc,phases   ] GC(452)   Other: 0.10ms
[248.736s][info][gc,heap     ] GC(452) Eden regions: 217->0(215)
[248.736s][info][gc,heap     ] GC(452) Survivor regions: 19->21(30)
[248.736s][info][gc,heap     ] GC(452) Old regions: 99->97
[248.736s][info][gc,heap     ] GC(452) Humongous regions: 2->2
[248.736s][info][gc,metaspace] GC(452) Metaspace: 42487K(42880K)->42487K(42880K) NonClass: 39684K(39936K)->39684K(39936K) Class: 2803K(2944K)->2803K(2944K)
[248.736s][info][gc          ] GC(452) Pause Young (Mixed) (G1 Evacuation Pause) 336M->119M(394M) 35.991ms
[248.736s][info][gc,cpu      ] GC(452) User=0.07s Sys=0.00s Real=0.04s
[248.784s][info][gc,start    ] GC(453) Pause Young (Concurrent Start) (G1 Humongous Allocation)
[248.784s][info][gc,task     ] GC(453) Using 2 workers of 2 for evacuation
[248.804s][info][gc,phases   ] GC(453)   Pre Evacuate Collection Set: 0.22ms
[248.804s][info][gc,phases   ] GC(453)   Merge Heap Roots: 0.05ms
[248.804s][info][gc,phases   ] GC(453)   Evacuate Collection Set: 19.11ms
[248.804s][info][gc,phases   ] GC(453)   Post Evacuate Collection Set: 0.32ms
[248.804s][info][gc,phases   ] GC(453)   Other: 0.09ms
[248.804s][info][gc,heap     ] GC(453) Eden regions: 16->0(210)
[248.804s][info][gc,heap     ] GC(453) Survivor regions: 21->7(30)
[248.804s][info][gc,heap     ] GC(453) Old regions: 97->116
[248.804s][info][gc,heap     ] GC(453) Humongous regions: 2->2
[248.804s][info][gc,metaspace] GC(453) Metaspace: 42487K(42880K)->42487K(42880K) NonClass: 39684K(39936K)->39684K(39936K) Class: 2803K(2944K)->2803K(2944K)
[248.804s][info][gc          ] GC(453) Pause Young (Concurrent Start) (G1 Humongous Allocation) 134M->124M(394M) 19.978ms
[248.804s][info][gc,cpu      ] GC(453) User=0.04s Sys=0.00s Real=0.02s
[248.804s][info][gc          ] GC(454) Concurrent Mark Cycle
[248.804s][info][gc,marking  ] GC(454) Concurrent Scan Root Regions
[248.824s][info][gc,marking  ] GC(454) Concurrent Scan Root Regions 20.229ms
[248.824s][info][gc,marking  ] GC(454) Concurrent Mark
[248.824s][info][gc,marking  ] GC(454) Concurrent Mark From Roots
[248.824s][info][gc,task     ] GC(454) Using 1 workers of 1 for marking
[248.857s][info][gc,marking  ] GC(454) Concurrent Mark From Roots 33.390ms
[248.857s][info][gc,marking  ] GC(454) Concurrent Preclean
[248.857s][info][gc,marking  ] GC(454) Concurrent Preclean 0.037ms
[248.858s][info][gc,start    ] GC(454) Pause Remark
[248.870s][info][gc          ] GC(454) Pause Remark 148M->122M(337M) 12.367ms
[248.871s][info][gc,cpu      ] GC(454) User=0.03s Sys=0.00s Real=0.01s
[248.871s][info][gc,marking  ] GC(454) Concurrent Mark 46.973ms
[248.871s][info][gc,marking  ] GC(454) Concurrent Rebuild Remembered Sets and Scrub Regions
[248.897s][info][gc,marking  ] GC(454) Concurrent Rebuild Remembered Sets and Scrub Regions 25.826ms
[248.897s][info][gc,start    ] GC(454) Pause Cleanup
[248.897s][info][gc          ] GC(454) Pause Cleanup 133M->133M(337M) 0.054ms
[248.897s][info][gc,cpu      ] GC(454) User=0.00s Sys=0.00s Real=0.00s
[248.897s][info][gc,marking  ] GC(454) Concurrent Clear Claimed Marks
[248.897s][info][gc,marking  ] GC(454) Concurrent Clear Claimed Marks 0.036ms
[248.897s][info][gc,marking  ] GC(454) Concurrent Cleanup for Next Mark
[248.898s][info][gc,marking  ] GC(454) Concurrent Cleanup for Next Mark 0.991ms
[248.898s][info][gc          ] GC(454) Concurrent Mark Cycle 94.413ms
[249.266s][info][gc,start    ] GC(455) Pause Young (Prepare Mixed) (G1 Evacuation Pause)
[249.266s][info][gc,task     ] GC(455) Using 2 workers of 2 for evacuation
[249.293s][info][gc,phases   ] GC(455)   Pre Evacuate Collection Set: 0.17ms
[249.293s][info][gc,phases   ] GC(455)   Merge Heap Roots: 0.09ms
[249.293s][info][gc,phases   ] GC(455)   Evacuate Collection Set: 25.86ms
[249.293s][info][gc,phases   ] GC(455)   Post Evacuate Collection Set: 0.42ms
[249.293s][info][gc,phases   ] GC(455)   Other: 0.15ms
[249.293s][info][gc,heap     ] GC(455) Eden regions: 195->0(166)
[249.293s][info][gc,heap     ] GC(455) Survivor regions: 7->26(26)
[249.293s][info][gc,heap     ] GC(455) Old regions: 91->91
[249.293s][info][gc,heap     ] GC(455) Humongous regions: 4->4
[249.293s][info][gc,metaspace] GC(455) Metaspace: 42487K(42880K)->42487K(42880K) NonClass: 39684K(39936K)->39684K(39936K) Class: 2803K(2944K)->2803K(2944K)
[249.293s][info][gc          ] GC(455) Pause Young (Prepare Mixed) (G1 Evacuation Pause) 296M->120M(337M) 26.889ms
[249.293s][info][gc,cpu      ] GC(455) User=0.05s Sys=0.00s Real=0.03s
[249.667s][info][gc,start    ] GC(456) Pause Young (Mixed) (G1 Evacuation Pause)
[249.667s][info][gc,task     ] GC(456) Using 2 workers of 2 for evacuation
[249.717s][info][gc,phases   ] GC(456)   Pre Evacuate Collection Set: 0.21ms
[249.717s][info][gc,phases   ] GC(456)   Merge Heap Roots: 0.23ms
[249.718s][info][gc,phases   ] GC(456)   Evacuate Collection Set: 49.60ms
[249.718s][info][gc,phases   ] GC(456)   Post Evacuate Collection Set: 0.48ms
[249.718s][info][gc,phases   ] GC(456)   Other: 0.08ms
[249.718s][info][gc,heap     ] GC(456) Eden regions: 166->0(174)
[249.718s][info][gc,heap     ] GC(456) Survivor regions: 26->20(24)
[249.718s][info][gc,heap     ] GC(456) Old regions: 91->86
[249.718s][info][gc,heap     ] GC(456) Humongous regions: 6->6
[249.718s][info][gc,metaspace] GC(456) Metaspace: 42487K(42880K)->42487K(42880K) NonClass: 39684K(39936K)->39684K(39936K) Class: 2803K(2944K)->2803K(2944K)
[249.718s][info][gc          ] GC(456) Pause Young (Mixed) (G1 Evacuation Pause) 288M->111M(337M) 50.838ms
[249.718s][info][gc,cpu      ] GC(456) User=0.10s Sys=0.00s Real=0.05s
[250.091s][info][gc,start    ] GC(457) Pause Young (Concurrent Start) (G1 Evacuation Pause)
[250.091s][info][gc,task     ] GC(457) Using 2 workers of 2 for evacuation
[250.133s][info][gc,phases   ] GC(457)   Pre Evacuate Collection Set: 0.24ms
[250.133s][info][gc,phases   ] GC(457)   Merge Heap Roots: 0.09ms
[250.133s][info][gc,phases   ] GC(457)   Evacuate Collection Set: 40.71ms
[250.133s][info][gc,phases   ] GC(457)   Post Evacuate Collection Set: 0.98ms
[250.133s][info][gc,phases   ] GC(457)   Other: 0.10ms
[250.133s][info][gc,heap     ] GC(457) Eden regions: 174->0(213)
[250.133s][info][gc,heap     ] GC(457) Survivor regions: 20->21(25)
[250.133s][info][gc,heap     ] GC(457) Old regions: 86->106
[250.133s][info][gc,heap     ] GC(457) Humongous regions: 6->6
[250.133s][info][gc,metaspace] GC(457) Metaspace: 42487K(42880K)->42487K(42880K) NonClass: 39684K(39936K)->39684K(39936K) Class: 2803K(2944K)->2803K(2944K)
[250.133s][info][gc          ] GC(457) Pause Young (Concurrent Start) (G1 Evacuation Pause) 285M->132M(411M) 42.366ms
[250.133s][info][gc,cpu      ] GC(457) User=0.09s Sys=0.01s Real=0.05s
[250.133s][info][gc          ] GC(458) Concurrent Mark Cycle
[250.133s][info][gc,marking  ] GC(458) Concurrent Scan Root Regions
[250.162s][info][gc,marking  ] GC(458) Concurrent Scan Root Regions 29.221ms
[250.162s][info][gc,marking  ] GC(458) Concurrent Mark
[250.162s][info][gc,marking  ] GC(458) Concurrent Mark From Roots
[250.162s][info][gc,task     ] GC(458) Using 1 workers of 1 for marking
[250.225s][info][gc,marking  ] GC(458) Concurrent Mark From Roots 62.422ms
[250.225s][info][gc,marking  ] GC(458) Concurrent Preclean
[250.225s][info][gc,marking  ] GC(458) Concurrent Preclean 0.040ms
[250.225s][info][gc,start    ] GC(458) Pause Remark
[250.237s][info][gc          ] GC(458) Pause Remark 159M->142M(400M) 12.322ms
[250.237s][info][gc,cpu      ] GC(458) User=0.02s Sys=0.00s Real=0.01s
[250.238s][info][gc,marking  ] GC(458) Concurrent Mark 75.135ms
[250.238s][info][gc,marking  ] GC(458) Concurrent Rebuild Remembered Sets and Scrub Regions
[250.287s][info][gc,marking  ] GC(458) Concurrent Rebuild Remembered Sets and Scrub Regions 49.676ms
[250.287s][info][gc,start    ] GC(458) Pause Cleanup
[250.287s][info][gc          ] GC(458) Pause Cleanup 160M->160M(400M) 0.043ms
[250.287s][info][gc,cpu      ] GC(458) User=0.00s Sys=0.00s Real=0.00s
[250.287s][info][gc,marking  ] GC(458) Concurrent Clear Claimed Marks
[250.287s][info][gc,marking  ] GC(458) Concurrent Clear Claimed Marks 0.035ms
[250.287s][info][gc,marking  ] GC(458) Concurrent Cleanup for Next Mark
[250.289s][info][gc,marking  ] GC(458) Concurrent Cleanup for Next Mark 1.922ms
[250.289s][info][gc          ] GC(458) Concurrent Mark Cycle 156.308ms
[251.558s][info][gc,start    ] GC(459) Pause Young (Prepare Mixed) (G1 Evacuation Pause)
[251.558s][info][gc,task     ] GC(459) Using 2 workers of 2 for evacuation
[251.620s][info][gc,phases   ] GC(459)   Pre Evacuate Collection Set: 0.27ms
[251.620s][info][gc,phases   ] GC(459)   Merge Heap Roots: 0.20ms
[251.620s][info][gc,phases   ] GC(459)   Evacuate Collection Set: 61.03ms
[251.620s][info][gc,phases   ] GC(459)   Post Evacuate Collection Set: 0.57ms
[251.620s][info][gc,phases   ] GC(459)   Other: 0.08ms
[251.620s][info][gc,heap     ] GC(459) Eden regions: 213->0(195)
[251.620s][info][gc,heap     ] GC(459) Survivor regions: 21->24(30)
[251.620s][info][gc,heap     ] GC(459) Old regions: 90->110
[251.620s][info][gc,heap     ] GC(459) Humongous regions: 17->15
[251.620s][info][gc,metaspace] GC(459) Metaspace: 42487K(42880K)->42487K(42880K) NonClass: 39684K(39936K)->39684K(39936K) Class: 2803K(2944K)->2803K(2944K)
[251.620s][info][gc          ] GC(459) Pause Young (Prepare Mixed) (G1 Evacuation Pause) 340M->148M(400M) 62.331ms
[251.620s][info][gc,cpu      ] GC(459) User=0.12s Sys=0.00s Real=0.06s
[252.324s][info][gc,start    ] GC(460) Pause Young (Mixed) (G1 Evacuation Pause)
[252.324s][info][gc,task     ] GC(460) Using 2 workers of 2 for evacuation
[252.364s][info][gc,phases   ] GC(460)   Pre Evacuate Collection Set: 0.22ms
[252.364s][info][gc,phases   ] GC(460)   Merge Heap Roots: 0.16ms
[252.364s][info][gc,phases   ] GC(460)   Evacuate Collection Set: 38.55ms
[252.364s][info][gc,phases   ] GC(460)   Post Evacuate Collection Set: 0.45ms
[252.364s][info][gc,phases   ] GC(460)   Other: 0.08ms
[252.364s][info][gc,heap     ] GC(460) Eden regions: 195->0(196)
[252.364s][info][gc,heap     ] GC(460) Survivor regions: 24->9(28)
[252.364s][info][gc,heap     ] GC(460) Old regions: 110->128
[252.364s][info][gc,heap     ] GC(460) Humongous regions: 15->15
[252.364s][info][gc,metaspace] GC(460) Metaspace: 42487K(42880K)->42487K(42880K) NonClass: 39684K(39936K)->39684K(39936K) Class: 2803K(2944K)->2803K(2944K)
[252.364s][info][gc          ] GC(460) Pause Young (Mixed) (G1 Evacuation Pause) 343M->151M(400M) 39.714ms
[252.364s][info][gc,cpu      ] GC(460) User=0.08s Sys=0.00s Real=0.04s
[253.393s][info][gc,start    ] GC(461) Pause Young (Concurrent Start) (G1 Evacuation Pause)
[253.394s][info][gc,task     ] GC(461) Using 2 workers of 2 for evacuation
[253.400s][info][gc,phases   ] GC(461)   Pre Evacuate Collection Set: 0.22ms
[253.400s][info][gc,phases   ] GC(461)   Merge Heap Roots: 0.11ms
[253.400s][info][gc,phases   ] GC(461)   Evacuate Collection Set: 5.50ms
[253.400s][info][gc,phases   ] GC(461)   Post Evacuate Collection Set: 0.39ms
[253.400s][info][gc,phases   ] GC(461)   Other: 0.09ms
[253.400s][info][gc,heap     ] GC(461) Eden regions: 196->0(203)
[253.400s][info][gc,heap     ] GC(461) Survivor regions: 9->8(26)
[253.400s][info][gc,heap     ] GC(461) Old regions: 128->128
[253.400s][info][gc,heap     ] GC(461) Humongous regions: 15->15
[253.400s][info][gc,metaspace] GC(461) Metaspace: 42487K(42880K)->42487K(42880K) NonClass: 39684K(39936K)->39684K(39936K) Class: 2803K(2944K)->2803K(2944K)
[253.400s][info][gc          ] GC(461) Pause Young (Concurrent Start) (G1 Evacuation Pause) 347M->150M(400M) 6.499ms
[253.400s][info][gc,cpu      ] GC(461) User=0.01s Sys=0.00s Real=0.00s
[253.400s][info][gc          ] GC(462) Concurrent Mark Cycle
[253.400s][info][gc,marking  ] GC(462) Concurrent Scan Root Regions
[253.406s][info][gc,marking  ] GC(462) Concurrent Scan Root Regions 6.175ms
[253.406s][info][gc,marking  ] GC(462) Concurrent Mark
[253.406s][info][gc,marking  ] GC(462) Concurrent Mark From Roots
[253.406s][info][gc,task     ] GC(462) Using 1 workers of 1 for marking
[253.441s][info][gc,marking  ] GC(462) Concurrent Mark From Roots 34.663ms
[253.441s][info][gc,marking  ] GC(462) Concurrent Preclean
[253.441s][info][gc,marking  ] GC(462) Concurrent Preclean 0.045ms
[253.441s][info][gc,start    ] GC(462) Pause Remark
[253.453s][info][gc          ] GC(462) Pause Remark 156M->61M(256M) 12.104ms
[253.453s][info][gc,cpu      ] GC(462) User=0.02s Sys=0.00s Real=0.02s
[253.453s][info][gc,marking  ] GC(462) Concurrent Mark 46.994ms
[253.453s][info][gc,marking  ] GC(462) Concurrent Rebuild Remembered Sets and Scrub Regions
[253.466s][info][gc,marking  ] GC(462) Concurrent Rebuild Remembered Sets and Scrub Regions 12.896ms
[253.466s][info][gc,start    ] GC(462) Pause Cleanup
[253.466s][info][gc          ] GC(462) Pause Cleanup 63M->63M(256M) 0.035ms
[253.466s][info][gc,cpu      ] GC(462) User=0.00s Sys=0.00s Real=0.00s
[253.466s][info][gc,marking  ] GC(462) Concurrent Clear Claimed Marks
[253.466s][info][gc,marking  ] GC(462) Concurrent Clear Claimed Marks 0.032ms
[253.466s][info][gc,marking  ] GC(462) Concurrent Cleanup for Next Mark
[253.467s][info][gc,marking  ] GC(462) Concurrent Cleanup for Next Mark 0.735ms
[253.467s][info][gc          ] GC(462) Concurrent Mark Cycle 67.144ms
[254.229s][info][gc,start    ] GC(463) Pause Young (Prepare Mixed) (G1 Evacuation Pause)
[254.229s][info][gc,task     ] GC(463) Using 2 workers of 2 for evacuation
[254.235s][info][gc,phases   ] GC(463)   Pre Evacuate Collection Set: 0.15ms
[254.235s][info][gc,phases   ] GC(463)   Merge Heap Roots: 0.06ms
[254.235s][info][gc,phases   ] GC(463)   Evacuate Collection Set: 5.20ms
[254.235s][info][gc,phases   ] GC(463)   Post Evacuate Collection Set: 0.38ms
[254.235s][info][gc,phases   ] GC(463)   Other: 0.06ms
[254.235s][info][gc,heap     ] GC(463) Eden regions: 145->0(145)
[254.235s][info][gc,heap     ] GC(463) Survivor regions: 8->8(20)
[254.235s][info][gc,heap     ] GC(463) Old regions: 46->46
[254.235s][info][gc,heap     ] GC(463) Humongous regions: 1->1
[254.235s][info][gc,metaspace] GC(463) Metaspace: 42487K(42880K)->42487K(42880K) NonClass: 39684K(39936K)->39684K(39936K) Class: 2803K(2944K)->2803K(2944K)
[254.235s][info][gc          ] GC(463) Pause Young (Prepare Mixed) (G1 Evacuation Pause) 200M->54M(256M) 6.036ms
[254.235s][info][gc,cpu      ] GC(463) User=0.01s Sys=0.00s Real=0.01s
[255.033s][info][gc,start    ] GC(464) Pause Young (Mixed) (G1 Evacuation Pause)
[255.033s][info][gc,task     ] GC(464) Using 2 workers of 2 for evacuation
[255.038s][info][gc,phases   ] GC(464)   Pre Evacuate Collection Set: 0.23ms
[255.038s][info][gc,phases   ] GC(464)   Merge Heap Roots: 0.08ms
[255.038s][info][gc,phases   ] GC(464)   Evacuate Collection Set: 4.18ms
[255.038s][info][gc,phases   ] GC(464)   Post Evacuate Collection Set: 0.35ms
[255.038s][info][gc,phases   ] GC(464)   Other: 0.07ms
[255.038s][info][gc,heap     ] GC(464) Eden regions: 145->0(147)
[255.038s][info][gc,heap     ] GC(464) Survivor regions: 8->6(20)
[255.038s][info][gc,heap     ] GC(464) Old regions: 46->42
[255.038s][info][gc,heap     ] GC(464) Humongous regions: 1->1
[255.038s][info][gc,metaspace] GC(464) Metaspace: 42487K(42880K)->42487K(42880K) NonClass: 39684K(39936K)->39684K(39936K) Class: 2803K(2944K)->2803K(2944K)
[255.038s][info][gc          ] GC(464) Pause Young (Mixed) (G1 Evacuation Pause) 199M->48M(256M) 5.067ms
[255.038s][info][gc,cpu      ] GC(464) User=0.01s Sys=0.00s Real=0.00s
[255.285s][info][gc,start    ] GC(465) Pause Young (Concurrent Start) (G1 Humongous Allocation)
[255.285s][info][gc,task     ] GC(465) Using 2 workers of 2 for evacuation
[255.290s][info][gc,phases   ] GC(465)   Pre Evacuate Collection Set: 0.16ms
[255.290s][info][gc,phases   ] GC(465)   Merge Heap Roots: 0.05ms
[255.290s][info][gc,phases   ] GC(465)   Evacuate Collection Set: 4.22ms
[255.290s][info][gc,phases   ] GC(465)   Post Evacuate Collection Set: 0.31ms
[255.290s][info][gc,phases   ] GC(465)   Other: 0.10ms
[255.290s][info][gc,heap     ] GC(465) Eden regions: 45->0(147)
[255.290s][info][gc,heap     ] GC(465) Survivor regions: 6->6(20)
[255.290s][info][gc,heap     ] GC(465) Old regions: 42->42
[255.290s][info][gc,heap     ] GC(465) Humongous regions: 1->1
[255.290s][info][gc,metaspace] GC(465) Metaspace: 42487K(42880K)->42487K(42880K) NonClass: 39684K(39936K)->39684K(39936K) Class: 2803K(2944K)->2803K(2944K)
[255.290s][info][gc          ] GC(465) Pause Young (Concurrent Start) (G1 Humongous Allocation) 93M->48M(256M) 5.002ms
[255.290s][info][gc          ] GC(466) Concurrent Mark Cycle
[255.290s][info][gc,marking  ] GC(466) Concurrent Scan Root Regions
[255.291s][info][gc,cpu      ] GC(465) User=0.01s Sys=0.00s Real=0.00s
[255.299s][info][gc,marking  ] GC(466) Concurrent Scan Root Regions 8.586ms
[255.299s][info][gc,marking  ] GC(466) Concurrent Mark
[255.299s][info][gc,marking  ] GC(466) Concurrent Mark From Roots
[255.299s][info][gc,task     ] GC(466) Using 1 workers of 1 for marking
[255.339s][info][gc,marking  ] GC(466) Concurrent Mark From Roots 40.184ms
[255.339s][info][gc,marking  ] GC(466) Concurrent Preclean
[255.339s][info][gc,marking  ] GC(466) Concurrent Preclean 0.037ms
[255.339s][info][gc,start    ] GC(466) Pause Remark
[255.351s][info][gc          ] GC(466) Pause Remark 57M->57M(256M) 11.964ms
[255.351s][info][gc,cpu      ] GC(466) User=0.02s Sys=0.00s Real=0.01s
[255.351s][info][gc,marking  ] GC(466) Concurrent Mark 52.438ms
[255.351s][info][gc,marking  ] GC(466) Concurrent Rebuild Remembered Sets and Scrub Regions
[255.365s][info][gc,marking  ] GC(466) Concurrent Rebuild Remembered Sets and Scrub Regions 13.557ms
[255.365s][info][gc,start    ] GC(466) Pause Cleanup
[255.365s][info][gc          ] GC(466) Pause Cleanup 60M->60M(256M) 0.054ms
[255.365s][info][gc,cpu      ] GC(466) User=0.00s Sys=0.00s Real=0.00s
[255.365s][info][gc,marking  ] GC(466) Concurrent Clear Claimed Marks
[255.365s][info][gc,marking  ] GC(466) Concurrent Clear Claimed Marks 0.041ms
[255.365s][info][gc,marking  ] GC(466) Concurrent Cleanup for Next Mark
[255.366s][info][gc,marking  ] GC(466) Concurrent Cleanup for Next Mark 0.757ms
[255.366s][info][gc          ] GC(466) Concurrent Mark Cycle 75.779ms
[256.101s][info][gc,start    ] GC(467) Pause Young (Prepare Mixed) (G1 Evacuation Pause)
[256.101s][info][gc,task     ] GC(467) Using 2 workers of 2 for evacuation
[256.107s][info][gc,phases   ] GC(467)   Pre Evacuate Collection Set: 0.17ms
[256.107s][info][gc,phases   ] GC(467)   Merge Heap Roots: 0.07ms
[256.107s][info][gc,phases   ] GC(467)   Evacuate Collection Set: 4.63ms
[256.107s][info][gc,phases   ] GC(467)   Post Evacuate Collection Set: 0.39ms
[256.107s][info][gc,phases   ] GC(467)   Other: 0.09ms
[256.107s][info][gc,heap     ] GC(467) Eden regions: 147->0(146)
[256.107s][info][gc,heap     ] GC(467) Survivor regions: 6->7(20)
[256.107s][info][gc,heap     ] GC(467) Old regions: 42->42
[256.107s][info][gc,heap     ] GC(467) Humongous regions: 2->1
[256.107s][info][gc,metaspace] GC(467) Metaspace: 42487K(42880K)->42487K(42880K) NonClass: 39684K(39936K)->39684K(39936K) Class: 2803K(2944K)->2803K(2944K)
[256.107s][info][gc          ] GC(467) Pause Young (Prepare Mixed) (G1 Evacuation Pause) 196M->48M(256M) 5.551ms
[256.107s][info][gc,cpu      ] GC(467) User=0.01s Sys=0.00s Real=0.01s
[256.824s][info][gc,start    ] GC(468) Pause Young (Mixed) (G1 Evacuation Pause)
[256.824s][info][gc,task     ] GC(468) Using 2 workers of 2 for evacuation
[256.831s][info][gc,phases   ] GC(468)   Pre Evacuate Collection Set: 0.17ms
[256.831s][info][gc,phases   ] GC(468)   Merge Heap Roots: 0.09ms
[256.831s][info][gc,phases   ] GC(468)   Evacuate Collection Set: 6.70ms
[256.831s][info][gc,phases   ] GC(468)   Post Evacuate Collection Set: 0.44ms
[256.831s][info][gc,phases   ] GC(468)   Other: 0.08ms
[256.831s][info][gc,heap     ] GC(468) Eden regions: 146->0(145)
[256.831s][info][gc,heap     ] GC(468) Survivor regions: 7->8(20)
[256.831s][info][gc,heap     ] GC(468) Old regions: 42->36
[256.831s][info][gc,heap     ] GC(468) Humongous regions: 5->3
[256.831s][info][gc,metaspace] GC(468) Metaspace: 42493K(42880K)->42493K(42880K) NonClass: 39689K(39936K)->39689K(39936K) Class: 2803K(2944K)->2803K(2944K)
[256.831s][info][gc          ] GC(468) Pause Young (Mixed) (G1 Evacuation Pause) 198M->46M(256M) 7.669ms
[256.831s][info][gc,cpu      ] GC(468) User=0.01s Sys=0.00s Real=0.00s
[257.074s][info][gc,start    ] GC(469) Pause Young (Concurrent Start) (G1 Humongous Allocation)
[257.074s][info][gc,task     ] GC(469) Using 2 workers of 2 for evacuation
[257.079s][info][gc,phases   ] GC(469)   Pre Evacuate Collection Set: 0.16ms
[257.079s][info][gc,phases   ] GC(469)   Merge Heap Roots: 0.05ms
[257.079s][info][gc,phases   ] GC(469)   Evacuate Collection Set: 4.48ms
[257.079s][info][gc,phases   ] GC(469)   Post Evacuate Collection Set: 0.31ms
[257.079s][info][gc,phases   ] GC(469)   Other: 0.08ms
[257.079s][info][gc,heap     ] GC(469) Eden regions: 60->0(146)
[257.079s][info][gc,heap     ] GC(469) Survivor regions: 8->7(20)
[257.079s][info][gc,heap     ] GC(469) Old regions: 36->36
[257.079s][info][gc,heap     ] GC(469) Humongous regions: 3->1
[257.080s][info][gc,metaspace] GC(469) Metaspace: 42493K(42880K)->42493K(42880K) NonClass: 39689K(39936K)->39689K(39936K) Class: 2803K(2944K)->2803K(2944K)
[257.080s][info][gc          ] GC(469) Pause Young (Concurrent Start) (G1 Humongous Allocation) 106M->43M(256M) 5.246ms
[257.080s][info][gc          ] GC(470) Concurrent Mark Cycle
[257.080s][info][gc,marking  ] GC(470) Concurrent Scan Root Regions
[257.080s][info][gc,cpu      ] GC(469) User=0.01s Sys=0.00s Real=0.00s
[257.092s][info][gc,marking  ] GC(470) Concurrent Scan Root Regions 12.673ms
[257.092s][info][gc,marking  ] GC(470) Concurrent Mark
[257.092s][info][gc,marking  ] GC(470) Concurrent Mark From Roots
[257.092s][info][gc,task     ] GC(470) Using 1 workers of 1 for marking
[257.130s][info][gc,marking  ] GC(470) Concurrent Mark From Roots 37.737ms
[257.130s][info][gc,marking  ] GC(470) Concurrent Preclean
[257.130s][info][gc,marking  ] GC(470) Concurrent Preclean 0.037ms
[257.130s][info][gc,start    ] GC(470) Pause Remark
[257.142s][info][gc          ] GC(470) Pause Remark 56M->56M(256M) 11.944ms
[257.142s][info][gc,cpu      ] GC(470) User=0.03s Sys=0.00s Real=0.02s
[257.142s][info][gc,marking  ] GC(470) Concurrent Mark 49.955ms
[257.142s][info][gc,marking  ] GC(470) Concurrent Rebuild Remembered Sets and Scrub Regions
[257.155s][info][gc,marking  ] GC(470) Concurrent Rebuild Remembered Sets and Scrub Regions 12.693ms
[257.155s][info][gc,start    ] GC(470) Pause Cleanup
[257.155s][info][gc          ] GC(470) Pause Cleanup 58M->58M(256M) 0.042ms
[257.155s][info][gc,cpu      ] GC(470) User=0.00s Sys=0.00s Real=0.00s
[257.155s][info][gc,marking  ] GC(470) Concurrent Clear Claimed Marks
[257.155s][info][gc,marking  ] GC(470) Concurrent Clear Claimed Marks 0.034ms
[257.155s][info][gc,marking  ] GC(470) Concurrent Cleanup for Next Mark
[257.156s][info][gc,marking  ] GC(470) Concurrent Cleanup for Next Mark 0.757ms
[257.156s][info][gc          ] GC(470) Concurrent Mark Cycle 76.465ms
[257.743s][info][gc,start    ] GC(471) Pause Young (Prepare Mixed) (G1 Evacuation Pause)
[257.743s][info][gc,task     ] GC(471) Using 2 workers of 2 for evacuation
[257.756s][info][gc,phases   ] GC(471)   Pre Evacuate Collection Set: 0.21ms
[257.756s][info][gc,phases   ] GC(471)   Merge Heap Roots: 0.12ms
[257.756s][info][gc,phases   ] GC(471)   Evacuate Collection Set: 12.32ms
[257.756s][info][gc,phases   ] GC(471)   Post Evacuate Collection Set: 0.48ms
[257.756s][info][gc,phases   ] GC(471)   Other: 0.08ms
[257.756s][info][gc,heap     ] GC(471) Eden regions: 146->0(135)
[257.756s][info][gc,heap     ] GC(471) Survivor regions: 7->18(20)
[257.756s][info][gc,heap     ] GC(471) Old regions: 36->36
[257.756s][info][gc,heap     ] GC(471) Humongous regions: 18->3
[257.756s][info][gc,metaspace] GC(471) Metaspace: 42506K(42880K)->42506K(42880K) NonClass: 39702K(39936K)->39702K(39936K) Class: 2803K(2944K)->2803K(2944K)
[257.756s][info][gc          ] GC(471) Pause Young (Prepare Mixed) (G1 Evacuation Pause) 206M->56M(256M) 13.428ms
[257.756s][info][gc,cpu      ] GC(471) User=0.03s Sys=0.00s Real=0.01s
[258.317s][info][gc,start    ] GC(472) Pause Young (Mixed) (G1 Evacuation Pause)
[258.317s][info][gc,task     ] GC(472) Using 2 workers of 2 for evacuation
[258.330s][info][gc,phases   ] GC(472)   Pre Evacuate Collection Set: 0.16ms
[258.330s][info][gc,phases   ] GC(472)   Merge Heap Roots: 0.07ms
[258.330s][info][gc,phases   ] GC(472)   Evacuate Collection Set: 12.47ms
[258.330s][info][gc,phases   ] GC(472)   Post Evacuate Collection Set: 0.41ms
[258.330s][info][gc,phases   ] GC(472)   Other: 0.10ms
[258.330s][info][gc,heap     ] GC(472) Eden regions: 135->0(144)
[258.330s][info][gc,heap     ] GC(472) Survivor regions: 18->9(20)
[258.330s][info][gc,heap     ] GC(472) Old regions: 36->40
[258.330s][info][gc,heap     ] GC(472) Humongous regions: 6->3
[258.330s][info][gc,metaspace] GC(472) Metaspace: 42506K(42880K)->42506K(42880K) NonClass: 39702K(39936K)->39702K(39936K) Class: 2803K(2944K)->2803K(2944K)
[258.330s][info][gc          ] GC(472) Pause Young (Mixed) (G1 Evacuation Pause) 194M->51M(256M) 13.429ms
[258.330s][info][gc,cpu      ] GC(472) User=0.02s Sys=0.00s Real=0.01s
[258.370s][info][gc,start    ] GC(473) Pause Young (Concurrent Start) (G1 Humongous Allocation)
[258.370s][info][gc,task     ] GC(473) Using 2 workers of 2 for evacuation
[258.374s][info][gc,phases   ] GC(473)   Pre Evacuate Collection Set: 0.15ms
[258.374s][info][gc,phases   ] GC(473)   Merge Heap Roots: 0.03ms
[258.374s][info][gc,phases   ] GC(473)   Evacuate Collection Set: 3.34ms
[258.374s][info][gc,phases   ] GC(473)   Post Evacuate Collection Set: 0.33ms
[258.374s][info][gc,phases   ] GC(473)   Other: 0.09ms
[258.374s][info][gc,heap     ] GC(473) Eden regions: 8->0(152)
[258.374s][info][gc,heap     ] GC(473) Survivor regions: 9->1(20)
[258.374s][info][gc,heap     ] GC(473) Old regions: 40->40
[258.374s][info][gc,heap     ] GC(473) Humongous regions: 3->1
[258.374s][info][gc,metaspace] GC(473) Metaspace: 42506K(42880K)->42506K(42880K) NonClass: 39702K(39936K)->39702K(39936K) Class: 2803K(2944K)->2803K(2944K)
[258.374s][info][gc          ] GC(473) Pause Young (Concurrent Start) (G1 Humongous Allocation) 59M->41M(256M) 4.123ms
[258.375s][info][gc,cpu      ] GC(473) User=0.01s Sys=0.00s Real=0.01s
[258.375s][info][gc          ] GC(474) Concurrent Mark Cycle
[258.375s][info][gc,marking  ] GC(474) Concurrent Scan Root Regions
[258.376s][info][gc,marking  ] GC(474) Concurrent Scan Root Regions 1.377ms
[258.376s][info][gc,marking  ] GC(474) Concurrent Mark
[258.376s][info][gc,marking  ] GC(474) Concurrent Mark From Roots
[258.376s][info][gc,task     ] GC(474) Using 1 workers of 1 for marking
[258.427s][info][gc,marking  ] GC(474) Concurrent Mark From Roots 50.893ms
[258.427s][info][gc,marking  ] GC(474) Concurrent Preclean
[258.427s][info][gc,marking  ] GC(474) Concurrent Preclean 0.039ms
[258.427s][info][gc,start    ] GC(474) Pause Remark
[258.439s][info][gc          ] GC(474) Pause Remark 53M->53M(256M) 12.223ms
[258.439s][info][gc,cpu      ] GC(474) User=0.02s Sys=0.00s Real=0.01s
[258.439s][info][gc,marking  ] GC(474) Concurrent Mark 63.443ms
[258.439s][info][gc,marking  ] GC(474) Concurrent Rebuild Remembered Sets and Scrub Regions
[258.457s][info][gc,marking  ] GC(474) Concurrent Rebuild Remembered Sets and Scrub Regions 17.429ms
[258.457s][info][gc,start    ] GC(474) Pause Cleanup
[258.457s][info][gc          ] GC(474) Pause Cleanup 56M->56M(256M) 0.048ms
[258.457s][info][gc,cpu      ] GC(474) User=0.00s Sys=0.00s Real=0.00s
[258.457s][info][gc,marking  ] GC(474) Concurrent Clear Claimed Marks
[258.457s][info][gc,marking  ] GC(474) Concurrent Clear Claimed Marks 0.036ms
[258.457s][info][gc,marking  ] GC(474) Concurrent Cleanup for Next Mark
[258.458s][info][gc,marking  ] GC(474) Concurrent Cleanup for Next Mark 0.734ms
[258.458s][info][gc          ] GC(474) Concurrent Mark Cycle 83.359ms
[258.942s][info][gc,start    ] GC(475) Pause Young (Prepare Mixed) (G1 Evacuation Pause)
[258.942s][info][gc,task     ] GC(475) Using 2 workers of 2 for evacuation
[258.958s][info][gc,phases   ] GC(475)   Pre Evacuate Collection Set: 0.17ms
[258.958s][info][gc,phases   ] GC(475)   Merge Heap Roots: 0.07ms
[258.958s][info][gc,phases   ] GC(475)   Evacuate Collection Set: 14.94ms
[258.958s][info][gc,phases   ] GC(475)   Post Evacuate Collection Set: 0.43ms
[258.958s][info][gc,phases   ] GC(475)   Other: 0.09ms
[258.958s][info][gc,heap     ] GC(475) Eden regions: 152->0(133)
[258.958s][info][gc,heap     ] GC(475) Survivor regions: 1->20(20)
[258.958s][info][gc,heap     ] GC(475) Old regions: 40->40
[258.958s][info][gc,heap     ] GC(475) Humongous regions: 9->3
[258.958s][info][gc,metaspace] GC(475) Metaspace: 42506K(42880K)->42506K(42880K) NonClass: 39702K(39936K)->39702K(39936K) Class: 2803K(2944K)->2803K(2944K)
[258.958s][info][gc          ] GC(475) Pause Young (Prepare Mixed) (G1 Evacuation Pause) 201M->62M(256M) 15.884ms
[258.958s][info][gc,cpu      ] GC(475) User=0.03s Sys=0.00s Real=0.01s
[259.561s][info][gc,start    ] GC(476) Pause Young (Mixed) (G1 Evacuation Pause)
[259.561s][info][gc,task     ] GC(476) Using 2 workers of 2 for evacuation
[259.572s][info][gc,phases   ] GC(476)   Pre Evacuate Collection Set: 0.18ms
[259.572s][info][gc,phases   ] GC(476)   Merge Heap Roots: 0.10ms
[259.572s][info][gc,phases   ] GC(476)   Evacuate Collection Set: 9.60ms
[259.572s][info][gc,phases   ] GC(476)   Post Evacuate Collection Set: 0.52ms
[259.572s][info][gc,phases   ] GC(476)   Other: 0.10ms
[259.572s][info][gc,heap     ] GC(476) Eden regions: 133->0(151)
[259.572s][info][gc,heap     ] GC(476) Survivor regions: 20->2(20)
[259.572s][info][gc,heap     ] GC(476) Old regions: 40->39
[259.572s][info][gc,heap     ] GC(476) Humongous regions: 7->3
[259.572s][info][gc,metaspace] GC(476) Metaspace: 42506K(42880K)->42506K(42880K) NonClass: 39702K(39936K)->39702K(39936K) Class: 2803K(2944K)->2803K(2944K)
[259.572s][info][gc          ] GC(476) Pause Young (Mixed) (G1 Evacuation Pause) 199M->43M(256M) 10.689ms
[259.572s][info][gc,cpu      ] GC(476) User=0.02s Sys=0.00s Real=0.01s
[259.726s][info][gc,start    ] GC(477) Pause Young (Concurrent Start) (G1 Humongous Allocation)
[259.726s][info][gc,task     ] GC(477) Using 2 workers of 2 for evacuation
[259.728s][info][gc,phases   ] GC(477)   Pre Evacuate Collection Set: 0.20ms
[259.728s][info][gc,phases   ] GC(477)   Merge Heap Roots: 0.06ms
[259.728s][info][gc,phases   ] GC(477)   Evacuate Collection Set: 1.82ms
[259.728s][info][gc,phases   ] GC(477)   Post Evacuate Collection Set: 0.27ms
[259.728s][info][gc,phases   ] GC(477)   Other: 0.13ms
[259.728s][info][gc,heap     ] GC(477) Eden regions: 18->0(151)
[259.728s][info][gc,heap     ] GC(477) Survivor regions: 2->2(20)
[259.728s][info][gc,heap     ] GC(477) Old regions: 39->39
[259.728s][info][gc,heap     ] GC(477) Humongous regions: 3->1
[259.728s][info][gc,metaspace] GC(477) Metaspace: 42506K(42880K)->42506K(42880K) NonClass: 39702K(39936K)->39702K(39936K) Class: 2803K(2944K)->2803K(2944K)
[259.728s][info][gc          ] GC(477) Pause Young (Concurrent Start) (G1 Humongous Allocation) 61M->41M(256M) 2.650ms
[259.728s][info][gc,cpu      ] GC(477) User=0.00s Sys=0.00s Real=0.00s
[259.728s][info][gc          ] GC(478) Concurrent Mark Cycle
[259.729s][info][gc,marking  ] GC(478) Concurrent Scan Root Regions
[259.730s][info][gc,marking  ] GC(478) Concurrent Scan Root Regions 1.631ms
[259.730s][info][gc,marking  ] GC(478) Concurrent Mark
[259.730s][info][gc,marking  ] GC(478) Concurrent Mark From Roots
[259.730s][info][gc,task     ] GC(478) Using 1 workers of 1 for marking
[259.778s][info][gc,marking  ] GC(478) Concurrent Mark From Roots 48.272ms
[259.778s][info][gc,marking  ] GC(478) Concurrent Preclean
[259.779s][info][gc,marking  ] GC(478) Concurrent Preclean 0.040ms
[259.779s][info][gc,start    ] GC(478) Pause Remark
[259.791s][info][gc          ] GC(478) Pause Remark 56M->56M(256M) 12.145ms
[259.791s][info][gc,cpu      ] GC(478) User=0.02s Sys=0.00s Real=0.01s
[259.791s][info][gc,marking  ] GC(478) Concurrent Mark 60.723ms
[259.791s][info][gc,marking  ] GC(478) Concurrent Rebuild Remembered Sets and Scrub Regions
[259.809s][info][gc,marking  ] GC(478) Concurrent Rebuild Remembered Sets and Scrub Regions 18.168ms
[259.809s][info][gc,start    ] GC(478) Pause Cleanup
[259.809s][info][gc          ] GC(478) Pause Cleanup 59M->59M(256M) 0.046ms
[259.809s][info][gc,cpu      ] GC(478) User=0.00s Sys=0.00s Real=0.00s
[259.809s][info][gc,marking  ] GC(478) Concurrent Clear Claimed Marks
[259.809s][info][gc,marking  ] GC(478) Concurrent Clear Claimed Marks 0.036ms
[259.809s][info][gc,marking  ] GC(478) Concurrent Cleanup for Next Mark
[259.810s][info][gc,marking  ] GC(478) Concurrent Cleanup for Next Mark 0.762ms
[259.810s][info][gc          ] GC(478) Concurrent Mark Cycle 81.651ms
[260.279s][info][gc,start    ] GC(479) Pause Young (Prepare Mixed) (G1 Evacuation Pause)
[260.279s][info][gc,task     ] GC(479) Using 2 workers of 2 for evacuation
[260.283s][info][gc,phases   ] GC(479)   Pre Evacuate Collection Set: 0.15ms
[260.283s][info][gc,phases   ] GC(479)   Merge Heap Roots: 0.07ms
[260.283s][info][gc,phases   ] GC(479)   Evacuate Collection Set: 2.69ms
[260.283s][info][gc,phases   ] GC(479)   Post Evacuate Collection Set: 0.40ms
[260.283s][info][gc,phases   ] GC(479)   Other: 0.08ms
[260.283s][info][gc,heap     ] GC(479) Eden regions: 151->0(150)
[260.283s][info][gc,heap     ] GC(479) Survivor regions: 2->3(20)
[260.283s][info][gc,heap     ] GC(479) Old regions: 39->39
[260.283s][info][gc,heap     ] GC(479) Humongous regions: 15->3
[260.283s][info][gc,metaspace] GC(479) Metaspace: 42506K(42880K)->42506K(42880K) NonClass: 39702K(39936K)->39702K(39936K) Class: 2803K(2944K)->2803K(2944K)
[260.283s][info][gc          ] GC(479) Pause Young (Prepare Mixed) (G1 Evacuation Pause) 206M->44M(256M) 3.612ms
[260.283s][info][gc,cpu      ] GC(479) User=0.00s Sys=0.01s Real=0.01s
[260.834s][info][gc,start    ] GC(480) Pause Young (Mixed) (G1 Evacuation Pause)
[260.835s][info][gc,task     ] GC(480) Using 2 workers of 2 for evacuation
[260.844s][info][gc,phases   ] GC(480)   Pre Evacuate Collection Set: 0.18ms
[260.844s][info][gc,phases   ] GC(480)   Merge Heap Roots: 0.07ms
[260.844s][info][gc,phases   ] GC(480)   Evacuate Collection Set: 8.69ms
[260.844s][info][gc,phases   ] GC(480)   Post Evacuate Collection Set: 0.43ms
[260.844s][info][gc,phases   ] GC(480)   Other: 0.10ms
[260.844s][info][gc,heap     ] GC(480) Eden regions: 150->0(145)
[260.844s][info][gc,heap     ] GC(480) Survivor regions: 3->8(20)
[260.844s][info][gc,heap     ] GC(480) Old regions: 39->38
[260.844s][info][gc,heap     ] GC(480) Humongous regions: 13->3
[260.844s][info][gc,metaspace] GC(480) Metaspace: 42515K(42880K)->42515K(42880K) NonClass: 39710K(39936K)->39710K(39936K) Class: 2804K(2944K)->2804K(2944K)
[260.844s][info][gc          ] GC(480) Pause Young (Mixed) (G1 Evacuation Pause) 204M->47M(256M) 9.668ms
[260.844s][info][gc,cpu      ] GC(480) User=0.02s Sys=0.00s Real=0.01s
[260.877s][info][gc,start    ] GC(481) Pause Young (Concurrent Start) (G1 Humongous Allocation)
[260.877s][info][gc,task     ] GC(481) Using 2 workers of 2 for evacuation
[260.881s][info][gc,phases   ] GC(481)   Pre Evacuate Collection Set: 0.16ms
[260.881s][info][gc,phases   ] GC(481)   Merge Heap Roots: 0.04ms
[260.881s][info][gc,phases   ] GC(481)   Evacuate Collection Set: 2.69ms
[260.881s][info][gc,phases   ] GC(481)   Post Evacuate Collection Set: 0.26ms
[260.881s][info][gc,phases   ] GC(481)   Other: 0.08ms
[260.881s][info][gc,heap     ] GC(481) Eden regions: 7->0(149)
[260.881s][info][gc,heap     ] GC(481) Survivor regions: 8->4(20)
[260.881s][info][gc,heap     ] GC(481) Old regions: 38->38
[260.881s][info][gc,heap     ] GC(481) Humongous regions: 3->1
[260.881s][info][gc,metaspace] GC(481) Metaspace: 42515K(42880K)->42515K(42880K) NonClass: 39710K(39936K)->39710K(39936K) Class: 2804K(2944K)->2804K(2944K)
[260.881s][info][gc          ] GC(481) Pause Young (Concurrent Start) (G1 Humongous Allocation) 54M->41M(256M) 3.392ms
[260.881s][info][gc,cpu      ] GC(481) User=0.01s Sys=0.00s Real=0.00s
[260.881s][info][gc          ] GC(482) Concurrent Mark Cycle
[260.881s][info][gc,marking  ] GC(482) Concurrent Scan Root Regions
[260.886s][info][gc,marking  ] GC(482) Concurrent Scan Root Regions 5.486ms
[260.886s][info][gc,marking  ] GC(482) Concurrent Mark
[260.886s][info][gc,marking  ] GC(482) Concurrent Mark From Roots
[260.886s][info][gc,task     ] GC(482) Using 1 workers of 1 for marking
[260.933s][info][gc,marking  ] GC(482) Concurrent Mark From Roots 46.848ms
[260.933s][info][gc,marking  ] GC(482) Concurrent Preclean
[260.933s][info][gc,marking  ] GC(482) Concurrent Preclean 0.037ms
[260.934s][info][gc,start    ] GC(482) Pause Remark
[260.946s][info][gc          ] GC(482) Pause Remark 54M->54M(256M) 12.273ms
[260.946s][info][gc,cpu      ] GC(482) User=0.03s Sys=0.00s Real=0.01s
[260.947s][info][gc,marking  ] GC(482) Concurrent Mark 60.271ms
[260.947s][info][gc,marking  ] GC(482) Concurrent Rebuild Remembered Sets and Scrub Regions
[260.966s][info][gc,marking  ] GC(482) Concurrent Rebuild Remembered Sets and Scrub Regions 19.761ms
[260.967s][info][gc,start    ] GC(482) Pause Cleanup
[260.967s][info][gc          ] GC(482) Pause Cleanup 55M->55M(256M) 0.044ms
[260.967s][info][gc,cpu      ] GC(482) User=0.00s Sys=0.00s Real=0.00s
[260.967s][info][gc,marking  ] GC(482) Concurrent Clear Claimed Marks
[260.967s][info][gc,marking  ] GC(482) Concurrent Clear Claimed Marks 0.043ms
[260.967s][info][gc,marking  ] GC(482) Concurrent Cleanup for Next Mark
[260.968s][info][gc,marking  ] GC(482) Concurrent Cleanup for Next Mark 0.775ms
[260.968s][info][gc          ] GC(482) Concurrent Mark Cycle 87.011ms
[261.555s][info][gc,start    ] GC(483) Pause Young (Prepare Mixed) (G1 Evacuation Pause)
[261.555s][info][gc,task     ] GC(483) Using 2 workers of 2 for evacuation
[261.569s][info][gc,phases   ] GC(483)   Pre Evacuate Collection Set: 0.15ms
[261.569s][info][gc,phases   ] GC(483)   Merge Heap Roots: 0.07ms
[261.569s][info][gc,phases   ] GC(483)   Evacuate Collection Set: 13.04ms
[261.569s][info][gc,phases   ] GC(483)   Post Evacuate Collection Set: 0.45ms
[261.569s][info][gc,phases   ] GC(483)   Other: 0.07ms
[261.569s][info][gc,heap     ] GC(483) Eden regions: 149->0(134)
[261.569s][info][gc,heap     ] GC(483) Survivor regions: 4->19(20)
[261.569s][info][gc,heap     ] GC(483) Old regions: 38->38
[261.569s][info][gc,heap     ] GC(483) Humongous regions: 11->3
[261.569s][info][gc,metaspace] GC(483) Metaspace: 42515K(42880K)->42515K(42880K) NonClass: 39710K(39936K)->39710K(39936K) Class: 2804K(2944K)->2804K(2944K)
[261.569s][info][gc          ] GC(483) Pause Young (Prepare Mixed) (G1 Evacuation Pause) 200M->58M(256M) 13.981ms
[261.569s][info][gc,cpu      ] GC(483) User=0.03s Sys=0.00s Real=0.01s
[262.066s][info][gc,start    ] GC(484) Pause Young (Mixed) (G1 Evacuation Pause)
[262.066s][info][gc,task     ] GC(484) Using 2 workers of 2 for evacuation
[262.092s][info][gc,phases   ] GC(484)   Pre Evacuate Collection Set: 0.16ms
[262.092s][info][gc,phases   ] GC(484)   Merge Heap Roots: 0.08ms
[262.092s][info][gc,phases   ] GC(484)   Evacuate Collection Set: 24.67ms
[262.092s][info][gc,phases   ] GC(484)   Post Evacuate Collection Set: 0.42ms
[262.092s][info][gc,phases   ] GC(484)   Other: 0.07ms
[262.092s][info][gc,heap     ] GC(484) Eden regions: 134->0(140)
[262.092s][info][gc,heap     ] GC(484) Survivor regions: 19->13(20)
[262.092s][info][gc,heap     ] GC(484) Old regions: 38->49
[262.092s][info][gc,heap     ] GC(484) Humongous regions: 3->3
[262.092s][info][gc,metaspace] GC(484) Metaspace: 42515K(42880K)->42515K(42880K) NonClass: 39710K(39936K)->39710K(39936K) Class: 2804K(2944K)->2804K(2944K)
[262.092s][info][gc          ] GC(484) Pause Young (Mixed) (G1 Evacuation Pause) 192M->65M(256M) 25.567ms
[262.092s][info][gc,cpu      ] GC(484) User=0.05s Sys=0.00s Real=0.02s
[262.627s][info][gc,start    ] GC(485) Pause Young (Concurrent Start) (G1 Humongous Allocation)
[262.627s][info][gc,task     ] GC(485) Using 2 workers of 2 for evacuation
[262.676s][info][gc,phases   ] GC(485)   Pre Evacuate Collection Set: 0.18ms
[262.676s][info][gc,phases   ] GC(485)   Merge Heap Roots: 0.11ms
[262.676s][info][gc,phases   ] GC(485)   Evacuate Collection Set: 48.12ms
[262.676s][info][gc,phases   ] GC(485)   Post Evacuate Collection Set: 0.48ms
[262.676s][info][gc,phases   ] GC(485)   Other: 0.09ms
[262.676s][info][gc,heap     ] GC(485) Eden regions: 128->0(109)
[262.676s][info][gc,heap     ] GC(485) Survivor regions: 13->20(20)
[262.676s][info][gc,heap     ] GC(485) Old regions: 49->78
[262.676s][info][gc,heap     ] GC(485) Humongous regions: 3->1
[262.676s][info][gc,metaspace] GC(485) Metaspace: 42515K(42880K)->42515K(42880K) NonClass: 39710K(39936K)->39710K(39936K) Class: 2804K(2944K)->2804K(2944K)
[262.676s][info][gc          ] GC(485) Pause Young (Concurrent Start) (G1 Humongous Allocation) 193M->99M(256M) 49.180ms
[262.676s][info][gc,cpu      ] GC(485) User=0.10s Sys=0.00s Real=0.05s
[262.676s][info][gc          ] GC(486) Concurrent Mark Cycle
[262.677s][info][gc,marking  ] GC(486) Concurrent Scan Root Regions
[262.736s][info][gc,marking  ] GC(486) Concurrent Scan Root Regions 58.704ms
[262.736s][info][gc,marking  ] GC(486) Concurrent Mark
[262.736s][info][gc,marking  ] GC(486) Concurrent Mark From Roots
[262.736s][info][gc,task     ] GC(486) Using 1 workers of 1 for marking
[262.798s][info][gc,marking  ] GC(486) Concurrent Mark From Roots 61.833ms
[262.798s][info][gc,marking  ] GC(486) Concurrent Preclean
[262.798s][info][gc,marking  ] GC(486) Concurrent Preclean 0.040ms
[262.798s][info][gc,start    ] GC(486) Pause Remark
[262.810s][info][gc          ] GC(486) Pause Remark 134M->134M(256M) 12.071ms
[262.810s][info][gc,cpu      ] GC(486) User=0.02s Sys=0.00s Real=0.01s
[262.810s][info][gc,marking  ] GC(486) Concurrent Mark 74.241ms
[262.810s][info][gc,marking  ] GC(486) Concurrent Rebuild Remembered Sets and Scrub Regions
[262.857s][info][gc,marking  ] GC(486) Concurrent Rebuild Remembered Sets and Scrub Regions 47.333ms
[262.858s][info][gc,start    ] GC(486) Pause Cleanup
[262.858s][info][gc          ] GC(486) Pause Cleanup 144M->144M(256M) 0.047ms
[262.858s][info][gc,cpu      ] GC(486) User=0.00s Sys=0.00s Real=0.00s
[262.858s][info][gc,marking  ] GC(486) Concurrent Clear Claimed Marks
[262.858s][info][gc,marking  ] GC(486) Concurrent Clear Claimed Marks 0.039ms
[262.858s][info][gc,marking  ] GC(486) Concurrent Cleanup for Next Mark
[262.858s][info][gc,marking  ] GC(486) Concurrent Cleanup for Next Mark 0.789ms
[262.858s][info][gc          ] GC(486) Concurrent Mark Cycle 182.165ms
[263.089s][info][gc,start    ] GC(487) Pause Young (Prepare Mixed) (G1 Evacuation Pause)
[263.089s][info][gc,task     ] GC(487) Using 2 workers of 2 for evacuation
[263.125s][info][gc,phases   ] GC(487)   Pre Evacuate Collection Set: 0.19ms
[263.125s][info][gc,phases   ] GC(487)   Merge Heap Roots: 0.31ms
[263.125s][info][gc,phases   ] GC(487)   Evacuate Collection Set: 35.00ms
[263.125s][info][gc,phases   ] GC(487)   Post Evacuate Collection Set: 0.43ms
[263.125s][info][gc,phases   ] GC(487)   Other: 0.09ms
[263.125s][info][gc,heap     ] GC(487) Eden regions: 109->0(95)
[263.125s][info][gc,heap     ] GC(487) Survivor regions: 20->15(17)
[263.125s][info][gc,heap     ] GC(487) Old regions: 78->99
[263.125s][info][gc,heap     ] GC(487) Humongous regions: 5->3
[263.125s][info][gc,metaspace] GC(487) Metaspace: 42515K(42880K)->42515K(42880K) NonClass: 39710K(39936K)->39710K(39936K) Class: 2804K(2944K)->2804K(2944K)
[263.125s][info][gc          ] GC(487) Pause Young (Prepare Mixed) (G1 Evacuation Pause) 212M->116M(256M) 36.226ms
[263.125s][info][gc,cpu      ] GC(487) User=0.07s Sys=0.00s Real=0.04s
[263.474s][info][gc,start    ] GC(488) Pause Young (Mixed) (G1 Evacuation Pause)
[263.475s][info][gc,task     ] GC(488) Using 2 workers of 2 for evacuation
[263.485s][info][gc,phases   ] GC(488)   Pre Evacuate Collection Set: 0.17ms
[263.485s][info][gc,phases   ] GC(488)   Merge Heap Roots: 0.10ms
[263.485s][info][gc,phases   ] GC(488)   Evacuate Collection Set: 9.72ms
[263.485s][info][gc,phases   ] GC(488)   Post Evacuate Collection Set: 0.37ms
[263.485s][info][gc,phases   ] GC(488)   Other: 0.07ms
[263.485s][info][gc,heap     ] GC(488) Eden regions: 95->0(107)
[263.485s][info][gc,heap     ] GC(488) Survivor regions: 15->3(14)
[263.485s][info][gc,heap     ] GC(488) Old regions: 99->104
[263.485s][info][gc,heap     ] GC(488) Humongous regions: 9->3
[263.485s][info][gc,metaspace] GC(488) Metaspace: 42515K(42880K)->42515K(42880K) NonClass: 39710K(39936K)->39710K(39936K) Class: 2804K(2944K)->2804K(2944K)
[263.485s][info][gc          ] GC(488) Pause Young (Mixed) (G1 Evacuation Pause) 217M->109M(256M) 10.642ms
[263.485s][info][gc,cpu      ] GC(488) User=0.02s Sys=0.00s Real=0.01s
[263.522s][info][gc,start    ] GC(489) Pause Young (Concurrent Start) (G1 Humongous Allocation)
[263.522s][info][gc,task     ] GC(489) Using 2 workers of 2 for evacuation
[263.523s][info][gc,phases   ] GC(489)   Pre Evacuate Collection Set: 0.17ms
[263.523s][info][gc,phases   ] GC(489)   Merge Heap Roots: 0.04ms
[263.523s][info][gc,phases   ] GC(489)   Evacuate Collection Set: 1.19ms
[263.523s][info][gc,phases   ] GC(489)   Post Evacuate Collection Set: 0.26ms
[263.523s][info][gc,phases   ] GC(489)   Other: 0.08ms
[263.523s][info][gc,heap     ] GC(489) Eden regions: 13->0(115)
[263.523s][info][gc,heap     ] GC(489) Survivor regions: 3->2(14)
[263.523s][info][gc,heap     ] GC(489) Old regions: 104->104
[263.523s][info][gc,heap     ] GC(489) Humongous regions: 3->1
[263.523s][info][gc,metaspace] GC(489) Metaspace: 42515K(42880K)->42515K(42880K) NonClass: 39710K(39936K)->39710K(39936K) Class: 2804K(2944K)->2804K(2944K)
[263.523s][info][gc          ] GC(489) Pause Young (Concurrent Start) (G1 Humongous Allocation) 122M->106M(256M) 1.906ms
[263.523s][info][gc          ] GC(490) Concurrent Mark Cycle
[263.523s][info][gc,marking  ] GC(490) Concurrent Scan Root Regions
[263.524s][info][gc,cpu      ] GC(489) User=0.01s Sys=0.00s Real=0.01s
[263.525s][info][gc,marking  ] GC(490) Concurrent Scan Root Regions 1.073ms
[263.525s][info][gc,marking  ] GC(490) Concurrent Mark
[263.525s][info][gc,marking  ] GC(490) Concurrent Mark From Roots
[263.525s][info][gc,task     ] GC(490) Using 1 workers of 1 for marking
[263.589s][info][gc,marking  ] GC(490) Concurrent Mark From Roots 64.001ms
[263.589s][info][gc,marking  ] GC(490) Concurrent Preclean
[263.589s][info][gc,marking  ] GC(490) Concurrent Preclean 0.038ms
[263.589s][info][gc,start    ] GC(490) Pause Remark
[263.601s][info][gc          ] GC(490) Pause Remark 123M->110M(256M) 12.264ms
[263.601s][info][gc,cpu      ] GC(490) User=0.02s Sys=0.01s Real=0.01s
[263.601s][info][gc,marking  ] GC(490) Concurrent Mark 76.588ms
[263.601s][info][gc,marking  ] GC(490) Concurrent Rebuild Remembered Sets and Scrub Regions
[263.622s][info][gc,marking  ] GC(490) Concurrent Rebuild Remembered Sets and Scrub Regions 20.566ms
[263.622s][info][gc,start    ] GC(490) Pause Cleanup
[263.622s][info][gc          ] GC(490) Pause Cleanup 114M->114M(256M) 0.072ms
[263.622s][info][gc,cpu      ] GC(490) User=0.00s Sys=0.00s Real=0.01s
[263.622s][info][gc,marking  ] GC(490) Concurrent Clear Claimed Marks
[263.622s][info][gc,marking  ] GC(490) Concurrent Clear Claimed Marks 0.038ms
[263.622s][info][gc,marking  ] GC(490) Concurrent Cleanup for Next Mark
[263.623s][info][gc,marking  ] GC(490) Concurrent Cleanup for Next Mark 0.721ms
[263.623s][info][gc          ] GC(490) Concurrent Mark Cycle 99.362ms
[263.961s][info][gc,start    ] GC(491) Pause Young (Prepare Mixed) (G1 Evacuation Pause)
[263.961s][info][gc,task     ] GC(491) Using 2 workers of 2 for evacuation
[263.967s][info][gc,phases   ] GC(491)   Pre Evacuate Collection Set: 0.21ms
[263.967s][info][gc,phases   ] GC(491)   Merge Heap Roots: 0.07ms
[263.967s][info][gc,phases   ] GC(491)   Evacuate Collection Set: 4.74ms
[263.967s][info][gc,phases   ] GC(491)   Post Evacuate Collection Set: 0.36ms
[263.967s][info][gc,phases   ] GC(491)   Other: 0.08ms
[263.967s][info][gc,heap     ] GC(491) Eden regions: 115->0(122)
[263.967s][info][gc,heap     ] GC(491) Survivor regions: 2->7(15)
[263.967s][info][gc,heap     ] GC(491) Old regions: 91->91
[263.967s][info][gc,heap     ] GC(491) Humongous regions: 7->3
[263.967s][info][gc,metaspace] GC(491) Metaspace: 42516K(42880K)->42516K(42880K) NonClass: 39712K(39936K)->39712K(39936K) Class: 2804K(2944K)->2804K(2944K)
[263.967s][info][gc          ] GC(491) Pause Young (Prepare Mixed) (G1 Evacuation Pause) 214M->100M(256M) 5.661ms
[263.967s][info][gc,cpu      ] GC(491) User=0.01s Sys=0.00s Real=0.01s
[264.419s][info][gc,start    ] GC(492) Pause Young (Mixed) (G1 Evacuation Pause)
[264.419s][info][gc,task     ] GC(492) Using 2 workers of 2 for evacuation
[264.425s][info][gc,phases   ] GC(492)   Pre Evacuate Collection Set: 0.18ms
[264.425s][info][gc,phases   ] GC(492)   Merge Heap Roots: 0.11ms
[264.425s][info][gc,phases   ] GC(492)   Evacuate Collection Set: 4.85ms
[264.425s][info][gc,phases   ] GC(492)   Post Evacuate Collection Set: 0.37ms
[264.425s][info][gc,phases   ] GC(492)   Other: 0.08ms
[264.425s][info][gc,heap     ] GC(492) Eden regions: 122->0(147)
[264.425s][info][gc,heap     ] GC(492) Survivor regions: 7->6(17)
[264.425s][info][gc,heap     ] GC(492) Old regions: 91->65
[264.425s][info][gc,heap     ] GC(492) Humongous regions: 5->3
[264.425s][info][gc,metaspace] GC(492) Metaspace: 42516K(42880K)->42516K(42880K) NonClass: 39712K(39936K)->39712K(39936K) Class: 2804K(2944K)->2804K(2944K)
[264.425s][info][gc          ] GC(492) Pause Young (Mixed) (G1 Evacuation Pause) 224M->73M(256M) 5.814ms
[264.425s][info][gc,cpu      ] GC(492) User=0.01s Sys=0.00s Real=0.01s
[264.922s][info][gc,start    ] GC(493) Pause Young (Mixed) (G1 Evacuation Pause)
[264.922s][info][gc,task     ] GC(493) Using 2 workers of 2 for evacuation
[264.939s][info][gc,phases   ] GC(493)   Pre Evacuate Collection Set: 0.23ms
[264.939s][info][gc,phases   ] GC(493)   Merge Heap Roots: 0.08ms
[264.939s][info][gc,phases   ] GC(493)   Evacuate Collection Set: 16.15ms
[264.939s][info][gc,phases   ] GC(493)   Post Evacuate Collection Set: 0.49ms
[264.939s][info][gc,phases   ] GC(493)   Other: 0.08ms
[264.939s][info][gc,heap     ] GC(493) Eden regions: 147->0(142)
[264.939s][info][gc,heap     ] GC(493) Survivor regions: 6->11(20)
[264.939s][info][gc,heap     ] GC(493) Old regions: 65->49
[264.939s][info][gc,heap     ] GC(493) Humongous regions: 9->3
[264.939s][info][gc,metaspace] GC(493) Metaspace: 42516K(42880K)->42516K(42880K) NonClass: 39712K(39936K)->39712K(39936K) Class: 2804K(2944K)->2804K(2944K)
[264.939s][info][gc          ] GC(493) Pause Young (Mixed) (G1 Evacuation Pause) 226M->61M(256M) 17.270ms
[264.939s][info][gc,cpu      ] GC(493) User=0.02s Sys=0.00s Real=0.02s
[265.009s][info][gc,start    ] GC(494) Pause Young (Concurrent Start) (G1 Humongous Allocation)
[265.009s][info][gc,task     ] GC(494) Using 2 workers of 2 for evacuation
[265.015s][info][gc,phases   ] GC(494)   Pre Evacuate Collection Set: 0.16ms
[265.015s][info][gc,phases   ] GC(494)   Merge Heap Roots: 0.04ms
[265.015s][info][gc,phases   ] GC(494)   Evacuate Collection Set: 4.83ms
[265.015s][info][gc,phases   ] GC(494)   Post Evacuate Collection Set: 0.30ms
[265.015s][info][gc,phases   ] GC(494)   Other: 0.11ms
[265.015s][info][gc,heap     ] GC(494) Eden regions: 17->0(150)
[265.015s][info][gc,heap     ] GC(494) Survivor regions: 11->3(20)
[265.015s][info][gc,heap     ] GC(494) Old regions: 49->49
[265.015s][info][gc,heap     ] GC(494) Humongous regions: 3->1
[265.015s][info][gc,metaspace] GC(494) Metaspace: 42516K(42880K)->42516K(42880K) NonClass: 39712K(39936K)->39712K(39936K) Class: 2804K(2944K)->2804K(2944K)
[265.015s][info][gc          ] GC(494) Pause Young (Concurrent Start) (G1 Humongous Allocation) 78M->52M(256M) 5.598ms
[265.015s][info][gc,cpu      ] GC(494) User=0.01s Sys=0.00s Real=0.01s
[265.015s][info][gc          ] GC(495) Concurrent Mark Cycle
[265.015s][info][gc,marking  ] GC(495) Concurrent Scan Root Regions
[265.018s][info][gc,marking  ] GC(495) Concurrent Scan Root Regions 3.019ms
[265.018s][info][gc,marking  ] GC(495) Concurrent Mark
[265.018s][info][gc,marking  ] GC(495) Concurrent Mark From Roots
[265.018s][info][gc,task     ] GC(495) Using 1 workers of 1 for marking
[265.073s][info][gc,marking  ] GC(495) Concurrent Mark From Roots 55.479ms
[265.074s][info][gc,marking  ] GC(495) Concurrent Preclean
[265.074s][info][gc,marking  ] GC(495) Concurrent Preclean 0.040ms
[265.076s][info][gc,start    ] GC(495) Pause Remark
[265.088s][info][gc          ] GC(495) Pause Remark 62M->62M(256M) 12.415ms
[265.088s][info][gc,cpu      ] GC(495) User=0.02s Sys=0.00s Real=0.01s
[265.088s][info][gc,marking  ] GC(495) Concurrent Mark 70.264ms
[265.088s][info][gc,marking  ] GC(495) Concurrent Rebuild Remembered Sets and Scrub Regions
[265.108s][info][gc,marking  ] GC(495) Concurrent Rebuild Remembered Sets and Scrub Regions 20.079ms
[265.108s][info][gc,start    ] GC(495) Pause Cleanup
[265.108s][info][gc          ] GC(495) Pause Cleanup 63M->63M(256M) 0.042ms
[265.108s][info][gc,cpu      ] GC(495) User=0.00s Sys=0.00s Real=0.00s
[265.109s][info][gc,marking  ] GC(495) Concurrent Clear Claimed Marks
[265.109s][info][gc,marking  ] GC(495) Concurrent Clear Claimed Marks 0.035ms
[265.109s][info][gc,marking  ] GC(495) Concurrent Cleanup for Next Mark
[265.109s][info][gc,marking  ] GC(495) Concurrent Cleanup for Next Mark 0.778ms
[265.109s][info][gc          ] GC(495) Concurrent Mark Cycle 94.491ms
[265.619s][info][gc,start    ] GC(496) Pause Young (Prepare Mixed) (G1 Evacuation Pause)
[265.619s][info][gc,task     ] GC(496) Using 2 workers of 2 for evacuation
[265.630s][info][gc,phases   ] GC(496)   Pre Evacuate Collection Set: 0.16ms
[265.630s][info][gc,phases   ] GC(496)   Merge Heap Roots: 0.06ms
[265.630s][info][gc,phases   ] GC(496)   Evacuate Collection Set: 10.14ms
[265.630s][info][gc,phases   ] GC(496)   Post Evacuate Collection Set: 0.41ms
[265.630s][info][gc,phases   ] GC(496)   Other: 0.10ms
[265.630s][info][gc,heap     ] GC(496) Eden regions: 150->0(141)
[265.630s][info][gc,heap     ] GC(496) Survivor regions: 3->12(20)
[265.630s][info][gc,heap     ] GC(496) Old regions: 49->49
[265.630s][info][gc,heap     ] GC(496) Humongous regions: 5->3
[265.630s][info][gc,metaspace] GC(496) Metaspace: 42516K(42880K)->42516K(42880K) NonClass: 39712K(39936K)->39712K(39936K) Class: 2804K(2944K)->2804K(2944K)
[265.630s][info][gc          ] GC(496) Pause Young (Prepare Mixed) (G1 Evacuation Pause) 206M->63M(256M) 11.077ms
[265.630s][info][gc,cpu      ] GC(496) User=0.02s Sys=0.00s Real=0.01s
[266.224s][info][gc,start    ] GC(497) Pause Young (Mixed) (G1 Evacuation Pause)
[266.224s][info][gc,task     ] GC(497) Using 2 workers of 2 for evacuation
[266.237s][info][gc,phases   ] GC(497)   Pre Evacuate Collection Set: 0.20ms
[266.237s][info][gc,phases   ] GC(497)   Merge Heap Roots: 0.07ms
[266.237s][info][gc,phases   ] GC(497)   Evacuate Collection Set: 11.94ms
[266.237s][info][gc,phases   ] GC(497)   Post Evacuate Collection Set: 0.46ms
[266.237s][info][gc,phases   ] GC(497)   Other: 0.07ms
[266.237s][info][gc,heap     ] GC(497) Eden regions: 141->0(140)
[266.237s][info][gc,heap     ] GC(497) Survivor regions: 12->13(20)
[266.237s][info][gc,heap     ] GC(497) Old regions: 49->47
[266.237s][info][gc,heap     ] GC(497) Humongous regions: 9->3
[266.237s][info][gc,metaspace] GC(497) Metaspace: 42516K(42880K)->42516K(42880K) NonClass: 39712K(39936K)->39712K(39936K) Class: 2804K(2944K)->2804K(2944K)
[266.237s][info][gc          ] GC(497) Pause Young (Mixed) (G1 Evacuation Pause) 210M->62M(256M) 12.961ms
[266.237s][info][gc,cpu      ] GC(497) User=0.03s Sys=0.00s Real=0.01s
[266.597s][info][gc,start    ] GC(498) Pause Young (Concurrent Start) (G1 Evacuation Pause)
[266.597s][info][gc,task     ] GC(498) Using 2 workers of 2 for evacuation
[266.634s][info][gc,phases   ] GC(498)   Pre Evacuate Collection Set: 0.19ms
[266.634s][info][gc,phases   ] GC(498)   Merge Heap Roots: 0.06ms
[266.634s][info][gc,phases   ] GC(498)   Evacuate Collection Set: 35.72ms
[266.634s][info][gc,phases   ] GC(498)   Post Evacuate Collection Set: 0.43ms
[266.634s][info][gc,phases   ] GC(498)   Other: 0.10ms
[266.634s][info][gc,heap     ] GC(498) Eden regions: 140->0(120)
[266.634s][info][gc,heap     ] GC(498) Survivor regions: 13->20(20)
[266.634s][info][gc,heap     ] GC(498) Old regions: 47->68
[266.634s][info][gc,heap     ] GC(498) Humongous regions: 3->3
[266.634s][info][gc,metaspace] GC(498) Metaspace: 42516K(42880K)->42516K(42880K) NonClass: 39712K(39936K)->39712K(39936K) Class: 2804K(2944K)->2804K(2944K)
[266.634s][info][gc          ] GC(498) Pause Young (Concurrent Start) (G1 Evacuation Pause) 202M->91M(256M) 36.732ms
[266.634s][info][gc,cpu      ] GC(498) User=0.08s Sys=0.00s Real=0.04s
[266.634s][info][gc          ] GC(499) Concurrent Mark Cycle
[266.634s][info][gc,marking  ] GC(499) Concurrent Scan Root Regions
[266.668s][info][gc,marking  ] GC(499) Concurrent Scan Root Regions 33.842ms
[266.668s][info][gc,marking  ] GC(499) Concurrent Mark
[266.668s][info][gc,marking  ] GC(499) Concurrent Mark From Roots
[266.668s][info][gc,task     ] GC(499) Using 1 workers of 1 for marking
[266.773s][info][gc,marking  ] GC(499) Concurrent Mark From Roots 105.054ms
[266.773s][info][gc,marking  ] GC(499) Concurrent Preclean
[266.773s][info][gc,marking  ] GC(499) Concurrent Preclean 0.046ms
[266.778s][info][gc,start    ] GC(499) Pause Remark
[266.790s][info][gc          ] GC(499) Pause Remark 121M->121M(256M) 12.518ms
[266.790s][info][gc,cpu      ] GC(499) User=0.03s Sys=0.00s Real=0.01s
[266.790s][info][gc,marking  ] GC(499) Concurrent Mark 122.143ms
[266.790s][info][gc,marking  ] GC(499) Concurrent Rebuild Remembered Sets and Scrub Regions
[266.840s][info][gc,marking  ] GC(499) Concurrent Rebuild Remembered Sets and Scrub Regions 50.143ms
[266.841s][info][gc,start    ] GC(499) Pause Cleanup
[266.841s][info][gc          ] GC(499) Pause Cleanup 129M->129M(256M) 0.049ms
[266.841s][info][gc,cpu      ] GC(499) User=0.00s Sys=0.00s Real=0.00s
[266.841s][info][gc,marking  ] GC(499) Concurrent Clear Claimed Marks
[266.841s][info][gc,marking  ] GC(499) Concurrent Clear Claimed Marks 0.054ms
[266.841s][info][gc,marking  ] GC(499) Concurrent Cleanup for Next Mark
[266.841s][info][gc,marking  ] GC(499) Concurrent Cleanup for Next Mark 0.778ms
[266.841s][info][gc          ] GC(499) Concurrent Mark Cycle 207.346ms
[267.203s][info][gc,start    ] GC(500) Pause Young (Prepare Mixed) (G1 Evacuation Pause)
[267.203s][info][gc,task     ] GC(500) Using 2 workers of 2 for evacuation
[267.270s][info][gc,phases   ] GC(500)   Pre Evacuate Collection Set: 0.20ms
[267.270s][info][gc,phases   ] GC(500)   Merge Heap Roots: 0.27ms
[267.270s][info][gc,phases   ] GC(500)   Evacuate Collection Set: 66.40ms
[267.270s][info][gc,phases   ] GC(500)   Post Evacuate Collection Set: 0.49ms
[267.270s][info][gc,phases   ] GC(500)   Other: 0.09ms
[267.270s][info][gc,heap     ] GC(500) Eden regions: 120->0(92)
[267.270s][info][gc,heap     ] GC(500) Survivor regions: 20->18(18)
[267.270s][info][gc,heap     ] GC(500) Old regions: 68->103
[267.270s][info][gc,heap     ] GC(500) Humongous regions: 3->3
[267.270s][info][gc,metaspace] GC(500) Metaspace: 42517K(42880K)->42517K(42880K) NonClass: 39712K(39936K)->39712K(39936K) Class: 2804K(2944K)->2804K(2944K)
[267.270s][info][gc          ] GC(500) Pause Young (Prepare Mixed) (G1 Evacuation Pause) 211M->124M(264M) 67.669ms
[267.270s][info][gc,cpu      ] GC(500) User=0.12s Sys=0.01s Real=0.06s
[267.723s][info][gc,start    ] GC(501) Pause Young (Mixed) (G1 Evacuation Pause)
[267.723s][info][gc,task     ] GC(501) Using 2 workers of 2 for evacuation
[267.798s][info][gc,phases   ] GC(501)   Pre Evacuate Collection Set: 0.16ms
[267.798s][info][gc,phases   ] GC(501)   Merge Heap Roots: 0.27ms
[267.798s][info][gc,phases   ] GC(501)   Evacuate Collection Set: 74.07ms
[267.798s][info][gc,phases   ] GC(501)   Post Evacuate Collection Set: 0.68ms
[267.798s][info][gc,phases   ] GC(501)   Other: 0.08ms
[267.798s][info][gc,heap     ] GC(501) Eden regions: 92->0(70)
[267.798s][info][gc,heap     ] GC(501) Survivor regions: 18->14(14)
[267.798s][info][gc,heap     ] GC(501) Old regions: 103->131
[267.798s][info][gc,heap     ] GC(501) Humongous regions: 3->3
[267.798s][info][gc,metaspace] GC(501) Metaspace: 42518K(42880K)->42518K(42880K) NonClass: 39713K(39936K)->39713K(39936K) Class: 2804K(2944K)->2804K(2944K)
[267.798s][info][gc          ] GC(501) Pause Young (Mixed) (G1 Evacuation Pause) 216M->148M(264M) 75.531ms
[267.798s][info][gc,cpu      ] GC(501) User=0.12s Sys=0.00s Real=0.07s
[268.139s][info][gc,start    ] GC(502) Pause Young (Concurrent Start) (G1 Evacuation Pause)
[268.139s][info][gc,task     ] GC(502) Using 2 workers of 2 for evacuation
[268.178s][info][gc,phases   ] GC(502)   Pre Evacuate Collection Set: 0.21ms
[268.178s][info][gc,phases   ] GC(502)   Merge Heap Roots: 0.21ms
[268.178s][info][gc,phases   ] GC(502)   Evacuate Collection Set: 37.97ms
[268.178s][info][gc,phases   ] GC(502)   Post Evacuate Collection Set: 0.38ms
[268.178s][info][gc,phases   ] GC(502)   Other: 0.09ms
[268.178s][info][gc,heap     ] GC(502) Eden regions: 70->0(56)
[268.178s][info][gc,heap     ] GC(502) Survivor regions: 14->11(11)
[268.178s][info][gc,heap     ] GC(502) Old regions: 131->154
[268.178s][info][gc,heap     ] GC(502) Humongous regions: 3->3
[268.178s][info][gc,metaspace] GC(502) Metaspace: 42518K(42880K)->42518K(42880K) NonClass: 39713K(39936K)->39713K(39936K) Class: 2804K(2944K)->2804K(2944K)
[268.178s][info][gc          ] GC(502) Pause Young (Concurrent Start) (G1 Evacuation Pause) 218M->167M(264M) 39.051ms
[268.178s][info][gc          ] GC(503) Concurrent Mark Cycle
[268.178s][info][gc,marking  ] GC(503) Concurrent Scan Root Regions
[268.180s][info][gc,cpu      ] GC(502) User=0.08s Sys=0.00s Real=0.04s
[268.222s][info][gc,marking  ] GC(503) Concurrent Scan Root Regions 44.122ms
[268.222s][info][gc,marking  ] GC(503) Concurrent Mark
[268.222s][info][gc,marking  ] GC(503) Concurrent Mark From Roots
[268.222s][info][gc,task     ] GC(503) Using 1 workers of 1 for marking
[268.405s][info][gc,marking  ] GC(503) Concurrent Mark From Roots 183.293ms
[268.405s][info][gc,marking  ] GC(503) Concurrent Preclean
[268.405s][info][gc,marking  ] GC(503) Concurrent Preclean 0.052ms
[268.405s][info][gc,start    ] GC(503) Pause Remark
[268.418s][info][gc          ] GC(503) Pause Remark 195M->195M(280M) 13.004ms
[268.418s][info][gc,cpu      ] GC(503) User=0.02s Sys=0.00s Real=0.01s
[268.419s][info][gc,marking  ] GC(503) Concurrent Mark 196.692ms
[268.419s][info][gc,marking  ] GC(503) Concurrent Rebuild Remembered Sets and Scrub Regions
[268.507s][info][gc,marking  ] GC(503) Concurrent Rebuild Remembered Sets and Scrub Regions 88.672ms
[268.508s][info][gc,start    ] GC(503) Pause Cleanup
[268.508s][info][gc          ] GC(503) Pause Cleanup 219M->219M(280M) 0.072ms
[268.508s][info][gc,cpu      ] GC(503) User=0.00s Sys=0.00s Real=0.00s
[268.508s][info][gc,marking  ] GC(503) Concurrent Clear Claimed Marks
[268.508s][info][gc,marking  ] GC(503) Concurrent Clear Claimed Marks 0.040ms
[268.508s][info][gc,marking  ] GC(503) Concurrent Cleanup for Next Mark
[268.509s][info][gc,marking  ] GC(503) Concurrent Cleanup for Next Mark 1.056ms
[268.509s][info][gc          ] GC(503) Concurrent Mark Cycle 331.010ms
[268.522s][info][gc,start    ] GC(504) Pause Young (Prepare Mixed) (G1 Evacuation Pause)
[268.522s][info][gc,task     ] GC(504) Using 2 workers of 2 for evacuation
[268.549s][info][gc,phases   ] GC(504)   Pre Evacuate Collection Set: 0.15ms
[268.549s][info][gc,phases   ] GC(504)   Merge Heap Roots: 0.22ms
[268.549s][info][gc,phases   ] GC(504)   Evacuate Collection Set: 26.07ms
[268.549s][info][gc,phases   ] GC(504)   Post Evacuate Collection Set: 0.37ms
[268.549s][info][gc,phases   ] GC(504)   Other: 0.09ms
[268.549s][info][gc,heap     ] GC(504) Eden regions: 56->0(59)
[268.549s][info][gc,heap     ] GC(504) Survivor regions: 11->9(9)
[268.549s][info][gc,heap     ] GC(504) Old regions: 154->169
[268.549s][info][gc,heap     ] GC(504) Humongous regions: 5->3
[268.549s][info][gc,metaspace] GC(504) Metaspace: 42518K(42880K)->42518K(42880K) NonClass: 39713K(39936K)->39713K(39936K) Class: 2804K(2944K)->2804K(2944K)
[268.549s][info][gc          ] GC(504) Pause Young (Prepare Mixed) (G1 Evacuation Pause) 225M->180M(280M) 27.056ms
[268.549s][info][gc,cpu      ] GC(504) User=0.05s Sys=0.00s Real=0.03s
[268.789s][info][gc,start    ] GC(505) Pause Young (Mixed) (G1 Evacuation Pause)
[268.790s][info][gc,task     ] GC(505) Using 2 workers of 2 for evacuation
[268.814s][info][gc,phases   ] GC(505)   Pre Evacuate Collection Set: 0.18ms
[268.814s][info][gc,phases   ] GC(505)   Merge Heap Roots: 0.22ms
[268.814s][info][gc,phases   ] GC(505)   Evacuate Collection Set: 23.27ms
[268.814s][info][gc,phases   ] GC(505)   Post Evacuate Collection Set: 0.43ms
[268.814s][info][gc,phases   ] GC(505)   Other: 0.07ms
[268.814s][info][gc,heap     ] GC(505) Eden regions: 59->0(73)
[268.814s][info][gc,heap     ] GC(505) Survivor regions: 9->9(9)
[268.814s][info][gc,heap     ] GC(505) Old regions: 169->151
[268.814s][info][gc,heap     ] GC(505) Humongous regions: 3->3
[268.814s][info][gc,metaspace] GC(505) Metaspace: 42518K(42880K)->42518K(42880K) NonClass: 39713K(39936K)->39713K(39936K) Class: 2804K(2944K)->2804K(2944K)
[268.814s][info][gc          ] GC(505) Pause Young (Mixed) (G1 Evacuation Pause) 239M->162M(280M) 24.381ms
[268.814s][info][gc,cpu      ] GC(505) User=0.05s Sys=0.00s Real=0.03s
[269.058s][info][gc,start    ] GC(506) Pause Young (Mixed) (G1 Evacuation Pause)
[269.058s][info][gc,task     ] GC(506) Using 2 workers of 2 for evacuation
[269.098s][info][gc,phases   ] GC(506)   Pre Evacuate Collection Set: 0.23ms
[269.098s][info][gc,phases   ] GC(506)   Merge Heap Roots: 0.46ms
[269.098s][info][gc,phases   ] GC(506)   Evacuate Collection Set: 37.73ms
[269.098s][info][gc,phases   ] GC(506)   Post Evacuate Collection Set: 1.90ms
[269.098s][info][gc,phases   ] GC(506)   Other: 0.07ms
[269.098s][info][gc,heap     ] GC(506) Eden regions: 73->0(234)
[269.098s][info][gc,heap     ] GC(506) Survivor regions: 9->11(11)
[269.098s][info][gc,heap     ] GC(506) Old regions: 151->145
[269.098s][info][gc,heap     ] GC(506) Humongous regions: 7->3
[269.098s][info][gc,metaspace] GC(506) Metaspace: 42518K(42880K)->42518K(42880K) NonClass: 39713K(39936K)->39713K(39936K) Class: 2804K(2944K)->2804K(2944K)
[269.098s][info][gc          ] GC(506) Pause Young (Mixed) (G1 Evacuation Pause) 239M->158M(512M) 40.580ms
[269.098s][info][gc,cpu      ] GC(506) User=0.08s Sys=0.00s Real=0.04s
[269.998s][info][gc,start    ] GC(507) Pause Young (Normal) (G1 Evacuation Pause)
[269.998s][info][gc,task     ] GC(507) Using 2 workers of 2 for evacuation
[270.043s][info][gc,phases   ] GC(507)   Pre Evacuate Collection Set: 0.25ms
[270.044s][info][gc,phases   ] GC(507)   Merge Heap Roots: 0.11ms
[270.044s][info][gc,phases   ] GC(507)   Evacuate Collection Set: 44.11ms
[270.044s][info][gc,phases   ] GC(507)   Post Evacuate Collection Set: 0.63ms
[270.044s][info][gc,phases   ] GC(507)   Other: 0.11ms
[270.044s][info][gc,heap     ] GC(507) Eden regions: 234->0(198)
[270.044s][info][gc,heap     ] GC(507) Survivor regions: 11->31(31)
[270.044s][info][gc,heap     ] GC(507) Old regions: 145->167
[270.044s][info][gc,heap     ] GC(507) Humongous regions: 12->4
[270.044s][info][gc,metaspace] GC(507) Metaspace: 42521K(42880K)->42521K(42880K) NonClass: 39717K(39936K)->39717K(39936K) Class: 2804K(2944K)->2804K(2944K)
[270.044s][info][gc          ] GC(507) Pause Young (Normal) (G1 Evacuation Pause) 401M->201M(512M) 45.445ms
[270.044s][info][gc,cpu      ] GC(507) User=0.08s Sys=0.01s Real=0.05s
[270.261s][info][gc,start    ] GC(508) Pause Young (Concurrent Start) (G1 Humongous Allocation)
[270.261s][info][gc,task     ] GC(508) Using 2 workers of 2 for evacuation
[270.304s][info][gc,phases   ] GC(508)   Pre Evacuate Collection Set: 0.27ms
[270.305s][info][gc,phases   ] GC(508)   Merge Heap Roots: 0.21ms
[270.305s][info][gc,phases   ] GC(508)   Evacuate Collection Set: 42.79ms
[270.305s][info][gc,phases   ] GC(508)   Post Evacuate Collection Set: 0.50ms
[270.305s][info][gc,phases   ] GC(508)   Other: 0.12ms
[270.305s][info][gc,heap     ] GC(508) Eden regions: 65->0(142)
[270.305s][info][gc,heap     ] GC(508) Survivor regions: 31->29(29)
[270.305s][info][gc,heap     ] GC(508) Old regions: 167->199
[270.305s][info][gc,heap     ] GC(508) Humongous regions: 4->4
[270.305s][info][gc,metaspace] GC(508) Metaspace: 42521K(42880K)->42521K(42880K) NonClass: 39717K(39936K)->39717K(39936K) Class: 2804K(2944K)->2804K(2944K)
[270.305s][info][gc          ] GC(508) Pause Young (Concurrent Start) (G1 Humongous Allocation) 266M->231M(512M) 44.102ms
[270.305s][info][gc,cpu      ] GC(508) User=0.08s Sys=0.00s Real=0.05s
[270.305s][info][gc          ] GC(509) Concurrent Mark Cycle
[270.305s][info][gc,marking  ] GC(509) Concurrent Scan Root Regions
[270.329s][info][gc,marking  ] GC(509) Concurrent Scan Root Regions 23.816ms
[270.329s][info][gc,marking  ] GC(509) Concurrent Mark
[270.329s][info][gc,marking  ] GC(509) Concurrent Mark From Roots
[270.329s][info][gc,task     ] GC(509) Using 1 workers of 1 for marking
[270.429s][info][gc,marking  ] GC(509) Concurrent Mark From Roots 100.658ms
[270.429s][info][gc,marking  ] GC(509) Concurrent Preclean
[270.429s][info][gc,marking  ] GC(509) Concurrent Preclean 0.051ms
[270.429s][info][gc,start    ] GC(509) Pause Remark
[270.443s][info][gc          ] GC(509) Pause Remark 268M->254M(512M) 13.435ms
[270.443s][info][gc,cpu      ] GC(509) User=0.02s Sys=0.00s Real=0.02s
[270.443s][info][gc,marking  ] GC(509) Concurrent Mark 114.485ms
[270.443s][info][gc,marking  ] GC(509) Concurrent Rebuild Remembered Sets and Scrub Regions
[270.500s][info][gc,marking  ] GC(509) Concurrent Rebuild Remembered Sets and Scrub Regions 57.170ms
[270.500s][info][gc,start    ] GC(509) Pause Cleanup
[270.500s][info][gc          ] GC(509) Pause Cleanup 271M->271M(512M) 0.077ms
[270.500s][info][gc,cpu      ] GC(509) User=0.00s Sys=0.00s Real=0.00s
[270.500s][info][gc,marking  ] GC(509) Concurrent Clear Claimed Marks
[270.501s][info][gc,marking  ] GC(509) Concurrent Clear Claimed Marks 0.036ms
[270.501s][info][gc,marking  ] GC(509) Concurrent Cleanup for Next Mark
[270.504s][info][gc,marking  ] GC(509) Concurrent Cleanup for Next Mark 3.841ms
[270.504s][info][gc          ] GC(509) Concurrent Mark Cycle 199.742ms
[270.763s][info][gc,start    ] GC(510) Pause Young (Prepare Mixed) (G1 Evacuation Pause)
[270.763s][info][gc,task     ] GC(510) Using 2 workers of 2 for evacuation
[270.785s][info][gc,phases   ] GC(510)   Pre Evacuate Collection Set: 0.25ms
[270.785s][info][gc,phases   ] GC(510)   Merge Heap Roots: 0.15ms
[270.785s][info][gc,phases   ] GC(510)   Evacuate Collection Set: 21.08ms
[270.785s][info][gc,phases   ] GC(510)   Post Evacuate Collection Set: 0.42ms
[270.785s][info][gc,phases   ] GC(510)   Other: 0.08ms
[270.785s][info][gc,heap     ] GC(510) Eden regions: 142->0(155)
[270.786s][info][gc,heap     ] GC(510) Survivor regions: 29->13(22)
[270.786s][info][gc,heap     ] GC(510) Old regions: 185->209
[270.786s][info][gc,heap     ] GC(510) Humongous regions: 5->5
[270.786s][info][gc,metaspace] GC(510) Metaspace: 42521K(42880K)->42521K(42880K) NonClass: 39717K(39936K)->39717K(39936K) Class: 2804K(2944K)->2804K(2944K)
[270.786s][info][gc          ] GC(510) Pause Young (Prepare Mixed) (G1 Evacuation Pause) 360M->226M(512M) 22.171ms
[270.786s][info][gc,cpu      ] GC(510) User=0.05s Sys=0.00s Real=0.02s
[271.261s][info][gc,start    ] GC(511) Pause Young (Mixed) (G1 Evacuation Pause)
[271.261s][info][gc,task     ] GC(511) Using 2 workers of 2 for evacuation
[271.273s][info][gc,phases   ] GC(511)   Pre Evacuate Collection Set: 0.23ms
[271.273s][info][gc,phases   ] GC(511)   Merge Heap Roots: 0.15ms
[271.273s][info][gc,phases   ] GC(511)   Evacuate Collection Set: 10.97ms
[271.273s][info][gc,phases   ] GC(511)   Post Evacuate Collection Set: 0.44ms
[271.273s][info][gc,phases   ] GC(511)   Other: 0.09ms
[271.273s][info][gc,heap     ] GC(511) Eden regions: 155->0(190)
[271.273s][info][gc,heap     ] GC(511) Survivor regions: 13->9(21)
[271.273s][info][gc,heap     ] GC(511) Old regions: 209->164
[271.273s][info][gc,heap     ] GC(511) Humongous regions: 7->5
[271.273s][info][gc,metaspace] GC(511) Metaspace: 42521K(42880K)->42521K(42880K) NonClass: 39717K(39936K)->39717K(39936K) Class: 2804K(2944K)->2804K(2944K)
[271.273s][info][gc          ] GC(511) Pause Young (Mixed) (G1 Evacuation Pause) 383M->177M(512M) 12.071ms
[271.273s][info][gc,cpu      ] GC(511) User=0.02s Sys=0.01s Real=0.02s
[271.900s][info][gc,start    ] GC(512) Pause Young (Mixed) (G1 Evacuation Pause)
[271.900s][info][gc,task     ] GC(512) Using 2 workers of 2 for evacuation
[271.916s][info][gc,phases   ] GC(512)   Pre Evacuate Collection Set: 0.33ms
[271.916s][info][gc,phases   ] GC(512)   Merge Heap Roots: 0.25ms
[271.916s][info][gc,phases   ] GC(512)   Evacuate Collection Set: 14.96ms
[271.916s][info][gc,phases   ] GC(512)   Post Evacuate Collection Set: 0.44ms
[271.916s][info][gc,phases   ] GC(512)   Other: 0.07ms
[271.916s][info][gc,heap     ] GC(512) Eden regions: 190->0(204)
[271.916s][info][gc,heap     ] GC(512) Survivor regions: 9->15(25)
[271.916s][info][gc,heap     ] GC(512) Old regions: 164->151
[271.916s][info][gc,heap     ] GC(512) Humongous regions: 5->5
[271.916s][info][gc,metaspace] GC(512) Metaspace: 42521K(42880K)->42521K(42880K) NonClass: 39717K(39936K)->39717K(39936K) Class: 2804K(2944K)->2804K(2944K)
[271.916s][info][gc          ] GC(512) Pause Young (Mixed) (G1 Evacuation Pause) 367M->170M(512M) 16.230ms
[271.916s][info][gc,cpu      ] GC(512) User=0.03s Sys=0.00s Real=0.02s
[272.068s][info][gc,start    ] GC(513) Pause Young (Concurrent Start) (G1 Humongous Allocation)
[272.068s][info][gc,task     ] GC(513) Using 2 workers of 2 for evacuation
[272.092s][info][gc,phases   ] GC(513)   Pre Evacuate Collection Set: 0.23ms
[272.092s][info][gc,phases   ] GC(513)   Merge Heap Roots: 0.05ms
[272.092s][info][gc,phases   ] GC(513)   Evacuate Collection Set: 23.52ms
[272.092s][info][gc,phases   ] GC(513)   Post Evacuate Collection Set: 0.42ms
[272.092s][info][gc,phases   ] GC(513)   Other: 0.11ms
[272.092s][info][gc,heap     ] GC(513) Eden regions: 49->0(148)
[272.092s][info][gc,heap     ] GC(513) Survivor regions: 15->28(28)
[272.092s][info][gc,heap     ] GC(513) Old regions: 151->163
[272.092s][info][gc,heap     ] GC(513) Humongous regions: 5->5
[272.092s][info][gc,metaspace] GC(513) Metaspace: 42521K(42880K)->42521K(42880K) NonClass: 39717K(39936K)->39717K(39936K) Class: 2804K(2944K)->2804K(2944K)
[272.092s][info][gc          ] GC(513) Pause Young (Concurrent Start) (G1 Humongous Allocation) 218M->196M(512M) 24.543ms
[272.092s][info][gc,cpu      ] GC(513) User=0.05s Sys=0.00s Real=0.03s
[272.092s][info][gc          ] GC(514) Concurrent Mark Cycle
[272.092s][info][gc,marking  ] GC(514) Concurrent Scan Root Regions
[272.107s][info][gc,marking  ] GC(514) Concurrent Scan Root Regions 14.856ms
[272.107s][info][gc,marking  ] GC(514) Concurrent Mark
[272.107s][info][gc,marking  ] GC(514) Concurrent Mark From Roots
[272.107s][info][gc,task     ] GC(514) Using 1 workers of 1 for marking
[272.181s][info][gc,marking  ] GC(514) Concurrent Mark From Roots 73.495ms
[272.181s][info][gc,marking  ] GC(514) Concurrent Preclean
[272.181s][info][gc,marking  ] GC(514) Concurrent Preclean 0.067ms
[272.181s][info][gc,start    ] GC(514) Pause Remark
[272.193s][info][gc          ] GC(514) Pause Remark 215M->173M(512M) 12.263ms
[272.193s][info][gc,cpu      ] GC(514) User=0.02s Sys=0.00s Real=0.02s
[272.194s][info][gc,marking  ] GC(514) Concurrent Mark 86.138ms
[272.194s][info][gc,marking  ] GC(514) Concurrent Rebuild Remembered Sets and Scrub Regions
[272.231s][info][gc,marking  ] GC(514) Concurrent Rebuild Remembered Sets and Scrub Regions 37.876ms
[272.232s][info][gc,start    ] GC(514) Pause Cleanup
[272.232s][info][gc          ] GC(514) Pause Cleanup 182M->182M(512M) 0.069ms
[272.232s][info][gc,cpu      ] GC(514) User=0.00s Sys=0.00s Real=0.00s
[272.232s][info][gc,marking  ] GC(514) Concurrent Clear Claimed Marks
[272.232s][info][gc,marking  ] GC(514) Concurrent Clear Claimed Marks 0.038ms
[272.232s][info][gc,marking  ] GC(514) Concurrent Cleanup for Next Mark
[272.233s][info][gc,marking  ] GC(514) Concurrent Cleanup for Next Mark 1.474ms
[272.233s][info][gc          ] GC(514) Concurrent Mark Cycle 140.841ms
[272.609s][info][gc,start    ] GC(515) Pause Young (Prepare Mixed) (G1 Evacuation Pause)
[272.609s][info][gc,task     ] GC(515) Using 2 workers of 2 for evacuation
[272.651s][info][gc,phases   ] GC(515)   Pre Evacuate Collection Set: 0.25ms
[272.651s][info][gc,phases   ] GC(515)   Merge Heap Roots: 0.23ms
[272.651s][info][gc,phases   ] GC(515)   Evacuate Collection Set: 41.38ms
[272.651s][info][gc,phases   ] GC(515)   Post Evacuate Collection Set: 0.53ms
[272.651s][info][gc,phases   ] GC(515)   Other: 0.09ms
[272.651s][info][gc,heap     ] GC(515) Eden regions: 148->0(152)
[272.651s][info][gc,heap     ] GC(515) Survivor regions: 28->22(22)
[272.651s][info][gc,heap     ] GC(515) Old regions: 123->171
[272.651s][info][gc,heap     ] GC(515) Humongous regions: 4->4
[272.651s][info][gc,metaspace] GC(515) Metaspace: 42522K(42880K)->42522K(42880K) NonClass: 39717K(39936K)->39717K(39936K) Class: 2804K(2944K)->2804K(2944K)
[272.651s][info][gc          ] GC(515) Pause Young (Prepare Mixed) (G1 Evacuation Pause) 303M->196M(512M) 42.755ms
[272.651s][info][gc,cpu      ] GC(515) User=0.08s Sys=0.00s Real=0.04s
[273.138s][info][gc,start    ] GC(516) Pause Young (Mixed) (G1 Evacuation Pause)
[273.138s][info][gc,task     ] GC(516) Using 2 workers of 2 for evacuation
[273.194s][info][gc,phases   ] GC(516)   Pre Evacuate Collection Set: 0.36ms
[273.194s][info][gc,phases   ] GC(516)   Merge Heap Roots: 0.22ms
[273.194s][info][gc,phases   ] GC(516)   Evacuate Collection Set: 54.91ms
[273.194s][info][gc,phases   ] GC(516)   Post Evacuate Collection Set: 0.55ms
[273.194s][info][gc,phases   ] GC(516)   Other: 0.09ms
[273.194s][info][gc,heap     ] GC(516) Eden regions: 152->0(133)
[273.194s][info][gc,heap     ] GC(516) Survivor regions: 22->22(22)
[273.194s][info][gc,heap     ] GC(516) Old regions: 171->200
[273.194s][info][gc,heap     ] GC(516) Humongous regions: 5->5
[273.194s][info][gc,metaspace] GC(516) Metaspace: 42522K(42880K)->42522K(42880K) NonClass: 39717K(39936K)->39717K(39936K) Class: 2804K(2944K)->2804K(2944K)
[273.194s][info][gc          ] GC(516) Pause Young (Mixed) (G1 Evacuation Pause) 349M->226M(512M) 56.350ms
[273.194s][info][gc,cpu      ] GC(516) User=0.11s Sys=0.00s Real=0.06s
[273.512s][info][gc,start    ] GC(517) Pause Young (Concurrent Start) (G1 Humongous Allocation)
[273.512s][info][gc,task     ] GC(517) Using 2 workers of 2 for evacuation
[273.570s][info][gc,phases   ] GC(517)   Pre Evacuate Collection Set: 0.24ms
[273.570s][info][gc,phases   ] GC(517)   Merge Heap Roots: 0.24ms
[273.570s][info][gc,phases   ] GC(517)   Evacuate Collection Set: 56.07ms
[273.570s][info][gc,phases   ] GC(517)   Post Evacuate Collection Set: 0.77ms
[273.570s][info][gc,phases   ] GC(517)   Other: 0.10ms
[273.570s][info][gc,heap     ] GC(517) Eden regions: 95->0(115)
[273.570s][info][gc,heap     ] GC(517) Survivor regions: 22->20(20)
[273.570s][info][gc,heap     ] GC(517) Old regions: 200->261
[273.570s][info][gc,heap     ] GC(517) Humongous regions: 5->5
[273.570s][info][gc,metaspace] GC(517) Metaspace: 42522K(42880K)->42522K(42880K) NonClass: 39717K(39936K)->39717K(39936K) Class: 2804K(2944K)->2804K(2944K)
[273.570s][info][gc          ] GC(517) Pause Young (Concurrent Start) (G1 Humongous Allocation) 320M->286M(548M) 57.622ms
[273.570s][info][gc,cpu      ] GC(517) User=0.11s Sys=0.00s Real=0.05s
[273.570s][info][gc          ] GC(518) Concurrent Mark Cycle
[273.570s][info][gc,marking  ] GC(518) Concurrent Scan Root Regions
[273.599s][info][gc,marking  ] GC(518) Concurrent Scan Root Regions 29.610ms
[273.599s][info][gc,marking  ] GC(518) Concurrent Mark
[273.599s][info][gc,marking  ] GC(518) Concurrent Mark From Roots
[273.599s][info][gc,task     ] GC(518) Using 1 workers of 1 for marking
[273.737s][info][gc,marking  ] GC(518) Concurrent Mark From Roots 137.149ms
[273.737s][info][gc,marking  ] GC(518) Concurrent Preclean
[273.737s][info][gc,marking  ] GC(518) Concurrent Preclean 0.050ms
[273.738s][info][gc,start    ] GC(518) Pause Remark
[273.750s][info][gc          ] GC(518) Pause Remark 324M->309M(548M) 12.367ms
[273.750s][info][gc,cpu      ] GC(518) User=0.03s Sys=0.00s Real=0.01s
[273.751s][info][gc,marking  ] GC(518) Concurrent Mark 151.058ms
[273.751s][info][gc,marking  ] GC(518) Concurrent Rebuild Remembered Sets and Scrub Regions
[273.843s][info][gc,marking  ] GC(518) Concurrent Rebuild Remembered Sets and Scrub Regions 92.657ms
[273.843s][info][gc,start    ] GC(518) Pause Cleanup
[273.844s][info][gc          ] GC(518) Pause Cleanup 329M->329M(548M) 0.099ms
[273.844s][info][gc,cpu      ] GC(518) User=0.00s Sys=0.00s Real=0.00s
[273.844s][info][gc,marking  ] GC(518) Concurrent Clear Claimed Marks
[273.844s][info][gc,marking  ] GC(518) Concurrent Clear Claimed Marks 0.045ms
[273.844s][info][gc,marking  ] GC(518) Concurrent Cleanup for Next Mark
[273.846s][info][gc,marking  ] GC(518) Concurrent Cleanup for Next Mark 1.977ms
[273.846s][info][gc          ] GC(518) Concurrent Mark Cycle 275.912ms
[274.026s][info][gc,start    ] GC(519) Pause Young (Prepare Mixed) (G1 Evacuation Pause)
[274.026s][info][gc,task     ] GC(519) Using 2 workers of 2 for evacuation
[274.093s][info][gc,phases   ] GC(519)   Pre Evacuate Collection Set: 0.33ms
[274.093s][info][gc,phases   ] GC(519)   Merge Heap Roots: 0.75ms
[274.093s][info][gc,phases   ] GC(519)   Evacuate Collection Set: 65.29ms
[274.093s][info][gc,phases   ] GC(519)   Post Evacuate Collection Set: 0.50ms
[274.093s][info][gc,phases   ] GC(519)   Other: 0.07ms
[274.093s][info][gc,heap     ] GC(519) Eden regions: 115->0(80)
[274.093s][info][gc,heap     ] GC(519) Survivor regions: 20->17(17)
[274.093s][info][gc,heap     ] GC(519) Old regions: 247->326
[274.093s][info][gc,heap     ] GC(519) Humongous regions: 5->5
[274.093s][info][gc,metaspace] GC(519) Metaspace: 42522K(42880K)->42522K(42880K) NonClass: 39717K(39936K)->39717K(39936K) Class: 2804K(2944K)->2804K(2944K)
[274.093s][info][gc          ] GC(519) Pause Young (Prepare Mixed) (G1 Evacuation Pause) 387M->348M(548M) 67.155ms
[274.093s][info][gc,cpu      ] GC(519) User=0.13s Sys=0.00s Real=0.07s
[274.388s][info][gc,start    ] GC(520) Pause Young (Mixed) (G1 Evacuation Pause)
[274.388s][info][gc,task     ] GC(520) Using 2 workers of 2 for evacuation
[274.446s][info][gc,phases   ] GC(520)   Pre Evacuate Collection Set: 0.27ms
[274.446s][info][gc,phases   ] GC(520)   Merge Heap Roots: 0.43ms
[274.446s][info][gc,phases   ] GC(520)   Evacuate Collection Set: 56.38ms
[274.446s][info][gc,phases   ] GC(520)   Post Evacuate Collection Set: 0.50ms
[274.446s][info][gc,phases   ] GC(520)   Other: 0.07ms
[274.446s][info][gc,heap     ] GC(520) Eden regions: 80->0(85)
[274.446s][info][gc,heap     ] GC(520) Survivor regions: 17->13(13)
[274.446s][info][gc,heap     ] GC(520) Old regions: 326->322
[274.446s][info][gc,heap     ] GC(520) Humongous regions: 6->6
[274.446s][info][gc,metaspace] GC(520) Metaspace: 42522K(42880K)->42522K(42880K) NonClass: 39717K(39936K)->39717K(39936K) Class: 2804K(2944K)->2804K(2944K)
[274.446s][info][gc          ] GC(520) Pause Young (Mixed) (G1 Evacuation Pause) 429M->340M(548M) 57.855ms
[274.446s][info][gc,cpu      ] GC(520) User=0.11s Sys=0.00s Real=0.06s
[274.717s][info][gc,start    ] GC(521) Pause Young (Mixed) (G1 Evacuation Pause)
[274.717s][info][gc,task     ] GC(521) Using 2 workers of 2 for evacuation
[274.761s][info][gc,phases   ] GC(521)   Pre Evacuate Collection Set: 0.23ms
[274.762s][info][gc,phases   ] GC(521)   Merge Heap Roots: 0.44ms
[274.762s][info][gc,phases   ] GC(521)   Evacuate Collection Set: 43.32ms
[274.762s][info][gc,phases   ] GC(521)   Post Evacuate Collection Set: 0.41ms
[274.762s][info][gc,phases   ] GC(521)   Other: 0.07ms
[274.762s][info][gc,heap     ] GC(521) Eden regions: 85->0(71)
[274.762s][info][gc,heap     ] GC(521) Survivor regions: 13->13(13)
[274.762s][info][gc,heap     ] GC(521) Old regions: 322->357
[274.762s][info][gc,heap     ] GC(521) Humongous regions: 7->7
[274.762s][info][gc,metaspace] GC(521) Metaspace: 42522K(42880K)->42522K(42880K) NonClass: 39717K(39936K)->39717K(39936K) Class: 2804K(2944K)->2804K(2944K)
[274.762s][info][gc          ] GC(521) Pause Young (Mixed) (G1 Evacuation Pause) 426M->376M(548M) 44.709ms
[274.762s][info][gc,cpu      ] GC(521) User=0.09s Sys=0.01s Real=0.04s
[274.987s][info][gc,start    ] GC(522) Pause Young (Concurrent Start) (G1 Evacuation Pause)
[274.987s][info][gc,task     ] GC(522) Using 2 workers of 2 for evacuation
[275.006s][info][gc,phases   ] GC(522)   Pre Evacuate Collection Set: 0.25ms
[275.006s][info][gc,phases   ] GC(522)   Merge Heap Roots: 0.15ms
[275.006s][info][gc,phases   ] GC(522)   Evacuate Collection Set: 17.71ms
[275.006s][info][gc,phases   ] GC(522)   Post Evacuate Collection Set: 0.35ms
[275.006s][info][gc,phases   ] GC(522)   Other: 0.17ms
[275.006s][info][gc,heap     ] GC(522) Eden regions: 71->0(72)
[275.006s][info][gc,heap     ] GC(522) Survivor regions: 13->11(11)
[275.006s][info][gc,heap     ] GC(522) Old regions: 357->370
[275.006s][info][gc,heap     ] GC(522) Humongous regions: 7->7
[275.006s][info][gc,metaspace] GC(522) Metaspace: 42522K(42880K)->42522K(42880K) NonClass: 39717K(39936K)->39717K(39936K) Class: 2804K(2944K)->2804K(2944K)
[275.006s][info][gc          ] GC(522) Pause Young (Concurrent Start) (G1 Evacuation Pause) 447M->387M(548M) 18.826ms
[275.006s][info][gc,cpu      ] GC(522) User=0.03s Sys=0.00s Real=0.02s
[275.006s][info][gc          ] GC(523) Concurrent Mark Cycle
[275.006s][info][gc,marking  ] GC(523) Concurrent Scan Root Regions
[275.015s][info][gc,marking  ] GC(523) Concurrent Scan Root Regions 8.913ms
[275.015s][info][gc,marking  ] GC(523) Concurrent Mark
[275.015s][info][gc,marking  ] GC(523) Concurrent Mark From Roots
[275.015s][info][gc,task     ] GC(523) Using 1 workers of 1 for marking
[275.106s][info][gc,marking  ] GC(523) Concurrent Mark From Roots 91.292ms
[275.106s][info][gc,marking  ] GC(523) Concurrent Preclean
[275.106s][info][gc,marking  ] GC(523) Concurrent Preclean 0.060ms
[275.107s][info][gc,start    ] GC(523) Pause Remark
[275.119s][info][gc          ] GC(523) Pause Remark 413M->235M(548M) 12.200ms
[275.119s][info][gc,cpu      ] GC(523) User=0.03s Sys=0.00s Real=0.01s
[275.119s][info][gc,marking  ] GC(523) Concurrent Mark 103.904ms
[275.119s][info][gc,marking  ] GC(523) Concurrent Rebuild Remembered Sets and Scrub Regions
[275.161s][info][gc,marking  ] GC(523) Concurrent Rebuild Remembered Sets and Scrub Regions 41.706ms
[275.161s][info][gc,start    ] GC(523) Pause Cleanup
[275.161s][info][gc          ] GC(523) Pause Cleanup 247M->247M(548M) 0.097ms
[275.161s][info][gc,cpu      ] GC(523) User=0.00s Sys=0.00s Real=0.00s
[275.161s][info][gc,marking  ] GC(523) Concurrent Clear Claimed Marks
[275.161s][info][gc,marking  ] GC(523) Concurrent Clear Claimed Marks 0.040ms
[275.161s][info][gc,marking  ] GC(523) Concurrent Cleanup for Next Mark
[275.163s][info][gc,marking  ] GC(523) Concurrent Cleanup for Next Mark 1.601ms
[275.163s][info][gc          ] GC(523) Concurrent Mark Cycle 156.657ms
[275.273s][info][gc,start    ] GC(524) Pause Young (Prepare Mixed) (G1 Evacuation Pause)
[275.274s][info][gc,task     ] GC(524) Using 2 workers of 2 for evacuation
[275.288s][info][gc,phases   ] GC(524)   Pre Evacuate Collection Set: 0.24ms
[275.288s][info][gc,phases   ] GC(524)   Merge Heap Roots: 0.09ms
[275.288s][info][gc,phases   ] GC(524)   Evacuate Collection Set: 13.90ms
[275.288s][info][gc,phases   ] GC(524)   Post Evacuate Collection Set: 0.37ms
[275.288s][info][gc,phases   ] GC(524)   Other: 0.08ms
[275.288s][info][gc,heap     ] GC(524) Eden regions: 72->0(149)
[275.288s][info][gc,heap     ] GC(524) Survivor regions: 11->11(11)
[275.288s][info][gc,heap     ] GC(524) Old regions: 195->207
[275.288s][info][gc,heap     ] GC(524) Humongous regions: 4->4
[275.288s][info][gc,metaspace] GC(524) Metaspace: 42522K(42880K)->42522K(42880K) NonClass: 39717K(39936K)->39717K(39936K) Class: 2804K(2944K)->2804K(2944K)
[275.288s][info][gc          ] GC(524) Pause Young (Prepare Mixed) (G1 Evacuation Pause) 281M->222M(548M) 14.890ms
[275.288s][info][gc,cpu      ] GC(524) User=0.03s Sys=0.00s Real=0.01s
[275.783s][info][gc,start    ] GC(525) Pause Young (Mixed) (G1 Evacuation Pause)
[275.783s][info][gc,task     ] GC(525) Using 2 workers of 2 for evacuation
[275.798s][info][gc,phases   ] GC(525)   Pre Evacuate Collection Set: 0.28ms
[275.798s][info][gc,phases   ] GC(525)   Merge Heap Roots: 0.12ms
[275.798s][info][gc,phases   ] GC(525)   Evacuate Collection Set: 12.72ms
[275.798s][info][gc,phases   ] GC(525)   Post Evacuate Collection Set: 1.08ms
[275.798s][info][gc,phases   ] GC(525)   Other: 0.09ms
[275.798s][info][gc,heap     ] GC(525) Eden regions: 149->0(218)
[275.798s][info][gc,heap     ] GC(525) Survivor regions: 11->7(20)
[275.798s][info][gc,heap     ] GC(525) Old regions: 207->164
[275.798s][info][gc,heap     ] GC(525) Humongous regions: 5->5
[275.798s][info][gc,metaspace] GC(525) Metaspace: 42523K(42880K)->42523K(42880K) NonClass: 39718K(39936K)->39718K(39936K) Class: 2804K(2944K)->2804K(2944K)
[275.798s][info][gc          ] GC(525) Pause Young (Mixed) (G1 Evacuation Pause) 372M->175M(634M) 14.494ms
[275.798s][info][gc,cpu      ] GC(525) User=0.03s Sys=0.00s Real=0.01s
[276.579s][info][gc,start    ] GC(526) Pause Young (Mixed) (G1 Evacuation Pause)
[276.579s][info][gc,task     ] GC(526) Using 2 workers of 2 for evacuation
[276.587s][info][gc,phases   ] GC(526)   Pre Evacuate Collection Set: 0.28ms
[276.587s][info][gc,phases   ] GC(526)   Merge Heap Roots: 0.17ms
[276.587s][info][gc,phases   ] GC(526)   Evacuate Collection Set: 6.65ms
[276.587s][info][gc,phases   ] GC(526)   Post Evacuate Collection Set: 0.49ms
[276.587s][info][gc,phases   ] GC(526)   Other: 0.08ms
[276.587s][info][gc,heap     ] GC(526) Eden regions: 218->0(253)
[276.587s][info][gc,heap     ] GC(526) Survivor regions: 7->5(29)
[276.587s][info][gc,heap     ] GC(526) Old regions: 164->132
[276.587s][info][gc,heap     ] GC(526) Humongous regions: 6->4
[276.587s][info][gc,metaspace] GC(526) Metaspace: 42523K(42880K)->42523K(42880K) NonClass: 39718K(39936K)->39718K(39936K) Class: 2804K(2944K)->2804K(2944K)
[276.587s][info][gc          ] GC(526) Pause Young (Mixed) (G1 Evacuation Pause) 394M->140M(634M) 7.915ms
[276.587s][info][gc,cpu      ] GC(526) User=0.01s Sys=0.00s Real=0.01s
[277.373s][info][gc,start    ] GC(527) Pause Young (Normal) (G1 Evacuation Pause)
[277.373s][info][gc,task     ] GC(527) Using 2 workers of 2 for evacuation
[277.379s][info][gc,phases   ] GC(527)   Pre Evacuate Collection Set: 0.24ms
[277.379s][info][gc,phases   ] GC(527)   Merge Heap Roots: 0.09ms
[277.379s][info][gc,phases   ] GC(527)   Evacuate Collection Set: 5.25ms
[277.379s][info][gc,phases   ] GC(527)   Post Evacuate Collection Set: 0.51ms
[277.379s][info][gc,phases   ] GC(527)   Other: 0.09ms
[277.379s][info][gc,heap     ] GC(527) Eden regions: 253->0(273)
[277.379s][info][gc,heap     ] GC(527) Survivor regions: 5->8(33)
[277.379s][info][gc,heap     ] GC(527) Old regions: 132->132
[277.379s][info][gc,heap     ] GC(527) Humongous regions: 7->4
[277.379s][info][gc,metaspace] GC(527) Metaspace: 42523K(42880K)->42523K(42880K) NonClass: 39718K(39936K)->39718K(39936K) Class: 2804K(2944K)->2804K(2944K)
[277.379s][info][gc          ] GC(527) Pause Young (Normal) (G1 Evacuation Pause) 396M->143M(634M) 6.419ms
[277.379s][info][gc,cpu      ] GC(527) User=0.01s Sys=0.00s Real=0.00s
[278.232s][info][gc,start    ] GC(528) Pause Young (Normal) (G1 Evacuation Pause)
[278.232s][info][gc,task     ] GC(528) Using 2 workers of 2 for evacuation
[278.238s][info][gc,phases   ] GC(528)   Pre Evacuate Collection Set: 0.25ms
[278.238s][info][gc,phases   ] GC(528)   Merge Heap Roots: 0.09ms
[278.238s][info][gc,phases   ] GC(528)   Evacuate Collection Set: 4.57ms
[278.238s][info][gc,phases   ] GC(528)   Post Evacuate Collection Set: 0.50ms
[278.238s][info][gc,phases   ] GC(528)   Other: 0.09ms
[278.238s][info][gc,heap     ] GC(528) Eden regions: 273->0(298)
[278.238s][info][gc,heap     ] GC(528) Survivor regions: 8->6(36)
[278.238s][info][gc,heap     ] GC(528) Old regions: 132->132
[278.238s][info][gc,heap     ] GC(528) Humongous regions: 7->4
[278.238s][info][gc,metaspace] GC(528) Metaspace: 42523K(42880K)->42523K(42880K) NonClass: 39718K(39936K)->39718K(39936K) Class: 2804K(2944K)->2804K(2944K)
[278.238s][info][gc          ] GC(528) Pause Young (Normal) (G1 Evacuation Pause) 419M->141M(634M) 5.699ms
[278.238s][info][gc,cpu      ] GC(528) User=0.01s Sys=0.00s Real=0.00s
[278.358s][info][gc,start    ] GC(529) Pause Young (Concurrent Start) (G1 Humongous Allocation)
[278.358s][info][gc,task     ] GC(529) Using 2 workers of 2 for evacuation
[278.373s][info][gc,phases   ] GC(529)   Pre Evacuate Collection Set: 0.27ms
[278.373s][info][gc,phases   ] GC(529)   Merge Heap Roots: 0.05ms
[278.373s][info][gc,phases   ] GC(529)   Evacuate Collection Set: 13.86ms
[278.373s][info][gc,phases   ] GC(529)   Post Evacuate Collection Set: 0.34ms
[278.373s][info][gc,phases   ] GC(529)   Other: 0.09ms
[278.373s][info][gc,heap     ] GC(529) Eden regions: 42->0(303)
[278.373s][info][gc,heap     ] GC(529) Survivor regions: 6->22(38)
[278.373s][info][gc,heap     ] GC(529) Old regions: 132->132
[278.373s][info][gc,heap     ] GC(529) Humongous regions: 4->2
[278.373s][info][gc,metaspace] GC(529) Metaspace: 42525K(42880K)->42525K(42880K) NonClass: 39720K(39936K)->39720K(39936K) Class: 2804K(2944K)->2804K(2944K)
[278.373s][info][gc          ] GC(529) Pause Young (Concurrent Start) (G1 Humongous Allocation) 182M->155M(634M) 14.837ms
[278.373s][info][gc          ] GC(530) Concurrent Mark Cycle
[278.373s][info][gc,marking  ] GC(530) Concurrent Scan Root Regions
[278.375s][info][gc,cpu      ] GC(529) User=0.03s Sys=0.00s Real=0.02s
[278.383s][info][gc,marking  ] GC(530) Concurrent Scan Root Regions 9.849ms
[278.383s][info][gc,marking  ] GC(530) Concurrent Mark
[278.383s][info][gc,marking  ] GC(530) Concurrent Mark From Roots
[278.383s][info][gc,task     ] GC(530) Using 1 workers of 1 for marking
[278.461s][info][gc,marking  ] GC(530) Concurrent Mark From Roots 77.603ms
[278.461s][info][gc,marking  ] GC(530) Concurrent Preclean
[278.461s][info][gc,marking  ] GC(530) Concurrent Preclean 0.055ms
[278.461s][info][gc,start    ] GC(530) Pause Remark
[278.474s][info][gc          ] GC(530) Pause Remark 186M->157M(430M) 13.583ms
[278.475s][info][gc,cpu      ] GC(530) User=0.03s Sys=0.00s Real=0.02s
[278.475s][info][gc,marking  ] GC(530) Concurrent Mark 91.609ms
[278.475s][info][gc,marking  ] GC(530) Concurrent Rebuild Remembered Sets and Scrub Regions
[278.506s][info][gc,marking  ] GC(530) Concurrent Rebuild Remembered Sets and Scrub Regions 31.012ms
[278.506s][info][gc,start    ] GC(530) Pause Cleanup
[278.506s][info][gc          ] GC(530) Pause Cleanup 167M->167M(430M) 0.058ms
[278.506s][info][gc,cpu      ] GC(530) User=0.00s Sys=0.00s Real=0.00s
[278.506s][info][gc,marking  ] GC(530) Concurrent Clear Claimed Marks
[278.506s][info][gc,marking  ] GC(530) Concurrent Clear Claimed Marks 0.059ms
[278.506s][info][gc,marking  ] GC(530) Concurrent Cleanup for Next Mark
[278.508s][info][gc,marking  ] GC(530) Concurrent Cleanup for Next Mark 1.615ms
[278.508s][info][gc          ] GC(530) Concurrent Mark Cycle 134.516ms
[279.059s][info][gc,start    ] GC(531) Pause Young (Prepare Mixed) (G1 Evacuation Pause)
[279.059s][info][gc,task     ] GC(531) Using 2 workers of 2 for evacuation
[279.072s][info][gc,phases   ] GC(531)   Pre Evacuate Collection Set: 0.20ms
[279.072s][info][gc,phases   ] GC(531)   Merge Heap Roots: 0.09ms
[279.072s][info][gc,phases   ] GC(531)   Evacuate Collection Set: 12.16ms
[279.072s][info][gc,phases   ] GC(531)   Post Evacuate Collection Set: 0.49ms
[279.072s][info][gc,phases   ] GC(531)   Other: 0.09ms
[279.072s][info][gc,heap     ] GC(531) Eden regions: 236->0(212)
[279.073s][info][gc,heap     ] GC(531) Survivor regions: 22->2(33)
[279.073s][info][gc,heap     ] GC(531) Old regions: 104->125
[279.073s][info][gc,heap     ] GC(531) Humongous regions: 3->3
[279.073s][info][gc,metaspace] GC(531) Metaspace: 42525K(42880K)->42525K(42880K) NonClass: 39720K(39936K)->39720K(39936K) Class: 2804K(2944K)->2804K(2944K)
[279.073s][info][gc          ] GC(531) Pause Young (Prepare Mixed) (G1 Evacuation Pause) 364M->129M(430M) 13.232ms
[279.073s][info][gc,cpu      ] GC(531) User=0.02s Sys=0.00s Real=0.02s
[279.656s][info][gc,start    ] GC(532) Pause Young (Mixed) (G1 Evacuation Pause)
[279.657s][info][gc,task     ] GC(532) Using 2 workers of 2 for evacuation
[279.660s][info][gc,phases   ] GC(532)   Pre Evacuate Collection Set: 0.21ms
[279.660s][info][gc,phases   ] GC(532)   Merge Heap Roots: 0.10ms
[279.660s][info][gc,phases   ] GC(532)   Evacuate Collection Set: 2.85ms
[279.660s][info][gc,phases   ] GC(532)   Post Evacuate Collection Set: 0.50ms
[279.660s][info][gc,phases   ] GC(532)   Other: 0.08ms
[279.660s][info][gc,heap     ] GC(532) Eden regions: 212->0(235)
[279.660s][info][gc,heap     ] GC(532) Survivor regions: 2->4(27)
[279.660s][info][gc,heap     ] GC(532) Old regions: 125->105
[279.660s][info][gc,heap     ] GC(532) Humongous regions: 4->3
[279.660s][info][gc,metaspace] GC(532) Metaspace: 42526K(42880K)->42526K(42880K) NonClass: 39721K(39936K)->39721K(39936K) Class: 2804K(2944K)->2804K(2944K)
[279.660s][info][gc          ] GC(532) Pause Young (Mixed) (G1 Evacuation Pause) 342M->110M(430M) 3.932ms
[279.660s][info][gc,cpu      ] GC(532) User=0.00s Sys=0.00s Real=0.00s
[280.107s][info][gc,start    ] GC(533) Pause Young (Concurrent Start) (G1 Evacuation Pause)
[280.107s][info][gc,task     ] GC(533) Using 2 workers of 2 for evacuation
[280.112s][info][gc,phases   ] GC(533)   Pre Evacuate Collection Set: 0.22ms
[280.112s][info][gc,phases   ] GC(533)   Merge Heap Roots: 0.07ms
[280.112s][info][gc,phases   ] GC(533)   Evacuate Collection Set: 4.47ms
[280.112s][info][gc,phases   ] GC(533)   Post Evacuate Collection Set: 0.48ms
[280.112s][info][gc,phases   ] GC(533)   Other: 0.11ms
[280.112s][info][gc,heap     ] GC(533) Eden regions: 235->0(244)
[280.112s][info][gc,heap     ] GC(533) Survivor regions: 4->6(30)
[280.112s][info][gc,heap     ] GC(533) Old regions: 105->105
[280.112s][info][gc,heap     ] GC(533) Humongous regions: 3->1
[280.112s][info][gc,metaspace] GC(533) Metaspace: 42526K(42880K)->42526K(42880K) NonClass: 39721K(39936K)->39721K(39936K) Class: 2804K(2944K)->2804K(2944K)
[280.112s][info][gc          ] GC(533) Pause Young (Concurrent Start) (G1 Evacuation Pause) 345M->111M(430M) 5.572ms
[280.113s][info][gc          ] GC(534) Concurrent Mark Cycle
[280.113s][info][gc,marking  ] GC(534) Concurrent Scan Root Regions
[280.115s][info][gc,cpu      ] GC(533) User=0.01s Sys=0.00s Real=0.01s
[280.115s][info][gc,marking  ] GC(534) Concurrent Scan Root Regions 2.578ms
[280.115s][info][gc,marking  ] GC(534) Concurrent Mark
[280.115s][info][gc,marking  ] GC(534) Concurrent Mark From Roots
[280.115s][info][gc,task     ] GC(534) Using 1 workers of 1 for marking
[280.186s][info][gc,marking  ] GC(534) Concurrent Mark From Roots 70.429ms
[280.186s][info][gc,marking  ] GC(534) Concurrent Preclean
[280.186s][info][gc,marking  ] GC(534) Concurrent Preclean 0.053ms
[280.186s][info][gc,start    ] GC(534) Pause Remark
[280.198s][info][gc          ] GC(534) Pause Remark 157M->135M(300M) 12.460ms
[280.198s][info][gc,cpu      ] GC(534) User=0.03s Sys=0.00s Real=0.01s
[280.198s][info][gc,marking  ] GC(534) Concurrent Mark 83.231ms
[280.198s][info][gc,marking  ] GC(534) Concurrent Rebuild Remembered Sets and Scrub Regions
[280.226s][info][gc,marking  ] GC(534) Concurrent Rebuild Remembered Sets and Scrub Regions 27.837ms
[280.226s][info][gc,start    ] GC(534) Pause Cleanup
[280.226s][info][gc          ] GC(534) Pause Cleanup 153M->153M(300M) 0.051ms
[280.226s][info][gc,cpu      ] GC(534) User=0.00s Sys=0.00s Real=0.00s
[280.226s][info][gc,marking  ] GC(534) Concurrent Clear Claimed Marks
[280.227s][info][gc,marking  ] GC(534) Concurrent Clear Claimed Marks 0.037ms
[280.227s][info][gc,marking  ] GC(534) Concurrent Cleanup for Next Mark
[280.227s][info][gc,marking  ] GC(534) Concurrent Cleanup for Next Mark 0.881ms
[280.227s][info][gc          ] GC(534) Concurrent Mark Cycle 114.898ms
[280.394s][info][gc,start    ] GC(535) Pause Young (Prepare Mixed) (G1 Evacuation Pause)
[280.394s][info][gc,task     ] GC(535) Using 2 workers of 2 for evacuation
[280.397s][info][gc,phases   ] GC(535)   Pre Evacuate Collection Set: 0.17ms
[280.397s][info][gc,phases   ] GC(535)   Merge Heap Roots: 0.07ms
[280.397s][info][gc,phases   ] GC(535)   Evacuate Collection Set: 2.14ms
[280.397s][info][gc,phases   ] GC(535)   Post Evacuate Collection Set: 0.46ms
[280.397s][info][gc,phases   ] GC(535)   Other: 0.08ms
[280.397s][info][gc,heap     ] GC(535) Eden regions: 174->0(173)
[280.397s][info][gc,heap     ] GC(535) Survivor regions: 6->4(23)
[280.397s][info][gc,heap     ] GC(535) Old regions: 83->83
[280.397s][info][gc,heap     ] GC(535) Humongous regions: 1->1
[280.397s][info][gc,metaspace] GC(535) Metaspace: 42526K(42880K)->42526K(42880K) NonClass: 39721K(39936K)->39721K(39936K) Class: 2804K(2944K)->2804K(2944K)
[280.397s][info][gc          ] GC(535) Pause Young (Prepare Mixed) (G1 Evacuation Pause) 263M->86M(300M) 3.099ms
[280.397s][info][gc,cpu      ] GC(535) User=0.00s Sys=0.00s Real=0.00s
[280.943s][info][gc,start    ] GC(536) Pause Young (Mixed) (G1 Evacuation Pause)
[280.943s][info][gc,task     ] GC(536) Using 2 workers of 2 for evacuation
[280.957s][info][gc,phases   ] GC(536)   Pre Evacuate Collection Set: 0.20ms
[280.957s][info][gc,phases   ] GC(536)   Merge Heap Roots: 0.09ms
[280.957s][info][gc,phases   ] GC(536)   Evacuate Collection Set: 12.25ms
[280.957s][info][gc,phases   ] GC(536)   Post Evacuate Collection Set: 0.96ms
[280.957s][info][gc,phases   ] GC(536)   Other: 0.07ms
[280.957s][info][gc,heap     ] GC(536) Eden regions: 146->0(245)
[280.957s][info][gc,heap     ] GC(536) Survivor regions: 4->8(23)
[280.957s][info][gc,heap     ] GC(536) Old regions: 83->66
[280.957s][info][gc,heap     ] GC(536) Humongous regions: 179->3
[280.957s][info][gc,metaspace] GC(536) Metaspace: 42528K(42880K)->42528K(42880K) NonClass: 39723K(39936K)->39723K(39936K) Class: 2804K(2944K)->2804K(2944K)
[280.957s][info][gc          ] GC(536) Pause Young (Mixed) (G1 Evacuation Pause) 410M->75M(422M) 13.785ms
[280.957s][info][gc,cpu      ] GC(536) User=0.02s Sys=0.00s Real=0.01s
[280.964s][info][gc,start    ] GC(537) Pause Young (Concurrent Start) (G1 Humongous Allocation)
[280.964s][info][gc,task     ] GC(537) Using 2 workers of 2 for evacuation
[280.970s][info][gc,phases   ] GC(537)   Pre Evacuate Collection Set: 0.17ms
[280.970s][info][gc,phases   ] GC(537)   Merge Heap Roots: 0.07ms
[280.970s][info][gc,phases   ] GC(537)   Evacuate Collection Set: 5.44ms
[280.970s][info][gc,phases   ] GC(537)   Post Evacuate Collection Set: 0.55ms
[280.970s][info][gc,phases   ] GC(537)   Other: 0.15ms
[280.970s][info][gc,heap     ] GC(537) Eden regions: 1->0(245)
[280.970s][info][gc,heap     ] GC(537) Survivor regions: 8->8(32)
[280.970s][info][gc,heap     ] GC(537) Old regions: 66->66
[280.970s][info][gc,heap     ] GC(537) Humongous regions: 7->1
[280.970s][info][gc,metaspace] GC(537) Metaspace: 42528K(42880K)->42528K(42880K) NonClass: 39723K(39936K)->39723K(39936K) Class: 2804K(2944K)->2804K(2944K)
[280.970s][info][gc          ] GC(537) Pause Young (Concurrent Start) (G1 Humongous Allocation) 80M->73M(422M) 6.544ms
[280.970s][info][gc,cpu      ] GC(537) User=0.01s Sys=0.00s Real=0.00s
[280.970s][info][gc          ] GC(538) Concurrent Undo Cycle
[280.970s][info][gc,marking  ] GC(538) Concurrent Clear Claimed Marks
[280.970s][info][gc,marking  ] GC(538) Concurrent Clear Claimed Marks 0.037ms
[280.970s][info][gc,marking  ] GC(538) Concurrent Cleanup for Next Mark
[280.970s][info][gc,marking  ] GC(538) Concurrent Cleanup for Next Mark 0.186ms
[280.970s][info][gc          ] GC(538) Concurrent Undo Cycle 0.313ms
[280.973s][info][gc,start    ] GC(539) Pause Young (Concurrent Start) (G1 Humongous Allocation)
[280.973s][info][gc,task     ] GC(539) Using 2 workers of 2 for evacuation
[280.979s][info][gc,phases   ] GC(539)   Pre Evacuate Collection Set: 0.14ms
[280.979s][info][gc,phases   ] GC(539)   Merge Heap Roots: 0.04ms
[280.979s][info][gc,phases   ] GC(539)   Evacuate Collection Set: 5.14ms
[280.979s][info][gc,phases   ] GC(539)   Post Evacuate Collection Set: 0.32ms
[280.979s][info][gc,phases   ] GC(539)   Other: 0.07ms
[280.979s][info][gc,heap     ] GC(539) Eden regions: 1->0(245)
[280.979s][info][gc,heap     ] GC(539) Survivor regions: 8->8(32)
[280.979s][info][gc,heap     ] GC(539) Old regions: 66->66
[280.979s][info][gc,heap     ] GC(539) Humongous regions: 3->1
[280.979s][info][gc,metaspace] GC(539) Metaspace: 42528K(42880K)->42528K(42880K) NonClass: 39723K(39936K)->39723K(39936K) Class: 2804K(2944K)->2804K(2944K)
[280.979s][info][gc          ] GC(539) Pause Young (Concurrent Start) (G1 Humongous Allocation) 76M->73M(422M) 5.871ms
[280.979s][info][gc,cpu      ] GC(539) User=0.01s Sys=0.00s Real=0.00s
[280.979s][info][gc          ] GC(540) Concurrent Mark Cycle
[280.979s][info][gc,marking  ] GC(540) Concurrent Scan Root Regions
[280.983s][info][gc,marking  ] GC(540) Concurrent Scan Root Regions 3.700ms
[280.983s][info][gc,marking  ] GC(540) Concurrent Mark
[280.983s][info][gc,marking  ] GC(540) Concurrent Mark From Roots
[280.983s][info][gc,task     ] GC(540) Using 1 workers of 1 for marking
[281.069s][info][gc,marking  ] GC(540) Concurrent Mark From Roots 86.384ms
[281.069s][info][gc,marking  ] GC(540) Concurrent Preclean
[281.069s][info][gc,marking  ] GC(540) Concurrent Preclean 0.051ms
[281.069s][info][gc,start    ] GC(540) Pause Remark
[281.082s][info][gc          ] GC(540) Pause Remark 152M->151M(422M) 12.589ms
[281.082s][info][gc,cpu      ] GC(540) User=0.02s Sys=0.00s Real=0.02s
[281.084s][info][gc,marking  ] GC(540) Concurrent Mark 101.217ms
[281.084s][info][gc,marking  ] GC(540) Concurrent Rebuild Remembered Sets and Scrub Regions
[281.111s][info][gc,marking  ] GC(540) Concurrent Rebuild Remembered Sets and Scrub Regions 27.135ms
[281.111s][info][gc,start    ] GC(540) Pause Cleanup
[281.111s][info][gc          ] GC(540) Pause Cleanup 171M->171M(422M) 0.066ms
[281.111s][info][gc,cpu      ] GC(540) User=0.00s Sys=0.00s Real=0.00s
[281.111s][info][gc,marking  ] GC(540) Concurrent Clear Claimed Marks
[281.111s][info][gc,marking  ] GC(540) Concurrent Clear Claimed Marks 0.040ms
[281.112s][info][gc,marking  ] GC(540) Concurrent Cleanup for Next Mark
[281.114s][info][gc,marking  ] GC(540) Concurrent Cleanup for Next Mark 2.325ms
[281.114s][info][gc          ] GC(540) Concurrent Mark Cycle 134.868ms
[281.546s][info][gc,start    ] GC(541) Pause Young (Prepare Mixed) (G1 Evacuation Pause)
[281.546s][info][gc,task     ] GC(541) Using 2 workers of 2 for evacuation
[281.562s][info][gc,phases   ] GC(541)   Pre Evacuate Collection Set: 0.28ms
[281.562s][info][gc,phases   ] GC(541)   Merge Heap Roots: 0.08ms
[281.562s][info][gc,phases   ] GC(541)   Evacuate Collection Set: 14.57ms
[281.562s][info][gc,phases   ] GC(541)   Post Evacuate Collection Set: 0.82ms
[281.562s][info][gc,phases   ] GC(541)   Other: 0.08ms
[281.562s][info][gc,heap     ] GC(541) Eden regions: 60->0(296)
[281.562s][info][gc,heap     ] GC(541) Survivor regions: 8->13(35)
[281.562s][info][gc,heap     ] GC(541) Old regions: 65->65
[281.562s][info][gc,heap     ] GC(541) Humongous regions: 369->1
[281.562s][info][gc,metaspace] GC(541) Metaspace: 42528K(42880K)->42528K(42880K) NonClass: 39723K(39936K)->39723K(39936K) Class: 2804K(2944K)->2804K(2944K)
[281.562s][info][gc          ] GC(541) Pause Young (Prepare Mixed) (G1 Evacuation Pause) 500M->77M(515M) 16.068ms
[281.562s][info][gc,cpu      ] GC(541) User=0.02s Sys=0.01s Real=0.02s
[282.186s][info][gc,start    ] GC(542) Pause Young (Mixed) (G1 Evacuation Pause)
[282.186s][info][gc,task     ] GC(542) Using 2 workers of 2 for evacuation
[282.223s][info][gc,phases   ] GC(542)   Pre Evacuate Collection Set: 0.28ms
[282.223s][info][gc,phases   ] GC(542)   Merge Heap Roots: 0.09ms
[282.223s][info][gc,phases   ] GC(542)   Evacuate Collection Set: 35.00ms
[282.223s][info][gc,phases   ] GC(542)   Post Evacuate Collection Set: 0.99ms
[282.223s][info][gc,phases   ] GC(542)   Other: 0.14ms
[282.223s][info][gc,heap     ] GC(542) Eden regions: 78->0(330)
[282.223s][info][gc,heap     ] GC(542) Survivor regions: 13->24(41)
[282.223s][info][gc,heap     ] GC(542) Old regions: 65->60
[282.223s][info][gc,heap     ] GC(542) Humongous regions: 409->3
[282.223s][info][gc,metaspace] GC(542) Metaspace: 42528K(42880K)->42528K(42880K) NonClass: 39723K(39936K)->39723K(39936K) Class: 2804K(2944K)->2804K(2944K)
[282.223s][info][gc          ] GC(542) Pause Young (Mixed) (G1 Evacuation Pause) 563M->86M(590M) 36.762ms
[282.223s][info][gc,cpu      ] GC(542) User=0.06s Sys=0.02s Real=0.04s
[282.309s][info][gc,start    ] GC(543) Pause Young (Concurrent Start) (G1 Humongous Allocation)
[282.309s][info][gc,task     ] GC(543) Using 2 workers of 2 for evacuation
[282.331s][info][gc,phases   ] GC(543)   Pre Evacuate Collection Set: 0.28ms
[282.331s][info][gc,phases   ] GC(543)   Merge Heap Roots: 0.05ms
[282.331s][info][gc,phases   ] GC(543)   Evacuate Collection Set: 20.65ms
[282.331s][info][gc,phases   ] GC(543)   Post Evacuate Collection Set: 0.49ms
[282.331s][info][gc,phases   ] GC(543)   Other: 0.11ms
[282.331s][info][gc,heap     ] GC(543) Eden regions: 11->0(330)
[282.331s][info][gc,heap     ] GC(543) Survivor regions: 24->24(45)
[282.331s][info][gc,heap     ] GC(543) Old regions: 60->62
[282.331s][info][gc,heap     ] GC(543) Humongous regions: 57->1
[282.331s][info][gc,metaspace] GC(543) Metaspace: 42528K(42880K)->42528K(42880K) NonClass: 39723K(39936K)->39723K(39936K) Class: 2804K(2944K)->2804K(2944K)
[282.331s][info][gc          ] GC(543) Pause Young (Concurrent Start) (G1 Humongous Allocation) 150M->86M(590M) 21.792ms
[282.331s][info][gc          ] GC(544) Concurrent Undo Cycle
[282.331s][info][gc,marking  ] GC(544) Concurrent Clear Claimed Marks
[282.331s][info][gc,marking  ] GC(544) Concurrent Clear Claimed Marks 0.041ms
[282.331s][info][gc,marking  ] GC(544) Concurrent Cleanup for Next Mark
[282.331s][info][gc,cpu      ] GC(543) User=0.04s Sys=0.00s Real=0.02s
[282.331s][info][gc,marking  ] GC(544) Concurrent Cleanup for Next Mark 0.173ms
[282.331s][info][gc          ] GC(544) Concurrent Undo Cycle 0.285ms
[282.349s][info][gc,start    ] GC(545) Pause Young (Concurrent Start) (G1 Humongous Allocation)
[282.349s][info][gc,task     ] GC(545) Using 2 workers of 2 for evacuation
[282.370s][info][gc,phases   ] GC(545)   Pre Evacuate Collection Set: 0.26ms
[282.370s][info][gc,phases   ] GC(545)   Merge Heap Roots: 0.06ms
[282.370s][info][gc,phases   ] GC(545)   Evacuate Collection Set: 19.89ms
[282.370s][info][gc,phases   ] GC(545)   Post Evacuate Collection Set: 0.34ms
[282.370s][info][gc,phases   ] GC(545)   Other: 0.11ms
[282.370s][info][gc,heap     ] GC(545) Eden regions: 2->0(335)
[282.370s][info][gc,heap     ] GC(545) Survivor regions: 24->19(45)
[282.370s][info][gc,heap     ] GC(545) Old regions: 62->68
[282.370s][info][gc,heap     ] GC(545) Humongous regions: 13->1
[282.370s][info][gc,metaspace] GC(545) Metaspace: 42528K(42880K)->42528K(42880K) NonClass: 39723K(39936K)->39723K(39936K) Class: 2804K(2944K)->2804K(2944K)
[282.370s][info][gc          ] GC(545) Pause Young (Concurrent Start) (G1 Humongous Allocation) 99M->86M(590M) 20.899ms
[282.370s][info][gc          ] GC(546) Concurrent Undo Cycle
[282.370s][info][gc,marking  ] GC(546) Concurrent Clear Claimed Marks
[282.370s][info][gc,marking  ] GC(546) Concurrent Clear Claimed Marks 0.034ms
[282.370s][info][gc,marking  ] GC(546) Concurrent Cleanup for Next Mark
[282.370s][info][gc,cpu      ] GC(545) User=0.04s Sys=0.00s Real=0.02s
[282.370s][info][gc,marking  ] GC(546) Concurrent Cleanup for Next Mark 0.180ms
[282.370s][info][gc          ] GC(546) Concurrent Undo Cycle 0.259ms
[282.375s][info][gc,start    ] GC(547) Pause Young (Concurrent Start) (G1 Humongous Allocation)
[282.376s][info][gc,task     ] GC(547) Using 2 workers of 2 for evacuation
[282.393s][info][gc,phases   ] GC(547)   Pre Evacuate Collection Set: 0.23ms
[282.393s][info][gc,phases   ] GC(547)   Merge Heap Roots: 0.05ms
[282.393s][info][gc,phases   ] GC(547)   Evacuate Collection Set: 16.98ms
[282.393s][info][gc,phases   ] GC(547)   Post Evacuate Collection Set: 0.41ms
[282.393s][info][gc,phases   ] GC(547)   Other: 0.10ms
[282.393s][info][gc,heap     ] GC(547) Eden regions: 1->0(335)
[282.393s][info][gc,heap     ] GC(547) Survivor regions: 19->19(45)
[282.393s][info][gc,heap     ] GC(547) Old regions: 68->68
[282.393s][info][gc,heap     ] GC(547) Humongous regions: 3->1
[282.393s][info][gc,metaspace] GC(547) Metaspace: 42528K(42880K)->42528K(42880K) NonClass: 39723K(39936K)->39723K(39936K) Class: 2804K(2944K)->2804K(2944K)
[282.393s][info][gc          ] GC(547) Pause Young (Concurrent Start) (G1 Humongous Allocation) 89M->86M(590M) 17.935ms
[282.393s][info][gc          ] GC(548) Concurrent Mark Cycle
[282.393s][info][gc,marking  ] GC(548) Concurrent Scan Root Regions
[282.394s][info][gc,cpu      ] GC(547) User=0.03s Sys=0.00s Real=0.02s
[282.406s][info][gc,marking  ] GC(548) Concurrent Scan Root Regions 12.616ms
[282.406s][info][gc,marking  ] GC(548) Concurrent Mark
[282.406s][info][gc,marking  ] GC(548) Concurrent Mark From Roots
[282.406s][info][gc,task     ] GC(548) Using 1 workers of 1 for marking
[282.485s][info][gc,marking  ] GC(548) Concurrent Mark From Roots 79.152ms
[282.485s][info][gc,marking  ] GC(548) Concurrent Preclean
[282.485s][info][gc,marking  ] GC(548) Concurrent Preclean 0.055ms
[282.486s][info][gc,start    ] GC(548) Pause Remark
[282.498s][info][gc          ] GC(548) Pause Remark 152M->152M(474M) 12.617ms
[282.498s][info][gc,cpu      ] GC(548) User=0.03s Sys=0.00s Real=0.01s
[282.498s][info][gc,marking  ] GC(548) Concurrent Mark 92.217ms
[282.498s][info][gc,marking  ] GC(548) Concurrent Rebuild Remembered Sets and Scrub Regions
[282.533s][info][gc,marking  ] GC(548) Concurrent Rebuild Remembered Sets and Scrub Regions 34.523ms
[282.533s][info][gc,start    ] GC(548) Pause Cleanup
[282.533s][info][gc          ] GC(548) Pause Cleanup 173M->173M(474M) 0.064ms
[282.533s][info][gc,cpu      ] GC(548) User=0.00s Sys=0.00s Real=0.00s
[282.533s][info][gc,marking  ] GC(548) Concurrent Clear Claimed Marks
[282.533s][info][gc,marking  ] GC(548) Concurrent Clear Claimed Marks 0.040ms
[282.533s][info][gc,marking  ] GC(548) Concurrent Cleanup for Next Mark
[282.535s][info][gc,marking  ] GC(548) Concurrent Cleanup for Next Mark 2.005ms
[282.535s][info][gc          ] GC(548) Concurrent Mark Cycle 141.747ms
[282.914s][info][gc,start    ] GC(549) Pause Young (Prepare Mixed) (G1 Evacuation Pause)
[282.914s][info][gc,task     ] GC(549) Using 2 workers of 2 for evacuation
[282.958s][info][gc,phases   ] GC(549)   Pre Evacuate Collection Set: 0.26ms
[282.958s][info][gc,phases   ] GC(549)   Merge Heap Roots: 0.09ms
[282.958s][info][gc,phases   ] GC(549)   Evacuate Collection Set: 42.65ms
[282.958s][info][gc,phases   ] GC(549)   Post Evacuate Collection Set: 0.68ms
[282.958s][info][gc,phases   ] GC(549)   Other: 0.07ms
[282.958s][info][gc,heap     ] GC(549) Eden regions: 74->0(271)
[282.958s][info][gc,heap     ] GC(549) Survivor regions: 19->32(36)
[282.958s][info][gc,heap     ] GC(549) Old regions: 68->68
[282.958s][info][gc,heap     ] GC(549) Humongous regions: 313->1
[282.958s][info][gc,metaspace] GC(549) Metaspace: 42528K(42880K)->42528K(42880K) NonClass: 39723K(39936K)->39723K(39936K) Class: 2804K(2944K)->2804K(2944K)
[282.958s][info][gc          ] GC(549) Pause Young (Prepare Mixed) (G1 Evacuation Pause) 472M->100M(506M) 43.975ms
[282.958s][info][gc,cpu      ] GC(549) User=0.07s Sys=0.02s Real=0.04s
[283.656s][info][gc,start    ] GC(550) Pause Young (Mixed) (G1 Evacuation Pause)
[283.656s][info][gc,task     ] GC(550) Using 2 workers of 2 for evacuation
[283.698s][info][gc,phases   ] GC(550)   Pre Evacuate Collection Set: 0.23ms
[283.698s][info][gc,phases   ] GC(550)   Merge Heap Roots: 0.19ms
[283.698s][info][gc,phases   ] GC(550)   Evacuate Collection Set: 39.65ms
[283.698s][info][gc,phases   ] GC(550)   Post Evacuate Collection Set: 1.95ms
[283.698s][info][gc,phases   ] GC(550)   Other: 0.08ms
[283.698s][info][gc,heap     ] GC(550) Eden regions: 271->0(387)
[283.698s][info][gc,heap     ] GC(550) Survivor regions: 32->22(38)
[283.698s][info][gc,heap     ] GC(550) Old regions: 68->80
[283.698s][info][gc,heap     ] GC(550) Humongous regions: 45->1
[283.698s][info][gc,metaspace] GC(550) Metaspace: 42622K(43008K)->42622K(43008K) NonClass: 39817K(40064K)->39817K(40064K) Class: 2804K(2944K)->2804K(2944K)
[283.698s][info][gc          ] GC(550) Pause Young (Mixed) (G1 Evacuation Pause) 415M->101M(682M) 42.279ms
[283.698s][info][gc,cpu      ] GC(550) User=0.08s Sys=0.00s Real=0.04s
[284.664s][info][gc,start    ] GC(551) Pause Young (Normal) (G1 Evacuation Pause)
[284.664s][info][gc,task     ] GC(551) Using 2 workers of 2 for evacuation
[284.682s][info][gc,phases   ] GC(551)   Pre Evacuate Collection Set: 0.23ms
[284.682s][info][gc,phases   ] GC(551)   Merge Heap Roots: 0.12ms
[284.682s][info][gc,phases   ] GC(551)   Evacuate Collection Set: 16.99ms
[284.682s][info][gc,phases   ] GC(551)   Post Evacuate Collection Set: 0.75ms
[284.682s][info][gc,phases   ] GC(551)   Other: 0.08ms
[284.682s][info][gc,heap     ] GC(551) Eden regions: 387->0(387)
[284.682s][info][gc,heap     ] GC(551) Survivor regions: 22->22(52)
[284.682s][info][gc,heap     ] GC(551) Old regions: 80->80
[284.682s][info][gc,heap     ] GC(551) Humongous regions: 1->1
[284.682s][info][gc,metaspace] GC(551) Metaspace: 42625K(43008K)->42625K(43008K) NonClass: 39820K(40064K)->39820K(40064K) Class: 2804K(2944K)->2804K(2944K)
[284.682s][info][gc          ] GC(551) Pause Young (Normal) (G1 Evacuation Pause) 488M->101M(682M) 18.370ms
[284.682s][info][gc,cpu      ] GC(551) User=0.04s Sys=0.00s Real=0.02s
[285.524s][info][gc,start    ] GC(552) Pause Young (Normal) (G1 Evacuation Pause)
[285.524s][info][gc,task     ] GC(552) Using 2 workers of 2 for evacuation
[285.543s][info][gc,phases   ] GC(552)   Pre Evacuate Collection Set: 0.23ms
[285.543s][info][gc,phases   ] GC(552)   Merge Heap Roots: 0.12ms
[285.543s][info][gc,phases   ] GC(552)   Evacuate Collection Set: 18.22ms
[285.543s][info][gc,phases   ] GC(552)   Post Evacuate Collection Set: 0.78ms
[285.544s][info][gc,phases   ] GC(552)   Other: 0.10ms
[285.544s][info][gc,heap     ] GC(552) Eden regions: 387->0(384)
[285.544s][info][gc,heap     ] GC(552) Survivor regions: 22->25(52)
[285.544s][info][gc,heap     ] GC(552) Old regions: 80->80
[285.544s][info][gc,heap     ] GC(552) Humongous regions: 1->1
[285.544s][info][gc,metaspace] GC(552) Metaspace: 42626K(43008K)->42626K(43008K) NonClass: 39821K(40064K)->39821K(40064K) Class: 2804K(2944K)->2804K(2944K)
[285.544s][info][gc          ] GC(552) Pause Young (Normal) (G1 Evacuation Pause) 488M->104M(682M) 19.710ms
[285.544s][info][gc,cpu      ] GC(552) User=0.04s Sys=0.00s Real=0.02s
[286.786s][info][gc,start    ] GC(553) Pause Young (Normal) (G1 Evacuation Pause)
[286.786s][info][gc,task     ] GC(553) Using 2 workers of 2 for evacuation
[286.807s][info][gc,phases   ] GC(553)   Pre Evacuate Collection Set: 0.23ms
[286.807s][info][gc,phases   ] GC(553)   Merge Heap Roots: 0.14ms
[286.807s][info][gc,phases   ] GC(553)   Evacuate Collection Set: 19.27ms
[286.807s][info][gc,phases   ] GC(553)   Post Evacuate Collection Set: 0.79ms
[286.807s][info][gc,phases   ] GC(553)   Other: 0.11ms
[286.807s][info][gc,heap     ] GC(553) Eden regions: 384->0(386)
[286.807s][info][gc,heap     ] GC(553) Survivor regions: 25->23(52)
[286.807s][info][gc,heap     ] GC(553) Old regions: 80->80
[286.807s][info][gc,heap     ] GC(553) Humongous regions: 1->1
[286.807s][info][gc,metaspace] GC(553) Metaspace: 42706K(43072K)->42706K(43072K) NonClass: 39901K(40128K)->39901K(40128K) Class: 2804K(2944K)->2804K(2944K)
[286.807s][info][gc          ] GC(553) Pause Young (Normal) (G1 Evacuation Pause) 488M->102M(682M) 20.750ms
[286.807s][info][gc,cpu      ] GC(553) User=0.04s Sys=0.00s Real=0.02s
[288.297s][info][gc,start    ] GC(554) Pause Young (Normal) (G1 Evacuation Pause)
[288.298s][info][gc,task     ] GC(554) Using 2 workers of 2 for evacuation
[288.350s][info][gc,phases   ] GC(554)   Pre Evacuate Collection Set: 0.27ms
[288.350s][info][gc,phases   ] GC(554)   Merge Heap Roots: 0.18ms
[288.350s][info][gc,phases   ] GC(554)   Evacuate Collection Set: 51.28ms
[288.350s][info][gc,phases   ] GC(554)   Post Evacuate Collection Set: 0.73ms
[288.350s][info][gc,phases   ] GC(554)   Other: 0.10ms
[288.350s][info][gc,heap     ] GC(554) Eden regions: 386->0(357)
[288.350s][info][gc,heap     ] GC(554) Survivor regions: 23->52(52)
[288.350s][info][gc,heap     ] GC(554) Old regions: 80->82
[288.350s][info][gc,heap     ] GC(554) Humongous regions: 14->4
[288.350s][info][gc,metaspace] GC(554) Metaspace: 42724K(43136K)->42724K(43136K) NonClass: 39919K(40192K)->39919K(40192K) Class: 2804K(2944K)->2804K(2944K)
[288.350s][info][gc          ] GC(554) Pause Young (Normal) (G1 Evacuation Pause) 501M->136M(682M) 52.754ms
[288.350s][info][gc,cpu      ] GC(554) User=0.10s Sys=0.00s Real=0.05s
[289.196s][info][gc,start    ] GC(555) Pause Young (Normal) (G1 Evacuation Pause)
[289.196s][info][gc,task     ] GC(555) Using 2 workers of 2 for evacuation
[289.303s][info][gc,phases   ] GC(555)   Pre Evacuate Collection Set: 0.36ms
[289.303s][info][gc,phases   ] GC(555)   Merge Heap Roots: 0.26ms
[289.303s][info][gc,phases   ] GC(555)   Evacuate Collection Set: 104.98ms
[289.303s][info][gc,phases   ] GC(555)   Post Evacuate Collection Set: 0.68ms
[289.303s][info][gc,phases   ] GC(555)   Other: 0.09ms
[289.303s][info][gc,heap     ] GC(555) Eden regions: 357->0(371)
[289.303s][info][gc,heap     ] GC(555) Survivor regions: 52->38(52)
[289.303s][info][gc,heap     ] GC(555) Old regions: 82->135
[289.303s][info][gc,heap     ] GC(555) Humongous regions: 10->10
[289.303s][info][gc,metaspace] GC(555) Metaspace: 42725K(43136K)->42725K(43136K) NonClass: 39920K(40192K)->39920K(40192K) Class: 2804K(2944K)->2804K(2944K)
[289.303s][info][gc          ] GC(555) Pause Young (Normal) (G1 Evacuation Pause) 499M->181M(682M) 106.595ms
[289.303s][info][gc,cpu      ] GC(555) User=0.21s Sys=0.00s Real=0.11s
[289.347s][info][gc,start    ] GC(556) Pause Young (Concurrent Start) (G1 Humongous Allocation)
[289.347s][info][gc,task     ] GC(556) Using 2 workers of 2 for evacuation
[289.393s][info][gc,phases   ] GC(556)   Pre Evacuate Collection Set: 0.27ms
[289.393s][info][gc,phases   ] GC(556)   Merge Heap Roots: 0.10ms
[289.393s][info][gc,phases   ] GC(556)   Evacuate Collection Set: 45.13ms
[289.393s][info][gc,phases   ] GC(556)   Post Evacuate Collection Set: 0.42ms
[289.393s][info][gc,phases   ] GC(556)   Other: 0.10ms
[289.393s][info][gc,heap     ] GC(556) Eden regions: 22->0(403)
[289.393s][info][gc,heap     ] GC(556) Survivor regions: 38->6(52)
[289.393s][info][gc,heap     ] GC(556) Old regions: 135->173
[289.393s][info][gc,heap     ] GC(556) Humongous regions: 10->10
[289.393s][info][gc,metaspace] GC(556) Metaspace: 42725K(43136K)->42725K(43136K) NonClass: 39921K(40192K)->39921K(40192K) Class: 2804K(2944K)->2804K(2944K)
[289.393s][info][gc          ] GC(556) Pause Young (Concurrent Start) (G1 Humongous Allocation) 203M->187M(682M) 46.235ms
[289.394s][info][gc,cpu      ] GC(556) User=0.09s Sys=0.00s Real=0.05s
[289.394s][info][gc          ] GC(557) Concurrent Mark Cycle
[289.394s][info][gc,marking  ] GC(557) Concurrent Scan Root Regions
[289.501s][info][gc,marking  ] GC(557) Concurrent Scan Root Regions 107.417ms
[289.501s][info][gc,marking  ] GC(557) Concurrent Mark
[289.501s][info][gc,marking  ] GC(557) Concurrent Mark From Roots
[289.501s][info][gc,task     ] GC(557) Using 1 workers of 1 for marking
[289.708s][info][gc,marking  ] GC(557) Concurrent Mark From Roots 207.029ms
[289.708s][info][gc,marking  ] GC(557) Concurrent Preclean
[289.708s][info][gc,marking  ] GC(557) Concurrent Preclean 0.189ms
[289.708s][info][gc,start    ] GC(557) Pause Remark
[289.722s][info][gc          ] GC(557) Pause Remark 260M->225M(517M) 13.152ms
[289.722s][info][gc,cpu      ] GC(557) User=0.02s Sys=0.00s Real=0.01s
[289.722s][info][gc,marking  ] GC(557) Concurrent Mark 220.695ms
[289.722s][info][gc,marking  ] GC(557) Concurrent Rebuild Remembered Sets and Scrub Regions
[289.833s][info][gc,marking  ] GC(557) Concurrent Rebuild Remembered Sets and Scrub Regions 110.903ms
[289.840s][info][gc,start    ] GC(557) Pause Cleanup
[289.840s][info][gc          ] GC(557) Pause Cleanup 246M->246M(517M) 0.076ms
[289.840s][info][gc,cpu      ] GC(557) User=0.00s Sys=0.00s Real=0.00s
[289.841s][info][gc,marking  ] GC(557) Concurrent Clear Claimed Marks
[289.841s][info][gc,marking  ] GC(557) Concurrent Clear Claimed Marks 0.039ms
[289.841s][info][gc,marking  ] GC(557) Concurrent Cleanup for Next Mark
[289.843s][info][gc,marking  ] GC(557) Concurrent Cleanup for Next Mark 2.023ms
[289.843s][info][gc          ] GC(557) Concurrent Mark Cycle 449.087ms
[293.244s][info][gc,start    ] GC(558) Pause Young (Prepare Mixed) (G1 Evacuation Pause)
[293.244s][info][gc,task     ] GC(558) Using 2 workers of 2 for evacuation
[293.270s][info][gc,phases   ] GC(558)   Pre Evacuate Collection Set: 0.25ms
[293.270s][info][gc,phases   ] GC(558)   Merge Heap Roots: 0.13ms
[293.270s][info][gc,phases   ] GC(558)   Evacuate Collection Set: 25.02ms
[293.270s][info][gc,phases   ] GC(558)   Post Evacuate Collection Set: 0.54ms
[293.270s][info][gc,phases   ] GC(558)   Other: 0.08ms
[293.270s][info][gc,heap     ] GC(558) Eden regions: 304->0(289)
[293.270s][info][gc,heap     ] GC(558) Survivor regions: 6->21(39)
[293.270s][info][gc,heap     ] GC(558) Old regions: 141->141
[293.270s][info][gc,heap     ] GC(558) Humongous regions: 11->5
[293.270s][info][gc,metaspace] GC(558) Metaspace: 42734K(43136K)->42734K(43136K) NonClass: 39930K(40192K)->39930K(40192K) Class: 2804K(2944K)->2804K(2944K)
[293.270s][info][gc          ] GC(558) Pause Young (Prepare Mixed) (G1 Evacuation Pause) 461M->166M(517M) 26.216ms
[293.270s][info][gc,cpu      ] GC(558) User=0.05s Sys=0.00s Real=0.02s
[293.990s][info][gc,start    ] GC(559) Pause Young (Mixed) (G1 Evacuation Pause)
[293.990s][info][gc,task     ] GC(559) Using 2 workers of 2 for evacuation
[294.037s][info][gc,phases   ] GC(559)   Pre Evacuate Collection Set: 0.23ms
[294.037s][info][gc,phases   ] GC(559)   Merge Heap Roots: 0.14ms
[294.037s][info][gc,phases   ] GC(559)   Evacuate Collection Set: 45.94ms
[294.037s][info][gc,phases   ] GC(559)   Post Evacuate Collection Set: 0.65ms
[294.037s][info][gc,phases   ] GC(559)   Other: 0.11ms
[294.037s][info][gc,heap     ] GC(559) Eden regions: 289->0(269)
[294.037s][info][gc,heap     ] GC(559) Survivor regions: 21->39(39)
[294.037s][info][gc,heap     ] GC(559) Old regions: 141->135
[294.037s][info][gc,heap     ] GC(559) Humongous regions: 8->8
[294.037s][info][gc,metaspace] GC(559) Metaspace: 42738K(43136K)->42738K(43136K) NonClass: 39933K(40192K)->39933K(40192K) Class: 2804K(2944K)->2804K(2944K)
[294.037s][info][gc          ] GC(559) Pause Young (Mixed) (G1 Evacuation Pause) 458M->180M(517M) 47.329ms
[294.037s][info][gc,cpu      ] GC(559) User=0.09s Sys=0.00s Real=0.05s
[294.191s][info][gc,start    ] GC(560) Pause Young (Concurrent Start) (G1 Humongous Allocation)
[294.191s][info][gc,task     ] GC(560) Using 2 workers of 2 for evacuation
[294.238s][info][gc,phases   ] GC(560)   Pre Evacuate Collection Set: 0.22ms
[294.238s][info][gc,phases   ] GC(560)   Merge Heap Roots: 0.16ms
[294.238s][info][gc,phases   ] GC(560)   Evacuate Collection Set: 45.58ms
[294.238s][info][gc,phases   ] GC(560)   Post Evacuate Collection Set: 0.38ms
[294.238s][info][gc,phases   ] GC(560)   Other: 0.15ms
[294.238s][info][gc,heap     ] GC(560) Eden regions: 72->0(259)
[294.238s][info][gc,heap     ] GC(560) Survivor regions: 39->9(39)
[294.238s][info][gc,heap     ] GC(560) Old regions: 135->174
[294.238s][info][gc,heap     ] GC(560) Humongous regions: 8->8
[294.238s][info][gc,metaspace] GC(560) Metaspace: 42738K(43136K)->42738K(43136K) NonClass: 39933K(40192K)->39933K(40192K) Class: 2804K(2944K)->2804K(2944K)
[294.238s][info][gc          ] GC(560) Pause Young (Concurrent Start) (G1 Humongous Allocation) 252M->189M(517M) 46.711ms
[294.238s][info][gc,cpu      ] GC(560) User=0.09s Sys=0.00s Real=0.05s
[294.238s][info][gc          ] GC(561) Concurrent Mark Cycle
[294.238s][info][gc,marking  ] GC(561) Concurrent Scan Root Regions
[294.270s][info][gc,marking  ] GC(561) Concurrent Scan Root Regions 32.081ms
[294.270s][info][gc,marking  ] GC(561) Concurrent Mark
[294.270s][info][gc,marking  ] GC(561) Concurrent Mark From Roots
[294.270s][info][gc,task     ] GC(561) Using 1 workers of 1 for marking
[294.392s][info][gc,marking  ] GC(561) Concurrent Mark From Roots 122.059ms
[294.392s][info][gc,marking  ] GC(561) Concurrent Preclean
[294.393s][info][gc,marking  ] GC(561) Concurrent Preclean 0.066ms
[294.393s][info][gc,start    ] GC(561) Pause Remark
[294.407s][info][gc          ] GC(561) Pause Remark 254M->242M(517M) 13.813ms
[294.407s][info][gc,cpu      ] GC(561) User=0.03s Sys=0.00s Real=0.01s
[294.407s][info][gc,marking  ] GC(561) Concurrent Mark 136.254ms
[294.407s][info][gc,marking  ] GC(561) Concurrent Rebuild Remembered Sets and Scrub Regions
[294.487s][info][gc,marking  ] GC(561) Concurrent Rebuild Remembered Sets and Scrub Regions 80.180ms
[294.487s][info][gc,start    ] GC(561) Pause Cleanup
[294.487s][info][gc          ] GC(561) Pause Cleanup 279M->279M(517M) 0.059ms
[294.487s][info][gc,cpu      ] GC(561) User=0.00s Sys=0.00s Real=0.00s
[294.487s][info][gc,marking  ] GC(561) Concurrent Clear Claimed Marks
[294.487s][info][gc,marking  ] GC(561) Concurrent Clear Claimed Marks 0.038ms
[294.487s][info][gc,marking  ] GC(561) Concurrent Cleanup for Next Mark
[294.489s][info][gc,marking  ] GC(561) Concurrent Cleanup for Next Mark 1.449ms
[294.489s][info][gc          ] GC(561) Concurrent Mark Cycle 250.496ms
[294.828s][info][gc,start    ] GC(562) Pause Young (Prepare Mixed) (G1 Evacuation Pause)
[294.828s][info][gc,task     ] GC(562) Using 2 workers of 2 for evacuation
[294.871s][info][gc,phases   ] GC(562)   Pre Evacuate Collection Set: 0.26ms
[294.871s][info][gc,phases   ] GC(562)   Merge Heap Roots: 0.11ms
[294.871s][info][gc,phases   ] GC(562)   Evacuate Collection Set: 42.56ms
[294.871s][info][gc,phases   ] GC(562)   Post Evacuate Collection Set: 0.54ms
[294.871s][info][gc,phases   ] GC(562)   Other: 0.10ms
[294.871s][info][gc,heap     ] GC(562) Eden regions: 259->0(242)
[294.871s][info][gc,heap     ] GC(562) Survivor regions: 9->34(34)
[294.872s][info][gc,heap     ] GC(562) Old regions: 166->170
[294.872s][info][gc,heap     ] GC(562) Humongous regions: 6->6
[294.872s][info][gc,metaspace] GC(562) Metaspace: 42738K(43136K)->42738K(43136K) NonClass: 39933K(40192K)->39933K(40192K) Class: 2804K(2944K)->2804K(2944K)
[294.872s][info][gc          ] GC(562) Pause Young (Prepare Mixed) (G1 Evacuation Pause) 438M->209M(517M) 43.826ms
[294.872s][info][gc,cpu      ] GC(562) User=0.09s Sys=0.00s Real=0.04s
[296.324s][info][gc,start    ] GC(563) Pause Young (Mixed) (G1 Evacuation Pause)
[296.324s][info][gc,task     ] GC(563) Using 2 workers of 2 for evacuation
[296.409s][info][gc,phases   ] GC(563)   Pre Evacuate Collection Set: 0.26ms
[296.409s][info][gc,phases   ] GC(563)   Merge Heap Roots: 0.25ms
[296.409s][info][gc,phases   ] GC(563)   Evacuate Collection Set: 83.71ms
[296.409s][info][gc,phases   ] GC(563)   Post Evacuate Collection Set: 0.55ms
[296.409s][info][gc,phases   ] GC(563)   Other: 0.08ms
[296.409s][info][gc,heap     ] GC(563) Eden regions: 242->0(231)
[296.409s][info][gc,heap     ] GC(563) Survivor regions: 34->25(35)
[296.409s][info][gc,heap     ] GC(563) Old regions: 170->189
[296.409s][info][gc,heap     ] GC(563) Humongous regions: 18->16
[296.409s][info][gc,metaspace] GC(563) Metaspace: 42738K(43136K)->42738K(43136K) NonClass: 39933K(40192K)->39933K(40192K) Class: 2804K(2944K)->2804K(2944K)
[296.409s][info][gc          ] GC(563) Pause Young (Mixed) (G1 Evacuation Pause) 463M->229M(524M) 85.030ms
[296.409s][info][gc,cpu      ] GC(563) User=0.17s Sys=0.01s Real=0.08s
[297.380s][info][gc,start    ] GC(564) Pause Young (Concurrent Start) (G1 Evacuation Pause)
[297.380s][info][gc,task     ] GC(564) Using 2 workers of 2 for evacuation
[297.425s][info][gc,phases   ] GC(564)   Pre Evacuate Collection Set: 0.26ms
[297.425s][info][gc,phases   ] GC(564)   Merge Heap Roots: 0.17ms
[297.425s][info][gc,phases   ] GC(564)   Evacuate Collection Set: 43.47ms
[297.425s][info][gc,phases   ] GC(564)   Post Evacuate Collection Set: 0.50ms
[297.425s][info][gc,phases   ] GC(564)   Other: 0.11ms
[297.425s][info][gc,heap     ] GC(564) Eden regions: 231->0(223)
[297.425s][info][gc,heap     ] GC(564) Survivor regions: 25->14(32)
[297.425s][info][gc,heap     ] GC(564) Old regions: 189->213
[297.425s][info][gc,heap     ] GC(564) Humongous regions: 16->16
[297.425s][info][gc,metaspace] GC(564) Metaspace: 42738K(43136K)->42738K(43136K) NonClass: 39933K(40192K)->39933K(40192K) Class: 2804K(2944K)->2804K(2944K)
[297.425s][info][gc          ] GC(564) Pause Young (Concurrent Start) (G1 Evacuation Pause) 460M->242M(524M) 44.750ms
[297.425s][info][gc,cpu      ] GC(564) User=0.09s Sys=0.00s Real=0.05s
[297.425s][info][gc          ] GC(565) Concurrent Mark Cycle
[297.425s][info][gc,marking  ] GC(565) Concurrent Scan Root Regions
[297.453s][info][gc,marking  ] GC(565) Concurrent Scan Root Regions 27.540ms
[297.453s][info][gc,marking  ] GC(565) Concurrent Mark
[297.453s][info][gc,marking  ] GC(565) Concurrent Mark From Roots
[297.453s][info][gc,task     ] GC(565) Using 1 workers of 1 for marking
[297.567s][info][gc,marking  ] GC(565) Concurrent Mark From Roots 114.154ms
[297.567s][info][gc,marking  ] GC(565) Concurrent Preclean
[297.567s][info][gc,marking  ] GC(565) Concurrent Preclean 0.041ms
[297.567s][info][gc,start    ] GC(565) Pause Remark
[297.580s][info][gc          ] GC(565) Pause Remark 271M->179M(500M) 13.190ms
[297.580s][info][gc,cpu      ] GC(565) User=0.02s Sys=0.00s Real=0.01s
[297.580s][info][gc,marking  ] GC(565) Concurrent Mark 127.776ms
[297.580s][info][gc,marking  ] GC(565) Concurrent Rebuild Remembered Sets and Scrub Regions
[297.640s][info][gc,marking  ] GC(565) Concurrent Rebuild Remembered Sets and Scrub Regions 59.393ms
[297.640s][info][gc,start    ] GC(565) Pause Cleanup
[297.640s][info][gc          ] GC(565) Pause Cleanup 190M->190M(500M) 0.072ms
[297.640s][info][gc,cpu      ] GC(565) User=0.00s Sys=0.00s Real=0.00s
[297.640s][info][gc,marking  ] GC(565) Concurrent Clear Claimed Marks
[297.640s][info][gc,marking  ] GC(565) Concurrent Clear Claimed Marks 0.039ms
[297.640s][info][gc,marking  ] GC(565) Concurrent Cleanup for Next Mark
[297.642s][info][gc,marking  ] GC(565) Concurrent Cleanup for Next Mark 1.510ms
[297.642s][info][gc          ] GC(565) Concurrent Mark Cycle 216.693ms
[298.724s][info][gc,start    ] GC(566) Pause Young (Prepare Mixed) (G1 Evacuation Pause)
[298.724s][info][gc,task     ] GC(566) Using 2 workers of 2 for evacuation
[298.751s][info][gc,phases   ] GC(566)   Pre Evacuate Collection Set: 0.25ms
[298.751s][info][gc,phases   ] GC(566)   Merge Heap Roots: 0.09ms
[298.751s][info][gc,phases   ] GC(566)   Evacuate Collection Set: 26.09ms
[298.751s][info][gc,phases   ] GC(566)   Post Evacuate Collection Set: 0.48ms
[298.751s][info][gc,phases   ] GC(566)   Other: 0.09ms
[298.751s][info][gc,heap     ] GC(566) Eden regions: 223->0(266)
[298.751s][info][gc,heap     ] GC(566) Survivor regions: 14->30(30)
[298.751s][info][gc,heap     ] GC(566) Old regions: 135->137
[298.751s][info][gc,heap     ] GC(566) Humongous regions: 1->1
[298.751s][info][gc,metaspace] GC(566) Metaspace: 42739K(43136K)->42739K(43136K) NonClass: 39934K(40192K)->39934K(40192K) Class: 2804K(2944K)->2804K(2944K)
[298.751s][info][gc          ] GC(566) Pause Young (Prepare Mixed) (G1 Evacuation Pause) 372M->167M(500M) 27.212ms
[298.751s][info][gc,cpu      ] GC(566) User=0.05s Sys=0.00s Real=0.02s
[300.249s][info][gc,start    ] GC(567) Pause Young (Mixed) (G1 Evacuation Pause)
[300.249s][info][gc,task     ] GC(567) Using 2 workers of 2 for evacuation
[300.273s][info][gc,phases   ] GC(567)   Pre Evacuate Collection Set: 0.26ms
[300.273s][info][gc,phases   ] GC(567)   Merge Heap Roots: 0.10ms
[300.273s][info][gc,phases   ] GC(567)   Evacuate Collection Set: 23.40ms
[300.273s][info][gc,phases   ] GC(567)   Post Evacuate Collection Set: 0.55ms
[300.273s][info][gc,phases   ] GC(567)   Other: 0.08ms
[300.273s][info][gc,heap     ] GC(567) Eden regions: 266->0(280)
[300.273s][info][gc,heap     ] GC(567) Survivor regions: 30->20(37)
[300.273s][info][gc,heap     ] GC(567) Old regions: 137->142
[300.273s][info][gc,heap     ] GC(567) Humongous regions: 2->1
[300.273s][info][gc,metaspace] GC(567) Metaspace: 42739K(43136K)->42739K(43136K) NonClass: 39934K(40192K)->39934K(40192K) Class: 2804K(2944K)->2804K(2944K)
[300.273s][info][gc          ] GC(567) Pause Young (Mixed) (G1 Evacuation Pause) 434M->162M(500M) 24.598ms
[300.273s][info][gc,cpu      ] GC(567) User=0.05s Sys=0.01s Real=0.03s
[301.696s][info][gc,start    ] GC(568) Pause Young (Concurrent Start) (G1 Humongous Allocation)
[301.696s][info][gc,task     ] GC(568) Using 2 workers of 2 for evacuation
[301.738s][info][gc,phases   ] GC(568)   Pre Evacuate Collection Set: 0.23ms
[301.739s][info][gc,phases   ] GC(568)   Merge Heap Roots: 0.11ms
[301.739s][info][gc,phases   ] GC(568)   Evacuate Collection Set: 41.25ms
[301.739s][info][gc,phases   ] GC(568)   Post Evacuate Collection Set: 0.57ms
[301.739s][info][gc,phases   ] GC(568)   Other: 0.12ms
[301.739s][info][gc,heap     ] GC(568) Eden regions: 257->0(249)
[301.739s][info][gc,heap     ] GC(568) Survivor regions: 20->30(38)
[301.739s][info][gc,heap     ] GC(568) Old regions: 142->160
[301.739s][info][gc,heap     ] GC(568) Humongous regions: 1->1
[301.739s][info][gc,metaspace] GC(568) Metaspace: 42743K(43136K)->42743K(43136K) NonClass: 39937K(40192K)->39937K(40192K) Class: 2805K(2944K)->2805K(2944K)
[301.739s][info][gc          ] GC(568) Pause Young (Concurrent Start) (G1 Humongous Allocation) 419M->190M(500M) 42.463ms
[301.739s][info][gc,cpu      ] GC(568) User=0.08s Sys=0.00s Real=0.04s
[301.739s][info][gc          ] GC(569) Concurrent Mark Cycle
[301.739s][info][gc,marking  ] GC(569) Concurrent Scan Root Regions
[301.791s][info][gc,marking  ] GC(569) Concurrent Scan Root Regions 51.935ms
[301.791s][info][gc,marking  ] GC(569) Concurrent Mark
[301.791s][info][gc,marking  ] GC(569) Concurrent Mark From Roots
[301.791s][info][gc,task     ] GC(569) Using 1 workers of 1 for marking
[301.825s][info][gc,marking  ] GC(569) Concurrent Mark From Roots 33.975ms
[301.825s][info][gc,marking  ] GC(569) Concurrent Preclean
[301.825s][info][gc,marking  ] GC(569) Concurrent Preclean 0.041ms
[301.825s][info][gc,start    ] GC(569) Pause Remark
[301.838s][info][gc          ] GC(569) Pause Remark 230M->146M(364M) 12.651ms
[301.838s][info][gc,cpu      ] GC(569) User=0.03s Sys=0.00s Real=0.01s
[301.838s][info][gc,marking  ] GC(569) Concurrent Mark 46.994ms
[301.838s][info][gc,marking  ] GC(569) Concurrent Rebuild Remembered Sets and Scrub Regions
[301.861s][info][gc,marking  ] GC(569) Concurrent Rebuild Remembered Sets and Scrub Regions 23.742ms
[301.862s][info][gc,start    ] GC(569) Pause Cleanup
[301.862s][info][gc          ] GC(569) Pause Cleanup 156M->156M(364M) 0.074ms
[301.862s][info][gc,cpu      ] GC(569) User=0.00s Sys=0.00s Real=0.00s
[301.862s][info][gc,marking  ] GC(569) Concurrent Clear Claimed Marks
[301.862s][info][gc,marking  ] GC(569) Concurrent Clear Claimed Marks 0.042ms
[301.862s][info][gc,marking  ] GC(569) Concurrent Cleanup for Next Mark
[301.863s][info][gc,marking  ] GC(569) Concurrent Cleanup for Next Mark 1.074ms
[301.863s][info][gc          ] GC(569) Concurrent Mark Cycle 124.245ms
[302.184s][info][gc,start    ] GC(570) Pause Young (Prepare Mixed) (G1 Evacuation Pause)
[302.184s][info][gc,task     ] GC(570) Using 2 workers of 2 for evacuation
[302.212s][info][gc,phases   ] GC(570)   Pre Evacuate Collection Set: 0.25ms
[302.212s][info][gc,phases   ] GC(570)   Merge Heap Roots: 0.18ms
[302.212s][info][gc,phases   ] GC(570)   Evacuate Collection Set: 27.42ms
[302.212s][info][gc,phases   ] GC(570)   Post Evacuate Collection Set: 0.49ms
[302.212s][info][gc,phases   ] GC(570)   Other: 0.11ms
[302.212s][info][gc,heap     ] GC(570) Eden regions: 188->0(194)
[302.212s][info][gc,heap     ] GC(570) Survivor regions: 30->24(28)
[302.212s][info][gc,heap     ] GC(570) Old regions: 76->81
[302.212s][info][gc,heap     ] GC(570) Humongous regions: 4->4
[302.212s][info][gc,metaspace] GC(570) Metaspace: 42747K(43136K)->42747K(43136K) NonClass: 39941K(40192K)->39941K(40192K) Class: 2805K(2944K)->2805K(2944K)
[302.212s][info][gc          ] GC(570) Pause Young (Prepare Mixed) (G1 Evacuation Pause) 297M->108M(364M) 28.670ms
[302.212s][info][gc,cpu      ] GC(570) User=0.05s Sys=0.00s Real=0.03s
[302.644s][info][gc,start    ] GC(571) Pause Young (Mixed) (G1 Evacuation Pause)
[302.644s][info][gc,task     ] GC(571) Using 2 workers of 2 for evacuation
[302.694s][info][gc,phases   ] GC(571)   Pre Evacuate Collection Set: 0.20ms
[302.694s][info][gc,phases   ] GC(571)   Merge Heap Roots: 0.17ms
[302.694s][info][gc,phases   ] GC(571)   Evacuate Collection Set: 49.05ms
[302.694s][info][gc,phases   ] GC(571)   Post Evacuate Collection Set: 0.52ms
[302.694s][info][gc,phases   ] GC(571)   Other: 0.08ms
[302.694s][info][gc,heap     ] GC(571) Eden regions: 194->0(188)
[302.694s][info][gc,heap     ] GC(571) Survivor regions: 24->23(28)
[302.694s][info][gc,heap     ] GC(571) Old regions: 81->93
[302.694s][info][gc,heap     ] GC(571) Humongous regions: 6->6
[302.694s][info][gc,metaspace] GC(571) Metaspace: 42747K(43136K)->42747K(43136K) NonClass: 39941K(40192K)->39941K(40192K) Class: 2805K(2944K)->2805K(2944K)
[302.694s][info][gc          ] GC(571) Pause Young (Mixed) (G1 Evacuation Pause) 304M->121M(364M) 50.261ms
[302.694s][info][gc,cpu      ] GC(571) User=0.10s Sys=0.00s Real=0.05s
[303.050s][info][gc,start    ] GC(572) Pause Young (Concurrent Start) (G1 Humongous Allocation)
[303.050s][info][gc,task     ] GC(572) Using 2 workers of 2 for evacuation
[303.092s][info][gc,phases   ] GC(572)   Pre Evacuate Collection Set: 0.21ms
[303.092s][info][gc,phases   ] GC(572)   Merge Heap Roots: 0.11ms
[303.092s][info][gc,phases   ] GC(572)   Evacuate Collection Set: 41.89ms
[303.092s][info][gc,phases   ] GC(572)   Post Evacuate Collection Set: 0.44ms
[303.092s][info][gc,phases   ] GC(572)   Other: 0.13ms
[303.092s][info][gc,heap     ] GC(572) Eden regions: 165->0(173)
[303.092s][info][gc,heap     ] GC(572) Survivor regions: 23->19(27)
[303.092s][info][gc,heap     ] GC(572) Old regions: 93->116
[303.093s][info][gc,heap     ] GC(572) Humongous regions: 6->6
[303.093s][info][gc,metaspace] GC(572) Metaspace: 42747K(43136K)->42747K(43136K) NonClass: 39941K(40192K)->39941K(40192K) Class: 2805K(2944K)->2805K(2944K)
[303.093s][info][gc          ] GC(572) Pause Young (Concurrent Start) (G1 Humongous Allocation) 286M->140M(364M) 43.030ms
[303.093s][info][gc,cpu      ] GC(572) User=0.08s Sys=0.00s Real=0.05s
[303.093s][info][gc          ] GC(573) Concurrent Mark Cycle
[303.093s][info][gc,marking  ] GC(573) Concurrent Scan Root Regions
[303.126s][info][gc,marking  ] GC(573) Concurrent Scan Root Regions 33.183ms
[303.126s][info][gc,marking  ] GC(573) Concurrent Mark
[303.126s][info][gc,marking  ] GC(573) Concurrent Mark From Roots
[303.126s][info][gc,task     ] GC(573) Using 1 workers of 1 for marking
[303.193s][info][gc,marking  ] GC(573) Concurrent Mark From Roots 67.076ms
[303.193s][info][gc,marking  ] GC(573) Concurrent Preclean
[303.193s][info][gc,marking  ] GC(573) Concurrent Preclean 0.042ms
[303.193s][info][gc,start    ] GC(573) Pause Remark
[303.206s][info][gc          ] GC(573) Pause Remark 174M->152M(364M) 12.597ms
[303.206s][info][gc,cpu      ] GC(573) User=0.03s Sys=0.00s Real=0.01s
[303.206s][info][gc,marking  ] GC(573) Concurrent Mark 80.073ms
[303.206s][info][gc,marking  ] GC(573) Concurrent Rebuild Remembered Sets and Scrub Regions
[303.257s][info][gc,marking  ] GC(573) Concurrent Rebuild Remembered Sets and Scrub Regions 51.344ms
[303.257s][info][gc,start    ] GC(573) Pause Cleanup
[303.258s][info][gc          ] GC(573) Pause Cleanup 179M->179M(364M) 0.047ms
[303.258s][info][gc,cpu      ] GC(573) User=0.00s Sys=0.00s Real=0.00s
[303.258s][info][gc,marking  ] GC(573) Concurrent Clear Claimed Marks
[303.258s][info][gc,marking  ] GC(573) Concurrent Clear Claimed Marks 0.036ms
[303.258s][info][gc,marking  ] GC(573) Concurrent Cleanup for Next Mark
[303.259s][info][gc,marking  ] GC(573) Concurrent Cleanup for Next Mark 1.041ms
[303.259s][info][gc          ] GC(573) Concurrent Mark Cycle 166.062ms
[303.744s][info][gc,start    ] GC(574) Pause Young (Prepare Mixed) (G1 Evacuation Pause)
[303.744s][info][gc,task     ] GC(574) Using 2 workers of 2 for evacuation
[303.805s][info][gc,phases   ] GC(574)   Pre Evacuate Collection Set: 0.20ms
[303.805s][info][gc,phases   ] GC(574)   Merge Heap Roots: 0.14ms
[303.805s][info][gc,phases   ] GC(574)   Evacuate Collection Set: 59.58ms
[303.805s][info][gc,phases   ] GC(574)   Post Evacuate Collection Set: 0.47ms
[303.805s][info][gc,phases   ] GC(574)   Other: 0.09ms
[303.805s][info][gc,heap     ] GC(574) Eden regions: 173->0(150)
[303.805s][info][gc,heap     ] GC(574) Survivor regions: 19->24(24)
[303.805s][info][gc,heap     ] GC(574) Old regions: 95->122
[303.805s][info][gc,heap     ] GC(574) Humongous regions: 11->11
[303.805s][info][gc,metaspace] GC(574) Metaspace: 42747K(43136K)->42747K(43136K) NonClass: 39941K(40192K)->39941K(40192K) Class: 2805K(2944K)->2805K(2944K)
[303.805s][info][gc          ] GC(574) Pause Young (Prepare Mixed) (G1 Evacuation Pause) 297M->156M(364M) 60.772ms
[303.805s][info][gc,cpu      ] GC(574) User=0.12s Sys=0.00s Real=0.06s
[304.920s][info][gc,start    ] GC(575) Pause Young (Mixed) (G1 Evacuation Pause)
[304.920s][info][gc,task     ] GC(575) Using 2 workers of 2 for evacuation
[304.962s][info][gc,phases   ] GC(575)   Pre Evacuate Collection Set: 0.25ms
[304.962s][info][gc,phases   ] GC(575)   Merge Heap Roots: 0.23ms
[304.962s][info][gc,phases   ] GC(575)   Evacuate Collection Set: 41.50ms
[304.962s][info][gc,phases   ] GC(575)   Post Evacuate Collection Set: 0.48ms
[304.962s][info][gc,phases   ] GC(575)   Other: 0.08ms
[304.962s][info][gc,heap     ] GC(575) Eden regions: 150->0(145)
[304.962s][info][gc,heap     ] GC(575) Survivor regions: 24->16(22)
[304.962s][info][gc,heap     ] GC(575) Old regions: 122->132
[304.962s][info][gc,heap     ] GC(575) Humongous regions: 17->15
[304.962s][info][gc,metaspace] GC(575) Metaspace: 42747K(43136K)->42747K(43136K) NonClass: 39941K(40192K)->39941K(40192K) Class: 2805K(2944K)->2805K(2944K)
[304.962s][info][gc          ] GC(575) Pause Young (Mixed) (G1 Evacuation Pause) 312M->163M(364M) 42.725ms
[304.962s][info][gc,cpu      ] GC(575) User=0.09s Sys=0.00s Real=0.05s
[305.577s][info][gc,start    ] GC(576) Pause Young (Concurrent Start) (G1 Evacuation Pause)
[305.577s][info][gc,task     ] GC(576) Using 2 workers of 2 for evacuation
[305.598s][info][gc,phases   ] GC(576)   Pre Evacuate Collection Set: 0.19ms
[305.598s][info][gc,phases   ] GC(576)   Merge Heap Roots: 0.13ms
[305.598s][info][gc,phases   ] GC(576)   Evacuate Collection Set: 20.18ms
[305.598s][info][gc,phases   ] GC(576)   Post Evacuate Collection Set: 0.46ms
[305.598s][info][gc,phases   ] GC(576)   Other: 0.11ms
[305.598s][info][gc,heap     ] GC(576) Eden regions: 145->0(145)
[305.598s][info][gc,heap     ] GC(576) Survivor regions: 16->8(21)
[305.598s][info][gc,heap     ] GC(576) Old regions: 132->147
[305.598s][info][gc,heap     ] GC(576) Humongous regions: 15->15
[305.598s][info][gc,metaspace] GC(576) Metaspace: 42747K(43136K)->42747K(43136K) NonClass: 39941K(40192K)->39941K(40192K) Class: 2805K(2944K)->2805K(2944K)
[305.598s][info][gc          ] GC(576) Pause Young (Concurrent Start) (G1 Evacuation Pause) 308M->169M(364M) 21.297ms
[305.598s][info][gc,cpu      ] GC(576) User=0.04s Sys=0.00s Real=0.02s
[305.598s][info][gc          ] GC(577) Concurrent Mark Cycle
[305.598s][info][gc,marking  ] GC(577) Concurrent Scan Root Regions
[305.619s][info][gc,marking  ] GC(577) Concurrent Scan Root Regions 20.401ms
[305.619s][info][gc,marking  ] GC(577) Concurrent Mark
[305.619s][info][gc,marking  ] GC(577) Concurrent Mark From Roots
[305.619s][info][gc,task     ] GC(577) Using 1 workers of 1 for marking
[305.662s][info][gc,marking  ] GC(577) Concurrent Mark From Roots 43.643ms
[305.663s][info][gc,marking  ] GC(577) Concurrent Preclean
[305.663s][info][gc,marking  ] GC(577) Concurrent Preclean 0.040ms
[305.663s][info][gc,start    ] GC(577) Pause Remark
[305.676s][info][gc          ] GC(577) Pause Remark 181M->135M(364M) 12.892ms
[305.676s][info][gc,cpu      ] GC(577) User=0.02s Sys=0.00s Real=0.01s
[305.676s][info][gc,marking  ] GC(577) Concurrent Mark 56.865ms
[305.676s][info][gc,marking  ] GC(577) Concurrent Rebuild Remembered Sets and Scrub Regions
[305.711s][info][gc,marking  ] GC(577) Concurrent Rebuild Remembered Sets and Scrub Regions 35.369ms
[305.711s][info][gc,start    ] GC(577) Pause Cleanup
[305.711s][info][gc          ] GC(577) Pause Cleanup 142M->142M(364M) 0.061ms
[305.711s][info][gc,cpu      ] GC(577) User=0.00s Sys=0.00s Real=0.00s
[305.711s][info][gc,marking  ] GC(577) Concurrent Clear Claimed Marks
[305.711s][info][gc,marking  ] GC(577) Concurrent Clear Claimed Marks 0.036ms
[305.711s][info][gc,marking  ] GC(577) Concurrent Cleanup for Next Mark
[305.712s][info][gc,marking  ] GC(577) Concurrent Cleanup for Next Mark 1.011ms
[305.712s][info][gc          ] GC(577) Concurrent Mark Cycle 114.034ms
[306.382s][info][gc,start    ] GC(578) Pause Young (Prepare Mixed) (G1 Evacuation Pause)
[306.383s][info][gc,task     ] GC(578) Using 2 workers of 2 for evacuation
[306.401s][info][gc,phases   ] GC(578)   Pre Evacuate Collection Set: 0.21ms
[306.401s][info][gc,phases   ] GC(578)   Merge Heap Roots: 0.07ms
[306.401s][info][gc,phases   ] GC(578)   Evacuate Collection Set: 17.19ms
[306.401s][info][gc,phases   ] GC(578)   Post Evacuate Collection Set: 0.39ms
[306.401s][info][gc,phases   ] GC(578)   Other: 0.12ms
[306.401s][info][gc,heap     ] GC(578) Eden regions: 145->0(174)
[306.401s][info][gc,heap     ] GC(578) Survivor regions: 8->20(20)
[306.401s][info][gc,heap     ] GC(578) Old regions: 115->115
[306.401s][info][gc,heap     ] GC(578) Humongous regions: 1->1
[306.401s][info][gc,metaspace] GC(578) Metaspace: 42747K(43136K)->42747K(43136K) NonClass: 39941K(40192K)->39941K(40192K) Class: 2805K(2944K)->2805K(2944K)
[306.401s][info][gc          ] GC(578) Pause Young (Prepare Mixed) (G1 Evacuation Pause) 268M->135M(364M) 18.186ms
[306.401s][info][gc,cpu      ] GC(578) User=0.04s Sys=0.00s Real=0.01s
[307.341s][info][gc,start    ] GC(579) Pause Young (Mixed) (G1 Evacuation Pause)
[307.341s][info][gc,task     ] GC(579) Using 2 workers of 2 for evacuation
[307.377s][info][gc,phases   ] GC(579)   Pre Evacuate Collection Set: 0.21ms
[307.377s][info][gc,phases   ] GC(579)   Merge Heap Roots: 0.26ms
[307.377s][info][gc,phases   ] GC(579)   Evacuate Collection Set: 34.85ms
[307.377s][info][gc,phases   ] GC(579)   Post Evacuate Collection Set: 0.43ms
[307.377s][info][gc,phases   ] GC(579)   Other: 0.08ms
[307.377s][info][gc,heap     ] GC(579) Eden regions: 174->0(186)
[307.377s][info][gc,heap     ] GC(579) Survivor regions: 20->19(25)
[307.377s][info][gc,heap     ] GC(579) Old regions: 115->102
[307.377s][info][gc,heap     ] GC(579) Humongous regions: 1->1
[307.377s][info][gc,metaspace] GC(579) Metaspace: 42747K(43136K)->42747K(43136K) NonClass: 39941K(40192K)->39941K(40192K) Class: 2805K(2944K)->2805K(2944K)
[307.377s][info][gc          ] GC(579) Pause Young (Mixed) (G1 Evacuation Pause) 309M->121M(364M) 36.073ms
[307.377s][info][gc,cpu      ] GC(579) User=0.07s Sys=0.00s Real=0.04s
[308.418s][info][gc,start    ] GC(580) Pause Young (Mixed) (G1 Evacuation Pause)
[308.418s][info][gc,task     ] GC(580) Using 2 workers of 2 for evacuation
[308.454s][info][gc,phases   ] GC(580)   Pre Evacuate Collection Set: 0.19ms
[308.454s][info][gc,phases   ] GC(580)   Merge Heap Roots: 0.23ms
[308.454s][info][gc,phases   ] GC(580)   Evacuate Collection Set: 34.94ms
[308.454s][info][gc,phases   ] GC(580)   Post Evacuate Collection Set: 0.46ms
[308.454s][info][gc,phases   ] GC(580)   Other: 0.08ms
[308.454s][info][gc,heap     ] GC(580) Eden regions: 186->0(187)
[308.454s][info][gc,heap     ] GC(580) Survivor regions: 19->18(26)
[308.454s][info][gc,heap     ] GC(580) Old regions: 102->102
[308.454s][info][gc,heap     ] GC(580) Humongous regions: 2->2
[308.454s][info][gc,metaspace] GC(580) Metaspace: 42748K(43136K)->42748K(43136K) NonClass: 39942K(40192K)->39942K(40192K) Class: 2805K(2944K)->2805K(2944K)
[308.454s][info][gc          ] GC(580) Pause Young (Mixed) (G1 Evacuation Pause) 308M->121M(364M) 36.103ms
[308.454s][info][gc,cpu      ] GC(580) User=0.07s Sys=0.01s Real=0.04s
[309.500s][info][gc,start    ] GC(581) Pause Young (Concurrent Start) (G1 Evacuation Pause)
[309.500s][info][gc,task     ] GC(581) Using 2 workers of 2 for evacuation
[309.531s][info][gc,phases   ] GC(581)   Pre Evacuate Collection Set: 0.19ms
[309.531s][info][gc,phases   ] GC(581)   Merge Heap Roots: 0.08ms
[309.531s][info][gc,phases   ] GC(581)   Evacuate Collection Set: 29.78ms
[309.531s][info][gc,phases   ] GC(581)   Post Evacuate Collection Set: 0.46ms
[309.531s][info][gc,phases   ] GC(581)   Other: 0.17ms
[309.531s][info][gc,heap     ] GC(581) Eden regions: 187->0(176)
[309.531s][info][gc,heap     ] GC(581) Survivor regions: 18->17(26)
[309.531s][info][gc,heap     ] GC(581) Old regions: 102->119
[309.531s][info][gc,heap     ] GC(581) Humongous regions: 2->2
[309.531s][info][gc,metaspace] GC(581) Metaspace: 42748K(43136K)->42748K(43136K) NonClass: 39942K(40192K)->39942K(40192K) Class: 2805K(2944K)->2805K(2944K)
[309.531s][info][gc          ] GC(581) Pause Young (Concurrent Start) (G1 Evacuation Pause) 308M->138M(364M) 30.924ms
[309.531s][info][gc,cpu      ] GC(581) User=0.06s Sys=0.00s Real=0.03s
[309.531s][info][gc          ] GC(582) Concurrent Mark Cycle
[309.531s][info][gc,marking  ] GC(582) Concurrent Scan Root Regions
[309.566s][info][gc,marking  ] GC(582) Concurrent Scan Root Regions 35.090ms
[309.566s][info][gc,marking  ] GC(582) Concurrent Mark
[309.566s][info][gc,marking  ] GC(582) Concurrent Mark From Roots
[309.566s][info][gc,task     ] GC(582) Using 1 workers of 1 for marking
[309.610s][info][gc,marking  ] GC(582) Concurrent Mark From Roots 43.569ms
[309.610s][info][gc,marking  ] GC(582) Concurrent Preclean
[309.610s][info][gc,marking  ] GC(582) Concurrent Preclean 0.038ms
[309.610s][info][gc,start    ] GC(582) Pause Remark
[309.623s][info][gc          ] GC(582) Pause Remark 149M->119M(360M) 12.578ms
[309.623s][info][gc,cpu      ] GC(582) User=0.02s Sys=0.00s Real=0.02s
[309.623s][info][gc,marking  ] GC(582) Concurrent Mark 56.430ms
[309.623s][info][gc,marking  ] GC(582) Concurrent Rebuild Remembered Sets and Scrub Regions
[309.653s][info][gc,marking  ] GC(582) Concurrent Rebuild Remembered Sets and Scrub Regions 30.485ms
[309.654s][info][gc,start    ] GC(582) Pause Cleanup
[309.654s][info][gc          ] GC(582) Pause Cleanup 125M->125M(360M) 0.046ms
[309.654s][info][gc,cpu      ] GC(582) User=0.00s Sys=0.00s Real=0.00s
[309.654s][info][gc,marking  ] GC(582) Concurrent Clear Claimed Marks
[309.654s][info][gc,marking  ] GC(582) Concurrent Clear Claimed Marks 0.053ms
[309.654s][info][gc,marking  ] GC(582) Concurrent Cleanup for Next Mark
[309.655s][info][gc,marking  ] GC(582) Concurrent Cleanup for Next Mark 1.024ms
[309.655s][info][gc          ] GC(582) Concurrent Mark Cycle 123.408ms
[310.268s][info][gc,start    ] GC(583) Pause Young (Prepare Mixed) (G1 Evacuation Pause)
[310.268s][info][gc,task     ] GC(583) Using 2 workers of 2 for evacuation
[310.278s][info][gc,phases   ] GC(583)   Pre Evacuate Collection Set: 0.18ms
[310.278s][info][gc,phases   ] GC(583)   Merge Heap Roots: 0.09ms
[310.278s][info][gc,phases   ] GC(583)   Evacuate Collection Set: 8.58ms
[310.278s][info][gc,phases   ] GC(583)   Post Evacuate Collection Set: 0.43ms
[310.278s][info][gc,phases   ] GC(583)   Other: 0.08ms
[310.278s][info][gc,heap     ] GC(583) Eden regions: 176->0(204)
[310.278s][info][gc,heap     ] GC(583) Survivor regions: 17->9(25)
[310.278s][info][gc,heap     ] GC(583) Old regions: 89->91
[310.278s][info][gc,heap     ] GC(583) Humongous regions: 14->4
[310.278s][info][gc,metaspace] GC(583) Metaspace: 42748K(43136K)->42748K(43136K) NonClass: 39942K(40192K)->39942K(40192K) Class: 2805K(2944K)->2805K(2944K)
[310.278s][info][gc          ] GC(583) Pause Young (Prepare Mixed) (G1 Evacuation Pause) 296M->104M(360M) 9.548ms
[310.278s][info][gc,cpu      ] GC(583) User=0.02s Sys=0.00s Real=0.01s
[311.077s][info][gc,start    ] GC(584) Pause Young (Mixed) (G1 Evacuation Pause)
[311.077s][info][gc,task     ] GC(584) Using 2 workers of 2 for evacuation
[311.093s][info][gc,phases   ] GC(584)   Pre Evacuate Collection Set: 0.31ms
[311.093s][info][gc,phases   ] GC(584)   Merge Heap Roots: 0.21ms
[311.093s][info][gc,phases   ] GC(584)   Evacuate Collection Set: 14.75ms
[311.093s][info][gc,phases   ] GC(584)   Post Evacuate Collection Set: 0.51ms
[311.093s][info][gc,phases   ] GC(584)   Other: 0.08ms
[311.093s][info][gc,heap     ] GC(584) Eden regions: 204->0(201)
[311.093s][info][gc,heap     ] GC(584) Survivor regions: 9->15(27)
[311.093s][info][gc,heap     ] GC(584) Old regions: 91->70
[311.093s][info][gc,heap     ] GC(584) Humongous regions: 16->4
[311.093s][info][gc,metaspace] GC(584) Metaspace: 42748K(43136K)->42748K(43136K) NonClass: 39942K(40192K)->39942K(40192K) Class: 2805K(2944K)->2805K(2944K)
[311.093s][info][gc          ] GC(584) Pause Young (Mixed) (G1 Evacuation Pause) 320M->88M(360M) 16.062ms
[311.093s][info][gc,cpu      ] GC(584) User=0.03s Sys=0.00s Real=0.02s
[311.208s][info][gc,start    ] GC(585) Pause Young (Concurrent Start) (G1 Humongous Allocation)
[311.208s][info][gc,task     ] GC(585) Using 2 workers of 2 for evacuation
[311.216s][info][gc,phases   ] GC(585)   Pre Evacuate Collection Set: 0.19ms
[311.216s][info][gc,phases   ] GC(585)   Merge Heap Roots: 0.05ms
[311.216s][info][gc,phases   ] GC(585)   Evacuate Collection Set: 6.55ms
[311.216s][info][gc,phases   ] GC(585)   Post Evacuate Collection Set: 0.31ms
[311.216s][info][gc,phases   ] GC(585)   Other: 0.07ms
[311.216s][info][gc,heap     ] GC(585) Eden regions: 29->0(214)
[311.216s][info][gc,heap     ] GC(585) Survivor regions: 15->2(27)
[311.216s][info][gc,heap     ] GC(585) Old regions: 70->79
[311.216s][info][gc,heap     ] GC(585) Humongous regions: 4->2
[311.216s][info][gc,metaspace] GC(585) Metaspace: 42748K(43136K)->42748K(43136K) NonClass: 39942K(40192K)->39942K(40192K) Class: 2805K(2944K)->2805K(2944K)
[311.216s][info][gc          ] GC(585) Pause Young (Concurrent Start) (G1 Humongous Allocation) 117M->82M(360M) 7.327ms
[311.216s][info][gc          ] GC(586) Concurrent Mark Cycle
[311.216s][info][gc,marking  ] GC(586) Concurrent Scan Root Regions
[311.218s][info][gc,cpu      ] GC(585) User=0.01s Sys=0.00s Real=0.01s
[311.225s][info][gc,marking  ] GC(586) Concurrent Scan Root Regions 9.133ms
[311.225s][info][gc,marking  ] GC(586) Concurrent Mark
[311.225s][info][gc,marking  ] GC(586) Concurrent Mark From Roots
[311.225s][info][gc,task     ] GC(586) Using 1 workers of 1 for marking
[311.264s][info][gc,marking  ] GC(586) Concurrent Mark From Roots 39.440ms
[311.264s][info][gc,marking  ] GC(586) Concurrent Preclean
[311.264s][info][gc,marking  ] GC(586) Concurrent Preclean 0.042ms
[311.265s][info][gc,start    ] GC(586) Pause Remark
[311.277s][info][gc          ] GC(586) Pause Remark 93M->78M(256M) 12.924ms
[311.278s][info][gc,cpu      ] GC(586) User=0.02s Sys=0.00s Real=0.01s
[311.278s][info][gc,marking  ] GC(586) Concurrent Mark 52.718ms
[311.278s][info][gc,marking  ] GC(586) Concurrent Rebuild Remembered Sets and Scrub Regions
[311.297s][info][gc,marking  ] GC(586) Concurrent Rebuild Remembered Sets and Scrub Regions 18.930ms
[311.297s][info][gc,start    ] GC(586) Pause Cleanup
[311.297s][info][gc          ] GC(586) Pause Cleanup 81M->81M(256M) 0.046ms
[311.297s][info][gc,cpu      ] GC(586) User=0.00s Sys=0.00s Real=0.00s
[311.297s][info][gc,marking  ] GC(586) Concurrent Clear Claimed Marks
[311.297s][info][gc,marking  ] GC(586) Concurrent Clear Claimed Marks 0.034ms
[311.297s][info][gc,marking  ] GC(586) Concurrent Cleanup for Next Mark
[311.298s][info][gc,marking  ] GC(586) Concurrent Cleanup for Next Mark 0.748ms
[311.298s][info][gc          ] GC(586) Concurrent Mark Cycle 81.860ms
[311.768s][info][gc,start    ] GC(587) Pause Young (Prepare Mixed) (G1 Evacuation Pause)
[311.768s][info][gc,task     ] GC(587) Using 2 workers of 2 for evacuation
[311.785s][info][gc,phases   ] GC(587)   Pre Evacuate Collection Set: 0.21ms
[311.785s][info][gc,phases   ] GC(587)   Merge Heap Roots: 0.12ms
[311.785s][info][gc,phases   ] GC(587)   Evacuate Collection Set: 15.77ms
[311.785s][info][gc,phases   ] GC(587)   Post Evacuate Collection Set: 0.42ms
[311.785s][info][gc,phases   ] GC(587)   Other: 0.07ms
[311.785s][info][gc,heap     ] GC(587) Eden regions: 151->0(133)
[311.785s][info][gc,heap     ] GC(587) Survivor regions: 2->19(20)
[311.785s][info][gc,heap     ] GC(587) Old regions: 65->65
[311.785s][info][gc,heap     ] GC(587) Humongous regions: 9->3
[311.785s][info][gc,metaspace] GC(587) Metaspace: 42748K(43136K)->42748K(43136K) NonClass: 39942K(40192K)->39942K(40192K) Class: 2805K(2944K)->2805K(2944K)
[311.785s][info][gc          ] GC(587) Pause Young (Prepare Mixed) (G1 Evacuation Pause) 226M->86M(256M) 16.770ms
[311.785s][info][gc,cpu      ] GC(587) User=0.03s Sys=0.00s Real=0.02s
[312.445s][info][gc,start    ] GC(588) Pause Young (Mixed) (G1 Evacuation Pause)
[312.445s][info][gc,task     ] GC(588) Using 2 workers of 2 for evacuation
[312.449s][info][gc,phases   ] GC(588)   Pre Evacuate Collection Set: 0.18ms
[312.449s][info][gc,phases   ] GC(588)   Merge Heap Roots: 0.06ms
[312.449s][info][gc,phases   ] GC(588)   Evacuate Collection Set: 3.29ms
[312.449s][info][gc,phases   ] GC(588)   Post Evacuate Collection Set: 0.39ms
[312.449s][info][gc,phases   ] GC(588)   Other: 0.08ms
[312.449s][info][gc,heap     ] GC(588) Eden regions: 133->0(151)
[312.449s][info][gc,heap     ] GC(588) Survivor regions: 19->2(19)
[312.449s][info][gc,heap     ] GC(588) Old regions: 65->52
[312.449s][info][gc,heap     ] GC(588) Humongous regions: 5->3
[312.449s][info][gc,metaspace] GC(588) Metaspace: 42748K(43136K)->42748K(43136K) NonClass: 39942K(40192K)->39942K(40192K) Class: 2805K(2944K)->2805K(2944K)
[312.449s][info][gc          ] GC(588) Pause Young (Mixed) (G1 Evacuation Pause) 221M->56M(256M) 4.160ms
[312.449s][info][gc,cpu      ] GC(588) User=0.01s Sys=0.00s Real=0.00s
[312.457s][info][gc,start    ] GC(589) Pause Young (Concurrent Start) (G1 Humongous Allocation)
[312.457s][info][gc,task     ] GC(589) Using 2 workers of 2 for evacuation
[312.459s][info][gc,phases   ] GC(589)   Pre Evacuate Collection Set: 0.16ms
[312.459s][info][gc,phases   ] GC(589)   Merge Heap Roots: 0.10ms
[312.459s][info][gc,phases   ] GC(589)   Evacuate Collection Set: 1.82ms
[312.459s][info][gc,phases   ] GC(589)   Post Evacuate Collection Set: 0.27ms
[312.459s][info][gc,phases   ] GC(589)   Other: 0.07ms
[312.459s][info][gc,heap     ] GC(589) Eden regions: 3->0(151)
[312.459s][info][gc,heap     ] GC(589) Survivor regions: 2->2(20)
[312.459s][info][gc,heap     ] GC(589) Old regions: 52->52
[312.459s][info][gc,heap     ] GC(589) Humongous regions: 3->1
[312.459s][info][gc,metaspace] GC(589) Metaspace: 42748K(43136K)->42748K(43136K) NonClass: 39942K(40192K)->39942K(40192K) Class: 2805K(2944K)->2805K(2944K)
[312.459s][info][gc          ] GC(589) Pause Young (Concurrent Start) (G1 Humongous Allocation) 58M->54M(256M) 2.585ms
[312.459s][info][gc,cpu      ] GC(589) User=0.01s Sys=0.00s Real=0.00s
[312.459s][info][gc          ] GC(590) Concurrent Mark Cycle
[312.459s][info][gc,marking  ] GC(590) Concurrent Scan Root Regions
[312.465s][info][gc,marking  ] GC(590) Concurrent Scan Root Regions 5.186ms
[312.465s][info][gc,marking  ] GC(590) Concurrent Mark
[312.465s][info][gc,marking  ] GC(590) Concurrent Mark From Roots
[312.465s][info][gc,task     ] GC(590) Using 1 workers of 1 for marking
[312.512s][info][gc,marking  ] GC(590) Concurrent Mark From Roots 47.662ms
[312.512s][info][gc,marking  ] GC(590) Concurrent Preclean
[312.512s][info][gc,marking  ] GC(590) Concurrent Preclean 0.037ms
[312.512s][info][gc,start    ] GC(590) Pause Remark
[312.525s][info][gc          ] GC(590) Pause Remark 69M->69M(256M) 12.620ms
[312.525s][info][gc,cpu      ] GC(590) User=0.03s Sys=0.00s Real=0.01s
[312.525s][info][gc,marking  ] GC(590) Concurrent Mark 60.596ms
[312.525s][info][gc,marking  ] GC(590) Concurrent Rebuild Remembered Sets and Scrub Regions
[312.544s][info][gc,marking  ] GC(590) Concurrent Rebuild Remembered Sets and Scrub Regions 18.978ms
[312.544s][info][gc,start    ] GC(590) Pause Cleanup
[312.544s][info][gc          ] GC(590) Pause Cleanup 73M->73M(256M) 0.044ms
[312.544s][info][gc,cpu      ] GC(590) User=0.00s Sys=0.00s Real=0.00s
[312.544s][info][gc,marking  ] GC(590) Concurrent Clear Claimed Marks
[312.544s][info][gc,marking  ] GC(590) Concurrent Clear Claimed Marks 0.035ms
[312.544s][info][gc,marking  ] GC(590) Concurrent Cleanup for Next Mark
[312.545s][info][gc,marking  ] GC(590) Concurrent Cleanup for Next Mark 0.753ms
[312.545s][info][gc          ] GC(590) Concurrent Mark Cycle 85.816ms
[313.111s][info][gc,start    ] GC(591) Pause Young (Prepare Mixed) (G1 Evacuation Pause)
[313.111s][info][gc,task     ] GC(591) Using 2 workers of 2 for evacuation
[313.114s][info][gc,phases   ] GC(591)   Pre Evacuate Collection Set: 0.15ms
[313.114s][info][gc,phases   ] GC(591)   Merge Heap Roots: 0.06ms
[313.114s][info][gc,phases   ] GC(591)   Evacuate Collection Set: 1.93ms
[313.114s][info][gc,phases   ] GC(591)   Post Evacuate Collection Set: 0.37ms
[313.114s][info][gc,phases   ] GC(591)   Other: 0.07ms
[313.114s][info][gc,heap     ] GC(591) Eden regions: 151->0(151)
[313.114s][info][gc,heap     ] GC(591) Survivor regions: 2->2(20)
[313.114s][info][gc,heap     ] GC(591) Old regions: 52->52
[313.114s][info][gc,heap     ] GC(591) Humongous regions: 13->1
[313.114s][info][gc,metaspace] GC(591) Metaspace: 42748K(43136K)->42748K(43136K) NonClass: 39942K(40192K)->39942K(40192K) Class: 2805K(2944K)->2805K(2944K)
[313.114s][info][gc          ] GC(591) Pause Young (Prepare Mixed) (G1 Evacuation Pause) 217M->54M(256M) 2.783ms
[313.114s][info][gc,cpu      ] GC(591) User=0.01s Sys=0.00s Real=0.01s
[313.656s][info][gc,start    ] GC(592) Pause Young (Mixed) (G1 Evacuation Pause)
[313.656s][info][gc,task     ] GC(592) Using 2 workers of 2 for evacuation
[313.664s][info][gc,phases   ] GC(592)   Pre Evacuate Collection Set: 0.16ms
[313.664s][info][gc,phases   ] GC(592)   Merge Heap Roots: 0.12ms
[313.664s][info][gc,phases   ] GC(592)   Evacuate Collection Set: 7.47ms
[313.664s][info][gc,phases   ] GC(592)   Post Evacuate Collection Set: 0.42ms
[313.664s][info][gc,phases   ] GC(592)   Other: 0.08ms
[313.664s][info][gc,heap     ] GC(592) Eden regions: 151->0(148)
[313.664s][info][gc,heap     ] GC(592) Survivor regions: 2->5(20)
[313.664s][info][gc,heap     ] GC(592) Old regions: 52->44
[313.664s][info][gc,heap     ] GC(592) Humongous regions: 15->3
[313.664s][info][gc,metaspace] GC(592) Metaspace: 42749K(43136K)->42749K(43136K) NonClass: 39943K(40192K)->39943K(40192K) Class: 2805K(2944K)->2805K(2944K)
[313.665s][info][gc          ] GC(592) Pause Young (Mixed) (G1 Evacuation Pause) 219M->50M(256M) 8.430ms
[313.665s][info][gc,cpu      ] GC(592) User=0.02s Sys=0.00s Real=0.01s
[313.736s][info][gc,start    ] GC(593) Pause Young (Concurrent Start) (G1 Humongous Allocation)
[313.736s][info][gc,task     ] GC(593) Using 2 workers of 2 for evacuation
[313.739s][info][gc,phases   ] GC(593)   Pre Evacuate Collection Set: 0.17ms
[313.739s][info][gc,phases   ] GC(593)   Merge Heap Roots: 0.04ms
[313.739s][info][gc,phases   ] GC(593)   Evacuate Collection Set: 2.75ms
[313.739s][info][gc,phases   ] GC(593)   Post Evacuate Collection Set: 0.29ms
[313.739s][info][gc,phases   ] GC(593)   Other: 0.09ms
[313.739s][info][gc,heap     ] GC(593) Eden regions: 23->0(150)
[313.739s][info][gc,heap     ] GC(593) Survivor regions: 5->3(20)
[313.739s][info][gc,heap     ] GC(593) Old regions: 44->44
[313.739s][info][gc,heap     ] GC(593) Humongous regions: 3->1
[313.739s][info][gc,metaspace] GC(593) Metaspace: 42749K(43136K)->42749K(43136K) NonClass: 39943K(40192K)->39943K(40192K) Class: 2805K(2944K)->2805K(2944K)
[313.739s][info][gc          ] GC(593) Pause Young (Concurrent Start) (G1 Humongous Allocation) 73M->47M(256M) 3.513ms
[313.739s][info][gc,cpu      ] GC(593) User=0.01s Sys=0.00s Real=0.00s
[313.740s][info][gc          ] GC(594) Concurrent Mark Cycle
[313.740s][info][gc,marking  ] GC(594) Concurrent Scan Root Regions
[313.746s][info][gc,marking  ] GC(594) Concurrent Scan Root Regions 6.009ms
[313.746s][info][gc,marking  ] GC(594) Concurrent Mark
[313.746s][info][gc,marking  ] GC(594) Concurrent Mark From Roots
[313.746s][info][gc,task     ] GC(594) Using 1 workers of 1 for marking
[313.791s][info][gc,marking  ] GC(594) Concurrent Mark From Roots 45.869ms
[313.791s][info][gc,marking  ] GC(594) Concurrent Preclean
[313.792s][info][gc,marking  ] GC(594) Concurrent Preclean 0.039ms
[313.792s][info][gc,start    ] GC(594) Pause Remark
[313.805s][info][gc          ] GC(594) Pause Remark 59M->59M(256M) 13.049ms
[313.805s][info][gc,cpu      ] GC(594) User=0.03s Sys=0.00s Real=0.02s
[313.807s][info][gc,marking  ] GC(594) Concurrent Mark 61.472ms
[313.807s][info][gc,marking  ] GC(594) Concurrent Rebuild Remembered Sets and Scrub Regions
[313.825s][info][gc,marking  ] GC(594) Concurrent Rebuild Remembered Sets and Scrub Regions 17.601ms
[313.825s][info][gc,start    ] GC(594) Pause Cleanup
[313.825s][info][gc          ] GC(594) Pause Cleanup 61M->61M(256M) 0.054ms
[313.825s][info][gc,cpu      ] GC(594) User=0.00s Sys=0.00s Real=0.00s
[313.825s][info][gc,marking  ] GC(594) Concurrent Clear Claimed Marks
[313.825s][info][gc,marking  ] GC(594) Concurrent Clear Claimed Marks 0.041ms
[313.825s][info][gc,marking  ] GC(594) Concurrent Cleanup for Next Mark
[313.826s][info][gc,marking  ] GC(594) Concurrent Cleanup for Next Mark 0.759ms
[313.826s][info][gc          ] GC(594) Concurrent Mark Cycle 86.164ms
[314.508s][info][gc,start    ] GC(595) Pause Young (Prepare Mixed) (G1 Evacuation Pause)
[314.508s][info][gc,task     ] GC(595) Using 2 workers of 2 for evacuation
[314.527s][info][gc,phases   ] GC(595)   Pre Evacuate Collection Set: 0.21ms
[314.527s][info][gc,phases   ] GC(595)   Merge Heap Roots: 0.06ms
[314.527s][info][gc,phases   ] GC(595)   Evacuate Collection Set: 17.82ms
[314.527s][info][gc,phases   ] GC(595)   Post Evacuate Collection Set: 0.49ms
[314.527s][info][gc,phases   ] GC(595)   Other: 0.11ms
[314.527s][info][gc,heap     ] GC(595) Eden regions: 150->0(134)
[314.527s][info][gc,heap     ] GC(595) Survivor regions: 3->19(20)
[314.527s][info][gc,heap     ] GC(595) Old regions: 44->44
[314.527s][info][gc,heap     ] GC(595) Humongous regions: 11->3
[314.527s][info][gc,metaspace] GC(595) Metaspace: 42749K(43136K)->42749K(43136K) NonClass: 39943K(40192K)->39943K(40192K) Class: 2805K(2944K)->2805K(2944K)
[314.527s][info][gc          ] GC(595) Pause Young (Prepare Mixed) (G1 Evacuation Pause) 207M->64M(256M) 18.886ms
[314.527s][info][gc,cpu      ] GC(595) User=0.03s Sys=0.00s Real=0.02s
[315.032s][info][gc,start    ] GC(596) Pause Young (Mixed) (G1 Evacuation Pause)
[315.032s][info][gc,task     ] GC(596) Using 2 workers of 2 for evacuation
[315.084s][info][gc,phases   ] GC(596)   Pre Evacuate Collection Set: 0.22ms
[315.084s][info][gc,phases   ] GC(596)   Merge Heap Roots: 0.09ms
[315.084s][info][gc,phases   ] GC(596)   Evacuate Collection Set: 51.16ms
[315.084s][info][gc,phases   ] GC(596)   Post Evacuate Collection Set: 0.59ms
[315.084s][info][gc,phases   ] GC(596)   Other: 0.10ms
[315.084s][info][gc,heap     ] GC(596) Eden regions: 134->0(140)
[315.084s][info][gc,heap     ] GC(596) Survivor regions: 19->13(20)
[315.084s][info][gc,heap     ] GC(596) Old regions: 44->54
[315.084s][info][gc,heap     ] GC(596) Humongous regions: 3->3
[315.084s][info][gc,metaspace] GC(596) Metaspace: 42749K(43136K)->42749K(43136K) NonClass: 39943K(40192K)->39943K(40192K) Class: 2805K(2944K)->2805K(2944K)
[315.084s][info][gc          ] GC(596) Pause Young (Mixed) (G1 Evacuation Pause) 198M->69M(256M) 52.328ms
[315.084s][info][gc,cpu      ] GC(596) User=0.06s Sys=0.00s Real=0.05s
[315.575s][info][gc,start    ] GC(597) Pause Young (Concurrent Start) (G1 Humongous Allocation)
[315.575s][info][gc,task     ] GC(597) Using 2 workers of 2 for evacuation
[315.624s][info][gc,phases   ] GC(597)   Pre Evacuate Collection Set: 0.18ms
[315.624s][info][gc,phases   ] GC(597)   Merge Heap Roots: 0.14ms
[315.624s][info][gc,phases   ] GC(597)   Evacuate Collection Set: 48.52ms
[315.624s][info][gc,phases   ] GC(597)   Post Evacuate Collection Set: 0.47ms
[315.624s][info][gc,phases   ] GC(597)   Other: 0.12ms
[315.624s][info][gc,heap     ] GC(597) Eden regions: 127->0(108)
[315.624s][info][gc,heap     ] GC(597) Survivor regions: 13->20(20)
[315.624s][info][gc,heap     ] GC(597) Old regions: 54->81
[315.624s][info][gc,heap     ] GC(597) Humongous regions: 3->1
[315.624s][info][gc,metaspace] GC(597) Metaspace: 42749K(43136K)->42749K(43136K) NonClass: 39943K(40192K)->39943K(40192K) Class: 2805K(2944K)->2805K(2944K)
[315.624s][info][gc          ] GC(597) Pause Young (Concurrent Start) (G1 Humongous Allocation) 196M->102M(256M) 49.595ms
[315.624s][info][gc,cpu      ] GC(597) User=0.09s Sys=0.00s Real=0.05s
[315.624s][info][gc          ] GC(598) Concurrent Mark Cycle
[315.625s][info][gc,marking  ] GC(598) Concurrent Scan Root Regions
[315.681s][info][gc,marking  ] GC(598) Concurrent Scan Root Regions 56.145ms
[315.681s][info][gc,marking  ] GC(598) Concurrent Mark
[315.681s][info][gc,marking  ] GC(598) Concurrent Mark From Roots
[315.681s][info][gc,task     ] GC(598) Using 1 workers of 1 for marking
[315.742s][info][gc,marking  ] GC(598) Concurrent Mark From Roots 61.278ms
[315.742s][info][gc,marking  ] GC(598) Concurrent Preclean
[315.743s][info][gc,marking  ] GC(598) Concurrent Preclean 0.039ms
[315.743s][info][gc,start    ] GC(598) Pause Remark
[315.755s][info][gc          ] GC(598) Pause Remark 134M->134M(256M) 12.507ms
[315.755s][info][gc,cpu      ] GC(598) User=0.02s Sys=0.00s Real=0.01s
[315.755s][info][gc,marking  ] GC(598) Concurrent Mark 74.110ms
[315.755s][info][gc,marking  ] GC(598) Concurrent Rebuild Remembered Sets and Scrub Regions
[315.804s][info][gc,marking  ] GC(598) Concurrent Rebuild Remembered Sets and Scrub Regions 48.542ms
[315.804s][info][gc,start    ] GC(598) Pause Cleanup
[315.804s][info][gc          ] GC(598) Pause Cleanup 145M->145M(256M) 0.044ms
[315.804s][info][gc,cpu      ] GC(598) User=0.00s Sys=0.00s Real=0.00s
[315.804s][info][gc,marking  ] GC(598) Concurrent Clear Claimed Marks
[315.804s][info][gc,marking  ] GC(598) Concurrent Clear Claimed Marks 0.035ms
[315.804s][info][gc,marking  ] GC(598) Concurrent Cleanup for Next Mark
[315.805s][info][gc,marking  ] GC(598) Concurrent Cleanup for Next Mark 0.739ms
[315.805s][info][gc          ] GC(598) Concurrent Mark Cycle 180.502ms
[316.041s][info][gc,start    ] GC(599) Pause Young (Prepare Mixed) (G1 Evacuation Pause)
[316.041s][info][gc,task     ] GC(599) Using 2 workers of 2 for evacuation
[316.077s][info][gc,phases   ] GC(599)   Pre Evacuate Collection Set: 0.20ms
[316.077s][info][gc,phases   ] GC(599)   Merge Heap Roots: 0.32ms
[316.077s][info][gc,phases   ] GC(599)   Evacuate Collection Set: 34.51ms
[316.077s][info][gc,phases   ] GC(599)   Post Evacuate Collection Set: 0.43ms
[316.077s][info][gc,phases   ] GC(599)   Other: 0.09ms
[316.077s][info][gc,heap     ] GC(599) Eden regions: 108->0(95)
[316.077s][info][gc,heap     ] GC(599) Survivor regions: 20->15(16)
[316.077s][info][gc,heap     ] GC(599) Old regions: 81->101
[316.077s][info][gc,heap     ] GC(599) Humongous regions: 5->3
[316.077s][info][gc,metaspace] GC(599) Metaspace: 42749K(43136K)->42749K(43136K) NonClass: 39943K(40192K)->39943K(40192K) Class: 2805K(2944K)->2805K(2944K)
[316.077s][info][gc          ] GC(599) Pause Young (Prepare Mixed) (G1 Evacuation Pause) 214M->118M(256M) 35.741ms
[316.077s][info][gc,cpu      ] GC(599) User=0.07s Sys=0.00s Real=0.04s
[316.410s][info][gc,start    ] GC(600) Pause Young (Mixed) (G1 Evacuation Pause)
[316.411s][info][gc,task     ] GC(600) Using 2 workers of 2 for evacuation
[316.426s][info][gc,phases   ] GC(600)   Pre Evacuate Collection Set: 0.17ms
[316.426s][info][gc,phases   ] GC(600)   Merge Heap Roots: 0.20ms
[316.426s][info][gc,phases   ] GC(600)   Evacuate Collection Set: 14.74ms
[316.426s][info][gc,phases   ] GC(600)   Post Evacuate Collection Set: 0.39ms
[316.426s][info][gc,phases   ] GC(600)   Other: 0.09ms
[316.426s][info][gc,heap     ] GC(600) Eden regions: 95->0(108)
[316.426s][info][gc,heap     ] GC(600) Survivor regions: 15->3(14)
[316.426s][info][gc,heap     ] GC(600) Old regions: 101->104
[316.426s][info][gc,heap     ] GC(600) Humongous regions: 9->3
[316.426s][info][gc,metaspace] GC(600) Metaspace: 42749K(43136K)->42749K(43136K) NonClass: 39943K(40192K)->39943K(40192K) Class: 2805K(2944K)->2805K(2944K)
[316.426s][info][gc          ] GC(600) Pause Young (Mixed) (G1 Evacuation Pause) 219M->109M(256M) 15.772ms
[316.426s][info][gc,cpu      ] GC(600) User=0.03s Sys=0.01s Real=0.02s
[316.466s][info][gc,start    ] GC(601) Pause Young (Concurrent Start) (G1 Humongous Allocation)
[316.466s][info][gc,task     ] GC(601) Using 2 workers of 2 for evacuation
[316.468s][info][gc,phases   ] GC(601)   Pre Evacuate Collection Set: 0.16ms
[316.468s][info][gc,phases   ] GC(601)   Merge Heap Roots: 0.04ms
[316.468s][info][gc,phases   ] GC(601)   Evacuate Collection Set: 1.20ms
[316.468s][info][gc,phases   ] GC(601)   Post Evacuate Collection Set: 0.28ms
[316.468s][info][gc,phases   ] GC(601)   Other: 0.08ms
[316.468s][info][gc,heap     ] GC(601) Eden regions: 17->0(115)
[316.468s][info][gc,heap     ] GC(601) Survivor regions: 3->2(14)
[316.468s][info][gc,heap     ] GC(601) Old regions: 104->104
[316.468s][info][gc,heap     ] GC(601) Humongous regions: 3->1
[316.468s][info][gc,metaspace] GC(601) Metaspace: 42749K(43136K)->42749K(43136K) NonClass: 39943K(40192K)->39943K(40192K) Class: 2805K(2944K)->2805K(2944K)
[316.468s][info][gc          ] GC(601) Pause Young (Concurrent Start) (G1 Humongous Allocation) 126M->106M(256M) 1.929ms
[316.468s][info][gc,cpu      ] GC(601) User=0.00s Sys=0.00s Real=0.00s
[316.468s][info][gc          ] GC(602) Concurrent Mark Cycle
[316.468s][info][gc,marking  ] GC(602) Concurrent Scan Root Regions
[316.469s][info][gc,marking  ] GC(602) Concurrent Scan Root Regions 1.160ms
[316.470s][info][gc,marking  ] GC(602) Concurrent Mark
[316.470s][info][gc,marking  ] GC(602) Concurrent Mark From Roots
[316.470s][info][gc,task     ] GC(602) Using 1 workers of 1 for marking
[316.527s][info][gc,marking  ] GC(602) Concurrent Mark From Roots 57.191ms
[316.527s][info][gc,marking  ] GC(602) Concurrent Preclean
[316.527s][info][gc,marking  ] GC(602) Concurrent Preclean 0.038ms
[316.527s][info][gc,start    ] GC(602) Pause Remark
[316.539s][info][gc          ] GC(602) Pause Remark 121M->116M(256M) 12.481ms
[316.539s][info][gc,cpu      ] GC(602) User=0.03s Sys=0.00s Real=0.01s
[316.539s][info][gc,marking  ] GC(602) Concurrent Mark 69.968ms
[316.539s][info][gc,marking  ] GC(602) Concurrent Rebuild Remembered Sets and Scrub Regions
[316.560s][info][gc,marking  ] GC(602) Concurrent Rebuild Remembered Sets and Scrub Regions 20.933ms
[316.561s][info][gc,start    ] GC(602) Pause Cleanup
[316.561s][info][gc          ] GC(602) Pause Cleanup 121M->121M(256M) 0.057ms
[316.561s][info][gc,cpu      ] GC(602) User=0.00s Sys=0.00s Real=0.00s
[316.561s][info][gc,marking  ] GC(602) Concurrent Clear Claimed Marks
[316.561s][info][gc,marking  ] GC(602) Concurrent Clear Claimed Marks 0.034ms
[316.561s][info][gc,marking  ] GC(602) Concurrent Cleanup for Next Mark
[316.561s][info][gc,marking  ] GC(602) Concurrent Cleanup for Next Mark 0.724ms
[316.561s][info][gc          ] GC(602) Concurrent Mark Cycle 93.169ms
[316.922s][info][gc,start    ] GC(603) Pause Young (Prepare Mixed) (G1 Evacuation Pause)
[316.922s][info][gc,task     ] GC(603) Using 2 workers of 2 for evacuation
[316.927s][info][gc,phases   ] GC(603)   Pre Evacuate Collection Set: 0.17ms
[316.927s][info][gc,phases   ] GC(603)   Merge Heap Roots: 0.05ms
[316.927s][info][gc,phases   ] GC(603)   Evacuate Collection Set: 4.74ms
[316.927s][info][gc,phases   ] GC(603)   Post Evacuate Collection Set: 0.38ms
[316.927s][info][gc,phases   ] GC(603)   Other: 0.06ms
[316.927s][info][gc,heap     ] GC(603) Eden regions: 115->0(115)
[316.927s][info][gc,heap     ] GC(603) Survivor regions: 2->7(15)
[316.927s][info][gc,heap     ] GC(603) Old regions: 99->99
[316.927s][info][gc,heap     ] GC(603) Humongous regions: 7->3
[316.927s][info][gc,metaspace] GC(603) Metaspace: 42749K(43136K)->42749K(43136K) NonClass: 39943K(40192K)->39943K(40192K) Class: 2805K(2944K)->2805K(2944K)
[316.927s][info][gc          ] GC(603) Pause Young (Prepare Mixed) (G1 Evacuation Pause) 222M->108M(256M) 5.578ms
[316.927s][info][gc,cpu      ] GC(603) User=0.02s Sys=0.00s Real=0.01s
[317.393s][info][gc,start    ] GC(604) Pause Young (Mixed) (G1 Evacuation Pause)
[317.393s][info][gc,task     ] GC(604) Using 2 workers of 2 for evacuation
[317.397s][info][gc,phases   ] GC(604)   Pre Evacuate Collection Set: 0.16ms
[317.397s][info][gc,phases   ] GC(604)   Merge Heap Roots: 0.09ms
[317.397s][info][gc,phases   ] GC(604)   Evacuate Collection Set: 3.31ms
[317.397s][info][gc,phases   ] GC(604)   Post Evacuate Collection Set: 0.35ms
[317.397s][info][gc,phases   ] GC(604)   Other: 0.07ms
[317.397s][info][gc,heap     ] GC(604) Eden regions: 115->0(143)
[317.397s][info][gc,heap     ] GC(604) Survivor regions: 7->4(16)
[317.397s][info][gc,heap     ] GC(604) Old regions: 99->74
[317.397s][info][gc,heap     ] GC(604) Humongous regions: 5->3
[317.397s][info][gc,metaspace] GC(604) Metaspace: 42749K(43136K)->42749K(43136K) NonClass: 39943K(40192K)->39943K(40192K) Class: 2805K(2944K)->2805K(2944K)
[317.397s][info][gc          ] GC(604) Pause Young (Mixed) (G1 Evacuation Pause) 225M->80M(256M) 4.144ms
[317.397s][info][gc,cpu      ] GC(604) User=0.01s Sys=0.00s Real=0.00s
[317.871s][info][gc,start    ] GC(605) Pause Young (Mixed) (G1 Evacuation Pause)
[317.871s][info][gc,task     ] GC(605) Using 2 workers of 2 for evacuation
[317.880s][info][gc,phases   ] GC(605)   Pre Evacuate Collection Set: 0.22ms
[317.880s][info][gc,phases   ] GC(605)   Merge Heap Roots: 0.09ms
[317.880s][info][gc,phases   ] GC(605)   Evacuate Collection Set: 8.63ms
[317.880s][info][gc,phases   ] GC(605)   Post Evacuate Collection Set: 0.45ms
[317.880s][info][gc,phases   ] GC(605)   Other: 0.09ms
[317.880s][info][gc,heap     ] GC(605) Eden regions: 143->0(144)
[317.880s][info][gc,heap     ] GC(605) Survivor regions: 4->9(19)
[317.880s][info][gc,heap     ] GC(605) Old regions: 74->48
[317.880s][info][gc,heap     ] GC(605) Humongous regions: 9->3
[317.880s][info][gc,metaspace] GC(605) Metaspace: 42749K(43136K)->42749K(43136K) NonClass: 39943K(40192K)->39943K(40192K) Class: 2805K(2944K)->2805K(2944K)
[317.880s][info][gc          ] GC(605) Pause Young (Mixed) (G1 Evacuation Pause) 229M->59M(256M) 9.667ms
[317.880s][info][gc,cpu      ] GC(605) User=0.02s Sys=0.00s Real=0.01s
[318.004s][info][gc,start    ] GC(606) Pause Young (Concurrent Start) (G1 Humongous Allocation)
[318.004s][info][gc,task     ] GC(606) Using 2 workers of 2 for evacuation
[318.010s][info][gc,phases   ] GC(606)   Pre Evacuate Collection Set: 0.17ms
[318.010s][info][gc,phases   ] GC(606)   Merge Heap Roots: 0.07ms
[318.011s][info][gc,phases   ] GC(606)   Evacuate Collection Set: 6.10ms
[318.011s][info][gc,phases   ] GC(606)   Post Evacuate Collection Set: 0.33ms
[318.011s][info][gc,phases   ] GC(606)   Other: 0.11ms
[318.011s][info][gc,heap     ] GC(606) Eden regions: 30->0(150)
[318.011s][info][gc,heap     ] GC(606) Survivor regions: 9->3(20)
[318.011s][info][gc,heap     ] GC(606) Old regions: 48->48
[318.011s][info][gc,heap     ] GC(606) Humongous regions: 3->1
[318.011s][info][gc,metaspace] GC(606) Metaspace: 42749K(43136K)->42749K(43136K) NonClass: 39943K(40192K)->39943K(40192K) Class: 2805K(2944K)->2805K(2944K)
[318.011s][info][gc          ] GC(606) Pause Young (Concurrent Start) (G1 Humongous Allocation) 89M->51M(256M) 7.015ms
[318.011s][info][gc,cpu      ] GC(606) User=0.01s Sys=0.00s Real=0.00s
[318.011s][info][gc          ] GC(607) Concurrent Mark Cycle
[318.011s][info][gc,marking  ] GC(607) Concurrent Scan Root Regions
[318.014s][info][gc,marking  ] GC(607) Concurrent Scan Root Regions 3.268ms
[318.014s][info][gc,marking  ] GC(607) Concurrent Mark
[318.014s][info][gc,marking  ] GC(607) Concurrent Mark From Roots
[318.014s][info][gc,task     ] GC(607) Using 1 workers of 1 for marking
[318.098s][info][gc,marking  ] GC(607) Concurrent Mark From Roots 83.576ms
[318.098s][info][gc,marking  ] GC(607) Concurrent Preclean
[318.098s][info][gc,marking  ] GC(607) Concurrent Preclean 0.036ms
[318.098s][info][gc,start    ] GC(607) Pause Remark
[318.111s][info][gc          ] GC(607) Pause Remark 80M->80M(256M) 13.019ms
[318.111s][info][gc,cpu      ] GC(607) User=0.02s Sys=0.00s Real=0.01s
[318.111s][info][gc,marking  ] GC(607) Concurrent Mark 96.915ms
[318.111s][info][gc,marking  ] GC(607) Concurrent Rebuild Remembered Sets and Scrub Regions
[318.132s][info][gc,marking  ] GC(607) Concurrent Rebuild Remembered Sets and Scrub Regions 21.472ms
[318.133s][info][gc,start    ] GC(607) Pause Cleanup
[318.133s][info][gc          ] GC(607) Pause Cleanup 84M->84M(256M) 0.040ms
[318.133s][info][gc,cpu      ] GC(607) User=0.00s Sys=0.00s Real=0.00s
[318.133s][info][gc,marking  ] GC(607) Concurrent Clear Claimed Marks
[318.133s][info][gc,marking  ] GC(607) Concurrent Clear Claimed Marks 0.034ms
[318.133s][info][gc,marking  ] GC(607) Concurrent Cleanup for Next Mark
[318.133s][info][gc,marking  ] GC(607) Concurrent Cleanup for Next Mark 0.748ms
[318.133s][info][gc          ] GC(607) Concurrent Mark Cycle 122.804ms
[318.545s][info][gc,start    ] GC(608) Pause Young (Prepare Mixed) (G1 Evacuation Pause)
[318.545s][info][gc,task     ] GC(608) Using 2 workers of 2 for evacuation
[318.556s][info][gc,phases   ] GC(608)   Pre Evacuate Collection Set: 0.15ms
[318.556s][info][gc,phases   ] GC(608)   Merge Heap Roots: 0.06ms
[318.556s][info][gc,phases   ] GC(608)   Evacuate Collection Set: 10.11ms
[318.556s][info][gc,phases   ] GC(608)   Post Evacuate Collection Set: 0.41ms
[318.556s][info][gc,phases   ] GC(608)   Other: 0.08ms
[318.556s][info][gc,heap     ] GC(608) Eden regions: 150->0(141)
[318.556s][info][gc,heap     ] GC(608) Survivor regions: 3->12(20)
[318.556s][info][gc,heap     ] GC(608) Old regions: 48->48
[318.556s][info][gc,heap     ] GC(608) Humongous regions: 5->3
[318.556s][info][gc,metaspace] GC(608) Metaspace: 42749K(43136K)->42749K(43136K) NonClass: 39943K(40192K)->39943K(40192K) Class: 2805K(2944K)->2805K(2944K)
[318.556s][info][gc          ] GC(608) Pause Young (Prepare Mixed) (G1 Evacuation Pause) 205M->62M(256M) 10.975ms
[318.556s][info][gc,cpu      ] GC(608) User=0.02s Sys=0.00s Real=0.01s
[319.083s][info][gc,start    ] GC(609) Pause Young (Mixed) (G1 Evacuation Pause)
[319.083s][info][gc,task     ] GC(609) Using 2 workers of 2 for evacuation
[319.097s][info][gc,phases   ] GC(609)   Pre Evacuate Collection Set: 0.14ms
[319.097s][info][gc,phases   ] GC(609)   Merge Heap Roots: 0.08ms
[319.097s][info][gc,phases   ] GC(609)   Evacuate Collection Set: 12.87ms
[319.097s][info][gc,phases   ] GC(609)   Post Evacuate Collection Set: 0.45ms
[319.097s][info][gc,phases   ] GC(609)   Other: 0.08ms
[319.097s][info][gc,heap     ] GC(609) Eden regions: 141->0(141)
[319.097s][info][gc,heap     ] GC(609) Survivor regions: 12->12(20)
[319.097s][info][gc,heap     ] GC(609) Old regions: 48->47
[319.097s][info][gc,heap     ] GC(609) Humongous regions: 9->3
[319.097s][info][gc,metaspace] GC(609) Metaspace: 42749K(43136K)->42749K(43136K) NonClass: 39943K(40192K)->39943K(40192K) Class: 2805K(2944K)->2805K(2944K)
[319.097s][info][gc          ] GC(609) Pause Young (Mixed) (G1 Evacuation Pause) 209M->61M(256M) 13.821ms
[319.097s][info][gc,cpu      ] GC(609) User=0.03s Sys=0.00s Real=0.01s
[319.455s][info][gc,start    ] GC(610) Pause Young (Concurrent Start) (G1 Evacuation Pause)
[319.455s][info][gc,task     ] GC(610) Using 2 workers of 2 for evacuation
[319.493s][info][gc,phases   ] GC(610)   Pre Evacuate Collection Set: 0.17ms
[319.493s][info][gc,phases   ] GC(610)   Merge Heap Roots: 0.06ms
[319.493s][info][gc,phases   ] GC(610)   Evacuate Collection Set: 37.08ms
[319.493s][info][gc,phases   ] GC(610)   Post Evacuate Collection Set: 0.48ms
[319.493s][info][gc,phases   ] GC(610)   Other: 0.11ms
[319.493s][info][gc,heap     ] GC(610) Eden regions: 141->0(121)
[319.493s][info][gc,heap     ] GC(610) Survivor regions: 12->20(20)
[319.493s][info][gc,heap     ] GC(610) Old regions: 47->68
[319.493s][info][gc,heap     ] GC(610) Humongous regions: 3->3
[319.493s][info][gc,metaspace] GC(610) Metaspace: 42749K(43136K)->42749K(43136K) NonClass: 39943K(40192K)->39943K(40192K) Class: 2805K(2944K)->2805K(2944K)
[319.493s][info][gc          ] GC(610) Pause Young (Concurrent Start) (G1 Evacuation Pause) 202M->90M(256M) 38.082ms
[319.493s][info][gc          ] GC(611) Concurrent Mark Cycle
[319.493s][info][gc,marking  ] GC(611) Concurrent Scan Root Regions
[319.494s][info][gc,cpu      ] GC(610) User=0.07s Sys=0.00s Real=0.04s
[319.526s][info][gc,marking  ] GC(611) Concurrent Scan Root Regions 32.859ms
[319.526s][info][gc,marking  ] GC(611) Concurrent Mark
[319.526s][info][gc,marking  ] GC(611) Concurrent Mark From Roots
[319.526s][info][gc,task     ] GC(611) Using 1 workers of 1 for marking
[319.604s][info][gc,marking  ] GC(611) Concurrent Mark From Roots 77.998ms
[319.604s][info][gc,marking  ] GC(611) Concurrent Preclean
[319.604s][info][gc,marking  ] GC(611) Concurrent Preclean 0.038ms
[319.604s][info][gc,start    ] GC(611) Pause Remark
[319.617s][info][gc          ] GC(611) Pause Remark 115M->115M(256M) 12.505ms
[319.617s][info][gc,cpu      ] GC(611) User=0.02s Sys=0.00s Real=0.01s
[319.617s][info][gc,marking  ] GC(611) Concurrent Mark 90.864ms
[319.617s][info][gc,marking  ] GC(611) Concurrent Rebuild Remembered Sets and Scrub Regions
[319.669s][info][gc,marking  ] GC(611) Concurrent Rebuild Remembered Sets and Scrub Regions 51.608ms
[319.669s][info][gc,start    ] GC(611) Pause Cleanup
[319.669s][info][gc          ] GC(611) Pause Cleanup 125M->125M(256M) 0.072ms
[319.669s][info][gc,cpu      ] GC(611) User=0.00s Sys=0.00s Real=0.00s
[319.669s][info][gc,marking  ] GC(611) Concurrent Clear Claimed Marks
[319.669s][info][gc,marking  ] GC(611) Concurrent Clear Claimed Marks 0.044ms
[319.669s][info][gc,marking  ] GC(611) Concurrent Cleanup for Next Mark
[319.670s][info][gc,marking  ] GC(611) Concurrent Cleanup for Next Mark 0.767ms
[319.670s][info][gc          ] GC(611) Concurrent Mark Cycle 176.627ms
[320.068s][info][gc,start    ] GC(612) Pause Young (Prepare Mixed) (G1 Evacuation Pause)
[320.068s][info][gc,task     ] GC(612) Using 2 workers of 2 for evacuation
[320.123s][info][gc,phases   ] GC(612)   Pre Evacuate Collection Set: 0.17ms
[320.123s][info][gc,phases   ] GC(612)   Merge Heap Roots: 0.23ms
[320.123s][info][gc,phases   ] GC(612)   Evacuate Collection Set: 53.72ms
[320.123s][info][gc,phases   ] GC(612)   Post Evacuate Collection Set: 0.47ms
[320.123s][info][gc,phases   ] GC(612)   Other: 0.08ms
[320.123s][info][gc,heap     ] GC(612) Eden regions: 121->0(96)
[320.123s][info][gc,heap     ] GC(612) Survivor regions: 20->18(18)
[320.123s][info][gc,heap     ] GC(612) Old regions: 68->97
[320.123s][info][gc,heap     ] GC(612) Humongous regions: 3->3
[320.123s][info][gc,metaspace] GC(612) Metaspace: 42749K(43136K)->42749K(43136K) NonClass: 39943K(40192K)->39943K(40192K) Class: 2805K(2944K)->2805K(2944K)
[320.123s][info][gc          ] GC(612) Pause Young (Prepare Mixed) (G1 Evacuation Pause) 211M->118M(259M) 54.871ms
[320.123s][info][gc,cpu      ] GC(612) User=0.11s Sys=0.00s Real=0.06s
[320.563s][info][gc,start    ] GC(613) Pause Young (Mixed) (G1 Evacuation Pause)
[320.563s][info][gc,task     ] GC(613) Using 2 workers of 2 for evacuation
[320.616s][info][gc,phases   ] GC(613)   Pre Evacuate Collection Set: 0.18ms
[320.616s][info][gc,phases   ] GC(613)   Merge Heap Roots: 0.26ms
[320.616s][info][gc,phases   ] GC(613)   Evacuate Collection Set: 51.84ms
[320.616s][info][gc,phases   ] GC(613)   Post Evacuate Collection Set: 0.40ms
[320.616s][info][gc,phases   ] GC(613)   Other: 0.08ms
[320.616s][info][gc,heap     ] GC(613) Eden regions: 96->0(73)
[320.616s][info][gc,heap     ] GC(613) Survivor regions: 18->15(15)
[320.616s][info][gc,heap     ] GC(613) Old regions: 97->124
[320.616s][info][gc,heap     ] GC(613) Humongous regions: 3->3
[320.616s][info][gc,metaspace] GC(613) Metaspace: 42749K(43136K)->42749K(43136K) NonClass: 39943K(40192K)->39943K(40192K) Class: 2805K(2944K)->2805K(2944K)
[320.616s][info][gc          ] GC(613) Pause Young (Mixed) (G1 Evacuation Pause) 214M->142M(259M) 52.930ms
[320.616s][info][gc,cpu      ] GC(613) User=0.10s Sys=0.00s Real=0.05s
[320.931s][info][gc,start    ] GC(614) Pause Young (Concurrent Start) (G1 Evacuation Pause)
[320.931s][info][gc,task     ] GC(614) Using 2 workers of 2 for evacuation
[320.972s][info][gc,phases   ] GC(614)   Pre Evacuate Collection Set: 0.17ms
[320.972s][info][gc,phases   ] GC(614)   Merge Heap Roots: 0.20ms
[320.972s][info][gc,phases   ] GC(614)   Evacuate Collection Set: 39.39ms
[320.972s][info][gc,phases   ] GC(614)   Post Evacuate Collection Set: 0.36ms
[320.972s][info][gc,phases   ] GC(614)   Other: 0.10ms
[320.972s][info][gc,heap     ] GC(614) Eden regions: 73->0(58)
[320.972s][info][gc,heap     ] GC(614) Survivor regions: 15->11(11)
[320.972s][info][gc,heap     ] GC(614) Old regions: 124->148
[320.972s][info][gc,heap     ] GC(614) Humongous regions: 3->3
[320.972s][info][gc,metaspace] GC(614) Metaspace: 42749K(43136K)->42749K(43136K) NonClass: 39943K(40192K)->39943K(40192K) Class: 2805K(2944K)->2805K(2944K)
[320.972s][info][gc          ] GC(614) Pause Young (Concurrent Start) (G1 Evacuation Pause) 215M->162M(259M) 40.408ms
[320.972s][info][gc          ] GC(615) Concurrent Mark Cycle
[320.972s][info][gc,marking  ] GC(615) Concurrent Scan Root Regions
[320.972s][info][gc,cpu      ] GC(614) User=0.08s Sys=0.00s Real=0.04s
[321.035s][info][gc,marking  ] GC(615) Concurrent Scan Root Regions 62.892ms
[321.035s][info][gc,marking  ] GC(615) Concurrent Mark
[321.035s][info][gc,marking  ] GC(615) Concurrent Mark From Roots
[321.035s][info][gc,task     ] GC(615) Using 1 workers of 1 for marking
[321.232s][info][gc,marking  ] GC(615) Concurrent Mark From Roots 196.861ms
[321.232s][info][gc,marking  ] GC(615) Concurrent Preclean
[321.232s][info][gc,marking  ] GC(615) Concurrent Preclean 0.046ms
[321.232s][info][gc,start    ] GC(615) Pause Remark
[321.245s][info][gc          ] GC(615) Pause Remark 210M->210M(274M) 12.949ms
[321.245s][info][gc,cpu      ] GC(615) User=0.02s Sys=0.00s Real=0.02s
[321.245s][info][gc,marking  ] GC(615) Concurrent Mark 210.103ms
[321.245s][info][gc,marking  ] GC(615) Concurrent Rebuild Remembered Sets and Scrub Regions
[321.294s][info][gc,start    ] GC(616) Pause Young (Normal) (G1 Evacuation Pause)
[321.294s][info][gc,task     ] GC(616) Using 2 workers of 2 for evacuation
[321.324s][info][gc,phases   ] GC(616)   Pre Evacuate Collection Set: 0.14ms
[321.324s][info][gc,phases   ] GC(616)   Merge Heap Roots: 0.17ms
[321.324s][info][gc,phases   ] GC(616)   Evacuate Collection Set: 28.56ms
[321.324s][info][gc,phases   ] GC(616)   Post Evacuate Collection Set: 0.34ms
[321.324s][info][gc,phases   ] GC(616)   Other: 0.08ms
[321.324s][info][gc,heap     ] GC(616) Eden regions: 58->0(59)
[321.324s][info][gc,heap     ] GC(616) Survivor regions: 11->9(9)
[321.324s][info][gc,heap     ] GC(616) Old regions: 148->164
[321.324s][info][gc,heap     ] GC(616) Humongous regions: 5->3
[321.324s][info][gc,metaspace] GC(616) Metaspace: 42749K(43136K)->42749K(43136K) NonClass: 39943K(40192K)->39943K(40192K) Class: 2805K(2944K)->2805K(2944K)
[321.324s][info][gc          ] GC(616) Pause Young (Normal) (G1 Evacuation Pause) 222M->175M(274M) 29.477ms
[321.324s][info][gc,cpu      ] GC(616) User=0.05s Sys=0.00s Real=0.03s
[321.353s][info][gc,marking  ] GC(615) Concurrent Rebuild Remembered Sets and Scrub Regions 107.972ms
[321.353s][info][gc,start    ] GC(615) Pause Cleanup
[321.353s][info][gc          ] GC(615) Pause Cleanup 180M->180M(274M) 0.073ms
[321.353s][info][gc,cpu      ] GC(615) User=0.00s Sys=0.00s Real=0.00s
[321.353s][info][gc,marking  ] GC(615) Concurrent Clear Claimed Marks
[321.353s][info][gc,marking  ] GC(615) Concurrent Clear Claimed Marks 0.036ms
[321.353s][info][gc,marking  ] GC(615) Concurrent Cleanup for Next Mark
[321.354s][info][gc,marking  ] GC(615) Concurrent Cleanup for Next Mark 0.986ms
[321.354s][info][gc          ] GC(615) Concurrent Mark Cycle 382.334ms
[321.577s][info][gc,start    ] GC(617) Pause Young (Prepare Mixed) (G1 Evacuation Pause)
[321.577s][info][gc,task     ] GC(617) Using 2 workers of 2 for evacuation
[321.594s][info][gc,phases   ] GC(617)   Pre Evacuate Collection Set: 0.16ms
[321.594s][info][gc,phases   ] GC(617)   Merge Heap Roots: 0.12ms
[321.594s][info][gc,phases   ] GC(617)   Evacuate Collection Set: 16.11ms
[321.594s][info][gc,phases   ] GC(617)   Post Evacuate Collection Set: 0.35ms
[321.594s][info][gc,phases   ] GC(617)   Other: 0.08ms
[321.594s][info][gc,heap     ] GC(617) Eden regions: 59->0(58)
[321.594s][info][gc,heap     ] GC(617) Survivor regions: 9->8(9)
[321.594s][info][gc,heap     ] GC(617) Old regions: 164->170
[321.594s][info][gc,heap     ] GC(617) Humongous regions: 3->3
[321.594s][info][gc,metaspace] GC(617) Metaspace: 42749K(43136K)->42749K(43136K) NonClass: 39943K(40192K)->39943K(40192K) Class: 2805K(2944K)->2805K(2944K)
[321.594s][info][gc          ] GC(617) Pause Young (Prepare Mixed) (G1 Evacuation Pause) 234M->180M(274M) 17.002ms
[321.594s][info][gc,cpu      ] GC(617) User=0.03s Sys=0.00s Real=0.02s
[321.775s][info][gc,start    ] GC(618) Pause Young (Mixed) (G1 Evacuation Pause)
[321.775s][info][gc,task     ] GC(618) Using 2 workers of 2 for evacuation
[321.798s][info][gc,phases   ] GC(618)   Pre Evacuate Collection Set: 0.26ms
[321.798s][info][gc,phases   ] GC(618)   Merge Heap Roots: 0.21ms
[321.798s][info][gc,phases   ] GC(618)   Evacuate Collection Set: 21.37ms
[321.798s][info][gc,phases   ] GC(618)   Post Evacuate Collection Set: 0.93ms
[321.798s][info][gc,phases   ] GC(618)   Other: 0.12ms
[321.798s][info][gc,heap     ] GC(618) Eden regions: 58->0(127)
[321.798s][info][gc,heap     ] GC(618) Survivor regions: 8->8(9)
[321.798s][info][gc,heap     ] GC(618) Old regions: 170->154
[321.798s][info][gc,heap     ] GC(618) Humongous regions: 7->3
[321.798s][info][gc,metaspace] GC(618) Metaspace: 42749K(43136K)->42749K(43136K) NonClass: 39943K(40192K)->39943K(40192K) Class: 2805K(2944K)->2805K(2944K)
[321.798s][info][gc          ] GC(618) Pause Young (Mixed) (G1 Evacuation Pause) 242M->164M(353M) 23.076ms
[321.798s][info][gc,cpu      ] GC(618) User=0.04s Sys=0.00s Real=0.02s
[322.404s][info][gc,start    ] GC(619) Pause Young (Mixed) (G1 Evacuation Pause)
[322.404s][info][gc,task     ] GC(619) Using 2 workers of 2 for evacuation
[322.426s][info][gc,phases   ] GC(619)   Pre Evacuate Collection Set: 0.21ms
[322.426s][info][gc,phases   ] GC(619)   Merge Heap Roots: 0.32ms
[322.426s][info][gc,phases   ] GC(619)   Evacuate Collection Set: 20.91ms
[322.426s][info][gc,phases   ] GC(619)   Post Evacuate Collection Set: 0.44ms
[322.426s][info][gc,phases   ] GC(619)   Other: 0.07ms
[322.426s][info][gc,heap     ] GC(619) Eden regions: 127->0(146)
[322.426s][info][gc,heap     ] GC(619) Survivor regions: 8->4(17)
[322.426s][info][gc,heap     ] GC(619) Old regions: 154->145
[322.426s][info][gc,heap     ] GC(619) Humongous regions: 9->1
[322.426s][info][gc,metaspace] GC(619) Metaspace: 42749K(43136K)->42749K(43136K) NonClass: 39943K(40192K)->39943K(40192K) Class: 2805K(2944K)->2805K(2944K)
[322.426s][info][gc          ] GC(619) Pause Young (Mixed) (G1 Evacuation Pause) 297M->149M(353M) 22.180ms
[322.426s][info][gc,cpu      ] GC(619) User=0.04s Sys=0.01s Real=0.02s
[322.447s][info][gc,start    ] GC(620) Pause Young (Concurrent Start) (G1 Humongous Allocation)
[322.447s][info][gc,task     ] GC(620) Using 2 workers of 2 for evacuation
[322.454s][info][gc,phases   ] GC(620)   Pre Evacuate Collection Set: 0.19ms
[322.454s][info][gc,phases   ] GC(620)   Merge Heap Roots: 0.05ms
[322.454s][info][gc,phases   ] GC(620)   Evacuate Collection Set: 6.43ms
[322.454s][info][gc,phases   ] GC(620)   Post Evacuate Collection Set: 0.31ms
[322.454s][info][gc,phases   ] GC(620)   Other: 0.12ms
[322.454s][info][gc,heap     ] GC(620) Eden regions: 18->0(139)
[322.454s][info][gc,heap     ] GC(620) Survivor regions: 4->7(19)
[322.454s][info][gc,heap     ] GC(620) Old regions: 145->145
[322.454s][info][gc,heap     ] GC(620) Humongous regions: 1->1
[322.454s][info][gc,metaspace] GC(620) Metaspace: 42749K(43136K)->42749K(43136K) NonClass: 39943K(40192K)->39943K(40192K) Class: 2805K(2944K)->2805K(2944K)
[322.454s][info][gc          ] GC(620) Pause Young (Concurrent Start) (G1 Humongous Allocation) 167M->152M(353M) 7.255ms
[322.454s][info][gc,cpu      ] GC(620) User=0.01s Sys=0.00s Real=0.01s
[322.454s][info][gc          ] GC(621) Concurrent Mark Cycle
[322.454s][info][gc,marking  ] GC(621) Concurrent Scan Root Regions
[322.460s][info][gc,marking  ] GC(621) Concurrent Scan Root Regions 6.023ms
[322.460s][info][gc,marking  ] GC(621) Concurrent Mark
[322.460s][info][gc,marking  ] GC(621) Concurrent Mark From Roots
[322.460s][info][gc,task     ] GC(621) Using 1 workers of 1 for marking
[322.547s][info][gc,marking  ] GC(621) Concurrent Mark From Roots 86.995ms
[322.547s][info][gc,marking  ] GC(621) Concurrent Preclean
[322.547s][info][gc,marking  ] GC(621) Concurrent Preclean 0.039ms
[322.547s][info][gc,start    ] GC(621) Pause Remark
[322.566s][info][gc          ] GC(621) Pause Remark 185M->177M(353M) 18.149ms
[322.566s][info][gc,cpu      ] GC(621) User=0.03s Sys=0.00s Real=0.02s
[322.566s][info][gc,marking  ] GC(621) Concurrent Mark 105.454ms
[322.566s][info][gc,marking  ] GC(621) Concurrent Rebuild Remembered Sets and Scrub Regions
[322.598s][info][gc,marking  ] GC(621) Concurrent Rebuild Remembered Sets and Scrub Regions 32.332ms
[322.598s][info][gc,start    ] GC(621) Pause Cleanup
[322.598s][info][gc          ] GC(621) Pause Cleanup 182M->182M(353M) 0.072ms
[322.598s][info][gc,cpu      ] GC(621) User=0.00s Sys=0.00s Real=0.00s
[322.598s][info][gc,marking  ] GC(621) Concurrent Clear Claimed Marks
[322.598s][info][gc,marking  ] GC(621) Concurrent Clear Claimed Marks 0.037ms
[322.598s][info][gc,marking  ] GC(621) Concurrent Cleanup for Next Mark
[322.600s][info][gc,marking  ] GC(621) Concurrent Cleanup for Next Mark 1.798ms
[322.600s][info][gc          ] GC(621) Concurrent Mark Cycle 145.981ms
[322.940s][info][gc,start    ] GC(622) Pause Young (Prepare Mixed) (G1 Evacuation Pause)
[322.940s][info][gc,task     ] GC(622) Using 2 workers of 2 for evacuation
[322.955s][info][gc,phases   ] GC(622)   Pre Evacuate Collection Set: 0.18ms
[322.955s][info][gc,phases   ] GC(622)   Merge Heap Roots: 0.10ms
[322.955s][info][gc,phases   ] GC(622)   Evacuate Collection Set: 14.36ms
[322.956s][info][gc,phases   ] GC(622)   Post Evacuate Collection Set: 0.45ms
[322.956s][info][gc,phases   ] GC(622)   Other: 0.07ms
[322.956s][info][gc,heap     ] GC(622) Eden regions: 139->0(135)
[322.956s][info][gc,heap     ] GC(622) Survivor regions: 7->19(19)
[322.956s][info][gc,heap     ] GC(622) Old regions: 137->138
[322.956s][info][gc,heap     ] GC(622) Humongous regions: 4->3
[322.956s][info][gc,metaspace] GC(622) Metaspace: 42749K(43136K)->42749K(43136K) NonClass: 39943K(40192K)->39943K(40192K) Class: 2805K(2944K)->2805K(2944K)
[322.956s][info][gc          ] GC(622) Pause Young (Prepare Mixed) (G1 Evacuation Pause) 286M->159M(353M) 15.347ms
[322.956s][info][gc,cpu      ] GC(622) User=0.03s Sys=0.00s Real=0.02s
[323.354s][info][gc,start    ] GC(623) Pause Young (Mixed) (G1 Evacuation Pause)
[323.354s][info][gc,task     ] GC(623) Using 2 workers of 2 for evacuation
[323.363s][info][gc,phases   ] GC(623)   Pre Evacuate Collection Set: 0.22ms
[323.363s][info][gc,phases   ] GC(623)   Merge Heap Roots: 0.12ms
[323.363s][info][gc,phases   ] GC(623)   Evacuate Collection Set: 8.81ms
[323.363s][info][gc,phases   ] GC(623)   Post Evacuate Collection Set: 0.41ms
[323.363s][info][gc,phases   ] GC(623)   Other: 0.08ms
[323.363s][info][gc,heap     ] GC(623) Eden regions: 135->0(172)
[323.363s][info][gc,heap     ] GC(623) Survivor regions: 19->2(20)
[323.363s][info][gc,heap     ] GC(623) Old regions: 138->111
[323.363s][info][gc,heap     ] GC(623) Humongous regions: 4->3
[323.363s][info][gc,metaspace] GC(623) Metaspace: 42749K(43136K)->42749K(43136K) NonClass: 39943K(40192K)->39943K(40192K) Class: 2805K(2944K)->2805K(2944K)
[323.363s][info][gc          ] GC(623) Pause Young (Mixed) (G1 Evacuation Pause) 295M->115M(353M) 9.869ms
[323.363s][info][gc,cpu      ] GC(623) User=0.02s Sys=0.00s Real=0.01s
[323.891s][info][gc,start    ] GC(624) Pause Young (Mixed) (G1 Evacuation Pause)
[323.892s][info][gc,task     ] GC(624) Using 2 workers of 2 for evacuation
[323.900s][info][gc,phases   ] GC(624)   Pre Evacuate Collection Set: 0.21ms
[323.900s][info][gc,phases   ] GC(624)   Merge Heap Roots: 0.15ms
[323.900s][info][gc,phases   ] GC(624)   Evacuate Collection Set: 7.32ms
[323.900s][info][gc,phases   ] GC(624)   Post Evacuate Collection Set: 0.45ms
[323.900s][info][gc,phases   ] GC(624)   Other: 0.08ms
[323.900s][info][gc,heap     ] GC(624) Eden regions: 172->0(199)
[323.900s][info][gc,heap     ] GC(624) Survivor regions: 2->5(22)
[323.900s][info][gc,heap     ] GC(624) Old regions: 111->78
[323.900s][info][gc,heap     ] GC(624) Humongous regions: 5->3
[323.900s][info][gc,metaspace] GC(624) Metaspace: 42749K(43136K)->42749K(43136K) NonClass: 39943K(40192K)->39943K(40192K) Class: 2805K(2944K)->2805K(2944K)
[323.900s][info][gc          ] GC(624) Pause Young (Mixed) (G1 Evacuation Pause) 289M->85M(353M) 8.413ms
[323.900s][info][gc,cpu      ] GC(624) User=0.01s Sys=0.00s Real=0.01s
[324.550s][info][gc,start    ] GC(625) Pause Young (Mixed) (G1 Evacuation Pause)
[324.550s][info][gc,task     ] GC(625) Using 2 workers of 2 for evacuation
[324.562s][info][gc,phases   ] GC(625)   Pre Evacuate Collection Set: 0.20ms
[324.563s][info][gc,phases   ] GC(625)   Merge Heap Roots: 0.11ms
[324.563s][info][gc,phases   ] GC(625)   Evacuate Collection Set: 11.81ms
[324.563s][info][gc,phases   ] GC(625)   Post Evacuate Collection Set: 0.43ms
[324.563s][info][gc,phases   ] GC(625)   Other: 0.10ms
[324.563s][info][gc,heap     ] GC(625) Eden regions: 199->0(195)
[324.563s][info][gc,heap     ] GC(625) Survivor regions: 5->15(26)
[324.563s][info][gc,heap     ] GC(625) Old regions: 78->77
[324.563s][info][gc,heap     ] GC(625) Humongous regions: 3->3
[324.563s][info][gc,metaspace] GC(625) Metaspace: 42749K(43136K)->42749K(43136K) NonClass: 39943K(40192K)->39943K(40192K) Class: 2805K(2944K)->2805K(2944K)
[324.563s][info][gc          ] GC(625) Pause Young (Mixed) (G1 Evacuation Pause) 284M->94M(353M) 12.873ms
[324.563s][info][gc,cpu      ] GC(625) User=0.03s Sys=0.00s Real=0.02s
[324.723s][info][gc,start    ] GC(626) Pause Young (Concurrent Start) (G1 Humongous Allocation)
[324.724s][info][gc,task     ] GC(626) Using 2 workers of 2 for evacuation
[324.748s][info][gc,phases   ] GC(626)   Pre Evacuate Collection Set: 0.20ms
[324.748s][info][gc,phases   ] GC(626)   Merge Heap Roots: 0.05ms
[324.748s][info][gc,phases   ] GC(626)   Evacuate Collection Set: 23.81ms
[324.748s][info][gc,phases   ] GC(626)   Post Evacuate Collection Set: 0.42ms
[324.748s][info][gc,phases   ] GC(626)   Other: 0.10ms
[324.748s][info][gc,heap     ] GC(626) Eden regions: 49->0(116)
[324.748s][info][gc,heap     ] GC(626) Survivor regions: 15->27(27)
[324.748s][info][gc,heap     ] GC(626) Old regions: 77->91
[324.748s][info][gc,heap     ] GC(626) Humongous regions: 3->3
[324.748s][info][gc,metaspace] GC(626) Metaspace: 42749K(43136K)->42749K(43136K) NonClass: 39943K(40192K)->39943K(40192K) Class: 2805K(2944K)->2805K(2944K)
[324.748s][info][gc          ] GC(626) Pause Young (Concurrent Start) (G1 Humongous Allocation) 142M->121M(353M) 24.827ms
[324.748s][info][gc,cpu      ] GC(626) User=0.05s Sys=0.00s Real=0.02s
[324.748s][info][gc          ] GC(627) Concurrent Mark Cycle
[324.748s][info][gc,marking  ] GC(627) Concurrent Scan Root Regions
[324.763s][info][gc,marking  ] GC(627) Concurrent Scan Root Regions 14.861ms
[324.763s][info][gc,marking  ] GC(627) Concurrent Mark
[324.763s][info][gc,marking  ] GC(627) Concurrent Mark From Roots
[324.763s][info][gc,task     ] GC(627) Using 1 workers of 1 for marking
[324.832s][info][gc,marking  ] GC(627) Concurrent Mark From Roots 68.704ms
[324.832s][info][gc,marking  ] GC(627) Concurrent Preclean
[324.832s][info][gc,marking  ] GC(627) Concurrent Preclean 0.038ms
[324.832s][info][gc,start    ] GC(627) Pause Remark
[324.845s][info][gc          ] GC(627) Pause Remark 140M->134M(353M) 12.790ms
[324.845s][info][gc,cpu      ] GC(627) User=0.03s Sys=0.00s Real=0.01s
[324.845s][info][gc,marking  ] GC(627) Concurrent Mark 81.802ms
[324.845s][info][gc,marking  ] GC(627) Concurrent Rebuild Remembered Sets and Scrub Regions
[324.883s][info][gc,marking  ] GC(627) Concurrent Rebuild Remembered Sets and Scrub Regions 37.806ms
[324.883s][info][gc,start    ] GC(627) Pause Cleanup
[324.883s][info][gc          ] GC(627) Pause Cleanup 139M->139M(353M) 0.045ms
[324.883s][info][gc,cpu      ] GC(627) User=0.00s Sys=0.00s Real=0.00s
[324.883s][info][gc,marking  ] GC(627) Concurrent Clear Claimed Marks
[324.883s][info][gc,marking  ] GC(627) Concurrent Clear Claimed Marks 0.033ms
[324.883s][info][gc,marking  ] GC(627) Concurrent Cleanup for Next Mark
[324.884s][info][gc,marking  ] GC(627) Concurrent Cleanup for Next Mark 1.032ms
[324.884s][info][gc          ] GC(627) Concurrent Mark Cycle 135.838ms
[325.196s][info][gc,start    ] GC(628) Pause Young (Prepare Mixed) (G1 Evacuation Pause)
[325.196s][info][gc,task     ] GC(628) Using 2 workers of 2 for evacuation
[325.230s][info][gc,phases   ] GC(628)   Pre Evacuate Collection Set: 0.22ms
[325.230s][info][gc,phases   ] GC(628)   Merge Heap Roots: 0.19ms
[325.230s][info][gc,phases   ] GC(628)   Evacuate Collection Set: 33.79ms
[325.230s][info][gc,phases   ] GC(628)   Post Evacuate Collection Set: 0.41ms
[325.231s][info][gc,phases   ] GC(628)   Other: 0.07ms
[325.231s][info][gc,heap     ] GC(628) Eden regions: 116->0(109)
[325.231s][info][gc,heap     ] GC(628) Survivor regions: 27->18(18)
[325.231s][info][gc,heap     ] GC(628) Old regions: 85->121
[325.231s][info][gc,heap     ] GC(628) Humongous regions: 4->4
[325.231s][info][gc,metaspace] GC(628) Metaspace: 42749K(43136K)->42749K(43136K) NonClass: 39943K(40192K)->39943K(40192K) Class: 2805K(2944K)->2805K(2944K)
[325.231s][info][gc          ] GC(628) Pause Young (Prepare Mixed) (G1 Evacuation Pause) 232M->142M(353M) 34.878ms
[325.231s][info][gc,cpu      ] GC(628) User=0.07s Sys=0.00s Real=0.03s
[325.592s][info][gc,start    ] GC(629) Pause Young (Mixed) (G1 Evacuation Pause)
[325.592s][info][gc,task     ] GC(629) Using 2 workers of 2 for evacuation
[325.635s][info][gc,phases   ] GC(629)   Pre Evacuate Collection Set: 0.23ms
[325.635s][info][gc,phases   ] GC(629)   Merge Heap Roots: 0.10ms
[325.635s][info][gc,phases   ] GC(629)   Evacuate Collection Set: 42.20ms
[325.635s][info][gc,phases   ] GC(629)   Post Evacuate Collection Set: 0.45ms
[325.635s][info][gc,phases   ] GC(629)   Other: 0.08ms
[325.635s][info][gc,heap     ] GC(629) Eden regions: 109->0(79)
[325.635s][info][gc,heap     ] GC(629) Survivor regions: 18->16(16)
[325.635s][info][gc,heap     ] GC(629) Old regions: 121->169
[325.635s][info][gc,heap     ] GC(629) Humongous regions: 4->4
[325.635s][info][gc,metaspace] GC(629) Metaspace: 42749K(43136K)->42749K(43136K) NonClass: 39943K(40192K)->39943K(40192K) Class: 2805K(2944K)->2805K(2944K)
[325.635s][info][gc          ] GC(629) Pause Young (Mixed) (G1 Evacuation Pause) 251M->188M(353M) 43.257ms
[325.635s][info][gc,cpu      ] GC(629) User=0.08s Sys=0.00s Real=0.05s
[325.726s][info][gc,start    ] GC(630) Pause Young (Concurrent Start) (G1 Humongous Allocation)
[325.726s][info][gc,task     ] GC(630) Using 2 workers of 2 for evacuation
[325.751s][info][gc,phases   ] GC(630)   Pre Evacuate Collection Set: 0.23ms
[325.751s][info][gc,phases   ] GC(630)   Merge Heap Roots: 0.17ms
[325.751s][info][gc,phases   ] GC(630)   Evacuate Collection Set: 24.51ms
[325.751s][info][gc,phases   ] GC(630)   Post Evacuate Collection Set: 0.34ms
[325.751s][info][gc,phases   ] GC(630)   Other: 0.08ms
[325.751s][info][gc,heap     ] GC(630) Eden regions: 29->0(61)
[325.751s][info][gc,heap     ] GC(630) Survivor regions: 16->12(12)
[325.751s][info][gc,heap     ] GC(630) Old regions: 169->191
[325.751s][info][gc,heap     ] GC(630) Humongous regions: 4->4
[325.751s][info][gc,metaspace] GC(630) Metaspace: 42749K(43136K)->42749K(43136K) NonClass: 39943K(40192K)->39943K(40192K) Class: 2805K(2944K)->2805K(2944K)
[325.751s][info][gc          ] GC(630) Pause Young (Concurrent Start) (G1 Humongous Allocation) 217M->206M(353M) 25.525ms
[325.751s][info][gc,cpu      ] GC(630) User=0.05s Sys=0.00s Real=0.02s
[325.751s][info][gc          ] GC(631) Concurrent Mark Cycle
[325.751s][info][gc,marking  ] GC(631) Concurrent Scan Root Regions
[325.764s][info][gc,marking  ] GC(631) Concurrent Scan Root Regions 12.707ms
[325.764s][info][gc,marking  ] GC(631) Concurrent Mark
[325.764s][info][gc,marking  ] GC(631) Concurrent Mark From Roots
[325.764s][info][gc,task     ] GC(631) Using 1 workers of 1 for marking
[325.889s][info][gc,marking  ] GC(631) Concurrent Mark From Roots 125.185ms
[325.889s][info][gc,marking  ] GC(631) Concurrent Preclean
[325.889s][info][gc,marking  ] GC(631) Concurrent Preclean 0.045ms
[325.889s][info][gc,start    ] GC(631) Pause Remark
[325.902s][info][gc          ] GC(631) Pause Remark 240M->216M(353M) 12.517ms
[325.902s][info][gc,cpu      ] GC(631) User=0.02s Sys=0.00s Real=0.02s
[325.902s][info][gc,marking  ] GC(631) Concurrent Mark 138.041ms
[325.902s][info][gc,marking  ] GC(631) Concurrent Rebuild Remembered Sets and Scrub Regions
[325.967s][info][gc,marking  ] GC(631) Concurrent Rebuild Remembered Sets and Scrub Regions 64.748ms
[325.967s][info][gc,start    ] GC(631) Pause Cleanup
[325.967s][info][gc          ] GC(631) Pause Cleanup 231M->231M(353M) 0.071ms
[325.967s][info][gc,cpu      ] GC(631) User=0.00s Sys=0.00s Real=0.00s
[325.967s][info][gc,marking  ] GC(631) Concurrent Clear Claimed Marks
[325.967s][info][gc,marking  ] GC(631) Concurrent Clear Claimed Marks 0.036ms
[325.967s][info][gc,marking  ] GC(631) Concurrent Cleanup for Next Mark
[325.968s][info][gc,marking  ] GC(631) Concurrent Cleanup for Next Mark 1.018ms
[325.968s][info][gc          ] GC(631) Concurrent Mark Cycle 216.915ms
[326.023s][info][gc,start    ] GC(632) Pause Young (Prepare Mixed) (G1 Evacuation Pause)
[326.023s][info][gc,task     ] GC(632) Using 2 workers of 2 for evacuation
[326.055s][info][gc,phases   ] GC(632)   Pre Evacuate Collection Set: 0.18ms
[326.055s][info][gc,phases   ] GC(632)   Merge Heap Roots: 0.24ms
[326.055s][info][gc,phases   ] GC(632)   Evacuate Collection Set: 30.21ms
[326.055s][info][gc,phases   ] GC(632)   Post Evacuate Collection Set: 0.57ms
[326.055s][info][gc,phases   ] GC(632)   Other: 0.08ms
[326.055s][info][gc,heap     ] GC(632) Eden regions: 61->0(69)
[326.055s][info][gc,heap     ] GC(632) Survivor regions: 12->10(10)
[326.055s][info][gc,heap     ] GC(632) Old regions: 168->201
[326.055s][info][gc,heap     ] GC(632) Humongous regions: 4->4
[326.055s][info][gc,metaspace] GC(632) Metaspace: 42749K(43136K)->42749K(43136K) NonClass: 39943K(40192K)->39943K(40192K) Class: 2805K(2944K)->2805K(2944K)
[326.055s][info][gc          ] GC(632) Pause Young (Prepare Mixed) (G1 Evacuation Pause) 244M->215M(378M) 31.466ms
[326.055s][info][gc,cpu      ] GC(632) User=0.06s Sys=0.00s Real=0.03s
[326.327s][info][gc,start    ] GC(633) Pause Young (Mixed) (G1 Evacuation Pause)
[326.327s][info][gc,task     ] GC(633) Using 2 workers of 2 for evacuation
[326.374s][info][gc,phases   ] GC(633)   Pre Evacuate Collection Set: 0.23ms
[326.374s][info][gc,phases   ] GC(633)   Merge Heap Roots: 0.33ms
[326.374s][info][gc,phases   ] GC(633)   Evacuate Collection Set: 45.75ms
[326.374s][info][gc,phases   ] GC(633)   Post Evacuate Collection Set: 0.41ms
[326.374s][info][gc,phases   ] GC(633)   Other: 0.07ms
[326.374s][info][gc,heap     ] GC(633) Eden regions: 69->0(58)
[326.374s][info][gc,heap     ] GC(633) Survivor regions: 10->10(10)
[326.374s][info][gc,heap     ] GC(633) Old regions: 201->217
[326.374s][info][gc,heap     ] GC(633) Humongous regions: 4->4
[326.374s][info][gc,metaspace] GC(633) Metaspace: 42749K(43136K)->42749K(43136K) NonClass: 39943K(40192K)->39943K(40192K) Class: 2805K(2944K)->2805K(2944K)
[326.374s][info][gc          ] GC(633) Pause Young (Mixed) (G1 Evacuation Pause) 284M->230M(378M) 47.010ms
[326.374s][info][gc,cpu      ] GC(633) User=0.09s Sys=0.00s Real=0.05s
[326.409s][info][gc,start    ] GC(634) Pause Young (Concurrent Start) (G1 Humongous Allocation)
[326.409s][info][gc,task     ] GC(634) Using 2 workers of 2 for evacuation
[326.423s][info][gc,phases   ] GC(634)   Pre Evacuate Collection Set: 0.22ms
[326.423s][info][gc,phases   ] GC(634)   Merge Heap Roots: 0.16ms
[326.423s][info][gc,phases   ] GC(634)   Evacuate Collection Set: 13.27ms
[326.423s][info][gc,phases   ] GC(634)   Post Evacuate Collection Set: 0.28ms
[326.423s][info][gc,phases   ] GC(634)   Other: 0.08ms
[326.423s][info][gc,heap     ] GC(634) Eden regions: 11->0(53)
[326.423s][info][gc,heap     ] GC(634) Survivor regions: 10->7(9)
[326.423s][info][gc,heap     ] GC(634) Old regions: 217->227
[326.423s][info][gc,heap     ] GC(634) Humongous regions: 4->4
[326.423s][info][gc,metaspace] GC(634) Metaspace: 42749K(43136K)->42749K(43136K) NonClass: 39943K(40192K)->39943K(40192K) Class: 2805K(2944K)->2805K(2944K)
[326.423s][info][gc          ] GC(634) Pause Young (Concurrent Start) (G1 Humongous Allocation) 241M->238M(378M) 14.169ms
[326.423s][info][gc          ] GC(635) Concurrent Mark Cycle
[326.423s][info][gc,marking  ] GC(635) Concurrent Scan Root Regions
[326.425s][info][gc,cpu      ] GC(634) User=0.03s Sys=0.00s Real=0.02s
[326.428s][info][gc,marking  ] GC(635) Concurrent Scan Root Regions 5.753ms
[326.429s][info][gc,marking  ] GC(635) Concurrent Mark
[326.429s][info][gc,marking  ] GC(635) Concurrent Mark From Roots
[326.429s][info][gc,task     ] GC(635) Using 1 workers of 1 for marking
[326.602s][info][gc,marking  ] GC(635) Concurrent Mark From Roots 173.927ms
[326.602s][info][gc,marking  ] GC(635) Concurrent Preclean
[326.603s][info][gc,marking  ] GC(635) Concurrent Preclean 0.042ms
[326.603s][info][gc,start    ] GC(635) Pause Remark
[326.616s][info][gc          ] GC(635) Pause Remark 279M->275M(392M) 12.924ms
[326.616s][info][gc,cpu      ] GC(635) User=0.02s Sys=0.00s Real=0.01s
[326.616s][info][gc,marking  ] GC(635) Concurrent Mark 187.174ms
[326.616s][info][gc,marking  ] GC(635) Concurrent Rebuild Remembered Sets and Scrub Regions
[326.689s][info][gc,start    ] GC(636) Pause Young (Normal) (G1 Evacuation Pause)
[326.689s][info][gc,task     ] GC(636) Using 2 workers of 2 for evacuation
[326.716s][info][gc,phases   ] GC(636)   Pre Evacuate Collection Set: 0.18ms
[326.716s][info][gc,phases   ] GC(636)   Merge Heap Roots: 0.24ms
[326.716s][info][gc,phases   ] GC(636)   Evacuate Collection Set: 26.82ms
[326.716s][info][gc,phases   ] GC(636)   Post Evacuate Collection Set: 0.33ms
[326.716s][info][gc,phases   ] GC(636)   Other: 0.08ms
[326.716s][info][gc,heap     ] GC(636) Eden regions: 53->0(51)
[326.716s][info][gc,heap     ] GC(636) Survivor regions: 7->8(8)
[326.716s][info][gc,heap     ] GC(636) Old regions: 223->249
[326.716s][info][gc,heap     ] GC(636) Humongous regions: 5->5
[326.716s][info][gc,metaspace] GC(636) Metaspace: 42749K(43136K)->42749K(43136K) NonClass: 39943K(40192K)->39943K(40192K) Class: 2805K(2944K)->2805K(2944K)
[326.717s][info][gc          ] GC(636) Pause Young (Normal) (G1 Evacuation Pause) 288M->261M(392M) 27.851ms
[326.717s][info][gc,cpu      ] GC(636) User=0.06s Sys=0.00s Real=0.03s
[326.728s][info][gc,marking  ] GC(635) Concurrent Rebuild Remembered Sets and Scrub Regions 111.882ms
[326.728s][info][gc,start    ] GC(635) Pause Cleanup
[326.728s][info][gc          ] GC(635) Pause Cleanup 264M->264M(392M) 0.075ms
[326.728s][info][gc,cpu      ] GC(635) User=0.00s Sys=0.00s Real=0.00s
[326.728s][info][gc,marking  ] GC(635) Concurrent Clear Claimed Marks
[326.728s][info][gc,marking  ] GC(635) Concurrent Clear Claimed Marks 0.037ms
[326.728s][info][gc,marking  ] GC(635) Concurrent Cleanup for Next Mark
[326.730s][info][gc,marking  ] GC(635) Concurrent Cleanup for Next Mark 1.564ms
[326.730s][info][gc          ] GC(635) Concurrent Mark Cycle 307.105ms
[326.893s][info][gc,start    ] GC(637) Pause Young (Prepare Mixed) (G1 Evacuation Pause)
[326.893s][info][gc,task     ] GC(637) Using 2 workers of 2 for evacuation
[326.926s][info][gc,phases   ] GC(637)   Pre Evacuate Collection Set: 0.27ms
[326.926s][info][gc,phases   ] GC(637)   Merge Heap Roots: 0.13ms
[326.926s][info][gc,phases   ] GC(637)   Evacuate Collection Set: 31.82ms
[326.926s][info][gc,phases   ] GC(637)   Post Evacuate Collection Set: 0.37ms
[326.926s][info][gc,phases   ] GC(637)   Other: 0.07ms
[326.926s][info][gc,heap     ] GC(637) Eden regions: 51->0(34)
[326.926s][info][gc,heap     ] GC(637) Survivor regions: 8->8(8)
[326.926s][info][gc,heap     ] GC(637) Old regions: 249->290
[326.926s][info][gc,heap     ] GC(637) Humongous regions: 5->5
[326.926s][info][gc,metaspace] GC(637) Metaspace: 42749K(43136K)->42749K(43136K) NonClass: 39943K(40192K)->39943K(40192K) Class: 2805K(2944K)->2805K(2944K)
[326.926s][info][gc          ] GC(637) Pause Young (Prepare Mixed) (G1 Evacuation Pause) 312M->302M(392M) 32.911ms
[326.926s][info][gc,cpu      ] GC(637) User=0.06s Sys=0.00s Real=0.03s
[327.037s][info][gc,start    ] GC(638) Pause Young (Mixed) (G1 Evacuation Pause)
[327.037s][info][gc,task     ] GC(638) Using 2 workers of 2 for evacuation
[327.066s][info][gc,phases   ] GC(638)   Pre Evacuate Collection Set: 0.28ms
[327.066s][info][gc,phases   ] GC(638)   Merge Heap Roots: 0.25ms
[327.066s][info][gc,phases   ] GC(638)   Evacuate Collection Set: 26.58ms
[327.066s][info][gc,phases   ] GC(638)   Post Evacuate Collection Set: 1.35ms
[327.066s][info][gc,phases   ] GC(638)   Other: 0.09ms
[327.066s][info][gc,heap     ] GC(638) Eden regions: 34->0(89)
[327.066s][info][gc,heap     ] GC(638) Survivor regions: 8->6(6)
[327.066s][info][gc,heap     ] GC(638) Old regions: 290->276
[327.066s][info][gc,heap     ] GC(638) Humongous regions: 5->5
[327.066s][info][gc,metaspace] GC(638) Metaspace: 42749K(43136K)->42749K(43136K) NonClass: 39943K(40192K)->39943K(40192K) Class: 2805K(2944K)->2805K(2944K)
[327.066s][info][gc          ] GC(638) Pause Young (Mixed) (G1 Evacuation Pause) 336M->286M(515M) 28.798ms
[327.066s][info][gc,cpu      ] GC(638) User=0.05s Sys=0.00s Real=0.03s
[327.498s][info][gc,start    ] GC(639) Pause Young (Mixed) (G1 Evacuation Pause)
[327.498s][info][gc,task     ] GC(639) Using 2 workers of 2 for evacuation
[327.552s][info][gc,phases   ] GC(639)   Pre Evacuate Collection Set: 0.26ms
[327.552s][info][gc,phases   ] GC(639)   Merge Heap Roots: 0.40ms
[327.552s][info][gc,phases   ] GC(639)   Evacuate Collection Set: 53.27ms
[327.552s][info][gc,phases   ] GC(639)   Post Evacuate Collection Set: 0.51ms
[327.552s][info][gc,phases   ] GC(639)   Other: 0.07ms
[327.552s][info][gc,heap     ] GC(639) Eden regions: 89->0(80)
[327.552s][info][gc,heap     ] GC(639) Survivor regions: 6->12(12)
[327.552s][info][gc,heap     ] GC(639) Old regions: 276->299
[327.552s][info][gc,heap     ] GC(639) Humongous regions: 6->6
[327.552s][info][gc,metaspace] GC(639) Metaspace: 42749K(43136K)->42749K(43136K) NonClass: 39943K(40192K)->39943K(40192K) Class: 2805K(2944K)->2805K(2944K)
[327.552s][info][gc          ] GC(639) Pause Young (Mixed) (G1 Evacuation Pause) 376M->317M(515M) 54.738ms
[327.552s][info][gc,cpu      ] GC(639) User=0.10s Sys=0.01s Real=0.06s
[327.693s][info][gc,start    ] GC(640) Pause Young (Concurrent Start) (G1 Humongous Allocation)
[327.694s][info][gc,task     ] GC(640) Using 2 workers of 2 for evacuation
[327.727s][info][gc,phases   ] GC(640)   Pre Evacuate Collection Set: 0.29ms
[327.727s][info][gc,phases   ] GC(640)   Merge Heap Roots: 0.32ms
[327.728s][info][gc,phases   ] GC(640)   Evacuate Collection Set: 32.82ms
[327.728s][info][gc,phases   ] GC(640)   Post Evacuate Collection Set: 0.35ms
[327.728s][info][gc,phases   ] GC(640)   Other: 0.10ms
[327.728s][info][gc,heap     ] GC(640) Eden regions: 43->0(70)
[327.728s][info][gc,heap     ] GC(640) Survivor regions: 12->12(12)
[327.728s][info][gc,heap     ] GC(640) Old regions: 299->326
[327.728s][info][gc,heap     ] GC(640) Humongous regions: 6->6
[327.728s][info][gc,metaspace] GC(640) Metaspace: 42749K(43136K)->42749K(43136K) NonClass: 39943K(40192K)->39943K(40192K) Class: 2805K(2944K)->2805K(2944K)
[327.728s][info][gc          ] GC(640) Pause Young (Concurrent Start) (G1 Humongous Allocation) 359M->343M(515M) 34.130ms
[327.728s][info][gc,cpu      ] GC(640) User=0.06s Sys=0.00s Real=0.03s
[327.728s][info][gc          ] GC(641) Concurrent Mark Cycle
[327.728s][info][gc,marking  ] GC(641) Concurrent Scan Root Regions
[327.741s][info][gc,marking  ] GC(641) Concurrent Scan Root Regions 13.801ms
[327.742s][info][gc,marking  ] GC(641) Concurrent Mark
[327.742s][info][gc,marking  ] GC(641) Concurrent Mark From Roots
[327.742s][info][gc,task     ] GC(641) Using 1 workers of 1 for marking
[327.904s][info][gc,marking  ] GC(641) Concurrent Mark From Roots 161.977ms
[327.904s][info][gc,marking  ] GC(641) Concurrent Preclean
[327.904s][info][gc,marking  ] GC(641) Concurrent Preclean 0.048ms
[327.904s][info][gc,start    ] GC(641) Pause Remark
[327.928s][info][gc          ] GC(641) Pause Remark 378M->313M(515M) 24.223ms
[327.928s][info][gc,cpu      ] GC(641) User=0.05s Sys=0.00s Real=0.02s
[327.928s][info][gc,marking  ] GC(641) Concurrent Mark 186.550ms
[327.928s][info][gc,marking  ] GC(641) Concurrent Rebuild Remembered Sets and Scrub Regions
[328.008s][info][gc,marking  ] GC(641) Concurrent Rebuild Remembered Sets and Scrub Regions 80.369ms
[328.009s][info][gc,start    ] GC(641) Pause Cleanup
[328.009s][info][gc          ] GC(641) Pause Cleanup 321M->321M(515M) 0.104ms
[328.009s][info][gc,cpu      ] GC(641) User=0.00s Sys=0.00s Real=0.00s
[328.009s][info][gc,marking  ] GC(641) Concurrent Clear Claimed Marks
[328.009s][info][gc,marking  ] GC(641) Concurrent Clear Claimed Marks 0.037ms
[328.009s][info][gc,marking  ] GC(641) Concurrent Cleanup for Next Mark
[328.016s][info][gc,marking  ] GC(641) Concurrent Cleanup for Next Mark 7.039ms
[328.016s][info][gc          ] GC(641) Concurrent Mark Cycle 288.257ms
[328.117s][info][gc,start    ] GC(642) Pause Young (Prepare Mixed) (G1 Evacuation Pause)
[328.117s][info][gc,task     ] GC(642) Using 2 workers of 2 for evacuation
[328.134s][info][gc,phases   ] GC(642)   Pre Evacuate Collection Set: 0.32ms
[328.134s][info][gc,phases   ] GC(642)   Merge Heap Roots: 0.23ms
[328.134s][info][gc,phases   ] GC(642)   Evacuate Collection Set: 15.76ms
[328.134s][info][gc,phases   ] GC(642)   Post Evacuate Collection Set: 0.41ms
[328.134s][info][gc,phases   ] GC(642)   Other: 0.07ms
[328.134s][info][gc,heap     ] GC(642) Eden regions: 70->0(99)
[328.134s][info][gc,heap     ] GC(642) Survivor regions: 12->10(11)
[328.134s][info][gc,heap     ] GC(642) Old regions: 263->273
[328.134s][info][gc,heap     ] GC(642) Humongous regions: 5->5
[328.134s][info][gc,metaspace] GC(642) Metaspace: 42749K(43136K)->42749K(43136K) NonClass: 39943K(40192K)->39943K(40192K) Class: 2805K(2944K)->2805K(2944K)
[328.134s][info][gc          ] GC(642) Pause Young (Prepare Mixed) (G1 Evacuation Pause) 349M->287M(515M) 16.986ms
[328.134s][info][gc,cpu      ] GC(642) User=0.03s Sys=0.00s Real=0.02s
[328.473s][info][gc,start    ] GC(643) Pause Young (Mixed) (G1 Evacuation Pause)
[328.473s][info][gc,task     ] GC(643) Using 2 workers of 2 for evacuation
[328.486s][info][gc,phases   ] GC(643)   Pre Evacuate Collection Set: 0.26ms
[328.486s][info][gc,phases   ] GC(643)   Merge Heap Roots: 0.16ms
[328.486s][info][gc,phases   ] GC(643)   Evacuate Collection Set: 11.67ms
[328.486s][info][gc,phases   ] GC(643)   Post Evacuate Collection Set: 0.41ms
[328.486s][info][gc,phases   ] GC(643)   Other: 0.08ms
[328.486s][info][gc,heap     ] GC(643) Eden regions: 99->0(128)
[328.486s][info][gc,heap     ] GC(643) Survivor regions: 10->6(14)
[328.486s][info][gc,heap     ] GC(643) Old regions: 273->227
[328.486s][info][gc,heap     ] GC(643) Humongous regions: 5->5
[328.486s][info][gc,metaspace] GC(643) Metaspace: 42749K(43136K)->42749K(43136K) NonClass: 39943K(40192K)->39943K(40192K) Class: 2805K(2944K)->2805K(2944K)
[328.486s][info][gc          ] GC(643) Pause Young (Mixed) (G1 Evacuation Pause) 386M->237M(515M) 12.786ms
[328.486s][info][gc,cpu      ] GC(643) User=0.02s Sys=0.00s Real=0.01s
[328.961s][info][gc,start    ] GC(644) Pause Young (Mixed) (G1 Evacuation Pause)
[328.961s][info][gc,task     ] GC(644) Using 2 workers of 2 for evacuation
[328.980s][info][gc,phases   ] GC(644)   Pre Evacuate Collection Set: 0.33ms
[328.980s][info][gc,phases   ] GC(644)   Merge Heap Roots: 0.28ms
[328.980s][info][gc,phases   ] GC(644)   Evacuate Collection Set: 18.33ms
[328.980s][info][gc,phases   ] GC(644)   Post Evacuate Collection Set: 0.49ms
[328.980s][info][gc,phases   ] GC(644)   Other: 0.10ms
[328.980s][info][gc,heap     ] GC(644) Eden regions: 128->0(153)
[328.980s][info][gc,heap     ] GC(644) Survivor regions: 6->14(17)
[328.980s][info][gc,heap     ] GC(644) Old regions: 227->178
[328.980s][info][gc,heap     ] GC(644) Humongous regions: 6->6
[328.980s][info][gc,metaspace] GC(644) Metaspace: 42749K(43136K)->42749K(43136K) NonClass: 39943K(40192K)->39943K(40192K) Class: 2805K(2944K)->2805K(2944K)
[328.981s][info][gc          ] GC(644) Pause Young (Mixed) (G1 Evacuation Pause) 366M->197M(515M) 19.704ms
[328.981s][info][gc,cpu      ] GC(644) User=0.04s Sys=0.00s Real=0.02s
[329.518s][info][gc,start    ] GC(645) Pause Young (Mixed) (G1 Evacuation Pause)
[329.518s][info][gc,task     ] GC(645) Using 2 workers of 2 for evacuation
[329.530s][info][gc,phases   ] GC(645)   Pre Evacuate Collection Set: 0.33ms
[329.530s][info][gc,phases   ] GC(645)   Merge Heap Roots: 0.36ms
[329.530s][info][gc,phases   ] GC(645)   Evacuate Collection Set: 11.04ms
[329.530s][info][gc,phases   ] GC(645)   Post Evacuate Collection Set: 0.42ms
[329.530s][info][gc,phases   ] GC(645)   Other: 0.08ms
[329.530s][info][gc,heap     ] GC(645) Eden regions: 153->0(174)
[329.530s][info][gc,heap     ] GC(645) Survivor regions: 14->3(21)
[329.530s][info][gc,heap     ] GC(645) Old regions: 178->171
[329.530s][info][gc,heap     ] GC(645) Humongous regions: 7->5
[329.530s][info][gc,metaspace] GC(645) Metaspace: 42749K(43136K)->42749K(43136K) NonClass: 39943K(40192K)->39943K(40192K) Class: 2805K(2944K)->2805K(2944K)
[329.530s][info][gc          ] GC(645) Pause Young (Mixed) (G1 Evacuation Pause) 351M->178M(515M) 12.457ms
[329.530s][info][gc,cpu      ] GC(645) User=0.02s Sys=0.00s Real=0.01s
[330.088s][info][gc,start    ] GC(646) Pause Young (Normal) (G1 Evacuation Pause)
[330.088s][info][gc,task     ] GC(646) Using 2 workers of 2 for evacuation
[330.097s][info][gc,phases   ] GC(646)   Pre Evacuate Collection Set: 0.23ms
[330.097s][info][gc,phases   ] GC(646)   Merge Heap Roots: 0.07ms
[330.097s][info][gc,phases   ] GC(646)   Evacuate Collection Set: 7.75ms
[330.097s][info][gc,phases   ] GC(646)   Post Evacuate Collection Set: 0.46ms
[330.097s][info][gc,phases   ] GC(646)   Other: 0.08ms
[330.097s][info][gc,heap     ] GC(646) Eden regions: 174->0(180)
[330.097s][info][gc,heap     ] GC(646) Survivor regions: 3->15(23)
[330.097s][info][gc,heap     ] GC(646) Old regions: 171->171
[330.097s][info][gc,heap     ] GC(646) Humongous regions: 7->5
[330.097s][info][gc,metaspace] GC(646) Metaspace: 42749K(43136K)->42749K(43136K) NonClass: 39943K(40192K)->39943K(40192K) Class: 2805K(2944K)->2805K(2944K)
[330.097s][info][gc          ] GC(646) Pause Young (Normal) (G1 Evacuation Pause) 354M->190M(515M) 8.803ms
[330.097s][info][gc,cpu      ] GC(646) User=0.02s Sys=0.00s Real=0.01s
[330.372s][info][gc,start    ] GC(647) Pause Young (Concurrent Start) (G1 Humongous Allocation)
[330.372s][info][gc,task     ] GC(647) Using 2 workers of 2 for evacuation
[330.398s][info][gc,phases   ] GC(647)   Pre Evacuate Collection Set: 0.25ms
[330.398s][info][gc,phases   ] GC(647)   Merge Heap Roots: 0.05ms
[330.398s][info][gc,phases   ] GC(647)   Evacuate Collection Set: 24.47ms
[330.398s][info][gc,phases   ] GC(647)   Post Evacuate Collection Set: 0.39ms
[330.398s][info][gc,phases   ] GC(647)   Other: 0.10ms
[330.398s][info][gc,heap     ] GC(647) Eden regions: 83->0(166)
[330.398s][info][gc,heap     ] GC(647) Survivor regions: 15->25(25)
[330.398s][info][gc,heap     ] GC(647) Old regions: 171->188
[330.398s][info][gc,heap     ] GC(647) Humongous regions: 5->5
[330.398s][info][gc,metaspace] GC(647) Metaspace: 42749K(43136K)->42749K(43136K) NonClass: 39943K(40192K)->39943K(40192K) Class: 2805K(2944K)->2805K(2944K)
[330.398s][info][gc          ] GC(647) Pause Young (Concurrent Start) (G1 Humongous Allocation) 273M->217M(515M) 25.448ms
[330.398s][info][gc          ] GC(648) Concurrent Mark Cycle
[330.398s][info][gc,marking  ] GC(648) Concurrent Scan Root Regions
[330.400s][info][gc,cpu      ] GC(647) User=0.05s Sys=0.00s Real=0.02s
[330.414s][info][gc,marking  ] GC(648) Concurrent Scan Root Regions 15.774ms
[330.414s][info][gc,marking  ] GC(648) Concurrent Mark
[330.414s][info][gc,marking  ] GC(648) Concurrent Mark From Roots
[330.414s][info][gc,task     ] GC(648) Using 1 workers of 1 for marking
[330.486s][info][gc,marking  ] GC(648) Concurrent Mark From Roots 71.793ms
[330.486s][info][gc,marking  ] GC(648) Concurrent Preclean
[330.486s][info][gc,marking  ] GC(648) Concurrent Preclean 0.041ms
[330.486s][info][gc,start    ] GC(648) Pause Remark
[330.498s][info][gc          ] GC(648) Pause Remark 240M->159M(460M) 12.678ms
[330.498s][info][gc,cpu      ] GC(648) User=0.02s Sys=0.00s Real=0.01s
[330.501s][info][gc,marking  ] GC(648) Concurrent Mark 87.264ms
[330.501s][info][gc,marking  ] GC(648) Concurrent Rebuild Remembered Sets and Scrub Regions
[330.541s][info][gc,marking  ] GC(648) Concurrent Rebuild Remembered Sets and Scrub Regions 40.367ms
[330.541s][info][gc,start    ] GC(648) Pause Cleanup
[330.542s][info][gc          ] GC(648) Pause Cleanup 169M->169M(460M) 0.054ms
[330.542s][info][gc,cpu      ] GC(648) User=0.00s Sys=0.00s Real=0.00s
[330.542s][info][gc,marking  ] GC(648) Concurrent Clear Claimed Marks
[330.542s][info][gc,marking  ] GC(648) Concurrent Clear Claimed Marks 0.037ms
[330.542s][info][gc,marking  ] GC(648) Concurrent Cleanup for Next Mark
[330.543s][info][gc,marking  ] GC(648) Concurrent Cleanup for Next Mark 1.329ms
[330.543s][info][gc          ] GC(648) Concurrent Mark Cycle 145.100ms
[330.991s][info][gc,start    ] GC(649) Pause Young (Prepare Mixed) (G1 Evacuation Pause)
[330.991s][info][gc,task     ] GC(649) Using 2 workers of 2 for evacuation
[331.032s][info][gc,phases   ] GC(649)   Pre Evacuate Collection Set: 0.26ms
[331.032s][info][gc,phases   ] GC(649)   Merge Heap Roots: 0.21ms
[331.032s][info][gc,phases   ] GC(649)   Evacuate Collection Set: 39.91ms
[331.032s][info][gc,phases   ] GC(649)   Post Evacuate Collection Set: 0.48ms
[331.032s][info][gc,phases   ] GC(649)   Other: 0.08ms
[331.032s][info][gc,heap     ] GC(649) Eden regions: 166->0(160)
[331.032s][info][gc,heap     ] GC(649) Survivor regions: 25->24(24)
[331.032s][info][gc,heap     ] GC(649) Old regions: 109->146
[331.032s][info][gc,heap     ] GC(649) Humongous regions: 5->4
[331.032s][info][gc,metaspace] GC(649) Metaspace: 42749K(43136K)->42749K(43136K) NonClass: 39943K(40192K)->39943K(40192K) Class: 2805K(2944K)->2805K(2944K)
[331.032s][info][gc          ] GC(649) Pause Young (Prepare Mixed) (G1 Evacuation Pause) 304M->173M(460M) 41.153ms
[331.032s][info][gc,cpu      ] GC(649) User=0.08s Sys=0.00s Real=0.05s
[331.560s][info][gc,start    ] GC(650) Pause Young (Mixed) (G1 Evacuation Pause)
[331.560s][info][gc,task     ] GC(650) Using 2 workers of 2 for evacuation
[331.613s][info][gc,phases   ] GC(650)   Pre Evacuate Collection Set: 0.25ms
[331.613s][info][gc,phases   ] GC(650)   Merge Heap Roots: 0.21ms
[331.613s][info][gc,phases   ] GC(650)   Evacuate Collection Set: 51.61ms
[331.613s][info][gc,phases   ] GC(650)   Post Evacuate Collection Set: 1.16ms
[331.613s][info][gc,phases   ] GC(650)   Other: 0.08ms
[331.613s][info][gc,heap     ] GC(650) Eden regions: 160->0(178)
[331.613s][info][gc,heap     ] GC(650) Survivor regions: 24->23(23)
[331.614s][info][gc,heap     ] GC(650) Old regions: 146->174
[331.614s][info][gc,heap     ] GC(650) Humongous regions: 6->6
[331.614s][info][gc,metaspace] GC(650) Metaspace: 42749K(43136K)->42749K(43136K) NonClass: 39943K(40192K)->39943K(40192K) Class: 2805K(2944K)->2805K(2944K)
[331.614s][info][gc          ] GC(650) Pause Young (Mixed) (G1 Evacuation Pause) 335M->202M(543M) 53.535ms
[331.614s][info][gc,cpu      ] GC(650) User=0.11s Sys=0.00s Real=0.06s
[331.829s][info][gc,start    ] GC(651) Pause Young (Concurrent Start) (G1 Humongous Allocation)
[331.829s][info][gc,task     ] GC(651) Using 2 workers of 2 for evacuation
[331.864s][info][gc,phases   ] GC(651)   Pre Evacuate Collection Set: 0.29ms
[331.864s][info][gc,phases   ] GC(651)   Merge Heap Roots: 0.19ms
[331.864s][info][gc,phases   ] GC(651)   Evacuate Collection Set: 34.57ms
[331.864s][info][gc,phases   ] GC(651)   Post Evacuate Collection Set: 0.40ms
[331.864s][info][gc,phases   ] GC(651)   Other: 0.10ms
[331.864s][info][gc,heap     ] GC(651) Eden regions: 56->0(175)
[331.864s][info][gc,heap     ] GC(651) Survivor regions: 23->22(26)
[331.864s][info][gc,heap     ] GC(651) Old regions: 174->189
[331.864s][info][gc,heap     ] GC(651) Humongous regions: 6->4
[331.864s][info][gc,metaspace] GC(651) Metaspace: 42749K(43136K)->42749K(43136K) NonClass: 39943K(40192K)->39943K(40192K) Class: 2805K(2944K)->2805K(2944K)
[331.864s][info][gc          ] GC(651) Pause Young (Concurrent Start) (G1 Humongous Allocation) 258M->213M(543M) 35.768ms
[331.864s][info][gc,cpu      ] GC(651) User=0.05s Sys=0.02s Real=0.04s
[331.864s][info][gc          ] GC(652) Concurrent Mark Cycle
[331.864s][info][gc,marking  ] GC(652) Concurrent Scan Root Regions
[331.894s][info][gc,marking  ] GC(652) Concurrent Scan Root Regions 29.598ms
[331.894s][info][gc,marking  ] GC(652) Concurrent Mark
[331.894s][info][gc,marking  ] GC(652) Concurrent Mark From Roots
[331.894s][info][gc,task     ] GC(652) Using 1 workers of 1 for marking
[332.044s][info][gc,marking  ] GC(652) Concurrent Mark From Roots 149.545ms
[332.044s][info][gc,marking  ] GC(652) Concurrent Preclean
[332.044s][info][gc,marking  ] GC(652) Concurrent Preclean 0.042ms
[332.044s][info][gc,start    ] GC(652) Pause Remark
[332.057s][info][gc          ] GC(652) Pause Remark 272M->230M(543M) 12.918ms
[332.057s][info][gc,cpu      ] GC(652) User=0.02s Sys=0.00s Real=0.01s
[332.057s][info][gc,marking  ] GC(652) Concurrent Mark 162.811ms
[332.057s][info][gc,marking  ] GC(652) Concurrent Rebuild Remembered Sets and Scrub Regions
[332.098s][info][gc,marking  ] GC(652) Concurrent Rebuild Remembered Sets and Scrub Regions 41.002ms
[332.098s][info][gc,start    ] GC(652) Pause Cleanup
[332.098s][info][gc          ] GC(652) Pause Cleanup 240M->240M(543M) 0.070ms
[332.098s][info][gc,cpu      ] GC(652) User=0.00s Sys=0.00s Real=0.00s
[332.098s][info][gc,marking  ] GC(652) Concurrent Clear Claimed Marks
[332.098s][info][gc,marking  ] GC(652) Concurrent Clear Claimed Marks 0.036ms
[332.098s][info][gc,marking  ] GC(652) Concurrent Cleanup for Next Mark
[332.101s][info][gc,marking  ] GC(652) Concurrent Cleanup for Next Mark 2.373ms
[332.101s][info][gc          ] GC(652) Concurrent Mark Cycle 236.272ms
[332.433s][info][gc,start    ] GC(653) Pause Young (Prepare Mixed) (G1 Evacuation Pause)
[332.433s][info][gc,task     ] GC(653) Using 2 workers of 2 for evacuation
[332.446s][info][gc,phases   ] GC(653)   Pre Evacuate Collection Set: 0.29ms
[332.446s][info][gc,phases   ] GC(653)   Merge Heap Roots: 0.10ms
[332.446s][info][gc,phases   ] GC(653)   Evacuate Collection Set: 12.00ms
[332.446s][info][gc,phases   ] GC(653)   Post Evacuate Collection Set: 0.44ms
[332.446s][info][gc,phases   ] GC(653)   Other: 0.08ms
[332.446s][info][gc,heap     ] GC(653) Eden regions: 175->0(210)
[332.446s][info][gc,heap     ] GC(653) Survivor regions: 22->2(25)
[332.446s][info][gc,heap     ] GC(653) Old regions: 148->169
[332.446s][info][gc,heap     ] GC(653) Humongous regions: 4->4
[332.446s][info][gc,metaspace] GC(653) Metaspace: 42749K(43136K)->42749K(43136K) NonClass: 39943K(40192K)->39943K(40192K) Class: 2805K(2944K)->2805K(2944K)
[332.446s][info][gc          ] GC(653) Pause Young (Prepare Mixed) (G1 Evacuation Pause) 348M->174M(543M) 13.112ms
[332.446s][info][gc,cpu      ] GC(653) User=0.03s Sys=0.00s Real=0.01s
[333.061s][info][gc,start    ] GC(654) Pause Young (Mixed) (G1 Evacuation Pause)
[333.061s][info][gc,task     ] GC(654) Using 2 workers of 2 for evacuation
[333.069s][info][gc,phases   ] GC(654)   Pre Evacuate Collection Set: 0.26ms
[333.069s][info][gc,phases   ] GC(654)   Merge Heap Roots: 0.16ms
[333.069s][info][gc,phases   ] GC(654)   Evacuate Collection Set: 6.42ms
[333.069s][info][gc,phases   ] GC(654)   Post Evacuate Collection Set: 0.49ms
[333.069s][info][gc,phases   ] GC(654)   Other: 0.07ms
[333.069s][info][gc,heap     ] GC(654) Eden regions: 210->0(251)
[333.069s][info][gc,heap     ] GC(654) Survivor regions: 2->3(27)
[333.069s][info][gc,heap     ] GC(654) Old regions: 169->119
[333.069s][info][gc,heap     ] GC(654) Humongous regions: 5->4
[333.069s][info][gc,metaspace] GC(654) Metaspace: 42749K(43136K)->42749K(43136K) NonClass: 39943K(40192K)->39943K(40192K) Class: 2805K(2944K)->2805K(2944K)
[333.069s][info][gc          ] GC(654) Pause Young (Mixed) (G1 Evacuation Pause) 385M->125M(543M) 7.580ms
[333.069s][info][gc,cpu      ] GC(654) User=0.01s Sys=0.00s Real=0.01s
[333.632s][info][gc,start    ] GC(655) Pause Young (Normal) (G1 Evacuation Pause)
[333.632s][info][gc,task     ] GC(655) Using 2 workers of 2 for evacuation
[333.637s][info][gc,phases   ] GC(655)   Pre Evacuate Collection Set: 0.26ms
[333.637s][info][gc,phases   ] GC(655)   Merge Heap Roots: 0.08ms
[333.637s][info][gc,phases   ] GC(655)   Evacuate Collection Set: 4.20ms
[333.637s][info][gc,phases   ] GC(655)   Post Evacuate Collection Set: 0.49ms
[333.637s][info][gc,phases   ] GC(655)   Other: 0.10ms
[333.637s][info][gc,heap     ] GC(655) Eden regions: 251->0(269)
[333.637s][info][gc,heap     ] GC(655) Survivor regions: 3->6(32)
[333.637s][info][gc,heap     ] GC(655) Old regions: 119->119
[333.637s][info][gc,heap     ] GC(655) Humongous regions: 4->2
[333.637s][info][gc,metaspace] GC(655) Metaspace: 42749K(43136K)->42749K(43136K) NonClass: 39943K(40192K)->39943K(40192K) Class: 2805K(2944K)->2805K(2944K)
[333.637s][info][gc          ] GC(655) Pause Young (Normal) (G1 Evacuation Pause) 376M->127M(543M) 5.305ms
[333.637s][info][gc,cpu      ] GC(655) User=0.00s Sys=0.00s Real=0.01s
[334.057s][info][gc,start    ] GC(656) Pause Young (Normal) (G1 Evacuation Pause)
[334.057s][info][gc,task     ] GC(656) Using 2 workers of 2 for evacuation
[334.062s][info][gc,phases   ] GC(656)   Pre Evacuate Collection Set: 0.23ms
[334.062s][info][gc,phases   ] GC(656)   Merge Heap Roots: 0.08ms
[334.062s][info][gc,phases   ] GC(656)   Evacuate Collection Set: 3.70ms
[334.062s][info][gc,phases   ] GC(656)   Post Evacuate Collection Set: 0.50ms
[334.062s][info][gc,phases   ] GC(656)   Other: 0.08ms
[334.062s][info][gc,heap     ] GC(656) Eden regions: 269->0(287)
[334.062s][info][gc,heap     ] GC(656) Survivor regions: 6->6(35)
[334.062s][info][gc,heap     ] GC(656) Old regions: 119->119
[334.062s][info][gc,heap     ] GC(656) Humongous regions: 2->2
[334.062s][info][gc,metaspace] GC(656) Metaspace: 42749K(43136K)->42749K(43136K) NonClass: 39943K(40192K)->39943K(40192K) Class: 2805K(2944K)->2805K(2944K)
[334.062s][info][gc          ] GC(656) Pause Young (Normal) (G1 Evacuation Pause) 396M->127M(543M) 4.753ms
[334.062s][info][gc,cpu      ] GC(656) User=0.01s Sys=0.00s Real=0.01s
[334.107s][info][gc,start    ] GC(657) Pause Young (Concurrent Start) (G1 Humongous Allocation)
[334.107s][info][gc,task     ] GC(657) Using 2 workers of 2 for evacuation
[334.111s][info][gc,phases   ] GC(657)   Pre Evacuate Collection Set: 0.25ms
[334.111s][info][gc,phases   ] GC(657)   Merge Heap Roots: 0.05ms
[334.111s][info][gc,phases   ] GC(657)   Evacuate Collection Set: 3.10ms
[334.111s][info][gc,phases   ] GC(657)   Post Evacuate Collection Set: 0.32ms
[334.111s][info][gc,phases   ] GC(657)   Other: 0.11ms
[334.111s][info][gc,heap     ] GC(657) Eden regions: 28->0(307)
[334.111s][info][gc,heap     ] GC(657) Survivor regions: 6->4(37)
[334.111s][info][gc,heap     ] GC(657) Old regions: 119->119
[334.111s][info][gc,heap     ] GC(657) Humongous regions: 2->2
[334.111s][info][gc,metaspace] GC(657) Metaspace: 42749K(43136K)->42749K(43136K) NonClass: 39943K(40192K)->39943K(40192K) Class: 2805K(2944K)->2805K(2944K)
[334.111s][info][gc          ] GC(657) Pause Young (Concurrent Start) (G1 Humongous Allocation) 155M->124M(543M) 4.013ms
[334.111s][info][gc,cpu      ] GC(657) User=0.00s Sys=0.00s Real=0.00s
[334.111s][info][gc          ] GC(658) Concurrent Mark Cycle
[334.112s][info][gc,marking  ] GC(658) Concurrent Scan Root Regions
[334.114s][info][gc,marking  ] GC(658) Concurrent Scan Root Regions 1.912ms
[334.114s][info][gc,marking  ] GC(658) Concurrent Mark
[334.114s][info][gc,marking  ] GC(658) Concurrent Mark From Roots
[334.114s][info][gc,task     ] GC(658) Using 1 workers of 1 for marking
[334.197s][info][gc,marking  ] GC(658) Concurrent Mark From Roots 83.365ms
[334.197s][info][gc,marking  ] GC(658) Concurrent Preclean
[334.197s][info][gc,marking  ] GC(658) Concurrent Preclean 0.037ms
[334.198s][info][gc,start    ] GC(658) Pause Remark
[334.214s][info][gc          ] GC(658) Pause Remark 150M->109M(287M) 15.953ms
[334.214s][info][gc,cpu      ] GC(658) User=0.04s Sys=0.00s Real=0.02s
[334.216s][info][gc,marking  ] GC(658) Concurrent Mark 102.363ms
[334.216s][info][gc,marking  ] GC(658) Concurrent Rebuild Remembered Sets and Scrub Regions
[334.265s][info][gc,marking  ] GC(658) Concurrent Rebuild Remembered Sets and Scrub Regions 48.934ms
[334.266s][info][gc,start    ] GC(658) Pause Cleanup
[334.266s][info][gc          ] GC(658) Pause Cleanup 124M->124M(287M) 0.059ms
[334.266s][info][gc,cpu      ] GC(658) User=0.00s Sys=0.00s Real=0.00s
[334.266s][info][gc,marking  ] GC(658) Concurrent Clear Claimed Marks
[334.266s][info][gc,marking  ] GC(658) Concurrent Clear Claimed Marks 0.051ms
[334.266s][info][gc,marking  ] GC(658) Concurrent Cleanup for Next Mark
[334.269s][info][gc,marking  ] GC(658) Concurrent Cleanup for Next Mark 2.568ms
[334.269s][info][gc          ] GC(658) Concurrent Mark Cycle 157.371ms
[334.599s][info][gc,start    ] GC(659) Pause Young (Prepare Mixed) (G1 Evacuation Pause)
[334.599s][info][gc,task     ] GC(659) Using 2 workers of 2 for evacuation
[334.611s][info][gc,phases   ] GC(659)   Pre Evacuate Collection Set: 0.25ms
[334.611s][info][gc,phases   ] GC(659)   Merge Heap Roots: 0.07ms
[334.611s][info][gc,phases   ] GC(659)   Evacuate Collection Set: 11.05ms
[334.611s][info][gc,phases   ] GC(659)   Post Evacuate Collection Set: 0.62ms
[334.611s][info][gc,phases   ] GC(659)   Other: 0.08ms
[334.611s][info][gc,heap     ] GC(659) Eden regions: 75->0(214)
[334.611s][info][gc,heap     ] GC(659) Survivor regions: 4->9(26)
[334.611s][info][gc,heap     ] GC(659) Old regions: 79->79
[334.611s][info][gc,heap     ] GC(659) Humongous regions: 205->3
[334.611s][info][gc,metaspace] GC(659) Metaspace: 42749K(43136K)->42749K(43136K) NonClass: 39943K(40192K)->39943K(40192K) Class: 2805K(2944K)->2805K(2944K)
[334.611s][info][gc          ] GC(659) Pause Young (Prepare Mixed) (G1 Evacuation Pause) 362M->91M(372M) 12.322ms
[334.611s][info][gc,cpu      ] GC(659) User=0.01s Sys=0.01s Real=0.01s
[335.098s][info][gc,start    ] GC(660) Pause Young (Mixed) (G1 Evacuation Pause)
[335.098s][info][gc,task     ] GC(660) Using 2 workers of 2 for evacuation
[335.116s][info][gc,phases   ] GC(660)   Pre Evacuate Collection Set: 0.24ms
[335.116s][info][gc,phases   ] GC(660)   Merge Heap Roots: 0.10ms
[335.116s][info][gc,phases   ] GC(660)   Evacuate Collection Set: 16.44ms
[335.116s][info][gc,phases   ] GC(660)   Post Evacuate Collection Set: 1.02ms
[335.116s][info][gc,phases   ] GC(660)   Other: 0.08ms
[335.116s][info][gc,heap     ] GC(660) Eden regions: 51->0(269)
[335.116s][info][gc,heap     ] GC(660) Survivor regions: 9->12(29)
[335.116s][info][gc,heap     ] GC(660) Old regions: 79->68
[335.116s][info][gc,heap     ] GC(660) Humongous regions: 317->3
[335.116s][info][gc,metaspace] GC(660) Metaspace: 42749K(43136K)->42749K(43136K) NonClass: 39943K(40192K)->39943K(40192K) Class: 2805K(2944K)->2805K(2944K)
[335.116s][info][gc          ] GC(660) Pause Young (Mixed) (G1 Evacuation Pause) 455M->82M(469M) 18.123ms
[335.116s][info][gc,cpu      ] GC(660) User=0.02s Sys=0.01s Real=0.02s
[335.118s][info][gc,start    ] GC(661) Pause Young (Concurrent Start) (G1 Humongous Allocation)
[335.118s][info][gc,task     ] GC(661) Using 2 workers of 2 for evacuation
[335.128s][info][gc,phases   ] GC(661)   Pre Evacuate Collection Set: 0.22ms
[335.128s][info][gc,phases   ] GC(661)   Merge Heap Roots: 0.04ms
[335.128s][info][gc,phases   ] GC(661)   Evacuate Collection Set: 9.25ms
[335.128s][info][gc,phases   ] GC(661)   Post Evacuate Collection Set: 0.48ms
[335.128s][info][gc,phases   ] GC(661)   Other: 0.08ms
[335.128s][info][gc,heap     ] GC(661) Eden regions: 1->0(268)
[335.128s][info][gc,heap     ] GC(661) Survivor regions: 12->13(36)
[335.128s][info][gc,heap     ] GC(661) Old regions: 68->68
[335.128s][info][gc,heap     ] GC(661) Humongous regions: 3->1
[335.128s][info][gc,metaspace] GC(661) Metaspace: 42749K(43136K)->42749K(43136K) NonClass: 39943K(40192K)->39943K(40192K) Class: 2805K(2944K)->2805K(2944K)
[335.128s][info][gc          ] GC(661) Pause Young (Concurrent Start) (G1 Humongous Allocation) 83M->81M(469M) 10.233ms
[335.128s][info][gc,cpu      ] GC(661) User=0.02s Sys=0.00s Real=0.01s
[335.128s][info][gc          ] GC(662) Concurrent Undo Cycle
[335.129s][info][gc,marking  ] GC(662) Concurrent Clear Claimed Marks
[335.129s][info][gc,marking  ] GC(662) Concurrent Clear Claimed Marks 0.036ms
[335.129s][info][gc,marking  ] GC(662) Concurrent Cleanup for Next Mark
[335.129s][info][gc,marking  ] GC(662) Concurrent Cleanup for Next Mark 0.147ms
[335.129s][info][gc          ] GC(662) Concurrent Undo Cycle 0.257ms
[335.132s][info][gc,start    ] GC(663) Pause Young (Concurrent Start) (G1 Humongous Allocation)
[335.132s][info][gc,task     ] GC(663) Using 2 workers of 2 for evacuation
[335.142s][info][gc,phases   ] GC(663)   Pre Evacuate Collection Set: 0.19ms
[335.142s][info][gc,phases   ] GC(663)   Merge Heap Roots: 0.04ms
[335.142s][info][gc,phases   ] GC(663)   Evacuate Collection Set: 9.18ms
[335.142s][info][gc,phases   ] GC(663)   Post Evacuate Collection Set: 0.29ms
[335.142s][info][gc,phases   ] GC(663)   Other: 0.09ms
[335.142s][info][gc,heap     ] GC(663) Eden regions: 1->0(268)
[335.142s][info][gc,heap     ] GC(663) Survivor regions: 13->13(36)
[335.142s][info][gc,heap     ] GC(663) Old regions: 68->68
[335.142s][info][gc,heap     ] GC(663) Humongous regions: 3->1
[335.142s][info][gc,metaspace] GC(663) Metaspace: 42749K(43136K)->42749K(43136K) NonClass: 39943K(40192K)->39943K(40192K) Class: 2805K(2944K)->2805K(2944K)
[335.142s][info][gc          ] GC(663) Pause Young (Concurrent Start) (G1 Humongous Allocation) 83M->81M(469M) 9.957ms
[335.142s][info][gc,cpu      ] GC(663) User=0.02s Sys=0.00s Real=0.01s
[335.142s][info][gc          ] GC(664) Concurrent Mark Cycle
[335.142s][info][gc,marking  ] GC(664) Concurrent Scan Root Regions
[335.148s][info][gc,marking  ] GC(664) Concurrent Scan Root Regions 6.480ms
[335.148s][info][gc,marking  ] GC(664) Concurrent Mark
[335.148s][info][gc,marking  ] GC(664) Concurrent Mark From Roots
[335.148s][info][gc,task     ] GC(664) Using 1 workers of 1 for marking
[335.218s][info][gc,marking  ] GC(664) Concurrent Mark From Roots 69.585ms
[335.218s][info][gc,marking  ] GC(664) Concurrent Preclean
[335.218s][info][gc,marking  ] GC(664) Concurrent Preclean 0.043ms
[335.218s][info][gc,start    ] GC(664) Pause Remark
[335.231s][info][gc          ] GC(664) Pause Remark 145M->145M(460M) 12.933ms
[335.231s][info][gc,cpu      ] GC(664) User=0.02s Sys=0.00s Real=0.01s
[335.232s][info][gc,marking  ] GC(664) Concurrent Mark 83.671ms
[335.232s][info][gc,marking  ] GC(664) Concurrent Rebuild Remembered Sets and Scrub Regions
[335.261s][info][gc,marking  ] GC(664) Concurrent Rebuild Remembered Sets and Scrub Regions 28.852ms
[335.261s][info][gc,start    ] GC(664) Pause Cleanup
[335.261s][info][gc          ] GC(664) Pause Cleanup 166M->166M(460M) 0.057ms
[335.261s][info][gc,cpu      ] GC(664) User=0.00s Sys=0.00s Real=0.00s
[335.261s][info][gc,marking  ] GC(664) Concurrent Clear Claimed Marks
[335.261s][info][gc,marking  ] GC(664) Concurrent Clear Claimed Marks 0.039ms
[335.261s][info][gc,marking  ] GC(664) Concurrent Cleanup for Next Mark
[335.264s][info][gc,marking  ] GC(664) Concurrent Cleanup for Next Mark 2.846ms
[335.264s][info][gc          ] GC(664) Concurrent Mark Cycle 122.217ms
[335.792s][info][gc,start    ] GC(665) Pause Young (Prepare Mixed) (G1 Evacuation Pause)
[335.792s][info][gc,task     ] GC(665) Using 2 workers of 2 for evacuation
[335.819s][info][gc,phases   ] GC(665)   Pre Evacuate Collection Set: 0.26ms
[335.819s][info][gc,phases   ] GC(665)   Merge Heap Roots: 0.08ms
[335.819s][info][gc,phases   ] GC(665)   Evacuate Collection Set: 25.78ms
[335.819s][info][gc,phases   ] GC(665)   Post Evacuate Collection Set: 1.14ms
[335.819s][info][gc,phases   ] GC(665)   Other: 0.07ms
[335.819s][info][gc,heap     ] GC(665) Eden regions: 70->0(319)
[335.819s][info][gc,heap     ] GC(665) Survivor regions: 13->21(39)
[335.819s][info][gc,heap     ] GC(665) Old regions: 68->68
[335.820s][info][gc,heap     ] GC(665) Humongous regions: 395->3
[335.820s][info][gc,metaspace] GC(665) Metaspace: 42769K(43136K)->42769K(43136K) NonClass: 39962K(40192K)->39962K(40192K) Class: 2807K(2944K)->2807K(2944K)
[335.820s][info][gc          ] GC(665) Pause Young (Prepare Mixed) (G1 Evacuation Pause) 545M->91M(567M) 27.536ms
[335.820s][info][gc,cpu      ] GC(665) User=0.03s Sys=0.02s Real=0.02s
[336.514s][info][gc,start    ] GC(666) Pause Young (Mixed) (G1 Evacuation Pause)
[336.514s][info][gc,task     ] GC(666) Using 2 workers of 2 for evacuation
[336.566s][info][gc,phases   ] GC(666)   Pre Evacuate Collection Set: 0.30ms
[336.566s][info][gc,phases   ] GC(666)   Merge Heap Roots: 0.11ms
[336.566s][info][gc,phases   ] GC(666)   Evacuate Collection Set: 50.48ms
[336.566s][info][gc,phases   ] GC(666)   Post Evacuate Collection Set: 0.96ms
[336.566s][info][gc,phases   ] GC(666)   Other: 0.07ms
[336.566s][info][gc,heap     ] GC(666) Eden regions: 91->0(349)
[336.566s][info][gc,heap     ] GC(666) Survivor regions: 21->36(45)
[336.566s][info][gc,heap     ] GC(666) Old regions: 68->63
[336.566s][info][gc,heap     ] GC(666) Humongous regions: 425->1
[336.566s][info][gc,metaspace] GC(666) Metaspace: 42769K(43136K)->42769K(43136K) NonClass: 39962K(40192K)->39962K(40192K) Class: 2807K(2944K)->2807K(2944K)
[336.567s][info][gc          ] GC(666) Pause Young (Mixed) (G1 Evacuation Pause) 604M->99M(643M) 52.132ms
[336.567s][info][gc,cpu      ] GC(666) User=0.09s Sys=0.02s Real=0.05s
[337.487s][info][gc,start    ] GC(667) Pause Young (Normal) (G1 Evacuation Pause)
[337.487s][info][gc,task     ] GC(667) Using 2 workers of 2 for evacuation
[337.496s][info][gc,phases   ] GC(667)   Pre Evacuate Collection Set: 0.25ms
[337.496s][info][gc,phases   ] GC(667)   Merge Heap Roots: 0.09ms
[337.496s][info][gc,phases   ] GC(667)   Evacuate Collection Set: 7.92ms
[337.496s][info][gc,phases   ] GC(667)   Post Evacuate Collection Set: 0.58ms
[337.496s][info][gc,phases   ] GC(667)   Other: 0.08ms
[337.496s][info][gc,heap     ] GC(667) Eden regions: 349->0(378)
[337.496s][info][gc,heap     ] GC(667) Survivor regions: 36->7(49)
[337.496s][info][gc,heap     ] GC(667) Old regions: 63->67
[337.496s][info][gc,heap     ] GC(667) Humongous regions: 49->1
[337.496s][info][gc,metaspace] GC(667) Metaspace: 42805K(43200K)->42805K(43200K) NonClass: 39998K(40256K)->39998K(40256K) Class: 2807K(2944K)->2807K(2944K)
[337.496s][info][gc          ] GC(667) Pause Young (Normal) (G1 Evacuation Pause) 496M->74M(643M) 9.106ms
[337.496s][info][gc,cpu      ] GC(667) User=0.02s Sys=0.00s Real=0.01s
[338.296s][info][gc,start    ] GC(668) Pause Young (Normal) (G1 Evacuation Pause)
[338.296s][info][gc,task     ] GC(668) Using 2 workers of 2 for evacuation
[338.304s][info][gc,phases   ] GC(668)   Pre Evacuate Collection Set: 0.25ms
[338.304s][info][gc,phases   ] GC(668)   Merge Heap Roots: 0.10ms
[338.304s][info][gc,phases   ] GC(668)   Evacuate Collection Set: 6.58ms
[338.304s][info][gc,phases   ] GC(668)   Post Evacuate Collection Set: 0.60ms
[338.304s][info][gc,phases   ] GC(668)   Other: 0.09ms
[338.304s][info][gc,heap     ] GC(668) Eden regions: 378->0(375)
[338.304s][info][gc,heap     ] GC(668) Survivor regions: 7->10(49)
[338.304s][info][gc,heap     ] GC(668) Old regions: 67->67
[338.304s][info][gc,heap     ] GC(668) Humongous regions: 1->1
[338.304s][info][gc,metaspace] GC(668) Metaspace: 42810K(43200K)->42810K(43200K) NonClass: 40003K(40256K)->40003K(40256K) Class: 2807K(2944K)->2807K(2944K)
[338.304s][info][gc          ] GC(668) Pause Young (Normal) (G1 Evacuation Pause) 452M->77M(643M) 7.812ms
[338.304s][info][gc,cpu      ] GC(668) User=0.01s Sys=0.00s Real=0.01s
[339.142s][info][gc,start    ] GC(669) Pause Young (Normal) (G1 Evacuation Pause)
[339.143s][info][gc,task     ] GC(669) Using 2 workers of 2 for evacuation
[339.149s][info][gc,phases   ] GC(669)   Pre Evacuate Collection Set: 0.25ms
[339.149s][info][gc,phases   ] GC(669)   Merge Heap Roots: 0.12ms
[339.149s][info][gc,phases   ] GC(669)   Evacuate Collection Set: 5.49ms
[339.149s][info][gc,phases   ] GC(669)   Post Evacuate Collection Set: 0.72ms
[339.149s][info][gc,phases   ] GC(669)   Other: 0.07ms
[339.149s][info][gc,heap     ] GC(669) Eden regions: 375->0(375)
[339.149s][info][gc,heap     ] GC(669) Survivor regions: 10->10(49)
[339.149s][info][gc,heap     ] GC(669) Old regions: 67->67
[339.149s][info][gc,heap     ] GC(669) Humongous regions: 1->1
[339.149s][info][gc,metaspace] GC(669) Metaspace: 42828K(43200K)->42828K(43200K) NonClass: 40021K(40256K)->40021K(40256K) Class: 2807K(2944K)->2807K(2944K)
[339.149s][info][gc          ] GC(669) Pause Young (Normal) (G1 Evacuation Pause) 452M->76M(643M) 6.834ms
[339.149s][info][gc,cpu      ] GC(669) User=0.01s Sys=0.00s Real=0.00s
[340.581s][info][gc,start    ] GC(670) Pause Young (Normal) (G1 Evacuation Pause)
[340.581s][info][gc,task     ] GC(670) Using 2 workers of 2 for evacuation
[340.588s][info][gc,phases   ] GC(670)   Pre Evacuate Collection Set: 0.23ms
[340.588s][info][gc,phases   ] GC(670)   Merge Heap Roots: 0.13ms
[340.588s][info][gc,phases   ] GC(670)   Evacuate Collection Set: 5.64ms
[340.588s][info][gc,phases   ] GC(670)   Post Evacuate Collection Set: 0.68ms
[340.588s][info][gc,phases   ] GC(670)   Other: 0.08ms
[340.588s][info][gc,heap     ] GC(670) Eden regions: 375->0(379)
[340.588s][info][gc,heap     ] GC(670) Survivor regions: 10->6(49)
[340.588s][info][gc,heap     ] GC(670) Old regions: 67->67
[340.588s][info][gc,heap     ] GC(670) Humongous regions: 7->3
[340.588s][info][gc,metaspace] GC(670) Metaspace: 42850K(43200K)->42850K(43200K) NonClass: 40043K(40256K)->40043K(40256K) Class: 2807K(2944K)->2807K(2944K)
[340.588s][info][gc          ] GC(670) Pause Young (Normal) (G1 Evacuation Pause) 457M->75M(643M) 6.938ms
[340.588s][info][gc,cpu      ] GC(670) User=0.01s Sys=0.00s Real=0.01s
[341.735s][info][gc,start    ] GC(671) Pause Young (Normal) (G1 Evacuation Pause)
[341.735s][info][gc,task     ] GC(671) Using 2 workers of 2 for evacuation
[341.779s][info][gc,phases   ] GC(671)   Pre Evacuate Collection Set: 0.29ms
[341.779s][info][gc,phases   ] GC(671)   Merge Heap Roots: 0.11ms
[341.779s][info][gc,phases   ] GC(671)   Evacuate Collection Set: 42.89ms
[341.779s][info][gc,phases   ] GC(671)   Post Evacuate Collection Set: 0.68ms
[341.779s][info][gc,phases   ] GC(671)   Other: 0.16ms
[341.779s][info][gc,heap     ] GC(671) Eden regions: 379->0(341)
[341.779s][info][gc,heap     ] GC(671) Survivor regions: 6->44(49)
[341.779s][info][gc,heap     ] GC(671) Old regions: 67->67
[341.779s][info][gc,heap     ] GC(671) Humongous regions: 10->4
[341.779s][info][gc,metaspace] GC(671) Metaspace: 42865K(43264K)->42865K(43264K) NonClass: 40058K(40320K)->40058K(40320K) Class: 2807K(2944K)->2807K(2944K)
[341.779s][info][gc          ] GC(671) Pause Young (Normal) (G1 Evacuation Pause) 461M->114M(643M) 44.380ms
[341.779s][info][gc,cpu      ] GC(671) User=0.09s Sys=0.00s Real=0.04s
[342.605s][info][gc,start    ] GC(672) Pause Young (Normal) (G1 Evacuation Pause)
[342.605s][info][gc,task     ] GC(672) Using 2 workers of 2 for evacuation
[342.696s][info][gc,phases   ] GC(672)   Pre Evacuate Collection Set: 0.26ms
[342.696s][info][gc,phases   ] GC(672)   Merge Heap Roots: 0.22ms
[342.696s][info][gc,phases   ] GC(672)   Evacuate Collection Set: 90.27ms
[342.696s][info][gc,phases   ] GC(672)   Post Evacuate Collection Set: 0.68ms
[342.696s][info][gc,phases   ] GC(672)   Other: 0.11ms
[342.696s][info][gc,heap     ] GC(672) Eden regions: 341->0(349)
[342.696s][info][gc,heap     ] GC(672) Survivor regions: 44->36(49)
[342.696s][info][gc,heap     ] GC(672) Old regions: 67->110
[342.696s][info][gc,heap     ] GC(672) Humongous regions: 10->10
[342.696s][info][gc,metaspace] GC(672) Metaspace: 42865K(43264K)->42865K(43264K) NonClass: 40058K(40320K)->40058K(40320K) Class: 2807K(2944K)->2807K(2944K)
[342.696s][info][gc          ] GC(672) Pause Young (Normal) (G1 Evacuation Pause) 461M->154M(643M) 91.764ms
[342.696s][info][gc,cpu      ] GC(672) User=0.18s Sys=0.00s Real=0.09s
[342.829s][info][gc,start    ] GC(673) Pause Young (Concurrent Start) (G1 Humongous Allocation)
[342.829s][info][gc,task     ] GC(673) Using 2 workers of 2 for evacuation
[342.879s][info][gc,phases   ] GC(673)   Pre Evacuate Collection Set: 0.27ms
[342.879s][info][gc,phases   ] GC(673)   Merge Heap Roots: 0.11ms
[342.879s][info][gc,phases   ] GC(673)   Evacuate Collection Set: 48.69ms
[342.879s][info][gc,phases   ] GC(673)   Post Evacuate Collection Set: 0.41ms
[342.879s][info][gc,phases   ] GC(673)   Other: 0.12ms
[342.879s][info][gc,heap     ] GC(673) Eden regions: 67->0(374)
[342.879s][info][gc,heap     ] GC(673) Survivor regions: 36->11(49)
[342.879s][info][gc,heap     ] GC(673) Old regions: 110->145
[342.879s][info][gc,heap     ] GC(673) Humongous regions: 10->10
[342.879s][info][gc,metaspace] GC(673) Metaspace: 42865K(43264K)->42865K(43264K) NonClass: 40058K(40320K)->40058K(40320K) Class: 2807K(2944K)->2807K(2944K)
[342.879s][info][gc          ] GC(673) Pause Young (Concurrent Start) (G1 Humongous Allocation) 221M->164M(643M) 49.807ms
[342.879s][info][gc,cpu      ] GC(673) User=0.10s Sys=0.00s Real=0.05s
[342.879s][info][gc          ] GC(674) Concurrent Mark Cycle
[342.879s][info][gc,marking  ] GC(674) Concurrent Scan Root Regions
[342.928s][info][gc,marking  ] GC(674) Concurrent Scan Root Regions 49.016ms
[342.928s][info][gc,marking  ] GC(674) Concurrent Mark
[342.928s][info][gc,marking  ] GC(674) Concurrent Mark From Roots
[342.928s][info][gc,task     ] GC(674) Using 1 workers of 1 for marking
[343.042s][info][gc,marking  ] GC(674) Concurrent Mark From Roots 113.719ms
[343.042s][info][gc,marking  ] GC(674) Concurrent Preclean
[343.042s][info][gc,marking  ] GC(674) Concurrent Preclean 0.230ms
[343.042s][info][gc,start    ] GC(674) Pause Remark
[343.055s][info][gc          ] GC(674) Pause Remark 204M->193M(520M) 13.226ms
[343.055s][info][gc,cpu      ] GC(674) User=0.02s Sys=0.00s Real=0.01s
[343.056s][info][gc,marking  ] GC(674) Concurrent Mark 127.774ms
[343.056s][info][gc,marking  ] GC(674) Concurrent Rebuild Remembered Sets and Scrub Regions
[343.155s][info][gc,marking  ] GC(674) Concurrent Rebuild Remembered Sets and Scrub Regions 99.184ms
[343.155s][info][gc,start    ] GC(674) Pause Cleanup
[343.155s][info][gc          ] GC(674) Pause Cleanup 230M->230M(520M) 0.057ms
[343.155s][info][gc,cpu      ] GC(674) User=0.00s Sys=0.00s Real=0.00s
[343.157s][info][gc,marking  ] GC(674) Concurrent Clear Claimed Marks
[343.157s][info][gc,marking  ] GC(674) Concurrent Clear Claimed Marks 0.042ms
[343.157s][info][gc,marking  ] GC(674) Concurrent Cleanup for Next Mark
[343.160s][info][gc,marking  ] GC(674) Concurrent Cleanup for Next Mark 3.177ms
[343.160s][info][gc          ] GC(674) Concurrent Mark Cycle 281.344ms
[346.843s][info][gc,start    ] GC(675) Pause Young (Prepare Mixed) (G1 Evacuation Pause)
[346.844s][info][gc,task     ] GC(675) Using 2 workers of 2 for evacuation
[346.868s][info][gc,phases   ] GC(675)   Pre Evacuate Collection Set: 0.23ms
[346.868s][info][gc,phases   ] GC(675)   Merge Heap Roots: 0.14ms
[346.868s][info][gc,phases   ] GC(675)   Evacuate Collection Set: 23.52ms
[346.868s][info][gc,phases   ] GC(675)   Post Evacuate Collection Set: 0.60ms
[346.868s][info][gc,phases   ] GC(675)   Other: 0.07ms
[346.868s][info][gc,heap     ] GC(675) Eden regions: 301->0(293)
[346.868s][info][gc,heap     ] GC(675) Survivor regions: 11->19(39)
[346.868s][info][gc,heap     ] GC(675) Old regions: 137->138
[346.868s][info][gc,heap     ] GC(675) Humongous regions: 11->5
[346.868s][info][gc,metaspace] GC(675) Metaspace: 42885K(43264K)->42885K(43264K) NonClass: 40077K(40320K)->40077K(40320K) Class: 2807K(2944K)->2807K(2944K)
[346.868s][info][gc          ] GC(675) Pause Young (Prepare Mixed) (G1 Evacuation Pause) (Evacuation Failure: Pinned) 458M->160M(520M) 24.734ms
[346.868s][info][gc,cpu      ] GC(675) User=0.05s Sys=0.00s Real=0.02s
[347.567s][info][gc,start    ] GC(676) Pause Young (Mixed) (G1 Evacuation Pause)
[347.567s][info][gc,task     ] GC(676) Using 2 workers of 2 for evacuation
[347.621s][info][gc,phases   ] GC(676)   Pre Evacuate Collection Set: 0.23ms
[347.621s][info][gc,phases   ] GC(676)   Merge Heap Roots: 0.14ms
[347.621s][info][gc,phases   ] GC(676)   Evacuate Collection Set: 52.64ms
[347.621s][info][gc,phases   ] GC(676)   Post Evacuate Collection Set: 0.68ms
[347.621s][info][gc,phases   ] GC(676)   Other: 0.09ms
[347.621s][info][gc,heap     ] GC(676) Eden regions: 293->0(269)
[347.621s][info][gc,heap     ] GC(676) Survivor regions: 19->39(39)
[347.621s][info][gc,heap     ] GC(676) Old regions: 138->139
[347.621s][info][gc,heap     ] GC(676) Humongous regions: 8->8
[347.621s][info][gc,metaspace] GC(676) Metaspace: 42885K(43264K)->42885K(43264K) NonClass: 40077K(40320K)->40077K(40320K) Class: 2807K(2944K)->2807K(2944K)
[347.621s][info][gc          ] GC(676) Pause Young (Mixed) (G1 Evacuation Pause) 456M->184M(520M) 53.977ms
[347.621s][info][gc,cpu      ] GC(676) User=0.10s Sys=0.00s Real=0.05s
[347.658s][info][gc,start    ] GC(677) Pause Young (Concurrent Start) (G1 Humongous Allocation)
[347.658s][info][gc,task     ] GC(677) Using 2 workers of 2 for evacuation
[347.703s][info][gc,phases   ] GC(677)   Pre Evacuate Collection Set: 0.22ms
[347.703s][info][gc,phases   ] GC(677)   Merge Heap Roots: 0.24ms
[347.703s][info][gc,phases   ] GC(677)   Evacuate Collection Set: 43.57ms
[347.703s][info][gc,phases   ] GC(677)   Post Evacuate Collection Set: 0.35ms
[347.703s][info][gc,phases   ] GC(677)   Other: 0.11ms
[347.703s][info][gc,heap     ] GC(677) Eden regions: 17->0(259)
[347.703s][info][gc,heap     ] GC(677) Survivor regions: 39->3(39)
[347.703s][info][gc,heap     ] GC(677) Old regions: 139->178
[347.703s][info][gc,heap     ] GC(677) Humongous regions: 8->8
[347.703s][info][gc,metaspace] GC(677) Metaspace: 42885K(43264K)->42885K(43264K) NonClass: 40077K(40320K)->40077K(40320K) Class: 2807K(2944K)->2807K(2944K)
[347.703s][info][gc          ] GC(677) Pause Young (Concurrent Start) (G1 Humongous Allocation) 201M->187M(520M) 44.704ms
[347.703s][info][gc          ] GC(678) Concurrent Mark Cycle
[347.703s][info][gc,marking  ] GC(678) Concurrent Scan Root Regions
[347.705s][info][gc,cpu      ] GC(677) User=0.09s Sys=0.00s Real=0.05s
[347.744s][info][gc,marking  ] GC(678) Concurrent Scan Root Regions 41.105ms
[347.744s][info][gc,marking  ] GC(678) Concurrent Mark
[347.744s][info][gc,marking  ] GC(678) Concurrent Mark From Roots
[347.744s][info][gc,task     ] GC(678) Using 1 workers of 1 for marking
[347.889s][info][gc,marking  ] GC(678) Concurrent Mark From Roots 144.609ms
[347.889s][info][gc,marking  ] GC(678) Concurrent Preclean
[347.889s][info][gc,marking  ] GC(678) Concurrent Preclean 0.069ms
[347.889s][info][gc,start    ] GC(678) Pause Remark
[347.903s][info][gc          ] GC(678) Pause Remark 253M->244M(520M) 13.749ms
[347.903s][info][gc,cpu      ] GC(678) User=0.03s Sys=0.00s Real=0.02s
[347.903s][info][gc,marking  ] GC(678) Concurrent Mark 158.765ms
[347.903s][info][gc,marking  ] GC(678) Concurrent Rebuild Remembered Sets and Scrub Regions
[347.988s][info][gc,marking  ] GC(678) Concurrent Rebuild Remembered Sets and Scrub Regions 84.918ms
[347.988s][info][gc,start    ] GC(678) Pause Cleanup
[347.988s][info][gc          ] GC(678) Pause Cleanup 283M->283M(520M) 0.059ms
[347.988s][info][gc,cpu      ] GC(678) User=0.00s Sys=0.00s Real=0.00s
[347.989s][info][gc,marking  ] GC(678) Concurrent Clear Claimed Marks
[347.989s][info][gc,marking  ] GC(678) Concurrent Clear Claimed Marks 0.067ms
[347.989s][info][gc,marking  ] GC(678) Concurrent Cleanup for Next Mark
[347.991s][info][gc,marking  ] GC(678) Concurrent Cleanup for Next Mark 1.456ms
[347.991s][info][gc          ] GC(678) Concurrent Mark Cycle 287.615ms
[348.359s][info][gc,start    ] GC(679) Pause Young (Prepare Mixed) (G1 Evacuation Pause)
[348.359s][info][gc,task     ] GC(679) Using 2 workers of 2 for evacuation
[348.398s][info][gc,phases   ] GC(679)   Pre Evacuate Collection Set: 0.33ms
[348.398s][info][gc,phases   ] GC(679)   Merge Heap Roots: 0.13ms
[348.398s][info][gc,phases   ] GC(679)   Evacuate Collection Set: 37.16ms
[348.398s][info][gc,phases   ] GC(679)   Post Evacuate Collection Set: 0.51ms
[348.398s][info][gc,phases   ] GC(679)   Other: 0.08ms
[348.398s][info][gc,heap     ] GC(679) Eden regions: 259->0(242)
[348.398s][info][gc,heap     ] GC(679) Survivor regions: 3->32(33)
[348.398s][info][gc,heap     ] GC(679) Old regions: 173->173
[348.398s][info][gc,heap     ] GC(679) Humongous regions: 6->6
[348.398s][info][gc,metaspace] GC(679) Metaspace: 42885K(43264K)->42885K(43264K) NonClass: 40077K(40320K)->40077K(40320K) Class: 2807K(2944K)->2807K(2944K)
[348.398s][info][gc          ] GC(679) Pause Young (Prepare Mixed) (G1 Evacuation Pause) 439M->210M(520M) 38.426ms
[348.398s][info][gc,cpu      ] GC(679) User=0.08s Sys=0.00s Real=0.04s
[349.859s][info][gc,start    ] GC(680) Pause Young (Mixed) (G1 Evacuation Pause)
[349.859s][info][gc,task     ] GC(680) Using 2 workers of 2 for evacuation
[349.936s][info][gc,phases   ] GC(680)   Pre Evacuate Collection Set: 0.26ms
[349.936s][info][gc,phases   ] GC(680)   Merge Heap Roots: 0.26ms
[349.936s][info][gc,phases   ] GC(680)   Evacuate Collection Set: 75.48ms
[349.936s][info][gc,phases   ] GC(680)   Post Evacuate Collection Set: 0.59ms
[349.936s][info][gc,phases   ] GC(680)   Other: 0.08ms
[349.936s][info][gc,heap     ] GC(680) Eden regions: 242->0(226)
[349.936s][info][gc,heap     ] GC(680) Survivor regions: 32->25(35)
[349.936s][info][gc,heap     ] GC(680) Old regions: 173->192
[349.936s][info][gc,heap     ] GC(680) Humongous regions: 18->16
[349.936s][info][gc,metaspace] GC(680) Metaspace: 42885K(43264K)->42885K(43264K) NonClass: 40077K(40320K)->40077K(40320K) Class: 2807K(2944K)->2807K(2944K)
[349.936s][info][gc          ] GC(680) Pause Young (Mixed) (G1 Evacuation Pause) 464M->231M(522M) 76.862ms
[349.936s][info][gc,cpu      ] GC(680) User=0.15s Sys=0.00s Real=0.08s
[350.870s][info][gc,start    ] GC(681) Pause Young (Concurrent Start) (G1 Evacuation Pause)
[350.870s][info][gc,task     ] GC(681) Using 2 workers of 2 for evacuation
[350.913s][info][gc,phases   ] GC(681)   Pre Evacuate Collection Set: 0.26ms
[350.913s][info][gc,phases   ] GC(681)   Merge Heap Roots: 0.18ms
[350.913s][info][gc,phases   ] GC(681)   Evacuate Collection Set: 42.18ms
[350.913s][info][gc,phases   ] GC(681)   Post Evacuate Collection Set: 0.48ms
[350.913s][info][gc,phases   ] GC(681)   Other: 0.09ms
[350.913s][info][gc,heap     ] GC(681) Eden regions: 226->0(219)
[350.913s][info][gc,heap     ] GC(681) Survivor regions: 25->14(32)
[350.913s][info][gc,heap     ] GC(681) Old regions: 192->216
[350.913s][info][gc,heap     ] GC(681) Humongous regions: 16->16
[350.913s][info][gc,metaspace] GC(681) Metaspace: 42885K(43264K)->42885K(43264K) NonClass: 40077K(40320K)->40077K(40320K) Class: 2807K(2944K)->2807K(2944K)
[350.913s][info][gc          ] GC(681) Pause Young (Concurrent Start) (G1 Evacuation Pause) 457M->244M(522M) 43.434ms
[350.913s][info][gc,cpu      ] GC(681) User=0.09s Sys=0.00s Real=0.05s
[350.913s][info][gc          ] GC(682) Concurrent Mark Cycle
[350.913s][info][gc,marking  ] GC(682) Concurrent Scan Root Regions
[350.940s][info][gc,marking  ] GC(682) Concurrent Scan Root Regions 26.867ms
[350.940s][info][gc,marking  ] GC(682) Concurrent Mark
[350.940s][info][gc,marking  ] GC(682) Concurrent Mark From Roots
[350.940s][info][gc,task     ] GC(682) Using 1 workers of 1 for marking
[351.052s][info][gc,marking  ] GC(682) Concurrent Mark From Roots 111.751ms
[351.052s][info][gc,marking  ] GC(682) Concurrent Preclean
[351.052s][info][gc,marking  ] GC(682) Concurrent Preclean 0.040ms
[351.052s][info][gc,start    ] GC(682) Pause Remark
[351.065s][info][gc          ] GC(682) Pause Remark 274M->184M(520M) 13.361ms
[351.065s][info][gc,cpu      ] GC(682) User=0.02s Sys=0.00s Real=0.01s
[351.066s][info][gc,marking  ] GC(682) Concurrent Mark 125.461ms
[351.066s][info][gc,marking  ] GC(682) Concurrent Rebuild Remembered Sets and Scrub Regions
[351.124s][info][gc,marking  ] GC(682) Concurrent Rebuild Remembered Sets and Scrub Regions 58.378ms
[351.124s][info][gc,start    ] GC(682) Pause Cleanup
[351.124s][info][gc          ] GC(682) Pause Cleanup 197M->197M(520M) 0.059ms
[351.124s][info][gc,cpu      ] GC(682) User=0.00s Sys=0.00s Real=0.00s
[351.124s][info][gc,marking  ] GC(682) Concurrent Clear Claimed Marks
[351.124s][info][gc,marking  ] GC(682) Concurrent Clear Claimed Marks 0.038ms
[351.124s][info][gc,marking  ] GC(682) Concurrent Cleanup for Next Mark
[351.126s][info][gc,marking  ] GC(682) Concurrent Cleanup for Next Mark 1.506ms
[351.126s][info][gc          ] GC(682) Concurrent Mark Cycle 212.735ms
[352.153s][info][gc,start    ] GC(683) Pause Young (Prepare Mixed) (G1 Evacuation Pause)
[352.153s][info][gc,task     ] GC(683) Using 2 workers of 2 for evacuation
[352.183s][info][gc,phases   ] GC(683)   Pre Evacuate Collection Set: 0.23ms
[352.183s][info][gc,phases   ] GC(683)   Merge Heap Roots: 0.08ms
[352.183s][info][gc,phases   ] GC(683)   Evacuate Collection Set: 28.90ms
[352.183s][info][gc,phases   ] GC(683)   Post Evacuate Collection Set: 0.51ms
[352.183s][info][gc,phases   ] GC(683)   Other: 0.08ms
[352.183s][info][gc,heap     ] GC(683) Eden regions: 219->0(270)
[352.183s][info][gc,heap     ] GC(683) Survivor regions: 14->30(30)
[352.183s][info][gc,heap     ] GC(683) Old regions: 141->145
[352.183s][info][gc,heap     ] GC(683) Humongous regions: 1->1
[352.183s][info][gc,metaspace] GC(683) Metaspace: 42885K(43264K)->42885K(43264K) NonClass: 40077K(40320K)->40077K(40320K) Class: 2807K(2944K)->2807K(2944K)
[352.183s][info][gc          ] GC(683) Pause Young (Prepare Mixed) (G1 Evacuation Pause) 374M->175M(520M) 30.042ms
[352.183s][info][gc,cpu      ] GC(683) User=0.06s Sys=0.00s Real=0.03s
[353.728s][info][gc,start    ] GC(684) Pause Young (Mixed) (G1 Evacuation Pause)
[353.728s][info][gc,task     ] GC(684) Using 2 workers of 2 for evacuation
[353.754s][info][gc,phases   ] GC(684)   Pre Evacuate Collection Set: 0.24ms
[353.754s][info][gc,phases   ] GC(684)   Merge Heap Roots: 0.17ms
[353.754s][info][gc,phases   ] GC(684)   Evacuate Collection Set: 25.00ms
[353.754s][info][gc,phases   ] GC(684)   Post Evacuate Collection Set: 0.55ms
[353.754s][info][gc,phases   ] GC(684)   Other: 0.07ms
[353.754s][info][gc,heap     ] GC(684) Eden regions: 270->0(287)
[353.754s][info][gc,heap     ] GC(684) Survivor regions: 30->23(38)
[353.755s][info][gc,heap     ] GC(684) Old regions: 145->144
[353.755s][info][gc,heap     ] GC(684) Humongous regions: 2->1
[353.755s][info][gc,metaspace] GC(684) Metaspace: 42885K(43264K)->42885K(43264K) NonClass: 40077K(40320K)->40077K(40320K) Class: 2807K(2944K)->2807K(2944K)
[353.755s][info][gc          ] GC(684) Pause Young (Mixed) (G1 Evacuation Pause) 446M->167M(520M) 27.518ms
[353.755s][info][gc,cpu      ] GC(684) User=0.05s Sys=0.00s Real=0.03s
[355.160s][info][gc,start    ] GC(685) Pause Young (Concurrent Start) (G1 Humongous Allocation)
[355.160s][info][gc,task     ] GC(685) Using 2 workers of 2 for evacuation
[355.204s][info][gc,phases   ] GC(685)   Pre Evacuate Collection Set: 0.26ms
[355.204s][info][gc,phases   ] GC(685)   Merge Heap Roots: 0.12ms
[355.204s][info][gc,phases   ] GC(685)   Evacuate Collection Set: 43.11ms
[355.204s][info][gc,phases   ] GC(685)   Post Evacuate Collection Set: 0.59ms
[355.204s][info][gc,phases   ] GC(685)   Other: 0.10ms
[355.204s][info][gc,heap     ] GC(685) Eden regions: 262->0(261)
[355.204s][info][gc,heap     ] GC(685) Survivor regions: 23->31(39)
[355.204s][info][gc,heap     ] GC(685) Old regions: 144->163
[355.204s][info][gc,heap     ] GC(685) Humongous regions: 1->1
[355.204s][info][gc,metaspace] GC(685) Metaspace: 42885K(43264K)->42885K(43264K) NonClass: 40077K(40320K)->40077K(40320K) Class: 2807K(2944K)->2807K(2944K)
[355.205s][info][gc          ] GC(685) Pause Young (Concurrent Start) (G1 Humongous Allocation) 428M->194M(520M) 44.395ms
[355.205s][info][gc,cpu      ] GC(685) User=0.09s Sys=0.00s Real=0.05s
[355.205s][info][gc          ] GC(686) Concurrent Mark Cycle
[355.205s][info][gc,marking  ] GC(686) Concurrent Scan Root Regions
[355.256s][info][gc,marking  ] GC(686) Concurrent Scan Root Regions 51.174ms
[355.256s][info][gc,marking  ] GC(686) Concurrent Mark
[355.256s][info][gc,marking  ] GC(686) Concurrent Mark From Roots
[355.256s][info][gc,task     ] GC(686) Using 1 workers of 1 for marking
[355.290s][info][gc,marking  ] GC(686) Concurrent Mark From Roots 34.065ms
[355.290s][info][gc,marking  ] GC(686) Concurrent Preclean
[355.290s][info][gc,marking  ] GC(686) Concurrent Preclean 0.052ms
[355.290s][info][gc,start    ] GC(686) Pause Remark
[355.304s][info][gc          ] GC(686) Pause Remark 224M->141M(380M) 13.809ms
[355.304s][info][gc,cpu      ] GC(686) User=0.03s Sys=0.00s Real=0.02s
[355.304s][info][gc,marking  ] GC(686) Concurrent Mark 48.285ms
[355.304s][info][gc,marking  ] GC(686) Concurrent Rebuild Remembered Sets and Scrub Regions
[355.329s][info][gc,marking  ] GC(686) Concurrent Rebuild Remembered Sets and Scrub Regions 25.359ms
[355.330s][info][gc,start    ] GC(686) Pause Cleanup
[355.330s][info][gc          ] GC(686) Pause Cleanup 153M->153M(380M) 0.065ms
[355.330s][info][gc,cpu      ] GC(686) User=0.00s Sys=0.00s Real=0.00s
[355.330s][info][gc,marking  ] GC(686) Concurrent Clear Claimed Marks
[355.330s][info][gc,marking  ] GC(686) Concurrent Clear Claimed Marks 0.043ms
[355.330s][info][gc,marking  ] GC(686) Concurrent Cleanup for Next Mark
[355.331s][info][gc,marking  ] GC(686) Concurrent Cleanup for Next Mark 1.120ms
[355.331s][info][gc          ] GC(686) Concurrent Mark Cycle 126.404ms
[355.698s][info][gc,start    ] GC(687) Pause Young (Prepare Mixed) (G1 Evacuation Pause)
[355.698s][info][gc,task     ] GC(687) Using 2 workers of 2 for evacuation
[355.728s][info][gc,phases   ] GC(687)   Pre Evacuate Collection Set: 0.28ms
[355.728s][info][gc,phases   ] GC(687)   Merge Heap Roots: 0.13ms
[355.728s][info][gc,phases   ] GC(687)   Evacuate Collection Set: 28.54ms
[355.728s][info][gc,phases   ] GC(687)   Post Evacuate Collection Set: 0.44ms
[355.728s][info][gc,phases   ] GC(687)   Other: 0.08ms
[355.728s][info][gc,heap     ] GC(687) Eden regions: 197->0(203)
[355.728s][info][gc,heap     ] GC(687) Survivor regions: 31->25(29)
[355.728s][info][gc,heap     ] GC(687) Old regions: 80->86
[355.728s][info][gc,heap     ] GC(687) Humongous regions: 4->4
[355.728s][info][gc,metaspace] GC(687) Metaspace: 42885K(43264K)->42885K(43264K) NonClass: 40077K(40320K)->40077K(40320K) Class: 2807K(2944K)->2807K(2944K)
[355.728s][info][gc          ] GC(687) Pause Young (Prepare Mixed) (G1 Evacuation Pause) 312M->114M(380M) 29.706ms
[355.728s][info][gc,cpu      ] GC(687) User=0.05s Sys=0.00s Real=0.03s
[356.184s][info][gc,start    ] GC(688) Pause Young (Mixed) (G1 Evacuation Pause)
[356.185s][info][gc,task     ] GC(688) Using 2 workers of 2 for evacuation
[356.239s][info][gc,phases   ] GC(688)   Pre Evacuate Collection Set: 0.20ms
[356.239s][info][gc,phases   ] GC(688)   Merge Heap Roots: 0.12ms
[356.239s][info][gc,phases   ] GC(688)   Evacuate Collection Set: 53.78ms
[356.239s][info][gc,phases   ] GC(688)   Post Evacuate Collection Set: 0.55ms
[356.239s][info][gc,phases   ] GC(688)   Other: 0.11ms
[356.239s][info][gc,heap     ] GC(688) Eden regions: 203->0(197)
[356.239s][info][gc,heap     ] GC(688) Survivor regions: 25->24(29)
[356.239s][info][gc,heap     ] GC(688) Old regions: 86->96
[356.239s][info][gc,heap     ] GC(688) Humongous regions: 6->6
[356.239s][info][gc,metaspace] GC(688) Metaspace: 42885K(43264K)->42885K(43264K) NonClass: 40077K(40320K)->40077K(40320K) Class: 2807K(2944K)->2807K(2944K)
[356.239s][info][gc          ] GC(688) Pause Young (Mixed) (G1 Evacuation Pause) 319M->126M(380M) 54.982ms
[356.239s][info][gc,cpu      ] GC(688) User=0.10s Sys=0.00s Real=0.05s
[356.555s][info][gc,start    ] GC(689) Pause Young (Concurrent Start) (G1 Humongous Allocation)
[356.555s][info][gc,task     ] GC(689) Using 2 workers of 2 for evacuation
[356.598s][info][gc,phases   ] GC(689)   Pre Evacuate Collection Set: 0.24ms
[356.598s][info][gc,phases   ] GC(689)   Merge Heap Roots: 0.09ms
[356.598s][info][gc,phases   ] GC(689)   Evacuate Collection Set: 41.29ms
[356.598s][info][gc,phases   ] GC(689)   Post Evacuate Collection Set: 0.41ms
[356.598s][info][gc,phases   ] GC(689)   Other: 0.09ms
[356.598s][info][gc,heap     ] GC(689) Eden regions: 146->0(184)
[356.598s][info][gc,heap     ] GC(689) Survivor regions: 24->17(28)
[356.598s][info][gc,heap     ] GC(689) Old regions: 96->120
[356.598s][info][gc,heap     ] GC(689) Humongous regions: 6->6
[356.598s][info][gc,metaspace] GC(689) Metaspace: 42885K(43264K)->42885K(43264K) NonClass: 40077K(40320K)->40077K(40320K) Class: 2807K(2944K)->2807K(2944K)
[356.598s][info][gc          ] GC(689) Pause Young (Concurrent Start) (G1 Humongous Allocation) 272M->143M(380M) 42.321ms
[356.598s][info][gc,cpu      ] GC(689) User=0.09s Sys=0.00s Real=0.04s
[356.598s][info][gc          ] GC(690) Concurrent Mark Cycle
[356.598s][info][gc,marking  ] GC(690) Concurrent Scan Root Regions
[356.628s][info][gc,marking  ] GC(690) Concurrent Scan Root Regions 30.548ms
[356.628s][info][gc,marking  ] GC(690) Concurrent Mark
[356.628s][info][gc,marking  ] GC(690) Concurrent Mark From Roots
[356.628s][info][gc,task     ] GC(690) Using 1 workers of 1 for marking
[356.699s][info][gc,marking  ] GC(690) Concurrent Mark From Roots 70.189ms
[356.699s][info][gc,marking  ] GC(690) Concurrent Preclean
[356.699s][info][gc,marking  ] GC(690) Concurrent Preclean 0.041ms
[356.699s][info][gc,start    ] GC(690) Pause Remark
[356.712s][info][gc          ] GC(690) Pause Remark 178M->159M(380M) 13.184ms
[356.712s][info][gc,cpu      ] GC(690) User=0.02s Sys=0.00s Real=0.02s
[356.712s][info][gc,marking  ] GC(690) Concurrent Mark 83.735ms
[356.712s][info][gc,marking  ] GC(690) Concurrent Rebuild Remembered Sets and Scrub Regions
[356.765s][info][gc,marking  ] GC(690) Concurrent Rebuild Remembered Sets and Scrub Regions 52.967ms
[356.765s][info][gc,start    ] GC(690) Pause Cleanup
[356.765s][info][gc          ] GC(690) Pause Cleanup 186M->186M(380M) 0.050ms
[356.765s][info][gc,cpu      ] GC(690) User=0.00s Sys=0.00s Real=0.00s
[356.765s][info][gc,marking  ] GC(690) Concurrent Clear Claimed Marks
[356.765s][info][gc,marking  ] GC(690) Concurrent Clear Claimed Marks 0.037ms
[356.765s][info][gc,marking  ] GC(690) Concurrent Cleanup for Next Mark
[356.767s][info][gc,marking  ] GC(690) Concurrent Cleanup for Next Mark 1.118ms
[356.767s][info][gc          ] GC(690) Concurrent Mark Cycle 168.814ms
[357.452s][info][gc,start    ] GC(691) Pause Young (Prepare Mixed) (G1 Evacuation Pause)
[357.452s][info][gc,task     ] GC(691) Using 2 workers of 2 for evacuation
[357.527s][info][gc,phases   ] GC(691)   Pre Evacuate Collection Set: 0.21ms
[357.527s][info][gc,phases   ] GC(691)   Merge Heap Roots: 0.17ms
[357.527s][info][gc,phases   ] GC(691)   Evacuate Collection Set: 73.72ms
[357.527s][info][gc,phases   ] GC(691)   Post Evacuate Collection Set: 0.61ms
[357.527s][info][gc,phases   ] GC(691)   Other: 0.10ms
[357.527s][info][gc,heap     ] GC(691) Eden regions: 184->0(143)
[357.527s][info][gc,heap     ] GC(691) Survivor regions: 17->26(26)
[357.527s][info][gc,heap     ] GC(691) Old regions: 102->133
[357.527s][info][gc,heap     ] GC(691) Humongous regions: 17->17
[357.527s][info][gc,metaspace] GC(691) Metaspace: 42885K(43264K)->42885K(43264K) NonClass: 40077K(40320K)->40077K(40320K) Class: 2807K(2944K)->2807K(2944K)
[357.527s][info][gc          ] GC(691) Pause Young (Prepare Mixed) (G1 Evacuation Pause) 320M->176M(380M) 75.119ms
[357.527s][info][gc,cpu      ] GC(691) User=0.15s Sys=0.00s Real=0.07s
[358.461s][info][gc,start    ] GC(692) Pause Young (Mixed) (G1 Evacuation Pause)
[358.461s][info][gc,task     ] GC(692) Using 2 workers of 2 for evacuation
[358.501s][info][gc,phases   ] GC(692)   Pre Evacuate Collection Set: 0.27ms
[358.501s][info][gc,phases   ] GC(692)   Merge Heap Roots: 0.26ms
[358.501s][info][gc,phases   ] GC(692)   Evacuate Collection Set: 39.03ms
[358.501s][info][gc,phases   ] GC(692)   Post Evacuate Collection Set: 0.47ms
[358.501s][info][gc,phases   ] GC(692)   Other: 0.10ms
[358.501s][info][gc,heap     ] GC(692) Eden regions: 143->0(155)
[358.501s][info][gc,heap     ] GC(692) Survivor regions: 26->10(22)
[358.501s][info][gc,heap     ] GC(692) Old regions: 133->140
[358.501s][info][gc,heap     ] GC(692) Humongous regions: 17->15
[358.501s][info][gc,metaspace] GC(692) Metaspace: 42885K(43264K)->42885K(43264K) NonClass: 40077K(40320K)->40077K(40320K) Class: 2807K(2944K)->2807K(2944K)
[358.501s][info][gc          ] GC(692) Pause Young (Mixed) (G1 Evacuation Pause) 319M->165M(380M) 40.345ms
[358.501s][info][gc,cpu      ] GC(692) User=0.07s Sys=0.00s Real=0.04s
[359.183s][info][gc,start    ] GC(693) Pause Young (Concurrent Start) (G1 Evacuation Pause)
[359.183s][info][gc,task     ] GC(693) Using 2 workers of 2 for evacuation
[359.200s][info][gc,phases   ] GC(693)   Pre Evacuate Collection Set: 0.24ms
[359.200s][info][gc,phases   ] GC(693)   Merge Heap Roots: 0.13ms
[359.200s][info][gc,phases   ] GC(693)   Evacuate Collection Set: 16.44ms
[359.200s][info][gc,phases   ] GC(693)   Post Evacuate Collection Set: 0.44ms
[359.200s][info][gc,phases   ] GC(693)   Other: 0.12ms
[359.200s][info][gc,heap     ] GC(693) Eden regions: 155->0(155)
[359.200s][info][gc,heap     ] GC(693) Survivor regions: 10->17(21)
[359.200s][info][gc,heap     ] GC(693) Old regions: 140->140
[359.200s][info][gc,heap     ] GC(693) Humongous regions: 15->15
[359.200s][info][gc,metaspace] GC(693) Metaspace: 42885K(43264K)->42885K(43264K) NonClass: 40077K(40320K)->40077K(40320K) Class: 2807K(2944K)->2807K(2944K)
[359.200s][info][gc          ] GC(693) Pause Young (Concurrent Start) (G1 Evacuation Pause) 320M->172M(380M) 17.575ms
[359.200s][info][gc          ] GC(694) Concurrent Mark Cycle
[359.200s][info][gc,marking  ] GC(694) Concurrent Scan Root Regions
[359.201s][info][gc,cpu      ] GC(693) User=0.03s Sys=0.00s Real=0.01s
[359.217s][info][gc,marking  ] GC(694) Concurrent Scan Root Regions 16.993ms
[359.217s][info][gc,marking  ] GC(694) Concurrent Mark
[359.217s][info][gc,marking  ] GC(694) Concurrent Mark From Roots
[359.217s][info][gc,task     ] GC(694) Using 1 workers of 1 for marking
[359.262s][info][gc,marking  ] GC(694) Concurrent Mark From Roots 44.439ms
[359.262s][info][gc,marking  ] GC(694) Concurrent Preclean
[359.262s][info][gc,marking  ] GC(694) Concurrent Preclean 0.038ms
[359.262s][info][gc,start    ] GC(694) Pause Remark
[359.275s][info][gc          ] GC(694) Pause Remark 181M->73M(256M) 13.082ms
[359.275s][info][gc,cpu      ] GC(694) User=0.03s Sys=0.00s Real=0.02s
[359.275s][info][gc,marking  ] GC(694) Concurrent Mark 57.837ms
[359.275s][info][gc,marking  ] GC(694) Concurrent Rebuild Remembered Sets and Scrub Regions
[359.288s][info][gc,marking  ] GC(694) Concurrent Rebuild Remembered Sets and Scrub Regions 12.823ms
[359.288s][info][gc,start    ] GC(694) Pause Cleanup
[359.288s][info][gc          ] GC(694) Pause Cleanup 75M->75M(256M) 0.040ms
[359.288s][info][gc,cpu      ] GC(694) User=0.00s Sys=0.00s Real=0.00s
[359.288s][info][gc,marking  ] GC(694) Concurrent Clear Claimed Marks
[359.288s][info][gc,marking  ] GC(694) Concurrent Clear Claimed Marks 0.034ms
[359.288s][info][gc,marking  ] GC(694) Concurrent Cleanup for Next Mark
[359.289s][info][gc,marking  ] GC(694) Concurrent Cleanup for Next Mark 0.741ms
[359.289s][info][gc          ] GC(694) Concurrent Mark Cycle 88.774ms
[359.972s][info][gc,start    ] GC(695) Pause Young (Prepare Mixed) (G1 Evacuation Pause)
[359.972s][info][gc,task     ] GC(695) Using 2 workers of 2 for evacuation
[359.977s][info][gc,phases   ] GC(695)   Pre Evacuate Collection Set: 0.23ms
[359.977s][info][gc,phases   ] GC(695)   Merge Heap Roots: 0.11ms
[359.977s][info][gc,phases   ] GC(695)   Evacuate Collection Set: 4.03ms
[359.977s][info][gc,phases   ] GC(695)   Post Evacuate Collection Set: 0.40ms
[359.977s][info][gc,phases   ] GC(695)   Other: 0.07ms
[359.977s][info][gc,heap     ] GC(695) Eden regions: 136->0(148)
[359.977s][info][gc,heap     ] GC(695) Survivor regions: 17->5(20)
[359.977s][info][gc,heap     ] GC(695) Old regions: 46->49
[359.977s][info][gc,heap     ] GC(695) Humongous regions: 1->1
[359.977s][info][gc,metaspace] GC(695) Metaspace: 42885K(43264K)->42885K(43264K) NonClass: 40077K(40320K)->40077K(40320K) Class: 2807K(2944K)->2807K(2944K)
[359.977s][info][gc          ] GC(695) Pause Young (Prepare Mixed) (G1 Evacuation Pause) 200M->54M(256M) 5.004ms
[359.977s][info][gc,cpu      ] GC(695) User=0.01s Sys=0.00s Real=0.00s
[360.761s][info][gc,start    ] GC(696) Pause Young (Mixed) (G1 Evacuation Pause)
[360.761s][info][gc,task     ] GC(696) Using 2 workers of 2 for evacuation
[360.780s][info][gc,phases   ] GC(696)   Pre Evacuate Collection Set: 0.16ms
[360.780s][info][gc,phases   ] GC(696)   Merge Heap Roots: 0.06ms
[360.780s][info][gc,phases   ] GC(696)   Evacuate Collection Set: 18.37ms
[360.780s][info][gc,phases   ] GC(696)   Post Evacuate Collection Set: 0.41ms
[360.780s][info][gc,phases   ] GC(696)   Other: 0.08ms
[360.780s][info][gc,heap     ] GC(696) Eden regions: 148->0(133)
[360.780s][info][gc,heap     ] GC(696) Survivor regions: 5->20(20)
[360.780s][info][gc,heap     ] GC(696) Old regions: 49->44
[360.780s][info][gc,heap     ] GC(696) Humongous regions: 1->1
[360.780s][info][gc,metaspace] GC(696) Metaspace: 42885K(43264K)->42885K(43264K) NonClass: 40077K(40320K)->40077K(40320K) Class: 2807K(2944K)->2807K(2944K)
[360.780s][info][gc          ] GC(696) Pause Young (Mixed) (G1 Evacuation Pause) 202M->65M(256M) 19.272ms
[360.780s][info][gc,cpu      ] GC(696) User=0.04s Sys=0.00s Real=0.02s
[361.504s][info][gc,start    ] GC(697) Pause Young (Concurrent Start) (G1 Evacuation Pause)
[361.504s][info][gc,task     ] GC(697) Using 2 workers of 2 for evacuation
[361.530s][info][gc,phases   ] GC(697)   Pre Evacuate Collection Set: 0.18ms
[361.530s][info][gc,phases   ] GC(697)   Merge Heap Roots: 0.06ms
[361.530s][info][gc,phases   ] GC(697)   Evacuate Collection Set: 25.50ms
[361.531s][info][gc,phases   ] GC(697)   Post Evacuate Collection Set: 0.44ms
[361.531s][info][gc,phases   ] GC(697)   Other: 0.08ms
[361.531s][info][gc,heap     ] GC(697) Eden regions: 133->0(140)
[361.531s][info][gc,heap     ] GC(697) Survivor regions: 20->12(20)
[361.531s][info][gc,heap     ] GC(697) Old regions: 44->64
[361.531s][info][gc,heap     ] GC(697) Humongous regions: 1->1
[361.531s][info][gc,metaspace] GC(697) Metaspace: 42885K(43264K)->42885K(43264K) NonClass: 40077K(40320K)->40077K(40320K) Class: 2807K(2944K)->2807K(2944K)
[361.531s][info][gc          ] GC(697) Pause Young (Concurrent Start) (G1 Evacuation Pause) 198M->76M(256M) 26.443ms
[361.531s][info][gc          ] GC(698) Concurrent Mark Cycle
[361.531s][info][gc,marking  ] GC(698) Concurrent Scan Root Regions
[361.531s][info][gc,cpu      ] GC(697) User=0.05s Sys=0.00s Real=0.02s
[361.553s][info][gc,marking  ] GC(698) Concurrent Scan Root Regions 22.283ms
[361.553s][info][gc,marking  ] GC(698) Concurrent Mark
[361.553s][info][gc,marking  ] GC(698) Concurrent Mark From Roots
[361.553s][info][gc,task     ] GC(698) Using 1 workers of 1 for marking
[361.587s][info][gc,marking  ] GC(698) Concurrent Mark From Roots 34.422ms
[361.587s][info][gc,marking  ] GC(698) Concurrent Preclean
[361.587s][info][gc,marking  ] GC(698) Concurrent Preclean 0.037ms
[361.587s][info][gc,start    ] GC(698) Pause Remark
[361.602s][info][gc          ] GC(698) Pause Remark 86M->86M(256M) 14.572ms
[361.602s][info][gc,cpu      ] GC(698) User=0.03s Sys=0.00s Real=0.02s
[361.602s][info][gc,marking  ] GC(698) Concurrent Mark 49.194ms
[361.602s][info][gc,marking  ] GC(698) Concurrent Rebuild Remembered Sets and Scrub Regions
[361.629s][info][gc,marking  ] GC(698) Concurrent Rebuild Remembered Sets and Scrub Regions 26.576ms
[361.629s][info][gc,start    ] GC(698) Pause Cleanup
[361.629s][info][gc          ] GC(698) Pause Cleanup 91M->91M(256M) 0.037ms
[361.629s][info][gc,cpu      ] GC(698) User=0.00s Sys=0.00s Real=0.00s
[361.629s][info][gc,marking  ] GC(698) Concurrent Clear Claimed Marks
[361.629s][info][gc,marking  ] GC(698) Concurrent Clear Claimed Marks 0.042ms
[361.629s][info][gc,marking  ] GC(698) Concurrent Cleanup for Next Mark
[361.630s][info][gc,marking  ] GC(698) Concurrent Cleanup for Next Mark 0.735ms
[361.630s][info][gc          ] GC(698) Concurrent Mark Cycle 99.137ms
[362.306s][info][gc,start    ] GC(699) Pause Young (Prepare Mixed) (G1 Evacuation Pause)
[362.306s][info][gc,task     ] GC(699) Using 2 workers of 2 for evacuation
[362.320s][info][gc,phases   ] GC(699)   Pre Evacuate Collection Set: 0.16ms
[362.320s][info][gc,phases   ] GC(699)   Merge Heap Roots: 0.07ms
[362.320s][info][gc,phases   ] GC(699)   Evacuate Collection Set: 14.14ms
[362.320s][info][gc,phases   ] GC(699)   Post Evacuate Collection Set: 0.39ms
[362.320s][info][gc,phases   ] GC(699)   Other: 0.07ms
[362.320s][info][gc,heap     ] GC(699) Eden regions: 140->0(136)
[362.320s][info][gc,heap     ] GC(699) Survivor regions: 12->15(19)
[362.320s][info][gc,heap     ] GC(699) Old regions: 64->65
[362.320s][info][gc,heap     ] GC(699) Humongous regions: 2->2
[362.320s][info][gc,metaspace] GC(699) Metaspace: 42885K(43264K)->42885K(43264K) NonClass: 40077K(40320K)->40077K(40320K) Class: 2807K(2944K)->2807K(2944K)
[362.321s][info][gc          ] GC(699) Pause Young (Prepare Mixed) (G1 Evacuation Pause) 217M->81M(256M) 15.002ms
[362.321s][info][gc,cpu      ] GC(699) User=0.03s Sys=0.00s Real=0.01s
[363.046s][info][gc,start    ] GC(700) Pause Young (Mixed) (G1 Evacuation Pause)
[363.046s][info][gc,task     ] GC(700) Using 2 workers of 2 for evacuation
[363.074s][info][gc,phases   ] GC(700)   Pre Evacuate Collection Set: 0.16ms
[363.074s][info][gc,phases   ] GC(700)   Merge Heap Roots: 0.15ms
[363.074s][info][gc,phases   ] GC(700)   Evacuate Collection Set: 27.13ms
[363.074s][info][gc,phases   ] GC(700)   Post Evacuate Collection Set: 0.43ms
[363.074s][info][gc,phases   ] GC(700)   Other: 0.07ms
[363.074s][info][gc,heap     ] GC(700) Eden regions: 136->0(134)
[363.074s][info][gc,heap     ] GC(700) Survivor regions: 15->13(19)
[363.074s][info][gc,heap     ] GC(700) Old regions: 65->72
[363.074s][info][gc,heap     ] GC(700) Humongous regions: 2->2
[363.074s][info][gc,metaspace] GC(700) Metaspace: 42885K(43264K)->42885K(43264K) NonClass: 40077K(40320K)->40077K(40320K) Class: 2807K(2944K)->2807K(2944K)
[363.074s][info][gc          ] GC(700) Pause Young (Mixed) (G1 Evacuation Pause) 217M->86M(256M) 28.125ms
[363.074s][info][gc,cpu      ] GC(700) User=0.05s Sys=0.00s Real=0.03s
[363.206s][info][gc,start    ] GC(701) Pause Young (Concurrent Start) (G1 Humongous Allocation)
[363.206s][info][gc,task     ] GC(701) Using 2 workers of 2 for evacuation
[363.221s][info][gc,phases   ] GC(701)   Pre Evacuate Collection Set: 0.17ms
[363.221s][info][gc,phases   ] GC(701)   Merge Heap Roots: 0.06ms
[363.221s][info][gc,phases   ] GC(701)   Evacuate Collection Set: 14.32ms
[363.221s][info][gc,phases   ] GC(701)   Post Evacuate Collection Set: 0.33ms
[363.221s][info][gc,phases   ] GC(701)   Other: 0.09ms
[363.221s][info][gc,heap     ] GC(701) Eden regions: 36->0(127)
[363.221s][info][gc,heap     ] GC(701) Survivor regions: 13->7(19)
[363.221s][info][gc,heap     ] GC(701) Old regions: 72->84
[363.221s][info][gc,heap     ] GC(701) Humongous regions: 2->2
[363.221s][info][gc,metaspace] GC(701) Metaspace: 42890K(43264K)->42890K(43264K) NonClass: 40083K(40320K)->40083K(40320K) Class: 2807K(2944K)->2807K(2944K)
[363.221s][info][gc          ] GC(701) Pause Young (Concurrent Start) (G1 Humongous Allocation) 122M->93M(256M) 15.140ms
[363.221s][info][gc,cpu      ] GC(701) User=0.03s Sys=0.00s Real=0.01s
[363.221s][info][gc          ] GC(702) Concurrent Mark Cycle
[363.221s][info][gc,marking  ] GC(702) Concurrent Scan Root Regions
[363.236s][info][gc,marking  ] GC(702) Concurrent Scan Root Regions 14.830ms
[363.236s][info][gc,marking  ] GC(702) Concurrent Mark
[363.236s][info][gc,marking  ] GC(702) Concurrent Mark From Roots
[363.236s][info][gc,task     ] GC(702) Using 1 workers of 1 for marking
[363.271s][info][gc,marking  ] GC(702) Concurrent Mark From Roots 35.185ms
[363.271s][info][gc,marking  ] GC(702) Concurrent Preclean
[363.271s][info][gc,marking  ] GC(702) Concurrent Preclean 0.039ms
[363.272s][info][gc,start    ] GC(702) Pause Remark
[363.284s][info][gc          ] GC(702) Pause Remark 105M->91M(256M) 12.280ms
[363.284s][info][gc,cpu      ] GC(702) User=0.02s Sys=0.00s Real=0.02s
[363.284s][info][gc,marking  ] GC(702) Concurrent Mark 47.744ms
[363.284s][info][gc,marking  ] GC(702) Concurrent Rebuild Remembered Sets and Scrub Regions
[363.306s][info][gc,marking  ] GC(702) Concurrent Rebuild Remembered Sets and Scrub Regions 22.038ms
[363.306s][info][gc,start    ] GC(702) Pause Cleanup
[363.306s][info][gc          ] GC(702) Pause Cleanup 96M->96M(256M) 0.057ms
[363.306s][info][gc,cpu      ] GC(702) User=0.00s Sys=0.00s Real=0.00s
[363.306s][info][gc,marking  ] GC(702) Concurrent Clear Claimed Marks
[363.307s][info][gc,marking  ] GC(702) Concurrent Clear Claimed Marks 0.038ms
[363.307s][info][gc,marking  ] GC(702) Concurrent Cleanup for Next Mark
[363.307s][info][gc,marking  ] GC(702) Concurrent Cleanup for Next Mark 0.901ms
[363.307s][info][gc          ] GC(702) Concurrent Mark Cycle 86.204ms
[363.732s][info][gc,start    ] GC(703) Pause Young (Prepare Mixed) (G1 Evacuation Pause)
[363.732s][info][gc,task     ] GC(703) Using 2 workers of 2 for evacuation
[363.738s][info][gc,phases   ] GC(703)   Pre Evacuate Collection Set: 0.14ms
[363.738s][info][gc,phases   ] GC(703)   Merge Heap Roots: 0.06ms
[363.738s][info][gc,phases   ] GC(703)   Evacuate Collection Set: 4.99ms
[363.738s][info][gc,phases   ] GC(703)   Post Evacuate Collection Set: 0.37ms
[363.738s][info][gc,phases   ] GC(703)   Other: 0.10ms
[363.738s][info][gc,heap     ] GC(703) Eden regions: 127->0(141)
[363.738s][info][gc,heap     ] GC(703) Survivor regions: 7->8(17)
[363.738s][info][gc,heap     ] GC(703) Old regions: 71->71
[363.738s][info][gc,heap     ] GC(703) Humongous regions: 13->3
[363.738s][info][gc,metaspace] GC(703) Metaspace: 42892K(43264K)->42892K(43264K) NonClass: 40085K(40320K)->40085K(40320K) Class: 2807K(2944K)->2807K(2944K)
[363.738s][info][gc          ] GC(703) Pause Young (Prepare Mixed) (G1 Evacuation Pause) 218M->81M(256M) 5.844ms
[363.738s][info][gc,cpu      ] GC(703) User=0.01s Sys=0.00s Real=0.01s
[364.271s][info][gc,start    ] GC(704) Pause Young (Mixed) (G1 Evacuation Pause)
[364.271s][info][gc,task     ] GC(704) Using 2 workers of 2 for evacuation
[364.302s][info][gc,phases   ] GC(704)   Pre Evacuate Collection Set: 0.20ms
[364.302s][info][gc,phases   ] GC(704)   Merge Heap Roots: 0.16ms
[364.302s][info][gc,phases   ] GC(704)   Evacuate Collection Set: 29.98ms
[364.302s][info][gc,phases   ] GC(704)   Post Evacuate Collection Set: 0.57ms
[364.302s][info][gc,phases   ] GC(704)   Other: 0.10ms
[364.302s][info][gc,heap     ] GC(704) Eden regions: 141->0(134)
[364.302s][info][gc,heap     ] GC(704) Survivor regions: 8->19(19)
[364.302s][info][gc,heap     ] GC(704) Old regions: 71->48
[364.302s][info][gc,heap     ] GC(704) Humongous regions: 12->3
[364.302s][info][gc,metaspace] GC(704) Metaspace: 42905K(43264K)->42905K(43264K) NonClass: 40097K(40320K)->40097K(40320K) Class: 2807K(2944K)->2807K(2944K)
[364.302s][info][gc          ] GC(704) Pause Young (Mixed) (G1 Evacuation Pause) 231M->69M(256M) 31.209ms
[364.302s][info][gc,cpu      ] GC(704) User=0.04s Sys=0.00s Real=0.03s
[364.427s][info][gc,start    ] GC(705) Pause Young (Concurrent Start) (G1 Humongous Allocation)
[364.427s][info][gc,task     ] GC(705) Using 2 workers of 2 for evacuation
[364.442s][info][gc,phases   ] GC(705)   Pre Evacuate Collection Set: 0.19ms
[364.443s][info][gc,phases   ] GC(705)   Merge Heap Roots: 0.08ms
[364.443s][info][gc,phases   ] GC(705)   Evacuate Collection Set: 14.36ms
[364.443s][info][gc,phases   ] GC(705)   Post Evacuate Collection Set: 0.34ms
[364.443s][info][gc,phases   ] GC(705)   Other: 0.14ms
[364.443s][info][gc,heap     ] GC(705) Eden regions: 30->0(148)
[364.443s][info][gc,heap     ] GC(705) Survivor regions: 19->5(20)
[364.443s][info][gc,heap     ] GC(705) Old regions: 48->63
[364.443s][info][gc,heap     ] GC(705) Humongous regions: 3->3
[364.443s][info][gc,metaspace] GC(705) Metaspace: 42905K(43264K)->42905K(43264K) NonClass: 40097K(40320K)->40097K(40320K) Class: 2807K(2944K)->2807K(2944K)
[364.443s][info][gc          ] GC(705) Pause Young (Concurrent Start) (G1 Humongous Allocation) 99M->69M(256M) 15.269ms
[364.443s][info][gc,cpu      ] GC(705) User=0.03s Sys=0.00s Real=0.02s
[364.443s][info][gc          ] GC(706) Concurrent Mark Cycle
[364.443s][info][gc,marking  ] GC(706) Concurrent Scan Root Regions
[364.457s][info][gc,marking  ] GC(706) Concurrent Scan Root Regions 14.556ms
[364.457s][info][gc,marking  ] GC(706) Concurrent Mark
[364.457s][info][gc,marking  ] GC(706) Concurrent Mark From Roots
[364.457s][info][gc,task     ] GC(706) Using 1 workers of 1 for marking
[364.504s][info][gc,marking  ] GC(706) Concurrent Mark From Roots 47.175ms
[364.504s][info][gc,marking  ] GC(706) Concurrent Preclean
[364.505s][info][gc,marking  ] GC(706) Concurrent Preclean 0.038ms
[364.505s][info][gc,start    ] GC(706) Pause Remark
[364.517s][info][gc          ] GC(706) Pause Remark 82M->81M(256M) 12.286ms
[364.517s][info][gc,cpu      ] GC(706) User=0.03s Sys=0.00s Real=0.01s
[364.517s][info][gc,marking  ] GC(706) Concurrent Mark 59.679ms
[364.517s][info][gc,marking  ] GC(706) Concurrent Rebuild Remembered Sets and Scrub Regions
[364.539s][info][gc,marking  ] GC(706) Concurrent Rebuild Remembered Sets and Scrub Regions 21.618ms
[364.539s][info][gc,start    ] GC(706) Pause Cleanup
[364.539s][info][gc          ] GC(706) Pause Cleanup 87M->87M(256M) 0.040ms
[364.539s][info][gc,cpu      ] GC(706) User=0.00s Sys=0.00s Real=0.00s
[364.539s][info][gc,marking  ] GC(706) Concurrent Clear Claimed Marks
[364.539s][info][gc,marking  ] GC(706) Concurrent Clear Claimed Marks 0.036ms
[364.539s][info][gc,marking  ] GC(706) Concurrent Cleanup for Next Mark
[364.540s][info][gc,marking  ] GC(706) Concurrent Cleanup for Next Mark 0.764ms
[364.540s][info][gc          ] GC(706) Concurrent Mark Cycle 96.889ms
[365.007s][info][gc,start    ] GC(707) Pause Young (Prepare Mixed) (G1 Evacuation Pause)
[365.007s][info][gc,task     ] GC(707) Using 2 workers of 2 for evacuation
[365.016s][info][gc,phases   ] GC(707)   Pre Evacuate Collection Set: 0.15ms
[365.016s][info][gc,phases   ] GC(707)   Merge Heap Roots: 0.09ms
[365.016s][info][gc,phases   ] GC(707)   Evacuate Collection Set: 8.23ms
[365.016s][info][gc,phases   ] GC(707)   Post Evacuate Collection Set: 0.40ms
[365.016s][info][gc,phases   ] GC(707)   Other: 0.07ms
[365.016s][info][gc,heap     ] GC(707) Eden regions: 148->0(144)
[365.016s][info][gc,heap     ] GC(707) Survivor regions: 5->9(20)
[365.016s][info][gc,heap     ] GC(707) Old regions: 62->62
[365.016s][info][gc,heap     ] GC(707) Humongous regions: 12->3
[365.016s][info][gc,metaspace] GC(707) Metaspace: 42905K(43264K)->42905K(43264K) NonClass: 40097K(40320K)->40097K(40320K) Class: 2807K(2944K)->2807K(2944K)
[365.016s][info][gc          ] GC(707) Pause Young (Prepare Mixed) (G1 Evacuation Pause) 225M->73M(256M) 9.097ms
[365.016s][info][gc,cpu      ] GC(707) User=0.01s Sys=0.00s Real=0.01s
[365.520s][info][gc,start    ] GC(708) Pause Young (Mixed) (G1 Evacuation Pause)
[365.521s][info][gc,task     ] GC(708) Using 2 workers of 2 for evacuation
[365.548s][info][gc,phases   ] GC(708)   Pre Evacuate Collection Set: 0.17ms
[365.548s][info][gc,phases   ] GC(708)   Merge Heap Roots: 0.09ms
[365.548s][info][gc,phases   ] GC(708)   Evacuate Collection Set: 26.62ms
[365.548s][info][gc,phases   ] GC(708)   Post Evacuate Collection Set: 0.50ms
[365.548s][info][gc,phases   ] GC(708)   Other: 0.08ms
[365.548s][info][gc,heap     ] GC(708) Eden regions: 144->0(133)
[365.548s][info][gc,heap     ] GC(708) Survivor regions: 9->20(20)
[365.548s][info][gc,heap     ] GC(708) Old regions: 62->59
[365.548s][info][gc,heap     ] GC(708) Humongous regions: 5->3
[365.548s][info][gc,metaspace] GC(708) Metaspace: 42905K(43264K)->42905K(43264K) NonClass: 40098K(40320K)->40098K(40320K) Class: 2807K(2944K)->2807K(2944K)
[365.548s][info][gc          ] GC(708) Pause Young (Mixed) (G1 Evacuation Pause) 219M->82M(256M) 27.648ms
[365.548s][info][gc,cpu      ] GC(708) User=0.05s Sys=0.00s Real=0.03s
[365.787s][info][gc,start    ] GC(709) Pause Young (Concurrent Start) (G1 Humongous Allocation)
[365.787s][info][gc,task     ] GC(709) Using 2 workers of 2 for evacuation
[365.813s][info][gc,phases   ] GC(709)   Pre Evacuate Collection Set: 0.17ms
[365.813s][info][gc,phases   ] GC(709)   Merge Heap Roots: 0.16ms
[365.813s][info][gc,phases   ] GC(709)   Evacuate Collection Set: 25.10ms
[365.813s][info][gc,phases   ] GC(709)   Post Evacuate Collection Set: 0.41ms
[365.813s][info][gc,phases   ] GC(709)   Other: 0.08ms
[365.813s][info][gc,heap     ] GC(709) Eden regions: 58->0(137)
[365.813s][info][gc,heap     ] GC(709) Survivor regions: 20->7(20)
[365.813s][info][gc,heap     ] GC(709) Old regions: 59->76
[365.813s][info][gc,heap     ] GC(709) Humongous regions: 3->1
[365.813s][info][gc,metaspace] GC(709) Metaspace: 42905K(43264K)->42905K(43264K) NonClass: 40098K(40320K)->40098K(40320K) Class: 2807K(2944K)->2807K(2944K)
[365.813s][info][gc          ] GC(709) Pause Young (Concurrent Start) (G1 Humongous Allocation) 140M->83M(256M) 26.090ms
[365.813s][info][gc,cpu      ] GC(709) User=0.05s Sys=0.00s Real=0.03s
[365.813s][info][gc          ] GC(710) Concurrent Mark Cycle
[365.813s][info][gc,marking  ] GC(710) Concurrent Scan Root Regions
[365.830s][info][gc,marking  ] GC(710) Concurrent Scan Root Regions 17.091ms
[365.830s][info][gc,marking  ] GC(710) Concurrent Mark
[365.830s][info][gc,marking  ] GC(710) Concurrent Mark From Roots
[365.830s][info][gc,task     ] GC(710) Using 1 workers of 1 for marking
[365.888s][info][gc,marking  ] GC(710) Concurrent Mark From Roots 57.572ms
[365.888s][info][gc,marking  ] GC(710) Concurrent Preclean
[365.888s][info][gc,marking  ] GC(710) Concurrent Preclean 0.038ms
[365.888s][info][gc,start    ] GC(710) Pause Remark
[365.901s][info][gc          ] GC(710) Pause Remark 106M->106M(256M) 12.601ms
[365.901s][info][gc,cpu      ] GC(710) User=0.03s Sys=0.00s Real=0.01s
[365.901s][info][gc,marking  ] GC(710) Concurrent Mark 70.504ms
[365.901s][info][gc,marking  ] GC(710) Concurrent Rebuild Remembered Sets and Scrub Regions
[365.937s][info][gc,marking  ] GC(710) Concurrent Rebuild Remembered Sets and Scrub Regions 36.210ms
[365.937s][info][gc,start    ] GC(710) Pause Cleanup
[365.937s][info][gc          ] GC(710) Pause Cleanup 107M->107M(256M) 0.035ms
[365.937s][info][gc,cpu      ] GC(710) User=0.00s Sys=0.00s Real=0.00s
[365.937s][info][gc,marking  ] GC(710) Concurrent Clear Claimed Marks
[365.937s][info][gc,marking  ] GC(710) Concurrent Clear Claimed Marks 0.033ms
[365.937s][info][gc,marking  ] GC(710) Concurrent Cleanup for Next Mark
[365.938s][info][gc,marking  ] GC(710) Concurrent Cleanup for Next Mark 0.762ms
[365.938s][info][gc          ] GC(710) Concurrent Mark Cycle 124.875ms
[366.387s][info][gc,start    ] GC(711) Pause Young (Prepare Mixed) (G1 Evacuation Pause)
[366.387s][info][gc,task     ] GC(711) Using 2 workers of 2 for evacuation
[366.400s][info][gc,phases   ] GC(711)   Pre Evacuate Collection Set: 0.18ms
[366.400s][info][gc,phases   ] GC(711)   Merge Heap Roots: 0.11ms
[366.400s][info][gc,phases   ] GC(711)   Evacuate Collection Set: 12.68ms
[366.400s][info][gc,phases   ] GC(711)   Post Evacuate Collection Set: 0.42ms
[366.400s][info][gc,phases   ] GC(711)   Other: 0.09ms
[366.400s][info][gc,heap     ] GC(711) Eden regions: 137->0(130)
[366.400s][info][gc,heap     ] GC(711) Survivor regions: 7->14(18)
[366.400s][info][gc,heap     ] GC(711) Old regions: 76->76
[366.400s][info][gc,heap     ] GC(711) Humongous regions: 15->3
[366.400s][info][gc,metaspace] GC(711) Metaspace: 42906K(43264K)->42906K(43264K) NonClass: 40098K(40320K)->40098K(40320K) Class: 2807K(2944K)->2807K(2944K)
[366.400s][info][gc          ] GC(711) Pause Young (Prepare Mixed) (G1 Evacuation Pause) 234M->92M(256M) 13.658ms
[366.400s][info][gc,cpu      ] GC(711) User=0.02s Sys=0.00s Real=0.01s
[366.845s][info][gc,start    ] GC(712) Pause Young (Mixed) (G1 Evacuation Pause)
[366.845s][info][gc,task     ] GC(712) Using 2 workers of 2 for evacuation
[366.866s][info][gc,phases   ] GC(712)   Pre Evacuate Collection Set: 0.20ms
[366.866s][info][gc,phases   ] GC(712)   Merge Heap Roots: 0.13ms
[366.866s][info][gc,phases   ] GC(712)   Evacuate Collection Set: 19.87ms
[366.866s][info][gc,phases   ] GC(712)   Post Evacuate Collection Set: 0.44ms
[366.866s][info][gc,phases   ] GC(712)   Other: 0.09ms
[366.866s][info][gc,heap     ] GC(712) Eden regions: 130->0(137)
[366.866s][info][gc,heap     ] GC(712) Survivor regions: 14->8(18)
[366.866s][info][gc,heap     ] GC(712) Old regions: 76->77
[366.866s][info][gc,heap     ] GC(712) Humongous regions: 13->3
[366.866s][info][gc,metaspace] GC(712) Metaspace: 42906K(43264K)->42906K(43264K) NonClass: 40099K(40320K)->40099K(40320K) Class: 2807K(2944K)->2807K(2944K)
[366.866s][info][gc          ] GC(712) Pause Young (Mixed) (G1 Evacuation Pause) 232M->88M(256M) 20.901ms
[366.866s][info][gc,cpu      ] GC(712) User=0.04s Sys=0.00s Real=0.02s
[366.970s][info][gc,start    ] GC(713) Pause Young (Concurrent Start) (G1 Humongous Allocation)
[366.970s][info][gc,task     ] GC(713) Using 2 workers of 2 for evacuation
[366.973s][info][gc,phases   ] GC(713)   Pre Evacuate Collection Set: 0.19ms
[366.973s][info][gc,phases   ] GC(713)   Merge Heap Roots: 0.06ms
[366.973s][info][gc,phases   ] GC(713)   Evacuate Collection Set: 2.06ms
[366.973s][info][gc,phases   ] GC(713)   Post Evacuate Collection Set: 0.30ms
[366.973s][info][gc,phases   ] GC(713)   Other: 0.08ms
[366.973s][info][gc,heap     ] GC(713) Eden regions: 26->0(148)
[366.973s][info][gc,heap     ] GC(713) Survivor regions: 8->2(19)
[366.973s][info][gc,heap     ] GC(713) Old regions: 77->77
[366.973s][info][gc,heap     ] GC(713) Humongous regions: 3->1
[366.973s][info][gc,metaspace] GC(713) Metaspace: 42906K(43264K)->42906K(43264K) NonClass: 40099K(40320K)->40099K(40320K) Class: 2807K(2944K)->2807K(2944K)
[366.973s][info][gc          ] GC(713) Pause Young (Concurrent Start) (G1 Humongous Allocation) 114M->80M(256M) 2.857ms
[366.973s][info][gc,cpu      ] GC(713) User=0.00s Sys=0.00s Real=0.01s
[366.973s][info][gc          ] GC(714) Concurrent Mark Cycle
[366.973s][info][gc,marking  ] GC(714) Concurrent Scan Root Regions
[366.979s][info][gc,marking  ] GC(714) Concurrent Scan Root Regions 5.816ms
[366.979s][info][gc,marking  ] GC(714) Concurrent Mark
[366.979s][info][gc,marking  ] GC(714) Concurrent Mark From Roots
[366.979s][info][gc,task     ] GC(714) Using 1 workers of 1 for marking
[367.024s][info][gc,marking  ] GC(714) Concurrent Mark From Roots 44.834ms
[367.024s][info][gc,marking  ] GC(714) Concurrent Preclean
[367.024s][info][gc,marking  ] GC(714) Concurrent Preclean 0.037ms
[367.024s][info][gc,start    ] GC(714) Pause Remark
[367.036s][info][gc          ] GC(714) Pause Remark 95M->78M(256M) 12.534ms
[367.036s][info][gc,cpu      ] GC(714) User=0.02s Sys=0.00s Real=0.01s
[367.037s][info][gc,marking  ] GC(714) Concurrent Mark 57.694ms
[367.037s][info][gc,marking  ] GC(714) Concurrent Rebuild Remembered Sets and Scrub Regions
[367.061s][info][gc,marking  ] GC(714) Concurrent Rebuild Remembered Sets and Scrub Regions 24.490ms
[367.061s][info][gc,start    ] GC(714) Pause Cleanup
[367.061s][info][gc          ] GC(714) Pause Cleanup 84M->84M(256M) 0.045ms
[367.061s][info][gc,cpu      ] GC(714) User=0.00s Sys=0.00s Real=0.00s
[367.061s][info][gc,marking  ] GC(714) Concurrent Clear Claimed Marks
[367.061s][info][gc,marking  ] GC(714) Concurrent Clear Claimed Marks 0.033ms
[367.061s][info][gc,marking  ] GC(714) Concurrent Cleanup for Next Mark
[367.062s][info][gc,marking  ] GC(714) Concurrent Cleanup for Next Mark 0.756ms
[367.062s][info][gc          ] GC(714) Concurrent Mark Cycle 89.149ms
[367.528s][info][gc,start    ] GC(715) Pause Young (Prepare Mixed) (G1 Evacuation Pause)
[367.528s][info][gc,task     ] GC(715) Using 2 workers of 2 for evacuation
[367.535s][info][gc,phases   ] GC(715)   Pre Evacuate Collection Set: 0.15ms
[367.535s][info][gc,phases   ] GC(715)   Merge Heap Roots: 0.06ms
[367.535s][info][gc,phases   ] GC(715)   Evacuate Collection Set: 6.20ms
[367.535s][info][gc,phases   ] GC(715)   Post Evacuate Collection Set: 0.43ms
[367.535s][info][gc,phases   ] GC(715)   Other: 0.07ms
[367.535s][info][gc,heap     ] GC(715) Eden regions: 148->0(144)
[367.535s][info][gc,heap     ] GC(715) Survivor regions: 2->9(19)
[367.535s][info][gc,heap     ] GC(715) Old regions: 60->60
[367.535s][info][gc,heap     ] GC(715) Humongous regions: 15->3
[367.535s][info][gc,metaspace] GC(715) Metaspace: 42906K(43264K)->42906K(43264K) NonClass: 40099K(40320K)->40099K(40320K) Class: 2807K(2944K)->2807K(2944K)
[367.535s][info][gc          ] GC(715) Pause Young (Prepare Mixed) (G1 Evacuation Pause) 225M->71M(256M) 7.071ms
[367.535s][info][gc,cpu      ] GC(715) User=0.02s Sys=0.00s Real=0.01s
[368.030s][info][gc,start    ] GC(716) Pause Young (Mixed) (G1 Evacuation Pause)
[368.030s][info][gc,task     ] GC(716) Using 2 workers of 2 for evacuation
[368.058s][info][gc,phases   ] GC(716)   Pre Evacuate Collection Set: 0.17ms
[368.058s][info][gc,phases   ] GC(716)   Merge Heap Roots: 0.16ms
[368.058s][info][gc,phases   ] GC(716)   Evacuate Collection Set: 26.98ms
[368.058s][info][gc,phases   ] GC(716)   Post Evacuate Collection Set: 0.49ms
[368.058s][info][gc,phases   ] GC(716)   Other: 0.10ms
[368.058s][info][gc,heap     ] GC(716) Eden regions: 144->0(133)
[368.058s][info][gc,heap     ] GC(716) Survivor regions: 9->20(20)
[368.058s][info][gc,heap     ] GC(716) Old regions: 60->48
[368.058s][info][gc,heap     ] GC(716) Humongous regions: 3->3
[368.058s][info][gc,metaspace] GC(716) Metaspace: 42906K(43264K)->42906K(43264K) NonClass: 40099K(40320K)->40099K(40320K) Class: 2807K(2944K)->2807K(2944K)
[368.058s][info][gc          ] GC(716) Pause Young (Mixed) (G1 Evacuation Pause) 215M->70M(256M) 28.084ms
[368.058s][info][gc,cpu      ] GC(716) User=0.06s Sys=0.00s Real=0.03s
[368.612s][info][gc,start    ] GC(717) Pause Young (Concurrent Start) (G1 Evacuation Pause)
[368.612s][info][gc,task     ] GC(717) Using 2 workers of 2 for evacuation
[368.640s][info][gc,phases   ] GC(717)   Pre Evacuate Collection Set: 0.17ms
[368.640s][info][gc,phases   ] GC(717)   Merge Heap Roots: 0.15ms
[368.640s][info][gc,phases   ] GC(717)   Evacuate Collection Set: 26.57ms
[368.640s][info][gc,phases   ] GC(717)   Post Evacuate Collection Set: 0.74ms
[368.640s][info][gc,phases   ] GC(717)   Other: 0.10ms
[368.640s][info][gc,heap     ] GC(717) Eden regions: 133->0(159)
[368.640s][info][gc,heap     ] GC(717) Survivor regions: 20->12(20)
[368.640s][info][gc,heap     ] GC(717) Old regions: 48->60
[368.640s][info][gc,heap     ] GC(717) Humongous regions: 3->3
[368.640s][info][gc,metaspace] GC(717) Metaspace: 42906K(43264K)->42906K(43264K) NonClass: 40099K(40320K)->40099K(40320K) Class: 2807K(2944K)->2807K(2944K)
[368.640s][info][gc          ] GC(717) Pause Young (Concurrent Start) (G1 Evacuation Pause) 203M->74M(285M) 27.915ms
[368.640s][info][gc,cpu      ] GC(717) User=0.05s Sys=0.00s Real=0.02s
[368.640s][info][gc          ] GC(718) Concurrent Mark Cycle
[368.640s][info][gc,marking  ] GC(718) Concurrent Scan Root Regions
[368.663s][info][gc,marking  ] GC(718) Concurrent Scan Root Regions 22.099ms
[368.663s][info][gc,marking  ] GC(718) Concurrent Mark
[368.663s][info][gc,marking  ] GC(718) Concurrent Mark From Roots
[368.663s][info][gc,task     ] GC(718) Using 1 workers of 1 for marking
[368.721s][info][gc,marking  ] GC(718) Concurrent Mark From Roots 57.969ms
[368.721s][info][gc,marking  ] GC(718) Concurrent Preclean
[368.721s][info][gc,marking  ] GC(718) Concurrent Preclean 0.039ms
[368.721s][info][gc,start    ] GC(718) Pause Remark
[368.734s][info][gc          ] GC(718) Pause Remark 91M->91M(256M) 12.807ms
[368.734s][info][gc,cpu      ] GC(718) User=0.02s Sys=0.00s Real=0.02s
[368.734s][info][gc,marking  ] GC(718) Concurrent Mark 71.055ms
[368.734s][info][gc,marking  ] GC(718) Concurrent Rebuild Remembered Sets and Scrub Regions
[368.770s][info][gc,marking  ] GC(718) Concurrent Rebuild Remembered Sets and Scrub Regions 36.458ms
[368.770s][info][gc,start    ] GC(718) Pause Cleanup
[368.770s][info][gc          ] GC(718) Pause Cleanup 100M->100M(256M) 0.056ms
[368.770s][info][gc,cpu      ] GC(718) User=0.00s Sys=0.00s Real=0.00s
[368.770s][info][gc,marking  ] GC(718) Concurrent Clear Claimed Marks
[368.770s][info][gc,marking  ] GC(718) Concurrent Clear Claimed Marks 0.039ms
[368.770s][info][gc,marking  ] GC(718) Concurrent Cleanup for Next Mark
[368.771s][info][gc,marking  ] GC(718) Concurrent Cleanup for Next Mark 0.873ms
[368.771s][info][gc          ] GC(718) Concurrent Mark Cycle 130.801ms
[369.152s][info][gc,start    ] GC(719) Pause Young (Prepare Mixed) (G1 Evacuation Pause)
[369.152s][info][gc,task     ] GC(719) Using 2 workers of 2 for evacuation
[369.179s][info][gc,phases   ] GC(719)   Pre Evacuate Collection Set: 0.17ms
[369.179s][info][gc,phases   ] GC(719)   Merge Heap Roots: 0.14ms
[369.179s][info][gc,phases   ] GC(719)   Evacuate Collection Set: 25.95ms
[369.179s][info][gc,phases   ] GC(719)   Post Evacuate Collection Set: 0.51ms
[369.179s][info][gc,phases   ] GC(719)   Other: 0.07ms
[369.179s][info][gc,heap     ] GC(719) Eden regions: 141->0(127)
[369.179s][info][gc,heap     ] GC(719) Survivor regions: 12->16(20)
[369.179s][info][gc,heap     ] GC(719) Old regions: 60->72
[369.179s][info][gc,heap     ] GC(719) Humongous regions: 7->3
[369.179s][info][gc,metaspace] GC(719) Metaspace: 42906K(43264K)->42906K(43264K) NonClass: 40099K(40320K)->40099K(40320K) Class: 2807K(2944K)->2807K(2944K)
[369.179s][info][gc          ] GC(719) Pause Young (Prepare Mixed) (G1 Evacuation Pause) 219M->90M(256M) 27.014ms
[369.179s][info][gc,cpu      ] GC(719) User=0.05s Sys=0.00s Real=0.02s
[369.586s][info][gc,start    ] GC(720) Pause Young (Mixed) (G1 Evacuation Pause)
[369.587s][info][gc,task     ] GC(720) Using 2 workers of 2 for evacuation
[369.605s][info][gc,phases   ] GC(720)   Pre Evacuate Collection Set: 0.16ms
[369.605s][info][gc,phases   ] GC(720)   Merge Heap Roots: 0.18ms
[369.605s][info][gc,phases   ] GC(720)   Evacuate Collection Set: 17.41ms
[369.605s][info][gc,phases   ] GC(720)   Post Evacuate Collection Set: 0.39ms
[369.605s][info][gc,phases   ] GC(720)   Other: 0.08ms
[369.605s][info][gc,heap     ] GC(720) Eden regions: 127->0(135)
[369.605s][info][gc,heap     ] GC(720) Survivor regions: 16->6(18)
[369.605s][info][gc,heap     ] GC(720) Old regions: 72->75
[369.605s][info][gc,heap     ] GC(720) Humongous regions: 11->3
[369.605s][info][gc,metaspace] GC(720) Metaspace: 42907K(43264K)->42907K(43264K) NonClass: 40099K(40320K)->40099K(40320K) Class: 2807K(2944K)->2807K(2944K)
[369.605s][info][gc          ] GC(720) Pause Young (Mixed) (G1 Evacuation Pause) 225M->83M(256M) 18.377ms
[369.605s][info][gc,cpu      ] GC(720) User=0.04s Sys=0.00s Real=0.02s
[369.689s][info][gc,start    ] GC(721) Pause Young (Concurrent Start) (G1 Humongous Allocation)
[369.689s][info][gc,task     ] GC(721) Using 2 workers of 2 for evacuation
[369.691s][info][gc,phases   ] GC(721)   Pre Evacuate Collection Set: 0.16ms
[369.691s][info][gc,phases   ] GC(721)   Merge Heap Roots: 0.03ms
[369.691s][info][gc,phases   ] GC(721)   Evacuate Collection Set: 1.32ms
[369.691s][info][gc,phases   ] GC(721)   Post Evacuate Collection Set: 0.30ms
[369.691s][info][gc,phases   ] GC(721)   Other: 0.08ms
[369.691s][info][gc,heap     ] GC(721) Eden regions: 21->0(145)
[369.691s][info][gc,heap     ] GC(721) Survivor regions: 6->2(18)
[369.691s][info][gc,heap     ] GC(721) Old regions: 75->75
[369.691s][info][gc,heap     ] GC(721) Humongous regions: 3->1
[369.691s][info][gc,metaspace] GC(721) Metaspace: 42907K(43264K)->42907K(43264K) NonClass: 40099K(40320K)->40099K(40320K) Class: 2807K(2944K)->2807K(2944K)
[369.691s][info][gc          ] GC(721) Pause Young (Concurrent Start) (G1 Humongous Allocation) 104M->76M(256M) 2.043ms
[369.691s][info][gc,cpu      ] GC(721) User=0.00s Sys=0.00s Real=0.00s
[369.691s][info][gc          ] GC(722) Concurrent Mark Cycle
[369.691s][info][gc,marking  ] GC(722) Concurrent Scan Root Regions
[369.693s][info][gc,marking  ] GC(722) Concurrent Scan Root Regions 1.241ms
[369.693s][info][gc,marking  ] GC(722) Concurrent Mark
[369.693s][info][gc,marking  ] GC(722) Concurrent Mark From Roots
[369.693s][info][gc,task     ] GC(722) Using 1 workers of 1 for marking
[369.748s][info][gc,marking  ] GC(722) Concurrent Mark From Roots 55.171ms
[369.748s][info][gc,marking  ] GC(722) Concurrent Preclean
[369.748s][info][gc,marking  ] GC(722) Concurrent Preclean 0.039ms
[369.748s][info][gc,start    ] GC(722) Pause Remark
[369.761s][info][gc          ] GC(722) Pause Remark 97M->91M(256M) 12.606ms
[369.761s][info][gc,cpu      ] GC(722) User=0.02s Sys=0.00s Real=0.01s
[369.761s][info][gc,marking  ] GC(722) Concurrent Mark 68.162ms
[369.761s][info][gc,marking  ] GC(722) Concurrent Rebuild Remembered Sets and Scrub Regions
[369.782s][info][gc,marking  ] GC(722) Concurrent Rebuild Remembered Sets and Scrub Regions 20.838ms
[369.782s][info][gc,start    ] GC(722) Pause Cleanup
[369.782s][info][gc          ] GC(722) Pause Cleanup 95M->95M(256M) 0.049ms
[369.782s][info][gc,cpu      ] GC(722) User=0.00s Sys=0.00s Real=0.00s
[369.782s][info][gc,marking  ] GC(722) Concurrent Clear Claimed Marks
[369.782s][info][gc,marking  ] GC(722) Concurrent Clear Claimed Marks 0.043ms
[369.782s][info][gc,marking  ] GC(722) Concurrent Cleanup for Next Mark
[369.783s][info][gc,marking  ] GC(722) Concurrent Cleanup for Next Mark 0.751ms
[369.783s][info][gc          ] GC(722) Concurrent Mark Cycle 91.373ms
[370.254s][info][gc,start    ] GC(723) Pause Young (Prepare Mixed) (G1 Evacuation Pause)
[370.254s][info][gc,task     ] GC(723) Using 2 workers of 2 for evacuation
[370.268s][info][gc,phases   ] GC(723)   Pre Evacuate Collection Set: 0.15ms
[370.268s][info][gc,phases   ] GC(723)   Merge Heap Roots: 0.06ms
[370.268s][info][gc,phases   ] GC(723)   Evacuate Collection Set: 13.27ms
[370.268s][info][gc,phases   ] GC(723)   Post Evacuate Collection Set: 0.43ms
[370.268s][info][gc,phases   ] GC(723)   Other: 0.07ms
[370.268s][info][gc,heap     ] GC(723) Eden regions: 145->0(135)
[370.268s][info][gc,heap     ] GC(723) Survivor regions: 2->15(19)
[370.268s][info][gc,heap     ] GC(723) Old regions: 68->68
[370.268s][info][gc,heap     ] GC(723) Humongous regions: 5->3
[370.268s][info][gc,metaspace] GC(723) Metaspace: 42907K(43264K)->42907K(43264K) NonClass: 40099K(40320K)->40099K(40320K) Class: 2807K(2944K)->2807K(2944K)
[370.268s][info][gc          ] GC(723) Pause Young (Prepare Mixed) (G1 Evacuation Pause) 219M->85M(256M) 14.149ms
[370.268s][info][gc,cpu      ] GC(723) User=0.03s Sys=0.00s Real=0.01s
[370.725s][info][gc,start    ] GC(724) Pause Young (Mixed) (G1 Evacuation Pause)
[370.725s][info][gc,task     ] GC(724) Using 2 workers of 2 for evacuation
[370.735s][info][gc,phases   ] GC(724)   Pre Evacuate Collection Set: 0.24ms
[370.735s][info][gc,phases   ] GC(724)   Merge Heap Roots: 0.09ms
[370.735s][info][gc,phases   ] GC(724)   Evacuate Collection Set: 9.23ms
[370.735s][info][gc,phases   ] GC(724)   Post Evacuate Collection Set: 0.41ms
[370.735s][info][gc,phases   ] GC(724)   Other: 0.09ms
[370.735s][info][gc,heap     ] GC(724) Eden regions: 135->0(146)
[370.735s][info][gc,heap     ] GC(724) Survivor regions: 15->7(19)
[370.735s][info][gc,heap     ] GC(724) Old regions: 68->50
[370.735s][info][gc,heap     ] GC(724) Humongous regions: 9->3
[370.735s][info][gc,metaspace] GC(724) Metaspace: 42907K(43264K)->42907K(43264K) NonClass: 40099K(40320K)->40099K(40320K) Class: 2807K(2944K)->2807K(2944K)
[370.735s][info][gc          ] GC(724) Pause Young (Mixed) (G1 Evacuation Pause) 226M->59M(256M) 10.260ms
[370.735s][info][gc,cpu      ] GC(724) User=0.02s Sys=0.00s Real=0.01s
[370.771s][info][gc,start    ] GC(725) Pause Young (Concurrent Start) (G1 Humongous Allocation)
[370.771s][info][gc,task     ] GC(725) Using 2 workers of 2 for evacuation
[370.773s][info][gc,phases   ] GC(725)   Pre Evacuate Collection Set: 0.16ms
[370.773s][info][gc,phases   ] GC(725)   Merge Heap Roots: 0.04ms
[370.773s][info][gc,phases   ] GC(725)   Evacuate Collection Set: 1.24ms
[370.773s][info][gc,phases   ] GC(725)   Post Evacuate Collection Set: 0.26ms
[370.773s][info][gc,phases   ] GC(725)   Other: 0.10ms
[370.773s][info][gc,heap     ] GC(725) Eden regions: 10->0(151)
[370.773s][info][gc,heap     ] GC(725) Survivor regions: 7->2(20)
[370.773s][info][gc,heap     ] GC(725) Old regions: 50->50
[370.773s][info][gc,heap     ] GC(725) Humongous regions: 3->1
[370.773s][info][gc,metaspace] GC(725) Metaspace: 42907K(43264K)->42907K(43264K) NonClass: 40099K(40320K)->40099K(40320K) Class: 2807K(2944K)->2807K(2944K)
[370.773s][info][gc          ] GC(725) Pause Young (Concurrent Start) (G1 Humongous Allocation) 69M->51M(256M) 1.940ms
[370.773s][info][gc,cpu      ] GC(725) User=0.00s Sys=0.00s Real=0.01s
[370.773s][info][gc          ] GC(726) Concurrent Mark Cycle
[370.773s][info][gc,marking  ] GC(726) Concurrent Scan Root Regions
[370.775s][info][gc,marking  ] GC(726) Concurrent Scan Root Regions 1.667ms
[370.775s][info][gc,marking  ] GC(726) Concurrent Mark
[370.775s][info][gc,marking  ] GC(726) Concurrent Mark From Roots
[370.775s][info][gc,task     ] GC(726) Using 1 workers of 1 for marking
[370.835s][info][gc,marking  ] GC(726) Concurrent Mark From Roots 59.846ms
[370.835s][info][gc,marking  ] GC(726) Concurrent Preclean
[370.835s][info][gc,marking  ] GC(726) Concurrent Preclean 0.037ms
[370.835s][info][gc,start    ] GC(726) Pause Remark
[370.848s][info][gc          ] GC(726) Pause Remark 74M->74M(256M) 12.972ms
[370.848s][info][gc,cpu      ] GC(726) User=0.02s Sys=0.00s Real=0.01s
[370.849s][info][gc,marking  ] GC(726) Concurrent Mark 73.888ms
[370.849s][info][gc,marking  ] GC(726) Concurrent Rebuild Remembered Sets and Scrub Regions
[370.871s][info][gc,marking  ] GC(726) Concurrent Rebuild Remembered Sets and Scrub Regions 22.352ms
[370.872s][info][gc,start    ] GC(726) Pause Cleanup
[370.872s][info][gc          ] GC(726) Pause Cleanup 79M->79M(256M) 0.042ms
[370.872s][info][gc,cpu      ] GC(726) User=0.00s Sys=0.00s Real=0.00s
[370.872s][info][gc,marking  ] GC(726) Concurrent Clear Claimed Marks
[370.872s][info][gc,marking  ] GC(726) Concurrent Clear Claimed Marks 0.033ms
[370.872s][info][gc,marking  ] GC(726) Concurrent Cleanup for Next Mark
[370.872s][info][gc,marking  ] GC(726) Concurrent Cleanup for Next Mark 0.751ms
[370.872s][info][gc          ] GC(726) Concurrent Mark Cycle 99.035ms
[371.300s][info][gc,start    ] GC(727) Pause Young (Prepare Mixed) (G1 Evacuation Pause)
[371.300s][info][gc,task     ] GC(727) Using 2 workers of 2 for evacuation
[371.313s][info][gc,phases   ] GC(727)   Pre Evacuate Collection Set: 0.16ms
[371.313s][info][gc,phases   ] GC(727)   Merge Heap Roots: 0.06ms
[371.313s][info][gc,phases   ] GC(727)   Evacuate Collection Set: 11.82ms
[371.313s][info][gc,phases   ] GC(727)   Post Evacuate Collection Set: 0.48ms
[371.313s][info][gc,phases   ] GC(727)   Other: 0.07ms
[371.313s][info][gc,heap     ] GC(727) Eden regions: 151->0(141)
[371.313s][info][gc,heap     ] GC(727) Survivor regions: 2->12(20)
[371.313s][info][gc,heap     ] GC(727) Old regions: 50->50
[371.313s][info][gc,heap     ] GC(727) Humongous regions: 5->3
[371.313s][info][gc,metaspace] GC(727) Metaspace: 42907K(43264K)->42907K(43264K) NonClass: 40099K(40320K)->40099K(40320K) Class: 2807K(2944K)->2807K(2944K)
[371.313s][info][gc          ] GC(727) Pause Young (Prepare Mixed) (G1 Evacuation Pause) 206M->64M(256M) 12.763ms
[371.313s][info][gc,cpu      ] GC(727) User=0.02s Sys=0.00s Real=0.02s
[371.823s][info][gc,start    ] GC(728) Pause Young (Mixed) (G1 Evacuation Pause)
[371.823s][info][gc,task     ] GC(728) Using 2 workers of 2 for evacuation
[371.832s][info][gc,phases   ] GC(728)   Pre Evacuate Collection Set: 0.18ms
[371.832s][info][gc,phases   ] GC(728)   Merge Heap Roots: 0.06ms
[371.832s][info][gc,phases   ] GC(728)   Evacuate Collection Set: 8.78ms
[371.832s][info][gc,phases   ] GC(728)   Post Evacuate Collection Set: 0.44ms
[371.832s][info][gc,phases   ] GC(728)   Other: 0.07ms
[371.832s][info][gc,heap     ] GC(728) Eden regions: 141->0(146)
[371.832s][info][gc,heap     ] GC(728) Survivor regions: 12->7(20)
[371.832s][info][gc,heap     ] GC(728) Old regions: 50->49
[371.832s][info][gc,heap     ] GC(728) Humongous regions: 7->3
[371.832s][info][gc,metaspace] GC(728) Metaspace: 42907K(43264K)->42907K(43264K) NonClass: 40099K(40320K)->40099K(40320K) Class: 2807K(2944K)->2807K(2944K)
[371.832s][info][gc          ] GC(728) Pause Young (Mixed) (G1 Evacuation Pause) 209M->58M(256M) 9.696ms
[371.832s][info][gc,cpu      ] GC(728) User=0.01s Sys=0.00s Real=0.01s
[371.905s][info][gc,start    ] GC(729) Pause Young (Concurrent Start) (G1 Humongous Allocation)
[371.905s][info][gc,task     ] GC(729) Using 2 workers of 2 for evacuation
[371.908s][info][gc,phases   ] GC(729)   Pre Evacuate Collection Set: 0.18ms
[371.908s][info][gc,phases   ] GC(729)   Merge Heap Roots: 0.03ms
[371.908s][info][gc,phases   ] GC(729)   Evacuate Collection Set: 2.39ms
[371.908s][info][gc,phases   ] GC(729)   Post Evacuate Collection Set: 0.39ms
[371.908s][info][gc,phases   ] GC(729)   Other: 0.11ms
[371.908s][info][gc,heap     ] GC(729) Eden regions: 17->0(151)
[371.908s][info][gc,heap     ] GC(729) Survivor regions: 7->2(20)
[371.908s][info][gc,heap     ] GC(729) Old regions: 49->49
[371.908s][info][gc,heap     ] GC(729) Humongous regions: 3->1
[371.908s][info][gc,metaspace] GC(729) Metaspace: 42907K(43264K)->42907K(43264K) NonClass: 40099K(40320K)->40099K(40320K) Class: 2807K(2944K)->2807K(2944K)
[371.908s][info][gc          ] GC(729) Pause Young (Concurrent Start) (G1 Humongous Allocation) 75M->51M(256M) 3.275ms
[371.908s][info][gc,cpu      ] GC(729) User=0.01s Sys=0.01s Real=0.00s
[371.910s][info][gc          ] GC(730) Concurrent Mark Cycle
[371.910s][info][gc,marking  ] GC(730) Concurrent Scan Root Regions
[371.917s][info][gc,marking  ] GC(730) Concurrent Scan Root Regions 6.927ms
[371.917s][info][gc,marking  ] GC(730) Concurrent Mark
[371.917s][info][gc,marking  ] GC(730) Concurrent Mark From Roots
[371.917s][info][gc,task     ] GC(730) Using 1 workers of 1 for marking
[371.983s][info][gc,marking  ] GC(730) Concurrent Mark From Roots 65.565ms
[371.983s][info][gc,marking  ] GC(730) Concurrent Preclean
[371.983s][info][gc,marking  ] GC(730) Concurrent Preclean 0.048ms
[371.983s][info][gc,start    ] GC(730) Pause Remark
[371.997s][info][gc          ] GC(730) Pause Remark 71M->71M(256M) 13.564ms
[371.997s][info][gc,cpu      ] GC(730) User=0.02s Sys=0.00s Real=0.01s
[371.997s][info][gc,marking  ] GC(730) Concurrent Mark 79.429ms
[371.997s][info][gc,marking  ] GC(730) Concurrent Rebuild Remembered Sets and Scrub Regions
[372.020s][info][gc,marking  ] GC(730) Concurrent Rebuild Remembered Sets and Scrub Regions 23.747ms
[372.021s][info][gc,start    ] GC(730) Pause Cleanup
[372.021s][info][gc          ] GC(730) Pause Cleanup 79M->79M(256M) 0.040ms
[372.021s][info][gc,cpu      ] GC(730) User=0.00s Sys=0.00s Real=0.00s
[372.021s][info][gc,marking  ] GC(730) Concurrent Clear Claimed Marks
[372.021s][info][gc,marking  ] GC(730) Concurrent Clear Claimed Marks 0.034ms
[372.021s][info][gc,marking  ] GC(730) Concurrent Cleanup for Next Mark
[372.022s][info][gc,marking  ] GC(730) Concurrent Cleanup for Next Mark 0.972ms
[372.022s][info][gc          ] GC(730) Concurrent Mark Cycle 111.433ms
[372.337s][info][gc,start    ] GC(731) Pause Young (Prepare Mixed) (G1 Evacuation Pause)
[372.337s][info][gc,task     ] GC(731) Using 2 workers of 2 for evacuation
[372.369s][info][gc,phases   ] GC(731)   Pre Evacuate Collection Set: 0.16ms
[372.370s][info][gc,phases   ] GC(731)   Merge Heap Roots: 0.06ms
[372.370s][info][gc,phases   ] GC(731)   Evacuate Collection Set: 31.26ms
[372.370s][info][gc,phases   ] GC(731)   Post Evacuate Collection Set: 0.51ms
[372.370s][info][gc,phases   ] GC(731)   Other: 0.07ms
[372.370s][info][gc,heap     ] GC(731) Eden regions: 151->0(119)
[372.370s][info][gc,heap     ] GC(731) Survivor regions: 2->20(20)
[372.370s][info][gc,heap     ] GC(731) Old regions: 49->66
[372.370s][info][gc,heap     ] GC(731) Humongous regions: 5->3
[372.370s][info][gc,metaspace] GC(731) Metaspace: 42907K(43264K)->42907K(43264K) NonClass: 40099K(40320K)->40099K(40320K) Class: 2807K(2944K)->2807K(2944K)
[372.370s][info][gc          ] GC(731) Pause Young (Prepare Mixed) (G1 Evacuation Pause) 206M->88M(256M) 32.237ms
[372.370s][info][gc,cpu      ] GC(731) User=0.06s Sys=0.00s Real=0.03s
[372.847s][info][gc,start    ] GC(732) Pause Young (Mixed) (G1 Evacuation Pause)
[372.847s][info][gc,task     ] GC(732) Using 2 workers of 2 for evacuation
[372.904s][info][gc,phases   ] GC(732)   Pre Evacuate Collection Set: 0.16ms
[372.904s][info][gc,phases   ] GC(732)   Merge Heap Roots: 0.21ms
[372.904s][info][gc,phases   ] GC(732)   Evacuate Collection Set: 56.65ms
[372.904s][info][gc,phases   ] GC(732)   Post Evacuate Collection Set: 0.43ms
[372.904s][info][gc,phases   ] GC(732)   Other: 0.07ms
[372.904s][info][gc,heap     ] GC(732) Eden regions: 119->0(95)
[372.904s][info][gc,heap     ] GC(732) Survivor regions: 20->18(18)
[372.904s][info][gc,heap     ] GC(732) Old regions: 66->95
[372.904s][info][gc,heap     ] GC(732) Humongous regions: 3->3
[372.904s][info][gc,metaspace] GC(732) Metaspace: 42907K(43264K)->42907K(43264K) NonClass: 40099K(40320K)->40099K(40320K) Class: 2807K(2944K)->2807K(2944K)
[372.904s][info][gc          ] GC(732) Pause Young (Mixed) (G1 Evacuation Pause) 207M->115M(259M) 57.695ms
[372.904s][info][gc,cpu      ] GC(732) User=0.12s Sys=0.00s Real=0.06s
[373.333s][info][gc,start    ] GC(733) Pause Young (Concurrent Start) (G1 Evacuation Pause)
[373.333s][info][gc,task     ] GC(733) Using 2 workers of 2 for evacuation
[373.387s][info][gc,phases   ] GC(733)   Pre Evacuate Collection Set: 0.19ms
[373.387s][info][gc,phases   ] GC(733)   Merge Heap Roots: 0.27ms
[373.387s][info][gc,phases   ] GC(733)   Evacuate Collection Set: 52.76ms
[373.387s][info][gc,phases   ] GC(733)   Post Evacuate Collection Set: 0.78ms
[373.387s][info][gc,phases   ] GC(733)   Other: 0.09ms
[373.387s][info][gc,heap     ] GC(733) Eden regions: 95->0(102)
[373.387s][info][gc,heap     ] GC(733) Survivor regions: 18->15(15)
[373.387s][info][gc,heap     ] GC(733) Old regions: 95->125
[373.387s][info][gc,heap     ] GC(733) Humongous regions: 3->3
[373.387s][info][gc,metaspace] GC(733) Metaspace: 42907K(43264K)->42907K(43264K) NonClass: 40099K(40320K)->40099K(40320K) Class: 2807K(2944K)->2807K(2944K)
[373.387s][info][gc          ] GC(733) Pause Young (Concurrent Start) (G1 Evacuation Pause) 210M->143M(306M) 54.264ms
[373.387s][info][gc,cpu      ] GC(733) User=0.11s Sys=0.00s Real=0.05s
[373.387s][info][gc          ] GC(734) Concurrent Mark Cycle
[373.387s][info][gc,marking  ] GC(734) Concurrent Scan Root Regions
[373.431s][info][gc,marking  ] GC(734) Concurrent Scan Root Regions 44.541ms
[373.431s][info][gc,marking  ] GC(734) Concurrent Mark
[373.431s][info][gc,marking  ] GC(734) Concurrent Mark From Roots
[373.431s][info][gc,task     ] GC(734) Using 1 workers of 1 for marking
[373.553s][info][gc,marking  ] GC(734) Concurrent Mark From Roots 121.089ms
[373.553s][info][gc,marking  ] GC(734) Concurrent Preclean
[373.553s][info][gc,marking  ] GC(734) Concurrent Preclean 0.046ms
[373.555s][info][gc,start    ] GC(734) Pause Remark
[373.568s][info][gc          ] GC(734) Pause Remark 165M->165M(306M) 12.539ms
[373.568s][info][gc,cpu      ] GC(734) User=0.02s Sys=0.00s Real=0.01s
[373.568s][info][gc,marking  ] GC(734) Concurrent Mark 136.303ms
[373.568s][info][gc,marking  ] GC(734) Concurrent Rebuild Remembered Sets and Scrub Regions
[373.654s][info][gc,marking  ] GC(734) Concurrent Rebuild Remembered Sets and Scrub Regions 86.190ms
[373.654s][info][gc,start    ] GC(734) Pause Cleanup
[373.654s][info][gc          ] GC(734) Pause Cleanup 171M->171M(306M) 0.051ms
[373.654s][info][gc,cpu      ] GC(734) User=0.00s Sys=0.00s Real=0.00s
[373.654s][info][gc,marking  ] GC(734) Concurrent Clear Claimed Marks
[373.654s][info][gc,marking  ] GC(734) Concurrent Clear Claimed Marks 0.035ms
[373.654s][info][gc,marking  ] GC(734) Concurrent Cleanup for Next Mark
[373.656s][info][gc,marking  ] GC(734) Concurrent Cleanup for Next Mark 1.401ms
[373.656s][info][gc          ] GC(734) Concurrent Mark Cycle 268.848ms
[374.018s][info][gc,start    ] GC(735) Pause Young (Prepare Mixed) (G1 Evacuation Pause)
[374.018s][info][gc,task     ] GC(735) Using 2 workers of 2 for evacuation
[374.068s][info][gc,phases   ] GC(735)   Pre Evacuate Collection Set: 0.16ms
[374.068s][info][gc,phases   ] GC(735)   Merge Heap Roots: 0.34ms
[374.068s][info][gc,phases   ] GC(735)   Evacuate Collection Set: 48.64ms
[374.068s][info][gc,phases   ] GC(735)   Post Evacuate Collection Set: 0.40ms
[374.068s][info][gc,phases   ] GC(735)   Other: 0.09ms
[374.068s][info][gc,heap     ] GC(735) Eden regions: 102->0(82)
[374.068s][info][gc,heap     ] GC(735) Survivor regions: 15->15(15)
[374.068s][info][gc,heap     ] GC(735) Old regions: 125->153
[374.068s][info][gc,heap     ] GC(735) Humongous regions: 3->3
[374.068s][info][gc,metaspace] GC(735) Metaspace: 42907K(43264K)->42907K(43264K) NonClass: 40099K(40320K)->40099K(40320K) Class: 2807K(2944K)->2807K(2944K)
[374.068s][info][gc          ] GC(735) Pause Young (Prepare Mixed) (G1 Evacuation Pause) 245M->170M(306M) 49.831ms
[374.068s][info][gc,cpu      ] GC(735) User=0.10s Sys=0.00s Real=0.05s
[374.371s][info][gc,start    ] GC(736) Pause Young (Mixed) (G1 Evacuation Pause)
[374.372s][info][gc,task     ] GC(736) Using 2 workers of 2 for evacuation
[374.409s][info][gc,phases   ] GC(736)   Pre Evacuate Collection Set: 0.18ms
[374.409s][info][gc,phases   ] GC(736)   Merge Heap Roots: 0.22ms
[374.409s][info][gc,phases   ] GC(736)   Evacuate Collection Set: 37.01ms
[374.409s][info][gc,phases   ] GC(736)   Post Evacuate Collection Set: 0.38ms
[374.409s][info][gc,phases   ] GC(736)   Other: 0.07ms
[374.409s][info][gc,heap     ] GC(736) Eden regions: 82->0(75)
[374.409s][info][gc,heap     ] GC(736) Survivor regions: 15->13(13)
[374.409s][info][gc,heap     ] GC(736) Old regions: 153->167
[374.409s][info][gc,heap     ] GC(736) Humongous regions: 5->3
[374.409s][info][gc,metaspace] GC(736) Metaspace: 42907K(43264K)->42907K(43264K) NonClass: 40099K(40320K)->40099K(40320K) Class: 2807K(2944K)->2807K(2944K)
[374.410s][info][gc          ] GC(736) Pause Young (Mixed) (G1 Evacuation Pause) 254M->182M(306M) 38.029ms
[374.410s][info][gc,cpu      ] GC(736) User=0.08s Sys=0.00s Real=0.04s
[374.639s][info][gc,start    ] GC(737) Pause Young (Concurrent Start) (G1 Humongous Allocation)
[374.639s][info][gc,task     ] GC(737) Using 2 workers of 2 for evacuation
[374.656s][info][gc,phases   ] GC(737)   Pre Evacuate Collection Set: 0.19ms
[374.656s][info][gc,phases   ] GC(737)   Merge Heap Roots: 0.12ms
[374.656s][info][gc,phases   ] GC(737)   Evacuate Collection Set: 16.29ms
[374.656s][info][gc,phases   ] GC(737)   Post Evacuate Collection Set: 0.34ms
[374.656s][info][gc,phases   ] GC(737)   Other: 0.13ms
[374.656s][info][gc,heap     ] GC(737) Eden regions: 55->0(78)
[374.656s][info][gc,heap     ] GC(737) Survivor regions: 13->7(11)
[374.656s][info][gc,heap     ] GC(737) Old regions: 167->176
[374.656s][info][gc,heap     ] GC(737) Humongous regions: 3->1
[374.656s][info][gc,metaspace] GC(737) Metaspace: 42907K(43264K)->42907K(43264K) NonClass: 40099K(40320K)->40099K(40320K) Class: 2807K(2944K)->2807K(2944K)
[374.656s][info][gc          ] GC(737) Pause Young (Concurrent Start) (G1 Humongous Allocation) 237M->183M(306M) 17.233ms
[374.656s][info][gc          ] GC(738) Concurrent Mark Cycle
[374.656s][info][gc,marking  ] GC(738) Concurrent Scan Root Regions
[374.658s][info][gc,cpu      ] GC(737) User=0.04s Sys=0.00s Real=0.02s
[374.668s][info][gc,marking  ] GC(738) Concurrent Scan Root Regions 11.670ms
[374.668s][info][gc,marking  ] GC(738) Concurrent Mark
[374.668s][info][gc,marking  ] GC(738) Concurrent Mark From Roots
[374.668s][info][gc,task     ] GC(738) Using 1 workers of 1 for marking
[374.786s][info][gc,marking  ] GC(738) Concurrent Mark From Roots 118.682ms
[374.786s][info][gc,marking  ] GC(738) Concurrent Preclean
[374.786s][info][gc,marking  ] GC(738) Concurrent Preclean 0.044ms
[374.786s][info][gc,start    ] GC(738) Pause Remark
[374.803s][info][gc          ] GC(738) Pause Remark 210M->210M(314M) 16.869ms
[374.803s][info][gc,cpu      ] GC(738) User=0.03s Sys=0.00s Real=0.02s
[374.805s][info][gc,marking  ] GC(738) Concurrent Mark 137.376ms
[374.805s][info][gc,marking  ] GC(738) Concurrent Rebuild Remembered Sets and Scrub Regions
[374.933s][info][gc,marking  ] GC(738) Concurrent Rebuild Remembered Sets and Scrub Regions 127.793ms
[374.933s][info][gc,start    ] GC(738) Pause Cleanup
[374.933s][info][gc          ] GC(738) Pause Cleanup 250M->250M(314M) 0.115ms
[374.933s][info][gc,cpu      ] GC(738) User=0.00s Sys=0.00s Real=0.00s
[374.933s][info][gc,marking  ] GC(738) Concurrent Clear Claimed Marks
[374.933s][info][gc,marking  ] GC(738) Concurrent Clear Claimed Marks 0.044ms
[374.933s][info][gc,marking  ] GC(738) Concurrent Cleanup for Next Mark
[374.938s][info][gc,marking  ] GC(738) Concurrent Cleanup for Next Mark 4.583ms
[374.938s][info][gc          ] GC(738) Concurrent Mark Cycle 282.151ms
[375.008s][info][gc,start    ] GC(739) Pause Young (Prepare Mixed) (G1 Evacuation Pause)
[375.008s][info][gc,task     ] GC(739) Using 2 workers of 2 for evacuation
[375.037s][info][gc,phases   ] GC(739)   Pre Evacuate Collection Set: 0.22ms
[375.037s][info][gc,phases   ] GC(739)   Merge Heap Roots: 0.15ms
[375.037s][info][gc,phases   ] GC(739)   Evacuate Collection Set: 28.33ms
[375.037s][info][gc,phases   ] GC(739)   Post Evacuate Collection Set: 0.40ms
[375.037s][info][gc,phases   ] GC(739)   Other: 0.07ms
[375.037s][info][gc,heap     ] GC(739) Eden regions: 78->0(77)
[375.037s][info][gc,heap     ] GC(739) Survivor regions: 7->11(11)
[375.037s][info][gc,heap     ] GC(739) Old regions: 176->182
[375.037s][info][gc,heap     ] GC(739) Humongous regions: 5->3
[375.037s][info][gc,metaspace] GC(739) Metaspace: 42907K(43264K)->42907K(43264K) NonClass: 40099K(40320K)->40099K(40320K) Class: 2807K(2944K)->2807K(2944K)
[375.037s][info][gc          ] GC(739) Pause Young (Prepare Mixed) (G1 Evacuation Pause) 265M->196M(314M) 29.363ms
[375.037s][info][gc,cpu      ] GC(739) User=0.04s Sys=0.00s Real=0.03s
[375.296s][info][gc,start    ] GC(740) Pause Young (Mixed) (G1 Evacuation Pause)
[375.296s][info][gc,task     ] GC(740) Using 2 workers of 2 for evacuation
[375.314s][info][gc,phases   ] GC(740)   Pre Evacuate Collection Set: 0.18ms
[375.314s][info][gc,phases   ] GC(740)   Merge Heap Roots: 0.12ms
[375.314s][info][gc,phases   ] GC(740)   Evacuate Collection Set: 16.86ms
[375.314s][info][gc,phases   ] GC(740)   Post Evacuate Collection Set: 0.41ms
[375.314s][info][gc,phases   ] GC(740)   Other: 0.07ms
[375.314s][info][gc,heap     ] GC(740) Eden regions: 77->0(97)
[375.314s][info][gc,heap     ] GC(740) Survivor regions: 11->10(11)
[375.314s][info][gc,heap     ] GC(740) Old regions: 182->158
[375.314s][info][gc,heap     ] GC(740) Humongous regions: 9->3
[375.314s][info][gc,metaspace] GC(740) Metaspace: 42907K(43264K)->42907K(43264K) NonClass: 40099K(40320K)->40099K(40320K) Class: 2807K(2944K)->2807K(2944K)
[375.314s][info][gc          ] GC(740) Pause Young (Mixed) (G1 Evacuation Pause) 279M->170M(314M) 17.856ms
[375.314s][info][gc,cpu      ] GC(740) User=0.04s Sys=0.00s Real=0.02s
[375.549s][info][gc,start    ] GC(741) Pause Young (Mixed) (G1 Evacuation Pause)
[375.549s][info][gc,task     ] GC(741) Using 2 workers of 2 for evacuation
[375.577s][info][gc,phases   ] GC(741)   Pre Evacuate Collection Set: 0.19ms
[375.577s][info][gc,phases   ] GC(741)   Merge Heap Roots: 0.25ms
[375.577s][info][gc,phases   ] GC(741)   Evacuate Collection Set: 25.77ms
[375.577s][info][gc,phases   ] GC(741)   Post Evacuate Collection Set: 1.48ms
[375.577s][info][gc,phases   ] GC(741)   Other: 0.12ms
[375.577s][info][gc,heap     ] GC(741) Eden regions: 97->0(209)
[375.577s][info][gc,heap     ] GC(741) Survivor regions: 10->14(14)
[375.577s][info][gc,heap     ] GC(741) Old regions: 158->139
[375.577s][info][gc,heap     ] GC(741) Humongous regions: 5->3
[375.577s][info][gc,metaspace] GC(741) Metaspace: 42916K(43264K)->42916K(43264K) NonClass: 40108K(40320K)->40108K(40320K) Class: 2807K(2944K)->2807K(2944K)
[375.577s][info][gc          ] GC(741) Pause Young (Mixed) (G1 Evacuation Pause) 269M->156M(447M) 28.030ms
[375.577s][info][gc,cpu      ] GC(741) User=0.05s Sys=0.00s Real=0.03s
[376.332s][info][gc,start    ] GC(742) Pause Young (Mixed) (G1 Evacuation Pause)
[376.332s][info][gc,task     ] GC(742) Using 2 workers of 2 for evacuation
[376.381s][info][gc,phases   ] GC(742)   Pre Evacuate Collection Set: 0.33ms
[376.381s][info][gc,phases   ] GC(742)   Merge Heap Roots: 0.55ms
[376.381s][info][gc,phases   ] GC(742)   Evacuate Collection Set: 47.34ms
[376.381s][info][gc,phases   ] GC(742)   Post Evacuate Collection Set: 0.63ms
[376.381s][info][gc,phases   ] GC(742)   Other: 0.08ms
[376.381s][info][gc,heap     ] GC(742) Eden regions: 209->0(195)
[376.381s][info][gc,heap     ] GC(742) Survivor regions: 14->28(28)
[376.381s][info][gc,heap     ] GC(742) Old regions: 139->132
[376.381s][info][gc,heap     ] GC(742) Humongous regions: 5->4
[376.381s][info][gc,metaspace] GC(742) Metaspace: 42916K(43264K)->42916K(43264K) NonClass: 40108K(40320K)->40108K(40320K) Class: 2807K(2944K)->2807K(2944K)
[376.381s][info][gc          ] GC(742) Pause Young (Mixed) (G1 Evacuation Pause) 367M->163M(447M) 49.120ms
[376.382s][info][gc,cpu      ] GC(742) User=0.10s Sys=0.00s Real=0.04s
[376.979s][info][gc,start    ] GC(743) Pause Young (Normal) (G1 Evacuation Pause)
[376.979s][info][gc,task     ] GC(743) Using 2 workers of 2 for evacuation
[377.009s][info][gc,phases   ] GC(743)   Pre Evacuate Collection Set: 0.22ms
[377.009s][info][gc,phases   ] GC(743)   Merge Heap Roots: 0.19ms
[377.009s][info][gc,phases   ] GC(743)   Evacuate Collection Set: 29.46ms
[377.009s][info][gc,phases   ] GC(743)   Post Evacuate Collection Set: 0.46ms
[377.009s][info][gc,phases   ] GC(743)   Other: 0.07ms
[377.010s][info][gc,heap     ] GC(743) Eden regions: 195->0(188)
[377.010s][info][gc,heap     ] GC(743) Survivor regions: 28->18(28)
[377.010s][info][gc,heap     ] GC(743) Old regions: 132->160
[377.010s][info][gc,heap     ] GC(743) Humongous regions: 6->4
[377.010s][info][gc,metaspace] GC(743) Metaspace: 42916K(43264K)->42916K(43264K) NonClass: 40108K(40320K)->40108K(40320K) Class: 2807K(2944K)->2807K(2944K)
[377.010s][info][gc          ] GC(743) Pause Young (Normal) (G1 Evacuation Pause) 360M->181M(447M) 30.594ms
[377.010s][info][gc,cpu      ] GC(743) User=0.06s Sys=0.00s Real=0.03s
[377.626s][info][gc,start    ] GC(744) Pause Young (Normal) (G1 Evacuation Pause)
[377.626s][info][gc,task     ] GC(744) Using 2 workers of 2 for evacuation
[377.640s][info][gc,phases   ] GC(744)   Pre Evacuate Collection Set: 0.20ms
[377.640s][info][gc,phases   ] GC(744)   Merge Heap Roots: 0.06ms
[377.640s][info][gc,phases   ] GC(744)   Evacuate Collection Set: 12.80ms
[377.640s][info][gc,phases   ] GC(744)   Post Evacuate Collection Set: 0.41ms
[377.640s][info][gc,phases   ] GC(744)   Other: 0.07ms
[377.640s][info][gc,heap     ] GC(744) Eden regions: 188->0(189)
[377.640s][info][gc,heap     ] GC(744) Survivor regions: 18->19(26)
[377.640s][info][gc,heap     ] GC(744) Old regions: 160->161
[377.640s][info][gc,heap     ] GC(744) Humongous regions: 4->4
[377.640s][info][gc,metaspace] GC(744) Metaspace: 42916K(43264K)->42916K(43264K) NonClass: 40108K(40320K)->40108K(40320K) Class: 2807K(2944K)->2807K(2944K)
[377.640s][info][gc          ] GC(744) Pause Young (Normal) (G1 Evacuation Pause) 369M->184M(447M) 13.749ms
[377.640s][info][gc,cpu      ] GC(744) User=0.02s Sys=0.00s Real=0.01s
[377.764s][info][gc,start    ] GC(745) Pause Young (Concurrent Start) (G1 Humongous Allocation)
[377.764s][info][gc,task     ] GC(745) Using 2 workers of 2 for evacuation
[377.787s][info][gc,phases   ] GC(745)   Pre Evacuate Collection Set: 0.23ms
[377.787s][info][gc,phases   ] GC(745)   Merge Heap Roots: 0.04ms
[377.787s][info][gc,phases   ] GC(745)   Evacuate Collection Set: 22.46ms
[377.787s][info][gc,phases   ] GC(745)   Post Evacuate Collection Set: 0.37ms
[377.787s][info][gc,phases   ] GC(745)   Other: 0.09ms
[377.787s][info][gc,heap     ] GC(745) Eden regions: 41->0(126)
[377.787s][info][gc,heap     ] GC(745) Survivor regions: 19->26(26)
[377.787s][info][gc,heap     ] GC(745) Old regions: 161->177
[377.787s][info][gc,heap     ] GC(745) Humongous regions: 4->4
[377.787s][info][gc,metaspace] GC(745) Metaspace: 42916K(43264K)->42916K(43264K) NonClass: 40108K(40320K)->40108K(40320K) Class: 2807K(2944K)->2807K(2944K)
[377.787s][info][gc          ] GC(745) Pause Young (Concurrent Start) (G1 Humongous Allocation) 224M->206M(447M) 23.381ms
[377.787s][info][gc          ] GC(746) Concurrent Mark Cycle
[377.787s][info][gc,marking  ] GC(746) Concurrent Scan Root Regions
[377.787s][info][gc,cpu      ] GC(745) User=0.04s Sys=0.00s Real=0.02s
[377.804s][info][gc,marking  ] GC(746) Concurrent Scan Root Regions 16.882ms
[377.804s][info][gc,marking  ] GC(746) Concurrent Mark
[377.804s][info][gc,marking  ] GC(746) Concurrent Mark From Roots
[377.804s][info][gc,task     ] GC(746) Using 1 workers of 1 for marking
[377.877s][info][gc,marking  ] GC(746) Concurrent Mark From Roots 72.954ms
[377.877s][info][gc,marking  ] GC(746) Concurrent Preclean
[377.877s][info][gc,marking  ] GC(746) Concurrent Preclean 0.048ms
[377.878s][info][gc,start    ] GC(746) Pause Remark
[377.890s][info][gc          ] GC(746) Pause Remark 225M->173M(447M) 12.871ms
[377.890s][info][gc,cpu      ] GC(746) User=0.03s Sys=0.00s Real=0.01s
[377.891s][info][gc,marking  ] GC(746) Concurrent Mark 86.179ms
[377.891s][info][gc,marking  ] GC(746) Concurrent Rebuild Remembered Sets and Scrub Regions
[377.930s][info][gc,marking  ] GC(746) Concurrent Rebuild Remembered Sets and Scrub Regions 38.945ms
[377.930s][info][gc,start    ] GC(746) Pause Cleanup
[377.930s][info][gc          ] GC(746) Pause Cleanup 182M->182M(447M) 0.063ms
[377.930s][info][gc,cpu      ] GC(746) User=0.00s Sys=0.00s Real=0.00s
[377.930s][info][gc,marking  ] GC(746) Concurrent Clear Claimed Marks
[377.930s][info][gc,marking  ] GC(746) Concurrent Clear Claimed Marks 0.035ms
[377.930s][info][gc,marking  ] GC(746) Concurrent Cleanup for Next Mark
[377.932s][info][gc,marking  ] GC(746) Concurrent Cleanup for Next Mark 2.612ms
[377.932s][info][gc          ] GC(746) Concurrent Mark Cycle 144.992ms
[378.232s][info][gc,start    ] GC(747) Pause Young (Prepare Mixed) (G1 Evacuation Pause)
[378.232s][info][gc,task     ] GC(747) Using 2 workers of 2 for evacuation
[378.268s][info][gc,phases   ] GC(747)   Pre Evacuate Collection Set: 0.31ms
[378.268s][info][gc,phases   ] GC(747)   Merge Heap Roots: 0.17ms
[378.268s][info][gc,phases   ] GC(747)   Evacuate Collection Set: 35.51ms
[378.268s][info][gc,phases   ] GC(747)   Post Evacuate Collection Set: 0.47ms
[378.268s][info][gc,phases   ] GC(747)   Other: 0.10ms
[378.268s][info][gc,heap     ] GC(747) Eden regions: 126->0(137)
[378.268s][info][gc,heap     ] GC(747) Survivor regions: 26->19(19)
[378.268s][info][gc,heap     ] GC(747) Old regions: 126->165
[378.268s][info][gc,heap     ] GC(747) Humongous regions: 4->4
[378.268s][info][gc,metaspace] GC(747) Metaspace: 42916K(43264K)->42916K(43264K) NonClass: 40108K(40320K)->40108K(40320K) Class: 2807K(2944K)->2807K(2944K)
[378.268s][info][gc          ] GC(747) Pause Young (Prepare Mixed) (G1 Evacuation Pause) 281M->187M(447M) 36.754ms
[378.268s][info][gc,cpu      ] GC(747) User=0.07s Sys=0.00s Real=0.04s
[378.718s][info][gc,start    ] GC(748) Pause Young (Mixed) (G1 Evacuation Pause)
[378.718s][info][gc,task     ] GC(748) Using 2 workers of 2 for evacuation
[378.778s][info][gc,phases   ] GC(748)   Pre Evacuate Collection Set: 0.28ms
[378.778s][info][gc,phases   ] GC(748)   Merge Heap Roots: 0.21ms
[378.778s][info][gc,phases   ] GC(748)   Evacuate Collection Set: 58.48ms
[378.778s][info][gc,phases   ] GC(748)   Post Evacuate Collection Set: 0.56ms
[378.778s][info][gc,phases   ] GC(748)   Other: 0.10ms
[378.778s][info][gc,heap     ] GC(748) Eden regions: 137->0(109)
[378.778s][info][gc,heap     ] GC(748) Survivor regions: 19->20(20)
[378.778s][info][gc,heap     ] GC(748) Old regions: 165->195
[378.778s][info][gc,heap     ] GC(748) Humongous regions: 5->5
[378.778s][info][gc,metaspace] GC(748) Metaspace: 42916K(43264K)->42916K(43264K) NonClass: 40108K(40320K)->40108K(40320K) Class: 2807K(2944K)->2807K(2944K)
[378.778s][info][gc          ] GC(748) Pause Young (Mixed) (G1 Evacuation Pause) 325M->220M(447M) 59.837ms
[378.778s][info][gc,cpu      ] GC(748) User=0.12s Sys=0.00s Real=0.06s
[379.157s][info][gc,start    ] GC(749) Pause Young (Concurrent Start) (G1 Evacuation Pause)
[379.157s][info][gc,task     ] GC(749) Using 2 workers of 2 for evacuation
[379.220s][info][gc,phases   ] GC(749)   Pre Evacuate Collection Set: 0.25ms
[379.220s][info][gc,phases   ] GC(749)   Merge Heap Roots: 0.29ms
[379.220s][info][gc,phases   ] GC(749)   Evacuate Collection Set: 61.88ms
[379.220s][info][gc,phases   ] GC(749)   Post Evacuate Collection Set: 0.46ms
[379.220s][info][gc,phases   ] GC(749)   Other: 0.10ms
[379.220s][info][gc,heap     ] GC(749) Eden regions: 109->0(67)
[379.220s][info][gc,heap     ] GC(749) Survivor regions: 20->17(17)
[379.220s][info][gc,heap     ] GC(749) Old regions: 195->265
[379.220s][info][gc,heap     ] GC(749) Humongous regions: 5->5
[379.220s][info][gc,metaspace] GC(749) Metaspace: 42916K(43264K)->42916K(43264K) NonClass: 40108K(40320K)->40108K(40320K) Class: 2807K(2944K)->2807K(2944K)
[379.220s][info][gc          ] GC(749) Pause Young (Concurrent Start) (G1 Evacuation Pause) 329M->287M(447M) 63.194ms
[379.220s][info][gc          ] GC(750) Concurrent Mark Cycle
[379.220s][info][gc,marking  ] GC(750) Concurrent Scan Root Regions
[379.222s][info][gc,cpu      ] GC(749) User=0.13s Sys=0.00s Real=0.07s
[379.254s][info][gc,marking  ] GC(750) Concurrent Scan Root Regions 33.767ms
[379.254s][info][gc,marking  ] GC(750) Concurrent Mark
[379.254s][info][gc,marking  ] GC(750) Concurrent Mark From Roots
[379.254s][info][gc,task     ] GC(750) Using 1 workers of 1 for marking
[379.384s][info][gc,marking  ] GC(750) Concurrent Mark From Roots 129.934ms
[379.384s][info][gc,marking  ] GC(750) Concurrent Preclean
[379.384s][info][gc,marking  ] GC(750) Concurrent Preclean 0.048ms
[379.384s][info][gc,start    ] GC(750) Pause Remark
[379.397s][info][gc          ] GC(750) Pause Remark 332M->314M(450M) 13.189ms
[379.397s][info][gc,cpu      ] GC(750) User=0.03s Sys=0.00s Real=0.01s
[379.397s][info][gc,marking  ] GC(750) Concurrent Mark 143.456ms
[379.397s][info][gc,marking  ] GC(750) Concurrent Rebuild Remembered Sets and Scrub Regions
[379.496s][info][gc,start    ] GC(751) Pause Young (Normal) (G1 Evacuation Pause)
[379.496s][info][gc,task     ] GC(751) Using 2 workers of 2 for evacuation
[379.538s][info][gc,phases   ] GC(751)   Pre Evacuate Collection Set: 0.22ms
[379.539s][info][gc,phases   ] GC(751)   Merge Heap Roots: 0.44ms
[379.539s][info][gc,phases   ] GC(751)   Evacuate Collection Set: 41.14ms
[379.539s][info][gc,phases   ] GC(751)   Post Evacuate Collection Set: 0.80ms
[379.539s][info][gc,phases   ] GC(751)   Other: 0.09ms
[379.539s][info][gc,heap     ] GC(751) Eden regions: 67->0(77)
[379.539s][info][gc,heap     ] GC(751) Survivor regions: 17->11(11)
[379.539s][info][gc,heap     ] GC(751) Old regions: 248->291
[379.539s][info][gc,heap     ] GC(751) Humongous regions: 5->5
[379.539s][info][gc,metaspace] GC(751) Metaspace: 42916K(43264K)->42916K(43264K) NonClass: 40108K(40320K)->40108K(40320K) Class: 2807K(2944K)->2807K(2944K)
[379.539s][info][gc          ] GC(751) Pause Young (Normal) (G1 Evacuation Pause) 337M->307M(492M) 42.904ms
[379.539s][info][gc,cpu      ] GC(751) User=0.09s Sys=0.00s Real=0.04s
[379.539s][info][gc,marking  ] GC(750) Concurrent Rebuild Remembered Sets and Scrub Regions 141.541ms
[379.539s][info][gc,start    ] GC(750) Pause Cleanup
[379.539s][info][gc          ] GC(750) Pause Cleanup 307M->307M(492M) 0.109ms
[379.539s][info][gc,cpu      ] GC(750) User=0.00s Sys=0.00s Real=0.00s
[379.540s][info][gc,marking  ] GC(750) Concurrent Clear Claimed Marks
[379.540s][info][gc,marking  ] GC(750) Concurrent Clear Claimed Marks 0.063ms
[379.540s][info][gc,marking  ] GC(750) Concurrent Cleanup for Next Mark
[379.544s][info][gc,marking  ] GC(750) Concurrent Cleanup for Next Mark 3.984ms
[379.544s][info][gc          ] GC(750) Concurrent Mark Cycle 324.195ms
[379.824s][info][gc,start    ] GC(752) Pause Young (Prepare Mixed) (G1 Evacuation Pause)
[379.824s][info][gc,task     ] GC(752) Using 2 workers of 2 for evacuation
[379.875s][info][gc,phases   ] GC(752)   Pre Evacuate Collection Set: 0.24ms
[379.875s][info][gc,phases   ] GC(752)   Merge Heap Roots: 0.26ms
[379.875s][info][gc,phases   ] GC(752)   Evacuate Collection Set: 49.73ms
[379.875s][info][gc,phases   ] GC(752)   Post Evacuate Collection Set: 0.46ms
[379.875s][info][gc,phases   ] GC(752)   Other: 0.09ms
[379.875s][info][gc,heap     ] GC(752) Eden regions: 77->0(49)
[379.875s][info][gc,heap     ] GC(752) Survivor regions: 11->11(11)
[379.875s][info][gc,heap     ] GC(752) Old regions: 291->348
[379.875s][info][gc,heap     ] GC(752) Humongous regions: 5->5
[379.875s][info][gc,metaspace] GC(752) Metaspace: 42916K(43264K)->42916K(43264K) NonClass: 40108K(40320K)->40108K(40320K) Class: 2807K(2944K)->2807K(2944K)
[379.875s][info][gc          ] GC(752) Pause Young (Prepare Mixed) (G1 Evacuation Pause) 384M->364M(492M) 51.016ms
[379.875s][info][gc,cpu      ] GC(752) User=0.10s Sys=0.00s Real=0.05s
[380.058s][info][gc,start    ] GC(753) Pause Young (Mixed) (G1 Evacuation Pause)
[380.059s][info][gc,task     ] GC(753) Using 2 workers of 2 for evacuation
[380.099s][info][gc,phases   ] GC(753)   Pre Evacuate Collection Set: 0.27ms
[380.099s][info][gc,phases   ] GC(753)   Merge Heap Roots: 0.43ms
[380.099s][info][gc,phases   ] GC(753)   Evacuate Collection Set: 39.40ms
[380.099s][info][gc,phases   ] GC(753)   Post Evacuate Collection Set: 0.46ms
[380.099s][info][gc,phases   ] GC(753)   Other: 0.08ms
[380.099s][info][gc,heap     ] GC(753) Eden regions: 49->0(58)
[380.099s][info][gc,heap     ] GC(753) Survivor regions: 11->8(8)
[380.099s][info][gc,heap     ] GC(753) Old regions: 348->332
[380.099s][info][gc,heap     ] GC(753) Humongous regions: 6->6
[380.099s][info][gc,metaspace] GC(753) Metaspace: 42916K(43264K)->42916K(43264K) NonClass: 40108K(40320K)->40108K(40320K) Class: 2807K(2944K)->2807K(2944K)
[380.099s][info][gc          ] GC(753) Pause Young (Mixed) (G1 Evacuation Pause) 414M->345M(492M) 40.828ms
[380.099s][info][gc,cpu      ] GC(753) User=0.08s Sys=0.00s Real=0.04s
[380.300s][info][gc,start    ] GC(754) Pause Young (Mixed) (G1 Evacuation Pause)
[380.300s][info][gc,task     ] GC(754) Using 2 workers of 2 for evacuation
[380.349s][info][gc,phases   ] GC(754)   Pre Evacuate Collection Set: 0.31ms
[380.349s][info][gc,phases   ] GC(754)   Merge Heap Roots: 0.62ms
[380.349s][info][gc,phases   ] GC(754)   Evacuate Collection Set: 46.94ms
[380.349s][info][gc,phases   ] GC(754)   Post Evacuate Collection Set: 0.39ms
[380.349s][info][gc,phases   ] GC(754)   Other: 0.07ms
[380.349s][info][gc,heap     ] GC(754) Eden regions: 58->0(53)
[380.349s][info][gc,heap     ] GC(754) Survivor regions: 8->9(9)
[380.349s][info][gc,heap     ] GC(754) Old regions: 332->346
[380.349s][info][gc,heap     ] GC(754) Humongous regions: 6->6
[380.349s][info][gc,metaspace] GC(754) Metaspace: 42916K(43264K)->42916K(43264K) NonClass: 40108K(40320K)->40108K(40320K) Class: 2807K(2944K)->2807K(2944K)
[380.349s][info][gc          ] GC(754) Pause Young (Mixed) (G1 Evacuation Pause) 403M->361M(492M) 48.544ms
[380.349s][info][gc,cpu      ] GC(754) User=0.10s Sys=0.00s Real=0.05s
[380.474s][info][gc,start    ] GC(755) Pause Young (Concurrent Start) (G1 Humongous Allocation)
[380.474s][info][gc,task     ] GC(755) Using 2 workers of 2 for evacuation
[380.498s][info][gc,phases   ] GC(755)   Pre Evacuate Collection Set: 0.28ms
[380.498s][info][gc,phases   ] GC(755)   Merge Heap Roots: 0.14ms
[380.498s][info][gc,phases   ] GC(755)   Evacuate Collection Set: 22.42ms
[380.498s][info][gc,phases   ] GC(755)   Post Evacuate Collection Set: 1.08ms
[380.498s][info][gc,phases   ] GC(755)   Other: 0.26ms
[380.498s][info][gc,heap     ] GC(755) Eden regions: 41->0(86)
[380.498s][info][gc,heap     ] GC(755) Survivor regions: 9->8(8)
[380.498s][info][gc,heap     ] GC(755) Old regions: 346->372
[380.498s][info][gc,heap     ] GC(755) Humongous regions: 6->6
[380.498s][info][gc,metaspace] GC(755) Metaspace: 42916K(43264K)->42916K(43264K) NonClass: 40108K(40320K)->40108K(40320K) Class: 2807K(2944K)->2807K(2944K)
[380.498s][info][gc          ] GC(755) Pause Young (Concurrent Start) (G1 Humongous Allocation) 401M->385M(590M) 24.421ms
[380.498s][info][gc          ] GC(756) Concurrent Mark Cycle
[380.498s][info][gc,marking  ] GC(756) Concurrent Scan Root Regions
[380.499s][info][gc,cpu      ] GC(755) User=0.05s Sys=0.00s Real=0.02s
[380.523s][info][gc,marking  ] GC(756) Concurrent Scan Root Regions 24.685ms
[380.523s][info][gc,marking  ] GC(756) Concurrent Mark
[380.523s][info][gc,marking  ] GC(756) Concurrent Mark From Roots
[380.523s][info][gc,task     ] GC(756) Using 1 workers of 1 for marking
[380.658s][info][gc,marking  ] GC(756) Concurrent Mark From Roots 135.124ms
[380.658s][info][gc,marking  ] GC(756) Concurrent Preclean
[380.658s][info][gc,marking  ] GC(756) Concurrent Preclean 0.060ms
[380.658s][info][gc,start    ] GC(756) Pause Remark
[380.672s][info][gc          ] GC(756) Pause Remark 419M->322M(590M) 13.336ms
[380.672s][info][gc,cpu      ] GC(756) User=0.03s Sys=0.00s Real=0.01s
[380.672s][info][gc,marking  ] GC(756) Concurrent Mark 148.868ms
[380.672s][info][gc,marking  ] GC(756) Concurrent Rebuild Remembered Sets and Scrub Regions
[380.742s][info][gc,marking  ] GC(756) Concurrent Rebuild Remembered Sets and Scrub Regions 70.573ms
[380.742s][info][gc,start    ] GC(756) Pause Cleanup
[380.742s][info][gc          ] GC(756) Pause Cleanup 338M->338M(590M) 0.109ms
[380.743s][info][gc,cpu      ] GC(756) User=0.00s Sys=0.00s Real=0.00s
[380.743s][info][gc,marking  ] GC(756) Concurrent Clear Claimed Marks
[380.743s][info][gc,marking  ] GC(756) Concurrent Clear Claimed Marks 0.040ms
[380.743s][info][gc,marking  ] GC(756) Concurrent Cleanup for Next Mark
[380.745s][info][gc,marking  ] GC(756) Concurrent Cleanup for Next Mark 2.702ms
[380.745s][info][gc          ] GC(756) Concurrent Mark Cycle 247.278ms
[380.892s][info][gc,start    ] GC(757) Pause Young (Prepare Mixed) (G1 Evacuation Pause)
[380.892s][info][gc,task     ] GC(757) Using 2 workers of 2 for evacuation
[380.916s][info][gc,phases   ] GC(757)   Pre Evacuate Collection Set: 0.25ms
[380.916s][info][gc,phases   ] GC(757)   Merge Heap Roots: 0.19ms
[380.916s][info][gc,phases   ] GC(757)   Evacuate Collection Set: 23.09ms
[380.916s][info][gc,phases   ] GC(757)   Post Evacuate Collection Set: 0.40ms
[380.916s][info][gc,phases   ] GC(757)   Other: 0.10ms
[380.916s][info][gc,heap     ] GC(757) Eden regions: 86->0(127)
[380.916s][info][gc,heap     ] GC(757) Survivor regions: 8->12(12)
[380.916s][info][gc,heap     ] GC(757) Old regions: 277->291
[380.916s][info][gc,heap     ] GC(757) Humongous regions: 5->5
[380.916s][info][gc,metaspace] GC(757) Metaspace: 42916K(43264K)->42916K(43264K) NonClass: 40108K(40320K)->40108K(40320K) Class: 2807K(2944K)->2807K(2944K)
[380.916s][info][gc          ] GC(757) Pause Young (Prepare Mixed) (G1 Evacuation Pause) 375M->307M(590M) 24.237ms
[380.916s][info][gc,cpu      ] GC(757) User=0.04s Sys=0.00s Real=0.02s
[381.333s][info][gc,start    ] GC(758) Pause Young (Mixed) (G1 Evacuation Pause)
[381.333s][info][gc,task     ] GC(758) Using 2 workers of 2 for evacuation
[381.353s][info][gc,phases   ] GC(758)   Pre Evacuate Collection Set: 0.29ms
[381.353s][info][gc,phases   ] GC(758)   Merge Heap Roots: 0.17ms
[381.353s][info][gc,phases   ] GC(758)   Evacuate Collection Set: 19.32ms
[381.353s][info][gc,phases   ] GC(758)   Post Evacuate Collection Set: 0.48ms
[381.353s][info][gc,phases   ] GC(758)   Other: 0.09ms
[381.353s][info][gc,heap     ] GC(758) Eden regions: 127->0(155)
[381.353s][info][gc,heap     ] GC(758) Survivor regions: 12->16(18)
[381.353s][info][gc,heap     ] GC(758) Old regions: 291->244
[381.353s][info][gc,heap     ] GC(758) Humongous regions: 5->5
[381.353s][info][gc,metaspace] GC(758) Metaspace: 42916K(43264K)->42916K(43264K) NonClass: 40108K(40320K)->40108K(40320K) Class: 2807K(2944K)->2807K(2944K)
[381.353s][info][gc          ] GC(758) Pause Young (Mixed) (G1 Evacuation Pause) 434M->265M(590M) 20.560ms
[381.353s][info][gc,cpu      ] GC(758) User=0.04s Sys=0.00s Real=0.02s
[381.873s][info][gc,start    ] GC(759) Pause Young (Mixed) (G1 Evacuation Pause)
[381.874s][info][gc,task     ] GC(759) Using 2 workers of 2 for evacuation
[381.887s][info][gc,phases   ] GC(759)   Pre Evacuate Collection Set: 0.27ms
[381.887s][info][gc,phases   ] GC(759)   Merge Heap Roots: 0.31ms
[381.887s][info][gc,phases   ] GC(759)   Evacuate Collection Set: 12.25ms
[381.887s][info][gc,phases   ] GC(759)   Post Evacuate Collection Set: 0.48ms
[381.887s][info][gc,phases   ] GC(759)   Other: 0.07ms
[381.887s][info][gc,heap     ] GC(759) Eden regions: 155->0(197)
[381.887s][info][gc,heap     ] GC(759) Survivor regions: 16->3(22)
[381.887s][info][gc,heap     ] GC(759) Old regions: 244->193
[381.887s][info][gc,heap     ] GC(759) Humongous regions: 6->5
[381.887s][info][gc,metaspace] GC(759) Metaspace: 42916K(43264K)->42916K(43264K) NonClass: 40108K(40320K)->40108K(40320K) Class: 2807K(2944K)->2807K(2944K)
[381.887s][info][gc          ] GC(759) Pause Young (Mixed) (G1 Evacuation Pause) 421M->200M(590M) 13.584ms
[381.887s][info][gc,cpu      ] GC(759) User=0.03s Sys=0.00s Real=0.01s
[382.524s][info][gc,start    ] GC(760) Pause Young (Mixed) (G1 Evacuation Pause)
[382.525s][info][gc,task     ] GC(760) Using 2 workers of 2 for evacuation
[382.535s][info][gc,phases   ] GC(760)   Pre Evacuate Collection Set: 0.37ms
[382.535s][info][gc,phases   ] GC(760)   Merge Heap Roots: 0.30ms
[382.535s][info][gc,phases   ] GC(760)   Evacuate Collection Set: 9.00ms
[382.535s][info][gc,phases   ] GC(760)   Post Evacuate Collection Set: 0.42ms
[382.535s][info][gc,phases   ] GC(760)   Other: 0.09ms
[382.535s][info][gc,heap     ] GC(760) Eden regions: 197->0(212)
[382.535s][info][gc,heap     ] GC(760) Survivor regions: 3->6(25)
[382.535s][info][gc,heap     ] GC(760) Old regions: 193->192
[382.535s][info][gc,heap     ] GC(760) Humongous regions: 7->5
[382.535s][info][gc,metaspace] GC(760) Metaspace: 42916K(43264K)->42916K(43264K) NonClass: 40108K(40320K)->40108K(40320K) Class: 2807K(2944K)->2807K(2944K)
[382.535s][info][gc          ] GC(760) Pause Young (Mixed) (G1 Evacuation Pause) 399M->202M(590M) 10.369ms
[382.535s][info][gc,cpu      ] GC(760) User=0.02s Sys=0.00s Real=0.01s
[383.198s][info][gc,start    ] GC(761) Pause Young (Normal) (G1 Evacuation Pause)
[383.198s][info][gc,task     ] GC(761) Using 2 workers of 2 for evacuation
[383.205s][info][gc,phases   ] GC(761)   Pre Evacuate Collection Set: 0.38ms
[383.205s][info][gc,phases   ] GC(761)   Merge Heap Roots: 0.10ms
[383.205s][info][gc,phases   ] GC(761)   Evacuate Collection Set: 5.62ms
[383.205s][info][gc,phases   ] GC(761)   Post Evacuate Collection Set: 0.45ms
[383.205s][info][gc,phases   ] GC(761)   Other: 0.07ms
[383.205s][info][gc,heap     ] GC(761) Eden regions: 212->0(227)
[383.205s][info][gc,heap     ] GC(761) Survivor regions: 6->9(28)
[383.205s][info][gc,heap     ] GC(761) Old regions: 192->192
[383.205s][info][gc,heap     ] GC(761) Humongous regions: 7->5
[383.205s][info][gc,metaspace] GC(761) Metaspace: 42916K(43264K)->42916K(43264K) NonClass: 40108K(40320K)->40108K(40320K) Class: 2807K(2944K)->2807K(2944K)
[383.205s][info][gc          ] GC(761) Pause Young (Normal) (G1 Evacuation Pause) 416M->205M(590M) 6.828ms
[383.205s][info][gc,cpu      ] GC(761) User=0.02s Sys=0.00s Real=0.01s
[383.283s][info][gc,start    ] GC(762) Pause Young (Concurrent Start) (G1 Humongous Allocation)
[383.283s][info][gc,task     ] GC(762) Using 2 workers of 2 for evacuation
[383.294s][info][gc,phases   ] GC(762)   Pre Evacuate Collection Set: 0.26ms
[383.294s][info][gc,phases   ] GC(762)   Merge Heap Roots: 0.04ms
[383.294s][info][gc,phases   ] GC(762)   Evacuate Collection Set: 10.50ms
[383.294s][info][gc,phases   ] GC(762)   Post Evacuate Collection Set: 0.38ms
[383.294s][info][gc,phases   ] GC(762)   Other: 0.11ms
[383.294s][info][gc,heap     ] GC(762) Eden regions: 27->0(235)
[383.294s][info][gc,heap     ] GC(762) Survivor regions: 9->18(30)
[383.294s][info][gc,heap     ] GC(762) Old regions: 192->192
[383.294s][info][gc,heap     ] GC(762) Humongous regions: 5->5
[383.294s][info][gc,metaspace] GC(762) Metaspace: 42916K(43264K)->42916K(43264K) NonClass: 40108K(40320K)->40108K(40320K) Class: 2807K(2944K)->2807K(2944K)
[383.294s][info][gc          ] GC(762) Pause Young (Concurrent Start) (G1 Humongous Allocation) 231M->214M(590M) 11.498ms
[383.294s][info][gc          ] GC(763) Concurrent Mark Cycle
[383.294s][info][gc,marking  ] GC(763) Concurrent Scan Root Regions
[383.296s][info][gc,cpu      ] GC(762) User=0.02s Sys=0.00s Real=0.01s
[383.304s][info][gc,marking  ] GC(763) Concurrent Scan Root Regions 9.534ms
[383.304s][info][gc,marking  ] GC(763) Concurrent Mark
[383.304s][info][gc,marking  ] GC(763) Concurrent Mark From Roots
[383.304s][info][gc,task     ] GC(763) Using 1 workers of 1 for marking
[383.378s][info][gc,marking  ] GC(763) Concurrent Mark From Roots 74.212ms
[383.378s][info][gc,marking  ] GC(763) Concurrent Preclean
[383.378s][info][gc,marking  ] GC(763) Concurrent Preclean 0.053ms
[383.378s][info][gc,start    ] GC(763) Pause Remark
[383.391s][info][gc          ] GC(763) Pause Remark 233M->153M(450M) 13.041ms
[383.391s][info][gc,cpu      ] GC(763) User=0.03s Sys=0.00s Real=0.01s
[383.391s][info][gc,marking  ] GC(763) Concurrent Mark 87.574ms
[383.391s][info][gc,marking  ] GC(763) Concurrent Rebuild Remembered Sets and Scrub Regions
[383.421s][info][gc,marking  ] GC(763) Concurrent Rebuild Remembered Sets and Scrub Regions 29.428ms
[383.421s][info][gc,start    ] GC(763) Pause Cleanup
[383.421s][info][gc          ] GC(763) Pause Cleanup 162M->162M(450M) 0.078ms
[383.421s][info][gc,cpu      ] GC(763) User=0.00s Sys=0.00s Real=0.00s
[383.421s][info][gc,marking  ] GC(763) Concurrent Clear Claimed Marks
[383.421s][info][gc,marking  ] GC(763) Concurrent Clear Claimed Marks 0.044ms
[383.421s][info][gc,marking  ] GC(763) Concurrent Cleanup for Next Mark
[383.423s][info][gc,marking  ] GC(763) Concurrent Cleanup for Next Mark 1.294ms
[383.423s][info][gc          ] GC(763) Concurrent Mark Cycle 128.282ms
[384.068s][info][gc,start    ] GC(764) Pause Young (Prepare Mixed) (G1 Evacuation Pause)
[384.068s][info][gc,task     ] GC(764) Using 2 workers of 2 for evacuation
[384.077s][info][gc,phases   ] GC(764)   Pre Evacuate Collection Set: 0.22ms
[384.077s][info][gc,phases   ] GC(764)   Merge Heap Roots: 0.08ms
[384.077s][info][gc,phases   ] GC(764)   Evacuate Collection Set: 7.85ms
[384.077s][info][gc,phases   ] GC(764)   Post Evacuate Collection Set: 0.46ms
[384.077s][info][gc,phases   ] GC(764)   Other: 0.07ms
[384.077s][info][gc,heap     ] GC(764) Eden regions: 235->0(218)
[384.077s][info][gc,heap     ] GC(764) Survivor regions: 18->10(32)
[384.077s][info][gc,heap     ] GC(764) Old regions: 113->114
[384.077s][info][gc,heap     ] GC(764) Humongous regions: 6->3
[384.077s][info][gc,metaspace] GC(764) Metaspace: 42916K(43264K)->42916K(43264K) NonClass: 40108K(40320K)->40108K(40320K) Class: 2807K(2944K)->2807K(2944K)
[384.077s][info][gc          ] GC(764) Pause Young (Prepare Mixed) (G1 Evacuation Pause) 371M->126M(450M) 8.856ms
[384.077s][info][gc,cpu      ] GC(764) User=0.02s Sys=0.00s Real=0.01s
[384.690s][info][gc,start    ] GC(765) Pause Young (Mixed) (G1 Evacuation Pause)
[384.690s][info][gc,task     ] GC(765) Using 2 workers of 2 for evacuation
[384.703s][info][gc,phases   ] GC(765)   Pre Evacuate Collection Set: 0.22ms
[384.703s][info][gc,phases   ] GC(765)   Merge Heap Roots: 0.12ms
[384.703s][info][gc,phases   ] GC(765)   Evacuate Collection Set: 12.64ms
[384.703s][info][gc,phases   ] GC(765)   Post Evacuate Collection Set: 0.52ms
[384.703s][info][gc,phases   ] GC(765)   Other: 0.08ms
[384.703s][info][gc,heap     ] GC(765) Eden regions: 218->0(238)
[384.703s][info][gc,heap     ] GC(765) Survivor regions: 10->21(29)
[384.703s][info][gc,heap     ] GC(765) Old regions: 114->78
[384.703s][info][gc,heap     ] GC(765) Humongous regions: 5->3
[384.703s][info][gc,metaspace] GC(765) Metaspace: 42916K(43264K)->42916K(43264K) NonClass: 40108K(40320K)->40108K(40320K) Class: 2807K(2944K)->2807K(2944K)
[384.703s][info][gc          ] GC(765) Pause Young (Mixed) (G1 Evacuation Pause) 346M->101M(450M) 13.787ms
[384.703s][info][gc,cpu      ] GC(765) User=0.02s Sys=0.00s Real=0.02s
[385.162s][info][gc,start    ] GC(766) Pause Young (Concurrent Start) (G1 Humongous Allocation)
[385.162s][info][gc,task     ] GC(766) Using 2 workers of 2 for evacuation
[385.175s][info][gc,phases   ] GC(766)   Pre Evacuate Collection Set: 0.40ms
[385.175s][info][gc,phases   ] GC(766)   Merge Heap Roots: 0.08ms
[385.175s][info][gc,phases   ] GC(766)   Evacuate Collection Set: 12.04ms
[385.175s][info][gc,phases   ] GC(766)   Post Evacuate Collection Set: 0.42ms
[385.175s][info][gc,phases   ] GC(766)   Other: 0.14ms
[385.175s][info][gc,heap     ] GC(766) Eden regions: 160->0(252)
[385.175s][info][gc,heap     ] GC(766) Survivor regions: 21->2(33)
[385.175s][info][gc,heap     ] GC(766) Old regions: 78->98
[385.175s][info][gc,heap     ] GC(766) Humongous regions: 3->3
[385.175s][info][gc,metaspace] GC(766) Metaspace: 42916K(43264K)->42916K(43264K) NonClass: 40108K(40320K)->40108K(40320K) Class: 2807K(2944K)->2807K(2944K)
[385.175s][info][gc          ] GC(766) Pause Young (Concurrent Start) (G1 Humongous Allocation) 260M->102M(450M) 13.269ms
[385.175s][info][gc,cpu      ] GC(766) User=0.03s Sys=0.00s Real=0.01s
[385.175s][info][gc          ] GC(767) Concurrent Mark Cycle
[385.175s][info][gc,marking  ] GC(767) Concurrent Scan Root Regions
[385.183s][info][gc,marking  ] GC(767) Concurrent Scan Root Regions 7.801ms
[385.183s][info][gc,marking  ] GC(767) Concurrent Mark
[385.183s][info][gc,marking  ] GC(767) Concurrent Mark From Roots
[385.183s][info][gc,task     ] GC(767) Using 1 workers of 1 for marking
[385.254s][info][gc,marking  ] GC(767) Concurrent Mark From Roots 70.791ms
[385.254s][info][gc,marking  ] GC(767) Concurrent Preclean
[385.254s][info][gc,marking  ] GC(767) Concurrent Preclean 0.042ms
[385.254s][info][gc,start    ] GC(767) Pause Remark
[385.267s][info][gc          ] GC(767) Pause Remark 129M->128M(344M) 12.851ms
[385.267s][info][gc,cpu      ] GC(767) User=0.03s Sys=0.00s Real=0.01s
[385.267s][info][gc,marking  ] GC(767) Concurrent Mark 83.859ms
[385.267s][info][gc,marking  ] GC(767) Concurrent Rebuild Remembered Sets and Scrub Regions
[385.303s][info][gc,marking  ] GC(767) Concurrent Rebuild Remembered Sets and Scrub Regions 35.643ms
[385.303s][info][gc,start    ] GC(767) Pause Cleanup
[385.303s][info][gc          ] GC(767) Pause Cleanup 141M->141M(344M) 0.049ms
[385.303s][info][gc,cpu      ] GC(767) User=0.00s Sys=0.00s Real=0.00s
[385.303s][info][gc,marking  ] GC(767) Concurrent Clear Claimed Marks
[385.303s][info][gc,marking  ] GC(767) Concurrent Clear Claimed Marks 0.034ms
[385.303s][info][gc,marking  ] GC(767) Concurrent Cleanup for Next Mark
[385.304s][info][gc,marking  ] GC(767) Concurrent Cleanup for Next Mark 0.972ms
[385.304s][info][gc          ] GC(767) Concurrent Mark Cycle 128.660ms
[385.729s][info][gc,start    ] GC(768) Pause Young (Prepare Mixed) (G1 Evacuation Pause)
[385.729s][info][gc,task     ] GC(768) Using 2 workers of 2 for evacuation
[385.737s][info][gc,phases   ] GC(768)   Pre Evacuate Collection Set: 0.23ms
[385.737s][info][gc,phases   ] GC(768)   Merge Heap Roots: 0.08ms
[385.737s][info][gc,phases   ] GC(768)   Evacuate Collection Set: 6.36ms
[385.737s][info][gc,phases   ] GC(768)   Post Evacuate Collection Set: 0.59ms
[385.737s][info][gc,phases   ] GC(768)   Other: 0.07ms
[385.737s][info][gc,heap     ] GC(768) Eden regions: 204->0(188)
[385.737s][info][gc,heap     ] GC(768) Survivor regions: 2->6(26)
[385.737s][info][gc,heap     ] GC(768) Old regions: 97->97
[385.737s][info][gc,heap     ] GC(768) Humongous regions: 4->1
[385.737s][info][gc,metaspace] GC(768) Metaspace: 42916K(43264K)->42916K(43264K) NonClass: 40108K(40320K)->40108K(40320K) Class: 2807K(2944K)->2807K(2944K)
[385.737s][info][gc          ] GC(768) Pause Young (Prepare Mixed) (G1 Evacuation Pause) 306M->103M(344M) 7.513ms
[385.737s][info][gc,cpu      ] GC(768) User=0.01s Sys=0.00s Real=0.01s
[386.021s][info][gc,start    ] GC(769) Pause Young (Mixed) (G1 Evacuation Pause)
[386.021s][info][gc,task     ] GC(769) Using 2 workers of 2 for evacuation
[386.026s][info][gc,phases   ] GC(769)   Pre Evacuate Collection Set: 0.22ms
[386.026s][info][gc,phases   ] GC(769)   Merge Heap Roots: 0.08ms
[386.026s][info][gc,phases   ] GC(769)   Evacuate Collection Set: 3.87ms
[386.026s][info][gc,phases   ] GC(769)   Post Evacuate Collection Set: 0.42ms
[386.026s][info][gc,phases   ] GC(769)   Other: 0.08ms
[386.026s][info][gc,heap     ] GC(769) Eden regions: 188->0(202)
[386.026s][info][gc,heap     ] GC(769) Survivor regions: 6->4(25)
[386.026s][info][gc,heap     ] GC(769) Old regions: 97->88
[386.026s][info][gc,heap     ] GC(769) Humongous regions: 1->1
[386.026s][info][gc,metaspace] GC(769) Metaspace: 42916K(43264K)->42916K(43264K) NonClass: 40108K(40320K)->40108K(40320K) Class: 2807K(2944K)->2807K(2944K)
[386.026s][info][gc          ] GC(769) Pause Young (Mixed) (G1 Evacuation Pause) 291M->92M(344M) 4.853ms
[386.026s][info][gc,cpu      ] GC(769) User=0.01s Sys=0.00s Real=0.01s
[386.340s][info][gc,start    ] GC(770) Pause Young (Concurrent Start) (G1 Evacuation Pause)
[386.340s][info][gc,task     ] GC(770) Using 2 workers of 2 for evacuation
[386.343s][info][gc,phases   ] GC(770)   Pre Evacuate Collection Set: 0.22ms
[386.343s][info][gc,phases   ] GC(770)   Merge Heap Roots: 0.06ms
[386.343s][info][gc,phases   ] GC(770)   Evacuate Collection Set: 2.68ms
[386.343s][info][gc,phases   ] GC(770)   Post Evacuate Collection Set: 0.44ms
[386.343s][info][gc,phases   ] GC(770)   Other: 0.08ms
[386.343s][info][gc,heap     ] GC(770) Eden regions: 202->0(202)
[386.343s][info][gc,heap     ] GC(770) Survivor regions: 4->4(26)
[386.343s][info][gc,heap     ] GC(770) Old regions: 88->88
[386.343s][info][gc,heap     ] GC(770) Humongous regions: 1->1
[386.343s][info][gc,metaspace] GC(770) Metaspace: 42916K(43264K)->42916K(43264K) NonClass: 40108K(40320K)->40108K(40320K) Class: 2807K(2944K)->2807K(2944K)
[386.343s][info][gc          ] GC(770) Pause Young (Concurrent Start) (G1 Evacuation Pause) 294M->92M(344M) 3.656ms
[386.343s][info][gc,cpu      ] GC(770) User=0.00s Sys=0.00s Real=0.01s
[386.343s][info][gc          ] GC(771) Concurrent Mark Cycle
[386.343s][info][gc,marking  ] GC(771) Concurrent Scan Root Regions
[386.345s][info][gc,marking  ] GC(771) Concurrent Scan Root Regions 1.956ms
[386.345s][info][gc,marking  ] GC(771) Concurrent Mark
[386.345s][info][gc,marking  ] GC(771) Concurrent Mark From Roots
[386.345s][info][gc,task     ] GC(771) Using 1 workers of 1 for marking
[386.417s][info][gc,marking  ] GC(771) Concurrent Mark From Roots 71.575ms
[386.417s][info][gc,marking  ] GC(771) Concurrent Preclean
[386.417s][info][gc,marking  ] GC(771) Concurrent Preclean 0.042ms
[386.417s][info][gc,start    ] GC(771) Pause Remark
[386.430s][info][gc          ] GC(771) Pause Remark 120M->111M(287M) 12.983ms
[386.430s][info][gc,cpu      ] GC(771) User=0.03s Sys=0.00s Real=0.01s
[386.431s][info][gc,marking  ] GC(771) Concurrent Mark 85.738ms
[386.431s][info][gc,marking  ] GC(771) Concurrent Rebuild Remembered Sets and Scrub Regions
[386.462s][info][gc,marking  ] GC(771) Concurrent Rebuild Remembered Sets and Scrub Regions 31.048ms
[386.462s][info][gc,start    ] GC(771) Pause Cleanup
[386.462s][info][gc          ] GC(771) Pause Cleanup 122M->122M(287M) 0.049ms
[386.462s][info][gc,cpu      ] GC(771) User=0.00s Sys=0.00s Real=0.00s
[386.463s][info][gc,marking  ] GC(771) Concurrent Clear Claimed Marks
[386.463s][info][gc,marking  ] GC(771) Concurrent Clear Claimed Marks 0.057ms
[386.463s][info][gc,marking  ] GC(771) Concurrent Cleanup for Next Mark
[386.463s][info][gc,marking  ] GC(771) Concurrent Cleanup for Next Mark 0.854ms
[386.463s][info][gc          ] GC(771) Concurrent Mark Cycle 119.972ms
[386.830s][info][gc,start    ] GC(772) Pause Young (Prepare Mixed) (G1 Evacuation Pause)
[386.830s][info][gc,task     ] GC(772) Using 2 workers of 2 for evacuation
[386.842s][info][gc,phases   ] GC(772)   Pre Evacuate Collection Set: 0.20ms
[386.842s][info][gc,phases   ] GC(772)   Merge Heap Roots: 0.07ms
[386.842s][info][gc,phases   ] GC(772)   Evacuate Collection Set: 10.51ms
[386.842s][info][gc,phases   ] GC(772)   Post Evacuate Collection Set: 0.62ms
[386.842s][info][gc,phases   ] GC(772)   Other: 0.08ms
[386.842s][info][gc,heap     ] GC(772) Eden regions: 85->0(217)
[386.842s][info][gc,heap     ] GC(772) Survivor regions: 4->9(27)
[386.842s][info][gc,heap     ] GC(772) Old regions: 79->79
[386.842s][info][gc,heap     ] GC(772) Humongous regions: 201->3
[386.842s][info][gc,metaspace] GC(772) Metaspace: 42916K(43264K)->42916K(43264K) NonClass: 40108K(40320K)->40108K(40320K) Class: 2807K(2944K)->2807K(2944K)
[386.842s][info][gc          ] GC(772) Pause Young (Prepare Mixed) (G1 Evacuation Pause) 368M->90M(378M) 11.674ms
[386.842s][info][gc,cpu      ] GC(772) User=0.02s Sys=0.00s Real=0.01s
[387.300s][info][gc,start    ] GC(773) Pause Young (Mixed) (G1 Evacuation Pause)
[387.300s][info][gc,task     ] GC(773) Using 2 workers of 2 for evacuation
[387.325s][info][gc,phases   ] GC(773)   Pre Evacuate Collection Set: 0.25ms
[387.325s][info][gc,phases   ] GC(773)   Merge Heap Roots: 0.14ms
[387.325s][info][gc,phases   ] GC(773)   Evacuate Collection Set: 24.23ms
[387.325s][info][gc,phases   ] GC(773)   Post Evacuate Collection Set: 0.79ms
[387.325s][info][gc,phases   ] GC(773)   Other: 0.08ms
[387.325s][info][gc,heap     ] GC(773) Eden regions: 49->0(259)
[387.325s][info][gc,heap     ] GC(773) Survivor regions: 9->12(31)
[387.325s][info][gc,heap     ] GC(773) Old regions: 79->62
[387.325s][info][gc,heap     ] GC(773) Humongous regions: 299->1
[387.326s][info][gc,metaspace] GC(773) Metaspace: 42916K(43264K)->42916K(43264K) NonClass: 40108K(40320K)->40108K(40320K) Class: 2807K(2944K)->2807K(2944K)
[387.326s][info][gc          ] GC(773) Pause Young (Mixed) (G1 Evacuation Pause) 435M->74M(452M) 25.682ms
[387.326s][info][gc,cpu      ] GC(773) User=0.03s Sys=0.01s Real=0.03s
[387.326s][info][gc,start    ] GC(774) Pause Young (Concurrent Start) (G1 Humongous Allocation)
[387.326s][info][gc,task     ] GC(774) Using 2 workers of 2 for evacuation
[387.335s][info][gc,phases   ] GC(774)   Pre Evacuate Collection Set: 0.21ms
[387.335s][info][gc,phases   ] GC(774)   Merge Heap Roots: 0.04ms
[387.335s][info][gc,phases   ] GC(774)   Evacuate Collection Set: 8.74ms
[387.335s][info][gc,phases   ] GC(774)   Post Evacuate Collection Set: 0.35ms
[387.335s][info][gc,phases   ] GC(774)   Other: 0.09ms
[387.335s][info][gc,heap     ] GC(774) Eden regions: 1->0(259)
[387.335s][info][gc,heap     ] GC(774) Survivor regions: 12->12(34)
[387.335s][info][gc,heap     ] GC(774) Old regions: 62->62
[387.335s][info][gc,heap     ] GC(774) Humongous regions: 1->1
[387.335s][info][gc,metaspace] GC(774) Metaspace: 42916K(43264K)->42916K(43264K) NonClass: 40108K(40320K)->40108K(40320K) Class: 2807K(2944K)->2807K(2944K)
[387.335s][info][gc          ] GC(774) Pause Young (Concurrent Start) (G1 Humongous Allocation) 74M->74M(452M) 9.572ms
[387.335s][info][gc,cpu      ] GC(774) User=0.02s Sys=0.00s Real=0.01s
[387.335s][info][gc          ] GC(775) Concurrent Mark Cycle
[387.335s][info][gc,marking  ] GC(775) Concurrent Scan Root Regions
[387.342s][info][gc,marking  ] GC(775) Concurrent Scan Root Regions 6.396ms
[387.342s][info][gc,marking  ] GC(775) Concurrent Mark
[387.342s][info][gc,marking  ] GC(775) Concurrent Mark From Roots
[387.342s][info][gc,task     ] GC(775) Using 1 workers of 1 for marking
[387.412s][info][gc,marking  ] GC(775) Concurrent Mark From Roots 69.810ms
[387.412s][info][gc,marking  ] GC(775) Concurrent Preclean
[387.412s][info][gc,marking  ] GC(775) Concurrent Preclean 0.057ms
[387.412s][info][gc,start    ] GC(775) Pause Remark
[387.425s][info][gc          ] GC(775) Pause Remark 139M->138M(434M) 12.947ms
[387.425s][info][gc,cpu      ] GC(775) User=0.03s Sys=0.00s Real=0.02s
[387.425s][info][gc,marking  ] GC(775) Concurrent Mark 83.137ms
[387.425s][info][gc,marking  ] GC(775) Concurrent Rebuild Remembered Sets and Scrub Regions
[387.453s][info][gc,marking  ] GC(775) Concurrent Rebuild Remembered Sets and Scrub Regions 27.736ms
[387.453s][info][gc,start    ] GC(775) Pause Cleanup
[387.453s][info][gc          ] GC(775) Pause Cleanup 160M->160M(434M) 0.058ms
[387.453s][info][gc,cpu      ] GC(775) User=0.00s Sys=0.00s Real=0.00s
[387.453s][info][gc,marking  ] GC(775) Concurrent Clear Claimed Marks
[387.453s][info][gc,marking  ] GC(775) Concurrent Clear Claimed Marks 0.040ms
[387.453s][info][gc,marking  ] GC(775) Concurrent Cleanup for Next Mark
[387.456s][info][gc,marking  ] GC(775) Concurrent Cleanup for Next Mark 2.609ms
[387.456s][info][gc          ] GC(775) Concurrent Mark Cycle 120.205ms
[387.954s][info][gc,start    ] GC(776) Pause Young (Prepare Mixed) (G1 Evacuation Pause)
[387.954s][info][gc,task     ] GC(776) Using 2 workers of 2 for evacuation
[387.979s][info][gc,phases   ] GC(776)   Pre Evacuate Collection Set: 0.27ms
[387.979s][info][gc,phases   ] GC(776)   Merge Heap Roots: 0.07ms
[387.979s][info][gc,phases   ] GC(776)   Evacuate Collection Set: 23.60ms
[387.979s][info][gc,phases   ] GC(776)   Post Evacuate Collection Set: 1.08ms
[387.979s][info][gc,phases   ] GC(776)   Other: 0.08ms
[387.979s][info][gc,heap     ] GC(776) Eden regions: 66->0(306)
[387.979s][info][gc,heap     ] GC(776) Survivor regions: 12->19(39)
[387.979s][info][gc,heap     ] GC(776) Old regions: 61->61
[387.979s][info][gc,heap     ] GC(776) Humongous regions: 385->3
[387.979s][info][gc,metaspace] GC(776) Metaspace: 42916K(43264K)->42916K(43264K) NonClass: 40108K(40320K)->40108K(40320K) Class: 2807K(2944K)->2807K(2944K)
[387.980s][info][gc          ] GC(776) Pause Young (Prepare Mixed) (G1 Evacuation Pause) 523M->82M(543M) 25.298ms
[387.980s][info][gc,cpu      ] GC(776) User=0.03s Sys=0.01s Real=0.02s
[388.674s][info][gc,start    ] GC(777) Pause Young (Mixed) (G1 Evacuation Pause)
[388.674s][info][gc,task     ] GC(777) Using 2 workers of 2 for evacuation
[388.721s][info][gc,phases   ] GC(777)   Pre Evacuate Collection Set: 0.28ms
[388.721s][info][gc,phases   ] GC(777)   Merge Heap Roots: 0.08ms
[388.721s][info][gc,phases   ] GC(777)   Evacuate Collection Set: 45.27ms
[388.721s][info][gc,phases   ] GC(777)   Post Evacuate Collection Set: 0.87ms
[388.721s][info][gc,phases   ] GC(777)   Other: 0.07ms
[388.721s][info][gc,heap     ] GC(777) Eden regions: 90->0(345)
[388.721s][info][gc,heap     ] GC(777) Survivor regions: 19->34(45)
[388.721s][info][gc,heap     ] GC(777) Old regions: 61->57
[388.721s][info][gc,heap     ] GC(777) Humongous regions: 427->1
[388.721s][info][gc,metaspace] GC(777) Metaspace: 42916K(43264K)->42916K(43264K) NonClass: 40108K(40320K)->40108K(40320K) Class: 2807K(2944K)->2807K(2944K)
[388.721s][info][gc          ] GC(777) Pause Young (Mixed) (G1 Evacuation Pause) 596M->91M(633M) 46.762ms
[388.721s][info][gc,cpu      ] GC(777) User=0.06s Sys=0.03s Real=0.04s
[389.606s][info][gc,start    ] GC(778) Pause Young (Normal) (G1 Evacuation Pause)
[389.606s][info][gc,task     ] GC(778) Using 2 workers of 2 for evacuation
[389.618s][info][gc,phases   ] GC(778)   Pre Evacuate Collection Set: 0.24ms
[389.618s][info][gc,phases   ] GC(778)   Merge Heap Roots: 0.10ms
[389.618s][info][gc,phases   ] GC(778)   Evacuate Collection Set: 10.33ms
[389.618s][info][gc,phases   ] GC(778)   Post Evacuate Collection Set: 0.73ms
[389.618s][info][gc,phases   ] GC(778)   Other: 0.08ms
[389.618s][info][gc,heap     ] GC(778) Eden regions: 345->0(368)
[389.618s][info][gc,heap     ] GC(778) Survivor regions: 34->11(48)
[389.618s][info][gc,heap     ] GC(778) Old regions: 57->60
[389.618s][info][gc,heap     ] GC(778) Humongous regions: 81->1
[389.618s][info][gc,metaspace] GC(778) Metaspace: 42920K(43264K)->42920K(43264K) NonClass: 40112K(40320K)->40112K(40320K) Class: 2807K(2944K)->2807K(2944K)
[389.618s][info][gc          ] GC(778) Pause Young (Normal) (G1 Evacuation Pause) 516M->70M(633M) 11.710ms
[389.618s][info][gc,cpu      ] GC(778) User=0.02s Sys=0.00s Real=0.01s
[390.383s][info][gc,start    ] GC(779) Pause Young (Normal) (G1 Evacuation Pause)
[390.383s][info][gc,task     ] GC(779) Using 2 workers of 2 for evacuation
[390.390s][info][gc,phases   ] GC(779)   Pre Evacuate Collection Set: 0.25ms
[390.390s][info][gc,phases   ] GC(779)   Merge Heap Roots: 0.11ms
[390.390s][info][gc,phases   ] GC(779)   Evacuate Collection Set: 5.68ms
[390.390s][info][gc,phases   ] GC(779)   Post Evacuate Collection Set: 0.70ms
[390.390s][info][gc,phases   ] GC(779)   Other: 0.08ms
[390.390s][info][gc,heap     ] GC(779) Eden regions: 368->0(370)
[390.390s][info][gc,heap     ] GC(779) Survivor regions: 11->9(48)
[390.390s][info][gc,heap     ] GC(779) Old regions: 60->60
[390.390s][info][gc,heap     ] GC(779) Humongous regions: 1->1
[390.390s][info][gc,metaspace] GC(779) Metaspace: 42957K(43328K)->42957K(43328K) NonClass: 40149K(40384K)->40149K(40384K) Class: 2807K(2944K)->2807K(2944K)
[390.390s][info][gc          ] GC(779) Pause Young (Normal) (G1 Evacuation Pause) 438M->68M(633M) 6.996ms
[390.390s][info][gc,cpu      ] GC(779) User=0.01s Sys=0.00s Real=0.00s
[391.187s][info][gc,start    ] GC(780) Pause Young (Normal) (G1 Evacuation Pause)
[391.187s][info][gc,task     ] GC(780) Using 2 workers of 2 for evacuation
[391.195s][info][gc,phases   ] GC(780)   Pre Evacuate Collection Set: 0.28ms
[391.195s][info][gc,phases   ] GC(780)   Merge Heap Roots: 0.11ms
[391.195s][info][gc,phases   ] GC(780)   Evacuate Collection Set: 6.44ms
[391.195s][info][gc,phases   ] GC(780)   Post Evacuate Collection Set: 0.67ms
[391.195s][info][gc,phases   ] GC(780)   Other: 0.10ms
[391.195s][info][gc,heap     ] GC(780) Eden regions: 370->0(368)
[391.195s][info][gc,heap     ] GC(780) Survivor regions: 9->11(48)
[391.195s][info][gc,heap     ] GC(780) Old regions: 60->60
[391.195s][info][gc,heap     ] GC(780) Humongous regions: 1->1
[391.195s][info][gc,metaspace] GC(780) Metaspace: 42960K(43328K)->42960K(43328K) NonClass: 40152K(40384K)->40152K(40384K) Class: 2807K(2944K)->2807K(2944K)
[391.195s][info][gc          ] GC(780) Pause Young (Normal) (G1 Evacuation Pause) 438M->70M(633M) 7.811ms
[391.195s][info][gc,cpu      ] GC(780) User=0.02s Sys=0.00s Real=0.01s
[392.441s][info][gc,start    ] GC(781) Pause Young (Normal) (G1 Evacuation Pause)
[392.441s][info][gc,task     ] GC(781) Using 2 workers of 2 for evacuation
[392.448s][info][gc,phases   ] GC(781)   Pre Evacuate Collection Set: 0.25ms
[392.448s][info][gc,phases   ] GC(781)   Merge Heap Roots: 0.12ms
[392.448s][info][gc,phases   ] GC(781)   Evacuate Collection Set: 5.53ms
[392.448s][info][gc,phases   ] GC(781)   Post Evacuate Collection Set: 0.73ms
[392.448s][info][gc,phases   ] GC(781)   Other: 0.09ms
[392.448s][info][gc,heap     ] GC(781) Eden regions: 368->0(372)
[392.448s][info][gc,heap     ] GC(781) Survivor regions: 11->7(48)
[392.448s][info][gc,heap     ] GC(781) Old regions: 60->60
[392.448s][info][gc,heap     ] GC(781) Humongous regions: 1->1
[392.448s][info][gc,metaspace] GC(781) Metaspace: 42969K(43328K)->42969K(43328K) NonClass: 40161K(40384K)->40161K(40384K) Class: 2807K(2944K)->2807K(2944K)
[392.448s][info][gc          ] GC(781) Pause Young (Normal) (G1 Evacuation Pause) 438M->66M(633M) 6.891ms
[392.448s][info][gc,cpu      ] GC(781) User=0.01s Sys=0.00s Real=0.01s
[393.630s][info][gc,start    ] GC(782) Pause Young (Normal) (G1 Evacuation Pause)
[393.630s][info][gc,task     ] GC(782) Using 2 workers of 2 for evacuation
[393.670s][info][gc,phases   ] GC(782)   Pre Evacuate Collection Set: 0.25ms
[393.670s][info][gc,phases   ] GC(782)   Merge Heap Roots: 0.12ms
[393.670s][info][gc,phases   ] GC(782)   Evacuate Collection Set: 39.17ms
[393.670s][info][gc,phases   ] GC(782)   Post Evacuate Collection Set: 0.68ms
[393.671s][info][gc,phases   ] GC(782)   Other: 0.07ms
[393.671s][info][gc,heap     ] GC(782) Eden regions: 372->0(338)
[393.671s][info][gc,heap     ] GC(782) Survivor regions: 7->41(48)
[393.671s][info][gc,heap     ] GC(782) Old regions: 60->60
[393.671s][info][gc,heap     ] GC(782) Humongous regions: 14->4
[393.671s][info][gc,metaspace] GC(782) Metaspace: 42984K(43392K)->42984K(43392K) NonClass: 40177K(40448K)->40177K(40448K) Class: 2807K(2944K)->2807K(2944K)
[393.671s][info][gc          ] GC(782) Pause Young (Normal) (G1 Evacuation Pause) 451M->104M(633M) 40.502ms
[393.671s][info][gc,cpu      ] GC(782) User=0.08s Sys=0.00s Real=0.04s
[394.375s][info][gc,start    ] GC(783) Pause Young (Normal) (G1 Evacuation Pause)
[394.375s][info][gc,task     ] GC(783) Using 2 workers of 2 for evacuation
[394.451s][info][gc,phases   ] GC(783)   Pre Evacuate Collection Set: 0.27ms
[394.451s][info][gc,phases   ] GC(783)   Merge Heap Roots: 0.14ms
[394.451s][info][gc,phases   ] GC(783)   Evacuate Collection Set: 74.71ms
[394.451s][info][gc,phases   ] GC(783)   Post Evacuate Collection Set: 0.64ms
[394.451s][info][gc,phases   ] GC(783)   Other: 0.10ms
[394.451s][info][gc,heap     ] GC(783) Eden regions: 338->0(343)
[394.451s][info][gc,heap     ] GC(783) Survivor regions: 41->36(48)
[394.451s][info][gc,heap     ] GC(783) Old regions: 60->101
[394.451s][info][gc,heap     ] GC(783) Humongous regions: 6->6
[394.451s][info][gc,metaspace] GC(783) Metaspace: 42984K(43392K)->42984K(43392K) NonClass: 40177K(40448K)->40177K(40448K) Class: 2807K(2944K)->2807K(2944K)
[394.451s][info][gc          ] GC(783) Pause Young (Normal) (G1 Evacuation Pause) 444M->142M(633M) 76.078ms
[394.451s][info][gc,cpu      ] GC(783) User=0.15s Sys=0.00s Real=0.07s
[394.461s][info][gc,start    ] GC(784) Pause Young (Concurrent Start) (G1 Humongous Allocation)
[394.461s][info][gc,task     ] GC(784) Using 2 workers of 2 for evacuation
[394.492s][info][gc,phases   ] GC(784)   Pre Evacuate Collection Set: 0.26ms
[394.492s][info][gc,phases   ] GC(784)   Merge Heap Roots: 0.07ms
[394.492s][info][gc,phases   ] GC(784)   Evacuate Collection Set: 29.93ms
[394.492s][info][gc,phases   ] GC(784)   Post Evacuate Collection Set: 0.33ms
[394.492s][info][gc,phases   ] GC(784)   Other: 0.10ms
[394.492s][info][gc,heap     ] GC(784) Eden regions: 5->0(378)
[394.492s][info][gc,heap     ] GC(784) Survivor regions: 36->1(48)
[394.492s][info][gc,heap     ] GC(784) Old regions: 101->137
[394.492s][info][gc,heap     ] GC(784) Humongous regions: 6->6
[394.492s][info][gc,metaspace] GC(784) Metaspace: 42984K(43392K)->42984K(43392K) NonClass: 40177K(40448K)->40177K(40448K) Class: 2807K(2944K)->2807K(2944K)
[394.492s][info][gc          ] GC(784) Pause Young (Concurrent Start) (G1 Humongous Allocation) 147M->143M(633M) 30.852ms
[394.492s][info][gc,cpu      ] GC(784) User=0.06s Sys=0.00s Real=0.03s
[394.492s][info][gc          ] GC(785) Concurrent Mark Cycle
[394.492s][info][gc,marking  ] GC(785) Concurrent Scan Root Regions
[394.554s][info][gc,marking  ] GC(785) Concurrent Scan Root Regions 62.268ms
[394.554s][info][gc,marking  ] GC(785) Concurrent Mark
[394.554s][info][gc,marking  ] GC(785) Concurrent Mark From Roots
[394.554s][info][gc,task     ] GC(785) Using 1 workers of 1 for marking
[394.745s][info][gc,marking  ] GC(785) Concurrent Mark From Roots 190.727ms
[394.745s][info][gc,marking  ] GC(785) Concurrent Preclean
[394.745s][info][gc,marking  ] GC(785) Concurrent Preclean 0.216ms
[394.745s][info][gc,start    ] GC(785) Pause Remark
[394.759s][info][gc          ] GC(785) Pause Remark 223M->216M(470M) 13.371ms
[394.759s][info][gc,cpu      ] GC(785) User=0.02s Sys=0.00s Real=0.01s
[394.759s][info][gc,marking  ] GC(785) Concurrent Mark 204.575ms
[394.759s][info][gc,marking  ] GC(785) Concurrent Rebuild Remembered Sets and Scrub Regions
[394.892s][info][gc,marking  ] GC(785) Concurrent Rebuild Remembered Sets and Scrub Regions 133.178ms
[394.892s][info][gc,start    ] GC(785) Pause Cleanup
[394.892s][info][gc          ] GC(785) Pause Cleanup 248M->248M(470M) 0.060ms
[394.892s][info][gc,cpu      ] GC(785) User=0.00s Sys=0.00s Real=0.00s
[394.892s][info][gc,marking  ] GC(785) Concurrent Clear Claimed Marks
[394.892s][info][gc,marking  ] GC(785) Concurrent Clear Claimed Marks 0.037ms
[394.892s][info][gc,marking  ] GC(785) Concurrent Cleanup for Next Mark
[394.896s][info][gc,marking  ] GC(785) Concurrent Cleanup for Next Mark 3.897ms
[394.896s][info][gc          ] GC(785) Concurrent Mark Cycle 404.401ms
[398.144s][info][gc,start    ] GC(786) Pause Young (Prepare Mixed) (G1 Evacuation Pause)
[398.144s][info][gc,task     ] GC(786) Using 2 workers of 2 for evacuation
[398.183s][info][gc,phases   ] GC(786)   Pre Evacuate Collection Set: 0.26ms
[398.183s][info][gc,phases   ] GC(786)   Merge Heap Roots: 0.19ms
[398.183s][info][gc,phases   ] GC(786)   Evacuate Collection Set: 37.29ms
[398.183s][info][gc,phases   ] GC(786)   Post Evacuate Collection Set: 0.56ms
[398.183s][info][gc,phases   ] GC(786)   Other: 0.10ms
[398.183s][info][gc,heap     ] GC(786) Eden regions: 281->0(247)
[398.183s][info][gc,heap     ] GC(786) Survivor regions: 1->24(36)
[398.183s][info][gc,heap     ] GC(786) Old regions: 131->131
[398.183s][info][gc,heap     ] GC(786) Humongous regions: 20->15
[398.183s][info][gc,metaspace] GC(786) Metaspace: 42988K(43392K)->42988K(43392K) NonClass: 40180K(40448K)->40180K(40448K) Class: 2807K(2944K)->2807K(2944K)
[398.183s][info][gc          ] GC(786) Pause Young (Prepare Mixed) (G1 Evacuation Pause) 432M->169M(470M) 38.561ms
[398.183s][info][gc,cpu      ] GC(786) User=0.08s Sys=0.00s Real=0.04s
[398.936s][info][gc,start    ] GC(787) Pause Young (Mixed) (G1 Evacuation Pause)
[398.936s][info][gc,task     ] GC(787) Using 2 workers of 2 for evacuation
[398.973s][info][gc,phases   ] GC(787)   Pre Evacuate Collection Set: 0.22ms
[398.973s][info][gc,phases   ] GC(787)   Merge Heap Roots: 0.20ms
[398.973s][info][gc,phases   ] GC(787)   Evacuate Collection Set: 36.28ms
[398.973s][info][gc,phases   ] GC(787)   Post Evacuate Collection Set: 0.51ms
[398.973s][info][gc,phases   ] GC(787)   Other: 0.08ms
[398.973s][info][gc,heap     ] GC(787) Eden regions: 247->0(256)
[398.973s][info][gc,heap     ] GC(787) Survivor regions: 24->6(34)
[398.973s][info][gc,heap     ] GC(787) Old regions: 131->146
[398.973s][info][gc,heap     ] GC(787) Humongous regions: 15->15
[398.973s][info][gc,metaspace] GC(787) Metaspace: 42991K(43392K)->42991K(43392K) NonClass: 40183K(40448K)->40183K(40448K) Class: 2807K(2944K)->2807K(2944K)
[398.973s][info][gc          ] GC(787) Pause Young (Mixed) (G1 Evacuation Pause) 416M->167M(470M) 37.484ms
[398.973s][info][gc,cpu      ] GC(787) User=0.08s Sys=0.00s Real=0.04s
[400.181s][info][gc,start    ] GC(788) Pause Young (Concurrent Start) (G1 Evacuation Pause)
[400.181s][info][gc,task     ] GC(788) Using 2 workers of 2 for evacuation
[400.187s][info][gc,phases   ] GC(788)   Pre Evacuate Collection Set: 0.22ms
[400.187s][info][gc,phases   ] GC(788)   Merge Heap Roots: 0.08ms
[400.187s][info][gc,phases   ] GC(788)   Evacuate Collection Set: 5.50ms
[400.187s][info][gc,phases   ] GC(788)   Post Evacuate Collection Set: 0.45ms
[400.188s][info][gc,phases   ] GC(788)   Other: 0.09ms
[400.188s][info][gc,heap     ] GC(788) Eden regions: 256->0(262)
[400.188s][info][gc,heap     ] GC(788) Survivor regions: 6->7(33)
[400.188s][info][gc,heap     ] GC(788) Old regions: 146->146
[400.188s][info][gc,heap     ] GC(788) Humongous regions: 15->15
[400.188s][info][gc,metaspace] GC(788) Metaspace: 42991K(43392K)->42991K(43392K) NonClass: 40183K(40448K)->40183K(40448K) Class: 2807K(2944K)->2807K(2944K)
[400.188s][info][gc          ] GC(788) Pause Young (Concurrent Start) (G1 Evacuation Pause) 423M->168M(470M) 6.500ms
[400.188s][info][gc          ] GC(789) Concurrent Mark Cycle
[400.188s][info][gc,marking  ] GC(789) Concurrent Scan Root Regions
[400.189s][info][gc,cpu      ] GC(788) User=0.01s Sys=0.00s Real=0.01s
[400.193s][info][gc,marking  ] GC(789) Concurrent Scan Root Regions 5.401ms
[400.193s][info][gc,marking  ] GC(789) Concurrent Mark
[400.193s][info][gc,marking  ] GC(789) Concurrent Mark From Roots
[400.193s][info][gc,task     ] GC(789) Using 1 workers of 1 for marking
[400.229s][info][gc,marking  ] GC(789) Concurrent Mark From Roots 35.984ms
[400.229s][info][gc,marking  ] GC(789) Concurrent Preclean
[400.229s][info][gc,marking  ] GC(789) Concurrent Preclean 0.050ms
[400.229s][info][gc,start    ] GC(789) Pause Remark
[400.243s][info][gc          ] GC(789) Pause Remark 174M->64M(256M) 13.562ms
[400.243s][info][gc,cpu      ] GC(789) User=0.03s Sys=0.00s Real=0.02s
[400.243s][info][gc,marking  ] GC(789) Concurrent Mark 49.909ms
[400.243s][info][gc,marking  ] GC(789) Concurrent Rebuild Remembered Sets and Scrub Regions
[400.253s][info][gc,marking  ] GC(789) Concurrent Rebuild Remembered Sets and Scrub Regions 10.001ms
[400.253s][info][gc,start    ] GC(789) Pause Cleanup
[400.253s][info][gc          ] GC(789) Pause Cleanup 65M->65M(256M) 0.034ms
[400.253s][info][gc,cpu      ] GC(789) User=0.00s Sys=0.00s Real=0.00s
[400.253s][info][gc,marking  ] GC(789) Concurrent Clear Claimed Marks
[400.253s][info][gc,marking  ] GC(789) Concurrent Clear Claimed Marks 0.031ms
[400.253s][info][gc,marking  ] GC(789) Concurrent Cleanup for Next Mark
[400.254s][info][gc,marking  ] GC(789) Concurrent Cleanup for Next Mark 0.713ms
[400.254s][info][gc          ] GC(789) Concurrent Mark Cycle 66.280ms
[401.044s][info][gc,start    ] GC(790) Pause Young (Prepare Mixed) (G1 Evacuation Pause)
[401.044s][info][gc,task     ] GC(790) Using 2 workers of 2 for evacuation
[401.049s][info][gc,phases   ] GC(790)   Pre Evacuate Collection Set: 0.17ms
[401.049s][info][gc,phases   ] GC(790)   Merge Heap Roots: 0.11ms
[401.049s][info][gc,phases   ] GC(790)   Evacuate Collection Set: 4.65ms
[401.049s][info][gc,phases   ] GC(790)   Post Evacuate Collection Set: 0.41ms
[401.049s][info][gc,phases   ] GC(790)   Other: 0.06ms
[401.049s][info][gc,heap     ] GC(790) Eden regions: 146->0(146)
[401.049s][info][gc,heap     ] GC(790) Survivor regions: 7->7(20)
[401.049s][info][gc,heap     ] GC(790) Old regions: 50->50
[401.049s][info][gc,heap     ] GC(790) Humongous regions: 1->1
[401.049s][info][gc,metaspace] GC(790) Metaspace: 42991K(43392K)->42991K(43392K) NonClass: 40183K(40448K)->40183K(40448K) Class: 2807K(2944K)->2807K(2944K)
[401.049s][info][gc          ] GC(790) Pause Young (Prepare Mixed) (G1 Evacuation Pause) 204M->57M(256M) 5.559ms
[401.049s][info][gc,cpu      ] GC(790) User=0.01s Sys=0.00s Real=0.00s
[401.794s][info][gc,start    ] GC(791) Pause Young (Mixed) (G1 Evacuation Pause)
[401.794s][info][gc,task     ] GC(791) Using 2 workers of 2 for evacuation
[401.812s][info][gc,phases   ] GC(791)   Pre Evacuate Collection Set: 0.30ms
[401.812s][info][gc,phases   ] GC(791)   Merge Heap Roots: 0.12ms
[401.812s][info][gc,phases   ] GC(791)   Evacuate Collection Set: 16.51ms
[401.812s][info][gc,phases   ] GC(791)   Post Evacuate Collection Set: 0.40ms
[401.812s][info][gc,phases   ] GC(791)   Other: 0.07ms
[401.812s][info][gc,heap     ] GC(791) Eden regions: 146->0(137)
[401.812s][info][gc,heap     ] GC(791) Survivor regions: 7->16(20)
[401.812s][info][gc,heap     ] GC(791) Old regions: 50->39
[401.812s][info][gc,heap     ] GC(791) Humongous regions: 1->1
[401.812s][info][gc,metaspace] GC(791) Metaspace: 42991K(43392K)->42991K(43392K) NonClass: 40183K(40448K)->40183K(40448K) Class: 2807K(2944K)->2807K(2944K)
[401.812s][info][gc          ] GC(791) Pause Young (Mixed) (G1 Evacuation Pause) 203M->54M(256M) 17.572ms
[401.812s][info][gc,cpu      ] GC(791) User=0.03s Sys=0.00s Real=0.01s
[402.356s][info][gc,start    ] GC(792) Pause Young (Concurrent Start) (G1 Humongous Allocation)
[402.356s][info][gc,task     ] GC(792) Using 2 workers of 2 for evacuation
[402.361s][info][gc,phases   ] GC(792)   Pre Evacuate Collection Set: 0.18ms
[402.361s][info][gc,phases   ] GC(792)   Merge Heap Roots: 0.06ms
[402.361s][info][gc,phases   ] GC(792)   Evacuate Collection Set: 4.64ms
[402.361s][info][gc,phases   ] GC(792)   Post Evacuate Collection Set: 0.35ms
[402.361s][info][gc,phases   ] GC(792)   Other: 0.10ms
[402.361s][info][gc,heap     ] GC(792) Eden regions: 90->0(151)
[402.361s][info][gc,heap     ] GC(792) Survivor regions: 16->2(20)
[402.361s][info][gc,heap     ] GC(792) Old regions: 39->44
[402.361s][info][gc,heap     ] GC(792) Humongous regions: 1->1
[402.361s][info][gc,metaspace] GC(792) Metaspace: 42991K(43392K)->42991K(43392K) NonClass: 40183K(40448K)->40183K(40448K) Class: 2807K(2944K)->2807K(2944K)
[402.361s][info][gc          ] GC(792) Pause Young (Concurrent Start) (G1 Humongous Allocation) 143M->45M(256M) 5.501ms
[402.362s][info][gc,cpu      ] GC(792) User=0.01s Sys=0.00s Real=0.00s
[402.362s][info][gc          ] GC(793) Concurrent Mark Cycle
[402.362s][info][gc,marking  ] GC(793) Concurrent Scan Root Regions
[402.364s][info][gc,marking  ] GC(793) Concurrent Scan Root Regions 2.824ms
[402.364s][info][gc,marking  ] GC(793) Concurrent Mark
[402.364s][info][gc,marking  ] GC(793) Concurrent Mark From Roots
[402.364s][info][gc,task     ] GC(793) Using 1 workers of 1 for marking
[402.392s][info][gc,marking  ] GC(793) Concurrent Mark From Roots 27.643ms
[402.392s][info][gc,marking  ] GC(793) Concurrent Preclean
[402.392s][info][gc,marking  ] GC(793) Concurrent Preclean 0.035ms
[402.392s][info][gc,start    ] GC(793) Pause Remark
[402.406s][info][gc          ] GC(793) Pause Remark 53M->53M(256M) 13.132ms
[402.406s][info][gc,cpu      ] GC(793) User=0.03s Sys=0.00s Real=0.01s
[402.406s][info][gc,marking  ] GC(793) Concurrent Mark 41.280ms
[402.406s][info][gc,marking  ] GC(793) Concurrent Rebuild Remembered Sets and Scrub Regions
[402.418s][info][gc,marking  ] GC(793) Concurrent Rebuild Remembered Sets and Scrub Regions 12.377ms
[402.418s][info][gc,start    ] GC(793) Pause Cleanup
[402.418s][info][gc          ] GC(793) Pause Cleanup 55M->55M(256M) 0.037ms
[402.418s][info][gc,cpu      ] GC(793) User=0.00s Sys=0.00s Real=0.00s
[402.418s][info][gc,marking  ] GC(793) Concurrent Clear Claimed Marks
[402.418s][info][gc,marking  ] GC(793) Concurrent Clear Claimed Marks 0.033ms
[402.418s][info][gc,marking  ] GC(793) Concurrent Cleanup for Next Mark
[402.419s][info][gc,marking  ] GC(793) Concurrent Cleanup for Next Mark 0.749ms
[402.419s][info][gc          ] GC(793) Concurrent Mark Cycle 57.566ms
[403.197s][info][gc,start    ] GC(794) Pause Young (Prepare Mixed) (G1 Evacuation Pause)
[403.197s][info][gc,task     ] GC(794) Using 2 workers of 2 for evacuation
[403.211s][info][gc,phases   ] GC(794)   Pre Evacuate Collection Set: 0.15ms
[403.212s][info][gc,phases   ] GC(794)   Merge Heap Roots: 0.07ms
[403.212s][info][gc,phases   ] GC(794)   Evacuate Collection Set: 13.73ms
[403.212s][info][gc,phases   ] GC(794)   Post Evacuate Collection Set: 0.37ms
[403.212s][info][gc,phases   ] GC(794)   Other: 0.07ms
[403.212s][info][gc,heap     ] GC(794) Eden regions: 151->0(138)
[403.212s][info][gc,heap     ] GC(794) Survivor regions: 2->15(20)
[403.212s][info][gc,heap     ] GC(794) Old regions: 44->44
[403.212s][info][gc,heap     ] GC(794) Humongous regions: 2->2
[403.212s][info][gc,metaspace] GC(794) Metaspace: 42991K(43392K)->42991K(43392K) NonClass: 40183K(40448K)->40183K(40448K) Class: 2807K(2944K)->2807K(2944K)
[403.212s][info][gc          ] GC(794) Pause Young (Prepare Mixed) (G1 Evacuation Pause) 197M->59M(256M) 14.573ms
[403.212s][info][gc,cpu      ] GC(794) User=0.03s Sys=0.00s Real=0.01s
[403.901s][info][gc,start    ] GC(795) Pause Young (Mixed) (G1 Evacuation Pause)
[403.901s][info][gc,task     ] GC(795) Using 2 workers of 2 for evacuation
[403.928s][info][gc,phases   ] GC(795)   Pre Evacuate Collection Set: 0.16ms
[403.928s][info][gc,phases   ] GC(795)   Merge Heap Roots: 0.08ms
[403.928s][info][gc,phases   ] GC(795)   Evacuate Collection Set: 25.58ms
[403.928s][info][gc,phases   ] GC(795)   Post Evacuate Collection Set: 0.42ms
[403.928s][info][gc,phases   ] GC(795)   Other: 0.07ms
[403.928s][info][gc,heap     ] GC(795) Eden regions: 138->0(137)
[403.928s][info][gc,heap     ] GC(795) Survivor regions: 15->16(20)
[403.928s][info][gc,heap     ] GC(795) Old regions: 44->47
[403.928s][info][gc,heap     ] GC(795) Humongous regions: 2->2
[403.928s][info][gc,metaspace] GC(795) Metaspace: 42991K(43392K)->42991K(43392K) NonClass: 40183K(40448K)->40183K(40448K) Class: 2807K(2944K)->2807K(2944K)
[403.928s][info][gc          ] GC(795) Pause Young (Mixed) (G1 Evacuation Pause) 197M->64M(256M) 26.534ms
[403.928s][info][gc,cpu      ] GC(795) User=0.05s Sys=0.00s Real=0.03s
[403.959s][info][gc,start    ] GC(796) Pause Young (Concurrent Start) (G1 Humongous Allocation)
[403.959s][info][gc,task     ] GC(796) Using 2 workers of 2 for evacuation
[403.972s][info][gc,phases   ] GC(796)   Pre Evacuate Collection Set: 0.15ms
[403.972s][info][gc,phases   ] GC(796)   Merge Heap Roots: 0.04ms
[403.972s][info][gc,phases   ] GC(796)   Evacuate Collection Set: 12.06ms
[403.972s][info][gc,phases   ] GC(796)   Post Evacuate Collection Set: 0.32ms
[403.972s][info][gc,phases   ] GC(796)   Other: 0.10ms
[403.972s][info][gc,heap     ] GC(796) Eden regions: 5->0(85)
[403.972s][info][gc,heap     ] GC(796) Survivor regions: 16->3(20)
[403.972s][info][gc,heap     ] GC(796) Old regions: 47->62
[403.972s][info][gc,heap     ] GC(796) Humongous regions: 2->2
[403.972s][info][gc,metaspace] GC(796) Metaspace: 42991K(43392K)->42991K(43392K) NonClass: 40184K(40448K)->40184K(40448K) Class: 2807K(2944K)->2807K(2944K)
[403.972s][info][gc          ] GC(796) Pause Young (Concurrent Start) (G1 Humongous Allocation) 68M->66M(256M) 12.886ms
[403.972s][info][gc,cpu      ] GC(796) User=0.03s Sys=0.00s Real=0.02s
[403.972s][info][gc          ] GC(797) Concurrent Mark Cycle
[403.972s][info][gc,marking  ] GC(797) Concurrent Scan Root Regions
[403.982s][info][gc,marking  ] GC(797) Concurrent Scan Root Regions 9.728ms
[403.982s][info][gc,marking  ] GC(797) Concurrent Mark
[403.982s][info][gc,marking  ] GC(797) Concurrent Mark From Roots
[403.982s][info][gc,task     ] GC(797) Using 1 workers of 1 for marking
[404.013s][info][gc,marking  ] GC(797) Concurrent Mark From Roots 31.024ms
[404.013s][info][gc,marking  ] GC(797) Concurrent Preclean
[404.013s][info][gc,marking  ] GC(797) Concurrent Preclean 0.039ms
[404.013s][info][gc,start    ] GC(797) Pause Remark
[404.026s][info][gc          ] GC(797) Pause Remark 86M->83M(256M) 12.930ms
[404.026s][info][gc,cpu      ] GC(797) User=0.02s Sys=0.00s Real=0.01s
[404.026s][info][gc,marking  ] GC(797) Concurrent Mark 44.259ms
[404.026s][info][gc,marking  ] GC(797) Concurrent Rebuild Remembered Sets and Scrub Regions
[404.047s][info][gc,marking  ] GC(797) Concurrent Rebuild Remembered Sets and Scrub Regions 20.813ms
[404.047s][info][gc,start    ] GC(797) Pause Cleanup
[404.047s][info][gc          ] GC(797) Pause Cleanup 92M->92M(256M) 0.040ms
[404.047s][info][gc,cpu      ] GC(797) User=0.00s Sys=0.00s Real=0.00s
[404.047s][info][gc,marking  ] GC(797) Concurrent Clear Claimed Marks
[404.047s][info][gc,marking  ] GC(797) Concurrent Clear Claimed Marks 0.031ms
[404.047s][info][gc,marking  ] GC(797) Concurrent Cleanup for Next Mark
[404.048s][info][gc,marking  ] GC(797) Concurrent Cleanup for Next Mark 0.721ms
[404.048s][info][gc          ] GC(797) Concurrent Mark Cycle 75.841ms
[404.177s][info][gc,start    ] GC(798) Pause Young (Prepare Mixed) (G1 Evacuation Pause)
[404.177s][info][gc,task     ] GC(798) Using 2 workers of 2 for evacuation
[404.189s][info][gc,phases   ] GC(798)   Pre Evacuate Collection Set: 0.15ms
[404.189s][info][gc,phases   ] GC(798)   Merge Heap Roots: 0.06ms
[404.189s][info][gc,phases   ] GC(798)   Evacuate Collection Set: 11.55ms
[404.189s][info][gc,phases   ] GC(798)   Post Evacuate Collection Set: 0.36ms
[404.189s][info][gc,phases   ] GC(798)   Other: 0.08ms
[404.189s][info][gc,heap     ] GC(798) Eden regions: 85->0(88)
[404.189s][info][gc,heap     ] GC(798) Survivor regions: 3->11(11)
[404.189s][info][gc,heap     ] GC(798) Old regions: 60->62
[404.189s][info][gc,heap     ] GC(798) Humongous regions: 3->3
[404.189s][info][gc,metaspace] GC(798) Metaspace: 42991K(43392K)->42991K(43392K) NonClass: 40184K(40448K)->40184K(40448K) Class: 2807K(2944K)->2807K(2944K)
[404.189s][info][gc          ] GC(798) Pause Young (Prepare Mixed) (G1 Evacuation Pause) 150M->76M(256M) 12.377ms
[404.189s][info][gc,cpu      ] GC(798) User=0.03s Sys=0.00s Real=0.01s
[404.386s][info][gc,start    ] GC(799) Pause Young (Mixed) (G1 Evacuation Pause)
[404.386s][info][gc,task     ] GC(799) Using 2 workers of 2 for evacuation
[404.409s][info][gc,phases   ] GC(799)   Pre Evacuate Collection Set: 0.25ms
[404.409s][info][gc,phases   ] GC(799)   Merge Heap Roots: 0.20ms
[404.409s][info][gc,phases   ] GC(799)   Evacuate Collection Set: 22.63ms
[404.409s][info][gc,phases   ] GC(799)   Post Evacuate Collection Set: 0.40ms
[404.409s][info][gc,phases   ] GC(799)   Other: 0.07ms
[404.409s][info][gc,heap     ] GC(799) Eden regions: 88->0(96)
[404.409s][info][gc,heap     ] GC(799) Survivor regions: 11->11(13)
[404.409s][info][gc,heap     ] GC(799) Old regions: 62->60
[404.409s][info][gc,heap     ] GC(799) Humongous regions: 4->4
[404.409s][info][gc,metaspace] GC(799) Metaspace: 42991K(43392K)->42991K(43392K) NonClass: 40184K(40448K)->40184K(40448K) Class: 2807K(2944K)->2807K(2944K)
[404.409s][info][gc          ] GC(799) Pause Young (Mixed) (G1 Evacuation Pause) 165M->74M(256M) 23.765ms
[404.409s][info][gc,cpu      ] GC(799) User=0.04s Sys=0.00s Real=0.02s
[404.614s][info][gc,start    ] GC(800) Pause Young (Concurrent Start) (G1 Evacuation Pause)
[404.614s][info][gc,task     ] GC(800) Using 2 workers of 2 for evacuation
[404.636s][info][gc,phases   ] GC(800)   Pre Evacuate Collection Set: 0.16ms
[404.637s][info][gc,phases   ] GC(800)   Merge Heap Roots: 0.08ms
[404.637s][info][gc,phases   ] GC(800)   Evacuate Collection Set: 21.60ms
[404.637s][info][gc,phases   ] GC(800)   Post Evacuate Collection Set: 0.37ms
[404.637s][info][gc,phases   ] GC(800)   Other: 0.11ms
[404.637s][info][gc,heap     ] GC(800) Eden regions: 96->0(96)
[404.637s][info][gc,heap     ] GC(800) Survivor regions: 11->12(14)
[404.637s][info][gc,heap     ] GC(800) Old regions: 60->71
[404.637s][info][gc,heap     ] GC(800) Humongous regions: 4->4
[404.637s][info][gc,metaspace] GC(800) Metaspace: 42991K(43392K)->42991K(43392K) NonClass: 40184K(40448K)->40184K(40448K) Class: 2807K(2944K)->2807K(2944K)
[404.637s][info][gc          ] GC(800) Pause Young (Concurrent Start) (G1 Evacuation Pause) 170M->86M(256M) 22.505ms
[404.637s][info][gc,cpu      ] GC(800) User=0.04s Sys=0.00s Real=0.02s
[404.637s][info][gc          ] GC(801) Concurrent Mark Cycle
[404.637s][info][gc,marking  ] GC(801) Concurrent Scan Root Regions
[404.651s][info][gc,marking  ] GC(801) Concurrent Scan Root Regions 14.505ms
[404.651s][info][gc,marking  ] GC(801) Concurrent Mark
[404.651s][info][gc,marking  ] GC(801) Concurrent Mark From Roots
[404.651s][info][gc,task     ] GC(801) Using 1 workers of 1 for marking
[404.695s][info][gc,marking  ] GC(801) Concurrent Mark From Roots 43.650ms
[404.695s][info][gc,marking  ] GC(801) Concurrent Preclean
[404.695s][info][gc,marking  ] GC(801) Concurrent Preclean 0.050ms
[404.695s][info][gc,start    ] GC(801) Pause Remark
[404.709s][info][gc          ] GC(801) Pause Remark 105M->99M(256M) 13.783ms
[404.709s][info][gc,cpu      ] GC(801) User=0.03s Sys=0.00s Real=0.01s
[404.711s][info][gc,marking  ] GC(801) Concurrent Mark 59.749ms
[404.711s][info][gc,marking  ] GC(801) Concurrent Rebuild Remembered Sets and Scrub Regions
[404.741s][info][gc,marking  ] GC(801) Concurrent Rebuild Remembered Sets and Scrub Regions 29.857ms
[404.741s][info][gc,start    ] GC(801) Pause Cleanup
[404.741s][info][gc          ] GC(801) Pause Cleanup 113M->113M(256M) 0.041ms
[404.741s][info][gc,cpu      ] GC(801) User=0.00s Sys=0.00s Real=0.00s
[404.741s][info][gc,marking  ] GC(801) Concurrent Clear Claimed Marks
[404.741s][info][gc,marking  ] GC(801) Concurrent Clear Claimed Marks 0.035ms
[404.741s][info][gc,marking  ] GC(801) Concurrent Cleanup for Next Mark
[404.742s][info][gc,marking  ] GC(801) Concurrent Cleanup for Next Mark 0.723ms
[404.742s][info][gc          ] GC(801) Concurrent Mark Cycle 105.220ms
[404.879s][info][gc,start    ] GC(802) Pause Young (Prepare Mixed) (G1 Evacuation Pause)
[404.879s][info][gc,task     ] GC(802) Using 2 workers of 2 for evacuation
[404.904s][info][gc,phases   ] GC(802)   Pre Evacuate Collection Set: 0.15ms
[404.904s][info][gc,phases   ] GC(802)   Merge Heap Roots: 0.09ms
[404.904s][info][gc,phases   ] GC(802)   Evacuate Collection Set: 24.41ms
[404.904s][info][gc,phases   ] GC(802)   Post Evacuate Collection Set: 0.37ms
[404.904s][info][gc,phases   ] GC(802)   Other: 0.09ms
[404.904s][info][gc,heap     ] GC(802) Eden regions: 96->0(98)
[404.904s][info][gc,heap     ] GC(802) Survivor regions: 12->12(14)
[404.904s][info][gc,heap     ] GC(802) Old regions: 65->76
[404.904s][info][gc,heap     ] GC(802) Humongous regions: 6->6
[404.904s][info][gc,metaspace] GC(802) Metaspace: 42991K(43392K)->42991K(43392K) NonClass: 40184K(40448K)->40184K(40448K) Class: 2807K(2944K)->2807K(2944K)
[404.904s][info][gc          ] GC(802) Pause Young (Prepare Mixed) (G1 Evacuation Pause) 178M->93M(256M) 25.337ms
[404.904s][info][gc,cpu      ] GC(802) User=0.05s Sys=0.00s Real=0.03s
[405.113s][info][gc,start    ] GC(803) Pause Young (Mixed) (G1 Evacuation Pause)
[405.113s][info][gc,task     ] GC(803) Using 2 workers of 2 for evacuation
[405.138s][info][gc,phases   ] GC(803)   Pre Evacuate Collection Set: 0.16ms
[405.138s][info][gc,phases   ] GC(803)   Merge Heap Roots: 0.08ms
[405.138s][info][gc,phases   ] GC(803)   Evacuate Collection Set: 23.82ms
[405.138s][info][gc,phases   ] GC(803)   Post Evacuate Collection Set: 0.38ms
[405.138s][info][gc,phases   ] GC(803)   Other: 0.06ms
[405.138s][info][gc,heap     ] GC(803) Eden regions: 98->0(101)
[405.138s][info][gc,heap     ] GC(803) Survivor regions: 12->12(14)
[405.138s][info][gc,heap     ] GC(803) Old regions: 76->77
[405.138s][info][gc,heap     ] GC(803) Humongous regions: 6->6
[405.138s][info][gc,metaspace] GC(803) Metaspace: 42991K(43392K)->42991K(43392K) NonClass: 40184K(40448K)->40184K(40448K) Class: 2807K(2944K)->2807K(2944K)
[405.138s][info][gc          ] GC(803) Pause Young (Mixed) (G1 Evacuation Pause) 191M->94M(256M) 24.692ms
[405.138s][info][gc,cpu      ] GC(803) User=0.04s Sys=0.00s Real=0.02s
[405.322s][info][gc,start    ] GC(804) Pause Young (Concurrent Start) (G1 Humongous Allocation)
[405.322s][info][gc,task     ] GC(804) Using 2 workers of 2 for evacuation
[405.347s][info][gc,phases   ] GC(804)   Pre Evacuate Collection Set: 0.19ms
[405.347s][info][gc,phases   ] GC(804)   Merge Heap Roots: 0.10ms
[405.347s][info][gc,phases   ] GC(804)   Evacuate Collection Set: 23.32ms
[405.347s][info][gc,phases   ] GC(804)   Post Evacuate Collection Set: 1.22ms
[405.347s][info][gc,phases   ] GC(804)   Other: 0.12ms
[405.347s][info][gc,heap     ] GC(804) Eden regions: 83->0(179)
[405.347s][info][gc,heap     ] GC(804) Survivor regions: 12->10(15)
[405.347s][info][gc,heap     ] GC(804) Old regions: 77->89
[405.347s][info][gc,heap     ] GC(804) Humongous regions: 6->6
[405.347s][info][gc,metaspace] GC(804) Metaspace: 42991K(43392K)->42991K(43392K) NonClass: 40184K(40448K)->40184K(40448K) Class: 2807K(2944K)->2807K(2944K)
[405.347s][info][gc          ] GC(804) Pause Young (Concurrent Start) (G1 Humongous Allocation) 177M->104M(393M) 25.138ms
[405.347s][info][gc,cpu      ] GC(804) User=0.04s Sys=0.00s Real=0.02s
[405.347s][info][gc          ] GC(805) Concurrent Mark Cycle
[405.347s][info][gc,marking  ] GC(805) Concurrent Scan Root Regions
[405.364s][info][gc,marking  ] GC(805) Concurrent Scan Root Regions 16.919ms
[405.364s][info][gc,marking  ] GC(805) Concurrent Mark
[405.364s][info][gc,marking  ] GC(805) Concurrent Mark From Roots
[405.364s][info][gc,task     ] GC(805) Using 1 workers of 1 for marking
[405.452s][info][gc,marking  ] GC(805) Concurrent Mark From Roots 87.806ms
[405.452s][info][gc,marking  ] GC(805) Concurrent Preclean
[405.452s][info][gc,marking  ] GC(805) Concurrent Preclean 0.045ms
[405.452s][info][gc,start    ] GC(805) Pause Remark
[405.465s][info][gc          ] GC(805) Pause Remark 129M->128M(360M) 12.869ms
[405.465s][info][gc,cpu      ] GC(805) User=0.03s Sys=0.00s Real=0.01s
[405.466s][info][gc,marking  ] GC(805) Concurrent Mark 101.614ms
[405.466s][info][gc,marking  ] GC(805) Concurrent Rebuild Remembered Sets and Scrub Regions
[405.527s][info][gc,marking  ] GC(805) Concurrent Rebuild Remembered Sets and Scrub Regions 60.662ms
[405.527s][info][gc,start    ] GC(805) Pause Cleanup
[405.527s][info][gc          ] GC(805) Pause Cleanup 148M->148M(360M) 0.057ms
[405.527s][info][gc,cpu      ] GC(805) User=0.00s Sys=0.00s Real=0.00s
[405.527s][info][gc,marking  ] GC(805) Concurrent Clear Claimed Marks
[405.527s][info][gc,marking  ] GC(805) Concurrent Clear Claimed Marks 0.039ms
[405.527s][info][gc,marking  ] GC(805) Concurrent Cleanup for Next Mark
[405.529s][info][gc,marking  ] GC(805) Concurrent Cleanup for Next Mark 2.074ms
[405.529s][info][gc          ] GC(805) Concurrent Mark Cycle 181.750ms
[406.161s][info][gc,start    ] GC(806) Pause Young (Prepare Mixed) (G1 Evacuation Pause)
[406.161s][info][gc,task     ] GC(806) Using 2 workers of 2 for evacuation
[406.214s][info][gc,phases   ] GC(806)   Pre Evacuate Collection Set: 0.20ms
[406.214s][info][gc,phases   ] GC(806)   Merge Heap Roots: 0.19ms
[406.214s][info][gc,phases   ] GC(806)   Evacuate Collection Set: 52.34ms
[406.214s][info][gc,phases   ] GC(806)   Post Evacuate Collection Set: 0.53ms
[406.214s][info][gc,phases   ] GC(806)   Other: 0.10ms
[406.214s][info][gc,heap     ] GC(806) Eden regions: 179->0(132)
[406.214s][info][gc,heap     ] GC(806) Survivor regions: 10->24(24)
[406.214s][info][gc,heap     ] GC(806) Old regions: 89->111
[406.214s][info][gc,heap     ] GC(806) Humongous regions: 11->11
[406.214s][info][gc,metaspace] GC(806) Metaspace: 42991K(43392K)->42991K(43392K) NonClass: 40184K(40448K)->40184K(40448K) Class: 2807K(2944K)->2807K(2944K)
[406.214s][info][gc          ] GC(806) Pause Young (Prepare Mixed) (G1 Evacuation Pause) 288M->145M(360M) 53.592ms
[406.214s][info][gc,cpu      ] GC(806) User=0.10s Sys=0.00s Real=0.06s
[407.177s][info][gc,start    ] GC(807) Pause Young (Mixed) (G1 Evacuation Pause)
[407.177s][info][gc,task     ] GC(807) Using 2 workers of 2 for evacuation
[407.245s][info][gc,phases   ] GC(807)   Pre Evacuate Collection Set: 0.21ms
[407.245s][info][gc,phases   ] GC(807)   Merge Heap Roots: 0.44ms
[407.245s][info][gc,phases   ] GC(807)   Evacuate Collection Set: 67.18ms
[407.245s][info][gc,phases   ] GC(807)   Post Evacuate Collection Set: 0.51ms
[407.245s][info][gc,phases   ] GC(807)   Other: 0.07ms
[407.245s][info][gc,heap     ] GC(807) Eden regions: 132->0(127)
[407.245s][info][gc,heap     ] GC(807) Survivor regions: 24->16(20)
[407.245s][info][gc,heap     ] GC(807) Old regions: 111->132
[407.245s][info][gc,heap     ] GC(807) Humongous regions: 17->15
[407.245s][info][gc,metaspace] GC(807) Metaspace: 42991K(43392K)->42991K(43392K) NonClass: 40184K(40448K)->40184K(40448K) Class: 2807K(2944K)->2807K(2944K)
[407.245s][info][gc          ] GC(807) Pause Young (Mixed) (G1 Evacuation Pause) 283M->162M(360M) 68.598ms
[407.245s][info][gc,cpu      ] GC(807) User=0.13s Sys=0.01s Real=0.07s
[407.765s][info][gc,start    ] GC(808) Pause Young (Concurrent Start) (G1 Evacuation Pause)
[407.765s][info][gc,task     ] GC(808) Using 2 workers of 2 for evacuation
[407.788s][info][gc,phases   ] GC(808)   Pre Evacuate Collection Set: 0.20ms
[407.788s][info][gc,phases   ] GC(808)   Merge Heap Roots: 0.13ms
[407.788s][info][gc,phases   ] GC(808)   Evacuate Collection Set: 21.82ms
[407.788s][info][gc,phases   ] GC(808)   Post Evacuate Collection Set: 0.38ms
[407.788s][info][gc,phases   ] GC(808)   Other: 0.14ms
[407.788s][info][gc,heap     ] GC(808) Eden regions: 127->0(127)
[407.788s][info][gc,heap     ] GC(808) Survivor regions: 16->9(18)
[407.788s][info][gc,heap     ] GC(808) Old regions: 132->147
[407.788s][info][gc,heap     ] GC(808) Humongous regions: 15->15
[407.788s][info][gc,metaspace] GC(808) Metaspace: 42991K(43392K)->42991K(43392K) NonClass: 40184K(40448K)->40184K(40448K) Class: 2807K(2944K)->2807K(2944K)
[407.788s][info][gc          ] GC(808) Pause Young (Concurrent Start) (G1 Evacuation Pause) 289M->170M(360M) 22.844ms
[407.788s][info][gc          ] GC(809) Concurrent Mark Cycle
[407.788s][info][gc,marking  ] GC(809) Concurrent Scan Root Regions
[407.790s][info][gc,cpu      ] GC(808) User=0.05s Sys=0.00s Real=0.02s
[407.808s][info][gc,marking  ] GC(809) Concurrent Scan Root Regions 19.732ms
[407.808s][info][gc,marking  ] GC(809) Concurrent Mark
[407.808s][info][gc,marking  ] GC(809) Concurrent Mark From Roots
[407.808s][info][gc,task     ] GC(809) Using 1 workers of 1 for marking
[407.848s][info][gc,marking  ] GC(809) Concurrent Mark From Roots 40.071ms
[407.848s][info][gc,marking  ] GC(809) Concurrent Preclean
[407.848s][info][gc,marking  ] GC(809) Concurrent Preclean 0.038ms
[407.848s][info][gc,start    ] GC(809) Pause Remark
[407.861s][info][gc          ] GC(809) Pause Remark 182M->148M(360M) 12.642ms
[407.861s][info][gc,cpu      ] GC(809) User=0.03s Sys=0.00s Real=0.01s
[407.861s][info][gc,marking  ] GC(809) Concurrent Mark 52.995ms
[407.861s][info][gc,marking  ] GC(809) Concurrent Rebuild Remembered Sets and Scrub Regions
[407.894s][info][gc,marking  ] GC(809) Concurrent Rebuild Remembered Sets and Scrub Regions 33.063ms
[407.894s][info][gc,start    ] GC(809) Pause Cleanup
[407.894s][info][gc          ] GC(809) Pause Cleanup 156M->156M(360M) 0.094ms
[407.894s][info][gc,cpu      ] GC(809) User=0.00s Sys=0.00s Real=0.00s
[407.894s][info][gc,marking  ] GC(809) Concurrent Clear Claimed Marks
[407.894s][info][gc,marking  ] GC(809) Concurrent Clear Claimed Marks 0.035ms
[407.894s][info][gc,marking  ] GC(809) Concurrent Cleanup for Next Mark
[407.895s][info][gc,marking  ] GC(809) Concurrent Cleanup for Next Mark 0.986ms
[407.895s][info][gc          ] GC(809) Concurrent Mark Cycle 107.196ms
[408.437s][info][gc,start    ] GC(810) Pause Young (Prepare Mixed) (G1 Evacuation Pause)
[408.437s][info][gc,task     ] GC(810) Using 2 workers of 2 for evacuation
[408.453s][info][gc,phases   ] GC(810)   Pre Evacuate Collection Set: 0.19ms
[408.453s][info][gc,phases   ] GC(810)   Merge Heap Roots: 0.06ms
[408.453s][info][gc,phases   ] GC(810)   Evacuate Collection Set: 15.20ms
[408.453s][info][gc,phases   ] GC(810)   Post Evacuate Collection Set: 0.39ms
[408.453s][info][gc,phases   ] GC(810)   Other: 0.09ms
[408.453s][info][gc,heap     ] GC(810) Eden regions: 127->0(151)
[408.453s][info][gc,heap     ] GC(810) Survivor regions: 9->9(17)
[408.453s][info][gc,heap     ] GC(810) Old regions: 127->135
[408.453s][info][gc,heap     ] GC(810) Humongous regions: 1->1
[408.453s][info][gc,metaspace] GC(810) Metaspace: 42991K(43392K)->42991K(43392K) NonClass: 40184K(40448K)->40184K(40448K) Class: 2807K(2944K)->2807K(2944K)
[408.453s][info][gc          ] GC(810) Pause Young (Prepare Mixed) (G1 Evacuation Pause) 263M->144M(360M) 16.111ms
[408.453s][info][gc,cpu      ] GC(810) User=0.03s Sys=0.00s Real=0.02s
[409.280s][info][gc,start    ] GC(811) Pause Young (Mixed) (G1 Evacuation Pause)
[409.280s][info][gc,task     ] GC(811) Using 2 workers of 2 for evacuation
[409.306s][info][gc,phases   ] GC(811)   Pre Evacuate Collection Set: 0.21ms
[409.306s][info][gc,phases   ] GC(811)   Merge Heap Roots: 0.15ms
[409.306s][info][gc,phases   ] GC(811)   Evacuate Collection Set: 25.27ms
[409.306s][info][gc,phases   ] GC(811)   Post Evacuate Collection Set: 0.47ms
[409.306s][info][gc,phases   ] GC(811)   Other: 0.08ms
[409.306s][info][gc,heap     ] GC(811) Eden regions: 151->0(165)
[409.306s][info][gc,heap     ] GC(811) Survivor regions: 9->20(20)
[409.306s][info][gc,heap     ] GC(811) Old regions: 135->107
[409.306s][info][gc,heap     ] GC(811) Humongous regions: 1->1
[409.306s][info][gc,metaspace] GC(811) Metaspace: 42991K(43392K)->42991K(43392K) NonClass: 40184K(40448K)->40184K(40448K) Class: 2807K(2944K)->2807K(2944K)
[409.306s][info][gc          ] GC(811) Pause Young (Mixed) (G1 Evacuation Pause) 295M->128M(360M) 26.355ms
[409.306s][info][gc,cpu      ] GC(811) User=0.06s Sys=0.00s Real=0.03s
[410.188s][info][gc,start    ] GC(812) Pause Young (Mixed) (G1 Evacuation Pause)
[410.188s][info][gc,task     ] GC(812) Using 2 workers of 2 for evacuation
[410.222s][info][gc,phases   ] GC(812)   Pre Evacuate Collection Set: 0.20ms
[410.222s][info][gc,phases   ] GC(812)   Merge Heap Roots: 0.27ms
[410.222s][info][gc,phases   ] GC(812)   Evacuate Collection Set: 32.66ms
[410.222s][info][gc,phases   ] GC(812)   Post Evacuate Collection Set: 0.54ms
[410.222s][info][gc,phases   ] GC(812)   Other: 0.07ms
[410.222s][info][gc,heap     ] GC(812) Eden regions: 165->0(182)
[410.222s][info][gc,heap     ] GC(812) Survivor regions: 20->15(24)
[410.222s][info][gc,heap     ] GC(812) Old regions: 107->95
[410.222s][info][gc,heap     ] GC(812) Humongous regions: 1->1
[410.222s][info][gc,metaspace] GC(812) Metaspace: 42991K(43392K)->42991K(43392K) NonClass: 40184K(40448K)->40184K(40448K) Class: 2807K(2944K)->2807K(2944K)
[410.222s][info][gc          ] GC(812) Pause Young (Mixed) (G1 Evacuation Pause) 293M->110M(360M) 33.965ms
[410.222s][info][gc,cpu      ] GC(812) User=0.07s Sys=0.00s Real=0.04s
[411.193s][info][gc,start    ] GC(813) Pause Young (Mixed) (G1 Evacuation Pause)
[411.193s][info][gc,task     ] GC(813) Using 2 workers of 2 for evacuation
[411.223s][info][gc,phases   ] GC(813)   Pre Evacuate Collection Set: 0.19ms
[411.223s][info][gc,phases   ] GC(813)   Merge Heap Roots: 0.09ms
[411.223s][info][gc,phases   ] GC(813)   Evacuate Collection Set: 28.76ms
[411.223s][info][gc,phases   ] GC(813)   Post Evacuate Collection Set: 0.42ms
[411.223s][info][gc,phases   ] GC(813)   Other: 0.07ms
[411.223s][info][gc,heap     ] GC(813) Eden regions: 182->0(170)
[411.223s][info][gc,heap     ] GC(813) Survivor regions: 15->19(25)
[411.223s][info][gc,heap     ] GC(813) Old regions: 95->109
[411.223s][info][gc,heap     ] GC(813) Humongous regions: 2->2
[411.223s][info][gc,metaspace] GC(813) Metaspace: 42991K(43392K)->42991K(43392K) NonClass: 40184K(40448K)->40184K(40448K) Class: 2807K(2944K)->2807K(2944K)
[411.223s][info][gc          ] GC(813) Pause Young (Mixed) (G1 Evacuation Pause) 293M->129M(360M) 29.733ms
[411.223s][info][gc,cpu      ] GC(813) User=0.06s Sys=0.00s Real=0.03s
[411.962s][info][gc,start    ] GC(814) Pause Young (Concurrent Start) (G1 Humongous Allocation)
[411.962s][info][gc,task     ] GC(814) Using 2 workers of 2 for evacuation
[411.991s][info][gc,phases   ] GC(814)   Pre Evacuate Collection Set: 0.23ms
[411.991s][info][gc,phases   ] GC(814)   Merge Heap Roots: 0.08ms
[411.991s][info][gc,phases   ] GC(814)   Evacuate Collection Set: 28.43ms
[411.991s][info][gc,phases   ] GC(814)   Post Evacuate Collection Set: 0.45ms
[411.991s][info][gc,phases   ] GC(814)   Other: 0.09ms
[411.991s][info][gc,heap     ] GC(814) Eden regions: 148->0(160)
[411.991s][info][gc,heap     ] GC(814) Survivor regions: 19->17(24)
[411.991s][info][gc,heap     ] GC(814) Old regions: 109->127
[411.991s][info][gc,heap     ] GC(814) Humongous regions: 2->2
[411.991s][info][gc,metaspace] GC(814) Metaspace: 42991K(43392K)->42991K(43392K) NonClass: 40184K(40448K)->40184K(40448K) Class: 2807K(2944K)->2807K(2944K)
[411.991s][info][gc          ] GC(814) Pause Young (Concurrent Start) (G1 Humongous Allocation) 277M->145M(360M) 29.458ms
[411.991s][info][gc,cpu      ] GC(814) User=0.05s Sys=0.00s Real=0.03s
[411.991s][info][gc          ] GC(815) Concurrent Mark Cycle
[411.991s][info][gc,marking  ] GC(815) Concurrent Scan Root Regions
[412.019s][info][gc,marking  ] GC(815) Concurrent Scan Root Regions 27.977ms
[412.019s][info][gc,marking  ] GC(815) Concurrent Mark
[412.019s][info][gc,marking  ] GC(815) Concurrent Mark From Roots
[412.019s][info][gc,task     ] GC(815) Using 1 workers of 1 for marking
[412.055s][info][gc,marking  ] GC(815) Concurrent Mark From Roots 35.299ms
[412.055s][info][gc,marking  ] GC(815) Concurrent Preclean
[412.055s][info][gc,marking  ] GC(815) Concurrent Preclean 0.034ms
[412.055s][info][gc,start    ] GC(815) Pause Remark
[412.067s][info][gc          ] GC(815) Pause Remark 153M->114M(360M) 12.696ms
[412.067s][info][gc,cpu      ] GC(815) User=0.02s Sys=0.00s Real=0.01s
[412.068s][info][gc,marking  ] GC(815) Concurrent Mark 48.259ms
[412.068s][info][gc,marking  ] GC(815) Concurrent Rebuild Remembered Sets and Scrub Regions
[412.092s][info][gc,marking  ] GC(815) Concurrent Rebuild Remembered Sets and Scrub Regions 24.568ms
[412.092s][info][gc,start    ] GC(815) Pause Cleanup
[412.092s][info][gc          ] GC(815) Pause Cleanup 114M->114M(360M) 0.054ms
[412.092s][info][gc,cpu      ] GC(815) User=0.00s Sys=0.00s Real=0.00s
[412.092s][info][gc,marking  ] GC(815) Concurrent Clear Claimed Marks
[412.092s][info][gc,marking  ] GC(815) Concurrent Clear Claimed Marks 0.039ms
[412.092s][info][gc,marking  ] GC(815) Concurrent Cleanup for Next Mark
[412.093s][info][gc,marking  ] GC(815) Concurrent Cleanup for Next Mark 1.042ms
[412.094s][info][gc          ] GC(815) Concurrent Mark Cycle 102.283ms
[412.681s][info][gc,start    ] GC(816) Pause Young (Prepare Mixed) (G1 Evacuation Pause)
[412.681s][info][gc,task     ] GC(816) Using 2 workers of 2 for evacuation
[412.687s][info][gc,phases   ] GC(816)   Pre Evacuate Collection Set: 0.19ms
[412.687s][info][gc,phases   ] GC(816)   Merge Heap Roots: 0.07ms
[412.687s][info][gc,phases   ] GC(816)   Evacuate Collection Set: 4.57ms
[412.687s][info][gc,phases   ] GC(816)   Post Evacuate Collection Set: 0.40ms
[412.687s][info][gc,phases   ] GC(816)   Other: 0.07ms
[412.687s][info][gc,heap     ] GC(816) Eden regions: 160->0(203)
[412.687s][info][gc,heap     ] GC(816) Survivor regions: 17->2(23)
[412.687s][info][gc,heap     ] GC(816) Old regions: 88->95
[412.687s][info][gc,heap     ] GC(816) Humongous regions: 18->4
[412.687s][info][gc,metaspace] GC(816) Metaspace: 42993K(43392K)->42993K(43392K) NonClass: 40186K(40448K)->40186K(40448K) Class: 2807K(2944K)->2807K(2944K)
[412.687s][info][gc          ] GC(816) Pause Young (Prepare Mixed) (G1 Evacuation Pause) 282M->100M(360M) 5.454ms
[412.687s][info][gc,cpu      ] GC(816) User=0.01s Sys=0.00s Real=0.01s
[413.478s][info][gc,start    ] GC(817) Pause Young (Mixed) (G1 Evacuation Pause)
[413.479s][info][gc,task     ] GC(817) Using 2 workers of 2 for evacuation
[413.483s][info][gc,phases   ] GC(817)   Pre Evacuate Collection Set: 0.20ms
[413.483s][info][gc,phases   ] GC(817)   Merge Heap Roots: 0.10ms
[413.483s][info][gc,phases   ] GC(817)   Evacuate Collection Set: 4.03ms
[413.483s][info][gc,phases   ] GC(817)   Post Evacuate Collection Set: 0.48ms
[413.483s][info][gc,phases   ] GC(817)   Other: 0.07ms
[413.483s][info][gc,heap     ] GC(817) Eden regions: 203->0(212)
[413.483s][info][gc,heap     ] GC(817) Survivor regions: 2->4(26)
[413.483s][info][gc,heap     ] GC(817) Old regions: 95->68
[413.483s][info][gc,heap     ] GC(817) Humongous regions: 14->4
[413.483s][info][gc,metaspace] GC(817) Metaspace: 42994K(43392K)->42994K(43392K) NonClass: 40186K(40448K)->40186K(40448K) Class: 2807K(2944K)->2807K(2944K)
[413.483s][info][gc          ] GC(817) Pause Young (Mixed) (G1 Evacuation Pause) 313M->75M(360M) 5.043ms
[413.484s][info][gc,cpu      ] GC(817) User=0.01s Sys=0.00s Real=0.01s
[413.544s][info][gc,start    ] GC(818) Pause Young (Concurrent Start) (G1 Humongous Allocation)
[413.544s][info][gc,task     ] GC(818) Using 2 workers of 2 for evacuation
[413.547s][info][gc,phases   ] GC(818)   Pre Evacuate Collection Set: 0.18ms
[413.547s][info][gc,phases   ] GC(818)   Merge Heap Roots: 0.03ms
[413.547s][info][gc,phases   ] GC(818)   Evacuate Collection Set: 2.56ms
[413.547s][info][gc,phases   ] GC(818)   Post Evacuate Collection Set: 0.31ms
[413.547s][info][gc,phases   ] GC(818)   Other: 0.11ms
[413.547s][info][gc,heap     ] GC(818) Eden regions: 18->0(213)
[413.547s][info][gc,heap     ] GC(818) Survivor regions: 4->3(27)
[413.547s][info][gc,heap     ] GC(818) Old regions: 68->68
[413.547s][info][gc,heap     ] GC(818) Humongous regions: 4->2
[413.547s][info][gc,metaspace] GC(818) Metaspace: 42994K(43392K)->42994K(43392K) NonClass: 40186K(40448K)->40186K(40448K) Class: 2807K(2944K)->2807K(2944K)
[413.547s][info][gc          ] GC(818) Pause Young (Concurrent Start) (G1 Humongous Allocation) 92M->72M(360M) 3.343ms
[413.547s][info][gc,cpu      ] GC(818) User=0.01s Sys=0.00s Real=0.00s
[413.547s][info][gc          ] GC(819) Concurrent Mark Cycle
[413.547s][info][gc,marking  ] GC(819) Concurrent Scan Root Regions
[413.550s][info][gc,marking  ] GC(819) Concurrent Scan Root Regions 2.653ms
[413.550s][info][gc,marking  ] GC(819) Concurrent Mark
[413.550s][info][gc,marking  ] GC(819) Concurrent Mark From Roots
[413.550s][info][gc,task     ] GC(819) Using 1 workers of 1 for marking
[413.596s][info][gc,marking  ] GC(819) Concurrent Mark From Roots 46.496ms
[413.597s][info][gc,marking  ] GC(819) Concurrent Preclean
[413.597s][info][gc,marking  ] GC(819) Concurrent Preclean 0.038ms
[413.597s][info][gc,start    ] GC(819) Pause Remark
[413.610s][info][gc          ] GC(819) Pause Remark 85M->77M(256M) 12.880ms
[413.610s][info][gc,cpu      ] GC(819) User=0.03s Sys=0.00s Real=0.01s
[413.610s][info][gc,marking  ] GC(819) Concurrent Mark 59.653ms
[413.610s][info][gc,marking  ] GC(819) Concurrent Rebuild Remembered Sets and Scrub Regions
[413.628s][info][gc,marking  ] GC(819) Concurrent Rebuild Remembered Sets and Scrub Regions 17.951ms
[413.628s][info][gc,start    ] GC(819) Pause Cleanup
[413.628s][info][gc          ] GC(819) Pause Cleanup 83M->83M(256M) 0.069ms
[413.628s][info][gc,cpu      ] GC(819) User=0.00s Sys=0.00s Real=0.00s
[413.628s][info][gc,marking  ] GC(819) Concurrent Clear Claimed Marks
[413.628s][info][gc,marking  ] GC(819) Concurrent Clear Claimed Marks 0.047ms
[413.628s][info][gc,marking  ] GC(819) Concurrent Cleanup for Next Mark
[413.629s][info][gc,marking  ] GC(819) Concurrent Cleanup for Next Mark 0.734ms
[413.629s][info][gc          ] GC(819) Concurrent Mark Cycle 81.442ms
[414.061s][info][gc,start    ] GC(820) Pause Young (Prepare Mixed) (G1 Evacuation Pause)
[414.062s][info][gc,task     ] GC(820) Using 2 workers of 2 for evacuation
[414.081s][info][gc,phases   ] GC(820)   Pre Evacuate Collection Set: 0.44ms
[414.081s][info][gc,phases   ] GC(820)   Merge Heap Roots: 0.29ms
[414.081s][info][gc,phases   ] GC(820)   Evacuate Collection Set: 18.56ms
[414.081s][info][gc,phases   ] GC(820)   Post Evacuate Collection Set: 0.43ms
[414.081s][info][gc,phases   ] GC(820)   Other: 0.08ms
[414.081s][info][gc,heap     ] GC(820) Eden regions: 150->0(133)
[414.081s][info][gc,heap     ] GC(820) Survivor regions: 3->20(20)
[414.081s][info][gc,heap     ] GC(820) Old regions: 61->63
[414.081s][info][gc,heap     ] GC(820) Humongous regions: 7->3
[414.081s][info][gc,metaspace] GC(820) Metaspace: 42994K(43392K)->42994K(43392K) NonClass: 40186K(40448K)->40186K(40448K) Class: 2807K(2944K)->2807K(2944K)
[414.081s][info][gc          ] GC(820) Pause Young (Prepare Mixed) (G1 Evacuation Pause) 220M->84M(256M) 19.974ms
[414.081s][info][gc,cpu      ] GC(820) User=0.03s Sys=0.00s Real=0.02s
[414.613s][info][gc,start    ] GC(821) Pause Young (Mixed) (G1 Evacuation Pause)
[414.613s][info][gc,task     ] GC(821) Using 2 workers of 2 for evacuation
[414.636s][info][gc,phases   ] GC(821)   Pre Evacuate Collection Set: 0.15ms
[414.636s][info][gc,phases   ] GC(821)   Merge Heap Roots: 0.08ms
[414.636s][info][gc,phases   ] GC(821)   Evacuate Collection Set: 21.79ms
[414.636s][info][gc,phases   ] GC(821)   Post Evacuate Collection Set: 0.41ms
[414.636s][info][gc,phases   ] GC(821)   Other: 0.07ms
[414.636s][info][gc,heap     ] GC(821) Eden regions: 133->0(142)
[414.636s][info][gc,heap     ] GC(821) Survivor regions: 20->11(20)
[414.636s][info][gc,heap     ] GC(821) Old regions: 63->61
[414.636s][info][gc,heap     ] GC(821) Humongous regions: 7->1
[414.636s][info][gc,metaspace] GC(821) Metaspace: 42994K(43392K)->42994K(43392K) NonClass: 40186K(40448K)->40186K(40448K) Class: 2807K(2944K)->2807K(2944K)
[414.636s][info][gc          ] GC(821) Pause Young (Mixed) (G1 Evacuation Pause) 221M->72M(256M) 22.666ms
[414.636s][info][gc,cpu      ] GC(821) User=0.05s Sys=0.00s Real=0.02s
[414.639s][info][gc,start    ] GC(822) Pause Young (Concurrent Start) (G1 Humongous Allocation)
[414.639s][info][gc,task     ] GC(822) Using 2 workers of 2 for evacuation
[414.650s][info][gc,phases   ] GC(822)   Pre Evacuate Collection Set: 0.14ms
[414.650s][info][gc,phases   ] GC(822)   Merge Heap Roots: 0.07ms
[414.650s][info][gc,phases   ] GC(822)   Evacuate Collection Set: 10.47ms
[414.650s][info][gc,phases   ] GC(822)   Post Evacuate Collection Set: 0.24ms
[414.650s][info][gc,phases   ] GC(822)   Other: 0.06ms
[414.650s][info][gc,heap     ] GC(822) Eden regions: 2->0(140)
[414.650s][info][gc,heap     ] GC(822) Survivor regions: 11->1(20)
[414.650s][info][gc,heap     ] GC(822) Old regions: 61->73
[414.650s][info][gc,heap     ] GC(822) Humongous regions: 1->1
[414.650s][info][gc,metaspace] GC(822) Metaspace: 42994K(43392K)->42994K(43392K) NonClass: 40186K(40448K)->40186K(40448K) Class: 2807K(2944K)->2807K(2944K)
[414.650s][info][gc          ] GC(822) Pause Young (Concurrent Start) (G1 Humongous Allocation) 74M->73M(256M) 11.137ms
[414.650s][info][gc,cpu      ] GC(822) User=0.02s Sys=0.00s Real=0.01s
[414.650s][info][gc          ] GC(823) Concurrent Mark Cycle
[414.650s][info][gc,marking  ] GC(823) Concurrent Scan Root Regions
[414.665s][info][gc,marking  ] GC(823) Concurrent Scan Root Regions 14.973ms
[414.665s][info][gc,marking  ] GC(823) Concurrent Mark
[414.665s][info][gc,marking  ] GC(823) Concurrent Mark From Roots
[414.665s][info][gc,task     ] GC(823) Using 1 workers of 1 for marking
[414.720s][info][gc,marking  ] GC(823) Concurrent Mark From Roots 54.920ms
[414.720s][info][gc,marking  ] GC(823) Concurrent Preclean
[414.720s][info][gc,marking  ] GC(823) Concurrent Preclean 0.037ms
[414.720s][info][gc,start    ] GC(823) Pause Remark
[414.733s][info][gc          ] GC(823) Pause Remark 91M->91M(256M) 12.942ms
[414.733s][info][gc,cpu      ] GC(823) User=0.02s Sys=0.01s Real=0.02s
[414.733s][info][gc,marking  ] GC(823) Concurrent Mark 68.204ms
[414.733s][info][gc,marking  ] GC(823) Concurrent Rebuild Remembered Sets and Scrub Regions
[414.764s][info][gc,marking  ] GC(823) Concurrent Rebuild Remembered Sets and Scrub Regions 30.608ms
[414.764s][info][gc,start    ] GC(823) Pause Cleanup
[414.764s][info][gc          ] GC(823) Pause Cleanup 96M->96M(256M) 0.042ms
[414.764s][info][gc,cpu      ] GC(823) User=0.00s Sys=0.00s Real=0.00s
[414.764s][info][gc,marking  ] GC(823) Concurrent Clear Claimed Marks
[414.764s][info][gc,marking  ] GC(823) Concurrent Clear Claimed Marks 0.035ms
[414.764s][info][gc,marking  ] GC(823) Concurrent Cleanup for Next Mark
[414.765s][info][gc,marking  ] GC(823) Concurrent Cleanup for Next Mark 0.746ms
[414.765s][info][gc          ] GC(823) Concurrent Mark Cycle 114.889ms
[415.259s][info][gc,start    ] GC(824) Pause Young (Prepare Mixed) (G1 Evacuation Pause)
[415.260s][info][gc,task     ] GC(824) Using 2 workers of 2 for evacuation
[415.265s][info][gc,phases   ] GC(824)   Pre Evacuate Collection Set: 0.15ms
[415.265s][info][gc,phases   ] GC(824)   Merge Heap Roots: 0.06ms
[415.265s][info][gc,phases   ] GC(824)   Evacuate Collection Set: 5.20ms
[415.265s][info][gc,phases   ] GC(824)   Post Evacuate Collection Set: 0.36ms
[415.265s][info][gc,phases   ] GC(824)   Other: 0.10ms
[415.265s][info][gc,heap     ] GC(824) Eden regions: 140->0(138)
[415.265s][info][gc,heap     ] GC(824) Survivor regions: 1->6(18)
[415.265s][info][gc,heap     ] GC(824) Old regions: 73->73
[415.265s][info][gc,heap     ] GC(824) Humongous regions: 13->3
[415.266s][info][gc,metaspace] GC(824) Metaspace: 42994K(43392K)->42994K(43392K) NonClass: 40186K(40448K)->40186K(40448K) Class: 2807K(2944K)->2807K(2944K)
[415.266s][info][gc          ] GC(824) Pause Young (Prepare Mixed) (G1 Evacuation Pause) 225M->80M(256M) 6.040ms
[415.266s][info][gc,cpu      ] GC(824) User=0.01s Sys=0.00s Real=0.01s
[415.728s][info][gc,start    ] GC(825) Pause Young (Mixed) (G1 Evacuation Pause)
[415.728s][info][gc,task     ] GC(825) Using 2 workers of 2 for evacuation
[415.737s][info][gc,phases   ] GC(825)   Pre Evacuate Collection Set: 0.21ms
[415.737s][info][gc,phases   ] GC(825)   Merge Heap Roots: 0.14ms
[415.737s][info][gc,phases   ] GC(825)   Evacuate Collection Set: 8.67ms
[415.737s][info][gc,phases   ] GC(825)   Post Evacuate Collection Set: 0.42ms
[415.737s][info][gc,phases   ] GC(825)   Other: 0.09ms
[415.737s][info][gc,heap     ] GC(825) Eden regions: 138->0(147)
[415.737s][info][gc,heap     ] GC(825) Survivor regions: 6->6(18)
[415.737s][info][gc,heap     ] GC(825) Old regions: 73->64
[415.737s][info][gc,heap     ] GC(825) Humongous regions: 13->3
[415.737s][info][gc,metaspace] GC(825) Metaspace: 42994K(43392K)->42994K(43392K) NonClass: 40186K(40448K)->40186K(40448K) Class: 2807K(2944K)->2807K(2944K)
[415.737s][info][gc          ] GC(825) Pause Young (Mixed) (G1 Evacuation Pause) 228M->72M(256M) 9.699ms
[415.737s][info][gc,cpu      ] GC(825) User=0.02s Sys=0.00s Real=0.01s
[415.747s][info][gc,start    ] GC(826) Pause Young (Concurrent Start) (G1 Humongous Allocation)
[415.747s][info][gc,task     ] GC(826) Using 2 workers of 2 for evacuation
[415.751s][info][gc,phases   ] GC(826)   Pre Evacuate Collection Set: 0.17ms
[415.752s][info][gc,phases   ] GC(826)   Merge Heap Roots: 0.03ms
[415.752s][info][gc,phases   ] GC(826)   Evacuate Collection Set: 4.36ms
[415.752s][info][gc,phases   ] GC(826)   Post Evacuate Collection Set: 0.25ms
[415.752s][info][gc,phases   ] GC(826)   Other: 0.09ms
[415.752s][info][gc,heap     ] GC(826) Eden regions: 3->0(148)
[415.752s][info][gc,heap     ] GC(826) Survivor regions: 6->5(20)
[415.752s][info][gc,heap     ] GC(826) Old regions: 64->64
[415.752s][info][gc,heap     ] GC(826) Humongous regions: 3->1
[415.752s][info][gc,metaspace] GC(826) Metaspace: 42994K(43392K)->42994K(43392K) NonClass: 40186K(40448K)->40186K(40448K) Class: 2807K(2944K)->2807K(2944K)
[415.752s][info][gc          ] GC(826) Pause Young (Concurrent Start) (G1 Humongous Allocation) 75M->69M(256M) 5.050ms
[415.752s][info][gc,cpu      ] GC(826) User=0.01s Sys=0.00s Real=0.00s
[415.752s][info][gc          ] GC(827) Concurrent Mark Cycle
[415.752s][info][gc,marking  ] GC(827) Concurrent Scan Root Regions
[415.756s][info][gc,marking  ] GC(827) Concurrent Scan Root Regions 4.065ms
[415.756s][info][gc,marking  ] GC(827) Concurrent Mark
[415.756s][info][gc,marking  ] GC(827) Concurrent Mark From Roots
[415.756s][info][gc,task     ] GC(827) Using 1 workers of 1 for marking
[415.805s][info][gc,marking  ] GC(827) Concurrent Mark From Roots 49.271ms
[415.805s][info][gc,marking  ] GC(827) Concurrent Preclean
[415.805s][info][gc,marking  ] GC(827) Concurrent Preclean 0.037ms
[415.805s][info][gc,start    ] GC(827) Pause Remark
[415.818s][info][gc          ] GC(827) Pause Remark 84M->84M(256M) 12.635ms
[415.818s][info][gc,cpu      ] GC(827) User=0.03s Sys=0.00s Real=0.01s
[415.818s][info][gc,marking  ] GC(827) Concurrent Mark 62.217ms
[415.818s][info][gc,marking  ] GC(827) Concurrent Rebuild Remembered Sets and Scrub Regions
[415.837s][info][gc,marking  ] GC(827) Concurrent Rebuild Remembered Sets and Scrub Regions 18.840ms
[415.837s][info][gc,start    ] GC(827) Pause Cleanup
[415.837s][info][gc          ] GC(827) Pause Cleanup 86M->86M(256M) 0.048ms
[415.837s][info][gc,cpu      ] GC(827) User=0.00s Sys=0.00s Real=0.00s
[415.837s][info][gc,marking  ] GC(827) Concurrent Clear Claimed Marks
[415.837s][info][gc,marking  ] GC(827) Concurrent Clear Claimed Marks 0.033ms
[415.837s][info][gc,marking  ] GC(827) Concurrent Cleanup for Next Mark
[415.838s][info][gc,marking  ] GC(827) Concurrent Cleanup for Next Mark 0.723ms
[415.838s][info][gc          ] GC(827) Concurrent Mark Cycle 86.183ms
[416.312s][info][gc,start    ] GC(828) Pause Young (Prepare Mixed) (G1 Evacuation Pause)
[416.312s][info][gc,task     ] GC(828) Using 2 workers of 2 for evacuation
[416.322s][info][gc,phases   ] GC(828)   Pre Evacuate Collection Set: 0.15ms
[416.322s][info][gc,phases   ] GC(828)   Merge Heap Roots: 0.06ms
[416.322s][info][gc,phases   ] GC(828)   Evacuate Collection Set: 9.64ms
[416.322s][info][gc,phases   ] GC(828)   Post Evacuate Collection Set: 0.40ms
[416.322s][info][gc,phases   ] GC(828)   Other: 0.09ms
[416.322s][info][gc,heap     ] GC(828) Eden regions: 148->0(139)
[416.322s][info][gc,heap     ] GC(828) Survivor regions: 5->14(20)
[416.322s][info][gc,heap     ] GC(828) Old regions: 64->64
[416.322s][info][gc,heap     ] GC(828) Humongous regions: 13->3
[416.322s][info][gc,metaspace] GC(828) Metaspace: 42994K(43392K)->42994K(43392K) NonClass: 40187K(40448K)->40187K(40448K) Class: 2807K(2944K)->2807K(2944K)
[416.322s][info][gc          ] GC(828) Pause Young (Prepare Mixed) (G1 Evacuation Pause) 229M->80M(256M) 10.537ms
[416.322s][info][gc,cpu      ] GC(828) User=0.02s Sys=0.00s Real=0.02s
[416.803s][info][gc,start    ] GC(829) Pause Young (Mixed) (G1 Evacuation Pause)
[416.803s][info][gc,task     ] GC(829) Using 2 workers of 2 for evacuation
[416.827s][info][gc,phases   ] GC(829)   Pre Evacuate Collection Set: 0.16ms
[416.827s][info][gc,phases   ] GC(829)   Merge Heap Roots: 0.08ms
[416.827s][info][gc,phases   ] GC(829)   Evacuate Collection Set: 22.42ms
[416.827s][info][gc,phases   ] GC(829)   Post Evacuate Collection Set: 0.45ms
[416.827s][info][gc,phases   ] GC(829)   Other: 0.09ms
[416.827s][info][gc,heap     ] GC(829) Eden regions: 139->0(133)
[416.827s][info][gc,heap     ] GC(829) Survivor regions: 14->20(20)
[416.827s][info][gc,heap     ] GC(829) Old regions: 64->50
[416.827s][info][gc,heap     ] GC(829) Humongous regions: 3->3
[416.827s][info][gc,metaspace] GC(829) Metaspace: 42995K(43392K)->42995K(43392K) NonClass: 40187K(40448K)->40187K(40448K) Class: 2807K(2944K)->2807K(2944K)
[416.827s][info][gc          ] GC(829) Pause Young (Mixed) (G1 Evacuation Pause) 219M->72M(256M) 23.383ms
[416.827s][info][gc,cpu      ] GC(829) User=0.04s Sys=0.00s Real=0.02s
[417.366s][info][gc,start    ] GC(830) Pause Young (Concurrent Start) (G1 Evacuation Pause)
[417.366s][info][gc,task     ] GC(830) Using 2 workers of 2 for evacuation
[417.388s][info][gc,phases   ] GC(830)   Pre Evacuate Collection Set: 0.17ms
[417.388s][info][gc,phases   ] GC(830)   Merge Heap Roots: 0.14ms
[417.388s][info][gc,phases   ] GC(830)   Evacuate Collection Set: 21.57ms
[417.388s][info][gc,phases   ] GC(830)   Post Evacuate Collection Set: 0.46ms
[417.388s][info][gc,phases   ] GC(830)   Other: 0.11ms
[417.388s][info][gc,heap     ] GC(830) Eden regions: 133->0(139)
[417.388s][info][gc,heap     ] GC(830) Survivor regions: 20->12(20)
[417.388s][info][gc,heap     ] GC(830) Old regions: 50->60
[417.388s][info][gc,heap     ] GC(830) Humongous regions: 3->3
[417.388s][info][gc,metaspace] GC(830) Metaspace: 42995K(43392K)->42995K(43392K) NonClass: 40187K(40448K)->40187K(40448K) Class: 2807K(2944K)->2807K(2944K)
[417.388s][info][gc          ] GC(830) Pause Young (Concurrent Start) (G1 Evacuation Pause) 205M->74M(256M) 22.628ms
[417.388s][info][gc,cpu      ] GC(830) User=0.04s Sys=0.00s Real=0.02s
[417.388s][info][gc          ] GC(831) Concurrent Mark Cycle
[417.388s][info][gc,marking  ] GC(831) Concurrent Scan Root Regions
[417.416s][info][gc,marking  ] GC(831) Concurrent Scan Root Regions 27.936ms
[417.416s][info][gc,marking  ] GC(831) Concurrent Mark
[417.416s][info][gc,marking  ] GC(831) Concurrent Mark From Roots
[417.416s][info][gc,task     ] GC(831) Using 1 workers of 1 for marking
[417.478s][info][gc,marking  ] GC(831) Concurrent Mark From Roots 62.216ms
[417.478s][info][gc,marking  ] GC(831) Concurrent Preclean
[417.479s][info][gc,marking  ] GC(831) Concurrent Preclean 0.042ms
[417.479s][info][gc,start    ] GC(831) Pause Remark
[417.502s][info][gc          ] GC(831) Pause Remark 89M->89M(256M) 23.629ms
[417.502s][info][gc,cpu      ] GC(831) User=0.03s Sys=0.00s Real=0.03s
[417.503s][info][gc,marking  ] GC(831) Concurrent Mark 86.272ms
[417.503s][info][gc,marking  ] GC(831) Concurrent Rebuild Remembered Sets and Scrub Regions
[417.533s][info][gc,marking  ] GC(831) Concurrent Rebuild Remembered Sets and Scrub Regions 30.688ms
[417.533s][info][gc,start    ] GC(831) Pause Cleanup
[417.533s][info][gc          ] GC(831) Pause Cleanup 90M->90M(256M) 0.039ms
[417.533s][info][gc,cpu      ] GC(831) User=0.00s Sys=0.00s Real=0.00s
[417.533s][info][gc,marking  ] GC(831) Concurrent Clear Claimed Marks
[417.533s][info][gc,marking  ] GC(831) Concurrent Clear Claimed Marks 0.035ms
[417.533s][info][gc,marking  ] GC(831) Concurrent Cleanup for Next Mark
[417.534s][info][gc,marking  ] GC(831) Concurrent Cleanup for Next Mark 0.762ms
[417.534s][info][gc          ] GC(831) Concurrent Mark Cycle 145.906ms
[418.030s][info][gc,start    ] GC(832) Pause Young (Prepare Mixed) (G1 Evacuation Pause)
[418.030s][info][gc,task     ] GC(832) Using 2 workers of 2 for evacuation
[418.056s][info][gc,phases   ] GC(832)   Pre Evacuate Collection Set: 0.18ms
[418.056s][info][gc,phases   ] GC(832)   Merge Heap Roots: 0.21ms
[418.056s][info][gc,phases   ] GC(832)   Evacuate Collection Set: 24.82ms
[418.056s][info][gc,phases   ] GC(832)   Post Evacuate Collection Set: 0.47ms
[418.056s][info][gc,phases   ] GC(832)   Other: 0.07ms
[418.056s][info][gc,heap     ] GC(832) Eden regions: 139->0(127)
[418.056s][info][gc,heap     ] GC(832) Survivor regions: 12->15(19)
[418.056s][info][gc,heap     ] GC(832) Old regions: 60->72
[418.056s][info][gc,heap     ] GC(832) Humongous regions: 7->3
[418.056s][info][gc,metaspace] GC(832) Metaspace: 42995K(43392K)->42995K(43392K) NonClass: 40187K(40448K)->40187K(40448K) Class: 2807K(2944K)->2807K(2944K)
[418.056s][info][gc          ] GC(832) Pause Young (Prepare Mixed) (G1 Evacuation Pause) 217M->89M(256M) 25.949ms
[418.056s][info][gc,cpu      ] GC(832) User=0.05s Sys=0.00s Real=0.03s
[418.508s][info][gc,start    ] GC(833) Pause Young (Mixed) (G1 Evacuation Pause)
[418.508s][info][gc,task     ] GC(833) Using 2 workers of 2 for evacuation
[418.523s][info][gc,phases   ] GC(833)   Pre Evacuate Collection Set: 0.17ms
[418.524s][info][gc,phases   ] GC(833)   Merge Heap Roots: 0.15ms
[418.524s][info][gc,phases   ] GC(833)   Evacuate Collection Set: 14.53ms
[418.524s][info][gc,phases   ] GC(833)   Post Evacuate Collection Set: 0.66ms
[418.524s][info][gc,phases   ] GC(833)   Other: 0.07ms
[418.524s][info][gc,heap     ] GC(833) Eden regions: 127->0(158)
[418.524s][info][gc,heap     ] GC(833) Survivor regions: 15->6(18)
[418.524s][info][gc,heap     ] GC(833) Old regions: 72->74
[418.524s][info][gc,heap     ] GC(833) Humongous regions: 11->3
[418.524s][info][gc,metaspace] GC(833) Metaspace: 42995K(43392K)->42995K(43392K) NonClass: 40187K(40448K)->40187K(40448K) Class: 2807K(2944K)->2807K(2944K)
[418.524s][info][gc          ] GC(833) Pause Young (Mixed) (G1 Evacuation Pause) 224M->82M(285M) 15.752ms
[418.524s][info][gc,cpu      ] GC(833) User=0.03s Sys=0.00s Real=0.02s
[418.579s][info][gc,start    ] GC(834) Pause Young (Concurrent Start) (G1 Humongous Allocation)
[418.579s][info][gc,task     ] GC(834) Using 2 workers of 2 for evacuation
[418.581s][info][gc,phases   ] GC(834)   Pre Evacuate Collection Set: 0.20ms
[418.581s][info][gc,phases   ] GC(834)   Merge Heap Roots: 0.03ms
[418.581s][info][gc,phases   ] GC(834)   Evacuate Collection Set: 1.64ms
[418.581s][info][gc,phases   ] GC(834)   Post Evacuate Collection Set: 0.29ms
[418.581s][info][gc,phases   ] GC(834)   Other: 0.09ms
[418.581s][info][gc,heap     ] GC(834) Eden regions: 15->0(169)
[418.581s][info][gc,heap     ] GC(834) Survivor regions: 6->2(21)
[418.581s][info][gc,heap     ] GC(834) Old regions: 74->74
[418.581s][info][gc,heap     ] GC(834) Humongous regions: 3->1
[418.581s][info][gc,metaspace] GC(834) Metaspace: 42996K(43392K)->42996K(43392K) NonClass: 40189K(40448K)->40189K(40448K) Class: 2807K(2944K)->2807K(2944K)
[418.581s][info][gc          ] GC(834) Pause Young (Concurrent Start) (G1 Humongous Allocation) 97M->76M(285M) 2.405ms
[418.581s][info][gc,cpu      ] GC(834) User=0.01s Sys=0.00s Real=0.00s
[418.581s][info][gc          ] GC(835) Concurrent Mark Cycle
[418.581s][info][gc,marking  ] GC(835) Concurrent Scan Root Regions
[418.583s][info][gc,marking  ] GC(835) Concurrent Scan Root Regions 1.251ms
[418.583s][info][gc,marking  ] GC(835) Concurrent Mark
[418.583s][info][gc,marking  ] GC(835) Concurrent Mark From Roots
[418.583s][info][gc,task     ] GC(835) Using 1 workers of 1 for marking
[418.636s][info][gc,marking  ] GC(835) Concurrent Mark From Roots 53.838ms
[418.636s][info][gc,marking  ] GC(835) Concurrent Preclean
[418.636s][info][gc,marking  ] GC(835) Concurrent Preclean 0.036ms
[418.637s][info][gc,start    ] GC(835) Pause Remark
[418.650s][info][gc          ] GC(835) Pause Remark 95M->91M(256M) 12.713ms
[418.650s][info][gc,cpu      ] GC(835) User=0.02s Sys=0.00s Real=0.01s
[418.650s][info][gc,marking  ] GC(835) Concurrent Mark 67.382ms
[418.650s][info][gc,marking  ] GC(835) Concurrent Rebuild Remembered Sets and Scrub Regions
[418.671s][info][gc,marking  ] GC(835) Concurrent Rebuild Remembered Sets and Scrub Regions 20.934ms
[418.671s][info][gc,start    ] GC(835) Pause Cleanup
[418.671s][info][gc          ] GC(835) Pause Cleanup 95M->95M(256M) 0.047ms
[418.671s][info][gc,cpu      ] GC(835) User=0.00s Sys=0.00s Real=0.00s
[418.671s][info][gc,marking  ] GC(835) Concurrent Clear Claimed Marks
[418.671s][info][gc,marking  ] GC(835) Concurrent Clear Claimed Marks 0.034ms
[418.671s][info][gc,marking  ] GC(835) Concurrent Cleanup for Next Mark
[418.672s][info][gc,marking  ] GC(835) Concurrent Cleanup for Next Mark 0.781ms
[418.672s][info][gc          ] GC(835) Concurrent Mark Cycle 90.659ms
[419.138s][info][gc,start    ] GC(836) Pause Young (Prepare Mixed) (G1 Evacuation Pause)
[419.138s][info][gc,task     ] GC(836) Using 2 workers of 2 for evacuation
[419.171s][info][gc,phases   ] GC(836)   Pre Evacuate Collection Set: 0.22ms
[419.171s][info][gc,phases   ] GC(836)   Merge Heap Roots: 0.07ms
[419.171s][info][gc,phases   ] GC(836)   Evacuate Collection Set: 31.07ms
[419.171s][info][gc,phases   ] GC(836)   Post Evacuate Collection Set: 0.57ms
[419.171s][info][gc,phases   ] GC(836)   Other: 0.09ms
[419.171s][info][gc,heap     ] GC(836) Eden regions: 151->0(135)
[419.171s][info][gc,heap     ] GC(836) Survivor regions: 2->14(20)
[419.171s][info][gc,heap     ] GC(836) Old regions: 70->70
[419.171s][info][gc,heap     ] GC(836) Humongous regions: 5->3
[419.171s][info][gc,metaspace] GC(836) Metaspace: 42998K(43392K)->42998K(43392K) NonClass: 40190K(40448K)->40190K(40448K) Class: 2807K(2944K)->2807K(2944K)
[419.171s][info][gc          ] GC(836) Pause Young (Prepare Mixed) (G1 Evacuation Pause) 227M->86M(256M) 32.198ms
[419.171s][info][gc,cpu      ] GC(836) User=0.03s Sys=0.00s Real=0.03s
[419.638s][info][gc,start    ] GC(837) Pause Young (Mixed) (G1 Evacuation Pause)
[419.638s][info][gc,task     ] GC(837) Using 2 workers of 2 for evacuation
[419.643s][info][gc,phases   ] GC(837)   Pre Evacuate Collection Set: 0.19ms
[419.643s][info][gc,phases   ] GC(837)   Merge Heap Roots: 0.07ms
[419.643s][info][gc,phases   ] GC(837)   Evacuate Collection Set: 4.60ms
[419.643s][info][gc,phases   ] GC(837)   Post Evacuate Collection Set: 0.38ms
[419.643s][info][gc,phases   ] GC(837)   Other: 0.11ms
[419.643s][info][gc,heap     ] GC(837) Eden regions: 135->0(151)
[419.643s][info][gc,heap     ] GC(837) Survivor regions: 14->2(19)
[419.643s][info][gc,heap     ] GC(837) Old regions: 70->52
[419.643s][info][gc,heap     ] GC(837) Humongous regions: 11->3
[419.643s][info][gc,metaspace] GC(837) Metaspace: 42998K(43392K)->42998K(43392K) NonClass: 40190K(40448K)->40190K(40448K) Class: 2807K(2944K)->2807K(2944K)
[419.643s][info][gc          ] GC(837) Pause Young (Mixed) (G1 Evacuation Pause) 229M->56M(256M) 5.511ms
[419.643s][info][gc,cpu      ] GC(837) User=0.01s Sys=0.00s Real=0.01s
[419.836s][info][gc,start    ] GC(838) Pause Young (Concurrent Start) (G1 Humongous Allocation)
[419.836s][info][gc,task     ] GC(838) Using 2 workers of 2 for evacuation
[419.839s][info][gc,phases   ] GC(838)   Pre Evacuate Collection Set: 0.17ms
[419.839s][info][gc,phases   ] GC(838)   Merge Heap Roots: 0.04ms
[419.839s][info][gc,phases   ] GC(838)   Evacuate Collection Set: 1.70ms
[419.839s][info][gc,phases   ] GC(838)   Post Evacuate Collection Set: 0.31ms
[419.839s][info][gc,phases   ] GC(838)   Other: 0.10ms
[419.839s][info][gc,heap     ] GC(838) Eden regions: 64->0(151)
[419.839s][info][gc,heap     ] GC(838) Survivor regions: 2->2(20)
[419.839s][info][gc,heap     ] GC(838) Old regions: 52->52
[419.839s][info][gc,heap     ] GC(838) Humongous regions: 3->1
[419.839s][info][gc,metaspace] GC(838) Metaspace: 42998K(43392K)->42998K(43392K) NonClass: 40190K(40448K)->40190K(40448K) Class: 2807K(2944K)->2807K(2944K)
[419.839s][info][gc          ] GC(838) Pause Young (Concurrent Start) (G1 Humongous Allocation) 120M->53M(256M) 2.482ms
[419.839s][info][gc,cpu      ] GC(838) User=0.00s Sys=0.00s Real=0.00s
[419.839s][info][gc          ] GC(839) Concurrent Mark Cycle
[419.839s][info][gc,marking  ] GC(839) Concurrent Scan Root Regions
[419.841s][info][gc,marking  ] GC(839) Concurrent Scan Root Regions 1.679ms
[419.841s][info][gc,marking  ] GC(839) Concurrent Mark
[419.841s][info][gc,marking  ] GC(839) Concurrent Mark From Roots
[419.841s][info][gc,task     ] GC(839) Using 1 workers of 1 for marking
[419.903s][info][gc,marking  ] GC(839) Concurrent Mark From Roots 62.642ms
[419.903s][info][gc,marking  ] GC(839) Concurrent Preclean
[419.903s][info][gc,marking  ] GC(839) Concurrent Preclean 0.037ms
[419.904s][info][gc,start    ] GC(839) Pause Remark
[419.916s][info][gc          ] GC(839) Pause Remark 78M->78M(256M) 12.896ms
[419.916s][info][gc,cpu      ] GC(839) User=0.02s Sys=0.00s Real=0.01s
[419.917s][info][gc,marking  ] GC(839) Concurrent Mark 75.867ms
[419.917s][info][gc,marking  ] GC(839) Concurrent Rebuild Remembered Sets and Scrub Regions
[419.940s][info][gc,marking  ] GC(839) Concurrent Rebuild Remembered Sets and Scrub Regions 23.446ms
[419.940s][info][gc,start    ] GC(839) Pause Cleanup
[419.940s][info][gc          ] GC(839) Pause Cleanup 85M->85M(256M) 0.040ms
[419.940s][info][gc,cpu      ] GC(839) User=0.00s Sys=0.00s Real=0.00s
[419.940s][info][gc,marking  ] GC(839) Concurrent Clear Claimed Marks
[419.940s][info][gc,marking  ] GC(839) Concurrent Clear Claimed Marks 0.034ms
[419.940s][info][gc,marking  ] GC(839) Concurrent Cleanup for Next Mark
[419.941s][info][gc,marking  ] GC(839) Concurrent Cleanup for Next Mark 0.748ms
[419.941s][info][gc          ] GC(839) Concurrent Mark Cycle 102.137ms
[420.372s][info][gc,start    ] GC(840) Pause Young (Prepare Mixed) (G1 Evacuation Pause)
[420.372s][info][gc,task     ] GC(840) Using 2 workers of 2 for evacuation
[420.382s][info][gc,phases   ] GC(840)   Pre Evacuate Collection Set: 0.15ms
[420.382s][info][gc,phases   ] GC(840)   Merge Heap Roots: 0.07ms
[420.382s][info][gc,phases   ] GC(840)   Evacuate Collection Set: 9.09ms
[420.382s][info][gc,phases   ] GC(840)   Post Evacuate Collection Set: 0.40ms
[420.382s][info][gc,phases   ] GC(840)   Other: 0.07ms
[420.382s][info][gc,heap     ] GC(840) Eden regions: 151->0(142)
[420.382s][info][gc,heap     ] GC(840) Survivor regions: 2->11(20)
[420.382s][info][gc,heap     ] GC(840) Old regions: 52->52
[420.382s][info][gc,heap     ] GC(840) Humongous regions: 5->3
[420.382s][info][gc,metaspace] GC(840) Metaspace: 42998K(43392K)->42998K(43392K) NonClass: 40190K(40448K)->40190K(40448K) Class: 2807K(2944K)->2807K(2944K)
[420.382s][info][gc          ] GC(840) Pause Young (Prepare Mixed) (G1 Evacuation Pause) 208M->64M(256M) 9.957ms
[420.382s][info][gc,cpu      ] GC(840) User=0.01s Sys=0.00s Real=0.01s
[420.909s][info][gc,start    ] GC(841) Pause Young (Mixed) (G1 Evacuation Pause)
[420.910s][info][gc,task     ] GC(841) Using 2 workers of 2 for evacuation
[420.931s][info][gc,phases   ] GC(841)   Pre Evacuate Collection Set: 2.59ms
[420.931s][info][gc,phases   ] GC(841)   Merge Heap Roots: 0.13ms
[420.931s][info][gc,phases   ] GC(841)   Evacuate Collection Set: 18.26ms
[420.931s][info][gc,phases   ] GC(841)   Post Evacuate Collection Set: 0.61ms
[420.931s][info][gc,phases   ] GC(841)   Other: 0.10ms
[420.931s][info][gc,heap     ] GC(841) Eden regions: 142->0(140)
[420.931s][info][gc,heap     ] GC(841) Survivor regions: 11->13(20)
[420.931s][info][gc,heap     ] GC(841) Old regions: 52->50
[420.931s][info][gc,heap     ] GC(841) Humongous regions: 9->3
[420.931s][info][gc,metaspace] GC(841) Metaspace: 42998K(43392K)->42998K(43392K) NonClass: 40190K(40448K)->40190K(40448K) Class: 2807K(2944K)->2807K(2944K)
[420.931s][info][gc          ] GC(841) Pause Young (Mixed) (G1 Evacuation Pause) 212M->64M(256M) 21.867ms
[420.931s][info][gc,cpu      ] GC(841) User=0.04s Sys=0.00s Real=0.02s
[421.297s][info][gc,start    ] GC(842) Pause Young (Concurrent Start) (G1 Evacuation Pause)
[421.297s][info][gc,task     ] GC(842) Using 2 workers of 2 for evacuation
[421.333s][info][gc,phases   ] GC(842)   Pre Evacuate Collection Set: 0.19ms
[421.333s][info][gc,phases   ] GC(842)   Merge Heap Roots: 0.06ms
[421.333s][info][gc,phases   ] GC(842)   Evacuate Collection Set: 34.86ms
[421.333s][info][gc,phases   ] GC(842)   Post Evacuate Collection Set: 0.48ms
[421.333s][info][gc,phases   ] GC(842)   Other: 0.11ms
[421.333s][info][gc,heap     ] GC(842) Eden regions: 140->0(119)
[421.333s][info][gc,heap     ] GC(842) Survivor regions: 13->20(20)
[421.333s][info][gc,heap     ] GC(842) Old regions: 50->71
[421.333s][info][gc,heap     ] GC(842) Humongous regions: 3->3
[421.333s][info][gc,metaspace] GC(842) Metaspace: 42998K(43392K)->42998K(43392K) NonClass: 40190K(40448K)->40190K(40448K) Class: 2807K(2944K)->2807K(2944K)
[421.333s][info][gc          ] GC(842) Pause Young (Concurrent Start) (G1 Evacuation Pause) 204M->93M(256M) 35.876ms
[421.333s][info][gc,cpu      ] GC(842) User=0.07s Sys=0.00s Real=0.04s
[421.333s][info][gc          ] GC(843) Concurrent Mark Cycle
[421.333s][info][gc,marking  ] GC(843) Concurrent Scan Root Regions
[421.366s][info][gc,marking  ] GC(843) Concurrent Scan Root Regions 32.303ms
[421.366s][info][gc,marking  ] GC(843) Concurrent Mark
[421.366s][info][gc,marking  ] GC(843) Concurrent Mark From Roots
[421.366s][info][gc,task     ] GC(843) Using 1 workers of 1 for marking
[421.442s][info][gc,marking  ] GC(843) Concurrent Mark From Roots 76.143ms
[421.442s][info][gc,marking  ] GC(843) Concurrent Preclean
[421.442s][info][gc,marking  ] GC(843) Concurrent Preclean 0.038ms
[421.442s][info][gc,start    ] GC(843) Pause Remark
[421.455s][info][gc          ] GC(843) Pause Remark 102M->102M(256M) 12.812ms
[421.455s][info][gc,cpu      ] GC(843) User=0.02s Sys=0.00s Real=0.01s
[421.459s][info][gc,marking  ] GC(843) Concurrent Mark 93.023ms
[421.459s][info][gc,marking  ] GC(843) Concurrent Rebuild Remembered Sets and Scrub Regions
[421.527s][info][gc,marking  ] GC(843) Concurrent Rebuild Remembered Sets and Scrub Regions 68.829ms
[421.528s][info][gc,start    ] GC(843) Pause Cleanup
[421.528s][info][gc          ] GC(843) Pause Cleanup 114M->114M(256M) 0.045ms
[421.528s][info][gc,cpu      ] GC(843) User=0.00s Sys=0.00s Real=0.00s
[421.528s][info][gc,marking  ] GC(843) Concurrent Clear Claimed Marks
[421.528s][info][gc,marking  ] GC(843) Concurrent Clear Claimed Marks 0.037ms
[421.528s][info][gc,marking  ] GC(843) Concurrent Cleanup for Next Mark
[421.529s][info][gc,marking  ] GC(843) Concurrent Cleanup for Next Mark 0.773ms
[421.529s][info][gc          ] GC(843) Concurrent Mark Cycle 195.331ms
[421.957s][info][gc,start    ] GC(844) Pause Young (Prepare Mixed) (G1 Evacuation Pause)
[421.957s][info][gc,task     ] GC(844) Using 2 workers of 2 for evacuation
[422.019s][info][gc,phases   ] GC(844)   Pre Evacuate Collection Set: 0.22ms
[422.019s][info][gc,phases   ] GC(844)   Merge Heap Roots: 0.24ms
[422.019s][info][gc,phases   ] GC(844)   Evacuate Collection Set: 60.46ms
[422.019s][info][gc,phases   ] GC(844)   Post Evacuate Collection Set: 0.46ms
[422.019s][info][gc,phases   ] GC(844)   Other: 0.09ms
[422.019s][info][gc,heap     ] GC(844) Eden regions: 119->0(92)
[422.019s][info][gc,heap     ] GC(844) Survivor regions: 20->18(18)
[422.019s][info][gc,heap     ] GC(844) Old regions: 71->104
[422.019s][info][gc,heap     ] GC(844) Humongous regions: 3->3
[422.019s][info][gc,metaspace] GC(844) Metaspace: 42998K(43392K)->42998K(43392K) NonClass: 40190K(40448K)->40190K(40448K) Class: 2807K(2944K)->2807K(2944K)
[422.019s][info][gc          ] GC(844) Pause Young (Prepare Mixed) (G1 Evacuation Pause) 212M->124M(264M) 61.657ms
[422.019s][info][gc,cpu      ] GC(844) User=0.12s Sys=0.01s Real=0.06s
[422.430s][info][gc,start    ] GC(845) Pause Young (Mixed) (G1 Evacuation Pause)
[422.430s][info][gc,task     ] GC(845) Using 2 workers of 2 for evacuation
[422.483s][info][gc,phases   ] GC(845)   Pre Evacuate Collection Set: 0.16ms
[422.483s][info][gc,phases   ] GC(845)   Merge Heap Roots: 0.33ms
[422.483s][info][gc,phases   ] GC(845)   Evacuate Collection Set: 51.52ms
[422.483s][info][gc,phases   ] GC(845)   Post Evacuate Collection Set: 0.52ms
[422.483s][info][gc,phases   ] GC(845)   Other: 0.08ms
[422.483s][info][gc,heap     ] GC(845) Eden regions: 92->0(71)
[422.483s][info][gc,heap     ] GC(845) Survivor regions: 18->14(14)
[422.483s][info][gc,heap     ] GC(845) Old regions: 104->131
[422.483s][info][gc,heap     ] GC(845) Humongous regions: 3->3
[422.483s][info][gc,metaspace] GC(845) Metaspace: 42998K(43392K)->42998K(43392K) NonClass: 40190K(40448K)->40190K(40448K) Class: 2807K(2944K)->2807K(2944K)
[422.483s][info][gc          ] GC(845) Pause Young (Mixed) (G1 Evacuation Pause) 216M->148M(264M) 52.829ms
[422.483s][info][gc,cpu      ] GC(845) User=0.11s Sys=0.00s Real=0.06s
[422.793s][info][gc,start    ] GC(846) Pause Young (Concurrent Start) (G1 Evacuation Pause)
[422.793s][info][gc,task     ] GC(846) Using 2 workers of 2 for evacuation
[422.830s][info][gc,phases   ] GC(846)   Pre Evacuate Collection Set: 0.20ms
[422.830s][info][gc,phases   ] GC(846)   Merge Heap Roots: 0.20ms
[422.830s][info][gc,phases   ] GC(846)   Evacuate Collection Set: 36.88ms
[422.830s][info][gc,phases   ] GC(846)   Post Evacuate Collection Set: 0.35ms
[422.830s][info][gc,phases   ] GC(846)   Other: 0.09ms
[422.831s][info][gc,heap     ] GC(846) Eden regions: 71->0(55)
[422.831s][info][gc,heap     ] GC(846) Survivor regions: 14->11(11)
[422.831s][info][gc,heap     ] GC(846) Old regions: 131->155
[422.831s][info][gc,heap     ] GC(846) Humongous regions: 3->3
[422.831s][info][gc,metaspace] GC(846) Metaspace: 42998K(43392K)->42998K(43392K) NonClass: 40190K(40448K)->40190K(40448K) Class: 2807K(2944K)->2807K(2944K)
[422.831s][info][gc          ] GC(846) Pause Young (Concurrent Start) (G1 Evacuation Pause) 219M->169M(264M) 37.881ms
[422.831s][info][gc,cpu      ] GC(846) User=0.07s Sys=0.00s Real=0.03s
[422.831s][info][gc          ] GC(847) Concurrent Mark Cycle
[422.831s][info][gc,marking  ] GC(847) Concurrent Scan Root Regions
[422.878s][info][gc,marking  ] GC(847) Concurrent Scan Root Regions 46.922ms
[422.878s][info][gc,marking  ] GC(847) Concurrent Mark
[422.878s][info][gc,marking  ] GC(847) Concurrent Mark From Roots
[422.878s][info][gc,task     ] GC(847) Using 1 workers of 1 for marking
[423.027s][info][gc,marking  ] GC(847) Concurrent Mark From Roots 149.230ms
[423.027s][info][gc,marking  ] GC(847) Concurrent Preclean
[423.027s][info][gc,marking  ] GC(847) Concurrent Preclean 0.162ms
[423.027s][info][gc,start    ] GC(847) Pause Remark
[423.040s][info][gc          ] GC(847) Pause Remark 204M->204M(285M) 13.215ms
[423.040s][info][gc,cpu      ] GC(847) User=0.02s Sys=0.00s Real=0.01s
[423.040s][info][gc,marking  ] GC(847) Concurrent Mark 162.857ms
[423.040s][info][gc,marking  ] GC(847) Concurrent Rebuild Remembered Sets and Scrub Regions
[423.132s][info][gc,marking  ] GC(847) Concurrent Rebuild Remembered Sets and Scrub Regions 91.961ms
[423.137s][info][gc,start    ] GC(847) Pause Cleanup
[423.137s][info][gc          ] GC(847) Pause Cleanup 221M->221M(285M) 0.083ms
[423.137s][info][gc,cpu      ] GC(847) User=0.00s Sys=0.00s Real=0.00s
[423.139s][info][gc,marking  ] GC(847) Concurrent Clear Claimed Marks
[423.139s][info][gc,marking  ] GC(847) Concurrent Clear Claimed Marks 0.055ms
[423.139s][info][gc,marking  ] GC(847) Concurrent Cleanup for Next Mark
[423.140s][info][gc,marking  ] GC(847) Concurrent Cleanup for Next Mark 1.095ms
[423.140s][info][gc          ] GC(847) Concurrent Mark Cycle 309.128ms
[423.153s][info][gc,start    ] GC(848) Pause Young (Prepare Mixed) (G1 Evacuation Pause)
[423.153s][info][gc,task     ] GC(848) Using 2 workers of 2 for evacuation
[423.188s][info][gc,phases   ] GC(848)   Pre Evacuate Collection Set: 0.18ms
[423.188s][info][gc,phases   ] GC(848)   Merge Heap Roots: 0.31ms
[423.188s][info][gc,phases   ] GC(848)   Evacuate Collection Set: 33.72ms
[423.188s][info][gc,phases   ] GC(848)   Post Evacuate Collection Set: 0.39ms
[423.188s][info][gc,phases   ] GC(848)   Other: 0.09ms
[423.188s][info][gc,heap     ] GC(848) Eden regions: 55->0(61)
[423.188s][info][gc,heap     ] GC(848) Survivor regions: 11->9(9)
[423.188s][info][gc,heap     ] GC(848) Old regions: 155->170
[423.188s][info][gc,heap     ] GC(848) Humongous regions: 5->3
[423.188s][info][gc,metaspace] GC(848) Metaspace: 42998K(43392K)->42998K(43392K) NonClass: 40190K(40448K)->40190K(40448K) Class: 2807K(2944K)->2807K(2944K)
[423.188s][info][gc          ] GC(848) Pause Young (Prepare Mixed) (G1 Evacuation Pause) 226M->182M(285M) 34.859ms
[423.188s][info][gc,cpu      ] GC(848) User=0.06s Sys=0.00s Real=0.03s
[423.461s][info][gc,start    ] GC(849) Pause Young (Mixed) (G1 Evacuation Pause)
[423.461s][info][gc,task     ] GC(849) Using 2 workers of 2 for evacuation
[423.488s][info][gc,phases   ] GC(849)   Pre Evacuate Collection Set: 0.27ms
[423.488s][info][gc,phases   ] GC(849)   Merge Heap Roots: 0.36ms
[423.488s][info][gc,phases   ] GC(849)   Evacuate Collection Set: 24.11ms
[423.488s][info][gc,phases   ] GC(849)   Post Evacuate Collection Set: 1.87ms
[423.488s][info][gc,phases   ] GC(849)   Other: 0.08ms
[423.488s][info][gc,heap     ] GC(849) Eden regions: 61->0(218)
[423.488s][info][gc,heap     ] GC(849) Survivor regions: 9->9(9)
[423.488s][info][gc,heap     ] GC(849) Old regions: 170->152
[423.488s][info][gc,heap     ] GC(849) Humongous regions: 3->3
[423.488s][info][gc,metaspace] GC(849) Metaspace: 42998K(43392K)->42998K(43392K) NonClass: 40190K(40448K)->40190K(40448K) Class: 2807K(2944K)->2807K(2944K)
[423.488s][info][gc          ] GC(849) Pause Young (Mixed) (G1 Evacuation Pause) 243M->164M(500M) 26.870ms
[423.488s][info][gc,cpu      ] GC(849) User=0.05s Sys=0.00s Real=0.03s
[424.299s][info][gc,start    ] GC(850) Pause Young (Mixed) (G1 Evacuation Pause)
[424.299s][info][gc,task     ] GC(850) Using 2 workers of 2 for evacuation
[424.344s][info][gc,phases   ] GC(850)   Pre Evacuate Collection Set: 0.37ms
[424.344s][info][gc,phases   ] GC(850)   Merge Heap Roots: 0.89ms
[424.344s][info][gc,phases   ] GC(850)   Evacuate Collection Set: 42.97ms
[424.344s][info][gc,phases   ] GC(850)   Post Evacuate Collection Set: 0.51ms
[424.344s][info][gc,phases   ] GC(850)   Other: 0.08ms
[424.344s][info][gc,heap     ] GC(850) Eden regions: 218->0(234)
[424.344s][info][gc,heap     ] GC(850) Survivor regions: 9->19(29)
[424.344s][info][gc,heap     ] GC(850) Old regions: 152->136
[424.344s][info][gc,heap     ] GC(850) Humongous regions: 15->3
[424.344s][info][gc,metaspace] GC(850) Metaspace: 42998K(43392K)->42998K(43392K) NonClass: 40190K(40448K)->40190K(40448K) Class: 2807K(2944K)->2807K(2944K)
[424.344s][info][gc          ] GC(850) Pause Young (Mixed) (G1 Evacuation Pause) 394M->157M(500M) 45.005ms
[424.344s][info][gc,cpu      ] GC(850) User=0.08s Sys=0.01s Real=0.05s
[424.545s][info][gc,start    ] GC(851) Pause Young (Concurrent Start) (G1 Humongous Allocation)
[424.545s][info][gc,task     ] GC(851) Using 2 workers of 2 for evacuation
[424.579s][info][gc,phases   ] GC(851)   Pre Evacuate Collection Set: 0.26ms
[424.579s][info][gc,phases   ] GC(851)   Merge Heap Roots: 0.07ms
[424.579s][info][gc,phases   ] GC(851)   Evacuate Collection Set: 32.67ms
[424.579s][info][gc,phases   ] GC(851)   Post Evacuate Collection Set: 0.46ms
[424.579s][info][gc,phases   ] GC(851)   Other: 0.08ms
[424.579s][info][gc,heap     ] GC(851) Eden regions: 80->0(214)
[424.579s][info][gc,heap     ] GC(851) Survivor regions: 19->32(32)
[424.579s][info][gc,heap     ] GC(851) Old regions: 136->150
[424.579s][info][gc,heap     ] GC(851) Humongous regions: 3->3
[424.579s][info][gc,metaspace] GC(851) Metaspace: 42998K(43392K)->42998K(43392K) NonClass: 40190K(40448K)->40190K(40448K) Class: 2807K(2944K)->2807K(2944K)
[424.579s][info][gc          ] GC(851) Pause Young (Concurrent Start) (G1 Humongous Allocation) 236M->184M(500M) 33.771ms
[424.579s][info][gc,cpu      ] GC(851) User=0.07s Sys=0.00s Real=0.03s
[424.579s][info][gc          ] GC(852) Concurrent Mark Cycle
[424.580s][info][gc,marking  ] GC(852) Concurrent Scan Root Regions
[424.623s][info][gc,marking  ] GC(852) Concurrent Scan Root Regions 43.291ms
[424.623s][info][gc,marking  ] GC(852) Concurrent Mark
[424.623s][info][gc,marking  ] GC(852) Concurrent Mark From Roots
[424.623s][info][gc,task     ] GC(852) Using 1 workers of 1 for marking
[424.689s][info][gc,marking  ] GC(852) Concurrent Mark From Roots 65.765ms
[424.689s][info][gc,marking  ] GC(852) Concurrent Preclean
[424.689s][info][gc,marking  ] GC(852) Concurrent Preclean 0.041ms
[424.689s][info][gc,start    ] GC(852) Pause Remark
[424.702s][info][gc          ] GC(852) Pause Remark 210M->203M(500M) 12.871ms
[424.702s][info][gc,cpu      ] GC(852) User=0.03s Sys=0.00s Real=0.02s
[424.702s][info][gc,marking  ] GC(852) Concurrent Mark 78.943ms
[424.702s][info][gc,marking  ] GC(852) Concurrent Rebuild Remembered Sets and Scrub Regions
[424.737s][info][gc,marking  ] GC(852) Concurrent Rebuild Remembered Sets and Scrub Regions 35.203ms
[424.738s][info][gc,start    ] GC(852) Pause Cleanup
[424.738s][info][gc          ] GC(852) Pause Cleanup 211M->211M(500M) 0.074ms
[424.738s][info][gc,cpu      ] GC(852) User=0.00s Sys=0.00s Real=0.00s
[424.738s][info][gc,marking  ] GC(852) Concurrent Clear Claimed Marks
[424.738s][info][gc,marking  ] GC(852) Concurrent Clear Claimed Marks 0.037ms
[424.738s][info][gc,marking  ] GC(852) Concurrent Cleanup for Next Mark
[424.741s][info][gc,marking  ] GC(852) Concurrent Cleanup for Next Mark 3.591ms
[424.741s][info][gc          ] GC(852) Concurrent Mark Cycle 162.329ms
[425.286s][info][gc,start    ] GC(853) Pause Young (Prepare Mixed) (G1 Evacuation Pause)
[425.286s][info][gc,task     ] GC(853) Using 2 workers of 2 for evacuation
[425.315s][info][gc,phases   ] GC(853)   Pre Evacuate Collection Set: 0.23ms
[425.315s][info][gc,phases   ] GC(853)   Merge Heap Roots: 0.13ms
[425.315s][info][gc,phases   ] GC(853)   Evacuate Collection Set: 27.83ms
[425.315s][info][gc,phases   ] GC(853)   Post Evacuate Collection Set: 0.45ms
[425.315s][info][gc,phases   ] GC(853)   Other: 0.08ms
[425.315s][info][gc,heap     ] GC(853) Eden regions: 214->0(212)
[425.315s][info][gc,heap     ] GC(853) Survivor regions: 32->25(31)
[425.315s][info][gc,heap     ] GC(853) Old regions: 143->162
[425.315s][info][gc,heap     ] GC(853) Humongous regions: 5->4
[425.315s][info][gc,metaspace] GC(853) Metaspace: 42998K(43392K)->42998K(43392K) NonClass: 40190K(40448K)->40190K(40448K) Class: 2807K(2944K)->2807K(2944K)
[425.315s][info][gc          ] GC(853) Pause Young (Prepare Mixed) (G1 Evacuation Pause) 393M->190M(500M) 28.914ms
[425.315s][info][gc,cpu      ] GC(853) User=0.05s Sys=0.00s Real=0.03s
[425.961s][info][gc,start    ] GC(854) Pause Young (Mixed) (G1 Evacuation Pause)
[425.961s][info][gc,task     ] GC(854) Using 2 workers of 2 for evacuation
[426.001s][info][gc,phases   ] GC(854)   Pre Evacuate Collection Set: 0.27ms
[426.001s][info][gc,phases   ] GC(854)   Merge Heap Roots: 0.14ms
[426.001s][info][gc,phases   ] GC(854)   Evacuate Collection Set: 39.49ms
[426.001s][info][gc,phases   ] GC(854)   Post Evacuate Collection Set: 0.54ms
[426.001s][info][gc,phases   ] GC(854)   Other: 0.08ms
[426.001s][info][gc,heap     ] GC(854) Eden regions: 212->0(205)
[426.001s][info][gc,heap     ] GC(854) Survivor regions: 25->30(30)
[426.001s][info][gc,heap     ] GC(854) Old regions: 162->150
[426.001s][info][gc,heap     ] GC(854) Humongous regions: 6->4
[426.001s][info][gc,metaspace] GC(854) Metaspace: 42998K(43392K)->42998K(43392K) NonClass: 40191K(40448K)->40191K(40448K) Class: 2807K(2944K)->2807K(2944K)
[426.002s][info][gc          ] GC(854) Pause Young (Mixed) (G1 Evacuation Pause) 404M->183M(500M) 40.714ms
[426.002s][info][gc,cpu      ] GC(854) User=0.08s Sys=0.00s Real=0.04s
[426.697s][info][gc,start    ] GC(855) Pause Young (Mixed) (G1 Evacuation Pause)
[426.697s][info][gc,task     ] GC(855) Using 2 workers of 2 for evacuation
[426.766s][info][gc,phases   ] GC(855)   Pre Evacuate Collection Set: 0.22ms
[426.766s][info][gc,phases   ] GC(855)   Merge Heap Roots: 0.20ms
[426.766s][info][gc,phases   ] GC(855)   Evacuate Collection Set: 67.94ms
[426.766s][info][gc,phases   ] GC(855)   Post Evacuate Collection Set: 0.62ms
[426.766s][info][gc,phases   ] GC(855)   Other: 0.08ms
[426.766s][info][gc,heap     ] GC(855) Eden regions: 205->0(139)
[426.766s][info][gc,heap     ] GC(855) Survivor regions: 30->30(30)
[426.766s][info][gc,heap     ] GC(855) Old regions: 150->202
[426.766s][info][gc,heap     ] GC(855) Humongous regions: 5->5
[426.766s][info][gc,metaspace] GC(855) Metaspace: 42998K(43392K)->42998K(43392K) NonClass: 40191K(40448K)->40191K(40448K) Class: 2807K(2944K)->2807K(2944K)
[426.766s][info][gc          ] GC(855) Pause Young (Mixed) (G1 Evacuation Pause) 389M->237M(500M) 69.307ms
[426.766s][info][gc,cpu      ] GC(855) User=0.13s Sys=0.00s Real=0.07s
[427.200s][info][gc,start    ] GC(856) Pause Young (Concurrent Start) (G1 Evacuation Pause)
[427.200s][info][gc,task     ] GC(856) Using 2 workers of 2 for evacuation
[427.239s][info][gc,phases   ] GC(856)   Pre Evacuate Collection Set: 0.23ms
[427.239s][info][gc,phases   ] GC(856)   Merge Heap Roots: 0.39ms
[427.239s][info][gc,phases   ] GC(856)   Evacuate Collection Set: 37.26ms
[427.239s][info][gc,phases   ] GC(856)   Post Evacuate Collection Set: 0.44ms
[427.239s][info][gc,phases   ] GC(856)   Other: 0.15ms
[427.239s][info][gc,heap     ] GC(856) Eden regions: 139->0(141)
[427.239s][info][gc,heap     ] GC(856) Survivor regions: 30->13(22)
[427.239s][info][gc,heap     ] GC(856) Old regions: 202->233
[427.239s][info][gc,heap     ] GC(856) Humongous regions: 5->5
[427.239s][info][gc,metaspace] GC(856) Metaspace: 42998K(43392K)->42998K(43392K) NonClass: 40191K(40448K)->40191K(40448K) Class: 2807K(2944K)->2807K(2944K)
[427.239s][info][gc          ] GC(856) Pause Young (Concurrent Start) (G1 Evacuation Pause) 376M->249M(500M) 38.661ms
[427.239s][info][gc          ] GC(857) Concurrent Mark Cycle
[427.239s][info][gc,marking  ] GC(857) Concurrent Scan Root Regions
[427.241s][info][gc,cpu      ] GC(856) User=0.08s Sys=0.00s Real=0.04s
[427.254s][info][gc,marking  ] GC(857) Concurrent Scan Root Regions 15.167ms
[427.254s][info][gc,marking  ] GC(857) Concurrent Mark
[427.254s][info][gc,marking  ] GC(857) Concurrent Mark From Roots
[427.254s][info][gc,task     ] GC(857) Using 1 workers of 1 for marking
[427.376s][info][gc,marking  ] GC(857) Concurrent Mark From Roots 122.154ms
[427.376s][info][gc,marking  ] GC(857) Concurrent Preclean
[427.376s][info][gc,marking  ] GC(857) Concurrent Preclean 0.047ms
[427.376s][info][gc,start    ] GC(857) Pause Remark
[427.390s][info][gc          ] GC(857) Pause Remark 288M->252M(500M) 13.106ms
[427.390s][info][gc,cpu      ] GC(857) User=0.03s Sys=0.00s Real=0.01s
[427.390s][info][gc,marking  ] GC(857) Concurrent Mark 135.530ms
[427.390s][info][gc,marking  ] GC(857) Concurrent Rebuild Remembered Sets and Scrub Regions
[427.448s][info][gc,marking  ] GC(857) Concurrent Rebuild Remembered Sets and Scrub Regions 58.649ms
[427.448s][info][gc,start    ] GC(857) Pause Cleanup
[427.449s][info][gc          ] GC(857) Pause Cleanup 270M->270M(500M) 0.068ms
[427.449s][info][gc,cpu      ] GC(857) User=0.00s Sys=0.00s Real=0.00s
[427.449s][info][gc,marking  ] GC(857) Concurrent Clear Claimed Marks
[427.449s][info][gc,marking  ] GC(857) Concurrent Clear Claimed Marks 0.034ms
[427.449s][info][gc,marking  ] GC(857) Concurrent Cleanup for Next Mark
[427.450s][info][gc,marking  ] GC(857) Concurrent Cleanup for Next Mark 1.419ms
[427.450s][info][gc          ] GC(857) Concurrent Mark Cycle 211.142ms
[427.725s][info][gc,start    ] GC(858) Pause Young (Prepare Mixed) (G1 Evacuation Pause)
[427.725s][info][gc,task     ] GC(858) Using 2 workers of 2 for evacuation
[427.770s][info][gc,phases   ] GC(858)   Pre Evacuate Collection Set: 0.32ms
[427.770s][info][gc,phases   ] GC(858)   Merge Heap Roots: 0.24ms
[427.770s][info][gc,phases   ] GC(858)   Evacuate Collection Set: 43.90ms
[427.770s][info][gc,phases   ] GC(858)   Post Evacuate Collection Set: 0.49ms
[427.770s][info][gc,phases   ] GC(858)   Other: 0.08ms
[427.770s][info][gc,heap     ] GC(858) Eden regions: 141->0(111)
[427.770s][info][gc,heap     ] GC(858) Survivor regions: 13->20(20)
[427.770s][info][gc,heap     ] GC(858) Old regions: 198->248
[427.770s][info][gc,heap     ] GC(858) Humongous regions: 5->5
[427.770s][info][gc,metaspace] GC(858) Metaspace: 42998K(43392K)->42998K(43392K) NonClass: 40191K(40448K)->40191K(40448K) Class: 2807K(2944K)->2807K(2944K)
[427.770s][info][gc          ] GC(858) Pause Young (Prepare Mixed) (G1 Evacuation Pause) 355M->273M(500M) 45.266ms
[427.770s][info][gc,cpu      ] GC(858) User=0.09s Sys=0.00s Real=0.04s
[428.144s][info][gc,start    ] GC(859) Pause Young (Mixed) (G1 Evacuation Pause)
[428.144s][info][gc,task     ] GC(859) Using 2 workers of 2 for evacuation
[428.206s][info][gc,phases   ] GC(859)   Pre Evacuate Collection Set: 0.23ms
[428.206s][info][gc,phases   ] GC(859)   Merge Heap Roots: 0.32ms
[428.206s][info][gc,phases   ] GC(859)   Evacuate Collection Set: 60.97ms
[428.206s][info][gc,phases   ] GC(859)   Post Evacuate Collection Set: 0.54ms
[428.206s][info][gc,phases   ] GC(859)   Other: 0.07ms
[428.206s][info][gc,heap     ] GC(859) Eden regions: 111->0(90)
[428.206s][info][gc,heap     ] GC(859) Survivor regions: 20->17(17)
[428.206s][info][gc,heap     ] GC(859) Old regions: 248->271
[428.206s][info][gc,heap     ] GC(859) Humongous regions: 6->6
[428.206s][info][gc,metaspace] GC(859) Metaspace: 42998K(43392K)->42998K(43392K) NonClass: 40191K(40448K)->40191K(40448K) Class: 2807K(2944K)->2807K(2944K)
[428.206s][info][gc          ] GC(859) Pause Young (Mixed) (G1 Evacuation Pause) 385M->293M(500M) 62.386ms
[428.206s][info][gc,cpu      ] GC(859) User=0.13s Sys=0.00s Real=0.06s
[428.512s][info][gc,start    ] GC(860) Pause Young (Mixed) (G1 Evacuation Pause)
[428.512s][info][gc,task     ] GC(860) Using 2 workers of 2 for evacuation
[428.574s][info][gc,phases   ] GC(860)   Pre Evacuate Collection Set: 0.31ms
[428.574s][info][gc,phases   ] GC(860)   Merge Heap Roots: 0.39ms
[428.574s][info][gc,phases   ] GC(860)   Evacuate Collection Set: 60.46ms
[428.574s][info][gc,phases   ] GC(860)   Post Evacuate Collection Set: 0.82ms
[428.574s][info][gc,phases   ] GC(860)   Other: 0.07ms
[428.574s][info][gc,heap     ] GC(860) Eden regions: 90->0(81)
[428.574s][info][gc,heap     ] GC(860) Survivor regions: 17->14(14)
[428.574s][info][gc,heap     ] GC(860) Old regions: 271->329
[428.574s][info][gc,heap     ] GC(860) Humongous regions: 6->6
[428.574s][info][gc,metaspace] GC(860) Metaspace: 42998K(43392K)->42998K(43392K) NonClass: 40191K(40448K)->40191K(40448K) Class: 2807K(2944K)->2807K(2944K)
[428.574s][info][gc          ] GC(860) Pause Young (Mixed) (G1 Evacuation Pause) 383M->348M(548M) 62.267ms
[428.574s][info][gc,cpu      ] GC(860) User=0.12s Sys=0.01s Real=0.07s
[428.717s][info][gc,start    ] GC(861) Pause Young (Concurrent Start) (G1 Humongous Allocation)
[428.718s][info][gc,task     ] GC(861) Using 2 workers of 2 for evacuation
[428.750s][info][gc,phases   ] GC(861)   Pre Evacuate Collection Set: 0.28ms
[428.750s][info][gc,phases   ] GC(861)   Merge Heap Roots: 0.22ms
[428.750s][info][gc,phases   ] GC(861)   Evacuate Collection Set: 31.25ms
[428.750s][info][gc,phases   ] GC(861)   Post Evacuate Collection Set: 0.38ms
[428.750s][info][gc,phases   ] GC(861)   Other: 0.09ms
[428.750s][info][gc,heap     ] GC(861) Eden regions: 39->0(69)
[428.750s][info][gc,heap     ] GC(861) Survivor regions: 14->12(12)
[428.750s][info][gc,heap     ] GC(861) Old regions: 329->355
[428.750s][info][gc,heap     ] GC(861) Humongous regions: 6->6
[428.750s][info][gc,metaspace] GC(861) Metaspace: 42998K(43392K)->42998K(43392K) NonClass: 40191K(40448K)->40191K(40448K) Class: 2807K(2944K)->2807K(2944K)
[428.750s][info][gc          ] GC(861) Pause Young (Concurrent Start) (G1 Humongous Allocation) 386M->373M(548M) 32.433ms
[428.750s][info][gc,cpu      ] GC(861) User=0.05s Sys=0.00s Real=0.03s
[428.750s][info][gc          ] GC(862) Concurrent Mark Cycle
[428.750s][info][gc,marking  ] GC(862) Concurrent Scan Root Regions
[428.763s][info][gc,marking  ] GC(862) Concurrent Scan Root Regions 13.293ms
[428.763s][info][gc,marking  ] GC(862) Concurrent Mark
[428.763s][info][gc,marking  ] GC(862) Concurrent Mark From Roots
[428.763s][info][gc,task     ] GC(862) Using 1 workers of 1 for marking
[428.919s][info][gc,marking  ] GC(862) Concurrent Mark From Roots 155.854ms
[428.919s][info][gc,marking  ] GC(862) Concurrent Preclean
[428.919s][info][gc,marking  ] GC(862) Concurrent Preclean 0.049ms
[428.919s][info][gc,start    ] GC(862) Pause Remark
[428.932s][info][gc          ] GC(862) Pause Remark 412M->342M(548M) 13.041ms
[428.933s][info][gc,cpu      ] GC(862) User=0.03s Sys=0.00s Real=0.02s
[428.933s][info][gc,marking  ] GC(862) Concurrent Mark 169.256ms
[428.933s][info][gc,marking  ] GC(862) Concurrent Rebuild Remembered Sets and Scrub Regions
[429.021s][info][gc,marking  ] GC(862) Concurrent Rebuild Remembered Sets and Scrub Regions 87.958ms
[429.021s][info][gc,start    ] GC(862) Pause Cleanup
[429.021s][info][gc          ] GC(862) Pause Cleanup 362M->362M(548M) 0.100ms
[429.021s][info][gc,cpu      ] GC(862) User=0.00s Sys=0.00s Real=0.00s
[429.021s][info][gc,marking  ] GC(862) Concurrent Clear Claimed Marks
[429.021s][info][gc,marking  ] GC(862) Concurrent Clear Claimed Marks 0.040ms
[429.021s][info][gc,marking  ] GC(862) Concurrent Cleanup for Next Mark
[429.023s][info][gc,marking  ] GC(862) Concurrent Cleanup for Next Mark 2.060ms
[429.023s][info][gc          ] GC(862) Concurrent Mark Cycle 273.024ms
[429.051s][info][gc,start    ] GC(863) Pause Young (Prepare Mixed) (G1 Evacuation Pause)
[429.051s][info][gc,task     ] GC(863) Using 2 workers of 2 for evacuation
[429.090s][info][gc,phases   ] GC(863)   Pre Evacuate Collection Set: 0.30ms
[429.090s][info][gc,phases   ] GC(863)   Merge Heap Roots: 0.42ms
[429.090s][info][gc,phases   ] GC(863)   Evacuate Collection Set: 37.79ms
[429.090s][info][gc,phases   ] GC(863)   Post Evacuate Collection Set: 0.43ms
[429.090s][info][gc,phases   ] GC(863)   Other: 0.07ms
[429.090s][info][gc,heap     ] GC(863) Eden regions: 69->0(84)
[429.090s][info][gc,heap     ] GC(863) Survivor regions: 12->11(11)
[429.090s][info][gc,heap     ] GC(863) Old regions: 287->324
[429.090s][info][gc,heap     ] GC(863) Humongous regions: 5->5
[429.090s][info][gc,metaspace] GC(863) Metaspace: 42998K(43392K)->42998K(43392K) NonClass: 40191K(40448K)->40191K(40448K) Class: 2807K(2944K)->2807K(2944K)
[429.090s][info][gc          ] GC(863) Pause Young (Prepare Mixed) (G1 Evacuation Pause) 373M->340M(548M) 39.185ms
[429.090s][info][gc,cpu      ] GC(863) User=0.07s Sys=0.00s Real=0.04s
[429.365s][info][gc,start    ] GC(864) Pause Young (Mixed) (G1 Evacuation Pause)
[429.365s][info][gc,task     ] GC(864) Using 2 workers of 2 for evacuation
[429.395s][info][gc,phases   ] GC(864)   Pre Evacuate Collection Set: 0.37ms
[429.395s][info][gc,phases   ] GC(864)   Merge Heap Roots: 0.30ms
[429.395s][info][gc,phases   ] GC(864)   Evacuate Collection Set: 28.01ms
[429.395s][info][gc,phases   ] GC(864)   Post Evacuate Collection Set: 0.41ms
[429.395s][info][gc,phases   ] GC(864)   Other: 0.09ms
[429.395s][info][gc,heap     ] GC(864) Eden regions: 84->0(101)
[429.395s][info][gc,heap     ] GC(864) Survivor regions: 11->12(12)
[429.395s][info][gc,heap     ] GC(864) Old regions: 324->293
[429.395s][info][gc,heap     ] GC(864) Humongous regions: 6->5
[429.395s][info][gc,metaspace] GC(864) Metaspace: 42998K(43392K)->42998K(43392K) NonClass: 40191K(40448K)->40191K(40448K) Class: 2807K(2944K)->2807K(2944K)
[429.395s][info][gc          ] GC(864) Pause Young (Mixed) (G1 Evacuation Pause) 425M->309M(548M) 29.377ms
[429.395s][info][gc,cpu      ] GC(864) User=0.06s Sys=0.00s Real=0.03s
[429.715s][info][gc,start    ] GC(865) Pause Young (Mixed) (G1 Evacuation Pause)
[429.715s][info][gc,task     ] GC(865) Using 2 workers of 2 for evacuation
[429.737s][info][gc,phases   ] GC(865)   Pre Evacuate Collection Set: 0.24ms
[429.737s][info][gc,phases   ] GC(865)   Merge Heap Roots: 0.31ms
[429.737s][info][gc,phases   ] GC(865)   Evacuate Collection Set: 21.20ms
[429.737s][info][gc,phases   ] GC(865)   Post Evacuate Collection Set: 0.49ms
[429.737s][info][gc,phases   ] GC(865)   Other: 0.07ms
[429.737s][info][gc,heap     ] GC(865) Eden regions: 101->0(129)
[429.737s][info][gc,heap     ] GC(865) Survivor regions: 12->15(15)
[429.737s][info][gc,heap     ] GC(865) Old regions: 293->247
[429.737s][info][gc,heap     ] GC(865) Humongous regions: 5->5
[429.737s][info][gc,metaspace] GC(865) Metaspace: 42998K(43392K)->42998K(43392K) NonClass: 40191K(40448K)->40191K(40448K) Class: 2807K(2944K)->2807K(2944K)
[429.737s][info][gc          ] GC(865) Pause Young (Mixed) (G1 Evacuation Pause) 410M->267M(548M) 22.512ms
[429.737s][info][gc,cpu      ] GC(865) User=0.04s Sys=0.00s Real=0.02s
[430.148s][info][gc,start    ] GC(866) Pause Young (Mixed) (G1 Evacuation Pause)
[430.148s][info][gc,task     ] GC(866) Using 2 workers of 2 for evacuation
[430.178s][info][gc,phases   ] GC(866)   Pre Evacuate Collection Set: 0.26ms
[430.178s][info][gc,phases   ] GC(866)   Merge Heap Roots: 0.33ms
[430.178s][info][gc,phases   ] GC(866)   Evacuate Collection Set: 29.00ms
[430.178s][info][gc,phases   ] GC(866)   Post Evacuate Collection Set: 0.41ms
[430.178s][info][gc,phases   ] GC(866)   Other: 0.08ms
[430.178s][info][gc,heap     ] GC(866) Eden regions: 129->0(129)
[430.178s][info][gc,heap     ] GC(866) Survivor regions: 15->18(18)
[430.178s][info][gc,heap     ] GC(866) Old regions: 247->260
[430.178s][info][gc,heap     ] GC(866) Humongous regions: 5->5
[430.178s][info][gc,metaspace] GC(866) Metaspace: 42998K(43392K)->42998K(43392K) NonClass: 40191K(40448K)->40191K(40448K) Class: 2807K(2944K)->2807K(2944K)
[430.178s][info][gc          ] GC(866) Pause Young (Mixed) (G1 Evacuation Pause) 396M->283M(548M) 30.296ms
[430.178s][info][gc,cpu      ] GC(866) User=0.06s Sys=0.00s Real=0.03s
[430.236s][info][gc,start    ] GC(867) Pause Young (Concurrent Start) (G1 Humongous Allocation)
[430.236s][info][gc,task     ] GC(867) Using 2 workers of 2 for evacuation
[430.257s][info][gc,phases   ] GC(867)   Pre Evacuate Collection Set: 0.22ms
[430.257s][info][gc,phases   ] GC(867)   Merge Heap Roots: 0.07ms
[430.257s][info][gc,phases   ] GC(867)   Evacuate Collection Set: 19.91ms
[430.257s][info][gc,phases   ] GC(867)   Post Evacuate Collection Set: 0.30ms
[430.257s][info][gc,phases   ] GC(867)   Other: 0.15ms
[430.257s][info][gc,heap     ] GC(867) Eden regions: 17->0(101)
[430.257s][info][gc,heap     ] GC(867) Survivor regions: 18->15(19)
[430.257s][info][gc,heap     ] GC(867) Old regions: 260->279
[430.257s][info][gc,heap     ] GC(867) Humongous regions: 5->5
[430.257s][info][gc,metaspace] GC(867) Metaspace: 42998K(43392K)->42998K(43392K) NonClass: 40191K(40448K)->40191K(40448K) Class: 2807K(2944K)->2807K(2944K)
[430.257s][info][gc          ] GC(867) Pause Young (Concurrent Start) (G1 Humongous Allocation) 299M->297M(548M) 20.826ms
[430.257s][info][gc          ] GC(868) Concurrent Mark Cycle
[430.257s][info][gc,marking  ] GC(868) Concurrent Scan Root Regions
[430.259s][info][gc,cpu      ] GC(867) User=0.05s Sys=0.00s Real=0.02s
[430.269s][info][gc,marking  ] GC(868) Concurrent Scan Root Regions 12.170ms
[430.269s][info][gc,marking  ] GC(868) Concurrent Mark
[430.269s][info][gc,marking  ] GC(868) Concurrent Mark From Roots
[430.269s][info][gc,task     ] GC(868) Using 1 workers of 1 for marking
[430.352s][info][gc,marking  ] GC(868) Concurrent Mark From Roots 82.659ms
[430.352s][info][gc,marking  ] GC(868) Concurrent Preclean
[430.352s][info][gc,marking  ] GC(868) Concurrent Preclean 0.047ms
[430.352s][info][gc,start    ] GC(868) Pause Remark
[430.366s][info][gc          ] GC(868) Pause Remark 319M->180M(537M) 13.567ms
[430.366s][info][gc,cpu      ] GC(868) User=0.02s Sys=0.00s Real=0.01s
[430.366s][info][gc,marking  ] GC(868) Concurrent Mark 96.599ms
[430.366s][info][gc,marking  ] GC(868) Concurrent Rebuild Remembered Sets and Scrub Regions
[430.412s][info][gc,marking  ] GC(868) Concurrent Rebuild Remembered Sets and Scrub Regions 46.175ms
[430.412s][info][gc,start    ] GC(868) Pause Cleanup
[430.412s][info][gc          ] GC(868) Pause Cleanup 194M->194M(537M) 0.066ms
[430.412s][info][gc,cpu      ] GC(868) User=0.00s Sys=0.00s Real=0.00s
[430.412s][info][gc,marking  ] GC(868) Concurrent Clear Claimed Marks
[430.412s][info][gc,marking  ] GC(868) Concurrent Clear Claimed Marks 0.037ms
[430.412s][info][gc,marking  ] GC(868) Concurrent Cleanup for Next Mark
[430.414s][info][gc,marking  ] GC(868) Concurrent Cleanup for Next Mark 1.542ms
[430.414s][info][gc          ] GC(868) Concurrent Mark Cycle 156.871ms
[430.626s][info][gc,start    ] GC(869) Pause Young (Prepare Mixed) (G1 Evacuation Pause)
[430.626s][info][gc,task     ] GC(869) Using 2 workers of 2 for evacuation
[430.652s][info][gc,phases   ] GC(869)   Pre Evacuate Collection Set: 0.23ms
[430.652s][info][gc,phases   ] GC(869)   Merge Heap Roots: 0.19ms
[430.652s][info][gc,phases   ] GC(869)   Evacuate Collection Set: 24.80ms
[430.652s][info][gc,phases   ] GC(869)   Post Evacuate Collection Set: 0.45ms
[430.652s][info][gc,phases   ] GC(869)   Other: 0.08ms
[430.652s][info][gc,heap     ] GC(869) Eden regions: 101->0(159)
[430.652s][info][gc,heap     ] GC(869) Survivor regions: 15->15(15)
[430.652s][info][gc,heap     ] GC(869) Old regions: 142->153
[430.652s][info][gc,heap     ] GC(869) Humongous regions: 4->3
[430.652s][info][gc,metaspace] GC(869) Metaspace: 42998K(43392K)->42998K(43392K) NonClass: 40191K(40448K)->40191K(40448K) Class: 2807K(2944K)->2807K(2944K)
[430.652s][info][gc          ] GC(869) Pause Young (Prepare Mixed) (G1 Evacuation Pause) 260M->170M(537M) 26.017ms
[430.652s][info][gc,cpu      ] GC(869) User=0.05s Sys=0.00s Real=0.02s
[431.164s][info][gc,start    ] GC(870) Pause Young (Mixed) (G1 Evacuation Pause)
[431.164s][info][gc,task     ] GC(870) Using 2 workers of 2 for evacuation
[431.201s][info][gc,phases   ] GC(870)   Pre Evacuate Collection Set: 0.24ms
[431.201s][info][gc,phases   ] GC(870)   Merge Heap Roots: 0.34ms
[431.201s][info][gc,phases   ] GC(870)   Evacuate Collection Set: 34.42ms
[431.201s][info][gc,phases   ] GC(870)   Post Evacuate Collection Set: 1.34ms
[431.201s][info][gc,phases   ] GC(870)   Other: 0.07ms
[431.201s][info][gc,heap     ] GC(870) Eden regions: 159->0(221)
[431.201s][info][gc,heap     ] GC(870) Survivor regions: 15->22(22)
[431.201s][info][gc,heap     ] GC(870) Old regions: 153->135
[431.201s][info][gc,heap     ] GC(870) Humongous regions: 4->4
[431.201s][info][gc,metaspace] GC(870) Metaspace: 42999K(43392K)->42999K(43392K) NonClass: 40191K(40448K)->40191K(40448K) Class: 2807K(2944K)->2807K(2944K)
[431.201s][info][gc          ] GC(870) Pause Young (Mixed) (G1 Evacuation Pause) 330M->160M(649M) 36.609ms
[431.201s][info][gc,cpu      ] GC(870) User=0.07s Sys=0.00s Real=0.03s
[431.255s][info][gc,start    ] GC(871) Pause Young (Concurrent Start) (G1 Humongous Allocation)
[431.255s][info][gc,task     ] GC(871) Using 2 workers of 2 for evacuation
[431.278s][info][gc,phases   ] GC(871)   Pre Evacuate Collection Set: 0.25ms
[431.278s][info][gc,phases   ] GC(871)   Merge Heap Roots: 0.10ms
[431.278s][info][gc,phases   ] GC(871)   Evacuate Collection Set: 21.44ms
[431.278s][info][gc,phases   ] GC(871)   Post Evacuate Collection Set: 0.32ms
[431.278s][info][gc,phases   ] GC(871)   Other: 0.08ms
[431.278s][info][gc,heap     ] GC(871) Eden regions: 18->0(206)
[431.278s][info][gc,heap     ] GC(871) Survivor regions: 22->11(31)
[431.278s][info][gc,heap     ] GC(871) Old regions: 135->156
[431.278s][info][gc,heap     ] GC(871) Humongous regions: 4->4
[431.278s][info][gc,metaspace] GC(871) Metaspace: 42999K(43392K)->42999K(43392K) NonClass: 40191K(40448K)->40191K(40448K) Class: 2807K(2944K)->2807K(2944K)
[431.278s][info][gc          ] GC(871) Pause Young (Concurrent Start) (G1 Humongous Allocation) 177M->170M(649M) 22.362ms
[431.278s][info][gc,cpu      ] GC(871) User=0.03s Sys=0.00s Real=0.02s
[431.278s][info][gc          ] GC(872) Concurrent Mark Cycle
[431.278s][info][gc,marking  ] GC(872) Concurrent Scan Root Regions
[431.288s][info][gc,marking  ] GC(872) Concurrent Scan Root Regions 9.667ms
[431.288s][info][gc,marking  ] GC(872) Concurrent Mark
[431.288s][info][gc,marking  ] GC(872) Concurrent Mark From Roots
[431.288s][info][gc,task     ] GC(872) Using 1 workers of 1 for marking
[431.375s][info][gc,marking  ] GC(872) Concurrent Mark From Roots 87.448ms
[431.375s][info][gc,marking  ] GC(872) Concurrent Preclean
[431.375s][info][gc,marking  ] GC(872) Concurrent Preclean 0.042ms
[431.375s][info][gc,start    ] GC(872) Pause Remark
[431.388s][info][gc          ] GC(872) Pause Remark 198M->182M(520M) 12.952ms
[431.388s][info][gc,cpu      ] GC(872) User=0.03s Sys=0.00s Real=0.01s
[431.388s][info][gc,marking  ] GC(872) Concurrent Mark 100.716ms
[431.388s][info][gc,marking  ] GC(872) Concurrent Rebuild Remembered Sets and Scrub Regions
[431.431s][info][gc,marking  ] GC(872) Concurrent Rebuild Remembered Sets and Scrub Regions 42.505ms
[431.431s][info][gc,start    ] GC(872) Pause Cleanup
[431.431s][info][gc          ] GC(872) Pause Cleanup 195M->195M(520M) 0.060ms
[431.431s][info][gc,cpu      ] GC(872) User=0.00s Sys=0.00s Real=0.00s
[431.431s][info][gc,marking  ] GC(872) Concurrent Clear Claimed Marks
[431.431s][info][gc,marking  ] GC(872) Concurrent Clear Claimed Marks 0.038ms
[431.431s][info][gc,marking  ] GC(872) Concurrent Cleanup for Next Mark
[431.433s][info][gc,marking  ] GC(872) Concurrent Cleanup for Next Mark 1.684ms
[431.433s][info][gc          ] GC(872) Concurrent Mark Cycle 154.956ms
[431.960s][info][gc,start    ] GC(873) Pause Young (Prepare Mixed) (G1 Evacuation Pause)
[431.960s][info][gc,task     ] GC(873) Using 2 workers of 2 for evacuation
[431.967s][info][gc,phases   ] GC(873)   Pre Evacuate Collection Set: 0.34ms
[431.967s][info][gc,phases   ] GC(873)   Merge Heap Roots: 0.16ms
[431.968s][info][gc,phases   ] GC(873)   Evacuate Collection Set: 6.86ms
[431.968s][info][gc,phases   ] GC(873)   Post Evacuate Collection Set: 0.43ms
[431.968s][info][gc,phases   ] GC(873)   Other: 0.08ms
[431.968s][info][gc,heap     ] GC(873) Eden regions: 206->0(177)
[431.968s][info][gc,heap     ] GC(873) Survivor regions: 11->11(28)
[431.968s][info][gc,heap     ] GC(873) Old regions: 140->140
[431.968s][info][gc,heap     ] GC(873) Humongous regions: 7->4
[431.968s][info][gc,metaspace] GC(873) Metaspace: 42999K(43392K)->42999K(43392K) NonClass: 40191K(40448K)->40191K(40448K) Class: 2807K(2944K)->2807K(2944K)
[431.968s][info][gc          ] GC(873) Pause Young (Prepare Mixed) (G1 Evacuation Pause) 363M->155M(520M) 8.059ms
[431.968s][info][gc,cpu      ] GC(873) User=0.02s Sys=0.00s Real=0.01s
[432.543s][info][gc,start    ] GC(874) Pause Young (Mixed) (G1 Evacuation Pause)
[432.543s][info][gc,task     ] GC(874) Using 2 workers of 2 for evacuation
[432.553s][info][gc,phases   ] GC(874)   Pre Evacuate Collection Set: 0.23ms
[432.553s][info][gc,phases   ] GC(874)   Merge Heap Roots: 0.16ms
[432.553s][info][gc,phases   ] GC(874)   Evacuate Collection Set: 9.56ms
[432.553s][info][gc,phases   ] GC(874)   Post Evacuate Collection Set: 0.41ms
[432.554s][info][gc,phases   ] GC(874)   Other: 0.07ms
[432.554s][info][gc,heap     ] GC(874) Eden regions: 177->0(205)
[432.554s][info][gc,heap     ] GC(874) Survivor regions: 11->12(24)
[432.554s][info][gc,heap     ] GC(874) Old regions: 140->114
[432.554s][info][gc,heap     ] GC(874) Humongous regions: 6->4
[432.554s][info][gc,metaspace] GC(874) Metaspace: 42999K(43392K)->42999K(43392K) NonClass: 40191K(40448K)->40191K(40448K) Class: 2807K(2944K)->2807K(2944K)
[432.554s][info][gc          ] GC(874) Pause Young (Mixed) (G1 Evacuation Pause) 334M->129M(520M) 10.627ms
[432.554s][info][gc,cpu      ] GC(874) User=0.02s Sys=0.00s Real=0.01s
[432.640s][info][gc,start    ] GC(875) Pause Young (Concurrent Start) (G1 Humongous Allocation)
[432.640s][info][gc,task     ] GC(875) Using 2 workers of 2 for evacuation
[432.658s][info][gc,phases   ] GC(875)   Pre Evacuate Collection Set: 0.24ms
[432.658s][info][gc,phases   ] GC(875)   Merge Heap Roots: 0.05ms
[432.658s][info][gc,phases   ] GC(875)   Evacuate Collection Set: 17.07ms
[432.658s][info][gc,phases   ] GC(875)   Post Evacuate Collection Set: 0.32ms
[432.658s][info][gc,phases   ] GC(875)   Other: 0.10ms
[432.658s][info][gc,heap     ] GC(875) Eden regions: 29->0(161)
[432.658s][info][gc,heap     ] GC(875) Survivor regions: 12->28(28)
[432.658s][info][gc,heap     ] GC(875) Old regions: 114->117
[432.658s][info][gc,heap     ] GC(875) Humongous regions: 4->4
[432.658s][info][gc,metaspace] GC(875) Metaspace: 42999K(43392K)->42999K(43392K) NonClass: 40191K(40448K)->40191K(40448K) Class: 2807K(2944K)->2807K(2944K)
[432.658s][info][gc          ] GC(875) Pause Young (Concurrent Start) (G1 Humongous Allocation) 157M->148M(520M) 17.956ms
[432.658s][info][gc,cpu      ] GC(875) User=0.03s Sys=0.00s Real=0.02s
[432.658s][info][gc          ] GC(876) Concurrent Mark Cycle
[432.658s][info][gc,marking  ] GC(876) Concurrent Scan Root Regions
[432.670s][info][gc,marking  ] GC(876) Concurrent Scan Root Regions 11.698ms
[432.670s][info][gc,marking  ] GC(876) Concurrent Mark
[432.670s][info][gc,marking  ] GC(876) Concurrent Mark From Roots
[432.670s][info][gc,task     ] GC(876) Using 1 workers of 1 for marking
[432.749s][info][gc,marking  ] GC(876) Concurrent Mark From Roots 79.339ms
[432.749s][info][gc,marking  ] GC(876) Concurrent Preclean
[432.749s][info][gc,marking  ] GC(876) Concurrent Preclean 0.048ms
[432.749s][info][gc,start    ] GC(876) Pause Remark
[432.762s][info][gc          ] GC(876) Pause Remark 175M->160M(450M) 12.823ms
[432.762s][info][gc,cpu      ] GC(876) User=0.03s Sys=0.00s Real=0.02s
[432.762s][info][gc,marking  ] GC(876) Concurrent Mark 92.476ms
[432.762s][info][gc,marking  ] GC(876) Concurrent Rebuild Remembered Sets and Scrub Regions
[432.795s][info][gc,marking  ] GC(876) Concurrent Rebuild Remembered Sets and Scrub Regions 33.007ms
[432.795s][info][gc,start    ] GC(876) Pause Cleanup
[432.795s][info][gc          ] GC(876) Pause Cleanup 170M->170M(450M) 0.053ms
[432.795s][info][gc,cpu      ] GC(876) User=0.00s Sys=0.00s Real=0.00s
[432.795s][info][gc,marking  ] GC(876) Concurrent Clear Claimed Marks
[432.795s][info][gc,marking  ] GC(876) Concurrent Clear Claimed Marks 0.037ms
[432.795s][info][gc,marking  ] GC(876) Concurrent Cleanup for Next Mark
[432.797s][info][gc,marking  ] GC(876) Concurrent Cleanup for Next Mark 1.290ms
[432.797s][info][gc          ] GC(876) Concurrent Mark Cycle 138.947ms
[433.159s][info][gc,start    ] GC(877) Pause Young (Prepare Mixed) (G1 Evacuation Pause)
[433.160s][info][gc,task     ] GC(877) Using 2 workers of 2 for evacuation
[433.186s][info][gc,phases   ] GC(877)   Pre Evacuate Collection Set: 0.21ms
[433.186s][info][gc,phases   ] GC(877)   Merge Heap Roots: 0.09ms
[433.186s][info][gc,phases   ] GC(877)   Evacuate Collection Set: 25.36ms
[433.186s][info][gc,phases   ] GC(877)   Post Evacuate Collection Set: 0.46ms
[433.186s][info][gc,phases   ] GC(877)   Other: 0.07ms
[433.186s][info][gc,heap     ] GC(877) Eden regions: 161->0(140)
[433.186s][info][gc,heap     ] GC(877) Survivor regions: 28->24(24)
[433.186s][info][gc,heap     ] GC(877) Old regions: 103->125
[433.186s][info][gc,heap     ] GC(877) Humongous regions: 6->4
[433.186s][info][gc,metaspace] GC(877) Metaspace: 42999K(43392K)->42999K(43392K) NonClass: 40191K(40448K)->40191K(40448K) Class: 2807K(2944K)->2807K(2944K)
[433.186s][info][gc          ] GC(877) Pause Young (Prepare Mixed) (G1 Evacuation Pause) 297M->152M(450M) 26.386ms
[433.186s][info][gc,cpu      ] GC(877) User=0.05s Sys=0.00s Real=0.03s
[433.569s][info][gc,start    ] GC(878) Pause Young (Mixed) (G1 Evacuation Pause)
[433.569s][info][gc,task     ] GC(878) Using 2 workers of 2 for evacuation
[433.585s][info][gc,phases   ] GC(878)   Pre Evacuate Collection Set: 0.23ms
[433.585s][info][gc,phases   ] GC(878)   Merge Heap Roots: 0.19ms
[433.585s][info][gc,phases   ] GC(878)   Evacuate Collection Set: 15.42ms
[433.585s][info][gc,phases   ] GC(878)   Post Evacuate Collection Set: 0.43ms
[433.585s][info][gc,phases   ] GC(878)   Other: 0.07ms
[433.585s][info][gc,heap     ] GC(878) Eden regions: 140->0(163)
[433.585s][info][gc,heap     ] GC(878) Survivor regions: 24->2(21)
[433.585s][info][gc,heap     ] GC(878) Old regions: 125->128
[433.585s][info][gc,heap     ] GC(878) Humongous regions: 4->4
[433.585s][info][gc,metaspace] GC(878) Metaspace: 42999K(43392K)->42999K(43392K) NonClass: 40191K(40448K)->40191K(40448K) Class: 2807K(2944K)->2807K(2944K)
[433.585s][info][gc          ] GC(878) Pause Young (Mixed) (G1 Evacuation Pause) 292M->132M(450M) 16.528ms
[433.585s][info][gc,cpu      ] GC(878) User=0.03s Sys=0.00s Real=0.02s
[434.025s][info][gc,start    ] GC(879) Pause Young (Concurrent Start) (G1 Humongous Allocation)
[434.025s][info][gc,task     ] GC(879) Using 2 workers of 2 for evacuation
[434.027s][info][gc,phases   ] GC(879)   Pre Evacuate Collection Set: 0.22ms
[434.027s][info][gc,phases   ] GC(879)   Merge Heap Roots: 0.06ms
[434.027s][info][gc,phases   ] GC(879)   Evacuate Collection Set: 1.54ms
[434.028s][info][gc,phases   ] GC(879)   Post Evacuate Collection Set: 0.38ms
[434.028s][info][gc,phases   ] GC(879)   Other: 0.09ms
[434.028s][info][gc,heap     ] GC(879) Eden regions: 151->0(178)
[434.028s][info][gc,heap     ] GC(879) Survivor regions: 2->2(21)
[434.028s][info][gc,heap     ] GC(879) Old regions: 128->128
[434.028s][info][gc,heap     ] GC(879) Humongous regions: 4->4
[434.028s][info][gc,metaspace] GC(879) Metaspace: 42999K(43392K)->42999K(43392K) NonClass: 40191K(40448K)->40191K(40448K) Class: 2807K(2944K)->2807K(2944K)
[434.028s][info][gc          ] GC(879) Pause Young (Concurrent Start) (G1 Humongous Allocation) 283M->132M(450M) 2.693ms
[434.028s][info][gc,cpu      ] GC(879) User=0.01s Sys=0.00s Real=0.00s
[434.028s][info][gc          ] GC(880) Concurrent Mark Cycle
[434.028s][info][gc,marking  ] GC(880) Concurrent Scan Root Regions
[434.028s][info][gc,marking  ] GC(880) Concurrent Scan Root Regions 0.781ms
[434.028s][info][gc,marking  ] GC(880) Concurrent Mark
[434.028s][info][gc,marking  ] GC(880) Concurrent Mark From Roots
[434.028s][info][gc,task     ] GC(880) Using 1 workers of 1 for marking
[434.106s][info][gc,marking  ] GC(880) Concurrent Mark From Roots 77.525ms
[434.106s][info][gc,marking  ] GC(880) Concurrent Preclean
[434.106s][info][gc,marking  ] GC(880) Concurrent Preclean 0.043ms
[434.106s][info][gc,start    ] GC(880) Pause Remark
[434.119s][info][gc          ] GC(880) Pause Remark 159M->131M(354M) 12.874ms
[434.119s][info][gc,cpu      ] GC(880) User=0.03s Sys=0.00s Real=0.01s
[434.121s][info][gc,marking  ] GC(880) Concurrent Mark 92.488ms
[434.121s][info][gc,marking  ] GC(880) Concurrent Rebuild Remembered Sets and Scrub Regions
[434.153s][info][gc,marking  ] GC(880) Concurrent Rebuild Remembered Sets and Scrub Regions 31.804ms
[434.153s][info][gc,start    ] GC(880) Pause Cleanup
[434.153s][info][gc          ] GC(880) Pause Cleanup 142M->142M(354M) 0.072ms
[434.153s][info][gc,cpu      ] GC(880) User=0.00s Sys=0.00s Real=0.00s
[434.153s][info][gc,marking  ] GC(880) Concurrent Clear Claimed Marks
[434.153s][info][gc,marking  ] GC(880) Concurrent Clear Claimed Marks 0.034ms
[434.153s][info][gc,marking  ] GC(880) Concurrent Cleanup for Next Mark
[434.154s][info][gc,marking  ] GC(880) Concurrent Cleanup for Next Mark 0.998ms
[434.154s][info][gc          ] GC(880) Concurrent Mark Cycle 126.441ms
[434.539s][info][gc,start    ] GC(881) Pause Young (Prepare Mixed) (G1 Evacuation Pause)
[434.539s][info][gc,task     ] GC(881) Using 2 workers of 2 for evacuation
[434.544s][info][gc,phases   ] GC(881)   Pre Evacuate Collection Set: 0.27ms
[434.544s][info][gc,phases   ] GC(881)   Merge Heap Roots: 0.09ms
[434.544s][info][gc,phases   ] GC(881)   Evacuate Collection Set: 3.65ms
[434.544s][info][gc,phases   ] GC(881)   Post Evacuate Collection Set: 0.40ms
[434.544s][info][gc,phases   ] GC(881)   Other: 0.07ms
[434.544s][info][gc,heap     ] GC(881) Eden regions: 178->0(156)
[434.544s][info][gc,heap     ] GC(881) Survivor regions: 2->5(23)
[434.544s][info][gc,heap     ] GC(881) Old regions: 100->100
[434.544s][info][gc,heap     ] GC(881) Humongous regions: 4->1
[434.544s][info][gc,metaspace] GC(881) Metaspace: 42999K(43392K)->42999K(43392K) NonClass: 40191K(40448K)->40191K(40448K) Class: 2807K(2944K)->2807K(2944K)
[434.544s][info][gc          ] GC(881) Pause Young (Prepare Mixed) (G1 Evacuation Pause) 283M->105M(354M) 4.648ms
[434.544s][info][gc,cpu      ] GC(881) User=0.00s Sys=0.00s Real=0.01s
[434.785s][info][gc,start    ] GC(882) Pause Young (Mixed) (G1 Evacuation Pause)
[434.785s][info][gc,task     ] GC(882) Using 2 workers of 2 for evacuation
[434.794s][info][gc,phases   ] GC(882)   Pre Evacuate Collection Set: 0.19ms
[434.794s][info][gc,phases   ] GC(882)   Merge Heap Roots: 0.10ms
[434.794s][info][gc,phases   ] GC(882)   Evacuate Collection Set: 7.87ms
[434.794s][info][gc,phases   ] GC(882)   Post Evacuate Collection Set: 0.44ms
[434.794s][info][gc,phases   ] GC(882)   Other: 0.08ms
[434.794s][info][gc,heap     ] GC(882) Eden regions: 156->0(178)
[434.794s][info][gc,heap     ] GC(882) Survivor regions: 5->5(21)
[434.794s][info][gc,heap     ] GC(882) Old regions: 100->75
[434.794s][info][gc,heap     ] GC(882) Humongous regions: 1->1
[434.794s][info][gc,metaspace] GC(882) Metaspace: 42999K(43392K)->42999K(43392K) NonClass: 40191K(40448K)->40191K(40448K) Class: 2807K(2944K)->2807K(2944K)
[434.794s][info][gc          ] GC(882) Pause Young (Mixed) (G1 Evacuation Pause) 261M->80M(354M) 8.899ms
[434.794s][info][gc,cpu      ] GC(882) User=0.02s Sys=0.00s Real=0.01s
[435.068s][info][gc,start    ] GC(883) Pause Young (Concurrent Start) (G1 Evacuation Pause)
[435.068s][info][gc,task     ] GC(883) Using 2 workers of 2 for evacuation
[435.071s][info][gc,phases   ] GC(883)   Pre Evacuate Collection Set: 0.21ms
[435.071s][info][gc,phases   ] GC(883)   Merge Heap Roots: 0.06ms
[435.071s][info][gc,phases   ] GC(883)   Evacuate Collection Set: 2.57ms
[435.071s][info][gc,phases   ] GC(883)   Post Evacuate Collection Set: 0.41ms
[435.071s][info][gc,phases   ] GC(883)   Other: 0.08ms
[435.071s][info][gc,heap     ] GC(883) Eden regions: 178->0(189)
[435.071s][info][gc,heap     ] GC(883) Survivor regions: 5->4(23)
[435.071s][info][gc,heap     ] GC(883) Old regions: 75->75
[435.071s][info][gc,heap     ] GC(883) Humongous regions: 1->1
[435.071s][info][gc,metaspace] GC(883) Metaspace: 42999K(43392K)->42999K(43392K) NonClass: 40191K(40448K)->40191K(40448K) Class: 2807K(2944K)->2807K(2944K)
[435.071s][info][gc          ] GC(883) Pause Young (Concurrent Start) (G1 Evacuation Pause) 258M->78M(354M) 3.511ms
[435.071s][info][gc,cpu      ] GC(883) User=0.00s Sys=0.00s Real=0.00s
[435.071s][info][gc          ] GC(884) Concurrent Mark Cycle
[435.071s][info][gc,marking  ] GC(884) Concurrent Scan Root Regions
[435.073s][info][gc,marking  ] GC(884) Concurrent Scan Root Regions 1.789ms
[435.073s][info][gc,marking  ] GC(884) Concurrent Mark
[435.073s][info][gc,marking  ] GC(884) Concurrent Mark From Roots
[435.073s][info][gc,task     ] GC(884) Using 1 workers of 1 for marking
[435.144s][info][gc,marking  ] GC(884) Concurrent Mark From Roots 70.392ms
[435.144s][info][gc,marking  ] GC(884) Concurrent Preclean
[435.144s][info][gc,marking  ] GC(884) Concurrent Preclean 0.041ms
[435.144s][info][gc,start    ] GC(884) Pause Remark
[435.156s][info][gc          ] GC(884) Pause Remark 125M->122M(257M) 12.659ms
[435.156s][info][gc,cpu      ] GC(884) User=0.03s Sys=0.00s Real=0.01s
[435.156s][info][gc,marking  ] GC(884) Concurrent Mark 83.356ms
[435.156s][info][gc,marking  ] GC(884) Concurrent Rebuild Remembered Sets and Scrub Regions
[435.189s][info][gc,marking  ] GC(884) Concurrent Rebuild Remembered Sets and Scrub Regions 32.643ms
[435.189s][info][gc,start    ] GC(884) Pause Cleanup
[435.189s][info][gc          ] GC(884) Pause Cleanup 143M->143M(257M) 0.043ms
[435.189s][info][gc,cpu      ] GC(884) User=0.00s Sys=0.00s Real=0.00s
[435.189s][info][gc,marking  ] GC(884) Concurrent Clear Claimed Marks
[435.189s][info][gc,marking  ] GC(884) Concurrent Clear Claimed Marks 0.035ms
[435.189s][info][gc,marking  ] GC(884) Concurrent Cleanup for Next Mark
[435.190s][info][gc,marking  ] GC(884) Concurrent Cleanup for Next Mark 0.737ms
[435.190s][info][gc          ] GC(884) Concurrent Mark Cycle 118.855ms
[435.486s][info][gc,start    ] GC(885) Pause Young (Prepare Mixed) (G1 Evacuation Pause)
[435.487s][info][gc,task     ] GC(885) Using 2 workers of 2 for evacuation
[435.497s][info][gc,phases   ] GC(885)   Pre Evacuate Collection Set: 0.17ms
[435.497s][info][gc,phases   ] GC(885)   Merge Heap Roots: 0.07ms
[435.497s][info][gc,phases   ] GC(885)   Evacuate Collection Set: 9.82ms
[435.497s][info][gc,phases   ] GC(885)   Post Evacuate Collection Set: 0.74ms
[435.497s][info][gc,phases   ] GC(885)   Other: 0.08ms
[435.497s][info][gc,heap     ] GC(885) Eden regions: 148->0(166)
[435.497s][info][gc,heap     ] GC(885) Survivor regions: 4->8(22)
[435.497s][info][gc,heap     ] GC(885) Old regions: 72->72
[435.497s][info][gc,heap     ] GC(885) Humongous regions: 75->3
[435.497s][info][gc,metaspace] GC(885) Metaspace: 42999K(43392K)->42999K(43392K) NonClass: 40191K(40448K)->40191K(40448K) Class: 2807K(2944K)->2807K(2944K)
[435.498s][info][gc          ] GC(885) Pause Young (Prepare Mixed) (G1 Evacuation Pause) 297M->81M(307M) 11.094ms
[435.498s][info][gc,cpu      ] GC(885) User=0.01s Sys=0.01s Real=0.01s
[435.953s][info][gc,start    ] GC(886) Pause Young (Mixed) (G1 Evacuation Pause)
[435.953s][info][gc,task     ] GC(886) Using 2 workers of 2 for evacuation
[435.977s][info][gc,phases   ] GC(886)   Pre Evacuate Collection Set: 0.35ms
[435.977s][info][gc,phases   ] GC(886)   Merge Heap Roots: 0.33ms
[435.977s][info][gc,phases   ] GC(886)   Evacuate Collection Set: 22.52ms
[435.977s][info][gc,phases   ] GC(886)   Post Evacuate Collection Set: 0.76ms
[435.977s][info][gc,phases   ] GC(886)   Other: 0.07ms
[435.977s][info][gc,heap     ] GC(886) Eden regions: 46->0(254)
[435.977s][info][gc,heap     ] GC(886) Survivor regions: 8->10(22)
[435.977s][info][gc,heap     ] GC(886) Old regions: 72->62
[435.977s][info][gc,heap     ] GC(886) Humongous regions: 301->3
[435.977s][info][gc,metaspace] GC(886) Metaspace: 43001K(43392K)->43001K(43392K) NonClass: 40193K(40448K)->40193K(40448K) Class: 2807K(2944K)->2807K(2944K)
[435.977s][info][gc          ] GC(886) Pause Young (Mixed) (G1 Evacuation Pause) 425M->74M(441M) 24.226ms
[435.977s][info][gc,cpu      ] GC(886) User=0.04s Sys=0.01s Real=0.02s
[435.979s][info][gc,start    ] GC(887) Pause Young (Concurrent Start) (G1 Humongous Allocation)
[435.979s][info][gc,task     ] GC(887) Using 2 workers of 2 for evacuation
[435.987s][info][gc,phases   ] GC(887)   Pre Evacuate Collection Set: 0.19ms
[435.987s][info][gc,phases   ] GC(887)   Merge Heap Roots: 0.04ms
[435.987s][info][gc,phases   ] GC(887)   Evacuate Collection Set: 6.79ms
[435.987s][info][gc,phases   ] GC(887)   Post Evacuate Collection Set: 0.46ms
[435.987s][info][gc,phases   ] GC(887)   Other: 0.06ms
[435.987s][info][gc,heap     ] GC(887) Eden regions: 1->0(254)
[435.987s][info][gc,heap     ] GC(887) Survivor regions: 10->10(33)
[435.987s][info][gc,heap     ] GC(887) Old regions: 62->62
[435.987s][info][gc,heap     ] GC(887) Humongous regions: 3->1
[435.987s][info][gc,metaspace] GC(887) Metaspace: 43001K(43392K)->43001K(43392K) NonClass: 40193K(40448K)->40193K(40448K) Class: 2807K(2944K)->2807K(2944K)
[435.987s][info][gc          ] GC(887) Pause Young (Concurrent Start) (G1 Humongous Allocation) 74M->72M(441M) 7.686ms
[435.987s][info][gc          ] GC(888) Concurrent Mark Cycle
[435.987s][info][gc,marking  ] GC(888) Concurrent Scan Root Regions
[435.989s][info][gc,cpu      ] GC(887) User=0.02s Sys=0.00s Real=0.01s
[435.992s][info][gc,marking  ] GC(888) Concurrent Scan Root Regions 4.976ms
[435.992s][info][gc,marking  ] GC(888) Concurrent Mark
[435.992s][info][gc,marking  ] GC(888) Concurrent Mark From Roots
[435.992s][info][gc,task     ] GC(888) Using 1 workers of 1 for marking
[436.128s][info][gc,marking  ] GC(888) Concurrent Mark From Roots 136.002ms
[436.128s][info][gc,marking  ] GC(888) Concurrent Preclean
[436.128s][info][gc,marking  ] GC(888) Concurrent Preclean 0.048ms
[436.128s][info][gc,start    ] GC(888) Pause Remark
[436.144s][info][gc          ] GC(888) Pause Remark 190M->189M(441M) 15.689ms
[436.144s][info][gc,cpu      ] GC(888) User=0.04s Sys=0.00s Real=0.02s
[436.144s][info][gc,marking  ] GC(888) Concurrent Mark 151.942ms
[436.144s][info][gc,marking  ] GC(888) Concurrent Rebuild Remembered Sets and Scrub Regions
[436.171s][info][gc,marking  ] GC(888) Concurrent Rebuild Remembered Sets and Scrub Regions 26.960ms
[436.171s][info][gc,start    ] GC(888) Pause Cleanup
[436.171s][info][gc          ] GC(888) Pause Cleanup 201M->201M(441M) 0.060ms
[436.171s][info][gc,cpu      ] GC(888) User=0.00s Sys=0.00s Real=0.00s
[436.171s][info][gc,marking  ] GC(888) Concurrent Clear Claimed Marks
[436.171s][info][gc,marking  ] GC(888) Concurrent Clear Claimed Marks 0.038ms
[436.171s][info][gc,marking  ] GC(888) Concurrent Cleanup for Next Mark
[436.174s][info][gc,marking  ] GC(888) Concurrent Cleanup for Next Mark 2.965ms
[436.174s][info][gc          ] GC(888) Concurrent Mark Cycle 187.229ms
[436.618s][info][gc,start    ] GC(889) Pause Young (Prepare Mixed) (G1 Evacuation Pause)
[436.618s][info][gc,task     ] GC(889) Using 2 workers of 2 for evacuation
[436.641s][info][gc,phases   ] GC(889)   Pre Evacuate Collection Set: 0.29ms
[436.641s][info][gc,phases   ] GC(889)   Merge Heap Roots: 0.07ms
[436.641s][info][gc,phases   ] GC(889)   Evacuate Collection Set: 21.23ms
[436.641s][info][gc,phases   ] GC(889)   Post Evacuate Collection Set: 1.11ms
[436.641s][info][gc,phases   ] GC(889)   Other: 0.10ms
[436.641s][info][gc,heap     ] GC(889) Eden regions: 69->0(313)
[436.641s][info][gc,heap     ] GC(889) Survivor regions: 10->18(36)
[436.641s][info][gc,heap     ] GC(889) Old regions: 61->61
[436.641s][info][gc,heap     ] GC(889) Humongous regions: 395->3
[436.641s][info][gc,metaspace] GC(889) Metaspace: 43001K(43392K)->43001K(43392K) NonClass: 40193K(40448K)->40193K(40448K) Class: 2807K(2944K)->2807K(2944K)
[436.641s][info][gc          ] GC(889) Pause Young (Prepare Mixed) (G1 Evacuation Pause) 534M->80M(553M) 22.998ms
[436.641s][info][gc,cpu      ] GC(889) User=0.03s Sys=0.01s Real=0.02s
[437.362s][info][gc,start    ] GC(890) Pause Young (Mixed) (G1 Evacuation Pause)
[437.362s][info][gc,task     ] GC(890) Using 2 workers of 2 for evacuation
[437.405s][info][gc,phases   ] GC(890)   Pre Evacuate Collection Set: 0.29ms
[437.405s][info][gc,phases   ] GC(890)   Merge Heap Roots: 0.10ms
[437.405s][info][gc,phases   ] GC(890)   Evacuate Collection Set: 41.57ms
[437.405s][info][gc,phases   ] GC(890)   Post Evacuate Collection Set: 0.98ms
[437.405s][info][gc,phases   ] GC(890)   Other: 0.09ms
[437.405s][info][gc,heap     ] GC(890) Eden regions: 91->0(366)
[437.405s][info][gc,heap     ] GC(890) Survivor regions: 18->31(47)
[437.405s][info][gc,heap     ] GC(890) Old regions: 61->57
[437.405s][info][gc,heap     ] GC(890) Humongous regions: 459->3
[437.405s][info][gc,metaspace] GC(890) Metaspace: 43004K(43392K)->43004K(43392K) NonClass: 40196K(40448K)->40196K(40448K) Class: 2807K(2944K)->2807K(2944K)
[437.405s][info][gc          ] GC(890) Pause Young (Mixed) (G1 Evacuation Pause) 627M->90M(662M) 43.231ms
[437.405s][info][gc,cpu      ] GC(890) User=0.07s Sys=0.02s Real=0.05s
[437.409s][info][gc,start    ] GC(891) Pause Young (Concurrent Start) (G1 Humongous Allocation)
[437.409s][info][gc,task     ] GC(891) Using 2 workers of 2 for evacuation
[437.434s][info][gc,phases   ] GC(891)   Pre Evacuate Collection Set: 0.22ms
[437.434s][info][gc,phases   ] GC(891)   Merge Heap Roots: 0.04ms
[437.434s][info][gc,phases   ] GC(891)   Evacuate Collection Set: 25.03ms
[437.435s][info][gc,phases   ] GC(891)   Post Evacuate Collection Set: 0.32ms
[437.435s][info][gc,phases   ] GC(891)   Other: 0.13ms
[437.435s][info][gc,heap     ] GC(891) Eden regions: 1->0(372)
[437.435s][info][gc,heap     ] GC(891) Survivor regions: 31->25(50)
[437.435s][info][gc,heap     ] GC(891) Old regions: 57->63
[437.435s][info][gc,heap     ] GC(891) Humongous regions: 3->1
[437.435s][info][gc,metaspace] GC(891) Metaspace: 43004K(43392K)->43004K(43392K) NonClass: 40196K(40448K)->40196K(40448K) Class: 2807K(2944K)->2807K(2944K)
[437.435s][info][gc          ] GC(891) Pause Young (Concurrent Start) (G1 Humongous Allocation) 91M->88M(662M) 25.896ms
[437.435s][info][gc          ] GC(892) Concurrent Mark Cycle
[437.435s][info][gc,marking  ] GC(892) Concurrent Scan Root Regions
[437.437s][info][gc,cpu      ] GC(891) User=0.06s Sys=0.00s Real=0.03s
[437.452s][info][gc,marking  ] GC(892) Concurrent Scan Root Regions 17.507ms
[437.452s][info][gc,marking  ] GC(892) Concurrent Mark
[437.452s][info][gc,marking  ] GC(892) Concurrent Mark From Roots
[437.452s][info][gc,task     ] GC(892) Using 1 workers of 1 for marking
[437.521s][info][gc,marking  ] GC(892) Concurrent Mark From Roots 68.698ms
[437.521s][info][gc,marking  ] GC(892) Concurrent Preclean
[437.521s][info][gc,marking  ] GC(892) Concurrent Preclean 0.055ms
[437.521s][info][gc,start    ] GC(892) Pause Remark
[437.534s][info][gc          ] GC(892) Pause Remark 163M->163M(517M) 13.285ms
[437.534s][info][gc,cpu      ] GC(892) User=0.02s Sys=0.00s Real=0.02s
[437.535s][info][gc,marking  ] GC(892) Concurrent Mark 82.361ms
[437.535s][info][gc,marking  ] GC(892) Concurrent Rebuild Remembered Sets and Scrub Regions
[437.573s][info][gc,marking  ] GC(892) Concurrent Rebuild Remembered Sets and Scrub Regions 38.322ms
[437.573s][info][gc,start    ] GC(892) Pause Cleanup
[437.573s][info][gc          ] GC(892) Pause Cleanup 186M->186M(517M) 0.062ms
[437.573s][info][gc,cpu      ] GC(892) User=0.00s Sys=0.00s Real=0.00s
[437.573s][info][gc,marking  ] GC(892) Concurrent Clear Claimed Marks
[437.573s][info][gc,marking  ] GC(892) Concurrent Clear Claimed Marks 0.039ms
[437.573s][info][gc,marking  ] GC(892) Concurrent Cleanup for Next Mark
[437.575s][info][gc,marking  ] GC(892) Concurrent Cleanup for Next Mark 2.177ms
[437.575s][info][gc          ] GC(892) Concurrent Mark Cycle 140.784ms
[438.273s][info][gc,start    ] GC(893) Pause Young (Prepare Mixed) (G1 Evacuation Pause)
[438.273s][info][gc,task     ] GC(893) Using 2 workers of 2 for evacuation
[438.326s][info][gc,phases   ] GC(893)   Pre Evacuate Collection Set: 0.35ms
[438.326s][info][gc,phases   ] GC(893)   Merge Heap Roots: 0.14ms
[438.326s][info][gc,phases   ] GC(893)   Evacuate Collection Set: 51.65ms
[438.326s][info][gc,phases   ] GC(893)   Post Evacuate Collection Set: 0.76ms
[438.326s][info][gc,phases   ] GC(893)   Other: 0.08ms
[438.326s][info][gc,heap     ] GC(893) Eden regions: 266->0(304)
[438.326s][info][gc,heap     ] GC(893) Survivor regions: 25->31(39)
[438.326s][info][gc,heap     ] GC(893) Old regions: 63->74
[438.326s][info][gc,heap     ] GC(893) Humongous regions: 163->1
[438.326s][info][gc,metaspace] GC(893) Metaspace: 43005K(43392K)->43005K(43392K) NonClass: 40197K(40448K)->40197K(40448K) Class: 2807K(2944K)->2807K(2944K)
[438.326s][info][gc          ] GC(893) Pause Young (Prepare Mixed) (G1 Evacuation Pause) 516M->105M(559M) 53.170ms
[438.326s][info][gc,cpu      ] GC(893) User=0.08s Sys=0.03s Real=0.05s
[438.953s][info][gc,start    ] GC(894) Pause Young (Mixed) (G1 Evacuation Pause)
[438.953s][info][gc,task     ] GC(894) Using 2 workers of 2 for evacuation
[438.989s][info][gc,phases   ] GC(894)   Pre Evacuate Collection Set: 0.24ms
[438.989s][info][gc,phases   ] GC(894)   Merge Heap Roots: 0.23ms
[438.989s][info][gc,phases   ] GC(894)   Evacuate Collection Set: 34.56ms
[438.989s][info][gc,phases   ] GC(894)   Post Evacuate Collection Set: 0.74ms
[438.989s][info][gc,phases   ] GC(894)   Other: 0.07ms
[438.989s][info][gc,heap     ] GC(894) Eden regions: 304->0(319)
[438.989s][info][gc,heap     ] GC(894) Survivor regions: 31->16(42)
[438.989s][info][gc,heap     ] GC(894) Old regions: 74->85
[438.989s][info][gc,heap     ] GC(894) Humongous regions: 1->1
[438.989s][info][gc,metaspace] GC(894) Metaspace: 43019K(43392K)->43019K(43392K) NonClass: 40211K(40448K)->40211K(40448K) Class: 2807K(2944K)->2807K(2944K)
[438.989s][info][gc          ] GC(894) Pause Young (Mixed) (G1 Evacuation Pause) 409M->101M(559M) 36.031ms
[438.989s][info][gc,cpu      ] GC(894) User=0.07s Sys=0.00s Real=0.03s
[439.647s][info][gc,start    ] GC(895) Pause Young (Concurrent Start) (G1 Evacuation Pause)
[439.647s][info][gc,task     ] GC(895) Using 2 workers of 2 for evacuation
[439.663s][info][gc,phases   ] GC(895)   Pre Evacuate Collection Set: 0.26ms
[439.663s][info][gc,phases   ] GC(895)   Merge Heap Roots: 0.10ms
[439.663s][info][gc,phases   ] GC(895)   Evacuate Collection Set: 14.44ms
[439.663s][info][gc,phases   ] GC(895)   Post Evacuate Collection Set: 0.55ms
[439.663s][info][gc,phases   ] GC(895)   Other: 0.10ms
[439.663s][info][gc,heap     ] GC(895) Eden regions: 319->0(316)
[439.663s][info][gc,heap     ] GC(895) Survivor regions: 16->19(42)
[439.663s][info][gc,heap     ] GC(895) Old regions: 85->85
[439.663s][info][gc,heap     ] GC(895) Humongous regions: 1->1
[439.663s][info][gc,metaspace] GC(895) Metaspace: 43021K(43392K)->43021K(43392K) NonClass: 40213K(40448K)->40213K(40448K) Class: 2807K(2944K)->2807K(2944K)
[439.663s][info][gc          ] GC(895) Pause Young (Concurrent Start) (G1 Evacuation Pause) 420M->104M(559M) 15.670ms
[439.663s][info][gc,cpu      ] GC(895) User=0.03s Sys=0.00s Real=0.02s
[439.663s][info][gc          ] GC(896) Concurrent Mark Cycle
[439.663s][info][gc,marking  ] GC(896) Concurrent Scan Root Regions
[439.676s][info][gc,marking  ] GC(896) Concurrent Scan Root Regions 12.607ms
[439.676s][info][gc,marking  ] GC(896) Concurrent Mark
[439.676s][info][gc,marking  ] GC(896) Concurrent Mark From Roots
[439.676s][info][gc,task     ] GC(896) Using 1 workers of 1 for marking
[439.790s][info][gc,marking  ] GC(896) Concurrent Mark From Roots 114.035ms
[439.790s][info][gc,marking  ] GC(896) Concurrent Preclean
[439.790s][info][gc,marking  ] GC(896) Concurrent Preclean 0.081ms
[439.790s][info][gc,start    ] GC(896) Pause Remark
[439.803s][info][gc          ] GC(896) Pause Remark 158M->157M(347M) 13.369ms
[439.804s][info][gc,cpu      ] GC(896) User=0.02s Sys=0.00s Real=0.02s
[439.804s][info][gc,marking  ] GC(896) Concurrent Mark 127.788ms
[439.804s][info][gc,marking  ] GC(896) Concurrent Rebuild Remembered Sets and Scrub Regions
[439.849s][info][gc,marking  ] GC(896) Concurrent Rebuild Remembered Sets and Scrub Regions 45.810ms
[439.850s][info][gc,start    ] GC(896) Pause Cleanup
[439.850s][info][gc          ] GC(896) Pause Cleanup 177M->177M(347M) 0.049ms
[439.850s][info][gc,cpu      ] GC(896) User=0.00s Sys=0.00s Real=0.00s
[439.850s][info][gc,marking  ] GC(896) Concurrent Clear Claimed Marks
[439.850s][info][gc,marking  ] GC(896) Concurrent Clear Claimed Marks 0.037ms
[439.850s][info][gc,marking  ] GC(896) Concurrent Cleanup for Next Mark
[439.851s][info][gc,marking  ] GC(896) Concurrent Cleanup for Next Mark 1.237ms
[439.851s][info][gc          ] GC(896) Concurrent Mark Cycle 187.904ms
[440.144s][info][gc,start    ] GC(897) Pause Young (Prepare Mixed) (G1 Evacuation Pause)
[440.145s][info][gc,task     ] GC(897) Using 2 workers of 2 for evacuation
[440.158s][info][gc,phases   ] GC(897)   Pre Evacuate Collection Set: 0.26ms
[440.158s][info][gc,phases   ] GC(897)   Merge Heap Roots: 0.13ms
[440.158s][info][gc,phases   ] GC(897)   Evacuate Collection Set: 12.10ms
[440.158s][info][gc,phases   ] GC(897)   Post Evacuate Collection Set: 0.46ms
[440.158s][info][gc,phases   ] GC(897)   Other: 0.07ms
[440.158s][info][gc,heap     ] GC(897) Eden regions: 189->0(203)
[440.158s][info][gc,heap     ] GC(897) Survivor regions: 19->5(26)
[440.158s][info][gc,heap     ] GC(897) Old regions: 84->97
[440.158s][info][gc,heap     ] GC(897) Humongous regions: 1->1
[440.158s][info][gc,metaspace] GC(897) Metaspace: 43021K(43392K)->43021K(43392K) NonClass: 40213K(40448K)->40213K(40448K) Class: 2808K(2944K)->2808K(2944K)
[440.158s][info][gc          ] GC(897) Pause Young (Prepare Mixed) (G1 Evacuation Pause) 292M->102M(347M) 13.231ms
[440.158s][info][gc,cpu      ] GC(897) User=0.03s Sys=0.00s Real=0.01s
[440.588s][info][gc,start    ] GC(898) Pause Young (Mixed) (G1 Evacuation Pause)
[440.588s][info][gc,task     ] GC(898) Using 2 workers of 2 for evacuation
[440.599s][info][gc,phases   ] GC(898)   Pre Evacuate Collection Set: 0.20ms
[440.599s][info][gc,phases   ] GC(898)   Merge Heap Roots: 0.19ms
[440.599s][info][gc,phases   ] GC(898)   Evacuate Collection Set: 10.15ms
[440.599s][info][gc,phases   ] GC(898)   Post Evacuate Collection Set: 0.42ms
[440.599s][info][gc,phases   ] GC(898)   Other: 0.09ms
[440.599s][info][gc,heap     ] GC(898) Eden regions: 203->0(199)
[440.599s][info][gc,heap     ] GC(898) Survivor regions: 5->9(26)
[440.599s][info][gc,heap     ] GC(898) Old regions: 97->94
[440.599s][info][gc,heap     ] GC(898) Humongous regions: 1->1
[440.599s][info][gc,metaspace] GC(898) Metaspace: 43022K(43392K)->43022K(43392K) NonClass: 40214K(40448K)->40214K(40448K) Class: 2808K(2944K)->2808K(2944K)
[440.599s][info][gc          ] GC(898) Pause Young (Mixed) (G1 Evacuation Pause) 305M->103M(347M) 11.256ms
[440.599s][info][gc,cpu      ] GC(898) User=0.02s Sys=0.00s Real=0.01s
[441.491s][info][gc,start    ] GC(899) Pause Young (Concurrent Start) (G1 Humongous Allocation)
[441.491s][info][gc,task     ] GC(899) Using 2 workers of 2 for evacuation
[441.496s][info][gc,phases   ] GC(899)   Pre Evacuate Collection Set: 0.18ms
[441.496s][info][gc,phases   ] GC(899)   Merge Heap Roots: 0.08ms
[441.496s][info][gc,phases   ] GC(899)   Evacuate Collection Set: 4.12ms
[441.496s][info][gc,phases   ] GC(899)   Post Evacuate Collection Set: 0.53ms
[441.496s][info][gc,phases   ] GC(899)   Other: 0.11ms
[441.496s][info][gc,heap     ] GC(899) Eden regions: 197->0(204)
[441.496s][info][gc,heap     ] GC(899) Survivor regions: 9->4(26)
[441.496s][info][gc,heap     ] GC(899) Old regions: 94->94
[441.496s][info][gc,heap     ] GC(899) Humongous regions: 1->1
[441.496s][info][gc,metaspace] GC(899) Metaspace: 43026K(43392K)->43026K(43392K) NonClass: 40218K(40448K)->40218K(40448K) Class: 2808K(2944K)->2808K(2944K)
[441.496s][info][gc          ] GC(899) Pause Young (Concurrent Start) (G1 Humongous Allocation) 299M->97M(347M) 5.188ms
[441.496s][info][gc,cpu      ] GC(899) User=0.00s Sys=0.00s Real=0.01s
[441.497s][info][gc          ] GC(900) Concurrent Mark Cycle
[441.497s][info][gc,marking  ] GC(900) Concurrent Scan Root Regions
[441.499s][info][gc,marking  ] GC(900) Concurrent Scan Root Regions 2.545ms
[441.499s][info][gc,marking  ] GC(900) Concurrent Mark
[441.499s][info][gc,marking  ] GC(900) Concurrent Mark From Roots
[441.499s][info][gc,task     ] GC(900) Using 1 workers of 1 for marking
[441.572s][info][gc,marking  ] GC(900) Concurrent Mark From Roots 72.946ms
[441.572s][info][gc,marking  ] GC(900) Concurrent Preclean
[441.572s][info][gc,marking  ] GC(900) Concurrent Preclean 0.229ms
[441.573s][info][gc,start    ] GC(900) Pause Remark
[441.586s][info][gc          ] GC(900) Pause Remark 111M->92M(274M) 13.054ms
[441.586s][info][gc,cpu      ] GC(900) User=0.03s Sys=0.00s Real=0.01s
[441.586s][info][gc,marking  ] GC(900) Concurrent Mark 86.760ms
[441.586s][info][gc,marking  ] GC(900) Concurrent Rebuild Remembered Sets and Scrub Regions
[441.620s][info][gc,marking  ] GC(900) Concurrent Rebuild Remembered Sets and Scrub Regions 34.004ms
[441.620s][info][gc,start    ] GC(900) Pause Cleanup
[441.620s][info][gc          ] GC(900) Pause Cleanup 97M->97M(274M) 0.049ms
[441.620s][info][gc,cpu      ] GC(900) User=0.00s Sys=0.00s Real=0.00s
[441.620s][info][gc,marking  ] GC(900) Concurrent Clear Claimed Marks
[441.620s][info][gc,marking  ] GC(900) Concurrent Clear Claimed Marks 0.033ms
[441.620s][info][gc,marking  ] GC(900) Concurrent Cleanup for Next Mark
[441.621s][info][gc,marking  ] GC(900) Concurrent Cleanup for Next Mark 0.832ms
[441.621s][info][gc          ] GC(900) Concurrent Mark Cycle 124.636ms
[442.318s][info][gc,start    ] GC(901) Pause Young (Prepare Mixed) (G1 Evacuation Pause)
[442.318s][info][gc,task     ] GC(901) Using 2 workers of 2 for evacuation
[442.331s][info][gc,phases   ] GC(901)   Pre Evacuate Collection Set: 0.16ms
[442.331s][info][gc,phases   ] GC(901)   Merge Heap Roots: 0.09ms
[442.331s][info][gc,phases   ] GC(901)   Evacuate Collection Set: 12.05ms
[442.331s][info][gc,phases   ] GC(901)   Post Evacuate Collection Set: 0.52ms
[442.331s][info][gc,phases   ] GC(901)   Other: 0.07ms
[442.331s][info][gc,heap     ] GC(901) Eden regions: 160->0(151)
[442.331s][info][gc,heap     ] GC(901) Survivor regions: 4->13(21)
[442.331s][info][gc,heap     ] GC(901) Old regions: 75->75
[442.331s][info][gc,heap     ] GC(901) Humongous regions: 13->3
[442.331s][info][gc,metaspace] GC(901) Metaspace: 43031K(43392K)->43031K(43392K) NonClass: 40223K(40448K)->40223K(40448K) Class: 2808K(2944K)->2808K(2944K)
[442.331s][info][gc          ] GC(901) Pause Young (Prepare Mixed) (G1 Evacuation Pause) 250M->90M(274M) 13.053ms
[442.331s][info][gc,cpu      ] GC(901) User=0.02s Sys=0.00s Real=0.01s
[442.656s][info][gc,start    ] GC(902) Pause Young (Mixed) (G1 Evacuation Pause)
[442.656s][info][gc,task     ] GC(902) Using 2 workers of 2 for evacuation
[442.685s][info][gc,phases   ] GC(902)   Pre Evacuate Collection Set: 0.16ms
[442.685s][info][gc,phases   ] GC(902)   Merge Heap Roots: 0.11ms
[442.685s][info][gc,phases   ] GC(902)   Evacuate Collection Set: 28.33ms
[442.685s][info][gc,phases   ] GC(902)   Post Evacuate Collection Set: 0.45ms
[442.685s][info][gc,phases   ] GC(902)   Other: 0.07ms
[442.685s][info][gc,heap     ] GC(902) Eden regions: 151->0(147)
[442.685s][info][gc,heap     ] GC(902) Survivor regions: 13->17(21)
[442.685s][info][gc,heap     ] GC(902) Old regions: 75->63
[442.685s][info][gc,heap     ] GC(902) Humongous regions: 4->4
[442.685s][info][gc,metaspace] GC(902) Metaspace: 43031K(43392K)->43031K(43392K) NonClass: 40223K(40448K)->40223K(40448K) Class: 2808K(2944K)->2808K(2944K)
[442.685s][info][gc          ] GC(902) Pause Young (Mixed) (G1 Evacuation Pause) 242M->83M(274M) 29.333ms
[442.685s][info][gc,cpu      ] GC(902) User=0.05s Sys=0.00s Real=0.03s
[442.929s][info][gc,start    ] GC(903) Pause Young (Concurrent Start) (G1 Humongous Allocation)
[442.929s][info][gc,task     ] GC(903) Using 2 workers of 2 for evacuation
[442.956s][info][gc,phases   ] GC(903)   Pre Evacuate Collection Set: 0.17ms
[442.956s][info][gc,phases   ] GC(903)   Merge Heap Roots: 0.07ms
[442.956s][info][gc,phases   ] GC(903)   Evacuate Collection Set: 26.69ms
[442.956s][info][gc,phases   ] GC(903)   Post Evacuate Collection Set: 0.42ms
[442.956s][info][gc,phases   ] GC(903)   Other: 0.13ms
[442.956s][info][gc,heap     ] GC(903) Eden regions: 106->0(142)
[442.956s][info][gc,heap     ] GC(903) Survivor regions: 17->12(21)
[442.956s][info][gc,heap     ] GC(903) Old regions: 63->80
[442.956s][info][gc,heap     ] GC(903) Humongous regions: 4->4
[442.956s][info][gc,metaspace] GC(903) Metaspace: 43031K(43392K)->43031K(43392K) NonClass: 40223K(40448K)->40223K(40448K) Class: 2808K(2944K)->2808K(2944K)
[442.956s][info][gc          ] GC(903) Pause Young (Concurrent Start) (G1 Humongous Allocation) 189M->95M(274M) 27.658ms
[442.956s][info][gc          ] GC(904) Concurrent Mark Cycle
[442.956s][info][gc,marking  ] GC(904) Concurrent Scan Root Regions
[442.957s][info][gc,cpu      ] GC(903) User=0.06s Sys=0.00s Real=0.03s
[442.978s][info][gc,marking  ] GC(904) Concurrent Scan Root Regions 21.663ms
[442.978s][info][gc,marking  ] GC(904) Concurrent Mark
[442.978s][info][gc,marking  ] GC(904) Concurrent Mark From Roots
[442.978s][info][gc,task     ] GC(904) Using 1 workers of 1 for marking
[443.039s][info][gc,marking  ] GC(904) Concurrent Mark From Roots 60.981ms
[443.039s][info][gc,marking  ] GC(904) Concurrent Preclean
[443.039s][info][gc,marking  ] GC(904) Concurrent Preclean 0.066ms
[443.039s][info][gc,start    ] GC(904) Pause Remark
[443.053s][info][gc          ] GC(904) Pause Remark 107M->106M(274M) 14.251ms
[443.053s][info][gc,cpu      ] GC(904) User=0.02s Sys=0.00s Real=0.02s
[443.056s][info][gc,marking  ] GC(904) Concurrent Mark 78.145ms
[443.056s][info][gc,marking  ] GC(904) Concurrent Rebuild Remembered Sets and Scrub Regions
[443.093s][info][gc,marking  ] GC(904) Concurrent Rebuild Remembered Sets and Scrub Regions 37.295ms
[443.094s][info][gc,start    ] GC(904) Pause Cleanup
[443.094s][info][gc          ] GC(904) Pause Cleanup 113M->113M(274M) 0.044ms
[443.094s][info][gc,cpu      ] GC(904) User=0.00s Sys=0.00s Real=0.00s
[443.094s][info][gc,marking  ] GC(904) Concurrent Clear Claimed Marks
[443.094s][info][gc,marking  ] GC(904) Concurrent Clear Claimed Marks 0.035ms
[443.094s][info][gc,marking  ] GC(904) Concurrent Cleanup for Next Mark
[443.095s][info][gc,marking  ] GC(904) Concurrent Cleanup for Next Mark 0.793ms
[443.095s][info][gc          ] GC(904) Concurrent Mark Cycle 138.259ms
[443.339s][info][gc,start    ] GC(905) Pause Young (Prepare Mixed) (G1 Evacuation Pause)
[443.339s][info][gc,task     ] GC(905) Using 2 workers of 2 for evacuation
[443.369s][info][gc,phases   ] GC(905)   Pre Evacuate Collection Set: 0.15ms
[443.369s][info][gc,phases   ] GC(905)   Merge Heap Roots: 0.09ms
[443.369s][info][gc,phases   ] GC(905)   Evacuate Collection Set: 28.92ms
[443.369s][info][gc,phases   ] GC(905)   Post Evacuate Collection Set: 0.40ms
[443.369s][info][gc,phases   ] GC(905)   Other: 0.12ms
[443.369s][info][gc,heap     ] GC(905) Eden regions: 142->0(127)
[443.369s][info][gc,heap     ] GC(905) Survivor regions: 12->15(20)
[443.369s][info][gc,heap     ] GC(905) Old regions: 79->91
[443.369s][info][gc,heap     ] GC(905) Humongous regions: 6->6
[443.369s][info][gc,metaspace] GC(905) Metaspace: 43031K(43392K)->43031K(43392K) NonClass: 40223K(40448K)->40223K(40448K) Class: 2808K(2944K)->2808K(2944K)
[443.369s][info][gc          ] GC(905) Pause Young (Prepare Mixed) (G1 Evacuation Pause) 238M->111M(274M) 29.888ms
[443.369s][info][gc,cpu      ] GC(905) User=0.06s Sys=0.00s Real=0.03s
[443.626s][info][gc,start    ] GC(906) Pause Young (Mixed) (G1 Evacuation Pause)
[443.626s][info][gc,task     ] GC(906) Using 2 workers of 2 for evacuation
[443.657s][info][gc,phases   ] GC(906)   Pre Evacuate Collection Set: 0.16ms
[443.657s][info][gc,phases   ] GC(906)   Merge Heap Roots: 0.12ms
[443.657s][info][gc,phases   ] GC(906)   Evacuate Collection Set: 30.24ms
[443.657s][info][gc,phases   ] GC(906)   Post Evacuate Collection Set: 0.44ms
[443.657s][info][gc,phases   ] GC(906)   Other: 0.09ms
[443.657s][info][gc,heap     ] GC(906) Eden regions: 127->0(127)
[443.657s][info][gc,heap     ] GC(906) Survivor regions: 15->14(18)
[443.657s][info][gc,heap     ] GC(906) Old regions: 91->92
[443.657s][info][gc,heap     ] GC(906) Humongous regions: 6->6
[443.657s][info][gc,metaspace] GC(906) Metaspace: 43031K(43392K)->43031K(43392K) NonClass: 40223K(40448K)->40223K(40448K) Class: 2808K(2944K)->2808K(2944K)
[443.657s][info][gc          ] GC(906) Pause Young (Mixed) (G1 Evacuation Pause) 238M->111M(274M) 31.238ms
[443.657s][info][gc,cpu      ] GC(906) User=0.06s Sys=0.00s Real=0.03s
[443.725s][info][gc,start    ] GC(907) Pause Young (Concurrent Start) (G1 Humongous Allocation)
[443.725s][info][gc,task     ] GC(907) Using 2 workers of 2 for evacuation
[443.743s][info][gc,phases   ] GC(907)   Pre Evacuate Collection Set: 0.19ms
[443.743s][info][gc,phases   ] GC(907)   Merge Heap Roots: 0.07ms
[443.743s][info][gc,phases   ] GC(907)   Evacuate Collection Set: 17.27ms
[443.743s][info][gc,phases   ] GC(907)   Post Evacuate Collection Set: 0.33ms
[443.743s][info][gc,phases   ] GC(907)   Other: 0.10ms
[443.743s][info][gc,heap     ] GC(907) Eden regions: 32->0(127)
[443.743s][info][gc,heap     ] GC(907) Survivor regions: 14->4(18)
[443.743s][info][gc,heap     ] GC(907) Old regions: 92->106
[443.743s][info][gc,heap     ] GC(907) Humongous regions: 6->6
[443.743s][info][gc,metaspace] GC(907) Metaspace: 43031K(43392K)->43031K(43392K) NonClass: 40223K(40448K)->40223K(40448K) Class: 2808K(2944K)->2808K(2944K)
[443.743s][info][gc          ] GC(907) Pause Young (Concurrent Start) (G1 Humongous Allocation) 143M->115M(274M) 18.129ms
[443.743s][info][gc          ] GC(908) Concurrent Mark Cycle
[443.743s][info][gc,marking  ] GC(908) Concurrent Scan Root Regions
[443.745s][info][gc,cpu      ] GC(907) User=0.04s Sys=0.00s Real=0.02s
[443.773s][info][gc,marking  ] GC(908) Concurrent Scan Root Regions 30.118ms
[443.773s][info][gc,marking  ] GC(908) Concurrent Mark
[443.773s][info][gc,marking  ] GC(908) Concurrent Mark From Roots
[443.773s][info][gc,task     ] GC(908) Using 1 workers of 1 for marking
[443.916s][info][gc,marking  ] GC(908) Concurrent Mark From Roots 143.183ms
[443.916s][info][gc,marking  ] GC(908) Concurrent Preclean
[443.916s][info][gc,marking  ] GC(908) Concurrent Preclean 0.055ms
[443.916s][info][gc,start    ] GC(908) Pause Remark
[443.930s][info][gc          ] GC(908) Pause Remark 151M->150M(274M) 13.385ms
[443.930s][info][gc,cpu      ] GC(908) User=0.02s Sys=0.00s Real=0.01s
[443.930s][info][gc,marking  ] GC(908) Concurrent Mark 156.882ms
[443.930s][info][gc,marking  ] GC(908) Concurrent Rebuild Remembered Sets and Scrub Regions
[443.994s][info][gc,marking  ] GC(908) Concurrent Rebuild Remembered Sets and Scrub Regions 64.338ms
[443.994s][info][gc,start    ] GC(908) Pause Cleanup
[443.994s][info][gc          ] GC(908) Pause Cleanup 168M->168M(274M) 0.057ms
[443.994s][info][gc,cpu      ] GC(908) User=0.00s Sys=0.00s Real=0.00s
[443.995s][info][gc,marking  ] GC(908) Concurrent Clear Claimed Marks
[443.995s][info][gc,marking  ] GC(908) Concurrent Clear Claimed Marks 0.039ms
[443.995s][info][gc,marking  ] GC(908) Concurrent Cleanup for Next Mark
[443.995s][info][gc,marking  ] GC(908) Concurrent Cleanup for Next Mark 0.813ms
[443.995s][info][gc          ] GC(908) Concurrent Mark Cycle 252.566ms
[444.161s][info][gc,start    ] GC(909) Pause Young (Prepare Mixed) (G1 Evacuation Pause)
[444.161s][info][gc,task     ] GC(909) Using 2 workers of 2 for evacuation
[444.183s][info][gc,phases   ] GC(909)   Pre Evacuate Collection Set: 0.16ms
[444.183s][info][gc,phases   ] GC(909)   Merge Heap Roots: 0.15ms
[444.183s][info][gc,phases   ] GC(909)   Evacuate Collection Set: 21.35ms
[444.183s][info][gc,phases   ] GC(909)   Post Evacuate Collection Set: 0.40ms
[444.183s][info][gc,phases   ] GC(909)   Other: 0.07ms
[444.183s][info][gc,heap     ] GC(909) Eden regions: 127->0(112)
[444.183s][info][gc,heap     ] GC(909) Survivor regions: 4->16(17)
[444.183s][info][gc,heap     ] GC(909) Old regions: 106->106
[444.183s][info][gc,heap     ] GC(909) Humongous regions: 10->9
[444.183s][info][gc,metaspace] GC(909) Metaspace: 43031K(43392K)->43031K(43392K) NonClass: 40223K(40448K)->40223K(40448K) Class: 2808K(2944K)->2808K(2944K)
[444.183s][info][gc          ] GC(909) Pause Young (Prepare Mixed) (G1 Evacuation Pause) 246M->130M(274M) 22.291ms
[444.183s][info][gc,cpu      ] GC(909) User=0.05s Sys=0.00s Real=0.03s
[447.221s][info][gc,start    ] GC(910) Pause Young (Mixed) (G1 Evacuation Pause)
[447.221s][info][gc,task     ] GC(910) Using 2 workers of 2 for evacuation
[447.252s][info][gc,phases   ] GC(910)   Pre Evacuate Collection Set: 0.18ms
[447.252s][info][gc,phases   ] GC(910)   Merge Heap Roots: 0.17ms
[447.252s][info][gc,phases   ] GC(910)   Evacuate Collection Set: 29.15ms
[447.252s][info][gc,phases   ] GC(910)   Post Evacuate Collection Set: 1.19ms
[447.252s][info][gc,phases   ] GC(910)   Other: 0.07ms
[447.252s][info][gc,heap     ] GC(910) Eden regions: 112->0(212)
[447.252s][info][gc,heap     ] GC(910) Survivor regions: 16->7(16)
[447.252s][info][gc,heap     ] GC(910) Old regions: 106->118
[447.252s][info][gc,heap     ] GC(910) Humongous regions: 11->7
[447.252s][info][gc,metaspace] GC(910) Metaspace: 43031K(43392K)->43031K(43392K) NonClass: 40223K(40448K)->40223K(40448K) Class: 2808K(2944K)->2808K(2944K)
[447.252s][info][gc          ] GC(910) Pause Young (Mixed) (G1 Evacuation Pause) 244M->132M(385M) 30.924ms
[447.252s][info][gc,cpu      ] GC(910) User=0.06s Sys=0.01s Real=0.03s
[447.896s][info][gc,start    ] GC(911) Pause Young (Concurrent Start) (G1 Humongous Allocation)
[447.896s][info][gc,task     ] GC(911) Using 2 workers of 2 for evacuation
[447.908s][info][gc,phases   ] GC(911)   Pre Evacuate Collection Set: 0.20ms
[447.908s][info][gc,phases   ] GC(911)   Merge Heap Roots: 0.12ms
[447.908s][info][gc,phases   ] GC(911)   Evacuate Collection Set: 11.79ms
[447.908s][info][gc,phases   ] GC(911)   Post Evacuate Collection Set: 0.43ms
[447.908s][info][gc,phases   ] GC(911)   Other: 0.10ms
[447.908s][info][gc,heap     ] GC(911) Eden regions: 185->0(216)
[447.908s][info][gc,heap     ] GC(911) Survivor regions: 7->9(28)
[447.908s][info][gc,heap     ] GC(911) Old regions: 118->118
[447.908s][info][gc,heap     ] GC(911) Humongous regions: 7->7
[447.908s][info][gc,metaspace] GC(911) Metaspace: 43031K(43392K)->43031K(43392K) NonClass: 40223K(40448K)->40223K(40448K) Class: 2808K(2944K)->2808K(2944K)
[447.908s][info][gc          ] GC(911) Pause Young (Concurrent Start) (G1 Humongous Allocation) 316M->134M(385M) 12.793ms
[447.908s][info][gc,cpu      ] GC(911) User=0.03s Sys=0.00s Real=0.01s
[447.908s][info][gc          ] GC(912) Concurrent Mark Cycle
[447.908s][info][gc,marking  ] GC(912) Concurrent Scan Root Regions
[447.928s][info][gc,marking  ] GC(912) Concurrent Scan Root Regions 19.090ms
[447.928s][info][gc,marking  ] GC(912) Concurrent Mark
[447.928s][info][gc,marking  ] GC(912) Concurrent Mark From Roots
[447.928s][info][gc,task     ] GC(912) Using 1 workers of 1 for marking
[447.965s][info][gc,marking  ] GC(912) Concurrent Mark From Roots 37.249ms
[447.965s][info][gc,marking  ] GC(912) Concurrent Preclean
[447.965s][info][gc,marking  ] GC(912) Concurrent Preclean 0.053ms
[447.965s][info][gc,start    ] GC(912) Pause Remark
[447.978s][info][gc          ] GC(912) Pause Remark 153M->136M(385M) 13.183ms
[447.978s][info][gc,cpu      ] GC(912) User=0.03s Sys=0.00s Real=0.01s
[447.978s][info][gc,marking  ] GC(912) Concurrent Mark 50.901ms
[447.978s][info][gc,marking  ] GC(912) Concurrent Rebuild Remembered Sets and Scrub Regions
[447.991s][info][gc,marking  ] GC(912) Concurrent Rebuild Remembered Sets and Scrub Regions 12.855ms
[447.991s][info][gc,start    ] GC(912) Pause Cleanup
[447.991s][info][gc          ] GC(912) Pause Cleanup 142M->142M(385M) 0.067ms
[447.991s][info][gc,cpu      ] GC(912) User=0.00s Sys=0.00s Real=0.00s
[447.992s][info][gc,marking  ] GC(912) Concurrent Clear Claimed Marks
[447.992s][info][gc,marking  ] GC(912) Concurrent Clear Claimed Marks 0.033ms
[447.992s][info][gc,marking  ] GC(912) Concurrent Cleanup for Next Mark
[447.994s][info][gc,marking  ] GC(912) Concurrent Cleanup for Next Mark 2.232ms
[447.994s][info][gc          ] GC(912) Concurrent Mark Cycle 85.411ms
[448.431s][info][gc,start    ] GC(913) Pause Young (Prepare Mixed) (G1 Evacuation Pause)
[448.431s][info][gc,task     ] GC(913) Using 2 workers of 2 for evacuation
[448.462s][info][gc,phases   ] GC(913)   Pre Evacuate Collection Set: 0.18ms
[448.462s][info][gc,phases   ] GC(913)   Merge Heap Roots: 0.11ms
[448.462s][info][gc,phases   ] GC(913)   Evacuate Collection Set: 29.91ms
[448.462s][info][gc,phases   ] GC(913)   Post Evacuate Collection Set: 0.46ms
[448.462s][info][gc,phases   ] GC(913)   Other: 0.07ms
[448.462s][info][gc,heap     ] GC(913) Eden regions: 216->0(195)
[448.462s][info][gc,heap     ] GC(913) Survivor regions: 9->29(29)
[448.462s][info][gc,heap     ] GC(913) Old regions: 107->108
[448.462s][info][gc,heap     ] GC(913) Humongous regions: 4->4
[448.462s][info][gc,metaspace] GC(913) Metaspace: 43031K(43392K)->43031K(43392K) NonClass: 40223K(40448K)->40223K(40448K) Class: 2808K(2944K)->2808K(2944K)
[448.462s][info][gc          ] GC(913) Pause Young (Prepare Mixed) (G1 Evacuation Pause) 336M->140M(385M) 30.924ms
[448.462s][info][gc,cpu      ] GC(913) User=0.06s Sys=0.00s Real=0.03s
[448.900s][info][gc,start    ] GC(914) Pause Young (Mixed) (G1 Evacuation Pause)
[448.900s][info][gc,task     ] GC(914) Using 2 workers of 2 for evacuation
[448.953s][info][gc,phases   ] GC(914)   Pre Evacuate Collection Set: 0.24ms
[448.953s][info][gc,phases   ] GC(914)   Merge Heap Roots: 0.14ms
[448.953s][info][gc,phases   ] GC(914)   Evacuate Collection Set: 52.61ms
[448.953s][info][gc,phases   ] GC(914)   Post Evacuate Collection Set: 0.51ms
[448.953s][info][gc,phases   ] GC(914)   Other: 0.08ms
[448.953s][info][gc,heap     ] GC(914) Eden regions: 195->0(211)
[448.953s][info][gc,heap     ] GC(914) Survivor regions: 29->23(28)
[448.953s][info][gc,heap     ] GC(914) Old regions: 108->98
[448.953s][info][gc,heap     ] GC(914) Humongous regions: 6->6
[448.953s][info][gc,metaspace] GC(914) Metaspace: 43032K(43392K)->43032K(43392K) NonClass: 40224K(40448K)->40224K(40448K) Class: 2808K(2944K)->2808K(2944K)
[448.953s][info][gc          ] GC(914) Pause Young (Mixed) (G1 Evacuation Pause) 337M->127M(390M) 53.780ms
[448.953s][info][gc,cpu      ] GC(914) User=0.11s Sys=0.00s Real=0.06s
[449.462s][info][gc,start    ] GC(915) Pause Young (Mixed) (G1 Evacuation Pause)
[449.462s][info][gc,task     ] GC(915) Using 2 workers of 2 for evacuation
[449.519s][info][gc,phases   ] GC(915)   Pre Evacuate Collection Set: 0.20ms
[449.519s][info][gc,phases   ] GC(915)   Merge Heap Roots: 0.14ms
[449.519s][info][gc,phases   ] GC(915)   Evacuate Collection Set: 55.54ms
[449.519s][info][gc,phases   ] GC(915)   Post Evacuate Collection Set: 0.57ms
[449.519s][info][gc,phases   ] GC(915)   Other: 0.07ms
[449.519s][info][gc,heap     ] GC(915) Eden regions: 211->0(210)
[449.519s][info][gc,heap     ] GC(915) Survivor regions: 23->24(30)
[449.519s][info][gc,heap     ] GC(915) Old regions: 98->88
[449.519s][info][gc,heap     ] GC(915) Humongous regions: 10->10
[449.519s][info][gc,metaspace] GC(915) Metaspace: 43032K(43392K)->43032K(43392K) NonClass: 40224K(40448K)->40224K(40448K) Class: 2808K(2944K)->2808K(2944K)
[449.519s][info][gc          ] GC(915) Pause Young (Mixed) (G1 Evacuation Pause) 342M->121M(390M) 56.791ms
[449.519s][info][gc,cpu      ] GC(915) User=0.11s Sys=0.00s Real=0.05s
[449.865s][info][gc,start    ] GC(916) Pause Young (Concurrent Start) (G1 Humongous Allocation)
[449.866s][info][gc,task     ] GC(916) Using 2 workers of 2 for evacuation
[449.916s][info][gc,phases   ] GC(916)   Pre Evacuate Collection Set: 0.24ms
[449.916s][info][gc,phases   ] GC(916)   Merge Heap Roots: 0.15ms
[449.916s][info][gc,phases   ] GC(916)   Evacuate Collection Set: 49.21ms
[449.916s][info][gc,phases   ] GC(916)   Post Evacuate Collection Set: 0.44ms
[449.916s][info][gc,phases   ] GC(916)   Other: 0.10ms
[449.916s][info][gc,heap     ] GC(916) Eden regions: 92->0(187)
[449.916s][info][gc,heap     ] GC(916) Survivor regions: 24->21(30)
[449.916s][info][gc,heap     ] GC(916) Old regions: 88->112
[449.916s][info][gc,heap     ] GC(916) Humongous regions: 10->10
[449.916s][info][gc,metaspace] GC(916) Metaspace: 43032K(43392K)->43032K(43392K) NonClass: 40224K(40448K)->40224K(40448K) Class: 2808K(2944K)->2808K(2944K)
[449.916s][info][gc          ] GC(916) Pause Young (Concurrent Start) (G1 Humongous Allocation) 213M->143M(390M) 50.369ms
[449.916s][info][gc,cpu      ] GC(916) User=0.10s Sys=0.00s Real=0.05s
[449.916s][info][gc          ] GC(917) Concurrent Mark Cycle
[449.916s][info][gc,marking  ] GC(917) Concurrent Scan Root Regions
[449.965s][info][gc,marking  ] GC(917) Concurrent Scan Root Regions 49.007ms
[449.965s][info][gc,marking  ] GC(917) Concurrent Mark
[449.965s][info][gc,marking  ] GC(917) Concurrent Mark From Roots
[449.965s][info][gc,task     ] GC(917) Using 1 workers of 1 for marking
[450.060s][info][gc,marking  ] GC(917) Concurrent Mark From Roots 95.306ms
[450.060s][info][gc,marking  ] GC(917) Concurrent Preclean
[450.060s][info][gc,marking  ] GC(917) Concurrent Preclean 0.047ms
[450.061s][info][gc,start    ] GC(917) Pause Remark
[450.074s][info][gc          ] GC(917) Pause Remark 155M->145M(390M) 13.635ms
[450.074s][info][gc,cpu      ] GC(917) User=0.02s Sys=0.00s Real=0.02s
[450.074s][info][gc,marking  ] GC(917) Concurrent Mark 109.346ms
[450.074s][info][gc,marking  ] GC(917) Concurrent Rebuild Remembered Sets and Scrub Regions
[450.135s][info][gc,marking  ] GC(917) Concurrent Rebuild Remembered Sets and Scrub Regions 60.414ms
[450.135s][info][gc,start    ] GC(917) Pause Cleanup
[450.135s][info][gc          ] GC(917) Pause Cleanup 152M->152M(390M) 0.074ms
[450.135s][info][gc,cpu      ] GC(917) User=0.00s Sys=0.00s Real=0.00s
[450.135s][info][gc,marking  ] GC(917) Concurrent Clear Claimed Marks
[450.135s][info][gc,marking  ] GC(917) Concurrent Clear Claimed Marks 0.041ms
[450.135s][info][gc,marking  ] GC(917) Concurrent Cleanup for Next Mark
[450.136s][info][gc,marking  ] GC(917) Concurrent Cleanup for Next Mark 1.245ms
[450.136s][info][gc          ] GC(917) Concurrent Mark Cycle 220.558ms
[451.231s][info][gc,start    ] GC(918) Pause Young (Prepare Mixed) (G1 Evacuation Pause)
[451.231s][info][gc,task     ] GC(918) Using 2 workers of 2 for evacuation
[451.263s][info][gc,phases   ] GC(918)   Pre Evacuate Collection Set: 0.29ms
[451.263s][info][gc,phases   ] GC(918)   Merge Heap Roots: 0.16ms
[451.263s][info][gc,phases   ] GC(918)   Evacuate Collection Set: 30.70ms
[451.263s][info][gc,phases   ] GC(918)   Post Evacuate Collection Set: 0.44ms
[451.263s][info][gc,phases   ] GC(918)   Other: 0.07ms
[451.263s][info][gc,heap     ] GC(918) Eden regions: 187->0(187)
[451.263s][info][gc,heap     ] GC(918) Survivor regions: 21->15(26)
[451.263s][info][gc,heap     ] GC(918) Old regions: 105->115
[451.263s][info][gc,heap     ] GC(918) Humongous regions: 15->13
[451.263s][info][gc,metaspace] GC(918) Metaspace: 43032K(43392K)->43032K(43392K) NonClass: 40224K(40448K)->40224K(40448K) Class: 2808K(2944K)->2808K(2944K)
[451.263s][info][gc          ] GC(918) Pause Young (Prepare Mixed) (G1 Evacuation Pause) 328M->143M(390M) 31.858ms
[451.263s][info][gc,cpu      ] GC(918) User=0.06s Sys=0.00s Real=0.04s
[452.215s][info][gc,start    ] GC(919) Pause Young (Mixed) (G1 Evacuation Pause)
[452.215s][info][gc,task     ] GC(919) Using 2 workers of 2 for evacuation
[452.229s][info][gc,phases   ] GC(919)   Pre Evacuate Collection Set: 0.20ms
[452.229s][info][gc,phases   ] GC(919)   Merge Heap Roots: 0.09ms
[452.229s][info][gc,phases   ] GC(919)   Evacuate Collection Set: 12.55ms
[452.229s][info][gc,phases   ] GC(919)   Post Evacuate Collection Set: 0.42ms
[452.229s][info][gc,phases   ] GC(919)   Other: 0.07ms
[452.229s][info][gc,heap     ] GC(919) Eden regions: 187->0(199)
[452.229s][info][gc,heap     ] GC(919) Survivor regions: 15->2(26)
[452.229s][info][gc,heap     ] GC(919) Old regions: 115->125
[452.229s][info][gc,heap     ] GC(919) Humongous regions: 13->13
[452.229s][info][gc,metaspace] GC(919) Metaspace: 43032K(43392K)->43032K(43392K) NonClass: 40224K(40448K)->40224K(40448K) Class: 2808K(2944K)->2808K(2944K)
[452.229s][info][gc          ] GC(919) Pause Young (Mixed) (G1 Evacuation Pause) 330M->139M(390M) 13.498ms
[452.229s][info][gc,cpu      ] GC(919) User=0.03s Sys=0.00s Real=0.01s
[453.316s][info][gc,start    ] GC(920) Pause Young (Concurrent Start) (G1 Evacuation Pause)
[453.316s][info][gc,task     ] GC(920) Using 2 workers of 2 for evacuation
[453.338s][info][gc,phases   ] GC(920)   Pre Evacuate Collection Set: 0.25ms
[453.338s][info][gc,phases   ] GC(920)   Merge Heap Roots: 0.08ms
[453.338s][info][gc,phases   ] GC(920)   Evacuate Collection Set: 21.00ms
[453.338s][info][gc,phases   ] GC(920)   Post Evacuate Collection Set: 0.42ms
[453.338s][info][gc,phases   ] GC(920)   Other: 0.09ms
[453.338s][info][gc,heap     ] GC(920) Eden regions: 199->0(180)
[453.338s][info][gc,heap     ] GC(920) Survivor regions: 2->22(26)
[453.338s][info][gc,heap     ] GC(920) Old regions: 125->125
[453.338s][info][gc,heap     ] GC(920) Humongous regions: 13->13
[453.338s][info][gc,metaspace] GC(920) Metaspace: 43032K(43392K)->43032K(43392K) NonClass: 40224K(40448K)->40224K(40448K) Class: 2808K(2944K)->2808K(2944K)
[453.338s][info][gc          ] GC(920) Pause Young (Concurrent Start) (G1 Evacuation Pause) 338M->159M(390M) 22.039ms
[453.338s][info][gc,cpu      ] GC(920) User=0.04s Sys=0.00s Real=0.02s
[453.338s][info][gc          ] GC(921) Concurrent Mark Cycle
[453.338s][info][gc,marking  ] GC(921) Concurrent Scan Root Regions
[453.351s][info][gc,marking  ] GC(921) Concurrent Scan Root Regions 12.882ms
[453.351s][info][gc,marking  ] GC(921) Concurrent Mark
[453.351s][info][gc,marking  ] GC(921) Concurrent Mark From Roots
[453.351s][info][gc,task     ] GC(921) Using 1 workers of 1 for marking
[453.389s][info][gc,marking  ] GC(921) Concurrent Mark From Roots 38.289ms
[453.389s][info][gc,marking  ] GC(921) Concurrent Preclean
[453.389s][info][gc,marking  ] GC(921) Concurrent Preclean 0.039ms
[453.389s][info][gc,start    ] GC(921) Pause Remark
[453.403s][info][gc          ] GC(921) Pause Remark 169M->83M(256M) 13.493ms
[453.403s][info][gc,cpu      ] GC(921) User=0.02s Sys=0.00s Real=0.02s
[453.403s][info][gc,marking  ] GC(921) Concurrent Mark 52.075ms
[453.403s][info][gc,marking  ] GC(921) Concurrent Rebuild Remembered Sets and Scrub Regions
[453.417s][info][gc,marking  ] GC(921) Concurrent Rebuild Remembered Sets and Scrub Regions 13.963ms
[453.417s][info][gc,start    ] GC(921) Pause Cleanup
[453.417s][info][gc          ] GC(921) Pause Cleanup 85M->85M(256M) 0.038ms
[453.417s][info][gc,cpu      ] GC(921) User=0.00s Sys=0.00s Real=0.00s
[453.417s][info][gc,marking  ] GC(921) Concurrent Clear Claimed Marks
[453.417s][info][gc,marking  ] GC(921) Concurrent Clear Claimed Marks 0.034ms
[453.417s][info][gc,marking  ] GC(921) Concurrent Cleanup for Next Mark
[453.418s][info][gc,marking  ] GC(921) Concurrent Cleanup for Next Mark 0.728ms
[453.418s][info][gc          ] GC(921) Concurrent Mark Cycle 80.028ms
[454.084s][info][gc,start    ] GC(922) Pause Young (Prepare Mixed) (G1 Evacuation Pause)
[454.084s][info][gc,task     ] GC(922) Using 2 workers of 2 for evacuation
[454.100s][info][gc,phases   ] GC(922)   Pre Evacuate Collection Set: 0.22ms
[454.100s][info][gc,phases   ] GC(922)   Merge Heap Roots: 0.10ms
[454.100s][info][gc,phases   ] GC(922)   Evacuate Collection Set: 14.94ms
[454.100s][info][gc,phases   ] GC(922)   Post Evacuate Collection Set: 0.38ms
[454.100s][info][gc,phases   ] GC(922)   Other: 0.10ms
[454.100s][info][gc,heap     ] GC(922) Eden regions: 131->0(142)
[454.100s][info][gc,heap     ] GC(922) Survivor regions: 22->11(20)
[454.100s][info][gc,heap     ] GC(922) Old regions: 51->57
[454.100s][info][gc,heap     ] GC(922) Humongous regions: 1->1
[454.100s][info][gc,metaspace] GC(922) Metaspace: 43032K(43392K)->43032K(43392K) NonClass: 40224K(40448K)->40224K(40448K) Class: 2808K(2944K)->2808K(2944K)
[454.100s][info][gc          ] GC(922) Pause Young (Prepare Mixed) (G1 Evacuation Pause) 204M->68M(256M) 15.971ms
[454.100s][info][gc,cpu      ] GC(922) User=0.03s Sys=0.00s Real=0.01s
[454.883s][info][gc,start    ] GC(923) Pause Young (Mixed) (G1 Evacuation Pause)
[454.883s][info][gc,task     ] GC(923) Using 2 workers of 2 for evacuation
[454.905s][info][gc,phases   ] GC(923)   Pre Evacuate Collection Set: 0.22ms
[454.905s][info][gc,phases   ] GC(923)   Merge Heap Roots: 0.08ms
[454.905s][info][gc,phases   ] GC(923)   Evacuate Collection Set: 20.96ms
[454.905s][info][gc,phases   ] GC(923)   Post Evacuate Collection Set: 0.39ms
[454.905s][info][gc,phases   ] GC(923)   Other: 0.09ms
[454.905s][info][gc,heap     ] GC(923) Eden regions: 142->0(139)
[454.905s][info][gc,heap     ] GC(923) Survivor regions: 11->14(20)
[454.905s][info][gc,heap     ] GC(923) Old regions: 57->62
[454.905s][info][gc,heap     ] GC(923) Humongous regions: 2->2
[454.905s][info][gc,metaspace] GC(923) Metaspace: 43032K(43392K)->43032K(43392K) NonClass: 40224K(40448K)->40224K(40448K) Class: 2808K(2944K)->2808K(2944K)
[454.905s][info][gc          ] GC(923) Pause Young (Mixed) (G1 Evacuation Pause) 211M->77M(256M) 21.914ms
[454.905s][info][gc,cpu      ] GC(923) User=0.04s Sys=0.00s Real=0.02s
[455.661s][info][gc,start    ] GC(924) Pause Young (Concurrent Start) (G1 Evacuation Pause)
[455.661s][info][gc,task     ] GC(924) Using 2 workers of 2 for evacuation
[455.684s][info][gc,phases   ] GC(924)   Pre Evacuate Collection Set: 0.22ms
[455.685s][info][gc,phases   ] GC(924)   Merge Heap Roots: 0.07ms
[455.685s][info][gc,phases   ] GC(924)   Evacuate Collection Set: 22.92ms
[455.685s][info][gc,phases   ] GC(924)   Post Evacuate Collection Set: 0.41ms
[455.685s][info][gc,phases   ] GC(924)   Other: 0.11ms
[455.685s][info][gc,heap     ] GC(924) Eden regions: 139->0(131)
[455.685s][info][gc,heap     ] GC(924) Survivor regions: 14->12(20)
[455.685s][info][gc,heap     ] GC(924) Old regions: 62->76
[455.685s][info][gc,heap     ] GC(924) Humongous regions: 2->2
[455.685s][info][gc,metaspace] GC(924) Metaspace: 43032K(43392K)->43032K(43392K) NonClass: 40224K(40448K)->40224K(40448K) Class: 2808K(2944K)->2808K(2944K)
[455.685s][info][gc          ] GC(924) Pause Young (Concurrent Start) (G1 Evacuation Pause) 216M->89M(256M) 23.907ms
[455.685s][info][gc,cpu      ] GC(924) User=0.05s Sys=0.00s Real=0.03s
[455.685s][info][gc          ] GC(925) Concurrent Mark Cycle
[455.685s][info][gc,marking  ] GC(925) Concurrent Scan Root Regions
[455.703s][info][gc,marking  ] GC(925) Concurrent Scan Root Regions 18.155ms
[455.703s][info][gc,marking  ] GC(925) Concurrent Mark
[455.703s][info][gc,marking  ] GC(925) Concurrent Mark From Roots
[455.703s][info][gc,task     ] GC(925) Using 1 workers of 1 for marking
[455.739s][info][gc,marking  ] GC(925) Concurrent Mark From Roots 36.194ms
[455.739s][info][gc,marking  ] GC(925) Concurrent Preclean
[455.739s][info][gc,marking  ] GC(925) Concurrent Preclean 0.041ms
[455.739s][info][gc,start    ] GC(925) Pause Remark
[455.752s][info][gc          ] GC(925) Pause Remark 90M->84M(256M) 13.090ms
[455.752s][info][gc,cpu      ] GC(925) User=0.02s Sys=0.00s Real=0.02s
[455.752s][info][gc,marking  ] GC(925) Concurrent Mark 49.522ms
[455.752s][info][gc,marking  ] GC(925) Concurrent Rebuild Remembered Sets and Scrub Regions
[455.775s][info][gc,marking  ] GC(925) Concurrent Rebuild Remembered Sets and Scrub Regions 23.051ms
[455.776s][info][gc,start    ] GC(925) Pause Cleanup
[455.776s][info][gc          ] GC(925) Pause Cleanup 86M->86M(256M) 0.041ms
[455.776s][info][gc,cpu      ] GC(925) User=0.00s Sys=0.00s Real=0.00s
[455.776s][info][gc,marking  ] GC(925) Concurrent Clear Claimed Marks
[455.776s][info][gc,marking  ] GC(925) Concurrent Clear Claimed Marks 0.035ms
[455.776s][info][gc,marking  ] GC(925) Concurrent Cleanup for Next Mark
[455.776s][info][gc,marking  ] GC(925) Concurrent Cleanup for Next Mark 0.735ms
[455.776s][info][gc          ] GC(925) Concurrent Mark Cycle 91.833ms
[456.147s][info][gc,start    ] GC(926) Pause Young (Prepare Mixed) (G1 Evacuation Pause)
[456.147s][info][gc,task     ] GC(926) Using 2 workers of 2 for evacuation
[456.167s][info][gc,phases   ] GC(926)   Pre Evacuate Collection Set: 0.17ms
[456.167s][info][gc,phases   ] GC(926)   Merge Heap Roots: 0.07ms
[456.167s][info][gc,phases   ] GC(926)   Evacuate Collection Set: 18.85ms
[456.167s][info][gc,phases   ] GC(926)   Post Evacuate Collection Set: 0.39ms
[456.167s][info][gc,phases   ] GC(926)   Other: 0.08ms
[456.167s][info][gc,heap     ] GC(926) Eden regions: 131->0(121)
[456.167s][info][gc,heap     ] GC(926) Survivor regions: 12->18(18)
[456.167s][info][gc,heap     ] GC(926) Old regions: 70->74
[456.167s][info][gc,heap     ] GC(926) Humongous regions: 4->4
[456.167s][info][gc,metaspace] GC(926) Metaspace: 43032K(43392K)->43032K(43392K) NonClass: 40224K(40448K)->40224K(40448K) Class: 2808K(2944K)->2808K(2944K)
[456.167s][info][gc          ] GC(926) Pause Young (Prepare Mixed) (G1 Evacuation Pause) 216M->95M(256M) 19.752ms
[456.167s][info][gc,cpu      ] GC(926) User=0.04s Sys=0.00s Real=0.02s
[456.435s][info][gc,start    ] GC(927) Pause Young (Mixed) (G1 Evacuation Pause)
[456.435s][info][gc,task     ] GC(927) Using 2 workers of 2 for evacuation
[456.468s][info][gc,phases   ] GC(927)   Pre Evacuate Collection Set: 0.17ms
[456.468s][info][gc,phases   ] GC(927)   Merge Heap Roots: 0.17ms
[456.468s][info][gc,phases   ] GC(927)   Evacuate Collection Set: 31.57ms
[456.468s][info][gc,phases   ] GC(927)   Post Evacuate Collection Set: 0.67ms
[456.468s][info][gc,phases   ] GC(927)   Other: 0.08ms
[456.468s][info][gc,heap     ] GC(927) Eden regions: 121->0(147)
[456.468s][info][gc,heap     ] GC(927) Survivor regions: 18->15(18)
[456.468s][info][gc,heap     ] GC(927) Old regions: 74->73
[456.468s][info][gc,heap     ] GC(927) Humongous regions: 5->5
[456.468s][info][gc,metaspace] GC(927) Metaspace: 43032K(43392K)->43032K(43392K) NonClass: 40224K(40448K)->40224K(40448K) Class: 2808K(2944K)->2808K(2944K)
[456.468s][info][gc          ] GC(927) Pause Young (Mixed) (G1 Evacuation Pause) 217M->92M(285M) 32.849ms
[456.468s][info][gc,cpu      ] GC(927) User=0.06s Sys=0.00s Real=0.03s
[456.649s][info][gc,start    ] GC(928) Pause Young (Concurrent Start) (G1 Humongous Allocation)
[456.649s][info][gc,task     ] GC(928) Using 2 workers of 2 for evacuation
[456.669s][info][gc,phases   ] GC(928)   Pre Evacuate Collection Set: 0.18ms
[456.669s][info][gc,phases   ] GC(928)   Merge Heap Roots: 0.05ms
[456.669s][info][gc,phases   ] GC(928)   Evacuate Collection Set: 19.30ms
[456.669s][info][gc,phases   ] GC(928)   Post Evacuate Collection Set: 0.36ms
[456.669s][info][gc,phases   ] GC(928)   Other: 0.10ms
[456.669s][info][gc,heap     ] GC(928) Eden regions: 72->0(139)
[456.669s][info][gc,heap     ] GC(928) Survivor regions: 15->9(21)
[456.669s][info][gc,heap     ] GC(928) Old regions: 73->88
[456.669s][info][gc,heap     ] GC(928) Humongous regions: 5->5
[456.669s][info][gc,metaspace] GC(928) Metaspace: 43032K(43392K)->43032K(43392K) NonClass: 40224K(40448K)->40224K(40448K) Class: 2808K(2944K)->2808K(2944K)
[456.669s][info][gc          ] GC(928) Pause Young (Concurrent Start) (G1 Humongous Allocation) 164M->101M(285M) 20.215ms
[456.669s][info][gc,cpu      ] GC(928) User=0.04s Sys=0.00s Real=0.02s
[456.669s][info][gc          ] GC(929) Concurrent Mark Cycle
[456.669s][info][gc,marking  ] GC(929) Concurrent Scan Root Regions
[456.684s][info][gc,marking  ] GC(929) Concurrent Scan Root Regions 14.981ms
[456.684s][info][gc,marking  ] GC(929) Concurrent Mark
[456.684s][info][gc,marking  ] GC(929) Concurrent Mark From Roots
[456.684s][info][gc,task     ] GC(929) Using 1 workers of 1 for marking
[456.731s][info][gc,marking  ] GC(929) Concurrent Mark From Roots 46.523ms
[456.731s][info][gc,marking  ] GC(929) Concurrent Preclean
[456.731s][info][gc,marking  ] GC(929) Concurrent Preclean 0.038ms
[456.731s][info][gc,start    ] GC(929) Pause Remark
[456.745s][info][gc          ] GC(929) Pause Remark 124M->111M(285M) 14.049ms
[456.745s][info][gc,cpu      ] GC(929) User=0.03s Sys=0.00s Real=0.02s
[456.745s][info][gc,marking  ] GC(929) Concurrent Mark 60.870ms
[456.745s][info][gc,marking  ] GC(929) Concurrent Rebuild Remembered Sets and Scrub Regions
[456.780s][info][gc,marking  ] GC(929) Concurrent Rebuild Remembered Sets and Scrub Regions 34.440ms
[456.780s][info][gc,start    ] GC(929) Pause Cleanup
[456.780s][info][gc          ] GC(929) Pause Cleanup 126M->126M(285M) 0.041ms
[456.780s][info][gc,cpu      ] GC(929) User=0.00s Sys=0.00s Real=0.00s
[456.780s][info][gc,marking  ] GC(929) Concurrent Clear Claimed Marks
[456.780s][info][gc,marking  ] GC(929) Concurrent Clear Claimed Marks 0.034ms
[456.780s][info][gc,marking  ] GC(929) Concurrent Cleanup for Next Mark
[456.781s][info][gc,marking  ] GC(929) Concurrent Cleanup for Next Mark 1.110ms
[456.781s][info][gc          ] GC(929) Concurrent Mark Cycle 111.751ms
[456.995s][info][gc,start    ] GC(930) Pause Young (Prepare Mixed) (G1 Evacuation Pause)
[456.996s][info][gc,task     ] GC(930) Using 2 workers of 2 for evacuation
[457.023s][info][gc,phases   ] GC(930)   Pre Evacuate Collection Set: 0.16ms
[457.023s][info][gc,phases   ] GC(930)   Merge Heap Roots: 0.08ms
[457.023s][info][gc,phases   ] GC(930)   Evacuate Collection Set: 27.00ms
[457.023s][info][gc,phases   ] GC(930)   Post Evacuate Collection Set: 0.43ms
[457.023s][info][gc,phases   ] GC(930)   Other: 0.08ms
[457.023s][info][gc,heap     ] GC(930) Eden regions: 139->0(137)
[457.023s][info][gc,heap     ] GC(930) Survivor regions: 9->19(19)
[457.023s][info][gc,heap     ] GC(930) Old regions: 75->81
[457.023s][info][gc,heap     ] GC(930) Humongous regions: 6->6
[457.023s][info][gc,metaspace] GC(930) Metaspace: 43032K(43392K)->43032K(43392K) NonClass: 40224K(40448K)->40224K(40448K) Class: 2808K(2944K)->2808K(2944K)
[457.023s][info][gc          ] GC(930) Pause Young (Prepare Mixed) (G1 Evacuation Pause) 229M->106M(285M) 27.964ms
[457.023s][info][gc,cpu      ] GC(930) User=0.05s Sys=0.00s Real=0.03s
[457.368s][info][gc,start    ] GC(931) Pause Young (Mixed) (G1 Evacuation Pause)
[457.368s][info][gc,task     ] GC(931) Using 2 workers of 2 for evacuation
[457.418s][info][gc,phases   ] GC(931)   Pre Evacuate Collection Set: 0.18ms
[457.418s][info][gc,phases   ] GC(931)   Merge Heap Roots: 0.25ms
[457.418s][info][gc,phases   ] GC(931)   Evacuate Collection Set: 48.11ms
[457.418s][info][gc,phases   ] GC(931)   Post Evacuate Collection Set: 0.49ms
[457.418s][info][gc,phases   ] GC(931)   Other: 0.07ms
[457.418s][info][gc,heap     ] GC(931) Eden regions: 137->0(131)
[457.418s][info][gc,heap     ] GC(931) Survivor regions: 19->16(20)
[457.418s][info][gc,heap     ] GC(931) Old regions: 81->88
[457.418s][info][gc,heap     ] GC(931) Humongous regions: 10->10
[457.418s][info][gc,metaspace] GC(931) Metaspace: 43032K(43392K)->43032K(43392K) NonClass: 40224K(40448K)->40224K(40448K) Class: 2808K(2944K)->2808K(2944K)
[457.418s][info][gc          ] GC(931) Pause Young (Mixed) (G1 Evacuation Pause) 247M->113M(285M) 49.300ms
[457.418s][info][gc,cpu      ] GC(931) User=0.10s Sys=0.00s Real=0.05s
[457.712s][info][gc,start    ] GC(932) Pause Young (Concurrent Start) (G1 Evacuation Pause)
[457.712s][info][gc,task     ] GC(932) Using 2 workers of 2 for evacuation
[457.749s][info][gc,phases   ] GC(932)   Pre Evacuate Collection Set: 0.20ms
[457.749s][info][gc,phases   ] GC(932)   Merge Heap Roots: 0.10ms
[457.749s][info][gc,phases   ] GC(932)   Evacuate Collection Set: 35.98ms
[457.749s][info][gc,phases   ] GC(932)   Post Evacuate Collection Set: 0.40ms
[457.749s][info][gc,phases   ] GC(932)   Other: 0.09ms
[457.749s][info][gc,heap     ] GC(932) Eden regions: 131->0(120)
[457.749s][info][gc,heap     ] GC(932) Survivor regions: 16->15(19)
[457.749s][info][gc,heap     ] GC(932) Old regions: 88->104
[457.749s][info][gc,heap     ] GC(932) Humongous regions: 10->10
[457.749s][info][gc,metaspace] GC(932) Metaspace: 43032K(43392K)->43032K(43392K) NonClass: 40224K(40448K)->40224K(40448K) Class: 2808K(2944K)->2808K(2944K)
[457.749s][info][gc          ] GC(932) Pause Young (Concurrent Start) (G1 Evacuation Pause) 244M->129M(285M) 37.008ms
[457.749s][info][gc,cpu      ] GC(932) User=0.08s Sys=0.00s Real=0.04s
[457.749s][info][gc          ] GC(933) Concurrent Mark Cycle
[457.749s][info][gc,marking  ] GC(933) Concurrent Scan Root Regions
[457.776s][info][gc,marking  ] GC(933) Concurrent Scan Root Regions 26.975ms
[457.776s][info][gc,marking  ] GC(933) Concurrent Mark
[457.776s][info][gc,marking  ] GC(933) Concurrent Mark From Roots
[457.776s][info][gc,task     ] GC(933) Using 1 workers of 1 for marking
[457.880s][info][gc,marking  ] GC(933) Concurrent Mark From Roots 104.565ms
[457.881s][info][gc,marking  ] GC(933) Concurrent Preclean
[457.881s][info][gc,marking  ] GC(933) Concurrent Preclean 0.046ms
[457.881s][info][gc,start    ] GC(933) Pause Remark
[457.894s][info][gc          ] GC(933) Pause Remark 155M->152M(285M) 13.291ms
[457.894s][info][gc,cpu      ] GC(933) User=0.02s Sys=0.00s Real=0.02s
[457.894s][info][gc,marking  ] GC(933) Concurrent Mark 118.212ms
[457.894s][info][gc,marking  ] GC(933) Concurrent Rebuild Remembered Sets and Scrub Regions
[457.951s][info][gc,marking  ] GC(933) Concurrent Rebuild Remembered Sets and Scrub Regions 56.430ms
[457.951s][info][gc,start    ] GC(933) Pause Cleanup
[457.951s][info][gc          ] GC(933) Pause Cleanup 158M->158M(285M) 0.052ms
[457.951s][info][gc,cpu      ] GC(933) User=0.01s Sys=0.00s Real=0.00s
[457.951s][info][gc,marking  ] GC(933) Concurrent Clear Claimed Marks
[457.951s][info][gc,marking  ] GC(933) Concurrent Clear Claimed Marks 0.039ms
[457.951s][info][gc,marking  ] GC(933) Concurrent Cleanup for Next Mark
[457.952s][info][gc,marking  ] GC(933) Concurrent Cleanup for Next Mark 0.854ms
[457.952s][info][gc          ] GC(933) Concurrent Mark Cycle 202.886ms
[458.921s][info][gc,start    ] GC(934) Pause Young (Prepare Mixed) (G1 Evacuation Pause)
[458.921s][info][gc,task     ] GC(934) Using 2 workers of 2 for evacuation
[458.952s][info][gc,phases   ] GC(934)   Pre Evacuate Collection Set: 0.15ms
[458.952s][info][gc,phases   ] GC(934)   Merge Heap Roots: 0.16ms
[458.952s][info][gc,phases   ] GC(934)   Evacuate Collection Set: 30.62ms
[458.952s][info][gc,phases   ] GC(934)   Post Evacuate Collection Set: 0.47ms
[458.952s][info][gc,phases   ] GC(934)   Other: 0.07ms
[458.952s][info][gc,heap     ] GC(934) Eden regions: 120->0(113)
[458.952s][info][gc,heap     ] GC(934) Survivor regions: 15->8(17)
[458.952s][info][gc,heap     ] GC(934) Old regions: 104->119
[458.952s][info][gc,heap     ] GC(934) Humongous regions: 15->13
[458.952s][info][gc,metaspace] GC(934) Metaspace: 43032K(43392K)->43032K(43392K) NonClass: 40224K(40448K)->40224K(40448K) Class: 2808K(2944K)->2808K(2944K)
[458.952s][info][gc          ] GC(934) Pause Young (Prepare Mixed) (G1 Evacuation Pause) 254M->139M(285M) 31.660ms
[458.952s][info][gc,cpu      ] GC(934) User=0.06s Sys=0.00s Real=0.04s
[459.290s][info][gc,start    ] GC(935) Pause Young (Mixed) (G1 Evacuation Pause)
[459.290s][info][gc,task     ] GC(935) Using 2 workers of 2 for evacuation
[459.311s][info][gc,phases   ] GC(935)   Pre Evacuate Collection Set: 0.20ms
[459.311s][info][gc,phases   ] GC(935)   Merge Heap Roots: 0.13ms
[459.311s][info][gc,phases   ] GC(935)   Evacuate Collection Set: 19.99ms
[459.311s][info][gc,phases   ] GC(935)   Post Evacuate Collection Set: 0.43ms
[459.311s][info][gc,phases   ] GC(935)   Other: 0.07ms
[459.311s][info][gc,heap     ] GC(935) Eden regions: 113->0(112)
[459.311s][info][gc,heap     ] GC(935) Survivor regions: 8->13(16)
[459.311s][info][gc,heap     ] GC(935) Old regions: 119->117
[459.311s][info][gc,heap     ] GC(935) Humongous regions: 13->13
[459.311s][info][gc,metaspace] GC(935) Metaspace: 43032K(43392K)->43032K(43392K) NonClass: 40224K(40448K)->40224K(40448K) Class: 2808K(2944K)->2808K(2944K)
[459.311s][info][gc          ] GC(935) Pause Young (Mixed) (G1 Evacuation Pause) 252M->142M(285M) 21.045ms
[459.311s][info][gc,cpu      ] GC(935) User=0.05s Sys=0.00s Real=0.02s
[459.835s][info][gc,start    ] GC(936) Pause Young (Concurrent Start) (G1 Evacuation Pause)
[459.835s][info][gc,task     ] GC(936) Using 2 workers of 2 for evacuation
[459.857s][info][gc,phases   ] GC(936)   Pre Evacuate Collection Set: 0.17ms
[459.857s][info][gc,phases   ] GC(936)   Merge Heap Roots: 0.13ms
[459.857s][info][gc,phases   ] GC(936)   Evacuate Collection Set: 20.29ms
[459.857s][info][gc,phases   ] GC(936)   Post Evacuate Collection Set: 1.09ms
[459.857s][info][gc,phases   ] GC(936)   Other: 0.14ms
[459.857s][info][gc,heap     ] GC(936) Eden regions: 112->0(189)
[459.857s][info][gc,heap     ] GC(936) Survivor regions: 13->11(16)
[459.857s][info][gc,heap     ] GC(936) Old regions: 117->124
[459.857s][info][gc,heap     ] GC(936) Humongous regions: 13->13
[459.857s][info][gc,metaspace] GC(936) Metaspace: 43032K(43392K)->43032K(43392K) NonClass: 40224K(40448K)->40224K(40448K) Class: 2808K(2944K)->2808K(2944K)
[459.857s][info][gc          ] GC(936) Pause Young (Concurrent Start) (G1 Evacuation Pause) 254M->147M(387M) 22.013ms
[459.857s][info][gc,cpu      ] GC(936) User=0.04s Sys=0.00s Real=0.02s
[459.857s][info][gc          ] GC(937) Concurrent Mark Cycle
[459.857s][info][gc,marking  ] GC(937) Concurrent Scan Root Regions
[459.868s][info][gc,marking  ] GC(937) Concurrent Scan Root Regions 11.264ms
[459.869s][info][gc,marking  ] GC(937) Concurrent Mark
[459.869s][info][gc,marking  ] GC(937) Concurrent Mark From Roots
[459.869s][info][gc,task     ] GC(937) Using 1 workers of 1 for marking
[459.904s][info][gc,marking  ] GC(937) Concurrent Mark From Roots 35.035ms
[459.904s][info][gc,marking  ] GC(937) Concurrent Preclean
[459.904s][info][gc,marking  ] GC(937) Concurrent Preclean 0.037ms
[459.904s][info][gc,start    ] GC(937) Pause Remark
[459.917s][info][gc          ] GC(937) Pause Remark 156M->122M(380M) 12.942ms
[459.917s][info][gc,cpu      ] GC(937) User=0.03s Sys=0.00s Real=0.01s
[459.917s][info][gc,marking  ] GC(937) Concurrent Mark 48.316ms
[459.917s][info][gc,marking  ] GC(937) Concurrent Rebuild Remembered Sets and Scrub Regions
[459.935s][info][gc,marking  ] GC(937) Concurrent Rebuild Remembered Sets and Scrub Regions 18.509ms
[459.935s][info][gc,start    ] GC(937) Pause Cleanup
[459.936s][info][gc          ] GC(937) Pause Cleanup 125M->125M(380M) 0.059ms
[459.936s][info][gc,cpu      ] GC(937) User=0.00s Sys=0.00s Real=0.00s
[459.936s][info][gc,marking  ] GC(937) Concurrent Clear Claimed Marks
[459.936s][info][gc,marking  ] GC(937) Concurrent Clear Claimed Marks 0.032ms
[459.936s][info][gc,marking  ] GC(937) Concurrent Cleanup for Next Mark
[459.938s][info][gc,marking  ] GC(937) Concurrent Cleanup for Next Mark 2.014ms
[459.938s][info][gc          ] GC(937) Concurrent Mark Cycle 80.490ms
[460.944s][info][gc,start    ] GC(938) Pause Young (Prepare Mixed) (G1 Evacuation Pause)
[460.944s][info][gc,task     ] GC(938) Using 2 workers of 2 for evacuation
[460.957s][info][gc,phases   ] GC(938)   Pre Evacuate Collection Set: 0.18ms
[460.957s][info][gc,phases   ] GC(938)   Merge Heap Roots: 0.08ms
[460.957s][info][gc,phases   ] GC(938)   Evacuate Collection Set: 11.77ms
[460.957s][info][gc,phases   ] GC(938)   Post Evacuate Collection Set: 0.42ms
[460.957s][info][gc,phases   ] GC(938)   Other: 0.10ms
[460.957s][info][gc,heap     ] GC(938) Eden regions: 189->0(213)
[460.957s][info][gc,heap     ] GC(938) Survivor regions: 11->15(25)
[460.957s][info][gc,heap     ] GC(938) Old regions: 102->102
[460.957s][info][gc,heap     ] GC(938) Humongous regions: 1->1
[460.957s][info][gc,metaspace] GC(938) Metaspace: 43032K(43392K)->43032K(43392K) NonClass: 40224K(40448K)->40224K(40448K) Class: 2808K(2944K)->2808K(2944K)
[460.957s][info][gc          ] GC(938) Pause Young (Prepare Mixed) (G1 Evacuation Pause) 302M->117M(380M) 12.815ms
[460.957s][info][gc,cpu      ] GC(938) User=0.02s Sys=0.00s Real=0.01s
[462.103s][info][gc,start    ] GC(939) Pause Young (Mixed) (G1 Evacuation Pause)
[462.103s][info][gc,task     ] GC(939) Using 2 workers of 2 for evacuation
[462.114s][info][gc,phases   ] GC(939)   Pre Evacuate Collection Set: 0.29ms
[462.114s][info][gc,phases   ] GC(939)   Merge Heap Roots: 0.13ms
[462.114s][info][gc,phases   ] GC(939)   Evacuate Collection Set: 9.71ms
[462.114s][info][gc,phases   ] GC(939)   Post Evacuate Collection Set: 0.48ms
[462.114s][info][gc,phases   ] GC(939)   Other: 0.09ms
[462.114s][info][gc,heap     ] GC(939) Eden regions: 213->0(215)
[462.114s][info][gc,heap     ] GC(939) Survivor regions: 15->13(29)
[462.114s][info][gc,heap     ] GC(939) Old regions: 102->65
[462.114s][info][gc,heap     ] GC(939) Humongous regions: 1->1
[462.114s][info][gc,metaspace] GC(939) Metaspace: 43032K(43392K)->43032K(43392K) NonClass: 40224K(40448K)->40224K(40448K) Class: 2808K(2944K)->2808K(2944K)
[462.114s][info][gc          ] GC(939) Pause Young (Mixed) (G1 Evacuation Pause) 330M->77M(380M) 10.893ms
[462.114s][info][gc,cpu      ] GC(939) User=0.02s Sys=0.00s Real=0.01s
[463.274s][info][gc,start    ] GC(940) Pause Young (Mixed) (G1 Evacuation Pause)
[463.274s][info][gc,task     ] GC(940) Using 2 workers of 2 for evacuation
[463.284s][info][gc,phases   ] GC(940)   Pre Evacuate Collection Set: 0.27ms
[463.284s][info][gc,phases   ] GC(940)   Merge Heap Roots: 0.12ms
[463.284s][info][gc,phases   ] GC(940)   Evacuate Collection Set: 8.88ms
[463.284s][info][gc,phases   ] GC(940)   Post Evacuate Collection Set: 0.46ms
[463.284s][info][gc,phases   ] GC(940)   Other: 0.07ms
[463.284s][info][gc,heap     ] GC(940) Eden regions: 215->0(215)
[463.284s][info][gc,heap     ] GC(940) Survivor regions: 13->13(29)
[463.284s][info][gc,heap     ] GC(940) Old regions: 65->50
[463.284s][info][gc,heap     ] GC(940) Humongous regions: 2->1
[463.284s][info][gc,metaspace] GC(940) Metaspace: 43032K(43392K)->43032K(43392K) NonClass: 40224K(40448K)->40224K(40448K) Class: 2808K(2944K)->2808K(2944K)
[463.284s][info][gc          ] GC(940) Pause Young (Mixed) (G1 Evacuation Pause) 293M->62M(380M) 9.964ms
[463.284s][info][gc,cpu      ] GC(940) User=0.02s Sys=0.01s Real=0.01s
[463.829s][info][gc,start    ] GC(941) Pause Young (Concurrent Start) (G1 Humongous Allocation)
[463.829s][info][gc,task     ] GC(941) Using 2 workers of 2 for evacuation
[463.846s][info][gc,phases   ] GC(941)   Pre Evacuate Collection Set: 0.22ms
[463.846s][info][gc,phases   ] GC(941)   Merge Heap Roots: 0.06ms
[463.846s][info][gc,phases   ] GC(941)   Evacuate Collection Set: 15.97ms
[463.846s][info][gc,phases   ] GC(941)   Post Evacuate Collection Set: 0.42ms
[463.846s][info][gc,phases   ] GC(941)   Other: 0.12ms
[463.846s][info][gc,heap     ] GC(941) Eden regions: 116->0(214)
[463.846s][info][gc,heap     ] GC(941) Survivor regions: 13->14(29)
[463.846s][info][gc,heap     ] GC(941) Old regions: 50->50
[463.846s][info][gc,heap     ] GC(941) Humongous regions: 1->1
[463.846s][info][gc,metaspace] GC(941) Metaspace: 43032K(43392K)->43032K(43392K) NonClass: 40224K(40448K)->40224K(40448K) Class: 2808K(2944K)->2808K(2944K)
[463.846s][info][gc          ] GC(941) Pause Young (Concurrent Start) (G1 Humongous Allocation) 177M->63M(380M) 16.962ms
[463.846s][info][gc,cpu      ] GC(941) User=0.02s Sys=0.00s Real=0.02s
[463.846s][info][gc          ] GC(942) Concurrent Mark Cycle
[463.846s][info][gc,marking  ] GC(942) Concurrent Scan Root Regions
[463.868s][info][gc,marking  ] GC(942) Concurrent Scan Root Regions 21.570ms
[463.868s][info][gc,marking  ] GC(942) Concurrent Mark
[463.868s][info][gc,marking  ] GC(942) Concurrent Mark From Roots
[463.868s][info][gc,task     ] GC(942) Using 1 workers of 1 for marking
[463.906s][info][gc,marking  ] GC(942) Concurrent Mark From Roots 38.324ms
[463.906s][info][gc,marking  ] GC(942) Concurrent Preclean
[463.906s][info][gc,marking  ] GC(942) Concurrent Preclean 0.053ms
[463.906s][info][gc,start    ] GC(942) Pause Remark
[463.919s][info][gc          ] GC(942) Pause Remark 78M->72M(256M) 13.002ms
[463.919s][info][gc,cpu      ] GC(942) User=0.02s Sys=0.00s Real=0.01s
[463.920s][info][gc,marking  ] GC(942) Concurrent Mark 51.932ms
[463.920s][info][gc,marking  ] GC(942) Concurrent Rebuild Remembered Sets and Scrub Regions
[463.933s][info][gc,marking  ] GC(942) Concurrent Rebuild Remembered Sets and Scrub Regions 12.733ms
[463.933s][info][gc,start    ] GC(942) Pause Cleanup
[463.933s][info][gc          ] GC(942) Pause Cleanup 74M->74M(256M) 0.041ms
[463.933s][info][gc,cpu      ] GC(942) User=0.00s Sys=0.00s Real=0.00s
[463.933s][info][gc,marking  ] GC(942) Concurrent Clear Claimed Marks
[463.933s][info][gc,marking  ] GC(942) Concurrent Clear Claimed Marks 0.062ms
[463.933s][info][gc,marking  ] GC(942) Concurrent Cleanup for Next Mark
[463.934s][info][gc,marking  ] GC(942) Concurrent Cleanup for Next Mark 0.835ms
[463.934s][info][gc          ] GC(942) Concurrent Mark Cycle 87.575ms
[464.411s][info][gc,start    ] GC(943) Pause Young (Prepare Mixed) (G1 Evacuation Pause)
[464.411s][info][gc,task     ] GC(943) Using 2 workers of 2 for evacuation
[464.417s][info][gc,phases   ] GC(943)   Pre Evacuate Collection Set: 0.20ms
[464.417s][info][gc,phases   ] GC(943)   Merge Heap Roots: 0.07ms
[464.417s][info][gc,phases   ] GC(943)   Evacuate Collection Set: 5.30ms
[464.417s][info][gc,phases   ] GC(943)   Post Evacuate Collection Set: 0.39ms
[464.417s][info][gc,phases   ] GC(943)   Other: 0.07ms
[464.417s][info][gc,heap     ] GC(943) Eden regions: 139->0(145)
[464.417s][info][gc,heap     ] GC(943) Survivor regions: 14->8(20)
[464.417s][info][gc,heap     ] GC(943) Old regions: 44->45
[464.417s][info][gc,heap     ] GC(943) Humongous regions: 15->3
[464.417s][info][gc,metaspace] GC(943) Metaspace: 43033K(43392K)->43033K(43392K) NonClass: 40225K(40448K)->40225K(40448K) Class: 2808K(2944K)->2808K(2944K)
[464.417s][info][gc          ] GC(943) Pause Young (Prepare Mixed) (G1 Evacuation Pause) 210M->54M(256M) 6.201ms
[464.417s][info][gc,cpu      ] GC(943) User=0.01s Sys=0.00s Real=0.01s
[464.920s][info][gc,start    ] GC(944) Pause Young (Mixed) (G1 Evacuation Pause)
[464.920s][info][gc,task     ] GC(944) Using 2 workers of 2 for evacuation
[464.936s][info][gc,phases   ] GC(944)   Pre Evacuate Collection Set: 0.16ms
[464.936s][info][gc,phases   ] GC(944)   Merge Heap Roots: 0.07ms
[464.936s][info][gc,phases   ] GC(944)   Evacuate Collection Set: 15.39ms
[464.936s][info][gc,phases   ] GC(944)   Post Evacuate Collection Set: 0.43ms
[464.936s][info][gc,phases   ] GC(944)   Other: 0.07ms
[464.936s][info][gc,heap     ] GC(944) Eden regions: 145->0(133)
[464.936s][info][gc,heap     ] GC(944) Survivor regions: 8->20(20)
[464.936s][info][gc,heap     ] GC(944) Old regions: 45->40
[464.936s][info][gc,heap     ] GC(944) Humongous regions: 10->3
[464.936s][info][gc,metaspace] GC(944) Metaspace: 43033K(43392K)->43033K(43392K) NonClass: 40225K(40448K)->40225K(40448K) Class: 2808K(2944K)->2808K(2944K)
[464.937s][info][gc          ] GC(944) Pause Young (Mixed) (G1 Evacuation Pause) 206M->61M(256M) 16.283ms
[464.937s][info][gc,cpu      ] GC(944) User=0.03s Sys=0.00s Real=0.02s
[464.990s][info][gc,start    ] GC(945) Pause Young (Concurrent Start) (G1 Humongous Allocation)
[464.990s][info][gc,task     ] GC(945) Using 2 workers of 2 for evacuation
[465.005s][info][gc,phases   ] GC(945)   Pre Evacuate Collection Set: 0.17ms
[465.005s][info][gc,phases   ] GC(945)   Merge Heap Roots: 0.05ms
[465.005s][info][gc,phases   ] GC(945)   Evacuate Collection Set: 14.81ms
[465.005s][info][gc,phases   ] GC(945)   Post Evacuate Collection Set: 0.29ms
[465.005s][info][gc,phases   ] GC(945)   Other: 0.09ms
[465.005s][info][gc,heap     ] GC(945) Eden regions: 14->0(150)
[465.005s][info][gc,heap     ] GC(945) Survivor regions: 20->3(20)
[465.005s][info][gc,heap     ] GC(945) Old regions: 40->58
[465.005s][info][gc,heap     ] GC(945) Humongous regions: 3->3
[465.005s][info][gc,metaspace] GC(945) Metaspace: 43033K(43392K)->43033K(43392K) NonClass: 40225K(40448K)->40225K(40448K) Class: 2808K(2944K)->2808K(2944K)
[465.005s][info][gc          ] GC(945) Pause Young (Concurrent Start) (G1 Humongous Allocation) 75M->62M(256M) 15.585ms
[465.005s][info][gc,cpu      ] GC(945) User=0.03s Sys=0.00s Real=0.02s
[465.006s][info][gc          ] GC(946) Concurrent Mark Cycle
[465.006s][info][gc,marking  ] GC(946) Concurrent Scan Root Regions
[465.022s][info][gc,marking  ] GC(946) Concurrent Scan Root Regions 16.079ms
[465.022s][info][gc,marking  ] GC(946) Concurrent Mark
[465.022s][info][gc,marking  ] GC(946) Concurrent Mark From Roots
[465.022s][info][gc,task     ] GC(946) Using 1 workers of 1 for marking
[465.070s][info][gc,marking  ] GC(946) Concurrent Mark From Roots 48.241ms
[465.070s][info][gc,marking  ] GC(946) Concurrent Preclean
[465.070s][info][gc,marking  ] GC(946) Concurrent Preclean 0.042ms
[465.070s][info][gc,start    ] GC(946) Pause Remark
[465.083s][info][gc          ] GC(946) Pause Remark 74M->74M(256M) 12.925ms
[465.083s][info][gc,cpu      ] GC(946) User=0.03s Sys=0.00s Real=0.02s
[465.083s][info][gc,marking  ] GC(946) Concurrent Mark 61.432ms
[465.083s][info][gc,marking  ] GC(946) Concurrent Rebuild Remembered Sets and Scrub Regions
[465.110s][info][gc,marking  ] GC(946) Concurrent Rebuild Remembered Sets and Scrub Regions 26.951ms
[465.110s][info][gc,start    ] GC(946) Pause Cleanup
[465.110s][info][gc          ] GC(946) Pause Cleanup 82M->82M(256M) 0.038ms
[465.110s][info][gc,cpu      ] GC(946) User=0.00s Sys=0.00s Real=0.00s
[465.110s][info][gc,marking  ] GC(946) Concurrent Clear Claimed Marks
[465.110s][info][gc,marking  ] GC(946) Concurrent Clear Claimed Marks 0.034ms
[465.110s][info][gc,marking  ] GC(946) Concurrent Cleanup for Next Mark
[465.111s][info][gc,marking  ] GC(946) Concurrent Cleanup for Next Mark 0.832ms
[465.111s][info][gc          ] GC(946) Concurrent Mark Cycle 105.574ms
[465.606s][info][gc,start    ] GC(947) Pause Young (Prepare Mixed) (G1 Evacuation Pause)
[465.606s][info][gc,task     ] GC(947) Using 2 workers of 2 for evacuation
[465.615s][info][gc,phases   ] GC(947)   Pre Evacuate Collection Set: 0.15ms
[465.615s][info][gc,phases   ] GC(947)   Merge Heap Roots: 0.09ms
[465.615s][info][gc,phases   ] GC(947)   Evacuate Collection Set: 7.81ms
[465.615s][info][gc,phases   ] GC(947)   Post Evacuate Collection Set: 0.44ms
[465.615s][info][gc,phases   ] GC(947)   Other: 0.10ms
[465.615s][info][gc,heap     ] GC(947) Eden regions: 150->0(144)
[465.615s][info][gc,heap     ] GC(947) Survivor regions: 3->9(20)
[465.615s][info][gc,heap     ] GC(947) Old regions: 58->58
[465.615s][info][gc,heap     ] GC(947) Humongous regions: 12->3
[465.615s][info][gc,metaspace] GC(947) Metaspace: 43068K(43456K)->43068K(43456K) NonClass: 40260K(40512K)->40260K(40512K) Class: 2808K(2944K)->2808K(2944K)
[465.615s][info][gc          ] GC(947) Pause Young (Prepare Mixed) (G1 Evacuation Pause) 221M->68M(256M) 8.754ms
[465.615s][info][gc,cpu      ] GC(947) User=0.02s Sys=0.00s Real=0.01s
[466.241s][info][gc,start    ] GC(948) Pause Young (Mixed) (G1 Evacuation Pause)
[466.241s][info][gc,task     ] GC(948) Using 2 workers of 2 for evacuation
[466.270s][info][gc,phases   ] GC(948)   Pre Evacuate Collection Set: 0.17ms
[466.270s][info][gc,phases   ] GC(948)   Merge Heap Roots: 0.09ms
[466.270s][info][gc,phases   ] GC(948)   Evacuate Collection Set: 27.68ms
[466.270s][info][gc,phases   ] GC(948)   Post Evacuate Collection Set: 0.49ms
[466.270s][info][gc,phases   ] GC(948)   Other: 0.07ms
[466.270s][info][gc,heap     ] GC(948) Eden regions: 144->0(133)
[466.270s][info][gc,heap     ] GC(948) Survivor regions: 9->20(20)
[466.270s][info][gc,heap     ] GC(948) Old regions: 58->63
[466.270s][info][gc,heap     ] GC(948) Humongous regions: 5->3
[466.270s][info][gc,metaspace] GC(948) Metaspace: 43068K(43456K)->43068K(43456K) NonClass: 40260K(40512K)->40260K(40512K) Class: 2808K(2944K)->2808K(2944K)
[466.270s][info][gc          ] GC(948) Pause Young (Mixed) (G1 Evacuation Pause) 214M->86M(256M) 28.662ms
[466.270s][info][gc,cpu      ] GC(948) User=0.06s Sys=0.00s Real=0.03s
[466.471s][info][gc,start    ] GC(949) Pause Young (Concurrent Start) (G1 Humongous Allocation)
[466.471s][info][gc,task     ] GC(949) Using 2 workers of 2 for evacuation
[466.495s][info][gc,phases   ] GC(949)   Pre Evacuate Collection Set: 0.17ms
[466.495s][info][gc,phases   ] GC(949)   Merge Heap Roots: 0.19ms
[466.495s][info][gc,phases   ] GC(949)   Evacuate Collection Set: 23.48ms
[466.495s][info][gc,phases   ] GC(949)   Post Evacuate Collection Set: 0.34ms
[466.495s][info][gc,phases   ] GC(949)   Other: 0.08ms
[466.495s][info][gc,heap     ] GC(949) Eden regions: 50->0(128)
[466.495s][info][gc,heap     ] GC(949) Survivor regions: 20->6(20)
[466.495s][info][gc,heap     ] GC(949) Old regions: 63->79
[466.495s][info][gc,heap     ] GC(949) Humongous regions: 3->1
[466.495s][info][gc,metaspace] GC(949) Metaspace: 43068K(43456K)->43068K(43456K) NonClass: 40260K(40512K)->40260K(40512K) Class: 2808K(2944K)->2808K(2944K)
[466.495s][info][gc          ] GC(949) Pause Young (Concurrent Start) (G1 Humongous Allocation) 136M->86M(256M) 24.469ms
[466.495s][info][gc,cpu      ] GC(949) User=0.05s Sys=0.00s Real=0.03s
[466.495s][info][gc          ] GC(950) Concurrent Mark Cycle
[466.495s][info][gc,marking  ] GC(950) Concurrent Scan Root Regions
[466.510s][info][gc,marking  ] GC(950) Concurrent Scan Root Regions 15.359ms
[466.510s][info][gc,marking  ] GC(950) Concurrent Mark
[466.510s][info][gc,marking  ] GC(950) Concurrent Mark From Roots
[466.510s][info][gc,task     ] GC(950) Using 1 workers of 1 for marking
[466.578s][info][gc,marking  ] GC(950) Concurrent Mark From Roots 67.626ms
[466.578s][info][gc,marking  ] GC(950) Concurrent Preclean
[466.578s][info][gc,marking  ] GC(950) Concurrent Preclean 0.042ms
[466.578s][info][gc,start    ] GC(950) Pause Remark
[466.591s][info][gc          ] GC(950) Pause Remark 109M->109M(256M) 12.985ms
[466.591s][info][gc,cpu      ] GC(950) User=0.02s Sys=0.00s Real=0.01s
[466.591s][info][gc,marking  ] GC(950) Concurrent Mark 80.908ms
[466.591s][info][gc,marking  ] GC(950) Concurrent Rebuild Remembered Sets and Scrub Regions
[466.628s][info][gc,marking  ] GC(950) Concurrent Rebuild Remembered Sets and Scrub Regions 37.028ms
[466.629s][info][gc,start    ] GC(950) Pause Cleanup
[466.629s][info][gc          ] GC(950) Pause Cleanup 109M->109M(256M) 0.048ms
[466.629s][info][gc,cpu      ] GC(950) User=0.00s Sys=0.00s Real=0.00s
[466.629s][info][gc,marking  ] GC(950) Concurrent Clear Claimed Marks
[466.629s][info][gc,marking  ] GC(950) Concurrent Clear Claimed Marks 0.035ms
[466.629s][info][gc,marking  ] GC(950) Concurrent Cleanup for Next Mark
[466.629s][info][gc,marking  ] GC(950) Concurrent Cleanup for Next Mark 0.748ms
[466.629s][info][gc          ] GC(950) Concurrent Mark Cycle 134.428ms
[467.025s][info][gc,start    ] GC(951) Pause Young (Prepare Mixed) (G1 Evacuation Pause)
[467.025s][info][gc,task     ] GC(951) Using 2 workers of 2 for evacuation
[467.036s][info][gc,phases   ] GC(951)   Pre Evacuate Collection Set: 0.17ms
[467.036s][info][gc,phases   ] GC(951)   Merge Heap Roots: 0.11ms
[467.036s][info][gc,phases   ] GC(951)   Evacuate Collection Set: 10.04ms
[467.036s][info][gc,phases   ] GC(951)   Post Evacuate Collection Set: 0.40ms
[467.036s][info][gc,phases   ] GC(951)   Other: 0.09ms
[467.036s][info][gc,heap     ] GC(951) Eden regions: 128->0(126)
[467.036s][info][gc,heap     ] GC(951) Survivor regions: 6->11(17)
[467.036s][info][gc,heap     ] GC(951) Old regions: 79->79
[467.036s][info][gc,heap     ] GC(951) Humongous regions: 15->3
[467.036s][info][gc,metaspace] GC(951) Metaspace: 43071K(43456K)->43071K(43456K) NonClass: 40263K(40512K)->40263K(40512K) Class: 2808K(2944K)->2808K(2944K)
[467.036s][info][gc          ] GC(951) Pause Young (Prepare Mixed) (G1 Evacuation Pause) 228M->93M(256M) 10.974ms
[467.036s][info][gc,cpu      ] GC(951) User=0.02s Sys=0.00s Real=0.01s
[467.445s][info][gc,start    ] GC(952) Pause Young (Mixed) (G1 Evacuation Pause)
[467.445s][info][gc,task     ] GC(952) Using 2 workers of 2 for evacuation
[467.460s][info][gc,phases   ] GC(952)   Pre Evacuate Collection Set: 0.18ms
[467.460s][info][gc,phases   ] GC(952)   Merge Heap Roots: 0.11ms
[467.460s][info][gc,phases   ] GC(952)   Evacuate Collection Set: 14.91ms
[467.460s][info][gc,phases   ] GC(952)   Post Evacuate Collection Set: 0.39ms
[467.460s][info][gc,phases   ] GC(952)   Other: 0.09ms
[467.461s][info][gc,heap     ] GC(952) Eden regions: 126->0(130)
[467.461s][info][gc,heap     ] GC(952) Survivor regions: 11->8(18)
[467.461s][info][gc,heap     ] GC(952) Old regions: 79->80
[467.461s][info][gc,heap     ] GC(952) Humongous regions: 13->3
[467.461s][info][gc,metaspace] GC(952) Metaspace: 43071K(43456K)->43071K(43456K) NonClass: 40263K(40512K)->40263K(40512K) Class: 2808K(2944K)->2808K(2944K)
[467.461s][info][gc          ] GC(952) Pause Young (Mixed) (G1 Evacuation Pause) 229M->90M(256M) 15.849ms
[467.461s][info][gc,cpu      ] GC(952) User=0.03s Sys=0.00s Real=0.01s
[467.604s][info][gc,start    ] GC(953) Pause Young (Concurrent Start) (G1 Humongous Allocation)
[467.604s][info][gc,task     ] GC(953) Using 2 workers of 2 for evacuation
[467.618s][info][gc,phases   ] GC(953)   Pre Evacuate Collection Set: 0.18ms
[467.618s][info][gc,phases   ] GC(953)   Merge Heap Roots: 0.04ms
[467.618s][info][gc,phases   ] GC(953)   Evacuate Collection Set: 13.45ms
[467.618s][info][gc,phases   ] GC(953)   Post Evacuate Collection Set: 0.40ms
[467.618s][info][gc,phases   ] GC(953)   Other: 0.12ms
[467.618s][info][gc,heap     ] GC(953) Eden regions: 36->0(142)
[467.618s][info][gc,heap     ] GC(953) Survivor regions: 8->2(18)
[467.618s][info][gc,heap     ] GC(953) Old regions: 80->80
[467.618s][info][gc,heap     ] GC(953) Humongous regions: 3->1
[467.618s][info][gc,metaspace] GC(953) Metaspace: 43071K(43456K)->43071K(43456K) NonClass: 40263K(40512K)->40263K(40512K) Class: 2808K(2944K)->2808K(2944K)
[467.618s][info][gc          ] GC(953) Pause Young (Concurrent Start) (G1 Humongous Allocation) 126M->82M(256M) 14.373ms
[467.618s][info][gc,cpu      ] GC(953) User=0.01s Sys=0.00s Real=0.01s
[467.618s][info][gc          ] GC(954) Concurrent Mark Cycle
[467.619s][info][gc,marking  ] GC(954) Concurrent Scan Root Regions
[467.636s][info][gc,marking  ] GC(954) Concurrent Scan Root Regions 17.072ms
[467.636s][info][gc,marking  ] GC(954) Concurrent Mark
[467.636s][info][gc,marking  ] GC(954) Concurrent Mark From Roots
[467.636s][info][gc,task     ] GC(954) Using 1 workers of 1 for marking
[467.682s][info][gc,marking  ] GC(954) Concurrent Mark From Roots 46.417ms
[467.682s][info][gc,marking  ] GC(954) Concurrent Preclean
[467.682s][info][gc,marking  ] GC(954) Concurrent Preclean 0.038ms
[467.682s][info][gc,start    ] GC(954) Pause Remark
[467.695s][info][gc          ] GC(954) Pause Remark 93M->80M(256M) 12.879ms
[467.695s][info][gc,cpu      ] GC(954) User=0.03s Sys=0.00s Real=0.01s
[467.695s][info][gc,marking  ] GC(954) Concurrent Mark 59.564ms
[467.695s][info][gc,marking  ] GC(954) Concurrent Rebuild Remembered Sets and Scrub Regions
[467.715s][info][gc,marking  ] GC(954) Concurrent Rebuild Remembered Sets and Scrub Regions 19.371ms
[467.715s][info][gc,start    ] GC(954) Pause Cleanup
[467.715s][info][gc          ] GC(954) Pause Cleanup 80M->80M(256M) 0.053ms
[467.715s][info][gc,cpu      ] GC(954) User=0.00s Sys=0.00s Real=0.00s
[467.715s][info][gc,marking  ] GC(954) Concurrent Clear Claimed Marks
[467.715s][info][gc,marking  ] GC(954) Concurrent Clear Claimed Marks 0.038ms
[467.715s][info][gc,marking  ] GC(954) Concurrent Cleanup for Next Mark
[467.716s][info][gc,marking  ] GC(954) Concurrent Cleanup for Next Mark 0.754ms
[467.716s][info][gc          ] GC(954) Concurrent Mark Cycle 97.167ms
[468.226s][info][gc,start    ] GC(955) Pause Young (Prepare Mixed) (G1 Evacuation Pause)
[468.226s][info][gc,task     ] GC(955) Using 2 workers of 2 for evacuation
[468.232s][info][gc,phases   ] GC(955)   Pre Evacuate Collection Set: 0.15ms
[468.232s][info][gc,phases   ] GC(955)   Merge Heap Roots: 0.06ms
[468.232s][info][gc,phases   ] GC(955)   Evacuate Collection Set: 5.14ms
[468.232s][info][gc,phases   ] GC(955)   Post Evacuate Collection Set: 0.38ms
[468.232s][info][gc,phases   ] GC(955)   Other: 0.07ms
[468.232s][info][gc,heap     ] GC(955) Eden regions: 142->0(146)
[468.232s][info][gc,heap     ] GC(955) Survivor regions: 2->7(18)
[468.232s][info][gc,heap     ] GC(955) Old regions: 67->67
[468.232s][info][gc,heap     ] GC(955) Humongous regions: 15->3
[468.232s][info][gc,metaspace] GC(955) Metaspace: 43071K(43456K)->43071K(43456K) NonClass: 40263K(40512K)->40263K(40512K) Class: 2808K(2944K)->2808K(2944K)
[468.232s][info][gc          ] GC(955) Pause Young (Prepare Mixed) (G1 Evacuation Pause) 225M->76M(256M) 6.042ms
[468.232s][info][gc,cpu      ] GC(955) User=0.01s Sys=0.00s Real=0.01s
[468.722s][info][gc,start    ] GC(956) Pause Young (Mixed) (G1 Evacuation Pause)
[468.722s][info][gc,task     ] GC(956) Using 2 workers of 2 for evacuation
[468.748s][info][gc,phases   ] GC(956)   Pre Evacuate Collection Set: 0.23ms
[468.748s][info][gc,phases   ] GC(956)   Merge Heap Roots: 0.14ms
[468.748s][info][gc,phases   ] GC(956)   Evacuate Collection Set: 25.60ms
[468.748s][info][gc,phases   ] GC(956)   Post Evacuate Collection Set: 0.49ms
[468.748s][info][gc,phases   ] GC(956)   Other: 0.07ms
[468.748s][info][gc,heap     ] GC(956) Eden regions: 146->0(133)
[468.748s][info][gc,heap     ] GC(956) Survivor regions: 7->20(20)
[468.748s][info][gc,heap     ] GC(956) Old regions: 67->51
[468.748s][info][gc,heap     ] GC(956) Humongous regions: 3->3
[468.748s][info][gc,metaspace] GC(956) Metaspace: 43071K(43456K)->43071K(43456K) NonClass: 40263K(40512K)->40263K(40512K) Class: 2808K(2944K)->2808K(2944K)
[468.748s][info][gc          ] GC(956) Pause Young (Mixed) (G1 Evacuation Pause) 222M->73M(256M) 26.703ms
[468.748s][info][gc,cpu      ] GC(956) User=0.05s Sys=0.00s Real=0.03s
[469.318s][info][gc,start    ] GC(957) Pause Young (Concurrent Start) (G1 Evacuation Pause)
[469.318s][info][gc,task     ] GC(957) Using 2 workers of 2 for evacuation
[469.342s][info][gc,phases   ] GC(957)   Pre Evacuate Collection Set: 0.19ms
[469.342s][info][gc,phases   ] GC(957)   Merge Heap Roots: 0.13ms
[469.342s][info][gc,phases   ] GC(957)   Evacuate Collection Set: 23.39ms
[469.342s][info][gc,phases   ] GC(957)   Post Evacuate Collection Set: 0.40ms
[469.342s][info][gc,phases   ] GC(957)   Other: 0.09ms
[469.342s][info][gc,heap     ] GC(957) Eden regions: 133->0(137)
[469.342s][info][gc,heap     ] GC(957) Survivor regions: 20->12(20)
[469.342s][info][gc,heap     ] GC(957) Old regions: 51->63
[469.342s][info][gc,heap     ] GC(957) Humongous regions: 3->3
[469.342s][info][gc,metaspace] GC(957) Metaspace: 43071K(43456K)->43071K(43456K) NonClass: 40263K(40512K)->40263K(40512K) Class: 2808K(2944K)->2808K(2944K)
[469.342s][info][gc          ] GC(957) Pause Young (Concurrent Start) (G1 Evacuation Pause) 206M->77M(256M) 24.351ms
[469.342s][info][gc,cpu      ] GC(957) User=0.05s Sys=0.00s Real=0.02s
[469.342s][info][gc          ] GC(958) Concurrent Mark Cycle
[469.342s][info][gc,marking  ] GC(958) Concurrent Scan Root Regions
[469.358s][info][gc,marking  ] GC(958) Concurrent Scan Root Regions 16.455ms
[469.358s][info][gc,marking  ] GC(958) Concurrent Mark
[469.358s][info][gc,marking  ] GC(958) Concurrent Mark From Roots
[469.358s][info][gc,task     ] GC(958) Using 1 workers of 1 for marking
[469.422s][info][gc,marking  ] GC(958) Concurrent Mark From Roots 63.242ms
[469.422s][info][gc,marking  ] GC(958) Concurrent Preclean
[469.422s][info][gc,marking  ] GC(958) Concurrent Preclean 0.039ms
[469.422s][info][gc,start    ] GC(958) Pause Remark
[469.435s][info][gc          ] GC(958) Pause Remark 96M->96M(256M) 12.941ms
[469.435s][info][gc,cpu      ] GC(958) User=0.02s Sys=0.00s Real=0.02s
[469.435s][info][gc,marking  ] GC(958) Concurrent Mark 76.462ms
[469.435s][info][gc,marking  ] GC(958) Concurrent Rebuild Remembered Sets and Scrub Regions
[469.474s][info][gc,marking  ] GC(958) Concurrent Rebuild Remembered Sets and Scrub Regions 38.948ms
[469.474s][info][gc,start    ] GC(958) Pause Cleanup
[469.474s][info][gc          ] GC(958) Pause Cleanup 105M->105M(256M) 0.045ms
[469.474s][info][gc,cpu      ] GC(958) User=0.00s Sys=0.00s Real=0.00s
[469.474s][info][gc,marking  ] GC(958) Concurrent Clear Claimed Marks
[469.474s][info][gc,marking  ] GC(958) Concurrent Clear Claimed Marks 0.038ms
[469.474s][info][gc,marking  ] GC(958) Concurrent Cleanup for Next Mark
[469.476s][info][gc,marking  ] GC(958) Concurrent Cleanup for Next Mark 1.298ms
[469.476s][info][gc          ] GC(958) Concurrent Mark Cycle 133.692ms
[469.820s][info][gc,start    ] GC(959) Pause Young (Prepare Mixed) (G1 Evacuation Pause)
[469.820s][info][gc,task     ] GC(959) Using 2 workers of 2 for evacuation
[469.847s][info][gc,phases   ] GC(959)   Pre Evacuate Collection Set: 0.15ms
[469.847s][info][gc,phases   ] GC(959)   Merge Heap Roots: 0.16ms
[469.847s][info][gc,phases   ] GC(959)   Evacuate Collection Set: 25.55ms
[469.847s][info][gc,phases   ] GC(959)   Post Evacuate Collection Set: 0.46ms
[469.847s][info][gc,phases   ] GC(959)   Other: 0.07ms
[469.847s][info][gc,heap     ] GC(959) Eden regions: 137->0(124)
[469.847s][info][gc,heap     ] GC(959) Survivor regions: 12->16(19)
[469.847s][info][gc,heap     ] GC(959) Old regions: 63->74
[469.847s][info][gc,heap     ] GC(959) Humongous regions: 7->3
[469.847s][info][gc,metaspace] GC(959) Metaspace: 43071K(43456K)->43071K(43456K) NonClass: 40263K(40512K)->40263K(40512K) Class: 2808K(2944K)->2808K(2944K)
[469.847s][info][gc          ] GC(959) Pause Young (Prepare Mixed) (G1 Evacuation Pause) 218M->93M(256M) 26.564ms
[469.847s][info][gc,cpu      ] GC(959) User=0.06s Sys=0.00s Real=0.03s
[470.244s][info][gc,start    ] GC(960) Pause Young (Mixed) (G1 Evacuation Pause)
[470.244s][info][gc,task     ] GC(960) Using 2 workers of 2 for evacuation
[470.268s][info][gc,phases   ] GC(960)   Pre Evacuate Collection Set: 2.44ms
[470.268s][info][gc,phases   ] GC(960)   Merge Heap Roots: 0.41ms
[470.268s][info][gc,phases   ] GC(960)   Evacuate Collection Set: 21.09ms
[470.268s][info][gc,phases   ] GC(960)   Post Evacuate Collection Set: 0.51ms
[470.268s][info][gc,phases   ] GC(960)   Other: 0.07ms
[470.268s][info][gc,heap     ] GC(960) Eden regions: 124->0(132)
[470.268s][info][gc,heap     ] GC(960) Survivor regions: 16->6(18)
[470.268s][info][gc,heap     ] GC(960) Old regions: 74->77
[470.268s][info][gc,heap     ] GC(960) Humongous regions: 11->3
[470.268s][info][gc,metaspace] GC(960) Metaspace: 43071K(43456K)->43071K(43456K) NonClass: 40263K(40512K)->40263K(40512K) Class: 2808K(2944K)->2808K(2944K)
[470.268s][info][gc          ] GC(960) Pause Young (Mixed) (G1 Evacuation Pause) 225M->85M(256M) 24.696ms
[470.268s][info][gc,cpu      ] GC(960) User=0.04s Sys=0.00s Real=0.02s
[470.401s][info][gc,start    ] GC(961) Pause Young (Concurrent Start) (G1 Humongous Allocation)
[470.401s][info][gc,task     ] GC(961) Using 2 workers of 2 for evacuation
[470.404s][info][gc,phases   ] GC(961)   Pre Evacuate Collection Set: 0.19ms
[470.404s][info][gc,phases   ] GC(961)   Merge Heap Roots: 0.04ms
[470.404s][info][gc,phases   ] GC(961)   Evacuate Collection Set: 1.89ms
[470.404s][info][gc,phases   ] GC(961)   Post Evacuate Collection Set: 0.58ms
[470.404s][info][gc,phases   ] GC(961)   Other: 0.10ms
[470.404s][info][gc,heap     ] GC(961) Eden regions: 32->0(159)
[470.404s][info][gc,heap     ] GC(961) Survivor regions: 6->2(18)
[470.404s][info][gc,heap     ] GC(961) Old regions: 77->77
[470.404s][info][gc,heap     ] GC(961) Humongous regions: 3->1
[470.404s][info][gc,metaspace] GC(961) Metaspace: 43071K(43456K)->43071K(43456K) NonClass: 40263K(40512K)->40263K(40512K) Class: 2808K(2944K)->2808K(2944K)
[470.404s][info][gc          ] GC(961) Pause Young (Concurrent Start) (G1 Humongous Allocation) 117M->79M(286M) 2.962ms
[470.404s][info][gc,cpu      ] GC(961) User=0.00s Sys=0.00s Real=0.01s
[470.404s][info][gc          ] GC(962) Concurrent Mark Cycle
[470.404s][info][gc,marking  ] GC(962) Concurrent Scan Root Regions
[470.405s][info][gc,marking  ] GC(962) Concurrent Scan Root Regions 1.403ms
[470.405s][info][gc,marking  ] GC(962) Concurrent Mark
[470.405s][info][gc,marking  ] GC(962) Concurrent Mark From Roots
[470.405s][info][gc,task     ] GC(962) Using 1 workers of 1 for marking
[470.464s][info][gc,marking  ] GC(962) Concurrent Mark From Roots 58.490ms
[470.464s][info][gc,marking  ] GC(962) Concurrent Preclean
[470.464s][info][gc,marking  ] GC(962) Concurrent Preclean 0.037ms
[470.464s][info][gc,start    ] GC(962) Pause Remark
[470.477s][info][gc          ] GC(962) Pause Remark 99M->92M(256M) 13.082ms
[470.477s][info][gc,cpu      ] GC(962) User=0.03s Sys=0.00s Real=0.01s
[470.477s][info][gc,marking  ] GC(962) Concurrent Mark 71.892ms
[470.477s][info][gc,marking  ] GC(962) Concurrent Rebuild Remembered Sets and Scrub Regions
[470.500s][info][gc,marking  ] GC(962) Concurrent Rebuild Remembered Sets and Scrub Regions 22.860ms
[470.501s][info][gc,start    ] GC(962) Pause Cleanup
[470.502s][info][gc          ] GC(962) Pause Cleanup 95M->95M(256M) 0.060ms
[470.502s][info][gc,cpu      ] GC(962) User=0.00s Sys=0.00s Real=0.00s
[470.503s][info][gc,marking  ] GC(962) Concurrent Clear Claimed Marks
[470.503s][info][gc,marking  ] GC(962) Concurrent Clear Claimed Marks 0.048ms
[470.503s][info][gc,marking  ] GC(962) Concurrent Cleanup for Next Mark
[470.504s][info][gc,marking  ] GC(962) Concurrent Cleanup for Next Mark 0.932ms
[470.504s][info][gc          ] GC(962) Concurrent Mark Cycle 100.488ms
[470.971s][info][gc,start    ] GC(963) Pause Young (Prepare Mixed) (G1 Evacuation Pause)
[470.972s][info][gc,task     ] GC(963) Using 2 workers of 2 for evacuation
[470.992s][info][gc,phases   ] GC(963)   Pre Evacuate Collection Set: 0.18ms
[470.992s][info][gc,phases   ] GC(963)   Merge Heap Roots: 0.06ms
[470.992s][info][gc,phases   ] GC(963)   Evacuate Collection Set: 19.77ms
[470.992s][info][gc,phases   ] GC(963)   Post Evacuate Collection Set: 0.44ms
[470.992s][info][gc,phases   ] GC(963)   Other: 0.07ms
[470.992s][info][gc,heap     ] GC(963) Eden regions: 151->0(133)
[470.992s][info][gc,heap     ] GC(963) Survivor regions: 2->15(20)
[470.992s][info][gc,heap     ] GC(963) Old regions: 70->70
[470.992s][info][gc,heap     ] GC(963) Humongous regions: 5->3
[470.992s][info][gc,metaspace] GC(963) Metaspace: 43071K(43456K)->43071K(43456K) NonClass: 40263K(40512K)->40263K(40512K) Class: 2808K(2944K)->2808K(2944K)
[470.992s][info][gc          ] GC(963) Pause Young (Prepare Mixed) (G1 Evacuation Pause) 227M->87M(256M) 20.713ms
[470.992s][info][gc,cpu      ] GC(963) User=0.03s Sys=0.00s Real=0.03s
[471.443s][info][gc,start    ] GC(964) Pause Young (Mixed) (G1 Evacuation Pause)
[471.443s][info][gc,task     ] GC(964) Using 2 workers of 2 for evacuation
[471.451s][info][gc,phases   ] GC(964)   Pre Evacuate Collection Set: 0.16ms
[471.451s][info][gc,phases   ] GC(964)   Merge Heap Roots: 0.10ms
[471.451s][info][gc,phases   ] GC(964)   Evacuate Collection Set: 7.35ms
[471.451s][info][gc,phases   ] GC(964)   Post Evacuate Collection Set: 0.40ms
[471.451s][info][gc,phases   ] GC(964)   Other: 0.07ms
[471.451s][info][gc,heap     ] GC(964) Eden regions: 133->0(152)
[471.451s][info][gc,heap     ] GC(964) Survivor regions: 15->1(19)
[471.451s][info][gc,heap     ] GC(964) Old regions: 70->52
[471.451s][info][gc,heap     ] GC(964) Humongous regions: 9->1
[471.451s][info][gc,metaspace] GC(964) Metaspace: 43071K(43456K)->43071K(43456K) NonClass: 40263K(40512K)->40263K(40512K) Class: 2808K(2944K)->2808K(2944K)
[471.451s][info][gc          ] GC(964) Pause Young (Mixed) (G1 Evacuation Pause) 226M->53M(256M) 8.232ms
[471.451s][info][gc,cpu      ] GC(964) User=0.02s Sys=0.00s Real=0.00s
[471.453s][info][gc,start    ] GC(965) Pause Young (Concurrent Start) (G1 Humongous Allocation)
[471.453s][info][gc,task     ] GC(965) Using 2 workers of 2 for evacuation
[471.454s][info][gc,phases   ] GC(965)   Pre Evacuate Collection Set: 0.11ms
[471.454s][info][gc,phases   ] GC(965)   Merge Heap Roots: 0.02ms
[471.454s][info][gc,phases   ] GC(965)   Evacuate Collection Set: 1.13ms
[471.454s][info][gc,phases   ] GC(965)   Post Evacuate Collection Set: 0.22ms
[471.454s][info][gc,phases   ] GC(965)   Other: 0.06ms
[471.454s][info][gc,heap     ] GC(965) Eden regions: 1->0(152)
[471.454s][info][gc,heap     ] GC(965) Survivor regions: 1->1(20)
[471.454s][info][gc,heap     ] GC(965) Old regions: 52->52
[471.454s][info][gc,heap     ] GC(965) Humongous regions: 1->1
[471.454s][info][gc,metaspace] GC(965) Metaspace: 43071K(43456K)->43071K(43456K) NonClass: 40263K(40512K)->40263K(40512K) Class: 2808K(2944K)->2808K(2944K)
[471.454s][info][gc          ] GC(965) Pause Young (Concurrent Start) (G1 Humongous Allocation) 54M->53M(256M) 1.694ms
[471.454s][info][gc,cpu      ] GC(965) User=0.00s Sys=0.00s Real=0.00s
[471.454s][info][gc          ] GC(966) Concurrent Mark Cycle
[471.454s][info][gc,marking  ] GC(966) Concurrent Scan Root Regions
[471.456s][info][gc,marking  ] GC(966) Concurrent Scan Root Regions 1.915ms
[471.456s][info][gc,marking  ] GC(966) Concurrent Mark
[471.456s][info][gc,marking  ] GC(966) Concurrent Mark From Roots
[471.456s][info][gc,task     ] GC(966) Using 1 workers of 1 for marking
[471.515s][info][gc,marking  ] GC(966) Concurrent Mark From Roots 59.033ms
[471.515s][info][gc,marking  ] GC(966) Concurrent Preclean
[471.515s][info][gc,marking  ] GC(966) Concurrent Preclean 0.038ms
[471.516s][info][gc,start    ] GC(966) Pause Remark
[471.528s][info][gc          ] GC(966) Pause Remark 75M->75M(256M) 12.777ms
[471.528s][info][gc,cpu      ] GC(966) User=0.03s Sys=0.00s Real=0.01s
[471.531s][info][gc,marking  ] GC(966) Concurrent Mark 74.441ms
[471.531s][info][gc,marking  ] GC(966) Concurrent Rebuild Remembered Sets and Scrub Regions
[471.552s][info][gc,marking  ] GC(966) Concurrent Rebuild Remembered Sets and Scrub Regions 21.090ms
[471.552s][info][gc,start    ] GC(966) Pause Cleanup
[471.552s][info][gc          ] GC(966) Pause Cleanup 80M->80M(256M) 0.041ms
[471.552s][info][gc,cpu      ] GC(966) User=0.00s Sys=0.00s Real=0.00s
[471.552s][info][gc,marking  ] GC(966) Concurrent Clear Claimed Marks
[471.552s][info][gc,marking  ] GC(966) Concurrent Clear Claimed Marks 0.032ms
[471.552s][info][gc,marking  ] GC(966) Concurrent Cleanup for Next Mark
[471.553s][info][gc,marking  ] GC(966) Concurrent Cleanup for Next Mark 0.751ms
[471.553s][info][gc          ] GC(966) Concurrent Mark Cycle 98.593ms
[471.978s][info][gc,start    ] GC(967) Pause Young (Prepare Mixed) (G1 Evacuation Pause)
[471.978s][info][gc,task     ] GC(967) Using 2 workers of 2 for evacuation
[471.990s][info][gc,phases   ] GC(967)   Pre Evacuate Collection Set: 0.18ms
[471.990s][info][gc,phases   ] GC(967)   Merge Heap Roots: 0.08ms
[471.990s][info][gc,phases   ] GC(967)   Evacuate Collection Set: 11.17ms
[471.990s][info][gc,phases   ] GC(967)   Post Evacuate Collection Set: 0.42ms
[471.990s][info][gc,phases   ] GC(967)   Other: 0.10ms
[471.990s][info][gc,heap     ] GC(967) Eden regions: 152->0(141)
[471.990s][info][gc,heap     ] GC(967) Survivor regions: 1->12(20)
[471.990s][info][gc,heap     ] GC(967) Old regions: 52->52
[471.990s][info][gc,heap     ] GC(967) Humongous regions: 5->3
[471.990s][info][gc,metaspace] GC(967) Metaspace: 43071K(43456K)->43071K(43456K) NonClass: 40263K(40512K)->40263K(40512K) Class: 2808K(2944K)->2808K(2944K)
[471.990s][info][gc          ] GC(967) Pause Young (Prepare Mixed) (G1 Evacuation Pause) 209M->65M(256M) 12.111ms
[471.990s][info][gc,cpu      ] GC(967) User=0.02s Sys=0.00s Real=0.01s
[472.517s][info][gc,start    ] GC(968) Pause Young (Mixed) (G1 Evacuation Pause)
[472.517s][info][gc,task     ] GC(968) Using 2 workers of 2 for evacuation
[472.527s][info][gc,phases   ] GC(968)   Pre Evacuate Collection Set: 0.15ms
[472.527s][info][gc,phases   ] GC(968)   Merge Heap Roots: 0.07ms
[472.527s][info][gc,phases   ] GC(968)   Evacuate Collection Set: 8.61ms
[472.527s][info][gc,phases   ] GC(968)   Post Evacuate Collection Set: 0.39ms
[472.527s][info][gc,phases   ] GC(968)   Other: 0.09ms
[472.527s][info][gc,heap     ] GC(968) Eden regions: 141->0(146)
[472.527s][info][gc,heap     ] GC(968) Survivor regions: 12->7(20)
[472.527s][info][gc,heap     ] GC(968) Old regions: 52->51
[472.527s][info][gc,heap     ] GC(968) Humongous regions: 7->3
[472.527s][info][gc,metaspace] GC(968) Metaspace: 43071K(43456K)->43071K(43456K) NonClass: 40263K(40512K)->40263K(40512K) Class: 2808K(2944K)->2808K(2944K)
[472.527s][info][gc          ] GC(968) Pause Young (Mixed) (G1 Evacuation Pause) 210M->59M(256M) 9.507ms
[472.527s][info][gc,cpu      ] GC(968) User=0.01s Sys=0.00s Real=0.01s
[472.597s][info][gc,start    ] GC(969) Pause Young (Concurrent Start) (G1 Humongous Allocation)
[472.597s][info][gc,task     ] GC(969) Using 2 workers of 2 for evacuation
[472.599s][info][gc,phases   ] GC(969)   Pre Evacuate Collection Set: 0.16ms
[472.599s][info][gc,phases   ] GC(969)   Merge Heap Roots: 0.04ms
[472.599s][info][gc,phases   ] GC(969)   Evacuate Collection Set: 1.38ms
[472.599s][info][gc,phases   ] GC(969)   Post Evacuate Collection Set: 0.30ms
[472.599s][info][gc,phases   ] GC(969)   Other: 0.07ms
[472.599s][info][gc,heap     ] GC(969) Eden regions: 18->0(151)
[472.599s][info][gc,heap     ] GC(969) Survivor regions: 7->2(20)
[472.599s][info][gc,heap     ] GC(969) Old regions: 51->51
[472.599s][info][gc,heap     ] GC(969) Humongous regions: 3->1
[472.599s][info][gc,metaspace] GC(969) Metaspace: 43071K(43456K)->43071K(43456K) NonClass: 40263K(40512K)->40263K(40512K) Class: 2808K(2944K)->2808K(2944K)
[472.599s][info][gc          ] GC(969) Pause Young (Concurrent Start) (G1 Humongous Allocation) 77M->52M(256M) 2.096ms
[472.599s][info][gc,cpu      ] GC(969) User=0.00s Sys=0.00s Real=0.00s
[472.599s][info][gc          ] GC(970) Concurrent Mark Cycle
[472.599s][info][gc,marking  ] GC(970) Concurrent Scan Root Regions
[472.601s][info][gc,marking  ] GC(970) Concurrent Scan Root Regions 1.468ms
[472.601s][info][gc,marking  ] GC(970) Concurrent Mark
[472.601s][info][gc,marking  ] GC(970) Concurrent Mark From Roots
[472.601s][info][gc,task     ] GC(970) Using 1 workers of 1 for marking
[472.658s][info][gc,marking  ] GC(970) Concurrent Mark From Roots 57.386ms
[472.658s][info][gc,marking  ] GC(970) Concurrent Preclean
[472.658s][info][gc,marking  ] GC(970) Concurrent Preclean 0.040ms
[472.658s][info][gc,start    ] GC(970) Pause Remark
[472.671s][info][gc          ] GC(970) Pause Remark 71M->71M(256M) 12.616ms
[472.671s][info][gc,cpu      ] GC(970) User=0.02s Sys=0.00s Real=0.01s
[472.671s][info][gc,marking  ] GC(970) Concurrent Mark 70.220ms
[472.671s][info][gc,marking  ] GC(970) Concurrent Rebuild Remembered Sets and Scrub Regions
[472.693s][info][gc,marking  ] GC(970) Concurrent Rebuild Remembered Sets and Scrub Regions 21.987ms
[472.693s][info][gc,start    ] GC(970) Pause Cleanup
[472.693s][info][gc          ] GC(970) Pause Cleanup 71M->71M(256M) 0.045ms
[472.693s][info][gc,cpu      ] GC(970) User=0.00s Sys=0.00s Real=0.00s
[472.693s][info][gc,marking  ] GC(970) Concurrent Clear Claimed Marks
[472.693s][info][gc,marking  ] GC(970) Concurrent Clear Claimed Marks 0.035ms
[472.693s][info][gc,marking  ] GC(970) Concurrent Cleanup for Next Mark
[472.694s][info][gc,marking  ] GC(970) Concurrent Cleanup for Next Mark 0.752ms
[472.694s][info][gc          ] GC(970) Concurrent Mark Cycle 94.892ms
[473.089s][info][gc,start    ] GC(971) Pause Young (Prepare Mixed) (G1 Evacuation Pause)
[473.089s][info][gc,task     ] GC(971) Using 2 workers of 2 for evacuation
[473.120s][info][gc,phases   ] GC(971)   Pre Evacuate Collection Set: 0.15ms
[473.120s][info][gc,phases   ] GC(971)   Merge Heap Roots: 0.06ms
[473.120s][info][gc,phases   ] GC(971)   Evacuate Collection Set: 30.23ms
[473.120s][info][gc,phases   ] GC(971)   Post Evacuate Collection Set: 0.49ms
[473.120s][info][gc,phases   ] GC(971)   Other: 0.08ms
[473.120s][info][gc,heap     ] GC(971) Eden regions: 151->0(118)
[473.120s][info][gc,heap     ] GC(971) Survivor regions: 2->20(20)
[473.120s][info][gc,heap     ] GC(971) Old regions: 51->67
[473.120s][info][gc,heap     ] GC(971) Humongous regions: 5->3
[473.120s][info][gc,metaspace] GC(971) Metaspace: 43071K(43456K)->43071K(43456K) NonClass: 40263K(40512K)->40263K(40512K) Class: 2808K(2944K)->2808K(2944K)
[473.120s][info][gc          ] GC(971) Pause Young (Prepare Mixed) (G1 Evacuation Pause) 207M->90M(256M) 31.184ms
[473.120s][info][gc,cpu      ] GC(971) User=0.06s Sys=0.00s Real=0.03s
[473.601s][info][gc,start    ] GC(972) Pause Young (Mixed) (G1 Evacuation Pause)
[473.601s][info][gc,task     ] GC(972) Using 2 workers of 2 for evacuation
[473.658s][info][gc,phases   ] GC(972)   Pre Evacuate Collection Set: 0.23ms
[473.658s][info][gc,phases   ] GC(972)   Merge Heap Roots: 0.21ms
[473.658s][info][gc,phases   ] GC(972)   Evacuate Collection Set: 55.99ms
[473.658s][info][gc,phases   ] GC(972)   Post Evacuate Collection Set: 0.46ms
[473.658s][info][gc,phases   ] GC(972)   Other: 0.07ms
[473.658s][info][gc,heap     ] GC(972) Eden regions: 118->0(94)
[473.658s][info][gc,heap     ] GC(972) Survivor regions: 20->18(18)
[473.658s][info][gc,heap     ] GC(972) Old regions: 67->96
[473.658s][info][gc,heap     ] GC(972) Humongous regions: 3->3
[473.658s][info][gc,metaspace] GC(972) Metaspace: 43071K(43456K)->43071K(43456K) NonClass: 40263K(40512K)->40263K(40512K) Class: 2808K(2944K)->2808K(2944K)
[473.658s][info][gc          ] GC(972) Pause Young (Mixed) (G1 Evacuation Pause) 208M->116M(259M) 57.128ms
[473.658s][info][gc,cpu      ] GC(972) User=0.11s Sys=0.01s Real=0.06s
[474.085s][info][gc,start    ] GC(973) Pause Young (Concurrent Start) (G1 Evacuation Pause)
[474.085s][info][gc,task     ] GC(973) Using 2 workers of 2 for evacuation
[474.138s][info][gc,phases   ] GC(973)   Pre Evacuate Collection Set: 0.20ms
[474.138s][info][gc,phases   ] GC(973)   Merge Heap Roots: 0.27ms
[474.138s][info][gc,phases   ] GC(973)   Evacuate Collection Set: 52.24ms
[474.138s][info][gc,phases   ] GC(973)   Post Evacuate Collection Set: 0.43ms
[474.138s][info][gc,phases   ] GC(973)   Other: 0.08ms
[474.138s][info][gc,heap     ] GC(973) Eden regions: 94->0(71)
[474.138s][info][gc,heap     ] GC(973) Survivor regions: 18->14(14)
[474.138s][info][gc,heap     ] GC(973) Old regions: 96->127
[474.138s][info][gc,heap     ] GC(973) Humongous regions: 3->3
[474.138s][info][gc,metaspace] GC(973) Metaspace: 43071K(43456K)->43071K(43456K) NonClass: 40263K(40512K)->40263K(40512K) Class: 2808K(2944K)->2808K(2944K)
[474.138s][info][gc          ] GC(973) Pause Young (Concurrent Start) (G1 Evacuation Pause) 210M->144M(259M) 53.384ms
[474.138s][info][gc,cpu      ] GC(973) User=0.10s Sys=0.00s Real=0.05s
[474.138s][info][gc          ] GC(974) Concurrent Mark Cycle
[474.138s][info][gc,marking  ] GC(974) Concurrent Scan Root Regions
[474.199s][info][gc,marking  ] GC(974) Concurrent Scan Root Regions 60.299ms
[474.199s][info][gc,marking  ] GC(974) Concurrent Mark
[474.199s][info][gc,marking  ] GC(974) Concurrent Mark From Roots
[474.199s][info][gc,task     ] GC(974) Using 1 workers of 1 for marking
[474.376s][info][gc,marking  ] GC(974) Concurrent Mark From Roots 177.873ms
[474.376s][info][gc,marking  ] GC(974) Concurrent Preclean
[474.377s][info][gc,marking  ] GC(974) Concurrent Preclean 0.044ms
[474.377s][info][gc,start    ] GC(974) Pause Remark
[474.390s][info][gc          ] GC(974) Pause Remark 191M->191M(259M) 12.995ms
[474.390s][info][gc,cpu      ] GC(974) User=0.02s Sys=0.00s Real=0.01s
[474.390s][info][gc,marking  ] GC(974) Concurrent Mark 191.174ms
[474.390s][info][gc,marking  ] GC(974) Concurrent Rebuild Remembered Sets and Scrub Regions
[474.489s][info][gc,marking  ] GC(974) Concurrent Rebuild Remembered Sets and Scrub Regions 99.062ms
[474.490s][info][gc,start    ] GC(974) Pause Cleanup
[474.490s][info][gc          ] GC(974) Pause Cleanup 210M->210M(259M) 0.056ms
[474.490s][info][gc,cpu      ] GC(974) User=0.00s Sys=0.00s Real=0.00s
[474.490s][info][gc,marking  ] GC(974) Concurrent Clear Claimed Marks
[474.490s][info][gc,marking  ] GC(974) Concurrent Clear Claimed Marks 0.036ms
[474.490s][info][gc,marking  ] GC(974) Concurrent Cleanup for Next Mark
[474.491s][info][gc,marking  ] GC(974) Concurrent Cleanup for Next Mark 0.792ms
[474.491s][info][gc          ] GC(974) Concurrent Mark Cycle 352.388ms
[474.512s][info][gc,start    ] GC(975) Pause Young (Prepare Mixed) (G1 Evacuation Pause)
[474.512s][info][gc,task     ] GC(975) Using 2 workers of 2 for evacuation
[474.551s][info][gc,phases   ] GC(975)   Pre Evacuate Collection Set: 0.14ms
[474.551s][info][gc,phases   ] GC(975)   Merge Heap Roots: 0.32ms
[474.551s][info][gc,phases   ] GC(975)   Evacuate Collection Set: 38.17ms
[474.551s][info][gc,phases   ] GC(975)   Post Evacuate Collection Set: 0.34ms
[474.551s][info][gc,phases   ] GC(975)   Other: 0.08ms
[474.551s][info][gc,heap     ] GC(975) Eden regions: 71->0(58)
[474.551s][info][gc,heap     ] GC(975) Survivor regions: 14->11(11)
[474.552s][info][gc,heap     ] GC(975) Old regions: 127->149
[474.552s][info][gc,heap     ] GC(975) Humongous regions: 3->3
[474.552s][info][gc,metaspace] GC(975) Metaspace: 43071K(43456K)->43071K(43456K) NonClass: 40263K(40512K)->40263K(40512K) Class: 2808K(2944K)->2808K(2944K)
[474.552s][info][gc          ] GC(975) Pause Young (Prepare Mixed) (G1 Evacuation Pause) 215M->163M(259M) 39.215ms
[474.552s][info][gc,cpu      ] GC(975) User=0.07s Sys=0.00s Real=0.03s
[474.829s][info][gc,start    ] GC(976) Pause Young (Mixed) (G1 Evacuation Pause)
[474.829s][info][gc,task     ] GC(976) Using 2 workers of 2 for evacuation
[474.870s][info][gc,phases   ] GC(976)   Pre Evacuate Collection Set: 0.21ms
[474.870s][info][gc,phases   ] GC(976)   Merge Heap Roots: 0.30ms
[474.870s][info][gc,phases   ] GC(976)   Evacuate Collection Set: 38.49ms
[474.870s][info][gc,phases   ] GC(976)   Post Evacuate Collection Set: 1.63ms
[474.870s][info][gc,phases   ] GC(976)   Other: 0.09ms
[474.870s][info][gc,heap     ] GC(976) Eden regions: 58->0(186)
[474.870s][info][gc,heap     ] GC(976) Survivor regions: 11->9(9)
[474.870s][info][gc,heap     ] GC(976) Old regions: 149->159
[474.870s][info][gc,heap     ] GC(976) Humongous regions: 3->3
[474.870s][info][gc,metaspace] GC(976) Metaspace: 43071K(43456K)->43071K(43456K) NonClass: 40263K(40512K)->40263K(40512K) Class: 2808K(2944K)->2808K(2944K)
[474.870s][info][gc          ] GC(976) Pause Young (Mixed) (G1 Evacuation Pause) 221M->170M(457M) 40.863ms
[474.870s][info][gc,cpu      ] GC(976) User=0.08s Sys=0.01s Real=0.04s
[474.910s][info][gc,start    ] GC(977) Pause Young (Concurrent Start) (G1 Humongous Allocation)
[474.910s][info][gc,task     ] GC(977) Using 2 workers of 2 for evacuation
[474.931s][info][gc,phases   ] GC(977)   Pre Evacuate Collection Set: 0.21ms
[474.931s][info][gc,phases   ] GC(977)   Merge Heap Roots: 0.16ms
[474.931s][info][gc,phases   ] GC(977)   Evacuate Collection Set: 20.54ms
[474.931s][info][gc,phases   ] GC(977)   Post Evacuate Collection Set: 0.43ms
[474.931s][info][gc,phases   ] GC(977)   Other: 0.11ms
[474.931s][info][gc,heap     ] GC(977) Eden regions: 8->0(178)
[474.931s][info][gc,heap     ] GC(977) Survivor regions: 9->12(25)
[474.931s][info][gc,heap     ] GC(977) Old regions: 159->159
[474.931s][info][gc,heap     ] GC(977) Humongous regions: 3->1
[474.931s][info][gc,metaspace] GC(977) Metaspace: 43071K(43456K)->43071K(43456K) NonClass: 40263K(40512K)->40263K(40512K) Class: 2808K(2944K)->2808K(2944K)
[474.931s][info][gc          ] GC(977) Pause Young (Concurrent Start) (G1 Humongous Allocation) 178M->171M(457M) 21.610ms
[474.931s][info][gc,cpu      ] GC(977) User=0.04s Sys=0.01s Real=0.02s
[474.931s][info][gc          ] GC(978) Concurrent Mark Cycle
[474.931s][info][gc,marking  ] GC(978) Concurrent Scan Root Regions
[474.956s][info][gc,marking  ] GC(978) Concurrent Scan Root Regions 24.997ms
[474.956s][info][gc,marking  ] GC(978) Concurrent Mark
[474.956s][info][gc,marking  ] GC(978) Concurrent Mark From Roots
[474.956s][info][gc,task     ] GC(978) Using 1 workers of 1 for marking
[475.091s][info][gc,marking  ] GC(978) Concurrent Mark From Roots 134.376ms
[475.091s][info][gc,marking  ] GC(978) Concurrent Preclean
[475.091s][info][gc,marking  ] GC(978) Concurrent Preclean 0.038ms
[475.091s][info][gc,start    ] GC(978) Pause Remark
[475.104s][info][gc          ] GC(978) Pause Remark 213M->213M(457M) 12.950ms
[475.104s][info][gc,cpu      ] GC(978) User=0.02s Sys=0.00s Real=0.02s
[475.104s][info][gc,marking  ] GC(978) Concurrent Mark 147.822ms
[475.104s][info][gc,marking  ] GC(978) Concurrent Rebuild Remembered Sets and Scrub Regions
[475.157s][info][gc,marking  ] GC(978) Concurrent Rebuild Remembered Sets and Scrub Regions 52.959ms
[475.158s][info][gc,start    ] GC(978) Pause Cleanup
[475.158s][info][gc          ] GC(978) Pause Cleanup 222M->222M(457M) 0.080ms
[475.158s][info][gc,cpu      ] GC(978) User=0.00s Sys=0.00s Real=0.00s
[475.158s][info][gc,marking  ] GC(978) Concurrent Clear Claimed Marks
[475.158s][info][gc,marking  ] GC(978) Concurrent Clear Claimed Marks 0.037ms
[475.158s][info][gc,marking  ] GC(978) Concurrent Cleanup for Next Mark
[475.162s][info][gc,marking  ] GC(978) Concurrent Cleanup for Next Mark 3.283ms
[475.162s][info][gc          ] GC(978) Concurrent Mark Cycle 230.406ms
[475.709s][info][gc,start    ] GC(979) Pause Young (Prepare Mixed) (G1 Evacuation Pause)
[475.709s][info][gc,task     ] GC(979) Using 2 workers of 2 for evacuation
[475.739s][info][gc,phases   ] GC(979)   Pre Evacuate Collection Set: 0.23ms
[475.739s][info][gc,phases   ] GC(979)   Merge Heap Roots: 0.16ms
[475.739s][info][gc,phases   ] GC(979)   Evacuate Collection Set: 28.08ms
[475.739s][info][gc,phases   ] GC(979)   Post Evacuate Collection Set: 0.49ms
[475.739s][info][gc,phases   ] GC(979)   Other: 0.08ms
[475.739s][info][gc,heap     ] GC(979) Eden regions: 178->0(181)
[475.739s][info][gc,heap     ] GC(979) Survivor regions: 12->21(24)
[475.739s][info][gc,heap     ] GC(979) Old regions: 159->159
[475.739s][info][gc,heap     ] GC(979) Humongous regions: 7->3
[475.739s][info][gc,metaspace] GC(979) Metaspace: 43071K(43456K)->43071K(43456K) NonClass: 40263K(40512K)->40263K(40512K) Class: 2808K(2944K)->2808K(2944K)
[475.739s][info][gc          ] GC(979) Pause Young (Prepare Mixed) (G1 Evacuation Pause) 355M->182M(457M) 29.226ms
[475.739s][info][gc,cpu      ] GC(979) User=0.04s Sys=0.01s Real=0.03s
[476.250s][info][gc,start    ] GC(980) Pause Young (Mixed) (G1 Evacuation Pause)
[476.250s][info][gc,task     ] GC(980) Using 2 workers of 2 for evacuation
[476.284s][info][gc,phases   ] GC(980)   Pre Evacuate Collection Set: 0.24ms
[476.284s][info][gc,phases   ] GC(980)   Merge Heap Roots: 0.23ms
[476.284s][info][gc,phases   ] GC(980)   Evacuate Collection Set: 32.86ms
[476.284s][info][gc,phases   ] GC(980)   Post Evacuate Collection Set: 0.54ms
[476.284s][info][gc,phases   ] GC(980)   Other: 0.08ms
[476.284s][info][gc,heap     ] GC(980) Eden regions: 181->0(209)
[476.284s][info][gc,heap     ] GC(980) Survivor regions: 21->22(26)
[476.284s][info][gc,heap     ] GC(980) Old regions: 159->126
[476.284s][info][gc,heap     ] GC(980) Humongous regions: 11->3
[476.284s][info][gc,metaspace] GC(980) Metaspace: 43071K(43456K)->43071K(43456K) NonClass: 40263K(40512K)->40263K(40512K) Class: 2808K(2944K)->2808K(2944K)
[476.284s][info][gc          ] GC(980) Pause Young (Mixed) (G1 Evacuation Pause) 371M->150M(457M) 34.140ms
[476.284s][info][gc,cpu      ] GC(980) User=0.06s Sys=0.00s Real=0.04s
[476.930s][info][gc,start    ] GC(981) Pause Young (Mixed) (G1 Evacuation Pause)
[476.930s][info][gc,task     ] GC(981) Using 2 workers of 2 for evacuation
[476.952s][info][gc,phases   ] GC(981)   Pre Evacuate Collection Set: 0.23ms
[476.952s][info][gc,phases   ] GC(981)   Merge Heap Roots: 0.26ms
[476.952s][info][gc,phases   ] GC(981)   Evacuate Collection Set: 20.79ms
[476.952s][info][gc,phases   ] GC(981)   Post Evacuate Collection Set: 0.47ms
[476.952s][info][gc,phases   ] GC(981)   Other: 0.08ms
[476.952s][info][gc,heap     ] GC(981) Eden regions: 209->0(246)
[476.952s][info][gc,heap     ] GC(981) Survivor regions: 22->2(29)
[476.952s][info][gc,heap     ] GC(981) Old regions: 126->113
[476.952s][info][gc,heap     ] GC(981) Humongous regions: 5->3
[476.952s][info][gc,metaspace] GC(981) Metaspace: 43071K(43456K)->43071K(43456K) NonClass: 40263K(40512K)->40263K(40512K) Class: 2808K(2944K)->2808K(2944K)
[476.952s][info][gc          ] GC(981) Pause Young (Mixed) (G1 Evacuation Pause) 361M->117M(457M) 22.010ms
[476.952s][info][gc,cpu      ] GC(981) User=0.05s Sys=0.00s Real=0.03s
[477.191s][info][gc,start    ] GC(982) Pause Young (Concurrent Start) (G1 Humongous Allocation)
[477.191s][info][gc,task     ] GC(982) Using 2 workers of 2 for evacuation
[477.210s][info][gc,phases   ] GC(982)   Pre Evacuate Collection Set: 0.24ms
[477.210s][info][gc,phases   ] GC(982)   Merge Heap Roots: 0.05ms
[477.210s][info][gc,phases   ] GC(982)   Evacuate Collection Set: 18.14ms
[477.210s][info][gc,phases   ] GC(982)   Post Evacuate Collection Set: 0.41ms
[477.210s][info][gc,phases   ] GC(982)   Other: 0.17ms
[477.210s][info][gc,heap     ] GC(982) Eden regions: 76->0(219)
[477.210s][info][gc,heap     ] GC(982) Survivor regions: 2->31(31)
[477.210s][info][gc,heap     ] GC(982) Old regions: 113->114
[477.210s][info][gc,heap     ] GC(982) Humongous regions: 3->3
[477.210s][info][gc,metaspace] GC(982) Metaspace: 43071K(43456K)->43071K(43456K) NonClass: 40263K(40512K)->40263K(40512K) Class: 2808K(2944K)->2808K(2944K)
[477.210s][info][gc          ] GC(982) Pause Young (Concurrent Start) (G1 Humongous Allocation) 193M->147M(457M) 19.199ms
[477.210s][info][gc,cpu      ] GC(982) User=0.04s Sys=0.00s Real=0.02s
[477.210s][info][gc          ] GC(983) Concurrent Mark Cycle
[477.210s][info][gc,marking  ] GC(983) Concurrent Scan Root Regions
[477.222s][info][gc,marking  ] GC(983) Concurrent Scan Root Regions 11.696ms
[477.222s][info][gc,marking  ] GC(983) Concurrent Mark
[477.222s][info][gc,marking  ] GC(983) Concurrent Mark From Roots
[477.222s][info][gc,task     ] GC(983) Using 1 workers of 1 for marking
[477.296s][info][gc,marking  ] GC(983) Concurrent Mark From Roots 74.218ms
[477.296s][info][gc,marking  ] GC(983) Concurrent Preclean
[477.296s][info][gc,marking  ] GC(983) Concurrent Preclean 0.048ms
[477.296s][info][gc,start    ] GC(983) Pause Remark
[477.311s][info][gc          ] GC(983) Pause Remark 170M->162M(457M) 14.810ms
[477.311s][info][gc,cpu      ] GC(983) User=0.02s Sys=0.00s Real=0.01s
[477.311s][info][gc,marking  ] GC(983) Concurrent Mark 89.442ms
[477.311s][info][gc,marking  ] GC(983) Concurrent Rebuild Remembered Sets and Scrub Regions
[477.342s][info][gc,marking  ] GC(983) Concurrent Rebuild Remembered Sets and Scrub Regions 30.870ms
[477.342s][info][gc,start    ] GC(983) Pause Cleanup
[477.342s][info][gc          ] GC(983) Pause Cleanup 170M->170M(457M) 0.061ms
[477.342s][info][gc,cpu      ] GC(983) User=0.00s Sys=0.00s Real=0.00s
[477.342s][info][gc,marking  ] GC(983) Concurrent Clear Claimed Marks
[477.342s][info][gc,marking  ] GC(983) Concurrent Clear Claimed Marks 0.036ms
[477.342s][info][gc,marking  ] GC(983) Concurrent Cleanup for Next Mark
[477.344s][info][gc,marking  ] GC(983) Concurrent Cleanup for Next Mark 1.307ms
[477.344s][info][gc          ] GC(983) Concurrent Mark Cycle 133.742ms
[477.920s][info][gc,start    ] GC(984) Pause Young (Prepare Mixed) (G1 Evacuation Pause)
[477.920s][info][gc,task     ] GC(984) Using 2 workers of 2 for evacuation
[477.956s][info][gc,phases   ] GC(984)   Pre Evacuate Collection Set: 0.20ms
[477.956s][info][gc,phases   ] GC(984)   Merge Heap Roots: 0.10ms
[477.956s][info][gc,phases   ] GC(984)   Evacuate Collection Set: 35.12ms
[477.956s][info][gc,phases   ] GC(984)   Post Evacuate Collection Set: 0.48ms
[477.956s][info][gc,phases   ] GC(984)   Other: 0.11ms
[477.956s][info][gc,heap     ] GC(984) Eden regions: 219->0(192)
[477.956s][info][gc,heap     ] GC(984) Survivor regions: 31->32(32)
[477.956s][info][gc,heap     ] GC(984) Old regions: 106->136
[477.956s][info][gc,heap     ] GC(984) Humongous regions: 5->4
[477.956s][info][gc,metaspace] GC(984) Metaspace: 43072K(43456K)->43072K(43456K) NonClass: 40263K(40512K)->40263K(40512K) Class: 2808K(2944K)->2808K(2944K)
[477.956s][info][gc          ] GC(984) Pause Young (Prepare Mixed) (G1 Evacuation Pause) 360M->172M(457M) 36.241ms
[477.956s][info][gc,cpu      ] GC(984) User=0.07s Sys=0.00s Real=0.04s
[478.613s][info][gc,start    ] GC(985) Pause Young (Mixed) (G1 Evacuation Pause)
[478.613s][info][gc,task     ] GC(985) Using 2 workers of 2 for evacuation
[478.664s][info][gc,phases   ] GC(985)   Pre Evacuate Collection Set: 0.24ms
[478.664s][info][gc,phases   ] GC(985)   Merge Heap Roots: 0.19ms
[478.664s][info][gc,phases   ] GC(985)   Evacuate Collection Set: 50.28ms
[478.664s][info][gc,phases   ] GC(985)   Post Evacuate Collection Set: 0.62ms
[478.664s][info][gc,phases   ] GC(985)   Other: 0.07ms
[478.664s][info][gc,heap     ] GC(985) Eden regions: 192->0(177)
[478.664s][info][gc,heap     ] GC(985) Survivor regions: 32->28(28)
[478.664s][info][gc,heap     ] GC(985) Old regions: 136->141
[478.664s][info][gc,heap     ] GC(985) Humongous regions: 5->4
[478.664s][info][gc,metaspace] GC(985) Metaspace: 43072K(43456K)->43072K(43456K) NonClass: 40263K(40512K)->40263K(40512K) Class: 2808K(2944K)->2808K(2944K)
[478.664s][info][gc          ] GC(985) Pause Young (Mixed) (G1 Evacuation Pause) 365M->172M(457M) 51.646ms
[478.664s][info][gc,cpu      ] GC(985) User=0.10s Sys=0.00s Real=0.05s
[479.199s][info][gc,start    ] GC(986) Pause Young (Concurrent Start) (G1 Evacuation Pause)
[479.200s][info][gc,task     ] GC(986) Using 2 workers of 2 for evacuation
[479.257s][info][gc,phases   ] GC(986)   Pre Evacuate Collection Set: 0.25ms
[479.257s][info][gc,phases   ] GC(986)   Merge Heap Roots: 0.31ms
[479.257s][info][gc,phases   ] GC(986)   Evacuate Collection Set: 56.16ms
[479.257s][info][gc,phases   ] GC(986)   Post Evacuate Collection Set: 0.49ms
[479.257s][info][gc,phases   ] GC(986)   Other: 0.09ms
[479.257s][info][gc,heap     ] GC(986) Eden regions: 177->0(134)
[479.257s][info][gc,heap     ] GC(986) Survivor regions: 28->26(26)
[479.257s][info][gc,heap     ] GC(986) Old regions: 141->195
[479.257s][info][gc,heap     ] GC(986) Humongous regions: 4->4
[479.257s][info][gc,metaspace] GC(986) Metaspace: 43072K(43456K)->43072K(43456K) NonClass: 40263K(40512K)->40263K(40512K) Class: 2808K(2944K)->2808K(2944K)
[479.257s][info][gc          ] GC(986) Pause Young (Concurrent Start) (G1 Evacuation Pause) 349M->225M(457M) 57.549ms
[479.257s][info][gc          ] GC(987) Concurrent Mark Cycle
[479.257s][info][gc,marking  ] GC(987) Concurrent Scan Root Regions
[479.259s][info][gc,cpu      ] GC(986) User=0.12s Sys=0.00s Real=0.06s
[479.286s][info][gc,marking  ] GC(987) Concurrent Scan Root Regions 29.312ms
[479.286s][info][gc,marking  ] GC(987) Concurrent Mark
[479.286s][info][gc,marking  ] GC(987) Concurrent Mark From Roots
[479.286s][info][gc,task     ] GC(987) Using 1 workers of 1 for marking
[479.374s][info][gc,marking  ] GC(987) Concurrent Mark From Roots 87.276ms
[479.374s][info][gc,marking  ] GC(987) Concurrent Preclean
[479.374s][info][gc,marking  ] GC(987) Concurrent Preclean 0.043ms
[479.374s][info][gc,start    ] GC(987) Pause Remark
[479.387s][info][gc          ] GC(987) Pause Remark 257M->233M(457M) 13.234ms
[479.387s][info][gc,cpu      ] GC(987) User=0.03s Sys=0.00s Real=0.01s
[479.387s][info][gc,marking  ] GC(987) Concurrent Mark 100.830ms
[479.387s][info][gc,marking  ] GC(987) Concurrent Rebuild Remembered Sets and Scrub Regions
[479.450s][info][gc,marking  ] GC(987) Concurrent Rebuild Remembered Sets and Scrub Regions 62.741ms
[479.450s][info][gc,start    ] GC(987) Pause Cleanup
[479.450s][info][gc          ] GC(987) Pause Cleanup 249M->249M(457M) 0.061ms
[479.450s][info][gc,cpu      ] GC(987) User=0.00s Sys=0.00s Real=0.00s
[479.450s][info][gc,marking  ] GC(987) Concurrent Clear Claimed Marks
[479.450s][info][gc,marking  ] GC(987) Concurrent Clear Claimed Marks 0.036ms
[479.450s][info][gc,marking  ] GC(987) Concurrent Cleanup for Next Mark
[479.452s][info][gc,marking  ] GC(987) Concurrent Cleanup for Next Mark 1.320ms
[479.452s][info][gc          ] GC(987) Concurrent Mark Cycle 194.582ms
[479.751s][info][gc,start    ] GC(988) Pause Young (Prepare Mixed) (G1 Evacuation Pause)
[479.751s][info][gc,task     ] GC(988) Using 2 workers of 2 for evacuation
[479.819s][info][gc,phases   ] GC(988)   Pre Evacuate Collection Set: 0.24ms
[479.819s][info][gc,phases   ] GC(988)   Merge Heap Roots: 0.33ms
[479.819s][info][gc,phases   ] GC(988)   Evacuate Collection Set: 66.77ms
[479.819s][info][gc,phases   ] GC(988)   Post Evacuate Collection Set: 0.51ms
[479.819s][info][gc,phases   ] GC(988)   Other: 0.09ms
[479.819s][info][gc,heap     ] GC(988) Eden regions: 134->0(77)
[479.819s][info][gc,heap     ] GC(988) Survivor regions: 26->20(20)
[479.819s][info][gc,heap     ] GC(988) Old regions: 172->252
[479.819s][info][gc,heap     ] GC(988) Humongous regions: 4->4
[479.819s][info][gc,metaspace] GC(988) Metaspace: 43072K(43456K)->43072K(43456K) NonClass: 40263K(40512K)->40263K(40512K) Class: 2808K(2944K)->2808K(2944K)
[479.819s][info][gc          ] GC(988) Pause Young (Prepare Mixed) (G1 Evacuation Pause) 336M->276M(457M) 68.207ms
[479.819s][info][gc,cpu      ] GC(988) User=0.13s Sys=0.00s Real=0.07s
[480.090s][info][gc,start    ] GC(989) Pause Young (Mixed) (G1 Evacuation Pause)
[480.090s][info][gc,task     ] GC(989) Using 2 workers of 2 for evacuation
[480.145s][info][gc,phases   ] GC(989)   Pre Evacuate Collection Set: 0.31ms
[480.145s][info][gc,phases   ] GC(989)   Merge Heap Roots: 0.45ms
[480.145s][info][gc,phases   ] GC(989)   Evacuate Collection Set: 53.65ms
[480.145s][info][gc,phases   ] GC(989)   Post Evacuate Collection Set: 0.47ms
[480.145s][info][gc,phases   ] GC(989)   Other: 0.07ms
[480.145s][info][gc,heap     ] GC(989) Eden regions: 77->0(72)
[480.145s][info][gc,heap     ] GC(989) Survivor regions: 20->13(13)
[480.145s][info][gc,heap     ] GC(989) Old regions: 252->266
[480.145s][info][gc,heap     ] GC(989) Humongous regions: 5->5
[480.145s][info][gc,metaspace] GC(989) Metaspace: 43072K(43456K)->43072K(43456K) NonClass: 40263K(40512K)->40263K(40512K) Class: 2808K(2944K)->2808K(2944K)
[480.145s][info][gc          ] GC(989) Pause Young (Mixed) (G1 Evacuation Pause) 354M->283M(457M) 55.147ms
[480.145s][info][gc,cpu      ] GC(989) User=0.11s Sys=0.00s Real=0.06s
[480.371s][info][gc,start    ] GC(990) Pause Young (Concurrent Start) (G1 Evacuation Pause)
[480.371s][info][gc,task     ] GC(990) Using 2 workers of 2 for evacuation
[480.416s][info][gc,phases   ] GC(990)   Pre Evacuate Collection Set: 0.24ms
[480.416s][info][gc,phases   ] GC(990)   Merge Heap Roots: 0.21ms
[480.416s][info][gc,phases   ] GC(990)   Evacuate Collection Set: 44.18ms
[480.416s][info][gc,phases   ] GC(990)   Post Evacuate Collection Set: 0.75ms
[480.416s][info][gc,phases   ] GC(990)   Other: 0.11ms
[480.416s][info][gc,heap     ] GC(990) Eden regions: 72->0(60)
[480.416s][info][gc,heap     ] GC(990) Survivor regions: 13->11(11)
[480.416s][info][gc,heap     ] GC(990) Old regions: 266->322
[480.416s][info][gc,heap     ] GC(990) Humongous regions: 5->5
[480.416s][info][gc,metaspace] GC(990) Metaspace: 43072K(43456K)->43072K(43456K) NonClass: 40263K(40512K)->40263K(40512K) Class: 2808K(2944K)->2808K(2944K)
[480.416s][info][gc          ] GC(990) Pause Young (Concurrent Start) (G1 Evacuation Pause) 355M->337M(494M) 45.678ms
[480.416s][info][gc,cpu      ] GC(990) User=0.09s Sys=0.00s Real=0.05s
[480.416s][info][gc          ] GC(991) Concurrent Mark Cycle
[480.416s][info][gc,marking  ] GC(991) Concurrent Scan Root Regions
[480.440s][info][gc,marking  ] GC(991) Concurrent Scan Root Regions 23.482ms
[480.440s][info][gc,marking  ] GC(991) Concurrent Mark
[480.440s][info][gc,marking  ] GC(991) Concurrent Mark From Roots
[480.440s][info][gc,task     ] GC(991) Using 1 workers of 1 for marking
[480.566s][info][gc,marking  ] GC(991) Concurrent Mark From Roots 126.214ms
[480.566s][info][gc,marking  ] GC(991) Concurrent Preclean
[480.566s][info][gc,marking  ] GC(991) Concurrent Preclean 0.052ms
[480.566s][info][gc,start    ] GC(991) Pause Remark
[480.580s][info][gc          ] GC(991) Pause Remark 371M->337M(509M) 13.549ms
[480.580s][info][gc,cpu      ] GC(991) User=0.03s Sys=0.00s Real=0.01s
[480.582s][info][gc,marking  ] GC(991) Concurrent Mark 142.103ms
[480.582s][info][gc,marking  ] GC(991) Concurrent Rebuild Remembered Sets and Scrub Regions
[480.677s][info][gc,marking  ] GC(991) Concurrent Rebuild Remembered Sets and Scrub Regions 94.655ms
[480.677s][info][gc,start    ] GC(991) Pause Cleanup
[480.677s][info][gc          ] GC(991) Pause Cleanup 356M->356M(509M) 0.106ms
[480.677s][info][gc,cpu      ] GC(991) User=0.00s Sys=0.00s Real=0.00s
[480.677s][info][gc,marking  ] GC(991) Concurrent Clear Claimed Marks
[480.677s][info][gc,marking  ] GC(991) Concurrent Clear Claimed Marks 0.040ms
[480.677s][info][gc,marking  ] GC(991) Concurrent Cleanup for Next Mark
[480.679s][info][gc,marking  ] GC(991) Concurrent Cleanup for Next Mark 2.029ms
[480.679s][info][gc          ] GC(991) Concurrent Mark Cycle 262.743ms
[480.723s][info][gc,start    ] GC(992) Pause Young (Prepare Mixed) (G1 Evacuation Pause)
[480.723s][info][gc,task     ] GC(992) Using 2 workers of 2 for evacuation
[480.759s][info][gc,phases   ] GC(992)   Pre Evacuate Collection Set: 0.30ms
[480.759s][info][gc,phases   ] GC(992)   Merge Heap Roots: 0.62ms
[480.759s][info][gc,phases   ] GC(992)   Evacuate Collection Set: 34.45ms
[480.759s][info][gc,phases   ] GC(992)   Post Evacuate Collection Set: 0.43ms
[480.759s][info][gc,phases   ] GC(992)   Other: 0.08ms
[480.759s][info][gc,heap     ] GC(992) Eden regions: 60->0(70)
[480.759s][info][gc,heap     ] GC(992) Survivor regions: 11->9(9)
[480.759s][info][gc,heap     ] GC(992) Old regions: 289->319
[480.759s][info][gc,heap     ] GC(992) Humongous regions: 5->5
[480.759s][info][gc,metaspace] GC(992) Metaspace: 43072K(43456K)->43072K(43456K) NonClass: 40263K(40512K)->40263K(40512K) Class: 2808K(2944K)->2808K(2944K)
[480.759s][info][gc          ] GC(992) Pause Young (Prepare Mixed) (G1 Evacuation Pause) 364M->332M(509M) 36.068ms
[480.759s][info][gc,cpu      ] GC(992) User=0.07s Sys=0.00s Real=0.03s
[480.982s][info][gc,start    ] GC(993) Pause Young (Mixed) (G1 Evacuation Pause)
[480.982s][info][gc,task     ] GC(993) Using 2 workers of 2 for evacuation
[481.019s][info][gc,phases   ] GC(993)   Pre Evacuate Collection Set: 0.33ms
[481.019s][info][gc,phases   ] GC(993)   Merge Heap Roots: 0.24ms
[481.019s][info][gc,phases   ] GC(993)   Evacuate Collection Set: 35.36ms
[481.019s][info][gc,phases   ] GC(993)   Post Evacuate Collection Set: 0.45ms
[481.019s][info][gc,phases   ] GC(993)   Other: 0.08ms
[481.019s][info][gc,heap     ] GC(993) Eden regions: 70->0(76)
[481.019s][info][gc,heap     ] GC(993) Survivor regions: 9->10(10)
[481.019s][info][gc,heap     ] GC(993) Old regions: 319->305
[481.019s][info][gc,heap     ] GC(993) Humongous regions: 5->5
[481.019s][info][gc,metaspace] GC(993) Metaspace: 43072K(43456K)->43072K(43456K) NonClass: 40263K(40512K)->40263K(40512K) Class: 2808K(2944K)->2808K(2944K)
[481.019s][info][gc          ] GC(993) Pause Young (Mixed) (G1 Evacuation Pause) 402M->320M(509M) 36.645ms
[481.019s][info][gc,cpu      ] GC(993) User=0.07s Sys=0.00s Real=0.03s
[481.263s][info][gc,start    ] GC(994) Pause Young (Mixed) (G1 Evacuation Pause)
[481.263s][info][gc,task     ] GC(994) Using 2 workers of 2 for evacuation
[481.296s][info][gc,phases   ] GC(994)   Pre Evacuate Collection Set: 0.23ms
[481.296s][info][gc,phases   ] GC(994)   Merge Heap Roots: 0.44ms
[481.296s][info][gc,phases   ] GC(994)   Evacuate Collection Set: 31.86ms
[481.296s][info][gc,phases   ] GC(994)   Post Evacuate Collection Set: 0.47ms
[481.296s][info][gc,phases   ] GC(994)   Other: 0.07ms
[481.296s][info][gc,heap     ] GC(994) Eden regions: 76->0(96)
[481.296s][info][gc,heap     ] GC(994) Survivor regions: 10->11(11)
[481.296s][info][gc,heap     ] GC(994) Old regions: 305->271
[481.296s][info][gc,heap     ] GC(994) Humongous regions: 6->6
[481.296s][info][gc,metaspace] GC(994) Metaspace: 43072K(43456K)->43072K(43456K) NonClass: 40263K(40512K)->40263K(40512K) Class: 2808K(2944K)->2808K(2944K)
[481.296s][info][gc          ] GC(994) Pause Young (Mixed) (G1 Evacuation Pause) 397M->288M(509M) 33.272ms
[481.296s][info][gc,cpu      ] GC(994) User=0.06s Sys=0.00s Real=0.03s
[481.598s][info][gc,start    ] GC(995) Pause Young (Mixed) (G1 Evacuation Pause)
[481.598s][info][gc,task     ] GC(995) Using 2 workers of 2 for evacuation
[481.638s][info][gc,phases   ] GC(995)   Pre Evacuate Collection Set: 0.23ms
[481.638s][info][gc,phases   ] GC(995)   Merge Heap Roots: 0.66ms
[481.638s][info][gc,phases   ] GC(995)   Evacuate Collection Set: 38.46ms
[481.638s][info][gc,phases   ] GC(995)   Post Evacuate Collection Set: 0.41ms
[481.638s][info][gc,phases   ] GC(995)   Other: 0.07ms
[481.638s][info][gc,heap     ] GC(995) Eden regions: 96->0(103)
[481.638s][info][gc,heap     ] GC(995) Survivor regions: 11->14(14)
[481.638s][info][gc,heap     ] GC(995) Old regions: 271->266
[481.638s][info][gc,heap     ] GC(995) Humongous regions: 6->6
[481.638s][info][gc,metaspace] GC(995) Metaspace: 43072K(43456K)->43072K(43456K) NonClass: 40263K(40512K)->40263K(40512K) Class: 2808K(2944K)->2808K(2944K)
[481.638s][info][gc          ] GC(995) Pause Young (Mixed) (G1 Evacuation Pause) 384M->285M(509M) 40.079ms
[481.638s][info][gc,cpu      ] GC(995) User=0.08s Sys=0.00s Real=0.04s
[481.971s][info][gc,start    ] GC(996) Pause Young (Concurrent Start) (G1 Evacuation Pause)
[481.971s][info][gc,task     ] GC(996) Using 2 workers of 2 for evacuation
[481.993s][info][gc,phases   ] GC(996)   Pre Evacuate Collection Set: 0.31ms
[481.993s][info][gc,phases   ] GC(996)   Merge Heap Roots: 0.07ms
[481.993s][info][gc,phases   ] GC(996)   Evacuate Collection Set: 20.31ms
[481.993s][info][gc,phases   ] GC(996)   Post Evacuate Collection Set: 1.14ms
[481.993s][info][gc,phases   ] GC(996)   Other: 0.09ms
[481.993s][info][gc,heap     ] GC(996) Eden regions: 103->0(143)
[481.993s][info][gc,heap     ] GC(996) Survivor regions: 14->15(15)
[481.993s][info][gc,heap     ] GC(996) Old regions: 266->286
[481.993s][info][gc,heap     ] GC(996) Humongous regions: 6->6
[481.993s][info][gc,metaspace] GC(996) Metaspace: 43072K(43456K)->43072K(43456K) NonClass: 40263K(40512K)->40263K(40512K) Class: 2808K(2944K)->2808K(2944K)
[481.993s][info][gc          ] GC(996) Pause Young (Concurrent Start) (G1 Evacuation Pause) 388M->306M(610M) 22.109ms
[481.993s][info][gc,cpu      ] GC(996) User=0.04s Sys=0.00s Real=0.03s
[481.993s][info][gc          ] GC(997) Concurrent Mark Cycle
[481.993s][info][gc,marking  ] GC(997) Concurrent Scan Root Regions
[482.006s][info][gc,marking  ] GC(997) Concurrent Scan Root Regions 13.069ms
[482.006s][info][gc,marking  ] GC(997) Concurrent Mark
[482.006s][info][gc,marking  ] GC(997) Concurrent Mark From Roots
[482.006s][info][gc,task     ] GC(997) Using 1 workers of 1 for marking
[482.082s][info][gc,marking  ] GC(997) Concurrent Mark From Roots 76.054ms
[482.082s][info][gc,marking  ] GC(997) Concurrent Preclean
[482.082s][info][gc,marking  ] GC(997) Concurrent Preclean 0.047ms
[482.082s][info][gc,start    ] GC(997) Pause Remark
[482.095s][info][gc          ] GC(997) Pause Remark 328M->202M(607M) 13.046ms
[482.095s][info][gc,cpu      ] GC(997) User=0.02s Sys=0.00s Real=0.01s
[482.095s][info][gc,marking  ] GC(997) Concurrent Mark 89.409ms
[482.095s][info][gc,marking  ] GC(997) Concurrent Rebuild Remembered Sets and Scrub Regions
[482.137s][info][gc,marking  ] GC(997) Concurrent Rebuild Remembered Sets and Scrub Regions 41.424ms
[482.137s][info][gc,start    ] GC(997) Pause Cleanup
[482.137s][info][gc          ] GC(997) Pause Cleanup 208M->208M(607M) 0.106ms
[482.137s][info][gc,cpu      ] GC(997) User=0.00s Sys=0.00s Real=0.00s
[482.138s][info][gc,marking  ] GC(997) Concurrent Clear Claimed Marks
[482.138s][info][gc,marking  ] GC(997) Concurrent Clear Claimed Marks 0.058ms
[482.138s][info][gc,marking  ] GC(997) Concurrent Cleanup for Next Mark
[482.141s][info][gc,marking  ] GC(997) Concurrent Cleanup for Next Mark 2.769ms
[482.141s][info][gc          ] GC(997) Concurrent Mark Cycle 148.153ms
[482.581s][info][gc,start    ] GC(998) Pause Young (Prepare Mixed) (G1 Evacuation Pause)
[482.581s][info][gc,task     ] GC(998) Using 2 workers of 2 for evacuation
[482.614s][info][gc,phases   ] GC(998)   Pre Evacuate Collection Set: 0.23ms
[482.614s][info][gc,phases   ] GC(998)   Merge Heap Roots: 0.15ms
[482.614s][info][gc,phases   ] GC(998)   Evacuate Collection Set: 32.15ms
[482.614s][info][gc,phases   ] GC(998)   Post Evacuate Collection Set: 0.48ms
[482.614s][info][gc,phases   ] GC(998)   Other: 0.08ms
[482.614s][info][gc,heap     ] GC(998) Eden regions: 143->0(185)
[482.614s][info][gc,heap     ] GC(998) Survivor regions: 15->20(20)
[482.614s][info][gc,heap     ] GC(998) Old regions: 163->187
[482.614s][info][gc,heap     ] GC(998) Humongous regions: 4->3
[482.614s][info][gc,metaspace] GC(998) Metaspace: 43072K(43456K)->43072K(43456K) NonClass: 40263K(40512K)->40263K(40512K) Class: 2808K(2944K)->2808K(2944K)
[482.614s][info][gc          ] GC(998) Pause Young (Prepare Mixed) (G1 Evacuation Pause) 324M->209M(607M) 33.381ms
[482.614s][info][gc,cpu      ] GC(998) User=0.06s Sys=0.00s Real=0.04s
[483.203s][info][gc,start    ] GC(999) Pause Young (Mixed) (G1 Evacuation Pause)
[483.203s][info][gc,task     ] GC(999) Using 2 workers of 2 for evacuation
[483.243s][info][gc,phases   ] GC(999)   Pre Evacuate Collection Set: 0.30ms
[483.243s][info][gc,phases   ] GC(999)   Merge Heap Roots: 0.32ms
[483.243s][info][gc,phases   ] GC(999)   Evacuate Collection Set: 39.32ms
[483.243s][info][gc,phases   ] GC(999)   Post Evacuate Collection Set: 0.55ms
[483.243s][info][gc,phases   ] GC(999)   Other: 0.07ms
[483.243s][info][gc,heap     ] GC(999) Eden regions: 185->0(208)
[483.243s][info][gc,heap     ] GC(999) Survivor regions: 20->26(26)
[483.243s][info][gc,heap     ] GC(999) Old regions: 187->152
[483.243s][info][gc,heap     ] GC(999) Humongous regions: 5->4
[483.243s][info][gc,metaspace] GC(999) Metaspace: 43072K(43456K)->43072K(43456K) NonClass: 40263K(40512K)->40263K(40512K) Class: 2808K(2944K)->2808K(2944K)
[483.243s][info][gc          ] GC(999) Pause Young (Mixed) (G1 Evacuation Pause) 396M->181M(607M) 40.783ms
[483.243s][info][gc,cpu      ] GC(999) User=0.08s Sys=0.00s Real=0.04s
[483.890s][info][gc,start    ] GC(1000) Pause Young (Mixed) (G1 Evacuation Pause)
[483.890s][info][gc,task     ] GC(1000) Using 2 workers of 2 for evacuation
[483.917s][info][gc,phases   ] GC(1000)   Pre Evacuate Collection Set: 0.27ms
[483.917s][info][gc,phases   ] GC(1000)   Merge Heap Roots: 0.18ms
[483.917s][info][gc,phases   ] GC(1000)   Evacuate Collection Set: 25.79ms
[483.917s][info][gc,phases   ] GC(1000)   Post Evacuate Collection Set: 0.49ms
[483.917s][info][gc,phases   ] GC(1000)   Other: 0.08ms
[483.917s][info][gc,heap     ] GC(1000) Eden regions: 208->0(215)
[483.917s][info][gc,heap     ] GC(1000) Survivor regions: 26->19(30)
[483.917s][info][gc,heap     ] GC(1000) Old regions: 152->176
[483.917s][info][gc,heap     ] GC(1000) Humongous regions: 6->5
[483.917s][info][gc,metaspace] GC(1000) Metaspace: 43072K(43456K)->43072K(43456K) NonClass: 40263K(40512K)->40263K(40512K) Class: 2808K(2944K)->2808K(2944K)
[483.917s][info][gc          ] GC(1000) Pause Young (Mixed) (G1 Evacuation Pause) 391M->198M(607M) 27.004ms
[483.917s][info][gc,cpu      ] GC(1000) User=0.06s Sys=0.00s Real=0.03s
[483.924s][info][gc,start    ] GC(1001) Pause Young (Concurrent Start) (G1 Humongous Allocation)
[483.924s][info][gc,task     ] GC(1001) Using 2 workers of 2 for evacuation
[483.935s][info][gc,phases   ] GC(1001)   Pre Evacuate Collection Set: 0.24ms
[483.935s][info][gc,phases   ] GC(1001)   Merge Heap Roots: 0.07ms
[483.935s][info][gc,phases   ] GC(1001)   Evacuate Collection Set: 10.60ms
[483.935s][info][gc,phases   ] GC(1001)   Post Evacuate Collection Set: 0.28ms
[483.935s][info][gc,phases   ] GC(1001)   Other: 0.07ms
[483.935s][info][gc,heap     ] GC(1001) Eden regions: 3->0(186)
[483.935s][info][gc,heap     ] GC(1001) Survivor regions: 19->2(30)
[483.935s][info][gc,heap     ] GC(1001) Old regions: 176->194
[483.935s][info][gc,heap     ] GC(1001) Humongous regions: 5->5
[483.935s][info][gc,metaspace] GC(1001) Metaspace: 43072K(43456K)->43072K(43456K) NonClass: 40263K(40512K)->40263K(40512K) Class: 2808K(2944K)->2808K(2944K)
[483.935s][info][gc          ] GC(1001) Pause Young (Concurrent Start) (G1 Humongous Allocation) 201M->200M(607M) 11.426ms
[483.935s][info][gc,cpu      ] GC(1001) User=0.02s Sys=0.00s Real=0.01s
[483.935s][info][gc          ] GC(1002) Concurrent Mark Cycle
[483.935s][info][gc,marking  ] GC(1002) Concurrent Scan Root Regions
[483.943s][info][gc,marking  ] GC(1002) Concurrent Scan Root Regions 7.512ms
[483.943s][info][gc,marking  ] GC(1002) Concurrent Mark
[483.943s][info][gc,marking  ] GC(1002) Concurrent Mark From Roots
[483.943s][info][gc,task     ] GC(1002) Using 1 workers of 1 for marking
[484.030s][info][gc,marking  ] GC(1002) Concurrent Mark From Roots 87.174ms
[484.030s][info][gc,marking  ] GC(1002) Concurrent Preclean
[484.030s][info][gc,marking  ] GC(1002) Concurrent Preclean 0.055ms
[484.030s][info][gc,start    ] GC(1002) Pause Remark
[484.043s][info][gc          ] GC(1002) Pause Remark 225M->183M(534M) 12.830ms
[484.043s][info][gc,cpu      ] GC(1002) User=0.03s Sys=0.00s Real=0.02s
[484.043s][info][gc,marking  ] GC(1002) Concurrent Mark 100.430ms
[484.043s][info][gc,marking  ] GC(1002) Concurrent Rebuild Remembered Sets and Scrub Regions
[484.087s][info][gc,marking  ] GC(1002) Concurrent Rebuild Remembered Sets and Scrub Regions 43.777ms
[484.087s][info][gc,start    ] GC(1002) Pause Cleanup
[484.087s][info][gc          ] GC(1002) Pause Cleanup 195M->195M(534M) 0.060ms
[484.087s][info][gc,cpu      ] GC(1002) User=0.00s Sys=0.00s Real=0.00s
[484.087s][info][gc,marking  ] GC(1002) Concurrent Clear Claimed Marks
[484.087s][info][gc,marking  ] GC(1002) Concurrent Clear Claimed Marks 0.035ms
[484.087s][info][gc,marking  ] GC(1002) Concurrent Cleanup for Next Mark
[484.089s][info][gc,marking  ] GC(1002) Concurrent Cleanup for Next Mark 1.501ms
[484.089s][info][gc          ] GC(1002) Concurrent Mark Cycle 153.593ms
[484.558s][info][gc,start    ] GC(1003) Pause Young (Prepare Mixed) (G1 Evacuation Pause)
[484.558s][info][gc,task     ] GC(1003) Using 2 workers of 2 for evacuation
[484.584s][info][gc,phases   ] GC(1003)   Pre Evacuate Collection Set: 0.24ms
[484.584s][info][gc,phases   ] GC(1003)   Merge Heap Roots: 0.24ms
[484.584s][info][gc,phases   ] GC(1003)   Evacuate Collection Set: 25.27ms
[484.584s][info][gc,phases   ] GC(1003)   Post Evacuate Collection Set: 0.44ms
[484.584s][info][gc,phases   ] GC(1003)   Other: 0.09ms
[484.584s][info][gc,heap     ] GC(1003) Eden regions: 186->0(165)
[484.584s][info][gc,heap     ] GC(1003) Survivor regions: 2->24(24)
[484.584s][info][gc,heap     ] GC(1003) Old regions: 153->171
[484.584s][info][gc,heap     ] GC(1003) Humongous regions: 7->6
[484.584s][info][gc,metaspace] GC(1003) Metaspace: 43072K(43456K)->43072K(43456K) NonClass: 40263K(40512K)->40263K(40512K) Class: 2808K(2944K)->2808K(2944K)
[484.584s][info][gc          ] GC(1003) Pause Young (Prepare Mixed) (G1 Evacuation Pause) 347M->200M(534M) 26.505ms
[484.584s][info][gc,cpu      ] GC(1003) User=0.05s Sys=0.00s Real=0.03s
[485.054s][info][gc,start    ] GC(1004) Pause Young (Mixed) (G1 Evacuation Pause)
[485.054s][info][gc,task     ] GC(1004) Using 2 workers of 2 for evacuation
[485.083s][info][gc,phases   ] GC(1004)   Pre Evacuate Collection Set: 0.32ms
[485.083s][info][gc,phases   ] GC(1004)   Merge Heap Roots: 0.22ms
[485.083s][info][gc,phases   ] GC(1004)   Evacuate Collection Set: 27.05ms
[485.083s][info][gc,phases   ] GC(1004)   Post Evacuate Collection Set: 0.54ms
[485.083s][info][gc,phases   ] GC(1004)   Other: 0.09ms
[485.083s][info][gc,heap     ] GC(1004) Eden regions: 165->0(184)
[485.083s][info][gc,heap     ] GC(1004) Survivor regions: 24->23(24)
[485.083s][info][gc,heap     ] GC(1004) Old regions: 171->147
[485.083s][info][gc,heap     ] GC(1004) Humongous regions: 8->6
[485.083s][info][gc,metaspace] GC(1004) Metaspace: 43072K(43456K)->43072K(43456K) NonClass: 40263K(40512K)->40263K(40512K) Class: 2808K(2944K)->2808K(2944K)
[485.083s][info][gc          ] GC(1004) Pause Young (Mixed) (G1 Evacuation Pause) 367M->175M(534M) 28.409ms
[485.083s][info][gc,cpu      ] GC(1004) User=0.06s Sys=0.00s Real=0.03s
[485.601s][info][gc,start    ] GC(1005) Pause Young (Concurrent Start) (G1 Evacuation Pause)
[485.601s][info][gc,task     ] GC(1005) Using 2 workers of 2 for evacuation
[485.616s][info][gc,phases   ] GC(1005)   Pre Evacuate Collection Set: 0.26ms
[485.616s][info][gc,phases   ] GC(1005)   Merge Heap Roots: 0.13ms
[485.616s][info][gc,phases   ] GC(1005)   Evacuate Collection Set: 14.25ms
[485.616s][info][gc,phases   ] GC(1005)   Post Evacuate Collection Set: 0.46ms
[485.616s][info][gc,phases   ] GC(1005)   Other: 0.10ms
[485.616s][info][gc,heap     ] GC(1005) Eden regions: 184->0(200)
[485.616s][info][gc,heap     ] GC(1005) Survivor regions: 23->2(26)
[485.616s][info][gc,heap     ] GC(1005) Old regions: 147->169
[485.616s][info][gc,heap     ] GC(1005) Humongous regions: 6->6
[485.616s][info][gc,metaspace] GC(1005) Metaspace: 43072K(43456K)->43072K(43456K) NonClass: 40263K(40512K)->40263K(40512K) Class: 2808K(2944K)->2808K(2944K)
[485.616s][info][gc          ] GC(1005) Pause Young (Concurrent Start) (G1 Evacuation Pause) 359M->177M(534M) 15.426ms
[485.616s][info][gc,cpu      ] GC(1005) User=0.03s Sys=0.00s Real=0.02s
[485.616s][info][gc          ] GC(1006) Concurrent Mark Cycle
[485.616s][info][gc,marking  ] GC(1006) Concurrent Scan Root Regions
[485.625s][info][gc,marking  ] GC(1006) Concurrent Scan Root Regions 9.238ms
[485.625s][info][gc,marking  ] GC(1006) Concurrent Mark
[485.625s][info][gc,marking  ] GC(1006) Concurrent Mark From Roots
[485.625s][info][gc,task     ] GC(1006) Using 1 workers of 1 for marking
[485.718s][info][gc,marking  ] GC(1006) Concurrent Mark From Roots 92.540ms
[485.718s][info][gc,marking  ] GC(1006) Concurrent Preclean
[485.718s][info][gc,marking  ] GC(1006) Concurrent Preclean 0.042ms
[485.718s][info][gc,start    ] GC(1006) Pause Remark
[485.731s][info][gc          ] GC(1006) Pause Remark 208M->177M(487M) 13.115ms
[485.731s][info][gc,cpu      ] GC(1006) User=0.03s Sys=0.00s Real=0.01s
[485.731s][info][gc,marking  ] GC(1006) Concurrent Mark 105.970ms
[485.731s][info][gc,marking  ] GC(1006) Concurrent Rebuild Remembered Sets and Scrub Regions
[485.775s][info][gc,marking  ] GC(1006) Concurrent Rebuild Remembered Sets and Scrub Regions 43.893ms
[485.776s][info][gc,start    ] GC(1006) Pause Cleanup
[485.776s][info][gc          ] GC(1006) Pause Cleanup 192M->192M(487M) 0.053ms
[485.776s][info][gc,cpu      ] GC(1006) User=0.00s Sys=0.00s Real=0.00s
[485.776s][info][gc,marking  ] GC(1006) Concurrent Clear Claimed Marks
[485.776s][info][gc,marking  ] GC(1006) Concurrent Clear Claimed Marks 0.037ms
[485.776s][info][gc,marking  ] GC(1006) Concurrent Cleanup for Next Mark
[485.777s][info][gc,marking  ] GC(1006) Concurrent Cleanup for Next Mark 1.381ms
[485.777s][info][gc          ] GC(1006) Concurrent Mark Cycle 160.867ms
[486.186s][info][gc,start    ] GC(1007) Pause Young (Prepare Mixed) (G1 Evacuation Pause)
[486.186s][info][gc,task     ] GC(1007) Using 2 workers of 2 for evacuation
[486.188s][info][gc,phases   ] GC(1007)   Pre Evacuate Collection Set: 0.22ms
[486.188s][info][gc,phases   ] GC(1007)   Merge Heap Roots: 0.07ms
[486.188s][info][gc,phases   ] GC(1007)   Evacuate Collection Set: 1.89ms
[486.188s][info][gc,phases   ] GC(1007)   Post Evacuate Collection Set: 0.42ms
[486.188s][info][gc,phases   ] GC(1007)   Other: 0.07ms
[486.188s][info][gc,heap     ] GC(1007) Eden regions: 200->0(209)
[486.188s][info][gc,heap     ] GC(1007) Survivor regions: 2->2(26)
[486.188s][info][gc,heap     ] GC(1007) Old regions: 140->140
[486.188s][info][gc,heap     ] GC(1007) Humongous regions: 5->4
[486.188s][info][gc,metaspace] GC(1007) Metaspace: 43072K(43456K)->43072K(43456K) NonClass: 40263K(40512K)->40263K(40512K) Class: 2808K(2944K)->2808K(2944K)
[486.188s][info][gc          ] GC(1007) Pause Young (Prepare Mixed) (G1 Evacuation Pause) 347M->146M(487M) 2.847ms
[486.188s][info][gc,cpu      ] GC(1007) User=0.00s Sys=0.00s Real=0.00s
[486.597s][info][gc,start    ] GC(1008) Pause Young (Mixed) (G1 Evacuation Pause)
[486.597s][info][gc,task     ] GC(1008) Using 2 workers of 2 for evacuation
[486.603s][info][gc,phases   ] GC(1008)   Pre Evacuate Collection Set: 0.28ms
[486.603s][info][gc,phases   ] GC(1008)   Merge Heap Roots: 0.10ms
[486.603s][info][gc,phases   ] GC(1008)   Evacuate Collection Set: 5.18ms
[486.603s][info][gc,phases   ] GC(1008)   Post Evacuate Collection Set: 0.46ms
[486.603s][info][gc,phases   ] GC(1008)   Other: 0.07ms
[486.603s][info][gc,heap     ] GC(1008) Eden regions: 209->0(233)
[486.603s][info][gc,heap     ] GC(1008) Survivor regions: 2->5(27)
[486.603s][info][gc,heap     ] GC(1008) Old regions: 140->115
[486.603s][info][gc,heap     ] GC(1008) Humongous regions: 4->2
[486.603s][info][gc,metaspace] GC(1008) Metaspace: 43072K(43456K)->43072K(43456K) NonClass: 40263K(40512K)->40263K(40512K) Class: 2808K(2944K)->2808K(2944K)
[486.603s][info][gc          ] GC(1008) Pause Young (Mixed) (G1 Evacuation Pause) 355M->121M(487M) 6.355ms
[486.603s][info][gc,cpu      ] GC(1008) User=0.01s Sys=0.00s Real=0.01s
[486.964s][info][gc,start    ] GC(1009) Pause Young (Concurrent Start) (G1 Evacuation Pause)
[486.965s][info][gc,task     ] GC(1009) Using 2 workers of 2 for evacuation
[486.970s][info][gc,phases   ] GC(1009)   Pre Evacuate Collection Set: 0.24ms
[486.970s][info][gc,phases   ] GC(1009)   Merge Heap Roots: 0.06ms
[486.970s][info][gc,phases   ] GC(1009)   Evacuate Collection Set: 4.24ms
[486.970s][info][gc,phases   ] GC(1009)   Post Evacuate Collection Set: 0.47ms
[486.970s][info][gc,phases   ] GC(1009)   Other: 0.09ms
[486.970s][info][gc,heap     ] GC(1009) Eden regions: 233->0(247)
[486.970s][info][gc,heap     ] GC(1009) Survivor regions: 5->6(30)
[486.970s][info][gc,heap     ] GC(1009) Old regions: 115->115
[486.970s][info][gc,heap     ] GC(1009) Humongous regions: 2->2
[486.970s][info][gc,metaspace] GC(1009) Metaspace: 43072K(43456K)->43072K(43456K) NonClass: 40263K(40512K)->40263K(40512K) Class: 2808K(2944K)->2808K(2944K)
[486.970s][info][gc          ] GC(1009) Pause Young (Concurrent Start) (G1 Evacuation Pause) 354M->122M(487M) 5.285ms
[486.970s][info][gc          ] GC(1010) Concurrent Mark Cycle
[486.970s][info][gc,marking  ] GC(1010) Concurrent Scan Root Regions
[486.972s][info][gc,cpu      ] GC(1009) User=0.01s Sys=0.00s Real=0.01s
[486.972s][info][gc,marking  ] GC(1010) Concurrent Scan Root Regions 2.648ms
[486.972s][info][gc,marking  ] GC(1010) Concurrent Mark
[486.973s][info][gc,marking  ] GC(1010) Concurrent Mark From Roots
[486.973s][info][gc,task     ] GC(1010) Using 1 workers of 1 for marking
[487.043s][info][gc,marking  ] GC(1010) Concurrent Mark From Roots 70.877ms
[487.043s][info][gc,marking  ] GC(1010) Concurrent Preclean
[487.043s][info][gc,marking  ] GC(1010) Concurrent Preclean 0.041ms
[487.044s][info][gc,start    ] GC(1010) Pause Remark
[487.057s][info][gc          ] GC(1010) Pause Remark 166M->133M(307M) 13.100ms
[487.057s][info][gc,cpu      ] GC(1010) User=0.03s Sys=0.00s Real=0.01s
[487.057s][info][gc,marking  ] GC(1010) Concurrent Mark 84.306ms
[487.057s][info][gc,marking  ] GC(1010) Concurrent Rebuild Remembered Sets and Scrub Regions
[487.086s][info][gc,marking  ] GC(1010) Concurrent Rebuild Remembered Sets and Scrub Regions 29.141ms
[487.086s][info][gc,start    ] GC(1010) Pause Cleanup
[487.086s][info][gc          ] GC(1010) Pause Cleanup 141M->141M(307M) 0.046ms
[487.086s][info][gc,cpu      ] GC(1010) User=0.00s Sys=0.00s Real=0.00s
[487.086s][info][gc,marking  ] GC(1010) Concurrent Clear Claimed Marks
[487.086s][info][gc,marking  ] GC(1010) Concurrent Clear Claimed Marks 0.034ms
[487.086s][info][gc,marking  ] GC(1010) Concurrent Cleanup for Next Mark
[487.087s][info][gc,marking  ] GC(1010) Concurrent Cleanup for Next Mark 0.887ms
[487.087s][info][gc          ] GC(1010) Concurrent Mark Cycle 117.316ms
[487.583s][info][gc,start    ] GC(1011) Pause Young (Prepare Mixed) (G1 Evacuation Pause)
[487.583s][info][gc,task     ] GC(1011) Using 2 workers of 2 for evacuation
[487.596s][info][gc,phases   ] GC(1011)   Pre Evacuate Collection Set: 0.23ms
[487.596s][info][gc,phases   ] GC(1011)   Merge Heap Roots: 0.07ms
[487.596s][info][gc,phases   ] GC(1011)   Evacuate Collection Set: 10.75ms
[487.596s][info][gc,phases   ] GC(1011)   Post Evacuate Collection Set: 0.99ms
[487.596s][info][gc,phases   ] GC(1011)   Other: 0.07ms
[487.596s][info][gc,heap     ] GC(1011) Eden regions: 121->0(261)
[487.596s][info][gc,heap     ] GC(1011) Survivor regions: 6->9(32)
[487.596s][info][gc,heap     ] GC(1011) Old regions: 83->83
[487.596s][info][gc,heap     ] GC(1011) Humongous regions: 243->3
[487.596s][info][gc,metaspace] GC(1011) Metaspace: 43072K(43456K)->43072K(43456K) NonClass: 40263K(40512K)->40263K(40512K) Class: 2808K(2944K)->2808K(2944K)
[487.596s][info][gc          ] GC(1011) Pause Young (Prepare Mixed) (G1 Evacuation Pause) 452M->94M(462M) 12.311ms
[487.596s][info][gc,cpu      ] GC(1011) User=0.02s Sys=0.00s Real=0.01s
[488.259s][info][gc,start    ] GC(1012) Pause Young (Mixed) (G1 Evacuation Pause)
[488.259s][info][gc,task     ] GC(1012) Using 2 workers of 2 for evacuation
[488.285s][info][gc,phases   ] GC(1012)   Pre Evacuate Collection Set: 0.33ms
[488.285s][info][gc,phases   ] GC(1012)   Merge Heap Roots: 0.12ms
[488.285s][info][gc,phases   ] GC(1012)   Evacuate Collection Set: 24.90ms
[488.285s][info][gc,phases   ] GC(1012)   Post Evacuate Collection Set: 0.98ms
[488.285s][info][gc,phases   ] GC(1012)   Other: 0.08ms
[488.285s][info][gc,heap     ] GC(1012) Eden regions: 73->0(348)
[488.285s][info][gc,heap     ] GC(1012) Survivor regions: 9->17(34)
[488.285s][info][gc,heap     ] GC(1012) Old regions: 83->69
[488.285s][info][gc,heap     ] GC(1012) Humongous regions: 425->3
[488.285s][info][gc,metaspace] GC(1012) Metaspace: 43072K(43456K)->43072K(43456K) NonClass: 40263K(40512K)->40263K(40512K) Class: 2808K(2944K)->2808K(2944K)
[488.285s][info][gc          ] GC(1012) Pause Young (Mixed) (G1 Evacuation Pause) 589M->88M(609M) 26.624ms
[488.285s][info][gc,cpu      ] GC(1012) User=0.04s Sys=0.02s Real=0.03s
[488.287s][info][gc,start    ] GC(1013) Pause Young (Concurrent Start) (G1 Humongous Allocation)
[488.287s][info][gc,task     ] GC(1013) Using 2 workers of 2 for evacuation
[488.301s][info][gc,phases   ] GC(1013)   Pre Evacuate Collection Set: 0.22ms
[488.301s][info][gc,phases   ] GC(1013)   Merge Heap Roots: 0.04ms
[488.301s][info][gc,phases   ] GC(1013)   Evacuate Collection Set: 12.63ms
[488.301s][info][gc,phases   ] GC(1013)   Post Evacuate Collection Set: 0.55ms
[488.301s][info][gc,phases   ] GC(1013)   Other: 0.07ms
[488.301s][info][gc,heap     ] GC(1013) Eden regions: 1->0(349)
[488.301s][info][gc,heap     ] GC(1013) Survivor regions: 17->16(46)
[488.301s][info][gc,heap     ] GC(1013) Old regions: 69->69
[488.301s][info][gc,heap     ] GC(1013) Humongous regions: 3->1
[488.301s][info][gc,metaspace] GC(1013) Metaspace: 43072K(43456K)->43072K(43456K) NonClass: 40263K(40512K)->40263K(40512K) Class: 2808K(2944K)->2808K(2944K)
[488.301s][info][gc          ] GC(1013) Pause Young (Concurrent Start) (G1 Humongous Allocation) 88M->85M(609M) 13.685ms
[488.301s][info][gc,cpu      ] GC(1013) User=0.03s Sys=0.00s Real=0.01s
[488.301s][info][gc          ] GC(1014) Concurrent Mark Cycle
[488.301s][info][gc,marking  ] GC(1014) Concurrent Scan Root Regions
[488.310s][info][gc,marking  ] GC(1014) Concurrent Scan Root Regions 8.779ms
[488.310s][info][gc,marking  ] GC(1014) Concurrent Mark
[488.310s][info][gc,marking  ] GC(1014) Concurrent Mark From Roots
[488.310s][info][gc,task     ] GC(1014) Using 1 workers of 1 for marking
[488.379s][info][gc,marking  ] GC(1014) Concurrent Mark From Roots 69.176ms
[488.379s][info][gc,marking  ] GC(1014) Concurrent Preclean
[488.379s][info][gc,marking  ] GC(1014) Concurrent Preclean 0.047ms
[488.379s][info][gc,start    ] GC(1014) Pause Remark
[488.393s][info][gc          ] GC(1014) Pause Remark 156M->155M(490M) 13.216ms
[488.393s][info][gc,cpu      ] GC(1014) User=0.03s Sys=0.00s Real=0.02s
[488.393s][info][gc,marking  ] GC(1014) Concurrent Mark 82.734ms
[488.393s][info][gc,marking  ] GC(1014) Concurrent Rebuild Remembered Sets and Scrub Regions
[488.420s][info][gc,marking  ] GC(1014) Concurrent Rebuild Remembered Sets and Scrub Regions 27.258ms
[488.420s][info][gc,start    ] GC(1014) Pause Cleanup
[488.420s][info][gc          ] GC(1014) Pause Cleanup 178M->178M(490M) 0.063ms
[488.420s][info][gc,cpu      ] GC(1014) User=0.00s Sys=0.00s Real=0.00s
[488.420s][info][gc,marking  ] GC(1014) Concurrent Clear Claimed Marks
[488.420s][info][gc,marking  ] GC(1014) Concurrent Clear Claimed Marks 0.039ms
[488.420s][info][gc,marking  ] GC(1014) Concurrent Cleanup for Next Mark
[488.424s][info][gc,marking  ] GC(1014) Concurrent Cleanup for Next Mark 3.191ms
[488.424s][info][gc          ] GC(1014) Concurrent Mark Cycle 122.426ms
[489.066s][info][gc,start    ] GC(1015) Pause Young (Prepare Mixed) (G1 Evacuation Pause)
[489.066s][info][gc,task     ] GC(1015) Using 2 workers of 2 for evacuation
[489.104s][info][gc,phases   ] GC(1015)   Pre Evacuate Collection Set: 0.31ms
[489.104s][info][gc,phases   ] GC(1015)   Merge Heap Roots: 0.08ms
[489.104s][info][gc,phases   ] GC(1015)   Evacuate Collection Set: 35.98ms
[489.104s][info][gc,phases   ] GC(1015)   Post Evacuate Collection Set: 1.27ms
[489.104s][info][gc,phases   ] GC(1015)   Other: 0.09ms
[489.104s][info][gc,heap     ] GC(1015) Eden regions: 87->0(360)
[489.104s][info][gc,heap     ] GC(1015) Survivor regions: 16->28(44)
[489.104s][info][gc,heap     ] GC(1015) Old regions: 68->68
[489.104s][info][gc,heap     ] GC(1015) Humongous regions: 449->3
[489.104s][info][gc,metaspace] GC(1015) Metaspace: 43072K(43456K)->43072K(43456K) NonClass: 40263K(40512K)->40263K(40512K) Class: 2808K(2944K)->2808K(2944K)
[489.104s][info][gc          ] GC(1015) Pause Young (Prepare Mixed) (G1 Evacuation Pause) 619M->98M(648M) 37.923ms
[489.104s][info][gc,cpu      ] GC(1015) User=0.06s Sys=0.02s Real=0.04s
[490.036s][info][gc,start    ] GC(1016) Pause Young (Mixed) (G1 Evacuation Pause)
[490.036s][info][gc,task     ] GC(1016) Using 2 workers of 2 for evacuation
[490.049s][info][gc,phases   ] GC(1016)   Pre Evacuate Collection Set: 0.40ms
[490.049s][info][gc,phases   ] GC(1016)   Merge Heap Roots: 0.12ms
[490.049s][info][gc,phases   ] GC(1016)   Evacuate Collection Set: 11.87ms
[490.049s][info][gc,phases   ] GC(1016)   Post Evacuate Collection Set: 0.68ms
[490.049s][info][gc,phases   ] GC(1016)   Other: 0.08ms
[490.049s][info][gc,heap     ] GC(1016) Eden regions: 277->0(388)
[490.049s][info][gc,heap     ] GC(1016) Survivor regions: 28->7(49)
[490.049s][info][gc,heap     ] GC(1016) Old regions: 68->66
[490.049s][info][gc,heap     ] GC(1016) Humongous regions: 275->1
[490.049s][info][gc,metaspace] GC(1016) Metaspace: 43075K(43456K)->43075K(43456K) NonClass: 40267K(40512K)->40267K(40512K) Class: 2808K(2944K)->2808K(2944K)
[490.049s][info][gc          ] GC(1016) Pause Young (Mixed) (G1 Evacuation Pause) 647M->73M(659M) 13.328ms
[490.049s][info][gc,cpu      ] GC(1016) User=0.02s Sys=0.01s Real=0.01s
[490.841s][info][gc,start    ] GC(1017) Pause Young (Concurrent Start) (G1 Evacuation Pause)
[490.841s][info][gc,task     ] GC(1017) Using 2 workers of 2 for evacuation
[490.846s][info][gc,phases   ] GC(1017)   Pre Evacuate Collection Set: 0.23ms
[490.846s][info][gc,phases   ] GC(1017)   Merge Heap Roots: 0.09ms
[490.846s][info][gc,phases   ] GC(1017)   Evacuate Collection Set: 3.90ms
[490.846s][info][gc,phases   ] GC(1017)   Post Evacuate Collection Set: 0.68ms
[490.846s][info][gc,phases   ] GC(1017)   Other: 0.11ms
[490.846s][info][gc,heap     ] GC(1017) Eden regions: 388->0(388)
[490.846s][info][gc,heap     ] GC(1017) Survivor regions: 7->7(50)
[490.846s][info][gc,heap     ] GC(1017) Old regions: 66->66
[490.846s][info][gc,heap     ] GC(1017) Humongous regions: 1->1
[490.846s][info][gc,metaspace] GC(1017) Metaspace: 43082K(43456K)->43082K(43456K) NonClass: 40274K(40512K)->40274K(40512K) Class: 2808K(2944K)->2808K(2944K)
[490.846s][info][gc          ] GC(1017) Pause Young (Concurrent Start) (G1 Evacuation Pause) 461M->72M(659M) 5.197ms
[490.846s][info][gc,cpu      ] GC(1017) User=0.01s Sys=0.00s Real=0.01s
[490.847s][info][gc          ] GC(1018) Concurrent Mark Cycle
[490.847s][info][gc,marking  ] GC(1018) Concurrent Scan Root Regions
[490.851s][info][gc,marking  ] GC(1018) Concurrent Scan Root Regions 4.677ms
[490.851s][info][gc,marking  ] GC(1018) Concurrent Mark
[490.851s][info][gc,marking  ] GC(1018) Concurrent Mark From Roots
[490.851s][info][gc,task     ] GC(1018) Using 1 workers of 1 for marking
[490.922s][info][gc,marking  ] GC(1018) Concurrent Mark From Roots 70.753ms
[490.922s][info][gc,marking  ] GC(1018) Concurrent Preclean
[490.922s][info][gc,marking  ] GC(1018) Concurrent Preclean 0.118ms
[490.922s][info][gc,start    ] GC(1018) Pause Remark
[490.936s][info][gc          ] GC(1018) Pause Remark 103M->98M(256M) 13.174ms
[490.936s][info][gc,cpu      ] GC(1018) User=0.02s Sys=0.00s Real=0.01s
[490.936s][info][gc,marking  ] GC(1018) Concurrent Mark 84.334ms
[490.936s][info][gc,marking  ] GC(1018) Concurrent Rebuild Remembered Sets and Scrub Regions
[490.963s][info][gc,marking  ] GC(1018) Concurrent Rebuild Remembered Sets and Scrub Regions 26.947ms
[490.963s][info][gc,start    ] GC(1018) Pause Cleanup
[490.963s][info][gc          ] GC(1018) Pause Cleanup 109M->109M(256M) 0.042ms
[490.963s][info][gc,cpu      ] GC(1018) User=0.00s Sys=0.00s Real=0.00s
[490.963s][info][gc,marking  ] GC(1018) Concurrent Clear Claimed Marks
[490.963s][info][gc,marking  ] GC(1018) Concurrent Clear Claimed Marks 0.036ms
[490.963s][info][gc,marking  ] GC(1018) Concurrent Cleanup for Next Mark
[490.964s][info][gc,marking  ] GC(1018) Concurrent Cleanup for Next Mark 0.967ms
[490.964s][info][gc          ] GC(1018) Concurrent Mark Cycle 117.324ms
[491.186s][info][gc,start    ] GC(1019) Pause Young (Prepare Mixed) (G1 Evacuation Pause)
[491.186s][info][gc,task     ] GC(1019) Using 2 workers of 2 for evacuation
[491.193s][info][gc,phases   ] GC(1019)   Pre Evacuate Collection Set: 0.15ms
[491.193s][info][gc,phases   ] GC(1019)   Merge Heap Roots: 0.07ms
[491.193s][info][gc,phases   ] GC(1019)   Evacuate Collection Set: 5.95ms
[491.193s][info][gc,phases   ] GC(1019)   Post Evacuate Collection Set: 0.54ms
[491.193s][info][gc,phases   ] GC(1019)   Other: 0.07ms
[491.193s][info][gc,heap     ] GC(1019) Eden regions: 146->0(144)
[491.193s][info][gc,heap     ] GC(1019) Survivor regions: 7->9(20)
[491.193s][info][gc,heap     ] GC(1019) Old regions: 61->61
[491.193s][info][gc,heap     ] GC(1019) Humongous regions: 1->1
[491.193s][info][gc,metaspace] GC(1019) Metaspace: 43082K(43456K)->43082K(43456K) NonClass: 40274K(40512K)->40274K(40512K) Class: 2808K(2944K)->2808K(2944K)
[491.193s][info][gc          ] GC(1019) Pause Young (Prepare Mixed) (G1 Evacuation Pause) 213M->70M(256M) 6.968ms
[491.193s][info][gc,cpu      ] GC(1019) User=0.01s Sys=0.00s Real=0.01s
[491.488s][info][gc,start    ] GC(1020) Pause Young (Mixed) (G1 Evacuation Pause)
[491.488s][info][gc,task     ] GC(1020) Using 2 workers of 2 for evacuation
[491.493s][info][gc,phases   ] GC(1020)   Pre Evacuate Collection Set: 0.15ms
[491.493s][info][gc,phases   ] GC(1020)   Merge Heap Roots: 0.09ms
[491.493s][info][gc,phases   ] GC(1020)   Evacuate Collection Set: 4.29ms
[491.493s][info][gc,phases   ] GC(1020)   Post Evacuate Collection Set: 0.40ms
[491.493s][info][gc,phases   ] GC(1020)   Other: 0.07ms
[491.493s][info][gc,heap     ] GC(1020) Eden regions: 144->0(146)
[491.493s][info][gc,heap     ] GC(1020) Survivor regions: 9->7(20)
[491.493s][info][gc,heap     ] GC(1020) Old regions: 61->57
[491.493s][info][gc,heap     ] GC(1020) Humongous regions: 1->1
[491.493s][info][gc,metaspace] GC(1020) Metaspace: 43082K(43456K)->43082K(43456K) NonClass: 40274K(40512K)->40274K(40512K) Class: 2808K(2944K)->2808K(2944K)
[491.493s][info][gc          ] GC(1020) Pause Young (Mixed) (G1 Evacuation Pause) 214M->63M(256M) 5.178ms
[491.493s][info][gc,cpu      ] GC(1020) User=0.01s Sys=0.00s Real=0.01s
[491.832s][info][gc,start    ] GC(1021) Pause Young (Concurrent Start) (G1 Evacuation Pause)
[491.833s][info][gc,task     ] GC(1021) Using 2 workers of 2 for evacuation
[491.843s][info][gc,phases   ] GC(1021)   Pre Evacuate Collection Set: 0.16ms
[491.843s][info][gc,phases   ] GC(1021)   Merge Heap Roots: 0.05ms
[491.843s][info][gc,phases   ] GC(1021)   Evacuate Collection Set: 9.21ms
[491.843s][info][gc,phases   ] GC(1021)   Post Evacuate Collection Set: 0.55ms
[491.843s][info][gc,phases   ] GC(1021)   Other: 0.10ms
[491.843s][info][gc,heap     ] GC(1021) Eden regions: 146->0(142)
[491.843s][info][gc,heap     ] GC(1021) Survivor regions: 7->11(20)
[491.843s][info][gc,heap     ] GC(1021) Old regions: 57->57
[491.843s][info][gc,heap     ] GC(1021) Humongous regions: 1->1
[491.843s][info][gc,metaspace] GC(1021) Metaspace: 43082K(43456K)->43082K(43456K) NonClass: 40274K(40512K)->40274K(40512K) Class: 2808K(2944K)->2808K(2944K)
[491.843s][info][gc          ] GC(1021) Pause Young (Concurrent Start) (G1 Evacuation Pause) 209M->67M(256M) 10.272ms
[491.843s][info][gc,cpu      ] GC(1021) User=0.02s Sys=0.00s Real=0.01s
[491.844s][info][gc          ] GC(1022) Concurrent Mark Cycle
[491.844s][info][gc,marking  ] GC(1022) Concurrent Scan Root Regions
[491.850s][info][gc,marking  ] GC(1022) Concurrent Scan Root Regions 5.651ms
[491.850s][info][gc,marking  ] GC(1022) Concurrent Mark
[491.850s][info][gc,marking  ] GC(1022) Concurrent Mark From Roots
[491.850s][info][gc,task     ] GC(1022) Using 1 workers of 1 for marking
[491.943s][info][gc,marking  ] GC(1022) Concurrent Mark From Roots 92.888ms
[491.943s][info][gc,marking  ] GC(1022) Concurrent Preclean
[491.943s][info][gc,marking  ] GC(1022) Concurrent Preclean 0.111ms
[491.943s][info][gc,start    ] GC(1022) Pause Remark
[491.957s][info][gc          ] GC(1022) Pause Remark 105M->105M(256M) 14.152ms
[491.957s][info][gc,cpu      ] GC(1022) User=0.03s Sys=0.00s Real=0.01s
[491.957s][info][gc,marking  ] GC(1022) Concurrent Mark 107.482ms
[491.957s][info][gc,marking  ] GC(1022) Concurrent Rebuild Remembered Sets and Scrub Regions
[491.990s][info][gc,marking  ] GC(1022) Concurrent Rebuild Remembered Sets and Scrub Regions 33.019ms
[491.990s][info][gc,start    ] GC(1022) Pause Cleanup
[491.990s][info][gc          ] GC(1022) Pause Cleanup 118M->118M(256M) 0.044ms
[491.990s][info][gc,cpu      ] GC(1022) User=0.00s Sys=0.00s Real=0.00s
[491.991s][info][gc,marking  ] GC(1022) Concurrent Clear Claimed Marks
[491.991s][info][gc,marking  ] GC(1022) Concurrent Clear Claimed Marks 0.037ms
[491.991s][info][gc,marking  ] GC(1022) Concurrent Cleanup for Next Mark
[491.991s][info][gc,marking  ] GC(1022) Concurrent Cleanup for Next Mark 0.811ms
[491.991s][info][gc          ] GC(1022) Concurrent Mark Cycle 147.380ms
[492.188s][info][gc,start    ] GC(1023) Pause Young (Prepare Mixed) (G1 Evacuation Pause)
[492.188s][info][gc,task     ] GC(1023) Using 2 workers of 2 for evacuation
[492.196s][info][gc,phases   ] GC(1023)   Pre Evacuate Collection Set: 0.15ms
[492.196s][info][gc,phases   ] GC(1023)   Merge Heap Roots: 0.08ms
[492.196s][info][gc,phases   ] GC(1023)   Evacuate Collection Set: 7.25ms
[492.196s][info][gc,phases   ] GC(1023)   Post Evacuate Collection Set: 0.64ms
[492.196s][info][gc,phases   ] GC(1023)   Other: 0.09ms
[492.196s][info][gc,heap     ] GC(1023) Eden regions: 142->0(140)
[492.196s][info][gc,heap     ] GC(1023) Survivor regions: 11->13(20)
[492.196s][info][gc,heap     ] GC(1023) Old regions: 57->57
[492.196s][info][gc,heap     ] GC(1023) Humongous regions: 1->1
[492.196s][info][gc,metaspace] GC(1023) Metaspace: 43089K(43456K)->43089K(43456K) NonClass: 40281K(40512K)->40281K(40512K) Class: 2808K(2944K)->2808K(2944K)
[492.196s][info][gc          ] GC(1023) Pause Young (Prepare Mixed) (G1 Evacuation Pause) 209M->69M(256M) 8.397ms
[492.196s][info][gc,cpu      ] GC(1023) User=0.01s Sys=0.00s Real=0.01s
[492.514s][info][gc,start    ] GC(1024) Pause Young (Mixed) (G1 Evacuation Pause)
[492.514s][info][gc,task     ] GC(1024) Using 2 workers of 2 for evacuation
[492.531s][info][gc,phases   ] GC(1024)   Pre Evacuate Collection Set: 0.16ms
[492.531s][info][gc,phases   ] GC(1024)   Merge Heap Roots: 0.19ms
[492.531s][info][gc,phases   ] GC(1024)   Evacuate Collection Set: 15.83ms
[492.531s][info][gc,phases   ] GC(1024)   Post Evacuate Collection Set: 0.51ms
[492.531s][info][gc,phases   ] GC(1024)   Other: 0.08ms
[492.531s][info][gc,heap     ] GC(1024) Eden regions: 140->0(144)
[492.531s][info][gc,heap     ] GC(1024) Survivor regions: 13->9(20)
[492.531s][info][gc,heap     ] GC(1024) Old regions: 57->58
[492.531s][info][gc,heap     ] GC(1024) Humongous regions: 1->1
[492.531s][info][gc,metaspace] GC(1024) Metaspace: 43089K(43456K)->43089K(43456K) NonClass: 40281K(40512K)->40281K(40512K) Class: 2808K(2944K)->2808K(2944K)
[492.531s][info][gc          ] GC(1024) Pause Young (Mixed) (G1 Evacuation Pause) 209M->66M(256M) 17.012ms
[492.531s][info][gc,cpu      ] GC(1024) User=0.03s Sys=0.00s Real=0.01s
[493.218s][info][gc,start    ] GC(1025) Pause Young (Concurrent Start) (G1 Humongous Allocation)
[493.218s][info][gc,task     ] GC(1025) Using 2 workers of 2 for evacuation
[493.223s][info][gc,phases   ] GC(1025)   Pre Evacuate Collection Set: 0.16ms
[493.223s][info][gc,phases   ] GC(1025)   Merge Heap Roots: 0.07ms
[493.223s][info][gc,phases   ] GC(1025)   Evacuate Collection Set: 4.02ms
[493.223s][info][gc,phases   ] GC(1025)   Post Evacuate Collection Set: 0.42ms
[493.223s][info][gc,phases   ] GC(1025)   Other: 0.10ms
[493.223s][info][gc,heap     ] GC(1025) Eden regions: 110->0(149)
[493.223s][info][gc,heap     ] GC(1025) Survivor regions: 9->4(20)
[493.223s][info][gc,heap     ] GC(1025) Old regions: 58->58
[493.223s][info][gc,heap     ] GC(1025) Humongous regions: 1->1
[493.223s][info][gc,metaspace] GC(1025) Metaspace: 43089K(43456K)->43089K(43456K) NonClass: 40281K(40512K)->40281K(40512K) Class: 2808K(2944K)->2808K(2944K)
[493.223s][info][gc          ] GC(1025) Pause Young (Concurrent Start) (G1 Humongous Allocation) 175M->62M(256M) 4.954ms
[493.223s][info][gc,cpu      ] GC(1025) User=0.01s Sys=0.00s Real=0.01s
[493.223s][info][gc          ] GC(1026) Concurrent Mark Cycle
[493.223s][info][gc,marking  ] GC(1026) Concurrent Scan Root Regions
[493.226s][info][gc,marking  ] GC(1026) Concurrent Scan Root Regions 2.700ms
[493.226s][info][gc,marking  ] GC(1026) Concurrent Mark
[493.226s][info][gc,marking  ] GC(1026) Concurrent Mark From Roots
[493.226s][info][gc,task     ] GC(1026) Using 1 workers of 1 for marking
[493.302s][info][gc,marking  ] GC(1026) Concurrent Mark From Roots 76.882ms
[493.302s][info][gc,marking  ] GC(1026) Concurrent Preclean
[493.303s][info][gc,marking  ] GC(1026) Concurrent Preclean 0.213ms
[493.303s][info][gc,start    ] GC(1026) Pause Remark
[493.316s][info][gc          ] GC(1026) Pause Remark 77M->76M(256M) 13.124ms
[493.316s][info][gc,cpu      ] GC(1026) User=0.02s Sys=0.00s Real=0.01s
[493.316s][info][gc,marking  ] GC(1026) Concurrent Mark 90.919ms
[493.316s][info][gc,marking  ] GC(1026) Concurrent Rebuild Remembered Sets and Scrub Regions
[493.338s][info][gc,marking  ] GC(1026) Concurrent Rebuild Remembered Sets and Scrub Regions 21.474ms
[493.338s][info][gc,start    ] GC(1026) Pause Cleanup
[493.338s][info][gc          ] GC(1026) Pause Cleanup 80M->80M(256M) 0.046ms
[493.338s][info][gc,cpu      ] GC(1026) User=0.00s Sys=0.00s Real=0.00s
[493.338s][info][gc,marking  ] GC(1026) Concurrent Clear Claimed Marks
[493.338s][info][gc,marking  ] GC(1026) Concurrent Clear Claimed Marks 0.031ms
[493.338s][info][gc,marking  ] GC(1026) Concurrent Cleanup for Next Mark
[493.339s][info][gc,marking  ] GC(1026) Concurrent Cleanup for Next Mark 0.758ms
[493.339s][info][gc          ] GC(1026) Concurrent Mark Cycle 116.221ms
[494.067s][info][gc,start    ] GC(1027) Pause Young (Prepare Mixed) (G1 Evacuation Pause)
[494.067s][info][gc,task     ] GC(1027) Using 2 workers of 2 for evacuation
[494.080s][info][gc,phases   ] GC(1027)   Pre Evacuate Collection Set: 0.18ms
[494.080s][info][gc,phases   ] GC(1027)   Merge Heap Roots: 0.10ms
[494.080s][info][gc,phases   ] GC(1027)   Evacuate Collection Set: 11.92ms
[494.080s][info][gc,phases   ] GC(1027)   Post Evacuate Collection Set: 0.49ms
[494.080s][info][gc,phases   ] GC(1027)   Other: 0.07ms
[494.080s][info][gc,heap     ] GC(1027) Eden regions: 149->0(141)
[494.080s][info][gc,heap     ] GC(1027) Survivor regions: 4->12(20)
[494.080s][info][gc,heap     ] GC(1027) Old regions: 57->57
[494.080s][info][gc,heap     ] GC(1027) Humongous regions: 13->3
[494.080s][info][gc,metaspace] GC(1027) Metaspace: 43103K(43520K)->43103K(43520K) NonClass: 40295K(40576K)->40295K(40576K) Class: 2808K(2944K)->2808K(2944K)
[494.080s][info][gc          ] GC(1027) Pause Young (Prepare Mixed) (G1 Evacuation Pause) 222M->70M(256M) 12.957ms
[494.080s][info][gc,cpu      ] GC(1027) User=0.02s Sys=0.00s Real=0.01s
[494.369s][info][gc,start    ] GC(1028) Pause Young (Mixed) (G1 Evacuation Pause)
[494.369s][info][gc,task     ] GC(1028) Using 2 workers of 2 for evacuation
[494.396s][info][gc,phases   ] GC(1028)   Pre Evacuate Collection Set: 0.16ms
[494.397s][info][gc,phases   ] GC(1028)   Merge Heap Roots: 0.10ms
[494.397s][info][gc,phases   ] GC(1028)   Evacuate Collection Set: 26.43ms
[494.397s][info][gc,phases   ] GC(1028)   Post Evacuate Collection Set: 0.41ms
[494.397s][info][gc,phases   ] GC(1028)   Other: 0.07ms
[494.397s][info][gc,heap     ] GC(1028) Eden regions: 141->0(137)
[494.397s][info][gc,heap     ] GC(1028) Survivor regions: 12->16(20)
[494.397s][info][gc,heap     ] GC(1028) Old regions: 57->57
[494.397s][info][gc,heap     ] GC(1028) Humongous regions: 4->4
[494.397s][info][gc,metaspace] GC(1028) Metaspace: 43103K(43520K)->43103K(43520K) NonClass: 40295K(40576K)->40295K(40576K) Class: 2808K(2944K)->2808K(2944K)
[494.397s][info][gc          ] GC(1028) Pause Young (Mixed) (G1 Evacuation Pause) 212M->76M(256M) 27.368ms
[494.397s][info][gc,cpu      ] GC(1028) User=0.06s Sys=0.00s Real=0.03s
[494.660s][info][gc,start    ] GC(1029) Pause Young (Concurrent Start) (G1 Humongous Allocation)
[494.660s][info][gc,task     ] GC(1029) Using 2 workers of 2 for evacuation
[494.687s][info][gc,phases   ] GC(1029)   Pre Evacuate Collection Set: 0.16ms
[494.687s][info][gc,phases   ] GC(1029)   Merge Heap Roots: 0.06ms
[494.687s][info][gc,phases   ] GC(1029)   Evacuate Collection Set: 26.50ms
[494.687s][info][gc,phases   ] GC(1029)   Post Evacuate Collection Set: 0.42ms
[494.687s][info][gc,phases   ] GC(1029)   Other: 0.10ms
[494.687s][info][gc,heap     ] GC(1029) Eden regions: 126->0(130)
[494.687s][info][gc,heap     ] GC(1029) Survivor regions: 16->15(20)
[494.687s][info][gc,heap     ] GC(1029) Old regions: 57->73
[494.687s][info][gc,heap     ] GC(1029) Humongous regions: 4->4
[494.687s][info][gc,metaspace] GC(1029) Metaspace: 43103K(43520K)->43103K(43520K) NonClass: 40295K(40576K)->40295K(40576K) Class: 2808K(2944K)->2808K(2944K)
[494.687s][info][gc          ] GC(1029) Pause Young (Concurrent Start) (G1 Humongous Allocation) 201M->90M(256M) 27.440ms
[494.687s][info][gc,cpu      ] GC(1029) User=0.06s Sys=0.00s Real=0.03s
[494.687s][info][gc          ] GC(1030) Concurrent Mark Cycle
[494.688s][info][gc,marking  ] GC(1030) Concurrent Scan Root Regions
[494.723s][info][gc,marking  ] GC(1030) Concurrent Scan Root Regions 35.326ms
[494.723s][info][gc,marking  ] GC(1030) Concurrent Mark
[494.723s][info][gc,marking  ] GC(1030) Concurrent Mark From Roots
[494.723s][info][gc,task     ] GC(1030) Using 1 workers of 1 for marking
[494.861s][info][gc,marking  ] GC(1030) Concurrent Mark From Roots 137.860ms
[494.861s][info][gc,marking  ] GC(1030) Concurrent Preclean
[494.861s][info][gc,marking  ] GC(1030) Concurrent Preclean 0.057ms
[494.861s][info][gc,start    ] GC(1030) Pause Remark
[494.874s][info][gc          ] GC(1030) Pause Remark 137M->133M(256M) 13.222ms
[494.874s][info][gc,cpu      ] GC(1030) User=0.03s Sys=0.00s Real=0.02s
[494.874s][info][gc,marking  ] GC(1030) Concurrent Mark 151.441ms
[494.874s][info][gc,marking  ] GC(1030) Concurrent Rebuild Remembered Sets and Scrub Regions
[494.934s][info][gc,marking  ] GC(1030) Concurrent Rebuild Remembered Sets and Scrub Regions 59.157ms
[494.934s][info][gc,start    ] GC(1030) Pause Cleanup
[494.934s][info][gc          ] GC(1030) Pause Cleanup 159M->159M(256M) 0.040ms
[494.934s][info][gc,cpu      ] GC(1030) User=0.00s Sys=0.00s Real=0.00s
[494.934s][info][gc,marking  ] GC(1030) Concurrent Clear Claimed Marks
[494.934s][info][gc,marking  ] GC(1030) Concurrent Clear Claimed Marks 0.033ms
[494.934s][info][gc,marking  ] GC(1030) Concurrent Cleanup for Next Mark
[494.935s][info][gc,marking  ] GC(1030) Concurrent Cleanup for Next Mark 0.751ms
[494.935s][info][gc          ] GC(1030) Concurrent Mark Cycle 247.052ms
[495.055s][info][gc,start    ] GC(1031) Pause Young (Prepare Mixed) (G1 Evacuation Pause)
[495.056s][info][gc,task     ] GC(1031) Using 2 workers of 2 for evacuation
[495.084s][info][gc,phases   ] GC(1031)   Pre Evacuate Collection Set: 0.14ms
[495.084s][info][gc,phases   ] GC(1031)   Merge Heap Roots: 0.13ms
[495.084s][info][gc,phases   ] GC(1031)   Evacuate Collection Set: 27.71ms
[495.084s][info][gc,phases   ] GC(1031)   Post Evacuate Collection Set: 0.40ms
[495.084s][info][gc,phases   ] GC(1031)   Other: 0.11ms
[495.084s][info][gc,heap     ] GC(1031) Eden regions: 130->0(120)
[495.084s][info][gc,heap     ] GC(1031) Survivor regions: 15->14(19)
[495.084s][info][gc,heap     ] GC(1031) Old regions: 69->83
[495.084s][info][gc,heap     ] GC(1031) Humongous regions: 6->6
[495.084s][info][gc,metaspace] GC(1031) Metaspace: 43103K(43520K)->43103K(43520K) NonClass: 40295K(40576K)->40295K(40576K) Class: 2808K(2944K)->2808K(2944K)
[495.084s][info][gc          ] GC(1031) Pause Young (Prepare Mixed) (G1 Evacuation Pause) 218M->102M(256M) 28.675ms
[495.084s][info][gc,cpu      ] GC(1031) User=0.05s Sys=0.00s Real=0.03s
[495.320s][info][gc,start    ] GC(1032) Pause Young (Mixed) (G1 Evacuation Pause)
[495.320s][info][gc,task     ] GC(1032) Using 2 workers of 2 for evacuation
[495.351s][info][gc,phases   ] GC(1032)   Pre Evacuate Collection Set: 0.15ms
[495.351s][info][gc,phases   ] GC(1032)   Merge Heap Roots: 0.10ms
[495.351s][info][gc,phases   ] GC(1032)   Evacuate Collection Set: 30.04ms
[495.351s][info][gc,phases   ] GC(1032)   Post Evacuate Collection Set: 0.43ms
[495.351s][info][gc,phases   ] GC(1032)   Other: 0.07ms
[495.351s][info][gc,heap     ] GC(1032) Eden regions: 120->0(115)
[495.351s][info][gc,heap     ] GC(1032) Survivor regions: 14->13(17)
[495.351s][info][gc,heap     ] GC(1032) Old regions: 83->90
[495.351s][info][gc,heap     ] GC(1032) Humongous regions: 6->6
[495.351s][info][gc,metaspace] GC(1032) Metaspace: 43103K(43520K)->43103K(43520K) NonClass: 40295K(40576K)->40295K(40576K) Class: 2808K(2944K)->2808K(2944K)
[495.351s][info][gc          ] GC(1032) Pause Young (Mixed) (G1 Evacuation Pause) 222M->108M(256M) 30.973ms
[495.351s][info][gc,cpu      ] GC(1032) User=0.06s Sys=0.00s Real=0.03s
[495.467s][info][gc,start    ] GC(1033) Pause Young (Concurrent Start) (G1 Humongous Allocation)
[495.467s][info][gc,task     ] GC(1033) Using 2 workers of 2 for evacuation
[495.488s][info][gc,phases   ] GC(1033)   Pre Evacuate Collection Set: 0.16ms
[495.488s][info][gc,phases   ] GC(1033)   Merge Heap Roots: 0.07ms
[495.488s][info][gc,phases   ] GC(1033)   Evacuate Collection Set: 19.45ms
[495.488s][info][gc,phases   ] GC(1033)   Post Evacuate Collection Set: 1.18ms
[495.488s][info][gc,phases   ] GC(1033)   Other: 0.07ms
[495.488s][info][gc,heap     ] GC(1033) Eden regions: 56->0(225)
[495.488s][info][gc,heap     ] GC(1033) Survivor regions: 13->7(16)
[495.488s][info][gc,heap     ] GC(1033) Old regions: 90->103
[495.488s][info][gc,heap     ] GC(1033) Humongous regions: 6->6
[495.488s][info][gc,metaspace] GC(1033) Metaspace: 43103K(43520K)->43103K(43520K) NonClass: 40295K(40576K)->40295K(40576K) Class: 2808K(2944K)->2808K(2944K)
[495.488s][info][gc          ] GC(1033) Pause Young (Concurrent Start) (G1 Humongous Allocation) 164M->115M(387M) 21.110ms
[495.488s][info][gc,cpu      ] GC(1033) User=0.04s Sys=0.00s Real=0.02s
[495.488s][info][gc          ] GC(1034) Concurrent Mark Cycle
[495.488s][info][gc,marking  ] GC(1034) Concurrent Scan Root Regions
[495.517s][info][gc,marking  ] GC(1034) Concurrent Scan Root Regions 29.364ms
[495.517s][info][gc,marking  ] GC(1034) Concurrent Mark
[495.517s][info][gc,marking  ] GC(1034) Concurrent Mark From Roots
[495.517s][info][gc,task     ] GC(1034) Using 1 workers of 1 for marking
[495.680s][info][gc,marking  ] GC(1034) Concurrent Mark From Roots 162.527ms
[495.680s][info][gc,marking  ] GC(1034) Concurrent Preclean
[495.680s][info][gc,marking  ] GC(1034) Concurrent Preclean 0.044ms
[495.680s][info][gc,start    ] GC(1034) Pause Remark
[495.693s][info][gc          ] GC(1034) Pause Remark 141M->140M(387M) 13.457ms
[495.693s][info][gc,cpu      ] GC(1034) User=0.02s Sys=0.00s Real=0.02s
[495.694s][info][gc,marking  ] GC(1034) Concurrent Mark 176.568ms
[495.694s][info][gc,marking  ] GC(1034) Concurrent Rebuild Remembered Sets and Scrub Regions
[495.771s][info][gc,marking  ] GC(1034) Concurrent Rebuild Remembered Sets and Scrub Regions 76.968ms
[495.771s][info][gc,start    ] GC(1034) Pause Cleanup
[495.771s][info][gc          ] GC(1034) Pause Cleanup 165M->165M(387M) 0.050ms
[495.771s][info][gc,cpu      ] GC(1034) User=0.00s Sys=0.00s Real=0.00s
[495.772s][info][gc,marking  ] GC(1034) Concurrent Clear Claimed Marks
[495.772s][info][gc,marking  ] GC(1034) Concurrent Clear Claimed Marks 0.060ms
[495.772s][info][gc,marking  ] GC(1034) Concurrent Cleanup for Next Mark
[495.777s][info][gc,marking  ] GC(1034) Concurrent Cleanup for Next Mark 4.421ms
[495.777s][info][gc          ] GC(1034) Concurrent Mark Cycle 289.115ms
[497.260s][info][gc,start    ] GC(1035) Pause Young (Prepare Mixed) (G1 Evacuation Pause)
[497.260s][info][gc,task     ] GC(1035) Using 2 workers of 2 for evacuation
[497.304s][info][gc,phases   ] GC(1035)   Pre Evacuate Collection Set: 0.19ms
[497.304s][info][gc,phases   ] GC(1035)   Merge Heap Roots: 0.17ms
[497.304s][info][gc,phases   ] GC(1035)   Evacuate Collection Set: 42.50ms
[497.304s][info][gc,phases   ] GC(1035)   Post Evacuate Collection Set: 0.72ms
[497.304s][info][gc,phases   ] GC(1035)   Other: 0.10ms
[497.304s][info][gc,heap     ] GC(1035) Eden regions: 225->0(191)
[497.304s][info][gc,heap     ] GC(1035) Survivor regions: 7->29(29)
[497.304s][info][gc,heap     ] GC(1035) Old regions: 103->103
[497.304s][info][gc,heap     ] GC(1035) Humongous regions: 18->15
[497.304s][info][gc,metaspace] GC(1035) Metaspace: 43108K(43520K)->43108K(43520K) NonClass: 40300K(40576K)->40300K(40576K) Class: 2808K(2944K)->2808K(2944K)
[497.304s][info][gc          ] GC(1035) Pause Young (Prepare Mixed) (G1 Evacuation Pause) 352M->146M(387M) 43.896ms
[497.304s][info][gc,cpu      ] GC(1035) User=0.08s Sys=0.00s Real=0.05s
[499.521s][info][gc,start    ] GC(1036) Pause Young (Mixed) (G1 Evacuation Pause)
[499.521s][info][gc,task     ] GC(1036) Using 2 workers of 2 for evacuation
[499.568s][info][gc,phases   ] GC(1036)   Pre Evacuate Collection Set: 0.19ms
[499.568s][info][gc,phases   ] GC(1036)   Merge Heap Roots: 0.23ms
[499.568s][info][gc,phases   ] GC(1036)   Evacuate Collection Set: 46.29ms
[499.568s][info][gc,phases   ] GC(1036)   Post Evacuate Collection Set: 0.49ms
[499.568s][info][gc,phases   ] GC(1036)   Other: 0.07ms
[499.568s][info][gc,heap     ] GC(1036) Eden regions: 191->0(194)
[499.568s][info][gc,heap     ] GC(1036) Survivor regions: 29->9(28)
[499.568s][info][gc,heap     ] GC(1036) Old regions: 103->127
[499.568s][info][gc,heap     ] GC(1036) Humongous regions: 17->15
[499.568s][info][gc,metaspace] GC(1036) Metaspace: 43110K(43520K)->43110K(43520K) NonClass: 40302K(40576K)->40302K(40576K) Class: 2808K(2944K)->2808K(2944K)
[499.569s][info][gc          ] GC(1036) Pause Young (Mixed) (G1 Evacuation Pause) 339M->151M(387M) 47.457ms
[499.569s][info][gc,cpu      ] GC(1036) User=0.10s Sys=0.00s Real=0.05s
[500.201s][info][gc,start    ] GC(1037) Pause Young (Concurrent Start) (G1 Evacuation Pause)
[500.201s][info][gc,task     ] GC(1037) Using 2 workers of 2 for evacuation
[500.212s][info][gc,phases   ] GC(1037)   Pre Evacuate Collection Set: 0.22ms
[500.212s][info][gc,phases   ] GC(1037)   Merge Heap Roots: 0.06ms
[500.212s][info][gc,phases   ] GC(1037)   Evacuate Collection Set: 9.84ms
[500.212s][info][gc,phases   ] GC(1037)   Post Evacuate Collection Set: 0.41ms
[500.212s][info][gc,phases   ] GC(1037)   Other: 0.08ms
[500.212s][info][gc,heap     ] GC(1037) Eden regions: 194->0(194)
[500.212s][info][gc,heap     ] GC(1037) Survivor regions: 9->14(26)
[500.212s][info][gc,heap     ] GC(1037) Old regions: 127->127
[500.212s][info][gc,heap     ] GC(1037) Humongous regions: 15->15
[500.212s][info][gc,metaspace] GC(1037) Metaspace: 43110K(43520K)->43110K(43520K) NonClass: 40302K(40576K)->40302K(40576K) Class: 2808K(2944K)->2808K(2944K)
[500.212s][info][gc          ] GC(1037) Pause Young (Concurrent Start) (G1 Evacuation Pause) 345M->155M(387M) 10.771ms
[500.212s][info][gc          ] GC(1038) Concurrent Mark Cycle
[500.212s][info][gc,marking  ] GC(1038) Concurrent Scan Root Regions
[500.214s][info][gc,cpu      ] GC(1037) User=0.02s Sys=0.00s Real=0.02s
[500.218s][info][gc,marking  ] GC(1038) Concurrent Scan Root Regions 6.269ms
[500.218s][info][gc,marking  ] GC(1038) Concurrent Mark
[500.218s][info][gc,marking  ] GC(1038) Concurrent Mark From Roots
[500.218s][info][gc,task     ] GC(1038) Using 1 workers of 1 for marking
[500.244s][info][gc,marking  ] GC(1038) Concurrent Mark From Roots 25.602ms
[500.244s][info][gc,marking  ] GC(1038) Concurrent Preclean
[500.244s][info][gc,marking  ] GC(1038) Concurrent Preclean 0.052ms
[500.244s][info][gc,start    ] GC(1038) Pause Remark
[500.257s][info][gc          ] GC(1038) Pause Remark 161M->61M(256M) 13.108ms
[500.257s][info][gc,cpu      ] GC(1038) User=0.02s Sys=0.00s Real=0.01s
[500.257s][info][gc,marking  ] GC(1038) Concurrent Mark 39.002ms
[500.257s][info][gc,marking  ] GC(1038) Concurrent Rebuild Remembered Sets and Scrub Regions
[500.266s][info][gc,marking  ] GC(1038) Concurrent Rebuild Remembered Sets and Scrub Regions 9.270ms
[500.267s][info][gc,start    ] GC(1038) Pause Cleanup
[500.267s][info][gc          ] GC(1038) Pause Cleanup 63M->63M(256M) 0.037ms
[500.267s][info][gc,cpu      ] GC(1038) User=0.00s Sys=0.00s Real=0.00s
[500.267s][info][gc,marking  ] GC(1038) Concurrent Clear Claimed Marks
[500.267s][info][gc,marking  ] GC(1038) Concurrent Clear Claimed Marks 0.031ms
[500.267s][info][gc,marking  ] GC(1038) Concurrent Cleanup for Next Mark
[500.267s][info][gc,marking  ] GC(1038) Concurrent Cleanup for Next Mark 0.724ms
[500.267s][info][gc          ] GC(1038) Concurrent Mark Cycle 55.589ms
[500.907s][info][gc,start    ] GC(1039) Pause Young (Prepare Mixed) (G1 Evacuation Pause)
[500.907s][info][gc,task     ] GC(1039) Using 2 workers of 2 for evacuation
[500.919s][info][gc,phases   ] GC(1039)   Pre Evacuate Collection Set: 0.17ms
[500.919s][info][gc,phases   ] GC(1039)   Merge Heap Roots: 0.07ms
[500.919s][info][gc,phases   ] GC(1039)   Evacuate Collection Set: 11.88ms
[500.919s][info][gc,phases   ] GC(1039)   Post Evacuate Collection Set: 0.38ms
[500.919s][info][gc,phases   ] GC(1039)   Other: 0.07ms
[500.919s][info][gc,heap     ] GC(1039) Eden regions: 139->0(142)
[500.919s][info][gc,heap     ] GC(1039) Survivor regions: 14->11(20)
[500.919s][info][gc,heap     ] GC(1039) Old regions: 41->47
[500.919s][info][gc,heap     ] GC(1039) Humongous regions: 1->1
[500.919s][info][gc,metaspace] GC(1039) Metaspace: 43110K(43520K)->43110K(43520K) NonClass: 40302K(40576K)->40302K(40576K) Class: 2808K(2944K)->2808K(2944K)
[500.919s][info][gc          ] GC(1039) Pause Young (Prepare Mixed) (G1 Evacuation Pause) 194M->58M(256M) 12.751ms
[500.919s][info][gc,cpu      ] GC(1039) User=0.03s Sys=0.00s Real=0.01s
[501.714s][info][gc,start    ] GC(1040) Pause Young (Mixed) (G1 Evacuation Pause)
[501.714s][info][gc,task     ] GC(1040) Using 2 workers of 2 for evacuation
[501.718s][info][gc,phases   ] GC(1040)   Pre Evacuate Collection Set: 0.15ms
[501.718s][info][gc,phases   ] GC(1040)   Merge Heap Roots: 0.06ms
[501.718s][info][gc,phases   ] GC(1040)   Evacuate Collection Set: 3.26ms
[501.718s][info][gc,phases   ] GC(1040)   Post Evacuate Collection Set: 0.37ms
[501.718s][info][gc,phases   ] GC(1040)   Other: 0.06ms
[501.718s][info][gc,heap     ] GC(1040) Eden regions: 142->0(152)
[501.718s][info][gc,heap     ] GC(1040) Survivor regions: 11->1(20)
[501.718s][info][gc,heap     ] GC(1040) Old regions: 47->44
[501.718s][info][gc,heap     ] GC(1040) Humongous regions: 1->1
[501.718s][info][gc,metaspace] GC(1040) Metaspace: 43110K(43520K)->43110K(43520K) NonClass: 40302K(40576K)->40302K(40576K) Class: 2808K(2944K)->2808K(2944K)
[501.718s][info][gc          ] GC(1040) Pause Young (Mixed) (G1 Evacuation Pause) 200M->45M(256M) 4.068ms
[501.718s][info][gc,cpu      ] GC(1040) User=0.01s Sys=0.00s Real=0.00s
[502.534s][info][gc,start    ] GC(1041) Pause Young (Concurrent Start) (G1 Evacuation Pause)
[502.534s][info][gc,task     ] GC(1041) Using 2 workers of 2 for evacuation
[502.549s][info][gc,phases   ] GC(1041)   Pre Evacuate Collection Set: 0.26ms
[502.549s][info][gc,phases   ] GC(1041)   Merge Heap Roots: 0.09ms
[502.549s][info][gc,phases   ] GC(1041)   Evacuate Collection Set: 14.52ms
[502.549s][info][gc,phases   ] GC(1041)   Post Evacuate Collection Set: 0.42ms
[502.549s][info][gc,phases   ] GC(1041)   Other: 0.10ms
[502.549s][info][gc,heap     ] GC(1041) Eden regions: 152->0(138)
[502.549s][info][gc,heap     ] GC(1041) Survivor regions: 1->15(20)
[502.549s][info][gc,heap     ] GC(1041) Old regions: 44->44
[502.549s][info][gc,heap     ] GC(1041) Humongous regions: 1->1
[502.549s][info][gc,metaspace] GC(1041) Metaspace: 43110K(43520K)->43110K(43520K) NonClass: 40302K(40576K)->40302K(40576K) Class: 2808K(2944K)->2808K(2944K)
[502.549s][info][gc          ] GC(1041) Pause Young (Concurrent Start) (G1 Evacuation Pause) 197M->59M(256M) 15.589ms
[502.549s][info][gc,cpu      ] GC(1041) User=0.03s Sys=0.00s Real=0.01s
[502.549s][info][gc          ] GC(1042) Concurrent Mark Cycle
[502.550s][info][gc,marking  ] GC(1042) Concurrent Scan Root Regions
[502.559s][info][gc,marking  ] GC(1042) Concurrent Scan Root Regions 9.599ms
[502.559s][info][gc,marking  ] GC(1042) Concurrent Mark
[502.559s][info][gc,marking  ] GC(1042) Concurrent Mark From Roots
[502.559s][info][gc,task     ] GC(1042) Using 1 workers of 1 for marking
[502.593s][info][gc,marking  ] GC(1042) Concurrent Mark From Roots 33.634ms
[502.593s][info][gc,marking  ] GC(1042) Concurrent Preclean
[502.593s][info][gc,marking  ] GC(1042) Concurrent Preclean 0.036ms
[502.593s][info][gc,start    ] GC(1042) Pause Remark
[502.606s][info][gc          ] GC(1042) Pause Remark 66M->66M(256M) 13.319ms
[502.606s][info][gc,cpu      ] GC(1042) User=0.02s Sys=0.00s Real=0.01s
[502.606s][info][gc,marking  ] GC(1042) Concurrent Mark 47.288ms
[502.606s][info][gc,marking  ] GC(1042) Concurrent Rebuild Remembered Sets and Scrub Regions
[502.620s][info][gc,marking  ] GC(1042) Concurrent Rebuild Remembered Sets and Scrub Regions 13.201ms
[502.620s][info][gc,start    ] GC(1042) Pause Cleanup
[502.620s][info][gc          ] GC(1042) Pause Cleanup 69M->69M(256M) 0.038ms
[502.620s][info][gc,cpu      ] GC(1042) User=0.00s Sys=0.00s Real=0.00s
[502.620s][info][gc,marking  ] GC(1042) Concurrent Clear Claimed Marks
[502.620s][info][gc,marking  ] GC(1042) Concurrent Clear Claimed Marks 0.033ms
[502.620s][info][gc,marking  ] GC(1042) Concurrent Cleanup for Next Mark
[502.621s][info][gc,marking  ] GC(1042) Concurrent Cleanup for Next Mark 0.734ms
[502.621s][info][gc          ] GC(1042) Concurrent Mark Cycle 71.157ms
[503.366s][info][gc,start    ] GC(1043) Pause Young (Prepare Mixed) (G1 Evacuation Pause)
[503.366s][info][gc,task     ] GC(1043) Using 2 workers of 2 for evacuation
[503.385s][info][gc,phases   ] GC(1043)   Pre Evacuate Collection Set: 0.18ms
[503.385s][info][gc,phases   ] GC(1043)   Merge Heap Roots: 0.08ms
[503.385s][info][gc,phases   ] GC(1043)   Evacuate Collection Set: 18.35ms
[503.385s][info][gc,phases   ] GC(1043)   Post Evacuate Collection Set: 0.43ms
[503.385s][info][gc,phases   ] GC(1043)   Other: 0.12ms
[503.385s][info][gc,heap     ] GC(1043) Eden regions: 138->0(140)
[503.385s][info][gc,heap     ] GC(1043) Survivor regions: 15->13(20)
[503.385s][info][gc,heap     ] GC(1043) Old regions: 43->50
[503.385s][info][gc,heap     ] GC(1043) Humongous regions: 1->1
[503.385s][info][gc,metaspace] GC(1043) Metaspace: 43110K(43520K)->43110K(43520K) NonClass: 40302K(40576K)->40302K(40576K) Class: 2808K(2944K)->2808K(2944K)
[503.385s][info][gc          ] GC(1043) Pause Young (Prepare Mixed) (G1 Evacuation Pause) 197M->63M(256M) 19.348ms
[503.385s][info][gc,cpu      ] GC(1043) User=0.03s Sys=0.00s Real=0.02s
[504.149s][info][gc,start    ] GC(1044) Pause Young (Mixed) (G1 Evacuation Pause)
[504.149s][info][gc,task     ] GC(1044) Using 2 workers of 2 for evacuation
[504.173s][info][gc,phases   ] GC(1044)   Pre Evacuate Collection Set: 0.15ms
[504.173s][info][gc,phases   ] GC(1044)   Merge Heap Roots: 0.10ms
[504.173s][info][gc,phases   ] GC(1044)   Evacuate Collection Set: 23.14ms
[504.173s][info][gc,phases   ] GC(1044)   Post Evacuate Collection Set: 0.42ms
[504.173s][info][gc,phases   ] GC(1044)   Other: 0.07ms
[504.173s][info][gc,heap     ] GC(1044) Eden regions: 140->0(140)
[504.173s][info][gc,heap     ] GC(1044) Survivor regions: 13->13(20)
[504.173s][info][gc,heap     ] GC(1044) Old regions: 50->55
[504.173s][info][gc,heap     ] GC(1044) Humongous regions: 2->2
[504.173s][info][gc,metaspace] GC(1044) Metaspace: 43110K(43520K)->43110K(43520K) NonClass: 40302K(40576K)->40302K(40576K) Class: 2808K(2944K)->2808K(2944K)
[504.173s][info][gc          ] GC(1044) Pause Young (Mixed) (G1 Evacuation Pause) 204M->70M(256M) 24.063ms
[504.173s][info][gc,cpu      ] GC(1044) User=0.05s Sys=0.00s Real=0.03s
[504.903s][info][gc,start    ] GC(1045) Pause Young (Concurrent Start) (G1 Evacuation Pause)
[504.903s][info][gc,task     ] GC(1045) Using 2 workers of 2 for evacuation
[504.926s][info][gc,phases   ] GC(1045)   Pre Evacuate Collection Set: 0.18ms
[504.926s][info][gc,phases   ] GC(1045)   Merge Heap Roots: 0.06ms
[504.926s][info][gc,phases   ] GC(1045)   Evacuate Collection Set: 22.41ms
[504.926s][info][gc,phases   ] GC(1045)   Post Evacuate Collection Set: 0.46ms
[504.926s][info][gc,phases   ] GC(1045)   Other: 0.12ms
[504.926s][info][gc,heap     ] GC(1045) Eden regions: 140->0(140)
[504.926s][info][gc,heap     ] GC(1045) Survivor regions: 13->13(20)
[504.926s][info][gc,heap     ] GC(1045) Old regions: 55->68
[504.926s][info][gc,heap     ] GC(1045) Humongous regions: 2->2
[504.926s][info][gc,metaspace] GC(1045) Metaspace: 43110K(43520K)->43110K(43520K) NonClass: 40302K(40576K)->40302K(40576K) Class: 2808K(2944K)->2808K(2944K)
[504.926s][info][gc          ] GC(1045) Pause Young (Concurrent Start) (G1 Evacuation Pause) 210M->82M(256M) 23.418ms
[504.926s][info][gc,cpu      ] GC(1045) User=0.05s Sys=0.00s Real=0.02s
[504.926s][info][gc          ] GC(1046) Concurrent Mark Cycle
[504.927s][info][gc,marking  ] GC(1046) Concurrent Scan Root Regions
[504.944s][info][gc,marking  ] GC(1046) Concurrent Scan Root Regions 17.682ms
[504.944s][info][gc,marking  ] GC(1046) Concurrent Mark
[504.944s][info][gc,marking  ] GC(1046) Concurrent Mark From Roots
[504.944s][info][gc,task     ] GC(1046) Using 1 workers of 1 for marking
[504.983s][info][gc,marking  ] GC(1046) Concurrent Mark From Roots 39.175ms
[504.983s][info][gc,marking  ] GC(1046) Concurrent Preclean
[504.983s][info][gc,marking  ] GC(1046) Concurrent Preclean 0.039ms
[504.984s][info][gc,start    ] GC(1046) Pause Remark
[504.998s][info][gc          ] GC(1046) Pause Remark 99M->94M(256M) 13.911ms
[504.998s][info][gc,cpu      ] GC(1046) User=0.02s Sys=0.00s Real=0.01s
[504.999s][info][gc,marking  ] GC(1046) Concurrent Mark 54.777ms
[504.999s][info][gc,marking  ] GC(1046) Concurrent Rebuild Remembered Sets and Scrub Regions
[505.020s][info][gc,marking  ] GC(1046) Concurrent Rebuild Remembered Sets and Scrub Regions 21.270ms
[505.020s][info][gc,start    ] GC(1046) Pause Cleanup
[505.020s][info][gc          ] GC(1046) Pause Cleanup 104M->104M(256M) 0.041ms
[505.020s][info][gc,cpu      ] GC(1046) User=0.00s Sys=0.00s Real=0.00s
[505.021s][info][gc,marking  ] GC(1046) Concurrent Clear Claimed Marks
[505.021s][info][gc,marking  ] GC(1046) Concurrent Clear Claimed Marks 0.034ms
[505.021s][info][gc,marking  ] GC(1046) Concurrent Cleanup for Next Mark
[505.021s][info][gc,marking  ] GC(1046) Concurrent Cleanup for Next Mark 0.740ms
[505.021s][info][gc          ] GC(1046) Concurrent Mark Cycle 94.835ms
[505.289s][info][gc,start    ] GC(1047) Pause Young (Prepare Mixed) (G1 Evacuation Pause)
[505.289s][info][gc,task     ] GC(1047) Using 2 workers of 2 for evacuation
[505.310s][info][gc,phases   ] GC(1047)   Pre Evacuate Collection Set: 0.16ms
[505.310s][info][gc,phases   ] GC(1047)   Merge Heap Roots: 0.11ms
[505.310s][info][gc,phases   ] GC(1047)   Evacuate Collection Set: 20.76ms
[505.310s][info][gc,phases   ] GC(1047)   Post Evacuate Collection Set: 0.44ms
[505.310s][info][gc,phases   ] GC(1047)   Other: 0.07ms
[505.310s][info][gc,heap     ] GC(1047) Eden regions: 140->0(130)
[505.310s][info][gc,heap     ] GC(1047) Survivor regions: 13->20(20)
[505.310s][info][gc,heap     ] GC(1047) Old regions: 63->67
[505.310s][info][gc,heap     ] GC(1047) Humongous regions: 5->5
[505.310s][info][gc,metaspace] GC(1047) Metaspace: 43110K(43520K)->43110K(43520K) NonClass: 40302K(40576K)->40302K(40576K) Class: 2808K(2944K)->2808K(2944K)
[505.310s][info][gc          ] GC(1047) Pause Young (Prepare Mixed) (G1 Evacuation Pause) 220M->92M(256M) 21.743ms
[505.310s][info][gc,cpu      ] GC(1047) User=0.04s Sys=0.00s Real=0.02s
[505.587s][info][gc,start    ] GC(1048) Pause Young (Mixed) (G1 Evacuation Pause)
[505.587s][info][gc,task     ] GC(1048) Using 2 workers of 2 for evacuation
[505.622s][info][gc,phases   ] GC(1048)   Pre Evacuate Collection Set: 0.16ms
[505.622s][info][gc,phases   ] GC(1048)   Merge Heap Roots: 0.18ms
[505.622s][info][gc,phases   ] GC(1048)   Evacuate Collection Set: 33.85ms
[505.622s][info][gc,phases   ] GC(1048)   Post Evacuate Collection Set: 0.42ms
[505.622s][info][gc,phases   ] GC(1048)   Other: 0.07ms
[505.622s][info][gc,heap     ] GC(1048) Eden regions: 130->0(130)
[505.622s][info][gc,heap     ] GC(1048) Survivor regions: 20->16(19)
[505.622s][info][gc,heap     ] GC(1048) Old regions: 67->71
[505.622s][info][gc,heap     ] GC(1048) Humongous regions: 5->5
[505.622s][info][gc,metaspace] GC(1048) Metaspace: 43110K(43520K)->43110K(43520K) NonClass: 40302K(40576K)->40302K(40576K) Class: 2808K(2944K)->2808K(2944K)
[505.622s][info][gc          ] GC(1048) Pause Young (Mixed) (G1 Evacuation Pause) 222M->91M(259M) 34.876ms
[505.622s][info][gc,cpu      ] GC(1048) User=0.06s Sys=0.00s Real=0.04s
[505.661s][info][gc,start    ] GC(1049) Pause Young (Concurrent Start) (G1 Humongous Allocation)
[505.661s][info][gc,task     ] GC(1049) Using 2 workers of 2 for evacuation
[505.675s][info][gc,phases   ] GC(1049)   Pre Evacuate Collection Set: 0.15ms
[505.675s][info][gc,phases   ] GC(1049)   Merge Heap Roots: 0.04ms
[505.675s][info][gc,phases   ] GC(1049)   Evacuate Collection Set: 13.24ms
[505.675s][info][gc,phases   ] GC(1049)   Post Evacuate Collection Set: 0.27ms
[505.675s][info][gc,phases   ] GC(1049)   Other: 0.08ms
[505.675s][info][gc,heap     ] GC(1049) Eden regions: 17->0(128)
[505.675s][info][gc,heap     ] GC(1049) Survivor regions: 16->3(19)
[505.675s][info][gc,heap     ] GC(1049) Old regions: 71->86
[505.675s][info][gc,heap     ] GC(1049) Humongous regions: 5->5
[505.675s][info][gc,metaspace] GC(1049) Metaspace: 43110K(43520K)->43110K(43520K) NonClass: 40302K(40576K)->40302K(40576K) Class: 2808K(2944K)->2808K(2944K)
[505.675s][info][gc          ] GC(1049) Pause Young (Concurrent Start) (G1 Humongous Allocation) 108M->93M(259M) 13.987ms
[505.675s][info][gc          ] GC(1050) Concurrent Mark Cycle
[505.675s][info][gc,marking  ] GC(1050) Concurrent Scan Root Regions
[505.675s][info][gc,cpu      ] GC(1049) User=0.02s Sys=0.00s Real=0.02s
[505.699s][info][gc,marking  ] GC(1050) Concurrent Scan Root Regions 24.002ms
[505.699s][info][gc,marking  ] GC(1050) Concurrent Mark
[505.699s][info][gc,marking  ] GC(1050) Concurrent Mark From Roots
[505.699s][info][gc,task     ] GC(1050) Using 1 workers of 1 for marking
[505.750s][info][gc,marking  ] GC(1050) Concurrent Mark From Roots 51.224ms
[505.750s][info][gc,marking  ] GC(1050) Concurrent Preclean
[505.750s][info][gc,marking  ] GC(1050) Concurrent Preclean 0.040ms
[505.750s][info][gc,start    ] GC(1050) Pause Remark
[505.765s][info][gc          ] GC(1050) Pause Remark 116M->108M(259M) 14.625ms
[505.765s][info][gc,cpu      ] GC(1050) User=0.03s Sys=0.00s Real=0.02s
[505.768s][info][gc,marking  ] GC(1050) Concurrent Mark 69.033ms
[505.768s][info][gc,marking  ] GC(1050) Concurrent Rebuild Remembered Sets and Scrub Regions
[505.802s][info][gc,marking  ] GC(1050) Concurrent Rebuild Remembered Sets and Scrub Regions 34.283ms
[505.803s][info][gc,start    ] GC(1050) Pause Cleanup
[505.803s][info][gc          ] GC(1050) Pause Cleanup 124M->124M(259M) 0.060ms
[505.803s][info][gc,cpu      ] GC(1050) User=0.00s Sys=0.00s Real=0.00s
[505.803s][info][gc,marking  ] GC(1050) Concurrent Clear Claimed Marks
[505.803s][info][gc,marking  ] GC(1050) Concurrent Clear Claimed Marks 0.039ms
[505.803s][info][gc,marking  ] GC(1050) Concurrent Cleanup for Next Mark
[505.803s][info][gc,marking  ] GC(1050) Concurrent Cleanup for Next Mark 0.787ms
[505.803s][info][gc          ] GC(1050) Concurrent Mark Cycle 128.569ms
[505.996s][info][gc,start    ] GC(1051) Pause Young (Prepare Mixed) (G1 Evacuation Pause)
[505.996s][info][gc,task     ] GC(1051) Using 2 workers of 2 for evacuation
[506.017s][info][gc,phases   ] GC(1051)   Pre Evacuate Collection Set: 0.25ms
[506.017s][info][gc,phases   ] GC(1051)   Merge Heap Roots: 0.09ms
[506.017s][info][gc,phases   ] GC(1051)   Evacuate Collection Set: 20.28ms
[506.017s][info][gc,phases   ] GC(1051)   Post Evacuate Collection Set: 0.35ms
[506.017s][info][gc,phases   ] GC(1051)   Other: 0.08ms
[506.017s][info][gc,heap     ] GC(1051) Eden regions: 128->0(122)
[506.017s][info][gc,heap     ] GC(1051) Survivor regions: 3->17(17)
[506.017s][info][gc,heap     ] GC(1051) Old regions: 79->79
[506.017s][info][gc,heap     ] GC(1051) Humongous regions: 6->6
[506.017s][info][gc,metaspace] GC(1051) Metaspace: 43110K(43520K)->43110K(43520K) NonClass: 40302K(40576K)->40302K(40576K) Class: 2808K(2944K)->2808K(2944K)
[506.017s][info][gc          ] GC(1051) Pause Young (Prepare Mixed) (G1 Evacuation Pause) 215M->102M(259M) 21.284ms
[506.017s][info][gc,cpu      ] GC(1051) User=0.04s Sys=0.00s Real=0.02s
[506.277s][info][gc,start    ] GC(1052) Pause Young (Mixed) (G1 Evacuation Pause)
[506.277s][info][gc,task     ] GC(1052) Using 2 workers of 2 for evacuation
[506.312s][info][gc,phases   ] GC(1052)   Pre Evacuate Collection Set: 0.15ms
[506.312s][info][gc,phases   ] GC(1052)   Merge Heap Roots: 0.11ms
[506.312s][info][gc,phases   ] GC(1052)   Evacuate Collection Set: 33.96ms
[506.312s][info][gc,phases   ] GC(1052)   Post Evacuate Collection Set: 0.46ms
[506.312s][info][gc,phases   ] GC(1052)   Other: 0.10ms
[506.312s][info][gc,heap     ] GC(1052) Eden regions: 122->0(122)
[506.312s][info][gc,heap     ] GC(1052) Survivor regions: 17->15(18)
[506.312s][info][gc,heap     ] GC(1052) Old regions: 79->81
[506.312s][info][gc,heap     ] GC(1052) Humongous regions: 6->6
[506.312s][info][gc,metaspace] GC(1052) Metaspace: 43110K(43520K)->43110K(43520K) NonClass: 40302K(40576K)->40302K(40576K) Class: 2808K(2944K)->2808K(2944K)
[506.312s][info][gc          ] GC(1052) Pause Young (Mixed) (G1 Evacuation Pause) 224M->101M(259M) 34.983ms
[506.312s][info][gc,cpu      ] GC(1052) User=0.07s Sys=0.00s Real=0.03s
[506.369s][info][gc,start    ] GC(1053) Pause Young (Concurrent Start) (G1 Humongous Allocation)
[506.369s][info][gc,task     ] GC(1053) Using 2 workers of 2 for evacuation
[506.387s][info][gc,phases   ] GC(1053)   Pre Evacuate Collection Set: 0.17ms
[506.387s][info][gc,phases   ] GC(1053)   Merge Heap Roots: 0.06ms
[506.387s][info][gc,phases   ] GC(1053)   Evacuate Collection Set: 16.85ms
[506.387s][info][gc,phases   ] GC(1053)   Post Evacuate Collection Set: 1.05ms
[506.387s][info][gc,phases   ] GC(1053)   Other: 0.08ms
[506.387s][info][gc,heap     ] GC(1053) Eden regions: 24->0(207)
[506.387s][info][gc,heap     ] GC(1053) Survivor regions: 15->4(18)
[506.387s][info][gc,heap     ] GC(1053) Old regions: 81->96
[506.387s][info][gc,heap     ] GC(1053) Humongous regions: 6->6
[506.387s][info][gc,metaspace] GC(1053) Metaspace: 43110K(43520K)->43110K(43520K) NonClass: 40302K(40576K)->40302K(40576K) Class: 2808K(2944K)->2808K(2944K)
[506.387s][info][gc          ] GC(1053) Pause Young (Concurrent Start) (G1 Humongous Allocation) 125M->105M(371M) 18.416ms
[506.387s][info][gc,cpu      ] GC(1053) User=0.04s Sys=0.00s Real=0.02s
[506.387s][info][gc          ] GC(1054) Concurrent Mark Cycle
[506.387s][info][gc,marking  ] GC(1054) Concurrent Scan Root Regions
[506.402s][info][gc,marking  ] GC(1054) Concurrent Scan Root Regions 14.148ms
[506.402s][info][gc,marking  ] GC(1054) Concurrent Mark
[506.402s][info][gc,marking  ] GC(1054) Concurrent Mark From Roots
[506.402s][info][gc,task     ] GC(1054) Using 1 workers of 1 for marking
[506.491s][info][gc,marking  ] GC(1054) Concurrent Mark From Roots 89.687ms
[506.491s][info][gc,marking  ] GC(1054) Concurrent Preclean
[506.491s][info][gc,marking  ] GC(1054) Concurrent Preclean 0.042ms
[506.492s][info][gc,start    ] GC(1054) Pause Remark
[506.505s][info][gc          ] GC(1054) Pause Remark 128M->127M(364M) 13.487ms
[506.505s][info][gc,cpu      ] GC(1054) User=0.02s Sys=0.00s Real=0.02s
[506.505s][info][gc,marking  ] GC(1054) Concurrent Mark 103.534ms
[506.505s][info][gc,marking  ] GC(1054) Concurrent Rebuild Remembered Sets and Scrub Regions
[506.560s][info][gc,marking  ] GC(1054) Concurrent Rebuild Remembered Sets and Scrub Regions 55.130ms
[506.560s][info][gc,start    ] GC(1054) Pause Cleanup
[506.560s][info][gc          ] GC(1054) Pause Cleanup 145M->145M(364M) 0.048ms
[506.560s][info][gc,cpu      ] GC(1054) User=0.00s Sys=0.00s Real=0.00s
[506.561s][info][gc,marking  ] GC(1054) Concurrent Clear Claimed Marks
[506.561s][info][gc,marking  ] GC(1054) Concurrent Clear Claimed Marks 0.037ms
[506.561s][info][gc,marking  ] GC(1054) Concurrent Cleanup for Next Mark
[506.563s][info][gc,marking  ] GC(1054) Concurrent Cleanup for Next Mark 2.129ms
[506.563s][info][gc          ] GC(1054) Concurrent Mark Cycle 175.332ms
[507.849s][info][gc,start    ] GC(1055) Pause Young (Prepare Mixed) (G1 Evacuation Pause)
[507.849s][info][gc,task     ] GC(1055) Using 2 workers of 2 for evacuation
[507.892s][info][gc,phases   ] GC(1055)   Pre Evacuate Collection Set: 0.19ms
[507.892s][info][gc,phases   ] GC(1055)   Merge Heap Roots: 0.16ms
[507.892s][info][gc,phases   ] GC(1055)   Evacuate Collection Set: 41.46ms
[507.892s][info][gc,phases   ] GC(1055)   Post Evacuate Collection Set: 0.52ms
[507.892s][info][gc,phases   ] GC(1055)   Other: 0.08ms
[507.892s][info][gc,heap     ] GC(1055) Eden regions: 207->0(177)
[507.892s][info][gc,heap     ] GC(1055) Survivor regions: 4->26(27)
[507.892s][info][gc,heap     ] GC(1055) Old regions: 96->96
[507.892s][info][gc,heap     ] GC(1055) Humongous regions: 17->15
[507.892s][info][gc,metaspace] GC(1055) Metaspace: 43110K(43520K)->43110K(43520K) NonClass: 40302K(40576K)->40302K(40576K) Class: 2808K(2944K)->2808K(2944K)
[507.892s][info][gc          ] GC(1055) Pause Young (Prepare Mixed) (G1 Evacuation Pause) 323M->136M(364M) 42.595ms
[507.892s][info][gc,cpu      ] GC(1055) User=0.09s Sys=0.00s Real=0.04s
[508.503s][info][gc,start    ] GC(1056) Pause Young (Mixed) (G1 Evacuation Pause)
[508.504s][info][gc,task     ] GC(1056) Using 2 workers of 2 for evacuation
[508.547s][info][gc,phases   ] GC(1056)   Pre Evacuate Collection Set: 0.19ms
[508.547s][info][gc,phases   ] GC(1056)   Merge Heap Roots: 0.17ms
[508.547s][info][gc,phases   ] GC(1056)   Evacuate Collection Set: 42.91ms
[508.547s][info][gc,phases   ] GC(1056)   Post Evacuate Collection Set: 0.50ms
[508.547s][info][gc,phases   ] GC(1056)   Other: 0.07ms
[508.547s][info][gc,heap     ] GC(1056) Eden regions: 177->0(172)
[508.547s][info][gc,heap     ] GC(1056) Survivor regions: 26->11(26)
[508.547s][info][gc,heap     ] GC(1056) Old regions: 96->117
[508.547s][info][gc,heap     ] GC(1056) Humongous regions: 15->15
[508.547s][info][gc,metaspace] GC(1056) Metaspace: 43110K(43520K)->43110K(43520K) NonClass: 40302K(40576K)->40302K(40576K) Class: 2808K(2944K)->2808K(2944K)
[508.547s][info][gc          ] GC(1056) Pause Young (Mixed) (G1 Evacuation Pause) 313M->141M(364M) 44.040ms
[508.548s][info][gc,cpu      ] GC(1056) User=0.09s Sys=0.00s Real=0.04s
[509.383s][info][gc,start    ] GC(1057) Pause Young (Concurrent Start) (G1 Evacuation Pause)
[509.383s][info][gc,task     ] GC(1057) Using 2 workers of 2 for evacuation
[509.391s][info][gc,phases   ] GC(1057)   Pre Evacuate Collection Set: 0.20ms
[509.391s][info][gc,phases   ] GC(1057)   Merge Heap Roots: 0.05ms
[509.391s][info][gc,phases   ] GC(1057)   Evacuate Collection Set: 7.14ms
[509.391s][info][gc,phases   ] GC(1057)   Post Evacuate Collection Set: 0.39ms
[509.391s][info][gc,phases   ] GC(1057)   Other: 0.08ms
[509.391s][info][gc,heap     ] GC(1057) Eden regions: 172->0(180)
[509.391s][info][gc,heap     ] GC(1057) Survivor regions: 11->11(23)
[509.391s][info][gc,heap     ] GC(1057) Old regions: 117->117
[509.391s][info][gc,heap     ] GC(1057) Humongous regions: 15->15
[509.391s][info][gc,metaspace] GC(1057) Metaspace: 43110K(43520K)->43110K(43520K) NonClass: 40302K(40576K)->40302K(40576K) Class: 2808K(2944K)->2808K(2944K)
[509.391s][info][gc          ] GC(1057) Pause Young (Concurrent Start) (G1 Evacuation Pause) 313M->141M(364M) 8.066ms
[509.391s][info][gc,cpu      ] GC(1057) User=0.01s Sys=0.00s Real=0.00s
[509.391s][info][gc          ] GC(1058) Concurrent Mark Cycle
[509.391s][info][gc,marking  ] GC(1058) Concurrent Scan Root Regions
[509.401s][info][gc,marking  ] GC(1058) Concurrent Scan Root Regions 9.782ms
[509.401s][info][gc,marking  ] GC(1058) Concurrent Mark
[509.401s][info][gc,marking  ] GC(1058) Concurrent Mark From Roots
[509.401s][info][gc,task     ] GC(1058) Using 1 workers of 1 for marking
[509.433s][info][gc,marking  ] GC(1058) Concurrent Mark From Roots 31.728ms
[509.433s][info][gc,marking  ] GC(1058) Concurrent Preclean
[509.433s][info][gc,marking  ] GC(1058) Concurrent Preclean 0.038ms
[509.433s][info][gc,start    ] GC(1058) Pause Remark
[509.446s][info][gc          ] GC(1058) Pause Remark 148M->56M(256M) 13.125ms
[509.446s][info][gc,cpu      ] GC(1058) User=0.03s Sys=0.00s Real=0.01s
[509.447s][info][gc,marking  ] GC(1058) Concurrent Mark 46.036ms
[509.447s][info][gc,marking  ] GC(1058) Concurrent Rebuild Remembered Sets and Scrub Regions
[509.458s][info][gc,marking  ] GC(1058) Concurrent Rebuild Remembered Sets and Scrub Regions 11.294ms
[509.458s][info][gc,start    ] GC(1058) Pause Cleanup
[509.459s][info][gc          ] GC(1058) Pause Cleanup 59M->59M(256M) 0.053ms
[509.459s][info][gc,cpu      ] GC(1058) User=0.00s Sys=0.00s Real=0.00s
[509.459s][info][gc,marking  ] GC(1058) Concurrent Clear Claimed Marks
[509.459s][info][gc,marking  ] GC(1058) Concurrent Clear Claimed Marks 0.041ms
[509.459s][info][gc,marking  ] GC(1058) Concurrent Cleanup for Next Mark
[509.459s][info][gc,marking  ] GC(1058) Concurrent Cleanup for Next Mark 0.759ms
[509.459s][info][gc          ] GC(1058) Concurrent Mark Cycle 68.290ms
[510.170s][info][gc,start    ] GC(1059) Pause Young (Prepare Mixed) (G1 Evacuation Pause)
[510.170s][info][gc,task     ] GC(1059) Using 2 workers of 2 for evacuation
[510.178s][info][gc,phases   ] GC(1059)   Pre Evacuate Collection Set: 0.19ms
[510.178s][info][gc,phases   ] GC(1059)   Merge Heap Roots: 0.07ms
[510.178s][info][gc,phases   ] GC(1059)   Evacuate Collection Set: 7.50ms
[510.178s][info][gc,phases   ] GC(1059)   Post Evacuate Collection Set: 0.41ms
[510.178s][info][gc,phases   ] GC(1059)   Other: 0.07ms
[510.178s][info][gc,heap     ] GC(1059) Eden regions: 142->0(150)
[510.178s][info][gc,heap     ] GC(1059) Survivor regions: 11->3(20)
[510.178s][info][gc,heap     ] GC(1059) Old regions: 39->48
[510.178s][info][gc,heap     ] GC(1059) Humongous regions: 1->1
[510.178s][info][gc,metaspace] GC(1059) Metaspace: 43110K(43520K)->43110K(43520K) NonClass: 40302K(40576K)->40302K(40576K) Class: 2808K(2944K)->2808K(2944K)
[510.178s][info][gc          ] GC(1059) Pause Young (Prepare Mixed) (G1 Evacuation Pause) 192M->50M(256M) 8.415ms
[510.178s][info][gc,cpu      ] GC(1059) User=0.02s Sys=0.00s Real=0.01s
[510.935s][info][gc,start    ] GC(1060) Pause Young (Mixed) (G1 Evacuation Pause)
[510.935s][info][gc,task     ] GC(1060) Using 2 workers of 2 for evacuation
[510.951s][info][gc,phases   ] GC(1060)   Pre Evacuate Collection Set: 0.18ms
[510.951s][info][gc,phases   ] GC(1060)   Merge Heap Roots: 0.08ms
[510.951s][info][gc,phases   ] GC(1060)   Evacuate Collection Set: 15.46ms
[510.951s][info][gc,phases   ] GC(1060)   Post Evacuate Collection Set: 0.39ms
[510.951s][info][gc,phases   ] GC(1060)   Other: 0.07ms
[510.951s][info][gc,heap     ] GC(1060) Eden regions: 150->0(136)
[510.951s][info][gc,heap     ] GC(1060) Survivor regions: 3->17(20)
[510.951s][info][gc,heap     ] GC(1060) Old regions: 48->44
[510.951s][info][gc,heap     ] GC(1060) Humongous regions: 1->1
[510.951s][info][gc,metaspace] GC(1060) Metaspace: 43110K(43520K)->43110K(43520K) NonClass: 40302K(40576K)->40302K(40576K) Class: 2808K(2944K)->2808K(2944K)
[510.951s][info][gc          ] GC(1060) Pause Young (Mixed) (G1 Evacuation Pause) 200M->61M(256M) 16.379ms
[510.951s][info][gc,cpu      ] GC(1060) User=0.03s Sys=0.00s Real=0.01s
[511.433s][info][gc,start    ] GC(1061) Pause Young (Concurrent Start) (G1 Humongous Allocation)
[511.433s][info][gc,task     ] GC(1061) Using 2 workers of 2 for evacuation
[511.453s][info][gc,phases   ] GC(1061)   Pre Evacuate Collection Set: 0.17ms
[511.454s][info][gc,phases   ] GC(1061)   Merge Heap Roots: 0.05ms
[511.454s][info][gc,phases   ] GC(1061)   Evacuate Collection Set: 19.62ms
[511.454s][info][gc,phases   ] GC(1061)   Post Evacuate Collection Set: 0.39ms
[511.454s][info][gc,phases   ] GC(1061)   Other: 0.09ms
[511.454s][info][gc,heap     ] GC(1061) Eden regions: 81->0(144)
[511.454s][info][gc,heap     ] GC(1061) Survivor regions: 17->9(20)
[511.454s][info][gc,heap     ] GC(1061) Old regions: 44->60
[511.454s][info][gc,heap     ] GC(1061) Humongous regions: 1->1
[511.454s][info][gc,metaspace] GC(1061) Metaspace: 43110K(43520K)->43110K(43520K) NonClass: 40302K(40576K)->40302K(40576K) Class: 2808K(2944K)->2808K(2944K)
[511.454s][info][gc          ] GC(1061) Pause Young (Concurrent Start) (G1 Humongous Allocation) 141M->69M(256M) 20.501ms
[511.454s][info][gc          ] GC(1062) Concurrent Mark Cycle
[511.454s][info][gc,marking  ] GC(1062) Concurrent Scan Root Regions
[511.454s][info][gc,cpu      ] GC(1061) User=0.04s Sys=0.00s Real=0.02s
[511.468s][info][gc,marking  ] GC(1062) Concurrent Scan Root Regions 14.042ms
[511.468s][info][gc,marking  ] GC(1062) Concurrent Mark
[511.468s][info][gc,marking  ] GC(1062) Concurrent Mark From Roots
[511.468s][info][gc,task     ] GC(1062) Using 1 workers of 1 for marking
[511.506s][info][gc,marking  ] GC(1062) Concurrent Mark From Roots 37.935ms
[511.506s][info][gc,marking  ] GC(1062) Concurrent Preclean
[511.506s][info][gc,marking  ] GC(1062) Concurrent Preclean 0.036ms
[511.506s][info][gc,start    ] GC(1062) Pause Remark
[511.519s][info][gc          ] GC(1062) Pause Remark 81M->81M(256M) 13.365ms
[511.519s][info][gc,cpu      ] GC(1062) User=0.03s Sys=0.00s Real=0.01s
[511.519s][info][gc,marking  ] GC(1062) Concurrent Mark 51.686ms
[511.519s][info][gc,marking  ] GC(1062) Concurrent Rebuild Remembered Sets and Scrub Regions
[511.544s][info][gc,marking  ] GC(1062) Concurrent Rebuild Remembered Sets and Scrub Regions 24.439ms
[511.544s][info][gc,start    ] GC(1062) Pause Cleanup
[511.544s][info][gc          ] GC(1062) Pause Cleanup 86M->86M(256M) 0.040ms
[511.544s][info][gc,cpu      ] GC(1062) User=0.00s Sys=0.00s Real=0.00s
[511.544s][info][gc,marking  ] GC(1062) Concurrent Clear Claimed Marks
[511.544s][info][gc,marking  ] GC(1062) Concurrent Clear Claimed Marks 0.034ms
[511.544s][info][gc,marking  ] GC(1062) Concurrent Cleanup for Next Mark
[511.545s][info][gc,marking  ] GC(1062) Concurrent Cleanup for Next Mark 0.745ms
[511.545s][info][gc          ] GC(1062) Concurrent Mark Cycle 91.304ms
[512.239s][info][gc,start    ] GC(1063) Pause Young (Prepare Mixed) (G1 Evacuation Pause)
[512.239s][info][gc,task     ] GC(1063) Using 2 workers of 2 for evacuation
[512.254s][info][gc,phases   ] GC(1063)   Pre Evacuate Collection Set: 0.16ms
[512.254s][info][gc,phases   ] GC(1063)   Merge Heap Roots: 0.07ms
[512.254s][info][gc,phases   ] GC(1063)   Evacuate Collection Set: 14.31ms
[512.254s][info][gc,phases   ] GC(1063)   Post Evacuate Collection Set: 0.40ms
[512.254s][info][gc,phases   ] GC(1063)   Other: 0.08ms
[512.254s][info][gc,heap     ] GC(1063) Eden regions: 144->0(138)
[512.254s][info][gc,heap     ] GC(1063) Survivor regions: 9->15(20)
[512.254s][info][gc,heap     ] GC(1063) Old regions: 60->60
[512.254s][info][gc,heap     ] GC(1063) Humongous regions: 2->2
[512.254s][info][gc,metaspace] GC(1063) Metaspace: 43110K(43520K)->43110K(43520K) NonClass: 40302K(40576K)->40302K(40576K) Class: 2808K(2944K)->2808K(2944K)
[512.254s][info][gc          ] GC(1063) Pause Young (Prepare Mixed) (G1 Evacuation Pause) 214M->76M(256M) 15.204ms
[512.254s][info][gc,cpu      ] GC(1063) User=0.03s Sys=0.00s Real=0.02s
[512.930s][info][gc,start    ] GC(1064) Pause Young (Mixed) (G1 Evacuation Pause)
[512.930s][info][gc,task     ] GC(1064) Using 2 workers of 2 for evacuation
[512.958s][info][gc,phases   ] GC(1064)   Pre Evacuate Collection Set: 1.21ms
[512.958s][info][gc,phases   ] GC(1064)   Merge Heap Roots: 0.08ms
[512.958s][info][gc,phases   ] GC(1064)   Evacuate Collection Set: 25.81ms
[512.958s][info][gc,phases   ] GC(1064)   Post Evacuate Collection Set: 0.46ms
[512.958s][info][gc,phases   ] GC(1064)   Other: 0.07ms
[512.958s][info][gc,heap     ] GC(1064) Eden regions: 138->0(130)
[512.958s][info][gc,heap     ] GC(1064) Survivor regions: 15->16(20)
[512.958s][info][gc,heap     ] GC(1064) Old regions: 60->71
[512.958s][info][gc,heap     ] GC(1064) Humongous regions: 4->4
[512.958s][info][gc,metaspace] GC(1064) Metaspace: 43110K(43520K)->43110K(43520K) NonClass: 40302K(40576K)->40302K(40576K) Class: 2808K(2944K)->2808K(2944K)
[512.958s][info][gc          ] GC(1064) Pause Young (Mixed) (G1 Evacuation Pause) 216M->90M(256M) 27.849ms
[512.958s][info][gc,cpu      ] GC(1064) User=0.05s Sys=0.00s Real=0.03s
[512.999s][info][gc,start    ] GC(1065) Pause Young (Concurrent Start) (G1 Humongous Allocation)
[512.999s][info][gc,task     ] GC(1065) Using 2 workers of 2 for evacuation
[513.018s][info][gc,phases   ] GC(1065)   Pre Evacuate Collection Set: 0.21ms
[513.018s][info][gc,phases   ] GC(1065)   Merge Heap Roots: 0.06ms
[513.018s][info][gc,phases   ] GC(1065)   Evacuate Collection Set: 18.80ms
[513.018s][info][gc,phases   ] GC(1065)   Post Evacuate Collection Set: 0.32ms
[513.019s][info][gc,phases   ] GC(1065)   Other: 0.12ms
[513.019s][info][gc,heap     ] GC(1065) Eden regions: 9->0(138)
[513.019s][info][gc,heap     ] GC(1065) Survivor regions: 16->1(19)
[513.019s][info][gc,heap     ] GC(1065) Old regions: 71->86
[513.019s][info][gc,heap     ] GC(1065) Humongous regions: 4->2
[513.019s][info][gc,metaspace] GC(1065) Metaspace: 43110K(43520K)->43110K(43520K) NonClass: 40302K(40576K)->40302K(40576K) Class: 2808K(2944K)->2808K(2944K)
[513.019s][info][gc          ] GC(1065) Pause Young (Concurrent Start) (G1 Humongous Allocation) 99M->89M(256M) 19.691ms
[513.019s][info][gc,cpu      ] GC(1065) User=0.02s Sys=0.00s Real=0.02s
[513.019s][info][gc          ] GC(1066) Concurrent Mark Cycle
[513.019s][info][gc,marking  ] GC(1066) Concurrent Scan Root Regions
[513.031s][info][gc,marking  ] GC(1066) Concurrent Scan Root Regions 11.961ms
[513.031s][info][gc,marking  ] GC(1066) Concurrent Mark
[513.031s][info][gc,marking  ] GC(1066) Concurrent Mark From Roots
[513.031s][info][gc,task     ] GC(1066) Using 1 workers of 1 for marking
[513.070s][info][gc,marking  ] GC(1066) Concurrent Mark From Roots 39.746ms
[513.070s][info][gc,marking  ] GC(1066) Concurrent Preclean
[513.070s][info][gc,marking  ] GC(1066) Concurrent Preclean 0.033ms
[513.071s][info][gc,start    ] GC(1066) Pause Remark
[513.084s][info][gc          ] GC(1066) Pause Remark 100M->89M(256M) 13.139ms
[513.084s][info][gc,cpu      ] GC(1066) User=0.03s Sys=0.00s Real=0.02s
[513.084s][info][gc,marking  ] GC(1066) Concurrent Mark 53.284ms
[513.084s][info][gc,marking  ] GC(1066) Concurrent Rebuild Remembered Sets and Scrub Regions
[513.108s][info][gc,marking  ] GC(1066) Concurrent Rebuild Remembered Sets and Scrub Regions 24.379ms
[513.109s][info][gc,start    ] GC(1066) Pause Cleanup
[513.109s][info][gc          ] GC(1066) Pause Cleanup 98M->98M(256M) 0.048ms
[513.109s][info][gc,cpu      ] GC(1066) User=0.00s Sys=0.00s Real=0.00s
[513.109s][info][gc,marking  ] GC(1066) Concurrent Clear Claimed Marks
[513.109s][info][gc,marking  ] GC(1066) Concurrent Clear Claimed Marks 0.036ms
[513.109s][info][gc,marking  ] GC(1066) Concurrent Cleanup for Next Mark
[513.109s][info][gc,marking  ] GC(1066) Concurrent Cleanup for Next Mark 0.757ms
[513.109s][info][gc          ] GC(1066) Concurrent Mark Cycle 90.795ms
[513.640s][info][gc,start    ] GC(1067) Pause Young (Prepare Mixed) (G1 Evacuation Pause)
[513.640s][info][gc,task     ] GC(1067) Using 2 workers of 2 for evacuation
[513.644s][info][gc,phases   ] GC(1067)   Pre Evacuate Collection Set: 0.16ms
[513.644s][info][gc,phases   ] GC(1067)   Merge Heap Roots: 0.06ms
[513.644s][info][gc,phases   ] GC(1067)   Evacuate Collection Set: 3.17ms
[513.644s][info][gc,phases   ] GC(1067)   Post Evacuate Collection Set: 0.37ms
[513.644s][info][gc,phases   ] GC(1067)   Other: 0.07ms
[513.644s][info][gc,heap     ] GC(1067) Eden regions: 138->0(146)
[513.644s][info][gc,heap     ] GC(1067) Survivor regions: 1->4(18)
[513.644s][info][gc,heap     ] GC(1067) Old regions: 76->76
[513.644s][info][gc,heap     ] GC(1067) Humongous regions: 13->3
[513.644s][info][gc,metaspace] GC(1067) Metaspace: 43110K(43520K)->43110K(43520K) NonClass: 40302K(40576K)->40302K(40576K) Class: 2808K(2944K)->2808K(2944K)
[513.644s][info][gc          ] GC(1067) Pause Young (Prepare Mixed) (G1 Evacuation Pause) 228M->82M(256M) 3.997ms
[513.644s][info][gc,cpu      ] GC(1067) User=0.01s Sys=0.00s Real=0.01s
[514.181s][info][gc,start    ] GC(1068) Pause Young (Mixed) (G1 Evacuation Pause)
[514.181s][info][gc,task     ] GC(1068) Using 2 workers of 2 for evacuation
[514.195s][info][gc,phases   ] GC(1068)   Pre Evacuate Collection Set: 0.25ms
[514.195s][info][gc,phases   ] GC(1068)   Merge Heap Roots: 0.18ms
[514.195s][info][gc,phases   ] GC(1068)   Evacuate Collection Set: 13.34ms
[514.195s][info][gc,phases   ] GC(1068)   Post Evacuate Collection Set: 0.43ms
[514.195s][info][gc,phases   ] GC(1068)   Other: 0.07ms
[514.195s][info][gc,heap     ] GC(1068) Eden regions: 146->0(141)
[514.195s][info][gc,heap     ] GC(1068) Survivor regions: 4->12(19)
[514.195s][info][gc,heap     ] GC(1068) Old regions: 76->52
[514.195s][info][gc,heap     ] GC(1068) Humongous regions: 10->3
[514.195s][info][gc,metaspace] GC(1068) Metaspace: 43110K(43520K)->43110K(43520K) NonClass: 40302K(40576K)->40302K(40576K) Class: 2808K(2944K)->2808K(2944K)
[514.195s][info][gc          ] GC(1068) Pause Young (Mixed) (G1 Evacuation Pause) 235M->66M(256M) 14.442ms
[514.195s][info][gc,cpu      ] GC(1068) User=0.03s Sys=0.00s Real=0.02s
[514.201s][info][gc,start    ] GC(1069) Pause Young (Concurrent Start) (G1 Humongous Allocation)
[514.202s][info][gc,task     ] GC(1069) Using 2 workers of 2 for evacuation
[514.212s][info][gc,phases   ] GC(1069)   Pre Evacuate Collection Set: 0.15ms
[514.212s][info][gc,phases   ] GC(1069)   Merge Heap Roots: 0.03ms
[514.212s][info][gc,phases   ] GC(1069)   Evacuate Collection Set: 9.98ms
[514.212s][info][gc,phases   ] GC(1069)   Post Evacuate Collection Set: 0.29ms
[514.212s][info][gc,phases   ] GC(1069)   Other: 0.07ms
[514.212s][info][gc,heap     ] GC(1069) Eden regions: 2->0(137)
[514.212s][info][gc,heap     ] GC(1069) Survivor regions: 12->2(20)
[514.212s][info][gc,heap     ] GC(1069) Old regions: 52->64
[514.212s][info][gc,heap     ] GC(1069) Humongous regions: 3->3
[514.212s][info][gc,metaspace] GC(1069) Metaspace: 43110K(43520K)->43110K(43520K) NonClass: 40302K(40576K)->40302K(40576K) Class: 2808K(2944K)->2808K(2944K)
[514.212s][info][gc          ] GC(1069) Pause Young (Concurrent Start) (G1 Humongous Allocation) 68M->68M(256M) 10.671ms
[514.212s][info][gc,cpu      ] GC(1069) User=0.02s Sys=0.00s Real=0.02s
[514.212s][info][gc          ] GC(1070) Concurrent Mark Cycle
[514.212s][info][gc,marking  ] GC(1070) Concurrent Scan Root Regions
[514.220s][info][gc,marking  ] GC(1070) Concurrent Scan Root Regions 7.607ms
[514.220s][info][gc,marking  ] GC(1070) Concurrent Mark
[514.220s][info][gc,marking  ] GC(1070) Concurrent Mark From Roots
[514.220s][info][gc,task     ] GC(1070) Using 1 workers of 1 for marking
[514.269s][info][gc,marking  ] GC(1070) Concurrent Mark From Roots 48.833ms
[514.269s][info][gc,marking  ] GC(1070) Concurrent Preclean
[514.269s][info][gc,marking  ] GC(1070) Concurrent Preclean 0.040ms
[514.269s][info][gc,start    ] GC(1070) Pause Remark
[514.282s][info][gc          ] GC(1070) Pause Remark 80M->77M(256M) 12.956ms
[514.282s][info][gc,cpu      ] GC(1070) User=0.02s Sys=0.00s Real=0.01s
[514.282s][info][gc,marking  ] GC(1070) Concurrent Mark 62.008ms
[514.282s][info][gc,marking  ] GC(1070) Concurrent Rebuild Remembered Sets and Scrub Regions
[514.309s][info][gc,marking  ] GC(1070) Concurrent Rebuild Remembered Sets and Scrub Regions 27.141ms
[514.309s][info][gc,start    ] GC(1070) Pause Cleanup
[514.309s][info][gc          ] GC(1070) Pause Cleanup 85M->85M(256M) 0.053ms
[514.309s][info][gc,cpu      ] GC(1070) User=0.00s Sys=0.00s Real=0.00s
[514.309s][info][gc,marking  ] GC(1070) Concurrent Clear Claimed Marks
[514.309s][info][gc,marking  ] GC(1070) Concurrent Clear Claimed Marks 0.040ms
[514.309s][info][gc,marking  ] GC(1070) Concurrent Cleanup for Next Mark
[514.310s][info][gc,marking  ] GC(1070) Concurrent Cleanup for Next Mark 0.758ms
[514.310s][info][gc          ] GC(1070) Concurrent Mark Cycle 97.952ms
[514.733s][info][gc,start    ] GC(1071) Pause Young (Prepare Mixed) (G1 Evacuation Pause)
[514.733s][info][gc,task     ] GC(1071) Using 2 workers of 2 for evacuation
[514.747s][info][gc,phases   ] GC(1071)   Pre Evacuate Collection Set: 0.16ms
[514.747s][info][gc,phases   ] GC(1071)   Merge Heap Roots: 0.08ms
[514.747s][info][gc,phases   ] GC(1071)   Evacuate Collection Set: 12.56ms
[514.747s][info][gc,phases   ] GC(1071)   Post Evacuate Collection Set: 0.65ms
[514.747s][info][gc,phases   ] GC(1071)   Other: 0.07ms
[514.747s][info][gc,heap     ] GC(1071) Eden regions: 137->0(146)
[514.747s][info][gc,heap     ] GC(1071) Survivor regions: 2->14(18)
[514.747s][info][gc,heap     ] GC(1071) Old regions: 61->61
[514.747s][info][gc,heap     ] GC(1071) Humongous regions: 10->3
[514.747s][info][gc,metaspace] GC(1071) Metaspace: 43110K(43520K)->43110K(43520K) NonClass: 40302K(40576K)->40302K(40576K) Class: 2808K(2944K)->2808K(2944K)
[514.747s][info][gc          ] GC(1071) Pause Young (Prepare Mixed) (G1 Evacuation Pause) 209M->77M(285M) 13.725ms
[514.747s][info][gc,cpu      ] GC(1071) User=0.02s Sys=0.00s Real=0.01s
[515.267s][info][gc,start    ] GC(1072) Pause Young (Mixed) (G1 Evacuation Pause)
[515.267s][info][gc,task     ] GC(1072) Using 2 workers of 2 for evacuation
[515.306s][info][gc,phases   ] GC(1072)   Pre Evacuate Collection Set: 0.19ms
[515.306s][info][gc,phases   ] GC(1072)   Merge Heap Roots: 0.16ms
[515.306s][info][gc,phases   ] GC(1072)   Evacuate Collection Set: 37.52ms
[515.306s][info][gc,phases   ] GC(1072)   Post Evacuate Collection Set: 0.47ms
[515.306s][info][gc,phases   ] GC(1072)   Other: 0.11ms
[515.306s][info][gc,heap     ] GC(1072) Eden regions: 146->0(142)
[515.306s][info][gc,heap     ] GC(1072) Survivor regions: 14->20(20)
[515.306s][info][gc,heap     ] GC(1072) Old regions: 61->60
[515.306s][info][gc,heap     ] GC(1072) Humongous regions: 7->3
[515.306s][info][gc,metaspace] GC(1072) Metaspace: 43110K(43520K)->43110K(43520K) NonClass: 40302K(40576K)->40302K(40576K) Class: 2808K(2944K)->2808K(2944K)
[515.306s][info][gc          ] GC(1072) Pause Young (Mixed) (G1 Evacuation Pause) 227M->83M(285M) 38.631ms
[515.306s][info][gc,cpu      ] GC(1072) User=0.06s Sys=0.00s Real=0.04s
[515.566s][info][gc,start    ] GC(1073) Pause Young (Concurrent Start) (G1 Humongous Allocation)
[515.566s][info][gc,task     ] GC(1073) Using 2 workers of 2 for evacuation
[515.584s][info][gc,phases   ] GC(1073)   Pre Evacuate Collection Set: 0.18ms
[515.584s][info][gc,phases   ] GC(1073)   Merge Heap Roots: 0.07ms
[515.584s][info][gc,phases   ] GC(1073)   Evacuate Collection Set: 17.41ms
[515.584s][info][gc,phases   ] GC(1073)   Post Evacuate Collection Set: 0.37ms
[515.584s][info][gc,phases   ] GC(1073)   Other: 0.10ms
[515.584s][info][gc,heap     ] GC(1073) Eden regions: 65->0(141)
[515.584s][info][gc,heap     ] GC(1073) Survivor regions: 20->8(21)
[515.584s][info][gc,heap     ] GC(1073) Old regions: 60->71
[515.584s][info][gc,heap     ] GC(1073) Humongous regions: 3->1
[515.584s][info][gc,metaspace] GC(1073) Metaspace: 43110K(43520K)->43110K(43520K) NonClass: 40302K(40576K)->40302K(40576K) Class: 2808K(2944K)->2808K(2944K)
[515.585s][info][gc          ] GC(1073) Pause Young (Concurrent Start) (G1 Humongous Allocation) 147M->79M(285M) 18.290ms
[515.585s][info][gc,cpu      ] GC(1073) User=0.03s Sys=0.00s Real=0.02s
[515.585s][info][gc          ] GC(1074) Concurrent Mark Cycle
[515.585s][info][gc,marking  ] GC(1074) Concurrent Scan Root Regions
[515.598s][info][gc,marking  ] GC(1074) Concurrent Scan Root Regions 13.206ms
[515.598s][info][gc,marking  ] GC(1074) Concurrent Mark
[515.598s][info][gc,marking  ] GC(1074) Concurrent Mark From Roots
[515.598s][info][gc,task     ] GC(1074) Using 1 workers of 1 for marking
[515.643s][info][gc,marking  ] GC(1074) Concurrent Mark From Roots 44.754ms
[515.643s][info][gc,marking  ] GC(1074) Concurrent Preclean
[515.643s][info][gc,marking  ] GC(1074) Concurrent Preclean 0.038ms
[515.643s][info][gc,start    ] GC(1074) Pause Remark
[515.656s][info][gc          ] GC(1074) Pause Remark 97M->92M(264M) 13.037ms
[515.656s][info][gc,cpu      ] GC(1074) User=0.03s Sys=0.00s Real=0.01s
[515.656s][info][gc,marking  ] GC(1074) Concurrent Mark 58.126ms
[515.656s][info][gc,marking  ] GC(1074) Concurrent Rebuild Remembered Sets and Scrub Regions
[515.682s][info][gc,marking  ] GC(1074) Concurrent Rebuild Remembered Sets and Scrub Regions 25.853ms
[515.682s][info][gc,start    ] GC(1074) Pause Cleanup
[515.682s][info][gc          ] GC(1074) Pause Cleanup 98M->98M(264M) 0.073ms
[515.682s][info][gc,cpu      ] GC(1074) User=0.00s Sys=0.00s Real=0.01s
[515.682s][info][gc,marking  ] GC(1074) Concurrent Clear Claimed Marks
[515.682s][info][gc,marking  ] GC(1074) Concurrent Clear Claimed Marks 0.040ms
[515.682s][info][gc,marking  ] GC(1074) Concurrent Cleanup for Next Mark
[515.683s][info][gc,marking  ] GC(1074) Concurrent Cleanup for Next Mark 0.891ms
[515.683s][info][gc          ] GC(1074) Concurrent Mark Cycle 98.466ms
[516.173s][info][gc,start    ] GC(1075) Pause Young (Prepare Mixed) (G1 Evacuation Pause)
[516.173s][info][gc,task     ] GC(1075) Using 2 workers of 2 for evacuation
[516.189s][info][gc,phases   ] GC(1075)   Pre Evacuate Collection Set: 0.16ms
[516.189s][info][gc,phases   ] GC(1075)   Merge Heap Roots: 0.13ms
[516.189s][info][gc,phases   ] GC(1075)   Evacuate Collection Set: 14.34ms
[516.189s][info][gc,phases   ] GC(1075)   Post Evacuate Collection Set: 0.44ms
[516.189s][info][gc,phases   ] GC(1075)   Other: 0.08ms
[516.189s][info][gc,heap     ] GC(1075) Eden regions: 141->0(128)
[516.189s][info][gc,heap     ] GC(1075) Survivor regions: 8->17(19)
[516.189s][info][gc,heap     ] GC(1075) Old regions: 66->66
[516.189s][info][gc,heap     ] GC(1075) Humongous regions: 15->3
[516.189s][info][gc,metaspace] GC(1075) Metaspace: 43110K(43520K)->43110K(43520K) NonClass: 40302K(40576K)->40302K(40576K) Class: 2808K(2944K)->2808K(2944K)
[516.189s][info][gc          ] GC(1075) Pause Young (Prepare Mixed) (G1 Evacuation Pause) 229M->85M(264M) 15.311ms
[516.189s][info][gc,cpu      ] GC(1075) User=0.03s Sys=0.00s Real=0.01s
[516.621s][info][gc,start    ] GC(1076) Pause Young (Mixed) (G1 Evacuation Pause)
[516.621s][info][gc,task     ] GC(1076) Using 2 workers of 2 for evacuation
[516.638s][info][gc,phases   ] GC(1076)   Pre Evacuate Collection Set: 0.17ms
[516.638s][info][gc,phases   ] GC(1076)   Merge Heap Roots: 0.12ms
[516.638s][info][gc,phases   ] GC(1076)   Evacuate Collection Set: 15.92ms
[516.638s][info][gc,phases   ] GC(1076)   Post Evacuate Collection Set: 0.43ms
[516.638s][info][gc,phases   ] GC(1076)   Other: 0.07ms
[516.638s][info][gc,heap     ] GC(1076) Eden regions: 128->0(139)
[516.638s][info][gc,heap     ] GC(1076) Survivor regions: 17->8(19)
[516.638s][info][gc,heap     ] GC(1076) Old regions: 66->65
[516.638s][info][gc,heap     ] GC(1076) Humongous regions: 13->3
[516.638s][info][gc,metaspace] GC(1076) Metaspace: 43110K(43520K)->43110K(43520K) NonClass: 40302K(40576K)->40302K(40576K) Class: 2808K(2944K)->2808K(2944K)
[516.638s][info][gc          ] GC(1076) Pause Young (Mixed) (G1 Evacuation Pause) 223M->75M(264M) 16.886ms
[516.638s][info][gc,cpu      ] GC(1076) User=0.03s Sys=0.00s Real=0.02s
[516.724s][info][gc,start    ] GC(1077) Pause Young (Concurrent Start) (G1 Humongous Allocation)
[516.725s][info][gc,task     ] GC(1077) Using 2 workers of 2 for evacuation
[516.727s][info][gc,phases   ] GC(1077)   Pre Evacuate Collection Set: 0.16ms
[516.727s][info][gc,phases   ] GC(1077)   Merge Heap Roots: 0.04ms
[516.727s][info][gc,phases   ] GC(1077)   Evacuate Collection Set: 1.83ms
[516.727s][info][gc,phases   ] GC(1077)   Post Evacuate Collection Set: 0.28ms
[516.727s][info][gc,phases   ] GC(1077)   Other: 0.07ms
[516.727s][info][gc,heap     ] GC(1077) Eden regions: 23->0(149)
[516.727s][info][gc,heap     ] GC(1077) Survivor regions: 8->2(19)
[516.727s][info][gc,heap     ] GC(1077) Old regions: 65->65
[516.727s][info][gc,heap     ] GC(1077) Humongous regions: 3->1
[516.727s][info][gc,metaspace] GC(1077) Metaspace: 43110K(43520K)->43110K(43520K) NonClass: 40302K(40576K)->40302K(40576K) Class: 2808K(2944K)->2808K(2944K)
[516.727s][info][gc          ] GC(1077) Pause Young (Concurrent Start) (G1 Humongous Allocation) 98M->67M(264M) 2.570ms
[516.727s][info][gc,cpu      ] GC(1077) User=0.01s Sys=0.00s Real=0.00s
[516.727s][info][gc          ] GC(1078) Concurrent Mark Cycle
[516.727s][info][gc,marking  ] GC(1078) Concurrent Scan Root Regions
[516.729s][info][gc,marking  ] GC(1078) Concurrent Scan Root Regions 1.819ms
[516.729s][info][gc,marking  ] GC(1078) Concurrent Mark
[516.729s][info][gc,marking  ] GC(1078) Concurrent Mark From Roots
[516.729s][info][gc,task     ] GC(1078) Using 1 workers of 1 for marking
[516.775s][info][gc,marking  ] GC(1078) Concurrent Mark From Roots 45.861ms
[516.775s][info][gc,marking  ] GC(1078) Concurrent Preclean
[516.775s][info][gc,marking  ] GC(1078) Concurrent Preclean 0.047ms
[516.775s][info][gc,start    ] GC(1078) Pause Remark
[516.788s][info][gc          ] GC(1078) Pause Remark 82M->77M(256M) 12.878ms
[516.788s][info][gc,cpu      ] GC(1078) User=0.02s Sys=0.01s Real=0.01s
[516.788s][info][gc,marking  ] GC(1078) Concurrent Mark 59.111ms
[516.788s][info][gc,marking  ] GC(1078) Concurrent Rebuild Remembered Sets and Scrub Regions
[516.810s][info][gc,marking  ] GC(1078) Concurrent Rebuild Remembered Sets and Scrub Regions 22.207ms
[516.810s][info][gc,start    ] GC(1078) Pause Cleanup
[516.811s][info][gc          ] GC(1078) Pause Cleanup 82M->82M(256M) 0.056ms
[516.811s][info][gc,cpu      ] GC(1078) User=0.00s Sys=0.00s Real=0.00s
[516.811s][info][gc,marking  ] GC(1078) Concurrent Clear Claimed Marks
[516.811s][info][gc,marking  ] GC(1078) Concurrent Clear Claimed Marks 0.036ms
[516.811s][info][gc,marking  ] GC(1078) Concurrent Cleanup for Next Mark
[516.811s][info][gc,marking  ] GC(1078) Concurrent Cleanup for Next Mark 0.778ms
[516.811s][info][gc          ] GC(1078) Concurrent Mark Cycle 84.339ms
[517.293s][info][gc,start    ] GC(1079) Pause Young (Prepare Mixed) (G1 Evacuation Pause)
[517.293s][info][gc,task     ] GC(1079) Using 2 workers of 2 for evacuation
[517.300s][info][gc,phases   ] GC(1079)   Pre Evacuate Collection Set: 0.16ms
[517.300s][info][gc,phases   ] GC(1079)   Merge Heap Roots: 0.06ms
[517.300s][info][gc,phases   ] GC(1079)   Evacuate Collection Set: 6.40ms
[517.300s][info][gc,phases   ] GC(1079)   Post Evacuate Collection Set: 0.41ms
[517.300s][info][gc,phases   ] GC(1079)   Other: 0.07ms
[517.300s][info][gc,heap     ] GC(1079) Eden regions: 149->0(144)
[517.300s][info][gc,heap     ] GC(1079) Survivor regions: 2->9(19)
[517.300s][info][gc,heap     ] GC(1079) Old regions: 60->60
[517.300s][info][gc,heap     ] GC(1079) Humongous regions: 15->3
[517.300s][info][gc,metaspace] GC(1079) Metaspace: 43110K(43520K)->43110K(43520K) NonClass: 40302K(40576K)->40302K(40576K) Class: 2808K(2944K)->2808K(2944K)
[517.300s][info][gc          ] GC(1079) Pause Young (Prepare Mixed) (G1 Evacuation Pause) 225M->71M(256M) 7.294ms
[517.300s][info][gc,cpu      ] GC(1079) User=0.02s Sys=0.00s Real=0.00s
[517.788s][info][gc,start    ] GC(1080) Pause Young (Mixed) (G1 Evacuation Pause)
[517.788s][info][gc,task     ] GC(1080) Using 2 workers of 2 for evacuation
[517.830s][info][gc,phases   ] GC(1080)   Pre Evacuate Collection Set: 0.26ms
[517.830s][info][gc,phases   ] GC(1080)   Merge Heap Roots: 0.13ms
[517.830s][info][gc,phases   ] GC(1080)   Evacuate Collection Set: 40.99ms
[517.830s][info][gc,phases   ] GC(1080)   Post Evacuate Collection Set: 0.48ms
[517.830s][info][gc,phases   ] GC(1080)   Other: 0.09ms
[517.830s][info][gc,heap     ] GC(1080) Eden regions: 144->0(133)
[517.830s][info][gc,heap     ] GC(1080) Survivor regions: 9->20(20)
[517.830s][info][gc,heap     ] GC(1080) Old regions: 60->52
[517.830s][info][gc,heap     ] GC(1080) Humongous regions: 3->3
[517.830s][info][gc,metaspace] GC(1080) Metaspace: 43110K(43520K)->43110K(43520K) NonClass: 40302K(40576K)->40302K(40576K) Class: 2808K(2944K)->2808K(2944K)
[517.830s][info][gc          ] GC(1080) Pause Young (Mixed) (G1 Evacuation Pause) 215M->74M(256M) 42.137ms
[517.830s][info][gc,cpu      ] GC(1080) User=0.05s Sys=0.00s Real=0.04s
[518.380s][info][gc,start    ] GC(1081) Pause Young (Concurrent Start) (G1 Evacuation Pause)
[518.381s][info][gc,task     ] GC(1081) Using 2 workers of 2 for evacuation
[518.405s][info][gc,phases   ] GC(1081)   Pre Evacuate Collection Set: 0.18ms
[518.405s][info][gc,phases   ] GC(1081)   Merge Heap Roots: 0.12ms
[518.405s][info][gc,phases   ] GC(1081)   Evacuate Collection Set: 23.90ms
[518.405s][info][gc,phases   ] GC(1081)   Post Evacuate Collection Set: 0.44ms
[518.405s][info][gc,phases   ] GC(1081)   Other: 0.11ms
[518.405s][info][gc,heap     ] GC(1081) Eden regions: 133->0(134)
[518.405s][info][gc,heap     ] GC(1081) Survivor regions: 20->12(20)
[518.405s][info][gc,heap     ] GC(1081) Old regions: 52->64
[518.405s][info][gc,heap     ] GC(1081) Humongous regions: 3->3
[518.405s][info][gc,metaspace] GC(1081) Metaspace: 43110K(43520K)->43110K(43520K) NonClass: 40302K(40576K)->40302K(40576K) Class: 2808K(2944K)->2808K(2944K)
[518.405s][info][gc          ] GC(1081) Pause Young (Concurrent Start) (G1 Evacuation Pause) 207M->78M(256M) 24.927ms
[518.405s][info][gc,cpu      ] GC(1081) User=0.05s Sys=0.00s Real=0.03s
[518.405s][info][gc          ] GC(1082) Concurrent Mark Cycle
[518.406s][info][gc,marking  ] GC(1082) Concurrent Scan Root Regions
[518.424s][info][gc,marking  ] GC(1082) Concurrent Scan Root Regions 18.124ms
[518.424s][info][gc,marking  ] GC(1082) Concurrent Mark
[518.424s][info][gc,marking  ] GC(1082) Concurrent Mark From Roots
[518.424s][info][gc,task     ] GC(1082) Using 1 workers of 1 for marking
[518.546s][info][gc,marking  ] GC(1082) Concurrent Mark From Roots 122.750ms
[518.546s][info][gc,marking  ] GC(1082) Concurrent Preclean
[518.547s][info][gc,marking  ] GC(1082) Concurrent Preclean 0.042ms
[518.547s][info][gc,start    ] GC(1082) Pause Remark
[518.560s][info][gc          ] GC(1082) Pause Remark 105M->105M(256M) 13.102ms
[518.560s][info][gc,cpu      ] GC(1082) User=0.02s Sys=0.00s Real=0.01s
[518.560s][info][gc,marking  ] GC(1082) Concurrent Mark 136.167ms
[518.560s][info][gc,marking  ] GC(1082) Concurrent Rebuild Remembered Sets and Scrub Regions
[518.594s][info][gc,marking  ] GC(1082) Concurrent Rebuild Remembered Sets and Scrub Regions 33.794ms
[518.594s][info][gc,start    ] GC(1082) Pause Cleanup
[518.594s][info][gc          ] GC(1082) Pause Cleanup 118M->118M(256M) 0.055ms
[518.594s][info][gc,cpu      ] GC(1082) User=0.00s Sys=0.00s Real=0.00s
[518.594s][info][gc,marking  ] GC(1082) Concurrent Clear Claimed Marks
[518.594s][info][gc,marking  ] GC(1082) Concurrent Clear Claimed Marks 0.050ms
[518.594s][info][gc,marking  ] GC(1082) Concurrent Cleanup for Next Mark
[518.597s][info][gc,marking  ] GC(1082) Concurrent Cleanup for Next Mark 2.779ms
[518.597s][info][gc          ] GC(1082) Concurrent Mark Cycle 191.396ms
[518.907s][info][gc,start    ] GC(1083) Pause Young (Prepare Mixed) (G1 Evacuation Pause)
[518.907s][info][gc,task     ] GC(1083) Using 2 workers of 2 for evacuation
[518.933s][info][gc,phases   ] GC(1083)   Pre Evacuate Collection Set: 0.21ms
[518.933s][info][gc,phases   ] GC(1083)   Merge Heap Roots: 0.17ms
[518.933s][info][gc,phases   ] GC(1083)   Evacuate Collection Set: 24.71ms
[518.933s][info][gc,phases   ] GC(1083)   Post Evacuate Collection Set: 0.44ms
[518.933s][info][gc,phases   ] GC(1083)   Other: 0.12ms
[518.933s][info][gc,heap     ] GC(1083) Eden regions: 134->0(122)
[518.933s][info][gc,heap     ] GC(1083) Survivor regions: 12->16(19)
[518.933s][info][gc,heap     ] GC(1083) Old regions: 64->75
[518.933s][info][gc,heap     ] GC(1083) Humongous regions: 7->3
[518.933s][info][gc,metaspace] GC(1083) Metaspace: 43110K(43520K)->43110K(43520K) NonClass: 40302K(40576K)->40302K(40576K) Class: 2808K(2944K)->2808K(2944K)
[518.933s][info][gc          ] GC(1083) Pause Young (Prepare Mixed) (G1 Evacuation Pause) 216M->93M(256M) 25.834ms
[518.933s][info][gc,cpu      ] GC(1083) User=0.05s Sys=0.00s Real=0.03s
[519.331s][info][gc,start    ] GC(1084) Pause Young (Mixed) (G1 Evacuation Pause)
[519.331s][info][gc,task     ] GC(1084) Using 2 workers of 2 for evacuation
[519.364s][info][gc,phases   ] GC(1084)   Pre Evacuate Collection Set: 0.22ms
[519.364s][info][gc,phases   ] GC(1084)   Merge Heap Roots: 0.29ms
[519.364s][info][gc,phases   ] GC(1084)   Evacuate Collection Set: 31.75ms
[519.364s][info][gc,phases   ] GC(1084)   Post Evacuate Collection Set: 0.56ms
[519.364s][info][gc,phases   ] GC(1084)   Other: 0.10ms
[519.364s][info][gc,heap     ] GC(1084) Eden regions: 122->0(129)
[519.364s][info][gc,heap     ] GC(1084) Survivor regions: 16->8(18)
[519.364s][info][gc,heap     ] GC(1084) Old regions: 75->76
[519.364s][info][gc,heap     ] GC(1084) Humongous regions: 11->3
[519.364s][info][gc,metaspace] GC(1084) Metaspace: 43110K(43520K)->43110K(43520K) NonClass: 40302K(40576K)->40302K(40576K) Class: 2808K(2944K)->2808K(2944K)
[519.364s][info][gc          ] GC(1084) Pause Young (Mixed) (G1 Evacuation Pause) 223M->86M(256M) 33.113ms
[519.364s][info][gc,cpu      ] GC(1084) User=0.04s Sys=0.00s Real=0.04s
[519.480s][info][gc,start    ] GC(1085) Pause Young (Concurrent Start) (G1 Humongous Allocation)
[519.480s][info][gc,task     ] GC(1085) Using 2 workers of 2 for evacuation
[519.483s][info][gc,phases   ] GC(1085)   Pre Evacuate Collection Set: 0.17ms
[519.483s][info][gc,phases   ] GC(1085)   Merge Heap Roots: 0.05ms
[519.483s][info][gc,phases   ] GC(1085)   Evacuate Collection Set: 1.74ms
[519.483s][info][gc,phases   ] GC(1085)   Post Evacuate Collection Set: 0.76ms
[519.483s][info][gc,phases   ] GC(1085)   Other: 0.12ms
[519.483s][info][gc,heap     ] GC(1085) Eden regions: 28->0(185)
[519.483s][info][gc,heap     ] GC(1085) Survivor regions: 8->1(18)
[519.483s][info][gc,heap     ] GC(1085) Old regions: 76->76
[519.483s][info][gc,heap     ] GC(1085) Humongous regions: 3->1
[519.483s][info][gc,metaspace] GC(1085) Metaspace: 43110K(43520K)->43110K(43520K) NonClass: 40302K(40576K)->40302K(40576K) Class: 2808K(2944K)->2808K(2944K)
[519.483s][info][gc          ] GC(1085) Pause Young (Concurrent Start) (G1 Humongous Allocation) 114M->78M(321M) 3.013ms
[519.483s][info][gc,cpu      ] GC(1085) User=0.00s Sys=0.00s Real=0.01s
[519.483s][info][gc          ] GC(1086) Concurrent Mark Cycle
[519.483s][info][gc,marking  ] GC(1086) Concurrent Scan Root Regions
[519.484s][info][gc,marking  ] GC(1086) Concurrent Scan Root Regions 1.278ms
[519.484s][info][gc,marking  ] GC(1086) Concurrent Mark
[519.484s][info][gc,marking  ] GC(1086) Concurrent Mark From Roots
[519.484s][info][gc,task     ] GC(1086) Using 1 workers of 1 for marking
[519.539s][info][gc,marking  ] GC(1086) Concurrent Mark From Roots 54.545ms
[519.539s][info][gc,marking  ] GC(1086) Concurrent Preclean
[519.539s][info][gc,marking  ] GC(1086) Concurrent Preclean 0.040ms
[519.539s][info][gc,start    ] GC(1086) Pause Remark
[519.552s][info][gc          ] GC(1086) Pause Remark 96M->90M(256M) 13.218ms
[519.552s][info][gc,cpu      ] GC(1086) User=0.03s Sys=0.00s Real=0.02s
[519.552s][info][gc,marking  ] GC(1086) Concurrent Mark 68.075ms
[519.552s][info][gc,marking  ] GC(1086) Concurrent Rebuild Remembered Sets and Scrub Regions
[519.573s][info][gc,marking  ] GC(1086) Concurrent Rebuild Remembered Sets and Scrub Regions 20.345ms
[519.573s][info][gc,start    ] GC(1086) Pause Cleanup
[519.573s][info][gc          ] GC(1086) Pause Cleanup 94M->94M(256M) 0.060ms
[519.573s][info][gc,cpu      ] GC(1086) User=0.00s Sys=0.00s Real=0.00s
[519.573s][info][gc,marking  ] GC(1086) Concurrent Clear Claimed Marks
[519.573s][info][gc,marking  ] GC(1086) Concurrent Clear Claimed Marks 0.034ms
[519.573s][info][gc,marking  ] GC(1086) Concurrent Cleanup for Next Mark
[519.574s][info][gc,marking  ] GC(1086) Concurrent Cleanup for Next Mark 0.816ms
[519.574s][info][gc          ] GC(1086) Concurrent Mark Cycle 90.876ms
[520.041s][info][gc,start    ] GC(1087) Pause Young (Prepare Mixed) (G1 Evacuation Pause)
[520.041s][info][gc,task     ] GC(1087) Using 2 workers of 2 for evacuation
[520.072s][info][gc,phases   ] GC(1087)   Pre Evacuate Collection Set: 0.22ms
[520.072s][info][gc,phases   ] GC(1087)   Merge Heap Roots: 0.06ms
[520.072s][info][gc,phases   ] GC(1087)   Evacuate Collection Set: 30.51ms
[520.072s][info][gc,phases   ] GC(1087)   Post Evacuate Collection Set: 0.58ms
[520.072s][info][gc,phases   ] GC(1087)   Other: 0.08ms
[520.072s][info][gc,heap     ] GC(1087) Eden regions: 152->0(132)
[520.072s][info][gc,heap     ] GC(1087) Survivor regions: 1->15(20)
[520.072s][info][gc,heap     ] GC(1087) Old regions: 70->70
[520.072s][info][gc,heap     ] GC(1087) Humongous regions: 5->3
[520.072s][info][gc,metaspace] GC(1087) Metaspace: 43111K(43520K)->43111K(43520K) NonClass: 40303K(40576K)->40303K(40576K) Class: 2808K(2944K)->2808K(2944K)
[520.072s][info][gc          ] GC(1087) Pause Young (Prepare Mixed) (G1 Evacuation Pause) 228M->87M(256M) 31.636ms
[520.072s][info][gc,cpu      ] GC(1087) User=0.03s Sys=0.00s Real=0.04s
[520.515s][info][gc,start    ] GC(1088) Pause Young (Mixed) (G1 Evacuation Pause)
[520.515s][info][gc,task     ] GC(1088) Using 2 workers of 2 for evacuation
[520.522s][info][gc,phases   ] GC(1088)   Pre Evacuate Collection Set: 0.23ms
[520.522s][info][gc,phases   ] GC(1088)   Merge Heap Roots: 0.08ms
[520.522s][info][gc,phases   ] GC(1088)   Evacuate Collection Set: 5.74ms
[520.522s][info][gc,phases   ] GC(1088)   Post Evacuate Collection Set: 0.62ms
[520.522s][info][gc,phases   ] GC(1088)   Other: 0.08ms
[520.522s][info][gc,heap     ] GC(1088) Eden regions: 132->0(152)
[520.522s][info][gc,heap     ] GC(1088) Survivor regions: 15->1(19)
[520.522s][info][gc,heap     ] GC(1088) Old regions: 70->53
[520.522s][info][gc,heap     ] GC(1088) Humongous regions: 9->1
[520.522s][info][gc,metaspace] GC(1088) Metaspace: 43111K(43520K)->43111K(43520K) NonClass: 40303K(40576K)->40303K(40576K) Class: 2808K(2944K)->2808K(2944K)
[520.522s][info][gc          ] GC(1088) Pause Young (Mixed) (G1 Evacuation Pause) 225M->54M(256M) 6.909ms
[520.522s][info][gc,cpu      ] GC(1088) User=0.00s Sys=0.00s Real=0.00s
[520.524s][info][gc,start    ] GC(1089) Pause Young (Concurrent Start) (G1 Humongous Allocation)
[520.524s][info][gc,task     ] GC(1089) Using 2 workers of 2 for evacuation
[520.527s][info][gc,phases   ] GC(1089)   Pre Evacuate Collection Set: 0.14ms
[520.527s][info][gc,phases   ] GC(1089)   Merge Heap Roots: 0.03ms
[520.527s][info][gc,phases   ] GC(1089)   Evacuate Collection Set: 2.46ms
[520.527s][info][gc,phases   ] GC(1089)   Post Evacuate Collection Set: 0.30ms
[520.527s][info][gc,phases   ] GC(1089)   Other: 0.10ms
[520.527s][info][gc,heap     ] GC(1089) Eden regions: 1->0(152)
[520.527s][info][gc,heap     ] GC(1089) Survivor regions: 1->1(20)
[520.527s][info][gc,heap     ] GC(1089) Old regions: 53->53
[520.527s][info][gc,heap     ] GC(1089) Humongous regions: 1->1
[520.527s][info][gc,metaspace] GC(1089) Metaspace: 43111K(43520K)->43111K(43520K) NonClass: 40303K(40576K)->40303K(40576K) Class: 2808K(2944K)->2808K(2944K)
[520.527s][info][gc          ] GC(1089) Pause Young (Concurrent Start) (G1 Humongous Allocation) 55M->54M(256M) 3.204ms
[520.527s][info][gc,cpu      ] GC(1089) User=0.00s Sys=0.00s Real=0.00s
[520.527s][info][gc          ] GC(1090) Concurrent Mark Cycle
[520.527s][info][gc,marking  ] GC(1090) Concurrent Scan Root Regions
[520.530s][info][gc,marking  ] GC(1090) Concurrent Scan Root Regions 3.236ms
[520.530s][info][gc,marking  ] GC(1090) Concurrent Mark
[520.530s][info][gc,marking  ] GC(1090) Concurrent Mark From Roots
[520.530s][info][gc,task     ] GC(1090) Using 1 workers of 1 for marking
[520.609s][info][gc,marking  ] GC(1090) Concurrent Mark From Roots 78.791ms
[520.609s][info][gc,marking  ] GC(1090) Concurrent Preclean
[520.609s][info][gc,marking  ] GC(1090) Concurrent Preclean 0.040ms
[520.609s][info][gc,start    ] GC(1090) Pause Remark
[520.624s][info][gc          ] GC(1090) Pause Remark 75M->75M(256M) 14.781ms
[520.624s][info][gc,cpu      ] GC(1090) User=0.03s Sys=0.00s Real=0.02s
[520.624s][info][gc,marking  ] GC(1090) Concurrent Mark 93.876ms
[520.624s][info][gc,marking  ] GC(1090) Concurrent Rebuild Remembered Sets and Scrub Regions
[520.646s][info][gc,marking  ] GC(1090) Concurrent Rebuild Remembered Sets and Scrub Regions 21.824ms
[520.646s][info][gc,start    ] GC(1090) Pause Cleanup
[520.646s][info][gc          ] GC(1090) Pause Cleanup 80M->80M(256M) 0.041ms
[520.646s][info][gc,cpu      ] GC(1090) User=0.00s Sys=0.00s Real=0.00s
[520.646s][info][gc,marking  ] GC(1090) Concurrent Clear Claimed Marks
[520.646s][info][gc,marking  ] GC(1090) Concurrent Clear Claimed Marks 0.033ms
[520.646s][info][gc,marking  ] GC(1090) Concurrent Cleanup for Next Mark
[520.647s][info][gc,marking  ] GC(1090) Concurrent Cleanup for Next Mark 0.799ms
[520.647s][info][gc          ] GC(1090) Concurrent Mark Cycle 120.000ms
[521.082s][info][gc,start    ] GC(1091) Pause Young (Prepare Mixed) (G1 Evacuation Pause)
[521.082s][info][gc,task     ] GC(1091) Using 2 workers of 2 for evacuation
[521.096s][info][gc,phases   ] GC(1091)   Pre Evacuate Collection Set: 0.24ms
[521.096s][info][gc,phases   ] GC(1091)   Merge Heap Roots: 0.10ms
[521.096s][info][gc,phases   ] GC(1091)   Evacuate Collection Set: 13.20ms
[521.096s][info][gc,phases   ] GC(1091)   Post Evacuate Collection Set: 0.41ms
[521.096s][info][gc,phases   ] GC(1091)   Other: 0.08ms
[521.096s][info][gc,heap     ] GC(1091) Eden regions: 152->0(140)
[521.096s][info][gc,heap     ] GC(1091) Survivor regions: 1->13(20)
[521.096s][info][gc,heap     ] GC(1091) Old regions: 53->53
[521.096s][info][gc,heap     ] GC(1091) Humongous regions: 5->3
[521.096s][info][gc,metaspace] GC(1091) Metaspace: 43111K(43520K)->43111K(43520K) NonClass: 40303K(40576K)->40303K(40576K) Class: 2808K(2944K)->2808K(2944K)
[521.096s][info][gc          ] GC(1091) Pause Young (Prepare Mixed) (G1 Evacuation Pause) 210M->68M(256M) 14.204ms
[521.096s][info][gc,cpu      ] GC(1091) User=0.03s Sys=0.00s Real=0.02s
[521.594s][info][gc,start    ] GC(1092) Pause Young (Mixed) (G1 Evacuation Pause)
[521.594s][info][gc,task     ] GC(1092) Using 2 workers of 2 for evacuation
[521.611s][info][gc,phases   ] GC(1092)   Pre Evacuate Collection Set: 0.23ms
[521.611s][info][gc,phases   ] GC(1092)   Merge Heap Roots: 0.06ms
[521.611s][info][gc,phases   ] GC(1092)   Evacuate Collection Set: 16.79ms
[521.611s][info][gc,phases   ] GC(1092)   Post Evacuate Collection Set: 0.44ms
[521.611s][info][gc,phases   ] GC(1092)   Other: 0.08ms
[521.611s][info][gc,heap     ] GC(1092) Eden regions: 140->0(145)
[521.611s][info][gc,heap     ] GC(1092) Survivor regions: 13->8(20)
[521.611s][info][gc,heap     ] GC(1092) Old regions: 53->51
[521.611s][info][gc,heap     ] GC(1092) Humongous regions: 7->3
[521.611s][info][gc,metaspace] GC(1092) Metaspace: 43111K(43520K)->43111K(43520K) NonClass: 40303K(40576K)->40303K(40576K) Class: 2808K(2944K)->2808K(2944K)
[521.612s][info][gc          ] GC(1092) Pause Young (Mixed) (G1 Evacuation Pause) 212M->61M(256M) 17.788ms
[521.612s][info][gc,cpu      ] GC(1092) User=0.02s Sys=0.00s Real=0.01s
[521.672s][info][gc,start    ] GC(1093) Pause Young (Concurrent Start) (G1 Humongous Allocation)
[521.672s][info][gc,task     ] GC(1093) Using 2 workers of 2 for evacuation
[521.674s][info][gc,phases   ] GC(1093)   Pre Evacuate Collection Set: 0.16ms
[521.674s][info][gc,phases   ] GC(1093)   Merge Heap Roots: 0.03ms
[521.674s][info][gc,phases   ] GC(1093)   Evacuate Collection Set: 1.37ms
[521.674s][info][gc,phases   ] GC(1093)   Post Evacuate Collection Set: 0.29ms
[521.674s][info][gc,phases   ] GC(1093)   Other: 0.08ms
[521.674s][info][gc,heap     ] GC(1093) Eden regions: 15->0(151)
[521.674s][info][gc,heap     ] GC(1093) Survivor regions: 8->2(20)
[521.674s][info][gc,heap     ] GC(1093) Old regions: 51->51
[521.674s][info][gc,heap     ] GC(1093) Humongous regions: 3->1
[521.674s][info][gc,metaspace] GC(1093) Metaspace: 43111K(43520K)->43111K(43520K) NonClass: 40303K(40576K)->40303K(40576K) Class: 2808K(2944K)->2808K(2944K)
[521.674s][info][gc          ] GC(1093) Pause Young (Concurrent Start) (G1 Humongous Allocation) 76M->53M(256M) 2.093ms
[521.674s][info][gc          ] GC(1094) Concurrent Mark Cycle
[521.674s][info][gc,marking  ] GC(1094) Concurrent Scan Root Regions
[521.674s][info][gc,cpu      ] GC(1093) User=0.00s Sys=0.00s Real=0.00s
[521.676s][info][gc,marking  ] GC(1094) Concurrent Scan Root Regions 1.706ms
[521.676s][info][gc,marking  ] GC(1094) Concurrent Mark
[521.676s][info][gc,marking  ] GC(1094) Concurrent Mark From Roots
[521.676s][info][gc,task     ] GC(1094) Using 1 workers of 1 for marking
[521.736s][info][gc,marking  ] GC(1094) Concurrent Mark From Roots 60.357ms
[521.736s][info][gc,marking  ] GC(1094) Concurrent Preclean
[521.737s][info][gc,marking  ] GC(1094) Concurrent Preclean 0.038ms
[521.737s][info][gc,start    ] GC(1094) Pause Remark
[521.750s][info][gc          ] GC(1094) Pause Remark 73M->73M(256M) 13.018ms
[521.750s][info][gc,cpu      ] GC(1094) User=0.02s Sys=0.00s Real=0.01s
[521.750s][info][gc,marking  ] GC(1094) Concurrent Mark 73.661ms
[521.750s][info][gc,marking  ] GC(1094) Concurrent Rebuild Remembered Sets and Scrub Regions
[521.775s][info][gc,marking  ] GC(1094) Concurrent Rebuild Remembered Sets and Scrub Regions 25.131ms
[521.775s][info][gc,start    ] GC(1094) Pause Cleanup
[521.775s][info][gc          ] GC(1094) Pause Cleanup 78M->78M(256M) 0.037ms
[521.775s][info][gc,cpu      ] GC(1094) User=0.00s Sys=0.00s Real=0.00s
[521.775s][info][gc,marking  ] GC(1094) Concurrent Clear Claimed Marks
[521.775s][info][gc,marking  ] GC(1094) Concurrent Clear Claimed Marks 0.033ms
[521.775s][info][gc,marking  ] GC(1094) Concurrent Cleanup for Next Mark
[521.776s][info][gc,marking  ] GC(1094) Concurrent Cleanup for Next Mark 0.725ms
[521.776s][info][gc          ] GC(1094) Concurrent Mark Cycle 101.510ms
[522.082s][info][gc,start    ] GC(1095) Pause Young (Prepare Mixed) (G1 Evacuation Pause)
[522.082s][info][gc,task     ] GC(1095) Using 2 workers of 2 for evacuation
[522.113s][info][gc,phases   ] GC(1095)   Pre Evacuate Collection Set: 0.15ms
[522.113s][info][gc,phases   ] GC(1095)   Merge Heap Roots: 0.06ms
[522.113s][info][gc,phases   ] GC(1095)   Evacuate Collection Set: 30.04ms
[522.113s][info][gc,phases   ] GC(1095)   Post Evacuate Collection Set: 0.52ms
[522.113s][info][gc,phases   ] GC(1095)   Other: 0.08ms
[522.113s][info][gc,heap     ] GC(1095) Eden regions: 151->0(116)
[522.113s][info][gc,heap     ] GC(1095) Survivor regions: 2->20(20)
[522.113s][info][gc,heap     ] GC(1095) Old regions: 51->67
[522.113s][info][gc,heap     ] GC(1095) Humongous regions: 5->3
[522.113s][info][gc,metaspace] GC(1095) Metaspace: 43111K(43520K)->43111K(43520K) NonClass: 40303K(40576K)->40303K(40576K) Class: 2808K(2944K)->2808K(2944K)
[522.113s][info][gc          ] GC(1095) Pause Young (Prepare Mixed) (G1 Evacuation Pause) 208M->90M(256M) 31.026ms
[522.113s][info][gc,cpu      ] GC(1095) User=0.06s Sys=0.00s Real=0.03s
[522.588s][info][gc,start    ] GC(1096) Pause Young (Mixed) (G1 Evacuation Pause)
[522.588s][info][gc,task     ] GC(1096) Using 2 workers of 2 for evacuation
[522.648s][info][gc,phases   ] GC(1096)   Pre Evacuate Collection Set: 0.16ms
[522.648s][info][gc,phases   ] GC(1096)   Merge Heap Roots: 0.31ms
[522.648s][info][gc,phases   ] GC(1096)   Evacuate Collection Set: 58.46ms
[522.648s][info][gc,phases   ] GC(1096)   Post Evacuate Collection Set: 0.45ms
[522.648s][info][gc,phases   ] GC(1096)   Other: 0.09ms
[522.648s][info][gc,heap     ] GC(1096) Eden regions: 116->0(93)
[522.648s][info][gc,heap     ] GC(1096) Survivor regions: 20->17(17)
[522.648s][info][gc,heap     ] GC(1096) Old regions: 67->95
[522.648s][info][gc,heap     ] GC(1096) Humongous regions: 3->3
[522.648s][info][gc,metaspace] GC(1096) Metaspace: 43111K(43520K)->43111K(43520K) NonClass: 40303K(40576K)->40303K(40576K) Class: 2808K(2944K)->2808K(2944K)
[522.648s][info][gc          ] GC(1096) Pause Young (Mixed) (G1 Evacuation Pause) 206M->115M(256M) 59.666ms
[522.648s][info][gc,cpu      ] GC(1096) User=0.12s Sys=0.00s Real=0.06s
[523.064s][info][gc,start    ] GC(1097) Pause Young (Concurrent Start) (G1 Evacuation Pause)
[523.064s][info][gc,task     ] GC(1097) Using 2 workers of 2 for evacuation
[523.116s][info][gc,phases   ] GC(1097)   Pre Evacuate Collection Set: 0.18ms
[523.116s][info][gc,phases   ] GC(1097)   Merge Heap Roots: 0.27ms
[523.116s][info][gc,phases   ] GC(1097)   Evacuate Collection Set: 51.48ms
[523.116s][info][gc,phases   ] GC(1097)   Post Evacuate Collection Set: 0.43ms
[523.116s][info][gc,phases   ] GC(1097)   Other: 0.08ms
[523.116s][info][gc,heap     ] GC(1097) Eden regions: 93->0(70)
[523.116s][info][gc,heap     ] GC(1097) Survivor regions: 17->14(14)
[523.116s][info][gc,heap     ] GC(1097) Old regions: 95->126
[523.116s][info][gc,heap     ] GC(1097) Humongous regions: 3->3
[523.116s][info][gc,metaspace] GC(1097) Metaspace: 43111K(43520K)->43111K(43520K) NonClass: 40303K(40576K)->40303K(40576K) Class: 2808K(2944K)->2808K(2944K)
[523.116s][info][gc          ] GC(1097) Pause Young (Concurrent Start) (G1 Evacuation Pause) 208M->142M(256M) 52.628ms
[523.116s][info][gc,cpu      ] GC(1097) User=0.10s Sys=0.00s Real=0.05s
[523.116s][info][gc          ] GC(1098) Concurrent Mark Cycle
[523.116s][info][gc,marking  ] GC(1098) Concurrent Scan Root Regions
[523.170s][info][gc,marking  ] GC(1098) Concurrent Scan Root Regions 53.183ms
[523.170s][info][gc,marking  ] GC(1098) Concurrent Mark
[523.170s][info][gc,marking  ] GC(1098) Concurrent Mark From Roots
[523.170s][info][gc,task     ] GC(1098) Using 1 workers of 1 for marking
[523.355s][info][gc,marking  ] GC(1098) Concurrent Mark From Roots 185.650ms
[523.355s][info][gc,marking  ] GC(1098) Concurrent Preclean
[523.355s][info][gc,marking  ] GC(1098) Concurrent Preclean 0.050ms
[523.356s][info][gc,start    ] GC(1098) Pause Remark
[523.369s][info][gc          ] GC(1098) Pause Remark 184M->184M(256M) 13.045ms
[523.369s][info][gc,cpu      ] GC(1098) User=0.03s Sys=0.00s Real=0.01s
[523.369s][info][gc,marking  ] GC(1098) Concurrent Mark 199.022ms
[523.369s][info][gc,marking  ] GC(1098) Concurrent Rebuild Remembered Sets and Scrub Regions
[523.442s][info][gc,marking  ] GC(1098) Concurrent Rebuild Remembered Sets and Scrub Regions 73.417ms
[523.442s][info][gc,start    ] GC(1098) Pause Cleanup
[523.442s][info][gc          ] GC(1098) Pause Cleanup 195M->195M(256M) 0.061ms
[523.442s][info][gc,cpu      ] GC(1098) User=0.00s Sys=0.00s Real=0.00s
[523.442s][info][gc,marking  ] GC(1098) Concurrent Clear Claimed Marks
[523.442s][info][gc,marking  ] GC(1098) Concurrent Clear Claimed Marks 0.043ms
[523.442s][info][gc,marking  ] GC(1098) Concurrent Cleanup for Next Mark
[523.443s][info][gc,marking  ] GC(1098) Concurrent Cleanup for Next Mark 0.774ms
[523.443s][info][gc          ] GC(1098) Concurrent Mark Cycle 326.870ms
[523.531s][info][gc,start    ] GC(1099) Pause Young (Prepare Mixed) (G1 Evacuation Pause)
[523.531s][info][gc,task     ] GC(1099) Using 2 workers of 2 for evacuation
[523.570s][info][gc,phases   ] GC(1099)   Pre Evacuate Collection Set: 0.15ms
[523.570s][info][gc,phases   ] GC(1099)   Merge Heap Roots: 0.31ms
[523.570s][info][gc,phases   ] GC(1099)   Evacuate Collection Set: 38.21ms
[523.570s][info][gc,phases   ] GC(1099)   Post Evacuate Collection Set: 0.40ms
[523.570s][info][gc,phases   ] GC(1099)   Other: 0.06ms
[523.570s][info][gc,heap     ] GC(1099) Eden regions: 70->0(55)
[523.570s][info][gc,heap     ] GC(1099) Survivor regions: 14->11(11)
[523.570s][info][gc,heap     ] GC(1099) Old regions: 126->149
[523.570s][info][gc,heap     ] GC(1099) Humongous regions: 3->3
[523.570s][info][gc,metaspace] GC(1099) Metaspace: 43113K(43520K)->43113K(43520K) NonClass: 40305K(40576K)->40305K(40576K) Class: 2808K(2944K)->2808K(2944K)
[523.570s][info][gc          ] GC(1099) Pause Young (Prepare Mixed) (G1 Evacuation Pause) 212M->162M(256M) 39.298ms
[523.570s][info][gc,cpu      ] GC(1099) User=0.08s Sys=0.00s Real=0.04s
[523.809s][info][gc,start    ] GC(1100) Pause Young (Mixed) (G1 Evacuation Pause)
[523.809s][info][gc,task     ] GC(1100) Using 2 workers of 2 for evacuation
[523.845s][info][gc,phases   ] GC(1100)   Pre Evacuate Collection Set: 0.16ms
[523.845s][info][gc,phases   ] GC(1100)   Merge Heap Roots: 0.22ms
[523.845s][info][gc,phases   ] GC(1100)   Evacuate Collection Set: 34.35ms
[523.845s][info][gc,phases   ] GC(1100)   Post Evacuate Collection Set: 1.29ms
[523.845s][info][gc,phases   ] GC(1100)   Other: 0.07ms
[523.845s][info][gc,heap     ] GC(1100) Eden regions: 55->0(140)
[523.845s][info][gc,heap     ] GC(1100) Survivor regions: 11->9(9)
[523.845s][info][gc,heap     ] GC(1100) Old regions: 149->158
[523.845s][info][gc,heap     ] GC(1100) Humongous regions: 3->3
[523.845s][info][gc,metaspace] GC(1100) Metaspace: 43113K(43520K)->43113K(43520K) NonClass: 40305K(40576K)->40305K(40576K) Class: 2808K(2944K)->2808K(2944K)
[523.846s][info][gc          ] GC(1100) Pause Young (Mixed) (G1 Evacuation Pause) 217M->170M(401M) 36.275ms
[523.846s][info][gc,cpu      ] GC(1100) User=0.07s Sys=0.00s Real=0.04s
[523.939s][info][gc,start    ] GC(1101) Pause Young (Concurrent Start) (G1 Humongous Allocation)
[523.939s][info][gc,task     ] GC(1101) Using 2 workers of 2 for evacuation
[523.961s][info][gc,phases   ] GC(1101)   Pre Evacuate Collection Set: 0.24ms
[523.961s][info][gc,phases   ] GC(1101)   Merge Heap Roots: 0.12ms
[523.961s][info][gc,phases   ] GC(1101)   Evacuate Collection Set: 21.26ms
[523.961s][info][gc,phases   ] GC(1101)   Post Evacuate Collection Set: 0.33ms
[523.961s][info][gc,phases   ] GC(1101)   Other: 0.07ms
[523.961s][info][gc,heap     ] GC(1101) Eden regions: 18->0(138)
[523.961s][info][gc,heap     ] GC(1101) Survivor regions: 9->14(19)
[523.961s][info][gc,heap     ] GC(1101) Old regions: 158->158
[523.961s][info][gc,heap     ] GC(1101) Humongous regions: 3->1
[523.961s][info][gc,metaspace] GC(1101) Metaspace: 43113K(43520K)->43113K(43520K) NonClass: 40305K(40576K)->40305K(40576K) Class: 2808K(2944K)->2808K(2944K)
[523.961s][info][gc          ] GC(1101) Pause Young (Concurrent Start) (G1 Humongous Allocation) 188M->173M(401M) 22.217ms
[523.961s][info][gc,cpu      ] GC(1101) User=0.03s Sys=0.01s Real=0.02s
[523.961s][info][gc          ] GC(1102) Concurrent Mark Cycle
[523.961s][info][gc,marking  ] GC(1102) Concurrent Scan Root Regions
[523.977s][info][gc,marking  ] GC(1102) Concurrent Scan Root Regions 15.464ms
[523.977s][info][gc,marking  ] GC(1102) Concurrent Mark
[523.977s][info][gc,marking  ] GC(1102) Concurrent Mark From Roots
[523.977s][info][gc,task     ] GC(1102) Using 1 workers of 1 for marking
[524.100s][info][gc,marking  ] GC(1102) Concurrent Mark From Roots 123.776ms
[524.100s][info][gc,marking  ] GC(1102) Concurrent Preclean
[524.101s][info][gc,marking  ] GC(1102) Concurrent Preclean 0.039ms
[524.101s][info][gc,start    ] GC(1102) Pause Remark
[524.114s][info][gc          ] GC(1102) Pause Remark 214M->214M(401M) 13.156ms
[524.114s][info][gc,cpu      ] GC(1102) User=0.02s Sys=0.00s Real=0.02s
[524.114s][info][gc,marking  ] GC(1102) Concurrent Mark 137.236ms
[524.114s][info][gc,marking  ] GC(1102) Concurrent Rebuild Remembered Sets and Scrub Regions
[524.169s][info][gc,marking  ] GC(1102) Concurrent Rebuild Remembered Sets and Scrub Regions 55.427ms
[524.169s][info][gc,start    ] GC(1102) Pause Cleanup
[524.170s][info][gc          ] GC(1102) Pause Cleanup 223M->223M(401M) 0.074ms
[524.170s][info][gc,cpu      ] GC(1102) User=0.00s Sys=0.00s Real=0.00s
[524.170s][info][gc,marking  ] GC(1102) Concurrent Clear Claimed Marks
[524.170s][info][gc,marking  ] GC(1102) Concurrent Clear Claimed Marks 0.037ms
[524.170s][info][gc,marking  ] GC(1102) Concurrent Cleanup for Next Mark
[524.172s][info][gc,marking  ] GC(1102) Concurrent Cleanup for Next Mark 2.602ms
[524.172s][info][gc          ] GC(1102) Concurrent Mark Cycle 211.216ms
[524.601s][info][gc,start    ] GC(1103) Pause Young (Prepare Mixed) (G1 Evacuation Pause)
[524.602s][info][gc,task     ] GC(1103) Using 2 workers of 2 for evacuation
[524.622s][info][gc,phases   ] GC(1103)   Pre Evacuate Collection Set: 0.21ms
[524.622s][info][gc,phases   ] GC(1103)   Merge Heap Roots: 0.21ms
[524.622s][info][gc,phases   ] GC(1103)   Evacuate Collection Set: 19.63ms
[524.622s][info][gc,phases   ] GC(1103)   Post Evacuate Collection Set: 0.43ms
[524.622s][info][gc,phases   ] GC(1103)   Other: 0.07ms
[524.622s][info][gc,heap     ] GC(1103) Eden regions: 138->0(144)
[524.622s][info][gc,heap     ] GC(1103) Survivor regions: 14->9(19)
[524.622s][info][gc,heap     ] GC(1103) Old regions: 158->167
[524.622s][info][gc,heap     ] GC(1103) Humongous regions: 7->3
[524.622s][info][gc,metaspace] GC(1103) Metaspace: 43113K(43520K)->43113K(43520K) NonClass: 40305K(40576K)->40305K(40576K) Class: 2808K(2944K)->2808K(2944K)
[524.622s][info][gc          ] GC(1103) Pause Young (Prepare Mixed) (G1 Evacuation Pause) 317M->178M(401M) 20.756ms
[524.622s][info][gc,cpu      ] GC(1103) User=0.04s Sys=0.00s Real=0.03s
[525.177s][info][gc,start    ] GC(1104) Pause Young (Mixed) (G1 Evacuation Pause)
[525.177s][info][gc,task     ] GC(1104) Using 2 workers of 2 for evacuation
[525.194s][info][gc,phases   ] GC(1104)   Pre Evacuate Collection Set: 0.33ms
[525.194s][info][gc,phases   ] GC(1104)   Merge Heap Roots: 0.37ms
[525.194s][info][gc,phases   ] GC(1104)   Evacuate Collection Set: 15.69ms
[525.194s][info][gc,phases   ] GC(1104)   Post Evacuate Collection Set: 0.48ms
[525.194s][info][gc,phases   ] GC(1104)   Other: 0.07ms
[525.194s][info][gc,heap     ] GC(1104) Eden regions: 144->0(182)
[525.194s][info][gc,heap     ] GC(1104) Survivor regions: 9->8(20)
[525.194s][info][gc,heap     ] GC(1104) Old regions: 167->130
[525.194s][info][gc,heap     ] GC(1104) Humongous regions: 9->1
[525.194s][info][gc,metaspace] GC(1104) Metaspace: 43113K(43520K)->43113K(43520K) NonClass: 40305K(40576K)->40305K(40576K) Class: 2808K(2944K)->2808K(2944K)
[525.194s][info][gc          ] GC(1104) Pause Young (Mixed) (G1 Evacuation Pause) 328M->138M(401M) 17.112ms
[525.194s][info][gc,cpu      ] GC(1104) User=0.03s Sys=0.00s Real=0.02s
[525.691s][info][gc,start    ] GC(1105) Pause Young (Mixed) (G1 Evacuation Pause)
[525.691s][info][gc,task     ] GC(1105) Using 2 workers of 2 for evacuation
[525.729s][info][gc,phases   ] GC(1105)   Pre Evacuate Collection Set: 0.20ms
[525.729s][info][gc,phases   ] GC(1105)   Merge Heap Roots: 0.37ms
[525.729s][info][gc,phases   ] GC(1105)   Evacuate Collection Set: 36.28ms
[525.729s][info][gc,phases   ] GC(1105)   Post Evacuate Collection Set: 0.51ms
[525.729s][info][gc,phases   ] GC(1105)   Other: 0.07ms
[525.729s][info][gc,heap     ] GC(1105) Eden regions: 182->0(181)
[525.729s][info][gc,heap     ] GC(1105) Survivor regions: 8->24(24)
[525.729s][info][gc,heap     ] GC(1105) Old regions: 130->109
[525.729s][info][gc,heap     ] GC(1105) Humongous regions: 5->4
[525.729s][info][gc,metaspace] GC(1105) Metaspace: 43113K(43520K)->43113K(43520K) NonClass: 40305K(40576K)->40305K(40576K) Class: 2808K(2944K)->2808K(2944K)
[525.729s][info][gc          ] GC(1105) Pause Young (Mixed) (G1 Evacuation Pause) 324M->137M(401M) 37.646ms
[525.729s][info][gc,cpu      ] GC(1105) User=0.08s Sys=0.00s Real=0.04s
[526.253s][info][gc,start    ] GC(1106) Pause Young (Concurrent Start) (G1 Humongous Allocation)
[526.253s][info][gc,task     ] GC(1106) Using 2 workers of 2 for evacuation
[526.286s][info][gc,phases   ] GC(1106)   Pre Evacuate Collection Set: 0.21ms
[526.286s][info][gc,phases   ] GC(1106)   Merge Heap Roots: 0.11ms
[526.286s][info][gc,phases   ] GC(1106)   Evacuate Collection Set: 31.39ms
[526.286s][info][gc,phases   ] GC(1106)   Post Evacuate Collection Set: 0.49ms
[526.286s][info][gc,phases   ] GC(1106)   Other: 0.09ms
[526.286s][info][gc,heap     ] GC(1106) Eden regions: 179->0(152)
[526.286s][info][gc,heap     ] GC(1106) Survivor regions: 24->26(26)
[526.286s][info][gc,heap     ] GC(1106) Old regions: 109->139
[526.286s][info][gc,heap     ] GC(1106) Humongous regions: 4->4
[526.286s][info][gc,metaspace] GC(1106) Metaspace: 43114K(43520K)->43114K(43520K) NonClass: 40306K(40576K)->40306K(40576K) Class: 2808K(2944K)->2808K(2944K)
[526.286s][info][gc          ] GC(1106) Pause Young (Concurrent Start) (G1 Humongous Allocation) 315M->168M(401M) 32.487ms
[526.286s][info][gc,cpu      ] GC(1106) User=0.07s Sys=0.00s Real=0.03s
[526.286s][info][gc          ] GC(1107) Concurrent Mark Cycle
[526.286s][info][gc,marking  ] GC(1107) Concurrent Scan Root Regions
[526.311s][info][gc,marking  ] GC(1107) Concurrent Scan Root Regions 24.833ms
[526.311s][info][gc,marking  ] GC(1107) Concurrent Mark
[526.311s][info][gc,marking  ] GC(1107) Concurrent Mark From Roots
[526.311s][info][gc,task     ] GC(1107) Using 1 workers of 1 for marking
[526.428s][info][gc,marking  ] GC(1107) Concurrent Mark From Roots 117.107ms
[526.428s][info][gc,marking  ] GC(1107) Concurrent Preclean
[526.428s][info][gc,marking  ] GC(1107) Concurrent Preclean 0.061ms
[526.428s][info][gc,start    ] GC(1107) Pause Remark
[526.441s][info][gc          ] GC(1107) Pause Remark 208M->208M(401M) 12.952ms
[526.441s][info][gc,cpu      ] GC(1107) User=0.03s Sys=0.00s Real=0.01s
[526.442s][info][gc,marking  ] GC(1107) Concurrent Mark 131.264ms
[526.442s][info][gc,marking  ] GC(1107) Concurrent Rebuild Remembered Sets and Scrub Regions
[526.505s][info][gc,marking  ] GC(1107) Concurrent Rebuild Remembered Sets and Scrub Regions 63.372ms
[526.506s][info][gc,start    ] GC(1107) Pause Cleanup
[526.506s][info][gc          ] GC(1107) Pause Cleanup 228M->228M(401M) 0.055ms
[526.506s][info][gc,cpu      ] GC(1107) User=0.00s Sys=0.00s Real=0.00s
[526.506s][info][gc,marking  ] GC(1107) Concurrent Clear Claimed Marks
[526.506s][info][gc,marking  ] GC(1107) Concurrent Clear Claimed Marks 0.037ms
[526.506s][info][gc,marking  ] GC(1107) Concurrent Cleanup for Next Mark
[526.507s][info][gc,marking  ] GC(1107) Concurrent Cleanup for Next Mark 1.159ms
[526.507s][info][gc          ] GC(1107) Concurrent Mark Cycle 221.108ms
[526.791s][info][gc,start    ] GC(1108) Pause Young (Prepare Mixed) (G1 Evacuation Pause)
[526.791s][info][gc,task     ] GC(1108) Using 2 workers of 2 for evacuation
[526.833s][info][gc,phases   ] GC(1108)   Pre Evacuate Collection Set: 0.23ms
[526.833s][info][gc,phases   ] GC(1108)   Merge Heap Roots: 0.14ms
[526.833s][info][gc,phases   ] GC(1108)   Evacuate Collection Set: 40.86ms
[526.833s][info][gc,phases   ] GC(1108)   Post Evacuate Collection Set: 0.44ms
[526.833s][info][gc,phases   ] GC(1108)   Other: 0.08ms
[526.833s][info][gc,heap     ] GC(1108) Eden regions: 152->0(105)
[526.833s][info][gc,heap     ] GC(1108) Survivor regions: 26->23(23)
[526.833s][info][gc,heap     ] GC(1108) Old regions: 139->184
[526.833s][info][gc,heap     ] GC(1108) Humongous regions: 6->5
[526.833s][info][gc,metaspace] GC(1108) Metaspace: 43114K(43520K)->43114K(43520K) NonClass: 40306K(40576K)->40306K(40576K) Class: 2808K(2944K)->2808K(2944K)
[526.833s][info][gc          ] GC(1108) Pause Young (Prepare Mixed) (G1 Evacuation Pause) 322M->212M(401M) 41.933ms
[526.833s][info][gc,cpu      ] GC(1108) User=0.09s Sys=0.00s Real=0.05s
[527.161s][info][gc,start    ] GC(1109) Pause Young (Mixed) (G1 Evacuation Pause)
[527.161s][info][gc,task     ] GC(1109) Using 2 workers of 2 for evacuation
[527.222s][info][gc,phases   ] GC(1109)   Pre Evacuate Collection Set: 0.24ms
[527.222s][info][gc,phases   ] GC(1109)   Merge Heap Roots: 0.35ms
[527.222s][info][gc,phases   ] GC(1109)   Evacuate Collection Set: 60.23ms
[527.222s][info][gc,phases   ] GC(1109)   Post Evacuate Collection Set: 0.51ms
[527.222s][info][gc,phases   ] GC(1109)   Other: 0.07ms
[527.222s][info][gc,heap     ] GC(1109) Eden regions: 105->0(63)
[527.222s][info][gc,heap     ] GC(1109) Survivor regions: 23->16(16)
[527.222s][info][gc,heap     ] GC(1109) Old regions: 184->224
[527.222s][info][gc,heap     ] GC(1109) Humongous regions: 5->5
[527.222s][info][gc,metaspace] GC(1109) Metaspace: 43114K(43520K)->43114K(43520K) NonClass: 40306K(40576K)->40306K(40576K) Class: 2808K(2944K)->2808K(2944K)
[527.222s][info][gc          ] GC(1109) Pause Young (Mixed) (G1 Evacuation Pause) 317M->245M(401M) 61.631ms
[527.222s][info][gc,cpu      ] GC(1109) User=0.12s Sys=0.00s Real=0.07s
[527.456s][info][gc,start    ] GC(1110) Pause Young (Concurrent Start) (G1 Evacuation Pause)
[527.456s][info][gc,task     ] GC(1110) Using 2 workers of 2 for evacuation
[527.503s][info][gc,phases   ] GC(1110)   Pre Evacuate Collection Set: 0.22ms
[527.503s][info][gc,phases   ] GC(1110)   Merge Heap Roots: 0.33ms
[527.503s][info][gc,phases   ] GC(1110)   Evacuate Collection Set: 45.01ms
[527.503s][info][gc,phases   ] GC(1110)   Post Evacuate Collection Set: 0.98ms
[527.503s][info][gc,phases   ] GC(1110)   Other: 0.11ms
[527.503s][info][gc,heap     ] GC(1110) Eden regions: 63->0(89)
[527.503s][info][gc,heap     ] GC(1110) Survivor regions: 16->10(10)
[527.503s][info][gc,heap     ] GC(1110) Old regions: 224->265
[527.503s][info][gc,heap     ] GC(1110) Humongous regions: 5->5
[527.503s][info][gc,metaspace] GC(1110) Metaspace: 43114K(43520K)->43114K(43520K) NonClass: 40306K(40576K)->40306K(40576K) Class: 2808K(2944K)->2808K(2944K)
[527.503s][info][gc          ] GC(1110) Pause Young (Concurrent Start) (G1 Evacuation Pause) 308M->280M(489M) 46.852ms
[527.503s][info][gc,cpu      ] GC(1110) User=0.09s Sys=0.00s Real=0.05s
[527.503s][info][gc          ] GC(1111) Concurrent Mark Cycle
[527.503s][info][gc,marking  ] GC(1111) Concurrent Scan Root Regions
[527.526s][info][gc,marking  ] GC(1111) Concurrent Scan Root Regions 23.263ms
[527.526s][info][gc,marking  ] GC(1111) Concurrent Mark
[527.526s][info][gc,marking  ] GC(1111) Concurrent Mark From Roots
[527.526s][info][gc,task     ] GC(1111) Using 1 workers of 1 for marking
[527.635s][info][gc,marking  ] GC(1111) Concurrent Mark From Roots 108.771ms
[527.635s][info][gc,marking  ] GC(1111) Concurrent Preclean
[527.635s][info][gc,marking  ] GC(1111) Concurrent Preclean 0.069ms
[527.635s][info][gc,start    ] GC(1111) Pause Remark
[527.649s][info][gc          ] GC(1111) Pause Remark 311M->282M(489M) 13.367ms
[527.649s][info][gc,cpu      ] GC(1111) User=0.03s Sys=0.00s Real=0.01s
[527.649s][info][gc,marking  ] GC(1111) Concurrent Mark 122.489ms
[527.649s][info][gc,marking  ] GC(1111) Concurrent Rebuild Remembered Sets and Scrub Regions
[527.727s][info][gc,marking  ] GC(1111) Concurrent Rebuild Remembered Sets and Scrub Regions 78.268ms
[527.727s][info][gc,start    ] GC(1111) Pause Cleanup
[527.727s][info][gc          ] GC(1111) Pause Cleanup 298M->298M(489M) 0.099ms
[527.727s][info][gc,cpu      ] GC(1111) User=0.00s Sys=0.00s Real=0.00s
[527.727s][info][gc,marking  ] GC(1111) Concurrent Clear Claimed Marks
[527.727s][info][gc,marking  ] GC(1111) Concurrent Clear Claimed Marks 0.038ms
[527.727s][info][gc,marking  ] GC(1111) Concurrent Cleanup for Next Mark
[527.730s][info][gc,marking  ] GC(1111) Concurrent Cleanup for Next Mark 2.290ms
[527.730s][info][gc          ] GC(1111) Concurrent Mark Cycle 226.781ms
[527.919s][info][gc,start    ] GC(1112) Pause Young (Prepare Mixed) (G1 Evacuation Pause)
[527.919s][info][gc,task     ] GC(1112) Using 2 workers of 2 for evacuation
[527.969s][info][gc,phases   ] GC(1112)   Pre Evacuate Collection Set: 0.23ms
[527.969s][info][gc,phases   ] GC(1112)   Merge Heap Roots: 0.45ms
[527.969s][info][gc,phases   ] GC(1112)   Evacuate Collection Set: 49.38ms
[527.969s][info][gc,phases   ] GC(1112)   Post Evacuate Collection Set: 0.50ms
[527.969s][info][gc,phases   ] GC(1112)   Other: 0.10ms
[527.969s][info][gc,heap     ] GC(1112) Eden regions: 89->0(75)
[527.969s][info][gc,heap     ] GC(1112) Survivor regions: 10->13(13)
[527.969s][info][gc,heap     ] GC(1112) Old regions: 238->288
[527.969s][info][gc,heap     ] GC(1112) Humongous regions: 4->4
[527.969s][info][gc,metaspace] GC(1112) Metaspace: 43114K(43520K)->43114K(43520K) NonClass: 40306K(40576K)->40306K(40576K) Class: 2808K(2944K)->2808K(2944K)
[527.969s][info][gc          ] GC(1112) Pause Young (Prepare Mixed) (G1 Evacuation Pause) 341M->304M(489M) 50.880ms
[527.969s][info][gc,cpu      ] GC(1112) User=0.10s Sys=0.01s Real=0.05s
[528.195s][info][gc,start    ] GC(1113) Pause Young (Mixed) (G1 Evacuation Pause)
[528.195s][info][gc,task     ] GC(1113) Using 2 workers of 2 for evacuation
[528.235s][info][gc,phases   ] GC(1113)   Pre Evacuate Collection Set: 0.28ms
[528.235s][info][gc,phases   ] GC(1113)   Merge Heap Roots: 0.37ms
[528.235s][info][gc,phases   ] GC(1113)   Evacuate Collection Set: 38.51ms
[528.235s][info][gc,phases   ] GC(1113)   Post Evacuate Collection Set: 0.47ms
[528.235s][info][gc,phases   ] GC(1113)   Other: 0.10ms
[528.235s][info][gc,heap     ] GC(1113) Eden regions: 75->0(84)
[528.235s][info][gc,heap     ] GC(1113) Survivor regions: 13->11(11)
[528.235s][info][gc,heap     ] GC(1113) Old regions: 288->274
[528.235s][info][gc,heap     ] GC(1113) Humongous regions: 4->4
[528.235s][info][gc,metaspace] GC(1113) Metaspace: 43114K(43520K)->43114K(43520K) NonClass: 40306K(40576K)->40306K(40576K) Class: 2808K(2944K)->2808K(2944K)
[528.235s][info][gc          ] GC(1113) Pause Young (Mixed) (G1 Evacuation Pause) 379M->288M(489M) 39.947ms
[528.235s][info][gc,cpu      ] GC(1113) User=0.07s Sys=0.00s Real=0.04s
[528.500s][info][gc,start    ] GC(1114) Pause Young (Mixed) (G1 Evacuation Pause)
[528.500s][info][gc,task     ] GC(1114) Using 2 workers of 2 for evacuation
[528.551s][info][gc,phases   ] GC(1114)   Pre Evacuate Collection Set: 0.32ms
[528.551s][info][gc,phases   ] GC(1114)   Merge Heap Roots: 0.46ms
[528.551s][info][gc,phases   ] GC(1114)   Evacuate Collection Set: 48.84ms
[528.551s][info][gc,phases   ] GC(1114)   Post Evacuate Collection Set: 0.48ms
[528.551s][info][gc,phases   ] GC(1114)   Other: 0.10ms
[528.551s][info][gc,heap     ] GC(1114) Eden regions: 84->0(83)
[528.551s][info][gc,heap     ] GC(1114) Survivor regions: 11->12(12)
[528.551s][info][gc,heap     ] GC(1114) Old regions: 274->275
[528.551s][info][gc,heap     ] GC(1114) Humongous regions: 4->4
[528.551s][info][gc,metaspace] GC(1114) Metaspace: 43114K(43520K)->43114K(43520K) NonClass: 40306K(40576K)->40306K(40576K) Class: 2808K(2944K)->2808K(2944K)
[528.551s][info][gc          ] GC(1114) Pause Young (Mixed) (G1 Evacuation Pause) 372M->290M(489M) 50.400ms
[528.551s][info][gc,cpu      ] GC(1114) User=0.10s Sys=0.00s Real=0.05s
[528.826s][info][gc,start    ] GC(1115) Pause Young (Mixed) (G1 Evacuation Pause)
[528.826s][info][gc,task     ] GC(1115) Using 2 workers of 2 for evacuation
[528.877s][info][gc,phases   ] GC(1115)   Pre Evacuate Collection Set: 0.24ms
[528.877s][info][gc,phases   ] GC(1115)   Merge Heap Roots: 0.49ms
[528.877s][info][gc,phases   ] GC(1115)   Evacuate Collection Set: 49.71ms
[528.877s][info][gc,phases   ] GC(1115)   Post Evacuate Collection Set: 0.44ms
[528.877s][info][gc,phases   ] GC(1115)   Other: 0.09ms
[528.877s][info][gc,heap     ] GC(1115) Eden regions: 83->0(67)
[528.877s][info][gc,heap     ] GC(1115) Survivor regions: 12->12(12)
[528.877s][info][gc,heap     ] GC(1115) Old regions: 275->308
[528.877s][info][gc,heap     ] GC(1115) Humongous regions: 5->5
[528.877s][info][gc,metaspace] GC(1115) Metaspace: 43114K(43520K)->43114K(43520K) NonClass: 40306K(40576K)->40306K(40576K) Class: 2808K(2944K)->2808K(2944K)
[528.877s][info][gc          ] GC(1115) Pause Young (Mixed) (G1 Evacuation Pause) 374M->324M(489M) 51.193ms
[528.878s][info][gc,cpu      ] GC(1115) User=0.10s Sys=0.00s Real=0.05s
[529.110s][info][gc,start    ] GC(1116) Pause Young (Concurrent Start) (G1 Evacuation Pause)
[529.110s][info][gc,task     ] GC(1116) Using 2 workers of 2 for evacuation
[529.154s][info][gc,phases   ] GC(1116)   Pre Evacuate Collection Set: 0.25ms
[529.154s][info][gc,phases   ] GC(1116)   Merge Heap Roots: 0.23ms
[529.154s][info][gc,phases   ] GC(1116)   Evacuate Collection Set: 41.59ms
[529.154s][info][gc,phases   ] GC(1116)   Post Evacuate Collection Set: 1.04ms
[529.154s][info][gc,phases   ] GC(1116)   Other: 0.18ms
[529.154s][info][gc,heap     ] GC(1116) Eden regions: 67->0(87)
[529.154s][info][gc,heap     ] GC(1116) Survivor regions: 12->10(10)
[529.154s][info][gc,heap     ] GC(1116) Old regions: 308->354
[529.154s][info][gc,heap     ] GC(1116) Humongous regions: 5->5
[529.154s][info][gc,metaspace] GC(1116) Metaspace: 43114K(43520K)->43114K(43520K) NonClass: 40306K(40576K)->40306K(40576K) Class: 2808K(2944K)->2808K(2944K)
[529.154s][info][gc          ] GC(1116) Pause Young (Concurrent Start) (G1 Evacuation Pause) 391M->369M(587M) 43.480ms
[529.154s][info][gc,cpu      ] GC(1116) User=0.08s Sys=0.00s Real=0.05s
[529.154s][info][gc          ] GC(1117) Concurrent Mark Cycle
[529.154s][info][gc,marking  ] GC(1117) Concurrent Scan Root Regions
[529.179s][info][gc,marking  ] GC(1117) Concurrent Scan Root Regions 24.827ms
[529.179s][info][gc,marking  ] GC(1117) Concurrent Mark
[529.179s][info][gc,marking  ] GC(1117) Concurrent Mark From Roots
[529.179s][info][gc,task     ] GC(1117) Using 1 workers of 1 for marking
[529.301s][info][gc,marking  ] GC(1117) Concurrent Mark From Roots 122.160ms
[529.301s][info][gc,marking  ] GC(1117) Concurrent Preclean
[529.301s][info][gc,marking  ] GC(1117) Concurrent Preclean 0.071ms
[529.301s][info][gc,start    ] GC(1117) Pause Remark
[529.315s][info][gc          ] GC(1117) Pause Remark 406M->323M(587M) 13.314ms
[529.315s][info][gc,cpu      ] GC(1117) User=0.02s Sys=0.00s Real=0.02s
[529.315s][info][gc,marking  ] GC(1117) Concurrent Mark 135.827ms
[529.315s][info][gc,marking  ] GC(1117) Concurrent Rebuild Remembered Sets and Scrub Regions
[529.395s][info][gc,marking  ] GC(1117) Concurrent Rebuild Remembered Sets and Scrub Regions 80.239ms
[529.395s][info][gc,start    ] GC(1117) Pause Cleanup
[529.395s][info][gc          ] GC(1117) Pause Cleanup 337M->337M(587M) 0.103ms
[529.395s][info][gc,cpu      ] GC(1117) User=0.00s Sys=0.00s Real=0.00s
[529.395s][info][gc,marking  ] GC(1117) Concurrent Clear Claimed Marks
[529.395s][info][gc,marking  ] GC(1117) Concurrent Clear Claimed Marks 0.039ms
[529.395s][info][gc,marking  ] GC(1117) Concurrent Cleanup for Next Mark
[529.398s][info][gc,marking  ] GC(1117) Concurrent Cleanup for Next Mark 2.719ms
[529.398s][info][gc          ] GC(1117) Concurrent Mark Cycle 244.116ms
[529.565s][info][gc,start    ] GC(1118) Pause Young (Prepare Mixed) (G1 Evacuation Pause)
[529.565s][info][gc,task     ] GC(1118) Using 2 workers of 2 for evacuation
[529.617s][info][gc,phases   ] GC(1118)   Pre Evacuate Collection Set: 0.24ms
[529.617s][info][gc,phases   ] GC(1118)   Merge Heap Roots: 0.43ms
[529.617s][info][gc,phases   ] GC(1118)   Evacuate Collection Set: 50.70ms
[529.617s][info][gc,phases   ] GC(1118)   Post Evacuate Collection Set: 0.49ms
[529.617s][info][gc,phases   ] GC(1118)   Other: 0.09ms
[529.617s][info][gc,heap     ] GC(1118) Eden regions: 87->0(101)
[529.617s][info][gc,heap     ] GC(1118) Survivor regions: 10->13(13)
[529.617s][info][gc,heap     ] GC(1118) Old regions: 272->319
[529.617s][info][gc,heap     ] GC(1118) Humongous regions: 5->5
[529.617s][info][gc,metaspace] GC(1118) Metaspace: 43114K(43520K)->43114K(43520K) NonClass: 40306K(40576K)->40306K(40576K) Class: 2808K(2944K)->2808K(2944K)
[529.617s][info][gc          ] GC(1118) Pause Young (Prepare Mixed) (G1 Evacuation Pause) 374M->337M(587M) 52.183ms
[529.617s][info][gc,cpu      ] GC(1118) User=0.09s Sys=0.01s Real=0.05s
[529.960s][info][gc,start    ] GC(1119) Pause Young (Mixed) (G1 Evacuation Pause)
[529.960s][info][gc,task     ] GC(1119) Using 2 workers of 2 for evacuation
[530.019s][info][gc,phases   ] GC(1119)   Pre Evacuate Collection Set: 0.32ms
[530.019s][info][gc,phases   ] GC(1119)   Merge Heap Roots: 0.34ms
[530.019s][info][gc,phases   ] GC(1119)   Evacuate Collection Set: 57.68ms
[530.019s][info][gc,phases   ] GC(1119)   Post Evacuate Collection Set: 0.53ms
[530.019s][info][gc,phases   ] GC(1119)   Other: 0.08ms
[530.019s][info][gc,heap     ] GC(1119) Eden regions: 101->0(95)
[530.019s][info][gc,heap     ] GC(1119) Survivor regions: 13->15(15)
[530.019s][info][gc,heap     ] GC(1119) Old regions: 319->324
[530.019s][info][gc,heap     ] GC(1119) Humongous regions: 6->6
[530.019s][info][gc,metaspace] GC(1119) Metaspace: 43114K(43520K)->43114K(43520K) NonClass: 40306K(40576K)->40306K(40576K) Class: 2808K(2944K)->2808K(2944K)
[530.019s][info][gc          ] GC(1119) Pause Young (Mixed) (G1 Evacuation Pause) 439M->345M(587M) 59.178ms
[530.019s][info][gc,cpu      ] GC(1119) User=0.12s Sys=0.00s Real=0.06s
[530.340s][info][gc,start    ] GC(1120) Pause Young (Mixed) (G1 Evacuation Pause)
[530.340s][info][gc,task     ] GC(1120) Using 2 workers of 2 for evacuation
[530.399s][info][gc,phases   ] GC(1120)   Pre Evacuate Collection Set: 0.25ms
[530.399s][info][gc,phases   ] GC(1120)   Merge Heap Roots: 0.60ms
[530.399s][info][gc,phases   ] GC(1120)   Evacuate Collection Set: 57.70ms
[530.399s][info][gc,phases   ] GC(1120)   Post Evacuate Collection Set: 0.47ms
[530.399s][info][gc,phases   ] GC(1120)   Other: 0.07ms
[530.399s][info][gc,heap     ] GC(1120) Eden regions: 95->0(97)
[530.399s][info][gc,heap     ] GC(1120) Survivor regions: 15->14(14)
[530.399s][info][gc,heap     ] GC(1120) Old regions: 324->328
[530.399s][info][gc,heap     ] GC(1120) Humongous regions: 6->6
[530.399s][info][gc,metaspace] GC(1120) Metaspace: 43114K(43520K)->43114K(43520K) NonClass: 40306K(40576K)->40306K(40576K) Class: 2808K(2944K)->2808K(2944K)
[530.399s][info][gc          ] GC(1120) Pause Young (Mixed) (G1 Evacuation Pause) 440M->347M(587M) 59.348ms
[530.399s][info][gc,cpu      ] GC(1120) User=0.12s Sys=0.00s Real=0.06s
[530.428s][info][gc,start    ] GC(1121) Pause Young (Concurrent Start) (G1 Humongous Allocation)
[530.428s][info][gc,task     ] GC(1121) Using 2 workers of 2 for evacuation
[530.443s][info][gc,phases   ] GC(1121)   Pre Evacuate Collection Set: 0.29ms
[530.443s][info][gc,phases   ] GC(1121)   Merge Heap Roots: 0.12ms
[530.444s][info][gc,phases   ] GC(1121)   Evacuate Collection Set: 15.01ms
[530.444s][info][gc,phases   ] GC(1121)   Post Evacuate Collection Set: 0.29ms
[530.444s][info][gc,phases   ] GC(1121)   Other: 0.15ms
[530.444s][info][gc,heap     ] GC(1121) Eden regions: 10->0(96)
[530.444s][info][gc,heap     ] GC(1121) Survivor regions: 14->7(14)
[530.444s][info][gc,heap     ] GC(1121) Old regions: 328->342
[530.444s][info][gc,heap     ] GC(1121) Humongous regions: 6->6
[530.444s][info][gc,metaspace] GC(1121) Metaspace: 43114K(43520K)->43114K(43520K) NonClass: 40306K(40576K)->40306K(40576K) Class: 2808K(2944K)->2808K(2944K)
[530.444s][info][gc          ] GC(1121) Pause Young (Concurrent Start) (G1 Humongous Allocation) 357M->354M(587M) 16.022ms
[530.444s][info][gc,cpu      ] GC(1121) User=0.03s Sys=0.00s Real=0.02s
[530.444s][info][gc          ] GC(1122) Concurrent Mark Cycle
[530.444s][info][gc,marking  ] GC(1122) Concurrent Scan Root Regions
[530.453s][info][gc,marking  ] GC(1122) Concurrent Scan Root Regions 9.391ms
[530.453s][info][gc,marking  ] GC(1122) Concurrent Mark
[530.453s][info][gc,marking  ] GC(1122) Concurrent Mark From Roots
[530.453s][info][gc,task     ] GC(1122) Using 1 workers of 1 for marking
[530.570s][info][gc,marking  ] GC(1122) Concurrent Mark From Roots 117.313ms
[530.570s][info][gc,marking  ] GC(1122) Concurrent Preclean
[530.571s][info][gc,marking  ] GC(1122) Concurrent Preclean 0.070ms
[530.571s][info][gc,start    ] GC(1122) Pause Remark
[530.584s][info][gc          ] GC(1122) Pause Remark 388M->321M(587M) 13.059ms
[530.584s][info][gc,cpu      ] GC(1122) User=0.02s Sys=0.00s Real=0.02s
[530.584s][info][gc,marking  ] GC(1122) Concurrent Mark 130.719ms
[530.584s][info][gc,marking  ] GC(1122) Concurrent Rebuild Remembered Sets and Scrub Regions
[530.648s][info][gc,marking  ] GC(1122) Concurrent Rebuild Remembered Sets and Scrub Regions 64.057ms
[530.648s][info][gc,start    ] GC(1122) Pause Cleanup
[530.648s][info][gc          ] GC(1122) Pause Cleanup 339M->339M(587M) 0.136ms
[530.648s][info][gc,cpu      ] GC(1122) User=0.01s Sys=0.00s Real=0.00s
[530.648s][info][gc,marking  ] GC(1122) Concurrent Clear Claimed Marks
[530.648s][info][gc,marking  ] GC(1122) Concurrent Clear Claimed Marks 0.042ms
[530.648s][info][gc,marking  ] GC(1122) Concurrent Cleanup for Next Mark
[530.650s][info][gc,marking  ] GC(1122) Concurrent Cleanup for Next Mark 1.676ms
[530.650s][info][gc          ] GC(1122) Concurrent Mark Cycle 206.376ms
[530.787s][info][gc,start    ] GC(1123) Pause Young (Prepare Mixed) (G1 Evacuation Pause)
[530.787s][info][gc,task     ] GC(1123) Using 2 workers of 2 for evacuation
[530.801s][info][gc,phases   ] GC(1123)   Pre Evacuate Collection Set: 0.34ms
[530.801s][info][gc,phases   ] GC(1123)   Merge Heap Roots: 0.27ms
[530.801s][info][gc,phases   ] GC(1123)   Evacuate Collection Set: 12.84ms
[530.801s][info][gc,phases   ] GC(1123)   Post Evacuate Collection Set: 0.41ms
[530.801s][info][gc,phases   ] GC(1123)   Other: 0.09ms
[530.801s][info][gc,heap     ] GC(1123) Eden regions: 96->0(128)
[530.801s][info][gc,heap     ] GC(1123) Survivor regions: 7->13(13)
[530.801s][info][gc,heap     ] GC(1123) Old regions: 277->279
[530.801s][info][gc,heap     ] GC(1123) Humongous regions: 5->5
[530.801s][info][gc,metaspace] GC(1123) Metaspace: 43114K(43520K)->43114K(43520K) NonClass: 40306K(40576K)->40306K(40576K) Class: 2808K(2944K)->2808K(2944K)
[530.802s][info][gc          ] GC(1123) Pause Young (Prepare Mixed) (G1 Evacuation Pause) 384M->296M(587M) 14.160ms
[530.802s][info][gc,cpu      ] GC(1123) User=0.03s Sys=0.00s Real=0.01s
[531.208s][info][gc,start    ] GC(1124) Pause Young (Mixed) (G1 Evacuation Pause)
[531.208s][info][gc,task     ] GC(1124) Using 2 workers of 2 for evacuation
[531.230s][info][gc,phases   ] GC(1124)   Pre Evacuate Collection Set: 0.28ms
[531.231s][info][gc,phases   ] GC(1124)   Merge Heap Roots: 0.18ms
[531.231s][info][gc,phases   ] GC(1124)   Evacuate Collection Set: 21.34ms
[531.231s][info][gc,phases   ] GC(1124)   Post Evacuate Collection Set: 0.99ms
[531.231s][info][gc,phases   ] GC(1124)   Other: 0.10ms
[531.231s][info][gc,heap     ] GC(1124) Eden regions: 128->0(185)
[531.231s][info][gc,heap     ] GC(1124) Survivor regions: 13->18(18)
[531.231s][info][gc,heap     ] GC(1124) Old regions: 279->233
[531.231s][info][gc,heap     ] GC(1124) Humongous regions: 5->5
[531.231s][info][gc,metaspace] GC(1124) Metaspace: 43115K(43520K)->43115K(43520K) NonClass: 40307K(40576K)->40307K(40576K) Class: 2808K(2944K)->2808K(2944K)
[531.231s][info][gc          ] GC(1124) Pause Young (Mixed) (G1 Evacuation Pause) 424M->255M(666M) 23.090ms
[531.231s][info][gc,cpu      ] GC(1124) User=0.04s Sys=0.00s Real=0.02s
[531.912s][info][gc,start    ] GC(1125) Pause Young (Mixed) (G1 Evacuation Pause)
[531.912s][info][gc,task     ] GC(1125) Using 2 workers of 2 for evacuation
[531.950s][info][gc,phases   ] GC(1125)   Pre Evacuate Collection Set: 0.27ms
[531.950s][info][gc,phases   ] GC(1125)   Merge Heap Roots: 0.30ms
[531.950s][info][gc,phases   ] GC(1125)   Evacuate Collection Set: 37.02ms
[531.950s][info][gc,phases   ] GC(1125)   Post Evacuate Collection Set: 0.58ms
[531.950s][info][gc,phases   ] GC(1125)   Other: 0.10ms
[531.950s][info][gc,heap     ] GC(1125) Eden regions: 185->0(208)
[531.950s][info][gc,heap     ] GC(1125) Survivor regions: 18->26(26)
[531.950s][info][gc,heap     ] GC(1125) Old regions: 233->192
[531.950s][info][gc,heap     ] GC(1125) Humongous regions: 6->5
[531.950s][info][gc,metaspace] GC(1125) Metaspace: 43115K(43520K)->43115K(43520K) NonClass: 40307K(40576K)->40307K(40576K) Class: 2808K(2944K)->2808K(2944K)
[531.950s][info][gc          ] GC(1125) Pause Young (Mixed) (G1 Evacuation Pause) 441M->222M(666M) 38.478ms
[531.951s][info][gc,cpu      ] GC(1125) User=0.08s Sys=0.00s Real=0.03s
[532.628s][info][gc,start    ] GC(1126) Pause Young (Mixed) (G1 Evacuation Pause)
[532.628s][info][gc,task     ] GC(1126) Using 2 workers of 2 for evacuation
[532.666s][info][gc,phases   ] GC(1126)   Pre Evacuate Collection Set: 0.37ms
[532.666s][info][gc,phases   ] GC(1126)   Merge Heap Roots: 0.47ms
[532.666s][info][gc,phases   ] GC(1126)   Evacuate Collection Set: 36.16ms
[532.666s][info][gc,phases   ] GC(1126)   Post Evacuate Collection Set: 0.53ms
[532.666s][info][gc,phases   ] GC(1126)   Other: 0.09ms
[532.666s][info][gc,heap     ] GC(1126) Eden regions: 208->0(222)
[532.666s][info][gc,heap     ] GC(1126) Survivor regions: 26->25(30)
[532.666s][info][gc,heap     ] GC(1126) Old regions: 192->196
[532.666s][info][gc,heap     ] GC(1126) Humongous regions: 8->6
[532.666s][info][gc,metaspace] GC(1126) Metaspace: 43115K(43520K)->43115K(43520K) NonClass: 40307K(40576K)->40307K(40576K) Class: 2808K(2944K)->2808K(2944K)
[532.666s][info][gc          ] GC(1126) Pause Young (Mixed) (G1 Evacuation Pause) 433M->226M(666M) 37.821ms
[532.666s][info][gc,cpu      ] GC(1126) User=0.07s Sys=0.00s Real=0.04s
[532.949s][info][gc,start    ] GC(1127) Pause Young (Concurrent Start) (G1 Humongous Allocation)
[532.949s][info][gc,task     ] GC(1127) Using 2 workers of 2 for evacuation
[532.983s][info][gc,phases   ] GC(1127)   Pre Evacuate Collection Set: 0.28ms
[532.983s][info][gc,phases   ] GC(1127)   Merge Heap Roots: 0.14ms
[532.983s][info][gc,phases   ] GC(1127)   Evacuate Collection Set: 33.62ms
[532.983s][info][gc,phases   ] GC(1127)   Post Evacuate Collection Set: 0.43ms
[532.983s][info][gc,phases   ] GC(1127)   Other: 0.11ms
[532.983s][info][gc,heap     ] GC(1127) Eden regions: 90->0(215)
[532.983s][info][gc,heap     ] GC(1127) Survivor regions: 25->31(31)
[532.983s][info][gc,heap     ] GC(1127) Old regions: 196->220
[532.983s][info][gc,heap     ] GC(1127) Humongous regions: 6->6
[532.983s][info][gc,metaspace] GC(1127) Metaspace: 43115K(43520K)->43115K(43520K) NonClass: 40307K(40576K)->40307K(40576K) Class: 2808K(2944K)->2808K(2944K)
[532.983s][info][gc          ] GC(1127) Pause Young (Concurrent Start) (G1 Humongous Allocation) 315M->256M(666M) 34.797ms
[532.983s][info][gc,cpu      ] GC(1127) User=0.06s Sys=0.00s Real=0.04s
[532.983s][info][gc          ] GC(1128) Concurrent Mark Cycle
[532.983s][info][gc,marking  ] GC(1128) Concurrent Scan Root Regions
[533.005s][info][gc,marking  ] GC(1128) Concurrent Scan Root Regions 21.759ms
[533.005s][info][gc,marking  ] GC(1128) Concurrent Mark
[533.005s][info][gc,marking  ] GC(1128) Concurrent Mark From Roots
[533.005s][info][gc,task     ] GC(1128) Using 1 workers of 1 for marking
[533.096s][info][gc,marking  ] GC(1128) Concurrent Mark From Roots 90.773ms
[533.096s][info][gc,marking  ] GC(1128) Concurrent Preclean
[533.096s][info][gc,marking  ] GC(1128) Concurrent Preclean 0.069ms
[533.096s][info][gc,start    ] GC(1128) Pause Remark
[533.109s][info][gc          ] GC(1128) Pause Remark 287M->203M(580M) 13.152ms
[533.109s][info][gc,cpu      ] GC(1128) User=0.03s Sys=0.00s Real=0.01s
[533.110s][info][gc,marking  ] GC(1128) Concurrent Mark 104.282ms
[533.110s][info][gc,marking  ] GC(1128) Concurrent Rebuild Remembered Sets and Scrub Regions
[533.159s][info][gc,marking  ] GC(1128) Concurrent Rebuild Remembered Sets and Scrub Regions 49.584ms
[533.159s][info][gc,start    ] GC(1128) Pause Cleanup
[533.159s][info][gc          ] GC(1128) Pause Cleanup 218M->218M(580M) 0.058ms
[533.159s][info][gc,cpu      ] GC(1128) User=0.00s Sys=0.00s Real=0.00s
[533.159s][info][gc,marking  ] GC(1128) Concurrent Clear Claimed Marks
[533.159s][info][gc,marking  ] GC(1128) Concurrent Clear Claimed Marks 0.037ms
[533.159s][info][gc,marking  ] GC(1128) Concurrent Cleanup for Next Mark
[533.161s][info][gc,marking  ] GC(1128) Concurrent Cleanup for Next Mark 1.903ms
[533.161s][info][gc          ] GC(1128) Concurrent Mark Cycle 177.946ms
[533.692s][info][gc,start    ] GC(1129) Pause Young (Prepare Mixed) (G1 Evacuation Pause)
[533.692s][info][gc,task     ] GC(1129) Using 2 workers of 2 for evacuation
[533.726s][info][gc,phases   ] GC(1129)   Pre Evacuate Collection Set: 0.23ms
[533.726s][info][gc,phases   ] GC(1129)   Merge Heap Roots: 0.16ms
[533.726s][info][gc,phases   ] GC(1129)   Evacuate Collection Set: 33.01ms
[533.726s][info][gc,phases   ] GC(1129)   Post Evacuate Collection Set: 0.46ms
[533.726s][info][gc,phases   ] GC(1129)   Other: 0.09ms
[533.726s][info][gc,heap     ] GC(1129) Eden regions: 215->0(213)
[533.726s][info][gc,heap     ] GC(1129) Survivor regions: 31->31(31)
[533.726s][info][gc,heap     ] GC(1129) Old regions: 138->160
[533.726s][info][gc,heap     ] GC(1129) Humongous regions: 6->5
[533.726s][info][gc,metaspace] GC(1129) Metaspace: 43115K(43520K)->43115K(43520K) NonClass: 40307K(40576K)->40307K(40576K) Class: 2808K(2944K)->2808K(2944K)
[533.726s][info][gc          ] GC(1129) Pause Young (Prepare Mixed) (G1 Evacuation Pause) 389M->194M(580M) 34.188ms
[533.726s][info][gc,cpu      ] GC(1129) User=0.07s Sys=0.00s Real=0.04s
[534.359s][info][gc,start    ] GC(1130) Pause Young (Mixed) (G1 Evacuation Pause)
[534.359s][info][gc,task     ] GC(1130) Using 2 workers of 2 for evacuation
[534.413s][info][gc,phases   ] GC(1130)   Pre Evacuate Collection Set: 0.25ms
[534.413s][info][gc,phases   ] GC(1130)   Merge Heap Roots: 0.25ms
[534.413s][info][gc,phases   ] GC(1130)   Evacuate Collection Set: 53.30ms
[534.413s][info][gc,phases   ] GC(1130)   Post Evacuate Collection Set: 0.62ms
[534.413s][info][gc,phases   ] GC(1130)   Other: 0.08ms
[534.413s][info][gc,heap     ] GC(1130) Eden regions: 213->0(196)
[534.413s][info][gc,heap     ] GC(1130) Survivor regions: 31->31(31)
[534.413s][info][gc,heap     ] GC(1130) Old regions: 160->192
[534.413s][info][gc,heap     ] GC(1130) Humongous regions: 9->7
[534.413s][info][gc,metaspace] GC(1130) Metaspace: 43115K(43520K)->43115K(43520K) NonClass: 40307K(40576K)->40307K(40576K) Class: 2808K(2944K)->2808K(2944K)
[534.413s][info][gc          ] GC(1130) Pause Young (Mixed) (G1 Evacuation Pause) 411M->228M(580M) 54.714ms
[534.413s][info][gc,cpu      ] GC(1130) User=0.10s Sys=0.00s Real=0.06s
[534.961s][info][gc,start    ] GC(1131) Pause Young (Concurrent Start) (G1 Evacuation Pause)
[534.961s][info][gc,task     ] GC(1131) Using 2 workers of 2 for evacuation
[534.985s][info][gc,phases   ] GC(1131)   Pre Evacuate Collection Set: 0.40ms
[534.985s][info][gc,phases   ] GC(1131)   Merge Heap Roots: 0.29ms
[534.985s][info][gc,phases   ] GC(1131)   Evacuate Collection Set: 22.59ms
[534.985s][info][gc,phases   ] GC(1131)   Post Evacuate Collection Set: 0.46ms
[534.985s][info][gc,phases   ] GC(1131)   Other: 0.17ms
[534.985s][info][gc,heap     ] GC(1131) Eden regions: 196->0(213)
[534.985s][info][gc,heap     ] GC(1131) Survivor regions: 31->2(29)
[534.985s][info][gc,heap     ] GC(1131) Old regions: 192->223
[534.985s][info][gc,heap     ] GC(1131) Humongous regions: 7->7
[534.985s][info][gc,metaspace] GC(1131) Metaspace: 43115K(43520K)->43115K(43520K) NonClass: 40307K(40576K)->40307K(40576K) Class: 2808K(2944K)->2808K(2944K)
[534.985s][info][gc          ] GC(1131) Pause Young (Concurrent Start) (G1 Evacuation Pause) 424M->231M(580M) 24.095ms
[534.985s][info][gc,cpu      ] GC(1131) User=0.04s Sys=0.00s Real=0.03s
[534.985s][info][gc          ] GC(1132) Concurrent Mark Cycle
[534.985s][info][gc,marking  ] GC(1132) Concurrent Scan Root Regions
[534.996s][info][gc,marking  ] GC(1132) Concurrent Scan Root Regions 11.098ms
[534.996s][info][gc,marking  ] GC(1132) Concurrent Mark
[534.996s][info][gc,marking  ] GC(1132) Concurrent Mark From Roots
[534.996s][info][gc,task     ] GC(1132) Using 1 workers of 1 for marking
[535.101s][info][gc,marking  ] GC(1132) Concurrent Mark From Roots 104.399ms
[535.101s][info][gc,marking  ] GC(1132) Concurrent Preclean
[535.101s][info][gc,marking  ] GC(1132) Concurrent Preclean 0.053ms
[535.101s][info][gc,start    ] GC(1132) Pause Remark
[535.114s][info][gc          ] GC(1132) Pause Remark 266M->224M(580M) 13.613ms
[535.114s][info][gc,cpu      ] GC(1132) User=0.02s Sys=0.00s Real=0.02s
[535.115s][info][gc,marking  ] GC(1132) Concurrent Mark 118.361ms
[535.115s][info][gc,marking  ] GC(1132) Concurrent Rebuild Remembered Sets and Scrub Regions
[535.170s][info][gc,marking  ] GC(1132) Concurrent Rebuild Remembered Sets and Scrub Regions 55.850ms
[535.171s][info][gc,start    ] GC(1132) Pause Cleanup
[535.171s][info][gc          ] GC(1132) Pause Cleanup 243M->243M(580M) 0.064ms
[535.171s][info][gc,cpu      ] GC(1132) User=0.00s Sys=0.00s Real=0.00s
[535.171s][info][gc,marking  ] GC(1132) Concurrent Clear Claimed Marks
[535.171s][info][gc,marking  ] GC(1132) Concurrent Clear Claimed Marks 0.034ms
[535.171s][info][gc,marking  ] GC(1132) Concurrent Cleanup for Next Mark
[535.172s][info][gc,marking  ] GC(1132) Concurrent Cleanup for Next Mark 1.646ms
[535.172s][info][gc          ] GC(1132) Concurrent Mark Cycle 187.378ms
[535.591s][info][gc,start    ] GC(1133) Pause Young (Prepare Mixed) (G1 Evacuation Pause)
[535.591s][info][gc,task     ] GC(1133) Using 2 workers of 2 for evacuation
[535.594s][info][gc,phases   ] GC(1133)   Pre Evacuate Collection Set: 0.26ms
[535.594s][info][gc,phases   ] GC(1133)   Merge Heap Roots: 0.07ms
[535.594s][info][gc,phases   ] GC(1133)   Evacuate Collection Set: 1.70ms
[535.594s][info][gc,phases   ] GC(1133)   Post Evacuate Collection Set: 0.41ms
[535.594s][info][gc,phases   ] GC(1133)   Other: 0.07ms
[535.594s][info][gc,heap     ] GC(1133) Eden regions: 213->0(251)
[535.594s][info][gc,heap     ] GC(1133) Survivor regions: 2->2(27)
[535.594s][info][gc,heap     ] GC(1133) Old regions: 182->182
[535.594s][info][gc,heap     ] GC(1133) Humongous regions: 6->5
[535.594s][info][gc,metaspace] GC(1133) Metaspace: 43115K(43520K)->43115K(43520K) NonClass: 40307K(40576K)->40307K(40576K) Class: 2808K(2944K)->2808K(2944K)
[535.594s][info][gc          ] GC(1133) Pause Young (Prepare Mixed) (G1 Evacuation Pause) 403M->189M(580M) 2.722ms
[535.594s][info][gc,cpu      ] GC(1133) User=0.00s Sys=0.00s Real=0.01s
[536.054s][info][gc,start    ] GC(1134) Pause Young (Mixed) (G1 Evacuation Pause)
[536.054s][info][gc,task     ] GC(1134) Using 2 workers of 2 for evacuation
[536.067s][info][gc,phases   ] GC(1134)   Pre Evacuate Collection Set: 0.27ms
[536.067s][info][gc,phases   ] GC(1134)   Merge Heap Roots: 0.27ms
[536.067s][info][gc,phases   ] GC(1134)   Evacuate Collection Set: 11.28ms
[536.067s][info][gc,phases   ] GC(1134)   Post Evacuate Collection Set: 0.53ms
[536.067s][info][gc,phases   ] GC(1134)   Other: 0.07ms
[536.067s][info][gc,heap     ] GC(1134) Eden regions: 251->0(287)
[536.067s][info][gc,heap     ] GC(1134) Survivor regions: 2->6(32)
[536.067s][info][gc,heap     ] GC(1134) Old regions: 182->139
[536.067s][info][gc,heap     ] GC(1134) Humongous regions: 5->3
[536.067s][info][gc,metaspace] GC(1134) Metaspace: 43115K(43520K)->43115K(43520K) NonClass: 40307K(40576K)->40307K(40576K) Class: 2808K(2944K)->2808K(2944K)
[536.067s][info][gc          ] GC(1134) Pause Young (Mixed) (G1 Evacuation Pause) 440M->148M(580M) 12.595ms
[536.067s][info][gc,cpu      ] GC(1134) User=0.02s Sys=0.00s Real=0.01s
[536.428s][info][gc,start    ] GC(1135) Pause Young (Concurrent Start) (G1 Humongous Allocation)
[536.428s][info][gc,task     ] GC(1135) Using 2 workers of 2 for evacuation
[536.432s][info][gc,phases   ] GC(1135)   Pre Evacuate Collection Set: 0.26ms
[536.432s][info][gc,phases   ] GC(1135)   Merge Heap Roots: 0.07ms
[536.432s][info][gc,phases   ] GC(1135)   Evacuate Collection Set: 3.15ms
[536.432s][info][gc,phases   ] GC(1135)   Post Evacuate Collection Set: 0.45ms
[536.432s][info][gc,phases   ] GC(1135)   Other: 0.09ms
[536.432s][info][gc,heap     ] GC(1135) Eden regions: 233->0(306)
[536.432s][info][gc,heap     ] GC(1135) Survivor regions: 6->4(37)
[536.432s][info][gc,heap     ] GC(1135) Old regions: 139->139
[536.432s][info][gc,heap     ] GC(1135) Humongous regions: 3->3
[536.432s][info][gc,metaspace] GC(1135) Metaspace: 43115K(43520K)->43115K(43520K) NonClass: 40307K(40576K)->40307K(40576K) Class: 2808K(2944K)->2808K(2944K)
[536.432s][info][gc          ] GC(1135) Pause Young (Concurrent Start) (G1 Humongous Allocation) 380M->146M(580M) 4.203ms
[536.432s][info][gc,cpu      ] GC(1135) User=0.01s Sys=0.00s Real=0.01s
[536.432s][info][gc          ] GC(1136) Concurrent Mark Cycle
[536.432s][info][gc,marking  ] GC(1136) Concurrent Scan Root Regions
[536.434s][info][gc,marking  ] GC(1136) Concurrent Scan Root Regions 1.887ms
[536.434s][info][gc,marking  ] GC(1136) Concurrent Mark
[536.434s][info][gc,marking  ] GC(1136) Concurrent Mark From Roots
[536.434s][info][gc,task     ] GC(1136) Using 1 workers of 1 for marking
[536.504s][info][gc,marking  ] GC(1136) Concurrent Mark From Roots 69.406ms
[536.504s][info][gc,marking  ] GC(1136) Concurrent Preclean
[536.504s][info][gc,marking  ] GC(1136) Concurrent Preclean 0.047ms
[536.504s][info][gc,start    ] GC(1136) Pause Remark
[536.517s][info][gc          ] GC(1136) Pause Remark 169M->105M(280M) 13.180ms
[536.517s][info][gc,cpu      ] GC(1136) User=0.03s Sys=0.00s Real=0.01s
[536.517s][info][gc,marking  ] GC(1136) Concurrent Mark 82.889ms
[536.517s][info][gc,marking  ] GC(1136) Concurrent Rebuild Remembered Sets and Scrub Regions
[536.544s][info][gc,marking  ] GC(1136) Concurrent Rebuild Remembered Sets and Scrub Regions 26.919ms
[536.544s][info][gc,start    ] GC(1136) Pause Cleanup
[536.544s][info][gc          ] GC(1136) Pause Cleanup 113M->113M(280M) 0.042ms
[536.544s][info][gc,cpu      ] GC(1136) User=0.00s Sys=0.00s Real=0.00s
[536.544s][info][gc,marking  ] GC(1136) Concurrent Clear Claimed Marks
[536.544s][info][gc,marking  ] GC(1136) Concurrent Clear Claimed Marks 0.035ms
[536.544s][info][gc,marking  ] GC(1136) Concurrent Cleanup for Next Mark
[536.545s][info][gc,marking  ] GC(1136) Concurrent Cleanup for Next Mark 0.807ms
[536.545s][info][gc          ] GC(1136) Concurrent Mark Cycle 112.873ms
[536.996s][info][gc,start    ] GC(1137) Pause Young (Prepare Mixed) (G1 Evacuation Pause)
[536.996s][info][gc,task     ] GC(1137) Using 2 workers of 2 for evacuation
[537.008s][info][gc,phases   ] GC(1137)   Pre Evacuate Collection Set: 0.34ms
[537.008s][info][gc,phases   ] GC(1137)   Merge Heap Roots: 0.12ms
[537.008s][info][gc,phases   ] GC(1137)   Evacuate Collection Set: 10.92ms
[537.008s][info][gc,phases   ] GC(1137)   Post Evacuate Collection Set: 0.93ms
[537.008s][info][gc,phases   ] GC(1137)   Other: 0.09ms
[537.008s][info][gc,heap     ] GC(1137) Eden regions: 82->0(246)
[537.008s][info][gc,heap     ] GC(1137) Survivor regions: 4->9(29)
[537.008s][info][gc,heap     ] GC(1137) Old regions: 77->77
[537.008s][info][gc,heap     ] GC(1137) Humongous regions: 253->3
[537.008s][info][gc,metaspace] GC(1137) Metaspace: 43115K(43520K)->43115K(43520K) NonClass: 40307K(40576K)->40307K(40576K) Class: 2808K(2944K)->2808K(2944K)
[537.008s][info][gc          ] GC(1137) Pause Young (Prepare Mixed) (G1 Evacuation Pause) 415M->89M(425M) 12.597ms
[537.008s][info][gc,cpu      ] GC(1137) User=0.01s Sys=0.01s Real=0.01s
[537.635s][info][gc,start    ] GC(1138) Pause Young (Mixed) (G1 Evacuation Pause)
[537.635s][info][gc,task     ] GC(1138) Using 2 workers of 2 for evacuation
[537.655s][info][gc,phases   ] GC(1138)   Pre Evacuate Collection Set: 0.28ms
[537.655s][info][gc,phases   ] GC(1138)   Merge Heap Roots: 0.13ms
[537.655s][info][gc,phases   ] GC(1138)   Evacuate Collection Set: 19.34ms
[537.655s][info][gc,phases   ] GC(1138)   Post Evacuate Collection Set: 0.94ms
[537.655s][info][gc,phases   ] GC(1138)   Other: 0.08ms
[537.655s][info][gc,heap     ] GC(1138) Eden regions: 68->0(321)
[537.655s][info][gc,heap     ] GC(1138) Survivor regions: 9->16(33)
[537.655s][info][gc,heap     ] GC(1138) Old regions: 77->70
[537.655s][info][gc,heap     ] GC(1138) Humongous regions: 391->1
[537.655s][info][gc,metaspace] GC(1138) Metaspace: 43115K(43520K)->43115K(43520K) NonClass: 40307K(40576K)->40307K(40576K) Class: 2808K(2944K)->2808K(2944K)
[537.655s][info][gc          ] GC(1138) Pause Young (Mixed) (G1 Evacuation Pause) 545M->86M(562M) 20.962ms
[537.656s][info][gc,cpu      ] GC(1138) User=0.02s Sys=0.01s Real=0.02s
[537.656s][info][gc,start    ] GC(1139) Pause Young (Concurrent Start) (G1 Humongous Allocation)
[537.656s][info][gc,task     ] GC(1139) Using 2 workers of 2 for evacuation
[537.669s][info][gc,phases   ] GC(1139)   Pre Evacuate Collection Set: 0.22ms
[537.669s][info][gc,phases   ] GC(1139)   Merge Heap Roots: 0.05ms
[537.669s][info][gc,phases   ] GC(1139)   Evacuate Collection Set: 12.17ms
[537.669s][info][gc,phases   ] GC(1139)   Post Evacuate Collection Set: 0.52ms
[537.669s][info][gc,phases   ] GC(1139)   Other: 0.07ms
[537.669s][info][gc,heap     ] GC(1139) Eden regions: 1->0(320)
[537.669s][info][gc,heap     ] GC(1139) Survivor regions: 16->17(43)
[537.669s][info][gc,heap     ] GC(1139) Old regions: 70->70
[537.669s][info][gc,heap     ] GC(1139) Humongous regions: 1->1
[537.669s][info][gc,metaspace] GC(1139) Metaspace: 43115K(43520K)->43115K(43520K) NonClass: 40307K(40576K)->40307K(40576K) Class: 2808K(2944K)->2808K(2944K)
[537.669s][info][gc          ] GC(1139) Pause Young (Concurrent Start) (G1 Humongous Allocation) 86M->86M(562M) 13.174ms
[537.669s][info][gc,cpu      ] GC(1139) User=0.02s Sys=0.00s Real=0.01s
[537.669s][info][gc          ] GC(1140) Concurrent Mark Cycle
[537.669s][info][gc,marking  ] GC(1140) Concurrent Scan Root Regions
[537.682s][info][gc,marking  ] GC(1140) Concurrent Scan Root Regions 12.383ms
[537.682s][info][gc,marking  ] GC(1140) Concurrent Mark
[537.682s][info][gc,marking  ] GC(1140) Concurrent Mark From Roots
[537.682s][info][gc,task     ] GC(1140) Using 1 workers of 1 for marking
[537.751s][info][gc,marking  ] GC(1140) Concurrent Mark From Roots 69.614ms
[537.752s][info][gc,marking  ] GC(1140) Concurrent Preclean
[537.752s][info][gc,marking  ] GC(1140) Concurrent Preclean 0.057ms
[537.752s][info][gc,start    ] GC(1140) Pause Remark
[537.765s][info][gc          ] GC(1140) Pause Remark 159M->159M(507M) 13.524ms
[537.765s][info][gc,cpu      ] GC(1140) User=0.03s Sys=0.00s Real=0.02s
[537.765s][info][gc,marking  ] GC(1140) Concurrent Mark 83.499ms
[537.765s][info][gc,marking  ] GC(1140) Concurrent Rebuild Remembered Sets and Scrub Regions
[537.793s][info][gc,marking  ] GC(1140) Concurrent Rebuild Remembered Sets and Scrub Regions 27.203ms
[537.793s][info][gc,start    ] GC(1140) Pause Cleanup
[537.793s][info][gc          ] GC(1140) Pause Cleanup 184M->184M(507M) 0.059ms
[537.793s][info][gc,cpu      ] GC(1140) User=0.00s Sys=0.00s Real=0.00s
[537.793s][info][gc,marking  ] GC(1140) Concurrent Clear Claimed Marks
[537.793s][info][gc,marking  ] GC(1140) Concurrent Clear Claimed Marks 0.040ms
[537.793s][info][gc,marking  ] GC(1140) Concurrent Cleanup for Next Mark
[537.796s][info][gc,marking  ] GC(1140) Concurrent Cleanup for Next Mark 3.436ms
[537.796s][info][gc          ] GC(1140) Concurrent Mark Cycle 126.925ms
[538.361s][info][gc,start    ] GC(1141) Pause Young (Prepare Mixed) (G1 Evacuation Pause)
[538.361s][info][gc,task     ] GC(1141) Using 2 workers of 2 for evacuation
[538.396s][info][gc,phases   ] GC(1141)   Pre Evacuate Collection Set: 0.28ms
[538.396s][info][gc,phases   ] GC(1141)   Merge Heap Roots: 0.08ms
[538.396s][info][gc,phases   ] GC(1141)   Evacuate Collection Set: 33.82ms
[538.396s][info][gc,phases   ] GC(1141)   Post Evacuate Collection Set: 0.89ms
[538.396s][info][gc,phases   ] GC(1141)   Other: 0.08ms
[538.396s][info][gc,heap     ] GC(1141) Eden regions: 81->0(348)
[538.396s][info][gc,heap     ] GC(1141) Survivor regions: 17->28(45)
[538.396s][info][gc,heap     ] GC(1141) Old regions: 70->70
[538.396s][info][gc,heap     ] GC(1141) Humongous regions: 431->3
[538.396s][info][gc,metaspace] GC(1141) Metaspace: 43116K(43520K)->43116K(43520K) NonClass: 40308K(40576K)->40308K(40576K) Class: 2808K(2944K)->2808K(2944K)
[538.396s][info][gc          ] GC(1141) Pause Young (Prepare Mixed) (G1 Evacuation Pause) 597M->100M(627M) 35.341ms
[538.396s][info][gc,cpu      ] GC(1141) User=0.05s Sys=0.03s Real=0.04s
[539.238s][info][gc,start    ] GC(1142) Pause Young (Mixed) (G1 Evacuation Pause)
[539.238s][info][gc,task     ] GC(1142) Using 2 workers of 2 for evacuation
[539.251s][info][gc,phases   ] GC(1142)   Pre Evacuate Collection Set: 0.47ms
[539.251s][info][gc,phases   ] GC(1142)   Merge Heap Roots: 0.14ms
[539.251s][info][gc,phases   ] GC(1142)   Evacuate Collection Set: 11.54ms
[539.251s][info][gc,phases   ] GC(1142)   Post Evacuate Collection Set: 0.73ms
[539.251s][info][gc,phases   ] GC(1142)   Other: 0.12ms
[539.251s][info][gc,heap     ] GC(1142) Eden regions: 216->0(377)
[539.251s][info][gc,heap     ] GC(1142) Survivor regions: 28->6(48)
[539.251s][info][gc,heap     ] GC(1142) Old regions: 70->67
[539.251s][info][gc,heap     ] GC(1142) Humongous regions: 315->1
[539.251s][info][gc,metaspace] GC(1142) Metaspace: 43116K(43520K)->43116K(43520K) NonClass: 40308K(40576K)->40308K(40576K) Class: 2808K(2944K)->2808K(2944K)
[539.251s][info][gc          ] GC(1142) Pause Young (Mixed) (G1 Evacuation Pause) 628M->73M(639M) 13.220ms
[539.251s][info][gc,cpu      ] GC(1142) User=0.02s Sys=0.01s Real=0.01s
[539.303s][info][gc,start    ] GC(1143) Pause Young (Concurrent Start) (G1 Humongous Allocation)
[539.304s][info][gc,task     ] GC(1143) Using 2 workers of 2 for evacuation
[539.309s][info][gc,phases   ] GC(1143)   Pre Evacuate Collection Set: 0.28ms
[539.309s][info][gc,phases   ] GC(1143)   Merge Heap Roots: 0.08ms
[539.309s][info][gc,phases   ] GC(1143)   Evacuate Collection Set: 4.67ms
[539.309s][info][gc,phases   ] GC(1143)   Post Evacuate Collection Set: 0.32ms
[539.309s][info][gc,phases   ] GC(1143)   Other: 0.10ms
[539.309s][info][gc,heap     ] GC(1143) Eden regions: 24->0(376)
[539.309s][info][gc,heap     ] GC(1143) Survivor regions: 6->7(48)
[539.309s][info][gc,heap     ] GC(1143) Old regions: 67->67
[539.309s][info][gc,heap     ] GC(1143) Humongous regions: 1->1
[539.309s][info][gc,metaspace] GC(1143) Metaspace: 43116K(43520K)->43116K(43520K) NonClass: 40308K(40576K)->40308K(40576K) Class: 2808K(2944K)->2808K(2944K)
[539.309s][info][gc          ] GC(1143) Pause Young (Concurrent Start) (G1 Humongous Allocation) 97M->74M(639M) 5.648ms
[539.309s][info][gc,cpu      ] GC(1143) User=0.01s Sys=0.00s Real=0.00s
[539.309s][info][gc          ] GC(1144) Concurrent Mark Cycle
[539.309s][info][gc,marking  ] GC(1144) Concurrent Scan Root Regions
[539.312s][info][gc,marking  ] GC(1144) Concurrent Scan Root Regions 2.714ms
[539.312s][info][gc,marking  ] GC(1144) Concurrent Mark
[539.312s][info][gc,marking  ] GC(1144) Concurrent Mark From Roots
[539.312s][info][gc,task     ] GC(1144) Using 1 workers of 1 for marking
[539.383s][info][gc,marking  ] GC(1144) Concurrent Mark From Roots 71.033ms
[539.383s][info][gc,marking  ] GC(1144) Concurrent Preclean
[539.383s][info][gc,marking  ] GC(1144) Concurrent Preclean 0.055ms
[539.383s][info][gc,start    ] GC(1144) Pause Remark
[539.397s][info][gc          ] GC(1144) Pause Remark 105M->101M(256M) 13.338ms
[539.397s][info][gc,cpu      ] GC(1144) User=0.02s Sys=0.00s Real=0.01s
[539.397s][info][gc,marking  ] GC(1144) Concurrent Mark 84.702ms
[539.397s][info][gc,marking  ] GC(1144) Concurrent Rebuild Remembered Sets and Scrub Regions
[539.424s][info][gc,marking  ] GC(1144) Concurrent Rebuild Remembered Sets and Scrub Regions 26.949ms
[539.424s][info][gc,start    ] GC(1144) Pause Cleanup
[539.424s][info][gc          ] GC(1144) Pause Cleanup 115M->115M(256M) 0.043ms
[539.424s][info][gc,cpu      ] GC(1144) User=0.00s Sys=0.00s Real=0.00s
[539.424s][info][gc,marking  ] GC(1144) Concurrent Clear Claimed Marks
[539.424s][info][gc,marking  ] GC(1144) Concurrent Clear Claimed Marks 0.035ms
[539.424s][info][gc,marking  ] GC(1144) Concurrent Cleanup for Next Mark
[539.425s][info][gc,marking  ] GC(1144) Concurrent Cleanup for Next Mark 0.894ms
[539.425s][info][gc          ] GC(1144) Concurrent Mark Cycle 115.615ms
[539.648s][info][gc,start    ] GC(1145) Pause Young (Prepare Mixed) (G1 Evacuation Pause)
[539.648s][info][gc,task     ] GC(1145) Using 2 workers of 2 for evacuation
[539.656s][info][gc,phases   ] GC(1145)   Pre Evacuate Collection Set: 0.23ms
[539.656s][info][gc,phases   ] GC(1145)   Merge Heap Roots: 0.13ms
[539.656s][info][gc,phases   ] GC(1145)   Evacuate Collection Set: 6.78ms
[539.656s][info][gc,phases   ] GC(1145)   Post Evacuate Collection Set: 0.81ms
[539.656s][info][gc,phases   ] GC(1145)   Other: 0.08ms
[539.656s][info][gc,heap     ] GC(1145) Eden regions: 146->0(162)
[539.656s][info][gc,heap     ] GC(1145) Survivor regions: 7->9(20)
[539.656s][info][gc,heap     ] GC(1145) Old regions: 63->63
[539.656s][info][gc,heap     ] GC(1145) Humongous regions: 3->1
[539.656s][info][gc,metaspace] GC(1145) Metaspace: 43116K(43520K)->43116K(43520K) NonClass: 40308K(40576K)->40308K(40576K) Class: 2808K(2944K)->2808K(2944K)
[539.657s][info][gc          ] GC(1145) Pause Young (Prepare Mixed) (G1 Evacuation Pause) 218M->71M(285M) 8.230ms
[539.657s][info][gc,cpu      ] GC(1145) User=0.01s Sys=0.00s Real=0.01s
[540.015s][info][gc,start    ] GC(1146) Pause Young (Mixed) (G1 Evacuation Pause)
[540.015s][info][gc,task     ] GC(1146) Using 2 workers of 2 for evacuation
[540.023s][info][gc,phases   ] GC(1146)   Pre Evacuate Collection Set: 0.17ms
[540.023s][info][gc,phases   ] GC(1146)   Merge Heap Roots: 0.09ms
[540.023s][info][gc,phases   ] GC(1146)   Evacuate Collection Set: 6.76ms
[540.023s][info][gc,phases   ] GC(1146)   Post Evacuate Collection Set: 0.54ms
[540.023s][info][gc,phases   ] GC(1146)   Other: 0.10ms
[540.023s][info][gc,heap     ] GC(1146) Eden regions: 162->0(162)
[540.023s][info][gc,heap     ] GC(1146) Survivor regions: 9->9(22)
[540.023s][info][gc,heap     ] GC(1146) Old regions: 63->58
[540.023s][info][gc,heap     ] GC(1146) Humongous regions: 1->1
[540.023s][info][gc,metaspace] GC(1146) Metaspace: 43119K(43520K)->43119K(43520K) NonClass: 40311K(40576K)->40311K(40576K) Class: 2808K(2944K)->2808K(2944K)
[540.023s][info][gc          ] GC(1146) Pause Young (Mixed) (G1 Evacuation Pause) 233M->67M(285M) 7.880ms
[540.023s][info][gc,cpu      ] GC(1146) User=0.02s Sys=0.00s Real=0.01s
[540.354s][info][gc,start    ] GC(1147) Pause Young (Concurrent Start) (G1 Evacuation Pause)
[540.354s][info][gc,task     ] GC(1147) Using 2 workers of 2 for evacuation
[540.359s][info][gc,phases   ] GC(1147)   Pre Evacuate Collection Set: 0.16ms
[540.359s][info][gc,phases   ] GC(1147)   Merge Heap Roots: 0.06ms
[540.359s][info][gc,phases   ] GC(1147)   Evacuate Collection Set: 3.68ms
[540.359s][info][gc,phases   ] GC(1147)   Post Evacuate Collection Set: 0.40ms
[540.359s][info][gc,phases   ] GC(1147)   Other: 0.10ms
[540.359s][info][gc,heap     ] GC(1147) Eden regions: 162->0(164)
[540.359s][info][gc,heap     ] GC(1147) Survivor regions: 9->7(22)
[540.359s][info][gc,heap     ] GC(1147) Old regions: 58->58
[540.359s][info][gc,heap     ] GC(1147) Humongous regions: 1->1
[540.359s][info][gc,metaspace] GC(1147) Metaspace: 43123K(43520K)->43123K(43520K) NonClass: 40315K(40576K)->40315K(40576K) Class: 2808K(2944K)->2808K(2944K)
[540.359s][info][gc          ] GC(1147) Pause Young (Concurrent Start) (G1 Evacuation Pause) 229M->65M(285M) 4.592ms
[540.359s][info][gc          ] GC(1148) Concurrent Mark Cycle
[540.359s][info][gc,marking  ] GC(1148) Concurrent Scan Root Regions
[540.361s][info][gc,cpu      ] GC(1147) User=0.01s Sys=0.00s Real=0.00s
[540.362s][info][gc,marking  ] GC(1148) Concurrent Scan Root Regions 3.212ms
[540.362s][info][gc,marking  ] GC(1148) Concurrent Mark
[540.362s][info][gc,marking  ] GC(1148) Concurrent Mark From Roots
[540.362s][info][gc,task     ] GC(1148) Using 1 workers of 1 for marking
[540.439s][info][gc,marking  ] GC(1148) Concurrent Mark From Roots 76.500ms
[540.439s][info][gc,marking  ] GC(1148) Concurrent Preclean
[540.439s][info][gc,marking  ] GC(1148) Concurrent Preclean 0.057ms
[540.439s][info][gc,start    ] GC(1148) Pause Remark
[540.452s][info][gc          ] GC(1148) Pause Remark 99M->99M(256M) 13.204ms
[540.452s][info][gc,cpu      ] GC(1148) User=0.03s Sys=0.00s Real=0.02s
[540.453s][info][gc,marking  ] GC(1148) Concurrent Mark 90.693ms
[540.453s][info][gc,marking  ] GC(1148) Concurrent Rebuild Remembered Sets and Scrub Regions
[540.483s][info][gc,marking  ] GC(1148) Concurrent Rebuild Remembered Sets and Scrub Regions 29.809ms
[540.483s][info][gc,start    ] GC(1148) Pause Cleanup
[540.483s][info][gc          ] GC(1148) Pause Cleanup 110M->110M(256M) 0.057ms
[540.483s][info][gc,cpu      ] GC(1148) User=0.00s Sys=0.00s Real=0.00s
[540.483s][info][gc,marking  ] GC(1148) Concurrent Clear Claimed Marks
[540.483s][info][gc,marking  ] GC(1148) Concurrent Clear Claimed Marks 0.040ms
[540.483s][info][gc,marking  ] GC(1148) Concurrent Cleanup for Next Mark
[540.484s][info][gc,marking  ] GC(1148) Concurrent Cleanup for Next Mark 0.809ms
[540.484s][info][gc          ] GC(1148) Concurrent Mark Cycle 124.926ms
[540.690s][info][gc,start    ] GC(1149) Pause Young (Prepare Mixed) (G1 Evacuation Pause)
[540.690s][info][gc,task     ] GC(1149) Using 2 workers of 2 for evacuation
[540.698s][info][gc,phases   ] GC(1149)   Pre Evacuate Collection Set: 0.18ms
[540.698s][info][gc,phases   ] GC(1149)   Merge Heap Roots: 0.06ms
[540.698s][info][gc,phases   ] GC(1149)   Evacuate Collection Set: 7.06ms
[540.698s][info][gc,phases   ] GC(1149)   Post Evacuate Collection Set: 0.52ms
[540.698s][info][gc,phases   ] GC(1149)   Other: 0.07ms
[540.698s][info][gc,heap     ] GC(1149) Eden regions: 146->0(142)
[540.698s][info][gc,heap     ] GC(1149) Survivor regions: 7->11(20)
[540.698s][info][gc,heap     ] GC(1149) Old regions: 58->58
[540.698s][info][gc,heap     ] GC(1149) Humongous regions: 1->1
[540.698s][info][gc,metaspace] GC(1149) Metaspace: 43123K(43520K)->43123K(43520K) NonClass: 40315K(40576K)->40315K(40576K) Class: 2808K(2944K)->2808K(2944K)
[540.698s][info][gc          ] GC(1149) Pause Young (Prepare Mixed) (G1 Evacuation Pause) 211M->69M(256M) 8.103ms
[540.698s][info][gc,cpu      ] GC(1149) User=0.01s Sys=0.00s Real=0.01s
[540.990s][info][gc,start    ] GC(1150) Pause Young (Mixed) (G1 Evacuation Pause)
[540.990s][info][gc,task     ] GC(1150) Using 2 workers of 2 for evacuation
[541.002s][info][gc,phases   ] GC(1150)   Pre Evacuate Collection Set: 0.18ms
[541.002s][info][gc,phases   ] GC(1150)   Merge Heap Roots: 0.13ms
[541.002s][info][gc,phases   ] GC(1150)   Evacuate Collection Set: 10.94ms
[541.002s][info][gc,phases   ] GC(1150)   Post Evacuate Collection Set: 0.51ms
[541.002s][info][gc,phases   ] GC(1150)   Other: 0.07ms
[541.002s][info][gc,heap     ] GC(1150) Eden regions: 142->0(145)
[541.002s][info][gc,heap     ] GC(1150) Survivor regions: 11->8(20)
[541.002s][info][gc,heap     ] GC(1150) Old regions: 58->55
[541.002s][info][gc,heap     ] GC(1150) Humongous regions: 1->1
[541.002s][info][gc,metaspace] GC(1150) Metaspace: 43123K(43520K)->43123K(43520K) NonClass: 40315K(40576K)->40315K(40576K) Class: 2808K(2944K)->2808K(2944K)
[541.002s][info][gc          ] GC(1150) Pause Young (Mixed) (G1 Evacuation Pause) 211M->63M(256M) 12.022ms
[541.002s][info][gc,cpu      ] GC(1150) User=0.02s Sys=0.00s Real=0.01s
[541.341s][info][gc,start    ] GC(1151) Pause Young (Concurrent Start) (G1 Evacuation Pause)
[541.341s][info][gc,task     ] GC(1151) Using 2 workers of 2 for evacuation
[541.348s][info][gc,phases   ] GC(1151)   Pre Evacuate Collection Set: 0.16ms
[541.348s][info][gc,phases   ] GC(1151)   Merge Heap Roots: 0.07ms
[541.348s][info][gc,phases   ] GC(1151)   Evacuate Collection Set: 5.70ms
[541.348s][info][gc,phases   ] GC(1151)   Post Evacuate Collection Set: 0.51ms
[541.348s][info][gc,phases   ] GC(1151)   Other: 0.08ms
[541.348s][info][gc,heap     ] GC(1151) Eden regions: 145->0(143)
[541.348s][info][gc,heap     ] GC(1151) Survivor regions: 8->10(20)
[541.348s][info][gc,heap     ] GC(1151) Old regions: 55->55
[541.348s][info][gc,heap     ] GC(1151) Humongous regions: 1->1
[541.348s][info][gc,metaspace] GC(1151) Metaspace: 43143K(43520K)->43143K(43520K) NonClass: 40335K(40576K)->40335K(40576K) Class: 2808K(2944K)->2808K(2944K)
[541.348s][info][gc          ] GC(1151) Pause Young (Concurrent Start) (G1 Evacuation Pause) 208M->65M(256M) 6.736ms
[541.348s][info][gc,cpu      ] GC(1151) User=0.01s Sys=0.00s Real=0.01s
[541.348s][info][gc          ] GC(1152) Concurrent Mark Cycle
[541.348s][info][gc,marking  ] GC(1152) Concurrent Scan Root Regions
[541.352s][info][gc,marking  ] GC(1152) Concurrent Scan Root Regions 4.563ms
[541.352s][info][gc,marking  ] GC(1152) Concurrent Mark
[541.352s][info][gc,marking  ] GC(1152) Concurrent Mark From Roots
[541.352s][info][gc,task     ] GC(1152) Using 1 workers of 1 for marking
[541.424s][info][gc,marking  ] GC(1152) Concurrent Mark From Roots 71.254ms
[541.424s][info][gc,marking  ] GC(1152) Concurrent Preclean
[541.424s][info][gc,marking  ] GC(1152) Concurrent Preclean 0.052ms
[541.424s][info][gc,start    ] GC(1152) Pause Remark
[541.437s][info][gc          ] GC(1152) Pause Remark 95M->95M(256M) 13.223ms
[541.437s][info][gc,cpu      ] GC(1152) User=0.03s Sys=0.00s Real=0.01s
[541.437s][info][gc,marking  ] GC(1152) Concurrent Mark 84.814ms
[541.437s][info][gc,marking  ] GC(1152) Concurrent Rebuild Remembered Sets and Scrub Regions
[541.468s][info][gc,marking  ] GC(1152) Concurrent Rebuild Remembered Sets and Scrub Regions 30.771ms
[541.468s][info][gc,start    ] GC(1152) Pause Cleanup
[541.468s][info][gc          ] GC(1152) Pause Cleanup 109M->109M(256M) 0.049ms
[541.468s][info][gc,cpu      ] GC(1152) User=0.00s Sys=0.00s Real=0.00s
[541.468s][info][gc,marking  ] GC(1152) Concurrent Clear Claimed Marks
[541.468s][info][gc,marking  ] GC(1152) Concurrent Clear Claimed Marks 0.037ms
[541.468s][info][gc,marking  ] GC(1152) Concurrent Cleanup for Next Mark
[541.469s][info][gc,marking  ] GC(1152) Concurrent Cleanup for Next Mark 0.754ms
[541.469s][info][gc          ] GC(1152) Concurrent Mark Cycle 121.300ms
[541.663s][info][gc,start    ] GC(1153) Pause Young (Prepare Mixed) (G1 Evacuation Pause)
[541.663s][info][gc,task     ] GC(1153) Using 2 workers of 2 for evacuation
[541.669s][info][gc,phases   ] GC(1153)   Pre Evacuate Collection Set: 0.17ms
[541.669s][info][gc,phases   ] GC(1153)   Merge Heap Roots: 0.08ms
[541.669s][info][gc,phases   ] GC(1153)   Evacuate Collection Set: 5.62ms
[541.669s][info][gc,phases   ] GC(1153)   Post Evacuate Collection Set: 0.58ms
[541.669s][info][gc,phases   ] GC(1153)   Other: 0.07ms
[541.669s][info][gc,heap     ] GC(1153) Eden regions: 143->0(141)
[541.669s][info][gc,heap     ] GC(1153) Survivor regions: 10->12(20)
[541.669s][info][gc,heap     ] GC(1153) Old regions: 55->55
[541.669s][info][gc,heap     ] GC(1153) Humongous regions: 1->1
[541.669s][info][gc,metaspace] GC(1153) Metaspace: 43143K(43520K)->43143K(43520K) NonClass: 40335K(40576K)->40335K(40576K) Class: 2808K(2944K)->2808K(2944K)
[541.669s][info][gc          ] GC(1153) Pause Young (Prepare Mixed) (G1 Evacuation Pause) 208M->67M(256M) 6.716ms
[541.669s][info][gc,cpu      ] GC(1153) User=0.02s Sys=0.00s Real=0.00s
[542.043s][info][gc,start    ] GC(1154) Pause Young (Mixed) (G1 Evacuation Pause)
[542.043s][info][gc,task     ] GC(1154) Using 2 workers of 2 for evacuation
[542.057s][info][gc,phases   ] GC(1154)   Pre Evacuate Collection Set: 0.19ms
[542.057s][info][gc,phases   ] GC(1154)   Merge Heap Roots: 0.16ms
[542.057s][info][gc,phases   ] GC(1154)   Evacuate Collection Set: 13.34ms
[542.057s][info][gc,phases   ] GC(1154)   Post Evacuate Collection Set: 0.53ms
[542.057s][info][gc,phases   ] GC(1154)   Other: 0.07ms
[542.057s][info][gc,heap     ] GC(1154) Eden regions: 141->0(145)
[542.057s][info][gc,heap     ] GC(1154) Survivor regions: 12->8(20)
[542.057s][info][gc,heap     ] GC(1154) Old regions: 55->57
[542.057s][info][gc,heap     ] GC(1154) Humongous regions: 1->1
[542.057s][info][gc,metaspace] GC(1154) Metaspace: 43143K(43520K)->43143K(43520K) NonClass: 40335K(40576K)->40335K(40576K) Class: 2808K(2944K)->2808K(2944K)
[542.057s][info][gc          ] GC(1154) Pause Young (Mixed) (G1 Evacuation Pause) 208M->65M(256M) 14.460ms
[542.057s][info][gc,cpu      ] GC(1154) User=0.03s Sys=0.00s Real=0.01s
[542.631s][info][gc,start    ] GC(1155) Pause Young (Concurrent Start) (G1 Humongous Allocation)
[542.631s][info][gc,task     ] GC(1155) Using 2 workers of 2 for evacuation
[542.635s][info][gc,phases   ] GC(1155)   Pre Evacuate Collection Set: 0.16ms
[542.635s][info][gc,phases   ] GC(1155)   Merge Heap Roots: 0.07ms
[542.635s][info][gc,phases   ] GC(1155)   Evacuate Collection Set: 3.38ms
[542.635s][info][gc,phases   ] GC(1155)   Post Evacuate Collection Set: 0.40ms
[542.635s][info][gc,phases   ] GC(1155)   Other: 0.08ms
[542.635s][info][gc,heap     ] GC(1155) Eden regions: 80->0(149)
[542.635s][info][gc,heap     ] GC(1155) Survivor regions: 8->4(20)
[542.635s][info][gc,heap     ] GC(1155) Old regions: 57->57
[542.635s][info][gc,heap     ] GC(1155) Humongous regions: 1->1
[542.635s][info][gc,metaspace] GC(1155) Metaspace: 43143K(43520K)->43143K(43520K) NonClass: 40335K(40576K)->40335K(40576K) Class: 2808K(2944K)->2808K(2944K)
[542.636s][info][gc          ] GC(1155) Pause Young (Concurrent Start) (G1 Humongous Allocation) 145M->61M(256M) 4.246ms
[542.636s][info][gc,cpu      ] GC(1155) User=0.01s Sys=0.00s Real=0.01s
[542.636s][info][gc          ] GC(1156) Concurrent Mark Cycle
[542.636s][info][gc,marking  ] GC(1156) Concurrent Scan Root Regions
[542.638s][info][gc,marking  ] GC(1156) Concurrent Scan Root Regions 2.592ms
[542.638s][info][gc,marking  ] GC(1156) Concurrent Mark
[542.638s][info][gc,marking  ] GC(1156) Concurrent Mark From Roots
[542.638s][info][gc,task     ] GC(1156) Using 1 workers of 1 for marking
[542.703s][info][gc,marking  ] GC(1156) Concurrent Mark From Roots 64.802ms
[542.703s][info][gc,marking  ] GC(1156) Concurrent Preclean
[542.703s][info][gc,marking  ] GC(1156) Concurrent Preclean 0.239ms
[542.704s][info][gc,start    ] GC(1156) Pause Remark
[542.717s][info][gc          ] GC(1156) Pause Remark 77M->77M(256M) 12.986ms
[542.717s][info][gc,cpu      ] GC(1156) User=0.03s Sys=0.00s Real=0.01s
[542.718s][info][gc,marking  ] GC(1156) Concurrent Mark 79.320ms
[542.718s][info][gc,marking  ] GC(1156) Concurrent Rebuild Remembered Sets and Scrub Regions
[542.747s][info][gc,marking  ] GC(1156) Concurrent Rebuild Remembered Sets and Scrub Regions 29.773ms
[542.747s][info][gc,start    ] GC(1156) Pause Cleanup
[542.747s][info][gc          ] GC(1156) Pause Cleanup 82M->82M(256M) 0.043ms
[542.747s][info][gc,cpu      ] GC(1156) User=0.00s Sys=0.00s Real=0.00s
[542.747s][info][gc,marking  ] GC(1156) Concurrent Clear Claimed Marks
[542.748s][info][gc,marking  ] GC(1156) Concurrent Clear Claimed Marks 0.034ms
[542.748s][info][gc,marking  ] GC(1156) Concurrent Cleanup for Next Mark
[542.748s][info][gc,marking  ] GC(1156) Concurrent Cleanup for Next Mark 0.800ms
[542.748s][info][gc          ] GC(1156) Concurrent Mark Cycle 112.785ms
[543.494s][info][gc,start    ] GC(1157) Pause Young (Prepare Mixed) (G1 Evacuation Pause)
[543.495s][info][gc,task     ] GC(1157) Using 2 workers of 2 for evacuation
[543.507s][info][gc,phases   ] GC(1157)   Pre Evacuate Collection Set: 0.19ms
[543.508s][info][gc,phases   ] GC(1157)   Merge Heap Roots: 0.10ms
[543.508s][info][gc,phases   ] GC(1157)   Evacuate Collection Set: 12.11ms
[543.508s][info][gc,phases   ] GC(1157)   Post Evacuate Collection Set: 0.47ms
[543.508s][info][gc,phases   ] GC(1157)   Other: 0.07ms
[543.508s][info][gc,heap     ] GC(1157) Eden regions: 149->0(141)
[543.508s][info][gc,heap     ] GC(1157) Survivor regions: 4->12(20)
[543.508s][info][gc,heap     ] GC(1157) Old regions: 57->57
[543.508s][info][gc,heap     ] GC(1157) Humongous regions: 13->3
[543.508s][info][gc,metaspace] GC(1157) Metaspace: 43151K(43520K)->43151K(43520K) NonClass: 40343K(40576K)->40343K(40576K) Class: 2808K(2944K)->2808K(2944K)
[543.508s][info][gc          ] GC(1157) Pause Young (Prepare Mixed) (G1 Evacuation Pause) 222M->71M(256M) 13.111ms
[543.508s][info][gc,cpu      ] GC(1157) User=0.02s Sys=0.00s Real=0.01s
[543.800s][info][gc,start    ] GC(1158) Pause Young (Mixed) (G1 Evacuation Pause)
[543.800s][info][gc,task     ] GC(1158) Using 2 workers of 2 for evacuation
[543.833s][info][gc,phases   ] GC(1158)   Pre Evacuate Collection Set: 0.20ms
[543.833s][info][gc,phases   ] GC(1158)   Merge Heap Roots: 0.18ms
[543.833s][info][gc,phases   ] GC(1158)   Evacuate Collection Set: 31.50ms
[543.833s][info][gc,phases   ] GC(1158)   Post Evacuate Collection Set: 0.43ms
[543.833s][info][gc,phases   ] GC(1158)   Other: 0.08ms
[543.833s][info][gc,heap     ] GC(1158) Eden regions: 141->0(137)
[543.833s][info][gc,heap     ] GC(1158) Survivor regions: 12->16(20)
[543.833s][info][gc,heap     ] GC(1158) Old regions: 57->58
[543.833s][info][gc,heap     ] GC(1158) Humongous regions: 4->4
[543.833s][info][gc,metaspace] GC(1158) Metaspace: 43151K(43520K)->43151K(43520K) NonClass: 40343K(40576K)->40343K(40576K) Class: 2808K(2944K)->2808K(2944K)
[543.833s][info][gc          ] GC(1158) Pause Young (Mixed) (G1 Evacuation Pause) 213M->77M(256M) 32.570ms
[543.833s][info][gc,cpu      ] GC(1158) User=0.07s Sys=0.00s Real=0.04s
[544.095s][info][gc,start    ] GC(1159) Pause Young (Concurrent Start) (G1 Humongous Allocation)
[544.095s][info][gc,task     ] GC(1159) Using 2 workers of 2 for evacuation
[544.122s][info][gc,phases   ] GC(1159)   Pre Evacuate Collection Set: 0.16ms
[544.122s][info][gc,phases   ] GC(1159)   Merge Heap Roots: 0.06ms
[544.122s][info][gc,phases   ] GC(1159)   Evacuate Collection Set: 26.68ms
[544.122s][info][gc,phases   ] GC(1159)   Post Evacuate Collection Set: 0.43ms
[544.122s][info][gc,phases   ] GC(1159)   Other: 0.13ms
[544.122s][info][gc,heap     ] GC(1159) Eden regions: 127->0(130)
[544.122s][info][gc,heap     ] GC(1159) Survivor regions: 16->15(20)
[544.122s][info][gc,heap     ] GC(1159) Old regions: 58->74
[544.122s][info][gc,heap     ] GC(1159) Humongous regions: 4->4
[544.122s][info][gc,metaspace] GC(1159) Metaspace: 43151K(43520K)->43151K(43520K) NonClass: 40343K(40576K)->40343K(40576K) Class: 2808K(2944K)->2808K(2944K)
[544.122s][info][gc          ] GC(1159) Pause Young (Concurrent Start) (G1 Humongous Allocation) 204M->92M(256M) 27.655ms
[544.122s][info][gc,cpu      ] GC(1159) User=0.06s Sys=0.00s Real=0.03s
[544.122s][info][gc          ] GC(1160) Concurrent Mark Cycle
[544.123s][info][gc,marking  ] GC(1160) Concurrent Scan Root Regions
[544.160s][info][gc,marking  ] GC(1160) Concurrent Scan Root Regions 37.534ms
[544.160s][info][gc,marking  ] GC(1160) Concurrent Mark
[544.160s][info][gc,marking  ] GC(1160) Concurrent Mark From Roots
[544.160s][info][gc,task     ] GC(1160) Using 1 workers of 1 for marking
[544.251s][info][gc,marking  ] GC(1160) Concurrent Mark From Roots 90.394ms
[544.251s][info][gc,marking  ] GC(1160) Concurrent Preclean
[544.251s][info][gc,marking  ] GC(1160) Concurrent Preclean 0.062ms
[544.251s][info][gc,start    ] GC(1160) Pause Remark
[544.264s][info][gc          ] GC(1160) Pause Remark 140M->139M(256M) 13.367ms
[544.264s][info][gc,cpu      ] GC(1160) User=0.02s Sys=0.00s Real=0.02s
[544.265s][info][gc,marking  ] GC(1160) Concurrent Mark 104.908ms
[544.265s][info][gc,marking  ] GC(1160) Concurrent Rebuild Remembered Sets and Scrub Regions
[544.303s][info][gc,marking  ] GC(1160) Concurrent Rebuild Remembered Sets and Scrub Regions 37.491ms
[544.303s][info][gc,start    ] GC(1160) Pause Cleanup
[544.303s][info][gc          ] GC(1160) Pause Cleanup 147M->147M(256M) 0.043ms
[544.303s][info][gc,cpu      ] GC(1160) User=0.00s Sys=0.00s Real=0.00s
[544.303s][info][gc,marking  ] GC(1160) Concurrent Clear Claimed Marks
[544.303s][info][gc,marking  ] GC(1160) Concurrent Clear Claimed Marks 0.033ms
[544.303s][info][gc,marking  ] GC(1160) Concurrent Cleanup for Next Mark
[544.304s][info][gc,marking  ] GC(1160) Concurrent Cleanup for Next Mark 0.749ms
[544.304s][info][gc          ] GC(1160) Concurrent Mark Cycle 181.073ms
[544.449s][info][gc,start    ] GC(1161) Pause Young (Prepare Mixed) (G1 Evacuation Pause)
[544.449s][info][gc,task     ] GC(1161) Using 2 workers of 2 for evacuation
[544.479s][info][gc,phases   ] GC(1161)   Pre Evacuate Collection Set: 0.14ms
[544.479s][info][gc,phases   ] GC(1161)   Merge Heap Roots: 0.09ms
[544.479s][info][gc,phases   ] GC(1161)   Evacuate Collection Set: 29.34ms
[544.479s][info][gc,phases   ] GC(1161)   Post Evacuate Collection Set: 0.41ms
[544.479s][info][gc,phases   ] GC(1161)   Other: 0.07ms
[544.479s][info][gc,heap     ] GC(1161) Eden regions: 130->0(117)
[544.479s][info][gc,heap     ] GC(1161) Survivor regions: 15->14(19)
[544.479s][info][gc,heap     ] GC(1161) Old regions: 73->88
[544.479s][info][gc,heap     ] GC(1161) Humongous regions: 6->6
[544.479s][info][gc,metaspace] GC(1161) Metaspace: 43151K(43520K)->43151K(43520K) NonClass: 40343K(40576K)->40343K(40576K) Class: 2808K(2944K)->2808K(2944K)
[544.479s][info][gc          ] GC(1161) Pause Young (Prepare Mixed) (G1 Evacuation Pause) 223M->107M(256M) 30.227ms
[544.479s][info][gc,cpu      ] GC(1161) User=0.06s Sys=0.00s Real=0.03s
[544.713s][info][gc,start    ] GC(1162) Pause Young (Mixed) (G1 Evacuation Pause)
[544.713s][info][gc,task     ] GC(1162) Using 2 workers of 2 for evacuation
[544.744s][info][gc,phases   ] GC(1162)   Pre Evacuate Collection Set: 0.16ms
[544.744s][info][gc,phases   ] GC(1162)   Merge Heap Roots: 0.19ms
[544.744s][info][gc,phases   ] GC(1162)   Evacuate Collection Set: 29.93ms
[544.744s][info][gc,phases   ] GC(1162)   Post Evacuate Collection Set: 0.43ms
[544.744s][info][gc,phases   ] GC(1162)   Other: 0.07ms
[544.744s][info][gc,heap     ] GC(1162) Eden regions: 117->0(115)
[544.744s][info][gc,heap     ] GC(1162) Survivor regions: 14->13(17)
[544.744s][info][gc,heap     ] GC(1162) Old regions: 88->91
[544.744s][info][gc,heap     ] GC(1162) Humongous regions: 6->6
[544.744s][info][gc,metaspace] GC(1162) Metaspace: 43151K(43520K)->43151K(43520K) NonClass: 40343K(40576K)->40343K(40576K) Class: 2808K(2944K)->2808K(2944K)
[544.744s][info][gc          ] GC(1162) Pause Young (Mixed) (G1 Evacuation Pause) 224M->109M(256M) 30.957ms
[544.744s][info][gc,cpu      ] GC(1162) User=0.06s Sys=0.00s Real=0.03s
[544.853s][info][gc,start    ] GC(1163) Pause Young (Concurrent Start) (G1 Humongous Allocation)
[544.853s][info][gc,task     ] GC(1163) Using 2 workers of 2 for evacuation
[544.874s][info][gc,phases   ] GC(1163)   Pre Evacuate Collection Set: 0.16ms
[544.874s][info][gc,phases   ] GC(1163)   Merge Heap Roots: 0.07ms
[544.874s][info][gc,phases   ] GC(1163)   Evacuate Collection Set: 19.52ms
[544.874s][info][gc,phases   ] GC(1163)   Post Evacuate Collection Set: 0.34ms
[544.874s][info][gc,phases   ] GC(1163)   Other: 0.10ms
[544.874s][info][gc,heap     ] GC(1163) Eden regions: 54->0(111)
[544.874s][info][gc,heap     ] GC(1163) Survivor regions: 13->6(16)
[544.874s][info][gc,heap     ] GC(1163) Old regions: 91->104
[544.874s][info][gc,heap     ] GC(1163) Humongous regions: 6->6
[544.874s][info][gc,metaspace] GC(1163) Metaspace: 43151K(43520K)->43151K(43520K) NonClass: 40343K(40576K)->40343K(40576K) Class: 2808K(2944K)->2808K(2944K)
[544.874s][info][gc          ] GC(1163) Pause Young (Concurrent Start) (G1 Humongous Allocation) 163M->115M(256M) 20.355ms
[544.874s][info][gc          ] GC(1164) Concurrent Mark Cycle
[544.874s][info][gc,marking  ] GC(1164) Concurrent Scan Root Regions
[544.875s][info][gc,cpu      ] GC(1163) User=0.04s Sys=0.00s Real=0.02s
[544.901s][info][gc,marking  ] GC(1164) Concurrent Scan Root Regions 27.270ms
[544.901s][info][gc,marking  ] GC(1164) Concurrent Mark
[544.901s][info][gc,marking  ] GC(1164) Concurrent Mark From Roots
[544.901s][info][gc,task     ] GC(1164) Using 1 workers of 1 for marking
[545.150s][info][gc,marking  ] GC(1164) Concurrent Mark From Roots 248.723ms
[545.150s][info][gc,marking  ] GC(1164) Concurrent Preclean
[545.150s][info][gc,marking  ] GC(1164) Concurrent Preclean 0.056ms
[545.150s][info][gc,start    ] GC(1164) Pause Remark
[545.164s][info][gc          ] GC(1164) Pause Remark 194M->193M(256M) 13.752ms
[545.164s][info][gc,cpu      ] GC(1164) User=0.03s Sys=0.00s Real=0.02s
[545.165s][info][gc,marking  ] GC(1164) Concurrent Mark 263.998ms
[545.165s][info][gc,marking  ] GC(1164) Concurrent Rebuild Remembered Sets and Scrub Regions
[545.278s][info][gc,start    ] GC(1165) Pause Young (Normal) (G1 Evacuation Pause)
[545.279s][info][gc,task     ] GC(1165) Using 2 workers of 2 for evacuation
[545.302s][info][gc,phases   ] GC(1165)   Pre Evacuate Collection Set: 0.13ms
[545.302s][info][gc,phases   ] GC(1165)   Merge Heap Roots: 0.11ms
[545.302s][info][gc,phases   ] GC(1165)   Evacuate Collection Set: 21.44ms
[545.302s][info][gc,phases   ] GC(1165)   Post Evacuate Collection Set: 1.29ms
[545.302s][info][gc,phases   ] GC(1165)   Other: 0.08ms
[545.302s][info][gc,heap     ] GC(1165) Eden regions: 111->0(212)
[545.302s][info][gc,heap     ] GC(1165) Survivor regions: 6->15(15)
[545.302s][info][gc,heap     ] GC(1165) Old regions: 104->105
[545.302s][info][gc,heap     ] GC(1165) Humongous regions: 10->9
[545.302s][info][gc,metaspace] GC(1165) Metaspace: 43151K(43520K)->43151K(43520K) NonClass: 40343K(40576K)->40343K(40576K) Class: 2808K(2944K)->2808K(2944K)
[545.302s][info][gc          ] GC(1165) Pause Young (Normal) (G1 Evacuation Pause) 230M->128M(384M) 23.237ms
[545.302s][info][gc,cpu      ] GC(1165) User=0.04s Sys=0.00s Real=0.02s
[545.335s][info][gc,marking  ] GC(1164) Concurrent Rebuild Remembered Sets and Scrub Regions 169.802ms
[545.335s][info][gc,start    ] GC(1164) Pause Cleanup
[545.335s][info][gc          ] GC(1164) Pause Cleanup 141M->141M(384M) 0.054ms
[545.335s][info][gc,cpu      ] GC(1164) User=0.00s Sys=0.00s Real=0.00s
[545.336s][info][gc,marking  ] GC(1164) Concurrent Clear Claimed Marks
[545.336s][info][gc,marking  ] GC(1164) Concurrent Clear Claimed Marks 0.051ms
[545.336s][info][gc,marking  ] GC(1164) Concurrent Cleanup for Next Mark
[545.341s][info][gc,marking  ] GC(1164) Concurrent Cleanup for Next Mark 4.506ms
[545.341s][info][gc          ] GC(1164) Concurrent Mark Cycle 466.917ms
[548.622s][info][gc,start    ] GC(1166) Pause Young (Prepare Mixed) (G1 Evacuation Pause)
[548.622s][info][gc,task     ] GC(1166) Using 2 workers of 2 for evacuation
[548.654s][info][gc,phases   ] GC(1166)   Pre Evacuate Collection Set: 0.20ms
[548.654s][info][gc,phases   ] GC(1166)   Merge Heap Roots: 0.13ms
[548.654s][info][gc,phases   ] GC(1166)   Evacuate Collection Set: 30.78ms
[548.654s][info][gc,phases   ] GC(1166)   Post Evacuate Collection Set: 0.51ms
[548.654s][info][gc,phases   ] GC(1166)   Other: 0.10ms
[548.654s][info][gc,heap     ] GC(1166) Eden regions: 212->0(203)
[548.654s][info][gc,heap     ] GC(1166) Survivor regions: 15->21(29)
[548.654s][info][gc,heap     ] GC(1166) Old regions: 105->112
[548.654s][info][gc,heap     ] GC(1166) Humongous regions: 11->7
[548.654s][info][gc,metaspace] GC(1166) Metaspace: 43154K(43520K)->43154K(43520K) NonClass: 40346K(40576K)->40346K(40576K) Class: 2808K(2944K)->2808K(2944K)
[548.654s][info][gc          ] GC(1166) Pause Young (Prepare Mixed) (G1 Evacuation Pause) (Evacuation Failure: Pinned) 342M->139M(384M) 31.886ms
[548.654s][info][gc,cpu      ] GC(1166) User=0.06s Sys=0.00s Real=0.03s
[549.173s][info][gc,start    ] GC(1167) Pause Young (Mixed) (G1 Evacuation Pause)
[549.173s][info][gc,task     ] GC(1167) Using 2 workers of 2 for evacuation
[549.213s][info][gc,phases   ] GC(1167)   Pre Evacuate Collection Set: 0.27ms
[549.213s][info][gc,phases   ] GC(1167)   Merge Heap Roots: 0.21ms
[549.213s][info][gc,phases   ] GC(1167)   Evacuate Collection Set: 38.49ms
[549.213s][info][gc,phases   ] GC(1167)   Post Evacuate Collection Set: 0.48ms
[549.213s][info][gc,phases   ] GC(1167)   Other: 0.07ms
[549.213s][info][gc,heap     ] GC(1167) Eden regions: 203->0(187)
[549.213s][info][gc,heap     ] GC(1167) Survivor regions: 21->25(28)
[549.213s][info][gc,heap     ] GC(1167) Old regions: 112->118
[549.213s][info][gc,heap     ] GC(1167) Humongous regions: 9->9
[549.213s][info][gc,metaspace] GC(1167) Metaspace: 43154K(43520K)->43154K(43520K) NonClass: 40346K(40576K)->40346K(40576K) Class: 2808K(2944K)->2808K(2944K)
[549.213s][info][gc          ] GC(1167) Pause Young (Mixed) (G1 Evacuation Pause) 344M->151M(384M) 39.744ms
[549.213s][info][gc,cpu      ] GC(1167) User=0.08s Sys=0.00s Real=0.04s
[549.233s][info][gc,start    ] GC(1168) Pause Young (Concurrent Start) (G1 Humongous Allocation)
[549.233s][info][gc,task     ] GC(1168) Using 2 workers of 2 for evacuation
[549.259s][info][gc,phases   ] GC(1168)   Pre Evacuate Collection Set: 0.18ms
[549.259s][info][gc,phases   ] GC(1168)   Merge Heap Roots: 0.07ms
[549.259s][info][gc,phases   ] GC(1168)   Evacuate Collection Set: 24.63ms
[549.259s][info][gc,phases   ] GC(1168)   Post Evacuate Collection Set: 0.30ms
[549.259s][info][gc,phases   ] GC(1168)   Other: 0.10ms
[549.259s][info][gc,heap     ] GC(1168) Eden regions: 9->0(189)
[549.259s][info][gc,heap     ] GC(1168) Survivor regions: 25->2(27)
[549.259s][info][gc,heap     ] GC(1168) Old regions: 118->142
[549.259s][info][gc,heap     ] GC(1168) Humongous regions: 9->9
[549.259s][info][gc,metaspace] GC(1168) Metaspace: 43154K(43520K)->43154K(43520K) NonClass: 40346K(40576K)->40346K(40576K) Class: 2808K(2944K)->2808K(2944K)
[549.259s][info][gc          ] GC(1168) Pause Young (Concurrent Start) (G1 Humongous Allocation) 160M->152M(384M) 25.463ms
[549.259s][info][gc,cpu      ] GC(1168) User=0.05s Sys=0.00s Real=0.02s
[549.259s][info][gc          ] GC(1169) Concurrent Mark Cycle
[549.259s][info][gc,marking  ] GC(1169) Concurrent Scan Root Regions
[549.278s][info][gc,marking  ] GC(1169) Concurrent Scan Root Regions 19.033ms
[549.278s][info][gc,marking  ] GC(1169) Concurrent Mark
[549.278s][info][gc,marking  ] GC(1169) Concurrent Mark From Roots
[549.278s][info][gc,task     ] GC(1169) Using 1 workers of 1 for marking
[549.308s][info][gc,marking  ] GC(1169) Concurrent Mark From Roots 30.614ms
[549.308s][info][gc,marking  ] GC(1169) Concurrent Preclean
[549.309s][info][gc,marking  ] GC(1169) Concurrent Preclean 0.057ms
[549.309s][info][gc,start    ] GC(1169) Pause Remark
[549.322s][info][gc          ] GC(1169) Pause Remark 169M->149M(384M) 13.357ms
[549.322s][info][gc,cpu      ] GC(1169) User=0.02s Sys=0.00s Real=0.02s
[549.322s][info][gc,marking  ] GC(1169) Concurrent Mark 44.342ms
[549.322s][info][gc,marking  ] GC(1169) Concurrent Rebuild Remembered Sets and Scrub Regions
[549.356s][info][gc,marking  ] GC(1169) Concurrent Rebuild Remembered Sets and Scrub Regions 33.604ms
[549.356s][info][gc,start    ] GC(1169) Pause Cleanup
[549.356s][info][gc          ] GC(1169) Pause Cleanup 165M->165M(384M) 0.082ms
[549.356s][info][gc,cpu      ] GC(1169) User=0.00s Sys=0.00s Real=0.00s
[549.356s][info][gc,marking  ] GC(1169) Concurrent Clear Claimed Marks
[549.356s][info][gc,marking  ] GC(1169) Concurrent Clear Claimed Marks 0.039ms
[549.356s][info][gc,marking  ] GC(1169) Concurrent Cleanup for Next Mark
[549.357s][info][gc,marking  ] GC(1169) Concurrent Cleanup for Next Mark 1.109ms
[549.357s][info][gc          ] GC(1169) Concurrent Mark Cycle 98.586ms
[549.727s][info][gc,start    ] GC(1170) Pause Young (Prepare Mixed) (G1 Evacuation Pause)
[549.727s][info][gc,task     ] GC(1170) Using 2 workers of 2 for evacuation
[549.756s][info][gc,phases   ] GC(1170)   Pre Evacuate Collection Set: 0.27ms
[549.756s][info][gc,phases   ] GC(1170)   Merge Heap Roots: 0.16ms
[549.756s][info][gc,phases   ] GC(1170)   Evacuate Collection Set: 27.83ms
[549.756s][info][gc,phases   ] GC(1170)   Post Evacuate Collection Set: 0.45ms
[549.756s][info][gc,phases   ] GC(1170)   Other: 0.07ms
[549.756s][info][gc,heap     ] GC(1170) Eden regions: 189->0(181)
[549.756s][info][gc,heap     ] GC(1170) Survivor regions: 2->24(24)
[549.756s][info][gc,heap     ] GC(1170) Old regions: 128->128
[549.756s][info][gc,heap     ] GC(1170) Humongous regions: 6->6
[549.756s][info][gc,metaspace] GC(1170) Metaspace: 43154K(43520K)->43154K(43520K) NonClass: 40346K(40576K)->40346K(40576K) Class: 2808K(2944K)->2808K(2944K)
[549.756s][info][gc          ] GC(1170) Pause Young (Prepare Mixed) (G1 Evacuation Pause) 324M->156M(384M) 28.975ms
[549.756s][info][gc,cpu      ] GC(1170) User=0.06s Sys=0.00s Real=0.03s
[550.176s][info][gc,start    ] GC(1171) Pause Young (Mixed) (G1 Evacuation Pause)
[550.176s][info][gc,task     ] GC(1171) Using 2 workers of 2 for evacuation
[550.226s][info][gc,phases   ] GC(1171)   Pre Evacuate Collection Set: 0.28ms
[550.226s][info][gc,phases   ] GC(1171)   Merge Heap Roots: 0.19ms
[550.227s][info][gc,phases   ] GC(1171)   Evacuate Collection Set: 49.00ms
[550.227s][info][gc,phases   ] GC(1171)   Post Evacuate Collection Set: 0.50ms
[550.227s][info][gc,phases   ] GC(1171)   Other: 0.09ms
[550.227s][info][gc,heap     ] GC(1171) Eden regions: 181->0(194)
[550.227s][info][gc,heap     ] GC(1171) Survivor regions: 24->22(26)
[550.227s][info][gc,heap     ] GC(1171) Old regions: 128->112
[550.227s][info][gc,heap     ] GC(1171) Humongous regions: 6->6
[550.227s][info][gc,metaspace] GC(1171) Metaspace: 43154K(43520K)->43154K(43520K) NonClass: 40346K(40576K)->40346K(40576K) Class: 2808K(2944K)->2808K(2944K)
[550.227s][info][gc          ] GC(1171) Pause Young (Mixed) (G1 Evacuation Pause) 337M->139M(384M) 50.299ms
[550.227s][info][gc,cpu      ] GC(1171) User=0.10s Sys=0.00s Real=0.05s
[550.700s][info][gc,start    ] GC(1172) Pause Young (Mixed) (G1 Evacuation Pause)
[550.700s][info][gc,task     ] GC(1172) Using 2 workers of 2 for evacuation
[550.754s][info][gc,phases   ] GC(1172)   Pre Evacuate Collection Set: 0.27ms
[550.754s][info][gc,phases   ] GC(1172)   Merge Heap Roots: 0.31ms
[550.754s][info][gc,phases   ] GC(1172)   Evacuate Collection Set: 53.00ms
[550.754s][info][gc,phases   ] GC(1172)   Post Evacuate Collection Set: 0.51ms
[550.754s][info][gc,phases   ] GC(1172)   Other: 0.08ms
[550.754s][info][gc,heap     ] GC(1172) Eden regions: 194->0(196)
[550.754s][info][gc,heap     ] GC(1172) Survivor regions: 22->22(27)
[550.754s][info][gc,heap     ] GC(1172) Old regions: 112->104
[550.754s][info][gc,heap     ] GC(1172) Humongous regions: 10->10
[550.754s][info][gc,metaspace] GC(1172) Metaspace: 43154K(43520K)->43154K(43520K) NonClass: 40346K(40576K)->40346K(40576K) Class: 2808K(2944K)->2808K(2944K)
[550.754s][info][gc          ] GC(1172) Pause Young (Mixed) (G1 Evacuation Pause) 337M->135M(384M) 54.370ms
[550.754s][info][gc,cpu      ] GC(1172) User=0.11s Sys=0.00s Real=0.06s
[550.955s][info][gc,start    ] GC(1173) Pause Young (Concurrent Start) (G1 Humongous Allocation)
[550.955s][info][gc,task     ] GC(1173) Using 2 workers of 2 for evacuation
[550.991s][info][gc,phases   ] GC(1173)   Pre Evacuate Collection Set: 0.21ms
[550.991s][info][gc,phases   ] GC(1173)   Merge Heap Roots: 0.10ms
[550.991s][info][gc,phases   ] GC(1173)   Evacuate Collection Set: 34.67ms
[550.991s][info][gc,phases   ] GC(1173)   Post Evacuate Collection Set: 0.70ms
[550.991s][info][gc,phases   ] GC(1173)   Other: 0.16ms
[550.991s][info][gc,heap     ] GC(1173) Eden regions: 31->0(211)
[550.991s][info][gc,heap     ] GC(1173) Survivor regions: 22->14(28)
[550.991s][info][gc,heap     ] GC(1173) Old regions: 104->126
[550.991s][info][gc,heap     ] GC(1173) Humongous regions: 10->10
[550.991s][info][gc,metaspace] GC(1173) Metaspace: 43154K(43520K)->43154K(43520K) NonClass: 40346K(40576K)->40346K(40576K) Class: 2808K(2944K)->2808K(2944K)
[550.991s][info][gc          ] GC(1173) Pause Young (Concurrent Start) (G1 Humongous Allocation) 166M->150M(427M) 36.067ms
[550.991s][info][gc,cpu      ] GC(1173) User=0.07s Sys=0.00s Real=0.03s
[550.991s][info][gc          ] GC(1174) Concurrent Mark Cycle
[550.991s][info][gc,marking  ] GC(1174) Concurrent Scan Root Regions
[551.030s][info][gc,marking  ] GC(1174) Concurrent Scan Root Regions 38.695ms
[551.030s][info][gc,marking  ] GC(1174) Concurrent Mark
[551.030s][info][gc,marking  ] GC(1174) Concurrent Mark From Roots
[551.030s][info][gc,task     ] GC(1174) Using 1 workers of 1 for marking
[551.139s][info][gc,marking  ] GC(1174) Concurrent Mark From Roots 108.781ms
[551.139s][info][gc,marking  ] GC(1174) Concurrent Preclean
[551.139s][info][gc,marking  ] GC(1174) Concurrent Preclean 0.044ms
[551.139s][info][gc,start    ] GC(1174) Pause Remark
[551.153s][info][gc          ] GC(1174) Pause Remark 163M->154M(427M) 13.672ms
[551.153s][info][gc,cpu      ] GC(1174) User=0.02s Sys=0.00s Real=0.02s
[551.153s][info][gc,marking  ] GC(1174) Concurrent Mark 122.852ms
[551.153s][info][gc,marking  ] GC(1174) Concurrent Rebuild Remembered Sets and Scrub Regions
[551.217s][info][gc,marking  ] GC(1174) Concurrent Rebuild Remembered Sets and Scrub Regions 63.423ms
[551.219s][info][gc,start    ] GC(1174) Pause Cleanup
[551.219s][info][gc          ] GC(1174) Pause Cleanup 161M->161M(427M) 0.080ms
[551.219s][info][gc,cpu      ] GC(1174) User=0.00s Sys=0.00s Real=0.00s
[551.219s][info][gc,marking  ] GC(1174) Concurrent Clear Claimed Marks
[551.219s][info][gc,marking  ] GC(1174) Concurrent Clear Claimed Marks 0.047ms
[551.219s][info][gc,marking  ] GC(1174) Concurrent Cleanup for Next Mark
[551.221s][info][gc,marking  ] GC(1174) Concurrent Cleanup for Next Mark 1.725ms
[551.221s][info][gc          ] GC(1174) Concurrent Mark Cycle 229.695ms
[552.477s][info][gc,start    ] GC(1175) Pause Young (Prepare Mixed) (G1 Evacuation Pause)
[552.477s][info][gc,task     ] GC(1175) Using 2 workers of 2 for evacuation
[552.500s][info][gc,phases   ] GC(1175)   Pre Evacuate Collection Set: 0.20ms
[552.500s][info][gc,phases   ] GC(1175)   Merge Heap Roots: 0.17ms
[552.500s][info][gc,phases   ] GC(1175)   Evacuate Collection Set: 21.66ms
[552.500s][info][gc,phases   ] GC(1175)   Post Evacuate Collection Set: 0.48ms
[552.500s][info][gc,phases   ] GC(1175)   Other: 0.08ms
[552.500s][info][gc,heap     ] GC(1175) Eden regions: 211->0(213)
[552.500s][info][gc,heap     ] GC(1175) Survivor regions: 14->16(29)
[552.500s][info][gc,heap     ] GC(1175) Old regions: 120->120
[552.500s][info][gc,heap     ] GC(1175) Humongous regions: 15->13
[552.500s][info][gc,metaspace] GC(1175) Metaspace: 43154K(43520K)->43154K(43520K) NonClass: 40346K(40576K)->40346K(40576K) Class: 2808K(2944K)->2808K(2944K)
[552.500s][info][gc          ] GC(1175) Pause Young (Prepare Mixed) (G1 Evacuation Pause) 360M->149M(427M) 22.773ms
[552.500s][info][gc,cpu      ] GC(1175) User=0.04s Sys=0.00s Real=0.02s
[553.583s][info][gc,start    ] GC(1176) Pause Young (Mixed) (G1 Evacuation Pause)
[553.583s][info][gc,task     ] GC(1176) Using 2 workers of 2 for evacuation
[553.604s][info][gc,phases   ] GC(1176)   Pre Evacuate Collection Set: 0.20ms
[553.604s][info][gc,phases   ] GC(1176)   Merge Heap Roots: 0.14ms
[553.604s][info][gc,phases   ] GC(1176)   Evacuate Collection Set: 19.63ms
[553.604s][info][gc,phases   ] GC(1176)   Post Evacuate Collection Set: 0.45ms
[553.604s][info][gc,phases   ] GC(1176)   Other: 0.09ms
[553.604s][info][gc,heap     ] GC(1176) Eden regions: 213->0(226)
[553.604s][info][gc,heap     ] GC(1176) Survivor regions: 16->14(29)
[553.604s][info][gc,heap     ] GC(1176) Old regions: 120->118
[553.604s][info][gc,heap     ] GC(1176) Humongous regions: 13->13
[553.604s][info][gc,metaspace] GC(1176) Metaspace: 43154K(43520K)->43154K(43520K) NonClass: 40346K(40576K)->40346K(40576K) Class: 2808K(2944K)->2808K(2944K)
[553.604s][info][gc          ] GC(1176) Pause Young (Mixed) (G1 Evacuation Pause) 362M->145M(427M) 20.678ms
[553.604s][info][gc,cpu      ] GC(1176) User=0.04s Sys=0.00s Real=0.02s
[554.791s][info][gc,start    ] GC(1177) Pause Young (Concurrent Start) (G1 Evacuation Pause)
[554.791s][info][gc,task     ] GC(1177) Using 2 workers of 2 for evacuation
[554.813s][info][gc,phases   ] GC(1177)   Pre Evacuate Collection Set: 0.21ms
[554.813s][info][gc,phases   ] GC(1177)   Merge Heap Roots: 0.12ms
[554.813s][info][gc,phases   ] GC(1177)   Evacuate Collection Set: 21.07ms
[554.813s][info][gc,phases   ] GC(1177)   Post Evacuate Collection Set: 0.47ms
[554.813s][info][gc,phases   ] GC(1177)   Other: 0.14ms
[554.813s][info][gc,heap     ] GC(1177) Eden regions: 226->0(225)
[554.813s][info][gc,heap     ] GC(1177) Survivor regions: 14->22(30)
[554.813s][info][gc,heap     ] GC(1177) Old regions: 118->118
[554.813s][info][gc,heap     ] GC(1177) Humongous regions: 13->13
[554.813s][info][gc,metaspace] GC(1177) Metaspace: 43154K(43520K)->43154K(43520K) NonClass: 40346K(40576K)->40346K(40576K) Class: 2808K(2944K)->2808K(2944K)
[554.813s][info][gc          ] GC(1177) Pause Young (Concurrent Start) (G1 Evacuation Pause) 371M->153M(427M) 22.200ms
[554.813s][info][gc,cpu      ] GC(1177) User=0.04s Sys=0.00s Real=0.03s
[554.813s][info][gc          ] GC(1178) Concurrent Mark Cycle
[554.813s][info][gc,marking  ] GC(1178) Concurrent Scan Root Regions
[554.824s][info][gc,marking  ] GC(1178) Concurrent Scan Root Regions 10.641ms
[554.824s][info][gc,marking  ] GC(1178) Concurrent Mark
[554.824s][info][gc,marking  ] GC(1178) Concurrent Mark From Roots
[554.824s][info][gc,task     ] GC(1178) Using 1 workers of 1 for marking
[554.854s][info][gc,marking  ] GC(1178) Concurrent Mark From Roots 30.606ms
[554.854s][info][gc,marking  ] GC(1178) Concurrent Preclean
[554.854s][info][gc,marking  ] GC(1178) Concurrent Preclean 0.037ms
[554.854s][info][gc,start    ] GC(1178) Pause Remark
[554.868s][info][gc          ] GC(1178) Pause Remark 161M->68M(256M) 13.144ms
[554.868s][info][gc,cpu      ] GC(1178) User=0.03s Sys=0.00s Real=0.01s
[554.868s][info][gc,marking  ] GC(1178) Concurrent Mark 44.134ms
[554.868s][info][gc,marking  ] GC(1178) Concurrent Rebuild Remembered Sets and Scrub Regions
[554.878s][info][gc,marking  ] GC(1178) Concurrent Rebuild Remembered Sets and Scrub Regions 10.701ms
[554.879s][info][gc,start    ] GC(1178) Pause Cleanup
[554.879s][info][gc          ] GC(1178) Pause Cleanup 70M->70M(256M) 0.035ms
[554.879s][info][gc,cpu      ] GC(1178) User=0.00s Sys=0.00s Real=0.00s
[554.879s][info][gc,marking  ] GC(1178) Concurrent Clear Claimed Marks
[554.879s][info][gc,marking  ] GC(1178) Concurrent Clear Claimed Marks 0.034ms
[554.879s][info][gc,marking  ] GC(1178) Concurrent Cleanup for Next Mark
[554.879s][info][gc,marking  ] GC(1178) Concurrent Cleanup for Next Mark 0.743ms
[554.879s][info][gc          ] GC(1178) Concurrent Mark Cycle 66.687ms
[555.571s][info][gc,start    ] GC(1179) Pause Young (Prepare Mixed) (G1 Evacuation Pause)
[555.571s][info][gc,task     ] GC(1179) Using 2 workers of 2 for evacuation
[555.578s][info][gc,phases   ] GC(1179)   Pre Evacuate Collection Set: 0.18ms
[555.578s][info][gc,phases   ] GC(1179)   Merge Heap Roots: 0.09ms
[555.578s][info][gc,phases   ] GC(1179)   Evacuate Collection Set: 6.33ms
[555.578s][info][gc,phases   ] GC(1179)   Post Evacuate Collection Set: 0.38ms
[555.578s][info][gc,phases   ] GC(1179)   Other: 0.09ms
[555.578s][info][gc,heap     ] GC(1179) Eden regions: 131->0(150)
[555.578s][info][gc,heap     ] GC(1179) Survivor regions: 22->3(20)
[555.578s][info][gc,heap     ] GC(1179) Old regions: 37->45
[555.578s][info][gc,heap     ] GC(1179) Humongous regions: 2->1
[555.578s][info][gc,metaspace] GC(1179) Metaspace: 43154K(43520K)->43154K(43520K) NonClass: 40346K(40576K)->40346K(40576K) Class: 2808K(2944K)->2808K(2944K)
[555.578s][info][gc          ] GC(1179) Pause Young (Prepare Mixed) (G1 Evacuation Pause) 192M->48M(256M) 7.283ms
[555.578s][info][gc,cpu      ] GC(1179) User=0.02s Sys=0.00s Real=0.01s
[556.406s][info][gc,start    ] GC(1180) Pause Young (Mixed) (G1 Evacuation Pause)
[556.406s][info][gc,task     ] GC(1180) Using 2 workers of 2 for evacuation
[556.423s][info][gc,phases   ] GC(1180)   Pre Evacuate Collection Set: 0.15ms
[556.423s][info][gc,phases   ] GC(1180)   Merge Heap Roots: 0.06ms
[556.423s][info][gc,phases   ] GC(1180)   Evacuate Collection Set: 15.58ms
[556.423s][info][gc,phases   ] GC(1180)   Post Evacuate Collection Set: 0.37ms
[556.423s][info][gc,phases   ] GC(1180)   Other: 0.09ms
[556.423s][info][gc,heap     ] GC(1180) Eden regions: 150->0(137)
[556.423s][info][gc,heap     ] GC(1180) Survivor regions: 3->16(20)
[556.423s][info][gc,heap     ] GC(1180) Old regions: 45->42
[556.423s][info][gc,heap     ] GC(1180) Humongous regions: 1->1
[556.423s][info][gc,metaspace] GC(1180) Metaspace: 43154K(43520K)->43154K(43520K) NonClass: 40346K(40576K)->40346K(40576K) Class: 2808K(2944K)->2808K(2944K)
[556.423s][info][gc          ] GC(1180) Pause Young (Mixed) (G1 Evacuation Pause) 198M->58M(256M) 16.438ms
[556.423s][info][gc,cpu      ] GC(1180) User=0.03s Sys=0.00s Real=0.02s
[556.923s][info][gc,start    ] GC(1181) Pause Young (Concurrent Start) (G1 Humongous Allocation)
[556.923s][info][gc,task     ] GC(1181) Using 2 workers of 2 for evacuation
[556.949s][info][gc,phases   ] GC(1181)   Pre Evacuate Collection Set: 0.36ms
[556.949s][info][gc,phases   ] GC(1181)   Merge Heap Roots: 0.08ms
[556.949s][info][gc,phases   ] GC(1181)   Evacuate Collection Set: 24.93ms
[556.949s][info][gc,phases   ] GC(1181)   Post Evacuate Collection Set: 0.46ms
[556.949s][info][gc,phases   ] GC(1181)   Other: 0.12ms
[556.949s][info][gc,heap     ] GC(1181) Eden regions: 107->0(139)
[556.949s][info][gc,heap     ] GC(1181) Survivor regions: 16->14(20)
[556.949s][info][gc,heap     ] GC(1181) Old regions: 42->57
[556.949s][info][gc,heap     ] GC(1181) Humongous regions: 1->1
[556.949s][info][gc,metaspace] GC(1181) Metaspace: 43154K(43520K)->43154K(43520K) NonClass: 40346K(40576K)->40346K(40576K) Class: 2808K(2944K)->2808K(2944K)
[556.949s][info][gc          ] GC(1181) Pause Young (Concurrent Start) (G1 Humongous Allocation) 164M->72M(256M) 26.129ms
[556.949s][info][gc,cpu      ] GC(1181) User=0.05s Sys=0.00s Real=0.02s
[556.949s][info][gc          ] GC(1182) Concurrent Mark Cycle
[556.949s][info][gc,marking  ] GC(1182) Concurrent Scan Root Regions
[556.972s][info][gc,marking  ] GC(1182) Concurrent Scan Root Regions 22.235ms
[556.972s][info][gc,marking  ] GC(1182) Concurrent Mark
[556.972s][info][gc,marking  ] GC(1182) Concurrent Mark From Roots
[556.972s][info][gc,task     ] GC(1182) Using 1 workers of 1 for marking
[557.003s][info][gc,marking  ] GC(1182) Concurrent Mark From Roots 31.663ms
[557.003s][info][gc,marking  ] GC(1182) Concurrent Preclean
[557.003s][info][gc,marking  ] GC(1182) Concurrent Preclean 0.036ms
[557.003s][info][gc,start    ] GC(1182) Pause Remark
[557.017s][info][gc          ] GC(1182) Pause Remark 96M->96M(256M) 13.198ms
[557.017s][info][gc,cpu      ] GC(1182) User=0.02s Sys=0.00s Real=0.01s
[557.017s][info][gc,marking  ] GC(1182) Concurrent Mark 45.150ms
[557.017s][info][gc,marking  ] GC(1182) Concurrent Rebuild Remembered Sets and Scrub Regions
[557.039s][info][gc,marking  ] GC(1182) Concurrent Rebuild Remembered Sets and Scrub Regions 21.913ms
[557.039s][info][gc,start    ] GC(1182) Pause Cleanup
[557.039s][info][gc          ] GC(1182) Pause Cleanup 104M->104M(256M) 0.042ms
[557.039s][info][gc,cpu      ] GC(1182) User=0.00s Sys=0.00s Real=0.00s
[557.039s][info][gc,marking  ] GC(1182) Concurrent Clear Claimed Marks
[557.039s][info][gc,marking  ] GC(1182) Concurrent Clear Claimed Marks 0.033ms
[557.039s][info][gc,marking  ] GC(1182) Concurrent Cleanup for Next Mark
[557.040s][info][gc,marking  ] GC(1182) Concurrent Cleanup for Next Mark 0.744ms
[557.040s][info][gc          ] GC(1182) Concurrent Mark Cycle 90.422ms
[557.290s][info][gc,start    ] GC(1183) Pause Young (Prepare Mixed) (G1 Evacuation Pause)
[557.290s][info][gc,task     ] GC(1183) Using 2 workers of 2 for evacuation
[557.310s][info][gc,phases   ] GC(1183)   Pre Evacuate Collection Set: 0.15ms
[557.310s][info][gc,phases   ] GC(1183)   Merge Heap Roots: 0.07ms
[557.310s][info][gc,phases   ] GC(1183)   Evacuate Collection Set: 19.67ms
[557.310s][info][gc,phases   ] GC(1183)   Post Evacuate Collection Set: 0.41ms
[557.310s][info][gc,phases   ] GC(1183)   Other: 0.11ms
[557.310s][info][gc,heap     ] GC(1183) Eden regions: 139->0(135)
[557.310s][info][gc,heap     ] GC(1183) Survivor regions: 14->17(20)
[557.310s][info][gc,heap     ] GC(1183) Old regions: 57->62
[557.310s][info][gc,heap     ] GC(1183) Humongous regions: 4->4
[557.310s][info][gc,metaspace] GC(1183) Metaspace: 43154K(43520K)->43154K(43520K) NonClass: 40346K(40576K)->40346K(40576K) Class: 2808K(2944K)->2808K(2944K)
[557.310s][info][gc          ] GC(1183) Pause Young (Prepare Mixed) (G1 Evacuation Pause) 214M->82M(256M) 20.602ms
[557.310s][info][gc,cpu      ] GC(1183) User=0.04s Sys=0.00s Real=0.02s
[557.625s][info][gc,start    ] GC(1184) Pause Young (Mixed) (G1 Evacuation Pause)
[557.625s][info][gc,task     ] GC(1184) Using 2 workers of 2 for evacuation
[557.662s][info][gc,phases   ] GC(1184)   Pre Evacuate Collection Set: 0.16ms
[557.662s][info][gc,phases   ] GC(1184)   Merge Heap Roots: 0.12ms
[557.662s][info][gc,phases   ] GC(1184)   Evacuate Collection Set: 36.74ms
[557.662s][info][gc,phases   ] GC(1184)   Post Evacuate Collection Set: 0.46ms
[557.662s][info][gc,phases   ] GC(1184)   Other: 0.08ms
[557.662s][info][gc,heap     ] GC(1184) Eden regions: 135->0(125)
[557.662s][info][gc,heap     ] GC(1184) Survivor regions: 17->17(19)
[557.662s][info][gc,heap     ] GC(1184) Old regions: 62->70
[557.662s][info][gc,heap     ] GC(1184) Humongous regions: 6->6
[557.662s][info][gc,metaspace] GC(1184) Metaspace: 43154K(43520K)->43154K(43520K) NonClass: 40346K(40576K)->40346K(40576K) Class: 2808K(2944K)->2808K(2944K)
[557.662s][info][gc          ] GC(1184) Pause Young (Mixed) (G1 Evacuation Pause) 219M->92M(256M) 37.762ms
[557.662s][info][gc,cpu      ] GC(1184) User=0.07s Sys=0.00s Real=0.04s
[557.928s][info][gc,start    ] GC(1185) Pause Young (Concurrent Start) (G1 Evacuation Pause)
[557.928s][info][gc,task     ] GC(1185) Using 2 workers of 2 for evacuation
[557.960s][info][gc,phases   ] GC(1185)   Pre Evacuate Collection Set: 0.20ms
[557.960s][info][gc,phases   ] GC(1185)   Merge Heap Roots: 0.09ms
[557.960s][info][gc,phases   ] GC(1185)   Evacuate Collection Set: 31.46ms
[557.960s][info][gc,phases   ] GC(1185)   Post Evacuate Collection Set: 0.41ms
[557.960s][info][gc,phases   ] GC(1185)   Other: 0.09ms
[557.960s][info][gc,heap     ] GC(1185) Eden regions: 125->0(114)
[557.960s][info][gc,heap     ] GC(1185) Survivor regions: 17->15(18)
[557.960s][info][gc,heap     ] GC(1185) Old regions: 70->87
[557.960s][info][gc,heap     ] GC(1185) Humongous regions: 6->6
[557.960s][info][gc,metaspace] GC(1185) Metaspace: 43154K(43520K)->43154K(43520K) NonClass: 40346K(40576K)->40346K(40576K) Class: 2808K(2944K)->2808K(2944K)
[557.960s][info][gc          ] GC(1185) Pause Young (Concurrent Start) (G1 Evacuation Pause) 217M->107M(256M) 32.444ms
[557.960s][info][gc,cpu      ] GC(1185) User=0.06s Sys=0.00s Real=0.03s
[557.960s][info][gc          ] GC(1186) Concurrent Mark Cycle
[557.960s][info][gc,marking  ] GC(1186) Concurrent Scan Root Regions
[557.986s][info][gc,marking  ] GC(1186) Concurrent Scan Root Regions 25.963ms
[557.986s][info][gc,marking  ] GC(1186) Concurrent Mark
[557.986s][info][gc,marking  ] GC(1186) Concurrent Mark From Roots
[557.986s][info][gc,task     ] GC(1186) Using 1 workers of 1 for marking
[558.041s][info][gc,marking  ] GC(1186) Concurrent Mark From Roots 54.366ms
[558.041s][info][gc,marking  ] GC(1186) Concurrent Preclean
[558.041s][info][gc,marking  ] GC(1186) Concurrent Preclean 0.041ms
[558.041s][info][gc,start    ] GC(1186) Pause Remark
[558.055s][info][gc          ] GC(1186) Pause Remark 142M->141M(256M) 13.697ms
[558.055s][info][gc,cpu      ] GC(1186) User=0.03s Sys=0.00s Real=0.02s
[558.055s][info][gc,marking  ] GC(1186) Concurrent Mark 68.377ms
[558.055s][info][gc,marking  ] GC(1186) Concurrent Rebuild Remembered Sets and Scrub Regions
[558.091s][info][gc,marking  ] GC(1186) Concurrent Rebuild Remembered Sets and Scrub Regions 36.401ms
[558.091s][info][gc,start    ] GC(1186) Pause Cleanup
[558.091s][info][gc          ] GC(1186) Pause Cleanup 157M->157M(256M) 0.044ms
[558.091s][info][gc,cpu      ] GC(1186) User=0.00s Sys=0.00s Real=0.00s
[558.091s][info][gc,marking  ] GC(1186) Concurrent Clear Claimed Marks
[558.091s][info][gc,marking  ] GC(1186) Concurrent Clear Claimed Marks 0.036ms
[558.091s][info][gc,marking  ] GC(1186) Concurrent Cleanup for Next Mark
[558.092s][info][gc,marking  ] GC(1186) Concurrent Cleanup for Next Mark 0.741ms
[558.092s][info][gc          ] GC(1186) Concurrent Mark Cycle 131.815ms
[558.226s][info][gc,start    ] GC(1187) Pause Young (Prepare Mixed) (G1 Evacuation Pause)
[558.227s][info][gc,task     ] GC(1187) Using 2 workers of 2 for evacuation
[558.255s][info][gc,phases   ] GC(1187)   Pre Evacuate Collection Set: 0.14ms
[558.255s][info][gc,phases   ] GC(1187)   Merge Heap Roots: 0.07ms
[558.255s][info][gc,phases   ] GC(1187)   Evacuate Collection Set: 27.50ms
[558.255s][info][gc,phases   ] GC(1187)   Post Evacuate Collection Set: 0.36ms
[558.255s][info][gc,phases   ] GC(1187)   Other: 0.07ms
[558.255s][info][gc,heap     ] GC(1187) Eden regions: 114->0(104)
[558.255s][info][gc,heap     ] GC(1187) Survivor regions: 15->14(17)
[558.255s][info][gc,heap     ] GC(1187) Old regions: 87->102
[558.255s][info][gc,heap     ] GC(1187) Humongous regions: 5->5
[558.255s][info][gc,metaspace] GC(1187) Metaspace: 43154K(43520K)->43154K(43520K) NonClass: 40346K(40576K)->40346K(40576K) Class: 2808K(2944K)->2808K(2944K)
[558.255s][info][gc          ] GC(1187) Pause Young (Prepare Mixed) (G1 Evacuation Pause) 220M->120M(256M) 28.341ms
[558.255s][info][gc,cpu      ] GC(1187) User=0.06s Sys=0.00s Real=0.03s
[558.514s][info][gc,start    ] GC(1188) Pause Young (Mixed) (G1 Evacuation Pause)
[558.514s][info][gc,task     ] GC(1188) Using 2 workers of 2 for evacuation
[558.546s][info][gc,phases   ] GC(1188)   Pre Evacuate Collection Set: 0.17ms
[558.546s][info][gc,phases   ] GC(1188)   Merge Heap Roots: 0.14ms
[558.546s][info][gc,phases   ] GC(1188)   Evacuate Collection Set: 31.86ms
[558.546s][info][gc,phases   ] GC(1188)   Post Evacuate Collection Set: 0.41ms
[558.546s][info][gc,phases   ] GC(1188)   Other: 0.07ms
[558.546s][info][gc,heap     ] GC(1188) Eden regions: 104->0(107)
[558.546s][info][gc,heap     ] GC(1188) Survivor regions: 14->12(15)
[558.546s][info][gc,heap     ] GC(1188) Old regions: 102->97
[558.546s][info][gc,heap     ] GC(1188) Humongous regions: 9->9
[558.546s][info][gc,metaspace] GC(1188) Metaspace: 43154K(43520K)->43154K(43520K) NonClass: 40346K(40576K)->40346K(40576K) Class: 2808K(2944K)->2808K(2944K)
[558.546s][info][gc          ] GC(1188) Pause Young (Mixed) (G1 Evacuation Pause) 228M->118M(256M) 32.846ms
[558.546s][info][gc,cpu      ] GC(1188) User=0.06s Sys=0.00s Real=0.03s
[558.907s][info][gc,start    ] GC(1189) Pause Young (Concurrent Start) (G1 Humongous Allocation)
[558.907s][info][gc,task     ] GC(1189) Using 2 workers of 2 for evacuation
[558.944s][info][gc,phases   ] GC(1189)   Pre Evacuate Collection Set: 0.20ms
[558.945s][info][gc,phases   ] GC(1189)   Merge Heap Roots: 0.11ms
[558.945s][info][gc,phases   ] GC(1189)   Evacuate Collection Set: 35.89ms
[558.945s][info][gc,phases   ] GC(1189)   Post Evacuate Collection Set: 1.45ms
[558.945s][info][gc,phases   ] GC(1189)   Other: 0.10ms
[558.945s][info][gc,heap     ] GC(1189) Eden regions: 96->0(192)
[558.945s][info][gc,heap     ] GC(1189) Survivor regions: 12->15(15)
[558.945s][info][gc,heap     ] GC(1189) Old regions: 97->115
[558.945s][info][gc,heap     ] GC(1189) Humongous regions: 9->9
[558.945s][info][gc,metaspace] GC(1189) Metaspace: 43154K(43520K)->43154K(43520K) NonClass: 40346K(40576K)->40346K(40576K) Class: 2808K(2944K)->2808K(2944K)
[558.945s][info][gc          ] GC(1189) Pause Young (Concurrent Start) (G1 Humongous Allocation) 214M->138M(399M) 37.972ms
[558.945s][info][gc,cpu      ] GC(1189) User=0.07s Sys=0.00s Real=0.04s
[558.945s][info][gc          ] GC(1190) Concurrent Mark Cycle
[558.945s][info][gc,marking  ] GC(1190) Concurrent Scan Root Regions
[558.983s][info][gc,marking  ] GC(1190) Concurrent Scan Root Regions 38.666ms
[558.983s][info][gc,marking  ] GC(1190) Concurrent Mark
[558.983s][info][gc,marking  ] GC(1190) Concurrent Mark From Roots
[558.983s][info][gc,task     ] GC(1190) Using 1 workers of 1 for marking
[559.096s][info][gc,marking  ] GC(1190) Concurrent Mark From Roots 112.656ms
[559.096s][info][gc,marking  ] GC(1190) Concurrent Preclean
[559.096s][info][gc,marking  ] GC(1190) Concurrent Preclean 0.045ms
[559.096s][info][gc,start    ] GC(1190) Pause Remark
[559.110s][info][gc          ] GC(1190) Pause Remark 151M->149M(399M) 13.283ms
[559.110s][info][gc,cpu      ] GC(1190) User=0.02s Sys=0.00s Real=0.01s
[559.110s][info][gc,marking  ] GC(1190) Concurrent Mark 126.354ms
[559.110s][info][gc,marking  ] GC(1190) Concurrent Rebuild Remembered Sets and Scrub Regions
[559.179s][info][gc,marking  ] GC(1190) Concurrent Rebuild Remembered Sets and Scrub Regions 69.512ms
[559.180s][info][gc,start    ] GC(1190) Pause Cleanup
[559.180s][info][gc          ] GC(1190) Pause Cleanup 156M->156M(399M) 0.057ms
[559.180s][info][gc,cpu      ] GC(1190) User=0.00s Sys=0.00s Real=0.00s
[559.180s][info][gc,marking  ] GC(1190) Concurrent Clear Claimed Marks
[559.180s][info][gc,marking  ] GC(1190) Concurrent Clear Claimed Marks 0.039ms
[559.180s][info][gc,marking  ] GC(1190) Concurrent Cleanup for Next Mark
[559.182s][info][gc,marking  ] GC(1190) Concurrent Cleanup for Next Mark 2.606ms
[559.182s][info][gc          ] GC(1190) Concurrent Mark Cycle 237.564ms
[560.371s][info][gc,start    ] GC(1191) Pause Young (Prepare Mixed) (G1 Evacuation Pause)
[560.371s][info][gc,task     ] GC(1191) Using 2 workers of 2 for evacuation
[560.416s][info][gc,phases   ] GC(1191)   Pre Evacuate Collection Set: 0.22ms
[560.416s][info][gc,phases   ] GC(1191)   Merge Heap Roots: 0.23ms
[560.416s][info][gc,phases   ] GC(1191)   Evacuate Collection Set: 43.43ms
[560.416s][info][gc,phases   ] GC(1191)   Post Evacuate Collection Set: 0.51ms
[560.416s][info][gc,phases   ] GC(1191)   Other: 0.08ms
[560.416s][info][gc,heap     ] GC(1191) Eden regions: 192->0(173)
[560.416s][info][gc,heap     ] GC(1191) Survivor regions: 15->26(26)
[560.416s][info][gc,heap     ] GC(1191) Old regions: 115->126
[560.416s][info][gc,heap     ] GC(1191) Humongous regions: 15->13
[560.416s][info][gc,metaspace] GC(1191) Metaspace: 43154K(43520K)->43154K(43520K) NonClass: 40346K(40576K)->40346K(40576K) Class: 2808K(2944K)->2808K(2944K)
[560.416s][info][gc          ] GC(1191) Pause Young (Prepare Mixed) (G1 Evacuation Pause) 336M->164M(399M) 44.664ms
[560.416s][info][gc,cpu      ] GC(1191) User=0.08s Sys=0.00s Real=0.05s
[561.232s][info][gc,start    ] GC(1192) Pause Young (Mixed) (G1 Evacuation Pause)
[561.232s][info][gc,task     ] GC(1192) Using 2 workers of 2 for evacuation
[561.263s][info][gc,phases   ] GC(1192)   Pre Evacuate Collection Set: 0.29ms
[561.263s][info][gc,phases   ] GC(1192)   Merge Heap Roots: 0.18ms
[561.263s][info][gc,phases   ] GC(1192)   Evacuate Collection Set: 29.74ms
[561.263s][info][gc,phases   ] GC(1192)   Post Evacuate Collection Set: 0.54ms
[561.263s][info][gc,phases   ] GC(1192)   Other: 0.07ms
[561.263s][info][gc,heap     ] GC(1192) Eden regions: 173->0(176)
[561.263s][info][gc,heap     ] GC(1192) Survivor regions: 26->11(25)
[561.263s][info][gc,heap     ] GC(1192) Old regions: 126->142
[561.263s][info][gc,heap     ] GC(1192) Humongous regions: 13->13
[561.263s][info][gc,metaspace] GC(1192) Metaspace: 43154K(43520K)->43154K(43520K) NonClass: 40346K(40576K)->40346K(40576K) Class: 2808K(2944K)->2808K(2944K)
[561.263s][info][gc          ] GC(1192) Pause Young (Mixed) (G1 Evacuation Pause) 337M->165M(399M) 31.067ms
[561.263s][info][gc,cpu      ] GC(1192) User=0.06s Sys=0.00s Real=0.03s
[562.246s][info][gc,start    ] GC(1193) Pause Young (Concurrent Start) (G1 Evacuation Pause)
[562.246s][info][gc,task     ] GC(1193) Using 2 workers of 2 for evacuation
[562.272s][info][gc,phases   ] GC(1193)   Pre Evacuate Collection Set: 0.24ms
[562.273s][info][gc,phases   ] GC(1193)   Merge Heap Roots: 0.07ms
[562.273s][info][gc,phases   ] GC(1193)   Evacuate Collection Set: 25.88ms
[562.273s][info][gc,phases   ] GC(1193)   Post Evacuate Collection Set: 0.46ms
[562.273s][info][gc,phases   ] GC(1193)   Other: 0.10ms
[562.273s][info][gc,heap     ] GC(1193) Eden regions: 176->0(165)
[562.273s][info][gc,heap     ] GC(1193) Survivor regions: 11->24(24)
[562.273s][info][gc,heap     ] GC(1193) Old regions: 142->148
[562.273s][info][gc,heap     ] GC(1193) Humongous regions: 13->13
[562.273s][info][gc,metaspace] GC(1193) Metaspace: 43154K(43520K)->43154K(43520K) NonClass: 40346K(40576K)->40346K(40576K) Class: 2808K(2944K)->2808K(2944K)
[562.273s][info][gc          ] GC(1193) Pause Young (Concurrent Start) (G1 Evacuation Pause) 341M->184M(399M) 26.941ms
[562.273s][info][gc,cpu      ] GC(1193) User=0.05s Sys=0.00s Real=0.03s
[562.273s][info][gc          ] GC(1194) Concurrent Mark Cycle
[562.273s][info][gc,marking  ] GC(1194) Concurrent Scan Root Regions
[562.295s][info][gc,marking  ] GC(1194) Concurrent Scan Root Regions 22.132ms
[562.295s][info][gc,marking  ] GC(1194) Concurrent Mark
[562.295s][info][gc,marking  ] GC(1194) Concurrent Mark From Roots
[562.295s][info][gc,task     ] GC(1194) Using 1 workers of 1 for marking
[562.332s][info][gc,marking  ] GC(1194) Concurrent Mark From Roots 36.790ms
[562.332s][info][gc,marking  ] GC(1194) Concurrent Preclean
[562.332s][info][gc,marking  ] GC(1194) Concurrent Preclean 0.035ms
[562.332s][info][gc,start    ] GC(1194) Pause Remark
[562.345s][info][gc          ] GC(1194) Pause Remark 193M->88M(267M) 13.362ms
[562.345s][info][gc,cpu      ] GC(1194) User=0.03s Sys=0.00s Real=0.02s
[562.345s][info][gc,marking  ] GC(1194) Concurrent Mark 50.421ms
[562.345s][info][gc,marking  ] GC(1194) Concurrent Rebuild Remembered Sets and Scrub Regions
[562.364s][info][gc,marking  ] GC(1194) Concurrent Rebuild Remembered Sets and Scrub Regions 18.433ms
[562.364s][info][gc,start    ] GC(1194) Pause Cleanup
[562.364s][info][gc          ] GC(1194) Pause Cleanup 92M->92M(267M) 0.039ms
[562.364s][info][gc,cpu      ] GC(1194) User=0.00s Sys=0.00s Real=0.00s
[562.364s][info][gc,marking  ] GC(1194) Concurrent Clear Claimed Marks
[562.364s][info][gc,marking  ] GC(1194) Concurrent Clear Claimed Marks 0.053ms
[562.364s][info][gc,marking  ] GC(1194) Concurrent Cleanup for Next Mark
[562.365s][info][gc,marking  ] GC(1194) Concurrent Cleanup for Next Mark 0.777ms
[562.365s][info][gc          ] GC(1194) Concurrent Mark Cycle 92.141ms
[562.978s][info][gc,start    ] GC(1195) Pause Young (Prepare Mixed) (G1 Evacuation Pause)
[562.978s][info][gc,task     ] GC(1195) Using 2 workers of 2 for evacuation
[562.998s][info][gc,phases   ] GC(1195)   Pre Evacuate Collection Set: 0.22ms
[562.998s][info][gc,phases   ] GC(1195)   Merge Heap Roots: 0.19ms
[562.998s][info][gc,phases   ] GC(1195)   Evacuate Collection Set: 18.75ms
[562.998s][info][gc,phases   ] GC(1195)   Post Evacuate Collection Set: 0.47ms
[562.998s][info][gc,phases   ] GC(1195)   Other: 0.07ms
[562.998s][info][gc,heap     ] GC(1195) Eden regions: 136->0(147)
[562.998s][info][gc,heap     ] GC(1195) Survivor regions: 24->13(20)
[562.998s][info][gc,heap     ] GC(1195) Old regions: 55->61
[562.998s][info][gc,heap     ] GC(1195) Humongous regions: 1->1
[562.998s][info][gc,metaspace] GC(1195) Metaspace: 43154K(43520K)->43154K(43520K) NonClass: 40346K(40576K)->40346K(40576K) Class: 2808K(2944K)->2808K(2944K)
[562.998s][info][gc          ] GC(1195) Pause Young (Prepare Mixed) (G1 Evacuation Pause) 215M->74M(267M) 19.931ms
[562.998s][info][gc,cpu      ] GC(1195) User=0.04s Sys=0.00s Real=0.02s
[563.817s][info][gc,start    ] GC(1196) Pause Young (Mixed) (G1 Evacuation Pause)
[563.817s][info][gc,task     ] GC(1196) Using 2 workers of 2 for evacuation
[563.840s][info][gc,phases   ] GC(1196)   Pre Evacuate Collection Set: 0.19ms
[563.840s][info][gc,phases   ] GC(1196)   Merge Heap Roots: 0.08ms
[563.840s][info][gc,phases   ] GC(1196)   Evacuate Collection Set: 22.08ms
[563.840s][info][gc,phases   ] GC(1196)   Post Evacuate Collection Set: 0.41ms
[563.840s][info][gc,phases   ] GC(1196)   Other: 0.07ms
[563.840s][info][gc,heap     ] GC(1196) Eden regions: 147->0(141)
[563.840s][info][gc,heap     ] GC(1196) Survivor regions: 13->14(20)
[563.840s][info][gc,heap     ] GC(1196) Old regions: 61->69
[563.840s][info][gc,heap     ] GC(1196) Humongous regions: 2->2
[563.840s][info][gc,metaspace] GC(1196) Metaspace: 43154K(43520K)->43154K(43520K) NonClass: 40346K(40576K)->40346K(40576K) Class: 2808K(2944K)->2808K(2944K)
[563.840s][info][gc          ] GC(1196) Pause Young (Mixed) (G1 Evacuation Pause) 222M->84M(267M) 23.003ms
[563.840s][info][gc,cpu      ] GC(1196) User=0.04s Sys=0.00s Real=0.02s
[564.591s][info][gc,start    ] GC(1197) Pause Young (Concurrent Start) (G1 Evacuation Pause)
[564.591s][info][gc,task     ] GC(1197) Using 2 workers of 2 for evacuation
[564.616s][info][gc,phases   ] GC(1197)   Pre Evacuate Collection Set: 0.20ms
[564.616s][info][gc,phases   ] GC(1197)   Merge Heap Roots: 0.11ms
[564.616s][info][gc,phases   ] GC(1197)   Evacuate Collection Set: 24.33ms
[564.616s][info][gc,phases   ] GC(1197)   Post Evacuate Collection Set: 0.40ms
[564.616s][info][gc,phases   ] GC(1197)   Other: 0.11ms
[564.616s][info][gc,heap     ] GC(1197) Eden regions: 141->0(131)
[564.616s][info][gc,heap     ] GC(1197) Survivor regions: 14->14(20)
[564.616s][info][gc,heap     ] GC(1197) Old regions: 69->83
[564.616s][info][gc,heap     ] GC(1197) Humongous regions: 2->2
[564.616s][info][gc,metaspace] GC(1197) Metaspace: 43154K(43520K)->43154K(43520K) NonClass: 40346K(40576K)->40346K(40576K) Class: 2808K(2944K)->2808K(2944K)
[564.616s][info][gc          ] GC(1197) Pause Young (Concurrent Start) (G1 Evacuation Pause) 225M->98M(267M) 25.380ms
[564.616s][info][gc,cpu      ] GC(1197) User=0.05s Sys=0.00s Real=0.03s
[564.616s][info][gc          ] GC(1198) Concurrent Mark Cycle
[564.617s][info][gc,marking  ] GC(1198) Concurrent Scan Root Regions
[564.651s][info][gc,marking  ] GC(1198) Concurrent Scan Root Regions 33.553ms
[564.651s][info][gc,marking  ] GC(1198) Concurrent Mark
[564.651s][info][gc,marking  ] GC(1198) Concurrent Mark From Roots
[564.651s][info][gc,task     ] GC(1198) Using 1 workers of 1 for marking
[564.689s][info][gc,marking  ] GC(1198) Concurrent Mark From Roots 38.186ms
[564.689s][info][gc,marking  ] GC(1198) Concurrent Preclean
[564.689s][info][gc,marking  ] GC(1198) Concurrent Preclean 0.037ms
[564.689s][info][gc,start    ] GC(1198) Pause Remark
[564.702s][info][gc          ] GC(1198) Pause Remark 108M->101M(267M) 13.249ms
[564.702s][info][gc,cpu      ] GC(1198) User=0.02s Sys=0.00s Real=0.02s
[564.702s][info][gc,marking  ] GC(1198) Concurrent Mark 51.714ms
[564.702s][info][gc,marking  ] GC(1198) Concurrent Rebuild Remembered Sets and Scrub Regions
[564.728s][info][gc,marking  ] GC(1198) Concurrent Rebuild Remembered Sets and Scrub Regions 25.293ms
[564.728s][info][gc,start    ] GC(1198) Pause Cleanup
[564.728s][info][gc          ] GC(1198) Pause Cleanup 106M->106M(267M) 0.048ms
[564.728s][info][gc,cpu      ] GC(1198) User=0.00s Sys=0.00s Real=0.00s
[564.728s][info][gc,marking  ] GC(1198) Concurrent Clear Claimed Marks
[564.728s][info][gc,marking  ] GC(1198) Concurrent Clear Claimed Marks 0.034ms
[564.728s][info][gc,marking  ] GC(1198) Concurrent Cleanup for Next Mark
[564.729s][info][gc,marking  ] GC(1198) Concurrent Cleanup for Next Mark 0.782ms
[564.729s][info][gc          ] GC(1198) Concurrent Mark Cycle 112.653ms
[565.196s][info][gc,start    ] GC(1199) Pause Young (Prepare Mixed) (G1 Evacuation Pause)
[565.201s][info][gc,task     ] GC(1199) Using 2 workers of 2 for evacuation
[565.231s][info][gc,phases   ] GC(1199)   Pre Evacuate Collection Set: 0.22ms
[565.232s][info][gc,phases   ] GC(1199)   Merge Heap Roots: 0.09ms
[565.232s][info][gc,phases   ] GC(1199)   Evacuate Collection Set: 29.23ms
[565.232s][info][gc,phases   ] GC(1199)   Post Evacuate Collection Set: 0.43ms
[565.232s][info][gc,phases   ] GC(1199)   Other: 0.10ms
[565.232s][info][gc,heap     ] GC(1199) Eden regions: 131->0(125)
[565.232s][info][gc,heap     ] GC(1199) Survivor regions: 14->17(19)
[565.232s][info][gc,heap     ] GC(1199) Old regions: 75->80
[565.232s][info][gc,heap     ] GC(1199) Humongous regions: 6->4
[565.232s][info][gc,metaspace] GC(1199) Metaspace: 43154K(43520K)->43154K(43520K) NonClass: 40346K(40576K)->40346K(40576K) Class: 2808K(2944K)->2808K(2944K)
[565.232s][info][gc          ] GC(1199) Pause Young (Prepare Mixed) (G1 Evacuation Pause) 225M->100M(267M) 35.781ms
[565.232s][info][gc,cpu      ] GC(1199) User=0.04s Sys=0.00s Real=0.03s
[565.669s][info][gc,start    ] GC(1200) Pause Young (Mixed) (G1 Evacuation Pause)
[565.669s][info][gc,task     ] GC(1200) Using 2 workers of 2 for evacuation
[565.686s][info][gc,phases   ] GC(1200)   Pre Evacuate Collection Set: 0.16ms
[565.686s][info][gc,phases   ] GC(1200)   Merge Heap Roots: 0.20ms
[565.686s][info][gc,phases   ] GC(1200)   Evacuate Collection Set: 16.53ms
[565.686s][info][gc,phases   ] GC(1200)   Post Evacuate Collection Set: 0.63ms
[565.686s][info][gc,phases   ] GC(1200)   Other: 0.08ms
[565.686s][info][gc,heap     ] GC(1200) Eden regions: 125->0(153)
[565.686s][info][gc,heap     ] GC(1200) Survivor regions: 17->3(18)
[565.686s][info][gc,heap     ] GC(1200) Old regions: 80->67
[565.686s][info][gc,heap     ] GC(1200) Humongous regions: 18->4
[565.686s][info][gc,metaspace] GC(1200) Metaspace: 43154K(43520K)->43154K(43520K) NonClass: 40346K(40576K)->40346K(40576K) Class: 2808K(2944K)->2808K(2944K)
[565.686s][info][gc          ] GC(1200) Pause Young (Mixed) (G1 Evacuation Pause) 239M->73M(267M) 17.846ms
[565.686s][info][gc,cpu      ] GC(1200) User=0.03s Sys=0.00s Real=0.02s
[565.717s][info][gc,start    ] GC(1201) Pause Young (Concurrent Start) (G1 Humongous Allocation)
[565.717s][info][gc,task     ] GC(1201) Using 2 workers of 2 for evacuation
[565.720s][info][gc,phases   ] GC(1201)   Pre Evacuate Collection Set: 0.21ms
[565.720s][info][gc,phases   ] GC(1201)   Merge Heap Roots: 0.07ms
[565.720s][info][gc,phases   ] GC(1201)   Evacuate Collection Set: 2.17ms
[565.720s][info][gc,phases   ] GC(1201)   Post Evacuate Collection Set: 0.32ms
[565.720s][info][gc,phases   ] GC(1201)   Other: 0.10ms
[565.720s][info][gc,heap     ] GC(1201) Eden regions: 6->0(157)
[565.720s][info][gc,heap     ] GC(1201) Survivor regions: 3->3(20)
[565.720s][info][gc,heap     ] GC(1201) Old regions: 67->67
[565.720s][info][gc,heap     ] GC(1201) Humongous regions: 4->2
[565.720s][info][gc,metaspace] GC(1201) Metaspace: 43154K(43520K)->43154K(43520K) NonClass: 40346K(40576K)->40346K(40576K) Class: 2808K(2944K)->2808K(2944K)
[565.720s][info][gc          ] GC(1201) Pause Young (Concurrent Start) (G1 Humongous Allocation) 79M->71M(267M) 3.029ms
[565.720s][info][gc          ] GC(1202) Concurrent Mark Cycle
[565.720s][info][gc,marking  ] GC(1202) Concurrent Scan Root Regions
[565.721s][info][gc,marking  ] GC(1202) Concurrent Scan Root Regions 1.423ms
[565.721s][info][gc,marking  ] GC(1202) Concurrent Mark
[565.721s][info][gc,marking  ] GC(1202) Concurrent Mark From Roots
[565.721s][info][gc,task     ] GC(1202) Using 1 workers of 1 for marking
[565.721s][info][gc,cpu      ] GC(1201) User=0.01s Sys=0.00s Real=0.00s
[565.785s][info][gc,marking  ] GC(1202) Concurrent Mark From Roots 64.347ms
[565.785s][info][gc,marking  ] GC(1202) Concurrent Preclean
[565.786s][info][gc,marking  ] GC(1202) Concurrent Preclean 0.061ms
[565.786s][info][gc,start    ] GC(1202) Pause Remark
[565.799s][info][gc          ] GC(1202) Pause Remark 83M->73M(256M) 13.166ms
[565.799s][info][gc,cpu      ] GC(1202) User=0.03s Sys=0.00s Real=0.01s
[565.799s][info][gc,marking  ] GC(1202) Concurrent Mark 78.176ms
[565.799s][info][gc,marking  ] GC(1202) Concurrent Rebuild Remembered Sets and Scrub Regions
[565.821s][info][gc,marking  ] GC(1202) Concurrent Rebuild Remembered Sets and Scrub Regions 21.949ms
[565.821s][info][gc,start    ] GC(1202) Pause Cleanup
[565.821s][info][gc          ] GC(1202) Pause Cleanup 79M->79M(256M) 0.048ms
[565.821s][info][gc,cpu      ] GC(1202) User=0.00s Sys=0.00s Real=0.00s
[565.822s][info][gc,marking  ] GC(1202) Concurrent Clear Claimed Marks
[565.822s][info][gc,marking  ] GC(1202) Concurrent Clear Claimed Marks 0.037ms
[565.822s][info][gc,marking  ] GC(1202) Concurrent Cleanup for Next Mark
[565.823s][info][gc,marking  ] GC(1202) Concurrent Cleanup for Next Mark 0.817ms
[565.823s][info][gc          ] GC(1202) Concurrent Mark Cycle 102.932ms
[566.335s][info][gc,start    ] GC(1203) Pause Young (Prepare Mixed) (G1 Evacuation Pause)
[566.335s][info][gc,task     ] GC(1203) Using 2 workers of 2 for evacuation
[566.359s][info][gc,phases   ] GC(1203)   Pre Evacuate Collection Set: 0.22ms
[566.359s][info][gc,phases   ] GC(1203)   Merge Heap Roots: 0.06ms
[566.359s][info][gc,phases   ] GC(1203)   Evacuate Collection Set: 22.28ms
[566.359s][info][gc,phases   ] GC(1203)   Post Evacuate Collection Set: 0.55ms
[566.359s][info][gc,phases   ] GC(1203)   Other: 0.07ms
[566.359s][info][gc,heap     ] GC(1203) Eden regions: 150->0(146)
[566.359s][info][gc,heap     ] GC(1203) Survivor regions: 3->7(20)
[566.359s][info][gc,heap     ] GC(1203) Old regions: 58->58
[566.359s][info][gc,heap     ] GC(1203) Humongous regions: 7->3
[566.359s][info][gc,metaspace] GC(1203) Metaspace: 43154K(43520K)->43154K(43520K) NonClass: 40346K(40576K)->40346K(40576K) Class: 2808K(2944K)->2808K(2944K)
[566.359s][info][gc          ] GC(1203) Pause Young (Prepare Mixed) (G1 Evacuation Pause) 217M->68M(256M) 23.355ms
[566.359s][info][gc,cpu      ] GC(1203) User=0.03s Sys=0.00s Real=0.02s
[566.881s][info][gc,start    ] GC(1204) Pause Young (Mixed) (G1 Evacuation Pause)
[566.881s][info][gc,task     ] GC(1204) Using 2 workers of 2 for evacuation
[566.893s][info][gc,phases   ] GC(1204)   Pre Evacuate Collection Set: 0.19ms
[566.893s][info][gc,phases   ] GC(1204)   Merge Heap Roots: 0.08ms
[566.893s][info][gc,phases   ] GC(1204)   Evacuate Collection Set: 11.79ms
[566.893s][info][gc,phases   ] GC(1204)   Post Evacuate Collection Set: 0.44ms
[566.893s][info][gc,phases   ] GC(1204)   Other: 0.09ms
[566.893s][info][gc,heap     ] GC(1204) Eden regions: 146->0(141)
[566.893s][info][gc,heap     ] GC(1204) Survivor regions: 7->12(20)
[566.893s][info][gc,heap     ] GC(1204) Old regions: 58->43
[566.893s][info][gc,heap     ] GC(1204) Humongous regions: 11->3
[566.893s][info][gc,metaspace] GC(1204) Metaspace: 43154K(43520K)->43154K(43520K) NonClass: 40346K(40576K)->40346K(40576K) Class: 2808K(2944K)->2808K(2944K)
[566.893s][info][gc          ] GC(1204) Pause Young (Mixed) (G1 Evacuation Pause) 222M->57M(256M) 12.756ms
[566.893s][info][gc,cpu      ] GC(1204) User=0.02s Sys=0.00s Real=0.02s
[567.444s][info][gc,start    ] GC(1205) Pause Young (Concurrent Start) (G1 Evacuation Pause)
[567.444s][info][gc,task     ] GC(1205) Using 2 workers of 2 for evacuation
[567.467s][info][gc,phases   ] GC(1205)   Pre Evacuate Collection Set: 0.17ms
[567.467s][info][gc,phases   ] GC(1205)   Merge Heap Roots: 0.08ms
[567.467s][info][gc,phases   ] GC(1205)   Evacuate Collection Set: 21.49ms
[567.467s][info][gc,phases   ] GC(1205)   Post Evacuate Collection Set: 0.43ms
[567.467s][info][gc,phases   ] GC(1205)   Other: 0.10ms
[567.467s][info][gc,heap     ] GC(1205) Eden regions: 141->0(137)
[567.467s][info][gc,heap     ] GC(1205) Survivor regions: 12->16(20)
[567.467s][info][gc,heap     ] GC(1205) Old regions: 43->48
[567.467s][info][gc,heap     ] GC(1205) Humongous regions: 3->3
[567.467s][info][gc,metaspace] GC(1205) Metaspace: 43154K(43520K)->43154K(43520K) NonClass: 40346K(40576K)->40346K(40576K) Class: 2808K(2944K)->2808K(2944K)
[567.467s][info][gc          ] GC(1205) Pause Young (Concurrent Start) (G1 Evacuation Pause) 198M->67M(256M) 22.466ms
[567.467s][info][gc,cpu      ] GC(1205) User=0.05s Sys=0.00s Real=0.02s
[567.467s][info][gc          ] GC(1206) Concurrent Mark Cycle
[567.467s][info][gc,marking  ] GC(1206) Concurrent Scan Root Regions
[567.489s][info][gc,marking  ] GC(1206) Concurrent Scan Root Regions 21.654ms
[567.489s][info][gc,marking  ] GC(1206) Concurrent Mark
[567.489s][info][gc,marking  ] GC(1206) Concurrent Mark From Roots
[567.489s][info][gc,task     ] GC(1206) Using 1 workers of 1 for marking
[567.583s][info][gc,marking  ] GC(1206) Concurrent Mark From Roots 93.964ms
[567.583s][info][gc,marking  ] GC(1206) Concurrent Preclean
[567.583s][info][gc,marking  ] GC(1206) Concurrent Preclean 0.041ms
[567.583s][info][gc,start    ] GC(1206) Pause Remark
[567.596s][info][gc          ] GC(1206) Pause Remark 91M->91M(256M) 13.394ms
[567.597s][info][gc,cpu      ] GC(1206) User=0.02s Sys=0.00s Real=0.01s
[567.597s][info][gc,marking  ] GC(1206) Concurrent Mark 107.888ms
[567.597s][info][gc,marking  ] GC(1206) Concurrent Rebuild Remembered Sets and Scrub Regions
[567.624s][info][gc,marking  ] GC(1206) Concurrent Rebuild Remembered Sets and Scrub Regions 27.268ms
[567.624s][info][gc,start    ] GC(1206) Pause Cleanup
[567.624s][info][gc          ] GC(1206) Pause Cleanup 99M->99M(256M) 0.057ms
[567.624s][info][gc,cpu      ] GC(1206) User=0.00s Sys=0.00s Real=0.00s
[567.624s][info][gc,marking  ] GC(1206) Concurrent Clear Claimed Marks
[567.624s][info][gc,marking  ] GC(1206) Concurrent Clear Claimed Marks 0.038ms
[567.624s][info][gc,marking  ] GC(1206) Concurrent Cleanup for Next Mark
[567.625s][info][gc,marking  ] GC(1206) Concurrent Cleanup for Next Mark 0.765ms
[567.625s][info][gc          ] GC(1206) Concurrent Mark Cycle 157.962ms
[567.984s][info][gc,start    ] GC(1207) Pause Young (Prepare Mixed) (G1 Evacuation Pause)
[567.984s][info][gc,task     ] GC(1207) Using 2 workers of 2 for evacuation
[568.004s][info][gc,phases   ] GC(1207)   Pre Evacuate Collection Set: 0.23ms
[568.004s][info][gc,phases   ] GC(1207)   Merge Heap Roots: 0.10ms
[568.004s][info][gc,phases   ] GC(1207)   Evacuate Collection Set: 19.64ms
[568.004s][info][gc,phases   ] GC(1207)   Post Evacuate Collection Set: 0.43ms
[568.005s][info][gc,phases   ] GC(1207)   Other: 0.10ms
[568.005s][info][gc,heap     ] GC(1207) Eden regions: 137->0(146)
[568.005s][info][gc,heap     ] GC(1207) Survivor regions: 16->7(20)
[568.005s][info][gc,heap     ] GC(1207) Old regions: 48->63
[568.005s][info][gc,heap     ] GC(1207) Humongous regions: 17->3
[568.005s][info][gc,metaspace] GC(1207) Metaspace: 43174K(43520K)->43174K(43520K) NonClass: 40366K(40576K)->40366K(40576K) Class: 2808K(2944K)->2808K(2944K)
[568.005s][info][gc          ] GC(1207) Pause Young (Prepare Mixed) (G1 Evacuation Pause) 218M->73M(256M) 20.681ms
[568.005s][info][gc,cpu      ] GC(1207) User=0.04s Sys=0.00s Real=0.02s
[568.470s][info][gc,start    ] GC(1208) Pause Young (Mixed) (G1 Evacuation Pause)
[568.470s][info][gc,task     ] GC(1208) Using 2 workers of 2 for evacuation
[568.486s][info][gc,phases   ] GC(1208)   Pre Evacuate Collection Set: 0.15ms
[568.486s][info][gc,phases   ] GC(1208)   Merge Heap Roots: 0.14ms
[568.486s][info][gc,phases   ] GC(1208)   Evacuate Collection Set: 15.33ms
[568.486s][info][gc,phases   ] GC(1208)   Post Evacuate Collection Set: 0.47ms
[568.486s][info][gc,phases   ] GC(1208)   Other: 0.09ms
[568.486s][info][gc,heap     ] GC(1208) Eden regions: 146->0(141)
[568.486s][info][gc,heap     ] GC(1208) Survivor regions: 7->12(20)
[568.486s][info][gc,heap     ] GC(1208) Old regions: 63->61
[568.486s][info][gc,heap     ] GC(1208) Humongous regions: 13->3
[568.486s][info][gc,metaspace] GC(1208) Metaspace: 43174K(43520K)->43174K(43520K) NonClass: 40366K(40576K)->40366K(40576K) Class: 2808K(2944K)->2808K(2944K)
[568.486s][info][gc          ] GC(1208) Pause Young (Mixed) (G1 Evacuation Pause) 229M->75M(256M) 16.363ms
[568.486s][info][gc,cpu      ] GC(1208) User=0.03s Sys=0.00s Real=0.02s
[568.597s][info][gc,start    ] GC(1209) Pause Young (Concurrent Start) (G1 Humongous Allocation)
[568.597s][info][gc,task     ] GC(1209) Using 2 workers of 2 for evacuation
[568.604s][info][gc,phases   ] GC(1209)   Pre Evacuate Collection Set: 0.19ms
[568.604s][info][gc,phases   ] GC(1209)   Merge Heap Roots: 0.10ms
[568.604s][info][gc,phases   ] GC(1209)   Evacuate Collection Set: 5.75ms
[568.604s][info][gc,phases   ] GC(1209)   Post Evacuate Collection Set: 0.30ms
[568.604s][info][gc,phases   ] GC(1209)   Other: 0.10ms
[568.604s][info][gc,heap     ] GC(1209) Eden regions: 28->0(151)
[568.604s][info][gc,heap     ] GC(1209) Survivor regions: 12->2(20)
[568.604s][info][gc,heap     ] GC(1209) Old regions: 61->65
[568.604s][info][gc,heap     ] GC(1209) Humongous regions: 3->1
[568.604s][info][gc,metaspace] GC(1209) Metaspace: 43174K(43520K)->43174K(43520K) NonClass: 40366K(40576K)->40366K(40576K) Class: 2808K(2944K)->2808K(2944K)
[568.604s][info][gc          ] GC(1209) Pause Young (Concurrent Start) (G1 Humongous Allocation) 103M->66M(256M) 6.609ms
[568.604s][info][gc,cpu      ] GC(1209) User=0.01s Sys=0.01s Real=0.01s
[568.604s][info][gc          ] GC(1210) Concurrent Mark Cycle
[568.604s][info][gc,marking  ] GC(1210) Concurrent Scan Root Regions
[568.613s][info][gc,marking  ] GC(1210) Concurrent Scan Root Regions 8.665ms
[568.613s][info][gc,marking  ] GC(1210) Concurrent Mark
[568.613s][info][gc,marking  ] GC(1210) Concurrent Mark From Roots
[568.613s][info][gc,task     ] GC(1210) Using 1 workers of 1 for marking
[568.683s][info][gc,marking  ] GC(1210) Concurrent Mark From Roots 70.362ms
[568.683s][info][gc,marking  ] GC(1210) Concurrent Preclean
[568.683s][info][gc,marking  ] GC(1210) Concurrent Preclean 0.038ms
[568.683s][info][gc,start    ] GC(1210) Pause Remark
[568.697s][info][gc          ] GC(1210) Pause Remark 78M->78M(256M) 13.268ms
[568.697s][info][gc,cpu      ] GC(1210) User=0.02s Sys=0.00s Real=0.01s
[568.697s][info][gc,marking  ] GC(1210) Concurrent Mark 83.856ms
[568.697s][info][gc,marking  ] GC(1210) Concurrent Rebuild Remembered Sets and Scrub Regions
[568.726s][info][gc,marking  ] GC(1210) Concurrent Rebuild Remembered Sets and Scrub Regions 29.561ms
[568.726s][info][gc,start    ] GC(1210) Pause Cleanup
[568.726s][info][gc          ] GC(1210) Pause Cleanup 78M->78M(256M) 0.031ms
[568.726s][info][gc,cpu      ] GC(1210) User=0.00s Sys=0.00s Real=0.00s
[568.726s][info][gc,marking  ] GC(1210) Concurrent Clear Claimed Marks
[568.726s][info][gc,marking  ] GC(1210) Concurrent Clear Claimed Marks 0.032ms
[568.726s][info][gc,marking  ] GC(1210) Concurrent Cleanup for Next Mark
[568.727s][info][gc,marking  ] GC(1210) Concurrent Cleanup for Next Mark 0.780ms
[568.727s][info][gc          ] GC(1210) Concurrent Mark Cycle 123.082ms
[569.255s][info][gc,start    ] GC(1211) Pause Young (Prepare Mixed) (G1 Evacuation Pause)
[569.255s][info][gc,task     ] GC(1211) Using 2 workers of 2 for evacuation
[569.263s][info][gc,phases   ] GC(1211)   Pre Evacuate Collection Set: 0.15ms
[569.263s][info][gc,phases   ] GC(1211)   Merge Heap Roots: 0.06ms
[569.263s][info][gc,phases   ] GC(1211)   Evacuate Collection Set: 6.48ms
[569.263s][info][gc,phases   ] GC(1211)   Post Evacuate Collection Set: 0.49ms
[569.263s][info][gc,phases   ] GC(1211)   Other: 0.09ms
[569.263s][info][gc,heap     ] GC(1211) Eden regions: 151->0(144)
[569.263s][info][gc,heap     ] GC(1211) Survivor regions: 2->9(20)
[569.263s][info][gc,heap     ] GC(1211) Old regions: 65->65
[569.263s][info][gc,heap     ] GC(1211) Humongous regions: 15->3
[569.263s][info][gc,metaspace] GC(1211) Metaspace: 43174K(43520K)->43174K(43520K) NonClass: 40366K(40576K)->40366K(40576K) Class: 2808K(2944K)->2808K(2944K)
[569.263s][info][gc          ] GC(1211) Pause Young (Prepare Mixed) (G1 Evacuation Pause) 231M->76M(256M) 7.432ms
[569.263s][info][gc,cpu      ] GC(1211) User=0.01s Sys=0.00s Real=0.01s
[569.747s][info][gc,start    ] GC(1212) Pause Young (Mixed) (G1 Evacuation Pause)
[569.747s][info][gc,task     ] GC(1212) Using 2 workers of 2 for evacuation
[569.770s][info][gc,phases   ] GC(1212)   Pre Evacuate Collection Set: 0.15ms
[569.770s][info][gc,phases   ] GC(1212)   Merge Heap Roots: 0.07ms
[569.770s][info][gc,phases   ] GC(1212)   Evacuate Collection Set: 22.42ms
[569.770s][info][gc,phases   ] GC(1212)   Post Evacuate Collection Set: 0.43ms
[569.770s][info][gc,phases   ] GC(1212)   Other: 0.07ms
[569.770s][info][gc,heap     ] GC(1212) Eden regions: 144->0(132)
[569.770s][info][gc,heap     ] GC(1212) Survivor regions: 9->20(20)
[569.770s][info][gc,heap     ] GC(1212) Old regions: 65->66
[569.770s][info][gc,heap     ] GC(1212) Humongous regions: 3->3
[569.770s][info][gc,metaspace] GC(1212) Metaspace: 43174K(43520K)->43174K(43520K) NonClass: 40366K(40576K)->40366K(40576K) Class: 2808K(2944K)->2808K(2944K)
[569.770s][info][gc          ] GC(1212) Pause Young (Mixed) (G1 Evacuation Pause) 220M->88M(256M) 23.328ms
[569.770s][info][gc,cpu      ] GC(1212) User=0.05s Sys=0.00s Real=0.02s
[570.307s][info][gc,start    ] GC(1213) Pause Young (Concurrent Start) (G1 Evacuation Pause)
[570.307s][info][gc,task     ] GC(1213) Using 2 workers of 2 for evacuation
[570.340s][info][gc,phases   ] GC(1213)   Pre Evacuate Collection Set: 0.21ms
[570.340s][info][gc,phases   ] GC(1213)   Merge Heap Roots: 0.16ms
[570.340s][info][gc,phases   ] GC(1213)   Evacuate Collection Set: 31.57ms
[570.340s][info][gc,phases   ] GC(1213)   Post Evacuate Collection Set: 0.67ms
[570.340s][info][gc,phases   ] GC(1213)   Other: 0.14ms
[570.340s][info][gc,heap     ] GC(1213) Eden regions: 132->0(137)
[570.340s][info][gc,heap     ] GC(1213) Survivor regions: 20->19(19)
[570.340s][info][gc,heap     ] GC(1213) Old regions: 66->78
[570.340s][info][gc,heap     ] GC(1213) Humongous regions: 3->3
[570.340s][info][gc,metaspace] GC(1213) Metaspace: 43175K(43520K)->43175K(43520K) NonClass: 40367K(40576K)->40367K(40576K) Class: 2808K(2944K)->2808K(2944K)
[570.340s][info][gc          ] GC(1213) Pause Young (Concurrent Start) (G1 Evacuation Pause) 220M->100M(285M) 32.920ms
[570.340s][info][gc,cpu      ] GC(1213) User=0.06s Sys=0.00s Real=0.03s
[570.340s][info][gc          ] GC(1214) Concurrent Mark Cycle
[570.340s][info][gc,marking  ] GC(1214) Concurrent Scan Root Regions
[570.364s][info][gc,marking  ] GC(1214) Concurrent Scan Root Regions 23.776ms
[570.364s][info][gc,marking  ] GC(1214) Concurrent Mark
[570.364s][info][gc,marking  ] GC(1214) Concurrent Mark From Roots
[570.364s][info][gc,task     ] GC(1214) Using 1 workers of 1 for marking
[570.417s][info][gc,marking  ] GC(1214) Concurrent Mark From Roots 53.667ms
[570.417s][info][gc,marking  ] GC(1214) Concurrent Preclean
[570.417s][info][gc,marking  ] GC(1214) Concurrent Preclean 0.042ms
[570.418s][info][gc,start    ] GC(1214) Pause Remark
[570.431s][info][gc          ] GC(1214) Pause Remark 113M->106M(285M) 13.272ms
[570.431s][info][gc,cpu      ] GC(1214) User=0.02s Sys=0.00s Real=0.01s
[570.433s][info][gc,marking  ] GC(1214) Concurrent Mark 69.352ms
[570.433s][info][gc,marking  ] GC(1214) Concurrent Rebuild Remembered Sets and Scrub Regions
[570.463s][info][gc,marking  ] GC(1214) Concurrent Rebuild Remembered Sets and Scrub Regions 30.049ms
[570.463s][info][gc,start    ] GC(1214) Pause Cleanup
[570.463s][info][gc          ] GC(1214) Pause Cleanup 110M->110M(285M) 0.046ms
[570.463s][info][gc,cpu      ] GC(1214) User=0.00s Sys=0.00s Real=0.00s
[570.463s][info][gc,marking  ] GC(1214) Concurrent Clear Claimed Marks
[570.463s][info][gc,marking  ] GC(1214) Concurrent Clear Claimed Marks 0.036ms
[570.463s][info][gc,marking  ] GC(1214) Concurrent Cleanup for Next Mark
[570.465s][info][gc,marking  ] GC(1214) Concurrent Cleanup for Next Mark 1.178ms
[570.465s][info][gc          ] GC(1214) Concurrent Mark Cycle 124.811ms
[570.966s][info][gc,start    ] GC(1215) Pause Young (Prepare Mixed) (G1 Evacuation Pause)
[570.966s][info][gc,task     ] GC(1215) Using 2 workers of 2 for evacuation
[570.999s][info][gc,phases   ] GC(1215)   Pre Evacuate Collection Set: 0.16ms
[570.999s][info][gc,phases   ] GC(1215)   Merge Heap Roots: 0.20ms
[570.999s][info][gc,phases   ] GC(1215)   Evacuate Collection Set: 32.51ms
[570.999s][info][gc,phases   ] GC(1215)   Post Evacuate Collection Set: 0.47ms
[570.999s][info][gc,phases   ] GC(1215)   Other: 0.07ms
[570.999s][info][gc,heap     ] GC(1215) Eden regions: 137->0(128)
[570.999s][info][gc,heap     ] GC(1215) Survivor regions: 19->17(20)
[570.999s][info][gc,heap     ] GC(1215) Old regions: 71->91
[570.999s][info][gc,heap     ] GC(1215) Humongous regions: 7->3
[570.999s][info][gc,metaspace] GC(1215) Metaspace: 43175K(43520K)->43175K(43520K) NonClass: 40367K(40576K)->40367K(40576K) Class: 2808K(2944K)->2808K(2944K)
[570.999s][info][gc          ] GC(1215) Pause Young (Prepare Mixed) (G1 Evacuation Pause) 234M->110M(285M) 33.598ms
[570.999s][info][gc,cpu      ] GC(1215) User=0.06s Sys=0.00s Real=0.03s
[571.426s][info][gc,start    ] GC(1216) Pause Young (Mixed) (G1 Evacuation Pause)
[571.426s][info][gc,task     ] GC(1216) Using 2 workers of 2 for evacuation
[571.438s][info][gc,phases   ] GC(1216)   Pre Evacuate Collection Set: 0.20ms
[571.438s][info][gc,phases   ] GC(1216)   Merge Heap Roots: 0.11ms
[571.438s][info][gc,phases   ] GC(1216)   Evacuate Collection Set: 11.26ms
[571.438s][info][gc,phases   ] GC(1216)   Post Evacuate Collection Set: 0.39ms
[571.438s][info][gc,phases   ] GC(1216)   Other: 0.09ms
[571.438s][info][gc,heap     ] GC(1216) Eden regions: 128->0(142)
[571.438s][info][gc,heap     ] GC(1216) Survivor regions: 17->7(19)
[571.438s][info][gc,heap     ] GC(1216) Old regions: 91->88
[571.438s][info][gc,heap     ] GC(1216) Humongous regions: 11->3
[571.438s][info][gc,metaspace] GC(1216) Metaspace: 43175K(43520K)->43175K(43520K) NonClass: 40367K(40576K)->40367K(40576K) Class: 2808K(2944K)->2808K(2944K)
[571.438s][info][gc          ] GC(1216) Pause Young (Mixed) (G1 Evacuation Pause) 246M->97M(285M) 12.208ms
[571.438s][info][gc,cpu      ] GC(1216) User=0.02s Sys=0.00s Real=0.01s
[571.519s][info][gc,start    ] GC(1217) Pause Young (Concurrent Start) (G1 Humongous Allocation)
[571.519s][info][gc,task     ] GC(1217) Using 2 workers of 2 for evacuation
[571.521s][info][gc,phases   ] GC(1217)   Pre Evacuate Collection Set: 0.17ms
[571.521s][info][gc,phases   ] GC(1217)   Merge Heap Roots: 0.04ms
[571.521s][info][gc,phases   ] GC(1217)   Evacuate Collection Set: 1.34ms
[571.521s][info][gc,phases   ] GC(1217)   Post Evacuate Collection Set: 0.26ms
[571.521s][info][gc,phases   ] GC(1217)   Other: 0.07ms
[571.521s][info][gc,heap     ] GC(1217) Eden regions: 21->0(153)
[571.521s][info][gc,heap     ] GC(1217) Survivor regions: 7->2(19)
[571.521s][info][gc,heap     ] GC(1217) Old regions: 88->88
[571.521s][info][gc,heap     ] GC(1217) Humongous regions: 3->1
[571.521s][info][gc,metaspace] GC(1217) Metaspace: 43175K(43520K)->43175K(43520K) NonClass: 40367K(40576K)->40367K(40576K) Class: 2808K(2944K)->2808K(2944K)
[571.521s][info][gc          ] GC(1217) Pause Young (Concurrent Start) (G1 Humongous Allocation) 118M->90M(285M) 2.029ms
[571.521s][info][gc,cpu      ] GC(1217) User=0.00s Sys=0.01s Real=0.00s
[571.521s][info][gc          ] GC(1218) Concurrent Mark Cycle
[571.521s][info][gc,marking  ] GC(1218) Concurrent Scan Root Regions
[571.523s][info][gc,marking  ] GC(1218) Concurrent Scan Root Regions 2.616ms
[571.523s][info][gc,marking  ] GC(1218) Concurrent Mark
[571.523s][info][gc,marking  ] GC(1218) Concurrent Mark From Roots
[571.523s][info][gc,task     ] GC(1218) Using 1 workers of 1 for marking
[571.580s][info][gc,marking  ] GC(1218) Concurrent Mark From Roots 56.146ms
[571.580s][info][gc,marking  ] GC(1218) Concurrent Preclean
[571.580s][info][gc,marking  ] GC(1218) Concurrent Preclean 0.038ms
[571.580s][info][gc,start    ] GC(1218) Pause Remark
[571.593s][info][gc          ] GC(1218) Pause Remark 111M->102M(280M) 13.198ms
[571.593s][info][gc,cpu      ] GC(1218) User=0.03s Sys=0.00s Real=0.02s
[571.593s][info][gc,marking  ] GC(1218) Concurrent Mark 69.643ms
[571.593s][info][gc,marking  ] GC(1218) Concurrent Rebuild Remembered Sets and Scrub Regions
[571.614s][info][gc,marking  ] GC(1218) Concurrent Rebuild Remembered Sets and Scrub Regions 20.622ms
[571.614s][info][gc,start    ] GC(1218) Pause Cleanup
[571.614s][info][gc          ] GC(1218) Pause Cleanup 107M->107M(280M) 0.053ms
[571.614s][info][gc,cpu      ] GC(1218) User=0.00s Sys=0.00s Real=0.00s
[571.614s][info][gc,marking  ] GC(1218) Concurrent Clear Claimed Marks
[571.614s][info][gc,marking  ] GC(1218) Concurrent Clear Claimed Marks 0.037ms
[571.614s][info][gc,marking  ] GC(1218) Concurrent Cleanup for Next Mark
[571.615s][info][gc,marking  ] GC(1218) Concurrent Cleanup for Next Mark 0.800ms
[571.615s][info][gc          ] GC(1218) Concurrent Mark Cycle 94.064ms
[572.085s][info][gc,start    ] GC(1219) Pause Young (Prepare Mixed) (G1 Evacuation Pause)
[572.085s][info][gc,task     ] GC(1219) Using 2 workers of 2 for evacuation
[572.101s][info][gc,phases   ] GC(1219)   Pre Evacuate Collection Set: 0.23ms
[572.101s][info][gc,phases   ] GC(1219)   Merge Heap Roots: 0.07ms
[572.101s][info][gc,phases   ] GC(1219)   Evacuate Collection Set: 15.09ms
[572.101s][info][gc,phases   ] GC(1219)   Post Evacuate Collection Set: 0.45ms
[572.101s][info][gc,phases   ] GC(1219)   Other: 0.09ms
[572.101s][info][gc,heap     ] GC(1219) Eden regions: 153->0(144)
[572.101s][info][gc,heap     ] GC(1219) Survivor regions: 2->14(20)
[572.101s][info][gc,heap     ] GC(1219) Old regions: 79->79
[572.101s][info][gc,heap     ] GC(1219) Humongous regions: 5->3
[572.101s][info][gc,metaspace] GC(1219) Metaspace: 43175K(43520K)->43175K(43520K) NonClass: 40367K(40576K)->40367K(40576K) Class: 2808K(2944K)->2808K(2944K)
[572.101s][info][gc          ] GC(1219) Pause Young (Prepare Mixed) (G1 Evacuation Pause) 238M->95M(280M) 16.111ms
[572.101s][info][gc,cpu      ] GC(1219) User=0.03s Sys=0.00s Real=0.01s
[572.582s][info][gc,start    ] GC(1220) Pause Young (Mixed) (G1 Evacuation Pause)
[572.582s][info][gc,task     ] GC(1220) Using 2 workers of 2 for evacuation
[572.588s][info][gc,phases   ] GC(1220)   Pre Evacuate Collection Set: 0.21ms
[572.588s][info][gc,phases   ] GC(1220)   Merge Heap Roots: 0.07ms
[572.588s][info][gc,phases   ] GC(1220)   Evacuate Collection Set: 5.22ms
[572.588s][info][gc,phases   ] GC(1220)   Post Evacuate Collection Set: 0.40ms
[572.588s][info][gc,phases   ] GC(1220)   Other: 0.07ms
[572.588s][info][gc,heap     ] GC(1220) Eden regions: 144->0(164)
[572.588s][info][gc,heap     ] GC(1220) Survivor regions: 14->4(20)
[572.588s][info][gc,heap     ] GC(1220) Old regions: 79->54
[572.588s][info][gc,heap     ] GC(1220) Humongous regions: 11->3
[572.588s][info][gc,metaspace] GC(1220) Metaspace: 43175K(43520K)->43175K(43520K) NonClass: 40367K(40576K)->40367K(40576K) Class: 2808K(2944K)->2808K(2944K)
[572.588s][info][gc          ] GC(1220) Pause Young (Mixed) (G1 Evacuation Pause) 247M->60M(280M) 6.141ms
[572.588s][info][gc,cpu      ] GC(1220) User=0.01s Sys=0.00s Real=0.01s
[573.129s][info][gc,start    ] GC(1221) Pause Young (Mixed) (G1 Evacuation Pause)
[573.129s][info][gc,task     ] GC(1221) Using 2 workers of 2 for evacuation
[573.132s][info][gc,phases   ] GC(1221)   Pre Evacuate Collection Set: 0.18ms
[573.132s][info][gc,phases   ] GC(1221)   Merge Heap Roots: 0.06ms
[573.132s][info][gc,phases   ] GC(1221)   Evacuate Collection Set: 2.89ms
[573.132s][info][gc,phases   ] GC(1221)   Post Evacuate Collection Set: 0.41ms
[573.132s][info][gc,phases   ] GC(1221)   Other: 0.08ms
[573.132s][info][gc,heap     ] GC(1221) Eden regions: 164->0(166)
[573.132s][info][gc,heap     ] GC(1221) Survivor regions: 4->2(21)
[573.132s][info][gc,heap     ] GC(1221) Old regions: 54->52
[573.132s][info][gc,heap     ] GC(1221) Humongous regions: 7->3
[573.132s][info][gc,metaspace] GC(1221) Metaspace: 43175K(43520K)->43175K(43520K) NonClass: 40367K(40576K)->40367K(40576K) Class: 2808K(2944K)->2808K(2944K)
[573.132s][info][gc          ] GC(1221) Pause Young (Mixed) (G1 Evacuation Pause) 228M->56M(280M) 3.772ms
[573.132s][info][gc,cpu      ] GC(1221) User=0.00s Sys=0.00s Real=0.01s
[573.470s][info][gc,start    ] GC(1222) Pause Young (Concurrent Start) (G1 Humongous Allocation)
[573.470s][info][gc,task     ] GC(1222) Using 2 workers of 2 for evacuation
[573.473s][info][gc,phases   ] GC(1222)   Pre Evacuate Collection Set: 0.17ms
[573.473s][info][gc,phases   ] GC(1222)   Merge Heap Roots: 0.05ms
[573.473s][info][gc,phases   ] GC(1222)   Evacuate Collection Set: 2.34ms
[573.473s][info][gc,phases   ] GC(1222)   Post Evacuate Collection Set: 0.34ms
[573.473s][info][gc,phases   ] GC(1222)   Other: 0.07ms
[573.473s][info][gc,heap     ] GC(1222) Eden regions: 91->0(165)
[573.473s][info][gc,heap     ] GC(1222) Survivor regions: 2->3(21)
[573.473s][info][gc,heap     ] GC(1222) Old regions: 52->52
[573.473s][info][gc,heap     ] GC(1222) Humongous regions: 3->1
[573.473s][info][gc,metaspace] GC(1222) Metaspace: 43175K(43520K)->43175K(43520K) NonClass: 40367K(40576K)->40367K(40576K) Class: 2808K(2944K)->2808K(2944K)
[573.473s][info][gc          ] GC(1222) Pause Young (Concurrent Start) (G1 Humongous Allocation) 147M->54M(280M) 3.134ms
[573.473s][info][gc,cpu      ] GC(1222) User=0.00s Sys=0.00s Real=0.01s
[573.473s][info][gc          ] GC(1223) Concurrent Mark Cycle
[573.473s][info][gc,marking  ] GC(1223) Concurrent Scan Root Regions
[573.476s][info][gc,marking  ] GC(1223) Concurrent Scan Root Regions 2.663ms
[573.476s][info][gc,marking  ] GC(1223) Concurrent Mark
[573.476s][info][gc,marking  ] GC(1223) Concurrent Mark From Roots
[573.476s][info][gc,task     ] GC(1223) Using 1 workers of 1 for marking
[573.537s][info][gc,marking  ] GC(1223) Concurrent Mark From Roots 61.389ms
[573.537s][info][gc,marking  ] GC(1223) Concurrent Preclean
[573.537s][info][gc,marking  ] GC(1223) Concurrent Preclean 0.037ms
[573.537s][info][gc,start    ] GC(1223) Pause Remark
[573.551s][info][gc          ] GC(1223) Pause Remark 74M->74M(256M) 13.450ms
[573.551s][info][gc,cpu      ] GC(1223) User=0.03s Sys=0.00s Real=0.01s
[573.551s][info][gc,marking  ] GC(1223) Concurrent Mark 75.155ms
[573.551s][info][gc,marking  ] GC(1223) Concurrent Rebuild Remembered Sets and Scrub Regions
[573.573s][info][gc,marking  ] GC(1223) Concurrent Rebuild Remembered Sets and Scrub Regions 22.380ms
[573.574s][info][gc,start    ] GC(1223) Pause Cleanup
[573.574s][info][gc          ] GC(1223) Pause Cleanup 78M->78M(256M) 0.044ms
[573.574s][info][gc,cpu      ] GC(1223) User=0.00s Sys=0.00s Real=0.00s
[573.574s][info][gc,marking  ] GC(1223) Concurrent Clear Claimed Marks
[573.574s][info][gc,marking  ] GC(1223) Concurrent Clear Claimed Marks 0.035ms
[573.574s][info][gc,marking  ] GC(1223) Concurrent Cleanup for Next Mark
[573.574s][info][gc,marking  ] GC(1223) Concurrent Cleanup for Next Mark 0.764ms
[573.574s][info][gc          ] GC(1223) Concurrent Mark Cycle 101.321ms
[573.964s][info][gc,start    ] GC(1224) Pause Young (Prepare Mixed) (G1 Evacuation Pause)
[573.964s][info][gc,task     ] GC(1224) Using 2 workers of 2 for evacuation
[573.985s][info][gc,phases   ] GC(1224)   Pre Evacuate Collection Set: 0.14ms
[573.985s][info][gc,phases   ] GC(1224)   Merge Heap Roots: 0.07ms
[573.985s][info][gc,phases   ] GC(1224)   Evacuate Collection Set: 20.24ms
[573.985s][info][gc,phases   ] GC(1224)   Post Evacuate Collection Set: 0.47ms
[573.985s][info][gc,phases   ] GC(1224)   Other: 0.06ms
[573.985s][info][gc,heap     ] GC(1224) Eden regions: 150->0(133)
[573.985s][info][gc,heap     ] GC(1224) Survivor regions: 3->20(20)
[573.985s][info][gc,heap     ] GC(1224) Old regions: 52->59
[573.985s][info][gc,heap     ] GC(1224) Humongous regions: 7->3
[573.985s][info][gc,metaspace] GC(1224) Metaspace: 43175K(43520K)->43175K(43520K) NonClass: 40367K(40576K)->40367K(40576K) Class: 2808K(2944K)->2808K(2944K)
[573.985s][info][gc          ] GC(1224) Pause Young (Prepare Mixed) (G1 Evacuation Pause) 210M->81M(256M) 21.190ms
[573.985s][info][gc,cpu      ] GC(1224) User=0.05s Sys=0.00s Real=0.02s
[574.409s][info][gc,start    ] GC(1225) Pause Young (Mixed) (G1 Evacuation Pause)
[574.409s][info][gc,task     ] GC(1225) Using 2 workers of 2 for evacuation
[574.462s][info][gc,phases   ] GC(1225)   Pre Evacuate Collection Set: 0.16ms
[574.462s][info][gc,phases   ] GC(1225)   Merge Heap Roots: 0.14ms
[574.462s][info][gc,phases   ] GC(1225)   Evacuate Collection Set: 52.12ms
[574.462s][info][gc,phases   ] GC(1225)   Post Evacuate Collection Set: 0.51ms
[574.462s][info][gc,phases   ] GC(1225)   Other: 0.07ms
[574.462s][info][gc,heap     ] GC(1225) Eden regions: 133->0(106)
[574.462s][info][gc,heap     ] GC(1225) Survivor regions: 20->20(20)
[574.462s][info][gc,heap     ] GC(1225) Old regions: 59->82
[574.463s][info][gc,heap     ] GC(1225) Humongous regions: 3->3
[574.463s][info][gc,metaspace] GC(1225) Metaspace: 43175K(43520K)->43175K(43520K) NonClass: 40367K(40576K)->40367K(40576K) Class: 2808K(2944K)->2808K(2944K)
[574.463s][info][gc          ] GC(1225) Pause Young (Mixed) (G1 Evacuation Pause) 214M->104M(263M) 53.195ms
[574.463s][info][gc,cpu      ] GC(1225) User=0.10s Sys=0.01s Real=0.06s
[574.923s][info][gc,start    ] GC(1226) Pause Young (Concurrent Start) (G1 Evacuation Pause)
[574.923s][info][gc,task     ] GC(1226) Using 2 workers of 2 for evacuation
[574.984s][info][gc,phases   ] GC(1226)   Pre Evacuate Collection Set: 0.20ms
[574.984s][info][gc,phases   ] GC(1226)   Merge Heap Roots: 0.40ms
[574.984s][info][gc,phases   ] GC(1226)   Evacuate Collection Set: 59.86ms
[574.984s][info][gc,phases   ] GC(1226)   Post Evacuate Collection Set: 0.46ms
[574.984s][info][gc,phases   ] GC(1226)   Other: 0.13ms
[574.984s][info][gc,heap     ] GC(1226) Eden regions: 106->0(80)
[574.984s][info][gc,heap     ] GC(1226) Survivor regions: 20->16(16)
[574.984s][info][gc,heap     ] GC(1226) Old regions: 82->117
[574.984s][info][gc,heap     ] GC(1226) Humongous regions: 3->3
[574.984s][info][gc,metaspace] GC(1226) Metaspace: 43175K(43520K)->43175K(43520K) NonClass: 40367K(40576K)->40367K(40576K) Class: 2808K(2944K)->2808K(2944K)
[574.984s][info][gc          ] GC(1226) Pause Young (Concurrent Start) (G1 Evacuation Pause) 210M->135M(263M) 61.242ms
[574.984s][info][gc,cpu      ] GC(1226) User=0.12s Sys=0.00s Real=0.06s
[574.984s][info][gc          ] GC(1227) Concurrent Mark Cycle
[574.985s][info][gc,marking  ] GC(1227) Concurrent Scan Root Regions
[575.032s][info][gc,marking  ] GC(1227) Concurrent Scan Root Regions 46.323ms
[575.032s][info][gc,marking  ] GC(1227) Concurrent Mark
[575.032s][info][gc,marking  ] GC(1227) Concurrent Mark From Roots
[575.032s][info][gc,task     ] GC(1227) Using 1 workers of 1 for marking
[575.130s][info][gc,marking  ] GC(1227) Concurrent Mark From Roots 98.609ms
[575.130s][info][gc,marking  ] GC(1227) Concurrent Preclean
[575.130s][info][gc,marking  ] GC(1227) Concurrent Preclean 0.046ms
[575.131s][info][gc,start    ] GC(1227) Pause Remark
[575.144s][info][gc          ] GC(1227) Pause Remark 156M->156M(263M) 13.425ms
[575.144s][info][gc,cpu      ] GC(1227) User=0.03s Sys=0.00s Real=0.02s
[575.144s][info][gc,marking  ] GC(1227) Concurrent Mark 112.564ms
[575.144s][info][gc,marking  ] GC(1227) Concurrent Rebuild Remembered Sets and Scrub Regions
[575.234s][info][gc,marking  ] GC(1227) Concurrent Rebuild Remembered Sets and Scrub Regions 89.663ms
[575.234s][info][gc,start    ] GC(1227) Pause Cleanup
[575.234s][info][gc          ] GC(1227) Pause Cleanup 174M->174M(263M) 0.061ms
[575.234s][info][gc,cpu      ] GC(1227) User=0.00s Sys=0.00s Real=0.00s
[575.234s][info][gc,marking  ] GC(1227) Concurrent Clear Claimed Marks
[575.234s][info][gc,marking  ] GC(1227) Concurrent Clear Claimed Marks 0.045ms
[575.234s][info][gc,marking  ] GC(1227) Concurrent Cleanup for Next Mark
[575.237s][info][gc,marking  ] GC(1227) Concurrent Cleanup for Next Mark 2.500ms
[575.237s][info][gc          ] GC(1227) Concurrent Mark Cycle 252.210ms
[575.417s][info][gc,start    ] GC(1228) Pause Young (Prepare Mixed) (G1 Evacuation Pause)
[575.417s][info][gc,task     ] GC(1228) Using 2 workers of 2 for evacuation
[575.462s][info][gc,phases   ] GC(1228)   Pre Evacuate Collection Set: 0.24ms
[575.462s][info][gc,phases   ] GC(1228)   Merge Heap Roots: 0.60ms
[575.462s][info][gc,phases   ] GC(1228)   Evacuate Collection Set: 44.02ms
[575.462s][info][gc,phases   ] GC(1228)   Post Evacuate Collection Set: 0.38ms
[575.462s][info][gc,phases   ] GC(1228)   Other: 0.07ms
[575.462s][info][gc,heap     ] GC(1228) Eden regions: 80->0(63)
[575.462s][info][gc,heap     ] GC(1228) Survivor regions: 16->12(12)
[575.462s][info][gc,heap     ] GC(1228) Old regions: 117->144
[575.462s][info][gc,heap     ] GC(1228) Humongous regions: 3->3
[575.462s][info][gc,metaspace] GC(1228) Metaspace: 43175K(43520K)->43175K(43520K) NonClass: 40367K(40576K)->40367K(40576K) Class: 2808K(2944K)->2808K(2944K)
[575.462s][info][gc          ] GC(1228) Pause Young (Prepare Mixed) (G1 Evacuation Pause) 215M->157M(263M) 45.508ms
[575.462s][info][gc,cpu      ] GC(1228) User=0.09s Sys=0.00s Real=0.05s
[575.762s][info][gc,start    ] GC(1229) Pause Young (Mixed) (G1 Evacuation Pause)
[575.763s][info][gc,task     ] GC(1229) Using 2 workers of 2 for evacuation
[575.799s][info][gc,phases   ] GC(1229)   Pre Evacuate Collection Set: 0.17ms
[575.799s][info][gc,phases   ] GC(1229)   Merge Heap Roots: 0.20ms
[575.799s][info][gc,phases   ] GC(1229)   Evacuate Collection Set: 35.32ms
[575.799s][info][gc,phases   ] GC(1229)   Post Evacuate Collection Set: 0.87ms
[575.799s][info][gc,phases   ] GC(1229)   Other: 0.07ms
[575.799s][info][gc,heap     ] GC(1229) Eden regions: 63->0(91)
[575.799s][info][gc,heap     ] GC(1229) Survivor regions: 12->10(10)
[575.799s][info][gc,heap     ] GC(1229) Old regions: 144->160
[575.799s][info][gc,heap     ] GC(1229) Humongous regions: 3->3
[575.799s][info][gc,metaspace] GC(1229) Metaspace: 43175K(43520K)->43175K(43520K) NonClass: 40367K(40576K)->40367K(40576K) Class: 2808K(2944K)->2808K(2944K)
[575.799s][info][gc          ] GC(1229) Pause Young (Mixed) (G1 Evacuation Pause) 220M->172M(325M) 36.797ms
[575.799s][info][gc,cpu      ] GC(1229) User=0.07s Sys=0.00s Real=0.03s
[575.828s][info][gc,start    ] GC(1230) Pause Young (Concurrent Start) (G1 Humongous Allocation)
[575.828s][info][gc,task     ] GC(1230) Using 2 workers of 2 for evacuation
[575.843s][info][gc,phases   ] GC(1230)   Pre Evacuate Collection Set: 0.18ms
[575.843s][info][gc,phases   ] GC(1230)   Merge Heap Roots: 0.11ms
[575.843s][info][gc,phases   ] GC(1230)   Evacuate Collection Set: 14.30ms
[575.843s][info][gc,phases   ] GC(1230)   Post Evacuate Collection Set: 0.27ms
[575.843s][info][gc,phases   ] GC(1230)   Other: 0.07ms
[575.843s][info][gc,heap     ] GC(1230) Eden regions: 8->0(91)
[575.843s][info][gc,heap     ] GC(1230) Survivor regions: 10->3(13)
[575.843s][info][gc,heap     ] GC(1230) Old regions: 160->170
[575.843s][info][gc,heap     ] GC(1230) Humongous regions: 3->1
[575.844s][info][gc,metaspace] GC(1230) Metaspace: 43175K(43520K)->43175K(43520K) NonClass: 40367K(40576K)->40367K(40576K) Class: 2808K(2944K)->2808K(2944K)
[575.844s][info][gc          ] GC(1230) Pause Young (Concurrent Start) (G1 Humongous Allocation) 180M->173M(325M) 15.095ms
[575.844s][info][gc,cpu      ] GC(1230) User=0.03s Sys=0.00s Real=0.02s
[575.844s][info][gc          ] GC(1231) Concurrent Mark Cycle
[575.844s][info][gc,marking  ] GC(1231) Concurrent Scan Root Regions
[575.864s][info][gc,marking  ] GC(1231) Concurrent Scan Root Regions 20.483ms
[575.864s][info][gc,marking  ] GC(1231) Concurrent Mark
[575.864s][info][gc,marking  ] GC(1231) Concurrent Mark From Roots
[575.864s][info][gc,task     ] GC(1231) Using 1 workers of 1 for marking
[575.990s][info][gc,marking  ] GC(1231) Concurrent Mark From Roots 126.123ms
[575.990s][info][gc,marking  ] GC(1231) Concurrent Preclean
[575.990s][info][gc,marking  ] GC(1231) Concurrent Preclean 0.038ms
[575.990s][info][gc,start    ] GC(1231) Pause Remark
[576.004s][info][gc          ] GC(1231) Pause Remark 216M->216M(325M) 13.129ms
[576.004s][info][gc,cpu      ] GC(1231) User=0.03s Sys=0.00s Real=0.02s
[576.004s][info][gc,marking  ] GC(1231) Concurrent Mark 139.546ms
[576.004s][info][gc,marking  ] GC(1231) Concurrent Rebuild Remembered Sets and Scrub Regions
[576.074s][info][gc,marking  ] GC(1231) Concurrent Rebuild Remembered Sets and Scrub Regions 70.779ms
[576.075s][info][gc,start    ] GC(1231) Pause Cleanup
[576.075s][info][gc          ] GC(1231) Pause Cleanup 230M->230M(325M) 0.078ms
[576.075s][info][gc,cpu      ] GC(1231) User=0.00s Sys=0.00s Real=0.00s
[576.075s][info][gc,marking  ] GC(1231) Concurrent Clear Claimed Marks
[576.075s][info][gc,marking  ] GC(1231) Concurrent Clear Claimed Marks 0.038ms
[576.075s][info][gc,marking  ] GC(1231) Concurrent Cleanup for Next Mark
[576.076s][info][gc,marking  ] GC(1231) Concurrent Cleanup for Next Mark 1.589ms
[576.076s][info][gc          ] GC(1231) Concurrent Mark Cycle 232.809ms
[576.254s][info][gc,start    ] GC(1232) Pause Young (Prepare Mixed) (G1 Evacuation Pause)
[576.254s][info][gc,task     ] GC(1232) Using 2 workers of 2 for evacuation
[576.268s][info][gc,phases   ] GC(1232)   Pre Evacuate Collection Set: 0.19ms
[576.268s][info][gc,phases   ] GC(1232)   Merge Heap Roots: 0.07ms
[576.268s][info][gc,phases   ] GC(1232)   Evacuate Collection Set: 13.58ms
[576.268s][info][gc,phases   ] GC(1232)   Post Evacuate Collection Set: 0.34ms
[576.269s][info][gc,phases   ] GC(1232)   Other: 0.07ms
[576.269s][info][gc,heap     ] GC(1232) Eden regions: 91->0(87)
[576.269s][info][gc,heap     ] GC(1232) Survivor regions: 3->12(12)
[576.269s][info][gc,heap     ] GC(1232) Old regions: 170->172
[576.269s][info][gc,heap     ] GC(1232) Humongous regions: 3->3
[576.269s][info][gc,metaspace] GC(1232) Metaspace: 43175K(43520K)->43175K(43520K) NonClass: 40367K(40576K)->40367K(40576K) Class: 2808K(2944K)->2808K(2944K)
[576.269s][info][gc          ] GC(1232) Pause Young (Prepare Mixed) (G1 Evacuation Pause) 266M->186M(325M) 14.411ms
[576.269s][info][gc,cpu      ] GC(1232) User=0.03s Sys=0.00s Real=0.01s
[576.556s][info][gc,start    ] GC(1233) Pause Young (Mixed) (G1 Evacuation Pause)
[576.556s][info][gc,task     ] GC(1233) Using 2 workers of 2 for evacuation
[576.581s][info][gc,phases   ] GC(1233)   Pre Evacuate Collection Set: 0.19ms
[576.581s][info][gc,phases   ] GC(1233)   Merge Heap Roots: 0.17ms
[576.581s][info][gc,phases   ] GC(1233)   Evacuate Collection Set: 24.34ms
[576.581s][info][gc,phases   ] GC(1233)   Post Evacuate Collection Set: 0.44ms
[576.581s][info][gc,phases   ] GC(1233)   Other: 0.11ms
[576.581s][info][gc,heap     ] GC(1233) Eden regions: 87->0(101)
[576.581s][info][gc,heap     ] GC(1233) Survivor regions: 12->12(13)
[576.581s][info][gc,heap     ] GC(1233) Old regions: 172->151
[576.581s][info][gc,heap     ] GC(1233) Humongous regions: 7->3
[576.581s][info][gc,metaspace] GC(1233) Metaspace: 43175K(43520K)->43175K(43520K) NonClass: 40367K(40576K)->40367K(40576K) Class: 2808K(2944K)->2808K(2944K)
[576.581s][info][gc          ] GC(1233) Pause Young (Mixed) (G1 Evacuation Pause) 277M->165M(325M) 25.422ms
[576.581s][info][gc,cpu      ] GC(1233) User=0.05s Sys=0.00s Real=0.02s
[576.920s][info][gc,start    ] GC(1234) Pause Young (Mixed) (G1 Evacuation Pause)
[576.920s][info][gc,task     ] GC(1234) Using 2 workers of 2 for evacuation
[576.948s][info][gc,phases   ] GC(1234)   Pre Evacuate Collection Set: 0.25ms
[576.948s][info][gc,phases   ] GC(1234)   Merge Heap Roots: 0.45ms
[576.948s][info][gc,phases   ] GC(1234)   Evacuate Collection Set: 26.01ms
[576.948s][info][gc,phases   ] GC(1234)   Post Evacuate Collection Set: 0.45ms
[576.948s][info][gc,phases   ] GC(1234)   Other: 0.09ms
[576.948s][info][gc,heap     ] GC(1234) Eden regions: 101->0(124)
[576.948s][info][gc,heap     ] GC(1234) Survivor regions: 12->4(15)
[576.948s][info][gc,heap     ] GC(1234) Old regions: 151->129
[576.948s][info][gc,heap     ] GC(1234) Humongous regions: 9->1
[576.948s][info][gc,metaspace] GC(1234) Metaspace: 43175K(43520K)->43175K(43520K) NonClass: 40367K(40576K)->40367K(40576K) Class: 2808K(2944K)->2808K(2944K)
[576.948s][info][gc          ] GC(1234) Pause Young (Mixed) (G1 Evacuation Pause) 272M->133M(325M) 27.418ms
[576.948s][info][gc,cpu      ] GC(1234) User=0.04s Sys=0.00s Real=0.03s
[577.278s][info][gc,start    ] GC(1235) Pause Young (Mixed) (G1 Evacuation Pause)
[577.278s][info][gc,task     ] GC(1235) Using 2 workers of 2 for evacuation
[577.321s][info][gc,phases   ] GC(1235)   Pre Evacuate Collection Set: 0.18ms
[577.321s][info][gc,phases   ] GC(1235)   Merge Heap Roots: 0.44ms
[577.322s][info][gc,phases   ] GC(1235)   Evacuate Collection Set: 41.42ms
[577.322s][info][gc,phases   ] GC(1235)   Post Evacuate Collection Set: 0.86ms
[577.322s][info][gc,phases   ] GC(1235)   Other: 0.10ms
[577.322s][info][gc,heap     ] GC(1235) Eden regions: 124->0(131)
[577.322s][info][gc,heap     ] GC(1235) Survivor regions: 4->16(16)
[577.322s][info][gc,heap     ] GC(1235) Old regions: 129->139
[577.322s][info][gc,heap     ] GC(1235) Humongous regions: 4->4
[577.322s][info][gc,metaspace] GC(1235) Metaspace: 43175K(43520K)->43175K(43520K) NonClass: 40367K(40576K)->40367K(40576K) Class: 2808K(2944K)->2808K(2944K)
[577.322s][info][gc          ] GC(1235) Pause Young (Mixed) (G1 Evacuation Pause) 260M->159M(382M) 43.223ms
[577.322s][info][gc,cpu      ] GC(1235) User=0.08s Sys=0.01s Real=0.04s
[577.555s][info][gc,start    ] GC(1236) Pause Young (Concurrent Start) (G1 Humongous Allocation)
[577.555s][info][gc,task     ] GC(1236) Using 2 workers of 2 for evacuation
[577.590s][info][gc,phases   ] GC(1236)   Pre Evacuate Collection Set: 0.24ms
[577.590s][info][gc,phases   ] GC(1236)   Merge Heap Roots: 0.14ms
[577.590s][info][gc,phases   ] GC(1236)   Evacuate Collection Set: 34.10ms
[577.590s][info][gc,phases   ] GC(1236)   Post Evacuate Collection Set: 0.37ms
[577.590s][info][gc,phases   ] GC(1236)   Other: 0.11ms
[577.590s][info][gc,heap     ] GC(1236) Eden regions: 59->0(99)
[577.590s][info][gc,heap     ] GC(1236) Survivor regions: 16->19(19)
[577.590s][info][gc,heap     ] GC(1236) Old regions: 139->167
[577.590s][info][gc,heap     ] GC(1236) Humongous regions: 4->4
[577.590s][info][gc,metaspace] GC(1236) Metaspace: 43175K(43520K)->43175K(43520K) NonClass: 40367K(40576K)->40367K(40576K) Class: 2808K(2944K)->2808K(2944K)
[577.590s][info][gc          ] GC(1236) Pause Young (Concurrent Start) (G1 Humongous Allocation) 217M->189M(382M) 35.167ms
[577.590s][info][gc,cpu      ] GC(1236) User=0.05s Sys=0.01s Real=0.03s
[577.590s][info][gc          ] GC(1237) Concurrent Mark Cycle
[577.590s][info][gc,marking  ] GC(1237) Concurrent Scan Root Regions
[577.609s][info][gc,marking  ] GC(1237) Concurrent Scan Root Regions 18.943ms
[577.609s][info][gc,marking  ] GC(1237) Concurrent Mark
[577.609s][info][gc,marking  ] GC(1237) Concurrent Mark From Roots
[577.609s][info][gc,task     ] GC(1237) Using 1 workers of 1 for marking
[577.696s][info][gc,marking  ] GC(1237) Concurrent Mark From Roots 87.330ms
[577.696s][info][gc,marking  ] GC(1237) Concurrent Preclean
[577.696s][info][gc,marking  ] GC(1237) Concurrent Preclean 0.052ms
[577.696s][info][gc,start    ] GC(1237) Pause Remark
[577.710s][info][gc          ] GC(1237) Pause Remark 220M->202M(382M) 13.831ms
[577.710s][info][gc,cpu      ] GC(1237) User=0.03s Sys=0.00s Real=0.01s
[577.710s][info][gc,marking  ] GC(1237) Concurrent Mark 101.519ms
[577.710s][info][gc,marking  ] GC(1237) Concurrent Rebuild Remembered Sets and Scrub Regions
[577.758s][info][gc,marking  ] GC(1237) Concurrent Rebuild Remembered Sets and Scrub Regions 47.534ms
[577.758s][info][gc,start    ] GC(1237) Pause Cleanup
[577.758s][info][gc          ] GC(1237) Pause Cleanup 215M->215M(382M) 0.060ms
[577.758s][info][gc,cpu      ] GC(1237) User=0.00s Sys=0.00s Real=0.00s
[577.758s][info][gc,marking  ] GC(1237) Concurrent Clear Claimed Marks
[577.758s][info][gc,marking  ] GC(1237) Concurrent Clear Claimed Marks 0.035ms
[577.758s][info][gc,marking  ] GC(1237) Concurrent Cleanup for Next Mark
[577.760s][info][gc,marking  ] GC(1237) Concurrent Cleanup for Next Mark 1.667ms
[577.760s][info][gc          ] GC(1237) Concurrent Mark Cycle 170.106ms
[577.925s][info][gc,start    ] GC(1238) Pause Young (Prepare Mixed) (G1 Evacuation Pause)
[577.925s][info][gc,task     ] GC(1238) Using 2 workers of 2 for evacuation
[577.946s][info][gc,phases   ] GC(1238)   Pre Evacuate Collection Set: 0.18ms
[577.946s][info][gc,phases   ] GC(1238)   Merge Heap Roots: 0.16ms
[577.946s][info][gc,phases   ] GC(1238)   Evacuate Collection Set: 19.74ms
[577.946s][info][gc,phases   ] GC(1238)   Post Evacuate Collection Set: 0.37ms
[577.946s][info][gc,phases   ] GC(1238)   Other: 0.09ms
[577.946s][info][gc,heap     ] GC(1238) Eden regions: 99->0(107)
[577.946s][info][gc,heap     ] GC(1238) Survivor regions: 19->15(15)
[577.946s][info][gc,heap     ] GC(1238) Old regions: 149->164
[577.946s][info][gc,heap     ] GC(1238) Humongous regions: 5->5
[577.946s][info][gc,metaspace] GC(1238) Metaspace: 43175K(43520K)->43175K(43520K) NonClass: 40367K(40576K)->40367K(40576K) Class: 2808K(2944K)->2808K(2944K)
[577.946s][info][gc          ] GC(1238) Pause Young (Prepare Mixed) (G1 Evacuation Pause) 271M->184M(382M) 20.796ms
[577.946s][info][gc,cpu      ] GC(1238) User=0.04s Sys=0.00s Real=0.02s
[578.283s][info][gc,start    ] GC(1239) Pause Young (Mixed) (G1 Evacuation Pause)
[578.283s][info][gc,task     ] GC(1239) Using 2 workers of 2 for evacuation
[578.310s][info][gc,phases   ] GC(1239)   Pre Evacuate Collection Set: 0.24ms
[578.310s][info][gc,phases   ] GC(1239)   Merge Heap Roots: 0.22ms
[578.310s][info][gc,phases   ] GC(1239)   Evacuate Collection Set: 26.59ms
[578.310s][info][gc,phases   ] GC(1239)   Post Evacuate Collection Set: 0.48ms
[578.310s][info][gc,phases   ] GC(1239)   Other: 0.09ms
[578.310s][info][gc,heap     ] GC(1239) Eden regions: 107->0(113)
[578.310s][info][gc,heap     ] GC(1239) Survivor regions: 15->16(16)
[578.310s][info][gc,heap     ] GC(1239) Old regions: 164->149
[578.310s][info][gc,heap     ] GC(1239) Humongous regions: 6->6
[578.310s][info][gc,metaspace] GC(1239) Metaspace: 43175K(43520K)->43175K(43520K) NonClass: 40367K(40576K)->40367K(40576K) Class: 2808K(2944K)->2808K(2944K)
[578.311s][info][gc          ] GC(1239) Pause Young (Mixed) (G1 Evacuation Pause) 292M->171M(382M) 27.817ms
[578.311s][info][gc,cpu      ] GC(1239) User=0.05s Sys=0.00s Real=0.02s
[578.652s][info][gc,start    ] GC(1240) Pause Young (Mixed) (G1 Evacuation Pause)
[578.652s][info][gc,task     ] GC(1240) Using 2 workers of 2 for evacuation
[578.690s][info][gc,phases   ] GC(1240)   Pre Evacuate Collection Set: 0.20ms
[578.690s][info][gc,phases   ] GC(1240)   Merge Heap Roots: 0.27ms
[578.690s][info][gc,phases   ] GC(1240)   Evacuate Collection Set: 36.38ms
[578.690s][info][gc,phases   ] GC(1240)   Post Evacuate Collection Set: 0.43ms
[578.690s][info][gc,phases   ] GC(1240)   Other: 0.07ms
[578.690s][info][gc,heap     ] GC(1240) Eden regions: 113->0(101)
[578.690s][info][gc,heap     ] GC(1240) Survivor regions: 16->17(17)
[578.690s][info][gc,heap     ] GC(1240) Old regions: 149->170
[578.690s][info][gc,heap     ] GC(1240) Humongous regions: 7->6
[578.690s][info][gc,metaspace] GC(1240) Metaspace: 43175K(43520K)->43175K(43520K) NonClass: 40367K(40576K)->40367K(40576K) Class: 2808K(2944K)->2808K(2944K)
[578.690s][info][gc          ] GC(1240) Pause Young (Mixed) (G1 Evacuation Pause) 285M->192M(382M) 37.558ms
[578.690s][info][gc,cpu      ] GC(1240) User=0.07s Sys=0.00s Real=0.03s
[579.013s][info][gc,start    ] GC(1241) Pause Young (Concurrent Start) (G1 Evacuation Pause)
[579.013s][info][gc,task     ] GC(1241) Using 2 workers of 2 for evacuation
[579.059s][info][gc,phases   ] GC(1241)   Pre Evacuate Collection Set: 0.21ms
[579.059s][info][gc,phases   ] GC(1241)   Merge Heap Roots: 0.15ms
[579.059s][info][gc,phases   ] GC(1241)   Evacuate Collection Set: 45.18ms
[579.059s][info][gc,phases   ] GC(1241)   Post Evacuate Collection Set: 0.98ms
[579.059s][info][gc,phases   ] GC(1241)   Other: 0.09ms
[579.059s][info][gc,heap     ] GC(1241) Eden regions: 101->0(95)
[579.059s][info][gc,heap     ] GC(1241) Survivor regions: 17->15(15)
[579.059s][info][gc,heap     ] GC(1241) Old regions: 170->220
[579.059s][info][gc,heap     ] GC(1241) Humongous regions: 6->6
[579.059s][info][gc,metaspace] GC(1241) Metaspace: 43175K(43520K)->43175K(43520K) NonClass: 40367K(40576K)->40367K(40576K) Class: 2808K(2944K)->2808K(2944K)
[579.059s][info][gc          ] GC(1241) Pause Young (Concurrent Start) (G1 Evacuation Pause) 293M->240M(444M) 46.809ms
[579.059s][info][gc,cpu      ] GC(1241) User=0.09s Sys=0.00s Real=0.04s
[579.059s][info][gc          ] GC(1242) Concurrent Mark Cycle
[579.059s][info][gc,marking  ] GC(1242) Concurrent Scan Root Regions
[579.087s][info][gc,marking  ] GC(1242) Concurrent Scan Root Regions 27.845ms
[579.087s][info][gc,marking  ] GC(1242) Concurrent Mark
[579.087s][info][gc,marking  ] GC(1242) Concurrent Mark From Roots
[579.087s][info][gc,task     ] GC(1242) Using 1 workers of 1 for marking
[579.189s][info][gc,marking  ] GC(1242) Concurrent Mark From Roots 101.623ms
[579.189s][info][gc,marking  ] GC(1242) Concurrent Preclean
[579.189s][info][gc,marking  ] GC(1242) Concurrent Preclean 0.045ms
[579.189s][info][gc,start    ] GC(1242) Pause Remark
[579.203s][info][gc          ] GC(1242) Pause Remark 273M->249M(444M) 13.900ms
[579.203s][info][gc,cpu      ] GC(1242) User=0.03s Sys=0.00s Real=0.02s
[579.203s][info][gc,marking  ] GC(1242) Concurrent Mark 115.889ms
[579.203s][info][gc,marking  ] GC(1242) Concurrent Rebuild Remembered Sets and Scrub Regions
[579.281s][info][gc,marking  ] GC(1242) Concurrent Rebuild Remembered Sets and Scrub Regions 78.026ms
[579.281s][info][gc,start    ] GC(1242) Pause Cleanup
[579.281s][info][gc          ] GC(1242) Pause Cleanup 262M->262M(444M) 0.078ms
[579.282s][info][gc,cpu      ] GC(1242) User=0.00s Sys=0.00s Real=0.00s
[579.282s][info][gc,marking  ] GC(1242) Concurrent Clear Claimed Marks
[579.282s][info][gc,marking  ] GC(1242) Concurrent Clear Claimed Marks 0.040ms
[579.282s][info][gc,marking  ] GC(1242) Concurrent Cleanup for Next Mark
[579.284s][info][gc,marking  ] GC(1242) Concurrent Cleanup for Next Mark 1.941ms
[579.284s][info][gc          ] GC(1242) Concurrent Mark Cycle 224.142ms
[579.475s][info][gc,start    ] GC(1243) Pause Young (Prepare Mixed) (G1 Evacuation Pause)
[579.475s][info][gc,task     ] GC(1243) Using 2 workers of 2 for evacuation
[579.532s][info][gc,phases   ] GC(1243)   Pre Evacuate Collection Set: 0.29ms
[579.532s][info][gc,phases   ] GC(1243)   Merge Heap Roots: 0.52ms
[579.532s][info][gc,phases   ] GC(1243)   Evacuate Collection Set: 55.77ms
[579.532s][info][gc,phases   ] GC(1243)   Post Evacuate Collection Set: 0.47ms
[579.532s][info][gc,phases   ] GC(1243)   Other: 0.08ms
[579.532s][info][gc,heap     ] GC(1243) Eden regions: 95->0(74)
[579.532s][info][gc,heap     ] GC(1243) Survivor regions: 15->14(14)
[579.532s][info][gc,heap     ] GC(1243) Old regions: 198->251
[579.532s][info][gc,heap     ] GC(1243) Humongous regions: 4->4
[579.532s][info][gc,metaspace] GC(1243) Metaspace: 43175K(43520K)->43175K(43520K) NonClass: 40367K(40576K)->40367K(40576K) Class: 2808K(2944K)->2808K(2944K)
[579.532s][info][gc          ] GC(1243) Pause Young (Prepare Mixed) (G1 Evacuation Pause) 311M->269M(444M) 57.365ms
[579.532s][info][gc,cpu      ] GC(1243) User=0.12s Sys=0.01s Real=0.06s
[579.803s][info][gc,start    ] GC(1244) Pause Young (Mixed) (G1 Evacuation Pause)
[579.803s][info][gc,task     ] GC(1244) Using 2 workers of 2 for evacuation
[579.855s][info][gc,phases   ] GC(1244)   Pre Evacuate Collection Set: 0.21ms
[579.855s][info][gc,phases   ] GC(1244)   Merge Heap Roots: 0.47ms
[579.855s][info][gc,phases   ] GC(1244)   Evacuate Collection Set: 49.95ms
[579.855s][info][gc,phases   ] GC(1244)   Post Evacuate Collection Set: 0.42ms
[579.855s][info][gc,phases   ] GC(1244)   Other: 0.09ms
[579.855s][info][gc,heap     ] GC(1244) Eden regions: 74->0(72)
[579.855s][info][gc,heap     ] GC(1244) Survivor regions: 14->11(11)
[579.855s][info][gc,heap     ] GC(1244) Old regions: 251->254
[579.855s][info][gc,heap     ] GC(1244) Humongous regions: 5->5
[579.855s][info][gc,metaspace] GC(1244) Metaspace: 43175K(43520K)->43175K(43520K) NonClass: 40367K(40576K)->40367K(40576K) Class: 2808K(2944K)->2808K(2944K)
[579.855s][info][gc          ] GC(1244) Pause Young (Mixed) (G1 Evacuation Pause) 344M->270M(444M) 51.366ms
[579.855s][info][gc,cpu      ] GC(1244) User=0.11s Sys=0.00s Real=0.05s
[580.070s][info][gc,start    ] GC(1245) Pause Young (Mixed) (G1 Evacuation Pause)
[580.070s][info][gc,task     ] GC(1245) Using 2 workers of 2 for evacuation
[580.105s][info][gc,phases   ] GC(1245)   Pre Evacuate Collection Set: 0.32ms
[580.105s][info][gc,phases   ] GC(1245)   Merge Heap Roots: 0.25ms
[580.105s][info][gc,phases   ] GC(1245)   Evacuate Collection Set: 33.89ms
[580.105s][info][gc,phases   ] GC(1245)   Post Evacuate Collection Set: 0.39ms
[580.105s][info][gc,phases   ] GC(1245)   Other: 0.09ms
[580.105s][info][gc,heap     ] GC(1245) Eden regions: 72->0(64)
[580.105s][info][gc,heap     ] GC(1245) Survivor regions: 11->11(11)
[580.105s][info][gc,heap     ] GC(1245) Old regions: 254->274
[580.105s][info][gc,heap     ] GC(1245) Humongous regions: 5->5
[580.105s][info][gc,metaspace] GC(1245) Metaspace: 43175K(43520K)->43175K(43520K) NonClass: 40367K(40576K)->40367K(40576K) Class: 2808K(2944K)->2808K(2944K)
[580.105s][info][gc          ] GC(1245) Pause Young (Mixed) (G1 Evacuation Pause) 342M->289M(444M) 35.162ms
[580.105s][info][gc,cpu      ] GC(1245) User=0.07s Sys=0.00s Real=0.04s
[580.305s][info][gc,start    ] GC(1246) Pause Young (Concurrent Start) (G1 Evacuation Pause)
[580.305s][info][gc,task     ] GC(1246) Using 2 workers of 2 for evacuation
[580.332s][info][gc,phases   ] GC(1246)   Pre Evacuate Collection Set: 0.22ms
[580.332s][info][gc,phases   ] GC(1246)   Merge Heap Roots: 0.16ms
[580.332s][info][gc,phases   ] GC(1246)   Evacuate Collection Set: 25.68ms
[580.332s][info][gc,phases   ] GC(1246)   Post Evacuate Collection Set: 0.35ms
[580.332s][info][gc,phases   ] GC(1246)   Other: 0.11ms
[580.332s][info][gc,heap     ] GC(1246) Eden regions: 64->0(54)
[580.332s][info][gc,heap     ] GC(1246) Survivor regions: 11->10(10)
[580.332s][info][gc,heap     ] GC(1246) Old regions: 274->301
[580.332s][info][gc,heap     ] GC(1246) Humongous regions: 5->5
[580.332s][info][gc,metaspace] GC(1246) Metaspace: 43175K(43520K)->43175K(43520K) NonClass: 40367K(40576K)->40367K(40576K) Class: 2808K(2944K)->2808K(2944K)
[580.332s][info][gc          ] GC(1246) Pause Young (Concurrent Start) (G1 Evacuation Pause) 353M->316M(444M) 26.742ms
[580.332s][info][gc,cpu      ] GC(1246) User=0.05s Sys=0.00s Real=0.03s
[580.332s][info][gc          ] GC(1247) Concurrent Mark Cycle
[580.332s][info][gc,marking  ] GC(1247) Concurrent Scan Root Regions
[580.345s][info][gc,marking  ] GC(1247) Concurrent Scan Root Regions 13.346ms
[580.345s][info][gc,marking  ] GC(1247) Concurrent Mark
[580.345s][info][gc,marking  ] GC(1247) Concurrent Mark From Roots
[580.345s][info][gc,task     ] GC(1247) Using 1 workers of 1 for marking
[580.439s][info][gc,marking  ] GC(1247) Concurrent Mark From Roots 93.892ms
[580.439s][info][gc,marking  ] GC(1247) Concurrent Preclean
[580.439s][info][gc,marking  ] GC(1247) Concurrent Preclean 0.042ms
[580.440s][info][gc,start    ] GC(1247) Pause Remark
[580.453s][info][gc          ] GC(1247) Pause Remark 345M->251M(444M) 13.618ms
[580.453s][info][gc,cpu      ] GC(1247) User=0.02s Sys=0.00s Real=0.02s
[580.453s][info][gc,marking  ] GC(1247) Concurrent Mark 107.852ms
[580.453s][info][gc,marking  ] GC(1247) Concurrent Rebuild Remembered Sets and Scrub Regions
[580.506s][info][gc,marking  ] GC(1247) Concurrent Rebuild Remembered Sets and Scrub Regions 52.555ms
[580.506s][info][gc,start    ] GC(1247) Pause Cleanup
[580.506s][info][gc          ] GC(1247) Pause Cleanup 269M->269M(444M) 0.085ms
[580.506s][info][gc,cpu      ] GC(1247) User=0.00s Sys=0.00s Real=0.00s
[580.506s][info][gc,marking  ] GC(1247) Concurrent Clear Claimed Marks
[580.506s][info][gc,marking  ] GC(1247) Concurrent Clear Claimed Marks 0.037ms
[580.506s][info][gc,marking  ] GC(1247) Concurrent Cleanup for Next Mark
[580.507s][info][gc,marking  ] GC(1247) Concurrent Cleanup for Next Mark 1.290ms
[580.507s][info][gc          ] GC(1247) Concurrent Mark Cycle 175.472ms
[580.527s][info][gc,start    ] GC(1248) Pause Young (Prepare Mixed) (G1 Evacuation Pause)
[580.527s][info][gc,task     ] GC(1248) Using 2 workers of 2 for evacuation
[580.558s][info][gc,phases   ] GC(1248)   Pre Evacuate Collection Set: 0.19ms
[580.558s][info][gc,phases   ] GC(1248)   Merge Heap Roots: 0.13ms
[580.558s][info][gc,phases   ] GC(1248)   Evacuate Collection Set: 30.39ms
[580.558s][info][gc,phases   ] GC(1248)   Post Evacuate Collection Set: 0.37ms
[580.558s][info][gc,phases   ] GC(1248)   Other: 0.07ms
[580.558s][info][gc,heap     ] GC(1248) Eden regions: 54->0(71)
[580.558s][info][gc,heap     ] GC(1248) Survivor regions: 10->8(8)
[580.558s][info][gc,heap     ] GC(1248) Old regions: 209->252
[580.558s][info][gc,heap     ] GC(1248) Humongous regions: 3->3
[580.558s][info][gc,metaspace] GC(1248) Metaspace: 43175K(43520K)->43175K(43520K) NonClass: 40367K(40576K)->40367K(40576K) Class: 2808K(2944K)->2808K(2944K)
[580.558s][info][gc          ] GC(1248) Pause Young (Prepare Mixed) (G1 Evacuation Pause) 276M->262M(444M) 31.352ms
[580.558s][info][gc,cpu      ] GC(1248) User=0.06s Sys=0.00s Real=0.03s
[580.820s][info][gc,start    ] GC(1249) Pause Young (Mixed) (G1 Evacuation Pause)
[580.820s][info][gc,task     ] GC(1249) Using 2 workers of 2 for evacuation
[580.856s][info][gc,phases   ] GC(1249)   Pre Evacuate Collection Set: 0.38ms
[580.856s][info][gc,phases   ] GC(1249)   Merge Heap Roots: 0.25ms
[580.856s][info][gc,phases   ] GC(1249)   Evacuate Collection Set: 33.87ms
[580.856s][info][gc,phases   ] GC(1249)   Post Evacuate Collection Set: 1.73ms
[580.856s][info][gc,phases   ] GC(1249)   Other: 0.10ms
[580.856s][info][gc,heap     ] GC(1249) Eden regions: 71->0(145)
[580.856s][info][gc,heap     ] GC(1249) Survivor regions: 8->10(10)
[580.856s][info][gc,heap     ] GC(1249) Old regions: 252->241
[580.856s][info][gc,heap     ] GC(1249) Humongous regions: 4->4
[580.856s][info][gc,metaspace] GC(1249) Metaspace: 43175K(43520K)->43175K(43520K) NonClass: 40367K(40576K)->40367K(40576K) Class: 2808K(2944K)->2808K(2944K)
[580.856s][info][gc          ] GC(1249) Pause Young (Mixed) (G1 Evacuation Pause) 334M->255M(618M) 36.541ms
[580.856s][info][gc,cpu      ] GC(1249) User=0.07s Sys=0.00s Real=0.04s
[581.464s][info][gc,start    ] GC(1250) Pause Young (Mixed) (G1 Evacuation Pause)
[581.464s][info][gc,task     ] GC(1250) Using 2 workers of 2 for evacuation
[581.541s][info][gc,phases   ] GC(1250)   Pre Evacuate Collection Set: 0.41ms
[581.541s][info][gc,phases   ] GC(1250)   Merge Heap Roots: 0.77ms
[581.541s][info][gc,phases   ] GC(1250)   Evacuate Collection Set: 75.67ms
[581.541s][info][gc,phases   ] GC(1250)   Post Evacuate Collection Set: 0.62ms
[581.541s][info][gc,phases   ] GC(1250)   Other: 0.08ms
[581.541s][info][gc,heap     ] GC(1250) Eden regions: 145->0(137)
[581.541s][info][gc,heap     ] GC(1250) Survivor regions: 10->20(20)
[581.541s][info][gc,heap     ] GC(1250) Old regions: 241->257
[581.541s][info][gc,heap     ] GC(1250) Humongous regions: 5->5
[581.541s][info][gc,metaspace] GC(1250) Metaspace: 43175K(43520K)->43175K(43520K) NonClass: 40367K(40576K)->40367K(40576K) Class: 2808K(2944K)->2808K(2944K)
[581.541s][info][gc          ] GC(1250) Pause Young (Mixed) (G1 Evacuation Pause) 401M->281M(618M) 77.776ms
[581.541s][info][gc,cpu      ] GC(1250) User=0.13s Sys=0.02s Real=0.07s
[582.016s][info][gc,start    ] GC(1251) Pause Young (Normal) (G1 Evacuation Pause)
[582.016s][info][gc,task     ] GC(1251) Using 2 workers of 2 for evacuation
[582.091s][info][gc,phases   ] GC(1251)   Pre Evacuate Collection Set: 0.39ms
[582.091s][info][gc,phases   ] GC(1251)   Merge Heap Roots: 0.32ms
[582.091s][info][gc,phases   ] GC(1251)   Evacuate Collection Set: 73.61ms
[582.091s][info][gc,phases   ] GC(1251)   Post Evacuate Collection Set: 0.52ms
[582.091s][info][gc,phases   ] GC(1251)   Other: 0.08ms
[582.091s][info][gc,heap     ] GC(1251) Eden regions: 137->0(109)
[582.091s][info][gc,heap     ] GC(1251) Survivor regions: 20->20(20)
[582.091s][info][gc,heap     ] GC(1251) Old regions: 257->325
[582.091s][info][gc,heap     ] GC(1251) Humongous regions: 6->6
[582.091s][info][gc,metaspace] GC(1251) Metaspace: 43175K(43520K)->43175K(43520K) NonClass: 40367K(40576K)->40367K(40576K) Class: 2808K(2944K)->2808K(2944K)
[582.091s][info][gc          ] GC(1251) Pause Young (Normal) (G1 Evacuation Pause) 419M->351M(618M) 75.120ms
[582.091s][info][gc,cpu      ] GC(1251) User=0.14s Sys=0.01s Real=0.07s
[582.300s][info][gc,start    ] GC(1252) Pause Young (Concurrent Start) (G1 Humongous Allocation)
[582.300s][info][gc,task     ] GC(1252) Using 2 workers of 2 for evacuation
[582.351s][info][gc,phases   ] GC(1252)   Pre Evacuate Collection Set: 0.26ms
[582.351s][info][gc,phases   ] GC(1252)   Merge Heap Roots: 0.30ms
[582.351s][info][gc,phases   ] GC(1252)   Evacuate Collection Set: 49.55ms
[582.351s][info][gc,phases   ] GC(1252)   Post Evacuate Collection Set: 0.41ms
[582.351s][info][gc,phases   ] GC(1252)   Other: 0.10ms
[582.351s][info][gc,heap     ] GC(1252) Eden regions: 67->0(94)
[582.351s][info][gc,heap     ] GC(1252) Survivor regions: 20->17(17)
[582.351s][info][gc,heap     ] GC(1252) Old regions: 325->365
[582.351s][info][gc,heap     ] GC(1252) Humongous regions: 6->6
[582.351s][info][gc,metaspace] GC(1252) Metaspace: 43175K(43520K)->43175K(43520K) NonClass: 40367K(40576K)->40367K(40576K) Class: 2808K(2944K)->2808K(2944K)
[582.351s][info][gc          ] GC(1252) Pause Young (Concurrent Start) (G1 Humongous Allocation) 417M->388M(618M) 50.910ms
[582.351s][info][gc,cpu      ] GC(1252) User=0.10s Sys=0.00s Real=0.05s
[582.351s][info][gc          ] GC(1253) Concurrent Mark Cycle
[582.351s][info][gc,marking  ] GC(1253) Concurrent Scan Root Regions
[582.373s][info][gc,marking  ] GC(1253) Concurrent Scan Root Regions 21.697ms
[582.373s][info][gc,marking  ] GC(1253) Concurrent Mark
[582.373s][info][gc,marking  ] GC(1253) Concurrent Mark From Roots
[582.373s][info][gc,task     ] GC(1253) Using 1 workers of 1 for marking
[582.482s][info][gc,marking  ] GC(1253) Concurrent Mark From Roots 108.908ms
[582.482s][info][gc,marking  ] GC(1253) Concurrent Preclean
[582.482s][info][gc,marking  ] GC(1253) Concurrent Preclean 0.048ms
[582.482s][info][gc,start    ] GC(1253) Pause Remark
[582.496s][info][gc          ] GC(1253) Pause Remark 422M->260M(618M) 13.464ms
[582.496s][info][gc,cpu      ] GC(1253) User=0.03s Sys=0.00s Real=0.01s
[582.498s][info][gc,marking  ] GC(1253) Concurrent Mark 124.972ms
[582.498s][info][gc,marking  ] GC(1253) Concurrent Rebuild Remembered Sets and Scrub Regions
[582.554s][info][gc,marking  ] GC(1253) Concurrent Rebuild Remembered Sets and Scrub Regions 55.701ms
[582.554s][info][gc,start    ] GC(1253) Pause Cleanup
[582.554s][info][gc          ] GC(1253) Pause Cleanup 276M->276M(618M) 0.080ms
[582.554s][info][gc,cpu      ] GC(1253) User=0.00s Sys=0.00s Real=0.00s
[582.554s][info][gc,marking  ] GC(1253) Concurrent Clear Claimed Marks
[582.554s][info][gc,marking  ] GC(1253) Concurrent Clear Claimed Marks 0.040ms
[582.554s][info][gc,marking  ] GC(1253) Concurrent Cleanup for Next Mark
[582.558s][info][gc,marking  ] GC(1253) Concurrent Cleanup for Next Mark 3.499ms
[582.558s][info][gc          ] GC(1253) Concurrent Mark Cycle 206.425ms
[582.695s][info][gc,start    ] GC(1254) Pause Young (Prepare Mixed) (G1 Evacuation Pause)
[582.695s][info][gc,task     ] GC(1254) Using 2 workers of 2 for evacuation
[582.705s][info][gc,phases   ] GC(1254)   Pre Evacuate Collection Set: 0.25ms
[582.705s][info][gc,phases   ] GC(1254)   Merge Heap Roots: 0.13ms
[582.705s][info][gc,phases   ] GC(1254)   Evacuate Collection Set: 9.67ms
[582.705s][info][gc,phases   ] GC(1254)   Post Evacuate Collection Set: 0.38ms
[582.705s][info][gc,phases   ] GC(1254)   Other: 0.07ms
[582.705s][info][gc,heap     ] GC(1254) Eden regions: 94->0(170)
[582.705s][info][gc,heap     ] GC(1254) Survivor regions: 17->7(14)
[582.705s][info][gc,heap     ] GC(1254) Old regions: 205->214
[582.705s][info][gc,heap     ] GC(1254) Humongous regions: 5->5
[582.705s][info][gc,metaspace] GC(1254) Metaspace: 43175K(43520K)->43175K(43520K) NonClass: 40367K(40576K)->40367K(40576K) Class: 2808K(2944K)->2808K(2944K)
[582.705s][info][gc          ] GC(1254) Pause Young (Prepare Mixed) (G1 Evacuation Pause) 321M->225M(618M) 10.678ms
[582.705s][info][gc,cpu      ] GC(1254) User=0.02s Sys=0.00s Real=0.01s
[583.259s][info][gc,start    ] GC(1255) Pause Young (Mixed) (G1 Evacuation Pause)
[583.259s][info][gc,task     ] GC(1255) Using 2 workers of 2 for evacuation
[583.285s][info][gc,phases   ] GC(1255)   Pre Evacuate Collection Set: 0.28ms
[583.285s][info][gc,phases   ] GC(1255)   Merge Heap Roots: 0.17ms
[583.285s][info][gc,phases   ] GC(1255)   Evacuate Collection Set: 24.51ms
[583.285s][info][gc,phases   ] GC(1255)   Post Evacuate Collection Set: 0.49ms
[583.285s][info][gc,phases   ] GC(1255)   Other: 0.08ms
[583.285s][info][gc,heap     ] GC(1255) Eden regions: 170->0(193)
[583.285s][info][gc,heap     ] GC(1255) Survivor regions: 7->23(23)
[583.285s][info][gc,heap     ] GC(1255) Old regions: 214->168
[583.285s][info][gc,heap     ] GC(1255) Humongous regions: 5->5
[583.285s][info][gc,metaspace] GC(1255) Metaspace: 43175K(43520K)->43175K(43520K) NonClass: 40367K(40576K)->40367K(40576K) Class: 2808K(2944K)->2808K(2944K)
[583.285s][info][gc          ] GC(1255) Pause Young (Mixed) (G1 Evacuation Pause) 395M->195M(618M) 25.762ms
[583.285s][info][gc,cpu      ] GC(1255) User=0.04s Sys=0.01s Real=0.03s
[583.940s][info][gc,start    ] GC(1256) Pause Young (Normal) (G1 Evacuation Pause)
[583.940s][info][gc,task     ] GC(1256) Using 2 workers of 2 for evacuation
[583.972s][info][gc,phases   ] GC(1256)   Pre Evacuate Collection Set: 0.28ms
[583.972s][info][gc,phases   ] GC(1256)   Merge Heap Roots: 0.13ms
[583.972s][info][gc,phases   ] GC(1256)   Evacuate Collection Set: 31.44ms
[583.972s][info][gc,phases   ] GC(1256)   Post Evacuate Collection Set: 0.53ms
[583.972s][info][gc,phases   ] GC(1256)   Other: 0.08ms
[583.972s][info][gc,heap     ] GC(1256) Eden regions: 193->0(201)
[583.972s][info][gc,heap     ] GC(1256) Survivor regions: 23->25(27)
[583.972s][info][gc,heap     ] GC(1256) Old regions: 168->181
[583.972s][info][gc,heap     ] GC(1256) Humongous regions: 7->5
[583.972s][info][gc,metaspace] GC(1256) Metaspace: 43175K(43520K)->43175K(43520K) NonClass: 40367K(40576K)->40367K(40576K) Class: 2808K(2944K)->2808K(2944K)
[583.972s][info][gc          ] GC(1256) Pause Young (Normal) (G1 Evacuation Pause) 390M->210M(618M) 32.654ms
[583.973s][info][gc,cpu      ] GC(1256) User=0.07s Sys=0.00s Real=0.04s
[584.269s][info][gc,start    ] GC(1257) Pause Young (Concurrent Start) (G1 Humongous Allocation)
[584.269s][info][gc,task     ] GC(1257) Using 2 workers of 2 for evacuation
[584.291s][info][gc,phases   ] GC(1257)   Pre Evacuate Collection Set: 0.31ms
[584.291s][info][gc,phases   ] GC(1257)   Merge Heap Roots: 0.19ms
[584.291s][info][gc,phases   ] GC(1257)   Evacuate Collection Set: 20.74ms
[584.291s][info][gc,phases   ] GC(1257)   Post Evacuate Collection Set: 0.40ms
[584.291s][info][gc,phases   ] GC(1257)   Other: 0.11ms
[584.291s][info][gc,heap     ] GC(1257) Eden regions: 97->0(219)
[584.291s][info][gc,heap     ] GC(1257) Survivor regions: 25->8(29)
[584.291s][info][gc,heap     ] GC(1257) Old regions: 181->199
[584.291s][info][gc,heap     ] GC(1257) Humongous regions: 5->5
[584.291s][info][gc,metaspace] GC(1257) Metaspace: 43175K(43520K)->43175K(43520K) NonClass: 40367K(40576K)->40367K(40576K) Class: 2808K(2944K)->2808K(2944K)
[584.291s][info][gc          ] GC(1257) Pause Young (Concurrent Start) (G1 Humongous Allocation) 306M->211M(618M) 21.948ms
[584.291s][info][gc          ] GC(1258) Concurrent Mark Cycle
[584.291s][info][gc,marking  ] GC(1258) Concurrent Scan Root Regions
[584.293s][info][gc,cpu      ] GC(1257) User=0.05s Sys=0.00s Real=0.03s
[584.304s][info][gc,marking  ] GC(1258) Concurrent Scan Root Regions 13.702ms
[584.304s][info][gc,marking  ] GC(1258) Concurrent Mark
[584.304s][info][gc,marking  ] GC(1258) Concurrent Mark From Roots
[584.304s][info][gc,task     ] GC(1258) Using 1 workers of 1 for marking
[584.394s][info][gc,marking  ] GC(1258) Concurrent Mark From Roots 89.975ms
[584.394s][info][gc,marking  ] GC(1258) Concurrent Preclean
[584.395s][info][gc,marking  ] GC(1258) Concurrent Preclean 0.046ms
[584.395s][info][gc,start    ] GC(1258) Pause Remark
[584.408s][info][gc          ] GC(1258) Pause Remark 241M->174M(487M) 13.398ms
[584.408s][info][gc,cpu      ] GC(1258) User=0.02s Sys=0.00s Real=0.01s
[584.410s][info][gc,marking  ] GC(1258) Concurrent Mark 105.511ms
[584.410s][info][gc,marking  ] GC(1258) Concurrent Rebuild Remembered Sets and Scrub Regions
[584.454s][info][gc,marking  ] GC(1258) Concurrent Rebuild Remembered Sets and Scrub Regions 43.710ms
[584.454s][info][gc,start    ] GC(1258) Pause Cleanup
[584.454s][info][gc          ] GC(1258) Pause Cleanup 189M->189M(487M) 0.064ms
[584.454s][info][gc,cpu      ] GC(1258) User=0.00s Sys=0.00s Real=0.00s
[584.454s][info][gc,marking  ] GC(1258) Concurrent Clear Claimed Marks
[584.454s][info][gc,marking  ] GC(1258) Concurrent Clear Claimed Marks 0.037ms
[584.454s][info][gc,marking  ] GC(1258) Concurrent Cleanup for Next Mark
[584.455s][info][gc,marking  ] GC(1258) Concurrent Cleanup for Next Mark 1.407ms
[584.455s][info][gc          ] GC(1258) Concurrent Mark Cycle 164.762ms
[585.015s][info][gc,start    ] GC(1259) Pause Young (Prepare Mixed) (G1 Evacuation Pause)
[585.016s][info][gc,task     ] GC(1259) Using 2 workers of 2 for evacuation
[585.020s][info][gc,phases   ] GC(1259)   Pre Evacuate Collection Set: 0.32ms
[585.020s][info][gc,phases   ] GC(1259)   Merge Heap Roots: 0.19ms
[585.020s][info][gc,phases   ] GC(1259)   Evacuate Collection Set: 3.61ms
[585.020s][info][gc,phases   ] GC(1259)   Post Evacuate Collection Set: 0.47ms
[585.020s][info][gc,phases   ] GC(1259)   Other: 0.08ms
[585.020s][info][gc,heap     ] GC(1259) Eden regions: 219->0(207)
[585.020s][info][gc,heap     ] GC(1259) Survivor regions: 8->5(29)
[585.020s][info][gc,heap     ] GC(1259) Old regions: 134->134
[585.020s][info][gc,heap     ] GC(1259) Humongous regions: 6->3
[585.020s][info][gc,metaspace] GC(1259) Metaspace: 43175K(43520K)->43175K(43520K) NonClass: 40367K(40576K)->40367K(40576K) Class: 2808K(2944K)->2808K(2944K)
[585.020s][info][gc          ] GC(1259) Pause Young (Prepare Mixed) (G1 Evacuation Pause) 366M->141M(487M) 4.861ms
[585.020s][info][gc,cpu      ] GC(1259) User=0.01s Sys=0.00s Real=0.00s
[585.676s][info][gc,start    ] GC(1260) Pause Young (Mixed) (G1 Evacuation Pause)
[585.676s][info][gc,task     ] GC(1260) Using 2 workers of 2 for evacuation
[585.696s][info][gc,phases   ] GC(1260)   Pre Evacuate Collection Set: 0.32ms
[585.696s][info][gc,phases   ] GC(1260)   Merge Heap Roots: 0.13ms
[585.696s][info][gc,phases   ] GC(1260)   Evacuate Collection Set: 18.63ms
[585.696s][info][gc,phases   ] GC(1260)   Post Evacuate Collection Set: 0.48ms
[585.696s][info][gc,phases   ] GC(1260)   Other: 0.11ms
[585.696s][info][gc,heap     ] GC(1260) Eden regions: 207->0(213)
[585.696s][info][gc,heap     ] GC(1260) Survivor regions: 5->27(27)
[585.696s][info][gc,heap     ] GC(1260) Old regions: 134->107
[585.696s][info][gc,heap     ] GC(1260) Humongous regions: 6->4
[585.696s][info][gc,metaspace] GC(1260) Metaspace: 43175K(43520K)->43175K(43520K) NonClass: 40367K(40576K)->40367K(40576K) Class: 2808K(2944K)->2808K(2944K)
[585.696s][info][gc          ] GC(1260) Pause Young (Mixed) (G1 Evacuation Pause) 351M->137M(487M) 19.860ms
[585.696s][info][gc,cpu      ] GC(1260) User=0.04s Sys=0.00s Real=0.02s
[586.024s][info][gc,start    ] GC(1261) Pause Young (Concurrent Start) (G1 Humongous Allocation)
[586.024s][info][gc,task     ] GC(1261) Using 2 workers of 2 for evacuation
[586.049s][info][gc,phases   ] GC(1261)   Pre Evacuate Collection Set: 0.23ms
[586.049s][info][gc,phases   ] GC(1261)   Merge Heap Roots: 0.08ms
[586.049s][info][gc,phases   ] GC(1261)   Evacuate Collection Set: 23.76ms
[586.049s][info][gc,phases   ] GC(1261)   Post Evacuate Collection Set: 0.40ms
[586.049s][info][gc,phases   ] GC(1261)   Other: 0.17ms
[586.049s][info][gc,heap     ] GC(1261) Eden regions: 109->0(202)
[586.049s][info][gc,heap     ] GC(1261) Survivor regions: 27->26(30)
[586.049s][info][gc,heap     ] GC(1261) Old regions: 107->125
[586.049s][info][gc,heap     ] GC(1261) Humongous regions: 4->2
[586.049s][info][gc,metaspace] GC(1261) Metaspace: 43175K(43520K)->43175K(43520K) NonClass: 40367K(40576K)->40367K(40576K) Class: 2808K(2944K)->2808K(2944K)
[586.049s][info][gc          ] GC(1261) Pause Young (Concurrent Start) (G1 Humongous Allocation) 246M->151M(487M) 24.817ms
[586.049s][info][gc,cpu      ] GC(1261) User=0.05s Sys=0.00s Real=0.02s
[586.049s][info][gc          ] GC(1262) Concurrent Mark Cycle
[586.049s][info][gc,marking  ] GC(1262) Concurrent Scan Root Regions
[586.074s][info][gc,marking  ] GC(1262) Concurrent Scan Root Regions 24.741ms
[586.074s][info][gc,marking  ] GC(1262) Concurrent Mark
[586.074s][info][gc,marking  ] GC(1262) Concurrent Mark From Roots
[586.074s][info][gc,task     ] GC(1262) Using 1 workers of 1 for marking
[586.216s][info][gc,marking  ] GC(1262) Concurrent Mark From Roots 142.501ms
[586.216s][info][gc,marking  ] GC(1262) Concurrent Preclean
[586.216s][info][gc,marking  ] GC(1262) Concurrent Preclean 0.043ms
[586.216s][info][gc,start    ] GC(1262) Pause Remark
[586.230s][info][gc          ] GC(1262) Pause Remark 204M->185M(454M) 13.730ms
[586.230s][info][gc,cpu      ] GC(1262) User=0.03s Sys=0.00s Real=0.01s
[586.230s][info][gc,marking  ] GC(1262) Concurrent Mark 156.548ms
[586.230s][info][gc,marking  ] GC(1262) Concurrent Rebuild Remembered Sets and Scrub Regions
[586.266s][info][gc,marking  ] GC(1262) Concurrent Rebuild Remembered Sets and Scrub Regions 35.803ms
[586.266s][info][gc,start    ] GC(1262) Pause Cleanup
[586.266s][info][gc          ] GC(1262) Pause Cleanup 198M->198M(454M) 0.047ms
[586.266s][info][gc,cpu      ] GC(1262) User=0.00s Sys=0.00s Real=0.00s
[586.266s][info][gc,marking  ] GC(1262) Concurrent Clear Claimed Marks
[586.266s][info][gc,marking  ] GC(1262) Concurrent Clear Claimed Marks 0.037ms
[586.266s][info][gc,marking  ] GC(1262) Concurrent Cleanup for Next Mark
[586.268s][info][gc,marking  ] GC(1262) Concurrent Cleanup for Next Mark 1.312ms
[586.268s][info][gc          ] GC(1262) Concurrent Mark Cycle 218.823ms
[586.653s][info][gc,start    ] GC(1263) Pause Young (Prepare Mixed) (G1 Evacuation Pause)
[586.653s][info][gc,task     ] GC(1263) Using 2 workers of 2 for evacuation
[586.669s][info][gc,phases   ] GC(1263)   Pre Evacuate Collection Set: 0.22ms
[586.669s][info][gc,phases   ] GC(1263)   Merge Heap Roots: 0.10ms
[586.669s][info][gc,phases   ] GC(1263)   Evacuate Collection Set: 14.67ms
[586.669s][info][gc,phases   ] GC(1263)   Post Evacuate Collection Set: 0.45ms
[586.669s][info][gc,phases   ] GC(1263)   Other: 0.07ms
[586.669s][info][gc,heap     ] GC(1263) Eden regions: 202->0(207)
[586.669s][info][gc,heap     ] GC(1263) Survivor regions: 26->3(29)
[586.669s][info][gc,heap     ] GC(1263) Old regions: 106->131
[586.669s][info][gc,heap     ] GC(1263) Humongous regions: 4->4
[586.669s][info][gc,metaspace] GC(1263) Metaspace: 43175K(43520K)->43175K(43520K) NonClass: 40367K(40576K)->40367K(40576K) Class: 2808K(2944K)->2808K(2944K)
[586.669s][info][gc          ] GC(1263) Pause Young (Prepare Mixed) (G1 Evacuation Pause) 337M->137M(454M) 15.729ms
[586.669s][info][gc,cpu      ] GC(1263) User=0.03s Sys=0.00s Real=0.01s
[587.253s][info][gc,start    ] GC(1264) Pause Young (Mixed) (G1 Evacuation Pause)
[587.253s][info][gc,task     ] GC(1264) Using 2 workers of 2 for evacuation
[587.259s][info][gc,phases   ] GC(1264)   Pre Evacuate Collection Set: 0.30ms
[587.259s][info][gc,phases   ] GC(1264)   Merge Heap Roots: 0.15ms
[587.259s][info][gc,phases   ] GC(1264)   Evacuate Collection Set: 4.45ms
[587.259s][info][gc,phases   ] GC(1264)   Post Evacuate Collection Set: 0.43ms
[587.259s][info][gc,phases   ] GC(1264)   Other: 0.07ms
[587.259s][info][gc,heap     ] GC(1264) Eden regions: 207->0(229)
[587.259s][info][gc,heap     ] GC(1264) Survivor regions: 3->3(27)
[587.259s][info][gc,heap     ] GC(1264) Old regions: 131->114
[587.259s][info][gc,heap     ] GC(1264) Humongous regions: 5->4
[587.259s][info][gc,metaspace] GC(1264) Metaspace: 43175K(43520K)->43175K(43520K) NonClass: 40367K(40576K)->40367K(40576K) Class: 2808K(2944K)->2808K(2944K)
[587.259s][info][gc          ] GC(1264) Pause Young (Mixed) (G1 Evacuation Pause) 345M->119M(454M) 5.580ms
[587.259s][info][gc,cpu      ] GC(1264) User=0.01s Sys=0.00s Real=0.00s
[587.745s][info][gc,start    ] GC(1265) Pause Young (Concurrent Start) (G1 Evacuation Pause)
[587.745s][info][gc,task     ] GC(1265) Using 2 workers of 2 for evacuation
[587.750s][info][gc,phases   ] GC(1265)   Pre Evacuate Collection Set: 0.22ms
[587.750s][info][gc,phases   ] GC(1265)   Merge Heap Roots: 0.07ms
[587.750s][info][gc,phases   ] GC(1265)   Evacuate Collection Set: 4.16ms
[587.750s][info][gc,phases   ] GC(1265)   Post Evacuate Collection Set: 0.46ms
[587.750s][info][gc,phases   ] GC(1265)   Other: 0.09ms
[587.750s][info][gc,heap     ] GC(1265) Eden regions: 229->0(241)
[587.750s][info][gc,heap     ] GC(1265) Survivor regions: 3->5(29)
[587.750s][info][gc,heap     ] GC(1265) Old regions: 114->114
[587.750s][info][gc,heap     ] GC(1265) Humongous regions: 4->2
[587.750s][info][gc,metaspace] GC(1265) Metaspace: 43175K(43520K)->43175K(43520K) NonClass: 40367K(40576K)->40367K(40576K) Class: 2808K(2944K)->2808K(2944K)
[587.750s][info][gc          ] GC(1265) Pause Young (Concurrent Start) (G1 Evacuation Pause) 348M->120M(454M) 5.207ms
[587.750s][info][gc,cpu      ] GC(1265) User=0.01s Sys=0.00s Real=0.00s
[587.750s][info][gc          ] GC(1266) Concurrent Mark Cycle
[587.750s][info][gc,marking  ] GC(1266) Concurrent Scan Root Regions
[587.753s][info][gc,marking  ] GC(1266) Concurrent Scan Root Regions 2.546ms
[587.753s][info][gc,marking  ] GC(1266) Concurrent Mark
[587.753s][info][gc,marking  ] GC(1266) Concurrent Mark From Roots
[587.753s][info][gc,task     ] GC(1266) Using 1 workers of 1 for marking
[587.825s][info][gc,marking  ] GC(1266) Concurrent Mark From Roots 72.001ms
[587.825s][info][gc,marking  ] GC(1266) Concurrent Preclean
[587.825s][info][gc,marking  ] GC(1266) Concurrent Preclean 0.053ms
[587.825s][info][gc,start    ] GC(1266) Pause Remark
[587.839s][info][gc          ] GC(1266) Pause Remark 169M->144M(320M) 13.569ms
[587.839s][info][gc,cpu      ] GC(1266) User=0.02s Sys=0.00s Real=0.01s
[587.839s][info][gc,marking  ] GC(1266) Concurrent Mark 85.898ms
[587.839s][info][gc,marking  ] GC(1266) Concurrent Rebuild Remembered Sets and Scrub Regions
[587.869s][info][gc,marking  ] GC(1266) Concurrent Rebuild Remembered Sets and Scrub Regions 30.305ms
[587.869s][info][gc,start    ] GC(1266) Pause Cleanup
[587.869s][info][gc          ] GC(1266) Pause Cleanup 163M->163M(320M) 0.050ms
[587.869s][info][gc,cpu      ] GC(1266) User=0.00s Sys=0.00s Real=0.00s
[587.869s][info][gc,marking  ] GC(1266) Concurrent Clear Claimed Marks
[587.869s][info][gc,marking  ] GC(1266) Concurrent Clear Claimed Marks 0.034ms
[587.869s][info][gc,marking  ] GC(1266) Concurrent Cleanup for Next Mark
[587.870s][info][gc,marking  ] GC(1266) Concurrent Cleanup for Next Mark 0.917ms
[587.870s][info][gc          ] GC(1266) Concurrent Mark Cycle 120.002ms
[588.054s][info][gc,start    ] GC(1267) Pause Young (Prepare Mixed) (G1 Evacuation Pause)
[588.054s][info][gc,task     ] GC(1267) Using 2 workers of 2 for evacuation
[588.057s][info][gc,phases   ] GC(1267)   Pre Evacuate Collection Set: 0.16ms
[588.057s][info][gc,phases   ] GC(1267)   Merge Heap Roots: 0.10ms
[588.057s][info][gc,phases   ] GC(1267)   Evacuate Collection Set: 2.57ms
[588.057s][info][gc,phases   ] GC(1267)   Post Evacuate Collection Set: 0.44ms
[588.057s][info][gc,phases   ] GC(1267)   Other: 0.07ms
[588.057s][info][gc,heap     ] GC(1267) Eden regions: 187->0(177)
[588.057s][info][gc,heap     ] GC(1267) Survivor regions: 5->4(24)
[588.057s][info][gc,heap     ] GC(1267) Old regions: 90->90
[588.057s][info][gc,heap     ] GC(1267) Humongous regions: 1->1
[588.057s][info][gc,metaspace] GC(1267) Metaspace: 43175K(43520K)->43175K(43520K) NonClass: 40367K(40576K)->40367K(40576K) Class: 2808K(2944K)->2808K(2944K)
[588.057s][info][gc          ] GC(1267) Pause Young (Prepare Mixed) (G1 Evacuation Pause) 282M->93M(320M) 3.504ms
[588.057s][info][gc,cpu      ] GC(1267) User=0.01s Sys=0.00s Real=0.00s
[588.664s][info][gc,start    ] GC(1268) Pause Young (Mixed) (G1 Evacuation Pause)
[588.664s][info][gc,task     ] GC(1268) Using 2 workers of 2 for evacuation
[588.682s][info][gc,phases   ] GC(1268)   Pre Evacuate Collection Set: 0.26ms
[588.682s][info][gc,phases   ] GC(1268)   Merge Heap Roots: 0.19ms
[588.682s][info][gc,phases   ] GC(1268)   Evacuate Collection Set: 16.57ms
[588.682s][info][gc,phases   ] GC(1268)   Post Evacuate Collection Set: 1.02ms
[588.682s][info][gc,phases   ] GC(1268)   Other: 0.11ms
[588.682s][info][gc,heap     ] GC(1268) Eden regions: 177->0(266)
[588.682s][info][gc,heap     ] GC(1268) Survivor regions: 4->8(23)
[588.682s][info][gc,heap     ] GC(1268) Old regions: 90->68
[588.682s][info][gc,heap     ] GC(1268) Humongous regions: 175->3
[588.682s][info][gc,metaspace] GC(1268) Metaspace: 43175K(43520K)->43175K(43520K) NonClass: 40367K(40576K)->40367K(40576K) Class: 2808K(2944K)->2808K(2944K)
[588.682s][info][gc          ] GC(1268) Pause Young (Mixed) (G1 Evacuation Pause) 444M->77M(458M) 18.378ms
[588.682s][info][gc,cpu      ] GC(1268) User=0.03s Sys=0.00s Real=0.02s
[588.709s][info][gc,start    ] GC(1269) Pause Young (Concurrent Start) (G1 Humongous Allocation)
[588.709s][info][gc,task     ] GC(1269) Using 2 workers of 2 for evacuation
[588.716s][info][gc,phases   ] GC(1269)   Pre Evacuate Collection Set: 0.24ms
[588.716s][info][gc,phases   ] GC(1269)   Merge Heap Roots: 0.05ms
[588.716s][info][gc,phases   ] GC(1269)   Evacuate Collection Set: 5.87ms
[588.716s][info][gc,phases   ] GC(1269)   Post Evacuate Collection Set: 0.42ms
[588.716s][info][gc,phases   ] GC(1269)   Other: 0.09ms
[588.716s][info][gc,heap     ] GC(1269) Eden regions: 4->0(265)
[588.716s][info][gc,heap     ] GC(1269) Survivor regions: 8->9(35)
[588.716s][info][gc,heap     ] GC(1269) Old regions: 68->68
[588.716s][info][gc,heap     ] GC(1269) Humongous regions: 21->1
[588.716s][info][gc,metaspace] GC(1269) Metaspace: 43175K(43520K)->43175K(43520K) NonClass: 40367K(40576K)->40367K(40576K) Class: 2808K(2944K)->2808K(2944K)
[588.716s][info][gc          ] GC(1269) Pause Young (Concurrent Start) (G1 Humongous Allocation) 99M->76M(458M) 6.844ms
[588.716s][info][gc          ] GC(1270) Concurrent Undo Cycle
[588.716s][info][gc,marking  ] GC(1270) Concurrent Clear Claimed Marks
[588.716s][info][gc,marking  ] GC(1270) Concurrent Clear Claimed Marks 0.035ms
[588.716s][info][gc,marking  ] GC(1270) Concurrent Cleanup for Next Mark
[588.716s][info][gc,cpu      ] GC(1269) User=0.01s Sys=0.00s Real=0.01s
[588.716s][info][gc,marking  ] GC(1270) Concurrent Cleanup for Next Mark 0.153ms
[588.716s][info][gc          ] GC(1270) Concurrent Undo Cycle 0.225ms
[588.721s][info][gc,start    ] GC(1271) Pause Young (Concurrent Start) (G1 Humongous Allocation)
[588.721s][info][gc,task     ] GC(1271) Using 2 workers of 2 for evacuation
[588.728s][info][gc,phases   ] GC(1271)   Pre Evacuate Collection Set: 0.20ms
[588.728s][info][gc,phases   ] GC(1271)   Merge Heap Roots: 0.05ms
[588.728s][info][gc,phases   ] GC(1271)   Evacuate Collection Set: 5.87ms
[588.728s][info][gc,phases   ] GC(1271)   Post Evacuate Collection Set: 0.47ms
[588.728s][info][gc,phases   ] GC(1271)   Other: 0.07ms
[588.728s][info][gc,heap     ] GC(1271) Eden regions: 1->0(266)
[588.728s][info][gc,heap     ] GC(1271) Survivor regions: 9->8(35)
[588.728s][info][gc,heap     ] GC(1271) Old regions: 68->68
[588.728s][info][gc,heap     ] GC(1271) Humongous regions: 3->1
[588.728s][info][gc,metaspace] GC(1271) Metaspace: 43175K(43520K)->43175K(43520K) NonClass: 40367K(40576K)->40367K(40576K) Class: 2808K(2944K)->2808K(2944K)
[588.728s][info][gc          ] GC(1271) Pause Young (Concurrent Start) (G1 Humongous Allocation) 78M->75M(458M) 6.842ms
[588.728s][info][gc,cpu      ] GC(1271) User=0.02s Sys=0.00s Real=0.01s
[588.728s][info][gc          ] GC(1272) Concurrent Mark Cycle
[588.728s][info][gc,marking  ] GC(1272) Concurrent Scan Root Regions
[588.732s][info][gc,marking  ] GC(1272) Concurrent Scan Root Regions 3.859ms
[588.732s][info][gc,marking  ] GC(1272) Concurrent Mark
[588.732s][info][gc,marking  ] GC(1272) Concurrent Mark From Roots
[588.732s][info][gc,task     ] GC(1272) Using 1 workers of 1 for marking
[588.801s][info][gc,marking  ] GC(1272) Concurrent Mark From Roots 69.535ms
[588.801s][info][gc,marking  ] GC(1272) Concurrent Preclean
[588.801s][info][gc,marking  ] GC(1272) Concurrent Preclean 0.042ms
[588.801s][info][gc,start    ] GC(1272) Pause Remark
[588.815s][info][gc          ] GC(1272) Pause Remark 140M->139M(440M) 13.630ms
[588.815s][info][gc,cpu      ] GC(1272) User=0.02s Sys=0.01s Real=0.02s
[588.815s][info][gc,marking  ] GC(1272) Concurrent Mark 83.526ms
[588.815s][info][gc,marking  ] GC(1272) Concurrent Rebuild Remembered Sets and Scrub Regions
[588.843s][info][gc,marking  ] GC(1272) Concurrent Rebuild Remembered Sets and Scrub Regions 28.014ms
[588.843s][info][gc,start    ] GC(1272) Pause Cleanup
[588.843s][info][gc          ] GC(1272) Pause Cleanup 158M->158M(440M) 0.059ms
[588.843s][info][gc,cpu      ] GC(1272) User=0.00s Sys=0.00s Real=0.00s
[588.844s][info][gc,marking  ] GC(1272) Concurrent Clear Claimed Marks
[588.844s][info][gc,marking  ] GC(1272) Concurrent Clear Claimed Marks 0.038ms
[588.844s][info][gc,marking  ] GC(1272) Concurrent Cleanup for Next Mark
[588.846s][info][gc,marking  ] GC(1272) Concurrent Cleanup for Next Mark 2.524ms
[588.846s][info][gc          ] GC(1272) Concurrent Mark Cycle 118.338ms
[589.370s][info][gc,start    ] GC(1273) Pause Young (Prepare Mixed) (G1 Evacuation Pause)
[589.371s][info][gc,task     ] GC(1273) Using 2 workers of 2 for evacuation
[589.388s][info][gc,phases   ] GC(1273)   Pre Evacuate Collection Set: 0.27ms
[589.388s][info][gc,phases   ] GC(1273)   Merge Heap Roots: 0.07ms
[589.388s][info][gc,phases   ] GC(1273)   Evacuate Collection Set: 15.57ms
[589.388s][info][gc,phases   ] GC(1273)   Post Evacuate Collection Set: 1.09ms
[589.388s][info][gc,phases   ] GC(1273)   Other: 0.07ms
[589.388s][info][gc,heap     ] GC(1273) Eden regions: 66->0(326)
[589.388s][info][gc,heap     ] GC(1273) Survivor regions: 8->13(40)
[589.388s][info][gc,heap     ] GC(1273) Old regions: 67->67
[589.388s][info][gc,heap     ] GC(1273) Humongous regions: 411->3
[589.388s][info][gc,metaspace] GC(1273) Metaspace: 43175K(43520K)->43175K(43520K) NonClass: 40367K(40576K)->40367K(40576K) Class: 2808K(2944K)->2808K(2944K)
[589.388s][info][gc          ] GC(1273) Pause Young (Prepare Mixed) (G1 Evacuation Pause) 550M->81M(565M) 17.271ms
[589.388s][info][gc,cpu      ] GC(1273) User=0.02s Sys=0.01s Real=0.02s
[590.147s][info][gc,start    ] GC(1274) Pause Young (Mixed) (G1 Evacuation Pause)
[590.147s][info][gc,task     ] GC(1274) Using 2 workers of 2 for evacuation
[590.187s][info][gc,phases   ] GC(1274)   Pre Evacuate Collection Set: 0.31ms
[590.187s][info][gc,phases   ] GC(1274)   Merge Heap Roots: 0.10ms
[590.187s][info][gc,phases   ] GC(1274)   Evacuate Collection Set: 37.72ms
[590.187s][info][gc,phases   ] GC(1274)   Post Evacuate Collection Set: 1.12ms
[590.187s][info][gc,phases   ] GC(1274)   Other: 0.08ms
[590.187s][info][gc,heap     ] GC(1274) Eden regions: 94->0(383)
[590.187s][info][gc,heap     ] GC(1274) Survivor regions: 13->26(48)
[590.187s][info][gc,heap     ] GC(1274) Old regions: 67->62
[590.187s][info][gc,heap     ] GC(1274) Humongous regions: 481->3
[590.187s][info][gc,metaspace] GC(1274) Metaspace: 43175K(43520K)->43175K(43520K) NonClass: 40367K(40576K)->40367K(40576K) Class: 2808K(2944K)->2808K(2944K)
[590.187s][info][gc          ] GC(1274) Pause Young (Mixed) (G1 Evacuation Pause) 653M->90M(683M) 39.568ms
[590.187s][info][gc,cpu      ] GC(1274) User=0.06s Sys=0.02s Real=0.04s
[590.340s][info][gc,start    ] GC(1275) Pause Young (Concurrent Start) (G1 Humongous Allocation)
[590.340s][info][gc,task     ] GC(1275) Using 2 workers of 2 for evacuation
[590.368s][info][gc,phases   ] GC(1275)   Pre Evacuate Collection Set: 0.29ms
[590.368s][info][gc,phases   ] GC(1275)   Merge Heap Roots: 0.05ms
[590.368s][info][gc,phases   ] GC(1275)   Evacuate Collection Set: 26.77ms
[590.368s][info][gc,phases   ] GC(1275)   Post Evacuate Collection Set: 0.53ms
[590.368s][info][gc,phases   ] GC(1275)   Other: 0.09ms
[590.368s][info][gc,heap     ] GC(1275) Eden regions: 22->0(378)
[590.368s][info][gc,heap     ] GC(1275) Survivor regions: 26->31(52)
[590.368s][info][gc,heap     ] GC(1275) Old regions: 62->62
[590.368s][info][gc,heap     ] GC(1275) Humongous regions: 97->1
[590.368s][info][gc,metaspace] GC(1275) Metaspace: 43175K(43520K)->43175K(43520K) NonClass: 40367K(40576K)->40367K(40576K) Class: 2808K(2944K)->2808K(2944K)
[590.368s][info][gc          ] GC(1275) Pause Young (Concurrent Start) (G1 Humongous Allocation) 205M->92M(683M) 27.942ms
[590.368s][info][gc,cpu      ] GC(1275) User=0.05s Sys=0.00s Real=0.03s
[590.368s][info][gc          ] GC(1276) Concurrent Undo Cycle
[590.368s][info][gc,marking  ] GC(1276) Concurrent Clear Claimed Marks
[590.368s][info][gc,marking  ] GC(1276) Concurrent Clear Claimed Marks 0.037ms
[590.368s][info][gc,marking  ] GC(1276) Concurrent Cleanup for Next Mark
[590.368s][info][gc,marking  ] GC(1276) Concurrent Cleanup for Next Mark 0.126ms
[590.368s][info][gc          ] GC(1276) Concurrent Undo Cycle 0.201ms
[590.411s][info][gc,start    ] GC(1277) Pause Young (Concurrent Start) (G1 Humongous Allocation)
[590.411s][info][gc,task     ] GC(1277) Using 2 workers of 2 for evacuation
[590.438s][info][gc,phases   ] GC(1277)   Pre Evacuate Collection Set: 0.30ms
[590.438s][info][gc,phases   ] GC(1277)   Merge Heap Roots: 0.06ms
[590.438s][info][gc,phases   ] GC(1277)   Evacuate Collection Set: 25.91ms
[590.438s][info][gc,phases   ] GC(1277)   Post Evacuate Collection Set: 0.38ms
[590.438s][info][gc,phases   ] GC(1277)   Other: 0.10ms
[590.438s][info][gc,heap     ] GC(1277) Eden regions: 5->0(384)
[590.438s][info][gc,heap     ] GC(1277) Survivor regions: 31->25(52)
[590.438s][info][gc,heap     ] GC(1277) Old regions: 62->68
[590.438s][info][gc,heap     ] GC(1277) Humongous regions: 33->1
[590.438s][info][gc,metaspace] GC(1277) Metaspace: 43175K(43520K)->43175K(43520K) NonClass: 40367K(40576K)->40367K(40576K) Class: 2808K(2944K)->2808K(2944K)
[590.438s][info][gc          ] GC(1277) Pause Young (Concurrent Start) (G1 Humongous Allocation) 129M->92M(683M) 26.944ms
[590.438s][info][gc,cpu      ] GC(1277) User=0.06s Sys=0.00s Real=0.03s
[590.438s][info][gc          ] GC(1278) Concurrent Undo Cycle
[590.438s][info][gc,marking  ] GC(1278) Concurrent Clear Claimed Marks
[590.438s][info][gc,marking  ] GC(1278) Concurrent Clear Claimed Marks 0.037ms
[590.438s][info][gc,marking  ] GC(1278) Concurrent Cleanup for Next Mark
[590.438s][info][gc,marking  ] GC(1278) Concurrent Cleanup for Next Mark 0.124ms
[590.438s][info][gc          ] GC(1278) Concurrent Undo Cycle 0.198ms
[590.466s][info][gc,start    ] GC(1279) Pause Young (Concurrent Start) (G1 Humongous Allocation)
[590.466s][info][gc,task     ] GC(1279) Using 2 workers of 2 for evacuation
[590.489s][info][gc,phases   ] GC(1279)   Pre Evacuate Collection Set: 0.29ms
[590.489s][info][gc,phases   ] GC(1279)   Merge Heap Roots: 0.07ms
[590.489s][info][gc,phases   ] GC(1279)   Evacuate Collection Set: 22.52ms
[590.489s][info][gc,phases   ] GC(1279)   Post Evacuate Collection Set: 0.38ms
[590.489s][info][gc,phases   ] GC(1279)   Other: 0.12ms
[590.489s][info][gc,heap     ] GC(1279) Eden regions: 3->0(384)
[590.489s][info][gc,heap     ] GC(1279) Survivor regions: 25->25(52)
[590.489s][info][gc,heap     ] GC(1279) Old regions: 68->68
[590.489s][info][gc,heap     ] GC(1279) Humongous regions: 21->1
[590.489s][info][gc,metaspace] GC(1279) Metaspace: 43175K(43520K)->43175K(43520K) NonClass: 40367K(40576K)->40367K(40576K) Class: 2808K(2944K)->2808K(2944K)
[590.489s][info][gc          ] GC(1279) Pause Young (Concurrent Start) (G1 Humongous Allocation) 115M->92M(683M) 23.567ms
[590.489s][info][gc,cpu      ] GC(1279) User=0.05s Sys=0.00s Real=0.02s
[590.489s][info][gc          ] GC(1280) Concurrent Undo Cycle
[590.489s][info][gc,marking  ] GC(1280) Concurrent Clear Claimed Marks
[590.490s][info][gc,marking  ] GC(1280) Concurrent Clear Claimed Marks 0.038ms
[590.490s][info][gc,marking  ] GC(1280) Concurrent Cleanup for Next Mark
[590.490s][info][gc,marking  ] GC(1280) Concurrent Cleanup for Next Mark 0.148ms
[590.490s][info][gc          ] GC(1280) Concurrent Undo Cycle 0.225ms
[590.524s][info][gc,start    ] GC(1281) Pause Young (Concurrent Start) (G1 Humongous Allocation)
[590.525s][info][gc,task     ] GC(1281) Using 2 workers of 2 for evacuation
[590.547s][info][gc,phases   ] GC(1281)   Pre Evacuate Collection Set: 0.27ms
[590.548s][info][gc,phases   ] GC(1281)   Merge Heap Roots: 0.06ms
[590.548s][info][gc,phases   ] GC(1281)   Evacuate Collection Set: 21.38ms
[590.548s][info][gc,phases   ] GC(1281)   Post Evacuate Collection Set: 1.17ms
[590.548s][info][gc,phases   ] GC(1281)   Other: 0.10ms
[590.548s][info][gc,heap     ] GC(1281) Eden regions: 4->0(444)
[590.548s][info][gc,heap     ] GC(1281) Survivor regions: 25->25(52)
[590.548s][info][gc,heap     ] GC(1281) Old regions: 68->68
[590.548s][info][gc,heap     ] GC(1281) Humongous regions: 27->1
[590.548s][info][gc,metaspace] GC(1281) Metaspace: 43175K(43520K)->43175K(43520K) NonClass: 40367K(40576K)->40367K(40576K) Class: 2808K(2944K)->2808K(2944K)
[590.548s][info][gc          ] GC(1281) Pause Young (Concurrent Start) (G1 Humongous Allocation) 122M->92M(782M) 23.188ms
[590.548s][info][gc,cpu      ] GC(1281) User=0.04s Sys=0.00s Real=0.02s
[590.548s][info][gc          ] GC(1282) Concurrent Undo Cycle
[590.548s][info][gc,marking  ] GC(1282) Concurrent Clear Claimed Marks
[590.548s][info][gc,marking  ] GC(1282) Concurrent Clear Claimed Marks 0.038ms
[590.548s][info][gc,marking  ] GC(1282) Concurrent Cleanup for Next Mark
[590.548s][info][gc,marking  ] GC(1282) Concurrent Cleanup for Next Mark 0.164ms
[590.548s][info][gc          ] GC(1282) Concurrent Undo Cycle 0.242ms
[590.665s][info][gc,start    ] GC(1283) Pause Young (Concurrent Start) (G1 Humongous Allocation)
[590.665s][info][gc,task     ] GC(1283) Using 2 workers of 2 for evacuation
[590.703s][info][gc,phases   ] GC(1283)   Pre Evacuate Collection Set: 0.29ms
[590.703s][info][gc,phases   ] GC(1283)   Merge Heap Roots: 0.08ms
[590.703s][info][gc,phases   ] GC(1283)   Evacuate Collection Set: 36.93ms
[590.703s][info][gc,phases   ] GC(1283)   Post Evacuate Collection Set: 0.41ms
[590.703s][info][gc,phases   ] GC(1283)   Other: 0.12ms
[590.703s][info][gc,heap     ] GC(1283) Eden regions: 17->0(440)
[590.703s][info][gc,heap     ] GC(1283) Survivor regions: 25->29(59)
[590.703s][info][gc,heap     ] GC(1283) Old regions: 68->68
[590.703s][info][gc,heap     ] GC(1283) Humongous regions: 65->1
[590.703s][info][gc,metaspace] GC(1283) Metaspace: 43175K(43520K)->43175K(43520K) NonClass: 40367K(40576K)->40367K(40576K) Class: 2808K(2944K)->2808K(2944K)
[590.703s][info][gc          ] GC(1283) Pause Young (Concurrent Start) (G1 Humongous Allocation) 173M->96M(782M) 38.033ms
[590.703s][info][gc,cpu      ] GC(1283) User=0.05s Sys=0.03s Real=0.04s
[590.703s][info][gc          ] GC(1284) Concurrent Undo Cycle
[590.703s][info][gc,marking  ] GC(1284) Concurrent Clear Claimed Marks
[590.703s][info][gc,marking  ] GC(1284) Concurrent Clear Claimed Marks 0.038ms
[590.703s][info][gc,marking  ] GC(1284) Concurrent Cleanup for Next Mark
[590.704s][info][gc,marking  ] GC(1284) Concurrent Cleanup for Next Mark 0.181ms
[590.704s][info][gc          ] GC(1284) Concurrent Undo Cycle 0.258ms
[591.854s][info][gc,start    ] GC(1285) Pause Young (Normal) (G1 Evacuation Pause)
[591.854s][info][gc,task     ] GC(1285) Using 2 workers of 2 for evacuation
[591.890s][info][gc,phases   ] GC(1285)   Pre Evacuate Collection Set: 0.28ms
[591.890s][info][gc,phases   ] GC(1285)   Merge Heap Roots: 0.14ms
[591.890s][info][gc,phases   ] GC(1285)   Evacuate Collection Set: 34.14ms
[591.890s][info][gc,phases   ] GC(1285)   Post Evacuate Collection Set: 0.71ms
[591.890s][info][gc,phases   ] GC(1285)   Other: 0.09ms
[591.890s][info][gc,heap     ] GC(1285) Eden regions: 440->0(429)
[591.890s][info][gc,heap     ] GC(1285) Survivor regions: 29->40(59)
[591.890s][info][gc,heap     ] GC(1285) Old regions: 68->68
[591.890s][info][gc,heap     ] GC(1285) Humongous regions: 67->1
[591.890s][info][gc,metaspace] GC(1285) Metaspace: 43185K(43584K)->43185K(43584K) NonClass: 40377K(40640K)->40377K(40640K) Class: 2808K(2944K)->2808K(2944K)
[591.890s][info][gc          ] GC(1285) Pause Young (Normal) (G1 Evacuation Pause) 602M->108M(782M) 35.577ms
[591.890s][info][gc,cpu      ] GC(1285) User=0.07s Sys=0.00s Real=0.03s
[592.763s][info][gc,start    ] GC(1286) Pause Young (Normal) (G1 Evacuation Pause)
[592.764s][info][gc,task     ] GC(1286) Using 2 workers of 2 for evacuation
[592.799s][info][gc,phases   ] GC(1286)   Pre Evacuate Collection Set: 0.29ms
[592.799s][info][gc,phases   ] GC(1286)   Merge Heap Roots: 0.15ms
[592.799s][info][gc,phases   ] GC(1286)   Evacuate Collection Set: 33.87ms
[592.799s][info][gc,phases   ] GC(1286)   Post Evacuate Collection Set: 0.77ms
[592.799s][info][gc,phases   ] GC(1286)   Other: 0.08ms
[592.799s][info][gc,heap     ] GC(1286) Eden regions: 429->0(448)
[592.799s][info][gc,heap     ] GC(1286) Survivor regions: 40->21(59)
[592.799s][info][gc,heap     ] GC(1286) Old regions: 68->88
[592.799s][info][gc,heap     ] GC(1286) Humongous regions: 1->1
[592.799s][info][gc,metaspace] GC(1286) Metaspace: 43185K(43584K)->43185K(43584K) NonClass: 40377K(40640K)->40377K(40640K) Class: 2808K(2944K)->2808K(2944K)
[592.799s][info][gc          ] GC(1286) Pause Young (Normal) (G1 Evacuation Pause) 537M->108M(782M) 35.394ms
[592.799s][info][gc,cpu      ] GC(1286) User=0.07s Sys=0.00s Real=0.03s
[593.768s][info][gc,start    ] GC(1287) Pause Young (Normal) (G1 Evacuation Pause)
[593.768s][info][gc,task     ] GC(1287) Using 2 workers of 2 for evacuation
[593.784s][info][gc,phases   ] GC(1287)   Pre Evacuate Collection Set: 0.28ms
[593.784s][info][gc,phases   ] GC(1287)   Merge Heap Roots: 0.13ms
[593.784s][info][gc,phases   ] GC(1287)   Evacuate Collection Set: 14.19ms
[593.784s][info][gc,phases   ] GC(1287)   Post Evacuate Collection Set: 0.65ms
[593.784s][info][gc,phases   ] GC(1287)   Other: 0.08ms
[593.784s][info][gc,heap     ] GC(1287) Eden regions: 448->0(448)
[593.784s][info][gc,heap     ] GC(1287) Survivor regions: 21->21(59)
[593.784s][info][gc,heap     ] GC(1287) Old regions: 88->88
[593.784s][info][gc,heap     ] GC(1287) Humongous regions: 1->1
[593.784s][info][gc,metaspace] GC(1287) Metaspace: 43185K(43584K)->43185K(43584K) NonClass: 40377K(40640K)->40377K(40640K) Class: 2808K(2944K)->2808K(2944K)
[593.784s][info][gc          ] GC(1287) Pause Young (Normal) (G1 Evacuation Pause) 556M->108M(782M) 15.516ms
[593.784s][info][gc,cpu      ] GC(1287) User=0.03s Sys=0.00s Real=0.02s
[595.628s][info][gc,start    ] GC(1288) Pause Young (Normal) (G1 Evacuation Pause)
[595.628s][info][gc,task     ] GC(1288) Using 2 workers of 2 for evacuation
[595.673s][info][gc,phases   ] GC(1288)   Pre Evacuate Collection Set: 0.28ms
[595.673s][info][gc,phases   ] GC(1288)   Merge Heap Roots: 0.18ms
[595.673s][info][gc,phases   ] GC(1288)   Evacuate Collection Set: 43.93ms
[595.673s][info][gc,phases   ] GC(1288)   Post Evacuate Collection Set: 0.89ms
[595.673s][info][gc,phases   ] GC(1288)   Other: 0.12ms
[595.673s][info][gc,heap     ] GC(1288) Eden regions: 448->0(422)
[595.673s][info][gc,heap     ] GC(1288) Survivor regions: 21->47(59)
[595.673s][info][gc,heap     ] GC(1288) Old regions: 88->88
[595.673s][info][gc,heap     ] GC(1288) Humongous regions: 14->4
[595.674s][info][gc,metaspace] GC(1288) Metaspace: 43191K(43584K)->43191K(43584K) NonClass: 40383K(40640K)->40383K(40640K) Class: 2808K(2944K)->2808K(2944K)
[595.674s][info][gc          ] GC(1288) Pause Young (Normal) (G1 Evacuation Pause) 569M->137M(782M) 45.599ms
[595.674s][info][gc,cpu      ] GC(1288) User=0.09s Sys=0.00s Real=0.05s
[596.660s][info][gc,start    ] GC(1289) Pause Young (Normal) (G1 Evacuation Pause)
[596.660s][info][gc,task     ] GC(1289) Using 2 workers of 2 for evacuation
[596.767s][info][gc,phases   ] GC(1289)   Pre Evacuate Collection Set: 0.28ms
[596.767s][info][gc,phases   ] GC(1289)   Merge Heap Roots: 0.22ms
[596.767s][info][gc,phases   ] GC(1289)   Evacuate Collection Set: 104.76ms
[596.767s][info][gc,phases   ] GC(1289)   Post Evacuate Collection Set: 0.77ms
[596.767s][info][gc,phases   ] GC(1289)   Other: 0.10ms
[596.767s][info][gc,heap     ] GC(1289) Eden regions: 422->0(423)
[596.767s][info][gc,heap     ] GC(1289) Survivor regions: 47->46(59)
[596.767s][info][gc,heap     ] GC(1289) Old regions: 88->134
[596.767s][info][gc,heap     ] GC(1289) Humongous regions: 10->10
[596.767s][info][gc,metaspace] GC(1289) Metaspace: 43191K(43584K)->43191K(43584K) NonClass: 40383K(40640K)->40383K(40640K) Class: 2808K(2944K)->2808K(2944K)
[596.767s][info][gc          ] GC(1289) Pause Young (Normal) (G1 Evacuation Pause) 565M->188M(782M) 106.330ms
[596.767s][info][gc,cpu      ] GC(1289) User=0.21s Sys=0.00s Real=0.11s
[597.143s][info][gc,heap,exit] Heap
[597.143s][info][gc,heap,exit]  garbage-first heap   total reserved 1001472K, committed 800768K, used 349641K [0x00000000c2e00000, 0x0000000100000000)
[597.143s][info][gc,heap,exit]   region size 1024K, 198 young (202752K), 46 survivors (47104K)
[597.143s][info][gc,heap,exit]  Metaspace       used 43324K, committed 43712K, reserved 1114112K
[597.143s][info][gc,heap,exit]   class space    used 2822K, committed 2944K, reserved 1048576K
