[0.002s][info][metaspace]  - commit_granule_bytes: 65536.
[0.002s][info][metaspace]  - commit_granule_words: 8192.
[0.002s][info][metaspace]  - virtual_space_node_default_size: 8388608.
[0.002s][info][metaspace]  - enlarge_chunks_in_place: 1.
[0.004s][info][gc,init  ] CardTable entry size: 512
[0.008s][info][gc       ] Using G1
[0.011s][info][gc,init  ] Version: 24-internal-adhoc.root.jdk (release)
[0.011s][info][gc,init  ] CPUs: 2 total, 2 available
[0.011s][info][gc,init  ] Memory: 3908M
[0.011s][info][gc,init  ] Large Page Support: Disabled
[0.011s][info][gc,init  ] NUMA Support: Disabled
[0.011s][info][gc,init  ] Compressed Oops: Enabled (32-bit)
[0.011s][info][gc,init  ] Heap Region Size: 1M
[0.011s][info][gc,init  ] Heap Min Capacity: 256M
[0.011s][info][gc,init  ] Heap Initial Capacity: 256M
[0.011s][info][gc,init  ] Heap Max Capacity: 978M
[0.011s][info][gc,init  ] Pre-touch: Disabled
[0.011s][info][gc,init  ] Parallel Workers: 2
[0.011s][info][gc,init  ] Concurrent Workers: 1
[0.011s][info][gc,init  ] Concurrent Refinement Workers: 2
[0.011s][info][gc,init  ] Periodic GC: Disabled
[0.024s][info][gc,metaspace] CDS archive(s) mapped at: [0x00007fea92000000-0x00007fea92dc0000-0x00007fea92dc0000), size 14417920, SharedBaseAddress: 0x00007fea92000000, ArchiveRelocationMode: 1.
[0.024s][info][gc,metaspace] Compressed class space mapped at: 0x00007fea93000000-0x00007fead3000000, reserved size: 1073741824
[0.024s][info][gc,metaspace] UseCompressedClassPointers 1, UseCompactObjectHeaders 0
[0.024s][info][gc,metaspace] Narrow klass pointer bits 32, Max shift 3
[0.024s][info][gc,metaspace] Narrow klass base: 0x00007fea92000000, Narrow klass shift: 0
[0.024s][info][gc,metaspace] Encoding Range: [0x00007fea92000000 - 0x00007feb92000000), (4294967296 bytes)
[0.024s][info][gc,metaspace] Klass Range:    [0x00007fea92000000 - 0x00007fead3000000), (1090519040 bytes)
[0.024s][info][gc,metaspace] Klass ID Range:  [8 - 1090519033) (1090519025)
[0.262s][info][gc,start    ] GC(0) Pause Young (Normal) (G1 Evacuation Pause)
[0.263s][info][gc,task     ] GC(0) Using 2 workers of 2 for evacuation
[0.266s][info][gc,phases   ] GC(0)   Pre Evacuate Collection Set: 0.15ms
[0.266s][info][gc,phases   ] GC(0)   Merge Heap Roots: 0.08ms
[0.266s][info][gc,phases   ] GC(0)   Evacuate Collection Set: 2.57ms
[0.266s][info][gc,phases   ] GC(0)   Post Evacuate Collection Set: 0.21ms
[0.266s][info][gc,phases   ] GC(0)   Other: 0.27ms
[0.266s][info][gc,heap     ] GC(0) Eden regions: 12->0(10)
[0.266s][info][gc,heap     ] GC(0) Survivor regions: 0->2(2)
[0.266s][info][gc,heap     ] GC(0) Old regions: 2->2
[0.266s][info][gc,heap     ] GC(0) Humongous regions: 0->0
[0.266s][info][gc,metaspace] GC(0) Metaspace: 2346K(2496K)->2346K(2496K) NonClass: 2149K(2240K)->2149K(2240K) Class: 196K(256K)->196K(256K)
[0.266s][info][gc          ] GC(0) Pause Young (Normal) (G1 Evacuation Pause) 13M->2M(258M) 3.536ms
[0.266s][info][gc,cpu      ] GC(0) User=0.00s Sys=0.00s Real=0.00s
[0.295s][info][gc,start    ] GC(1) Pause Young (Normal) (G1 Evacuation Pause)
[0.295s][info][gc,task     ] GC(1) Using 2 workers of 2 for evacuation
[0.298s][info][gc,phases   ] GC(1)   Pre Evacuate Collection Set: 0.14ms
[0.298s][info][gc,phases   ] GC(1)   Merge Heap Roots: 0.04ms
[0.298s][info][gc,phases   ] GC(1)   Evacuate Collection Set: 2.29ms
[0.298s][info][gc,phases   ] GC(1)   Post Evacuate Collection Set: 0.17ms
[0.298s][info][gc,phases   ] GC(1)   Other: 0.06ms
[0.298s][info][gc,heap     ] GC(1) Eden regions: 10->0(20)
[0.298s][info][gc,heap     ] GC(1) Survivor regions: 2->1(2)
[0.298s][info][gc,heap     ] GC(1) Old regions: 2->4
[0.298s][info][gc,heap     ] GC(1) Humongous regions: 0->0
[0.298s][info][gc,metaspace] GC(1) Metaspace: 2394K(2496K)->2394K(2496K) NonClass: 2197K(2240K)->2197K(2240K) Class: 197K(256K)->197K(256K)
[0.298s][info][gc          ] GC(1) Pause Young (Normal) (G1 Evacuation Pause) 12M->3M(258M) 2.856ms
[0.298s][info][gc,cpu      ] GC(1) User=0.01s Sys=0.00s Real=0.01s
[0.779s][info][gc,start    ] GC(2) Pause Young (Normal) (G1 Evacuation Pause)
[0.779s][info][gc,task     ] GC(2) Using 2 workers of 2 for evacuation
[0.782s][info][gc,phases   ] GC(2)   Pre Evacuate Collection Set: 0.14ms
[0.782s][info][gc,phases   ] GC(2)   Merge Heap Roots: 0.05ms
[0.782s][info][gc,phases   ] GC(2)   Evacuate Collection Set: 2.78ms
[0.782s][info][gc,phases   ] GC(2)   Post Evacuate Collection Set: 0.22ms
[0.782s][info][gc,phases   ] GC(2)   Other: 0.12ms
[0.782s][info][gc,heap     ] GC(2) Eden regions: 20->0(23)
[0.782s][info][gc,heap     ] GC(2) Survivor regions: 1->2(3)
[0.782s][info][gc,heap     ] GC(2) Old regions: 4->4
[0.782s][info][gc,heap     ] GC(2) Humongous regions: 0->0
[0.782s][info][gc,metaspace] GC(2) Metaspace: 4728K(4864K)->4728K(4864K) NonClass: 4344K(4416K)->4344K(4416K) Class: 384K(448K)->384K(448K)
[0.782s][info][gc          ] GC(2) Pause Young (Normal) (G1 Evacuation Pause) 23M->4M(258M) 3.484ms
[0.782s][info][gc,cpu      ] GC(2) User=0.00s Sys=0.00s Real=0.00s
[1.190s][info][gc,start    ] GC(3) Pause Young (Normal) (G1 Evacuation Pause)
[1.190s][info][gc,task     ] GC(3) Using 2 workers of 2 for evacuation
[1.198s][info][gc,phases   ] GC(3)   Pre Evacuate Collection Set: 0.14ms
[1.198s][info][gc,phases   ] GC(3)   Merge Heap Roots: 0.04ms
[1.198s][info][gc,phases   ] GC(3)   Evacuate Collection Set: 6.78ms
[1.198s][info][gc,phases   ] GC(3)   Post Evacuate Collection Set: 0.34ms
[1.198s][info][gc,phases   ] GC(3)   Other: 0.06ms
[1.198s][info][gc,heap     ] GC(3) Eden regions: 23->0(26)
[1.198s][info][gc,heap     ] GC(3) Survivor regions: 2->4(4)
[1.198s][info][gc,heap     ] GC(3) Old regions: 4->4
[1.198s][info][gc,heap     ] GC(3) Humongous regions: 0->0
[1.198s][info][gc,metaspace] GC(3) Metaspace: 8787K(9024K)->8787K(9024K) NonClass: 8057K(8192K)->8057K(8192K) Class: 729K(832K)->729K(832K)
[1.198s][info][gc          ] GC(3) Pause Young (Normal) (G1 Evacuation Pause) 27M->7M(258M) 7.560ms
[1.198s][info][gc,cpu      ] GC(3) User=0.01s Sys=0.00s Real=0.01s
[1.699s][info][gc,start    ] GC(4) Pause Young (Normal) (G1 Evacuation Pause)
[1.699s][info][gc,task     ] GC(4) Using 2 workers of 2 for evacuation
[1.708s][info][gc,phases   ] GC(4)   Pre Evacuate Collection Set: 0.17ms
[1.708s][info][gc,phases   ] GC(4)   Merge Heap Roots: 0.04ms
[1.708s][info][gc,phases   ] GC(4)   Evacuate Collection Set: 8.97ms
[1.708s][info][gc,phases   ] GC(4)   Post Evacuate Collection Set: 0.39ms
[1.708s][info][gc,phases   ] GC(4)   Other: 0.09ms
[1.708s][info][gc,heap     ] GC(4) Eden regions: 26->0(36)
[1.708s][info][gc,heap     ] GC(4) Survivor regions: 4->3(4)
[1.708s][info][gc,heap     ] GC(4) Old regions: 4->8
[1.708s][info][gc,heap     ] GC(4) Humongous regions: 0->0
[1.708s][info][gc,metaspace] GC(4) Metaspace: 15214K(15552K)->15214K(15552K) NonClass: 13978K(14208K)->13978K(14208K) Class: 1236K(1344K)->1236K(1344K)
[1.708s][info][gc          ] GC(4) Pause Young (Normal) (G1 Evacuation Pause) 33M->9M(258M) 9.841ms
[1.708s][info][gc,cpu      ] GC(4) User=0.01s Sys=0.01s Real=0.01s
[4.884s][info][gc,start    ] GC(5) Pause Young (Normal) (G1 Evacuation Pause)
[4.884s][info][gc,task     ] GC(5) Using 2 workers of 2 for evacuation
[4.904s][info][gc,phases   ] GC(5)   Pre Evacuate Collection Set: 0.22ms
[4.904s][info][gc,phases   ] GC(5)   Merge Heap Roots: 0.04ms
[4.904s][info][gc,phases   ] GC(5)   Evacuate Collection Set: 19.27ms
[4.904s][info][gc,phases   ] GC(5)   Post Evacuate Collection Set: 0.48ms
[4.904s][info][gc,phases   ] GC(5)   Other: 0.07ms
[4.904s][info][gc,heap     ] GC(5) Eden regions: 36->0(43)
[4.904s][info][gc,heap     ] GC(5) Survivor regions: 3->4(5)
[4.904s][info][gc,heap     ] GC(5) Old regions: 8->8
[4.904s][info][gc,heap     ] GC(5) Humongous regions: 0->0
[4.904s][info][gc,metaspace] GC(5) Metaspace: 20870K(21248K)->20870K(21248K) NonClass: 19293K(19520K)->19293K(19520K) Class: 1577K(1728K)->1577K(1728K)
[4.904s][info][gc          ] GC(5) Pause Young (Normal) (G1 Evacuation Pause) 45M->10M(258M) 20.250ms
[4.904s][info][gc,cpu      ] GC(5) User=0.02s Sys=0.01s Real=0.02s
[5.015s][info][metaspace   ] ChkMgr @0x00007feb0815e550 (non-class-space): failed to commit 12 words on chunk @0x00007feb087d6eb8, f, base 0x00007fea89380000, level lv10.
[5.015s][info][metaspace   ] Arena @0x00007feb08610a60 (non-class arena): failed to allocate new chunk for requested word size 12.
[5.015s][info][metaspace   ] Arena @0x00007feb08610a60 (non-class arena): allocation failed, returned null.
[5.015s][info][metaspace   ] ChkMgr @0x00007feb0815e550 (non-class-space): failed to commit 12 words on chunk @0x00007feb087d6eb8, f, base 0x00007fea89380000, level lv10.
[5.016s][info][metaspace   ] Arena @0x00007feb08610a60 (non-class arena): failed to allocate new chunk for requested word size 12.
[5.016s][info][metaspace   ] Arena @0x00007feb08610a60 (non-class arena): allocation failed, returned null.
[5.016s][info][metaspace   ] ChkMgr @0x00007feb0815e550 (non-class-space): failed to commit 12 words on chunk @0x00007feb087d6eb8, f, base 0x00007fea89380000, level lv10.
[5.016s][info][metaspace   ] Arena @0x00007feb08610a60 (non-class arena): failed to allocate new chunk for requested word size 12.
[5.016s][info][metaspace   ] Arena @0x00007feb08610a60 (non-class arena): allocation failed, returned null.
[5.016s][info][gc,start    ] GC(6) Pause Young (Concurrent Start) (Metadata GC Threshold)
[5.016s][info][gc,task     ] GC(6) Using 2 workers of 2 for evacuation
[5.022s][info][gc,phases   ] GC(6)   Pre Evacuate Collection Set: 0.37ms
[5.022s][info][gc,phases   ] GC(6)   Merge Heap Roots: 0.04ms
[5.022s][info][gc,phases   ] GC(6)   Evacuate Collection Set: 5.09ms
[5.022s][info][gc,phases   ] GC(6)   Post Evacuate Collection Set: 0.28ms
[5.022s][info][gc,phases   ] GC(6)   Other: 0.12ms
[5.022s][info][gc,heap     ] GC(6) Eden regions: 2->0(66)
[5.022s][info][gc,heap     ] GC(6) Survivor regions: 4->2(6)
[5.022s][info][gc,heap     ] GC(6) Old regions: 8->11
[5.022s][info][gc,heap     ] GC(6) Humongous regions: 0->0
[5.022s][info][gc,metaspace] GC(6) Metaspace: 21068K(21504K)->21068K(21504K) NonClass: 19476K(19712K)->19476K(19712K) Class: 1592K(1792K)->1592K(1792K)
[5.022s][info][gc          ] GC(6) Pause Young (Concurrent Start) (Metadata GC Threshold) 11M->10M(258M) 6.027ms
[5.022s][info][gc,cpu      ] GC(6) User=0.01s Sys=0.00s Real=0.01s
[5.022s][info][gc          ] GC(7) Concurrent Mark Cycle
[5.022s][info][metaspace   ] CLMS @0x00007feb08610a30 : GC threshold increased: 22020096->22347776.
[5.022s][info][gc,marking  ] GC(7) Concurrent Scan Root Regions
[5.029s][info][gc,marking  ] GC(7) Concurrent Scan Root Regions 6.927ms
[5.029s][info][gc,marking  ] GC(7) Concurrent Mark
[5.029s][info][gc,marking  ] GC(7) Concurrent Mark From Roots
[5.029s][info][gc,task     ] GC(7) Using 1 workers of 1 for marking
[5.052s][info][metaspace   ] Arena @0x00007feb08177610 (non-class arena): commit failure (requested size: 11)
[5.052s][info][metaspace   ] ChkMgr @0x00007feb0815e550 (non-class-space): failed to commit 11 words on chunk @0x00007feb087d7b18, f, base 0x00007fea893c0000, level lv06.
[5.052s][info][metaspace   ] Arena @0x00007feb08177610 (non-class arena): failed to allocate new chunk for requested word size 11.
[5.052s][info][metaspace   ] Arena @0x00007feb08177610 (non-class arena): allocation failed, returned null.
[5.052s][info][metaspace   ] Arena @0x00007feb08177610 (non-class arena): commit failure (requested size: 11)
[5.052s][info][metaspace   ] ChkMgr @0x00007feb0815e550 (non-class-space): failed to commit 11 words on chunk @0x00007feb087d7b18, f, base 0x00007fea893c0000, level lv06.
[5.052s][info][metaspace   ] Arena @0x00007feb08177610 (non-class arena): failed to allocate new chunk for requested word size 11.
[5.052s][info][metaspace   ] Arena @0x00007feb08177610 (non-class arena): allocation failed, returned null.
[5.052s][info][metaspace   ] Arena @0x00007feb08177610 (non-class arena): commit failure (requested size: 11)
[5.052s][info][metaspace   ] ChkMgr @0x00007feb0815e550 (non-class-space): failed to commit 11 words on chunk @0x00007feb087d7b18, f, base 0x00007fea893c0000, level lv06.
[5.052s][info][metaspace   ] Arena @0x00007feb08177610 (non-class arena): failed to allocate new chunk for requested word size 11.
[5.052s][info][metaspace   ] Arena @0x00007feb08177610 (non-class arena): allocation failed, returned null.
[5.052s][info][metaspace   ] CLMS @0x00007feb081775e0 : GC threshold increased: 22347776->22675456.
[5.058s][info][metaspace   ] Arena @0x00007feb08177610 (non-class arena): commit failure (requested size: 2)
[5.060s][info][gc,marking  ] GC(7) Concurrent Mark From Roots 31.025ms
[5.060s][info][gc,marking  ] GC(7) Concurrent Preclean
[5.060s][info][gc,marking  ] GC(7) Concurrent Preclean 0.027ms
[5.060s][info][metaspace   ] ChkMgr @0x00007feb0815e550 (non-class-space): failed to commit 53 words on chunk @0x00007feb086d26a0, f, base 0x00007fea89400000, level lv10.
[5.060s][info][metaspace   ] Arena @0x00007feb08609560 (non-class arena): failed to allocate new chunk for requested word size 53.
[5.060s][info][metaspace   ] Arena @0x00007feb08609560 (non-class arena): allocation failed, returned null.
[5.060s][info][metaspace   ] ChkMgr @0x00007feb0815e550 (non-class-space): failed to commit 53 words on chunk @0x00007feb086d26a0, f, base 0x00007fea89400000, level lv10.
[5.060s][info][metaspace   ] Arena @0x00007feb08609560 (non-class arena): failed to allocate new chunk for requested word size 53.
[5.060s][info][metaspace   ] Arena @0x00007feb08609560 (non-class arena): allocation failed, returned null.
[5.061s][info][gc,start    ] GC(7) Pause Remark
[5.066s][info][gc          ] GC(7) Pause Remark 12M->12M(256M) 5.067ms
[5.066s][info][gc,cpu      ] GC(7) User=0.01s Sys=0.00s Real=0.00s
[5.067s][info][gc,marking  ] GC(7) Concurrent Mark 38.025ms
[5.067s][info][gc,marking  ] GC(7) Concurrent Rebuild Remembered Sets and Scrub Regions
[5.082s][info][gc,marking  ] GC(7) Concurrent Rebuild Remembered Sets and Scrub Regions 15.601ms
[5.083s][info][gc,start    ] GC(7) Pause Cleanup
[5.083s][info][gc          ] GC(7) Pause Cleanup 13M->13M(256M) 0.035ms
[5.083s][info][gc,cpu      ] GC(7) User=0.00s Sys=0.00s Real=0.00s
[5.083s][info][gc,marking  ] GC(7) Concurrent Clear Claimed Marks
[5.083s][info][gc,marking  ] GC(7) Concurrent Clear Claimed Marks 0.041ms
[5.083s][info][gc,marking  ] GC(7) Concurrent Cleanup for Next Mark
[5.090s][info][gc,marking  ] GC(7) Concurrent Cleanup for Next Mark 7.144ms
[5.090s][info][gc          ] GC(7) Concurrent Mark Cycle 68.520ms
[5.869s][info][gc,start    ] GC(8) Pause Young (Prepare Mixed) (G1 Evacuation Pause)
[5.869s][info][gc,task     ] GC(8) Using 2 workers of 2 for evacuation
[5.877s][info][gc,phases   ] GC(8)   Pre Evacuate Collection Set: 0.18ms
[5.877s][info][gc,phases   ] GC(8)   Merge Heap Roots: 0.05ms
[5.877s][info][gc,phases   ] GC(8)   Evacuate Collection Set: 6.56ms
[5.877s][info][gc,phases   ] GC(8)   Post Evacuate Collection Set: 0.36ms
[5.877s][info][gc,phases   ] GC(8)   Other: 0.10ms
[5.877s][info][gc,heap     ] GC(8) Eden regions: 65->0(66)
[5.877s][info][gc,heap     ] GC(8) Survivor regions: 2->4(9)
[5.877s][info][gc,heap     ] GC(8) Old regions: 11->11
[5.877s][info][gc,heap     ] GC(8) Humongous regions: 0->0
[5.877s][info][gc,metaspace] GC(8) Metaspace: 24018K(24384K)->24018K(24384K) NonClass: 22236K(22528K)->22236K(22528K) Class: 1782K(1856K)->1782K(1856K)
[5.877s][info][gc          ] GC(8) Pause Young (Prepare Mixed) (G1 Evacuation Pause) 75M->13M(256M) 7.456ms
[5.877s][info][gc,cpu      ] GC(8) User=0.01s Sys=0.00s Real=0.01s
[6.345s][info][gc,start    ] GC(9) Pause Young (Mixed) (G1 Evacuation Pause)
[6.345s][info][gc,task     ] GC(9) Using 2 workers of 2 for evacuation
[6.357s][info][gc,phases   ] GC(9)   Pre Evacuate Collection Set: 0.14ms
[6.357s][info][gc,phases   ] GC(9)   Merge Heap Roots: 0.05ms
[6.357s][info][gc,phases   ] GC(9)   Evacuate Collection Set: 11.04ms
[6.357s][info][gc,phases   ] GC(9)   Post Evacuate Collection Set: 0.40ms
[6.357s][info][gc,phases   ] GC(9)   Other: 0.09ms
[6.357s][info][gc,heap     ] GC(9) Eden regions: 67->0(80)
[6.357s][info][gc,heap     ] GC(9) Survivor regions: 4->5(9)
[6.357s][info][gc,heap     ] GC(9) Old regions: 11->11
[6.357s][info][gc,heap     ] GC(9) Humongous regions: 0->0
[6.357s][info][gc,metaspace] GC(9) Metaspace: 24362K(24768K)->24362K(24768K) NonClass: 22573K(22848K)->22573K(22848K) Class: 1789K(1920K)->1789K(1920K)
[6.357s][info][gc          ] GC(9) Pause Young (Mixed) (G1 Evacuation Pause) 80M->14M(256M) 11.911ms
[6.357s][info][gc,cpu      ] GC(9) User=0.02s Sys=0.00s Real=0.01s
[6.956s][info][gc,start    ] GC(10) Pause Young (Normal) (G1 Evacuation Pause)
[6.956s][info][gc,task     ] GC(10) Using 2 workers of 2 for evacuation
[6.969s][info][gc,phases   ] GC(10)   Pre Evacuate Collection Set: 0.15ms
[6.969s][info][gc,phases   ] GC(10)   Merge Heap Roots: 0.04ms
[6.969s][info][gc,phases   ] GC(10)   Evacuate Collection Set: 12.15ms
[6.969s][info][gc,phases   ] GC(10)   Post Evacuate Collection Set: 0.58ms
[6.969s][info][gc,phases   ] GC(10)   Other: 0.10ms
[6.969s][info][gc,heap     ] GC(10) Eden regions: 81->0(94)
[6.969s][info][gc,heap     ] GC(10) Survivor regions: 5->7(11)
[6.969s][info][gc,heap     ] GC(10) Old regions: 11->11
[6.969s][info][gc,heap     ] GC(10) Humongous regions: 0->0
[6.969s][info][gc,metaspace] GC(10) Metaspace: 25858K(26240K)->25858K(26240K) NonClass: 23932K(24192K)->23932K(24192K) Class: 1925K(2048K)->1925K(2048K)
[6.969s][info][gc          ] GC(10) Pause Young (Normal) (G1 Evacuation Pause) 95M->16M(256M) 13.206ms
[6.969s][info][gc,cpu      ] GC(10) User=0.03s Sys=0.00s Real=0.02s
[7.298s][info][gc,start    ] GC(11) Pause Young (Concurrent Start) (G1 Humongous Allocation)
[7.298s][info][gc,task     ] GC(11) Using 2 workers of 2 for evacuation
[7.311s][info][gc,phases   ] GC(11)   Pre Evacuate Collection Set: 0.18ms
[7.311s][info][gc,phases   ] GC(11)   Merge Heap Roots: 0.06ms
[7.311s][info][gc,phases   ] GC(11)   Evacuate Collection Set: 11.84ms
[7.311s][info][gc,phases   ] GC(11)   Post Evacuate Collection Set: 0.56ms
[7.311s][info][gc,phases   ] GC(11)   Other: 0.13ms
[7.311s][info][gc,heap     ] GC(11) Eden regions: 30->0(138)
[7.311s][info][gc,heap     ] GC(11) Survivor regions: 7->7(13)
[7.311s][info][gc,heap     ] GC(11) Old regions: 11->11
[7.311s][info][gc,heap     ] GC(11) Humongous regions: 104->0
[7.311s][info][gc,metaspace] GC(11) Metaspace: 25988K(26368K)->25988K(26368K) NonClass: 24059K(24320K)->24059K(24320K) Class: 1928K(2048K)->1928K(2048K)
[7.311s][info][gc          ] GC(11) Pause Young (Concurrent Start) (G1 Humongous Allocation) 150M->16M(256M) 12.945ms
[7.311s][info][gc          ] GC(12) Concurrent Undo Cycle
[7.311s][info][gc,marking  ] GC(12) Concurrent Clear Claimed Marks
[7.311s][info][gc,marking  ] GC(12) Concurrent Clear Claimed Marks 0.030ms
[7.311s][info][gc,marking  ] GC(12) Concurrent Cleanup for Next Mark
[7.311s][info][gc,cpu      ] GC(11) User=0.02s Sys=0.00s Real=0.01s
[7.312s][info][gc,marking  ] GC(12) Concurrent Cleanup for Next Mark 0.122ms
[7.312s][info][gc          ] GC(12) Concurrent Undo Cycle 0.197ms
[8.275s][info][gc,start    ] GC(13) Pause Young (Normal) (G1 Evacuation Pause)
[8.275s][info][gc,task     ] GC(13) Using 2 workers of 2 for evacuation
[8.291s][info][gc,phases   ] GC(13)   Pre Evacuate Collection Set: 0.16ms
[8.291s][info][gc,phases   ] GC(13)   Merge Heap Roots: 0.05ms
[8.291s][info][gc,phases   ] GC(13)   Evacuate Collection Set: 14.51ms
[8.291s][info][gc,phases   ] GC(13)   Post Evacuate Collection Set: 1.19ms
[8.291s][info][gc,phases   ] GC(13)   Other: 0.11ms
[8.291s][info][gc,heap     ] GC(13) Eden regions: 138->0(131)
[8.291s][info][gc,heap     ] GC(13) Survivor regions: 7->10(19)
[8.291s][info][gc,heap     ] GC(13) Old regions: 11->11
[8.291s][info][gc,heap     ] GC(13) Humongous regions: 24->0
[8.291s][info][gc,metaspace] GC(13) Metaspace: 26712K(27136K)->26712K(27136K) NonClass: 24751K(25024K)->24751K(25024K) Class: 1960K(2112K)->1960K(2112K)
[8.291s][info][gc          ] GC(13) Pause Young (Normal) (G1 Evacuation Pause) 178M->19M(256M) 16.199ms
[8.291s][info][gc,cpu      ] GC(13) User=0.03s Sys=0.00s Real=0.02s
[9.737s][info][gc,start    ] GC(14) Pause Young (Normal) (G1 Evacuation Pause)
[9.737s][info][gc,task     ] GC(14) Using 2 workers of 2 for evacuation
[9.759s][info][gc,phases   ] GC(14)   Pre Evacuate Collection Set: 0.18ms
[9.759s][info][gc,phases   ] GC(14)   Merge Heap Roots: 0.05ms
[9.759s][info][gc,phases   ] GC(14)   Evacuate Collection Set: 20.41ms
[9.759s][info][gc,phases   ] GC(14)   Post Evacuate Collection Set: 0.76ms
[9.759s][info][gc,phases   ] GC(14)   Other: 0.11ms
[9.759s][info][gc,heap     ] GC(14) Eden regions: 130->0(135)
[9.759s][info][gc,heap     ] GC(14) Survivor regions: 10->18(18)
[9.759s][info][gc,heap     ] GC(14) Old regions: 11->11
[9.759s][info][gc,heap     ] GC(14) Humongous regions: 2->2
[9.759s][info][gc,metaspace] GC(14) Metaspace: 28437K(28800K)->28437K(28800K) NonClass: 26366K(26560K)->26366K(26560K) Class: 2071K(2240K)->2071K(2240K)
[9.759s][info][gc          ] GC(14) Pause Young (Normal) (G1 Evacuation Pause) 151M->30M(256M) 21.697ms
[9.759s][info][gc,cpu      ] GC(14) User=0.04s Sys=0.00s Real=0.02s
[10.170s][info][gc,start    ] GC(15) Pause Young (Normal) (G1 Evacuation Pause)
[10.170s][info][gc,task     ] GC(15) Using 2 workers of 2 for evacuation
[10.205s][info][gc,phases   ] GC(15)   Pre Evacuate Collection Set: 0.15ms
[10.205s][info][gc,phases   ] GC(15)   Merge Heap Roots: 0.06ms
[10.205s][info][gc,phases   ] GC(15)   Evacuate Collection Set: 34.44ms
[10.205s][info][gc,phases   ] GC(15)   Post Evacuate Collection Set: 0.51ms
[10.205s][info][gc,phases   ] GC(15)   Other: 0.08ms
[10.205s][info][gc,heap     ] GC(15) Eden regions: 135->0(133)
[10.205s][info][gc,heap     ] GC(15) Survivor regions: 18->20(20)
[10.205s][info][gc,heap     ] GC(15) Old regions: 11->25
[10.205s][info][gc,heap     ] GC(15) Humongous regions: 3->3
[10.205s][info][gc,metaspace] GC(15) Metaspace: 28471K(28800K)->28471K(28800K) NonClass: 26392K(26560K)->26392K(26560K) Class: 2079K(2240K)->2079K(2240K)
[10.205s][info][gc          ] GC(15) Pause Young (Normal) (G1 Evacuation Pause) 166M->46M(256M) 35.442ms
[10.205s][info][gc,cpu      ] GC(15) User=0.06s Sys=0.00s Real=0.03s
[10.209s][info][gc,start    ] GC(16) Pause Young (Normal) (G1 Evacuation Pause)
[10.209s][info][gc,task     ] GC(16) Using 2 workers of 2 for evacuation
[10.228s][info][gc,phases   ] GC(16)   Pre Evacuate Collection Set: 0.12ms
[10.228s][info][gc,phases   ] GC(16)   Merge Heap Roots: 0.11ms
[10.228s][info][gc,phases   ] GC(16)   Evacuate Collection Set: 18.94ms
[10.228s][info][gc,phases   ] GC(16)   Post Evacuate Collection Set: 0.23ms
[10.228s][info][gc,phases   ] GC(16)   Other: 0.07ms
[10.228s][info][gc,heap     ] GC(16) Eden regions: 1->0(145)
[10.228s][info][gc,heap     ] GC(16) Survivor regions: 20->1(3)
[10.228s][info][gc,heap     ] GC(16) Old regions: 25->45
[10.228s][info][gc,heap     ] GC(16) Humongous regions: 3->3
[10.228s][info][gc,metaspace] GC(16) Metaspace: 28471K(28800K)->28471K(28800K) NonClass: 26392K(26560K)->26392K(26560K) Class: 2079K(2240K)->2079K(2240K)
[10.228s][info][gc          ] GC(16) Pause Young (Normal) (G1 Evacuation Pause) 47M->48M(256M) 19.625ms
[10.228s][info][gc,cpu      ] GC(16) User=0.04s Sys=0.00s Real=0.02s
[10.705s][info][gc,start    ] GC(17) Pause Young (Normal) (G1 Evacuation Pause)
[10.706s][info][gc,task     ] GC(17) Using 2 workers of 2 for evacuation
[10.728s][info][gc,phases   ] GC(17)   Pre Evacuate Collection Set: 0.15ms
[10.728s][info][gc,phases   ] GC(17)   Merge Heap Roots: 0.11ms
[10.728s][info][gc,phases   ] GC(17)   Evacuate Collection Set: 21.35ms
[10.728s][info][gc,phases   ] GC(17)   Post Evacuate Collection Set: 0.39ms
[10.728s][info][gc,phases   ] GC(17)   Other: 0.11ms
[10.728s][info][gc,heap     ] GC(17) Eden regions: 145->0(136)
[10.728s][info][gc,heap     ] GC(17) Survivor regions: 1->17(19)
[10.728s][info][gc,heap     ] GC(17) Old regions: 45->45
[10.728s][info][gc,heap     ] GC(17) Humongous regions: 5->5
[10.728s][info][gc,metaspace] GC(17) Metaspace: 28535K(28864K)->28535K(28864K) NonClass: 26452K(26624K)->26452K(26624K) Class: 2083K(2240K)->2083K(2240K)
[10.728s][info][gc          ] GC(17) Pause Young (Normal) (G1 Evacuation Pause) 195M->66M(256M) 22.345ms
[10.728s][info][gc,cpu      ] GC(17) User=0.04s Sys=0.00s Real=0.03s
[11.098s][info][gc,start    ] GC(18) Pause Young (Normal) (G1 Evacuation Pause)
[11.098s][info][gc,task     ] GC(18) Using 2 workers of 2 for evacuation
[11.135s][info][gc,phases   ] GC(18)   Pre Evacuate Collection Set: 0.18ms
[11.135s][info][gc,phases   ] GC(18)   Merge Heap Roots: 0.09ms
[11.135s][info][gc,phases   ] GC(18)   Evacuate Collection Set: 36.17ms
[11.135s][info][gc,phases   ] GC(18)   Post Evacuate Collection Set: 0.38ms
[11.135s][info][gc,phases   ] GC(18)   Other: 0.08ms
[11.135s][info][gc,heap     ] GC(18) Eden regions: 136->0(126)
[11.135s][info][gc,heap     ] GC(18) Survivor regions: 17->16(20)
[11.135s][info][gc,heap     ] GC(18) Old regions: 45->63
[11.135s][info][gc,heap     ] GC(18) Humongous regions: 5->5
[11.135s][info][gc,metaspace] GC(18) Metaspace: 28538K(28864K)->28538K(28864K) NonClass: 26454K(26624K)->26454K(26624K) Class: 2083K(2240K)->2083K(2240K)
[11.135s][info][gc          ] GC(18) Pause Young (Normal) (G1 Evacuation Pause) 202M->82M(256M) 37.162ms
[11.135s][info][gc,cpu      ] GC(18) User=0.07s Sys=0.01s Real=0.03s
[11.528s][info][gc,start    ] GC(19) Pause Young (Normal) (G1 Evacuation Pause)
[11.528s][info][gc,task     ] GC(19) Using 2 workers of 2 for evacuation
[11.573s][info][gc,phases   ] GC(19)   Pre Evacuate Collection Set: 0.17ms
[11.573s][info][gc,phases   ] GC(19)   Merge Heap Roots: 0.12ms
[11.573s][info][gc,phases   ] GC(19)   Evacuate Collection Set: 41.70ms
[11.573s][info][gc,phases   ] GC(19)   Post Evacuate Collection Set: 3.31ms
[11.573s][info][gc,phases   ] GC(19)   Other: 0.10ms
[11.573s][info][gc,heap     ] GC(19) Eden regions: 126->0(272)
[11.573s][info][gc,heap     ] GC(19) Survivor regions: 16->14(18)
[11.573s][info][gc,heap     ] GC(19) Old regions: 63->79
[11.573s][info][gc,heap     ] GC(19) Humongous regions: 9->9
[11.573s][info][gc,metaspace] GC(19) Metaspace: 28538K(28864K)->28538K(28864K) NonClass: 26454K(26624K)->26454K(26624K) Class: 2083K(2240K)->2083K(2240K)
[11.573s][info][gc          ] GC(19) Pause Young (Normal) (G1 Evacuation Pause) 212M->100M(504M) 45.614ms
[11.573s][info][gc,cpu      ] GC(19) User=0.08s Sys=0.01s Real=0.04s
[13.736s][info][gc,start    ] GC(20) Pause Young (Normal) (G1 Evacuation Pause)
[13.736s][info][gc,task     ] GC(20) Using 2 workers of 2 for evacuation
[13.798s][info][gc,phases   ] GC(20)   Pre Evacuate Collection Set: 0.26ms
[13.798s][info][gc,phases   ] GC(20)   Merge Heap Roots: 0.21ms
[13.798s][info][gc,phases   ] GC(20)   Evacuate Collection Set: 60.78ms
[13.798s][info][gc,phases   ] GC(20)   Post Evacuate Collection Set: 0.55ms
[13.798s][info][gc,phases   ] GC(20)   Other: 0.16ms
[13.798s][info][gc,heap     ] GC(20) Eden regions: 223->0(204)
[13.798s][info][gc,heap     ] GC(20) Survivor regions: 14->30(30)
[13.798s][info][gc,heap     ] GC(20) Old regions: 79->84
[13.798s][info][gc,heap     ] GC(20) Humongous regions: 17->15
[13.798s][info][gc,metaspace] GC(20) Metaspace: 28706K(29056K)->28706K(29056K) NonClass: 26602K(26816K)->26602K(26816K) Class: 2103K(2240K)->2103K(2240K)
[13.798s][info][gc          ] GC(20) Pause Young (Normal) (G1 Evacuation Pause) 331M->128M(504M) 62.177ms
[13.798s][info][gc,cpu      ] GC(20) User=0.11s Sys=0.01s Real=0.07s
[15.272s][info][gc,start    ] GC(21) Pause Young (Normal) (G1 Evacuation Pause)
[15.272s][info][gc,task     ] GC(21) Using 2 workers of 2 for evacuation
[15.328s][info][gc,phases   ] GC(21)   Pre Evacuate Collection Set: 0.21ms
[15.328s][info][gc,phases   ] GC(21)   Merge Heap Roots: 0.20ms
[15.328s][info][gc,phases   ] GC(21)   Evacuate Collection Set: 55.17ms
[15.328s][info][gc,phases   ] GC(21)   Post Evacuate Collection Set: 0.39ms
[15.328s][info][gc,phases   ] GC(21)   Other: 0.10ms
[15.328s][info][gc,heap     ] GC(21) Eden regions: 163->0(239)
[15.328s][info][gc,heap     ] GC(21) Survivor regions: 30->16(25)
[15.328s][info][gc,heap     ] GC(21) Old regions: 84->115
[15.328s][info][gc,heap     ] GC(21) Humongous regions: 15->15
[15.328s][info][gc,metaspace] GC(21) Metaspace: 28746K(29120K)->28746K(29120K) NonClass: 26643K(26880K)->26643K(26880K) Class: 2103K(2240K)->2103K(2240K)
[15.328s][info][gc          ] GC(21) Pause Young (Normal) (G1 Evacuation Pause) 291M->144M(504M) 56.283ms
[15.328s][info][gc,cpu      ] GC(21) User=0.11s Sys=0.00s Real=0.06s
[16.959s][info][gc,start    ] GC(22) Pause Young (Normal) (G1 Evacuation Pause)
[16.959s][info][gc,task     ] GC(22) Using 2 workers of 2 for evacuation
[17.006s][info][gc,phases   ] GC(22)   Pre Evacuate Collection Set: 1.64ms
[17.006s][info][gc,phases   ] GC(22)   Merge Heap Roots: 0.13ms
[17.006s][info][gc,phases   ] GC(22)   Evacuate Collection Set: 44.55ms
[17.006s][info][gc,phases   ] GC(22)   Post Evacuate Collection Set: 0.48ms
[17.006s][info][gc,phases   ] GC(22)   Other: 0.14ms
[17.006s][info][gc,heap     ] GC(22) Eden regions: 239->0(235)
[17.006s][info][gc,heap     ] GC(22) Survivor regions: 16->32(32)
[17.006s][info][gc,heap     ] GC(22) Old regions: 115->119
[17.006s][info][gc,heap     ] GC(22) Humongous regions: 15->15
[17.006s][info][gc,metaspace] GC(22) Metaspace: 28771K(29184K)->28771K(29184K) NonClass: 26665K(26944K)->26665K(26944K) Class: 2105K(2240K)->2105K(2240K)
[17.007s][info][gc          ] GC(22) Pause Young (Normal) (G1 Evacuation Pause) 383M->165M(504M) 47.181ms
[17.007s][info][gc,cpu      ] GC(22) User=0.09s Sys=0.00s Real=0.04s
[18.523s][info][gc,start    ] GC(23) Pause Young (Normal) (G1 Evacuation Pause)
[18.523s][info][gc,task     ] GC(23) Using 2 workers of 2 for evacuation
[18.576s][info][gc,phases   ] GC(23)   Pre Evacuate Collection Set: 0.24ms
[18.576s][info][gc,phases   ] GC(23)   Merge Heap Roots: 0.13ms
[18.576s][info][gc,phases   ] GC(23)   Evacuate Collection Set: 51.50ms
[18.576s][info][gc,phases   ] GC(23)   Post Evacuate Collection Set: 0.44ms
[18.576s][info][gc,phases   ] GC(23)   Other: 0.09ms
[18.576s][info][gc,heap     ] GC(23) Eden regions: 235->0(222)
[18.576s][info][gc,heap     ] GC(23) Survivor regions: 32->28(34)
[18.576s][info][gc,heap     ] GC(23) Old regions: 119->152
[18.576s][info][gc,heap     ] GC(23) Humongous regions: 16->16
[18.576s][info][gc,metaspace] GC(23) Metaspace: 28844K(29248K)->28844K(29248K) NonClass: 26739K(27008K)->26739K(27008K) Class: 2105K(2240K)->2105K(2240K)
[18.576s][info][gc          ] GC(23) Pause Young (Normal) (G1 Evacuation Pause) 401M->194M(504M) 52.672ms
[18.576s][info][gc,cpu      ] GC(23) User=0.10s Sys=0.00s Real=0.05s
[19.741s][info][gc,start    ] GC(24) Pause Young (Normal) (G1 Evacuation Pause)
[19.741s][info][gc,task     ] GC(24) Using 2 workers of 2 for evacuation
[19.786s][info][gc,phases   ] GC(24)   Pre Evacuate Collection Set: 1.38ms
[19.786s][info][gc,phases   ] GC(24)   Merge Heap Roots: 0.10ms
[19.786s][info][gc,phases   ] GC(24)   Evacuate Collection Set: 42.79ms
[19.786s][info][gc,phases   ] GC(24)   Post Evacuate Collection Set: 0.48ms
[19.786s][info][gc,phases   ] GC(24)   Other: 0.10ms
[19.786s][info][gc,heap     ] GC(24) Eden regions: 222->0(206)
[19.786s][info][gc,heap     ] GC(24) Survivor regions: 28->27(32)
[19.786s][info][gc,heap     ] GC(24) Old regions: 152->176
[19.786s][info][gc,heap     ] GC(24) Humongous regions: 18->18
[19.786s][info][gc,metaspace] GC(24) Metaspace: 28899K(29248K)->28899K(29248K) NonClass: 26789K(27008K)->26789K(27008K) Class: 2109K(2240K)->2109K(2240K)
[19.786s][info][gc          ] GC(24) Pause Young (Normal) (G1 Evacuation Pause) 418M->220M(504M) 45.070ms
[19.786s][info][gc,cpu      ] GC(24) User=0.08s Sys=0.00s Real=0.04s
[20.281s][info][gc,start    ] GC(25) Pause Young (Normal) (G1 Evacuation Pause)
[20.281s][info][gc,task     ] GC(25) Using 2 workers of 2 for evacuation
[20.332s][info][gc,phases   ] GC(25)   Pre Evacuate Collection Set: 0.25ms
[20.332s][info][gc,phases   ] GC(25)   Merge Heap Roots: 0.12ms
[20.332s][info][gc,phases   ] GC(25)   Evacuate Collection Set: 49.92ms
[20.332s][info][gc,phases   ] GC(25)   Post Evacuate Collection Set: 0.43ms
[20.332s][info][gc,phases   ] GC(25)   Other: 0.08ms
[20.332s][info][gc,heap     ] GC(25) Eden regions: 206->0(188)
[20.332s][info][gc,heap     ] GC(25) Survivor regions: 27->25(30)
[20.332s][info][gc,heap     ] GC(25) Old regions: 176->203
[20.332s][info][gc,heap     ] GC(25) Humongous regions: 21->21
[20.332s][info][gc,metaspace] GC(25) Metaspace: 28899K(29248K)->28899K(29248K) NonClass: 26789K(27008K)->26789K(27008K) Class: 2109K(2240K)->2109K(2240K)
[20.332s][info][gc          ] GC(25) Pause Young (Normal) (G1 Evacuation Pause) 429M->247M(504M) 51.049ms
[20.332s][info][gc,cpu      ] GC(25) User=0.10s Sys=0.00s Real=0.05s
[20.739s][info][gc,start    ] GC(26) Pause Young (Normal) (G1 Evacuation Pause)
[20.739s][info][gc,task     ] GC(26) Using 2 workers of 2 for evacuation
[20.789s][info][gc,phases   ] GC(26)   Pre Evacuate Collection Set: 0.23ms
[20.789s][info][gc,phases   ] GC(26)   Merge Heap Roots: 0.09ms
[20.789s][info][gc,phases   ] GC(26)   Evacuate Collection Set: 48.81ms
[20.789s][info][gc,phases   ] GC(26)   Post Evacuate Collection Set: 0.44ms
[20.789s][info][gc,phases   ] GC(26)   Other: 0.10ms
[20.789s][info][gc,heap     ] GC(26) Eden regions: 188->0(176)
[20.789s][info][gc,heap     ] GC(26) Survivor regions: 25->22(27)
[20.789s][info][gc,heap     ] GC(26) Old regions: 203->227
[20.789s][info][gc,heap     ] GC(26) Humongous regions: 21->21
[20.789s][info][gc,metaspace] GC(26) Metaspace: 28900K(29248K)->28900K(29248K) NonClass: 26790K(27008K)->26790K(27008K) Class: 2109K(2240K)->2109K(2240K)
[20.789s][info][gc          ] GC(26) Pause Young (Normal) (G1 Evacuation Pause) 435M->269M(504M) 49.917ms
[20.789s][info][gc,cpu      ] GC(26) User=0.10s Sys=0.00s Real=0.05s
[20.931s][info][gc,start    ] GC(27) Pause Young (Concurrent Start) (G1 Humongous Allocation)
[20.931s][info][gc,task     ] GC(27) Using 2 workers of 2 for evacuation
[20.959s][info][gc,phases   ] GC(27)   Pre Evacuate Collection Set: 0.25ms
[20.959s][info][gc,phases   ] GC(27)   Merge Heap Roots: 0.08ms
[20.959s][info][gc,phases   ] GC(27)   Evacuate Collection Set: 26.92ms
[20.959s][info][gc,phases   ] GC(27)   Post Evacuate Collection Set: 0.31ms
[20.959s][info][gc,phases   ] GC(27)   Other: 0.10ms
[20.959s][info][gc,heap     ] GC(27) Eden regions: 64->0(174)
[20.959s][info][gc,heap     ] GC(27) Survivor regions: 22->8(25)
[20.959s][info][gc,heap     ] GC(27) Old regions: 227->249
[20.959s][info][gc,heap     ] GC(27) Humongous regions: 21->21
[20.959s][info][gc,metaspace] GC(27) Metaspace: 28900K(29248K)->28900K(29248K) NonClass: 26790K(27008K)->26790K(27008K) Class: 2109K(2240K)->2109K(2240K)
[20.959s][info][gc          ] GC(27) Pause Young (Concurrent Start) (G1 Humongous Allocation) 333M->276M(504M) 27.899ms
[20.959s][info][gc          ] GC(28) Concurrent Mark Cycle
[20.959s][info][gc,marking  ] GC(28) Concurrent Scan Root Regions
[20.961s][info][gc,cpu      ] GC(27) User=0.06s Sys=0.00s Real=0.03s
[20.983s][info][gc,marking  ] GC(28) Concurrent Scan Root Regions 24.008ms
[20.983s][info][gc,marking  ] GC(28) Concurrent Mark
[20.983s][info][gc,marking  ] GC(28) Concurrent Mark From Roots
[20.983s][info][gc,task     ] GC(28) Using 1 workers of 1 for marking
[21.061s][info][gc,marking  ] GC(28) Concurrent Mark From Roots 77.939ms
[21.061s][info][gc,marking  ] GC(28) Concurrent Preclean
[21.061s][info][gc,marking  ] GC(28) Concurrent Preclean 0.036ms
[21.061s][info][gc,start    ] GC(28) Pause Remark
[21.073s][info][gc          ] GC(28) Pause Remark 309M->174M(490M) 12.033ms
[21.073s][info][gc,cpu      ] GC(28) User=0.03s Sys=0.00s Real=0.01s
[21.073s][info][gc,marking  ] GC(28) Concurrent Mark 90.360ms
[21.073s][info][gc,marking  ] GC(28) Concurrent Rebuild Remembered Sets and Scrub Regions
[21.128s][info][gc,marking  ] GC(28) Concurrent Rebuild Remembered Sets and Scrub Regions 54.438ms
[21.128s][info][gc,start    ] GC(28) Pause Cleanup
[21.128s][info][gc          ] GC(28) Pause Cleanup 202M->202M(490M) 0.076ms
[21.128s][info][gc,cpu      ] GC(28) User=0.00s Sys=0.00s Real=0.00s
[21.128s][info][gc,marking  ] GC(28) Concurrent Clear Claimed Marks
[21.128s][info][gc,marking  ] GC(28) Concurrent Clear Claimed Marks 0.030ms
[21.128s][info][gc,marking  ] GC(28) Concurrent Cleanup for Next Mark
[21.134s][info][gc,marking  ] GC(28) Concurrent Cleanup for Next Mark 5.812ms
[21.134s][info][gc          ] GC(28) Concurrent Mark Cycle 174.964ms
[21.631s][info][gc,start    ] GC(29) Pause Young (Prepare Mixed) (G1 Evacuation Pause)
[21.631s][info][gc,task     ] GC(29) Using 2 workers of 2 for evacuation
[21.678s][info][gc,phases   ] GC(29)   Pre Evacuate Collection Set: 0.31ms
[21.678s][info][gc,phases   ] GC(29)   Merge Heap Roots: 0.14ms
[21.678s][info][gc,phases   ] GC(29)   Evacuate Collection Set: 46.57ms
[21.678s][info][gc,phases   ] GC(29)   Post Evacuate Collection Set: 0.46ms
[21.678s][info][gc,phases   ] GC(29)   Other: 0.09ms
[21.678s][info][gc,heap     ] GC(29) Eden regions: 174->0(226)
[21.678s][info][gc,heap     ] GC(29) Survivor regions: 8->23(23)
[21.678s][info][gc,heap     ] GC(29) Old regions: 131->149
[21.678s][info][gc,heap     ] GC(29) Humongous regions: 10->10
[21.678s][info][gc,metaspace] GC(29) Metaspace: 28900K(29248K)->28900K(29248K) NonClass: 26790K(27008K)->26790K(27008K) Class: 2109K(2240K)->2109K(2240K)
[21.678s][info][gc          ] GC(29) Pause Young (Prepare Mixed) (G1 Evacuation Pause) 321M->180M(490M) 47.833ms
[21.678s][info][gc,cpu      ] GC(29) User=0.09s Sys=0.00s Real=0.05s
[23.141s][info][gc,start    ] GC(30) Pause Young (Mixed) (G1 Evacuation Pause)
[23.141s][info][gc,task     ] GC(30) Using 2 workers of 2 for evacuation
[23.202s][info][gc,phases   ] GC(30)   Pre Evacuate Collection Set: 1.58ms
[23.202s][info][gc,phases   ] GC(30)   Merge Heap Roots: 0.33ms
[23.202s][info][gc,phases   ] GC(30)   Evacuate Collection Set: 58.28ms
[23.202s][info][gc,phases   ] GC(30)   Post Evacuate Collection Set: 0.81ms
[23.202s][info][gc,phases   ] GC(30)   Other: 0.08ms
[23.202s][info][gc,heap     ] GC(30) Eden regions: 226->0(247)
[23.202s][info][gc,heap     ] GC(30) Survivor regions: 23->22(32)
[23.202s][info][gc,heap     ] GC(30) Old regions: 149->142
[23.202s][info][gc,heap     ] GC(30) Humongous regions: 16->14
[23.202s][info][gc,metaspace] GC(30) Metaspace: 28950K(29312K)->28950K(29312K) NonClass: 26840K(27072K)->26840K(27072K) Class: 2109K(2240K)->2109K(2240K)
[23.202s][info][gc          ] GC(30) Pause Young (Mixed) (G1 Evacuation Pause) 412M->176M(517M) 61.292ms
[23.202s][info][gc,cpu      ] GC(30) User=0.12s Sys=0.00s Real=0.06s
[24.531s][info][gc,start    ] GC(31) Pause Young (Normal) (G1 Evacuation Pause)
[24.531s][info][gc,task     ] GC(31) Using 2 workers of 2 for evacuation
[24.552s][info][gc,phases   ] GC(31)   Pre Evacuate Collection Set: 0.25ms
[24.552s][info][gc,phases   ] GC(31)   Merge Heap Roots: 0.18ms
[24.552s][info][gc,phases   ] GC(31)   Evacuate Collection Set: 19.71ms
[24.552s][info][gc,phases   ] GC(31)   Post Evacuate Collection Set: 0.45ms
[24.552s][info][gc,phases   ] GC(31)   Other: 0.10ms
[24.552s][info][gc,heap     ] GC(31) Eden regions: 247->0(253)
[24.552s][info][gc,heap     ] GC(31) Survivor regions: 22->1(34)
[24.552s][info][gc,heap     ] GC(31) Old regions: 142->162
[24.552s][info][gc,heap     ] GC(31) Humongous regions: 14->14
[24.552s][info][gc,metaspace] GC(31) Metaspace: 28967K(29312K)->28967K(29312K) NonClass: 26857K(27072K)->26857K(27072K) Class: 2109K(2240K)->2109K(2240K)
[24.552s][info][gc          ] GC(31) Pause Young (Normal) (G1 Evacuation Pause) 423M->176M(517M) 20.862ms
[24.552s][info][gc,cpu      ] GC(31) User=0.04s Sys=0.00s Real=0.02s
[25.948s][info][gc,start    ] GC(32) Pause Young (Normal) (G1 Evacuation Pause)
[25.948s][info][gc,task     ] GC(32) Using 2 workers of 2 for evacuation
[25.973s][info][gc,phases   ] GC(32)   Pre Evacuate Collection Set: 0.20ms
[25.973s][info][gc,phases   ] GC(32)   Merge Heap Roots: 0.11ms
[25.973s][info][gc,phases   ] GC(32)   Evacuate Collection Set: 24.52ms
[25.973s][info][gc,phases   ] GC(32)   Post Evacuate Collection Set: 0.43ms
[25.973s][info][gc,phases   ] GC(32)   Other: 0.07ms
[25.973s][info][gc,heap     ] GC(32) Eden regions: 253->0(244)
[25.973s][info][gc,heap     ] GC(32) Survivor regions: 1->24(32)
[25.973s][info][gc,heap     ] GC(32) Old regions: 162->162
[25.973s][info][gc,heap     ] GC(32) Humongous regions: 14->14
[25.973s][info][gc,metaspace] GC(32) Metaspace: 28971K(29312K)->28971K(29312K) NonClass: 26862K(27072K)->26862K(27072K) Class: 2109K(2240K)->2109K(2240K)
[25.974s][info][gc          ] GC(32) Pause Young (Normal) (G1 Evacuation Pause) 429M->199M(517M) 25.559ms
[25.974s][info][gc,cpu      ] GC(32) User=0.05s Sys=0.00s Real=0.02s
[27.270s][info][gc,start    ] GC(33) Pause Young (Normal) (G1 Evacuation Pause)
[27.270s][info][gc,task     ] GC(33) Using 2 workers of 2 for evacuation
[27.313s][info][gc,phases   ] GC(33)   Pre Evacuate Collection Set: 0.22ms
[27.313s][info][gc,phases   ] GC(33)   Merge Heap Roots: 0.09ms
[27.313s][info][gc,phases   ] GC(33)   Evacuate Collection Set: 41.67ms
[27.313s][info][gc,phases   ] GC(33)   Post Evacuate Collection Set: 0.44ms
[27.313s][info][gc,phases   ] GC(33)   Other: 0.08ms
[27.313s][info][gc,heap     ] GC(33) Eden regions: 244->0(227)
[27.313s][info][gc,heap     ] GC(33) Survivor regions: 24->24(34)
[27.313s][info][gc,heap     ] GC(33) Old regions: 162->186
[27.313s][info][gc,heap     ] GC(33) Humongous regions: 15->15
[27.313s][info][gc,metaspace] GC(33) Metaspace: 28977K(29376K)->28977K(29376K) NonClass: 26867K(27136K)->26867K(27136K) Class: 2109K(2240K)->2109K(2240K)
[27.313s][info][gc          ] GC(33) Pause Young (Normal) (G1 Evacuation Pause) 444M->223M(517M) 42.722ms
[27.313s][info][gc,cpu      ] GC(33) User=0.08s Sys=0.00s Real=0.04s
[30.438s][info][gc,start    ] GC(34) Pause Young (Normal) (G1 Evacuation Pause)
[30.438s][info][gc,task     ] GC(34) Using 2 workers of 2 for evacuation
[30.469s][info][gc,phases   ] GC(34)   Pre Evacuate Collection Set: 0.22ms
[30.469s][info][gc,phases   ] GC(34)   Merge Heap Roots: 0.10ms
[30.469s][info][gc,phases   ] GC(34)   Evacuate Collection Set: 30.10ms
[30.469s][info][gc,phases   ] GC(34)   Post Evacuate Collection Set: 0.58ms
[30.469s][info][gc,phases   ] GC(34)   Other: 0.09ms
[30.470s][info][gc,heap     ] GC(34) Eden regions: 227->0(220)
[30.470s][info][gc,heap     ] GC(34) Survivor regions: 24->13(32)
[30.470s][info][gc,heap     ] GC(34) Old regions: 186->210
[30.470s][info][gc,heap     ] GC(34) Humongous regions: 29->17
[30.470s][info][gc,metaspace] GC(34) Metaspace: 33517K(33856K)->33517K(33856K) NonClass: 31208K(31424K)->31208K(31424K) Class: 2309K(2432K)->2309K(2432K)
[30.470s][info][gc          ] GC(34) Pause Young (Normal) (G1 Evacuation Pause) 464M->238M(517M) 31.274ms
[30.470s][info][gc,cpu      ] GC(34) User=0.06s Sys=0.00s Real=0.03s
[30.770s][info][gc,start    ] GC(35) Pause Young (Concurrent Start) (G1 Humongous Allocation)
[30.770s][info][gc,task     ] GC(35) Using 2 workers of 2 for evacuation
[30.783s][info][gc,phases   ] GC(35)   Pre Evacuate Collection Set: 0.25ms
[30.783s][info][gc,phases   ] GC(35)   Merge Heap Roots: 0.06ms
[30.783s][info][gc,phases   ] GC(35)   Evacuate Collection Set: 12.09ms
[30.783s][info][gc,phases   ] GC(35)   Post Evacuate Collection Set: 0.35ms
[30.783s][info][gc,phases   ] GC(35)   Other: 0.13ms
[30.783s][info][gc,heap     ] GC(35) Eden regions: 37->0(229)
[30.783s][info][gc,heap     ] GC(35) Survivor regions: 13->12(30)
[30.783s][info][gc,heap     ] GC(35) Old regions: 210->210
[30.783s][info][gc,heap     ] GC(35) Humongous regions: 21->15
[30.783s][info][gc,metaspace] GC(35) Metaspace: 33643K(33984K)->33643K(33984K) NonClass: 31333K(31552K)->31333K(31552K) Class: 2309K(2432K)->2309K(2432K)
[30.783s][info][gc          ] GC(35) Pause Young (Concurrent Start) (G1 Humongous Allocation) 279M->235M(517M) 13.055ms
[30.783s][info][gc,cpu      ] GC(35) User=0.02s Sys=0.00s Real=0.01s
[30.783s][info][gc          ] GC(36) Concurrent Undo Cycle
[30.783s][info][gc,marking  ] GC(36) Concurrent Clear Claimed Marks
[30.783s][info][gc,marking  ] GC(36) Concurrent Clear Claimed Marks 0.033ms
[30.783s][info][gc,marking  ] GC(36) Concurrent Cleanup for Next Mark
[30.789s][info][gc,marking  ] GC(36) Concurrent Cleanup for Next Mark 5.902ms
[30.789s][info][gc          ] GC(36) Concurrent Undo Cycle 6.039ms
[32.547s][info][gc,start    ] GC(37) Pause Young (Concurrent Start) (G1 Humongous Allocation)
[32.547s][info][gc,task     ] GC(37) Using 2 workers of 2 for evacuation
[32.560s][info][gc,phases   ] GC(37)   Pre Evacuate Collection Set: 0.29ms
[32.560s][info][gc,phases   ] GC(37)   Merge Heap Roots: 0.08ms
[32.560s][info][gc,phases   ] GC(37)   Evacuate Collection Set: 11.52ms
[32.560s][info][gc,phases   ] GC(37)   Post Evacuate Collection Set: 0.46ms
[32.560s][info][gc,phases   ] GC(37)   Other: 0.10ms
[32.560s][info][gc,heap     ] GC(37) Eden regions: 175->0(238)
[32.560s][info][gc,heap     ] GC(37) Survivor regions: 12->12(31)
[32.560s][info][gc,heap     ] GC(37) Old regions: 210->210
[32.560s][info][gc,heap     ] GC(37) Humongous regions: 21->15
[32.560s][info][gc,metaspace] GC(37) Metaspace: 34067K(34432K)->34067K(34432K) NonClass: 31755K(32000K)->31755K(32000K) Class: 2311K(2432K)->2311K(2432K)
[32.560s][info][gc          ] GC(37) Pause Young (Concurrent Start) (G1 Humongous Allocation) 416M->236M(517M) 12.627ms
[32.560s][info][gc,cpu      ] GC(37) User=0.02s Sys=0.00s Real=0.01s
[32.560s][info][gc          ] GC(38) Concurrent Undo Cycle
[32.562s][info][gc,marking  ] GC(38) Concurrent Clear Claimed Marks
[32.562s][info][gc,marking  ] GC(38) Concurrent Clear Claimed Marks 0.035ms
[32.562s][info][gc,marking  ] GC(38) Concurrent Cleanup for Next Mark
[32.562s][info][gc,marking  ] GC(38) Concurrent Cleanup for Next Mark 0.144ms
[32.562s][info][gc          ] GC(38) Concurrent Undo Cycle 1.945ms
[33.438s][info][gc,start    ] GC(39) Pause Young (Concurrent Start) (G1 Humongous Allocation)
[33.438s][info][gc,task     ] GC(39) Using 2 workers of 2 for evacuation
[33.450s][info][gc,phases   ] GC(39)   Pre Evacuate Collection Set: 0.23ms
[33.450s][info][gc,phases   ] GC(39)   Merge Heap Roots: 0.07ms
[33.450s][info][gc,phases   ] GC(39)   Evacuate Collection Set: 10.86ms
[33.450s][info][gc,phases   ] GC(39)   Post Evacuate Collection Set: 0.41ms
[33.450s][info][gc,phases   ] GC(39)   Other: 0.12ms
[33.450s][info][gc,heap     ] GC(39) Eden regions: 97->0(239)
[33.450s][info][gc,heap     ] GC(39) Survivor regions: 12->13(32)
[33.450s][info][gc,heap     ] GC(39) Old regions: 210->210
[33.450s][info][gc,heap     ] GC(39) Humongous regions: 21->15
[33.450s][info][gc,metaspace] GC(39) Metaspace: 34136K(34496K)->34136K(34496K) NonClass: 31825K(32064K)->31825K(32064K) Class: 2311K(2432K)->2311K(2432K)
[33.450s][info][gc          ] GC(39) Pause Young (Concurrent Start) (G1 Humongous Allocation) 338M->236M(517M) 11.849ms
[33.450s][info][gc,cpu      ] GC(39) User=0.02s Sys=0.00s Real=0.01s
[33.450s][info][gc          ] GC(40) Concurrent Undo Cycle
[33.450s][info][gc,marking  ] GC(40) Concurrent Clear Claimed Marks
[33.450s][info][gc,marking  ] GC(40) Concurrent Clear Claimed Marks 0.030ms
[33.450s][info][gc,marking  ] GC(40) Concurrent Cleanup for Next Mark
[33.450s][info][gc,marking  ] GC(40) Concurrent Cleanup for Next Mark 0.122ms
[33.450s][info][gc          ] GC(40) Concurrent Undo Cycle 0.302ms
[35.266s][info][gc,start    ] GC(41) Pause Young (Concurrent Start) (G1 Humongous Allocation)
[35.266s][info][gc,task     ] GC(41) Using 2 workers of 2 for evacuation
[35.280s][info][gc,phases   ] GC(41)   Pre Evacuate Collection Set: 0.26ms
[35.280s][info][gc,phases   ] GC(41)   Merge Heap Roots: 0.09ms
[35.280s][info][gc,phases   ] GC(41)   Evacuate Collection Set: 13.08ms
[35.280s][info][gc,phases   ] GC(41)   Post Evacuate Collection Set: 0.53ms
[35.280s][info][gc,phases   ] GC(41)   Other: 0.12ms
[35.280s][info][gc,heap     ] GC(41) Eden regions: 206->0(237)
[35.280s][info][gc,heap     ] GC(41) Survivor regions: 13->14(32)
[35.280s][info][gc,heap     ] GC(41) Old regions: 210->210
[35.280s][info][gc,heap     ] GC(41) Humongous regions: 21->15
[35.280s][info][gc,metaspace] GC(41) Metaspace: 34217K(34560K)->34217K(34560K) NonClass: 31905K(32128K)->31905K(32128K) Class: 2312K(2432K)->2312K(2432K)
[35.280s][info][gc          ] GC(41) Pause Young (Concurrent Start) (G1 Humongous Allocation) 448M->237M(517M) 14.270ms
[35.280s][info][gc,cpu      ] GC(41) User=0.02s Sys=0.00s Real=0.02s
[35.280s][info][gc          ] GC(42) Concurrent Undo Cycle
[35.280s][info][gc,marking  ] GC(42) Concurrent Clear Claimed Marks
[35.280s][info][gc,marking  ] GC(42) Concurrent Clear Claimed Marks 0.032ms
[35.280s][info][gc,marking  ] GC(42) Concurrent Cleanup for Next Mark
[35.280s][info][gc,marking  ] GC(42) Concurrent Cleanup for Next Mark 0.255ms
[35.280s][info][gc          ] GC(42) Concurrent Undo Cycle 0.385ms
[35.890s][info][gc,start    ] GC(43) Pause Young (Concurrent Start) (G1 Humongous Allocation)
[35.890s][info][gc,task     ] GC(43) Using 2 workers of 2 for evacuation
[35.903s][info][gc,phases   ] GC(43)   Pre Evacuate Collection Set: 0.24ms
[35.903s][info][gc,phases   ] GC(43)   Merge Heap Roots: 0.06ms
[35.903s][info][gc,phases   ] GC(43)   Evacuate Collection Set: 12.20ms
[35.903s][info][gc,phases   ] GC(43)   Post Evacuate Collection Set: 0.40ms
[35.903s][info][gc,phases   ] GC(43)   Other: 0.09ms
[35.903s][info][gc,heap     ] GC(43) Eden regions: 79->0(237)
[35.903s][info][gc,heap     ] GC(43) Survivor regions: 14->14(32)
[35.903s][info][gc,heap     ] GC(43) Old regions: 210->210
[35.903s][info][gc,heap     ] GC(43) Humongous regions: 21->15
[35.903s][info][gc,metaspace] GC(43) Metaspace: 34246K(34624K)->34246K(34624K) NonClass: 31933K(32192K)->31933K(32192K) Class: 2312K(2432K)->2312K(2432K)
[35.903s][info][gc          ] GC(43) Pause Young (Concurrent Start) (G1 Humongous Allocation) 322M->238M(517M) 13.159ms
[35.903s][info][gc,cpu      ] GC(43) User=0.02s Sys=0.00s Real=0.01s
[35.903s][info][gc          ] GC(44) Concurrent Undo Cycle
[35.903s][info][gc,marking  ] GC(44) Concurrent Clear Claimed Marks
[35.903s][info][gc,marking  ] GC(44) Concurrent Clear Claimed Marks 0.033ms
[35.903s][info][gc,marking  ] GC(44) Concurrent Cleanup for Next Mark
[35.904s][info][gc,marking  ] GC(44) Concurrent Cleanup for Next Mark 0.854ms
[35.904s][info][gc          ] GC(44) Concurrent Undo Cycle 0.969ms
[36.430s][info][gc,start    ] GC(45) Pause Young (Concurrent Start) (G1 Humongous Allocation)
[36.430s][info][gc,task     ] GC(45) Using 2 workers of 2 for evacuation
[36.448s][info][gc,phases   ] GC(45)   Pre Evacuate Collection Set: 0.23ms
[36.448s][info][gc,phases   ] GC(45)   Merge Heap Roots: 0.06ms
[36.448s][info][gc,phases   ] GC(45)   Evacuate Collection Set: 17.09ms
[36.448s][info][gc,phases   ] GC(45)   Post Evacuate Collection Set: 0.45ms
[36.448s][info][gc,phases   ] GC(45)   Other: 0.18ms
[36.448s][info][gc,heap     ] GC(45) Eden regions: 70->0(235)
[36.448s][info][gc,heap     ] GC(45) Survivor regions: 14->15(32)
[36.448s][info][gc,heap     ] GC(45) Old regions: 210->210
[36.448s][info][gc,heap     ] GC(45) Humongous regions: 21->15
[36.448s][info][gc,metaspace] GC(45) Metaspace: 34253K(34624K)->34253K(34624K) NonClass: 31940K(32192K)->31940K(32192K) Class: 2312K(2432K)->2312K(2432K)
[36.448s][info][gc          ] GC(45) Pause Young (Concurrent Start) (G1 Humongous Allocation) 314M->238M(517M) 18.245ms
[36.448s][info][gc          ] GC(46) Concurrent Undo Cycle
[36.448s][info][gc,marking  ] GC(46) Concurrent Clear Claimed Marks
[36.448s][info][gc,marking  ] GC(46) Concurrent Clear Claimed Marks 0.032ms
[36.448s][info][gc,marking  ] GC(46) Concurrent Cleanup for Next Mark
[36.448s][info][gc,cpu      ] GC(45) User=0.04s Sys=0.00s Real=0.02s
[36.448s][info][gc,marking  ] GC(46) Concurrent Cleanup for Next Mark 0.224ms
[36.448s][info][gc          ] GC(46) Concurrent Undo Cycle 0.299ms
[36.752s][info][gc,start    ] GC(47) Pause Young (Concurrent Start) (G1 Humongous Allocation)
[36.752s][info][gc,task     ] GC(47) Using 2 workers of 2 for evacuation
[36.767s][info][gc,phases   ] GC(47)   Pre Evacuate Collection Set: 0.26ms
[36.767s][info][gc,phases   ] GC(47)   Merge Heap Roots: 0.07ms
[36.767s][info][gc,phases   ] GC(47)   Evacuate Collection Set: 14.47ms
[36.767s][info][gc,phases   ] GC(47)   Post Evacuate Collection Set: 0.45ms
[36.767s][info][gc,phases   ] GC(47)   Other: 0.12ms
[36.767s][info][gc,heap     ] GC(47) Eden regions: 58->0(235)
[36.767s][info][gc,heap     ] GC(47) Survivor regions: 15->15(32)
[36.767s][info][gc,heap     ] GC(47) Old regions: 210->210
[36.767s][info][gc,heap     ] GC(47) Humongous regions: 21->15
[36.767s][info][gc,metaspace] GC(47) Metaspace: 34269K(34624K)->34269K(34624K) NonClass: 31956K(32192K)->31956K(32192K) Class: 2312K(2432K)->2312K(2432K)
[36.767s][info][gc          ] GC(47) Pause Young (Concurrent Start) (G1 Humongous Allocation) 302M->239M(517M) 15.573ms
[36.767s][info][gc          ] GC(48) Concurrent Undo Cycle
[36.767s][info][gc,marking  ] GC(48) Concurrent Clear Claimed Marks
[36.767s][info][gc,marking  ] GC(48) Concurrent Clear Claimed Marks 0.032ms
[36.767s][info][gc,marking  ] GC(48) Concurrent Cleanup for Next Mark
[36.767s][info][gc,cpu      ] GC(47) User=0.03s Sys=0.00s Real=0.02s
[36.770s][info][gc,marking  ] GC(48) Concurrent Cleanup for Next Mark 2.719ms
[36.770s][info][gc          ] GC(48) Concurrent Undo Cycle 2.815ms
[37.475s][info][gc,start    ] GC(49) Pause Young (Concurrent Start) (G1 Humongous Allocation)
[37.475s][info][gc,task     ] GC(49) Using 2 workers of 2 for evacuation
[37.492s][info][gc,phases   ] GC(49)   Pre Evacuate Collection Set: 0.25ms
[37.492s][info][gc,phases   ] GC(49)   Merge Heap Roots: 0.07ms
[37.492s][info][gc,phases   ] GC(49)   Evacuate Collection Set: 16.36ms
[37.492s][info][gc,phases   ] GC(49)   Post Evacuate Collection Set: 0.46ms
[37.492s][info][gc,phases   ] GC(49)   Other: 0.13ms
[37.492s][info][gc,heap     ] GC(49) Eden regions: 105->0(233)
[37.492s][info][gc,heap     ] GC(49) Survivor regions: 15->16(32)
[37.492s][info][gc,heap     ] GC(49) Old regions: 210->210
[37.492s][info][gc,heap     ] GC(49) Humongous regions: 21->15
[37.492s][info][gc,metaspace] GC(49) Metaspace: 34280K(34688K)->34280K(34688K) NonClass: 31967K(32256K)->31967K(32256K) Class: 2312K(2432K)->2312K(2432K)
[37.492s][info][gc          ] GC(49) Pause Young (Concurrent Start) (G1 Humongous Allocation) 350M->239M(517M) 17.466ms
[37.492s][info][gc          ] GC(50) Concurrent Undo Cycle
[37.492s][info][gc,marking  ] GC(50) Concurrent Clear Claimed Marks
[37.492s][info][gc,marking  ] GC(50) Concurrent Clear Claimed Marks 0.033ms
[37.492s][info][gc,marking  ] GC(50) Concurrent Cleanup for Next Mark
[37.492s][info][gc,cpu      ] GC(49) User=0.03s Sys=0.00s Real=0.02s
[37.493s][info][gc,marking  ] GC(50) Concurrent Cleanup for Next Mark 0.756ms
[37.493s][info][gc          ] GC(50) Concurrent Undo Cycle 0.872ms
[38.075s][info][gc,start    ] GC(51) Pause Young (Concurrent Start) (G1 Humongous Allocation)
[38.075s][info][gc,task     ] GC(51) Using 2 workers of 2 for evacuation
[38.091s][info][gc,phases   ] GC(51)   Pre Evacuate Collection Set: 0.23ms
[38.091s][info][gc,phases   ] GC(51)   Merge Heap Roots: 0.06ms
[38.091s][info][gc,phases   ] GC(51)   Evacuate Collection Set: 15.11ms
[38.091s][info][gc,phases   ] GC(51)   Post Evacuate Collection Set: 0.51ms
[38.091s][info][gc,phases   ] GC(51)   Other: 0.13ms
[38.091s][info][gc,heap     ] GC(51) Eden regions: 82->0(233)
[38.091s][info][gc,heap     ] GC(51) Survivor regions: 16->16(32)
[38.091s][info][gc,heap     ] GC(51) Old regions: 210->210
[38.091s][info][gc,heap     ] GC(51) Humongous regions: 21->15
[38.091s][info][gc,metaspace] GC(51) Metaspace: 34295K(34688K)->34295K(34688K) NonClass: 31983K(32256K)->31983K(32256K) Class: 2312K(2432K)->2312K(2432K)
[38.091s][info][gc          ] GC(51) Pause Young (Concurrent Start) (G1 Humongous Allocation) 327M->240M(517M) 16.205ms
[38.091s][info][gc,cpu      ] GC(51) User=0.04s Sys=0.00s Real=0.02s
[38.091s][info][gc          ] GC(52) Concurrent Undo Cycle
[38.092s][info][gc,marking  ] GC(52) Concurrent Clear Claimed Marks
[38.092s][info][gc,marking  ] GC(52) Concurrent Clear Claimed Marks 0.035ms
[38.092s][info][gc,marking  ] GC(52) Concurrent Cleanup for Next Mark
[38.092s][info][gc,marking  ] GC(52) Concurrent Cleanup for Next Mark 0.149ms
[38.092s][info][gc          ] GC(52) Concurrent Undo Cycle 0.692ms
[39.595s][info][gc,start    ] GC(53) Pause Young (Normal) (G1 Evacuation Pause)
[39.595s][info][gc,task     ] GC(53) Using 2 workers of 2 for evacuation
[39.638s][info][gc,phases   ] GC(53)   Pre Evacuate Collection Set: 0.24ms
[39.638s][info][gc,phases   ] GC(53)   Merge Heap Roots: 0.09ms
[39.638s][info][gc,phases   ] GC(53)   Evacuate Collection Set: 42.69ms
[39.638s][info][gc,phases   ] GC(53)   Post Evacuate Collection Set: 0.63ms
[39.638s][info][gc,phases   ] GC(53)   Other: 0.08ms
[39.638s][info][gc,heap     ] GC(53) Eden regions: 233->0(196)
[39.638s][info][gc,heap     ] GC(53) Survivor regions: 16->32(32)
[39.638s][info][gc,heap     ] GC(53) Old regions: 210->213
[39.638s][info][gc,heap     ] GC(53) Humongous regions: 19->17
[39.638s][info][gc,metaspace] GC(53) Metaspace: 34320K(34688K)->34320K(34688K) NonClass: 32008K(32256K)->32008K(32256K) Class: 2312K(2432K)->2312K(2432K)
[39.639s][info][gc          ] GC(53) Pause Young (Normal) (G1 Evacuation Pause) 477M->261M(517M) 43.958ms
[39.639s][info][gc,cpu      ] GC(53) User=0.09s Sys=0.00s Real=0.05s
[40.709s][info][gc,start    ] GC(54) Pause Young (Concurrent Start) (G1 Humongous Allocation)
[40.709s][info][gc,task     ] GC(54) Using 2 workers of 2 for evacuation
[40.759s][info][gc,phases   ] GC(54)   Pre Evacuate Collection Set: 0.21ms
[40.759s][info][gc,phases   ] GC(54)   Merge Heap Roots: 0.12ms
[40.759s][info][gc,phases   ] GC(54)   Evacuate Collection Set: 48.62ms
[40.759s][info][gc,phases   ] GC(54)   Post Evacuate Collection Set: 0.70ms
[40.759s][info][gc,phases   ] GC(54)   Other: 0.13ms
[40.759s][info][gc,heap     ] GC(54) Eden regions: 165->0(211)
[40.759s][info][gc,heap     ] GC(54) Survivor regions: 32->11(29)
[40.759s][info][gc,heap     ] GC(54) Old regions: 213->239
[40.759s][info][gc,heap     ] GC(54) Humongous regions: 19->15
[40.759s][info][gc,metaspace] GC(54) Metaspace: 34358K(34752K)->34358K(34752K) NonClass: 32046K(32320K)->32046K(32320K) Class: 2312K(2432K)->2312K(2432K)
[40.759s][info][gc          ] GC(54) Pause Young (Concurrent Start) (G1 Humongous Allocation) 428M->263M(517M) 49.983ms
[40.759s][info][gc,cpu      ] GC(54) User=0.10s Sys=0.00s Real=0.05s
[40.759s][info][gc          ] GC(55) Concurrent Mark Cycle
[40.759s][info][gc,marking  ] GC(55) Concurrent Scan Root Regions
[40.810s][info][gc,marking  ] GC(55) Concurrent Scan Root Regions 51.395ms
[40.810s][info][gc,marking  ] GC(55) Concurrent Mark
[40.810s][info][gc,marking  ] GC(55) Concurrent Mark From Roots
[40.810s][info][gc,task     ] GC(55) Using 1 workers of 1 for marking
[40.875s][info][gc,marking  ] GC(55) Concurrent Mark From Roots 65.108ms
[40.875s][info][gc,marking  ] GC(55) Concurrent Preclean
[40.876s][info][gc,marking  ] GC(55) Concurrent Preclean 0.037ms
[40.877s][info][gc,start    ] GC(55) Pause Remark
[40.903s][info][gc          ] GC(55) Pause Remark 281M->141M(424M) 25.579ms
[40.903s][info][gc,cpu      ] GC(55) User=0.06s Sys=0.00s Real=0.02s
[40.903s][info][gc,marking  ] GC(55) Concurrent Mark 92.385ms
[40.903s][info][gc,marking  ] GC(55) Concurrent Rebuild Remembered Sets and Scrub Regions
[40.959s][info][gc,marking  ] GC(55) Concurrent Rebuild Remembered Sets and Scrub Regions 56.719ms
[40.961s][info][gc,start    ] GC(55) Pause Cleanup
[40.961s][info][gc          ] GC(55) Pause Cleanup 152M->152M(424M) 0.097ms
[40.961s][info][gc,cpu      ] GC(55) User=0.00s Sys=0.00s Real=0.00s
[40.961s][info][gc,marking  ] GC(55) Concurrent Clear Claimed Marks
[40.961s][info][gc,marking  ] GC(55) Concurrent Clear Claimed Marks 0.053ms
[40.961s][info][gc,marking  ] GC(55) Concurrent Cleanup for Next Mark
[40.964s][info][gc,marking  ] GC(55) Concurrent Cleanup for Next Mark 3.158ms
[40.964s][info][gc          ] GC(55) Concurrent Mark Cycle 205.459ms
[42.326s][info][gc,start    ] GC(56) Pause Young (Prepare Mixed) (G1 Evacuation Pause)
[42.326s][info][gc,task     ] GC(56) Using 2 workers of 2 for evacuation
[42.341s][info][gc,phases   ] GC(56)   Pre Evacuate Collection Set: 0.22ms
[42.341s][info][gc,phases   ] GC(56)   Merge Heap Roots: 0.17ms
[42.341s][info][gc,phases   ] GC(56)   Evacuate Collection Set: 13.81ms
[42.341s][info][gc,phases   ] GC(56)   Post Evacuate Collection Set: 0.46ms
[42.341s][info][gc,phases   ] GC(56)   Other: 0.11ms
[42.341s][info][gc,heap     ] GC(56) Eden regions: 211->0(240)
[42.341s][info][gc,heap     ] GC(56) Survivor regions: 11->14(28)
[42.341s][info][gc,heap     ] GC(56) Old regions: 114->114
[42.341s][info][gc,heap     ] GC(56) Humongous regions: 12->2
[42.341s][info][gc,metaspace] GC(56) Metaspace: 34376K(34752K)->34376K(34752K) NonClass: 32063K(32320K)->32063K(32320K) Class: 2312K(2432K)->2312K(2432K)
[42.341s][info][gc          ] GC(56) Pause Young (Prepare Mixed) (G1 Evacuation Pause) 346M->128M(424M) 14.975ms
[42.341s][info][gc,cpu      ] GC(56) User=0.03s Sys=0.00s Real=0.02s
[43.972s][info][gc,start    ] GC(57) Pause Young (Mixed) (G1 Evacuation Pause)
[43.972s][info][gc,task     ] GC(57) Using 2 workers of 2 for evacuation
[43.986s][info][gc,phases   ] GC(57)   Pre Evacuate Collection Set: 0.21ms
[43.986s][info][gc,phases   ] GC(57)   Merge Heap Roots: 0.12ms
[43.986s][info][gc,phases   ] GC(57)   Evacuate Collection Set: 13.57ms
[43.987s][info][gc,phases   ] GC(57)   Post Evacuate Collection Set: 0.48ms
[43.987s][info][gc,phases   ] GC(57)   Other: 0.10ms
[43.987s][info][gc,heap     ] GC(57) Eden regions: 240->0(241)
[43.987s][info][gc,heap     ] GC(57) Survivor regions: 14->13(32)
[43.987s][info][gc,heap     ] GC(57) Old regions: 114->74
[43.987s][info][gc,heap     ] GC(57) Humongous regions: 10->2
[43.987s][info][gc,metaspace] GC(57) Metaspace: 34387K(34752K)->34387K(34752K) NonClass: 32075K(32320K)->32075K(32320K) Class: 2312K(2432K)->2312K(2432K)
[43.987s][info][gc          ] GC(57) Pause Young (Mixed) (G1 Evacuation Pause) 376M->87M(424M) 14.669ms
[43.987s][info][gc,cpu      ] GC(57) User=0.03s Sys=0.00s Real=0.01s
[44.212s][info][gc,start    ] GC(58) Pause Young (Concurrent Start) (G1 Humongous Allocation)
[44.212s][info][gc,task     ] GC(58) Using 2 workers of 2 for evacuation
[44.227s][info][gc,phases   ] GC(58)   Pre Evacuate Collection Set: 0.21ms
[44.227s][info][gc,phases   ] GC(58)   Merge Heap Roots: 0.08ms
[44.227s][info][gc,phases   ] GC(58)   Evacuate Collection Set: 13.85ms
[44.227s][info][gc,phases   ] GC(58)   Post Evacuate Collection Set: 0.33ms
[44.227s][info][gc,phases   ] GC(58)   Other: 0.14ms
[44.227s][info][gc,heap     ] GC(58) Eden regions: 36->0(241)
[44.227s][info][gc,heap     ] GC(58) Survivor regions: 13->13(32)
[44.227s][info][gc,heap     ] GC(58) Old regions: 74->74
[44.227s][info][gc,heap     ] GC(58) Humongous regions: 2->0
[44.227s][info][gc,metaspace] GC(58) Metaspace: 34417K(34752K)->34417K(34752K) NonClass: 32105K(32320K)->32105K(32320K) Class: 2312K(2432K)->2312K(2432K)
[44.227s][info][gc          ] GC(58) Pause Young (Concurrent Start) (G1 Humongous Allocation) 123M->85M(424M) 14.807ms
[44.227s][info][gc          ] GC(59) Concurrent Mark Cycle
[44.227s][info][gc,marking  ] GC(59) Concurrent Scan Root Regions
[44.228s][info][gc,cpu      ] GC(58) User=0.03s Sys=0.00s Real=0.02s
[44.257s][info][gc,marking  ] GC(59) Concurrent Scan Root Regions 29.764ms
[44.257s][info][gc,marking  ] GC(59) Concurrent Mark
[44.257s][info][gc,marking  ] GC(59) Concurrent Mark From Roots
[44.257s][info][gc,task     ] GC(59) Using 1 workers of 1 for marking
[44.353s][info][gc,marking  ] GC(59) Concurrent Mark From Roots 96.457ms
[44.353s][info][gc,marking  ] GC(59) Concurrent Preclean
[44.353s][info][gc,marking  ] GC(59) Concurrent Preclean 0.041ms
[44.354s][info][gc,start    ] GC(59) Pause Remark
[44.378s][info][gc          ] GC(59) Pause Remark 106M->105M(294M) 24.497ms
[44.378s][info][gc,cpu      ] GC(59) User=0.04s Sys=0.00s Real=0.03s
[44.378s][info][gc,marking  ] GC(59) Concurrent Mark 121.219ms
[44.378s][info][gc,marking  ] GC(59) Concurrent Rebuild Remembered Sets and Scrub Regions
[44.409s][info][gc,marking  ] GC(59) Concurrent Rebuild Remembered Sets and Scrub Regions 30.781ms
[44.409s][info][gc,start    ] GC(59) Pause Cleanup
[44.409s][info][gc          ] GC(59) Pause Cleanup 108M->108M(294M) 0.055ms
[44.409s][info][gc,cpu      ] GC(59) User=0.00s Sys=0.00s Real=0.00s
[44.409s][info][gc,marking  ] GC(59) Concurrent Clear Claimed Marks
[44.409s][info][gc,marking  ] GC(59) Concurrent Clear Claimed Marks 0.034ms
[44.409s][info][gc,marking  ] GC(59) Concurrent Cleanup for Next Mark
[44.410s][info][gc,marking  ] GC(59) Concurrent Cleanup for Next Mark 0.901ms
[44.410s][info][gc          ] GC(59) Concurrent Mark Cycle 183.107ms
[45.327s][info][gc,start    ] GC(60) Pause Young (Prepare Mixed) (G1 Evacuation Pause)
[45.327s][info][gc,task     ] GC(60) Using 2 workers of 2 for evacuation
[45.352s][info][gc,phases   ] GC(60)   Pre Evacuate Collection Set: 0.18ms
[45.352s][info][gc,phases   ] GC(60)   Merge Heap Roots: 0.12ms
[45.352s][info][gc,phases   ] GC(60)   Evacuate Collection Set: 23.79ms
[45.352s][info][gc,phases   ] GC(60)   Post Evacuate Collection Set: 0.39ms
[45.352s][info][gc,phases   ] GC(60)   Other: 0.09ms
[45.352s][info][gc,heap     ] GC(60) Eden regions: 163->0(162)
[45.352s][info][gc,heap     ] GC(60) Survivor regions: 13->14(22)
[45.352s][info][gc,heap     ] GC(60) Old regions: 73->83
[45.352s][info][gc,heap     ] GC(60) Humongous regions: 4->2
[45.352s][info][gc,metaspace] GC(60) Metaspace: 34420K(34752K)->34420K(34752K) NonClass: 32108K(32320K)->32108K(32320K) Class: 2312K(2432K)->2312K(2432K)
[45.352s][info][gc          ] GC(60) Pause Young (Prepare Mixed) (G1 Evacuation Pause) 251M->97M(294M) 24.761ms
[45.352s][info][gc,cpu      ] GC(60) User=0.05s Sys=0.00s Real=0.02s
[46.296s][info][gc,start    ] GC(61) Pause Young (Mixed) (G1 Evacuation Pause)
[46.296s][info][gc,task     ] GC(61) Using 2 workers of 2 for evacuation
[46.306s][info][gc,phases   ] GC(61)   Pre Evacuate Collection Set: 0.20ms
[46.306s][info][gc,phases   ] GC(61)   Merge Heap Roots: 0.07ms
[46.306s][info][gc,phases   ] GC(61)   Evacuate Collection Set: 9.80ms
[46.306s][info][gc,phases   ] GC(61)   Post Evacuate Collection Set: 0.50ms
[46.306s][info][gc,phases   ] GC(61)   Other: 0.08ms
[46.306s][info][gc,heap     ] GC(61) Eden regions: 162->0(172)
[46.306s][info][gc,heap     ] GC(61) Survivor regions: 14->4(22)
[46.306s][info][gc,heap     ] GC(61) Old regions: 83->79
[46.306s][info][gc,heap     ] GC(61) Humongous regions: 8->2
[46.307s][info][gc,metaspace] GC(61) Metaspace: 34449K(34816K)->34449K(34816K) NonClass: 32136K(32384K)->32136K(32384K) Class: 2312K(2432K)->2312K(2432K)
[46.307s][info][gc          ] GC(61) Pause Young (Mixed) (G1 Evacuation Pause) 265M->83M(294M) 10.831ms
[46.307s][info][gc,cpu      ] GC(61) User=0.03s Sys=0.00s Real=0.01s
[46.375s][info][gc,start    ] GC(62) Pause Young (Concurrent Start) (G1 Humongous Allocation)
[46.375s][info][gc,task     ] GC(62) Using 2 workers of 2 for evacuation
[46.383s][info][gc,phases   ] GC(62)   Pre Evacuate Collection Set: 0.20ms
[46.383s][info][gc,phases   ] GC(62)   Merge Heap Roots: 0.04ms
[46.383s][info][gc,phases   ] GC(62)   Evacuate Collection Set: 7.56ms
[46.383s][info][gc,phases   ] GC(62)   Post Evacuate Collection Set: 0.31ms
[46.383s][info][gc,phases   ] GC(62)   Other: 0.10ms
[46.383s][info][gc,heap     ] GC(62) Eden regions: 8->0(173)
[46.383s][info][gc,heap     ] GC(62) Survivor regions: 4->3(22)
[46.383s][info][gc,heap     ] GC(62) Old regions: 79->79
[46.383s][info][gc,heap     ] GC(62) Humongous regions: 2->0
[46.383s][info][gc,metaspace] GC(62) Metaspace: 34454K(34816K)->34454K(34816K) NonClass: 32142K(32384K)->32142K(32384K) Class: 2312K(2432K)->2312K(2432K)
[46.383s][info][gc          ] GC(62) Pause Young (Concurrent Start) (G1 Humongous Allocation) 91M->80M(294M) 8.376ms
[46.383s][info][gc,cpu      ] GC(62) User=0.01s Sys=0.00s Real=0.01s
[46.385s][info][gc          ] GC(63) Concurrent Mark Cycle
[46.385s][info][gc,marking  ] GC(63) Concurrent Scan Root Regions
[46.392s][info][gc,marking  ] GC(63) Concurrent Scan Root Regions 7.261ms
[46.392s][info][gc,marking  ] GC(63) Concurrent Mark
[46.392s][info][gc,marking  ] GC(63) Concurrent Mark From Roots
[46.392s][info][gc,task     ] GC(63) Using 1 workers of 1 for marking
[46.474s][info][gc,marking  ] GC(63) Concurrent Mark From Roots 82.157ms
[46.474s][info][gc,marking  ] GC(63) Concurrent Preclean
[46.474s][info][gc,marking  ] GC(63) Concurrent Preclean 0.040ms
[46.474s][info][gc,start    ] GC(63) Pause Remark
[46.490s][info][gc          ] GC(63) Pause Remark 96M->90M(260M) 15.235ms
[46.490s][info][gc,cpu      ] GC(63) User=0.03s Sys=0.00s Real=0.02s
[46.491s][info][gc,marking  ] GC(63) Concurrent Mark 98.589ms
[46.491s][info][gc,marking  ] GC(63) Concurrent Rebuild Remembered Sets and Scrub Regions
[46.517s][info][gc,marking  ] GC(63) Concurrent Rebuild Remembered Sets and Scrub Regions 26.684ms
[46.517s][info][gc,start    ] GC(63) Pause Cleanup
[46.517s][info][gc          ] GC(63) Pause Cleanup 94M->94M(260M) 0.049ms
[46.517s][info][gc,cpu      ] GC(63) User=0.00s Sys=0.00s Real=0.00s
[46.518s][info][gc,marking  ] GC(63) Concurrent Clear Claimed Marks
[46.518s][info][gc,marking  ] GC(63) Concurrent Clear Claimed Marks 0.036ms
[46.518s][info][gc,marking  ] GC(63) Concurrent Cleanup for Next Mark
[46.518s][info][gc,marking  ] GC(63) Concurrent Cleanup for Next Mark 0.789ms
[46.518s][info][gc          ] GC(63) Concurrent Mark Cycle 133.662ms
[46.984s][info][gc,start    ] GC(64) Pause Young (Prepare Mixed) (G1 Evacuation Pause)
[46.984s][info][gc,task     ] GC(64) Using 2 workers of 2 for evacuation
[47.026s][info][gc,phases   ] GC(64)   Pre Evacuate Collection Set: 0.15ms
[47.026s][info][gc,phases   ] GC(64)   Merge Heap Roots: 0.07ms
[47.026s][info][gc,phases   ] GC(64)   Evacuate Collection Set: 41.33ms
[47.026s][info][gc,phases   ] GC(64)   Post Evacuate Collection Set: 0.51ms
[47.026s][info][gc,phases   ] GC(64)   Other: 0.10ms
[47.026s][info][gc,heap     ] GC(64) Eden regions: 153->0(119)
[47.026s][info][gc,heap     ] GC(64) Survivor regions: 3->20(20)
[47.026s][info][gc,heap     ] GC(64) Old regions: 73->92
[47.026s][info][gc,heap     ] GC(64) Humongous regions: 2->2
[47.026s][info][gc,metaspace] GC(64) Metaspace: 34457K(34816K)->34457K(34816K) NonClass: 32144K(32384K)->32144K(32384K) Class: 2313K(2432K)->2313K(2432K)
[47.026s][info][gc          ] GC(64) Pause Young (Prepare Mixed) (G1 Evacuation Pause) 229M->112M(270M) 42.363ms
[47.026s][info][gc,cpu      ] GC(64) User=0.08s Sys=0.01s Real=0.04s
[47.850s][info][gc,start    ] GC(65) Pause Young (Mixed) (G1 Evacuation Pause)
[47.850s][info][gc,task     ] GC(65) Using 2 workers of 2 for evacuation
[47.908s][info][gc,phases   ] GC(65)   Pre Evacuate Collection Set: 0.21ms
[47.909s][info][gc,phases   ] GC(65)   Merge Heap Roots: 0.25ms
[47.909s][info][gc,phases   ] GC(65)   Evacuate Collection Set: 57.30ms
[47.909s][info][gc,phases   ] GC(65)   Post Evacuate Collection Set: 0.55ms
[47.909s][info][gc,phases   ] GC(65)   Other: 0.09ms
[47.909s][info][gc,heap     ] GC(65) Eden regions: 119->0(115)
[47.909s][info][gc,heap     ] GC(65) Survivor regions: 20->18(18)
[47.909s][info][gc,heap     ] GC(65) Old regions: 92->95
[47.909s][info][gc,heap     ] GC(65) Humongous regions: 2->2
[47.909s][info][gc,metaspace] GC(65) Metaspace: 34461K(34816K)->34461K(34816K) NonClass: 32147K(32384K)->32147K(32384K) Class: 2313K(2432K)->2313K(2432K)
[47.909s][info][gc          ] GC(65) Pause Young (Mixed) (G1 Evacuation Pause) 231M->115M(278M) 58.598ms
[47.909s][info][gc,cpu      ] GC(65) User=0.11s Sys=0.01s Real=0.06s
[48.685s][info][gc,start    ] GC(66) Pause Young (Concurrent Start) (G1 Evacuation Pause)
[48.685s][info][gc,task     ] GC(66) Using 2 workers of 2 for evacuation
[48.766s][info][gc,phases   ] GC(66)   Pre Evacuate Collection Set: 0.17ms
[48.766s][info][gc,phases   ] GC(66)   Merge Heap Roots: 0.34ms
[48.766s][info][gc,phases   ] GC(66)   Evacuate Collection Set: 79.24ms
[48.766s][info][gc,phases   ] GC(66)   Post Evacuate Collection Set: 0.57ms
[48.766s][info][gc,phases   ] GC(66)   Other: 0.15ms
[48.766s][info][gc,heap     ] GC(66) Eden regions: 115->0(87)
[48.766s][info][gc,heap     ] GC(66) Survivor regions: 18->17(17)
[48.766s][info][gc,heap     ] GC(66) Old regions: 95->128
[48.766s][info][gc,heap     ] GC(66) Humongous regions: 2->2
[48.766s][info][gc,metaspace] GC(66) Metaspace: 34461K(34816K)->34461K(34816K) NonClass: 32147K(32384K)->32147K(32384K) Class: 2313K(2432K)->2313K(2432K)
[48.766s][info][gc          ] GC(66) Pause Young (Concurrent Start) (G1 Evacuation Pause) 230M->147M(280M) 80.701ms
[48.766s][info][gc          ] GC(67) Concurrent Mark Cycle
[48.766s][info][gc,marking  ] GC(67) Concurrent Scan Root Regions
[48.768s][info][gc,cpu      ] GC(66) User=0.16s Sys=0.01s Real=0.09s
[48.869s][info][gc,marking  ] GC(67) Concurrent Scan Root Regions 103.469ms
[48.869s][info][gc,marking  ] GC(67) Concurrent Mark
[48.869s][info][gc,marking  ] GC(67) Concurrent Mark From Roots
[48.869s][info][gc,task     ] GC(67) Using 1 workers of 1 for marking
[49.050s][info][gc,marking  ] GC(67) Concurrent Mark From Roots 180.958ms
[49.050s][info][gc,marking  ] GC(67) Concurrent Preclean
[49.050s][info][gc,marking  ] GC(67) Concurrent Preclean 0.060ms
[49.051s][info][gc,start    ] GC(67) Pause Remark
[49.083s][info][gc          ] GC(67) Pause Remark 170M->169M(280M) 32.047ms
[49.083s][info][gc,cpu      ] GC(67) User=0.03s Sys=0.00s Real=0.03s
[49.083s][info][gc,marking  ] GC(67) Concurrent Mark 213.589ms
[49.083s][info][gc,marking  ] GC(67) Concurrent Rebuild Remembered Sets and Scrub Regions
[49.171s][info][gc,marking  ] GC(67) Concurrent Rebuild Remembered Sets and Scrub Regions 87.745ms
[49.171s][info][gc,start    ] GC(67) Pause Cleanup
[49.171s][info][gc          ] GC(67) Pause Cleanup 175M->175M(280M) 0.055ms
[49.171s][info][gc,cpu      ] GC(67) User=0.00s Sys=0.00s Real=0.00s
[49.173s][info][gc,marking  ] GC(67) Concurrent Clear Claimed Marks
[49.173s][info][gc,marking  ] GC(67) Concurrent Clear Claimed Marks 0.053ms
[49.173s][info][gc,marking  ] GC(67) Concurrent Cleanup for Next Mark
[49.174s][info][gc,marking  ] GC(67) Concurrent Cleanup for Next Mark 0.927ms
[49.174s][info][gc          ] GC(67) Concurrent Mark Cycle 408.003ms
[49.600s][info][gc,start    ] GC(68) Pause Young (Prepare Mixed) (G1 Evacuation Pause)
[49.600s][info][gc,task     ] GC(68) Using 2 workers of 2 for evacuation
[49.650s][info][gc,phases   ] GC(68)   Pre Evacuate Collection Set: 0.19ms
[49.650s][info][gc,phases   ] GC(68)   Merge Heap Roots: 0.56ms
[49.651s][info][gc,phases   ] GC(68)   Evacuate Collection Set: 48.99ms
[49.651s][info][gc,phases   ] GC(68)   Post Evacuate Collection Set: 0.34ms
[49.651s][info][gc,phases   ] GC(68)   Other: 0.07ms
[49.651s][info][gc,heap     ] GC(68) Eden regions: 87->0(70)
[49.651s][info][gc,heap     ] GC(68) Survivor regions: 17->13(13)
[49.651s][info][gc,heap     ] GC(68) Old regions: 127->155
[49.651s][info][gc,heap     ] GC(68) Humongous regions: 2->0
[49.651s][info][gc,metaspace] GC(68) Metaspace: 34467K(34816K)->34467K(34816K) NonClass: 32153K(32384K)->32153K(32384K) Class: 2313K(2432K)->2313K(2432K)
[49.651s][info][gc          ] GC(68) Pause Young (Prepare Mixed) (G1 Evacuation Pause) 233M->168M(280M) 50.308ms
[49.651s][info][gc,cpu      ] GC(68) User=0.10s Sys=0.00s Real=0.05s
[49.971s][info][gc,start    ] GC(69) Pause Young (Mixed) (G1 Evacuation Pause)
[49.971s][info][gc,task     ] GC(69) Using 2 workers of 2 for evacuation
[50.044s][info][gc,phases   ] GC(69)   Pre Evacuate Collection Set: 0.20ms
[50.044s][info][gc,phases   ] GC(69)   Merge Heap Roots: 0.38ms
[50.044s][info][gc,phases   ] GC(69)   Evacuate Collection Set: 71.59ms
[50.044s][info][gc,phases   ] GC(69)   Post Evacuate Collection Set: 0.50ms
[50.044s][info][gc,phases   ] GC(69)   Other: 0.07ms
[50.044s][info][gc,heap     ] GC(69) Eden regions: 70->0(69)
[50.044s][info][gc,heap     ] GC(69) Survivor regions: 13->11(11)
[50.044s][info][gc,heap     ] GC(69) Old regions: 155->159
[50.044s][info][gc,heap     ] GC(69) Humongous regions: 2->2
[50.044s][info][gc,metaspace] GC(69) Metaspace: 34467K(34816K)->34467K(34816K) NonClass: 32153K(32384K)->32153K(32384K) Class: 2313K(2432K)->2313K(2432K)
[50.044s][info][gc          ] GC(69) Pause Young (Mixed) (G1 Evacuation Pause) 240M->171M(280M) 72.938ms
[50.044s][info][gc,cpu      ] GC(69) User=0.15s Sys=0.00s Real=0.07s
[50.386s][info][gc,start    ] GC(70) Pause Young (Concurrent Start) (G1 Humongous Allocation)
[50.386s][info][gc,task     ] GC(70) Using 2 workers of 2 for evacuation
[50.410s][info][gc,phases   ] GC(70)   Pre Evacuate Collection Set: 0.17ms
[50.410s][info][gc,phases   ] GC(70)   Merge Heap Roots: 0.04ms
[50.410s][info][gc,phases   ] GC(70)   Evacuate Collection Set: 22.13ms
[50.410s][info][gc,phases   ] GC(70)   Post Evacuate Collection Set: 1.28ms
[50.410s][info][gc,phases   ] GC(70)   Other: 0.10ms
[50.410s][info][gc,heap     ] GC(70) Eden regions: 36->0(156)
[50.410s][info][gc,heap     ] GC(70) Survivor regions: 11->6(10)
[50.410s][info][gc,heap     ] GC(70) Old regions: 159->165
[50.410s][info][gc,heap     ] GC(70) Humongous regions: 2->0
[50.410s][info][gc,metaspace] GC(70) Metaspace: 34469K(34816K)->34469K(34816K) NonClass: 32156K(32384K)->32156K(32384K) Class: 2313K(2432K)->2313K(2432K)
[50.410s][info][gc          ] GC(70) Pause Young (Concurrent Start) (G1 Humongous Allocation) 207M->170M(399M) 23.921ms
[50.410s][info][gc          ] GC(71) Concurrent Mark Cycle
[50.410s][info][gc,marking  ] GC(71) Concurrent Scan Root Regions
[50.412s][info][gc,cpu      ] GC(70) User=0.05s Sys=0.00s Real=0.03s
[50.424s][info][gc,marking  ] GC(71) Concurrent Scan Root Regions 13.663ms
[50.424s][info][gc,marking  ] GC(71) Concurrent Mark
[50.424s][info][gc,marking  ] GC(71) Concurrent Mark From Roots
[50.424s][info][gc,task     ] GC(71) Using 1 workers of 1 for marking
[50.502s][info][gc,marking  ] GC(71) Concurrent Mark From Roots 78.548ms
[50.502s][info][gc,marking  ] GC(71) Concurrent Preclean
[50.502s][info][gc,marking  ] GC(71) Concurrent Preclean 0.040ms
[50.503s][info][gc,start    ] GC(71) Pause Remark
[50.522s][info][gc          ] GC(71) Pause Remark 183M->127M(390M) 18.961ms
[50.522s][info][gc,cpu      ] GC(71) User=0.04s Sys=0.00s Real=0.02s
[50.522s][info][gc,marking  ] GC(71) Concurrent Mark 97.825ms
[50.522s][info][gc,marking  ] GC(71) Concurrent Rebuild Remembered Sets and Scrub Regions
[50.556s][info][gc,marking  ] GC(71) Concurrent Rebuild Remembered Sets and Scrub Regions 33.896ms
[50.556s][info][gc,start    ] GC(71) Pause Cleanup
[50.556s][info][gc          ] GC(71) Pause Cleanup 129M->129M(390M) 0.079ms
[50.556s][info][gc,cpu      ] GC(71) User=0.00s Sys=0.00s Real=0.00s
[50.556s][info][gc,marking  ] GC(71) Concurrent Clear Claimed Marks
[50.556s][info][gc,marking  ] GC(71) Concurrent Clear Claimed Marks 0.034ms
[50.556s][info][gc,marking  ] GC(71) Concurrent Cleanup for Next Mark
[50.562s][info][gc,marking  ] GC(71) Concurrent Cleanup for Next Mark 6.189ms
[50.562s][info][gc          ] GC(71) Concurrent Mark Cycle 151.990ms
[51.461s][info][gc,start    ] GC(72) Pause Young (Prepare Mixed) (G1 Evacuation Pause)
[51.461s][info][gc,task     ] GC(72) Using 2 workers of 2 for evacuation
[51.497s][info][gc,phases   ] GC(72)   Pre Evacuate Collection Set: 0.24ms
[51.497s][info][gc,phases   ] GC(72)   Merge Heap Roots: 0.12ms
[51.497s][info][gc,phases   ] GC(72)   Evacuate Collection Set: 35.71ms
[51.497s][info][gc,phases   ] GC(72)   Post Evacuate Collection Set: 0.42ms
[51.497s][info][gc,phases   ] GC(72)   Other: 0.11ms
[51.497s][info][gc,heap     ] GC(72) Eden regions: 156->0(193)
[51.497s][info][gc,heap     ] GC(72) Survivor regions: 6->13(21)
[51.497s][info][gc,heap     ] GC(72) Old regions: 109->109
[51.497s][info][gc,heap     ] GC(72) Humongous regions: 10->2
[51.497s][info][gc,metaspace] GC(72) Metaspace: 34479K(34816K)->34479K(34816K) NonClass: 32166K(32384K)->32166K(32384K) Class: 2313K(2432K)->2313K(2432K)
[51.497s][info][gc          ] GC(72) Pause Young (Prepare Mixed) (G1 Evacuation Pause) 280M->123M(390M) 36.807ms
[51.497s][info][gc,cpu      ] GC(72) User=0.04s Sys=0.00s Real=0.04s
[52.683s][info][gc,start    ] GC(73) Pause Young (Mixed) (G1 Evacuation Pause)
[52.683s][info][gc,task     ] GC(73) Using 2 workers of 2 for evacuation
[52.717s][info][gc,phases   ] GC(73)   Pre Evacuate Collection Set: 0.22ms
[52.717s][info][gc,phases   ] GC(73)   Merge Heap Roots: 0.18ms
[52.717s][info][gc,phases   ] GC(73)   Evacuate Collection Set: 32.38ms
[52.717s][info][gc,phases   ] GC(73)   Post Evacuate Collection Set: 0.73ms
[52.717s][info][gc,phases   ] GC(73)   Other: 0.08ms
[52.717s][info][gc,heap     ] GC(73) Eden regions: 193->0(205)
[52.717s][info][gc,heap     ] GC(73) Survivor regions: 13->26(26)
[52.717s][info][gc,heap     ] GC(73) Old regions: 109->75
[52.717s][info][gc,heap     ] GC(73) Humongous regions: 5->2
[52.717s][info][gc,metaspace] GC(73) Metaspace: 35367K(35712K)->35367K(35712K) NonClass: 32988K(33216K)->32988K(33216K) Class: 2378K(2496K)->2378K(2496K)
[52.717s][info][gc          ] GC(73) Pause Young (Mixed) (G1 Evacuation Pause) 319M->102M(390M) 33.841ms
[52.717s][info][gc,cpu      ] GC(73) User=0.07s Sys=0.00s Real=0.04s
[53.580s][info][gc,start    ] GC(74) Pause Young (Mixed) (G1 Evacuation Pause)
[53.580s][info][gc,task     ] GC(74) Using 2 workers of 2 for evacuation
[53.622s][info][gc,phases   ] GC(74)   Pre Evacuate Collection Set: 0.20ms
[53.622s][info][gc,phases   ] GC(74)   Merge Heap Roots: 0.13ms
[53.622s][info][gc,phases   ] GC(74)   Evacuate Collection Set: 41.17ms
[53.622s][info][gc,phases   ] GC(74)   Post Evacuate Collection Set: 0.54ms
[53.622s][info][gc,phases   ] GC(74)   Other: 0.08ms
[53.622s][info][gc,heap     ] GC(74) Eden regions: 205->0(173)
[53.622s][info][gc,heap     ] GC(74) Survivor regions: 26->29(29)
[53.622s][info][gc,heap     ] GC(74) Old regions: 75->105
[53.622s][info][gc,heap     ] GC(74) Humongous regions: 3->3
[53.622s][info][gc,metaspace] GC(74) Metaspace: 35438K(35776K)->35438K(35776K) NonClass: 33059K(33280K)->33059K(33280K) Class: 2378K(2496K)->2378K(2496K)
[53.622s][info][gc          ] GC(74) Pause Young (Mixed) (G1 Evacuation Pause) 308M->136M(390M) 42.336ms
[53.623s][info][gc,cpu      ] GC(74) User=0.09s Sys=0.00s Real=0.04s
[53.665s][info][gc,start    ] GC(75) Pause Young (Concurrent Start) (G1 Humongous Allocation)
[53.665s][info][gc,task     ] GC(75) Using 2 workers of 2 for evacuation
[53.686s][info][gc,phases   ] GC(75)   Pre Evacuate Collection Set: 0.20ms
[53.686s][info][gc,phases   ] GC(75)   Merge Heap Roots: 0.12ms
[53.686s][info][gc,phases   ] GC(75)   Evacuate Collection Set: 19.70ms
[53.686s][info][gc,phases   ] GC(75)   Post Evacuate Collection Set: 0.34ms
[53.686s][info][gc,phases   ] GC(75)   Other: 0.13ms
[53.686s][info][gc,heap     ] GC(75) Eden regions: 11->0(149)
[53.686s][info][gc,heap     ] GC(75) Survivor regions: 29->4(26)
[53.686s][info][gc,heap     ] GC(75) Old regions: 105->134
[53.686s][info][gc,heap     ] GC(75) Humongous regions: 3->3
[53.686s][info][gc,metaspace] GC(75) Metaspace: 35438K(35776K)->35438K(35776K) NonClass: 33059K(33280K)->33059K(33280K) Class: 2378K(2496K)->2378K(2496K)
[53.686s][info][gc          ] GC(75) Pause Young (Concurrent Start) (G1 Humongous Allocation) 146M->140M(390M) 20.673ms
[53.686s][info][gc          ] GC(76) Concurrent Mark Cycle
[53.686s][info][gc,marking  ] GC(76) Concurrent Scan Root Regions
[53.688s][info][gc,cpu      ] GC(75) User=0.04s Sys=0.00s Real=0.03s
[53.712s][info][gc,marking  ] GC(76) Concurrent Scan Root Regions 25.950ms
[53.712s][info][gc,marking  ] GC(76) Concurrent Mark
[53.712s][info][gc,marking  ] GC(76) Concurrent Mark From Roots
[53.712s][info][gc,task     ] GC(76) Using 1 workers of 1 for marking
[53.902s][info][gc,marking  ] GC(76) Concurrent Mark From Roots 189.516ms
[53.902s][info][gc,marking  ] GC(76) Concurrent Preclean
[53.902s][info][gc,marking  ] GC(76) Concurrent Preclean 0.046ms
[53.902s][info][gc,start    ] GC(76) Pause Remark
[53.924s][info][gc          ] GC(76) Pause Remark 173M->171M(390M) 21.659ms
[53.924s][info][gc,cpu      ] GC(76) User=0.04s Sys=0.00s Real=0.02s
[53.924s][info][gc,marking  ] GC(76) Concurrent Mark 211.538ms
[53.924s][info][gc,marking  ] GC(76) Concurrent Rebuild Remembered Sets and Scrub Regions
[54.029s][info][gc,marking  ] GC(76) Concurrent Rebuild Remembered Sets and Scrub Regions 105.197ms
[54.029s][info][gc,start    ] GC(76) Pause Cleanup
[54.029s][info][gc          ] GC(76) Pause Cleanup 192M->192M(390M) 0.070ms
[54.029s][info][gc,cpu      ] GC(76) User=0.00s Sys=0.00s Real=0.00s
[54.029s][info][gc,marking  ] GC(76) Concurrent Clear Claimed Marks
[54.029s][info][gc,marking  ] GC(76) Concurrent Clear Claimed Marks 0.036ms
[54.029s][info][gc,marking  ] GC(76) Concurrent Cleanup for Next Mark
[54.030s][info][gc,marking  ] GC(76) Concurrent Cleanup for Next Mark 1.173ms
[54.030s][info][gc          ] GC(76) Concurrent Mark Cycle 344.276ms
[54.417s][info][gc,start    ] GC(77) Pause Young (Prepare Mixed) (G1 Evacuation Pause)
[54.417s][info][gc,task     ] GC(77) Using 2 workers of 2 for evacuation
[54.476s][info][gc,phases   ] GC(77)   Pre Evacuate Collection Set: 0.23ms
[54.476s][info][gc,phases   ] GC(77)   Merge Heap Roots: 0.29ms
[54.476s][info][gc,phases   ] GC(77)   Evacuate Collection Set: 58.24ms
[54.476s][info][gc,phases   ] GC(77)   Post Evacuate Collection Set: 0.46ms
[54.476s][info][gc,phases   ] GC(77)   Other: 0.09ms
[54.476s][info][gc,heap     ] GC(77) Eden regions: 149->0(122)
[54.476s][info][gc,heap     ] GC(77) Survivor regions: 4->20(20)
[54.476s][info][gc,heap     ] GC(77) Old regions: 132->154
[54.476s][info][gc,heap     ] GC(77) Humongous regions: 5->4
[54.476s][info][gc,metaspace] GC(77) Metaspace: 35464K(35840K)->35464K(35840K) NonClass: 33085K(33344K)->33085K(33344K) Class: 2378K(2496K)->2378K(2496K)
[54.476s][info][gc          ] GC(77) Pause Young (Prepare Mixed) (G1 Evacuation Pause) 289M->177M(390M) 59.536ms
[54.477s][info][gc,cpu      ] GC(77) User=0.11s Sys=0.00s Real=0.05s
[54.953s][info][gc,start    ] GC(78) Pause Young (Mixed) (G1 Evacuation Pause)
[54.953s][info][gc,task     ] GC(78) Using 2 workers of 2 for evacuation
[55.022s][info][gc,phases   ] GC(78)   Pre Evacuate Collection Set: 0.26ms
[55.022s][info][gc,phases   ] GC(78)   Merge Heap Roots: 0.49ms
[55.022s][info][gc,phases   ] GC(78)   Evacuate Collection Set: 67.95ms
[55.022s][info][gc,phases   ] GC(78)   Post Evacuate Collection Set: 0.48ms
[55.022s][info][gc,phases   ] GC(78)   Other: 0.09ms
[55.022s][info][gc,heap     ] GC(78) Eden regions: 122->0(74)
[55.022s][info][gc,heap     ] GC(78) Survivor regions: 20->18(18)
[55.022s][info][gc,heap     ] GC(78) Old regions: 154->196
[55.022s][info][gc,heap     ] GC(78) Humongous regions: 4->4
[55.022s][info][gc,metaspace] GC(78) Metaspace: 35475K(35840K)->35475K(35840K) NonClass: 33096K(33344K)->33096K(33344K) Class: 2378K(2496K)->2378K(2496K)
[55.022s][info][gc          ] GC(78) Pause Young (Mixed) (G1 Evacuation Pause) 299M->217M(390M) 69.480ms
[55.022s][info][gc,cpu      ] GC(78) User=0.13s Sys=0.00s Real=0.07s
[55.389s][info][gc,start    ] GC(79) Pause Young (Concurrent Start) (G1 Evacuation Pause)
[55.389s][info][gc,task     ] GC(79) Using 2 workers of 2 for evacuation
[55.436s][info][gc,phases   ] GC(79)   Pre Evacuate Collection Set: 0.19ms
[55.436s][info][gc,phases   ] GC(79)   Merge Heap Roots: 0.40ms
[55.436s][info][gc,phases   ] GC(79)   Evacuate Collection Set: 45.35ms
[55.436s][info][gc,phases   ] GC(79)   Post Evacuate Collection Set: 0.40ms
[55.436s][info][gc,phases   ] GC(79)   Other: 0.14ms
[55.436s][info][gc,heap     ] GC(79) Eden regions: 74->0(58)
[55.436s][info][gc,heap     ] GC(79) Survivor regions: 18->12(12)
[55.436s][info][gc,heap     ] GC(79) Old regions: 196->235
[55.436s][info][gc,heap     ] GC(79) Humongous regions: 4->4
[55.436s][info][gc,metaspace] GC(79) Metaspace: 35485K(35840K)->35485K(35840K) NonClass: 33106K(33344K)->33106K(33344K) Class: 2378K(2496K)->2378K(2496K)
[55.436s][info][gc          ] GC(79) Pause Young (Concurrent Start) (G1 Evacuation Pause) 291M->250M(390M) 46.676ms
[55.436s][info][gc          ] GC(80) Concurrent Mark Cycle
[55.436s][info][gc,marking  ] GC(80) Concurrent Scan Root Regions
[55.437s][info][gc,cpu      ] GC(79) User=0.10s Sys=0.00s Real=0.05s
[55.479s][info][gc,marking  ] GC(80) Concurrent Scan Root Regions 42.805ms
[55.479s][info][gc,marking  ] GC(80) Concurrent Mark
[55.479s][info][gc,marking  ] GC(80) Concurrent Mark From Roots
[55.479s][info][gc,task     ] GC(80) Using 1 workers of 1 for marking
[55.697s][info][gc,marking  ] GC(80) Concurrent Mark From Roots 218.397ms
[55.697s][info][gc,marking  ] GC(80) Concurrent Preclean
[55.697s][info][gc,marking  ] GC(80) Concurrent Preclean 0.043ms
[55.697s][info][gc,start    ] GC(80) Pause Remark
[55.709s][info][gc          ] GC(80) Pause Remark 291M->251M(390M) 11.914ms
[55.709s][info][gc,cpu      ] GC(80) User=0.03s Sys=0.00s Real=0.01s
[55.709s][info][gc,marking  ] GC(80) Concurrent Mark 230.648ms
[55.709s][info][gc,marking  ] GC(80) Concurrent Rebuild Remembered Sets and Scrub Regions
[55.861s][info][gc,marking  ] GC(80) Concurrent Rebuild Remembered Sets and Scrub Regions 151.210ms
[55.861s][info][gc,start    ] GC(80) Pause Cleanup
[55.861s][info][gc          ] GC(80) Pause Cleanup 268M->268M(390M) 0.105ms
[55.861s][info][gc,cpu      ] GC(80) User=0.00s Sys=0.00s Real=0.00s
[55.861s][info][gc,marking  ] GC(80) Concurrent Clear Claimed Marks
[55.861s][info][gc,marking  ] GC(80) Concurrent Clear Claimed Marks 0.037ms
[55.861s][info][gc,marking  ] GC(80) Concurrent Cleanup for Next Mark
[55.862s][info][gc,marking  ] GC(80) Concurrent Cleanup for Next Mark 1.160ms
[55.862s][info][gc          ] GC(80) Concurrent Mark Cycle 426.329ms
[55.875s][info][gc,start    ] GC(81) Pause Young (Prepare Mixed) (G1 Evacuation Pause)
[55.875s][info][gc,task     ] GC(81) Using 2 workers of 2 for evacuation
[55.924s][info][gc,phases   ] GC(81)   Pre Evacuate Collection Set: 0.19ms
[55.924s][info][gc,phases   ] GC(81)   Merge Heap Roots: 1.96ms
[55.924s][info][gc,phases   ] GC(81)   Evacuate Collection Set: 46.51ms
[55.924s][info][gc,phases   ] GC(81)   Post Evacuate Collection Set: 0.63ms
[55.924s][info][gc,phases   ] GC(81)   Other: 0.07ms
[55.924s][info][gc,heap     ] GC(81) Eden regions: 58->0(61)
[55.924s][info][gc,heap     ] GC(81) Survivor regions: 12->9(9)
[55.924s][info][gc,heap     ] GC(81) Old regions: 197->231
[55.924s][info][gc,heap     ] GC(81) Humongous regions: 3->3
[55.924s][info][gc,metaspace] GC(81) Metaspace: 35486K(35840K)->35486K(35840K) NonClass: 33107K(33344K)->33107K(33344K) Class: 2378K(2496K)->2378K(2496K)
[55.924s][info][gc          ] GC(81) Pause Young (Prepare Mixed) (G1 Evacuation Pause) 269M->243M(390M) 49.560ms
[55.924s][info][gc,cpu      ] GC(81) User=0.09s Sys=0.00s Real=0.05s
[56.176s][info][gc,start    ] GC(82) Pause Young (Mixed) (G1 Evacuation Pause)
[56.176s][info][gc,task     ] GC(82) Using 2 workers of 2 for evacuation
[56.204s][info][gc,phases   ] GC(82)   Pre Evacuate Collection Set: 0.30ms
[56.204s][info][gc,phases   ] GC(82)   Merge Heap Roots: 0.29ms
[56.204s][info][gc,phases   ] GC(82)   Evacuate Collection Set: 26.56ms
[56.204s][info][gc,phases   ] GC(82)   Post Evacuate Collection Set: 0.37ms
[56.204s][info][gc,phases   ] GC(82)   Other: 0.11ms
[56.204s][info][gc,heap     ] GC(82) Eden regions: 61->0(72)
[56.204s][info][gc,heap     ] GC(82) Survivor regions: 9->9(9)
[56.204s][info][gc,heap     ] GC(82) Old regions: 231->213
[56.204s][info][gc,heap     ] GC(82) Humongous regions: 3->3
[56.204s][info][gc,metaspace] GC(82) Metaspace: 35487K(35840K)->35487K(35840K) NonClass: 33108K(33344K)->33108K(33344K) Class: 2378K(2496K)->2378K(2496K)
[56.204s][info][gc          ] GC(82) Pause Young (Mixed) (G1 Evacuation Pause) 304M->224M(390M) 27.836ms
[56.204s][info][gc,cpu      ] GC(82) User=0.06s Sys=0.00s Real=0.03s
[56.472s][info][gc,start    ] GC(83) Pause Young (Mixed) (G1 Evacuation Pause)
[56.472s][info][gc,task     ] GC(83) Using 2 workers of 2 for evacuation
[56.519s][info][gc,phases   ] GC(83)   Pre Evacuate Collection Set: 0.23ms
[56.519s][info][gc,phases   ] GC(83)   Merge Heap Roots: 0.90ms
[56.519s][info][gc,phases   ] GC(83)   Evacuate Collection Set: 44.29ms
[56.519s][info][gc,phases   ] GC(83)   Post Evacuate Collection Set: 1.99ms
[56.519s][info][gc,phases   ] GC(83)   Other: 0.09ms
[56.519s][info][gc,heap     ] GC(83) Eden regions: 72->0(188)
[56.519s][info][gc,heap     ] GC(83) Survivor regions: 9->11(11)
[56.519s][info][gc,heap     ] GC(83) Old regions: 213->193
[56.519s][info][gc,heap     ] GC(83) Humongous regions: 3->3
[56.519s][info][gc,metaspace] GC(83) Metaspace: 35487K(35840K)->35487K(35840K) NonClass: 33108K(33344K)->33108K(33344K) Class: 2378K(2496K)->2378K(2496K)
[56.520s][info][gc          ] GC(83) Pause Young (Mixed) (G1 Evacuation Pause) 296M->206M(591M) 47.704ms
[56.520s][info][gc,cpu      ] GC(83) User=0.09s Sys=0.00s Real=0.05s
[56.906s][info][gc,start    ] GC(84) Pause Young (Concurrent Start) (G1 Humongous Allocation)
[56.906s][info][gc,task     ] GC(84) Using 2 workers of 2 for evacuation
[56.952s][info][gc,phases   ] GC(84)   Pre Evacuate Collection Set: 0.26ms
[56.952s][info][gc,phases   ] GC(84)   Merge Heap Roots: 0.08ms
[56.952s][info][gc,phases   ] GC(84)   Evacuate Collection Set: 45.45ms
[56.952s][info][gc,phases   ] GC(84)   Post Evacuate Collection Set: 0.47ms
[56.952s][info][gc,phases   ] GC(84)   Other: 0.16ms
[56.952s][info][gc,heap     ] GC(84) Eden regions: 94->0(164)
[56.952s][info][gc,heap     ] GC(84) Survivor regions: 11->25(25)
[56.952s][info][gc,heap     ] GC(84) Old regions: 193->227
[56.952s][info][gc,heap     ] GC(84) Humongous regions: 3->3
[56.952s][info][gc,metaspace] GC(84) Metaspace: 35491K(35840K)->35491K(35840K) NonClass: 33112K(33344K)->33112K(33344K) Class: 2378K(2496K)->2378K(2496K)
[56.952s][info][gc          ] GC(84) Pause Young (Concurrent Start) (G1 Humongous Allocation) 300M->254M(591M) 46.642ms
[56.952s][info][gc          ] GC(85) Concurrent Mark Cycle
[56.952s][info][gc,marking  ] GC(85) Concurrent Scan Root Regions
[56.955s][info][gc,cpu      ] GC(84) User=0.08s Sys=0.01s Real=0.05s
[56.995s][info][gc,marking  ] GC(85) Concurrent Scan Root Regions 42.269ms
[56.995s][info][gc,marking  ] GC(85) Concurrent Mark
[56.995s][info][gc,marking  ] GC(85) Concurrent Mark From Roots
[56.995s][info][gc,task     ] GC(85) Using 1 workers of 1 for marking
[57.176s][info][gc,marking  ] GC(85) Concurrent Mark From Roots 181.588ms
[57.176s][info][gc,marking  ] GC(85) Concurrent Preclean
[57.176s][info][gc,marking  ] GC(85) Concurrent Preclean 0.041ms
[57.176s][info][gc,start    ] GC(85) Pause Remark
[57.191s][info][gc          ] GC(85) Pause Remark 285M->246M(591M) 14.630ms
[57.191s][info][gc,cpu      ] GC(85) User=0.03s Sys=0.00s Real=0.02s
[57.193s][info][gc,marking  ] GC(85) Concurrent Mark 198.090ms
[57.193s][info][gc,marking  ] GC(85) Concurrent Rebuild Remembered Sets and Scrub Regions
[57.275s][info][gc,marking  ] GC(85) Concurrent Rebuild Remembered Sets and Scrub Regions 82.102ms
[57.275s][info][gc,start    ] GC(85) Pause Cleanup
[57.275s][info][gc          ] GC(85) Pause Cleanup 254M->254M(591M) 0.082ms
[57.275s][info][gc,cpu      ] GC(85) User=0.00s Sys=0.00s Real=0.00s
[57.275s][info][gc,marking  ] GC(85) Concurrent Clear Claimed Marks
[57.275s][info][gc,marking  ] GC(85) Concurrent Clear Claimed Marks 0.034ms
[57.275s][info][gc,marking  ] GC(85) Concurrent Cleanup for Next Mark
[57.279s][info][gc,marking  ] GC(85) Concurrent Cleanup for Next Mark 3.701ms
[57.279s][info][gc          ] GC(85) Concurrent Mark Cycle 326.600ms
[57.869s][info][gc,start    ] GC(86) Pause Young (Prepare Mixed) (G1 Evacuation Pause)
[57.869s][info][gc,task     ] GC(86) Using 2 workers of 2 for evacuation
[57.961s][info][gc,phases   ] GC(86)   Pre Evacuate Collection Set: 0.25ms
[57.961s][info][gc,phases   ] GC(86)   Merge Heap Roots: 0.38ms
[57.961s][info][gc,phases   ] GC(86)   Evacuate Collection Set: 90.78ms
[57.961s][info][gc,phases   ] GC(86)   Post Evacuate Collection Set: 0.56ms
[57.961s][info][gc,phases   ] GC(86)   Other: 0.11ms
[57.961s][info][gc,heap     ] GC(86) Eden regions: 164->0(127)
[57.961s][info][gc,heap     ] GC(86) Survivor regions: 25->24(24)
[57.961s][info][gc,heap     ] GC(86) Old regions: 189->279
[57.961s][info][gc,heap     ] GC(86) Humongous regions: 4->4
[57.961s][info][gc,metaspace] GC(86) Metaspace: 35495K(35840K)->35495K(35840K) NonClass: 33116K(33344K)->33116K(33344K) Class: 2378K(2496K)->2378K(2496K)
[57.961s][info][gc          ] GC(86) Pause Young (Prepare Mixed) (G1 Evacuation Pause) 381M->306M(591M) 92.324ms
[57.961s][info][gc,cpu      ] GC(86) User=0.16s Sys=0.02s Real=0.09s
[58.447s][info][gc,start    ] GC(87) Pause Young (Mixed) (G1 Evacuation Pause)
[58.447s][info][gc,task     ] GC(87) Using 2 workers of 2 for evacuation
[58.527s][info][gc,phases   ] GC(87)   Pre Evacuate Collection Set: 0.27ms
[58.527s][info][gc,phases   ] GC(87)   Merge Heap Roots: 0.41ms
[58.527s][info][gc,phases   ] GC(87)   Evacuate Collection Set: 78.58ms
[58.527s][info][gc,phases   ] GC(87)   Post Evacuate Collection Set: 0.54ms
[58.527s][info][gc,phases   ] GC(87)   Other: 0.10ms
[58.527s][info][gc,heap     ] GC(87) Eden regions: 127->0(110)
[58.527s][info][gc,heap     ] GC(87) Survivor regions: 24->19(19)
[58.527s][info][gc,heap     ] GC(87) Old regions: 279->304
[58.527s][info][gc,heap     ] GC(87) Humongous regions: 5->5
[58.527s][info][gc,metaspace] GC(87) Metaspace: 35495K(35840K)->35495K(35840K) NonClass: 33116K(33344K)->33116K(33344K) Class: 2378K(2496K)->2378K(2496K)
[58.527s][info][gc          ] GC(87) Pause Young (Mixed) (G1 Evacuation Pause) 434M->328M(591M) 80.186ms
[58.527s][info][gc,cpu      ] GC(87) User=0.15s Sys=0.01s Real=0.08s
[58.955s][info][gc,start    ] GC(88) Pause Young (Mixed) (G1 Evacuation Pause)
[58.955s][info][gc,task     ] GC(88) Using 2 workers of 2 for evacuation
[59.025s][info][gc,phases   ] GC(88)   Pre Evacuate Collection Set: 0.26ms
[59.025s][info][gc,phases   ] GC(88)   Merge Heap Roots: 0.36ms
[59.025s][info][gc,phases   ] GC(88)   Evacuate Collection Set: 68.91ms
[59.025s][info][gc,phases   ] GC(88)   Post Evacuate Collection Set: 0.42ms
[59.025s][info][gc,phases   ] GC(88)   Other: 0.09ms
[59.025s][info][gc,heap     ] GC(88) Eden regions: 110->0(86)
[59.025s][info][gc,heap     ] GC(88) Survivor regions: 19->17(17)
[59.025s][info][gc,heap     ] GC(88) Old regions: 304->356
[59.025s][info][gc,heap     ] GC(88) Humongous regions: 5->5
[59.025s][info][gc,metaspace] GC(88) Metaspace: 35497K(35840K)->35497K(35840K) NonClass: 33118K(33344K)->33118K(33344K) Class: 2378K(2496K)->2378K(2496K)
[59.025s][info][gc          ] GC(88) Pause Young (Mixed) (G1 Evacuation Pause) 438M->378M(591M) 70.318ms
[59.025s][info][gc,cpu      ] GC(88) User=0.14s Sys=0.00s Real=0.07s
[59.071s][info][gc,start    ] GC(89) Pause Young (Concurrent Start) (G1 Humongous Allocation)
[59.071s][info][gc,task     ] GC(89) Using 2 workers of 2 for evacuation
[59.094s][info][gc,phases   ] GC(89)   Pre Evacuate Collection Set: 0.27ms
[59.094s][info][gc,phases   ] GC(89)   Merge Heap Roots: 0.15ms
[59.094s][info][gc,phases   ] GC(89)   Evacuate Collection Set: 20.85ms
[59.094s][info][gc,phases   ] GC(89)   Post Evacuate Collection Set: 1.08ms
[59.094s][info][gc,phases   ] GC(89)   Other: 0.12ms
[59.094s][info][gc,heap     ] GC(89) Eden regions: 10->0(111)
[59.094s][info][gc,heap     ] GC(89) Survivor regions: 17->6(13)
[59.094s][info][gc,heap     ] GC(89) Old regions: 356->373
[59.094s][info][gc,heap     ] GC(89) Humongous regions: 5->5
[59.094s][info][gc,metaspace] GC(89) Metaspace: 35497K(35840K)->35497K(35840K) NonClass: 33118K(33344K)->33118K(33344K) Class: 2378K(2496K)->2378K(2496K)
[59.094s][info][gc          ] GC(89) Pause Young (Concurrent Start) (G1 Humongous Allocation) 387M->384M(657M) 22.669ms
[59.094s][info][gc,cpu      ] GC(89) User=0.04s Sys=0.00s Real=0.02s
[59.094s][info][gc          ] GC(90) Concurrent Mark Cycle
[59.094s][info][gc,marking  ] GC(90) Concurrent Scan Root Regions
[59.114s][info][gc,marking  ] GC(90) Concurrent Scan Root Regions 19.715ms
[59.114s][info][gc,marking  ] GC(90) Concurrent Mark
[59.114s][info][gc,marking  ] GC(90) Concurrent Mark From Roots
[59.114s][info][gc,task     ] GC(90) Using 1 workers of 1 for marking
[59.309s][info][gc,marking  ] GC(90) Concurrent Mark From Roots 194.720ms
[59.309s][info][gc,marking  ] GC(90) Concurrent Preclean
[59.309s][info][gc,marking  ] GC(90) Concurrent Preclean 0.054ms
[59.309s][info][gc,start    ] GC(90) Pause Remark
[59.322s][info][gc          ] GC(90) Pause Remark 415M->324M(657M) 12.776ms
[59.322s][info][gc,cpu      ] GC(90) User=0.02s Sys=0.00s Real=0.01s
[59.322s][info][gc,marking  ] GC(90) Concurrent Mark 207.855ms
[59.322s][info][gc,marking  ] GC(90) Concurrent Rebuild Remembered Sets and Scrub Regions
[59.397s][info][gc,marking  ] GC(90) Concurrent Rebuild Remembered Sets and Scrub Regions 75.296ms
[59.398s][info][gc,start    ] GC(90) Pause Cleanup
[59.398s][info][gc          ] GC(90) Pause Cleanup 333M->333M(657M) 0.161ms
[59.398s][info][gc,cpu      ] GC(90) User=0.00s Sys=0.00s Real=0.00s
[59.398s][info][gc,marking  ] GC(90) Concurrent Clear Claimed Marks
[59.398s][info][gc,marking  ] GC(90) Concurrent Clear Claimed Marks 0.055ms
[59.398s][info][gc,marking  ] GC(90) Concurrent Cleanup for Next Mark
[59.403s][info][gc,marking  ] GC(90) Concurrent Cleanup for Next Mark 4.637ms
[59.403s][info][gc          ] GC(90) Concurrent Mark Cycle 308.825ms
[59.722s][info][gc,start    ] GC(91) Pause Young (Prepare Mixed) (G1 Evacuation Pause)
[59.722s][info][gc,task     ] GC(91) Using 2 workers of 2 for evacuation
[59.752s][info][gc,phases   ] GC(91)   Pre Evacuate Collection Set: 0.36ms
[59.752s][info][gc,phases   ] GC(91)   Merge Heap Roots: 0.23ms
[59.752s][info][gc,phases   ] GC(91)   Evacuate Collection Set: 29.42ms
[59.752s][info][gc,phases   ] GC(91)   Post Evacuate Collection Set: 0.44ms
[59.752s][info][gc,phases   ] GC(91)   Other: 0.11ms
[59.752s][info][gc,heap     ] GC(91) Eden regions: 111->0(148)
[59.752s][info][gc,heap     ] GC(91) Survivor regions: 6->15(15)
[59.752s][info][gc,heap     ] GC(91) Old regions: 284->295
[59.753s][info][gc,heap     ] GC(91) Humongous regions: 4->4
[59.753s][info][gc,metaspace] GC(91) Metaspace: 35499K(35840K)->35499K(35840K) NonClass: 33120K(33344K)->33120K(33344K) Class: 2378K(2496K)->2378K(2496K)
[59.753s][info][gc          ] GC(91) Pause Young (Prepare Mixed) (G1 Evacuation Pause) 405M->313M(657M) 30.853ms
[59.753s][info][gc,cpu      ] GC(91) User=0.06s Sys=0.00s Real=0.03s
[60.315s][info][gc,start    ] GC(92) Pause Young (Mixed) (G1 Evacuation Pause)
[60.315s][info][gc,task     ] GC(92) Using 2 workers of 2 for evacuation
[60.344s][info][gc,phases   ] GC(92)   Pre Evacuate Collection Set: 0.28ms
[60.345s][info][gc,phases   ] GC(92)   Merge Heap Roots: 0.19ms
[60.345s][info][gc,phases   ] GC(92)   Evacuate Collection Set: 28.85ms
[60.345s][info][gc,phases   ] GC(92)   Post Evacuate Collection Set: 0.48ms
[60.345s][info][gc,phases   ] GC(92)   Other: 0.10ms
[60.345s][info][gc,heap     ] GC(92) Eden regions: 148->0(181)
[60.345s][info][gc,heap     ] GC(92) Survivor regions: 15->21(21)
[60.345s][info][gc,heap     ] GC(92) Old regions: 295->237
[60.345s][info][gc,heap     ] GC(92) Humongous regions: 4->4
[60.345s][info][gc,metaspace] GC(92) Metaspace: 35508K(35840K)->35508K(35840K) NonClass: 33127K(33344K)->33127K(33344K) Class: 2380K(2496K)->2380K(2496K)
[60.345s][info][gc          ] GC(92) Pause Young (Mixed) (G1 Evacuation Pause) 461M->262M(657M) 30.127ms
[60.345s][info][gc,cpu      ] GC(92) User=0.06s Sys=0.00s Real=0.03s
[61.061s][info][gc,start    ] GC(93) Pause Young (Mixed) (G1 Evacuation Pause)
[61.061s][info][gc,task     ] GC(93) Using 2 workers of 2 for evacuation
[61.106s][info][gc,phases   ] GC(93)   Pre Evacuate Collection Set: 0.39ms
[61.106s][info][gc,phases   ] GC(93)   Merge Heap Roots: 0.33ms
[61.106s][info][gc,phases   ] GC(93)   Evacuate Collection Set: 43.36ms
[61.106s][info][gc,phases   ] GC(93)   Post Evacuate Collection Set: 0.58ms
[61.106s][info][gc,phases   ] GC(93)   Other: 0.09ms
[61.106s][info][gc,heap     ] GC(93) Eden regions: 181->0(209)
[61.106s][info][gc,heap     ] GC(93) Survivor regions: 21->26(26)
[61.106s][info][gc,heap     ] GC(93) Old regions: 237->187
[61.106s][info][gc,heap     ] GC(93) Humongous regions: 6->5
[61.106s][info][gc,metaspace] GC(93) Metaspace: 35513K(35840K)->35513K(35840K) NonClass: 33133K(33344K)->33133K(33344K) Class: 2380K(2496K)->2380K(2496K)
[61.106s][info][gc          ] GC(93) Pause Young (Mixed) (G1 Evacuation Pause) 445M->217M(657M) 44.972ms
[61.106s][info][gc,cpu      ] GC(93) User=0.08s Sys=0.00s Real=0.04s
[61.822s][info][gc,start    ] GC(94) Pause Young (Mixed) (G1 Evacuation Pause)
[61.822s][info][gc,task     ] GC(94) Using 2 workers of 2 for evacuation
[61.855s][info][gc,phases   ] GC(94)   Pre Evacuate Collection Set: 0.37ms
[61.855s][info][gc,phases   ] GC(94)   Merge Heap Roots: 0.56ms
[61.855s][info][gc,phases   ] GC(94)   Evacuate Collection Set: 31.48ms
[61.855s][info][gc,phases   ] GC(94)   Post Evacuate Collection Set: 0.55ms
[61.855s][info][gc,phases   ] GC(94)   Other: 0.11ms
[61.855s][info][gc,heap     ] GC(94) Eden regions: 209->0(228)
[61.855s][info][gc,heap     ] GC(94) Survivor regions: 26->12(30)
[61.855s][info][gc,heap     ] GC(94) Old regions: 187->197
[61.855s][info][gc,heap     ] GC(94) Humongous regions: 7->5
[61.855s][info][gc,metaspace] GC(94) Metaspace: 35524K(35840K)->35524K(35840K) NonClass: 33144K(33344K)->33144K(33344K) Class: 2380K(2496K)->2380K(2496K)
[61.855s][info][gc          ] GC(94) Pause Young (Mixed) (G1 Evacuation Pause) 428M->213M(657M) 33.313ms
[61.855s][info][gc,cpu      ] GC(94) User=0.06s Sys=0.00s Real=0.03s
[62.065s][info][gc,start    ] GC(95) Pause Young (Concurrent Start) (G1 Humongous Allocation)
[62.065s][info][gc,task     ] GC(95) Using 2 workers of 2 for evacuation
[62.100s][info][gc,phases   ] GC(95)   Pre Evacuate Collection Set: 0.28ms
[62.100s][info][gc,phases   ] GC(95)   Merge Heap Roots: 0.08ms
[62.100s][info][gc,phases   ] GC(95)   Evacuate Collection Set: 34.23ms
[62.100s][info][gc,phases   ] GC(95)   Post Evacuate Collection Set: 0.49ms
[62.100s][info][gc,phases   ] GC(95)   Other: 0.13ms
[62.100s][info][gc,heap     ] GC(95) Eden regions: 62->0(202)
[62.100s][info][gc,heap     ] GC(95) Survivor regions: 12->30(30)
[62.100s][info][gc,heap     ] GC(95) Old regions: 197->210
[62.100s][info][gc,heap     ] GC(95) Humongous regions: 5->5
[62.100s][info][gc,metaspace] GC(95) Metaspace: 35524K(35840K)->35524K(35840K) NonClass: 33144K(33344K)->33144K(33344K) Class: 2380K(2496K)->2380K(2496K)
[62.100s][info][gc          ] GC(95) Pause Young (Concurrent Start) (G1 Humongous Allocation) 275M->244M(657M) 35.424ms
[62.100s][info][gc,cpu      ] GC(95) User=0.07s Sys=0.00s Real=0.04s
[62.100s][info][gc          ] GC(96) Concurrent Mark Cycle
[62.103s][info][gc,marking  ] GC(96) Concurrent Scan Root Regions
[62.138s][info][gc,marking  ] GC(96) Concurrent Scan Root Regions 35.576ms
[62.138s][info][gc,marking  ] GC(96) Concurrent Mark
[62.138s][info][gc,marking  ] GC(96) Concurrent Mark From Roots
[62.138s][info][gc,task     ] GC(96) Using 1 workers of 1 for marking
[62.258s][info][gc,marking  ] GC(96) Concurrent Mark From Roots 119.174ms
[62.258s][info][gc,marking  ] GC(96) Concurrent Preclean
[62.258s][info][gc,marking  ] GC(96) Concurrent Preclean 0.048ms
[62.258s][info][gc,start    ] GC(96) Pause Remark
[62.269s][info][gc          ] GC(96) Pause Remark 265M->185M(554M) 11.514ms
[62.269s][info][gc,cpu      ] GC(96) User=0.02s Sys=0.00s Real=0.01s
[62.269s][info][gc,marking  ] GC(96) Concurrent Mark 131.098ms
[62.270s][info][gc,marking  ] GC(96) Concurrent Rebuild Remembered Sets and Scrub Regions
[62.317s][info][gc,marking  ] GC(96) Concurrent Rebuild Remembered Sets and Scrub Regions 47.073ms
[62.317s][info][gc,start    ] GC(96) Pause Cleanup
[62.317s][info][gc          ] GC(96) Pause Cleanup 190M->190M(554M) 0.062ms
[62.317s][info][gc,cpu      ] GC(96) User=0.00s Sys=0.00s Real=0.00s
[62.317s][info][gc,marking  ] GC(96) Concurrent Clear Claimed Marks
[62.317s][info][gc,marking  ] GC(96) Concurrent Clear Claimed Marks 0.036ms
[62.317s][info][gc,marking  ] GC(96) Concurrent Cleanup for Next Mark
[62.319s][info][gc,marking  ] GC(96) Concurrent Cleanup for Next Mark 1.607ms
[62.319s][info][gc          ] GC(96) Concurrent Mark Cycle 218.112ms
[62.907s][info][gc,start    ] GC(97) Pause Young (Prepare Mixed) (G1 Evacuation Pause)
[62.907s][info][gc,task     ] GC(97) Using 2 workers of 2 for evacuation
[62.947s][info][gc,phases   ] GC(97)   Pre Evacuate Collection Set: 0.32ms
[62.947s][info][gc,phases   ] GC(97)   Merge Heap Roots: 0.24ms
[62.947s][info][gc,phases   ] GC(97)   Evacuate Collection Set: 38.51ms
[62.947s][info][gc,phases   ] GC(97)   Post Evacuate Collection Set: 0.49ms
[62.947s][info][gc,phases   ] GC(97)   Other: 0.09ms
[62.947s][info][gc,heap     ] GC(97) Eden regions: 202->0(187)
[62.947s][info][gc,heap     ] GC(97) Survivor regions: 30->29(29)
[62.947s][info][gc,heap     ] GC(97) Old regions: 132->162
[62.947s][info][gc,heap     ] GC(97) Humongous regions: 5->4
[62.947s][info][gc,metaspace] GC(97) Metaspace: 35524K(35840K)->35524K(35840K) NonClass: 33144K(33344K)->33144K(33344K) Class: 2380K(2496K)->2380K(2496K)
[62.947s][info][gc          ] GC(97) Pause Young (Prepare Mixed) (G1 Evacuation Pause) 368M->194M(554M) 39.866ms
[62.947s][info][gc,cpu      ] GC(97) User=0.08s Sys=0.00s Real=0.03s
[63.562s][info][gc,start    ] GC(98) Pause Young (Mixed) (G1 Evacuation Pause)
[63.562s][info][gc,task     ] GC(98) Using 2 workers of 2 for evacuation
[63.616s][info][gc,phases   ] GC(98)   Pre Evacuate Collection Set: 0.23ms
[63.616s][info][gc,phases   ] GC(98)   Merge Heap Roots: 0.19ms
[63.616s][info][gc,phases   ] GC(98)   Evacuate Collection Set: 53.40ms
[63.616s][info][gc,phases   ] GC(98)   Post Evacuate Collection Set: 0.59ms
[63.616s][info][gc,phases   ] GC(98)   Other: 0.08ms
[63.616s][info][gc,heap     ] GC(98) Eden regions: 187->0(168)
[63.616s][info][gc,heap     ] GC(98) Survivor regions: 29->27(27)
[63.616s][info][gc,heap     ] GC(98) Old regions: 162->200
[63.616s][info][gc,heap     ] GC(98) Humongous regions: 8->6
[63.616s][info][gc,metaspace] GC(98) Metaspace: 35554K(35904K)->35554K(35904K) NonClass: 33170K(33408K)->33170K(33408K) Class: 2384K(2496K)->2384K(2496K)
[63.616s][info][gc          ] GC(98) Pause Young (Mixed) (G1 Evacuation Pause) 385M->232M(554M) 54.683ms
[63.616s][info][gc,cpu      ] GC(98) User=0.10s Sys=0.00s Real=0.05s
[64.107s][info][gc,start    ] GC(99) Pause Young (Concurrent Start) (G1 Evacuation Pause)
[64.107s][info][gc,task     ] GC(99) Using 2 workers of 2 for evacuation
[64.131s][info][gc,phases   ] GC(99)   Pre Evacuate Collection Set: 0.23ms
[64.131s][info][gc,phases   ] GC(99)   Merge Heap Roots: 0.38ms
[64.131s][info][gc,phases   ] GC(99)   Evacuate Collection Set: 23.26ms
[64.131s][info][gc,phases   ] GC(99)   Post Evacuate Collection Set: 0.42ms
[64.131s][info][gc,phases   ] GC(99)   Other: 0.13ms
[64.131s][info][gc,heap     ] GC(99) Eden regions: 168->0(185)
[64.131s][info][gc,heap     ] GC(99) Survivor regions: 27->2(25)
[64.131s][info][gc,heap     ] GC(99) Old regions: 200->228
[64.131s][info][gc,heap     ] GC(99) Humongous regions: 6->6
[64.131s][info][gc,metaspace] GC(99) Metaspace: 35612K(35968K)->35612K(35968K) NonClass: 33228K(33472K)->33228K(33472K) Class: 2384K(2496K)->2384K(2496K)
[64.132s][info][gc          ] GC(99) Pause Young (Concurrent Start) (G1 Evacuation Pause) 400M->234M(554M) 24.597ms
[64.132s][info][gc,cpu      ] GC(99) User=0.05s Sys=0.00s Real=0.02s
[64.132s][info][gc          ] GC(100) Concurrent Mark Cycle
[64.133s][info][gc,marking  ] GC(100) Concurrent Scan Root Regions
[64.155s][info][gc,marking  ] GC(100) Concurrent Scan Root Regions 22.095ms
[64.155s][info][gc,marking  ] GC(100) Concurrent Mark
[64.155s][info][gc,marking  ] GC(100) Concurrent Mark From Roots
[64.155s][info][gc,task     ] GC(100) Using 1 workers of 1 for marking
[64.354s][info][gc,marking  ] GC(100) Concurrent Mark From Roots 198.587ms
[64.354s][info][gc,marking  ] GC(100) Concurrent Preclean
[64.354s][info][gc,marking  ] GC(100) Concurrent Preclean 0.039ms
[64.354s][info][gc,start    ] GC(100) Pause Remark
[64.366s][info][gc          ] GC(100) Pause Remark 283M->247M(554M) 12.203ms
[64.366s][info][gc,cpu      ] GC(100) User=0.03s Sys=0.00s Real=0.01s
[64.369s][info][gc,marking  ] GC(100) Concurrent Mark 213.658ms
[64.369s][info][gc,marking  ] GC(100) Concurrent Rebuild Remembered Sets and Scrub Regions
[64.492s][info][gc,marking  ] GC(100) Concurrent Rebuild Remembered Sets and Scrub Regions 123.444ms
[64.492s][info][gc,start    ] GC(100) Pause Cleanup
[64.493s][info][gc          ] GC(100) Pause Cleanup 288M->288M(554M) 0.101ms
[64.493s][info][gc,cpu      ] GC(100) User=0.00s Sys=0.00s Real=0.00s
[64.493s][info][gc,marking  ] GC(100) Concurrent Clear Claimed Marks
[64.493s][info][gc,marking  ] GC(100) Concurrent Clear Claimed Marks 0.045ms
[64.493s][info][gc,marking  ] GC(100) Concurrent Cleanup for Next Mark
[64.496s][info][gc,marking  ] GC(100) Concurrent Cleanup for Next Mark 3.686ms
[64.496s][info][gc          ] GC(100) Concurrent Mark Cycle 364.864ms
[64.776s][info][gc,start    ] GC(101) Pause Young (Prepare Mixed) (G1 Evacuation Pause)
[64.776s][info][gc,task     ] GC(101) Using 2 workers of 2 for evacuation
[64.781s][info][gc,phases   ] GC(101)   Pre Evacuate Collection Set: 0.31ms
[64.781s][info][gc,phases   ] GC(101)   Merge Heap Roots: 0.09ms
[64.781s][info][gc,phases   ] GC(101)   Evacuate Collection Set: 3.38ms
[64.781s][info][gc,phases   ] GC(101)   Post Evacuate Collection Set: 0.52ms
[64.781s][info][gc,phases   ] GC(101)   Other: 0.12ms
[64.781s][info][gc,heap     ] GC(101) Eden regions: 185->0(220)
[64.781s][info][gc,heap     ] GC(101) Survivor regions: 2->2(24)
[64.781s][info][gc,heap     ] GC(101) Old regions: 193->193
[64.781s][info][gc,heap     ] GC(101) Humongous regions: 5->4
[64.781s][info][gc,metaspace] GC(101) Metaspace: 35613K(35968K)->35613K(35968K) NonClass: 33229K(33472K)->33229K(33472K) Class: 2384K(2496K)->2384K(2496K)
[64.781s][info][gc          ] GC(101) Pause Young (Prepare Mixed) (G1 Evacuation Pause) 384M->198M(554M) 4.657ms
[64.781s][info][gc,cpu      ] GC(101) User=0.01s Sys=0.00s Real=0.01s
[65.400s][info][gc,start    ] GC(102) Pause Young (Mixed) (G1 Evacuation Pause)
[65.400s][info][gc,task     ] GC(102) Using 2 workers of 2 for evacuation
[65.419s][info][gc,phases   ] GC(102)   Pre Evacuate Collection Set: 0.26ms
[65.419s][info][gc,phases   ] GC(102)   Merge Heap Roots: 0.21ms
[65.419s][info][gc,phases   ] GC(102)   Evacuate Collection Set: 16.99ms
[65.419s][info][gc,phases   ] GC(102)   Post Evacuate Collection Set: 0.82ms
[65.419s][info][gc,phases   ] GC(102)   Other: 0.12ms
[65.419s][info][gc,heap     ] GC(102) Eden regions: 220->0(258)
[65.419s][info][gc,heap     ] GC(102) Survivor regions: 2->5(28)
[65.419s][info][gc,heap     ] GC(102) Old regions: 193->142
[65.419s][info][gc,heap     ] GC(102) Humongous regions: 5->3
[65.419s][info][gc,metaspace] GC(102) Metaspace: 35993K(36352K)->35993K(36352K) NonClass: 33549K(33792K)->33549K(33792K) Class: 2443K(2560K)->2443K(2560K)
[65.419s][info][gc          ] GC(102) Pause Young (Mixed) (G1 Evacuation Pause) 419M->149M(554M) 18.635ms
[65.419s][info][gc,cpu      ] GC(102) User=0.03s Sys=0.00s Real=0.02s
[65.827s][info][gc,start    ] GC(103) Pause Young (Mixed) (G1 Evacuation Pause)
[65.827s][info][gc,task     ] GC(103) Using 2 workers of 2 for evacuation
[65.841s][info][gc,phases   ] GC(103)   Pre Evacuate Collection Set: 0.24ms
[65.841s][info][gc,phases   ] GC(103)   Merge Heap Roots: 0.18ms
[65.841s][info][gc,phases   ] GC(103)   Evacuate Collection Set: 12.78ms
[65.841s][info][gc,phases   ] GC(103)   Post Evacuate Collection Set: 0.45ms
[65.841s][info][gc,phases   ] GC(103)   Other: 0.10ms
[65.841s][info][gc,heap     ] GC(103) Eden regions: 258->0(270)
[65.841s][info][gc,heap     ] GC(103) Survivor regions: 5->7(33)
[65.841s][info][gc,heap     ] GC(103) Old regions: 142->142
[65.841s][info][gc,heap     ] GC(103) Humongous regions: 3->3
[65.841s][info][gc,metaspace] GC(103) Metaspace: 36028K(36416K)->36028K(36416K) NonClass: 33584K(33856K)->33584K(33856K) Class: 2443K(2560K)->2443K(2560K)
[65.841s][info][gc          ] GC(103) Pause Young (Mixed) (G1 Evacuation Pause) 407M->151M(554M) 13.978ms
[65.841s][info][gc,cpu      ] GC(103) User=0.02s Sys=0.00s Real=0.02s
[66.011s][info][gc,start    ] GC(104) Pause Young (Concurrent Start) (G1 Humongous Allocation)
[66.011s][info][gc,task     ] GC(104) Using 2 workers of 2 for evacuation
[66.016s][info][gc,phases   ] GC(104)   Pre Evacuate Collection Set: 0.25ms
[66.016s][info][gc,phases   ] GC(104)   Merge Heap Roots: 0.10ms
[66.016s][info][gc,phases   ] GC(104)   Evacuate Collection Set: 3.83ms
[66.016s][info][gc,phases   ] GC(104)   Post Evacuate Collection Set: 0.37ms
[66.016s][info][gc,phases   ] GC(104)   Other: 0.13ms
[66.016s][info][gc,heap     ] GC(104) Eden regions: 100->0(290)
[66.016s][info][gc,heap     ] GC(104) Survivor regions: 7->5(35)
[66.016s][info][gc,heap     ] GC(104) Old regions: 142->142
[66.016s][info][gc,heap     ] GC(104) Humongous regions: 3->3
[66.016s][info][gc,metaspace] GC(104) Metaspace: 36175K(36544K)->36175K(36544K) NonClass: 33716K(33920K)->33716K(33920K) Class: 2459K(2624K)->2459K(2624K)
[66.016s][info][gc          ] GC(104) Pause Young (Concurrent Start) (G1 Humongous Allocation) 250M->149M(554M) 4.866ms
[66.016s][info][gc          ] GC(105) Concurrent Mark Cycle
[66.016s][info][gc,marking  ] GC(105) Concurrent Scan Root Regions
[66.016s][info][gc,cpu      ] GC(104) User=0.01s Sys=0.00s Real=0.00s
[66.020s][info][gc,marking  ] GC(105) Concurrent Scan Root Regions 4.310ms
[66.020s][info][gc,marking  ] GC(105) Concurrent Mark
[66.020s][info][gc,marking  ] GC(105) Concurrent Mark From Roots
[66.020s][info][gc,task     ] GC(105) Using 1 workers of 1 for marking
[66.173s][info][gc,marking  ] GC(105) Concurrent Mark From Roots 152.315ms
[66.173s][info][gc,marking  ] GC(105) Concurrent Preclean
[66.173s][info][gc,marking  ] GC(105) Concurrent Preclean 0.041ms
[66.173s][info][gc,start    ] GC(105) Pause Remark
[66.187s][info][gc          ] GC(105) Pause Remark 169M->105M(294M) 14.371ms
[66.187s][info][gc,cpu      ] GC(105) User=0.03s Sys=0.00s Real=0.02s
[66.187s][info][gc,marking  ] GC(105) Concurrent Mark 167.006ms
[66.187s][info][gc,marking  ] GC(105) Concurrent Rebuild Remembered Sets and Scrub Regions
[66.244s][info][gc,marking  ] GC(105) Concurrent Rebuild Remembered Sets and Scrub Regions 56.145ms
[66.244s][info][gc,start    ] GC(105) Pause Cleanup
[66.244s][info][gc          ] GC(105) Pause Cleanup 110M->110M(294M) 0.059ms
[66.244s][info][gc,cpu      ] GC(105) User=0.00s Sys=0.00s Real=0.00s
[66.246s][info][gc,marking  ] GC(105) Concurrent Clear Claimed Marks
[66.246s][info][gc,marking  ] GC(105) Concurrent Clear Claimed Marks 0.050ms
[66.246s][info][gc,marking  ] GC(105) Concurrent Cleanup for Next Mark
[66.249s][info][gc,marking  ] GC(105) Concurrent Cleanup for Next Mark 2.806ms
[66.249s][info][gc          ] GC(105) Concurrent Mark Cycle 232.590ms
[66.884s][info][gc,start    ] GC(106) Pause Young (Prepare Mixed) (G1 Evacuation Pause)
[66.884s][info][gc,task     ] GC(106) Using 2 workers of 2 for evacuation
[66.905s][info][gc,phases   ] GC(106)   Pre Evacuate Collection Set: 0.21ms
[66.905s][info][gc,phases   ] GC(106)   Merge Heap Roots: 0.11ms
[66.905s][info][gc,phases   ] GC(106)   Evacuate Collection Set: 17.57ms
[66.905s][info][gc,phases   ] GC(106)   Post Evacuate Collection Set: 2.49ms
[66.905s][info][gc,phases   ] GC(106)   Other: 0.09ms
[66.905s][info][gc,heap     ] GC(106) Eden regions: 84->0(248)
[66.905s][info][gc,heap     ] GC(106) Survivor regions: 5->10(31)
[66.905s][info][gc,heap     ] GC(106) Old regions: 80->80
[66.905s][info][gc,heap     ] GC(106) Humongous regions: 251->1
[66.905s][info][gc,metaspace] GC(106) Metaspace: 37401K(37760K)->37401K(37760K) NonClass: 34855K(35072K)->34855K(35072K) Class: 2545K(2688K)->2545K(2688K)
[66.905s][info][gc          ] GC(106) Pause Young (Prepare Mixed) (G1 Evacuation Pause) 419M->89M(430M) 20.705ms
[66.905s][info][gc,cpu      ] GC(106) User=0.03s Sys=0.00s Real=0.02s
[67.696s][info][gc,start    ] GC(107) Pause Young (Mixed) (G1 Evacuation Pause)
[67.696s][info][gc,task     ] GC(107) Using 2 workers of 2 for evacuation
[67.715s][info][gc,phases   ] GC(107)   Pre Evacuate Collection Set: 0.34ms
[67.715s][info][gc,phases   ] GC(107)   Merge Heap Roots: 0.08ms
[67.715s][info][gc,phases   ] GC(107)   Evacuate Collection Set: 17.04ms
[67.715s][info][gc,phases   ] GC(107)   Post Evacuate Collection Set: 0.97ms
[67.715s][info][gc,phases   ] GC(107)   Other: 0.11ms
[67.715s][info][gc,heap     ] GC(107) Eden regions: 67->0(338)
[67.715s][info][gc,heap     ] GC(107) Survivor regions: 10->14(34)
[67.715s][info][gc,heap     ] GC(107) Old regions: 80->70
[67.715s][info][gc,heap     ] GC(107) Humongous regions: 415->3
[67.715s][info][gc,metaspace] GC(107) Metaspace: 38258K(38656K)->38258K(38656K) NonClass: 35663K(35904K)->35663K(35904K) Class: 2595K(2752K)->2595K(2752K)
[67.715s][info][gc          ] GC(107) Pause Young (Mixed) (G1 Evacuation Pause) 570M->85M(587M) 18.775ms
[67.715s][info][gc,cpu      ] GC(107) User=0.02s Sys=0.01s Real=0.02s
[67.720s][info][gc,start    ] GC(108) Pause Young (Concurrent Start) (G1 Humongous Allocation)
[67.720s][info][gc,task     ] GC(108) Using 2 workers of 2 for evacuation
[67.732s][info][gc,phases   ] GC(108)   Pre Evacuate Collection Set: 0.23ms
[67.732s][info][gc,phases   ] GC(108)   Merge Heap Roots: 0.04ms
[67.732s][info][gc,phases   ] GC(108)   Evacuate Collection Set: 10.72ms
[67.732s][info][gc,phases   ] GC(108)   Post Evacuate Collection Set: 0.31ms
[67.732s][info][gc,phases   ] GC(108)   Other: 0.10ms
[67.732s][info][gc,heap     ] GC(108) Eden regions: 1->0(338)
[67.732s][info][gc,heap     ] GC(108) Survivor regions: 14->14(44)
[67.732s][info][gc,heap     ] GC(108) Old regions: 70->70
[67.732s][info][gc,heap     ] GC(108) Humongous regions: 3->1
[67.732s][info][gc,metaspace] GC(108) Metaspace: 38258K(38656K)->38258K(38656K) NonClass: 35663K(35904K)->35663K(35904K) Class: 2595K(2752K)->2595K(2752K)
[67.732s][info][gc          ] GC(108) Pause Young (Concurrent Start) (G1 Humongous Allocation) 86M->83M(587M) 11.580ms
[67.732s][info][gc          ] GC(109) Concurrent Mark Cycle
[67.732s][info][gc,marking  ] GC(109) Concurrent Scan Root Regions
[67.732s][info][gc,cpu      ] GC(108) User=0.02s Sys=0.00s Real=0.01s
[67.742s][info][gc,marking  ] GC(109) Concurrent Scan Root Regions 10.287ms
[67.742s][info][gc,marking  ] GC(109) Concurrent Mark
[67.742s][info][gc,marking  ] GC(109) Concurrent Mark From Roots
[67.742s][info][gc,task     ] GC(109) Using 1 workers of 1 for marking
[67.821s][info][gc,marking  ] GC(109) Concurrent Mark From Roots 79.058ms
[67.822s][info][gc,marking  ] GC(109) Concurrent Preclean
[67.822s][info][gc,marking  ] GC(109) Concurrent Preclean 0.043ms
[67.822s][info][gc,start    ] GC(109) Pause Remark
[67.839s][info][gc          ] GC(109) Pause Remark 117M->117M(384M) 17.112ms
[67.839s][info][gc,cpu      ] GC(109) User=0.03s Sys=0.01s Real=0.02s
[67.841s][info][gc,marking  ] GC(109) Concurrent Mark 98.370ms
[67.841s][info][gc,marking  ] GC(109) Concurrent Rebuild Remembered Sets and Scrub Regions
[67.880s][info][gc,marking  ] GC(109) Concurrent Rebuild Remembered Sets and Scrub Regions 39.223ms
[67.880s][info][gc,start    ] GC(109) Pause Cleanup
[67.880s][info][gc          ] GC(109) Pause Cleanup 142M->142M(384M) 0.065ms
[67.880s][info][gc,cpu      ] GC(109) User=0.00s Sys=0.00s Real=0.00s
[67.881s][info][gc,marking  ] GC(109) Concurrent Clear Claimed Marks
[67.881s][info][gc,marking  ] GC(109) Concurrent Clear Claimed Marks 0.055ms
[67.881s][info][gc,marking  ] GC(109) Concurrent Cleanup for Next Mark
[67.883s][info][gc,marking  ] GC(109) Concurrent Cleanup for Next Mark 1.994ms
[67.884s][info][gc          ] GC(109) Concurrent Mark Cycle 151.432ms
[68.494s][info][gc,start    ] GC(110) Pause Young (Prepare Mixed) (G1 Evacuation Pause)
[68.494s][info][gc,task     ] GC(110) Using 2 workers of 2 for evacuation
[68.530s][info][gc,phases   ] GC(110)   Pre Evacuate Collection Set: 0.23ms
[68.530s][info][gc,phases   ] GC(110)   Merge Heap Roots: 0.11ms
[68.530s][info][gc,phases   ] GC(110)   Evacuate Collection Set: 34.37ms
[68.530s][info][gc,phases   ] GC(110)   Post Evacuate Collection Set: 1.11ms
[68.530s][info][gc,phases   ] GC(110)   Other: 0.11ms
[68.530s][info][gc,heap     ] GC(110) Eden regions: 63->0(263)
[68.530s][info][gc,heap     ] GC(110) Survivor regions: 14->25(33)
[68.530s][info][gc,heap     ] GC(110) Old regions: 70->70
[68.530s][info][gc,heap     ] GC(110) Humongous regions: 309->3
[68.530s][info][gc,metaspace] GC(110) Metaspace: 38433K(38848K)->38433K(38848K) NonClass: 35837K(36096K)->35837K(36096K) Class: 2596K(2752K)->2596K(2752K)
[68.530s][info][gc          ] GC(110) Pause Young (Prepare Mixed) (G1 Evacuation Pause) 453M->96M(481M) 36.164ms
[68.530s][info][gc,cpu      ] GC(110) User=0.05s Sys=0.02s Real=0.04s
[69.199s][info][gc,start    ] GC(111) Pause Young (Mixed) (G1 Evacuation Pause)
[69.199s][info][gc,task     ] GC(111) Using 2 workers of 2 for evacuation
[69.248s][info][gc,phases   ] GC(111)   Pre Evacuate Collection Set: 0.27ms
[69.248s][info][gc,phases   ] GC(111)   Merge Heap Roots: 0.07ms
[69.248s][info][gc,phases   ] GC(111)   Evacuate Collection Set: 47.85ms
[69.248s][info][gc,phases   ] GC(111)   Post Evacuate Collection Set: 0.85ms
[69.248s][info][gc,phases   ] GC(111)   Other: 0.09ms
[69.248s][info][gc,heap     ] GC(111) Eden regions: 75->0(314)
[69.248s][info][gc,heap     ] GC(111) Survivor regions: 25->28(38)
[69.248s][info][gc,heap     ] GC(111) Old regions: 70->71
[69.248s][info][gc,heap     ] GC(111) Humongous regions: 365->1
[69.248s][info][gc,metaspace] GC(111) Metaspace: 38494K(38912K)->38494K(38912K) NonClass: 35898K(36160K)->35898K(36160K) Class: 2596K(2752K)->2596K(2752K)
[69.248s][info][gc          ] GC(111) Pause Young (Mixed) (G1 Evacuation Pause) 533M->99M(571M) 49.380ms
[69.248s][info][gc,cpu      ] GC(111) User=0.07s Sys=0.02s Real=0.05s
[69.256s][info][gc,start    ] GC(112) Pause Young (Concurrent Start) (G1 Humongous Allocation)
[69.256s][info][gc,task     ] GC(112) Using 2 workers of 2 for evacuation
[69.283s][info][gc,phases   ] GC(112)   Pre Evacuate Collection Set: 0.24ms
[69.283s][info][gc,phases   ] GC(112)   Merge Heap Roots: 0.07ms
[69.283s][info][gc,phases   ] GC(112)   Evacuate Collection Set: 26.91ms
[69.283s][info][gc,phases   ] GC(112)   Post Evacuate Collection Set: 0.32ms
[69.283s][info][gc,phases   ] GC(112)   Other: 0.13ms
[69.283s][info][gc,heap     ] GC(112) Eden regions: 1->0(316)
[69.283s][info][gc,heap     ] GC(112) Survivor regions: 28->13(43)
[69.283s][info][gc,heap     ] GC(112) Old regions: 71->87
[69.283s][info][gc,heap     ] GC(112) Humongous regions: 1->1
[69.283s][info][gc,metaspace] GC(112) Metaspace: 38495K(38912K)->38495K(38912K) NonClass: 35899K(36160K)->35899K(36160K) Class: 2596K(2752K)->2596K(2752K)
[69.283s][info][gc          ] GC(112) Pause Young (Concurrent Start) (G1 Humongous Allocation) 100M->100M(571M) 27.842ms
[69.283s][info][gc          ] GC(113) Concurrent Mark Cycle
[69.284s][info][gc,marking  ] GC(113) Concurrent Scan Root Regions
[69.284s][info][gc,cpu      ] GC(112) User=0.05s Sys=0.00s Real=0.03s
[69.317s][info][gc,marking  ] GC(113) Concurrent Scan Root Regions 33.247ms
[69.317s][info][gc,marking  ] GC(113) Concurrent Mark
[69.317s][info][gc,marking  ] GC(113) Concurrent Mark From Roots
[69.317s][info][gc,task     ] GC(113) Using 1 workers of 1 for marking
[69.446s][info][gc,marking  ] GC(113) Concurrent Mark From Roots 128.942ms
[69.446s][info][gc,marking  ] GC(113) Concurrent Preclean
[69.446s][info][gc,marking  ] GC(113) Concurrent Preclean 0.118ms
[69.447s][info][gc,start    ] GC(113) Pause Remark
[69.461s][info][gc          ] GC(113) Pause Remark 121M->121M(357M) 14.592ms
[69.461s][info][gc,cpu      ] GC(113) User=0.03s Sys=0.00s Real=0.02s
[69.461s][info][gc,marking  ] GC(113) Concurrent Mark 144.413ms
[69.461s][info][gc,marking  ] GC(113) Concurrent Rebuild Remembered Sets and Scrub Regions
[69.522s][info][gc,marking  ] GC(113) Concurrent Rebuild Remembered Sets and Scrub Regions 60.742ms
[69.523s][info][gc,start    ] GC(113) Pause Cleanup
[69.523s][info][gc          ] GC(113) Pause Cleanup 126M->126M(357M) 0.073ms
[69.523s][info][gc,cpu      ] GC(113) User=0.00s Sys=0.00s Real=0.00s
[69.523s][info][gc,marking  ] GC(113) Concurrent Clear Claimed Marks
[69.524s][info][gc,marking  ] GC(113) Concurrent Clear Claimed Marks 0.053ms
[69.524s][info][gc,marking  ] GC(113) Concurrent Cleanup for Next Mark
[69.525s][info][gc,marking  ] GC(113) Concurrent Cleanup for Next Mark 1.174ms
[69.525s][info][gc          ] GC(113) Concurrent Mark Cycle 241.233ms
[70.833s][info][gc,start    ] GC(114) Pause Young (Prepare Mixed) (G1 Evacuation Pause)
[70.833s][info][gc,task     ] GC(114) Using 2 workers of 2 for evacuation
[70.864s][info][gc,phases   ] GC(114)   Pre Evacuate Collection Set: 0.17ms
[70.864s][info][gc,phases   ] GC(114)   Merge Heap Roots: 0.13ms
[70.864s][info][gc,phases   ] GC(114)   Evacuate Collection Set: 29.65ms
[70.864s][info][gc,phases   ] GC(114)   Post Evacuate Collection Set: 0.48ms
[70.864s][info][gc,phases   ] GC(114)   Other: 0.08ms
[70.864s][info][gc,heap     ] GC(114) Eden regions: 201->0(188)
[70.864s][info][gc,heap     ] GC(114) Survivor regions: 13->23(27)
[70.864s][info][gc,heap     ] GC(114) Old regions: 87->87
[70.864s][info][gc,heap     ] GC(114) Humongous regions: 51->1
[70.864s][info][gc,metaspace] GC(114) Metaspace: 39465K(39808K)->39465K(39808K) NonClass: 36777K(36992K)->36777K(36992K) Class: 2687K(2816K)->2687K(2816K)
[70.864s][info][gc          ] GC(114) Pause Young (Prepare Mixed) (G1 Evacuation Pause) 351M->110M(375M) 30.738ms
[70.864s][info][gc,cpu      ] GC(114) User=0.05s Sys=0.02s Real=0.03s
[71.514s][info][gc,start    ] GC(115) Pause Young (Mixed) (G1 Evacuation Pause)
[71.514s][info][gc,task     ] GC(115) Using 2 workers of 2 for evacuation
[71.537s][info][gc,phases   ] GC(115)   Pre Evacuate Collection Set: 0.22ms
[71.538s][info][gc,phases   ] GC(115)   Merge Heap Roots: 0.11ms
[71.538s][info][gc,phases   ] GC(115)   Evacuate Collection Set: 22.49ms
[71.538s][info][gc,phases   ] GC(115)   Post Evacuate Collection Set: 0.60ms
[71.538s][info][gc,phases   ] GC(115)   Other: 0.08ms
[71.538s][info][gc,heap     ] GC(115) Eden regions: 188->0(200)
[71.538s][info][gc,heap     ] GC(115) Survivor regions: 23->12(27)
[71.538s][info][gc,heap     ] GC(115) Old regions: 87->94
[71.538s][info][gc,heap     ] GC(115) Humongous regions: 1->1
[71.538s][info][gc,metaspace] GC(115) Metaspace: 39513K(39872K)->39513K(39872K) NonClass: 36825K(37056K)->36825K(37056K) Class: 2688K(2816K)->2688K(2816K)
[71.538s][info][gc          ] GC(115) Pause Young (Mixed) (G1 Evacuation Pause) 298M->106M(375M) 23.700ms
[71.538s][info][gc,cpu      ] GC(115) User=0.05s Sys=0.00s Real=0.03s
[72.054s][info][gc,start    ] GC(116) Pause Young (Concurrent Start) (G1 Evacuation Pause)
[72.054s][info][gc,task     ] GC(116) Using 2 workers of 2 for evacuation
[72.064s][info][gc,phases   ] GC(116)   Pre Evacuate Collection Set: 0.21ms
[72.064s][info][gc,phases   ] GC(116)   Merge Heap Roots: 0.08ms
[72.064s][info][gc,phases   ] GC(116)   Evacuate Collection Set: 9.72ms
[72.064s][info][gc,phases   ] GC(116)   Post Evacuate Collection Set: 0.58ms
[72.064s][info][gc,phases   ] GC(116)   Other: 0.09ms
[72.064s][info][gc,heap     ] GC(116) Eden regions: 200->0(207)
[72.064s][info][gc,heap     ] GC(116) Survivor regions: 12->14(27)
[72.064s][info][gc,heap     ] GC(116) Old regions: 94->94
[72.064s][info][gc,heap     ] GC(116) Humongous regions: 1->1
[72.064s][info][gc,metaspace] GC(116) Metaspace: 39525K(39872K)->39525K(39872K) NonClass: 36837K(37056K)->36837K(37056K) Class: 2688K(2816K)->2688K(2816K)
[72.064s][info][gc          ] GC(116) Pause Young (Concurrent Start) (G1 Evacuation Pause) 306M->108M(375M) 10.862ms
[72.064s][info][gc          ] GC(117) Concurrent Mark Cycle
[72.064s][info][gc,marking  ] GC(117) Concurrent Scan Root Regions
[72.067s][info][gc,cpu      ] GC(116) User=0.02s Sys=0.00s Real=0.02s
[72.077s][info][gc,marking  ] GC(117) Concurrent Scan Root Regions 13.054ms
[72.078s][info][gc,marking  ] GC(117) Concurrent Mark
[72.078s][info][gc,marking  ] GC(117) Concurrent Mark From Roots
[72.078s][info][gc,task     ] GC(117) Using 1 workers of 1 for marking
[72.249s][info][gc,marking  ] GC(117) Concurrent Mark From Roots 171.928ms
[72.250s][info][gc,marking  ] GC(117) Concurrent Preclean
[72.250s][info][gc,marking  ] GC(117) Concurrent Preclean 0.124ms
[72.250s][info][gc,start    ] GC(117) Pause Remark
[72.264s][info][gc          ] GC(117) Pause Remark 143M->140M(354M) 14.176ms
[72.264s][info][gc,cpu      ] GC(117) User=0.03s Sys=0.01s Real=0.01s
[72.264s][info][gc,marking  ] GC(117) Concurrent Mark 186.526ms
[72.264s][info][gc,marking  ] GC(117) Concurrent Rebuild Remembered Sets and Scrub Regions
[72.339s][info][gc,marking  ] GC(117) Concurrent Rebuild Remembered Sets and Scrub Regions 74.981ms
[72.339s][info][gc,start    ] GC(117) Pause Cleanup
[72.339s][info][gc          ] GC(117) Pause Cleanup 155M->155M(354M) 0.052ms
[72.339s][info][gc,cpu      ] GC(117) User=0.00s Sys=0.00s Real=0.00s
[72.339s][info][gc,marking  ] GC(117) Concurrent Clear Claimed Marks
[72.339s][info][gc,marking  ] GC(117) Concurrent Clear Claimed Marks 0.035ms
[72.339s][info][gc,marking  ] GC(117) Concurrent Cleanup for Next Mark
[72.340s][info][gc,marking  ] GC(117) Concurrent Cleanup for Next Mark 1.109ms
[72.340s][info][gc          ] GC(117) Concurrent Mark Cycle 276.053ms
[72.727s][info][gc,start    ] GC(118) Pause Young (Prepare Mixed) (G1 Evacuation Pause)
[72.727s][info][gc,task     ] GC(118) Using 2 workers of 2 for evacuation
[72.738s][info][gc,phases   ] GC(118)   Pre Evacuate Collection Set: 0.17ms
[72.738s][info][gc,phases   ] GC(118)   Merge Heap Roots: 0.10ms
[72.738s][info][gc,phases   ] GC(118)   Evacuate Collection Set: 9.80ms
[72.738s][info][gc,phases   ] GC(118)   Post Evacuate Collection Set: 0.46ms
[72.738s][info][gc,phases   ] GC(118)   Other: 0.09ms
[72.738s][info][gc,heap     ] GC(118) Eden regions: 198->0(198)
[72.738s][info][gc,heap     ] GC(118) Survivor regions: 14->14(27)
[72.738s][info][gc,heap     ] GC(118) Old regions: 91->91
[72.738s][info][gc,heap     ] GC(118) Humongous regions: 1->1
[72.738s][info][gc,metaspace] GC(118) Metaspace: 39551K(39872K)->39551K(39872K) NonClass: 36863K(37056K)->36863K(37056K) Class: 2688K(2816K)->2688K(2816K)
[72.738s][info][gc          ] GC(118) Pause Young (Prepare Mixed) (G1 Evacuation Pause) 303M->105M(354M) 10.827ms
[72.738s][info][gc,cpu      ] GC(118) User=0.02s Sys=0.00s Real=0.01s
[73.185s][info][gc,start    ] GC(119) Pause Young (Mixed) (G1 Evacuation Pause)
[73.185s][info][gc,task     ] GC(119) Using 2 workers of 2 for evacuation
[73.201s][info][gc,phases   ] GC(119)   Pre Evacuate Collection Set: 0.18ms
[73.201s][info][gc,phases   ] GC(119)   Merge Heap Roots: 0.15ms
[73.201s][info][gc,phases   ] GC(119)   Evacuate Collection Set: 14.35ms
[73.201s][info][gc,phases   ] GC(119)   Post Evacuate Collection Set: 0.63ms
[73.201s][info][gc,phases   ] GC(119)   Other: 0.08ms
[73.201s][info][gc,heap     ] GC(119) Eden regions: 198->0(197)
[73.201s][info][gc,heap     ] GC(119) Survivor regions: 14->15(27)
[73.201s][info][gc,heap     ] GC(119) Old regions: 91->87
[73.201s][info][gc,heap     ] GC(119) Humongous regions: 1->1
[73.201s][info][gc,metaspace] GC(119) Metaspace: 39552K(39872K)->39552K(39872K) NonClass: 36863K(37056K)->36863K(37056K) Class: 2688K(2816K)->2688K(2816K)
[73.201s][info][gc          ] GC(119) Pause Young (Mixed) (G1 Evacuation Pause) 303M->102M(354M) 15.575ms
[73.201s][info][gc,cpu      ] GC(119) User=0.03s Sys=0.00s Real=0.02s
[74.645s][info][gc,start    ] GC(120) Pause Young (Concurrent Start) (G1 Evacuation Pause)
[74.645s][info][gc,task     ] GC(120) Using 2 workers of 2 for evacuation
[74.653s][info][gc,phases   ] GC(120)   Pre Evacuate Collection Set: 0.18ms
[74.653s][info][gc,phases   ] GC(120)   Merge Heap Roots: 0.10ms
[74.653s][info][gc,phases   ] GC(120)   Evacuate Collection Set: 7.67ms
[74.653s][info][gc,phases   ] GC(120)   Post Evacuate Collection Set: 0.54ms
[74.653s][info][gc,phases   ] GC(120)   Other: 0.13ms
[74.653s][info][gc,heap     ] GC(120) Eden regions: 197->0(208)
[74.653s][info][gc,heap     ] GC(120) Survivor regions: 15->4(27)
[74.653s][info][gc,heap     ] GC(120) Old regions: 87->94
[74.653s][info][gc,heap     ] GC(120) Humongous regions: 1->1
[74.653s][info][gc,metaspace] GC(120) Metaspace: 40442K(40832K)->40442K(40832K) NonClass: 37656K(37888K)->37656K(37888K) Class: 2785K(2944K)->2785K(2944K)
[74.653s][info][gc          ] GC(120) Pause Young (Concurrent Start) (G1 Evacuation Pause) 299M->99M(354M) 8.815ms
[74.654s][info][gc,cpu      ] GC(120) User=0.01s Sys=0.01s Real=0.01s
[74.654s][info][gc          ] GC(121) Concurrent Mark Cycle
[74.654s][info][gc,marking  ] GC(121) Concurrent Scan Root Regions
[74.667s][info][gc,marking  ] GC(121) Concurrent Scan Root Regions 12.960ms
[74.667s][info][gc,marking  ] GC(121) Concurrent Mark
[74.667s][info][gc,marking  ] GC(121) Concurrent Mark From Roots
[74.667s][info][gc,task     ] GC(121) Using 1 workers of 1 for marking
[74.855s][info][gc,marking  ] GC(121) Concurrent Mark From Roots 188.532ms
[74.855s][info][gc,marking  ] GC(121) Concurrent Preclean
[74.855s][info][gc,marking  ] GC(121) Concurrent Preclean 0.118ms
[74.855s][info][gc,start    ] GC(121) Pause Remark
[74.870s][info][gc          ] GC(121) Pause Remark 137M->137M(330M) 14.956ms
[74.870s][info][gc,cpu      ] GC(121) User=0.03s Sys=0.00s Real=0.02s
[74.870s][info][gc,marking  ] GC(121) Concurrent Mark 203.918ms
[74.871s][info][gc,marking  ] GC(121) Concurrent Rebuild Remembered Sets and Scrub Regions
[74.958s][info][gc,marking  ] GC(121) Concurrent Rebuild Remembered Sets and Scrub Regions 87.976ms
[74.959s][info][gc,start    ] GC(121) Pause Cleanup
[74.959s][info][gc          ] GC(121) Pause Cleanup 156M->156M(330M) 0.066ms
[74.959s][info][gc,cpu      ] GC(121) User=0.00s Sys=0.00s Real=0.00s
[74.959s][info][gc,marking  ] GC(121) Concurrent Clear Claimed Marks
[74.959s][info][gc,marking  ] GC(121) Concurrent Clear Claimed Marks 0.038ms
[74.959s][info][gc,marking  ] GC(121) Concurrent Cleanup for Next Mark
[74.960s][info][gc,marking  ] GC(121) Concurrent Cleanup for Next Mark 1.011ms
[74.960s][info][gc          ] GC(121) Concurrent Mark Cycle 306.392ms
[75.480s][info][gc,start    ] GC(122) Pause Young (Prepare Mixed) (G1 Evacuation Pause)
[75.481s][info][gc,task     ] GC(122) Using 2 workers of 2 for evacuation
[75.485s][info][gc,phases   ] GC(122)   Pre Evacuate Collection Set: 0.19ms
[75.485s][info][gc,phases   ] GC(122)   Merge Heap Roots: 0.09ms
[75.485s][info][gc,phases   ] GC(122)   Evacuate Collection Set: 3.46ms
[75.485s][info][gc,phases   ] GC(122)   Post Evacuate Collection Set: 0.60ms
[75.485s][info][gc,phases   ] GC(122)   Other: 0.12ms
[75.485s][info][gc,heap     ] GC(122) Eden regions: 194->0(190)
[75.485s][info][gc,heap     ] GC(122) Survivor regions: 4->8(25)
[75.485s][info][gc,heap     ] GC(122) Old regions: 94->94
[75.485s][info][gc,heap     ] GC(122) Humongous regions: 1->1
[75.485s][info][gc,metaspace] GC(122) Metaspace: 40479K(40896K)->40479K(40896K) NonClass: 37693K(37952K)->37693K(37952K) Class: 2785K(2944K)->2785K(2944K)
[75.485s][info][gc          ] GC(122) Pause Young (Prepare Mixed) (G1 Evacuation Pause) 293M->103M(330M) 4.670ms
[75.485s][info][gc,cpu      ] GC(122) User=0.00s Sys=0.00s Real=0.00s
[76.958s][info][gc,start    ] GC(123) Pause Young (Mixed) (G1 Evacuation Pause)
[76.958s][info][gc,task     ] GC(123) Using 2 workers of 2 for evacuation
[76.973s][info][gc,phases   ] GC(123)   Pre Evacuate Collection Set: 0.21ms
[76.973s][info][gc,phases   ] GC(123)   Merge Heap Roots: 0.23ms
[76.973s][info][gc,phases   ] GC(123)   Evacuate Collection Set: 13.20ms
[76.973s][info][gc,phases   ] GC(123)   Post Evacuate Collection Set: 0.55ms
[76.973s][info][gc,phases   ] GC(123)   Other: 0.10ms
[76.973s][info][gc,heap     ] GC(123) Eden regions: 190->0(193)
[76.973s][info][gc,heap     ] GC(123) Survivor regions: 8->5(25)
[76.973s][info][gc,heap     ] GC(123) Old regions: 94->90
[76.973s][info][gc,heap     ] GC(123) Humongous regions: 9->1
[76.973s][info][gc,metaspace] GC(123) Metaspace: 40791K(41216K)->40791K(41216K) NonClass: 37989K(38272K)->37989K(38272K) Class: 2801K(2944K)->2801K(2944K)
[76.973s][info][gc          ] GC(123) Pause Young (Mixed) (G1 Evacuation Pause) 300M->95M(330M) 14.488ms
[76.973s][info][gc,cpu      ] GC(123) User=0.02s Sys=0.00s Real=0.01s
[77.036s][info][gc,start    ] GC(124) Pause Young (Concurrent Start) (G1 Humongous Allocation)
[77.036s][info][gc,task     ] GC(124) Using 2 workers of 2 for evacuation
[77.042s][info][gc,phases   ] GC(124)   Pre Evacuate Collection Set: 0.24ms
[77.042s][info][gc,phases   ] GC(124)   Merge Heap Roots: 0.06ms
[77.042s][info][gc,phases   ] GC(124)   Evacuate Collection Set: 4.66ms
[77.042s][info][gc,phases   ] GC(124)   Post Evacuate Collection Set: 0.33ms
[77.042s][info][gc,phases   ] GC(124)   Other: 0.14ms
[77.042s][info][gc,heap     ] GC(124) Eden regions: 8->0(194)
[77.042s][info][gc,heap     ] GC(124) Survivor regions: 5->4(25)
[77.042s][info][gc,heap     ] GC(124) Old regions: 90->90
[77.042s][info][gc,heap     ] GC(124) Humongous regions: 1->1
[77.042s][info][gc,metaspace] GC(124) Metaspace: 40871K(41280K)->40871K(41280K) NonClass: 38063K(38336K)->38063K(38336K) Class: 2808K(2944K)->2808K(2944K)
[77.042s][info][gc          ] GC(124) Pause Young (Concurrent Start) (G1 Humongous Allocation) 103M->95M(330M) 5.608ms
[77.042s][info][gc,cpu      ] GC(124) User=0.01s Sys=0.00s Real=0.01s
[77.042s][info][gc          ] GC(125) Concurrent Mark Cycle
[77.042s][info][gc,marking  ] GC(125) Concurrent Scan Root Regions
[77.047s][info][gc,marking  ] GC(125) Concurrent Scan Root Regions 5.087ms
[77.047s][info][gc,marking  ] GC(125) Concurrent Mark
[77.047s][info][gc,marking  ] GC(125) Concurrent Mark From Roots
[77.047s][info][gc,task     ] GC(125) Using 1 workers of 1 for marking
[77.163s][info][gc,marking  ] GC(125) Concurrent Mark From Roots 115.461ms
[77.163s][info][gc,marking  ] GC(125) Concurrent Preclean
[77.163s][info][gc,marking  ] GC(125) Concurrent Preclean 0.206ms
[77.163s][info][gc,start    ] GC(125) Pause Remark
[77.182s][info][gc          ] GC(125) Pause Remark 106M->89M(267M) 18.568ms
[77.182s][info][gc,cpu      ] GC(125) User=0.04s Sys=0.00s Real=0.02s
[77.184s][info][gc,marking  ] GC(125) Concurrent Mark 136.598ms
[77.184s][info][gc,marking  ] GC(125) Concurrent Rebuild Remembered Sets and Scrub Regions
[77.237s][info][gc,marking  ] GC(125) Concurrent Rebuild Remembered Sets and Scrub Regions 52.857ms
[77.237s][info][gc,start    ] GC(125) Pause Cleanup
[77.237s][info][gc          ] GC(125) Pause Cleanup 96M->96M(267M) 0.055ms
[77.237s][info][gc,cpu      ] GC(125) User=0.00s Sys=0.00s Real=0.00s
[77.237s][info][gc,marking  ] GC(125) Concurrent Clear Claimed Marks
[77.237s][info][gc,marking  ] GC(125) Concurrent Clear Claimed Marks 0.033ms
[77.237s][info][gc,marking  ] GC(125) Concurrent Cleanup for Next Mark
[77.238s][info][gc,marking  ] GC(125) Concurrent Cleanup for Next Mark 0.789ms
[77.238s][info][gc          ] GC(125) Concurrent Mark Cycle 195.669ms
[77.718s][info][gc,start    ] GC(126) Pause Young (Prepare Mixed) (G1 Evacuation Pause)
[77.718s][info][gc,task     ] GC(126) Using 2 workers of 2 for evacuation
[77.739s][info][gc,phases   ] GC(126)   Pre Evacuate Collection Set: 0.16ms
[77.739s][info][gc,phases   ] GC(126)   Merge Heap Roots: 0.12ms
[77.739s][info][gc,phases   ] GC(126)   Evacuate Collection Set: 20.03ms
[77.739s][info][gc,phases   ] GC(126)   Post Evacuate Collection Set: 0.47ms
[77.739s][info][gc,phases   ] GC(126)   Other: 0.08ms
[77.739s][info][gc,heap     ] GC(126) Eden regions: 156->0(137)
[77.739s][info][gc,heap     ] GC(126) Survivor regions: 4->20(20)
[77.739s][info][gc,heap     ] GC(126) Old regions: 73->73
[77.739s][info][gc,heap     ] GC(126) Humongous regions: 5->3
[77.739s][info][gc,metaspace] GC(126) Metaspace: 40951K(41344K)->40951K(41344K) NonClass: 38140K(38400K)->38140K(38400K) Class: 2811K(2944K)->2811K(2944K)
[77.739s][info][gc          ] GC(126) Pause Young (Prepare Mixed) (G1 Evacuation Pause) 238M->95M(267M) 21.057ms
[77.739s][info][gc,cpu      ] GC(126) User=0.04s Sys=0.00s Real=0.02s
[78.113s][info][gc,start    ] GC(127) Pause Young (Mixed) (G1 Evacuation Pause)
[78.113s][info][gc,task     ] GC(127) Using 2 workers of 2 for evacuation
[78.150s][info][gc,phases   ] GC(127)   Pre Evacuate Collection Set: 0.21ms
[78.150s][info][gc,phases   ] GC(127)   Merge Heap Roots: 0.13ms
[78.150s][info][gc,phases   ] GC(127)   Evacuate Collection Set: 35.42ms
[78.150s][info][gc,phases   ] GC(127)   Post Evacuate Collection Set: 0.55ms
[78.150s][info][gc,phases   ] GC(127)   Other: 0.09ms
[78.150s][info][gc,heap     ] GC(127) Eden regions: 137->0(145)
[78.150s][info][gc,heap     ] GC(127) Survivor regions: 20->16(20)
[78.150s][info][gc,heap     ] GC(127) Old regions: 73->65
[78.150s][info][gc,heap     ] GC(127) Humongous regions: 4->4
[78.150s][info][gc,metaspace] GC(127) Metaspace: 40955K(41344K)->40955K(41344K) NonClass: 38144K(38400K)->38144K(38400K) Class: 2811K(2944K)->2811K(2944K)
[78.150s][info][gc          ] GC(127) Pause Young (Mixed) (G1 Evacuation Pause) 233M->84M(269M) 36.582ms
[78.150s][info][gc,cpu      ] GC(127) User=0.08s Sys=0.00s Real=0.04s
[78.565s][info][gc,start    ] GC(128) Pause Young (Mixed) (G1 Evacuation Pause)
[78.565s][info][gc,task     ] GC(128) Using 2 workers of 2 for evacuation
[78.602s][info][gc,phases   ] GC(128)   Pre Evacuate Collection Set: 0.18ms
[78.602s][info][gc,phases   ] GC(128)   Merge Heap Roots: 0.09ms
[78.602s][info][gc,phases   ] GC(128)   Evacuate Collection Set: 36.14ms
[78.602s][info][gc,phases   ] GC(128)   Post Evacuate Collection Set: 0.50ms
[78.602s][info][gc,phases   ] GC(128)   Other: 0.08ms
[78.602s][info][gc,heap     ] GC(128) Eden regions: 145->0(132)
[78.602s][info][gc,heap     ] GC(128) Survivor regions: 16->17(21)
[78.602s][info][gc,heap     ] GC(128) Old regions: 65->80
[78.602s][info][gc,heap     ] GC(128) Humongous regions: 6->6
[78.602s][info][gc,metaspace] GC(128) Metaspace: 40966K(41344K)->40966K(41344K) NonClass: 38155K(38400K)->38155K(38400K) Class: 2811K(2944K)->2811K(2944K)
[78.602s][info][gc          ] GC(128) Pause Young (Mixed) (G1 Evacuation Pause) 231M->102M(269M) 37.196ms
[78.602s][info][gc,cpu      ] GC(128) User=0.07s Sys=0.00s Real=0.04s
[79.071s][info][gc,start    ] GC(129) Pause Young (Concurrent Start) (G1 Evacuation Pause)
[79.071s][info][gc,task     ] GC(129) Using 2 workers of 2 for evacuation
[79.115s][info][gc,phases   ] GC(129)   Pre Evacuate Collection Set: 0.18ms
[79.115s][info][gc,phases   ] GC(129)   Merge Heap Roots: 0.09ms
[79.115s][info][gc,phases   ] GC(129)   Evacuate Collection Set: 43.59ms
[79.115s][info][gc,phases   ] GC(129)   Post Evacuate Collection Set: 0.41ms
[79.115s][info][gc,phases   ] GC(129)   Other: 0.10ms
[79.115s][info][gc,heap     ] GC(129) Eden regions: 132->0(121)
[79.115s][info][gc,heap     ] GC(129) Survivor regions: 17->14(19)
[79.115s][info][gc,heap     ] GC(129) Old regions: 80->96
[79.115s][info][gc,heap     ] GC(129) Humongous regions: 6->6
[79.115s][info][gc,metaspace] GC(129) Metaspace: 40977K(41344K)->40977K(41344K) NonClass: 38166K(38400K)->38166K(38400K) Class: 2811K(2944K)->2811K(2944K)
[79.115s][info][gc          ] GC(129) Pause Young (Concurrent Start) (G1 Evacuation Pause) 234M->115M(269M) 44.591ms
[79.115s][info][gc          ] GC(130) Concurrent Mark Cycle
[79.115s][info][gc,marking  ] GC(130) Concurrent Scan Root Regions
[79.118s][info][gc,cpu      ] GC(129) User=0.09s Sys=0.00s Real=0.05s
[79.166s][info][gc,marking  ] GC(130) Concurrent Scan Root Regions 50.659ms
[79.166s][info][gc,marking  ] GC(130) Concurrent Mark
[79.166s][info][gc,marking  ] GC(130) Concurrent Mark From Roots
[79.166s][info][gc,task     ] GC(130) Using 1 workers of 1 for marking
[79.364s][info][gc,marking  ] GC(130) Concurrent Mark From Roots 197.386ms
[79.364s][info][gc,marking  ] GC(130) Concurrent Preclean
[79.364s][info][gc,marking  ] GC(130) Concurrent Preclean 0.055ms
[79.364s][info][gc,start    ] GC(130) Pause Remark
[79.382s][info][gc          ] GC(130) Pause Remark 171M->170M(269M) 18.282ms
[79.382s][info][gc,cpu      ] GC(130) User=0.04s Sys=0.00s Real=0.02s
[79.382s][info][gc,marking  ] GC(130) Concurrent Mark 216.026ms
[79.382s][info][gc,marking  ] GC(130) Concurrent Rebuild Remembered Sets and Scrub Regions
[79.533s][info][gc,marking  ] GC(130) Concurrent Rebuild Remembered Sets and Scrub Regions 150.490ms
[79.534s][info][gc,start    ] GC(130) Pause Cleanup
[79.534s][info][gc          ] GC(130) Pause Cleanup 214M->214M(269M) 0.066ms
[79.534s][info][gc,cpu      ] GC(130) User=0.00s Sys=0.00s Real=0.00s
[79.534s][info][gc,marking  ] GC(130) Concurrent Clear Claimed Marks
[79.535s][info][gc,marking  ] GC(130) Concurrent Clear Claimed Marks 0.054ms
[79.535s][info][gc,marking  ] GC(130) Concurrent Cleanup for Next Mark
[79.535s][info][gc,marking  ] GC(130) Concurrent Cleanup for Next Mark 0.846ms
[79.535s][info][gc          ] GC(130) Concurrent Mark Cycle 419.992ms
[79.626s][info][gc,start    ] GC(131) Pause Young (Prepare Mixed) (G1 Evacuation Pause)
[79.626s][info][gc,task     ] GC(131) Using 2 workers of 2 for evacuation
[79.661s][info][gc,phases   ] GC(131)   Pre Evacuate Collection Set: 0.18ms
[79.661s][info][gc,phases   ] GC(131)   Merge Heap Roots: 0.14ms
[79.661s][info][gc,phases   ] GC(131)   Evacuate Collection Set: 34.50ms
[79.661s][info][gc,phases   ] GC(131)   Post Evacuate Collection Set: 0.38ms
[79.661s][info][gc,phases   ] GC(131)   Other: 0.08ms
[79.662s][info][gc,heap     ] GC(131) Eden regions: 121->0(108)
[79.662s][info][gc,heap     ] GC(131) Survivor regions: 14->13(17)
[79.662s][info][gc,heap     ] GC(131) Old regions: 96->110
[79.662s][info][gc,heap     ] GC(131) Humongous regions: 9->9
[79.662s][info][gc,metaspace] GC(131) Metaspace: 40982K(41344K)->40982K(41344K) NonClass: 38171K(38400K)->38171K(38400K) Class: 2811K(2944K)->2811K(2944K)
[79.662s][info][gc          ] GC(131) Pause Young (Prepare Mixed) (G1 Evacuation Pause) 239M->131M(269M) 35.476ms
[79.662s][info][gc,cpu      ] GC(131) User=0.06s Sys=0.00s Real=0.04s
[80.076s][info][gc,start    ] GC(132) Pause Young (Mixed) (G1 Evacuation Pause)
[80.076s][info][gc,task     ] GC(132) Using 2 workers of 2 for evacuation
[80.109s][info][gc,phases   ] GC(132)   Pre Evacuate Collection Set: 0.18ms
[80.109s][info][gc,phases   ] GC(132)   Merge Heap Roots: 0.14ms
[80.109s][info][gc,phases   ] GC(132)   Evacuate Collection Set: 32.34ms
[80.109s][info][gc,phases   ] GC(132)   Post Evacuate Collection Set: 0.45ms
[80.109s][info][gc,phases   ] GC(132)   Other: 0.08ms
[80.109s][info][gc,heap     ] GC(132) Eden regions: 108->0(108)
[80.109s][info][gc,heap     ] GC(132) Survivor regions: 13->12(16)
[80.109s][info][gc,heap     ] GC(132) Old regions: 110->111
[80.109s][info][gc,heap     ] GC(132) Humongous regions: 9->9
[80.109s][info][gc,metaspace] GC(132) Metaspace: 40982K(41344K)->40982K(41344K) NonClass: 38171K(38400K)->38171K(38400K) Class: 2811K(2944K)->2811K(2944K)
[80.109s][info][gc          ] GC(132) Pause Young (Mixed) (G1 Evacuation Pause) 239M->131M(269M) 33.378ms
[80.109s][info][gc,cpu      ] GC(132) User=0.07s Sys=0.00s Real=0.04s
[80.462s][info][gc,start    ] GC(133) Pause Young (Concurrent Start) (G1 Humongous Allocation)
[80.462s][info][gc,task     ] GC(133) Using 2 workers of 2 for evacuation
[80.499s][info][gc,phases   ] GC(133)   Pre Evacuate Collection Set: 0.18ms
[80.499s][info][gc,phases   ] GC(133)   Merge Heap Roots: 0.10ms
[80.499s][info][gc,phases   ] GC(133)   Evacuate Collection Set: 35.25ms
[80.499s][info][gc,phases   ] GC(133)   Post Evacuate Collection Set: 1.48ms
[80.499s][info][gc,phases   ] GC(133)   Other: 0.13ms
[80.499s][info][gc,heap     ] GC(133) Eden regions: 49->0(204)
[80.499s][info][gc,heap     ] GC(133) Survivor regions: 12->15(15)
[80.499s][info][gc,heap     ] GC(133) Old regions: 111->122
[80.499s][info][gc,heap     ] GC(133) Humongous regions: 9->9
[80.499s][info][gc,metaspace] GC(133) Metaspace: 40990K(41344K)->40990K(41344K) NonClass: 38179K(38400K)->38179K(38400K) Class: 2811K(2944K)->2811K(2944K)
[80.499s][info][gc          ] GC(133) Pause Young (Concurrent Start) (G1 Humongous Allocation) 180M->146M(411M) 37.346ms
[80.499s][info][gc          ] GC(134) Concurrent Mark Cycle
[80.499s][info][gc,marking  ] GC(134) Concurrent Scan Root Regions
[80.501s][info][gc,cpu      ] GC(133) User=0.08s Sys=0.00s Real=0.04s
[80.581s][info][gc,marking  ] GC(134) Concurrent Scan Root Regions 82.208ms
[80.581s][info][gc,marking  ] GC(134) Concurrent Mark
[80.581s][info][gc,marking  ] GC(134) Concurrent Mark From Roots
[80.581s][info][gc,task     ] GC(134) Using 1 workers of 1 for marking
[80.874s][info][gc,marking  ] GC(134) Concurrent Mark From Roots 292.460ms
[80.874s][info][gc,marking  ] GC(134) Concurrent Preclean
[80.874s][info][gc,marking  ] GC(134) Concurrent Preclean 0.036ms
[80.874s][info][gc,start    ] GC(134) Pause Remark
[80.892s][info][gc          ] GC(134) Pause Remark 166M->164M(411M) 17.468ms
[80.892s][info][gc,cpu      ] GC(134) User=0.03s Sys=0.00s Real=0.02s
[80.896s][info][gc,marking  ] GC(134) Concurrent Mark 314.334ms
[80.896s][info][gc,marking  ] GC(134) Concurrent Rebuild Remembered Sets and Scrub Regions
[81.051s][info][gc,marking  ] GC(134) Concurrent Rebuild Remembered Sets and Scrub Regions 155.365ms
[81.053s][info][gc,start    ] GC(134) Pause Cleanup
[81.053s][info][gc          ] GC(134) Pause Cleanup 178M->178M(411M) 0.078ms
[81.053s][info][gc,cpu      ] GC(134) User=0.00s Sys=0.00s Real=0.00s
[81.054s][info][gc,marking  ] GC(134) Concurrent Clear Claimed Marks
[81.054s][info][gc,marking  ] GC(134) Concurrent Clear Claimed Marks 0.053ms
[81.054s][info][gc,marking  ] GC(134) Concurrent Cleanup for Next Mark
[81.060s][info][gc,marking  ] GC(134) Concurrent Cleanup for Next Mark 6.471ms
[81.060s][info][gc          ] GC(134) Concurrent Mark Cycle 561.207ms
[85.149s][info][gc,start    ] GC(135) Pause Young (Prepare Mixed) (G1 Evacuation Pause)
[85.149s][info][gc,task     ] GC(135) Using 2 workers of 2 for evacuation
[85.175s][info][gc,phases   ] GC(135)   Pre Evacuate Collection Set: 0.27ms
[85.175s][info][gc,phases   ] GC(135)   Merge Heap Roots: 0.29ms
[85.175s][info][gc,phases   ] GC(135)   Evacuate Collection Set: 25.21ms
[85.175s][info][gc,phases   ] GC(135)   Post Evacuate Collection Set: 0.48ms
[85.175s][info][gc,phases   ] GC(135)   Other: 0.09ms
[85.175s][info][gc,heap     ] GC(135) Eden regions: 204->0(202)
[85.175s][info][gc,heap     ] GC(135) Survivor regions: 15->12(28)
[85.175s][info][gc,heap     ] GC(135) Old regions: 122->127
[85.175s][info][gc,heap     ] GC(135) Humongous regions: 19->13
[85.175s][info][gc,metaspace] GC(135) Metaspace: 41109K(41536K)->41109K(41536K) NonClass: 38297K(38592K)->38297K(38592K) Class: 2811K(2944K)->2811K(2944K)
[85.175s][info][gc          ] GC(135) Pause Young (Prepare Mixed) (G1 Evacuation Pause) 360M->151M(411M) 26.537ms
[85.175s][info][gc,cpu      ] GC(135) User=0.05s Sys=0.00s Real=0.02s
[86.043s][info][gc,start    ] GC(136) Pause Young (Mixed) (G1 Evacuation Pause)
[86.043s][info][gc,task     ] GC(136) Using 2 workers of 2 for evacuation
[86.060s][info][gc,phases   ] GC(136)   Pre Evacuate Collection Set: 0.20ms
[86.061s][info][gc,phases   ] GC(136)   Merge Heap Roots: 0.13ms
[86.061s][info][gc,phases   ] GC(136)   Evacuate Collection Set: 16.67ms
[86.061s][info][gc,phases   ] GC(136)   Post Evacuate Collection Set: 0.46ms
[86.061s][info][gc,phases   ] GC(136)   Other: 0.08ms
[86.061s][info][gc,heap     ] GC(136) Eden regions: 202->0(209)
[86.061s][info][gc,heap     ] GC(136) Survivor regions: 12->16(27)
[86.061s][info][gc,heap     ] GC(136) Old regions: 127->124
[86.061s][info][gc,heap     ] GC(136) Humongous regions: 13->13
[86.061s][info][gc,metaspace] GC(136) Metaspace: 41192K(41600K)->41192K(41600K) NonClass: 38380K(38656K)->38380K(38656K) Class: 2811K(2944K)->2811K(2944K)
[86.061s][info][gc          ] GC(136) Pause Young (Mixed) (G1 Evacuation Pause) 353M->152M(411M) 17.724ms
[86.061s][info][gc,cpu      ] GC(136) User=0.03s Sys=0.00s Real=0.02s
[87.339s][info][gc,start    ] GC(137) Pause Young (Concurrent Start) (G1 Evacuation Pause)
[87.339s][info][gc,task     ] GC(137) Using 2 workers of 2 for evacuation
[87.362s][info][gc,phases   ] GC(137)   Pre Evacuate Collection Set: 0.22ms
[87.362s][info][gc,phases   ] GC(137)   Merge Heap Roots: 0.09ms
[87.362s][info][gc,phases   ] GC(137)   Evacuate Collection Set: 21.74ms
[87.362s][info][gc,phases   ] GC(137)   Post Evacuate Collection Set: 0.45ms
[87.362s][info][gc,phases   ] GC(137)   Other: 0.13ms
[87.362s][info][gc,heap     ] GC(137) Eden regions: 209->0(206)
[87.362s][info][gc,heap     ] GC(137) Survivor regions: 16->13(29)
[87.362s][info][gc,heap     ] GC(137) Old regions: 124->135
[87.362s][info][gc,heap     ] GC(137) Humongous regions: 13->13
[87.362s][info][gc,metaspace] GC(137) Metaspace: 41194K(41600K)->41194K(41600K) NonClass: 38382K(38656K)->38382K(38656K) Class: 2811K(2944K)->2811K(2944K)
[87.362s][info][gc          ] GC(137) Pause Young (Concurrent Start) (G1 Evacuation Pause) 361M->160M(411M) 22.827ms
[87.362s][info][gc          ] GC(138) Concurrent Mark Cycle
[87.362s][info][gc,marking  ] GC(138) Concurrent Scan Root Regions
[87.362s][info][gc,cpu      ] GC(137) User=0.05s Sys=0.00s Real=0.02s
[87.383s][info][gc,marking  ] GC(138) Concurrent Scan Root Regions 21.327ms
[87.383s][info][gc,marking  ] GC(138) Concurrent Mark
[87.383s][info][gc,marking  ] GC(138) Concurrent Mark From Roots
[87.383s][info][gc,task     ] GC(138) Using 1 workers of 1 for marking
[87.459s][info][gc,marking  ] GC(138) Concurrent Mark From Roots 75.669ms
[87.459s][info][gc,marking  ] GC(138) Concurrent Preclean
[87.459s][info][gc,marking  ] GC(138) Concurrent Preclean 0.057ms
[87.459s][info][gc,start    ] GC(138) Pause Remark
[87.473s][info][gc          ] GC(138) Pause Remark 169M->91M(277M) 13.951ms
[87.473s][info][gc,cpu      ] GC(138) User=0.02s Sys=0.00s Real=0.01s
[87.474s][info][gc,marking  ] GC(138) Concurrent Mark 90.352ms
[87.474s][info][gc,marking  ] GC(138) Concurrent Rebuild Remembered Sets and Scrub Regions
[87.509s][info][gc,marking  ] GC(138) Concurrent Rebuild Remembered Sets and Scrub Regions 35.660ms
[87.510s][info][gc,start    ] GC(138) Pause Cleanup
[87.510s][info][gc          ] GC(138) Pause Cleanup 97M->97M(277M) 0.060ms
[87.510s][info][gc,cpu      ] GC(138) User=0.00s Sys=0.00s Real=0.00s
[87.510s][info][gc,marking  ] GC(138) Concurrent Clear Claimed Marks
[87.510s][info][gc,marking  ] GC(138) Concurrent Clear Claimed Marks 0.051ms
[87.510s][info][gc,marking  ] GC(138) Concurrent Cleanup for Next Mark
[87.513s][info][gc,marking  ] GC(138) Concurrent Cleanup for Next Mark 2.921ms
[87.513s][info][gc          ] GC(138) Concurrent Mark Cycle 150.704ms
[88.325s][info][gc,start    ] GC(139) Pause Young (Prepare Mixed) (G1 Evacuation Pause)
[88.325s][info][gc,task     ] GC(139) Using 2 workers of 2 for evacuation
[88.332s][info][gc,phases   ] GC(139)   Pre Evacuate Collection Set: 0.14ms
[88.332s][info][gc,phases   ] GC(139)   Merge Heap Roots: 0.07ms
[88.332s][info][gc,phases   ] GC(139)   Evacuate Collection Set: 5.63ms
[88.332s][info][gc,phases   ] GC(139)   Post Evacuate Collection Set: 0.36ms
[88.332s][info][gc,phases   ] GC(139)   Other: 0.07ms
[88.332s][info][gc,heap     ] GC(139) Eden regions: 153->0(161)
[88.332s][info][gc,heap     ] GC(139) Survivor regions: 13->5(21)
[88.333s][info][gc,heap     ] GC(139) Old regions: 69->72
[88.333s][info][gc,heap     ] GC(139) Humongous regions: 1->1
[88.333s][info][gc,metaspace] GC(139) Metaspace: 41194K(41600K)->41194K(41600K) NonClass: 38382K(38656K)->38382K(38656K) Class: 2811K(2944K)->2811K(2944K)
[88.333s][info][gc          ] GC(139) Pause Young (Prepare Mixed) (G1 Evacuation Pause) 235M->77M(277M) 7.659ms
[88.333s][info][gc,cpu      ] GC(139) User=0.01s Sys=0.00s Real=0.01s
[89.190s][info][gc,start    ] GC(140) Pause Young (Mixed) (G1 Evacuation Pause)
[89.191s][info][gc,task     ] GC(140) Using 2 workers of 2 for evacuation
[89.214s][info][gc,phases   ] GC(140)   Pre Evacuate Collection Set: 0.23ms
[89.214s][info][gc,phases   ] GC(140)   Merge Heap Roots: 0.10ms
[89.214s][info][gc,phases   ] GC(140)   Evacuate Collection Set: 22.49ms
[89.214s][info][gc,phases   ] GC(140)   Post Evacuate Collection Set: 0.44ms
[89.214s][info][gc,phases   ] GC(140)   Other: 0.08ms
[89.214s][info][gc,heap     ] GC(140) Eden regions: 161->0(147)
[89.214s][info][gc,heap     ] GC(140) Survivor regions: 5->19(21)
[89.214s][info][gc,heap     ] GC(140) Old regions: 72->56
[89.214s][info][gc,heap     ] GC(140) Humongous regions: 1->1
[89.214s][info][gc,metaspace] GC(140) Metaspace: 41194K(41600K)->41194K(41600K) NonClass: 38382K(38656K)->38382K(38656K) Class: 2811K(2944K)->2811K(2944K)
[89.214s][info][gc          ] GC(140) Pause Young (Mixed) (G1 Evacuation Pause) 238M->75M(277M) 23.540ms
[89.214s][info][gc,cpu      ] GC(140) User=0.04s Sys=0.00s Real=0.02s
[89.857s][info][gc,start    ] GC(141) Pause Young (Concurrent Start) (G1 Humongous Allocation)
[89.857s][info][gc,task     ] GC(141) Using 2 workers of 2 for evacuation
[89.885s][info][gc,phases   ] GC(141)   Pre Evacuate Collection Set: 0.18ms
[89.885s][info][gc,phases   ] GC(141)   Merge Heap Roots: 0.06ms
[89.885s][info][gc,phases   ] GC(141)   Evacuate Collection Set: 26.96ms
[89.885s][info][gc,phases   ] GC(141)   Post Evacuate Collection Set: 0.40ms
[89.885s][info][gc,phases   ] GC(141)   Other: 0.11ms
[89.885s][info][gc,heap     ] GC(141) Eden regions: 104->0(155)
[89.885s][info][gc,heap     ] GC(141) Survivor regions: 19->11(21)
[89.885s][info][gc,heap     ] GC(141) Old regions: 56->75
[89.885s][info][gc,heap     ] GC(141) Humongous regions: 1->1
[89.885s][info][gc,metaspace] GC(141) Metaspace: 41195K(41600K)->41195K(41600K) NonClass: 38384K(38656K)->38384K(38656K) Class: 2811K(2944K)->2811K(2944K)
[89.885s][info][gc          ] GC(141) Pause Young (Concurrent Start) (G1 Humongous Allocation) 179M->85M(277M) 27.932ms
[89.885s][info][gc          ] GC(142) Concurrent Mark Cycle
[89.885s][info][gc,marking  ] GC(142) Concurrent Scan Root Regions
[89.885s][info][gc,cpu      ] GC(141) User=0.05s Sys=0.00s Real=0.02s
[89.902s][info][gc,marking  ] GC(142) Concurrent Scan Root Regions 17.575ms
[89.902s][info][gc,marking  ] GC(142) Concurrent Mark
[89.902s][info][gc,marking  ] GC(142) Concurrent Mark From Roots
[89.903s][info][gc,task     ] GC(142) Using 1 workers of 1 for marking
[89.937s][info][gc,marking  ] GC(142) Concurrent Mark From Roots 34.410ms
[89.937s][info][gc,marking  ] GC(142) Concurrent Preclean
[89.937s][info][gc,marking  ] GC(142) Concurrent Preclean 0.033ms
[89.937s][info][gc,start    ] GC(142) Pause Remark
[89.952s][info][gc          ] GC(142) Pause Remark 97M->87M(260M) 14.439ms
[89.952s][info][gc,cpu      ] GC(142) User=0.03s Sys=0.00s Real=0.01s
[89.952s][info][gc,marking  ] GC(142) Concurrent Mark 49.214ms
[89.952s][info][gc,marking  ] GC(142) Concurrent Rebuild Remembered Sets and Scrub Regions
[89.978s][info][gc,marking  ] GC(142) Concurrent Rebuild Remembered Sets and Scrub Regions 26.121ms
[89.978s][info][gc,start    ] GC(142) Pause Cleanup
[89.978s][info][gc          ] GC(142) Pause Cleanup 91M->91M(260M) 0.052ms
[89.978s][info][gc,cpu      ] GC(142) User=0.00s Sys=0.00s Real=0.00s
[89.978s][info][gc,marking  ] GC(142) Concurrent Clear Claimed Marks
[89.978s][info][gc,marking  ] GC(142) Concurrent Clear Claimed Marks 0.043ms
[89.978s][info][gc,marking  ] GC(142) Concurrent Cleanup for Next Mark
[89.979s][info][gc,marking  ] GC(142) Concurrent Cleanup for Next Mark 0.772ms
[89.979s][info][gc          ] GC(142) Concurrent Mark Cycle 94.144ms
[90.728s][info][gc,start    ] GC(143) Pause Young (Prepare Mixed) (G1 Evacuation Pause)
[90.728s][info][gc,task     ] GC(143) Using 2 workers of 2 for evacuation
[90.743s][info][gc,phases   ] GC(143)   Pre Evacuate Collection Set: 0.17ms
[90.743s][info][gc,phases   ] GC(143)   Merge Heap Roots: 0.09ms
[90.743s][info][gc,phases   ] GC(143)   Evacuate Collection Set: 14.90ms
[90.743s][info][gc,phases   ] GC(143)   Post Evacuate Collection Set: 0.36ms
[90.743s][info][gc,phases   ] GC(143)   Other: 0.07ms
[90.743s][info][gc,heap     ] GC(143) Eden regions: 145->0(140)
[90.743s][info][gc,heap     ] GC(143) Survivor regions: 11->16(20)
[90.743s][info][gc,heap     ] GC(143) Old regions: 65->65
[90.743s][info][gc,heap     ] GC(143) Humongous regions: 2->2
[90.743s][info][gc,metaspace] GC(143) Metaspace: 41195K(41600K)->41195K(41600K) NonClass: 38384K(38656K)->38384K(38656K) Class: 2811K(2944K)->2811K(2944K)
[90.743s][info][gc          ] GC(143) Pause Young (Prepare Mixed) (G1 Evacuation Pause) 221M->81M(260M) 15.785ms
[90.743s][info][gc,cpu      ] GC(143) User=0.03s Sys=0.00s Real=0.01s
[91.519s][info][gc,start    ] GC(144) Pause Young (Mixed) (G1 Evacuation Pause)
[91.519s][info][gc,task     ] GC(144) Using 2 workers of 2 for evacuation
[91.549s][info][gc,phases   ] GC(144)   Pre Evacuate Collection Set: 0.21ms
[91.549s][info][gc,phases   ] GC(144)   Merge Heap Roots: 0.15ms
[91.549s][info][gc,phases   ] GC(144)   Evacuate Collection Set: 28.63ms
[91.549s][info][gc,phases   ] GC(144)   Post Evacuate Collection Set: 0.56ms
[91.549s][info][gc,phases   ] GC(144)   Other: 0.08ms
[91.549s][info][gc,heap     ] GC(144) Eden regions: 140->0(143)
[91.549s][info][gc,heap     ] GC(144) Survivor regions: 16->13(20)
[91.549s][info][gc,heap     ] GC(144) Old regions: 65->69
[91.549s][info][gc,heap     ] GC(144) Humongous regions: 2->2
[91.549s][info][gc,metaspace] GC(144) Metaspace: 41196K(41600K)->41196K(41600K) NonClass: 38385K(38656K)->38385K(38656K) Class: 2811K(2944K)->2811K(2944K)
[91.549s][info][gc          ] GC(144) Pause Young (Mixed) (G1 Evacuation Pause) 221M->82M(260M) 29.795ms
[91.549s][info][gc,cpu      ] GC(144) User=0.05s Sys=0.00s Real=0.03s
[91.597s][info][gc,start    ] GC(145) Pause Young (Concurrent Start) (G1 Humongous Allocation)
[91.597s][info][gc,task     ] GC(145) Using 2 workers of 2 for evacuation
[91.611s][info][gc,phases   ] GC(145)   Pre Evacuate Collection Set: 0.18ms
[91.611s][info][gc,phases   ] GC(145)   Merge Heap Roots: 0.09ms
[91.611s][info][gc,phases   ] GC(145)   Evacuate Collection Set: 13.69ms
[91.611s][info][gc,phases   ] GC(145)   Post Evacuate Collection Set: 0.29ms
[91.611s][info][gc,phases   ] GC(145)   Other: 0.12ms
[91.611s][info][gc,heap     ] GC(145) Eden regions: 12->0(132)
[91.611s][info][gc,heap     ] GC(145) Survivor regions: 13->6(20)
[91.611s][info][gc,heap     ] GC(145) Old regions: 69->81
[91.611s][info][gc,heap     ] GC(145) Humongous regions: 2->2
[91.611s][info][gc,metaspace] GC(145) Metaspace: 41200K(41600K)->41200K(41600K) NonClass: 38389K(38656K)->38389K(38656K) Class: 2811K(2944K)->2811K(2944K)
[91.611s][info][gc          ] GC(145) Pause Young (Concurrent Start) (G1 Humongous Allocation) 93M->88M(260M) 14.534ms
[91.611s][info][gc,cpu      ] GC(145) User=0.02s Sys=0.00s Real=0.01s
[91.611s][info][gc          ] GC(146) Concurrent Mark Cycle
[91.611s][info][gc,marking  ] GC(146) Concurrent Scan Root Regions
[91.631s][info][gc,marking  ] GC(146) Concurrent Scan Root Regions 20.018ms
[91.631s][info][gc,marking  ] GC(146) Concurrent Mark
[91.631s][info][gc,marking  ] GC(146) Concurrent Mark From Roots
[91.631s][info][gc,task     ] GC(146) Using 1 workers of 1 for marking
[91.672s][info][gc,marking  ] GC(146) Concurrent Mark From Roots 40.347ms
[91.672s][info][gc,marking  ] GC(146) Concurrent Preclean
[91.672s][info][gc,marking  ] GC(146) Concurrent Preclean 0.032ms
[91.673s][info][gc,start    ] GC(146) Pause Remark
[91.686s][info][gc          ] GC(146) Pause Remark 108M->93M(256M) 13.451ms
[91.686s][info][gc,cpu      ] GC(146) User=0.03s Sys=0.00s Real=0.01s
[91.688s][info][gc,marking  ] GC(146) Concurrent Mark 56.125ms
[91.688s][info][gc,marking  ] GC(146) Concurrent Rebuild Remembered Sets and Scrub Regions
[91.708s][info][gc,marking  ] GC(146) Concurrent Rebuild Remembered Sets and Scrub Regions 20.421ms
[91.708s][info][gc,start    ] GC(146) Pause Cleanup
[91.708s][info][gc          ] GC(146) Pause Cleanup 102M->102M(256M) 0.045ms
[91.708s][info][gc,cpu      ] GC(146) User=0.00s Sys=0.00s Real=0.00s
[91.708s][info][gc,marking  ] GC(146) Concurrent Clear Claimed Marks
[91.708s][info][gc,marking  ] GC(146) Concurrent Clear Claimed Marks 0.033ms
[91.708s][info][gc,marking  ] GC(146) Concurrent Cleanup for Next Mark
[91.709s][info][gc,marking  ] GC(146) Concurrent Cleanup for Next Mark 0.745ms
[91.709s][info][gc          ] GC(146) Concurrent Mark Cycle 97.734ms
[91.964s][info][gc,start    ] GC(147) Pause Young (Prepare Mixed) (G1 Evacuation Pause)
[91.964s][info][gc,task     ] GC(147) Using 2 workers of 2 for evacuation
[91.982s][info][gc,phases   ] GC(147)   Pre Evacuate Collection Set: 0.16ms
[91.982s][info][gc,phases   ] GC(147)   Merge Heap Roots: 0.08ms
[91.982s][info][gc,phases   ] GC(147)   Evacuate Collection Set: 17.04ms
[91.982s][info][gc,phases   ] GC(147)   Post Evacuate Collection Set: 0.36ms
[91.982s][info][gc,phases   ] GC(147)   Other: 0.06ms
[91.982s][info][gc,heap     ] GC(147) Eden regions: 132->0(130)
[91.982s][info][gc,heap     ] GC(147) Survivor regions: 6->17(18)
[91.982s][info][gc,heap     ] GC(147) Old regions: 66->66
[91.982s][info][gc,heap     ] GC(147) Humongous regions: 4->4
[91.982s][info][gc,metaspace] GC(147) Metaspace: 41200K(41600K)->41200K(41600K) NonClass: 38389K(38656K)->38389K(38656K) Class: 2811K(2944K)->2811K(2944K)
[91.982s][info][gc          ] GC(147) Pause Young (Prepare Mixed) (G1 Evacuation Pause) 208M->87M(256M) 17.901ms
[91.982s][info][gc,cpu      ] GC(147) User=0.04s Sys=0.00s Real=0.02s
[92.274s][info][gc,start    ] GC(148) Pause Young (Mixed) (G1 Evacuation Pause)
[92.274s][info][gc,task     ] GC(148) Using 2 workers of 2 for evacuation
[92.307s][info][gc,phases   ] GC(148)   Pre Evacuate Collection Set: 0.18ms
[92.307s][info][gc,phases   ] GC(148)   Merge Heap Roots: 0.13ms
[92.307s][info][gc,phases   ] GC(148)   Evacuate Collection Set: 32.94ms
[92.307s][info][gc,phases   ] GC(148)   Post Evacuate Collection Set: 0.48ms
[92.307s][info][gc,phases   ] GC(148)   Other: 0.07ms
[92.307s][info][gc,heap     ] GC(148) Eden regions: 130->0(133)
[92.307s][info][gc,heap     ] GC(148) Survivor regions: 17->16(19)
[92.307s][info][gc,heap     ] GC(148) Old regions: 66->62
[92.307s][info][gc,heap     ] GC(148) Humongous regions: 4->4
[92.307s][info][gc,metaspace] GC(148) Metaspace: 41200K(41600K)->41200K(41600K) NonClass: 38389K(38656K)->38389K(38656K) Class: 2811K(2944K)->2811K(2944K)
[92.308s][info][gc          ] GC(148) Pause Young (Mixed) (G1 Evacuation Pause) 217M->81M(256M) 34.012ms
[92.308s][info][gc,cpu      ] GC(148) User=0.06s Sys=0.00s Real=0.04s
[92.331s][info][gc,start    ] GC(149) Pause Young (Concurrent Start) (G1 Humongous Allocation)
[92.331s][info][gc,task     ] GC(149) Using 2 workers of 2 for evacuation
[92.344s][info][gc,phases   ] GC(149)   Pre Evacuate Collection Set: 0.17ms
[92.344s][info][gc,phases   ] GC(149)   Merge Heap Roots: 0.04ms
[92.344s][info][gc,phases   ] GC(149)   Evacuate Collection Set: 12.19ms
[92.344s][info][gc,phases   ] GC(149)   Post Evacuate Collection Set: 0.26ms
[92.344s][info][gc,phases   ] GC(149)   Other: 0.10ms
[92.344s][info][gc,heap     ] GC(149) Eden regions: 10->0(133)
[92.344s][info][gc,heap     ] GC(149) Survivor regions: 16->2(19)
[92.344s][info][gc,heap     ] GC(149) Old regions: 62->78
[92.344s][info][gc,heap     ] GC(149) Humongous regions: 4->4
[92.344s][info][gc,metaspace] GC(149) Metaspace: 41200K(41600K)->41200K(41600K) NonClass: 38389K(38656K)->38389K(38656K) Class: 2811K(2944K)->2811K(2944K)
[92.344s][info][gc          ] GC(149) Pause Young (Concurrent Start) (G1 Humongous Allocation) 91M->83M(256M) 12.914ms
[92.344s][info][gc,cpu      ] GC(149) User=0.02s Sys=0.00s Real=0.01s
[92.344s][info][gc          ] GC(150) Concurrent Mark Cycle
[92.344s][info][gc,marking  ] GC(150) Concurrent Scan Root Regions
[92.356s][info][gc,marking  ] GC(150) Concurrent Scan Root Regions 11.465ms
[92.356s][info][gc,marking  ] GC(150) Concurrent Mark
[92.356s][info][gc,marking  ] GC(150) Concurrent Mark From Roots
[92.356s][info][gc,task     ] GC(150) Using 1 workers of 1 for marking
[92.406s][info][gc,marking  ] GC(150) Concurrent Mark From Roots 50.548ms
[92.406s][info][gc,marking  ] GC(150) Concurrent Preclean
[92.407s][info][gc,marking  ] GC(150) Concurrent Preclean 0.031ms
[92.407s][info][gc,start    ] GC(150) Pause Remark
[92.422s][info][gc          ] GC(150) Pause Remark 107M->101M(256M) 15.396ms
[92.422s][info][gc,cpu      ] GC(150) User=0.03s Sys=0.00s Real=0.02s
[92.423s][info][gc,marking  ] GC(150) Concurrent Mark 67.058ms
[92.423s][info][gc,marking  ] GC(150) Concurrent Rebuild Remembered Sets and Scrub Regions
[92.458s][info][gc,marking  ] GC(150) Concurrent Rebuild Remembered Sets and Scrub Regions 34.802ms
[92.458s][info][gc,start    ] GC(150) Pause Cleanup
[92.458s][info][gc          ] GC(150) Pause Cleanup 116M->116M(256M) 0.037ms
[92.458s][info][gc,cpu      ] GC(150) User=0.00s Sys=0.00s Real=0.00s
[92.458s][info][gc,marking  ] GC(150) Concurrent Clear Claimed Marks
[92.458s][info][gc,marking  ] GC(150) Concurrent Clear Claimed Marks 0.034ms
[92.458s][info][gc,marking  ] GC(150) Concurrent Cleanup for Next Mark
[92.459s][info][gc,marking  ] GC(150) Concurrent Cleanup for Next Mark 0.730ms
[92.459s][info][gc          ] GC(150) Concurrent Mark Cycle 114.408ms
[92.673s][info][gc,start    ] GC(151) Pause Young (Prepare Mixed) (G1 Evacuation Pause)
[92.673s][info][gc,task     ] GC(151) Using 2 workers of 2 for evacuation
[92.694s][info][gc,phases   ] GC(151)   Pre Evacuate Collection Set: 0.13ms
[92.694s][info][gc,phases   ] GC(151)   Merge Heap Roots: 0.08ms
[92.694s][info][gc,phases   ] GC(151)   Evacuate Collection Set: 19.95ms
[92.694s][info][gc,phases   ] GC(151)   Post Evacuate Collection Set: 0.36ms
[92.694s][info][gc,phases   ] GC(151)   Other: 0.06ms
[92.694s][info][gc,heap     ] GC(151) Eden regions: 133->0(125)
[92.694s][info][gc,heap     ] GC(151) Survivor regions: 2->17(17)
[92.694s][info][gc,heap     ] GC(151) Old regions: 72->72
[92.694s][info][gc,heap     ] GC(151) Humongous regions: 6->6
[92.694s][info][gc,metaspace] GC(151) Metaspace: 41201K(41600K)->41201K(41600K) NonClass: 38390K(38656K)->38390K(38656K) Class: 2811K(2944K)->2811K(2944K)
[92.694s][info][gc          ] GC(151) Pause Young (Prepare Mixed) (G1 Evacuation Pause) 212M->94M(256M) 20.769ms
[92.694s][info][gc,cpu      ] GC(151) User=0.04s Sys=0.00s Real=0.02s
[92.979s][info][gc,start    ] GC(152) Pause Young (Mixed) (G1 Evacuation Pause)
[92.979s][info][gc,task     ] GC(152) Using 2 workers of 2 for evacuation
[93.013s][info][gc,phases   ] GC(152)   Pre Evacuate Collection Set: 0.20ms
[93.013s][info][gc,phases   ] GC(152)   Merge Heap Roots: 0.09ms
[93.013s][info][gc,phases   ] GC(152)   Evacuate Collection Set: 33.60ms
[93.013s][info][gc,phases   ] GC(152)   Post Evacuate Collection Set: 0.44ms
[93.013s][info][gc,phases   ] GC(152)   Other: 0.08ms
[93.013s][info][gc,heap     ] GC(152) Eden regions: 125->0(119)
[93.013s][info][gc,heap     ] GC(152) Survivor regions: 17->15(18)
[93.013s][info][gc,heap     ] GC(152) Old regions: 72->82
[93.013s][info][gc,heap     ] GC(152) Humongous regions: 6->6
[93.013s][info][gc,metaspace] GC(152) Metaspace: 41201K(41600K)->41201K(41600K) NonClass: 38390K(38656K)->38390K(38656K) Class: 2811K(2944K)->2811K(2944K)
[93.013s][info][gc          ] GC(152) Pause Young (Mixed) (G1 Evacuation Pause) 219M->102M(256M) 34.631ms
[93.013s][info][gc,cpu      ] GC(152) User=0.06s Sys=0.00s Real=0.03s
[93.051s][info][gc,start    ] GC(153) Pause Young (Concurrent Start) (G1 Humongous Allocation)
[93.051s][info][gc,task     ] GC(153) Using 2 workers of 2 for evacuation
[93.070s][info][gc,phases   ] GC(153)   Pre Evacuate Collection Set: 0.16ms
[93.070s][info][gc,phases   ] GC(153)   Merge Heap Roots: 0.06ms
[93.070s][info][gc,phases   ] GC(153)   Evacuate Collection Set: 17.45ms
[93.070s][info][gc,phases   ] GC(153)   Post Evacuate Collection Set: 0.96ms
[93.070s][info][gc,phases   ] GC(153)   Other: 0.11ms
[93.070s][info][gc,heap     ] GC(153) Eden regions: 16->0(187)
[93.070s][info][gc,heap     ] GC(153) Survivor regions: 15->3(17)
[93.070s][info][gc,heap     ] GC(153) Old regions: 82->96
[93.070s][info][gc,heap     ] GC(153) Humongous regions: 6->6
[93.070s][info][gc,metaspace] GC(153) Metaspace: 41201K(41600K)->41201K(41600K) NonClass: 38390K(38656K)->38390K(38656K) Class: 2811K(2944K)->2811K(2944K)
[93.070s][info][gc          ] GC(153) Pause Young (Concurrent Start) (G1 Humongous Allocation) 118M->105M(351M) 18.955ms
[93.070s][info][gc,cpu      ] GC(153) User=0.04s Sys=0.00s Real=0.02s
[93.070s][info][gc          ] GC(154) Concurrent Mark Cycle
[93.072s][info][gc,marking  ] GC(154) Concurrent Scan Root Regions
[93.099s][info][gc,marking  ] GC(154) Concurrent Scan Root Regions 26.816ms
[93.099s][info][gc,marking  ] GC(154) Concurrent Mark
[93.099s][info][gc,marking  ] GC(154) Concurrent Mark From Roots
[93.099s][info][gc,task     ] GC(154) Using 1 workers of 1 for marking
[93.239s][info][gc,marking  ] GC(154) Concurrent Mark From Roots 139.828ms
[93.239s][info][gc,marking  ] GC(154) Concurrent Preclean
[93.239s][info][gc,marking  ] GC(154) Concurrent Preclean 0.043ms
[93.239s][info][gc,start    ] GC(154) Pause Remark
[93.252s][info][gc          ] GC(154) Pause Remark 142M->141M(351M) 12.926ms
[93.252s][info][gc,cpu      ] GC(154) User=0.02s Sys=0.00s Real=0.01s
[93.252s][info][gc,marking  ] GC(154) Concurrent Mark 153.106ms
[93.252s][info][gc,marking  ] GC(154) Concurrent Rebuild Remembered Sets and Scrub Regions
[93.308s][info][gc,marking  ] GC(154) Concurrent Rebuild Remembered Sets and Scrub Regions 56.007ms
[93.308s][info][gc,start    ] GC(154) Pause Cleanup
[93.308s][info][gc          ] GC(154) Pause Cleanup 160M->160M(351M) 0.048ms
[93.308s][info][gc,cpu      ] GC(154) User=0.00s Sys=0.00s Real=0.00s
[93.308s][info][gc,marking  ] GC(154) Concurrent Clear Claimed Marks
[93.308s][info][gc,marking  ] GC(154) Concurrent Clear Claimed Marks 0.037ms
[93.308s][info][gc,marking  ] GC(154) Concurrent Cleanup for Next Mark
[93.310s][info][gc,marking  ] GC(154) Concurrent Cleanup for Next Mark 1.984ms
[93.310s][info][gc          ] GC(154) Concurrent Mark Cycle 239.907ms
[94.096s][info][gc,start    ] GC(155) Pause Young (Prepare Mixed) (G1 Evacuation Pause)
[94.096s][info][gc,task     ] GC(155) Using 2 workers of 2 for evacuation
[94.151s][info][gc,phases   ] GC(155)   Pre Evacuate Collection Set: 0.19ms
[94.151s][info][gc,phases   ] GC(155)   Merge Heap Roots: 0.17ms
[94.151s][info][gc,phases   ] GC(155)   Evacuate Collection Set: 54.25ms
[94.151s][info][gc,phases   ] GC(155)   Post Evacuate Collection Set: 0.53ms
[94.151s][info][gc,phases   ] GC(155)   Other: 0.10ms
[94.151s][info][gc,heap     ] GC(155) Eden regions: 187->0(134)
[94.151s][info][gc,heap     ] GC(155) Survivor regions: 3->24(24)
[94.151s][info][gc,heap     ] GC(155) Old regions: 96->116
[94.151s][info][gc,heap     ] GC(155) Humongous regions: 17->17
[94.151s][info][gc,metaspace] GC(155) Metaspace: 41201K(41600K)->41201K(41600K) NonClass: 38390K(38656K)->38390K(38656K) Class: 2811K(2944K)->2811K(2944K)
[94.151s][info][gc          ] GC(155) Pause Young (Prepare Mixed) (G1 Evacuation Pause) 303M->157M(351M) 55.497ms
[94.151s][info][gc,cpu      ] GC(155) User=0.11s Sys=0.00s Real=0.06s
[95.058s][info][gc,start    ] GC(156) Pause Young (Mixed) (G1 Evacuation Pause)
[95.058s][info][gc,task     ] GC(156) Using 2 workers of 2 for evacuation
[95.108s][info][gc,phases   ] GC(156)   Pre Evacuate Collection Set: 0.22ms
[95.108s][info][gc,phases   ] GC(156)   Merge Heap Roots: 0.34ms
[95.109s][info][gc,phases   ] GC(156)   Evacuate Collection Set: 49.74ms
[95.109s][info][gc,phases   ] GC(156)   Post Evacuate Collection Set: 0.44ms
[95.109s][info][gc,phases   ] GC(156)   Other: 0.08ms
[95.109s][info][gc,heap     ] GC(156) Eden regions: 134->0(134)
[95.109s][info][gc,heap     ] GC(156) Survivor regions: 24->9(20)
[95.109s][info][gc,heap     ] GC(156) Old regions: 116->136
[95.109s][info][gc,heap     ] GC(156) Humongous regions: 17->15
[95.109s][info][gc,metaspace] GC(156) Metaspace: 41204K(41600K)->41204K(41600K) NonClass: 38392K(38656K)->38392K(38656K) Class: 2811K(2944K)->2811K(2944K)
[95.109s][info][gc          ] GC(156) Pause Young (Mixed) (G1 Evacuation Pause) 291M->159M(351M) 51.011ms
[95.109s][info][gc,cpu      ] GC(156) User=0.10s Sys=0.00s Real=0.05s
[95.662s][info][gc,start    ] GC(157) Pause Young (Concurrent Start) (G1 Evacuation Pause)
[95.662s][info][gc,task     ] GC(157) Using 2 workers of 2 for evacuation
[95.682s][info][gc,phases   ] GC(157)   Pre Evacuate Collection Set: 0.18ms
[95.682s][info][gc,phases   ] GC(157)   Merge Heap Roots: 0.12ms
[95.682s][info][gc,phases   ] GC(157)   Evacuate Collection Set: 19.31ms
[95.682s][info][gc,phases   ] GC(157)   Post Evacuate Collection Set: 0.55ms
[95.682s][info][gc,phases   ] GC(157)   Other: 0.12ms
[95.682s][info][gc,heap     ] GC(157) Eden regions: 134->0(131)
[95.682s][info][gc,heap     ] GC(157) Survivor regions: 9->18(18)
[95.682s][info][gc,heap     ] GC(157) Old regions: 136->136
[95.682s][info][gc,heap     ] GC(157) Humongous regions: 15->15
[95.682s][info][gc,metaspace] GC(157) Metaspace: 41208K(41600K)->41208K(41600K) NonClass: 38396K(38656K)->38396K(38656K) Class: 2811K(2944K)->2811K(2944K)
[95.682s][info][gc          ] GC(157) Pause Young (Concurrent Start) (G1 Evacuation Pause) 293M->169M(351M) 20.471ms
[95.682s][info][gc          ] GC(158) Concurrent Mark Cycle
[95.682s][info][gc,marking  ] GC(158) Concurrent Scan Root Regions
[95.683s][info][gc,cpu      ] GC(157) User=0.03s Sys=0.00s Real=0.02s
[95.702s][info][gc,marking  ] GC(158) Concurrent Scan Root Regions 19.777ms
[95.702s][info][gc,marking  ] GC(158) Concurrent Mark
[95.702s][info][gc,marking  ] GC(158) Concurrent Mark From Roots
[95.702s][info][gc,task     ] GC(158) Using 1 workers of 1 for marking
[95.741s][info][gc,marking  ] GC(158) Concurrent Mark From Roots 38.710ms
[95.741s][info][gc,marking  ] GC(158) Concurrent Preclean
[95.741s][info][gc,marking  ] GC(158) Concurrent Preclean 0.030ms
[95.741s][info][gc,start    ] GC(158) Pause Remark
[95.755s][info][gc          ] GC(158) Pause Remark 177M->66M(256M) 13.879ms
[95.755s][info][gc,cpu      ] GC(158) User=0.03s Sys=0.00s Real=0.01s
[95.755s][info][gc,marking  ] GC(158) Concurrent Mark 52.863ms
[95.755s][info][gc,marking  ] GC(158) Concurrent Rebuild Remembered Sets and Scrub Regions
[95.767s][info][gc,marking  ] GC(158) Concurrent Rebuild Remembered Sets and Scrub Regions 11.928ms
[95.767s][info][gc,start    ] GC(158) Pause Cleanup
[95.767s][info][gc          ] GC(158) Pause Cleanup 68M->68M(256M) 0.037ms
[95.767s][info][gc,cpu      ] GC(158) User=0.00s Sys=0.00s Real=0.00s
[95.767s][info][gc,marking  ] GC(158) Concurrent Clear Claimed Marks
[95.767s][info][gc,marking  ] GC(158) Concurrent Clear Claimed Marks 0.031ms
[95.767s][info][gc,marking  ] GC(158) Concurrent Cleanup for Next Mark
[95.768s][info][gc,marking  ] GC(158) Concurrent Cleanup for Next Mark 0.761ms
[95.768s][info][gc          ] GC(158) Concurrent Mark Cycle 85.659ms
[96.403s][info][gc,start    ] GC(159) Pause Young (Prepare Mixed) (G1 Evacuation Pause)
[96.403s][info][gc,task     ] GC(159) Using 2 workers of 2 for evacuation
[96.410s][info][gc,phases   ] GC(159)   Pre Evacuate Collection Set: 0.22ms
[96.410s][info][gc,phases   ] GC(159)   Merge Heap Roots: 0.11ms
[96.410s][info][gc,phases   ] GC(159)   Evacuate Collection Set: 6.34ms
[96.410s][info][gc,phases   ] GC(159)   Post Evacuate Collection Set: 0.33ms
[96.410s][info][gc,phases   ] GC(159)   Other: 0.07ms
[96.410s][info][gc,heap     ] GC(159) Eden regions: 131->0(151)
[96.410s][info][gc,heap     ] GC(159) Survivor regions: 18->2(19)
[96.410s][info][gc,heap     ] GC(159) Old regions: 39->48
[96.410s][info][gc,heap     ] GC(159) Humongous regions: 1->1
[96.410s][info][gc,metaspace] GC(159) Metaspace: 41208K(41600K)->41208K(41600K) NonClass: 38396K(38656K)->38396K(38656K) Class: 2811K(2944K)->2811K(2944K)
[96.410s][info][gc          ] GC(159) Pause Young (Prepare Mixed) (G1 Evacuation Pause) 189M->50M(256M) 7.248ms
[96.410s][info][gc,cpu      ] GC(159) User=0.01s Sys=0.00s Real=0.01s
[97.234s][info][gc,start    ] GC(160) Pause Young (Mixed) (G1 Evacuation Pause)
[97.234s][info][gc,task     ] GC(160) Using 2 workers of 2 for evacuation
[97.253s][info][gc,phases   ] GC(160)   Pre Evacuate Collection Set: 0.23ms
[97.253s][info][gc,phases   ] GC(160)   Merge Heap Roots: 0.08ms
[97.253s][info][gc,phases   ] GC(160)   Evacuate Collection Set: 17.61ms
[97.253s][info][gc,phases   ] GC(160)   Post Evacuate Collection Set: 0.39ms
[97.253s][info][gc,phases   ] GC(160)   Other: 0.08ms
[97.253s][info][gc,heap     ] GC(160) Eden regions: 151->0(133)
[97.253s][info][gc,heap     ] GC(160) Survivor regions: 2->20(20)
[97.253s][info][gc,heap     ] GC(160) Old regions: 48->45
[97.253s][info][gc,heap     ] GC(160) Humongous regions: 1->1
[97.253s][info][gc,metaspace] GC(160) Metaspace: 41208K(41600K)->41208K(41600K) NonClass: 38396K(38656K)->38396K(38656K) Class: 2811K(2944K)->2811K(2944K)
[97.253s][info][gc          ] GC(160) Pause Young (Mixed) (G1 Evacuation Pause) 201M->65M(256M) 18.588ms
[97.253s][info][gc,cpu      ] GC(160) User=0.03s Sys=0.00s Real=0.02s
[97.955s][info][gc,start    ] GC(161) Pause Young (Concurrent Start) (G1 Evacuation Pause)
[97.955s][info][gc,task     ] GC(161) Using 2 workers of 2 for evacuation
[97.981s][info][gc,phases   ] GC(161)   Pre Evacuate Collection Set: 0.19ms
[97.982s][info][gc,phases   ] GC(161)   Merge Heap Roots: 0.07ms
[97.982s][info][gc,phases   ] GC(161)   Evacuate Collection Set: 25.61ms
[97.982s][info][gc,phases   ] GC(161)   Post Evacuate Collection Set: 0.41ms
[97.982s][info][gc,phases   ] GC(161)   Other: 0.11ms
[97.982s][info][gc,heap     ] GC(161) Eden regions: 133->0(138)
[97.982s][info][gc,heap     ] GC(161) Survivor regions: 20->11(20)
[97.982s][info][gc,heap     ] GC(161) Old regions: 45->64
[97.982s][info][gc,heap     ] GC(161) Humongous regions: 1->1
[97.982s][info][gc,metaspace] GC(161) Metaspace: 41208K(41600K)->41208K(41600K) NonClass: 38397K(38656K)->38397K(38656K) Class: 2811K(2944K)->2811K(2944K)
[97.982s][info][gc          ] GC(161) Pause Young (Concurrent Start) (G1 Evacuation Pause) 198M->75M(256M) 26.605ms
[97.982s][info][gc,cpu      ] GC(161) User=0.05s Sys=0.00s Real=0.03s
[97.982s][info][gc          ] GC(162) Concurrent Mark Cycle
[97.982s][info][gc,marking  ] GC(162) Concurrent Scan Root Regions
[98.001s][info][gc,marking  ] GC(162) Concurrent Scan Root Regions 19.374ms
[98.001s][info][gc,marking  ] GC(162) Concurrent Mark
[98.001s][info][gc,marking  ] GC(162) Concurrent Mark From Roots
[98.001s][info][gc,task     ] GC(162) Using 1 workers of 1 for marking
[98.040s][info][gc,marking  ] GC(162) Concurrent Mark From Roots 38.807ms
[98.040s][info][gc,marking  ] GC(162) Concurrent Preclean
[98.040s][info][gc,marking  ] GC(162) Concurrent Preclean 0.034ms
[98.040s][info][gc,start    ] GC(162) Pause Remark
[98.053s][info][gc          ] GC(162) Pause Remark 85M->85M(256M) 13.257ms
[98.053s][info][gc,cpu      ] GC(162) User=0.02s Sys=0.00s Real=0.01s
[98.053s][info][gc,marking  ] GC(162) Concurrent Mark 52.348ms
[98.053s][info][gc,marking  ] GC(162) Concurrent Rebuild Remembered Sets and Scrub Regions
[98.080s][info][gc,marking  ] GC(162) Concurrent Rebuild Remembered Sets and Scrub Regions 26.898ms
[98.081s][info][gc,start    ] GC(162) Pause Cleanup
[98.081s][info][gc          ] GC(162) Pause Cleanup 90M->90M(256M) 0.040ms
[98.081s][info][gc,cpu      ] GC(162) User=0.00s Sys=0.00s Real=0.00s
[98.081s][info][gc,marking  ] GC(162) Concurrent Clear Claimed Marks
[98.081s][info][gc,marking  ] GC(162) Concurrent Clear Claimed Marks 0.034ms
[98.081s][info][gc,marking  ] GC(162) Concurrent Cleanup for Next Mark
[98.082s][info][gc,marking  ] GC(162) Concurrent Cleanup for Next Mark 0.731ms
[98.082s][info][gc          ] GC(162) Concurrent Mark Cycle 100.088ms
[98.755s][info][gc,start    ] GC(163) Pause Young (Prepare Mixed) (G1 Evacuation Pause)
[98.755s][info][gc,task     ] GC(163) Using 2 workers of 2 for evacuation
[98.770s][info][gc,phases   ] GC(163)   Pre Evacuate Collection Set: 0.15ms
[98.770s][info][gc,phases   ] GC(163)   Merge Heap Roots: 0.07ms
[98.770s][info][gc,phases   ] GC(163)   Evacuate Collection Set: 13.98ms
[98.770s][info][gc,phases   ] GC(163)   Post Evacuate Collection Set: 0.38ms
[98.770s][info][gc,phases   ] GC(163)   Other: 0.07ms
[98.770s][info][gc,heap     ] GC(163) Eden regions: 138->0(134)
[98.770s][info][gc,heap     ] GC(163) Survivor regions: 11->14(19)
[98.770s][info][gc,heap     ] GC(163) Old regions: 64->65
[98.770s][info][gc,heap     ] GC(163) Humongous regions: 2->2
[98.770s][info][gc,metaspace] GC(163) Metaspace: 41208K(41600K)->41208K(41600K) NonClass: 38397K(38656K)->38397K(38656K) Class: 2811K(2944K)->2811K(2944K)
[98.770s][info][gc          ] GC(163) Pause Young (Prepare Mixed) (G1 Evacuation Pause) 214M->81M(256M) 14.818ms
[98.770s][info][gc,cpu      ] GC(163) User=0.02s Sys=0.00s Real=0.02s
[99.508s][info][gc,start    ] GC(164) Pause Young (Mixed) (G1 Evacuation Pause)
[99.508s][info][gc,task     ] GC(164) Using 2 workers of 2 for evacuation
[99.534s][info][gc,phases   ] GC(164)   Pre Evacuate Collection Set: 0.15ms
[99.534s][info][gc,phases   ] GC(164)   Merge Heap Roots: 0.10ms
[99.534s][info][gc,phases   ] GC(164)   Evacuate Collection Set: 25.29ms
[99.534s][info][gc,phases   ] GC(164)   Post Evacuate Collection Set: 0.41ms
[99.534s][info][gc,phases   ] GC(164)   Other: 0.07ms
[99.534s][info][gc,heap     ] GC(164) Eden regions: 134->0(129)
[99.534s][info][gc,heap     ] GC(164) Survivor regions: 14->13(19)
[99.534s][info][gc,heap     ] GC(164) Old regions: 65->75
[99.534s][info][gc,heap     ] GC(164) Humongous regions: 2->2
[99.534s][info][gc,metaspace] GC(164) Metaspace: 41209K(41600K)->41209K(41600K) NonClass: 38397K(38656K)->38397K(38656K) Class: 2811K(2944K)->2811K(2944K)
[99.534s][info][gc          ] GC(164) Pause Young (Mixed) (G1 Evacuation Pause) 215M->89M(256M) 26.202ms
[99.534s][info][gc,cpu      ] GC(164) User=0.05s Sys=0.00s Real=0.02s
[99.870s][info][gc,start    ] GC(165) Pause Young (Concurrent Start) (G1 Humongous Allocation)
[99.870s][info][gc,task     ] GC(165) Using 2 workers of 2 for evacuation
[99.889s][info][gc,phases   ] GC(165)   Pre Evacuate Collection Set: 0.19ms
[99.889s][info][gc,phases   ] GC(165)   Merge Heap Roots: 0.08ms
[99.889s][info][gc,phases   ] GC(165)   Evacuate Collection Set: 19.10ms
[99.889s][info][gc,phases   ] GC(165)   Post Evacuate Collection Set: 0.35ms
[99.889s][info][gc,phases   ] GC(165)   Other: 0.10ms
[99.889s][info][gc,heap     ] GC(165) Eden regions: 69->0(120)
[99.889s][info][gc,heap     ] GC(165) Survivor regions: 13->10(18)
[99.889s][info][gc,heap     ] GC(165) Old regions: 75->88
[99.889s][info][gc,heap     ] GC(165) Humongous regions: 2->2
[99.889s][info][gc,metaspace] GC(165) Metaspace: 41233K(41600K)->41233K(41600K) NonClass: 38421K(38656K)->38421K(38656K) Class: 2811K(2944K)->2811K(2944K)
[99.890s][info][gc          ] GC(165) Pause Young (Concurrent Start) (G1 Humongous Allocation) 158M->99M(256M) 19.997ms
[99.890s][info][gc,cpu      ] GC(165) User=0.04s Sys=0.00s Real=0.02s
[99.890s][info][gc          ] GC(166) Concurrent Mark Cycle
[99.890s][info][gc,marking  ] GC(166) Concurrent Scan Root Regions
[99.906s][info][gc,marking  ] GC(166) Concurrent Scan Root Regions 16.663ms
[99.906s][info][gc,marking  ] GC(166) Concurrent Mark
[99.906s][info][gc,marking  ] GC(166) Concurrent Mark From Roots
[99.906s][info][gc,task     ] GC(166) Using 1 workers of 1 for marking
[99.980s][info][gc,marking  ] GC(166) Concurrent Mark From Roots 73.409ms
[99.980s][info][gc,marking  ] GC(166) Concurrent Preclean
[99.980s][info][gc,marking  ] GC(166) Concurrent Preclean 0.043ms
[99.980s][info][gc,start    ] GC(166) Pause Remark
[99.993s][info][gc          ] GC(166) Pause Remark 107M->95M(256M) 12.929ms
[99.993s][info][gc,cpu      ] GC(166) User=0.02s Sys=0.00s Real=0.01s
[99.997s][info][gc,marking  ] GC(166) Concurrent Mark 90.498ms
[99.997s][info][gc,marking  ] GC(166) Concurrent Rebuild Remembered Sets and Scrub Regions
[100.022s][info][gc,marking  ] GC(166) Concurrent Rebuild Remembered Sets and Scrub Regions 24.962ms
[100.022s][info][gc,start    ] GC(166) Pause Cleanup
[100.022s][info][gc          ] GC(166) Pause Cleanup 96M->96M(256M) 0.053ms
[100.022s][info][gc,cpu      ] GC(166) User=0.00s Sys=0.00s Real=0.00s
[100.022s][info][gc,marking  ] GC(166) Concurrent Clear Claimed Marks
[100.022s][info][gc,marking  ] GC(166) Concurrent Clear Claimed Marks 0.035ms
[100.022s][info][gc,marking  ] GC(166) Concurrent Cleanup for Next Mark
[100.023s][info][gc,marking  ] GC(166) Concurrent Cleanup for Next Mark 0.765ms
[100.023s][info][gc          ] GC(166) Concurrent Mark Cycle 133.278ms
[101.013s][info][gc,start    ] GC(167) Pause Young (Prepare Mixed) (G1 Evacuation Pause)
[101.013s][info][gc,task     ] GC(167) Using 2 workers of 2 for evacuation
[101.019s][info][gc,phases   ] GC(167)   Pre Evacuate Collection Set: 0.14ms
[101.019s][info][gc,phases   ] GC(167)   Merge Heap Roots: 0.07ms
[101.019s][info][gc,phases   ] GC(167)   Evacuate Collection Set: 5.08ms
[101.019s][info][gc,phases   ] GC(167)   Post Evacuate Collection Set: 0.36ms
[101.019s][info][gc,phases   ] GC(167)   Other: 0.09ms
[101.019s][info][gc,heap     ] GC(167) Eden regions: 120->0(135)
[101.019s][info][gc,heap     ] GC(167) Survivor regions: 10->2(17)
[101.019s][info][gc,heap     ] GC(167) Old regions: 77->83
[101.019s][info][gc,heap     ] GC(167) Humongous regions: 11->3
[101.019s][info][gc,metaspace] GC(167) Metaspace: 41234K(41600K)->41234K(41600K) NonClass: 38423K(38656K)->38423K(38656K) Class: 2811K(2944K)->2811K(2944K)
[101.019s][info][gc          ] GC(167) Pause Young (Prepare Mixed) (G1 Evacuation Pause) 217M->87M(256M) 5.923ms
[101.019s][info][gc,cpu      ] GC(167) User=0.01s Sys=0.00s Real=0.01s
[101.900s][info][gc,start    ] GC(168) Pause Young (Mixed) (G1 Evacuation Pause)
[101.900s][info][gc,task     ] GC(168) Using 2 workers of 2 for evacuation
[101.912s][info][gc,phases   ] GC(168)   Pre Evacuate Collection Set: 0.17ms
[101.912s][info][gc,phases   ] GC(168)   Merge Heap Roots: 0.10ms
[101.912s][info][gc,phases   ] GC(168)   Evacuate Collection Set: 11.18ms
[101.912s][info][gc,phases   ] GC(168)   Post Evacuate Collection Set: 0.57ms
[101.912s][info][gc,phases   ] GC(168)   Other: 0.08ms
[101.912s][info][gc,heap     ] GC(168) Eden regions: 135->0(141)
[101.912s][info][gc,heap     ] GC(168) Survivor regions: 2->12(18)
[101.912s][info][gc,heap     ] GC(168) Old regions: 83->58
[101.912s][info][gc,heap     ] GC(168) Humongous regions: 14->3
[101.912s][info][gc,metaspace] GC(168) Metaspace: 41238K(41600K)->41238K(41600K) NonClass: 38427K(38656K)->38427K(38656K) Class: 2811K(2944K)->2811K(2944K)
[101.912s][info][gc          ] GC(168) Pause Young (Mixed) (G1 Evacuation Pause) 233M->73M(256M) 12.278ms
[101.912s][info][gc,cpu      ] GC(168) User=0.02s Sys=0.00s Real=0.01s
[102.716s][info][gc,start    ] GC(169) Pause Young (Mixed) (G1 Evacuation Pause)
[102.717s][info][gc,task     ] GC(169) Using 2 workers of 2 for evacuation
[102.726s][info][gc,phases   ] GC(169)   Pre Evacuate Collection Set: 0.20ms
[102.726s][info][gc,phases   ] GC(169)   Merge Heap Roots: 0.09ms
[102.726s][info][gc,phases   ] GC(169)   Evacuate Collection Set: 8.75ms
[102.726s][info][gc,phases   ] GC(169)   Post Evacuate Collection Set: 0.41ms
[102.726s][info][gc,phases   ] GC(169)   Other: 0.08ms
[102.726s][info][gc,heap     ] GC(169) Eden regions: 141->0(145)
[102.726s][info][gc,heap     ] GC(169) Survivor regions: 12->8(20)
[102.726s][info][gc,heap     ] GC(169) Old regions: 58->58
[102.726s][info][gc,heap     ] GC(169) Humongous regions: 10->3
[102.726s][info][gc,metaspace] GC(169) Metaspace: 41248K(41600K)->41248K(41600K) NonClass: 38436K(38656K)->38436K(38656K) Class: 2811K(2944K)->2811K(2944K)
[102.726s][info][gc          ] GC(169) Pause Young (Mixed) (G1 Evacuation Pause) 221M->67M(256M) 9.693ms
[102.726s][info][gc,cpu      ] GC(169) User=0.02s Sys=0.00s Real=0.01s
[102.938s][info][gc,start    ] GC(170) Pause Young (Concurrent Start) (G1 Humongous Allocation)
[102.938s][info][gc,task     ] GC(170) Using 2 workers of 2 for evacuation
[102.940s][info][gc,phases   ] GC(170)   Pre Evacuate Collection Set: 0.18ms
[102.941s][info][gc,phases   ] GC(170)   Merge Heap Roots: 0.04ms
[102.941s][info][gc,phases   ] GC(170)   Evacuate Collection Set: 2.33ms
[102.941s][info][gc,phases   ] GC(170)   Post Evacuate Collection Set: 0.28ms
[102.941s][info][gc,phases   ] GC(170)   Other: 0.09ms
[102.941s][info][gc,heap     ] GC(170) Eden regions: 41->0(151)
[102.941s][info][gc,heap     ] GC(170) Survivor regions: 8->2(20)
[102.941s][info][gc,heap     ] GC(170) Old regions: 58->58
[102.941s][info][gc,heap     ] GC(170) Humongous regions: 3->1
[102.941s][info][gc,metaspace] GC(170) Metaspace: 41248K(41600K)->41248K(41600K) NonClass: 38437K(38656K)->38437K(38656K) Class: 2811K(2944K)->2811K(2944K)
[102.941s][info][gc          ] GC(170) Pause Young (Concurrent Start) (G1 Humongous Allocation) 108M->59M(256M) 3.071ms
[102.941s][info][gc,cpu      ] GC(170) User=0.01s Sys=0.00s Real=0.00s
[102.941s][info][gc          ] GC(171) Concurrent Mark Cycle
[102.941s][info][gc,marking  ] GC(171) Concurrent Scan Root Regions
[102.946s][info][gc,marking  ] GC(171) Concurrent Scan Root Regions 5.522ms
[102.946s][info][gc,marking  ] GC(171) Concurrent Mark
[102.946s][info][gc,marking  ] GC(171) Concurrent Mark From Roots
[102.946s][info][gc,task     ] GC(171) Using 1 workers of 1 for marking
[102.998s][info][gc,marking  ] GC(171) Concurrent Mark From Roots 51.648ms
[102.998s][info][gc,marking  ] GC(171) Concurrent Preclean
[102.998s][info][gc,marking  ] GC(171) Concurrent Preclean 0.036ms
[102.999s][info][gc,start    ] GC(171) Pause Remark
[103.017s][info][gc          ] GC(171) Pause Remark 70M->69M(256M) 17.698ms
[103.017s][info][gc,cpu      ] GC(171) User=0.04s Sys=0.00s Real=0.01s
[103.017s][info][gc,marking  ] GC(171) Concurrent Mark 70.483ms
[103.017s][info][gc,marking  ] GC(171) Concurrent Rebuild Remembered Sets and Scrub Regions
[103.041s][info][gc,marking  ] GC(171) Concurrent Rebuild Remembered Sets and Scrub Regions 24.601ms
[103.041s][info][gc,start    ] GC(171) Pause Cleanup
[103.042s][info][gc          ] GC(171) Pause Cleanup 73M->73M(256M) 0.065ms
[103.042s][info][gc,cpu      ] GC(171) User=0.00s Sys=0.00s Real=0.00s
[103.042s][info][gc,marking  ] GC(171) Concurrent Clear Claimed Marks
[103.042s][info][gc,marking  ] GC(171) Concurrent Clear Claimed Marks 0.043ms
[103.042s][info][gc,marking  ] GC(171) Concurrent Cleanup for Next Mark
[103.042s][info][gc,marking  ] GC(171) Concurrent Cleanup for Next Mark 0.814ms
[103.042s][info][gc          ] GC(171) Concurrent Mark Cycle 101.828ms
[103.788s][info][gc,start    ] GC(172) Pause Young (Prepare Mixed) (G1 Evacuation Pause)
[103.788s][info][gc,task     ] GC(172) Using 2 workers of 2 for evacuation
[103.809s][info][gc,phases   ] GC(172)   Pre Evacuate Collection Set: 0.19ms
[103.809s][info][gc,phases   ] GC(172)   Merge Heap Roots: 0.06ms
[103.809s][info][gc,phases   ] GC(172)   Evacuate Collection Set: 20.40ms
[103.809s][info][gc,phases   ] GC(172)   Post Evacuate Collection Set: 0.51ms
[103.809s][info][gc,phases   ] GC(172)   Other: 0.07ms
[103.809s][info][gc,heap     ] GC(172) Eden regions: 151->0(133)
[103.809s][info][gc,heap     ] GC(172) Survivor regions: 2->20(20)
[103.809s][info][gc,heap     ] GC(172) Old regions: 57->58
[103.809s][info][gc,heap     ] GC(172) Humongous regions: 5->3
[103.809s][info][gc,metaspace] GC(172) Metaspace: 41254K(41600K)->41254K(41600K) NonClass: 38443K(38656K)->38443K(38656K) Class: 2811K(2944K)->2811K(2944K)
[103.809s][info][gc          ] GC(172) Pause Young (Prepare Mixed) (G1 Evacuation Pause) 213M->81M(256M) 21.391ms
[103.809s][info][gc,cpu      ] GC(172) User=0.04s Sys=0.00s Real=0.02s
[104.836s][info][gc,start    ] GC(173) Pause Young (Mixed) (G1 Evacuation Pause)
[104.836s][info][gc,task     ] GC(173) Using 2 workers of 2 for evacuation
[104.867s][info][gc,phases   ] GC(173)   Pre Evacuate Collection Set: 0.19ms
[104.867s][info][gc,phases   ] GC(173)   Merge Heap Roots: 0.13ms
[104.867s][info][gc,phases   ] GC(173)   Evacuate Collection Set: 29.92ms
[104.867s][info][gc,phases   ] GC(173)   Post Evacuate Collection Set: 0.46ms
[104.867s][info][gc,phases   ] GC(173)   Other: 0.09ms
[104.867s][info][gc,heap     ] GC(173) Eden regions: 133->0(145)
[104.867s][info][gc,heap     ] GC(173) Survivor regions: 20->8(20)
[104.867s][info][gc,heap     ] GC(173) Old regions: 58->57
[104.867s][info][gc,heap     ] GC(173) Humongous regions: 13->3
[104.867s][info][gc,metaspace] GC(173) Metaspace: 41268K(41664K)->41268K(41664K) NonClass: 38457K(38720K)->38457K(38720K) Class: 2811K(2944K)->2811K(2944K)
[104.867s][info][gc          ] GC(173) Pause Young (Mixed) (G1 Evacuation Pause) 224M->67M(256M) 30.977ms
[104.867s][info][gc,cpu      ] GC(173) User=0.04s Sys=0.00s Real=0.04s
[105.025s][info][gc,start    ] GC(174) Pause Young (Concurrent Start) (G1 Humongous Allocation)
[105.025s][info][gc,task     ] GC(174) Using 2 workers of 2 for evacuation
[105.032s][info][gc,phases   ] GC(174)   Pre Evacuate Collection Set: 0.21ms
[105.032s][info][gc,phases   ] GC(174)   Merge Heap Roots: 0.10ms
[105.032s][info][gc,phases   ] GC(174)   Evacuate Collection Set: 6.55ms
[105.032s][info][gc,phases   ] GC(174)   Post Evacuate Collection Set: 0.29ms
[105.032s][info][gc,phases   ] GC(174)   Other: 0.10ms
[105.032s][info][gc,heap     ] GC(174) Eden regions: 12->0(147)
[105.032s][info][gc,heap     ] GC(174) Survivor regions: 8->6(20)
[105.032s][info][gc,heap     ] GC(174) Old regions: 57->57
[105.032s][info][gc,heap     ] GC(174) Humongous regions: 3->1
[105.032s][info][gc,metaspace] GC(174) Metaspace: 41268K(41664K)->41268K(41664K) NonClass: 38457K(38720K)->38457K(38720K) Class: 2811K(2944K)->2811K(2944K)
[105.032s][info][gc          ] GC(174) Pause Young (Concurrent Start) (G1 Humongous Allocation) 79M->63M(256M) 7.437ms
[105.032s][info][gc,cpu      ] GC(174) User=0.02s Sys=0.00s Real=0.01s
[105.032s][info][gc          ] GC(175) Concurrent Mark Cycle
[105.032s][info][gc,marking  ] GC(175) Concurrent Scan Root Regions
[105.042s][info][gc,marking  ] GC(175) Concurrent Scan Root Regions 9.930ms
[105.042s][info][gc,marking  ] GC(175) Concurrent Mark
[105.042s][info][gc,marking  ] GC(175) Concurrent Mark From Roots
[105.042s][info][gc,task     ] GC(175) Using 1 workers of 1 for marking
[105.130s][info][gc,marking  ] GC(175) Concurrent Mark From Roots 88.104ms
[105.130s][info][gc,marking  ] GC(175) Concurrent Preclean
[105.130s][info][gc,marking  ] GC(175) Concurrent Preclean 0.033ms
[105.130s][info][gc,start    ] GC(175) Pause Remark
[105.145s][info][gc          ] GC(175) Pause Remark 78M->78M(256M) 14.332ms
[105.145s][info][gc,cpu      ] GC(175) User=0.03s Sys=0.00s Real=0.01s
[105.145s][info][gc,marking  ] GC(175) Concurrent Mark 102.814ms
[105.145s][info][gc,marking  ] GC(175) Concurrent Rebuild Remembered Sets and Scrub Regions
[105.174s][info][gc,marking  ] GC(175) Concurrent Rebuild Remembered Sets and Scrub Regions 29.591ms
[105.175s][info][gc,start    ] GC(175) Pause Cleanup
[105.175s][info][gc          ] GC(175) Pause Cleanup 87M->87M(256M) 0.046ms
[105.175s][info][gc,cpu      ] GC(175) User=0.00s Sys=0.00s Real=0.00s
[105.175s][info][gc,marking  ] GC(175) Concurrent Clear Claimed Marks
[105.175s][info][gc,marking  ] GC(175) Concurrent Clear Claimed Marks 0.048ms
[105.175s][info][gc,marking  ] GC(175) Concurrent Cleanup for Next Mark
[105.176s][info][gc,marking  ] GC(175) Concurrent Cleanup for Next Mark 0.736ms
[105.176s][info][gc          ] GC(175) Concurrent Mark Cycle 143.456ms
[105.819s][info][gc,start    ] GC(176) Pause Young (Prepare Mixed) (G1 Evacuation Pause)
[105.819s][info][gc,task     ] GC(176) Using 2 workers of 2 for evacuation
[105.834s][info][gc,phases   ] GC(176)   Pre Evacuate Collection Set: 0.19ms
[105.834s][info][gc,phases   ] GC(176)   Merge Heap Roots: 0.12ms
[105.834s][info][gc,phases   ] GC(176)   Evacuate Collection Set: 14.33ms
[105.834s][info][gc,phases   ] GC(176)   Post Evacuate Collection Set: 0.59ms
[105.834s][info][gc,phases   ] GC(176)   Other: 0.09ms
[105.834s][info][gc,heap     ] GC(176) Eden regions: 147->0(141)
[105.834s][info][gc,heap     ] GC(176) Survivor regions: 6->12(20)
[105.834s][info][gc,heap     ] GC(176) Old regions: 57->57
[105.834s][info][gc,heap     ] GC(176) Humongous regions: 15->3
[105.834s][info][gc,metaspace] GC(176) Metaspace: 41276K(41664K)->41276K(41664K) NonClass: 38465K(38720K)->38465K(38720K) Class: 2811K(2944K)->2811K(2944K)
[105.834s][info][gc          ] GC(176) Pause Young (Prepare Mixed) (G1 Evacuation Pause) 224M->71M(256M) 15.504ms
[105.834s][info][gc,cpu      ] GC(176) User=0.03s Sys=0.00s Real=0.01s
[106.496s][info][gc,start    ] GC(177) Pause Young (Mixed) (G1 Evacuation Pause)
[106.496s][info][gc,task     ] GC(177) Using 2 workers of 2 for evacuation
[106.513s][info][gc,phases   ] GC(177)   Pre Evacuate Collection Set: 0.17ms
[106.513s][info][gc,phases   ] GC(177)   Merge Heap Roots: 0.20ms
[106.513s][info][gc,phases   ] GC(177)   Evacuate Collection Set: 15.84ms
[106.513s][info][gc,phases   ] GC(177)   Post Evacuate Collection Set: 0.44ms
[106.513s][info][gc,phases   ] GC(177)   Other: 0.07ms
[106.513s][info][gc,heap     ] GC(177) Eden regions: 141->0(146)
[106.513s][info][gc,heap     ] GC(177) Survivor regions: 12->7(20)
[106.513s][info][gc,heap     ] GC(177) Old regions: 57->60
[106.513s][info][gc,heap     ] GC(177) Humongous regions: 13->3
[106.513s][info][gc,metaspace] GC(177) Metaspace: 41284K(41664K)->41284K(41664K) NonClass: 38473K(38720K)->38473K(38720K) Class: 2811K(2944K)->2811K(2944K)
[106.513s][info][gc          ] GC(177) Pause Young (Mixed) (G1 Evacuation Pause) 222M->69M(256M) 16.874ms
[106.513s][info][gc,cpu      ] GC(177) User=0.03s Sys=0.00s Real=0.02s
[106.775s][info][gc,start    ] GC(178) Pause Young (Concurrent Start) (G1 Humongous Allocation)
[106.775s][info][gc,task     ] GC(178) Using 2 workers of 2 for evacuation
[106.779s][info][gc,phases   ] GC(178)   Pre Evacuate Collection Set: 0.21ms
[106.779s][info][gc,phases   ] GC(178)   Merge Heap Roots: 0.07ms
[106.779s][info][gc,phases   ] GC(178)   Evacuate Collection Set: 2.85ms
[106.779s][info][gc,phases   ] GC(178)   Post Evacuate Collection Set: 0.29ms
[106.779s][info][gc,phases   ] GC(178)   Other: 0.53ms
[106.779s][info][gc,heap     ] GC(178) Eden regions: 27->0(150)
[106.779s][info][gc,heap     ] GC(178) Survivor regions: 7->3(20)
[106.779s][info][gc,heap     ] GC(178) Old regions: 60->60
[106.779s][info][gc,heap     ] GC(178) Humongous regions: 3->1
[106.779s][info][gc,metaspace] GC(178) Metaspace: 41284K(41664K)->41284K(41664K) NonClass: 38473K(38720K)->38473K(38720K) Class: 2811K(2944K)->2811K(2944K)
[106.779s][info][gc          ] GC(178) Pause Young (Concurrent Start) (G1 Humongous Allocation) 96M->62M(256M) 4.136ms
[106.779s][info][gc,cpu      ] GC(178) User=0.01s Sys=0.00s Real=0.01s
[106.779s][info][gc          ] GC(179) Concurrent Mark Cycle
[106.781s][info][gc,marking  ] GC(179) Concurrent Scan Root Regions
[106.787s][info][gc,marking  ] GC(179) Concurrent Scan Root Regions 6.386ms
[106.787s][info][gc,marking  ] GC(179) Concurrent Mark
[106.787s][info][gc,marking  ] GC(179) Concurrent Mark From Roots
[106.787s][info][gc,task     ] GC(179) Using 1 workers of 1 for marking
[106.857s][info][gc,marking  ] GC(179) Concurrent Mark From Roots 69.524ms
[106.857s][info][gc,marking  ] GC(179) Concurrent Preclean
[106.857s][info][gc,marking  ] GC(179) Concurrent Preclean 0.035ms
[106.857s][info][gc,start    ] GC(179) Pause Remark
[106.877s][info][gc          ] GC(179) Pause Remark 79M->70M(256M) 20.175ms
[106.877s][info][gc,cpu      ] GC(179) User=0.04s Sys=0.00s Real=0.02s
[106.877s][info][gc,marking  ] GC(179) Concurrent Mark 89.951ms
[106.877s][info][gc,marking  ] GC(179) Concurrent Rebuild Remembered Sets and Scrub Regions
[106.899s][info][gc,marking  ] GC(179) Concurrent Rebuild Remembered Sets and Scrub Regions 21.950ms
[106.899s][info][gc,start    ] GC(179) Pause Cleanup
[106.899s][info][gc          ] GC(179) Pause Cleanup 72M->72M(256M) 0.050ms
[106.899s][info][gc,cpu      ] GC(179) User=0.00s Sys=0.00s Real=0.00s
[106.899s][info][gc,marking  ] GC(179) Concurrent Clear Claimed Marks
[106.899s][info][gc,marking  ] GC(179) Concurrent Clear Claimed Marks 0.038ms
[106.899s][info][gc,marking  ] GC(179) Concurrent Cleanup for Next Mark
[106.900s][info][gc,marking  ] GC(179) Concurrent Cleanup for Next Mark 0.763ms
[106.900s][info][gc          ] GC(179) Concurrent Mark Cycle 121.432ms
[107.429s][info][gc,start    ] GC(180) Pause Young (Prepare Mixed) (G1 Evacuation Pause)
[107.429s][info][gc,task     ] GC(180) Using 2 workers of 2 for evacuation
[107.453s][info][gc,phases   ] GC(180)   Pre Evacuate Collection Set: 0.16ms
[107.453s][info][gc,phases   ] GC(180)   Merge Heap Roots: 0.06ms
[107.453s][info][gc,phases   ] GC(180)   Evacuate Collection Set: 23.50ms
[107.453s][info][gc,phases   ] GC(180)   Post Evacuate Collection Set: 0.47ms
[107.454s][info][gc,phases   ] GC(180)   Other: 0.11ms
[107.454s][info][gc,heap     ] GC(180) Eden regions: 150->0(133)
[107.454s][info][gc,heap     ] GC(180) Survivor regions: 3->20(20)
[107.454s][info][gc,heap     ] GC(180) Old regions: 51->57
[107.454s][info][gc,heap     ] GC(180) Humongous regions: 5->3
[107.454s][info][gc,metaspace] GC(180) Metaspace: 41288K(41664K)->41288K(41664K) NonClass: 38477K(38720K)->38477K(38720K) Class: 2811K(2944K)->2811K(2944K)
[107.454s][info][gc          ] GC(180) Pause Young (Prepare Mixed) (G1 Evacuation Pause) 207M->79M(256M) 24.490ms
[107.454s][info][gc,cpu      ] GC(180) User=0.05s Sys=0.00s Real=0.02s
[108.102s][info][gc,start    ] GC(181) Pause Young (Mixed) (G1 Evacuation Pause)
[108.102s][info][gc,task     ] GC(181) Using 2 workers of 2 for evacuation
[108.128s][info][gc,phases   ] GC(181)   Pre Evacuate Collection Set: 0.21ms
[108.128s][info][gc,phases   ] GC(181)   Merge Heap Roots: 0.18ms
[108.128s][info][gc,phases   ] GC(181)   Evacuate Collection Set: 25.03ms
[108.128s][info][gc,phases   ] GC(181)   Post Evacuate Collection Set: 0.42ms
[108.128s][info][gc,phases   ] GC(181)   Other: 0.09ms
[108.128s][info][gc,heap     ] GC(181) Eden regions: 133->0(136)
[108.128s][info][gc,heap     ] GC(181) Survivor regions: 20->12(20)
[108.128s][info][gc,heap     ] GC(181) Old regions: 57->64
[108.128s][info][gc,heap     ] GC(181) Humongous regions: 3->3
[108.128s][info][gc,metaspace] GC(181) Metaspace: 41293K(41664K)->41293K(41664K) NonClass: 38482K(38720K)->38482K(38720K) Class: 2811K(2944K)->2811K(2944K)
[108.128s][info][gc          ] GC(181) Pause Young (Mixed) (G1 Evacuation Pause) 212M->78M(256M) 26.181ms
[108.128s][info][gc,cpu      ] GC(181) User=0.06s Sys=0.00s Real=0.03s
[108.331s][info][gc,start    ] GC(182) Pause Young (Concurrent Start) (G1 Humongous Allocation)
[108.331s][info][gc,task     ] GC(182) Using 2 workers of 2 for evacuation
[108.362s][info][gc,phases   ] GC(182)   Pre Evacuate Collection Set: 0.16ms
[108.362s][info][gc,phases   ] GC(182)   Merge Heap Roots: 0.12ms
[108.362s][info][gc,phases   ] GC(182)   Evacuate Collection Set: 30.37ms
[108.362s][info][gc,phases   ] GC(182)   Post Evacuate Collection Set: 0.32ms
[108.362s][info][gc,phases   ] GC(182)   Other: 0.11ms
[108.362s][info][gc,heap     ] GC(182) Eden regions: 46->0(118)
[108.362s][info][gc,heap     ] GC(182) Survivor regions: 12->13(19)
[108.362s][info][gc,heap     ] GC(182) Old regions: 64->75
[108.362s][info][gc,heap     ] GC(182) Humongous regions: 3->1
[108.362s][info][gc,metaspace] GC(182) Metaspace: 41294K(41664K)->41294K(41664K) NonClass: 38482K(38720K)->38482K(38720K) Class: 2811K(2944K)->2811K(2944K)
[108.362s][info][gc          ] GC(182) Pause Young (Concurrent Start) (G1 Humongous Allocation) 124M->89M(256M) 31.279ms
[108.362s][info][gc,cpu      ] GC(182) User=0.06s Sys=0.00s Real=0.03s
[108.362s][info][gc          ] GC(183) Concurrent Mark Cycle
[108.362s][info][gc,marking  ] GC(183) Concurrent Scan Root Regions
[108.407s][info][gc,marking  ] GC(183) Concurrent Scan Root Regions 44.729ms
[108.407s][info][gc,marking  ] GC(183) Concurrent Mark
[108.407s][info][gc,marking  ] GC(183) Concurrent Mark From Roots
[108.407s][info][gc,task     ] GC(183) Using 1 workers of 1 for marking
[108.539s][info][gc,marking  ] GC(183) Concurrent Mark From Roots 131.993ms
[108.539s][info][gc,marking  ] GC(183) Concurrent Preclean
[108.539s][info][gc,marking  ] GC(183) Concurrent Preclean 0.040ms
[108.539s][info][gc,start    ] GC(183) Pause Remark
[108.554s][info][gc          ] GC(183) Pause Remark 136M->135M(256M) 14.290ms
[108.554s][info][gc,cpu      ] GC(183) User=0.02s Sys=0.00s Real=0.01s
[108.554s][info][gc,marking  ] GC(183) Concurrent Mark 146.588ms
[108.554s][info][gc,marking  ] GC(183) Concurrent Rebuild Remembered Sets and Scrub Regions
[108.647s][info][gc,marking  ] GC(183) Concurrent Rebuild Remembered Sets and Scrub Regions 93.567ms
[108.649s][info][gc,start    ] GC(183) Pause Cleanup
[108.649s][info][gc          ] GC(183) Pause Cleanup 144M->144M(256M) 0.048ms
[108.649s][info][gc,cpu      ] GC(183) User=0.00s Sys=0.00s Real=0.00s
[108.649s][info][gc,marking  ] GC(183) Concurrent Clear Claimed Marks
[108.650s][info][gc,marking  ] GC(183) Concurrent Clear Claimed Marks 0.408ms
[108.650s][info][gc,marking  ] GC(183) Concurrent Cleanup for Next Mark
[108.651s][info][gc,marking  ] GC(183) Concurrent Cleanup for Next Mark 0.770ms
[108.651s][info][gc          ] GC(183) Concurrent Mark Cycle 288.506ms
[108.946s][info][gc,start    ] GC(184) Pause Young (Prepare Mixed) (G1 Evacuation Pause)
[108.946s][info][gc,task     ] GC(184) Using 2 workers of 2 for evacuation
[108.973s][info][gc,phases   ] GC(184)   Pre Evacuate Collection Set: 0.19ms
[108.973s][info][gc,phases   ] GC(184)   Merge Heap Roots: 0.15ms
[108.973s][info][gc,phases   ] GC(184)   Evacuate Collection Set: 26.29ms
[108.973s][info][gc,phases   ] GC(184)   Post Evacuate Collection Set: 0.43ms
[108.973s][info][gc,phases   ] GC(184)   Other: 0.08ms
[108.973s][info][gc,heap     ] GC(184) Eden regions: 118->0(111)
[108.973s][info][gc,heap     ] GC(184) Survivor regions: 13->11(17)
[108.973s][info][gc,heap     ] GC(184) Old regions: 74->87
[108.973s][info][gc,heap     ] GC(184) Humongous regions: 5->3
[108.973s][info][gc,metaspace] GC(184) Metaspace: 41294K(41664K)->41294K(41664K) NonClass: 38482K(38720K)->38482K(38720K) Class: 2811K(2944K)->2811K(2944K)
[108.973s][info][gc          ] GC(184) Pause Young (Prepare Mixed) (G1 Evacuation Pause) 210M->100M(256M) 27.317ms
[108.973s][info][gc,cpu      ] GC(184) User=0.06s Sys=0.00s Real=0.03s
[109.528s][info][gc,start    ] GC(185) Pause Young (Mixed) (G1 Evacuation Pause)
[109.528s][info][gc,task     ] GC(185) Using 2 workers of 2 for evacuation
[109.545s][info][gc,phases   ] GC(185)   Pre Evacuate Collection Set: 0.15ms
[109.545s][info][gc,phases   ] GC(185)   Merge Heap Roots: 0.23ms
[109.545s][info][gc,phases   ] GC(185)   Evacuate Collection Set: 16.10ms
[109.545s][info][gc,phases   ] GC(185)   Post Evacuate Collection Set: 0.40ms
[109.545s][info][gc,phases   ] GC(185)   Other: 0.08ms
[109.545s][info][gc,heap     ] GC(185) Eden regions: 111->0(124)
[109.545s][info][gc,heap     ] GC(185) Survivor regions: 11->5(16)
[109.545s][info][gc,heap     ] GC(185) Old regions: 87->82
[109.545s][info][gc,heap     ] GC(185) Humongous regions: 11->3
[109.545s][info][gc,metaspace] GC(185) Metaspace: 41297K(41664K)->41297K(41664K) NonClass: 38485K(38720K)->38485K(38720K) Class: 2811K(2944K)->2811K(2944K)
[109.545s][info][gc          ] GC(185) Pause Young (Mixed) (G1 Evacuation Pause) 219M->89M(256M) 17.138ms
[109.545s][info][gc,cpu      ] GC(185) User=0.03s Sys=0.00s Real=0.01s
[109.703s][info][gc,start    ] GC(186) Pause Young (Concurrent Start) (G1 Humongous Allocation)
[109.703s][info][gc,task     ] GC(186) Using 2 workers of 2 for evacuation
[109.705s][info][gc,phases   ] GC(186)   Pre Evacuate Collection Set: 0.17ms
[109.705s][info][gc,phases   ] GC(186)   Merge Heap Roots: 0.04ms
[109.705s][info][gc,phases   ] GC(186)   Evacuate Collection Set: 1.77ms
[109.705s][info][gc,phases   ] GC(186)   Post Evacuate Collection Set: 0.29ms
[109.705s][info][gc,phases   ] GC(186)   Other: 0.12ms
[109.705s][info][gc,heap     ] GC(186) Eden regions: 37->0(136)
[109.705s][info][gc,heap     ] GC(186) Survivor regions: 5->2(17)
[109.705s][info][gc,heap     ] GC(186) Old regions: 82->82
[109.705s][info][gc,heap     ] GC(186) Humongous regions: 3->1
[109.705s][info][gc,metaspace] GC(186) Metaspace: 41297K(41664K)->41297K(41664K) NonClass: 38485K(38720K)->38485K(38720K) Class: 2811K(2944K)->2811K(2944K)
[109.705s][info][gc          ] GC(186) Pause Young (Concurrent Start) (G1 Humongous Allocation) 126M->84M(256M) 2.548ms
[109.705s][info][gc,cpu      ] GC(186) User=0.01s Sys=0.00s Real=0.00s
[109.705s][info][gc          ] GC(187) Concurrent Mark Cycle
[109.705s][info][gc,marking  ] GC(187) Concurrent Scan Root Regions
[109.709s][info][gc,marking  ] GC(187) Concurrent Scan Root Regions 3.509ms
[109.709s][info][gc,marking  ] GC(187) Concurrent Mark
[109.709s][info][gc,marking  ] GC(187) Concurrent Mark From Roots
[109.709s][info][gc,task     ] GC(187) Using 1 workers of 1 for marking
[109.788s][info][gc,marking  ] GC(187) Concurrent Mark From Roots 79.418ms
[109.788s][info][gc,marking  ] GC(187) Concurrent Preclean
[109.788s][info][gc,marking  ] GC(187) Concurrent Preclean 0.036ms
[109.788s][info][gc,start    ] GC(187) Pause Remark
[109.802s][info][gc          ] GC(187) Pause Remark 100M->95M(256M) 13.895ms
[109.802s][info][gc,cpu      ] GC(187) User=0.03s Sys=0.00s Real=0.01s
[109.805s][info][gc,marking  ] GC(187) Concurrent Mark 96.089ms
[109.805s][info][gc,marking  ] GC(187) Concurrent Rebuild Remembered Sets and Scrub Regions
[109.827s][info][gc,marking  ] GC(187) Concurrent Rebuild Remembered Sets and Scrub Regions 22.063ms
[109.828s][info][gc,start    ] GC(187) Pause Cleanup
[109.828s][info][gc          ] GC(187) Pause Cleanup 99M->99M(256M) 0.051ms
[109.828s][info][gc,cpu      ] GC(187) User=0.00s Sys=0.00s Real=0.00s
[109.828s][info][gc,marking  ] GC(187) Concurrent Clear Claimed Marks
[109.828s][info][gc,marking  ] GC(187) Concurrent Clear Claimed Marks 0.035ms
[109.828s][info][gc,marking  ] GC(187) Concurrent Cleanup for Next Mark
[109.829s][info][gc,marking  ] GC(187) Concurrent Cleanup for Next Mark 0.728ms
[109.829s][info][gc          ] GC(187) Concurrent Mark Cycle 123.339ms
[110.348s][info][gc,start    ] GC(188) Pause Young (Prepare Mixed) (G1 Evacuation Pause)
[110.348s][info][gc,task     ] GC(188) Using 2 workers of 2 for evacuation
[110.361s][info][gc,phases   ] GC(188)   Pre Evacuate Collection Set: 0.15ms
[110.361s][info][gc,phases   ] GC(188)   Merge Heap Roots: 0.06ms
[110.361s][info][gc,phases   ] GC(188)   Evacuate Collection Set: 12.22ms
[110.361s][info][gc,phases   ] GC(188)   Post Evacuate Collection Set: 0.35ms
[110.361s][info][gc,phases   ] GC(188)   Other: 0.07ms
[110.361s][info][gc,heap     ] GC(188) Eden regions: 136->0(128)
[110.361s][info][gc,heap     ] GC(188) Survivor regions: 2->13(18)
[110.361s][info][gc,heap     ] GC(188) Old regions: 77->77
[110.361s][info][gc,heap     ] GC(188) Humongous regions: 5->3
[110.361s][info][gc,metaspace] GC(188) Metaspace: 41299K(41664K)->41299K(41664K) NonClass: 38487K(38720K)->38487K(38720K) Class: 2811K(2944K)->2811K(2944K)
[110.361s][info][gc          ] GC(188) Pause Young (Prepare Mixed) (G1 Evacuation Pause) 219M->92M(256M) 13.015ms
[110.361s][info][gc,cpu      ] GC(188) User=0.03s Sys=0.00s Real=0.01s
[110.893s][info][gc,start    ] GC(189) Pause Young (Mixed) (G1 Evacuation Pause)
[110.893s][info][gc,task     ] GC(189) Using 2 workers of 2 for evacuation
[110.899s][info][gc,phases   ] GC(189)   Pre Evacuate Collection Set: 0.16ms
[110.899s][info][gc,phases   ] GC(189)   Merge Heap Roots: 0.07ms
[110.899s][info][gc,phases   ] GC(189)   Evacuate Collection Set: 5.54ms
[110.899s][info][gc,phases   ] GC(189)   Post Evacuate Collection Set: 0.40ms
[110.899s][info][gc,phases   ] GC(189)   Other: 0.07ms
[110.899s][info][gc,heap     ] GC(189) Eden regions: 128->0(148)
[110.899s][info][gc,heap     ] GC(189) Survivor regions: 13->5(18)
[110.899s][info][gc,heap     ] GC(189) Old regions: 77->53
[110.899s][info][gc,heap     ] GC(189) Humongous regions: 9->3
[110.899s][info][gc,metaspace] GC(189) Metaspace: 41305K(41664K)->41305K(41664K) NonClass: 38493K(38720K)->38493K(38720K) Class: 2811K(2944K)->2811K(2944K)
[110.899s][info][gc          ] GC(189) Pause Young (Mixed) (G1 Evacuation Pause) 226M->60M(256M) 6.385ms
[110.899s][info][gc,cpu      ] GC(189) User=0.01s Sys=0.00s Real=0.01s
[111.403s][info][gc,start    ] GC(190) Pause Young (Mixed) (G1 Evacuation Pause)
[111.403s][info][gc,task     ] GC(190) Using 2 workers of 2 for evacuation
[111.417s][info][gc,phases   ] GC(190)   Pre Evacuate Collection Set: 0.15ms
[111.417s][info][gc,phases   ] GC(190)   Merge Heap Roots: 0.07ms
[111.417s][info][gc,phases   ] GC(190)   Evacuate Collection Set: 13.19ms
[111.417s][info][gc,phases   ] GC(190)   Post Evacuate Collection Set: 0.39ms
[111.417s][info][gc,phases   ] GC(190)   Other: 0.07ms
[111.417s][info][gc,heap     ] GC(190) Eden regions: 148->0(141)
[111.417s][info][gc,heap     ] GC(190) Survivor regions: 5->12(20)
[111.417s][info][gc,heap     ] GC(190) Old regions: 53->50
[111.417s][info][gc,heap     ] GC(190) Humongous regions: 7->3
[111.417s][info][gc,metaspace] GC(190) Metaspace: 41305K(41664K)->41305K(41664K) NonClass: 38493K(38720K)->38493K(38720K) Class: 2811K(2944K)->2811K(2944K)
[111.417s][info][gc          ] GC(190) Pause Young (Mixed) (G1 Evacuation Pause) 212M->64M(256M) 14.028ms
[111.417s][info][gc,cpu      ] GC(190) User=0.03s Sys=0.00s Real=0.02s
[111.603s][info][gc,start    ] GC(191) Pause Young (Concurrent Start) (G1 Humongous Allocation)
[111.603s][info][gc,task     ] GC(191) Using 2 workers of 2 for evacuation
[111.606s][info][gc,phases   ] GC(191)   Pre Evacuate Collection Set: 0.16ms
[111.606s][info][gc,phases   ] GC(191)   Merge Heap Roots: 0.04ms
[111.606s][info][gc,phases   ] GC(191)   Evacuate Collection Set: 2.32ms
[111.606s][info][gc,phases   ] GC(191)   Post Evacuate Collection Set: 0.31ms
[111.606s][info][gc,phases   ] GC(191)   Other: 0.10ms
[111.606s][info][gc,heap     ] GC(191) Eden regions: 47->0(151)
[111.606s][info][gc,heap     ] GC(191) Survivor regions: 12->2(20)
[111.606s][info][gc,heap     ] GC(191) Old regions: 50->51
[111.606s][info][gc,heap     ] GC(191) Humongous regions: 3->1
[111.606s][info][gc,metaspace] GC(191) Metaspace: 41309K(41664K)->41309K(41664K) NonClass: 38498K(38720K)->38498K(38720K) Class: 2811K(2944K)->2811K(2944K)
[111.606s][info][gc          ] GC(191) Pause Young (Concurrent Start) (G1 Humongous Allocation) 111M->53M(256M) 3.086ms
[111.606s][info][gc,cpu      ] GC(191) User=0.00s Sys=0.00s Real=0.00s
[111.606s][info][gc          ] GC(192) Concurrent Mark Cycle
[111.606s][info][gc,marking  ] GC(192) Concurrent Scan Root Regions
[111.614s][info][gc,marking  ] GC(192) Concurrent Scan Root Regions 7.984ms
[111.614s][info][gc,marking  ] GC(192) Concurrent Mark
[111.614s][info][gc,marking  ] GC(192) Concurrent Mark From Roots
[111.614s][info][gc,task     ] GC(192) Using 1 workers of 1 for marking
[111.688s][info][gc,marking  ] GC(192) Concurrent Mark From Roots 74.022ms
[111.688s][info][gc,marking  ] GC(192) Concurrent Preclean
[111.688s][info][gc,marking  ] GC(192) Concurrent Preclean 0.036ms
[111.688s][info][gc,start    ] GC(192) Pause Remark
[111.702s][info][gc          ] GC(192) Pause Remark 76M->76M(256M) 13.772ms
[111.702s][info][gc,cpu      ] GC(192) User=0.03s Sys=0.00s Real=0.01s
[111.702s][info][gc,marking  ] GC(192) Concurrent Mark 88.065ms
[111.702s][info][gc,marking  ] GC(192) Concurrent Rebuild Remembered Sets and Scrub Regions
[111.726s][info][gc,marking  ] GC(192) Concurrent Rebuild Remembered Sets and Scrub Regions 23.767ms
[111.726s][info][gc,start    ] GC(192) Pause Cleanup
[111.726s][info][gc          ] GC(192) Pause Cleanup 84M->84M(256M) 0.035ms
[111.726s][info][gc,cpu      ] GC(192) User=0.00s Sys=0.00s Real=0.00s
[111.726s][info][gc,marking  ] GC(192) Concurrent Clear Claimed Marks
[111.726s][info][gc,marking  ] GC(192) Concurrent Clear Claimed Marks 0.032ms
[111.726s][info][gc,marking  ] GC(192) Concurrent Cleanup for Next Mark
[111.727s][info][gc,marking  ] GC(192) Concurrent Cleanup for Next Mark 1.247ms
[111.727s][info][gc          ] GC(192) Concurrent Mark Cycle 121.348ms
[112.365s][info][gc,start    ] GC(193) Pause Young (Prepare Mixed) (G1 Evacuation Pause)
[112.365s][info][gc,task     ] GC(193) Using 2 workers of 2 for evacuation
[112.368s][info][gc,phases   ] GC(193)   Pre Evacuate Collection Set: 0.15ms
[112.368s][info][gc,phases   ] GC(193)   Merge Heap Roots: 0.07ms
[112.368s][info][gc,phases   ] GC(193)   Evacuate Collection Set: 2.97ms
[112.368s][info][gc,phases   ] GC(193)   Post Evacuate Collection Set: 0.37ms
[112.368s][info][gc,phases   ] GC(193)   Other: 0.09ms
[112.368s][info][gc,heap     ] GC(193) Eden regions: 151->0(151)
[112.368s][info][gc,heap     ] GC(193) Survivor regions: 2->2(20)
[112.368s][info][gc,heap     ] GC(193) Old regions: 51->51
[112.368s][info][gc,heap     ] GC(193) Humongous regions: 7->1
[112.368s][info][gc,metaspace] GC(193) Metaspace: 41324K(41664K)->41324K(41664K) NonClass: 38513K(38720K)->38513K(38720K) Class: 2811K(2944K)->2811K(2944K)
[112.369s][info][gc          ] GC(193) Pause Young (Prepare Mixed) (G1 Evacuation Pause) 210M->53M(256M) 3.819ms
[112.369s][info][gc,cpu      ] GC(193) User=0.00s Sys=0.00s Real=0.01s
[112.759s][info][gc,start    ] GC(194) Pause Young (Mixed) (G1 Evacuation Pause)
[112.760s][info][gc,task     ] GC(194) Using 2 workers of 2 for evacuation
[112.801s][info][gc,phases   ] GC(194)   Pre Evacuate Collection Set: 0.17ms
[112.801s][info][gc,phases   ] GC(194)   Merge Heap Roots: 0.12ms
[112.801s][info][gc,phases   ] GC(194)   Evacuate Collection Set: 40.32ms
[112.801s][info][gc,phases   ] GC(194)   Post Evacuate Collection Set: 0.70ms
[112.801s][info][gc,phases   ] GC(194)   Other: 0.07ms
[112.801s][info][gc,heap     ] GC(194) Eden regions: 151->0(121)
[112.801s][info][gc,heap     ] GC(194) Survivor regions: 2->20(20)
[112.801s][info][gc,heap     ] GC(194) Old regions: 51->68
[112.801s][info][gc,heap     ] GC(194) Humongous regions: 3->3
[112.801s][info][gc,metaspace] GC(194) Metaspace: 41324K(41664K)->41324K(41664K) NonClass: 38513K(38720K)->38513K(38720K) Class: 2811K(2944K)->2811K(2944K)
[112.801s][info][gc          ] GC(194) Pause Young (Mixed) (G1 Evacuation Pause) 206M->90M(256M) 41.559ms
[112.801s][info][gc,cpu      ] GC(194) User=0.08s Sys=0.00s Real=0.04s
[113.331s][info][gc,start    ] GC(195) Pause Young (Concurrent Start) (G1 Evacuation Pause)
[113.332s][info][gc,task     ] GC(195) Using 2 workers of 2 for evacuation
[113.390s][info][gc,phases   ] GC(195)   Pre Evacuate Collection Set: 0.18ms
[113.390s][info][gc,phases   ] GC(195)   Merge Heap Roots: 0.23ms
[113.390s][info][gc,phases   ] GC(195)   Evacuate Collection Set: 57.81ms
[113.390s][info][gc,phases   ] GC(195)   Post Evacuate Collection Set: 0.41ms
[113.390s][info][gc,phases   ] GC(195)   Other: 0.09ms
[113.390s][info][gc,heap     ] GC(195) Eden regions: 121->0(95)
[113.390s][info][gc,heap     ] GC(195) Survivor regions: 20->18(18)
[113.390s][info][gc,heap     ] GC(195) Old regions: 68->99
[113.390s][info][gc,heap     ] GC(195) Humongous regions: 3->3
[113.390s][info][gc,metaspace] GC(195) Metaspace: 41325K(41664K)->41325K(41664K) NonClass: 38513K(38720K)->38513K(38720K) Class: 2811K(2944K)->2811K(2944K)
[113.390s][info][gc          ] GC(195) Pause Young (Concurrent Start) (G1 Evacuation Pause) 211M->120M(261M) 58.913ms
[113.390s][info][gc,cpu      ] GC(195) User=0.11s Sys=0.01s Real=0.06s
[113.390s][info][gc          ] GC(196) Concurrent Mark Cycle
[113.390s][info][gc,marking  ] GC(196) Concurrent Scan Root Regions
[113.461s][info][gc,marking  ] GC(196) Concurrent Scan Root Regions 70.866ms
[113.461s][info][gc,marking  ] GC(196) Concurrent Mark
[113.461s][info][gc,marking  ] GC(196) Concurrent Mark From Roots
[113.461s][info][gc,task     ] GC(196) Using 1 workers of 1 for marking
[113.582s][info][gc,marking  ] GC(196) Concurrent Mark From Roots 120.456ms
[113.582s][info][gc,marking  ] GC(196) Concurrent Preclean
[113.582s][info][gc,marking  ] GC(196) Concurrent Preclean 0.040ms
[113.582s][info][gc,start    ] GC(196) Pause Remark
[113.600s][info][gc          ] GC(196) Pause Remark 137M->137M(261M) 17.490ms
[113.600s][info][gc,cpu      ] GC(196) User=0.03s Sys=0.00s Real=0.02s
[113.600s][info][gc,marking  ] GC(196) Concurrent Mark 138.949ms
[113.600s][info][gc,marking  ] GC(196) Concurrent Rebuild Remembered Sets and Scrub Regions
[113.671s][info][gc,marking  ] GC(196) Concurrent Rebuild Remembered Sets and Scrub Regions 70.228ms
[113.671s][info][gc,start    ] GC(196) Pause Cleanup
[113.671s][info][gc          ] GC(196) Pause Cleanup 144M->144M(261M) 0.044ms
[113.671s][info][gc,cpu      ] GC(196) User=0.00s Sys=0.00s Real=0.00s
[113.671s][info][gc,marking  ] GC(196) Concurrent Clear Claimed Marks
[113.671s][info][gc,marking  ] GC(196) Concurrent Clear Claimed Marks 0.036ms
[113.671s][info][gc,marking  ] GC(196) Concurrent Cleanup for Next Mark
[113.672s][info][gc,marking  ] GC(196) Concurrent Cleanup for Next Mark 0.827ms
[113.672s][info][gc          ] GC(196) Concurrent Mark Cycle 281.278ms
[113.993s][info][gc,start    ] GC(197) Pause Young (Prepare Mixed) (G1 Evacuation Pause)
[113.993s][info][gc,task     ] GC(197) Using 2 workers of 2 for evacuation
[114.058s][info][gc,phases   ] GC(197)   Pre Evacuate Collection Set: 0.16ms
[114.058s][info][gc,phases   ] GC(197)   Merge Heap Roots: 0.32ms
[114.058s][info][gc,phases   ] GC(197)   Evacuate Collection Set: 64.65ms
[114.058s][info][gc,phases   ] GC(197)   Post Evacuate Collection Set: 0.40ms
[114.058s][info][gc,phases   ] GC(197)   Other: 0.06ms
[114.058s][info][gc,heap     ] GC(197) Eden regions: 95->0(72)
[114.058s][info][gc,heap     ] GC(197) Survivor regions: 18->15(15)
[114.058s][info][gc,heap     ] GC(197) Old regions: 99->129
[114.058s][info][gc,heap     ] GC(197) Humongous regions: 3->3
[114.058s][info][gc,metaspace] GC(197) Metaspace: 41325K(41664K)->41325K(41664K) NonClass: 38513K(38720K)->38513K(38720K) Class: 2811K(2944K)->2811K(2944K)
[114.058s][info][gc          ] GC(197) Pause Young (Prepare Mixed) (G1 Evacuation Pause) 215M->146M(261M) 65.799ms
[114.058s][info][gc,cpu      ] GC(197) User=0.13s Sys=0.00s Real=0.07s
[114.418s][info][gc,start    ] GC(198) Pause Young (Mixed) (G1 Evacuation Pause)
[114.418s][info][gc,task     ] GC(198) Using 2 workers of 2 for evacuation
[114.465s][info][gc,phases   ] GC(198)   Pre Evacuate Collection Set: 0.16ms
[114.465s][info][gc,phases   ] GC(198)   Merge Heap Roots: 0.26ms
[114.465s][info][gc,phases   ] GC(198)   Evacuate Collection Set: 45.33ms
[114.465s][info][gc,phases   ] GC(198)   Post Evacuate Collection Set: 0.35ms
[114.465s][info][gc,phases   ] GC(198)   Other: 0.08ms
[114.465s][info][gc,heap     ] GC(198) Eden regions: 72->0(58)
[114.465s][info][gc,heap     ] GC(198) Survivor regions: 15->11(11)
[114.465s][info][gc,heap     ] GC(198) Old regions: 129->151
[114.465s][info][gc,heap     ] GC(198) Humongous regions: 3->3
[114.465s][info][gc,metaspace] GC(198) Metaspace: 41325K(41664K)->41325K(41664K) NonClass: 38513K(38720K)->38513K(38720K) Class: 2811K(2944K)->2811K(2944K)
[114.465s][info][gc          ] GC(198) Pause Young (Mixed) (G1 Evacuation Pause) 218M->165M(261M) 46.398ms
[114.465s][info][gc,cpu      ] GC(198) User=0.09s Sys=0.00s Real=0.04s
[114.686s][info][gc,start    ] GC(199) Pause Young (Concurrent Start) (G1 Humongous Allocation)
[114.686s][info][gc,task     ] GC(199) Using 2 workers of 2 for evacuation
[114.720s][info][gc,phases   ] GC(199)   Pre Evacuate Collection Set: 0.16ms
[114.720s][info][gc,phases   ] GC(199)   Merge Heap Roots: 0.17ms
[114.720s][info][gc,phases   ] GC(199)   Evacuate Collection Set: 33.12ms
[114.720s][info][gc,phases   ] GC(199)   Post Evacuate Collection Set: 0.35ms
[114.720s][info][gc,phases   ] GC(199)   Other: 0.10ms
[114.720s][info][gc,heap     ] GC(199) Eden regions: 41->0(51)
[114.720s][info][gc,heap     ] GC(199) Survivor regions: 11->9(9)
[114.720s][info][gc,heap     ] GC(199) Old regions: 151->164
[114.720s][info][gc,heap     ] GC(199) Humongous regions: 3->1
[114.720s][info][gc,metaspace] GC(199) Metaspace: 41325K(41664K)->41325K(41664K) NonClass: 38513K(38720K)->38513K(38720K) Class: 2811K(2944K)->2811K(2944K)
[114.720s][info][gc          ] GC(199) Pause Young (Concurrent Start) (G1 Humongous Allocation) 206M->174M(261M) 34.064ms
[114.720s][info][gc,cpu      ] GC(199) User=0.05s Sys=0.00s Real=0.04s
[114.720s][info][gc          ] GC(200) Concurrent Mark Cycle
[114.720s][info][gc,marking  ] GC(200) Concurrent Scan Root Regions
[114.769s][info][gc,marking  ] GC(200) Concurrent Scan Root Regions 48.782ms
[114.769s][info][gc,marking  ] GC(200) Concurrent Mark
[114.769s][info][gc,marking  ] GC(200) Concurrent Mark From Roots
[114.769s][info][gc,task     ] GC(200) Using 1 workers of 1 for marking
[114.916s][info][gc,start    ] GC(201) Pause Young (Normal) (G1 Evacuation Pause)
[114.916s][info][gc,task     ] GC(201) Using 2 workers of 2 for evacuation
[114.937s][info][gc,phases   ] GC(201)   Pre Evacuate Collection Set: 0.18ms
[114.937s][info][gc,phases   ] GC(201)   Merge Heap Roots: 0.11ms
[114.937s][info][gc,phases   ] GC(201)   Evacuate Collection Set: 19.08ms
[114.937s][info][gc,phases   ] GC(201)   Post Evacuate Collection Set: 1.23ms
[114.937s][info][gc,phases   ] GC(201)   Other: 0.08ms
[114.937s][info][gc,heap     ] GC(201) Eden regions: 51->0(131)
[114.937s][info][gc,heap     ] GC(201) Survivor regions: 9->8(8)
[114.937s][info][gc,heap     ] GC(201) Old regions: 164->175
[114.937s][info][gc,heap     ] GC(201) Humongous regions: 3->3
[114.937s][info][gc,metaspace] GC(201) Metaspace: 41345K(41728K)->41345K(41728K) NonClass: 38534K(38784K)->38534K(38784K) Class: 2811K(2944K)->2811K(2944K)
[114.937s][info][gc          ] GC(201) Pause Young (Normal) (G1 Evacuation Pause) 227M->186M(405M) 20.849ms
[114.937s][info][gc,cpu      ] GC(201) User=0.03s Sys=0.00s Real=0.03s
[114.959s][info][gc,marking  ] GC(200) Concurrent Mark From Roots 189.911ms
[114.959s][info][gc,marking  ] GC(200) Concurrent Preclean
[114.959s][info][gc,marking  ] GC(200) Concurrent Preclean 0.039ms
[114.959s][info][gc,start    ] GC(200) Pause Remark
[114.973s][info][gc          ] GC(200) Pause Remark 188M->188M(405M) 13.666ms
[114.973s][info][gc,cpu      ] GC(200) User=0.03s Sys=0.00s Real=0.01s
[114.973s][info][gc,marking  ] GC(200) Concurrent Mark 203.874ms
[114.973s][info][gc,marking  ] GC(200) Concurrent Rebuild Remembered Sets and Scrub Regions
[115.103s][info][gc,marking  ] GC(200) Concurrent Rebuild Remembered Sets and Scrub Regions 129.954ms
[115.104s][info][gc,start    ] GC(200) Pause Cleanup
[115.104s][info][gc          ] GC(200) Pause Cleanup 204M->204M(405M) 0.099ms
[115.104s][info][gc,cpu      ] GC(200) User=0.00s Sys=0.00s Real=0.00s
[115.104s][info][gc,marking  ] GC(200) Concurrent Clear Claimed Marks
[115.104s][info][gc,marking  ] GC(200) Concurrent Clear Claimed Marks 0.059ms
[115.104s][info][gc,marking  ] GC(200) Concurrent Cleanup for Next Mark
[115.109s][info][gc,marking  ] GC(200) Concurrent Cleanup for Next Mark 5.034ms
[115.110s][info][gc          ] GC(200) Concurrent Mark Cycle 389.513ms
[115.575s][info][gc,start    ] GC(202) Pause Young (Prepare Mixed) (G1 Evacuation Pause)
[115.576s][info][gc,task     ] GC(202) Using 2 workers of 2 for evacuation
[115.625s][info][gc,phases   ] GC(202)   Pre Evacuate Collection Set: 0.27ms
[115.625s][info][gc,phases   ] GC(202)   Merge Heap Roots: 0.10ms
[115.625s][info][gc,phases   ] GC(202)   Evacuate Collection Set: 48.59ms
[115.625s][info][gc,phases   ] GC(202)   Post Evacuate Collection Set: 0.47ms
[115.625s][info][gc,phases   ] GC(202)   Other: 0.10ms
[115.625s][info][gc,heap     ] GC(202) Eden regions: 131->0(129)
[115.625s][info][gc,heap     ] GC(202) Survivor regions: 8->18(18)
[115.625s][info][gc,heap     ] GC(202) Old regions: 175->178
[115.625s][info][gc,heap     ] GC(202) Humongous regions: 7->3
[115.625s][info][gc,metaspace] GC(202) Metaspace: 41350K(41728K)->41350K(41728K) NonClass: 38538K(38784K)->38538K(38784K) Class: 2811K(2944K)->2811K(2944K)
[115.625s][info][gc          ] GC(202) Pause Young (Prepare Mixed) (G1 Evacuation Pause) 321M->199M(405M) 49.729ms
[115.625s][info][gc,cpu      ] GC(202) User=0.04s Sys=0.02s Real=0.05s
[116.139s][info][gc,start    ] GC(203) Pause Young (Mixed) (G1 Evacuation Pause)
[116.139s][info][gc,task     ] GC(203) Using 2 workers of 2 for evacuation
[116.179s][info][gc,phases   ] GC(203)   Pre Evacuate Collection Set: 0.25ms
[116.179s][info][gc,phases   ] GC(203)   Merge Heap Roots: 0.28ms
[116.179s][info][gc,phases   ] GC(203)   Evacuate Collection Set: 38.63ms
[116.179s][info][gc,phases   ] GC(203)   Post Evacuate Collection Set: 0.73ms
[116.179s][info][gc,phases   ] GC(203)   Other: 0.08ms
[116.179s][info][gc,heap     ] GC(203) Eden regions: 129->0(156)
[116.179s][info][gc,heap     ] GC(203) Survivor regions: 18->9(19)
[116.179s][info][gc,heap     ] GC(203) Old regions: 178->156
[116.180s][info][gc,heap     ] GC(203) Humongous regions: 11->3
[116.180s][info][gc,metaspace] GC(203) Metaspace: 41350K(41728K)->41350K(41728K) NonClass: 38538K(38784K)->38538K(38784K) Class: 2811K(2944K)->2811K(2944K)
[116.180s][info][gc          ] GC(203) Pause Young (Mixed) (G1 Evacuation Pause) 336M->167M(405M) 40.168ms
[116.180s][info][gc,cpu      ] GC(203) User=0.07s Sys=0.01s Real=0.04s
[116.757s][info][gc,start    ] GC(204) Pause Young (Mixed) (G1 Evacuation Pause)
[116.757s][info][gc,task     ] GC(204) Using 2 workers of 2 for evacuation
[116.796s][info][gc,phases   ] GC(204)   Pre Evacuate Collection Set: 0.21ms
[116.796s][info][gc,phases   ] GC(204)   Merge Heap Roots: 0.85ms
[116.796s][info][gc,phases   ] GC(204)   Evacuate Collection Set: 37.21ms
[116.796s][info][gc,phases   ] GC(204)   Post Evacuate Collection Set: 0.49ms
[116.796s][info][gc,phases   ] GC(204)   Other: 0.08ms
[116.796s][info][gc,heap     ] GC(204) Eden regions: 156->0(156)
[116.796s][info][gc,heap     ] GC(204) Survivor regions: 9->21(21)
[116.796s][info][gc,heap     ] GC(204) Old regions: 156->143
[116.796s][info][gc,heap     ] GC(204) Humongous regions: 5->4
[116.796s][info][gc,metaspace] GC(204) Metaspace: 41378K(41728K)->41378K(41728K) NonClass: 38567K(38784K)->38567K(38784K) Class: 2811K(2944K)->2811K(2944K)
[116.796s][info][gc          ] GC(204) Pause Young (Mixed) (G1 Evacuation Pause) 325M->167M(405M) 39.037ms
[116.796s][info][gc,cpu      ] GC(204) User=0.07s Sys=0.00s Real=0.03s
[117.362s][info][gc,start    ] GC(205) Pause Young (Concurrent Start) (G1 Evacuation Pause)
[117.362s][info][gc,task     ] GC(205) Using 2 workers of 2 for evacuation
[117.393s][info][gc,phases   ] GC(205)   Pre Evacuate Collection Set: 0.23ms
[117.393s][info][gc,phases   ] GC(205)   Merge Heap Roots: 0.15ms
[117.393s][info][gc,phases   ] GC(205)   Evacuate Collection Set: 29.31ms
[117.393s][info][gc,phases   ] GC(205)   Post Evacuate Collection Set: 0.43ms
[117.393s][info][gc,phases   ] GC(205)   Other: 0.10ms
[117.393s][info][gc,heap     ] GC(205) Eden regions: 156->0(137)
[117.393s][info][gc,heap     ] GC(205) Survivor regions: 21->23(23)
[117.393s][info][gc,heap     ] GC(205) Old regions: 143->166
[117.393s][info][gc,heap     ] GC(205) Humongous regions: 4->4
[117.393s][info][gc,metaspace] GC(205) Metaspace: 41378K(41728K)->41378K(41728K) NonClass: 38567K(38784K)->38567K(38784K) Class: 2811K(2944K)->2811K(2944K)
[117.393s][info][gc          ] GC(205) Pause Young (Concurrent Start) (G1 Evacuation Pause) 323M->193M(405M) 30.462ms
[117.393s][info][gc,cpu      ] GC(205) User=0.06s Sys=0.00s Real=0.03s
[117.393s][info][gc          ] GC(206) Concurrent Mark Cycle
[117.393s][info][gc,marking  ] GC(206) Concurrent Scan Root Regions
[117.433s][info][gc,marking  ] GC(206) Concurrent Scan Root Regions 40.276ms
[117.433s][info][gc,marking  ] GC(206) Concurrent Mark
[117.433s][info][gc,marking  ] GC(206) Concurrent Mark From Roots
[117.433s][info][gc,task     ] GC(206) Using 1 workers of 1 for marking
[117.597s][info][gc,marking  ] GC(206) Concurrent Mark From Roots 163.772ms
[117.597s][info][gc,marking  ] GC(206) Concurrent Preclean
[117.597s][info][gc,marking  ] GC(206) Concurrent Preclean 0.041ms
[117.597s][info][gc,start    ] GC(206) Pause Remark
[117.611s][info][gc          ] GC(206) Pause Remark 240M->225M(405M) 13.976ms
[117.611s][info][gc,cpu      ] GC(206) User=0.03s Sys=0.00s Real=0.01s
[117.611s][info][gc,marking  ] GC(206) Concurrent Mark 178.071ms
[117.611s][info][gc,marking  ] GC(206) Concurrent Rebuild Remembered Sets and Scrub Regions
[117.703s][info][gc,marking  ] GC(206) Concurrent Rebuild Remembered Sets and Scrub Regions 91.704ms
[117.704s][info][gc,start    ] GC(206) Pause Cleanup
[117.704s][info][gc          ] GC(206) Pause Cleanup 254M->254M(405M) 0.092ms
[117.704s][info][gc,cpu      ] GC(206) User=0.00s Sys=0.00s Real=0.00s
[117.704s][info][gc,marking  ] GC(206) Concurrent Clear Claimed Marks
[117.704s][info][gc,marking  ] GC(206) Concurrent Clear Claimed Marks 0.055ms
[117.704s][info][gc,marking  ] GC(206) Concurrent Cleanup for Next Mark
[117.705s][info][gc,marking  ] GC(206) Concurrent Cleanup for Next Mark 1.224ms
[117.705s][info][gc          ] GC(206) Concurrent Mark Cycle 312.506ms
[117.898s][info][gc,start    ] GC(207) Pause Young (Prepare Mixed) (G1 Evacuation Pause)
[117.898s][info][gc,task     ] GC(207) Using 2 workers of 2 for evacuation
[117.931s][info][gc,phases   ] GC(207)   Pre Evacuate Collection Set: 0.23ms
[117.931s][info][gc,phases   ] GC(207)   Merge Heap Roots: 0.09ms
[117.931s][info][gc,phases   ] GC(207)   Evacuate Collection Set: 32.75ms
[117.931s][info][gc,phases   ] GC(207)   Post Evacuate Collection Set: 0.41ms
[117.931s][info][gc,phases   ] GC(207)   Other: 0.08ms
[117.931s][info][gc,heap     ] GC(207) Eden regions: 137->0(131)
[117.931s][info][gc,heap     ] GC(207) Survivor regions: 23->20(20)
[117.931s][info][gc,heap     ] GC(207) Old regions: 151->171
[117.931s][info][gc,heap     ] GC(207) Humongous regions: 6->5
[117.931s][info][gc,metaspace] GC(207) Metaspace: 41378K(41728K)->41378K(41728K) NonClass: 38567K(38784K)->38567K(38784K) Class: 2811K(2944K)->2811K(2944K)
[117.931s][info][gc          ] GC(207) Pause Young (Prepare Mixed) (G1 Evacuation Pause) 317M->196M(405M) 33.773ms
[117.931s][info][gc,cpu      ] GC(207) User=0.06s Sys=0.00s Real=0.03s
[118.480s][info][gc,start    ] GC(208) Pause Young (Mixed) (G1 Evacuation Pause)
[118.480s][info][gc,task     ] GC(208) Using 2 workers of 2 for evacuation
[118.532s][info][gc,phases   ] GC(208)   Pre Evacuate Collection Set: 0.20ms
[118.532s][info][gc,phases   ] GC(208)   Merge Heap Roots: 0.14ms
[118.532s][info][gc,phases   ] GC(208)   Evacuate Collection Set: 50.99ms
[118.532s][info][gc,phases   ] GC(208)   Post Evacuate Collection Set: 0.48ms
[118.532s][info][gc,phases   ] GC(208)   Other: 0.07ms
[118.532s][info][gc,heap     ] GC(208) Eden regions: 131->0(94)
[118.532s][info][gc,heap     ] GC(208) Survivor regions: 20->19(19)
[118.532s][info][gc,heap     ] GC(208) Old regions: 171->190
[118.532s][info][gc,heap     ] GC(208) Humongous regions: 5->5
[118.532s][info][gc,metaspace] GC(208) Metaspace: 41378K(41728K)->41378K(41728K) NonClass: 38567K(38784K)->38567K(38784K) Class: 2811K(2944K)->2811K(2944K)
[118.532s][info][gc          ] GC(208) Pause Young (Mixed) (G1 Evacuation Pause) 327M->214M(406M) 52.085ms
[118.532s][info][gc,cpu      ] GC(208) User=0.11s Sys=0.00s Real=0.05s
[118.871s][info][gc,start    ] GC(209) Pause Young (Mixed) (G1 Evacuation Pause)
[118.871s][info][gc,task     ] GC(209) Using 2 workers of 2 for evacuation
[118.927s][info][gc,phases   ] GC(209)   Pre Evacuate Collection Set: 0.21ms
[118.927s][info][gc,phases   ] GC(209)   Merge Heap Roots: 0.34ms
[118.927s][info][gc,phases   ] GC(209)   Evacuate Collection Set: 54.36ms
[118.927s][info][gc,phases   ] GC(209)   Post Evacuate Collection Set: 0.78ms
[118.927s][info][gc,phases   ] GC(209)   Other: 0.07ms
[118.927s][info][gc,heap     ] GC(209) Eden regions: 94->0(100)
[118.927s][info][gc,heap     ] GC(209) Survivor regions: 19->15(15)
[118.927s][info][gc,heap     ] GC(209) Old regions: 190->226
[118.927s][info][gc,heap     ] GC(209) Humongous regions: 5->5
[118.927s][info][gc,metaspace] GC(209) Metaspace: 41378K(41728K)->41378K(41728K) NonClass: 38567K(38784K)->38567K(38784K) Class: 2811K(2944K)->2811K(2944K)
[118.927s][info][gc          ] GC(209) Pause Young (Mixed) (G1 Evacuation Pause) 308M->246M(461M) 55.997ms
[118.927s][info][gc,cpu      ] GC(209) User=0.11s Sys=0.00s Real=0.06s
[118.954s][info][gc,start    ] GC(210) Pause Young (Concurrent Start) (G1 Humongous Allocation)
[118.954s][info][gc,task     ] GC(210) Using 2 workers of 2 for evacuation
[118.968s][info][gc,phases   ] GC(210)   Pre Evacuate Collection Set: 0.22ms
[118.968s][info][gc,phases   ] GC(210)   Merge Heap Roots: 0.13ms
[118.968s][info][gc,phases   ] GC(210)   Evacuate Collection Set: 13.36ms
[118.968s][info][gc,phases   ] GC(210)   Post Evacuate Collection Set: 0.28ms
[118.968s][info][gc,phases   ] GC(210)   Other: 0.09ms
[118.968s][info][gc,heap     ] GC(210) Eden regions: 8->0(93)
[118.968s][info][gc,heap     ] GC(210) Survivor regions: 15->5(15)
[118.968s][info][gc,heap     ] GC(210) Old regions: 226->242
[118.968s][info][gc,heap     ] GC(210) Humongous regions: 5->5
[118.968s][info][gc,metaspace] GC(210) Metaspace: 41378K(41728K)->41378K(41728K) NonClass: 38567K(38784K)->38567K(38784K) Class: 2811K(2944K)->2811K(2944K)
[118.968s][info][gc          ] GC(210) Pause Young (Concurrent Start) (G1 Humongous Allocation) 253M->251M(461M) 14.228ms
[118.968s][info][gc          ] GC(211) Concurrent Mark Cycle
[118.968s][info][gc,marking  ] GC(211) Concurrent Scan Root Regions
[118.968s][info][gc,cpu      ] GC(210) User=0.03s Sys=0.01s Real=0.02s
[118.979s][info][gc,marking  ] GC(211) Concurrent Scan Root Regions 10.139ms
[118.979s][info][gc,marking  ] GC(211) Concurrent Mark
[118.979s][info][gc,marking  ] GC(211) Concurrent Mark From Roots
[118.979s][info][gc,task     ] GC(211) Using 1 workers of 1 for marking
[119.077s][info][gc,marking  ] GC(211) Concurrent Mark From Roots 98.377ms
[119.077s][info][gc,marking  ] GC(211) Concurrent Preclean
[119.077s][info][gc,marking  ] GC(211) Concurrent Preclean 0.047ms
[119.077s][info][gc,start    ] GC(211) Pause Remark
[119.091s][info][gc          ] GC(211) Pause Remark 271M->185M(461M) 14.268ms
[119.092s][info][gc,cpu      ] GC(211) User=0.02s Sys=0.00s Real=0.01s
[119.092s][info][gc,marking  ] GC(211) Concurrent Mark 113.024ms
[119.092s][info][gc,marking  ] GC(211) Concurrent Rebuild Remembered Sets and Scrub Regions
[119.137s][info][gc,marking  ] GC(211) Concurrent Rebuild Remembered Sets and Scrub Regions 45.231ms
[119.137s][info][gc,start    ] GC(211) Pause Cleanup
[119.137s][info][gc          ] GC(211) Pause Cleanup 194M->194M(461M) 0.072ms
[119.137s][info][gc,cpu      ] GC(211) User=0.00s Sys=0.00s Real=0.00s
[119.137s][info][gc,marking  ] GC(211) Concurrent Clear Claimed Marks
[119.137s][info][gc,marking  ] GC(211) Concurrent Clear Claimed Marks 0.038ms
[119.137s][info][gc,marking  ] GC(211) Concurrent Cleanup for Next Mark
[119.139s][info][gc,marking  ] GC(211) Concurrent Cleanup for Next Mark 1.937ms
[119.139s][info][gc          ] GC(211) Concurrent Mark Cycle 170.752ms
[119.387s][info][gc,start    ] GC(212) Pause Young (Prepare Mixed) (G1 Evacuation Pause)
[119.387s][info][gc,task     ] GC(212) Using 2 workers of 2 for evacuation
[119.414s][info][gc,phases   ] GC(212)   Pre Evacuate Collection Set: 0.21ms
[119.414s][info][gc,phases   ] GC(212)   Merge Heap Roots: 0.19ms
[119.414s][info][gc,phases   ] GC(212)   Evacuate Collection Set: 25.77ms
[119.414s][info][gc,phases   ] GC(212)   Post Evacuate Collection Set: 0.38ms
[119.414s][info][gc,phases   ] GC(212)   Other: 0.08ms
[119.414s][info][gc,heap     ] GC(212) Eden regions: 93->0(121)
[119.414s][info][gc,heap     ] GC(212) Survivor regions: 5->13(13)
[119.414s][info][gc,heap     ] GC(212) Old regions: 158->181
[119.414s][info][gc,heap     ] GC(212) Humongous regions: 4->4
[119.414s][info][gc,metaspace] GC(212) Metaspace: 41379K(41728K)->41379K(41728K) NonClass: 38568K(38784K)->38568K(38784K) Class: 2811K(2944K)->2811K(2944K)
[119.414s][info][gc          ] GC(212) Pause Young (Prepare Mixed) (G1 Evacuation Pause) 259M->198M(461M) 26.822ms
[119.414s][info][gc,cpu      ] GC(212) User=0.05s Sys=0.00s Real=0.02s
[119.819s][info][gc,start    ] GC(213) Pause Young (Mixed) (G1 Evacuation Pause)
[119.819s][info][gc,task     ] GC(213) Using 2 workers of 2 for evacuation
[119.853s][info][gc,phases   ] GC(213)   Pre Evacuate Collection Set: 0.26ms
[119.853s][info][gc,phases   ] GC(213)   Merge Heap Roots: 0.25ms
[119.853s][info][gc,phases   ] GC(213)   Evacuate Collection Set: 33.04ms
[119.853s][info][gc,phases   ] GC(213)   Post Evacuate Collection Set: 0.46ms
[119.853s][info][gc,phases   ] GC(213)   Other: 0.07ms
[119.853s][info][gc,heap     ] GC(213) Eden regions: 121->0(133)
[119.853s][info][gc,heap     ] GC(213) Survivor regions: 13->17(17)
[119.853s][info][gc,heap     ] GC(213) Old regions: 181->162
[119.853s][info][gc,heap     ] GC(213) Humongous regions: 4->4
[119.853s][info][gc,metaspace] GC(213) Metaspace: 41379K(41728K)->41379K(41728K) NonClass: 38568K(38784K)->38568K(38784K) Class: 2811K(2944K)->2811K(2944K)
[119.853s][info][gc          ] GC(213) Pause Young (Mixed) (G1 Evacuation Pause) 319M->183M(461M) 34.271ms
[119.853s][info][gc,cpu      ] GC(213) User=0.07s Sys=0.00s Real=0.03s
[120.316s][info][gc,start    ] GC(214) Pause Young (Mixed) (G1 Evacuation Pause)
[120.316s][info][gc,task     ] GC(214) Using 2 workers of 2 for evacuation
[120.376s][info][gc,phases   ] GC(214)   Pre Evacuate Collection Set: 0.22ms
[120.376s][info][gc,phases   ] GC(214)   Merge Heap Roots: 0.17ms
[120.376s][info][gc,phases   ] GC(214)   Evacuate Collection Set: 59.53ms
[120.376s][info][gc,phases   ] GC(214)   Post Evacuate Collection Set: 0.55ms
[120.376s][info][gc,phases   ] GC(214)   Other: 0.08ms
[120.376s][info][gc,heap     ] GC(214) Eden regions: 133->0(93)
[120.376s][info][gc,heap     ] GC(214) Survivor regions: 17->19(19)
[120.376s][info][gc,heap     ] GC(214) Old regions: 162->226
[120.376s][info][gc,heap     ] GC(214) Humongous regions: 5->5
[120.376s][info][gc,metaspace] GC(214) Metaspace: 41379K(41728K)->41379K(41728K) NonClass: 38568K(38784K)->38568K(38784K) Class: 2811K(2944K)->2811K(2944K)
[120.376s][info][gc          ] GC(214) Pause Young (Mixed) (G1 Evacuation Pause) 317M->249M(461M) 60.753ms
[120.376s][info][gc,cpu      ] GC(214) User=0.12s Sys=0.00s Real=0.06s
[120.523s][info][gc,start    ] GC(215) Pause Young (Concurrent Start) (G1 Humongous Allocation)
[120.523s][info][gc,task     ] GC(215) Using 2 workers of 2 for evacuation
[120.565s][info][gc,phases   ] GC(215)   Pre Evacuate Collection Set: 0.24ms
[120.565s][info][gc,phases   ] GC(215)   Merge Heap Roots: 0.35ms
[120.565s][info][gc,phases   ] GC(215)   Evacuate Collection Set: 40.60ms
[120.565s][info][gc,phases   ] GC(215)   Post Evacuate Collection Set: 0.67ms
[120.565s][info][gc,phases   ] GC(215)   Other: 0.12ms
[120.565s][info][gc,heap     ] GC(215) Eden regions: 48->0(91)
[120.565s][info][gc,heap     ] GC(215) Survivor regions: 19->14(14)
[120.565s][info][gc,heap     ] GC(215) Old regions: 226->263
[120.565s][info][gc,heap     ] GC(215) Humongous regions: 5->5
[120.565s][info][gc,metaspace] GC(215) Metaspace: 41379K(41728K)->41379K(41728K) NonClass: 38568K(38784K)->38568K(38784K) Class: 2811K(2944K)->2811K(2944K)
[120.565s][info][gc          ] GC(215) Pause Young (Concurrent Start) (G1 Humongous Allocation) 297M->281M(509M) 42.221ms
[120.565s][info][gc,cpu      ] GC(215) User=0.09s Sys=0.00s Real=0.04s
[120.565s][info][gc          ] GC(216) Concurrent Mark Cycle
[120.565s][info][gc,marking  ] GC(216) Concurrent Scan Root Regions
[120.588s][info][gc,marking  ] GC(216) Concurrent Scan Root Regions 23.122ms
[120.588s][info][gc,marking  ] GC(216) Concurrent Mark
[120.588s][info][gc,marking  ] GC(216) Concurrent Mark From Roots
[120.588s][info][gc,task     ] GC(216) Using 1 workers of 1 for marking
[120.735s][info][gc,marking  ] GC(216) Concurrent Mark From Roots 146.631ms
[120.735s][info][gc,marking  ] GC(216) Concurrent Preclean
[120.735s][info][gc,marking  ] GC(216) Concurrent Preclean 0.047ms
[120.735s][info][gc,start    ] GC(216) Pause Remark
[120.749s][info][gc          ] GC(216) Pause Remark 318M->278M(509M) 13.949ms
[120.749s][info][gc,cpu      ] GC(216) User=0.02s Sys=0.00s Real=0.02s
[120.749s][info][gc,marking  ] GC(216) Concurrent Mark 160.947ms
[120.749s][info][gc,marking  ] GC(216) Concurrent Rebuild Remembered Sets and Scrub Regions
[120.842s][info][gc,marking  ] GC(216) Concurrent Rebuild Remembered Sets and Scrub Regions 92.882ms
[120.844s][info][gc,start    ] GC(216) Pause Cleanup
[120.844s][info][gc          ] GC(216) Pause Cleanup 295M->295M(509M) 0.096ms
[120.844s][info][gc,cpu      ] GC(216) User=0.00s Sys=0.00s Real=0.00s
[120.844s][info][gc,marking  ] GC(216) Concurrent Clear Claimed Marks
[120.844s][info][gc,marking  ] GC(216) Concurrent Clear Claimed Marks 0.038ms
[120.844s][info][gc,marking  ] GC(216) Concurrent Cleanup for Next Mark
[120.848s][info][gc,marking  ] GC(216) Concurrent Cleanup for Next Mark 3.530ms
[120.848s][info][gc          ] GC(216) Concurrent Mark Cycle 282.608ms
[120.979s][info][gc,start    ] GC(217) Pause Young (Prepare Mixed) (G1 Evacuation Pause)
[120.979s][info][gc,task     ] GC(217) Using 2 workers of 2 for evacuation
[121.030s][info][gc,phases   ] GC(217)   Pre Evacuate Collection Set: 0.21ms
[121.030s][info][gc,phases   ] GC(217)   Merge Heap Roots: 0.30ms
[121.030s][info][gc,phases   ] GC(217)   Evacuate Collection Set: 49.53ms
[121.030s][info][gc,phases   ] GC(217)   Post Evacuate Collection Set: 0.42ms
[121.030s][info][gc,phases   ] GC(217)   Other: 0.06ms
[121.030s][info][gc,heap     ] GC(217) Eden regions: 91->0(81)
[121.030s][info][gc,heap     ] GC(217) Survivor regions: 14->14(14)
[121.030s][info][gc,heap     ] GC(217) Old regions: 224->283
[121.030s][info][gc,heap     ] GC(217) Humongous regions: 5->5
[121.030s][info][gc,metaspace] GC(217) Metaspace: 41379K(41728K)->41379K(41728K) NonClass: 38568K(38784K)->38568K(38784K) Class: 2811K(2944K)->2811K(2944K)
[121.030s][info][gc          ] GC(217) Pause Young (Prepare Mixed) (G1 Evacuation Pause) 333M->302M(509M) 50.737ms
[121.030s][info][gc,cpu      ] GC(217) User=0.10s Sys=0.00s Real=0.05s
[121.304s][info][gc,start    ] GC(218) Pause Young (Mixed) (G1 Evacuation Pause)
[121.304s][info][gc,task     ] GC(218) Using 2 workers of 2 for evacuation
[121.355s][info][gc,phases   ] GC(218)   Pre Evacuate Collection Set: 0.23ms
[121.356s][info][gc,phases   ] GC(218)   Merge Heap Roots: 0.38ms
[121.356s][info][gc,phases   ] GC(218)   Evacuate Collection Set: 50.22ms
[121.356s][info][gc,phases   ] GC(218)   Post Evacuate Collection Set: 0.49ms
[121.356s][info][gc,phases   ] GC(218)   Other: 0.07ms
[121.356s][info][gc,heap     ] GC(218) Eden regions: 81->0(82)
[121.356s][info][gc,heap     ] GC(218) Survivor regions: 14->12(12)
[121.356s][info][gc,heap     ] GC(218) Old regions: 283->283
[121.356s][info][gc,heap     ] GC(218) Humongous regions: 6->6
[121.356s][info][gc,metaspace] GC(218) Metaspace: 41379K(41728K)->41379K(41728K) NonClass: 38568K(38784K)->38568K(38784K) Class: 2811K(2944K)->2811K(2944K)
[121.356s][info][gc          ] GC(218) Pause Young (Mixed) (G1 Evacuation Pause) 384M->301M(509M) 51.584ms
[121.356s][info][gc,cpu      ] GC(218) User=0.10s Sys=0.00s Real=0.05s
[121.634s][info][gc,start    ] GC(219) Pause Young (Mixed) (G1 Evacuation Pause)
[121.634s][info][gc,task     ] GC(219) Using 2 workers of 2 for evacuation
[121.686s][info][gc,phases   ] GC(219)   Pre Evacuate Collection Set: 0.21ms
[121.686s][info][gc,phases   ] GC(219)   Merge Heap Roots: 0.50ms
[121.686s][info][gc,phases   ] GC(219)   Evacuate Collection Set: 50.36ms
[121.686s][info][gc,phases   ] GC(219)   Post Evacuate Collection Set: 0.38ms
[121.686s][info][gc,phases   ] GC(219)   Other: 0.07ms
[121.686s][info][gc,heap     ] GC(219) Eden regions: 82->0(70)
[121.686s][info][gc,heap     ] GC(219) Survivor regions: 12->12(12)
[121.686s][info][gc,heap     ] GC(219) Old regions: 283->317
[121.686s][info][gc,heap     ] GC(219) Humongous regions: 6->6
[121.686s][info][gc,metaspace] GC(219) Metaspace: 41379K(41728K)->41379K(41728K) NonClass: 38568K(38784K)->38568K(38784K) Class: 2811K(2944K)->2811K(2944K)
[121.686s][info][gc          ] GC(219) Pause Young (Mixed) (G1 Evacuation Pause) 383M->334M(509M) 51.733ms
[121.686s][info][gc,cpu      ] GC(219) User=0.10s Sys=0.00s Real=0.05s
[121.736s][info][gc,start    ] GC(220) Pause Young (Concurrent Start) (G1 Humongous Allocation)
[121.736s][info][gc,task     ] GC(220) Using 2 workers of 2 for evacuation
[121.754s][info][gc,phases   ] GC(220)   Pre Evacuate Collection Set: 0.25ms
[121.754s][info][gc,phases   ] GC(220)   Merge Heap Roots: 0.14ms
[121.754s][info][gc,phases   ] GC(220)   Evacuate Collection Set: 16.57ms
[121.754s][info][gc,phases   ] GC(220)   Post Evacuate Collection Set: 0.30ms
[121.754s][info][gc,phases   ] GC(220)   Other: 0.09ms
[121.754s][info][gc,heap     ] GC(220) Eden regions: 16->0(61)
[121.754s][info][gc,heap     ] GC(220) Survivor regions: 12->11(11)
[121.754s][info][gc,heap     ] GC(220) Old regions: 317->329
[121.754s][info][gc,heap     ] GC(220) Humongous regions: 6->6
[121.754s][info][gc,metaspace] GC(220) Metaspace: 41379K(41728K)->41379K(41728K) NonClass: 38568K(38784K)->38568K(38784K) Class: 2811K(2944K)->2811K(2944K)
[121.754s][info][gc          ] GC(220) Pause Young (Concurrent Start) (G1 Humongous Allocation) 350M->344M(509M) 17.510ms
[121.754s][info][gc          ] GC(221) Concurrent Mark Cycle
[121.754s][info][gc,marking  ] GC(221) Concurrent Scan Root Regions
[121.754s][info][gc,cpu      ] GC(220) User=0.03s Sys=0.00s Real=0.02s
[121.765s][info][gc,marking  ] GC(221) Concurrent Scan Root Regions 11.180ms
[121.765s][info][gc,marking  ] GC(221) Concurrent Mark
[121.765s][info][gc,marking  ] GC(221) Concurrent Mark From Roots
[121.765s][info][gc,task     ] GC(221) Using 1 workers of 1 for marking
[121.945s][info][gc,marking  ] GC(221) Concurrent Mark From Roots 179.789ms
[121.945s][info][gc,marking  ] GC(221) Concurrent Preclean
[121.945s][info][gc,marking  ] GC(221) Concurrent Preclean 0.048ms
[121.945s][info][gc,start    ] GC(221) Pause Remark
[121.961s][info][gc          ] GC(221) Pause Remark 394M->302M(509M) 16.023ms
[121.961s][info][gc,cpu      ] GC(221) User=0.02s Sys=0.00s Real=0.02s
[121.961s][info][gc,marking  ] GC(221) Concurrent Mark 196.132ms
[121.961s][info][gc,marking  ] GC(221) Concurrent Rebuild Remembered Sets and Scrub Regions
[122.007s][info][gc,start    ] GC(222) Pause Young (Normal) (G1 Evacuation Pause)
[122.007s][info][gc,task     ] GC(222) Using 2 workers of 2 for evacuation
[122.023s][info][gc,phases   ] GC(222)   Pre Evacuate Collection Set: 0.26ms
[122.023s][info][gc,phases   ] GC(222)   Merge Heap Roots: 0.18ms
[122.023s][info][gc,phases   ] GC(222)   Evacuate Collection Set: 14.26ms
[122.023s][info][gc,phases   ] GC(222)   Post Evacuate Collection Set: 0.97ms
[122.023s][info][gc,phases   ] GC(222)   Other: 0.06ms
[122.023s][info][gc,heap     ] GC(222) Eden regions: 61->0(133)
[122.023s][info][gc,heap     ] GC(222) Survivor regions: 11->9(9)
[122.023s][info][gc,heap     ] GC(222) Old regions: 239->248
[122.023s][info][gc,heap     ] GC(222) Humongous regions: 5->5
[122.023s][info][gc,metaspace] GC(222) Metaspace: 41379K(41728K)->41379K(41728K) NonClass: 38568K(38784K)->38568K(38784K) Class: 2811K(2944K)->2811K(2944K)
[122.023s][info][gc          ] GC(222) Pause Young (Normal) (G1 Evacuation Pause) 314M->261M(603M) 15.926ms
[122.023s][info][gc,cpu      ] GC(222) User=0.03s Sys=0.00s Real=0.01s
[122.049s][info][gc,marking  ] GC(221) Concurrent Rebuild Remembered Sets and Scrub Regions 88.098ms
[122.050s][info][gc,start    ] GC(221) Pause Cleanup
[122.050s][info][gc          ] GC(221) Pause Cleanup 269M->269M(603M) 0.090ms
[122.050s][info][gc,cpu      ] GC(221) User=0.00s Sys=0.00s Real=0.00s
[122.050s][info][gc,marking  ] GC(221) Concurrent Clear Claimed Marks
[122.050s][info][gc,marking  ] GC(221) Concurrent Clear Claimed Marks 0.036ms
[122.050s][info][gc,marking  ] GC(221) Concurrent Cleanup for Next Mark
[122.052s][info][gc,marking  ] GC(221) Concurrent Cleanup for Next Mark 2.660ms
[122.052s][info][gc          ] GC(221) Concurrent Mark Cycle 298.471ms
[122.532s][info][gc,start    ] GC(223) Pause Young (Prepare Mixed) (G1 Evacuation Pause)
[122.532s][info][gc,task     ] GC(223) Using 2 workers of 2 for evacuation
[122.544s][info][gc,phases   ] GC(223)   Pre Evacuate Collection Set: 0.22ms
[122.544s][info][gc,phases   ] GC(223)   Merge Heap Roots: 0.12ms
[122.544s][info][gc,phases   ] GC(223)   Evacuate Collection Set: 11.51ms
[122.544s][info][gc,phases   ] GC(223)   Post Evacuate Collection Set: 0.40ms
[122.544s][info][gc,phases   ] GC(223)   Other: 0.07ms
[122.544s][info][gc,heap     ] GC(223) Eden regions: 133->0(146)
[122.544s][info][gc,heap     ] GC(223) Survivor regions: 9->14(18)
[122.544s][info][gc,heap     ] GC(223) Old regions: 248->248
[122.544s][info][gc,heap     ] GC(223) Humongous regions: 5->5
[122.544s][info][gc,metaspace] GC(223) Metaspace: 41384K(41728K)->41384K(41728K) NonClass: 38573K(38784K)->38573K(38784K) Class: 2811K(2944K)->2811K(2944K)
[122.544s][info][gc          ] GC(223) Pause Young (Prepare Mixed) (G1 Evacuation Pause) 394M->266M(603M) 12.519ms
[122.544s][info][gc,cpu      ] GC(223) User=0.03s Sys=0.00s Real=0.01s
[123.032s][info][gc,start    ] GC(224) Pause Young (Mixed) (G1 Evacuation Pause)
[123.032s][info][gc,task     ] GC(224) Using 2 workers of 2 for evacuation
[123.049s][info][gc,phases   ] GC(224)   Pre Evacuate Collection Set: 0.33ms
[123.049s][info][gc,phases   ] GC(224)   Merge Heap Roots: 0.40ms
[123.049s][info][gc,phases   ] GC(224)   Evacuate Collection Set: 15.92ms
[123.049s][info][gc,phases   ] GC(224)   Post Evacuate Collection Set: 0.45ms
[123.049s][info][gc,phases   ] GC(224)   Other: 0.08ms
[123.049s][info][gc,heap     ] GC(224) Eden regions: 146->0(182)
[123.049s][info][gc,heap     ] GC(224) Survivor regions: 14->10(20)
[123.049s][info][gc,heap     ] GC(224) Old regions: 248->195
[123.049s][info][gc,heap     ] GC(224) Humongous regions: 6->5
[123.049s][info][gc,metaspace] GC(224) Metaspace: 41386K(41728K)->41386K(41728K) NonClass: 38575K(38784K)->38575K(38784K) Class: 2811K(2944K)->2811K(2944K)
[123.049s][info][gc          ] GC(224) Pause Young (Mixed) (G1 Evacuation Pause) 413M->209M(603M) 17.385ms
[123.049s][info][gc,cpu      ] GC(224) User=0.03s Sys=0.00s Real=0.02s
[123.651s][info][gc,start    ] GC(225) Pause Young (Mixed) (G1 Evacuation Pause)
[123.651s][info][gc,task     ] GC(225) Using 2 workers of 2 for evacuation
[123.669s][info][gc,phases   ] GC(225)   Pre Evacuate Collection Set: 0.34ms
[123.669s][info][gc,phases   ] GC(225)   Merge Heap Roots: 0.30ms
[123.669s][info][gc,phases   ] GC(225)   Evacuate Collection Set: 16.88ms
[123.669s][info][gc,phases   ] GC(225)   Post Evacuate Collection Set: 0.45ms
[123.669s][info][gc,phases   ] GC(225)   Other: 0.07ms
[123.669s][info][gc,heap     ] GC(225) Eden regions: 182->0(209)
[123.669s][info][gc,heap     ] GC(225) Survivor regions: 10->7(24)
[123.669s][info][gc,heap     ] GC(225) Old regions: 195->168
[123.669s][info][gc,heap     ] GC(225) Humongous regions: 6->5
[123.669s][info][gc,metaspace] GC(225) Metaspace: 41393K(41728K)->41393K(41728K) NonClass: 38582K(38784K)->38582K(38784K) Class: 2811K(2944K)->2811K(2944K)
[123.669s][info][gc          ] GC(225) Pause Young (Mixed) (G1 Evacuation Pause) 392M->179M(603M) 18.212ms
[123.669s][info][gc,cpu      ] GC(225) User=0.03s Sys=0.00s Real=0.02s
[123.766s][info][gc,start    ] GC(226) Pause Young (Concurrent Start) (G1 Humongous Allocation)
[123.766s][info][gc,task     ] GC(226) Using 2 workers of 2 for evacuation
[123.774s][info][gc,phases   ] GC(226)   Pre Evacuate Collection Set: 0.23ms
[123.774s][info][gc,phases   ] GC(226)   Merge Heap Roots: 0.06ms
[123.774s][info][gc,phases   ] GC(226)   Evacuate Collection Set: 6.62ms
[123.774s][info][gc,phases   ] GC(226)   Post Evacuate Collection Set: 0.31ms
[123.774s][info][gc,phases   ] GC(226)   Other: 0.09ms
[123.774s][info][gc,heap     ] GC(226) Eden regions: 32->0(225)
[123.774s][info][gc,heap     ] GC(226) Survivor regions: 7->11(27)
[123.774s][info][gc,heap     ] GC(226) Old regions: 168->168
[123.774s][info][gc,heap     ] GC(226) Humongous regions: 5->5
[123.774s][info][gc,metaspace] GC(226) Metaspace: 41393K(41728K)->41393K(41728K) NonClass: 38582K(38784K)->38582K(38784K) Class: 2811K(2944K)->2811K(2944K)
[123.774s][info][gc          ] GC(226) Pause Young (Concurrent Start) (G1 Humongous Allocation) 210M->183M(603M) 7.511ms
[123.774s][info][gc,cpu      ] GC(226) User=0.02s Sys=0.00s Real=0.01s
[123.774s][info][gc          ] GC(227) Concurrent Mark Cycle
[123.774s][info][gc,marking  ] GC(227) Concurrent Scan Root Regions
[123.779s][info][gc,marking  ] GC(227) Concurrent Scan Root Regions 5.041ms
[123.779s][info][gc,marking  ] GC(227) Concurrent Mark
[123.779s][info][gc,marking  ] GC(227) Concurrent Mark From Roots
[123.779s][info][gc,task     ] GC(227) Using 1 workers of 1 for marking
[123.853s][info][gc,marking  ] GC(227) Concurrent Mark From Roots 73.755ms
[123.853s][info][gc,marking  ] GC(227) Concurrent Preclean
[123.853s][info][gc,marking  ] GC(227) Concurrent Preclean 0.044ms
[123.853s][info][gc,start    ] GC(227) Pause Remark
[123.866s][info][gc          ] GC(227) Pause Remark 206M->147M(417M) 13.537ms
[123.866s][info][gc,cpu      ] GC(227) User=0.03s Sys=0.00s Real=0.01s
[123.868s][info][gc,marking  ] GC(227) Concurrent Mark 88.929ms
[123.868s][info][gc,marking  ] GC(227) Concurrent Rebuild Remembered Sets and Scrub Regions
[123.896s][info][gc,marking  ] GC(227) Concurrent Rebuild Remembered Sets and Scrub Regions 28.450ms
[123.896s][info][gc,start    ] GC(227) Pause Cleanup
[123.896s][info][gc          ] GC(227) Pause Cleanup 156M->156M(417M) 0.057ms
[123.896s][info][gc,cpu      ] GC(227) User=0.00s Sys=0.00s Real=0.00s
[123.896s][info][gc,marking  ] GC(227) Concurrent Clear Claimed Marks
[123.897s][info][gc,marking  ] GC(227) Concurrent Clear Claimed Marks 0.036ms
[123.897s][info][gc,marking  ] GC(227) Concurrent Cleanup for Next Mark
[123.898s][info][gc,marking  ] GC(227) Concurrent Cleanup for Next Mark 1.184ms
[123.898s][info][gc          ] GC(227) Concurrent Mark Cycle 124.038ms
[124.508s][info][gc,start    ] GC(228) Pause Young (Prepare Mixed) (G1 Evacuation Pause)
[124.508s][info][gc,task     ] GC(228) Using 2 workers of 2 for evacuation
[124.516s][info][gc,phases   ] GC(228)   Pre Evacuate Collection Set: 0.21ms
[124.516s][info][gc,phases   ] GC(228)   Merge Heap Roots: 0.09ms
[124.516s][info][gc,phases   ] GC(228)   Evacuate Collection Set: 6.30ms
[124.516s][info][gc,phases   ] GC(228)   Post Evacuate Collection Set: 0.42ms
[124.516s][info][gc,phases   ] GC(228)   Other: 0.06ms
[124.516s][info][gc,heap     ] GC(228) Eden regions: 225->0(182)
[124.516s][info][gc,heap     ] GC(228) Survivor regions: 11->10(30)
[124.516s][info][gc,heap     ] GC(228) Old regions: 110->110
[124.516s][info][gc,heap     ] GC(228) Humongous regions: 6->3
[124.516s][info][gc,metaspace] GC(228) Metaspace: 41393K(41728K)->41393K(41728K) NonClass: 38582K(38784K)->38582K(38784K) Class: 2811K(2944K)->2811K(2944K)
[124.516s][info][gc          ] GC(228) Pause Young (Prepare Mixed) (G1 Evacuation Pause) 351M->122M(417M) 7.255ms
[124.516s][info][gc,cpu      ] GC(228) User=0.01s Sys=0.00s Real=0.00s
[125.120s][info][gc,start    ] GC(229) Pause Young (Mixed) (G1 Evacuation Pause)
[125.121s][info][gc,task     ] GC(229) Using 2 workers of 2 for evacuation
[125.139s][info][gc,phases   ] GC(229)   Pre Evacuate Collection Set: 0.28ms
[125.139s][info][gc,phases   ] GC(229)   Merge Heap Roots: 0.09ms
[125.139s][info][gc,phases   ] GC(229)   Evacuate Collection Set: 17.31ms
[125.139s][info][gc,phases   ] GC(229)   Post Evacuate Collection Set: 0.45ms
[125.139s][info][gc,phases   ] GC(229)   Other: 0.12ms
[125.139s][info][gc,heap     ] GC(229) Eden regions: 182->0(191)
[125.139s][info][gc,heap     ] GC(229) Survivor regions: 10->24(24)
[125.139s][info][gc,heap     ] GC(229) Old regions: 110->83
[125.139s][info][gc,heap     ] GC(229) Humongous regions: 5->3
[125.139s][info][gc,metaspace] GC(229) Metaspace: 41396K(41728K)->41396K(41728K) NonClass: 38585K(38784K)->38585K(38784K) Class: 2811K(2944K)->2811K(2944K)
[125.139s][info][gc          ] GC(229) Pause Young (Mixed) (G1 Evacuation Pause) 306M->109M(417M) 18.427ms
[125.139s][info][gc,cpu      ] GC(229) User=0.04s Sys=0.00s Real=0.02s
[125.153s][info][gc,start    ] GC(230) Pause Young (Concurrent Start) (G1 Humongous Allocation)
[125.153s][info][gc,task     ] GC(230) Using 2 workers of 2 for evacuation
[125.171s][info][gc,phases   ] GC(230)   Pre Evacuate Collection Set: 0.18ms
[125.171s][info][gc,phases   ] GC(230)   Merge Heap Roots: 0.06ms
[125.171s][info][gc,phases   ] GC(230)   Evacuate Collection Set: 16.51ms
[125.171s][info][gc,phases   ] GC(230)   Post Evacuate Collection Set: 0.30ms
[125.171s][info][gc,phases   ] GC(230)   Other: 0.08ms
[125.171s][info][gc,heap     ] GC(230) Eden regions: 5->0(157)
[125.171s][info][gc,heap     ] GC(230) Survivor regions: 24->4(27)
[125.171s][info][gc,heap     ] GC(230) Old regions: 83->107
[125.171s][info][gc,heap     ] GC(230) Humongous regions: 3->3
[125.171s][info][gc,metaspace] GC(230) Metaspace: 41396K(41728K)->41396K(41728K) NonClass: 38585K(38784K)->38585K(38784K) Class: 2811K(2944K)->2811K(2944K)
[125.171s][info][gc          ] GC(230) Pause Young (Concurrent Start) (G1 Humongous Allocation) 114M->113M(417M) 17.306ms
[125.171s][info][gc,cpu      ] GC(230) User=0.04s Sys=0.00s Real=0.02s
[125.171s][info][gc          ] GC(231) Concurrent Mark Cycle
[125.171s][info][gc,marking  ] GC(231) Concurrent Scan Root Regions
[125.181s][info][gc,marking  ] GC(231) Concurrent Scan Root Regions 10.716ms
[125.181s][info][gc,marking  ] GC(231) Concurrent Mark
[125.182s][info][gc,marking  ] GC(231) Concurrent Mark From Roots
[125.182s][info][gc,task     ] GC(231) Using 1 workers of 1 for marking
[125.261s][info][gc,marking  ] GC(231) Concurrent Mark From Roots 79.759ms
[125.261s][info][gc,marking  ] GC(231) Concurrent Preclean
[125.261s][info][gc,marking  ] GC(231) Concurrent Preclean 0.046ms
[125.261s][info][gc,start    ] GC(231) Pause Remark
[125.275s][info][gc          ] GC(231) Pause Remark 139M->139M(384M) 13.474ms
[125.275s][info][gc,cpu      ] GC(231) User=0.03s Sys=0.00s Real=0.01s
[125.275s][info][gc,marking  ] GC(231) Concurrent Mark 93.499ms
[125.275s][info][gc,marking  ] GC(231) Concurrent Rebuild Remembered Sets and Scrub Regions
[125.344s][info][gc,marking  ] GC(231) Concurrent Rebuild Remembered Sets and Scrub Regions 68.995ms
[125.344s][info][gc,start    ] GC(231) Pause Cleanup
[125.344s][info][gc          ] GC(231) Pause Cleanup 161M->161M(384M) 0.053ms
[125.344s][info][gc,cpu      ] GC(231) User=0.00s Sys=0.00s Real=0.00s
[125.344s][info][gc,marking  ] GC(231) Concurrent Clear Claimed Marks
[125.344s][info][gc,marking  ] GC(231) Concurrent Clear Claimed Marks 0.036ms
[125.344s][info][gc,marking  ] GC(231) Concurrent Cleanup for Next Mark
[125.348s][info][gc,marking  ] GC(231) Concurrent Cleanup for Next Mark 3.585ms
[125.348s][info][gc          ] GC(231) Concurrent Mark Cycle 177.221ms
[125.673s][info][gc,start    ] GC(232) Pause Young (Prepare Mixed) (G1 Evacuation Pause)
[125.673s][info][gc,task     ] GC(232) Using 2 workers of 2 for evacuation
[125.700s][info][gc,phases   ] GC(232)   Pre Evacuate Collection Set: 0.18ms
[125.700s][info][gc,phases   ] GC(232)   Merge Heap Roots: 0.20ms
[125.700s][info][gc,phases   ] GC(232)   Evacuate Collection Set: 25.56ms
[125.700s][info][gc,phases   ] GC(232)   Post Evacuate Collection Set: 0.46ms
[125.700s][info][gc,phases   ] GC(232)   Other: 0.07ms
[125.700s][info][gc,heap     ] GC(232) Eden regions: 157->0(128)
[125.700s][info][gc,heap     ] GC(232) Survivor regions: 4->21(21)
[125.700s][info][gc,heap     ] GC(232) Old regions: 107->122
[125.700s][info][gc,heap     ] GC(232) Humongous regions: 6->4
[125.700s][info][gc,metaspace] GC(232) Metaspace: 41396K(41728K)->41396K(41728K) NonClass: 38585K(38784K)->38585K(38784K) Class: 2811K(2944K)->2811K(2944K)
[125.700s][info][gc          ] GC(232) Pause Young (Prepare Mixed) (G1 Evacuation Pause) 273M->146M(384M) 26.681ms
[125.700s][info][gc,cpu      ] GC(232) User=0.05s Sys=0.00s Real=0.03s
[126.051s][info][gc,start    ] GC(233) Pause Young (Mixed) (G1 Evacuation Pause)
[126.051s][info][gc,task     ] GC(233) Using 2 workers of 2 for evacuation
[126.070s][info][gc,phases   ] GC(233)   Pre Evacuate Collection Set: 0.26ms
[126.070s][info][gc,phases   ] GC(233)   Merge Heap Roots: 0.18ms
[126.070s][info][gc,phases   ] GC(233)   Evacuate Collection Set: 18.24ms
[126.070s][info][gc,phases   ] GC(233)   Post Evacuate Collection Set: 0.39ms
[126.070s][info][gc,phases   ] GC(233)   Other: 0.07ms
[126.070s][info][gc,heap     ] GC(233) Eden regions: 128->0(143)
[126.070s][info][gc,heap     ] GC(233) Survivor regions: 21->2(19)
[126.070s][info][gc,heap     ] GC(233) Old regions: 122->134
[126.070s][info][gc,heap     ] GC(233) Humongous regions: 4->4
[126.070s][info][gc,metaspace] GC(233) Metaspace: 41396K(41728K)->41396K(41728K) NonClass: 38585K(38784K)->38585K(38784K) Class: 2811K(2944K)->2811K(2944K)
[126.070s][info][gc          ] GC(233) Pause Young (Mixed) (G1 Evacuation Pause) 274M->139M(384M) 19.310ms
[126.070s][info][gc,cpu      ] GC(233) User=0.04s Sys=0.01s Real=0.02s
[126.481s][info][gc,start    ] GC(234) Pause Young (Concurrent Start) (G1 Evacuation Pause)
[126.481s][info][gc,task     ] GC(234) Using 2 workers of 2 for evacuation
[126.484s][info][gc,phases   ] GC(234)   Pre Evacuate Collection Set: 0.19ms
[126.484s][info][gc,phases   ] GC(234)   Merge Heap Roots: 0.06ms
[126.484s][info][gc,phases   ] GC(234)   Evacuate Collection Set: 1.85ms
[126.484s][info][gc,phases   ] GC(234)   Post Evacuate Collection Set: 0.38ms
[126.484s][info][gc,phases   ] GC(234)   Other: 0.10ms
[126.484s][info][gc,heap     ] GC(234) Eden regions: 143->0(155)
[126.484s][info][gc,heap     ] GC(234) Survivor regions: 2->2(19)
[126.484s][info][gc,heap     ] GC(234) Old regions: 134->134
[126.484s][info][gc,heap     ] GC(234) Humongous regions: 4->4
[126.484s][info][gc,metaspace] GC(234) Metaspace: 41396K(41728K)->41396K(41728K) NonClass: 38585K(38784K)->38585K(38784K) Class: 2811K(2944K)->2811K(2944K)
[126.484s][info][gc          ] GC(234) Pause Young (Concurrent Start) (G1 Evacuation Pause) 282M->139M(384M) 2.747ms
[126.484s][info][gc,cpu      ] GC(234) User=0.00s Sys=0.00s Real=0.00s
[126.484s][info][gc          ] GC(235) Concurrent Mark Cycle
[126.484s][info][gc,marking  ] GC(235) Concurrent Scan Root Regions
[126.485s][info][gc,marking  ] GC(235) Concurrent Scan Root Regions 1.076ms
[126.485s][info][gc,marking  ] GC(235) Concurrent Mark
[126.485s][info][gc,marking  ] GC(235) Concurrent Mark From Roots
[126.485s][info][gc,task     ] GC(235) Using 1 workers of 1 for marking
[126.562s][info][gc,marking  ] GC(235) Concurrent Mark From Roots 76.837ms
[126.562s][info][gc,marking  ] GC(235) Concurrent Preclean
[126.562s][info][gc,marking  ] GC(235) Concurrent Preclean 0.039ms
[126.562s][info][gc,start    ] GC(235) Pause Remark
[126.576s][info][gc          ] GC(235) Pause Remark 165M->124M(334M) 13.536ms
[126.576s][info][gc,cpu      ] GC(235) User=0.03s Sys=0.00s Real=0.01s
[126.576s][info][gc,marking  ] GC(235) Concurrent Mark 90.724ms
[126.576s][info][gc,marking  ] GC(235) Concurrent Rebuild Remembered Sets and Scrub Regions
[126.607s][info][gc,marking  ] GC(235) Concurrent Rebuild Remembered Sets and Scrub Regions 31.580ms
[126.608s][info][gc,start    ] GC(235) Pause Cleanup
[126.608s][info][gc          ] GC(235) Pause Cleanup 134M->134M(334M) 0.046ms
[126.608s][info][gc,cpu      ] GC(235) User=0.00s Sys=0.00s Real=0.00s
[126.608s][info][gc,marking  ] GC(235) Concurrent Clear Claimed Marks
[126.608s][info][gc,marking  ] GC(235) Concurrent Clear Claimed Marks 0.035ms
[126.608s][info][gc,marking  ] GC(235) Concurrent Cleanup for Next Mark
[126.609s][info][gc,marking  ] GC(235) Concurrent Cleanup for Next Mark 0.942ms
[126.609s][info][gc          ] GC(235) Concurrent Mark Cycle 124.756ms
[126.914s][info][gc,start    ] GC(236) Pause Young (Prepare Mixed) (G1 Evacuation Pause)
[126.914s][info][gc,task     ] GC(236) Using 2 workers of 2 for evacuation
[126.916s][info][gc,phases   ] GC(236)   Pre Evacuate Collection Set: 0.16ms
[126.916s][info][gc,phases   ] GC(236)   Merge Heap Roots: 0.06ms
[126.916s][info][gc,phases   ] GC(236)   Evacuate Collection Set: 1.38ms
[126.916s][info][gc,phases   ] GC(236)   Post Evacuate Collection Set: 0.34ms
[126.916s][info][gc,phases   ] GC(236)   Other: 0.06ms
[126.916s][info][gc,heap     ] GC(236) Eden regions: 155->0(161)
[126.916s][info][gc,heap     ] GC(236) Survivor regions: 2->2(20)
[126.916s][info][gc,heap     ] GC(236) Old regions: 94->94
[126.916s][info][gc,heap     ] GC(236) Humongous regions: 4->3
[126.916s][info][gc,metaspace] GC(236) Metaspace: 41396K(41728K)->41396K(41728K) NonClass: 38585K(38784K)->38585K(38784K) Class: 2811K(2944K)->2811K(2944K)
[126.916s][info][gc          ] GC(236) Pause Young (Prepare Mixed) (G1 Evacuation Pause) 254M->97M(334M) 2.170ms
[126.916s][info][gc,cpu      ] GC(236) User=0.01s Sys=0.00s Real=0.00s
[127.264s][info][gc,start    ] GC(237) Pause Young (Mixed) (G1 Evacuation Pause)
[127.264s][info][gc,task     ] GC(237) Using 2 workers of 2 for evacuation
[127.271s][info][gc,phases   ] GC(237)   Pre Evacuate Collection Set: 0.18ms
[127.271s][info][gc,phases   ] GC(237)   Merge Heap Roots: 0.10ms
[127.271s][info][gc,phases   ] GC(237)   Evacuate Collection Set: 6.03ms
[127.271s][info][gc,phases   ] GC(237)   Post Evacuate Collection Set: 0.44ms
[127.271s][info][gc,phases   ] GC(237)   Other: 0.07ms
[127.271s][info][gc,heap     ] GC(237) Eden regions: 161->0(180)
[127.271s][info][gc,heap     ] GC(237) Survivor regions: 2->5(21)
[127.271s][info][gc,heap     ] GC(237) Old regions: 94->71
[127.271s][info][gc,heap     ] GC(237) Humongous regions: 3->1
[127.271s][info][gc,metaspace] GC(237) Metaspace: 41407K(41728K)->41407K(41728K) NonClass: 38595K(38784K)->38595K(38784K) Class: 2811K(2944K)->2811K(2944K)
[127.271s][info][gc          ] GC(237) Pause Young (Mixed) (G1 Evacuation Pause) 258M->76M(334M) 7.004ms
[127.271s][info][gc,cpu      ] GC(237) User=0.01s Sys=0.00s Real=0.01s
[127.558s][info][gc,start    ] GC(238) Pause Young (Concurrent Start) (G1 Evacuation Pause)
[127.558s][info][gc,task     ] GC(238) Using 2 workers of 2 for evacuation
[127.562s][info][gc,phases   ] GC(238)   Pre Evacuate Collection Set: 0.17ms
[127.562s][info][gc,phases   ] GC(238)   Merge Heap Roots: 0.06ms
[127.562s][info][gc,phases   ] GC(238)   Evacuate Collection Set: 2.84ms
[127.562s][info][gc,phases   ] GC(238)   Post Evacuate Collection Set: 0.47ms
[127.562s][info][gc,phases   ] GC(238)   Other: 0.11ms
[127.562s][info][gc,heap     ] GC(238) Eden regions: 180->0(189)
[127.562s][info][gc,heap     ] GC(238) Survivor regions: 5->5(24)
[127.562s][info][gc,heap     ] GC(238) Old regions: 71->71
[127.562s][info][gc,heap     ] GC(238) Humongous regions: 1->1
[127.562s][info][gc,metaspace] GC(238) Metaspace: 41422K(41792K)->41422K(41792K) NonClass: 38611K(38848K)->38611K(38848K) Class: 2811K(2944K)->2811K(2944K)
[127.562s][info][gc          ] GC(238) Pause Young (Concurrent Start) (G1 Evacuation Pause) 256M->75M(334M) 3.844ms
[127.562s][info][gc,cpu      ] GC(238) User=0.01s Sys=0.00s Real=0.00s
[127.562s][info][gc          ] GC(239) Concurrent Mark Cycle
[127.562s][info][gc,marking  ] GC(239) Concurrent Scan Root Regions
[127.564s][info][gc,marking  ] GC(239) Concurrent Scan Root Regions 2.100ms
[127.564s][info][gc,marking  ] GC(239) Concurrent Mark
[127.564s][info][gc,marking  ] GC(239) Concurrent Mark From Roots
[127.564s][info][gc,task     ] GC(239) Using 1 workers of 1 for marking
[127.647s][info][gc,marking  ] GC(239) Concurrent Mark From Roots 83.036ms
[127.647s][info][gc,marking  ] GC(239) Concurrent Preclean
[127.647s][info][gc,marking  ] GC(239) Concurrent Preclean 0.042ms
[127.647s][info][gc,start    ] GC(239) Pause Remark
[127.661s][info][gc          ] GC(239) Pause Remark 131M->127M(256M) 13.756ms
[127.661s][info][gc,cpu      ] GC(239) User=0.03s Sys=0.00s Real=0.01s
[127.662s][info][gc,marking  ] GC(239) Concurrent Mark 97.534ms
[127.662s][info][gc,marking  ] GC(239) Concurrent Rebuild Remembered Sets and Scrub Regions
[127.692s][info][gc,marking  ] GC(239) Concurrent Rebuild Remembered Sets and Scrub Regions 30.215ms
[127.692s][info][gc,start    ] GC(239) Pause Cleanup
[127.692s][info][gc          ] GC(239) Pause Cleanup 147M->147M(256M) 0.042ms
[127.692s][info][gc,cpu      ] GC(239) User=0.00s Sys=0.00s Real=0.00s
[127.693s][info][gc,marking  ] GC(239) Concurrent Clear Claimed Marks
[127.693s][info][gc,marking  ] GC(239) Concurrent Clear Claimed Marks 0.044ms
[127.693s][info][gc,marking  ] GC(239) Concurrent Cleanup for Next Mark
[127.694s][info][gc,marking  ] GC(239) Concurrent Cleanup for Next Mark 0.762ms
[127.694s][info][gc          ] GC(239) Concurrent Mark Cycle 132.172ms
[127.827s][info][gc,start    ] GC(240) Pause Young (Prepare Mixed) (G1 Evacuation Pause)
[127.827s][info][gc,task     ] GC(240) Using 2 workers of 2 for evacuation
[127.832s][info][gc,phases   ] GC(240)   Pre Evacuate Collection Set: 0.14ms
[127.832s][info][gc,phases   ] GC(240)   Merge Heap Roots: 0.07ms
[127.832s][info][gc,phases   ] GC(240)   Evacuate Collection Set: 4.30ms
[127.832s][info][gc,phases   ] GC(240)   Post Evacuate Collection Set: 0.39ms
[127.832s][info][gc,phases   ] GC(240)   Other: 0.09ms
[127.832s][info][gc,heap     ] GC(240) Eden regions: 148->0(139)
[127.832s][info][gc,heap     ] GC(240) Survivor regions: 5->9(20)
[127.832s][info][gc,heap     ] GC(240) Old regions: 67->67
[127.832s][info][gc,heap     ] GC(240) Humongous regions: 3->3
[127.832s][info][gc,metaspace] GC(240) Metaspace: 41428K(41792K)->41428K(41792K) NonClass: 38616K(38848K)->38616K(38848K) Class: 2811K(2944K)->2811K(2944K)
[127.832s][info][gc          ] GC(240) Pause Young (Prepare Mixed) (G1 Evacuation Pause) 221M->77M(256M) 5.168ms
[127.832s][info][gc,cpu      ] GC(240) User=0.01s Sys=0.00s Real=0.00s
[128.242s][info][gc,start    ] GC(241) Pause Young (Mixed) (G1 Evacuation Pause)
[128.242s][info][gc,task     ] GC(241) Using 2 workers of 2 for evacuation
[128.259s][info][gc,phases   ] GC(241)   Pre Evacuate Collection Set: 0.29ms
[128.259s][info][gc,phases   ] GC(241)   Merge Heap Roots: 0.12ms
[128.259s][info][gc,phases   ] GC(241)   Evacuate Collection Set: 15.65ms
[128.259s][info][gc,phases   ] GC(241)   Post Evacuate Collection Set: 0.75ms
[128.259s][info][gc,phases   ] GC(241)   Other: 0.09ms
[128.259s][info][gc,heap     ] GC(241) Eden regions: 62->0(188)
[128.259s][info][gc,heap     ] GC(241) Survivor regions: 9->8(19)
[128.259s][info][gc,heap     ] GC(241) Old regions: 67->61
[128.259s][info][gc,heap     ] GC(241) Humongous regions: 179->3
[128.259s][info][gc,metaspace] GC(241) Metaspace: 41464K(41856K)->41464K(41856K) NonClass: 38652K(38912K)->38652K(38912K) Class: 2811K(2944K)->2811K(2944K)
[128.259s][info][gc          ] GC(241) Pause Young (Mixed) (G1 Evacuation Pause) 315M->70M(327M) 17.109ms
[128.259s][info][gc,cpu      ] GC(241) User=0.02s Sys=0.01s Real=0.02s
[128.260s][info][gc,start    ] GC(242) Pause Young (Concurrent Start) (G1 Humongous Allocation)
[128.260s][info][gc,task     ] GC(242) Using 2 workers of 2 for evacuation
[128.266s][info][gc,phases   ] GC(242)   Pre Evacuate Collection Set: 0.17ms
[128.266s][info][gc,phases   ] GC(242)   Merge Heap Roots: 0.04ms
[128.266s][info][gc,phases   ] GC(242)   Evacuate Collection Set: 4.98ms
[128.266s][info][gc,phases   ] GC(242)   Post Evacuate Collection Set: 0.24ms
[128.266s][info][gc,phases   ] GC(242)   Other: 0.07ms
[128.266s][info][gc,heap     ] GC(242) Eden regions: 1->0(188)
[128.266s][info][gc,heap     ] GC(242) Survivor regions: 8->8(25)
[128.266s][info][gc,heap     ] GC(242) Old regions: 61->61
[128.266s][info][gc,heap     ] GC(242) Humongous regions: 3->1
[128.266s][info][gc,metaspace] GC(242) Metaspace: 41464K(41856K)->41464K(41856K) NonClass: 38652K(38912K)->38652K(38912K) Class: 2811K(2944K)->2811K(2944K)
[128.266s][info][gc          ] GC(242) Pause Young (Concurrent Start) (G1 Humongous Allocation) 71M->68M(327M) 5.691ms
[128.266s][info][gc          ] GC(243) Concurrent Mark Cycle
[128.266s][info][gc,marking  ] GC(243) Concurrent Scan Root Regions
[128.266s][info][gc,cpu      ] GC(242) User=0.01s Sys=0.00s Real=0.00s
[128.270s][info][gc,marking  ] GC(243) Concurrent Scan Root Regions 3.793ms
[128.270s][info][gc,marking  ] GC(243) Concurrent Mark
[128.270s][info][gc,marking  ] GC(243) Concurrent Mark From Roots
[128.270s][info][gc,task     ] GC(243) Using 1 workers of 1 for marking
[128.347s][info][gc,marking  ] GC(243) Concurrent Mark From Roots 77.789ms
[128.347s][info][gc,marking  ] GC(243) Concurrent Preclean
[128.348s][info][gc,marking  ] GC(243) Concurrent Preclean 0.047ms
[128.348s][info][gc,start    ] GC(243) Pause Remark
[128.362s][info][gc          ] GC(243) Pause Remark 140M->140M(327M) 13.830ms
[128.362s][info][gc,cpu      ] GC(243) User=0.03s Sys=0.00s Real=0.01s
[128.362s][info][gc,marking  ] GC(243) Concurrent Mark 92.329ms
[128.362s][info][gc,marking  ] GC(243) Concurrent Rebuild Remembered Sets and Scrub Regions
[128.389s][info][gc,marking  ] GC(243) Concurrent Rebuild Remembered Sets and Scrub Regions 27.209ms
[128.390s][info][gc,start    ] GC(243) Pause Cleanup
[128.390s][info][gc          ] GC(243) Pause Cleanup 161M->161M(327M) 0.053ms
[128.390s][info][gc,cpu      ] GC(243) User=0.00s Sys=0.00s Real=0.00s
[128.392s][info][gc,marking  ] GC(243) Concurrent Clear Claimed Marks
[128.392s][info][gc,marking  ] GC(243) Concurrent Clear Claimed Marks 0.061ms
[128.392s][info][gc,marking  ] GC(243) Concurrent Cleanup for Next Mark
[128.394s][info][gc,marking  ] GC(243) Concurrent Cleanup for Next Mark 1.657ms
[128.394s][info][gc          ] GC(243) Concurrent Mark Cycle 127.733ms
[128.689s][info][gc,start    ] GC(244) Pause Young (Prepare Mixed) (G1 Evacuation Pause)
[128.689s][info][gc,task     ] GC(244) Using 2 workers of 2 for evacuation
[128.708s][info][gc,phases   ] GC(244)   Pre Evacuate Collection Set: 0.23ms
[128.708s][info][gc,phases   ] GC(244)   Merge Heap Roots: 0.83ms
[128.708s][info][gc,phases   ] GC(244)   Evacuate Collection Set: 18.02ms
[128.708s][info][gc,phases   ] GC(244)   Post Evacuate Collection Set: 0.61ms
[128.709s][info][gc,phases   ] GC(244)   Other: 0.08ms
[128.709s][info][gc,heap     ] GC(244) Eden regions: 43->0(224)
[128.709s][info][gc,heap     ] GC(244) Survivor regions: 8->11(26)
[128.709s][info][gc,heap     ] GC(244) Old regions: 61->61
[128.709s][info][gc,heap     ] GC(244) Humongous regions: 269->3
[128.709s][info][gc,metaspace] GC(244) Metaspace: 41466K(41856K)->41466K(41856K) NonClass: 38654K(38912K)->38654K(38912K) Class: 2811K(2944K)->2811K(2944K)
[128.709s][info][gc          ] GC(244) Pause Young (Prepare Mixed) (G1 Evacuation Pause) 379M->73M(392M) 19.964ms
[128.709s][info][gc,cpu      ] GC(244) User=0.04s Sys=0.01s Real=0.02s
[129.173s][info][gc,start    ] GC(245) Pause Young (Mixed) (G1 Evacuation Pause)
[129.173s][info][gc,task     ] GC(245) Using 2 workers of 2 for evacuation
[129.197s][info][gc,phases   ] GC(245)   Pre Evacuate Collection Set: 0.23ms
[129.197s][info][gc,phases   ] GC(245)   Merge Heap Roots: 0.07ms
[129.197s][info][gc,phases   ] GC(245)   Evacuate Collection Set: 22.53ms
[129.197s][info][gc,phases   ] GC(245)   Post Evacuate Collection Set: 0.94ms
[129.197s][info][gc,phases   ] GC(245)   Other: 0.07ms
[129.197s][info][gc,heap     ] GC(245) Eden regions: 51->0(250)
[129.197s][info][gc,heap     ] GC(245) Survivor regions: 11->16(32)
[129.197s][info][gc,heap     ] GC(245) Old regions: 61->57
[129.197s][info][gc,heap     ] GC(245) Humongous regions: 303->1
[129.197s][info][gc,metaspace] GC(245) Metaspace: 41466K(41856K)->41466K(41856K) NonClass: 38655K(38912K)->38655K(38912K) Class: 2811K(2944K)->2811K(2944K)
[129.197s][info][gc          ] GC(245) Pause Young (Mixed) (G1 Evacuation Pause) 424M->72M(444M) 24.061ms
[129.197s][info][gc,cpu      ] GC(245) User=0.03s Sys=0.01s Real=0.03s
[129.202s][info][gc,start    ] GC(246) Pause Young (Concurrent Start) (G1 Humongous Allocation)
[129.202s][info][gc,task     ] GC(246) Using 2 workers of 2 for evacuation
[129.216s][info][gc,phases   ] GC(246)   Pre Evacuate Collection Set: 0.19ms
[129.216s][info][gc,phases   ] GC(246)   Merge Heap Roots: 0.04ms
[129.216s][info][gc,phases   ] GC(246)   Evacuate Collection Set: 13.55ms
[129.216s][info][gc,phases   ] GC(246)   Post Evacuate Collection Set: 0.59ms
[129.216s][info][gc,phases   ] GC(246)   Other: 0.09ms
[129.216s][info][gc,heap     ] GC(246) Eden regions: 1->0(219)
[129.216s][info][gc,heap     ] GC(246) Survivor regions: 16->17(34)
[129.216s][info][gc,heap     ] GC(246) Old regions: 57->57
[129.216s][info][gc,heap     ] GC(246) Humongous regions: 1->1
[129.216s][info][gc,metaspace] GC(246) Metaspace: 41466K(41856K)->41466K(41856K) NonClass: 38655K(38912K)->38655K(38912K) Class: 2811K(2944K)->2811K(2944K)
[129.216s][info][gc          ] GC(246) Pause Young (Concurrent Start) (G1 Humongous Allocation) 73M->73M(444M) 14.625ms
[129.216s][info][gc,cpu      ] GC(246) User=0.03s Sys=0.00s Real=0.01s
[129.216s][info][gc          ] GC(247) Concurrent Mark Cycle
[129.216s][info][gc,marking  ] GC(247) Concurrent Scan Root Regions
[129.233s][info][gc,marking  ] GC(247) Concurrent Scan Root Regions 16.523ms
[129.233s][info][gc,marking  ] GC(247) Concurrent Mark
[129.233s][info][gc,marking  ] GC(247) Concurrent Mark From Roots
[129.233s][info][gc,task     ] GC(247) Using 1 workers of 1 for marking
[129.312s][info][gc,marking  ] GC(247) Concurrent Mark From Roots 78.963ms
[129.312s][info][gc,marking  ] GC(247) Concurrent Preclean
[129.312s][info][gc,marking  ] GC(247) Concurrent Preclean 0.046ms
[129.312s][info][gc,start    ] GC(247) Pause Remark
[129.330s][info][gc          ] GC(247) Pause Remark 114M->114M(364M) 18.252ms
[129.330s][info][gc,cpu      ] GC(247) User=0.03s Sys=0.00s Real=0.02s
[129.335s][info][gc,marking  ] GC(247) Concurrent Mark 101.811ms
[129.335s][info][gc,marking  ] GC(247) Concurrent Rebuild Remembered Sets and Scrub Regions
[129.384s][info][gc,marking  ] GC(247) Concurrent Rebuild Remembered Sets and Scrub Regions 49.663ms
[129.385s][info][gc,start    ] GC(247) Pause Cleanup
[129.385s][info][gc          ] GC(247) Pause Cleanup 149M->149M(364M) 0.065ms
[129.385s][info][gc,cpu      ] GC(247) User=0.00s Sys=0.00s Real=0.00s
[129.385s][info][gc,marking  ] GC(247) Concurrent Clear Claimed Marks
[129.385s][info][gc,marking  ] GC(247) Concurrent Clear Claimed Marks 0.051ms
[129.385s][info][gc,marking  ] GC(247) Concurrent Cleanup for Next Mark
[129.387s][info][gc,marking  ] GC(247) Concurrent Cleanup for Next Mark 1.411ms
[129.387s][info][gc          ] GC(247) Concurrent Mark Cycle 170.226ms
[129.805s][info][gc,start    ] GC(248) Pause Young (Prepare Mixed) (G1 Evacuation Pause)
[129.805s][info][gc,task     ] GC(248) Using 2 workers of 2 for evacuation
[129.839s][info][gc,phases   ] GC(248)   Pre Evacuate Collection Set: 0.25ms
[129.839s][info][gc,phases   ] GC(248)   Merge Heap Roots: 0.10ms
[129.839s][info][gc,phases   ] GC(248)   Evacuate Collection Set: 32.09ms
[129.839s][info][gc,phases   ] GC(248)   Post Evacuate Collection Set: 0.69ms
[129.839s][info][gc,phases   ] GC(248)   Other: 0.07ms
[129.839s][info][gc,heap     ] GC(248) Eden regions: 59->0(224)
[129.839s][info][gc,heap     ] GC(248) Survivor regions: 17->24(30)
[129.839s][info][gc,heap     ] GC(248) Old regions: 57->59
[129.839s][info][gc,heap     ] GC(248) Humongous regions: 301->1
[129.839s][info][gc,metaspace] GC(248) Metaspace: 41478K(41856K)->41478K(41856K) NonClass: 38666K(38912K)->38666K(38912K) Class: 2811K(2944K)->2811K(2944K)
[129.839s][info][gc          ] GC(248) Pause Young (Prepare Mixed) (G1 Evacuation Pause) 432M->82M(460M) 33.466ms
[129.839s][info][gc,cpu      ] GC(248) User=0.05s Sys=0.02s Real=0.04s
[130.378s][info][gc,start    ] GC(249) Pause Young (Mixed) (G1 Evacuation Pause)
[130.378s][info][gc,task     ] GC(249) Using 2 workers of 2 for evacuation
[130.398s][info][gc,phases   ] GC(249)   Pre Evacuate Collection Set: 0.29ms
[130.398s][info][gc,phases   ] GC(249)   Merge Heap Roots: 0.22ms
[130.398s][info][gc,phases   ] GC(249)   Evacuate Collection Set: 18.80ms
[130.398s][info][gc,phases   ] GC(249)   Post Evacuate Collection Set: 0.62ms
[130.398s][info][gc,phases   ] GC(249)   Other: 0.07ms
[130.398s][info][gc,heap     ] GC(249) Eden regions: 82->0(248)
[130.398s][info][gc,heap     ] GC(249) Survivor regions: 24->3(31)
[130.398s][info][gc,heap     ] GC(249) Old regions: 59->60
[130.398s][info][gc,heap     ] GC(249) Humongous regions: 295->1
[130.398s][info][gc,metaspace] GC(249) Metaspace: 41517K(41920K)->41517K(41920K) NonClass: 38706K(38976K)->38706K(38976K) Class: 2811K(2944K)->2811K(2944K)
[130.398s][info][gc          ] GC(249) Pause Young (Mixed) (G1 Evacuation Pause) 458M->61M(469M) 20.190ms
[130.398s][info][gc,cpu      ] GC(249) User=0.03s Sys=0.00s Real=0.02s
[130.525s][info][gc,start    ] GC(250) Pause Young (Concurrent Start) (G1 Humongous Allocation)
[130.525s][info][gc,task     ] GC(250) Using 2 workers of 2 for evacuation
[130.530s][info][gc,phases   ] GC(250)   Pre Evacuate Collection Set: 0.21ms
[130.530s][info][gc,phases   ] GC(250)   Merge Heap Roots: 0.04ms
[130.530s][info][gc,phases   ] GC(250)   Evacuate Collection Set: 4.67ms
[130.530s][info][gc,phases   ] GC(250)   Post Evacuate Collection Set: 0.31ms
[130.530s][info][gc,phases   ] GC(250)   Other: 0.12ms
[130.530s][info][gc,heap     ] GC(250) Eden regions: 20->0(267)
[130.530s][info][gc,heap     ] GC(250) Survivor regions: 3->4(32)
[130.530s][info][gc,heap     ] GC(250) Old regions: 60->60
[130.530s][info][gc,heap     ] GC(250) Humongous regions: 1->1
[130.530s][info][gc,metaspace] GC(250) Metaspace: 41525K(41920K)->41525K(41920K) NonClass: 38714K(38976K)->38714K(38976K) Class: 2811K(2944K)->2811K(2944K)
[130.530s][info][gc          ] GC(250) Pause Young (Concurrent Start) (G1 Humongous Allocation) 81M->63M(469M) 5.534ms
[130.530s][info][gc,cpu      ] GC(250) User=0.02s Sys=0.00s Real=0.01s
[130.530s][info][gc          ] GC(251) Concurrent Mark Cycle
[130.530s][info][gc,marking  ] GC(251) Concurrent Scan Root Regions
[130.534s][info][gc,marking  ] GC(251) Concurrent Scan Root Regions 3.436ms
[130.534s][info][gc,marking  ] GC(251) Concurrent Mark
[130.534s][info][gc,marking  ] GC(251) Concurrent Mark From Roots
[130.534s][info][gc,task     ] GC(251) Using 1 workers of 1 for marking
[130.682s][info][gc,marking  ] GC(251) Concurrent Mark From Roots 148.680ms
[130.683s][info][gc,marking  ] GC(251) Concurrent Preclean
[130.683s][info][gc,marking  ] GC(251) Concurrent Preclean 0.037ms
[130.683s][info][gc,start    ] GC(251) Pause Remark
[130.697s][info][gc          ] GC(251) Pause Remark 129M->129M(324M) 13.955ms
[130.697s][info][gc,cpu      ] GC(251) User=0.02s Sys=0.00s Real=0.02s
[130.697s][info][gc,marking  ] GC(251) Concurrent Mark 163.024ms
[130.697s][info][gc,marking  ] GC(251) Concurrent Rebuild Remembered Sets and Scrub Regions
[130.752s][info][gc,marking  ] GC(251) Concurrent Rebuild Remembered Sets and Scrub Regions 54.751ms
[130.754s][info][gc,start    ] GC(251) Pause Cleanup
[130.754s][info][gc          ] GC(251) Pause Cleanup 138M->138M(324M) 0.064ms
[130.754s][info][gc,cpu      ] GC(251) User=0.00s Sys=0.00s Real=0.00s
[130.754s][info][gc,marking  ] GC(251) Concurrent Clear Claimed Marks
[130.754s][info][gc,marking  ] GC(251) Concurrent Clear Claimed Marks 0.055ms
[130.754s][info][gc,marking  ] GC(251) Concurrent Cleanup for Next Mark
[130.757s][info][gc,marking  ] GC(251) Concurrent Cleanup for Next Mark 2.847ms
[130.757s][info][gc          ] GC(251) Concurrent Mark Cycle 226.638ms
[131.165s][info][gc,start    ] GC(252) Pause Young (Prepare Mixed) (G1 Evacuation Pause)
[131.165s][info][gc,task     ] GC(252) Using 2 workers of 2 for evacuation
[131.172s][info][gc,phases   ] GC(252)   Pre Evacuate Collection Set: 0.25ms
[131.172s][info][gc,phases   ] GC(252)   Merge Heap Roots: 0.10ms
[131.172s][info][gc,phases   ] GC(252)   Evacuate Collection Set: 6.18ms
[131.172s][info][gc,phases   ] GC(252)   Post Evacuate Collection Set: 0.44ms
[131.172s][info][gc,phases   ] GC(252)   Other: 0.10ms
[131.172s][info][gc,heap     ] GC(252) Eden regions: 190->0(181)
[131.172s][info][gc,heap     ] GC(252) Survivor regions: 4->10(25)
[131.172s][info][gc,heap     ] GC(252) Old regions: 60->60
[131.172s][info][gc,heap     ] GC(252) Humongous regions: 45->1
[131.172s][info][gc,metaspace] GC(252) Metaspace: 41548K(41920K)->41548K(41920K) NonClass: 38737K(38976K)->38737K(38976K) Class: 2811K(2944K)->2811K(2944K)
[131.172s][info][gc          ] GC(252) Pause Young (Prepare Mixed) (G1 Evacuation Pause) 297M->68M(324M) 7.263ms
[131.172s][info][gc,cpu      ] GC(252) User=0.02s Sys=0.00s Real=0.01s
[131.598s][info][gc,start    ] GC(253) Pause Young (Mixed) (G1 Evacuation Pause)
[131.598s][info][gc,task     ] GC(253) Using 2 workers of 2 for evacuation
[131.609s][info][gc,phases   ] GC(253)   Pre Evacuate Collection Set: 0.20ms
[131.609s][info][gc,phases   ] GC(253)   Merge Heap Roots: 0.08ms
[131.609s][info][gc,phases   ] GC(253)   Evacuate Collection Set: 8.09ms
[131.609s][info][gc,phases   ] GC(253)   Post Evacuate Collection Set: 2.42ms
[131.609s][info][gc,phases   ] GC(253)   Other: 0.09ms
[131.609s][info][gc,heap     ] GC(253) Eden regions: 181->0(185)
[131.609s][info][gc,heap     ] GC(253) Survivor regions: 10->9(24)
[131.609s][info][gc,heap     ] GC(253) Old regions: 60->56
[131.609s][info][gc,heap     ] GC(253) Humongous regions: 1->1
[131.609s][info][gc,metaspace] GC(253) Metaspace: 41551K(41920K)->41551K(41920K) NonClass: 38740K(38976K)->38740K(38976K) Class: 2811K(2944K)->2811K(2944K)
[131.609s][info][gc          ] GC(253) Pause Young (Mixed) (G1 Evacuation Pause) 249M->63M(324M) 11.091ms
[131.609s][info][gc,cpu      ] GC(253) User=0.03s Sys=0.00s Real=0.01s
[132.030s][info][gc,start    ] GC(254) Pause Young (Concurrent Start) (G1 Evacuation Pause)
[132.030s][info][gc,task     ] GC(254) Using 2 workers of 2 for evacuation
[132.041s][info][gc,phases   ] GC(254)   Pre Evacuate Collection Set: 0.99ms
[132.041s][info][gc,phases   ] GC(254)   Merge Heap Roots: 0.07ms
[132.041s][info][gc,phases   ] GC(254)   Evacuate Collection Set: 7.74ms
[132.041s][info][gc,phases   ] GC(254)   Post Evacuate Collection Set: 2.01ms
[132.041s][info][gc,phases   ] GC(254)   Other: 0.12ms
[132.041s][info][gc,heap     ] GC(254) Eden regions: 185->0(184)
[132.041s][info][gc,heap     ] GC(254) Survivor regions: 9->10(25)
[132.041s][info][gc,heap     ] GC(254) Old regions: 56->56
[132.041s][info][gc,heap     ] GC(254) Humongous regions: 1->1
[132.041s][info][gc,metaspace] GC(254) Metaspace: 41554K(41920K)->41554K(41920K) NonClass: 38743K(38976K)->38743K(38976K) Class: 2811K(2944K)->2811K(2944K)
[132.041s][info][gc          ] GC(254) Pause Young (Concurrent Start) (G1 Evacuation Pause) 248M->64M(324M) 11.154ms
[132.041s][info][gc          ] GC(255) Concurrent Mark Cycle
[132.041s][info][gc,marking  ] GC(255) Concurrent Scan Root Regions
[132.041s][info][gc,cpu      ] GC(254) User=0.02s Sys=0.00s Real=0.01s
[132.047s][info][gc,marking  ] GC(255) Concurrent Scan Root Regions 6.342ms
[132.047s][info][gc,marking  ] GC(255) Concurrent Mark
[132.047s][info][gc,marking  ] GC(255) Concurrent Mark From Roots
[132.047s][info][gc,task     ] GC(255) Using 1 workers of 1 for marking
[132.196s][info][gc,marking  ] GC(255) Concurrent Mark From Roots 149.050ms
[132.196s][info][gc,marking  ] GC(255) Concurrent Preclean
[132.197s][info][gc,marking  ] GC(255) Concurrent Preclean 0.033ms
[132.197s][info][gc,start    ] GC(255) Pause Remark
[132.212s][info][gc          ] GC(255) Pause Remark 115M->115M(256M) 15.257ms
[132.212s][info][gc,cpu      ] GC(255) User=0.03s Sys=0.00s Real=0.02s
[132.216s][info][gc,marking  ] GC(255) Concurrent Mark 168.376ms
[132.216s][info][gc,marking  ] GC(255) Concurrent Rebuild Remembered Sets and Scrub Regions
[132.282s][info][gc,marking  ] GC(255) Concurrent Rebuild Remembered Sets and Scrub Regions 65.925ms
[132.282s][info][gc,start    ] GC(255) Pause Cleanup
[132.282s][info][gc          ] GC(255) Pause Cleanup 138M->138M(256M) 0.051ms
[132.282s][info][gc,cpu      ] GC(255) User=0.00s Sys=0.00s Real=0.00s
[132.283s][info][gc,marking  ] GC(255) Concurrent Clear Claimed Marks
[132.283s][info][gc,marking  ] GC(255) Concurrent Clear Claimed Marks 0.055ms
[132.283s][info][gc,marking  ] GC(255) Concurrent Cleanup for Next Mark
[132.284s][info][gc,marking  ] GC(255) Concurrent Cleanup for Next Mark 0.796ms
[132.284s][info][gc          ] GC(255) Concurrent Mark Cycle 242.565ms
[132.443s][info][gc,start    ] GC(256) Pause Young (Prepare Mixed) (G1 Evacuation Pause)
[132.444s][info][gc,task     ] GC(256) Using 2 workers of 2 for evacuation
[132.453s][info][gc,phases   ] GC(256)   Pre Evacuate Collection Set: 0.22ms
[132.453s][info][gc,phases   ] GC(256)   Merge Heap Roots: 0.07ms
[132.453s][info][gc,phases   ] GC(256)   Evacuate Collection Set: 8.96ms
[132.453s][info][gc,phases   ] GC(256)   Post Evacuate Collection Set: 0.41ms
[132.453s][info][gc,phases   ] GC(256)   Other: 0.10ms
[132.453s][info][gc,heap     ] GC(256) Eden regions: 143->0(143)
[132.453s][info][gc,heap     ] GC(256) Survivor regions: 10->10(20)
[132.453s][info][gc,heap     ] GC(256) Old regions: 56->56
[132.453s][info][gc,heap     ] GC(256) Humongous regions: 1->1
[132.453s][info][gc,metaspace] GC(256) Metaspace: 41556K(41920K)->41556K(41920K) NonClass: 38745K(38976K)->38745K(38976K) Class: 2811K(2944K)->2811K(2944K)
[132.453s][info][gc          ] GC(256) Pause Young (Prepare Mixed) (G1 Evacuation Pause) 207M->64M(256M) 9.954ms
[132.453s][info][gc,cpu      ] GC(256) User=0.02s Sys=0.00s Real=0.01s
[132.772s][info][gc,start    ] GC(257) Pause Young (Mixed) (G1 Evacuation Pause)
[132.772s][info][gc,task     ] GC(257) Using 2 workers of 2 for evacuation
[132.786s][info][gc,phases   ] GC(257)   Pre Evacuate Collection Set: 0.16ms
[132.786s][info][gc,phases   ] GC(257)   Merge Heap Roots: 0.37ms
[132.786s][info][gc,phases   ] GC(257)   Evacuate Collection Set: 12.18ms
[132.786s][info][gc,phases   ] GC(257)   Post Evacuate Collection Set: 0.63ms
[132.786s][info][gc,phases   ] GC(257)   Other: 0.10ms
[132.786s][info][gc,heap     ] GC(257) Eden regions: 143->0(146)
[132.786s][info][gc,heap     ] GC(257) Survivor regions: 10->7(20)
[132.786s][info][gc,heap     ] GC(257) Old regions: 56->53
[132.786s][info][gc,heap     ] GC(257) Humongous regions: 1->1
[132.786s][info][gc,metaspace] GC(257) Metaspace: 41556K(41920K)->41556K(41920K) NonClass: 38745K(38976K)->38745K(38976K) Class: 2811K(2944K)->2811K(2944K)
[132.786s][info][gc          ] GC(257) Pause Young (Mixed) (G1 Evacuation Pause) 207M->59M(256M) 13.665ms
[132.786s][info][gc,cpu      ] GC(257) User=0.03s Sys=0.00s Real=0.01s
[133.188s][info][gc,start    ] GC(258) Pause Young (Concurrent Start) (G1 Evacuation Pause)
[133.188s][info][gc,task     ] GC(258) Using 2 workers of 2 for evacuation
[133.194s][info][gc,phases   ] GC(258)   Pre Evacuate Collection Set: 0.18ms
[133.194s][info][gc,phases   ] GC(258)   Merge Heap Roots: 0.06ms
[133.194s][info][gc,phases   ] GC(258)   Evacuate Collection Set: 5.75ms
[133.194s][info][gc,phases   ] GC(258)   Post Evacuate Collection Set: 0.42ms
[133.194s][info][gc,phases   ] GC(258)   Other: 0.13ms
[133.194s][info][gc,heap     ] GC(258) Eden regions: 146->0(145)
[133.194s][info][gc,heap     ] GC(258) Survivor regions: 7->8(20)
[133.194s][info][gc,heap     ] GC(258) Old regions: 53->53
[133.194s][info][gc,heap     ] GC(258) Humongous regions: 1->1
[133.194s][info][gc,metaspace] GC(258) Metaspace: 41561K(41920K)->41561K(41920K) NonClass: 38749K(38976K)->38749K(38976K) Class: 2811K(2944K)->2811K(2944K)
[133.194s][info][gc          ] GC(258) Pause Young (Concurrent Start) (G1 Evacuation Pause) 205M->60M(256M) 6.767ms
[133.194s][info][gc          ] GC(259) Concurrent Mark Cycle
[133.195s][info][gc,marking  ] GC(259) Concurrent Scan Root Regions
[133.195s][info][gc,cpu      ] GC(258) User=0.01s Sys=0.00s Real=0.00s
[133.200s][info][gc,marking  ] GC(259) Concurrent Scan Root Regions 5.634ms
[133.200s][info][gc,marking  ] GC(259) Concurrent Mark
[133.200s][info][gc,marking  ] GC(259) Concurrent Mark From Roots
[133.200s][info][gc,task     ] GC(259) Using 1 workers of 1 for marking
[133.329s][info][gc,marking  ] GC(259) Concurrent Mark From Roots 129.100ms
[133.329s][info][gc,marking  ] GC(259) Concurrent Preclean
[133.329s][info][gc,marking  ] GC(259) Concurrent Preclean 0.039ms
[133.330s][info][gc,start    ] GC(259) Pause Remark
[133.344s][info][gc          ] GC(259) Pause Remark 92M->92M(256M) 14.289ms
[133.344s][info][gc,cpu      ] GC(259) User=0.03s Sys=0.00s Real=0.01s
[133.347s][info][gc,marking  ] GC(259) Concurrent Mark 146.599ms
[133.347s][info][gc,marking  ] GC(259) Concurrent Rebuild Remembered Sets and Scrub Regions
[133.384s][info][gc,marking  ] GC(259) Concurrent Rebuild Remembered Sets and Scrub Regions 36.713ms
[133.384s][info][gc,start    ] GC(259) Pause Cleanup
[133.384s][info][gc          ] GC(259) Pause Cleanup 98M->98M(256M) 0.064ms
[133.384s][info][gc,cpu      ] GC(259) User=0.00s Sys=0.00s Real=0.00s
[133.384s][info][gc,marking  ] GC(259) Concurrent Clear Claimed Marks
[133.384s][info][gc,marking  ] GC(259) Concurrent Clear Claimed Marks 0.052ms
[133.384s][info][gc,marking  ] GC(259) Concurrent Cleanup for Next Mark
[133.385s][info][gc,marking  ] GC(259) Concurrent Cleanup for Next Mark 0.793ms
[133.385s][info][gc          ] GC(259) Concurrent Mark Cycle 190.345ms
[133.665s][info][gc,start    ] GC(260) Pause Young (Prepare Mixed) (G1 Evacuation Pause)
[133.665s][info][gc,task     ] GC(260) Using 2 workers of 2 for evacuation
[133.671s][info][gc,phases   ] GC(260)   Pre Evacuate Collection Set: 0.21ms
[133.671s][info][gc,phases   ] GC(260)   Merge Heap Roots: 0.07ms
[133.671s][info][gc,phases   ] GC(260)   Evacuate Collection Set: 5.36ms
[133.671s][info][gc,phases   ] GC(260)   Post Evacuate Collection Set: 0.46ms
[133.671s][info][gc,phases   ] GC(260)   Other: 0.11ms
[133.671s][info][gc,heap     ] GC(260) Eden regions: 145->0(142)
[133.671s][info][gc,heap     ] GC(260) Survivor regions: 8->11(20)
[133.671s][info][gc,heap     ] GC(260) Old regions: 53->53
[133.671s][info][gc,heap     ] GC(260) Humongous regions: 1->1
[133.671s][info][gc,metaspace] GC(260) Metaspace: 41561K(41920K)->41561K(41920K) NonClass: 38750K(38976K)->38750K(38976K) Class: 2811K(2944K)->2811K(2944K)
[133.671s][info][gc          ] GC(260) Pause Young (Prepare Mixed) (G1 Evacuation Pause) 205M->63M(256M) 6.391ms
[133.671s][info][gc,cpu      ] GC(260) User=0.02s Sys=0.00s Real=0.01s
[134.022s][info][gc,start    ] GC(261) Pause Young (Mixed) (G1 Evacuation Pause)
[134.022s][info][gc,task     ] GC(261) Using 2 workers of 2 for evacuation
[134.042s][info][gc,phases   ] GC(261)   Pre Evacuate Collection Set: 0.19ms
[134.042s][info][gc,phases   ] GC(261)   Merge Heap Roots: 0.31ms
[134.042s][info][gc,phases   ] GC(261)   Evacuate Collection Set: 18.84ms
[134.042s][info][gc,phases   ] GC(261)   Post Evacuate Collection Set: 0.70ms
[134.042s][info][gc,phases   ] GC(261)   Other: 0.07ms
[134.042s][info][gc,heap     ] GC(261) Eden regions: 142->0(143)
[134.042s][info][gc,heap     ] GC(261) Survivor regions: 11->10(20)
[134.042s][info][gc,heap     ] GC(261) Old regions: 53->51
[134.042s][info][gc,heap     ] GC(261) Humongous regions: 1->1
[134.042s][info][gc,metaspace] GC(261) Metaspace: 41564K(41920K)->41564K(41920K) NonClass: 38753K(38976K)->38753K(38976K) Class: 2811K(2944K)->2811K(2944K)
[134.043s][info][gc          ] GC(261) Pause Young (Mixed) (G1 Evacuation Pause) 205M->61M(256M) 20.304ms
[134.043s][info][gc,cpu      ] GC(261) User=0.04s Sys=0.00s Real=0.02s
[134.953s][info][gc,start    ] GC(262) Pause Young (Concurrent Start) (G1 Humongous Allocation)
[134.953s][info][gc,task     ] GC(262) Using 2 workers of 2 for evacuation
[134.959s][info][gc,phases   ] GC(262)   Pre Evacuate Collection Set: 0.21ms
[134.959s][info][gc,phases   ] GC(262)   Merge Heap Roots: 0.08ms
[134.959s][info][gc,phases   ] GC(262)   Evacuate Collection Set: 5.24ms
[134.959s][info][gc,phases   ] GC(262)   Post Evacuate Collection Set: 0.52ms
[134.959s][info][gc,phases   ] GC(262)   Other: 0.12ms
[134.959s][info][gc,heap     ] GC(262) Eden regions: 136->0(149)
[134.959s][info][gc,heap     ] GC(262) Survivor regions: 10->4(20)
[134.959s][info][gc,heap     ] GC(262) Old regions: 51->51
[134.959s][info][gc,heap     ] GC(262) Humongous regions: 1->1
[134.959s][info][gc,metaspace] GC(262) Metaspace: 41602K(41984K)->41602K(41984K) NonClass: 38791K(39040K)->38791K(39040K) Class: 2811K(2944K)->2811K(2944K)
[134.959s][info][gc          ] GC(262) Pause Young (Concurrent Start) (G1 Humongous Allocation) 196M->55M(256M) 6.337ms
[134.959s][info][gc,cpu      ] GC(262) User=0.01s Sys=0.00s Real=0.01s
[134.959s][info][gc          ] GC(263) Concurrent Mark Cycle
[134.959s][info][gc,marking  ] GC(263) Concurrent Scan Root Regions
[134.966s][info][gc,marking  ] GC(263) Concurrent Scan Root Regions 7.464ms
[134.966s][info][gc,marking  ] GC(263) Concurrent Mark
[134.966s][info][gc,marking  ] GC(263) Concurrent Mark From Roots
[134.966s][info][gc,task     ] GC(263) Using 1 workers of 1 for marking
[135.097s][info][gc,marking  ] GC(263) Concurrent Mark From Roots 130.303ms
[135.097s][info][gc,marking  ] GC(263) Concurrent Preclean
[135.097s][info][gc,marking  ] GC(263) Concurrent Preclean 0.178ms
[135.097s][info][gc,start    ] GC(263) Pause Remark
[135.111s][info][gc          ] GC(263) Pause Remark 77M->77M(256M) 14.375ms
[135.112s][info][gc,cpu      ] GC(263) User=0.03s Sys=0.00s Real=0.01s
[135.113s][info][gc,marking  ] GC(263) Concurrent Mark 146.198ms
[135.113s][info][gc,marking  ] GC(263) Concurrent Rebuild Remembered Sets and Scrub Regions
[135.153s][info][gc,marking  ] GC(263) Concurrent Rebuild Remembered Sets and Scrub Regions 40.628ms
[135.154s][info][gc,start    ] GC(263) Pause Cleanup
[135.154s][info][gc          ] GC(263) Pause Cleanup 84M->84M(256M) 0.053ms
[135.154s][info][gc,cpu      ] GC(263) User=0.00s Sys=0.00s Real=0.00s
[135.154s][info][gc,marking  ] GC(263) Concurrent Clear Claimed Marks
[135.154s][info][gc,marking  ] GC(263) Concurrent Clear Claimed Marks 0.042ms
[135.154s][info][gc,marking  ] GC(263) Concurrent Cleanup for Next Mark
[135.155s][info][gc,marking  ] GC(263) Concurrent Cleanup for Next Mark 1.136ms
[135.155s][info][gc          ] GC(263) Concurrent Mark Cycle 196.104ms
[135.894s][info][gc,start    ] GC(264) Pause Young (Prepare Mixed) (G1 Evacuation Pause)
[135.894s][info][gc,task     ] GC(264) Using 2 workers of 2 for evacuation
[135.905s][info][gc,phases   ] GC(264)   Pre Evacuate Collection Set: 0.15ms
[135.905s][info][gc,phases   ] GC(264)   Merge Heap Roots: 0.09ms
[135.905s][info][gc,phases   ] GC(264)   Evacuate Collection Set: 10.70ms
[135.905s][info][gc,phases   ] GC(264)   Post Evacuate Collection Set: 0.46ms
[135.905s][info][gc,phases   ] GC(264)   Other: 0.10ms
[135.905s][info][gc,heap     ] GC(264) Eden regions: 149->0(141)
[135.905s][info][gc,heap     ] GC(264) Survivor regions: 4->12(20)
[135.905s][info][gc,heap     ] GC(264) Old regions: 51->51
[135.905s][info][gc,heap     ] GC(264) Humongous regions: 13->3
[135.905s][info][gc,metaspace] GC(264) Metaspace: 41706K(42048K)->41706K(42048K) NonClass: 38895K(39104K)->38895K(39104K) Class: 2811K(2944K)->2811K(2944K)
[135.905s][info][gc          ] GC(264) Pause Young (Prepare Mixed) (G1 Evacuation Pause) 216M->65M(256M) 11.672ms
[135.905s][info][gc,cpu      ] GC(264) User=0.02s Sys=0.00s Real=0.01s
[136.240s][info][gc,start    ] GC(265) Pause Young (Mixed) (G1 Evacuation Pause)
[136.240s][info][gc,task     ] GC(265) Using 2 workers of 2 for evacuation
[136.267s][info][gc,phases   ] GC(265)   Pre Evacuate Collection Set: 0.16ms
[136.267s][info][gc,phases   ] GC(265)   Merge Heap Roots: 0.09ms
[136.267s][info][gc,phases   ] GC(265)   Evacuate Collection Set: 26.62ms
[136.267s][info][gc,phases   ] GC(265)   Post Evacuate Collection Set: 0.47ms
[136.267s][info][gc,phases   ] GC(265)   Other: 0.11ms
[136.267s][info][gc,heap     ] GC(265) Eden regions: 141->0(133)
[136.267s][info][gc,heap     ] GC(265) Survivor regions: 12->20(20)
[136.267s][info][gc,heap     ] GC(265) Old regions: 51->53
[136.267s][info][gc,heap     ] GC(265) Humongous regions: 4->4
[136.267s][info][gc,metaspace] GC(265) Metaspace: 41706K(42048K)->41706K(42048K) NonClass: 38895K(39104K)->38895K(39104K) Class: 2811K(2944K)->2811K(2944K)
[136.267s][info][gc          ] GC(265) Pause Young (Mixed) (G1 Evacuation Pause) 207M->76M(256M) 27.655ms
[136.267s][info][gc,cpu      ] GC(265) User=0.06s Sys=0.00s Real=0.03s
[136.570s][info][gc,start    ] GC(266) Pause Young (Concurrent Start) (G1 Evacuation Pause)
[136.570s][info][gc,task     ] GC(266) Using 2 workers of 2 for evacuation
[136.605s][info][gc,phases   ] GC(266)   Pre Evacuate Collection Set: 0.17ms
[136.605s][info][gc,phases   ] GC(266)   Merge Heap Roots: 0.15ms
[136.605s][info][gc,phases   ] GC(266)   Evacuate Collection Set: 33.63ms
[136.605s][info][gc,phases   ] GC(266)   Post Evacuate Collection Set: 0.68ms
[136.605s][info][gc,phases   ] GC(266)   Other: 0.10ms
[136.605s][info][gc,heap     ] GC(266) Eden regions: 133->0(157)
[136.605s][info][gc,heap     ] GC(266) Survivor regions: 20->15(20)
[136.605s][info][gc,heap     ] GC(266) Old regions: 53->73
[136.605s][info][gc,heap     ] GC(266) Humongous regions: 4->4
[136.605s][info][gc,metaspace] GC(266) Metaspace: 41706K(42048K)->41706K(42048K) NonClass: 38895K(39104K)->38895K(39104K) Class: 2811K(2944K)->2811K(2944K)
[136.605s][info][gc          ] GC(266) Pause Young (Concurrent Start) (G1 Evacuation Pause) 209M->92M(287M) 34.930ms
[136.605s][info][gc,cpu      ] GC(266) User=0.07s Sys=0.00s Real=0.03s
[136.606s][info][gc          ] GC(267) Concurrent Mark Cycle
[136.606s][info][gc,marking  ] GC(267) Concurrent Scan Root Regions
[136.640s][info][gc,marking  ] GC(267) Concurrent Scan Root Regions 34.015ms
[136.640s][info][gc,marking  ] GC(267) Concurrent Mark
[136.640s][info][gc,marking  ] GC(267) Concurrent Mark From Roots
[136.640s][info][gc,task     ] GC(267) Using 1 workers of 1 for marking
[136.783s][info][gc,marking  ] GC(267) Concurrent Mark From Roots 143.589ms
[136.783s][info][gc,marking  ] GC(267) Concurrent Preclean
[136.784s][info][gc,marking  ] GC(267) Concurrent Preclean 0.071ms
[136.784s][info][gc,start    ] GC(267) Pause Remark
[136.798s][info][gc          ] GC(267) Pause Remark 147M->144M(287M) 14.629ms
[136.798s][info][gc,cpu      ] GC(267) User=0.03s Sys=0.00s Real=0.02s
[136.798s][info][gc,marking  ] GC(267) Concurrent Mark 158.609ms
[136.798s][info][gc,marking  ] GC(267) Concurrent Rebuild Remembered Sets and Scrub Regions
[136.883s][info][gc,marking  ] GC(267) Concurrent Rebuild Remembered Sets and Scrub Regions 84.814ms
[136.883s][info][gc,start    ] GC(267) Pause Cleanup
[136.884s][info][gc          ] GC(267) Pause Cleanup 175M->175M(287M) 0.052ms
[136.884s][info][gc,cpu      ] GC(267) User=0.00s Sys=0.00s Real=0.00s
[136.884s][info][gc,marking  ] GC(267) Concurrent Clear Claimed Marks
[136.884s][info][gc,marking  ] GC(267) Concurrent Clear Claimed Marks 0.044ms
[136.884s][info][gc,marking  ] GC(267) Concurrent Cleanup for Next Mark
[136.887s][info][gc,marking  ] GC(267) Concurrent Cleanup for Next Mark 3.278ms
[136.887s][info][gc          ] GC(267) Concurrent Mark Cycle 281.422ms
[137.026s][info][gc,start    ] GC(268) Pause Young (Prepare Mixed) (G1 Evacuation Pause)
[137.027s][info][gc,task     ] GC(268) Using 2 workers of 2 for evacuation
[137.062s][info][gc,phases   ] GC(268)   Pre Evacuate Collection Set: 0.21ms
[137.062s][info][gc,phases   ] GC(268)   Merge Heap Roots: 0.11ms
[137.062s][info][gc,phases   ] GC(268)   Evacuate Collection Set: 34.25ms
[137.062s][info][gc,phases   ] GC(268)   Post Evacuate Collection Set: 0.41ms
[137.062s][info][gc,phases   ] GC(268)   Other: 0.09ms
[137.062s][info][gc,heap     ] GC(268) Eden regions: 157->0(143)
[137.062s][info][gc,heap     ] GC(268) Survivor regions: 15->17(22)
[137.062s][info][gc,heap     ] GC(268) Old regions: 70->85
[137.062s][info][gc,heap     ] GC(268) Humongous regions: 6->6
[137.062s][info][gc,metaspace] GC(268) Metaspace: 41706K(42048K)->41706K(42048K) NonClass: 38895K(39104K)->38895K(39104K) Class: 2811K(2944K)->2811K(2944K)
[137.062s][info][gc          ] GC(268) Pause Young (Prepare Mixed) (G1 Evacuation Pause) 248M->107M(287M) 35.263ms
[137.062s][info][gc,cpu      ] GC(268) User=0.07s Sys=0.00s Real=0.04s
[137.383s][info][gc,start    ] GC(269) Pause Young (Mixed) (G1 Evacuation Pause)
[137.383s][info][gc,task     ] GC(269) Using 2 workers of 2 for evacuation
[137.421s][info][gc,phases   ] GC(269)   Pre Evacuate Collection Set: 0.23ms
[137.421s][info][gc,phases   ] GC(269)   Merge Heap Roots: 0.11ms
[137.421s][info][gc,phases   ] GC(269)   Evacuate Collection Set: 37.54ms
[137.421s][info][gc,phases   ] GC(269)   Post Evacuate Collection Set: 0.45ms
[137.421s][info][gc,phases   ] GC(269)   Other: 0.08ms
[137.421s][info][gc,heap     ] GC(269) Eden regions: 143->0(131)
[137.421s][info][gc,heap     ] GC(269) Survivor regions: 17->18(20)
[137.421s][info][gc,heap     ] GC(269) Old regions: 85->94
[137.421s][info][gc,heap     ] GC(269) Humongous regions: 7->7
[137.421s][info][gc,metaspace] GC(269) Metaspace: 41708K(42048K)->41708K(42048K) NonClass: 38897K(39104K)->38897K(39104K) Class: 2811K(2944K)->2811K(2944K)
[137.421s][info][gc          ] GC(269) Pause Young (Mixed) (G1 Evacuation Pause) 251M->119M(287M) 38.582ms
[137.421s][info][gc,cpu      ] GC(269) User=0.07s Sys=0.00s Real=0.04s
[137.461s][info][gc,start    ] GC(270) Pause Young (Concurrent Start) (G1 Humongous Allocation)
[137.461s][info][gc,task     ] GC(270) Using 2 workers of 2 for evacuation
[137.477s][info][gc,phases   ] GC(270)   Pre Evacuate Collection Set: 0.16ms
[137.477s][info][gc,phases   ] GC(270)   Merge Heap Roots: 0.07ms
[137.477s][info][gc,phases   ] GC(270)   Evacuate Collection Set: 15.56ms
[137.477s][info][gc,phases   ] GC(270)   Post Evacuate Collection Set: 0.29ms
[137.477s][info][gc,phases   ] GC(270)   Other: 0.07ms
[137.477s][info][gc,heap     ] GC(270) Eden regions: 11->0(135)
[137.477s][info][gc,heap     ] GC(270) Survivor regions: 18->2(19)
[137.477s][info][gc,heap     ] GC(270) Old regions: 94->109
[137.477s][info][gc,heap     ] GC(270) Humongous regions: 7->6
[137.477s][info][gc,metaspace] GC(270) Metaspace: 41710K(42048K)->41710K(42048K) NonClass: 38898K(39104K)->38898K(39104K) Class: 2811K(2944K)->2811K(2944K)
[137.477s][info][gc          ] GC(270) Pause Young (Concurrent Start) (G1 Humongous Allocation) 129M->116M(287M) 16.310ms
[137.477s][info][gc,cpu      ] GC(270) User=0.04s Sys=0.00s Real=0.02s
[137.477s][info][gc          ] GC(271) Concurrent Mark Cycle
[137.477s][info][gc,marking  ] GC(271) Concurrent Scan Root Regions
[137.512s][info][gc,marking  ] GC(271) Concurrent Scan Root Regions 34.566ms
[137.512s][info][gc,marking  ] GC(271) Concurrent Mark
[137.512s][info][gc,marking  ] GC(271) Concurrent Mark From Roots
[137.512s][info][gc,task     ] GC(271) Using 1 workers of 1 for marking
[137.774s][info][gc,marking  ] GC(271) Concurrent Mark From Roots 262.013ms
[137.774s][info][gc,marking  ] GC(271) Concurrent Preclean
[137.774s][info][gc,marking  ] GC(271) Concurrent Preclean 0.053ms
[137.774s][info][gc,start    ] GC(271) Pause Remark
[137.789s][info][gc          ] GC(271) Pause Remark 204M->203M(287M) 14.557ms
[137.789s][info][gc,cpu      ] GC(271) User=0.02s Sys=0.00s Real=0.02s
[137.790s][info][gc,marking  ] GC(271) Concurrent Mark 278.350ms
[137.790s][info][gc,marking  ] GC(271) Concurrent Rebuild Remembered Sets and Scrub Regions
[137.901s][info][gc,marking  ] GC(271) Concurrent Rebuild Remembered Sets and Scrub Regions 111.125ms
[137.904s][info][gc,start    ] GC(271) Pause Cleanup
[137.904s][info][gc          ] GC(271) Pause Cleanup 230M->230M(287M) 0.057ms
[137.904s][info][gc,cpu      ] GC(271) User=0.00s Sys=0.00s Real=0.00s
[137.905s][info][gc,marking  ] GC(271) Concurrent Clear Claimed Marks
[137.905s][info][gc,marking  ] GC(271) Concurrent Clear Claimed Marks 0.055ms
[137.905s][info][gc,marking  ] GC(271) Concurrent Cleanup for Next Mark
[137.906s][info][gc,marking  ] GC(271) Concurrent Cleanup for Next Mark 0.863ms
[137.906s][info][gc          ] GC(271) Concurrent Mark Cycle 429.229ms
[137.963s][info][gc,start    ] GC(272) Pause Young (Prepare Mixed) (G1 Evacuation Pause)
[137.963s][info][gc,task     ] GC(272) Using 2 workers of 2 for evacuation
[137.986s][info][gc,phases   ] GC(272)   Pre Evacuate Collection Set: 0.15ms
[137.986s][info][gc,phases   ] GC(272)   Merge Heap Roots: 0.13ms
[137.986s][info][gc,phases   ] GC(272)   Evacuate Collection Set: 21.33ms
[137.986s][info][gc,phases   ] GC(272)   Post Evacuate Collection Set: 0.40ms
[137.986s][info][gc,phases   ] GC(272)   Other: 0.07ms
[137.986s][info][gc,heap     ] GC(272) Eden regions: 135->0(121)
[137.986s][info][gc,heap     ] GC(272) Survivor regions: 2->16(18)
[137.986s][info][gc,heap     ] GC(272) Old regions: 109->109
[137.986s][info][gc,heap     ] GC(272) Humongous regions: 9->9
[137.986s][info][gc,metaspace] GC(272) Metaspace: 41710K(42048K)->41710K(42048K) NonClass: 38898K(39104K)->38898K(39104K) Class: 2811K(2944K)->2811K(2944K)
[137.986s][info][gc          ] GC(272) Pause Young (Prepare Mixed) (G1 Evacuation Pause) 254M->133M(287M) 22.273ms
[137.986s][info][gc,cpu      ] GC(272) User=0.04s Sys=0.00s Real=0.02s
[141.395s][info][gc,start    ] GC(273) Pause Young (Mixed) (G1 Evacuation Pause)
[141.395s][info][gc,task     ] GC(273) Using 2 workers of 2 for evacuation
[141.420s][info][gc,phases   ] GC(273)   Pre Evacuate Collection Set: 0.20ms
[141.420s][info][gc,phases   ] GC(273)   Merge Heap Roots: 0.15ms
[141.420s][info][gc,phases   ] GC(273)   Evacuate Collection Set: 24.87ms
[141.420s][info][gc,phases   ] GC(273)   Post Evacuate Collection Set: 0.40ms
[141.420s][info][gc,phases   ] GC(273)   Other: 0.09ms
[141.421s][info][gc,heap     ] GC(273) Eden regions: 121->0(124)
[141.421s][info][gc,heap     ] GC(273) Survivor regions: 16->6(18)
[141.421s][info][gc,heap     ] GC(273) Old regions: 109->121
[141.421s][info][gc,heap     ] GC(273) Humongous regions: 12->7
[141.421s][info][gc,metaspace] GC(273) Metaspace: 41750K(42112K)->41750K(42112K) NonClass: 38938K(39168K)->38938K(39168K) Class: 2811K(2944K)->2811K(2944K)
[141.421s][info][gc          ] GC(273) Pause Young (Mixed) (G1 Evacuation Pause) 257M->133M(287M) 25.895ms
[141.421s][info][gc,cpu      ] GC(273) User=0.05s Sys=0.00s Real=0.03s
[141.905s][info][gc,start    ] GC(274) Pause Young (Concurrent Start) (G1 Evacuation Pause)
[141.905s][info][gc,task     ] GC(274) Using 2 workers of 2 for evacuation
[141.916s][info][gc,phases   ] GC(274)   Pre Evacuate Collection Set: 0.18ms
[141.916s][info][gc,phases   ] GC(274)   Merge Heap Roots: 0.09ms
[141.916s][info][gc,phases   ] GC(274)   Evacuate Collection Set: 9.89ms
[141.916s][info][gc,phases   ] GC(274)   Post Evacuate Collection Set: 0.41ms
[141.916s][info][gc,phases   ] GC(274)   Other: 0.12ms
[141.916s][info][gc,heap     ] GC(274) Eden regions: 124->0(126)
[141.916s][info][gc,heap     ] GC(274) Survivor regions: 6->8(17)
[141.916s][info][gc,heap     ] GC(274) Old regions: 121->121
[141.916s][info][gc,heap     ] GC(274) Humongous regions: 7->7
[141.916s][info][gc,metaspace] GC(274) Metaspace: 41759K(42176K)->41759K(42176K) NonClass: 38948K(39232K)->38948K(39232K) Class: 2811K(2944K)->2811K(2944K)
[141.916s][info][gc          ] GC(274) Pause Young (Concurrent Start) (G1 Evacuation Pause) 257M->135M(287M) 10.836ms
[141.916s][info][gc          ] GC(275) Concurrent Mark Cycle
[141.916s][info][gc,marking  ] GC(275) Concurrent Scan Root Regions
[141.916s][info][gc,cpu      ] GC(274) User=0.02s Sys=0.00s Real=0.01s
[141.936s][info][gc,marking  ] GC(275) Concurrent Scan Root Regions 20.388ms
[141.937s][info][gc,marking  ] GC(275) Concurrent Mark
[141.937s][info][gc,marking  ] GC(275) Concurrent Mark From Roots
[141.937s][info][gc,task     ] GC(275) Using 1 workers of 1 for marking
[142.008s][info][gc,marking  ] GC(275) Concurrent Mark From Roots 71.176ms
[142.008s][info][gc,marking  ] GC(275) Concurrent Preclean
[142.008s][info][gc,marking  ] GC(275) Concurrent Preclean 0.094ms
[142.008s][info][gc,start    ] GC(275) Pause Remark
[142.022s][info][gc          ] GC(275) Pause Remark 153M->133M(287M) 14.203ms
[142.022s][info][gc,cpu      ] GC(275) User=0.03s Sys=0.00s Real=0.01s
[142.024s][info][gc,marking  ] GC(275) Concurrent Mark 87.441ms
[142.024s][info][gc,marking  ] GC(275) Concurrent Rebuild Remembered Sets and Scrub Regions
[142.052s][info][gc,marking  ] GC(275) Concurrent Rebuild Remembered Sets and Scrub Regions 27.975ms
[142.052s][info][gc,start    ] GC(275) Pause Cleanup
[142.052s][info][gc          ] GC(275) Pause Cleanup 138M->138M(287M) 0.085ms
[142.052s][info][gc,cpu      ] GC(275) User=0.00s Sys=0.00s Real=0.00s
[142.052s][info][gc,marking  ] GC(275) Concurrent Clear Claimed Marks
[142.052s][info][gc,marking  ] GC(275) Concurrent Clear Claimed Marks 0.032ms
[142.052s][info][gc,marking  ] GC(275) Concurrent Cleanup for Next Mark
[142.053s][info][gc,marking  ] GC(275) Concurrent Cleanup for Next Mark 0.825ms
[142.053s][info][gc          ] GC(275) Concurrent Mark Cycle 137.007ms
[142.319s][info][gc,start    ] GC(276) Pause Young (Prepare Mixed) (G1 Evacuation Pause)
[142.319s][info][gc,task     ] GC(276) Using 2 workers of 2 for evacuation
[142.339s][info][gc,phases   ] GC(276)   Pre Evacuate Collection Set: 0.16ms
[142.339s][info][gc,phases   ] GC(276)   Merge Heap Roots: 0.09ms
[142.339s][info][gc,phases   ] GC(276)   Evacuate Collection Set: 18.78ms
[142.339s][info][gc,phases   ] GC(276)   Post Evacuate Collection Set: 0.39ms
[142.339s][info][gc,phases   ] GC(276)   Other: 0.10ms
[142.339s][info][gc,heap     ] GC(276) Eden regions: 126->0(128)
[142.339s][info][gc,heap     ] GC(276) Survivor regions: 8->17(17)
[142.339s][info][gc,heap     ] GC(276) Old regions: 107->107
[142.339s][info][gc,heap     ] GC(276) Humongous regions: 3->3
[142.339s][info][gc,metaspace] GC(276) Metaspace: 41761K(42176K)->41761K(42176K) NonClass: 38950K(39232K)->38950K(39232K) Class: 2811K(2944K)->2811K(2944K)
[142.339s][info][gc          ] GC(276) Pause Young (Prepare Mixed) (G1 Evacuation Pause) 243M->126M(287M) 19.730ms
[142.339s][info][gc,cpu      ] GC(276) User=0.04s Sys=0.00s Real=0.02s
[142.622s][info][gc,start    ] GC(277) Pause Young (Mixed) (G1 Evacuation Pause)
[142.622s][info][gc,task     ] GC(277) Using 2 workers of 2 for evacuation
[142.655s][info][gc,phases   ] GC(277)   Pre Evacuate Collection Set: 0.25ms
[142.655s][info][gc,phases   ] GC(277)   Merge Heap Roots: 0.13ms
[142.655s][info][gc,phases   ] GC(277)   Evacuate Collection Set: 31.06ms
[142.655s][info][gc,phases   ] GC(277)   Post Evacuate Collection Set: 1.29ms
[142.655s][info][gc,phases   ] GC(277)   Other: 0.10ms
[142.655s][info][gc,heap     ] GC(277) Eden regions: 128->0(239)
[142.655s][info][gc,heap     ] GC(277) Survivor regions: 17->16(19)
[142.655s][info][gc,heap     ] GC(277) Old regions: 107->94
[142.655s][info][gc,heap     ] GC(277) Humongous regions: 4->4
[142.655s][info][gc,metaspace] GC(277) Metaspace: 41761K(42176K)->41761K(42176K) NonClass: 38950K(39232K)->38950K(39232K) Class: 2811K(2944K)->2811K(2944K)
[142.655s][info][gc          ] GC(277) Pause Young (Mixed) (G1 Evacuation Pause) 255M->114M(426M) 33.013ms
[142.655s][info][gc,cpu      ] GC(277) User=0.06s Sys=0.00s Real=0.03s
[143.295s][info][gc,start    ] GC(278) Pause Young (Mixed) (G1 Evacuation Pause)
[143.295s][info][gc,task     ] GC(278) Using 2 workers of 2 for evacuation
[143.343s][info][gc,phases   ] GC(278)   Pre Evacuate Collection Set: 0.27ms
[143.343s][info][gc,phases   ] GC(278)   Merge Heap Roots: 0.20ms
[143.343s][info][gc,phases   ] GC(278)   Evacuate Collection Set: 46.18ms
[143.343s][info][gc,phases   ] GC(278)   Post Evacuate Collection Set: 0.59ms
[143.343s][info][gc,phases   ] GC(278)   Other: 0.09ms
[143.343s][info][gc,heap     ] GC(278) Eden regions: 239->0(223)
[143.343s][info][gc,heap     ] GC(278) Survivor regions: 16->32(32)
[143.343s][info][gc,heap     ] GC(278) Old regions: 94->63
[143.343s][info][gc,heap     ] GC(278) Humongous regions: 6->6
[143.343s][info][gc,metaspace] GC(278) Metaspace: 41761K(42176K)->41761K(42176K) NonClass: 38950K(39232K)->38950K(39232K) Class: 2811K(2944K)->2811K(2944K)
[143.343s][info][gc          ] GC(278) Pause Young (Mixed) (G1 Evacuation Pause) 355M->100M(426M) 47.540ms
[143.343s][info][gc,cpu      ] GC(278) User=0.09s Sys=0.00s Real=0.05s
[143.888s][info][gc,start    ] GC(279) Pause Young (Mixed) (G1 Evacuation Pause)
[143.889s][info][gc,task     ] GC(279) Using 2 workers of 2 for evacuation
[143.960s][info][gc,phases   ] GC(279)   Pre Evacuate Collection Set: 0.21ms
[143.960s][info][gc,phases   ] GC(279)   Merge Heap Roots: 0.21ms
[143.960s][info][gc,phases   ] GC(279)   Evacuate Collection Set: 70.64ms
[143.960s][info][gc,phases   ] GC(279)   Post Evacuate Collection Set: 0.51ms
[143.960s][info][gc,phases   ] GC(279)   Other: 0.11ms
[143.960s][info][gc,heap     ] GC(279) Eden regions: 223->0(229)
[143.960s][info][gc,heap     ] GC(279) Survivor regions: 32->26(32)
[143.960s][info][gc,heap     ] GC(279) Old regions: 63->91
[143.960s][info][gc,heap     ] GC(279) Humongous regions: 10->10
[143.960s][info][gc,metaspace] GC(279) Metaspace: 41761K(42176K)->41761K(42176K) NonClass: 38950K(39232K)->38950K(39232K) Class: 2811K(2944K)->2811K(2944K)
[143.960s][info][gc          ] GC(279) Pause Young (Mixed) (G1 Evacuation Pause) 327M->126M(426M) 71.884ms
[143.960s][info][gc,cpu      ] GC(279) User=0.14s Sys=0.00s Real=0.07s
[144.156s][info][gc,start    ] GC(280) Pause Young (Concurrent Start) (G1 Humongous Allocation)
[144.156s][info][gc,task     ] GC(280) Using 2 workers of 2 for evacuation
[144.196s][info][gc,phases   ] GC(280)   Pre Evacuate Collection Set: 0.26ms
[144.196s][info][gc,phases   ] GC(280)   Merge Heap Roots: 0.16ms
[144.196s][info][gc,phases   ] GC(280)   Evacuate Collection Set: 39.31ms
[144.196s][info][gc,phases   ] GC(280)   Post Evacuate Collection Set: 0.36ms
[144.196s][info][gc,phases   ] GC(280)   Other: 0.13ms
[144.196s][info][gc,heap     ] GC(280) Eden regions: 31->0(220)
[144.196s][info][gc,heap     ] GC(280) Survivor regions: 26->14(32)
[144.196s][info][gc,heap     ] GC(280) Old regions: 91->116
[144.196s][info][gc,heap     ] GC(280) Humongous regions: 10->10
[144.196s][info][gc,metaspace] GC(280) Metaspace: 41761K(42176K)->41761K(42176K) NonClass: 38950K(39232K)->38950K(39232K) Class: 2811K(2944K)->2811K(2944K)
[144.196s][info][gc          ] GC(280) Pause Young (Concurrent Start) (G1 Humongous Allocation) 157M->139M(426M) 40.439ms
[144.196s][info][gc          ] GC(281) Concurrent Mark Cycle
[144.196s][info][gc,marking  ] GC(281) Concurrent Scan Root Regions
[144.196s][info][gc,cpu      ] GC(280) User=0.07s Sys=0.00s Real=0.04s
[144.252s][info][gc,marking  ] GC(281) Concurrent Scan Root Regions 56.032ms
[144.253s][info][gc,marking  ] GC(281) Concurrent Mark
[144.253s][info][gc,marking  ] GC(281) Concurrent Mark From Roots
[144.253s][info][gc,task     ] GC(281) Using 1 workers of 1 for marking
[144.354s][info][gc,marking  ] GC(281) Concurrent Mark From Roots 101.562ms
[144.354s][info][gc,marking  ] GC(281) Concurrent Preclean
[144.354s][info][gc,marking  ] GC(281) Concurrent Preclean 0.045ms
[144.354s][info][gc,start    ] GC(281) Pause Remark
[144.369s][info][gc          ] GC(281) Pause Remark 151M->145M(426M) 14.772ms
[144.369s][info][gc,cpu      ] GC(281) User=0.03s Sys=0.00s Real=0.02s
[144.369s][info][gc,marking  ] GC(281) Concurrent Mark 116.678ms
[144.369s][info][gc,marking  ] GC(281) Concurrent Rebuild Remembered Sets and Scrub Regions
[144.432s][info][gc,marking  ] GC(281) Concurrent Rebuild Remembered Sets and Scrub Regions 63.025ms
[144.432s][info][gc,start    ] GC(281) Pause Cleanup
[144.433s][info][gc          ] GC(281) Pause Cleanup 153M->153M(426M) 0.061ms
[144.433s][info][gc,cpu      ] GC(281) User=0.00s Sys=0.00s Real=0.00s
[144.433s][info][gc,marking  ] GC(281) Concurrent Clear Claimed Marks
[144.433s][info][gc,marking  ] GC(281) Concurrent Clear Claimed Marks 0.039ms
[144.433s][info][gc,marking  ] GC(281) Concurrent Cleanup for Next Mark
[144.435s][info][gc,marking  ] GC(281) Concurrent Cleanup for Next Mark 2.723ms
[144.435s][info][gc          ] GC(281) Concurrent Mark Cycle 238.924ms
[145.742s][info][gc,start    ] GC(282) Pause Young (Prepare Mixed) (G1 Evacuation Pause)
[145.742s][info][gc,task     ] GC(282) Using 2 workers of 2 for evacuation
[145.765s][info][gc,phases   ] GC(282)   Pre Evacuate Collection Set: 0.20ms
[145.766s][info][gc,phases   ] GC(282)   Merge Heap Roots: 0.20ms
[145.766s][info][gc,phases   ] GC(282)   Evacuate Collection Set: 22.12ms
[145.766s][info][gc,phases   ] GC(282)   Post Evacuate Collection Set: 0.48ms
[145.766s][info][gc,phases   ] GC(282)   Other: 0.10ms
[145.766s][info][gc,heap     ] GC(282) Eden regions: 220->0(219)
[145.766s][info][gc,heap     ] GC(282) Survivor regions: 14->17(30)
[145.766s][info][gc,heap     ] GC(282) Old regions: 113->113
[145.766s][info][gc,heap     ] GC(282) Humongous regions: 15->13
[145.766s][info][gc,metaspace] GC(282) Metaspace: 41762K(42176K)->41762K(42176K) NonClass: 38951K(39232K)->38951K(39232K) Class: 2811K(2944K)->2811K(2944K)
[145.766s][info][gc          ] GC(282) Pause Young (Prepare Mixed) (G1 Evacuation Pause) 361M->142M(426M) 23.318ms
[145.766s][info][gc,cpu      ] GC(282) User=0.04s Sys=0.00s Real=0.02s
[146.889s][info][gc,start    ] GC(283) Pause Young (Mixed) (G1 Evacuation Pause)
[146.889s][info][gc,task     ] GC(283) Using 2 workers of 2 for evacuation
[146.910s][info][gc,phases   ] GC(283)   Pre Evacuate Collection Set: 0.21ms
[146.910s][info][gc,phases   ] GC(283)   Merge Heap Roots: 0.15ms
[146.910s][info][gc,phases   ] GC(283)   Evacuate Collection Set: 19.68ms
[146.910s][info][gc,phases   ] GC(283)   Post Evacuate Collection Set: 0.48ms
[146.910s][info][gc,phases   ] GC(283)   Other: 0.08ms
[146.910s][info][gc,heap     ] GC(283) Eden regions: 219->0(231)
[146.910s][info][gc,heap     ] GC(283) Survivor regions: 17->15(30)
[146.910s][info][gc,heap     ] GC(283) Old regions: 113->112
[146.910s][info][gc,heap     ] GC(283) Humongous regions: 13->13
[146.910s][info][gc,metaspace] GC(283) Metaspace: 41762K(42176K)->41762K(42176K) NonClass: 38951K(39232K)->38951K(39232K) Class: 2811K(2944K)->2811K(2944K)
[146.910s][info][gc          ] GC(283) Pause Young (Mixed) (G1 Evacuation Pause) 361M->139M(426M) 20.838ms
[146.910s][info][gc,cpu      ] GC(283) User=0.04s Sys=0.00s Real=0.02s
[148.208s][info][gc,start    ] GC(284) Pause Young (Concurrent Start) (G1 Evacuation Pause)
[148.208s][info][gc,task     ] GC(284) Using 2 workers of 2 for evacuation
[148.245s][info][gc,phases   ] GC(284)   Pre Evacuate Collection Set: 0.23ms
[148.245s][info][gc,phases   ] GC(284)   Merge Heap Roots: 0.10ms
[148.245s][info][gc,phases   ] GC(284)   Evacuate Collection Set: 35.87ms
[148.245s][info][gc,phases   ] GC(284)   Post Evacuate Collection Set: 0.48ms
[148.245s][info][gc,phases   ] GC(284)   Other: 0.13ms
[148.245s][info][gc,heap     ] GC(284) Eden regions: 231->0(222)
[148.245s][info][gc,heap     ] GC(284) Survivor regions: 15->27(31)
[148.245s][info][gc,heap     ] GC(284) Old regions: 112->112
[148.245s][info][gc,heap     ] GC(284) Humongous regions: 13->13
[148.245s][info][gc,metaspace] GC(284) Metaspace: 41764K(42176K)->41764K(42176K) NonClass: 38952K(39232K)->38952K(39232K) Class: 2811K(2944K)->2811K(2944K)
[148.245s][info][gc          ] GC(284) Pause Young (Concurrent Start) (G1 Evacuation Pause) 370M->152M(426M) 37.098ms
[148.245s][info][gc,cpu      ] GC(284) User=0.08s Sys=0.00s Real=0.03s
[148.245s][info][gc          ] GC(285) Concurrent Mark Cycle
[148.245s][info][gc,marking  ] GC(285) Concurrent Scan Root Regions
[148.269s][info][gc,marking  ] GC(285) Concurrent Scan Root Regions 24.246ms
[148.269s][info][gc,marking  ] GC(285) Concurrent Mark
[148.269s][info][gc,marking  ] GC(285) Concurrent Mark From Roots
[148.269s][info][gc,task     ] GC(285) Using 1 workers of 1 for marking
[148.299s][info][gc,marking  ] GC(285) Concurrent Mark From Roots 30.039ms
[148.299s][info][gc,marking  ] GC(285) Concurrent Preclean
[148.299s][info][gc,marking  ] GC(285) Concurrent Preclean 0.037ms
[148.299s][info][gc,start    ] GC(285) Pause Remark
[148.325s][info][gc          ] GC(285) Pause Remark 153M->67M(256M) 25.798ms
[148.325s][info][gc,cpu      ] GC(285) User=0.03s Sys=0.00s Real=0.02s
[148.325s][info][gc,marking  ] GC(285) Concurrent Mark 56.067ms
[148.325s][info][gc,marking  ] GC(285) Concurrent Rebuild Remembered Sets and Scrub Regions
[148.337s][info][gc,marking  ] GC(285) Concurrent Rebuild Remembered Sets and Scrub Regions 11.299ms
[148.337s][info][gc,start    ] GC(285) Pause Cleanup
[148.337s][info][gc          ] GC(285) Pause Cleanup 69M->69M(256M) 0.038ms
[148.337s][info][gc,cpu      ] GC(285) User=0.00s Sys=0.00s Real=0.00s
[148.337s][info][gc,marking  ] GC(285) Concurrent Clear Claimed Marks
[148.337s][info][gc,marking  ] GC(285) Concurrent Clear Claimed Marks 0.033ms
[148.337s][info][gc,marking  ] GC(285) Concurrent Cleanup for Next Mark
[148.338s][info][gc,marking  ] GC(285) Concurrent Cleanup for Next Mark 0.714ms
[148.338s][info][gc          ] GC(285) Concurrent Mark Cycle 92.711ms
[149.006s][info][gc,start    ] GC(286) Pause Young (Prepare Mixed) (G1 Evacuation Pause)
[149.006s][info][gc,task     ] GC(286) Using 2 workers of 2 for evacuation
[149.012s][info][gc,phases   ] GC(286)   Pre Evacuate Collection Set: 0.21ms
[149.012s][info][gc,phases   ] GC(286)   Merge Heap Roots: 0.11ms
[149.012s][info][gc,phases   ] GC(286)   Evacuate Collection Set: 4.64ms
[149.012s][info][gc,phases   ] GC(286)   Post Evacuate Collection Set: 0.37ms
[149.012s][info][gc,phases   ] GC(286)   Other: 0.07ms
[149.012s][info][gc,heap     ] GC(286) Eden regions: 126->0(152)
[149.012s][info][gc,heap     ] GC(286) Survivor regions: 27->1(20)
[149.012s][info][gc,heap     ] GC(286) Old regions: 38->46
[149.012s][info][gc,heap     ] GC(286) Humongous regions: 2->1
[149.012s][info][gc,metaspace] GC(286) Metaspace: 41764K(42176K)->41764K(42176K) NonClass: 38952K(39232K)->38952K(39232K) Class: 2811K(2944K)->2811K(2944K)
[149.012s][info][gc          ] GC(286) Pause Young (Prepare Mixed) (G1 Evacuation Pause) 193M->47M(256M) 5.567ms
[149.012s][info][gc,cpu      ] GC(286) User=0.01s Sys=0.01s Real=0.01s
[149.860s][info][gc,start    ] GC(287) Pause Young (Mixed) (G1 Evacuation Pause)
[149.860s][info][gc,task     ] GC(287) Using 2 workers of 2 for evacuation
[149.875s][info][gc,phases   ] GC(287)   Pre Evacuate Collection Set: 0.21ms
[149.875s][info][gc,phases   ] GC(287)   Merge Heap Roots: 0.08ms
[149.875s][info][gc,phases   ] GC(287)   Evacuate Collection Set: 14.13ms
[149.875s][info][gc,phases   ] GC(287)   Post Evacuate Collection Set: 0.39ms
[149.875s][info][gc,phases   ] GC(287)   Other: 0.07ms
[149.875s][info][gc,heap     ] GC(287) Eden regions: 152->0(138)
[149.875s][info][gc,heap     ] GC(287) Survivor regions: 1->15(20)
[149.875s][info][gc,heap     ] GC(287) Old regions: 46->42
[149.875s][info][gc,heap     ] GC(287) Humongous regions: 1->1
[149.875s][info][gc,metaspace] GC(287) Metaspace: 41764K(42176K)->41764K(42176K) NonClass: 38952K(39232K)->38952K(39232K) Class: 2811K(2944K)->2811K(2944K)
[149.875s][info][gc          ] GC(287) Pause Young (Mixed) (G1 Evacuation Pause) 199M->57M(256M) 15.069ms
[149.875s][info][gc,cpu      ] GC(287) User=0.03s Sys=0.00s Real=0.01s
[150.302s][info][gc,start    ] GC(288) Pause Young (Concurrent Start) (G1 Humongous Allocation)
[150.302s][info][gc,task     ] GC(288) Using 2 workers of 2 for evacuation
[150.325s][info][gc,phases   ] GC(288)   Pre Evacuate Collection Set: 0.17ms
[150.325s][info][gc,phases   ] GC(288)   Merge Heap Roots: 0.06ms
[150.325s][info][gc,phases   ] GC(288)   Evacuate Collection Set: 22.11ms
[150.325s][info][gc,phases   ] GC(288)   Post Evacuate Collection Set: 0.35ms
[150.325s][info][gc,phases   ] GC(288)   Other: 0.12ms
[150.325s][info][gc,heap     ] GC(288) Eden regions: 91->0(140)
[150.325s][info][gc,heap     ] GC(288) Survivor regions: 15->13(20)
[150.325s][info][gc,heap     ] GC(288) Old regions: 42->57
[150.325s][info][gc,heap     ] GC(288) Humongous regions: 1->1
[150.325s][info][gc,metaspace] GC(288) Metaspace: 41764K(42176K)->41764K(42176K) NonClass: 38952K(39232K)->38952K(39232K) Class: 2811K(2944K)->2811K(2944K)
[150.325s][info][gc          ] GC(288) Pause Young (Concurrent Start) (G1 Humongous Allocation) 148M->70M(256M) 22.990ms
[150.325s][info][gc,cpu      ] GC(288) User=0.05s Sys=0.00s Real=0.02s
[150.325s][info][gc          ] GC(289) Concurrent Mark Cycle
[150.325s][info][gc,marking  ] GC(289) Concurrent Scan Root Regions
[150.342s][info][gc,marking  ] GC(289) Concurrent Scan Root Regions 16.800ms
[150.342s][info][gc,marking  ] GC(289) Concurrent Mark
[150.342s][info][gc,marking  ] GC(289) Concurrent Mark From Roots
[150.342s][info][gc,task     ] GC(289) Using 1 workers of 1 for marking
[150.372s][info][gc,marking  ] GC(289) Concurrent Mark From Roots 30.621ms
[150.372s][info][gc,marking  ] GC(289) Concurrent Preclean
[150.372s][info][gc,marking  ] GC(289) Concurrent Preclean 0.036ms
[150.373s][info][gc,start    ] GC(289) Pause Remark
[150.387s][info][gc          ] GC(289) Pause Remark 91M->91M(256M) 14.088ms
[150.387s][info][gc,cpu      ] GC(289) User=0.03s Sys=0.00s Real=0.01s
[150.387s][info][gc,marking  ] GC(289) Concurrent Mark 45.055ms
[150.387s][info][gc,marking  ] GC(289) Concurrent Rebuild Remembered Sets and Scrub Regions
[150.407s][info][gc,marking  ] GC(289) Concurrent Rebuild Remembered Sets and Scrub Regions 20.505ms
[150.408s][info][gc,start    ] GC(289) Pause Cleanup
[150.408s][info][gc          ] GC(289) Pause Cleanup 99M->99M(256M) 0.040ms
[150.408s][info][gc,cpu      ] GC(289) User=0.00s Sys=0.00s Real=0.00s
[150.408s][info][gc,marking  ] GC(289) Concurrent Clear Claimed Marks
[150.408s][info][gc,marking  ] GC(289) Concurrent Clear Claimed Marks 0.034ms
[150.408s][info][gc,marking  ] GC(289) Concurrent Cleanup for Next Mark
[150.409s][info][gc,marking  ] GC(289) Concurrent Cleanup for Next Mark 0.731ms
[150.409s][info][gc          ] GC(289) Concurrent Mark Cycle 83.941ms
[150.664s][info][gc,start    ] GC(290) Pause Young (Prepare Mixed) (G1 Evacuation Pause)
[150.664s][info][gc,task     ] GC(290) Using 2 workers of 2 for evacuation
[150.685s][info][gc,phases   ] GC(290)   Pre Evacuate Collection Set: 0.16ms
[150.685s][info][gc,phases   ] GC(290)   Merge Heap Roots: 0.08ms
[150.685s][info][gc,phases   ] GC(290)   Evacuate Collection Set: 19.64ms
[150.685s][info][gc,phases   ] GC(290)   Post Evacuate Collection Set: 0.38ms
[150.685s][info][gc,phases   ] GC(290)   Other: 0.07ms
[150.685s][info][gc,heap     ] GC(290) Eden regions: 140->0(134)
[150.685s][info][gc,heap     ] GC(290) Survivor regions: 13->18(20)
[150.685s][info][gc,heap     ] GC(290) Old regions: 57->61
[150.685s][info][gc,heap     ] GC(290) Humongous regions: 4->4
[150.685s][info][gc,metaspace] GC(290) Metaspace: 41764K(42176K)->41764K(42176K) NonClass: 38952K(39232K)->38952K(39232K) Class: 2811K(2944K)->2811K(2944K)
[150.685s][info][gc          ] GC(290) Pause Young (Prepare Mixed) (G1 Evacuation Pause) 213M->82M(256M) 20.546ms
[150.685s][info][gc,cpu      ] GC(290) User=0.04s Sys=0.00s Real=0.02s
[150.995s][info][gc,start    ] GC(291) Pause Young (Mixed) (G1 Evacuation Pause)
[150.995s][info][gc,task     ] GC(291) Using 2 workers of 2 for evacuation
[151.032s][info][gc,phases   ] GC(291)   Pre Evacuate Collection Set: 0.19ms
[151.032s][info][gc,phases   ] GC(291)   Merge Heap Roots: 0.12ms
[151.032s][info][gc,phases   ] GC(291)   Evacuate Collection Set: 36.21ms
[151.032s][info][gc,phases   ] GC(291)   Post Evacuate Collection Set: 0.68ms
[151.032s][info][gc,phases   ] GC(291)   Other: 0.08ms
[151.032s][info][gc,heap     ] GC(291) Eden regions: 134->0(147)
[151.032s][info][gc,heap     ] GC(291) Survivor regions: 18->17(19)
[151.032s][info][gc,heap     ] GC(291) Old regions: 61->69
[151.032s][info][gc,heap     ] GC(291) Humongous regions: 6->6
[151.032s][info][gc,metaspace] GC(291) Metaspace: 41764K(42176K)->41764K(42176K) NonClass: 38952K(39232K)->38952K(39232K) Class: 2811K(2944K)->2811K(2944K)
[151.032s][info][gc          ] GC(291) Pause Young (Mixed) (G1 Evacuation Pause) 218M->91M(285M) 37.463ms
[151.032s][info][gc,cpu      ] GC(291) User=0.07s Sys=0.00s Real=0.04s
[151.366s][info][gc,start    ] GC(292) Pause Young (Concurrent Start) (G1 Evacuation Pause)
[151.366s][info][gc,task     ] GC(292) Using 2 workers of 2 for evacuation
[151.401s][info][gc,phases   ] GC(292)   Pre Evacuate Collection Set: 0.18ms
[151.401s][info][gc,phases   ] GC(292)   Merge Heap Roots: 0.08ms
[151.401s][info][gc,phases   ] GC(292)   Evacuate Collection Set: 34.57ms
[151.401s][info][gc,phases   ] GC(292)   Post Evacuate Collection Set: 0.37ms
[151.401s][info][gc,phases   ] GC(292)   Other: 0.09ms
[151.401s][info][gc,heap     ] GC(292) Eden regions: 147->0(135)
[151.401s][info][gc,heap     ] GC(292) Survivor regions: 17->18(21)
[151.401s][info][gc,heap     ] GC(292) Old regions: 69->85
[151.401s][info][gc,heap     ] GC(292) Humongous regions: 6->6
[151.401s][info][gc,metaspace] GC(292) Metaspace: 41764K(42176K)->41764K(42176K) NonClass: 38952K(39232K)->38952K(39232K) Class: 2811K(2944K)->2811K(2944K)
[151.401s][info][gc          ] GC(292) Pause Young (Concurrent Start) (G1 Evacuation Pause) 238M->108M(285M) 35.522ms
[151.401s][info][gc,cpu      ] GC(292) User=0.07s Sys=0.00s Real=0.04s
[151.401s][info][gc          ] GC(293) Concurrent Mark Cycle
[151.402s][info][gc,marking  ] GC(293) Concurrent Scan Root Regions
[151.425s][info][gc,marking  ] GC(293) Concurrent Scan Root Regions 23.110ms
[151.425s][info][gc,marking  ] GC(293) Concurrent Mark
[151.425s][info][gc,marking  ] GC(293) Concurrent Mark From Roots
[151.425s][info][gc,task     ] GC(293) Using 1 workers of 1 for marking
[151.510s][info][gc,marking  ] GC(293) Concurrent Mark From Roots 84.880ms
[151.510s][info][gc,marking  ] GC(293) Concurrent Preclean
[151.510s][info][gc,marking  ] GC(293) Concurrent Preclean 0.043ms
[151.510s][info][gc,start    ] GC(293) Pause Remark
[151.524s][info][gc          ] GC(293) Pause Remark 158M->148M(285M) 14.048ms
[151.524s][info][gc,cpu      ] GC(293) User=0.03s Sys=0.00s Real=0.01s
[151.524s][info][gc,marking  ] GC(293) Concurrent Mark 99.248ms
[151.524s][info][gc,marking  ] GC(293) Concurrent Rebuild Remembered Sets and Scrub Regions
[151.561s][info][gc,marking  ] GC(293) Concurrent Rebuild Remembered Sets and Scrub Regions 36.672ms
[151.561s][info][gc,start    ] GC(293) Pause Cleanup
[151.561s][info][gc          ] GC(293) Pause Cleanup 165M->165M(285M) 0.056ms
[151.561s][info][gc,cpu      ] GC(293) User=0.00s Sys=0.00s Real=0.00s
[151.561s][info][gc,marking  ] GC(293) Concurrent Clear Claimed Marks
[151.561s][info][gc,marking  ] GC(293) Concurrent Clear Claimed Marks 0.036ms
[151.561s][info][gc,marking  ] GC(293) Concurrent Cleanup for Next Mark
[151.562s][info][gc,marking  ] GC(293) Concurrent Cleanup for Next Mark 1.110ms
[151.562s][info][gc          ] GC(293) Concurrent Mark Cycle 160.513ms
[151.757s][info][gc,start    ] GC(294) Pause Young (Prepare Mixed) (G1 Evacuation Pause)
[151.757s][info][gc,task     ] GC(294) Using 2 workers of 2 for evacuation
[151.795s][info][gc,phases   ] GC(294)   Pre Evacuate Collection Set: 0.18ms
[151.795s][info][gc,phases   ] GC(294)   Merge Heap Roots: 0.10ms
[151.795s][info][gc,phases   ] GC(294)   Evacuate Collection Set: 37.61ms
[151.795s][info][gc,phases   ] GC(294)   Post Evacuate Collection Set: 0.42ms
[151.795s][info][gc,phases   ] GC(294)   Other: 0.08ms
[151.795s][info][gc,heap     ] GC(294) Eden regions: 135->0(128)
[151.795s][info][gc,heap     ] GC(294) Survivor regions: 18->16(20)
[151.795s][info][gc,heap     ] GC(294) Old regions: 76->94
[151.795s][info][gc,heap     ] GC(294) Humongous regions: 9->9
[151.795s][info][gc,metaspace] GC(294) Metaspace: 41764K(42176K)->41764K(42176K) NonClass: 38952K(39232K)->38952K(39232K) Class: 2811K(2944K)->2811K(2944K)
[151.795s][info][gc          ] GC(294) Pause Young (Prepare Mixed) (G1 Evacuation Pause) 237M->118M(285M) 38.625ms
[151.795s][info][gc,cpu      ] GC(294) User=0.07s Sys=0.00s Real=0.04s
[152.083s][info][gc,start    ] GC(295) Pause Young (Mixed) (G1 Evacuation Pause)
[152.083s][info][gc,task     ] GC(295) Using 2 workers of 2 for evacuation
[152.119s][info][gc,phases   ] GC(295)   Pre Evacuate Collection Set: 0.20ms
[152.119s][info][gc,phases   ] GC(295)   Merge Heap Roots: 0.12ms
[152.119s][info][gc,phases   ] GC(295)   Evacuate Collection Set: 35.45ms
[152.119s][info][gc,phases   ] GC(295)   Post Evacuate Collection Set: 0.40ms
[152.119s][info][gc,phases   ] GC(295)   Other: 0.09ms
[152.119s][info][gc,heap     ] GC(295) Eden regions: 128->0(122)
[152.119s][info][gc,heap     ] GC(295) Survivor regions: 16->15(18)
[152.119s][info][gc,heap     ] GC(295) Old regions: 94->103
[152.119s][info][gc,heap     ] GC(295) Humongous regions: 9->9
[152.119s][info][gc,metaspace] GC(295) Metaspace: 41764K(42176K)->41764K(42176K) NonClass: 38952K(39232K)->38952K(39232K) Class: 2811K(2944K)->2811K(2944K)
[152.119s][info][gc          ] GC(295) Pause Young (Mixed) (G1 Evacuation Pause) 246M->126M(285M) 36.488ms
[152.119s][info][gc,cpu      ] GC(295) User=0.07s Sys=0.00s Real=0.04s
[152.320s][info][gc,start    ] GC(296) Pause Young (Concurrent Start) (G1 Humongous Allocation)
[152.320s][info][gc,task     ] GC(296) Using 2 workers of 2 for evacuation
[152.348s][info][gc,phases   ] GC(296)   Pre Evacuate Collection Set: 0.21ms
[152.348s][info][gc,phases   ] GC(296)   Merge Heap Roots: 0.09ms
[152.348s][info][gc,phases   ] GC(296)   Evacuate Collection Set: 27.22ms
[152.348s][info][gc,phases   ] GC(296)   Post Evacuate Collection Set: 0.33ms
[152.348s][info][gc,phases   ] GC(296)   Other: 0.11ms
[152.348s][info][gc,heap     ] GC(296) Eden regions: 29->0(103)
[152.348s][info][gc,heap     ] GC(296) Survivor regions: 15->14(18)
[152.348s][info][gc,heap     ] GC(296) Old regions: 103->118
[152.348s][info][gc,heap     ] GC(296) Humongous regions: 9->9
[152.348s][info][gc,metaspace] GC(296) Metaspace: 41764K(42176K)->41764K(42176K) NonClass: 38952K(39232K)->38952K(39232K) Class: 2811K(2944K)->2811K(2944K)
[152.348s][info][gc          ] GC(296) Pause Young (Concurrent Start) (G1 Humongous Allocation) 155M->140M(285M) 28.201ms
[152.348s][info][gc,cpu      ] GC(296) User=0.05s Sys=0.00s Real=0.03s
[152.348s][info][gc          ] GC(297) Concurrent Mark Cycle
[152.348s][info][gc,marking  ] GC(297) Concurrent Scan Root Regions
[152.423s][info][gc,marking  ] GC(297) Concurrent Scan Root Regions 74.784ms
[152.423s][info][gc,marking  ] GC(297) Concurrent Mark
[152.423s][info][gc,marking  ] GC(297) Concurrent Mark From Roots
[152.423s][info][gc,task     ] GC(297) Using 1 workers of 1 for marking
[152.589s][info][gc,marking  ] GC(297) Concurrent Mark From Roots 166.156ms
[152.589s][info][gc,marking  ] GC(297) Concurrent Preclean
[152.589s][info][gc,marking  ] GC(297) Concurrent Preclean 0.049ms
[152.589s][info][gc,start    ] GC(297) Pause Remark
[152.604s][info][gc          ] GC(297) Pause Remark 153M->151M(285M) 14.266ms
[152.604s][info][gc,cpu      ] GC(297) User=0.02s Sys=0.00s Real=0.01s
[152.604s][info][gc,marking  ] GC(297) Concurrent Mark 180.934ms
[152.604s][info][gc,marking  ] GC(297) Concurrent Rebuild Remembered Sets and Scrub Regions
[152.689s][info][gc,marking  ] GC(297) Concurrent Rebuild Remembered Sets and Scrub Regions 84.984ms
[152.689s][info][gc,start    ] GC(297) Pause Cleanup
[152.689s][info][gc          ] GC(297) Pause Cleanup 157M->157M(285M) 0.055ms
[152.689s][info][gc,cpu      ] GC(297) User=0.00s Sys=0.00s Real=0.00s
[152.691s][info][gc,marking  ] GC(297) Concurrent Clear Claimed Marks
[152.691s][info][gc,marking  ] GC(297) Concurrent Clear Claimed Marks 0.059ms
[152.691s][info][gc,marking  ] GC(297) Concurrent Cleanup for Next Mark
[152.692s][info][gc,marking  ] GC(297) Concurrent Cleanup for Next Mark 0.847ms
[152.692s][info][gc          ] GC(297) Concurrent Mark Cycle 343.739ms
[153.528s][info][gc,start    ] GC(298) Pause Young (Prepare Mixed) (G1 Evacuation Pause)
[153.528s][info][gc,task     ] GC(298) Using 2 workers of 2 for evacuation
[153.544s][info][gc,phases   ] GC(298)   Pre Evacuate Collection Set: 0.16ms
[153.544s][info][gc,phases   ] GC(298)   Merge Heap Roots: 0.16ms
[153.544s][info][gc,phases   ] GC(298)   Evacuate Collection Set: 14.83ms
[153.544s][info][gc,phases   ] GC(298)   Post Evacuate Collection Set: 0.34ms
[153.544s][info][gc,phases   ] GC(298)   Other: 0.07ms
[153.544s][info][gc,heap     ] GC(298) Eden regions: 103->0(108)
[153.544s][info][gc,heap     ] GC(298) Survivor regions: 14->6(15)
[153.544s][info][gc,heap     ] GC(298) Old regions: 118->121
[153.544s][info][gc,heap     ] GC(298) Humongous regions: 15->13
[153.544s][info][gc,metaspace] GC(298) Metaspace: 41764K(42176K)->41764K(42176K) NonClass: 38952K(39232K)->38952K(39232K) Class: 2811K(2944K)->2811K(2944K)
[153.544s][info][gc          ] GC(298) Pause Young (Prepare Mixed) (G1 Evacuation Pause) 249M->139M(285M) 15.757ms
[153.544s][info][gc,cpu      ] GC(298) User=0.03s Sys=0.00s Real=0.01s
[153.900s][info][gc,start    ] GC(299) Pause Young (Mixed) (G1 Evacuation Pause)
[153.900s][info][gc,task     ] GC(299) Using 2 workers of 2 for evacuation
[153.914s][info][gc,phases   ] GC(299)   Pre Evacuate Collection Set: 0.16ms
[153.914s][info][gc,phases   ] GC(299)   Merge Heap Roots: 0.10ms
[153.914s][info][gc,phases   ] GC(299)   Evacuate Collection Set: 13.48ms
[153.914s][info][gc,phases   ] GC(299)   Post Evacuate Collection Set: 0.37ms
[153.914s][info][gc,phases   ] GC(299)   Other: 0.07ms
[153.914s][info][gc,heap     ] GC(299) Eden regions: 108->0(108)
[153.914s][info][gc,heap     ] GC(299) Survivor regions: 6->11(15)
[153.914s][info][gc,heap     ] GC(299) Old regions: 121->118
[153.914s][info][gc,heap     ] GC(299) Humongous regions: 13->13
[153.914s][info][gc,metaspace] GC(299) Metaspace: 41764K(42176K)->41764K(42176K) NonClass: 38952K(39232K)->38952K(39232K) Class: 2811K(2944K)->2811K(2944K)
[153.915s][info][gc          ] GC(299) Pause Young (Mixed) (G1 Evacuation Pause) 247M->141M(285M) 14.332ms
[153.915s][info][gc,cpu      ] GC(299) User=0.03s Sys=0.00s Real=0.01s
[154.414s][info][gc,start    ] GC(300) Pause Young (Concurrent Start) (G1 Evacuation Pause)
[154.414s][info][gc,task     ] GC(300) Using 2 workers of 2 for evacuation
[154.429s][info][gc,phases   ] GC(300)   Pre Evacuate Collection Set: 0.18ms
[154.429s][info][gc,phases   ] GC(300)   Merge Heap Roots: 0.08ms
[154.429s][info][gc,phases   ] GC(300)   Evacuate Collection Set: 14.18ms
[154.429s][info][gc,phases   ] GC(300)   Post Evacuate Collection Set: 0.34ms
[154.429s][info][gc,phases   ] GC(300)   Other: 0.08ms
[154.429s][info][gc,heap     ] GC(300) Eden regions: 108->0(108)
[154.429s][info][gc,heap     ] GC(300) Survivor regions: 11->11(15)
[154.429s][info][gc,heap     ] GC(300) Old regions: 118->123
[154.429s][info][gc,heap     ] GC(300) Humongous regions: 13->13
[154.429s][info][gc,metaspace] GC(300) Metaspace: 41764K(42176K)->41764K(42176K) NonClass: 38952K(39232K)->38952K(39232K) Class: 2811K(2944K)->2811K(2944K)
[154.429s][info][gc          ] GC(300) Pause Young (Concurrent Start) (G1 Evacuation Pause) 249M->146M(285M) 15.034ms
[154.429s][info][gc          ] GC(301) Concurrent Mark Cycle
[154.429s][info][gc,marking  ] GC(301) Concurrent Scan Root Regions
[154.430s][info][gc,cpu      ] GC(300) User=0.03s Sys=0.00s Real=0.02s
[154.438s][info][gc,marking  ] GC(301) Concurrent Scan Root Regions 9.185ms
[154.438s][info][gc,marking  ] GC(301) Concurrent Mark
[154.438s][info][gc,marking  ] GC(301) Concurrent Mark From Roots
[154.438s][info][gc,task     ] GC(301) Using 1 workers of 1 for marking
[154.474s][info][gc,marking  ] GC(301) Concurrent Mark From Roots 35.895ms
[154.474s][info][gc,marking  ] GC(301) Concurrent Preclean
[154.474s][info][gc,marking  ] GC(301) Concurrent Preclean 0.036ms
[154.475s][info][gc,start    ] GC(301) Pause Remark
[154.488s][info][gc          ] GC(301) Pause Remark 155M->68M(256M) 13.970ms
[154.489s][info][gc,cpu      ] GC(301) User=0.03s Sys=0.00s Real=0.02s
[154.489s][info][gc,marking  ] GC(301) Concurrent Mark 50.146ms
[154.489s][info][gc,marking  ] GC(301) Concurrent Rebuild Remembered Sets and Scrub Regions
[154.503s][info][gc,marking  ] GC(301) Concurrent Rebuild Remembered Sets and Scrub Regions 14.402ms
[154.503s][info][gc,start    ] GC(301) Pause Cleanup
[154.503s][info][gc          ] GC(301) Pause Cleanup 71M->71M(256M) 0.038ms
[154.503s][info][gc,cpu      ] GC(301) User=0.00s Sys=0.00s Real=0.00s
[154.503s][info][gc,marking  ] GC(301) Concurrent Clear Claimed Marks
[154.503s][info][gc,marking  ] GC(301) Concurrent Clear Claimed Marks 0.033ms
[154.503s][info][gc,marking  ] GC(301) Concurrent Cleanup for Next Mark
[154.504s][info][gc,marking  ] GC(301) Concurrent Cleanup for Next Mark 0.736ms
[154.504s][info][gc          ] GC(301) Concurrent Mark Cycle 74.826ms
[155.012s][info][gc,start    ] GC(302) Pause Young (Prepare Mixed) (G1 Evacuation Pause)
[155.012s][info][gc,task     ] GC(302) Using 2 workers of 2 for evacuation
[155.028s][info][gc,phases   ] GC(302)   Pre Evacuate Collection Set: 0.20ms
[155.028s][info][gc,phases   ] GC(302)   Merge Heap Roots: 0.06ms
[155.028s][info][gc,phases   ] GC(302)   Evacuate Collection Set: 15.17ms
[155.028s][info][gc,phases   ] GC(302)   Post Evacuate Collection Set: 0.38ms
[155.028s][info][gc,phases   ] GC(302)   Other: 0.07ms
[155.028s][info][gc,heap     ] GC(302) Eden regions: 108->0(140)
[155.028s][info][gc,heap     ] GC(302) Survivor regions: 11->13(15)
[155.028s][info][gc,heap     ] GC(302) Old regions: 48->54
[155.028s][info][gc,heap     ] GC(302) Humongous regions: 1->1
[155.028s][info][gc,metaspace] GC(302) Metaspace: 41764K(42176K)->41764K(42176K) NonClass: 38952K(39232K)->38952K(39232K) Class: 2811K(2944K)->2811K(2944K)
[155.028s][info][gc          ] GC(302) Pause Young (Prepare Mixed) (G1 Evacuation Pause) 167M->67M(256M) 16.076ms
[155.028s][info][gc,cpu      ] GC(302) User=0.03s Sys=0.00s Real=0.02s
[155.783s][info][gc,start    ] GC(303) Pause Young (Mixed) (G1 Evacuation Pause)
[155.783s][info][gc,task     ] GC(303) Using 2 workers of 2 for evacuation
[155.810s][info][gc,phases   ] GC(303)   Pre Evacuate Collection Set: 0.16ms
[155.810s][info][gc,phases   ] GC(303)   Merge Heap Roots: 0.11ms
[155.810s][info][gc,phases   ] GC(303)   Evacuate Collection Set: 25.74ms
[155.810s][info][gc,phases   ] GC(303)   Post Evacuate Collection Set: 0.40ms
[155.810s][info][gc,phases   ] GC(303)   Other: 0.07ms
[155.810s][info][gc,heap     ] GC(303) Eden regions: 140->0(133)
[155.810s][info][gc,heap     ] GC(303) Survivor regions: 13->20(20)
[155.810s][info][gc,heap     ] GC(303) Old regions: 54->57
[155.810s][info][gc,heap     ] GC(303) Humongous regions: 1->1
[155.810s][info][gc,metaspace] GC(303) Metaspace: 41764K(42176K)->41764K(42176K) NonClass: 38952K(39232K)->38952K(39232K) Class: 2811K(2944K)->2811K(2944K)
[155.810s][info][gc          ] GC(303) Pause Young (Mixed) (G1 Evacuation Pause) 207M->76M(256M) 26.667ms
[155.810s][info][gc,cpu      ] GC(303) User=0.05s Sys=0.00s Real=0.03s
[156.549s][info][gc,start    ] GC(304) Pause Young (Concurrent Start) (G1 Evacuation Pause)
[156.549s][info][gc,task     ] GC(304) Using 2 workers of 2 for evacuation
[156.577s][info][gc,phases   ] GC(304)   Pre Evacuate Collection Set: 0.16ms
[156.577s][info][gc,phases   ] GC(304)   Merge Heap Roots: 0.10ms
[156.577s][info][gc,phases   ] GC(304)   Evacuate Collection Set: 27.31ms
[156.577s][info][gc,phases   ] GC(304)   Post Evacuate Collection Set: 0.41ms
[156.577s][info][gc,phases   ] GC(304)   Other: 0.12ms
[156.577s][info][gc,heap     ] GC(304) Eden regions: 133->0(131)
[156.577s][info][gc,heap     ] GC(304) Survivor regions: 20->12(20)
[156.577s][info][gc,heap     ] GC(304) Old regions: 57->77
[156.577s][info][gc,heap     ] GC(304) Humongous regions: 1->1
[156.577s][info][gc,metaspace] GC(304) Metaspace: 41764K(42176K)->41764K(42176K) NonClass: 38952K(39232K)->38952K(39232K) Class: 2811K(2944K)->2811K(2944K)
[156.577s][info][gc          ] GC(304) Pause Young (Concurrent Start) (G1 Evacuation Pause) 209M->88M(256M) 28.299ms
[156.577s][info][gc,cpu      ] GC(304) User=0.06s Sys=0.00s Real=0.03s
[156.577s][info][gc          ] GC(305) Concurrent Mark Cycle
[156.577s][info][gc,marking  ] GC(305) Concurrent Scan Root Regions
[156.596s][info][gc,marking  ] GC(305) Concurrent Scan Root Regions 18.964ms
[156.596s][info][gc,marking  ] GC(305) Concurrent Mark
[156.596s][info][gc,marking  ] GC(305) Concurrent Mark From Roots
[156.596s][info][gc,task     ] GC(305) Using 1 workers of 1 for marking
[156.636s][info][gc,marking  ] GC(305) Concurrent Mark From Roots 39.735ms
[156.636s][info][gc,marking  ] GC(305) Concurrent Preclean
[156.636s][info][gc,marking  ] GC(305) Concurrent Preclean 0.035ms
[156.636s][info][gc,start    ] GC(305) Pause Remark
[156.650s][info][gc          ] GC(305) Pause Remark 98M->94M(256M) 14.260ms
[156.650s][info][gc,cpu      ] GC(305) User=0.03s Sys=0.00s Real=0.02s
[156.650s][info][gc,marking  ] GC(305) Concurrent Mark 54.278ms
[156.650s][info][gc,marking  ] GC(305) Concurrent Rebuild Remembered Sets and Scrub Regions
[156.679s][info][gc,marking  ] GC(305) Concurrent Rebuild Remembered Sets and Scrub Regions 28.915ms
[156.679s][info][gc,start    ] GC(305) Pause Cleanup
[156.679s][info][gc          ] GC(305) Pause Cleanup 100M->100M(256M) 0.042ms
[156.679s][info][gc,cpu      ] GC(305) User=0.00s Sys=0.00s Real=0.00s
[156.680s][info][gc,marking  ] GC(305) Concurrent Clear Claimed Marks
[156.680s][info][gc,marking  ] GC(305) Concurrent Clear Claimed Marks 0.035ms
[156.680s][info][gc,marking  ] GC(305) Concurrent Cleanup for Next Mark
[156.680s][info][gc,marking  ] GC(305) Concurrent Cleanup for Next Mark 0.747ms
[156.680s][info][gc          ] GC(305) Concurrent Mark Cycle 103.240ms
[157.288s][info][gc,start    ] GC(306) Pause Young (Prepare Mixed) (G1 Evacuation Pause)
[157.288s][info][gc,task     ] GC(306) Using 2 workers of 2 for evacuation
[157.301s][info][gc,phases   ] GC(306)   Pre Evacuate Collection Set: 0.16ms
[157.301s][info][gc,phases   ] GC(306)   Merge Heap Roots: 0.06ms
[157.301s][info][gc,phases   ] GC(306)   Evacuate Collection Set: 13.03ms
[157.301s][info][gc,phases   ] GC(306)   Post Evacuate Collection Set: 0.35ms
[157.301s][info][gc,phases   ] GC(306)   Other: 0.07ms
[157.301s][info][gc,heap     ] GC(306) Eden regions: 131->0(130)
[157.301s][info][gc,heap     ] GC(306) Survivor regions: 12->14(18)
[157.301s][info][gc,heap     ] GC(306) Old regions: 73->75
[157.301s][info][gc,heap     ] GC(306) Humongous regions: 2->2
[157.301s][info][gc,metaspace] GC(306) Metaspace: 41764K(42176K)->41764K(42176K) NonClass: 38952K(39232K)->38952K(39232K) Class: 2811K(2944K)->2811K(2944K)
[157.301s][info][gc          ] GC(306) Pause Young (Prepare Mixed) (G1 Evacuation Pause) 216M->89M(256M) 13.843ms
[157.301s][info][gc,cpu      ] GC(306) User=0.02s Sys=0.00s Real=0.01s
[157.991s][info][gc,start    ] GC(307) Pause Young (Mixed) (G1 Evacuation Pause)
[157.991s][info][gc,task     ] GC(307) Using 2 workers of 2 for evacuation
[158.016s][info][gc,phases   ] GC(307)   Pre Evacuate Collection Set: 0.16ms
[158.016s][info][gc,phases   ] GC(307)   Merge Heap Roots: 0.10ms
[158.016s][info][gc,phases   ] GC(307)   Evacuate Collection Set: 24.16ms
[158.016s][info][gc,phases   ] GC(307)   Post Evacuate Collection Set: 0.40ms
[158.016s][info][gc,phases   ] GC(307)   Other: 0.09ms
[158.016s][info][gc,heap     ] GC(307) Eden regions: 130->0(130)
[158.016s][info][gc,heap     ] GC(307) Survivor regions: 14->13(18)
[158.016s][info][gc,heap     ] GC(307) Old regions: 75->76
[158.016s][info][gc,heap     ] GC(307) Humongous regions: 2->2
[158.016s][info][gc,metaspace] GC(307) Metaspace: 41764K(42176K)->41764K(42176K) NonClass: 38952K(39232K)->38952K(39232K) Class: 2811K(2944K)->2811K(2944K)
[158.016s][info][gc          ] GC(307) Pause Young (Mixed) (G1 Evacuation Pause) 219M->90M(256M) 25.091ms
[158.016s][info][gc,cpu      ] GC(307) User=0.05s Sys=0.00s Real=0.02s
[158.410s][info][gc,start    ] GC(308) Pause Young (Concurrent Start) (G1 Humongous Allocation)
[158.410s][info][gc,task     ] GC(308) Using 2 workers of 2 for evacuation
[158.430s][info][gc,phases   ] GC(308)   Pre Evacuate Collection Set: 0.15ms
[158.430s][info][gc,phases   ] GC(308)   Merge Heap Roots: 0.06ms
[158.430s][info][gc,phases   ] GC(308)   Evacuate Collection Set: 19.05ms
[158.430s][info][gc,phases   ] GC(308)   Post Evacuate Collection Set: 0.36ms
[158.430s][info][gc,phases   ] GC(308)   Other: 0.09ms
[158.430s][info][gc,heap     ] GC(308) Eden regions: 84->0(119)
[158.430s][info][gc,heap     ] GC(308) Survivor regions: 13->11(18)
[158.430s][info][gc,heap     ] GC(308) Old regions: 76->89
[158.430s][info][gc,heap     ] GC(308) Humongous regions: 2->2
[158.430s][info][gc,metaspace] GC(308) Metaspace: 41769K(42176K)->41769K(42176K) NonClass: 38957K(39232K)->38957K(39232K) Class: 2811K(2944K)->2811K(2944K)
[158.430s][info][gc          ] GC(308) Pause Young (Concurrent Start) (G1 Humongous Allocation) 174M->101M(256M) 19.869ms
[158.430s][info][gc,cpu      ] GC(308) User=0.04s Sys=0.00s Real=0.02s
[158.430s][info][gc          ] GC(309) Concurrent Mark Cycle
[158.430s][info][gc,marking  ] GC(309) Concurrent Scan Root Regions
[158.448s][info][gc,marking  ] GC(309) Concurrent Scan Root Regions 17.650ms
[158.448s][info][gc,marking  ] GC(309) Concurrent Mark
[158.448s][info][gc,marking  ] GC(309) Concurrent Mark From Roots
[158.448s][info][gc,task     ] GC(309) Using 1 workers of 1 for marking
[158.483s][info][gc,marking  ] GC(309) Concurrent Mark From Roots 35.516ms
[158.483s][info][gc,marking  ] GC(309) Concurrent Preclean
[158.483s][info][gc,marking  ] GC(309) Concurrent Preclean 0.036ms
[158.484s][info][gc,start    ] GC(309) Pause Remark
[158.500s][info][gc          ] GC(309) Pause Remark 110M->99M(256M) 16.109ms
[158.500s][info][gc,cpu      ] GC(309) User=0.03s Sys=0.00s Real=0.02s
[158.502s][info][gc,marking  ] GC(309) Concurrent Mark 53.959ms
[158.502s][info][gc,marking  ] GC(309) Concurrent Rebuild Remembered Sets and Scrub Regions
[158.548s][info][gc,marking  ] GC(309) Concurrent Rebuild Remembered Sets and Scrub Regions 46.629ms
[158.549s][info][gc,start    ] GC(309) Pause Cleanup
[158.549s][info][gc          ] GC(309) Pause Cleanup 110M->110M(256M) 0.078ms
[158.549s][info][gc,cpu      ] GC(309) User=0.00s Sys=0.00s Real=0.00s
[158.550s][info][gc,marking  ] GC(309) Concurrent Clear Claimed Marks
[158.550s][info][gc,marking  ] GC(309) Concurrent Clear Claimed Marks 0.051ms
[158.550s][info][gc,marking  ] GC(309) Concurrent Cleanup for Next Mark
[158.552s][info][gc,marking  ] GC(309) Concurrent Cleanup for Next Mark 1.694ms
[158.552s][info][gc          ] GC(309) Concurrent Mark Cycle 121.590ms
[158.994s][info][gc,start    ] GC(310) Pause Young (Prepare Mixed) (G1 Evacuation Pause)
[158.994s][info][gc,task     ] GC(310) Using 2 workers of 2 for evacuation
[159.000s][info][gc,phases   ] GC(310)   Pre Evacuate Collection Set: 0.17ms
[159.000s][info][gc,phases   ] GC(310)   Merge Heap Roots: 0.07ms
[159.000s][info][gc,phases   ] GC(310)   Evacuate Collection Set: 5.39ms
[159.000s][info][gc,phases   ] GC(310)   Post Evacuate Collection Set: 0.35ms
[159.000s][info][gc,phases   ] GC(310)   Other: 0.08ms
[159.000s][info][gc,heap     ] GC(310) Eden regions: 119->0(136)
[159.000s][info][gc,heap     ] GC(310) Survivor regions: 11->1(17)
[159.000s][info][gc,heap     ] GC(310) Old regions: 79->86
[159.000s][info][gc,heap     ] GC(310) Humongous regions: 9->1
[159.000s][info][gc,metaspace] GC(310) Metaspace: 41773K(42176K)->41773K(42176K) NonClass: 38962K(39232K)->38962K(39232K) Class: 2811K(2944K)->2811K(2944K)
[159.000s][info][gc          ] GC(310) Pause Young (Prepare Mixed) (G1 Evacuation Pause) 217M->88M(256M) 6.209ms
[159.000s][info][gc,cpu      ] GC(310) User=0.01s Sys=0.00s Real=0.01s
[159.501s][info][gc,start    ] GC(311) Pause Young (Mixed) (G1 Evacuation Pause)
[159.501s][info][gc,task     ] GC(311) Using 2 workers of 2 for evacuation
[159.515s][info][gc,phases   ] GC(311)   Pre Evacuate Collection Set: 0.21ms
[159.515s][info][gc,phases   ] GC(311)   Merge Heap Roots: 0.21ms
[159.515s][info][gc,phases   ] GC(311)   Evacuate Collection Set: 13.46ms
[159.515s][info][gc,phases   ] GC(311)   Post Evacuate Collection Set: 0.42ms
[159.515s][info][gc,phases   ] GC(311)   Other: 0.09ms
[159.516s][info][gc,heap     ] GC(311) Eden regions: 136->0(140)
[159.516s][info][gc,heap     ] GC(311) Survivor regions: 1->13(18)
[159.516s][info][gc,heap     ] GC(311) Old regions: 86->61
[159.516s][info][gc,heap     ] GC(311) Humongous regions: 14->3
[159.516s][info][gc,metaspace] GC(311) Metaspace: 41777K(42176K)->41777K(42176K) NonClass: 38966K(39232K)->38966K(39232K) Class: 2811K(2944K)->2811K(2944K)
[159.516s][info][gc          ] GC(311) Pause Young (Mixed) (G1 Evacuation Pause) 237M->76M(256M) 14.554ms
[159.516s][info][gc,cpu      ] GC(311) User=0.02s Sys=0.00s Real=0.01s
[160.126s][info][gc,start    ] GC(312) Pause Young (Mixed) (G1 Evacuation Pause)
[160.126s][info][gc,task     ] GC(312) Using 2 workers of 2 for evacuation
[160.135s][info][gc,phases   ] GC(312)   Pre Evacuate Collection Set: 0.16ms
[160.135s][info][gc,phases   ] GC(312)   Merge Heap Roots: 0.11ms
[160.135s][info][gc,phases   ] GC(312)   Evacuate Collection Set: 8.84ms
[160.135s][info][gc,phases   ] GC(312)   Post Evacuate Collection Set: 0.38ms
[160.135s][info][gc,phases   ] GC(312)   Other: 0.11ms
[160.135s][info][gc,heap     ] GC(312) Eden regions: 140->0(147)
[160.135s][info][gc,heap     ] GC(312) Survivor regions: 13->6(20)
[160.135s][info][gc,heap     ] GC(312) Old regions: 61->59
[160.135s][info][gc,heap     ] GC(312) Humongous regions: 10->3
[160.135s][info][gc,metaspace] GC(312) Metaspace: 41784K(42176K)->41784K(42176K) NonClass: 38973K(39232K)->38973K(39232K) Class: 2811K(2944K)->2811K(2944K)
[160.135s][info][gc          ] GC(312) Pause Young (Mixed) (G1 Evacuation Pause) 223M->67M(256M) 9.761ms
[160.135s][info][gc,cpu      ] GC(312) User=0.02s Sys=0.00s Real=0.01s
[160.303s][info][gc,start    ] GC(313) Pause Young (Concurrent Start) (G1 Humongous Allocation)
[160.303s][info][gc,task     ] GC(313) Using 2 workers of 2 for evacuation
[160.306s][info][gc,phases   ] GC(313)   Pre Evacuate Collection Set: 0.15ms
[160.306s][info][gc,phases   ] GC(313)   Merge Heap Roots: 0.04ms
[160.306s][info][gc,phases   ] GC(313)   Evacuate Collection Set: 2.14ms
[160.306s][info][gc,phases   ] GC(313)   Post Evacuate Collection Set: 0.30ms
[160.306s][info][gc,phases   ] GC(313)   Other: 0.09ms
[160.306s][info][gc,heap     ] GC(313) Eden regions: 46->0(151)
[160.306s][info][gc,heap     ] GC(313) Survivor regions: 6->2(20)
[160.306s][info][gc,heap     ] GC(313) Old regions: 59->59
[160.306s][info][gc,heap     ] GC(313) Humongous regions: 3->1
[160.306s][info][gc,metaspace] GC(313) Metaspace: 41785K(42176K)->41785K(42176K) NonClass: 38974K(39232K)->38974K(39232K) Class: 2811K(2944K)->2811K(2944K)
[160.306s][info][gc          ] GC(313) Pause Young (Concurrent Start) (G1 Humongous Allocation) 112M->61M(256M) 2.874ms
[160.306s][info][gc          ] GC(314) Concurrent Mark Cycle
[160.306s][info][gc,marking  ] GC(314) Concurrent Scan Root Regions
[160.306s][info][gc,cpu      ] GC(313) User=0.00s Sys=0.00s Real=0.00s
[160.308s][info][gc,marking  ] GC(314) Concurrent Scan Root Regions 2.241ms
[160.308s][info][gc,marking  ] GC(314) Concurrent Mark
[160.308s][info][gc,marking  ] GC(314) Concurrent Mark From Roots
[160.308s][info][gc,task     ] GC(314) Using 1 workers of 1 for marking
[160.349s][info][gc,marking  ] GC(314) Concurrent Mark From Roots 41.060ms
[160.349s][info][gc,marking  ] GC(314) Concurrent Preclean
[160.349s][info][gc,marking  ] GC(314) Concurrent Preclean 0.039ms
[160.350s][info][gc,start    ] GC(314) Pause Remark
[160.363s][info][gc          ] GC(314) Pause Remark 76M->76M(256M) 13.860ms
[160.363s][info][gc,cpu      ] GC(314) User=0.03s Sys=0.00s Real=0.01s
[160.363s][info][gc,marking  ] GC(314) Concurrent Mark 55.212ms
[160.363s][info][gc,marking  ] GC(314) Concurrent Rebuild Remembered Sets and Scrub Regions
[160.383s][info][gc,marking  ] GC(314) Concurrent Rebuild Remembered Sets and Scrub Regions 19.134ms
[160.383s][info][gc,start    ] GC(314) Pause Cleanup
[160.383s][info][gc          ] GC(314) Pause Cleanup 82M->82M(256M) 0.045ms
[160.383s][info][gc,cpu      ] GC(314) User=0.00s Sys=0.00s Real=0.00s
[160.383s][info][gc,marking  ] GC(314) Concurrent Clear Claimed Marks
[160.383s][info][gc,marking  ] GC(314) Concurrent Clear Claimed Marks 0.032ms
[160.383s][info][gc,marking  ] GC(314) Concurrent Cleanup for Next Mark
[160.384s][info][gc,marking  ] GC(314) Concurrent Cleanup for Next Mark 0.745ms
[160.384s][info][gc          ] GC(314) Concurrent Mark Cycle 77.701ms
[160.889s][info][gc,start    ] GC(315) Pause Young (Prepare Mixed) (G1 Evacuation Pause)
[160.889s][info][gc,task     ] GC(315) Using 2 workers of 2 for evacuation
[160.910s][info][gc,phases   ] GC(315)   Pre Evacuate Collection Set: 0.15ms
[160.910s][info][gc,phases   ] GC(315)   Merge Heap Roots: 0.07ms
[160.910s][info][gc,phases   ] GC(315)   Evacuate Collection Set: 20.28ms
[160.910s][info][gc,phases   ] GC(315)   Post Evacuate Collection Set: 0.39ms
[160.910s][info][gc,phases   ] GC(315)   Other: 0.07ms
[160.910s][info][gc,heap     ] GC(315) Eden regions: 151->0(133)
[160.910s][info][gc,heap     ] GC(315) Survivor regions: 2->20(20)
[160.910s][info][gc,heap     ] GC(315) Old regions: 59->60
[160.910s][info][gc,heap     ] GC(315) Humongous regions: 5->3
[160.911s][info][gc,metaspace] GC(315) Metaspace: 41790K(42176K)->41790K(42176K) NonClass: 38978K(39232K)->38978K(39232K) Class: 2811K(2944K)->2811K(2944K)
[160.911s][info][gc          ] GC(315) Pause Young (Prepare Mixed) (G1 Evacuation Pause) 216M->82M(256M) 21.145ms
[160.911s][info][gc,cpu      ] GC(315) User=0.04s Sys=0.00s Real=0.02s
[161.410s][info][gc,start    ] GC(316) Pause Young (Mixed) (G1 Evacuation Pause)
[161.410s][info][gc,task     ] GC(316) Using 2 workers of 2 for evacuation
[161.433s][info][gc,phases   ] GC(316)   Pre Evacuate Collection Set: 0.17ms
[161.433s][info][gc,phases   ] GC(316)   Merge Heap Roots: 0.11ms
[161.433s][info][gc,phases   ] GC(316)   Evacuate Collection Set: 21.87ms
[161.433s][info][gc,phases   ] GC(316)   Post Evacuate Collection Set: 0.44ms
[161.433s][info][gc,phases   ] GC(316)   Other: 0.09ms
[161.433s][info][gc,heap     ] GC(316) Eden regions: 133->0(145)
[161.433s][info][gc,heap     ] GC(316) Survivor regions: 20->8(20)
[161.433s][info][gc,heap     ] GC(316) Old regions: 60->58
[161.433s][info][gc,heap     ] GC(316) Humongous regions: 13->3
[161.433s][info][gc,metaspace] GC(316) Metaspace: 41790K(42176K)->41790K(42176K) NonClass: 38978K(39232K)->38978K(39232K) Class: 2811K(2944K)->2811K(2944K)
[161.433s][info][gc          ] GC(316) Pause Young (Mixed) (G1 Evacuation Pause) 225M->68M(256M) 22.847ms
[161.433s][info][gc,cpu      ] GC(316) User=0.05s Sys=0.00s Real=0.02s
[161.499s][info][gc,start    ] GC(317) Pause Young (Concurrent Start) (G1 Humongous Allocation)
[161.499s][info][gc,task     ] GC(317) Using 2 workers of 2 for evacuation
[161.508s][info][gc,phases   ] GC(317)   Pre Evacuate Collection Set: 0.15ms
[161.508s][info][gc,phases   ] GC(317)   Merge Heap Roots: 0.07ms
[161.508s][info][gc,phases   ] GC(317)   Evacuate Collection Set: 8.82ms
[161.508s][info][gc,phases   ] GC(317)   Post Evacuate Collection Set: 0.26ms
[161.508s][info][gc,phases   ] GC(317)   Other: 0.10ms
[161.508s][info][gc,heap     ] GC(317) Eden regions: 16->0(147)
[161.508s][info][gc,heap     ] GC(317) Survivor regions: 8->6(20)
[161.508s][info][gc,heap     ] GC(317) Old regions: 58->58
[161.508s][info][gc,heap     ] GC(317) Humongous regions: 3->1
[161.508s][info][gc,metaspace] GC(317) Metaspace: 41790K(42176K)->41790K(42176K) NonClass: 38978K(39232K)->38978K(39232K) Class: 2811K(2944K)->2811K(2944K)
[161.508s][info][gc          ] GC(317) Pause Young (Concurrent Start) (G1 Humongous Allocation) 84M->64M(256M) 9.556ms
[161.508s][info][gc,cpu      ] GC(317) User=0.02s Sys=0.00s Real=0.01s
[161.510s][info][gc          ] GC(318) Concurrent Mark Cycle
[161.510s][info][gc,marking  ] GC(318) Concurrent Scan Root Regions
[161.519s][info][gc,marking  ] GC(318) Concurrent Scan Root Regions 9.384ms
[161.519s][info][gc,marking  ] GC(318) Concurrent Mark
[161.519s][info][gc,marking  ] GC(318) Concurrent Mark From Roots
[161.519s][info][gc,task     ] GC(318) Using 1 workers of 1 for marking
[161.653s][info][gc,marking  ] GC(318) Concurrent Mark From Roots 133.763ms
[161.653s][info][gc,marking  ] GC(318) Concurrent Preclean
[161.653s][info][gc,marking  ] GC(318) Concurrent Preclean 0.033ms
[161.653s][info][gc,start    ] GC(318) Pause Remark
[161.668s][info][gc          ] GC(318) Pause Remark 104M->104M(256M) 14.726ms
[161.668s][info][gc,cpu      ] GC(318) User=0.03s Sys=0.00s Real=0.02s
[161.670s][info][gc,marking  ] GC(318) Concurrent Mark 150.597ms
[161.670s][info][gc,marking  ] GC(318) Concurrent Rebuild Remembered Sets and Scrub Regions
[161.726s][info][gc,marking  ] GC(318) Concurrent Rebuild Remembered Sets and Scrub Regions 56.256ms
[161.727s][info][gc,start    ] GC(318) Pause Cleanup
[161.727s][info][gc          ] GC(318) Pause Cleanup 116M->116M(256M) 0.058ms
[161.727s][info][gc,cpu      ] GC(318) User=0.00s Sys=0.00s Real=0.00s
[161.727s][info][gc,marking  ] GC(318) Concurrent Clear Claimed Marks
[161.727s][info][gc,marking  ] GC(318) Concurrent Clear Claimed Marks 0.054ms
[161.727s][info][gc,marking  ] GC(318) Concurrent Cleanup for Next Mark
[161.729s][info][gc,marking  ] GC(318) Concurrent Cleanup for Next Mark 1.533ms
[161.729s][info][gc          ] GC(318) Concurrent Mark Cycle 218.806ms
[162.263s][info][gc,start    ] GC(319) Pause Young (Prepare Mixed) (G1 Evacuation Pause)
[162.263s][info][gc,task     ] GC(319) Using 2 workers of 2 for evacuation
[162.274s][info][gc,phases   ] GC(319)   Pre Evacuate Collection Set: 0.15ms
[162.274s][info][gc,phases   ] GC(319)   Merge Heap Roots: 0.09ms
[162.274s][info][gc,phases   ] GC(319)   Evacuate Collection Set: 10.64ms
[162.274s][info][gc,phases   ] GC(319)   Post Evacuate Collection Set: 0.38ms
[162.274s][info][gc,phases   ] GC(319)   Other: 0.07ms
[162.274s][info][gc,heap     ] GC(319) Eden regions: 147->0(141)
[162.274s][info][gc,heap     ] GC(319) Survivor regions: 6->12(20)
[162.274s][info][gc,heap     ] GC(319) Old regions: 58->58
[162.274s][info][gc,heap     ] GC(319) Humongous regions: 15->3
[162.274s][info][gc,metaspace] GC(319) Metaspace: 41790K(42176K)->41790K(42176K) NonClass: 38979K(39232K)->38979K(39232K) Class: 2811K(2944K)->2811K(2944K)
[162.274s][info][gc          ] GC(319) Pause Young (Prepare Mixed) (G1 Evacuation Pause) 225M->72M(256M) 11.484ms
[162.274s][info][gc,cpu      ] GC(319) User=0.02s Sys=0.00s Real=0.01s
[162.782s][info][gc,start    ] GC(320) Pause Young (Mixed) (G1 Evacuation Pause)
[162.782s][info][gc,task     ] GC(320) Using 2 workers of 2 for evacuation
[162.815s][info][gc,phases   ] GC(320)   Pre Evacuate Collection Set: 0.17ms
[162.815s][info][gc,phases   ] GC(320)   Merge Heap Roots: 0.22ms
[162.815s][info][gc,phases   ] GC(320)   Evacuate Collection Set: 32.01ms
[162.815s][info][gc,phases   ] GC(320)   Post Evacuate Collection Set: 0.55ms
[162.815s][info][gc,phases   ] GC(320)   Other: 0.07ms
[162.815s][info][gc,heap     ] GC(320) Eden regions: 141->0(145)
[162.815s][info][gc,heap     ] GC(320) Survivor regions: 12->8(20)
[162.815s][info][gc,heap     ] GC(320) Old regions: 58->60
[162.815s][info][gc,heap     ] GC(320) Humongous regions: 13->3
[162.815s][info][gc,metaspace] GC(320) Metaspace: 41790K(42176K)->41790K(42176K) NonClass: 38979K(39232K)->38979K(39232K) Class: 2811K(2944K)->2811K(2944K)
[162.815s][info][gc          ] GC(320) Pause Young (Mixed) (G1 Evacuation Pause) 223M->70M(256M) 33.195ms
[162.815s][info][gc,cpu      ] GC(320) User=0.04s Sys=0.00s Real=0.03s
[162.918s][info][gc,start    ] GC(321) Pause Young (Concurrent Start) (G1 Humongous Allocation)
[162.918s][info][gc,task     ] GC(321) Using 2 workers of 2 for evacuation
[162.920s][info][gc,phases   ] GC(321)   Pre Evacuate Collection Set: 0.22ms
[162.920s][info][gc,phases   ] GC(321)   Merge Heap Roots: 0.04ms
[162.920s][info][gc,phases   ] GC(321)   Evacuate Collection Set: 2.14ms
[162.920s][info][gc,phases   ] GC(321)   Post Evacuate Collection Set: 0.26ms
[162.920s][info][gc,phases   ] GC(321)   Other: 0.10ms
[162.920s][info][gc,heap     ] GC(321) Eden regions: 26->0(150)
[162.920s][info][gc,heap     ] GC(321) Survivor regions: 8->3(20)
[162.921s][info][gc,heap     ] GC(321) Old regions: 60->60
[162.921s][info][gc,heap     ] GC(321) Humongous regions: 3->1
[162.921s][info][gc,metaspace] GC(321) Metaspace: 41790K(42176K)->41790K(42176K) NonClass: 38979K(39232K)->38979K(39232K) Class: 2811K(2944K)->2811K(2944K)
[162.921s][info][gc          ] GC(321) Pause Young (Concurrent Start) (G1 Humongous Allocation) 96M->63M(256M) 2.922ms
[162.921s][info][gc,cpu      ] GC(321) User=0.01s Sys=0.00s Real=0.00s
[162.921s][info][gc          ] GC(322) Concurrent Mark Cycle
[162.921s][info][gc,marking  ] GC(322) Concurrent Scan Root Regions
[162.924s][info][gc,marking  ] GC(322) Concurrent Scan Root Regions 3.306ms
[162.924s][info][gc,marking  ] GC(322) Concurrent Mark
[162.924s][info][gc,marking  ] GC(322) Concurrent Mark From Roots
[162.924s][info][gc,task     ] GC(322) Using 1 workers of 1 for marking
[162.969s][info][gc,marking  ] GC(322) Concurrent Mark From Roots 44.597ms
[162.969s][info][gc,marking  ] GC(322) Concurrent Preclean
[162.969s][info][gc,marking  ] GC(322) Concurrent Preclean 0.038ms
[162.969s][info][gc,start    ] GC(322) Pause Remark
[162.983s][info][gc          ] GC(322) Pause Remark 72M->70M(256M) 14.133ms
[162.983s][info][gc,cpu      ] GC(322) User=0.03s Sys=0.00s Real=0.01s
[162.983s][info][gc,marking  ] GC(322) Concurrent Mark 58.946ms
[162.983s][info][gc,marking  ] GC(322) Concurrent Rebuild Remembered Sets and Scrub Regions
[163.002s][info][gc,marking  ] GC(322) Concurrent Rebuild Remembered Sets and Scrub Regions 18.973ms
[163.002s][info][gc,start    ] GC(322) Pause Cleanup
[163.002s][info][gc          ] GC(322) Pause Cleanup 70M->70M(256M) 0.047ms
[163.002s][info][gc,cpu      ] GC(322) User=0.00s Sys=0.00s Real=0.00s
[163.002s][info][gc,marking  ] GC(322) Concurrent Clear Claimed Marks
[163.002s][info][gc,marking  ] GC(322) Concurrent Clear Claimed Marks 0.035ms
[163.002s][info][gc,marking  ] GC(322) Concurrent Cleanup for Next Mark
[163.003s][info][gc,marking  ] GC(322) Concurrent Cleanup for Next Mark 0.744ms
[163.003s][info][gc          ] GC(322) Concurrent Mark Cycle 82.336ms
[163.542s][info][gc,start    ] GC(323) Pause Young (Prepare Mixed) (G1 Evacuation Pause)
[163.542s][info][gc,task     ] GC(323) Using 2 workers of 2 for evacuation
[163.564s][info][gc,phases   ] GC(323)   Pre Evacuate Collection Set: 0.15ms
[163.564s][info][gc,phases   ] GC(323)   Merge Heap Roots: 0.07ms
[163.564s][info][gc,phases   ] GC(323)   Evacuate Collection Set: 21.07ms
[163.564s][info][gc,phases   ] GC(323)   Post Evacuate Collection Set: 0.44ms
[163.564s][info][gc,phases   ] GC(323)   Other: 0.07ms
[163.564s][info][gc,heap     ] GC(323) Eden regions: 150->0(130)
[163.564s][info][gc,heap     ] GC(323) Survivor regions: 3->20(20)
[163.564s][info][gc,heap     ] GC(323) Old regions: 58->64
[163.564s][info][gc,heap     ] GC(323) Humongous regions: 5->3
[163.564s][info][gc,metaspace] GC(323) Metaspace: 41790K(42176K)->41790K(42176K) NonClass: 38979K(39232K)->38979K(39232K) Class: 2811K(2944K)->2811K(2944K)
[163.564s][info][gc          ] GC(323) Pause Young (Prepare Mixed) (G1 Evacuation Pause) 215M->86M(256M) 21.970ms
[163.564s][info][gc,cpu      ] GC(323) User=0.05s Sys=0.00s Real=0.02s
[164.102s][info][gc,start    ] GC(324) Pause Young (Mixed) (G1 Evacuation Pause)
[164.102s][info][gc,task     ] GC(324) Using 2 workers of 2 for evacuation
[164.140s][info][gc,phases   ] GC(324)   Pre Evacuate Collection Set: 0.15ms
[164.140s][info][gc,phases   ] GC(324)   Merge Heap Roots: 0.15ms
[164.140s][info][gc,phases   ] GC(324)   Evacuate Collection Set: 37.30ms
[164.140s][info][gc,phases   ] GC(324)   Post Evacuate Collection Set: 0.46ms
[164.140s][info][gc,phases   ] GC(324)   Other: 0.08ms
[164.140s][info][gc,heap     ] GC(324) Eden regions: 130->0(118)
[164.140s][info][gc,heap     ] GC(324) Survivor regions: 20->19(19)
[164.140s][info][gc,heap     ] GC(324) Old regions: 64->68
[164.140s][info][gc,heap     ] GC(324) Humongous regions: 3->3
[164.140s][info][gc,metaspace] GC(324) Metaspace: 41791K(42176K)->41791K(42176K) NonClass: 38980K(39232K)->38980K(39232K) Class: 2811K(2944K)->2811K(2944K)
[164.140s][info][gc          ] GC(324) Pause Young (Mixed) (G1 Evacuation Pause) 216M->89M(256M) 38.328ms
[164.140s][info][gc,cpu      ] GC(324) User=0.07s Sys=0.00s Real=0.04s
[164.332s][info][gc,start    ] GC(325) Pause Young (Concurrent Start) (G1 Humongous Allocation)
[164.332s][info][gc,task     ] GC(325) Using 2 workers of 2 for evacuation
[164.365s][info][gc,phases   ] GC(325)   Pre Evacuate Collection Set: 0.16ms
[164.366s][info][gc,phases   ] GC(325)   Merge Heap Roots: 0.19ms
[164.366s][info][gc,phases   ] GC(325)   Evacuate Collection Set: 32.55ms
[164.366s][info][gc,phases   ] GC(325)   Post Evacuate Collection Set: 0.33ms
[164.366s][info][gc,phases   ] GC(325)   Other: 0.08ms
[164.366s][info][gc,heap     ] GC(325) Eden regions: 49->0(104)
[164.366s][info][gc,heap     ] GC(325) Survivor regions: 19->14(18)
[164.366s][info][gc,heap     ] GC(325) Old regions: 68->87
[164.366s][info][gc,heap     ] GC(325) Humongous regions: 3->1
[164.366s][info][gc,metaspace] GC(325) Metaspace: 41791K(42176K)->41791K(42176K) NonClass: 38980K(39232K)->38980K(39232K) Class: 2811K(2944K)->2811K(2944K)
[164.366s][info][gc          ] GC(325) Pause Young (Concurrent Start) (G1 Humongous Allocation) 138M->101M(256M) 33.484ms
[164.366s][info][gc,cpu      ] GC(325) User=0.07s Sys=0.00s Real=0.03s
[164.366s][info][gc          ] GC(326) Concurrent Mark Cycle
[164.366s][info][gc,marking  ] GC(326) Concurrent Scan Root Regions
[164.413s][info][gc,marking  ] GC(326) Concurrent Scan Root Regions 46.913ms
[164.413s][info][gc,marking  ] GC(326) Concurrent Mark
[164.413s][info][gc,marking  ] GC(326) Concurrent Mark From Roots
[164.413s][info][gc,task     ] GC(326) Using 1 workers of 1 for marking
[164.490s][info][gc,marking  ] GC(326) Concurrent Mark From Roots 77.492ms
[164.490s][info][gc,marking  ] GC(326) Concurrent Preclean
[164.490s][info][gc,marking  ] GC(326) Concurrent Preclean 0.032ms
[164.491s][info][gc,start    ] GC(326) Pause Remark
[164.505s][info][gc          ] GC(326) Pause Remark 138M->138M(256M) 14.148ms
[164.505s][info][gc,cpu      ] GC(326) User=0.03s Sys=0.00s Real=0.01s
[164.505s][info][gc,marking  ] GC(326) Concurrent Mark 92.428ms
[164.505s][info][gc,marking  ] GC(326) Concurrent Rebuild Remembered Sets and Scrub Regions
[164.572s][info][gc,marking  ] GC(326) Concurrent Rebuild Remembered Sets and Scrub Regions 67.145ms
[164.572s][info][gc,start    ] GC(326) Pause Cleanup
[164.572s][info][gc          ] GC(326) Pause Cleanup 158M->158M(256M) 0.059ms
[164.572s][info][gc,cpu      ] GC(326) User=0.00s Sys=0.00s Real=0.00s
[164.573s][info][gc,marking  ] GC(326) Concurrent Clear Claimed Marks
[164.573s][info][gc,marking  ] GC(326) Concurrent Clear Claimed Marks 0.042ms
[164.573s][info][gc,marking  ] GC(326) Concurrent Cleanup for Next Mark
[164.574s][info][gc,marking  ] GC(326) Concurrent Cleanup for Next Mark 1.021ms
[164.574s][info][gc          ] GC(326) Concurrent Mark Cycle 207.973ms
[164.746s][info][gc,start    ] GC(327) Pause Young (Prepare Mixed) (G1 Evacuation Pause)
[164.746s][info][gc,task     ] GC(327) Using 2 workers of 2 for evacuation
[164.770s][info][gc,phases   ] GC(327)   Pre Evacuate Collection Set: 0.20ms
[164.770s][info][gc,phases   ] GC(327)   Merge Heap Roots: 0.21ms
[164.770s][info][gc,phases   ] GC(327)   Evacuate Collection Set: 22.87ms
[164.770s][info][gc,phases   ] GC(327)   Post Evacuate Collection Set: 0.47ms
[164.770s][info][gc,phases   ] GC(327)   Other: 0.08ms
[164.770s][info][gc,heap     ] GC(327) Eden regions: 104->0(99)
[164.770s][info][gc,heap     ] GC(327) Survivor regions: 14->10(15)
[164.770s][info][gc,heap     ] GC(327) Old regions: 87->101
[164.770s][info][gc,heap     ] GC(327) Humongous regions: 5->3
[164.770s][info][gc,metaspace] GC(327) Metaspace: 41791K(42176K)->41791K(42176K) NonClass: 38980K(39232K)->38980K(39232K) Class: 2811K(2944K)->2811K(2944K)
[164.770s][info][gc          ] GC(327) Pause Young (Prepare Mixed) (G1 Evacuation Pause) 209M->113M(256M) 24.027ms
[164.770s][info][gc,cpu      ] GC(327) User=0.05s Sys=0.00s Real=0.03s
[165.413s][info][gc,start    ] GC(328) Pause Young (Mixed) (G1 Evacuation Pause)
[165.413s][info][gc,task     ] GC(328) Using 2 workers of 2 for evacuation
[165.430s][info][gc,phases   ] GC(328)   Pre Evacuate Collection Set: 0.20ms
[165.430s][info][gc,phases   ] GC(328)   Merge Heap Roots: 0.35ms
[165.430s][info][gc,phases   ] GC(328)   Evacuate Collection Set: 15.04ms
[165.430s][info][gc,phases   ] GC(328)   Post Evacuate Collection Set: 0.81ms
[165.430s][info][gc,phases   ] GC(328)   Other: 0.07ms
[165.430s][info][gc,heap     ] GC(328) Eden regions: 99->0(162)
[165.430s][info][gc,heap     ] GC(328) Survivor regions: 10->3(14)
[165.430s][info][gc,heap     ] GC(328) Old regions: 101->97
[165.430s][info][gc,heap     ] GC(328) Humongous regions: 9->3
[165.430s][info][gc,metaspace] GC(328) Metaspace: 41791K(42176K)->41791K(42176K) NonClass: 38980K(39232K)->38980K(39232K) Class: 2811K(2944K)->2811K(2944K)
[165.430s][info][gc          ] GC(328) Pause Young (Mixed) (G1 Evacuation Pause) 218M->102M(317M) 16.658ms
[165.430s][info][gc,cpu      ] GC(328) User=0.03s Sys=0.00s Real=0.02s
[165.579s][info][gc,start    ] GC(329) Pause Young (Concurrent Start) (G1 Humongous Allocation)
[165.579s][info][gc,task     ] GC(329) Using 2 workers of 2 for evacuation
[165.582s][info][gc,phases   ] GC(329)   Pre Evacuate Collection Set: 0.19ms
[165.582s][info][gc,phases   ] GC(329)   Merge Heap Roots: 0.04ms
[165.582s][info][gc,phases   ] GC(329)   Evacuate Collection Set: 1.66ms
[165.582s][info][gc,phases   ] GC(329)   Post Evacuate Collection Set: 0.25ms
[165.582s][info][gc,phases   ] GC(329)   Other: 0.07ms
[165.582s][info][gc,heap     ] GC(329) Eden regions: 15->0(174)
[165.582s][info][gc,heap     ] GC(329) Survivor regions: 3->2(21)
[165.582s][info][gc,heap     ] GC(329) Old regions: 97->97
[165.582s][info][gc,heap     ] GC(329) Humongous regions: 3->1
[165.582s][info][gc,metaspace] GC(329) Metaspace: 41791K(42176K)->41791K(42176K) NonClass: 38980K(39232K)->38980K(39232K) Class: 2811K(2944K)->2811K(2944K)
[165.582s][info][gc          ] GC(329) Pause Young (Concurrent Start) (G1 Humongous Allocation) 117M->99M(317M) 2.375ms
[165.582s][info][gc,cpu      ] GC(329) User=0.00s Sys=0.00s Real=0.00s
[165.582s][info][gc          ] GC(330) Concurrent Mark Cycle
[165.582s][info][gc,marking  ] GC(330) Concurrent Scan Root Regions
[165.585s][info][gc,marking  ] GC(330) Concurrent Scan Root Regions 3.176ms
[165.585s][info][gc,marking  ] GC(330) Concurrent Mark
[165.585s][info][gc,marking  ] GC(330) Concurrent Mark From Roots
[165.585s][info][gc,task     ] GC(330) Using 1 workers of 1 for marking
[165.643s][info][gc,marking  ] GC(330) Concurrent Mark From Roots 57.998ms
[165.643s][info][gc,marking  ] GC(330) Concurrent Preclean
[165.643s][info][gc,marking  ] GC(330) Concurrent Preclean 0.038ms
[165.643s][info][gc,start    ] GC(330) Pause Remark
[165.658s][info][gc          ] GC(330) Pause Remark 116M->93M(264M) 14.389ms
[165.658s][info][gc,cpu      ] GC(330) User=0.03s Sys=0.00s Real=0.02s
[165.658s][info][gc,marking  ] GC(330) Concurrent Mark 72.690ms
[165.658s][info][gc,marking  ] GC(330) Concurrent Rebuild Remembered Sets and Scrub Regions
[165.678s][info][gc,marking  ] GC(330) Concurrent Rebuild Remembered Sets and Scrub Regions 20.248ms
[165.678s][info][gc,start    ] GC(330) Pause Cleanup
[165.678s][info][gc          ] GC(330) Pause Cleanup 97M->97M(264M) 0.050ms
[165.678s][info][gc,cpu      ] GC(330) User=0.00s Sys=0.00s Real=0.00s
[165.678s][info][gc,marking  ] GC(330) Concurrent Clear Claimed Marks
[165.678s][info][gc,marking  ] GC(330) Concurrent Clear Claimed Marks 0.033ms
[165.678s][info][gc,marking  ] GC(330) Concurrent Cleanup for Next Mark
[165.679s][info][gc,marking  ] GC(330) Concurrent Cleanup for Next Mark 0.927ms
[165.679s][info][gc          ] GC(330) Concurrent Mark Cycle 97.437ms
[166.226s][info][gc,start    ] GC(331) Pause Young (Prepare Mixed) (G1 Evacuation Pause)
[166.226s][info][gc,task     ] GC(331) Using 2 workers of 2 for evacuation
[166.243s][info][gc,phases   ] GC(331)   Pre Evacuate Collection Set: 2.22ms
[166.243s][info][gc,phases   ] GC(331)   Merge Heap Roots: 0.08ms
[166.243s][info][gc,phases   ] GC(331)   Evacuate Collection Set: 14.58ms
[166.243s][info][gc,phases   ] GC(331)   Post Evacuate Collection Set: 0.54ms
[166.243s][info][gc,phases   ] GC(331)   Other: 0.08ms
[166.243s][info][gc,heap     ] GC(331) Eden regions: 156->0(135)
[166.243s][info][gc,heap     ] GC(331) Survivor regions: 2->13(20)
[166.243s][info][gc,heap     ] GC(331) Old regions: 74->74
[166.243s][info][gc,heap     ] GC(331) Humongous regions: 7->3
[166.243s][info][gc,metaspace] GC(331) Metaspace: 41791K(42176K)->41791K(42176K) NonClass: 38980K(39232K)->38980K(39232K) Class: 2811K(2944K)->2811K(2944K)
[166.243s][info][gc          ] GC(331) Pause Young (Prepare Mixed) (G1 Evacuation Pause) 238M->90M(264M) 17.669ms
[166.243s][info][gc,cpu      ] GC(331) User=0.03s Sys=0.00s Real=0.02s
[166.778s][info][gc,start    ] GC(332) Pause Young (Mixed) (G1 Evacuation Pause)
[166.778s][info][gc,task     ] GC(332) Using 2 workers of 2 for evacuation
[166.785s][info][gc,phases   ] GC(332)   Pre Evacuate Collection Set: 0.16ms
[166.785s][info][gc,phases   ] GC(332)   Merge Heap Roots: 0.07ms
[166.785s][info][gc,phases   ] GC(332)   Evacuate Collection Set: 5.66ms
[166.785s][info][gc,phases   ] GC(332)   Post Evacuate Collection Set: 0.38ms
[166.785s][info][gc,phases   ] GC(332)   Other: 0.08ms
[166.785s][info][gc,heap     ] GC(332) Eden regions: 135->0(154)
[166.785s][info][gc,heap     ] GC(332) Survivor regions: 13->4(19)
[166.785s][info][gc,heap     ] GC(332) Old regions: 74->52
[166.785s][info][gc,heap     ] GC(332) Humongous regions: 7->3
[166.785s][info][gc,metaspace] GC(332) Metaspace: 41791K(42176K)->41791K(42176K) NonClass: 38980K(39232K)->38980K(39232K) Class: 2811K(2944K)->2811K(2944K)
[166.785s][info][gc          ] GC(332) Pause Young (Mixed) (G1 Evacuation Pause) 229M->58M(264M) 6.512ms
[166.785s][info][gc,cpu      ] GC(332) User=0.01s Sys=0.00s Real=0.00s
[166.836s][info][gc,start    ] GC(333) Pause Young (Concurrent Start) (G1 Humongous Allocation)
[166.836s][info][gc,task     ] GC(333) Using 2 workers of 2 for evacuation
[166.838s][info][gc,phases   ] GC(333)   Pre Evacuate Collection Set: 0.20ms
[166.838s][info][gc,phases   ] GC(333)   Merge Heap Roots: 0.05ms
[166.838s][info][gc,phases   ] GC(333)   Evacuate Collection Set: 2.24ms
[166.838s][info][gc,phases   ] GC(333)   Post Evacuate Collection Set: 0.23ms
[166.838s][info][gc,phases   ] GC(333)   Other: 0.10ms
[166.838s][info][gc,heap     ] GC(333) Eden regions: 14->0(157)
[166.838s][info][gc,heap     ] GC(333) Survivor regions: 4->1(20)
[166.838s][info][gc,heap     ] GC(333) Old regions: 52->52
[166.838s][info][gc,heap     ] GC(333) Humongous regions: 3->1
[166.838s][info][gc,metaspace] GC(333) Metaspace: 41791K(42176K)->41791K(42176K) NonClass: 38980K(39232K)->38980K(39232K) Class: 2811K(2944K)->2811K(2944K)
[166.838s][info][gc          ] GC(333) Pause Young (Concurrent Start) (G1 Humongous Allocation) 72M->53M(264M) 2.966ms
[166.839s][info][gc,cpu      ] GC(333) User=0.00s Sys=0.00s Real=0.01s
[166.839s][info][gc          ] GC(334) Concurrent Mark Cycle
[166.839s][info][gc,marking  ] GC(334) Concurrent Scan Root Regions
[166.842s][info][gc,marking  ] GC(334) Concurrent Scan Root Regions 3.606ms
[166.842s][info][gc,marking  ] GC(334) Concurrent Mark
[166.842s][info][gc,marking  ] GC(334) Concurrent Mark From Roots
[166.842s][info][gc,task     ] GC(334) Using 1 workers of 1 for marking
[166.901s][info][gc,marking  ] GC(334) Concurrent Mark From Roots 58.557ms
[166.901s][info][gc,marking  ] GC(334) Concurrent Preclean
[166.901s][info][gc,marking  ] GC(334) Concurrent Preclean 0.033ms
[166.901s][info][gc,start    ] GC(334) Pause Remark
[166.915s][info][gc          ] GC(334) Pause Remark 71M->71M(256M) 14.387ms
[166.915s][info][gc,cpu      ] GC(334) User=0.02s Sys=0.00s Real=0.01s
[166.915s][info][gc,marking  ] GC(334) Concurrent Mark 73.231ms
[166.915s][info][gc,marking  ] GC(334) Concurrent Rebuild Remembered Sets and Scrub Regions
[166.942s][info][gc,marking  ] GC(334) Concurrent Rebuild Remembered Sets and Scrub Regions 26.850ms
[166.942s][info][gc,start    ] GC(334) Pause Cleanup
[166.942s][info][gc          ] GC(334) Pause Cleanup 72M->72M(256M) 0.055ms
[166.942s][info][gc,cpu      ] GC(334) User=0.00s Sys=0.00s Real=0.00s
[166.943s][info][gc,marking  ] GC(334) Concurrent Clear Claimed Marks
[166.943s][info][gc,marking  ] GC(334) Concurrent Clear Claimed Marks 0.041ms
[166.943s][info][gc,marking  ] GC(334) Concurrent Cleanup for Next Mark
[166.943s][info][gc,marking  ] GC(334) Concurrent Cleanup for Next Mark 0.843ms
[166.943s][info][gc          ] GC(334) Concurrent Mark Cycle 104.851ms
[167.391s][info][gc,start    ] GC(335) Pause Young (Prepare Mixed) (G1 Evacuation Pause)
[167.391s][info][gc,task     ] GC(335) Using 2 workers of 2 for evacuation
[167.402s][info][gc,phases   ] GC(335)   Pre Evacuate Collection Set: 0.15ms
[167.402s][info][gc,phases   ] GC(335)   Merge Heap Roots: 0.06ms
[167.402s][info][gc,phases   ] GC(335)   Evacuate Collection Set: 9.78ms
[167.402s][info][gc,phases   ] GC(335)   Post Evacuate Collection Set: 0.43ms
[167.402s][info][gc,phases   ] GC(335)   Other: 0.06ms
[167.402s][info][gc,heap     ] GC(335) Eden regions: 152->0(142)
[167.402s][info][gc,heap     ] GC(335) Survivor regions: 1->11(20)
[167.402s][info][gc,heap     ] GC(335) Old regions: 52->52
[167.402s][info][gc,heap     ] GC(335) Humongous regions: 7->3
[167.402s][info][gc,metaspace] GC(335) Metaspace: 41791K(42176K)->41791K(42176K) NonClass: 38980K(39232K)->38980K(39232K) Class: 2811K(2944K)->2811K(2944K)
[167.402s][info][gc          ] GC(335) Pause Young (Prepare Mixed) (G1 Evacuation Pause) 211M->65M(256M) 10.644ms
[167.402s][info][gc,cpu      ] GC(335) User=0.02s Sys=0.00s Real=0.01s
[167.966s][info][gc,start    ] GC(336) Pause Young (Mixed) (G1 Evacuation Pause)
[167.966s][info][gc,task     ] GC(336) Using 2 workers of 2 for evacuation
[167.982s][info][gc,phases   ] GC(336)   Pre Evacuate Collection Set: 0.23ms
[167.982s][info][gc,phases   ] GC(336)   Merge Heap Roots: 0.10ms
[167.982s][info][gc,phases   ] GC(336)   Evacuate Collection Set: 14.44ms
[167.982s][info][gc,phases   ] GC(336)   Post Evacuate Collection Set: 0.41ms
[167.982s][info][gc,phases   ] GC(336)   Other: 0.08ms
[167.982s][info][gc,heap     ] GC(336) Eden regions: 142->0(141)
[167.982s][info][gc,heap     ] GC(336) Survivor regions: 11->12(20)
[167.982s][info][gc,heap     ] GC(336) Old regions: 52->50
[167.982s][info][gc,heap     ] GC(336) Humongous regions: 5->3
[167.982s][info][gc,metaspace] GC(336) Metaspace: 41791K(42176K)->41791K(42176K) NonClass: 38980K(39232K)->38980K(39232K) Class: 2811K(2944K)->2811K(2944K)
[167.982s][info][gc          ] GC(336) Pause Young (Mixed) (G1 Evacuation Pause) 209M->64M(256M) 15.440ms
[167.982s][info][gc,cpu      ] GC(336) User=0.03s Sys=0.00s Real=0.02s
[168.005s][info][gc,start    ] GC(337) Pause Young (Concurrent Start) (G1 Humongous Allocation)
[168.005s][info][gc,task     ] GC(337) Using 2 workers of 2 for evacuation
[168.008s][info][gc,phases   ] GC(337)   Pre Evacuate Collection Set: 0.15ms
[168.008s][info][gc,phases   ] GC(337)   Merge Heap Roots: 0.03ms
[168.008s][info][gc,phases   ] GC(337)   Evacuate Collection Set: 1.86ms
[168.008s][info][gc,phases   ] GC(337)   Post Evacuate Collection Set: 0.31ms
[168.008s][info][gc,phases   ] GC(337)   Other: 0.08ms
[168.008s][info][gc,heap     ] GC(337) Eden regions: 7->0(152)
[168.008s][info][gc,heap     ] GC(337) Survivor regions: 12->1(20)
[168.008s][info][gc,heap     ] GC(337) Old regions: 50->51
[168.008s][info][gc,heap     ] GC(337) Humongous regions: 3->1
[168.008s][info][gc,metaspace] GC(337) Metaspace: 41791K(42176K)->41791K(42176K) NonClass: 38980K(39232K)->38980K(39232K) Class: 2811K(2944K)->2811K(2944K)
[168.008s][info][gc          ] GC(337) Pause Young (Concurrent Start) (G1 Humongous Allocation) 71M->52M(256M) 2.595ms
[168.008s][info][gc,cpu      ] GC(337) User=0.01s Sys=0.00s Real=0.01s
[168.008s][info][gc          ] GC(338) Concurrent Mark Cycle
[168.008s][info][gc,marking  ] GC(338) Concurrent Scan Root Regions
[168.013s][info][gc,marking  ] GC(338) Concurrent Scan Root Regions 4.871ms
[168.013s][info][gc,marking  ] GC(338) Concurrent Mark
[168.013s][info][gc,marking  ] GC(338) Concurrent Mark From Roots
[168.013s][info][gc,task     ] GC(338) Using 1 workers of 1 for marking
[168.071s][info][gc,marking  ] GC(338) Concurrent Mark From Roots 57.829ms
[168.071s][info][gc,marking  ] GC(338) Concurrent Preclean
[168.071s][info][gc,marking  ] GC(338) Concurrent Preclean 0.055ms
[168.071s][info][gc,start    ] GC(338) Pause Remark
[168.085s][info][gc          ] GC(338) Pause Remark 70M->70M(256M) 14.308ms
[168.085s][info][gc,cpu      ] GC(338) User=0.02s Sys=0.00s Real=0.01s
[168.087s][info][gc,marking  ] GC(338) Concurrent Mark 74.535ms
[168.087s][info][gc,marking  ] GC(338) Concurrent Rebuild Remembered Sets and Scrub Regions
[168.114s][info][gc,marking  ] GC(338) Concurrent Rebuild Remembered Sets and Scrub Regions 26.989ms
[168.115s][info][gc,start    ] GC(338) Pause Cleanup
[168.115s][info][gc          ] GC(338) Pause Cleanup 76M->76M(256M) 0.057ms
[168.115s][info][gc,cpu      ] GC(338) User=0.00s Sys=0.00s Real=0.00s
[168.115s][info][gc,marking  ] GC(338) Concurrent Clear Claimed Marks
[168.115s][info][gc,marking  ] GC(338) Concurrent Clear Claimed Marks 0.039ms
[168.115s][info][gc,marking  ] GC(338) Concurrent Cleanup for Next Mark
[168.115s][info][gc,marking  ] GC(338) Concurrent Cleanup for Next Mark 0.745ms
[168.116s][info][gc          ] GC(338) Concurrent Mark Cycle 107.548ms
[168.529s][info][gc,start    ] GC(339) Pause Young (Prepare Mixed) (G1 Evacuation Pause)
[168.529s][info][gc,task     ] GC(339) Using 2 workers of 2 for evacuation
[168.549s][info][gc,phases   ] GC(339)   Pre Evacuate Collection Set: 0.20ms
[168.549s][info][gc,phases   ] GC(339)   Merge Heap Roots: 0.08ms
[168.549s][info][gc,phases   ] GC(339)   Evacuate Collection Set: 18.96ms
[168.549s][info][gc,phases   ] GC(339)   Post Evacuate Collection Set: 0.48ms
[168.549s][info][gc,phases   ] GC(339)   Other: 0.07ms
[168.549s][info][gc,heap     ] GC(339) Eden regions: 152->0(132)
[168.549s][info][gc,heap     ] GC(339) Survivor regions: 1->20(20)
[168.549s][info][gc,heap     ] GC(339) Old regions: 51->57
[168.549s][info][gc,heap     ] GC(339) Humongous regions: 7->3
[168.549s][info][gc,metaspace] GC(339) Metaspace: 41793K(42176K)->41793K(42176K) NonClass: 38982K(39232K)->38982K(39232K) Class: 2811K(2944K)->2811K(2944K)
[168.549s][info][gc          ] GC(339) Pause Young (Prepare Mixed) (G1 Evacuation Pause) 210M->79M(256M) 19.976ms
[168.549s][info][gc,cpu      ] GC(339) User=0.04s Sys=0.00s Real=0.02s
[168.982s][info][gc,start    ] GC(340) Pause Young (Mixed) (G1 Evacuation Pause)
[168.982s][info][gc,task     ] GC(340) Using 2 workers of 2 for evacuation
[169.038s][info][gc,phases   ] GC(340)   Pre Evacuate Collection Set: 0.16ms
[169.038s][info][gc,phases   ] GC(340)   Merge Heap Roots: 0.23ms
[169.038s][info][gc,phases   ] GC(340)   Evacuate Collection Set: 54.68ms
[169.038s][info][gc,phases   ] GC(340)   Post Evacuate Collection Set: 0.52ms
[169.038s][info][gc,phases   ] GC(340)   Other: 0.07ms
[169.038s][info][gc,heap     ] GC(340) Eden regions: 132->0(103)
[169.038s][info][gc,heap     ] GC(340) Survivor regions: 20->19(19)
[169.038s][info][gc,heap     ] GC(340) Old regions: 57->81
[169.038s][info][gc,heap     ] GC(340) Humongous regions: 3->3
[169.038s][info][gc,metaspace] GC(340) Metaspace: 41793K(42176K)->41793K(42176K) NonClass: 38982K(39232K)->38982K(39232K) Class: 2811K(2944K)->2811K(2944K)
[169.038s][info][gc          ] GC(340) Pause Young (Mixed) (G1 Evacuation Pause) 211M->102M(259M) 55.840ms
[169.038s][info][gc,cpu      ] GC(340) User=0.11s Sys=0.00s Real=0.06s
[169.494s][info][gc,start    ] GC(341) Pause Young (Concurrent Start) (G1 Evacuation Pause)
[169.494s][info][gc,task     ] GC(341) Using 2 workers of 2 for evacuation
[169.552s][info][gc,phases   ] GC(341)   Pre Evacuate Collection Set: 0.20ms
[169.552s][info][gc,phases   ] GC(341)   Merge Heap Roots: 0.41ms
[169.552s][info][gc,phases   ] GC(341)   Evacuate Collection Set: 56.58ms
[169.552s][info][gc,phases   ] GC(341)   Post Evacuate Collection Set: 0.43ms
[169.552s][info][gc,phases   ] GC(341)   Other: 0.14ms
[169.552s][info][gc,heap     ] GC(341) Eden regions: 103->0(80)
[169.552s][info][gc,heap     ] GC(341) Survivor regions: 19->16(16)
[169.552s][info][gc,heap     ] GC(341) Old regions: 81->113
[169.552s][info][gc,heap     ] GC(341) Humongous regions: 3->3
[169.552s][info][gc,metaspace] GC(341) Metaspace: 41793K(42176K)->41793K(42176K) NonClass: 38982K(39232K)->38982K(39232K) Class: 2811K(2944K)->2811K(2944K)
[169.552s][info][gc          ] GC(341) Pause Young (Concurrent Start) (G1 Evacuation Pause) 205M->131M(259M) 57.950ms
[169.552s][info][gc,cpu      ] GC(341) User=0.11s Sys=0.00s Real=0.06s
[169.552s][info][gc          ] GC(342) Concurrent Mark Cycle
[169.558s][info][gc,marking  ] GC(342) Concurrent Scan Root Regions
[169.661s][info][gc,marking  ] GC(342) Concurrent Scan Root Regions 102.843ms
[169.661s][info][gc,marking  ] GC(342) Concurrent Mark
[169.661s][info][gc,marking  ] GC(342) Concurrent Mark From Roots
[169.661s][info][gc,task     ] GC(342) Using 1 workers of 1 for marking
[169.753s][info][gc,marking  ] GC(342) Concurrent Mark From Roots 92.483ms
[169.753s][info][gc,marking  ] GC(342) Concurrent Preclean
[169.753s][info][gc,marking  ] GC(342) Concurrent Preclean 0.039ms
[169.753s][info][gc,start    ] GC(342) Pause Remark
[169.768s][info][gc          ] GC(342) Pause Remark 162M->162M(259M) 14.337ms
[169.768s][info][gc,cpu      ] GC(342) User=0.03s Sys=0.00s Real=0.02s
[169.768s][info][gc,marking  ] GC(342) Concurrent Mark 107.137ms
[169.768s][info][gc,marking  ] GC(342) Concurrent Rebuild Remembered Sets and Scrub Regions
[169.831s][info][gc,marking  ] GC(342) Concurrent Rebuild Remembered Sets and Scrub Regions 63.304ms
[169.831s][info][gc,start    ] GC(342) Pause Cleanup
[169.831s][info][gc          ] GC(342) Pause Cleanup 172M->172M(259M) 0.045ms
[169.831s][info][gc,cpu      ] GC(342) User=0.00s Sys=0.00s Real=0.00s
[169.831s][info][gc,marking  ] GC(342) Concurrent Clear Claimed Marks
[169.831s][info][gc,marking  ] GC(342) Concurrent Clear Claimed Marks 0.038ms
[169.831s][info][gc,marking  ] GC(342) Concurrent Cleanup for Next Mark
[169.832s][info][gc,marking  ] GC(342) Concurrent Cleanup for Next Mark 0.813ms
[169.832s][info][gc          ] GC(342) Concurrent Mark Cycle 280.348ms
[170.011s][info][gc,start    ] GC(343) Pause Young (Prepare Mixed) (G1 Evacuation Pause)
[170.011s][info][gc,task     ] GC(343) Using 2 workers of 2 for evacuation
[170.056s][info][gc,phases   ] GC(343)   Pre Evacuate Collection Set: 0.18ms
[170.056s][info][gc,phases   ] GC(343)   Merge Heap Roots: 0.34ms
[170.056s][info][gc,phases   ] GC(343)   Evacuate Collection Set: 43.88ms
[170.056s][info][gc,phases   ] GC(343)   Post Evacuate Collection Set: 0.36ms
[170.056s][info][gc,phases   ] GC(343)   Other: 0.07ms
[170.056s][info][gc,heap     ] GC(343) Eden regions: 80->0(63)
[170.056s][info][gc,heap     ] GC(343) Survivor regions: 16->12(12)
[170.056s][info][gc,heap     ] GC(343) Old regions: 113->140
[170.056s][info][gc,heap     ] GC(343) Humongous regions: 3->3
[170.056s][info][gc,metaspace] GC(343) Metaspace: 41793K(42176K)->41793K(42176K) NonClass: 38982K(39232K)->38982K(39232K) Class: 2811K(2944K)->2811K(2944K)
[170.056s][info][gc          ] GC(343) Pause Young (Prepare Mixed) (G1 Evacuation Pause) 211M->154M(259M) 45.003ms
[170.056s][info][gc,cpu      ] GC(343) User=0.09s Sys=0.00s Real=0.04s
[170.360s][info][gc,start    ] GC(344) Pause Young (Mixed) (G1 Evacuation Pause)
[170.360s][info][gc,task     ] GC(344) Using 2 workers of 2 for evacuation
[170.398s][info][gc,phases   ] GC(344)   Pre Evacuate Collection Set: 0.18ms
[170.398s][info][gc,phases   ] GC(344)   Merge Heap Roots: 0.25ms
[170.398s][info][gc,phases   ] GC(344)   Evacuate Collection Set: 37.58ms
[170.398s][info][gc,phases   ] GC(344)   Post Evacuate Collection Set: 0.37ms
[170.398s][info][gc,phases   ] GC(344)   Other: 0.06ms
[170.398s][info][gc,heap     ] GC(344) Eden regions: 63->0(53)
[170.398s][info][gc,heap     ] GC(344) Survivor regions: 12->10(10)
[170.398s][info][gc,heap     ] GC(344) Old regions: 140->156
[170.398s][info][gc,heap     ] GC(344) Humongous regions: 3->3
[170.398s][info][gc,metaspace] GC(344) Metaspace: 41793K(42176K)->41793K(42176K) NonClass: 38982K(39232K)->38982K(39232K) Class: 2811K(2944K)->2811K(2944K)
[170.398s][info][gc          ] GC(344) Pause Young (Mixed) (G1 Evacuation Pause) 217M->168M(259M) 38.612ms
[170.398s][info][gc,cpu      ] GC(344) User=0.08s Sys=0.00s Real=0.04s
[170.436s][info][gc,start    ] GC(345) Pause Young (Concurrent Start) (G1 Humongous Allocation)
[170.436s][info][gc,task     ] GC(345) Using 2 workers of 2 for evacuation
[170.455s][info][gc,phases   ] GC(345)   Pre Evacuate Collection Set: 0.16ms
[170.455s][info][gc,phases   ] GC(345)   Merge Heap Roots: 0.18ms
[170.455s][info][gc,phases   ] GC(345)   Evacuate Collection Set: 16.39ms
[170.455s][info][gc,phases   ] GC(345)   Post Evacuate Collection Set: 1.21ms
[170.455s][info][gc,phases   ] GC(345)   Other: 0.13ms
[170.455s][info][gc,heap     ] GC(345) Eden regions: 8->0(141)
[170.455s][info][gc,heap     ] GC(345) Survivor regions: 10->3(8)
[170.455s][info][gc,heap     ] GC(345) Old regions: 156->166
[170.455s][info][gc,heap     ] GC(345) Humongous regions: 3->1
[170.455s][info][gc,metaspace] GC(345) Metaspace: 41793K(42176K)->41793K(42176K) NonClass: 38982K(39232K)->38982K(39232K) Class: 2811K(2944K)->2811K(2944K)
[170.455s][info][gc          ] GC(345) Pause Young (Concurrent Start) (G1 Humongous Allocation) 176M->169M(403M) 18.258ms
[170.455s][info][gc,cpu      ] GC(345) User=0.04s Sys=0.00s Real=0.02s
[170.455s][info][gc          ] GC(346) Concurrent Undo Cycle
[170.455s][info][gc,marking  ] GC(346) Concurrent Clear Claimed Marks
[170.455s][info][gc,marking  ] GC(346) Concurrent Clear Claimed Marks 0.031ms
[170.455s][info][gc,marking  ] GC(346) Concurrent Cleanup for Next Mark
[170.457s][info][gc,marking  ] GC(346) Concurrent Cleanup for Next Mark 2.057ms
[170.457s][info][gc          ] GC(346) Concurrent Undo Cycle 2.184ms
[170.926s][info][gc,start    ] GC(347) Pause Young (Concurrent Start) (G1 Humongous Allocation)
[170.926s][info][gc,task     ] GC(347) Using 2 workers of 2 for evacuation
[170.931s][info][gc,phases   ] GC(347)   Pre Evacuate Collection Set: 0.21ms
[170.931s][info][gc,phases   ] GC(347)   Merge Heap Roots: 0.09ms
[170.931s][info][gc,phases   ] GC(347)   Evacuate Collection Set: 4.60ms
[170.931s][info][gc,phases   ] GC(347)   Post Evacuate Collection Set: 0.32ms
[170.931s][info][gc,phases   ] GC(347)   Other: 0.10ms
[170.931s][info][gc,heap     ] GC(347) Eden regions: 107->0(153)
[170.931s][info][gc,heap     ] GC(347) Survivor regions: 3->3(18)
[170.931s][info][gc,heap     ] GC(347) Old regions: 166->166
[170.931s][info][gc,heap     ] GC(347) Humongous regions: 3->1
[170.931s][info][gc,metaspace] GC(347) Metaspace: 41793K(42176K)->41793K(42176K) NonClass: 38982K(39232K)->38982K(39232K) Class: 2811K(2944K)->2811K(2944K)
[170.931s][info][gc          ] GC(347) Pause Young (Concurrent Start) (G1 Humongous Allocation) 278M->169M(403M) 5.471ms
[170.931s][info][gc          ] GC(348) Concurrent Mark Cycle
[170.931s][info][gc,marking  ] GC(348) Concurrent Scan Root Regions
[170.933s][info][gc,cpu      ] GC(347) User=0.01s Sys=0.00s Real=0.01s
[170.938s][info][gc,marking  ] GC(348) Concurrent Scan Root Regions 6.440ms
[170.938s][info][gc,marking  ] GC(348) Concurrent Mark
[170.938s][info][gc,marking  ] GC(348) Concurrent Mark From Roots
[170.938s][info][gc,task     ] GC(348) Using 1 workers of 1 for marking
[171.098s][info][gc,marking  ] GC(348) Concurrent Mark From Roots 159.887ms
[171.098s][info][gc,marking  ] GC(348) Concurrent Preclean
[171.098s][info][gc,marking  ] GC(348) Concurrent Preclean 0.037ms
[171.098s][info][gc,start    ] GC(348) Pause Remark
[171.115s][info][gc          ] GC(348) Pause Remark 213M->213M(403M) 16.583ms
[171.115s][info][gc,cpu      ] GC(348) User=0.03s Sys=0.00s Real=0.01s
[171.116s][info][gc,marking  ] GC(348) Concurrent Mark 177.934ms
[171.116s][info][gc,marking  ] GC(348) Concurrent Rebuild Remembered Sets and Scrub Regions
[171.186s][info][gc,marking  ] GC(348) Concurrent Rebuild Remembered Sets and Scrub Regions 69.727ms
[171.187s][info][gc,start    ] GC(348) Pause Cleanup
[171.187s][info][gc          ] GC(348) Pause Cleanup 237M->237M(403M) 0.095ms
[171.187s][info][gc,cpu      ] GC(348) User=0.00s Sys=0.00s Real=0.00s
[171.187s][info][gc,marking  ] GC(348) Concurrent Clear Claimed Marks
[171.187s][info][gc,marking  ] GC(348) Concurrent Clear Claimed Marks 0.056ms
[171.187s][info][gc,marking  ] GC(348) Concurrent Cleanup for Next Mark
[171.190s][info][gc,marking  ] GC(348) Concurrent Cleanup for Next Mark 2.618ms
[171.190s][info][gc          ] GC(348) Concurrent Mark Cycle 258.398ms
[171.535s][info][gc,start    ] GC(349) Pause Young (Prepare Mixed) (G1 Evacuation Pause)
[171.535s][info][gc,task     ] GC(349) Using 2 workers of 2 for evacuation
[171.547s][info][gc,phases   ] GC(349)   Pre Evacuate Collection Set: 0.20ms
[171.547s][info][gc,phases   ] GC(349)   Merge Heap Roots: 0.09ms
[171.547s][info][gc,phases   ] GC(349)   Evacuate Collection Set: 10.82ms
[171.547s][info][gc,phases   ] GC(349)   Post Evacuate Collection Set: 0.46ms
[171.547s][info][gc,phases   ] GC(349)   Other: 0.10ms
[171.547s][info][gc,heap     ] GC(349) Eden regions: 153->0(157)
[171.547s][info][gc,heap     ] GC(349) Survivor regions: 3->10(20)
[171.547s][info][gc,heap     ] GC(349) Old regions: 166->166
[171.547s][info][gc,heap     ] GC(349) Humongous regions: 11->3
[171.547s][info][gc,metaspace] GC(349) Metaspace: 41794K(42176K)->41794K(42176K) NonClass: 38983K(39232K)->38983K(39232K) Class: 2811K(2944K)->2811K(2944K)
[171.547s][info][gc          ] GC(349) Pause Young (Prepare Mixed) (G1 Evacuation Pause) 332M->178M(403M) 11.848ms
[171.547s][info][gc,cpu      ] GC(349) User=0.02s Sys=0.00s Real=0.02s
[171.989s][info][gc,start    ] GC(350) Pause Young (Mixed) (G1 Evacuation Pause)
[171.990s][info][gc,task     ] GC(350) Using 2 workers of 2 for evacuation
[172.023s][info][gc,phases   ] GC(350)   Pre Evacuate Collection Set: 0.26ms
[172.024s][info][gc,phases   ] GC(350)   Merge Heap Roots: 0.17ms
[172.024s][info][gc,phases   ] GC(350)   Evacuate Collection Set: 32.86ms
[172.024s][info][gc,phases   ] GC(350)   Post Evacuate Collection Set: 0.58ms
[172.024s][info][gc,phases   ] GC(350)   Other: 0.09ms
[172.024s][info][gc,heap     ] GC(350) Eden regions: 157->0(144)
[172.024s][info][gc,heap     ] GC(350) Survivor regions: 10->21(21)
[172.024s][info][gc,heap     ] GC(350) Old regions: 166->152
[172.024s][info][gc,heap     ] GC(350) Humongous regions: 6->4
[172.024s][info][gc,metaspace] GC(350) Metaspace: 41798K(42176K)->41798K(42176K) NonClass: 38987K(39232K)->38987K(39232K) Class: 2811K(2944K)->2811K(2944K)
[172.024s][info][gc          ] GC(350) Pause Young (Mixed) (G1 Evacuation Pause) 338M->176M(403M) 34.158ms
[172.024s][info][gc,cpu      ] GC(350) User=0.07s Sys=0.00s Real=0.03s
[172.457s][info][gc,start    ] GC(351) Pause Young (Mixed) (G1 Evacuation Pause)
[172.457s][info][gc,task     ] GC(351) Using 2 workers of 2 for evacuation
[172.495s][info][gc,phases   ] GC(351)   Pre Evacuate Collection Set: 0.28ms
[172.495s][info][gc,phases   ] GC(351)   Merge Heap Roots: 0.45ms
[172.495s][info][gc,phases   ] GC(351)   Evacuate Collection Set: 36.08ms
[172.495s][info][gc,phases   ] GC(351)   Post Evacuate Collection Set: 0.48ms
[172.495s][info][gc,phases   ] GC(351)   Other: 0.08ms
[172.495s][info][gc,heap     ] GC(351) Eden regions: 144->0(165)
[172.495s][info][gc,heap     ] GC(351) Survivor regions: 21->12(21)
[172.495s][info][gc,heap     ] GC(351) Old regions: 152->143
[172.495s][info][gc,heap     ] GC(351) Humongous regions: 5->4
[172.495s][info][gc,metaspace] GC(351) Metaspace: 41798K(42176K)->41798K(42176K) NonClass: 38987K(39232K)->38987K(39232K) Class: 2811K(2944K)->2811K(2944K)
[172.495s][info][gc          ] GC(351) Pause Young (Mixed) (G1 Evacuation Pause) 321M->157M(403M) 37.596ms
[172.495s][info][gc,cpu      ] GC(351) User=0.07s Sys=0.00s Real=0.03s
[173.008s][info][gc,start    ] GC(352) Pause Young (Mixed) (G1 Evacuation Pause)
[173.008s][info][gc,task     ] GC(352) Using 2 workers of 2 for evacuation
[173.039s][info][gc,phases   ] GC(352)   Pre Evacuate Collection Set: 0.21ms
[173.039s][info][gc,phases   ] GC(352)   Merge Heap Roots: 0.47ms
[173.039s][info][gc,phases   ] GC(352)   Evacuate Collection Set: 29.97ms
[173.039s][info][gc,phases   ] GC(352)   Post Evacuate Collection Set: 0.46ms
[173.039s][info][gc,phases   ] GC(352)   Other: 0.07ms
[173.039s][info][gc,heap     ] GC(352) Eden regions: 165->0(176)
[173.039s][info][gc,heap     ] GC(352) Survivor regions: 12->14(23)
[173.039s][info][gc,heap     ] GC(352) Old regions: 143->135
[173.039s][info][gc,heap     ] GC(352) Humongous regions: 6->5
[173.039s][info][gc,metaspace] GC(352) Metaspace: 41799K(42176K)->41799K(42176K) NonClass: 38988K(39232K)->38988K(39232K) Class: 2811K(2944K)->2811K(2944K)
[173.039s][info][gc          ] GC(352) Pause Young (Mixed) (G1 Evacuation Pause) 324M->153M(403M) 31.390ms
[173.039s][info][gc,cpu      ] GC(352) User=0.06s Sys=0.00s Real=0.03s
[173.571s][info][gc,start    ] GC(353) Pause Young (Concurrent Start) (G1 Evacuation Pause)
[173.571s][info][gc,task     ] GC(353) Using 2 workers of 2 for evacuation
[173.609s][info][gc,phases   ] GC(353)   Pre Evacuate Collection Set: 0.21ms
[173.609s][info][gc,phases   ] GC(353)   Merge Heap Roots: 0.10ms
[173.609s][info][gc,phases   ] GC(353)   Evacuate Collection Set: 36.98ms
[173.609s][info][gc,phases   ] GC(353)   Post Evacuate Collection Set: 0.50ms
[173.609s][info][gc,phases   ] GC(353)   Other: 0.09ms
[173.609s][info][gc,heap     ] GC(353) Eden regions: 176->0(112)
[173.609s][info][gc,heap     ] GC(353) Survivor regions: 14->24(24)
[173.609s][info][gc,heap     ] GC(353) Old regions: 135->173
[173.609s][info][gc,heap     ] GC(353) Humongous regions: 5->4
[173.609s][info][gc,metaspace] GC(353) Metaspace: 41805K(42176K)->41805K(42176K) NonClass: 38993K(39232K)->38993K(39232K) Class: 2811K(2944K)->2811K(2944K)
[173.609s][info][gc          ] GC(353) Pause Young (Concurrent Start) (G1 Evacuation Pause) 329M->200M(403M) 38.079ms
[173.609s][info][gc,cpu      ] GC(353) User=0.08s Sys=0.00s Real=0.04s
[173.609s][info][gc          ] GC(354) Concurrent Mark Cycle
[173.609s][info][gc,marking  ] GC(354) Concurrent Scan Root Regions
[173.633s][info][gc,marking  ] GC(354) Concurrent Scan Root Regions 23.528ms
[173.633s][info][gc,marking  ] GC(354) Concurrent Mark
[173.633s][info][gc,marking  ] GC(354) Concurrent Mark From Roots
[173.633s][info][gc,task     ] GC(354) Using 1 workers of 1 for marking
[173.732s][info][gc,marking  ] GC(354) Concurrent Mark From Roots 98.769ms
[173.732s][info][gc,marking  ] GC(354) Concurrent Preclean
[173.732s][info][gc,marking  ] GC(354) Concurrent Preclean 0.039ms
[173.732s][info][gc,start    ] GC(354) Pause Remark
[173.746s][info][gc          ] GC(354) Pause Remark 226M->216M(403M) 14.204ms
[173.746s][info][gc,cpu      ] GC(354) User=0.02s Sys=0.00s Real=0.01s
[173.746s][info][gc,marking  ] GC(354) Concurrent Mark 113.307ms
[173.746s][info][gc,marking  ] GC(354) Concurrent Rebuild Remembered Sets and Scrub Regions
[173.823s][info][gc,marking  ] GC(354) Concurrent Rebuild Remembered Sets and Scrub Regions 77.038ms
[173.823s][info][gc,start    ] GC(354) Pause Cleanup
[173.823s][info][gc          ] GC(354) Pause Cleanup 237M->237M(403M) 0.053ms
[173.823s][info][gc,cpu      ] GC(354) User=0.00s Sys=0.00s Real=0.00s
[173.824s][info][gc,marking  ] GC(354) Concurrent Clear Claimed Marks
[173.824s][info][gc,marking  ] GC(354) Concurrent Clear Claimed Marks 0.037ms
[173.824s][info][gc,marking  ] GC(354) Concurrent Cleanup for Next Mark
[173.825s][info][gc,marking  ] GC(354) Concurrent Cleanup for Next Mark 1.159ms
[173.825s][info][gc          ] GC(354) Concurrent Mark Cycle 215.460ms
[174.052s][info][gc,start    ] GC(355) Pause Young (Prepare Mixed) (G1 Evacuation Pause)
[174.053s][info][gc,task     ] GC(355) Using 2 workers of 2 for evacuation
[174.100s][info][gc,phases   ] GC(355)   Pre Evacuate Collection Set: 0.23ms
[174.100s][info][gc,phases   ] GC(355)   Merge Heap Roots: 0.36ms
[174.100s][info][gc,phases   ] GC(355)   Evacuate Collection Set: 46.23ms
[174.100s][info][gc,phases   ] GC(355)   Post Evacuate Collection Set: 0.44ms
[174.100s][info][gc,phases   ] GC(355)   Other: 0.10ms
[174.100s][info][gc,heap     ] GC(355) Eden regions: 112->0(79)
[174.100s][info][gc,heap     ] GC(355) Survivor regions: 24->17(17)
[174.100s][info][gc,heap     ] GC(355) Old regions: 163->209
[174.100s][info][gc,heap     ] GC(355) Humongous regions: 5->5
[174.100s][info][gc,metaspace] GC(355) Metaspace: 41805K(42176K)->41805K(42176K) NonClass: 38993K(39232K)->38993K(39232K) Class: 2811K(2944K)->2811K(2944K)
[174.100s][info][gc          ] GC(355) Pause Young (Prepare Mixed) (G1 Evacuation Pause) 303M->230M(403M) 47.570ms
[174.100s][info][gc,cpu      ] GC(355) User=0.09s Sys=0.00s Real=0.05s
[174.348s][info][gc,start    ] GC(356) Pause Young (Mixed) (G1 Evacuation Pause)
[174.348s][info][gc,task     ] GC(356) Using 2 workers of 2 for evacuation
[174.393s][info][gc,phases   ] GC(356)   Pre Evacuate Collection Set: 0.23ms
[174.393s][info][gc,phases   ] GC(356)   Merge Heap Roots: 0.54ms
[174.393s][info][gc,phases   ] GC(356)   Evacuate Collection Set: 42.29ms
[174.393s][info][gc,phases   ] GC(356)   Post Evacuate Collection Set: 1.25ms
[174.393s][info][gc,phases   ] GC(356)   Other: 0.09ms
[174.393s][info][gc,heap     ] GC(356) Eden regions: 79->0(172)
[174.393s][info][gc,heap     ] GC(356) Survivor regions: 17->7(12)
[174.393s][info][gc,heap     ] GC(356) Old regions: 209->197
[174.393s][info][gc,heap     ] GC(356) Humongous regions: 5->5
[174.393s][info][gc,metaspace] GC(356) Metaspace: 41805K(42176K)->41805K(42176K) NonClass: 38994K(39232K)->38994K(39232K) Class: 2811K(2944K)->2811K(2944K)
[174.393s][info][gc          ] GC(356) Pause Young (Mixed) (G1 Evacuation Pause) 309M->208M(518M) 44.591ms
[174.393s][info][gc,cpu      ] GC(356) User=0.08s Sys=0.00s Real=0.04s
[175.024s][info][gc,start    ] GC(357) Pause Young (Normal) (G1 Evacuation Pause)
[175.024s][info][gc,task     ] GC(357) Using 2 workers of 2 for evacuation
[175.066s][info][gc,phases   ] GC(357)   Pre Evacuate Collection Set: 0.22ms
[175.066s][info][gc,phases   ] GC(357)   Merge Heap Roots: 0.14ms
[175.066s][info][gc,phases   ] GC(357)   Evacuate Collection Set: 40.17ms
[175.066s][info][gc,phases   ] GC(357)   Post Evacuate Collection Set: 0.49ms
[175.066s][info][gc,phases   ] GC(357)   Other: 0.11ms
[175.066s][info][gc,heap     ] GC(357) Eden regions: 172->0(125)
[175.066s][info][gc,heap     ] GC(357) Survivor regions: 7->23(23)
[175.066s][info][gc,heap     ] GC(357) Old regions: 197->240
[175.066s][info][gc,heap     ] GC(357) Humongous regions: 6->6
[175.066s][info][gc,metaspace] GC(357) Metaspace: 41805K(42176K)->41805K(42176K) NonClass: 38994K(39232K)->38994K(39232K) Class: 2811K(2944K)->2811K(2944K)
[175.066s][info][gc          ] GC(357) Pause Young (Normal) (G1 Evacuation Pause) 381M->268M(518M) 41.363ms
[175.066s][info][gc,cpu      ] GC(357) User=0.08s Sys=0.00s Real=0.04s
[175.485s][info][gc,start    ] GC(358) Pause Young (Concurrent Start) (G1 Humongous Allocation)
[175.485s][info][gc,task     ] GC(358) Using 2 workers of 2 for evacuation
[175.551s][info][gc,phases   ] GC(358)   Pre Evacuate Collection Set: 0.26ms
[175.551s][info][gc,phases   ] GC(358)   Merge Heap Roots: 0.26ms
[175.551s][info][gc,phases   ] GC(358)   Evacuate Collection Set: 64.59ms
[175.551s][info][gc,phases   ] GC(358)   Post Evacuate Collection Set: 0.45ms
[175.551s][info][gc,phases   ] GC(358)   Other: 0.09ms
[175.551s][info][gc,heap     ] GC(358) Eden regions: 124->0(72)
[175.551s][info][gc,heap     ] GC(358) Survivor regions: 23->19(19)
[175.551s][info][gc,heap     ] GC(358) Old regions: 240->318
[175.551s][info][gc,heap     ] GC(358) Humongous regions: 6->6
[175.551s][info][gc,metaspace] GC(358) Metaspace: 41805K(42176K)->41805K(42176K) NonClass: 38994K(39232K)->38994K(39232K) Class: 2811K(2944K)->2811K(2944K)
[175.551s][info][gc          ] GC(358) Pause Young (Concurrent Start) (G1 Humongous Allocation) 392M->342M(518M) 65.878ms
[175.551s][info][gc          ] GC(359) Concurrent Mark Cycle
[175.551s][info][gc,marking  ] GC(359) Concurrent Scan Root Regions
[175.553s][info][gc,cpu      ] GC(358) User=0.13s Sys=0.00s Real=0.07s
[175.586s][info][gc,marking  ] GC(359) Concurrent Scan Root Regions 35.602ms
[175.586s][info][gc,marking  ] GC(359) Concurrent Mark
[175.586s][info][gc,marking  ] GC(359) Concurrent Mark From Roots
[175.586s][info][gc,task     ] GC(359) Using 1 workers of 1 for marking
[175.726s][info][gc,marking  ] GC(359) Concurrent Mark From Roots 139.784ms
[175.726s][info][gc,marking  ] GC(359) Concurrent Preclean
[175.726s][info][gc,marking  ] GC(359) Concurrent Preclean 0.036ms
[175.726s][info][gc,start    ] GC(359) Pause Remark
[175.741s][info][gc          ] GC(359) Pause Remark 385M->353M(520M) 14.749ms
[175.741s][info][gc,cpu      ] GC(359) User=0.03s Sys=0.00s Real=0.02s
[175.741s][info][gc,marking  ] GC(359) Concurrent Mark 154.844ms
[175.741s][info][gc,marking  ] GC(359) Concurrent Rebuild Remembered Sets and Scrub Regions
[175.852s][info][gc,start    ] GC(360) Pause Young (Normal) (G1 Evacuation Pause)
[175.852s][info][gc,task     ] GC(360) Using 2 workers of 2 for evacuation
[175.899s][info][gc,phases   ] GC(360)   Pre Evacuate Collection Set: 0.26ms
[175.899s][info][gc,phases   ] GC(360)   Merge Heap Roots: 0.42ms
[175.899s][info][gc,phases   ] GC(360)   Evacuate Collection Set: 45.44ms
[175.899s][info][gc,phases   ] GC(360)   Post Evacuate Collection Set: 0.39ms
[175.899s][info][gc,phases   ] GC(360)   Other: 0.07ms
[175.899s][info][gc,heap     ] GC(360) Eden regions: 72->0(67)
[175.899s][info][gc,heap     ] GC(360) Survivor regions: 19->12(12)
[175.899s][info][gc,heap     ] GC(360) Old regions: 287->336
[175.899s][info][gc,heap     ] GC(360) Humongous regions: 6->6
[175.899s][info][gc,metaspace] GC(360) Metaspace: 41805K(42176K)->41805K(42176K) NonClass: 38994K(39232K)->38994K(39232K) Class: 2811K(2944K)->2811K(2944K)
[175.899s][info][gc          ] GC(360) Pause Young (Normal) (G1 Evacuation Pause) 383M->353M(520M) 46.773ms
[175.899s][info][gc,cpu      ] GC(360) User=0.09s Sys=0.00s Real=0.05s
[175.909s][info][gc,marking  ] GC(359) Concurrent Rebuild Remembered Sets and Scrub Regions 168.228ms
[175.910s][info][gc,start    ] GC(359) Pause Cleanup
[175.910s][info][gc          ] GC(359) Pause Cleanup 356M->356M(520M) 0.099ms
[175.910s][info][gc,cpu      ] GC(359) User=0.00s Sys=0.00s Real=0.00s
[175.910s][info][gc,marking  ] GC(359) Concurrent Clear Claimed Marks
[175.910s][info][gc,marking  ] GC(359) Concurrent Clear Claimed Marks 0.043ms
[175.910s][info][gc,marking  ] GC(359) Concurrent Cleanup for Next Mark
[175.913s][info][gc,marking  ] GC(359) Concurrent Cleanup for Next Mark 2.742ms
[175.913s][info][gc          ] GC(359) Concurrent Mark Cycle 362.476ms
[176.111s][info][gc,start    ] GC(361) Pause Young (Prepare Mixed) (G1 Evacuation Pause)
[176.111s][info][gc,task     ] GC(361) Using 2 workers of 2 for evacuation
[176.156s][info][gc,phases   ] GC(361)   Pre Evacuate Collection Set: 0.21ms
[176.156s][info][gc,phases   ] GC(361)   Merge Heap Roots: 0.21ms
[176.156s][info][gc,phases   ] GC(361)   Evacuate Collection Set: 43.79ms
[176.156s][info][gc,phases   ] GC(361)   Post Evacuate Collection Set: 0.40ms
[176.156s][info][gc,phases   ] GC(361)   Other: 0.08ms
[176.156s][info][gc,heap     ] GC(361) Eden regions: 67->0(47)
[176.156s][info][gc,heap     ] GC(361) Survivor regions: 12->10(10)
[176.156s][info][gc,heap     ] GC(361) Old regions: 336->387
[176.156s][info][gc,heap     ] GC(361) Humongous regions: 6->6
[176.156s][info][gc,metaspace] GC(361) Metaspace: 41805K(42176K)->41805K(42176K) NonClass: 38994K(39232K)->38994K(39232K) Class: 2811K(2944K)->2811K(2944K)
[176.156s][info][gc          ] GC(361) Pause Young (Prepare Mixed) (G1 Evacuation Pause) 420M->402M(520M) 44.923ms
[176.156s][info][gc,cpu      ] GC(361) User=0.09s Sys=0.00s Real=0.04s
[176.338s][info][gc,start    ] GC(362) Pause Young (Mixed) (G1 Evacuation Pause)
[176.338s][info][gc,task     ] GC(362) Using 2 workers of 2 for evacuation
[176.374s][info][gc,phases   ] GC(362)   Pre Evacuate Collection Set: 0.23ms
[176.374s][info][gc,phases   ] GC(362)   Merge Heap Roots: 0.38ms
[176.374s][info][gc,phases   ] GC(362)   Evacuate Collection Set: 34.71ms
[176.374s][info][gc,phases   ] GC(362)   Post Evacuate Collection Set: 0.43ms
[176.374s][info][gc,phases   ] GC(362)   Other: 0.07ms
[176.374s][info][gc,heap     ] GC(362) Eden regions: 47->0(59)
[176.374s][info][gc,heap     ] GC(362) Survivor regions: 10->8(8)
[176.374s][info][gc,heap     ] GC(362) Old regions: 387->359
[176.374s][info][gc,heap     ] GC(362) Humongous regions: 7->7
[176.374s][info][gc,metaspace] GC(362) Metaspace: 41805K(42176K)->41805K(42176K) NonClass: 38994K(39232K)->38994K(39232K) Class: 2811K(2944K)->2811K(2944K)
[176.374s][info][gc          ] GC(362) Pause Young (Mixed) (G1 Evacuation Pause) 450M->373M(520M) 36.033ms
[176.374s][info][gc,cpu      ] GC(362) User=0.07s Sys=0.00s Real=0.03s
[176.560s][info][gc,start    ] GC(363) Pause Young (Mixed) (G1 Evacuation Pause)
[176.560s][info][gc,task     ] GC(363) Using 2 workers of 2 for evacuation
[176.618s][info][gc,phases   ] GC(363)   Pre Evacuate Collection Set: 0.27ms
[176.618s][info][gc,phases   ] GC(363)   Merge Heap Roots: 0.81ms
[176.618s][info][gc,phases   ] GC(363)   Evacuate Collection Set: 55.71ms
[176.618s][info][gc,phases   ] GC(363)   Post Evacuate Collection Set: 0.96ms
[176.618s][info][gc,phases   ] GC(363)   Other: 0.07ms
[176.618s][info][gc,heap     ] GC(363) Eden regions: 59->0(90)
[176.618s][info][gc,heap     ] GC(363) Survivor regions: 8->9(9)
[176.618s][info][gc,heap     ] GC(363) Old regions: 359->366
[176.618s][info][gc,heap     ] GC(363) Humongous regions: 7->7
[176.618s][info][gc,metaspace] GC(363) Metaspace: 41805K(42176K)->41805K(42176K) NonClass: 38994K(39232K)->38994K(39232K) Class: 2811K(2944K)->2811K(2944K)
[176.618s][info][gc          ] GC(363) Pause Young (Mixed) (G1 Evacuation Pause) 432M->381M(600M) 58.037ms
[176.618s][info][gc,cpu      ] GC(363) User=0.12s Sys=0.00s Real=0.06s
[176.711s][info][gc,start    ] GC(364) Pause Young (Concurrent Start) (G1 Humongous Allocation)
[176.711s][info][gc,task     ] GC(364) Using 2 workers of 2 for evacuation
[176.735s][info][gc,phases   ] GC(364)   Pre Evacuate Collection Set: 0.28ms
[176.735s][info][gc,phases   ] GC(364)   Merge Heap Roots: 0.14ms
[176.735s][info][gc,phases   ] GC(364)   Evacuate Collection Set: 23.09ms
[176.735s][info][gc,phases   ] GC(364)   Post Evacuate Collection Set: 0.31ms
[176.735s][info][gc,phases   ] GC(364)   Other: 0.09ms
[176.735s][info][gc,heap     ] GC(364) Eden regions: 25->0(77)
[176.735s][info][gc,heap     ] GC(364) Survivor regions: 9->13(13)
[176.735s][info][gc,heap     ] GC(364) Old regions: 366->380
[176.735s][info][gc,heap     ] GC(364) Humongous regions: 7->7
[176.735s][info][gc,metaspace] GC(364) Metaspace: 41805K(42176K)->41805K(42176K) NonClass: 38994K(39232K)->38994K(39232K) Class: 2811K(2944K)->2811K(2944K)
[176.735s][info][gc          ] GC(364) Pause Young (Concurrent Start) (G1 Humongous Allocation) 406M->399M(600M) 24.101ms
[176.735s][info][gc,cpu      ] GC(364) User=0.04s Sys=0.01s Real=0.02s
[176.735s][info][gc          ] GC(365) Concurrent Mark Cycle
[176.735s][info][gc,marking  ] GC(365) Concurrent Scan Root Regions
[176.745s][info][gc,marking  ] GC(365) Concurrent Scan Root Regions 9.545ms
[176.745s][info][gc,marking  ] GC(365) Concurrent Mark
[176.745s][info][gc,marking  ] GC(365) Concurrent Mark From Roots
[176.745s][info][gc,task     ] GC(365) Using 1 workers of 1 for marking
[176.880s][info][gc,marking  ] GC(365) Concurrent Mark From Roots 134.835ms
[176.880s][info][gc,marking  ] GC(365) Concurrent Preclean
[176.880s][info][gc,marking  ] GC(365) Concurrent Preclean 0.044ms
[176.880s][info][gc,start    ] GC(365) Pause Remark
[176.895s][info][gc          ] GC(365) Pause Remark 435M->338M(600M) 14.506ms
[176.895s][info][gc,cpu      ] GC(365) User=0.03s Sys=0.00s Real=0.01s
[176.895s][info][gc,marking  ] GC(365) Concurrent Mark 149.743ms
[176.895s][info][gc,marking  ] GC(365) Concurrent Rebuild Remembered Sets and Scrub Regions
[176.971s][info][gc,marking  ] GC(365) Concurrent Rebuild Remembered Sets and Scrub Regions 76.523ms
[176.973s][info][gc,start    ] GC(365) Pause Cleanup
[176.973s][info][gc          ] GC(365) Pause Cleanup 355M->355M(600M) 0.125ms
[176.973s][info][gc,cpu      ] GC(365) User=0.00s Sys=0.00s Real=0.00s
[176.973s][info][gc,marking  ] GC(365) Concurrent Clear Claimed Marks
[176.973s][info][gc,marking  ] GC(365) Concurrent Clear Claimed Marks 0.064ms
[176.973s][info][gc,marking  ] GC(365) Concurrent Cleanup for Next Mark
[176.976s][info][gc,marking  ] GC(365) Concurrent Cleanup for Next Mark 2.642ms
[176.976s][info][gc          ] GC(365) Concurrent Mark Cycle 240.413ms
[177.065s][info][gc,start    ] GC(366) Pause Young (Prepare Mixed) (G1 Evacuation Pause)
[177.065s][info][gc,task     ] GC(366) Using 2 workers of 2 for evacuation
[177.082s][info][gc,phases   ] GC(366)   Pre Evacuate Collection Set: 0.35ms
[177.082s][info][gc,phases   ] GC(366)   Merge Heap Roots: 0.11ms
[177.082s][info][gc,phases   ] GC(366)   Evacuate Collection Set: 15.32ms
[177.082s][info][gc,phases   ] GC(366)   Post Evacuate Collection Set: 0.38ms
[177.082s][info][gc,phases   ] GC(366)   Other: 0.08ms
[177.082s][info][gc,heap     ] GC(366) Eden regions: 77->0(117)
[177.082s][info][gc,heap     ] GC(366) Survivor regions: 13->12(12)
[177.082s][info][gc,heap     ] GC(366) Old regions: 286->297
[177.082s][info][gc,heap     ] GC(366) Humongous regions: 5->5
[177.082s][info][gc,metaspace] GC(366) Metaspace: 41805K(42176K)->41805K(42176K) NonClass: 38994K(39232K)->38994K(39232K) Class: 2811K(2944K)->2811K(2944K)
[177.082s][info][gc          ] GC(366) Pause Young (Prepare Mixed) (G1 Evacuation Pause) 380M->313M(600M) 16.537ms
[177.082s][info][gc,cpu      ] GC(366) User=0.03s Sys=0.00s Real=0.02s
[177.455s][info][gc,start    ] GC(367) Pause Young (Mixed) (G1 Evacuation Pause)
[177.455s][info][gc,task     ] GC(367) Using 2 workers of 2 for evacuation
[177.473s][info][gc,phases   ] GC(367)   Pre Evacuate Collection Set: 0.28ms
[177.473s][info][gc,phases   ] GC(367)   Merge Heap Roots: 0.16ms
[177.473s][info][gc,phases   ] GC(367)   Evacuate Collection Set: 16.18ms
[177.473s][info][gc,phases   ] GC(367)   Post Evacuate Collection Set: 0.41ms
[177.473s][info][gc,phases   ] GC(367)   Other: 0.09ms
[177.473s][info][gc,heap     ] GC(367) Eden regions: 117->0(146)
[177.473s][info][gc,heap     ] GC(367) Survivor regions: 12->14(17)
[177.473s][info][gc,heap     ] GC(367) Old regions: 297->247
[177.473s][info][gc,heap     ] GC(367) Humongous regions: 5->5
[177.473s][info][gc,metaspace] GC(367) Metaspace: 41807K(42240K)->41807K(42240K) NonClass: 38996K(39296K)->38996K(39296K) Class: 2811K(2944K)->2811K(2944K)
[177.473s][info][gc          ] GC(367) Pause Young (Mixed) (G1 Evacuation Pause) 430M->265M(600M) 17.317ms
[177.473s][info][gc,cpu      ] GC(367) User=0.04s Sys=0.00s Real=0.02s
[177.977s][info][gc,start    ] GC(368) Pause Young (Mixed) (G1 Evacuation Pause)
[177.977s][info][gc,task     ] GC(368) Using 2 workers of 2 for evacuation
[177.991s][info][gc,phases   ] GC(368)   Pre Evacuate Collection Set: 0.26ms
[177.991s][info][gc,phases   ] GC(368)   Merge Heap Roots: 0.18ms
[177.991s][info][gc,phases   ] GC(368)   Evacuate Collection Set: 12.69ms
[177.991s][info][gc,phases   ] GC(368)   Post Evacuate Collection Set: 0.47ms
[177.991s][info][gc,phases   ] GC(368)   Other: 0.10ms
[177.991s][info][gc,heap     ] GC(368) Eden regions: 146->0(180)
[177.991s][info][gc,heap     ] GC(368) Survivor regions: 14->8(20)
[177.991s][info][gc,heap     ] GC(368) Old regions: 247->198
[177.991s][info][gc,heap     ] GC(368) Humongous regions: 6->5
[177.991s][info][gc,metaspace] GC(368) Metaspace: 41808K(42240K)->41808K(42240K) NonClass: 38996K(39296K)->38996K(39296K) Class: 2811K(2944K)->2811K(2944K)
[177.991s][info][gc          ] GC(368) Pause Young (Mixed) (G1 Evacuation Pause) 412M->210M(600M) 13.890ms
[177.991s][info][gc,cpu      ] GC(368) User=0.02s Sys=0.00s Real=0.01s
[178.581s][info][gc,start    ] GC(369) Pause Young (Mixed) (G1 Evacuation Pause)
[178.581s][info][gc,task     ] GC(369) Using 2 workers of 2 for evacuation
[178.589s][info][gc,phases   ] GC(369)   Pre Evacuate Collection Set: 0.24ms
[178.589s][info][gc,phases   ] GC(369)   Merge Heap Roots: 0.22ms
[178.589s][info][gc,phases   ] GC(369)   Evacuate Collection Set: 6.79ms
[178.589s][info][gc,phases   ] GC(369)   Post Evacuate Collection Set: 0.44ms
[178.589s][info][gc,phases   ] GC(369)   Other: 0.07ms
[178.589s][info][gc,heap     ] GC(369) Eden regions: 180->0(203)
[178.589s][info][gc,heap     ] GC(369) Survivor regions: 8->2(24)
[178.589s][info][gc,heap     ] GC(369) Old regions: 198->185
[178.589s][info][gc,heap     ] GC(369) Humongous regions: 6->5
[178.589s][info][gc,metaspace] GC(369) Metaspace: 41808K(42240K)->41808K(42240K) NonClass: 38996K(39296K)->38996K(39296K) Class: 2811K(2944K)->2811K(2944K)
[178.589s][info][gc          ] GC(369) Pause Young (Mixed) (G1 Evacuation Pause) 391M->191M(600M) 7.952ms
[178.589s][info][gc,cpu      ] GC(369) User=0.02s Sys=0.00s Real=0.01s
[179.223s][info][gc,start    ] GC(370) Pause Young (Normal) (G1 Evacuation Pause)
[179.224s][info][gc,task     ] GC(370) Using 2 workers of 2 for evacuation
[179.249s][info][gc,phases   ] GC(370)   Pre Evacuate Collection Set: 0.26ms
[179.249s][info][gc,phases   ] GC(370)   Merge Heap Roots: 0.09ms
[179.249s][info][gc,phases   ] GC(370)   Evacuate Collection Set: 24.29ms
[179.249s][info][gc,phases   ] GC(370)   Post Evacuate Collection Set: 0.51ms
[179.249s][info][gc,phases   ] GC(370)   Other: 0.09ms
[179.249s][info][gc,heap     ] GC(370) Eden regions: 203->0(191)
[179.249s][info][gc,heap     ] GC(370) Survivor regions: 2->26(26)
[179.249s][info][gc,heap     ] GC(370) Old regions: 185->200
[179.249s][info][gc,heap     ] GC(370) Humongous regions: 8->6
[179.249s][info][gc,metaspace] GC(370) Metaspace: 41808K(42240K)->41808K(42240K) NonClass: 38996K(39296K)->38996K(39296K) Class: 2811K(2944K)->2811K(2944K)
[179.249s][info][gc          ] GC(370) Pause Young (Normal) (G1 Evacuation Pause) 397M->231M(600M) 25.467ms
[179.249s][info][gc,cpu      ] GC(370) User=0.05s Sys=0.00s Real=0.03s
[179.499s][info][gc,start    ] GC(371) Pause Young (Concurrent Start) (G1 Humongous Allocation)
[179.499s][info][gc,task     ] GC(371) Using 2 workers of 2 for evacuation
[179.527s][info][gc,phases   ] GC(371)   Pre Evacuate Collection Set: 0.25ms
[179.527s][info][gc,phases   ] GC(371)   Merge Heap Roots: 0.14ms
[179.527s][info][gc,phases   ] GC(371)   Evacuate Collection Set: 27.30ms
[179.527s][info][gc,phases   ] GC(371)   Post Evacuate Collection Set: 0.40ms
[179.527s][info][gc,phases   ] GC(371)   Other: 0.11ms
[179.527s][info][gc,heap     ] GC(371) Eden regions: 82->0(193)
[179.527s][info][gc,heap     ] GC(371) Survivor regions: 26->20(28)
[179.527s][info][gc,heap     ] GC(371) Old regions: 200->221
[179.527s][info][gc,heap     ] GC(371) Humongous regions: 6->6
[179.527s][info][gc,metaspace] GC(371) Metaspace: 41808K(42240K)->41808K(42240K) NonClass: 38996K(39296K)->38996K(39296K) Class: 2811K(2944K)->2811K(2944K)
[179.527s][info][gc          ] GC(371) Pause Young (Concurrent Start) (G1 Humongous Allocation) 312M->246M(600M) 28.390ms
[179.527s][info][gc,cpu      ] GC(371) User=0.05s Sys=0.00s Real=0.03s
[179.527s][info][gc          ] GC(372) Concurrent Mark Cycle
[179.527s][info][gc,marking  ] GC(372) Concurrent Scan Root Regions
[179.543s][info][gc,marking  ] GC(372) Concurrent Scan Root Regions 15.481ms
[179.543s][info][gc,marking  ] GC(372) Concurrent Mark
[179.543s][info][gc,marking  ] GC(372) Concurrent Mark From Roots
[179.543s][info][gc,task     ] GC(372) Using 1 workers of 1 for marking
[179.631s][info][gc,marking  ] GC(372) Concurrent Mark From Roots 87.975ms
[179.631s][info][gc,marking  ] GC(372) Concurrent Preclean
[179.631s][info][gc,marking  ] GC(372) Concurrent Preclean 0.044ms
[179.631s][info][gc,start    ] GC(372) Pause Remark
[179.647s][info][gc          ] GC(372) Pause Remark 273M->176M(504M) 16.019ms
[179.647s][info][gc,cpu      ] GC(372) User=0.03s Sys=0.00s Real=0.02s
[179.647s][info][gc,marking  ] GC(372) Concurrent Mark 104.351ms
[179.647s][info][gc,marking  ] GC(372) Concurrent Rebuild Remembered Sets and Scrub Regions
[179.690s][info][gc,marking  ] GC(372) Concurrent Rebuild Remembered Sets and Scrub Regions 43.139ms
[179.690s][info][gc,start    ] GC(372) Pause Cleanup
[179.690s][info][gc          ] GC(372) Pause Cleanup 187M->187M(504M) 0.053ms
[179.690s][info][gc,cpu      ] GC(372) User=0.00s Sys=0.00s Real=0.00s
[179.690s][info][gc,marking  ] GC(372) Concurrent Clear Claimed Marks
[179.690s][info][gc,marking  ] GC(372) Concurrent Clear Claimed Marks 0.036ms
[179.690s][info][gc,marking  ] GC(372) Concurrent Cleanup for Next Mark
[179.692s][info][gc,marking  ] GC(372) Concurrent Cleanup for Next Mark 1.447ms
[179.692s][info][gc          ] GC(372) Concurrent Mark Cycle 164.831ms
[180.193s][info][gc,start    ] GC(373) Pause Young (Prepare Mixed) (G1 Evacuation Pause)
[180.194s][info][gc,task     ] GC(373) Using 2 workers of 2 for evacuation
[180.215s][info][gc,phases   ] GC(373)   Pre Evacuate Collection Set: 0.34ms
[180.215s][info][gc,phases   ] GC(373)   Merge Heap Roots: 0.18ms
[180.215s][info][gc,phases   ] GC(373)   Evacuate Collection Set: 20.06ms
[180.215s][info][gc,phases   ] GC(373)   Post Evacuate Collection Set: 0.40ms
[180.215s][info][gc,phases   ] GC(373)   Other: 0.08ms
[180.215s][info][gc,heap     ] GC(373) Eden regions: 193->0(196)
[180.215s][info][gc,heap     ] GC(373) Survivor regions: 20->27(27)
[180.215s][info][gc,heap     ] GC(373) Old regions: 126->131
[180.215s][info][gc,heap     ] GC(373) Humongous regions: 7->5
[180.215s][info][gc,metaspace] GC(373) Metaspace: 41808K(42240K)->41808K(42240K) NonClass: 38996K(39296K)->38996K(39296K) Class: 2811K(2944K)->2811K(2944K)
[180.215s][info][gc          ] GC(373) Pause Young (Prepare Mixed) (G1 Evacuation Pause) 345M->162M(504M) 21.309ms
[180.215s][info][gc,cpu      ] GC(373) User=0.04s Sys=0.00s Real=0.02s
[180.765s][info][gc,start    ] GC(374) Pause Young (Mixed) (G1 Evacuation Pause)
[180.765s][info][gc,task     ] GC(374) Using 2 workers of 2 for evacuation
[180.780s][info][gc,phases   ] GC(374)   Pre Evacuate Collection Set: 0.22ms
[180.780s][info][gc,phases   ] GC(374)   Merge Heap Roots: 0.08ms
[180.780s][info][gc,phases   ] GC(374)   Evacuate Collection Set: 14.17ms
[180.780s][info][gc,phases   ] GC(374)   Post Evacuate Collection Set: 0.50ms
[180.780s][info][gc,phases   ] GC(374)   Other: 0.07ms
[180.780s][info][gc,heap     ] GC(374) Eden regions: 196->0(217)
[180.780s][info][gc,heap     ] GC(374) Survivor regions: 27->23(28)
[180.780s][info][gc,heap     ] GC(374) Old regions: 131->111
[180.780s][info][gc,heap     ] GC(374) Humongous regions: 7->4
[180.780s][info][gc,metaspace] GC(374) Metaspace: 41809K(42240K)->41809K(42240K) NonClass: 38997K(39296K)->38997K(39296K) Class: 2811K(2944K)->2811K(2944K)
[180.780s][info][gc          ] GC(374) Pause Young (Mixed) (G1 Evacuation Pause) 360M->137M(504M) 15.235ms
[180.780s][info][gc,cpu      ] GC(374) User=0.03s Sys=0.00s Real=0.02s
[181.405s][info][gc,start    ] GC(375) Pause Young (Concurrent Start) (G1 Evacuation Pause)
[181.405s][info][gc,task     ] GC(375) Using 2 workers of 2 for evacuation
[181.417s][info][gc,phases   ] GC(375)   Pre Evacuate Collection Set: 0.24ms
[181.417s][info][gc,phases   ] GC(375)   Merge Heap Roots: 0.07ms
[181.417s][info][gc,phases   ] GC(375)   Evacuate Collection Set: 10.88ms
[181.417s][info][gc,phases   ] GC(375)   Post Evacuate Collection Set: 0.45ms
[181.417s][info][gc,phases   ] GC(375)   Other: 0.09ms
[181.417s][info][gc,heap     ] GC(375) Eden regions: 217->0(237)
[181.417s][info][gc,heap     ] GC(375) Survivor regions: 23->2(30)
[181.417s][info][gc,heap     ] GC(375) Old regions: 111->131
[181.417s][info][gc,heap     ] GC(375) Humongous regions: 4->4
[181.417s][info][gc,metaspace] GC(375) Metaspace: 41809K(42240K)->41809K(42240K) NonClass: 38997K(39296K)->38997K(39296K) Class: 2811K(2944K)->2811K(2944K)
[181.417s][info][gc          ] GC(375) Pause Young (Concurrent Start) (G1 Evacuation Pause) 354M->136M(504M) 11.967ms
[181.417s][info][gc,cpu      ] GC(375) User=0.03s Sys=0.01s Real=0.01s
[181.417s][info][gc          ] GC(376) Concurrent Mark Cycle
[181.417s][info][gc,marking  ] GC(376) Concurrent Scan Root Regions
[181.428s][info][gc,marking  ] GC(376) Concurrent Scan Root Regions 10.792ms
[181.428s][info][gc,marking  ] GC(376) Concurrent Mark
[181.428s][info][gc,marking  ] GC(376) Concurrent Mark From Roots
[181.428s][info][gc,task     ] GC(376) Using 1 workers of 1 for marking
[181.500s][info][gc,marking  ] GC(376) Concurrent Mark From Roots 71.907ms
[181.500s][info][gc,marking  ] GC(376) Concurrent Preclean
[181.500s][info][gc,marking  ] GC(376) Concurrent Preclean 0.032ms
[181.500s][info][gc,start    ] GC(376) Pause Remark
[181.514s][info][gc          ] GC(376) Pause Remark 162M->128M(347M) 14.307ms
[181.514s][info][gc,cpu      ] GC(376) User=0.03s Sys=0.00s Real=0.01s
[181.514s][info][gc,marking  ] GC(376) Concurrent Mark 86.504ms
[181.514s][info][gc,marking  ] GC(376) Concurrent Rebuild Remembered Sets and Scrub Regions
[181.549s][info][gc,marking  ] GC(376) Concurrent Rebuild Remembered Sets and Scrub Regions 35.276ms
[181.550s][info][gc,start    ] GC(376) Pause Cleanup
[181.550s][info][gc          ] GC(376) Pause Cleanup 140M->140M(347M) 0.040ms
[181.550s][info][gc,cpu      ] GC(376) User=0.00s Sys=0.00s Real=0.00s
[181.550s][info][gc,marking  ] GC(376) Concurrent Clear Claimed Marks
[181.550s][info][gc,marking  ] GC(376) Concurrent Clear Claimed Marks 0.035ms
[181.550s][info][gc,marking  ] GC(376) Concurrent Cleanup for Next Mark
[181.551s][info][gc,marking  ] GC(376) Concurrent Cleanup for Next Mark 0.984ms
[181.551s][info][gc          ] GC(376) Concurrent Mark Cycle 133.902ms
[181.991s][info][gc,start    ] GC(377) Pause Young (Prepare Mixed) (G1 Evacuation Pause)
[181.991s][info][gc,task     ] GC(377) Using 2 workers of 2 for evacuation
[181.995s][info][gc,phases   ] GC(377)   Pre Evacuate Collection Set: 0.16ms
[181.995s][info][gc,phases   ] GC(377)   Merge Heap Roots: 0.07ms
[181.995s][info][gc,phases   ] GC(377)   Evacuate Collection Set: 3.39ms
[181.995s][info][gc,phases   ] GC(377)   Post Evacuate Collection Set: 0.45ms
[181.995s][info][gc,phases   ] GC(377)   Other: 0.07ms
[181.995s][info][gc,heap     ] GC(377) Eden regions: 206->0(169)
[181.995s][info][gc,heap     ] GC(377) Survivor regions: 2->5(26)
[181.995s][info][gc,heap     ] GC(377) Old regions: 98->98
[181.995s][info][gc,heap     ] GC(377) Humongous regions: 4->1
[181.995s][info][gc,metaspace] GC(377) Metaspace: 41812K(42240K)->41812K(42240K) NonClass: 39001K(39296K)->39001K(39296K) Class: 2811K(2944K)->2811K(2944K)
[181.995s][info][gc          ] GC(377) Pause Young (Prepare Mixed) (G1 Evacuation Pause) 309M->103M(347M) 4.329ms
[181.995s][info][gc,cpu      ] GC(377) User=0.01s Sys=0.00s Real=0.00s
[182.257s][info][gc,start    ] GC(378) Pause Young (Mixed) (G1 Evacuation Pause)
[182.257s][info][gc,task     ] GC(378) Using 2 workers of 2 for evacuation
[182.261s][info][gc,phases   ] GC(378)   Pre Evacuate Collection Set: 0.18ms
[182.261s][info][gc,phases   ] GC(378)   Merge Heap Roots: 0.07ms
[182.261s][info][gc,phases   ] GC(378)   Evacuate Collection Set: 3.32ms
[182.261s][info][gc,phases   ] GC(378)   Post Evacuate Collection Set: 0.38ms
[182.261s][info][gc,phases   ] GC(378)   Other: 0.07ms
[182.261s][info][gc,heap     ] GC(378) Eden regions: 169->0(187)
[182.261s][info][gc,heap     ] GC(378) Survivor regions: 5->4(22)
[182.261s][info][gc,heap     ] GC(378) Old regions: 98->90
[182.261s][info][gc,heap     ] GC(378) Humongous regions: 1->1
[182.261s][info][gc,metaspace] GC(378) Metaspace: 41812K(42240K)->41812K(42240K) NonClass: 39001K(39296K)->39001K(39296K) Class: 2811K(2944K)->2811K(2944K)
[182.261s][info][gc          ] GC(378) Pause Young (Mixed) (G1 Evacuation Pause) 272M->94M(347M) 4.199ms
[182.261s][info][gc,cpu      ] GC(378) User=0.01s Sys=0.00s Real=0.00s
[182.549s][info][gc,start    ] GC(379) Pause Young (Concurrent Start) (G1 Evacuation Pause)
[182.549s][info][gc,task     ] GC(379) Using 2 workers of 2 for evacuation
[182.554s][info][gc,phases   ] GC(379)   Pre Evacuate Collection Set: 0.20ms
[182.554s][info][gc,phases   ] GC(379)   Merge Heap Roots: 0.07ms
[182.554s][info][gc,phases   ] GC(379)   Evacuate Collection Set: 4.11ms
[182.554s][info][gc,phases   ] GC(379)   Post Evacuate Collection Set: 0.45ms
[182.554s][info][gc,phases   ] GC(379)   Other: 0.11ms
[182.554s][info][gc,heap     ] GC(379) Eden regions: 187->0(193)
[182.554s][info][gc,heap     ] GC(379) Survivor regions: 4->6(24)
[182.554s][info][gc,heap     ] GC(379) Old regions: 90->90
[182.554s][info][gc,heap     ] GC(379) Humongous regions: 1->1
[182.554s][info][gc,metaspace] GC(379) Metaspace: 41812K(42240K)->41812K(42240K) NonClass: 39001K(39296K)->39001K(39296K) Class: 2811K(2944K)->2811K(2944K)
[182.554s][info][gc          ] GC(379) Pause Young (Concurrent Start) (G1 Evacuation Pause) 281M->96M(347M) 5.095ms
[182.554s][info][gc,cpu      ] GC(379) User=0.01s Sys=0.00s Real=0.00s
[182.554s][info][gc          ] GC(380) Concurrent Mark Cycle
[182.554s][info][gc,marking  ] GC(380) Concurrent Scan Root Regions
[182.558s][info][gc,marking  ] GC(380) Concurrent Scan Root Regions 4.092ms
[182.558s][info][gc,marking  ] GC(380) Concurrent Mark
[182.558s][info][gc,marking  ] GC(380) Concurrent Mark From Roots
[182.558s][info][gc,task     ] GC(380) Using 1 workers of 1 for marking
[182.630s][info][gc,marking  ] GC(380) Concurrent Mark From Roots 71.759ms
[182.630s][info][gc,marking  ] GC(380) Concurrent Preclean
[182.630s][info][gc,marking  ] GC(380) Concurrent Preclean 0.033ms
[182.630s][info][gc,start    ] GC(380) Pause Remark
[182.645s][info][gc          ] GC(380) Pause Remark 145M->127M(264M) 14.431ms
[182.645s][info][gc,cpu      ] GC(380) User=0.03s Sys=0.00s Real=0.01s
[182.645s][info][gc,marking  ] GC(380) Concurrent Mark 86.494ms
[182.645s][info][gc,marking  ] GC(380) Concurrent Rebuild Remembered Sets and Scrub Regions
[182.680s][info][gc,marking  ] GC(380) Concurrent Rebuild Remembered Sets and Scrub Regions 35.438ms
[182.680s][info][gc,start    ] GC(380) Pause Cleanup
[182.680s][info][gc          ] GC(380) Pause Cleanup 138M->138M(264M) 0.044ms
[182.680s][info][gc,cpu      ] GC(380) User=0.00s Sys=0.00s Real=0.00s
[182.680s][info][gc,marking  ] GC(380) Concurrent Clear Claimed Marks
[182.681s][info][gc,marking  ] GC(380) Concurrent Clear Claimed Marks 0.035ms
[182.681s][info][gc,marking  ] GC(380) Concurrent Cleanup for Next Mark
[182.681s][info][gc,marking  ] GC(380) Concurrent Cleanup for Next Mark 0.772ms
[182.681s][info][gc          ] GC(380) Concurrent Mark Cycle 127.210ms
[183.051s][info][gc,start    ] GC(381) Pause Young (Prepare Mixed) (G1 Evacuation Pause)
[183.051s][info][gc,task     ] GC(381) Using 2 workers of 2 for evacuation
[183.062s][info][gc,phases   ] GC(381)   Pre Evacuate Collection Set: 0.30ms
[183.062s][info][gc,phases   ] GC(381)   Merge Heap Roots: 0.08ms
[183.062s][info][gc,phases   ] GC(381)   Evacuate Collection Set: 9.40ms
[183.062s][info][gc,phases   ] GC(381)   Post Evacuate Collection Set: 0.83ms
[183.062s][info][gc,phases   ] GC(381)   Other: 0.09ms
[183.062s][info][gc,heap     ] GC(381) Eden regions: 117->0(204)
[183.062s][info][gc,heap     ] GC(381) Survivor regions: 6->8(25)
[183.062s][info][gc,heap     ] GC(381) Old regions: 72->72
[183.062s][info][gc,heap     ] GC(381) Humongous regions: 151->3
[183.062s][info][gc,metaspace] GC(381) Metaspace: 41835K(42304K)->41835K(42304K) NonClass: 39024K(39360K)->39024K(39360K) Class: 2811K(2944K)->2811K(2944K)
[183.062s][info][gc          ] GC(381) Pause Young (Prepare Mixed) (G1 Evacuation Pause) 345M->82M(354M) 10.880ms
[183.062s][info][gc,cpu      ] GC(381) User=0.02s Sys=0.01s Real=0.01s
[183.546s][info][gc,start    ] GC(382) Pause Young (Mixed) (G1 Evacuation Pause)
[183.546s][info][gc,task     ] GC(382) Using 2 workers of 2 for evacuation
[183.574s][info][gc,phases   ] GC(382)   Pre Evacuate Collection Set: 0.25ms
[183.574s][info][gc,phases   ] GC(382)   Merge Heap Roots: 0.16ms
[183.574s][info][gc,phases   ] GC(382)   Evacuate Collection Set: 26.62ms
[183.574s][info][gc,phases   ] GC(382)   Post Evacuate Collection Set: 0.98ms
[183.574s][info][gc,phases   ] GC(382)   Other: 0.09ms
[183.574s][info][gc,heap     ] GC(382) Eden regions: 51->0(271)
[183.574s][info][gc,heap     ] GC(382) Survivor regions: 8->11(28)
[183.574s][info][gc,heap     ] GC(382) Old regions: 72->62
[183.574s][info][gc,heap     ] GC(382) Humongous regions: 325->3
[183.574s][info][gc,metaspace] GC(382) Metaspace: 41836K(42304K)->41836K(42304K) NonClass: 39024K(39360K)->39024K(39360K) Class: 2811K(2944K)->2811K(2944K)
[183.574s][info][gc          ] GC(382) Pause Young (Mixed) (G1 Evacuation Pause) 455M->75M(470M) 28.298ms
[183.574s][info][gc,cpu      ] GC(382) User=0.04s Sys=0.01s Real=0.03s
[183.616s][info][gc,start    ] GC(383) Pause Young (Concurrent Start) (G1 Humongous Allocation)
[183.616s][info][gc,task     ] GC(383) Using 2 workers of 2 for evacuation
[183.625s][info][gc,phases   ] GC(383)   Pre Evacuate Collection Set: 0.25ms
[183.625s][info][gc,phases   ] GC(383)   Merge Heap Roots: 0.05ms
[183.625s][info][gc,phases   ] GC(383)   Evacuate Collection Set: 8.37ms
[183.625s][info][gc,phases   ] GC(383)   Post Evacuate Collection Set: 0.41ms
[183.625s][info][gc,phases   ] GC(383)   Other: 0.09ms
[183.625s][info][gc,heap     ] GC(383) Eden regions: 5->0(270)
[183.625s][info][gc,heap     ] GC(383) Survivor regions: 11->12(36)
[183.625s][info][gc,heap     ] GC(383) Old regions: 62->62
[183.625s][info][gc,heap     ] GC(383) Humongous regions: 31->1
[183.625s][info][gc,metaspace] GC(383) Metaspace: 41836K(42304K)->41836K(42304K) NonClass: 39024K(39360K)->39024K(39360K) Class: 2811K(2944K)->2811K(2944K)
[183.626s][info][gc          ] GC(383) Pause Young (Concurrent Start) (G1 Humongous Allocation) 108M->74M(470M) 9.366ms
[183.626s][info][gc,cpu      ] GC(383) User=0.02s Sys=0.00s Real=0.01s
[183.626s][info][gc          ] GC(384) Concurrent Undo Cycle
[183.628s][info][gc,marking  ] GC(384) Concurrent Clear Claimed Marks
[183.628s][info][gc,marking  ] GC(384) Concurrent Clear Claimed Marks 0.054ms
[183.628s][info][gc,marking  ] GC(384) Concurrent Cleanup for Next Mark
[183.628s][info][gc,marking  ] GC(384) Concurrent Cleanup for Next Mark 0.160ms
[183.628s][info][gc          ] GC(384) Concurrent Undo Cycle 2.486ms
[183.629s][info][gc,start    ] GC(385) Pause Young (Concurrent Start) (G1 Humongous Allocation)
[183.629s][info][gc,task     ] GC(385) Using 2 workers of 2 for evacuation
[183.637s][info][gc,phases   ] GC(385)   Pre Evacuate Collection Set: 0.21ms
[183.638s][info][gc,phases   ] GC(385)   Merge Heap Roots: 0.04ms
[183.638s][info][gc,phases   ] GC(385)   Evacuate Collection Set: 8.24ms
[183.638s][info][gc,phases   ] GC(385)   Post Evacuate Collection Set: 0.25ms
[183.638s][info][gc,phases   ] GC(385)   Other: 0.06ms
[183.638s][info][gc,heap     ] GC(385) Eden regions: 1->0(270)
[183.638s][info][gc,heap     ] GC(385) Survivor regions: 12->12(36)
[183.638s][info][gc,heap     ] GC(385) Old regions: 62->62
[183.638s][info][gc,heap     ] GC(385) Humongous regions: 3->1
[183.638s][info][gc,metaspace] GC(385) Metaspace: 41836K(42304K)->41836K(42304K) NonClass: 39024K(39360K)->39024K(39360K) Class: 2811K(2944K)->2811K(2944K)
[183.638s][info][gc          ] GC(385) Pause Young (Concurrent Start) (G1 Humongous Allocation) 76M->74M(470M) 8.941ms
[183.638s][info][gc,cpu      ] GC(385) User=0.02s Sys=0.01s Real=0.01s
[183.638s][info][gc          ] GC(386) Concurrent Mark Cycle
[183.638s][info][gc,marking  ] GC(386) Concurrent Scan Root Regions
[183.646s][info][gc,marking  ] GC(386) Concurrent Scan Root Regions 7.872ms
[183.646s][info][gc,marking  ] GC(386) Concurrent Mark
[183.646s][info][gc,marking  ] GC(386) Concurrent Mark From Roots
[183.646s][info][gc,task     ] GC(386) Using 1 workers of 1 for marking
[183.714s][info][gc,marking  ] GC(386) Concurrent Mark From Roots 68.826ms
[183.714s][info][gc,marking  ] GC(386) Concurrent Preclean
[183.714s][info][gc,marking  ] GC(386) Concurrent Preclean 0.036ms
[183.715s][info][gc,start    ] GC(386) Pause Remark
[183.729s][info][gc          ] GC(386) Pause Remark 121M->120M(380M) 14.460ms
[183.729s][info][gc,cpu      ] GC(386) User=0.03s Sys=0.00s Real=0.02s
[183.729s][info][gc,marking  ] GC(386) Concurrent Mark 83.633ms
[183.729s][info][gc,marking  ] GC(386) Concurrent Rebuild Remembered Sets and Scrub Regions
[183.756s][info][gc,marking  ] GC(386) Concurrent Rebuild Remembered Sets and Scrub Regions 27.105ms
[183.756s][info][gc,start    ] GC(386) Pause Cleanup
[183.757s][info][gc          ] GC(386) Pause Cleanup 129M->129M(380M) 0.052ms
[183.757s][info][gc,cpu      ] GC(386) User=0.00s Sys=0.00s Real=0.00s
[183.757s][info][gc,marking  ] GC(386) Concurrent Clear Claimed Marks
[183.757s][info][gc,marking  ] GC(386) Concurrent Clear Claimed Marks 0.036ms
[183.757s][info][gc,marking  ] GC(386) Concurrent Cleanup for Next Mark
[183.759s][info][gc,marking  ] GC(386) Concurrent Cleanup for Next Mark 2.165ms
[183.759s][info][gc          ] GC(386) Concurrent Mark Cycle 121.169ms
[184.272s][info][gc,start    ] GC(387) Pause Young (Prepare Mixed) (G1 Evacuation Pause)
[184.272s][info][gc,task     ] GC(387) Using 2 workers of 2 for evacuation
[184.296s][info][gc,phases   ] GC(387)   Pre Evacuate Collection Set: 0.24ms
[184.296s][info][gc,phases   ] GC(387)   Merge Heap Roots: 0.07ms
[184.296s][info][gc,phases   ] GC(387)   Evacuate Collection Set: 22.82ms
[184.296s][info][gc,phases   ] GC(387)   Post Evacuate Collection Set: 1.08ms
[184.296s][info][gc,phases   ] GC(387)   Other: 0.07ms
[184.296s][info][gc,heap     ] GC(387) Eden regions: 62->0(285)
[184.296s][info][gc,heap     ] GC(387) Survivor regions: 12->19(35)
[184.296s][info][gc,heap     ] GC(387) Old regions: 61->61
[184.296s][info][gc,heap     ] GC(387) Humongous regions: 353->3
[184.296s][info][gc,metaspace] GC(387) Metaspace: 41838K(42304K)->41838K(42304K) NonClass: 39027K(39360K)->39027K(39360K) Class: 2811K(2944K)->2811K(2944K)
[184.296s][info][gc          ] GC(387) Pause Young (Prepare Mixed) (G1 Evacuation Pause) 486M->82M(507M) 24.509ms
[184.296s][info][gc,cpu      ] GC(387) User=0.03s Sys=0.01s Real=0.02s
[184.985s][info][gc,start    ] GC(388) Pause Young (Mixed) (G1 Evacuation Pause)
[184.985s][info][gc,task     ] GC(388) Using 2 workers of 2 for evacuation
[185.029s][info][gc,phases   ] GC(388)   Pre Evacuate Collection Set: 0.27ms
[185.029s][info][gc,phases   ] GC(388)   Merge Heap Roots: 0.09ms
[185.029s][info][gc,phases   ] GC(388)   Evacuate Collection Set: 41.50ms
[185.029s][info][gc,phases   ] GC(388)   Post Evacuate Collection Set: 1.34ms
[185.029s][info][gc,phases   ] GC(388)   Other: 0.09ms
[185.029s][info][gc,heap     ] GC(388) Eden regions: 84->0(342)
[185.029s][info][gc,heap     ] GC(388) Survivor regions: 19->30(45)
[185.029s][info][gc,heap     ] GC(388) Old regions: 61->57
[185.029s][info][gc,heap     ] GC(388) Humongous regions: 425->3
[185.029s][info][gc,metaspace] GC(388) Metaspace: 41840K(42304K)->41840K(42304K) NonClass: 39029K(39360K)->39029K(39360K) Class: 2811K(2944K)->2811K(2944K)
[185.029s][info][gc          ] GC(388) Pause Young (Mixed) (G1 Evacuation Pause) 588M->89M(621M) 43.505ms
[185.029s][info][gc,cpu      ] GC(388) User=0.06s Sys=0.02s Real=0.05s
[185.517s][info][gc,start    ] GC(389) Pause Young (Concurrent Start) (G1 Humongous Allocation)
[185.517s][info][gc,task     ] GC(389) Using 2 workers of 2 for evacuation
[185.525s][info][gc,phases   ] GC(389)   Pre Evacuate Collection Set: 0.33ms
[185.525s][info][gc,phases   ] GC(389)   Merge Heap Roots: 0.09ms
[185.525s][info][gc,phases   ] GC(389)   Evacuate Collection Set: 7.69ms
[185.525s][info][gc,phases   ] GC(389)   Post Evacuate Collection Set: 0.45ms
[185.525s][info][gc,phases   ] GC(389)   Other: 0.18ms
[185.525s][info][gc,heap     ] GC(389) Eden regions: 137->0(365)
[185.525s][info][gc,heap     ] GC(389) Survivor regions: 30->7(47)
[185.525s][info][gc,heap     ] GC(389) Old regions: 57->60
[185.525s][info][gc,heap     ] GC(389) Humongous regions: 101->1
[185.525s][info][gc,metaspace] GC(389) Metaspace: 41909K(42368K)->41909K(42368K) NonClass: 39098K(39424K)->39098K(39424K) Class: 2811K(2944K)->2811K(2944K)
[185.525s][info][gc          ] GC(389) Pause Young (Concurrent Start) (G1 Humongous Allocation) 323M->67M(621M) 8.916ms
[185.525s][info][gc,cpu      ] GC(389) User=0.02s Sys=0.00s Real=0.01s
[185.525s][info][gc          ] GC(390) Concurrent Undo Cycle
[185.526s][info][gc,marking  ] GC(390) Concurrent Clear Claimed Marks
[185.526s][info][gc,marking  ] GC(390) Concurrent Clear Claimed Marks 0.033ms
[185.526s][info][gc,marking  ] GC(390) Concurrent Cleanup for Next Mark
[185.530s][info][gc,marking  ] GC(390) Concurrent Cleanup for Next Mark 4.345ms
[185.530s][info][gc          ] GC(390) Concurrent Undo Cycle 4.465ms
[186.344s][info][gc,start    ] GC(391) Pause Young (Normal) (G1 Evacuation Pause)
[186.344s][info][gc,task     ] GC(391) Using 2 workers of 2 for evacuation
[186.351s][info][gc,phases   ] GC(391)   Pre Evacuate Collection Set: 0.24ms
[186.351s][info][gc,phases   ] GC(391)   Merge Heap Roots: 0.11ms
[186.351s][info][gc,phases   ] GC(391)   Evacuate Collection Set: 5.85ms
[186.351s][info][gc,phases   ] GC(391)   Post Evacuate Collection Set: 0.74ms
[186.351s][info][gc,phases   ] GC(391)   Other: 0.11ms
[186.351s][info][gc,heap     ] GC(391) Eden regions: 365->0(363)
[186.351s][info][gc,heap     ] GC(391) Survivor regions: 7->9(47)
[186.351s][info][gc,heap     ] GC(391) Old regions: 60->60
[186.351s][info][gc,heap     ] GC(391) Humongous regions: 11->1
[186.351s][info][gc,metaspace] GC(391) Metaspace: 41925K(42368K)->41925K(42368K) NonClass: 39113K(39424K)->39113K(39424K) Class: 2811K(2944K)->2811K(2944K)
[186.351s][info][gc          ] GC(391) Pause Young (Normal) (G1 Evacuation Pause) 442M->69M(621M) 7.253ms
[186.351s][info][gc,cpu      ] GC(391) User=0.02s Sys=0.00s Real=0.01s
[187.113s][info][gc,start    ] GC(392) Pause Young (Normal) (G1 Evacuation Pause)
[187.113s][info][gc,task     ] GC(392) Using 2 workers of 2 for evacuation
[187.121s][info][gc,phases   ] GC(392)   Pre Evacuate Collection Set: 0.24ms
[187.121s][info][gc,phases   ] GC(392)   Merge Heap Roots: 0.10ms
[187.121s][info][gc,phases   ] GC(392)   Evacuate Collection Set: 6.63ms
[187.121s][info][gc,phases   ] GC(392)   Post Evacuate Collection Set: 0.69ms
[187.121s][info][gc,phases   ] GC(392)   Other: 0.08ms
[187.121s][info][gc,heap     ] GC(392) Eden regions: 363->0(361)
[187.121s][info][gc,heap     ] GC(392) Survivor regions: 9->11(47)
[187.121s][info][gc,heap     ] GC(392) Old regions: 60->60
[187.121s][info][gc,heap     ] GC(392) Humongous regions: 1->1
[187.121s][info][gc,metaspace] GC(392) Metaspace: 41933K(42368K)->41933K(42368K) NonClass: 39122K(39424K)->39122K(39424K) Class: 2811K(2944K)->2811K(2944K)
[187.121s][info][gc          ] GC(392) Pause Young (Normal) (G1 Evacuation Pause) 432M->71M(621M) 7.927ms
[187.121s][info][gc,cpu      ] GC(392) User=0.02s Sys=0.00s Real=0.01s
[187.933s][info][gc,start    ] GC(393) Pause Young (Normal) (G1 Evacuation Pause)
[187.933s][info][gc,task     ] GC(393) Using 2 workers of 2 for evacuation
[187.938s][info][gc,phases   ] GC(393)   Pre Evacuate Collection Set: 0.32ms
[187.938s][info][gc,phases   ] GC(393)   Merge Heap Roots: 0.08ms
[187.938s][info][gc,phases   ] GC(393)   Evacuate Collection Set: 4.24ms
[187.938s][info][gc,phases   ] GC(393)   Post Evacuate Collection Set: 0.62ms
[187.938s][info][gc,phases   ] GC(393)   Other: 0.09ms
[187.938s][info][gc,heap     ] GC(393) Eden regions: 361->0(364)
[187.938s][info][gc,heap     ] GC(393) Survivor regions: 11->8(47)
[187.938s][info][gc,heap     ] GC(393) Old regions: 60->60
[187.938s][info][gc,heap     ] GC(393) Humongous regions: 1->1
[187.938s][info][gc,metaspace] GC(393) Metaspace: 41939K(42368K)->41939K(42368K) NonClass: 39127K(39424K)->39127K(39424K) Class: 2811K(2944K)->2811K(2944K)
[187.938s][info][gc          ] GC(393) Pause Young (Normal) (G1 Evacuation Pause) 432M->68M(621M) 5.544ms
[187.938s][info][gc,cpu      ] GC(393) User=0.01s Sys=0.00s Real=0.01s
[189.763s][info][gc,start    ] GC(394) Pause Young (Normal) (G1 Evacuation Pause)
[189.763s][info][gc,task     ] GC(394) Using 2 workers of 2 for evacuation
[189.776s][info][gc,phases   ] GC(394)   Pre Evacuate Collection Set: 0.21ms
[189.776s][info][gc,phases   ] GC(394)   Merge Heap Roots: 0.12ms
[189.776s][info][gc,phases   ] GC(394)   Evacuate Collection Set: 11.62ms
[189.776s][info][gc,phases   ] GC(394)   Post Evacuate Collection Set: 0.82ms
[189.776s][info][gc,phases   ] GC(394)   Other: 0.07ms
[189.776s][info][gc,heap     ] GC(394) Eden regions: 364->0(359)
[189.776s][info][gc,heap     ] GC(394) Survivor regions: 8->13(47)
[189.776s][info][gc,heap     ] GC(394) Old regions: 60->60
[189.776s][info][gc,heap     ] GC(394) Humongous regions: 11->1
[189.776s][info][gc,metaspace] GC(394) Metaspace: 42013K(42432K)->42013K(42432K) NonClass: 39202K(39488K)->39202K(39488K) Class: 2811K(2944K)->2811K(2944K)
[189.776s][info][gc          ] GC(394) Pause Young (Normal) (G1 Evacuation Pause) 442M->73M(621M) 13.003ms
[189.776s][info][gc,cpu      ] GC(394) User=0.02s Sys=0.00s Real=0.01s
[190.664s][info][gc,start    ] GC(395) Pause Young (Normal) (G1 Evacuation Pause)
[190.664s][info][gc,task     ] GC(395) Using 2 workers of 2 for evacuation
[190.726s][info][gc,phases   ] GC(395)   Pre Evacuate Collection Set: 0.31ms
[190.726s][info][gc,phases   ] GC(395)   Merge Heap Roots: 0.14ms
[190.726s][info][gc,phases   ] GC(395)   Evacuate Collection Set: 60.64ms
[190.726s][info][gc,phases   ] GC(395)   Post Evacuate Collection Set: 0.66ms
[190.726s][info][gc,phases   ] GC(395)   Other: 0.08ms
[190.726s][info][gc,heap     ] GC(395) Eden regions: 359->0(325)
[190.726s][info][gc,heap     ] GC(395) Survivor regions: 13->47(47)
[190.726s][info][gc,heap     ] GC(395) Old regions: 60->65
[190.726s][info][gc,heap     ] GC(395) Humongous regions: 6->6
[190.726s][info][gc,metaspace] GC(395) Metaspace: 42016K(42432K)->42016K(42432K) NonClass: 39205K(39488K)->39205K(39488K) Class: 2811K(2944K)->2811K(2944K)
[190.726s][info][gc          ] GC(395) Pause Young (Normal) (G1 Evacuation Pause) 437M->117M(621M) 62.046ms
[190.726s][info][gc,cpu      ] GC(395) User=0.12s Sys=0.00s Real=0.06s
[191.435s][info][gc,start    ] GC(396) Pause Young (Normal) (G1 Evacuation Pause)
[191.435s][info][gc,task     ] GC(396) Using 2 workers of 2 for evacuation
[191.531s][info][gc,phases   ] GC(396)   Pre Evacuate Collection Set: 0.24ms
[191.531s][info][gc,phases   ] GC(396)   Merge Heap Roots: 0.18ms
[191.531s][info][gc,phases   ] GC(396)   Evacuate Collection Set: 94.65ms
[191.531s][info][gc,phases   ] GC(396)   Post Evacuate Collection Set: 0.64ms
[191.531s][info][gc,phases   ] GC(396)   Other: 0.09ms
[191.531s][info][gc,heap     ] GC(396) Eden regions: 325->0(338)
[191.531s][info][gc,heap     ] GC(396) Survivor regions: 47->34(47)
[191.531s][info][gc,heap     ] GC(396) Old regions: 65->112
[191.531s][info][gc,heap     ] GC(396) Humongous regions: 10->10
[191.531s][info][gc,metaspace] GC(396) Metaspace: 42017K(42432K)->42017K(42432K) NonClass: 39206K(39488K)->39206K(39488K) Class: 2811K(2944K)->2811K(2944K)
[191.531s][info][gc          ] GC(396) Pause Young (Normal) (G1 Evacuation Pause) 446M->155M(621M) 95.997ms
[191.531s][info][gc,cpu      ] GC(396) User=0.19s Sys=0.00s Real=0.10s
[191.638s][info][gc,start    ] GC(397) Pause Young (Concurrent Start) (G1 Humongous Allocation)
[191.638s][info][gc,task     ] GC(397) Using 2 workers of 2 for evacuation
[191.686s][info][gc,phases   ] GC(397)   Pre Evacuate Collection Set: 0.26ms
[191.686s][info][gc,phases   ] GC(397)   Merge Heap Roots: 0.11ms
[191.686s][info][gc,phases   ] GC(397)   Evacuate Collection Set: 46.72ms
[191.686s][info][gc,phases   ] GC(397)   Post Evacuate Collection Set: 0.39ms
[191.686s][info][gc,phases   ] GC(397)   Other: 0.08ms
[191.686s][info][gc,heap     ] GC(397) Eden regions: 54->0(362)
[191.686s][info][gc,heap     ] GC(397) Survivor regions: 34->10(47)
[191.686s][info][gc,heap     ] GC(397) Old regions: 112->146
[191.686s][info][gc,heap     ] GC(397) Humongous regions: 10->10
[191.686s][info][gc,metaspace] GC(397) Metaspace: 42018K(42432K)->42018K(42432K) NonClass: 39207K(39488K)->39207K(39488K) Class: 2811K(2944K)->2811K(2944K)
[191.686s][info][gc          ] GC(397) Pause Young (Concurrent Start) (G1 Humongous Allocation) 208M->165M(621M) 47.755ms
[191.686s][info][gc,cpu      ] GC(397) User=0.09s Sys=0.00s Real=0.04s
[191.686s][info][gc          ] GC(398) Concurrent Mark Cycle
[191.686s][info][gc,marking  ] GC(398) Concurrent Scan Root Regions
[191.775s][info][gc,marking  ] GC(398) Concurrent Scan Root Regions 89.229ms
[191.775s][info][gc,marking  ] GC(398) Concurrent Mark
[191.775s][info][gc,marking  ] GC(398) Concurrent Mark From Roots
[191.775s][info][gc,task     ] GC(398) Using 1 workers of 1 for marking
[191.934s][info][gc,marking  ] GC(398) Concurrent Mark From Roots 158.305ms
[191.934s][info][gc,marking  ] GC(398) Concurrent Preclean
[191.934s][info][gc,marking  ] GC(398) Concurrent Preclean 0.224ms
[191.934s][info][gc,start    ] GC(398) Pause Remark
[191.950s][info][gc          ] GC(398) Pause Remark 218M->211M(534M) 15.950ms
[191.950s][info][gc,cpu      ] GC(398) User=0.03s Sys=0.00s Real=0.02s
[191.953s][info][gc,marking  ] GC(398) Concurrent Mark 177.325ms
[191.953s][info][gc,marking  ] GC(398) Concurrent Rebuild Remembered Sets and Scrub Regions
[192.096s][info][gc,marking  ] GC(398) Concurrent Rebuild Remembered Sets and Scrub Regions 143.261ms
[192.096s][info][gc,start    ] GC(398) Pause Cleanup
[192.096s][info][gc          ] GC(398) Pause Cleanup 222M->222M(534M) 0.083ms
[192.096s][info][gc,cpu      ] GC(398) User=0.00s Sys=0.00s Real=0.00s
[192.096s][info][gc,marking  ] GC(398) Concurrent Clear Claimed Marks
[192.096s][info][gc,marking  ] GC(398) Concurrent Clear Claimed Marks 0.040ms
[192.096s][info][gc,marking  ] GC(398) Concurrent Cleanup for Next Mark
[192.106s][info][gc,marking  ] GC(398) Concurrent Cleanup for Next Mark 9.517ms
[192.106s][info][gc          ] GC(398) Concurrent Mark Cycle 419.811ms
[195.828s][info][gc,start    ] GC(399) Pause Young (Prepare Mixed) (G1 Evacuation Pause)
[195.828s][info][gc,task     ] GC(399) Using 2 workers of 2 for evacuation
[195.861s][info][gc,phases   ] GC(399)   Pre Evacuate Collection Set: 0.29ms
[195.861s][info][gc,phases   ] GC(399)   Merge Heap Roots: 0.21ms
[195.861s][info][gc,phases   ] GC(399)   Evacuate Collection Set: 32.42ms
[195.861s][info][gc,phases   ] GC(399)   Post Evacuate Collection Set: 0.61ms
[195.861s][info][gc,phases   ] GC(399)   Other: 0.12ms
[195.861s][info][gc,heap     ] GC(399) Eden regions: 310->0(298)
[195.861s][info][gc,heap     ] GC(399) Survivor regions: 10->18(40)
[195.861s][info][gc,heap     ] GC(399) Old regions: 142->142
[195.861s][info][gc,heap     ] GC(399) Humongous regions: 18->13
[195.861s][info][gc,metaspace] GC(399) Metaspace: 42104K(42496K)->42104K(42496K) NonClass: 39293K(39552K)->39293K(39552K) Class: 2811K(2944K)->2811K(2944K)
[195.861s][info][gc          ] GC(399) Pause Young (Prepare Mixed) (G1 Evacuation Pause) 479M->171M(534M) 33.821ms
[195.861s][info][gc,cpu      ] GC(399) User=0.07s Sys=0.00s Real=0.03s
[197.107s][info][gc,start    ] GC(400) Pause Young (Mixed) (G1 Evacuation Pause)
[197.107s][info][gc,task     ] GC(400) Using 2 workers of 2 for evacuation
[197.144s][info][gc,phases   ] GC(400)   Pre Evacuate Collection Set: 0.23ms
[197.144s][info][gc,phases   ] GC(400)   Merge Heap Roots: 0.25ms
[197.144s][info][gc,phases   ] GC(400)   Evacuate Collection Set: 35.27ms
[197.144s][info][gc,phases   ] GC(400)   Post Evacuate Collection Set: 0.63ms
[197.144s][info][gc,phases   ] GC(400)   Other: 0.09ms
[197.144s][info][gc,heap     ] GC(400) Eden regions: 298->0(292)
[197.144s][info][gc,heap     ] GC(400) Survivor regions: 18->28(40)
[197.144s][info][gc,heap     ] GC(400) Old regions: 142->134
[197.144s][info][gc,heap     ] GC(400) Humongous regions: 13->13
[197.144s][info][gc,metaspace] GC(400) Metaspace: 42104K(42496K)->42104K(42496K) NonClass: 39293K(39552K)->39293K(39552K) Class: 2811K(2944K)->2811K(2944K)
[197.144s][info][gc          ] GC(400) Pause Young (Mixed) (G1 Evacuation Pause) 469M->173M(534M) 36.658ms
[197.144s][info][gc,cpu      ] GC(400) User=0.08s Sys=0.00s Real=0.03s
[198.709s][info][gc,start    ] GC(401) Pause Young (Concurrent Start) (G1 Evacuation Pause)
[198.709s][info][gc,task     ] GC(401) Using 2 workers of 2 for evacuation
[198.741s][info][gc,phases   ] GC(401)   Pre Evacuate Collection Set: 0.25ms
[198.741s][info][gc,phases   ] GC(401)   Merge Heap Roots: 0.18ms
[198.741s][info][gc,phases   ] GC(401)   Evacuate Collection Set: 31.71ms
[198.742s][info][gc,phases   ] GC(401)   Post Evacuate Collection Set: 0.50ms
[198.742s][info][gc,phases   ] GC(401)   Other: 0.11ms
[198.742s][info][gc,heap     ] GC(401) Eden regions: 292->0(309)
[198.742s][info][gc,heap     ] GC(401) Survivor regions: 28->10(40)
[198.742s][info][gc,heap     ] GC(401) Old regions: 134->152
[198.742s][info][gc,heap     ] GC(401) Humongous regions: 13->13
[198.742s][info][gc,metaspace] GC(401) Metaspace: 42112K(42496K)->42112K(42496K) NonClass: 39300K(39552K)->39300K(39552K) Class: 2811K(2944K)->2811K(2944K)
[198.742s][info][gc          ] GC(401) Pause Young (Concurrent Start) (G1 Evacuation Pause) 465M->173M(534M) 32.932ms
[198.742s][info][gc,cpu      ] GC(401) User=0.06s Sys=0.00s Real=0.03s
[198.742s][info][gc          ] GC(402) Concurrent Mark Cycle
[198.742s][info][gc,marking  ] GC(402) Concurrent Scan Root Regions
[198.762s][info][gc,marking  ] GC(402) Concurrent Scan Root Regions 19.985ms
[198.762s][info][gc,marking  ] GC(402) Concurrent Mark
[198.762s][info][gc,marking  ] GC(402) Concurrent Mark From Roots
[198.762s][info][gc,task     ] GC(402) Using 1 workers of 1 for marking
[198.889s][info][gc,marking  ] GC(402) Concurrent Mark From Roots 127.383ms
[198.889s][info][gc,marking  ] GC(402) Concurrent Preclean
[198.889s][info][gc,marking  ] GC(402) Concurrent Preclean 0.049ms
[198.889s][info][gc,start    ] GC(402) Pause Remark
[198.905s][info][gc          ] GC(402) Pause Remark 196M->179M(527M) 16.001ms
[198.905s][info][gc,cpu      ] GC(402) User=0.04s Sys=0.00s Real=0.01s
[198.906s][info][gc,marking  ] GC(402) Concurrent Mark 143.712ms
[198.906s][info][gc,marking  ] GC(402) Concurrent Rebuild Remembered Sets and Scrub Regions
[198.966s][info][gc,marking  ] GC(402) Concurrent Rebuild Remembered Sets and Scrub Regions 60.710ms
[198.968s][info][gc,start    ] GC(402) Pause Cleanup
[198.968s][info][gc          ] GC(402) Pause Cleanup 191M->191M(527M) 0.065ms
[198.968s][info][gc,cpu      ] GC(402) User=0.00s Sys=0.00s Real=0.00s
[198.968s][info][gc,marking  ] GC(402) Concurrent Clear Claimed Marks
[198.968s][info][gc,marking  ] GC(402) Concurrent Clear Claimed Marks 0.041ms
[198.968s][info][gc,marking  ] GC(402) Concurrent Cleanup for Next Mark
[198.970s][info][gc,marking  ] GC(402) Concurrent Cleanup for Next Mark 1.487ms
[198.970s][info][gc          ] GC(402) Concurrent Mark Cycle 227.925ms
[200.581s][info][gc,start    ] GC(403) Pause Young (Prepare Mixed) (G1 Evacuation Pause)
[200.581s][info][gc,task     ] GC(403) Using 2 workers of 2 for evacuation
[200.584s][info][gc,phases   ] GC(403)   Pre Evacuate Collection Set: 0.22ms
[200.584s][info][gc,phases   ] GC(403)   Merge Heap Roots: 0.09ms
[200.584s][info][gc,phases   ] GC(403)   Evacuate Collection Set: 2.30ms
[200.584s][info][gc,phases   ] GC(403)   Post Evacuate Collection Set: 0.48ms
[200.584s][info][gc,phases   ] GC(403)   Other: 0.07ms
[200.584s][info][gc,heap     ] GC(403) Eden regions: 306->0(313)
[200.584s][info][gc,heap     ] GC(403) Survivor regions: 10->3(40)
[200.584s][info][gc,heap     ] GC(403) Old regions: 147->147
[200.584s][info][gc,heap     ] GC(403) Humongous regions: 2->1
[200.584s][info][gc,metaspace] GC(403) Metaspace: 42112K(42496K)->42112K(42496K) NonClass: 39300K(39552K)->39300K(39552K) Class: 2811K(2944K)->2811K(2944K)
[200.584s][info][gc          ] GC(403) Pause Young (Prepare Mixed) (G1 Evacuation Pause) 463M->149M(527M) 3.320ms
[200.584s][info][gc,cpu      ] GC(403) User=0.01s Sys=0.01s Real=0.00s
[201.637s][info][gc,start    ] GC(404) Pause Young (Mixed) (G1 Evacuation Pause)
[201.637s][info][gc,task     ] GC(404) Using 2 workers of 2 for evacuation
[201.664s][info][gc,phases   ] GC(404)   Pre Evacuate Collection Set: 0.22ms
[201.664s][info][gc,phases   ] GC(404)   Merge Heap Roots: 0.14ms
[201.664s][info][gc,phases   ] GC(404)   Evacuate Collection Set: 25.60ms
[201.664s][info][gc,phases   ] GC(404)   Post Evacuate Collection Set: 0.56ms
[201.664s][info][gc,phases   ] GC(404)   Other: 0.07ms
[201.664s][info][gc,heap     ] GC(404) Eden regions: 313->0(290)
[201.664s][info][gc,heap     ] GC(404) Survivor regions: 3->26(40)
[201.664s][info][gc,heap     ] GC(404) Old regions: 147->137
[201.664s][info][gc,heap     ] GC(404) Humongous regions: 4->4
[201.664s][info][gc,metaspace] GC(404) Metaspace: 42112K(42496K)->42112K(42496K) NonClass: 39300K(39552K)->39300K(39552K) Class: 2811K(2944K)->2811K(2944K)
[201.664s][info][gc          ] GC(404) Pause Young (Mixed) (G1 Evacuation Pause) 465M->165M(527M) 26.781ms
[201.664s][info][gc,cpu      ] GC(404) User=0.05s Sys=0.00s Real=0.02s
[201.865s][info][gc,start    ] GC(405) Pause Young (Concurrent Start) (G1 Humongous Allocation)
[201.866s][info][gc,task     ] GC(405) Using 2 workers of 2 for evacuation
[201.895s][info][gc,phases   ] GC(405)   Pre Evacuate Collection Set: 0.25ms
[201.895s][info][gc,phases   ] GC(405)   Merge Heap Roots: 0.07ms
[201.895s][info][gc,phases   ] GC(405)   Evacuate Collection Set: 28.43ms
[201.895s][info][gc,phases   ] GC(405)   Post Evacuate Collection Set: 0.38ms
[201.895s][info][gc,phases   ] GC(405)   Other: 0.10ms
[201.895s][info][gc,heap     ] GC(405) Eden regions: 95->0(287)
[201.895s][info][gc,heap     ] GC(405) Survivor regions: 26->12(40)
[201.895s][info][gc,heap     ] GC(405) Old regions: 137->162
[201.895s][info][gc,heap     ] GC(405) Humongous regions: 4->4
[201.895s][info][gc,metaspace] GC(405) Metaspace: 42112K(42496K)->42112K(42496K) NonClass: 39300K(39552K)->39300K(39552K) Class: 2811K(2944K)->2811K(2944K)
[201.895s][info][gc          ] GC(405) Pause Young (Concurrent Start) (G1 Humongous Allocation) 260M->176M(527M) 29.444ms
[201.895s][info][gc,cpu      ] GC(405) User=0.05s Sys=0.00s Real=0.03s
[201.895s][info][gc          ] GC(406) Concurrent Mark Cycle
[201.895s][info][gc,marking  ] GC(406) Concurrent Scan Root Regions
[201.915s][info][gc,marking  ] GC(406) Concurrent Scan Root Regions 20.463ms
[201.916s][info][gc,marking  ] GC(406) Concurrent Mark
[201.916s][info][gc,marking  ] GC(406) Concurrent Mark From Roots
[201.916s][info][gc,task     ] GC(406) Using 1 workers of 1 for marking
[201.947s][info][gc,marking  ] GC(406) Concurrent Mark From Roots 31.375ms
[201.947s][info][gc,marking  ] GC(406) Concurrent Preclean
[201.947s][info][gc,marking  ] GC(406) Concurrent Preclean 0.032ms
[201.947s][info][gc,start    ] GC(406) Pause Remark
[201.963s][info][gc          ] GC(406) Pause Remark 196M->107M(304M) 16.253ms
[201.963s][info][gc,cpu      ] GC(406) User=0.03s Sys=0.00s Real=0.01s
[201.963s][info][gc,marking  ] GC(406) Concurrent Mark 47.931ms
[201.963s][info][gc,marking  ] GC(406) Concurrent Rebuild Remembered Sets and Scrub Regions
[201.994s][info][gc,marking  ] GC(406) Concurrent Rebuild Remembered Sets and Scrub Regions 31.015ms
[201.995s][info][gc,start    ] GC(406) Pause Cleanup
[201.995s][info][gc          ] GC(406) Pause Cleanup 121M->121M(304M) 0.035ms
[201.995s][info][gc,cpu      ] GC(406) User=0.00s Sys=0.00s Real=0.00s
[201.995s][info][gc,marking  ] GC(406) Concurrent Clear Claimed Marks
[201.995s][info][gc,marking  ] GC(406) Concurrent Clear Claimed Marks 0.034ms
[201.995s][info][gc,marking  ] GC(406) Concurrent Cleanup for Next Mark
[201.996s][info][gc,marking  ] GC(406) Concurrent Cleanup for Next Mark 0.860ms
[201.996s][info][gc          ] GC(406) Concurrent Mark Cycle 100.575ms
[202.292s][info][gc,start    ] GC(407) Pause Young (Prepare Mixed) (G1 Evacuation Pause)
[202.292s][info][gc,task     ] GC(407) Using 2 workers of 2 for evacuation
[202.327s][info][gc,phases   ] GC(407)   Pre Evacuate Collection Set: 0.16ms
[202.327s][info][gc,phases   ] GC(407)   Merge Heap Roots: 0.11ms
[202.327s][info][gc,phases   ] GC(407)   Evacuate Collection Set: 34.48ms
[202.327s][info][gc,phases   ] GC(407)   Post Evacuate Collection Set: 0.49ms
[202.327s][info][gc,phases   ] GC(407)   Other: 0.07ms
[202.327s][info][gc,heap     ] GC(407) Eden regions: 170->0(154)
[202.327s][info][gc,heap     ] GC(407) Survivor regions: 12->23(23)
[202.327s][info][gc,heap     ] GC(407) Old regions: 73->81
[202.327s][info][gc,heap     ] GC(407) Humongous regions: 6->6
[202.327s][info][gc,metaspace] GC(407) Metaspace: 42112K(42496K)->42112K(42496K) NonClass: 39300K(39552K)->39300K(39552K) Class: 2811K(2944K)->2811K(2944K)
[202.327s][info][gc          ] GC(407) Pause Young (Prepare Mixed) (G1 Evacuation Pause) 259M->109M(304M) 35.495ms
[202.327s][info][gc,cpu      ] GC(407) User=0.07s Sys=0.00s Real=0.04s
[202.697s][info][gc,start    ] GC(408) Pause Young (Mixed) (G1 Evacuation Pause)
[202.697s][info][gc,task     ] GC(408) Using 2 workers of 2 for evacuation
[202.750s][info][gc,phases   ] GC(408)   Pre Evacuate Collection Set: 0.15ms
[202.750s][info][gc,phases   ] GC(408)   Merge Heap Roots: 0.21ms
[202.750s][info][gc,phases   ] GC(408)   Evacuate Collection Set: 51.84ms
[202.750s][info][gc,phases   ] GC(408)   Post Evacuate Collection Set: 0.45ms
[202.750s][info][gc,phases   ] GC(408)   Other: 0.07ms
[202.750s][info][gc,heap     ] GC(408) Eden regions: 154->0(145)
[202.750s][info][gc,heap     ] GC(408) Survivor regions: 23->17(23)
[202.750s][info][gc,heap     ] GC(408) Old regions: 81->99
[202.750s][info][gc,heap     ] GC(408) Humongous regions: 10->10
[202.750s][info][gc,metaspace] GC(408) Metaspace: 42112K(42496K)->42112K(42496K) NonClass: 39300K(39552K)->39300K(39552K) Class: 2811K(2944K)->2811K(2944K)
[202.750s][info][gc          ] GC(408) Pause Young (Mixed) (G1 Evacuation Pause) 267M->125M(309M) 52.941ms
[202.750s][info][gc,cpu      ] GC(408) User=0.10s Sys=0.00s Real=0.05s
[203.148s][info][gc,start    ] GC(409) Pause Young (Concurrent Start) (G1 Humongous Allocation)
[203.148s][info][gc,task     ] GC(409) Using 2 workers of 2 for evacuation
[203.194s][info][gc,phases   ] GC(409)   Pre Evacuate Collection Set: 0.17ms
[203.194s][info][gc,phases   ] GC(409)   Merge Heap Roots: 0.10ms
[203.194s][info][gc,phases   ] GC(409)   Evacuate Collection Set: 45.27ms
[203.194s][info][gc,phases   ] GC(409)   Post Evacuate Collection Set: 0.44ms
[203.194s][info][gc,phases   ] GC(409)   Other: 0.11ms
[203.194s][info][gc,heap     ] GC(409) Eden regions: 117->0(117)
[203.194s][info][gc,heap     ] GC(409) Survivor regions: 17->21(21)
[203.194s][info][gc,heap     ] GC(409) Old regions: 99->118
[203.194s][info][gc,heap     ] GC(409) Humongous regions: 10->10
[203.194s][info][gc,metaspace] GC(409) Metaspace: 42112K(42496K)->42112K(42496K) NonClass: 39300K(39552K)->39300K(39552K) Class: 2811K(2944K)->2811K(2944K)
[203.194s][info][gc          ] GC(409) Pause Young (Concurrent Start) (G1 Humongous Allocation) 242M->148M(309M) 46.312ms
[203.194s][info][gc,cpu      ] GC(409) User=0.09s Sys=0.00s Real=0.04s
[203.194s][info][gc          ] GC(410) Concurrent Mark Cycle
[203.194s][info][gc,marking  ] GC(410) Concurrent Scan Root Regions
[203.239s][info][gc,marking  ] GC(410) Concurrent Scan Root Regions 44.478ms
[203.239s][info][gc,marking  ] GC(410) Concurrent Mark
[203.239s][info][gc,marking  ] GC(410) Concurrent Mark From Roots
[203.239s][info][gc,task     ] GC(410) Using 1 workers of 1 for marking
[203.340s][info][gc,marking  ] GC(410) Concurrent Mark From Roots 100.829ms
[203.340s][info][gc,marking  ] GC(410) Concurrent Preclean
[203.340s][info][gc,marking  ] GC(410) Concurrent Preclean 0.043ms
[203.340s][info][gc,start    ] GC(410) Pause Remark
[203.355s][info][gc          ] GC(410) Pause Remark 160M->157M(309M) 15.026ms
[203.355s][info][gc,cpu      ] GC(410) User=0.03s Sys=0.00s Real=0.01s
[203.356s][info][gc,marking  ] GC(410) Concurrent Mark 116.842ms
[203.356s][info][gc,marking  ] GC(410) Concurrent Rebuild Remembered Sets and Scrub Regions
[203.418s][info][gc,marking  ] GC(410) Concurrent Rebuild Remembered Sets and Scrub Regions 62.457ms
[203.418s][info][gc,start    ] GC(410) Pause Cleanup
[203.419s][info][gc          ] GC(410) Pause Cleanup 165M->165M(309M) 0.081ms
[203.419s][info][gc,cpu      ] GC(410) User=0.00s Sys=0.00s Real=0.00s
[203.421s][info][gc,marking  ] GC(410) Concurrent Clear Claimed Marks
[203.421s][info][gc,marking  ] GC(410) Concurrent Clear Claimed Marks 0.055ms
[203.421s][info][gc,marking  ] GC(410) Concurrent Cleanup for Next Mark
[203.422s][info][gc,marking  ] GC(410) Concurrent Cleanup for Next Mark 0.997ms
[203.422s][info][gc          ] GC(410) Concurrent Mark Cycle 227.444ms
[204.261s][info][gc,start    ] GC(411) Pause Young (Prepare Mixed) (G1 Evacuation Pause)
[204.261s][info][gc,task     ] GC(411) Using 2 workers of 2 for evacuation
[204.292s][info][gc,phases   ] GC(411)   Pre Evacuate Collection Set: 0.16ms
[204.292s][info][gc,phases   ] GC(411)   Merge Heap Roots: 0.18ms
[204.292s][info][gc,phases   ] GC(411)   Evacuate Collection Set: 30.20ms
[204.292s][info][gc,phases   ] GC(411)   Post Evacuate Collection Set: 0.43ms
[204.292s][info][gc,phases   ] GC(411)   Other: 0.07ms
[204.292s][info][gc,heap     ] GC(411) Eden regions: 117->0(114)
[204.292s][info][gc,heap     ] GC(411) Survivor regions: 21->10(18)
[204.292s][info][gc,heap     ] GC(411) Old regions: 118->131
[204.292s][info][gc,heap     ] GC(411) Humongous regions: 15->13
[204.292s][info][gc,metaspace] GC(411) Metaspace: 42112K(42496K)->42112K(42496K) NonClass: 39300K(39552K)->39300K(39552K) Class: 2811K(2944K)->2811K(2944K)
[204.292s][info][gc          ] GC(411) Pause Young (Prepare Mixed) (G1 Evacuation Pause) 270M->153M(309M) 31.229ms
[204.292s][info][gc,cpu      ] GC(411) User=0.06s Sys=0.00s Real=0.03s
[204.704s][info][gc,start    ] GC(412) Pause Young (Mixed) (G1 Evacuation Pause)
[204.704s][info][gc,task     ] GC(412) Using 2 workers of 2 for evacuation
[204.725s][info][gc,phases   ] GC(412)   Pre Evacuate Collection Set: 0.17ms
[204.725s][info][gc,phases   ] GC(412)   Merge Heap Roots: 0.11ms
[204.725s][info][gc,phases   ] GC(412)   Evacuate Collection Set: 19.55ms
[204.725s][info][gc,phases   ] GC(412)   Post Evacuate Collection Set: 0.47ms
[204.725s][info][gc,phases   ] GC(412)   Other: 0.07ms
[204.725s][info][gc,heap     ] GC(412) Eden regions: 114->0(117)
[204.725s][info][gc,heap     ] GC(412) Survivor regions: 10->9(16)
[204.725s][info][gc,heap     ] GC(412) Old regions: 131->130
[204.725s][info][gc,heap     ] GC(412) Humongous regions: 13->13
[204.725s][info][gc,metaspace] GC(412) Metaspace: 42112K(42496K)->42112K(42496K) NonClass: 39300K(39552K)->39300K(39552K) Class: 2811K(2944K)->2811K(2944K)
[204.725s][info][gc          ] GC(412) Pause Young (Mixed) (G1 Evacuation Pause) 267M->151M(309M) 20.572ms
[204.725s][info][gc,cpu      ] GC(412) User=0.04s Sys=0.00s Real=0.02s
[205.255s][info][gc,start    ] GC(413) Pause Young (Concurrent Start) (G1 Evacuation Pause)
[205.255s][info][gc,task     ] GC(413) Using 2 workers of 2 for evacuation
[205.271s][info][gc,phases   ] GC(413)   Pre Evacuate Collection Set: 0.20ms
[205.271s][info][gc,phases   ] GC(413)   Merge Heap Roots: 0.06ms
[205.271s][info][gc,phases   ] GC(413)   Evacuate Collection Set: 14.71ms
[205.271s][info][gc,phases   ] GC(413)   Post Evacuate Collection Set: 0.45ms
[205.271s][info][gc,phases   ] GC(413)   Other: 0.09ms
[205.271s][info][gc,heap     ] GC(413) Eden regions: 117->0(111)
[205.271s][info][gc,heap     ] GC(413) Survivor regions: 9->10(16)
[205.271s][info][gc,heap     ] GC(413) Old regions: 130->139
[205.271s][info][gc,heap     ] GC(413) Humongous regions: 13->13
[205.271s][info][gc,metaspace] GC(413) Metaspace: 42112K(42496K)->42112K(42496K) NonClass: 39300K(39552K)->39300K(39552K) Class: 2811K(2944K)->2811K(2944K)
[205.271s][info][gc          ] GC(413) Pause Young (Concurrent Start) (G1 Evacuation Pause) 268M->161M(309M) 15.685ms
[205.271s][info][gc,cpu      ] GC(413) User=0.03s Sys=0.00s Real=0.02s
[205.271s][info][gc          ] GC(414) Concurrent Mark Cycle
[205.271s][info][gc,marking  ] GC(414) Concurrent Scan Root Regions
[205.283s][info][gc,marking  ] GC(414) Concurrent Scan Root Regions 12.241ms
[205.283s][info][gc,marking  ] GC(414) Concurrent Mark
[205.283s][info][gc,marking  ] GC(414) Concurrent Mark From Roots
[205.283s][info][gc,task     ] GC(414) Using 1 workers of 1 for marking
[205.318s][info][gc,marking  ] GC(414) Concurrent Mark From Roots 34.242ms
[205.318s][info][gc,marking  ] GC(414) Concurrent Preclean
[205.318s][info][gc,marking  ] GC(414) Concurrent Preclean 0.042ms
[205.318s][info][gc,start    ] GC(414) Pause Remark
[205.332s][info][gc          ] GC(414) Pause Remark 170M->75M(256M) 14.356ms
[205.332s][info][gc,cpu      ] GC(414) User=0.03s Sys=0.00s Real=0.01s
[205.332s][info][gc,marking  ] GC(414) Concurrent Mark 48.967ms
[205.332s][info][gc,marking  ] GC(414) Concurrent Rebuild Remembered Sets and Scrub Regions
[205.351s][info][gc,marking  ] GC(414) Concurrent Rebuild Remembered Sets and Scrub Regions 18.175ms
[205.351s][info][gc,start    ] GC(414) Pause Cleanup
[205.351s][info][gc          ] GC(414) Pause Cleanup 79M->79M(256M) 0.049ms
[205.351s][info][gc,cpu      ] GC(414) User=0.00s Sys=0.00s Real=0.00s
[205.351s][info][gc,marking  ] GC(414) Concurrent Clear Claimed Marks
[205.351s][info][gc,marking  ] GC(414) Concurrent Clear Claimed Marks 0.034ms
[205.351s][info][gc,marking  ] GC(414) Concurrent Cleanup for Next Mark
[205.352s][info][gc,marking  ] GC(414) Concurrent Cleanup for Next Mark 0.713ms
[205.352s][info][gc          ] GC(414) Concurrent Mark Cycle 80.469ms
[205.904s][info][gc,start    ] GC(415) Pause Young (Prepare Mixed) (G1 Evacuation Pause)
[205.904s][info][gc,task     ] GC(415) Using 2 workers of 2 for evacuation
[205.920s][info][gc,phases   ] GC(415)   Pre Evacuate Collection Set: 0.21ms
[205.920s][info][gc,phases   ] GC(415)   Merge Heap Roots: 0.10ms
[205.920s][info][gc,phases   ] GC(415)   Evacuate Collection Set: 15.23ms
[205.920s][info][gc,phases   ] GC(415)   Post Evacuate Collection Set: 0.40ms
[205.920s][info][gc,phases   ] GC(415)   Other: 0.07ms
[205.920s][info][gc,heap     ] GC(415) Eden regions: 111->0(136)
[205.920s][info][gc,heap     ] GC(415) Survivor regions: 10->13(16)
[205.920s][info][gc,heap     ] GC(415) Old regions: 56->63
[205.920s][info][gc,heap     ] GC(415) Humongous regions: 1->1
[205.920s][info][gc,metaspace] GC(415) Metaspace: 42112K(42496K)->42112K(42496K) NonClass: 39300K(39552K)->39300K(39552K) Class: 2811K(2944K)->2811K(2944K)
[205.920s][info][gc          ] GC(415) Pause Young (Prepare Mixed) (G1 Evacuation Pause) 177M->75M(256M) 16.183ms
[205.920s][info][gc,cpu      ] GC(415) User=0.04s Sys=0.00s Real=0.02s
[206.630s][info][gc,start    ] GC(416) Pause Young (Mixed) (G1 Evacuation Pause)
[206.630s][info][gc,task     ] GC(416) Using 2 workers of 2 for evacuation
[206.655s][info][gc,phases   ] GC(416)   Pre Evacuate Collection Set: 0.15ms
[206.655s][info][gc,phases   ] GC(416)   Merge Heap Roots: 0.11ms
[206.655s][info][gc,phases   ] GC(416)   Evacuate Collection Set: 24.76ms
[206.655s][info][gc,phases   ] GC(416)   Post Evacuate Collection Set: 0.44ms
[206.655s][info][gc,phases   ] GC(416)   Other: 0.09ms
[206.655s][info][gc,heap     ] GC(416) Eden regions: 136->0(132)
[206.655s][info][gc,heap     ] GC(416) Survivor regions: 13->15(19)
[206.655s][info][gc,heap     ] GC(416) Old regions: 63->66
[206.655s][info][gc,heap     ] GC(416) Humongous regions: 1->1
[206.655s][info][gc,metaspace] GC(416) Metaspace: 42112K(42496K)->42112K(42496K) NonClass: 39300K(39552K)->39300K(39552K) Class: 2811K(2944K)->2811K(2944K)
[206.655s][info][gc          ] GC(416) Pause Young (Mixed) (G1 Evacuation Pause) 211M->80M(256M) 25.759ms
[206.655s][info][gc,cpu      ] GC(416) User=0.05s Sys=0.00s Real=0.02s
[207.353s][info][gc,start    ] GC(417) Pause Young (Concurrent Start) (G1 Evacuation Pause)
[207.353s][info][gc,task     ] GC(417) Using 2 workers of 2 for evacuation
[207.376s][info][gc,phases   ] GC(417)   Pre Evacuate Collection Set: 0.16ms
[207.376s][info][gc,phases   ] GC(417)   Merge Heap Roots: 0.06ms
[207.376s][info][gc,phases   ] GC(417)   Evacuate Collection Set: 22.04ms
[207.376s][info][gc,phases   ] GC(417)   Post Evacuate Collection Set: 0.42ms
[207.376s][info][gc,phases   ] GC(417)   Other: 0.09ms
[207.376s][info][gc,heap     ] GC(417) Eden regions: 132->0(126)
[207.376s][info][gc,heap     ] GC(417) Survivor regions: 15->12(19)
[207.376s][info][gc,heap     ] GC(417) Old regions: 66->80
[207.376s][info][gc,heap     ] GC(417) Humongous regions: 1->1
[207.376s][info][gc,metaspace] GC(417) Metaspace: 42112K(42496K)->42112K(42496K) NonClass: 39300K(39552K)->39300K(39552K) Class: 2811K(2944K)->2811K(2944K)
[207.376s][info][gc          ] GC(417) Pause Young (Concurrent Start) (G1 Evacuation Pause) 212M->91M(256M) 22.955ms
[207.376s][info][gc,cpu      ] GC(417) User=0.04s Sys=0.00s Real=0.02s
[207.376s][info][gc          ] GC(418) Concurrent Mark Cycle
[207.376s][info][gc,marking  ] GC(418) Concurrent Scan Root Regions
[207.392s][info][gc,marking  ] GC(418) Concurrent Scan Root Regions 15.697ms
[207.392s][info][gc,marking  ] GC(418) Concurrent Mark
[207.392s][info][gc,marking  ] GC(418) Concurrent Mark From Roots
[207.392s][info][gc,task     ] GC(418) Using 1 workers of 1 for marking
[207.434s][info][gc,marking  ] GC(418) Concurrent Mark From Roots 42.171ms
[207.434s][info][gc,marking  ] GC(418) Concurrent Preclean
[207.434s][info][gc,marking  ] GC(418) Concurrent Preclean 0.031ms
[207.434s][info][gc,start    ] GC(418) Pause Remark
[207.449s][info][gc          ] GC(418) Pause Remark 100M->96M(256M) 14.301ms
[207.449s][info][gc,cpu      ] GC(418) User=0.02s Sys=0.00s Real=0.02s
[207.449s][info][gc,marking  ] GC(418) Concurrent Mark 56.774ms
[207.449s][info][gc,marking  ] GC(418) Concurrent Rebuild Remembered Sets and Scrub Regions
[207.477s][info][gc,marking  ] GC(418) Concurrent Rebuild Remembered Sets and Scrub Regions 27.881ms
[207.477s][info][gc,start    ] GC(418) Pause Cleanup
[207.477s][info][gc          ] GC(418) Pause Cleanup 101M->101M(256M) 0.043ms
[207.477s][info][gc,cpu      ] GC(418) User=0.00s Sys=0.00s Real=0.00s
[207.477s][info][gc,marking  ] GC(418) Concurrent Clear Claimed Marks
[207.477s][info][gc,marking  ] GC(418) Concurrent Clear Claimed Marks 0.033ms
[207.477s][info][gc,marking  ] GC(418) Concurrent Cleanup for Next Mark
[207.478s][info][gc,marking  ] GC(418) Concurrent Cleanup for Next Mark 0.716ms
[207.478s][info][gc          ] GC(418) Concurrent Mark Cycle 101.404ms
[208.064s][info][gc,start    ] GC(419) Pause Young (Prepare Mixed) (G1 Evacuation Pause)
[208.064s][info][gc,task     ] GC(419) Using 2 workers of 2 for evacuation
[208.077s][info][gc,phases   ] GC(419)   Pre Evacuate Collection Set: 0.17ms
[208.077s][info][gc,phases   ] GC(419)   Merge Heap Roots: 0.06ms
[208.077s][info][gc,phases   ] GC(419)   Evacuate Collection Set: 12.90ms
[208.077s][info][gc,phases   ] GC(419)   Post Evacuate Collection Set: 0.37ms
[208.077s][info][gc,phases   ] GC(419)   Other: 0.09ms
[208.077s][info][gc,heap     ] GC(419) Eden regions: 126->0(126)
[208.077s][info][gc,heap     ] GC(419) Survivor regions: 12->13(18)
[208.077s][info][gc,heap     ] GC(419) Old regions: 76->78
[208.077s][info][gc,heap     ] GC(419) Humongous regions: 2->2
[208.077s][info][gc,metaspace] GC(419) Metaspace: 42113K(42496K)->42113K(42496K) NonClass: 39301K(39552K)->39301K(39552K) Class: 2811K(2944K)->2811K(2944K)
[208.077s][info][gc          ] GC(419) Pause Young (Prepare Mixed) (G1 Evacuation Pause) 214M->92M(256M) 13.752ms
[208.077s][info][gc,cpu      ] GC(419) User=0.02s Sys=0.00s Real=0.02s
[208.728s][info][gc,start    ] GC(420) Pause Young (Mixed) (G1 Evacuation Pause)
[208.728s][info][gc,task     ] GC(420) Using 2 workers of 2 for evacuation
[208.750s][info][gc,phases   ] GC(420)   Pre Evacuate Collection Set: 0.26ms
[208.750s][info][gc,phases   ] GC(420)   Merge Heap Roots: 0.26ms
[208.750s][info][gc,phases   ] GC(420)   Evacuate Collection Set: 20.81ms
[208.750s][info][gc,phases   ] GC(420)   Post Evacuate Collection Set: 0.50ms
[208.750s][info][gc,phases   ] GC(420)   Other: 0.07ms
[208.750s][info][gc,heap     ] GC(420) Eden regions: 126->0(141)
[208.750s][info][gc,heap     ] GC(420) Survivor regions: 13->12(18)
[208.750s][info][gc,heap     ] GC(420) Old regions: 78->60
[208.750s][info][gc,heap     ] GC(420) Humongous regions: 2->2
[208.750s][info][gc,metaspace] GC(420) Metaspace: 42113K(42496K)->42113K(42496K) NonClass: 39301K(39552K)->39301K(39552K) Class: 2811K(2944K)->2811K(2944K)
[208.750s][info][gc          ] GC(420) Pause Young (Mixed) (G1 Evacuation Pause) 218M->72M(256M) 22.073ms
[208.750s][info][gc,cpu      ] GC(420) User=0.04s Sys=0.01s Real=0.02s
[209.047s][info][gc,start    ] GC(421) Pause Young (Concurrent Start) (G1 Humongous Allocation)
[209.047s][info][gc,task     ] GC(421) Using 2 workers of 2 for evacuation
[209.064s][info][gc,phases   ] GC(421)   Pre Evacuate Collection Set: 0.19ms
[209.064s][info][gc,phases   ] GC(421)   Merge Heap Roots: 0.06ms
[209.064s][info][gc,phases   ] GC(421)   Evacuate Collection Set: 15.89ms
[209.064s][info][gc,phases   ] GC(421)   Post Evacuate Collection Set: 0.36ms
[209.064s][info][gc,phases   ] GC(421)   Other: 0.09ms
[209.064s][info][gc,heap     ] GC(421) Eden regions: 66->0(134)
[209.064s][info][gc,heap     ] GC(421) Survivor regions: 12->10(20)
[209.064s][info][gc,heap     ] GC(421) Old regions: 60->71
[209.064s][info][gc,heap     ] GC(421) Humongous regions: 2->2
[209.064s][info][gc,metaspace] GC(421) Metaspace: 42117K(42496K)->42117K(42496K) NonClass: 39306K(39552K)->39306K(39552K) Class: 2811K(2944K)->2811K(2944K)
[209.064s][info][gc          ] GC(421) Pause Young (Concurrent Start) (G1 Humongous Allocation) 138M->82M(256M) 16.775ms
[209.064s][info][gc          ] GC(422) Concurrent Mark Cycle
[209.064s][info][gc,marking  ] GC(422) Concurrent Scan Root Regions
[209.065s][info][gc,cpu      ] GC(421) User=0.03s Sys=0.00s Real=0.01s
[209.085s][info][gc,marking  ] GC(422) Concurrent Scan Root Regions 21.077ms
[209.085s][info][gc,marking  ] GC(422) Concurrent Mark
[209.085s][info][gc,marking  ] GC(422) Concurrent Mark From Roots
[209.085s][info][gc,task     ] GC(422) Using 1 workers of 1 for marking
[209.122s][info][gc,marking  ] GC(422) Concurrent Mark From Roots 37.361ms
[209.122s][info][gc,marking  ] GC(422) Concurrent Preclean
[209.122s][info][gc,marking  ] GC(422) Concurrent Preclean 0.031ms
[209.123s][info][gc,start    ] GC(422) Pause Remark
[209.137s][info][gc          ] GC(422) Pause Remark 92M->82M(256M) 14.222ms
[209.137s][info][gc,cpu      ] GC(422) User=0.03s Sys=0.00s Real=0.02s
[209.137s][info][gc,marking  ] GC(422) Concurrent Mark 51.873ms
[209.137s][info][gc,marking  ] GC(422) Concurrent Rebuild Remembered Sets and Scrub Regions
[209.167s][info][gc,marking  ] GC(422) Concurrent Rebuild Remembered Sets and Scrub Regions 30.163ms
[209.167s][info][gc,start    ] GC(422) Pause Cleanup
[209.167s][info][gc          ] GC(422) Pause Cleanup 89M->89M(256M) 0.042ms
[209.167s][info][gc,cpu      ] GC(422) User=0.00s Sys=0.00s Real=0.00s
[209.167s][info][gc,marking  ] GC(422) Concurrent Clear Claimed Marks
[209.167s][info][gc,marking  ] GC(422) Concurrent Clear Claimed Marks 0.034ms
[209.167s][info][gc,marking  ] GC(422) Concurrent Cleanup for Next Mark
[209.169s][info][gc,marking  ] GC(422) Concurrent Cleanup for Next Mark 1.611ms
[209.169s][info][gc          ] GC(422) Concurrent Mark Cycle 105.013ms
[209.634s][info][gc,start    ] GC(423) Pause Young (Prepare Mixed) (G1 Evacuation Pause)
[209.634s][info][gc,task     ] GC(423) Using 2 workers of 2 for evacuation
[209.641s][info][gc,phases   ] GC(423)   Pre Evacuate Collection Set: 0.18ms
[209.641s][info][gc,phases   ] GC(423)   Merge Heap Roots: 0.08ms
[209.641s][info][gc,phases   ] GC(423)   Evacuate Collection Set: 6.57ms
[209.641s][info][gc,phases   ] GC(423)   Post Evacuate Collection Set: 0.43ms
[209.641s][info][gc,phases   ] GC(423)   Other: 0.10ms
[209.641s][info][gc,heap     ] GC(423) Eden regions: 134->0(144)
[209.641s][info][gc,heap     ] GC(423) Survivor regions: 10->9(18)
[209.641s][info][gc,heap     ] GC(423) Old regions: 62->62
[209.641s][info][gc,heap     ] GC(423) Humongous regions: 13->3
[209.641s][info][gc,metaspace] GC(423) Metaspace: 42125K(42496K)->42125K(42496K) NonClass: 39314K(39552K)->39314K(39552K) Class: 2811K(2944K)->2811K(2944K)
[209.641s][info][gc          ] GC(423) Pause Young (Prepare Mixed) (G1 Evacuation Pause) 218M->73M(256M) 7.548ms
[209.641s][info][gc,cpu      ] GC(423) User=0.01s Sys=0.00s Real=0.01s
[210.221s][info][gc,start    ] GC(424) Pause Young (Mixed) (G1 Evacuation Pause)
[210.221s][info][gc,task     ] GC(424) Using 2 workers of 2 for evacuation
[210.239s][info][gc,phases   ] GC(424)   Pre Evacuate Collection Set: 0.22ms
[210.239s][info][gc,phases   ] GC(424)   Merge Heap Roots: 0.19ms
[210.239s][info][gc,phases   ] GC(424)   Evacuate Collection Set: 17.53ms
[210.239s][info][gc,phases   ] GC(424)   Post Evacuate Collection Set: 0.44ms
[210.239s][info][gc,phases   ] GC(424)   Other: 0.08ms
[210.239s][info][gc,heap     ] GC(424) Eden regions: 144->0(136)
[210.239s][info][gc,heap     ] GC(424) Survivor regions: 9->17(20)
[210.239s][info][gc,heap     ] GC(424) Old regions: 62->48
[210.239s][info][gc,heap     ] GC(424) Humongous regions: 12->3
[210.239s][info][gc,metaspace] GC(424) Metaspace: 42126K(42496K)->42126K(42496K) NonClass: 39315K(39552K)->39315K(39552K) Class: 2811K(2944K)->2811K(2944K)
[210.239s][info][gc          ] GC(424) Pause Young (Mixed) (G1 Evacuation Pause) 226M->67M(256M) 18.604ms
[210.239s][info][gc,cpu      ] GC(424) User=0.03s Sys=0.00s Real=0.02s
[210.312s][info][gc,start    ] GC(425) Pause Young (Concurrent Start) (G1 Humongous Allocation)
[210.312s][info][gc,task     ] GC(425) Using 2 workers of 2 for evacuation
[210.335s][info][gc,phases   ] GC(425)   Pre Evacuate Collection Set: 0.23ms
[210.336s][info][gc,phases   ] GC(425)   Merge Heap Roots: 0.05ms
[210.336s][info][gc,phases   ] GC(425)   Evacuate Collection Set: 23.03ms
[210.336s][info][gc,phases   ] GC(425)   Post Evacuate Collection Set: 0.43ms
[210.336s][info][gc,phases   ] GC(425)   Other: 0.12ms
[210.336s][info][gc,heap     ] GC(425) Eden regions: 19->0(141)
[210.336s][info][gc,heap     ] GC(425) Survivor regions: 17->12(20)
[210.336s][info][gc,heap     ] GC(425) Old regions: 48->55
[210.336s][info][gc,heap     ] GC(425) Humongous regions: 3->3
[210.336s][info][gc,metaspace] GC(425) Metaspace: 42126K(42496K)->42126K(42496K) NonClass: 39315K(39552K)->39315K(39552K) Class: 2811K(2944K)->2811K(2944K)
[210.336s][info][gc          ] GC(425) Pause Young (Concurrent Start) (G1 Humongous Allocation) 86M->69M(256M) 24.052ms
[210.336s][info][gc          ] GC(426) Concurrent Mark Cycle
[210.336s][info][gc,marking  ] GC(426) Concurrent Scan Root Regions
[210.338s][info][gc,cpu      ] GC(425) User=0.03s Sys=0.00s Real=0.03s
[210.354s][info][gc,marking  ] GC(426) Concurrent Scan Root Regions 18.803ms
[210.354s][info][gc,marking  ] GC(426) Concurrent Mark
[210.355s][info][gc,marking  ] GC(426) Concurrent Mark From Roots
[210.355s][info][gc,task     ] GC(426) Using 1 workers of 1 for marking
[210.401s][info][gc,marking  ] GC(426) Concurrent Mark From Roots 46.564ms
[210.401s][info][gc,marking  ] GC(426) Concurrent Preclean
[210.401s][info][gc,marking  ] GC(426) Concurrent Preclean 0.037ms
[210.401s][info][gc,start    ] GC(426) Pause Remark
[210.415s][info][gc          ] GC(426) Pause Remark 81M->80M(256M) 14.135ms
[210.415s][info][gc,cpu      ] GC(426) User=0.03s Sys=0.00s Real=0.01s
[210.418s][info][gc,marking  ] GC(426) Concurrent Mark 63.165ms
[210.418s][info][gc,marking  ] GC(426) Concurrent Rebuild Remembered Sets and Scrub Regions
[210.437s][info][gc,marking  ] GC(426) Concurrent Rebuild Remembered Sets and Scrub Regions 18.889ms
[210.437s][info][gc,start    ] GC(426) Pause Cleanup
[210.437s][info][gc          ] GC(426) Pause Cleanup 86M->86M(256M) 0.074ms
[210.437s][info][gc,cpu      ] GC(426) User=0.00s Sys=0.00s Real=0.01s
[210.437s][info][gc,marking  ] GC(426) Concurrent Clear Claimed Marks
[210.437s][info][gc,marking  ] GC(426) Concurrent Clear Claimed Marks 0.037ms
[210.437s][info][gc,marking  ] GC(426) Concurrent Cleanup for Next Mark
[210.438s][info][gc,marking  ] GC(426) Concurrent Cleanup for Next Mark 0.846ms
[210.438s][info][gc          ] GC(426) Concurrent Mark Cycle 102.464ms
[210.927s][info][gc,start    ] GC(427) Pause Young (Prepare Mixed) (G1 Evacuation Pause)
[210.927s][info][gc,task     ] GC(427) Using 2 workers of 2 for evacuation
[210.938s][info][gc,phases   ] GC(427)   Pre Evacuate Collection Set: 0.16ms
[210.938s][info][gc,phases   ] GC(427)   Merge Heap Roots: 0.06ms
[210.938s][info][gc,phases   ] GC(427)   Evacuate Collection Set: 10.48ms
[210.938s][info][gc,phases   ] GC(427)   Post Evacuate Collection Set: 0.41ms
[210.938s][info][gc,phases   ] GC(427)   Other: 0.09ms
[210.938s][info][gc,heap     ] GC(427) Eden regions: 141->0(142)
[210.939s][info][gc,heap     ] GC(427) Survivor regions: 12->11(20)
[210.939s][info][gc,heap     ] GC(427) Old regions: 54->55
[210.939s][info][gc,heap     ] GC(427) Humongous regions: 10->3
[210.939s][info][gc,metaspace] GC(427) Metaspace: 42126K(42496K)->42126K(42496K) NonClass: 39315K(39552K)->39315K(39552K) Class: 2811K(2944K)->2811K(2944K)
[210.939s][info][gc          ] GC(427) Pause Young (Prepare Mixed) (G1 Evacuation Pause) 216M->68M(256M) 11.359ms
[210.939s][info][gc,cpu      ] GC(427) User=0.02s Sys=0.00s Real=0.01s
[211.439s][info][gc,start    ] GC(428) Pause Young (Mixed) (G1 Evacuation Pause)
[211.439s][info][gc,task     ] GC(428) Using 2 workers of 2 for evacuation
[211.460s][info][gc,phases   ] GC(428)   Pre Evacuate Collection Set: 0.15ms
[211.460s][info][gc,phases   ] GC(428)   Merge Heap Roots: 0.06ms
[211.460s][info][gc,phases   ] GC(428)   Evacuate Collection Set: 20.83ms
[211.460s][info][gc,phases   ] GC(428)   Post Evacuate Collection Set: 0.43ms
[211.460s][info][gc,phases   ] GC(428)   Other: 0.07ms
[211.460s][info][gc,heap     ] GC(428) Eden regions: 142->0(133)
[211.460s][info][gc,heap     ] GC(428) Survivor regions: 11->20(20)
[211.460s][info][gc,heap     ] GC(428) Old regions: 55->47
[211.460s][info][gc,heap     ] GC(428) Humongous regions: 7->3
[211.460s][info][gc,metaspace] GC(428) Metaspace: 42127K(42496K)->42127K(42496K) NonClass: 39316K(39552K)->39316K(39552K) Class: 2811K(2944K)->2811K(2944K)
[211.461s][info][gc          ] GC(428) Pause Young (Mixed) (G1 Evacuation Pause) 214M->69M(256M) 21.730ms
[211.461s][info][gc,cpu      ] GC(428) User=0.05s Sys=0.00s Real=0.02s
[211.719s][info][gc,start    ] GC(429) Pause Young (Concurrent Start) (G1 Humongous Allocation)
[211.719s][info][gc,task     ] GC(429) Using 2 workers of 2 for evacuation
[211.738s][info][gc,phases   ] GC(429)   Pre Evacuate Collection Set: 0.17ms
[211.739s][info][gc,phases   ] GC(429)   Merge Heap Roots: 0.12ms
[211.739s][info][gc,phases   ] GC(429)   Evacuate Collection Set: 18.94ms
[211.739s][info][gc,phases   ] GC(429)   Post Evacuate Collection Set: 0.36ms
[211.739s][info][gc,phases   ] GC(429)   Other: 0.09ms
[211.739s][info][gc,heap     ] GC(429) Eden regions: 64->0(145)
[211.739s][info][gc,heap     ] GC(429) Survivor regions: 20->8(20)
[211.739s][info][gc,heap     ] GC(429) Old regions: 47->58
[211.739s][info][gc,heap     ] GC(429) Humongous regions: 3->1
[211.739s][info][gc,metaspace] GC(429) Metaspace: 42129K(42496K)->42129K(42496K) NonClass: 39317K(39552K)->39317K(39552K) Class: 2811K(2944K)->2811K(2944K)
[211.739s][info][gc          ] GC(429) Pause Young (Concurrent Start) (G1 Humongous Allocation) 133M->66M(256M) 19.825ms
[211.739s][info][gc          ] GC(430) Concurrent Mark Cycle
[211.739s][info][gc,marking  ] GC(430) Concurrent Scan Root Regions
[211.739s][info][gc,cpu      ] GC(429) User=0.04s Sys=0.00s Real=0.02s
[211.752s][info][gc,marking  ] GC(430) Concurrent Scan Root Regions 13.520ms
[211.752s][info][gc,marking  ] GC(430) Concurrent Mark
[211.752s][info][gc,marking  ] GC(430) Concurrent Mark From Roots
[211.752s][info][gc,task     ] GC(430) Using 1 workers of 1 for marking
[211.797s][info][gc,marking  ] GC(430) Concurrent Mark From Roots 44.977ms
[211.797s][info][gc,marking  ] GC(430) Concurrent Preclean
[211.797s][info][gc,marking  ] GC(430) Concurrent Preclean 0.032ms
[211.797s][info][gc,start    ] GC(430) Pause Remark
[211.812s][info][gc          ] GC(430) Pause Remark 84M->84M(256M) 14.528ms
[211.812s][info][gc,cpu      ] GC(430) User=0.02s Sys=0.00s Real=0.01s
[211.812s][info][gc,marking  ] GC(430) Concurrent Mark 59.807ms
[211.812s][info][gc,marking  ] GC(430) Concurrent Rebuild Remembered Sets and Scrub Regions
[211.839s][info][gc,marking  ] GC(430) Concurrent Rebuild Remembered Sets and Scrub Regions 26.825ms
[211.839s][info][gc,start    ] GC(430) Pause Cleanup
[211.839s][info][gc          ] GC(430) Pause Cleanup 89M->89M(256M) 0.037ms
[211.839s][info][gc,cpu      ] GC(430) User=0.00s Sys=0.00s Real=0.00s
[211.839s][info][gc,marking  ] GC(430) Concurrent Clear Claimed Marks
[211.839s][info][gc,marking  ] GC(430) Concurrent Clear Claimed Marks 0.033ms
[211.839s][info][gc,marking  ] GC(430) Concurrent Cleanup for Next Mark
[211.840s][info][gc,marking  ] GC(430) Concurrent Cleanup for Next Mark 0.750ms
[211.840s][info][gc          ] GC(430) Concurrent Mark Cycle 101.143ms
[212.345s][info][gc,start    ] GC(431) Pause Young (Prepare Mixed) (G1 Evacuation Pause)
[212.345s][info][gc,task     ] GC(431) Using 2 workers of 2 for evacuation
[212.360s][info][gc,phases   ] GC(431)   Pre Evacuate Collection Set: 0.15ms
[212.360s][info][gc,phases   ] GC(431)   Merge Heap Roots: 0.11ms
[212.360s][info][gc,phases   ] GC(431)   Evacuate Collection Set: 14.79ms
[212.360s][info][gc,phases   ] GC(431)   Post Evacuate Collection Set: 0.42ms
[212.360s][info][gc,phases   ] GC(431)   Other: 0.11ms
[212.360s][info][gc,heap     ] GC(431) Eden regions: 145->0(136)
[212.360s][info][gc,heap     ] GC(431) Survivor regions: 8->17(20)
[212.360s][info][gc,heap     ] GC(431) Old regions: 58->58
[212.360s][info][gc,heap     ] GC(431) Humongous regions: 15->3
[212.360s][info][gc,metaspace] GC(431) Metaspace: 42138K(42560K)->42138K(42560K) NonClass: 39327K(39616K)->39327K(39616K) Class: 2811K(2944K)->2811K(2944K)
[212.360s][info][gc          ] GC(431) Pause Young (Prepare Mixed) (G1 Evacuation Pause) 225M->77M(256M) 15.769ms
[212.360s][info][gc,cpu      ] GC(431) User=0.03s Sys=0.00s Real=0.02s
[212.940s][info][gc,start    ] GC(432) Pause Young (Mixed) (G1 Evacuation Pause)
[212.940s][info][gc,task     ] GC(432) Using 2 workers of 2 for evacuation
[212.958s][info][gc,phases   ] GC(432)   Pre Evacuate Collection Set: 0.17ms
[212.958s][info][gc,phases   ] GC(432)   Merge Heap Roots: 0.12ms
[212.958s][info][gc,phases   ] GC(432)   Evacuate Collection Set: 17.86ms
[212.958s][info][gc,phases   ] GC(432)   Post Evacuate Collection Set: 0.45ms
[212.958s][info][gc,phases   ] GC(432)   Other: 0.09ms
[212.958s][info][gc,heap     ] GC(432) Eden regions: 136->0(143)
[212.958s][info][gc,heap     ] GC(432) Survivor regions: 17->10(20)
[212.958s][info][gc,heap     ] GC(432) Old regions: 58->63
[212.958s][info][gc,heap     ] GC(432) Humongous regions: 13->3
[212.958s][info][gc,metaspace] GC(432) Metaspace: 42138K(42560K)->42138K(42560K) NonClass: 39327K(39616K)->39327K(39616K) Class: 2811K(2944K)->2811K(2944K)
[212.958s][info][gc          ] GC(432) Pause Young (Mixed) (G1 Evacuation Pause) 223M->74M(256M) 18.861ms
[212.958s][info][gc,cpu      ] GC(432) User=0.04s Sys=0.00s Real=0.02s
[212.998s][info][gc,start    ] GC(433) Pause Young (Concurrent Start) (G1 Humongous Allocation)
[212.998s][info][gc,task     ] GC(433) Using 2 workers of 2 for evacuation
[213.007s][info][gc,phases   ] GC(433)   Pre Evacuate Collection Set: 0.19ms
[213.007s][info][gc,phases   ] GC(433)   Merge Heap Roots: 0.03ms
[213.007s][info][gc,phases   ] GC(433)   Evacuate Collection Set: 7.81ms
[213.007s][info][gc,phases   ] GC(433)   Post Evacuate Collection Set: 0.39ms
[213.007s][info][gc,phases   ] GC(433)   Other: 0.09ms
[213.007s][info][gc,heap     ] GC(433) Eden regions: 11->0(151)
[213.007s][info][gc,heap     ] GC(433) Survivor regions: 10->2(20)
[213.007s][info][gc,heap     ] GC(433) Old regions: 63->63
[213.007s][info][gc,heap     ] GC(433) Humongous regions: 3->1
[213.007s][info][gc,metaspace] GC(433) Metaspace: 42138K(42560K)->42138K(42560K) NonClass: 39327K(39616K)->39327K(39616K) Class: 2811K(2944K)->2811K(2944K)
[213.007s][info][gc          ] GC(433) Pause Young (Concurrent Start) (G1 Humongous Allocation) 85M->64M(256M) 8.683ms
[213.007s][info][gc,cpu      ] GC(433) User=0.00s Sys=0.00s Real=0.01s
[213.009s][info][gc          ] GC(434) Concurrent Mark Cycle
[213.009s][info][gc,marking  ] GC(434) Concurrent Scan Root Regions
[213.024s][info][gc,marking  ] GC(434) Concurrent Scan Root Regions 15.321ms
[213.024s][info][gc,marking  ] GC(434) Concurrent Mark
[213.024s][info][gc,marking  ] GC(434) Concurrent Mark From Roots
[213.024s][info][gc,task     ] GC(434) Using 1 workers of 1 for marking
[213.087s][info][gc,marking  ] GC(434) Concurrent Mark From Roots 63.158ms
[213.087s][info][gc,marking  ] GC(434) Concurrent Preclean
[213.087s][info][gc,marking  ] GC(434) Concurrent Preclean 0.033ms
[213.087s][info][gc,start    ] GC(434) Pause Remark
[213.103s][info][gc          ] GC(434) Pause Remark 84M->74M(256M) 15.345ms
[213.103s][info][gc,cpu      ] GC(434) User=0.03s Sys=0.00s Real=0.01s
[213.103s][info][gc,marking  ] GC(434) Concurrent Mark 78.728ms
[213.103s][info][gc,marking  ] GC(434) Concurrent Rebuild Remembered Sets and Scrub Regions
[213.123s][info][gc,marking  ] GC(434) Concurrent Rebuild Remembered Sets and Scrub Regions 20.498ms
[213.124s][info][gc,start    ] GC(434) Pause Cleanup
[213.124s][info][gc          ] GC(434) Pause Cleanup 80M->80M(256M) 0.043ms
[213.124s][info][gc,cpu      ] GC(434) User=0.00s Sys=0.00s Real=0.00s
[213.124s][info][gc,marking  ] GC(434) Concurrent Clear Claimed Marks
[213.124s][info][gc,marking  ] GC(434) Concurrent Clear Claimed Marks 0.033ms
[213.124s][info][gc,marking  ] GC(434) Concurrent Cleanup for Next Mark
[213.124s][info][gc,marking  ] GC(434) Concurrent Cleanup for Next Mark 0.747ms
[213.124s][info][gc          ] GC(434) Concurrent Mark Cycle 115.684ms
[213.597s][info][gc,start    ] GC(435) Pause Young (Prepare Mixed) (G1 Evacuation Pause)
[213.598s][info][gc,task     ] GC(435) Using 2 workers of 2 for evacuation
[213.605s][info][gc,phases   ] GC(435)   Pre Evacuate Collection Set: 0.16ms
[213.605s][info][gc,phases   ] GC(435)   Merge Heap Roots: 0.07ms
[213.605s][info][gc,phases   ] GC(435)   Evacuate Collection Set: 6.92ms
[213.605s][info][gc,phases   ] GC(435)   Post Evacuate Collection Set: 0.42ms
[213.605s][info][gc,phases   ] GC(435)   Other: 0.06ms
[213.605s][info][gc,heap     ] GC(435) Eden regions: 151->0(143)
[213.605s][info][gc,heap     ] GC(435) Survivor regions: 2->10(20)
[213.605s][info][gc,heap     ] GC(435) Old regions: 53->53
[213.605s][info][gc,heap     ] GC(435) Humongous regions: 15->3
[213.605s][info][gc,metaspace] GC(435) Metaspace: 42139K(42560K)->42139K(42560K) NonClass: 39328K(39616K)->39328K(39616K) Class: 2811K(2944K)->2811K(2944K)
[213.605s][info][gc          ] GC(435) Pause Young (Prepare Mixed) (G1 Evacuation Pause) 220M->65M(256M) 7.802ms
[213.605s][info][gc,cpu      ] GC(435) User=0.02s Sys=0.00s Real=0.00s
[214.091s][info][gc,start    ] GC(436) Pause Young (Mixed) (G1 Evacuation Pause)
[214.091s][info][gc,task     ] GC(436) Using 2 workers of 2 for evacuation
[214.117s][info][gc,phases   ] GC(436)   Pre Evacuate Collection Set: 0.16ms
[214.117s][info][gc,phases   ] GC(436)   Merge Heap Roots: 0.07ms
[214.117s][info][gc,phases   ] GC(436)   Evacuate Collection Set: 24.54ms
[214.117s][info][gc,phases   ] GC(436)   Post Evacuate Collection Set: 0.50ms
[214.117s][info][gc,phases   ] GC(436)   Other: 0.08ms
[214.117s][info][gc,heap     ] GC(436) Eden regions: 143->0(133)
[214.117s][info][gc,heap     ] GC(436) Survivor regions: 10->20(20)
[214.117s][info][gc,heap     ] GC(436) Old regions: 53->52
[214.117s][info][gc,heap     ] GC(436) Humongous regions: 3->3
[214.117s][info][gc,metaspace] GC(436) Metaspace: 42139K(42560K)->42139K(42560K) NonClass: 39328K(39616K)->39328K(39616K) Class: 2811K(2944K)->2811K(2944K)
[214.117s][info][gc          ] GC(436) Pause Young (Mixed) (G1 Evacuation Pause) 208M->74M(256M) 25.558ms
[214.117s][info][gc,cpu      ] GC(436) User=0.05s Sys=0.00s Real=0.03s
[214.699s][info][gc,start    ] GC(437) Pause Young (Concurrent Start) (G1 Evacuation Pause)
[214.699s][info][gc,task     ] GC(437) Using 2 workers of 2 for evacuation
[214.728s][info][gc,phases   ] GC(437)   Pre Evacuate Collection Set: 0.17ms
[214.728s][info][gc,phases   ] GC(437)   Merge Heap Roots: 0.15ms
[214.728s][info][gc,phases   ] GC(437)   Evacuate Collection Set: 27.60ms
[214.728s][info][gc,phases   ] GC(437)   Post Evacuate Collection Set: 0.41ms
[214.728s][info][gc,phases   ] GC(437)   Other: 0.11ms
[214.728s][info][gc,heap     ] GC(437) Eden regions: 133->0(134)
[214.728s][info][gc,heap     ] GC(437) Survivor regions: 20->13(20)
[214.728s][info][gc,heap     ] GC(437) Old regions: 52->64
[214.728s][info][gc,heap     ] GC(437) Humongous regions: 3->3
[214.728s][info][gc,metaspace] GC(437) Metaspace: 42140K(42560K)->42140K(42560K) NonClass: 39328K(39616K)->39328K(39616K) Class: 2811K(2944K)->2811K(2944K)
[214.728s][info][gc          ] GC(437) Pause Young (Concurrent Start) (G1 Evacuation Pause) 207M->79M(256M) 28.637ms
[214.728s][info][gc,cpu      ] GC(437) User=0.05s Sys=0.00s Real=0.03s
[214.728s][info][gc          ] GC(438) Concurrent Mark Cycle
[214.728s][info][gc,marking  ] GC(438) Concurrent Scan Root Regions
[214.747s][info][gc,marking  ] GC(438) Concurrent Scan Root Regions 19.699ms
[214.747s][info][gc,marking  ] GC(438) Concurrent Mark
[214.747s][info][gc,marking  ] GC(438) Concurrent Mark From Roots
[214.747s][info][gc,task     ] GC(438) Using 1 workers of 1 for marking
[214.806s][info][gc,marking  ] GC(438) Concurrent Mark From Roots 58.897ms
[214.806s][info][gc,marking  ] GC(438) Concurrent Preclean
[214.806s][info][gc,marking  ] GC(438) Concurrent Preclean 0.033ms
[214.807s][info][gc,start    ] GC(438) Pause Remark
[214.821s][info][gc          ] GC(438) Pause Remark 96M->95M(256M) 14.812ms
[214.821s][info][gc,cpu      ] GC(438) User=0.03s Sys=0.00s Real=0.02s
[214.822s][info][gc,marking  ] GC(438) Concurrent Mark 74.812ms
[214.822s][info][gc,marking  ] GC(438) Concurrent Rebuild Remembered Sets and Scrub Regions
[214.854s][info][gc,marking  ] GC(438) Concurrent Rebuild Remembered Sets and Scrub Regions 31.516ms
[214.854s][info][gc,start    ] GC(438) Pause Cleanup
[214.854s][info][gc          ] GC(438) Pause Cleanup 104M->104M(256M) 0.044ms
[214.854s][info][gc,cpu      ] GC(438) User=0.00s Sys=0.00s Real=0.00s
[214.854s][info][gc,marking  ] GC(438) Concurrent Clear Claimed Marks
[214.854s][info][gc,marking  ] GC(438) Concurrent Clear Claimed Marks 0.038ms
[214.854s][info][gc,marking  ] GC(438) Concurrent Cleanup for Next Mark
[214.855s][info][gc,marking  ] GC(438) Concurrent Cleanup for Next Mark 1.119ms
[214.855s][info][gc          ] GC(438) Concurrent Mark Cycle 127.664ms
[215.215s][info][gc,start    ] GC(439) Pause Young (Prepare Mixed) (G1 Evacuation Pause)
[215.216s][info][gc,task     ] GC(439) Using 2 workers of 2 for evacuation
[215.242s][info][gc,phases   ] GC(439)   Pre Evacuate Collection Set: 0.16ms
[215.242s][info][gc,phases   ] GC(439)   Merge Heap Roots: 0.15ms
[215.242s][info][gc,phases   ] GC(439)   Evacuate Collection Set: 25.33ms
[215.242s][info][gc,phases   ] GC(439)   Post Evacuate Collection Set: 0.44ms
[215.242s][info][gc,phases   ] GC(439)   Other: 0.08ms
[215.242s][info][gc,heap     ] GC(439) Eden regions: 134->0(122)
[215.242s][info][gc,heap     ] GC(439) Survivor regions: 13->15(19)
[215.242s][info][gc,heap     ] GC(439) Old regions: 63->77
[215.242s][info][gc,heap     ] GC(439) Humongous regions: 7->3
[215.242s][info][gc,metaspace] GC(439) Metaspace: 42140K(42560K)->42140K(42560K) NonClass: 39329K(39616K)->39329K(39616K) Class: 2811K(2944K)->2811K(2944K)
[215.242s][info][gc          ] GC(439) Pause Young (Prepare Mixed) (G1 Evacuation Pause) 216M->93M(256M) 26.345ms
[215.242s][info][gc,cpu      ] GC(439) User=0.05s Sys=0.01s Real=0.03s
[215.668s][info][gc,start    ] GC(440) Pause Young (Mixed) (G1 Evacuation Pause)
[215.668s][info][gc,task     ] GC(440) Using 2 workers of 2 for evacuation
[215.685s][info][gc,phases   ] GC(440)   Pre Evacuate Collection Set: 0.19ms
[215.685s][info][gc,phases   ] GC(440)   Merge Heap Roots: 0.09ms
[215.685s][info][gc,phases   ] GC(440)   Evacuate Collection Set: 16.21ms
[215.685s][info][gc,phases   ] GC(440)   Post Evacuate Collection Set: 0.38ms
[215.685s][info][gc,phases   ] GC(440)   Other: 0.07ms
[215.685s][info][gc,heap     ] GC(440) Eden regions: 122->0(130)
[215.685s][info][gc,heap     ] GC(440) Survivor regions: 15->7(18)
[215.685s][info][gc,heap     ] GC(440) Old regions: 77->77
[215.685s][info][gc,heap     ] GC(440) Humongous regions: 11->3
[215.685s][info][gc,metaspace] GC(440) Metaspace: 42141K(42560K)->42141K(42560K) NonClass: 39329K(39616K)->39329K(39616K) Class: 2811K(2944K)->2811K(2944K)
[215.685s][info][gc          ] GC(440) Pause Young (Mixed) (G1 Evacuation Pause) 223M->85M(256M) 17.131ms
[215.685s][info][gc,cpu      ] GC(440) User=0.03s Sys=0.00s Real=0.01s
[215.807s][info][gc,start    ] GC(441) Pause Young (Concurrent Start) (G1 Humongous Allocation)
[215.807s][info][gc,task     ] GC(441) Using 2 workers of 2 for evacuation
[215.809s][info][gc,phases   ] GC(441)   Pre Evacuate Collection Set: 0.19ms
[215.809s][info][gc,phases   ] GC(441)   Merge Heap Roots: 0.06ms
[215.809s][info][gc,phases   ] GC(441)   Evacuate Collection Set: 1.61ms
[215.809s][info][gc,phases   ] GC(441)   Post Evacuate Collection Set: 0.28ms
[215.809s][info][gc,phases   ] GC(441)   Other: 0.08ms
[215.809s][info][gc,heap     ] GC(441) Eden regions: 29->0(142)
[215.809s][info][gc,heap     ] GC(441) Survivor regions: 7->1(18)
[215.809s][info][gc,heap     ] GC(441) Old regions: 77->77
[215.809s][info][gc,heap     ] GC(441) Humongous regions: 3->1
[215.809s][info][gc,metaspace] GC(441) Metaspace: 42141K(42560K)->42141K(42560K) NonClass: 39329K(39616K)->39329K(39616K) Class: 2811K(2944K)->2811K(2944K)
[215.809s][info][gc          ] GC(441) Pause Young (Concurrent Start) (G1 Humongous Allocation) 114M->78M(256M) 2.375ms
[215.809s][info][gc,cpu      ] GC(441) User=0.00s Sys=0.00s Real=0.00s
[215.809s][info][gc          ] GC(442) Concurrent Mark Cycle
[215.809s][info][gc,marking  ] GC(442) Concurrent Scan Root Regions
[215.813s][info][gc,marking  ] GC(442) Concurrent Scan Root Regions 3.822ms
[215.813s][info][gc,marking  ] GC(442) Concurrent Mark
[215.813s][info][gc,marking  ] GC(442) Concurrent Mark From Roots
[215.813s][info][gc,task     ] GC(442) Using 1 workers of 1 for marking
[215.871s][info][gc,marking  ] GC(442) Concurrent Mark From Roots 58.059ms
[215.871s][info][gc,marking  ] GC(442) Concurrent Preclean
[215.871s][info][gc,marking  ] GC(442) Concurrent Preclean 0.032ms
[215.871s][info][gc,start    ] GC(442) Pause Remark
[215.886s][info][gc          ] GC(442) Pause Remark 99M->90M(256M) 14.889ms
[215.886s][info][gc,cpu      ] GC(442) User=0.03s Sys=0.00s Real=0.01s
[215.886s][info][gc,marking  ] GC(442) Concurrent Mark 73.236ms
[215.886s][info][gc,marking  ] GC(442) Concurrent Rebuild Remembered Sets and Scrub Regions
[215.908s][info][gc,marking  ] GC(442) Concurrent Rebuild Remembered Sets and Scrub Regions 21.199ms
[215.908s][info][gc,start    ] GC(442) Pause Cleanup
[215.908s][info][gc          ] GC(442) Pause Cleanup 93M->93M(256M) 0.059ms
[215.908s][info][gc,cpu      ] GC(442) User=0.00s Sys=0.00s Real=0.00s
[215.908s][info][gc,marking  ] GC(442) Concurrent Clear Claimed Marks
[215.908s][info][gc,marking  ] GC(442) Concurrent Clear Claimed Marks 0.034ms
[215.908s][info][gc,marking  ] GC(442) Concurrent Cleanup for Next Mark
[215.909s][info][gc,marking  ] GC(442) Concurrent Cleanup for Next Mark 0.717ms
[215.909s][info][gc          ] GC(442) Concurrent Mark Cycle 99.354ms
[216.337s][info][gc,start    ] GC(443) Pause Young (Prepare Mixed) (G1 Evacuation Pause)
[216.337s][info][gc,task     ] GC(443) Using 2 workers of 2 for evacuation
[216.351s][info][gc,phases   ] GC(443)   Pre Evacuate Collection Set: 0.17ms
[216.351s][info][gc,phases   ] GC(443)   Merge Heap Roots: 0.06ms
[216.351s][info][gc,phases   ] GC(443)   Evacuate Collection Set: 13.09ms
[216.351s][info][gc,phases   ] GC(443)   Post Evacuate Collection Set: 0.64ms
[216.351s][info][gc,phases   ] GC(443)   Other: 0.07ms
[216.351s][info][gc,heap     ] GC(443) Eden regions: 142->0(157)
[216.351s][info][gc,heap     ] GC(443) Survivor regions: 1->14(18)
[216.351s][info][gc,heap     ] GC(443) Old regions: 67->67
[216.351s][info][gc,heap     ] GC(443) Humongous regions: 5->3
[216.351s][info][gc,metaspace] GC(443) Metaspace: 42141K(42560K)->42141K(42560K) NonClass: 39329K(39616K)->39329K(39616K) Class: 2811K(2944K)->2811K(2944K)
[216.351s][info][gc          ] GC(443) Pause Young (Prepare Mixed) (G1 Evacuation Pause) 214M->83M(285M) 14.182ms
[216.351s][info][gc,cpu      ] GC(443) User=0.02s Sys=0.00s Real=0.01s
[216.913s][info][gc,start    ] GC(444) Pause Young (Mixed) (G1 Evacuation Pause)
[216.913s][info][gc,task     ] GC(444) Using 2 workers of 2 for evacuation
[216.921s][info][gc,phases   ] GC(444)   Pre Evacuate Collection Set: 0.17ms
[216.921s][info][gc,phases   ] GC(444)   Merge Heap Roots: 0.10ms
[216.921s][info][gc,phases   ] GC(444)   Evacuate Collection Set: 7.46ms
[216.921s][info][gc,phases   ] GC(444)   Post Evacuate Collection Set: 0.40ms
[216.921s][info][gc,phases   ] GC(444)   Other: 0.08ms
[216.921s][info][gc,heap     ] GC(444) Eden regions: 157->0(167)
[216.921s][info][gc,heap     ] GC(444) Survivor regions: 14->4(22)
[216.921s][info][gc,heap     ] GC(444) Old regions: 67->50
[216.921s][info][gc,heap     ] GC(444) Humongous regions: 11->3
[216.921s][info][gc,metaspace] GC(444) Metaspace: 42141K(42560K)->42141K(42560K) NonClass: 39329K(39616K)->39329K(39616K) Class: 2811K(2944K)->2811K(2944K)
[216.921s][info][gc          ] GC(444) Pause Young (Mixed) (G1 Evacuation Pause) 248M->56M(285M) 8.377ms
[216.921s][info][gc,cpu      ] GC(444) User=0.02s Sys=0.00s Real=0.01s
[217.088s][info][gc,start    ] GC(445) Pause Young (Concurrent Start) (G1 Humongous Allocation)
[217.088s][info][gc,task     ] GC(445) Using 2 workers of 2 for evacuation
[217.090s][info][gc,phases   ] GC(445)   Pre Evacuate Collection Set: 0.20ms
[217.090s][info][gc,phases   ] GC(445)   Merge Heap Roots: 0.07ms
[217.090s][info][gc,phases   ] GC(445)   Evacuate Collection Set: 1.97ms
[217.090s][info][gc,phases   ] GC(445)   Post Evacuate Collection Set: 0.29ms
[217.090s][info][gc,phases   ] GC(445)   Other: 0.08ms
[217.090s][info][gc,heap     ] GC(445) Eden regions: 52->0(169)
[217.090s][info][gc,heap     ] GC(445) Survivor regions: 4->2(22)
[217.090s][info][gc,heap     ] GC(445) Old regions: 50->50
[217.090s][info][gc,heap     ] GC(445) Humongous regions: 3->1
[217.090s][info][gc,metaspace] GC(445) Metaspace: 42141K(42560K)->42141K(42560K) NonClass: 39329K(39616K)->39329K(39616K) Class: 2811K(2944K)->2811K(2944K)
[217.090s][info][gc          ] GC(445) Pause Young (Concurrent Start) (G1 Humongous Allocation) 108M->52M(285M) 2.786ms
[217.090s][info][gc,cpu      ] GC(445) User=0.01s Sys=0.00s Real=0.00s
[217.091s][info][gc          ] GC(446) Concurrent Mark Cycle
[217.091s][info][gc,marking  ] GC(446) Concurrent Scan Root Regions
[217.092s][info][gc,marking  ] GC(446) Concurrent Scan Root Regions 1.685ms
[217.092s][info][gc,marking  ] GC(446) Concurrent Mark
[217.092s][info][gc,marking  ] GC(446) Concurrent Mark From Roots
[217.092s][info][gc,task     ] GC(446) Using 1 workers of 1 for marking
[217.156s][info][gc,marking  ] GC(446) Concurrent Mark From Roots 63.512ms
[217.156s][info][gc,marking  ] GC(446) Concurrent Preclean
[217.156s][info][gc,marking  ] GC(446) Concurrent Preclean 0.031ms
[217.156s][info][gc,start    ] GC(446) Pause Remark
[217.170s][info][gc          ] GC(446) Pause Remark 78M->78M(256M) 14.486ms
[217.170s][info][gc,cpu      ] GC(446) User=0.03s Sys=0.00s Real=0.02s
[217.171s][info][gc,marking  ] GC(446) Concurrent Mark 78.271ms
[217.171s][info][gc,marking  ] GC(446) Concurrent Rebuild Remembered Sets and Scrub Regions
[217.195s][info][gc,marking  ] GC(446) Concurrent Rebuild Remembered Sets and Scrub Regions 24.126ms
[217.195s][info][gc,start    ] GC(446) Pause Cleanup
[217.195s][info][gc          ] GC(446) Pause Cleanup 84M->84M(256M) 0.038ms
[217.195s][info][gc,cpu      ] GC(446) User=0.00s Sys=0.00s Real=0.00s
[217.195s][info][gc,marking  ] GC(446) Concurrent Clear Claimed Marks
[217.195s][info][gc,marking  ] GC(446) Concurrent Clear Claimed Marks 0.033ms
[217.195s][info][gc,marking  ] GC(446) Concurrent Cleanup for Next Mark
[217.196s][info][gc,marking  ] GC(446) Concurrent Cleanup for Next Mark 0.854ms
[217.196s][info][gc          ] GC(446) Concurrent Mark Cycle 105.258ms
[217.648s][info][gc,start    ] GC(447) Pause Young (Prepare Mixed) (G1 Evacuation Pause)
[217.648s][info][gc,task     ] GC(447) Using 2 workers of 2 for evacuation
[217.658s][info][gc,phases   ] GC(447)   Pre Evacuate Collection Set: 0.15ms
[217.658s][info][gc,phases   ] GC(447)   Merge Heap Roots: 0.07ms
[217.658s][info][gc,phases   ] GC(447)   Evacuate Collection Set: 9.11ms
[217.658s][info][gc,phases   ] GC(447)   Post Evacuate Collection Set: 0.41ms
[217.658s][info][gc,phases   ] GC(447)   Other: 0.07ms
[217.658s][info][gc,heap     ] GC(447) Eden regions: 151->0(142)
[217.658s][info][gc,heap     ] GC(447) Survivor regions: 2->11(20)
[217.658s][info][gc,heap     ] GC(447) Old regions: 50->50
[217.658s][info][gc,heap     ] GC(447) Humongous regions: 5->3
[217.658s][info][gc,metaspace] GC(447) Metaspace: 42141K(42560K)->42141K(42560K) NonClass: 39329K(39616K)->39329K(39616K) Class: 2811K(2944K)->2811K(2944K)
[217.658s][info][gc          ] GC(447) Pause Young (Prepare Mixed) (G1 Evacuation Pause) 207M->63M(256M) 9.974ms
[217.658s][info][gc,cpu      ] GC(447) User=0.02s Sys=0.00s Real=0.01s
[218.187s][info][gc,start    ] GC(448) Pause Young (Mixed) (G1 Evacuation Pause)
[218.187s][info][gc,task     ] GC(448) Using 2 workers of 2 for evacuation
[218.204s][info][gc,phases   ] GC(448)   Pre Evacuate Collection Set: 0.14ms
[218.204s][info][gc,phases   ] GC(448)   Merge Heap Roots: 0.14ms
[218.204s][info][gc,phases   ] GC(448)   Evacuate Collection Set: 15.72ms
[218.204s][info][gc,phases   ] GC(448)   Post Evacuate Collection Set: 0.47ms
[218.204s][info][gc,phases   ] GC(448)   Other: 0.07ms
[218.204s][info][gc,heap     ] GC(448) Eden regions: 142->0(140)
[218.204s][info][gc,heap     ] GC(448) Survivor regions: 11->13(20)
[218.204s][info][gc,heap     ] GC(448) Old regions: 50->49
[218.204s][info][gc,heap     ] GC(448) Humongous regions: 9->3
[218.204s][info][gc,metaspace] GC(448) Metaspace: 42141K(42560K)->42141K(42560K) NonClass: 39329K(39616K)->39329K(39616K) Class: 2811K(2944K)->2811K(2944K)
[218.204s][info][gc          ] GC(448) Pause Young (Mixed) (G1 Evacuation Pause) 211M->64M(256M) 16.736ms
[218.204s][info][gc,cpu      ] GC(448) User=0.03s Sys=0.00s Real=0.01s
[218.557s][info][gc,start    ] GC(449) Pause Young (Concurrent Start) (G1 Evacuation Pause)
[218.557s][info][gc,task     ] GC(449) Using 2 workers of 2 for evacuation
[218.592s][info][gc,phases   ] GC(449)   Pre Evacuate Collection Set: 0.17ms
[218.592s][info][gc,phases   ] GC(449)   Merge Heap Roots: 0.06ms
[218.592s][info][gc,phases   ] GC(449)   Evacuate Collection Set: 34.59ms
[218.592s][info][gc,phases   ] GC(449)   Post Evacuate Collection Set: 0.44ms
[218.592s][info][gc,phases   ] GC(449)   Other: 0.08ms
[218.592s][info][gc,heap     ] GC(449) Eden regions: 140->0(120)
[218.592s][info][gc,heap     ] GC(449) Survivor regions: 13->20(20)
[218.592s][info][gc,heap     ] GC(449) Old regions: 49->69
[218.592s][info][gc,heap     ] GC(449) Humongous regions: 3->3
[218.592s][info][gc,metaspace] GC(449) Metaspace: 42141K(42560K)->42141K(42560K) NonClass: 39329K(39616K)->39329K(39616K) Class: 2811K(2944K)->2811K(2944K)
[218.592s][info][gc          ] GC(449) Pause Young (Concurrent Start) (G1 Evacuation Pause) 204M->91M(256M) 35.512ms
[218.592s][info][gc,cpu      ] GC(449) User=0.07s Sys=0.00s Real=0.03s
[218.592s][info][gc          ] GC(450) Concurrent Mark Cycle
[218.593s][info][gc,marking  ] GC(450) Concurrent Scan Root Regions
[218.629s][info][gc,marking  ] GC(450) Concurrent Scan Root Regions 36.507ms
[218.629s][info][gc,marking  ] GC(450) Concurrent Mark
[218.629s][info][gc,marking  ] GC(450) Concurrent Mark From Roots
[218.629s][info][gc,task     ] GC(450) Using 1 workers of 1 for marking
[218.707s][info][gc,marking  ] GC(450) Concurrent Mark From Roots 77.419ms
[218.707s][info][gc,marking  ] GC(450) Concurrent Preclean
[218.707s][info][gc,marking  ] GC(450) Concurrent Preclean 0.036ms
[218.707s][info][gc,start    ] GC(450) Pause Remark
[218.722s][info][gc          ] GC(450) Pause Remark 103M->103M(256M) 15.018ms
[218.722s][info][gc,cpu      ] GC(450) User=0.03s Sys=0.00s Real=0.01s
[218.722s][info][gc,marking  ] GC(450) Concurrent Mark 93.123ms
[218.722s][info][gc,marking  ] GC(450) Concurrent Rebuild Remembered Sets and Scrub Regions
[218.765s][info][gc,marking  ] GC(450) Concurrent Rebuild Remembered Sets and Scrub Regions 43.159ms
[218.766s][info][gc,start    ] GC(450) Pause Cleanup
[218.766s][info][gc          ] GC(450) Pause Cleanup 106M->106M(256M) 0.042ms
[218.766s][info][gc,cpu      ] GC(450) User=0.00s Sys=0.00s Real=0.00s
[218.766s][info][gc,marking  ] GC(450) Concurrent Clear Claimed Marks
[218.766s][info][gc,marking  ] GC(450) Concurrent Clear Claimed Marks 0.048ms
[218.766s][info][gc,marking  ] GC(450) Concurrent Cleanup for Next Mark
[218.769s][info][gc,marking  ] GC(450) Concurrent Cleanup for Next Mark 2.595ms
[218.769s][info][gc          ] GC(450) Concurrent Mark Cycle 176.164ms
[219.203s][info][gc,start    ] GC(451) Pause Young (Prepare Mixed) (G1 Evacuation Pause)
[219.203s][info][gc,task     ] GC(451) Using 2 workers of 2 for evacuation
[219.264s][info][gc,phases   ] GC(451)   Pre Evacuate Collection Set: 0.21ms
[219.264s][info][gc,phases   ] GC(451)   Merge Heap Roots: 0.26ms
[219.264s][info][gc,phases   ] GC(451)   Evacuate Collection Set: 59.36ms
[219.264s][info][gc,phases   ] GC(451)   Post Evacuate Collection Set: 0.48ms
[219.264s][info][gc,phases   ] GC(451)   Other: 0.08ms
[219.264s][info][gc,heap     ] GC(451) Eden regions: 120->0(90)
[219.264s][info][gc,heap     ] GC(451) Survivor regions: 20->18(18)
[219.264s][info][gc,heap     ] GC(451) Old regions: 69->105
[219.264s][info][gc,heap     ] GC(451) Humongous regions: 3->3
[219.264s][info][gc,metaspace] GC(451) Metaspace: 42141K(42560K)->42141K(42560K) NonClass: 39329K(39616K)->39329K(39616K) Class: 2811K(2944K)->2811K(2944K)
[219.264s][info][gc          ] GC(451) Pause Young (Prepare Mixed) (G1 Evacuation Pause) 211M->125M(266M) 60.574ms
[219.264s][info][gc,cpu      ] GC(451) User=0.11s Sys=0.01s Real=0.06s
[219.664s][info][gc,start    ] GC(452) Pause Young (Mixed) (G1 Evacuation Pause)
[219.664s][info][gc,task     ] GC(452) Using 2 workers of 2 for evacuation
[219.733s][info][gc,phases   ] GC(452)   Pre Evacuate Collection Set: 0.23ms
[219.733s][info][gc,phases   ] GC(452)   Merge Heap Roots: 0.50ms
[219.733s][info][gc,phases   ] GC(452)   Evacuate Collection Set: 67.44ms
[219.733s][info][gc,phases   ] GC(452)   Post Evacuate Collection Set: 0.40ms
[219.733s][info][gc,phases   ] GC(452)   Other: 0.07ms
[219.733s][info][gc,heap     ] GC(452) Eden regions: 90->0(69)
[219.733s][info][gc,heap     ] GC(452) Survivor regions: 18->14(14)
[219.733s][info][gc,heap     ] GC(452) Old regions: 105->133
[219.733s][info][gc,heap     ] GC(452) Humongous regions: 3->3
[219.733s][info][gc,metaspace] GC(452) Metaspace: 42141K(42560K)->42141K(42560K) NonClass: 39329K(39616K)->39329K(39616K) Class: 2811K(2944K)->2811K(2944K)
[219.733s][info][gc          ] GC(452) Pause Young (Mixed) (G1 Evacuation Pause) 215M->149M(266M) 68.842ms
[219.733s][info][gc,cpu      ] GC(452) User=0.12s Sys=0.00s Real=0.07s
[220.043s][info][gc,start    ] GC(453) Pause Young (Concurrent Start) (G1 Evacuation Pause)
[220.043s][info][gc,task     ] GC(453) Using 2 workers of 2 for evacuation
[220.091s][info][gc,phases   ] GC(453)   Pre Evacuate Collection Set: 0.19ms
[220.091s][info][gc,phases   ] GC(453)   Merge Heap Roots: 0.26ms
[220.091s][info][gc,phases   ] GC(453)   Evacuate Collection Set: 46.86ms
[220.091s][info][gc,phases   ] GC(453)   Post Evacuate Collection Set: 0.39ms
[220.091s][info][gc,phases   ] GC(453)   Other: 0.09ms
[220.091s][info][gc,heap     ] GC(453) Eden regions: 69->0(57)
[220.091s][info][gc,heap     ] GC(453) Survivor regions: 14->11(11)
[220.091s][info][gc,heap     ] GC(453) Old regions: 133->154
[220.091s][info][gc,heap     ] GC(453) Humongous regions: 3->3
[220.091s][info][gc,metaspace] GC(453) Metaspace: 42141K(42560K)->42141K(42560K) NonClass: 39329K(39616K)->39329K(39616K) Class: 2811K(2944K)->2811K(2944K)
[220.091s][info][gc          ] GC(453) Pause Young (Concurrent Start) (G1 Evacuation Pause) 218M->167M(266M) 47.985ms
[220.091s][info][gc,cpu      ] GC(453) User=0.10s Sys=0.00s Real=0.05s
[220.091s][info][gc          ] GC(454) Concurrent Mark Cycle
[220.093s][info][gc,marking  ] GC(454) Concurrent Scan Root Regions
[220.129s][info][gc,marking  ] GC(454) Concurrent Scan Root Regions 36.103ms
[220.129s][info][gc,marking  ] GC(454) Concurrent Mark
[220.129s][info][gc,marking  ] GC(454) Concurrent Mark From Roots
[220.129s][info][gc,task     ] GC(454) Using 1 workers of 1 for marking
[220.295s][info][gc,marking  ] GC(454) Concurrent Mark From Roots 165.766ms
[220.295s][info][gc,marking  ] GC(454) Concurrent Preclean
[220.295s][info][gc,marking  ] GC(454) Concurrent Preclean 0.056ms
[220.295s][info][gc,start    ] GC(454) Pause Remark
[220.310s][info][gc          ] GC(454) Pause Remark 195M->195M(280M) 14.929ms
[220.310s][info][gc,cpu      ] GC(454) User=0.03s Sys=0.00s Real=0.02s
[220.312s][info][gc,marking  ] GC(454) Concurrent Mark 182.827ms
[220.312s][info][gc,marking  ] GC(454) Concurrent Rebuild Remembered Sets and Scrub Regions
[220.397s][info][gc,marking  ] GC(454) Concurrent Rebuild Remembered Sets and Scrub Regions 85.097ms
[220.397s][info][gc,start    ] GC(454) Pause Cleanup
[220.397s][info][gc          ] GC(454) Pause Cleanup 201M->201M(280M) 0.085ms
[220.397s][info][gc,cpu      ] GC(454) User=0.00s Sys=0.00s Real=0.00s
[220.397s][info][gc,marking  ] GC(454) Concurrent Clear Claimed Marks
[220.397s][info][gc,marking  ] GC(454) Concurrent Clear Claimed Marks 0.040ms
[220.397s][info][gc,marking  ] GC(454) Concurrent Cleanup for Next Mark
[220.398s][info][gc,marking  ] GC(454) Concurrent Cleanup for Next Mark 0.993ms
[220.398s][info][gc          ] GC(454) Concurrent Mark Cycle 307.365ms
[220.525s][info][gc,start    ] GC(455) Pause Young (Prepare Mixed) (G1 Evacuation Pause)
[220.525s][info][gc,task     ] GC(455) Using 2 workers of 2 for evacuation
[220.552s][info][gc,phases   ] GC(455)   Pre Evacuate Collection Set: 0.14ms
[220.552s][info][gc,phases   ] GC(455)   Merge Heap Roots: 0.22ms
[220.552s][info][gc,phases   ] GC(455)   Evacuate Collection Set: 26.56ms
[220.552s][info][gc,phases   ] GC(455)   Post Evacuate Collection Set: 0.38ms
[220.552s][info][gc,phases   ] GC(455)   Other: 0.06ms
[220.552s][info][gc,heap     ] GC(455) Eden regions: 57->0(56)
[220.552s][info][gc,heap     ] GC(455) Survivor regions: 11->9(9)
[220.552s][info][gc,heap     ] GC(455) Old regions: 154->171
[220.552s][info][gc,heap     ] GC(455) Humongous regions: 5->3
[220.552s][info][gc,metaspace] GC(455) Metaspace: 42141K(42560K)->42141K(42560K) NonClass: 39329K(39616K)->39329K(39616K) Class: 2811K(2944K)->2811K(2944K)
[220.552s][info][gc          ] GC(455) Pause Young (Prepare Mixed) (G1 Evacuation Pause) 226M->182M(280M) 27.536ms
[220.552s][info][gc,cpu      ] GC(455) User=0.05s Sys=0.00s Real=0.03s
[220.760s][info][gc,start    ] GC(456) Pause Young (Mixed) (G1 Evacuation Pause)
[220.760s][info][gc,task     ] GC(456) Using 2 workers of 2 for evacuation
[220.786s][info][gc,phases   ] GC(456)   Pre Evacuate Collection Set: 0.17ms
[220.786s][info][gc,phases   ] GC(456)   Merge Heap Roots: 0.22ms
[220.786s][info][gc,phases   ] GC(456)   Evacuate Collection Set: 25.52ms
[220.786s][info][gc,phases   ] GC(456)   Post Evacuate Collection Set: 0.39ms
[220.786s][info][gc,phases   ] GC(456)   Other: 0.06ms
[220.786s][info][gc,heap     ] GC(456) Eden regions: 56->0(70)
[220.786s][info][gc,heap     ] GC(456) Survivor regions: 9->9(9)
[220.786s][info][gc,heap     ] GC(456) Old regions: 171->154
[220.786s][info][gc,heap     ] GC(456) Humongous regions: 3->3
[220.786s][info][gc,metaspace] GC(456) Metaspace: 42141K(42560K)->42141K(42560K) NonClass: 39329K(39616K)->39329K(39616K) Class: 2811K(2944K)->2811K(2944K)
[220.787s][info][gc          ] GC(456) Pause Young (Mixed) (G1 Evacuation Pause) 238M->165M(280M) 26.524ms
[220.787s][info][gc,cpu      ] GC(456) User=0.05s Sys=0.00s Real=0.02s
[221.018s][info][gc,start    ] GC(457) Pause Young (Mixed) (G1 Evacuation Pause)
[221.018s][info][gc,task     ] GC(457) Using 2 workers of 2 for evacuation
[221.063s][info][gc,phases   ] GC(457)   Pre Evacuate Collection Set: 0.23ms
[221.063s][info][gc,phases   ] GC(457)   Merge Heap Roots: 0.50ms
[221.063s][info][gc,phases   ] GC(457)   Evacuate Collection Set: 42.39ms
[221.063s][info][gc,phases   ] GC(457)   Post Evacuate Collection Set: 1.33ms
[221.063s][info][gc,phases   ] GC(457)   Other: 0.07ms
[221.063s][info][gc,heap     ] GC(457) Eden regions: 70->0(162)
[221.063s][info][gc,heap     ] GC(457) Survivor regions: 9->10(10)
[221.063s][info][gc,heap     ] GC(457) Old regions: 154->147
[221.063s][info][gc,heap     ] GC(457) Humongous regions: 7->3
[221.063s][info][gc,metaspace] GC(457) Metaspace: 42143K(42560K)->42143K(42560K) NonClass: 39331K(39616K)->39331K(39616K) Class: 2811K(2944K)->2811K(2944K)
[221.063s][info][gc          ] GC(457) Pause Young (Mixed) (G1 Evacuation Pause) 239M->159M(420M) 44.688ms
[221.063s][info][gc,cpu      ] GC(457) User=0.09s Sys=0.00s Real=0.04s
[221.741s][info][gc,start    ] GC(458) Pause Young (Mixed) (G1 Evacuation Pause)
[221.741s][info][gc,task     ] GC(458) Using 2 workers of 2 for evacuation
[221.778s][info][gc,phases   ] GC(458)   Pre Evacuate Collection Set: 0.31ms
[221.778s][info][gc,phases   ] GC(458)   Merge Heap Roots: 0.34ms
[221.778s][info][gc,phases   ] GC(458)   Evacuate Collection Set: 35.89ms
[221.778s][info][gc,phases   ] GC(458)   Post Evacuate Collection Set: 0.58ms
[221.778s][info][gc,phases   ] GC(458)   Other: 0.09ms
[221.778s][info][gc,heap     ] GC(458) Eden regions: 162->0(165)
[221.778s][info][gc,heap     ] GC(458) Survivor regions: 10->20(22)
[221.778s][info][gc,heap     ] GC(458) Old regions: 147->146
[221.778s][info][gc,heap     ] GC(458) Humongous regions: 11->3
[221.778s][info][gc,metaspace] GC(458) Metaspace: 42155K(42560K)->42155K(42560K) NonClass: 39343K(39616K)->39343K(39616K) Class: 2811K(2944K)->2811K(2944K)
[221.778s][info][gc          ] GC(458) Pause Young (Mixed) (G1 Evacuation Pause) 329M->168M(420M) 37.422ms
[221.778s][info][gc,cpu      ] GC(458) User=0.07s Sys=0.01s Real=0.04s
[222.281s][info][gc,start    ] GC(459) Pause Young (Normal) (G1 Evacuation Pause)
[222.281s][info][gc,task     ] GC(459) Using 2 workers of 2 for evacuation
[222.303s][info][gc,phases   ] GC(459)   Pre Evacuate Collection Set: 0.22ms
[222.303s][info][gc,phases   ] GC(459)   Merge Heap Roots: 0.09ms
[222.303s][info][gc,phases   ] GC(459)   Evacuate Collection Set: 21.59ms
[222.303s][info][gc,phases   ] GC(459)   Post Evacuate Collection Set: 0.45ms
[222.303s][info][gc,phases   ] GC(459)   Other: 0.08ms
[222.303s][info][gc,heap     ] GC(459) Eden regions: 165->0(170)
[222.303s][info][gc,heap     ] GC(459) Survivor regions: 20->7(24)
[222.303s][info][gc,heap     ] GC(459) Old regions: 146->166
[222.303s][info][gc,heap     ] GC(459) Humongous regions: 5->3
[222.303s][info][gc,metaspace] GC(459) Metaspace: 42155K(42560K)->42155K(42560K) NonClass: 39344K(39616K)->39344K(39616K) Class: 2811K(2944K)->2811K(2944K)
[222.303s][info][gc          ] GC(459) Pause Young (Normal) (G1 Evacuation Pause) 335M->174M(420M) 22.611ms
[222.303s][info][gc,cpu      ] GC(459) User=0.04s Sys=0.00s Real=0.02s
[222.804s][info][gc,start    ] GC(460) Pause Young (Concurrent Start) (G1 Humongous Allocation)
[222.804s][info][gc,task     ] GC(460) Using 2 workers of 2 for evacuation
[222.827s][info][gc,phases   ] GC(460)   Pre Evacuate Collection Set: 0.22ms
[222.827s][info][gc,phases   ] GC(460)   Merge Heap Roots: 0.06ms
[222.827s][info][gc,phases   ] GC(460)   Evacuate Collection Set: 21.54ms
[222.827s][info][gc,phases   ] GC(460)   Post Evacuate Collection Set: 0.43ms
[222.827s][info][gc,phases   ] GC(460)   Other: 0.09ms
[222.827s][info][gc,heap     ] GC(460) Eden regions: 170->0(140)
[222.827s][info][gc,heap     ] GC(460) Survivor regions: 7->23(23)
[222.827s][info][gc,heap     ] GC(460) Old regions: 166->179
[222.827s][info][gc,heap     ] GC(460) Humongous regions: 3->3
[222.827s][info][gc,metaspace] GC(460) Metaspace: 42157K(42560K)->42157K(42560K) NonClass: 39346K(39616K)->39346K(39616K) Class: 2811K(2944K)->2811K(2944K)
[222.827s][info][gc          ] GC(460) Pause Young (Concurrent Start) (G1 Humongous Allocation) 344M->204M(420M) 22.543ms
[222.827s][info][gc,cpu      ] GC(460) User=0.04s Sys=0.00s Real=0.03s
[222.827s][info][gc          ] GC(461) Concurrent Mark Cycle
[222.827s][info][gc,marking  ] GC(461) Concurrent Scan Root Regions
[222.857s][info][gc,marking  ] GC(461) Concurrent Scan Root Regions 29.934ms
[222.857s][info][gc,marking  ] GC(461) Concurrent Mark
[222.857s][info][gc,marking  ] GC(461) Concurrent Mark From Roots
[222.857s][info][gc,task     ] GC(461) Using 1 workers of 1 for marking
[222.926s][info][gc,marking  ] GC(461) Concurrent Mark From Roots 69.071ms
[222.926s][info][gc,marking  ] GC(461) Concurrent Preclean
[222.926s][info][gc,marking  ] GC(461) Concurrent Preclean 0.037ms
[222.926s][info][gc,start    ] GC(461) Pause Remark
[222.941s][info][gc          ] GC(461) Pause Remark 226M->195M(420M) 14.708ms
[222.941s][info][gc,cpu      ] GC(461) User=0.03s Sys=0.00s Real=0.02s
[222.941s][info][gc,marking  ] GC(461) Concurrent Mark 84.101ms
[222.941s][info][gc,marking  ] GC(461) Concurrent Rebuild Remembered Sets and Scrub Regions
[222.976s][info][gc,marking  ] GC(461) Concurrent Rebuild Remembered Sets and Scrub Regions 35.265ms
[222.976s][info][gc,start    ] GC(461) Pause Cleanup
[222.976s][info][gc          ] GC(461) Pause Cleanup 205M->205M(420M) 0.094ms
[222.976s][info][gc,cpu      ] GC(461) User=0.00s Sys=0.00s Real=0.00s
[222.976s][info][gc,marking  ] GC(461) Concurrent Clear Claimed Marks
[222.977s][info][gc,marking  ] GC(461) Concurrent Clear Claimed Marks 0.063ms
[222.977s][info][gc,marking  ] GC(461) Concurrent Cleanup for Next Mark
[222.980s][info][gc,marking  ] GC(461) Concurrent Cleanup for Next Mark 3.418ms
[222.980s][info][gc          ] GC(461) Concurrent Mark Cycle 153.250ms
[223.304s][info][gc,start    ] GC(462) Pause Young (Prepare Mixed) (G1 Evacuation Pause)
[223.304s][info][gc,task     ] GC(462) Using 2 workers of 2 for evacuation
[223.341s][info][gc,phases   ] GC(462)   Pre Evacuate Collection Set: 0.22ms
[223.341s][info][gc,phases   ] GC(462)   Merge Heap Roots: 0.14ms
[223.341s][info][gc,phases   ] GC(462)   Evacuate Collection Set: 36.39ms
[223.341s][info][gc,phases   ] GC(462)   Post Evacuate Collection Set: 0.47ms
[223.341s][info][gc,phases   ] GC(462)   Other: 0.07ms
[223.341s][info][gc,heap     ] GC(462) Eden regions: 140->0(124)
[223.341s][info][gc,heap     ] GC(462) Survivor regions: 23->21(21)
[223.341s][info][gc,heap     ] GC(462) Old regions: 148->187
[223.341s][info][gc,heap     ] GC(462) Humongous regions: 5->4
[223.341s][info][gc,metaspace] GC(462) Metaspace: 42157K(42560K)->42157K(42560K) NonClass: 39346K(39616K)->39346K(39616K) Class: 2811K(2944K)->2811K(2944K)
[223.341s][info][gc          ] GC(462) Pause Young (Prepare Mixed) (G1 Evacuation Pause) 315M->211M(420M) 37.490ms
[223.341s][info][gc,cpu      ] GC(462) User=0.07s Sys=0.00s Real=0.04s
[223.731s][info][gc,start    ] GC(463) Pause Young (Mixed) (G1 Evacuation Pause)
[223.731s][info][gc,task     ] GC(463) Using 2 workers of 2 for evacuation
[223.789s][info][gc,phases   ] GC(463)   Pre Evacuate Collection Set: 0.30ms
[223.789s][info][gc,phases   ] GC(463)   Merge Heap Roots: 0.22ms
[223.789s][info][gc,phases   ] GC(463)   Evacuate Collection Set: 56.57ms
[223.789s][info][gc,phases   ] GC(463)   Post Evacuate Collection Set: 0.52ms
[223.789s][info][gc,phases   ] GC(463)   Other: 0.09ms
[223.789s][info][gc,heap     ] GC(463) Eden regions: 124->0(89)
[223.789s][info][gc,heap     ] GC(463) Survivor regions: 21->19(19)
[223.789s][info][gc,heap     ] GC(463) Old regions: 187->205
[223.789s][info][gc,heap     ] GC(463) Humongous regions: 4->4
[223.789s][info][gc,metaspace] GC(463) Metaspace: 42158K(42560K)->42158K(42560K) NonClass: 39346K(39616K)->39346K(39616K) Class: 2811K(2944K)->2811K(2944K)
[223.789s][info][gc          ] GC(463) Pause Young (Mixed) (G1 Evacuation Pause) 335M->227M(420M) 57.920ms
[223.789s][info][gc,cpu      ] GC(463) User=0.11s Sys=0.00s Real=0.06s
[224.100s][info][gc,start    ] GC(464) Pause Young (Mixed) (G1 Evacuation Pause)
[224.100s][info][gc,task     ] GC(464) Using 2 workers of 2 for evacuation
[224.154s][info][gc,phases   ] GC(464)   Pre Evacuate Collection Set: 0.28ms
[224.154s][info][gc,phases   ] GC(464)   Merge Heap Roots: 0.46ms
[224.154s][info][gc,phases   ] GC(464)   Evacuate Collection Set: 52.81ms
[224.154s][info][gc,phases   ] GC(464)   Post Evacuate Collection Set: 0.44ms
[224.154s][info][gc,phases   ] GC(464)   Other: 0.07ms
[224.154s][info][gc,heap     ] GC(464) Eden regions: 89->0(77)
[224.154s][info][gc,heap     ] GC(464) Survivor regions: 19->14(14)
[224.154s][info][gc,heap     ] GC(464) Old regions: 205->224
[224.154s][info][gc,heap     ] GC(464) Humongous regions: 5->5
[224.154s][info][gc,metaspace] GC(464) Metaspace: 42158K(42560K)->42158K(42560K) NonClass: 39346K(39616K)->39346K(39616K) Class: 2811K(2944K)->2811K(2944K)
[224.154s][info][gc          ] GC(464) Pause Young (Mixed) (G1 Evacuation Pause) 317M->242M(420M) 54.266ms
[224.154s][info][gc,cpu      ] GC(464) User=0.10s Sys=0.00s Real=0.05s
[224.421s][info][gc,start    ] GC(465) Pause Young (Concurrent Start) (G1 Evacuation Pause)
[224.421s][info][gc,task     ] GC(465) Using 2 workers of 2 for evacuation
[224.456s][info][gc,phases   ] GC(465)   Pre Evacuate Collection Set: 0.23ms
[224.456s][info][gc,phases   ] GC(465)   Merge Heap Roots: 0.20ms
[224.456s][info][gc,phases   ] GC(465)   Evacuate Collection Set: 33.74ms
[224.456s][info][gc,phases   ] GC(465)   Post Evacuate Collection Set: 1.04ms
[224.456s][info][gc,phases   ] GC(465)   Other: 0.09ms
[224.456s][info][gc,heap     ] GC(465) Eden regions: 77->0(115)
[224.456s][info][gc,heap     ] GC(465) Survivor regions: 14->12(12)
[224.456s][info][gc,heap     ] GC(465) Old regions: 224->260
[224.456s][info][gc,heap     ] GC(465) Humongous regions: 5->5
[224.456s][info][gc,metaspace] GC(465) Metaspace: 42159K(42560K)->42159K(42560K) NonClass: 39347K(39616K)->39347K(39616K) Class: 2811K(2944K)->2811K(2944K)
[224.456s][info][gc          ] GC(465) Pause Young (Concurrent Start) (G1 Evacuation Pause) 319M->276M(520M) 35.520ms
[224.456s][info][gc,cpu      ] GC(465) User=0.07s Sys=0.00s Real=0.03s
[224.456s][info][gc          ] GC(466) Concurrent Mark Cycle
[224.456s][info][gc,marking  ] GC(466) Concurrent Scan Root Regions
[224.476s][info][gc,marking  ] GC(466) Concurrent Scan Root Regions 19.823ms
[224.476s][info][gc,marking  ] GC(466) Concurrent Mark
[224.476s][info][gc,marking  ] GC(466) Concurrent Mark From Roots
[224.476s][info][gc,task     ] GC(466) Using 1 workers of 1 for marking
[224.599s][info][gc,marking  ] GC(466) Concurrent Mark From Roots 123.252ms
[224.599s][info][gc,marking  ] GC(466) Concurrent Preclean
[224.599s][info][gc,marking  ] GC(466) Concurrent Preclean 0.038ms
[224.600s][info][gc,start    ] GC(466) Pause Remark
[224.615s][info][gc          ] GC(466) Pause Remark 313M->274M(520M) 14.963ms
[224.615s][info][gc,cpu      ] GC(466) User=0.03s Sys=0.00s Real=0.01s
[224.616s][info][gc,marking  ] GC(466) Concurrent Mark 139.662ms
[224.616s][info][gc,marking  ] GC(466) Concurrent Rebuild Remembered Sets and Scrub Regions
[224.694s][info][gc,marking  ] GC(466) Concurrent Rebuild Remembered Sets and Scrub Regions 78.414ms
[224.694s][info][gc,start    ] GC(466) Pause Cleanup
[224.694s][info][gc          ] GC(466) Pause Cleanup 292M->292M(520M) 0.081ms
[224.694s][info][gc,cpu      ] GC(466) User=0.00s Sys=0.00s Real=0.00s
[224.694s][info][gc,marking  ] GC(466) Concurrent Clear Claimed Marks
[224.695s][info][gc,marking  ] GC(466) Concurrent Clear Claimed Marks 0.038ms
[224.695s][info][gc,marking  ] GC(466) Concurrent Cleanup for Next Mark
[224.697s][info][gc,marking  ] GC(466) Concurrent Cleanup for Next Mark 2.484ms
[224.697s][info][gc          ] GC(466) Concurrent Mark Cycle 240.871ms
[224.941s][info][gc,start    ] GC(467) Pause Young (Prepare Mixed) (G1 Evacuation Pause)
[224.941s][info][gc,task     ] GC(467) Using 2 workers of 2 for evacuation
[224.969s][info][gc,phases   ] GC(467)   Pre Evacuate Collection Set: 0.24ms
[224.969s][info][gc,phases   ] GC(467)   Merge Heap Roots: 0.23ms
[224.969s][info][gc,phases   ] GC(467)   Evacuate Collection Set: 27.65ms
[224.969s][info][gc,phases   ] GC(467)   Post Evacuate Collection Set: 0.37ms
[224.969s][info][gc,phases   ] GC(467)   Other: 0.08ms
[224.969s][info][gc,heap     ] GC(467) Eden regions: 115->0(131)
[224.969s][info][gc,heap     ] GC(467) Survivor regions: 12->16(16)
[224.969s][info][gc,heap     ] GC(467) Old regions: 222->241
[224.969s][info][gc,heap     ] GC(467) Humongous regions: 4->4
[224.969s][info][gc,metaspace] GC(467) Metaspace: 42160K(42560K)->42160K(42560K) NonClass: 39348K(39616K)->39348K(39616K) Class: 2811K(2944K)->2811K(2944K)
[224.969s][info][gc          ] GC(467) Pause Young (Prepare Mixed) (G1 Evacuation Pause) 352M->260M(520M) 28.769ms
[224.969s][info][gc,cpu      ] GC(467) User=0.04s Sys=0.01s Real=0.03s
[225.408s][info][gc,start    ] GC(468) Pause Young (Mixed) (G1 Evacuation Pause)
[225.408s][info][gc,task     ] GC(468) Using 2 workers of 2 for evacuation
[225.450s][info][gc,phases   ] GC(468)   Pre Evacuate Collection Set: 0.24ms
[225.450s][info][gc,phases   ] GC(468)   Merge Heap Roots: 0.17ms
[225.450s][info][gc,phases   ] GC(468)   Evacuate Collection Set: 41.15ms
[225.450s][info][gc,phases   ] GC(468)   Post Evacuate Collection Set: 0.54ms
[225.450s][info][gc,phases   ] GC(468)   Other: 0.07ms
[225.450s][info][gc,heap     ] GC(468) Eden regions: 131->0(123)
[225.450s][info][gc,heap     ] GC(468) Survivor regions: 16->19(19)
[225.450s][info][gc,heap     ] GC(468) Old regions: 241->237
[225.450s][info][gc,heap     ] GC(468) Humongous regions: 5->5
[225.450s][info][gc,metaspace] GC(468) Metaspace: 42161K(42560K)->42161K(42560K) NonClass: 39349K(39616K)->39349K(39616K) Class: 2811K(2944K)->2811K(2944K)
[225.450s][info][gc          ] GC(468) Pause Young (Mixed) (G1 Evacuation Pause) 392M->260M(520M) 42.408ms
[225.450s][info][gc,cpu      ] GC(468) User=0.08s Sys=0.00s Real=0.04s
[225.868s][info][gc,start    ] GC(469) Pause Young (Mixed) (G1 Evacuation Pause)
[225.868s][info][gc,task     ] GC(469) Using 2 workers of 2 for evacuation
[225.941s][info][gc,phases   ] GC(469)   Pre Evacuate Collection Set: 0.24ms
[225.941s][info][gc,phases   ] GC(469)   Merge Heap Roots: 0.51ms
[225.941s][info][gc,phases   ] GC(469)   Evacuate Collection Set: 71.37ms
[225.941s][info][gc,phases   ] GC(469)   Post Evacuate Collection Set: 0.59ms
[225.941s][info][gc,phases   ] GC(469)   Other: 0.09ms
[225.941s][info][gc,heap     ] GC(469) Eden regions: 123->0(97)
[225.941s][info][gc,heap     ] GC(469) Survivor regions: 19->18(18)
[225.941s][info][gc,heap     ] GC(469) Old regions: 237->278
[225.941s][info][gc,heap     ] GC(469) Humongous regions: 6->6
[225.941s][info][gc,metaspace] GC(469) Metaspace: 42161K(42560K)->42161K(42560K) NonClass: 39349K(39616K)->39349K(39616K) Class: 2811K(2944K)->2811K(2944K)
[225.941s][info][gc          ] GC(469) Pause Young (Mixed) (G1 Evacuation Pause) 384M->301M(520M) 73.030ms
[225.941s][info][gc,cpu      ] GC(469) User=0.14s Sys=0.00s Real=0.07s
[226.226s][info][gc,start    ] GC(470) Pause Young (Concurrent Start) (G1 Humongous Allocation)
[226.226s][info][gc,task     ] GC(470) Using 2 workers of 2 for evacuation
[226.282s][info][gc,phases   ] GC(470)   Pre Evacuate Collection Set: 0.24ms
[226.282s][info][gc,phases   ] GC(470)   Merge Heap Roots: 0.25ms
[226.282s][info][gc,phases   ] GC(470)   Evacuate Collection Set: 54.98ms
[226.282s][info][gc,phases   ] GC(470)   Post Evacuate Collection Set: 0.43ms
[226.282s][info][gc,phases   ] GC(470)   Other: 0.16ms
[226.282s][info][gc,heap     ] GC(470) Eden regions: 90->0(63)
[226.282s][info][gc,heap     ] GC(470) Survivor regions: 18->15(15)
[226.282s][info][gc,heap     ] GC(470) Old regions: 278->345
[226.282s][info][gc,heap     ] GC(470) Humongous regions: 6->6
[226.282s][info][gc,metaspace] GC(470) Metaspace: 42161K(42560K)->42161K(42560K) NonClass: 39349K(39616K)->39349K(39616K) Class: 2811K(2944K)->2811K(2944K)
[226.282s][info][gc          ] GC(470) Pause Young (Concurrent Start) (G1 Humongous Allocation) 391M->365M(520M) 56.282ms
[226.282s][info][gc,cpu      ] GC(470) User=0.11s Sys=0.00s Real=0.06s
[226.282s][info][gc          ] GC(471) Concurrent Mark Cycle
[226.282s][info][gc,marking  ] GC(471) Concurrent Scan Root Regions
[226.309s][info][gc,marking  ] GC(471) Concurrent Scan Root Regions 27.142ms
[226.309s][info][gc,marking  ] GC(471) Concurrent Mark
[226.309s][info][gc,marking  ] GC(471) Concurrent Mark From Roots
[226.310s][info][gc,task     ] GC(471) Using 1 workers of 1 for marking
[226.416s][info][gc,marking  ] GC(471) Concurrent Mark From Roots 106.889ms
[226.416s][info][gc,marking  ] GC(471) Concurrent Preclean
[226.416s][info][gc,marking  ] GC(471) Concurrent Preclean 0.038ms
[226.417s][info][gc,start    ] GC(471) Pause Remark
[226.431s][info][gc          ] GC(471) Pause Remark 397M->274M(520M) 14.752ms
[226.431s][info][gc,cpu      ] GC(471) User=0.03s Sys=0.00s Real=0.02s
[226.431s][info][gc,marking  ] GC(471) Concurrent Mark 121.961ms
[226.431s][info][gc,marking  ] GC(471) Concurrent Rebuild Remembered Sets and Scrub Regions
[226.512s][info][gc,marking  ] GC(471) Concurrent Rebuild Remembered Sets and Scrub Regions 80.747ms
[226.512s][info][gc,start    ] GC(471) Pause Cleanup
[226.512s][info][gc          ] GC(471) Pause Cleanup 293M->293M(520M) 0.072ms
[226.512s][info][gc,cpu      ] GC(471) User=0.00s Sys=0.00s Real=0.00s
[226.512s][info][gc,marking  ] GC(471) Concurrent Clear Claimed Marks
[226.513s][info][gc,marking  ] GC(471) Concurrent Clear Claimed Marks 0.037ms
[226.513s][info][gc,marking  ] GC(471) Concurrent Cleanup for Next Mark
[226.514s][info][gc,marking  ] GC(471) Concurrent Cleanup for Next Mark 1.552ms
[226.514s][info][gc          ] GC(471) Concurrent Mark Cycle 231.847ms
[226.550s][info][gc,start    ] GC(472) Pause Young (Prepare Mixed) (G1 Evacuation Pause)
[226.550s][info][gc,task     ] GC(472) Using 2 workers of 2 for evacuation
[226.591s][info][gc,phases   ] GC(472)   Pre Evacuate Collection Set: 0.19ms
[226.591s][info][gc,phases   ] GC(472)   Merge Heap Roots: 0.43ms
[226.591s][info][gc,phases   ] GC(472)   Evacuate Collection Set: 40.34ms
[226.591s][info][gc,phases   ] GC(472)   Post Evacuate Collection Set: 0.39ms
[226.591s][info][gc,phases   ] GC(472)   Other: 0.07ms
[226.591s][info][gc,heap     ] GC(472) Eden regions: 63->0(102)
[226.591s][info][gc,heap     ] GC(472) Survivor regions: 15->10(10)
[226.591s][info][gc,heap     ] GC(472) Old regions: 224->261
[226.591s][info][gc,heap     ] GC(472) Humongous regions: 5->5
[226.591s][info][gc,metaspace] GC(472) Metaspace: 42161K(42560K)->42161K(42560K) NonClass: 39349K(39616K)->39349K(39616K) Class: 2811K(2944K)->2811K(2944K)
[226.592s][info][gc          ] GC(472) Pause Young (Prepare Mixed) (G1 Evacuation Pause) 306M->275M(520M) 41.614ms
[226.592s][info][gc,cpu      ] GC(472) User=0.08s Sys=0.00s Real=0.04s
[226.918s][info][gc,start    ] GC(473) Pause Young (Mixed) (G1 Evacuation Pause)
[226.918s][info][gc,task     ] GC(473) Using 2 workers of 2 for evacuation
[226.955s][info][gc,phases   ] GC(473)   Pre Evacuate Collection Set: 0.26ms
[226.955s][info][gc,phases   ] GC(473)   Merge Heap Roots: 0.42ms
[226.955s][info][gc,phases   ] GC(473)   Evacuate Collection Set: 34.39ms
[226.955s][info][gc,phases   ] GC(473)   Post Evacuate Collection Set: 1.21ms
[226.955s][info][gc,phases   ] GC(473)   Other: 0.09ms
[226.955s][info][gc,heap     ] GC(473) Eden regions: 102->0(167)
[226.955s][info][gc,heap     ] GC(473) Survivor regions: 10->14(14)
[226.955s][info][gc,heap     ] GC(473) Old regions: 261->238
[226.955s][info][gc,heap     ] GC(473) Humongous regions: 6->5
[226.955s][info][gc,metaspace] GC(473) Metaspace: 42162K(42560K)->42162K(42560K) NonClass: 39351K(39616K)->39351K(39616K) Class: 2811K(2944K)->2811K(2944K)
[226.955s][info][gc          ] GC(473) Pause Young (Mixed) (G1 Evacuation Pause) 378M->256M(626M) 36.597ms
[226.955s][info][gc,cpu      ] GC(473) User=0.07s Sys=0.00s Real=0.03s
[227.583s][info][gc,start    ] GC(474) Pause Young (Normal) (G1 Evacuation Pause)
[227.583s][info][gc,task     ] GC(474) Using 2 workers of 2 for evacuation
[227.599s][info][gc,phases   ] GC(474)   Pre Evacuate Collection Set: 0.35ms
[227.600s][info][gc,phases   ] GC(474)   Merge Heap Roots: 0.16ms
[227.600s][info][gc,phases   ] GC(474)   Evacuate Collection Set: 15.20ms
[227.600s][info][gc,phases   ] GC(474)   Post Evacuate Collection Set: 0.45ms
[227.600s][info][gc,phases   ] GC(474)   Other: 0.09ms
[227.600s][info][gc,heap     ] GC(474) Eden regions: 167->0(179)
[227.600s][info][gc,heap     ] GC(474) Survivor regions: 14->14(23)
[227.600s][info][gc,heap     ] GC(474) Old regions: 238->246
[227.600s][info][gc,heap     ] GC(474) Humongous regions: 5->5
[227.600s][info][gc,metaspace] GC(474) Metaspace: 42162K(42560K)->42162K(42560K) NonClass: 39351K(39616K)->39351K(39616K) Class: 2811K(2944K)->2811K(2944K)
[227.600s][info][gc          ] GC(474) Pause Young (Normal) (G1 Evacuation Pause) 423M->264M(626M) 16.453ms
[227.600s][info][gc,cpu      ] GC(474) User=0.03s Sys=0.00s Real=0.02s
[228.241s][info][gc,start    ] GC(475) Pause Young (Normal) (G1 Evacuation Pause)
[228.241s][info][gc,task     ] GC(475) Using 2 workers of 2 for evacuation
[228.255s][info][gc,phases   ] GC(475)   Pre Evacuate Collection Set: 0.23ms
[228.256s][info][gc,phases   ] GC(475)   Merge Heap Roots: 0.09ms
[228.256s][info][gc,phases   ] GC(475)   Evacuate Collection Set: 13.52ms
[228.256s][info][gc,phases   ] GC(475)   Post Evacuate Collection Set: 0.41ms
[228.256s][info][gc,phases   ] GC(475)   Other: 0.08ms
[228.256s][info][gc,heap     ] GC(475) Eden regions: 179->0(191)
[228.256s][info][gc,heap     ] GC(475) Survivor regions: 14->16(25)
[228.256s][info][gc,heap     ] GC(475) Old regions: 246->252
[228.256s][info][gc,heap     ] GC(475) Humongous regions: 6->5
[228.256s][info][gc,metaspace] GC(475) Metaspace: 42162K(42560K)->42162K(42560K) NonClass: 39351K(39616K)->39351K(39616K) Class: 2811K(2944K)->2811K(2944K)
[228.256s][info][gc          ] GC(475) Pause Young (Normal) (G1 Evacuation Pause) 444M->272M(626M) 14.558ms
[228.256s][info][gc,cpu      ] GC(475) User=0.02s Sys=0.00s Real=0.01s
[228.861s][info][gc,start    ] GC(476) Pause Young (Normal) (G1 Evacuation Pause)
[228.861s][info][gc,task     ] GC(476) Using 2 workers of 2 for evacuation
[228.871s][info][gc,phases   ] GC(476)   Pre Evacuate Collection Set: 0.26ms
[228.871s][info][gc,phases   ] GC(476)   Merge Heap Roots: 0.07ms
[228.871s][info][gc,phases   ] GC(476)   Evacuate Collection Set: 8.26ms
[228.871s][info][gc,phases   ] GC(476)   Post Evacuate Collection Set: 0.45ms
[228.871s][info][gc,phases   ] GC(476)   Other: 0.09ms
[228.871s][info][gc,heap     ] GC(476) Eden regions: 191->0(209)
[228.871s][info][gc,heap     ] GC(476) Survivor regions: 16->13(26)
[228.871s][info][gc,heap     ] GC(476) Old regions: 252->253
[228.871s][info][gc,heap     ] GC(476) Humongous regions: 7->5
[228.871s][info][gc,metaspace] GC(476) Metaspace: 42162K(42560K)->42162K(42560K) NonClass: 39351K(39616K)->39351K(39616K) Class: 2811K(2944K)->2811K(2944K)
[228.871s][info][gc          ] GC(476) Pause Young (Normal) (G1 Evacuation Pause) 465M->270M(626M) 9.318ms
[228.871s][info][gc,cpu      ] GC(476) User=0.02s Sys=0.00s Real=0.01s
[228.923s][info][gc,start    ] GC(477) Pause Young (Concurrent Start) (G1 Humongous Allocation)
[228.923s][info][gc,task     ] GC(477) Using 2 workers of 2 for evacuation
[228.933s][info][gc,phases   ] GC(477)   Pre Evacuate Collection Set: 0.24ms
[228.933s][info][gc,phases   ] GC(477)   Merge Heap Roots: 0.04ms
[228.933s][info][gc,phases   ] GC(477)   Evacuate Collection Set: 9.33ms
[228.933s][info][gc,phases   ] GC(477)   Post Evacuate Collection Set: 0.34ms
[228.933s][info][gc,phases   ] GC(477)   Other: 0.08ms
[228.933s][info][gc,heap     ] GC(477) Eden regions: 18->0(162)
[228.933s][info][gc,heap     ] GC(477) Survivor regions: 13->19(28)
[228.933s][info][gc,heap     ] GC(477) Old regions: 253->253
[228.933s][info][gc,heap     ] GC(477) Humongous regions: 5->5
[228.933s][info][gc,metaspace] GC(477) Metaspace: 42162K(42560K)->42162K(42560K) NonClass: 39351K(39616K)->39351K(39616K) Class: 2811K(2944K)->2811K(2944K)
[228.933s][info][gc          ] GC(477) Pause Young (Concurrent Start) (G1 Humongous Allocation) 287M->275M(626M) 10.196ms
[228.933s][info][gc          ] GC(478) Concurrent Mark Cycle
[228.933s][info][gc,marking  ] GC(478) Concurrent Scan Root Regions
[228.935s][info][gc,cpu      ] GC(477) User=0.02s Sys=0.00s Real=0.01s
[228.939s][info][gc,marking  ] GC(478) Concurrent Scan Root Regions 6.334ms
[228.939s][info][gc,marking  ] GC(478) Concurrent Mark
[228.939s][info][gc,marking  ] GC(478) Concurrent Mark From Roots
[228.939s][info][gc,task     ] GC(478) Using 1 workers of 1 for marking
[229.014s][info][gc,marking  ] GC(478) Concurrent Mark From Roots 74.221ms
[229.014s][info][gc,marking  ] GC(478) Concurrent Preclean
[229.014s][info][gc,marking  ] GC(478) Concurrent Preclean 0.049ms
[229.014s][info][gc,start    ] GC(478) Pause Remark
[229.028s][info][gc          ] GC(478) Pause Remark 299M->150M(430M) 14.510ms
[229.028s][info][gc,cpu      ] GC(478) User=0.02s Sys=0.00s Real=0.02s
[229.031s][info][gc,marking  ] GC(478) Concurrent Mark 91.371ms
[229.031s][info][gc,marking  ] GC(478) Concurrent Rebuild Remembered Sets and Scrub Regions
[229.059s][info][gc,marking  ] GC(478) Concurrent Rebuild Remembered Sets and Scrub Regions 28.099ms
[229.059s][info][gc,start    ] GC(478) Pause Cleanup
[229.059s][info][gc          ] GC(478) Pause Cleanup 159M->159M(430M) 0.055ms
[229.059s][info][gc,cpu      ] GC(478) User=0.00s Sys=0.00s Real=0.00s
[229.059s][info][gc,marking  ] GC(478) Concurrent Clear Claimed Marks
[229.059s][info][gc,marking  ] GC(478) Concurrent Clear Claimed Marks 0.037ms
[229.059s][info][gc,marking  ] GC(478) Concurrent Cleanup for Next Mark
[229.061s][info][gc,marking  ] GC(478) Concurrent Cleanup for Next Mark 1.413ms
[229.061s][info][gc          ] GC(478) Concurrent Mark Cycle 127.602ms
[229.477s][info][gc,start    ] GC(479) Pause Young (Prepare Mixed) (G1 Evacuation Pause)
[229.477s][info][gc,task     ] GC(479) Using 2 workers of 2 for evacuation
[229.483s][info][gc,phases   ] GC(479)   Pre Evacuate Collection Set: 0.19ms
[229.483s][info][gc,phases   ] GC(479)   Merge Heap Roots: 0.06ms
[229.483s][info][gc,phases   ] GC(479)   Evacuate Collection Set: 4.73ms
[229.483s][info][gc,phases   ] GC(479)   Post Evacuate Collection Set: 0.37ms
[229.483s][info][gc,phases   ] GC(479)   Other: 0.07ms
[229.483s][info][gc,heap     ] GC(479) Eden regions: 162->0(162)
[229.483s][info][gc,heap     ] GC(479) Survivor regions: 19->7(23)
[229.483s][info][gc,heap     ] GC(479) Old regions: 106->107
[229.483s][info][gc,heap     ] GC(479) Humongous regions: 5->3
[229.483s][info][gc,metaspace] GC(479) Metaspace: 42162K(42560K)->42162K(42560K) NonClass: 39351K(39616K)->39351K(39616K) Class: 2811K(2944K)->2811K(2944K)
[229.483s][info][gc          ] GC(479) Pause Young (Prepare Mixed) (G1 Evacuation Pause) 290M->115M(430M) 5.610ms
[229.483s][info][gc,cpu      ] GC(479) User=0.01s Sys=0.00s Real=0.00s
[230.027s][info][gc,start    ] GC(480) Pause Young (Mixed) (G1 Evacuation Pause)
[230.027s][info][gc,task     ] GC(480) Using 2 workers of 2 for evacuation
[230.046s][info][gc,phases   ] GC(480)   Pre Evacuate Collection Set: 0.20ms
[230.046s][info][gc,phases   ] GC(480)   Merge Heap Roots: 0.07ms
[230.046s][info][gc,phases   ] GC(480)   Evacuate Collection Set: 17.61ms
[230.046s][info][gc,phases   ] GC(480)   Post Evacuate Collection Set: 0.45ms
[230.046s][info][gc,phases   ] GC(480)   Other: 0.07ms
[230.046s][info][gc,heap     ] GC(480) Eden regions: 162->0(172)
[230.046s][info][gc,heap     ] GC(480) Survivor regions: 7->22(22)
[230.046s][info][gc,heap     ] GC(480) Old regions: 107->87
[230.046s][info][gc,heap     ] GC(480) Humongous regions: 4->3
[230.046s][info][gc,metaspace] GC(480) Metaspace: 42162K(42560K)->42162K(42560K) NonClass: 39351K(39616K)->39351K(39616K) Class: 2811K(2944K)->2811K(2944K)
[230.046s][info][gc          ] GC(480) Pause Young (Mixed) (G1 Evacuation Pause) 278M->111M(430M) 18.602ms
[230.046s][info][gc,cpu      ] GC(480) User=0.04s Sys=0.00s Real=0.01s
[230.572s][info][gc,start    ] GC(481) Pause Young (Normal) (G1 Evacuation Pause)
[230.572s][info][gc,task     ] GC(481) Using 2 workers of 2 for evacuation
[230.618s][info][gc,phases   ] GC(481)   Pre Evacuate Collection Set: 0.21ms
[230.618s][info][gc,phases   ] GC(481)   Merge Heap Roots: 0.12ms
[230.618s][info][gc,phases   ] GC(481)   Evacuate Collection Set: 44.63ms
[230.618s][info][gc,phases   ] GC(481)   Post Evacuate Collection Set: 0.53ms
[230.618s][info][gc,phases   ] GC(481)   Other: 0.07ms
[230.618s][info][gc,heap     ] GC(481) Eden regions: 172->0(142)
[230.618s][info][gc,heap     ] GC(481) Survivor regions: 22->25(25)
[230.618s][info][gc,heap     ] GC(481) Old regions: 87->133
[230.618s][info][gc,heap     ] GC(481) Humongous regions: 7->5
[230.618s][info][gc,metaspace] GC(481) Metaspace: 42164K(42560K)->42164K(42560K) NonClass: 39352K(39616K)->39352K(39616K) Class: 2811K(2944K)->2811K(2944K)
[230.618s][info][gc          ] GC(481) Pause Young (Normal) (G1 Evacuation Pause) 287M->161M(430M) 45.744ms
[230.618s][info][gc,cpu      ] GC(481) User=0.09s Sys=0.00s Real=0.05s
[231.003s][info][gc,start    ] GC(482) Pause Young (Concurrent Start) (G1 Evacuation Pause)
[231.003s][info][gc,task     ] GC(482) Using 2 workers of 2 for evacuation
[231.023s][info][gc,phases   ] GC(482)   Pre Evacuate Collection Set: 0.21ms
[231.023s][info][gc,phases   ] GC(482)   Merge Heap Roots: 0.20ms
[231.023s][info][gc,phases   ] GC(482)   Evacuate Collection Set: 19.23ms
[231.023s][info][gc,phases   ] GC(482)   Post Evacuate Collection Set: 0.43ms
[231.023s][info][gc,phases   ] GC(482)   Other: 0.16ms
[231.023s][info][gc,heap     ] GC(482) Eden regions: 142->0(157)
[231.023s][info][gc,heap     ] GC(482) Survivor regions: 25->1(21)
[231.023s][info][gc,heap     ] GC(482) Old regions: 133->158
[231.023s][info][gc,heap     ] GC(482) Humongous regions: 5->5
[231.023s][info][gc,metaspace] GC(482) Metaspace: 42164K(42560K)->42164K(42560K) NonClass: 39352K(39616K)->39352K(39616K) Class: 2811K(2944K)->2811K(2944K)
[231.023s][info][gc          ] GC(482) Pause Young (Concurrent Start) (G1 Evacuation Pause) 303M->162M(430M) 20.440ms
[231.023s][info][gc          ] GC(483) Concurrent Mark Cycle
[231.023s][info][gc,marking  ] GC(483) Concurrent Scan Root Regions
[231.026s][info][gc,cpu      ] GC(482) User=0.05s Sys=0.00s Real=0.02s
[231.033s][info][gc,marking  ] GC(483) Concurrent Scan Root Regions 9.489ms
[231.033s][info][gc,marking  ] GC(483) Concurrent Mark
[231.033s][info][gc,marking  ] GC(483) Concurrent Mark From Roots
[231.033s][info][gc,task     ] GC(483) Using 1 workers of 1 for marking
[231.145s][info][gc,marking  ] GC(483) Concurrent Mark From Roots 111.863ms
[231.145s][info][gc,marking  ] GC(483) Concurrent Preclean
[231.145s][info][gc,marking  ] GC(483) Concurrent Preclean 0.036ms
[231.145s][info][gc,start    ] GC(483) Pause Remark
[231.160s][info][gc          ] GC(483) Pause Remark 202M->201M(430M) 14.948ms
[231.160s][info][gc,cpu      ] GC(483) User=0.03s Sys=0.00s Real=0.02s
[231.160s][info][gc,marking  ] GC(483) Concurrent Mark 127.125ms
[231.160s][info][gc,marking  ] GC(483) Concurrent Rebuild Remembered Sets and Scrub Regions
[231.216s][info][gc,marking  ] GC(483) Concurrent Rebuild Remembered Sets and Scrub Regions 56.181ms
[231.216s][info][gc,start    ] GC(483) Pause Cleanup
[231.216s][info][gc          ] GC(483) Pause Cleanup 221M->221M(430M) 0.054ms
[231.216s][info][gc,cpu      ] GC(483) User=0.00s Sys=0.00s Real=0.00s
[231.216s][info][gc,marking  ] GC(483) Concurrent Clear Claimed Marks
[231.216s][info][gc,marking  ] GC(483) Concurrent Clear Claimed Marks 0.035ms
[231.216s][info][gc,marking  ] GC(483) Concurrent Cleanup for Next Mark
[231.218s][info][gc,marking  ] GC(483) Concurrent Cleanup for Next Mark 1.223ms
[231.218s][info][gc          ] GC(483) Concurrent Mark Cycle 194.379ms
[231.511s][info][gc,start    ] GC(484) Pause Young (Prepare Mixed) (G1 Evacuation Pause)
[231.511s][info][gc,task     ] GC(484) Using 2 workers of 2 for evacuation
[231.513s][info][gc,phases   ] GC(484)   Pre Evacuate Collection Set: 0.22ms
[231.513s][info][gc,phases   ] GC(484)   Merge Heap Roots: 0.08ms
[231.513s][info][gc,phases   ] GC(484)   Evacuate Collection Set: 1.68ms
[231.513s][info][gc,phases   ] GC(484)   Post Evacuate Collection Set: 0.41ms
[231.513s][info][gc,phases   ] GC(484)   Other: 0.07ms
[231.513s][info][gc,heap     ] GC(484) Eden regions: 157->0(172)
[231.513s][info][gc,heap     ] GC(484) Survivor regions: 1->2(20)
[231.513s][info][gc,heap     ] GC(484) Old regions: 157->157
[231.513s][info][gc,heap     ] GC(484) Humongous regions: 5->5
[231.513s][info][gc,metaspace] GC(484) Metaspace: 42164K(42560K)->42164K(42560K) NonClass: 39352K(39616K)->39352K(39616K) Class: 2811K(2944K)->2811K(2944K)
[231.513s][info][gc          ] GC(484) Pause Young (Prepare Mixed) (G1 Evacuation Pause) 318M->162M(430M) 2.648ms
[231.513s][info][gc,cpu      ] GC(484) User=0.00s Sys=0.00s Real=0.00s
[231.971s][info][gc,start    ] GC(485) Pause Young (Mixed) (G1 Evacuation Pause)
[231.971s][info][gc,task     ] GC(485) Using 2 workers of 2 for evacuation
[231.982s][info][gc,phases   ] GC(485)   Pre Evacuate Collection Set: 0.21ms
[231.982s][info][gc,phases   ] GC(485)   Merge Heap Roots: 0.21ms
[231.982s][info][gc,phases   ] GC(485)   Evacuate Collection Set: 9.80ms
[231.982s][info][gc,phases   ] GC(485)   Post Evacuate Collection Set: 0.44ms
[231.982s][info][gc,phases   ] GC(485)   Other: 0.06ms
[231.982s][info][gc,heap     ] GC(485) Eden regions: 172->0(203)
[231.982s][info][gc,heap     ] GC(485) Survivor regions: 2->2(22)
[231.982s][info][gc,heap     ] GC(485) Old regions: 157->131
[231.982s][info][gc,heap     ] GC(485) Humongous regions: 6->3
[231.982s][info][gc,metaspace] GC(485) Metaspace: 42164K(42560K)->42164K(42560K) NonClass: 39352K(39616K)->39352K(39616K) Class: 2811K(2944K)->2811K(2944K)
[231.982s][info][gc          ] GC(485) Pause Young (Mixed) (G1 Evacuation Pause) 335M->135M(430M) 10.900ms
[231.982s][info][gc,cpu      ] GC(485) User=0.02s Sys=0.00s Real=0.01s
[232.351s][info][gc,start    ] GC(486) Pause Young (Concurrent Start) (G1 Evacuation Pause)
[232.351s][info][gc,task     ] GC(486) Using 2 workers of 2 for evacuation
[232.356s][info][gc,phases   ] GC(486)   Pre Evacuate Collection Set: 0.22ms
[232.356s][info][gc,phases   ] GC(486)   Merge Heap Roots: 0.07ms
[232.356s][info][gc,phases   ] GC(486)   Evacuate Collection Set: 4.40ms
[232.356s][info][gc,phases   ] GC(486)   Post Evacuate Collection Set: 0.42ms
[232.356s][info][gc,phases   ] GC(486)   Other: 0.09ms
[232.356s][info][gc,heap     ] GC(486) Eden regions: 203->0(212)
[232.356s][info][gc,heap     ] GC(486) Survivor regions: 2->6(26)
[232.356s][info][gc,heap     ] GC(486) Old regions: 131->131
[232.356s][info][gc,heap     ] GC(486) Humongous regions: 3->3
[232.356s][info][gc,metaspace] GC(486) Metaspace: 42166K(42560K)->42166K(42560K) NonClass: 39354K(39616K)->39354K(39616K) Class: 2811K(2944K)->2811K(2944K)
[232.356s][info][gc          ] GC(486) Pause Young (Concurrent Start) (G1 Evacuation Pause) 338M->139M(430M) 5.375ms
[232.356s][info][gc,cpu      ] GC(486) User=0.01s Sys=0.00s Real=0.00s
[232.357s][info][gc          ] GC(487) Concurrent Mark Cycle
[232.357s][info][gc,marking  ] GC(487) Concurrent Scan Root Regions
[232.359s][info][gc,marking  ] GC(487) Concurrent Scan Root Regions 2.776ms
[232.359s][info][gc,marking  ] GC(487) Concurrent Mark
[232.359s][info][gc,marking  ] GC(487) Concurrent Mark From Roots
[232.359s][info][gc,task     ] GC(487) Using 1 workers of 1 for marking
[232.429s][info][gc,marking  ] GC(487) Concurrent Mark From Roots 69.690ms
[232.429s][info][gc,marking  ] GC(487) Concurrent Preclean
[232.429s][info][gc,marking  ] GC(487) Concurrent Preclean 0.043ms
[232.429s][info][gc,start    ] GC(487) Pause Remark
[232.444s][info][gc          ] GC(487) Pause Remark 188M->133M(284M) 14.754ms
[232.444s][info][gc,cpu      ] GC(487) User=0.03s Sys=0.00s Real=0.01s
[232.444s][info][gc,marking  ] GC(487) Concurrent Mark 84.746ms
[232.444s][info][gc,marking  ] GC(487) Concurrent Rebuild Remembered Sets and Scrub Regions
[232.472s][info][gc,marking  ] GC(487) Concurrent Rebuild Remembered Sets and Scrub Regions 28.275ms
[232.473s][info][gc,start    ] GC(487) Pause Cleanup
[232.473s][info][gc          ] GC(487) Pause Cleanup 151M->151M(284M) 0.042ms
[232.473s][info][gc,cpu      ] GC(487) User=0.00s Sys=0.00s Real=0.00s
[232.473s][info][gc,marking  ] GC(487) Concurrent Clear Claimed Marks
[232.473s][info][gc,marking  ] GC(487) Concurrent Clear Claimed Marks 0.034ms
[232.473s][info][gc,marking  ] GC(487) Concurrent Cleanup for Next Mark
[232.473s][info][gc,marking  ] GC(487) Concurrent Cleanup for Next Mark 0.804ms
[232.473s][info][gc          ] GC(487) Concurrent Mark Cycle 116.933ms
[232.621s][info][gc,start    ] GC(488) Pause Young (Prepare Mixed) (G1 Evacuation Pause)
[232.621s][info][gc,task     ] GC(488) Using 2 workers of 2 for evacuation
[232.626s][info][gc,phases   ] GC(488)   Pre Evacuate Collection Set: 0.16ms
[232.626s][info][gc,phases   ] GC(488)   Merge Heap Roots: 0.08ms
[232.626s][info][gc,phases   ] GC(488)   Evacuate Collection Set: 3.60ms
[232.626s][info][gc,phases   ] GC(488)   Post Evacuate Collection Set: 0.49ms
[232.626s][info][gc,phases   ] GC(488)   Other: 0.07ms
[232.626s][info][gc,heap     ] GC(488) Eden regions: 164->0(153)
[232.626s][info][gc,heap     ] GC(488) Survivor regions: 6->6(22)
[232.626s][info][gc,heap     ] GC(488) Old regions: 78->78
[232.626s][info][gc,heap     ] GC(488) Humongous regions: 1->1
[232.626s][info][gc,metaspace] GC(488) Metaspace: 42166K(42560K)->42166K(42560K) NonClass: 39354K(39616K)->39354K(39616K) Class: 2811K(2944K)->2811K(2944K)
[232.626s][info][gc          ] GC(488) Pause Young (Prepare Mixed) (G1 Evacuation Pause) 248M->84M(284M) 4.575ms
[232.626s][info][gc,cpu      ] GC(488) User=0.01s Sys=0.00s Real=0.00s
[233.070s][info][gc,start    ] GC(489) Pause Young (Mixed) (G1 Evacuation Pause)
[233.070s][info][gc,task     ] GC(489) Using 2 workers of 2 for evacuation
[233.083s][info][gc,phases   ] GC(489)   Pre Evacuate Collection Set: 0.19ms
[233.083s][info][gc,phases   ] GC(489)   Merge Heap Roots: 0.10ms
[233.083s][info][gc,phases   ] GC(489)   Evacuate Collection Set: 11.26ms
[233.083s][info][gc,phases   ] GC(489)   Post Evacuate Collection Set: 0.82ms
[233.083s][info][gc,phases   ] GC(489)   Other: 0.10ms
[233.083s][info][gc,heap     ] GC(489) Eden regions: 153->0(200)
[233.083s][info][gc,heap     ] GC(489) Survivor regions: 6->8(20)
[233.083s][info][gc,heap     ] GC(489) Old regions: 78->65
[233.083s][info][gc,heap     ] GC(489) Humongous regions: 101->3
[233.083s][info][gc,metaspace] GC(489) Metaspace: 42174K(42560K)->42174K(42560K) NonClass: 39362K(39616K)->39362K(39616K) Class: 2812K(2944K)->2812K(2944K)
[233.083s][info][gc          ] GC(489) Pause Young (Mixed) (G1 Evacuation Pause) 337M->74M(348M) 12.670ms
[233.083s][info][gc,cpu      ] GC(489) User=0.02s Sys=0.01s Real=0.01s
[233.087s][info][gc,start    ] GC(490) Pause Young (Concurrent Start) (G1 Humongous Allocation)
[233.087s][info][gc,task     ] GC(490) Using 2 workers of 2 for evacuation
[233.093s][info][gc,phases   ] GC(490)   Pre Evacuate Collection Set: 0.15ms
[233.093s][info][gc,phases   ] GC(490)   Merge Heap Roots: 0.04ms
[233.093s][info][gc,phases   ] GC(490)   Evacuate Collection Set: 4.96ms
[233.093s][info][gc,phases   ] GC(490)   Post Evacuate Collection Set: 0.25ms
[233.093s][info][gc,phases   ] GC(490)   Other: 0.06ms
[233.093s][info][gc,heap     ] GC(490) Eden regions: 1->0(200)
[233.093s][info][gc,heap     ] GC(490) Survivor regions: 8->8(26)
[233.093s][info][gc,heap     ] GC(490) Old regions: 65->65
[233.093s][info][gc,heap     ] GC(490) Humongous regions: 5->1
[233.093s][info][gc,metaspace] GC(490) Metaspace: 42174K(42560K)->42174K(42560K) NonClass: 39362K(39616K)->39362K(39616K) Class: 2812K(2944K)->2812K(2944K)
[233.093s][info][gc          ] GC(490) Pause Young (Concurrent Start) (G1 Humongous Allocation) 77M->72M(348M) 5.609ms
[233.093s][info][gc          ] GC(491) Concurrent Undo Cycle
[233.093s][info][gc,marking  ] GC(491) Concurrent Clear Claimed Marks
[233.093s][info][gc,marking  ] GC(491) Concurrent Clear Claimed Marks 0.034ms
[233.093s][info][gc,marking  ] GC(491) Concurrent Cleanup for Next Mark
[233.093s][info][gc,cpu      ] GC(490) User=0.01s Sys=0.00s Real=0.00s
[233.093s][info][gc,marking  ] GC(491) Concurrent Cleanup for Next Mark 0.158ms
[233.093s][info][gc          ] GC(491) Concurrent Undo Cycle 0.227ms
[233.097s][info][gc,start    ] GC(492) Pause Young (Concurrent Start) (G1 Humongous Allocation)
[233.098s][info][gc,task     ] GC(492) Using 2 workers of 2 for evacuation
[233.103s][info][gc,phases   ] GC(492)   Pre Evacuate Collection Set: 0.15ms
[233.103s][info][gc,phases   ] GC(492)   Merge Heap Roots: 0.05ms
[233.103s][info][gc,phases   ] GC(492)   Evacuate Collection Set: 4.85ms
[233.103s][info][gc,phases   ] GC(492)   Post Evacuate Collection Set: 0.33ms
[233.103s][info][gc,phases   ] GC(492)   Other: 0.10ms
[233.103s][info][gc,heap     ] GC(492) Eden regions: 1->0(200)
[233.103s][info][gc,heap     ] GC(492) Survivor regions: 8->8(26)
[233.103s][info][gc,heap     ] GC(492) Old regions: 65->65
[233.103s][info][gc,heap     ] GC(492) Humongous regions: 3->1
[233.103s][info][gc,metaspace] GC(492) Metaspace: 42174K(42560K)->42174K(42560K) NonClass: 39362K(39616K)->39362K(39616K) Class: 2812K(2944K)->2812K(2944K)
[233.103s][info][gc          ] GC(492) Pause Young (Concurrent Start) (G1 Humongous Allocation) 74M->72M(348M) 5.619ms
[233.103s][info][gc,cpu      ] GC(492) User=0.00s Sys=0.00s Real=0.00s
[233.103s][info][gc          ] GC(493) Concurrent Mark Cycle
[233.103s][info][gc,marking  ] GC(493) Concurrent Scan Root Regions
[233.107s][info][gc,marking  ] GC(493) Concurrent Scan Root Regions 3.463ms
[233.107s][info][gc,marking  ] GC(493) Concurrent Mark
[233.107s][info][gc,marking  ] GC(493) Concurrent Mark From Roots
[233.107s][info][gc,task     ] GC(493) Using 1 workers of 1 for marking
[233.177s][info][gc,marking  ] GC(493) Concurrent Mark From Roots 69.964ms
[233.177s][info][gc,marking  ] GC(493) Concurrent Preclean
[233.177s][info][gc,marking  ] GC(493) Concurrent Preclean 0.051ms
[233.177s][info][gc,start    ] GC(493) Pause Remark
[233.192s][info][gc          ] GC(493) Pause Remark 138M->136M(348M) 14.917ms
[233.192s][info][gc,cpu      ] GC(493) User=0.03s Sys=0.00s Real=0.01s
[233.192s][info][gc,marking  ] GC(493) Concurrent Mark 85.237ms
[233.192s][info][gc,marking  ] GC(493) Concurrent Rebuild Remembered Sets and Scrub Regions
[233.219s][info][gc,marking  ] GC(493) Concurrent Rebuild Remembered Sets and Scrub Regions 27.550ms
[233.220s][info][gc,start    ] GC(493) Pause Cleanup
[233.220s][info][gc          ] GC(493) Pause Cleanup 161M->161M(348M) 0.057ms
[233.220s][info][gc,cpu      ] GC(493) User=0.00s Sys=0.00s Real=0.00s
[233.220s][info][gc,marking  ] GC(493) Concurrent Clear Claimed Marks
[233.220s][info][gc,marking  ] GC(493) Concurrent Clear Claimed Marks 0.047ms
[233.220s][info][gc,marking  ] GC(493) Concurrent Cleanup for Next Mark
[233.221s][info][gc,marking  ] GC(493) Concurrent Cleanup for Next Mark 1.604ms
[233.221s][info][gc          ] GC(493) Concurrent Mark Cycle 118.193ms
[233.580s][info][gc,start    ] GC(494) Pause Young (Prepare Mixed) (G1 Evacuation Pause)
[233.580s][info][gc,task     ] GC(494) Using 2 workers of 2 for evacuation
[233.595s][info][gc,phases   ] GC(494)   Pre Evacuate Collection Set: 0.22ms
[233.595s][info][gc,phases   ] GC(494)   Merge Heap Roots: 0.07ms
[233.595s][info][gc,phases   ] GC(494)   Evacuate Collection Set: 13.25ms
[233.595s][info][gc,phases   ] GC(494)   Post Evacuate Collection Set: 0.80ms
[233.595s][info][gc,phases   ] GC(494)   Other: 0.09ms
[233.595s][info][gc,heap     ] GC(494) Eden regions: 49->0(254)
[233.595s][info][gc,heap     ] GC(494) Survivor regions: 8->11(30)
[233.595s][info][gc,heap     ] GC(494) Old regions: 63->63
[233.595s][info][gc,heap     ] GC(494) Humongous regions: 311->3
[233.595s][info][gc,metaspace] GC(494) Metaspace: 42174K(42560K)->42174K(42560K) NonClass: 39362K(39616K)->39362K(39616K) Class: 2812K(2944K)->2812K(2944K)
[233.595s][info][gc          ] GC(494) Pause Young (Prepare Mixed) (G1 Evacuation Pause) 429M->76M(442M) 14.649ms
[233.595s][info][gc,cpu      ] GC(494) User=0.02s Sys=0.01s Real=0.01s
[234.107s][info][gc,start    ] GC(495) Pause Young (Mixed) (G1 Evacuation Pause)
[234.107s][info][gc,task     ] GC(495) Using 2 workers of 2 for evacuation
[234.132s][info][gc,phases   ] GC(495)   Pre Evacuate Collection Set: 0.27ms
[234.132s][info][gc,phases   ] GC(495)   Merge Heap Roots: 0.08ms
[234.132s][info][gc,phases   ] GC(495)   Evacuate Collection Set: 23.83ms
[234.132s][info][gc,phases   ] GC(495)   Post Evacuate Collection Set: 1.03ms
[234.132s][info][gc,phases   ] GC(495)   Other: 0.09ms
[234.132s][info][gc,heap     ] GC(495) Eden regions: 61->0(287)
[234.132s][info][gc,heap     ] GC(495) Survivor regions: 11->18(35)
[234.132s][info][gc,heap     ] GC(495) Old regions: 63->58
[234.132s][info][gc,heap     ] GC(495) Humongous regions: 355->3
[234.132s][info][gc,metaspace] GC(495) Metaspace: 42174K(42560K)->42174K(42560K) NonClass: 39362K(39616K)->39362K(39616K) Class: 2812K(2944K)->2812K(2944K)
[234.132s][info][gc          ] GC(495) Pause Young (Mixed) (G1 Evacuation Pause) 489M->78M(509M) 25.513ms
[234.132s][info][gc,cpu      ] GC(495) User=0.04s Sys=0.02s Real=0.03s
[234.226s][info][gc,start    ] GC(496) Pause Young (Concurrent Start) (G1 Humongous Allocation)
[234.226s][info][gc,task     ] GC(496) Using 2 workers of 2 for evacuation
[234.242s][info][gc,phases   ] GC(496)   Pre Evacuate Collection Set: 0.28ms
[234.242s][info][gc,phases   ] GC(496)   Merge Heap Roots: 0.05ms
[234.242s][info][gc,phases   ] GC(496)   Evacuate Collection Set: 14.57ms
[234.242s][info][gc,phases   ] GC(496)   Post Evacuate Collection Set: 0.39ms
[234.242s][info][gc,phases   ] GC(496)   Other: 0.09ms
[234.242s][info][gc,heap     ] GC(496) Eden regions: 12->0(286)
[234.242s][info][gc,heap     ] GC(496) Survivor regions: 18->19(39)
[234.242s][info][gc,heap     ] GC(496) Old regions: 58->58
[234.242s][info][gc,heap     ] GC(496) Humongous regions: 69->1
[234.242s][info][gc,metaspace] GC(496) Metaspace: 42174K(42560K)->42174K(42560K) NonClass: 39362K(39616K)->39362K(39616K) Class: 2812K(2944K)->2812K(2944K)
[234.242s][info][gc          ] GC(496) Pause Young (Concurrent Start) (G1 Humongous Allocation) 156M->77M(509M) 15.581ms
[234.242s][info][gc          ] GC(497) Concurrent Undo Cycle
[234.242s][info][gc,marking  ] GC(497) Concurrent Clear Claimed Marks
[234.242s][info][gc,marking  ] GC(497) Concurrent Clear Claimed Marks 0.036ms
[234.242s][info][gc,marking  ] GC(497) Concurrent Cleanup for Next Mark
[234.242s][info][gc,cpu      ] GC(496) User=0.03s Sys=0.00s Real=0.02s
[234.243s][info][gc,marking  ] GC(497) Concurrent Cleanup for Next Mark 0.851ms
[234.243s][info][gc          ] GC(497) Concurrent Undo Cycle 0.927ms
[234.285s][info][gc,start    ] GC(498) Pause Young (Concurrent Start) (G1 Humongous Allocation)
[234.285s][info][gc,task     ] GC(498) Using 2 workers of 2 for evacuation
[234.300s][info][gc,phases   ] GC(498)   Pre Evacuate Collection Set: 0.23ms
[234.300s][info][gc,phases   ] GC(498)   Merge Heap Roots: 0.05ms
[234.300s][info][gc,phases   ] GC(498)   Evacuate Collection Set: 14.46ms
[234.300s][info][gc,phases   ] GC(498)   Post Evacuate Collection Set: 0.34ms
[234.300s][info][gc,phases   ] GC(498)   Other: 0.10ms
[234.300s][info][gc,heap     ] GC(498) Eden regions: 5->0(286)
[234.300s][info][gc,heap     ] GC(498) Survivor regions: 19->19(39)
[234.300s][info][gc,heap     ] GC(498) Old regions: 58->58
[234.300s][info][gc,heap     ] GC(498) Humongous regions: 33->1
[234.300s][info][gc,metaspace] GC(498) Metaspace: 42174K(42560K)->42174K(42560K) NonClass: 39362K(39616K)->39362K(39616K) Class: 2812K(2944K)->2812K(2944K)
[234.300s][info][gc          ] GC(498) Pause Young (Concurrent Start) (G1 Humongous Allocation) 114M->77M(509M) 15.376ms
[234.301s][info][gc,cpu      ] GC(498) User=0.03s Sys=0.00s Real=0.02s
[234.301s][info][gc          ] GC(499) Concurrent Undo Cycle
[234.301s][info][gc,marking  ] GC(499) Concurrent Clear Claimed Marks
[234.301s][info][gc,marking  ] GC(499) Concurrent Clear Claimed Marks 0.037ms
[234.301s][info][gc,marking  ] GC(499) Concurrent Cleanup for Next Mark
[234.301s][info][gc,marking  ] GC(499) Concurrent Cleanup for Next Mark 0.213ms
[234.301s][info][gc          ] GC(499) Concurrent Undo Cycle 0.325ms
[234.358s][info][gc,start    ] GC(500) Pause Young (Concurrent Start) (G1 Humongous Allocation)
[234.358s][info][gc,task     ] GC(500) Using 2 workers of 2 for evacuation
[234.376s][info][gc,phases   ] GC(500)   Pre Evacuate Collection Set: 0.24ms
[234.376s][info][gc,phases   ] GC(500)   Merge Heap Roots: 0.05ms
[234.376s][info][gc,phases   ] GC(500)   Evacuate Collection Set: 16.80ms
[234.376s][info][gc,phases   ] GC(500)   Post Evacuate Collection Set: 0.74ms
[234.376s][info][gc,phases   ] GC(500)   Other: 0.10ms
[234.376s][info][gc,heap     ] GC(500) Eden regions: 8->0(285)
[234.376s][info][gc,heap     ] GC(500) Survivor regions: 19->20(39)
[234.376s][info][gc,heap     ] GC(500) Old regions: 58->58
[234.376s][info][gc,heap     ] GC(500) Humongous regions: 35->1
[234.376s][info][gc,metaspace] GC(500) Metaspace: 42174K(42560K)->42174K(42560K) NonClass: 39362K(39616K)->39362K(39616K) Class: 2812K(2944K)->2812K(2944K)
[234.376s][info][gc          ] GC(500) Pause Young (Concurrent Start) (G1 Humongous Allocation) 119M->78M(509M) 18.158ms
[234.376s][info][gc,cpu      ] GC(500) User=0.03s Sys=0.00s Real=0.01s
[234.376s][info][gc          ] GC(501) Concurrent Undo Cycle
[234.376s][info][gc,marking  ] GC(501) Concurrent Clear Claimed Marks
[234.376s][info][gc,marking  ] GC(501) Concurrent Clear Claimed Marks 0.037ms
[234.376s][info][gc,marking  ] GC(501) Concurrent Cleanup for Next Mark
[234.376s][info][gc,marking  ] GC(501) Concurrent Cleanup for Next Mark 0.128ms
[234.376s][info][gc          ] GC(501) Concurrent Undo Cycle 0.203ms
[234.442s][info][gc,start    ] GC(502) Pause Young (Concurrent Start) (G1 Humongous Allocation)
[234.442s][info][gc,task     ] GC(502) Using 2 workers of 2 for evacuation
[234.462s][info][gc,phases   ] GC(502)   Pre Evacuate Collection Set: 0.25ms
[234.462s][info][gc,phases   ] GC(502)   Merge Heap Roots: 0.05ms
[234.462s][info][gc,phases   ] GC(502)   Evacuate Collection Set: 17.86ms
[234.462s][info][gc,phases   ] GC(502)   Post Evacuate Collection Set: 1.50ms
[234.462s][info][gc,phases   ] GC(502)   Other: 0.13ms
[234.462s][info][gc,heap     ] GC(502) Eden regions: 9->0(379)
[234.462s][info][gc,heap     ] GC(502) Survivor regions: 20->21(39)
[234.462s][info][gc,heap     ] GC(502) Old regions: 58->60
[234.462s][info][gc,heap     ] GC(502) Humongous regions: 39->1
[234.462s][info][gc,metaspace] GC(502) Metaspace: 42174K(42560K)->42174K(42560K) NonClass: 39362K(39616K)->39362K(39616K) Class: 2812K(2944K)->2812K(2944K)
[234.462s][info][gc          ] GC(502) Pause Young (Concurrent Start) (G1 Humongous Allocation) 125M->81M(667M) 20.004ms
[234.462s][info][gc          ] GC(503) Concurrent Undo Cycle
[234.462s][info][gc,marking  ] GC(503) Concurrent Clear Claimed Marks
[234.462s][info][gc,marking  ] GC(503) Concurrent Clear Claimed Marks 0.037ms
[234.462s][info][gc,marking  ] GC(503) Concurrent Cleanup for Next Mark
[234.462s][info][gc,cpu      ] GC(502) User=0.04s Sys=0.01s Real=0.02s
[234.463s][info][gc,marking  ] GC(503) Concurrent Cleanup for Next Mark 1.158ms
[234.463s][info][gc          ] GC(503) Concurrent Undo Cycle 1.234ms
[234.606s][info][gc,start    ] GC(504) Pause Young (Concurrent Start) (G1 Humongous Allocation)
[234.606s][info][gc,task     ] GC(504) Using 2 workers of 2 for evacuation
[234.637s][info][gc,phases   ] GC(504)   Pre Evacuate Collection Set: 0.26ms
[234.637s][info][gc,phases   ] GC(504)   Merge Heap Roots: 0.05ms
[234.637s][info][gc,phases   ] GC(504)   Evacuate Collection Set: 29.64ms
[234.637s][info][gc,phases   ] GC(504)   Post Evacuate Collection Set: 0.72ms
[234.637s][info][gc,phases   ] GC(504)   Other: 0.16ms
[234.637s][info][gc,heap     ] GC(504) Eden regions: 19->0(376)
[234.637s][info][gc,heap     ] GC(504) Survivor regions: 21->24(50)
[234.637s][info][gc,heap     ] GC(504) Old regions: 60->60
[234.637s][info][gc,heap     ] GC(504) Humongous regions: 93->1
[234.637s][info][gc,metaspace] GC(504) Metaspace: 42174K(42560K)->42174K(42560K) NonClass: 39362K(39616K)->39362K(39616K) Class: 2812K(2944K)->2812K(2944K)
[234.637s][info][gc          ] GC(504) Pause Young (Concurrent Start) (G1 Humongous Allocation) 191M->84M(667M) 31.045ms
[234.637s][info][gc,cpu      ] GC(504) User=0.05s Sys=0.01s Real=0.04s
[234.637s][info][gc          ] GC(505) Concurrent Undo Cycle
[234.637s][info][gc,marking  ] GC(505) Concurrent Clear Claimed Marks
[234.637s][info][gc,marking  ] GC(505) Concurrent Clear Claimed Marks 0.040ms
[234.637s][info][gc,marking  ] GC(505) Concurrent Cleanup for Next Mark
[234.637s][info][gc,marking  ] GC(505) Concurrent Cleanup for Next Mark 0.210ms
[234.637s][info][gc          ] GC(505) Concurrent Undo Cycle 0.326ms
[234.779s][info][gc,start    ] GC(506) Pause Young (Concurrent Start) (G1 Humongous Allocation)
[234.779s][info][gc,task     ] GC(506) Using 2 workers of 2 for evacuation
[234.806s][info][gc,phases   ] GC(506)   Pre Evacuate Collection Set: 0.27ms
[234.806s][info][gc,phases   ] GC(506)   Merge Heap Roots: 0.07ms
[234.806s][info][gc,phases   ] GC(506)   Evacuate Collection Set: 25.64ms
[234.806s][info][gc,phases   ] GC(506)   Post Evacuate Collection Set: 0.74ms
[234.806s][info][gc,phases   ] GC(506)   Other: 0.12ms
[234.806s][info][gc,heap     ] GC(506) Eden regions: 18->0(375)
[234.806s][info][gc,heap     ] GC(506) Survivor regions: 24->25(50)
[234.806s][info][gc,heap     ] GC(506) Old regions: 60->60
[234.806s][info][gc,heap     ] GC(506) Humongous regions: 97->1
[234.806s][info][gc,metaspace] GC(506) Metaspace: 42174K(42560K)->42174K(42560K) NonClass: 39362K(39616K)->39362K(39616K) Class: 2812K(2944K)->2812K(2944K)
[234.806s][info][gc          ] GC(506) Pause Young (Concurrent Start) (G1 Humongous Allocation) 198M->85M(667M) 27.062ms
[234.806s][info][gc,cpu      ] GC(506) User=0.05s Sys=0.01s Real=0.02s
[234.806s][info][gc          ] GC(507) Concurrent Undo Cycle
[234.806s][info][gc,marking  ] GC(507) Concurrent Clear Claimed Marks
[234.806s][info][gc,marking  ] GC(507) Concurrent Clear Claimed Marks 0.038ms
[234.806s][info][gc,marking  ] GC(507) Concurrent Cleanup for Next Mark
[234.806s][info][gc,marking  ] GC(507) Concurrent Cleanup for Next Mark 0.176ms
[234.806s][info][gc          ] GC(507) Concurrent Undo Cycle 0.286ms
[234.933s][info][gc,start    ] GC(508) Pause Young (Concurrent Start) (G1 Humongous Allocation)
[234.933s][info][gc,task     ] GC(508) Using 2 workers of 2 for evacuation
[234.955s][info][gc,phases   ] GC(508)   Pre Evacuate Collection Set: 0.31ms
[234.955s][info][gc,phases   ] GC(508)   Merge Heap Roots: 0.07ms
[234.955s][info][gc,phases   ] GC(508)   Evacuate Collection Set: 21.24ms
[234.955s][info][gc,phases   ] GC(508)   Post Evacuate Collection Set: 0.48ms
[234.955s][info][gc,phases   ] GC(508)   Other: 0.10ms
[234.955s][info][gc,heap     ] GC(508) Eden regions: 15->0(374)
[234.955s][info][gc,heap     ] GC(508) Survivor regions: 25->26(50)
[234.955s][info][gc,heap     ] GC(508) Old regions: 60->60
[234.955s][info][gc,heap     ] GC(508) Humongous regions: 99->1
[234.955s][info][gc,metaspace] GC(508) Metaspace: 42174K(42560K)->42174K(42560K) NonClass: 39362K(39616K)->39362K(39616K) Class: 2812K(2944K)->2812K(2944K)
[234.955s][info][gc          ] GC(508) Pause Young (Concurrent Start) (G1 Humongous Allocation) 197M->85M(667M) 22.402ms
[234.955s][info][gc,cpu      ] GC(508) User=0.04s Sys=0.00s Real=0.02s
[234.955s][info][gc          ] GC(509) Concurrent Undo Cycle
[234.955s][info][gc,marking  ] GC(509) Concurrent Clear Claimed Marks
[234.955s][info][gc,marking  ] GC(509) Concurrent Clear Claimed Marks 0.037ms
[234.955s][info][gc,marking  ] GC(509) Concurrent Cleanup for Next Mark
[234.956s][info][gc,marking  ] GC(509) Concurrent Cleanup for Next Mark 0.703ms
[234.956s][info][gc          ] GC(509) Concurrent Undo Cycle 0.817ms
[235.126s][info][gc,start    ] GC(510) Pause Young (Concurrent Start) (G1 Humongous Allocation)
[235.126s][info][gc,task     ] GC(510) Using 2 workers of 2 for evacuation
[235.155s][info][gc,phases   ] GC(510)   Pre Evacuate Collection Set: 0.28ms
[235.155s][info][gc,phases   ] GC(510)   Merge Heap Roots: 0.06ms
[235.155s][info][gc,phases   ] GC(510)   Evacuate Collection Set: 26.72ms
[235.155s][info][gc,phases   ] GC(510)   Post Evacuate Collection Set: 1.26ms
[235.155s][info][gc,phases   ] GC(510)   Other: 0.09ms
[235.155s][info][gc,heap     ] GC(510) Eden regions: 25->0(407)
[235.155s][info][gc,heap     ] GC(510) Survivor regions: 26->31(50)
[235.155s][info][gc,heap     ] GC(510) Old regions: 60->60
[235.155s][info][gc,heap     ] GC(510) Humongous regions: 101->1
[235.155s][info][gc,metaspace] GC(510) Metaspace: 42174K(42560K)->42174K(42560K) NonClass: 39362K(39616K)->39362K(39616K) Class: 2812K(2944K)->2812K(2944K)
[235.155s][info][gc          ] GC(510) Pause Young (Concurrent Start) (G1 Humongous Allocation) 210M->91M(730M) 28.621ms
[235.155s][info][gc,cpu      ] GC(510) User=0.05s Sys=0.00s Real=0.03s
[235.155s][info][gc          ] GC(511) Concurrent Undo Cycle
[235.155s][info][gc,marking  ] GC(511) Concurrent Clear Claimed Marks
[235.155s][info][gc,marking  ] GC(511) Concurrent Clear Claimed Marks 0.036ms
[235.155s][info][gc,marking  ] GC(511) Concurrent Cleanup for Next Mark
[235.155s][info][gc,marking  ] GC(511) Concurrent Cleanup for Next Mark 0.179ms
[235.155s][info][gc          ] GC(511) Concurrent Undo Cycle 0.306ms
[236.351s][info][gc,start    ] GC(512) Pause Young (Normal) (G1 Evacuation Pause)
[236.351s][info][gc,task     ] GC(512) Using 2 workers of 2 for evacuation
[236.361s][info][gc,phases   ] GC(512)   Pre Evacuate Collection Set: 0.27ms
[236.361s][info][gc,phases   ] GC(512)   Merge Heap Roots: 0.11ms
[236.361s][info][gc,phases   ] GC(512)   Evacuate Collection Set: 8.63ms
[236.361s][info][gc,phases   ] GC(512)   Post Evacuate Collection Set: 0.66ms
[236.361s][info][gc,phases   ] GC(512)   Other: 0.15ms
[236.361s][info][gc,heap     ] GC(512) Eden regions: 407->0(429)
[236.361s][info][gc,heap     ] GC(512) Survivor regions: 31->9(55)
[236.361s][info][gc,heap     ] GC(512) Old regions: 60->62
[236.361s][info][gc,heap     ] GC(512) Humongous regions: 63->1
[236.361s][info][gc,metaspace] GC(512) Metaspace: 42202K(42560K)->42202K(42560K) NonClass: 39390K(39616K)->39390K(39616K) Class: 2812K(2944K)->2812K(2944K)
[236.361s][info][gc          ] GC(512) Pause Young (Normal) (G1 Evacuation Pause) 560M->71M(730M) 10.067ms
[236.361s][info][gc,cpu      ] GC(512) User=0.02s Sys=0.00s Real=0.01s
[237.255s][info][gc,start    ] GC(513) Pause Young (Normal) (G1 Evacuation Pause)
[237.255s][info][gc,task     ] GC(513) Using 2 workers of 2 for evacuation
[237.262s][info][gc,phases   ] GC(513)   Pre Evacuate Collection Set: 0.25ms
[237.262s][info][gc,phases   ] GC(513)   Merge Heap Roots: 0.10ms
[237.262s][info][gc,phases   ] GC(513)   Evacuate Collection Set: 6.58ms
[237.262s][info][gc,phases   ] GC(513)   Post Evacuate Collection Set: 0.61ms
[237.262s][info][gc,phases   ] GC(513)   Other: 0.17ms
[237.262s][info][gc,heap     ] GC(513) Eden regions: 429->0(428)
[237.262s][info][gc,heap     ] GC(513) Survivor regions: 9->10(55)
[237.262s][info][gc,heap     ] GC(513) Old regions: 62->62
[237.262s][info][gc,heap     ] GC(513) Humongous regions: 1->1
[237.262s][info][gc,metaspace] GC(513) Metaspace: 42218K(42624K)->42218K(42624K) NonClass: 39405K(39680K)->39405K(39680K) Class: 2812K(2944K)->2812K(2944K)
[237.262s][info][gc          ] GC(513) Pause Young (Normal) (G1 Evacuation Pause) 500M->72M(730M) 7.902ms
[237.262s][info][gc,cpu      ] GC(513) User=0.01s Sys=0.00s Real=0.01s
[238.199s][info][gc,start    ] GC(514) Pause Young (Normal) (G1 Evacuation Pause)
[238.199s][info][gc,task     ] GC(514) Using 2 workers of 2 for evacuation
[238.209s][info][gc,phases   ] GC(514)   Pre Evacuate Collection Set: 0.38ms
[238.209s][info][gc,phases   ] GC(514)   Merge Heap Roots: 0.09ms
[238.209s][info][gc,phases   ] GC(514)   Evacuate Collection Set: 9.07ms
[238.209s][info][gc,phases   ] GC(514)   Post Evacuate Collection Set: 0.68ms
[238.209s][info][gc,phases   ] GC(514)   Other: 0.10ms
[238.209s][info][gc,heap     ] GC(514) Eden regions: 428->0(424)
[238.209s][info][gc,heap     ] GC(514) Survivor regions: 10->14(55)
[238.209s][info][gc,heap     ] GC(514) Old regions: 62->62
[238.209s][info][gc,heap     ] GC(514) Humongous regions: 1->1
[238.209s][info][gc,metaspace] GC(514) Metaspace: 42400K(42752K)->42400K(42752K) NonClass: 39588K(39808K)->39588K(39808K) Class: 2812K(2944K)->2812K(2944K)
[238.209s][info][gc          ] GC(514) Pause Young (Normal) (G1 Evacuation Pause) 500M->76M(730M) 10.519ms
[238.209s][info][gc,cpu      ] GC(514) User=0.03s Sys=0.00s Real=0.01s
[240.267s][info][gc,start    ] GC(515) Pause Young (Normal) (G1 Evacuation Pause)
[240.267s][info][gc,task     ] GC(515) Using 2 workers of 2 for evacuation
[240.293s][info][gc,phases   ] GC(515)   Pre Evacuate Collection Set: 0.37ms
[240.293s][info][gc,phases   ] GC(515)   Merge Heap Roots: 0.14ms
[240.293s][info][gc,phases   ] GC(515)   Evacuate Collection Set: 24.66ms
[240.293s][info][gc,phases   ] GC(515)   Post Evacuate Collection Set: 0.88ms
[240.293s][info][gc,phases   ] GC(515)   Other: 0.08ms
[240.293s][info][gc,heap     ] GC(515) Eden regions: 424->0(412)
[240.294s][info][gc,heap     ] GC(515) Survivor regions: 14->26(55)
[240.294s][info][gc,heap     ] GC(515) Old regions: 62->62
[240.294s][info][gc,heap     ] GC(515) Humongous regions: 13->3
[240.294s][info][gc,metaspace] GC(515) Metaspace: 42470K(42880K)->42470K(42880K) NonClass: 39657K(39936K)->39657K(39936K) Class: 2812K(2944K)->2812K(2944K)
[240.294s][info][gc          ] GC(515) Pause Young (Normal) (G1 Evacuation Pause) 512M->90M(730M) 26.311ms
[240.294s][info][gc,cpu      ] GC(515) User=0.05s Sys=0.00s Real=0.02s
[241.301s][info][gc,start    ] GC(516) Pause Young (Normal) (G1 Evacuation Pause)
[241.301s][info][gc,task     ] GC(516) Using 2 workers of 2 for evacuation
[241.377s][info][gc,phases   ] GC(516)   Pre Evacuate Collection Set: 0.25ms
[241.377s][info][gc,phases   ] GC(516)   Merge Heap Roots: 0.17ms
[241.377s][info][gc,phases   ] GC(516)   Evacuate Collection Set: 74.68ms
[241.377s][info][gc,phases   ] GC(516)   Post Evacuate Collection Set: 0.76ms
[241.377s][info][gc,phases   ] GC(516)   Other: 0.09ms
[241.377s][info][gc,heap     ] GC(516) Eden regions: 412->0(383)
[241.377s][info][gc,heap     ] GC(516) Survivor regions: 26->55(55)
[241.377s][info][gc,heap     ] GC(516) Old regions: 62->74
[241.377s][info][gc,heap     ] GC(516) Humongous regions: 7->6
[241.377s][info][gc,metaspace] GC(516) Metaspace: 42470K(42880K)->42470K(42880K) NonClass: 39658K(39936K)->39658K(39936K) Class: 2812K(2944K)->2812K(2944K)
[241.377s][info][gc          ] GC(516) Pause Young (Normal) (G1 Evacuation Pause) 506M->134M(730M) 76.148ms
[241.377s][info][gc,cpu      ] GC(516) User=0.15s Sys=0.00s Real=0.08s
[244.964s][info][gc,start    ] GC(517) Pause Young (Normal) (G1 Evacuation Pause)
[244.964s][info][gc,task     ] GC(517) Using 2 workers of 2 for evacuation
[245.049s][info][gc,phases   ] GC(517)   Pre Evacuate Collection Set: 0.26ms
[245.049s][info][gc,phases   ] GC(517)   Merge Heap Roots: 0.29ms
[245.049s][info][gc,phases   ] GC(517)   Evacuate Collection Set: 83.57ms
[245.049s][info][gc,phases   ] GC(517)   Post Evacuate Collection Set: 0.75ms
[245.049s][info][gc,phases   ] GC(517)   Other: 0.08ms
[245.050s][info][gc,heap     ] GC(517) Eden regions: 383->0(410)
[245.050s][info][gc,heap     ] GC(517) Survivor regions: 55->28(55)
[245.050s][info][gc,heap     ] GC(517) Old regions: 74->119
[245.050s][info][gc,heap     ] GC(517) Humongous regions: 21->16
[245.050s][info][gc,metaspace] GC(517) Metaspace: 42484K(42880K)->42484K(42880K) NonClass: 39671K(39936K)->39671K(39936K) Class: 2812K(2944K)->2812K(2944K)
[245.050s][info][gc          ] GC(517) Pause Young (Normal) (G1 Evacuation Pause) 532M->162M(730M) 85.145ms
[245.050s][info][gc,cpu      ] GC(517) User=0.17s Sys=0.00s Real=0.09s
[246.706s][info][gc,start    ] GC(518) Pause Young (Normal) (G1 Evacuation Pause)
[246.706s][info][gc,task     ] GC(518) Using 2 workers of 2 for evacuation
[246.743s][info][gc,phases   ] GC(518)   Pre Evacuate Collection Set: 0.25ms
[246.743s][info][gc,phases   ] GC(518)   Merge Heap Roots: 0.20ms
[246.743s][info][gc,phases   ] GC(518)   Evacuate Collection Set: 35.82ms
[246.743s][info][gc,phases   ] GC(518)   Post Evacuate Collection Set: 0.64ms
[246.743s][info][gc,phases   ] GC(518)   Other: 0.07ms
[246.743s][info][gc,heap     ] GC(518) Eden regions: 410->0(428)
[246.743s][info][gc,heap     ] GC(518) Survivor regions: 28->10(55)
[246.743s][info][gc,heap     ] GC(518) Old regions: 119->147
[246.743s][info][gc,heap     ] GC(518) Humongous regions: 16->16
[246.743s][info][gc,metaspace] GC(518) Metaspace: 42496K(42880K)->42496K(42880K) NonClass: 39683K(39936K)->39683K(39936K) Class: 2812K(2944K)->2812K(2944K)
[246.743s][info][gc          ] GC(518) Pause Young (Normal) (G1 Evacuation Pause) 572M->172M(730M) 37.166ms
[246.743s][info][gc,cpu      ] GC(518) User=0.07s Sys=0.00s Real=0.04s
[249.035s][info][gc,start    ] GC(519) Pause Young (Normal) (G1 Evacuation Pause)
[249.035s][info][gc,task     ] GC(519) Using 2 workers of 2 for evacuation
[249.041s][info][gc,phases   ] GC(519)   Pre Evacuate Collection Set: 0.29ms
[249.041s][info][gc,phases   ] GC(519)   Merge Heap Roots: 0.12ms
[249.041s][info][gc,phases   ] GC(519)   Evacuate Collection Set: 4.87ms
[249.041s][info][gc,phases   ] GC(519)   Post Evacuate Collection Set: 0.59ms
[249.041s][info][gc,phases   ] GC(519)   Other: 0.07ms
[249.041s][info][gc,heap     ] GC(519) Eden regions: 428->0(431)
[249.041s][info][gc,heap     ] GC(519) Survivor regions: 10->7(55)
[249.041s][info][gc,heap     ] GC(519) Old regions: 147->147
[249.041s][info][gc,heap     ] GC(519) Humongous regions: 16->16
[249.041s][info][gc,metaspace] GC(519) Metaspace: 42497K(42944K)->42497K(42944K) NonClass: 39684K(40000K)->39684K(40000K) Class: 2812K(2944K)->2812K(2944K)
[249.041s][info][gc          ] GC(519) Pause Young (Normal) (G1 Evacuation Pause) 600M->168M(730M) 6.126ms
[249.041s][info][gc,cpu      ] GC(519) User=0.01s Sys=0.00s Real=0.01s
[251.064s][info][gc,start    ] GC(520) Pause Young (Normal) (G1 Evacuation Pause)
[251.064s][info][gc,task     ] GC(520) Using 2 workers of 2 for evacuation
[251.080s][info][gc,phases   ] GC(520)   Pre Evacuate Collection Set: 0.27ms
[251.080s][info][gc,phases   ] GC(520)   Merge Heap Roots: 0.12ms
[251.080s][info][gc,phases   ] GC(520)   Evacuate Collection Set: 14.73ms
[251.080s][info][gc,phases   ] GC(520)   Post Evacuate Collection Set: 0.66ms
[251.080s][info][gc,phases   ] GC(520)   Other: 0.10ms
[251.080s][info][gc,heap     ] GC(520) Eden regions: 431->0(419)
[251.080s][info][gc,heap     ] GC(520) Survivor regions: 7->19(55)
[251.080s][info][gc,heap     ] GC(520) Old regions: 147->147
[251.080s][info][gc,heap     ] GC(520) Humongous regions: 19->18
[251.080s][info][gc,metaspace] GC(520) Metaspace: 42497K(42944K)->42497K(42944K) NonClass: 39684K(40000K)->39684K(40000K) Class: 2812K(2944K)->2812K(2944K)
[251.080s][info][gc          ] GC(520) Pause Young (Normal) (G1 Evacuation Pause) 602M->182M(730M) 16.085ms
[251.080s][info][gc,cpu      ] GC(520) User=0.03s Sys=0.00s Real=0.02s
[252.005s][info][gc,start    ] GC(521) Pause Young (Normal) (G1 Evacuation Pause)
[252.005s][info][gc,task     ] GC(521) Using 2 workers of 2 for evacuation
[252.081s][info][gc,phases   ] GC(521)   Pre Evacuate Collection Set: 0.41ms
[252.081s][info][gc,phases   ] GC(521)   Merge Heap Roots: 0.14ms
[252.081s][info][gc,phases   ] GC(521)   Evacuate Collection Set: 73.86ms
[252.081s][info][gc,phases   ] GC(521)   Post Evacuate Collection Set: 0.76ms
[252.081s][info][gc,phases   ] GC(521)   Other: 0.10ms
[252.081s][info][gc,heap     ] GC(521) Eden regions: 419->0(383)
[252.081s][info][gc,heap     ] GC(521) Survivor regions: 19->55(55)
[252.081s][info][gc,heap     ] GC(521) Old regions: 147->158
[252.081s][info][gc,heap     ] GC(521) Humongous regions: 21->21
[252.081s][info][gc,metaspace] GC(521) Metaspace: 42497K(42944K)->42497K(42944K) NonClass: 39684K(40000K)->39684K(40000K) Class: 2812K(2944K)->2812K(2944K)
[252.081s][info][gc          ] GC(521) Pause Young (Normal) (G1 Evacuation Pause) 604M->233M(730M) 75.477ms
[252.081s][info][gc,cpu      ] GC(521) User=0.14s Sys=0.00s Real=0.08s
[253.955s][info][gc,start    ] GC(522) Pause Young (Normal) (G1 Evacuation Pause)
[253.956s][info][gc,task     ] GC(522) Using 2 workers of 2 for evacuation
[254.030s][info][gc,phases   ] GC(522)   Pre Evacuate Collection Set: 0.27ms
[254.030s][info][gc,phases   ] GC(522)   Merge Heap Roots: 0.30ms
[254.030s][info][gc,phases   ] GC(522)   Evacuate Collection Set: 73.14ms
[254.030s][info][gc,phases   ] GC(522)   Post Evacuate Collection Set: 0.71ms
[254.030s][info][gc,phases   ] GC(522)   Other: 0.07ms
[254.030s][info][gc,heap     ] GC(522) Eden regions: 383->0(395)
[254.030s][info][gc,heap     ] GC(522) Survivor regions: 55->23(55)
[254.030s][info][gc,heap     ] GC(522) Old regions: 158->203
[254.030s][info][gc,heap     ] GC(522) Humongous regions: 33->31
[254.030s][info][gc,metaspace] GC(522) Metaspace: 42497K(42944K)->42497K(42944K) NonClass: 39684K(40000K)->39684K(40000K) Class: 2812K(2944K)->2812K(2944K)
[254.030s][info][gc          ] GC(522) Pause Young (Normal) (G1 Evacuation Pause) 628M->255M(730M) 74.685ms
[254.030s][info][gc,cpu      ] GC(522) User=0.15s Sys=0.00s Real=0.08s
[255.946s][info][gc,start    ] GC(523) Pause Young (Concurrent Start) (G1 Evacuation Pause)
[255.946s][info][gc,task     ] GC(523) Using 2 workers of 2 for evacuation
[255.978s][info][gc,phases   ] GC(523)   Pre Evacuate Collection Set: 0.28ms
[255.978s][info][gc,phases   ] GC(523)   Merge Heap Roots: 0.20ms
[255.978s][info][gc,phases   ] GC(523)   Evacuate Collection Set: 30.07ms
[255.978s][info][gc,phases   ] GC(523)   Post Evacuate Collection Set: 0.64ms
[255.978s][info][gc,phases   ] GC(523)   Other: 0.11ms
[255.978s][info][gc,heap     ] GC(523) Eden regions: 395->0(399)
[255.978s][info][gc,heap     ] GC(523) Survivor regions: 23->28(53)
[255.978s][info][gc,heap     ] GC(523) Old regions: 203->203
[255.978s][info][gc,heap     ] GC(523) Humongous regions: 31->31
[255.978s][info][gc,metaspace] GC(523) Metaspace: 42497K(42944K)->42497K(42944K) NonClass: 39684K(40000K)->39684K(40000K) Class: 2812K(2944K)->2812K(2944K)
[255.978s][info][gc          ] GC(523) Pause Young (Concurrent Start) (G1 Evacuation Pause) 650M->260M(730M) 31.499ms
[255.978s][info][gc,cpu      ] GC(523) User=0.06s Sys=0.00s Real=0.04s
[255.978s][info][gc          ] GC(524) Concurrent Mark Cycle
[255.978s][info][gc,marking  ] GC(524) Concurrent Scan Root Regions
[255.988s][info][gc,marking  ] GC(524) Concurrent Scan Root Regions 10.094ms
[255.988s][info][gc,marking  ] GC(524) Concurrent Mark
[255.988s][info][gc,marking  ] GC(524) Concurrent Mark From Roots
[255.988s][info][gc,task     ] GC(524) Using 1 workers of 1 for marking
[256.021s][info][gc,marking  ] GC(524) Concurrent Mark From Roots 32.777ms
[256.021s][info][gc,marking  ] GC(524) Concurrent Preclean
[256.021s][info][gc,marking  ] GC(524) Concurrent Preclean 0.156ms
[256.021s][info][gc,start    ] GC(524) Pause Remark
[256.037s][info][gc          ] GC(524) Pause Remark 269M->110M(344M) 16.103ms
[256.037s][info][gc,cpu      ] GC(524) User=0.03s Sys=0.00s Real=0.02s
[256.038s][info][gc,marking  ] GC(524) Concurrent Mark 49.690ms
[256.038s][info][gc,marking  ] GC(524) Concurrent Rebuild Remembered Sets and Scrub Regions
[256.049s][info][gc,marking  ] GC(524) Concurrent Rebuild Remembered Sets and Scrub Regions 11.607ms
[256.050s][info][gc,start    ] GC(524) Pause Cleanup
[256.050s][info][gc          ] GC(524) Pause Cleanup 112M->112M(344M) 0.043ms
[256.050s][info][gc,cpu      ] GC(524) User=0.00s Sys=0.00s Real=0.00s
[256.050s][info][gc,marking  ] GC(524) Concurrent Clear Claimed Marks
[256.050s][info][gc,marking  ] GC(524) Concurrent Clear Claimed Marks 0.042ms
[256.050s][info][gc,marking  ] GC(524) Concurrent Cleanup for Next Mark
[256.051s][info][gc,marking  ] GC(524) Concurrent Cleanup for Next Mark 1.323ms
[256.051s][info][gc          ] GC(524) Concurrent Mark Cycle 73.070ms
[256.935s][info][gc,start    ] GC(525) Pause Young (Prepare Mixed) (G1 Evacuation Pause)
[256.935s][info][gc,task     ] GC(525) Using 2 workers of 2 for evacuation
[256.941s][info][gc,phases   ] GC(525)   Pre Evacuate Collection Set: 0.17ms
[256.941s][info][gc,phases   ] GC(525)   Merge Heap Roots: 0.15ms
[256.941s][info][gc,phases   ] GC(525)   Evacuate Collection Set: 4.99ms
[256.941s][info][gc,phases   ] GC(525)   Post Evacuate Collection Set: 0.42ms
[256.941s][info][gc,phases   ] GC(525)   Other: 0.06ms
[256.941s][info][gc,heap     ] GC(525) Eden regions: 178->0(199)
[256.941s][info][gc,heap     ] GC(525) Survivor regions: 28->7(26)
[256.941s][info][gc,heap     ] GC(525) Old regions: 74->75
[256.941s][info][gc,heap     ] GC(525) Humongous regions: 1->1
[256.941s][info][gc,metaspace] GC(525) Metaspace: 42497K(42944K)->42497K(42944K) NonClass: 39684K(40000K)->39684K(40000K) Class: 2812K(2944K)->2812K(2944K)
[256.941s][info][gc          ] GC(525) Pause Young (Prepare Mixed) (G1 Evacuation Pause) 280M->82M(344M) 5.958ms
[256.941s][info][gc,cpu      ] GC(525) User=0.01s Sys=0.00s Real=0.01s
[257.989s][info][gc,start    ] GC(526) Pause Young (Mixed) (G1 Evacuation Pause)
[257.990s][info][gc,task     ] GC(526) Using 2 workers of 2 for evacuation
[258.009s][info][gc,phases   ] GC(526)   Pre Evacuate Collection Set: 0.24ms
[258.009s][info][gc,phases   ] GC(526)   Merge Heap Roots: 0.08ms
[258.009s][info][gc,phases   ] GC(526)   Evacuate Collection Set: 18.13ms
[258.009s][info][gc,phases   ] GC(526)   Post Evacuate Collection Set: 0.45ms
[258.009s][info][gc,phases   ] GC(526)   Other: 0.09ms
[258.009s][info][gc,heap     ] GC(526) Eden regions: 199->0(185)
[258.009s][info][gc,heap     ] GC(526) Survivor regions: 7->21(26)
[258.009s][info][gc,heap     ] GC(526) Old regions: 75->58
[258.009s][info][gc,heap     ] GC(526) Humongous regions: 2->2
[258.009s][info][gc,metaspace] GC(526) Metaspace: 42497K(42944K)->42497K(42944K) NonClass: 39684K(40000K)->39684K(40000K) Class: 2812K(2944K)->2812K(2944K)
[258.009s][info][gc          ] GC(526) Pause Young (Mixed) (G1 Evacuation Pause) 282M->79M(344M) 19.214ms
[258.009s][info][gc,cpu      ] GC(526) User=0.04s Sys=0.00s Real=0.02s
[258.808s][info][gc,start    ] GC(527) Pause Young (Normal) (G1 Evacuation Pause)
[258.808s][info][gc,task     ] GC(527) Using 2 workers of 2 for evacuation
[258.833s][info][gc,phases   ] GC(527)   Pre Evacuate Collection Set: 0.17ms
[258.833s][info][gc,phases   ] GC(527)   Merge Heap Roots: 0.07ms
[258.833s][info][gc,phases   ] GC(527)   Evacuate Collection Set: 24.53ms
[258.833s][info][gc,phases   ] GC(527)   Post Evacuate Collection Set: 0.50ms
[258.833s][info][gc,phases   ] GC(527)   Other: 0.08ms
[258.833s][info][gc,heap     ] GC(527) Eden regions: 185->0(191)
[258.833s][info][gc,heap     ] GC(527) Survivor regions: 21->15(26)
[258.833s][info][gc,heap     ] GC(527) Old regions: 58->75
[258.833s][info][gc,heap     ] GC(527) Humongous regions: 6->4
[258.833s][info][gc,metaspace] GC(527) Metaspace: 42503K(42944K)->42503K(42944K) NonClass: 39691K(40000K)->39691K(40000K) Class: 2812K(2944K)->2812K(2944K)
[258.833s][info][gc          ] GC(527) Pause Young (Normal) (G1 Evacuation Pause) 268M->93M(344M) 25.537ms
[258.833s][info][gc,cpu      ] GC(527) User=0.05s Sys=0.00s Real=0.02s
[258.844s][info][gc,start    ] GC(528) Pause Young (Concurrent Start) (G1 Humongous Allocation)
[258.844s][info][gc,task     ] GC(528) Using 2 workers of 2 for evacuation
[258.849s][info][gc,phases   ] GC(528)   Pre Evacuate Collection Set: 0.18ms
[258.849s][info][gc,phases   ] GC(528)   Merge Heap Roots: 0.03ms
[258.849s][info][gc,phases   ] GC(528)   Evacuate Collection Set: 3.76ms
[258.849s][info][gc,phases   ] GC(528)   Post Evacuate Collection Set: 0.26ms
[258.849s][info][gc,phases   ] GC(528)   Other: 0.09ms
[258.849s][info][gc,heap     ] GC(528) Eden regions: 3->0(205)
[258.849s][info][gc,heap     ] GC(528) Survivor regions: 15->1(26)
[258.849s][info][gc,heap     ] GC(528) Old regions: 75->81
[258.849s][info][gc,heap     ] GC(528) Humongous regions: 4->2
[258.849s][info][gc,metaspace] GC(528) Metaspace: 42503K(42944K)->42503K(42944K) NonClass: 39691K(40000K)->39691K(40000K) Class: 2812K(2944K)->2812K(2944K)
[258.849s][info][gc          ] GC(528) Pause Young (Concurrent Start) (G1 Humongous Allocation) 96M->83M(344M) 4.488ms
[258.849s][info][gc          ] GC(529) Concurrent Mark Cycle
[258.849s][info][gc,marking  ] GC(529) Concurrent Scan Root Regions
[258.851s][info][gc,cpu      ] GC(528) User=0.01s Sys=0.00s Real=0.01s
[258.857s][info][gc,marking  ] GC(529) Concurrent Scan Root Regions 8.241ms
[258.857s][info][gc,marking  ] GC(529) Concurrent Mark
[258.857s][info][gc,marking  ] GC(529) Concurrent Mark From Roots
[258.857s][info][gc,task     ] GC(529) Using 1 workers of 1 for marking
[258.895s][info][gc,marking  ] GC(529) Concurrent Mark From Roots 38.085ms
[258.895s][info][gc,marking  ] GC(529) Concurrent Preclean
[258.895s][info][gc,marking  ] GC(529) Concurrent Preclean 0.033ms
[258.895s][info][gc,start    ] GC(529) Pause Remark
[258.911s][info][gc          ] GC(529) Pause Remark 95M->90M(270M) 15.384ms
[258.911s][info][gc,cpu      ] GC(529) User=0.03s Sys=0.00s Real=0.02s
[258.911s][info][gc,marking  ] GC(529) Concurrent Mark 53.728ms
[258.911s][info][gc,marking  ] GC(529) Concurrent Rebuild Remembered Sets and Scrub Regions
[258.930s][info][gc,marking  ] GC(529) Concurrent Rebuild Remembered Sets and Scrub Regions 19.119ms
[258.930s][info][gc,start    ] GC(529) Pause Cleanup
[258.930s][info][gc          ] GC(529) Pause Cleanup 94M->94M(270M) 0.051ms
[258.930s][info][gc,cpu      ] GC(529) User=0.00s Sys=0.00s Real=0.00s
[258.930s][info][gc,marking  ] GC(529) Concurrent Clear Claimed Marks
[258.930s][info][gc,marking  ] GC(529) Concurrent Clear Claimed Marks 0.033ms
[258.930s][info][gc,marking  ] GC(529) Concurrent Cleanup for Next Mark
[258.931s][info][gc,marking  ] GC(529) Concurrent Cleanup for Next Mark 0.778ms
[258.931s][info][gc          ] GC(529) Concurrent Mark Cycle 82.246ms
[259.469s][info][gc,start    ] GC(530) Pause Young (Prepare Mixed) (G1 Evacuation Pause)
[259.469s][info][gc,task     ] GC(530) Using 2 workers of 2 for evacuation
[259.479s][info][gc,phases   ] GC(530)   Pre Evacuate Collection Set: 0.18ms
[259.479s][info][gc,phases   ] GC(530)   Merge Heap Roots: 0.06ms
[259.479s][info][gc,phases   ] GC(530)   Evacuate Collection Set: 9.61ms
[259.479s][info][gc,phases   ] GC(530)   Post Evacuate Collection Set: 0.42ms
[259.479s][info][gc,phases   ] GC(530)   Other: 0.08ms
[259.479s][info][gc,heap     ] GC(530) Eden regions: 161->0(147)
[259.479s][info][gc,heap     ] GC(530) Survivor regions: 1->13(21)
[259.479s][info][gc,heap     ] GC(530) Old regions: 77->77
[259.479s][info][gc,heap     ] GC(530) Humongous regions: 18->3
[259.479s][info][gc,metaspace] GC(530) Metaspace: 42528K(42944K)->42528K(42944K) NonClass: 39715K(40000K)->39715K(40000K) Class: 2812K(2944K)->2812K(2944K)
[259.479s][info][gc          ] GC(530) Pause Young (Prepare Mixed) (G1 Evacuation Pause) 256M->92M(270M) 10.538ms
[259.479s][info][gc,cpu      ] GC(530) User=0.02s Sys=0.00s Real=0.01s
[260.043s][info][gc,start    ] GC(531) Pause Young (Mixed) (G1 Evacuation Pause)
[260.043s][info][gc,task     ] GC(531) Using 2 workers of 2 for evacuation
[260.047s][info][gc,phases   ] GC(531)   Pre Evacuate Collection Set: 0.16ms
[260.047s][info][gc,phases   ] GC(531)   Merge Heap Roots: 0.11ms
[260.047s][info][gc,phases   ] GC(531)   Evacuate Collection Set: 2.97ms
[260.047s][info][gc,phases   ] GC(531)   Post Evacuate Collection Set: 0.43ms
[260.047s][info][gc,phases   ] GC(531)   Other: 0.07ms
[260.047s][info][gc,heap     ] GC(531) Eden regions: 147->0(160)
[260.047s][info][gc,heap     ] GC(531) Survivor regions: 13->2(20)
[260.047s][info][gc,heap     ] GC(531) Old regions: 77->51
[260.047s][info][gc,heap     ] GC(531) Humongous regions: 8->1
[260.047s][info][gc,metaspace] GC(531) Metaspace: 42528K(42944K)->42528K(42944K) NonClass: 39715K(40000K)->39715K(40000K) Class: 2812K(2944K)->2812K(2944K)
[260.047s][info][gc          ] GC(531) Pause Young (Mixed) (G1 Evacuation Pause) 244M->53M(270M) 3.885ms
[260.047s][info][gc,cpu      ] GC(531) User=0.01s Sys=0.00s Real=0.01s
[260.601s][info][gc,start    ] GC(532) Pause Young (Mixed) (G1 Evacuation Pause)
[260.601s][info][gc,task     ] GC(532) Using 2 workers of 2 for evacuation
[260.621s][info][gc,phases   ] GC(532)   Pre Evacuate Collection Set: 0.15ms
[260.621s][info][gc,phases   ] GC(532)   Merge Heap Roots: 0.07ms
[260.621s][info][gc,phases   ] GC(532)   Evacuate Collection Set: 19.66ms
[260.621s][info][gc,phases   ] GC(532)   Post Evacuate Collection Set: 0.43ms
[260.621s][info][gc,phases   ] GC(532)   Other: 0.07ms
[260.621s][info][gc,heap     ] GC(532) Eden regions: 160->0(141)
[260.621s][info][gc,heap     ] GC(532) Survivor regions: 2->21(21)
[260.621s][info][gc,heap     ] GC(532) Old regions: 51->48
[260.621s][info][gc,heap     ] GC(532) Humongous regions: 7->3
[260.621s][info][gc,metaspace] GC(532) Metaspace: 42528K(42944K)->42528K(42944K) NonClass: 39715K(40000K)->39715K(40000K) Class: 2812K(2944K)->2812K(2944K)
[260.621s][info][gc          ] GC(532) Pause Young (Mixed) (G1 Evacuation Pause) 219M->70M(270M) 20.545ms
[260.621s][info][gc,cpu      ] GC(532) User=0.04s Sys=0.00s Real=0.02s
[261.056s][info][gc,start    ] GC(533) Pause Young (Concurrent Start) (G1 Humongous Allocation)
[261.056s][info][gc,task     ] GC(533) Using 2 workers of 2 for evacuation
[261.076s][info][gc,phases   ] GC(533)   Pre Evacuate Collection Set: 0.17ms
[261.076s][info][gc,phases   ] GC(533)   Merge Heap Roots: 0.04ms
[261.076s][info][gc,phases   ] GC(533)   Evacuate Collection Set: 19.68ms
[261.076s][info][gc,phases   ] GC(533)   Post Evacuate Collection Set: 0.42ms
[261.076s][info][gc,phases   ] GC(533)   Other: 0.14ms
[261.076s][info][gc,heap     ] GC(533) Eden regions: 103->0(152)
[261.076s][info][gc,heap     ] GC(533) Survivor regions: 21->10(21)
[261.076s][info][gc,heap     ] GC(533) Old regions: 48->57
[261.076s][info][gc,heap     ] GC(533) Humongous regions: 3->1
[261.076s][info][gc,metaspace] GC(533) Metaspace: 42528K(42944K)->42528K(42944K) NonClass: 39715K(40000K)->39715K(40000K) Class: 2812K(2944K)->2812K(2944K)
[261.076s][info][gc          ] GC(533) Pause Young (Concurrent Start) (G1 Humongous Allocation) 173M->66M(270M) 20.644ms
[261.076s][info][gc          ] GC(534) Concurrent Mark Cycle
[261.076s][info][gc,marking  ] GC(534) Concurrent Scan Root Regions
[261.079s][info][gc,cpu      ] GC(533) User=0.04s Sys=0.00s Real=0.03s
[261.094s][info][gc,marking  ] GC(534) Concurrent Scan Root Regions 17.297ms
[261.094s][info][gc,marking  ] GC(534) Concurrent Mark
[261.094s][info][gc,marking  ] GC(534) Concurrent Mark From Roots
[261.094s][info][gc,task     ] GC(534) Using 1 workers of 1 for marking
[261.155s][info][gc,marking  ] GC(534) Concurrent Mark From Roots 60.905ms
[261.155s][info][gc,marking  ] GC(534) Concurrent Preclean
[261.155s][info][gc,marking  ] GC(534) Concurrent Preclean 0.039ms
[261.155s][info][gc,start    ] GC(534) Pause Remark
[261.175s][info][gc          ] GC(534) Pause Remark 80M->80M(256M) 19.229ms
[261.175s][info][gc,cpu      ] GC(534) User=0.03s Sys=0.00s Real=0.02s
[261.177s][info][gc,marking  ] GC(534) Concurrent Mark 83.166ms
[261.177s][info][gc,marking  ] GC(534) Concurrent Rebuild Remembered Sets and Scrub Regions
[261.212s][info][gc,marking  ] GC(534) Concurrent Rebuild Remembered Sets and Scrub Regions 34.923ms
[261.212s][info][gc,start    ] GC(534) Pause Cleanup
[261.212s][info][gc          ] GC(534) Pause Cleanup 89M->89M(256M) 0.057ms
[261.212s][info][gc,cpu      ] GC(534) User=0.00s Sys=0.00s Real=0.00s
[261.212s][info][gc,marking  ] GC(534) Concurrent Clear Claimed Marks
[261.212s][info][gc,marking  ] GC(534) Concurrent Clear Claimed Marks 0.039ms
[261.212s][info][gc,marking  ] GC(534) Concurrent Cleanup for Next Mark
[261.213s][info][gc,marking  ] GC(534) Concurrent Cleanup for Next Mark 0.770ms
[261.213s][info][gc          ] GC(534) Concurrent Mark Cycle 136.566ms
[261.619s][info][gc,start    ] GC(535) Pause Young (Prepare Mixed) (G1 Evacuation Pause)
[261.619s][info][gc,task     ] GC(535) Using 2 workers of 2 for evacuation
[261.636s][info][gc,phases   ] GC(535)   Pre Evacuate Collection Set: 0.17ms
[261.636s][info][gc,phases   ] GC(535)   Merge Heap Roots: 0.12ms
[261.636s][info][gc,phases   ] GC(535)   Evacuate Collection Set: 16.27ms
[261.636s][info][gc,phases   ] GC(535)   Post Evacuate Collection Set: 0.47ms
[261.636s][info][gc,phases   ] GC(535)   Other: 0.09ms
[261.636s][info][gc,heap     ] GC(535) Eden regions: 143->0(135)
[261.636s][info][gc,heap     ] GC(535) Survivor regions: 10->18(20)
[261.636s][info][gc,heap     ] GC(535) Old regions: 57->57
[261.636s][info][gc,heap     ] GC(535) Humongous regions: 15->3
[261.636s][info][gc,metaspace] GC(535) Metaspace: 42528K(42944K)->42528K(42944K) NonClass: 39715K(40000K)->39715K(40000K) Class: 2812K(2944K)->2812K(2944K)
[261.636s][info][gc          ] GC(535) Pause Young (Prepare Mixed) (G1 Evacuation Pause) 223M->76M(256M) 17.296ms
[261.636s][info][gc,cpu      ] GC(535) User=0.03s Sys=0.00s Real=0.01s
[262.085s][info][gc,start    ] GC(536) Pause Young (Mixed) (G1 Evacuation Pause)
[262.085s][info][gc,task     ] GC(536) Using 2 workers of 2 for evacuation
[262.104s][info][gc,phases   ] GC(536)   Pre Evacuate Collection Set: 0.14ms
[262.104s][info][gc,phases   ] GC(536)   Merge Heap Roots: 0.11ms
[262.104s][info][gc,phases   ] GC(536)   Evacuate Collection Set: 18.56ms
[262.104s][info][gc,phases   ] GC(536)   Post Evacuate Collection Set: 0.44ms
[262.104s][info][gc,phases   ] GC(536)   Other: 0.09ms
[262.104s][info][gc,heap     ] GC(536) Eden regions: 135->0(144)
[262.104s][info][gc,heap     ] GC(536) Survivor regions: 18->9(20)
[262.104s][info][gc,heap     ] GC(536) Old regions: 57->62
[262.104s][info][gc,heap     ] GC(536) Humongous regions: 13->3
[262.104s][info][gc,metaspace] GC(536) Metaspace: 42528K(42944K)->42528K(42944K) NonClass: 39715K(40000K)->39715K(40000K) Class: 2812K(2944K)->2812K(2944K)
[262.104s][info][gc          ] GC(536) Pause Young (Mixed) (G1 Evacuation Pause) 221M->72M(256M) 19.491ms
[262.104s][info][gc,cpu      ] GC(536) User=0.04s Sys=0.00s Real=0.02s
[262.154s][info][gc,start    ] GC(537) Pause Young (Concurrent Start) (G1 Humongous Allocation)
[262.154s][info][gc,task     ] GC(537) Using 2 workers of 2 for evacuation
[262.156s][info][gc,phases   ] GC(537)   Pre Evacuate Collection Set: 0.14ms
[262.157s][info][gc,phases   ] GC(537)   Merge Heap Roots: 0.05ms
[262.157s][info][gc,phases   ] GC(537)   Evacuate Collection Set: 1.80ms
[262.157s][info][gc,phases   ] GC(537)   Post Evacuate Collection Set: 0.28ms
[262.157s][info][gc,phases   ] GC(537)   Other: 0.10ms
[262.157s][info][gc,heap     ] GC(537) Eden regions: 15->0(151)
[262.157s][info][gc,heap     ] GC(537) Survivor regions: 9->2(20)
[262.157s][info][gc,heap     ] GC(537) Old regions: 62->62
[262.157s][info][gc,heap     ] GC(537) Humongous regions: 3->1
[262.157s][info][gc,metaspace] GC(537) Metaspace: 42537K(42944K)->42537K(42944K) NonClass: 39723K(40000K)->39723K(40000K) Class: 2813K(2944K)->2813K(2944K)
[262.157s][info][gc          ] GC(537) Pause Young (Concurrent Start) (G1 Humongous Allocation) 87M->63M(256M) 2.519ms
[262.157s][info][gc          ] GC(538) Concurrent Mark Cycle
[262.157s][info][gc,marking  ] GC(538) Concurrent Scan Root Regions
[262.159s][info][gc,marking  ] GC(538) Concurrent Scan Root Regions 1.908ms
[262.159s][info][gc,marking  ] GC(538) Concurrent Mark
[262.159s][info][gc,marking  ] GC(538) Concurrent Mark From Roots
[262.159s][info][gc,task     ] GC(538) Using 1 workers of 1 for marking
[262.159s][info][gc,cpu      ] GC(537) User=0.01s Sys=0.00s Real=0.01s
[262.205s][info][gc,marking  ] GC(538) Concurrent Mark From Roots 46.356ms
[262.205s][info][gc,marking  ] GC(538) Concurrent Preclean
[262.205s][info][gc,marking  ] GC(538) Concurrent Preclean 0.035ms
[262.205s][info][gc,start    ] GC(538) Pause Remark
[262.221s][info][gc          ] GC(538) Pause Remark 74M->71M(256M) 16.346ms
[262.221s][info][gc,cpu      ] GC(538) User=0.03s Sys=0.00s Real=0.02s
[262.222s][info][gc,marking  ] GC(538) Concurrent Mark 62.947ms
[262.222s][info][gc,marking  ] GC(538) Concurrent Rebuild Remembered Sets and Scrub Regions
[262.242s][info][gc,marking  ] GC(538) Concurrent Rebuild Remembered Sets and Scrub Regions 20.721ms
[262.242s][info][gc,start    ] GC(538) Pause Cleanup
[262.242s][info][gc          ] GC(538) Pause Cleanup 71M->71M(256M) 0.037ms
[262.242s][info][gc,cpu      ] GC(538) User=0.00s Sys=0.00s Real=0.00s
[262.242s][info][gc,marking  ] GC(538) Concurrent Clear Claimed Marks
[262.242s][info][gc,marking  ] GC(538) Concurrent Clear Claimed Marks 0.033ms
[262.242s][info][gc,marking  ] GC(538) Concurrent Cleanup for Next Mark
[262.243s][info][gc,marking  ] GC(538) Concurrent Cleanup for Next Mark 0.735ms
[262.243s][info][gc          ] GC(538) Concurrent Mark Cycle 86.538ms
[262.816s][info][gc,start    ] GC(539) Pause Young (Prepare Mixed) (G1 Evacuation Pause)
[262.816s][info][gc,task     ] GC(539) Using 2 workers of 2 for evacuation
[262.824s][info][gc,phases   ] GC(539)   Pre Evacuate Collection Set: 0.16ms
[262.824s][info][gc,phases   ] GC(539)   Merge Heap Roots: 0.07ms
[262.824s][info][gc,phases   ] GC(539)   Evacuate Collection Set: 6.99ms
[262.824s][info][gc,phases   ] GC(539)   Post Evacuate Collection Set: 0.41ms
[262.824s][info][gc,phases   ] GC(539)   Other: 0.07ms
[262.824s][info][gc,heap     ] GC(539) Eden regions: 151->0(143)
[262.824s][info][gc,heap     ] GC(539) Survivor regions: 2->10(20)
[262.824s][info][gc,heap     ] GC(539) Old regions: 58->58
[262.824s][info][gc,heap     ] GC(539) Humongous regions: 15->3
[262.824s][info][gc,metaspace] GC(539) Metaspace: 42537K(42944K)->42537K(42944K) NonClass: 39724K(40000K)->39724K(40000K) Class: 2813K(2944K)->2813K(2944K)
[262.824s][info][gc          ] GC(539) Pause Young (Prepare Mixed) (G1 Evacuation Pause) 225M->70M(256M) 7.879ms
[262.824s][info][gc,cpu      ] GC(539) User=0.02s Sys=0.00s Real=0.01s
[263.313s][info][gc,start    ] GC(540) Pause Young (Mixed) (G1 Evacuation Pause)
[263.313s][info][gc,task     ] GC(540) Using 2 workers of 2 for evacuation
[263.341s][info][gc,phases   ] GC(540)   Pre Evacuate Collection Set: 0.18ms
[263.341s][info][gc,phases   ] GC(540)   Merge Heap Roots: 0.13ms
[263.341s][info][gc,phases   ] GC(540)   Evacuate Collection Set: 27.37ms
[263.341s][info][gc,phases   ] GC(540)   Post Evacuate Collection Set: 0.60ms
[263.341s][info][gc,phases   ] GC(540)   Other: 0.07ms
[263.341s][info][gc,heap     ] GC(540) Eden regions: 143->0(133)
[263.341s][info][gc,heap     ] GC(540) Survivor regions: 10->20(20)
[263.341s][info][gc,heap     ] GC(540) Old regions: 58->51
[263.341s][info][gc,heap     ] GC(540) Humongous regions: 3->3
[263.341s][info][gc,metaspace] GC(540) Metaspace: 42537K(42944K)->42537K(42944K) NonClass: 39724K(40000K)->39724K(40000K) Class: 2813K(2944K)->2813K(2944K)
[263.341s][info][gc          ] GC(540) Pause Young (Mixed) (G1 Evacuation Pause) 213M->73M(256M) 28.545ms
[263.341s][info][gc,cpu      ] GC(540) User=0.06s Sys=0.00s Real=0.03s
[263.923s][info][gc,start    ] GC(541) Pause Young (Concurrent Start) (G1 Evacuation Pause)
[263.923s][info][gc,task     ] GC(541) Using 2 workers of 2 for evacuation
[263.959s][info][gc,phases   ] GC(541)   Pre Evacuate Collection Set: 0.17ms
[263.959s][info][gc,phases   ] GC(541)   Merge Heap Roots: 0.18ms
[263.959s][info][gc,phases   ] GC(541)   Evacuate Collection Set: 34.57ms
[263.959s][info][gc,phases   ] GC(541)   Post Evacuate Collection Set: 0.43ms
[263.959s][info][gc,phases   ] GC(541)   Other: 0.10ms
[263.959s][info][gc,heap     ] GC(541) Eden regions: 133->0(120)
[263.959s][info][gc,heap     ] GC(541) Survivor regions: 20->20(20)
[263.959s][info][gc,heap     ] GC(541) Old regions: 51->66
[263.959s][info][gc,heap     ] GC(541) Humongous regions: 3->3
[263.959s][info][gc,metaspace] GC(541) Metaspace: 42537K(42944K)->42537K(42944K) NonClass: 39724K(40000K)->39724K(40000K) Class: 2813K(2944K)->2813K(2944K)
[263.959s][info][gc          ] GC(541) Pause Young (Concurrent Start) (G1 Evacuation Pause) 206M->88M(256M) 35.612ms
[263.959s][info][gc,cpu      ] GC(541) User=0.07s Sys=0.00s Real=0.04s
[263.959s][info][gc          ] GC(542) Concurrent Mark Cycle
[263.959s][info][gc,marking  ] GC(542) Concurrent Scan Root Regions
[264.005s][info][gc,marking  ] GC(542) Concurrent Scan Root Regions 46.217ms
[264.005s][info][gc,marking  ] GC(542) Concurrent Mark
[264.005s][info][gc,marking  ] GC(542) Concurrent Mark From Roots
[264.005s][info][gc,task     ] GC(542) Using 1 workers of 1 for marking
[264.114s][info][gc,marking  ] GC(542) Concurrent Mark From Roots 108.284ms
[264.114s][info][gc,marking  ] GC(542) Concurrent Preclean
[264.114s][info][gc,marking  ] GC(542) Concurrent Preclean 0.054ms
[264.114s][info][gc,start    ] GC(542) Pause Remark
[264.134s][info][gc          ] GC(542) Pause Remark 104M->104M(256M) 19.836ms
[264.134s][info][gc,cpu      ] GC(542) User=0.04s Sys=0.00s Real=0.02s
[264.134s][info][gc,marking  ] GC(542) Concurrent Mark 128.731ms
[264.134s][info][gc,marking  ] GC(542) Concurrent Rebuild Remembered Sets and Scrub Regions
[264.199s][info][gc,marking  ] GC(542) Concurrent Rebuild Remembered Sets and Scrub Regions 64.455ms
[264.199s][info][gc,start    ] GC(542) Pause Cleanup
[264.199s][info][gc          ] GC(542) Pause Cleanup 114M->114M(256M) 0.089ms
[264.199s][info][gc,cpu      ] GC(542) User=0.00s Sys=0.00s Real=0.00s
[264.199s][info][gc,marking  ] GC(542) Concurrent Clear Claimed Marks
[264.199s][info][gc,marking  ] GC(542) Concurrent Clear Claimed Marks 0.052ms
[264.199s][info][gc,marking  ] GC(542) Concurrent Cleanup for Next Mark
[264.200s][info][gc,marking  ] GC(542) Concurrent Cleanup for Next Mark 1.405ms
[264.201s][info][gc          ] GC(542) Concurrent Mark Cycle 241.483ms
[264.561s][info][gc,start    ] GC(543) Pause Young (Prepare Mixed) (G1 Evacuation Pause)
[264.561s][info][gc,task     ] GC(543) Using 2 workers of 2 for evacuation
[264.594s][info][gc,phases   ] GC(543)   Pre Evacuate Collection Set: 0.22ms
[264.594s][info][gc,phases   ] GC(543)   Merge Heap Roots: 0.33ms
[264.594s][info][gc,phases   ] GC(543)   Evacuate Collection Set: 31.49ms
[264.594s][info][gc,phases   ] GC(543)   Post Evacuate Collection Set: 0.45ms
[264.594s][info][gc,phases   ] GC(543)   Other: 0.09ms
[264.594s][info][gc,heap     ] GC(543) Eden regions: 120->0(111)
[264.594s][info][gc,heap     ] GC(543) Survivor regions: 20->14(18)
[264.594s][info][gc,heap     ] GC(543) Old regions: 66->86
[264.594s][info][gc,heap     ] GC(543) Humongous regions: 7->3
[264.594s][info][gc,metaspace] GC(543) Metaspace: 42537K(42944K)->42537K(42944K) NonClass: 39724K(40000K)->39724K(40000K) Class: 2813K(2944K)->2813K(2944K)
[264.594s][info][gc          ] GC(543) Pause Young (Prepare Mixed) (G1 Evacuation Pause) 212M->101M(256M) 32.761ms
[264.594s][info][gc,cpu      ] GC(543) User=0.06s Sys=0.00s Real=0.03s
[264.988s][info][gc,start    ] GC(544) Pause Young (Mixed) (G1 Evacuation Pause)
[264.988s][info][gc,task     ] GC(544) Using 2 workers of 2 for evacuation
[265.001s][info][gc,phases   ] GC(544)   Pre Evacuate Collection Set: 0.15ms
[265.001s][info][gc,phases   ] GC(544)   Merge Heap Roots: 0.13ms
[265.001s][info][gc,phases   ] GC(544)   Evacuate Collection Set: 12.27ms
[265.001s][info][gc,phases   ] GC(544)   Post Evacuate Collection Set: 0.67ms
[265.001s][info][gc,phases   ] GC(544)   Other: 0.07ms
[265.001s][info][gc,heap     ] GC(544) Eden regions: 111->0(141)
[265.001s][info][gc,heap     ] GC(544) Survivor regions: 14->4(16)
[265.001s][info][gc,heap     ] GC(544) Old regions: 86->88
[265.001s][info][gc,heap     ] GC(544) Humongous regions: 9->3
[265.001s][info][gc,metaspace] GC(544) Metaspace: 42537K(42944K)->42537K(42944K) NonClass: 39724K(40000K)->39724K(40000K) Class: 2813K(2944K)->2813K(2944K)
[265.001s][info][gc          ] GC(544) Pause Young (Mixed) (G1 Evacuation Pause) 218M->94M(285M) 13.448ms
[265.001s][info][gc,cpu      ] GC(544) User=0.03s Sys=0.00s Real=0.01s
[265.015s][info][gc,start    ] GC(545) Pause Young (Concurrent Start) (G1 Humongous Allocation)
[265.015s][info][gc,task     ] GC(545) Using 2 workers of 2 for evacuation
[265.017s][info][gc,phases   ] GC(545)   Pre Evacuate Collection Set: 0.16ms
[265.017s][info][gc,phases   ] GC(545)   Merge Heap Roots: 0.03ms
[265.017s][info][gc,phases   ] GC(545)   Evacuate Collection Set: 1.20ms
[265.017s][info][gc,phases   ] GC(545)   Post Evacuate Collection Set: 0.25ms
[265.017s][info][gc,phases   ] GC(545)   Other: 0.09ms
[265.017s][info][gc,heap     ] GC(545) Eden regions: 5->0(152)
[265.017s][info][gc,heap     ] GC(545) Survivor regions: 4->2(19)
[265.017s][info][gc,heap     ] GC(545) Old regions: 88->88
[265.017s][info][gc,heap     ] GC(545) Humongous regions: 3->1
[265.017s][info][gc,metaspace] GC(545) Metaspace: 42537K(42944K)->42537K(42944K) NonClass: 39724K(40000K)->39724K(40000K) Class: 2813K(2944K)->2813K(2944K)
[265.017s][info][gc          ] GC(545) Pause Young (Concurrent Start) (G1 Humongous Allocation) 99M->90M(285M) 1.888ms
[265.017s][info][gc          ] GC(546) Concurrent Mark Cycle
[265.017s][info][gc,marking  ] GC(546) Concurrent Scan Root Regions
[265.017s][info][gc,cpu      ] GC(545) User=0.01s Sys=0.00s Real=0.01s
[265.020s][info][gc,marking  ] GC(546) Concurrent Scan Root Regions 3.047ms
[265.020s][info][gc,marking  ] GC(546) Concurrent Mark
[265.020s][info][gc,marking  ] GC(546) Concurrent Mark From Roots
[265.020s][info][gc,task     ] GC(546) Using 1 workers of 1 for marking
[265.082s][info][gc,marking  ] GC(546) Concurrent Mark From Roots 62.103ms
[265.082s][info][gc,marking  ] GC(546) Concurrent Preclean
[265.082s][info][gc,marking  ] GC(546) Concurrent Preclean 0.039ms
[265.082s][info][gc,start    ] GC(546) Pause Remark
[265.097s][info][gc          ] GC(546) Pause Remark 107M->99M(284M) 15.060ms
[265.097s][info][gc,cpu      ] GC(546) User=0.03s Sys=0.00s Real=0.02s
[265.098s][info][gc,marking  ] GC(546) Concurrent Mark 78.468ms
[265.098s][info][gc,marking  ] GC(546) Concurrent Rebuild Remembered Sets and Scrub Regions
[265.129s][info][gc,marking  ] GC(546) Concurrent Rebuild Remembered Sets and Scrub Regions 30.333ms
[265.129s][info][gc,start    ] GC(546) Pause Cleanup
[265.129s][info][gc          ] GC(546) Pause Cleanup 106M->106M(284M) 0.056ms
[265.129s][info][gc,cpu      ] GC(546) User=0.00s Sys=0.00s Real=0.00s
[265.129s][info][gc,marking  ] GC(546) Concurrent Clear Claimed Marks
[265.129s][info][gc,marking  ] GC(546) Concurrent Clear Claimed Marks 0.045ms
[265.129s][info][gc,marking  ] GC(546) Concurrent Cleanup for Next Mark
[265.130s][info][gc,marking  ] GC(546) Concurrent Cleanup for Next Mark 1.143ms
[265.130s][info][gc          ] GC(546) Concurrent Mark Cycle 113.643ms
[265.597s][info][gc,start    ] GC(547) Pause Young (Prepare Mixed) (G1 Evacuation Pause)
[265.597s][info][gc,task     ] GC(547) Using 2 workers of 2 for evacuation
[265.610s][info][gc,phases   ] GC(547)   Pre Evacuate Collection Set: 0.17ms
[265.610s][info][gc,phases   ] GC(547)   Merge Heap Roots: 0.08ms
[265.610s][info][gc,phases   ] GC(547)   Evacuate Collection Set: 11.55ms
[265.610s][info][gc,phases   ] GC(547)   Post Evacuate Collection Set: 0.40ms
[265.610s][info][gc,phases   ] GC(547)   Other: 0.07ms
[265.610s][info][gc,heap     ] GC(547) Eden regions: 152->0(147)
[265.610s][info][gc,heap     ] GC(547) Survivor regions: 2->13(20)
[265.610s][info][gc,heap     ] GC(547) Old regions: 80->80
[265.610s][info][gc,heap     ] GC(547) Humongous regions: 7->3
[265.610s][info][gc,metaspace] GC(547) Metaspace: 42538K(42944K)->42538K(42944K) NonClass: 39725K(40000K)->39725K(40000K) Class: 2813K(2944K)->2813K(2944K)
[265.610s][info][gc          ] GC(547) Pause Young (Prepare Mixed) (G1 Evacuation Pause) 240M->95M(284M) 12.468ms
[265.610s][info][gc,cpu      ] GC(547) User=0.02s Sys=0.00s Real=0.01s
[266.157s][info][gc,start    ] GC(548) Pause Young (Mixed) (G1 Evacuation Pause)
[266.157s][info][gc,task     ] GC(548) Using 2 workers of 2 for evacuation
[266.160s][info][gc,phases   ] GC(548)   Pre Evacuate Collection Set: 0.17ms
[266.161s][info][gc,phases   ] GC(548)   Merge Heap Roots: 0.07ms
[266.161s][info][gc,phases   ] GC(548)   Evacuate Collection Set: 3.00ms
[266.161s][info][gc,phases   ] GC(548)   Post Evacuate Collection Set: 0.39ms
[266.161s][info][gc,phases   ] GC(548)   Other: 0.08ms
[266.161s][info][gc,heap     ] GC(548) Eden regions: 147->0(168)
[266.161s][info][gc,heap     ] GC(548) Survivor regions: 13->2(20)
[266.161s][info][gc,heap     ] GC(548) Old regions: 80->53
[266.161s][info][gc,heap     ] GC(548) Humongous regions: 7->1
[266.161s][info][gc,metaspace] GC(548) Metaspace: 42538K(42944K)->42538K(42944K) NonClass: 39725K(40000K)->39725K(40000K) Class: 2813K(2944K)->2813K(2944K)
[266.161s][info][gc          ] GC(548) Pause Young (Mixed) (G1 Evacuation Pause) 246M->54M(284M) 3.877ms
[266.161s][info][gc,cpu      ] GC(548) User=0.00s Sys=0.00s Real=0.01s
[266.758s][info][gc,start    ] GC(549) Pause Young (Mixed) (G1 Evacuation Pause)
[266.758s][info][gc,task     ] GC(549) Using 2 workers of 2 for evacuation
[266.774s][info][gc,phases   ] GC(549)   Pre Evacuate Collection Set: 0.16ms
[266.774s][info][gc,phases   ] GC(549)   Merge Heap Roots: 0.14ms
[266.774s][info][gc,phases   ] GC(549)   Evacuate Collection Set: 15.24ms
[266.774s][info][gc,phases   ] GC(549)   Post Evacuate Collection Set: 0.52ms
[266.774s][info][gc,phases   ] GC(549)   Other: 0.08ms
[266.775s][info][gc,heap     ] GC(549) Eden regions: 168->0(157)
[266.775s][info][gc,heap     ] GC(549) Survivor regions: 2->13(22)
[266.775s][info][gc,heap     ] GC(549) Old regions: 53->52
[266.775s][info][gc,heap     ] GC(549) Humongous regions: 7->3
[266.775s][info][gc,metaspace] GC(549) Metaspace: 42538K(42944K)->42538K(42944K) NonClass: 39725K(40000K)->39725K(40000K) Class: 2813K(2944K)->2813K(2944K)
[266.775s][info][gc          ] GC(549) Pause Young (Mixed) (G1 Evacuation Pause) 228M->66M(284M) 16.314ms
[266.775s][info][gc,cpu      ] GC(549) User=0.03s Sys=0.00s Real=0.01s
[266.937s][info][gc,start    ] GC(550) Pause Young (Concurrent Start) (G1 Humongous Allocation)
[266.937s][info][gc,task     ] GC(550) Using 2 workers of 2 for evacuation
[266.947s][info][gc,phases   ] GC(550)   Pre Evacuate Collection Set: 0.19ms
[266.947s][info][gc,phases   ] GC(550)   Merge Heap Roots: 0.04ms
[266.947s][info][gc,phases   ] GC(550)   Evacuate Collection Set: 9.03ms
[266.947s][info][gc,phases   ] GC(550)   Post Evacuate Collection Set: 0.33ms
[266.947s][info][gc,phases   ] GC(550)   Other: 0.09ms
[266.947s][info][gc,heap     ] GC(550) Eden regions: 41->0(168)
[266.947s][info][gc,heap     ] GC(550) Survivor regions: 13->2(22)
[266.947s][info][gc,heap     ] GC(550) Old regions: 52->52
[266.947s][info][gc,heap     ] GC(550) Humongous regions: 3->1
[266.947s][info][gc,metaspace] GC(550) Metaspace: 42538K(42944K)->42538K(42944K) NonClass: 39725K(40000K)->39725K(40000K) Class: 2813K(2944K)->2813K(2944K)
[266.947s][info][gc          ] GC(550) Pause Young (Concurrent Start) (G1 Humongous Allocation) 107M->54M(284M) 9.860ms
[266.947s][info][gc,cpu      ] GC(550) User=0.01s Sys=0.00s Real=0.01s
[266.947s][info][gc          ] GC(551) Concurrent Mark Cycle
[266.947s][info][gc,marking  ] GC(551) Concurrent Scan Root Regions
[266.952s][info][gc,marking  ] GC(551) Concurrent Scan Root Regions 5.218ms
[266.952s][info][gc,marking  ] GC(551) Concurrent Mark
[266.953s][info][gc,marking  ] GC(551) Concurrent Mark From Roots
[266.953s][info][gc,task     ] GC(551) Using 1 workers of 1 for marking
[267.019s][info][gc,marking  ] GC(551) Concurrent Mark From Roots 66.004ms
[267.019s][info][gc,marking  ] GC(551) Concurrent Preclean
[267.019s][info][gc,marking  ] GC(551) Concurrent Preclean 0.037ms
[267.019s][info][gc,start    ] GC(551) Pause Remark
[267.034s][info][gc          ] GC(551) Pause Remark 78M->78M(256M) 15.131ms
[267.034s][info][gc,cpu      ] GC(551) User=0.03s Sys=0.00s Real=0.01s
[267.034s][info][gc,marking  ] GC(551) Concurrent Mark 81.438ms
[267.034s][info][gc,marking  ] GC(551) Concurrent Rebuild Remembered Sets and Scrub Regions
[267.056s][info][gc,marking  ] GC(551) Concurrent Rebuild Remembered Sets and Scrub Regions 22.421ms
[267.057s][info][gc,start    ] GC(551) Pause Cleanup
[267.057s][info][gc          ] GC(551) Pause Cleanup 85M->85M(256M) 0.038ms
[267.057s][info][gc,cpu      ] GC(551) User=0.00s Sys=0.00s Real=0.00s
[267.057s][info][gc,marking  ] GC(551) Concurrent Clear Claimed Marks
[267.057s][info][gc,marking  ] GC(551) Concurrent Clear Claimed Marks 0.032ms
[267.057s][info][gc,marking  ] GC(551) Concurrent Cleanup for Next Mark
[267.057s][info][gc,marking  ] GC(551) Concurrent Cleanup for Next Mark 0.734ms
[267.057s][info][gc          ] GC(551) Concurrent Mark Cycle 110.182ms
[267.527s][info][gc,start    ] GC(552) Pause Young (Prepare Mixed) (G1 Evacuation Pause)
[267.527s][info][gc,task     ] GC(552) Using 2 workers of 2 for evacuation
[267.530s][info][gc,phases   ] GC(552)   Pre Evacuate Collection Set: 0.15ms
[267.530s][info][gc,phases   ] GC(552)   Merge Heap Roots: 0.06ms
[267.530s][info][gc,phases   ] GC(552)   Evacuate Collection Set: 2.05ms
[267.530s][info][gc,phases   ] GC(552)   Post Evacuate Collection Set: 0.37ms
[267.530s][info][gc,phases   ] GC(552)   Other: 0.06ms
[267.530s][info][gc,heap     ] GC(552) Eden regions: 151->0(151)
[267.530s][info][gc,heap     ] GC(552) Survivor regions: 2->2(20)
[267.530s][info][gc,heap     ] GC(552) Old regions: 52->52
[267.530s][info][gc,heap     ] GC(552) Humongous regions: 7->1
[267.530s][info][gc,metaspace] GC(552) Metaspace: 42538K(42944K)->42538K(42944K) NonClass: 39725K(40000K)->39725K(40000K) Class: 2813K(2944K)->2813K(2944K)
[267.530s][info][gc          ] GC(552) Pause Young (Prepare Mixed) (G1 Evacuation Pause) 211M->54M(256M) 2.853ms
[267.530s][info][gc,cpu      ] GC(552) User=0.00s Sys=0.00s Real=0.00s
[267.921s][info][gc,start    ] GC(553) Pause Young (Mixed) (G1 Evacuation Pause)
[267.921s][info][gc,task     ] GC(553) Using 2 workers of 2 for evacuation
[267.959s][info][gc,phases   ] GC(553)   Pre Evacuate Collection Set: 0.15ms
[267.959s][info][gc,phases   ] GC(553)   Merge Heap Roots: 0.12ms
[267.959s][info][gc,phases   ] GC(553)   Evacuate Collection Set: 36.71ms
[267.959s][info][gc,phases   ] GC(553)   Post Evacuate Collection Set: 0.49ms
[267.959s][info][gc,phases   ] GC(553)   Other: 0.06ms
[267.959s][info][gc,heap     ] GC(553) Eden regions: 151->0(120)
[267.959s][info][gc,heap     ] GC(553) Survivor regions: 2->20(20)
[267.959s][info][gc,heap     ] GC(553) Old regions: 52->70
[267.959s][info][gc,heap     ] GC(553) Humongous regions: 3->3
[267.959s][info][gc,metaspace] GC(553) Metaspace: 42538K(42944K)->42538K(42944K) NonClass: 39725K(40000K)->39725K(40000K) Class: 2813K(2944K)->2813K(2944K)
[267.959s][info][gc          ] GC(553) Pause Young (Mixed) (G1 Evacuation Pause) 207M->92M(256M) 37.736ms
[267.959s][info][gc,cpu      ] GC(553) User=0.07s Sys=0.00s Real=0.04s
[268.464s][info][gc,start    ] GC(554) Pause Young (Concurrent Start) (G1 Evacuation Pause)
[268.464s][info][gc,task     ] GC(554) Using 2 workers of 2 for evacuation
[268.516s][info][gc,phases   ] GC(554)   Pre Evacuate Collection Set: 0.18ms
[268.516s][info][gc,phases   ] GC(554)   Merge Heap Roots: 0.27ms
[268.516s][info][gc,phases   ] GC(554)   Evacuate Collection Set: 51.36ms
[268.516s][info][gc,phases   ] GC(554)   Post Evacuate Collection Set: 0.45ms
[268.516s][info][gc,phases   ] GC(554)   Other: 0.13ms
[268.516s][info][gc,heap     ] GC(554) Eden regions: 120->0(97)
[268.516s][info][gc,heap     ] GC(554) Survivor regions: 20->18(18)
[268.516s][info][gc,heap     ] GC(554) Old regions: 70->96
[268.516s][info][gc,heap     ] GC(554) Humongous regions: 3->3
[268.516s][info][gc,metaspace] GC(554) Metaspace: 42540K(42944K)->42540K(42944K) NonClass: 39726K(40000K)->39726K(40000K) Class: 2813K(2944K)->2813K(2944K)
[268.516s][info][gc          ] GC(554) Pause Young (Concurrent Start) (G1 Evacuation Pause) 212M->116M(257M) 52.562ms
[268.516s][info][gc,cpu      ] GC(554) User=0.10s Sys=0.00s Real=0.05s
[268.516s][info][gc          ] GC(555) Concurrent Mark Cycle
[268.516s][info][gc,marking  ] GC(555) Concurrent Scan Root Regions
[268.550s][info][gc,marking  ] GC(555) Concurrent Scan Root Regions 33.380ms
[268.550s][info][gc,marking  ] GC(555) Concurrent Mark
[268.550s][info][gc,marking  ] GC(555) Concurrent Mark From Roots
[268.550s][info][gc,task     ] GC(555) Using 1 workers of 1 for marking
[268.637s][info][gc,marking  ] GC(555) Concurrent Mark From Roots 87.593ms
[268.637s][info][gc,marking  ] GC(555) Concurrent Preclean
[268.637s][info][gc,marking  ] GC(555) Concurrent Preclean 0.039ms
[268.638s][info][gc,start    ] GC(555) Pause Remark
[268.653s][info][gc          ] GC(555) Pause Remark 136M->136M(257M) 15.134ms
[268.653s][info][gc,cpu      ] GC(555) User=0.03s Sys=0.00s Real=0.01s
[268.655s][info][gc,marking  ] GC(555) Concurrent Mark 105.028ms
[268.655s][info][gc,marking  ] GC(555) Concurrent Rebuild Remembered Sets and Scrub Regions
[268.765s][info][gc,marking  ] GC(555) Concurrent Rebuild Remembered Sets and Scrub Regions 110.286ms
[268.767s][info][gc,start    ] GC(555) Pause Cleanup
[268.767s][info][gc          ] GC(555) Pause Cleanup 154M->154M(257M) 0.061ms
[268.767s][info][gc,cpu      ] GC(555) User=0.00s Sys=0.00s Real=0.00s
[268.770s][info][gc,marking  ] GC(555) Concurrent Clear Claimed Marks
[268.770s][info][gc,marking  ] GC(555) Concurrent Clear Claimed Marks 0.054ms
[268.770s][info][gc,marking  ] GC(555) Concurrent Cleanup for Next Mark
[268.771s][info][gc,marking  ] GC(555) Concurrent Cleanup for Next Mark 0.826ms
[268.771s][info][gc          ] GC(555) Concurrent Mark Cycle 254.966ms
[269.061s][info][gc,start    ] GC(556) Pause Young (Prepare Mixed) (G1 Evacuation Pause)
[269.061s][info][gc,task     ] GC(556) Using 2 workers of 2 for evacuation
[269.111s][info][gc,phases   ] GC(556)   Pre Evacuate Collection Set: 0.19ms
[269.111s][info][gc,phases   ] GC(556)   Merge Heap Roots: 0.30ms
[269.111s][info][gc,phases   ] GC(556)   Evacuate Collection Set: 49.32ms
[269.111s][info][gc,phases   ] GC(556)   Post Evacuate Collection Set: 0.42ms
[269.111s][info][gc,phases   ] GC(556)   Other: 0.08ms
[269.111s][info][gc,heap     ] GC(556) Eden regions: 97->0(75)
[269.111s][info][gc,heap     ] GC(556) Survivor regions: 18->15(15)
[269.111s][info][gc,heap     ] GC(556) Old regions: 96->125
[269.111s][info][gc,heap     ] GC(556) Humongous regions: 3->3
[269.111s][info][gc,metaspace] GC(556) Metaspace: 42540K(42944K)->42540K(42944K) NonClass: 39726K(40000K)->39726K(40000K) Class: 2813K(2944K)->2813K(2944K)
[269.111s][info][gc          ] GC(556) Pause Young (Prepare Mixed) (G1 Evacuation Pause) 213M->143M(258M) 50.489ms
[269.111s][info][gc,cpu      ] GC(556) User=0.09s Sys=0.01s Real=0.05s
[269.455s][info][gc,start    ] GC(557) Pause Young (Mixed) (G1 Evacuation Pause)
[269.455s][info][gc,task     ] GC(557) Using 2 workers of 2 for evacuation
[269.518s][info][gc,phases   ] GC(557)   Pre Evacuate Collection Set: 0.19ms
[269.518s][info][gc,phases   ] GC(557)   Merge Heap Roots: 0.42ms
[269.518s][info][gc,phases   ] GC(557)   Evacuate Collection Set: 62.19ms
[269.518s][info][gc,phases   ] GC(557)   Post Evacuate Collection Set: 0.39ms
[269.518s][info][gc,phases   ] GC(557)   Other: 0.08ms
[269.518s][info][gc,heap     ] GC(557) Eden regions: 75->0(59)
[269.518s][info][gc,heap     ] GC(557) Survivor regions: 15->12(12)
[269.518s][info][gc,heap     ] GC(557) Old regions: 125->147
[269.518s][info][gc,heap     ] GC(557) Humongous regions: 3->3
[269.518s][info][gc,metaspace] GC(557) Metaspace: 42540K(42944K)->42540K(42944K) NonClass: 39726K(40000K)->39726K(40000K) Class: 2813K(2944K)->2813K(2944K)
[269.518s][info][gc          ] GC(557) Pause Young (Mixed) (G1 Evacuation Pause) 218M->162M(258M) 63.438ms
[269.518s][info][gc,cpu      ] GC(557) User=0.09s Sys=0.00s Real=0.07s
[269.704s][info][gc,start    ] GC(558) Pause Young (Concurrent Start) (G1 Humongous Allocation)
[269.704s][info][gc,task     ] GC(558) Using 2 workers of 2 for evacuation
[269.730s][info][gc,phases   ] GC(558)   Pre Evacuate Collection Set: 0.16ms
[269.730s][info][gc,phases   ] GC(558)   Merge Heap Roots: 0.15ms
[269.730s][info][gc,phases   ] GC(558)   Evacuate Collection Set: 24.99ms
[269.730s][info][gc,phases   ] GC(558)   Post Evacuate Collection Set: 0.34ms
[269.730s][info][gc,phases   ] GC(558)   Other: 0.09ms
[269.730s][info][gc,heap     ] GC(558) Eden regions: 39->0(51)
[269.730s][info][gc,heap     ] GC(558) Survivor regions: 12->9(9)
[269.730s][info][gc,heap     ] GC(558) Old regions: 147->161
[269.730s][info][gc,heap     ] GC(558) Humongous regions: 3->1
[269.730s][info][gc,metaspace] GC(558) Metaspace: 42540K(42944K)->42540K(42944K) NonClass: 39726K(40000K)->39726K(40000K) Class: 2813K(2944K)->2813K(2944K)
[269.730s][info][gc          ] GC(558) Pause Young (Concurrent Start) (G1 Humongous Allocation) 200M->171M(258M) 25.878ms
[269.730s][info][gc,cpu      ] GC(558) User=0.05s Sys=0.00s Real=0.03s
[269.730s][info][gc          ] GC(559) Concurrent Mark Cycle
[269.730s][info][gc,marking  ] GC(559) Concurrent Scan Root Regions
[269.757s][info][gc,marking  ] GC(559) Concurrent Scan Root Regions 27.093ms
[269.757s][info][gc,marking  ] GC(559) Concurrent Mark
[269.757s][info][gc,marking  ] GC(559) Concurrent Mark From Roots
[269.757s][info][gc,task     ] GC(559) Using 1 workers of 1 for marking
[269.881s][info][gc,marking  ] GC(559) Concurrent Mark From Roots 123.763ms
[269.881s][info][gc,marking  ] GC(559) Concurrent Preclean
[269.881s][info][gc,marking  ] GC(559) Concurrent Preclean 0.038ms
[269.881s][info][gc,start    ] GC(559) Pause Remark
[269.896s][info][gc          ] GC(559) Pause Remark 213M->212M(287M) 15.247ms
[269.897s][info][gc,cpu      ] GC(559) User=0.03s Sys=0.00s Real=0.01s
[269.897s][info][gc,marking  ] GC(559) Concurrent Mark 139.307ms
[269.897s][info][gc,marking  ] GC(559) Concurrent Rebuild Remembered Sets and Scrub Regions
[269.955s][info][gc,start    ] GC(560) Pause Young (Normal) (G1 Evacuation Pause)
[269.955s][info][gc,task     ] GC(560) Using 2 workers of 2 for evacuation
[269.978s][info][gc,phases   ] GC(560)   Pre Evacuate Collection Set: 0.14ms
[269.978s][info][gc,phases   ] GC(560)   Merge Heap Roots: 0.12ms
[269.978s][info][gc,phases   ] GC(560)   Evacuate Collection Set: 22.20ms
[269.978s][info][gc,phases   ] GC(560)   Post Evacuate Collection Set: 1.22ms
[269.979s][info][gc,phases   ] GC(560)   Other: 0.09ms
[269.979s][info][gc,heap     ] GC(560) Eden regions: 51->0(140)
[269.979s][info][gc,heap     ] GC(560) Survivor regions: 9->8(8)
[269.979s][info][gc,heap     ] GC(560) Old regions: 160->172
[269.979s][info][gc,heap     ] GC(560) Humongous regions: 3->3
[269.979s][info][gc,metaspace] GC(560) Metaspace: 42540K(42944K)->42540K(42944K) NonClass: 39726K(40000K)->39726K(40000K) Class: 2813K(2944K)->2813K(2944K)
[269.979s][info][gc          ] GC(560) Pause Young (Normal) (G1 Evacuation Pause) 223M->182M(422M) 23.960ms
[269.979s][info][gc,cpu      ] GC(560) User=0.04s Sys=0.00s Real=0.03s
[269.997s][info][gc,marking  ] GC(559) Concurrent Rebuild Remembered Sets and Scrub Regions 100.623ms
[269.997s][info][gc,start    ] GC(559) Pause Cleanup
[269.997s][info][gc          ] GC(559) Pause Cleanup 186M->186M(422M) 0.074ms
[269.997s][info][gc,cpu      ] GC(559) User=0.00s Sys=0.00s Real=0.00s
[269.998s][info][gc,marking  ] GC(559) Concurrent Clear Claimed Marks
[269.998s][info][gc,marking  ] GC(559) Concurrent Clear Claimed Marks 0.052ms
[269.998s][info][gc,marking  ] GC(559) Concurrent Cleanup for Next Mark
[270.002s][info][gc,marking  ] GC(559) Concurrent Cleanup for Next Mark 3.977ms
[270.002s][info][gc          ] GC(559) Concurrent Mark Cycle 272.150ms
[270.581s][info][gc,start    ] GC(561) Pause Young (Prepare Mixed) (G1 Evacuation Pause)
[270.581s][info][gc,task     ] GC(561) Using 2 workers of 2 for evacuation
[270.609s][info][gc,phases   ] GC(561)   Pre Evacuate Collection Set: 0.22ms
[270.609s][info][gc,phases   ] GC(561)   Merge Heap Roots: 0.16ms
[270.609s][info][gc,phases   ] GC(561)   Evacuate Collection Set: 26.71ms
[270.609s][info][gc,phases   ] GC(561)   Post Evacuate Collection Set: 0.43ms
[270.609s][info][gc,phases   ] GC(561)   Other: 0.09ms
[270.609s][info][gc,heap     ] GC(561) Eden regions: 140->0(140)
[270.609s][info][gc,heap     ] GC(561) Survivor regions: 8->19(19)
[270.609s][info][gc,heap     ] GC(561) Old regions: 172->173
[270.609s][info][gc,heap     ] GC(561) Humongous regions: 7->3
[270.609s][info][gc,metaspace] GC(561) Metaspace: 42540K(42944K)->42540K(42944K) NonClass: 39726K(40000K)->39726K(40000K) Class: 2813K(2944K)->2813K(2944K)
[270.609s][info][gc          ] GC(561) Pause Young (Prepare Mixed) (G1 Evacuation Pause) 326M->195M(422M) 27.773ms
[270.609s][info][gc,cpu      ] GC(561) User=0.05s Sys=0.00s Real=0.03s
[270.990s][info][gc,start    ] GC(562) Pause Young (Mixed) (G1 Evacuation Pause)
[270.991s][info][gc,task     ] GC(562) Using 2 workers of 2 for evacuation
[271.030s][info][gc,phases   ] GC(562)   Pre Evacuate Collection Set: 0.31ms
[271.030s][info][gc,phases   ] GC(562)   Merge Heap Roots: 0.30ms
[271.030s][info][gc,phases   ] GC(562)   Evacuate Collection Set: 38.57ms
[271.030s][info][gc,phases   ] GC(562)   Post Evacuate Collection Set: 0.56ms
[271.030s][info][gc,phases   ] GC(562)   Other: 0.09ms
[271.030s][info][gc,heap     ] GC(562) Eden regions: 140->0(162)
[271.030s][info][gc,heap     ] GC(562) Survivor regions: 19->15(20)
[271.030s][info][gc,heap     ] GC(562) Old regions: 173->152
[271.030s][info][gc,heap     ] GC(562) Humongous regions: 11->3
[271.030s][info][gc,metaspace] GC(562) Metaspace: 42542K(42944K)->42542K(42944K) NonClass: 39728K(40000K)->39728K(40000K) Class: 2813K(2944K)->2813K(2944K)
[271.030s][info][gc          ] GC(562) Pause Young (Mixed) (G1 Evacuation Pause) 343M->169M(422M) 40.025ms
[271.030s][info][gc,cpu      ] GC(562) User=0.08s Sys=0.00s Real=0.04s
[271.551s][info][gc,start    ] GC(563) Pause Young (Mixed) (G1 Evacuation Pause)
[271.551s][info][gc,task     ] GC(563) Using 2 workers of 2 for evacuation
[271.601s][info][gc,phases   ] GC(563)   Pre Evacuate Collection Set: 0.24ms
[271.601s][info][gc,phases   ] GC(563)   Merge Heap Roots: 0.84ms
[271.601s][info][gc,phases   ] GC(563)   Evacuate Collection Set: 47.90ms
[271.601s][info][gc,phases   ] GC(563)   Post Evacuate Collection Set: 0.53ms
[271.601s][info][gc,phases   ] GC(563)   Other: 0.07ms
[271.601s][info][gc,heap     ] GC(563) Eden regions: 162->0(180)
[271.601s][info][gc,heap     ] GC(563) Survivor regions: 15->11(23)
[271.601s][info][gc,heap     ] GC(563) Old regions: 152->138
[271.601s][info][gc,heap     ] GC(563) Humongous regions: 5->3
[271.601s][info][gc,metaspace] GC(563) Metaspace: 42543K(42944K)->42543K(42944K) NonClass: 39730K(40000K)->39730K(40000K) Class: 2813K(2944K)->2813K(2944K)
[271.601s][info][gc          ] GC(563) Pause Young (Mixed) (G1 Evacuation Pause) 333M->151M(422M) 49.789ms
[271.601s][info][gc,cpu      ] GC(563) User=0.10s Sys=0.00s Real=0.05s
[272.047s][info][gc,start    ] GC(564) Pause Young (Concurrent Start) (G1 Humongous Allocation)
[272.047s][info][gc,task     ] GC(564) Using 2 workers of 2 for evacuation
[272.068s][info][gc,phases   ] GC(564)   Pre Evacuate Collection Set: 0.23ms
[272.068s][info][gc,phases   ] GC(564)   Merge Heap Roots: 0.07ms
[272.068s][info][gc,phases   ] GC(564)   Evacuate Collection Set: 20.18ms
[272.068s][info][gc,phases   ] GC(564)   Post Evacuate Collection Set: 0.40ms
[272.068s][info][gc,phases   ] GC(564)   Other: 0.15ms
[272.068s][info][gc,heap     ] GC(564) Eden regions: 150->0(159)
[272.068s][info][gc,heap     ] GC(564) Survivor regions: 11->24(24)
[272.068s][info][gc,heap     ] GC(564) Old regions: 138->149
[272.068s][info][gc,heap     ] GC(564) Humongous regions: 3->3
[272.068s][info][gc,metaspace] GC(564) Metaspace: 42543K(42944K)->42543K(42944K) NonClass: 39730K(40000K)->39730K(40000K) Class: 2813K(2944K)->2813K(2944K)
[272.069s][info][gc          ] GC(564) Pause Young (Concurrent Start) (G1 Humongous Allocation) 301M->175M(422M) 21.222ms
[272.069s][info][gc,cpu      ] GC(564) User=0.04s Sys=0.00s Real=0.02s
[272.069s][info][gc          ] GC(565) Concurrent Mark Cycle
[272.069s][info][gc,marking  ] GC(565) Concurrent Scan Root Regions
[272.085s][info][gc,marking  ] GC(565) Concurrent Scan Root Regions 16.194ms
[272.085s][info][gc,marking  ] GC(565) Concurrent Mark
[272.085s][info][gc,marking  ] GC(565) Concurrent Mark From Roots
[272.085s][info][gc,task     ] GC(565) Using 1 workers of 1 for marking
[272.154s][info][gc,marking  ] GC(565) Concurrent Mark From Roots 68.779ms
[272.154s][info][gc,marking  ] GC(565) Concurrent Preclean
[272.154s][info][gc,marking  ] GC(565) Concurrent Preclean 0.053ms
[272.154s][info][gc,start    ] GC(565) Pause Remark
[272.169s][info][gc          ] GC(565) Pause Remark 197M->179M(422M) 15.055ms
[272.169s][info][gc,cpu      ] GC(565) User=0.02s Sys=0.01s Real=0.02s
[272.169s][info][gc,marking  ] GC(565) Concurrent Mark 84.139ms
[272.169s][info][gc,marking  ] GC(565) Concurrent Rebuild Remembered Sets and Scrub Regions
[272.203s][info][gc,marking  ] GC(565) Concurrent Rebuild Remembered Sets and Scrub Regions 33.886ms
[272.203s][info][gc,start    ] GC(565) Pause Cleanup
[272.203s][info][gc          ] GC(565) Pause Cleanup 189M->189M(422M) 0.063ms
[272.203s][info][gc,cpu      ] GC(565) User=0.00s Sys=0.00s Real=0.00s
[272.203s][info][gc,marking  ] GC(565) Concurrent Clear Claimed Marks
[272.203s][info][gc,marking  ] GC(565) Concurrent Clear Claimed Marks 0.035ms
[272.203s][info][gc,marking  ] GC(565) Concurrent Cleanup for Next Mark
[272.204s][info][gc,marking  ] GC(565) Concurrent Cleanup for Next Mark 1.192ms
[272.204s][info][gc          ] GC(565) Concurrent Mark Cycle 135.733ms
[272.581s][info][gc,start    ] GC(566) Pause Young (Prepare Mixed) (G1 Evacuation Pause)
[272.581s][info][gc,task     ] GC(566) Using 2 workers of 2 for evacuation
[272.626s][info][gc,phases   ] GC(566)   Pre Evacuate Collection Set: 0.21ms
[272.626s][info][gc,phases   ] GC(566)   Merge Heap Roots: 0.13ms
[272.626s][info][gc,phases   ] GC(566)   Evacuate Collection Set: 44.50ms
[272.626s][info][gc,phases   ] GC(566)   Post Evacuate Collection Set: 0.47ms
[272.626s][info][gc,phases   ] GC(566)   Other: 0.07ms
[272.626s][info][gc,heap     ] GC(566) Eden regions: 159->0(122)
[272.626s][info][gc,heap     ] GC(566) Survivor regions: 24->23(23)
[272.626s][info][gc,heap     ] GC(566) Old regions: 131->180
[272.626s][info][gc,heap     ] GC(566) Humongous regions: 5->4
[272.626s][info][gc,metaspace] GC(566) Metaspace: 42543K(42944K)->42543K(42944K) NonClass: 39730K(40000K)->39730K(40000K) Class: 2813K(2944K)->2813K(2944K)
[272.626s][info][gc          ] GC(566) Pause Young (Prepare Mixed) (G1 Evacuation Pause) 318M->206M(422M) 45.602ms
[272.626s][info][gc,cpu      ] GC(566) User=0.09s Sys=0.00s Real=0.04s
[273.049s][info][gc,start    ] GC(567) Pause Young (Mixed) (G1 Evacuation Pause)
[273.049s][info][gc,task     ] GC(567) Using 2 workers of 2 for evacuation
[273.099s][info][gc,phases   ] GC(567)   Pre Evacuate Collection Set: 0.24ms
[273.099s][info][gc,phases   ] GC(567)   Merge Heap Roots: 0.26ms
[273.099s][info][gc,phases   ] GC(567)   Evacuate Collection Set: 49.42ms
[273.099s][info][gc,phases   ] GC(567)   Post Evacuate Collection Set: 0.57ms
[273.099s][info][gc,phases   ] GC(567)   Other: 0.08ms
[273.099s][info][gc,heap     ] GC(567) Eden regions: 122->0(116)
[273.099s][info][gc,heap     ] GC(567) Survivor regions: 23->19(19)
[273.099s][info][gc,heap     ] GC(567) Old regions: 180->177
[273.099s][info][gc,heap     ] GC(567) Humongous regions: 4->4
[273.099s][info][gc,metaspace] GC(567) Metaspace: 42543K(42944K)->42543K(42944K) NonClass: 39730K(40000K)->39730K(40000K) Class: 2813K(2944K)->2813K(2944K)
[273.099s][info][gc          ] GC(567) Pause Young (Mixed) (G1 Evacuation Pause) 328M->199M(422M) 50.780ms
[273.099s][info][gc,cpu      ] GC(567) User=0.10s Sys=0.00s Real=0.05s
[273.501s][info][gc,start    ] GC(568) Pause Young (Mixed) (G1 Evacuation Pause)
[273.502s][info][gc,task     ] GC(568) Using 2 workers of 2 for evacuation
[273.535s][info][gc,phases   ] GC(568)   Pre Evacuate Collection Set: 0.22ms
[273.535s][info][gc,phases   ] GC(568)   Merge Heap Roots: 0.36ms
[273.535s][info][gc,phases   ] GC(568)   Evacuate Collection Set: 31.97ms
[273.535s][info][gc,phases   ] GC(568)   Post Evacuate Collection Set: 0.75ms
[273.535s][info][gc,phases   ] GC(568)   Other: 0.09ms
[273.535s][info][gc,heap     ] GC(568) Eden regions: 116->0(157)
[273.535s][info][gc,heap     ] GC(568) Survivor regions: 19->12(17)
[273.535s][info][gc,heap     ] GC(568) Old regions: 177->184
[273.535s][info][gc,heap     ] GC(568) Humongous regions: 5->4
[273.535s][info][gc,metaspace] GC(568) Metaspace: 42543K(42944K)->42543K(42944K) NonClass: 39730K(40000K)->39730K(40000K) Class: 2813K(2944K)->2813K(2944K)
[273.535s][info][gc          ] GC(568) Pause Young (Mixed) (G1 Evacuation Pause) 316M->199M(469M) 33.580ms
[273.535s][info][gc,cpu      ] GC(568) User=0.06s Sys=0.00s Real=0.03s
[274.052s][info][gc,start    ] GC(569) Pause Young (Normal) (G1 Evacuation Pause)
[274.052s][info][gc,task     ] GC(569) Using 2 workers of 2 for evacuation
[274.070s][info][gc,phases   ] GC(569)   Pre Evacuate Collection Set: 0.22ms
[274.070s][info][gc,phases   ] GC(569)   Merge Heap Roots: 0.07ms
[274.070s][info][gc,phases   ] GC(569)   Evacuate Collection Set: 17.01ms
[274.070s][info][gc,phases   ] GC(569)   Post Evacuate Collection Set: 0.41ms
[274.070s][info][gc,phases   ] GC(569)   Other: 0.07ms
[274.070s][info][gc,heap     ] GC(569) Eden regions: 157->0(153)
[274.070s][info][gc,heap     ] GC(569) Survivor regions: 12->22(22)
[274.070s][info][gc,heap     ] GC(569) Old regions: 184->188
[274.070s][info][gc,heap     ] GC(569) Humongous regions: 4->4
[274.070s][info][gc,metaspace] GC(569) Metaspace: 42544K(42944K)->42544K(42944K) NonClass: 39730K(40000K)->39730K(40000K) Class: 2813K(2944K)->2813K(2944K)
[274.070s][info][gc          ] GC(569) Pause Young (Normal) (G1 Evacuation Pause) 356M->214M(469M) 17.960ms
[274.070s][info][gc,cpu      ] GC(569) User=0.04s Sys=0.00s Real=0.02s
[274.216s][info][gc,start    ] GC(570) Pause Young (Concurrent Start) (G1 Humongous Allocation)
[274.216s][info][gc,task     ] GC(570) Using 2 workers of 2 for evacuation
[274.248s][info][gc,phases   ] GC(570)   Pre Evacuate Collection Set: 0.27ms
[274.248s][info][gc,phases   ] GC(570)   Merge Heap Roots: 0.05ms
[274.248s][info][gc,phases   ] GC(570)   Evacuate Collection Set: 31.54ms
[274.248s][info][gc,phases   ] GC(570)   Post Evacuate Collection Set: 0.37ms
[274.248s][info][gc,phases   ] GC(570)   Other: 0.09ms
[274.248s][info][gc,heap     ] GC(570) Eden regions: 49->0(97)
[274.248s][info][gc,heap     ] GC(570) Survivor regions: 22->22(22)
[274.248s][info][gc,heap     ] GC(570) Old regions: 188->220
[274.248s][info][gc,heap     ] GC(570) Humongous regions: 4->4
[274.248s][info][gc,metaspace] GC(570) Metaspace: 42544K(42944K)->42544K(42944K) NonClass: 39730K(40000K)->39730K(40000K) Class: 2813K(2944K)->2813K(2944K)
[274.248s][info][gc          ] GC(570) Pause Young (Concurrent Start) (G1 Humongous Allocation) 262M->246M(469M) 32.522ms
[274.248s][info][gc,cpu      ] GC(570) User=0.06s Sys=0.00s Real=0.04s
[274.248s][info][gc          ] GC(571) Concurrent Mark Cycle
[274.249s][info][gc,marking  ] GC(571) Concurrent Scan Root Regions
[274.287s][info][gc,marking  ] GC(571) Concurrent Scan Root Regions 38.648ms
[274.287s][info][gc,marking  ] GC(571) Concurrent Mark
[274.287s][info][gc,marking  ] GC(571) Concurrent Mark From Roots
[274.287s][info][gc,task     ] GC(571) Using 1 workers of 1 for marking
[274.364s][info][gc,marking  ] GC(571) Concurrent Mark From Roots 76.581ms
[274.364s][info][gc,marking  ] GC(571) Concurrent Preclean
[274.364s][info][gc,marking  ] GC(571) Concurrent Preclean 0.045ms
[274.365s][info][gc,start    ] GC(571) Pause Remark
[274.380s][info][gc          ] GC(571) Pause Remark 272M->183M(469M) 15.276ms
[274.380s][info][gc,cpu      ] GC(571) User=0.03s Sys=0.00s Real=0.02s
[274.380s][info][gc,marking  ] GC(571) Concurrent Mark 92.512ms
[274.380s][info][gc,marking  ] GC(571) Concurrent Rebuild Remembered Sets and Scrub Regions
[274.429s][info][gc,marking  ] GC(571) Concurrent Rebuild Remembered Sets and Scrub Regions 48.835ms
[274.429s][info][gc,start    ] GC(571) Pause Cleanup
[274.429s][info][gc          ] GC(571) Pause Cleanup 196M->196M(469M) 0.057ms
[274.429s][info][gc,cpu      ] GC(571) User=0.00s Sys=0.00s Real=0.00s
[274.429s][info][gc,marking  ] GC(571) Concurrent Clear Claimed Marks
[274.429s][info][gc,marking  ] GC(571) Concurrent Clear Claimed Marks 0.037ms
[274.429s][info][gc,marking  ] GC(571) Concurrent Cleanup for Next Mark
[274.431s][info][gc,marking  ] GC(571) Concurrent Cleanup for Next Mark 1.941ms
[274.431s][info][gc          ] GC(571) Concurrent Mark Cycle 182.982ms
[274.651s][info][gc,start    ] GC(572) Pause Young (Prepare Mixed) (G1 Evacuation Pause)
[274.651s][info][gc,task     ] GC(572) Using 2 workers of 2 for evacuation
[274.704s][info][gc,phases   ] GC(572)   Pre Evacuate Collection Set: 0.21ms
[274.704s][info][gc,phases   ] GC(572)   Merge Heap Roots: 0.28ms
[274.704s][info][gc,phases   ] GC(572)   Evacuate Collection Set: 52.42ms
[274.704s][info][gc,phases   ] GC(572)   Post Evacuate Collection Set: 0.42ms
[274.704s][info][gc,phases   ] GC(572)   Other: 0.07ms
[274.704s][info][gc,heap     ] GC(572) Eden regions: 97->0(107)
[274.704s][info][gc,heap     ] GC(572) Survivor regions: 22->15(15)
[274.704s][info][gc,heap     ] GC(572) Old regions: 132->196
[274.704s][info][gc,heap     ] GC(572) Humongous regions: 4->4
[274.704s][info][gc,metaspace] GC(572) Metaspace: 42544K(42944K)->42544K(42944K) NonClass: 39730K(40000K)->39730K(40000K) Class: 2813K(2944K)->2813K(2944K)
[274.704s][info][gc          ] GC(572) Pause Young (Prepare Mixed) (G1 Evacuation Pause) 255M->215M(469M) 53.584ms
[274.704s][info][gc,cpu      ] GC(572) User=0.11s Sys=0.00s Real=0.05s
[275.065s][info][gc,start    ] GC(573) Pause Young (Mixed) (G1 Evacuation Pause)
[275.065s][info][gc,task     ] GC(573) Using 2 workers of 2 for evacuation
[275.122s][info][gc,phases   ] GC(573)   Pre Evacuate Collection Set: 0.23ms
[275.122s][info][gc,phases   ] GC(573)   Merge Heap Roots: 0.33ms
[275.122s][info][gc,phases   ] GC(573)   Evacuate Collection Set: 55.93ms
[275.122s][info][gc,phases   ] GC(573)   Post Evacuate Collection Set: 0.51ms
[275.122s][info][gc,phases   ] GC(573)   Other: 0.07ms
[275.122s][info][gc,heap     ] GC(573) Eden regions: 107->0(91)
[275.122s][info][gc,heap     ] GC(573) Survivor regions: 15->16(16)
[275.122s][info][gc,heap     ] GC(573) Old regions: 196->229
[275.122s][info][gc,heap     ] GC(573) Humongous regions: 5->5
[275.122s][info][gc,metaspace] GC(573) Metaspace: 42544K(42944K)->42544K(42944K) NonClass: 39730K(40000K)->39730K(40000K) Class: 2813K(2944K)->2813K(2944K)
[275.122s][info][gc          ] GC(573) Pause Young (Mixed) (G1 Evacuation Pause) 323M->250M(469M) 57.261ms
[275.122s][info][gc,cpu      ] GC(573) User=0.12s Sys=0.00s Real=0.06s
[275.386s][info][gc,start    ] GC(574) Pause Young (Concurrent Start) (G1 Humongous Allocation)
[275.386s][info][gc,task     ] GC(574) Using 2 workers of 2 for evacuation
[275.440s][info][gc,phases   ] GC(574)   Pre Evacuate Collection Set: 0.24ms
[275.440s][info][gc,phases   ] GC(574)   Merge Heap Roots: 0.28ms
[275.440s][info][gc,phases   ] GC(574)   Evacuate Collection Set: 53.00ms
[275.440s][info][gc,phases   ] GC(574)   Post Evacuate Collection Set: 0.46ms
[275.440s][info][gc,phases   ] GC(574)   Other: 0.09ms
[275.440s][info][gc,heap     ] GC(574) Eden regions: 82->0(62)
[275.440s][info][gc,heap     ] GC(574) Survivor regions: 16->14(14)
[275.440s][info][gc,heap     ] GC(574) Old regions: 229->291
[275.440s][info][gc,heap     ] GC(574) Humongous regions: 5->5
[275.440s][info][gc,metaspace] GC(574) Metaspace: 42544K(42944K)->42544K(42944K) NonClass: 39730K(40000K)->39730K(40000K) Class: 2813K(2944K)->2813K(2944K)
[275.440s][info][gc          ] GC(574) Pause Young (Concurrent Start) (G1 Humongous Allocation) 332M->309M(469M) 54.264ms
[275.440s][info][gc,cpu      ] GC(574) User=0.11s Sys=0.00s Real=0.06s
[275.440s][info][gc          ] GC(575) Concurrent Mark Cycle
[275.440s][info][gc,marking  ] GC(575) Concurrent Scan Root Regions
[275.466s][info][gc,marking  ] GC(575) Concurrent Scan Root Regions 26.204ms
[275.466s][info][gc,marking  ] GC(575) Concurrent Mark
[275.466s][info][gc,marking  ] GC(575) Concurrent Mark From Roots
[275.466s][info][gc,task     ] GC(575) Using 1 workers of 1 for marking
[275.589s][info][gc,marking  ] GC(575) Concurrent Mark From Roots 123.037ms
[275.589s][info][gc,marking  ] GC(575) Concurrent Preclean
[275.590s][info][gc,marking  ] GC(575) Concurrent Preclean 0.053ms
[275.590s][info][gc,start    ] GC(575) Pause Remark
[275.605s][info][gc          ] GC(575) Pause Remark 345M->336M(504M) 15.129ms
[275.605s][info][gc,cpu      ] GC(575) User=0.03s Sys=0.01s Real=0.01s
[275.607s][info][gc,marking  ] GC(575) Concurrent Mark 140.354ms
[275.607s][info][gc,marking  ] GC(575) Concurrent Rebuild Remembered Sets and Scrub Regions
[275.707s][info][gc,marking  ] GC(575) Concurrent Rebuild Remembered Sets and Scrub Regions 100.116ms
[275.707s][info][gc,start    ] GC(575) Pause Cleanup
[275.707s][info][gc          ] GC(575) Pause Cleanup 357M->357M(504M) 0.103ms
[275.707s][info][gc,cpu      ] GC(575) User=0.00s Sys=0.00s Real=0.00s
[275.707s][info][gc,marking  ] GC(575) Concurrent Clear Claimed Marks
[275.707s][info][gc,marking  ] GC(575) Concurrent Clear Claimed Marks 0.039ms
[275.707s][info][gc,marking  ] GC(575) Concurrent Cleanup for Next Mark
[275.709s][info][gc,marking  ] GC(575) Concurrent Cleanup for Next Mark 1.859ms
[275.709s][info][gc          ] GC(575) Concurrent Mark Cycle 268.987ms
[275.731s][info][gc,start    ] GC(576) Pause Young (Prepare Mixed) (G1 Evacuation Pause)
[275.731s][info][gc,task     ] GC(576) Using 2 workers of 2 for evacuation
[275.773s][info][gc,phases   ] GC(576)   Pre Evacuate Collection Set: 0.22ms
[275.773s][info][gc,phases   ] GC(576)   Merge Heap Roots: 0.77ms
[275.773s][info][gc,phases   ] GC(576)   Evacuate Collection Set: 40.79ms
[275.773s][info][gc,phases   ] GC(576)   Post Evacuate Collection Set: 0.44ms
[275.773s][info][gc,phases   ] GC(576)   Other: 0.09ms
[275.773s][info][gc,heap     ] GC(576) Eden regions: 62->0(69)
[275.773s][info][gc,heap     ] GC(576) Survivor regions: 14->10(10)
[275.773s][info][gc,heap     ] GC(576) Old regions: 283->318
[275.773s][info][gc,heap     ] GC(576) Humongous regions: 5->5
[275.773s][info][gc,metaspace] GC(576) Metaspace: 42544K(42944K)->42544K(42944K) NonClass: 39730K(40000K)->39730K(40000K) Class: 2813K(2944K)->2813K(2944K)
[275.773s][info][gc          ] GC(576) Pause Young (Prepare Mixed) (G1 Evacuation Pause) 363M->333M(504M) 42.502ms
[275.773s][info][gc,cpu      ] GC(576) User=0.09s Sys=0.00s Real=0.04s
[275.993s][info][gc,start    ] GC(577) Pause Young (Mixed) (G1 Evacuation Pause)
[275.993s][info][gc,task     ] GC(577) Using 2 workers of 2 for evacuation
[276.028s][info][gc,phases   ] GC(577)   Pre Evacuate Collection Set: 0.27ms
[276.028s][info][gc,phases   ] GC(577)   Merge Heap Roots: 0.22ms
[276.028s][info][gc,phases   ] GC(577)   Evacuate Collection Set: 32.42ms
[276.028s][info][gc,phases   ] GC(577)   Post Evacuate Collection Set: 1.40ms
[276.028s][info][gc,phases   ] GC(577)   Other: 0.12ms
[276.028s][info][gc,heap     ] GC(577) Eden regions: 69->0(130)
[276.028s][info][gc,heap     ] GC(577) Survivor regions: 10->10(10)
[276.028s][info][gc,heap     ] GC(577) Old regions: 318->301
[276.028s][info][gc,heap     ] GC(577) Humongous regions: 6->6
[276.028s][info][gc,metaspace] GC(577) Metaspace: 42544K(42944K)->42544K(42944K) NonClass: 39730K(40000K)->39730K(40000K) Class: 2813K(2944K)->2813K(2944K)
[276.028s][info][gc          ] GC(577) Pause Young (Mixed) (G1 Evacuation Pause) 403M->317M(642M) 34.615ms
[276.028s][info][gc,cpu      ] GC(577) User=0.07s Sys=0.00s Real=0.04s
[276.547s][info][gc,start    ] GC(578) Pause Young (Mixed) (G1 Evacuation Pause)
[276.547s][info][gc,task     ] GC(578) Using 2 workers of 2 for evacuation
[276.589s][info][gc,phases   ] GC(578)   Pre Evacuate Collection Set: 0.43ms
[276.589s][info][gc,phases   ] GC(578)   Merge Heap Roots: 1.33ms
[276.589s][info][gc,phases   ] GC(578)   Evacuate Collection Set: 39.19ms
[276.589s][info][gc,phases   ] GC(578)   Post Evacuate Collection Set: 0.49ms
[276.589s][info][gc,phases   ] GC(578)   Other: 0.09ms
[276.589s][info][gc,heap     ] GC(578) Eden regions: 130->0(159)
[276.589s][info][gc,heap     ] GC(578) Survivor regions: 10->13(18)
[276.589s][info][gc,heap     ] GC(578) Old regions: 301->253
[276.589s][info][gc,heap     ] GC(578) Humongous regions: 6->6
[276.589s][info][gc,metaspace] GC(578) Metaspace: 42544K(42944K)->42544K(42944K) NonClass: 39731K(40000K)->39731K(40000K) Class: 2813K(2944K)->2813K(2944K)
[276.589s][info][gc          ] GC(578) Pause Young (Mixed) (G1 Evacuation Pause) 447M->272M(642M) 41.736ms
[276.589s][info][gc,cpu      ] GC(578) User=0.07s Sys=0.01s Real=0.04s
[277.113s][info][gc,start    ] GC(579) Pause Young (Normal) (G1 Evacuation Pause)
[277.113s][info][gc,task     ] GC(579) Using 2 workers of 2 for evacuation
[277.128s][info][gc,phases   ] GC(579)   Pre Evacuate Collection Set: 0.37ms
[277.128s][info][gc,phases   ] GC(579)   Merge Heap Roots: 0.12ms
[277.128s][info][gc,phases   ] GC(579)   Evacuate Collection Set: 13.40ms
[277.128s][info][gc,phases   ] GC(579)   Post Evacuate Collection Set: 0.43ms
[277.128s][info][gc,phases   ] GC(579)   Other: 0.07ms
[277.128s][info][gc,heap     ] GC(579) Eden regions: 159->0(171)
[277.128s][info][gc,heap     ] GC(579) Survivor regions: 13->15(22)
[277.128s][info][gc,heap     ] GC(579) Old regions: 253->257
[277.128s][info][gc,heap     ] GC(579) Humongous regions: 7->7
[277.128s][info][gc,metaspace] GC(579) Metaspace: 42545K(42944K)->42545K(42944K) NonClass: 39731K(40000K)->39731K(40000K) Class: 2813K(2944K)->2813K(2944K)
[277.128s][info][gc          ] GC(579) Pause Young (Normal) (G1 Evacuation Pause) 432M->278M(642M) 14.614ms
[277.128s][info][gc,cpu      ] GC(579) User=0.03s Sys=0.00s Real=0.02s
[277.686s][info][gc,start    ] GC(580) Pause Young (Normal) (G1 Evacuation Pause)
[277.686s][info][gc,task     ] GC(580) Using 2 workers of 2 for evacuation
[277.696s][info][gc,phases   ] GC(580)   Pre Evacuate Collection Set: 0.23ms
[277.696s][info][gc,phases   ] GC(580)   Merge Heap Roots: 0.09ms
[277.696s][info][gc,phases   ] GC(580)   Evacuate Collection Set: 9.10ms
[277.696s][info][gc,phases   ] GC(580)   Post Evacuate Collection Set: 0.42ms
[277.696s][info][gc,phases   ] GC(580)   Other: 0.07ms
[277.696s][info][gc,heap     ] GC(580) Eden regions: 171->0(187)
[277.696s][info][gc,heap     ] GC(580) Survivor regions: 15->14(24)
[277.696s][info][gc,heap     ] GC(580) Old regions: 257->259
[277.696s][info][gc,heap     ] GC(580) Humongous regions: 8->6
[277.696s][info][gc,metaspace] GC(580) Metaspace: 42545K(42944K)->42545K(42944K) NonClass: 39731K(40000K)->39731K(40000K) Class: 2813K(2944K)->2813K(2944K)
[277.696s][info][gc          ] GC(580) Pause Young (Normal) (G1 Evacuation Pause) 450M->278M(642M) 10.130ms
[277.696s][info][gc,cpu      ] GC(580) User=0.02s Sys=0.00s Real=0.01s
[278.258s][info][gc,start    ] GC(581) Pause Young (Normal) (G1 Evacuation Pause)
[278.258s][info][gc,task     ] GC(581) Using 2 workers of 2 for evacuation
[278.263s][info][gc,phases   ] GC(581)   Pre Evacuate Collection Set: 0.22ms
[278.263s][info][gc,phases   ] GC(581)   Merge Heap Roots: 0.08ms
[278.263s][info][gc,phases   ] GC(581)   Evacuate Collection Set: 4.59ms
[278.263s][info][gc,phases   ] GC(581)   Post Evacuate Collection Set: 0.46ms
[278.263s][info][gc,phases   ] GC(581)   Other: 0.06ms
[278.263s][info][gc,heap     ] GC(581) Eden regions: 187->0(210)
[278.263s][info][gc,heap     ] GC(581) Survivor regions: 14->6(26)
[278.263s][info][gc,heap     ] GC(581) Old regions: 259->260
[278.263s][info][gc,heap     ] GC(581) Humongous regions: 8->6
[278.263s][info][gc,metaspace] GC(581) Metaspace: 42545K(42944K)->42545K(42944K) NonClass: 39731K(40000K)->39731K(40000K) Class: 2813K(2944K)->2813K(2944K)
[278.263s][info][gc          ] GC(581) Pause Young (Normal) (G1 Evacuation Pause) 467M->271M(642M) 5.602ms
[278.263s][info][gc,cpu      ] GC(581) User=0.01s Sys=0.00s Real=0.00s
[278.433s][info][gc,start    ] GC(582) Pause Young (Concurrent Start) (G1 Humongous Allocation)
[278.434s][info][gc,task     ] GC(582) Using 2 workers of 2 for evacuation
[278.458s][info][gc,phases   ] GC(582)   Pre Evacuate Collection Set: 0.28ms
[278.458s][info][gc,phases   ] GC(582)   Merge Heap Roots: 0.05ms
[278.458s][info][gc,phases   ] GC(582)   Evacuate Collection Set: 23.47ms
[278.458s][info][gc,phases   ] GC(582)   Post Evacuate Collection Set: 0.41ms
[278.458s][info][gc,phases   ] GC(582)   Other: 0.09ms
[278.458s][info][gc,heap     ] GC(582) Eden regions: 54->0(150)
[278.458s][info][gc,heap     ] GC(582) Survivor regions: 6->27(27)
[278.458s][info][gc,heap     ] GC(582) Old regions: 260->273
[278.458s][info][gc,heap     ] GC(582) Humongous regions: 6->6
[278.458s][info][gc,metaspace] GC(582) Metaspace: 42545K(42944K)->42545K(42944K) NonClass: 39731K(40000K)->39731K(40000K) Class: 2813K(2944K)->2813K(2944K)
[278.458s][info][gc          ] GC(582) Pause Young (Concurrent Start) (G1 Humongous Allocation) 324M->306M(642M) 24.485ms
[278.458s][info][gc          ] GC(583) Concurrent Mark Cycle
[278.458s][info][gc,marking  ] GC(583) Concurrent Scan Root Regions
[278.459s][info][gc,cpu      ] GC(582) User=0.05s Sys=0.00s Real=0.03s
[278.473s][info][gc,marking  ] GC(583) Concurrent Scan Root Regions 15.256ms
[278.473s][info][gc,marking  ] GC(583) Concurrent Mark
[278.473s][info][gc,marking  ] GC(583) Concurrent Mark From Roots
[278.473s][info][gc,task     ] GC(583) Using 1 workers of 1 for marking
[278.547s][info][gc,marking  ] GC(583) Concurrent Mark From Roots 74.040ms
[278.547s][info][gc,marking  ] GC(583) Concurrent Preclean
[278.547s][info][gc,marking  ] GC(583) Concurrent Preclean 0.049ms
[278.548s][info][gc,start    ] GC(583) Pause Remark
[278.563s][info][gc          ] GC(583) Pause Remark 331M->160M(454M) 14.928ms
[278.563s][info][gc,cpu      ] GC(583) User=0.03s Sys=0.00s Real=0.01s
[278.563s][info][gc,marking  ] GC(583) Concurrent Mark 89.298ms
[278.563s][info][gc,marking  ] GC(583) Concurrent Rebuild Remembered Sets and Scrub Regions
[278.601s][info][gc,marking  ] GC(583) Concurrent Rebuild Remembered Sets and Scrub Regions 38.442ms
[278.601s][info][gc,start    ] GC(583) Pause Cleanup
[278.601s][info][gc          ] GC(583) Pause Cleanup 170M->170M(454M) 0.050ms
[278.601s][info][gc,cpu      ] GC(583) User=0.00s Sys=0.00s Real=0.00s
[278.601s][info][gc,marking  ] GC(583) Concurrent Clear Claimed Marks
[278.601s][info][gc,marking  ] GC(583) Concurrent Clear Claimed Marks 0.037ms
[278.601s][info][gc,marking  ] GC(583) Concurrent Cleanup for Next Mark
[278.603s][info][gc,marking  ] GC(583) Concurrent Cleanup for Next Mark 1.678ms
[278.603s][info][gc          ] GC(583) Concurrent Mark Cycle 145.034ms
[278.972s][info][gc,start    ] GC(584) Pause Young (Prepare Mixed) (G1 Evacuation Pause)
[278.972s][info][gc,task     ] GC(584) Using 2 workers of 2 for evacuation
[279.007s][info][gc,phases   ] GC(584)   Pre Evacuate Collection Set: 0.20ms
[279.007s][info][gc,phases   ] GC(584)   Merge Heap Roots: 0.19ms
[279.007s][info][gc,phases   ] GC(584)   Evacuate Collection Set: 34.08ms
[279.007s][info][gc,phases   ] GC(584)   Post Evacuate Collection Set: 0.44ms
[279.007s][info][gc,phases   ] GC(584)   Other: 0.07ms
[279.007s][info][gc,heap     ] GC(584) Eden regions: 150->0(140)
[279.007s][info][gc,heap     ] GC(584) Survivor regions: 27->23(23)
[279.007s][info][gc,heap     ] GC(584) Old regions: 105->133
[279.007s][info][gc,heap     ] GC(584) Humongous regions: 5->4
[279.007s][info][gc,metaspace] GC(584) Metaspace: 42545K(42944K)->42545K(42944K) NonClass: 39731K(40000K)->39731K(40000K) Class: 2813K(2944K)->2813K(2944K)
[279.007s][info][gc          ] GC(584) Pause Young (Prepare Mixed) (G1 Evacuation Pause) 287M->160M(454M) 35.228ms
[279.007s][info][gc,cpu      ] GC(584) User=0.07s Sys=0.00s Real=0.04s
[279.458s][info][gc,start    ] GC(585) Pause Young (Mixed) (G1 Evacuation Pause)
[279.458s][info][gc,task     ] GC(585) Using 2 workers of 2 for evacuation
[279.511s][info][gc,phases   ] GC(585)   Pre Evacuate Collection Set: 0.22ms
[279.511s][info][gc,phases   ] GC(585)   Merge Heap Roots: 0.16ms
[279.511s][info][gc,phases   ] GC(585)   Evacuate Collection Set: 51.80ms
[279.511s][info][gc,phases   ] GC(585)   Post Evacuate Collection Set: 0.58ms
[279.511s][info][gc,phases   ] GC(585)   Other: 0.07ms
[279.511s][info][gc,heap     ] GC(585) Eden regions: 140->0(122)
[279.511s][info][gc,heap     ] GC(585) Survivor regions: 23->21(21)
[279.511s][info][gc,heap     ] GC(585) Old regions: 133->170
[279.511s][info][gc,heap     ] GC(585) Humongous regions: 6->6
[279.511s][info][gc,metaspace] GC(585) Metaspace: 42545K(42944K)->42545K(42944K) NonClass: 39731K(40000K)->39731K(40000K) Class: 2813K(2944K)->2813K(2944K)
[279.511s][info][gc          ] GC(585) Pause Young (Mixed) (G1 Evacuation Pause) 302M->197M(454M) 53.040ms
[279.511s][info][gc,cpu      ] GC(585) User=0.11s Sys=0.00s Real=0.05s
[279.788s][info][gc,start    ] GC(586) Pause Young (Concurrent Start) (G1 Humongous Allocation)
[279.788s][info][gc,task     ] GC(586) Using 2 workers of 2 for evacuation
[279.823s][info][gc,phases   ] GC(586)   Pre Evacuate Collection Set: 0.21ms
[279.823s][info][gc,phases   ] GC(586)   Merge Heap Roots: 0.32ms
[279.823s][info][gc,phases   ] GC(586)   Evacuate Collection Set: 33.87ms
[279.823s][info][gc,phases   ] GC(586)   Post Evacuate Collection Set: 0.41ms
[279.823s][info][gc,phases   ] GC(586)   Other: 0.10ms
[279.823s][info][gc,heap     ] GC(586) Eden regions: 93->0(120)
[279.823s][info][gc,heap     ] GC(586) Survivor regions: 21->18(18)
[279.823s][info][gc,heap     ] GC(586) Old regions: 170->195
[279.823s][info][gc,heap     ] GC(586) Humongous regions: 6->4
[279.823s][info][gc,metaspace] GC(586) Metaspace: 42547K(42944K)->42547K(42944K) NonClass: 39733K(40000K)->39733K(40000K) Class: 2813K(2944K)->2813K(2944K)
[279.823s][info][gc          ] GC(586) Pause Young (Concurrent Start) (G1 Humongous Allocation) 289M->216M(454M) 35.087ms
[279.823s][info][gc          ] GC(587) Concurrent Mark Cycle
[279.823s][info][gc,marking  ] GC(587) Concurrent Scan Root Regions
[279.826s][info][gc,cpu      ] GC(586) User=0.07s Sys=0.00s Real=0.03s
[279.838s][info][gc,marking  ] GC(587) Concurrent Scan Root Regions 14.202ms
[279.838s][info][gc,marking  ] GC(587) Concurrent Mark
[279.838s][info][gc,marking  ] GC(587) Concurrent Mark From Roots
[279.838s][info][gc,task     ] GC(587) Using 1 workers of 1 for marking
[279.936s][info][gc,marking  ] GC(587) Concurrent Mark From Roots 98.169ms
[279.936s][info][gc,marking  ] GC(587) Concurrent Preclean
[279.936s][info][gc,marking  ] GC(587) Concurrent Preclean 0.044ms
[279.936s][info][gc,start    ] GC(587) Pause Remark
[279.951s][info][gc          ] GC(587) Pause Remark 255M->238M(454M) 14.741ms
[279.951s][info][gc,cpu      ] GC(587) User=0.03s Sys=0.00s Real=0.02s
[279.951s][info][gc,marking  ] GC(587) Concurrent Mark 113.218ms
[279.951s][info][gc,marking  ] GC(587) Concurrent Rebuild Remembered Sets and Scrub Regions
[280.001s][info][gc,marking  ] GC(587) Concurrent Rebuild Remembered Sets and Scrub Regions 49.900ms
[280.001s][info][gc,start    ] GC(587) Pause Cleanup
[280.001s][info][gc          ] GC(587) Pause Cleanup 256M->256M(454M) 0.091ms
[280.001s][info][gc,cpu      ] GC(587) User=0.00s Sys=0.00s Real=0.00s
[280.001s][info][gc,marking  ] GC(587) Concurrent Clear Claimed Marks
[280.001s][info][gc,marking  ] GC(587) Concurrent Clear Claimed Marks 0.040ms
[280.001s][info][gc,marking  ] GC(587) Concurrent Cleanup for Next Mark
[280.002s][info][gc,marking  ] GC(587) Concurrent Cleanup for Next Mark 1.290ms
[280.003s][info][gc          ] GC(587) Concurrent Mark Cycle 179.077ms
[280.170s][info][gc,start    ] GC(588) Pause Young (Prepare Mixed) (G1 Evacuation Pause)
[280.170s][info][gc,task     ] GC(588) Using 2 workers of 2 for evacuation
[280.183s][info][gc,phases   ] GC(588)   Pre Evacuate Collection Set: 0.30ms
[280.183s][info][gc,phases   ] GC(588)   Merge Heap Roots: 0.13ms
[280.183s][info][gc,phases   ] GC(588)   Evacuate Collection Set: 11.74ms
[280.183s][info][gc,phases   ] GC(588)   Post Evacuate Collection Set: 0.40ms
[280.183s][info][gc,phases   ] GC(588)   Other: 0.09ms
[280.183s][info][gc,heap     ] GC(588) Eden regions: 120->0(139)
[280.183s][info][gc,heap     ] GC(588) Survivor regions: 18->2(18)
[280.183s][info][gc,heap     ] GC(588) Old regions: 179->196
[280.183s][info][gc,heap     ] GC(588) Humongous regions: 5->5
[280.183s][info][gc,metaspace] GC(588) Metaspace: 42547K(42944K)->42547K(42944K) NonClass: 39733K(40000K)->39733K(40000K) Class: 2813K(2944K)->2813K(2944K)
[280.183s][info][gc          ] GC(588) Pause Young (Prepare Mixed) (G1 Evacuation Pause) 321M->203M(454M) 12.840ms
[280.183s][info][gc,cpu      ] GC(588) User=0.02s Sys=0.00s Real=0.01s
[280.582s][info][gc,start    ] GC(589) Pause Young (Mixed) (G1 Evacuation Pause)
[280.582s][info][gc,task     ] GC(589) Using 2 workers of 2 for evacuation
[280.586s][info][gc,phases   ] GC(589)   Pre Evacuate Collection Set: 0.21ms
[280.586s][info][gc,phases   ] GC(589)   Merge Heap Roots: 0.11ms
[280.586s][info][gc,phases   ] GC(589)   Evacuate Collection Set: 3.39ms
[280.586s][info][gc,phases   ] GC(589)   Post Evacuate Collection Set: 0.43ms
[280.586s][info][gc,phases   ] GC(589)   Other: 0.11ms
[280.586s][info][gc,heap     ] GC(589) Eden regions: 139->0(172)
[280.586s][info][gc,heap     ] GC(589) Survivor regions: 2->3(18)
[280.586s][info][gc,heap     ] GC(589) Old regions: 196->151
[280.586s][info][gc,heap     ] GC(589) Humongous regions: 5->5
[280.586s][info][gc,metaspace] GC(589) Metaspace: 42547K(42944K)->42547K(42944K) NonClass: 39733K(40000K)->39733K(40000K) Class: 2813K(2944K)->2813K(2944K)
[280.586s][info][gc          ] GC(589) Pause Young (Mixed) (G1 Evacuation Pause) 342M->158M(454M) 4.418ms
[280.586s][info][gc,cpu      ] GC(589) User=0.01s Sys=0.00s Real=0.00s
[281.047s][info][gc,start    ] GC(590) Pause Young (Mixed) (G1 Evacuation Pause)
[281.047s][info][gc,task     ] GC(590) Using 2 workers of 2 for evacuation
[281.055s][info][gc,phases   ] GC(590)   Pre Evacuate Collection Set: 0.21ms
[281.055s][info][gc,phases   ] GC(590)   Merge Heap Roots: 0.16ms
[281.055s][info][gc,phases   ] GC(590)   Evacuate Collection Set: 7.18ms
[281.055s][info][gc,phases   ] GC(590)   Post Evacuate Collection Set: 0.65ms
[281.055s][info][gc,phases   ] GC(590)   Other: 0.08ms
[281.055s][info][gc,heap     ] GC(590) Eden regions: 172->0(202)
[281.055s][info][gc,heap     ] GC(590) Survivor regions: 3->4(22)
[281.055s][info][gc,heap     ] GC(590) Old regions: 151->134
[281.055s][info][gc,heap     ] GC(590) Humongous regions: 6->5
[281.055s][info][gc,metaspace] GC(590) Metaspace: 42547K(42944K)->42547K(42944K) NonClass: 39734K(40000K)->39734K(40000K) Class: 2813K(2944K)->2813K(2944K)
[281.055s][info][gc          ] GC(590) Pause Young (Mixed) (G1 Evacuation Pause) 331M->141M(475M) 8.461ms
[281.055s][info][gc,cpu      ] GC(590) User=0.02s Sys=0.00s Real=0.00s
[281.489s][info][gc,start    ] GC(591) Pause Young (Normal) (G1 Evacuation Pause)
[281.489s][info][gc,task     ] GC(591) Using 2 workers of 2 for evacuation
[281.493s][info][gc,phases   ] GC(591)   Pre Evacuate Collection Set: 0.21ms
[281.493s][info][gc,phases   ] GC(591)   Merge Heap Roots: 0.07ms
[281.493s][info][gc,phases   ] GC(591)   Evacuate Collection Set: 3.50ms
[281.493s][info][gc,phases   ] GC(591)   Post Evacuate Collection Set: 0.44ms
[281.493s][info][gc,phases   ] GC(591)   Other: 0.06ms
[281.493s][info][gc,heap     ] GC(591) Eden regions: 202->0(217)
[281.493s][info][gc,heap     ] GC(591) Survivor regions: 4->4(26)
[281.493s][info][gc,heap     ] GC(591) Old regions: 134->134
[281.493s][info][gc,heap     ] GC(591) Humongous regions: 5->3
[281.493s][info][gc,metaspace] GC(591) Metaspace: 42547K(42944K)->42547K(42944K) NonClass: 39734K(40000K)->39734K(40000K) Class: 2813K(2944K)->2813K(2944K)
[281.493s][info][gc          ] GC(591) Pause Young (Normal) (G1 Evacuation Pause) 343M->140M(475M) 4.461ms
[281.493s][info][gc,cpu      ] GC(591) User=0.01s Sys=0.00s Real=0.00s
[281.831s][info][gc,start    ] GC(592) Pause Young (Normal) (G1 Evacuation Pause)
[281.831s][info][gc,task     ] GC(592) Using 2 workers of 2 for evacuation
[281.836s][info][gc,phases   ] GC(592)   Pre Evacuate Collection Set: 0.21ms
[281.836s][info][gc,phases   ] GC(592)   Merge Heap Roots: 0.08ms
[281.836s][info][gc,phases   ] GC(592)   Evacuate Collection Set: 3.48ms
[281.836s][info][gc,phases   ] GC(592)   Post Evacuate Collection Set: 0.44ms
[281.836s][info][gc,phases   ] GC(592)   Other: 0.08ms
[281.836s][info][gc,heap     ] GC(592) Eden regions: 217->0(230)
[281.836s][info][gc,heap     ] GC(592) Survivor regions: 4->5(28)
[281.836s][info][gc,heap     ] GC(592) Old regions: 134->134
[281.836s][info][gc,heap     ] GC(592) Humongous regions: 3->3
[281.836s][info][gc,metaspace] GC(592) Metaspace: 42547K(42944K)->42547K(42944K) NonClass: 39734K(40000K)->39734K(40000K) Class: 2813K(2944K)->2813K(2944K)
[281.836s][info][gc          ] GC(592) Pause Young (Normal) (G1 Evacuation Pause) 357M->141M(475M) 4.463ms
[281.836s][info][gc,cpu      ] GC(592) User=0.01s Sys=0.00s Real=0.00s
[281.978s][info][gc,start    ] GC(593) Pause Young (Concurrent Start) (G1 Humongous Allocation)
[281.978s][info][gc,task     ] GC(593) Using 2 workers of 2 for evacuation
[281.982s][info][gc,phases   ] GC(593)   Pre Evacuate Collection Set: 0.22ms
[281.982s][info][gc,phases   ] GC(593)   Merge Heap Roots: 0.06ms
[281.982s][info][gc,phases   ] GC(593)   Evacuate Collection Set: 3.41ms
[281.982s][info][gc,phases   ] GC(593)   Post Evacuate Collection Set: 0.40ms
[281.982s][info][gc,phases   ] GC(593)   Other: 0.08ms
[281.982s][info][gc,heap     ] GC(593) Eden regions: 90->0(244)
[281.982s][info][gc,heap     ] GC(593) Survivor regions: 5->5(30)
[281.982s][info][gc,heap     ] GC(593) Old regions: 134->134
[281.982s][info][gc,heap     ] GC(593) Humongous regions: 3->3
[281.982s][info][gc,metaspace] GC(593) Metaspace: 42547K(42944K)->42547K(42944K) NonClass: 39734K(40000K)->39734K(40000K) Class: 2813K(2944K)->2813K(2944K)
[281.982s][info][gc          ] GC(593) Pause Young (Concurrent Start) (G1 Humongous Allocation) 231M->140M(475M) 4.347ms
[281.982s][info][gc,cpu      ] GC(593) User=0.01s Sys=0.00s Real=0.00s
[281.982s][info][gc          ] GC(594) Concurrent Mark Cycle
[281.982s][info][gc,marking  ] GC(594) Concurrent Scan Root Regions
[281.984s][info][gc,marking  ] GC(594) Concurrent Scan Root Regions 2.157ms
[281.984s][info][gc,marking  ] GC(594) Concurrent Mark
[281.984s][info][gc,marking  ] GC(594) Concurrent Mark From Roots
[281.984s][info][gc,task     ] GC(594) Using 1 workers of 1 for marking
[282.054s][info][gc,marking  ] GC(594) Concurrent Mark From Roots 69.736ms
[282.054s][info][gc,marking  ] GC(594) Concurrent Preclean
[282.054s][info][gc,marking  ] GC(594) Concurrent Preclean 0.037ms
[282.054s][info][gc,start    ] GC(594) Pause Remark
[282.069s][info][gc          ] GC(594) Pause Remark 162M->99M(270M) 14.898ms
[282.069s][info][gc,cpu      ] GC(594) User=0.03s Sys=0.00s Real=0.02s
[282.069s][info][gc,marking  ] GC(594) Concurrent Mark 84.945ms
[282.069s][info][gc,marking  ] GC(594) Concurrent Rebuild Remembered Sets and Scrub Regions
[282.100s][info][gc,marking  ] GC(594) Concurrent Rebuild Remembered Sets and Scrub Regions 30.528ms
[282.100s][info][gc,start    ] GC(594) Pause Cleanup
[282.100s][info][gc          ] GC(594) Pause Cleanup 109M->109M(270M) 0.041ms
[282.100s][info][gc,cpu      ] GC(594) User=0.00s Sys=0.00s Real=0.00s
[282.101s][info][gc,marking  ] GC(594) Concurrent Clear Claimed Marks
[282.101s][info][gc,marking  ] GC(594) Concurrent Clear Claimed Marks 0.047ms
[282.101s][info][gc,marking  ] GC(594) Concurrent Cleanup for Next Mark
[282.102s][info][gc,marking  ] GC(594) Concurrent Cleanup for Next Mark 0.764ms
[282.102s][info][gc          ] GC(594) Concurrent Mark Cycle 119.353ms
[282.480s][info][gc,start    ] GC(595) Pause Young (Prepare Mixed) (G1 Evacuation Pause)
[282.480s][info][gc,task     ] GC(595) Using 2 workers of 2 for evacuation
[282.492s][info][gc,phases   ] GC(595)   Pre Evacuate Collection Set: 0.30ms
[282.492s][info][gc,phases   ] GC(595)   Merge Heap Roots: 0.10ms
[282.492s][info][gc,phases   ] GC(595)   Evacuate Collection Set: 10.48ms
[282.492s][info][gc,phases   ] GC(595)   Post Evacuate Collection Set: 1.00ms
[282.492s][info][gc,phases   ] GC(595)   Other: 0.08ms
[282.492s][info][gc,heap     ] GC(595) Eden regions: 77->0(219)
[282.492s][info][gc,heap     ] GC(595) Survivor regions: 5->9(28)
[282.492s][info][gc,heap     ] GC(595) Old regions: 73->73
[282.492s][info][gc,heap     ] GC(595) Humongous regions: 217->3
[282.492s][info][gc,metaspace] GC(595) Metaspace: 42549K(42944K)->42549K(42944K) NonClass: 39736K(40000K)->39736K(40000K) Class: 2813K(2944K)->2813K(2944K)
[282.492s][info][gc          ] GC(595) Pause Young (Prepare Mixed) (G1 Evacuation Pause) 370M->84M(381M) 12.150ms
[282.492s][info][gc,cpu      ] GC(595) User=0.01s Sys=0.00s Real=0.01s
[283.015s][info][gc,start    ] GC(596) Pause Young (Mixed) (G1 Evacuation Pause)
[283.015s][info][gc,task     ] GC(596) Using 2 workers of 2 for evacuation
[283.032s][info][gc,phases   ] GC(596)   Pre Evacuate Collection Set: 0.25ms
[283.032s][info][gc,phases   ] GC(596)   Merge Heap Roots: 0.07ms
[283.032s][info][gc,phases   ] GC(596)   Evacuate Collection Set: 15.42ms
[283.032s][info][gc,phases   ] GC(596)   Post Evacuate Collection Set: 1.16ms
[283.032s][info][gc,phases   ] GC(596)   Other: 0.07ms
[283.032s][info][gc,heap     ] GC(596) Eden regions: 56->0(286)
[283.032s][info][gc,heap     ] GC(596) Survivor regions: 9->13(30)
[283.032s][info][gc,heap     ] GC(596) Old regions: 73->66
[283.032s][info][gc,heap     ] GC(596) Humongous regions: 347->3
[283.032s][info][gc,metaspace] GC(596) Metaspace: 42549K(42944K)->42549K(42944K) NonClass: 39736K(40000K)->39736K(40000K) Class: 2813K(2944K)->2813K(2944K)
[283.032s][info][gc          ] GC(596) Pause Young (Mixed) (G1 Evacuation Pause) 484M->80M(499M) 17.175ms
[283.032s][info][gc,cpu      ] GC(596) User=0.03s Sys=0.00s Real=0.02s
[283.117s][info][gc,start    ] GC(597) Pause Young (Concurrent Start) (G1 Humongous Allocation)
[283.117s][info][gc,task     ] GC(597) Using 2 workers of 2 for evacuation
[283.128s][info][gc,phases   ] GC(597)   Pre Evacuate Collection Set: 0.26ms
[283.128s][info][gc,phases   ] GC(597)   Merge Heap Roots: 0.05ms
[283.128s][info][gc,phases   ] GC(597)   Evacuate Collection Set: 9.91ms
[283.128s][info][gc,phases   ] GC(597)   Post Evacuate Collection Set: 0.40ms
[283.128s][info][gc,phases   ] GC(597)   Other: 0.09ms
[283.128s][info][gc,heap     ] GC(597) Eden regions: 11->0(286)
[283.128s][info][gc,heap     ] GC(597) Survivor regions: 13->13(38)
[283.128s][info][gc,heap     ] GC(597) Old regions: 66->66
[283.128s][info][gc,heap     ] GC(597) Humongous regions: 71->1
[283.128s][info][gc,metaspace] GC(597) Metaspace: 42549K(42944K)->42549K(42944K) NonClass: 39736K(40000K)->39736K(40000K) Class: 2813K(2944K)->2813K(2944K)
[283.128s][info][gc          ] GC(597) Pause Young (Concurrent Start) (G1 Humongous Allocation) 158M->78M(499M) 10.899ms
[283.128s][info][gc          ] GC(598) Concurrent Undo Cycle
[283.128s][info][gc,marking  ] GC(598) Concurrent Clear Claimed Marks
[283.128s][info][gc,marking  ] GC(598) Concurrent Clear Claimed Marks 0.036ms
[283.128s][info][gc,marking  ] GC(598) Concurrent Cleanup for Next Mark
[283.128s][info][gc,cpu      ] GC(597) User=0.02s Sys=0.00s Real=0.01s
[283.131s][info][gc,marking  ] GC(598) Concurrent Cleanup for Next Mark 2.638ms
[283.131s][info][gc          ] GC(598) Concurrent Undo Cycle 2.715ms
[283.134s][info][gc,start    ] GC(599) Pause Young (Concurrent Start) (G1 Humongous Allocation)
[283.134s][info][gc,task     ] GC(599) Using 2 workers of 2 for evacuation
[283.145s][info][gc,phases   ] GC(599)   Pre Evacuate Collection Set: 0.21ms
[283.145s][info][gc,phases   ] GC(599)   Merge Heap Roots: 0.04ms
[283.145s][info][gc,phases   ] GC(599)   Evacuate Collection Set: 9.91ms
[283.145s][info][gc,phases   ] GC(599)   Post Evacuate Collection Set: 0.38ms
[283.145s][info][gc,phases   ] GC(599)   Other: 0.08ms
[283.145s][info][gc,heap     ] GC(599) Eden regions: 1->0(286)
[283.145s][info][gc,heap     ] GC(599) Survivor regions: 13->13(38)
[283.145s][info][gc,heap     ] GC(599) Old regions: 66->66
[283.145s][info][gc,heap     ] GC(599) Humongous regions: 3->1
[283.145s][info][gc,metaspace] GC(599) Metaspace: 42549K(42944K)->42549K(42944K) NonClass: 39736K(40000K)->39736K(40000K) Class: 2813K(2944K)->2813K(2944K)
[283.145s][info][gc          ] GC(599) Pause Young (Concurrent Start) (G1 Humongous Allocation) 81M->78M(499M) 10.769ms
[283.145s][info][gc          ] GC(600) Concurrent Undo Cycle
[283.145s][info][gc,marking  ] GC(600) Concurrent Clear Claimed Marks
[283.145s][info][gc,marking  ] GC(600) Concurrent Clear Claimed Marks 0.021ms
[283.145s][info][gc,marking  ] GC(600) Concurrent Cleanup for Next Mark
[283.145s][info][gc,cpu      ] GC(599) User=0.02s Sys=0.00s Real=0.01s
[283.146s][info][gc,marking  ] GC(600) Concurrent Cleanup for Next Mark 0.729ms
[283.146s][info][gc          ] GC(600) Concurrent Undo Cycle 0.785ms
[283.154s][info][gc,start    ] GC(601) Pause Young (Concurrent Start) (G1 Humongous Allocation)
[283.154s][info][gc,task     ] GC(601) Using 2 workers of 2 for evacuation
[283.164s][info][gc,phases   ] GC(601)   Pre Evacuate Collection Set: 0.21ms
[283.164s][info][gc,phases   ] GC(601)   Merge Heap Roots: 0.04ms
[283.164s][info][gc,phases   ] GC(601)   Evacuate Collection Set: 9.51ms
[283.164s][info][gc,phases   ] GC(601)   Post Evacuate Collection Set: 0.30ms
[283.164s][info][gc,phases   ] GC(601)   Other: 0.12ms
[283.164s][info][gc,heap     ] GC(601) Eden regions: 1->0(286)
[283.164s][info][gc,heap     ] GC(601) Survivor regions: 13->13(38)
[283.164s][info][gc,heap     ] GC(601) Old regions: 66->66
[283.164s][info][gc,heap     ] GC(601) Humongous regions: 7->1
[283.164s][info][gc,metaspace] GC(601) Metaspace: 42549K(42944K)->42549K(42944K) NonClass: 39736K(40000K)->39736K(40000K) Class: 2813K(2944K)->2813K(2944K)
[283.164s][info][gc          ] GC(601) Pause Young (Concurrent Start) (G1 Humongous Allocation) 85M->78M(499M) 10.335ms
[283.164s][info][gc,cpu      ] GC(601) User=0.02s Sys=0.00s Real=0.01s
[283.164s][info][gc          ] GC(602) Concurrent Undo Cycle
[283.164s][info][gc,marking  ] GC(602) Concurrent Clear Claimed Marks
[283.164s][info][gc,marking  ] GC(602) Concurrent Clear Claimed Marks 0.024ms
[283.164s][info][gc,marking  ] GC(602) Concurrent Cleanup for Next Mark
[283.165s][info][gc,marking  ] GC(602) Concurrent Cleanup for Next Mark 0.797ms
[283.165s][info][gc          ] GC(602) Concurrent Undo Cycle 0.885ms
[283.178s][info][gc,start    ] GC(603) Pause Young (Concurrent Start) (G1 Humongous Allocation)
[283.178s][info][gc,task     ] GC(603) Using 2 workers of 2 for evacuation
[283.188s][info][gc,phases   ] GC(603)   Pre Evacuate Collection Set: 0.21ms
[283.188s][info][gc,phases   ] GC(603)   Merge Heap Roots: 0.04ms
[283.188s][info][gc,phases   ] GC(603)   Evacuate Collection Set: 9.49ms
[283.188s][info][gc,phases   ] GC(603)   Post Evacuate Collection Set: 0.39ms
[283.188s][info][gc,phases   ] GC(603)   Other: 0.11ms
[283.188s][info][gc,heap     ] GC(603) Eden regions: 2->0(286)
[283.188s][info][gc,heap     ] GC(603) Survivor regions: 13->13(38)
[283.188s][info][gc,heap     ] GC(603) Old regions: 66->66
[283.188s][info][gc,heap     ] GC(603) Humongous regions: 11->1
[283.188s][info][gc,metaspace] GC(603) Metaspace: 42549K(42944K)->42549K(42944K) NonClass: 39736K(40000K)->39736K(40000K) Class: 2813K(2944K)->2813K(2944K)
[283.188s][info][gc          ] GC(603) Pause Young (Concurrent Start) (G1 Humongous Allocation) 90M->78M(499M) 10.438ms
[283.188s][info][gc,cpu      ] GC(603) User=0.02s Sys=0.00s Real=0.01s
[283.188s][info][gc          ] GC(604) Concurrent Undo Cycle
[283.188s][info][gc,marking  ] GC(604) Concurrent Clear Claimed Marks
[283.188s][info][gc,marking  ] GC(604) Concurrent Clear Claimed Marks 0.030ms
[283.188s][info][gc,marking  ] GC(604) Concurrent Cleanup for Next Mark
[283.189s][info][gc,marking  ] GC(604) Concurrent Cleanup for Next Mark 0.544ms
[283.189s][info][gc          ] GC(604) Concurrent Undo Cycle 0.636ms
[283.206s][info][gc,start    ] GC(605) Pause Young (Concurrent Start) (G1 Humongous Allocation)
[283.206s][info][gc,task     ] GC(605) Using 2 workers of 2 for evacuation
[283.218s][info][gc,phases   ] GC(605)   Pre Evacuate Collection Set: 0.23ms
[283.218s][info][gc,phases   ] GC(605)   Merge Heap Roots: 0.04ms
[283.218s][info][gc,phases   ] GC(605)   Evacuate Collection Set: 9.90ms
[283.218s][info][gc,phases   ] GC(605)   Post Evacuate Collection Set: 1.89ms
[283.218s][info][gc,phases   ] GC(605)   Other: 0.12ms
[283.218s][info][gc,heap     ] GC(605) Eden regions: 3->0(401)
[283.218s][info][gc,heap     ] GC(605) Survivor regions: 13->13(38)
[283.218s][info][gc,heap     ] GC(605) Old regions: 66->66
[283.218s][info][gc,heap     ] GC(605) Humongous regions: 15->1
[283.218s][info][gc,metaspace] GC(605) Metaspace: 42549K(42944K)->42549K(42944K) NonClass: 39736K(40000K)->39736K(40000K) Class: 2813K(2944K)->2813K(2944K)
[283.218s][info][gc          ] GC(605) Pause Young (Concurrent Start) (G1 Humongous Allocation) 95M->78M(691M) 12.349ms
[283.218s][info][gc,cpu      ] GC(605) User=0.02s Sys=0.00s Real=0.02s
[283.218s][info][gc          ] GC(606) Concurrent Undo Cycle
[283.218s][info][gc,marking  ] GC(606) Concurrent Clear Claimed Marks
[283.218s][info][gc,marking  ] GC(606) Concurrent Clear Claimed Marks 0.036ms
[283.218s][info][gc,marking  ] GC(606) Concurrent Cleanup for Next Mark
[283.219s][info][gc,marking  ] GC(606) Concurrent Cleanup for Next Mark 0.209ms
[283.219s][info][gc          ] GC(606) Concurrent Undo Cycle 0.317ms
[283.345s][info][gc,start    ] GC(607) Pause Young (Concurrent Start) (G1 Humongous Allocation)
[283.345s][info][gc,task     ] GC(607) Using 2 workers of 2 for evacuation
[283.365s][info][gc,phases   ] GC(607)   Pre Evacuate Collection Set: 0.39ms
[283.365s][info][gc,phases   ] GC(607)   Merge Heap Roots: 0.09ms
[283.365s][info][gc,phases   ] GC(607)   Evacuate Collection Set: 18.06ms
[283.365s][info][gc,phases   ] GC(607)   Post Evacuate Collection Set: 0.47ms
[283.365s][info][gc,phases   ] GC(607)   Other: 0.19ms
[283.365s][info][gc,heap     ] GC(607) Eden regions: 16->0(398)
[283.365s][info][gc,heap     ] GC(607) Survivor regions: 13->16(52)
[283.365s][info][gc,heap     ] GC(607) Old regions: 66->66
[283.365s][info][gc,heap     ] GC(607) Humongous regions: 85->1
[283.365s][info][gc,metaspace] GC(607) Metaspace: 42549K(42944K)->42549K(42944K) NonClass: 39736K(40000K)->39736K(40000K) Class: 2813K(2944K)->2813K(2944K)
[283.365s][info][gc          ] GC(607) Pause Young (Concurrent Start) (G1 Humongous Allocation) 178M->81M(691M) 19.397ms
[283.365s][info][gc,cpu      ] GC(607) User=0.03s Sys=0.02s Real=0.02s
[283.365s][info][gc          ] GC(608) Concurrent Undo Cycle
[283.365s][info][gc,marking  ] GC(608) Concurrent Clear Claimed Marks
[283.365s][info][gc,marking  ] GC(608) Concurrent Clear Claimed Marks 0.036ms
[283.365s][info][gc,marking  ] GC(608) Concurrent Cleanup for Next Mark
[283.367s][info][gc,marking  ] GC(608) Concurrent Cleanup for Next Mark 1.946ms
[283.367s][info][gc          ] GC(608) Concurrent Undo Cycle 2.057ms
[283.503s][info][gc,start    ] GC(609) Pause Young (Concurrent Start) (G1 Humongous Allocation)
[283.503s][info][gc,task     ] GC(609) Using 2 workers of 2 for evacuation
[283.525s][info][gc,phases   ] GC(609)   Pre Evacuate Collection Set: 0.31ms
[283.525s][info][gc,phases   ] GC(609)   Merge Heap Roots: 0.06ms
[283.525s][info][gc,phases   ] GC(609)   Evacuate Collection Set: 21.43ms
[283.525s][info][gc,phases   ] GC(609)   Post Evacuate Collection Set: 0.70ms
[283.525s][info][gc,phases   ] GC(609)   Other: 0.10ms
[283.525s][info][gc,heap     ] GC(609) Eden regions: 18->0(390)
[283.525s][info][gc,heap     ] GC(609) Survivor regions: 16->19(52)
[283.525s][info][gc,heap     ] GC(609) Old regions: 66->66
[283.525s][info][gc,heap     ] GC(609) Humongous regions: 87->1
[283.525s][info][gc,metaspace] GC(609) Metaspace: 42549K(42944K)->42549K(42944K) NonClass: 39736K(40000K)->39736K(40000K) Class: 2813K(2944K)->2813K(2944K)
[283.525s][info][gc          ] GC(609) Pause Young (Concurrent Start) (G1 Humongous Allocation) 185M->84M(691M) 22.788ms
[283.525s][info][gc,cpu      ] GC(609) User=0.03s Sys=0.02s Real=0.02s
[283.525s][info][gc          ] GC(610) Concurrent Undo Cycle
[283.527s][info][gc,marking  ] GC(610) Concurrent Clear Claimed Marks
[283.527s][info][gc,marking  ] GC(610) Concurrent Clear Claimed Marks 0.042ms
[283.527s][info][gc,marking  ] GC(610) Concurrent Cleanup for Next Mark
[283.527s][info][gc,marking  ] GC(610) Concurrent Cleanup for Next Mark 0.182ms
[283.527s][info][gc          ] GC(610) Concurrent Undo Cycle 2.048ms
[283.670s][info][gc,start    ] GC(611) Pause Young (Concurrent Start) (G1 Humongous Allocation)
[283.670s][info][gc,task     ] GC(611) Using 2 workers of 2 for evacuation
[283.693s][info][gc,phases   ] GC(611)   Pre Evacuate Collection Set: 0.29ms
[283.693s][info][gc,phases   ] GC(611)   Merge Heap Roots: 0.07ms
[283.693s][info][gc,phases   ] GC(611)   Evacuate Collection Set: 21.45ms
[283.693s][info][gc,phases   ] GC(611)   Post Evacuate Collection Set: 0.50ms
[283.693s][info][gc,phases   ] GC(611)   Other: 0.12ms
[283.693s][info][gc,heap     ] GC(611) Eden regions: 20->0(392)
[283.693s][info][gc,heap     ] GC(611) Survivor regions: 19->22(52)
[283.693s][info][gc,heap     ] GC(611) Old regions: 66->66
[283.693s][info][gc,heap     ] GC(611) Humongous regions: 95->1
[283.693s][info][gc,metaspace] GC(611) Metaspace: 42549K(42944K)->42549K(42944K) NonClass: 39736K(40000K)->39736K(40000K) Class: 2813K(2944K)->2813K(2944K)
[283.693s][info][gc          ] GC(611) Pause Young (Concurrent Start) (G1 Humongous Allocation) 198M->87M(691M) 22.646ms
[283.693s][info][gc,cpu      ] GC(611) User=0.04s Sys=0.01s Real=0.02s
[283.693s][info][gc          ] GC(612) Concurrent Undo Cycle
[283.693s][info][gc,marking  ] GC(612) Concurrent Clear Claimed Marks
[283.693s][info][gc,marking  ] GC(612) Concurrent Clear Claimed Marks 0.036ms
[283.693s][info][gc,marking  ] GC(612) Concurrent Cleanup for Next Mark
[283.695s][info][gc,marking  ] GC(612) Concurrent Cleanup for Next Mark 1.865ms
[283.695s][info][gc          ] GC(612) Concurrent Undo Cycle 1.938ms
[283.837s][info][gc,start    ] GC(613) Pause Young (Concurrent Start) (G1 Humongous Allocation)
[283.837s][info][gc,task     ] GC(613) Using 2 workers of 2 for evacuation
[283.859s][info][gc,phases   ] GC(613)   Pre Evacuate Collection Set: 0.27ms
[283.859s][info][gc,phases   ] GC(613)   Merge Heap Roots: 0.05ms
[283.859s][info][gc,phases   ] GC(613)   Evacuate Collection Set: 20.59ms
[283.859s][info][gc,phases   ] GC(613)   Post Evacuate Collection Set: 0.97ms
[283.859s][info][gc,phases   ] GC(613)   Other: 0.11ms
[283.859s][info][gc,heap     ] GC(613) Eden regions: 19->0(426)
[283.859s][info][gc,heap     ] GC(613) Survivor regions: 22->25(52)
[283.859s][info][gc,heap     ] GC(613) Old regions: 66->66
[283.859s][info][gc,heap     ] GC(613) Humongous regions: 93->1
[283.859s][info][gc,metaspace] GC(613) Metaspace: 42549K(42944K)->42549K(42944K) NonClass: 39736K(40000K)->39736K(40000K) Class: 2813K(2944K)->2813K(2944K)
[283.859s][info][gc          ] GC(613) Pause Young (Concurrent Start) (G1 Humongous Allocation) 198M->90M(752M) 22.219ms
[283.859s][info][gc,cpu      ] GC(613) User=0.04s Sys=0.00s Real=0.02s
[283.859s][info][gc          ] GC(614) Concurrent Undo Cycle
[283.859s][info][gc,marking  ] GC(614) Concurrent Clear Claimed Marks
[283.859s][info][gc,marking  ] GC(614) Concurrent Clear Claimed Marks 0.038ms
[283.859s][info][gc,marking  ] GC(614) Concurrent Cleanup for Next Mark
[283.859s][info][gc,marking  ] GC(614) Concurrent Cleanup for Next Mark 0.161ms
[283.859s][info][gc          ] GC(614) Concurrent Undo Cycle 0.238ms
[284.029s][info][gc,start    ] GC(615) Pause Young (Concurrent Start) (G1 Humongous Allocation)
[284.030s][info][gc,task     ] GC(615) Using 2 workers of 2 for evacuation
[284.062s][info][gc,phases   ] GC(615)   Pre Evacuate Collection Set: 0.34ms
[284.062s][info][gc,phases   ] GC(615)   Merge Heap Roots: 0.05ms
[284.062s][info][gc,phases   ] GC(615)   Evacuate Collection Set: 31.65ms
[284.062s][info][gc,phases   ] GC(615)   Post Evacuate Collection Set: 0.56ms
[284.062s][info][gc,phases   ] GC(615)   Other: 0.14ms
[284.062s][info][gc,heap     ] GC(615) Eden regions: 21->0(424)
[284.062s][info][gc,heap     ] GC(615) Survivor regions: 25->27(57)
[284.062s][info][gc,heap     ] GC(615) Old regions: 66->66
[284.062s][info][gc,heap     ] GC(615) Humongous regions: 117->1
[284.062s][info][gc,metaspace] GC(615) Metaspace: 42549K(42944K)->42549K(42944K) NonClass: 39736K(40000K)->39736K(40000K) Class: 2813K(2944K)->2813K(2944K)
[284.062s][info][gc          ] GC(615) Pause Young (Concurrent Start) (G1 Humongous Allocation) 227M->92M(752M) 32.946ms
[284.062s][info][gc,cpu      ] GC(615) User=0.05s Sys=0.02s Real=0.03s
[284.062s][info][gc          ] GC(616) Concurrent Undo Cycle
[284.062s][info][gc,marking  ] GC(616) Concurrent Clear Claimed Marks
[284.062s][info][gc,marking  ] GC(616) Concurrent Clear Claimed Marks 0.036ms
[284.062s][info][gc,marking  ] GC(616) Concurrent Cleanup for Next Mark
[284.064s][info][gc,marking  ] GC(616) Concurrent Cleanup for Next Mark 1.466ms
[284.064s][info][gc          ] GC(616) Concurrent Undo Cycle 1.541ms
[284.233s][info][gc,start    ] GC(617) Pause Young (Concurrent Start) (G1 Humongous Allocation)
[284.233s][info][gc,task     ] GC(617) Using 2 workers of 2 for evacuation
[284.268s][info][gc,phases   ] GC(617)   Pre Evacuate Collection Set: 0.28ms
[284.268s][info][gc,phases   ] GC(617)   Merge Heap Roots: 0.06ms
[284.268s][info][gc,phases   ] GC(617)   Evacuate Collection Set: 33.94ms
[284.268s][info][gc,phases   ] GC(617)   Post Evacuate Collection Set: 0.62ms
[284.268s][info][gc,phases   ] GC(617)   Other: 0.09ms
[284.268s][info][gc,heap     ] GC(617) Eden regions: 21->0(424)
[284.268s][info][gc,heap     ] GC(617) Survivor regions: 27->27(57)
[284.268s][info][gc,heap     ] GC(617) Old regions: 66->67
[284.268s][info][gc,heap     ] GC(617) Humongous regions: 121->1
[284.268s][info][gc,metaspace] GC(617) Metaspace: 42549K(42944K)->42549K(42944K) NonClass: 39736K(40000K)->39736K(40000K) Class: 2813K(2944K)->2813K(2944K)
[284.268s][info][gc          ] GC(617) Pause Young (Concurrent Start) (G1 Humongous Allocation) 232M->94M(752M) 35.181ms
[284.268s][info][gc,cpu      ] GC(617) User=0.05s Sys=0.02s Real=0.04s
[284.268s][info][gc          ] GC(618) Concurrent Undo Cycle
[284.268s][info][gc,marking  ] GC(618) Concurrent Clear Claimed Marks
[284.269s][info][gc,marking  ] GC(618) Concurrent Clear Claimed Marks 0.039ms
[284.269s][info][gc,marking  ] GC(618) Concurrent Cleanup for Next Mark
[284.269s][info][gc,marking  ] GC(618) Concurrent Cleanup for Next Mark 0.174ms
[284.269s][info][gc          ] GC(618) Concurrent Undo Cycle 0.289ms
[284.831s][info][gc,start    ] GC(619) Pause Young (Concurrent Start) (G1 Humongous Allocation)
[284.831s][info][gc,task     ] GC(619) Using 2 workers of 2 for evacuation
[284.844s][info][gc,phases   ] GC(619)   Pre Evacuate Collection Set: 0.29ms
[284.844s][info][gc,phases   ] GC(619)   Merge Heap Roots: 0.08ms
[284.844s][info][gc,phases   ] GC(619)   Evacuate Collection Set: 12.18ms
[284.844s][info][gc,phases   ] GC(619)   Post Evacuate Collection Set: 0.78ms
[284.844s][info][gc,phases   ] GC(619)   Other: 0.17ms
[284.844s][info][gc,heap     ] GC(619) Eden regions: 143->0(441)
[284.844s][info][gc,heap     ] GC(619) Survivor regions: 27->10(57)
[284.844s][info][gc,heap     ] GC(619) Old regions: 67->67
[284.845s][info][gc,heap     ] GC(619) Humongous regions: 121->1
[284.845s][info][gc,metaspace] GC(619) Metaspace: 42568K(43008K)->42568K(43008K) NonClass: 39755K(40064K)->39755K(40064K) Class: 2813K(2944K)->2813K(2944K)
[284.845s][info][gc          ] GC(619) Pause Young (Concurrent Start) (G1 Humongous Allocation) 357M->77M(752M) 13.735ms
[284.845s][info][gc,cpu      ] GC(619) User=0.02s Sys=0.01s Real=0.01s
[284.845s][info][gc          ] GC(620) Concurrent Undo Cycle
[284.845s][info][gc,marking  ] GC(620) Concurrent Clear Claimed Marks
[284.845s][info][gc,marking  ] GC(620) Concurrent Clear Claimed Marks 0.048ms
[284.845s][info][gc,marking  ] GC(620) Concurrent Cleanup for Next Mark
[284.845s][info][gc,marking  ] GC(620) Concurrent Cleanup for Next Mark 0.192ms
[284.845s][info][gc          ] GC(620) Concurrent Undo Cycle 0.295ms
[285.888s][info][gc,start    ] GC(621) Pause Young (Normal) (G1 Evacuation Pause)
[285.888s][info][gc,task     ] GC(621) Using 2 workers of 2 for evacuation
[285.897s][info][gc,phases   ] GC(621)   Pre Evacuate Collection Set: 0.25ms
[285.897s][info][gc,phases   ] GC(621)   Merge Heap Roots: 0.12ms
[285.897s][info][gc,phases   ] GC(621)   Evacuate Collection Set: 8.02ms
[285.897s][info][gc,phases   ] GC(621)   Post Evacuate Collection Set: 0.86ms
[285.897s][info][gc,phases   ] GC(621)   Other: 0.12ms
[285.897s][info][gc,heap     ] GC(621) Eden regions: 441->0(441)
[285.897s][info][gc,heap     ] GC(621) Survivor regions: 10->10(57)
[285.897s][info][gc,heap     ] GC(621) Old regions: 67->68
[285.897s][info][gc,heap     ] GC(621) Humongous regions: 13->1
[285.897s][info][gc,metaspace] GC(621) Metaspace: 42648K(43072K)->42648K(43072K) NonClass: 39834K(40128K)->39834K(40128K) Class: 2813K(2944K)->2813K(2944K)
[285.897s][info][gc          ] GC(621) Pause Young (Normal) (G1 Evacuation Pause) 530M->78M(752M) 9.556ms
[285.897s][info][gc,cpu      ] GC(621) User=0.02s Sys=0.00s Real=0.01s
[286.825s][info][gc,start    ] GC(622) Pause Young (Normal) (G1 Evacuation Pause)
[286.825s][info][gc,task     ] GC(622) Using 2 workers of 2 for evacuation
[286.839s][info][gc,phases   ] GC(622)   Pre Evacuate Collection Set: 0.41ms
[286.839s][info][gc,phases   ] GC(622)   Merge Heap Roots: 0.09ms
[286.839s][info][gc,phases   ] GC(622)   Evacuate Collection Set: 9.46ms
[286.839s][info][gc,phases   ] GC(622)   Post Evacuate Collection Set: 3.14ms
[286.839s][info][gc,phases   ] GC(622)   Other: 0.07ms
[286.839s][info][gc,heap     ] GC(622) Eden regions: 441->0(441)
[286.839s][info][gc,heap     ] GC(622) Survivor regions: 10->10(57)
[286.839s][info][gc,heap     ] GC(622) Old regions: 68->70
[286.839s][info][gc,heap     ] GC(622) Humongous regions: 1->1
[286.839s][info][gc,metaspace] GC(622) Metaspace: 42649K(43072K)->42649K(43072K) NonClass: 39835K(40128K)->39835K(40128K) Class: 2813K(2944K)->2813K(2944K)
[286.839s][info][gc          ] GC(622) Pause Young (Normal) (G1 Evacuation Pause) 519M->79M(752M) 13.372ms
[286.839s][info][gc,cpu      ] GC(622) User=0.03s Sys=0.00s Real=0.02s
[288.253s][info][gc,start    ] GC(623) Pause Young (Normal) (G1 Evacuation Pause)
[288.253s][info][gc,task     ] GC(623) Using 2 workers of 2 for evacuation
[288.260s][info][gc,phases   ] GC(623)   Pre Evacuate Collection Set: 0.24ms
[288.260s][info][gc,phases   ] GC(623)   Merge Heap Roots: 0.14ms
[288.260s][info][gc,phases   ] GC(623)   Evacuate Collection Set: 5.53ms
[288.260s][info][gc,phases   ] GC(623)   Post Evacuate Collection Set: 0.81ms
[288.260s][info][gc,phases   ] GC(623)   Other: 0.09ms
[288.260s][info][gc,heap     ] GC(623) Eden regions: 441->0(445)
[288.260s][info][gc,heap     ] GC(623) Survivor regions: 10->6(57)
[288.260s][info][gc,heap     ] GC(623) Old regions: 70->71
[288.260s][info][gc,heap     ] GC(623) Humongous regions: 1->1
[288.260s][info][gc,metaspace] GC(623) Metaspace: 42731K(43136K)->42731K(43136K) NonClass: 39918K(40192K)->39918K(40192K) Class: 2813K(2944K)->2813K(2944K)
[288.260s][info][gc          ] GC(623) Pause Young (Normal) (G1 Evacuation Pause) 520M->76M(752M) 7.002ms
[288.260s][info][gc,cpu      ] GC(623) User=0.01s Sys=0.00s Real=0.01s
[289.821s][info][gc,start    ] GC(624) Pause Young (Normal) (G1 Evacuation Pause)
[289.821s][info][gc,task     ] GC(624) Using 2 workers of 2 for evacuation
[289.874s][info][gc,phases   ] GC(624)   Pre Evacuate Collection Set: 0.28ms
[289.874s][info][gc,phases   ] GC(624)   Merge Heap Roots: 0.15ms
[289.874s][info][gc,phases   ] GC(624)   Evacuate Collection Set: 52.56ms
[289.874s][info][gc,phases   ] GC(624)   Post Evacuate Collection Set: 0.72ms
[289.874s][info][gc,phases   ] GC(624)   Other: 0.09ms
[289.875s][info][gc,heap     ] GC(624) Eden regions: 445->0(402)
[289.875s][info][gc,heap     ] GC(624) Survivor regions: 6->49(57)
[289.875s][info][gc,heap     ] GC(624) Old regions: 71->71
[289.875s][info][gc,heap     ] GC(624) Humongous regions: 16->6
[289.875s][info][gc,metaspace] GC(624) Metaspace: 42749K(43136K)->42749K(43136K) NonClass: 39935K(40192K)->39935K(40192K) Class: 2813K(2944K)->2813K(2944K)
[289.875s][info][gc          ] GC(624) Pause Young (Normal) (G1 Evacuation Pause) 536M->124M(752M) 54.007ms
[289.875s][info][gc,cpu      ] GC(624) User=0.11s Sys=0.00s Real=0.05s
[290.721s][info][gc,start    ] GC(625) Pause Young (Normal) (G1 Evacuation Pause)
[290.721s][info][gc,task     ] GC(625) Using 2 workers of 2 for evacuation
[290.824s][info][gc,phases   ] GC(625)   Pre Evacuate Collection Set: 0.28ms
[290.824s][info][gc,phases   ] GC(625)   Merge Heap Roots: 0.19ms
[290.824s][info][gc,phases   ] GC(625)   Evacuate Collection Set: 101.00ms
[290.824s][info][gc,phases   ] GC(625)   Post Evacuate Collection Set: 0.71ms
[290.824s][info][gc,phases   ] GC(625)   Other: 0.09ms
[290.824s][info][gc,heap     ] GC(625) Eden regions: 402->0(409)
[290.824s][info][gc,heap     ] GC(625) Survivor regions: 49->42(57)
[290.824s][info][gc,heap     ] GC(625) Old regions: 71->120
[290.824s][info][gc,heap     ] GC(625) Humongous regions: 10->10
[290.824s][info][gc,metaspace] GC(625) Metaspace: 42749K(43136K)->42749K(43136K) NonClass: 39935K(40192K)->39935K(40192K) Class: 2813K(2944K)->2813K(2944K)
[290.824s][info][gc          ] GC(625) Pause Young (Normal) (G1 Evacuation Pause) 530M->171M(752M) 102.487ms
[290.824s][info][gc,cpu      ] GC(625) User=0.20s Sys=0.00s Real=0.10s
[294.966s][info][gc,start    ] GC(626) Pause Young (Normal) (G1 Evacuation Pause)
[294.966s][info][gc,task     ] GC(626) Using 2 workers of 2 for evacuation
[295.062s][info][gc,phases   ] GC(626)   Pre Evacuate Collection Set: 0.44ms
[295.062s][info][gc,phases   ] GC(626)   Merge Heap Roots: 0.26ms
[295.062s][info][gc,phases   ] GC(626)   Evacuate Collection Set: 92.83ms
[295.062s][info][gc,phases   ] GC(626)   Post Evacuate Collection Set: 1.55ms
[295.062s][info][gc,phases   ] GC(626)   Other: 0.11ms
[295.062s][info][gc,heap     ] GC(626) Eden regions: 409->0(459)
[295.062s][info][gc,heap     ] GC(626) Survivor regions: 42->15(57)
[295.062s][info][gc,heap     ] GC(626) Old regions: 120->161
[295.062s][info][gc,heap     ] GC(626) Humongous regions: 21->16
[295.062s][info][gc,metaspace] GC(626) Metaspace: 42764K(43136K)->42764K(43136K) NonClass: 39950K(40192K)->39950K(40192K) Class: 2813K(2944K)->2813K(2944K)
[295.062s][info][gc          ] GC(626) Pause Young (Normal) (G1 Evacuation Pause) 591M->191M(791M) 95.401ms
[295.062s][info][gc,cpu      ] GC(626) User=0.19s Sys=0.00s Real=0.10s
[297.398s][info][gc,start    ] GC(627) Pause Young (Normal) (G1 Evacuation Pause)
[297.398s][info][gc,task     ] GC(627) Using 2 workers of 2 for evacuation
[297.424s][info][gc,phases   ] GC(627)   Pre Evacuate Collection Set: 0.25ms
[297.425s][info][gc,phases   ] GC(627)   Merge Heap Roots: 0.21ms
[297.425s][info][gc,phases   ] GC(627)   Evacuate Collection Set: 24.94ms
[297.425s][info][gc,phases   ] GC(627)   Post Evacuate Collection Set: 0.67ms
[297.425s][info][gc,phases   ] GC(627)   Other: 0.10ms
[297.425s][info][gc,heap     ] GC(627) Eden regions: 459->0(455)
[297.425s][info][gc,heap     ] GC(627) Survivor regions: 15->19(60)
[297.425s][info][gc,heap     ] GC(627) Old regions: 161->161
[297.425s][info][gc,heap     ] GC(627) Humongous regions: 16->16
[297.425s][info][gc,metaspace] GC(627) Metaspace: 42765K(43136K)->42765K(43136K) NonClass: 39951K(40192K)->39951K(40192K) Class: 2813K(2944K)->2813K(2944K)
[297.425s][info][gc          ] GC(627) Pause Young (Normal) (G1 Evacuation Pause) 650M->195M(791M) 26.363ms
[297.425s][info][gc,cpu      ] GC(627) User=0.05s Sys=0.00s Real=0.02s
[299.821s][info][gc,start    ] GC(628) Pause Young (Normal) (G1 Evacuation Pause)
[299.821s][info][gc,task     ] GC(628) Using 2 workers of 2 for evacuation
[299.851s][info][gc,phases   ] GC(628)   Pre Evacuate Collection Set: 0.30ms
[299.851s][info][gc,phases   ] GC(628)   Merge Heap Roots: 0.25ms
[299.851s][info][gc,phases   ] GC(628)   Evacuate Collection Set: 28.72ms
[299.851s][info][gc,phases   ] GC(628)   Post Evacuate Collection Set: 0.76ms
[299.851s][info][gc,phases   ] GC(628)   Other: 0.15ms
[299.851s][info][gc,heap     ] GC(628) Eden regions: 455->0(454)
[299.851s][info][gc,heap     ] GC(628) Survivor regions: 19->20(60)
[299.851s][info][gc,heap     ] GC(628) Old regions: 161->161
[299.851s][info][gc,heap     ] GC(628) Humongous regions: 17->16
[299.851s][info][gc,metaspace] GC(628) Metaspace: 42765K(43136K)->42765K(43136K) NonClass: 39951K(40192K)->39951K(40192K) Class: 2813K(2944K)->2813K(2944K)
[299.852s][info][gc          ] GC(628) Pause Young (Normal) (G1 Evacuation Pause) 651M->196M(791M) 30.365ms
[299.852s][info][gc,cpu      ] GC(628) User=0.06s Sys=0.00s Real=0.03s
[300.880s][info][gc,start    ] GC(629) Pause Young (Normal) (G1 Evacuation Pause)
[300.880s][info][gc,task     ] GC(629) Using 2 workers of 2 for evacuation
[300.967s][info][gc,phases   ] GC(629)   Pre Evacuate Collection Set: 0.26ms
[300.967s][info][gc,phases   ] GC(629)   Merge Heap Roots: 0.34ms
[300.967s][info][gc,phases   ] GC(629)   Evacuate Collection Set: 86.00ms
[300.967s][info][gc,phases   ] GC(629)   Post Evacuate Collection Set: 0.86ms
[300.967s][info][gc,phases   ] GC(629)   Other: 0.10ms
[300.967s][info][gc,heap     ] GC(629) Eden regions: 454->0(414)
[300.967s][info][gc,heap     ] GC(629) Survivor regions: 20->60(60)
[300.967s][info][gc,heap     ] GC(629) Old regions: 161->169
[300.967s][info][gc,heap     ] GC(629) Humongous regions: 21->21
[300.967s][info][gc,metaspace] GC(629) Metaspace: 42765K(43136K)->42765K(43136K) NonClass: 39951K(40192K)->39951K(40192K) Class: 2813K(2944K)->2813K(2944K)
[300.967s][info][gc          ] GC(629) Pause Young (Normal) (G1 Evacuation Pause) 655M->249M(791M) 87.764ms
[300.967s][info][gc,cpu      ] GC(629) User=0.17s Sys=0.00s Real=0.09s
[302.900s][info][gc,start    ] GC(630) Pause Young (Normal) (G1 Evacuation Pause)
[302.900s][info][gc,task     ] GC(630) Using 2 workers of 2 for evacuation
[302.989s][info][gc,phases   ] GC(630)   Pre Evacuate Collection Set: 0.42ms
[302.989s][info][gc,phases   ] GC(630)   Merge Heap Roots: 0.33ms
[302.989s][info][gc,phases   ] GC(630)   Evacuate Collection Set: 87.50ms
[302.989s][info][gc,phases   ] GC(630)   Post Evacuate Collection Set: 0.74ms
[302.989s][info][gc,phases   ] GC(630)   Other: 0.08ms
[302.989s][info][gc,heap     ] GC(630) Eden regions: 414->0(432)
[302.989s][info][gc,heap     ] GC(630) Survivor regions: 60->25(60)
[302.989s][info][gc,heap     ] GC(630) Old regions: 169->218
[302.989s][info][gc,heap     ] GC(630) Humongous regions: 33->31
[302.989s][info][gc,metaspace] GC(630) Metaspace: 42772K(43136K)->42772K(43136K) NonClass: 39957K(40192K)->39957K(40192K) Class: 2815K(2944K)->2815K(2944K)
[302.989s][info][gc          ] GC(630) Pause Young (Normal) (G1 Evacuation Pause) 675M->272M(791M) 89.248ms
[302.989s][info][gc,cpu      ] GC(630) User=0.18s Sys=0.00s Real=0.09s
[305.062s][info][gc,start    ] GC(631) Pause Young (Concurrent Start) (G1 Evacuation Pause)
[305.062s][info][gc,task     ] GC(631) Using 2 workers of 2 for evacuation
[305.098s][info][gc,phases   ] GC(631)   Pre Evacuate Collection Set: 0.30ms
[305.098s][info][gc,phases   ] GC(631)   Merge Heap Roots: 0.19ms
[305.098s][info][gc,phases   ] GC(631)   Evacuate Collection Set: 34.82ms
[305.098s][info][gc,phases   ] GC(631)   Post Evacuate Collection Set: 0.70ms
[305.098s][info][gc,phases   ] GC(631)   Other: 0.12ms
[305.098s][info][gc,heap     ] GC(631) Eden regions: 432->0(433)
[305.098s][info][gc,heap     ] GC(631) Survivor regions: 25->33(58)
[305.098s][info][gc,heap     ] GC(631) Old regions: 218->218
[305.098s][info][gc,heap     ] GC(631) Humongous regions: 31->31
[305.098s][info][gc,metaspace] GC(631) Metaspace: 42772K(43136K)->42772K(43136K) NonClass: 39957K(40192K)->39957K(40192K) Class: 2815K(2944K)->2815K(2944K)
[305.098s][info][gc          ] GC(631) Pause Young (Concurrent Start) (G1 Evacuation Pause) 704M->280M(791M) 36.353ms
[305.098s][info][gc,cpu      ] GC(631) User=0.07s Sys=0.00s Real=0.04s
[305.098s][info][gc          ] GC(632) Concurrent Mark Cycle
[305.098s][info][gc,marking  ] GC(632) Concurrent Scan Root Regions
[305.111s][info][gc,marking  ] GC(632) Concurrent Scan Root Regions 12.721ms
[305.111s][info][gc,marking  ] GC(632) Concurrent Mark
[305.111s][info][gc,marking  ] GC(632) Concurrent Mark From Roots
[305.111s][info][gc,task     ] GC(632) Using 1 workers of 1 for marking
[305.143s][info][gc,marking  ] GC(632) Concurrent Mark From Roots 31.999ms
[305.143s][info][gc,marking  ] GC(632) Concurrent Preclean
[305.143s][info][gc,marking  ] GC(632) Concurrent Preclean 0.182ms
[305.143s][info][gc,start    ] GC(632) Pause Remark
[305.160s][info][gc          ] GC(632) Pause Remark 289M->119M(374M) 16.470ms
[305.160s][info][gc,cpu      ] GC(632) User=0.04s Sys=0.00s Real=0.02s
[305.160s][info][gc,marking  ] GC(632) Concurrent Mark 49.358ms
[305.160s][info][gc,marking  ] GC(632) Concurrent Rebuild Remembered Sets and Scrub Regions
[305.172s][info][gc,marking  ] GC(632) Concurrent Rebuild Remembered Sets and Scrub Regions 11.671ms
[305.172s][info][gc,start    ] GC(632) Pause Cleanup
[305.172s][info][gc          ] GC(632) Pause Cleanup 121M->121M(374M) 0.037ms
[305.172s][info][gc,cpu      ] GC(632) User=0.00s Sys=0.00s Real=0.00s
[305.172s][info][gc,marking  ] GC(632) Concurrent Clear Claimed Marks
[305.172s][info][gc,marking  ] GC(632) Concurrent Clear Claimed Marks 0.032ms
[305.172s][info][gc,marking  ] GC(632) Concurrent Cleanup for Next Mark
[305.174s][info][gc,marking  ] GC(632) Concurrent Cleanup for Next Mark 2.165ms
[305.174s][info][gc          ] GC(632) Concurrent Mark Cycle 76.169ms
[306.119s][info][gc,start    ] GC(633) Pause Young (Prepare Mixed) (G1 Evacuation Pause)
[306.119s][info][gc,task     ] GC(633) Using 2 workers of 2 for evacuation
[306.126s][info][gc,phases   ] GC(633)   Pre Evacuate Collection Set: 0.26ms
[306.126s][info][gc,phases   ] GC(633)   Merge Heap Roots: 0.20ms
[306.126s][info][gc,phases   ] GC(633)   Evacuate Collection Set: 5.27ms
[306.126s][info][gc,phases   ] GC(633)   Post Evacuate Collection Set: 0.41ms
[306.126s][info][gc,phases   ] GC(633)   Other: 0.08ms
[306.126s][info][gc,heap     ] GC(633) Eden regions: 191->0(215)
[306.126s][info][gc,heap     ] GC(633) Survivor regions: 33->9(28)
[306.126s][info][gc,heap     ] GC(633) Old regions: 78->79
[306.126s][info][gc,heap     ] GC(633) Humongous regions: 2->1
[306.126s][info][gc,metaspace] GC(633) Metaspace: 42773K(43136K)->42773K(43136K) NonClass: 39958K(40192K)->39958K(40192K) Class: 2815K(2944K)->2815K(2944K)
[306.126s][info][gc          ] GC(633) Pause Young (Prepare Mixed) (G1 Evacuation Pause) 302M->87M(374M) 6.395ms
[306.126s][info][gc,cpu      ] GC(633) User=0.01s Sys=0.00s Real=0.00s
[307.248s][info][gc,start    ] GC(634) Pause Young (Mixed) (G1 Evacuation Pause)
[307.249s][info][gc,task     ] GC(634) Using 2 workers of 2 for evacuation
[307.261s][info][gc,phases   ] GC(634)   Pre Evacuate Collection Set: 0.22ms
[307.261s][info][gc,phases   ] GC(634)   Merge Heap Roots: 0.07ms
[307.261s][info][gc,phases   ] GC(634)   Evacuate Collection Set: 12.07ms
[307.261s][info][gc,phases   ] GC(634)   Post Evacuate Collection Set: 0.45ms
[307.262s][info][gc,phases   ] GC(634)   Other: 0.07ms
[307.262s][info][gc,heap     ] GC(634) Eden regions: 215->0(209)
[307.262s][info][gc,heap     ] GC(634) Survivor regions: 9->15(28)
[307.262s][info][gc,heap     ] GC(634) Old regions: 79->62
[307.262s][info][gc,heap     ] GC(634) Humongous regions: 1->1
[307.262s][info][gc,metaspace] GC(634) Metaspace: 42773K(43136K)->42773K(43136K) NonClass: 39958K(40192K)->39958K(40192K) Class: 2815K(2944K)->2815K(2944K)
[307.262s][info][gc          ] GC(634) Pause Young (Mixed) (G1 Evacuation Pause) 302M->76M(374M) 13.080ms
[307.262s][info][gc,cpu      ] GC(634) User=0.02s Sys=0.00s Real=0.01s
[307.960s][info][gc,start    ] GC(635) Pause Young (Concurrent Start) (G1 Humongous Allocation)
[307.960s][info][gc,task     ] GC(635) Using 2 workers of 2 for evacuation
[307.974s][info][gc,phases   ] GC(635)   Pre Evacuate Collection Set: 0.22ms
[307.974s][info][gc,phases   ] GC(635)   Merge Heap Roots: 0.07ms
[307.974s][info][gc,phases   ] GC(635)   Evacuate Collection Set: 13.21ms
[307.975s][info][gc,phases   ] GC(635)   Post Evacuate Collection Set: 0.45ms
[307.975s][info][gc,phases   ] GC(635)   Other: 0.12ms
[307.975s][info][gc,heap     ] GC(635) Eden regions: 179->0(209)
[307.975s][info][gc,heap     ] GC(635) Survivor regions: 15->15(28)
[307.975s][info][gc,heap     ] GC(635) Old regions: 62->66
[307.975s][info][gc,heap     ] GC(635) Humongous regions: 11->1
[307.975s][info][gc,metaspace] GC(635) Metaspace: 42773K(43136K)->42773K(43136K) NonClass: 39958K(40192K)->39958K(40192K) Class: 2815K(2944K)->2815K(2944K)
[307.975s][info][gc          ] GC(635) Pause Young (Concurrent Start) (G1 Humongous Allocation) 265M->80M(374M) 14.234ms
[307.975s][info][gc,cpu      ] GC(635) User=0.03s Sys=0.00s Real=0.01s
[307.975s][info][gc          ] GC(636) Concurrent Undo Cycle
[307.975s][info][gc,marking  ] GC(636) Concurrent Clear Claimed Marks
[307.975s][info][gc,marking  ] GC(636) Concurrent Clear Claimed Marks 0.043ms
[307.975s][info][gc,marking  ] GC(636) Concurrent Cleanup for Next Mark
[307.975s][info][gc,marking  ] GC(636) Concurrent Cleanup for Next Mark 0.148ms
[307.975s][info][gc          ] GC(636) Concurrent Undo Cycle 0.262ms
[308.180s][info][gc,start    ] GC(637) Pause Young (Concurrent Start) (G1 Humongous Allocation)
[308.180s][info][gc,task     ] GC(637) Using 2 workers of 2 for evacuation
[308.190s][info][gc,phases   ] GC(637)   Pre Evacuate Collection Set: 0.22ms
[308.190s][info][gc,phases   ] GC(637)   Merge Heap Roots: 0.06ms
[308.190s][info][gc,phases   ] GC(637)   Evacuate Collection Set: 10.02ms
[308.190s][info][gc,phases   ] GC(637)   Post Evacuate Collection Set: 0.35ms
[308.190s][info][gc,phases   ] GC(637)   Other: 0.10ms
[308.190s][info][gc,heap     ] GC(637) Eden regions: 59->0(209)
[308.190s][info][gc,heap     ] GC(637) Survivor regions: 15->15(28)
[308.190s][info][gc,heap     ] GC(637) Old regions: 66->66
[308.190s][info][gc,heap     ] GC(637) Humongous regions: 9->1
[308.190s][info][gc,metaspace] GC(637) Metaspace: 42773K(43136K)->42773K(43136K) NonClass: 39958K(40192K)->39958K(40192K) Class: 2815K(2944K)->2815K(2944K)
[308.191s][info][gc          ] GC(637) Pause Young (Concurrent Start) (G1 Humongous Allocation) 147M->80M(374M) 10.898ms
[308.191s][info][gc,cpu      ] GC(637) User=0.02s Sys=0.00s Real=0.01s
[308.191s][info][gc          ] GC(638) Concurrent Undo Cycle
[308.191s][info][gc,marking  ] GC(638) Concurrent Clear Claimed Marks
[308.191s][info][gc,marking  ] GC(638) Concurrent Clear Claimed Marks 0.033ms
[308.191s][info][gc,marking  ] GC(638) Concurrent Cleanup for Next Mark
[308.195s][info][gc,marking  ] GC(638) Concurrent Cleanup for Next Mark 4.251ms
[308.195s][info][gc          ] GC(638) Concurrent Undo Cycle 4.367ms
[309.003s][info][gc,start    ] GC(639) Pause Young (Normal) (G1 Evacuation Pause)
[309.003s][info][gc,task     ] GC(639) Using 2 workers of 2 for evacuation
[309.018s][info][gc,phases   ] GC(639)   Pre Evacuate Collection Set: 0.19ms
[309.018s][info][gc,phases   ] GC(639)   Merge Heap Roots: 0.06ms
[309.018s][info][gc,phases   ] GC(639)   Evacuate Collection Set: 14.33ms
[309.018s][info][gc,phases   ] GC(639)   Post Evacuate Collection Set: 0.49ms
[309.018s][info][gc,phases   ] GC(639)   Other: 0.09ms
[309.018s][info][gc,heap     ] GC(639) Eden regions: 209->0(204)
[309.018s][info][gc,heap     ] GC(639) Survivor regions: 15->20(28)
[309.018s][info][gc,heap     ] GC(639) Old regions: 66->67
[309.018s][info][gc,heap     ] GC(639) Humongous regions: 11->3
[309.018s][info][gc,metaspace] GC(639) Metaspace: 42773K(43136K)->42773K(43136K) NonClass: 39958K(40192K)->39958K(40192K) Class: 2815K(2944K)->2815K(2944K)
[309.018s][info][gc          ] GC(639) Pause Young (Normal) (G1 Evacuation Pause) 299M->88M(374M) 15.359ms
[309.018s][info][gc,cpu      ] GC(639) User=0.03s Sys=0.00s Real=0.02s
[309.944s][info][gc,start    ] GC(640) Pause Young (Normal) (G1 Evacuation Pause)
[309.944s][info][gc,task     ] GC(640) Using 2 workers of 2 for evacuation
[309.973s][info][gc,phases   ] GC(640)   Pre Evacuate Collection Set: 0.18ms
[309.973s][info][gc,phases   ] GC(640)   Merge Heap Roots: 0.07ms
[309.973s][info][gc,phases   ] GC(640)   Evacuate Collection Set: 27.91ms
[309.973s][info][gc,phases   ] GC(640)   Post Evacuate Collection Set: 0.49ms
[309.973s][info][gc,phases   ] GC(640)   Other: 0.09ms
[309.973s][info][gc,heap     ] GC(640) Eden regions: 204->0(197)
[309.973s][info][gc,heap     ] GC(640) Survivor regions: 20->27(28)
[309.973s][info][gc,heap     ] GC(640) Old regions: 67->73
[309.973s][info][gc,heap     ] GC(640) Humongous regions: 7->3
[309.973s][info][gc,metaspace] GC(640) Metaspace: 42773K(43136K)->42773K(43136K) NonClass: 39958K(40192K)->39958K(40192K) Class: 2815K(2944K)->2815K(2944K)
[309.973s][info][gc          ] GC(640) Pause Young (Normal) (G1 Evacuation Pause) 296M->102M(374M) 28.918ms
[309.973s][info][gc,cpu      ] GC(640) User=0.06s Sys=0.00s Real=0.03s
[310.210s][info][gc,start    ] GC(641) Pause Young (Concurrent Start) (G1 Humongous Allocation)
[310.210s][info][gc,task     ] GC(641) Using 2 workers of 2 for evacuation
[310.217s][info][gc,phases   ] GC(641)   Pre Evacuate Collection Set: 0.21ms
[310.217s][info][gc,phases   ] GC(641)   Merge Heap Roots: 0.06ms
[310.217s][info][gc,phases   ] GC(641)   Evacuate Collection Set: 6.51ms
[310.217s][info][gc,phases   ] GC(641)   Post Evacuate Collection Set: 0.34ms
[310.218s][info][gc,phases   ] GC(641)   Other: 0.10ms
[310.218s][info][gc,heap     ] GC(641) Eden regions: 67->0(222)
[310.218s][info][gc,heap     ] GC(641) Survivor regions: 27->2(28)
[310.218s][info][gc,heap     ] GC(641) Old regions: 73->82
[310.218s][info][gc,heap     ] GC(641) Humongous regions: 7->1
[310.218s][info][gc,metaspace] GC(641) Metaspace: 42773K(43136K)->42773K(43136K) NonClass: 39958K(40192K)->39958K(40192K) Class: 2815K(2944K)->2815K(2944K)
[310.218s][info][gc          ] GC(641) Pause Young (Concurrent Start) (G1 Humongous Allocation) 172M->84M(374M) 7.368ms
[310.218s][info][gc          ] GC(642) Concurrent Mark Cycle
[310.218s][info][gc,marking  ] GC(642) Concurrent Scan Root Regions
[310.220s][info][gc,cpu      ] GC(641) User=0.01s Sys=0.00s Real=0.01s
[310.226s][info][gc,marking  ] GC(642) Concurrent Scan Root Regions 8.855ms
[310.226s][info][gc,marking  ] GC(642) Concurrent Mark
[310.226s][info][gc,marking  ] GC(642) Concurrent Mark From Roots
[310.226s][info][gc,task     ] GC(642) Using 1 workers of 1 for marking
[310.262s][info][gc,marking  ] GC(642) Concurrent Mark From Roots 35.475ms
[310.262s][info][gc,marking  ] GC(642) Concurrent Preclean
[310.262s][info][gc,marking  ] GC(642) Concurrent Preclean 0.038ms
[310.262s][info][gc,start    ] GC(642) Pause Remark
[310.278s][info][gc          ] GC(642) Pause Remark 96M->93M(280M) 15.829ms
[310.278s][info][gc,cpu      ] GC(642) User=0.03s Sys=0.00s Real=0.02s
[310.278s][info][gc,marking  ] GC(642) Concurrent Mark 51.632ms
[310.278s][info][gc,marking  ] GC(642) Concurrent Rebuild Remembered Sets and Scrub Regions
[310.297s][info][gc,marking  ] GC(642) Concurrent Rebuild Remembered Sets and Scrub Regions 19.057ms
[310.297s][info][gc,start    ] GC(642) Pause Cleanup
[310.297s][info][gc          ] GC(642) Pause Cleanup 96M->96M(280M) 0.051ms
[310.297s][info][gc,cpu      ] GC(642) User=0.00s Sys=0.00s Real=0.00s
[310.297s][info][gc,marking  ] GC(642) Concurrent Clear Claimed Marks
[310.297s][info][gc,marking  ] GC(642) Concurrent Clear Claimed Marks 0.046ms
[310.297s][info][gc,marking  ] GC(642) Concurrent Cleanup for Next Mark
[310.298s][info][gc,marking  ] GC(642) Concurrent Cleanup for Next Mark 0.827ms
[310.298s][info][gc          ] GC(642) Concurrent Mark Cycle 80.748ms
[310.930s][info][gc,start    ] GC(643) Pause Young (Prepare Mixed) (G1 Evacuation Pause)
[310.930s][info][gc,task     ] GC(643) Using 2 workers of 2 for evacuation
[310.933s][info][gc,phases   ] GC(643)   Pre Evacuate Collection Set: 0.16ms
[310.933s][info][gc,phases   ] GC(643)   Merge Heap Roots: 0.07ms
[310.933s][info][gc,phases   ] GC(643)   Evacuate Collection Set: 2.34ms
[310.933s][info][gc,phases   ] GC(643)   Post Evacuate Collection Set: 0.39ms
[310.933s][info][gc,phases   ] GC(643)   Other: 0.06ms
[310.933s][info][gc,heap     ] GC(643) Eden regions: 166->0(165)
[310.933s][info][gc,heap     ] GC(643) Survivor regions: 2->3(21)
[310.933s][info][gc,heap     ] GC(643) Old regions: 79->79
[310.933s][info][gc,heap     ] GC(643) Humongous regions: 17->3
[310.933s][info][gc,metaspace] GC(643) Metaspace: 42773K(43136K)->42773K(43136K) NonClass: 39958K(40192K)->39958K(40192K) Class: 2815K(2944K)->2815K(2944K)
[310.933s][info][gc          ] GC(643) Pause Young (Prepare Mixed) (G1 Evacuation Pause) 263M->84M(280M) 3.173ms
[310.933s][info][gc,cpu      ] GC(643) User=0.01s Sys=0.00s Real=0.00s
[311.506s][info][gc,start    ] GC(644) Pause Young (Mixed) (G1 Evacuation Pause)
[311.506s][info][gc,task     ] GC(644) Using 2 workers of 2 for evacuation
[311.513s][info][gc,phases   ] GC(644)   Pre Evacuate Collection Set: 0.17ms
[311.513s][info][gc,phases   ] GC(644)   Merge Heap Roots: 0.09ms
[311.513s][info][gc,phases   ] GC(644)   Evacuate Collection Set: 5.66ms
[311.513s][info][gc,phases   ] GC(644)   Post Evacuate Collection Set: 0.42ms
[311.513s][info][gc,phases   ] GC(644)   Other: 0.07ms
[311.513s][info][gc,heap     ] GC(644) Eden regions: 165->0(163)
[311.513s][info][gc,heap     ] GC(644) Survivor regions: 3->5(21)
[311.513s][info][gc,heap     ] GC(644) Old regions: 79->52
[311.513s][info][gc,heap     ] GC(644) Humongous regions: 15->3
[311.513s][info][gc,metaspace] GC(644) Metaspace: 42774K(43136K)->42774K(43136K) NonClass: 39959K(40192K)->39959K(40192K) Class: 2815K(2944K)->2815K(2944K)
[311.513s][info][gc          ] GC(644) Pause Young (Mixed) (G1 Evacuation Pause) 261M->59M(280M) 6.568ms
[311.513s][info][gc,cpu      ] GC(644) User=0.01s Sys=0.00s Real=0.01s
[312.195s][info][gc,start    ] GC(645) Pause Young (Mixed) (G1 Evacuation Pause)
[312.196s][info][gc,task     ] GC(645) Using 2 workers of 2 for evacuation
[312.219s][info][gc,phases   ] GC(645)   Pre Evacuate Collection Set: 0.17ms
[312.219s][info][gc,phases   ] GC(645)   Merge Heap Roots: 0.07ms
[312.219s][info][gc,phases   ] GC(645)   Evacuate Collection Set: 22.43ms
[312.219s][info][gc,phases   ] GC(645)   Post Evacuate Collection Set: 0.60ms
[312.219s][info][gc,phases   ] GC(645)   Other: 0.07ms
[312.219s][info][gc,heap     ] GC(645) Eden regions: 163->0(147)
[312.219s][info][gc,heap     ] GC(645) Survivor regions: 5->21(21)
[312.219s][info][gc,heap     ] GC(645) Old regions: 52->57
[312.219s][info][gc,heap     ] GC(645) Humongous regions: 9->3
[312.219s][info][gc,metaspace] GC(645) Metaspace: 42774K(43136K)->42774K(43136K) NonClass: 39959K(40192K)->39959K(40192K) Class: 2815K(2944K)->2815K(2944K)
[312.219s][info][gc          ] GC(645) Pause Young (Mixed) (G1 Evacuation Pause) 228M->81M(280M) 23.511ms
[312.219s][info][gc,cpu      ] GC(645) User=0.04s Sys=0.00s Real=0.03s
[312.832s][info][gc,start    ] GC(646) Pause Young (Concurrent Start) (G1 Evacuation Pause)
[312.832s][info][gc,task     ] GC(646) Using 2 workers of 2 for evacuation
[312.862s][info][gc,phases   ] GC(646)   Pre Evacuate Collection Set: 0.17ms
[312.862s][info][gc,phases   ] GC(646)   Merge Heap Roots: 0.13ms
[312.862s][info][gc,phases   ] GC(646)   Evacuate Collection Set: 29.35ms
[312.862s][info][gc,phases   ] GC(646)   Post Evacuate Collection Set: 0.43ms
[312.862s][info][gc,phases   ] GC(646)   Other: 0.11ms
[312.862s][info][gc,heap     ] GC(646) Eden regions: 147->0(144)
[312.862s][info][gc,heap     ] GC(646) Survivor regions: 21->17(21)
[312.862s][info][gc,heap     ] GC(646) Old regions: 57->70
[312.862s][info][gc,heap     ] GC(646) Humongous regions: 3->3
[312.862s][info][gc,metaspace] GC(646) Metaspace: 42774K(43136K)->42774K(43136K) NonClass: 39959K(40192K)->39959K(40192K) Class: 2815K(2944K)->2815K(2944K)
[312.862s][info][gc          ] GC(646) Pause Young (Concurrent Start) (G1 Evacuation Pause) 228M->89M(280M) 30.376ms
[312.862s][info][gc,cpu      ] GC(646) User=0.06s Sys=0.00s Real=0.03s
[312.862s][info][gc          ] GC(647) Concurrent Mark Cycle
[312.862s][info][gc,marking  ] GC(647) Concurrent Scan Root Regions
[312.886s][info][gc,marking  ] GC(647) Concurrent Scan Root Regions 24.312ms
[312.887s][info][gc,marking  ] GC(647) Concurrent Mark
[312.887s][info][gc,marking  ] GC(647) Concurrent Mark From Roots
[312.887s][info][gc,task     ] GC(647) Using 1 workers of 1 for marking
[312.946s][info][gc,marking  ] GC(647) Concurrent Mark From Roots 59.455ms
[312.946s][info][gc,marking  ] GC(647) Concurrent Preclean
[312.946s][info][gc,marking  ] GC(647) Concurrent Preclean 0.034ms
[312.946s][info][gc,start    ] GC(647) Pause Remark
[312.963s][info][gc          ] GC(647) Pause Remark 106M->106M(280M) 16.850ms
[312.963s][info][gc,cpu      ] GC(647) User=0.03s Sys=0.00s Real=0.02s
[312.963s][info][gc,marking  ] GC(647) Concurrent Mark 76.589ms
[312.963s][info][gc,marking  ] GC(647) Concurrent Rebuild Remembered Sets and Scrub Regions
[313.001s][info][gc,marking  ] GC(647) Concurrent Rebuild Remembered Sets and Scrub Regions 38.036ms
[313.001s][info][gc,start    ] GC(647) Pause Cleanup
[313.001s][info][gc          ] GC(647) Pause Cleanup 114M->114M(280M) 0.044ms
[313.001s][info][gc,cpu      ] GC(647) User=0.00s Sys=0.00s Real=0.00s
[313.001s][info][gc,marking  ] GC(647) Concurrent Clear Claimed Marks
[313.001s][info][gc,marking  ] GC(647) Concurrent Clear Claimed Marks 0.035ms
[313.001s][info][gc,marking  ] GC(647) Concurrent Cleanup for Next Mark
[313.002s][info][gc,marking  ] GC(647) Concurrent Cleanup for Next Mark 0.821ms
[313.002s][info][gc          ] GC(647) Concurrent Mark Cycle 140.099ms
[313.431s][info][gc,start    ] GC(648) Pause Young (Prepare Mixed) (G1 Evacuation Pause)
[313.431s][info][gc,task     ] GC(648) Using 2 workers of 2 for evacuation
[313.471s][info][gc,phases   ] GC(648)   Pre Evacuate Collection Set: 0.19ms
[313.471s][info][gc,phases   ] GC(648)   Merge Heap Roots: 0.21ms
[313.471s][info][gc,phases   ] GC(648)   Evacuate Collection Set: 38.84ms
[313.471s][info][gc,phases   ] GC(648)   Post Evacuate Collection Set: 0.45ms
[313.471s][info][gc,phases   ] GC(648)   Other: 0.07ms
[313.471s][info][gc,heap     ] GC(648) Eden regions: 144->0(118)
[313.471s][info][gc,heap     ] GC(648) Survivor regions: 17->21(21)
[313.471s][info][gc,heap     ] GC(648) Old regions: 70->90
[313.471s][info][gc,heap     ] GC(648) Humongous regions: 7->3
[313.471s][info][gc,metaspace] GC(648) Metaspace: 42774K(43136K)->42774K(43136K) NonClass: 39959K(40192K)->39959K(40192K) Class: 2815K(2944K)->2815K(2944K)
[313.471s][info][gc          ] GC(648) Pause Young (Prepare Mixed) (G1 Evacuation Pause) 237M->113M(280M) 39.925ms
[313.471s][info][gc,cpu      ] GC(648) User=0.08s Sys=0.00s Real=0.04s
[313.860s][info][gc,start    ] GC(649) Pause Young (Mixed) (G1 Evacuation Pause)
[313.860s][info][gc,task     ] GC(649) Using 2 workers of 2 for evacuation
[313.899s][info][gc,phases   ] GC(649)   Pre Evacuate Collection Set: 0.16ms
[313.899s][info][gc,phases   ] GC(649)   Merge Heap Roots: 0.16ms
[313.899s][info][gc,phases   ] GC(649)   Evacuate Collection Set: 38.24ms
[313.899s][info][gc,phases   ] GC(649)   Post Evacuate Collection Set: 0.41ms
[313.899s][info][gc,phases   ] GC(649)   Other: 0.07ms
[313.899s][info][gc,heap     ] GC(649) Eden regions: 118->0(111)
[313.899s][info][gc,heap     ] GC(649) Survivor regions: 21->18(18)
[313.899s][info][gc,heap     ] GC(649) Old regions: 90->102
[313.899s][info][gc,heap     ] GC(649) Humongous regions: 7->3
[313.899s][info][gc,metaspace] GC(649) Metaspace: 42774K(43136K)->42774K(43136K) NonClass: 39959K(40192K)->39959K(40192K) Class: 2815K(2944K)->2815K(2944K)
[313.899s][info][gc          ] GC(649) Pause Young (Mixed) (G1 Evacuation Pause) 235M->122M(280M) 39.236ms
[313.900s][info][gc,cpu      ] GC(649) User=0.07s Sys=0.00s Real=0.04s
[313.918s][info][gc,start    ] GC(650) Pause Young (Concurrent Start) (G1 Humongous Allocation)
[313.918s][info][gc,task     ] GC(650) Using 2 workers of 2 for evacuation
[313.947s][info][gc,phases   ] GC(650)   Pre Evacuate Collection Set: 0.19ms
[313.947s][info][gc,phases   ] GC(650)   Merge Heap Roots: 0.06ms
[313.947s][info][gc,phases   ] GC(650)   Evacuate Collection Set: 28.69ms
[313.947s][info][gc,phases   ] GC(650)   Post Evacuate Collection Set: 0.40ms
[313.947s][info][gc,phases   ] GC(650)   Other: 0.12ms
[313.947s][info][gc,heap     ] GC(650) Eden regions: 5->0(118)
[313.947s][info][gc,heap     ] GC(650) Survivor regions: 18->1(17)
[313.947s][info][gc,heap     ] GC(650) Old regions: 102->118
[313.947s][info][gc,heap     ] GC(650) Humongous regions: 3->1
[313.947s][info][gc,metaspace] GC(650) Metaspace: 42774K(43136K)->42774K(43136K) NonClass: 39959K(40192K)->39959K(40192K) Class: 2815K(2944K)->2815K(2944K)
[313.947s][info][gc          ] GC(650) Pause Young (Concurrent Start) (G1 Humongous Allocation) 127M->120M(280M) 29.609ms
[313.947s][info][gc          ] GC(651) Concurrent Mark Cycle
[313.947s][info][gc,marking  ] GC(651) Concurrent Scan Root Regions
[313.950s][info][gc,cpu      ] GC(650) User=0.03s Sys=0.01s Real=0.03s
[313.962s][info][gc,marking  ] GC(651) Concurrent Scan Root Regions 14.769ms
[313.962s][info][gc,marking  ] GC(651) Concurrent Mark
[313.962s][info][gc,marking  ] GC(651) Concurrent Mark From Roots
[313.962s][info][gc,task     ] GC(651) Using 1 workers of 1 for marking
[314.027s][info][gc,marking  ] GC(651) Concurrent Mark From Roots 64.430ms
[314.027s][info][gc,marking  ] GC(651) Concurrent Preclean
[314.027s][info][gc,marking  ] GC(651) Concurrent Preclean 0.037ms
[314.027s][info][gc,start    ] GC(651) Pause Remark
[314.042s][info][gc          ] GC(651) Pause Remark 148M->131M(280M) 15.705ms
[314.042s][info][gc,cpu      ] GC(651) User=0.03s Sys=0.00s Real=0.02s
[314.043s][info][gc,marking  ] GC(651) Concurrent Mark 80.449ms
[314.043s][info][gc,marking  ] GC(651) Concurrent Rebuild Remembered Sets and Scrub Regions
[314.078s][info][gc,marking  ] GC(651) Concurrent Rebuild Remembered Sets and Scrub Regions 35.747ms
[314.078s][info][gc,start    ] GC(651) Pause Cleanup
[314.078s][info][gc          ] GC(651) Pause Cleanup 139M->139M(280M) 0.054ms
[314.079s][info][gc,cpu      ] GC(651) User=0.00s Sys=0.00s Real=0.00s
[314.079s][info][gc,marking  ] GC(651) Concurrent Clear Claimed Marks
[314.079s][info][gc,marking  ] GC(651) Concurrent Clear Claimed Marks 0.035ms
[314.079s][info][gc,marking  ] GC(651) Concurrent Cleanup for Next Mark
[314.079s][info][gc,marking  ] GC(651) Concurrent Cleanup for Next Mark 0.821ms
[314.079s][info][gc          ] GC(651) Concurrent Mark Cycle 132.141ms
[314.363s][info][gc,start    ] GC(652) Pause Young (Prepare Mixed) (G1 Evacuation Pause)
[314.363s][info][gc,task     ] GC(652) Using 2 workers of 2 for evacuation
[314.369s][info][gc,phases   ] GC(652)   Pre Evacuate Collection Set: 0.18ms
[314.369s][info][gc,phases   ] GC(652)   Merge Heap Roots: 0.06ms
[314.369s][info][gc,phases   ] GC(652)   Evacuate Collection Set: 6.03ms
[314.369s][info][gc,phases   ] GC(652)   Post Evacuate Collection Set: 0.37ms
[314.369s][info][gc,phases   ] GC(652)   Other: 0.07ms
[314.369s][info][gc,heap     ] GC(652) Eden regions: 118->0(130)
[314.369s][info][gc,heap     ] GC(652) Survivor regions: 1->6(15)
[314.369s][info][gc,heap     ] GC(652) Old regions: 101->101
[314.369s][info][gc,heap     ] GC(652) Humongous regions: 7->3
[314.369s][info][gc,metaspace] GC(652) Metaspace: 42774K(43136K)->42774K(43136K) NonClass: 39959K(40192K)->39959K(40192K) Class: 2815K(2944K)->2815K(2944K)
[314.369s][info][gc          ] GC(652) Pause Young (Prepare Mixed) (G1 Evacuation Pause) 227M->110M(280M) 6.873ms
[314.369s][info][gc,cpu      ] GC(652) User=0.01s Sys=0.00s Real=0.01s
[314.885s][info][gc,start    ] GC(653) Pause Young (Mixed) (G1 Evacuation Pause)
[314.885s][info][gc,task     ] GC(653) Using 2 workers of 2 for evacuation
[314.889s][info][gc,phases   ] GC(653)   Pre Evacuate Collection Set: 0.24ms
[314.889s][info][gc,phases   ] GC(653)   Merge Heap Roots: 0.09ms
[314.889s][info][gc,phases   ] GC(653)   Evacuate Collection Set: 3.75ms
[314.889s][info][gc,phases   ] GC(653)   Post Evacuate Collection Set: 0.42ms
[314.889s][info][gc,phases   ] GC(653)   Other: 0.07ms
[314.889s][info][gc,heap     ] GC(653) Eden regions: 130->0(158)
[314.889s][info][gc,heap     ] GC(653) Survivor regions: 6->3(17)
[314.889s][info][gc,heap     ] GC(653) Old regions: 101->74
[314.889s][info][gc,heap     ] GC(653) Humongous regions: 7->3
[314.889s][info][gc,metaspace] GC(653) Metaspace: 42774K(43136K)->42774K(43136K) NonClass: 39959K(40192K)->39959K(40192K) Class: 2815K(2944K)->2815K(2944K)
[314.889s][info][gc          ] GC(653) Pause Young (Mixed) (G1 Evacuation Pause) 244M->79M(280M) 4.738ms
[314.889s][info][gc,cpu      ] GC(653) User=0.01s Sys=0.01s Real=0.01s
[315.387s][info][gc,start    ] GC(654) Pause Young (Mixed) (G1 Evacuation Pause)
[315.387s][info][gc,task     ] GC(654) Using 2 workers of 2 for evacuation
[315.404s][info][gc,phases   ] GC(654)   Pre Evacuate Collection Set: 0.17ms
[315.404s][info][gc,phases   ] GC(654)   Merge Heap Roots: 0.19ms
[315.404s][info][gc,phases   ] GC(654)   Evacuate Collection Set: 15.61ms
[315.404s][info][gc,phases   ] GC(654)   Post Evacuate Collection Set: 0.56ms
[315.404s][info][gc,phases   ] GC(654)   Other: 0.07ms
[315.404s][info][gc,heap     ] GC(654) Eden regions: 158->0(159)
[315.404s][info][gc,heap     ] GC(654) Survivor regions: 3->9(21)
[315.404s][info][gc,heap     ] GC(654) Old regions: 74->67
[315.404s][info][gc,heap     ] GC(654) Humongous regions: 9->3
[315.404s][info][gc,metaspace] GC(654) Metaspace: 42774K(43136K)->42774K(43136K) NonClass: 39959K(40192K)->39959K(40192K) Class: 2815K(2944K)->2815K(2944K)
[315.404s][info][gc          ] GC(654) Pause Young (Mixed) (G1 Evacuation Pause) 243M->78M(280M) 16.765ms
[315.404s][info][gc,cpu      ] GC(654) User=0.03s Sys=0.00s Real=0.01s
[315.473s][info][gc,start    ] GC(655) Pause Young (Concurrent Start) (G1 Humongous Allocation)
[315.473s][info][gc,task     ] GC(655) Using 2 workers of 2 for evacuation
[315.476s][info][gc,phases   ] GC(655)   Pre Evacuate Collection Set: 0.17ms
[315.476s][info][gc,phases   ] GC(655)   Merge Heap Roots: 0.03ms
[315.476s][info][gc,phases   ] GC(655)   Evacuate Collection Set: 2.41ms
[315.476s][info][gc,phases   ] GC(655)   Post Evacuate Collection Set: 0.31ms
[315.476s][info][gc,phases   ] GC(655)   Other: 0.07ms
[315.476s][info][gc,heap     ] GC(655) Eden regions: 20->0(165)
[315.476s][info][gc,heap     ] GC(655) Survivor regions: 9->3(21)
[315.476s][info][gc,heap     ] GC(655) Old regions: 67->67
[315.476s][info][gc,heap     ] GC(655) Humongous regions: 3->1
[315.476s][info][gc,metaspace] GC(655) Metaspace: 42774K(43136K)->42774K(43136K) NonClass: 39959K(40192K)->39959K(40192K) Class: 2815K(2944K)->2815K(2944K)
[315.476s][info][gc          ] GC(655) Pause Young (Concurrent Start) (G1 Humongous Allocation) 98M->70M(280M) 3.159ms
[315.476s][info][gc,cpu      ] GC(655) User=0.01s Sys=0.00s Real=0.00s
[315.477s][info][gc          ] GC(656) Concurrent Mark Cycle
[315.477s][info][gc,marking  ] GC(656) Concurrent Scan Root Regions
[315.479s][info][gc,marking  ] GC(656) Concurrent Scan Root Regions 2.691ms
[315.479s][info][gc,marking  ] GC(656) Concurrent Mark
[315.479s][info][gc,marking  ] GC(656) Concurrent Mark From Roots
[315.479s][info][gc,task     ] GC(656) Using 1 workers of 1 for marking
[315.538s][info][gc,marking  ] GC(656) Concurrent Mark From Roots 59.185ms
[315.538s][info][gc,marking  ] GC(656) Concurrent Preclean
[315.538s][info][gc,marking  ] GC(656) Concurrent Preclean 0.031ms
[315.539s][info][gc,start    ] GC(656) Pause Remark
[315.554s][info][gc          ] GC(656) Pause Remark 93M->89M(256M) 15.250ms
[315.554s][info][gc,cpu      ] GC(656) User=0.03s Sys=0.00s Real=0.01s
[315.554s][info][gc,marking  ] GC(656) Concurrent Mark 74.711ms
[315.554s][info][gc,marking  ] GC(656) Concurrent Rebuild Remembered Sets and Scrub Regions
[315.574s][info][gc,marking  ] GC(656) Concurrent Rebuild Remembered Sets and Scrub Regions 20.153ms
[315.574s][info][gc,start    ] GC(656) Pause Cleanup
[315.574s][info][gc          ] GC(656) Pause Cleanup 96M->96M(256M) 0.042ms
[315.574s][info][gc,cpu      ] GC(656) User=0.00s Sys=0.00s Real=0.00s
[315.574s][info][gc,marking  ] GC(656) Concurrent Clear Claimed Marks
[315.574s][info][gc,marking  ] GC(656) Concurrent Clear Claimed Marks 0.034ms
[315.574s][info][gc,marking  ] GC(656) Concurrent Cleanup for Next Mark
[315.575s][info][gc,marking  ] GC(656) Concurrent Cleanup for Next Mark 0.739ms
[315.575s][info][gc          ] GC(656) Concurrent Mark Cycle 98.613ms
[316.000s][info][gc,start    ] GC(657) Pause Young (Prepare Mixed) (G1 Evacuation Pause)
[316.000s][info][gc,task     ] GC(657) Using 2 workers of 2 for evacuation
[316.012s][info][gc,phases   ] GC(657)   Pre Evacuate Collection Set: 0.22ms
[316.012s][info][gc,phases   ] GC(657)   Merge Heap Roots: 0.11ms
[316.012s][info][gc,phases   ] GC(657)   Evacuate Collection Set: 10.85ms
[316.012s][info][gc,phases   ] GC(657)   Post Evacuate Collection Set: 0.41ms
[316.012s][info][gc,phases   ] GC(657)   Other: 0.06ms
[316.012s][info][gc,heap     ] GC(657) Eden regions: 150->0(141)
[316.012s][info][gc,heap     ] GC(657) Survivor regions: 3->12(20)
[316.012s][info][gc,heap     ] GC(657) Old regions: 63->63
[316.012s][info][gc,heap     ] GC(657) Humongous regions: 5->3
[316.012s][info][gc,metaspace] GC(657) Metaspace: 42774K(43136K)->42774K(43136K) NonClass: 39959K(40192K)->39959K(40192K) Class: 2815K(2944K)->2815K(2944K)
[316.012s][info][gc          ] GC(657) Pause Young (Prepare Mixed) (G1 Evacuation Pause) 220M->77M(256M) 11.829ms
[316.012s][info][gc,cpu      ] GC(657) User=0.02s Sys=0.00s Real=0.01s
[316.529s][info][gc,start    ] GC(658) Pause Young (Mixed) (G1 Evacuation Pause)
[316.529s][info][gc,task     ] GC(658) Using 2 workers of 2 for evacuation
[316.541s][info][gc,phases   ] GC(658)   Pre Evacuate Collection Set: 0.17ms
[316.541s][info][gc,phases   ] GC(658)   Merge Heap Roots: 0.06ms
[316.541s][info][gc,phases   ] GC(658)   Evacuate Collection Set: 11.04ms
[316.541s][info][gc,phases   ] GC(658)   Post Evacuate Collection Set: 0.54ms
[316.541s][info][gc,phases   ] GC(658)   Other: 0.06ms
[316.541s][info][gc,heap     ] GC(658) Eden regions: 141->0(140)
[316.541s][info][gc,heap     ] GC(658) Survivor regions: 12->13(20)
[316.541s][info][gc,heap     ] GC(658) Old regions: 63->51
[316.541s][info][gc,heap     ] GC(658) Humongous regions: 9->3
[316.541s][info][gc,metaspace] GC(658) Metaspace: 42774K(43136K)->42774K(43136K) NonClass: 39959K(40192K)->39959K(40192K) Class: 2815K(2944K)->2815K(2944K)
[316.541s][info][gc          ] GC(658) Pause Young (Mixed) (G1 Evacuation Pause) 224M->66M(256M) 12.038ms
[316.541s][info][gc,cpu      ] GC(658) User=0.03s Sys=0.00s Real=0.01s
[316.893s][info][gc,start    ] GC(659) Pause Young (Concurrent Start) (G1 Evacuation Pause)
[316.893s][info][gc,task     ] GC(659) Using 2 workers of 2 for evacuation
[316.929s][info][gc,phases   ] GC(659)   Pre Evacuate Collection Set: 0.18ms
[316.929s][info][gc,phases   ] GC(659)   Merge Heap Roots: 0.06ms
[316.929s][info][gc,phases   ] GC(659)   Evacuate Collection Set: 35.03ms
[316.929s][info][gc,phases   ] GC(659)   Post Evacuate Collection Set: 0.43ms
[316.929s][info][gc,phases   ] GC(659)   Other: 0.08ms
[316.929s][info][gc,heap     ] GC(659) Eden regions: 140->0(118)
[316.929s][info][gc,heap     ] GC(659) Survivor regions: 13->20(20)
[316.929s][info][gc,heap     ] GC(659) Old regions: 51->72
[316.929s][info][gc,heap     ] GC(659) Humongous regions: 3->3
[316.929s][info][gc,metaspace] GC(659) Metaspace: 42774K(43136K)->42774K(43136K) NonClass: 39959K(40192K)->39959K(40192K) Class: 2815K(2944K)->2815K(2944K)
[316.929s][info][gc          ] GC(659) Pause Young (Concurrent Start) (G1 Evacuation Pause) 206M->94M(256M) 35.995ms
[316.929s][info][gc          ] GC(660) Concurrent Mark Cycle
[316.929s][info][gc,marking  ] GC(660) Concurrent Scan Root Regions
[316.930s][info][gc,cpu      ] GC(659) User=0.07s Sys=0.00s Real=0.04s
[316.962s][info][gc,marking  ] GC(660) Concurrent Scan Root Regions 33.340ms
[316.962s][info][gc,marking  ] GC(660) Concurrent Mark
[316.962s][info][gc,marking  ] GC(660) Concurrent Mark From Roots
[316.962s][info][gc,task     ] GC(660) Using 1 workers of 1 for marking
[317.037s][info][gc,marking  ] GC(660) Concurrent Mark From Roots 74.777ms
[317.037s][info][gc,marking  ] GC(660) Concurrent Preclean
[317.037s][info][gc,marking  ] GC(660) Concurrent Preclean 0.031ms
[317.037s][info][gc,start    ] GC(660) Pause Remark
[317.053s][info][gc          ] GC(660) Pause Remark 116M->116M(256M) 15.391ms
[317.053s][info][gc,cpu      ] GC(660) User=0.03s Sys=0.00s Real=0.01s
[317.053s][info][gc,marking  ] GC(660) Concurrent Mark 90.462ms
[317.053s][info][gc,marking  ] GC(660) Concurrent Rebuild Remembered Sets and Scrub Regions
[317.102s][info][gc,marking  ] GC(660) Concurrent Rebuild Remembered Sets and Scrub Regions 49.430ms
[317.103s][info][gc,start    ] GC(660) Pause Cleanup
[317.103s][info][gc          ] GC(660) Pause Cleanup 126M->126M(256M) 0.059ms
[317.103s][info][gc,cpu      ] GC(660) User=0.00s Sys=0.00s Real=0.00s
[317.103s][info][gc,marking  ] GC(660) Concurrent Clear Claimed Marks
[317.103s][info][gc,marking  ] GC(660) Concurrent Clear Claimed Marks 0.040ms
[317.103s][info][gc,marking  ] GC(660) Concurrent Cleanup for Next Mark
[317.111s][info][gc,marking  ] GC(660) Concurrent Cleanup for Next Mark 7.814ms
[317.111s][info][gc          ] GC(660) Concurrent Mark Cycle 182.555ms
[317.463s][info][gc,start    ] GC(661) Pause Young (Prepare Mixed) (G1 Evacuation Pause)
[317.463s][info][gc,task     ] GC(661) Using 2 workers of 2 for evacuation
[317.523s][info][gc,phases   ] GC(661)   Pre Evacuate Collection Set: 0.18ms
[317.523s][info][gc,phases   ] GC(661)   Merge Heap Roots: 0.26ms
[317.523s][info][gc,phases   ] GC(661)   Evacuate Collection Set: 58.63ms
[317.523s][info][gc,phases   ] GC(661)   Post Evacuate Collection Set: 0.48ms
[317.523s][info][gc,phases   ] GC(661)   Other: 0.08ms
[317.523s][info][gc,heap     ] GC(661) Eden regions: 118->0(90)
[317.523s][info][gc,heap     ] GC(661) Survivor regions: 20->18(18)
[317.523s][info][gc,heap     ] GC(661) Old regions: 72->106
[317.523s][info][gc,heap     ] GC(661) Humongous regions: 3->3
[317.523s][info][gc,metaspace] GC(661) Metaspace: 42774K(43136K)->42774K(43136K) NonClass: 39959K(40192K)->39959K(40192K) Class: 2815K(2944K)->2815K(2944K)
[317.523s][info][gc          ] GC(661) Pause Young (Prepare Mixed) (G1 Evacuation Pause) 212M->126M(265M) 59.809ms
[317.523s][info][gc,cpu      ] GC(661) User=0.11s Sys=0.00s Real=0.06s
[317.929s][info][gc,start    ] GC(662) Pause Young (Mixed) (G1 Evacuation Pause)
[317.929s][info][gc,task     ] GC(662) Using 2 workers of 2 for evacuation
[317.985s][info][gc,phases   ] GC(662)   Pre Evacuate Collection Set: 0.15ms
[317.986s][info][gc,phases   ] GC(662)   Merge Heap Roots: 0.36ms
[317.986s][info][gc,phases   ] GC(662)   Evacuate Collection Set: 54.86ms
[317.986s][info][gc,phases   ] GC(662)   Post Evacuate Collection Set: 0.75ms
[317.986s][info][gc,phases   ] GC(662)   Other: 0.07ms
[317.986s][info][gc,heap     ] GC(662) Eden regions: 90->0(100)
[317.986s][info][gc,heap     ] GC(662) Survivor regions: 18->14(14)
[317.986s][info][gc,heap     ] GC(662) Old regions: 106->132
[317.986s][info][gc,heap     ] GC(662) Humongous regions: 3->3
[317.986s][info][gc,metaspace] GC(662) Metaspace: 42774K(43136K)->42774K(43136K) NonClass: 39959K(40192K)->39959K(40192K) Class: 2815K(2944K)->2815K(2944K)
[317.986s][info][gc          ] GC(662) Pause Young (Mixed) (G1 Evacuation Pause) 216M->148M(307M) 56.367ms
[317.986s][info][gc,cpu      ] GC(662) User=0.11s Sys=0.00s Real=0.05s
[318.488s][info][gc,start    ] GC(663) Pause Young (Concurrent Start) (G1 Evacuation Pause)
[318.488s][info][gc,task     ] GC(663) Using 2 workers of 2 for evacuation
[318.535s][info][gc,phases   ] GC(663)   Pre Evacuate Collection Set: 0.21ms
[318.535s][info][gc,phases   ] GC(663)   Merge Heap Roots: 0.23ms
[318.535s][info][gc,phases   ] GC(663)   Evacuate Collection Set: 45.22ms
[318.535s][info][gc,phases   ] GC(663)   Post Evacuate Collection Set: 0.38ms
[318.535s][info][gc,phases   ] GC(663)   Other: 0.09ms
[318.535s][info][gc,heap     ] GC(663) Eden regions: 100->0(78)
[318.535s][info][gc,heap     ] GC(663) Survivor regions: 14->15(15)
[318.535s][info][gc,heap     ] GC(663) Old regions: 132->159
[318.535s][info][gc,heap     ] GC(663) Humongous regions: 3->3
[318.535s][info][gc,metaspace] GC(663) Metaspace: 42774K(43136K)->42774K(43136K) NonClass: 39959K(40192K)->39959K(40192K) Class: 2815K(2944K)->2815K(2944K)
[318.535s][info][gc          ] GC(663) Pause Young (Concurrent Start) (G1 Evacuation Pause) 248M->176M(307M) 46.320ms
[318.535s][info][gc          ] GC(664) Concurrent Mark Cycle
[318.535s][info][gc,marking  ] GC(664) Concurrent Scan Root Regions
[318.535s][info][gc,cpu      ] GC(663) User=0.09s Sys=0.00s Real=0.04s
[318.580s][info][gc,marking  ] GC(664) Concurrent Scan Root Regions 45.698ms
[318.581s][info][gc,marking  ] GC(664) Concurrent Mark
[318.581s][info][gc,marking  ] GC(664) Concurrent Mark From Roots
[318.581s][info][gc,task     ] GC(664) Using 1 workers of 1 for marking
[318.704s][info][gc,marking  ] GC(664) Concurrent Mark From Roots 123.956ms
[318.705s][info][gc,marking  ] GC(664) Concurrent Preclean
[318.705s][info][gc,marking  ] GC(664) Concurrent Preclean 0.034ms
[318.705s][info][gc,start    ] GC(664) Pause Remark
[318.720s][info][gc          ] GC(664) Pause Remark 225M->225M(307M) 15.401ms
[318.720s][info][gc,cpu      ] GC(664) User=0.03s Sys=0.00s Real=0.02s
[318.720s][info][gc,marking  ] GC(664) Concurrent Mark 139.669ms
[318.720s][info][gc,marking  ] GC(664) Concurrent Rebuild Remembered Sets and Scrub Regions
[318.805s][info][gc,marking  ] GC(664) Concurrent Rebuild Remembered Sets and Scrub Regions 85.148ms
[318.805s][info][gc,start    ] GC(664) Pause Cleanup
[318.806s][info][gc          ] GC(664) Pause Cleanup 240M->240M(307M) 0.063ms
[318.806s][info][gc,cpu      ] GC(664) User=0.00s Sys=0.00s Real=0.00s
[318.806s][info][gc,marking  ] GC(664) Concurrent Clear Claimed Marks
[318.806s][info][gc,marking  ] GC(664) Concurrent Clear Claimed Marks 0.037ms
[318.806s][info][gc,marking  ] GC(664) Concurrent Cleanup for Next Mark
[318.807s][info][gc,marking  ] GC(664) Concurrent Cleanup for Next Mark 1.361ms
[318.807s][info][gc          ] GC(664) Concurrent Mark Cycle 272.245ms
[318.878s][info][gc,start    ] GC(665) Pause Young (Prepare Mixed) (G1 Evacuation Pause)
[318.878s][info][gc,task     ] GC(665) Using 2 workers of 2 for evacuation
[318.907s][info][gc,phases   ] GC(665)   Pre Evacuate Collection Set: 0.18ms
[318.907s][info][gc,phases   ] GC(665)   Merge Heap Roots: 0.20ms
[318.907s][info][gc,phases   ] GC(665)   Evacuate Collection Set: 29.01ms
[318.907s][info][gc,phases   ] GC(665)   Post Evacuate Collection Set: 0.40ms
[318.907s][info][gc,phases   ] GC(665)   Other: 0.07ms
[318.908s][info][gc,heap     ] GC(665) Eden regions: 78->0(74)
[318.908s][info][gc,heap     ] GC(665) Survivor regions: 15->12(12)
[318.908s][info][gc,heap     ] GC(665) Old regions: 159->174
[318.908s][info][gc,heap     ] GC(665) Humongous regions: 5->3
[318.908s][info][gc,metaspace] GC(665) Metaspace: 42774K(43136K)->42774K(43136K) NonClass: 39959K(40192K)->39959K(40192K) Class: 2815K(2944K)->2815K(2944K)
[318.908s][info][gc          ] GC(665) Pause Young (Prepare Mixed) (G1 Evacuation Pause) 256M->188M(307M) 30.030ms
[318.908s][info][gc,cpu      ] GC(665) User=0.06s Sys=0.00s Real=0.03s
[319.161s][info][gc,start    ] GC(666) Pause Young (Mixed) (G1 Evacuation Pause)
[319.161s][info][gc,task     ] GC(666) Using 2 workers of 2 for evacuation
[319.178s][info][gc,phases   ] GC(666)   Pre Evacuate Collection Set: 0.19ms
[319.178s][info][gc,phases   ] GC(666)   Merge Heap Roots: 0.24ms
[319.178s][info][gc,phases   ] GC(666)   Evacuate Collection Set: 16.09ms
[319.178s][info][gc,phases   ] GC(666)   Post Evacuate Collection Set: 0.40ms
[319.178s][info][gc,phases   ] GC(666)   Other: 0.08ms
[319.178s][info][gc,heap     ] GC(666) Eden regions: 74->0(98)
[319.178s][info][gc,heap     ] GC(666) Survivor regions: 12->6(11)
[319.178s][info][gc,heap     ] GC(666) Old regions: 174->149
[319.178s][info][gc,heap     ] GC(666) Humongous regions: 7->3
[319.178s][info][gc,metaspace] GC(666) Metaspace: 42774K(43136K)->42774K(43136K) NonClass: 39959K(40192K)->39959K(40192K) Class: 2815K(2944K)->2815K(2944K)
[319.178s][info][gc          ] GC(666) Pause Young (Mixed) (G1 Evacuation Pause) 266M->156M(307M) 17.188ms
[319.178s][info][gc,cpu      ] GC(666) User=0.03s Sys=0.00s Real=0.02s
[319.505s][info][gc,start    ] GC(667) Pause Young (Mixed) (G1 Evacuation Pause)
[319.505s][info][gc,task     ] GC(667) Using 2 workers of 2 for evacuation
[319.534s][info][gc,phases   ] GC(667)   Pre Evacuate Collection Set: 0.18ms
[319.534s][info][gc,phases   ] GC(667)   Merge Heap Roots: 0.66ms
[319.534s][info][gc,phases   ] GC(667)   Evacuate Collection Set: 27.51ms
[319.534s][info][gc,phases   ] GC(667)   Post Evacuate Collection Set: 0.42ms
[319.534s][info][gc,phases   ] GC(667)   Other: 0.06ms
[319.534s][info][gc,heap     ] GC(667) Eden regions: 98->0(113)
[319.534s][info][gc,heap     ] GC(667) Survivor regions: 6->6(13)
[319.534s][info][gc,heap     ] GC(667) Old regions: 149->134
[319.534s][info][gc,heap     ] GC(667) Humongous regions: 9->3
[319.534s][info][gc,metaspace] GC(667) Metaspace: 42774K(43136K)->42774K(43136K) NonClass: 39959K(40192K)->39959K(40192K) Class: 2815K(2944K)->2815K(2944K)
[319.534s][info][gc          ] GC(667) Pause Young (Mixed) (G1 Evacuation Pause) 260M->142M(307M) 28.996ms
[319.534s][info][gc,cpu      ] GC(667) User=0.05s Sys=0.00s Real=0.03s
[319.670s][info][gc,start    ] GC(668) Pause Young (Concurrent Start) (G1 Humongous Allocation)
[319.670s][info][gc,task     ] GC(668) Using 2 workers of 2 for evacuation
[319.675s][info][gc,phases   ] GC(668)   Pre Evacuate Collection Set: 0.20ms
[319.675s][info][gc,phases   ] GC(668)   Merge Heap Roots: 0.05ms
[319.675s][info][gc,phases   ] GC(668)   Evacuate Collection Set: 4.15ms
[319.675s][info][gc,phases   ] GC(668)   Post Evacuate Collection Set: 1.27ms
[319.676s][info][gc,phases   ] GC(668)   Other: 0.09ms
[319.676s][info][gc,heap     ] GC(668) Eden regions: 51->0(217)
[319.676s][info][gc,heap     ] GC(668) Survivor regions: 6->6(15)
[319.676s][info][gc,heap     ] GC(668) Old regions: 134->134
[319.676s][info][gc,heap     ] GC(668) Humongous regions: 3->1
[319.676s][info][gc,metaspace] GC(668) Metaspace: 42774K(43136K)->42774K(43136K) NonClass: 39959K(40192K)->39959K(40192K) Class: 2815K(2944K)->2815K(2944K)
[319.676s][info][gc          ] GC(668) Pause Young (Concurrent Start) (G1 Humongous Allocation) 192M->140M(442M) 5.932ms
[319.676s][info][gc,cpu      ] GC(668) User=0.01s Sys=0.00s Real=0.00s
[319.676s][info][gc          ] GC(669) Concurrent Undo Cycle
[319.676s][info][gc,marking  ] GC(669) Concurrent Clear Claimed Marks
[319.676s][info][gc,marking  ] GC(669) Concurrent Clear Claimed Marks 0.030ms
[319.676s][info][gc,marking  ] GC(669) Concurrent Cleanup for Next Mark
[319.678s][info][gc,marking  ] GC(669) Concurrent Cleanup for Next Mark 2.195ms
[319.678s][info][gc          ] GC(669) Concurrent Undo Cycle 2.315ms
[319.948s][info][gc,start    ] GC(670) Pause Young (Concurrent Start) (G1 Humongous Allocation)
[319.948s][info][gc,task     ] GC(670) Using 2 workers of 2 for evacuation
[319.981s][info][gc,phases   ] GC(670)   Pre Evacuate Collection Set: 0.22ms
[319.981s][info][gc,phases   ] GC(670)   Merge Heap Roots: 0.06ms
[319.981s][info][gc,phases   ] GC(670)   Evacuate Collection Set: 32.21ms
[319.981s][info][gc,phases   ] GC(670)   Post Evacuate Collection Set: 0.44ms
[319.981s][info][gc,phases   ] GC(670)   Other: 0.09ms
[319.981s][info][gc,heap     ] GC(670) Eden regions: 83->0(175)
[319.981s][info][gc,heap     ] GC(670) Survivor regions: 6->28(28)
[319.981s][info][gc,heap     ] GC(670) Old regions: 134->140
[319.981s][info][gc,heap     ] GC(670) Humongous regions: 3->3
[319.981s][info][gc,metaspace] GC(670) Metaspace: 42774K(43136K)->42774K(43136K) NonClass: 39959K(40192K)->39959K(40192K) Class: 2815K(2944K)->2815K(2944K)
[319.981s][info][gc          ] GC(670) Pause Young (Concurrent Start) (G1 Humongous Allocation) 224M->169M(442M) 33.232ms
[319.981s][info][gc,cpu      ] GC(670) User=0.05s Sys=0.02s Real=0.03s
[319.981s][info][gc          ] GC(671) Concurrent Mark Cycle
[319.981s][info][gc,marking  ] GC(671) Concurrent Scan Root Regions
[319.997s][info][gc,marking  ] GC(671) Concurrent Scan Root Regions 15.052ms
[319.997s][info][gc,marking  ] GC(671) Concurrent Mark
[319.997s][info][gc,marking  ] GC(671) Concurrent Mark From Roots
[319.997s][info][gc,task     ] GC(671) Using 1 workers of 1 for marking
[320.060s][info][gc,marking  ] GC(671) Concurrent Mark From Roots 63.126ms
[320.060s][info][gc,marking  ] GC(671) Concurrent Preclean
[320.060s][info][gc,marking  ] GC(671) Concurrent Preclean 0.035ms
[320.060s][info][gc,start    ] GC(671) Pause Remark
[320.075s][info][gc          ] GC(671) Pause Remark 191M->176M(442M) 15.488ms
[320.075s][info][gc,cpu      ] GC(671) User=0.03s Sys=0.00s Real=0.01s
[320.076s][info][gc,marking  ] GC(671) Concurrent Mark 78.962ms
[320.076s][info][gc,marking  ] GC(671) Concurrent Rebuild Remembered Sets and Scrub Regions
[320.105s][info][gc,marking  ] GC(671) Concurrent Rebuild Remembered Sets and Scrub Regions 29.128ms
[320.105s][info][gc,start    ] GC(671) Pause Cleanup
[320.105s][info][gc          ] GC(671) Pause Cleanup 183M->183M(442M) 0.089ms
[320.105s][info][gc,cpu      ] GC(671) User=0.00s Sys=0.00s Real=0.00s
[320.105s][info][gc,marking  ] GC(671) Concurrent Clear Claimed Marks
[320.105s][info][gc,marking  ] GC(671) Concurrent Clear Claimed Marks 0.039ms
[320.105s][info][gc,marking  ] GC(671) Concurrent Cleanup for Next Mark
[320.108s][info][gc,marking  ] GC(671) Concurrent Cleanup for Next Mark 2.615ms
[320.108s][info][gc          ] GC(671) Concurrent Mark Cycle 126.265ms
[320.589s][info][gc,start    ] GC(672) Pause Young (Prepare Mixed) (G1 Evacuation Pause)
[320.589s][info][gc,task     ] GC(672) Using 2 workers of 2 for evacuation
[320.621s][info][gc,phases   ] GC(672)   Pre Evacuate Collection Set: 0.28ms
[320.621s][info][gc,phases   ] GC(672)   Merge Heap Roots: 0.24ms
[320.621s][info][gc,phases   ] GC(672)   Evacuate Collection Set: 30.25ms
[320.621s][info][gc,phases   ] GC(672)   Post Evacuate Collection Set: 0.78ms
[320.621s][info][gc,phases   ] GC(672)   Other: 0.09ms
[320.621s][info][gc,heap     ] GC(672) Eden regions: 175->0(171)
[320.621s][info][gc,heap     ] GC(672) Survivor regions: 28->26(26)
[320.621s][info][gc,heap     ] GC(672) Old regions: 125->146
[320.621s][info][gc,heap     ] GC(672) Humongous regions: 5->4
[320.621s][info][gc,metaspace] GC(672) Metaspace: 42774K(43136K)->42774K(43136K) NonClass: 39959K(40192K)->39959K(40192K) Class: 2815K(2944K)->2815K(2944K)
[320.621s][info][gc          ] GC(672) Pause Young (Prepare Mixed) (G1 Evacuation Pause) 331M->175M(442M) 31.831ms
[320.621s][info][gc,cpu      ] GC(672) User=0.06s Sys=0.00s Real=0.03s
[321.147s][info][gc,start    ] GC(673) Pause Young (Mixed) (G1 Evacuation Pause)
[321.148s][info][gc,task     ] GC(673) Using 2 workers of 2 for evacuation
[321.164s][info][gc,phases   ] GC(673)   Pre Evacuate Collection Set: 0.37ms
[321.164s][info][gc,phases   ] GC(673)   Merge Heap Roots: 0.21ms
[321.164s][info][gc,phases   ] GC(673)   Evacuate Collection Set: 15.35ms
[321.164s][info][gc,phases   ] GC(673)   Post Evacuate Collection Set: 0.50ms
[321.164s][info][gc,phases   ] GC(673)   Other: 0.11ms
[321.164s][info][gc,heap     ] GC(673) Eden regions: 171->0(205)
[321.164s][info][gc,heap     ] GC(673) Survivor regions: 26->4(25)
[321.164s][info][gc,heap     ] GC(673) Old regions: 146->120
[321.164s][info][gc,heap     ] GC(673) Humongous regions: 6->4
[321.164s][info][gc,metaspace] GC(673) Metaspace: 42774K(43136K)->42774K(43136K) NonClass: 39959K(40192K)->39959K(40192K) Class: 2815K(2944K)->2815K(2944K)
[321.164s][info][gc          ] GC(673) Pause Young (Mixed) (G1 Evacuation Pause) 348M->127M(442M) 16.759ms
[321.164s][info][gc,cpu      ] GC(673) User=0.03s Sys=0.00s Real=0.01s
[321.812s][info][gc,start    ] GC(674) Pause Young (Mixed) (G1 Evacuation Pause)
[321.812s][info][gc,task     ] GC(674) Using 2 workers of 2 for evacuation
[321.823s][info][gc,phases   ] GC(674)   Pre Evacuate Collection Set: 0.20ms
[321.823s][info][gc,phases   ] GC(674)   Merge Heap Roots: 0.20ms
[321.823s][info][gc,phases   ] GC(674)   Evacuate Collection Set: 9.49ms
[321.823s][info][gc,phases   ] GC(674)   Post Evacuate Collection Set: 0.50ms
[321.823s][info][gc,phases   ] GC(674)   Other: 0.07ms
[321.823s][info][gc,heap     ] GC(674) Eden regions: 205->0(221)
[321.823s][info][gc,heap     ] GC(674) Survivor regions: 4->6(27)
[321.823s][info][gc,heap     ] GC(674) Old regions: 120->108
[321.823s][info][gc,heap     ] GC(674) Humongous regions: 4->4
[321.823s][info][gc,metaspace] GC(674) Metaspace: 42774K(43136K)->42774K(43136K) NonClass: 39959K(40192K)->39959K(40192K) Class: 2815K(2944K)->2815K(2944K)
[321.823s][info][gc          ] GC(674) Pause Young (Mixed) (G1 Evacuation Pause) 332M->117M(442M) 10.652ms
[321.823s][info][gc,cpu      ] GC(674) User=0.02s Sys=0.00s Real=0.01s
[322.018s][info][gc,start    ] GC(675) Pause Young (Concurrent Start) (G1 Humongous Allocation)
[322.018s][info][gc,task     ] GC(675) Using 2 workers of 2 for evacuation
[322.043s][info][gc,phases   ] GC(675)   Pre Evacuate Collection Set: 0.25ms
[322.043s][info][gc,phases   ] GC(675)   Merge Heap Roots: 0.05ms
[322.043s][info][gc,phases   ] GC(675)   Evacuate Collection Set: 24.77ms
[322.043s][info][gc,phases   ] GC(675)   Post Evacuate Collection Set: 0.38ms
[322.043s][info][gc,phases   ] GC(675)   Other: 0.08ms
[322.043s][info][gc,heap     ] GC(675) Eden regions: 61->0(191)
[322.043s][info][gc,heap     ] GC(675) Survivor regions: 6->29(29)
[322.043s][info][gc,heap     ] GC(675) Old regions: 108->121
[322.043s][info][gc,heap     ] GC(675) Humongous regions: 4->4
[322.043s][info][gc,metaspace] GC(675) Metaspace: 42774K(43136K)->42774K(43136K) NonClass: 39959K(40192K)->39959K(40192K) Class: 2815K(2944K)->2815K(2944K)
[322.043s][info][gc          ] GC(675) Pause Young (Concurrent Start) (G1 Humongous Allocation) 177M->153M(442M) 25.722ms
[322.043s][info][gc,cpu      ] GC(675) User=0.05s Sys=0.00s Real=0.02s
[322.043s][info][gc          ] GC(676) Concurrent Mark Cycle
[322.043s][info][gc,marking  ] GC(676) Concurrent Scan Root Regions
[322.061s][info][gc,marking  ] GC(676) Concurrent Scan Root Regions 17.528ms
[322.061s][info][gc,marking  ] GC(676) Concurrent Mark
[322.061s][info][gc,marking  ] GC(676) Concurrent Mark From Roots
[322.061s][info][gc,task     ] GC(676) Using 1 workers of 1 for marking
[322.155s][info][gc,marking  ] GC(676) Concurrent Mark From Roots 94.573ms
[322.156s][info][gc,marking  ] GC(676) Concurrent Preclean
[322.156s][info][gc,marking  ] GC(676) Concurrent Preclean 0.047ms
[322.156s][info][gc,start    ] GC(676) Pause Remark
[322.172s][info][gc          ] GC(676) Pause Remark 177M->159M(442M) 16.130ms
[322.172s][info][gc,cpu      ] GC(676) User=0.03s Sys=0.00s Real=0.02s
[322.172s][info][gc,marking  ] GC(676) Concurrent Mark 110.961ms
[322.172s][info][gc,marking  ] GC(676) Concurrent Rebuild Remembered Sets and Scrub Regions
[322.216s][info][gc,marking  ] GC(676) Concurrent Rebuild Remembered Sets and Scrub Regions 43.666ms
[322.216s][info][gc,start    ] GC(676) Pause Cleanup
[322.216s][info][gc          ] GC(676) Pause Cleanup 171M->171M(442M) 0.071ms
[322.216s][info][gc,cpu      ] GC(676) User=0.00s Sys=0.00s Real=0.00s
[322.216s][info][gc,marking  ] GC(676) Concurrent Clear Claimed Marks
[322.216s][info][gc,marking  ] GC(676) Concurrent Clear Claimed Marks 0.037ms
[322.216s][info][gc,marking  ] GC(676) Concurrent Cleanup for Next Mark
[322.217s][info][gc,marking  ] GC(676) Concurrent Cleanup for Next Mark 1.268ms
[322.217s][info][gc          ] GC(676) Concurrent Mark Cycle 173.936ms
[322.693s][info][gc,start    ] GC(677) Pause Young (Prepare Mixed) (G1 Evacuation Pause)
[322.693s][info][gc,task     ] GC(677) Using 2 workers of 2 for evacuation
[322.728s][info][gc,phases   ] GC(677)   Pre Evacuate Collection Set: 0.20ms
[322.728s][info][gc,phases   ] GC(677)   Merge Heap Roots: 0.19ms
[322.728s][info][gc,phases   ] GC(677)   Evacuate Collection Set: 34.14ms
[322.728s][info][gc,phases   ] GC(677)   Post Evacuate Collection Set: 0.52ms
[322.728s][info][gc,phases   ] GC(677)   Other: 0.08ms
[322.728s][info][gc,heap     ] GC(677) Eden regions: 191->0(186)
[322.728s][info][gc,heap     ] GC(677) Survivor regions: 29->28(28)
[322.728s][info][gc,heap     ] GC(677) Old regions: 104->131
[322.728s][info][gc,heap     ] GC(677) Humongous regions: 4->4
[322.728s][info][gc,metaspace] GC(677) Metaspace: 42774K(43136K)->42774K(43136K) NonClass: 39959K(40192K)->39959K(40192K) Class: 2815K(2944K)->2815K(2944K)
[322.728s][info][gc          ] GC(677) Pause Young (Prepare Mixed) (G1 Evacuation Pause) 327M->162M(442M) 35.384ms
[322.728s][info][gc,cpu      ] GC(677) User=0.07s Sys=0.00s Real=0.04s
[323.342s][info][gc,start    ] GC(678) Pause Young (Mixed) (G1 Evacuation Pause)
[323.342s][info][gc,task     ] GC(678) Using 2 workers of 2 for evacuation
[323.427s][info][gc,phases   ] GC(678)   Pre Evacuate Collection Set: 0.22ms
[323.427s][info][gc,phases   ] GC(678)   Merge Heap Roots: 0.26ms
[323.427s][info][gc,phases   ] GC(678)   Evacuate Collection Set: 83.67ms
[323.427s][info][gc,phases   ] GC(678)   Post Evacuate Collection Set: 0.56ms
[323.427s][info][gc,phases   ] GC(678)   Other: 0.07ms
[323.427s][info][gc,heap     ] GC(678) Eden regions: 186->0(126)
[323.427s][info][gc,heap     ] GC(678) Survivor regions: 28->27(27)
[323.427s][info][gc,heap     ] GC(678) Old regions: 131->197
[323.427s][info][gc,heap     ] GC(678) Humongous regions: 5->5
[323.427s][info][gc,metaspace] GC(678) Metaspace: 42774K(43136K)->42774K(43136K) NonClass: 39959K(40192K)->39959K(40192K) Class: 2815K(2944K)->2815K(2944K)
[323.427s][info][gc          ] GC(678) Pause Young (Mixed) (G1 Evacuation Pause) 349M->228M(467M) 85.010ms
[323.427s][info][gc,cpu      ] GC(678) User=0.15s Sys=0.01s Real=0.09s
[323.482s][info][gc,start    ] GC(679) Pause Young (Concurrent Start) (G1 Humongous Allocation)
[323.482s][info][gc,task     ] GC(679) Using 2 workers of 2 for evacuation
[323.509s][info][gc,phases   ] GC(679)   Pre Evacuate Collection Set: 0.22ms
[323.509s][info][gc,phases   ] GC(679)   Merge Heap Roots: 0.14ms
[323.509s][info][gc,phases   ] GC(679)   Evacuate Collection Set: 26.05ms
[323.509s][info][gc,phases   ] GC(679)   Post Evacuate Collection Set: 0.35ms
[323.509s][info][gc,phases   ] GC(679)   Other: 0.08ms
[323.509s][info][gc,heap     ] GC(679) Eden regions: 18->0(99)
[323.509s][info][gc,heap     ] GC(679) Survivor regions: 27->12(20)
[323.509s][info][gc,heap     ] GC(679) Old regions: 197->224
[323.509s][info][gc,heap     ] GC(679) Humongous regions: 5->5
[323.509s][info][gc,metaspace] GC(679) Metaspace: 42774K(43136K)->42774K(43136K) NonClass: 39959K(40192K)->39959K(40192K) Class: 2815K(2944K)->2815K(2944K)
[323.509s][info][gc          ] GC(679) Pause Young (Concurrent Start) (G1 Humongous Allocation) 245M->239M(467M) 27.043ms
[323.509s][info][gc          ] GC(680) Concurrent Mark Cycle
[323.509s][info][gc,marking  ] GC(680) Concurrent Scan Root Regions
[323.510s][info][gc,cpu      ] GC(679) User=0.05s Sys=0.00s Real=0.03s
[323.522s][info][gc,marking  ] GC(680) Concurrent Scan Root Regions 13.368ms
[323.522s][info][gc,marking  ] GC(680) Concurrent Mark
[323.522s][info][gc,marking  ] GC(680) Concurrent Mark From Roots
[323.522s][info][gc,task     ] GC(680) Using 1 workers of 1 for marking
[323.615s][info][gc,marking  ] GC(680) Concurrent Mark From Roots 93.060ms
[323.615s][info][gc,marking  ] GC(680) Concurrent Preclean
[323.615s][info][gc,marking  ] GC(680) Concurrent Preclean 0.054ms
[323.616s][info][gc,start    ] GC(680) Pause Remark
[323.631s][info][gc          ] GC(680) Pause Remark 267M->192M(467M) 15.395ms
[323.631s][info][gc,cpu      ] GC(680) User=0.03s Sys=0.00s Real=0.02s
[323.631s][info][gc,marking  ] GC(680) Concurrent Mark 108.843ms
[323.631s][info][gc,marking  ] GC(680) Concurrent Rebuild Remembered Sets and Scrub Regions
[323.687s][info][gc,marking  ] GC(680) Concurrent Rebuild Remembered Sets and Scrub Regions 55.740ms
[323.687s][info][gc,start    ] GC(680) Pause Cleanup
[323.687s][info][gc          ] GC(680) Pause Cleanup 205M->205M(467M) 0.070ms
[323.687s][info][gc,cpu      ] GC(680) User=0.00s Sys=0.00s Real=0.00s
[323.687s][info][gc,marking  ] GC(680) Concurrent Clear Claimed Marks
[323.687s][info][gc,marking  ] GC(680) Concurrent Clear Claimed Marks 0.037ms
[323.687s][info][gc,marking  ] GC(680) Concurrent Cleanup for Next Mark
[323.689s][info][gc,marking  ] GC(680) Concurrent Cleanup for Next Mark 2.024ms
[323.689s][info][gc          ] GC(680) Concurrent Mark Cycle 180.365ms
[323.889s][info][gc,start    ] GC(681) Pause Young (Prepare Mixed) (G1 Evacuation Pause)
[323.890s][info][gc,task     ] GC(681) Using 2 workers of 2 for evacuation
[323.941s][info][gc,phases   ] GC(681)   Pre Evacuate Collection Set: 0.33ms
[323.941s][info][gc,phases   ] GC(681)   Merge Heap Roots: 0.25ms
[323.941s][info][gc,phases   ] GC(681)   Evacuate Collection Set: 50.01ms
[323.941s][info][gc,phases   ] GC(681)   Post Evacuate Collection Set: 0.44ms
[323.941s][info][gc,phases   ] GC(681)   Other: 0.07ms
[323.941s][info][gc,heap     ] GC(681) Eden regions: 99->0(99)
[323.941s][info][gc,heap     ] GC(681) Survivor regions: 12->14(14)
[323.941s][info][gc,heap     ] GC(681) Old regions: 151->212
[323.941s][info][gc,heap     ] GC(681) Humongous regions: 4->4
[323.941s][info][gc,metaspace] GC(681) Metaspace: 42774K(43136K)->42774K(43136K) NonClass: 39959K(40192K)->39959K(40192K) Class: 2815K(2944K)->2815K(2944K)
[323.941s][info][gc          ] GC(681) Pause Young (Prepare Mixed) (G1 Evacuation Pause) 264M->229M(467M) 51.332ms
[323.941s][info][gc,cpu      ] GC(681) User=0.10s Sys=0.00s Real=0.05s
[324.289s][info][gc,start    ] GC(682) Pause Young (Mixed) (G1 Evacuation Pause)
[324.289s][info][gc,task     ] GC(682) Using 2 workers of 2 for evacuation
[324.357s][info][gc,phases   ] GC(682)   Pre Evacuate Collection Set: 0.31ms
[324.357s][info][gc,phases   ] GC(682)   Merge Heap Roots: 0.55ms
[324.357s][info][gc,phases   ] GC(682)   Evacuate Collection Set: 66.06ms
[324.357s][info][gc,phases   ] GC(682)   Post Evacuate Collection Set: 0.55ms
[324.357s][info][gc,phases   ] GC(682)   Other: 0.09ms
[324.357s][info][gc,heap     ] GC(682) Eden regions: 99->0(92)
[324.357s][info][gc,heap     ] GC(682) Survivor regions: 14->15(15)
[324.357s][info][gc,heap     ] GC(682) Old regions: 212->225
[324.357s][info][gc,heap     ] GC(682) Humongous regions: 5->5
[324.357s][info][gc,metaspace] GC(682) Metaspace: 42774K(43136K)->42774K(43136K) NonClass: 39959K(40192K)->39959K(40192K) Class: 2815K(2944K)->2815K(2944K)
[324.357s][info][gc          ] GC(682) Pause Young (Mixed) (G1 Evacuation Pause) 329M->244M(467M) 67.793ms
[324.357s][info][gc,cpu      ] GC(682) User=0.14s Sys=0.00s Real=0.07s
[324.580s][info][gc,start    ] GC(683) Pause Young (Concurrent Start) (G1 Humongous Allocation)
[324.580s][info][gc,task     ] GC(683) Using 2 workers of 2 for evacuation
[324.623s][info][gc,phases   ] GC(683)   Pre Evacuate Collection Set: 0.27ms
[324.623s][info][gc,phases   ] GC(683)   Merge Heap Roots: 0.30ms
[324.623s][info][gc,phases   ] GC(683)   Evacuate Collection Set: 42.39ms
[324.623s][info][gc,phases   ] GC(683)   Post Evacuate Collection Set: 0.39ms
[324.623s][info][gc,phases   ] GC(683)   Other: 0.11ms
[324.623s][info][gc,heap     ] GC(683) Eden regions: 72->0(75)
[324.623s][info][gc,heap     ] GC(683) Survivor regions: 15->14(14)
[324.623s][info][gc,heap     ] GC(683) Old regions: 225->266
[324.623s][info][gc,heap     ] GC(683) Humongous regions: 5->5
[324.623s][info][gc,metaspace] GC(683) Metaspace: 42774K(43136K)->42774K(43136K) NonClass: 39959K(40192K)->39959K(40192K) Class: 2815K(2944K)->2815K(2944K)
[324.623s][info][gc          ] GC(683) Pause Young (Concurrent Start) (G1 Humongous Allocation) 315M->284M(467M) 43.673ms
[324.623s][info][gc,cpu      ] GC(683) User=0.09s Sys=0.00s Real=0.04s
[324.623s][info][gc          ] GC(684) Concurrent Mark Cycle
[324.623s][info][gc,marking  ] GC(684) Concurrent Scan Root Regions
[324.644s][info][gc,marking  ] GC(684) Concurrent Scan Root Regions 20.296ms
[324.644s][info][gc,marking  ] GC(684) Concurrent Mark
[324.644s][info][gc,marking  ] GC(684) Concurrent Mark From Roots
[324.644s][info][gc,task     ] GC(684) Using 1 workers of 1 for marking
[324.804s][info][gc,marking  ] GC(684) Concurrent Mark From Roots 160.045ms
[324.804s][info][gc,marking  ] GC(684) Concurrent Preclean
[324.804s][info][gc,marking  ] GC(684) Concurrent Preclean 0.052ms
[324.804s][info][gc,start    ] GC(684) Pause Remark
[324.826s][info][gc          ] GC(684) Pause Remark 314M->298M(467M) 22.039ms
[324.826s][info][gc,cpu      ] GC(684) User=0.05s Sys=0.00s Real=0.02s
[324.826s][info][gc,marking  ] GC(684) Concurrent Mark 182.434ms
[324.826s][info][gc,marking  ] GC(684) Concurrent Rebuild Remembered Sets and Scrub Regions
[324.978s][info][gc,marking  ] GC(684) Concurrent Rebuild Remembered Sets and Scrub Regions 151.580ms
[324.978s][info][gc,start    ] GC(684) Pause Cleanup
[324.978s][info][gc          ] GC(684) Pause Cleanup 328M->328M(467M) 0.114ms
[324.978s][info][gc,cpu      ] GC(684) User=0.00s Sys=0.00s Real=0.00s
[324.978s][info][gc,marking  ] GC(684) Concurrent Clear Claimed Marks
[324.978s][info][gc,marking  ] GC(684) Concurrent Clear Claimed Marks 0.044ms
[324.978s][info][gc,marking  ] GC(684) Concurrent Cleanup for Next Mark
[324.979s][info][gc,marking  ] GC(684) Concurrent Cleanup for Next Mark 1.363ms
[324.979s][info][gc          ] GC(684) Concurrent Mark Cycle 356.230ms
[325.026s][info][gc,start    ] GC(685) Pause Young (Prepare Mixed) (G1 Evacuation Pause)
[325.026s][info][gc,task     ] GC(685) Using 2 workers of 2 for evacuation
[325.041s][info][gc,phases   ] GC(685)   Pre Evacuate Collection Set: 0.23ms
[325.041s][info][gc,phases   ] GC(685)   Merge Heap Roots: 0.17ms
[325.041s][info][gc,phases   ] GC(685)   Evacuate Collection Set: 13.97ms
[325.041s][info][gc,phases   ] GC(685)   Post Evacuate Collection Set: 0.37ms
[325.041s][info][gc,phases   ] GC(685)   Other: 0.10ms
[325.041s][info][gc,heap     ] GC(685) Eden regions: 75->0(85)
[325.041s][info][gc,heap     ] GC(685) Survivor regions: 14->12(12)
[325.041s][info][gc,heap     ] GC(685) Old regions: 251->259
[325.041s][info][gc,heap     ] GC(685) Humongous regions: 5->5
[325.041s][info][gc,metaspace] GC(685) Metaspace: 42774K(43136K)->42774K(43136K) NonClass: 39959K(40192K)->39959K(40192K) Class: 2815K(2944K)->2815K(2944K)
[325.041s][info][gc          ] GC(685) Pause Young (Prepare Mixed) (G1 Evacuation Pause) 344M->275M(467M) 15.004ms
[325.041s][info][gc,cpu      ] GC(685) User=0.03s Sys=0.00s Real=0.02s
[325.316s][info][gc,start    ] GC(686) Pause Young (Mixed) (G1 Evacuation Pause)
[325.317s][info][gc,task     ] GC(686) Using 2 workers of 2 for evacuation
[325.329s][info][gc,phases   ] GC(686)   Pre Evacuate Collection Set: 0.27ms
[325.329s][info][gc,phases   ] GC(686)   Merge Heap Roots: 0.19ms
[325.329s][info][gc,phases   ] GC(686)   Evacuate Collection Set: 10.44ms
[325.329s][info][gc,phases   ] GC(686)   Post Evacuate Collection Set: 1.10ms
[325.329s][info][gc,phases   ] GC(686)   Other: 0.07ms
[325.329s][info][gc,heap     ] GC(686) Eden regions: 85->0(159)
[325.329s][info][gc,heap     ] GC(686) Survivor regions: 12->5(13)
[325.329s][info][gc,heap     ] GC(686) Old regions: 259->218
[325.329s][info][gc,heap     ] GC(686) Humongous regions: 5->5
[325.329s][info][gc,metaspace] GC(686) Metaspace: 42774K(43136K)->42774K(43136K) NonClass: 39959K(40192K)->39959K(40192K) Class: 2815K(2944K)->2815K(2944K)
[325.329s][info][gc          ] GC(686) Pause Young (Mixed) (G1 Evacuation Pause) 360M->227M(570M) 12.257ms
[325.329s][info][gc,cpu      ] GC(686) User=0.02s Sys=0.00s Real=0.02s
[325.936s][info][gc,start    ] GC(687) Pause Young (Mixed) (G1 Evacuation Pause)
[325.937s][info][gc,task     ] GC(687) Using 2 workers of 2 for evacuation
[325.965s][info][gc,phases   ] GC(687)   Pre Evacuate Collection Set: 0.46ms
[325.965s][info][gc,phases   ] GC(687)   Merge Heap Roots: 1.03ms
[325.965s][info][gc,phases   ] GC(687)   Evacuate Collection Set: 26.05ms
[325.965s][info][gc,phases   ] GC(687)   Post Evacuate Collection Set: 0.53ms
[325.965s][info][gc,phases   ] GC(687)   Other: 0.08ms
[325.965s][info][gc,heap     ] GC(687) Eden regions: 159->0(193)
[325.965s][info][gc,heap     ] GC(687) Survivor regions: 5->5(21)
[325.965s][info][gc,heap     ] GC(687) Old regions: 218->174
[325.965s][info][gc,heap     ] GC(687) Humongous regions: 6->5
[325.965s][info][gc,metaspace] GC(687) Metaspace: 42774K(43136K)->42774K(43136K) NonClass: 39959K(40192K)->39959K(40192K) Class: 2815K(2944K)->2815K(2944K)
[325.965s][info][gc          ] GC(687) Pause Young (Mixed) (G1 Evacuation Pause) 387M->183M(570M) 28.379ms
[325.965s][info][gc,cpu      ] GC(687) User=0.05s Sys=0.00s Real=0.03s
[326.597s][info][gc,start    ] GC(688) Pause Young (Mixed) (G1 Evacuation Pause)
[326.597s][info][gc,task     ] GC(688) Using 2 workers of 2 for evacuation
[326.610s][info][gc,phases   ] GC(688)   Pre Evacuate Collection Set: 0.25ms
[326.610s][info][gc,phases   ] GC(688)   Merge Heap Roots: 0.36ms
[326.610s][info][gc,phases   ] GC(688)   Evacuate Collection Set: 12.69ms
[326.610s][info][gc,phases   ] GC(688)   Post Evacuate Collection Set: 0.42ms
[326.610s][info][gc,phases   ] GC(688)   Other: 0.07ms
[326.610s][info][gc,heap     ] GC(688) Eden regions: 193->0(211)
[326.610s][info][gc,heap     ] GC(688) Survivor regions: 5->3(25)
[326.610s][info][gc,heap     ] GC(688) Old regions: 174->173
[326.610s][info][gc,heap     ] GC(688) Humongous regions: 6->5
[326.610s][info][gc,metaspace] GC(688) Metaspace: 42774K(43136K)->42774K(43136K) NonClass: 39959K(40192K)->39959K(40192K) Class: 2815K(2944K)->2815K(2944K)
[326.610s][info][gc          ] GC(688) Pause Young (Mixed) (G1 Evacuation Pause) 377M->180M(570M) 13.966ms
[326.610s][info][gc,cpu      ] GC(688) User=0.03s Sys=0.00s Real=0.02s
[327.254s][info][gc,start    ] GC(689) Pause Young (Normal) (G1 Evacuation Pause)
[327.254s][info][gc,task     ] GC(689) Using 2 workers of 2 for evacuation
[327.280s][info][gc,phases   ] GC(689)   Pre Evacuate Collection Set: 0.23ms
[327.280s][info][gc,phases   ] GC(689)   Merge Heap Roots: 0.08ms
[327.280s][info][gc,phases   ] GC(689)   Evacuate Collection Set: 25.48ms
[327.280s][info][gc,phases   ] GC(689)   Post Evacuate Collection Set: 0.55ms
[327.280s][info][gc,phases   ] GC(689)   Other: 0.08ms
[327.280s][info][gc,heap     ] GC(689) Eden regions: 211->0(195)
[327.280s][info][gc,heap     ] GC(689) Survivor regions: 3->27(27)
[327.280s][info][gc,heap     ] GC(689) Old regions: 173->189
[327.280s][info][gc,heap     ] GC(689) Humongous regions: 8->6
[327.280s][info][gc,metaspace] GC(689) Metaspace: 42774K(43136K)->42774K(43136K) NonClass: 39959K(40192K)->39959K(40192K) Class: 2815K(2944K)->2815K(2944K)
[327.280s][info][gc          ] GC(689) Pause Young (Normal) (G1 Evacuation Pause) 394M->221M(570M) 26.625ms
[327.280s][info][gc,cpu      ] GC(689) User=0.05s Sys=0.00s Real=0.03s
[327.526s][info][gc,start    ] GC(690) Pause Young (Concurrent Start) (G1 Humongous Allocation)
[327.526s][info][gc,task     ] GC(690) Using 2 workers of 2 for evacuation
[327.553s][info][gc,phases   ] GC(690)   Pre Evacuate Collection Set: 0.24ms
[327.553s][info][gc,phases   ] GC(690)   Merge Heap Roots: 0.17ms
[327.553s][info][gc,phases   ] GC(690)   Evacuate Collection Set: 26.19ms
[327.553s][info][gc,phases   ] GC(690)   Post Evacuate Collection Set: 0.40ms
[327.554s][info][gc,phases   ] GC(690)   Other: 0.09ms
[327.554s][info][gc,heap     ] GC(690) Eden regions: 82->0(196)
[327.554s][info][gc,heap     ] GC(690) Survivor regions: 27->20(28)
[327.554s][info][gc,heap     ] GC(690) Old regions: 189->208
[327.554s][info][gc,heap     ] GC(690) Humongous regions: 6->6
[327.554s][info][gc,metaspace] GC(690) Metaspace: 42774K(43136K)->42774K(43136K) NonClass: 39959K(40192K)->39959K(40192K) Class: 2815K(2944K)->2815K(2944K)
[327.554s][info][gc          ] GC(690) Pause Young (Concurrent Start) (G1 Humongous Allocation) 302M->233M(570M) 27.315ms
[327.554s][info][gc,cpu      ] GC(690) User=0.05s Sys=0.00s Real=0.03s
[327.554s][info][gc          ] GC(691) Concurrent Mark Cycle
[327.554s][info][gc,marking  ] GC(691) Concurrent Scan Root Regions
[327.573s][info][gc,marking  ] GC(691) Concurrent Scan Root Regions 19.137ms
[327.573s][info][gc,marking  ] GC(691) Concurrent Mark
[327.573s][info][gc,marking  ] GC(691) Concurrent Mark From Roots
[327.573s][info][gc,task     ] GC(691) Using 1 workers of 1 for marking
[327.658s][info][gc,marking  ] GC(691) Concurrent Mark From Roots 85.562ms
[327.658s][info][gc,marking  ] GC(691) Concurrent Preclean
[327.659s][info][gc,marking  ] GC(691) Concurrent Preclean 0.052ms
[327.659s][info][gc,start    ] GC(691) Pause Remark
[327.674s][info][gc          ] GC(691) Pause Remark 260M->179M(514M) 15.189ms
[327.674s][info][gc,cpu      ] GC(691) User=0.03s Sys=0.00s Real=0.01s
[327.674s][info][gc,marking  ] GC(691) Concurrent Mark 101.114ms
[327.674s][info][gc,marking  ] GC(691) Concurrent Rebuild Remembered Sets and Scrub Regions
[327.717s][info][gc,marking  ] GC(691) Concurrent Rebuild Remembered Sets and Scrub Regions 42.515ms
[327.717s][info][gc,start    ] GC(691) Pause Cleanup
[327.717s][info][gc          ] GC(691) Pause Cleanup 191M->191M(514M) 0.062ms
[327.717s][info][gc,cpu      ] GC(691) User=0.00s Sys=0.00s Real=0.00s
[327.717s][info][gc,marking  ] GC(691) Concurrent Clear Claimed Marks
[327.717s][info][gc,marking  ] GC(691) Concurrent Clear Claimed Marks 0.035ms
[327.717s][info][gc,marking  ] GC(691) Concurrent Cleanup for Next Mark
[327.719s][info][gc,marking  ] GC(691) Concurrent Cleanup for Next Mark 2.073ms
[327.719s][info][gc          ] GC(691) Concurrent Mark Cycle 165.253ms
[328.216s][info][gc,start    ] GC(692) Pause Young (Prepare Mixed) (G1 Evacuation Pause)
[328.216s][info][gc,task     ] GC(692) Using 2 workers of 2 for evacuation
[328.236s][info][gc,phases   ] GC(692)   Pre Evacuate Collection Set: 0.25ms
[328.236s][info][gc,phases   ] GC(692)   Merge Heap Roots: 0.15ms
[328.236s][info][gc,phases   ] GC(692)   Evacuate Collection Set: 18.65ms
[328.236s][info][gc,phases   ] GC(692)   Post Evacuate Collection Set: 0.44ms
[328.236s][info][gc,phases   ] GC(692)   Other: 0.08ms
[328.236s][info][gc,heap     ] GC(692) Eden regions: 196->0(213)
[328.236s][info][gc,heap     ] GC(692) Survivor regions: 20->25(27)
[328.236s][info][gc,heap     ] GC(692) Old regions: 129->134
[328.236s][info][gc,heap     ] GC(692) Humongous regions: 7->5
[328.236s][info][gc,metaspace] GC(692) Metaspace: 42774K(43136K)->42774K(43136K) NonClass: 39959K(40192K)->39959K(40192K) Class: 2815K(2944K)->2815K(2944K)
[328.236s][info][gc          ] GC(692) Pause Young (Prepare Mixed) (G1 Evacuation Pause) 351M->163M(514M) 19.791ms
[328.236s][info][gc,cpu      ] GC(692) User=0.04s Sys=0.00s Real=0.02s
[328.843s][info][gc,start    ] GC(693) Pause Young (Mixed) (G1 Evacuation Pause)
[328.843s][info][gc,task     ] GC(693) Using 2 workers of 2 for evacuation
[328.859s][info][gc,phases   ] GC(693)   Pre Evacuate Collection Set: 0.25ms
[328.859s][info][gc,phases   ] GC(693)   Merge Heap Roots: 0.13ms
[328.859s][info][gc,phases   ] GC(693)   Evacuate Collection Set: 14.51ms
[328.859s][info][gc,phases   ] GC(693)   Post Evacuate Collection Set: 0.51ms
[328.859s][info][gc,phases   ] GC(693)   Other: 0.09ms
[328.859s][info][gc,heap     ] GC(693) Eden regions: 213->0(237)
[328.859s][info][gc,heap     ] GC(693) Survivor regions: 25->21(30)
[328.859s][info][gc,heap     ] GC(693) Old regions: 134->110
[328.859s][info][gc,heap     ] GC(693) Humongous regions: 7->4
[328.859s][info][gc,metaspace] GC(693) Metaspace: 42774K(43136K)->42774K(43136K) NonClass: 39959K(40192K)->39959K(40192K) Class: 2815K(2944K)->2815K(2944K)
[328.859s][info][gc          ] GC(693) Pause Young (Mixed) (G1 Evacuation Pause) 378M->134M(514M) 15.729ms
[328.859s][info][gc,cpu      ] GC(693) User=0.03s Sys=0.00s Real=0.02s
[329.454s][info][gc,start    ] GC(694) Pause Young (Concurrent Start) (G1 Humongous Allocation)
[329.454s][info][gc,task     ] GC(694) Using 2 workers of 2 for evacuation
[329.466s][info][gc,phases   ] GC(694)   Pre Evacuate Collection Set: 0.26ms
[329.466s][info][gc,phases   ] GC(694)   Merge Heap Roots: 0.07ms
[329.466s][info][gc,phases   ] GC(694)   Evacuate Collection Set: 10.75ms
[329.466s][info][gc,phases   ] GC(694)   Post Evacuate Collection Set: 0.48ms
[329.466s][info][gc,phases   ] GC(694)   Other: 0.09ms
[329.466s][info][gc,heap     ] GC(694) Eden regions: 205->0(256)
[329.466s][info][gc,heap     ] GC(694) Survivor regions: 21->2(33)
[329.466s][info][gc,heap     ] GC(694) Old regions: 110->130
[329.466s][info][gc,heap     ] GC(694) Humongous regions: 4->4
[329.466s][info][gc,metaspace] GC(694) Metaspace: 42774K(43136K)->42774K(43136K) NonClass: 39959K(40192K)->39959K(40192K) Class: 2815K(2944K)->2815K(2944K)
[329.466s][info][gc          ] GC(694) Pause Young (Concurrent Start) (G1 Humongous Allocation) 338M->135M(514M) 11.832ms
[329.466s][info][gc          ] GC(695) Concurrent Mark Cycle
[329.466s][info][gc,marking  ] GC(695) Concurrent Scan Root Regions
[329.467s][info][gc,cpu      ] GC(694) User=0.02s Sys=0.00s Real=0.02s
[329.473s][info][gc,marking  ] GC(695) Concurrent Scan Root Regions 7.398ms
[329.473s][info][gc,marking  ] GC(695) Concurrent Mark
[329.473s][info][gc,marking  ] GC(695) Concurrent Mark From Roots
[329.473s][info][gc,task     ] GC(695) Using 1 workers of 1 for marking
[329.546s][info][gc,marking  ] GC(695) Concurrent Mark From Roots 72.166ms
[329.546s][info][gc,marking  ] GC(695) Concurrent Preclean
[329.546s][info][gc,marking  ] GC(695) Concurrent Preclean 0.043ms
[329.546s][info][gc,start    ] GC(695) Pause Remark
[329.561s][info][gc          ] GC(695) Pause Remark 161M->135M(370M) 15.497ms
[329.561s][info][gc,cpu      ] GC(695) User=0.03s Sys=0.00s Real=0.02s
[329.561s][info][gc,marking  ] GC(695) Concurrent Mark 87.989ms
[329.561s][info][gc,marking  ] GC(695) Concurrent Rebuild Remembered Sets and Scrub Regions
[329.600s][info][gc,marking  ] GC(695) Concurrent Rebuild Remembered Sets and Scrub Regions 38.398ms
[329.600s][info][gc,start    ] GC(695) Pause Cleanup
[329.600s][info][gc          ] GC(695) Pause Cleanup 149M->149M(370M) 0.044ms
[329.600s][info][gc,cpu      ] GC(695) User=0.00s Sys=0.00s Real=0.00s
[329.600s][info][gc,marking  ] GC(695) Concurrent Clear Claimed Marks
[329.600s][info][gc,marking  ] GC(695) Concurrent Clear Claimed Marks 0.036ms
[329.600s][info][gc,marking  ] GC(695) Concurrent Cleanup for Next Mark
[329.601s][info][gc,marking  ] GC(695) Concurrent Cleanup for Next Mark 1.045ms
[329.601s][info][gc          ] GC(695) Concurrent Mark Cycle 135.169ms
[330.066s][info][gc,start    ] GC(696) Pause Young (Prepare Mixed) (G1 Evacuation Pause)
[330.066s][info][gc,task     ] GC(696) Using 2 workers of 2 for evacuation
[330.070s][info][gc,phases   ] GC(696)   Pre Evacuate Collection Set: 0.18ms
[330.070s][info][gc,phases   ] GC(696)   Merge Heap Roots: 0.07ms
[330.070s][info][gc,phases   ] GC(696)   Evacuate Collection Set: 3.41ms
[330.070s][info][gc,phases   ] GC(696)   Post Evacuate Collection Set: 0.46ms
[330.070s][info][gc,phases   ] GC(696)   Other: 0.07ms
[330.070s][info][gc,heap     ] GC(696) Eden regions: 220->0(187)
[330.070s][info][gc,heap     ] GC(696) Survivor regions: 2->5(28)
[330.070s][info][gc,heap     ] GC(696) Old regions: 105->105
[330.070s][info][gc,heap     ] GC(696) Humongous regions: 4->1
[330.070s][info][gc,metaspace] GC(696) Metaspace: 42774K(43136K)->42774K(43136K) NonClass: 39959K(40192K)->39959K(40192K) Class: 2815K(2944K)->2815K(2944K)
[330.070s][info][gc          ] GC(696) Pause Young (Prepare Mixed) (G1 Evacuation Pause) 330M->110M(370M) 4.359ms
[330.070s][info][gc,cpu      ] GC(696) User=0.01s Sys=0.00s Real=0.01s
[330.370s][info][gc,start    ] GC(697) Pause Young (Mixed) (G1 Evacuation Pause)
[330.370s][info][gc,task     ] GC(697) Using 2 workers of 2 for evacuation
[330.378s][info][gc,phases   ] GC(697)   Pre Evacuate Collection Set: 0.19ms
[330.378s][info][gc,phases   ] GC(697)   Merge Heap Roots: 0.18ms
[330.378s][info][gc,phases   ] GC(697)   Evacuate Collection Set: 7.16ms
[330.378s][info][gc,phases   ] GC(697)   Post Evacuate Collection Set: 0.46ms
[330.378s][info][gc,phases   ] GC(697)   Other: 0.07ms
[330.378s][info][gc,heap     ] GC(697) Eden regions: 187->0(210)
[330.378s][info][gc,heap     ] GC(697) Survivor regions: 5->4(24)
[330.378s][info][gc,heap     ] GC(697) Old regions: 105->90
[330.378s][info][gc,heap     ] GC(697) Humongous regions: 1->1
[330.378s][info][gc,metaspace] GC(697) Metaspace: 42774K(43136K)->42774K(43136K) NonClass: 39959K(40192K)->39959K(40192K) Class: 2815K(2944K)->2815K(2944K)
[330.379s][info][gc          ] GC(697) Pause Young (Mixed) (G1 Evacuation Pause) 297M->94M(370M) 8.259ms
[330.379s][info][gc,cpu      ] GC(697) User=0.01s Sys=0.00s Real=0.01s
[330.681s][info][gc,start    ] GC(698) Pause Young (Concurrent Start) (G1 Humongous Allocation)
[330.681s][info][gc,task     ] GC(698) Using 2 workers of 2 for evacuation
[330.684s][info][gc,phases   ] GC(698)   Pre Evacuate Collection Set: 0.18ms
[330.684s][info][gc,phases   ] GC(698)   Merge Heap Roots: 0.06ms
[330.684s][info][gc,phases   ] GC(698)   Evacuate Collection Set: 2.52ms
[330.684s][info][gc,phases   ] GC(698)   Post Evacuate Collection Set: 0.42ms
[330.684s][info][gc,phases   ] GC(698)   Other: 0.11ms
[330.684s][info][gc,heap     ] GC(698) Eden regions: 198->0(218)
[330.684s][info][gc,heap     ] GC(698) Survivor regions: 4->4(27)
[330.684s][info][gc,heap     ] GC(698) Old regions: 90->90
[330.684s][info][gc,heap     ] GC(698) Humongous regions: 1->1
[330.684s][info][gc,metaspace] GC(698) Metaspace: 42774K(43136K)->42774K(43136K) NonClass: 39959K(40192K)->39959K(40192K) Class: 2815K(2944K)->2815K(2944K)
[330.684s][info][gc          ] GC(698) Pause Young (Concurrent Start) (G1 Humongous Allocation) 292M->94M(370M) 3.466ms
[330.684s][info][gc,cpu      ] GC(698) User=0.00s Sys=0.00s Real=0.00s
[330.684s][info][gc          ] GC(699) Concurrent Mark Cycle
[330.685s][info][gc,marking  ] GC(699) Concurrent Scan Root Regions
[330.686s][info][gc,marking  ] GC(699) Concurrent Scan Root Regions 1.744ms
[330.686s][info][gc,marking  ] GC(699) Concurrent Mark
[330.686s][info][gc,marking  ] GC(699) Concurrent Mark From Roots
[330.686s][info][gc,task     ] GC(699) Using 1 workers of 1 for marking
[330.779s][info][gc,marking  ] GC(699) Concurrent Mark From Roots 92.792ms
[330.779s][info][gc,marking  ] GC(699) Concurrent Preclean
[330.779s][info][gc,marking  ] GC(699) Concurrent Preclean 0.043ms
[330.779s][info][gc,start    ] GC(699) Pause Remark
[330.795s][info][gc          ] GC(699) Pause Remark 124M->113M(287M) 15.334ms
[330.795s][info][gc,cpu      ] GC(699) User=0.03s Sys=0.00s Real=0.01s
[330.795s][info][gc,marking  ] GC(699) Concurrent Mark 108.393ms
[330.795s][info][gc,marking  ] GC(699) Concurrent Rebuild Remembered Sets and Scrub Regions
[330.849s][info][gc,marking  ] GC(699) Concurrent Rebuild Remembered Sets and Scrub Regions 54.075ms
[330.849s][info][gc,start    ] GC(699) Pause Cleanup
[330.849s][info][gc          ] GC(699) Pause Cleanup 128M->128M(287M) 0.053ms
[330.849s][info][gc,cpu      ] GC(699) User=0.00s Sys=0.00s Real=0.00s
[330.851s][info][gc,marking  ] GC(699) Concurrent Clear Claimed Marks
[330.851s][info][gc,marking  ] GC(699) Concurrent Clear Claimed Marks 0.051ms
[330.851s][info][gc,marking  ] GC(699) Concurrent Cleanup for Next Mark
[330.852s][info][gc,marking  ] GC(699) Concurrent Cleanup for Next Mark 0.828ms
[330.852s][info][gc          ] GC(699) Concurrent Mark Cycle 167.202ms
[331.206s][info][gc,start    ] GC(700) Pause Young (Prepare Mixed) (G1 Evacuation Pause)
[331.206s][info][gc,task     ] GC(700) Using 2 workers of 2 for evacuation
[331.217s][info][gc,phases   ] GC(700)   Pre Evacuate Collection Set: 0.24ms
[331.217s][info][gc,phases   ] GC(700)   Merge Heap Roots: 0.07ms
[331.218s][info][gc,phases   ] GC(700)   Evacuate Collection Set: 10.36ms
[331.218s][info][gc,phases   ] GC(700)   Post Evacuate Collection Set: 0.70ms
[331.218s][info][gc,phases   ] GC(700)   Other: 0.07ms
[331.218s][info][gc,heap     ] GC(700) Eden regions: 79->0(232)
[331.218s][info][gc,heap     ] GC(700) Survivor regions: 4->9(28)
[331.218s][info][gc,heap     ] GC(700) Old regions: 79->79
[331.218s][info][gc,heap     ] GC(700) Humongous regions: 231->3
[331.218s][info][gc,metaspace] GC(700) Metaspace: 42774K(43136K)->42774K(43136K) NonClass: 39959K(40192K)->39959K(40192K) Class: 2815K(2944K)->2815K(2944K)
[331.218s][info][gc          ] GC(700) Pause Young (Prepare Mixed) (G1 Evacuation Pause) 392M->90M(402M) 11.664ms
[331.218s][info][gc,cpu      ] GC(700) User=0.02s Sys=0.01s Real=0.02s
[331.801s][info][gc,start    ] GC(701) Pause Young (Mixed) (G1 Evacuation Pause)
[331.801s][info][gc,task     ] GC(701) Using 2 workers of 2 for evacuation
[331.831s][info][gc,phases   ] GC(701)   Pre Evacuate Collection Set: 0.46ms
[331.831s][info][gc,phases   ] GC(701)   Merge Heap Roots: 0.41ms
[331.831s][info][gc,phases   ] GC(701)   Evacuate Collection Set: 27.84ms
[331.831s][info][gc,phases   ] GC(701)   Post Evacuate Collection Set: 1.04ms
[331.831s][info][gc,phases   ] GC(701)   Other: 0.08ms
[331.831s][info][gc,heap     ] GC(701) Eden regions: 61->0(315)
[331.831s][info][gc,heap     ] GC(701) Survivor regions: 9->13(33)
[331.831s][info][gc,heap     ] GC(701) Old regions: 79->60
[331.831s][info][gc,heap     ] GC(701) Humongous regions: 379->3
[331.831s][info][gc,metaspace] GC(701) Metaspace: 42774K(43136K)->42774K(43136K) NonClass: 39959K(40192K)->39959K(40192K) Class: 2815K(2944K)->2815K(2944K)
[331.831s][info][gc          ] GC(701) Pause Young (Mixed) (G1 Evacuation Pause) 527M->74M(547M) 30.049ms
[331.831s][info][gc,cpu      ] GC(701) User=0.04s Sys=0.01s Real=0.03s
[331.899s][info][gc,start    ] GC(702) Pause Young (Concurrent Start) (G1 Humongous Allocation)
[331.899s][info][gc,task     ] GC(702) Using 2 workers of 2 for evacuation
[331.910s][info][gc,phases   ] GC(702)   Pre Evacuate Collection Set: 0.25ms
[331.910s][info][gc,phases   ] GC(702)   Merge Heap Roots: 0.05ms
[331.910s][info][gc,phases   ] GC(702)   Evacuate Collection Set: 9.74ms
[331.910s][info][gc,phases   ] GC(702)   Post Evacuate Collection Set: 0.62ms
[331.910s][info][gc,phases   ] GC(702)   Other: 0.12ms
[331.910s][info][gc,heap     ] GC(702) Eden regions: 8->0(315)
[331.910s][info][gc,heap     ] GC(702) Survivor regions: 13->13(41)
[331.910s][info][gc,heap     ] GC(702) Old regions: 60->60
[331.910s][info][gc,heap     ] GC(702) Humongous regions: 57->1
[331.910s][info][gc,metaspace] GC(702) Metaspace: 42774K(43136K)->42774K(43136K) NonClass: 39959K(40192K)->39959K(40192K) Class: 2815K(2944K)->2815K(2944K)
[331.910s][info][gc          ] GC(702) Pause Young (Concurrent Start) (G1 Humongous Allocation) 136M->72M(547M) 10.967ms
[331.910s][info][gc,cpu      ] GC(702) User=0.02s Sys=0.00s Real=0.01s
[331.910s][info][gc          ] GC(703) Concurrent Undo Cycle
[331.910s][info][gc,marking  ] GC(703) Concurrent Clear Claimed Marks
[331.910s][info][gc,marking  ] GC(703) Concurrent Clear Claimed Marks 0.037ms
[331.910s][info][gc,marking  ] GC(703) Concurrent Cleanup for Next Mark
[331.910s][info][gc,marking  ] GC(703) Concurrent Cleanup for Next Mark 0.239ms
[331.910s][info][gc          ] GC(703) Concurrent Undo Cycle 0.366ms
[331.913s][info][gc,start    ] GC(704) Pause Young (Concurrent Start) (G1 Humongous Allocation)
[331.913s][info][gc,task     ] GC(704) Using 2 workers of 2 for evacuation
[331.924s][info][gc,phases   ] GC(704)   Pre Evacuate Collection Set: 0.21ms
[331.924s][info][gc,phases   ] GC(704)   Merge Heap Roots: 0.05ms
[331.924s][info][gc,phases   ] GC(704)   Evacuate Collection Set: 9.74ms
[331.924s][info][gc,phases   ] GC(704)   Post Evacuate Collection Set: 0.37ms
[331.924s][info][gc,phases   ] GC(704)   Other: 0.08ms
[331.924s][info][gc,heap     ] GC(704) Eden regions: 1->0(315)
[331.924s][info][gc,heap     ] GC(704) Survivor regions: 13->13(41)
[331.924s][info][gc,heap     ] GC(704) Old regions: 60->60
[331.924s][info][gc,heap     ] GC(704) Humongous regions: 3->1
[331.924s][info][gc,metaspace] GC(704) Metaspace: 42774K(43136K)->42774K(43136K) NonClass: 39959K(40192K)->39959K(40192K) Class: 2815K(2944K)->2815K(2944K)
[331.924s][info][gc          ] GC(704) Pause Young (Concurrent Start) (G1 Humongous Allocation) 75M->72M(547M) 10.606ms
[331.924s][info][gc,cpu      ] GC(704) User=0.02s Sys=0.00s Real=0.01s
[331.924s][info][gc          ] GC(705) Concurrent Mark Cycle
[331.924s][info][gc,marking  ] GC(705) Concurrent Scan Root Regions
[331.931s][info][gc,marking  ] GC(705) Concurrent Scan Root Regions 6.912ms
[331.931s][info][gc,marking  ] GC(705) Concurrent Mark
[331.931s][info][gc,marking  ] GC(705) Concurrent Mark From Roots
[331.931s][info][gc,task     ] GC(705) Using 1 workers of 1 for marking
[331.998s][info][gc,marking  ] GC(705) Concurrent Mark From Roots 67.473ms
[331.998s][info][gc,marking  ] GC(705) Concurrent Preclean
[331.999s][info][gc,marking  ] GC(705) Concurrent Preclean 0.048ms
[331.999s][info][gc,start    ] GC(705) Pause Remark
[332.015s][info][gc          ] GC(705) Pause Remark 141M->141M(447M) 16.090ms
[332.015s][info][gc,cpu      ] GC(705) User=0.03s Sys=0.00s Real=0.01s
[332.015s][info][gc,marking  ] GC(705) Concurrent Mark 84.121ms
[332.015s][info][gc,marking  ] GC(705) Concurrent Rebuild Remembered Sets and Scrub Regions
[332.044s][info][gc,marking  ] GC(705) Concurrent Rebuild Remembered Sets and Scrub Regions 29.006ms
[332.044s][info][gc,start    ] GC(705) Pause Cleanup
[332.044s][info][gc          ] GC(705) Pause Cleanup 158M->158M(447M) 0.061ms
[332.044s][info][gc,cpu      ] GC(705) User=0.00s Sys=0.00s Real=0.00s
[332.044s][info][gc,marking  ] GC(705) Concurrent Clear Claimed Marks
[332.044s][info][gc,marking  ] GC(705) Concurrent Clear Claimed Marks 0.039ms
[332.044s][info][gc,marking  ] GC(705) Concurrent Cleanup for Next Mark
[332.047s][info][gc,marking  ] GC(705) Concurrent Cleanup for Next Mark 2.652ms
[332.047s][info][gc          ] GC(705) Concurrent Mark Cycle 123.036ms
[332.598s][info][gc,start    ] GC(706) Pause Young (Prepare Mixed) (G1 Evacuation Pause)
[332.598s][info][gc,task     ] GC(706) Using 2 workers of 2 for evacuation
[332.632s][info][gc,phases   ] GC(706)   Pre Evacuate Collection Set: 0.28ms
[332.632s][info][gc,phases   ] GC(706)   Merge Heap Roots: 0.08ms
[332.632s][info][gc,phases   ] GC(706)   Evacuate Collection Set: 32.25ms
[332.632s][info][gc,phases   ] GC(706)   Post Evacuate Collection Set: 0.90ms
[332.632s][info][gc,phases   ] GC(706)   Other: 0.08ms
[332.632s][info][gc,heap     ] GC(706) Eden regions: 79->0(320)
[332.632s][info][gc,heap     ] GC(706) Survivor regions: 13->26(40)
[332.632s][info][gc,heap     ] GC(706) Old regions: 60->60
[332.632s][info][gc,heap     ] GC(706) Humongous regions: 399->3
[332.632s][info][gc,metaspace] GC(706) Metaspace: 42774K(43136K)->42774K(43136K) NonClass: 39959K(40192K)->39959K(40192K) Class: 2815K(2944K)->2815K(2944K)
[332.632s][info][gc          ] GC(706) Pause Young (Prepare Mixed) (G1 Evacuation Pause) 549M->87M(577M) 33.789ms
[332.632s][info][gc,cpu      ] GC(706) User=0.05s Sys=0.02s Real=0.03s
[333.411s][info][gc,start    ] GC(707) Pause Young (Mixed) (G1 Evacuation Pause)
[333.411s][info][gc,task     ] GC(707) Using 2 workers of 2 for evacuation
[333.429s][info][gc,phases   ] GC(707)   Pre Evacuate Collection Set: 0.28ms
[333.429s][info][gc,phases   ] GC(707)   Merge Heap Roots: 0.15ms
[333.429s][info][gc,phases   ] GC(707)   Evacuate Collection Set: 17.22ms
[333.429s][info][gc,phases   ] GC(707)   Post Evacuate Collection Set: 0.80ms
[333.429s][info][gc,phases   ] GC(707)   Other: 0.07ms
[333.429s][info][gc,heap     ] GC(707) Eden regions: 176->0(347)
[333.429s][info][gc,heap     ] GC(707) Survivor regions: 26->7(44)
[333.429s][info][gc,heap     ] GC(707) Old regions: 60->60
[333.429s][info][gc,heap     ] GC(707) Humongous regions: 315->1
[333.429s][info][gc,metaspace] GC(707) Metaspace: 42774K(43136K)->42774K(43136K) NonClass: 39959K(40192K)->39959K(40192K) Class: 2815K(2944K)->2815K(2944K)
[333.429s][info][gc          ] GC(707) Pause Young (Mixed) (G1 Evacuation Pause) 575M->66M(590M) 18.737ms
[333.429s][info][gc,cpu      ] GC(707) User=0.03s Sys=0.01s Real=0.02s
[333.441s][info][gc,start    ] GC(708) Pause Young (Concurrent Start) (G1 Humongous Allocation)
[333.441s][info][gc,task     ] GC(708) Using 2 workers of 2 for evacuation
[333.446s][info][gc,phases   ] GC(708)   Pre Evacuate Collection Set: 0.22ms
[333.446s][info][gc,phases   ] GC(708)   Merge Heap Roots: 0.04ms
[333.446s][info][gc,phases   ] GC(708)   Evacuate Collection Set: 4.39ms
[333.446s][info][gc,phases   ] GC(708)   Post Evacuate Collection Set: 0.44ms
[333.446s][info][gc,phases   ] GC(708)   Other: 0.07ms
[333.446s][info][gc,heap     ] GC(708) Eden regions: 3->0(346)
[333.446s][info][gc,heap     ] GC(708) Survivor regions: 7->8(45)
[333.446s][info][gc,heap     ] GC(708) Old regions: 60->60
[333.446s][info][gc,heap     ] GC(708) Humongous regions: 7->1
[333.446s][info][gc,metaspace] GC(708) Metaspace: 42774K(43136K)->42774K(43136K) NonClass: 39959K(40192K)->39959K(40192K) Class: 2815K(2944K)->2815K(2944K)
[333.446s][info][gc          ] GC(708) Pause Young (Concurrent Start) (G1 Humongous Allocation) 75M->67M(590M) 5.331ms
[333.446s][info][gc,cpu      ] GC(708) User=0.01s Sys=0.00s Real=0.00s
[333.446s][info][gc          ] GC(709) Concurrent Undo Cycle
[333.446s][info][gc,marking  ] GC(709) Concurrent Clear Claimed Marks
[333.446s][info][gc,marking  ] GC(709) Concurrent Clear Claimed Marks 0.034ms
[333.446s][info][gc,marking  ] GC(709) Concurrent Cleanup for Next Mark
[333.447s][info][gc,marking  ] GC(709) Concurrent Cleanup for Next Mark 0.218ms
[333.447s][info][gc          ] GC(709) Concurrent Undo Cycle 0.329ms
[333.513s][info][gc,start    ] GC(710) Pause Young (Concurrent Start) (G1 Humongous Allocation)
[333.513s][info][gc,task     ] GC(710) Using 2 workers of 2 for evacuation
[333.518s][info][gc,phases   ] GC(710)   Pre Evacuate Collection Set: 0.23ms
[333.518s][info][gc,phases   ] GC(710)   Merge Heap Roots: 0.07ms
[333.518s][info][gc,phases   ] GC(710)   Evacuate Collection Set: 4.35ms
[333.518s][info][gc,phases   ] GC(710)   Post Evacuate Collection Set: 0.36ms
[333.518s][info][gc,phases   ] GC(710)   Other: 0.11ms
[333.519s][info][gc,heap     ] GC(710) Eden regions: 29->0(347)
[333.519s][info][gc,heap     ] GC(710) Survivor regions: 8->7(45)
[333.519s][info][gc,heap     ] GC(710) Old regions: 60->60
[333.519s][info][gc,heap     ] GC(710) Humongous regions: 3->1
[333.519s][info][gc,metaspace] GC(710) Metaspace: 42777K(43136K)->42777K(43136K) NonClass: 39962K(40192K)->39962K(40192K) Class: 2815K(2944K)->2815K(2944K)
[333.519s][info][gc          ] GC(710) Pause Young (Concurrent Start) (G1 Humongous Allocation) 98M->67M(590M) 5.273ms
[333.519s][info][gc,cpu      ] GC(710) User=0.01s Sys=0.00s Real=0.01s
[333.519s][info][gc          ] GC(711) Concurrent Undo Cycle
[333.519s][info][gc,marking  ] GC(711) Concurrent Clear Claimed Marks
[333.519s][info][gc,marking  ] GC(711) Concurrent Clear Claimed Marks 0.034ms
[333.519s][info][gc,marking  ] GC(711) Concurrent Cleanup for Next Mark
[333.519s][info][gc,marking  ] GC(711) Concurrent Cleanup for Next Mark 0.198ms
[333.519s][info][gc          ] GC(711) Concurrent Undo Cycle 0.308ms
[334.274s][info][gc,start    ] GC(712) Pause Young (Normal) (G1 Evacuation Pause)
[334.274s][info][gc,task     ] GC(712) Using 2 workers of 2 for evacuation
[334.282s][info][gc,phases   ] GC(712)   Pre Evacuate Collection Set: 0.23ms
[334.282s][info][gc,phases   ] GC(712)   Merge Heap Roots: 0.10ms
[334.282s][info][gc,phases   ] GC(712)   Evacuate Collection Set: 6.43ms
[334.282s][info][gc,phases   ] GC(712)   Post Evacuate Collection Set: 0.60ms
[334.282s][info][gc,phases   ] GC(712)   Other: 0.08ms
[334.282s][info][gc,heap     ] GC(712) Eden regions: 347->0(344)
[334.282s][info][gc,heap     ] GC(712) Survivor regions: 7->10(45)
[334.282s][info][gc,heap     ] GC(712) Old regions: 60->60
[334.282s][info][gc,heap     ] GC(712) Humongous regions: 5->1
[334.282s][info][gc,metaspace] GC(712) Metaspace: 42817K(43200K)->42817K(43200K) NonClass: 40002K(40256K)->40002K(40256K) Class: 2815K(2944K)->2815K(2944K)
[334.282s][info][gc          ] GC(712) Pause Young (Normal) (G1 Evacuation Pause) 418M->69M(590M) 7.634ms
[334.282s][info][gc,cpu      ] GC(712) User=0.01s Sys=0.00s Real=0.01s
[334.990s][info][gc,start    ] GC(713) Pause Young (Normal) (G1 Evacuation Pause)
[334.990s][info][gc,task     ] GC(713) Using 2 workers of 2 for evacuation
[334.997s][info][gc,phases   ] GC(713)   Pre Evacuate Collection Set: 0.23ms
[334.997s][info][gc,phases   ] GC(713)   Merge Heap Roots: 0.10ms
[334.997s][info][gc,phases   ] GC(713)   Evacuate Collection Set: 6.28ms
[334.997s][info][gc,phases   ] GC(713)   Post Evacuate Collection Set: 0.54ms
[334.997s][info][gc,phases   ] GC(713)   Other: 0.08ms
[334.997s][info][gc,heap     ] GC(713) Eden regions: 344->0(344)
[334.997s][info][gc,heap     ] GC(713) Survivor regions: 10->10(45)
[334.997s][info][gc,heap     ] GC(713) Old regions: 60->60
[334.997s][info][gc,heap     ] GC(713) Humongous regions: 1->1
[334.997s][info][gc,metaspace] GC(713) Metaspace: 42832K(43200K)->42832K(43200K) NonClass: 40017K(40256K)->40017K(40256K) Class: 2815K(2944K)->2815K(2944K)
[334.997s][info][gc          ] GC(713) Pause Young (Normal) (G1 Evacuation Pause) 413M->70M(590M) 7.396ms
[334.997s][info][gc,cpu      ] GC(713) User=0.01s Sys=0.00s Real=0.01s
[335.743s][info][gc,start    ] GC(714) Pause Young (Normal) (G1 Evacuation Pause)
[335.744s][info][gc,task     ] GC(714) Using 2 workers of 2 for evacuation
[335.752s][info][gc,phases   ] GC(714)   Pre Evacuate Collection Set: 0.27ms
[335.752s][info][gc,phases   ] GC(714)   Merge Heap Roots: 0.09ms
[335.752s][info][gc,phases   ] GC(714)   Evacuate Collection Set: 7.19ms
[335.752s][info][gc,phases   ] GC(714)   Post Evacuate Collection Set: 0.78ms
[335.752s][info][gc,phases   ] GC(714)   Other: 0.09ms
[335.752s][info][gc,heap     ] GC(714) Eden regions: 344->0(342)
[335.752s][info][gc,heap     ] GC(714) Survivor regions: 10->12(45)
[335.752s][info][gc,heap     ] GC(714) Old regions: 60->60
[335.752s][info][gc,heap     ] GC(714) Humongous regions: 1->1
[335.752s][info][gc,metaspace] GC(714) Metaspace: 42836K(43200K)->42836K(43200K) NonClass: 40021K(40256K)->40021K(40256K) Class: 2815K(2944K)->2815K(2944K)
[335.752s][info][gc          ] GC(714) Pause Young (Normal) (G1 Evacuation Pause) 414M->72M(590M) 8.635ms
[335.752s][info][gc,cpu      ] GC(714) User=0.02s Sys=0.00s Real=0.01s
[337.218s][info][gc,start    ] GC(715) Pause Young (Normal) (G1 Evacuation Pause)
[337.218s][info][gc,task     ] GC(715) Using 2 workers of 2 for evacuation
[337.234s][info][gc,phases   ] GC(715)   Pre Evacuate Collection Set: 0.23ms
[337.234s][info][gc,phases   ] GC(715)   Merge Heap Roots: 0.10ms
[337.234s][info][gc,phases   ] GC(715)   Evacuate Collection Set: 12.10ms
[337.234s][info][gc,phases   ] GC(715)   Post Evacuate Collection Set: 3.59ms
[337.234s][info][gc,phases   ] GC(715)   Other: 0.09ms
[337.234s][info][gc,heap     ] GC(715) Eden regions: 342->0(344)
[337.234s][info][gc,heap     ] GC(715) Survivor regions: 12->10(45)
[337.234s][info][gc,heap     ] GC(715) Old regions: 60->60
[337.234s][info][gc,heap     ] GC(715) Humongous regions: 11->1
[337.235s][info][gc,metaspace] GC(715) Metaspace: 42869K(43200K)->42869K(43200K) NonClass: 40054K(40256K)->40054K(40256K) Class: 2815K(2944K)->2815K(2944K)
[337.235s][info][gc          ] GC(715) Pause Young (Normal) (G1 Evacuation Pause) 424M->69M(590M) 16.284ms
[337.235s][info][gc,cpu      ] GC(715) User=0.03s Sys=0.00s Real=0.01s
[338.221s][info][gc,start    ] GC(716) Pause Young (Normal) (G1 Evacuation Pause)
[338.221s][info][gc,task     ] GC(716) Using 2 workers of 2 for evacuation
[338.272s][info][gc,phases   ] GC(716)   Pre Evacuate Collection Set: 0.26ms
[338.272s][info][gc,phases   ] GC(716)   Merge Heap Roots: 0.14ms
[338.272s][info][gc,phases   ] GC(716)   Evacuate Collection Set: 48.98ms
[338.272s][info][gc,phases   ] GC(716)   Post Evacuate Collection Set: 0.64ms
[338.272s][info][gc,phases   ] GC(716)   Other: 0.08ms
[338.272s][info][gc,heap     ] GC(716) Eden regions: 344->0(309)
[338.272s][info][gc,heap     ] GC(716) Survivor regions: 10->45(45)
[338.272s][info][gc,heap     ] GC(716) Old regions: 60->61
[338.272s][info][gc,heap     ] GC(716) Humongous regions: 6->6
[338.272s][info][gc,metaspace] GC(716) Metaspace: 42871K(43200K)->42871K(43200K) NonClass: 40056K(40256K)->40056K(40256K) Class: 2815K(2944K)->2815K(2944K)
[338.272s][info][gc          ] GC(716) Pause Young (Normal) (G1 Evacuation Pause) 418M->111M(590M) 50.360ms
[338.272s][info][gc,cpu      ] GC(716) User=0.10s Sys=0.00s Real=0.05s
[338.931s][info][gc,start    ] GC(717) Pause Young (Normal) (G1 Evacuation Pause)
[338.931s][info][gc,task     ] GC(717) Using 2 workers of 2 for evacuation
[339.020s][info][gc,phases   ] GC(717)   Pre Evacuate Collection Set: 0.24ms
[339.020s][info][gc,phases   ] GC(717)   Merge Heap Roots: 0.28ms
[339.020s][info][gc,phases   ] GC(717)   Evacuate Collection Set: 87.60ms
[339.020s][info][gc,phases   ] GC(717)   Post Evacuate Collection Set: 0.64ms
[339.020s][info][gc,phases   ] GC(717)   Other: 0.11ms
[339.020s][info][gc,heap     ] GC(717) Eden regions: 309->0(322)
[339.020s][info][gc,heap     ] GC(717) Survivor regions: 45->32(45)
[339.020s][info][gc,heap     ] GC(717) Old regions: 61->106
[339.020s][info][gc,heap     ] GC(717) Humongous regions: 10->10
[339.020s][info][gc,metaspace] GC(717) Metaspace: 42871K(43200K)->42871K(43200K) NonClass: 40056K(40256K)->40056K(40256K) Class: 2815K(2944K)->2815K(2944K)
[339.020s][info][gc          ] GC(717) Pause Young (Normal) (G1 Evacuation Pause) 424M->147M(590M) 89.063ms
[339.020s][info][gc,cpu      ] GC(717) User=0.17s Sys=0.00s Real=0.09s
[339.140s][info][gc,start    ] GC(718) Pause Young (Concurrent Start) (G1 Humongous Allocation)
[339.140s][info][gc,task     ] GC(718) Using 2 workers of 2 for evacuation
[339.185s][info][gc,phases   ] GC(718)   Pre Evacuate Collection Set: 0.26ms
[339.185s][info][gc,phases   ] GC(718)   Merge Heap Roots: 0.11ms
[339.185s][info][gc,phases   ] GC(718)   Evacuate Collection Set: 44.21ms
[339.185s][info][gc,phases   ] GC(718)   Post Evacuate Collection Set: 0.41ms
[339.185s][info][gc,phases   ] GC(718)   Other: 0.12ms
[339.185s][info][gc,heap     ] GC(718) Eden regions: 67->0(343)
[339.185s][info][gc,heap     ] GC(718) Survivor regions: 32->11(45)
[339.185s][info][gc,heap     ] GC(718) Old regions: 106->138
[339.185s][info][gc,heap     ] GC(718) Humongous regions: 10->10
[339.185s][info][gc,metaspace] GC(718) Metaspace: 42871K(43200K)->42871K(43200K) NonClass: 40056K(40256K)->40056K(40256K) Class: 2815K(2944K)->2815K(2944K)
[339.185s][info][gc          ] GC(718) Pause Young (Concurrent Start) (G1 Humongous Allocation) 213M->157M(590M) 45.287ms
[339.185s][info][gc,cpu      ] GC(718) User=0.09s Sys=0.00s Real=0.04s
[339.185s][info][gc          ] GC(719) Concurrent Mark Cycle
[339.185s][info][gc,marking  ] GC(719) Concurrent Scan Root Regions
[339.255s][info][gc,marking  ] GC(719) Concurrent Scan Root Regions 70.025ms
[339.255s][info][gc,marking  ] GC(719) Concurrent Mark
[339.255s][info][gc,marking  ] GC(719) Concurrent Mark From Roots
[339.255s][info][gc,task     ] GC(719) Using 1 workers of 1 for marking
[339.481s][info][gc,marking  ] GC(719) Concurrent Mark From Roots 226.290ms
[339.481s][info][gc,marking  ] GC(719) Concurrent Preclean
[339.482s][info][gc,marking  ] GC(719) Concurrent Preclean 0.195ms
[339.485s][info][gc,start    ] GC(719) Pause Remark
[339.515s][info][gc          ] GC(719) Pause Remark 243M->236M(510M) 29.823ms
[339.515s][info][gc,cpu      ] GC(719) User=0.04s Sys=0.00s Real=0.03s
[339.519s][info][gc,marking  ] GC(719) Concurrent Mark 263.720ms
[339.519s][info][gc,marking  ] GC(719) Concurrent Rebuild Remembered Sets and Scrub Regions
[339.589s][info][gc,marking  ] GC(719) Concurrent Rebuild Remembered Sets and Scrub Regions 69.989ms
[339.589s][info][gc,start    ] GC(719) Pause Cleanup
[339.589s][info][gc          ] GC(719) Pause Cleanup 239M->239M(510M) 0.062ms
[339.589s][info][gc,cpu      ] GC(719) User=0.00s Sys=0.00s Real=0.00s
[339.591s][info][gc,marking  ] GC(719) Concurrent Clear Claimed Marks
[339.591s][info][gc,marking  ] GC(719) Concurrent Clear Claimed Marks 0.057ms
[339.591s][info][gc,marking  ] GC(719) Concurrent Cleanup for Next Mark
[339.597s][info][gc,marking  ] GC(719) Concurrent Cleanup for Next Mark 5.854ms
[339.597s][info][gc          ] GC(719) Concurrent Mark Cycle 411.754ms
[342.926s][info][gc,start    ] GC(720) Pause Young (Prepare Mixed) (G1 Evacuation Pause)
[342.926s][info][gc,task     ] GC(720) Using 2 workers of 2 for evacuation
[342.967s][info][gc,phases   ] GC(720)   Pre Evacuate Collection Set: 0.29ms
[342.967s][info][gc,phases   ] GC(720)   Merge Heap Roots: 0.21ms
[342.967s][info][gc,phases   ] GC(720)   Evacuate Collection Set: 39.57ms
[342.967s][info][gc,phases   ] GC(720)   Post Evacuate Collection Set: 0.59ms
[342.967s][info][gc,phases   ] GC(720)   Other: 0.08ms
[342.967s][info][gc,heap     ] GC(720) Eden regions: 295->0(266)
[342.967s][info][gc,heap     ] GC(720) Survivor regions: 11->29(39)
[342.967s][info][gc,heap     ] GC(720) Old regions: 134->134
[342.967s][info][gc,heap     ] GC(720) Humongous regions: 18->13
[342.967s][info][gc,metaspace] GC(720) Metaspace: 42888K(43264K)->42888K(43264K) NonClass: 40073K(40320K)->40073K(40320K) Class: 2815K(2944K)->2815K(2944K)
[342.967s][info][gc          ] GC(720) Pause Young (Prepare Mixed) (G1 Evacuation Pause) 456M->175M(510M) 40.943ms
[342.967s][info][gc,cpu      ] GC(720) User=0.08s Sys=0.00s Real=0.05s
[343.855s][info][gc,start    ] GC(721) Pause Young (Mixed) (G1 Evacuation Pause)
[343.855s][info][gc,task     ] GC(721) Using 2 workers of 2 for evacuation
[343.892s][info][gc,phases   ] GC(721)   Pre Evacuate Collection Set: 0.21ms
[343.892s][info][gc,phases   ] GC(721)   Merge Heap Roots: 0.17ms
[343.892s][info][gc,phases   ] GC(721)   Evacuate Collection Set: 36.34ms
[343.892s][info][gc,phases   ] GC(721)   Post Evacuate Collection Set: 0.56ms
[343.892s][info][gc,phases   ] GC(721)   Other: 0.07ms
[343.892s][info][gc,heap     ] GC(721) Eden regions: 266->0(276)
[343.892s][info][gc,heap     ] GC(721) Survivor regions: 29->6(37)
[343.892s][info][gc,heap     ] GC(721) Old regions: 134->156
[343.892s][info][gc,heap     ] GC(721) Humongous regions: 13->13
[343.892s][info][gc,metaspace] GC(721) Metaspace: 42892K(43264K)->42892K(43264K) NonClass: 40077K(40320K)->40077K(40320K) Class: 2815K(2944K)->2815K(2944K)
[343.892s][info][gc          ] GC(721) Pause Young (Mixed) (G1 Evacuation Pause) 441M->173M(510M) 37.539ms
[343.892s][info][gc,cpu      ] GC(721) User=0.07s Sys=0.00s Real=0.04s
[345.312s][info][gc,start    ] GC(722) Pause Young (Concurrent Start) (G1 Evacuation Pause)
[345.312s][info][gc,task     ] GC(722) Using 2 workers of 2 for evacuation
[345.319s][info][gc,phases   ] GC(722)   Pre Evacuate Collection Set: 0.22ms
[345.319s][info][gc,phases   ] GC(722)   Merge Heap Roots: 0.09ms
[345.319s][info][gc,phases   ] GC(722)   Evacuate Collection Set: 6.51ms
[345.319s][info][gc,phases   ] GC(722)   Post Evacuate Collection Set: 0.51ms
[345.319s][info][gc,phases   ] GC(722)   Other: 0.08ms
[345.319s][info][gc,heap     ] GC(722) Eden regions: 276->0(283)
[345.319s][info][gc,heap     ] GC(722) Survivor regions: 6->8(36)
[345.319s][info][gc,heap     ] GC(722) Old regions: 156->156
[345.319s][info][gc,heap     ] GC(722) Humongous regions: 13->13
[345.319s][info][gc,metaspace] GC(722) Metaspace: 42892K(43264K)->42892K(43264K) NonClass: 40077K(40320K)->40077K(40320K) Class: 2815K(2944K)->2815K(2944K)
[345.319s][info][gc          ] GC(722) Pause Young (Concurrent Start) (G1 Evacuation Pause) 449M->175M(510M) 7.604ms
[345.319s][info][gc,cpu      ] GC(722) User=0.02s Sys=0.00s Real=0.01s
[345.319s][info][gc          ] GC(723) Concurrent Mark Cycle
[345.319s][info][gc,marking  ] GC(723) Concurrent Scan Root Regions
[345.324s][info][gc,marking  ] GC(723) Concurrent Scan Root Regions 4.551ms
[345.324s][info][gc,marking  ] GC(723) Concurrent Mark
[345.324s][info][gc,marking  ] GC(723) Concurrent Mark From Roots
[345.324s][info][gc,task     ] GC(723) Using 1 workers of 1 for marking
[345.355s][info][gc,marking  ] GC(723) Concurrent Mark From Roots 31.374ms
[345.355s][info][gc,marking  ] GC(723) Concurrent Preclean
[345.355s][info][gc,marking  ] GC(723) Concurrent Preclean 0.049ms
[345.356s][info][gc,start    ] GC(723) Pause Remark
[345.372s][info][gc          ] GC(723) Pause Remark 180M->74M(256M) 16.016ms
[345.372s][info][gc,cpu      ] GC(723) User=0.03s Sys=0.00s Real=0.02s
[345.372s][info][gc,marking  ] GC(723) Concurrent Mark 47.680ms
[345.372s][info][gc,marking  ] GC(723) Concurrent Rebuild Remembered Sets and Scrub Regions
[345.384s][info][gc,marking  ] GC(723) Concurrent Rebuild Remembered Sets and Scrub Regions 12.221ms
[345.384s][info][gc,start    ] GC(723) Pause Cleanup
[345.384s][info][gc          ] GC(723) Pause Cleanup 76M->76M(256M) 0.041ms
[345.384s][info][gc,cpu      ] GC(723) User=0.00s Sys=0.00s Real=0.00s
[345.384s][info][gc,marking  ] GC(723) Concurrent Clear Claimed Marks
[345.384s][info][gc,marking  ] GC(723) Concurrent Clear Claimed Marks 0.031ms
[345.384s][info][gc,marking  ] GC(723) Concurrent Cleanup for Next Mark
[345.385s][info][gc,marking  ] GC(723) Concurrent Cleanup for Next Mark 0.730ms
[345.385s][info][gc          ] GC(723) Concurrent Mark Cycle 65.526ms
[346.088s][info][gc,start    ] GC(724) Pause Young (Prepare Mixed) (G1 Evacuation Pause)
[346.088s][info][gc,task     ] GC(724) Using 2 workers of 2 for evacuation
[346.100s][info][gc,phases   ] GC(724)   Pre Evacuate Collection Set: 0.17ms
[346.100s][info][gc,phases   ] GC(724)   Merge Heap Roots: 0.08ms
[346.100s][info][gc,phases   ] GC(724)   Evacuate Collection Set: 11.02ms
[346.100s][info][gc,phases   ] GC(724)   Post Evacuate Collection Set: 0.39ms
[346.100s][info][gc,phases   ] GC(724)   Other: 0.08ms
[346.100s][info][gc,heap     ] GC(724) Eden regions: 145->0(140)
[346.100s][info][gc,heap     ] GC(724) Survivor regions: 8->13(20)
[346.100s][info][gc,heap     ] GC(724) Old regions: 62->62
[346.100s][info][gc,heap     ] GC(724) Humongous regions: 1->1
[346.100s][info][gc,metaspace] GC(724) Metaspace: 42892K(43264K)->42892K(43264K) NonClass: 40077K(40320K)->40077K(40320K) Class: 2815K(2944K)->2815K(2944K)
[346.100s][info][gc          ] GC(724) Pause Young (Prepare Mixed) (G1 Evacuation Pause) 214M->74M(256M) 11.922ms
[346.100s][info][gc,cpu      ] GC(724) User=0.02s Sys=0.00s Real=0.01s
[346.873s][info][gc,start    ] GC(725) Pause Young (Mixed) (G1 Evacuation Pause)
[346.873s][info][gc,task     ] GC(725) Using 2 workers of 2 for evacuation
[346.879s][info][gc,phases   ] GC(725)   Pre Evacuate Collection Set: 0.23ms
[346.879s][info][gc,phases   ] GC(725)   Merge Heap Roots: 0.12ms
[346.879s][info][gc,phases   ] GC(725)   Evacuate Collection Set: 4.93ms
[346.879s][info][gc,phases   ] GC(725)   Post Evacuate Collection Set: 0.39ms
[346.879s][info][gc,phases   ] GC(725)   Other: 0.08ms
[346.879s][info][gc,heap     ] GC(725) Eden regions: 140->0(151)
[346.879s][info][gc,heap     ] GC(725) Survivor regions: 13->2(20)
[346.879s][info][gc,heap     ] GC(725) Old regions: 62->49
[346.879s][info][gc,heap     ] GC(725) Humongous regions: 2->1
[346.879s][info][gc,metaspace] GC(725) Metaspace: 42892K(43264K)->42892K(43264K) NonClass: 40077K(40320K)->40077K(40320K) Class: 2815K(2944K)->2815K(2944K)
[346.879s][info][gc          ] GC(725) Pause Young (Mixed) (G1 Evacuation Pause) 215M->50M(256M) 5.900ms
[346.879s][info][gc,cpu      ] GC(725) User=0.01s Sys=0.00s Real=0.01s
[347.703s][info][gc,start    ] GC(726) Pause Young (Concurrent Start) (G1 Evacuation Pause)
[347.703s][info][gc,task     ] GC(726) Using 2 workers of 2 for evacuation
[347.718s][info][gc,phases   ] GC(726)   Pre Evacuate Collection Set: 0.21ms
[347.718s][info][gc,phases   ] GC(726)   Merge Heap Roots: 0.07ms
[347.718s][info][gc,phases   ] GC(726)   Evacuate Collection Set: 14.59ms
[347.718s][info][gc,phases   ] GC(726)   Post Evacuate Collection Set: 0.42ms
[347.718s][info][gc,phases   ] GC(726)   Other: 0.09ms
[347.718s][info][gc,heap     ] GC(726) Eden regions: 151->0(138)
[347.718s][info][gc,heap     ] GC(726) Survivor regions: 2->15(20)
[347.718s][info][gc,heap     ] GC(726) Old regions: 49->49
[347.718s][info][gc,heap     ] GC(726) Humongous regions: 1->1
[347.718s][info][gc,metaspace] GC(726) Metaspace: 42892K(43264K)->42892K(43264K) NonClass: 40077K(40320K)->40077K(40320K) Class: 2815K(2944K)->2815K(2944K)
[347.718s][info][gc          ] GC(726) Pause Young (Concurrent Start) (G1 Evacuation Pause) 201M->63M(256M) 15.568ms
[347.718s][info][gc,cpu      ] GC(726) User=0.03s Sys=0.00s Real=0.02s
[347.718s][info][gc          ] GC(727) Concurrent Mark Cycle
[347.718s][info][gc,marking  ] GC(727) Concurrent Scan Root Regions
[347.727s][info][gc,marking  ] GC(727) Concurrent Scan Root Regions 8.872ms
[347.727s][info][gc,marking  ] GC(727) Concurrent Mark
[347.727s][info][gc,marking  ] GC(727) Concurrent Mark From Roots
[347.727s][info][gc,task     ] GC(727) Using 1 workers of 1 for marking
[347.761s][info][gc,marking  ] GC(727) Concurrent Mark From Roots 33.842ms
[347.761s][info][gc,marking  ] GC(727) Concurrent Preclean
[347.761s][info][gc,marking  ] GC(727) Concurrent Preclean 0.030ms
[347.761s][info][gc,start    ] GC(727) Pause Remark
[347.778s][info][gc          ] GC(727) Pause Remark 71M->71M(256M) 16.340ms
[347.778s][info][gc,cpu      ] GC(727) User=0.03s Sys=0.00s Real=0.02s
[347.778s][info][gc,marking  ] GC(727) Concurrent Mark 50.472ms
[347.778s][info][gc,marking  ] GC(727) Concurrent Rebuild Remembered Sets and Scrub Regions
[347.792s][info][gc,marking  ] GC(727) Concurrent Rebuild Remembered Sets and Scrub Regions 14.054ms
[347.792s][info][gc,start    ] GC(727) Pause Cleanup
[347.792s][info][gc          ] GC(727) Pause Cleanup 73M->73M(256M) 0.042ms
[347.792s][info][gc,cpu      ] GC(727) User=0.00s Sys=0.00s Real=0.00s
[347.792s][info][gc,marking  ] GC(727) Concurrent Clear Claimed Marks
[347.792s][info][gc,marking  ] GC(727) Concurrent Clear Claimed Marks 0.032ms
[347.792s][info][gc,marking  ] GC(727) Concurrent Cleanup for Next Mark
[347.793s][info][gc,marking  ] GC(727) Concurrent Cleanup for Next Mark 0.741ms
[347.793s][info][gc          ] GC(727) Concurrent Mark Cycle 74.631ms
[348.353s][info][gc,start    ] GC(728) Pause Young (Prepare Mixed) (G1 Evacuation Pause)
[348.353s][info][gc,task     ] GC(728) Using 2 workers of 2 for evacuation
[348.370s][info][gc,phases   ] GC(728)   Pre Evacuate Collection Set: 0.15ms
[348.370s][info][gc,phases   ] GC(728)   Merge Heap Roots: 0.07ms
[348.370s][info][gc,phases   ] GC(728)   Evacuate Collection Set: 16.10ms
[348.370s][info][gc,phases   ] GC(728)   Post Evacuate Collection Set: 0.42ms
[348.370s][info][gc,phases   ] GC(728)   Other: 0.07ms
[348.370s][info][gc,heap     ] GC(728) Eden regions: 138->0(135)
[348.370s][info][gc,heap     ] GC(728) Survivor regions: 15->18(20)
[348.370s][info][gc,heap     ] GC(728) Old regions: 49->51
[348.370s][info][gc,heap     ] GC(728) Humongous regions: 3->3
[348.370s][info][gc,metaspace] GC(728) Metaspace: 42892K(43264K)->42892K(43264K) NonClass: 40077K(40320K)->40077K(40320K) Class: 2815K(2944K)->2815K(2944K)
[348.370s][info][gc          ] GC(728) Pause Young (Prepare Mixed) (G1 Evacuation Pause) 203M->69M(256M) 16.988ms
[348.370s][info][gc,cpu      ] GC(728) User=0.03s Sys=0.00s Real=0.02s
[348.672s][info][gc,start    ] GC(729) Pause Young (Mixed) (G1 Evacuation Pause)
[348.672s][info][gc,task     ] GC(729) Using 2 workers of 2 for evacuation
[348.702s][info][gc,phases   ] GC(729)   Pre Evacuate Collection Set: 0.19ms
[348.702s][info][gc,phases   ] GC(729)   Merge Heap Roots: 0.10ms
[348.702s][info][gc,phases   ] GC(729)   Evacuate Collection Set: 29.49ms
[348.702s][info][gc,phases   ] GC(729)   Post Evacuate Collection Set: 0.47ms
[348.702s][info][gc,phases   ] GC(729)   Other: 0.07ms
[348.702s][info][gc,heap     ] GC(729) Eden regions: 135->0(136)
[348.702s][info][gc,heap     ] GC(729) Survivor regions: 18->17(20)
[348.702s][info][gc,heap     ] GC(729) Old regions: 51->53
[348.702s][info][gc,heap     ] GC(729) Humongous regions: 4->4
[348.702s][info][gc,metaspace] GC(729) Metaspace: 42892K(43264K)->42892K(43264K) NonClass: 40077K(40320K)->40077K(40320K) Class: 2815K(2944K)->2815K(2944K)
[348.702s][info][gc          ] GC(729) Pause Young (Mixed) (G1 Evacuation Pause) 205M->73M(256M) 30.559ms
[348.702s][info][gc,cpu      ] GC(729) User=0.06s Sys=0.00s Real=0.03s
[348.956s][info][gc,start    ] GC(730) Pause Young (Concurrent Start) (G1 Humongous Allocation)
[348.956s][info][gc,task     ] GC(730) Using 2 workers of 2 for evacuation
[348.986s][info][gc,phases   ] GC(730)   Pre Evacuate Collection Set: 0.14ms
[348.986s][info][gc,phases   ] GC(730)   Merge Heap Roots: 0.08ms
[348.986s][info][gc,phases   ] GC(730)   Evacuate Collection Set: 29.17ms
[348.986s][info][gc,phases   ] GC(730)   Post Evacuate Collection Set: 0.40ms
[348.986s][info][gc,phases   ] GC(730)   Other: 0.12ms
[348.986s][info][gc,heap     ] GC(730) Eden regions: 120->0(129)
[348.986s][info][gc,heap     ] GC(730) Survivor regions: 17->15(20)
[348.986s][info][gc,heap     ] GC(730) Old regions: 53->70
[348.986s][info][gc,heap     ] GC(730) Humongous regions: 4->4
[348.986s][info][gc,metaspace] GC(730) Metaspace: 42892K(43264K)->42892K(43264K) NonClass: 40077K(40320K)->40077K(40320K) Class: 2815K(2944K)->2815K(2944K)
[348.986s][info][gc          ] GC(730) Pause Young (Concurrent Start) (G1 Humongous Allocation) 192M->88M(256M) 30.102ms
[348.987s][info][gc,cpu      ] GC(730) User=0.05s Sys=0.00s Real=0.03s
[348.987s][info][gc          ] GC(731) Concurrent Mark Cycle
[348.987s][info][gc,marking  ] GC(731) Concurrent Scan Root Regions
[349.005s][info][gc,marking  ] GC(731) Concurrent Scan Root Regions 18.797ms
[349.005s][info][gc,marking  ] GC(731) Concurrent Mark
[349.005s][info][gc,marking  ] GC(731) Concurrent Mark From Roots
[349.005s][info][gc,task     ] GC(731) Using 1 workers of 1 for marking
[349.040s][info][gc,marking  ] GC(731) Concurrent Mark From Roots 34.410ms
[349.040s][info][gc,marking  ] GC(731) Concurrent Preclean
[349.040s][info][gc,marking  ] GC(731) Concurrent Preclean 0.031ms
[349.040s][info][gc,start    ] GC(731) Pause Remark
[349.056s][info][gc          ] GC(731) Pause Remark 108M->101M(256M) 16.019ms
[349.056s][info][gc,cpu      ] GC(731) User=0.03s Sys=0.00s Real=0.01s
[349.056s][info][gc,marking  ] GC(731) Concurrent Mark 50.726ms
[349.056s][info][gc,marking  ] GC(731) Concurrent Rebuild Remembered Sets and Scrub Regions
[349.087s][info][gc,marking  ] GC(731) Concurrent Rebuild Remembered Sets and Scrub Regions 30.589ms
[349.087s][info][gc,start    ] GC(731) Pause Cleanup
[349.087s][info][gc          ] GC(731) Pause Cleanup 115M->115M(256M) 0.042ms
[349.087s][info][gc,cpu      ] GC(731) User=0.00s Sys=0.00s Real=0.00s
[349.087s][info][gc,marking  ] GC(731) Concurrent Clear Claimed Marks
[349.087s][info][gc,marking  ] GC(731) Concurrent Clear Claimed Marks 0.033ms
[349.087s][info][gc,marking  ] GC(731) Concurrent Cleanup for Next Mark
[349.088s][info][gc,marking  ] GC(731) Concurrent Cleanup for Next Mark 0.749ms
[349.088s][info][gc          ] GC(731) Concurrent Mark Cycle 101.304ms
[349.288s][info][gc,start    ] GC(732) Pause Young (Prepare Mixed) (G1 Evacuation Pause)
[349.288s][info][gc,task     ] GC(732) Using 2 workers of 2 for evacuation
[349.320s][info][gc,phases   ] GC(732)   Pre Evacuate Collection Set: 0.14ms
[349.320s][info][gc,phases   ] GC(732)   Merge Heap Roots: 0.08ms
[349.320s][info][gc,phases   ] GC(732)   Evacuate Collection Set: 30.98ms
[349.320s][info][gc,phases   ] GC(732)   Post Evacuate Collection Set: 0.38ms
[349.320s][info][gc,phases   ] GC(732)   Other: 0.07ms
[349.320s][info][gc,heap     ] GC(732) Eden regions: 129->0(122)
[349.320s][info][gc,heap     ] GC(732) Survivor regions: 15->15(18)
[349.320s][info][gc,heap     ] GC(732) Old regions: 62->77
[349.320s][info][gc,heap     ] GC(732) Humongous regions: 6->6
[349.320s][info][gc,metaspace] GC(732) Metaspace: 42892K(43264K)->42892K(43264K) NonClass: 40077K(40320K)->40077K(40320K) Class: 2815K(2944K)->2815K(2944K)
[349.320s][info][gc          ] GC(732) Pause Young (Prepare Mixed) (G1 Evacuation Pause) 211M->97M(256M) 31.858ms
[349.320s][info][gc,cpu      ] GC(732) User=0.06s Sys=0.00s Real=0.03s
[349.578s][info][gc,start    ] GC(733) Pause Young (Mixed) (G1 Evacuation Pause)
[349.578s][info][gc,task     ] GC(733) Using 2 workers of 2 for evacuation
[349.612s][info][gc,phases   ] GC(733)   Pre Evacuate Collection Set: 0.15ms
[349.612s][info][gc,phases   ] GC(733)   Merge Heap Roots: 0.14ms
[349.612s][info][gc,phases   ] GC(733)   Evacuate Collection Set: 33.42ms
[349.612s][info][gc,phases   ] GC(733)   Post Evacuate Collection Set: 0.44ms
[349.612s][info][gc,phases   ] GC(733)   Other: 0.07ms
[349.612s][info][gc,heap     ] GC(733) Eden regions: 122->0(118)
[349.612s][info][gc,heap     ] GC(733) Survivor regions: 15->15(18)
[349.612s][info][gc,heap     ] GC(733) Old regions: 77->82
[349.612s][info][gc,heap     ] GC(733) Humongous regions: 6->6
[349.612s][info][gc,metaspace] GC(733) Metaspace: 42892K(43264K)->42892K(43264K) NonClass: 40077K(40320K)->40077K(40320K) Class: 2815K(2944K)->2815K(2944K)
[349.612s][info][gc          ] GC(733) Pause Young (Mixed) (G1 Evacuation Pause) 219M->102M(256M) 34.427ms
[349.612s][info][gc,cpu      ] GC(733) User=0.06s Sys=0.00s Real=0.03s
[349.664s][info][gc,start    ] GC(734) Pause Young (Concurrent Start) (G1 Humongous Allocation)
[349.664s][info][gc,task     ] GC(734) Using 2 workers of 2 for evacuation
[349.681s][info][gc,phases   ] GC(734)   Pre Evacuate Collection Set: 0.16ms
[349.681s][info][gc,phases   ] GC(734)   Merge Heap Roots: 0.05ms
[349.681s][info][gc,phases   ] GC(734)   Evacuate Collection Set: 16.14ms
[349.681s][info][gc,phases   ] GC(734)   Post Evacuate Collection Set: 0.31ms
[349.681s][info][gc,phases   ] GC(734)   Other: 0.07ms
[349.681s][info][gc,heap     ] GC(734) Eden regions: 23->0(118)
[349.681s][info][gc,heap     ] GC(734) Survivor regions: 15->3(17)
[349.681s][info][gc,heap     ] GC(734) Old regions: 82->96
[349.681s][info][gc,heap     ] GC(734) Humongous regions: 6->6
[349.681s][info][gc,metaspace] GC(734) Metaspace: 42892K(43264K)->42892K(43264K) NonClass: 40077K(40320K)->40077K(40320K) Class: 2815K(2944K)->2815K(2944K)
[349.681s][info][gc          ] GC(734) Pause Young (Concurrent Start) (G1 Humongous Allocation) 125M->104M(256M) 16.907ms
[349.681s][info][gc,cpu      ] GC(734) User=0.03s Sys=0.00s Real=0.02s
[349.681s][info][gc          ] GC(735) Concurrent Mark Cycle
[349.681s][info][gc,marking  ] GC(735) Concurrent Scan Root Regions
[349.694s][info][gc,marking  ] GC(735) Concurrent Scan Root Regions 13.210ms
[349.694s][info][gc,marking  ] GC(735) Concurrent Mark
[349.694s][info][gc,marking  ] GC(735) Concurrent Mark From Roots
[349.694s][info][gc,task     ] GC(735) Using 1 workers of 1 for marking
[349.790s][info][gc,marking  ] GC(735) Concurrent Mark From Roots 95.723ms
[349.790s][info][gc,marking  ] GC(735) Concurrent Preclean
[349.790s][info][gc,marking  ] GC(735) Concurrent Preclean 0.036ms
[349.790s][info][gc,start    ] GC(735) Pause Remark
[349.806s][info][gc          ] GC(735) Pause Remark 139M->138M(256M) 15.409ms
[349.806s][info][gc,cpu      ] GC(735) User=0.03s Sys=0.00s Real=0.01s
[349.808s][info][gc,marking  ] GC(735) Concurrent Mark 113.438ms
[349.808s][info][gc,marking  ] GC(735) Concurrent Rebuild Remembered Sets and Scrub Regions
[349.864s][info][gc,marking  ] GC(735) Concurrent Rebuild Remembered Sets and Scrub Regions 56.582ms
[349.865s][info][gc,start    ] GC(735) Pause Cleanup
[349.865s][info][gc          ] GC(735) Pause Cleanup 168M->168M(256M) 0.042ms
[349.865s][info][gc,cpu      ] GC(735) User=0.00s Sys=0.00s Real=0.00s
[349.865s][info][gc,marking  ] GC(735) Concurrent Clear Claimed Marks
[349.865s][info][gc,marking  ] GC(735) Concurrent Clear Claimed Marks 0.036ms
[349.865s][info][gc,marking  ] GC(735) Concurrent Cleanup for Next Mark
[349.865s][info][gc,marking  ] GC(735) Concurrent Cleanup for Next Mark 0.721ms
[349.865s][info][gc          ] GC(735) Concurrent Mark Cycle 184.313ms
[349.998s][info][gc,start    ] GC(736) Pause Young (Prepare Mixed) (G1 Evacuation Pause)
[349.998s][info][gc,task     ] GC(736) Using 2 workers of 2 for evacuation
[350.022s][info][gc,phases   ] GC(736)   Pre Evacuate Collection Set: 0.20ms
[350.022s][info][gc,phases   ] GC(736)   Merge Heap Roots: 0.18ms
[350.022s][info][gc,phases   ] GC(736)   Evacuate Collection Set: 22.82ms
[350.022s][info][gc,phases   ] GC(736)   Post Evacuate Collection Set: 0.43ms
[350.022s][info][gc,phases   ] GC(736)   Other: 0.06ms
[350.022s][info][gc,heap     ] GC(736) Eden regions: 118->0(104)
[350.022s][info][gc,heap     ] GC(736) Survivor regions: 3->16(16)
[350.022s][info][gc,heap     ] GC(736) Old regions: 96->97
[350.022s][info][gc,heap     ] GC(736) Humongous regions: 9->9
[350.022s][info][gc,metaspace] GC(736) Metaspace: 42892K(43264K)->42892K(43264K) NonClass: 40077K(40320K)->40077K(40320K) Class: 2815K(2944K)->2815K(2944K)
[350.022s][info][gc          ] GC(736) Pause Young (Prepare Mixed) (G1 Evacuation Pause) 225M->121M(256M) 23.891ms
[350.022s][info][gc,cpu      ] GC(736) User=0.05s Sys=0.01s Real=0.02s
[351.099s][info][gc,start    ] GC(737) Pause Young (Mixed) (G1 Evacuation Pause)
[351.099s][info][gc,task     ] GC(737) Using 2 workers of 2 for evacuation
[351.138s][info][gc,phases   ] GC(737)   Pre Evacuate Collection Set: 0.16ms
[351.138s][info][gc,phases   ] GC(737)   Merge Heap Roots: 0.21ms
[351.138s][info][gc,phases   ] GC(737)   Evacuate Collection Set: 38.54ms
[351.138s][info][gc,phases   ] GC(737)   Post Evacuate Collection Set: 0.39ms
[351.138s][info][gc,phases   ] GC(737)   Other: 0.11ms
[351.138s][info][gc,heap     ] GC(737) Eden regions: 104->0(99)
[351.138s][info][gc,heap     ] GC(737) Survivor regions: 16->9(15)
[351.138s][info][gc,heap     ] GC(737) Old regions: 97->109
[351.138s][info][gc,heap     ] GC(737) Humongous regions: 17->15
[351.138s][info][gc,metaspace] GC(737) Metaspace: 42892K(43264K)->42892K(43264K) NonClass: 40077K(40320K)->40077K(40320K) Class: 2815K(2944K)->2815K(2944K)
[351.138s][info][gc          ] GC(737) Pause Young (Mixed) (G1 Evacuation Pause) 233M->132M(259M) 39.591ms
[351.138s][info][gc,cpu      ] GC(737) User=0.08s Sys=0.01s Real=0.04s
[351.471s][info][gc,start    ] GC(738) Pause Young (Concurrent Start) (G1 Evacuation Pause)
[351.472s][info][gc,task     ] GC(738) Using 2 workers of 2 for evacuation
[351.491s][info][gc,phases   ] GC(738)   Pre Evacuate Collection Set: 0.18ms
[351.491s][info][gc,phases   ] GC(738)   Merge Heap Roots: 0.16ms
[351.491s][info][gc,phases   ] GC(738)   Evacuate Collection Set: 18.22ms
[351.491s][info][gc,phases   ] GC(738)   Post Evacuate Collection Set: 0.36ms
[351.491s][info][gc,phases   ] GC(738)   Other: 0.08ms
[351.491s][info][gc,heap     ] GC(738) Eden regions: 99->0(98)
[351.491s][info][gc,heap     ] GC(738) Survivor regions: 9->4(14)
[351.491s][info][gc,heap     ] GC(738) Old regions: 109->118
[351.491s][info][gc,heap     ] GC(738) Humongous regions: 15->15
[351.491s][info][gc,metaspace] GC(738) Metaspace: 42892K(43264K)->42892K(43264K) NonClass: 40077K(40320K)->40077K(40320K) Class: 2815K(2944K)->2815K(2944K)
[351.491s][info][gc          ] GC(738) Pause Young (Concurrent Start) (G1 Evacuation Pause) 231M->135M(259M) 19.154ms
[351.491s][info][gc,cpu      ] GC(738) User=0.03s Sys=0.00s Real=0.02s
[351.491s][info][gc          ] GC(739) Concurrent Mark Cycle
[351.491s][info][gc,marking  ] GC(739) Concurrent Scan Root Regions
[351.501s][info][gc,marking  ] GC(739) Concurrent Scan Root Regions 10.075ms
[351.501s][info][gc,marking  ] GC(739) Concurrent Mark
[351.501s][info][gc,marking  ] GC(739) Concurrent Mark From Roots
[351.501s][info][gc,task     ] GC(739) Using 1 workers of 1 for marking
[351.536s][info][gc,marking  ] GC(739) Concurrent Mark From Roots 34.987ms
[351.536s][info][gc,marking  ] GC(739) Concurrent Preclean
[351.536s][info][gc,marking  ] GC(739) Concurrent Preclean 0.034ms
[351.536s][info][gc,start    ] GC(739) Pause Remark
[351.551s][info][gc          ] GC(739) Pause Remark 146M->117M(259M) 15.300ms
[351.551s][info][gc,cpu      ] GC(739) User=0.03s Sys=0.00s Real=0.02s
[351.551s][info][gc,marking  ] GC(739) Concurrent Mark 50.592ms
[351.551s][info][gc,marking  ] GC(739) Concurrent Rebuild Remembered Sets and Scrub Regions
[351.574s][info][gc,marking  ] GC(739) Concurrent Rebuild Remembered Sets and Scrub Regions 22.986ms
[351.574s][info][gc,start    ] GC(739) Pause Cleanup
[351.574s][info][gc          ] GC(739) Pause Cleanup 122M->122M(259M) 0.057ms
[351.575s][info][gc,cpu      ] GC(739) User=0.00s Sys=0.00s Real=0.00s
[351.575s][info][gc,marking  ] GC(739) Concurrent Clear Claimed Marks
[351.575s][info][gc,marking  ] GC(739) Concurrent Clear Claimed Marks 0.035ms
[351.575s][info][gc,marking  ] GC(739) Concurrent Cleanup for Next Mark
[351.575s][info][gc,marking  ] GC(739) Concurrent Cleanup for Next Mark 0.768ms
[351.575s][info][gc          ] GC(739) Concurrent Mark Cycle 84.722ms
[351.915s][info][gc,start    ] GC(740) Pause Young (Prepare Mixed) (G1 Evacuation Pause)
[351.915s][info][gc,task     ] GC(740) Using 2 workers of 2 for evacuation
[351.924s][info][gc,phases   ] GC(740)   Pre Evacuate Collection Set: 0.18ms
[351.924s][info][gc,phases   ] GC(740)   Merge Heap Roots: 0.05ms
[351.924s][info][gc,phases   ] GC(740)   Evacuate Collection Set: 7.85ms
[351.924s][info][gc,phases   ] GC(740)   Post Evacuate Collection Set: 0.34ms
[351.924s][info][gc,phases   ] GC(740)   Other: 0.10ms
[351.924s][info][gc,heap     ] GC(740) Eden regions: 98->0(115)
[351.924s][info][gc,heap     ] GC(740) Survivor regions: 4->11(13)
[351.924s][info][gc,heap     ] GC(740) Old regions: 103->103
[351.924s][info][gc,heap     ] GC(740) Humongous regions: 1->1
[351.924s][info][gc,metaspace] GC(740) Metaspace: 42892K(43264K)->42892K(43264K) NonClass: 40077K(40320K)->40077K(40320K) Class: 2815K(2944K)->2815K(2944K)
[351.924s][info][gc          ] GC(740) Pause Young (Prepare Mixed) (G1 Evacuation Pause) 204M->113M(259M) 8.721ms
[351.924s][info][gc,cpu      ] GC(740) User=0.02s Sys=0.00s Real=0.01s
[352.417s][info][gc,start    ] GC(741) Pause Young (Mixed) (G1 Evacuation Pause)
[352.417s][info][gc,task     ] GC(741) Using 2 workers of 2 for evacuation
[352.432s][info][gc,phases   ] GC(741)   Pre Evacuate Collection Set: 0.24ms
[352.432s][info][gc,phases   ] GC(741)   Merge Heap Roots: 0.10ms
[352.432s][info][gc,phases   ] GC(741)   Evacuate Collection Set: 13.45ms
[352.432s][info][gc,phases   ] GC(741)   Post Evacuate Collection Set: 0.41ms
[352.432s][info][gc,phases   ] GC(741)   Other: 0.07ms
[352.432s][info][gc,heap     ] GC(741) Eden regions: 115->0(134)
[352.432s][info][gc,heap     ] GC(741) Survivor regions: 11->15(16)
[352.432s][info][gc,heap     ] GC(741) Old regions: 103->79
[352.432s][info][gc,heap     ] GC(741) Humongous regions: 1->1
[352.432s][info][gc,metaspace] GC(741) Metaspace: 42892K(43264K)->42892K(43264K) NonClass: 40077K(40320K)->40077K(40320K) Class: 2815K(2944K)->2815K(2944K)
[352.432s][info][gc          ] GC(741) Pause Young (Mixed) (G1 Evacuation Pause) 228M->94M(259M) 14.465ms
[352.432s][info][gc,cpu      ] GC(741) User=0.03s Sys=0.00s Real=0.01s
[353.173s][info][gc,start    ] GC(742) Pause Young (Mixed) (G1 Evacuation Pause)
[353.173s][info][gc,task     ] GC(742) Using 2 workers of 2 for evacuation
[353.199s][info][gc,phases   ] GC(742)   Pre Evacuate Collection Set: 0.16ms
[353.199s][info][gc,phases   ] GC(742)   Merge Heap Roots: 0.14ms
[353.199s][info][gc,phases   ] GC(742)   Evacuate Collection Set: 25.17ms
[353.199s][info][gc,phases   ] GC(742)   Post Evacuate Collection Set: 0.44ms
[353.199s][info][gc,phases   ] GC(742)   Other: 0.07ms
[353.199s][info][gc,heap     ] GC(742) Eden regions: 134->0(136)
[353.199s][info][gc,heap     ] GC(742) Survivor regions: 15->19(19)
[353.199s][info][gc,heap     ] GC(742) Old regions: 79->63
[353.199s][info][gc,heap     ] GC(742) Humongous regions: 1->1
[353.199s][info][gc,metaspace] GC(742) Metaspace: 42892K(43264K)->42892K(43264K) NonClass: 40077K(40320K)->40077K(40320K) Class: 2815K(2944K)->2815K(2944K)
[353.199s][info][gc          ] GC(742) Pause Young (Mixed) (G1 Evacuation Pause) 228M->82M(259M) 26.175ms
[353.199s][info][gc,cpu      ] GC(742) User=0.05s Sys=0.00s Real=0.03s
[353.892s][info][gc,start    ] GC(743) Pause Young (Mixed) (G1 Evacuation Pause)
[353.892s][info][gc,task     ] GC(743) Using 2 workers of 2 for evacuation
[353.923s][info][gc,phases   ] GC(743)   Pre Evacuate Collection Set: 0.15ms
[353.923s][info][gc,phases   ] GC(743)   Merge Heap Roots: 0.17ms
[353.923s][info][gc,phases   ] GC(743)   Evacuate Collection Set: 29.63ms
[353.923s][info][gc,phases   ] GC(743)   Post Evacuate Collection Set: 0.42ms
[353.923s][info][gc,phases   ] GC(743)   Other: 0.07ms
[353.923s][info][gc,heap     ] GC(743) Eden regions: 136->0(134)
[353.923s][info][gc,heap     ] GC(743) Survivor regions: 19->14(20)
[353.923s][info][gc,heap     ] GC(743) Old regions: 63->74
[353.923s][info][gc,heap     ] GC(743) Humongous regions: 1->1
[353.923s][info][gc,metaspace] GC(743) Metaspace: 42892K(43264K)->42892K(43264K) NonClass: 40077K(40320K)->40077K(40320K) Class: 2815K(2944K)->2815K(2944K)
[353.923s][info][gc          ] GC(743) Pause Young (Mixed) (G1 Evacuation Pause) 218M->88M(259M) 30.664ms
[353.923s][info][gc,cpu      ] GC(743) User=0.06s Sys=0.00s Real=0.03s
[354.625s][info][gc,start    ] GC(744) Pause Young (Concurrent Start) (G1 Humongous Allocation)
[354.625s][info][gc,task     ] GC(744) Using 2 workers of 2 for evacuation
[354.649s][info][gc,phases   ] GC(744)   Pre Evacuate Collection Set: 0.18ms
[354.649s][info][gc,phases   ] GC(744)   Merge Heap Roots: 0.07ms
[354.649s][info][gc,phases   ] GC(744)   Evacuate Collection Set: 21.51ms
[354.649s][info][gc,phases   ] GC(744)   Post Evacuate Collection Set: 1.26ms
[354.649s][info][gc,phases   ] GC(744)   Other: 0.09ms
[354.649s][info][gc,heap     ] GC(744) Eden regions: 126->0(221)
[354.649s][info][gc,heap     ] GC(744) Survivor regions: 14->13(19)
[354.649s][info][gc,heap     ] GC(744) Old regions: 74->87
[354.649s][info][gc,heap     ] GC(744) Humongous regions: 1->1
[354.649s][info][gc,metaspace] GC(744) Metaspace: 42892K(43264K)->42892K(43264K) NonClass: 40077K(40320K)->40077K(40320K) Class: 2815K(2944K)->2815K(2944K)
[354.649s][info][gc          ] GC(744) Pause Young (Concurrent Start) (G1 Humongous Allocation) 213M->100M(391M) 23.300ms
[354.649s][info][gc,cpu      ] GC(744) User=0.04s Sys=0.00s Real=0.03s
[354.649s][info][gc          ] GC(745) Concurrent Undo Cycle
[354.651s][info][gc,marking  ] GC(745) Concurrent Clear Claimed Marks
[354.651s][info][gc,marking  ] GC(745) Concurrent Clear Claimed Marks 0.039ms
[354.651s][info][gc,marking  ] GC(745) Concurrent Cleanup for Next Mark
[354.653s][info][gc,marking  ] GC(745) Concurrent Cleanup for Next Mark 2.032ms
[354.653s][info][gc          ] GC(745) Concurrent Undo Cycle 4.120ms
[355.905s][info][gc,start    ] GC(746) Pause Young (Normal) (G1 Evacuation Pause)
[355.905s][info][gc,task     ] GC(746) Using 2 workers of 2 for evacuation
[355.935s][info][gc,phases   ] GC(746)   Pre Evacuate Collection Set: 0.22ms
[355.935s][info][gc,phases   ] GC(746)   Merge Heap Roots: 0.09ms
[355.935s][info][gc,phases   ] GC(746)   Evacuate Collection Set: 29.44ms
[355.935s][info][gc,phases   ] GC(746)   Post Evacuate Collection Set: 0.54ms
[355.935s][info][gc,phases   ] GC(746)   Other: 0.09ms
[355.935s][info][gc,heap     ] GC(746) Eden regions: 221->0(204)
[355.935s][info][gc,heap     ] GC(746) Survivor regions: 13->30(30)
[355.935s][info][gc,heap     ] GC(746) Old regions: 87->90
[355.935s][info][gc,heap     ] GC(746) Humongous regions: 2->2
[355.935s][info][gc,metaspace] GC(746) Metaspace: 42892K(43264K)->42892K(43264K) NonClass: 40077K(40320K)->40077K(40320K) Class: 2815K(2944K)->2815K(2944K)
[355.935s][info][gc          ] GC(746) Pause Young (Normal) (G1 Evacuation Pause) 322M->121M(391M) 30.567ms
[355.935s][info][gc,cpu      ] GC(746) User=0.06s Sys=0.00s Real=0.03s
[356.211s][info][gc,start    ] GC(747) Pause Young (Concurrent Start) (G1 Humongous Allocation)
[356.211s][info][gc,task     ] GC(747) Using 2 workers of 2 for evacuation
[356.244s][info][gc,phases   ] GC(747)   Pre Evacuate Collection Set: 0.23ms
[356.244s][info][gc,phases   ] GC(747)   Merge Heap Roots: 0.09ms
[356.244s][info][gc,phases   ] GC(747)   Evacuate Collection Set: 32.19ms
[356.244s][info][gc,phases   ] GC(747)   Post Evacuate Collection Set: 0.38ms
[356.244s][info][gc,phases   ] GC(747)   Other: 0.08ms
[356.244s][info][gc,heap     ] GC(747) Eden regions: 62->0(150)
[356.244s][info][gc,heap     ] GC(747) Survivor regions: 30->11(30)
[356.244s][info][gc,heap     ] GC(747) Old regions: 90->120
[356.244s][info][gc,heap     ] GC(747) Humongous regions: 2->2
[356.244s][info][gc,metaspace] GC(747) Metaspace: 42897K(43264K)->42897K(43264K) NonClass: 40082K(40320K)->40082K(40320K) Class: 2815K(2944K)->2815K(2944K)
[356.244s][info][gc          ] GC(747) Pause Young (Concurrent Start) (G1 Humongous Allocation) 183M->132M(391M) 33.184ms
[356.244s][info][gc          ] GC(748) Concurrent Mark Cycle
[356.244s][info][gc,cpu      ] GC(747) User=0.06s Sys=0.00s Real=0.03s
[356.244s][info][gc,marking  ] GC(748) Concurrent Scan Root Regions
[356.280s][info][gc,marking  ] GC(748) Concurrent Scan Root Regions 36.476ms
[356.280s][info][gc,marking  ] GC(748) Concurrent Mark
[356.280s][info][gc,marking  ] GC(748) Concurrent Mark From Roots
[356.280s][info][gc,task     ] GC(748) Using 1 workers of 1 for marking
[356.329s][info][gc,marking  ] GC(748) Concurrent Mark From Roots 49.165ms
[356.330s][info][gc,marking  ] GC(748) Concurrent Preclean
[356.330s][info][gc,marking  ] GC(748) Concurrent Preclean 0.034ms
[356.330s][info][gc,start    ] GC(748) Pause Remark
[356.345s][info][gc          ] GC(748) Pause Remark 152M->134M(391M) 15.221ms
[356.345s][info][gc,cpu      ] GC(748) User=0.03s Sys=0.00s Real=0.01s
[356.345s][info][gc,marking  ] GC(748) Concurrent Mark 64.722ms
[356.345s][info][gc,marking  ] GC(748) Concurrent Rebuild Remembered Sets and Scrub Regions
[356.386s][info][gc,marking  ] GC(748) Concurrent Rebuild Remembered Sets and Scrub Regions 40.669ms
[356.386s][info][gc,start    ] GC(748) Pause Cleanup
[356.386s][info][gc          ] GC(748) Pause Cleanup 146M->146M(391M) 0.051ms
[356.386s][info][gc,cpu      ] GC(748) User=0.00s Sys=0.00s Real=0.00s
[356.386s][info][gc,marking  ] GC(748) Concurrent Clear Claimed Marks
[356.386s][info][gc,marking  ] GC(748) Concurrent Clear Claimed Marks 0.035ms
[356.386s][info][gc,marking  ] GC(748) Concurrent Cleanup for Next Mark
[356.388s][info][gc,marking  ] GC(748) Concurrent Cleanup for Next Mark 2.437ms
[356.388s][info][gc          ] GC(748) Concurrent Mark Cycle 144.654ms
[356.829s][info][gc,start    ] GC(749) Pause Young (Prepare Mixed) (G1 Evacuation Pause)
[356.829s][info][gc,task     ] GC(749) Using 2 workers of 2 for evacuation
[356.836s][info][gc,phases   ] GC(749)   Pre Evacuate Collection Set: 0.21ms
[356.836s][info][gc,phases   ] GC(749)   Merge Heap Roots: 0.10ms
[356.836s][info][gc,phases   ] GC(749)   Evacuate Collection Set: 6.06ms
[356.836s][info][gc,phases   ] GC(749)   Post Evacuate Collection Set: 0.38ms
[356.836s][info][gc,phases   ] GC(749)   Other: 0.07ms
[356.836s][info][gc,heap     ] GC(749) Eden regions: 150->0(172)
[356.836s][info][gc,heap     ] GC(749) Survivor regions: 11->10(21)
[356.836s][info][gc,heap     ] GC(749) Old regions: 102->102
[356.836s][info][gc,heap     ] GC(749) Humongous regions: 16->4
[356.836s][info][gc,metaspace] GC(749) Metaspace: 42898K(43264K)->42898K(43264K) NonClass: 40083K(40320K)->40083K(40320K) Class: 2815K(2944K)->2815K(2944K)
[356.836s][info][gc          ] GC(749) Pause Young (Prepare Mixed) (G1 Evacuation Pause) 278M->115M(391M) 6.965ms
[356.836s][info][gc,cpu      ] GC(749) User=0.01s Sys=0.00s Real=0.00s
[357.506s][info][gc,start    ] GC(750) Pause Young (Mixed) (G1 Evacuation Pause)
[357.506s][info][gc,task     ] GC(750) Using 2 workers of 2 for evacuation
[357.519s][info][gc,phases   ] GC(750)   Pre Evacuate Collection Set: 0.20ms
[357.519s][info][gc,phases   ] GC(750)   Merge Heap Roots: 0.19ms
[357.519s][info][gc,phases   ] GC(750)   Evacuate Collection Set: 12.68ms
[357.519s][info][gc,phases   ] GC(750)   Post Evacuate Collection Set: 0.43ms
[357.519s][info][gc,phases   ] GC(750)   Other: 0.07ms
[357.519s][info][gc,heap     ] GC(750) Eden regions: 172->0(194)
[357.519s][info][gc,heap     ] GC(750) Survivor regions: 10->12(23)
[357.519s][info][gc,heap     ] GC(750) Old regions: 102->81
[357.519s][info][gc,heap     ] GC(750) Humongous regions: 14->4
[357.519s][info][gc,metaspace] GC(750) Metaspace: 42911K(43264K)->42911K(43264K) NonClass: 40096K(40320K)->40096K(40320K) Class: 2815K(2944K)->2815K(2944K)
[357.520s][info][gc          ] GC(750) Pause Young (Mixed) (G1 Evacuation Pause) 297M->96M(391M) 13.744ms
[357.520s][info][gc,cpu      ] GC(750) User=0.03s Sys=0.00s Real=0.02s
[357.664s][info][gc,start    ] GC(751) Pause Young (Concurrent Start) (G1 Humongous Allocation)
[357.664s][info][gc,task     ] GC(751) Using 2 workers of 2 for evacuation
[357.669s][info][gc,phases   ] GC(751)   Pre Evacuate Collection Set: 0.22ms
[357.669s][info][gc,phases   ] GC(751)   Merge Heap Roots: 0.06ms
[357.669s][info][gc,phases   ] GC(751)   Evacuate Collection Set: 4.91ms
[357.669s][info][gc,phases   ] GC(751)   Post Evacuate Collection Set: 0.30ms
[357.670s][info][gc,phases   ] GC(751)   Other: 0.08ms
[357.670s][info][gc,heap     ] GC(751) Eden regions: 37->0(211)
[357.670s][info][gc,heap     ] GC(751) Survivor regions: 12->8(26)
[357.670s][info][gc,heap     ] GC(751) Old regions: 81->81
[357.670s][info][gc,heap     ] GC(751) Humongous regions: 4->2
[357.670s][info][gc,metaspace] GC(751) Metaspace: 42911K(43264K)->42911K(43264K) NonClass: 40096K(40320K)->40096K(40320K) Class: 2815K(2944K)->2815K(2944K)
[357.670s][info][gc          ] GC(751) Pause Young (Concurrent Start) (G1 Humongous Allocation) 133M->90M(391M) 5.715ms
[357.670s][info][gc,cpu      ] GC(751) User=0.01s Sys=0.00s Real=0.01s
[357.670s][info][gc          ] GC(752) Concurrent Mark Cycle
[357.670s][info][gc,marking  ] GC(752) Concurrent Scan Root Regions
[357.678s][info][gc,marking  ] GC(752) Concurrent Scan Root Regions 7.997ms
[357.678s][info][gc,marking  ] GC(752) Concurrent Mark
[357.678s][info][gc,marking  ] GC(752) Concurrent Mark From Roots
[357.678s][info][gc,task     ] GC(752) Using 1 workers of 1 for marking
[357.715s][info][gc,marking  ] GC(752) Concurrent Mark From Roots 37.120ms
[357.715s][info][gc,marking  ] GC(752) Concurrent Preclean
[357.715s][info][gc,marking  ] GC(752) Concurrent Preclean 0.034ms
[357.715s][info][gc,start    ] GC(752) Pause Remark
[357.730s][info][gc          ] GC(752) Pause Remark 103M->85M(256M) 15.399ms
[357.730s][info][gc,cpu      ] GC(752) User=0.03s Sys=0.00s Real=0.02s
[357.731s][info][gc,marking  ] GC(752) Concurrent Mark 52.835ms
[357.731s][info][gc,marking  ] GC(752) Concurrent Rebuild Remembered Sets and Scrub Regions
[357.744s][info][gc,marking  ] GC(752) Concurrent Rebuild Remembered Sets and Scrub Regions 13.592ms
[357.744s][info][gc,start    ] GC(752) Pause Cleanup
[357.744s][info][gc          ] GC(752) Pause Cleanup 87M->87M(256M) 0.047ms
[357.744s][info][gc,cpu      ] GC(752) User=0.00s Sys=0.00s Real=0.00s
[357.744s][info][gc,marking  ] GC(752) Concurrent Clear Claimed Marks
[357.744s][info][gc,marking  ] GC(752) Concurrent Clear Claimed Marks 0.032ms
[357.744s][info][gc,marking  ] GC(752) Concurrent Cleanup for Next Mark
[357.745s][info][gc,marking  ] GC(752) Concurrent Cleanup for Next Mark 0.741ms
[357.745s][info][gc          ] GC(752) Concurrent Mark Cycle 75.539ms
[358.191s][info][gc,start    ] GC(753) Pause Young (Prepare Mixed) (G1 Evacuation Pause)
[358.191s][info][gc,task     ] GC(753) Using 2 workers of 2 for evacuation
[358.209s][info][gc,phases   ] GC(753)   Pre Evacuate Collection Set: 0.17ms
[358.209s][info][gc,phases   ] GC(753)   Merge Heap Roots: 0.06ms
[358.209s][info][gc,phases   ] GC(753)   Evacuate Collection Set: 17.11ms
[358.209s][info][gc,phases   ] GC(753)   Post Evacuate Collection Set: 0.43ms
[358.209s][info][gc,phases   ] GC(753)   Other: 0.08ms
[358.209s][info][gc,heap     ] GC(753) Eden regions: 145->0(118)
[358.209s][info][gc,heap     ] GC(753) Survivor regions: 8->20(20)
[358.209s][info][gc,heap     ] GC(753) Old regions: 64->68
[358.209s][info][gc,heap     ] GC(753) Humongous regions: 9->3
[358.209s][info][gc,metaspace] GC(753) Metaspace: 42911K(43264K)->42911K(43264K) NonClass: 40096K(40320K)->40096K(40320K) Class: 2815K(2944K)->2815K(2944K)
[358.209s][info][gc          ] GC(753) Pause Young (Prepare Mixed) (G1 Evacuation Pause) 225M->89M(256M) 18.017ms
[358.209s][info][gc,cpu      ] GC(753) User=0.03s Sys=0.00s Real=0.02s
[358.673s][info][gc,start    ] GC(754) Pause Young (Mixed) (G1 Evacuation Pause)
[358.673s][info][gc,task     ] GC(754) Using 2 workers of 2 for evacuation
[358.700s][info][gc,phases   ] GC(754)   Pre Evacuate Collection Set: 0.20ms
[358.700s][info][gc,phases   ] GC(754)   Merge Heap Roots: 0.10ms
[358.700s][info][gc,phases   ] GC(754)   Evacuate Collection Set: 26.62ms
[358.700s][info][gc,phases   ] GC(754)   Post Evacuate Collection Set: 0.42ms
[358.700s][info][gc,phases   ] GC(754)   Other: 0.07ms
[358.700s][info][gc,heap     ] GC(754) Eden regions: 118->0(126)
[358.700s][info][gc,heap     ] GC(754) Survivor regions: 20->16(18)
[358.700s][info][gc,heap     ] GC(754) Old regions: 68->61
[358.700s][info][gc,heap     ] GC(754) Humongous regions: 3->3
[358.700s][info][gc,metaspace] GC(754) Metaspace: 42912K(43264K)->42912K(43264K) NonClass: 40097K(40320K)->40097K(40320K) Class: 2815K(2944K)->2815K(2944K)
[358.700s][info][gc          ] GC(754) Pause Young (Mixed) (G1 Evacuation Pause) 207M->78M(256M) 27.592ms
[358.700s][info][gc,cpu      ] GC(754) User=0.05s Sys=0.00s Real=0.03s
[358.788s][info][gc,start    ] GC(755) Pause Young (Concurrent Start) (G1 Humongous Allocation)
[358.788s][info][gc,task     ] GC(755) Using 2 workers of 2 for evacuation
[358.810s][info][gc,phases   ] GC(755)   Pre Evacuate Collection Set: 0.16ms
[358.810s][info][gc,phases   ] GC(755)   Merge Heap Roots: 0.14ms
[358.810s][info][gc,phases   ] GC(755)   Evacuate Collection Set: 20.53ms
[358.810s][info][gc,phases   ] GC(755)   Post Evacuate Collection Set: 0.31ms
[358.810s][info][gc,phases   ] GC(755)   Other: 0.08ms
[358.810s][info][gc,heap     ] GC(755) Eden regions: 22->0(121)
[358.810s][info][gc,heap     ] GC(755) Survivor regions: 16->5(18)
[358.810s][info][gc,heap     ] GC(755) Old regions: 61->76
[358.810s][info][gc,heap     ] GC(755) Humongous regions: 3->1
[358.810s][info][gc,metaspace] GC(755) Metaspace: 42912K(43264K)->42912K(43264K) NonClass: 40097K(40320K)->40097K(40320K) Class: 2815K(2944K)->2815K(2944K)
[358.810s][info][gc          ] GC(755) Pause Young (Concurrent Start) (G1 Humongous Allocation) 100M->81M(256M) 21.411ms
[358.810s][info][gc,cpu      ] GC(755) User=0.04s Sys=0.01s Real=0.02s
[358.810s][info][gc          ] GC(756) Concurrent Mark Cycle
[358.810s][info][gc,marking  ] GC(756) Concurrent Scan Root Regions
[358.830s][info][gc,marking  ] GC(756) Concurrent Scan Root Regions 19.996ms
[358.830s][info][gc,marking  ] GC(756) Concurrent Mark
[358.830s][info][gc,marking  ] GC(756) Concurrent Mark From Roots
[358.830s][info][gc,task     ] GC(756) Using 1 workers of 1 for marking
[358.886s][info][gc,marking  ] GC(756) Concurrent Mark From Roots 55.836ms
[358.886s][info][gc,marking  ] GC(756) Concurrent Preclean
[358.886s][info][gc,marking  ] GC(756) Concurrent Preclean 0.033ms
[358.886s][info][gc,start    ] GC(756) Pause Remark
[358.902s][info][gc          ] GC(756) Pause Remark 104M->104M(256M) 15.548ms
[358.902s][info][gc,cpu      ] GC(756) User=0.03s Sys=0.00s Real=0.02s
[358.902s][info][gc,marking  ] GC(756) Concurrent Mark 71.735ms
[358.902s][info][gc,marking  ] GC(756) Concurrent Rebuild Remembered Sets and Scrub Regions
[358.936s][info][gc,marking  ] GC(756) Concurrent Rebuild Remembered Sets and Scrub Regions 33.923ms
[358.936s][info][gc,start    ] GC(756) Pause Cleanup
[358.936s][info][gc          ] GC(756) Pause Cleanup 114M->114M(256M) 0.056ms
[358.936s][info][gc,cpu      ] GC(756) User=0.00s Sys=0.00s Real=0.00s
[358.936s][info][gc,marking  ] GC(756) Concurrent Clear Claimed Marks
[358.936s][info][gc,marking  ] GC(756) Concurrent Clear Claimed Marks 0.036ms
[358.936s][info][gc,marking  ] GC(756) Concurrent Cleanup for Next Mark
[358.937s][info][gc,marking  ] GC(756) Concurrent Cleanup for Next Mark 0.733ms
[358.937s][info][gc          ] GC(756) Concurrent Mark Cycle 126.774ms
[359.249s][info][gc,start    ] GC(757) Pause Young (Prepare Mixed) (G1 Evacuation Pause)
[359.249s][info][gc,task     ] GC(757) Using 2 workers of 2 for evacuation
[359.259s][info][gc,phases   ] GC(757)   Pre Evacuate Collection Set: 0.14ms
[359.259s][info][gc,phases   ] GC(757)   Merge Heap Roots: 0.11ms
[359.259s][info][gc,phases   ] GC(757)   Evacuate Collection Set: 8.95ms
[359.259s][info][gc,phases   ] GC(757)   Post Evacuate Collection Set: 0.39ms
[359.259s][info][gc,phases   ] GC(757)   Other: 0.08ms
[359.259s][info][gc,heap     ] GC(757) Eden regions: 121->0(122)
[359.259s][info][gc,heap     ] GC(757) Survivor regions: 5->10(16)
[359.259s][info][gc,heap     ] GC(757) Old regions: 76->76
[359.259s][info][gc,heap     ] GC(757) Humongous regions: 15->3
[359.259s][info][gc,metaspace] GC(757) Metaspace: 42913K(43264K)->42913K(43264K) NonClass: 40098K(40320K)->40098K(40320K) Class: 2815K(2944K)->2815K(2944K)
[359.259s][info][gc          ] GC(757) Pause Young (Prepare Mixed) (G1 Evacuation Pause) 216M->87M(256M) 9.868ms
[359.259s][info][gc,cpu      ] GC(757) User=0.02s Sys=0.00s Real=0.01s
[359.640s][info][gc,start    ] GC(758) Pause Young (Mixed) (G1 Evacuation Pause)
[359.640s][info][gc,task     ] GC(758) Using 2 workers of 2 for evacuation
[359.654s][info][gc,phases   ] GC(758)   Pre Evacuate Collection Set: 0.17ms
[359.654s][info][gc,phases   ] GC(758)   Merge Heap Roots: 0.14ms
[359.654s][info][gc,phases   ] GC(758)   Evacuate Collection Set: 13.99ms
[359.654s][info][gc,phases   ] GC(758)   Post Evacuate Collection Set: 0.41ms
[359.654s][info][gc,phases   ] GC(758)   Other: 0.07ms
[359.654s][info][gc,heap     ] GC(758) Eden regions: 122->0(130)
[359.654s][info][gc,heap     ] GC(758) Survivor regions: 10->7(17)
[359.654s][info][gc,heap     ] GC(758) Old regions: 76->73
[359.654s][info][gc,heap     ] GC(758) Humongous regions: 13->3
[359.654s][info][gc,metaspace] GC(758) Metaspace: 42913K(43264K)->42913K(43264K) NonClass: 40098K(40320K)->40098K(40320K) Class: 2815K(2944K)->2815K(2944K)
[359.655s][info][gc          ] GC(758) Pause Young (Mixed) (G1 Evacuation Pause) 219M->81M(256M) 14.944ms
[359.655s][info][gc,cpu      ] GC(758) User=0.03s Sys=0.00s Real=0.01s
[359.854s][info][gc,start    ] GC(759) Pause Young (Concurrent Start) (G1 Humongous Allocation)
[359.854s][info][gc,task     ] GC(759) Using 2 workers of 2 for evacuation
[359.857s][info][gc,phases   ] GC(759)   Pre Evacuate Collection Set: 0.19ms
[359.857s][info][gc,phases   ] GC(759)   Merge Heap Roots: 0.05ms
[359.857s][info][gc,phases   ] GC(759)   Evacuate Collection Set: 2.20ms
[359.857s][info][gc,phases   ] GC(759)   Post Evacuate Collection Set: 0.35ms
[359.857s][info][gc,phases   ] GC(759)   Other: 0.12ms
[359.857s][info][gc,heap     ] GC(759) Eden regions: 48->0(143)
[359.857s][info][gc,heap     ] GC(759) Survivor regions: 7->2(18)
[359.857s][info][gc,heap     ] GC(759) Old regions: 73->73
[359.857s][info][gc,heap     ] GC(759) Humongous regions: 3->1
[359.857s][info][gc,metaspace] GC(759) Metaspace: 42913K(43264K)->42913K(43264K) NonClass: 40098K(40320K)->40098K(40320K) Class: 2815K(2944K)->2815K(2944K)
[359.857s][info][gc          ] GC(759) Pause Young (Concurrent Start) (G1 Humongous Allocation) 129M->74M(256M) 3.093ms
[359.857s][info][gc,cpu      ] GC(759) User=0.01s Sys=0.00s Real=0.01s
[359.857s][info][gc          ] GC(760) Concurrent Mark Cycle
[359.857s][info][gc,marking  ] GC(760) Concurrent Scan Root Regions
[359.859s][info][gc,marking  ] GC(760) Concurrent Scan Root Regions 2.282ms
[359.859s][info][gc,marking  ] GC(760) Concurrent Mark
[359.859s][info][gc,marking  ] GC(760) Concurrent Mark From Roots
[359.859s][info][gc,task     ] GC(760) Using 1 workers of 1 for marking
[359.909s][info][gc,marking  ] GC(760) Concurrent Mark From Roots 49.437ms
[359.909s][info][gc,marking  ] GC(760) Concurrent Preclean
[359.909s][info][gc,marking  ] GC(760) Concurrent Preclean 0.036ms
[359.909s][info][gc,start    ] GC(760) Pause Remark
[359.938s][info][gc          ] GC(760) Pause Remark 86M->74M(256M) 29.157ms
[359.938s][info][gc,cpu      ] GC(760) User=0.04s Sys=0.00s Real=0.03s
[359.938s][info][gc,marking  ] GC(760) Concurrent Mark 79.229ms
[359.939s][info][gc,marking  ] GC(760) Concurrent Rebuild Remembered Sets and Scrub Regions
[359.966s][info][gc,marking  ] GC(760) Concurrent Rebuild Remembered Sets and Scrub Regions 27.078ms
[359.966s][info][gc,start    ] GC(760) Pause Cleanup
[359.966s][info][gc          ] GC(760) Pause Cleanup 82M->82M(256M) 0.045ms
[359.966s][info][gc,cpu      ] GC(760) User=0.00s Sys=0.00s Real=0.00s
[359.966s][info][gc,marking  ] GC(760) Concurrent Clear Claimed Marks
[359.966s][info][gc,marking  ] GC(760) Concurrent Clear Claimed Marks 0.034ms
[359.966s][info][gc,marking  ] GC(760) Concurrent Cleanup for Next Mark
[359.967s][info][gc,marking  ] GC(760) Concurrent Cleanup for Next Mark 0.738ms
[359.967s][info][gc          ] GC(760) Concurrent Mark Cycle 109.712ms
[360.514s][info][gc,start    ] GC(761) Pause Young (Prepare Mixed) (G1 Evacuation Pause)
[360.514s][info][gc,task     ] GC(761) Using 2 workers of 2 for evacuation
[360.522s][info][gc,phases   ] GC(761)   Pre Evacuate Collection Set: 0.23ms
[360.522s][info][gc,phases   ] GC(761)   Merge Heap Roots: 0.10ms
[360.522s][info][gc,phases   ] GC(761)   Evacuate Collection Set: 6.56ms
[360.522s][info][gc,phases   ] GC(761)   Post Evacuate Collection Set: 0.39ms
[360.522s][info][gc,phases   ] GC(761)   Other: 0.07ms
[360.522s][info][gc,heap     ] GC(761) Eden regions: 143->0(145)
[360.522s][info][gc,heap     ] GC(761) Survivor regions: 2->8(19)
[360.522s][info][gc,heap     ] GC(761) Old regions: 61->61
[360.522s][info][gc,heap     ] GC(761) Humongous regions: 15->3
[360.522s][info][gc,metaspace] GC(761) Metaspace: 42913K(43264K)->42913K(43264K) NonClass: 40098K(40320K)->40098K(40320K) Class: 2815K(2944K)->2815K(2944K)
[360.522s][info][gc          ] GC(761) Pause Young (Prepare Mixed) (G1 Evacuation Pause) 219M->70M(256M) 7.510ms
[360.522s][info][gc,cpu      ] GC(761) User=0.01s Sys=0.00s Real=0.01s
[361.011s][info][gc,start    ] GC(762) Pause Young (Mixed) (G1 Evacuation Pause)
[361.011s][info][gc,task     ] GC(762) Using 2 workers of 2 for evacuation
[361.036s][info][gc,phases   ] GC(762)   Pre Evacuate Collection Set: 0.22ms
[361.036s][info][gc,phases   ] GC(762)   Merge Heap Roots: 0.14ms
[361.037s][info][gc,phases   ] GC(762)   Evacuate Collection Set: 24.69ms
[361.037s][info][gc,phases   ] GC(762)   Post Evacuate Collection Set: 0.50ms
[361.037s][info][gc,phases   ] GC(762)   Other: 0.07ms
[361.037s][info][gc,heap     ] GC(762) Eden regions: 145->0(133)
[361.037s][info][gc,heap     ] GC(762) Survivor regions: 8->20(20)
[361.037s][info][gc,heap     ] GC(762) Old regions: 61->51
[361.037s][info][gc,heap     ] GC(762) Humongous regions: 3->3
[361.037s][info][gc,metaspace] GC(762) Metaspace: 42913K(43264K)->42913K(43264K) NonClass: 40098K(40320K)->40098K(40320K) Class: 2815K(2944K)->2815K(2944K)
[361.037s][info][gc          ] GC(762) Pause Young (Mixed) (G1 Evacuation Pause) 215M->73M(256M) 25.795ms
[361.037s][info][gc,cpu      ] GC(762) User=0.05s Sys=0.00s Real=0.02s
[361.571s][info][gc,start    ] GC(763) Pause Young (Concurrent Start) (G1 Evacuation Pause)
[361.571s][info][gc,task     ] GC(763) Using 2 workers of 2 for evacuation
[361.602s][info][gc,phases   ] GC(763)   Pre Evacuate Collection Set: 0.18ms
[361.602s][info][gc,phases   ] GC(763)   Merge Heap Roots: 0.11ms
[361.602s][info][gc,phases   ] GC(763)   Evacuate Collection Set: 30.59ms
[361.602s][info][gc,phases   ] GC(763)   Post Evacuate Collection Set: 0.44ms
[361.602s][info][gc,phases   ] GC(763)   Other: 0.08ms
[361.602s][info][gc,heap     ] GC(763) Eden regions: 133->0(125)
[361.602s][info][gc,heap     ] GC(763) Survivor regions: 20->20(20)
[361.602s][info][gc,heap     ] GC(763) Old regions: 51->61
[361.602s][info][gc,heap     ] GC(763) Humongous regions: 3->3
[361.602s][info][gc,metaspace] GC(763) Metaspace: 42913K(43264K)->42913K(43264K) NonClass: 40098K(40320K)->40098K(40320K) Class: 2815K(2944K)->2815K(2944K)
[361.602s][info][gc          ] GC(763) Pause Young (Concurrent Start) (G1 Evacuation Pause) 206M->83M(256M) 31.581ms
[361.602s][info][gc,cpu      ] GC(763) User=0.06s Sys=0.00s Real=0.03s
[361.602s][info][gc          ] GC(764) Concurrent Mark Cycle
[361.602s][info][gc,marking  ] GC(764) Concurrent Scan Root Regions
[361.631s][info][gc,marking  ] GC(764) Concurrent Scan Root Regions 28.421ms
[361.631s][info][gc,marking  ] GC(764) Concurrent Mark
[361.631s][info][gc,marking  ] GC(764) Concurrent Mark From Roots
[361.631s][info][gc,task     ] GC(764) Using 1 workers of 1 for marking
[361.699s][info][gc,marking  ] GC(764) Concurrent Mark From Roots 68.003ms
[361.699s][info][gc,marking  ] GC(764) Concurrent Preclean
[361.699s][info][gc,marking  ] GC(764) Concurrent Preclean 0.035ms
[361.699s][info][gc,start    ] GC(764) Pause Remark
[361.714s][info][gc          ] GC(764) Pause Remark 106M->106M(256M) 15.251ms
[361.714s][info][gc,cpu      ] GC(764) User=0.03s Sys=0.00s Real=0.01s
[361.714s][info][gc,marking  ] GC(764) Concurrent Mark 83.547ms
[361.714s][info][gc,marking  ] GC(764) Concurrent Rebuild Remembered Sets and Scrub Regions
[361.756s][info][gc,marking  ] GC(764) Concurrent Rebuild Remembered Sets and Scrub Regions 41.496ms
[361.757s][info][gc,start    ] GC(764) Pause Cleanup
[361.757s][info][gc          ] GC(764) Pause Cleanup 116M->116M(256M) 0.045ms
[361.757s][info][gc,cpu      ] GC(764) User=0.00s Sys=0.00s Real=0.00s
[361.757s][info][gc,marking  ] GC(764) Concurrent Clear Claimed Marks
[361.757s][info][gc,marking  ] GC(764) Concurrent Clear Claimed Marks 0.041ms
[361.757s][info][gc,marking  ] GC(764) Concurrent Cleanup for Next Mark
[361.758s][info][gc,marking  ] GC(764) Concurrent Cleanup for Next Mark 0.788ms
[361.758s][info][gc          ] GC(764) Concurrent Mark Cycle 155.659ms
[362.058s][info][gc,start    ] GC(765) Pause Young (Prepare Mixed) (G1 Evacuation Pause)
[362.058s][info][gc,task     ] GC(765) Using 2 workers of 2 for evacuation
[362.090s][info][gc,phases   ] GC(765)   Pre Evacuate Collection Set: 0.15ms
[362.090s][info][gc,phases   ] GC(765)   Merge Heap Roots: 0.17ms
[362.090s][info][gc,phases   ] GC(765)   Evacuate Collection Set: 31.40ms
[362.090s][info][gc,phases   ] GC(765)   Post Evacuate Collection Set: 0.44ms
[362.090s][info][gc,phases   ] GC(765)   Other: 0.07ms
[362.090s][info][gc,heap     ] GC(765) Eden regions: 125->0(114)
[362.090s][info][gc,heap     ] GC(765) Survivor regions: 20->15(19)
[362.090s][info][gc,heap     ] GC(765) Old regions: 61->81
[362.090s][info][gc,heap     ] GC(765) Humongous regions: 7->3
[362.090s][info][gc,metaspace] GC(765) Metaspace: 42913K(43264K)->42913K(43264K) NonClass: 40098K(40320K)->40098K(40320K) Class: 2815K(2944K)->2815K(2944K)
[362.090s][info][gc          ] GC(765) Pause Young (Prepare Mixed) (G1 Evacuation Pause) 212M->98M(256M) 32.426ms
[362.090s][info][gc,cpu      ] GC(765) User=0.07s Sys=0.00s Real=0.03s
[362.487s][info][gc,start    ] GC(766) Pause Young (Mixed) (G1 Evacuation Pause)
[362.487s][info][gc,task     ] GC(766) Using 2 workers of 2 for evacuation
[362.504s][info][gc,phases   ] GC(766)   Pre Evacuate Collection Set: 0.15ms
[362.504s][info][gc,phases   ] GC(766)   Merge Heap Roots: 0.17ms
[362.504s][info][gc,phases   ] GC(766)   Evacuate Collection Set: 15.68ms
[362.504s][info][gc,phases   ] GC(766)   Post Evacuate Collection Set: 0.41ms
[362.504s][info][gc,phases   ] GC(766)   Other: 0.07ms
[362.504s][info][gc,heap     ] GC(766) Eden regions: 114->0(124)
[362.504s][info][gc,heap     ] GC(766) Survivor regions: 15->4(17)
[362.504s][info][gc,heap     ] GC(766) Old regions: 81->85
[362.504s][info][gc,heap     ] GC(766) Humongous regions: 9->3
[362.504s][info][gc,metaspace] GC(766) Metaspace: 42913K(43264K)->42913K(43264K) NonClass: 40098K(40320K)->40098K(40320K) Class: 2815K(2944K)->2815K(2944K)
[362.504s][info][gc          ] GC(766) Pause Young (Mixed) (G1 Evacuation Pause) 218M->91M(256M) 16.681ms
[362.504s][info][gc,cpu      ] GC(766) User=0.03s Sys=0.00s Real=0.01s
[362.515s][info][gc,start    ] GC(767) Pause Young (Concurrent Start) (G1 Humongous Allocation)
[362.515s][info][gc,task     ] GC(767) Using 2 workers of 2 for evacuation
[362.516s][info][gc,phases   ] GC(767)   Pre Evacuate Collection Set: 0.18ms
[362.516s][info][gc,phases   ] GC(767)   Merge Heap Roots: 0.04ms
[362.516s][info][gc,phases   ] GC(767)   Evacuate Collection Set: 1.18ms
[362.516s][info][gc,phases   ] GC(767)   Post Evacuate Collection Set: 0.24ms
[362.516s][info][gc,phases   ] GC(767)   Other: 0.06ms
[362.516s][info][gc,heap     ] GC(767) Eden regions: 4->0(128)
[362.516s][info][gc,heap     ] GC(767) Survivor regions: 4->2(16)
[362.516s][info][gc,heap     ] GC(767) Old regions: 85->85
[362.516s][info][gc,heap     ] GC(767) Humongous regions: 3->1
[362.516s][info][gc,metaspace] GC(767) Metaspace: 42913K(43264K)->42913K(43264K) NonClass: 40098K(40320K)->40098K(40320K) Class: 2815K(2944K)->2815K(2944K)
[362.516s][info][gc          ] GC(767) Pause Young (Concurrent Start) (G1 Humongous Allocation) 95M->87M(256M) 1.858ms
[362.516s][info][gc,cpu      ] GC(767) User=0.00s Sys=0.00s Real=0.00s
[362.516s][info][gc          ] GC(768) Concurrent Mark Cycle
[362.516s][info][gc,marking  ] GC(768) Concurrent Scan Root Regions
[362.520s][info][gc,marking  ] GC(768) Concurrent Scan Root Regions 3.197ms
[362.520s][info][gc,marking  ] GC(768) Concurrent Mark
[362.520s][info][gc,marking  ] GC(768) Concurrent Mark From Roots
[362.520s][info][gc,task     ] GC(768) Using 1 workers of 1 for marking
[362.581s][info][gc,marking  ] GC(768) Concurrent Mark From Roots 61.344ms
[362.581s][info][gc,marking  ] GC(768) Concurrent Preclean
[362.581s][info][gc,marking  ] GC(768) Concurrent Preclean 0.034ms
[362.581s][info][gc,start    ] GC(768) Pause Remark
[362.597s][info][gc          ] GC(768) Pause Remark 105M->97M(256M) 15.478ms
[362.597s][info][gc,cpu      ] GC(768) User=0.03s Sys=0.00s Real=0.02s
[362.597s][info][gc,marking  ] GC(768) Concurrent Mark 77.160ms
[362.597s][info][gc,marking  ] GC(768) Concurrent Rebuild Remembered Sets and Scrub Regions
[362.619s][info][gc,marking  ] GC(768) Concurrent Rebuild Remembered Sets and Scrub Regions 21.645ms
[362.619s][info][gc,start    ] GC(768) Pause Cleanup
[362.619s][info][gc          ] GC(768) Pause Cleanup 101M->101M(256M) 0.058ms
[362.619s][info][gc,cpu      ] GC(768) User=0.00s Sys=0.00s Real=0.00s
[362.619s][info][gc,marking  ] GC(768) Concurrent Clear Claimed Marks
[362.619s][info][gc,marking  ] GC(768) Concurrent Clear Claimed Marks 0.035ms
[362.619s][info][gc,marking  ] GC(768) Concurrent Cleanup for Next Mark
[362.620s][info][gc,marking  ] GC(768) Concurrent Cleanup for Next Mark 0.740ms
[362.620s][info][gc          ] GC(768) Concurrent Mark Cycle 103.158ms
[362.979s][info][gc,start    ] GC(769) Pause Young (Prepare Mixed) (G1 Evacuation Pause)
[362.979s][info][gc,task     ] GC(769) Using 2 workers of 2 for evacuation
[362.988s][info][gc,phases   ] GC(769)   Pre Evacuate Collection Set: 0.15ms
[362.988s][info][gc,phases   ] GC(769)   Merge Heap Roots: 0.06ms
[362.988s][info][gc,phases   ] GC(769)   Evacuate Collection Set: 7.75ms
[362.988s][info][gc,phases   ] GC(769)   Post Evacuate Collection Set: 0.63ms
[362.988s][info][gc,phases   ] GC(769)   Other: 0.07ms
[362.988s][info][gc,heap     ] GC(769) Eden regions: 128->0(150)
[362.988s][info][gc,heap     ] GC(769) Survivor regions: 2->10(17)
[362.988s][info][gc,heap     ] GC(769) Old regions: 77->77
[362.988s][info][gc,heap     ] GC(769) Humongous regions: 7->3
[362.988s][info][gc,metaspace] GC(769) Metaspace: 42914K(43264K)->42914K(43264K) NonClass: 40099K(40320K)->40099K(40320K) Class: 2815K(2944K)->2815K(2944K)
[362.988s][info][gc          ] GC(769) Pause Young (Prepare Mixed) (G1 Evacuation Pause) 213M->89M(285M) 8.824ms
[362.988s][info][gc,cpu      ] GC(769) User=0.01s Sys=0.00s Real=0.01s
[363.560s][info][gc,start    ] GC(770) Pause Young (Mixed) (G1 Evacuation Pause)
[363.560s][info][gc,task     ] GC(770) Using 2 workers of 2 for evacuation
[363.565s][info][gc,phases   ] GC(770)   Pre Evacuate Collection Set: 0.20ms
[363.565s][info][gc,phases   ] GC(770)   Merge Heap Roots: 0.09ms
[363.565s][info][gc,phases   ] GC(770)   Evacuate Collection Set: 4.87ms
[363.565s][info][gc,phases   ] GC(770)   Post Evacuate Collection Set: 0.38ms
[363.565s][info][gc,phases   ] GC(770)   Other: 0.07ms
[363.565s][info][gc,heap     ] GC(770) Eden regions: 150->0(168)
[363.565s][info][gc,heap     ] GC(770) Survivor regions: 10->3(20)
[363.565s][info][gc,heap     ] GC(770) Old regions: 77->50
[363.565s][info][gc,heap     ] GC(770) Humongous regions: 5->1
[363.565s][info][gc,metaspace] GC(770) Metaspace: 42914K(43264K)->42914K(43264K) NonClass: 40099K(40320K)->40099K(40320K) Class: 2815K(2944K)->2815K(2944K)
[363.565s][info][gc          ] GC(770) Pause Young (Mixed) (G1 Evacuation Pause) 241M->53M(285M) 5.786ms
[363.565s][info][gc,cpu      ] GC(770) User=0.01s Sys=0.00s Real=0.00s
[364.074s][info][gc,start    ] GC(771) Pause Young (Mixed) (G1 Evacuation Pause)
[364.074s][info][gc,task     ] GC(771) Using 2 workers of 2 for evacuation
[364.086s][info][gc,phases   ] GC(771)   Pre Evacuate Collection Set: 0.16ms
[364.086s][info][gc,phases   ] GC(771)   Merge Heap Roots: 0.09ms
[364.086s][info][gc,phases   ] GC(771)   Evacuate Collection Set: 11.23ms
[364.086s][info][gc,phases   ] GC(771)   Post Evacuate Collection Set: 0.43ms
[364.086s][info][gc,phases   ] GC(771)   Other: 0.09ms
[364.086s][info][gc,heap     ] GC(771) Eden regions: 168->0(159)
[364.086s][info][gc,heap     ] GC(771) Survivor regions: 3->12(22)
[364.086s][info][gc,heap     ] GC(771) Old regions: 50->49
[364.086s][info][gc,heap     ] GC(771) Humongous regions: 9->3
[364.086s][info][gc,metaspace] GC(771) Metaspace: 42914K(43264K)->42914K(43264K) NonClass: 40099K(40320K)->40099K(40320K) Class: 2815K(2944K)->2815K(2944K)
[364.086s][info][gc          ] GC(771) Pause Young (Mixed) (G1 Evacuation Pause) 229M->63M(285M) 12.166ms
[364.086s][info][gc,cpu      ] GC(771) User=0.03s Sys=0.00s Real=0.01s
[364.320s][info][gc,start    ] GC(772) Pause Young (Concurrent Start) (G1 Humongous Allocation)
[364.320s][info][gc,task     ] GC(772) Using 2 workers of 2 for evacuation
[364.324s][info][gc,phases   ] GC(772)   Pre Evacuate Collection Set: 0.18ms
[364.324s][info][gc,phases   ] GC(772)   Merge Heap Roots: 0.05ms
[364.324s][info][gc,phases   ] GC(772)   Evacuate Collection Set: 3.39ms
[364.324s][info][gc,phases   ] GC(772)   Post Evacuate Collection Set: 0.35ms
[364.324s][info][gc,phases   ] GC(772)   Other: 0.08ms
[364.324s][info][gc,heap     ] GC(772) Eden regions: 66->0(167)
[364.324s][info][gc,heap     ] GC(772) Survivor regions: 12->4(22)
[364.324s][info][gc,heap     ] GC(772) Old regions: 49->49
[364.324s][info][gc,heap     ] GC(772) Humongous regions: 3->1
[364.324s][info][gc,metaspace] GC(772) Metaspace: 42914K(43264K)->42914K(43264K) NonClass: 40099K(40320K)->40099K(40320K) Class: 2815K(2944K)->2815K(2944K)
[364.324s][info][gc          ] GC(772) Pause Young (Concurrent Start) (G1 Humongous Allocation) 129M->53M(285M) 4.213ms
[364.324s][info][gc,cpu      ] GC(772) User=0.01s Sys=0.00s Real=0.00s
[364.324s][info][gc          ] GC(773) Concurrent Mark Cycle
[364.324s][info][gc,marking  ] GC(773) Concurrent Scan Root Regions
[364.328s][info][gc,marking  ] GC(773) Concurrent Scan Root Regions 4.016ms
[364.329s][info][gc,marking  ] GC(773) Concurrent Mark
[364.329s][info][gc,marking  ] GC(773) Concurrent Mark From Roots
[364.329s][info][gc,task     ] GC(773) Using 1 workers of 1 for marking
[364.391s][info][gc,marking  ] GC(773) Concurrent Mark From Roots 62.433ms
[364.391s][info][gc,marking  ] GC(773) Concurrent Preclean
[364.391s][info][gc,marking  ] GC(773) Concurrent Preclean 0.030ms
[364.391s][info][gc,start    ] GC(773) Pause Remark
[364.407s][info][gc          ] GC(773) Pause Remark 76M->76M(256M) 15.507ms
[364.407s][info][gc,cpu      ] GC(773) User=0.03s Sys=0.00s Real=0.01s
[364.407s][info][gc,marking  ] GC(773) Concurrent Mark 78.243ms
[364.407s][info][gc,marking  ] GC(773) Concurrent Rebuild Remembered Sets and Scrub Regions
[364.430s][info][gc,marking  ] GC(773) Concurrent Rebuild Remembered Sets and Scrub Regions 23.228ms
[364.430s][info][gc,start    ] GC(773) Pause Cleanup
[364.431s][info][gc          ] GC(773) Pause Cleanup 81M->81M(256M) 0.047ms
[364.431s][info][gc,cpu      ] GC(773) User=0.00s Sys=0.00s Real=0.00s
[364.431s][info][gc,marking  ] GC(773) Concurrent Clear Claimed Marks
[364.431s][info][gc,marking  ] GC(773) Concurrent Clear Claimed Marks 0.049ms
[364.431s][info][gc,marking  ] GC(773) Concurrent Cleanup for Next Mark
[364.432s][info][gc,marking  ] GC(773) Concurrent Cleanup for Next Mark 0.821ms
[364.432s][info][gc          ] GC(773) Concurrent Mark Cycle 107.142ms
[364.915s][info][gc,start    ] GC(774) Pause Young (Prepare Mixed) (G1 Evacuation Pause)
[364.915s][info][gc,task     ] GC(774) Using 2 workers of 2 for evacuation
[364.922s][info][gc,phases   ] GC(774)   Pre Evacuate Collection Set: 0.16ms
[364.922s][info][gc,phases   ] GC(774)   Merge Heap Roots: 0.07ms
[364.922s][info][gc,phases   ] GC(774)   Evacuate Collection Set: 5.64ms
[364.922s][info][gc,phases   ] GC(774)   Post Evacuate Collection Set: 0.43ms
[364.922s][info][gc,phases   ] GC(774)   Other: 0.07ms
[364.922s][info][gc,heap     ] GC(774) Eden regions: 149->0(147)
[364.922s][info][gc,heap     ] GC(774) Survivor regions: 4->6(20)
[364.922s][info][gc,heap     ] GC(774) Old regions: 49->49
[364.922s][info][gc,heap     ] GC(774) Humongous regions: 7->3
[364.922s][info][gc,metaspace] GC(774) Metaspace: 42914K(43264K)->42914K(43264K) NonClass: 40099K(40320K)->40099K(40320K) Class: 2815K(2944K)->2815K(2944K)
[364.922s][info][gc          ] GC(774) Pause Young (Prepare Mixed) (G1 Evacuation Pause) 208M->57M(256M) 6.543ms
[364.922s][info][gc,cpu      ] GC(774) User=0.01s Sys=0.00s Real=0.01s
[365.305s][info][gc,start    ] GC(775) Pause Young (Mixed) (G1 Evacuation Pause)
[365.305s][info][gc,task     ] GC(775) Using 2 workers of 2 for evacuation
[365.344s][info][gc,phases   ] GC(775)   Pre Evacuate Collection Set: 0.15ms
[365.344s][info][gc,phases   ] GC(775)   Merge Heap Roots: 0.14ms
[365.344s][info][gc,phases   ] GC(775)   Evacuate Collection Set: 37.94ms
[365.344s][info][gc,phases   ] GC(775)   Post Evacuate Collection Set: 0.51ms
[365.344s][info][gc,phases   ] GC(775)   Other: 0.07ms
[365.344s][info][gc,heap     ] GC(775) Eden regions: 147->0(121)
[365.344s][info][gc,heap     ] GC(775) Survivor regions: 6->20(20)
[365.344s][info][gc,heap     ] GC(775) Old regions: 49->67
[365.344s][info][gc,heap     ] GC(775) Humongous regions: 5->3
[365.344s][info][gc,metaspace] GC(775) Metaspace: 42914K(43264K)->42914K(43264K) NonClass: 40099K(40320K)->40099K(40320K) Class: 2815K(2944K)->2815K(2944K)
[365.344s][info][gc          ] GC(775) Pause Young (Mixed) (G1 Evacuation Pause) 206M->89M(256M) 38.978ms
[365.344s][info][gc,cpu      ] GC(775) User=0.07s Sys=0.00s Real=0.04s
[365.833s][info][gc,start    ] GC(776) Pause Young (Concurrent Start) (G1 Evacuation Pause)
[365.833s][info][gc,task     ] GC(776) Using 2 workers of 2 for evacuation
[365.890s][info][gc,phases   ] GC(776)   Pre Evacuate Collection Set: 0.17ms
[365.890s][info][gc,phases   ] GC(776)   Merge Heap Roots: 0.24ms
[365.890s][info][gc,phases   ] GC(776)   Evacuate Collection Set: 55.95ms
[365.890s][info][gc,phases   ] GC(776)   Post Evacuate Collection Set: 0.42ms
[365.890s][info][gc,phases   ] GC(776)   Other: 0.08ms
[365.890s][info][gc,heap     ] GC(776) Eden regions: 121->0(96)
[365.890s][info][gc,heap     ] GC(776) Survivor regions: 20->18(18)
[365.890s][info][gc,heap     ] GC(776) Old regions: 67->98
[365.890s][info][gc,heap     ] GC(776) Humongous regions: 3->3
[365.890s][info][gc,metaspace] GC(776) Metaspace: 42914K(43264K)->42914K(43264K) NonClass: 40099K(40320K)->40099K(40320K) Class: 2815K(2944K)->2815K(2944K)
[365.890s][info][gc          ] GC(776) Pause Young (Concurrent Start) (G1 Evacuation Pause) 210M->118M(260M) 57.034ms
[365.890s][info][gc,cpu      ] GC(776) User=0.11s Sys=0.01s Real=0.06s
[365.890s][info][gc          ] GC(777) Concurrent Mark Cycle
[365.891s][info][gc,marking  ] GC(777) Concurrent Scan Root Regions
[365.946s][info][gc,marking  ] GC(777) Concurrent Scan Root Regions 55.699ms
[365.946s][info][gc,marking  ] GC(777) Concurrent Mark
[365.946s][info][gc,marking  ] GC(777) Concurrent Mark From Roots
[365.946s][info][gc,task     ] GC(777) Using 1 workers of 1 for marking
[366.104s][info][gc,marking  ] GC(777) Concurrent Mark From Roots 157.638ms
[366.104s][info][gc,marking  ] GC(777) Concurrent Preclean
[366.104s][info][gc,marking  ] GC(777) Concurrent Preclean 0.037ms
[366.105s][info][gc,start    ] GC(777) Pause Remark
[366.120s][info][gc          ] GC(777) Pause Remark 161M->161M(260M) 15.247ms
[366.120s][info][gc,cpu      ] GC(777) User=0.03s Sys=0.00s Real=0.02s
[366.120s][info][gc,marking  ] GC(777) Concurrent Mark 173.597ms
[366.120s][info][gc,marking  ] GC(777) Concurrent Rebuild Remembered Sets and Scrub Regions
[366.206s][info][gc,marking  ] GC(777) Concurrent Rebuild Remembered Sets and Scrub Regions 86.626ms
[366.207s][info][gc,start    ] GC(777) Pause Cleanup
[366.207s][info][gc          ] GC(777) Pause Cleanup 179M->179M(260M) 0.046ms
[366.207s][info][gc,cpu      ] GC(777) User=0.00s Sys=0.00s Real=0.00s
[366.207s][info][gc,marking  ] GC(777) Concurrent Clear Claimed Marks
[366.207s][info][gc,marking  ] GC(777) Concurrent Clear Claimed Marks 0.047ms
[366.207s][info][gc,marking  ] GC(777) Concurrent Cleanup for Next Mark
[366.208s][info][gc,marking  ] GC(777) Concurrent Cleanup for Next Mark 0.838ms
[366.208s][info][gc          ] GC(777) Concurrent Mark Cycle 317.519ms
[366.373s][info][gc,start    ] GC(778) Pause Young (Prepare Mixed) (G1 Evacuation Pause)
[366.373s][info][gc,task     ] GC(778) Using 2 workers of 2 for evacuation
[366.422s][info][gc,phases   ] GC(778)   Pre Evacuate Collection Set: 0.15ms
[366.423s][info][gc,phases   ] GC(778)   Merge Heap Roots: 0.32ms
[366.423s][info][gc,phases   ] GC(778)   Evacuate Collection Set: 48.70ms
[366.423s][info][gc,phases   ] GC(778)   Post Evacuate Collection Set: 0.42ms
[366.423s][info][gc,phases   ] GC(778)   Other: 0.08ms
[366.423s][info][gc,heap     ] GC(778) Eden regions: 96->0(73)
[366.423s][info][gc,heap     ] GC(778) Survivor regions: 18->15(15)
[366.423s][info][gc,heap     ] GC(778) Old regions: 98->127
[366.423s][info][gc,heap     ] GC(778) Humongous regions: 3->3
[366.423s][info][gc,metaspace] GC(778) Metaspace: 42914K(43264K)->42914K(43264K) NonClass: 40099K(40320K)->40099K(40320K) Class: 2815K(2944K)->2815K(2944K)
[366.423s][info][gc          ] GC(778) Pause Young (Prepare Mixed) (G1 Evacuation Pause) 214M->144M(260M) 49.848ms
[366.423s][info][gc,cpu      ] GC(778) User=0.09s Sys=0.00s Real=0.05s
[366.760s][info][gc,start    ] GC(779) Pause Young (Mixed) (G1 Evacuation Pause)
[366.760s][info][gc,task     ] GC(779) Using 2 workers of 2 for evacuation
[366.805s][info][gc,phases   ] GC(779)   Pre Evacuate Collection Set: 0.15ms
[366.805s][info][gc,phases   ] GC(779)   Merge Heap Roots: 0.24ms
[366.805s][info][gc,phases   ] GC(779)   Evacuate Collection Set: 44.07ms
[366.805s][info][gc,phases   ] GC(779)   Post Evacuate Collection Set: 0.36ms
[366.805s][info][gc,phases   ] GC(779)   Other: 0.08ms
[366.805s][info][gc,heap     ] GC(779) Eden regions: 73->0(57)
[366.805s][info][gc,heap     ] GC(779) Survivor regions: 15->11(11)
[366.805s][info][gc,heap     ] GC(779) Old regions: 127->150
[366.805s][info][gc,heap     ] GC(779) Humongous regions: 3->3
[366.805s][info][gc,metaspace] GC(779) Metaspace: 42914K(43264K)->42914K(43264K) NonClass: 40099K(40320K)->40099K(40320K) Class: 2815K(2944K)->2815K(2944K)
[366.805s][info][gc          ] GC(779) Pause Young (Mixed) (G1 Evacuation Pause) 217M->163M(260M) 45.083ms
[366.805s][info][gc,cpu      ] GC(779) User=0.09s Sys=0.00s Real=0.04s
[367.015s][info][gc,start    ] GC(780) Pause Young (Concurrent Start) (G1 Humongous Allocation)
[367.015s][info][gc,task     ] GC(780) Using 2 workers of 2 for evacuation
[367.044s][info][gc,phases   ] GC(780)   Pre Evacuate Collection Set: 0.17ms
[367.044s][info][gc,phases   ] GC(780)   Merge Heap Roots: 0.24ms
[367.044s][info][gc,phases   ] GC(780)   Evacuate Collection Set: 27.60ms
[367.044s][info][gc,phases   ] GC(780)   Post Evacuate Collection Set: 0.37ms
[367.044s][info][gc,phases   ] GC(780)   Other: 0.09ms
[367.044s][info][gc,heap     ] GC(780) Eden regions: 48->0(51)
[367.044s][info][gc,heap     ] GC(780) Survivor regions: 11->9(9)
[367.044s][info][gc,heap     ] GC(780) Old regions: 150->164
[367.044s][info][gc,heap     ] GC(780) Humongous regions: 3->1
[367.044s][info][gc,metaspace] GC(780) Metaspace: 42914K(43264K)->42914K(43264K) NonClass: 40099K(40320K)->40099K(40320K) Class: 2815K(2944K)->2815K(2944K)
[367.044s][info][gc          ] GC(780) Pause Young (Concurrent Start) (G1 Humongous Allocation) 211M->173M(260M) 28.646ms
[367.044s][info][gc,cpu      ] GC(780) User=0.05s Sys=0.00s Real=0.03s
[367.044s][info][gc          ] GC(781) Concurrent Mark Cycle
[367.045s][info][gc,marking  ] GC(781) Concurrent Scan Root Regions
[367.069s][info][gc,marking  ] GC(781) Concurrent Scan Root Regions 24.415ms
[367.069s][info][gc,marking  ] GC(781) Concurrent Mark
[367.069s][info][gc,marking  ] GC(781) Concurrent Mark From Roots
[367.069s][info][gc,task     ] GC(781) Using 1 workers of 1 for marking
[367.182s][info][gc,marking  ] GC(781) Concurrent Mark From Roots 112.971ms
[367.182s][info][gc,marking  ] GC(781) Concurrent Preclean
[367.182s][info][gc,marking  ] GC(781) Concurrent Preclean 0.032ms
[367.183s][info][gc,start    ] GC(781) Pause Remark
[367.198s][info][gc          ] GC(781) Pause Remark 216M->216M(294M) 15.613ms
[367.198s][info][gc,cpu      ] GC(781) User=0.03s Sys=0.00s Real=0.02s
[367.198s][info][gc,marking  ] GC(781) Concurrent Mark 128.887ms
[367.198s][info][gc,marking  ] GC(781) Concurrent Rebuild Remembered Sets and Scrub Regions
[367.255s][info][gc,start    ] GC(782) Pause Young (Normal) (G1 Evacuation Pause)
[367.255s][info][gc,task     ] GC(782) Using 2 workers of 2 for evacuation
[367.279s][info][gc,phases   ] GC(782)   Pre Evacuate Collection Set: 0.20ms
[367.279s][info][gc,phases   ] GC(782)   Merge Heap Roots: 0.13ms
[367.279s][info][gc,phases   ] GC(782)   Evacuate Collection Set: 21.46ms
[367.279s][info][gc,phases   ] GC(782)   Post Evacuate Collection Set: 1.30ms
[367.279s][info][gc,phases   ] GC(782)   Other: 0.11ms
[367.279s][info][gc,heap     ] GC(782) Eden regions: 51->0(154)
[367.279s][info][gc,heap     ] GC(782) Survivor regions: 9->8(8)
[367.279s][info][gc,heap     ] GC(782) Old regions: 164->175
[367.279s][info][gc,heap     ] GC(782) Humongous regions: 3->3
[367.279s][info][gc,metaspace] GC(782) Metaspace: 42914K(43264K)->42914K(43264K) NonClass: 40099K(40320K)->40099K(40320K) Class: 2815K(2944K)->2815K(2944K)
[367.279s][info][gc          ] GC(782) Pause Young (Normal) (G1 Evacuation Pause) 226M->185M(431M) 23.375ms
[367.279s][info][gc,cpu      ] GC(782) User=0.03s Sys=0.01s Real=0.03s
[367.288s][info][gc,marking  ] GC(781) Concurrent Rebuild Remembered Sets and Scrub Regions 89.929ms
[367.289s][info][gc,start    ] GC(781) Pause Cleanup
[367.289s][info][gc          ] GC(781) Pause Cleanup 187M->187M(431M) 0.087ms
[367.289s][info][gc,cpu      ] GC(781) User=0.00s Sys=0.00s Real=0.00s
[367.289s][info][gc,marking  ] GC(781) Concurrent Clear Claimed Marks
[367.289s][info][gc,marking  ] GC(781) Concurrent Clear Claimed Marks 0.039ms
[367.289s][info][gc,marking  ] GC(781) Concurrent Cleanup for Next Mark
[367.292s][info][gc,marking  ] GC(781) Concurrent Cleanup for Next Mark 2.963ms
[367.292s][info][gc          ] GC(781) Concurrent Mark Cycle 248.235ms
[367.956s][info][gc,start    ] GC(783) Pause Young (Prepare Mixed) (G1 Evacuation Pause)
[367.956s][info][gc,task     ] GC(783) Using 2 workers of 2 for evacuation
[367.986s][info][gc,phases   ] GC(783)   Pre Evacuate Collection Set: 0.21ms
[367.986s][info][gc,phases   ] GC(783)   Merge Heap Roots: 0.15ms
[367.986s][info][gc,phases   ] GC(783)   Evacuate Collection Set: 29.60ms
[367.986s][info][gc,phases   ] GC(783)   Post Evacuate Collection Set: 0.46ms
[367.986s][info][gc,phases   ] GC(783)   Other: 0.07ms
[367.986s][info][gc,heap     ] GC(783) Eden regions: 154->0(151)
[367.986s][info][gc,heap     ] GC(783) Survivor regions: 8->21(21)
[367.986s][info][gc,heap     ] GC(783) Old regions: 175->176
[367.987s][info][gc,heap     ] GC(783) Humongous regions: 7->3
[367.987s][info][gc,metaspace] GC(783) Metaspace: 42914K(43264K)->42914K(43264K) NonClass: 40099K(40320K)->40099K(40320K) Class: 2815K(2944K)->2815K(2944K)
[367.987s][info][gc          ] GC(783) Pause Young (Prepare Mixed) (G1 Evacuation Pause) 343M->199M(431M) 30.659ms
[367.987s][info][gc,cpu      ] GC(783) User=0.05s Sys=0.00s Real=0.03s
[368.392s][info][gc,start    ] GC(784) Pause Young (Mixed) (G1 Evacuation Pause)
[368.392s][info][gc,task     ] GC(784) Using 2 workers of 2 for evacuation
[368.437s][info][gc,phases   ] GC(784)   Pre Evacuate Collection Set: 0.22ms
[368.437s][info][gc,phases   ] GC(784)   Merge Heap Roots: 0.27ms
[368.437s][info][gc,phases   ] GC(784)   Evacuate Collection Set: 43.20ms
[368.437s][info][gc,phases   ] GC(784)   Post Evacuate Collection Set: 0.59ms
[368.437s][info][gc,phases   ] GC(784)   Other: 0.09ms
[368.437s][info][gc,heap     ] GC(784) Eden regions: 151->0(169)
[368.437s][info][gc,heap     ] GC(784) Survivor regions: 21->20(22)
[368.437s][info][gc,heap     ] GC(784) Old regions: 176->155
[368.437s][info][gc,heap     ] GC(784) Humongous regions: 11->3
[368.437s][info][gc,metaspace] GC(784) Metaspace: 42921K(43264K)->42921K(43264K) NonClass: 40106K(40320K)->40106K(40320K) Class: 2815K(2944K)->2815K(2944K)
[368.437s][info][gc          ] GC(784) Pause Young (Mixed) (G1 Evacuation Pause) 358M->177M(431M) 44.570ms
[368.437s][info][gc,cpu      ] GC(784) User=0.08s Sys=0.00s Real=0.04s
[368.961s][info][gc,start    ] GC(785) Pause Young (Mixed) (G1 Evacuation Pause)
[368.961s][info][gc,task     ] GC(785) Using 2 workers of 2 for evacuation
[368.997s][info][gc,phases   ] GC(785)   Pre Evacuate Collection Set: 0.23ms
[368.997s][info][gc,phases   ] GC(785)   Merge Heap Roots: 0.78ms
[368.997s][info][gc,phases   ] GC(785)   Evacuate Collection Set: 34.35ms
[368.997s][info][gc,phases   ] GC(785)   Post Evacuate Collection Set: 0.46ms
[368.997s][info][gc,phases   ] GC(785)   Other: 0.07ms
[368.997s][info][gc,heap     ] GC(785) Eden regions: 169->0(196)
[368.997s][info][gc,heap     ] GC(785) Survivor regions: 20->9(24)
[368.997s][info][gc,heap     ] GC(785) Old regions: 155->139
[368.997s][info][gc,heap     ] GC(785) Humongous regions: 5->3
[368.997s][info][gc,metaspace] GC(785) Metaspace: 42921K(43264K)->42921K(43264K) NonClass: 40106K(40320K)->40106K(40320K) Class: 2815K(2944K)->2815K(2944K)
[368.997s][info][gc          ] GC(785) Pause Young (Mixed) (G1 Evacuation Pause) 348M->150M(431M) 36.105ms
[368.997s][info][gc,cpu      ] GC(785) User=0.07s Sys=0.00s Real=0.04s
[369.345s][info][gc,start    ] GC(786) Pause Young (Concurrent Start) (G1 Humongous Allocation)
[369.345s][info][gc,task     ] GC(786) Using 2 workers of 2 for evacuation
[369.365s][info][gc,phases   ] GC(786)   Pre Evacuate Collection Set: 0.22ms
[369.365s][info][gc,phases   ] GC(786)   Merge Heap Roots: 0.06ms
[369.365s][info][gc,phases   ] GC(786)   Evacuate Collection Set: 18.53ms
[369.365s][info][gc,phases   ] GC(786)   Post Evacuate Collection Set: 0.41ms
[369.365s][info][gc,phases   ] GC(786)   Other: 0.11ms
[369.365s][info][gc,heap     ] GC(786) Eden regions: 118->0(173)
[369.365s][info][gc,heap     ] GC(786) Survivor regions: 9->26(26)
[369.365s][info][gc,heap     ] GC(786) Old regions: 139->145
[369.365s][info][gc,heap     ] GC(786) Humongous regions: 3->3
[369.365s][info][gc,metaspace] GC(786) Metaspace: 42921K(43264K)->42921K(43264K) NonClass: 40106K(40320K)->40106K(40320K) Class: 2815K(2944K)->2815K(2944K)
[369.365s][info][gc          ] GC(786) Pause Young (Concurrent Start) (G1 Humongous Allocation) 267M->174M(431M) 19.522ms
[369.365s][info][gc,cpu      ] GC(786) User=0.04s Sys=0.00s Real=0.02s
[369.365s][info][gc          ] GC(787) Concurrent Mark Cycle
[369.365s][info][gc,marking  ] GC(787) Concurrent Scan Root Regions
[369.377s][info][gc,marking  ] GC(787) Concurrent Scan Root Regions 11.739ms
[369.377s][info][gc,marking  ] GC(787) Concurrent Mark
[369.377s][info][gc,marking  ] GC(787) Concurrent Mark From Roots
[369.377s][info][gc,task     ] GC(787) Using 1 workers of 1 for marking
[369.446s][info][gc,marking  ] GC(787) Concurrent Mark From Roots 69.054ms
[369.446s][info][gc,marking  ] GC(787) Concurrent Preclean
[369.446s][info][gc,marking  ] GC(787) Concurrent Preclean 0.053ms
[369.446s][info][gc,start    ] GC(787) Pause Remark
[369.462s][info][gc          ] GC(787) Pause Remark 196M->176M(431M) 15.752ms
[369.462s][info][gc,cpu      ] GC(787) User=0.03s Sys=0.00s Real=0.02s
[369.462s][info][gc,marking  ] GC(787) Concurrent Mark 85.190ms
[369.462s][info][gc,marking  ] GC(787) Concurrent Rebuild Remembered Sets and Scrub Regions
[369.494s][info][gc,marking  ] GC(787) Concurrent Rebuild Remembered Sets and Scrub Regions 32.276ms
[369.494s][info][gc,start    ] GC(787) Pause Cleanup
[369.494s][info][gc          ] GC(787) Pause Cleanup 185M->185M(431M) 0.068ms
[369.494s][info][gc,cpu      ] GC(787) User=0.00s Sys=0.00s Real=0.00s
[369.494s][info][gc,marking  ] GC(787) Concurrent Clear Claimed Marks
[369.494s][info][gc,marking  ] GC(787) Concurrent Clear Claimed Marks 0.037ms
[369.494s][info][gc,marking  ] GC(787) Concurrent Cleanup for Next Mark
[369.496s][info][gc,marking  ] GC(787) Concurrent Cleanup for Next Mark 1.217ms
[369.496s][info][gc          ] GC(787) Concurrent Mark Cycle 130.878ms
[369.922s][info][gc,start    ] GC(788) Pause Young (Prepare Mixed) (G1 Evacuation Pause)
[369.922s][info][gc,task     ] GC(788) Using 2 workers of 2 for evacuation
[369.950s][info][gc,phases   ] GC(788)   Pre Evacuate Collection Set: 0.21ms
[369.950s][info][gc,phases   ] GC(788)   Merge Heap Roots: 0.11ms
[369.950s][info][gc,phases   ] GC(788)   Evacuate Collection Set: 26.67ms
[369.950s][info][gc,phases   ] GC(788)   Post Evacuate Collection Set: 0.45ms
[369.950s][info][gc,phases   ] GC(788)   Other: 0.07ms
[369.950s][info][gc,heap     ] GC(788) Eden regions: 173->0(175)
[369.950s][info][gc,heap     ] GC(788) Survivor regions: 26->25(25)
[369.950s][info][gc,heap     ] GC(788) Old regions: 125->143
[369.950s][info][gc,heap     ] GC(788) Humongous regions: 5->4
[369.950s][info][gc,metaspace] GC(788) Metaspace: 42921K(43264K)->42921K(43264K) NonClass: 40106K(40320K)->40106K(40320K) Class: 2815K(2944K)->2815K(2944K)
[369.950s][info][gc          ] GC(788) Pause Young (Prepare Mixed) (G1 Evacuation Pause) 329M->171M(431M) 27.725ms
[369.950s][info][gc,cpu      ] GC(788) User=0.05s Sys=0.01s Real=0.03s
[370.524s][info][gc,start    ] GC(789) Pause Young (Mixed) (G1 Evacuation Pause)
[370.524s][info][gc,task     ] GC(789) Using 2 workers of 2 for evacuation
[370.556s][info][gc,phases   ] GC(789)   Pre Evacuate Collection Set: 0.23ms
[370.556s][info][gc,phases   ] GC(789)   Merge Heap Roots: 0.15ms
[370.556s][info][gc,phases   ] GC(789)   Evacuate Collection Set: 30.65ms
[370.556s][info][gc,phases   ] GC(789)   Post Evacuate Collection Set: 0.48ms
[370.556s][info][gc,phases   ] GC(789)   Other: 0.09ms
[370.556s][info][gc,heap     ] GC(789) Eden regions: 175->0(180)
[370.556s][info][gc,heap     ] GC(789) Survivor regions: 25->25(25)
[370.556s][info][gc,heap     ] GC(789) Old regions: 143->123
[370.556s][info][gc,heap     ] GC(789) Humongous regions: 4->4
[370.556s][info][gc,metaspace] GC(789) Metaspace: 42921K(43264K)->42921K(43264K) NonClass: 40106K(40320K)->40106K(40320K) Class: 2815K(2944K)->2815K(2944K)
[370.556s][info][gc          ] GC(789) Pause Young (Mixed) (G1 Evacuation Pause) 346M->151M(431M) 31.819ms
[370.556s][info][gc,cpu      ] GC(789) User=0.06s Sys=0.01s Real=0.03s
[371.126s][info][gc,start    ] GC(790) Pause Young (Mixed) (G1 Evacuation Pause)
[371.126s][info][gc,task     ] GC(790) Using 2 workers of 2 for evacuation
[371.159s][info][gc,phases   ] GC(790)   Pre Evacuate Collection Set: 0.27ms
[371.159s][info][gc,phases   ] GC(790)   Merge Heap Roots: 0.22ms
[371.159s][info][gc,phases   ] GC(790)   Evacuate Collection Set: 32.36ms
[371.159s][info][gc,phases   ] GC(790)   Post Evacuate Collection Set: 0.49ms
[371.159s][info][gc,phases   ] GC(790)   Other: 0.07ms
[371.159s][info][gc,heap     ] GC(790) Eden regions: 180->0(177)
[371.159s][info][gc,heap     ] GC(790) Survivor regions: 25->19(26)
[371.159s][info][gc,heap     ] GC(790) Old regions: 123->139
[371.159s][info][gc,heap     ] GC(790) Humongous regions: 5->5
[371.159s][info][gc,metaspace] GC(790) Metaspace: 42921K(43264K)->42921K(43264K) NonClass: 40106K(40320K)->40106K(40320K) Class: 2815K(2944K)->2815K(2944K)
[371.159s][info][gc          ] GC(790) Pause Young (Mixed) (G1 Evacuation Pause) 332M->163M(431M) 33.612ms
[371.160s][info][gc,cpu      ] GC(790) User=0.06s Sys=0.00s Real=0.04s
[371.399s][info][gc,start    ] GC(791) Pause Young (Concurrent Start) (G1 Humongous Allocation)
[371.399s][info][gc,task     ] GC(791) Using 2 workers of 2 for evacuation
[371.444s][info][gc,phases   ] GC(791)   Pre Evacuate Collection Set: 0.24ms
[371.444s][info][gc,phases   ] GC(791)   Merge Heap Roots: 0.13ms
[371.444s][info][gc,phases   ] GC(791)   Evacuate Collection Set: 44.46ms
[371.444s][info][gc,phases   ] GC(791)   Post Evacuate Collection Set: 0.42ms
[371.444s][info][gc,phases   ] GC(791)   Other: 0.11ms
[371.444s][info][gc,heap     ] GC(791) Eden regions: 75->0(119)
[371.444s][info][gc,heap     ] GC(791) Survivor regions: 19->25(25)
[371.444s][info][gc,heap     ] GC(791) Old regions: 139->187
[371.444s][info][gc,heap     ] GC(791) Humongous regions: 5->5
[371.444s][info][gc,metaspace] GC(791) Metaspace: 42921K(43264K)->42921K(43264K) NonClass: 40106K(40320K)->40106K(40320K) Class: 2815K(2944K)->2815K(2944K)
[371.444s][info][gc          ] GC(791) Pause Young (Concurrent Start) (G1 Humongous Allocation) 237M->216M(431M) 45.557ms
[371.444s][info][gc,cpu      ] GC(791) User=0.09s Sys=0.00s Real=0.04s
[371.444s][info][gc          ] GC(792) Concurrent Mark Cycle
[371.444s][info][gc,marking  ] GC(792) Concurrent Scan Root Regions
[371.472s][info][gc,marking  ] GC(792) Concurrent Scan Root Regions 27.924ms
[371.472s][info][gc,marking  ] GC(792) Concurrent Mark
[371.472s][info][gc,marking  ] GC(792) Concurrent Mark From Roots
[371.472s][info][gc,task     ] GC(792) Using 1 workers of 1 for marking
[371.575s][info][gc,marking  ] GC(792) Concurrent Mark From Roots 103.219ms
[371.575s][info][gc,marking  ] GC(792) Concurrent Preclean
[371.575s][info][gc,marking  ] GC(792) Concurrent Preclean 0.038ms
[371.576s][info][gc,start    ] GC(792) Pause Remark
[371.591s][info][gc          ] GC(792) Pause Remark 251M->239M(431M) 15.699ms
[371.591s][info][gc,cpu      ] GC(792) User=0.03s Sys=0.00s Real=0.02s
[371.594s][info][gc,marking  ] GC(792) Concurrent Mark 121.585ms
[371.594s][info][gc,marking  ] GC(792) Concurrent Rebuild Remembered Sets and Scrub Regions
[371.662s][info][gc,marking  ] GC(792) Concurrent Rebuild Remembered Sets and Scrub Regions 68.156ms
[371.662s][info][gc,start    ] GC(792) Pause Cleanup
[371.662s][info][gc          ] GC(792) Pause Cleanup 257M->257M(431M) 0.058ms
[371.662s][info][gc,cpu      ] GC(792) User=0.00s Sys=0.00s Real=0.00s
[371.662s][info][gc,marking  ] GC(792) Concurrent Clear Claimed Marks
[371.662s][info][gc,marking  ] GC(792) Concurrent Clear Claimed Marks 0.037ms
[371.662s][info][gc,marking  ] GC(792) Concurrent Cleanup for Next Mark
[371.663s][info][gc,marking  ] GC(792) Concurrent Cleanup for Next Mark 1.241ms
[371.663s][info][gc          ] GC(792) Concurrent Mark Cycle 219.386ms
[371.893s][info][gc,start    ] GC(793) Pause Young (Prepare Mixed) (G1 Evacuation Pause)
[371.893s][info][gc,task     ] GC(793) Using 2 workers of 2 for evacuation
[371.957s][info][gc,phases   ] GC(793)   Pre Evacuate Collection Set: 0.20ms
[371.957s][info][gc,phases   ] GC(793)   Merge Heap Roots: 0.31ms
[371.957s][info][gc,phases   ] GC(793)   Evacuate Collection Set: 63.26ms
[371.957s][info][gc,phases   ] GC(793)   Post Evacuate Collection Set: 0.48ms
[371.957s][info][gc,phases   ] GC(793)   Other: 0.07ms
[371.957s][info][gc,heap     ] GC(793) Eden regions: 119->0(64)
[371.957s][info][gc,heap     ] GC(793) Survivor regions: 25->18(18)
[371.957s][info][gc,heap     ] GC(793) Old regions: 176->253
[371.957s][info][gc,heap     ] GC(793) Humongous regions: 5->5
[371.957s][info][gc,metaspace] GC(793) Metaspace: 42921K(43264K)->42921K(43264K) NonClass: 40106K(40320K)->40106K(40320K) Class: 2815K(2944K)->2815K(2944K)
[371.957s][info][gc          ] GC(793) Pause Young (Prepare Mixed) (G1 Evacuation Pause) 324M->275M(431M) 64.530ms
[371.957s][info][gc,cpu      ] GC(793) User=0.13s Sys=0.00s Real=0.07s
[372.182s][info][gc,start    ] GC(794) Pause Young (Mixed) (G1 Evacuation Pause)
[372.182s][info][gc,task     ] GC(794) Using 2 workers of 2 for evacuation
[372.230s][info][gc,phases   ] GC(794)   Pre Evacuate Collection Set: 0.22ms
[372.230s][info][gc,phases   ] GC(794)   Merge Heap Roots: 0.38ms
[372.230s][info][gc,phases   ] GC(794)   Evacuate Collection Set: 46.77ms
[372.230s][info][gc,phases   ] GC(794)   Post Evacuate Collection Set: 0.43ms
[372.230s][info][gc,phases   ] GC(794)   Other: 0.09ms
[372.230s][info][gc,heap     ] GC(794) Eden regions: 64->0(60)
[372.230s][info][gc,heap     ] GC(794) Survivor regions: 18->11(11)
[372.230s][info][gc,heap     ] GC(794) Old regions: 253->268
[372.230s][info][gc,heap     ] GC(794) Humongous regions: 6->6
[372.230s][info][gc,metaspace] GC(794) Metaspace: 42921K(43264K)->42921K(43264K) NonClass: 40106K(40320K)->40106K(40320K) Class: 2815K(2944K)->2815K(2944K)
[372.230s][info][gc          ] GC(794) Pause Young (Mixed) (G1 Evacuation Pause) 340M->284M(431M) 48.085ms
[372.230s][info][gc,cpu      ] GC(794) User=0.10s Sys=0.00s Real=0.05s
[372.432s][info][gc,start    ] GC(795) Pause Young (Concurrent Start) (G1 Evacuation Pause)
[372.432s][info][gc,task     ] GC(795) Using 2 workers of 2 for evacuation
[372.471s][info][gc,phases   ] GC(795)   Pre Evacuate Collection Set: 0.24ms
[372.471s][info][gc,phases   ] GC(795)   Merge Heap Roots: 0.20ms
[372.471s][info][gc,phases   ] GC(795)   Evacuate Collection Set: 38.17ms
[372.471s][info][gc,phases   ] GC(795)   Post Evacuate Collection Set: 0.41ms
[372.471s][info][gc,phases   ] GC(795)   Other: 0.08ms
[372.471s][info][gc,heap     ] GC(795) Eden regions: 60->0(39)
[372.471s][info][gc,heap     ] GC(795) Survivor regions: 11->9(9)
[372.471s][info][gc,heap     ] GC(795) Old regions: 268->314
[372.471s][info][gc,heap     ] GC(795) Humongous regions: 6->6
[372.471s][info][gc,metaspace] GC(795) Metaspace: 42921K(43264K)->42921K(43264K) NonClass: 40106K(40320K)->40106K(40320K) Class: 2815K(2944K)->2815K(2944K)
[372.471s][info][gc          ] GC(795) Pause Young (Concurrent Start) (G1 Evacuation Pause) 344M->329M(431M) 39.307ms
[372.471s][info][gc,cpu      ] GC(795) User=0.08s Sys=0.00s Real=0.04s
[372.471s][info][gc          ] GC(796) Concurrent Mark Cycle
[372.471s][info][gc,marking  ] GC(796) Concurrent Scan Root Regions
[372.493s][info][gc,marking  ] GC(796) Concurrent Scan Root Regions 21.357ms
[372.493s][info][gc,marking  ] GC(796) Concurrent Mark
[372.493s][info][gc,marking  ] GC(796) Concurrent Mark From Roots
[372.493s][info][gc,task     ] GC(796) Using 1 workers of 1 for marking
[372.608s][info][gc,start    ] GC(797) Pause Young (Normal) (G1 Evacuation Pause)
[372.608s][info][gc,task     ] GC(797) Using 2 workers of 2 for evacuation
[372.635s][info][gc,phases   ] GC(797)   Pre Evacuate Collection Set: 0.29ms
[372.635s][info][gc,phases   ] GC(797)   Merge Heap Roots: 0.19ms
[372.635s][info][gc,phases   ] GC(797)   Evacuate Collection Set: 24.86ms
[372.635s][info][gc,phases   ] GC(797)   Post Evacuate Collection Set: 1.06ms
[372.635s][info][gc,phases   ] GC(797)   Other: 0.08ms
[372.635s][info][gc,heap     ] GC(797) Eden regions: 39->0(76)
[372.635s][info][gc,heap     ] GC(797) Survivor regions: 9->6(6)
[372.635s][info][gc,heap     ] GC(797) Old regions: 314->343
[372.635s][info][gc,heap     ] GC(797) Humongous regions: 6->6
[372.635s][info][gc,metaspace] GC(797) Metaspace: 42921K(43264K)->42921K(43264K) NonClass: 40106K(40320K)->40106K(40320K) Class: 2815K(2944K)->2815K(2944K)
[372.635s][info][gc          ] GC(797) Pause Young (Normal) (G1 Evacuation Pause) 368M->355M(541M) 26.682ms
[372.635s][info][gc,cpu      ] GC(797) User=0.06s Sys=0.00s Real=0.02s
[372.641s][info][gc,marking  ] GC(796) Concurrent Mark From Roots 148.602ms
[372.641s][info][gc,marking  ] GC(796) Concurrent Preclean
[372.641s][info][gc,marking  ] GC(796) Concurrent Preclean 0.044ms
[372.642s][info][gc,start    ] GC(796) Pause Remark
[372.657s][info][gc          ] GC(796) Pause Remark 356M->304M(541M) 15.613ms
[372.657s][info][gc,cpu      ] GC(796) User=0.03s Sys=0.00s Real=0.02s
[372.657s][info][gc,marking  ] GC(796) Concurrent Mark 164.503ms
[372.657s][info][gc,marking  ] GC(796) Concurrent Rebuild Remembered Sets and Scrub Regions
[372.757s][info][gc,marking  ] GC(796) Concurrent Rebuild Remembered Sets and Scrub Regions 99.339ms
[372.757s][info][gc,start    ] GC(796) Pause Cleanup
[372.758s][info][gc          ] GC(796) Pause Cleanup 328M->328M(541M) 0.717ms
[372.758s][info][gc,cpu      ] GC(796) User=0.00s Sys=0.00s Real=0.00s
[372.758s][info][gc,marking  ] GC(796) Concurrent Clear Claimed Marks
[372.758s][info][gc,marking  ] GC(796) Concurrent Clear Claimed Marks 0.080ms
[372.758s][info][gc,marking  ] GC(796) Concurrent Cleanup for Next Mark
[372.761s][info][gc,marking  ] GC(796) Concurrent Cleanup for Next Mark 3.548ms
[372.761s][info][gc          ] GC(796) Concurrent Mark Cycle 289.919ms
[373.003s][info][gc,start    ] GC(798) Pause Young (Prepare Mixed) (G1 Evacuation Pause)
[373.003s][info][gc,task     ] GC(798) Using 2 workers of 2 for evacuation
[373.046s][info][gc,phases   ] GC(798)   Pre Evacuate Collection Set: 0.38ms
[373.046s][info][gc,phases   ] GC(798)   Merge Heap Roots: 0.34ms
[373.046s][info][gc,phases   ] GC(798)   Evacuate Collection Set: 41.69ms
[373.046s][info][gc,phases   ] GC(798)   Post Evacuate Collection Set: 0.42ms
[373.046s][info][gc,phases   ] GC(798)   Other: 0.09ms
[373.046s][info][gc,heap     ] GC(798) Eden regions: 76->0(82)
[373.046s][info][gc,heap     ] GC(798) Survivor regions: 6->11(11)
[373.046s][info][gc,heap     ] GC(798) Old regions: 293->328
[373.046s][info][gc,heap     ] GC(798) Humongous regions: 5->5
[373.046s][info][gc,metaspace] GC(798) Metaspace: 42921K(43264K)->42921K(43264K) NonClass: 40106K(40320K)->40106K(40320K) Class: 2815K(2944K)->2815K(2944K)
[373.046s][info][gc          ] GC(798) Pause Young (Prepare Mixed) (G1 Evacuation Pause) 380M->343M(541M) 43.138ms
[373.047s][info][gc,cpu      ] GC(798) User=0.07s Sys=0.01s Real=0.04s
[373.320s][info][gc,start    ] GC(799) Pause Young (Mixed) (G1 Evacuation Pause)
[373.320s][info][gc,task     ] GC(799) Using 2 workers of 2 for evacuation
[373.353s][info][gc,phases   ] GC(799)   Pre Evacuate Collection Set: 0.31ms
[373.353s][info][gc,phases   ] GC(799)   Merge Heap Roots: 0.27ms
[373.353s][info][gc,phases   ] GC(799)   Evacuate Collection Set: 32.20ms
[373.353s][info][gc,phases   ] GC(799)   Post Evacuate Collection Set: 0.48ms
[373.353s][info][gc,phases   ] GC(799)   Other: 0.11ms
[373.353s][info][gc,heap     ] GC(799) Eden regions: 82->0(102)
[373.353s][info][gc,heap     ] GC(799) Survivor regions: 11->12(12)
[373.353s][info][gc,heap     ] GC(799) Old regions: 328->295
[373.353s][info][gc,heap     ] GC(799) Humongous regions: 6->5
[373.353s][info][gc,metaspace] GC(799) Metaspace: 42921K(43264K)->42921K(43264K) NonClass: 40106K(40320K)->40106K(40320K) Class: 2815K(2944K)->2815K(2944K)
[373.353s][info][gc          ] GC(799) Pause Young (Mixed) (G1 Evacuation Pause) 426M->311M(541M) 33.581ms
[373.353s][info][gc,cpu      ] GC(799) User=0.06s Sys=0.01s Real=0.03s
[373.688s][info][gc,start    ] GC(800) Pause Young (Mixed) (G1 Evacuation Pause)
[373.688s][info][gc,task     ] GC(800) Using 2 workers of 2 for evacuation
[373.724s][info][gc,phases   ] GC(800)   Pre Evacuate Collection Set: 0.27ms
[373.724s][info][gc,phases   ] GC(800)   Merge Heap Roots: 0.54ms
[373.724s][info][gc,phases   ] GC(800)   Evacuate Collection Set: 34.58ms
[373.724s][info][gc,phases   ] GC(800)   Post Evacuate Collection Set: 0.53ms
[373.724s][info][gc,phases   ] GC(800)   Other: 0.07ms
[373.724s][info][gc,heap     ] GC(800) Eden regions: 102->0(127)
[373.724s][info][gc,heap     ] GC(800) Survivor regions: 12->15(15)
[373.724s][info][gc,heap     ] GC(800) Old regions: 295->254
[373.724s][info][gc,heap     ] GC(800) Humongous regions: 5->5
[373.724s][info][gc,metaspace] GC(800) Metaspace: 42921K(43264K)->42921K(43264K) NonClass: 40106K(40320K)->40106K(40320K) Class: 2815K(2944K)->2815K(2944K)
[373.724s][info][gc          ] GC(800) Pause Young (Mixed) (G1 Evacuation Pause) 413M->274M(541M) 36.178ms
[373.724s][info][gc,cpu      ] GC(800) User=0.06s Sys=0.01s Real=0.03s
[374.129s][info][gc,start    ] GC(801) Pause Young (Normal) (G1 Evacuation Pause)
[374.129s][info][gc,task     ] GC(801) Using 2 workers of 2 for evacuation
[374.151s][info][gc,phases   ] GC(801)   Pre Evacuate Collection Set: 0.35ms
[374.151s][info][gc,phases   ] GC(801)   Merge Heap Roots: 0.09ms
[374.151s][info][gc,phases   ] GC(801)   Evacuate Collection Set: 21.22ms
[374.151s][info][gc,phases   ] GC(801)   Post Evacuate Collection Set: 0.40ms
[374.151s][info][gc,phases   ] GC(801)   Other: 0.07ms
[374.151s][info][gc,heap     ] GC(801) Eden regions: 127->0(124)
[374.151s][info][gc,heap     ] GC(801) Survivor regions: 15->18(18)
[374.151s][info][gc,heap     ] GC(801) Old regions: 254->272
[374.151s][info][gc,heap     ] GC(801) Humongous regions: 5->5
[374.151s][info][gc,metaspace] GC(801) Metaspace: 42921K(43264K)->42921K(43264K) NonClass: 40106K(40320K)->40106K(40320K) Class: 2815K(2944K)->2815K(2944K)
[374.151s][info][gc          ] GC(801) Pause Young (Normal) (G1 Evacuation Pause) 401M->294M(541M) 22.337ms
[374.151s][info][gc,cpu      ] GC(801) User=0.04s Sys=0.00s Real=0.02s
[374.211s][info][gc,start    ] GC(802) Pause Young (Concurrent Start) (G1 Humongous Allocation)
[374.211s][info][gc,task     ] GC(802) Using 2 workers of 2 for evacuation
[374.232s][info][gc,phases   ] GC(802)   Pre Evacuate Collection Set: 0.23ms
[374.232s][info][gc,phases   ] GC(802)   Merge Heap Roots: 0.08ms
[374.232s][info][gc,phases   ] GC(802)   Evacuate Collection Set: 20.17ms
[374.232s][info][gc,phases   ] GC(802)   Post Evacuate Collection Set: 0.35ms
[374.232s][info][gc,phases   ] GC(802)   Other: 0.08ms
[374.232s][info][gc,heap     ] GC(802) Eden regions: 18->0(93)
[374.232s][info][gc,heap     ] GC(802) Survivor regions: 18->15(18)
[374.232s][info][gc,heap     ] GC(802) Old regions: 272->290
[374.232s][info][gc,heap     ] GC(802) Humongous regions: 5->5
[374.232s][info][gc,metaspace] GC(802) Metaspace: 42921K(43264K)->42921K(43264K) NonClass: 40106K(40320K)->40106K(40320K) Class: 2815K(2944K)->2815K(2944K)
[374.232s][info][gc          ] GC(802) Pause Young (Concurrent Start) (G1 Humongous Allocation) 312M->310M(541M) 21.081ms
[374.232s][info][gc,cpu      ] GC(802) User=0.04s Sys=0.00s Real=0.02s
[374.232s][info][gc          ] GC(803) Concurrent Mark Cycle
[374.232s][info][gc,marking  ] GC(803) Concurrent Scan Root Regions
[374.245s][info][gc,marking  ] GC(803) Concurrent Scan Root Regions 12.859ms
[374.245s][info][gc,marking  ] GC(803) Concurrent Mark
[374.245s][info][gc,marking  ] GC(803) Concurrent Mark From Roots
[374.245s][info][gc,task     ] GC(803) Using 1 workers of 1 for marking
[374.328s][info][gc,marking  ] GC(803) Concurrent Mark From Roots 82.812ms
[374.328s][info][gc,marking  ] GC(803) Concurrent Preclean
[374.328s][info][gc,marking  ] GC(803) Concurrent Preclean 0.045ms
[374.328s][info][gc,start    ] GC(803) Pause Remark
[374.344s][info][gc          ] GC(803) Pause Remark 332M->184M(541M) 15.590ms
[374.344s][info][gc,cpu      ] GC(803) User=0.03s Sys=0.00s Real=0.01s
[374.344s][info][gc,marking  ] GC(803) Concurrent Mark 98.751ms
[374.344s][info][gc,marking  ] GC(803) Concurrent Rebuild Remembered Sets and Scrub Regions
[374.390s][info][gc,marking  ] GC(803) Concurrent Rebuild Remembered Sets and Scrub Regions 46.031ms
[374.390s][info][gc,start    ] GC(803) Pause Cleanup
[374.390s][info][gc          ] GC(803) Pause Cleanup 198M->198M(541M) 0.067ms
[374.390s][info][gc,cpu      ] GC(803) User=0.00s Sys=0.00s Real=0.00s
[374.390s][info][gc,marking  ] GC(803) Concurrent Clear Claimed Marks
[374.390s][info][gc,marking  ] GC(803) Concurrent Clear Claimed Marks 0.037ms
[374.390s][info][gc,marking  ] GC(803) Concurrent Cleanup for Next Mark
[374.392s][info][gc,marking  ] GC(803) Concurrent Cleanup for Next Mark 1.542ms
[374.392s][info][gc          ] GC(803) Concurrent Mark Cycle 159.605ms
[374.571s][info][gc,start    ] GC(804) Pause Young (Prepare Mixed) (G1 Evacuation Pause)
[374.571s][info][gc,task     ] GC(804) Using 2 workers of 2 for evacuation
[374.594s][info][gc,phases   ] GC(804)   Pre Evacuate Collection Set: 0.24ms
[374.594s][info][gc,phases   ] GC(804)   Merge Heap Roots: 0.22ms
[374.595s][info][gc,phases   ] GC(804)   Evacuate Collection Set: 22.15ms
[374.595s][info][gc,phases   ] GC(804)   Post Evacuate Collection Set: 0.44ms
[374.595s][info][gc,phases   ] GC(804)   Other: 0.09ms
[374.595s][info][gc,heap     ] GC(804) Eden regions: 93->0(163)
[374.595s][info][gc,heap     ] GC(804) Survivor regions: 15->14(14)
[374.595s][info][gc,heap     ] GC(804) Old regions: 144->151
[374.595s][info][gc,heap     ] GC(804) Humongous regions: 4->3
[374.595s][info][gc,metaspace] GC(804) Metaspace: 42921K(43264K)->42921K(43264K) NonClass: 40106K(40320K)->40106K(40320K) Class: 2815K(2944K)->2815K(2944K)
[374.595s][info][gc          ] GC(804) Pause Young (Prepare Mixed) (G1 Evacuation Pause) 256M->167M(541M) 23.367ms
[374.595s][info][gc,cpu      ] GC(804) User=0.05s Sys=0.00s Real=0.02s
[375.142s][info][gc,start    ] GC(805) Pause Young (Mixed) (G1 Evacuation Pause)
[375.142s][info][gc,task     ] GC(805) Using 2 workers of 2 for evacuation
[375.165s][info][gc,phases   ] GC(805)   Pre Evacuate Collection Set: 0.25ms
[375.165s][info][gc,phases   ] GC(805)   Merge Heap Roots: 0.32ms
[375.165s][info][gc,phases   ] GC(805)   Evacuate Collection Set: 21.57ms
[375.165s][info][gc,phases   ] GC(805)   Post Evacuate Collection Set: 0.81ms
[375.165s][info][gc,phases   ] GC(805)   Other: 0.09ms
[375.165s][info][gc,heap     ] GC(805) Eden regions: 163->0(215)
[375.165s][info][gc,heap     ] GC(805) Survivor regions: 14->10(23)
[375.165s][info][gc,heap     ] GC(805) Old regions: 151->120
[375.165s][info][gc,heap     ] GC(805) Humongous regions: 4->3
[375.165s][info][gc,metaspace] GC(805) Metaspace: 42921K(43264K)->42921K(43264K) NonClass: 40106K(40320K)->40106K(40320K) Class: 2815K(2944K)->2815K(2944K)
[375.165s][info][gc          ] GC(805) Pause Young (Mixed) (G1 Evacuation Pause) 331M->132M(587M) 23.231ms
[375.165s][info][gc,cpu      ] GC(805) User=0.05s Sys=0.00s Real=0.02s
[375.876s][info][gc,start    ] GC(806) Pause Young (Normal) (G1 Evacuation Pause)
[375.876s][info][gc,task     ] GC(806) Using 2 workers of 2 for evacuation
[375.879s][info][gc,phases   ] GC(806)   Pre Evacuate Collection Set: 0.24ms
[375.880s][info][gc,phases   ] GC(806)   Merge Heap Roots: 0.07ms
[375.880s][info][gc,phases   ] GC(806)   Evacuate Collection Set: 2.66ms
[375.880s][info][gc,phases   ] GC(806)   Post Evacuate Collection Set: 0.54ms
[375.880s][info][gc,phases   ] GC(806)   Other: 0.10ms
[375.880s][info][gc,heap     ] GC(806) Eden regions: 215->0(243)
[375.880s][info][gc,heap     ] GC(806) Survivor regions: 10->3(29)
[375.880s][info][gc,heap     ] GC(806) Old regions: 120->120
[375.880s][info][gc,heap     ] GC(806) Humongous regions: 6->3
[375.880s][info][gc,metaspace] GC(806) Metaspace: 42921K(43264K)->42921K(43264K) NonClass: 40106K(40320K)->40106K(40320K) Class: 2815K(2944K)->2815K(2944K)
[375.880s][info][gc          ] GC(806) Pause Young (Normal) (G1 Evacuation Pause) 350M->126M(587M) 3.802ms
[375.880s][info][gc,cpu      ] GC(806) User=0.00s Sys=0.00s Real=0.01s
[376.644s][info][gc,start    ] GC(807) Pause Young (Normal) (G1 Evacuation Pause)
[376.644s][info][gc,task     ] GC(807) Using 2 workers of 2 for evacuation
[376.662s][info][gc,phases   ] GC(807)   Pre Evacuate Collection Set: 0.25ms
[376.662s][info][gc,phases   ] GC(807)   Merge Heap Roots: 0.08ms
[376.662s][info][gc,phases   ] GC(807)   Evacuate Collection Set: 17.93ms
[376.662s][info][gc,phases   ] GC(807)   Post Evacuate Collection Set: 0.50ms
[376.662s][info][gc,phases   ] GC(807)   Other: 0.08ms
[376.662s][info][gc,heap     ] GC(807) Eden regions: 243->0(242)
[376.662s][info][gc,heap     ] GC(807) Survivor regions: 3->31(31)
[376.662s][info][gc,heap     ] GC(807) Old regions: 120->120
[376.663s][info][gc,heap     ] GC(807) Humongous regions: 6->4
[376.663s][info][gc,metaspace] GC(807) Metaspace: 42921K(43264K)->42921K(43264K) NonClass: 40106K(40320K)->40106K(40320K) Class: 2815K(2944K)->2815K(2944K)
[376.663s][info][gc          ] GC(807) Pause Young (Normal) (G1 Evacuation Pause) 372M->155M(587M) 19.027ms
[376.663s][info][gc,cpu      ] GC(807) User=0.04s Sys=0.00s Real=0.02s
[377.344s][info][gc,start    ] GC(808) Pause Young (Normal) (G1 Evacuation Pause)
[377.344s][info][gc,task     ] GC(808) Using 2 workers of 2 for evacuation
[377.361s][info][gc,phases   ] GC(808)   Pre Evacuate Collection Set: 0.23ms
[377.361s][info][gc,phases   ] GC(808)   Merge Heap Roots: 0.12ms
[377.361s][info][gc,phases   ] GC(808)   Evacuate Collection Set: 15.16ms
[377.361s][info][gc,phases   ] GC(808)   Post Evacuate Collection Set: 0.52ms
[377.361s][info][gc,phases   ] GC(808)   Other: 0.08ms
[377.361s][info][gc,heap     ] GC(808) Eden regions: 242->0(263)
[377.361s][info][gc,heap     ] GC(808) Survivor regions: 31->21(35)
[377.361s][info][gc,heap     ] GC(808) Old regions: 120->123
[377.361s][info][gc,heap     ] GC(808) Humongous regions: 6->3
[377.361s][info][gc,metaspace] GC(808) Metaspace: 42921K(43264K)->42921K(43264K) NonClass: 40106K(40320K)->40106K(40320K) Class: 2815K(2944K)->2815K(2944K)
[377.361s][info][gc          ] GC(808) Pause Young (Normal) (G1 Evacuation Pause) 399M->146M(587M) 16.303ms
[377.361s][info][gc,cpu      ] GC(808) User=0.03s Sys=0.00s Real=0.02s
[377.885s][info][gc,start    ] GC(809) Pause Young (Concurrent Start) (G1 Humongous Allocation)
[377.885s][info][gc,task     ] GC(809) Using 2 workers of 2 for evacuation
[377.896s][info][gc,phases   ] GC(809)   Pre Evacuate Collection Set: 0.25ms
[377.896s][info][gc,phases   ] GC(809)   Merge Heap Roots: 0.07ms
[377.896s][info][gc,phases   ] GC(809)   Evacuate Collection Set: 10.66ms
[377.897s][info][gc,phases   ] GC(809)   Post Evacuate Collection Set: 0.47ms
[377.897s][info][gc,phases   ] GC(809)   Other: 0.09ms
[377.897s][info][gc,heap     ] GC(809) Eden regions: 186->0(288)
[377.897s][info][gc,heap     ] GC(809) Survivor regions: 21->2(36)
[377.897s][info][gc,heap     ] GC(809) Old regions: 123->142
[377.897s][info][gc,heap     ] GC(809) Humongous regions: 3->3
[377.897s][info][gc,metaspace] GC(809) Metaspace: 42921K(43264K)->42921K(43264K) NonClass: 40106K(40320K)->40106K(40320K) Class: 2815K(2944K)->2815K(2944K)
[377.897s][info][gc          ] GC(809) Pause Young (Concurrent Start) (G1 Humongous Allocation) 332M->146M(587M) 11.722ms
[377.897s][info][gc          ] GC(810) Concurrent Mark Cycle
[377.897s][info][gc,marking  ] GC(810) Concurrent Scan Root Regions
[377.899s][info][gc,cpu      ] GC(809) User=0.02s Sys=0.00s Real=0.02s
[377.904s][info][gc,marking  ] GC(810) Concurrent Scan Root Regions 7.440ms
[377.904s][info][gc,marking  ] GC(810) Concurrent Mark
[377.904s][info][gc,marking  ] GC(810) Concurrent Mark From Roots
[377.904s][info][gc,task     ] GC(810) Using 1 workers of 1 for marking
[377.975s][info][gc,marking  ] GC(810) Concurrent Mark From Roots 70.823ms
[377.975s][info][gc,marking  ] GC(810) Concurrent Preclean
[377.975s][info][gc,marking  ] GC(810) Concurrent Preclean 0.037ms
[377.975s][info][gc,start    ] GC(810) Pause Remark
[377.991s][info][gc          ] GC(810) Pause Remark 173M->137M(374M) 15.670ms
[377.991s][info][gc,cpu      ] GC(810) User=0.03s Sys=0.00s Real=0.02s
[377.991s][info][gc,marking  ] GC(810) Concurrent Mark 86.793ms
[377.991s][info][gc,marking  ] GC(810) Concurrent Rebuild Remembered Sets and Scrub Regions
[378.026s][info][gc,marking  ] GC(810) Concurrent Rebuild Remembered Sets and Scrub Regions 35.254ms
[378.026s][info][gc,start    ] GC(810) Pause Cleanup
[378.026s][info][gc          ] GC(810) Pause Cleanup 149M->149M(374M) 0.045ms
[378.026s][info][gc,cpu      ] GC(810) User=0.00s Sys=0.00s Real=0.00s
[378.026s][info][gc,marking  ] GC(810) Concurrent Clear Claimed Marks
[378.026s][info][gc,marking  ] GC(810) Concurrent Clear Claimed Marks 0.035ms
[378.026s][info][gc,marking  ] GC(810) Concurrent Cleanup for Next Mark
[378.028s][info][gc,marking  ] GC(810) Concurrent Cleanup for Next Mark 1.165ms
[378.028s][info][gc          ] GC(810) Concurrent Mark Cycle 130.991ms
[378.481s][info][gc,start    ] GC(811) Pause Young (Prepare Mixed) (G1 Evacuation Pause)
[378.481s][info][gc,task     ] GC(811) Using 2 workers of 2 for evacuation
[378.485s][info][gc,phases   ] GC(811)   Pre Evacuate Collection Set: 0.18ms
[378.485s][info][gc,phases   ] GC(811)   Merge Heap Roots: 0.08ms
[378.485s][info][gc,phases   ] GC(811)   Evacuate Collection Set: 2.95ms
[378.485s][info][gc,phases   ] GC(811)   Post Evacuate Collection Set: 0.45ms
[378.485s][info][gc,phases   ] GC(811)   Other: 0.07ms
[378.485s][info][gc,heap     ] GC(811) Eden regions: 222->0(183)
[378.485s][info][gc,heap     ] GC(811) Survivor regions: 2->4(28)
[378.485s][info][gc,heap     ] GC(811) Old regions: 106->106
[378.485s][info][gc,heap     ] GC(811) Humongous regions: 4->1
[378.485s][info][gc,metaspace] GC(811) Metaspace: 42921K(43264K)->42921K(43264K) NonClass: 40106K(40320K)->40106K(40320K) Class: 2815K(2944K)->2815K(2944K)
[378.485s][info][gc          ] GC(811) Pause Young (Prepare Mixed) (G1 Evacuation Pause) 333M->111M(374M) 3.907ms
[378.485s][info][gc,cpu      ] GC(811) User=0.00s Sys=0.00s Real=0.00s
[378.767s][info][gc,start    ] GC(812) Pause Young (Mixed) (G1 Evacuation Pause)
[378.767s][info][gc,task     ] GC(812) Using 2 workers of 2 for evacuation
[378.772s][info][gc,phases   ] GC(812)   Pre Evacuate Collection Set: 0.18ms
[378.772s][info][gc,phases   ] GC(812)   Merge Heap Roots: 0.09ms
[378.772s][info][gc,phases   ] GC(812)   Evacuate Collection Set: 4.56ms
[378.772s][info][gc,phases   ] GC(812)   Post Evacuate Collection Set: 0.42ms
[378.772s][info][gc,phases   ] GC(812)   Other: 0.07ms
[378.772s][info][gc,heap     ] GC(812) Eden regions: 183->0(201)
[378.773s][info][gc,heap     ] GC(812) Survivor regions: 4->6(24)
[378.773s][info][gc,heap     ] GC(812) Old regions: 106->94
[378.773s][info][gc,heap     ] GC(812) Humongous regions: 1->1
[378.773s][info][gc,metaspace] GC(812) Metaspace: 42921K(43264K)->42921K(43264K) NonClass: 40106K(40320K)->40106K(40320K) Class: 2815K(2944K)->2815K(2944K)
[378.773s][info][gc          ] GC(812) Pause Young (Mixed) (G1 Evacuation Pause) 294M->100M(374M) 5.493ms
[378.773s][info][gc,cpu      ] GC(812) User=0.01s Sys=0.00s Real=0.00s
[379.086s][info][gc,start    ] GC(813) Pause Young (Concurrent Start) (G1 Evacuation Pause)
[379.086s][info][gc,task     ] GC(813) Using 2 workers of 2 for evacuation
[379.091s][info][gc,phases   ] GC(813)   Pre Evacuate Collection Set: 0.21ms
[379.091s][info][gc,phases   ] GC(813)   Merge Heap Roots: 0.07ms
[379.091s][info][gc,phases   ] GC(813)   Evacuate Collection Set: 4.13ms
[379.091s][info][gc,phases   ] GC(813)   Post Evacuate Collection Set: 0.46ms
[379.091s][info][gc,phases   ] GC(813)   Other: 0.11ms
[379.091s][info][gc,heap     ] GC(813) Eden regions: 201->0(210)
[379.091s][info][gc,heap     ] GC(813) Survivor regions: 6->6(26)
[379.091s][info][gc,heap     ] GC(813) Old regions: 94->94
[379.091s][info][gc,heap     ] GC(813) Humongous regions: 1->1
[379.091s][info][gc,metaspace] GC(813) Metaspace: 42921K(43264K)->42921K(43264K) NonClass: 40106K(40320K)->40106K(40320K) Class: 2815K(2944K)->2815K(2944K)
[379.091s][info][gc          ] GC(813) Pause Young (Concurrent Start) (G1 Evacuation Pause) 301M->100M(374M) 5.157ms
[379.091s][info][gc,cpu      ] GC(813) User=0.01s Sys=0.00s Real=0.01s
[379.091s][info][gc          ] GC(814) Concurrent Mark Cycle
[379.091s][info][gc,marking  ] GC(814) Concurrent Scan Root Regions
[379.094s][info][gc,marking  ] GC(814) Concurrent Scan Root Regions 2.492ms
[379.094s][info][gc,marking  ] GC(814) Concurrent Mark
[379.094s][info][gc,marking  ] GC(814) Concurrent Mark From Roots
[379.094s][info][gc,task     ] GC(814) Using 1 workers of 1 for marking
[379.163s][info][gc,marking  ] GC(814) Concurrent Mark From Roots 69.138ms
[379.163s][info][gc,marking  ] GC(814) Concurrent Preclean
[379.163s][info][gc,marking  ] GC(814) Concurrent Preclean 0.033ms
[379.163s][info][gc,start    ] GC(814) Pause Remark
[379.179s][info][gc          ] GC(814) Pause Remark 125M->110M(294M) 15.905ms
[379.179s][info][gc,cpu      ] GC(814) User=0.03s Sys=0.00s Real=0.02s
[379.181s][info][gc,marking  ] GC(814) Concurrent Mark 87.211ms
[379.181s][info][gc,marking  ] GC(814) Concurrent Rebuild Remembered Sets and Scrub Regions
[379.210s][info][gc,marking  ] GC(814) Concurrent Rebuild Remembered Sets and Scrub Regions 29.275ms
[379.210s][info][gc,start    ] GC(814) Pause Cleanup
[379.210s][info][gc          ] GC(814) Pause Cleanup 120M->120M(294M) 0.046ms
[379.210s][info][gc,cpu      ] GC(814) User=0.00s Sys=0.00s Real=0.00s
[379.210s][info][gc,marking  ] GC(814) Concurrent Clear Claimed Marks
[379.210s][info][gc,marking  ] GC(814) Concurrent Clear Claimed Marks 0.036ms
[379.210s][info][gc,marking  ] GC(814) Concurrent Cleanup for Next Mark
[379.211s][info][gc,marking  ] GC(814) Concurrent Cleanup for Next Mark 0.848ms
[379.211s][info][gc          ] GC(814) Concurrent Mark Cycle 120.191ms
[379.614s][info][gc,start    ] GC(815) Pause Young (Prepare Mixed) (G1 Evacuation Pause)
[379.614s][info][gc,task     ] GC(815) Using 2 workers of 2 for evacuation
[379.625s][info][gc,phases   ] GC(815)   Pre Evacuate Collection Set: 0.22ms
[379.625s][info][gc,phases   ] GC(815)   Merge Heap Roots: 0.07ms
[379.625s][info][gc,phases   ] GC(815)   Evacuate Collection Set: 10.48ms
[379.625s][info][gc,phases   ] GC(815)   Post Evacuate Collection Set: 0.78ms
[379.625s][info][gc,phases   ] GC(815)   Other: 0.07ms
[379.625s][info][gc,heap     ] GC(815) Eden regions: 84->0(235)
[379.625s][info][gc,heap     ] GC(815) Survivor regions: 6->9(27)
[379.625s][info][gc,heap     ] GC(815) Old regions: 79->79
[379.625s][info][gc,heap     ] GC(815) Humongous regions: 229->3
[379.625s][info][gc,metaspace] GC(815) Metaspace: 42921K(43264K)->42921K(43264K) NonClass: 40106K(40320K)->40106K(40320K) Class: 2815K(2944K)->2815K(2944K)
[379.626s][info][gc          ] GC(815) Pause Young (Prepare Mixed) (G1 Evacuation Pause) 397M->90M(407M) 11.822ms
[379.626s][info][gc,cpu      ] GC(815) User=0.01s Sys=0.01s Real=0.01s
[380.157s][info][gc,start    ] GC(816) Pause Young (Mixed) (G1 Evacuation Pause)
[380.157s][info][gc,task     ] GC(816) Using 2 workers of 2 for evacuation
[380.180s][info][gc,phases   ] GC(816)   Pre Evacuate Collection Set: 0.27ms
[380.180s][info][gc,phases   ] GC(816)   Merge Heap Roots: 0.18ms
[380.180s][info][gc,phases   ] GC(816)   Evacuate Collection Set: 21.43ms
[380.180s][info][gc,phases   ] GC(816)   Post Evacuate Collection Set: 0.88ms
[380.180s][info][gc,phases   ] GC(816)   Other: 0.07ms
[380.180s][info][gc,heap     ] GC(816) Eden regions: 58->0(298)
[380.180s][info][gc,heap     ] GC(816) Survivor regions: 9->13(33)
[380.180s][info][gc,heap     ] GC(816) Old regions: 79->63
[380.180s][info][gc,heap     ] GC(816) Humongous regions: 357->3
[380.180s][info][gc,metaspace] GC(816) Metaspace: 42921K(43264K)->42921K(43264K) NonClass: 40106K(40320K)->40106K(40320K) Class: 2815K(2944K)->2815K(2944K)
[380.180s][info][gc          ] GC(816) Pause Young (Mixed) (G1 Evacuation Pause) 502M->78M(519M) 23.035ms
[380.180s][info][gc,cpu      ] GC(816) User=0.03s Sys=0.01s Real=0.02s
[380.245s][info][gc,start    ] GC(817) Pause Young (Concurrent Start) (G1 Humongous Allocation)
[380.245s][info][gc,task     ] GC(817) Using 2 workers of 2 for evacuation
[380.256s][info][gc,phases   ] GC(817)   Pre Evacuate Collection Set: 0.26ms
[380.256s][info][gc,phases   ] GC(817)   Merge Heap Roots: 0.06ms
[380.256s][info][gc,phases   ] GC(817)   Evacuate Collection Set: 10.19ms
[380.256s][info][gc,phases   ] GC(817)   Post Evacuate Collection Set: 0.37ms
[380.256s][info][gc,phases   ] GC(817)   Other: 0.09ms
[380.256s][info][gc,heap     ] GC(817) Eden regions: 8->0(297)
[380.256s][info][gc,heap     ] GC(817) Survivor regions: 13->14(39)
[380.256s][info][gc,heap     ] GC(817) Old regions: 63->63
[380.256s][info][gc,heap     ] GC(817) Humongous regions: 55->1
[380.256s][info][gc,metaspace] GC(817) Metaspace: 42921K(43264K)->42921K(43264K) NonClass: 40106K(40320K)->40106K(40320K) Class: 2815K(2944K)->2815K(2944K)
[380.256s][info][gc          ] GC(817) Pause Young (Concurrent Start) (G1 Humongous Allocation) 138M->77M(519M) 11.154ms
[380.256s][info][gc,cpu      ] GC(817) User=0.02s Sys=0.00s Real=0.01s
[380.256s][info][gc          ] GC(818) Concurrent Undo Cycle
[380.256s][info][gc,marking  ] GC(818) Concurrent Clear Claimed Marks
[380.257s][info][gc,marking  ] GC(818) Concurrent Clear Claimed Marks 0.037ms
[380.257s][info][gc,marking  ] GC(818) Concurrent Cleanup for Next Mark
[380.257s][info][gc,marking  ] GC(818) Concurrent Cleanup for Next Mark 0.248ms
[380.257s][info][gc          ] GC(818) Concurrent Undo Cycle 0.376ms
[380.259s][info][gc,start    ] GC(819) Pause Young (Concurrent Start) (G1 Humongous Allocation)
[380.259s][info][gc,task     ] GC(819) Using 2 workers of 2 for evacuation
[380.270s][info][gc,phases   ] GC(819)   Pre Evacuate Collection Set: 0.22ms
[380.271s][info][gc,phases   ] GC(819)   Merge Heap Roots: 0.05ms
[380.271s][info][gc,phases   ] GC(819)   Evacuate Collection Set: 10.38ms
[380.271s][info][gc,phases   ] GC(819)   Post Evacuate Collection Set: 0.51ms
[380.271s][info][gc,phases   ] GC(819)   Other: 0.08ms
[380.271s][info][gc,heap     ] GC(819) Eden regions: 1->0(297)
[380.271s][info][gc,heap     ] GC(819) Survivor regions: 14->14(39)
[380.271s][info][gc,heap     ] GC(819) Old regions: 63->63
[380.271s][info][gc,heap     ] GC(819) Humongous regions: 3->1
[380.271s][info][gc,metaspace] GC(819) Metaspace: 42921K(43264K)->42921K(43264K) NonClass: 40106K(40320K)->40106K(40320K) Class: 2815K(2944K)->2815K(2944K)
[380.271s][info][gc          ] GC(819) Pause Young (Concurrent Start) (G1 Humongous Allocation) 79M->77M(519M) 11.390ms
[380.271s][info][gc,cpu      ] GC(819) User=0.02s Sys=0.00s Real=0.01s
[380.271s][info][gc          ] GC(820) Concurrent Mark Cycle
[380.271s][info][gc,marking  ] GC(820) Concurrent Scan Root Regions
[380.278s][info][gc,marking  ] GC(820) Concurrent Scan Root Regions 6.994ms
[380.278s][info][gc,marking  ] GC(820) Concurrent Mark
[380.278s][info][gc,marking  ] GC(820) Concurrent Mark From Roots
[380.278s][info][gc,task     ] GC(820) Using 1 workers of 1 for marking
[380.345s][info][gc,marking  ] GC(820) Concurrent Mark From Roots 67.697ms
[380.345s][info][gc,marking  ] GC(820) Concurrent Preclean
[380.346s][info][gc,marking  ] GC(820) Concurrent Preclean 0.038ms
[380.346s][info][gc,start    ] GC(820) Pause Remark
[380.362s][info][gc          ] GC(820) Pause Remark 145M->145M(460M) 15.903ms
[380.362s][info][gc,cpu      ] GC(820) User=0.03s Sys=0.01s Real=0.02s
[380.362s][info][gc,marking  ] GC(820) Concurrent Mark 83.929ms
[380.362s][info][gc,marking  ] GC(820) Concurrent Rebuild Remembered Sets and Scrub Regions
[380.389s][info][gc,marking  ] GC(820) Concurrent Rebuild Remembered Sets and Scrub Regions 27.188ms
[380.389s][info][gc,start    ] GC(820) Pause Cleanup
[380.389s][info][gc          ] GC(820) Pause Cleanup 168M->168M(460M) 0.061ms
[380.389s][info][gc,cpu      ] GC(820) User=0.00s Sys=0.00s Real=0.00s
[380.389s][info][gc,marking  ] GC(820) Concurrent Clear Claimed Marks
[380.389s][info][gc,marking  ] GC(820) Concurrent Clear Claimed Marks 0.040ms
[380.389s][info][gc,marking  ] GC(820) Concurrent Cleanup for Next Mark
[380.392s][info][gc,marking  ] GC(820) Concurrent Cleanup for Next Mark 2.867ms
[380.392s][info][gc          ] GC(820) Concurrent Mark Cycle 121.409ms
[380.850s][info][gc,start    ] GC(821) Pause Young (Prepare Mixed) (G1 Evacuation Pause)
[380.850s][info][gc,task     ] GC(821) Using 2 workers of 2 for evacuation
[380.883s][info][gc,phases   ] GC(821)   Pre Evacuate Collection Set: 0.26ms
[380.883s][info][gc,phases   ] GC(821)   Merge Heap Roots: 0.07ms
[380.883s][info][gc,phases   ] GC(821)   Evacuate Collection Set: 31.58ms
[380.883s][info][gc,phases   ] GC(821)   Post Evacuate Collection Set: 0.96ms
[380.883s][info][gc,phases   ] GC(821)   Other: 0.07ms
[380.883s][info][gc,heap     ] GC(821) Eden regions: 72->0(293)
[380.883s][info][gc,heap     ] GC(821) Survivor regions: 14->25(36)
[380.883s][info][gc,heap     ] GC(821) Old regions: 63->63
[380.883s][info][gc,heap     ] GC(821) Humongous regions: 357->3
[380.883s][info][gc,metaspace] GC(821) Metaspace: 42921K(43264K)->42921K(43264K) NonClass: 40106K(40320K)->40106K(40320K) Class: 2815K(2944K)->2815K(2944K)
[380.883s][info][gc          ] GC(821) Pause Young (Prepare Mixed) (G1 Evacuation Pause) 504M->90M(531M) 33.136ms
[380.883s][info][gc,cpu      ] GC(821) User=0.04s Sys=0.03s Real=0.03s
[381.469s][info][gc,start    ] GC(822) Pause Young (Mixed) (G1 Evacuation Pause)
[381.469s][info][gc,task     ] GC(822) Using 2 workers of 2 for evacuation
[381.480s][info][gc,phases   ] GC(822)   Pre Evacuate Collection Set: 0.26ms
[381.480s][info][gc,phases   ] GC(822)   Merge Heap Roots: 0.09ms
[381.480s][info][gc,phases   ] GC(822)   Evacuate Collection Set: 10.22ms
[381.480s][info][gc,phases   ] GC(822)   Post Evacuate Collection Set: 0.63ms
[381.480s][info][gc,phases   ] GC(822)   Other: 0.07ms
[381.480s][info][gc,heap     ] GC(822) Eden regions: 92->0(322)
[381.480s][info][gc,heap     ] GC(822) Survivor regions: 25->2(40)
[381.481s][info][gc,heap     ] GC(822) Old regions: 63->64
[381.481s][info][gc,heap     ] GC(822) Humongous regions: 351->1
[381.481s][info][gc,metaspace] GC(822) Metaspace: 42921K(43264K)->42921K(43264K) NonClass: 40106K(40320K)->40106K(40320K) Class: 2815K(2944K)->2815K(2944K)
[381.481s][info][gc          ] GC(822) Pause Young (Mixed) (G1 Evacuation Pause) 530M->66M(540M) 11.445ms
[381.481s][info][gc,cpu      ] GC(822) User=0.02s Sys=0.01s Real=0.01s
[381.585s][info][gc,start    ] GC(823) Pause Young (Concurrent Start) (G1 Humongous Allocation)
[381.586s][info][gc,task     ] GC(823) Using 2 workers of 2 for evacuation
[381.591s][info][gc,phases   ] GC(823)   Pre Evacuate Collection Set: 0.28ms
[381.591s][info][gc,phases   ] GC(823)   Merge Heap Roots: 0.05ms
[381.591s][info][gc,phases   ] GC(823)   Evacuate Collection Set: 4.35ms
[381.591s][info][gc,phases   ] GC(823)   Post Evacuate Collection Set: 0.32ms
[381.591s][info][gc,phases   ] GC(823)   Other: 0.08ms
[381.591s][info][gc,heap     ] GC(823) Eden regions: 28->0(318)
[381.591s][info][gc,heap     ] GC(823) Survivor regions: 2->6(41)
[381.591s][info][gc,heap     ] GC(823) Old regions: 64->64
[381.591s][info][gc,heap     ] GC(823) Humongous regions: 13->1
[381.591s][info][gc,metaspace] GC(823) Metaspace: 42922K(43264K)->42922K(43264K) NonClass: 40107K(40320K)->40107K(40320K) Class: 2815K(2944K)->2815K(2944K)
[381.591s][info][gc          ] GC(823) Pause Young (Concurrent Start) (G1 Humongous Allocation) 106M->70M(540M) 5.269ms
[381.591s][info][gc          ] GC(824) Concurrent Undo Cycle
[381.591s][info][gc,marking  ] GC(824) Concurrent Clear Claimed Marks
[381.591s][info][gc,marking  ] GC(824) Concurrent Clear Claimed Marks 0.033ms
[381.591s][info][gc,marking  ] GC(824) Concurrent Cleanup for Next Mark
[381.591s][info][gc,cpu      ] GC(823) User=0.01s Sys=0.00s Real=0.01s
[381.591s][info][gc,marking  ] GC(824) Concurrent Cleanup for Next Mark 0.175ms
[381.591s][info][gc          ] GC(824) Concurrent Undo Cycle 0.246ms
[381.611s][info][gc,start    ] GC(825) Pause Young (Concurrent Start) (G1 Humongous Allocation)
[381.611s][info][gc,task     ] GC(825) Using 2 workers of 2 for evacuation
[381.616s][info][gc,phases   ] GC(825)   Pre Evacuate Collection Set: 0.27ms
[381.616s][info][gc,phases   ] GC(825)   Merge Heap Roots: 0.04ms
[381.616s][info][gc,phases   ] GC(825)   Evacuate Collection Set: 3.93ms
[381.616s][info][gc,phases   ] GC(825)   Post Evacuate Collection Set: 0.34ms
[381.616s][info][gc,phases   ] GC(825)   Other: 0.08ms
[381.616s][info][gc,heap     ] GC(825) Eden regions: 3->0(317)
[381.616s][info][gc,heap     ] GC(825) Survivor regions: 6->7(41)
[381.616s][info][gc,heap     ] GC(825) Old regions: 64->64
[381.616s][info][gc,heap     ] GC(825) Humongous regions: 13->1
[381.616s][info][gc,metaspace] GC(825) Metaspace: 42922K(43264K)->42922K(43264K) NonClass: 40107K(40320K)->40107K(40320K) Class: 2815K(2944K)->2815K(2944K)
[381.616s][info][gc          ] GC(825) Pause Young (Concurrent Start) (G1 Humongous Allocation) 84M->70M(540M) 4.827ms
[381.616s][info][gc          ] GC(826) Concurrent Undo Cycle
[381.616s][info][gc,marking  ] GC(826) Concurrent Clear Claimed Marks
[381.616s][info][gc,marking  ] GC(826) Concurrent Clear Claimed Marks 0.033ms
[381.616s][info][gc,marking  ] GC(826) Concurrent Cleanup for Next Mark
[381.616s][info][gc,cpu      ] GC(825) User=0.01s Sys=0.00s Real=0.00s
[381.617s][info][gc,marking  ] GC(826) Concurrent Cleanup for Next Mark 0.162ms
[381.617s][info][gc          ] GC(826) Concurrent Undo Cycle 0.256ms
[381.781s][info][gc,start    ] GC(827) Pause Young (Concurrent Start) (G1 Humongous Allocation)
[381.781s][info][gc,task     ] GC(827) Using 2 workers of 2 for evacuation
[381.786s][info][gc,phases   ] GC(827)   Pre Evacuate Collection Set: 0.25ms
[381.787s][info][gc,phases   ] GC(827)   Merge Heap Roots: 0.06ms
[381.787s][info][gc,phases   ] GC(827)   Evacuate Collection Set: 4.54ms
[381.787s][info][gc,phases   ] GC(827)   Post Evacuate Collection Set: 0.39ms
[381.787s][info][gc,phases   ] GC(827)   Other: 0.10ms
[381.787s][info][gc,heap     ] GC(827) Eden regions: 68->0(317)
[381.787s][info][gc,heap     ] GC(827) Survivor regions: 7->7(41)
[381.787s][info][gc,heap     ] GC(827) Old regions: 64->64
[381.787s][info][gc,heap     ] GC(827) Humongous regions: 15->1
[381.787s][info][gc,metaspace] GC(827) Metaspace: 42922K(43264K)->42922K(43264K) NonClass: 40107K(40320K)->40107K(40320K) Class: 2815K(2944K)->2815K(2944K)
[381.787s][info][gc          ] GC(827) Pause Young (Concurrent Start) (G1 Humongous Allocation) 152M->71M(540M) 5.512ms
[381.787s][info][gc          ] GC(828) Concurrent Undo Cycle
[381.787s][info][gc,marking  ] GC(828) Concurrent Clear Claimed Marks
[381.787s][info][gc,marking  ] GC(828) Concurrent Clear Claimed Marks 0.034ms
[381.787s][info][gc,marking  ] GC(828) Concurrent Cleanup for Next Mark
[381.787s][info][gc,cpu      ] GC(827) User=0.01s Sys=0.00s Real=0.00s
[381.788s][info][gc,marking  ] GC(828) Concurrent Cleanup for Next Mark 1.102ms
[381.788s][info][gc          ] GC(828) Concurrent Undo Cycle 1.202ms
[382.459s][info][gc,start    ] GC(829) Pause Young (Normal) (G1 Evacuation Pause)
[382.459s][info][gc,task     ] GC(829) Using 2 workers of 2 for evacuation
[382.466s][info][gc,phases   ] GC(829)   Pre Evacuate Collection Set: 0.32ms
[382.466s][info][gc,phases   ] GC(829)   Merge Heap Roots: 0.11ms
[382.466s][info][gc,phases   ] GC(829)   Evacuate Collection Set: 5.89ms
[382.466s][info][gc,phases   ] GC(829)   Post Evacuate Collection Set: 0.72ms
[382.466s][info][gc,phases   ] GC(829)   Other: 0.10ms
[382.466s][info][gc,heap     ] GC(829) Eden regions: 317->0(315)
[382.466s][info][gc,heap     ] GC(829) Survivor regions: 7->9(41)
[382.466s][info][gc,heap     ] GC(829) Old regions: 64->64
[382.466s][info][gc,heap     ] GC(829) Humongous regions: 7->1
[382.466s][info][gc,metaspace] GC(829) Metaspace: 42927K(43264K)->42927K(43264K) NonClass: 40112K(40320K)->40112K(40320K) Class: 2815K(2944K)->2815K(2944K)
[382.466s][info][gc          ] GC(829) Pause Young (Normal) (G1 Evacuation Pause) 394M->73M(540M) 7.314ms
[382.466s][info][gc,cpu      ] GC(829) User=0.01s Sys=0.00s Real=0.00s
[383.126s][info][gc,start    ] GC(830) Pause Young (Normal) (G1 Evacuation Pause)
[383.126s][info][gc,task     ] GC(830) Using 2 workers of 2 for evacuation
[383.133s][info][gc,phases   ] GC(830)   Pre Evacuate Collection Set: 0.22ms
[383.134s][info][gc,phases   ] GC(830)   Merge Heap Roots: 0.10ms
[383.134s][info][gc,phases   ] GC(830)   Evacuate Collection Set: 6.38ms
[383.134s][info][gc,phases   ] GC(830)   Post Evacuate Collection Set: 0.66ms
[383.134s][info][gc,phases   ] GC(830)   Other: 0.11ms
[383.134s][info][gc,heap     ] GC(830) Eden regions: 315->0(314)
[383.134s][info][gc,heap     ] GC(830) Survivor regions: 9->10(41)
[383.134s][info][gc,heap     ] GC(830) Old regions: 64->64
[383.134s][info][gc,heap     ] GC(830) Humongous regions: 1->1
[383.134s][info][gc,metaspace] GC(830) Metaspace: 42936K(43264K)->42936K(43264K) NonClass: 40121K(40320K)->40121K(40320K) Class: 2815K(2944K)->2815K(2944K)
[383.134s][info][gc          ] GC(830) Pause Young (Normal) (G1 Evacuation Pause) 388M->74M(540M) 7.647ms
[383.134s][info][gc,cpu      ] GC(830) User=0.01s Sys=0.00s Real=0.01s
[383.824s][info][gc,start    ] GC(831) Pause Young (Normal) (G1 Evacuation Pause)
[383.824s][info][gc,task     ] GC(831) Using 2 workers of 2 for evacuation
[383.831s][info][gc,phases   ] GC(831)   Pre Evacuate Collection Set: 0.35ms
[383.831s][info][gc,phases   ] GC(831)   Merge Heap Roots: 0.15ms
[383.831s][info][gc,phases   ] GC(831)   Evacuate Collection Set: 5.64ms
[383.831s][info][gc,phases   ] GC(831)   Post Evacuate Collection Set: 0.56ms
[383.831s][info][gc,phases   ] GC(831)   Other: 0.08ms
[383.831s][info][gc,heap     ] GC(831) Eden regions: 314->0(315)
[383.831s][info][gc,heap     ] GC(831) Survivor regions: 10->9(41)
[383.831s][info][gc,heap     ] GC(831) Old regions: 64->64
[383.831s][info][gc,heap     ] GC(831) Humongous regions: 1->1
[383.831s][info][gc,metaspace] GC(831) Metaspace: 42964K(43328K)->42964K(43328K) NonClass: 40149K(40384K)->40149K(40384K) Class: 2815K(2944K)->2815K(2944K)
[383.831s][info][gc          ] GC(831) Pause Young (Normal) (G1 Evacuation Pause) 388M->72M(540M) 6.999ms
[383.831s][info][gc,cpu      ] GC(831) User=0.01s Sys=0.00s Real=0.01s
[384.588s][info][gc,start    ] GC(832) Pause Young (Normal) (G1 Evacuation Pause)
[384.588s][info][gc,task     ] GC(832) Using 2 workers of 2 for evacuation
[384.599s][info][gc,phases   ] GC(832)   Pre Evacuate Collection Set: 0.28ms
[384.599s][info][gc,phases   ] GC(832)   Merge Heap Roots: 0.08ms
[384.599s][info][gc,phases   ] GC(832)   Evacuate Collection Set: 9.93ms
[384.599s][info][gc,phases   ] GC(832)   Post Evacuate Collection Set: 0.78ms
[384.599s][info][gc,phases   ] GC(832)   Other: 0.08ms
[384.599s][info][gc,heap     ] GC(832) Eden regions: 315->0(311)
[384.599s][info][gc,heap     ] GC(832) Survivor regions: 9->13(41)
[384.599s][info][gc,heap     ] GC(832) Old regions: 64->64
[384.599s][info][gc,heap     ] GC(832) Humongous regions: 1->1
[384.599s][info][gc,metaspace] GC(832) Metaspace: 42973K(43392K)->42973K(43392K) NonClass: 40158K(40448K)->40158K(40448K) Class: 2815K(2944K)->2815K(2944K)
[384.599s][info][gc          ] GC(832) Pause Young (Normal) (G1 Evacuation Pause) 387M->76M(540M) 11.308ms
[384.599s][info][gc,cpu      ] GC(832) User=0.03s Sys=0.00s Real=0.01s
[386.053s][info][gc,start    ] GC(833) Pause Young (Normal) (G1 Evacuation Pause)
[386.053s][info][gc,task     ] GC(833) Using 2 workers of 2 for evacuation
[386.079s][info][gc,phases   ] GC(833)   Pre Evacuate Collection Set: 0.23ms
[386.079s][info][gc,phases   ] GC(833)   Merge Heap Roots: 0.11ms
[386.079s][info][gc,phases   ] GC(833)   Evacuate Collection Set: 24.81ms
[386.079s][info][gc,phases   ] GC(833)   Post Evacuate Collection Set: 0.73ms
[386.079s][info][gc,phases   ] GC(833)   Other: 0.07ms
[386.079s][info][gc,heap     ] GC(833) Eden regions: 311->0(296)
[386.079s][info][gc,heap     ] GC(833) Survivor regions: 13->28(41)
[386.079s][info][gc,heap     ] GC(833) Old regions: 64->64
[386.079s][info][gc,heap     ] GC(833) Humongous regions: 13->3
[386.079s][info][gc,metaspace] GC(833) Metaspace: 42999K(43392K)->42999K(43392K) NonClass: 40184K(40448K)->40184K(40448K) Class: 2815K(2944K)->2815K(2944K)
[386.079s][info][gc          ] GC(833) Pause Young (Normal) (G1 Evacuation Pause) 399M->93M(540M) 26.127ms
[386.079s][info][gc,cpu      ] GC(833) User=0.06s Sys=0.00s Real=0.03s
[386.703s][info][gc,start    ] GC(834) Pause Young (Normal) (G1 Evacuation Pause)
[386.703s][info][gc,task     ] GC(834) Using 2 workers of 2 for evacuation
[386.764s][info][gc,phases   ] GC(834)   Pre Evacuate Collection Set: 0.23ms
[386.764s][info][gc,phases   ] GC(834)   Merge Heap Roots: 0.13ms
[386.764s][info][gc,phases   ] GC(834)   Evacuate Collection Set: 60.19ms
[386.764s][info][gc,phases   ] GC(834)   Post Evacuate Collection Set: 0.56ms
[386.764s][info][gc,phases   ] GC(834)   Other: 0.09ms
[386.764s][info][gc,heap     ] GC(834) Eden regions: 296->0(292)
[386.764s][info][gc,heap     ] GC(834) Survivor regions: 28->32(41)
[386.764s][info][gc,heap     ] GC(834) Old regions: 64->91
[386.764s][info][gc,heap     ] GC(834) Humongous regions: 6->6
[386.764s][info][gc,metaspace] GC(834) Metaspace: 42999K(43392K)->42999K(43392K) NonClass: 40184K(40448K)->40184K(40448K) Class: 2815K(2944K)->2815K(2944K)
[386.764s][info][gc          ] GC(834) Pause Young (Normal) (G1 Evacuation Pause) 392M->128M(540M) 61.395ms
[386.764s][info][gc,cpu      ] GC(834) User=0.13s Sys=0.00s Real=0.06s
[387.374s][info][gc,start    ] GC(835) Pause Young (Concurrent Start) (G1 Humongous Allocation)
[387.374s][info][gc,task     ] GC(835) Using 2 workers of 2 for evacuation
[387.448s][info][gc,phases   ] GC(835)   Pre Evacuate Collection Set: 0.26ms
[387.448s][info][gc,phases   ] GC(835)   Merge Heap Roots: 0.13ms
[387.448s][info][gc,phases   ] GC(835)   Evacuate Collection Set: 72.61ms
[387.448s][info][gc,phases   ] GC(835)   Post Evacuate Collection Set: 0.63ms
[387.448s][info][gc,phases   ] GC(835)   Other: 0.13ms
[387.448s][info][gc,heap     ] GC(835) Eden regions: 289->0(290)
[387.448s][info][gc,heap     ] GC(835) Survivor regions: 32->34(41)
[387.448s][info][gc,heap     ] GC(835) Old regions: 91->122
[387.448s][info][gc,heap     ] GC(835) Humongous regions: 10->10
[387.448s][info][gc,metaspace] GC(835) Metaspace: 42999K(43392K)->42999K(43392K) NonClass: 40184K(40448K)->40184K(40448K) Class: 2815K(2944K)->2815K(2944K)
[387.448s][info][gc          ] GC(835) Pause Young (Concurrent Start) (G1 Humongous Allocation) 421M->165M(540M) 73.955ms
[387.448s][info][gc,cpu      ] GC(835) User=0.15s Sys=0.00s Real=0.08s
[387.448s][info][gc          ] GC(836) Concurrent Mark Cycle
[387.448s][info][gc,marking  ] GC(836) Concurrent Scan Root Regions
[387.535s][info][gc,marking  ] GC(836) Concurrent Scan Root Regions 86.577ms
[387.535s][info][gc,marking  ] GC(836) Concurrent Mark
[387.535s][info][gc,marking  ] GC(836) Concurrent Mark From Roots
[387.535s][info][gc,task     ] GC(836) Using 1 workers of 1 for marking
[387.690s][info][gc,marking  ] GC(836) Concurrent Mark From Roots 155.091ms
[387.690s][info][gc,marking  ] GC(836) Concurrent Preclean
[387.690s][info][gc,marking  ] GC(836) Concurrent Preclean 0.146ms
[387.690s][info][gc,start    ] GC(836) Pause Remark
[387.706s][info][gc          ] GC(836) Pause Remark 236M->226M(524M) 16.129ms
[387.706s][info][gc,cpu      ] GC(836) User=0.03s Sys=0.00s Real=0.01s
[387.707s][info][gc,marking  ] GC(836) Concurrent Mark 171.956ms
[387.707s][info][gc,marking  ] GC(836) Concurrent Rebuild Remembered Sets and Scrub Regions
[387.841s][info][gc,marking  ] GC(836) Concurrent Rebuild Remembered Sets and Scrub Regions 133.962ms
[387.841s][info][gc,start    ] GC(836) Pause Cleanup
[387.841s][info][gc          ] GC(836) Pause Cleanup 237M->237M(524M) 0.067ms
[387.841s][info][gc,cpu      ] GC(836) User=0.00s Sys=0.00s Real=0.00s
[387.841s][info][gc,marking  ] GC(836) Concurrent Clear Claimed Marks
[387.841s][info][gc,marking  ] GC(836) Concurrent Clear Claimed Marks 0.039ms
[387.841s][info][gc,marking  ] GC(836) Concurrent Cleanup for Next Mark
[387.843s][info][gc,marking  ] GC(836) Concurrent Cleanup for Next Mark 2.183ms
[387.843s][info][gc          ] GC(836) Concurrent Mark Cycle 395.141ms
[391.001s][info][gc,start    ] GC(837) Pause Young (Prepare Mixed) (G1 Evacuation Pause)
[391.001s][info][gc,task     ] GC(837) Using 2 workers of 2 for evacuation
[391.059s][info][gc,phases   ] GC(837)   Pre Evacuate Collection Set: 0.23ms
[391.059s][info][gc,phases   ] GC(837)   Merge Heap Roots: 0.19ms
[391.059s][info][gc,phases   ] GC(837)   Evacuate Collection Set: 56.87ms
[391.059s][info][gc,phases   ] GC(837)   Post Evacuate Collection Set: 0.62ms
[391.059s][info][gc,phases   ] GC(837)   Other: 0.08ms
[391.059s][info][gc,heap     ] GC(837) Eden regions: 280->0(279)
[391.059s][info][gc,heap     ] GC(837) Survivor regions: 34->20(40)
[391.059s][info][gc,heap     ] GC(837) Old regions: 115->145
[391.059s][info][gc,heap     ] GC(837) Humongous regions: 18->13
[391.059s][info][gc,metaspace] GC(837) Metaspace: 43003K(43392K)->43003K(43392K) NonClass: 40188K(40448K)->40188K(40448K) Class: 2815K(2944K)->2815K(2944K)
[391.059s][info][gc          ] GC(837) Pause Young (Prepare Mixed) (G1 Evacuation Pause) 446M->177M(524M) 58.175ms
[391.059s][info][gc,cpu      ] GC(837) User=0.12s Sys=0.00s Real=0.06s
[392.027s][info][gc,start    ] GC(838) Pause Young (Mixed) (G1 Evacuation Pause)
[392.028s][info][gc,task     ] GC(838) Using 2 workers of 2 for evacuation
[392.057s][info][gc,phases   ] GC(838)   Pre Evacuate Collection Set: 0.25ms
[392.057s][info][gc,phases   ] GC(838)   Merge Heap Roots: 0.18ms
[392.057s][info][gc,phases   ] GC(838)   Evacuate Collection Set: 28.34ms
[392.057s][info][gc,phases   ] GC(838)   Post Evacuate Collection Set: 0.53ms
[392.057s][info][gc,phases   ] GC(838)   Other: 0.07ms
[392.057s][info][gc,heap     ] GC(838) Eden regions: 279->0(293)
[392.057s][info][gc,heap     ] GC(838) Survivor regions: 20->7(38)
[392.057s][info][gc,heap     ] GC(838) Old regions: 145->151
[392.057s][info][gc,heap     ] GC(838) Humongous regions: 13->13
[392.057s][info][gc,metaspace] GC(838) Metaspace: 43006K(43392K)->43006K(43392K) NonClass: 40190K(40448K)->40190K(40448K) Class: 2815K(2944K)->2815K(2944K)
[392.057s][info][gc          ] GC(838) Pause Young (Mixed) (G1 Evacuation Pause) 456M->169M(524M) 29.569ms
[392.057s][info][gc,cpu      ] GC(838) User=0.06s Sys=0.00s Real=0.03s
[393.581s][info][gc,start    ] GC(839) Pause Young (Concurrent Start) (G1 Evacuation Pause)
[393.581s][info][gc,task     ] GC(839) Using 2 workers of 2 for evacuation
[393.588s][info][gc,phases   ] GC(839)   Pre Evacuate Collection Set: 0.26ms
[393.588s][info][gc,phases   ] GC(839)   Merge Heap Roots: 0.08ms
[393.588s][info][gc,phases   ] GC(839)   Evacuate Collection Set: 5.59ms
[393.588s][info][gc,phases   ] GC(839)   Post Evacuate Collection Set: 0.49ms
[393.588s][info][gc,phases   ] GC(839)   Other: 0.10ms
[393.588s][info][gc,heap     ] GC(839) Eden regions: 293->0(304)
[393.588s][info][gc,heap     ] GC(839) Survivor regions: 7->7(38)
[393.588s][info][gc,heap     ] GC(839) Old regions: 151->151
[393.588s][info][gc,heap     ] GC(839) Humongous regions: 13->13
[393.588s][info][gc,metaspace] GC(839) Metaspace: 43006K(43392K)->43006K(43392K) NonClass: 40190K(40448K)->40190K(40448K) Class: 2815K(2944K)->2815K(2944K)
[393.588s][info][gc          ] GC(839) Pause Young (Concurrent Start) (G1 Evacuation Pause) 462M->169M(524M) 6.696ms
[393.588s][info][gc,cpu      ] GC(839) User=0.01s Sys=0.00s Real=0.01s
[393.588s][info][gc          ] GC(840) Concurrent Mark Cycle
[393.588s][info][gc,marking  ] GC(840) Concurrent Scan Root Regions
[393.592s][info][gc,marking  ] GC(840) Concurrent Scan Root Regions 4.500ms
[393.592s][info][gc,marking  ] GC(840) Concurrent Mark
[393.592s][info][gc,marking  ] GC(840) Concurrent Mark From Roots
[393.592s][info][gc,task     ] GC(840) Using 1 workers of 1 for marking
[393.623s][info][gc,marking  ] GC(840) Concurrent Mark From Roots 30.981ms
[393.623s][info][gc,marking  ] GC(840) Concurrent Preclean
[393.624s][info][gc,marking  ] GC(840) Concurrent Preclean 0.051ms
[393.624s][info][gc,start    ] GC(840) Pause Remark
[393.639s][info][gc          ] GC(840) Pause Remark 174M->75M(256M) 15.763ms
[393.639s][info][gc,cpu      ] GC(840) User=0.03s Sys=0.00s Real=0.02s
[393.639s][info][gc,marking  ] GC(840) Concurrent Mark 47.044ms
[393.640s][info][gc,marking  ] GC(840) Concurrent Rebuild Remembered Sets and Scrub Regions
[393.651s][info][gc,marking  ] GC(840) Concurrent Rebuild Remembered Sets and Scrub Regions 11.943ms
[393.652s][info][gc,start    ] GC(840) Pause Cleanup
[393.652s][info][gc          ] GC(840) Pause Cleanup 77M->77M(256M) 0.041ms
[393.652s][info][gc,cpu      ] GC(840) User=0.00s Sys=0.00s Real=0.00s
[393.652s][info][gc,marking  ] GC(840) Concurrent Clear Claimed Marks
[393.652s][info][gc,marking  ] GC(840) Concurrent Clear Claimed Marks 0.032ms
[393.652s][info][gc,marking  ] GC(840) Concurrent Cleanup for Next Mark
[393.652s][info][gc,marking  ] GC(840) Concurrent Cleanup for Next Mark 0.747ms
[393.652s][info][gc          ] GC(840) Concurrent Mark Cycle 64.584ms
[394.355s][info][gc,start    ] GC(841) Pause Young (Prepare Mixed) (G1 Evacuation Pause)
[394.355s][info][gc,task     ] GC(841) Using 2 workers of 2 for evacuation
[394.369s][info][gc,phases   ] GC(841)   Pre Evacuate Collection Set: 0.15ms
[394.369s][info][gc,phases   ] GC(841)   Merge Heap Roots: 0.08ms
[394.369s][info][gc,phases   ] GC(841)   Evacuate Collection Set: 12.84ms
[394.369s][info][gc,phases   ] GC(841)   Post Evacuate Collection Set: 0.39ms
[394.369s][info][gc,phases   ] GC(841)   Other: 0.06ms
[394.369s][info][gc,heap     ] GC(841) Eden regions: 146->0(138)
[394.369s][info][gc,heap     ] GC(841) Survivor regions: 7->15(20)
[394.369s][info][gc,heap     ] GC(841) Old regions: 63->63
[394.369s][info][gc,heap     ] GC(841) Humongous regions: 1->1
[394.369s][info][gc,metaspace] GC(841) Metaspace: 43006K(43392K)->43006K(43392K) NonClass: 40190K(40448K)->40190K(40448K) Class: 2815K(2944K)->2815K(2944K)
[394.369s][info][gc          ] GC(841) Pause Young (Prepare Mixed) (G1 Evacuation Pause) 216M->78M(256M) 13.732ms
[394.369s][info][gc,cpu      ] GC(841) User=0.03s Sys=0.00s Real=0.02s
[395.133s][info][gc,start    ] GC(842) Pause Young (Mixed) (G1 Evacuation Pause)
[395.133s][info][gc,task     ] GC(842) Using 2 workers of 2 for evacuation
[395.139s][info][gc,phases   ] GC(842)   Pre Evacuate Collection Set: 0.16ms
[395.139s][info][gc,phases   ] GC(842)   Merge Heap Roots: 0.09ms
[395.139s][info][gc,phases   ] GC(842)   Evacuate Collection Set: 5.86ms
[395.139s][info][gc,phases   ] GC(842)   Post Evacuate Collection Set: 0.37ms
[395.139s][info][gc,phases   ] GC(842)   Other: 0.06ms
[395.139s][info][gc,heap     ] GC(842) Eden regions: 138->0(149)
[395.139s][info][gc,heap     ] GC(842) Survivor regions: 15->4(20)
[395.139s][info][gc,heap     ] GC(842) Old regions: 63->49
[395.139s][info][gc,heap     ] GC(842) Humongous regions: 2->1
[395.139s][info][gc,metaspace] GC(842) Metaspace: 43006K(43392K)->43006K(43392K) NonClass: 40190K(40448K)->40190K(40448K) Class: 2815K(2944K)->2815K(2944K)
[395.140s][info][gc          ] GC(842) Pause Young (Mixed) (G1 Evacuation Pause) 217M->53M(256M) 6.700ms
[395.140s][info][gc,cpu      ] GC(842) User=0.01s Sys=0.00s Real=0.01s
[395.953s][info][gc,start    ] GC(843) Pause Young (Concurrent Start) (G1 Evacuation Pause)
[395.953s][info][gc,task     ] GC(843) Using 2 workers of 2 for evacuation
[395.970s][info][gc,phases   ] GC(843)   Pre Evacuate Collection Set: 0.17ms
[395.970s][info][gc,phases   ] GC(843)   Merge Heap Roots: 0.07ms
[395.970s][info][gc,phases   ] GC(843)   Evacuate Collection Set: 16.00ms
[395.970s][info][gc,phases   ] GC(843)   Post Evacuate Collection Set: 0.42ms
[395.970s][info][gc,phases   ] GC(843)   Other: 0.10ms
[395.970s][info][gc,heap     ] GC(843) Eden regions: 149->0(137)
[395.970s][info][gc,heap     ] GC(843) Survivor regions: 4->16(20)
[395.970s][info][gc,heap     ] GC(843) Old regions: 49->49
[395.970s][info][gc,heap     ] GC(843) Humongous regions: 1->1
[395.970s][info][gc,metaspace] GC(843) Metaspace: 43006K(43392K)->43006K(43392K) NonClass: 40190K(40448K)->40190K(40448K) Class: 2815K(2944K)->2815K(2944K)
[395.970s][info][gc          ] GC(843) Pause Young (Concurrent Start) (G1 Evacuation Pause) 202M->65M(256M) 16.934ms
[395.970s][info][gc,cpu      ] GC(843) User=0.03s Sys=0.00s Real=0.02s
[395.970s][info][gc          ] GC(844) Concurrent Mark Cycle
[395.970s][info][gc,marking  ] GC(844) Concurrent Scan Root Regions
[395.980s][info][gc,marking  ] GC(844) Concurrent Scan Root Regions 9.898ms
[395.980s][info][gc,marking  ] GC(844) Concurrent Mark
[395.980s][info][gc,marking  ] GC(844) Concurrent Mark From Roots
[395.980s][info][gc,task     ] GC(844) Using 1 workers of 1 for marking
[396.013s][info][gc,marking  ] GC(844) Concurrent Mark From Roots 32.578ms
[396.013s][info][gc,marking  ] GC(844) Concurrent Preclean
[396.013s][info][gc,marking  ] GC(844) Concurrent Preclean 0.030ms
[396.013s][info][gc,start    ] GC(844) Pause Remark
[396.029s][info][gc          ] GC(844) Pause Remark 73M->73M(256M) 16.397ms
[396.029s][info][gc,cpu      ] GC(844) User=0.03s Sys=0.00s Real=0.02s
[396.029s][info][gc,marking  ] GC(844) Concurrent Mark 49.284ms
[396.029s][info][gc,marking  ] GC(844) Concurrent Rebuild Remembered Sets and Scrub Regions
[396.043s][info][gc,marking  ] GC(844) Concurrent Rebuild Remembered Sets and Scrub Regions 13.906ms
[396.043s][info][gc,start    ] GC(844) Pause Cleanup
[396.043s][info][gc          ] GC(844) Pause Cleanup 76M->76M(256M) 0.036ms
[396.043s][info][gc,cpu      ] GC(844) User=0.00s Sys=0.00s Real=0.00s
[396.043s][info][gc,marking  ] GC(844) Concurrent Clear Claimed Marks
[396.043s][info][gc,marking  ] GC(844) Concurrent Clear Claimed Marks 0.034ms
[396.043s][info][gc,marking  ] GC(844) Concurrent Cleanup for Next Mark
[396.044s][info][gc,marking  ] GC(844) Concurrent Cleanup for Next Mark 0.729ms
[396.044s][info][gc          ] GC(844) Concurrent Mark Cycle 74.080ms
[396.541s][info][gc,start    ] GC(845) Pause Young (Prepare Mixed) (G1 Evacuation Pause)
[396.541s][info][gc,task     ] GC(845) Using 2 workers of 2 for evacuation
[396.560s][info][gc,phases   ] GC(845)   Pre Evacuate Collection Set: 0.15ms
[396.560s][info][gc,phases   ] GC(845)   Merge Heap Roots: 0.10ms
[396.560s][info][gc,phases   ] GC(845)   Evacuate Collection Set: 18.12ms
[396.560s][info][gc,phases   ] GC(845)   Post Evacuate Collection Set: 0.40ms
[396.560s][info][gc,phases   ] GC(845)   Other: 0.07ms
[396.560s][info][gc,heap     ] GC(845) Eden regions: 137->0(134)
[396.560s][info][gc,heap     ] GC(845) Survivor regions: 16->19(20)
[396.560s][info][gc,heap     ] GC(845) Old regions: 49->52
[396.560s][info][gc,heap     ] GC(845) Humongous regions: 3->3
[396.560s][info][gc,metaspace] GC(845) Metaspace: 43006K(43392K)->43006K(43392K) NonClass: 40190K(40448K)->40190K(40448K) Class: 2815K(2944K)->2815K(2944K)
[396.560s][info][gc          ] GC(845) Pause Young (Prepare Mixed) (G1 Evacuation Pause) 204M->73M(256M) 19.028ms
[396.560s][info][gc,cpu      ] GC(845) User=0.04s Sys=0.00s Real=0.02s
[396.858s][info][gc,start    ] GC(846) Pause Young (Mixed) (G1 Evacuation Pause)
[396.858s][info][gc,task     ] GC(846) Using 2 workers of 2 for evacuation
[396.889s][info][gc,phases   ] GC(846)   Pre Evacuate Collection Set: 0.16ms
[396.889s][info][gc,phases   ] GC(846)   Merge Heap Roots: 0.12ms
[396.889s][info][gc,phases   ] GC(846)   Evacuate Collection Set: 30.11ms
[396.889s][info][gc,phases   ] GC(846)   Post Evacuate Collection Set: 0.43ms
[396.889s][info][gc,phases   ] GC(846)   Other: 0.09ms
[396.889s][info][gc,heap     ] GC(846) Eden regions: 134->0(137)
[396.889s][info][gc,heap     ] GC(846) Survivor regions: 19->16(20)
[396.889s][info][gc,heap     ] GC(846) Old regions: 52->57
[396.889s][info][gc,heap     ] GC(846) Humongous regions: 4->4
[396.889s][info][gc,metaspace] GC(846) Metaspace: 43006K(43392K)->43006K(43392K) NonClass: 40190K(40448K)->40190K(40448K) Class: 2815K(2944K)->2815K(2944K)
[396.889s][info][gc          ] GC(846) Pause Young (Mixed) (G1 Evacuation Pause) 208M->76M(256M) 31.106ms
[396.889s][info][gc,cpu      ] GC(846) User=0.06s Sys=0.00s Real=0.03s
[397.104s][info][gc,start    ] GC(847) Pause Young (Concurrent Start) (G1 Humongous Allocation)
[397.104s][info][gc,task     ] GC(847) Using 2 workers of 2 for evacuation
[397.129s][info][gc,phases   ] GC(847)   Pre Evacuate Collection Set: 0.15ms
[397.129s][info][gc,phases   ] GC(847)   Merge Heap Roots: 0.06ms
[397.129s][info][gc,phases   ] GC(847)   Evacuate Collection Set: 24.42ms
[397.129s][info][gc,phases   ] GC(847)   Post Evacuate Collection Set: 0.38ms
[397.129s][info][gc,phases   ] GC(847)   Other: 0.12ms
[397.129s][info][gc,heap     ] GC(847) Eden regions: 101->0(129)
[397.129s][info][gc,heap     ] GC(847) Survivor regions: 16->13(20)
[397.129s][info][gc,heap     ] GC(847) Old regions: 57->73
[397.129s][info][gc,heap     ] GC(847) Humongous regions: 4->4
[397.129s][info][gc,metaspace] GC(847) Metaspace: 43006K(43392K)->43006K(43392K) NonClass: 40190K(40448K)->40190K(40448K) Class: 2815K(2944K)->2815K(2944K)
[397.129s][info][gc          ] GC(847) Pause Young (Concurrent Start) (G1 Humongous Allocation) 177M->89M(256M) 25.337ms
[397.129s][info][gc,cpu      ] GC(847) User=0.05s Sys=0.00s Real=0.03s
[397.129s][info][gc          ] GC(848) Concurrent Mark Cycle
[397.129s][info][gc,marking  ] GC(848) Concurrent Scan Root Regions
[397.148s][info][gc,marking  ] GC(848) Concurrent Scan Root Regions 18.100ms
[397.148s][info][gc,marking  ] GC(848) Concurrent Mark
[397.148s][info][gc,marking  ] GC(848) Concurrent Mark From Roots
[397.148s][info][gc,task     ] GC(848) Using 1 workers of 1 for marking
[397.185s][info][gc,marking  ] GC(848) Concurrent Mark From Roots 37.292ms
[397.185s][info][gc,marking  ] GC(848) Concurrent Preclean
[397.185s][info][gc,marking  ] GC(848) Concurrent Preclean 0.032ms
[397.185s][info][gc,start    ] GC(848) Pause Remark
[397.201s][info][gc          ] GC(848) Pause Remark 111M->104M(256M) 16.269ms
[397.201s][info][gc,cpu      ] GC(848) User=0.03s Sys=0.00s Real=0.02s
[397.201s][info][gc,marking  ] GC(848) Concurrent Mark 53.864ms
[397.201s][info][gc,marking  ] GC(848) Concurrent Rebuild Remembered Sets and Scrub Regions
[397.232s][info][gc,marking  ] GC(848) Concurrent Rebuild Remembered Sets and Scrub Regions 30.626ms
[397.232s][info][gc,start    ] GC(848) Pause Cleanup
[397.232s][info][gc          ] GC(848) Pause Cleanup 118M->118M(256M) 0.040ms
[397.232s][info][gc,cpu      ] GC(848) User=0.00s Sys=0.00s Real=0.00s
[397.232s][info][gc,marking  ] GC(848) Concurrent Clear Claimed Marks
[397.232s][info][gc,marking  ] GC(848) Concurrent Clear Claimed Marks 0.035ms
[397.232s][info][gc,marking  ] GC(848) Concurrent Cleanup for Next Mark
[397.233s][info][gc,marking  ] GC(848) Concurrent Cleanup for Next Mark 0.741ms
[397.233s][info][gc          ] GC(848) Concurrent Mark Cycle 103.707ms
[397.433s][info][gc,start    ] GC(849) Pause Young (Prepare Mixed) (G1 Evacuation Pause)
[397.433s][info][gc,task     ] GC(849) Using 2 workers of 2 for evacuation
[397.463s][info][gc,phases   ] GC(849)   Pre Evacuate Collection Set: 0.13ms
[397.463s][info][gc,phases   ] GC(849)   Merge Heap Roots: 0.08ms
[397.463s][info][gc,phases   ] GC(849)   Evacuate Collection Set: 29.20ms
[397.463s][info][gc,phases   ] GC(849)   Post Evacuate Collection Set: 0.40ms
[397.463s][info][gc,phases   ] GC(849)   Other: 0.11ms
[397.463s][info][gc,heap     ] GC(849) Eden regions: 129->0(121)
[397.463s][info][gc,heap     ] GC(849) Survivor regions: 13->15(18)
[397.463s][info][gc,heap     ] GC(849) Old regions: 66->79
[397.463s][info][gc,heap     ] GC(849) Humongous regions: 6->6
[397.463s][info][gc,metaspace] GC(849) Metaspace: 43006K(43392K)->43006K(43392K) NonClass: 40190K(40448K)->40190K(40448K) Class: 2815K(2944K)->2815K(2944K)
[397.463s][info][gc          ] GC(849) Pause Young (Prepare Mixed) (G1 Evacuation Pause) 213M->99M(256M) 30.136ms
[397.463s][info][gc,cpu      ] GC(849) User=0.05s Sys=0.01s Real=0.03s
[397.720s][info][gc,start    ] GC(850) Pause Young (Mixed) (G1 Evacuation Pause)
[397.720s][info][gc,task     ] GC(850) Using 2 workers of 2 for evacuation
[397.751s][info][gc,phases   ] GC(850)   Pre Evacuate Collection Set: 0.15ms
[397.751s][info][gc,phases   ] GC(850)   Merge Heap Roots: 0.09ms
[397.751s][info][gc,phases   ] GC(850)   Evacuate Collection Set: 30.44ms
[397.751s][info][gc,phases   ] GC(850)   Post Evacuate Collection Set: 0.44ms
[397.751s][info][gc,phases   ] GC(850)   Other: 0.07ms
[397.751s][info][gc,heap     ] GC(850) Eden regions: 121->0(119)
[397.751s][info][gc,heap     ] GC(850) Survivor regions: 15->14(17)
[397.751s][info][gc,heap     ] GC(850) Old regions: 79->83
[397.751s][info][gc,heap     ] GC(850) Humongous regions: 6->6
[397.751s][info][gc,metaspace] GC(850) Metaspace: 43006K(43392K)->43006K(43392K) NonClass: 40190K(40448K)->40190K(40448K) Class: 2815K(2944K)->2815K(2944K)
[397.751s][info][gc          ] GC(850) Pause Young (Mixed) (G1 Evacuation Pause) 220M->102M(256M) 31.375ms
[397.751s][info][gc,cpu      ] GC(850) User=0.06s Sys=0.01s Real=0.03s
[397.808s][info][gc,start    ] GC(851) Pause Young (Concurrent Start) (G1 Humongous Allocation)
[397.808s][info][gc,task     ] GC(851) Using 2 workers of 2 for evacuation
[397.825s][info][gc,phases   ] GC(851)   Pre Evacuate Collection Set: 0.16ms
[397.825s][info][gc,phases   ] GC(851)   Merge Heap Roots: 0.06ms
[397.825s][info][gc,phases   ] GC(851)   Evacuate Collection Set: 15.81ms
[397.825s][info][gc,phases   ] GC(851)   Post Evacuate Collection Set: 0.28ms
[397.825s][info][gc,phases   ] GC(851)   Other: 0.07ms
[397.825s][info][gc,heap     ] GC(851) Eden regions: 24->0(117)
[397.825s][info][gc,heap     ] GC(851) Survivor regions: 14->3(17)
[397.825s][info][gc,heap     ] GC(851) Old regions: 83->97
[397.825s][info][gc,heap     ] GC(851) Humongous regions: 6->6
[397.825s][info][gc,metaspace] GC(851) Metaspace: 43006K(43392K)->43006K(43392K) NonClass: 40190K(40448K)->40190K(40448K) Class: 2815K(2944K)->2815K(2944K)
[397.825s][info][gc          ] GC(851) Pause Young (Concurrent Start) (G1 Humongous Allocation) 126M->105M(256M) 16.587ms
[397.825s][info][gc          ] GC(852) Concurrent Mark Cycle
[397.825s][info][gc,marking  ] GC(852) Concurrent Scan Root Regions
[397.827s][info][gc,cpu      ] GC(851) User=0.04s Sys=0.00s Real=0.02s
[397.838s][info][gc,marking  ] GC(852) Concurrent Scan Root Regions 13.629ms
[397.838s][info][gc,marking  ] GC(852) Concurrent Mark
[397.838s][info][gc,marking  ] GC(852) Concurrent Mark From Roots
[397.838s][info][gc,task     ] GC(852) Using 1 workers of 1 for marking
[397.931s][info][gc,marking  ] GC(852) Concurrent Mark From Roots 92.554ms
[397.931s][info][gc,marking  ] GC(852) Concurrent Preclean
[397.931s][info][gc,marking  ] GC(852) Concurrent Preclean 0.036ms
[397.931s][info][gc,start    ] GC(852) Pause Remark
[397.947s][info][gc          ] GC(852) Pause Remark 138M->137M(256M) 15.589ms
[397.947s][info][gc,cpu      ] GC(852) User=0.03s Sys=0.00s Real=0.02s
[397.947s][info][gc,marking  ] GC(852) Concurrent Mark 108.448ms
[397.947s][info][gc,marking  ] GC(852) Concurrent Rebuild Remembered Sets and Scrub Regions
[398.004s][info][gc,marking  ] GC(852) Concurrent Rebuild Remembered Sets and Scrub Regions 57.485ms
[398.005s][info][gc,start    ] GC(852) Pause Cleanup
[398.005s][info][gc          ] GC(852) Pause Cleanup 167M->167M(256M) 0.041ms
[398.005s][info][gc,cpu      ] GC(852) User=0.00s Sys=0.00s Real=0.00s
[398.005s][info][gc,marking  ] GC(852) Concurrent Clear Claimed Marks
[398.005s][info][gc,marking  ] GC(852) Concurrent Clear Claimed Marks 0.037ms
[398.005s][info][gc,marking  ] GC(852) Concurrent Cleanup for Next Mark
[398.005s][info][gc,marking  ] GC(852) Concurrent Cleanup for Next Mark 0.697ms
[398.005s][info][gc          ] GC(852) Concurrent Mark Cycle 180.606ms
[398.142s][info][gc,start    ] GC(853) Pause Young (Prepare Mixed) (G1 Evacuation Pause)
[398.142s][info][gc,task     ] GC(853) Using 2 workers of 2 for evacuation
[398.165s][info][gc,phases   ] GC(853)   Pre Evacuate Collection Set: 0.15ms
[398.165s][info][gc,phases   ] GC(853)   Merge Heap Roots: 0.13ms
[398.165s][info][gc,phases   ] GC(853)   Evacuate Collection Set: 21.59ms
[398.165s][info][gc,phases   ] GC(853)   Post Evacuate Collection Set: 0.40ms
[398.165s][info][gc,phases   ] GC(853)   Other: 0.08ms
[398.165s][info][gc,heap     ] GC(853) Eden regions: 117->0(104)
[398.165s][info][gc,heap     ] GC(853) Survivor regions: 3->15(15)
[398.165s][info][gc,heap     ] GC(853) Old regions: 97->98
[398.165s][info][gc,heap     ] GC(853) Humongous regions: 9->9
[398.165s][info][gc,metaspace] GC(853) Metaspace: 43006K(43392K)->43006K(43392K) NonClass: 40190K(40448K)->40190K(40448K) Class: 2815K(2944K)->2815K(2944K)
[398.165s][info][gc          ] GC(853) Pause Young (Prepare Mixed) (G1 Evacuation Pause) 225M->122M(256M) 22.539ms
[398.165s][info][gc,cpu      ] GC(853) User=0.05s Sys=0.00s Real=0.02s
[399.261s][info][gc,start    ] GC(854) Pause Young (Mixed) (G1 Evacuation Pause)
[399.261s][info][gc,task     ] GC(854) Using 2 workers of 2 for evacuation
[399.305s][info][gc,phases   ] GC(854)   Pre Evacuate Collection Set: 0.16ms
[399.305s][info][gc,phases   ] GC(854)   Merge Heap Roots: 0.28ms
[399.305s][info][gc,phases   ] GC(854)   Evacuate Collection Set: 42.54ms
[399.305s][info][gc,phases   ] GC(854)   Post Evacuate Collection Set: 0.41ms
[399.305s][info][gc,phases   ] GC(854)   Other: 0.07ms
[399.305s][info][gc,heap     ] GC(854) Eden regions: 104->0(98)
[399.305s][info][gc,heap     ] GC(854) Survivor regions: 15->9(15)
[399.305s][info][gc,heap     ] GC(854) Old regions: 98->110
[399.305s][info][gc,heap     ] GC(854) Humongous regions: 17->15
[399.305s][info][gc,metaspace] GC(854) Metaspace: 43006K(43392K)->43006K(43392K) NonClass: 40190K(40448K)->40190K(40448K) Class: 2815K(2944K)->2815K(2944K)
[399.305s][info][gc          ] GC(854) Pause Young (Mixed) (G1 Evacuation Pause) 234M->133M(259M) 43.656ms
[399.305s][info][gc,cpu      ] GC(854) User=0.09s Sys=0.01s Real=0.04s
[399.624s][info][gc,start    ] GC(855) Pause Young (Concurrent Start) (G1 Evacuation Pause)
[399.624s][info][gc,task     ] GC(855) Using 2 workers of 2 for evacuation
[399.644s][info][gc,phases   ] GC(855)   Pre Evacuate Collection Set: 0.19ms
[399.644s][info][gc,phases   ] GC(855)   Merge Heap Roots: 0.15ms
[399.644s][info][gc,phases   ] GC(855)   Evacuate Collection Set: 18.61ms
[399.644s][info][gc,phases   ] GC(855)   Post Evacuate Collection Set: 0.39ms
[399.644s][info][gc,phases   ] GC(855)   Other: 0.08ms
[399.644s][info][gc,heap     ] GC(855) Eden regions: 98->0(97)
[399.644s][info][gc,heap     ] GC(855) Survivor regions: 9->4(14)
[399.644s][info][gc,heap     ] GC(855) Old regions: 110->119
[399.644s][info][gc,heap     ] GC(855) Humongous regions: 15->15
[399.644s][info][gc,metaspace] GC(855) Metaspace: 43006K(43392K)->43006K(43392K) NonClass: 40190K(40448K)->40190K(40448K) Class: 2815K(2944K)->2815K(2944K)
[399.644s][info][gc          ] GC(855) Pause Young (Concurrent Start) (G1 Evacuation Pause) 231M->137M(259M) 19.580ms
[399.644s][info][gc,cpu      ] GC(855) User=0.03s Sys=0.01s Real=0.02s
[399.644s][info][gc          ] GC(856) Concurrent Mark Cycle
[399.644s][info][gc,marking  ] GC(856) Concurrent Scan Root Regions
[399.652s][info][gc,marking  ] GC(856) Concurrent Scan Root Regions 8.267ms
[399.652s][info][gc,marking  ] GC(856) Concurrent Mark
[399.652s][info][gc,marking  ] GC(856) Concurrent Mark From Roots
[399.652s][info][gc,task     ] GC(856) Using 1 workers of 1 for marking
[399.686s][info][gc,marking  ] GC(856) Concurrent Mark From Roots 34.001ms
[399.686s][info][gc,marking  ] GC(856) Concurrent Preclean
[399.686s][info][gc,marking  ] GC(856) Concurrent Preclean 0.034ms
[399.686s][info][gc,start    ] GC(856) Pause Remark
[399.702s][info][gc          ] GC(856) Pause Remark 148M->118M(259M) 15.539ms
[399.702s][info][gc,cpu      ] GC(856) User=0.03s Sys=0.00s Real=0.02s
[399.702s][info][gc,marking  ] GC(856) Concurrent Mark 49.801ms
[399.702s][info][gc,marking  ] GC(856) Concurrent Rebuild Remembered Sets and Scrub Regions
[399.728s][info][gc,marking  ] GC(856) Concurrent Rebuild Remembered Sets and Scrub Regions 25.456ms
[399.728s][info][gc,start    ] GC(856) Pause Cleanup
[399.728s][info][gc          ] GC(856) Pause Cleanup 123M->123M(259M) 0.080ms
[399.728s][info][gc,cpu      ] GC(856) User=0.00s Sys=0.00s Real=0.00s
[399.728s][info][gc,marking  ] GC(856) Concurrent Clear Claimed Marks
[399.728s][info][gc,marking  ] GC(856) Concurrent Clear Claimed Marks 0.034ms
[399.728s][info][gc,marking  ] GC(856) Concurrent Cleanup for Next Mark
[399.729s][info][gc,marking  ] GC(856) Concurrent Cleanup for Next Mark 0.789ms
[399.729s][info][gc          ] GC(856) Concurrent Mark Cycle 84.764ms
[400.045s][info][gc,start    ] GC(857) Pause Young (Prepare Mixed) (G1 Evacuation Pause)
[400.045s][info][gc,task     ] GC(857) Using 2 workers of 2 for evacuation
[400.054s][info][gc,phases   ] GC(857)   Pre Evacuate Collection Set: 0.15ms
[400.054s][info][gc,phases   ] GC(857)   Merge Heap Roots: 0.05ms
[400.054s][info][gc,phases   ] GC(857)   Evacuate Collection Set: 8.04ms
[400.054s][info][gc,phases   ] GC(857)   Post Evacuate Collection Set: 0.39ms
[400.054s][info][gc,phases   ] GC(857)   Other: 0.07ms
[400.054s][info][gc,heap     ] GC(857) Eden regions: 97->0(116)
[400.054s][info][gc,heap     ] GC(857) Survivor regions: 4->10(13)
[400.054s][info][gc,heap     ] GC(857) Old regions: 103->103
[400.054s][info][gc,heap     ] GC(857) Humongous regions: 1->1
[400.054s][info][gc,metaspace] GC(857) Metaspace: 43006K(43392K)->43006K(43392K) NonClass: 40190K(40448K)->40190K(40448K) Class: 2815K(2944K)->2815K(2944K)
[400.054s][info][gc          ] GC(857) Pause Young (Prepare Mixed) (G1 Evacuation Pause) 204M->113M(259M) 8.872ms
[400.054s][info][gc,cpu      ] GC(857) User=0.01s Sys=0.00s Real=0.01s
[400.555s][info][gc,start    ] GC(858) Pause Young (Mixed) (G1 Evacuation Pause)
[400.555s][info][gc,task     ] GC(858) Using 2 workers of 2 for evacuation
[400.570s][info][gc,phases   ] GC(858)   Pre Evacuate Collection Set: 0.23ms
[400.570s][info][gc,phases   ] GC(858)   Merge Heap Roots: 0.12ms
[400.570s][info][gc,phases   ] GC(858)   Evacuate Collection Set: 13.89ms
[400.570s][info][gc,phases   ] GC(858)   Post Evacuate Collection Set: 0.42ms
[400.570s][info][gc,phases   ] GC(858)   Other: 0.07ms
[400.570s][info][gc,heap     ] GC(858) Eden regions: 116->0(135)
[400.570s][info][gc,heap     ] GC(858) Survivor regions: 10->14(16)
[400.570s][info][gc,heap     ] GC(858) Old regions: 103->79
[400.570s][info][gc,heap     ] GC(858) Humongous regions: 1->1
[400.570s][info][gc,metaspace] GC(858) Metaspace: 43006K(43392K)->43006K(43392K) NonClass: 40190K(40448K)->40190K(40448K) Class: 2815K(2944K)->2815K(2944K)
[400.570s][info][gc          ] GC(858) Pause Young (Mixed) (G1 Evacuation Pause) 229M->94M(259M) 14.908ms
[400.570s][info][gc,cpu      ] GC(858) User=0.03s Sys=0.00s Real=0.02s
[401.311s][info][gc,start    ] GC(859) Pause Young (Mixed) (G1 Evacuation Pause)
[401.311s][info][gc,task     ] GC(859) Using 2 workers of 2 for evacuation
[401.337s][info][gc,phases   ] GC(859)   Pre Evacuate Collection Set: 0.23ms
[401.337s][info][gc,phases   ] GC(859)   Merge Heap Roots: 0.18ms
[401.337s][info][gc,phases   ] GC(859)   Evacuate Collection Set: 25.45ms
[401.337s][info][gc,phases   ] GC(859)   Post Evacuate Collection Set: 0.43ms
[401.337s][info][gc,phases   ] GC(859)   Other: 0.07ms
[401.337s][info][gc,heap     ] GC(859) Eden regions: 135->0(136)
[401.337s][info][gc,heap     ] GC(859) Survivor regions: 14->19(19)
[401.337s][info][gc,heap     ] GC(859) Old regions: 79->64
[401.337s][info][gc,heap     ] GC(859) Humongous regions: 1->1
[401.337s][info][gc,metaspace] GC(859) Metaspace: 43006K(43392K)->43006K(43392K) NonClass: 40190K(40448K)->40190K(40448K) Class: 2815K(2944K)->2815K(2944K)
[401.337s][info][gc          ] GC(859) Pause Young (Mixed) (G1 Evacuation Pause) 229M->83M(259M) 26.558ms
[401.337s][info][gc,cpu      ] GC(859) User=0.06s Sys=0.00s Real=0.03s
[402.034s][info][gc,start    ] GC(860) Pause Young (Mixed) (G1 Evacuation Pause)
[402.034s][info][gc,task     ] GC(860) Using 2 workers of 2 for evacuation
[402.065s][info][gc,phases   ] GC(860)   Pre Evacuate Collection Set: 0.16ms
[402.065s][info][gc,phases   ] GC(860)   Merge Heap Roots: 0.20ms
[402.065s][info][gc,phases   ] GC(860)   Evacuate Collection Set: 29.98ms
[402.065s][info][gc,phases   ] GC(860)   Post Evacuate Collection Set: 0.42ms
[402.065s][info][gc,phases   ] GC(860)   Other: 0.07ms
[402.065s][info][gc,heap     ] GC(860) Eden regions: 136->0(135)
[402.065s][info][gc,heap     ] GC(860) Survivor regions: 19->14(20)
[402.065s][info][gc,heap     ] GC(860) Old regions: 64->74
[402.065s][info][gc,heap     ] GC(860) Humongous regions: 1->1
[402.065s][info][gc,metaspace] GC(860) Metaspace: 43006K(43392K)->43006K(43392K) NonClass: 40190K(40448K)->40190K(40448K) Class: 2815K(2944K)->2815K(2944K)
[402.065s][info][gc          ] GC(860) Pause Young (Mixed) (G1 Evacuation Pause) 219M->88M(259M) 31.041ms
[402.065s][info][gc,cpu      ] GC(860) User=0.06s Sys=0.00s Real=0.03s
[402.764s][info][gc,start    ] GC(861) Pause Young (Concurrent Start) (G1 Humongous Allocation)
[402.764s][info][gc,task     ] GC(861) Using 2 workers of 2 for evacuation
[402.788s][info][gc,phases   ] GC(861)   Pre Evacuate Collection Set: 0.16ms
[402.788s][info][gc,phases   ] GC(861)   Merge Heap Roots: 0.06ms
[402.788s][info][gc,phases   ] GC(861)   Evacuate Collection Set: 22.10ms
[402.788s][info][gc,phases   ] GC(861)   Post Evacuate Collection Set: 1.33ms
[402.788s][info][gc,phases   ] GC(861)   Other: 0.10ms
[402.788s][info][gc,heap     ] GC(861) Eden regions: 127->0(215)
[402.788s][info][gc,heap     ] GC(861) Survivor regions: 14->12(19)
[402.788s][info][gc,heap     ] GC(861) Old regions: 74->88
[402.788s][info][gc,heap     ] GC(861) Humongous regions: 1->1
[402.788s][info][gc,metaspace] GC(861) Metaspace: 43006K(43392K)->43006K(43392K) NonClass: 40191K(40448K)->40191K(40448K) Class: 2815K(2944K)->2815K(2944K)
[402.788s][info][gc          ] GC(861) Pause Young (Concurrent Start) (G1 Humongous Allocation) 214M->101M(379M) 23.941ms
[402.788s][info][gc,cpu      ] GC(861) User=0.05s Sys=0.00s Real=0.03s
[402.788s][info][gc          ] GC(862) Concurrent Undo Cycle
[402.788s][info][gc,marking  ] GC(862) Concurrent Clear Claimed Marks
[402.788s][info][gc,marking  ] GC(862) Concurrent Clear Claimed Marks 0.041ms
[402.788s][info][gc,marking  ] GC(862) Concurrent Cleanup for Next Mark
[402.788s][info][gc,marking  ] GC(862) Concurrent Cleanup for Next Mark 0.116ms
[402.788s][info][gc          ] GC(862) Concurrent Undo Cycle 0.350ms
[404.002s][info][gc,start    ] GC(863) Pause Young (Normal) (G1 Evacuation Pause)
[404.002s][info][gc,task     ] GC(863) Using 2 workers of 2 for evacuation
[404.033s][info][gc,phases   ] GC(863)   Pre Evacuate Collection Set: 0.33ms
[404.033s][info][gc,phases   ] GC(863)   Merge Heap Roots: 0.12ms
[404.033s][info][gc,phases   ] GC(863)   Evacuate Collection Set: 30.29ms
[404.033s][info][gc,phases   ] GC(863)   Post Evacuate Collection Set: 0.49ms
[404.033s][info][gc,phases   ] GC(863)   Other: 0.07ms
[404.033s][info][gc,heap     ] GC(863) Eden regions: 215->0(198)
[404.033s][info][gc,heap     ] GC(863) Survivor regions: 12->29(29)
[404.033s][info][gc,heap     ] GC(863) Old regions: 88->90
[404.033s][info][gc,heap     ] GC(863) Humongous regions: 2->2
[404.033s][info][gc,metaspace] GC(863) Metaspace: 43006K(43392K)->43006K(43392K) NonClass: 40191K(40448K)->40191K(40448K) Class: 2815K(2944K)->2815K(2944K)
[404.033s][info][gc          ] GC(863) Pause Young (Normal) (G1 Evacuation Pause) 317M->121M(379M) 31.498ms
[404.033s][info][gc,cpu      ] GC(863) User=0.06s Sys=0.00s Real=0.03s
[404.332s][info][gc,start    ] GC(864) Pause Young (Concurrent Start) (G1 Humongous Allocation)
[404.332s][info][gc,task     ] GC(864) Using 2 workers of 2 for evacuation
[404.362s][info][gc,phases   ] GC(864)   Pre Evacuate Collection Set: 0.21ms
[404.362s][info][gc,phases   ] GC(864)   Merge Heap Roots: 0.07ms
[404.362s][info][gc,phases   ] GC(864)   Evacuate Collection Set: 29.28ms
[404.362s][info][gc,phases   ] GC(864)   Post Evacuate Collection Set: 0.48ms
[404.362s][info][gc,phases   ] GC(864)   Other: 0.08ms
[404.362s][info][gc,heap     ] GC(864) Eden regions: 68->0(199)
[404.362s][info][gc,heap     ] GC(864) Survivor regions: 29->10(29)
[404.362s][info][gc,heap     ] GC(864) Old regions: 90->120
[404.362s][info][gc,heap     ] GC(864) Humongous regions: 2->2
[404.362s][info][gc,metaspace] GC(864) Metaspace: 43006K(43392K)->43006K(43392K) NonClass: 40191K(40448K)->40191K(40448K) Class: 2815K(2944K)->2815K(2944K)
[404.362s][info][gc          ] GC(864) Pause Young (Concurrent Start) (G1 Humongous Allocation) 188M->131M(379M) 30.306ms
[404.362s][info][gc,cpu      ] GC(864) User=0.06s Sys=0.00s Real=0.03s
[404.362s][info][gc          ] GC(865) Concurrent Mark Cycle
[404.362s][info][gc,marking  ] GC(865) Concurrent Scan Root Regions
[404.392s][info][gc,marking  ] GC(865) Concurrent Scan Root Regions 29.832ms
[404.392s][info][gc,marking  ] GC(865) Concurrent Mark
[404.392s][info][gc,marking  ] GC(865) Concurrent Mark From Roots
[404.392s][info][gc,task     ] GC(865) Using 1 workers of 1 for marking
[404.436s][info][gc,marking  ] GC(865) Concurrent Mark From Roots 44.069ms
[404.436s][info][gc,marking  ] GC(865) Concurrent Preclean
[404.436s][info][gc,marking  ] GC(865) Concurrent Preclean 0.032ms
[404.436s][info][gc,start    ] GC(865) Pause Remark
[404.452s][info][gc          ] GC(865) Pause Remark 139M->125M(379M) 15.369ms
[404.452s][info][gc,cpu      ] GC(865) User=0.03s Sys=0.00s Real=0.02s
[404.452s][info][gc,marking  ] GC(865) Concurrent Mark 59.731ms
[404.452s][info][gc,marking  ] GC(865) Concurrent Rebuild Remembered Sets and Scrub Regions
[404.489s][info][gc,marking  ] GC(865) Concurrent Rebuild Remembered Sets and Scrub Regions 37.543ms
[404.489s][info][gc,start    ] GC(865) Pause Cleanup
[404.489s][info][gc          ] GC(865) Pause Cleanup 125M->125M(379M) 0.041ms
[404.489s][info][gc,cpu      ] GC(865) User=0.00s Sys=0.00s Real=0.00s
[404.489s][info][gc,marking  ] GC(865) Concurrent Clear Claimed Marks
[404.489s][info][gc,marking  ] GC(865) Concurrent Clear Claimed Marks 0.033ms
[404.489s][info][gc,marking  ] GC(865) Concurrent Cleanup for Next Mark
[404.492s][info][gc,marking  ] GC(865) Concurrent Cleanup for Next Mark 2.374ms
[404.492s][info][gc          ] GC(865) Concurrent Mark Cycle 129.830ms
[405.306s][info][gc,start    ] GC(866) Pause Young (Prepare Mixed) (G1 Evacuation Pause)
[405.306s][info][gc,task     ] GC(866) Using 2 workers of 2 for evacuation
[405.314s][info][gc,phases   ] GC(866)   Pre Evacuate Collection Set: 0.19ms
[405.314s][info][gc,phases   ] GC(866)   Merge Heap Roots: 0.07ms
[405.314s][info][gc,phases   ] GC(866)   Evacuate Collection Set: 7.30ms
[405.314s][info][gc,phases   ] GC(866)   Post Evacuate Collection Set: 0.46ms
[405.314s][info][gc,phases   ] GC(866)   Other: 0.07ms
[405.314s][info][gc,heap     ] GC(866) Eden regions: 199->0(213)
[405.314s][info][gc,heap     ] GC(866) Survivor regions: 10->12(27)
[405.314s][info][gc,heap     ] GC(866) Old regions: 106->106
[405.314s][info][gc,heap     ] GC(866) Humongous regions: 22->4
[405.314s][info][gc,metaspace] GC(866) Metaspace: 43007K(43392K)->43007K(43392K) NonClass: 40192K(40448K)->40192K(40448K) Class: 2815K(2944K)->2815K(2944K)
[405.314s][info][gc          ] GC(866) Pause Young (Prepare Mixed) (G1 Evacuation Pause) 336M->121M(379M) 8.252ms
[405.314s][info][gc,cpu      ] GC(866) User=0.02s Sys=0.00s Real=0.01s
[406.090s][info][gc,start    ] GC(867) Pause Young (Mixed) (G1 Evacuation Pause)
[406.090s][info][gc,task     ] GC(867) Using 2 workers of 2 for evacuation
[406.106s][info][gc,phases   ] GC(867)   Pre Evacuate Collection Set: 0.20ms
[406.106s][info][gc,phases   ] GC(867)   Merge Heap Roots: 0.22ms
[406.106s][info][gc,phases   ] GC(867)   Evacuate Collection Set: 14.88ms
[406.106s][info][gc,phases   ] GC(867)   Post Evacuate Collection Set: 0.49ms
[406.106s][info][gc,phases   ] GC(867)   Other: 0.07ms
[406.106s][info][gc,heap     ] GC(867) Eden regions: 213->0(212)
[406.106s][info][gc,heap     ] GC(867) Survivor regions: 12->15(29)
[406.106s][info][gc,heap     ] GC(867) Old regions: 106->80
[406.106s][info][gc,heap     ] GC(867) Humongous regions: 12->4
[406.106s][info][gc,metaspace] GC(867) Metaspace: 43008K(43392K)->43008K(43392K) NonClass: 40193K(40448K)->40193K(40448K) Class: 2815K(2944K)->2815K(2944K)
[406.106s][info][gc          ] GC(867) Pause Young (Mixed) (G1 Evacuation Pause) 342M->98M(379M) 16.023ms
[406.106s][info][gc,cpu      ] GC(867) User=0.03s Sys=0.00s Real=0.01s
[406.221s][info][gc,start    ] GC(868) Pause Young (Concurrent Start) (G1 Humongous Allocation)
[406.221s][info][gc,task     ] GC(868) Using 2 workers of 2 for evacuation
[406.228s][info][gc,phases   ] GC(868)   Pre Evacuate Collection Set: 0.20ms
[406.228s][info][gc,phases   ] GC(868)   Merge Heap Roots: 0.06ms
[406.228s][info][gc,phases   ] GC(868)   Evacuate Collection Set: 5.48ms
[406.228s][info][gc,phases   ] GC(868)   Post Evacuate Collection Set: 0.33ms
[406.228s][info][gc,phases   ] GC(868)   Other: 0.07ms
[406.228s][info][gc,heap     ] GC(868) Eden regions: 33->0(219)
[406.228s][info][gc,heap     ] GC(868) Survivor regions: 15->8(29)
[406.228s][info][gc,heap     ] GC(868) Old regions: 80->80
[406.228s][info][gc,heap     ] GC(868) Humongous regions: 4->2
[406.228s][info][gc,metaspace] GC(868) Metaspace: 43008K(43392K)->43008K(43392K) NonClass: 40193K(40448K)->40193K(40448K) Class: 2815K(2944K)->2815K(2944K)
[406.228s][info][gc          ] GC(868) Pause Young (Concurrent Start) (G1 Humongous Allocation) 131M->89M(379M) 6.337ms
[406.228s][info][gc,cpu      ] GC(868) User=0.01s Sys=0.00s Real=0.01s
[406.228s][info][gc          ] GC(869) Concurrent Mark Cycle
[406.228s][info][gc,marking  ] GC(869) Concurrent Scan Root Regions
[406.235s][info][gc,marking  ] GC(869) Concurrent Scan Root Regions 7.390ms
[406.235s][info][gc,marking  ] GC(869) Concurrent Mark
[406.235s][info][gc,marking  ] GC(869) Concurrent Mark From Roots
[406.235s][info][gc,task     ] GC(869) Using 1 workers of 1 for marking
[406.270s][info][gc,marking  ] GC(869) Concurrent Mark From Roots 34.531ms
[406.270s][info][gc,marking  ] GC(869) Concurrent Preclean
[406.270s][info][gc,marking  ] GC(869) Concurrent Preclean 0.036ms
[406.270s][info][gc,start    ] GC(869) Pause Remark
[406.285s][info][gc          ] GC(869) Pause Remark 103M->91M(267M) 15.412ms
[406.285s][info][gc,cpu      ] GC(869) User=0.03s Sys=0.00s Real=0.01s
[406.285s][info][gc,marking  ] GC(869) Concurrent Mark 50.134ms
[406.285s][info][gc,marking  ] GC(869) Concurrent Rebuild Remembered Sets and Scrub Regions
[406.299s][info][gc,marking  ] GC(869) Concurrent Rebuild Remembered Sets and Scrub Regions 13.518ms
[406.299s][info][gc,start    ] GC(869) Pause Cleanup
[406.299s][info][gc          ] GC(869) Pause Cleanup 91M->91M(267M) 0.037ms
[406.299s][info][gc,cpu      ] GC(869) User=0.00s Sys=0.00s Real=0.00s
[406.299s][info][gc,marking  ] GC(869) Concurrent Clear Claimed Marks
[406.299s][info][gc,marking  ] GC(869) Concurrent Clear Claimed Marks 0.031ms
[406.299s][info][gc,marking  ] GC(869) Concurrent Cleanup for Next Mark
[406.300s][info][gc,marking  ] GC(869) Concurrent Cleanup for Next Mark 0.752ms
[406.300s][info][gc          ] GC(869) Concurrent Mark Cycle 72.051ms
[406.898s][info][gc,start    ] GC(870) Pause Young (Prepare Mixed) (G1 Evacuation Pause)
[406.898s][info][gc,task     ] GC(870) Using 2 workers of 2 for evacuation
[406.922s][info][gc,phases   ] GC(870)   Pre Evacuate Collection Set: 0.17ms
[406.922s][info][gc,phases   ] GC(870)   Merge Heap Roots: 0.06ms
[406.922s][info][gc,phases   ] GC(870)   Evacuate Collection Set: 23.15ms
[406.922s][info][gc,phases   ] GC(870)   Post Evacuate Collection Set: 0.49ms
[406.922s][info][gc,phases   ] GC(870)   Other: 0.07ms
[406.922s][info][gc,heap     ] GC(870) Eden regions: 152->0(132)
[406.922s][info][gc,heap     ] GC(870) Survivor regions: 8->20(20)
[406.922s][info][gc,heap     ] GC(870) Old regions: 69->76
[406.922s][info][gc,heap     ] GC(870) Humongous regions: 5->3
[406.922s][info][gc,metaspace] GC(870) Metaspace: 43008K(43392K)->43008K(43392K) NonClass: 40193K(40448K)->40193K(40448K) Class: 2815K(2944K)->2815K(2944K)
[406.922s][info][gc          ] GC(870) Pause Young (Prepare Mixed) (G1 Evacuation Pause) 233M->98M(267M) 24.116ms
[406.922s][info][gc,cpu      ] GC(870) User=0.05s Sys=0.00s Real=0.02s
[407.409s][info][gc,start    ] GC(871) Pause Young (Mixed) (G1 Evacuation Pause)
[407.409s][info][gc,task     ] GC(871) Using 2 workers of 2 for evacuation
[407.434s][info][gc,phases   ] GC(871)   Pre Evacuate Collection Set: 0.16ms
[407.434s][info][gc,phases   ] GC(871)   Merge Heap Roots: 0.17ms
[407.434s][info][gc,phases   ] GC(871)   Evacuate Collection Set: 23.44ms
[407.434s][info][gc,phases   ] GC(871)   Post Evacuate Collection Set: 0.44ms
[407.434s][info][gc,phases   ] GC(871)   Other: 0.07ms
[407.434s][info][gc,heap     ] GC(871) Eden regions: 132->0(151)
[407.434s][info][gc,heap     ] GC(871) Survivor regions: 20->9(19)
[407.434s][info][gc,heap     ] GC(871) Old regions: 76->66
[407.434s][info][gc,heap     ] GC(871) Humongous regions: 13->3
[407.434s][info][gc,metaspace] GC(871) Metaspace: 43008K(43392K)->43008K(43392K) NonClass: 40193K(40448K)->40193K(40448K) Class: 2815K(2944K)->2815K(2944K)
[407.434s][info][gc          ] GC(871) Pause Young (Mixed) (G1 Evacuation Pause) 240M->77M(267M) 24.449ms
[407.434s][info][gc,cpu      ] GC(871) User=0.05s Sys=0.00s Real=0.02s
[407.486s][info][gc,start    ] GC(872) Pause Young (Concurrent Start) (G1 Humongous Allocation)
[407.486s][info][gc,task     ] GC(872) Using 2 workers of 2 for evacuation
[407.516s][info][gc,phases   ] GC(872)   Pre Evacuate Collection Set: 0.19ms
[407.516s][info][gc,phases   ] GC(872)   Merge Heap Roots: 0.10ms
[407.516s][info][gc,phases   ] GC(872)   Evacuate Collection Set: 29.84ms
[407.516s][info][gc,phases   ] GC(872)   Post Evacuate Collection Set: 0.41ms
[407.516s][info][gc,phases   ] GC(872)   Other: 0.11ms
[407.516s][info][gc,heap     ] GC(872) Eden regions: 16->0(153)
[407.516s][info][gc,heap     ] GC(872) Survivor regions: 9->7(20)
[407.516s][info][gc,heap     ] GC(872) Old regions: 66->66
[407.516s][info][gc,heap     ] GC(872) Humongous regions: 3->1
[407.516s][info][gc,metaspace] GC(872) Metaspace: 43008K(43392K)->43008K(43392K) NonClass: 40193K(40448K)->40193K(40448K) Class: 2815K(2944K)->2815K(2944K)
[407.516s][info][gc          ] GC(872) Pause Young (Concurrent Start) (G1 Humongous Allocation) 92M->73M(267M) 30.831ms
[407.516s][info][gc,cpu      ] GC(872) User=0.03s Sys=0.00s Real=0.03s
[407.517s][info][gc          ] GC(873) Concurrent Mark Cycle
[407.517s][info][gc,marking  ] GC(873) Concurrent Scan Root Regions
[407.526s][info][gc,marking  ] GC(873) Concurrent Scan Root Regions 9.608ms
[407.526s][info][gc,marking  ] GC(873) Concurrent Mark
[407.526s][info][gc,marking  ] GC(873) Concurrent Mark From Roots
[407.526s][info][gc,task     ] GC(873) Using 1 workers of 1 for marking
[407.590s][info][gc,marking  ] GC(873) Concurrent Mark From Roots 64.228ms
[407.590s][info][gc,marking  ] GC(873) Concurrent Preclean
[407.590s][info][gc,marking  ] GC(873) Concurrent Preclean 0.034ms
[407.591s][info][gc,start    ] GC(873) Pause Remark
[407.607s][info][gc          ] GC(873) Pause Remark 92M->92M(260M) 16.164ms
[407.607s][info][gc,cpu      ] GC(873) User=0.03s Sys=0.00s Real=0.02s
[407.607s][info][gc,marking  ] GC(873) Concurrent Mark 80.697ms
[407.607s][info][gc,marking  ] GC(873) Concurrent Rebuild Remembered Sets and Scrub Regions
[407.636s][info][gc,marking  ] GC(873) Concurrent Rebuild Remembered Sets and Scrub Regions 29.597ms
[407.637s][info][gc,start    ] GC(873) Pause Cleanup
[407.637s][info][gc          ] GC(873) Pause Cleanup 101M->101M(260M) 0.043ms
[407.637s][info][gc,cpu      ] GC(873) User=0.00s Sys=0.00s Real=0.00s
[407.637s][info][gc,marking  ] GC(873) Concurrent Clear Claimed Marks
[407.637s][info][gc,marking  ] GC(873) Concurrent Clear Claimed Marks 0.044ms
[407.637s][info][gc,marking  ] GC(873) Concurrent Cleanup for Next Mark
[407.637s][info][gc,marking  ] GC(873) Concurrent Cleanup for Next Mark 0.749ms
[407.638s][info][gc          ] GC(873) Concurrent Mark Cycle 120.998ms
[408.045s][info][gc,start    ] GC(874) Pause Young (Prepare Mixed) (G1 Evacuation Pause)
[408.045s][info][gc,task     ] GC(874) Using 2 workers of 2 for evacuation
[408.058s][info][gc,phases   ] GC(874)   Pre Evacuate Collection Set: 0.15ms
[408.058s][info][gc,phases   ] GC(874)   Merge Heap Roots: 0.11ms
[408.058s][info][gc,phases   ] GC(874)   Evacuate Collection Set: 11.95ms
[408.058s][info][gc,phases   ] GC(874)   Post Evacuate Collection Set: 0.42ms
[408.058s][info][gc,phases   ] GC(874)   Other: 0.07ms
[408.058s][info][gc,heap     ] GC(874) Eden regions: 149->0(142)
[408.058s][info][gc,heap     ] GC(874) Survivor regions: 7->14(20)
[408.058s][info][gc,heap     ] GC(874) Old regions: 66->66
[408.058s][info][gc,heap     ] GC(874) Humongous regions: 15->3
[408.058s][info][gc,metaspace] GC(874) Metaspace: 43008K(43392K)->43008K(43392K) NonClass: 40193K(40448K)->40193K(40448K) Class: 2815K(2944K)->2815K(2944K)
[408.058s][info][gc          ] GC(874) Pause Young (Prepare Mixed) (G1 Evacuation Pause) 236M->82M(260M) 12.869ms
[408.058s][info][gc,cpu      ] GC(874) User=0.02s Sys=0.00s Real=0.02s
[408.568s][info][gc,start    ] GC(875) Pause Young (Mixed) (G1 Evacuation Pause)
[408.568s][info][gc,task     ] GC(875) Using 2 workers of 2 for evacuation
[408.585s][info][gc,phases   ] GC(875)   Pre Evacuate Collection Set: 0.16ms
[408.585s][info][gc,phases   ] GC(875)   Merge Heap Roots: 0.15ms
[408.585s][info][gc,phases   ] GC(875)   Evacuate Collection Set: 16.27ms
[408.585s][info][gc,phases   ] GC(875)   Post Evacuate Collection Set: 0.40ms
[408.585s][info][gc,phases   ] GC(875)   Other: 0.07ms
[408.585s][info][gc,heap     ] GC(875) Eden regions: 142->0(148)
[408.585s][info][gc,heap     ] GC(875) Survivor regions: 14->8(20)
[408.585s][info][gc,heap     ] GC(875) Old regions: 66->62
[408.585s][info][gc,heap     ] GC(875) Humongous regions: 13->3
[408.585s][info][gc,metaspace] GC(875) Metaspace: 43008K(43392K)->43008K(43392K) NonClass: 40193K(40448K)->40193K(40448K) Class: 2815K(2944K)->2815K(2944K)
[408.585s][info][gc          ] GC(875) Pause Young (Mixed) (G1 Evacuation Pause) 234M->72M(260M) 17.227ms
[408.585s][info][gc,cpu      ] GC(875) User=0.03s Sys=0.00s Real=0.01s
[408.674s][info][gc,start    ] GC(876) Pause Young (Concurrent Start) (G1 Humongous Allocation)
[408.674s][info][gc,task     ] GC(876) Using 2 workers of 2 for evacuation
[408.677s][info][gc,phases   ] GC(876)   Pre Evacuate Collection Set: 0.16ms
[408.677s][info][gc,phases   ] GC(876)   Merge Heap Roots: 0.04ms
[408.677s][info][gc,phases   ] GC(876)   Evacuate Collection Set: 2.17ms
[408.677s][info][gc,phases   ] GC(876)   Post Evacuate Collection Set: 0.32ms
[408.677s][info][gc,phases   ] GC(876)   Other: 0.09ms
[408.677s][info][gc,heap     ] GC(876) Eden regions: 22->0(153)
[408.677s][info][gc,heap     ] GC(876) Survivor regions: 8->3(20)
[408.677s][info][gc,heap     ] GC(876) Old regions: 62->62
[408.677s][info][gc,heap     ] GC(876) Humongous regions: 3->1
[408.677s][info][gc,metaspace] GC(876) Metaspace: 43008K(43392K)->43008K(43392K) NonClass: 40193K(40448K)->40193K(40448K) Class: 2815K(2944K)->2815K(2944K)
[408.677s][info][gc          ] GC(876) Pause Young (Concurrent Start) (G1 Humongous Allocation) 93M->65M(260M) 2.941ms
[408.677s][info][gc,cpu      ] GC(876) User=0.01s Sys=0.00s Real=0.01s
[408.677s][info][gc          ] GC(877) Concurrent Mark Cycle
[408.677s][info][gc,marking  ] GC(877) Concurrent Scan Root Regions
[408.680s][info][gc,marking  ] GC(877) Concurrent Scan Root Regions 2.897ms
[408.680s][info][gc,marking  ] GC(877) Concurrent Mark
[408.680s][info][gc,marking  ] GC(877) Concurrent Mark From Roots
[408.680s][info][gc,task     ] GC(877) Using 1 workers of 1 for marking
[408.733s][info][gc,marking  ] GC(877) Concurrent Mark From Roots 52.804ms
[408.733s][info][gc,marking  ] GC(877) Concurrent Preclean
[408.733s][info][gc,marking  ] GC(877) Concurrent Preclean 0.039ms
[408.734s][info][gc,start    ] GC(877) Pause Remark
[408.750s][info][gc          ] GC(877) Pause Remark 73M->63M(256M) 15.874ms
[408.750s][info][gc,cpu      ] GC(877) User=0.03s Sys=0.00s Real=0.02s
[408.750s][info][gc,marking  ] GC(877) Concurrent Mark 69.943ms
[408.750s][info][gc,marking  ] GC(877) Concurrent Rebuild Remembered Sets and Scrub Regions
[408.772s][info][gc,marking  ] GC(877) Concurrent Rebuild Remembered Sets and Scrub Regions 22.175ms
[408.772s][info][gc,start    ] GC(877) Pause Cleanup
[408.772s][info][gc          ] GC(877) Pause Cleanup 64M->64M(256M) 0.050ms
[408.772s][info][gc,cpu      ] GC(877) User=0.00s Sys=0.00s Real=0.00s
[408.772s][info][gc,marking  ] GC(877) Concurrent Clear Claimed Marks
[408.772s][info][gc,marking  ] GC(877) Concurrent Clear Claimed Marks 0.064ms
[408.772s][info][gc,marking  ] GC(877) Concurrent Cleanup for Next Mark
[408.773s][info][gc,marking  ] GC(877) Concurrent Cleanup for Next Mark 0.814ms
[408.773s][info][gc          ] GC(877) Concurrent Mark Cycle 96.161ms
[409.332s][info][gc,start    ] GC(878) Pause Young (Prepare Mixed) (G1 Evacuation Pause)
[409.332s][info][gc,task     ] GC(878) Using 2 workers of 2 for evacuation
[409.354s][info][gc,phases   ] GC(878)   Pre Evacuate Collection Set: 0.15ms
[409.354s][info][gc,phases   ] GC(878)   Merge Heap Roots: 0.07ms
[409.354s][info][gc,phases   ] GC(878)   Evacuate Collection Set: 21.31ms
[409.354s][info][gc,phases   ] GC(878)   Post Evacuate Collection Set: 0.50ms
[409.354s][info][gc,phases   ] GC(878)   Other: 0.09ms
[409.354s][info][gc,heap     ] GC(878) Eden regions: 150->0(133)
[409.354s][info][gc,heap     ] GC(878) Survivor regions: 3->20(20)
[409.354s][info][gc,heap     ] GC(878) Old regions: 52->58
[409.354s][info][gc,heap     ] GC(878) Humongous regions: 5->3
[409.354s][info][gc,metaspace] GC(878) Metaspace: 43009K(43392K)->43009K(43392K) NonClass: 40194K(40448K)->40194K(40448K) Class: 2815K(2944K)->2815K(2944K)
[409.354s][info][gc          ] GC(878) Pause Young (Prepare Mixed) (G1 Evacuation Pause) 209M->80M(256M) 22.297ms
[409.354s][info][gc,cpu      ] GC(878) User=0.05s Sys=0.00s Real=0.02s
[409.890s][info][gc,start    ] GC(879) Pause Young (Mixed) (G1 Evacuation Pause)
[409.890s][info][gc,task     ] GC(879) Using 2 workers of 2 for evacuation
[409.918s][info][gc,phases   ] GC(879)   Pre Evacuate Collection Set: 0.17ms
[409.918s][info][gc,phases   ] GC(879)   Merge Heap Roots: 0.15ms
[409.918s][info][gc,phases   ] GC(879)   Evacuate Collection Set: 26.77ms
[409.918s][info][gc,phases   ] GC(879)   Post Evacuate Collection Set: 0.42ms
[409.918s][info][gc,phases   ] GC(879)   Other: 0.10ms
[409.918s][info][gc,heap     ] GC(879) Eden regions: 133->0(139)
[409.918s][info][gc,heap     ] GC(879) Survivor regions: 20->11(20)
[409.918s][info][gc,heap     ] GC(879) Old regions: 58->63
[409.918s][info][gc,heap     ] GC(879) Humongous regions: 3->3
[409.918s][info][gc,metaspace] GC(879) Metaspace: 43009K(43392K)->43009K(43392K) NonClass: 40194K(40448K)->40194K(40448K) Class: 2815K(2944K)->2815K(2944K)
[409.918s][info][gc          ] GC(879) Pause Young (Mixed) (G1 Evacuation Pause) 213M->76M(256M) 27.781ms
[409.918s][info][gc,cpu      ] GC(879) User=0.06s Sys=0.00s Real=0.03s
[410.098s][info][gc,start    ] GC(880) Pause Young (Concurrent Start) (G1 Humongous Allocation)
[410.098s][info][gc,task     ] GC(880) Using 2 workers of 2 for evacuation
[410.121s][info][gc,phases   ] GC(880)   Pre Evacuate Collection Set: 0.20ms
[410.121s][info][gc,phases   ] GC(880)   Merge Heap Roots: 0.16ms
[410.121s][info][gc,phases   ] GC(880)   Evacuate Collection Set: 22.34ms
[410.121s][info][gc,phases   ] GC(880)   Post Evacuate Collection Set: 0.33ms
[410.121s][info][gc,phases   ] GC(880)   Other: 0.09ms
[410.121s][info][gc,heap     ] GC(880) Eden regions: 47->0(119)
[410.121s][info][gc,heap     ] GC(880) Survivor regions: 11->14(19)
[410.121s][info][gc,heap     ] GC(880) Old regions: 63->74
[410.121s][info][gc,heap     ] GC(880) Humongous regions: 3->1
[410.121s][info][gc,metaspace] GC(880) Metaspace: 43009K(43392K)->43009K(43392K) NonClass: 40194K(40448K)->40194K(40448K) Class: 2815K(2944K)->2815K(2944K)
[410.121s][info][gc          ] GC(880) Pause Young (Concurrent Start) (G1 Humongous Allocation) 123M->87M(256M) 23.273ms
[410.121s][info][gc,cpu      ] GC(880) User=0.05s Sys=0.00s Real=0.02s
[410.121s][info][gc          ] GC(881) Concurrent Mark Cycle
[410.121s][info][gc,marking  ] GC(881) Concurrent Scan Root Regions
[410.147s][info][gc,marking  ] GC(881) Concurrent Scan Root Regions 25.307ms
[410.147s][info][gc,marking  ] GC(881) Concurrent Mark
[410.147s][info][gc,marking  ] GC(881) Concurrent Mark From Roots
[410.147s][info][gc,task     ] GC(881) Using 1 workers of 1 for marking
[410.217s][info][gc,marking  ] GC(881) Concurrent Mark From Roots 70.086ms
[410.217s][info][gc,marking  ] GC(881) Concurrent Preclean
[410.217s][info][gc,marking  ] GC(881) Concurrent Preclean 0.032ms
[410.217s][info][gc,start    ] GC(881) Pause Remark
[410.233s][info][gc          ] GC(881) Pause Remark 118M->116M(256M) 15.849ms
[410.233s][info][gc,cpu      ] GC(881) User=0.03s Sys=0.00s Real=0.01s
[410.233s][info][gc,marking  ] GC(881) Concurrent Mark 86.216ms
[410.233s][info][gc,marking  ] GC(881) Concurrent Rebuild Remembered Sets and Scrub Regions
[410.273s][info][gc,marking  ] GC(881) Concurrent Rebuild Remembered Sets and Scrub Regions 39.701ms
[410.273s][info][gc,start    ] GC(881) Pause Cleanup
[410.273s][info][gc          ] GC(881) Pause Cleanup 128M->128M(256M) 0.044ms
[410.273s][info][gc,cpu      ] GC(881) User=0.00s Sys=0.00s Real=0.00s
[410.273s][info][gc,marking  ] GC(881) Concurrent Clear Claimed Marks
[410.273s][info][gc,marking  ] GC(881) Concurrent Clear Claimed Marks 0.037ms
[410.273s][info][gc,marking  ] GC(881) Concurrent Cleanup for Next Mark
[410.274s][info][gc,marking  ] GC(881) Concurrent Cleanup for Next Mark 0.999ms
[410.274s][info][gc          ] GC(881) Concurrent Mark Cycle 152.561ms
[410.556s][info][gc,start    ] GC(882) Pause Young (Prepare Mixed) (G1 Evacuation Pause)
[410.556s][info][gc,task     ] GC(882) Using 2 workers of 2 for evacuation
[410.578s][info][gc,phases   ] GC(882)   Pre Evacuate Collection Set: 0.16ms
[410.578s][info][gc,phases   ] GC(882)   Merge Heap Roots: 0.11ms
[410.578s][info][gc,phases   ] GC(882)   Evacuate Collection Set: 21.20ms
[410.578s][info][gc,phases   ] GC(882)   Post Evacuate Collection Set: 0.43ms
[410.578s][info][gc,phases   ] GC(882)   Other: 0.07ms
[410.578s][info][gc,heap     ] GC(882) Eden regions: 119->0(112)
[410.578s][info][gc,heap     ] GC(882) Survivor regions: 14->12(17)
[410.578s][info][gc,heap     ] GC(882) Old regions: 72->85
[410.578s][info][gc,heap     ] GC(882) Humongous regions: 5->3
[410.578s][info][gc,metaspace] GC(882) Metaspace: 43009K(43392K)->43009K(43392K) NonClass: 40194K(40448K)->40194K(40448K) Class: 2815K(2944K)->2815K(2944K)
[410.578s][info][gc          ] GC(882) Pause Young (Prepare Mixed) (G1 Evacuation Pause) 208M->99M(256M) 22.151ms
[410.578s][info][gc,cpu      ] GC(882) User=0.04s Sys=0.00s Real=0.03s
[410.930s][info][gc,start    ] GC(883) Pause Young (Mixed) (G1 Evacuation Pause)
[410.930s][info][gc,task     ] GC(883) Using 2 workers of 2 for evacuation
[410.938s][info][gc,phases   ] GC(883)   Pre Evacuate Collection Set: 0.16ms
[410.938s][info][gc,phases   ] GC(883)   Merge Heap Roots: 0.07ms
[410.938s][info][gc,phases   ] GC(883)   Evacuate Collection Set: 7.58ms
[410.938s][info][gc,phases   ] GC(883)   Post Evacuate Collection Set: 0.38ms
[410.938s][info][gc,phases   ] GC(883)   Other: 0.07ms
[410.938s][info][gc,heap     ] GC(883) Eden regions: 112->0(125)
[410.939s][info][gc,heap     ] GC(883) Survivor regions: 12->5(16)
[410.939s][info][gc,heap     ] GC(883) Old regions: 85->82
[410.939s][info][gc,heap     ] GC(883) Humongous regions: 11->3
[410.939s][info][gc,metaspace] GC(883) Metaspace: 43009K(43392K)->43009K(43392K) NonClass: 40194K(40448K)->40194K(40448K) Class: 2815K(2944K)->2815K(2944K)
[410.939s][info][gc          ] GC(883) Pause Young (Mixed) (G1 Evacuation Pause) 219M->90M(256M) 8.419ms
[410.939s][info][gc,cpu      ] GC(883) User=0.02s Sys=0.00s Real=0.01s
[411.073s][info][gc,start    ] GC(884) Pause Young (Concurrent Start) (G1 Humongous Allocation)
[411.073s][info][gc,task     ] GC(884) Using 2 workers of 2 for evacuation
[411.075s][info][gc,phases   ] GC(884)   Pre Evacuate Collection Set: 0.16ms
[411.075s][info][gc,phases   ] GC(884)   Merge Heap Roots: 0.05ms
[411.075s][info][gc,phases   ] GC(884)   Evacuate Collection Set: 1.38ms
[411.075s][info][gc,phases   ] GC(884)   Post Evacuate Collection Set: 0.30ms
[411.075s][info][gc,phases   ] GC(884)   Other: 0.07ms
[411.075s][info][gc,heap     ] GC(884) Eden regions: 34->0(136)
[411.075s][info][gc,heap     ] GC(884) Survivor regions: 5->2(17)
[411.075s][info][gc,heap     ] GC(884) Old regions: 82->82
[411.075s][info][gc,heap     ] GC(884) Humongous regions: 3->1
[411.075s][info][gc,metaspace] GC(884) Metaspace: 43011K(43392K)->43011K(43392K) NonClass: 40196K(40448K)->40196K(40448K) Class: 2815K(2944K)->2815K(2944K)
[411.075s][info][gc          ] GC(884) Pause Young (Concurrent Start) (G1 Humongous Allocation) 124M->84M(256M) 2.104ms
[411.075s][info][gc,cpu      ] GC(884) User=0.01s Sys=0.00s Real=0.00s
[411.075s][info][gc          ] GC(885) Concurrent Mark Cycle
[411.075s][info][gc,marking  ] GC(885) Concurrent Scan Root Regions
[411.078s][info][gc,marking  ] GC(885) Concurrent Scan Root Regions 2.843ms
[411.078s][info][gc,marking  ] GC(885) Concurrent Mark
[411.078s][info][gc,marking  ] GC(885) Concurrent Mark From Roots
[411.078s][info][gc,task     ] GC(885) Using 1 workers of 1 for marking
[411.136s][info][gc,marking  ] GC(885) Concurrent Mark From Roots 57.531ms
[411.136s][info][gc,marking  ] GC(885) Concurrent Preclean
[411.136s][info][gc,marking  ] GC(885) Concurrent Preclean 0.032ms
[411.136s][info][gc,start    ] GC(885) Pause Remark
[411.152s][info][gc          ] GC(885) Pause Remark 105M->91M(256M) 15.790ms
[411.152s][info][gc,cpu      ] GC(885) User=0.03s Sys=0.00s Real=0.02s
[411.152s][info][gc,marking  ] GC(885) Concurrent Mark 73.597ms
[411.152s][info][gc,marking  ] GC(885) Concurrent Rebuild Remembered Sets and Scrub Regions
[411.172s][info][gc,marking  ] GC(885) Concurrent Rebuild Remembered Sets and Scrub Regions 20.818ms
[411.173s][info][gc,start    ] GC(885) Pause Cleanup
[411.173s][info][gc          ] GC(885) Pause Cleanup 95M->95M(256M) 0.045ms
[411.173s][info][gc,cpu      ] GC(885) User=0.00s Sys=0.00s Real=0.00s
[411.173s][info][gc,marking  ] GC(885) Concurrent Clear Claimed Marks
[411.173s][info][gc,marking  ] GC(885) Concurrent Clear Claimed Marks 0.048ms
[411.173s][info][gc,marking  ] GC(885) Concurrent Cleanup for Next Mark
[411.174s][info][gc,marking  ] GC(885) Concurrent Cleanup for Next Mark 0.738ms
[411.174s][info][gc          ] GC(885) Concurrent Mark Cycle 98.386ms
[411.564s][info][gc,start    ] GC(886) Pause Young (Prepare Mixed) (G1 Evacuation Pause)
[411.565s][info][gc,task     ] GC(886) Using 2 workers of 2 for evacuation
[411.578s][info][gc,phases   ] GC(886)   Pre Evacuate Collection Set: 0.24ms
[411.578s][info][gc,phases   ] GC(886)   Merge Heap Roots: 0.07ms
[411.578s][info][gc,phases   ] GC(886)   Evacuate Collection Set: 12.85ms
[411.578s][info][gc,phases   ] GC(886)   Post Evacuate Collection Set: 0.63ms
[411.578s][info][gc,phases   ] GC(886)   Other: 0.08ms
[411.578s][info][gc,heap     ] GC(886) Eden regions: 136->0(158)
[411.578s][info][gc,heap     ] GC(886) Survivor regions: 2->14(18)
[411.578s][info][gc,heap     ] GC(886) Old regions: 68->68
[411.578s][info][gc,heap     ] GC(886) Humongous regions: 5->3
[411.579s][info][gc,metaspace] GC(886) Metaspace: 43012K(43392K)->43012K(43392K) NonClass: 40197K(40448K)->40197K(40448K) Class: 2815K(2944K)->2815K(2944K)
[411.579s][info][gc          ] GC(886) Pause Young (Prepare Mixed) (G1 Evacuation Pause) 210M->85M(288M) 14.033ms
[411.579s][info][gc,cpu      ] GC(886) User=0.02s Sys=0.00s Real=0.02s
[412.157s][info][gc,start    ] GC(887) Pause Young (Mixed) (G1 Evacuation Pause)
[412.157s][info][gc,task     ] GC(887) Using 2 workers of 2 for evacuation
[412.164s][info][gc,phases   ] GC(887)   Pre Evacuate Collection Set: 0.17ms
[412.164s][info][gc,phases   ] GC(887)   Merge Heap Roots: 0.09ms
[412.164s][info][gc,phases   ] GC(887)   Evacuate Collection Set: 5.56ms
[412.164s][info][gc,phases   ] GC(887)   Post Evacuate Collection Set: 0.41ms
[412.164s][info][gc,phases   ] GC(887)   Other: 0.07ms
[412.164s][info][gc,heap     ] GC(887) Eden regions: 158->0(168)
[412.164s][info][gc,heap     ] GC(887) Survivor regions: 14->4(22)
[412.164s][info][gc,heap     ] GC(887) Old regions: 68->50
[412.164s][info][gc,heap     ] GC(887) Humongous regions: 11->3
[412.164s][info][gc,metaspace] GC(887) Metaspace: 43012K(43392K)->43012K(43392K) NonClass: 40197K(40448K)->40197K(40448K) Class: 2815K(2944K)->2815K(2944K)
[412.164s][info][gc          ] GC(887) Pause Young (Mixed) (G1 Evacuation Pause) 251M->56M(288M) 6.477ms
[412.164s][info][gc,cpu      ] GC(887) User=0.01s Sys=0.00s Real=0.00s
[412.336s][info][gc,start    ] GC(888) Pause Young (Concurrent Start) (G1 Humongous Allocation)
[412.336s][info][gc,task     ] GC(888) Using 2 workers of 2 for evacuation
[412.339s][info][gc,phases   ] GC(888)   Pre Evacuate Collection Set: 0.18ms
[412.339s][info][gc,phases   ] GC(888)   Merge Heap Roots: 0.04ms
[412.339s][info][gc,phases   ] GC(888)   Evacuate Collection Set: 1.74ms
[412.339s][info][gc,phases   ] GC(888)   Post Evacuate Collection Set: 0.29ms
[412.339s][info][gc,phases   ] GC(888)   Other: 0.10ms
[412.339s][info][gc,heap     ] GC(888) Eden regions: 57->0(170)
[412.339s][info][gc,heap     ] GC(888) Survivor regions: 4->2(22)
[412.339s][info][gc,heap     ] GC(888) Old regions: 50->50
[412.339s][info][gc,heap     ] GC(888) Humongous regions: 3->1
[412.339s][info][gc,metaspace] GC(888) Metaspace: 43012K(43392K)->43012K(43392K) NonClass: 40197K(40448K)->40197K(40448K) Class: 2815K(2944K)->2815K(2944K)
[412.339s][info][gc          ] GC(888) Pause Young (Concurrent Start) (G1 Humongous Allocation) 112M->52M(288M) 2.510ms
[412.339s][info][gc,cpu      ] GC(888) User=0.01s Sys=0.00s Real=0.01s
[412.339s][info][gc          ] GC(889) Concurrent Mark Cycle
[412.339s][info][gc,marking  ] GC(889) Concurrent Scan Root Regions
[412.340s][info][gc,marking  ] GC(889) Concurrent Scan Root Regions 1.711ms
[412.340s][info][gc,marking  ] GC(889) Concurrent Mark
[412.340s][info][gc,marking  ] GC(889) Concurrent Mark From Roots
[412.340s][info][gc,task     ] GC(889) Using 1 workers of 1 for marking
[412.407s][info][gc,marking  ] GC(889) Concurrent Mark From Roots 66.918ms
[412.407s][info][gc,marking  ] GC(889) Concurrent Preclean
[412.407s][info][gc,marking  ] GC(889) Concurrent Preclean 0.036ms
[412.408s][info][gc,start    ] GC(889) Pause Remark
[412.423s][info][gc          ] GC(889) Pause Remark 77M->77M(256M) 15.436ms
[412.423s][info][gc,cpu      ] GC(889) User=0.03s Sys=0.00s Real=0.01s
[412.423s][info][gc,marking  ] GC(889) Concurrent Mark 82.647ms
[412.423s][info][gc,marking  ] GC(889) Concurrent Rebuild Remembered Sets and Scrub Regions
[412.448s][info][gc,marking  ] GC(889) Concurrent Rebuild Remembered Sets and Scrub Regions 24.658ms
[412.448s][info][gc,start    ] GC(889) Pause Cleanup
[412.448s][info][gc          ] GC(889) Pause Cleanup 83M->83M(256M) 0.041ms
[412.448s][info][gc,cpu      ] GC(889) User=0.00s Sys=0.00s Real=0.00s
[412.448s][info][gc,marking  ] GC(889) Concurrent Clear Claimed Marks
[412.448s][info][gc,marking  ] GC(889) Concurrent Clear Claimed Marks 0.036ms
[412.448s][info][gc,marking  ] GC(889) Concurrent Cleanup for Next Mark
[412.449s][info][gc,marking  ] GC(889) Concurrent Cleanup for Next Mark 0.830ms
[412.449s][info][gc          ] GC(889) Concurrent Mark Cycle 110.223ms
[412.872s][info][gc,start    ] GC(890) Pause Young (Prepare Mixed) (G1 Evacuation Pause)
[412.872s][info][gc,task     ] GC(890) Using 2 workers of 2 for evacuation
[412.882s][info][gc,phases   ] GC(890)   Pre Evacuate Collection Set: 0.14ms
[412.882s][info][gc,phases   ] GC(890)   Merge Heap Roots: 0.06ms
[412.882s][info][gc,phases   ] GC(890)   Evacuate Collection Set: 9.26ms
[412.882s][info][gc,phases   ] GC(890)   Post Evacuate Collection Set: 0.42ms
[412.882s][info][gc,phases   ] GC(890)   Other: 0.06ms
[412.882s][info][gc,heap     ] GC(890) Eden regions: 151->0(142)
[412.882s][info][gc,heap     ] GC(890) Survivor regions: 2->11(20)
[412.882s][info][gc,heap     ] GC(890) Old regions: 50->50
[412.882s][info][gc,heap     ] GC(890) Humongous regions: 5->3
[412.882s][info][gc,metaspace] GC(890) Metaspace: 43012K(43392K)->43012K(43392K) NonClass: 40197K(40448K)->40197K(40448K) Class: 2815K(2944K)->2815K(2944K)
[412.882s][info][gc          ] GC(890) Pause Young (Prepare Mixed) (G1 Evacuation Pause) 207M->63M(256M) 10.112ms
[412.882s][info][gc,cpu      ] GC(890) User=0.02s Sys=0.00s Real=0.01s
[413.407s][info][gc,start    ] GC(891) Pause Young (Mixed) (G1 Evacuation Pause)
[413.407s][info][gc,task     ] GC(891) Using 2 workers of 2 for evacuation
[413.422s][info][gc,phases   ] GC(891)   Pre Evacuate Collection Set: 0.17ms
[413.422s][info][gc,phases   ] GC(891)   Merge Heap Roots: 0.14ms
[413.422s][info][gc,phases   ] GC(891)   Evacuate Collection Set: 14.09ms
[413.422s][info][gc,phases   ] GC(891)   Post Evacuate Collection Set: 0.46ms
[413.422s][info][gc,phases   ] GC(891)   Other: 0.09ms
[413.422s][info][gc,heap     ] GC(891) Eden regions: 142->0(140)
[413.422s][info][gc,heap     ] GC(891) Survivor regions: 11->13(20)
[413.422s][info][gc,heap     ] GC(891) Old regions: 50->49
[413.422s][info][gc,heap     ] GC(891) Humongous regions: 9->3
[413.422s][info][gc,metaspace] GC(891) Metaspace: 43012K(43392K)->43012K(43392K) NonClass: 40197K(40448K)->40197K(40448K) Class: 2815K(2944K)->2815K(2944K)
[413.422s][info][gc          ] GC(891) Pause Young (Mixed) (G1 Evacuation Pause) 211M->63M(256M) 15.125ms
[413.422s][info][gc,cpu      ] GC(891) User=0.03s Sys=0.00s Real=0.01s
[413.779s][info][gc,start    ] GC(892) Pause Young (Concurrent Start) (G1 Evacuation Pause)
[413.779s][info][gc,task     ] GC(892) Using 2 workers of 2 for evacuation
[413.815s][info][gc,phases   ] GC(892)   Pre Evacuate Collection Set: 0.16ms
[413.815s][info][gc,phases   ] GC(892)   Merge Heap Roots: 0.07ms
[413.815s][info][gc,phases   ] GC(892)   Evacuate Collection Set: 34.58ms
[413.815s][info][gc,phases   ] GC(892)   Post Evacuate Collection Set: 0.47ms
[413.815s][info][gc,phases   ] GC(892)   Other: 0.09ms
[413.815s][info][gc,heap     ] GC(892) Eden regions: 140->0(120)
[413.815s][info][gc,heap     ] GC(892) Survivor regions: 13->20(20)
[413.815s][info][gc,heap     ] GC(892) Old regions: 49->69
[413.815s][info][gc,heap     ] GC(892) Humongous regions: 3->3
[413.815s][info][gc,metaspace] GC(892) Metaspace: 43012K(43392K)->43012K(43392K) NonClass: 40197K(40448K)->40197K(40448K) Class: 2815K(2944K)->2815K(2944K)
[413.815s][info][gc          ] GC(892) Pause Young (Concurrent Start) (G1 Evacuation Pause) 203M->91M(256M) 35.570ms
[413.815s][info][gc,cpu      ] GC(892) User=0.07s Sys=0.00s Real=0.03s
[413.815s][info][gc          ] GC(893) Concurrent Mark Cycle
[413.815s][info][gc,marking  ] GC(893) Concurrent Scan Root Regions
[413.838s][info][gc,marking  ] GC(893) Concurrent Scan Root Regions 22.879ms
[413.838s][info][gc,marking  ] GC(893) Concurrent Mark
[413.838s][info][gc,marking  ] GC(893) Concurrent Mark From Roots
[413.838s][info][gc,task     ] GC(893) Using 1 workers of 1 for marking
[413.894s][info][gc,marking  ] GC(893) Concurrent Mark From Roots 56.440ms
[413.894s][info][gc,marking  ] GC(893) Concurrent Preclean
[413.894s][info][gc,marking  ] GC(893) Concurrent Preclean 0.035ms
[413.895s][info][gc,start    ] GC(893) Pause Remark
[413.910s][info][gc          ] GC(893) Pause Remark 103M->103M(256M) 15.731ms
[413.910s][info][gc,cpu      ] GC(893) User=0.03s Sys=0.00s Real=0.02s
[413.910s][info][gc,marking  ] GC(893) Concurrent Mark 72.486ms
[413.910s][info][gc,marking  ] GC(893) Concurrent Rebuild Remembered Sets and Scrub Regions
[413.948s][info][gc,marking  ] GC(893) Concurrent Rebuild Remembered Sets and Scrub Regions 37.875ms
[413.948s][info][gc,start    ] GC(893) Pause Cleanup
[413.948s][info][gc          ] GC(893) Pause Cleanup 110M->110M(256M) 0.042ms
[413.948s][info][gc,cpu      ] GC(893) User=0.00s Sys=0.00s Real=0.00s
[413.948s][info][gc,marking  ] GC(893) Concurrent Clear Claimed Marks
[413.948s][info][gc,marking  ] GC(893) Concurrent Clear Claimed Marks 0.037ms
[413.948s][info][gc,marking  ] GC(893) Concurrent Cleanup for Next Mark
[413.949s][info][gc,marking  ] GC(893) Concurrent Cleanup for Next Mark 0.757ms
[413.949s][info][gc          ] GC(893) Concurrent Mark Cycle 134.341ms
[414.392s][info][gc,start    ] GC(894) Pause Young (Prepare Mixed) (G1 Evacuation Pause)
[414.392s][info][gc,task     ] GC(894) Using 2 workers of 2 for evacuation
[414.452s][info][gc,phases   ] GC(894)   Pre Evacuate Collection Set: 0.22ms
[414.452s][info][gc,phases   ] GC(894)   Merge Heap Roots: 0.23ms
[414.452s][info][gc,phases   ] GC(894)   Evacuate Collection Set: 58.91ms
[414.452s][info][gc,phases   ] GC(894)   Post Evacuate Collection Set: 0.48ms
[414.452s][info][gc,phases   ] GC(894)   Other: 0.08ms
[414.452s][info][gc,heap     ] GC(894) Eden regions: 120->0(92)
[414.452s][info][gc,heap     ] GC(894) Survivor regions: 20->18(18)
[414.452s][info][gc,heap     ] GC(894) Old regions: 69->104
[414.452s][info][gc,heap     ] GC(894) Humongous regions: 3->3
[414.452s][info][gc,metaspace] GC(894) Metaspace: 43012K(43392K)->43012K(43392K) NonClass: 40197K(40448K)->40197K(40448K) Class: 2815K(2944K)->2815K(2944K)
[414.452s][info][gc          ] GC(894) Pause Young (Prepare Mixed) (G1 Evacuation Pause) 211M->124M(265M) 60.099ms
[414.452s][info][gc,cpu      ] GC(894) User=0.11s Sys=0.00s Real=0.06s
[414.867s][info][gc,start    ] GC(895) Pause Young (Mixed) (G1 Evacuation Pause)
[414.867s][info][gc,task     ] GC(895) Using 2 workers of 2 for evacuation
[414.940s][info][gc,phases   ] GC(895)   Pre Evacuate Collection Set: 0.19ms
[414.940s][info][gc,phases   ] GC(895)   Merge Heap Roots: 0.48ms
[414.940s][info][gc,phases   ] GC(895)   Evacuate Collection Set: 72.03ms
[414.940s][info][gc,phases   ] GC(895)   Post Evacuate Collection Set: 0.43ms
[414.940s][info][gc,phases   ] GC(895)   Other: 0.06ms
[414.940s][info][gc,heap     ] GC(895) Eden regions: 92->0(71)
[414.940s][info][gc,heap     ] GC(895) Survivor regions: 18->14(14)
[414.940s][info][gc,heap     ] GC(895) Old regions: 104->131
[414.940s][info][gc,heap     ] GC(895) Humongous regions: 3->3
[414.940s][info][gc,metaspace] GC(895) Metaspace: 43012K(43392K)->43012K(43392K) NonClass: 40197K(40448K)->40197K(40448K) Class: 2815K(2944K)->2815K(2944K)
[414.940s][info][gc          ] GC(895) Pause Young (Mixed) (G1 Evacuation Pause) 216M->147M(265M) 73.416ms
[414.940s][info][gc,cpu      ] GC(895) User=0.11s Sys=0.00s Real=0.07s
[415.245s][info][gc,start    ] GC(896) Pause Young (Concurrent Start) (G1 Evacuation Pause)
[415.245s][info][gc,task     ] GC(896) Using 2 workers of 2 for evacuation
[415.284s][info][gc,phases   ] GC(896)   Pre Evacuate Collection Set: 0.17ms
[415.284s][info][gc,phases   ] GC(896)   Merge Heap Roots: 0.20ms
[415.284s][info][gc,phases   ] GC(896)   Evacuate Collection Set: 37.79ms
[415.284s][info][gc,phases   ] GC(896)   Post Evacuate Collection Set: 0.37ms
[415.284s][info][gc,phases   ] GC(896)   Other: 0.09ms
[415.284s][info][gc,heap     ] GC(896) Eden regions: 71->0(57)
[415.284s][info][gc,heap     ] GC(896) Survivor regions: 14->11(11)
[415.284s][info][gc,heap     ] GC(896) Old regions: 131->154
[415.284s][info][gc,heap     ] GC(896) Humongous regions: 3->3
[415.284s][info][gc,metaspace] GC(896) Metaspace: 43012K(43392K)->43012K(43392K) NonClass: 40197K(40448K)->40197K(40448K) Class: 2815K(2944K)->2815K(2944K)
[415.284s][info][gc          ] GC(896) Pause Young (Concurrent Start) (G1 Evacuation Pause) 218M->167M(265M) 38.825ms
[415.284s][info][gc,cpu      ] GC(896) User=0.08s Sys=0.00s Real=0.04s
[415.284s][info][gc          ] GC(897) Concurrent Mark Cycle
[415.284s][info][gc,marking  ] GC(897) Concurrent Scan Root Regions
[415.351s][info][gc,marking  ] GC(897) Concurrent Scan Root Regions 66.633ms
[415.351s][info][gc,marking  ] GC(897) Concurrent Mark
[415.351s][info][gc,marking  ] GC(897) Concurrent Mark From Roots
[415.351s][info][gc,task     ] GC(897) Using 1 workers of 1 for marking
[415.510s][info][gc,marking  ] GC(897) Concurrent Mark From Roots 159.227ms
[415.510s][info][gc,marking  ] GC(897) Concurrent Preclean
[415.510s][info][gc,marking  ] GC(897) Concurrent Preclean 0.040ms
[415.510s][info][gc,start    ] GC(897) Pause Remark
[415.527s][info][gc          ] GC(897) Pause Remark 205M->205M(284M) 16.142ms
[415.527s][info][gc,cpu      ] GC(897) User=0.03s Sys=0.00s Real=0.01s
[415.527s][info][gc,marking  ] GC(897) Concurrent Mark 175.963ms
[415.527s][info][gc,marking  ] GC(897) Concurrent Rebuild Remembered Sets and Scrub Regions
[415.609s][info][gc,marking  ] GC(897) Concurrent Rebuild Remembered Sets and Scrub Regions 81.963ms
[415.609s][info][gc,start    ] GC(897) Pause Cleanup
[415.609s][info][gc          ] GC(897) Pause Cleanup 222M->222M(284M) 0.074ms
[415.609s][info][gc,cpu      ] GC(897) User=0.00s Sys=0.00s Real=0.00s
[415.609s][info][gc,marking  ] GC(897) Concurrent Clear Claimed Marks
[415.609s][info][gc,marking  ] GC(897) Concurrent Clear Claimed Marks 0.038ms
[415.609s][info][gc,marking  ] GC(897) Concurrent Cleanup for Next Mark
[415.610s][info][gc,marking  ] GC(897) Concurrent Cleanup for Next Mark 1.037ms
[415.610s][info][gc          ] GC(897) Concurrent Mark Cycle 326.008ms
[415.628s][info][gc,start    ] GC(898) Pause Young (Prepare Mixed) (G1 Evacuation Pause)
[415.628s][info][gc,task     ] GC(898) Using 2 workers of 2 for evacuation
[415.667s][info][gc,phases   ] GC(898)   Pre Evacuate Collection Set: 0.19ms
[415.667s][info][gc,phases   ] GC(898)   Merge Heap Roots: 0.28ms
[415.667s][info][gc,phases   ] GC(898)   Evacuate Collection Set: 37.05ms
[415.667s][info][gc,phases   ] GC(898)   Post Evacuate Collection Set: 0.56ms
[415.667s][info][gc,phases   ] GC(898)   Other: 0.08ms
[415.667s][info][gc,heap     ] GC(898) Eden regions: 57->0(61)
[415.667s][info][gc,heap     ] GC(898) Survivor regions: 11->9(9)
[415.667s][info][gc,heap     ] GC(898) Old regions: 154->169
[415.667s][info][gc,heap     ] GC(898) Humongous regions: 5->3
[415.667s][info][gc,metaspace] GC(898) Metaspace: 43012K(43392K)->43012K(43392K) NonClass: 40197K(40448K)->40197K(40448K) Class: 2815K(2944K)->2815K(2944K)
[415.667s][info][gc          ] GC(898) Pause Young (Prepare Mixed) (G1 Evacuation Pause) 226M->181M(284M) 38.384ms
[415.667s][info][gc,cpu      ] GC(898) User=0.07s Sys=0.00s Real=0.04s
[415.927s][info][gc,start    ] GC(899) Pause Young (Mixed) (G1 Evacuation Pause)
[415.927s][info][gc,task     ] GC(899) Using 2 workers of 2 for evacuation
[415.952s][info][gc,phases   ] GC(899)   Pre Evacuate Collection Set: 0.22ms
[415.952s][info][gc,phases   ] GC(899)   Merge Heap Roots: 0.26ms
[415.952s][info][gc,phases   ] GC(899)   Evacuate Collection Set: 23.56ms
[415.952s][info][gc,phases   ] GC(899)   Post Evacuate Collection Set: 0.44ms
[415.952s][info][gc,phases   ] GC(899)   Other: 0.07ms
[415.952s][info][gc,heap     ] GC(899) Eden regions: 61->0(77)
[415.952s][info][gc,heap     ] GC(899) Survivor regions: 9->8(9)
[415.952s][info][gc,heap     ] GC(899) Old regions: 169->151
[415.952s][info][gc,heap     ] GC(899) Humongous regions: 3->3
[415.952s][info][gc,metaspace] GC(899) Metaspace: 43012K(43392K)->43012K(43392K) NonClass: 40197K(40448K)->40197K(40448K) Class: 2815K(2944K)->2815K(2944K)
[415.952s][info][gc          ] GC(899) Pause Young (Mixed) (G1 Evacuation Pause) 242M->161M(284M) 24.716ms
[415.952s][info][gc,cpu      ] GC(899) User=0.04s Sys=0.00s Real=0.02s
[416.183s][info][gc,start    ] GC(900) Pause Young (Mixed) (G1 Evacuation Pause)
[416.183s][info][gc,task     ] GC(900) Using 2 workers of 2 for evacuation
[416.223s][info][gc,phases   ] GC(900)   Pre Evacuate Collection Set: 0.17ms
[416.223s][info][gc,phases   ] GC(900)   Merge Heap Roots: 0.48ms
[416.223s][info][gc,phases   ] GC(900)   Evacuate Collection Set: 37.33ms
[416.223s][info][gc,phases   ] GC(900)   Post Evacuate Collection Set: 1.91ms
[416.223s][info][gc,phases   ] GC(900)   Other: 0.07ms
[416.223s][info][gc,heap     ] GC(900) Eden regions: 77->0(233)
[416.223s][info][gc,heap     ] GC(900) Survivor regions: 8->11(11)
[416.223s][info][gc,heap     ] GC(900) Old regions: 151->143
[416.223s][info][gc,heap     ] GC(900) Humongous regions: 7->3
[416.223s][info][gc,metaspace] GC(900) Metaspace: 43012K(43392K)->43012K(43392K) NonClass: 40197K(40448K)->40197K(40448K) Class: 2815K(2944K)->2815K(2944K)
[416.223s][info][gc          ] GC(900) Pause Young (Mixed) (G1 Evacuation Pause) 242M->156M(508M) 40.139ms
[416.223s][info][gc,cpu      ] GC(900) User=0.07s Sys=0.00s Real=0.04s
[417.126s][info][gc,start    ] GC(901) Pause Young (Normal) (G1 Evacuation Pause)
[417.126s][info][gc,task     ] GC(901) Using 2 workers of 2 for evacuation
[417.170s][info][gc,phases   ] GC(901)   Pre Evacuate Collection Set: 0.22ms
[417.170s][info][gc,phases   ] GC(901)   Merge Heap Roots: 0.11ms
[417.170s][info][gc,phases   ] GC(901)   Evacuate Collection Set: 42.46ms
[417.170s][info][gc,phases   ] GC(901)   Post Evacuate Collection Set: 0.66ms
[417.170s][info][gc,phases   ] GC(901)   Other: 0.08ms
[417.170s][info][gc,heap     ] GC(901) Eden regions: 233->0(197)
[417.170s][info][gc,heap     ] GC(901) Survivor regions: 11->31(31)
[417.170s][info][gc,heap     ] GC(901) Old regions: 143->164
[417.170s][info][gc,heap     ] GC(901) Humongous regions: 12->4
[417.170s][info][gc,metaspace] GC(901) Metaspace: 43012K(43392K)->43012K(43392K) NonClass: 40197K(40448K)->40197K(40448K) Class: 2815K(2944K)->2815K(2944K)
[417.170s][info][gc          ] GC(901) Pause Young (Normal) (G1 Evacuation Pause) 398M->199M(508M) 43.741ms
[417.170s][info][gc,cpu      ] GC(901) User=0.08s Sys=0.01s Real=0.05s
[417.774s][info][gc,start    ] GC(902) Pause Young (Normal) (G1 Evacuation Pause)
[417.774s][info][gc,task     ] GC(902) Using 2 workers of 2 for evacuation
[417.810s][info][gc,phases   ] GC(902)   Pre Evacuate Collection Set: 0.21ms
[417.810s][info][gc,phases   ] GC(902)   Merge Heap Roots: 0.23ms
[417.810s][info][gc,phases   ] GC(902)   Evacuate Collection Set: 35.01ms
[417.810s][info][gc,phases   ] GC(902)   Post Evacuate Collection Set: 0.49ms
[417.810s][info][gc,phases   ] GC(902)   Other: 0.07ms
[417.810s][info][gc,heap     ] GC(902) Eden regions: 197->0(192)
[417.810s][info][gc,heap     ] GC(902) Survivor regions: 31->18(29)
[417.810s][info][gc,heap     ] GC(902) Old regions: 164->196
[417.810s][info][gc,heap     ] GC(902) Humongous regions: 5->4
[417.810s][info][gc,metaspace] GC(902) Metaspace: 43012K(43392K)->43012K(43392K) NonClass: 40197K(40448K)->40197K(40448K) Class: 2815K(2944K)->2815K(2944K)
[417.810s][info][gc          ] GC(902) Pause Young (Normal) (G1 Evacuation Pause) 397M->217M(508M) 36.219ms
[417.810s][info][gc,cpu      ] GC(902) User=0.08s Sys=0.00s Real=0.04s
[417.949s][info][gc,start    ] GC(903) Pause Young (Concurrent Start) (G1 Humongous Allocation)
[417.949s][info][gc,task     ] GC(903) Using 2 workers of 2 for evacuation
[417.975s][info][gc,phases   ] GC(903)   Pre Evacuate Collection Set: 0.25ms
[417.975s][info][gc,phases   ] GC(903)   Merge Heap Roots: 0.11ms
[417.975s][info][gc,phases   ] GC(903)   Evacuate Collection Set: 25.22ms
[417.975s][info][gc,phases   ] GC(903)   Post Evacuate Collection Set: 0.39ms
[417.975s][info][gc,phases   ] GC(903)   Other: 0.11ms
[417.975s][info][gc,heap     ] GC(903) Eden regions: 45->0(129)
[417.975s][info][gc,heap     ] GC(903) Survivor regions: 18->27(27)
[417.975s][info][gc,heap     ] GC(903) Old regions: 196->210
[417.975s][info][gc,heap     ] GC(903) Humongous regions: 4->4
[417.975s][info][gc,metaspace] GC(903) Metaspace: 43012K(43392K)->43012K(43392K) NonClass: 40197K(40448K)->40197K(40448K) Class: 2815K(2944K)->2815K(2944K)
[417.975s][info][gc          ] GC(903) Pause Young (Concurrent Start) (G1 Humongous Allocation) 261M->241M(508M) 26.272ms
[417.975s][info][gc,cpu      ] GC(903) User=0.05s Sys=0.00s Real=0.02s
[417.975s][info][gc          ] GC(904) Concurrent Mark Cycle
[417.975s][info][gc,marking  ] GC(904) Concurrent Scan Root Regions
[417.996s][info][gc,marking  ] GC(904) Concurrent Scan Root Regions 20.556ms
[417.996s][info][gc,marking  ] GC(904) Concurrent Mark
[417.996s][info][gc,marking  ] GC(904) Concurrent Mark From Roots
[417.996s][info][gc,task     ] GC(904) Using 1 workers of 1 for marking
[418.096s][info][gc,marking  ] GC(904) Concurrent Mark From Roots 100.690ms
[418.096s][info][gc,marking  ] GC(904) Concurrent Preclean
[418.096s][info][gc,marking  ] GC(904) Concurrent Preclean 0.048ms
[418.096s][info][gc,start    ] GC(904) Pause Remark
[418.112s][info][gc          ] GC(904) Pause Remark 275M->250M(508M) 15.683ms
[418.112s][info][gc,cpu      ] GC(904) User=0.03s Sys=0.00s Real=0.02s
[418.112s][info][gc,marking  ] GC(904) Concurrent Mark 116.664ms
[418.112s][info][gc,marking  ] GC(904) Concurrent Rebuild Remembered Sets and Scrub Regions
[418.164s][info][gc,marking  ] GC(904) Concurrent Rebuild Remembered Sets and Scrub Regions 51.438ms
[418.164s][info][gc,start    ] GC(904) Pause Cleanup
[418.164s][info][gc          ] GC(904) Pause Cleanup 266M->266M(508M) 0.103ms
[418.164s][info][gc,cpu      ] GC(904) User=0.00s Sys=0.00s Real=0.00s
[418.164s][info][gc,marking  ] GC(904) Concurrent Clear Claimed Marks
[418.164s][info][gc,marking  ] GC(904) Concurrent Clear Claimed Marks 0.043ms
[418.164s][info][gc,marking  ] GC(904) Concurrent Cleanup for Next Mark
[418.168s][info][gc,marking  ] GC(904) Concurrent Cleanup for Next Mark 3.650ms
[418.168s][info][gc          ] GC(904) Concurrent Mark Cycle 192.853ms
[418.438s][info][gc,start    ] GC(905) Pause Young (Prepare Mixed) (G1 Evacuation Pause)
[418.438s][info][gc,task     ] GC(905) Using 2 workers of 2 for evacuation
[418.473s][info][gc,phases   ] GC(905)   Pre Evacuate Collection Set: 0.34ms
[418.473s][info][gc,phases   ] GC(905)   Merge Heap Roots: 0.11ms
[418.473s][info][gc,phases   ] GC(905)   Evacuate Collection Set: 33.94ms
[418.473s][info][gc,phases   ] GC(905)   Post Evacuate Collection Set: 0.45ms
[418.473s][info][gc,phases   ] GC(905)   Other: 0.07ms
[418.473s][info][gc,heap     ] GC(905) Eden regions: 129->0(130)
[418.473s][info][gc,heap     ] GC(905) Survivor regions: 27->20(20)
[418.473s][info][gc,heap     ] GC(905) Old regions: 185->221
[418.473s][info][gc,heap     ] GC(905) Humongous regions: 6->5
[418.473s][info][gc,metaspace] GC(905) Metaspace: 43013K(43392K)->43013K(43392K) NonClass: 40198K(40448K)->40198K(40448K) Class: 2815K(2944K)->2815K(2944K)
[418.473s][info][gc          ] GC(905) Pause Young (Prepare Mixed) (G1 Evacuation Pause) 347M->246M(508M) 35.123ms
[418.473s][info][gc,cpu      ] GC(905) User=0.07s Sys=0.00s Real=0.03s
[418.876s][info][gc,start    ] GC(906) Pause Young (Mixed) (G1 Evacuation Pause)
[418.876s][info][gc,task     ] GC(906) Using 2 workers of 2 for evacuation
[418.934s][info][gc,phases   ] GC(906)   Pre Evacuate Collection Set: 0.26ms
[418.934s][info][gc,phases   ] GC(906)   Merge Heap Roots: 0.19ms
[418.934s][info][gc,phases   ] GC(906)   Evacuate Collection Set: 57.27ms
[418.934s][info][gc,phases   ] GC(906)   Post Evacuate Collection Set: 0.65ms
[418.934s][info][gc,phases   ] GC(906)   Other: 0.08ms
[418.934s][info][gc,heap     ] GC(906) Eden regions: 130->0(114)
[418.934s][info][gc,heap     ] GC(906) Survivor regions: 20->19(19)
[418.934s][info][gc,heap     ] GC(906) Old regions: 221->232
[418.934s][info][gc,heap     ] GC(906) Humongous regions: 5->5
[418.934s][info][gc,metaspace] GC(906) Metaspace: 43013K(43392K)->43013K(43392K) NonClass: 40198K(40448K)->40198K(40448K) Class: 2815K(2944K)->2815K(2944K)
[418.934s][info][gc          ] GC(906) Pause Young (Mixed) (G1 Evacuation Pause) 376M->256M(508M) 58.648ms
[418.934s][info][gc,cpu      ] GC(906) User=0.12s Sys=0.00s Real=0.06s
[419.351s][info][gc,start    ] GC(907) Pause Young (Mixed) (G1 Evacuation Pause)
[419.351s][info][gc,task     ] GC(907) Using 2 workers of 2 for evacuation
[419.420s][info][gc,phases   ] GC(907)   Pre Evacuate Collection Set: 0.24ms
[419.420s][info][gc,phases   ] GC(907)   Merge Heap Roots: 0.59ms
[419.420s][info][gc,phases   ] GC(907)   Evacuate Collection Set: 67.49ms
[419.420s][info][gc,phases   ] GC(907)   Post Evacuate Collection Set: 0.53ms
[419.420s][info][gc,phases   ] GC(907)   Other: 0.08ms
[419.420s][info][gc,heap     ] GC(907) Eden regions: 114->0(100)
[419.420s][info][gc,heap     ] GC(907) Survivor regions: 19->17(17)
[419.420s][info][gc,heap     ] GC(907) Old regions: 232->262
[419.420s][info][gc,heap     ] GC(907) Humongous regions: 6->6
[419.420s][info][gc,metaspace] GC(907) Metaspace: 43013K(43392K)->43013K(43392K) NonClass: 40198K(40448K)->40198K(40448K) Class: 2815K(2944K)->2815K(2944K)
[419.420s][info][gc          ] GC(907) Pause Young (Mixed) (G1 Evacuation Pause) 371M->285M(508M) 69.159ms
[419.420s][info][gc,cpu      ] GC(907) User=0.14s Sys=0.00s Real=0.07s
[419.729s][info][gc,start    ] GC(908) Pause Young (Concurrent Start) (G1 Evacuation Pause)
[419.729s][info][gc,task     ] GC(908) Using 2 workers of 2 for evacuation
[419.765s][info][gc,phases   ] GC(908)   Pre Evacuate Collection Set: 0.26ms
[419.765s][info][gc,phases   ] GC(908)   Merge Heap Roots: 0.34ms
[419.765s][info][gc,phases   ] GC(908)   Evacuate Collection Set: 34.37ms
[419.765s][info][gc,phases   ] GC(908)   Post Evacuate Collection Set: 0.85ms
[419.765s][info][gc,phases   ] GC(908)   Other: 0.10ms
[419.765s][info][gc,heap     ] GC(908) Eden regions: 100->0(130)
[419.765s][info][gc,heap     ] GC(908) Survivor regions: 17->15(15)
[419.765s][info][gc,heap     ] GC(908) Old regions: 262->285
[419.765s][info][gc,heap     ] GC(908) Humongous regions: 6->6
[419.765s][info][gc,metaspace] GC(908) Metaspace: 43013K(43392K)->43013K(43392K) NonClass: 40198K(40448K)->40198K(40448K) Class: 2815K(2944K)->2815K(2944K)
[419.765s][info][gc          ] GC(908) Pause Young (Concurrent Start) (G1 Evacuation Pause) 385M->305M(576M) 36.170ms
[419.765s][info][gc,cpu      ] GC(908) User=0.07s Sys=0.00s Real=0.03s
[419.765s][info][gc          ] GC(909) Concurrent Mark Cycle
[419.765s][info][gc,marking  ] GC(909) Concurrent Scan Root Regions
[419.787s][info][gc,marking  ] GC(909) Concurrent Scan Root Regions 21.589ms
[419.787s][info][gc,marking  ] GC(909) Concurrent Mark
[419.787s][info][gc,marking  ] GC(909) Concurrent Mark From Roots
[419.787s][info][gc,task     ] GC(909) Using 1 workers of 1 for marking
[419.936s][info][gc,marking  ] GC(909) Concurrent Mark From Roots 149.509ms
[419.936s][info][gc,marking  ] GC(909) Concurrent Preclean
[419.936s][info][gc,marking  ] GC(909) Concurrent Preclean 0.043ms
[419.936s][info][gc,start    ] GC(909) Pause Remark
[419.952s][info][gc          ] GC(909) Pause Remark 345M->287M(576M) 15.941ms
[419.952s][info][gc,cpu      ] GC(909) User=0.03s Sys=0.00s Real=0.02s
[419.952s][info][gc,marking  ] GC(909) Concurrent Mark 165.816ms
[419.952s][info][gc,marking  ] GC(909) Concurrent Rebuild Remembered Sets and Scrub Regions
[420.024s][info][gc,marking  ] GC(909) Concurrent Rebuild Remembered Sets and Scrub Regions 71.152ms
[420.024s][info][gc,start    ] GC(909) Pause Cleanup
[420.024s][info][gc          ] GC(909) Pause Cleanup 304M->304M(576M) 0.088ms
[420.024s][info][gc,cpu      ] GC(909) User=0.00s Sys=0.00s Real=0.00s
[420.024s][info][gc,marking  ] GC(909) Concurrent Clear Claimed Marks
[420.024s][info][gc,marking  ] GC(909) Concurrent Clear Claimed Marks 0.038ms
[420.024s][info][gc,marking  ] GC(909) Concurrent Cleanup for Next Mark
[420.026s][info][gc,marking  ] GC(909) Concurrent Cleanup for Next Mark 2.332ms
[420.026s][info][gc          ] GC(909) Concurrent Mark Cycle 261.276ms
[420.282s][info][gc,start    ] GC(910) Pause Young (Prepare Mixed) (G1 Evacuation Pause)
[420.282s][info][gc,task     ] GC(910) Using 2 workers of 2 for evacuation
[420.331s][info][gc,phases   ] GC(910)   Pre Evacuate Collection Set: 0.24ms
[420.331s][info][gc,phases   ] GC(910)   Merge Heap Roots: 0.13ms
[420.331s][info][gc,phases   ] GC(910)   Evacuate Collection Set: 47.29ms
[420.331s][info][gc,phases   ] GC(910)   Post Evacuate Collection Set: 0.46ms
[420.331s][info][gc,phases   ] GC(910)   Other: 0.07ms
[420.331s][info][gc,heap     ] GC(910) Eden regions: 130->0(118)
[420.331s][info][gc,heap     ] GC(910) Survivor regions: 15->19(19)
[420.331s][info][gc,heap     ] GC(910) Old regions: 229->292
[420.331s][info][gc,heap     ] GC(910) Humongous regions: 5->5
[420.331s][info][gc,metaspace] GC(910) Metaspace: 43013K(43392K)->43013K(43392K) NonClass: 40198K(40448K)->40198K(40448K) Class: 2815K(2944K)->2815K(2944K)
[420.331s][info][gc          ] GC(910) Pause Young (Prepare Mixed) (G1 Evacuation Pause) 378M->316M(576M) 48.430ms
[420.331s][info][gc,cpu      ] GC(910) User=0.09s Sys=0.00s Real=0.05s
[420.742s][info][gc,start    ] GC(911) Pause Young (Mixed) (G1 Evacuation Pause)
[420.743s][info][gc,task     ] GC(911) Using 2 workers of 2 for evacuation
[420.814s][info][gc,phases   ] GC(911)   Pre Evacuate Collection Set: 0.30ms
[420.814s][info][gc,phases   ] GC(911)   Merge Heap Roots: 0.39ms
[420.814s][info][gc,phases   ] GC(911)   Evacuate Collection Set: 69.96ms
[420.814s][info][gc,phases   ] GC(911)   Post Evacuate Collection Set: 0.52ms
[420.814s][info][gc,phases   ] GC(911)   Other: 0.09ms
[420.814s][info][gc,heap     ] GC(911) Eden regions: 118->0(104)
[420.814s][info][gc,heap     ] GC(911) Survivor regions: 19->18(18)
[420.814s][info][gc,heap     ] GC(911) Old regions: 292->311
[420.814s][info][gc,heap     ] GC(911) Humongous regions: 5->5
[420.814s][info][gc,metaspace] GC(911) Metaspace: 43013K(43392K)->43013K(43392K) NonClass: 40198K(40448K)->40198K(40448K) Class: 2815K(2944K)->2815K(2944K)
[420.814s][info][gc          ] GC(911) Pause Young (Mixed) (G1 Evacuation Pause) 434M->334M(576M) 71.480ms
[420.814s][info][gc,cpu      ] GC(911) User=0.14s Sys=0.00s Real=0.07s
[421.178s][info][gc,start    ] GC(912) Pause Young (Mixed) (G1 Evacuation Pause)
[421.178s][info][gc,task     ] GC(912) Using 2 workers of 2 for evacuation
[421.250s][info][gc,phases   ] GC(912)   Pre Evacuate Collection Set: 0.25ms
[421.250s][info][gc,phases   ] GC(912)   Merge Heap Roots: 0.50ms
[421.250s][info][gc,phases   ] GC(912)   Evacuate Collection Set: 70.30ms
[421.250s][info][gc,phases   ] GC(912)   Post Evacuate Collection Set: 0.53ms
[421.250s][info][gc,phases   ] GC(912)   Other: 0.07ms
[421.250s][info][gc,heap     ] GC(912) Eden regions: 104->0(75)
[421.250s][info][gc,heap     ] GC(912) Survivor regions: 18->16(16)
[421.250s][info][gc,heap     ] GC(912) Old regions: 311->363
[421.250s][info][gc,heap     ] GC(912) Humongous regions: 6->6
[421.250s][info][gc,metaspace] GC(912) Metaspace: 43013K(43392K)->43013K(43392K) NonClass: 40198K(40448K)->40198K(40448K) Class: 2815K(2944K)->2815K(2944K)
[421.250s][info][gc          ] GC(912) Pause Young (Mixed) (G1 Evacuation Pause) 439M->385M(576M) 71.880ms
[421.250s][info][gc,cpu      ] GC(912) User=0.14s Sys=0.00s Real=0.07s
[421.448s][info][gc,start    ] GC(913) Pause Young (Concurrent Start) (G1 Humongous Allocation)
[421.448s][info][gc,task     ] GC(913) Using 2 workers of 2 for evacuation
[421.492s][info][gc,phases   ] GC(913)   Pre Evacuate Collection Set: 0.26ms
[421.492s][info][gc,phases   ] GC(913)   Merge Heap Roots: 0.28ms
[421.492s][info][gc,phases   ] GC(913)   Evacuate Collection Set: 42.89ms
[421.492s][info][gc,phases   ] GC(913)   Post Evacuate Collection Set: 0.40ms
[421.492s][info][gc,phases   ] GC(913)   Other: 0.09ms
[421.492s][info][gc,heap     ] GC(913) Eden regions: 64->0(57)
[421.492s][info][gc,heap     ] GC(913) Survivor regions: 16->12(12)
[421.492s][info][gc,heap     ] GC(913) Old regions: 363->411
[421.492s][info][gc,heap     ] GC(913) Humongous regions: 6->6
[421.492s][info][gc,metaspace] GC(913) Metaspace: 43013K(43392K)->43013K(43392K) NonClass: 40198K(40448K)->40198K(40448K) Class: 2815K(2944K)->2815K(2944K)
[421.492s][info][gc          ] GC(913) Pause Young (Concurrent Start) (G1 Humongous Allocation) 448M->429M(576M) 44.118ms
[421.492s][info][gc          ] GC(914) Concurrent Mark Cycle
[421.492s][info][gc,marking  ] GC(914) Concurrent Scan Root Regions
[421.493s][info][gc,cpu      ] GC(913) User=0.09s Sys=0.01s Real=0.04s
[421.514s][info][gc,marking  ] GC(914) Concurrent Scan Root Regions 21.379ms
[421.514s][info][gc,marking  ] GC(914) Concurrent Mark
[421.514s][info][gc,marking  ] GC(914) Concurrent Mark From Roots
[421.514s][info][gc,task     ] GC(914) Using 1 workers of 1 for marking
[421.650s][info][gc,marking  ] GC(914) Concurrent Mark From Roots 136.006ms
[421.650s][info][gc,marking  ] GC(914) Concurrent Preclean
[421.650s][info][gc,marking  ] GC(914) Concurrent Preclean 0.064ms
[421.650s][info][gc,start    ] GC(914) Pause Remark
[421.666s][info][gc          ] GC(914) Pause Remark 466M->363M(576M) 15.972ms
[421.666s][info][gc,cpu      ] GC(914) User=0.03s Sys=0.00s Real=0.01s
[421.666s][info][gc,marking  ] GC(914) Concurrent Mark 152.339ms
[421.666s][info][gc,marking  ] GC(914) Concurrent Rebuild Remembered Sets and Scrub Regions
[421.750s][info][gc,start    ] GC(915) Pause Young (Normal) (G1 Evacuation Pause)
[421.750s][info][gc,task     ] GC(915) Using 2 workers of 2 for evacuation
[421.786s][info][gc,phases   ] GC(915)   Pre Evacuate Collection Set: 0.19ms
[421.786s][info][gc,phases   ] GC(915)   Merge Heap Roots: 0.41ms
[421.786s][info][gc,phases   ] GC(915)   Evacuate Collection Set: 34.51ms
[421.786s][info][gc,phases   ] GC(915)   Post Evacuate Collection Set: 0.89ms
[421.786s][info][gc,phases   ] GC(915)   Other: 0.11ms
[421.786s][info][gc,heap     ] GC(915) Eden regions: 57->0(113)
[421.786s][info][gc,heap     ] GC(915) Survivor regions: 12->9(9)
[421.786s][info][gc,heap     ] GC(915) Old regions: 310->341
[421.786s][info][gc,heap     ] GC(915) Humongous regions: 5->5
[421.786s][info][gc,metaspace] GC(915) Metaspace: 43013K(43392K)->43013K(43392K) NonClass: 40198K(40448K)->40198K(40448K) Class: 2815K(2944K)->2815K(2944K)
[421.786s][info][gc          ] GC(915) Pause Young (Normal) (G1 Evacuation Pause) 384M->355M(642M) 36.285ms
[421.786s][info][gc,cpu      ] GC(915) User=0.07s Sys=0.01s Real=0.03s
[421.788s][info][gc,marking  ] GC(914) Concurrent Rebuild Remembered Sets and Scrub Regions 122.186ms
[421.790s][info][gc,start    ] GC(914) Pause Cleanup
[421.790s][info][gc          ] GC(914) Pause Cleanup 355M->355M(642M) 0.136ms
[421.790s][info][gc,cpu      ] GC(914) User=0.01s Sys=0.00s Real=0.00s
[421.792s][info][gc,marking  ] GC(914) Concurrent Clear Claimed Marks
[421.792s][info][gc,marking  ] GC(914) Concurrent Clear Claimed Marks 0.046ms
[421.792s][info][gc,marking  ] GC(914) Concurrent Cleanup for Next Mark
[421.794s][info][gc,marking  ] GC(914) Concurrent Cleanup for Next Mark 2.525ms
[421.794s][info][gc          ] GC(914) Concurrent Mark Cycle 302.149ms
[422.207s][info][gc,start    ] GC(916) Pause Young (Prepare Mixed) (G1 Evacuation Pause)
[422.207s][info][gc,task     ] GC(916) Using 2 workers of 2 for evacuation
[422.241s][info][gc,phases   ] GC(916)   Pre Evacuate Collection Set: 0.24ms
[422.241s][info][gc,phases   ] GC(916)   Merge Heap Roots: 0.24ms
[422.241s][info][gc,phases   ] GC(916)   Evacuate Collection Set: 32.77ms
[422.241s][info][gc,phases   ] GC(916)   Post Evacuate Collection Set: 0.51ms
[422.241s][info][gc,phases   ] GC(916)   Other: 0.08ms
[422.241s][info][gc,heap     ] GC(916) Eden regions: 113->0(106)
[422.241s][info][gc,heap     ] GC(916) Survivor regions: 9->16(16)
[422.241s][info][gc,heap     ] GC(916) Old regions: 341->369
[422.241s][info][gc,heap     ] GC(916) Humongous regions: 6->5
[422.241s][info][gc,metaspace] GC(916) Metaspace: 43013K(43392K)->43013K(43392K) NonClass: 40198K(40448K)->40198K(40448K) Class: 2815K(2944K)->2815K(2944K)
[422.241s][info][gc          ] GC(916) Pause Young (Prepare Mixed) (G1 Evacuation Pause) 469M->390M(642M) 34.055ms
[422.241s][info][gc,cpu      ] GC(916) User=0.07s Sys=0.00s Real=0.03s
[422.580s][info][gc,start    ] GC(917) Pause Young (Mixed) (G1 Evacuation Pause)
[422.580s][info][gc,task     ] GC(917) Using 2 workers of 2 for evacuation
[422.607s][info][gc,phases   ] GC(917)   Pre Evacuate Collection Set: 0.43ms
[422.607s][info][gc,phases   ] GC(917)   Merge Heap Roots: 0.29ms
[422.607s][info][gc,phases   ] GC(917)   Evacuate Collection Set: 25.17ms
[422.607s][info][gc,phases   ] GC(917)   Post Evacuate Collection Set: 0.51ms
[422.607s][info][gc,phases   ] GC(917)   Other: 0.07ms
[422.607s][info][gc,heap     ] GC(917) Eden regions: 106->0(136)
[422.607s][info][gc,heap     ] GC(917) Survivor regions: 16->15(16)
[422.607s][info][gc,heap     ] GC(917) Old regions: 369->319
[422.607s][info][gc,heap     ] GC(917) Humongous regions: 5->5
[422.607s][info][gc,metaspace] GC(917) Metaspace: 43013K(43392K)->43013K(43392K) NonClass: 40198K(40448K)->40198K(40448K) Class: 2815K(2944K)->2815K(2944K)
[422.607s][info][gc          ] GC(917) Pause Young (Mixed) (G1 Evacuation Pause) 496M->339M(642M) 26.676ms
[422.607s][info][gc,cpu      ] GC(917) User=0.05s Sys=0.00s Real=0.03s
[423.048s][info][gc,start    ] GC(918) Pause Young (Mixed) (G1 Evacuation Pause)
[423.048s][info][gc,task     ] GC(918) Using 2 workers of 2 for evacuation
[423.082s][info][gc,phases   ] GC(918)   Pre Evacuate Collection Set: 0.41ms
[423.082s][info][gc,phases   ] GC(918)   Merge Heap Roots: 0.35ms
[423.082s][info][gc,phases   ] GC(918)   Evacuate Collection Set: 31.98ms
[423.082s][info][gc,phases   ] GC(918)   Post Evacuate Collection Set: 0.56ms
[423.082s][info][gc,phases   ] GC(918)   Other: 0.10ms
[423.082s][info][gc,heap     ] GC(918) Eden regions: 136->0(158)
[423.082s][info][gc,heap     ] GC(918) Survivor regions: 15->19(19)
[423.082s][info][gc,heap     ] GC(918) Old regions: 319->273
[423.082s][info][gc,heap     ] GC(918) Humongous regions: 6->6
[423.082s][info][gc,metaspace] GC(918) Metaspace: 43013K(43392K)->43013K(43392K) NonClass: 40198K(40448K)->40198K(40448K) Class: 2815K(2944K)->2815K(2944K)
[423.082s][info][gc          ] GC(918) Pause Young (Mixed) (G1 Evacuation Pause) 476M->298M(642M) 33.615ms
[423.082s][info][gc,cpu      ] GC(918) User=0.07s Sys=0.00s Real=0.03s
[423.608s][info][gc,start    ] GC(919) Pause Young (Mixed) (G1 Evacuation Pause)
[423.608s][info][gc,task     ] GC(919) Using 2 workers of 2 for evacuation
[423.645s][info][gc,phases   ] GC(919)   Pre Evacuate Collection Set: 0.24ms
[423.645s][info][gc,phases   ] GC(919)   Merge Heap Roots: 0.45ms
[423.645s][info][gc,phases   ] GC(919)   Evacuate Collection Set: 35.38ms
[423.645s][info][gc,phases   ] GC(919)   Post Evacuate Collection Set: 0.48ms
[423.645s][info][gc,phases   ] GC(919)   Other: 0.08ms
[423.645s][info][gc,heap     ] GC(919) Eden regions: 158->0(159)
[423.645s][info][gc,heap     ] GC(919) Survivor regions: 19->23(23)
[423.645s][info][gc,heap     ] GC(919) Old regions: 273->283
[423.645s][info][gc,heap     ] GC(919) Humongous regions: 7->6
[423.645s][info][gc,metaspace] GC(919) Metaspace: 43013K(43392K)->43013K(43392K) NonClass: 40198K(40448K)->40198K(40448K) Class: 2815K(2944K)->2815K(2944K)
[423.645s][info][gc          ] GC(919) Pause Young (Mixed) (G1 Evacuation Pause) 457M->312M(642M) 36.866ms
[423.645s][info][gc,cpu      ] GC(919) User=0.07s Sys=0.00s Real=0.03s
[424.131s][info][gc,start    ] GC(920) Pause Young (Normal) (G1 Evacuation Pause)
[424.131s][info][gc,task     ] GC(920) Using 2 workers of 2 for evacuation
[424.150s][info][gc,phases   ] GC(920)   Pre Evacuate Collection Set: 0.29ms
[424.150s][info][gc,phases   ] GC(920)   Merge Heap Roots: 0.15ms
[424.150s][info][gc,phases   ] GC(920)   Evacuate Collection Set: 18.26ms
[424.150s][info][gc,phases   ] GC(920)   Post Evacuate Collection Set: 0.48ms
[424.150s][info][gc,phases   ] GC(920)   Other: 0.07ms
[424.150s][info][gc,heap     ] GC(920) Eden regions: 159->0(171)
[424.150s][info][gc,heap     ] GC(920) Survivor regions: 23->4(23)
[424.150s][info][gc,heap     ] GC(920) Old regions: 283->306
[424.150s][info][gc,heap     ] GC(920) Humongous regions: 8->6
[424.150s][info][gc,metaspace] GC(920) Metaspace: 43013K(43392K)->43013K(43392K) NonClass: 40198K(40448K)->40198K(40448K) Class: 2815K(2944K)->2815K(2944K)
[424.150s][info][gc          ] GC(920) Pause Young (Normal) (G1 Evacuation Pause) 473M->315M(642M) 19.446ms
[424.150s][info][gc,cpu      ] GC(920) User=0.04s Sys=0.00s Real=0.02s
[424.471s][info][gc,start    ] GC(921) Pause Young (Concurrent Start) (G1 Humongous Allocation)
[424.471s][info][gc,task     ] GC(921) Using 2 workers of 2 for evacuation
[424.497s][info][gc,phases   ] GC(921)   Pre Evacuate Collection Set: 0.30ms
[424.497s][info][gc,phases   ] GC(921)   Merge Heap Roots: 0.07ms
[424.497s][info][gc,phases   ] GC(921)   Evacuate Collection Set: 24.73ms
[424.497s][info][gc,phases   ] GC(921)   Post Evacuate Collection Set: 0.55ms
[424.497s][info][gc,phases   ] GC(921)   Other: 0.18ms
[424.497s][info][gc,heap     ] GC(921) Eden regions: 103->0(156)
[424.497s][info][gc,heap     ] GC(921) Survivor regions: 4->22(22)
[424.497s][info][gc,heap     ] GC(921) Old regions: 306->326
[424.497s][info][gc,heap     ] GC(921) Humongous regions: 6->6
[424.497s][info][gc,metaspace] GC(921) Metaspace: 43013K(43392K)->43013K(43392K) NonClass: 40198K(40448K)->40198K(40448K) Class: 2815K(2944K)->2815K(2944K)
[424.497s][info][gc          ] GC(921) Pause Young (Concurrent Start) (G1 Humongous Allocation) 418M->353M(642M) 26.022ms
[424.497s][info][gc          ] GC(922) Concurrent Mark Cycle
[424.497s][info][gc,marking  ] GC(922) Concurrent Scan Root Regions
[424.500s][info][gc,cpu      ] GC(921) User=0.05s Sys=0.00s Real=0.03s
[424.514s][info][gc,marking  ] GC(922) Concurrent Scan Root Regions 16.179ms
[424.514s][info][gc,marking  ] GC(922) Concurrent Mark
[424.514s][info][gc,marking  ] GC(922) Concurrent Mark From Roots
[424.514s][info][gc,task     ] GC(922) Using 1 workers of 1 for marking
[424.628s][info][gc,marking  ] GC(922) Concurrent Mark From Roots 114.811ms
[424.628s][info][gc,marking  ] GC(922) Concurrent Preclean
[424.629s][info][gc,marking  ] GC(922) Concurrent Preclean 0.049ms
[424.629s][info][gc,start    ] GC(922) Pause Remark
[424.645s][info][gc          ] GC(922) Pause Remark 389M->214M(600M) 16.591ms
[424.645s][info][gc,cpu      ] GC(922) User=0.03s Sys=0.00s Real=0.01s
[424.645s][info][gc,marking  ] GC(922) Concurrent Mark 131.752ms
[424.645s][info][gc,marking  ] GC(922) Concurrent Rebuild Remembered Sets and Scrub Regions
[424.700s][info][gc,marking  ] GC(922) Concurrent Rebuild Remembered Sets and Scrub Regions 54.395ms
[424.700s][info][gc,start    ] GC(922) Pause Cleanup
[424.700s][info][gc          ] GC(922) Pause Cleanup 230M->230M(600M) 0.076ms
[424.700s][info][gc,cpu      ] GC(922) User=0.00s Sys=0.00s Real=0.00s
[424.700s][info][gc,marking  ] GC(922) Concurrent Clear Claimed Marks
[424.700s][info][gc,marking  ] GC(922) Concurrent Clear Claimed Marks 0.038ms
[424.700s][info][gc,marking  ] GC(922) Concurrent Cleanup for Next Mark
[424.702s][info][gc,marking  ] GC(922) Concurrent Cleanup for Next Mark 1.781ms
[424.702s][info][gc          ] GC(922) Concurrent Mark Cycle 204.564ms
[425.042s][info][gc,start    ] GC(923) Pause Young (Prepare Mixed) (G1 Evacuation Pause)
[425.043s][info][gc,task     ] GC(923) Using 2 workers of 2 for evacuation
[425.081s][info][gc,phases   ] GC(923)   Pre Evacuate Collection Set: 0.26ms
[425.081s][info][gc,phases   ] GC(923)   Merge Heap Roots: 0.26ms
[425.081s][info][gc,phases   ] GC(923)   Evacuate Collection Set: 37.61ms
[425.081s][info][gc,phases   ] GC(923)   Post Evacuate Collection Set: 0.47ms
[425.081s][info][gc,phases   ] GC(923)   Other: 0.07ms
[425.081s][info][gc,heap     ] GC(923) Eden regions: 156->0(199)
[425.081s][info][gc,heap     ] GC(923) Survivor regions: 22->23(23)
[425.081s][info][gc,heap     ] GC(923) Old regions: 153->185
[425.081s][info][gc,heap     ] GC(923) Humongous regions: 6->5
[425.081s][info][gc,metaspace] GC(923) Metaspace: 43013K(43392K)->43013K(43392K) NonClass: 40198K(40448K)->40198K(40448K) Class: 2815K(2944K)->2815K(2944K)
[425.081s][info][gc          ] GC(923) Pause Young (Prepare Mixed) (G1 Evacuation Pause) 336M->212M(600M) 38.869ms
[425.081s][info][gc,cpu      ] GC(923) User=0.08s Sys=0.00s Real=0.04s
[425.692s][info][gc,start    ] GC(924) Pause Young (Mixed) (G1 Evacuation Pause)
[425.692s][info][gc,task     ] GC(924) Using 2 workers of 2 for evacuation
[425.755s][info][gc,phases   ] GC(924)   Pre Evacuate Collection Set: 0.38ms
[425.755s][info][gc,phases   ] GC(924)   Merge Heap Roots: 0.30ms
[425.755s][info][gc,phases   ] GC(924)   Evacuate Collection Set: 61.83ms
[425.755s][info][gc,phases   ] GC(924)   Post Evacuate Collection Set: 0.56ms
[425.755s][info][gc,phases   ] GC(924)   Other: 0.08ms
[425.755s][info][gc,heap     ] GC(924) Eden regions: 199->0(185)
[425.756s][info][gc,heap     ] GC(924) Survivor regions: 23->28(28)
[425.756s][info][gc,heap     ] GC(924) Old regions: 185->209
[425.756s][info][gc,heap     ] GC(924) Humongous regions: 7->7
[425.756s][info][gc,metaspace] GC(924) Metaspace: 43013K(43392K)->43013K(43392K) NonClass: 40198K(40448K)->40198K(40448K) Class: 2815K(2944K)->2815K(2944K)
[425.756s][info][gc          ] GC(924) Pause Young (Mixed) (G1 Evacuation Pause) 413M->243M(600M) 63.351ms
[425.756s][info][gc,cpu      ] GC(924) User=0.12s Sys=0.00s Real=0.06s
[426.259s][info][gc,start    ] GC(925) Pause Young (Normal) (G1 Evacuation Pause)
[426.259s][info][gc,task     ] GC(925) Using 2 workers of 2 for evacuation
[426.289s][info][gc,phases   ] GC(925)   Pre Evacuate Collection Set: 0.24ms
[426.289s][info][gc,phases   ] GC(925)   Merge Heap Roots: 0.27ms
[426.289s][info][gc,phases   ] GC(925)   Evacuate Collection Set: 28.84ms
[426.289s][info][gc,phases   ] GC(925)   Post Evacuate Collection Set: 0.49ms
[426.289s][info][gc,phases   ] GC(925)   Other: 0.09ms
[426.289s][info][gc,heap     ] GC(925) Eden regions: 185->0(194)
[426.289s][info][gc,heap     ] GC(925) Survivor regions: 28->14(27)
[426.289s][info][gc,heap     ] GC(925) Old regions: 209->233
[426.289s][info][gc,heap     ] GC(925) Humongous regions: 9->7
[426.289s][info][gc,metaspace] GC(925) Metaspace: 43013K(43392K)->43013K(43392K) NonClass: 40198K(40448K)->40198K(40448K) Class: 2815K(2944K)->2815K(2944K)
[426.289s][info][gc          ] GC(925) Pause Young (Normal) (G1 Evacuation Pause) 430M->253M(600M) 30.115ms
[426.289s][info][gc,cpu      ] GC(925) User=0.06s Sys=0.00s Real=0.03s
[426.835s][info][gc,start    ] GC(926) Pause Young (Concurrent Start) (G1 Evacuation Pause)
[426.836s][info][gc,task     ] GC(926) Using 2 workers of 2 for evacuation
[426.844s][info][gc,phases   ] GC(926)   Pre Evacuate Collection Set: 0.24ms
[426.844s][info][gc,phases   ] GC(926)   Merge Heap Roots: 0.09ms
[426.844s][info][gc,phases   ] GC(926)   Evacuate Collection Set: 7.85ms
[426.844s][info][gc,phases   ] GC(926)   Post Evacuate Collection Set: 0.46ms
[426.844s][info][gc,phases   ] GC(926)   Other: 0.16ms
[426.844s][info][gc,heap     ] GC(926) Eden regions: 194->0(210)
[426.844s][info][gc,heap     ] GC(926) Survivor regions: 14->14(26)
[426.844s][info][gc,heap     ] GC(926) Old regions: 233->233
[426.844s][info][gc,heap     ] GC(926) Humongous regions: 8->7
[426.844s][info][gc,metaspace] GC(926) Metaspace: 43013K(43392K)->43013K(43392K) NonClass: 40198K(40448K)->40198K(40448K) Class: 2815K(2944K)->2815K(2944K)
[426.844s][info][gc          ] GC(926) Pause Young (Concurrent Start) (G1 Evacuation Pause) 448M->253M(600M) 9.004ms
[426.845s][info][gc,cpu      ] GC(926) User=0.02s Sys=0.00s Real=0.01s
[426.845s][info][gc          ] GC(927) Concurrent Mark Cycle
[426.845s][info][gc,marking  ] GC(927) Concurrent Scan Root Regions
[426.850s][info][gc,marking  ] GC(927) Concurrent Scan Root Regions 5.527ms
[426.850s][info][gc,marking  ] GC(927) Concurrent Mark
[426.850s][info][gc,marking  ] GC(927) Concurrent Mark From Roots
[426.850s][info][gc,task     ] GC(927) Using 1 workers of 1 for marking
[426.929s][info][gc,marking  ] GC(927) Concurrent Mark From Roots 79.232ms
[426.929s][info][gc,marking  ] GC(927) Concurrent Preclean
[426.929s][info][gc,marking  ] GC(927) Concurrent Preclean 0.038ms
[426.930s][info][gc,start    ] GC(927) Pause Remark
[426.946s][info][gc          ] GC(927) Pause Remark 285M->172M(470M) 15.937ms
[426.946s][info][gc,cpu      ] GC(927) User=0.03s Sys=0.00s Real=0.01s
[426.948s][info][gc,marking  ] GC(927) Concurrent Mark 97.606ms
[426.948s][info][gc,marking  ] GC(927) Concurrent Rebuild Remembered Sets and Scrub Regions
[426.980s][info][gc,marking  ] GC(927) Concurrent Rebuild Remembered Sets and Scrub Regions 32.197ms
[426.980s][info][gc,start    ] GC(927) Pause Cleanup
[426.980s][info][gc          ] GC(927) Pause Cleanup 184M->184M(470M) 0.057ms
[426.980s][info][gc,cpu      ] GC(927) User=0.00s Sys=0.00s Real=0.00s
[426.980s][info][gc,marking  ] GC(927) Concurrent Clear Claimed Marks
[426.980s][info][gc,marking  ] GC(927) Concurrent Clear Claimed Marks 0.037ms
[426.980s][info][gc,marking  ] GC(927) Concurrent Cleanup for Next Mark
[426.982s][info][gc,marking  ] GC(927) Concurrent Cleanup for Next Mark 1.317ms
[426.982s][info][gc          ] GC(927) Concurrent Mark Cycle 137.007ms
[427.375s][info][gc,start    ] GC(928) Pause Young (Prepare Mixed) (G1 Evacuation Pause)
[427.375s][info][gc,task     ] GC(928) Using 2 workers of 2 for evacuation
[427.385s][info][gc,phases   ] GC(928)   Pre Evacuate Collection Set: 0.20ms
[427.385s][info][gc,phases   ] GC(928)   Merge Heap Roots: 0.11ms
[427.385s][info][gc,phases   ] GC(928)   Evacuate Collection Set: 9.14ms
[427.385s][info][gc,phases   ] GC(928)   Post Evacuate Collection Set: 0.47ms
[427.385s][info][gc,phases   ] GC(928)   Other: 0.07ms
[427.385s][info][gc,heap     ] GC(928) Eden regions: 210->0(215)
[427.385s][info][gc,heap     ] GC(928) Survivor regions: 14->16(28)
[427.385s][info][gc,heap     ] GC(928) Old regions: 124->124
[427.385s][info][gc,heap     ] GC(928) Humongous regions: 3->1
[427.385s][info][gc,metaspace] GC(928) Metaspace: 43013K(43392K)->43013K(43392K) NonClass: 40198K(40448K)->40198K(40448K) Class: 2815K(2944K)->2815K(2944K)
[427.385s][info][gc          ] GC(928) Pause Young (Prepare Mixed) (G1 Evacuation Pause) 350M->140M(470M) 10.156ms
[427.385s][info][gc,cpu      ] GC(928) User=0.01s Sys=0.00s Real=0.01s
[427.711s][info][gc,start    ] GC(929) Pause Young (Mixed) (G1 Evacuation Pause)
[427.711s][info][gc,task     ] GC(929) Using 2 workers of 2 for evacuation
[427.725s][info][gc,phases   ] GC(929)   Pre Evacuate Collection Set: 0.22ms
[427.725s][info][gc,phases   ] GC(929)   Merge Heap Roots: 0.12ms
[427.725s][info][gc,phases   ] GC(929)   Evacuate Collection Set: 13.02ms
[427.726s][info][gc,phases   ] GC(929)   Post Evacuate Collection Set: 0.51ms
[427.726s][info][gc,phases   ] GC(929)   Other: 0.07ms
[427.726s][info][gc,heap     ] GC(929) Eden regions: 215->0(251)
[427.726s][info][gc,heap     ] GC(929) Survivor regions: 16->6(29)
[427.726s][info][gc,heap     ] GC(929) Old regions: 124->93
[427.726s][info][gc,heap     ] GC(929) Humongous regions: 1->1
[427.726s][info][gc,metaspace] GC(929) Metaspace: 43013K(43392K)->43013K(43392K) NonClass: 40198K(40448K)->40198K(40448K) Class: 2815K(2944K)->2815K(2944K)
[427.726s][info][gc          ] GC(929) Pause Young (Mixed) (G1 Evacuation Pause) 355M->99M(470M) 14.777ms
[427.726s][info][gc,cpu      ] GC(929) User=0.02s Sys=0.00s Real=0.01s
[428.134s][info][gc,start    ] GC(930) Pause Young (Concurrent Start) (G1 Humongous Allocation)
[428.134s][info][gc,task     ] GC(930) Using 2 workers of 2 for evacuation
[428.144s][info][gc,phases   ] GC(930)   Pre Evacuate Collection Set: 0.22ms
[428.144s][info][gc,phases   ] GC(930)   Merge Heap Roots: 0.07ms
[428.144s][info][gc,phases   ] GC(930)   Evacuate Collection Set: 8.55ms
[428.144s][info][gc,phases   ] GC(930)   Post Evacuate Collection Set: 0.68ms
[428.144s][info][gc,phases   ] GC(930)   Other: 0.11ms
[428.144s][info][gc,heap     ] GC(930) Eden regions: 210->0(263)
[428.144s][info][gc,heap     ] GC(930) Survivor regions: 6->7(33)
[428.144s][info][gc,heap     ] GC(930) Old regions: 93->93
[428.144s][info][gc,heap     ] GC(930) Humongous regions: 13->1
[428.144s][info][gc,metaspace] GC(930) Metaspace: 43013K(43392K)->43013K(43392K) NonClass: 40198K(40448K)->40198K(40448K) Class: 2815K(2944K)->2815K(2944K)
[428.144s][info][gc          ] GC(930) Pause Young (Concurrent Start) (G1 Humongous Allocation) 320M->101M(470M) 9.834ms
[428.144s][info][gc,cpu      ] GC(930) User=0.02s Sys=0.00s Real=0.01s
[428.144s][info][gc          ] GC(931) Concurrent Undo Cycle
[428.144s][info][gc,marking  ] GC(931) Concurrent Clear Claimed Marks
[428.144s][info][gc,marking  ] GC(931) Concurrent Clear Claimed Marks 0.044ms
[428.144s][info][gc,marking  ] GC(931) Concurrent Cleanup for Next Mark
[428.146s][info][gc,marking  ] GC(931) Concurrent Cleanup for Next Mark 1.958ms
[428.146s][info][gc          ] GC(931) Concurrent Undo Cycle 2.196ms
[428.147s][info][gc,start    ] GC(932) Pause Young (Concurrent Start) (G1 Humongous Allocation)
[428.147s][info][gc,task     ] GC(932) Using 2 workers of 2 for evacuation
[428.154s][info][gc,phases   ] GC(932)   Pre Evacuate Collection Set: 0.22ms
[428.154s][info][gc,phases   ] GC(932)   Merge Heap Roots: 0.04ms
[428.154s][info][gc,phases   ] GC(932)   Evacuate Collection Set: 6.36ms
[428.154s][info][gc,phases   ] GC(932)   Post Evacuate Collection Set: 0.36ms
[428.154s][info][gc,phases   ] GC(932)   Other: 0.07ms
[428.154s][info][gc,heap     ] GC(932) Eden regions: 1->0(274)
[428.154s][info][gc,heap     ] GC(932) Survivor regions: 7->8(34)
[428.154s][info][gc,heap     ] GC(932) Old regions: 93->93
[428.154s][info][gc,heap     ] GC(932) Humongous regions: 3->1
[428.154s][info][gc,metaspace] GC(932) Metaspace: 43013K(43392K)->43013K(43392K) NonClass: 40198K(40448K)->40198K(40448K) Class: 2815K(2944K)->2815K(2944K)
[428.154s][info][gc          ] GC(932) Pause Young (Concurrent Start) (G1 Humongous Allocation) 103M->101M(470M) 7.187ms
[428.154s][info][gc,cpu      ] GC(932) User=0.02s Sys=0.00s Real=0.00s
[428.154s][info][gc          ] GC(933) Concurrent Mark Cycle
[428.154s][info][gc,marking  ] GC(933) Concurrent Scan Root Regions
[428.160s][info][gc,marking  ] GC(933) Concurrent Scan Root Regions 5.292ms
[428.160s][info][gc,marking  ] GC(933) Concurrent Mark
[428.160s][info][gc,marking  ] GC(933) Concurrent Mark From Roots
[428.160s][info][gc,task     ] GC(933) Using 1 workers of 1 for marking
[428.240s][info][gc,marking  ] GC(933) Concurrent Mark From Roots 80.458ms
[428.240s][info][gc,marking  ] GC(933) Concurrent Preclean
[428.240s][info][gc,marking  ] GC(933) Concurrent Preclean 0.042ms
[428.241s][info][gc,start    ] GC(933) Pause Remark
[428.257s][info][gc          ] GC(933) Pause Remark 181M->170M(470M) 16.058ms
[428.257s][info][gc,cpu      ] GC(933) User=0.03s Sys=0.00s Real=0.02s
[428.258s][info][gc,marking  ] GC(933) Concurrent Mark 98.798ms
[428.258s][info][gc,marking  ] GC(933) Concurrent Rebuild Remembered Sets and Scrub Regions
[428.288s][info][gc,marking  ] GC(933) Concurrent Rebuild Remembered Sets and Scrub Regions 29.794ms
[428.288s][info][gc,start    ] GC(933) Pause Cleanup
[428.288s][info][gc          ] GC(933) Pause Cleanup 199M->199M(470M) 0.064ms
[428.289s][info][gc,cpu      ] GC(933) User=0.00s Sys=0.00s Real=0.00s
[428.291s][info][gc,marking  ] GC(933) Concurrent Clear Claimed Marks
[428.291s][info][gc,marking  ] GC(933) Concurrent Clear Claimed Marks 0.087ms
[428.291s][info][gc,marking  ] GC(933) Concurrent Cleanup for Next Mark
[428.292s][info][gc,marking  ] GC(933) Concurrent Cleanup for Next Mark 1.447ms
[428.292s][info][gc          ] GC(933) Concurrent Mark Cycle 138.059ms
[428.815s][info][gc,start    ] GC(934) Pause Young (Prepare Mixed) (G1 Evacuation Pause)
[428.815s][info][gc,task     ] GC(934) Using 2 workers of 2 for evacuation
[428.830s][info][gc,phases   ] GC(934)   Pre Evacuate Collection Set: 0.26ms
[428.830s][info][gc,phases   ] GC(934)   Merge Heap Roots: 0.09ms
[428.830s][info][gc,phases   ] GC(934)   Evacuate Collection Set: 13.39ms
[428.830s][info][gc,phases   ] GC(934)   Post Evacuate Collection Set: 0.92ms
[428.830s][info][gc,phases   ] GC(934)   Other: 0.07ms
[428.830s][info][gc,heap     ] GC(934) Eden regions: 67->0(352)
[428.830s][info][gc,heap     ] GC(934) Survivor regions: 8->11(36)
[428.830s][info][gc,heap     ] GC(934) Old regions: 82->82
[428.830s][info][gc,heap     ] GC(934) Humongous regions: 437->3
[428.830s][info][gc,metaspace] GC(934) Metaspace: 43016K(43392K)->43016K(43392K) NonClass: 40201K(40448K)->40201K(40448K) Class: 2815K(2944K)->2815K(2944K)
[428.830s][info][gc          ] GC(934) Pause Young (Prepare Mixed) (G1 Evacuation Pause) 593M->95M(605M) 14.928ms
[428.830s][info][gc,cpu      ] GC(934) User=0.02s Sys=0.01s Real=0.02s
[429.597s][info][gc,start    ] GC(935) Pause Young (Mixed) (G1 Evacuation Pause)
[429.597s][info][gc,task     ] GC(935) Using 2 workers of 2 for evacuation
[429.635s][info][gc,phases   ] GC(935)   Pre Evacuate Collection Set: 0.43ms
[429.635s][info][gc,phases   ] GC(935)   Merge Heap Roots: 0.28ms
[429.635s][info][gc,phases   ] GC(935)   Evacuate Collection Set: 36.42ms
[429.635s][info][gc,phases   ] GC(935)   Post Evacuate Collection Set: 1.05ms
[429.635s][info][gc,phases   ] GC(935)   Other: 0.07ms
[429.635s][info][gc,heap     ] GC(935) Eden regions: 93->0(409)
[429.635s][info][gc,heap     ] GC(935) Survivor regions: 11->23(49)
[429.635s][info][gc,heap     ] GC(935) Old regions: 82->65
[429.635s][info][gc,heap     ] GC(935) Humongous regions: 509->1
[429.635s][info][gc,metaspace] GC(935) Metaspace: 43016K(43392K)->43016K(43392K) NonClass: 40201K(40448K)->40201K(40448K) Class: 2815K(2944K)->2815K(2944K)
[429.635s][info][gc          ] GC(935) Pause Young (Mixed) (G1 Evacuation Pause) 694M->89M(721M) 38.450ms
[429.635s][info][gc,cpu      ] GC(935) User=0.05s Sys=0.02s Real=0.03s
[429.862s][info][gc,start    ] GC(936) Pause Young (Concurrent Start) (G1 Humongous Allocation)
[429.862s][info][gc,task     ] GC(936) Using 2 workers of 2 for evacuation
[429.886s][info][gc,phases   ] GC(936)   Pre Evacuate Collection Set: 0.28ms
[429.886s][info][gc,phases   ] GC(936)   Merge Heap Roots: 0.06ms
[429.886s][info][gc,phases   ] GC(936)   Evacuate Collection Set: 23.09ms
[429.886s][info][gc,phases   ] GC(936)   Post Evacuate Collection Set: 0.72ms
[429.886s][info][gc,phases   ] GC(936)   Other: 0.13ms
[429.886s][info][gc,heap     ] GC(936) Eden regions: 31->0(405)
[429.886s][info][gc,heap     ] GC(936) Survivor regions: 23->27(54)
[429.886s][info][gc,heap     ] GC(936) Old regions: 65->65
[429.886s][info][gc,heap     ] GC(936) Humongous regions: 157->1
[429.886s][info][gc,metaspace] GC(936) Metaspace: 43018K(43392K)->43018K(43392K) NonClass: 40203K(40448K)->40203K(40448K) Class: 2815K(2944K)->2815K(2944K)
[429.886s][info][gc          ] GC(936) Pause Young (Concurrent Start) (G1 Humongous Allocation) 275M->92M(721M) 24.465ms
[429.886s][info][gc          ] GC(937) Concurrent Undo Cycle
[429.886s][info][gc,marking  ] GC(937) Concurrent Clear Claimed Marks
[429.886s][info][gc,marking  ] GC(937) Concurrent Clear Claimed Marks 0.039ms
[429.886s][info][gc,marking  ] GC(937) Concurrent Cleanup for Next Mark
[429.887s][info][gc,cpu      ] GC(936) User=0.05s Sys=0.00s Real=0.02s
[429.887s][info][gc,marking  ] GC(937) Concurrent Cleanup for Next Mark 0.341ms
[429.887s][info][gc          ] GC(937) Concurrent Undo Cycle 0.420ms
[430.001s][info][gc,start    ] GC(938) Pause Young (Concurrent Start) (G1 Humongous Allocation)
[430.001s][info][gc,task     ] GC(938) Using 2 workers of 2 for evacuation
[430.024s][info][gc,phases   ] GC(938)   Pre Evacuate Collection Set: 0.27ms
[430.024s][info][gc,phases   ] GC(938)   Merge Heap Roots: 0.06ms
[430.024s][info][gc,phases   ] GC(938)   Evacuate Collection Set: 22.10ms
[430.024s][info][gc,phases   ] GC(938)   Post Evacuate Collection Set: 0.50ms
[430.024s][info][gc,phases   ] GC(938)   Other: 0.11ms
[430.024s][info][gc,heap     ] GC(938) Eden regions: 13->0(405)
[430.024s][info][gc,heap     ] GC(938) Survivor regions: 27->27(54)
[430.024s][info][gc,heap     ] GC(938) Old regions: 65->65
[430.024s][info][gc,heap     ] GC(938) Humongous regions: 91->1
[430.024s][info][gc,metaspace] GC(938) Metaspace: 43018K(43392K)->43018K(43392K) NonClass: 40203K(40448K)->40203K(40448K) Class: 2815K(2944K)->2815K(2944K)
[430.024s][info][gc          ] GC(938) Pause Young (Concurrent Start) (G1 Humongous Allocation) 195M->92M(721M) 23.235ms
[430.024s][info][gc          ] GC(939) Concurrent Undo Cycle
[430.024s][info][gc,marking  ] GC(939) Concurrent Clear Claimed Marks
[430.024s][info][gc,marking  ] GC(939) Concurrent Clear Claimed Marks 0.037ms
[430.024s][info][gc,marking  ] GC(939) Concurrent Cleanup for Next Mark
[430.024s][info][gc,cpu      ] GC(938) User=0.04s Sys=0.00s Real=0.02s
[430.025s][info][gc,marking  ] GC(939) Concurrent Cleanup for Next Mark 0.264ms
[430.025s][info][gc          ] GC(939) Concurrent Undo Cycle 0.338ms
[430.184s][info][gc,start    ] GC(940) Pause Young (Concurrent Start) (G1 Humongous Allocation)
[430.184s][info][gc,task     ] GC(940) Using 2 workers of 2 for evacuation
[430.212s][info][gc,phases   ] GC(940)   Pre Evacuate Collection Set: 0.28ms
[430.212s][info][gc,phases   ] GC(940)   Merge Heap Roots: 0.06ms
[430.212s][info][gc,phases   ] GC(940)   Evacuate Collection Set: 26.64ms
[430.212s][info][gc,phases   ] GC(940)   Post Evacuate Collection Set: 0.49ms
[430.212s][info][gc,phases   ] GC(940)   Other: 0.15ms
[430.212s][info][gc,heap     ] GC(940) Eden regions: 24->0(400)
[430.212s][info][gc,heap     ] GC(940) Survivor regions: 27->32(54)
[430.212s][info][gc,heap     ] GC(940) Old regions: 65->65
[430.212s][info][gc,heap     ] GC(940) Humongous regions: 95->1
[430.212s][info][gc,metaspace] GC(940) Metaspace: 43019K(43392K)->43019K(43392K) NonClass: 40204K(40448K)->40204K(40448K) Class: 2815K(2944K)->2815K(2944K)
[430.212s][info][gc          ] GC(940) Pause Young (Concurrent Start) (G1 Humongous Allocation) 209M->97M(721M) 27.811ms
[430.212s][info][gc          ] GC(941) Concurrent Undo Cycle
[430.212s][info][gc,marking  ] GC(941) Concurrent Clear Claimed Marks
[430.212s][info][gc,marking  ] GC(941) Concurrent Clear Claimed Marks 0.036ms
[430.212s][info][gc,marking  ] GC(941) Concurrent Cleanup for Next Mark
[430.212s][info][gc,cpu      ] GC(940) User=0.06s Sys=0.00s Real=0.03s
[430.212s][info][gc,marking  ] GC(941) Concurrent Cleanup for Next Mark 0.249ms
[430.212s][info][gc          ] GC(941) Concurrent Undo Cycle 0.323ms
[431.245s][info][gc,start    ] GC(942) Pause Young (Normal) (G1 Evacuation Pause)
[431.245s][info][gc,task     ] GC(942) Using 2 workers of 2 for evacuation
[431.255s][info][gc,phases   ] GC(942)   Pre Evacuate Collection Set: 0.26ms
[431.255s][info][gc,phases   ] GC(942)   Merge Heap Roots: 0.14ms
[431.255s][info][gc,phases   ] GC(942)   Evacuate Collection Set: 8.81ms
[431.256s][info][gc,phases   ] GC(942)   Post Evacuate Collection Set: 0.81ms
[431.256s][info][gc,phases   ] GC(942)   Other: 0.08ms
[431.256s][info][gc,heap     ] GC(942) Eden regions: 400->0(423)
[431.256s][info][gc,heap     ] GC(942) Survivor regions: 32->9(54)
[431.256s][info][gc,heap     ] GC(942) Old regions: 65->68
[431.256s][info][gc,heap     ] GC(942) Humongous regions: 89->1
[431.256s][info][gc,metaspace] GC(942) Metaspace: 43036K(43456K)->43036K(43456K) NonClass: 40220K(40512K)->40220K(40512K) Class: 2815K(2944K)->2815K(2944K)
[431.256s][info][gc          ] GC(942) Pause Young (Normal) (G1 Evacuation Pause) 585M->77M(721M) 10.323ms
[431.256s][info][gc,cpu      ] GC(942) User=0.02s Sys=0.00s Real=0.01s
[432.130s][info][gc,start    ] GC(943) Pause Young (Normal) (G1 Evacuation Pause)
[432.130s][info][gc,task     ] GC(943) Using 2 workers of 2 for evacuation
[432.138s][info][gc,phases   ] GC(943)   Pre Evacuate Collection Set: 0.26ms
[432.138s][info][gc,phases   ] GC(943)   Merge Heap Roots: 0.11ms
[432.138s][info][gc,phases   ] GC(943)   Evacuate Collection Set: 6.46ms
[432.138s][info][gc,phases   ] GC(943)   Post Evacuate Collection Set: 0.64ms
[432.138s][info][gc,phases   ] GC(943)   Other: 0.08ms
[432.138s][info][gc,heap     ] GC(943) Eden regions: 423->0(421)
[432.138s][info][gc,heap     ] GC(943) Survivor regions: 9->11(54)
[432.138s][info][gc,heap     ] GC(943) Old regions: 68->68
[432.138s][info][gc,heap     ] GC(943) Humongous regions: 1->1
[432.138s][info][gc,metaspace] GC(943) Metaspace: 43038K(43456K)->43038K(43456K) NonClass: 40223K(40512K)->40223K(40512K) Class: 2815K(2944K)->2815K(2944K)
[432.138s][info][gc          ] GC(943) Pause Young (Normal) (G1 Evacuation Pause) 500M->79M(721M) 7.749ms
[432.138s][info][gc,cpu      ] GC(943) User=0.02s Sys=0.00s Real=0.01s
[433.051s][info][gc,start    ] GC(944) Pause Young (Normal) (G1 Evacuation Pause)
[433.051s][info][gc,task     ] GC(944) Using 2 workers of 2 for evacuation
[433.060s][info][gc,phases   ] GC(944)   Pre Evacuate Collection Set: 0.26ms
[433.060s][info][gc,phases   ] GC(944)   Merge Heap Roots: 0.12ms
[433.060s][info][gc,phases   ] GC(944)   Evacuate Collection Set: 7.58ms
[433.060s][info][gc,phases   ] GC(944)   Post Evacuate Collection Set: 0.86ms
[433.060s][info][gc,phases   ] GC(944)   Other: 0.08ms
[433.060s][info][gc,heap     ] GC(944) Eden regions: 421->0(418)
[433.060s][info][gc,heap     ] GC(944) Survivor regions: 11->14(54)
[433.060s][info][gc,heap     ] GC(944) Old regions: 68->68
[433.060s][info][gc,heap     ] GC(944) Humongous regions: 1->1
[433.060s][info][gc,metaspace] GC(944) Metaspace: 43038K(43456K)->43038K(43456K) NonClass: 40223K(40512K)->40223K(40512K) Class: 2815K(2944K)->2815K(2944K)
[433.060s][info][gc          ] GC(944) Pause Young (Normal) (G1 Evacuation Pause) 500M->82M(721M) 9.092ms
[433.060s][info][gc,cpu      ] GC(944) User=0.02s Sys=0.00s Real=0.01s
[434.882s][info][gc,start    ] GC(945) Pause Young (Normal) (G1 Evacuation Pause)
[434.882s][info][gc,task     ] GC(945) Using 2 workers of 2 for evacuation
[434.907s][info][gc,phases   ] GC(945)   Pre Evacuate Collection Set: 0.36ms
[434.907s][info][gc,phases   ] GC(945)   Merge Heap Roots: 0.15ms
[434.907s][info][gc,phases   ] GC(945)   Evacuate Collection Set: 23.91ms
[434.907s][info][gc,phases   ] GC(945)   Post Evacuate Collection Set: 0.90ms
[434.907s][info][gc,phases   ] GC(945)   Other: 0.09ms
[434.907s][info][gc,heap     ] GC(945) Eden regions: 418->0(410)
[434.907s][info][gc,heap     ] GC(945) Survivor regions: 14->22(54)
[434.907s][info][gc,heap     ] GC(945) Old regions: 68->68
[434.907s][info][gc,heap     ] GC(945) Humongous regions: 13->3
[434.907s][info][gc,metaspace] GC(945) Metaspace: 43049K(43456K)->43049K(43456K) NonClass: 40233K(40512K)->40233K(40512K) Class: 2815K(2944K)->2815K(2944K)
[434.907s][info][gc          ] GC(945) Pause Young (Normal) (G1 Evacuation Pause) 512M->92M(721M) 25.602ms
[434.907s][info][gc,cpu      ] GC(945) User=0.05s Sys=0.00s Real=0.03s
[435.852s][info][gc,start    ] GC(946) Pause Young (Normal) (G1 Evacuation Pause)
[435.852s][info][gc,task     ] GC(946) Using 2 workers of 2 for evacuation
[435.924s][info][gc,phases   ] GC(946)   Pre Evacuate Collection Set: 0.28ms
[435.924s][info][gc,phases   ] GC(946)   Merge Heap Roots: 0.16ms
[435.924s][info][gc,phases   ] GC(946)   Evacuate Collection Set: 71.53ms
[435.924s][info][gc,phases   ] GC(946)   Post Evacuate Collection Set: 0.80ms
[435.925s][info][gc,phases   ] GC(946)   Other: 0.08ms
[435.925s][info][gc,heap     ] GC(946) Eden regions: 410->0(378)
[435.925s][info][gc,heap     ] GC(946) Survivor regions: 22->54(54)
[435.925s][info][gc,heap     ] GC(946) Old regions: 68->79
[435.925s][info][gc,heap     ] GC(946) Humongous regions: 6->6
[435.925s][info][gc,metaspace] GC(946) Metaspace: 43049K(43456K)->43049K(43456K) NonClass: 40233K(40512K)->40233K(40512K) Class: 2815K(2944K)->2815K(2944K)
[435.925s][info][gc          ] GC(946) Pause Young (Normal) (G1 Evacuation Pause) 505M->139M(721M) 73.072ms
[435.925s][info][gc,cpu      ] GC(946) User=0.15s Sys=0.00s Real=0.07s
[439.496s][info][gc,start    ] GC(947) Pause Young (Normal) (G1 Evacuation Pause)
[439.497s][info][gc,task     ] GC(947) Using 2 workers of 2 for evacuation
[439.559s][info][gc,phases   ] GC(947)   Pre Evacuate Collection Set: 0.27ms
[439.559s][info][gc,phases   ] GC(947)   Merge Heap Roots: 0.34ms
[439.559s][info][gc,phases   ] GC(947)   Evacuate Collection Set: 61.21ms
[439.559s][info][gc,phases   ] GC(947)   Post Evacuate Collection Set: 0.66ms
[439.559s][info][gc,phases   ] GC(947)   Other: 0.08ms
[439.559s][info][gc,heap     ] GC(947) Eden regions: 378->0(414)
[439.559s][info][gc,heap     ] GC(947) Survivor regions: 54->18(54)
[439.559s][info][gc,heap     ] GC(947) Old regions: 79->124
[439.559s][info][gc,heap     ] GC(947) Humongous regions: 13->8
[439.559s][info][gc,metaspace] GC(947) Metaspace: 43050K(43456K)->43050K(43456K) NonClass: 40234K(40512K)->40234K(40512K) Class: 2815K(2944K)->2815K(2944K)
[439.559s][info][gc          ] GC(947) Pause Young (Normal) (G1 Evacuation Pause) 524M->150M(721M) 62.741ms
[439.559s][info][gc,cpu      ] GC(947) User=0.12s Sys=0.00s Real=0.07s
[440.557s][info][gc,start    ] GC(948) Pause Young (Normal) (G1 Evacuation Pause)
[440.558s][info][gc,task     ] GC(948) Using 2 workers of 2 for evacuation
[440.608s][info][gc,phases   ] GC(948)   Pre Evacuate Collection Set: 0.26ms
[440.608s][info][gc,phases   ] GC(948)   Merge Heap Roots: 0.19ms
[440.608s][info][gc,phases   ] GC(948)   Evacuate Collection Set: 48.88ms
[440.608s][info][gc,phases   ] GC(948)   Post Evacuate Collection Set: 0.66ms
[440.608s][info][gc,phases   ] GC(948)   Other: 0.08ms
[440.608s][info][gc,heap     ] GC(948) Eden regions: 414->0(380)
[440.608s][info][gc,heap     ] GC(948) Survivor regions: 18->52(54)
[440.608s][info][gc,heap     ] GC(948) Old regions: 124->124
[440.608s][info][gc,heap     ] GC(948) Humongous regions: 11->11
[440.608s][info][gc,metaspace] GC(948) Metaspace: 43050K(43456K)->43050K(43456K) NonClass: 40234K(40512K)->40234K(40512K) Class: 2815K(2944K)->2815K(2944K)
[440.608s][info][gc          ] GC(948) Pause Young (Normal) (G1 Evacuation Pause) 567M->187M(721M) 50.308ms
[440.608s][info][gc,cpu      ] GC(948) User=0.10s Sys=0.00s Real=0.05s
[441.498s][info][gc,start    ] GC(949) Pause Young (Normal) (G1 Evacuation Pause)
[441.498s][info][gc,task     ] GC(949) Using 2 workers of 2 for evacuation
[441.604s][info][gc,phases   ] GC(949)   Pre Evacuate Collection Set: 0.28ms
[441.604s][info][gc,phases   ] GC(949)   Merge Heap Roots: 0.21ms
[441.604s][info][gc,phases   ] GC(949)   Evacuate Collection Set: 104.85ms
[441.604s][info][gc,phases   ] GC(949)   Post Evacuate Collection Set: 0.65ms
[441.604s][info][gc,phases   ] GC(949)   Other: 0.09ms
[441.604s][info][gc,heap     ] GC(949) Eden regions: 380->0(389)
[441.604s][info][gc,heap     ] GC(949) Survivor regions: 52->43(54)
[441.604s][info][gc,heap     ] GC(949) Old regions: 124->176
[441.604s][info][gc,heap     ] GC(949) Humongous regions: 17->17
[441.604s][info][gc,metaspace] GC(949) Metaspace: 43050K(43456K)->43050K(43456K) NonClass: 40234K(40512K)->40234K(40512K) Class: 2815K(2944K)->2815K(2944K)
[441.604s][info][gc          ] GC(949) Pause Young (Normal) (G1 Evacuation Pause) 573M->236M(721M) 106.325ms
[441.604s][info][gc,cpu      ] GC(949) User=0.21s Sys=0.00s Real=0.10s
[441.887s][info][gc,start    ] GC(950) Pause Young (Concurrent Start) (G1 Humongous Allocation)
[441.887s][info][gc,task     ] GC(950) Using 2 workers of 2 for evacuation
[441.946s][info][gc,phases   ] GC(950)   Pre Evacuate Collection Set: 0.26ms
[441.946s][info][gc,phases   ] GC(950)   Merge Heap Roots: 0.12ms
[441.946s][info][gc,phases   ] GC(950)   Evacuate Collection Set: 57.69ms
[441.946s][info][gc,phases   ] GC(950)   Post Evacuate Collection Set: 0.42ms
[441.946s][info][gc,phases   ] GC(950)   Other: 0.18ms
[441.946s][info][gc,heap     ] GC(950) Eden regions: 64->0(362)
[441.946s][info][gc,heap     ] GC(950) Survivor regions: 43->18(54)
[441.946s][info][gc,heap     ] GC(950) Old regions: 176->219
[441.946s][info][gc,heap     ] GC(950) Humongous regions: 17->17
[441.946s][info][gc,metaspace] GC(950) Metaspace: 43050K(43456K)->43050K(43456K) NonClass: 40234K(40512K)->40234K(40512K) Class: 2815K(2944K)->2815K(2944K)
[441.946s][info][gc          ] GC(950) Pause Young (Concurrent Start) (G1 Humongous Allocation) 299M->253M(721M) 58.938ms
[441.946s][info][gc          ] GC(951) Concurrent Mark Cycle
[441.946s][info][gc,marking  ] GC(951) Concurrent Scan Root Regions
[441.946s][info][gc,cpu      ] GC(950) User=0.11s Sys=0.00s Real=0.05s
[441.997s][info][gc,marking  ] GC(951) Concurrent Scan Root Regions 51.289ms
[441.997s][info][gc,marking  ] GC(951) Concurrent Mark
[441.997s][info][gc,marking  ] GC(951) Concurrent Mark From Roots
[441.997s][info][gc,task     ] GC(951) Using 1 workers of 1 for marking
[442.072s][info][gc,marking  ] GC(951) Concurrent Mark From Roots 74.551ms
[442.072s][info][gc,marking  ] GC(951) Concurrent Preclean
[442.072s][info][gc,marking  ] GC(951) Concurrent Preclean 0.221ms
[442.072s][info][gc,start    ] GC(951) Pause Remark
[442.089s][info][gc          ] GC(951) Pause Remark 264M->178M(567M) 16.510ms
[442.089s][info][gc,cpu      ] GC(951) User=0.03s Sys=0.00s Real=0.02s
[442.089s][info][gc,marking  ] GC(951) Concurrent Mark 91.605ms
[442.089s][info][gc,marking  ] GC(951) Concurrent Rebuild Remembered Sets and Scrub Regions
[442.152s][info][gc,marking  ] GC(951) Concurrent Rebuild Remembered Sets and Scrub Regions 62.802ms
[442.152s][info][gc,start    ] GC(951) Pause Cleanup
[442.152s][info][gc          ] GC(951) Pause Cleanup 182M->182M(567M) 0.075ms
[442.152s][info][gc,cpu      ] GC(951) User=0.00s Sys=0.00s Real=0.00s
[442.153s][info][gc,marking  ] GC(951) Concurrent Clear Claimed Marks
[442.153s][info][gc,marking  ] GC(951) Concurrent Clear Claimed Marks 0.055ms
[442.153s][info][gc,marking  ] GC(951) Concurrent Cleanup for Next Mark
[442.155s][info][gc,marking  ] GC(951) Concurrent Cleanup for Next Mark 2.774ms
[442.155s][info][gc          ] GC(951) Concurrent Mark Cycle 209.692ms
[443.914s][info][gc,start    ] GC(952) Pause Young (Prepare Mixed) (G1 Evacuation Pause)
[443.914s][info][gc,task     ] GC(952) Using 2 workers of 2 for evacuation
[443.947s][info][gc,phases   ] GC(952)   Pre Evacuate Collection Set: 0.22ms
[443.947s][info][gc,phases   ] GC(952)   Merge Heap Roots: 0.18ms
[443.947s][info][gc,phases   ] GC(952)   Evacuate Collection Set: 32.45ms
[443.947s][info][gc,phases   ] GC(952)   Post Evacuate Collection Set: 0.59ms
[443.947s][info][gc,phases   ] GC(952)   Other: 0.08ms
[443.947s][info][gc,heap     ] GC(952) Eden regions: 322->0(301)
[443.947s][info][gc,heap     ] GC(952) Survivor regions: 18->26(43)
[443.947s][info][gc,heap     ] GC(952) Old regions: 143->143
[443.948s][info][gc,heap     ] GC(952) Humongous regions: 15->13
[443.948s][info][gc,metaspace] GC(952) Metaspace: 43050K(43456K)->43050K(43456K) NonClass: 40234K(40512K)->40234K(40512K) Class: 2815K(2944K)->2815K(2944K)
[443.948s][info][gc          ] GC(952) Pause Young (Prepare Mixed) (G1 Evacuation Pause) 497M->181M(567M) 33.704ms
[443.948s][info][gc,cpu      ] GC(952) User=0.07s Sys=0.00s Real=0.04s
[445.562s][info][gc,start    ] GC(953) Pause Young (Mixed) (G1 Evacuation Pause)
[445.562s][info][gc,task     ] GC(953) Using 2 workers of 2 for evacuation
[445.593s][info][gc,phases   ] GC(953)   Pre Evacuate Collection Set: 0.26ms
[445.593s][info][gc,phases   ] GC(953)   Merge Heap Roots: 0.18ms
[445.593s][info][gc,phases   ] GC(953)   Evacuate Collection Set: 30.68ms
[445.593s][info][gc,phases   ] GC(953)   Post Evacuate Collection Set: 0.54ms
[445.593s][info][gc,phases   ] GC(953)   Other: 0.08ms
[445.594s][info][gc,heap     ] GC(953) Eden regions: 301->0(320)
[445.594s][info][gc,heap     ] GC(953) Survivor regions: 26->20(41)
[445.594s][info][gc,heap     ] GC(953) Old regions: 143->136
[445.594s][info][gc,heap     ] GC(953) Humongous regions: 13->13
[445.594s][info][gc,metaspace] GC(953) Metaspace: 43050K(43456K)->43050K(43456K) NonClass: 40234K(40512K)->40234K(40512K) Class: 2815K(2944K)->2815K(2944K)
[445.594s][info][gc          ] GC(953) Pause Young (Mixed) (G1 Evacuation Pause) 482M->168M(567M) 31.945ms
[445.594s][info][gc,cpu      ] GC(953) User=0.06s Sys=0.00s Real=0.03s
[446.264s][info][gc,start    ] GC(954) Pause Young (Concurrent Start) (G1 Humongous Allocation)
[446.264s][info][gc,task     ] GC(954) Using 2 workers of 2 for evacuation
[446.276s][info][gc,phases   ] GC(954)   Pre Evacuate Collection Set: 0.27ms
[446.276s][info][gc,phases   ] GC(954)   Merge Heap Roots: 0.09ms
[446.276s][info][gc,phases   ] GC(954)   Evacuate Collection Set: 11.28ms
[446.276s][info][gc,phases   ] GC(954)   Post Evacuate Collection Set: 0.40ms
[446.276s][info][gc,phases   ] GC(954)   Other: 0.10ms
[446.276s][info][gc,heap     ] GC(954) Eden regions: 120->0(328)
[446.276s][info][gc,heap     ] GC(954) Survivor regions: 20->12(43)
[446.276s][info][gc,heap     ] GC(954) Old regions: 136->136
[446.276s][info][gc,heap     ] GC(954) Humongous regions: 13->13
[446.276s][info][gc,metaspace] GC(954) Metaspace: 43050K(43456K)->43050K(43456K) NonClass: 40234K(40512K)->40234K(40512K) Class: 2815K(2944K)->2815K(2944K)
[446.276s][info][gc          ] GC(954) Pause Young (Concurrent Start) (G1 Humongous Allocation) 288M->160M(567M) 12.313ms
[446.276s][info][gc          ] GC(955) Concurrent Mark Cycle
[446.276s][info][gc,marking  ] GC(955) Concurrent Scan Root Regions
[446.276s][info][gc,cpu      ] GC(954) User=0.02s Sys=0.00s Real=0.01s
[446.280s][info][gc,marking  ] GC(955) Concurrent Scan Root Regions 4.494ms
[446.280s][info][gc,marking  ] GC(955) Concurrent Mark
[446.280s][info][gc,marking  ] GC(955) Concurrent Mark From Roots
[446.280s][info][gc,task     ] GC(955) Using 1 workers of 1 for marking
[446.311s][info][gc,marking  ] GC(955) Concurrent Mark From Roots 30.520ms
[446.311s][info][gc,marking  ] GC(955) Concurrent Preclean
[446.311s][info][gc,marking  ] GC(955) Concurrent Preclean 0.034ms
[446.312s][info][gc,start    ] GC(955) Pause Remark
[446.328s][info][gc          ] GC(955) Pause Remark 170M->77M(256M) 16.138ms
[446.328s][info][gc,cpu      ] GC(955) User=0.03s Sys=0.00s Real=0.02s
[446.329s][info][gc,marking  ] GC(955) Concurrent Mark 48.367ms
[446.329s][info][gc,marking  ] GC(955) Concurrent Rebuild Remembered Sets and Scrub Regions
[446.340s][info][gc,marking  ] GC(955) Concurrent Rebuild Remembered Sets and Scrub Regions 11.250ms
[446.340s][info][gc,start    ] GC(955) Pause Cleanup
[446.340s][info][gc          ] GC(955) Pause Cleanup 80M->80M(256M) 0.037ms
[446.340s][info][gc,cpu      ] GC(955) User=0.00s Sys=0.00s Real=0.00s
[446.340s][info][gc,marking  ] GC(955) Concurrent Clear Claimed Marks
[446.340s][info][gc,marking  ] GC(955) Concurrent Clear Claimed Marks 0.032ms
[446.340s][info][gc,marking  ] GC(955) Concurrent Cleanup for Next Mark
[446.341s][info][gc,marking  ] GC(955) Concurrent Cleanup for Next Mark 0.762ms
[446.341s][info][gc          ] GC(955) Concurrent Mark Cycle 65.213ms
[447.046s][info][gc,start    ] GC(956) Pause Young (Prepare Mixed) (G1 Evacuation Pause)
[447.046s][info][gc,task     ] GC(956) Using 2 workers of 2 for evacuation
[447.052s][info][gc,phases   ] GC(956)   Pre Evacuate Collection Set: 0.18ms
[447.052s][info][gc,phases   ] GC(956)   Merge Heap Roots: 0.08ms
[447.052s][info][gc,phases   ] GC(956)   Evacuate Collection Set: 5.76ms
[447.052s][info][gc,phases   ] GC(956)   Post Evacuate Collection Set: 0.36ms
[447.052s][info][gc,phases   ] GC(956)   Other: 0.06ms
[447.052s][info][gc,heap     ] GC(956) Eden regions: 141->0(150)
[447.052s][info][gc,heap     ] GC(956) Survivor regions: 12->3(20)
[447.052s][info][gc,heap     ] GC(956) Old regions: 55->62
[447.052s][info][gc,heap     ] GC(956) Humongous regions: 2->1
[447.052s][info][gc,metaspace] GC(956) Metaspace: 43050K(43456K)->43050K(43456K) NonClass: 40234K(40512K)->40234K(40512K) Class: 2815K(2944K)->2815K(2944K)
[447.052s][info][gc          ] GC(956) Pause Young (Prepare Mixed) (G1 Evacuation Pause) 210M->65M(256M) 6.623ms
[447.052s][info][gc,cpu      ] GC(956) User=0.01s Sys=0.01s Real=0.01s
[447.785s][info][gc,start    ] GC(957) Pause Young (Mixed) (G1 Evacuation Pause)
[447.785s][info][gc,task     ] GC(957) Using 2 workers of 2 for evacuation
[447.804s][info][gc,phases   ] GC(957)   Pre Evacuate Collection Set: 0.16ms
[447.804s][info][gc,phases   ] GC(957)   Merge Heap Roots: 0.08ms
[447.804s][info][gc,phases   ] GC(957)   Evacuate Collection Set: 18.31ms
[447.804s][info][gc,phases   ] GC(957)   Post Evacuate Collection Set: 0.44ms
[447.804s][info][gc,phases   ] GC(957)   Other: 0.06ms
[447.804s][info][gc,heap     ] GC(957) Eden regions: 150->0(133)
[447.804s][info][gc,heap     ] GC(957) Survivor regions: 3->20(20)
[447.804s][info][gc,heap     ] GC(957) Old regions: 62->53
[447.804s][info][gc,heap     ] GC(957) Humongous regions: 1->1
[447.804s][info][gc,metaspace] GC(957) Metaspace: 43050K(43456K)->43050K(43456K) NonClass: 40234K(40512K)->40234K(40512K) Class: 2815K(2944K)->2815K(2944K)
[447.804s][info][gc          ] GC(957) Pause Young (Mixed) (G1 Evacuation Pause) 215M->73M(256M) 19.242ms
[447.804s][info][gc,cpu      ] GC(957) User=0.04s Sys=0.00s Real=0.02s
[447.827s][info][gc,start    ] GC(958) Pause Young (Concurrent Start) (G1 Humongous Allocation)
[447.827s][info][gc,task     ] GC(958) Using 2 workers of 2 for evacuation
[447.843s][info][gc,phases   ] GC(958)   Pre Evacuate Collection Set: 0.15ms
[447.843s][info][gc,phases   ] GC(958)   Merge Heap Roots: 0.04ms
[447.843s][info][gc,phases   ] GC(958)   Evacuate Collection Set: 15.43ms
[447.843s][info][gc,phases   ] GC(958)   Post Evacuate Collection Set: 0.31ms
[447.843s][info][gc,phases   ] GC(958)   Other: 0.09ms
[447.843s][info][gc,heap     ] GC(958) Eden regions: 5->0(99)
[447.843s][info][gc,heap     ] GC(958) Survivor regions: 20->2(20)
[447.843s][info][gc,heap     ] GC(958) Old regions: 53->72
[447.843s][info][gc,heap     ] GC(958) Humongous regions: 1->1
[447.843s][info][gc,metaspace] GC(958) Metaspace: 43050K(43456K)->43050K(43456K) NonClass: 40234K(40512K)->40234K(40512K) Class: 2815K(2944K)->2815K(2944K)
[447.843s][info][gc          ] GC(958) Pause Young (Concurrent Start) (G1 Humongous Allocation) 77M->74M(256M) 16.173ms
[447.843s][info][gc,cpu      ] GC(958) User=0.03s Sys=0.00s Real=0.01s
[447.843s][info][gc          ] GC(959) Concurrent Mark Cycle
[447.843s][info][gc,marking  ] GC(959) Concurrent Scan Root Regions
[447.858s][info][gc,marking  ] GC(959) Concurrent Scan Root Regions 15.283ms
[447.858s][info][gc,marking  ] GC(959) Concurrent Mark
[447.858s][info][gc,marking  ] GC(959) Concurrent Mark From Roots
[447.858s][info][gc,task     ] GC(959) Using 1 workers of 1 for marking
[447.890s][info][gc,marking  ] GC(959) Concurrent Mark From Roots 31.220ms
[447.890s][info][gc,marking  ] GC(959) Concurrent Preclean
[447.890s][info][gc,marking  ] GC(959) Concurrent Preclean 0.061ms
[447.890s][info][gc,start    ] GC(959) Pause Remark
[447.906s][info][gc          ] GC(959) Pause Remark 96M->96M(256M) 16.428ms
[447.906s][info][gc,cpu      ] GC(959) User=0.03s Sys=0.00s Real=0.01s
[447.909s][info][gc,marking  ] GC(959) Concurrent Mark 50.168ms
[447.909s][info][gc,marking  ] GC(959) Concurrent Rebuild Remembered Sets and Scrub Regions
[447.933s][info][gc,marking  ] GC(959) Concurrent Rebuild Remembered Sets and Scrub Regions 24.296ms
[447.933s][info][gc,start    ] GC(959) Pause Cleanup
[447.933s][info][gc          ] GC(959) Pause Cleanup 106M->106M(256M) 0.047ms
[447.933s][info][gc,cpu      ] GC(959) User=0.00s Sys=0.00s Real=0.00s
[447.934s][info][gc,marking  ] GC(959) Concurrent Clear Claimed Marks
[447.934s][info][gc,marking  ] GC(959) Concurrent Clear Claimed Marks 0.074ms
[447.934s][info][gc,marking  ] GC(959) Concurrent Cleanup for Next Mark
[447.935s][info][gc,marking  ] GC(959) Concurrent Cleanup for Next Mark 0.762ms
[447.935s][info][gc          ] GC(959) Concurrent Mark Cycle 91.496ms
[448.085s][info][gc,start    ] GC(960) Pause Young (Prepare Mixed) (G1 Evacuation Pause)
[448.085s][info][gc,task     ] GC(960) Using 2 workers of 2 for evacuation
[448.099s][info][gc,phases   ] GC(960)   Pre Evacuate Collection Set: 0.15ms
[448.099s][info][gc,phases   ] GC(960)   Merge Heap Roots: 0.05ms
[448.099s][info][gc,phases   ] GC(960)   Evacuate Collection Set: 12.79ms
[448.099s][info][gc,phases   ] GC(960)   Post Evacuate Collection Set: 0.37ms
[448.099s][info][gc,phases   ] GC(960)   Other: 0.06ms
[448.099s][info][gc,heap     ] GC(960) Eden regions: 99->0(98)
[448.099s][info][gc,heap     ] GC(960) Survivor regions: 2->13(13)
[448.099s][info][gc,heap     ] GC(960) Old regions: 72->73
[448.099s][info][gc,heap     ] GC(960) Humongous regions: 3->3
[448.099s][info][gc,metaspace] GC(960) Metaspace: 43050K(43456K)->43050K(43456K) NonClass: 40234K(40512K)->40234K(40512K) Class: 2815K(2944K)->2815K(2944K)
[448.099s][info][gc          ] GC(960) Pause Young (Prepare Mixed) (G1 Evacuation Pause) 175M->88M(256M) 13.609ms
[448.099s][info][gc,cpu      ] GC(960) User=0.02s Sys=0.00s Real=0.02s
[448.310s][info][gc,start    ] GC(961) Pause Young (Mixed) (G1 Evacuation Pause)
[448.310s][info][gc,task     ] GC(961) Using 2 workers of 2 for evacuation
[448.338s][info][gc,phases   ] GC(961)   Pre Evacuate Collection Set: 0.23ms
[448.338s][info][gc,phases   ] GC(961)   Merge Heap Roots: 0.16ms
[448.338s][info][gc,phases   ] GC(961)   Evacuate Collection Set: 26.49ms
[448.338s][info][gc,phases   ] GC(961)   Post Evacuate Collection Set: 0.46ms
[448.338s][info][gc,phases   ] GC(961)   Other: 0.09ms
[448.338s][info][gc,heap     ] GC(961) Eden regions: 98->0(107)
[448.338s][info][gc,heap     ] GC(961) Survivor regions: 13->12(14)
[448.338s][info][gc,heap     ] GC(961) Old regions: 73->65
[448.338s][info][gc,heap     ] GC(961) Humongous regions: 4->4
[448.338s][info][gc,metaspace] GC(961) Metaspace: 43050K(43456K)->43050K(43456K) NonClass: 40234K(40512K)->40234K(40512K) Class: 2815K(2944K)->2815K(2944K)
[448.338s][info][gc          ] GC(961) Pause Young (Mixed) (G1 Evacuation Pause) 187M->81M(256M) 27.655ms
[448.338s][info][gc,cpu      ] GC(961) User=0.05s Sys=0.00s Real=0.03s
[448.499s][info][gc,start    ] GC(962) Pause Young (Concurrent Start) (G1 Humongous Allocation)
[448.499s][info][gc,task     ] GC(962) Using 2 workers of 2 for evacuation
[448.517s][info][gc,phases   ] GC(962)   Pre Evacuate Collection Set: 0.17ms
[448.517s][info][gc,phases   ] GC(962)   Merge Heap Roots: 0.05ms
[448.517s][info][gc,phases   ] GC(962)   Evacuate Collection Set: 17.68ms
[448.517s][info][gc,phases   ] GC(962)   Post Evacuate Collection Set: 0.40ms
[448.517s][info][gc,phases   ] GC(962)   Other: 0.10ms
[448.517s][info][gc,heap     ] GC(962) Eden regions: 76->0(106)
[448.517s][info][gc,heap     ] GC(962) Survivor regions: 12->9(15)
[448.517s][info][gc,heap     ] GC(962) Old regions: 65->78
[448.517s][info][gc,heap     ] GC(962) Humongous regions: 4->4
[448.517s][info][gc,metaspace] GC(962) Metaspace: 43050K(43456K)->43050K(43456K) NonClass: 40234K(40512K)->40234K(40512K) Class: 2815K(2944K)->2815K(2944K)
[448.517s][info][gc          ] GC(962) Pause Young (Concurrent Start) (G1 Humongous Allocation) 156M->90M(256M) 18.583ms
[448.517s][info][gc,cpu      ] GC(962) User=0.04s Sys=0.00s Real=0.02s
[448.517s][info][gc          ] GC(963) Concurrent Mark Cycle
[448.517s][info][gc,marking  ] GC(963) Concurrent Scan Root Regions
[448.533s][info][gc,marking  ] GC(963) Concurrent Scan Root Regions 15.842ms
[448.533s][info][gc,marking  ] GC(963) Concurrent Mark
[448.533s][info][gc,marking  ] GC(963) Concurrent Mark From Roots
[448.533s][info][gc,task     ] GC(963) Using 1 workers of 1 for marking
[448.582s][info][gc,marking  ] GC(963) Concurrent Mark From Roots 48.699ms
[448.582s][info][gc,marking  ] GC(963) Concurrent Preclean
[448.582s][info][gc,marking  ] GC(963) Concurrent Preclean 0.035ms
[448.582s][info][gc,start    ] GC(963) Pause Remark
[448.599s][info][gc          ] GC(963) Pause Remark 114M->109M(256M) 17.244ms
[448.599s][info][gc,cpu      ] GC(963) User=0.03s Sys=0.00s Real=0.02s
[448.601s][info][gc,marking  ] GC(963) Concurrent Mark 67.507ms
[448.601s][info][gc,marking  ] GC(963) Concurrent Rebuild Remembered Sets and Scrub Regions
[448.633s][info][gc,marking  ] GC(963) Concurrent Rebuild Remembered Sets and Scrub Regions 32.776ms
[448.633s][info][gc,start    ] GC(963) Pause Cleanup
[448.634s][info][gc          ] GC(963) Pause Cleanup 125M->125M(256M) 0.044ms
[448.634s][info][gc,cpu      ] GC(963) User=0.00s Sys=0.00s Real=0.00s
[448.634s][info][gc,marking  ] GC(963) Concurrent Clear Claimed Marks
[448.634s][info][gc,marking  ] GC(963) Concurrent Clear Claimed Marks 0.034ms
[448.634s][info][gc,marking  ] GC(963) Concurrent Cleanup for Next Mark
[448.634s][info][gc,marking  ] GC(963) Concurrent Cleanup for Next Mark 0.730ms
[448.634s][info][gc          ] GC(963) Concurrent Mark Cycle 117.238ms
[448.780s][info][gc,start    ] GC(964) Pause Young (Prepare Mixed) (G1 Evacuation Pause)
[448.780s][info][gc,task     ] GC(964) Using 2 workers of 2 for evacuation
[448.805s][info][gc,phases   ] GC(964)   Pre Evacuate Collection Set: 0.15ms
[448.805s][info][gc,phases   ] GC(964)   Merge Heap Roots: 0.09ms
[448.805s][info][gc,phases   ] GC(964)   Evacuate Collection Set: 24.25ms
[448.805s][info][gc,phases   ] GC(964)   Post Evacuate Collection Set: 0.38ms
[448.805s][info][gc,phases   ] GC(964)   Other: 0.07ms
[448.805s][info][gc,heap     ] GC(964) Eden regions: 106->0(104)
[448.805s][info][gc,heap     ] GC(964) Survivor regions: 9->13(15)
[448.805s][info][gc,heap     ] GC(964) Old regions: 73->82
[448.805s][info][gc,heap     ] GC(964) Humongous regions: 6->6
[448.805s][info][gc,metaspace] GC(964) Metaspace: 43050K(43456K)->43050K(43456K) NonClass: 40234K(40512K)->40234K(40512K) Class: 2815K(2944K)->2815K(2944K)
[448.805s][info][gc          ] GC(964) Pause Young (Prepare Mixed) (G1 Evacuation Pause) 193M->101M(256M) 25.124ms
[448.805s][info][gc,cpu      ] GC(964) User=0.05s Sys=0.00s Real=0.02s
[449.022s][info][gc,start    ] GC(965) Pause Young (Mixed) (G1 Evacuation Pause)
[449.022s][info][gc,task     ] GC(965) Using 2 workers of 2 for evacuation
[449.048s][info][gc,phases   ] GC(965)   Pre Evacuate Collection Set: 0.15ms
[449.048s][info][gc,phases   ] GC(965)   Merge Heap Roots: 0.09ms
[449.048s][info][gc,phases   ] GC(965)   Evacuate Collection Set: 25.67ms
[449.048s][info][gc,phases   ] GC(965)   Post Evacuate Collection Set: 0.36ms
[449.049s][info][gc,phases   ] GC(965)   Other: 0.07ms
[449.049s][info][gc,heap     ] GC(965) Eden regions: 104->0(106)
[449.049s][info][gc,heap     ] GC(965) Survivor regions: 13->13(15)
[449.049s][info][gc,heap     ] GC(965) Old regions: 82->84
[449.049s][info][gc,heap     ] GC(965) Humongous regions: 6->6
[449.049s][info][gc,metaspace] GC(965) Metaspace: 43050K(43456K)->43050K(43456K) NonClass: 40234K(40512K)->40234K(40512K) Class: 2815K(2944K)->2815K(2944K)
[449.049s][info][gc          ] GC(965) Pause Young (Mixed) (G1 Evacuation Pause) 205M->102M(256M) 26.526ms
[449.049s][info][gc,cpu      ] GC(965) User=0.05s Sys=0.00s Real=0.03s
[449.188s][info][gc,start    ] GC(966) Pause Young (Concurrent Start) (G1 Humongous Allocation)
[449.188s][info][gc,task     ] GC(966) Using 2 workers of 2 for evacuation
[449.210s][info][gc,phases   ] GC(966)   Pre Evacuate Collection Set: 0.17ms
[449.210s][info][gc,phases   ] GC(966)   Merge Heap Roots: 0.07ms
[449.210s][info][gc,phases   ] GC(966)   Evacuate Collection Set: 20.49ms
[449.210s][info][gc,phases   ] GC(966)   Post Evacuate Collection Set: 1.25ms
[449.210s][info][gc,phases   ] GC(966)   Other: 0.09ms
[449.210s][info][gc,heap     ] GC(966) Eden regions: 64->0(195)
[449.210s][info][gc,heap     ] GC(966) Survivor regions: 13->8(15)
[449.210s][info][gc,heap     ] GC(966) Old regions: 84->96
[449.210s][info][gc,heap     ] GC(966) Humongous regions: 6->6
[449.210s][info][gc,metaspace] GC(966) Metaspace: 43050K(43456K)->43050K(43456K) NonClass: 40234K(40512K)->40234K(40512K) Class: 2815K(2944K)->2815K(2944K)
[449.210s][info][gc          ] GC(966) Pause Young (Concurrent Start) (G1 Humongous Allocation) 166M->109M(392M) 22.260ms
[449.210s][info][gc          ] GC(967) Concurrent Mark Cycle
[449.210s][info][gc,marking  ] GC(967) Concurrent Scan Root Regions
[449.213s][info][gc,cpu      ] GC(966) User=0.04s Sys=0.00s Real=0.02s
[449.227s][info][gc,marking  ] GC(967) Concurrent Scan Root Regions 16.635ms
[449.227s][info][gc,marking  ] GC(967) Concurrent Mark
[449.227s][info][gc,marking  ] GC(967) Concurrent Mark From Roots
[449.227s][info][gc,task     ] GC(967) Using 1 workers of 1 for marking
[449.320s][info][gc,marking  ] GC(967) Concurrent Mark From Roots 92.611ms
[449.320s][info][gc,marking  ] GC(967) Concurrent Preclean
[449.320s][info][gc,marking  ] GC(967) Concurrent Preclean 0.071ms
[449.320s][info][gc,start    ] GC(967) Pause Remark
[449.336s][info][gc          ] GC(967) Pause Remark 138M->137M(377M) 15.673ms
[449.336s][info][gc,cpu      ] GC(967) User=0.03s Sys=0.00s Real=0.01s
[449.336s][info][gc,marking  ] GC(967) Concurrent Mark 108.625ms
[449.336s][info][gc,marking  ] GC(967) Concurrent Rebuild Remembered Sets and Scrub Regions
[449.392s][info][gc,marking  ] GC(967) Concurrent Rebuild Remembered Sets and Scrub Regions 55.841ms
[449.392s][info][gc,start    ] GC(967) Pause Cleanup
[449.392s][info][gc          ] GC(967) Pause Cleanup 157M->157M(377M) 0.076ms
[449.392s][info][gc,cpu      ] GC(967) User=0.00s Sys=0.00s Real=0.00s
[449.392s][info][gc,marking  ] GC(967) Concurrent Clear Claimed Marks
[449.392s][info][gc,marking  ] GC(967) Concurrent Clear Claimed Marks 0.038ms
[449.392s][info][gc,marking  ] GC(967) Concurrent Cleanup for Next Mark
[449.394s][info][gc,marking  ] GC(967) Concurrent Cleanup for Next Mark 2.237ms
[449.394s][info][gc          ] GC(967) Concurrent Mark Cycle 183.740ms
[450.531s][info][gc,start    ] GC(968) Pause Young (Prepare Mixed) (G1 Evacuation Pause)
[450.531s][info][gc,task     ] GC(968) Using 2 workers of 2 for evacuation
[450.576s][info][gc,phases   ] GC(968)   Pre Evacuate Collection Set: 0.18ms
[450.576s][info][gc,phases   ] GC(968)   Merge Heap Roots: 0.16ms
[450.576s][info][gc,phases   ] GC(968)   Evacuate Collection Set: 43.97ms
[450.576s][info][gc,phases   ] GC(968)   Post Evacuate Collection Set: 0.52ms
[450.576s][info][gc,phases   ] GC(968)   Other: 0.10ms
[450.576s][info][gc,heap     ] GC(968) Eden regions: 195->0(165)
[450.576s][info][gc,heap     ] GC(968) Survivor regions: 8->26(26)
[450.576s][info][gc,heap     ] GC(968) Old regions: 96->101
[450.576s][info][gc,heap     ] GC(968) Humongous regions: 17->17
[450.576s][info][gc,metaspace] GC(968) Metaspace: 43050K(43456K)->43050K(43456K) NonClass: 40234K(40512K)->40234K(40512K) Class: 2815K(2944K)->2815K(2944K)
[450.576s][info][gc          ] GC(968) Pause Young (Prepare Mixed) (G1 Evacuation Pause) 315M->143M(377M) 45.183ms
[450.576s][info][gc,cpu      ] GC(968) User=0.09s Sys=0.00s Real=0.04s
[451.220s][info][gc,start    ] GC(969) Pause Young (Mixed) (G1 Evacuation Pause)
[451.220s][info][gc,task     ] GC(969) Using 2 workers of 2 for evacuation
[451.265s][info][gc,phases   ] GC(969)   Pre Evacuate Collection Set: 0.22ms
[451.265s][info][gc,phases   ] GC(969)   Merge Heap Roots: 0.17ms
[451.265s][info][gc,phases   ] GC(969)   Evacuate Collection Set: 44.46ms
[451.265s][info][gc,phases   ] GC(969)   Post Evacuate Collection Set: 0.46ms
[451.265s][info][gc,phases   ] GC(969)   Other: 0.07ms
[451.265s][info][gc,heap     ] GC(969) Eden regions: 165->0(165)
[451.265s][info][gc,heap     ] GC(969) Survivor regions: 26->12(24)
[451.265s][info][gc,heap     ] GC(969) Old regions: 101->123
[451.265s][info][gc,heap     ] GC(969) Humongous regions: 17->15
[451.265s][info][gc,metaspace] GC(969) Metaspace: 43050K(43456K)->43050K(43456K) NonClass: 40234K(40512K)->40234K(40512K) Class: 2815K(2944K)->2815K(2944K)
[451.265s][info][gc          ] GC(969) Pause Young (Mixed) (G1 Evacuation Pause) 308M->149M(377M) 45.563ms
[451.265s][info][gc,cpu      ] GC(969) User=0.09s Sys=0.00s Real=0.04s
[452.014s][info][gc,start    ] GC(970) Pause Young (Concurrent Start) (G1 Evacuation Pause)
[452.014s][info][gc,task     ] GC(970) Using 2 workers of 2 for evacuation
[452.025s][info][gc,phases   ] GC(970)   Pre Evacuate Collection Set: 0.21ms
[452.025s][info][gc,phases   ] GC(970)   Merge Heap Roots: 0.06ms
[452.025s][info][gc,phases   ] GC(970)   Evacuate Collection Set: 10.59ms
[452.025s][info][gc,phases   ] GC(970)   Post Evacuate Collection Set: 0.40ms
[452.025s][info][gc,phases   ] GC(970)   Other: 0.08ms
[452.025s][info][gc,heap     ] GC(970) Eden regions: 165->0(168)
[452.025s][info][gc,heap     ] GC(970) Survivor regions: 12->9(23)
[452.025s][info][gc,heap     ] GC(970) Old regions: 123->128
[452.025s][info][gc,heap     ] GC(970) Humongous regions: 15->15
[452.025s][info][gc,metaspace] GC(970) Metaspace: 43050K(43456K)->43050K(43456K) NonClass: 40234K(40512K)->40234K(40512K) Class: 2815K(2944K)->2815K(2944K)
[452.025s][info][gc          ] GC(970) Pause Young (Concurrent Start) (G1 Evacuation Pause) 314M->150M(377M) 11.542ms
[452.025s][info][gc,cpu      ] GC(970) User=0.02s Sys=0.00s Real=0.01s
[452.025s][info][gc          ] GC(971) Concurrent Mark Cycle
[452.025s][info][gc,marking  ] GC(971) Concurrent Scan Root Regions
[452.037s][info][gc,marking  ] GC(971) Concurrent Scan Root Regions 11.148ms
[452.037s][info][gc,marking  ] GC(971) Concurrent Mark
[452.037s][info][gc,marking  ] GC(971) Concurrent Mark From Roots
[452.037s][info][gc,task     ] GC(971) Using 1 workers of 1 for marking
[452.071s][info][gc,marking  ] GC(971) Concurrent Mark From Roots 34.347ms
[452.071s][info][gc,marking  ] GC(971) Concurrent Preclean
[452.071s][info][gc,marking  ] GC(971) Concurrent Preclean 0.034ms
[452.071s][info][gc,start    ] GC(971) Pause Remark
[452.087s][info][gc          ] GC(971) Pause Remark 159M->65M(256M) 15.852ms
[452.087s][info][gc,cpu      ] GC(971) User=0.04s Sys=0.00s Real=0.02s
[452.087s][info][gc,marking  ] GC(971) Concurrent Mark 50.512ms
[452.087s][info][gc,marking  ] GC(971) Concurrent Rebuild Remembered Sets and Scrub Regions
[452.102s][info][gc,marking  ] GC(971) Concurrent Rebuild Remembered Sets and Scrub Regions 14.868ms
[452.102s][info][gc,start    ] GC(971) Pause Cleanup
[452.102s][info][gc          ] GC(971) Pause Cleanup 67M->67M(256M) 0.039ms
[452.102s][info][gc,cpu      ] GC(971) User=0.00s Sys=0.00s Real=0.00s
[452.102s][info][gc,marking  ] GC(971) Concurrent Clear Claimed Marks
[452.102s][info][gc,marking  ] GC(971) Concurrent Clear Claimed Marks 0.036ms
[452.102s][info][gc,marking  ] GC(971) Concurrent Cleanup for Next Mark
[452.103s][info][gc,marking  ] GC(971) Concurrent Cleanup for Next Mark 0.744ms
[452.103s][info][gc          ] GC(971) Concurrent Mark Cycle 77.647ms
[452.953s][info][gc,start    ] GC(972) Pause Young (Prepare Mixed) (G1 Evacuation Pause)
[452.953s][info][gc,task     ] GC(972) Using 2 workers of 2 for evacuation
[452.975s][info][gc,phases   ] GC(972)   Pre Evacuate Collection Set: 0.22ms
[452.975s][info][gc,phases   ] GC(972)   Merge Heap Roots: 0.08ms
[452.975s][info][gc,phases   ] GC(972)   Evacuate Collection Set: 21.30ms
[452.975s][info][gc,phases   ] GC(972)   Post Evacuate Collection Set: 0.44ms
[452.975s][info][gc,phases   ] GC(972)   Other: 0.07ms
[452.975s][info][gc,heap     ] GC(972) Eden regions: 144->0(133)
[452.975s][info][gc,heap     ] GC(972) Survivor regions: 9->20(20)
[452.975s][info][gc,heap     ] GC(972) Old regions: 47->52
[452.975s][info][gc,heap     ] GC(972) Humongous regions: 1->1
[452.975s][info][gc,metaspace] GC(972) Metaspace: 43050K(43456K)->43050K(43456K) NonClass: 40234K(40512K)->40234K(40512K) Class: 2815K(2944K)->2815K(2944K)
[452.975s][info][gc          ] GC(972) Pause Young (Prepare Mixed) (G1 Evacuation Pause) 200M->72M(256M) 22.296ms
[452.975s][info][gc,cpu      ] GC(972) User=0.05s Sys=0.00s Real=0.02s
[453.658s][info][gc,start    ] GC(973) Pause Young (Mixed) (G1 Evacuation Pause)
[453.658s][info][gc,task     ] GC(973) Using 2 workers of 2 for evacuation
[453.687s][info][gc,phases   ] GC(973)   Pre Evacuate Collection Set: 0.17ms
[453.687s][info][gc,phases   ] GC(973)   Merge Heap Roots: 0.09ms
[453.687s][info][gc,phases   ] GC(973)   Evacuate Collection Set: 28.25ms
[453.687s][info][gc,phases   ] GC(973)   Post Evacuate Collection Set: 0.42ms
[453.687s][info][gc,phases   ] GC(973)   Other: 0.09ms
[453.687s][info][gc,heap     ] GC(973) Eden regions: 133->0(131)
[453.687s][info][gc,heap     ] GC(973) Survivor regions: 20->14(20)
[453.687s][info][gc,heap     ] GC(973) Old regions: 52->68
[453.687s][info][gc,heap     ] GC(973) Humongous regions: 1->1
[453.687s][info][gc,metaspace] GC(973) Metaspace: 43050K(43456K)->43050K(43456K) NonClass: 40234K(40512K)->40234K(40512K) Class: 2815K(2944K)->2815K(2944K)
[453.687s][info][gc          ] GC(973) Pause Young (Mixed) (G1 Evacuation Pause) 205M->82M(256M) 29.281ms
[453.687s][info][gc,cpu      ] GC(973) User=0.06s Sys=0.00s Real=0.03s
[454.387s][info][gc,start    ] GC(974) Pause Young (Concurrent Start) (G1 Humongous Allocation)
[454.387s][info][gc,task     ] GC(974) Using 2 workers of 2 for evacuation
[454.409s][info][gc,phases   ] GC(974)   Pre Evacuate Collection Set: 0.19ms
[454.409s][info][gc,phases   ] GC(974)   Merge Heap Roots: 0.07ms
[454.409s][info][gc,phases   ] GC(974)   Evacuate Collection Set: 21.58ms
[454.409s][info][gc,phases   ] GC(974)   Post Evacuate Collection Set: 0.44ms
[454.409s][info][gc,phases   ] GC(974)   Other: 0.11ms
[454.409s][info][gc,heap     ] GC(974) Eden regions: 127->0(123)
[454.409s][info][gc,heap     ] GC(974) Survivor regions: 14->13(19)
[454.409s][info][gc,heap     ] GC(974) Old regions: 68->81
[454.409s][info][gc,heap     ] GC(974) Humongous regions: 1->1
[454.409s][info][gc,metaspace] GC(974) Metaspace: 43050K(43456K)->43050K(43456K) NonClass: 40234K(40512K)->40234K(40512K) Class: 2815K(2944K)->2815K(2944K)
[454.409s][info][gc          ] GC(974) Pause Young (Concurrent Start) (G1 Humongous Allocation) 208M->94M(256M) 22.571ms
[454.409s][info][gc          ] GC(975) Concurrent Mark Cycle
[454.409s][info][gc,marking  ] GC(975) Concurrent Scan Root Regions
[454.411s][info][gc,cpu      ] GC(974) User=0.05s Sys=0.00s Real=0.03s
[454.427s][info][gc,marking  ] GC(975) Concurrent Scan Root Regions 17.543ms
[454.427s][info][gc,marking  ] GC(975) Concurrent Mark
[454.427s][info][gc,marking  ] GC(975) Concurrent Mark From Roots
[454.427s][info][gc,task     ] GC(975) Using 1 workers of 1 for marking
[454.467s][info][gc,marking  ] GC(975) Concurrent Mark From Roots 39.983ms
[454.467s][info][gc,marking  ] GC(975) Concurrent Preclean
[454.467s][info][gc,marking  ] GC(975) Concurrent Preclean 0.032ms
[454.467s][info][gc,start    ] GC(975) Pause Remark
[454.483s][info][gc          ] GC(975) Pause Remark 106M->103M(256M) 15.666ms
[454.483s][info][gc,cpu      ] GC(975) User=0.03s Sys=0.00s Real=0.01s
[454.483s][info][gc,marking  ] GC(975) Concurrent Mark 55.968ms
[454.483s][info][gc,marking  ] GC(975) Concurrent Rebuild Remembered Sets and Scrub Regions
[454.509s][info][gc,marking  ] GC(975) Concurrent Rebuild Remembered Sets and Scrub Regions 26.410ms
[454.509s][info][gc,start    ] GC(975) Pause Cleanup
[454.509s][info][gc          ] GC(975) Pause Cleanup 109M->109M(256M) 0.046ms
[454.509s][info][gc,cpu      ] GC(975) User=0.00s Sys=0.00s Real=0.00s
[454.509s][info][gc,marking  ] GC(975) Concurrent Clear Claimed Marks
[454.509s][info][gc,marking  ] GC(975) Concurrent Clear Claimed Marks 0.036ms
[454.509s][info][gc,marking  ] GC(975) Concurrent Cleanup for Next Mark
[454.510s][info][gc,marking  ] GC(975) Concurrent Cleanup for Next Mark 0.757ms
[454.510s][info][gc          ] GC(975) Concurrent Mark Cycle 101.074ms
[455.078s][info][gc,start    ] GC(976) Pause Young (Prepare Mixed) (G1 Evacuation Pause)
[455.079s][info][gc,task     ] GC(976) Using 2 workers of 2 for evacuation
[455.092s][info][gc,phases   ] GC(976)   Pre Evacuate Collection Set: 0.18ms
[455.092s][info][gc,phases   ] GC(976)   Merge Heap Roots: 0.08ms
[455.092s][info][gc,phases   ] GC(976)   Evacuate Collection Set: 12.81ms
[455.092s][info][gc,phases   ] GC(976)   Post Evacuate Collection Set: 0.39ms
[455.092s][info][gc,phases   ] GC(976)   Other: 0.07ms
[455.092s][info][gc,heap     ] GC(976) Eden regions: 123->0(123)
[455.092s][info][gc,heap     ] GC(976) Survivor regions: 13->12(17)
[455.092s][info][gc,heap     ] GC(976) Old regions: 78->82
[455.092s][info][gc,heap     ] GC(976) Humongous regions: 2->2
[455.092s][info][gc,metaspace] GC(976) Metaspace: 43050K(43456K)->43050K(43456K) NonClass: 40234K(40512K)->40234K(40512K) Class: 2815K(2944K)->2815K(2944K)
[455.092s][info][gc          ] GC(976) Pause Young (Prepare Mixed) (G1 Evacuation Pause) 215M->95M(256M) 13.718ms
[455.092s][info][gc,cpu      ] GC(976) User=0.03s Sys=0.00s Real=0.01s
[455.730s][info][gc,start    ] GC(977) Pause Young (Mixed) (G1 Evacuation Pause)
[455.730s][info][gc,task     ] GC(977) Using 2 workers of 2 for evacuation
[455.755s][info][gc,phases   ] GC(977)   Pre Evacuate Collection Set: 0.17ms
[455.755s][info][gc,phases   ] GC(977)   Merge Heap Roots: 0.17ms
[455.755s][info][gc,phases   ] GC(977)   Evacuate Collection Set: 24.18ms
[455.755s][info][gc,phases   ] GC(977)   Post Evacuate Collection Set: 0.40ms
[455.755s][info][gc,phases   ] GC(977)   Other: 0.07ms
[455.755s][info][gc,heap     ] GC(977) Eden regions: 123->0(131)
[455.755s][info][gc,heap     ] GC(977) Survivor regions: 12->11(17)
[455.755s][info][gc,heap     ] GC(977) Old regions: 82->71
[455.755s][info][gc,heap     ] GC(977) Humongous regions: 2->2
[455.755s][info][gc,metaspace] GC(977) Metaspace: 43050K(43456K)->43050K(43456K) NonClass: 40234K(40512K)->40234K(40512K) Class: 2815K(2944K)->2815K(2944K)
[455.755s][info][gc          ] GC(977) Pause Young (Mixed) (G1 Evacuation Pause) 218M->83M(256M) 25.165ms
[455.755s][info][gc,cpu      ] GC(977) User=0.04s Sys=0.00s Real=0.02s
[455.886s][info][gc,start    ] GC(978) Pause Young (Concurrent Start) (G1 Humongous Allocation)
[455.886s][info][gc,task     ] GC(978) Using 2 workers of 2 for evacuation
[455.904s][info][gc,phases   ] GC(978)   Pre Evacuate Collection Set: 0.16ms
[455.904s][info][gc,phases   ] GC(978)   Merge Heap Roots: 0.05ms
[455.904s][info][gc,phases   ] GC(978)   Evacuate Collection Set: 17.08ms
[455.904s][info][gc,phases   ] GC(978)   Post Evacuate Collection Set: 0.35ms
[455.904s][info][gc,phases   ] GC(978)   Other: 0.09ms
[455.904s][info][gc,heap     ] GC(978) Eden regions: 37->0(127)
[455.904s][info][gc,heap     ] GC(978) Survivor regions: 11->7(18)
[455.904s][info][gc,heap     ] GC(978) Old regions: 71->81
[455.904s][info][gc,heap     ] GC(978) Humongous regions: 2->2
[455.904s][info][gc,metaspace] GC(978) Metaspace: 43050K(43456K)->43050K(43456K) NonClass: 40235K(40512K)->40235K(40512K) Class: 2815K(2944K)->2815K(2944K)
[455.904s][info][gc          ] GC(978) Pause Young (Concurrent Start) (G1 Humongous Allocation) 119M->90M(256M) 17.905ms
[455.904s][info][gc,cpu      ] GC(978) User=0.03s Sys=0.00s Real=0.02s
[455.906s][info][gc          ] GC(979) Concurrent Mark Cycle
[455.906s][info][gc,marking  ] GC(979) Concurrent Scan Root Regions
[455.924s][info][gc,marking  ] GC(979) Concurrent Scan Root Regions 18.076ms
[455.924s][info][gc,marking  ] GC(979) Concurrent Mark
[455.924s][info][gc,marking  ] GC(979) Concurrent Mark From Roots
[455.924s][info][gc,task     ] GC(979) Using 1 workers of 1 for marking
[455.959s][info][gc,marking  ] GC(979) Concurrent Mark From Roots 35.000ms
[455.959s][info][gc,marking  ] GC(979) Concurrent Preclean
[455.959s][info][gc,marking  ] GC(979) Concurrent Preclean 0.031ms
[455.959s][info][gc,start    ] GC(979) Pause Remark
[455.975s][info][gc          ] GC(979) Pause Remark 103M->91M(256M) 15.451ms
[455.975s][info][gc,cpu      ] GC(979) User=0.03s Sys=0.00s Real=0.01s
[455.975s][info][gc,marking  ] GC(979) Concurrent Mark 50.776ms
[455.975s][info][gc,marking  ] GC(979) Concurrent Rebuild Remembered Sets and Scrub Regions
[456.000s][info][gc,marking  ] GC(979) Concurrent Rebuild Remembered Sets and Scrub Regions 25.524ms
[456.000s][info][gc,start    ] GC(979) Pause Cleanup
[456.000s][info][gc          ] GC(979) Pause Cleanup 97M->97M(256M) 0.041ms
[456.000s][info][gc,cpu      ] GC(979) User=0.00s Sys=0.00s Real=0.00s
[456.000s][info][gc,marking  ] GC(979) Concurrent Clear Claimed Marks
[456.001s][info][gc,marking  ] GC(979) Concurrent Clear Claimed Marks 0.053ms
[456.001s][info][gc,marking  ] GC(979) Concurrent Cleanup for Next Mark
[456.001s][info][gc,marking  ] GC(979) Concurrent Cleanup for Next Mark 0.764ms
[456.001s][info][gc          ] GC(979) Concurrent Mark Cycle 95.430ms
[456.422s][info][gc,start    ] GC(980) Pause Young (Prepare Mixed) (G1 Evacuation Pause)
[456.423s][info][gc,task     ] GC(980) Using 2 workers of 2 for evacuation
[456.428s][info][gc,phases   ] GC(980)   Pre Evacuate Collection Set: 0.15ms
[456.428s][info][gc,phases   ] GC(980)   Merge Heap Roots: 0.09ms
[456.428s][info][gc,phases   ] GC(980)   Evacuate Collection Set: 4.80ms
[456.428s][info][gc,phases   ] GC(980)   Post Evacuate Collection Set: 0.41ms
[456.428s][info][gc,phases   ] GC(980)   Other: 0.07ms
[456.428s][info][gc,heap     ] GC(980) Eden regions: 127->0(138)
[456.428s][info][gc,heap     ] GC(980) Survivor regions: 7->8(17)
[456.428s][info][gc,heap     ] GC(980) Old regions: 70->70
[456.428s][info][gc,heap     ] GC(980) Humongous regions: 13->3
[456.428s][info][gc,metaspace] GC(980) Metaspace: 43051K(43456K)->43051K(43456K) NonClass: 40235K(40512K)->40235K(40512K) Class: 2815K(2944K)->2815K(2944K)
[456.428s][info][gc          ] GC(980) Pause Young (Prepare Mixed) (G1 Evacuation Pause) 216M->81M(256M) 5.672ms
[456.428s][info][gc,cpu      ] GC(980) User=0.01s Sys=0.01s Real=0.01s
[456.930s][info][gc,start    ] GC(981) Pause Young (Mixed) (G1 Evacuation Pause)
[456.932s][info][gc,task     ] GC(981) Using 2 workers of 2 for evacuation
[456.958s][info][gc,phases   ] GC(981)   Pre Evacuate Collection Set: 0.21ms
[456.958s][info][gc,phases   ] GC(981)   Merge Heap Roots: 0.26ms
[456.958s][info][gc,phases   ] GC(981)   Evacuate Collection Set: 24.71ms
[456.958s][info][gc,phases   ] GC(981)   Post Evacuate Collection Set: 0.44ms
[456.958s][info][gc,phases   ] GC(981)   Other: 0.09ms
[456.958s][info][gc,heap     ] GC(981) Eden regions: 138->0(134)
[456.958s][info][gc,heap     ] GC(981) Survivor regions: 8->19(19)
[456.958s][info][gc,heap     ] GC(981) Old regions: 70->48
[456.958s][info][gc,heap     ] GC(981) Humongous regions: 12->3
[456.958s][info][gc,metaspace] GC(981) Metaspace: 43051K(43456K)->43051K(43456K) NonClass: 40235K(40512K)->40235K(40512K) Class: 2815K(2944K)->2815K(2944K)
[456.958s][info][gc          ] GC(981) Pause Young (Mixed) (G1 Evacuation Pause) 228M->69M(256M) 27.718ms
[456.958s][info][gc,cpu      ] GC(981) User=0.03s Sys=0.00s Real=0.03s
[457.065s][info][gc,start    ] GC(982) Pause Young (Concurrent Start) (G1 Humongous Allocation)
[457.065s][info][gc,task     ] GC(982) Using 2 workers of 2 for evacuation
[457.079s][info][gc,phases   ] GC(982)   Pre Evacuate Collection Set: 0.16ms
[457.079s][info][gc,phases   ] GC(982)   Merge Heap Roots: 0.04ms
[457.079s][info][gc,phases   ] GC(982)   Evacuate Collection Set: 13.77ms
[457.079s][info][gc,phases   ] GC(982)   Post Evacuate Collection Set: 0.34ms
[457.079s][info][gc,phases   ] GC(982)   Other: 0.10ms
[457.079s][info][gc,heap     ] GC(982) Eden regions: 32->0(147)
[457.079s][info][gc,heap     ] GC(982) Survivor regions: 19->5(20)
[457.079s][info][gc,heap     ] GC(982) Old regions: 48->63
[457.079s][info][gc,heap     ] GC(982) Humongous regions: 3->3
[457.079s][info][gc,metaspace] GC(982) Metaspace: 43051K(43456K)->43051K(43456K) NonClass: 40235K(40512K)->40235K(40512K) Class: 2815K(2944K)->2815K(2944K)
[457.079s][info][gc          ] GC(982) Pause Young (Concurrent Start) (G1 Humongous Allocation) 101M->70M(256M) 14.574ms
[457.079s][info][gc          ] GC(983) Concurrent Mark Cycle
[457.079s][info][gc,marking  ] GC(983) Concurrent Scan Root Regions
[457.082s][info][gc,cpu      ] GC(982) User=0.03s Sys=0.00s Real=0.02s
[457.092s][info][gc,marking  ] GC(983) Concurrent Scan Root Regions 12.942ms
[457.092s][info][gc,marking  ] GC(983) Concurrent Mark
[457.092s][info][gc,marking  ] GC(983) Concurrent Mark From Roots
[457.092s][info][gc,task     ] GC(983) Using 1 workers of 1 for marking
[457.141s][info][gc,marking  ] GC(983) Concurrent Mark From Roots 48.825ms
[457.141s][info][gc,marking  ] GC(983) Concurrent Preclean
[457.141s][info][gc,marking  ] GC(983) Concurrent Preclean 0.037ms
[457.141s][info][gc,start    ] GC(983) Pause Remark
[457.157s][info][gc          ] GC(983) Pause Remark 82M->76M(256M) 15.821ms
[457.157s][info][gc,cpu      ] GC(983) User=0.03s Sys=0.00s Real=0.02s
[457.159s][info][gc,marking  ] GC(983) Concurrent Mark 66.321ms
[457.159s][info][gc,marking  ] GC(983) Concurrent Rebuild Remembered Sets and Scrub Regions
[457.184s][info][gc,marking  ] GC(983) Concurrent Rebuild Remembered Sets and Scrub Regions 24.928ms
[457.184s][info][gc,start    ] GC(983) Pause Cleanup
[457.184s][info][gc          ] GC(983) Pause Cleanup 84M->84M(256M) 0.076ms
[457.184s][info][gc,cpu      ] GC(983) User=0.00s Sys=0.00s Real=0.00s
[457.184s][info][gc,marking  ] GC(983) Concurrent Clear Claimed Marks
[457.184s][info][gc,marking  ] GC(983) Concurrent Clear Claimed Marks 0.044ms
[457.184s][info][gc,marking  ] GC(983) Concurrent Cleanup for Next Mark
[457.185s][info][gc,marking  ] GC(983) Concurrent Cleanup for Next Mark 0.821ms
[457.185s][info][gc          ] GC(983) Concurrent Mark Cycle 105.662ms
[457.660s][info][gc,start    ] GC(984) Pause Young (Prepare Mixed) (G1 Evacuation Pause)
[457.660s][info][gc,task     ] GC(984) Using 2 workers of 2 for evacuation
[457.669s][info][gc,phases   ] GC(984)   Pre Evacuate Collection Set: 0.18ms
[457.669s][info][gc,phases   ] GC(984)   Merge Heap Roots: 0.09ms
[457.669s][info][gc,phases   ] GC(984)   Evacuate Collection Set: 8.54ms
[457.669s][info][gc,phases   ] GC(984)   Post Evacuate Collection Set: 0.63ms
[457.669s][info][gc,phases   ] GC(984)   Other: 0.09ms
[457.669s][info][gc,heap     ] GC(984) Eden regions: 147->0(161)
[457.669s][info][gc,heap     ] GC(984) Survivor regions: 5->10(19)
[457.669s][info][gc,heap     ] GC(984) Old regions: 57->57
[457.669s][info][gc,heap     ] GC(984) Humongous regions: 12->3
[457.669s][info][gc,metaspace] GC(984) Metaspace: 43080K(43456K)->43080K(43456K) NonClass: 40265K(40512K)->40265K(40512K) Class: 2815K(2944K)->2815K(2944K)
[457.669s][info][gc          ] GC(984) Pause Young (Prepare Mixed) (G1 Evacuation Pause) 220M->69M(285M) 9.681ms
[457.669s][info][gc,cpu      ] GC(984) User=0.01s Sys=0.00s Real=0.01s
[458.266s][info][gc,start    ] GC(985) Pause Young (Mixed) (G1 Evacuation Pause)
[458.266s][info][gc,task     ] GC(985) Using 2 workers of 2 for evacuation
[458.314s][info][gc,phases   ] GC(985)   Pre Evacuate Collection Set: 2.87ms
[458.314s][info][gc,phases   ] GC(985)   Merge Heap Roots: 0.20ms
[458.314s][info][gc,phases   ] GC(985)   Evacuate Collection Set: 44.77ms
[458.314s][info][gc,phases   ] GC(985)   Post Evacuate Collection Set: 0.52ms
[458.314s][info][gc,phases   ] GC(985)   Other: 0.11ms
[458.314s][info][gc,heap     ] GC(985) Eden regions: 161->0(149)
[458.314s][info][gc,heap     ] GC(985) Survivor regions: 10->22(22)
[458.314s][info][gc,heap     ] GC(985) Old regions: 57->60
[458.314s][info][gc,heap     ] GC(985) Humongous regions: 5->3
[458.314s][info][gc,metaspace] GC(985) Metaspace: 43080K(43456K)->43080K(43456K) NonClass: 40265K(40512K)->40265K(40512K) Class: 2815K(2944K)->2815K(2944K)
[458.314s][info][gc          ] GC(985) Pause Young (Mixed) (G1 Evacuation Pause) 232M->84M(285M) 48.670ms
[458.315s][info][gc,cpu      ] GC(985) User=0.06s Sys=0.00s Real=0.05s
[458.489s][info][gc,start    ] GC(986) Pause Young (Concurrent Start) (G1 Humongous Allocation)
[458.489s][info][gc,task     ] GC(986) Using 2 workers of 2 for evacuation
[458.516s][info][gc,phases   ] GC(986)   Pre Evacuate Collection Set: 0.18ms
[458.516s][info][gc,phases   ] GC(986)   Merge Heap Roots: 0.17ms
[458.516s][info][gc,phases   ] GC(986)   Evacuate Collection Set: 25.71ms
[458.516s][info][gc,phases   ] GC(986)   Post Evacuate Collection Set: 0.34ms
[458.516s][info][gc,phases   ] GC(986)   Other: 0.10ms
[458.516s][info][gc,heap     ] GC(986) Eden regions: 42->0(146)
[458.516s][info][gc,heap     ] GC(986) Survivor regions: 22->6(22)
[458.516s][info][gc,heap     ] GC(986) Old regions: 60->79
[458.516s][info][gc,heap     ] GC(986) Humongous regions: 3->1
[458.516s][info][gc,metaspace] GC(986) Metaspace: 43080K(43456K)->43080K(43456K) NonClass: 40265K(40512K)->40265K(40512K) Class: 2815K(2944K)->2815K(2944K)
[458.516s][info][gc          ] GC(986) Pause Young (Concurrent Start) (G1 Humongous Allocation) 126M->85M(285M) 26.698ms
[458.516s][info][gc          ] GC(987) Concurrent Mark Cycle
[458.516s][info][gc,marking  ] GC(987) Concurrent Scan Root Regions
[458.516s][info][gc,cpu      ] GC(986) User=0.06s Sys=0.00s Real=0.02s
[458.539s][info][gc,marking  ] GC(987) Concurrent Scan Root Regions 22.907ms
[458.539s][info][gc,marking  ] GC(987) Concurrent Mark
[458.539s][info][gc,marking  ] GC(987) Concurrent Mark From Roots
[458.539s][info][gc,task     ] GC(987) Using 1 workers of 1 for marking
[458.598s][info][gc,marking  ] GC(987) Concurrent Mark From Roots 59.579ms
[458.598s][info][gc,marking  ] GC(987) Concurrent Preclean
[458.598s][info][gc,marking  ] GC(987) Concurrent Preclean 0.034ms
[458.598s][info][gc,start    ] GC(987) Pause Remark
[458.615s][info][gc          ] GC(987) Pause Remark 109M->108M(285M) 16.832ms
[458.615s][info][gc,cpu      ] GC(987) User=0.03s Sys=0.00s Real=0.01s
[458.615s][info][gc,marking  ] GC(987) Concurrent Mark 76.649ms
[458.615s][info][gc,marking  ] GC(987) Concurrent Rebuild Remembered Sets and Scrub Regions
[458.653s][info][gc,marking  ] GC(987) Concurrent Rebuild Remembered Sets and Scrub Regions 37.438ms
[458.653s][info][gc,start    ] GC(987) Pause Cleanup
[458.653s][info][gc          ] GC(987) Pause Cleanup 119M->119M(285M) 0.055ms
[458.653s][info][gc,cpu      ] GC(987) User=0.00s Sys=0.00s Real=0.00s
[458.654s][info][gc,marking  ] GC(987) Concurrent Clear Claimed Marks
[458.654s][info][gc,marking  ] GC(987) Concurrent Clear Claimed Marks 0.041ms
[458.654s][info][gc,marking  ] GC(987) Concurrent Cleanup for Next Mark
[458.655s][info][gc,marking  ] GC(987) Concurrent Cleanup for Next Mark 1.151ms
[458.655s][info][gc          ] GC(987) Concurrent Mark Cycle 139.224ms
[459.038s][info][gc,start    ] GC(988) Pause Young (Prepare Mixed) (G1 Evacuation Pause)
[459.038s][info][gc,task     ] GC(988) Using 2 workers of 2 for evacuation
[459.052s][info][gc,phases   ] GC(988)   Pre Evacuate Collection Set: 0.18ms
[459.052s][info][gc,phases   ] GC(988)   Merge Heap Roots: 0.10ms
[459.052s][info][gc,phases   ] GC(988)   Evacuate Collection Set: 13.16ms
[459.052s][info][gc,phases   ] GC(988)   Post Evacuate Collection Set: 0.45ms
[459.052s][info][gc,phases   ] GC(988)   Other: 0.11ms
[459.052s][info][gc,heap     ] GC(988) Eden regions: 146->0(142)
[459.052s][info][gc,heap     ] GC(988) Survivor regions: 6->15(19)
[459.052s][info][gc,heap     ] GC(988) Old regions: 78->78
[459.052s][info][gc,heap     ] GC(988) Humongous regions: 15->3
[459.052s][info][gc,metaspace] GC(988) Metaspace: 43080K(43456K)->43080K(43456K) NonClass: 40265K(40512K)->40265K(40512K) Class: 2815K(2944K)->2815K(2944K)
[459.052s][info][gc          ] GC(988) Pause Young (Prepare Mixed) (G1 Evacuation Pause) 244M->95M(285M) 14.188ms
[459.052s][info][gc,cpu      ] GC(988) User=0.02s Sys=0.00s Real=0.01s
[459.646s][info][gc,start    ] GC(989) Pause Young (Mixed) (G1 Evacuation Pause)
[459.646s][info][gc,task     ] GC(989) Using 2 workers of 2 for evacuation
[459.664s][info][gc,phases   ] GC(989)   Pre Evacuate Collection Set: 0.17ms
[459.664s][info][gc,phases   ] GC(989)   Merge Heap Roots: 0.12ms
[459.664s][info][gc,phases   ] GC(989)   Evacuate Collection Set: 16.69ms
[459.664s][info][gc,phases   ] GC(989)   Post Evacuate Collection Set: 0.44ms
[459.664s][info][gc,phases   ] GC(989)   Other: 0.10ms
[459.664s][info][gc,heap     ] GC(989) Eden regions: 142->0(147)
[459.664s][info][gc,heap     ] GC(989) Survivor regions: 15->11(20)
[459.664s][info][gc,heap     ] GC(989) Old regions: 78->79
[459.664s][info][gc,heap     ] GC(989) Humongous regions: 13->3
[459.664s][info][gc,metaspace] GC(989) Metaspace: 43080K(43456K)->43080K(43456K) NonClass: 40265K(40512K)->40265K(40512K) Class: 2815K(2944K)->2815K(2944K)
[459.664s][info][gc          ] GC(989) Pause Young (Mixed) (G1 Evacuation Pause) 247M->93M(285M) 17.691ms
[459.664s][info][gc,cpu      ] GC(989) User=0.04s Sys=0.00s Real=0.02s
[459.675s][info][gc,start    ] GC(990) Pause Young (Concurrent Start) (G1 Humongous Allocation)
[459.675s][info][gc,task     ] GC(990) Using 2 workers of 2 for evacuation
[459.677s][info][gc,phases   ] GC(990)   Pre Evacuate Collection Set: 0.16ms
[459.677s][info][gc,phases   ] GC(990)   Merge Heap Roots: 0.03ms
[459.677s][info][gc,phases   ] GC(990)   Evacuate Collection Set: 1.73ms
[459.677s][info][gc,phases   ] GC(990)   Post Evacuate Collection Set: 0.28ms
[459.677s][info][gc,phases   ] GC(990)   Other: 0.09ms
[459.677s][info][gc,heap     ] GC(990) Eden regions: 4->0(158)
[459.677s][info][gc,heap     ] GC(990) Survivor regions: 11->2(20)
[459.677s][info][gc,heap     ] GC(990) Old regions: 79->80
[459.677s][info][gc,heap     ] GC(990) Humongous regions: 3->1
[459.677s][info][gc,metaspace] GC(990) Metaspace: 43080K(43456K)->43080K(43456K) NonClass: 40265K(40512K)->40265K(40512K) Class: 2815K(2944K)->2815K(2944K)
[459.677s][info][gc          ] GC(990) Pause Young (Concurrent Start) (G1 Humongous Allocation) 97M->82M(285M) 2.430ms
[459.677s][info][gc,cpu      ] GC(990) User=0.00s Sys=0.00s Real=0.01s
[459.677s][info][gc          ] GC(991) Concurrent Mark Cycle
[459.677s][info][gc,marking  ] GC(991) Concurrent Scan Root Regions
[459.679s][info][gc,marking  ] GC(991) Concurrent Scan Root Regions 1.921ms
[459.679s][info][gc,marking  ] GC(991) Concurrent Mark
[459.679s][info][gc,marking  ] GC(991) Concurrent Mark From Roots
[459.679s][info][gc,task     ] GC(991) Using 1 workers of 1 for marking
[459.724s][info][gc,marking  ] GC(991) Concurrent Mark From Roots 45.068ms
[459.724s][info][gc,marking  ] GC(991) Concurrent Preclean
[459.724s][info][gc,marking  ] GC(991) Concurrent Preclean 0.036ms
[459.724s][info][gc,start    ] GC(991) Pause Remark
[459.740s][info][gc          ] GC(991) Pause Remark 93M->81M(256M) 15.816ms
[459.740s][info][gc,cpu      ] GC(991) User=0.03s Sys=0.00s Real=0.02s
[459.740s][info][gc,marking  ] GC(991) Concurrent Mark 61.193ms
[459.740s][info][gc,marking  ] GC(991) Concurrent Rebuild Remembered Sets and Scrub Regions
[459.760s][info][gc,marking  ] GC(991) Concurrent Rebuild Remembered Sets and Scrub Regions 19.937ms
[459.760s][info][gc,start    ] GC(991) Pause Cleanup
[459.760s][info][gc          ] GC(991) Pause Cleanup 81M->81M(256M) 0.051ms
[459.760s][info][gc,cpu      ] GC(991) User=0.00s Sys=0.00s Real=0.00s
[459.761s][info][gc,marking  ] GC(991) Concurrent Clear Claimed Marks
[459.761s][info][gc,marking  ] GC(991) Concurrent Clear Claimed Marks 0.037ms
[459.761s][info][gc,marking  ] GC(991) Concurrent Cleanup for Next Mark
[459.761s][info][gc,marking  ] GC(991) Concurrent Cleanup for Next Mark 0.754ms
[459.761s][info][gc          ] GC(991) Concurrent Mark Cycle 84.263ms
[460.307s][info][gc,start    ] GC(992) Pause Young (Prepare Mixed) (G1 Evacuation Pause)
[460.307s][info][gc,task     ] GC(992) Using 2 workers of 2 for evacuation
[460.314s][info][gc,phases   ] GC(992)   Pre Evacuate Collection Set: 0.18ms
[460.314s][info][gc,phases   ] GC(992)   Merge Heap Roots: 0.06ms
[460.314s][info][gc,phases   ] GC(992)   Evacuate Collection Set: 6.40ms
[460.314s][info][gc,phases   ] GC(992)   Post Evacuate Collection Set: 0.43ms
[460.314s][info][gc,phases   ] GC(992)   Other: 0.08ms
[460.314s][info][gc,heap     ] GC(992) Eden regions: 151->0(142)
[460.314s][info][gc,heap     ] GC(992) Survivor regions: 2->9(20)
[460.314s][info][gc,heap     ] GC(992) Old regions: 68->68
[460.314s][info][gc,heap     ] GC(992) Humongous regions: 15->3
[460.314s][info][gc,metaspace] GC(992) Metaspace: 43080K(43456K)->43080K(43456K) NonClass: 40265K(40512K)->40265K(40512K) Class: 2815K(2944K)->2815K(2944K)
[460.314s][info][gc          ] GC(992) Pause Young (Prepare Mixed) (G1 Evacuation Pause) 235M->80M(256M) 7.316ms
[460.314s][info][gc,cpu      ] GC(992) User=0.01s Sys=0.00s Real=0.01s
[460.795s][info][gc,start    ] GC(993) Pause Young (Mixed) (G1 Evacuation Pause)
[460.795s][info][gc,task     ] GC(993) Using 2 workers of 2 for evacuation
[460.821s][info][gc,phases   ] GC(993)   Pre Evacuate Collection Set: 0.20ms
[460.821s][info][gc,phases   ] GC(993)   Merge Heap Roots: 0.16ms
[460.821s][info][gc,phases   ] GC(993)   Evacuate Collection Set: 24.81ms
[460.821s][info][gc,phases   ] GC(993)   Post Evacuate Collection Set: 0.58ms
[460.821s][info][gc,phases   ] GC(993)   Other: 0.07ms
[460.821s][info][gc,heap     ] GC(993) Eden regions: 142->0(134)
[460.821s][info][gc,heap     ] GC(993) Survivor regions: 9->19(19)
[460.821s][info][gc,heap     ] GC(993) Old regions: 68->53
[460.821s][info][gc,heap     ] GC(993) Humongous regions: 3->3
[460.821s][info][gc,metaspace] GC(993) Metaspace: 43080K(43456K)->43080K(43456K) NonClass: 40265K(40512K)->40265K(40512K) Class: 2815K(2944K)->2815K(2944K)
[460.821s][info][gc          ] GC(993) Pause Young (Mixed) (G1 Evacuation Pause) 222M->74M(256M) 26.017ms
[460.821s][info][gc,cpu      ] GC(993) User=0.05s Sys=0.00s Real=0.03s
[461.354s][info][gc,start    ] GC(994) Pause Young (Concurrent Start) (G1 Evacuation Pause)
[461.354s][info][gc,task     ] GC(994) Using 2 workers of 2 for evacuation
[461.382s][info][gc,phases   ] GC(994)   Pre Evacuate Collection Set: 0.18ms
[461.382s][info][gc,phases   ] GC(994)   Merge Heap Roots: 0.20ms
[461.382s][info][gc,phases   ] GC(994)   Evacuate Collection Set: 26.97ms
[461.382s][info][gc,phases   ] GC(994)   Post Evacuate Collection Set: 0.43ms
[461.382s][info][gc,phases   ] GC(994)   Other: 0.08ms
[461.382s][info][gc,heap     ] GC(994) Eden regions: 134->0(131)
[461.382s][info][gc,heap     ] GC(994) Survivor regions: 19->16(20)
[461.382s][info][gc,heap     ] GC(994) Old regions: 53->64
[461.382s][info][gc,heap     ] GC(994) Humongous regions: 3->3
[461.382s][info][gc,metaspace] GC(994) Metaspace: 43080K(43456K)->43080K(43456K) NonClass: 40265K(40512K)->40265K(40512K) Class: 2815K(2944K)->2815K(2944K)
[461.382s][info][gc          ] GC(994) Pause Young (Concurrent Start) (G1 Evacuation Pause) 208M->82M(256M) 28.036ms
[461.382s][info][gc,cpu      ] GC(994) User=0.06s Sys=0.00s Real=0.03s
[461.382s][info][gc          ] GC(995) Concurrent Mark Cycle
[461.382s][info][gc,marking  ] GC(995) Concurrent Scan Root Regions
[461.405s][info][gc,marking  ] GC(995) Concurrent Scan Root Regions 22.336ms
[461.405s][info][gc,marking  ] GC(995) Concurrent Mark
[461.405s][info][gc,marking  ] GC(995) Concurrent Mark From Roots
[461.405s][info][gc,task     ] GC(995) Using 1 workers of 1 for marking
[461.466s][info][gc,marking  ] GC(995) Concurrent Mark From Roots 61.060ms
[461.466s][info][gc,marking  ] GC(995) Concurrent Preclean
[461.466s][info][gc,marking  ] GC(995) Concurrent Preclean 0.034ms
[461.466s][info][gc,start    ] GC(995) Pause Remark
[461.482s][info][gc          ] GC(995) Pause Remark 101M->100M(256M) 15.505ms
[461.482s][info][gc,cpu      ] GC(995) User=0.03s Sys=0.00s Real=0.02s
[461.484s][info][gc,marking  ] GC(995) Concurrent Mark 79.623ms
[461.484s][info][gc,marking  ] GC(995) Concurrent Rebuild Remembered Sets and Scrub Regions
[461.519s][info][gc,marking  ] GC(995) Concurrent Rebuild Remembered Sets and Scrub Regions 34.035ms
[461.519s][info][gc,start    ] GC(995) Pause Cleanup
[461.519s][info][gc          ] GC(995) Pause Cleanup 104M->104M(256M) 0.063ms
[461.519s][info][gc,cpu      ] GC(995) User=0.00s Sys=0.00s Real=0.00s
[461.519s][info][gc,marking  ] GC(995) Concurrent Clear Claimed Marks
[461.519s][info][gc,marking  ] GC(995) Concurrent Clear Claimed Marks 0.039ms
[461.519s][info][gc,marking  ] GC(995) Concurrent Cleanup for Next Mark
[461.520s][info][gc,marking  ] GC(995) Concurrent Cleanup for Next Mark 0.776ms
[461.520s][info][gc          ] GC(995) Concurrent Mark Cycle 137.889ms
[461.862s][info][gc,start    ] GC(996) Pause Young (Prepare Mixed) (G1 Evacuation Pause)
[461.862s][info][gc,task     ] GC(996) Using 2 workers of 2 for evacuation
[461.898s][info][gc,phases   ] GC(996)   Pre Evacuate Collection Set: 0.19ms
[461.898s][info][gc,phases   ] GC(996)   Merge Heap Roots: 0.25ms
[461.898s][info][gc,phases   ] GC(996)   Evacuate Collection Set: 35.09ms
[461.898s][info][gc,phases   ] GC(996)   Post Evacuate Collection Set: 0.45ms
[461.898s][info][gc,phases   ] GC(996)   Other: 0.08ms
[461.898s][info][gc,heap     ] GC(996) Eden regions: 131->0(119)
[461.898s][info][gc,heap     ] GC(996) Survivor regions: 16->15(19)
[461.898s][info][gc,heap     ] GC(996) Old regions: 63->79
[461.898s][info][gc,heap     ] GC(996) Humongous regions: 7->3
[461.898s][info][gc,metaspace] GC(996) Metaspace: 43080K(43456K)->43080K(43456K) NonClass: 40265K(40512K)->40265K(40512K) Class: 2815K(2944K)->2815K(2944K)
[461.898s][info][gc          ] GC(996) Pause Young (Prepare Mixed) (G1 Evacuation Pause) 216M->96M(256M) 36.266ms
[461.898s][info][gc,cpu      ] GC(996) User=0.05s Sys=0.00s Real=0.04s
[462.280s][info][gc,start    ] GC(997) Pause Young (Mixed) (G1 Evacuation Pause)
[462.281s][info][gc,task     ] GC(997) Using 2 workers of 2 for evacuation
[462.295s][info][gc,phases   ] GC(997)   Pre Evacuate Collection Set: 0.15ms
[462.295s][info][gc,phases   ] GC(997)   Merge Heap Roots: 0.16ms
[462.295s][info][gc,phases   ] GC(997)   Evacuate Collection Set: 13.65ms
[462.295s][info][gc,phases   ] GC(997)   Post Evacuate Collection Set: 0.39ms
[462.295s][info][gc,phases   ] GC(997)   Other: 0.07ms
[462.295s][info][gc,heap     ] GC(997) Eden regions: 119->0(128)
[462.295s][info][gc,heap     ] GC(997) Survivor regions: 15->5(17)
[462.295s][info][gc,heap     ] GC(997) Old regions: 79->81
[462.295s][info][gc,heap     ] GC(997) Humongous regions: 11->3
[462.295s][info][gc,metaspace] GC(997) Metaspace: 43080K(43456K)->43080K(43456K) NonClass: 40265K(40512K)->40265K(40512K) Class: 2815K(2944K)->2815K(2944K)
[462.295s][info][gc          ] GC(997) Pause Young (Mixed) (G1 Evacuation Pause) 223M->88M(256M) 14.572ms
[462.295s][info][gc,cpu      ] GC(997) User=0.03s Sys=0.00s Real=0.01s
[462.450s][info][gc,start    ] GC(998) Pause Young (Concurrent Start) (G1 Humongous Allocation)
[462.450s][info][gc,task     ] GC(998) Using 2 workers of 2 for evacuation
[462.452s][info][gc,phases   ] GC(998)   Pre Evacuate Collection Set: 0.17ms
[462.452s][info][gc,phases   ] GC(998)   Merge Heap Roots: 0.04ms
[462.452s][info][gc,phases   ] GC(998)   Evacuate Collection Set: 1.43ms
[462.452s][info][gc,phases   ] GC(998)   Post Evacuate Collection Set: 0.28ms
[462.452s][info][gc,phases   ] GC(998)   Other: 0.09ms
[462.452s][info][gc,heap     ] GC(998) Eden regions: 40->0(137)
[462.452s][info][gc,heap     ] GC(998) Survivor regions: 5->2(17)
[462.452s][info][gc,heap     ] GC(998) Old regions: 81->81
[462.452s][info][gc,heap     ] GC(998) Humongous regions: 3->1
[462.452s][info][gc,metaspace] GC(998) Metaspace: 43080K(43456K)->43080K(43456K) NonClass: 40265K(40512K)->40265K(40512K) Class: 2815K(2944K)->2815K(2944K)
[462.452s][info][gc          ] GC(998) Pause Young (Concurrent Start) (G1 Humongous Allocation) 128M->83M(256M) 2.172ms
[462.452s][info][gc,cpu      ] GC(998) User=0.00s Sys=0.00s Real=0.00s
[462.452s][info][gc          ] GC(999) Concurrent Mark Cycle
[462.452s][info][gc,marking  ] GC(999) Concurrent Scan Root Regions
[462.454s][info][gc,marking  ] GC(999) Concurrent Scan Root Regions 1.440ms
[462.454s][info][gc,marking  ] GC(999) Concurrent Mark
[462.454s][info][gc,marking  ] GC(999) Concurrent Mark From Roots
[462.454s][info][gc,task     ] GC(999) Using 1 workers of 1 for marking
[462.507s][info][gc,marking  ] GC(999) Concurrent Mark From Roots 53.140ms
[462.507s][info][gc,marking  ] GC(999) Concurrent Preclean
[462.507s][info][gc,marking  ] GC(999) Concurrent Preclean 0.032ms
[462.507s][info][gc,start    ] GC(999) Pause Remark
[462.523s][info][gc          ] GC(999) Pause Remark 103M->89M(256M) 15.813ms
[462.523s][info][gc,cpu      ] GC(999) User=0.04s Sys=0.00s Real=0.01s
[462.523s][info][gc,marking  ] GC(999) Concurrent Mark 69.259ms
[462.523s][info][gc,marking  ] GC(999) Concurrent Rebuild Remembered Sets and Scrub Regions
[462.544s][info][gc,marking  ] GC(999) Concurrent Rebuild Remembered Sets and Scrub Regions 20.975ms
[462.544s][info][gc,start    ] GC(999) Pause Cleanup
[462.544s][info][gc          ] GC(999) Pause Cleanup 94M->94M(256M) 0.062ms
[462.544s][info][gc,cpu      ] GC(999) User=0.00s Sys=0.00s Real=0.00s
[462.544s][info][gc,marking  ] GC(999) Concurrent Clear Claimed Marks
[462.544s][info][gc,marking  ] GC(999) Concurrent Clear Claimed Marks 0.036ms
[462.544s][info][gc,marking  ] GC(999) Concurrent Cleanup for Next Mark
[462.545s][info][gc,marking  ] GC(999) Concurrent Cleanup for Next Mark 0.751ms
[462.545s][info][gc          ] GC(999) Concurrent Mark Cycle 92.774ms
[462.950s][info][gc,start    ] GC(1000) Pause Young (Prepare Mixed) (G1 Evacuation Pause)
[462.950s][info][gc,task     ] GC(1000) Using 2 workers of 2 for evacuation
[462.964s][info][gc,phases   ] GC(1000)   Pre Evacuate Collection Set: 0.16ms
[462.964s][info][gc,phases   ] GC(1000)   Merge Heap Roots: 0.06ms
[462.964s][info][gc,phases   ] GC(1000)   Evacuate Collection Set: 13.23ms
[462.964s][info][gc,phases   ] GC(1000)   Post Evacuate Collection Set: 0.62ms
[462.964s][info][gc,phases   ] GC(1000)   Other: 0.08ms
[462.964s][info][gc,heap     ] GC(1000) Eden regions: 137->0(155)
[462.964s][info][gc,heap     ] GC(1000) Survivor regions: 2->14(18)
[462.964s][info][gc,heap     ] GC(1000) Old regions: 67->67
[462.965s][info][gc,heap     ] GC(1000) Humongous regions: 5->3
[462.965s][info][gc,metaspace] GC(1000) Metaspace: 43080K(43456K)->43080K(43456K) NonClass: 40265K(40512K)->40265K(40512K) Class: 2815K(2944K)->2815K(2944K)
[462.965s][info][gc          ] GC(1000) Pause Young (Prepare Mixed) (G1 Evacuation Pause) 210M->84M(285M) 14.320ms
[462.965s][info][gc,cpu      ] GC(1000) User=0.03s Sys=0.00s Real=0.01s
[463.539s][info][gc,start    ] GC(1001) Pause Young (Mixed) (G1 Evacuation Pause)
[463.539s][info][gc,task     ] GC(1001) Using 2 workers of 2 for evacuation
[463.546s][info][gc,phases   ] GC(1001)   Pre Evacuate Collection Set: 0.18ms
[463.546s][info][gc,phases   ] GC(1001)   Merge Heap Roots: 0.09ms
[463.546s][info][gc,phases   ] GC(1001)   Evacuate Collection Set: 5.79ms
[463.546s][info][gc,phases   ] GC(1001)   Post Evacuate Collection Set: 0.45ms
[463.546s][info][gc,phases   ] GC(1001)   Other: 0.09ms
[463.546s][info][gc,heap     ] GC(1001) Eden regions: 155->0(167)
[463.546s][info][gc,heap     ] GC(1001) Survivor regions: 14->4(22)
[463.546s][info][gc,heap     ] GC(1001) Old regions: 67->51
[463.546s][info][gc,heap     ] GC(1001) Humongous regions: 11->3
[463.546s][info][gc,metaspace] GC(1001) Metaspace: 43080K(43456K)->43080K(43456K) NonClass: 40265K(40512K)->40265K(40512K) Class: 2815K(2944K)->2815K(2944K)
[463.546s][info][gc          ] GC(1001) Pause Young (Mixed) (G1 Evacuation Pause) 247M->56M(285M) 6.756ms
[463.546s][info][gc,cpu      ] GC(1001) User=0.01s Sys=0.00s Real=0.00s
[463.719s][info][gc,start    ] GC(1002) Pause Young (Concurrent Start) (G1 Humongous Allocation)
[463.719s][info][gc,task     ] GC(1002) Using 2 workers of 2 for evacuation
[463.722s][info][gc,phases   ] GC(1002)   Pre Evacuate Collection Set: 0.16ms
[463.722s][info][gc,phases   ] GC(1002)   Merge Heap Roots: 0.04ms
[463.722s][info][gc,phases   ] GC(1002)   Evacuate Collection Set: 2.32ms
[463.722s][info][gc,phases   ] GC(1002)   Post Evacuate Collection Set: 0.31ms
[463.722s][info][gc,phases   ] GC(1002)   Other: 0.09ms
[463.722s][info][gc,heap     ] GC(1002) Eden regions: 56->0(169)
[463.722s][info][gc,heap     ] GC(1002) Survivor regions: 4->2(22)
[463.722s][info][gc,heap     ] GC(1002) Old regions: 51->51
[463.722s][info][gc,heap     ] GC(1002) Humongous regions: 3->1
[463.722s][info][gc,metaspace] GC(1002) Metaspace: 43080K(43456K)->43080K(43456K) NonClass: 40265K(40512K)->40265K(40512K) Class: 2815K(2944K)->2815K(2944K)
[463.722s][info][gc          ] GC(1002) Pause Young (Concurrent Start) (G1 Humongous Allocation) 112M->52M(285M) 3.066ms
[463.722s][info][gc,cpu      ] GC(1002) User=0.01s Sys=0.00s Real=0.00s
[463.723s][info][gc          ] GC(1003) Concurrent Mark Cycle
[463.723s][info][gc,marking  ] GC(1003) Concurrent Scan Root Regions
[463.726s][info][gc,marking  ] GC(1003) Concurrent Scan Root Regions 3.199ms
[463.726s][info][gc,marking  ] GC(1003) Concurrent Mark
[463.726s][info][gc,marking  ] GC(1003) Concurrent Mark From Roots
[463.726s][info][gc,task     ] GC(1003) Using 1 workers of 1 for marking
[463.786s][info][gc,marking  ] GC(1003) Concurrent Mark From Roots 59.515ms
[463.786s][info][gc,marking  ] GC(1003) Concurrent Preclean
[463.786s][info][gc,marking  ] GC(1003) Concurrent Preclean 0.032ms
[463.786s][info][gc,start    ] GC(1003) Pause Remark
[463.802s][info][gc          ] GC(1003) Pause Remark 75M->75M(256M) 15.836ms
[463.802s][info][gc,cpu      ] GC(1003) User=0.03s Sys=0.00s Real=0.02s
[463.802s][info][gc,marking  ] GC(1003) Concurrent Mark 75.566ms
[463.802s][info][gc,marking  ] GC(1003) Concurrent Rebuild Remembered Sets and Scrub Regions
[463.831s][info][gc,marking  ] GC(1003) Concurrent Rebuild Remembered Sets and Scrub Regions 29.803ms
[463.832s][info][gc,start    ] GC(1003) Pause Cleanup
[463.832s][info][gc          ] GC(1003) Pause Cleanup 85M->85M(256M) 0.055ms
[463.832s][info][gc,cpu      ] GC(1003) User=0.00s Sys=0.00s Real=0.00s
[463.833s][info][gc,marking  ] GC(1003) Concurrent Clear Claimed Marks
[463.833s][info][gc,marking  ] GC(1003) Concurrent Clear Claimed Marks 0.051ms
[463.833s][info][gc,marking  ] GC(1003) Concurrent Cleanup for Next Mark
[463.840s][info][gc,marking  ] GC(1003) Concurrent Cleanup for Next Mark 7.338ms
[463.840s][info][gc          ] GC(1003) Concurrent Mark Cycle 117.474ms
[464.259s][info][gc,start    ] GC(1004) Pause Young (Prepare Mixed) (G1 Evacuation Pause)
[464.259s][info][gc,task     ] GC(1004) Using 2 workers of 2 for evacuation
[464.269s][info][gc,phases   ] GC(1004)   Pre Evacuate Collection Set: 0.16ms
[464.269s][info][gc,phases   ] GC(1004)   Merge Heap Roots: 0.06ms
[464.269s][info][gc,phases   ] GC(1004)   Evacuate Collection Set: 9.05ms
[464.269s][info][gc,phases   ] GC(1004)   Post Evacuate Collection Set: 0.43ms
[464.269s][info][gc,phases   ] GC(1004)   Other: 0.06ms
[464.269s][info][gc,heap     ] GC(1004) Eden regions: 151->0(142)
[464.269s][info][gc,heap     ] GC(1004) Survivor regions: 2->11(20)
[464.269s][info][gc,heap     ] GC(1004) Old regions: 51->51
[464.269s][info][gc,heap     ] GC(1004) Humongous regions: 5->3
[464.269s][info][gc,metaspace] GC(1004) Metaspace: 43080K(43456K)->43080K(43456K) NonClass: 40265K(40512K)->40265K(40512K) Class: 2815K(2944K)->2815K(2944K)
[464.269s][info][gc          ] GC(1004) Pause Young (Prepare Mixed) (G1 Evacuation Pause) 207M->63M(256M) 9.915ms
[464.269s][info][gc,cpu      ] GC(1004) User=0.02s Sys=0.00s Real=0.01s
[464.917s][info][gc,start    ] GC(1005) Pause Young (Mixed) (G1 Evacuation Pause)
[464.917s][info][gc,task     ] GC(1005) Using 2 workers of 2 for evacuation
[464.933s][info][gc,phases   ] GC(1005)   Pre Evacuate Collection Set: 0.18ms
[464.933s][info][gc,phases   ] GC(1005)   Merge Heap Roots: 0.12ms
[464.933s][info][gc,phases   ] GC(1005)   Evacuate Collection Set: 14.50ms
[464.933s][info][gc,phases   ] GC(1005)   Post Evacuate Collection Set: 0.45ms
[464.933s][info][gc,phases   ] GC(1005)   Other: 0.07ms
[464.933s][info][gc,heap     ] GC(1005) Eden regions: 142->0(140)
[464.933s][info][gc,heap     ] GC(1005) Survivor regions: 11->13(20)
[464.933s][info][gc,heap     ] GC(1005) Old regions: 51->50
[464.933s][info][gc,heap     ] GC(1005) Humongous regions: 9->3
[464.933s][info][gc,metaspace] GC(1005) Metaspace: 43080K(43456K)->43080K(43456K) NonClass: 40265K(40512K)->40265K(40512K) Class: 2815K(2944K)->2815K(2944K)
[464.933s][info][gc          ] GC(1005) Pause Young (Mixed) (G1 Evacuation Pause) 211M->64M(256M) 15.536ms
[464.933s][info][gc,cpu      ] GC(1005) User=0.03s Sys=0.00s Real=0.01s
[465.283s][info][gc,start    ] GC(1006) Pause Young (Concurrent Start) (G1 Evacuation Pause)
[465.283s][info][gc,task     ] GC(1006) Using 2 workers of 2 for evacuation
[465.317s][info][gc,phases   ] GC(1006)   Pre Evacuate Collection Set: 0.16ms
[465.317s][info][gc,phases   ] GC(1006)   Merge Heap Roots: 0.06ms
[465.317s][info][gc,phases   ] GC(1006)   Evacuate Collection Set: 33.54ms
[465.317s][info][gc,phases   ] GC(1006)   Post Evacuate Collection Set: 0.49ms
[465.317s][info][gc,phases   ] GC(1006)   Other: 0.08ms
[465.317s][info][gc,heap     ] GC(1006) Eden regions: 140->0(119)
[465.317s][info][gc,heap     ] GC(1006) Survivor regions: 13->20(20)
[465.317s][info][gc,heap     ] GC(1006) Old regions: 50->70
[465.317s][info][gc,heap     ] GC(1006) Humongous regions: 3->3
[465.317s][info][gc,metaspace] GC(1006) Metaspace: 43080K(43456K)->43080K(43456K) NonClass: 40265K(40512K)->40265K(40512K) Class: 2815K(2944K)->2815K(2944K)
[465.317s][info][gc          ] GC(1006) Pause Young (Concurrent Start) (G1 Evacuation Pause) 204M->91M(256M) 34.533ms
[465.317s][info][gc          ] GC(1007) Concurrent Mark Cycle
[465.317s][info][gc,marking  ] GC(1007) Concurrent Scan Root Regions
[465.317s][info][gc,cpu      ] GC(1006) User=0.06s Sys=0.00s Real=0.04s
[465.349s][info][gc,marking  ] GC(1007) Concurrent Scan Root Regions 31.934ms
[465.349s][info][gc,marking  ] GC(1007) Concurrent Mark
[465.349s][info][gc,marking  ] GC(1007) Concurrent Mark From Roots
[465.349s][info][gc,task     ] GC(1007) Using 1 workers of 1 for marking
[465.427s][info][gc,marking  ] GC(1007) Concurrent Mark From Roots 77.880ms
[465.427s][info][gc,marking  ] GC(1007) Concurrent Preclean
[465.427s][info][gc,marking  ] GC(1007) Concurrent Preclean 0.037ms
[465.427s][info][gc,start    ] GC(1007) Pause Remark
[465.444s][info][gc          ] GC(1007) Pause Remark 115M->115M(256M) 16.451ms
[465.444s][info][gc,cpu      ] GC(1007) User=0.03s Sys=0.01s Real=0.01s
[465.445s][info][gc,marking  ] GC(1007) Concurrent Mark 95.487ms
[465.445s][info][gc,marking  ] GC(1007) Concurrent Rebuild Remembered Sets and Scrub Regions
[465.519s][info][gc,marking  ] GC(1007) Concurrent Rebuild Remembered Sets and Scrub Regions 74.249ms
[465.519s][info][gc,start    ] GC(1007) Pause Cleanup
[465.519s][info][gc          ] GC(1007) Pause Cleanup 128M->128M(256M) 0.059ms
[465.519s][info][gc,cpu      ] GC(1007) User=0.00s Sys=0.00s Real=0.00s
[465.519s][info][gc,marking  ] GC(1007) Concurrent Clear Claimed Marks
[465.519s][info][gc,marking  ] GC(1007) Concurrent Clear Claimed Marks 0.046ms
[465.519s][info][gc,marking  ] GC(1007) Concurrent Cleanup for Next Mark
[465.520s][info][gc,marking  ] GC(1007) Concurrent Cleanup for Next Mark 0.788ms
[465.520s][info][gc          ] GC(1007) Concurrent Mark Cycle 202.897ms
[465.866s][info][gc,start    ] GC(1008) Pause Young (Prepare Mixed) (G1 Evacuation Pause)
[465.866s][info][gc,task     ] GC(1008) Using 2 workers of 2 for evacuation
[465.926s][info][gc,phases   ] GC(1008)   Pre Evacuate Collection Set: 0.16ms
[465.926s][info][gc,phases   ] GC(1008)   Merge Heap Roots: 0.23ms
[465.926s][info][gc,phases   ] GC(1008)   Evacuate Collection Set: 58.45ms
[465.926s][info][gc,phases   ] GC(1008)   Post Evacuate Collection Set: 0.45ms
[465.926s][info][gc,phases   ] GC(1008)   Other: 0.11ms
[465.926s][info][gc,heap     ] GC(1008) Eden regions: 119->0(91)
[465.926s][info][gc,heap     ] GC(1008) Survivor regions: 20->18(18)
[465.926s][info][gc,heap     ] GC(1008) Old regions: 70->104
[465.926s][info][gc,heap     ] GC(1008) Humongous regions: 3->3
[465.926s][info][gc,metaspace] GC(1008) Metaspace: 43080K(43456K)->43080K(43456K) NonClass: 40265K(40512K)->40265K(40512K) Class: 2815K(2944K)->2815K(2944K)
[465.926s][info][gc          ] GC(1008) Pause Young (Prepare Mixed) (G1 Evacuation Pause) 210M->124M(264M) 59.576ms
[465.926s][info][gc,cpu      ] GC(1008) User=0.12s Sys=0.01s Real=0.06s
[466.321s][info][gc,start    ] GC(1009) Pause Young (Mixed) (G1 Evacuation Pause)
[466.321s][info][gc,task     ] GC(1009) Using 2 workers of 2 for evacuation
[466.373s][info][gc,phases   ] GC(1009)   Pre Evacuate Collection Set: 0.19ms
[466.373s][info][gc,phases   ] GC(1009)   Merge Heap Roots: 0.28ms
[466.373s][info][gc,phases   ] GC(1009)   Evacuate Collection Set: 51.36ms
[466.373s][info][gc,phases   ] GC(1009)   Post Evacuate Collection Set: 0.41ms
[466.373s][info][gc,phases   ] GC(1009)   Other: 0.08ms
[466.373s][info][gc,heap     ] GC(1009) Eden regions: 91->0(69)
[466.373s][info][gc,heap     ] GC(1009) Survivor regions: 18->14(14)
[466.373s][info][gc,heap     ] GC(1009) Old regions: 104->132
[466.373s][info][gc,heap     ] GC(1009) Humongous regions: 3->3
[466.373s][info][gc,metaspace] GC(1009) Metaspace: 43080K(43456K)->43080K(43456K) NonClass: 40265K(40512K)->40265K(40512K) Class: 2815K(2944K)->2815K(2944K)
[466.373s][info][gc          ] GC(1009) Pause Young (Mixed) (G1 Evacuation Pause) 215M->148M(264M) 52.522ms
[466.373s][info][gc,cpu      ] GC(1009) User=0.10s Sys=0.00s Real=0.05s
[466.698s][info][gc,start    ] GC(1010) Pause Young (Concurrent Start) (G1 Evacuation Pause)
[466.698s][info][gc,task     ] GC(1010) Using 2 workers of 2 for evacuation
[466.736s][info][gc,phases   ] GC(1010)   Pre Evacuate Collection Set: 0.19ms
[466.737s][info][gc,phases   ] GC(1010)   Merge Heap Roots: 0.21ms
[466.737s][info][gc,phases   ] GC(1010)   Evacuate Collection Set: 37.94ms
[466.737s][info][gc,phases   ] GC(1010)   Post Evacuate Collection Set: 0.35ms
[466.737s][info][gc,phases   ] GC(1010)   Other: 0.11ms
[466.737s][info][gc,heap     ] GC(1010) Eden regions: 69->0(55)
[466.737s][info][gc,heap     ] GC(1010) Survivor regions: 14->11(11)
[466.737s][info][gc,heap     ] GC(1010) Old regions: 132->155
[466.737s][info][gc,heap     ] GC(1010) Humongous regions: 3->3
[466.737s][info][gc,metaspace] GC(1010) Metaspace: 43080K(43456K)->43080K(43456K) NonClass: 40265K(40512K)->40265K(40512K) Class: 2815K(2944K)->2815K(2944K)
[466.737s][info][gc          ] GC(1010) Pause Young (Concurrent Start) (G1 Evacuation Pause) 217M->168M(264M) 38.955ms
[466.737s][info][gc,cpu      ] GC(1010) User=0.08s Sys=0.00s Real=0.03s
[466.737s][info][gc          ] GC(1011) Concurrent Mark Cycle
[466.737s][info][gc,marking  ] GC(1011) Concurrent Scan Root Regions
[466.789s][info][gc,marking  ] GC(1011) Concurrent Scan Root Regions 52.485ms
[466.789s][info][gc,marking  ] GC(1011) Concurrent Mark
[466.789s][info][gc,marking  ] GC(1011) Concurrent Mark From Roots
[466.789s][info][gc,task     ] GC(1011) Using 1 workers of 1 for marking
[466.958s][info][gc,start    ] GC(1012) Pause Young (Normal) (G1 Evacuation Pause)
[466.958s][info][gc,task     ] GC(1012) Using 2 workers of 2 for evacuation
[466.983s][info][gc,phases   ] GC(1012)   Pre Evacuate Collection Set: 0.15ms
[466.984s][info][gc,phases   ] GC(1012)   Merge Heap Roots: 0.16ms
[466.984s][info][gc,phases   ] GC(1012)   Evacuate Collection Set: 25.04ms
[466.984s][info][gc,phases   ] GC(1012)   Post Evacuate Collection Set: 0.31ms
[466.984s][info][gc,phases   ] GC(1012)   Other: 0.08ms
[466.984s][info][gc,heap     ] GC(1012) Eden regions: 55->0(48)
[466.984s][info][gc,heap     ] GC(1012) Survivor regions: 11->9(9)
[466.984s][info][gc,heap     ] GC(1012) Old regions: 155->169
[466.984s][info][gc,heap     ] GC(1012) Humongous regions: 5->3
[466.984s][info][gc,metaspace] GC(1012) Metaspace: 43080K(43456K)->43080K(43456K) NonClass: 40265K(40512K)->40265K(40512K) Class: 2815K(2944K)->2815K(2944K)
[466.984s][info][gc          ] GC(1012) Pause Young (Normal) (G1 Evacuation Pause) 225M->181M(264M) 25.913ms
[466.984s][info][gc,cpu      ] GC(1012) User=0.05s Sys=0.00s Real=0.02s
[466.992s][info][gc,marking  ] GC(1011) Concurrent Mark From Roots 202.762ms
[466.992s][info][gc,marking  ] GC(1011) Concurrent Preclean
[466.992s][info][gc,marking  ] GC(1011) Concurrent Preclean 0.042ms
[466.992s][info][gc,start    ] GC(1011) Pause Remark
[467.008s][info][gc          ] GC(1011) Pause Remark 184M->184M(302M) 16.080ms
[467.008s][info][gc,cpu      ] GC(1011) User=0.03s Sys=0.00s Real=0.02s
[467.008s][info][gc,marking  ] GC(1011) Concurrent Mark 219.043ms
[467.008s][info][gc,marking  ] GC(1011) Concurrent Rebuild Remembered Sets and Scrub Regions
[467.106s][info][gc,marking  ] GC(1011) Concurrent Rebuild Remembered Sets and Scrub Regions 97.571ms
[467.106s][info][gc,start    ] GC(1011) Pause Cleanup
[467.106s][info][gc          ] GC(1011) Pause Cleanup 206M->206M(302M) 0.060ms
[467.106s][info][gc,cpu      ] GC(1011) User=0.00s Sys=0.00s Real=0.00s
[467.106s][info][gc,marking  ] GC(1011) Concurrent Clear Claimed Marks
[467.106s][info][gc,marking  ] GC(1011) Concurrent Clear Claimed Marks 0.038ms
[467.106s][info][gc,marking  ] GC(1011) Concurrent Cleanup for Next Mark
[467.107s][info][gc,marking  ] GC(1011) Concurrent Cleanup for Next Mark 1.279ms
[467.107s][info][gc          ] GC(1011) Concurrent Mark Cycle 370.717ms
[467.213s][info][gc,start    ] GC(1013) Pause Young (Prepare Mixed) (G1 Evacuation Pause)
[467.213s][info][gc,task     ] GC(1013) Using 2 workers of 2 for evacuation
[467.238s][info][gc,phases   ] GC(1013)   Pre Evacuate Collection Set: 0.22ms
[467.238s][info][gc,phases   ] GC(1013)   Merge Heap Roots: 0.16ms
[467.238s][info][gc,phases   ] GC(1013)   Evacuate Collection Set: 24.30ms
[467.238s][info][gc,phases   ] GC(1013)   Post Evacuate Collection Set: 0.38ms
[467.238s][info][gc,phases   ] GC(1013)   Other: 0.08ms
[467.238s][info][gc,heap     ] GC(1013) Eden regions: 48->0(70)
[467.238s][info][gc,heap     ] GC(1013) Survivor regions: 9->8(8)
[467.238s][info][gc,heap     ] GC(1013) Old regions: 169->178
[467.238s][info][gc,heap     ] GC(1013) Humongous regions: 3->3
[467.238s][info][gc,metaspace] GC(1013) Metaspace: 43080K(43456K)->43080K(43456K) NonClass: 40265K(40512K)->40265K(40512K) Class: 2815K(2944K)->2815K(2944K)
[467.238s][info][gc          ] GC(1013) Pause Young (Prepare Mixed) (G1 Evacuation Pause) 229M->188M(302M) 25.320ms
[467.238s][info][gc,cpu      ] GC(1013) User=0.03s Sys=0.01s Real=0.03s
[467.508s][info][gc,start    ] GC(1014) Pause Young (Mixed) (G1 Evacuation Pause)
[467.508s][info][gc,task     ] GC(1014) Using 2 workers of 2 for evacuation
[467.561s][info][gc,phases   ] GC(1014)   Pre Evacuate Collection Set: 0.22ms
[467.561s][info][gc,phases   ] GC(1014)   Merge Heap Roots: 0.27ms
[467.561s][info][gc,phases   ] GC(1014)   Evacuate Collection Set: 51.66ms
[467.561s][info][gc,phases   ] GC(1014)   Post Evacuate Collection Set: 1.40ms
[467.561s][info][gc,phases   ] GC(1014)   Other: 0.09ms
[467.561s][info][gc,heap     ] GC(1014) Eden regions: 70->0(174)
[467.561s][info][gc,heap     ] GC(1014) Survivor regions: 8->10(10)
[467.561s][info][gc,heap     ] GC(1014) Old regions: 178->161
[467.561s][info][gc,heap     ] GC(1014) Humongous regions: 7->3
[467.561s][info][gc,metaspace] GC(1014) Metaspace: 43080K(43456K)->43080K(43456K) NonClass: 40265K(40512K)->40265K(40512K) Class: 2815K(2944K)->2815K(2944K)
[467.561s][info][gc          ] GC(1014) Pause Young (Mixed) (G1 Evacuation Pause) 262M->174M(438M) 53.847ms
[467.561s][info][gc,cpu      ] GC(1014) User=0.07s Sys=0.00s Real=0.05s
[468.262s][info][gc,start    ] GC(1015) Pause Young (Mixed) (G1 Evacuation Pause)
[468.263s][info][gc,task     ] GC(1015) Using 2 workers of 2 for evacuation
[468.326s][info][gc,phases   ] GC(1015)   Pre Evacuate Collection Set: 1.39ms
[468.327s][info][gc,phases   ] GC(1015)   Merge Heap Roots: 0.73ms
[468.327s][info][gc,phases   ] GC(1015)   Evacuate Collection Set: 61.10ms
[468.327s][info][gc,phases   ] GC(1015)   Post Evacuate Collection Set: 0.65ms
[468.327s][info][gc,phases   ] GC(1015)   Other: 0.07ms
[468.327s][info][gc,heap     ] GC(1015) Eden regions: 174->0(184)
[468.327s][info][gc,heap     ] GC(1015) Survivor regions: 10->21(23)
[468.327s][info][gc,heap     ] GC(1015) Old regions: 161->147
[468.327s][info][gc,heap     ] GC(1015) Humongous regions: 11->3
[468.327s][info][gc,metaspace] GC(1015) Metaspace: 43080K(43456K)->43080K(43456K) NonClass: 40265K(40512K)->40265K(40512K) Class: 2815K(2944K)->2815K(2944K)
[468.327s][info][gc          ] GC(1015) Pause Young (Mixed) (G1 Evacuation Pause) 356M->170M(438M) 64.142ms
[468.327s][info][gc,cpu      ] GC(1015) User=0.13s Sys=0.00s Real=0.06s
[468.899s][info][gc,start    ] GC(1016) Pause Young (Normal) (G1 Evacuation Pause)
[468.899s][info][gc,task     ] GC(1016) Using 2 workers of 2 for evacuation
[468.928s][info][gc,phases   ] GC(1016)   Pre Evacuate Collection Set: 0.20ms
[468.928s][info][gc,phases   ] GC(1016)   Merge Heap Roots: 0.11ms
[468.928s][info][gc,phases   ] GC(1016)   Evacuate Collection Set: 28.68ms
[468.929s][info][gc,phases   ] GC(1016)   Post Evacuate Collection Set: 0.48ms
[468.929s][info][gc,phases   ] GC(1016)   Other: 0.07ms
[468.929s][info][gc,heap     ] GC(1016) Eden regions: 184->0(175)
[468.929s][info][gc,heap     ] GC(1016) Survivor regions: 21->17(26)
[468.929s][info][gc,heap     ] GC(1016) Old regions: 147->167
[468.929s][info][gc,heap     ] GC(1016) Humongous regions: 5->3
[468.929s][info][gc,metaspace] GC(1016) Metaspace: 43080K(43456K)->43080K(43456K) NonClass: 40265K(40512K)->40265K(40512K) Class: 2815K(2944K)->2815K(2944K)
[468.929s][info][gc          ] GC(1016) Pause Young (Normal) (G1 Evacuation Pause) 356M->187M(438M) 29.747ms
[468.929s][info][gc,cpu      ] GC(1016) User=0.06s Sys=0.00s Real=0.03s
[469.352s][info][gc,start    ] GC(1017) Pause Young (Concurrent Start) (G1 Humongous Allocation)
[469.352s][info][gc,task     ] GC(1017) Using 2 workers of 2 for evacuation
[469.374s][info][gc,phases   ] GC(1017)   Pre Evacuate Collection Set: 0.23ms
[469.374s][info][gc,phases   ] GC(1017)   Merge Heap Roots: 0.07ms
[469.374s][info][gc,phases   ] GC(1017)   Evacuate Collection Set: 20.71ms
[469.374s][info][gc,phases   ] GC(1017)   Post Evacuate Collection Set: 0.43ms
[469.374s][info][gc,phases   ] GC(1017)   Other: 0.11ms
[469.374s][info][gc,heap     ] GC(1017) Eden regions: 144->0(154)
[469.374s][info][gc,heap     ] GC(1017) Survivor regions: 17->24(24)
[469.374s][info][gc,heap     ] GC(1017) Old regions: 167->179
[469.374s][info][gc,heap     ] GC(1017) Humongous regions: 3->3
[469.374s][info][gc,metaspace] GC(1017) Metaspace: 43080K(43456K)->43080K(43456K) NonClass: 40265K(40512K)->40265K(40512K) Class: 2815K(2944K)->2815K(2944K)
[469.374s][info][gc          ] GC(1017) Pause Young (Concurrent Start) (G1 Humongous Allocation) 330M->205M(438M) 21.753ms
[469.374s][info][gc,cpu      ] GC(1017) User=0.04s Sys=0.00s Real=0.02s
[469.374s][info][gc          ] GC(1018) Concurrent Mark Cycle
[469.374s][info][gc,marking  ] GC(1018) Concurrent Scan Root Regions
[469.390s][info][gc,marking  ] GC(1018) Concurrent Scan Root Regions 16.487ms
[469.390s][info][gc,marking  ] GC(1018) Concurrent Mark
[469.390s][info][gc,marking  ] GC(1018) Concurrent Mark From Roots
[469.390s][info][gc,task     ] GC(1018) Using 1 workers of 1 for marking
[469.456s][info][gc,marking  ] GC(1018) Concurrent Mark From Roots 65.066ms
[469.456s][info][gc,marking  ] GC(1018) Concurrent Preclean
[469.456s][info][gc,marking  ] GC(1018) Concurrent Preclean 0.038ms
[469.456s][info][gc,start    ] GC(1018) Pause Remark
[469.471s][info][gc          ] GC(1018) Pause Remark 226M->173M(438M) 15.697ms
[469.472s][info][gc,cpu      ] GC(1018) User=0.04s Sys=0.00s Real=0.02s
[469.474s][info][gc,marking  ] GC(1018) Concurrent Mark 83.309ms
[469.474s][info][gc,marking  ] GC(1018) Concurrent Rebuild Remembered Sets and Scrub Regions
[469.508s][info][gc,marking  ] GC(1018) Concurrent Rebuild Remembered Sets and Scrub Regions 34.106ms
[469.508s][info][gc,start    ] GC(1018) Pause Cleanup
[469.508s][info][gc          ] GC(1018) Pause Cleanup 184M->184M(438M) 0.069ms
[469.508s][info][gc,cpu      ] GC(1018) User=0.00s Sys=0.00s Real=0.00s
[469.508s][info][gc,marking  ] GC(1018) Concurrent Clear Claimed Marks
[469.508s][info][gc,marking  ] GC(1018) Concurrent Clear Claimed Marks 0.037ms
[469.508s][info][gc,marking  ] GC(1018) Concurrent Cleanup for Next Mark
[469.511s][info][gc,marking  ] GC(1018) Concurrent Cleanup for Next Mark 2.691ms
[469.511s][info][gc          ] GC(1018) Concurrent Mark Cycle 137.027ms
[469.877s][info][gc,start    ] GC(1019) Pause Young (Prepare Mixed) (G1 Evacuation Pause)
[469.877s][info][gc,task     ] GC(1019) Using 2 workers of 2 for evacuation
[469.920s][info][gc,phases   ] GC(1019)   Pre Evacuate Collection Set: 0.20ms
[469.920s][info][gc,phases   ] GC(1019)   Merge Heap Roots: 0.15ms
[469.920s][info][gc,phases   ] GC(1019)   Evacuate Collection Set: 42.07ms
[469.920s][info][gc,phases   ] GC(1019)   Post Evacuate Collection Set: 0.45ms
[469.920s][info][gc,phases   ] GC(1019)   Other: 0.09ms
[469.920s][info][gc,heap     ] GC(1019) Eden regions: 154->0(142)
[469.920s][info][gc,heap     ] GC(1019) Survivor regions: 24->23(23)
[469.920s][info][gc,heap     ] GC(1019) Old regions: 126->173
[469.920s][info][gc,heap     ] GC(1019) Humongous regions: 5->4
[469.920s][info][gc,metaspace] GC(1019) Metaspace: 43080K(43456K)->43080K(43456K) NonClass: 40265K(40512K)->40265K(40512K) Class: 2815K(2944K)->2815K(2944K)
[469.921s][info][gc          ] GC(1019) Pause Young (Prepare Mixed) (G1 Evacuation Pause) 308M->200M(438M) 43.180ms
[469.921s][info][gc,cpu      ] GC(1019) User=0.09s Sys=0.00s Real=0.04s
[470.393s][info][gc,start    ] GC(1020) Pause Young (Mixed) (G1 Evacuation Pause)
[470.393s][info][gc,task     ] GC(1020) Using 2 workers of 2 for evacuation
[470.450s][info][gc,phases   ] GC(1020)   Pre Evacuate Collection Set: 0.22ms
[470.450s][info][gc,phases   ] GC(1020)   Merge Heap Roots: 0.26ms
[470.450s][info][gc,phases   ] GC(1020)   Evacuate Collection Set: 55.53ms
[470.450s][info][gc,phases   ] GC(1020)   Post Evacuate Collection Set: 0.59ms
[470.450s][info][gc,phases   ] GC(1020)   Other: 0.09ms
[470.450s][info][gc,heap     ] GC(1020) Eden regions: 142->0(125)
[470.450s][info][gc,heap     ] GC(1020) Survivor regions: 23->21(21)
[470.450s][info][gc,heap     ] GC(1020) Old regions: 173->176
[470.450s][info][gc,heap     ] GC(1020) Humongous regions: 4->4
[470.450s][info][gc,metaspace] GC(1020) Metaspace: 43080K(43456K)->43080K(43456K) NonClass: 40265K(40512K)->40265K(40512K) Class: 2815K(2944K)->2815K(2944K)
[470.450s][info][gc          ] GC(1020) Pause Young (Mixed) (G1 Evacuation Pause) 342M->200M(438M) 56.899ms
[470.450s][info][gc,cpu      ] GC(1020) User=0.12s Sys=0.00s Real=0.06s
[470.870s][info][gc,start    ] GC(1021) Pause Young (Mixed) (G1 Evacuation Pause)
[470.870s][info][gc,task     ] GC(1021) Using 2 workers of 2 for evacuation
[470.943s][info][gc,phases   ] GC(1021)   Pre Evacuate Collection Set: 0.27ms
[470.943s][info][gc,phases   ] GC(1021)   Merge Heap Roots: 0.45ms
[470.943s][info][gc,phases   ] GC(1021)   Evacuate Collection Set: 70.85ms
[470.943s][info][gc,phases   ] GC(1021)   Post Evacuate Collection Set: 0.95ms
[470.943s][info][gc,phases   ] GC(1021)   Other: 0.08ms
[470.943s][info][gc,heap     ] GC(1021) Eden regions: 125->0(110)
[470.943s][info][gc,heap     ] GC(1021) Survivor regions: 21->19(19)
[470.943s][info][gc,heap     ] GC(1021) Old regions: 176->242
[470.943s][info][gc,heap     ] GC(1021) Humongous regions: 5->5
[470.943s][info][gc,metaspace] GC(1021) Metaspace: 43080K(43456K)->43080K(43456K) NonClass: 40265K(40512K)->40265K(40512K) Class: 2815K(2944K)->2815K(2944K)
[470.943s][info][gc          ] GC(1021) Pause Young (Mixed) (G1 Evacuation Pause) 326M->266M(503M) 72.806ms
[470.943s][info][gc,cpu      ] GC(1021) User=0.14s Sys=0.00s Real=0.07s
[471.328s][info][gc,start    ] GC(1022) Pause Young (Concurrent Start) (G1 Evacuation Pause)
[471.328s][info][gc,task     ] GC(1022) Using 2 workers of 2 for evacuation
[471.353s][info][gc,phases   ] GC(1022)   Pre Evacuate Collection Set: 0.27ms
[471.353s][info][gc,phases   ] GC(1022)   Merge Heap Roots: 0.24ms
[471.353s][info][gc,phases   ] GC(1022)   Evacuate Collection Set: 23.90ms
[471.353s][info][gc,phases   ] GC(1022)   Post Evacuate Collection Set: 0.42ms
[471.353s][info][gc,phases   ] GC(1022)   Other: 0.09ms
[471.353s][info][gc,heap     ] GC(1022) Eden regions: 110->0(116)
[471.353s][info][gc,heap     ] GC(1022) Survivor regions: 19->13(17)
[471.353s][info][gc,heap     ] GC(1022) Old regions: 242->255
[471.354s][info][gc,heap     ] GC(1022) Humongous regions: 5->5
[471.354s][info][gc,metaspace] GC(1022) Metaspace: 43080K(43456K)->43080K(43456K) NonClass: 40265K(40512K)->40265K(40512K) Class: 2815K(2944K)->2815K(2944K)
[471.354s][info][gc          ] GC(1022) Pause Young (Concurrent Start) (G1 Evacuation Pause) 376M->272M(503M) 25.114ms
[471.354s][info][gc,cpu      ] GC(1022) User=0.05s Sys=0.00s Real=0.02s
[471.354s][info][gc          ] GC(1023) Concurrent Mark Cycle
[471.354s][info][gc,marking  ] GC(1023) Concurrent Scan Root Regions
[471.363s][info][gc,marking  ] GC(1023) Concurrent Scan Root Regions 9.690ms
[471.363s][info][gc,marking  ] GC(1023) Concurrent Mark
[471.363s][info][gc,marking  ] GC(1023) Concurrent Mark From Roots
[471.363s][info][gc,task     ] GC(1023) Using 1 workers of 1 for marking
[471.473s][info][gc,marking  ] GC(1023) Concurrent Mark From Roots 109.216ms
[471.473s][info][gc,marking  ] GC(1023) Concurrent Preclean
[471.473s][info][gc,marking  ] GC(1023) Concurrent Preclean 0.046ms
[471.473s][info][gc,start    ] GC(1023) Pause Remark
[471.489s][info][gc          ] GC(1023) Pause Remark 304M->237M(503M) 16.184ms
[471.489s][info][gc,cpu      ] GC(1023) User=0.03s Sys=0.00s Real=0.02s
[471.489s][info][gc,marking  ] GC(1023) Concurrent Mark 125.728ms
[471.489s][info][gc,marking  ] GC(1023) Concurrent Rebuild Remembered Sets and Scrub Regions
[471.545s][info][gc,marking  ] GC(1023) Concurrent Rebuild Remembered Sets and Scrub Regions 56.043ms
[471.545s][info][gc,start    ] GC(1023) Pause Cleanup
[471.545s][info][gc          ] GC(1023) Pause Cleanup 255M->255M(503M) 0.070ms
[471.545s][info][gc,cpu      ] GC(1023) User=0.00s Sys=0.00s Real=0.00s
[471.545s][info][gc,marking  ] GC(1023) Concurrent Clear Claimed Marks
[471.545s][info][gc,marking  ] GC(1023) Concurrent Clear Claimed Marks 0.038ms
[471.545s][info][gc,marking  ] GC(1023) Concurrent Cleanup for Next Mark
[471.548s][info][gc,marking  ] GC(1023) Concurrent Cleanup for Next Mark 2.075ms
[471.548s][info][gc          ] GC(1023) Concurrent Mark Cycle 194.026ms
[471.765s][info][gc,start    ] GC(1024) Pause Young (Prepare Mixed) (G1 Evacuation Pause)
[471.765s][info][gc,task     ] GC(1024) Using 2 workers of 2 for evacuation
[471.808s][info][gc,phases   ] GC(1024)   Pre Evacuate Collection Set: 0.27ms
[471.808s][info][gc,phases   ] GC(1024)   Merge Heap Roots: 0.12ms
[471.808s][info][gc,phases   ] GC(1024)   Evacuate Collection Set: 42.44ms
[471.808s][info][gc,phases   ] GC(1024)   Post Evacuate Collection Set: 0.46ms
[471.808s][info][gc,phases   ] GC(1024)   Other: 0.09ms
[471.808s][info][gc,heap     ] GC(1024) Eden regions: 116->0(109)
[471.808s][info][gc,heap     ] GC(1024) Survivor regions: 13->17(17)
[471.808s][info][gc,heap     ] GC(1024) Old regions: 189->245
[471.808s][info][gc,heap     ] GC(1024) Humongous regions: 5->5
[471.808s][info][gc,metaspace] GC(1024) Metaspace: 43080K(43456K)->43080K(43456K) NonClass: 40265K(40512K)->40265K(40512K) Class: 2815K(2944K)->2815K(2944K)
[471.808s][info][gc          ] GC(1024) Pause Young (Prepare Mixed) (G1 Evacuation Pause) 322M->266M(503M) 43.592ms
[471.808s][info][gc,cpu      ] GC(1024) User=0.09s Sys=0.00s Real=0.05s
[472.176s][info][gc,start    ] GC(1025) Pause Young (Mixed) (G1 Evacuation Pause)
[472.176s][info][gc,task     ] GC(1025) Using 2 workers of 2 for evacuation
[472.238s][info][gc,phases   ] GC(1025)   Pre Evacuate Collection Set: 0.25ms
[472.238s][info][gc,phases   ] GC(1025)   Merge Heap Roots: 0.34ms
[472.238s][info][gc,phases   ] GC(1025)   Evacuate Collection Set: 60.43ms
[472.238s][info][gc,phases   ] GC(1025)   Post Evacuate Collection Set: 0.53ms
[472.238s][info][gc,phases   ] GC(1025)   Other: 0.09ms
[472.238s][info][gc,heap     ] GC(1025) Eden regions: 109->0(94)
[472.238s][info][gc,heap     ] GC(1025) Survivor regions: 17->16(16)
[472.238s][info][gc,heap     ] GC(1025) Old regions: 245->262
[472.238s][info][gc,heap     ] GC(1025) Humongous regions: 6->6
[472.238s][info][gc,metaspace] GC(1025) Metaspace: 43080K(43456K)->43080K(43456K) NonClass: 40265K(40512K)->40265K(40512K) Class: 2815K(2944K)->2815K(2944K)
[472.238s][info][gc          ] GC(1025) Pause Young (Mixed) (G1 Evacuation Pause) 376M->283M(503M) 61.839ms
[472.238s][info][gc,cpu      ] GC(1025) User=0.13s Sys=0.00s Real=0.07s
[472.562s][info][gc,start    ] GC(1026) Pause Young (Mixed) (G1 Evacuation Pause)
[472.562s][info][gc,task     ] GC(1026) Using 2 workers of 2 for evacuation
[472.637s][info][gc,phases   ] GC(1026)   Pre Evacuate Collection Set: 0.36ms
[472.637s][info][gc,phases   ] GC(1026)   Merge Heap Roots: 0.57ms
[472.637s][info][gc,phases   ] GC(1026)   Evacuate Collection Set: 73.92ms
[472.637s][info][gc,phases   ] GC(1026)   Post Evacuate Collection Set: 0.46ms
[472.637s][info][gc,phases   ] GC(1026)   Other: 0.07ms
[472.637s][info][gc,heap     ] GC(1026) Eden regions: 94->0(68)
[472.637s][info][gc,heap     ] GC(1026) Survivor regions: 16->14(14)
[472.637s][info][gc,heap     ] GC(1026) Old regions: 262->312
[472.637s][info][gc,heap     ] GC(1026) Humongous regions: 6->6
[472.637s][info][gc,metaspace] GC(1026) Metaspace: 43080K(43456K)->43080K(43456K) NonClass: 40265K(40512K)->40265K(40512K) Class: 2815K(2944K)->2815K(2944K)
[472.637s][info][gc          ] GC(1026) Pause Young (Mixed) (G1 Evacuation Pause) 377M->331M(503M) 75.594ms
[472.637s][info][gc,cpu      ] GC(1026) User=0.15s Sys=0.00s Real=0.08s
[472.766s][info][gc,start    ] GC(1027) Pause Young (Concurrent Start) (G1 Humongous Allocation)
[472.766s][info][gc,task     ] GC(1027) Using 2 workers of 2 for evacuation
[472.795s][info][gc,phases   ] GC(1027)   Pre Evacuate Collection Set: 0.25ms
[472.795s][info][gc,phases   ] GC(1027)   Merge Heap Roots: 0.16ms
[472.795s][info][gc,phases   ] GC(1027)   Evacuate Collection Set: 27.63ms
[472.795s][info][gc,phases   ] GC(1027)   Post Evacuate Collection Set: 1.03ms
[472.795s][info][gc,phases   ] GC(1027)   Other: 0.10ms
[472.795s][info][gc,heap     ] GC(1027) Eden regions: 39->0(95)
[472.795s][info][gc,heap     ] GC(1027) Survivor regions: 14->11(11)
[472.795s][info][gc,heap     ] GC(1027) Old regions: 312->339
[472.795s][info][gc,heap     ] GC(1027) Humongous regions: 6->6
[472.795s][info][gc,metaspace] GC(1027) Metaspace: 43080K(43456K)->43080K(43456K) NonClass: 40265K(40512K)->40265K(40512K) Class: 2815K(2944K)->2815K(2944K)
[472.795s][info][gc          ] GC(1027) Pause Young (Concurrent Start) (G1 Humongous Allocation) 370M->356M(598M) 29.405ms
[472.795s][info][gc          ] GC(1028) Concurrent Mark Cycle
[472.795s][info][gc,marking  ] GC(1028) Concurrent Scan Root Regions
[472.797s][info][gc,cpu      ] GC(1027) User=0.06s Sys=0.00s Real=0.04s
[472.810s][info][gc,marking  ] GC(1028) Concurrent Scan Root Regions 14.500ms
[472.810s][info][gc,marking  ] GC(1028) Concurrent Mark
[472.810s][info][gc,marking  ] GC(1028) Concurrent Mark From Roots
[472.810s][info][gc,task     ] GC(1028) Using 1 workers of 1 for marking
[472.915s][info][gc,marking  ] GC(1028) Concurrent Mark From Roots 105.392ms
[472.915s][info][gc,marking  ] GC(1028) Concurrent Preclean
[472.915s][info][gc,marking  ] GC(1028) Concurrent Preclean 0.039ms
[472.915s][info][gc,start    ] GC(1028) Pause Remark
[472.931s][info][gc          ] GC(1028) Pause Remark 383M->282M(598M) 16.055ms
[472.931s][info][gc,cpu      ] GC(1028) User=0.03s Sys=0.00s Real=0.02s
[472.931s][info][gc,marking  ] GC(1028) Concurrent Mark 121.754ms
[472.931s][info][gc,marking  ] GC(1028) Concurrent Rebuild Remembered Sets and Scrub Regions
[472.995s][info][gc,marking  ] GC(1028) Concurrent Rebuild Remembered Sets and Scrub Regions 63.729ms
[472.995s][info][gc,start    ] GC(1028) Pause Cleanup
[472.995s][info][gc          ] GC(1028) Pause Cleanup 294M->294M(598M) 0.102ms
[472.995s][info][gc,cpu      ] GC(1028) User=0.00s Sys=0.00s Real=0.00s
[472.995s][info][gc,marking  ] GC(1028) Concurrent Clear Claimed Marks
[472.995s][info][gc,marking  ] GC(1028) Concurrent Clear Claimed Marks 0.037ms
[472.995s][info][gc,marking  ] GC(1028) Concurrent Cleanup for Next Mark
[472.998s][info][gc,marking  ] GC(1028) Concurrent Cleanup for Next Mark 2.646ms
[472.998s][info][gc          ] GC(1028) Concurrent Mark Cycle 203.066ms
[473.229s][info][gc,start    ] GC(1029) Pause Young (Prepare Mixed) (G1 Evacuation Pause)
[473.229s][info][gc,task     ] GC(1029) Using 2 workers of 2 for evacuation
[473.280s][info][gc,phases   ] GC(1029)   Pre Evacuate Collection Set: 0.28ms
[473.280s][info][gc,phases   ] GC(1029)   Merge Heap Roots: 0.35ms
[473.280s][info][gc,phases   ] GC(1029)   Evacuate Collection Set: 49.74ms
[473.280s][info][gc,phases   ] GC(1029)   Post Evacuate Collection Set: 0.53ms
[473.280s][info][gc,phases   ] GC(1029)   Other: 0.10ms
[473.280s][info][gc,heap     ] GC(1029) Eden regions: 95->0(123)
[473.280s][info][gc,heap     ] GC(1029) Survivor regions: 11->14(14)
[473.280s][info][gc,heap     ] GC(1029) Old regions: 241->283
[473.280s][info][gc,heap     ] GC(1029) Humongous regions: 4->4
[473.280s][info][gc,metaspace] GC(1029) Metaspace: 43080K(43456K)->43080K(43456K) NonClass: 40265K(40512K)->40265K(40512K) Class: 2815K(2944K)->2815K(2944K)
[473.280s][info][gc          ] GC(1029) Pause Young (Prepare Mixed) (G1 Evacuation Pause) 350M->300M(598M) 51.276ms
[473.280s][info][gc,cpu      ] GC(1029) User=0.09s Sys=0.01s Real=0.05s
[473.678s][info][gc,start    ] GC(1030) Pause Young (Mixed) (G1 Evacuation Pause)
[473.678s][info][gc,task     ] GC(1030) Using 2 workers of 2 for evacuation
[473.697s][info][gc,phases   ] GC(1030)   Pre Evacuate Collection Set: 0.40ms
[473.697s][info][gc,phases   ] GC(1030)   Merge Heap Roots: 0.35ms
[473.697s][info][gc,phases   ] GC(1030)   Evacuate Collection Set: 17.59ms
[473.697s][info][gc,phases   ] GC(1030)   Post Evacuate Collection Set: 0.49ms
[473.697s][info][gc,phases   ] GC(1030)   Other: 0.10ms
[473.697s][info][gc,heap     ] GC(1030) Eden regions: 123->0(163)
[473.697s][info][gc,heap     ] GC(1030) Survivor regions: 14->2(18)
[473.697s][info][gc,heap     ] GC(1030) Old regions: 283->237
[473.697s][info][gc,heap     ] GC(1030) Humongous regions: 5->4
[473.697s][info][gc,metaspace] GC(1030) Metaspace: 43080K(43456K)->43080K(43456K) NonClass: 40265K(40512K)->40265K(40512K) Class: 2815K(2944K)->2815K(2944K)
[473.697s][info][gc          ] GC(1030) Pause Young (Mixed) (G1 Evacuation Pause) 424M->243M(598M) 19.107ms
[473.697s][info][gc,cpu      ] GC(1030) User=0.04s Sys=0.00s Real=0.02s
[474.218s][info][gc,start    ] GC(1031) Pause Young (Mixed) (G1 Evacuation Pause)
[474.218s][info][gc,task     ] GC(1031) Using 2 workers of 2 for evacuation
[474.241s][info][gc,phases   ] GC(1031)   Pre Evacuate Collection Set: 0.39ms
[474.241s][info][gc,phases   ] GC(1031)   Merge Heap Roots: 0.34ms
[474.241s][info][gc,phases   ] GC(1031)   Evacuate Collection Set: 21.39ms
[474.241s][info][gc,phases   ] GC(1031)   Post Evacuate Collection Set: 0.50ms
[474.241s][info][gc,phases   ] GC(1031)   Other: 0.07ms
[474.241s][info][gc,heap     ] GC(1031) Eden regions: 163->0(190)
[474.241s][info][gc,heap     ] GC(1031) Survivor regions: 2->19(21)
[474.241s][info][gc,heap     ] GC(1031) Old regions: 237->188
[474.241s][info][gc,heap     ] GC(1031) Humongous regions: 4->4
[474.241s][info][gc,metaspace] GC(1031) Metaspace: 43080K(43456K)->43080K(43456K) NonClass: 40265K(40512K)->40265K(40512K) Class: 2815K(2944K)->2815K(2944K)
[474.241s][info][gc          ] GC(1031) Pause Young (Mixed) (G1 Evacuation Pause) 406M->209M(598M) 22.880ms
[474.241s][info][gc,cpu      ] GC(1031) User=0.04s Sys=0.00s Real=0.02s
[474.880s][info][gc,start    ] GC(1032) Pause Young (Normal) (G1 Evacuation Pause)
[474.880s][info][gc,task     ] GC(1032) Using 2 workers of 2 for evacuation
[474.900s][info][gc,phases   ] GC(1032)   Pre Evacuate Collection Set: 0.23ms
[474.900s][info][gc,phases   ] GC(1032)   Merge Heap Roots: 0.10ms
[474.900s][info][gc,phases   ] GC(1032)   Evacuate Collection Set: 19.19ms
[474.900s][info][gc,phases   ] GC(1032)   Post Evacuate Collection Set: 0.45ms
[474.900s][info][gc,phases   ] GC(1032)   Other: 0.08ms
[474.900s][info][gc,heap     ] GC(1032) Eden regions: 190->0(196)
[474.900s][info][gc,heap     ] GC(1032) Survivor regions: 19->27(27)
[474.900s][info][gc,heap     ] GC(1032) Old regions: 188->192
[474.900s][info][gc,heap     ] GC(1032) Humongous regions: 6->5
[474.900s][info][gc,metaspace] GC(1032) Metaspace: 43080K(43456K)->43080K(43456K) NonClass: 40265K(40512K)->40265K(40512K) Class: 2815K(2944K)->2815K(2944K)
[474.900s][info][gc          ] GC(1032) Pause Young (Normal) (G1 Evacuation Pause) 401M->223M(598M) 20.250ms
[474.900s][info][gc,cpu      ] GC(1032) User=0.04s Sys=0.00s Real=0.02s
[475.497s][info][gc,start    ] GC(1033) Pause Young (Normal) (G1 Evacuation Pause)
[475.497s][info][gc,task     ] GC(1033) Using 2 workers of 2 for evacuation
[475.518s][info][gc,phases   ] GC(1033)   Pre Evacuate Collection Set: 0.23ms
[475.518s][info][gc,phases   ] GC(1033)   Merge Heap Roots: 0.09ms
[475.518s][info][gc,phases   ] GC(1033)   Evacuate Collection Set: 19.76ms
[475.518s][info][gc,phases   ] GC(1033)   Post Evacuate Collection Set: 0.48ms
[475.518s][info][gc,phases   ] GC(1033)   Other: 0.08ms
[475.518s][info][gc,heap     ] GC(1033) Eden regions: 196->0(208)
[475.518s][info][gc,heap     ] GC(1033) Survivor regions: 27->10(28)
[475.518s][info][gc,heap     ] GC(1033) Old regions: 192->219
[475.518s][info][gc,heap     ] GC(1033) Humongous regions: 7->5
[475.518s][info][gc,metaspace] GC(1033) Metaspace: 43080K(43456K)->43080K(43456K) NonClass: 40265K(40512K)->40265K(40512K) Class: 2815K(2944K)->2815K(2944K)
[475.518s][info][gc          ] GC(1033) Pause Young (Normal) (G1 Evacuation Pause) 421M->233M(598M) 20.867ms
[475.518s][info][gc,cpu      ] GC(1033) User=0.04s Sys=0.00s Real=0.02s
[475.724s][info][gc,start    ] GC(1034) Pause Young (Concurrent Start) (G1 Humongous Allocation)
[475.724s][info][gc,task     ] GC(1034) Using 2 workers of 2 for evacuation
[475.749s][info][gc,phases   ] GC(1034)   Pre Evacuate Collection Set: 0.24ms
[475.749s][info][gc,phases   ] GC(1034)   Merge Heap Roots: 0.06ms
[475.749s][info][gc,phases   ] GC(1034)   Evacuate Collection Set: 24.31ms
[475.749s][info][gc,phases   ] GC(1034)   Post Evacuate Collection Set: 0.50ms
[475.749s][info][gc,phases   ] GC(1034)   Other: 0.10ms
[475.749s][info][gc,heap     ] GC(1034) Eden regions: 65->0(194)
[475.749s][info][gc,heap     ] GC(1034) Survivor regions: 10->28(28)
[475.749s][info][gc,heap     ] GC(1034) Old regions: 219->232
[475.749s][info][gc,heap     ] GC(1034) Humongous regions: 5->5
[475.749s][info][gc,metaspace] GC(1034) Metaspace: 43080K(43456K)->43080K(43456K) NonClass: 40265K(40512K)->40265K(40512K) Class: 2815K(2944K)->2815K(2944K)
[475.749s][info][gc          ] GC(1034) Pause Young (Concurrent Start) (G1 Humongous Allocation) 298M->264M(598M) 25.404ms
[475.749s][info][gc,cpu      ] GC(1034) User=0.05s Sys=0.00s Real=0.03s
[475.749s][info][gc          ] GC(1035) Concurrent Mark Cycle
[475.749s][info][gc,marking  ] GC(1035) Concurrent Scan Root Regions
[475.765s][info][gc,marking  ] GC(1035) Concurrent Scan Root Regions 15.502ms
[475.765s][info][gc,marking  ] GC(1035) Concurrent Mark
[475.765s][info][gc,marking  ] GC(1035) Concurrent Mark From Roots
[475.765s][info][gc,task     ] GC(1035) Using 1 workers of 1 for marking
[475.862s][info][gc,marking  ] GC(1035) Concurrent Mark From Roots 96.907ms
[475.862s][info][gc,marking  ] GC(1035) Concurrent Preclean
[475.862s][info][gc,marking  ] GC(1035) Concurrent Preclean 0.040ms
[475.862s][info][gc,start    ] GC(1035) Pause Remark
[475.878s][info][gc          ] GC(1035) Pause Remark 296M->196M(554M) 15.771ms
[475.878s][info][gc,cpu      ] GC(1035) User=0.03s Sys=0.00s Real=0.02s
[475.878s][info][gc,marking  ] GC(1035) Concurrent Mark 113.029ms
[475.878s][info][gc,marking  ] GC(1035) Concurrent Rebuild Remembered Sets and Scrub Regions
[475.925s][info][gc,marking  ] GC(1035) Concurrent Rebuild Remembered Sets and Scrub Regions 46.754ms
[475.925s][info][gc,start    ] GC(1035) Pause Cleanup
[475.925s][info][gc          ] GC(1035) Pause Cleanup 209M->209M(554M) 0.056ms
[475.925s][info][gc,cpu      ] GC(1035) User=0.00s Sys=0.00s Real=0.00s
[475.925s][info][gc,marking  ] GC(1035) Concurrent Clear Claimed Marks
[475.925s][info][gc,marking  ] GC(1035) Concurrent Clear Claimed Marks 0.037ms
[475.925s][info][gc,marking  ] GC(1035) Concurrent Cleanup for Next Mark
[475.927s][info][gc,marking  ] GC(1035) Concurrent Cleanup for Next Mark 1.575ms
[475.927s][info][gc          ] GC(1035) Concurrent Mark Cycle 177.309ms
[476.398s][info][gc,start    ] GC(1036) Pause Young (Prepare Mixed) (G1 Evacuation Pause)
[476.398s][info][gc,task     ] GC(1036) Using 2 workers of 2 for evacuation
[476.437s][info][gc,phases   ] GC(1036)   Pre Evacuate Collection Set: 0.25ms
[476.438s][info][gc,phases   ] GC(1036)   Merge Heap Roots: 0.18ms
[476.438s][info][gc,phases   ] GC(1036)   Evacuate Collection Set: 38.37ms
[476.438s][info][gc,phases   ] GC(1036)   Post Evacuate Collection Set: 0.47ms
[476.438s][info][gc,phases   ] GC(1036)   Other: 0.09ms
[476.438s][info][gc,heap     ] GC(1036) Eden regions: 194->0(205)
[476.438s][info][gc,heap     ] GC(1036) Survivor regions: 28->28(28)
[476.438s][info][gc,heap     ] GC(1036) Old regions: 133->166
[476.438s][info][gc,heap     ] GC(1036) Humongous regions: 6->5
[476.438s][info][gc,metaspace] GC(1036) Metaspace: 43080K(43456K)->43080K(43456K) NonClass: 40265K(40512K)->40265K(40512K) Class: 2815K(2944K)->2815K(2944K)
[476.438s][info][gc          ] GC(1036) Pause Young (Prepare Mixed) (G1 Evacuation Pause) 360M->198M(554M) 39.603ms
[476.438s][info][gc,cpu      ] GC(1036) User=0.08s Sys=0.00s Real=0.04s
[477.060s][info][gc,start    ] GC(1037) Pause Young (Mixed) (G1 Evacuation Pause)
[477.060s][info][gc,task     ] GC(1037) Using 2 workers of 2 for evacuation
[477.114s][info][gc,phases   ] GC(1037)   Pre Evacuate Collection Set: 0.25ms
[477.114s][info][gc,phases   ] GC(1037)   Merge Heap Roots: 0.20ms
[477.114s][info][gc,phases   ] GC(1037)   Evacuate Collection Set: 52.87ms
[477.114s][info][gc,phases   ] GC(1037)   Post Evacuate Collection Set: 0.58ms
[477.114s][info][gc,phases   ] GC(1037)   Other: 0.09ms
[477.114s][info][gc,heap     ] GC(1037) Eden regions: 205->0(183)
[477.114s][info][gc,heap     ] GC(1037) Survivor regions: 28->30(30)
[477.114s][info][gc,heap     ] GC(1037) Old regions: 166->196
[477.114s][info][gc,heap     ] GC(1037) Humongous regions: 9->7
[477.114s][info][gc,metaspace] GC(1037) Metaspace: 43080K(43456K)->43080K(43456K) NonClass: 40265K(40512K)->40265K(40512K) Class: 2815K(2944K)->2815K(2944K)
[477.114s][info][gc          ] GC(1037) Pause Young (Mixed) (G1 Evacuation Pause) 407M->232M(554M) 54.189ms
[477.114s][info][gc,cpu      ] GC(1037) User=0.10s Sys=0.00s Real=0.05s
[477.606s][info][gc,start    ] GC(1038) Pause Young (Concurrent Start) (G1 Evacuation Pause)
[477.606s][info][gc,task     ] GC(1038) Using 2 workers of 2 for evacuation
[477.631s][info][gc,phases   ] GC(1038)   Pre Evacuate Collection Set: 0.27ms
[477.631s][info][gc,phases   ] GC(1038)   Merge Heap Roots: 0.21ms
[477.631s][info][gc,phases   ] GC(1038)   Evacuate Collection Set: 23.34ms
[477.631s][info][gc,phases   ] GC(1038)   Post Evacuate Collection Set: 0.47ms
[477.631s][info][gc,phases   ] GC(1038)   Other: 0.09ms
[477.631s][info][gc,heap     ] GC(1038) Eden regions: 183->0(197)
[477.631s][info][gc,heap     ] GC(1038) Survivor regions: 30->4(27)
[477.631s][info][gc,heap     ] GC(1038) Old regions: 196->225
[477.631s][info][gc,heap     ] GC(1038) Humongous regions: 7->7
[477.631s][info][gc,metaspace] GC(1038) Metaspace: 43080K(43456K)->43080K(43456K) NonClass: 40265K(40512K)->40265K(40512K) Class: 2815K(2944K)->2815K(2944K)
[477.631s][info][gc          ] GC(1038) Pause Young (Concurrent Start) (G1 Evacuation Pause) 415M->235M(554M) 24.566ms
[477.631s][info][gc,cpu      ] GC(1038) User=0.04s Sys=0.00s Real=0.03s
[477.631s][info][gc          ] GC(1039) Concurrent Mark Cycle
[477.631s][info][gc,marking  ] GC(1039) Concurrent Scan Root Regions
[477.643s][info][gc,marking  ] GC(1039) Concurrent Scan Root Regions 11.948ms
[477.643s][info][gc,marking  ] GC(1039) Concurrent Mark
[477.643s][info][gc,marking  ] GC(1039) Concurrent Mark From Roots
[477.643s][info][gc,task     ] GC(1039) Using 1 workers of 1 for marking
[477.749s][info][gc,marking  ] GC(1039) Concurrent Mark From Roots 106.197ms
[477.749s][info][gc,marking  ] GC(1039) Concurrent Preclean
[477.749s][info][gc,marking  ] GC(1039) Concurrent Preclean 0.038ms
[477.749s][info][gc,start    ] GC(1039) Pause Remark
[477.766s][info][gc          ] GC(1039) Pause Remark 272M->219M(554M) 16.253ms
[477.766s][info][gc,cpu      ] GC(1039) User=0.03s Sys=0.00s Real=0.01s
[477.766s][info][gc,marking  ] GC(1039) Concurrent Mark 122.698ms
[477.766s][info][gc,marking  ] GC(1039) Concurrent Rebuild Remembered Sets and Scrub Regions
[477.820s][info][gc,marking  ] GC(1039) Concurrent Rebuild Remembered Sets and Scrub Regions 54.703ms
[477.821s][info][gc,start    ] GC(1039) Pause Cleanup
[477.821s][info][gc          ] GC(1039) Pause Cleanup 238M->238M(554M) 0.061ms
[477.821s][info][gc,cpu      ] GC(1039) User=0.00s Sys=0.00s Real=0.00s
[477.821s][info][gc,marking  ] GC(1039) Concurrent Clear Claimed Marks
[477.821s][info][gc,marking  ] GC(1039) Concurrent Clear Claimed Marks 0.037ms
[477.821s][info][gc,marking  ] GC(1039) Concurrent Cleanup for Next Mark
[477.822s][info][gc,marking  ] GC(1039) Concurrent Cleanup for Next Mark 1.554ms
[477.822s][info][gc          ] GC(1039) Concurrent Mark Cycle 191.364ms
[478.216s][info][gc,start    ] GC(1040) Pause Young (Prepare Mixed) (G1 Evacuation Pause)
[478.216s][info][gc,task     ] GC(1040) Using 2 workers of 2 for evacuation
[478.219s][info][gc,phases   ] GC(1040)   Pre Evacuate Collection Set: 0.23ms
[478.219s][info][gc,phases   ] GC(1040)   Merge Heap Roots: 0.07ms
[478.219s][info][gc,phases   ] GC(1040)   Evacuate Collection Set: 1.93ms
[478.219s][info][gc,phases   ] GC(1040)   Post Evacuate Collection Set: 0.41ms
[478.219s][info][gc,phases   ] GC(1040)   Other: 0.07ms
[478.219s][info][gc,heap     ] GC(1040) Eden regions: 197->0(244)
[478.219s][info][gc,heap     ] GC(1040) Survivor regions: 4->3(26)
[478.219s][info][gc,heap     ] GC(1040) Old regions: 174->174
[478.219s][info][gc,heap     ] GC(1040) Humongous regions: 6->5
[478.219s][info][gc,metaspace] GC(1040) Metaspace: 43080K(43456K)->43080K(43456K) NonClass: 40265K(40512K)->40265K(40512K) Class: 2815K(2944K)->2815K(2944K)
[478.219s][info][gc          ] GC(1040) Pause Young (Prepare Mixed) (G1 Evacuation Pause) 381M->181M(554M) 2.893ms
[478.219s][info][gc,cpu      ] GC(1040) User=0.01s Sys=0.00s Real=0.01s
[478.731s][info][gc,start    ] GC(1041) Pause Young (Mixed) (G1 Evacuation Pause)
[478.731s][info][gc,task     ] GC(1041) Using 2 workers of 2 for evacuation
[478.743s][info][gc,phases   ] GC(1041)   Pre Evacuate Collection Set: 0.37ms
[478.743s][info][gc,phases   ] GC(1041)   Merge Heap Roots: 0.28ms
[478.743s][info][gc,phases   ] GC(1041)   Evacuate Collection Set: 11.04ms
[478.743s][info][gc,phases   ] GC(1041)   Post Evacuate Collection Set: 0.50ms
[478.743s][info][gc,phases   ] GC(1041)   Other: 0.09ms
[478.743s][info][gc,heap     ] GC(1041) Eden regions: 244->0(277)
[478.743s][info][gc,heap     ] GC(1041) Survivor regions: 3->7(31)
[478.743s][info][gc,heap     ] GC(1041) Old regions: 174->138
[478.743s][info][gc,heap     ] GC(1041) Humongous regions: 5->3
[478.743s][info][gc,metaspace] GC(1041) Metaspace: 43080K(43456K)->43080K(43456K) NonClass: 40265K(40512K)->40265K(40512K) Class: 2815K(2944K)->2815K(2944K)
[478.743s][info][gc          ] GC(1041) Pause Young (Mixed) (G1 Evacuation Pause) 425M->147M(554M) 12.452ms
[478.743s][info][gc,cpu      ] GC(1041) User=0.02s Sys=0.00s Real=0.01s
[479.168s][info][gc,start    ] GC(1042) Pause Young (Normal) (G1 Evacuation Pause)
[479.168s][info][gc,task     ] GC(1042) Using 2 workers of 2 for evacuation
[479.173s][info][gc,phases   ] GC(1042)   Pre Evacuate Collection Set: 0.23ms
[479.173s][info][gc,phases   ] GC(1042)   Merge Heap Roots: 0.07ms
[479.173s][info][gc,phases   ] GC(1042)   Evacuate Collection Set: 4.14ms
[479.173s][info][gc,phases   ] GC(1042)   Post Evacuate Collection Set: 0.51ms
[479.173s][info][gc,phases   ] GC(1042)   Other: 0.08ms
[479.173s][info][gc,heap     ] GC(1042) Eden regions: 277->0(294)
[479.173s][info][gc,heap     ] GC(1042) Survivor regions: 7->6(36)
[479.173s][info][gc,heap     ] GC(1042) Old regions: 138->138
[479.173s][info][gc,heap     ] GC(1042) Humongous regions: 3->3
[479.173s][info][gc,metaspace] GC(1042) Metaspace: 43080K(43456K)->43080K(43456K) NonClass: 40265K(40512K)->40265K(40512K) Class: 2815K(2944K)->2815K(2944K)
[479.173s][info][gc          ] GC(1042) Pause Young (Normal) (G1 Evacuation Pause) 424M->146M(554M) 5.208ms
[479.173s][info][gc,cpu      ] GC(1042) User=0.01s Sys=0.00s Real=0.00s
[479.199s][info][gc,start    ] GC(1043) Pause Young (Concurrent Start) (G1 Humongous Allocation)
[479.199s][info][gc,task     ] GC(1043) Using 2 workers of 2 for evacuation
[479.203s][info][gc,phases   ] GC(1043)   Pre Evacuate Collection Set: 0.22ms
[479.203s][info][gc,phases   ] GC(1043)   Merge Heap Roots: 0.04ms
[479.203s][info][gc,phases   ] GC(1043)   Evacuate Collection Set: 3.02ms
[479.203s][info][gc,phases   ] GC(1043)   Post Evacuate Collection Set: 0.33ms
[479.203s][info][gc,phases   ] GC(1043)   Other: 0.09ms
[479.203s][info][gc,heap     ] GC(1043) Eden regions: 16->0(312)
[479.203s][info][gc,heap     ] GC(1043) Survivor regions: 6->4(38)
[479.203s][info][gc,heap     ] GC(1043) Old regions: 138->138
[479.203s][info][gc,heap     ] GC(1043) Humongous regions: 3->3
[479.203s][info][gc,metaspace] GC(1043) Metaspace: 43080K(43456K)->43080K(43456K) NonClass: 40265K(40512K)->40265K(40512K) Class: 2815K(2944K)->2815K(2944K)
[479.203s][info][gc          ] GC(1043) Pause Young (Concurrent Start) (G1 Humongous Allocation) 162M->144M(554M) 3.877ms
[479.203s][info][gc,cpu      ] GC(1043) User=0.01s Sys=0.00s Real=0.00s
[479.203s][info][gc          ] GC(1044) Concurrent Mark Cycle
[479.203s][info][gc,marking  ] GC(1044) Concurrent Scan Root Regions
[479.205s][info][gc,marking  ] GC(1044) Concurrent Scan Root Regions 2.063ms
[479.205s][info][gc,marking  ] GC(1044) Concurrent Mark
[479.205s][info][gc,marking  ] GC(1044) Concurrent Mark From Roots
[479.205s][info][gc,task     ] GC(1044) Using 1 workers of 1 for marking
[479.285s][info][gc,marking  ] GC(1044) Concurrent Mark From Roots 79.964ms
[479.285s][info][gc,marking  ] GC(1044) Concurrent Preclean
[479.285s][info][gc,marking  ] GC(1044) Concurrent Preclean 0.034ms
[479.285s][info][gc,start    ] GC(1044) Pause Remark
[479.302s][info][gc          ] GC(1044) Pause Remark 171M->111M(290M) 16.333ms
[479.302s][info][gc,cpu      ] GC(1044) User=0.03s Sys=0.00s Real=0.02s
[479.304s][info][gc,marking  ] GC(1044) Concurrent Mark 98.581ms
[479.304s][info][gc,marking  ] GC(1044) Concurrent Rebuild Remembered Sets and Scrub Regions
[479.332s][info][gc,marking  ] GC(1044) Concurrent Rebuild Remembered Sets and Scrub Regions 28.109ms
[479.332s][info][gc,start    ] GC(1044) Pause Cleanup
[479.332s][info][gc          ] GC(1044) Pause Cleanup 120M->120M(290M) 0.043ms
[479.332s][info][gc,cpu      ] GC(1044) User=0.00s Sys=0.00s Real=0.00s
[479.332s][info][gc,marking  ] GC(1044) Concurrent Clear Claimed Marks
[479.332s][info][gc,marking  ] GC(1044) Concurrent Clear Claimed Marks 0.035ms
[479.332s][info][gc,marking  ] GC(1044) Concurrent Cleanup for Next Mark
[479.333s][info][gc,marking  ] GC(1044) Concurrent Cleanup for Next Mark 0.839ms
[479.333s][info][gc          ] GC(1044) Concurrent Mark Cycle 129.942ms
[479.694s][info][gc,start    ] GC(1045) Pause Young (Prepare Mixed) (G1 Evacuation Pause)
[479.694s][info][gc,task     ] GC(1045) Using 2 workers of 2 for evacuation
[479.705s][info][gc,phases   ] GC(1045)   Pre Evacuate Collection Set: 0.20ms
[479.706s][info][gc,phases   ] GC(1045)   Merge Heap Roots: 0.07ms
[479.706s][info][gc,phases   ] GC(1045)   Evacuate Collection Set: 10.43ms
[479.706s][info][gc,phases   ] GC(1045)   Post Evacuate Collection Set: 0.90ms
[479.706s][info][gc,phases   ] GC(1045)   Other: 0.07ms
[479.706s][info][gc,heap     ] GC(1045) Eden regions: 77->0(223)
[479.706s][info][gc,heap     ] GC(1045) Survivor regions: 4->9(27)
[479.706s][info][gc,heap     ] GC(1045) Old regions: 80->80
[479.706s][info][gc,heap     ] GC(1045) Humongous regions: 217->3
[479.706s][info][gc,metaspace] GC(1045) Metaspace: 43080K(43456K)->43080K(43456K) NonClass: 40265K(40512K)->40265K(40512K) Class: 2815K(2944K)->2815K(2944K)
[479.706s][info][gc          ] GC(1045) Pause Young (Prepare Mixed) (G1 Evacuation Pause) 377M->91M(387M) 11.855ms
[479.706s][info][gc,cpu      ] GC(1045) User=0.02s Sys=0.01s Real=0.01s
[480.229s][info][gc,start    ] GC(1046) Pause Young (Mixed) (G1 Evacuation Pause)
[480.229s][info][gc,task     ] GC(1046) Using 2 workers of 2 for evacuation
[480.245s][info][gc,phases   ] GC(1046)   Pre Evacuate Collection Set: 0.26ms
[480.246s][info][gc,phases   ] GC(1046)   Merge Heap Roots: 0.07ms
[480.246s][info][gc,phases   ] GC(1046)   Evacuate Collection Set: 14.98ms
[480.246s][info][gc,phases   ] GC(1046)   Post Evacuate Collection Set: 1.12ms
[480.246s][info][gc,phases   ] GC(1046)   Other: 0.09ms
[480.246s][info][gc,heap     ] GC(1046) Eden regions: 55->0(286)
[480.246s][info][gc,heap     ] GC(1046) Survivor regions: 9->13(31)
[480.246s][info][gc,heap     ] GC(1046) Old regions: 80->71
[480.246s][info][gc,heap     ] GC(1046) Humongous regions: 341->3
[480.246s][info][gc,metaspace] GC(1046) Metaspace: 43080K(43456K)->43080K(43456K) NonClass: 40265K(40512K)->40265K(40512K) Class: 2815K(2944K)->2815K(2944K)
[480.246s][info][gc          ] GC(1046) Pause Young (Mixed) (G1 Evacuation Pause) 484M->85M(499M) 16.737ms
[480.246s][info][gc,cpu      ] GC(1046) User=0.03s Sys=0.00s Real=0.01s
[480.316s][info][gc,start    ] GC(1047) Pause Young (Concurrent Start) (G1 Humongous Allocation)
[480.316s][info][gc,task     ] GC(1047) Using 2 workers of 2 for evacuation
[480.328s][info][gc,phases   ] GC(1047)   Pre Evacuate Collection Set: 0.29ms
[480.328s][info][gc,phases   ] GC(1047)   Merge Heap Roots: 0.06ms
[480.328s][info][gc,phases   ] GC(1047)   Evacuate Collection Set: 10.12ms
[480.328s][info][gc,phases   ] GC(1047)   Post Evacuate Collection Set: 0.68ms
[480.328s][info][gc,phases   ] GC(1047)   Other: 0.09ms
[480.328s][info][gc,heap     ] GC(1047) Eden regions: 9->0(286)
[480.328s][info][gc,heap     ] GC(1047) Survivor regions: 13->13(38)
[480.328s][info][gc,heap     ] GC(1047) Old regions: 71->71
[480.328s][info][gc,heap     ] GC(1047) Humongous regions: 57->1
[480.328s][info][gc,metaspace] GC(1047) Metaspace: 43080K(43456K)->43080K(43456K) NonClass: 40265K(40512K)->40265K(40512K) Class: 2815K(2944K)->2815K(2944K)
[480.328s][info][gc          ] GC(1047) Pause Young (Concurrent Start) (G1 Humongous Allocation) 147M->83M(499M) 11.459ms
[480.328s][info][gc,cpu      ] GC(1047) User=0.02s Sys=0.00s Real=0.02s
[480.328s][info][gc          ] GC(1048) Concurrent Undo Cycle
[480.328s][info][gc,marking  ] GC(1048) Concurrent Clear Claimed Marks
[480.328s][info][gc,marking  ] GC(1048) Concurrent Clear Claimed Marks 0.038ms
[480.328s][info][gc,marking  ] GC(1048) Concurrent Cleanup for Next Mark
[480.328s][info][gc,marking  ] GC(1048) Concurrent Cleanup for Next Mark 0.197ms
[480.328s][info][gc          ] GC(1048) Concurrent Undo Cycle 0.313ms
[480.331s][info][gc,start    ] GC(1049) Pause Young (Concurrent Start) (G1 Humongous Allocation)
[480.331s][info][gc,task     ] GC(1049) Using 2 workers of 2 for evacuation
[480.341s][info][gc,phases   ] GC(1049)   Pre Evacuate Collection Set: 0.22ms
[480.341s][info][gc,phases   ] GC(1049)   Merge Heap Roots: 0.05ms
[480.341s][info][gc,phases   ] GC(1049)   Evacuate Collection Set: 9.77ms
[480.341s][info][gc,phases   ] GC(1049)   Post Evacuate Collection Set: 0.31ms
[480.341s][info][gc,phases   ] GC(1049)   Other: 0.08ms
[480.341s][info][gc,heap     ] GC(1049) Eden regions: 1->0(285)
[480.341s][info][gc,heap     ] GC(1049) Survivor regions: 13->14(38)
[480.341s][info][gc,heap     ] GC(1049) Old regions: 71->71
[480.341s][info][gc,heap     ] GC(1049) Humongous regions: 3->1
[480.341s][info][gc,metaspace] GC(1049) Metaspace: 43080K(43456K)->43080K(43456K) NonClass: 40265K(40512K)->40265K(40512K) Class: 2815K(2944K)->2815K(2944K)
[480.341s][info][gc          ] GC(1049) Pause Young (Concurrent Start) (G1 Humongous Allocation) 86M->84M(499M) 10.569ms
[480.341s][info][gc,cpu      ] GC(1049) User=0.02s Sys=0.00s Real=0.01s
[480.341s][info][gc          ] GC(1050) Concurrent Mark Cycle
[480.341s][info][gc,marking  ] GC(1050) Concurrent Scan Root Regions
[480.348s][info][gc,marking  ] GC(1050) Concurrent Scan Root Regions 6.901ms
[480.348s][info][gc,marking  ] GC(1050) Concurrent Mark
[480.348s][info][gc,marking  ] GC(1050) Concurrent Mark From Roots
[480.348s][info][gc,task     ] GC(1050) Using 1 workers of 1 for marking
[480.417s][info][gc,marking  ] GC(1050) Concurrent Mark From Roots 69.204ms
[480.417s][info][gc,marking  ] GC(1050) Concurrent Preclean
[480.417s][info][gc,marking  ] GC(1050) Concurrent Preclean 0.036ms
[480.417s][info][gc,start    ] GC(1050) Pause Remark
[480.434s][info][gc          ] GC(1050) Pause Remark 154M->154M(494M) 16.341ms
[480.434s][info][gc,cpu      ] GC(1050) User=0.03s Sys=0.00s Real=0.01s
[480.434s][info][gc,marking  ] GC(1050) Concurrent Mark 85.842ms
[480.434s][info][gc,marking  ] GC(1050) Concurrent Rebuild Remembered Sets and Scrub Regions
[480.461s][info][gc,marking  ] GC(1050) Concurrent Rebuild Remembered Sets and Scrub Regions 27.085ms
[480.461s][info][gc,start    ] GC(1050) Pause Cleanup
[480.461s][info][gc          ] GC(1050) Pause Cleanup 177M->177M(494M) 0.062ms
[480.461s][info][gc,cpu      ] GC(1050) User=0.00s Sys=0.00s Real=0.00s
[480.461s][info][gc,marking  ] GC(1050) Concurrent Clear Claimed Marks
[480.461s][info][gc,marking  ] GC(1050) Concurrent Clear Claimed Marks 0.041ms
[480.461s][info][gc,marking  ] GC(1050) Concurrent Cleanup for Next Mark
[480.465s][info][gc,marking  ] GC(1050) Concurrent Cleanup for Next Mark 3.251ms
[480.465s][info][gc          ] GC(1050) Concurrent Mark Cycle 123.500ms
[481.021s][info][gc,start    ] GC(1051) Pause Young (Prepare Mixed) (G1 Evacuation Pause)
[481.021s][info][gc,task     ] GC(1051) Using 2 workers of 2 for evacuation
[481.055s][info][gc,phases   ] GC(1051)   Pre Evacuate Collection Set: 0.28ms
[481.055s][info][gc,phases   ] GC(1051)   Merge Heap Roots: 0.08ms
[481.055s][info][gc,phases   ] GC(1051)   Evacuate Collection Set: 31.67ms
[481.055s][info][gc,phases   ] GC(1051)   Post Evacuate Collection Set: 1.29ms
[481.055s][info][gc,phases   ] GC(1051)   Other: 0.08ms
[481.055s][info][gc,heap     ] GC(1051) Eden regions: 80->0(337)
[481.055s][info][gc,heap     ] GC(1051) Survivor regions: 14->26(42)
[481.055s][info][gc,heap     ] GC(1051) Old regions: 71->71
[481.055s][info][gc,heap     ] GC(1051) Humongous regions: 415->3
[481.055s][info][gc,metaspace] GC(1051) Metaspace: 43080K(43456K)->43080K(43456K) NonClass: 40265K(40512K)->40265K(40512K) Class: 2815K(2944K)->2815K(2944K)
[481.055s][info][gc          ] GC(1051) Pause Young (Prepare Mixed) (G1 Evacuation Pause) 578M->98M(606M) 33.628ms
[481.055s][info][gc,cpu      ] GC(1051) User=0.05s Sys=0.02s Real=0.03s
[481.820s][info][gc,start    ] GC(1052) Pause Young (Mixed) (G1 Evacuation Pause)
[481.820s][info][gc,task     ] GC(1052) Using 2 workers of 2 for evacuation
[481.832s][info][gc,phases   ] GC(1052)   Pre Evacuate Collection Set: 0.32ms
[481.832s][info][gc,phases   ] GC(1052)   Merge Heap Roots: 0.09ms
[481.832s][info][gc,phases   ] GC(1052)   Evacuate Collection Set: 10.43ms
[481.832s][info][gc,phases   ] GC(1052)   Post Evacuate Collection Set: 1.00ms
[481.832s][info][gc,phases   ] GC(1052)   Other: 0.07ms
[481.832s][info][gc,heap     ] GC(1052) Eden regions: 158->0(361)
[481.832s][info][gc,heap     ] GC(1052) Survivor regions: 26->8(46)
[481.832s][info][gc,heap     ] GC(1052) Old regions: 71->66
[481.832s][info][gc,heap     ] GC(1052) Humongous regions: 351->1
[481.832s][info][gc,metaspace] GC(1052) Metaspace: 43081K(43456K)->43081K(43456K) NonClass: 40265K(40512K)->40265K(40512K) Class: 2815K(2944K)->2815K(2944K)
[481.832s][info][gc          ] GC(1052) Pause Young (Mixed) (G1 Evacuation Pause) 604M->73M(616M) 12.088ms
[481.832s][info][gc,cpu      ] GC(1052) User=0.02s Sys=0.01s Real=0.01s
[482.594s][info][gc,start    ] GC(1053) Pause Young (Normal) (G1 Evacuation Pause)
[482.594s][info][gc,task     ] GC(1053) Using 2 workers of 2 for evacuation
[482.603s][info][gc,phases   ] GC(1053)   Pre Evacuate Collection Set: 0.36ms
[482.603s][info][gc,phases   ] GC(1053)   Merge Heap Roots: 0.13ms
[482.603s][info][gc,phases   ] GC(1053)   Evacuate Collection Set: 6.96ms
[482.603s][info][gc,phases   ] GC(1053)   Post Evacuate Collection Set: 0.68ms
[482.603s][info][gc,phases   ] GC(1053)   Other: 0.07ms
[482.603s][info][gc,heap     ] GC(1053) Eden regions: 361->0(359)
[482.603s][info][gc,heap     ] GC(1053) Survivor regions: 8->10(47)
[482.603s][info][gc,heap     ] GC(1053) Old regions: 66->66
[482.603s][info][gc,heap     ] GC(1053) Humongous regions: 13->1
[482.603s][info][gc,metaspace] GC(1053) Metaspace: 43089K(43456K)->43089K(43456K) NonClass: 40273K(40512K)->40273K(40512K) Class: 2815K(2944K)->2815K(2944K)
[482.603s][info][gc          ] GC(1053) Pause Young (Normal) (G1 Evacuation Pause) 446M->75M(616M) 8.391ms
[482.603s][info][gc,cpu      ] GC(1053) User=0.02s Sys=0.00s Real=0.01s
[483.345s][info][gc,start    ] GC(1054) Pause Young (Normal) (G1 Evacuation Pause)
[483.345s][info][gc,task     ] GC(1054) Using 2 workers of 2 for evacuation
[483.355s][info][gc,phases   ] GC(1054)   Pre Evacuate Collection Set: 0.37ms
[483.355s][info][gc,phases   ] GC(1054)   Merge Heap Roots: 0.12ms
[483.355s][info][gc,phases   ] GC(1054)   Evacuate Collection Set: 8.54ms
[483.355s][info][gc,phases   ] GC(1054)   Post Evacuate Collection Set: 0.97ms
[483.355s][info][gc,phases   ] GC(1054)   Other: 0.08ms
[483.355s][info][gc,heap     ] GC(1054) Eden regions: 359->0(357)
[483.355s][info][gc,heap     ] GC(1054) Survivor regions: 10->12(47)
[483.355s][info][gc,heap     ] GC(1054) Old regions: 66->66
[483.355s][info][gc,heap     ] GC(1054) Humongous regions: 1->1
[483.355s][info][gc,metaspace] GC(1054) Metaspace: 43091K(43456K)->43091K(43456K) NonClass: 40275K(40512K)->40275K(40512K) Class: 2815K(2944K)->2815K(2944K)
[483.355s][info][gc          ] GC(1054) Pause Young (Normal) (G1 Evacuation Pause) 434M->77M(616M) 10.288ms
[483.355s][info][gc,cpu      ] GC(1054) User=0.02s Sys=0.00s Real=0.01s
[484.134s][info][gc,start    ] GC(1055) Pause Young (Normal) (G1 Evacuation Pause)
[484.134s][info][gc,task     ] GC(1055) Using 2 workers of 2 for evacuation
[484.144s][info][gc,phases   ] GC(1055)   Pre Evacuate Collection Set: 0.32ms
[484.144s][info][gc,phases   ] GC(1055)   Merge Heap Roots: 0.08ms
[484.145s][info][gc,phases   ] GC(1055)   Evacuate Collection Set: 9.44ms
[484.145s][info][gc,phases   ] GC(1055)   Post Evacuate Collection Set: 0.70ms
[484.145s][info][gc,phases   ] GC(1055)   Other: 0.10ms
[484.145s][info][gc,heap     ] GC(1055) Eden regions: 357->0(355)
[484.145s][info][gc,heap     ] GC(1055) Survivor regions: 12->14(47)
[484.145s][info][gc,heap     ] GC(1055) Old regions: 66->66
[484.145s][info][gc,heap     ] GC(1055) Humongous regions: 1->1
[484.145s][info][gc,metaspace] GC(1055) Metaspace: 43098K(43520K)->43098K(43520K) NonClass: 40283K(40576K)->40283K(40576K) Class: 2815K(2944K)->2815K(2944K)
[484.145s][info][gc          ] GC(1055) Pause Young (Normal) (G1 Evacuation Pause) 434M->79M(616M) 10.918ms
[484.145s][info][gc,cpu      ] GC(1055) User=0.02s Sys=0.00s Real=0.01s
[485.472s][info][gc,start    ] GC(1056) Pause Young (Normal) (G1 Evacuation Pause)
[485.472s][info][gc,task     ] GC(1056) Using 2 workers of 2 for evacuation
[485.485s][info][gc,phases   ] GC(1056)   Pre Evacuate Collection Set: 0.33ms
[485.485s][info][gc,phases   ] GC(1056)   Merge Heap Roots: 0.13ms
[485.485s][info][gc,phases   ] GC(1056)   Evacuate Collection Set: 11.42ms
[485.485s][info][gc,phases   ] GC(1056)   Post Evacuate Collection Set: 1.06ms
[485.485s][info][gc,phases   ] GC(1056)   Other: 0.11ms
[485.485s][info][gc,heap     ] GC(1056) Eden regions: 355->0(357)
[485.485s][info][gc,heap     ] GC(1056) Survivor regions: 14->12(47)
[485.485s][info][gc,heap     ] GC(1056) Old regions: 66->66
[485.485s][info][gc,heap     ] GC(1056) Humongous regions: 11->1
[485.485s][info][gc,metaspace] GC(1056) Metaspace: 43103K(43520K)->43103K(43520K) NonClass: 40287K(40576K)->40287K(40576K) Class: 2815K(2944K)->2815K(2944K)
[485.485s][info][gc          ] GC(1056) Pause Young (Normal) (G1 Evacuation Pause) 444M->77M(616M) 13.235ms
[485.485s][info][gc,cpu      ] GC(1056) User=0.03s Sys=0.00s Real=0.01s
[486.535s][info][gc,start    ] GC(1057) Pause Young (Normal) (G1 Evacuation Pause)
[486.535s][info][gc,task     ] GC(1057) Using 2 workers of 2 for evacuation
[486.589s][info][gc,phases   ] GC(1057)   Pre Evacuate Collection Set: 0.35ms
[486.589s][info][gc,phases   ] GC(1057)   Merge Heap Roots: 0.14ms
[486.589s][info][gc,phases   ] GC(1057)   Evacuate Collection Set: 52.71ms
[486.589s][info][gc,phases   ] GC(1057)   Post Evacuate Collection Set: 0.62ms
[486.589s][info][gc,phases   ] GC(1057)   Other: 0.10ms
[486.589s][info][gc,heap     ] GC(1057) Eden regions: 357->0(322)
[486.589s][info][gc,heap     ] GC(1057) Survivor regions: 12->47(47)
[486.589s][info][gc,heap     ] GC(1057) Old regions: 66->67
[486.589s][info][gc,heap     ] GC(1057) Humongous regions: 6->6
[486.589s][info][gc,metaspace] GC(1057) Metaspace: 43108K(43520K)->43108K(43520K) NonClass: 40293K(40576K)->40293K(40576K) Class: 2815K(2944K)->2815K(2944K)
[486.589s][info][gc          ] GC(1057) Pause Young (Normal) (G1 Evacuation Pause) 439M->118M(616M) 54.145ms
[486.589s][info][gc,cpu      ] GC(1057) User=0.11s Sys=0.00s Real=0.06s
[487.293s][info][gc,start    ] GC(1058) Pause Young (Normal) (G1 Evacuation Pause)
[487.293s][info][gc,task     ] GC(1058) Using 2 workers of 2 for evacuation
[487.384s][info][gc,phases   ] GC(1058)   Pre Evacuate Collection Set: 0.27ms
[487.384s][info][gc,phases   ] GC(1058)   Merge Heap Roots: 0.16ms
[487.384s][info][gc,phases   ] GC(1058)   Evacuate Collection Set: 90.45ms
[487.384s][info][gc,phases   ] GC(1058)   Post Evacuate Collection Set: 0.69ms
[487.384s][info][gc,phases   ] GC(1058)   Other: 0.10ms
[487.384s][info][gc,heap     ] GC(1058) Eden regions: 322->0(335)
[487.384s][info][gc,heap     ] GC(1058) Survivor regions: 47->34(47)
[487.384s][info][gc,heap     ] GC(1058) Old regions: 67->113
[487.384s][info][gc,heap     ] GC(1058) Humongous regions: 10->10
[487.384s][info][gc,metaspace] GC(1058) Metaspace: 43108K(43520K)->43108K(43520K) NonClass: 40293K(40576K)->40293K(40576K) Class: 2815K(2944K)->2815K(2944K)
[487.384s][info][gc          ] GC(1058) Pause Young (Normal) (G1 Evacuation Pause) 444M->155M(616M) 91.866ms
[487.384s][info][gc,cpu      ] GC(1058) User=0.19s Sys=0.00s Real=0.09s
[490.806s][info][gc,start    ] GC(1059) Pause Young (Normal) (G1 Evacuation Pause)
[490.806s][info][gc,task     ] GC(1059) Using 2 workers of 2 for evacuation
[490.866s][info][gc,phases   ] GC(1059)   Pre Evacuate Collection Set: 0.25ms
[490.866s][info][gc,phases   ] GC(1059)   Merge Heap Roots: 0.15ms
[490.866s][info][gc,phases   ] GC(1059)   Evacuate Collection Set: 58.81ms
[490.866s][info][gc,phases   ] GC(1059)   Post Evacuate Collection Set: 0.63ms
[490.866s][info][gc,phases   ] GC(1059)   Other: 0.08ms
[490.866s][info][gc,heap     ] GC(1059) Eden regions: 335->0(349)
[490.866s][info][gc,heap     ] GC(1059) Survivor regions: 34->20(47)
[490.866s][info][gc,heap     ] GC(1059) Old regions: 113->147
[490.866s][info][gc,heap     ] GC(1059) Humongous regions: 13->8
[490.866s][info][gc,metaspace] GC(1059) Metaspace: 43115K(43520K)->43115K(43520K) NonClass: 40300K(40576K)->40300K(40576K) Class: 2815K(2944K)->2815K(2944K)
[490.866s][info][gc          ] GC(1059) Pause Young (Normal) (G1 Evacuation Pause) 493M->173M(616M) 60.092ms
[490.866s][info][gc,cpu      ] GC(1059) User=0.12s Sys=0.00s Real=0.06s
[491.042s][info][gc,start    ] GC(1060) Pause Young (Concurrent Start) (G1 Humongous Allocation)
[491.042s][info][gc,task     ] GC(1060) Using 2 workers of 2 for evacuation
[491.059s][info][gc,phases   ] GC(1060)   Pre Evacuate Collection Set: 0.28ms
[491.060s][info][gc,phases   ] GC(1060)   Merge Heap Roots: 0.09ms
[491.060s][info][gc,phases   ] GC(1060)   Evacuate Collection Set: 16.17ms
[491.060s][info][gc,phases   ] GC(1060)   Post Evacuate Collection Set: 0.36ms
[491.060s][info][gc,phases   ] GC(1060)   Other: 0.08ms
[491.060s][info][gc,heap     ] GC(1060) Eden regions: 54->0(352)
[491.060s][info][gc,heap     ] GC(1060) Survivor regions: 20->17(47)
[491.060s][info][gc,heap     ] GC(1060) Old regions: 147->147
[491.060s][info][gc,heap     ] GC(1060) Humongous regions: 8->8
[491.060s][info][gc,metaspace] GC(1060) Metaspace: 43115K(43520K)->43115K(43520K) NonClass: 40300K(40576K)->40300K(40576K) Class: 2815K(2944K)->2815K(2944K)
[491.060s][info][gc          ] GC(1060) Pause Young (Concurrent Start) (G1 Humongous Allocation) 227M->170M(616M) 17.139ms
[491.060s][info][gc,cpu      ] GC(1060) User=0.03s Sys=0.00s Real=0.02s
[491.060s][info][gc          ] GC(1061) Concurrent Mark Cycle
[491.060s][info][gc,marking  ] GC(1061) Concurrent Scan Root Regions
[491.079s][info][gc,marking  ] GC(1061) Concurrent Scan Root Regions 19.752ms
[491.079s][info][gc,marking  ] GC(1061) Concurrent Mark
[491.079s][info][gc,marking  ] GC(1061) Concurrent Mark From Roots
[491.079s][info][gc,task     ] GC(1061) Using 1 workers of 1 for marking
[491.201s][info][gc,marking  ] GC(1061) Concurrent Mark From Roots 121.363ms
[491.201s][info][gc,marking  ] GC(1061) Concurrent Preclean
[491.201s][info][gc,marking  ] GC(1061) Concurrent Preclean 0.123ms
[491.201s][info][gc,start    ] GC(1061) Pause Remark
[491.218s][info][gc          ] GC(1061) Pause Remark 235M->213M(507M) 16.504ms
[491.218s][info][gc,cpu      ] GC(1061) User=0.03s Sys=0.00s Real=0.02s
[491.218s][info][gc,marking  ] GC(1061) Concurrent Mark 138.310ms
[491.218s][info][gc,marking  ] GC(1061) Concurrent Rebuild Remembered Sets and Scrub Regions
[491.266s][info][gc,marking  ] GC(1061) Concurrent Rebuild Remembered Sets and Scrub Regions 47.842ms
[491.266s][info][gc,start    ] GC(1061) Pause Cleanup
[491.266s][info][gc          ] GC(1061) Pause Cleanup 235M->235M(507M) 0.050ms
[491.266s][info][gc,cpu      ] GC(1061) User=0.00s Sys=0.00s Real=0.00s
[491.266s][info][gc,marking  ] GC(1061) Concurrent Clear Claimed Marks
[491.266s][info][gc,marking  ] GC(1061) Concurrent Clear Claimed Marks 0.036ms
[491.266s][info][gc,marking  ] GC(1061) Concurrent Cleanup for Next Mark
[491.268s][info][gc,marking  ] GC(1061) Concurrent Cleanup for Next Mark 1.956ms
[491.268s][info][gc          ] GC(1061) Concurrent Mark Cycle 208.243ms
[491.751s][info][gc,start    ] GC(1062) Pause Young (Prepare Mixed) (G1 Evacuation Pause)
[491.751s][info][gc,task     ] GC(1062) Using 2 workers of 2 for evacuation
[491.795s][info][gc,phases   ] GC(1062)   Pre Evacuate Collection Set: 0.24ms
[491.795s][info][gc,phases   ] GC(1062)   Merge Heap Roots: 0.25ms
[491.795s][info][gc,phases   ] GC(1062)   Evacuate Collection Set: 42.81ms
[491.795s][info][gc,phases   ] GC(1062)   Post Evacuate Collection Set: 0.54ms
[491.795s][info][gc,phases   ] GC(1062)   Other: 0.08ms
[491.795s][info][gc,heap     ] GC(1062) Eden regions: 287->0(266)
[491.795s][info][gc,heap     ] GC(1062) Survivor regions: 17->38(38)
[491.795s][info][gc,heap     ] GC(1062) Old regions: 132->132
[491.795s][info][gc,heap     ] GC(1062) Humongous regions: 6->6
[491.795s][info][gc,metaspace] GC(1062) Metaspace: 43115K(43520K)->43115K(43520K) NonClass: 40300K(40576K)->40300K(40576K) Class: 2815K(2944K)->2815K(2944K)
[491.795s][info][gc          ] GC(1062) Pause Young (Prepare Mixed) (G1 Evacuation Pause) 440M->174M(507M) 44.123ms
[491.795s][info][gc,cpu      ] GC(1062) User=0.09s Sys=0.00s Real=0.04s
[492.425s][info][gc,start    ] GC(1063) Pause Young (Mixed) (G1 Evacuation Pause)
[492.425s][info][gc,task     ] GC(1063) Using 2 workers of 2 for evacuation
[492.509s][info][gc,phases   ] GC(1063)   Pre Evacuate Collection Set: 0.22ms
[492.509s][info][gc,phases   ] GC(1063)   Merge Heap Roots: 0.15ms
[492.509s][info][gc,phases   ] GC(1063)   Evacuate Collection Set: 82.22ms
[492.509s][info][gc,phases   ] GC(1063)   Post Evacuate Collection Set: 0.57ms
[492.509s][info][gc,phases   ] GC(1063)   Other: 0.08ms
[492.509s][info][gc,heap     ] GC(1063) Eden regions: 266->0(255)
[492.509s][info][gc,heap     ] GC(1063) Survivor regions: 38->31(38)
[492.509s][info][gc,heap     ] GC(1063) Old regions: 132->157
[492.509s][info][gc,heap     ] GC(1063) Humongous regions: 10->10
[492.509s][info][gc,metaspace] GC(1063) Metaspace: 43115K(43520K)->43115K(43520K) NonClass: 40300K(40576K)->40300K(40576K) Class: 2815K(2944K)->2815K(2944K)
[492.509s][info][gc          ] GC(1063) Pause Young (Mixed) (G1 Evacuation Pause) 444M->196M(515M) 83.456ms
[492.509s][info][gc,cpu      ] GC(1063) User=0.16s Sys=0.00s Real=0.09s
[493.008s][info][gc,start    ] GC(1064) Pause Young (Concurrent Start) (G1 Humongous Allocation)
[493.008s][info][gc,task     ] GC(1064) Using 2 workers of 2 for evacuation
[493.070s][info][gc,phases   ] GC(1064)   Pre Evacuate Collection Set: 0.25ms
[493.071s][info][gc,phases   ] GC(1064)   Merge Heap Roots: 0.18ms
[493.071s][info][gc,phases   ] GC(1064)   Evacuate Collection Set: 61.08ms
[493.071s][info][gc,phases   ] GC(1064)   Post Evacuate Collection Set: 0.50ms
[493.071s][info][gc,phases   ] GC(1064)   Other: 0.10ms
[493.071s][info][gc,heap     ] GC(1064) Eden regions: 161->0(221)
[493.071s][info][gc,heap     ] GC(1064) Survivor regions: 31->28(36)
[493.071s][info][gc,heap     ] GC(1064) Old regions: 157->188
[493.071s][info][gc,heap     ] GC(1064) Humongous regions: 10->10
[493.071s][info][gc,metaspace] GC(1064) Metaspace: 43115K(43520K)->43115K(43520K) NonClass: 40300K(40576K)->40300K(40576K) Class: 2815K(2944K)->2815K(2944K)
[493.071s][info][gc          ] GC(1064) Pause Young (Concurrent Start) (G1 Humongous Allocation) 357M->224M(515M) 62.367ms
[493.071s][info][gc          ] GC(1065) Concurrent Mark Cycle
[493.071s][info][gc,marking  ] GC(1065) Concurrent Scan Root Regions
[493.073s][info][gc,cpu      ] GC(1064) User=0.12s Sys=0.00s Real=0.06s
[493.121s][info][gc,marking  ] GC(1065) Concurrent Scan Root Regions 50.316ms
[493.121s][info][gc,marking  ] GC(1065) Concurrent Mark
[493.121s][info][gc,marking  ] GC(1065) Concurrent Mark From Roots
[493.121s][info][gc,task     ] GC(1065) Using 1 workers of 1 for marking
[493.196s][info][gc,marking  ] GC(1065) Concurrent Mark From Roots 74.938ms
[493.196s][info][gc,marking  ] GC(1065) Concurrent Preclean
[493.196s][info][gc,marking  ] GC(1065) Concurrent Preclean 0.040ms
[493.196s][info][gc,start    ] GC(1065) Pause Remark
[493.213s][info][gc          ] GC(1065) Pause Remark 234M->162M(515M) 16.863ms
[493.213s][info][gc,cpu      ] GC(1065) User=0.03s Sys=0.00s Real=0.02s
[493.213s][info][gc,marking  ] GC(1065) Concurrent Mark 92.155ms
[493.213s][info][gc,marking  ] GC(1065) Concurrent Rebuild Remembered Sets and Scrub Regions
[493.270s][info][gc,marking  ] GC(1065) Concurrent Rebuild Remembered Sets and Scrub Regions 56.945ms
[493.270s][info][gc,start    ] GC(1065) Pause Cleanup
[493.270s][info][gc          ] GC(1065) Pause Cleanup 165M->165M(515M) 0.065ms
[493.270s][info][gc,cpu      ] GC(1065) User=0.00s Sys=0.00s Real=0.00s
[493.270s][info][gc,marking  ] GC(1065) Concurrent Clear Claimed Marks
[493.271s][info][gc,marking  ] GC(1065) Concurrent Clear Claimed Marks 0.040ms
[493.271s][info][gc,marking  ] GC(1065) Concurrent Cleanup for Next Mark
[493.272s][info][gc,marking  ] GC(1065) Concurrent Cleanup for Next Mark 1.566ms
[493.272s][info][gc          ] GC(1065) Concurrent Mark Cycle 201.431ms
[494.572s][info][gc,start    ] GC(1066) Pause Young (Prepare Mixed) (G1 Evacuation Pause)
[494.572s][info][gc,task     ] GC(1066) Using 2 workers of 2 for evacuation
[494.609s][info][gc,phases   ] GC(1066)   Pre Evacuate Collection Set: 0.22ms
[494.609s][info][gc,phases   ] GC(1066)   Merge Heap Roots: 0.19ms
[494.609s][info][gc,phases   ] GC(1066)   Evacuate Collection Set: 36.14ms
[494.610s][info][gc,phases   ] GC(1066)   Post Evacuate Collection Set: 0.49ms
[494.610s][info][gc,phases   ] GC(1066)   Other: 0.07ms
[494.610s][info][gc,heap     ] GC(1066) Eden regions: 221->0(273)
[494.610s][info][gc,heap     ] GC(1066) Survivor regions: 28->15(32)
[494.610s][info][gc,heap     ] GC(1066) Old regions: 118->135
[494.610s][info][gc,heap     ] GC(1066) Humongous regions: 15->13
[494.610s][info][gc,metaspace] GC(1066) Metaspace: 43115K(43520K)->43115K(43520K) NonClass: 40300K(40576K)->40300K(40576K) Class: 2815K(2944K)->2815K(2944K)
[494.610s][info][gc          ] GC(1066) Pause Young (Prepare Mixed) (G1 Evacuation Pause) 380M->161M(515M) 37.297ms
[494.610s][info][gc,cpu      ] GC(1066) User=0.07s Sys=0.00s Real=0.04s
[496.031s][info][gc,start    ] GC(1067) Pause Young (Mixed) (G1 Evacuation Pause)
[496.031s][info][gc,task     ] GC(1067) Using 2 workers of 2 for evacuation
[496.045s][info][gc,phases   ] GC(1067)   Pre Evacuate Collection Set: 0.23ms
[496.045s][info][gc,phases   ] GC(1067)   Merge Heap Roots: 0.12ms
[496.045s][info][gc,phases   ] GC(1067)   Evacuate Collection Set: 12.93ms
[496.045s][info][gc,phases   ] GC(1067)   Post Evacuate Collection Set: 0.52ms
[496.045s][info][gc,phases   ] GC(1067)   Other: 0.07ms
[496.045s][info][gc,heap     ] GC(1067) Eden regions: 273->0(292)
[496.045s][info][gc,heap     ] GC(1067) Survivor regions: 15->14(36)
[496.045s][info][gc,heap     ] GC(1067) Old regions: 135->126
[496.045s][info][gc,heap     ] GC(1067) Humongous regions: 13->13
[496.045s][info][gc,metaspace] GC(1067) Metaspace: 43115K(43520K)->43115K(43520K) NonClass: 40300K(40576K)->40300K(40576K) Class: 2815K(2944K)->2815K(2944K)
[496.045s][info][gc          ] GC(1067) Pause Young (Mixed) (G1 Evacuation Pause) 434M->151M(515M) 14.056ms
[496.045s][info][gc,cpu      ] GC(1067) User=0.03s Sys=0.00s Real=0.01s
[497.397s][info][gc,start    ] GC(1068) Pause Young (Concurrent Start) (G1 Humongous Allocation)
[497.397s][info][gc,task     ] GC(1068) Using 2 workers of 2 for evacuation
[497.409s][info][gc,phases   ] GC(1068)   Pre Evacuate Collection Set: 0.23ms
[497.409s][info][gc,phases   ] GC(1068)   Merge Heap Roots: 0.11ms
[497.409s][info][gc,phases   ] GC(1068)   Evacuate Collection Set: 11.47ms
[497.409s][info][gc,phases   ] GC(1068)   Post Evacuate Collection Set: 0.49ms
[497.409s][info][gc,phases   ] GC(1068)   Other: 0.08ms
[497.410s][info][gc,heap     ] GC(1068) Eden regions: 250->0(297)
[497.410s][info][gc,heap     ] GC(1068) Survivor regions: 14->12(39)
[497.410s][info][gc,heap     ] GC(1068) Old regions: 126->126
[497.410s][info][gc,heap     ] GC(1068) Humongous regions: 13->13
[497.410s][info][gc,metaspace] GC(1068) Metaspace: 43115K(43520K)->43115K(43520K) NonClass: 40300K(40576K)->40300K(40576K) Class: 2815K(2944K)->2815K(2944K)
[497.410s][info][gc          ] GC(1068) Pause Young (Concurrent Start) (G1 Humongous Allocation) 400M->150M(515M) 12.544ms
[497.410s][info][gc,cpu      ] GC(1068) User=0.03s Sys=0.00s Real=0.01s
[497.410s][info][gc          ] GC(1069) Concurrent Mark Cycle
[497.410s][info][gc,marking  ] GC(1069) Concurrent Scan Root Regions
[497.416s][info][gc,marking  ] GC(1069) Concurrent Scan Root Regions 6.412ms
[497.416s][info][gc,marking  ] GC(1069) Concurrent Mark
[497.416s][info][gc,marking  ] GC(1069) Concurrent Mark From Roots
[497.416s][info][gc,task     ] GC(1069) Using 1 workers of 1 for marking
[497.447s][info][gc,marking  ] GC(1069) Concurrent Mark From Roots 31.226ms
[497.447s][info][gc,marking  ] GC(1069) Concurrent Preclean
[497.447s][info][gc,marking  ] GC(1069) Concurrent Preclean 0.032ms
[497.448s][info][gc,start    ] GC(1069) Pause Remark
[497.463s][info][gc          ] GC(1069) Pause Remark 159M->69M(256M) 15.819ms
[497.463s][info][gc,cpu      ] GC(1069) User=0.03s Sys=0.00s Real=0.01s
[497.463s][info][gc,marking  ] GC(1069) Concurrent Mark 47.324ms
[497.463s][info][gc,marking  ] GC(1069) Concurrent Rebuild Remembered Sets and Scrub Regions
[497.475s][info][gc,marking  ] GC(1069) Concurrent Rebuild Remembered Sets and Scrub Regions 11.137ms
[497.475s][info][gc,start    ] GC(1069) Pause Cleanup
[497.475s][info][gc          ] GC(1069) Pause Cleanup 71M->71M(256M) 0.045ms
[497.475s][info][gc,cpu      ] GC(1069) User=0.00s Sys=0.00s Real=0.00s
[497.475s][info][gc,marking  ] GC(1069) Concurrent Clear Claimed Marks
[497.475s][info][gc,marking  ] GC(1069) Concurrent Clear Claimed Marks 0.032ms
[497.475s][info][gc,marking  ] GC(1069) Concurrent Cleanup for Next Mark
[497.476s][info][gc,marking  ] GC(1069) Concurrent Cleanup for Next Mark 0.716ms
[497.476s][info][gc          ] GC(1069) Concurrent Mark Cycle 65.969ms
[498.184s][info][gc,start    ] GC(1070) Pause Young (Prepare Mixed) (G1 Evacuation Pause)
[498.184s][info][gc,task     ] GC(1070) Using 2 workers of 2 for evacuation
[498.191s][info][gc,phases   ] GC(1070)   Pre Evacuate Collection Set: 0.21ms
[498.192s][info][gc,phases   ] GC(1070)   Merge Heap Roots: 0.14ms
[498.192s][info][gc,phases   ] GC(1070)   Evacuate Collection Set: 6.65ms
[498.192s][info][gc,phases   ] GC(1070)   Post Evacuate Collection Set: 0.41ms
[498.192s][info][gc,phases   ] GC(1070)   Other: 0.07ms
[498.192s][info][gc,heap     ] GC(1070) Eden regions: 141->0(150)
[498.192s][info][gc,heap     ] GC(1070) Survivor regions: 12->3(20)
[498.192s][info][gc,heap     ] GC(1070) Old regions: 48->55
[498.192s][info][gc,heap     ] GC(1070) Humongous regions: 2->1
[498.192s][info][gc,metaspace] GC(1070) Metaspace: 43115K(43520K)->43115K(43520K) NonClass: 40300K(40576K)->40300K(40576K) Class: 2815K(2944K)->2815K(2944K)
[498.192s][info][gc          ] GC(1070) Pause Young (Prepare Mixed) (G1 Evacuation Pause) 202M->57M(256M) 7.657ms
[498.192s][info][gc,cpu      ] GC(1070) User=0.01s Sys=0.00s Real=0.01s
[498.918s][info][gc,start    ] GC(1071) Pause Young (Mixed) (G1 Evacuation Pause)
[498.918s][info][gc,task     ] GC(1071) Using 2 workers of 2 for evacuation
[498.937s][info][gc,phases   ] GC(1071)   Pre Evacuate Collection Set: 0.23ms
[498.937s][info][gc,phases   ] GC(1071)   Merge Heap Roots: 0.08ms
[498.937s][info][gc,phases   ] GC(1071)   Evacuate Collection Set: 18.36ms
[498.937s][info][gc,phases   ] GC(1071)   Post Evacuate Collection Set: 0.44ms
[498.937s][info][gc,phases   ] GC(1071)   Other: 0.07ms
[498.937s][info][gc,heap     ] GC(1071) Eden regions: 150->0(134)
[498.937s][info][gc,heap     ] GC(1071) Survivor regions: 3->19(20)
[498.937s][info][gc,heap     ] GC(1071) Old regions: 55->51
[498.937s][info][gc,heap     ] GC(1071) Humongous regions: 1->1
[498.937s][info][gc,metaspace] GC(1071) Metaspace: 43115K(43520K)->43115K(43520K) NonClass: 40300K(40576K)->40300K(40576K) Class: 2815K(2944K)->2815K(2944K)
[498.937s][info][gc          ] GC(1071) Pause Young (Mixed) (G1 Evacuation Pause) 207M->71M(256M) 19.375ms
[498.937s][info][gc,cpu      ] GC(1071) User=0.03s Sys=0.00s Real=0.02s
[498.965s][info][gc,start    ] GC(1072) Pause Young (Concurrent Start) (G1 Humongous Allocation)
[498.965s][info][gc,task     ] GC(1072) Using 2 workers of 2 for evacuation
[498.978s][info][gc,phases   ] GC(1072)   Pre Evacuate Collection Set: 0.18ms
[498.978s][info][gc,phases   ] GC(1072)   Merge Heap Roots: 0.05ms
[498.978s][info][gc,phases   ] GC(1072)   Evacuate Collection Set: 13.14ms
[498.978s][info][gc,phases   ] GC(1072)   Post Evacuate Collection Set: 0.29ms
[498.978s][info][gc,phases   ] GC(1072)   Other: 0.07ms
[498.978s][info][gc,heap     ] GC(1072) Eden regions: 4->0(100)
[498.978s][info][gc,heap     ] GC(1072) Survivor regions: 19->2(20)
[498.978s][info][gc,heap     ] GC(1072) Old regions: 51->70
[498.978s][info][gc,heap     ] GC(1072) Humongous regions: 1->1
[498.978s][info][gc,metaspace] GC(1072) Metaspace: 43115K(43520K)->43115K(43520K) NonClass: 40300K(40576K)->40300K(40576K) Class: 2815K(2944K)->2815K(2944K)
[498.978s][info][gc          ] GC(1072) Pause Young (Concurrent Start) (G1 Humongous Allocation) 74M->72M(256M) 13.886ms
[498.978s][info][gc,cpu      ] GC(1072) User=0.03s Sys=0.00s Real=0.02s
[498.978s][info][gc          ] GC(1073) Concurrent Mark Cycle
[498.981s][info][gc,marking  ] GC(1073) Concurrent Scan Root Regions
[499.007s][info][gc,marking  ] GC(1073) Concurrent Scan Root Regions 26.435ms
[499.007s][info][gc,marking  ] GC(1073) Concurrent Mark
[499.007s][info][gc,marking  ] GC(1073) Concurrent Mark From Roots
[499.007s][info][gc,task     ] GC(1073) Using 1 workers of 1 for marking
[499.057s][info][gc,marking  ] GC(1073) Concurrent Mark From Roots 49.258ms
[499.057s][info][gc,marking  ] GC(1073) Concurrent Preclean
[499.057s][info][gc,marking  ] GC(1073) Concurrent Preclean 0.033ms
[499.057s][info][gc,start    ] GC(1073) Pause Remark
[499.073s][info][gc          ] GC(1073) Pause Remark 91M->89M(256M) 16.123ms
[499.073s][info][gc,cpu      ] GC(1073) User=0.03s Sys=0.00s Real=0.01s
[499.074s][info][gc,marking  ] GC(1073) Concurrent Mark 66.541ms
[499.074s][info][gc,marking  ] GC(1073) Concurrent Rebuild Remembered Sets and Scrub Regions
[499.096s][info][gc,marking  ] GC(1073) Concurrent Rebuild Remembered Sets and Scrub Regions 22.455ms
[499.096s][info][gc,start    ] GC(1073) Pause Cleanup
[499.096s][info][gc          ] GC(1073) Pause Cleanup 100M->100M(256M) 0.042ms
[499.096s][info][gc,cpu      ] GC(1073) User=0.00s Sys=0.00s Real=0.00s
[499.097s][info][gc,marking  ] GC(1073) Concurrent Clear Claimed Marks
[499.097s][info][gc,marking  ] GC(1073) Concurrent Clear Claimed Marks 0.033ms
[499.097s][info][gc,marking  ] GC(1073) Concurrent Cleanup for Next Mark
[499.097s][info][gc,marking  ] GC(1073) Concurrent Cleanup for Next Mark 0.744ms
[499.097s][info][gc          ] GC(1073) Concurrent Mark Cycle 118.854ms
[499.257s][info][gc,start    ] GC(1074) Pause Young (Prepare Mixed) (G1 Evacuation Pause)
[499.257s][info][gc,task     ] GC(1074) Using 2 workers of 2 for evacuation
[499.270s][info][gc,phases   ] GC(1074)   Pre Evacuate Collection Set: 0.15ms
[499.270s][info][gc,phases   ] GC(1074)   Merge Heap Roots: 0.06ms
[499.270s][info][gc,phases   ] GC(1074)   Evacuate Collection Set: 12.70ms
[499.270s][info][gc,phases   ] GC(1074)   Post Evacuate Collection Set: 0.34ms
[499.270s][info][gc,phases   ] GC(1074)   Other: 0.08ms
[499.270s][info][gc,heap     ] GC(1074) Eden regions: 100->0(100)
[499.270s][info][gc,heap     ] GC(1074) Survivor regions: 2->13(13)
[499.270s][info][gc,heap     ] GC(1074) Old regions: 68->69
[499.270s][info][gc,heap     ] GC(1074) Humongous regions: 3->3
[499.270s][info][gc,metaspace] GC(1074) Metaspace: 43115K(43520K)->43115K(43520K) NonClass: 40300K(40576K)->40300K(40576K) Class: 2815K(2944K)->2815K(2944K)
[499.270s][info][gc          ] GC(1074) Pause Young (Prepare Mixed) (G1 Evacuation Pause) 172M->84M(256M) 13.509ms
[499.270s][info][gc,cpu      ] GC(1074) User=0.03s Sys=0.00s Real=0.01s
[499.488s][info][gc,start    ] GC(1075) Pause Young (Mixed) (G1 Evacuation Pause)
[499.488s][info][gc,task     ] GC(1075) Using 2 workers of 2 for evacuation
[499.514s][info][gc,phases   ] GC(1075)   Pre Evacuate Collection Set: 0.16ms
[499.514s][info][gc,phases   ] GC(1075)   Merge Heap Roots: 0.12ms
[499.514s][info][gc,phases   ] GC(1075)   Evacuate Collection Set: 25.20ms
[499.514s][info][gc,phases   ] GC(1075)   Post Evacuate Collection Set: 0.40ms
[499.514s][info][gc,phases   ] GC(1075)   Other: 0.07ms
[499.514s][info][gc,heap     ] GC(1075) Eden regions: 100->0(107)
[499.514s][info][gc,heap     ] GC(1075) Survivor regions: 13->13(15)
[499.514s][info][gc,heap     ] GC(1075) Old regions: 69->65
[499.514s][info][gc,heap     ] GC(1075) Humongous regions: 4->4
[499.514s][info][gc,metaspace] GC(1075) Metaspace: 43115K(43520K)->43115K(43520K) NonClass: 40300K(40576K)->40300K(40576K) Class: 2815K(2944K)->2815K(2944K)
[499.514s][info][gc          ] GC(1075) Pause Young (Mixed) (G1 Evacuation Pause) 185M->81M(256M) 26.161ms
[499.514s][info][gc,cpu      ] GC(1075) User=0.05s Sys=0.00s Real=0.02s
[499.672s][info][gc,start    ] GC(1076) Pause Young (Concurrent Start) (G1 Humongous Allocation)
[499.672s][info][gc,task     ] GC(1076) Using 2 workers of 2 for evacuation
[499.690s][info][gc,phases   ] GC(1076)   Pre Evacuate Collection Set: 0.17ms
[499.690s][info][gc,phases   ] GC(1076)   Merge Heap Roots: 0.05ms
[499.691s][info][gc,phases   ] GC(1076)   Evacuate Collection Set: 17.56ms
[499.691s][info][gc,phases   ] GC(1076)   Post Evacuate Collection Set: 0.61ms
[499.691s][info][gc,phases   ] GC(1076)   Other: 0.11ms
[499.691s][info][gc,heap     ] GC(1076) Eden regions: 73->0(123)
[499.691s][info][gc,heap     ] GC(1076) Survivor regions: 13->9(15)
[499.691s][info][gc,heap     ] GC(1076) Old regions: 65->78
[499.691s][info][gc,heap     ] GC(1076) Humongous regions: 4->4
[499.691s][info][gc,metaspace] GC(1076) Metaspace: 43115K(43520K)->43115K(43520K) NonClass: 40300K(40576K)->40300K(40576K) Class: 2815K(2944K)->2815K(2944K)
[499.691s][info][gc          ] GC(1076) Pause Young (Concurrent Start) (G1 Humongous Allocation) 154M->90M(285M) 18.683ms
[499.691s][info][gc          ] GC(1077) Concurrent Mark Cycle
[499.691s][info][gc,marking  ] GC(1077) Concurrent Scan Root Regions
[499.693s][info][gc,cpu      ] GC(1076) User=0.04s Sys=0.00s Real=0.02s
[499.704s][info][gc,marking  ] GC(1077) Concurrent Scan Root Regions 13.857ms
[499.705s][info][gc,marking  ] GC(1077) Concurrent Mark
[499.705s][info][gc,marking  ] GC(1077) Concurrent Mark From Roots
[499.705s][info][gc,task     ] GC(1077) Using 1 workers of 1 for marking
[499.753s][info][gc,marking  ] GC(1077) Concurrent Mark From Roots 48.451ms
[499.753s][info][gc,marking  ] GC(1077) Concurrent Preclean
[499.753s][info][gc,marking  ] GC(1077) Concurrent Preclean 0.035ms
[499.753s][info][gc,start    ] GC(1077) Pause Remark
[499.770s][info][gc          ] GC(1077) Pause Remark 112M->106M(285M) 17.106ms
[499.770s][info][gc,cpu      ] GC(1077) User=0.04s Sys=0.00s Real=0.02s
[499.773s][info][gc,marking  ] GC(1077) Concurrent Mark 68.245ms
[499.773s][info][gc,marking  ] GC(1077) Concurrent Rebuild Remembered Sets and Scrub Regions
[499.805s][info][gc,marking  ] GC(1077) Concurrent Rebuild Remembered Sets and Scrub Regions 32.336ms
[499.805s][info][gc,start    ] GC(1077) Pause Cleanup
[499.805s][info][gc          ] GC(1077) Pause Cleanup 118M->118M(285M) 0.046ms
[499.805s][info][gc,cpu      ] GC(1077) User=0.00s Sys=0.00s Real=0.00s
[499.805s][info][gc,marking  ] GC(1077) Concurrent Clear Claimed Marks
[499.805s][info][gc,marking  ] GC(1077) Concurrent Clear Claimed Marks 0.036ms
[499.805s][info][gc,marking  ] GC(1077) Concurrent Cleanup for Next Mark
[499.806s][info][gc,marking  ] GC(1077) Concurrent Cleanup for Next Mark 1.122ms
[499.807s][info][gc          ] GC(1077) Concurrent Mark Cycle 115.905ms
[500.011s][info][gc,start    ] GC(1078) Pause Young (Prepare Mixed) (G1 Evacuation Pause)
[500.011s][info][gc,task     ] GC(1078) Using 2 workers of 2 for evacuation
[500.037s][info][gc,phases   ] GC(1078)   Pre Evacuate Collection Set: 0.15ms
[500.037s][info][gc,phases   ] GC(1078)   Merge Heap Roots: 0.09ms
[500.037s][info][gc,phases   ] GC(1078)   Evacuate Collection Set: 25.30ms
[500.037s][info][gc,phases   ] GC(1078)   Post Evacuate Collection Set: 0.44ms
[500.037s][info][gc,phases   ] GC(1078)   Other: 0.11ms
[500.037s][info][gc,heap     ] GC(1078) Eden regions: 123->0(122)
[500.037s][info][gc,heap     ] GC(1078) Survivor regions: 9->17(17)
[500.037s][info][gc,heap     ] GC(1078) Old regions: 72->78
[500.037s][info][gc,heap     ] GC(1078) Humongous regions: 6->6
[500.037s][info][gc,metaspace] GC(1078) Metaspace: 43115K(43520K)->43115K(43520K) NonClass: 40300K(40576K)->40300K(40576K) Class: 2815K(2944K)->2815K(2944K)
[500.037s][info][gc          ] GC(1078) Pause Young (Prepare Mixed) (G1 Evacuation Pause) 209M->100M(285M) 26.304ms
[500.037s][info][gc,cpu      ] GC(1078) User=0.06s Sys=0.00s Real=0.03s
[500.296s][info][gc,start    ] GC(1079) Pause Young (Mixed) (G1 Evacuation Pause)
[500.296s][info][gc,task     ] GC(1079) Using 2 workers of 2 for evacuation
[500.331s][info][gc,phases   ] GC(1079)   Pre Evacuate Collection Set: 0.19ms
[500.332s][info][gc,phases   ] GC(1079)   Merge Heap Roots: 0.14ms
[500.332s][info][gc,phases   ] GC(1079)   Evacuate Collection Set: 35.02ms
[500.332s][info][gc,phases   ] GC(1079)   Post Evacuate Collection Set: 0.40ms
[500.332s][info][gc,phases   ] GC(1079)   Other: 0.09ms
[500.332s][info][gc,heap     ] GC(1079) Eden regions: 122->0(122)
[500.332s][info][gc,heap     ] GC(1079) Survivor regions: 17->15(18)
[500.332s][info][gc,heap     ] GC(1079) Old regions: 78->86
[500.332s][info][gc,heap     ] GC(1079) Humongous regions: 6->6
[500.332s][info][gc,metaspace] GC(1079) Metaspace: 43115K(43520K)->43115K(43520K) NonClass: 40300K(40576K)->40300K(40576K) Class: 2815K(2944K)->2815K(2944K)
[500.332s][info][gc          ] GC(1079) Pause Young (Mixed) (G1 Evacuation Pause) 222M->106M(285M) 36.028ms
[500.332s][info][gc,cpu      ] GC(1079) User=0.07s Sys=0.00s Real=0.04s
[500.399s][info][gc,start    ] GC(1080) Pause Young (Concurrent Start) (G1 Humongous Allocation)
[500.399s][info][gc,task     ] GC(1080) Using 2 workers of 2 for evacuation
[500.418s][info][gc,phases   ] GC(1080)   Pre Evacuate Collection Set: 0.19ms
[500.418s][info][gc,phases   ] GC(1080)   Merge Heap Roots: 0.06ms
[500.418s][info][gc,phases   ] GC(1080)   Evacuate Collection Set: 17.99ms
[500.418s][info][gc,phases   ] GC(1080)   Post Evacuate Collection Set: 0.31ms
[500.418s][info][gc,phases   ] GC(1080)   Other: 0.09ms
[500.418s][info][gc,heap     ] GC(1080) Eden regions: 29->0(124)
[500.418s][info][gc,heap     ] GC(1080) Survivor regions: 15->4(18)
[500.418s][info][gc,heap     ] GC(1080) Old regions: 86->100
[500.418s][info][gc,heap     ] GC(1080) Humongous regions: 6->6
[500.418s][info][gc,metaspace] GC(1080) Metaspace: 43115K(43520K)->43115K(43520K) NonClass: 40300K(40576K)->40300K(40576K) Class: 2815K(2944K)->2815K(2944K)
[500.418s][info][gc          ] GC(1080) Pause Young (Concurrent Start) (G1 Humongous Allocation) 135M->110M(285M) 18.873ms
[500.418s][info][gc,cpu      ] GC(1080) User=0.04s Sys=0.00s Real=0.02s
[500.418s][info][gc          ] GC(1081) Concurrent Mark Cycle
[500.418s][info][gc,marking  ] GC(1081) Concurrent Scan Root Regions
[500.434s][info][gc,marking  ] GC(1081) Concurrent Scan Root Regions 16.507ms
[500.434s][info][gc,marking  ] GC(1081) Concurrent Mark
[500.434s][info][gc,marking  ] GC(1081) Concurrent Mark From Roots
[500.434s][info][gc,task     ] GC(1081) Using 1 workers of 1 for marking
[500.534s][info][gc,marking  ] GC(1081) Concurrent Mark From Roots 99.051ms
[500.534s][info][gc,marking  ] GC(1081) Concurrent Preclean
[500.534s][info][gc,marking  ] GC(1081) Concurrent Preclean 0.038ms
[500.534s][info][gc,start    ] GC(1081) Pause Remark
[500.550s][info][gc          ] GC(1081) Pause Remark 143M->142M(285M) 15.758ms
[500.550s][info][gc,cpu      ] GC(1081) User=0.03s Sys=0.00s Real=0.02s
[500.550s][info][gc,marking  ] GC(1081) Concurrent Mark 115.196ms
[500.550s][info][gc,marking  ] GC(1081) Concurrent Rebuild Remembered Sets and Scrub Regions
[500.608s][info][gc,marking  ] GC(1081) Concurrent Rebuild Remembered Sets and Scrub Regions 58.277ms
[500.608s][info][gc,start    ] GC(1081) Pause Cleanup
[500.608s][info][gc          ] GC(1081) Pause Cleanup 172M->172M(285M) 0.043ms
[500.608s][info][gc,cpu      ] GC(1081) User=0.00s Sys=0.00s Real=0.00s
[500.608s][info][gc,marking  ] GC(1081) Concurrent Clear Claimed Marks
[500.608s][info][gc,marking  ] GC(1081) Concurrent Clear Claimed Marks 0.037ms
[500.608s][info][gc,marking  ] GC(1081) Concurrent Cleanup for Next Mark
[500.609s][info][gc,marking  ] GC(1081) Concurrent Cleanup for Next Mark 0.788ms
[500.609s][info][gc          ] GC(1081) Concurrent Mark Cycle 191.138ms
[500.762s][info][gc,start    ] GC(1082) Pause Young (Prepare Mixed) (G1 Evacuation Pause)
[500.762s][info][gc,task     ] GC(1082) Using 2 workers of 2 for evacuation
[500.787s][info][gc,phases   ] GC(1082)   Pre Evacuate Collection Set: 0.15ms
[500.787s][info][gc,phases   ] GC(1082)   Merge Heap Roots: 0.10ms
[500.787s][info][gc,phases   ] GC(1082)   Evacuate Collection Set: 23.90ms
[500.787s][info][gc,phases   ] GC(1082)   Post Evacuate Collection Set: 0.41ms
[500.787s][info][gc,phases   ] GC(1082)   Other: 0.08ms
[500.787s][info][gc,heap     ] GC(1082) Eden regions: 124->0(115)
[500.787s][info][gc,heap     ] GC(1082) Survivor regions: 4->16(16)
[500.787s][info][gc,heap     ] GC(1082) Old regions: 100->102
[500.787s][info][gc,heap     ] GC(1082) Humongous regions: 9->9
[500.787s][info][gc,metaspace] GC(1082) Metaspace: 43115K(43520K)->43115K(43520K) NonClass: 40300K(40576K)->40300K(40576K) Class: 2815K(2944K)->2815K(2944K)
[500.787s][info][gc          ] GC(1082) Pause Young (Prepare Mixed) (G1 Evacuation Pause) 237M->126M(285M) 24.835ms
[500.787s][info][gc,cpu      ] GC(1082) User=0.05s Sys=0.00s Real=0.03s
[501.928s][info][gc,start    ] GC(1083) Pause Young (Mixed) (G1 Evacuation Pause)
[501.928s][info][gc,task     ] GC(1083) Using 2 workers of 2 for evacuation
[501.967s][info][gc,phases   ] GC(1083)   Pre Evacuate Collection Set: 0.16ms
[501.967s][info][gc,phases   ] GC(1083)   Merge Heap Roots: 0.18ms
[501.967s][info][gc,phases   ] GC(1083)   Evacuate Collection Set: 37.94ms
[501.967s][info][gc,phases   ] GC(1083)   Post Evacuate Collection Set: 0.44ms
[501.967s][info][gc,phases   ] GC(1083)   Other: 0.07ms
[501.967s][info][gc,heap     ] GC(1083) Eden regions: 115->0(110)
[501.967s][info][gc,heap     ] GC(1083) Survivor regions: 16->8(17)
[501.967s][info][gc,heap     ] GC(1083) Old regions: 102->115
[501.967s][info][gc,heap     ] GC(1083) Humongous regions: 17->15
[501.967s][info][gc,metaspace] GC(1083) Metaspace: 43115K(43520K)->43115K(43520K) NonClass: 40300K(40576K)->40300K(40576K) Class: 2815K(2944K)->2815K(2944K)
[501.967s][info][gc          ] GC(1083) Pause Young (Mixed) (G1 Evacuation Pause) 249M->137M(285M) 38.971ms
[501.967s][info][gc,cpu      ] GC(1083) User=0.08s Sys=0.00s Real=0.04s
[502.310s][info][gc,start    ] GC(1084) Pause Young (Concurrent Start) (G1 Evacuation Pause)
[502.310s][info][gc,task     ] GC(1084) Using 2 workers of 2 for evacuation
[502.331s][info][gc,phases   ] GC(1084)   Pre Evacuate Collection Set: 0.26ms
[502.331s][info][gc,phases   ] GC(1084)   Merge Heap Roots: 0.15ms
[502.331s][info][gc,phases   ] GC(1084)   Evacuate Collection Set: 19.64ms
[502.331s][info][gc,phases   ] GC(1084)   Post Evacuate Collection Set: 0.41ms
[502.331s][info][gc,phases   ] GC(1084)   Other: 0.14ms
[502.331s][info][gc,heap     ] GC(1084) Eden regions: 110->0(110)
[502.331s][info][gc,heap     ] GC(1084) Survivor regions: 8->13(15)
[502.331s][info][gc,heap     ] GC(1084) Old regions: 115->115
[502.331s][info][gc,heap     ] GC(1084) Humongous regions: 15->15
[502.331s][info][gc,metaspace] GC(1084) Metaspace: 43115K(43520K)->43115K(43520K) NonClass: 40300K(40576K)->40300K(40576K) Class: 2815K(2944K)->2815K(2944K)
[502.331s][info][gc          ] GC(1084) Pause Young (Concurrent Start) (G1 Evacuation Pause) 247M->142M(285M) 20.786ms
[502.331s][info][gc,cpu      ] GC(1084) User=0.04s Sys=0.00s Real=0.02s
[502.331s][info][gc          ] GC(1085) Concurrent Mark Cycle
[502.332s][info][gc,marking  ] GC(1085) Concurrent Scan Root Regions
[502.347s][info][gc,marking  ] GC(1085) Concurrent Scan Root Regions 14.912ms
[502.347s][info][gc,marking  ] GC(1085) Concurrent Mark
[502.347s][info][gc,marking  ] GC(1085) Concurrent Mark From Roots
[502.347s][info][gc,task     ] GC(1085) Using 1 workers of 1 for marking
[502.383s][info][gc,marking  ] GC(1085) Concurrent Mark From Roots 36.675ms
[502.383s][info][gc,marking  ] GC(1085) Concurrent Preclean
[502.384s][info][gc,marking  ] GC(1085) Concurrent Preclean 0.036ms
[502.384s][info][gc,start    ] GC(1085) Pause Remark
[502.400s][info][gc          ] GC(1085) Pause Remark 158M->130M(285M) 15.934ms
[502.400s][info][gc,cpu      ] GC(1085) User=0.03s Sys=0.00s Real=0.02s
[502.400s][info][gc,marking  ] GC(1085) Concurrent Mark 52.842ms
[502.400s][info][gc,marking  ] GC(1085) Concurrent Rebuild Remembered Sets and Scrub Regions
[502.414s][info][gc,marking  ] GC(1085) Concurrent Rebuild Remembered Sets and Scrub Regions 14.670ms
[502.414s][info][gc,start    ] GC(1085) Pause Cleanup
[502.414s][info][gc          ] GC(1085) Pause Cleanup 135M->135M(285M) 0.066ms
[502.414s][info][gc,cpu      ] GC(1085) User=0.00s Sys=0.00s Real=0.00s
[502.415s][info][gc,marking  ] GC(1085) Concurrent Clear Claimed Marks
[502.415s][info][gc,marking  ] GC(1085) Concurrent Clear Claimed Marks 0.037ms
[502.415s][info][gc,marking  ] GC(1085) Concurrent Cleanup for Next Mark
[502.415s][info][gc,marking  ] GC(1085) Concurrent Cleanup for Next Mark 0.804ms
[502.415s][info][gc          ] GC(1085) Concurrent Mark Cycle 84.178ms
[502.827s][info][gc,start    ] GC(1086) Pause Young (Prepare Mixed) (G1 Evacuation Pause)
[502.827s][info][gc,task     ] GC(1086) Using 2 workers of 2 for evacuation
[502.835s][info][gc,phases   ] GC(1086)   Pre Evacuate Collection Set: 0.15ms
[502.835s][info][gc,phases   ] GC(1086)   Merge Heap Roots: 0.11ms
[502.835s][info][gc,phases   ] GC(1086)   Evacuate Collection Set: 7.19ms
[502.835s][info][gc,phases   ] GC(1086)   Post Evacuate Collection Set: 0.35ms
[502.835s][info][gc,phases   ] GC(1086)   Other: 0.08ms
[502.835s][info][gc,heap     ] GC(1086) Eden regions: 110->0(136)
[502.835s][info][gc,heap     ] GC(1086) Survivor regions: 13->10(16)
[502.835s][info][gc,heap     ] GC(1086) Old regions: 101->101
[502.835s][info][gc,heap     ] GC(1086) Humongous regions: 1->1
[502.835s][info][gc,metaspace] GC(1086) Metaspace: 43115K(43520K)->43115K(43520K) NonClass: 40300K(40576K)->40300K(40576K) Class: 2815K(2944K)->2815K(2944K)
[502.835s][info][gc          ] GC(1086) Pause Young (Prepare Mixed) (G1 Evacuation Pause) 224M->112M(285M) 8.081ms
[502.835s][info][gc,cpu      ] GC(1086) User=0.01s Sys=0.00s Real=0.00s
[503.512s][info][gc,start    ] GC(1087) Pause Young (Mixed) (G1 Evacuation Pause)
[503.512s][info][gc,task     ] GC(1087) Using 2 workers of 2 for evacuation
[503.518s][info][gc,phases   ] GC(1087)   Pre Evacuate Collection Set: 0.16ms
[503.518s][info][gc,phases   ] GC(1087)   Merge Heap Roots: 0.07ms
[503.518s][info][gc,phases   ] GC(1087)   Evacuate Collection Set: 5.26ms
[503.518s][info][gc,phases   ] GC(1087)   Post Evacuate Collection Set: 0.39ms
[503.518s][info][gc,phases   ] GC(1087)   Other: 0.08ms
[503.518s][info][gc,heap     ] GC(1087) Eden regions: 136->0(162)
[503.518s][info][gc,heap     ] GC(1087) Survivor regions: 10->9(19)
[503.518s][info][gc,heap     ] GC(1087) Old regions: 101->72
[503.518s][info][gc,heap     ] GC(1087) Humongous regions: 1->1
[503.518s][info][gc,metaspace] GC(1087) Metaspace: 43115K(43520K)->43115K(43520K) NonClass: 40300K(40576K)->40300K(40576K) Class: 2815K(2944K)->2815K(2944K)
[503.518s][info][gc          ] GC(1087) Pause Young (Mixed) (G1 Evacuation Pause) 248M->81M(285M) 6.143ms
[503.518s][info][gc,cpu      ] GC(1087) User=0.01s Sys=0.00s Real=0.01s
[504.364s][info][gc,start    ] GC(1088) Pause Young (Mixed) (G1 Evacuation Pause)
[504.364s][info][gc,task     ] GC(1088) Using 2 workers of 2 for evacuation
[504.371s][info][gc,phases   ] GC(1088)   Pre Evacuate Collection Set: 0.17ms
[504.371s][info][gc,phases   ] GC(1088)   Merge Heap Roots: 0.06ms
[504.371s][info][gc,phases   ] GC(1088)   Evacuate Collection Set: 6.37ms
[504.371s][info][gc,phases   ] GC(1088)   Post Evacuate Collection Set: 0.43ms
[504.371s][info][gc,phases   ] GC(1088)   Other: 0.07ms
[504.371s][info][gc,heap     ] GC(1088) Eden regions: 162->0(161)
[504.371s][info][gc,heap     ] GC(1088) Survivor regions: 9->10(22)
[504.371s][info][gc,heap     ] GC(1088) Old regions: 72->44
[504.371s][info][gc,heap     ] GC(1088) Humongous regions: 1->1
[504.371s][info][gc,metaspace] GC(1088) Metaspace: 43115K(43520K)->43115K(43520K) NonClass: 40300K(40576K)->40300K(40576K) Class: 2815K(2944K)->2815K(2944K)
[504.371s][info][gc          ] GC(1088) Pause Young (Mixed) (G1 Evacuation Pause) 243M->53M(285M) 7.260ms
[504.371s][info][gc,cpu      ] GC(1088) User=0.01s Sys=0.00s Real=0.01s
[505.225s][info][gc,start    ] GC(1089) Pause Young (Mixed) (G1 Evacuation Pause)
[505.225s][info][gc,task     ] GC(1089) Using 2 workers of 2 for evacuation
[505.229s][info][gc,phases   ] GC(1089)   Pre Evacuate Collection Set: 0.15ms
[505.229s][info][gc,phases   ] GC(1089)   Merge Heap Roots: 0.08ms
[505.229s][info][gc,phases   ] GC(1089)   Evacuate Collection Set: 3.06ms
[505.229s][info][gc,phases   ] GC(1089)   Post Evacuate Collection Set: 0.39ms
[505.229s][info][gc,phases   ] GC(1089)   Other: 0.06ms
[505.229s][info][gc,heap     ] GC(1089) Eden regions: 161->0(165)
[505.229s][info][gc,heap     ] GC(1089) Survivor regions: 10->6(22)
[505.229s][info][gc,heap     ] GC(1089) Old regions: 44->39
[505.229s][info][gc,heap     ] GC(1089) Humongous regions: 1->1
[505.229s][info][gc,metaspace] GC(1089) Metaspace: 43115K(43520K)->43115K(43520K) NonClass: 40300K(40576K)->40300K(40576K) Class: 2815K(2944K)->2815K(2944K)
[505.229s][info][gc          ] GC(1089) Pause Young (Mixed) (G1 Evacuation Pause) 214M->44M(285M) 3.902ms
[505.229s][info][gc,cpu      ] GC(1089) User=0.01s Sys=0.00s Real=0.01s
[505.287s][info][gc,start    ] GC(1090) Pause Young (Concurrent Start) (G1 Humongous Allocation)
[505.288s][info][gc,task     ] GC(1090) Using 2 workers of 2 for evacuation
[505.291s][info][gc,phases   ] GC(1090)   Pre Evacuate Collection Set: 0.17ms
[505.291s][info][gc,phases   ] GC(1090)   Merge Heap Roots: 0.04ms
[505.291s][info][gc,phases   ] GC(1090)   Evacuate Collection Set: 2.81ms
[505.291s][info][gc,phases   ] GC(1090)   Post Evacuate Collection Set: 0.29ms
[505.291s][info][gc,phases   ] GC(1090)   Other: 0.08ms
[505.291s][info][gc,heap     ] GC(1090) Eden regions: 11->0(166)
[505.291s][info][gc,heap     ] GC(1090) Survivor regions: 6->5(22)
[505.291s][info][gc,heap     ] GC(1090) Old regions: 39->39
[505.291s][info][gc,heap     ] GC(1090) Humongous regions: 1->1
[505.291s][info][gc,metaspace] GC(1090) Metaspace: 43115K(43520K)->43115K(43520K) NonClass: 40300K(40576K)->40300K(40576K) Class: 2815K(2944K)->2815K(2944K)
[505.291s][info][gc          ] GC(1090) Pause Young (Concurrent Start) (G1 Humongous Allocation) 55M->44M(285M) 3.545ms
[505.291s][info][gc,cpu      ] GC(1090) User=0.01s Sys=0.00s Real=0.00s
[505.291s][info][gc          ] GC(1091) Concurrent Mark Cycle
[505.291s][info][gc,marking  ] GC(1091) Concurrent Scan Root Regions
[505.296s][info][gc,marking  ] GC(1091) Concurrent Scan Root Regions 4.437ms
[505.296s][info][gc,marking  ] GC(1091) Concurrent Mark
[505.296s][info][gc,marking  ] GC(1091) Concurrent Mark From Roots
[505.296s][info][gc,task     ] GC(1091) Using 1 workers of 1 for marking
[505.329s][info][gc,marking  ] GC(1091) Concurrent Mark From Roots 32.979ms
[505.329s][info][gc,marking  ] GC(1091) Concurrent Preclean
[505.329s][info][gc,marking  ] GC(1091) Concurrent Preclean 0.033ms
[505.329s][info][gc,start    ] GC(1091) Pause Remark
[505.344s][info][gc          ] GC(1091) Pause Remark 53M->53M(256M) 15.661ms
[505.344s][info][gc,cpu      ] GC(1091) User=0.03s Sys=0.00s Real=0.01s
[505.345s][info][gc,marking  ] GC(1091) Concurrent Mark 48.991ms
[505.345s][info][gc,marking  ] GC(1091) Concurrent Rebuild Remembered Sets and Scrub Regions
[505.358s][info][gc,marking  ] GC(1091) Concurrent Rebuild Remembered Sets and Scrub Regions 13.569ms
[505.358s][info][gc,start    ] GC(1091) Pause Cleanup
[505.358s][info][gc          ] GC(1091) Pause Cleanup 56M->56M(256M) 0.035ms
[505.358s][info][gc,cpu      ] GC(1091) User=0.00s Sys=0.00s Real=0.00s
[505.358s][info][gc,marking  ] GC(1091) Concurrent Clear Claimed Marks
[505.358s][info][gc,marking  ] GC(1091) Concurrent Clear Claimed Marks 0.032ms
[505.358s][info][gc,marking  ] GC(1091) Concurrent Cleanup for Next Mark
[505.359s][info][gc,marking  ] GC(1091) Concurrent Cleanup for Next Mark 0.759ms
[505.359s][info][gc          ] GC(1091) Concurrent Mark Cycle 68.070ms
[506.071s][info][gc,start    ] GC(1092) Pause Young (Prepare Mixed) (G1 Evacuation Pause)
[506.071s][info][gc,task     ] GC(1092) Using 2 workers of 2 for evacuation
[506.076s][info][gc,phases   ] GC(1092)   Pre Evacuate Collection Set: 0.15ms
[506.076s][info][gc,phases   ] GC(1092)   Merge Heap Roots: 0.06ms
[506.077s][info][gc,phases   ] GC(1092)   Evacuate Collection Set: 4.63ms
[506.077s][info][gc,phases   ] GC(1092)   Post Evacuate Collection Set: 0.38ms
[506.077s][info][gc,phases   ] GC(1092)   Other: 0.06ms
[506.077s][info][gc,heap     ] GC(1092) Eden regions: 148->0(146)
[506.077s][info][gc,heap     ] GC(1092) Survivor regions: 5->7(20)
[506.077s][info][gc,heap     ] GC(1092) Old regions: 39->39
[506.077s][info][gc,heap     ] GC(1092) Humongous regions: 2->1
[506.077s][info][gc,metaspace] GC(1092) Metaspace: 43115K(43520K)->43115K(43520K) NonClass: 40300K(40576K)->40300K(40576K) Class: 2815K(2944K)->2815K(2944K)
[506.077s][info][gc          ] GC(1092) Pause Young (Prepare Mixed) (G1 Evacuation Pause) 193M->46M(256M) 5.442ms
[506.077s][info][gc,cpu      ] GC(1092) User=0.01s Sys=0.00s Real=0.00s
[506.762s][info][gc,start    ] GC(1093) Pause Young (Mixed) (G1 Evacuation Pause)
[506.762s][info][gc,task     ] GC(1093) Using 2 workers of 2 for evacuation
[506.770s][info][gc,phases   ] GC(1093)   Pre Evacuate Collection Set: 0.16ms
[506.770s][info][gc,phases   ] GC(1093)   Merge Heap Roots: 0.09ms
[506.770s][info][gc,phases   ] GC(1093)   Evacuate Collection Set: 7.28ms
[506.770s][info][gc,phases   ] GC(1093)   Post Evacuate Collection Set: 0.39ms
[506.770s][info][gc,phases   ] GC(1093)   Other: 0.09ms
[506.770s][info][gc,heap     ] GC(1093) Eden regions: 146->0(145)
[506.770s][info][gc,heap     ] GC(1093) Survivor regions: 7->8(20)
[506.770s][info][gc,heap     ] GC(1093) Old regions: 39->36
[506.770s][info][gc,heap     ] GC(1093) Humongous regions: 5->3
[506.770s][info][gc,metaspace] GC(1093) Metaspace: 43115K(43520K)->43115K(43520K) NonClass: 40300K(40576K)->40300K(40576K) Class: 2815K(2944K)->2815K(2944K)
[506.770s][info][gc          ] GC(1093) Pause Young (Mixed) (G1 Evacuation Pause) 196M->45M(256M) 8.170ms
[506.770s][info][gc,cpu      ] GC(1093) User=0.02s Sys=0.00s Real=0.01s
[506.995s][info][gc,start    ] GC(1094) Pause Young (Concurrent Start) (G1 Humongous Allocation)
[506.995s][info][gc,task     ] GC(1094) Using 2 workers of 2 for evacuation
[507.001s][info][gc,phases   ] GC(1094)   Pre Evacuate Collection Set: 0.19ms
[507.001s][info][gc,phases   ] GC(1094)   Merge Heap Roots: 0.08ms
[507.001s][info][gc,phases   ] GC(1094)   Evacuate Collection Set: 5.15ms
[507.001s][info][gc,phases   ] GC(1094)   Post Evacuate Collection Set: 0.34ms
[507.001s][info][gc,phases   ] GC(1094)   Other: 0.12ms
[507.001s][info][gc,heap     ] GC(1094) Eden regions: 61->0(145)
[507.001s][info][gc,heap     ] GC(1094) Survivor regions: 8->8(20)
[507.001s][info][gc,heap     ] GC(1094) Old regions: 36->36
[507.001s][info][gc,heap     ] GC(1094) Humongous regions: 3->1
[507.001s][info][gc,metaspace] GC(1094) Metaspace: 43115K(43520K)->43115K(43520K) NonClass: 40300K(40576K)->40300K(40576K) Class: 2815K(2944K)->2815K(2944K)
[507.001s][info][gc          ] GC(1094) Pause Young (Concurrent Start) (G1 Humongous Allocation) 105M->43M(256M) 6.055ms
[507.001s][info][gc,cpu      ] GC(1094) User=0.01s Sys=0.00s Real=0.01s
[507.001s][info][gc          ] GC(1095) Concurrent Mark Cycle
[507.001s][info][gc,marking  ] GC(1095) Concurrent Scan Root Regions
[507.014s][info][gc,marking  ] GC(1095) Concurrent Scan Root Regions 12.755ms
[507.014s][info][gc,marking  ] GC(1095) Concurrent Mark
[507.014s][info][gc,marking  ] GC(1095) Concurrent Mark From Roots
[507.014s][info][gc,task     ] GC(1095) Using 1 workers of 1 for marking
[507.049s][info][gc,marking  ] GC(1095) Concurrent Mark From Roots 35.461ms
[507.049s][info][gc,marking  ] GC(1095) Concurrent Preclean
[507.049s][info][gc,marking  ] GC(1095) Concurrent Preclean 0.034ms
[507.050s][info][gc,start    ] GC(1095) Pause Remark
[507.065s][info][gc          ] GC(1095) Pause Remark 54M->54M(256M) 15.616ms
[507.065s][info][gc,cpu      ] GC(1095) User=0.03s Sys=0.00s Real=0.01s
[507.065s][info][gc,marking  ] GC(1095) Concurrent Mark 51.359ms
[507.065s][info][gc,marking  ] GC(1095) Concurrent Rebuild Remembered Sets and Scrub Regions
[507.082s][info][gc,marking  ] GC(1095) Concurrent Rebuild Remembered Sets and Scrub Regions 17.059ms
[507.082s][info][gc,start    ] GC(1095) Pause Cleanup
[507.082s][info][gc          ] GC(1095) Pause Cleanup 57M->57M(256M) 0.047ms
[507.082s][info][gc,cpu      ] GC(1095) User=0.00s Sys=0.00s Real=0.00s
[507.083s][info][gc,marking  ] GC(1095) Concurrent Clear Claimed Marks
[507.083s][info][gc,marking  ] GC(1095) Concurrent Clear Claimed Marks 0.037ms
[507.083s][info][gc,marking  ] GC(1095) Concurrent Cleanup for Next Mark
[507.083s][info][gc,marking  ] GC(1095) Concurrent Cleanup for Next Mark 0.767ms
[507.083s][info][gc          ] GC(1095) Concurrent Mark Cycle 82.339ms
[507.542s][info][gc,start    ] GC(1096) Pause Young (Prepare Mixed) (G1 Evacuation Pause)
[507.542s][info][gc,task     ] GC(1096) Using 2 workers of 2 for evacuation
[507.555s][info][gc,phases   ] GC(1096)   Pre Evacuate Collection Set: 0.17ms
[507.555s][info][gc,phases   ] GC(1096)   Merge Heap Roots: 0.06ms
[507.555s][info][gc,phases   ] GC(1096)   Evacuate Collection Set: 11.73ms
[507.555s][info][gc,phases   ] GC(1096)   Post Evacuate Collection Set: 0.42ms
[507.555s][info][gc,phases   ] GC(1096)   Other: 0.07ms
[507.555s][info][gc,heap     ] GC(1096) Eden regions: 145->0(135)
[507.555s][info][gc,heap     ] GC(1096) Survivor regions: 8->18(20)
[507.555s][info][gc,heap     ] GC(1096) Old regions: 36->36
[507.555s][info][gc,heap     ] GC(1096) Humongous regions: 18->3
[507.555s][info][gc,metaspace] GC(1096) Metaspace: 43115K(43520K)->43115K(43520K) NonClass: 40300K(40576K)->40300K(40576K) Class: 2815K(2944K)->2815K(2944K)
[507.555s][info][gc          ] GC(1096) Pause Young (Prepare Mixed) (G1 Evacuation Pause) 205M->55M(256M) 12.616ms
[507.555s][info][gc,cpu      ] GC(1096) User=0.03s Sys=0.00s Real=0.01s
[508.071s][info][gc,start    ] GC(1097) Pause Young (Mixed) (G1 Evacuation Pause)
[508.071s][info][gc,task     ] GC(1097) Using 2 workers of 2 for evacuation
[508.096s][info][gc,phases   ] GC(1097)   Pre Evacuate Collection Set: 0.23ms
[508.096s][info][gc,phases   ] GC(1097)   Merge Heap Roots: 0.10ms
[508.096s][info][gc,phases   ] GC(1097)   Evacuate Collection Set: 24.56ms
[508.096s][info][gc,phases   ] GC(1097)   Post Evacuate Collection Set: 0.46ms
[508.096s][info][gc,phases   ] GC(1097)   Other: 0.09ms
[508.096s][info][gc,heap     ] GC(1097) Eden regions: 135->0(142)
[508.096s][info][gc,heap     ] GC(1097) Survivor regions: 18->11(20)
[508.096s][info][gc,heap     ] GC(1097) Old regions: 36->40
[508.096s][info][gc,heap     ] GC(1097) Humongous regions: 6->3
[508.096s][info][gc,metaspace] GC(1097) Metaspace: 43115K(43520K)->43115K(43520K) NonClass: 40300K(40576K)->40300K(40576K) Class: 2815K(2944K)->2815K(2944K)
[508.096s][info][gc          ] GC(1097) Pause Young (Mixed) (G1 Evacuation Pause) 193M->53M(256M) 25.619ms
[508.096s][info][gc,cpu      ] GC(1097) User=0.03s Sys=0.00s Real=0.02s
[508.114s][info][gc,start    ] GC(1098) Pause Young (Concurrent Start) (G1 Humongous Allocation)
[508.114s][info][gc,task     ] GC(1098) Using 2 workers of 2 for evacuation
[508.116s][info][gc,phases   ] GC(1098)   Pre Evacuate Collection Set: 0.16ms
[508.116s][info][gc,phases   ] GC(1098)   Merge Heap Roots: 0.03ms
[508.116s][info][gc,phases   ] GC(1098)   Evacuate Collection Set: 1.17ms
[508.116s][info][gc,phases   ] GC(1098)   Post Evacuate Collection Set: 0.26ms
[508.116s][info][gc,phases   ] GC(1098)   Other: 0.09ms
[508.116s][info][gc,heap     ] GC(1098) Eden regions: 6->0(152)
[508.116s][info][gc,heap     ] GC(1098) Survivor regions: 11->1(20)
[508.116s][info][gc,heap     ] GC(1098) Old regions: 40->41
[508.116s][info][gc,heap     ] GC(1098) Humongous regions: 3->1
[508.116s][info][gc,metaspace] GC(1098) Metaspace: 43115K(43520K)->43115K(43520K) NonClass: 40300K(40576K)->40300K(40576K) Class: 2815K(2944K)->2815K(2944K)
[508.116s][info][gc          ] GC(1098) Pause Young (Concurrent Start) (G1 Humongous Allocation) 59M->42M(256M) 1.857ms
[508.116s][info][gc,cpu      ] GC(1098) User=0.01s Sys=0.00s Real=0.00s
[508.116s][info][gc          ] GC(1099) Concurrent Mark Cycle
[508.116s][info][gc,marking  ] GC(1099) Concurrent Scan Root Regions
[508.117s][info][gc,marking  ] GC(1099) Concurrent Scan Root Regions 1.359ms
[508.117s][info][gc,marking  ] GC(1099) Concurrent Mark
[508.117s][info][gc,marking  ] GC(1099) Concurrent Mark From Roots
[508.117s][info][gc,task     ] GC(1099) Using 1 workers of 1 for marking
[508.178s][info][gc,marking  ] GC(1099) Concurrent Mark From Roots 60.823ms
[508.178s][info][gc,marking  ] GC(1099) Concurrent Preclean
[508.178s][info][gc,marking  ] GC(1099) Concurrent Preclean 0.035ms
[508.178s][info][gc,start    ] GC(1099) Pause Remark
[508.194s][info][gc          ] GC(1099) Pause Remark 59M->59M(256M) 15.791ms
[508.194s][info][gc,cpu      ] GC(1099) User=0.04s Sys=0.00s Real=0.01s
[508.194s][info][gc,marking  ] GC(1099) Concurrent Mark 76.927ms
[508.194s][info][gc,marking  ] GC(1099) Concurrent Rebuild Remembered Sets and Scrub Regions
[508.222s][info][gc,marking  ] GC(1099) Concurrent Rebuild Remembered Sets and Scrub Regions 27.848ms
[508.222s][info][gc,start    ] GC(1099) Pause Cleanup
[508.222s][info][gc          ] GC(1099) Pause Cleanup 65M->65M(256M) 0.041ms
[508.222s][info][gc,cpu      ] GC(1099) User=0.00s Sys=0.00s Real=0.00s
[508.222s][info][gc,marking  ] GC(1099) Concurrent Clear Claimed Marks
[508.222s][info][gc,marking  ] GC(1099) Concurrent Clear Claimed Marks 0.035ms
[508.222s][info][gc,marking  ] GC(1099) Concurrent Cleanup for Next Mark
[508.223s][info][gc,marking  ] GC(1099) Concurrent Cleanup for Next Mark 0.763ms
[508.223s][info][gc          ] GC(1099) Concurrent Mark Cycle 107.224ms
[508.631s][info][gc,start    ] GC(1100) Pause Young (Prepare Mixed) (G1 Evacuation Pause)
[508.631s][info][gc,task     ] GC(1100) Using 2 workers of 2 for evacuation
[508.647s][info][gc,phases   ] GC(1100)   Pre Evacuate Collection Set: 0.17ms
[508.647s][info][gc,phases   ] GC(1100)   Merge Heap Roots: 0.06ms
[508.647s][info][gc,phases   ] GC(1100)   Evacuate Collection Set: 14.58ms
[508.647s][info][gc,phases   ] GC(1100)   Post Evacuate Collection Set: 0.53ms
[508.647s][info][gc,phases   ] GC(1100)   Other: 0.06ms
[508.647s][info][gc,heap     ] GC(1100) Eden regions: 152->0(134)
[508.647s][info][gc,heap     ] GC(1100) Survivor regions: 1->19(20)
[508.647s][info][gc,heap     ] GC(1100) Old regions: 41->41
[508.647s][info][gc,heap     ] GC(1100) Humongous regions: 9->3
[508.647s][info][gc,metaspace] GC(1100) Metaspace: 43115K(43520K)->43115K(43520K) NonClass: 40300K(40576K)->40300K(40576K) Class: 2815K(2944K)->2815K(2944K)
[508.647s][info][gc          ] GC(1100) Pause Young (Prepare Mixed) (G1 Evacuation Pause) 202M->62M(256M) 15.594ms
[508.647s][info][gc,cpu      ] GC(1100) User=0.03s Sys=0.00s Real=0.01s
[509.209s][info][gc,start    ] GC(1101) Pause Young (Mixed) (G1 Evacuation Pause)
[509.209s][info][gc,task     ] GC(1101) Using 2 workers of 2 for evacuation
[509.221s][info][gc,phases   ] GC(1101)   Pre Evacuate Collection Set: 0.22ms
[509.221s][info][gc,phases   ] GC(1101)   Merge Heap Roots: 0.12ms
[509.221s][info][gc,phases   ] GC(1101)   Evacuate Collection Set: 10.98ms
[509.221s][info][gc,phases   ] GC(1101)   Post Evacuate Collection Set: 0.57ms
[509.221s][info][gc,phases   ] GC(1101)   Other: 0.07ms
[509.221s][info][gc,heap     ] GC(1101) Eden regions: 134->0(150)
[509.221s][info][gc,heap     ] GC(1101) Survivor regions: 19->3(20)
[509.221s][info][gc,heap     ] GC(1101) Old regions: 41->40
[509.221s][info][gc,heap     ] GC(1101) Humongous regions: 7->3
[509.221s][info][gc,metaspace] GC(1101) Metaspace: 43115K(43520K)->43115K(43520K) NonClass: 40300K(40576K)->40300K(40576K) Class: 2815K(2944K)->2815K(2944K)
[509.221s][info][gc          ] GC(1101) Pause Young (Mixed) (G1 Evacuation Pause) 200M->45M(256M) 12.130ms
[509.221s][info][gc,cpu      ] GC(1101) User=0.01s Sys=0.00s Real=0.01s
[509.279s][info][gc,start    ] GC(1102) Pause Young (Concurrent Start) (G1 Humongous Allocation)
[509.279s][info][gc,task     ] GC(1102) Using 2 workers of 2 for evacuation
[509.282s][info][gc,phases   ] GC(1102)   Pre Evacuate Collection Set: 0.70ms
[509.282s][info][gc,phases   ] GC(1102)   Merge Heap Roots: 0.03ms
[509.282s][info][gc,phases   ] GC(1102)   Evacuate Collection Set: 1.49ms
[509.282s][info][gc,phases   ] GC(1102)   Post Evacuate Collection Set: 0.40ms
[509.282s][info][gc,phases   ] GC(1102)   Other: 0.61ms
[509.282s][info][gc,heap     ] GC(1102) Eden regions: 17->0(151)
[509.282s][info][gc,heap     ] GC(1102) Survivor regions: 3->2(20)
[509.282s][info][gc,heap     ] GC(1102) Old regions: 40->40
[509.282s][info][gc,heap     ] GC(1102) Humongous regions: 3->1
[509.282s][info][gc,metaspace] GC(1102) Metaspace: 43115K(43520K)->43115K(43520K) NonClass: 40300K(40576K)->40300K(40576K) Class: 2815K(2944K)->2815K(2944K)
[509.282s][info][gc          ] GC(1102) Pause Young (Concurrent Start) (G1 Humongous Allocation) 61M->42M(256M) 3.388ms
[509.282s][info][gc,cpu      ] GC(1102) User=0.00s Sys=0.00s Real=0.00s
[509.286s][info][gc          ] GC(1103) Concurrent Mark Cycle
[509.286s][info][gc,marking  ] GC(1103) Concurrent Scan Root Regions
[509.288s][info][gc,marking  ] GC(1103) Concurrent Scan Root Regions 2.089ms
[509.288s][info][gc,marking  ] GC(1103) Concurrent Mark
[509.288s][info][gc,marking  ] GC(1103) Concurrent Mark From Roots
[509.288s][info][gc,task     ] GC(1103) Using 1 workers of 1 for marking
[509.333s][info][gc,marking  ] GC(1103) Concurrent Mark From Roots 44.556ms
[509.333s][info][gc,marking  ] GC(1103) Concurrent Preclean
[509.333s][info][gc,marking  ] GC(1103) Concurrent Preclean 0.033ms
[509.333s][info][gc,start    ] GC(1103) Pause Remark
[509.349s][info][gc          ] GC(1103) Pause Remark 56M->56M(256M) 15.813ms
[509.349s][info][gc,cpu      ] GC(1103) User=0.03s Sys=0.00s Real=0.02s
[509.349s][info][gc,marking  ] GC(1103) Concurrent Mark 60.693ms
[509.349s][info][gc,marking  ] GC(1103) Concurrent Rebuild Remembered Sets and Scrub Regions
[509.367s][info][gc,marking  ] GC(1103) Concurrent Rebuild Remembered Sets and Scrub Regions 18.511ms
[509.367s][info][gc,start    ] GC(1103) Pause Cleanup
[509.367s][info][gc          ] GC(1103) Pause Cleanup 59M->59M(256M) 0.057ms
[509.367s][info][gc,cpu      ] GC(1103) User=0.00s Sys=0.00s Real=0.00s
[509.367s][info][gc,marking  ] GC(1103) Concurrent Clear Claimed Marks
[509.367s][info][gc,marking  ] GC(1103) Concurrent Clear Claimed Marks 0.036ms
[509.367s][info][gc,marking  ] GC(1103) Concurrent Cleanup for Next Mark
[509.368s][info][gc,marking  ] GC(1103) Concurrent Cleanup for Next Mark 0.764ms
[509.368s][info][gc          ] GC(1103) Concurrent Mark Cycle 82.443ms
[509.827s][info][gc,start    ] GC(1104) Pause Young (Prepare Mixed) (G1 Evacuation Pause)
[509.827s][info][gc,task     ] GC(1104) Using 2 workers of 2 for evacuation
[509.831s][info][gc,phases   ] GC(1104)   Pre Evacuate Collection Set: 0.15ms
[509.831s][info][gc,phases   ] GC(1104)   Merge Heap Roots: 0.06ms
[509.831s][info][gc,phases   ] GC(1104)   Evacuate Collection Set: 2.71ms
[509.831s][info][gc,phases   ] GC(1104)   Post Evacuate Collection Set: 0.40ms
[509.831s][info][gc,phases   ] GC(1104)   Other: 0.06ms
[509.831s][info][gc,heap     ] GC(1104) Eden regions: 151->0(150)
[509.831s][info][gc,heap     ] GC(1104) Survivor regions: 2->3(20)
[509.831s][info][gc,heap     ] GC(1104) Old regions: 40->40
[509.831s][info][gc,heap     ] GC(1104) Humongous regions: 15->3
[509.831s][info][gc,metaspace] GC(1104) Metaspace: 43115K(43520K)->43115K(43520K) NonClass: 40300K(40576K)->40300K(40576K) Class: 2815K(2944K)->2815K(2944K)
[509.831s][info][gc          ] GC(1104) Pause Young (Prepare Mixed) (G1 Evacuation Pause) 207M->45M(256M) 3.570ms
[509.831s][info][gc,cpu      ] GC(1104) User=0.00s Sys=0.00s Real=0.00s
[510.357s][info][gc,start    ] GC(1105) Pause Young (Mixed) (G1 Evacuation Pause)
[510.357s][info][gc,task     ] GC(1105) Using 2 workers of 2 for evacuation
[510.367s][info][gc,phases   ] GC(1105)   Pre Evacuate Collection Set: 0.16ms
[510.367s][info][gc,phases   ] GC(1105)   Merge Heap Roots: 0.08ms
[510.367s][info][gc,phases   ] GC(1105)   Evacuate Collection Set: 8.80ms
[510.367s][info][gc,phases   ] GC(1105)   Post Evacuate Collection Set: 0.42ms
[510.367s][info][gc,phases   ] GC(1105)   Other: 0.11ms
[510.367s][info][gc,heap     ] GC(1105) Eden regions: 150->0(146)
[510.367s][info][gc,heap     ] GC(1105) Survivor regions: 3->7(20)
[510.367s][info][gc,heap     ] GC(1105) Old regions: 40->38
[510.367s][info][gc,heap     ] GC(1105) Humongous regions: 13->3
[510.367s][info][gc,metaspace] GC(1105) Metaspace: 43115K(43520K)->43115K(43520K) NonClass: 40300K(40576K)->40300K(40576K) Class: 2815K(2944K)->2815K(2944K)
[510.367s][info][gc          ] GC(1105) Pause Young (Mixed) (G1 Evacuation Pause) 205M->47M(256M) 9.734ms
[510.367s][info][gc,cpu      ] GC(1105) User=0.02s Sys=0.01s Real=0.01s
[510.392s][info][gc,start    ] GC(1106) Pause Young (Concurrent Start) (G1 Humongous Allocation)
[510.392s][info][gc,task     ] GC(1106) Using 2 workers of 2 for evacuation
[510.395s][info][gc,phases   ] GC(1106)   Pre Evacuate Collection Set: 0.16ms
[510.395s][info][gc,phases   ] GC(1106)   Merge Heap Roots: 0.03ms
[510.395s][info][gc,phases   ] GC(1106)   Evacuate Collection Set: 2.69ms
[510.395s][info][gc,phases   ] GC(1106)   Post Evacuate Collection Set: 0.26ms
[510.395s][info][gc,phases   ] GC(1106)   Other: 0.08ms
[510.395s][info][gc,heap     ] GC(1106) Eden regions: 6->0(149)
[510.395s][info][gc,heap     ] GC(1106) Survivor regions: 7->4(20)
[510.395s][info][gc,heap     ] GC(1106) Old regions: 38->38
[510.395s][info][gc,heap     ] GC(1106) Humongous regions: 3->1
[510.395s][info][gc,metaspace] GC(1106) Metaspace: 43115K(43520K)->43115K(43520K) NonClass: 40300K(40576K)->40300K(40576K) Class: 2815K(2944K)->2815K(2944K)
[510.395s][info][gc          ] GC(1106) Pause Young (Concurrent Start) (G1 Humongous Allocation) 53M->42M(256M) 3.361ms
[510.395s][info][gc,cpu      ] GC(1106) User=0.01s Sys=0.00s Real=0.00s
[510.395s][info][gc          ] GC(1107) Concurrent Mark Cycle
[510.395s][info][gc,marking  ] GC(1107) Concurrent Scan Root Regions
[510.400s][info][gc,marking  ] GC(1107) Concurrent Scan Root Regions 5.085ms
[510.400s][info][gc,marking  ] GC(1107) Concurrent Mark
[510.400s][info][gc,marking  ] GC(1107) Concurrent Mark From Roots
[510.400s][info][gc,task     ] GC(1107) Using 1 workers of 1 for marking
[510.446s][info][gc,marking  ] GC(1107) Concurrent Mark From Roots 45.125ms
[510.446s][info][gc,marking  ] GC(1107) Concurrent Preclean
[510.446s][info][gc,marking  ] GC(1107) Concurrent Preclean 0.032ms
[510.446s][info][gc,start    ] GC(1107) Pause Remark
[510.461s][info][gc          ] GC(1107) Pause Remark 55M->55M(256M) 15.495ms
[510.461s][info][gc,cpu      ] GC(1107) User=0.03s Sys=0.00s Real=0.02s
[510.461s][info][gc,marking  ] GC(1107) Concurrent Mark 61.042ms
[510.461s][info][gc,marking  ] GC(1107) Concurrent Rebuild Remembered Sets and Scrub Regions
[510.479s][info][gc,marking  ] GC(1107) Concurrent Rebuild Remembered Sets and Scrub Regions 17.781ms
[510.479s][info][gc,start    ] GC(1107) Pause Cleanup
[510.479s][info][gc          ] GC(1107) Pause Cleanup 57M->57M(256M) 0.036ms
[510.479s][info][gc,cpu      ] GC(1107) User=0.00s Sys=0.00s Real=0.00s
[510.479s][info][gc,marking  ] GC(1107) Concurrent Clear Claimed Marks
[510.479s][info][gc,marking  ] GC(1107) Concurrent Clear Claimed Marks 0.035ms
[510.479s][info][gc,marking  ] GC(1107) Concurrent Cleanup for Next Mark
[510.480s][info][gc,marking  ] GC(1107) Concurrent Cleanup for Next Mark 0.762ms
[510.480s][info][gc          ] GC(1107) Concurrent Mark Cycle 84.957ms
[511.048s][info][gc,start    ] GC(1108) Pause Young (Prepare Mixed) (G1 Evacuation Pause)
[511.048s][info][gc,task     ] GC(1108) Using 2 workers of 2 for evacuation
[511.063s][info][gc,phases   ] GC(1108)   Pre Evacuate Collection Set: 0.24ms
[511.063s][info][gc,phases   ] GC(1108)   Merge Heap Roots: 0.12ms
[511.063s][info][gc,phases   ] GC(1108)   Evacuate Collection Set: 13.97ms
[511.063s][info][gc,phases   ] GC(1108)   Post Evacuate Collection Set: 0.45ms
[511.063s][info][gc,phases   ] GC(1108)   Other: 0.07ms
[511.063s][info][gc,heap     ] GC(1108) Eden regions: 149->0(134)
[511.063s][info][gc,heap     ] GC(1108) Survivor regions: 4->19(20)
[511.063s][info][gc,heap     ] GC(1108) Old regions: 38->38
[511.063s][info][gc,heap     ] GC(1108) Humongous regions: 11->3
[511.063s][info][gc,metaspace] GC(1108) Metaspace: 43115K(43520K)->43115K(43520K) NonClass: 40300K(40576K)->40300K(40576K) Class: 2815K(2944K)->2815K(2944K)
[511.063s][info][gc          ] GC(1108) Pause Young (Prepare Mixed) (G1 Evacuation Pause) 201M->59M(256M) 15.036ms
[511.063s][info][gc,cpu      ] GC(1108) User=0.03s Sys=0.00s Real=0.01s
[511.576s][info][gc,start    ] GC(1109) Pause Young (Mixed) (G1 Evacuation Pause)
[511.576s][info][gc,task     ] GC(1109) Using 2 workers of 2 for evacuation
[511.600s][info][gc,phases   ] GC(1109)   Pre Evacuate Collection Set: 0.18ms
[511.600s][info][gc,phases   ] GC(1109)   Merge Heap Roots: 0.08ms
[511.600s][info][gc,phases   ] GC(1109)   Evacuate Collection Set: 23.31ms
[511.600s][info][gc,phases   ] GC(1109)   Post Evacuate Collection Set: 0.46ms
[511.600s][info][gc,phases   ] GC(1109)   Other: 0.10ms
[511.600s][info][gc,heap     ] GC(1109) Eden regions: 134->0(142)
[511.600s][info][gc,heap     ] GC(1109) Survivor regions: 19->11(20)
[511.600s][info][gc,heap     ] GC(1109) Old regions: 38->50
[511.600s][info][gc,heap     ] GC(1109) Humongous regions: 3->3
[511.600s][info][gc,metaspace] GC(1109) Metaspace: 43115K(43520K)->43115K(43520K) NonClass: 40300K(40576K)->40300K(40576K) Class: 2815K(2944K)->2815K(2944K)
[511.600s][info][gc          ] GC(1109) Pause Young (Mixed) (G1 Evacuation Pause) 193M->64M(256M) 24.304ms
[511.600s][info][gc,cpu      ] GC(1109) User=0.05s Sys=0.00s Real=0.03s
[512.090s][info][gc,start    ] GC(1110) Pause Young (Concurrent Start) (G1 Humongous Allocation)
[512.090s][info][gc,task     ] GC(1110) Using 2 workers of 2 for evacuation
[512.137s][info][gc,phases   ] GC(1110)   Pre Evacuate Collection Set: 0.16ms
[512.137s][info][gc,phases   ] GC(1110)   Merge Heap Roots: 0.11ms
[512.137s][info][gc,phases   ] GC(1110)   Evacuate Collection Set: 46.27ms
[512.137s][info][gc,phases   ] GC(1110)   Post Evacuate Collection Set: 0.46ms
[512.137s][info][gc,phases   ] GC(1110)   Other: 0.08ms
[512.137s][info][gc,heap     ] GC(1110) Eden regions: 126->0(112)
[512.137s][info][gc,heap     ] GC(1110) Survivor regions: 11->20(20)
[512.137s][info][gc,heap     ] GC(1110) Old regions: 50->76
[512.137s][info][gc,heap     ] GC(1110) Humongous regions: 3->1
[512.137s][info][gc,metaspace] GC(1110) Metaspace: 43115K(43520K)->43115K(43520K) NonClass: 40300K(40576K)->40300K(40576K) Class: 2815K(2944K)->2815K(2944K)
[512.137s][info][gc          ] GC(1110) Pause Young (Concurrent Start) (G1 Humongous Allocation) 190M->96M(256M) 47.277ms
[512.137s][info][gc,cpu      ] GC(1110) User=0.09s Sys=0.00s Real=0.05s
[512.137s][info][gc          ] GC(1111) Concurrent Mark Cycle
[512.137s][info][gc,marking  ] GC(1111) Concurrent Scan Root Regions
[512.189s][info][gc,marking  ] GC(1111) Concurrent Scan Root Regions 52.354ms
[512.189s][info][gc,marking  ] GC(1111) Concurrent Mark
[512.189s][info][gc,marking  ] GC(1111) Concurrent Mark From Roots
[512.189s][info][gc,task     ] GC(1111) Using 1 workers of 1 for marking
[512.251s][info][gc,marking  ] GC(1111) Concurrent Mark From Roots 61.410ms
[512.251s][info][gc,marking  ] GC(1111) Concurrent Preclean
[512.251s][info][gc,marking  ] GC(1111) Concurrent Preclean 0.032ms
[512.251s][info][gc,start    ] GC(1111) Pause Remark
[512.267s][info][gc          ] GC(1111) Pause Remark 130M->130M(256M) 15.784ms
[512.267s][info][gc,cpu      ] GC(1111) User=0.02s Sys=0.00s Real=0.02s
[512.267s][info][gc,marking  ] GC(1111) Concurrent Mark 77.468ms
[512.267s][info][gc,marking  ] GC(1111) Concurrent Rebuild Remembered Sets and Scrub Regions
[512.314s][info][gc,marking  ] GC(1111) Concurrent Rebuild Remembered Sets and Scrub Regions 46.915ms
[512.314s][info][gc,start    ] GC(1111) Pause Cleanup
[512.314s][info][gc          ] GC(1111) Pause Cleanup 141M->141M(256M) 0.041ms
[512.314s][info][gc,cpu      ] GC(1111) User=0.00s Sys=0.00s Real=0.00s
[512.314s][info][gc,marking  ] GC(1111) Concurrent Clear Claimed Marks
[512.314s][info][gc,marking  ] GC(1111) Concurrent Clear Claimed Marks 0.035ms
[512.314s][info][gc,marking  ] GC(1111) Concurrent Cleanup for Next Mark
[512.315s][info][gc,marking  ] GC(1111) Concurrent Cleanup for Next Mark 0.757ms
[512.315s][info][gc          ] GC(1111) Concurrent Mark Cycle 177.831ms
[512.596s][info][gc,start    ] GC(1112) Pause Young (Prepare Mixed) (G1 Evacuation Pause)
[512.596s][info][gc,task     ] GC(1112) Using 2 workers of 2 for evacuation
[512.633s][info][gc,phases   ] GC(1112)   Pre Evacuate Collection Set: 0.16ms
[512.633s][info][gc,phases   ] GC(1112)   Merge Heap Roots: 0.33ms
[512.633s][info][gc,phases   ] GC(1112)   Evacuate Collection Set: 35.94ms
[512.633s][info][gc,phases   ] GC(1112)   Post Evacuate Collection Set: 0.73ms
[512.633s][info][gc,phases   ] GC(1112)   Other: 0.07ms
[512.633s][info][gc,heap     ] GC(1112) Eden regions: 112->0(120)
[512.633s][info][gc,heap     ] GC(1112) Survivor regions: 20->15(17)
[512.633s][info][gc,heap     ] GC(1112) Old regions: 76->96
[512.633s][info][gc,heap     ] GC(1112) Humongous regions: 5->3
[512.633s][info][gc,metaspace] GC(1112) Metaspace: 43115K(43520K)->43115K(43520K) NonClass: 40300K(40576K)->40300K(40576K) Class: 2815K(2944K)->2815K(2944K)
[512.633s][info][gc          ] GC(1112) Pause Young (Prepare Mixed) (G1 Evacuation Pause) 212M->114M(285M) 37.403ms
[512.633s][info][gc,cpu      ] GC(1112) User=0.08s Sys=0.00s Real=0.04s
[513.038s][info][gc,start    ] GC(1113) Pause Young (Mixed) (G1 Evacuation Pause)
[513.038s][info][gc,task     ] GC(1113) Using 2 workers of 2 for evacuation
[513.055s][info][gc,phases   ] GC(1113)   Pre Evacuate Collection Set: 0.16ms
[513.055s][info][gc,phases   ] GC(1113)   Merge Heap Roots: 0.16ms
[513.055s][info][gc,phases   ] GC(1113)   Evacuate Collection Set: 15.62ms
[513.055s][info][gc,phases   ] GC(1113)   Post Evacuate Collection Set: 0.60ms
[513.055s][info][gc,phases   ] GC(1113)   Other: 0.06ms
[513.055s][info][gc,heap     ] GC(1113) Eden regions: 120->0(129)
[513.055s][info][gc,heap     ] GC(1113) Survivor regions: 15->6(17)
[513.055s][info][gc,heap     ] GC(1113) Old regions: 96->100
[513.055s][info][gc,heap     ] GC(1113) Humongous regions: 11->3
[513.055s][info][gc,metaspace] GC(1113) Metaspace: 43115K(43520K)->43115K(43520K) NonClass: 40300K(40576K)->40300K(40576K) Class: 2815K(2944K)->2815K(2944K)
[513.055s][info][gc          ] GC(1113) Pause Young (Mixed) (G1 Evacuation Pause) 242M->108M(285M) 16.776ms
[513.055s][info][gc,cpu      ] GC(1113) User=0.04s Sys=0.00s Real=0.01s
[513.180s][info][gc,start    ] GC(1114) Pause Young (Concurrent Start) (G1 Humongous Allocation)
[513.180s][info][gc,task     ] GC(1114) Using 2 workers of 2 for evacuation
[513.182s][info][gc,phases   ] GC(1114)   Pre Evacuate Collection Set: 0.17ms
[513.182s][info][gc,phases   ] GC(1114)   Merge Heap Roots: 0.04ms
[513.182s][info][gc,phases   ] GC(1114)   Evacuate Collection Set: 1.38ms
[513.182s][info][gc,phases   ] GC(1114)   Post Evacuate Collection Set: 0.28ms
[513.182s][info][gc,phases   ] GC(1114)   Other: 0.07ms
[513.182s][info][gc,heap     ] GC(1114) Eden regions: 32->0(142)
[513.182s][info][gc,heap     ] GC(1114) Survivor regions: 6->2(17)
[513.182s][info][gc,heap     ] GC(1114) Old regions: 100->100
[513.182s][info][gc,heap     ] GC(1114) Humongous regions: 3->1
[513.182s][info][gc,metaspace] GC(1114) Metaspace: 43115K(43520K)->43115K(43520K) NonClass: 40300K(40576K)->40300K(40576K) Class: 2815K(2944K)->2815K(2944K)
[513.182s][info][gc          ] GC(1114) Pause Young (Concurrent Start) (G1 Humongous Allocation) 140M->102M(285M) 2.084ms
[513.182s][info][gc,cpu      ] GC(1114) User=0.01s Sys=0.00s Real=0.00s
[513.182s][info][gc          ] GC(1115) Concurrent Mark Cycle
[513.182s][info][gc,marking  ] GC(1115) Concurrent Scan Root Regions
[513.184s][info][gc,marking  ] GC(1115) Concurrent Scan Root Regions 1.475ms
[513.184s][info][gc,marking  ] GC(1115) Concurrent Mark
[513.184s][info][gc,marking  ] GC(1115) Concurrent Mark From Roots
[513.184s][info][gc,task     ] GC(1115) Using 1 workers of 1 for marking
[513.239s][info][gc,marking  ] GC(1115) Concurrent Mark From Roots 55.231ms
[513.239s][info][gc,marking  ] GC(1115) Concurrent Preclean
[513.239s][info][gc,marking  ] GC(1115) Concurrent Preclean 0.032ms
[513.239s][info][gc,start    ] GC(1115) Pause Remark
[513.255s][info][gc          ] GC(1115) Pause Remark 122M->94M(257M) 15.988ms
[513.255s][info][gc,cpu      ] GC(1115) User=0.03s Sys=0.00s Real=0.01s
[513.255s][info][gc,marking  ] GC(1115) Concurrent Mark 71.524ms
[513.255s][info][gc,marking  ] GC(1115) Concurrent Rebuild Remembered Sets and Scrub Regions
[513.275s][info][gc,marking  ] GC(1115) Concurrent Rebuild Remembered Sets and Scrub Regions 20.141ms
[513.276s][info][gc,start    ] GC(1115) Pause Cleanup
[513.276s][info][gc          ] GC(1115) Pause Cleanup 99M->99M(257M) 0.045ms
[513.276s][info][gc,cpu      ] GC(1115) User=0.00s Sys=0.00s Real=0.00s
[513.276s][info][gc,marking  ] GC(1115) Concurrent Clear Claimed Marks
[513.276s][info][gc,marking  ] GC(1115) Concurrent Clear Claimed Marks 0.057ms
[513.276s][info][gc,marking  ] GC(1115) Concurrent Cleanup for Next Mark
[513.277s][info][gc,marking  ] GC(1115) Concurrent Cleanup for Next Mark 0.790ms
[513.277s][info][gc          ] GC(1115) Concurrent Mark Cycle 94.311ms
[513.717s][info][gc,start    ] GC(1116) Pause Young (Prepare Mixed) (G1 Evacuation Pause)
[513.717s][info][gc,task     ] GC(1116) Using 2 workers of 2 for evacuation
[513.739s][info][gc,phases   ] GC(1116)   Pre Evacuate Collection Set: 0.19ms
[513.739s][info][gc,phases   ] GC(1116)   Merge Heap Roots: 0.06ms
[513.739s][info][gc,phases   ] GC(1116)   Evacuate Collection Set: 21.56ms
[513.739s][info][gc,phases   ] GC(1116)   Post Evacuate Collection Set: 0.61ms
[513.739s][info][gc,phases   ] GC(1116)   Other: 0.07ms
[513.739s][info][gc,heap     ] GC(1116) Eden regions: 142->0(130)
[513.739s][info][gc,heap     ] GC(1116) Survivor regions: 2->13(18)
[513.739s][info][gc,heap     ] GC(1116) Old regions: 72->72
[513.739s][info][gc,heap     ] GC(1116) Humongous regions: 5->3
[513.739s][info][gc,metaspace] GC(1116) Metaspace: 43116K(43520K)->43116K(43520K) NonClass: 40300K(40576K)->40300K(40576K) Class: 2815K(2944K)->2815K(2944K)
[513.739s][info][gc          ] GC(1116) Pause Young (Prepare Mixed) (G1 Evacuation Pause) 220M->88M(257M) 22.694ms
[513.740s][info][gc,cpu      ] GC(1116) User=0.03s Sys=0.00s Real=0.02s
[514.180s][info][gc,start    ] GC(1117) Pause Young (Mixed) (G1 Evacuation Pause)
[514.180s][info][gc,task     ] GC(1117) Using 2 workers of 2 for evacuation
[514.187s][info][gc,phases   ] GC(1117)   Pre Evacuate Collection Set: 0.21ms
[514.187s][info][gc,phases   ] GC(1117)   Merge Heap Roots: 0.07ms
[514.187s][info][gc,phases   ] GC(1117)   Evacuate Collection Set: 6.65ms
[514.187s][info][gc,phases   ] GC(1117)   Post Evacuate Collection Set: 0.40ms
[514.187s][info][gc,phases   ] GC(1117)   Other: 0.08ms
[514.187s][info][gc,heap     ] GC(1117) Eden regions: 130->0(148)
[514.187s][info][gc,heap     ] GC(1117) Survivor regions: 13->6(18)
[514.187s][info][gc,heap     ] GC(1117) Old regions: 72->51
[514.187s][info][gc,heap     ] GC(1117) Humongous regions: 9->3
[514.187s][info][gc,metaspace] GC(1117) Metaspace: 43116K(43520K)->43116K(43520K) NonClass: 40300K(40576K)->40300K(40576K) Class: 2815K(2944K)->2815K(2944K)
[514.187s][info][gc          ] GC(1117) Pause Young (Mixed) (G1 Evacuation Pause) 224M->59M(257M) 7.560ms
[514.187s][info][gc,cpu      ] GC(1117) User=0.02s Sys=0.00s Real=0.01s
[514.234s][info][gc,start    ] GC(1118) Pause Young (Concurrent Start) (G1 Humongous Allocation)
[514.234s][info][gc,task     ] GC(1118) Using 2 workers of 2 for evacuation
[514.236s][info][gc,phases   ] GC(1118)   Pre Evacuate Collection Set: 0.16ms
[514.236s][info][gc,phases   ] GC(1118)   Merge Heap Roots: 0.04ms
[514.236s][info][gc,phases   ] GC(1118)   Evacuate Collection Set: 1.21ms
[514.236s][info][gc,phases   ] GC(1118)   Post Evacuate Collection Set: 0.28ms
[514.236s][info][gc,phases   ] GC(1118)   Other: 0.09ms
[514.236s][info][gc,heap     ] GC(1118) Eden regions: 13->0(152)
[514.236s][info][gc,heap     ] GC(1118) Survivor regions: 6->2(20)
[514.236s][info][gc,heap     ] GC(1118) Old regions: 51->51
[514.236s][info][gc,heap     ] GC(1118) Humongous regions: 3->1
[514.236s][info][gc,metaspace] GC(1118) Metaspace: 43116K(43520K)->43116K(43520K) NonClass: 40300K(40576K)->40300K(40576K) Class: 2815K(2944K)->2815K(2944K)
[514.236s][info][gc          ] GC(1118) Pause Young (Concurrent Start) (G1 Humongous Allocation) 72M->53M(257M) 1.925ms
[514.236s][info][gc,cpu      ] GC(1118) User=0.00s Sys=0.00s Real=0.00s
[514.238s][info][gc          ] GC(1119) Concurrent Mark Cycle
[514.238s][info][gc,marking  ] GC(1119) Concurrent Scan Root Regions
[514.239s][info][gc,marking  ] GC(1119) Concurrent Scan Root Regions 1.341ms
[514.239s][info][gc,marking  ] GC(1119) Concurrent Mark
[514.239s][info][gc,marking  ] GC(1119) Concurrent Mark From Roots
[514.239s][info][gc,task     ] GC(1119) Using 1 workers of 1 for marking
[514.301s][info][gc,marking  ] GC(1119) Concurrent Mark From Roots 61.844ms
[514.301s][info][gc,marking  ] GC(1119) Concurrent Preclean
[514.301s][info][gc,marking  ] GC(1119) Concurrent Preclean 0.032ms
[514.301s][info][gc,start    ] GC(1119) Pause Remark
[514.317s][info][gc          ] GC(1119) Pause Remark 76M->76M(256M) 15.374ms
[514.317s][info][gc,cpu      ] GC(1119) User=0.03s Sys=0.00s Real=0.01s
[514.317s][info][gc,marking  ] GC(1119) Concurrent Mark 77.543ms
[514.317s][info][gc,marking  ] GC(1119) Concurrent Rebuild Remembered Sets and Scrub Regions
[514.338s][info][gc,marking  ] GC(1119) Concurrent Rebuild Remembered Sets and Scrub Regions 20.963ms
[514.338s][info][gc,start    ] GC(1119) Pause Cleanup
[514.338s][info][gc          ] GC(1119) Pause Cleanup 80M->80M(256M) 0.042ms
[514.338s][info][gc,cpu      ] GC(1119) User=0.00s Sys=0.00s Real=0.00s
[514.338s][info][gc,marking  ] GC(1119) Concurrent Clear Claimed Marks
[514.338s][info][gc,marking  ] GC(1119) Concurrent Clear Claimed Marks 0.034ms
[514.338s][info][gc,marking  ] GC(1119) Concurrent Cleanup for Next Mark
[514.339s][info][gc,marking  ] GC(1119) Concurrent Cleanup for Next Mark 0.770ms
[514.339s][info][gc          ] GC(1119) Concurrent Mark Cycle 101.034ms
[514.778s][info][gc,start    ] GC(1120) Pause Young (Prepare Mixed) (G1 Evacuation Pause)
[514.778s][info][gc,task     ] GC(1120) Using 2 workers of 2 for evacuation
[514.794s][info][gc,phases   ] GC(1120)   Pre Evacuate Collection Set: 0.34ms
[514.794s][info][gc,phases   ] GC(1120)   Merge Heap Roots: 0.06ms
[514.794s][info][gc,phases   ] GC(1120)   Evacuate Collection Set: 15.00ms
[514.794s][info][gc,phases   ] GC(1120)   Post Evacuate Collection Set: 0.42ms
[514.794s][info][gc,phases   ] GC(1120)   Other: 0.09ms
[514.794s][info][gc,heap     ] GC(1120) Eden regions: 151->0(140)
[514.794s][info][gc,heap     ] GC(1120) Survivor regions: 2->13(20)
[514.794s][info][gc,heap     ] GC(1120) Old regions: 51->51
[514.794s][info][gc,heap     ] GC(1120) Humongous regions: 5->3
[514.794s][info][gc,metaspace] GC(1120) Metaspace: 43116K(43520K)->43116K(43520K) NonClass: 40300K(40576K)->40300K(40576K) Class: 2815K(2944K)->2815K(2944K)
[514.794s][info][gc          ] GC(1120) Pause Young (Prepare Mixed) (G1 Evacuation Pause) 208M->66M(256M) 16.131ms
[514.794s][info][gc,cpu      ] GC(1120) User=0.03s Sys=0.00s Real=0.01s
[515.285s][info][gc,start    ] GC(1121) Pause Young (Mixed) (G1 Evacuation Pause)
[515.285s][info][gc,task     ] GC(1121) Using 2 workers of 2 for evacuation
[515.293s][info][gc,phases   ] GC(1121)   Pre Evacuate Collection Set: 0.15ms
[515.293s][info][gc,phases   ] GC(1121)   Merge Heap Roots: 0.06ms
[515.293s][info][gc,phases   ] GC(1121)   Evacuate Collection Set: 7.17ms
[515.293s][info][gc,phases   ] GC(1121)   Post Evacuate Collection Set: 0.39ms
[515.293s][info][gc,phases   ] GC(1121)   Other: 0.07ms
[515.293s][info][gc,heap     ] GC(1121) Eden regions: 140->0(146)
[515.293s][info][gc,heap     ] GC(1121) Survivor regions: 13->7(20)
[515.293s][info][gc,heap     ] GC(1121) Old regions: 51->49
[515.293s][info][gc,heap     ] GC(1121) Humongous regions: 7->3
[515.293s][info][gc,metaspace] GC(1121) Metaspace: 43116K(43520K)->43116K(43520K) NonClass: 40300K(40576K)->40300K(40576K) Class: 2815K(2944K)->2815K(2944K)
[515.293s][info][gc          ] GC(1121) Pause Young (Mixed) (G1 Evacuation Pause) 210M->57M(256M) 8.028ms
[515.293s][info][gc,cpu      ] GC(1121) User=0.02s Sys=0.00s Real=0.01s
[515.377s][info][gc,start    ] GC(1122) Pause Young (Concurrent Start) (G1 Humongous Allocation)
[515.377s][info][gc,task     ] GC(1122) Using 2 workers of 2 for evacuation
[515.380s][info][gc,phases   ] GC(1122)   Pre Evacuate Collection Set: 0.17ms
[515.380s][info][gc,phases   ] GC(1122)   Merge Heap Roots: 0.04ms
[515.380s][info][gc,phases   ] GC(1122)   Evacuate Collection Set: 2.59ms
[515.380s][info][gc,phases   ] GC(1122)   Post Evacuate Collection Set: 0.30ms
[515.380s][info][gc,phases   ] GC(1122)   Other: 0.09ms
[515.380s][info][gc,heap     ] GC(1122) Eden regions: 19->0(151)
[515.380s][info][gc,heap     ] GC(1122) Survivor regions: 7->2(20)
[515.380s][info][gc,heap     ] GC(1122) Old regions: 49->49
[515.380s][info][gc,heap     ] GC(1122) Humongous regions: 3->1
[515.380s][info][gc,metaspace] GC(1122) Metaspace: 43116K(43520K)->43116K(43520K) NonClass: 40300K(40576K)->40300K(40576K) Class: 2815K(2944K)->2815K(2944K)
[515.380s][info][gc          ] GC(1122) Pause Young (Concurrent Start) (G1 Humongous Allocation) 76M->50M(256M) 3.354ms
[515.380s][info][gc,cpu      ] GC(1122) User=0.00s Sys=0.00s Real=0.00s
[515.380s][info][gc          ] GC(1123) Concurrent Mark Cycle
[515.380s][info][gc,marking  ] GC(1123) Concurrent Scan Root Regions
[515.382s][info][gc,marking  ] GC(1123) Concurrent Scan Root Regions 1.800ms
[515.382s][info][gc,marking  ] GC(1123) Concurrent Mark
[515.382s][info][gc,marking  ] GC(1123) Concurrent Mark From Roots
[515.382s][info][gc,task     ] GC(1123) Using 1 workers of 1 for marking
[515.440s][info][gc,marking  ] GC(1123) Concurrent Mark From Roots 58.106ms
[515.440s][info][gc,marking  ] GC(1123) Concurrent Preclean
[515.440s][info][gc,marking  ] GC(1123) Concurrent Preclean 0.035ms
[515.440s][info][gc,start    ] GC(1123) Pause Remark
[515.456s][info][gc          ] GC(1123) Pause Remark 69M->69M(256M) 15.535ms
[515.456s][info][gc,cpu      ] GC(1123) User=0.03s Sys=0.00s Real=0.01s
[515.456s][info][gc,marking  ] GC(1123) Concurrent Mark 73.911ms
[515.456s][info][gc,marking  ] GC(1123) Concurrent Rebuild Remembered Sets and Scrub Regions
[515.479s][info][gc,marking  ] GC(1123) Concurrent Rebuild Remembered Sets and Scrub Regions 22.476ms
[515.479s][info][gc,start    ] GC(1123) Pause Cleanup
[515.479s][info][gc          ] GC(1123) Pause Cleanup 73M->73M(256M) 0.040ms
[515.479s][info][gc,cpu      ] GC(1123) User=0.00s Sys=0.00s Real=0.00s
[515.479s][info][gc,marking  ] GC(1123) Concurrent Clear Claimed Marks
[515.479s][info][gc,marking  ] GC(1123) Concurrent Clear Claimed Marks 0.035ms
[515.479s][info][gc,marking  ] GC(1123) Concurrent Cleanup for Next Mark
[515.480s][info][gc,marking  ] GC(1123) Concurrent Cleanup for Next Mark 0.745ms
[515.480s][info][gc          ] GC(1123) Concurrent Mark Cycle 99.377ms
[515.788s][info][gc,start    ] GC(1124) Pause Young (Prepare Mixed) (G1 Evacuation Pause)
[515.788s][info][gc,task     ] GC(1124) Using 2 workers of 2 for evacuation
[515.819s][info][gc,phases   ] GC(1124)   Pre Evacuate Collection Set: 0.15ms
[515.819s][info][gc,phases   ] GC(1124)   Merge Heap Roots: 0.06ms
[515.819s][info][gc,phases   ] GC(1124)   Evacuate Collection Set: 30.14ms
[515.819s][info][gc,phases   ] GC(1124)   Post Evacuate Collection Set: 0.49ms
[515.819s][info][gc,phases   ] GC(1124)   Other: 0.10ms
[515.819s][info][gc,heap     ] GC(1124) Eden regions: 151->0(119)
[515.819s][info][gc,heap     ] GC(1124) Survivor regions: 2->20(20)
[515.819s][info][gc,heap     ] GC(1124) Old regions: 49->66
[515.819s][info][gc,heap     ] GC(1124) Humongous regions: 5->3
[515.819s][info][gc,metaspace] GC(1124) Metaspace: 43116K(43520K)->43116K(43520K) NonClass: 40300K(40576K)->40300K(40576K) Class: 2815K(2944K)->2815K(2944K)
[515.819s][info][gc          ] GC(1124) Pause Young (Prepare Mixed) (G1 Evacuation Pause) 205M->88M(256M) 31.112ms
[515.819s][info][gc,cpu      ] GC(1124) User=0.06s Sys=0.00s Real=0.03s
[516.290s][info][gc,start    ] GC(1125) Pause Young (Mixed) (G1 Evacuation Pause)
[516.290s][info][gc,task     ] GC(1125) Using 2 workers of 2 for evacuation
[516.346s][info][gc,phases   ] GC(1125)   Pre Evacuate Collection Set: 0.15ms
[516.346s][info][gc,phases   ] GC(1125)   Merge Heap Roots: 0.22ms
[516.346s][info][gc,phases   ] GC(1125)   Evacuate Collection Set: 54.59ms
[516.346s][info][gc,phases   ] GC(1125)   Post Evacuate Collection Set: 0.45ms
[516.346s][info][gc,phases   ] GC(1125)   Other: 0.08ms
[516.346s][info][gc,heap     ] GC(1125) Eden regions: 119->0(95)
[516.346s][info][gc,heap     ] GC(1125) Survivor regions: 20->18(18)
[516.346s][info][gc,heap     ] GC(1125) Old regions: 66->93
[516.346s][info][gc,heap     ] GC(1125) Humongous regions: 3->3
[516.346s][info][gc,metaspace] GC(1125) Metaspace: 43116K(43520K)->43116K(43520K) NonClass: 40300K(40576K)->40300K(40576K) Class: 2815K(2944K)->2815K(2944K)
[516.346s][info][gc          ] GC(1125) Pause Young (Mixed) (G1 Evacuation Pause) 207M->113M(257M) 55.667ms
[516.346s][info][gc,cpu      ] GC(1125) User=0.11s Sys=0.00s Real=0.05s
[516.763s][info][gc,start    ] GC(1126) Pause Young (Concurrent Start) (G1 Evacuation Pause)
[516.763s][info][gc,task     ] GC(1126) Using 2 workers of 2 for evacuation
[516.817s][info][gc,phases   ] GC(1126)   Pre Evacuate Collection Set: 0.18ms
[516.817s][info][gc,phases   ] GC(1126)   Merge Heap Roots: 0.22ms
[516.817s][info][gc,phases   ] GC(1126)   Evacuate Collection Set: 52.29ms
[516.817s][info][gc,phases   ] GC(1126)   Post Evacuate Collection Set: 0.89ms
[516.817s][info][gc,phases   ] GC(1126)   Other: 0.09ms
[516.817s][info][gc,heap     ] GC(1126) Eden regions: 95->0(104)
[516.817s][info][gc,heap     ] GC(1126) Survivor regions: 18->15(15)
[516.817s][info][gc,heap     ] GC(1126) Old regions: 93->124
[516.817s][info][gc,heap     ] GC(1126) Humongous regions: 3->3
[516.817s][info][gc,metaspace] GC(1126) Metaspace: 43116K(43520K)->43116K(43520K) NonClass: 40300K(40576K)->40300K(40576K) Class: 2815K(2944K)->2815K(2944K)
[516.817s][info][gc          ] GC(1126) Pause Young (Concurrent Start) (G1 Evacuation Pause) 208M->141M(308M) 53.848ms
[516.817s][info][gc,cpu      ] GC(1126) User=0.11s Sys=0.00s Real=0.06s
[516.817s][info][gc          ] GC(1127) Concurrent Mark Cycle
[516.818s][info][gc,marking  ] GC(1127) Concurrent Scan Root Regions
[516.881s][info][gc,marking  ] GC(1127) Concurrent Scan Root Regions 63.484ms
[516.881s][info][gc,marking  ] GC(1127) Concurrent Mark
[516.881s][info][gc,marking  ] GC(1127) Concurrent Mark From Roots
[516.881s][info][gc,task     ] GC(1127) Using 1 workers of 1 for marking
[517.097s][info][gc,marking  ] GC(1127) Concurrent Mark From Roots 215.933ms
[517.097s][info][gc,marking  ] GC(1127) Concurrent Preclean
[517.097s][info][gc,marking  ] GC(1127) Concurrent Preclean 0.039ms
[517.097s][info][gc,start    ] GC(1127) Pause Remark
[517.113s][info][gc          ] GC(1127) Pause Remark 191M->191M(308M) 15.920ms
[517.113s][info][gc,cpu      ] GC(1127) User=0.03s Sys=0.00s Real=0.01s
[517.113s][info][gc,marking  ] GC(1127) Concurrent Mark 232.149ms
[517.113s][info][gc,marking  ] GC(1127) Concurrent Rebuild Remembered Sets and Scrub Regions
[517.184s][info][gc,marking  ] GC(1127) Concurrent Rebuild Remembered Sets and Scrub Regions 70.643ms
[517.184s][info][gc,start    ] GC(1127) Pause Cleanup
[517.184s][info][gc          ] GC(1127) Pause Cleanup 200M->200M(308M) 0.048ms
[517.184s][info][gc,cpu      ] GC(1127) User=0.00s Sys=0.00s Real=0.00s
[517.184s][info][gc,marking  ] GC(1127) Concurrent Clear Claimed Marks
[517.184s][info][gc,marking  ] GC(1127) Concurrent Clear Claimed Marks 0.037ms
[517.184s][info][gc,marking  ] GC(1127) Concurrent Cleanup for Next Mark
[517.186s][info][gc,marking  ] GC(1127) Concurrent Cleanup for Next Mark 1.458ms
[517.186s][info][gc          ] GC(1127) Concurrent Mark Cycle 369.068ms
[517.386s][info][gc,start    ] GC(1128) Pause Young (Prepare Mixed) (G1 Evacuation Pause)
[517.386s][info][gc,task     ] GC(1128) Using 2 workers of 2 for evacuation
[517.436s][info][gc,phases   ] GC(1128)   Pre Evacuate Collection Set: 0.16ms
[517.436s][info][gc,phases   ] GC(1128)   Merge Heap Roots: 0.36ms
[517.436s][info][gc,phases   ] GC(1128)   Evacuate Collection Set: 48.71ms
[517.436s][info][gc,phases   ] GC(1128)   Post Evacuate Collection Set: 0.42ms
[517.436s][info][gc,phases   ] GC(1128)   Other: 0.07ms
[517.436s][info][gc,heap     ] GC(1128) Eden regions: 104->0(81)
[517.436s][info][gc,heap     ] GC(1128) Survivor regions: 15->15(15)
[517.436s][info][gc,heap     ] GC(1128) Old regions: 124->154
[517.436s][info][gc,heap     ] GC(1128) Humongous regions: 3->3
[517.436s][info][gc,metaspace] GC(1128) Metaspace: 43119K(43520K)->43119K(43520K) NonClass: 40303K(40576K)->40303K(40576K) Class: 2815K(2944K)->2815K(2944K)
[517.436s][info][gc          ] GC(1128) Pause Young (Prepare Mixed) (G1 Evacuation Pause) 245M->171M(308M) 49.910ms
[517.436s][info][gc,cpu      ] GC(1128) User=0.10s Sys=0.00s Real=0.05s
[517.725s][info][gc,start    ] GC(1129) Pause Young (Mixed) (G1 Evacuation Pause)
[517.725s][info][gc,task     ] GC(1129) Using 2 workers of 2 for evacuation
[517.763s][info][gc,phases   ] GC(1129)   Pre Evacuate Collection Set: 0.17ms
[517.763s][info][gc,phases   ] GC(1129)   Merge Heap Roots: 0.20ms
[517.763s][info][gc,phases   ] GC(1129)   Evacuate Collection Set: 37.04ms
[517.763s][info][gc,phases   ] GC(1129)   Post Evacuate Collection Set: 0.35ms
[517.763s][info][gc,phases   ] GC(1129)   Other: 0.06ms
[517.763s][info][gc,heap     ] GC(1129) Eden regions: 81->0(74)
[517.763s][info][gc,heap     ] GC(1129) Survivor regions: 15->12(12)
[517.763s][info][gc,heap     ] GC(1129) Old regions: 154->170
[517.763s][info][gc,heap     ] GC(1129) Humongous regions: 5->3
[517.763s][info][gc,metaspace] GC(1129) Metaspace: 43119K(43520K)->43119K(43520K) NonClass: 40303K(40576K)->40303K(40576K) Class: 2815K(2944K)->2815K(2944K)
[517.763s][info][gc          ] GC(1129) Pause Young (Mixed) (G1 Evacuation Pause) 254M->184M(308M) 38.030ms
[517.763s][info][gc,cpu      ] GC(1129) User=0.08s Sys=0.00s Real=0.04s
[517.997s][info][gc,start    ] GC(1130) Pause Young (Concurrent Start) (G1 Humongous Allocation)
[517.997s][info][gc,task     ] GC(1130) Using 2 workers of 2 for evacuation
[518.014s][info][gc,phases   ] GC(1130)   Pre Evacuate Collection Set: 0.18ms
[518.014s][info][gc,phases   ] GC(1130)   Merge Heap Roots: 0.12ms
[518.014s][info][gc,phases   ] GC(1130)   Evacuate Collection Set: 16.06ms
[518.014s][info][gc,phases   ] GC(1130)   Post Evacuate Collection Set: 0.38ms
[518.014s][info][gc,phases   ] GC(1130)   Other: 0.08ms
[518.014s][info][gc,heap     ] GC(1130) Eden regions: 59->0(77)
[518.014s][info][gc,heap     ] GC(1130) Survivor regions: 12->7(11)
[518.014s][info][gc,heap     ] GC(1130) Old regions: 170->178
[518.014s][info][gc,heap     ] GC(1130) Humongous regions: 3->1
[518.014s][info][gc,metaspace] GC(1130) Metaspace: 43119K(43520K)->43119K(43520K) NonClass: 40303K(40576K)->40303K(40576K) Class: 2815K(2944K)->2815K(2944K)
[518.014s][info][gc          ] GC(1130) Pause Young (Concurrent Start) (G1 Humongous Allocation) 242M->185M(308M) 16.987ms
[518.014s][info][gc,cpu      ] GC(1130) User=0.03s Sys=0.00s Real=0.01s
[518.014s][info][gc          ] GC(1131) Concurrent Mark Cycle
[518.014s][info][gc,marking  ] GC(1131) Concurrent Scan Root Regions
[518.026s][info][gc,marking  ] GC(1131) Concurrent Scan Root Regions 11.305ms
[518.026s][info][gc,marking  ] GC(1131) Concurrent Mark
[518.026s][info][gc,marking  ] GC(1131) Concurrent Mark From Roots
[518.026s][info][gc,task     ] GC(1131) Using 1 workers of 1 for marking
[518.141s][info][gc,marking  ] GC(1131) Concurrent Mark From Roots 115.157ms
[518.141s][info][gc,marking  ] GC(1131) Concurrent Preclean
[518.141s][info][gc,marking  ] GC(1131) Concurrent Preclean 0.035ms
[518.141s][info][gc,start    ] GC(1131) Pause Remark
[518.157s][info][gc          ] GC(1131) Pause Remark 217M->217M(317M) 15.814ms
[518.157s][info][gc,cpu      ] GC(1131) User=0.03s Sys=0.00s Real=0.02s
[518.159s][info][gc,marking  ] GC(1131) Concurrent Mark 132.942ms
[518.159s][info][gc,marking  ] GC(1131) Concurrent Rebuild Remembered Sets and Scrub Regions
[518.224s][info][gc,marking  ] GC(1131) Concurrent Rebuild Remembered Sets and Scrub Regions 65.608ms
[518.225s][info][gc,start    ] GC(1131) Pause Cleanup
[518.225s][info][gc          ] GC(1131) Pause Cleanup 243M->243M(317M) 0.127ms
[518.225s][info][gc,cpu      ] GC(1131) User=0.00s Sys=0.00s Real=0.00s
[518.225s][info][gc,marking  ] GC(1131) Concurrent Clear Claimed Marks
[518.225s][info][gc,marking  ] GC(1131) Concurrent Clear Claimed Marks 0.041ms
[518.225s][info][gc,marking  ] GC(1131) Concurrent Cleanup for Next Mark
[518.226s][info][gc,marking  ] GC(1131) Concurrent Cleanup for Next Mark 1.017ms
[518.226s][info][gc          ] GC(1131) Concurrent Mark Cycle 211.518ms
[518.313s][info][gc,start    ] GC(1132) Pause Young (Prepare Mixed) (G1 Evacuation Pause)
[518.313s][info][gc,task     ] GC(1132) Using 2 workers of 2 for evacuation
[518.328s][info][gc,phases   ] GC(1132)   Pre Evacuate Collection Set: 0.20ms
[518.328s][info][gc,phases   ] GC(1132)   Merge Heap Roots: 0.08ms
[518.328s][info][gc,phases   ] GC(1132)   Evacuate Collection Set: 14.77ms
[518.328s][info][gc,phases   ] GC(1132)   Post Evacuate Collection Set: 0.39ms
[518.328s][info][gc,phases   ] GC(1132)   Other: 0.08ms
[518.328s][info][gc,heap     ] GC(1132) Eden regions: 77->0(78)
[518.328s][info][gc,heap     ] GC(1132) Survivor regions: 7->10(11)
[518.328s][info][gc,heap     ] GC(1132) Old regions: 178->185
[518.328s][info][gc,heap     ] GC(1132) Humongous regions: 5->3
[518.328s][info][gc,metaspace] GC(1132) Metaspace: 43119K(43520K)->43119K(43520K) NonClass: 40303K(40576K)->40303K(40576K) Class: 2815K(2944K)->2815K(2944K)
[518.328s][info][gc          ] GC(1132) Pause Young (Prepare Mixed) (G1 Evacuation Pause) 266M->197M(317M) 15.684ms
[518.328s][info][gc,cpu      ] GC(1132) User=0.03s Sys=0.00s Real=0.02s
[518.695s][info][gc,start    ] GC(1133) Pause Young (Mixed) (G1 Evacuation Pause)
[518.695s][info][gc,task     ] GC(1133) Using 2 workers of 2 for evacuation
[518.705s][info][gc,phases   ] GC(1133)   Pre Evacuate Collection Set: 0.20ms
[518.705s][info][gc,phases   ] GC(1133)   Merge Heap Roots: 0.13ms
[518.705s][info][gc,phases   ] GC(1133)   Evacuate Collection Set: 9.28ms
[518.705s][info][gc,phases   ] GC(1133)   Post Evacuate Collection Set: 0.38ms
[518.705s][info][gc,phases   ] GC(1133)   Other: 0.09ms
[518.705s][info][gc,heap     ] GC(1133) Eden regions: 78->0(103)
[518.705s][info][gc,heap     ] GC(1133) Survivor regions: 10->8(11)
[518.705s][info][gc,heap     ] GC(1133) Old regions: 185->155
[518.705s][info][gc,heap     ] GC(1133) Humongous regions: 9->3
[518.705s][info][gc,metaspace] GC(1133) Metaspace: 43119K(43520K)->43119K(43520K) NonClass: 40303K(40576K)->40303K(40576K) Class: 2815K(2944K)->2815K(2944K)
[518.705s][info][gc          ] GC(1133) Pause Young (Mixed) (G1 Evacuation Pause) 281M->165M(317M) 10.255ms
[518.705s][info][gc,cpu      ] GC(1133) User=0.02s Sys=0.00s Real=0.01s
[518.952s][info][gc,start    ] GC(1134) Pause Young (Mixed) (G1 Evacuation Pause)
[518.952s][info][gc,task     ] GC(1134) Using 2 workers of 2 for evacuation
[518.976s][info][gc,phases   ] GC(1134)   Pre Evacuate Collection Set: 0.23ms
[518.976s][info][gc,phases   ] GC(1134)   Merge Heap Roots: 0.23ms
[518.976s][info][gc,phases   ] GC(1134)   Evacuate Collection Set: 23.33ms
[518.976s][info][gc,phases   ] GC(1134)   Post Evacuate Collection Set: 0.45ms
[518.976s][info][gc,phases   ] GC(1134)   Other: 0.07ms
[518.976s][info][gc,heap     ] GC(1134) Eden regions: 103->0(106)
[518.976s][info][gc,heap     ] GC(1134) Survivor regions: 8->14(14)
[518.976s][info][gc,heap     ] GC(1134) Old regions: 155->138
[518.976s][info][gc,heap     ] GC(1134) Humongous regions: 5->3
[518.976s][info][gc,metaspace] GC(1134) Metaspace: 43119K(43520K)->43119K(43520K) NonClass: 40303K(40576K)->40303K(40576K) Class: 2815K(2944K)->2815K(2944K)
[518.976s][info][gc          ] GC(1134) Pause Young (Mixed) (G1 Evacuation Pause) 270M->154M(317M) 24.492ms
[518.976s][info][gc,cpu      ] GC(1134) User=0.04s Sys=0.00s Real=0.02s
[519.315s][info][gc,start    ] GC(1135) Pause Young (Mixed) (G1 Evacuation Pause)
[519.315s][info][gc,task     ] GC(1135) Using 2 workers of 2 for evacuation
[519.353s][info][gc,phases   ] GC(1135)   Pre Evacuate Collection Set: 0.34ms
[519.353s][info][gc,phases   ] GC(1135)   Merge Heap Roots: 0.56ms
[519.353s][info][gc,phases   ] GC(1135)   Evacuate Collection Set: 35.28ms
[519.353s][info][gc,phases   ] GC(1135)   Post Evacuate Collection Set: 1.44ms
[519.353s][info][gc,phases   ] GC(1135)   Other: 0.10ms
[519.353s][info][gc,heap     ] GC(1135) Eden regions: 106->0(202)
[519.353s][info][gc,heap     ] GC(1135) Survivor regions: 14->15(15)
[519.353s][info][gc,heap     ] GC(1135) Old regions: 138->134
[519.353s][info][gc,heap     ] GC(1135) Humongous regions: 5->4
[519.353s][info][gc,metaspace] GC(1135) Metaspace: 43119K(43520K)->43119K(43520K) NonClass: 40303K(40576K)->40303K(40576K) Class: 2815K(2944K)->2815K(2944K)
[519.353s][info][gc          ] GC(1135) Pause Young (Mixed) (G1 Evacuation Pause) 262M->152M(450M) 37.946ms
[519.353s][info][gc,cpu      ] GC(1135) User=0.07s Sys=0.01s Real=0.04s
[520.095s][info][gc,start    ] GC(1136) Pause Young (Mixed) (G1 Evacuation Pause)
[520.095s][info][gc,task     ] GC(1136) Using 2 workers of 2 for evacuation
[520.116s][info][gc,phases   ] GC(1136)   Pre Evacuate Collection Set: 0.22ms
[520.116s][info][gc,phases   ] GC(1136)   Merge Heap Roots: 0.31ms
[520.116s][info][gc,phases   ] GC(1136)   Evacuate Collection Set: 19.50ms
[520.116s][info][gc,phases   ] GC(1136)   Post Evacuate Collection Set: 0.42ms
[520.116s][info][gc,phases   ] GC(1136)   Other: 0.09ms
[520.116s][info][gc,heap     ] GC(1136) Eden regions: 202->0(217)
[520.116s][info][gc,heap     ] GC(1136) Survivor regions: 15->3(28)
[520.116s][info][gc,heap     ] GC(1136) Old regions: 134->146
[520.116s][info][gc,heap     ] GC(1136) Humongous regions: 5->4
[520.116s][info][gc,metaspace] GC(1136) Metaspace: 43119K(43520K)->43119K(43520K) NonClass: 40304K(40576K)->40304K(40576K) Class: 2815K(2944K)->2815K(2944K)
[520.116s][info][gc          ] GC(1136) Pause Young (Mixed) (G1 Evacuation Pause) 355M->152M(450M) 20.785ms
[520.116s][info][gc,cpu      ] GC(1136) User=0.04s Sys=0.00s Real=0.02s
[520.767s][info][gc,start    ] GC(1137) Pause Young (Normal) (G1 Evacuation Pause)
[520.767s][info][gc,task     ] GC(1137) Using 2 workers of 2 for evacuation
[520.802s][info][gc,phases   ] GC(1137)   Pre Evacuate Collection Set: 0.21ms
[520.802s][info][gc,phases   ] GC(1137)   Merge Heap Roots: 0.09ms
[520.802s][info][gc,phases   ] GC(1137)   Evacuate Collection Set: 33.92ms
[520.802s][info][gc,phases   ] GC(1137)   Post Evacuate Collection Set: 0.52ms
[520.802s][info][gc,phases   ] GC(1137)   Other: 0.08ms
[520.802s][info][gc,heap     ] GC(1137) Eden regions: 217->0(143)
[520.802s][info][gc,heap     ] GC(1137) Survivor regions: 3->28(28)
[520.802s][info][gc,heap     ] GC(1137) Old regions: 146->175
[520.802s][info][gc,heap     ] GC(1137) Humongous regions: 5->4
[520.802s][info][gc,metaspace] GC(1137) Metaspace: 43119K(43520K)->43119K(43520K) NonClass: 40304K(40576K)->40304K(40576K) Class: 2815K(2944K)->2815K(2944K)
[520.802s][info][gc          ] GC(1137) Pause Young (Normal) (G1 Evacuation Pause) 370M->206M(450M) 35.012ms
[520.802s][info][gc,cpu      ] GC(1137) User=0.07s Sys=0.00s Real=0.03s
[521.154s][info][gc,start    ] GC(1138) Pause Young (Concurrent Start) (G1 Humongous Allocation)
[521.154s][info][gc,task     ] GC(1138) Using 2 workers of 2 for evacuation
[521.201s][info][gc,phases   ] GC(1138)   Pre Evacuate Collection Set: 0.24ms
[521.201s][info][gc,phases   ] GC(1138)   Merge Heap Roots: 0.23ms
[521.201s][info][gc,phases   ] GC(1138)   Evacuate Collection Set: 45.61ms
[521.201s][info][gc,phases   ] GC(1138)   Post Evacuate Collection Set: 0.50ms
[521.201s][info][gc,phases   ] GC(1138)   Other: 0.09ms
[521.201s][info][gc,heap     ] GC(1138) Eden regions: 102->0(100)
[521.201s][info][gc,heap     ] GC(1138) Survivor regions: 28->22(22)
[521.201s][info][gc,heap     ] GC(1138) Old regions: 175->217
[521.201s][info][gc,heap     ] GC(1138) Humongous regions: 4->4
[521.201s][info][gc,metaspace] GC(1138) Metaspace: 43119K(43520K)->43119K(43520K) NonClass: 40304K(40576K)->40304K(40576K) Class: 2815K(2944K)->2815K(2944K)
[521.201s][info][gc          ] GC(1138) Pause Young (Concurrent Start) (G1 Humongous Allocation) 308M->242M(450M) 46.862ms
[521.201s][info][gc,cpu      ] GC(1138) User=0.09s Sys=0.00s Real=0.05s
[521.201s][info][gc          ] GC(1139) Concurrent Mark Cycle
[521.201s][info][gc,marking  ] GC(1139) Concurrent Scan Root Regions
[521.226s][info][gc,marking  ] GC(1139) Concurrent Scan Root Regions 24.758ms
[521.226s][info][gc,marking  ] GC(1139) Concurrent Mark
[521.226s][info][gc,marking  ] GC(1139) Concurrent Mark From Roots
[521.226s][info][gc,task     ] GC(1139) Using 1 workers of 1 for marking
[521.316s][info][gc,marking  ] GC(1139) Concurrent Mark From Roots 89.966ms
[521.316s][info][gc,marking  ] GC(1139) Concurrent Preclean
[521.316s][info][gc,marking  ] GC(1139) Concurrent Preclean 0.043ms
[521.316s][info][gc,start    ] GC(1139) Pause Remark
[521.332s][info][gc          ] GC(1139) Pause Remark 268M->229M(450M) 15.902ms
[521.332s][info][gc,cpu      ] GC(1139) User=0.03s Sys=0.00s Real=0.02s
[521.332s][info][gc,marking  ] GC(1139) Concurrent Mark 106.200ms
[521.332s][info][gc,marking  ] GC(1139) Concurrent Rebuild Remembered Sets and Scrub Regions
[521.396s][info][gc,marking  ] GC(1139) Concurrent Rebuild Remembered Sets and Scrub Regions 64.098ms
[521.396s][info][gc,start    ] GC(1139) Pause Cleanup
[521.397s][info][gc          ] GC(1139) Pause Cleanup 247M->247M(450M) 0.070ms
[521.397s][info][gc,cpu      ] GC(1139) User=0.00s Sys=0.00s Real=0.00s
[521.397s][info][gc,marking  ] GC(1139) Concurrent Clear Claimed Marks
[521.397s][info][gc,marking  ] GC(1139) Concurrent Clear Claimed Marks 0.038ms
[521.397s][info][gc,marking  ] GC(1139) Concurrent Cleanup for Next Mark
[521.399s][info][gc,marking  ] GC(1139) Concurrent Cleanup for Next Mark 2.644ms
[521.399s][info][gc          ] GC(1139) Concurrent Mark Cycle 198.128ms
[521.570s][info][gc,start    ] GC(1140) Pause Young (Prepare Mixed) (G1 Evacuation Pause)
[521.570s][info][gc,task     ] GC(1140) Using 2 workers of 2 for evacuation
[521.604s][info][gc,phases   ] GC(1140)   Pre Evacuate Collection Set: 0.21ms
[521.604s][info][gc,phases   ] GC(1140)   Merge Heap Roots: 0.43ms
[521.604s][info][gc,phases   ] GC(1140)   Evacuate Collection Set: 32.32ms
[521.604s][info][gc,phases   ] GC(1140)   Post Evacuate Collection Set: 0.42ms
[521.604s][info][gc,phases   ] GC(1140)   Other: 0.07ms
[521.604s][info][gc,heap     ] GC(1140) Eden regions: 100->0(115)
[521.604s][info][gc,heap     ] GC(1140) Survivor regions: 22->16(16)
[521.604s][info][gc,heap     ] GC(1140) Old regions: 179->202
[521.604s][info][gc,heap     ] GC(1140) Humongous regions: 4->4
[521.604s][info][gc,metaspace] GC(1140) Metaspace: 43119K(43520K)->43119K(43520K) NonClass: 40304K(40576K)->40304K(40576K) Class: 2815K(2944K)->2815K(2944K)
[521.604s][info][gc          ] GC(1140) Pause Young (Prepare Mixed) (G1 Evacuation Pause) 304M->221M(450M) 33.660ms
[521.604s][info][gc,cpu      ] GC(1140) User=0.06s Sys=0.00s Real=0.03s
[521.960s][info][gc,start    ] GC(1141) Pause Young (Mixed) (G1 Evacuation Pause)
[521.960s][info][gc,task     ] GC(1141) Using 2 workers of 2 for evacuation
[521.996s][info][gc,phases   ] GC(1141)   Pre Evacuate Collection Set: 0.24ms
[521.997s][info][gc,phases   ] GC(1141)   Merge Heap Roots: 0.20ms
[521.997s][info][gc,phases   ] GC(1141)   Evacuate Collection Set: 35.51ms
[521.997s][info][gc,phases   ] GC(1141)   Post Evacuate Collection Set: 0.44ms
[521.997s][info][gc,phases   ] GC(1141)   Other: 0.07ms
[521.997s][info][gc,heap     ] GC(1141) Eden regions: 115->0(120)
[521.997s][info][gc,heap     ] GC(1141) Survivor regions: 16->17(17)
[521.997s][info][gc,heap     ] GC(1141) Old regions: 202->191
[521.997s][info][gc,heap     ] GC(1141) Humongous regions: 4->4
[521.997s][info][gc,metaspace] GC(1141) Metaspace: 43119K(43520K)->43119K(43520K) NonClass: 40304K(40576K)->40304K(40576K) Class: 2815K(2944K)->2815K(2944K)
[521.997s][info][gc          ] GC(1141) Pause Young (Mixed) (G1 Evacuation Pause) 336M->211M(450M) 36.675ms
[521.997s][info][gc,cpu      ] GC(1141) User=0.07s Sys=0.00s Real=0.03s
[522.403s][info][gc,start    ] GC(1142) Pause Young (Mixed) (G1 Evacuation Pause)
[522.403s][info][gc,task     ] GC(1142) Using 2 workers of 2 for evacuation
[522.464s][info][gc,phases   ] GC(1142)   Pre Evacuate Collection Set: 0.22ms
[522.464s][info][gc,phases   ] GC(1142)   Merge Heap Roots: 0.24ms
[522.464s][info][gc,phases   ] GC(1142)   Evacuate Collection Set: 60.06ms
[522.464s][info][gc,phases   ] GC(1142)   Post Evacuate Collection Set: 0.54ms
[522.464s][info][gc,phases   ] GC(1142)   Other: 0.07ms
[522.464s][info][gc,heap     ] GC(1142) Eden regions: 120->0(88)
[522.464s][info][gc,heap     ] GC(1142) Survivor regions: 17->18(18)
[522.464s][info][gc,heap     ] GC(1142) Old regions: 191->236
[522.464s][info][gc,heap     ] GC(1142) Humongous regions: 5->5
[522.464s][info][gc,metaspace] GC(1142) Metaspace: 43119K(43520K)->43119K(43520K) NonClass: 40304K(40576K)->40304K(40576K) Class: 2815K(2944K)->2815K(2944K)
[522.464s][info][gc          ] GC(1142) Pause Young (Mixed) (G1 Evacuation Pause) 332M->258M(450M) 61.379ms
[522.464s][info][gc,cpu      ] GC(1142) User=0.12s Sys=0.00s Real=0.06s
[522.654s][info][gc,start    ] GC(1143) Pause Young (Concurrent Start) (G1 Humongous Allocation)
[522.654s][info][gc,task     ] GC(1143) Using 2 workers of 2 for evacuation
[522.699s][info][gc,phases   ] GC(1143)   Pre Evacuate Collection Set: 0.22ms
[522.699s][info][gc,phases   ] GC(1143)   Merge Heap Roots: 0.26ms
[522.699s][info][gc,phases   ] GC(1143)   Evacuate Collection Set: 43.97ms
[522.699s][info][gc,phases   ] GC(1143)   Post Evacuate Collection Set: 0.86ms
[522.699s][info][gc,phases   ] GC(1143)   Other: 0.16ms
[522.699s][info][gc,heap     ] GC(1143) Eden regions: 60->0(90)
[522.699s][info][gc,heap     ] GC(1143) Survivor regions: 18->14(14)
[522.699s][info][gc,heap     ] GC(1143) Old regions: 236->281
[522.699s][info][gc,heap     ] GC(1143) Humongous regions: 5->5
[522.699s][info][gc,metaspace] GC(1143) Metaspace: 43119K(43520K)->43119K(43520K) NonClass: 40304K(40576K)->40304K(40576K) Class: 2815K(2944K)->2815K(2944K)
[522.700s][info][gc          ] GC(1143) Pause Young (Concurrent Start) (G1 Humongous Allocation) 318M->299M(520M) 45.690ms
[522.700s][info][gc,cpu      ] GC(1143) User=0.09s Sys=0.00s Real=0.05s
[522.700s][info][gc          ] GC(1144) Concurrent Mark Cycle
[522.700s][info][gc,marking  ] GC(1144) Concurrent Scan Root Regions
[522.720s][info][gc,marking  ] GC(1144) Concurrent Scan Root Regions 20.549ms
[522.720s][info][gc,marking  ] GC(1144) Concurrent Mark
[522.720s][info][gc,marking  ] GC(1144) Concurrent Mark From Roots
[522.720s][info][gc,task     ] GC(1144) Using 1 workers of 1 for marking
[522.840s][info][gc,marking  ] GC(1144) Concurrent Mark From Roots 119.673ms
[522.840s][info][gc,marking  ] GC(1144) Concurrent Preclean
[522.840s][info][gc,marking  ] GC(1144) Concurrent Preclean 0.050ms
[522.840s][info][gc,start    ] GC(1144) Pause Remark
[522.856s][info][gc          ] GC(1144) Pause Remark 331M->266M(520M) 16.256ms
[522.856s][info][gc,cpu      ] GC(1144) User=0.03s Sys=0.00s Real=0.01s
[522.856s][info][gc,marking  ] GC(1144) Concurrent Mark 136.282ms
[522.856s][info][gc,marking  ] GC(1144) Concurrent Rebuild Remembered Sets and Scrub Regions
[522.931s][info][gc,marking  ] GC(1144) Concurrent Rebuild Remembered Sets and Scrub Regions 74.602ms
[522.931s][info][gc,start    ] GC(1144) Pause Cleanup
[522.931s][info][gc          ] GC(1144) Pause Cleanup 281M->281M(520M) 0.079ms
[522.931s][info][gc,cpu      ] GC(1144) User=0.00s Sys=0.00s Real=0.00s
[522.931s][info][gc,marking  ] GC(1144) Concurrent Clear Claimed Marks
[522.931s][info][gc,marking  ] GC(1144) Concurrent Clear Claimed Marks 0.042ms
[522.931s][info][gc,marking  ] GC(1144) Concurrent Cleanup for Next Mark
[522.934s][info][gc,marking  ] GC(1144) Concurrent Cleanup for Next Mark 2.204ms
[522.934s][info][gc          ] GC(1144) Concurrent Mark Cycle 234.158ms
[523.114s][info][gc,start    ] GC(1145) Pause Young (Prepare Mixed) (G1 Evacuation Pause)
[523.114s][info][gc,task     ] GC(1145) Using 2 workers of 2 for evacuation
[523.165s][info][gc,phases   ] GC(1145)   Pre Evacuate Collection Set: 0.37ms
[523.165s][info][gc,phases   ] GC(1145)   Merge Heap Roots: 0.32ms
[523.165s][info][gc,phases   ] GC(1145)   Evacuate Collection Set: 48.93ms
[523.165s][info][gc,phases   ] GC(1145)   Post Evacuate Collection Set: 0.43ms
[523.165s][info][gc,phases   ] GC(1145)   Other: 0.07ms
[523.165s][info][gc,heap     ] GC(1145) Eden regions: 90->0(90)
[523.165s][info][gc,heap     ] GC(1145) Survivor regions: 14->13(13)
[523.165s][info][gc,heap     ] GC(1145) Old regions: 217->276
[523.165s][info][gc,heap     ] GC(1145) Humongous regions: 5->5
[523.165s][info][gc,metaspace] GC(1145) Metaspace: 43119K(43520K)->43119K(43520K) NonClass: 40304K(40576K)->40304K(40576K) Class: 2815K(2944K)->2815K(2944K)
[523.165s][info][gc          ] GC(1145) Pause Young (Prepare Mixed) (G1 Evacuation Pause) 325M->293M(520M) 50.324ms
[523.165s][info][gc,cpu      ] GC(1145) User=0.10s Sys=0.00s Real=0.05s
[523.473s][info][gc,start    ] GC(1146) Pause Young (Mixed) (G1 Evacuation Pause)
[523.473s][info][gc,task     ] GC(1146) Using 2 workers of 2 for evacuation
[523.528s][info][gc,phases   ] GC(1146)   Pre Evacuate Collection Set: 0.26ms
[523.528s][info][gc,phases   ] GC(1146)   Merge Heap Roots: 0.42ms
[523.528s][info][gc,phases   ] GC(1146)   Evacuate Collection Set: 53.81ms
[523.528s][info][gc,phases   ] GC(1146)   Post Evacuate Collection Set: 0.52ms
[523.528s][info][gc,phases   ] GC(1146)   Other: 0.07ms
[523.528s][info][gc,heap     ] GC(1146) Eden regions: 90->0(89)
[523.528s][info][gc,heap     ] GC(1146) Survivor regions: 13->13(13)
[523.528s][info][gc,heap     ] GC(1146) Old regions: 276->278
[523.528s][info][gc,heap     ] GC(1146) Humongous regions: 6->6
[523.528s][info][gc,metaspace] GC(1146) Metaspace: 43119K(43520K)->43119K(43520K) NonClass: 40304K(40576K)->40304K(40576K) Class: 2815K(2944K)->2815K(2944K)
[523.528s][info][gc          ] GC(1146) Pause Young (Mixed) (G1 Evacuation Pause) 384M->296M(520M) 55.324ms
[523.528s][info][gc,cpu      ] GC(1146) User=0.11s Sys=0.00s Real=0.06s
[523.814s][info][gc,start    ] GC(1147) Pause Young (Concurrent Start) (G1 Evacuation Pause)
[523.815s][info][gc,task     ] GC(1147) Using 2 workers of 2 for evacuation
[523.861s][info][gc,phases   ] GC(1147)   Pre Evacuate Collection Set: 0.28ms
[523.861s][info][gc,phases   ] GC(1147)   Merge Heap Roots: 0.31ms
[523.861s][info][gc,phases   ] GC(1147)   Evacuate Collection Set: 45.07ms
[523.861s][info][gc,phases   ] GC(1147)   Post Evacuate Collection Set: 0.39ms
[523.861s][info][gc,phases   ] GC(1147)   Other: 0.09ms
[523.861s][info][gc,heap     ] GC(1147) Eden regions: 89->0(71)
[523.861s][info][gc,heap     ] GC(1147) Survivor regions: 13->13(13)
[523.861s][info][gc,heap     ] GC(1147) Old regions: 278->324
[523.861s][info][gc,heap     ] GC(1147) Humongous regions: 6->6
[523.861s][info][gc,metaspace] GC(1147) Metaspace: 43119K(43520K)->43119K(43520K) NonClass: 40304K(40576K)->40304K(40576K) Class: 2815K(2944K)->2815K(2944K)
[523.861s][info][gc          ] GC(1147) Pause Young (Concurrent Start) (G1 Evacuation Pause) 385M->342M(520M) 46.388ms
[523.861s][info][gc,cpu      ] GC(1147) User=0.09s Sys=0.00s Real=0.05s
[523.861s][info][gc          ] GC(1148) Concurrent Mark Cycle
[523.861s][info][gc,marking  ] GC(1148) Concurrent Scan Root Regions
[523.883s][info][gc,marking  ] GC(1148) Concurrent Scan Root Regions 22.184ms
[523.883s][info][gc,marking  ] GC(1148) Concurrent Mark
[523.883s][info][gc,marking  ] GC(1148) Concurrent Mark From Roots
[523.883s][info][gc,task     ] GC(1148) Using 1 workers of 1 for marking
[524.001s][info][gc,marking  ] GC(1148) Concurrent Mark From Roots 118.181ms
[524.001s][info][gc,marking  ] GC(1148) Concurrent Preclean
[524.001s][info][gc,marking  ] GC(1148) Concurrent Preclean 0.041ms
[524.002s][info][gc,start    ] GC(1148) Pause Remark
[524.018s][info][gc          ] GC(1148) Pause Remark 381M->323M(520M) 15.968ms
[524.018s][info][gc,cpu      ] GC(1148) User=0.03s Sys=0.00s Real=0.02s
[524.018s][info][gc,marking  ] GC(1148) Concurrent Mark 134.482ms
[524.018s][info][gc,marking  ] GC(1148) Concurrent Rebuild Remembered Sets and Scrub Regions
[524.091s][info][gc,marking  ] GC(1148) Concurrent Rebuild Remembered Sets and Scrub Regions 73.758ms
[524.092s][info][gc,start    ] GC(1148) Pause Cleanup
[524.092s][info][gc          ] GC(1148) Pause Cleanup 342M->342M(520M) 0.090ms
[524.092s][info][gc,cpu      ] GC(1148) User=0.00s Sys=0.00s Real=0.00s
[524.092s][info][gc,marking  ] GC(1148) Concurrent Clear Claimed Marks
[524.092s][info][gc,marking  ] GC(1148) Concurrent Clear Claimed Marks 0.056ms
[524.092s][info][gc,marking  ] GC(1148) Concurrent Cleanup for Next Mark
[524.093s][info][gc,marking  ] GC(1148) Concurrent Cleanup for Next Mark 1.519ms
[524.093s][info][gc          ] GC(1148) Concurrent Mark Cycle 232.428ms
[524.134s][info][gc,start    ] GC(1149) Pause Young (Prepare Mixed) (G1 Evacuation Pause)
[524.134s][info][gc,task     ] GC(1149) Using 2 workers of 2 for evacuation
[524.148s][info][gc,phases   ] GC(1149)   Pre Evacuate Collection Set: 0.20ms
[524.148s][info][gc,phases   ] GC(1149)   Merge Heap Roots: 0.17ms
[524.148s][info][gc,phases   ] GC(1149)   Evacuate Collection Set: 13.22ms
[524.148s][info][gc,phases   ] GC(1149)   Post Evacuate Collection Set: 0.35ms
[524.148s][info][gc,phases   ] GC(1149)   Other: 0.07ms
[524.148s][info][gc,heap     ] GC(1149) Eden regions: 71->0(102)
[524.148s][info][gc,heap     ] GC(1149) Survivor regions: 13->10(11)
[524.148s][info][gc,heap     ] GC(1149) Old regions: 268->276
[524.148s][info][gc,heap     ] GC(1149) Humongous regions: 5->5
[524.148s][info][gc,metaspace] GC(1149) Metaspace: 43119K(43520K)->43119K(43520K) NonClass: 40304K(40576K)->40304K(40576K) Class: 2815K(2944K)->2815K(2944K)
[524.148s][info][gc          ] GC(1149) Pause Young (Prepare Mixed) (G1 Evacuation Pause) 356M->290M(520M) 14.176ms
[524.148s][info][gc,cpu      ] GC(1149) User=0.02s Sys=0.00s Real=0.02s
[524.469s][info][gc,start    ] GC(1150) Pause Young (Mixed) (G1 Evacuation Pause)
[524.469s][info][gc,task     ] GC(1150) Using 2 workers of 2 for evacuation
[524.480s][info][gc,phases   ] GC(1150)   Pre Evacuate Collection Set: 0.26ms
[524.480s][info][gc,phases   ] GC(1150)   Merge Heap Roots: 0.17ms
[524.480s][info][gc,phases   ] GC(1150)   Evacuate Collection Set: 9.95ms
[524.480s][info][gc,phases   ] GC(1150)   Post Evacuate Collection Set: 0.43ms
[524.480s][info][gc,phases   ] GC(1150)   Other: 0.09ms
[524.480s][info][gc,heap     ] GC(1150) Eden regions: 102->0(134)
[524.480s][info][gc,heap     ] GC(1150) Survivor regions: 10->8(14)
[524.480s][info][gc,heap     ] GC(1150) Old regions: 276->230
[524.480s][info][gc,heap     ] GC(1150) Humongous regions: 5->5
[524.480s][info][gc,metaspace] GC(1150) Metaspace: 43121K(43520K)->43121K(43520K) NonClass: 40305K(40576K)->40305K(40576K) Class: 2815K(2944K)->2815K(2944K)
[524.480s][info][gc          ] GC(1150) Pause Young (Mixed) (G1 Evacuation Pause) 392M->242M(520M) 11.085ms
[524.480s][info][gc,cpu      ] GC(1150) User=0.02s Sys=0.00s Real=0.01s
[524.944s][info][gc,start    ] GC(1151) Pause Young (Mixed) (G1 Evacuation Pause)
[524.944s][info][gc,task     ] GC(1151) Using 2 workers of 2 for evacuation
[524.954s][info][gc,phases   ] GC(1151)   Pre Evacuate Collection Set: 0.33ms
[524.954s][info][gc,phases   ] GC(1151)   Merge Heap Roots: 0.26ms
[524.954s][info][gc,phases   ] GC(1151)   Evacuate Collection Set: 9.30ms
[524.954s][info][gc,phases   ] GC(1151)   Post Evacuate Collection Set: 0.46ms
[524.954s][info][gc,phases   ] GC(1151)   Other: 0.13ms
[524.954s][info][gc,heap     ] GC(1151) Eden regions: 134->0(171)
[524.954s][info][gc,heap     ] GC(1151) Survivor regions: 8->3(18)
[524.954s][info][gc,heap     ] GC(1151) Old regions: 230->182
[524.954s][info][gc,heap     ] GC(1151) Humongous regions: 6->5
[524.954s][info][gc,metaspace] GC(1151) Metaspace: 43121K(43520K)->43121K(43520K) NonClass: 40305K(40576K)->40305K(40576K) Class: 2815K(2944K)->2815K(2944K)
[524.954s][info][gc          ] GC(1151) Pause Young (Mixed) (G1 Evacuation Pause) 377M->188M(520M) 10.654ms
[524.954s][info][gc,cpu      ] GC(1151) User=0.02s Sys=0.00s Real=0.01s
[525.512s][info][gc,start    ] GC(1152) Pause Young (Mixed) (G1 Evacuation Pause)
[525.512s][info][gc,task     ] GC(1152) Using 2 workers of 2 for evacuation
[525.532s][info][gc,phases   ] GC(1152)   Pre Evacuate Collection Set: 0.34ms
[525.532s][info][gc,phases   ] GC(1152)   Merge Heap Roots: 0.28ms
[525.532s][info][gc,phases   ] GC(1152)   Evacuate Collection Set: 18.58ms
[525.532s][info][gc,phases   ] GC(1152)   Post Evacuate Collection Set: 0.44ms
[525.532s][info][gc,phases   ] GC(1152)   Other: 0.07ms
[525.532s][info][gc,heap     ] GC(1152) Eden regions: 171->0(177)
[525.532s][info][gc,heap     ] GC(1152) Survivor regions: 3->20(22)
[525.532s][info][gc,heap     ] GC(1152) Old regions: 182->173
[525.532s][info][gc,heap     ] GC(1152) Humongous regions: 6->5
[525.532s][info][gc,metaspace] GC(1152) Metaspace: 43121K(43520K)->43121K(43520K) NonClass: 40305K(40576K)->40305K(40576K) Class: 2815K(2944K)->2815K(2944K)
[525.532s][info][gc          ] GC(1152) Pause Young (Mixed) (G1 Evacuation Pause) 360M->197M(520M) 19.907ms
[525.532s][info][gc,cpu      ] GC(1152) User=0.03s Sys=0.01s Real=0.02s
[526.066s][info][gc,start    ] GC(1153) Pause Young (Normal) (G1 Evacuation Pause)
[526.066s][info][gc,task     ] GC(1153) Using 2 workers of 2 for evacuation
[526.073s][info][gc,phases   ] GC(1153)   Pre Evacuate Collection Set: 0.23ms
[526.073s][info][gc,phases   ] GC(1153)   Merge Heap Roots: 0.10ms
[526.073s][info][gc,phases   ] GC(1153)   Evacuate Collection Set: 5.83ms
[526.073s][info][gc,phases   ] GC(1153)   Post Evacuate Collection Set: 0.43ms
[526.073s][info][gc,phases   ] GC(1153)   Other: 0.07ms
[526.073s][info][gc,heap     ] GC(1153) Eden regions: 177->0(197)
[526.073s][info][gc,heap     ] GC(1153) Survivor regions: 20->7(25)
[526.073s][info][gc,heap     ] GC(1153) Old regions: 173->175
[526.073s][info][gc,heap     ] GC(1153) Humongous regions: 7->5
[526.073s][info][gc,metaspace] GC(1153) Metaspace: 43121K(43520K)->43121K(43520K) NonClass: 40305K(40576K)->40305K(40576K) Class: 2815K(2944K)->2815K(2944K)
[526.073s][info][gc          ] GC(1153) Pause Young (Normal) (G1 Evacuation Pause) 376M->186M(520M) 6.893ms
[526.073s][info][gc,cpu      ] GC(1153) User=0.01s Sys=0.00s Real=0.01s
[526.242s][info][gc,start    ] GC(1154) Pause Young (Concurrent Start) (G1 Humongous Allocation)
[526.242s][info][gc,task     ] GC(1154) Using 2 workers of 2 for evacuation
[526.266s][info][gc,phases   ] GC(1154)   Pre Evacuate Collection Set: 0.24ms
[526.266s][info][gc,phases   ] GC(1154)   Merge Heap Roots: 0.05ms
[526.266s][info][gc,phases   ] GC(1154)   Evacuate Collection Set: 23.29ms
[526.266s][info][gc,phases   ] GC(1154)   Post Evacuate Collection Set: 0.39ms
[526.266s][info][gc,phases   ] GC(1154)   Other: 0.10ms
[526.266s][info][gc,heap     ] GC(1154) Eden regions: 53->0(138)
[526.266s][info][gc,heap     ] GC(1154) Survivor regions: 7->26(26)
[526.266s][info][gc,heap     ] GC(1154) Old regions: 175->190
[526.266s][info][gc,heap     ] GC(1154) Humongous regions: 5->5
[526.266s][info][gc,metaspace] GC(1154) Metaspace: 43121K(43520K)->43121K(43520K) NonClass: 40305K(40576K)->40305K(40576K) Class: 2815K(2944K)->2815K(2944K)
[526.266s][info][gc          ] GC(1154) Pause Young (Concurrent Start) (G1 Humongous Allocation) 239M->220M(520M) 24.259ms
[526.266s][info][gc,cpu      ] GC(1154) User=0.04s Sys=0.00s Real=0.02s
[526.266s][info][gc          ] GC(1155) Concurrent Mark Cycle
[526.266s][info][gc,marking  ] GC(1155) Concurrent Scan Root Regions
[526.281s][info][gc,marking  ] GC(1155) Concurrent Scan Root Regions 15.104ms
[526.281s][info][gc,marking  ] GC(1155) Concurrent Mark
[526.281s][info][gc,marking  ] GC(1155) Concurrent Mark From Roots
[526.281s][info][gc,task     ] GC(1155) Using 1 workers of 1 for marking
[526.354s][info][gc,marking  ] GC(1155) Concurrent Mark From Roots 73.013ms
[526.355s][info][gc,marking  ] GC(1155) Concurrent Preclean
[526.355s][info][gc,marking  ] GC(1155) Concurrent Preclean 0.036ms
[526.355s][info][gc,start    ] GC(1155) Pause Remark
[526.371s][info][gc          ] GC(1155) Pause Remark 245M->158M(450M) 15.908ms
[526.371s][info][gc,cpu      ] GC(1155) User=0.03s Sys=0.00s Real=0.02s
[526.371s][info][gc,marking  ] GC(1155) Concurrent Mark 89.237ms
[526.371s][info][gc,marking  ] GC(1155) Concurrent Rebuild Remembered Sets and Scrub Regions
[526.410s][info][gc,marking  ] GC(1155) Concurrent Rebuild Remembered Sets and Scrub Regions 39.327ms
[526.410s][info][gc,start    ] GC(1155) Pause Cleanup
[526.410s][info][gc          ] GC(1155) Pause Cleanup 168M->168M(450M) 0.053ms
[526.410s][info][gc,cpu      ] GC(1155) User=0.00s Sys=0.00s Real=0.00s
[526.410s][info][gc,marking  ] GC(1155) Concurrent Clear Claimed Marks
[526.410s][info][gc,marking  ] GC(1155) Concurrent Clear Claimed Marks 0.037ms
[526.410s][info][gc,marking  ] GC(1155) Concurrent Cleanup for Next Mark
[526.412s][info][gc,marking  ] GC(1155) Concurrent Cleanup for Next Mark 1.297ms
[526.412s][info][gc          ] GC(1155) Concurrent Mark Cycle 145.459ms
[526.740s][info][gc,start    ] GC(1156) Pause Young (Prepare Mixed) (G1 Evacuation Pause)
[526.740s][info][gc,task     ] GC(1156) Using 2 workers of 2 for evacuation
[526.770s][info][gc,phases   ] GC(1156)   Pre Evacuate Collection Set: 0.22ms
[526.770s][info][gc,phases   ] GC(1156)   Merge Heap Roots: 0.19ms
[526.770s][info][gc,phases   ] GC(1156)   Evacuate Collection Set: 28.42ms
[526.770s][info][gc,phases   ] GC(1156)   Post Evacuate Collection Set: 0.40ms
[526.770s][info][gc,phases   ] GC(1156)   Other: 0.07ms
[526.770s][info][gc,heap     ] GC(1156) Eden regions: 138->0(146)
[526.770s][info][gc,heap     ] GC(1156) Survivor regions: 26->21(21)
[526.770s][info][gc,heap     ] GC(1156) Old regions: 105->126
[526.770s][info][gc,heap     ] GC(1156) Humongous regions: 5->4
[526.770s][info][gc,metaspace] GC(1156) Metaspace: 43121K(43520K)->43121K(43520K) NonClass: 40305K(40576K)->40305K(40576K) Class: 2815K(2944K)->2815K(2944K)
[526.770s][info][gc          ] GC(1156) Pause Young (Prepare Mixed) (G1 Evacuation Pause) 273M->149M(450M) 29.535ms
[526.770s][info][gc,cpu      ] GC(1156) User=0.06s Sys=0.00s Real=0.03s
[527.224s][info][gc,start    ] GC(1157) Pause Young (Mixed) (G1 Evacuation Pause)
[527.224s][info][gc,task     ] GC(1157) Using 2 workers of 2 for evacuation
[527.272s][info][gc,phases   ] GC(1157)   Pre Evacuate Collection Set: 0.34ms
[527.272s][info][gc,phases   ] GC(1157)   Merge Heap Roots: 0.13ms
[527.272s][info][gc,phases   ] GC(1157)   Evacuate Collection Set: 46.47ms
[527.272s][info][gc,phases   ] GC(1157)   Post Evacuate Collection Set: 1.31ms
[527.272s][info][gc,phases   ] GC(1157)   Other: 0.08ms
[527.272s][info][gc,heap     ] GC(1157) Eden regions: 146->0(174)
[527.272s][info][gc,heap     ] GC(1157) Survivor regions: 21->21(21)
[527.272s][info][gc,heap     ] GC(1157) Old regions: 126->156
[527.272s][info][gc,heap     ] GC(1157) Humongous regions: 6->6
[527.272s][info][gc,metaspace] GC(1157) Metaspace: 43121K(43520K)->43121K(43520K) NonClass: 40305K(40576K)->40305K(40576K) Class: 2815K(2944K)->2815K(2944K)
[527.272s][info][gc          ] GC(1157) Pause Young (Mixed) (G1 Evacuation Pause) 297M->181M(556M) 48.532ms
[527.272s][info][gc,cpu      ] GC(1157) User=0.09s Sys=0.00s Real=0.05s
[527.850s][info][gc,start    ] GC(1158) Pause Young (Normal) (G1 Evacuation Pause)
[527.850s][info][gc,task     ] GC(1158) Using 2 workers of 2 for evacuation
[527.887s][info][gc,phases   ] GC(1158)   Pre Evacuate Collection Set: 0.25ms
[527.887s][info][gc,phases   ] GC(1158)   Merge Heap Roots: 0.30ms
[527.887s][info][gc,phases   ] GC(1158)   Evacuate Collection Set: 36.44ms
[527.887s][info][gc,phases   ] GC(1158)   Post Evacuate Collection Set: 0.46ms
[527.887s][info][gc,phases   ] GC(1158)   Other: 0.07ms
[527.887s][info][gc,heap     ] GC(1158) Eden regions: 174->0(177)
[527.887s][info][gc,heap     ] GC(1158) Survivor regions: 21->23(25)
[527.887s][info][gc,heap     ] GC(1158) Old regions: 156->176
[527.887s][info][gc,heap     ] GC(1158) Humongous regions: 8->6
[527.887s][info][gc,metaspace] GC(1158) Metaspace: 43121K(43520K)->43121K(43520K) NonClass: 40305K(40576K)->40305K(40576K) Class: 2815K(2944K)->2815K(2944K)
[527.887s][info][gc          ] GC(1158) Pause Young (Normal) (G1 Evacuation Pause) 357M->203M(556M) 37.726ms
[527.887s][info][gc,cpu      ] GC(1158) User=0.07s Sys=0.00s Real=0.04s
[528.389s][info][gc,start    ] GC(1159) Pause Young (Normal) (G1 Evacuation Pause)
[528.389s][info][gc,task     ] GC(1159) Using 2 workers of 2 for evacuation
[528.404s][info][gc,phases   ] GC(1159)   Pre Evacuate Collection Set: 0.22ms
[528.404s][info][gc,phases   ] GC(1159)   Merge Heap Roots: 0.12ms
[528.404s][info][gc,phases   ] GC(1159)   Evacuate Collection Set: 14.30ms
[528.404s][info][gc,phases   ] GC(1159)   Post Evacuate Collection Set: 0.47ms
[528.404s][info][gc,phases   ] GC(1159)   Other: 0.09ms
[528.404s][info][gc,heap     ] GC(1159) Eden regions: 177->0(194)
[528.404s][info][gc,heap     ] GC(1159) Survivor regions: 23->2(25)
[528.404s][info][gc,heap     ] GC(1159) Old regions: 176->199
[528.404s][info][gc,heap     ] GC(1159) Humongous regions: 6->6
[528.404s][info][gc,metaspace] GC(1159) Metaspace: 43121K(43520K)->43121K(43520K) NonClass: 40305K(40576K)->40305K(40576K) Class: 2815K(2944K)->2815K(2944K)
[528.404s][info][gc          ] GC(1159) Pause Young (Normal) (G1 Evacuation Pause) 380M->205M(556M) 15.391ms
[528.404s][info][gc,cpu      ] GC(1159) User=0.03s Sys=0.00s Real=0.01s
[528.926s][info][gc,start    ] GC(1160) Pause Young (Normal) (G1 Evacuation Pause)
[528.926s][info][gc,task     ] GC(1160) Using 2 workers of 2 for evacuation
[528.928s][info][gc,phases   ] GC(1160)   Pre Evacuate Collection Set: 0.23ms
[528.928s][info][gc,phases   ] GC(1160)   Merge Heap Roots: 0.07ms
[528.928s][info][gc,phases   ] GC(1160)   Evacuate Collection Set: 1.79ms
[528.928s][info][gc,phases   ] GC(1160)   Post Evacuate Collection Set: 0.42ms
[528.928s][info][gc,phases   ] GC(1160)   Other: 0.07ms
[528.929s][info][gc,heap     ] GC(1160) Eden regions: 194->0(213)
[528.929s][info][gc,heap     ] GC(1160) Survivor regions: 2->2(25)
[528.929s][info][gc,heap     ] GC(1160) Old regions: 199->199
[528.929s][info][gc,heap     ] GC(1160) Humongous regions: 7->6
[528.929s][info][gc,metaspace] GC(1160) Metaspace: 43121K(43520K)->43121K(43520K) NonClass: 40305K(40576K)->40305K(40576K) Class: 2815K(2944K)->2815K(2944K)
[528.929s][info][gc          ] GC(1160) Pause Young (Normal) (G1 Evacuation Pause) 400M->205M(556M) 2.774ms
[528.929s][info][gc,cpu      ] GC(1160) User=0.01s Sys=0.00s Real=0.01s
[529.339s][info][gc,start    ] GC(1161) Pause Young (Normal) (G1 Evacuation Pause)
[529.339s][info][gc,task     ] GC(1161) Using 2 workers of 2 for evacuation
[529.343s][info][gc,phases   ] GC(1161)   Pre Evacuate Collection Set: 0.22ms
[529.343s][info][gc,phases   ] GC(1161)   Merge Heap Roots: 0.08ms
[529.343s][info][gc,phases   ] GC(1161)   Evacuate Collection Set: 3.30ms
[529.343s][info][gc,phases   ] GC(1161)   Post Evacuate Collection Set: 0.44ms
[529.343s][info][gc,phases   ] GC(1161)   Other: 0.07ms
[529.343s][info][gc,heap     ] GC(1161) Eden regions: 213->0(229)
[529.343s][info][gc,heap     ] GC(1161) Survivor regions: 2->5(27)
[529.343s][info][gc,heap     ] GC(1161) Old regions: 199->199
[529.343s][info][gc,heap     ] GC(1161) Humongous regions: 6->4
[529.343s][info][gc,metaspace] GC(1161) Metaspace: 43121K(43520K)->43121K(43520K) NonClass: 40305K(40576K)->40305K(40576K) Class: 2815K(2944K)->2815K(2944K)
[529.343s][info][gc          ] GC(1161) Pause Young (Normal) (G1 Evacuation Pause) 418M->205M(556M) 4.292ms
[529.343s][info][gc,cpu      ] GC(1161) User=0.01s Sys=0.00s Real=0.00s
[529.686s][info][gc,start    ] GC(1162) Pause Young (Normal) (G1 Evacuation Pause)
[529.686s][info][gc,task     ] GC(1162) Using 2 workers of 2 for evacuation
[529.691s][info][gc,phases   ] GC(1162)   Pre Evacuate Collection Set: 0.23ms
[529.691s][info][gc,phases   ] GC(1162)   Merge Heap Roots: 0.07ms
[529.691s][info][gc,phases   ] GC(1162)   Evacuate Collection Set: 4.45ms
[529.691s][info][gc,phases   ] GC(1162)   Post Evacuate Collection Set: 0.45ms
[529.691s][info][gc,phases   ] GC(1162)   Other: 0.07ms
[529.691s][info][gc,heap     ] GC(1162) Eden regions: 229->0(243)
[529.691s][info][gc,heap     ] GC(1162) Survivor regions: 5->7(30)
[529.692s][info][gc,heap     ] GC(1162) Old regions: 199->199
[529.692s][info][gc,heap     ] GC(1162) Humongous regions: 4->4
[529.692s][info][gc,metaspace] GC(1162) Metaspace: 43121K(43520K)->43121K(43520K) NonClass: 40305K(40576K)->40305K(40576K) Class: 2815K(2944K)->2815K(2944K)
[529.692s][info][gc          ] GC(1162) Pause Young (Normal) (G1 Evacuation Pause) 434M->208M(556M) 5.450ms
[529.692s][info][gc,cpu      ] GC(1162) User=0.01s Sys=0.00s Real=0.01s
[529.761s][info][gc,start    ] GC(1163) Pause Young (Concurrent Start) (G1 Humongous Allocation)
[529.761s][info][gc,task     ] GC(1163) Using 2 workers of 2 for evacuation
[529.765s][info][gc,phases   ] GC(1163)   Pre Evacuate Collection Set: 0.24ms
[529.765s][info][gc,phases   ] GC(1163)   Merge Heap Roots: 0.04ms
[529.765s][info][gc,phases   ] GC(1163)   Evacuate Collection Set: 2.88ms
[529.765s][info][gc,phases   ] GC(1163)   Post Evacuate Collection Set: 0.32ms
[529.765s][info][gc,phases   ] GC(1163)   Other: 0.08ms
[529.765s][info][gc,heap     ] GC(1163) Eden regions: 45->0(260)
[529.765s][info][gc,heap     ] GC(1163) Survivor regions: 7->5(32)
[529.765s][info][gc,heap     ] GC(1163) Old regions: 199->199
[529.765s][info][gc,heap     ] GC(1163) Humongous regions: 4->4
[529.765s][info][gc,metaspace] GC(1163) Metaspace: 43121K(43520K)->43121K(43520K) NonClass: 40305K(40576K)->40305K(40576K) Class: 2815K(2944K)->2815K(2944K)
[529.765s][info][gc          ] GC(1163) Pause Young (Concurrent Start) (G1 Humongous Allocation) 253M->206M(556M) 3.738ms
[529.765s][info][gc,cpu      ] GC(1163) User=0.00s Sys=0.00s Real=0.00s
[529.765s][info][gc          ] GC(1164) Concurrent Mark Cycle
[529.765s][info][gc,marking  ] GC(1164) Concurrent Scan Root Regions
[529.767s][info][gc,marking  ] GC(1164) Concurrent Scan Root Regions 1.955ms
[529.767s][info][gc,marking  ] GC(1164) Concurrent Mark
[529.767s][info][gc,marking  ] GC(1164) Concurrent Mark From Roots
[529.767s][info][gc,task     ] GC(1164) Using 1 workers of 1 for marking
[529.841s][info][gc,marking  ] GC(1164) Concurrent Mark From Roots 74.278ms
[529.841s][info][gc,marking  ] GC(1164) Concurrent Preclean
[529.841s][info][gc,marking  ] GC(1164) Concurrent Preclean 0.037ms
[529.843s][info][gc,start    ] GC(1164) Pause Remark
[529.859s][info][gc          ] GC(1164) Pause Remark 223M->113M(330M) 16.197ms
[529.859s][info][gc,cpu      ] GC(1164) User=0.03s Sys=0.00s Real=0.02s
[529.860s][info][gc,marking  ] GC(1164) Concurrent Mark 92.812ms
[529.860s][info][gc,marking  ] GC(1164) Concurrent Rebuild Remembered Sets and Scrub Regions
[529.888s][info][gc,marking  ] GC(1164) Concurrent Rebuild Remembered Sets and Scrub Regions 28.626ms
[529.888s][info][gc,start    ] GC(1164) Pause Cleanup
[529.888s][info][gc          ] GC(1164) Pause Cleanup 122M->122M(330M) 0.048ms
[529.888s][info][gc,cpu      ] GC(1164) User=0.00s Sys=0.00s Real=0.00s
[529.888s][info][gc,marking  ] GC(1164) Concurrent Clear Claimed Marks
[529.888s][info][gc,marking  ] GC(1164) Concurrent Clear Claimed Marks 0.036ms
[529.888s][info][gc,marking  ] GC(1164) Concurrent Cleanup for Next Mark
[529.889s][info][gc,marking  ] GC(1164) Concurrent Cleanup for Next Mark 1.049ms
[529.890s][info][gc          ] GC(1164) Concurrent Mark Cycle 124.861ms
[530.411s][info][gc,start    ] GC(1165) Pause Young (Prepare Mixed) (G1 Evacuation Pause)
[530.411s][info][gc,task     ] GC(1165) Using 2 workers of 2 for evacuation
[530.424s][info][gc,phases   ] GC(1165)   Pre Evacuate Collection Set: 0.25ms
[530.424s][info][gc,phases   ] GC(1165)   Merge Heap Roots: 0.08ms
[530.424s][info][gc,phases   ] GC(1165)   Evacuate Collection Set: 10.90ms
[530.424s][info][gc,phases   ] GC(1165)   Post Evacuate Collection Set: 1.06ms
[530.424s][info][gc,phases   ] GC(1165)   Other: 0.08ms
[530.424s][info][gc,heap     ] GC(1165) Eden regions: 89->0(284)
[530.424s][info][gc,heap     ] GC(1165) Survivor regions: 5->10(34)
[530.424s][info][gc,heap     ] GC(1165) Old regions: 91->91
[530.424s][info][gc,heap     ] GC(1165) Humongous regions: 295->1
[530.424s][info][gc,metaspace] GC(1165) Metaspace: 43121K(43520K)->43121K(43520K) NonClass: 40305K(40576K)->40305K(40576K) Class: 2815K(2944K)->2815K(2944K)
[530.424s][info][gc          ] GC(1165) Pause Young (Prepare Mixed) (G1 Evacuation Pause) 478M->100M(490M) 12.586ms
[530.424s][info][gc,cpu      ] GC(1165) User=0.01s Sys=0.00s Real=0.01s
[531.100s][info][gc,start    ] GC(1166) Pause Young (Mixed) (G1 Evacuation Pause)
[531.100s][info][gc,task     ] GC(1166) Using 2 workers of 2 for evacuation
[531.126s][info][gc,phases   ] GC(1166)   Pre Evacuate Collection Set: 0.30ms
[531.126s][info][gc,phases   ] GC(1166)   Merge Heap Roots: 0.17ms
[531.126s][info][gc,phases   ] GC(1166)   Evacuate Collection Set: 24.35ms
[531.126s][info][gc,phases   ] GC(1166)   Post Evacuate Collection Set: 0.95ms
[531.126s][info][gc,phases   ] GC(1166)   Other: 0.08ms
[531.126s][info][gc,heap     ] GC(1166) Eden regions: 74->0(371)
[531.126s][info][gc,heap     ] GC(1166) Survivor regions: 10->16(39)
[531.126s][info][gc,heap     ] GC(1166) Old regions: 91->71
[531.126s][info][gc,heap     ] GC(1166) Humongous regions: 451->3
[531.126s][info][gc,metaspace] GC(1166) Metaspace: 43121K(43520K)->43121K(43520K) NonClass: 40305K(40576K)->40305K(40576K) Class: 2815K(2944K)->2815K(2944K)
[531.126s][info][gc          ] GC(1166) Pause Young (Mixed) (G1 Evacuation Pause) 624M->87M(645M) 26.045ms
[531.126s][info][gc,cpu      ] GC(1166) User=0.03s Sys=0.01s Real=0.02s
[531.349s][info][gc,start    ] GC(1167) Pause Young (Concurrent Start) (G1 Humongous Allocation)
[531.349s][info][gc,task     ] GC(1167) Using 2 workers of 2 for evacuation
[531.367s][info][gc,phases   ] GC(1167)   Pre Evacuate Collection Set: 0.32ms
[531.367s][info][gc,phases   ] GC(1167)   Merge Heap Roots: 0.06ms
[531.367s][info][gc,phases   ] GC(1167)   Evacuate Collection Set: 17.53ms
[531.367s][info][gc,phases   ] GC(1167)   Post Evacuate Collection Set: 0.71ms
[531.367s][info][gc,phases   ] GC(1167)   Other: 0.09ms
[531.367s][info][gc,heap     ] GC(1167) Eden regions: 30->0(360)
[531.367s][info][gc,heap     ] GC(1167) Survivor regions: 16->21(49)
[531.367s][info][gc,heap     ] GC(1167) Old regions: 71->71
[531.367s][info][gc,heap     ] GC(1167) Humongous regions: 151->1
[531.367s][info][gc,metaspace] GC(1167) Metaspace: 43122K(43520K)->43122K(43520K) NonClass: 40306K(40576K)->40306K(40576K) Class: 2815K(2944K)->2815K(2944K)
[531.368s][info][gc          ] GC(1167) Pause Young (Concurrent Start) (G1 Humongous Allocation) 265M->91M(645M) 18.932ms
[531.368s][info][gc,cpu      ] GC(1167) User=0.04s Sys=0.01s Real=0.02s
[531.368s][info][gc          ] GC(1168) Concurrent Undo Cycle
[531.368s][info][gc,marking  ] GC(1168) Concurrent Clear Claimed Marks
[531.368s][info][gc,marking  ] GC(1168) Concurrent Clear Claimed Marks 0.038ms
[531.368s][info][gc,marking  ] GC(1168) Concurrent Cleanup for Next Mark
[531.368s][info][gc,marking  ] GC(1168) Concurrent Cleanup for Next Mark 0.248ms
[531.368s][info][gc          ] GC(1168) Concurrent Undo Cycle 0.327ms
[531.474s][info][gc,start    ] GC(1169) Pause Young (Concurrent Start) (G1 Humongous Allocation)
[531.474s][info][gc,task     ] GC(1169) Using 2 workers of 2 for evacuation
[531.494s][info][gc,phases   ] GC(1169)   Pre Evacuate Collection Set: 0.30ms
[531.494s][info][gc,phases   ] GC(1169)   Merge Heap Roots: 0.06ms
[531.494s][info][gc,phases   ] GC(1169)   Evacuate Collection Set: 18.94ms
[531.494s][info][gc,phases   ] GC(1169)   Post Evacuate Collection Set: 0.71ms
[531.494s][info][gc,phases   ] GC(1169)   Other: 0.10ms
[531.494s][info][gc,heap     ] GC(1169) Eden regions: 15->0(363)
[531.494s][info][gc,heap     ] GC(1169) Survivor regions: 21->24(48)
[531.494s][info][gc,heap     ] GC(1169) Old regions: 71->71
[531.494s][info][gc,heap     ] GC(1169) Humongous regions: 67->1
[531.494s][info][gc,metaspace] GC(1169) Metaspace: 43122K(43520K)->43122K(43520K) NonClass: 40306K(40576K)->40306K(40576K) Class: 2815K(2944K)->2815K(2944K)
[531.494s][info][gc          ] GC(1169) Pause Young (Concurrent Start) (G1 Humongous Allocation) 171M->94M(645M) 20.310ms
[531.494s][info][gc          ] GC(1170) Concurrent Undo Cycle
[531.494s][info][gc,marking  ] GC(1170) Concurrent Clear Claimed Marks
[531.494s][info][gc,marking  ] GC(1170) Concurrent Clear Claimed Marks 0.036ms
[531.494s][info][gc,marking  ] GC(1170) Concurrent Cleanup for Next Mark
[531.494s][info][gc,cpu      ] GC(1169) User=0.04s Sys=0.00s Real=0.02s
[531.497s][info][gc,marking  ] GC(1170) Concurrent Cleanup for Next Mark 2.446ms
[531.497s][info][gc          ] GC(1170) Concurrent Undo Cycle 2.522ms
[531.594s][info][gc,start    ] GC(1171) Pause Young (Concurrent Start) (G1 Humongous Allocation)
[531.594s][info][gc,task     ] GC(1171) Using 2 workers of 2 for evacuation
[531.616s][info][gc,phases   ] GC(1171)   Pre Evacuate Collection Set: 0.31ms
[531.616s][info][gc,phases   ] GC(1171)   Merge Heap Roots: 0.06ms
[531.616s][info][gc,phases   ] GC(1171)   Evacuate Collection Set: 20.48ms
[531.616s][info][gc,phases   ] GC(1171)   Post Evacuate Collection Set: 0.65ms
[531.616s][info][gc,phases   ] GC(1171)   Other: 0.12ms
[531.616s][info][gc,heap     ] GC(1171) Eden regions: 13->0(324)
[531.616s][info][gc,heap     ] GC(1171) Survivor regions: 24->25(49)
[531.616s][info][gc,heap     ] GC(1171) Old regions: 71->71
[531.616s][info][gc,heap     ] GC(1171) Humongous regions: 65->1
[531.616s][info][gc,metaspace] GC(1171) Metaspace: 43122K(43520K)->43122K(43520K) NonClass: 40306K(40576K)->40306K(40576K) Class: 2815K(2944K)->2815K(2944K)
[531.616s][info][gc          ] GC(1171) Pause Young (Concurrent Start) (G1 Humongous Allocation) 171M->95M(645M) 21.821ms
[531.616s][info][gc          ] GC(1172) Concurrent Undo Cycle
[531.616s][info][gc,marking  ] GC(1172) Concurrent Clear Claimed Marks
[531.616s][info][gc,marking  ] GC(1172) Concurrent Clear Claimed Marks 0.037ms
[531.616s][info][gc,marking  ] GC(1172) Concurrent Cleanup for Next Mark
[531.616s][info][gc,cpu      ] GC(1171) User=0.04s Sys=0.00s Real=0.02s
[531.619s][info][gc,marking  ] GC(1172) Concurrent Cleanup for Next Mark 2.433ms
[531.619s][info][gc          ] GC(1172) Concurrent Undo Cycle 2.512ms
[531.768s][info][gc,start    ] GC(1173) Pause Young (Concurrent Start) (G1 Humongous Allocation)
[531.768s][info][gc,task     ] GC(1173) Using 2 workers of 2 for evacuation
[531.791s][info][gc,phases   ] GC(1173)   Pre Evacuate Collection Set: 0.28ms
[531.791s][info][gc,phases   ] GC(1173)   Merge Heap Roots: 0.06ms
[531.791s][info][gc,phases   ] GC(1173)   Evacuate Collection Set: 22.78ms
[531.791s][info][gc,phases   ] GC(1173)   Post Evacuate Collection Set: 0.45ms
[531.791s][info][gc,phases   ] GC(1173)   Other: 0.16ms
[531.791s][info][gc,heap     ] GC(1173) Eden regions: 20->0(352)
[531.791s][info][gc,heap     ] GC(1173) Survivor regions: 25->19(44)
[531.791s][info][gc,heap     ] GC(1173) Old regions: 71->79
[531.791s][info][gc,heap     ] GC(1173) Humongous regions: 105->1
[531.791s][info][gc,metaspace] GC(1173) Metaspace: 43122K(43520K)->43122K(43520K) NonClass: 40306K(40576K)->40306K(40576K) Class: 2815K(2944K)->2815K(2944K)
[531.791s][info][gc          ] GC(1173) Pause Young (Concurrent Start) (G1 Humongous Allocation) 218M->97M(645M) 23.928ms
[531.791s][info][gc,cpu      ] GC(1173) User=0.05s Sys=0.00s Real=0.02s
[531.791s][info][gc          ] GC(1174) Concurrent Undo Cycle
[531.792s][info][gc,marking  ] GC(1174) Concurrent Clear Claimed Marks
[531.792s][info][gc,marking  ] GC(1174) Concurrent Clear Claimed Marks 0.039ms
[531.792s][info][gc,marking  ] GC(1174) Concurrent Cleanup for Next Mark
[531.792s][info][gc,marking  ] GC(1174) Concurrent Cleanup for Next Mark 0.198ms
[531.792s][info][gc          ] GC(1174) Concurrent Undo Cycle 0.313ms
[531.885s][info][gc,start    ] GC(1175) Pause Young (Concurrent Start) (G1 Humongous Allocation)
[531.885s][info][gc,task     ] GC(1175) Using 2 workers of 2 for evacuation
[531.904s][info][gc,phases   ] GC(1175)   Pre Evacuate Collection Set: 0.26ms
[531.904s][info][gc,phases   ] GC(1175)   Merge Heap Roots: 0.07ms
[531.904s][info][gc,phases   ] GC(1175)   Evacuate Collection Set: 17.53ms
[531.904s][info][gc,phases   ] GC(1175)   Post Evacuate Collection Set: 0.40ms
[531.904s][info][gc,phases   ] GC(1175)   Other: 0.13ms
[531.904s][info][gc,heap     ] GC(1175) Eden regions: 11->0(368)
[531.904s][info][gc,heap     ] GC(1175) Survivor regions: 19->19(47)
[531.904s][info][gc,heap     ] GC(1175) Old regions: 79->79
[531.904s][info][gc,heap     ] GC(1175) Humongous regions: 75->1
[531.904s][info][gc,metaspace] GC(1175) Metaspace: 43122K(43520K)->43122K(43520K) NonClass: 40306K(40576K)->40306K(40576K) Class: 2815K(2944K)->2815K(2944K)
[531.904s][info][gc          ] GC(1175) Pause Young (Concurrent Start) (G1 Humongous Allocation) 182M->97M(645M) 18.586ms
[531.904s][info][gc,cpu      ] GC(1175) User=0.04s Sys=0.00s Real=0.02s
[531.904s][info][gc          ] GC(1176) Concurrent Undo Cycle
[531.904s][info][gc,marking  ] GC(1176) Concurrent Clear Claimed Marks
[531.904s][info][gc,marking  ] GC(1176) Concurrent Clear Claimed Marks 0.038ms
[531.904s][info][gc,marking  ] GC(1176) Concurrent Cleanup for Next Mark
[531.904s][info][gc,marking  ] GC(1176) Concurrent Cleanup for Next Mark 0.212ms
[531.904s][info][gc          ] GC(1176) Concurrent Undo Cycle 0.355ms
[532.003s][info][gc,start    ] GC(1177) Pause Young (Concurrent Start) (G1 Humongous Allocation)
[532.003s][info][gc,task     ] GC(1177) Using 2 workers of 2 for evacuation
[532.024s][info][gc,phases   ] GC(1177)   Pre Evacuate Collection Set: 0.30ms
[532.024s][info][gc,phases   ] GC(1177)   Merge Heap Roots: 0.08ms
[532.024s][info][gc,phases   ] GC(1177)   Evacuate Collection Set: 19.61ms
[532.024s][info][gc,phases   ] GC(1177)   Post Evacuate Collection Set: 0.39ms
[532.024s][info][gc,phases   ] GC(1177)   Other: 0.09ms
[532.024s][info][gc,heap     ] GC(1177) Eden regions: 14->0(365)
[532.024s][info][gc,heap     ] GC(1177) Survivor regions: 19->22(49)
[532.024s][info][gc,heap     ] GC(1177) Old regions: 79->79
[532.024s][info][gc,heap     ] GC(1177) Humongous regions: 63->1
[532.024s][info][gc,metaspace] GC(1177) Metaspace: 43122K(43520K)->43122K(43520K) NonClass: 40306K(40576K)->40306K(40576K) Class: 2815K(2944K)->2815K(2944K)
[532.024s][info][gc          ] GC(1177) Pause Young (Concurrent Start) (G1 Humongous Allocation) 172M->100M(645M) 20.684ms
[532.024s][info][gc,cpu      ] GC(1177) User=0.04s Sys=0.00s Real=0.02s
[532.024s][info][gc          ] GC(1178) Concurrent Undo Cycle
[532.024s][info][gc,marking  ] GC(1178) Concurrent Clear Claimed Marks
[532.024s][info][gc,marking  ] GC(1178) Concurrent Clear Claimed Marks 0.036ms
[532.024s][info][gc,marking  ] GC(1178) Concurrent Cleanup for Next Mark
[532.024s][info][gc,marking  ] GC(1178) Concurrent Cleanup for Next Mark 0.199ms
[532.024s][info][gc          ] GC(1178) Concurrent Undo Cycle 0.306ms
[532.130s][info][gc,start    ] GC(1179) Pause Young (Concurrent Start) (G1 Humongous Allocation)
[532.130s][info][gc,task     ] GC(1179) Using 2 workers of 2 for evacuation
[532.154s][info][gc,phases   ] GC(1179)   Pre Evacuate Collection Set: 0.26ms
[532.154s][info][gc,phases   ] GC(1179)   Merge Heap Roots: 0.07ms
[532.154s][info][gc,phases   ] GC(1179)   Evacuate Collection Set: 22.26ms
[532.154s][info][gc,phases   ] GC(1179)   Post Evacuate Collection Set: 0.92ms
[532.154s][info][gc,phases   ] GC(1179)   Other: 0.13ms
[532.154s][info][gc,heap     ] GC(1179) Eden regions: 15->0(402)
[532.154s][info][gc,heap     ] GC(1179) Survivor regions: 22->25(49)
[532.154s][info][gc,heap     ] GC(1179) Old regions: 79->79
[532.154s][info][gc,heap     ] GC(1179) Humongous regions: 65->1
[532.154s][info][gc,metaspace] GC(1179) Metaspace: 43122K(43520K)->43122K(43520K) NonClass: 40306K(40576K)->40306K(40576K) Class: 2815K(2944K)->2815K(2944K)
[532.154s][info][gc          ] GC(1179) Pause Young (Concurrent Start) (G1 Humongous Allocation) 179M->103M(712M) 23.824ms
[532.154s][info][gc,cpu      ] GC(1179) User=0.04s Sys=0.00s Real=0.02s
[532.154s][info][gc          ] GC(1180) Concurrent Undo Cycle
[532.154s][info][gc,marking  ] GC(1180) Concurrent Clear Claimed Marks
[532.154s][info][gc,marking  ] GC(1180) Concurrent Clear Claimed Marks 0.039ms
[532.154s][info][gc,marking  ] GC(1180) Concurrent Cleanup for Next Mark
[532.154s][info][gc,marking  ] GC(1180) Concurrent Cleanup for Next Mark 0.212ms
[532.154s][info][gc          ] GC(1180) Concurrent Undo Cycle 0.324ms
[533.203s][info][gc,start    ] GC(1181) Pause Young (Normal) (G1 Evacuation Pause)
[533.203s][info][gc,task     ] GC(1181) Using 2 workers of 2 for evacuation
[533.235s][info][gc,phases   ] GC(1181)   Pre Evacuate Collection Set: 0.26ms
[533.235s][info][gc,phases   ] GC(1181)   Merge Heap Roots: 0.14ms
[533.235s][info][gc,phases   ] GC(1181)   Evacuate Collection Set: 30.96ms
[533.235s][info][gc,phases   ] GC(1181)   Post Evacuate Collection Set: 0.69ms
[533.235s][info][gc,phases   ] GC(1181)   Other: 0.08ms
[533.235s][info][gc,heap     ] GC(1181) Eden regions: 402->0(390)
[533.235s][info][gc,heap     ] GC(1181) Survivor regions: 25->37(54)
[533.235s][info][gc,heap     ] GC(1181) Old regions: 79->79
[533.235s][info][gc,heap     ] GC(1181) Humongous regions: 59->1
[533.235s][info][gc,metaspace] GC(1181) Metaspace: 43123K(43520K)->43123K(43520K) NonClass: 40308K(40576K)->40308K(40576K) Class: 2815K(2944K)->2815K(2944K)
[533.235s][info][gc          ] GC(1181) Pause Young (Normal) (G1 Evacuation Pause) 563M->115M(712M) 32.364ms
[533.235s][info][gc,cpu      ] GC(1181) User=0.07s Sys=0.00s Real=0.03s
[534.048s][info][gc,start    ] GC(1182) Pause Young (Normal) (G1 Evacuation Pause)
[534.048s][info][gc,task     ] GC(1182) Using 2 workers of 2 for evacuation
[534.083s][info][gc,phases   ] GC(1182)   Pre Evacuate Collection Set: 0.25ms
[534.083s][info][gc,phases   ] GC(1182)   Merge Heap Roots: 0.14ms
[534.083s][info][gc,phases   ] GC(1182)   Evacuate Collection Set: 33.45ms
[534.083s][info][gc,phases   ] GC(1182)   Post Evacuate Collection Set: 0.80ms
[534.083s][info][gc,phases   ] GC(1182)   Other: 0.08ms
[534.083s][info][gc,heap     ] GC(1182) Eden regions: 390->0(398)
[534.083s][info][gc,heap     ] GC(1182) Survivor regions: 37->29(54)
[534.083s][info][gc,heap     ] GC(1182) Old regions: 79->90
[534.083s][info][gc,heap     ] GC(1182) Humongous regions: 1->1
[534.083s][info][gc,metaspace] GC(1182) Metaspace: 43128K(43520K)->43128K(43520K) NonClass: 40313K(40576K)->40313K(40576K) Class: 2815K(2944K)->2815K(2944K)
[534.083s][info][gc          ] GC(1182) Pause Young (Normal) (G1 Evacuation Pause) 505M->118M(712M) 34.998ms
[534.083s][info][gc,cpu      ] GC(1182) User=0.06s Sys=0.00s Real=0.03s
[534.934s][info][gc,start    ] GC(1183) Pause Young (Normal) (G1 Evacuation Pause)
[534.934s][info][gc,task     ] GC(1183) Using 2 workers of 2 for evacuation
[534.959s][info][gc,phases   ] GC(1183)   Pre Evacuate Collection Set: 0.24ms
[534.959s][info][gc,phases   ] GC(1183)   Merge Heap Roots: 0.14ms
[534.959s][info][gc,phases   ] GC(1183)   Evacuate Collection Set: 23.23ms
[534.959s][info][gc,phases   ] GC(1183)   Post Evacuate Collection Set: 0.89ms
[534.959s][info][gc,phases   ] GC(1183)   Other: 0.08ms
[534.959s][info][gc,heap     ] GC(1183) Eden regions: 398->0(399)
[534.959s][info][gc,heap     ] GC(1183) Survivor regions: 29->28(54)
[534.959s][info][gc,heap     ] GC(1183) Old regions: 90->94
[534.959s][info][gc,heap     ] GC(1183) Humongous regions: 1->1
[534.959s][info][gc,metaspace] GC(1183) Metaspace: 43148K(43520K)->43148K(43520K) NonClass: 40333K(40576K)->40333K(40576K) Class: 2815K(2944K)->2815K(2944K)
[534.959s][info][gc          ] GC(1183) Pause Young (Normal) (G1 Evacuation Pause) 516M->121M(712M) 24.771ms
[534.959s][info][gc,cpu      ] GC(1183) User=0.05s Sys=0.00s Real=0.03s
[536.726s][info][gc,start    ] GC(1184) Pause Young (Normal) (G1 Evacuation Pause)
[536.727s][info][gc,task     ] GC(1184) Using 2 workers of 2 for evacuation
[536.756s][info][gc,phases   ] GC(1184)   Pre Evacuate Collection Set: 0.27ms
[536.756s][info][gc,phases   ] GC(1184)   Merge Heap Roots: 0.14ms
[536.756s][info][gc,phases   ] GC(1184)   Evacuate Collection Set: 27.62ms
[536.756s][info][gc,phases   ] GC(1184)   Post Evacuate Collection Set: 0.89ms
[536.756s][info][gc,phases   ] GC(1184)   Other: 0.08ms
[536.756s][info][gc,heap     ] GC(1184) Eden regions: 399->0(396)
[536.756s][info][gc,heap     ] GC(1184) Survivor regions: 28->31(54)
[536.756s][info][gc,heap     ] GC(1184) Old regions: 94->94
[536.756s][info][gc,heap     ] GC(1184) Humongous regions: 13->3
[536.756s][info][gc,metaspace] GC(1184) Metaspace: 43160K(43520K)->43160K(43520K) NonClass: 40344K(40576K)->40344K(40576K) Class: 2815K(2944K)->2815K(2944K)
[536.756s][info][gc          ] GC(1184) Pause Young (Normal) (G1 Evacuation Pause) 532M->126M(712M) 29.167ms
[536.756s][info][gc,cpu      ] GC(1184) User=0.05s Sys=0.00s Real=0.03s
[537.633s][info][gc,start    ] GC(1185) Pause Young (Normal) (G1 Evacuation Pause)
[537.633s][info][gc,task     ] GC(1185) Using 2 workers of 2 for evacuation
[537.714s][info][gc,phases   ] GC(1185)   Pre Evacuate Collection Set: 0.49ms
[537.715s][info][gc,phases   ] GC(1185)   Merge Heap Roots: 0.17ms
[537.715s][info][gc,phases   ] GC(1185)   Evacuate Collection Set: 79.58ms
[537.715s][info][gc,phases   ] GC(1185)   Post Evacuate Collection Set: 0.74ms
[537.715s][info][gc,phases   ] GC(1185)   Other: 0.10ms
[537.715s][info][gc,heap     ] GC(1185) Eden regions: 396->0(373)
[537.715s][info][gc,heap     ] GC(1185) Survivor regions: 31->54(54)
[537.715s][info][gc,heap     ] GC(1185) Old regions: 94->113
[537.715s][info][gc,heap     ] GC(1185) Humongous regions: 6->6
[537.715s][info][gc,metaspace] GC(1185) Metaspace: 43160K(43520K)->43160K(43520K) NonClass: 40345K(40576K)->40345K(40576K) Class: 2815K(2944K)->2815K(2944K)
[537.715s][info][gc          ] GC(1185) Pause Young (Normal) (G1 Evacuation Pause) 525M->171M(712M) 81.276ms
[537.715s][info][gc,cpu      ] GC(1185) User=0.16s Sys=0.00s Real=0.08s
[538.635s][info][gc,start    ] GC(1186) Pause Young (Normal) (G1 Evacuation Pause)
[538.635s][info][gc,task     ] GC(1186) Using 2 workers of 2 for evacuation
[538.772s][info][gc,phases   ] GC(1186)   Pre Evacuate Collection Set: 0.43ms
[538.772s][info][gc,phases   ] GC(1186)   Merge Heap Roots: 0.40ms
[538.772s][info][gc,phases   ] GC(1186)   Evacuate Collection Set: 135.15ms
[538.772s][info][gc,phases   ] GC(1186)   Post Evacuate Collection Set: 0.73ms
[538.772s][info][gc,phases   ] GC(1186)   Other: 0.11ms
[538.772s][info][gc,heap     ] GC(1186) Eden regions: 373->0(383)
[538.772s][info][gc,heap     ] GC(1186) Survivor regions: 54->44(54)
[538.772s][info][gc,heap     ] GC(1186) Old regions: 113->167
[538.772s][info][gc,heap     ] GC(1186) Humongous regions: 11->10
[538.772s][info][gc,metaspace] GC(1186) Metaspace: 43161K(43520K)->43161K(43520K) NonClass: 40345K(40576K)->40345K(40576K) Class: 2815K(2944K)->2815K(2944K)
[538.772s][info][gc          ] GC(1186) Pause Young (Normal) (G1 Evacuation Pause) 549M->219M(712M) 137.011ms
[538.772s][info][gc,cpu      ] GC(1186) User=0.24s Sys=0.00s Real=0.14s
[539.029s][info][gc,start    ] GC(1187) Pause Young (Concurrent Start) (G1 Humongous Allocation)
[539.029s][info][gc,task     ] GC(1187) Using 2 workers of 2 for evacuation
[539.099s][info][gc,phases   ] GC(1187)   Pre Evacuate Collection Set: 0.37ms
[539.099s][info][gc,phases   ] GC(1187)   Merge Heap Roots: 0.18ms
[539.099s][info][gc,phases   ] GC(1187)   Evacuate Collection Set: 68.86ms
[539.099s][info][gc,phases   ] GC(1187)   Post Evacuate Collection Set: 0.40ms
[539.099s][info][gc,phases   ] GC(1187)   Other: 0.13ms
[539.099s][info][gc,heap     ] GC(1187) Eden regions: 21->0(320)
[539.099s][info][gc,heap     ] GC(1187) Survivor regions: 44->18(54)
[539.099s][info][gc,heap     ] GC(1187) Old regions: 167->207
[539.099s][info][gc,heap     ] GC(1187) Humongous regions: 14->14
[539.099s][info][gc,metaspace] GC(1187) Metaspace: 43161K(43520K)->43161K(43520K) NonClass: 40345K(40576K)->40345K(40576K) Class: 2815K(2944K)->2815K(2944K)
[539.099s][info][gc          ] GC(1187) Pause Young (Concurrent Start) (G1 Humongous Allocation) 244M->237M(712M) 70.139ms
[539.099s][info][gc,cpu      ] GC(1187) User=0.12s Sys=0.00s Real=0.07s
[539.099s][info][gc          ] GC(1188) Concurrent Mark Cycle
[539.099s][info][gc,marking  ] GC(1188) Concurrent Scan Root Regions
[539.209s][info][gc,marking  ] GC(1188) Concurrent Scan Root Regions 110.086ms
[539.210s][info][gc,marking  ] GC(1188) Concurrent Mark
[539.210s][info][gc,marking  ] GC(1188) Concurrent Mark From Roots
[539.210s][info][gc,task     ] GC(1188) Using 1 workers of 1 for marking
[539.395s][info][gc,marking  ] GC(1188) Concurrent Mark From Roots 185.102ms
[539.395s][info][gc,marking  ] GC(1188) Concurrent Preclean
[539.396s][info][gc,marking  ] GC(1188) Concurrent Preclean 1.562ms
[539.396s][info][gc,start    ] GC(1188) Pause Remark
[539.441s][info][gc          ] GC(1188) Pause Remark 253M->222M(707M) 45.082ms
[539.441s][info][gc,cpu      ] GC(1188) User=0.05s Sys=0.00s Real=0.05s
[539.442s][info][gc,marking  ] GC(1188) Concurrent Mark 232.514ms
[539.442s][info][gc,marking  ] GC(1188) Concurrent Rebuild Remembered Sets and Scrub Regions
[539.594s][info][gc,marking  ] GC(1188) Concurrent Rebuild Remembered Sets and Scrub Regions 151.780ms
[539.594s][info][gc,start    ] GC(1188) Pause Cleanup
[539.594s][info][gc          ] GC(1188) Pause Cleanup 226M->226M(707M) 0.080ms
[539.594s][info][gc,cpu      ] GC(1188) User=0.00s Sys=0.00s Real=0.00s
[539.594s][info][gc,marking  ] GC(1188) Concurrent Clear Claimed Marks
[539.594s][info][gc,marking  ] GC(1188) Concurrent Clear Claimed Marks 0.040ms
[539.594s][info][gc,marking  ] GC(1188) Concurrent Cleanup for Next Mark
[539.600s][info][gc,marking  ] GC(1188) Concurrent Cleanup for Next Mark 5.925ms
[539.600s][info][gc          ] GC(1188) Concurrent Mark Cycle 500.712ms
[542.554s][info][gc,start    ] GC(1189) Pause Young (Prepare Mixed) (G1 Evacuation Pause)
[542.554s][info][gc,task     ] GC(1189) Using 2 workers of 2 for evacuation
[542.585s][info][gc,phases   ] GC(1189)   Pre Evacuate Collection Set: 0.25ms
[542.586s][info][gc,phases   ] GC(1189)   Merge Heap Roots: 0.17ms
[542.586s][info][gc,phases   ] GC(1189)   Evacuate Collection Set: 30.58ms
[542.586s][info][gc,phases   ] GC(1189)   Post Evacuate Collection Set: 0.61ms
[542.586s][info][gc,phases   ] GC(1189)   Other: 0.09ms
[542.586s][info][gc,heap     ] GC(1189) Eden regions: 320->0(335)
[542.586s][info][gc,heap     ] GC(1189) Survivor regions: 18->32(43)
[542.586s][info][gc,heap     ] GC(1189) Old regions: 179->179
[542.586s][info][gc,heap     ] GC(1189) Humongous regions: 17->13
[542.586s][info][gc,metaspace] GC(1189) Metaspace: 43163K(43520K)->43163K(43520K) NonClass: 40348K(40576K)->40348K(40576K) Class: 2815K(2944K)->2815K(2944K)
[542.586s][info][gc          ] GC(1189) Pause Young (Prepare Mixed) (G1 Evacuation Pause) 533M->223M(707M) 31.934ms
[542.586s][info][gc,cpu      ] GC(1189) User=0.06s Sys=0.00s Real=0.03s
[544.118s][info][gc,start    ] GC(1190) Pause Young (Mixed) (G1 Evacuation Pause)
[544.118s][info][gc,task     ] GC(1190) Using 2 workers of 2 for evacuation
[544.148s][info][gc,phases   ] GC(1190)   Pre Evacuate Collection Set: 0.25ms
[544.148s][info][gc,phases   ] GC(1190)   Merge Heap Roots: 0.22ms
[544.148s][info][gc,phases   ] GC(1190)   Evacuate Collection Set: 28.41ms
[544.148s][info][gc,phases   ] GC(1190)   Post Evacuate Collection Set: 0.70ms
[544.148s][info][gc,phases   ] GC(1190)   Other: 0.08ms
[544.148s][info][gc,heap     ] GC(1190) Eden regions: 335->0(366)
[544.148s][info][gc,heap     ] GC(1190) Survivor regions: 32->25(46)
[544.148s][info][gc,heap     ] GC(1190) Old regions: 179->161
[544.148s][info][gc,heap     ] GC(1190) Humongous regions: 13->13
[544.148s][info][gc,metaspace] GC(1190) Metaspace: 43163K(43520K)->43163K(43520K) NonClass: 40348K(40576K)->40348K(40576K) Class: 2815K(2944K)->2815K(2944K)
[544.148s][info][gc          ] GC(1190) Pause Young (Mixed) (G1 Evacuation Pause) 558M->198M(707M) 29.853ms
[544.148s][info][gc,cpu      ] GC(1190) User=0.06s Sys=0.00s Real=0.03s
[546.141s][info][gc,start    ] GC(1191) Pause Young (Normal) (G1 Evacuation Pause)
[546.141s][info][gc,task     ] GC(1191) Using 2 workers of 2 for evacuation
[546.163s][info][gc,phases   ] GC(1191)   Pre Evacuate Collection Set: 0.28ms
[546.163s][info][gc,phases   ] GC(1191)   Merge Heap Roots: 0.19ms
[546.163s][info][gc,phases   ] GC(1191)   Evacuate Collection Set: 20.30ms
[546.163s][info][gc,phases   ] GC(1191)   Post Evacuate Collection Set: 0.56ms
[546.163s][info][gc,phases   ] GC(1191)   Other: 0.10ms
[546.163s][info][gc,heap     ] GC(1191) Eden regions: 366->0(385)
[546.163s][info][gc,heap     ] GC(1191) Survivor regions: 25->5(49)
[546.163s][info][gc,heap     ] GC(1191) Old regions: 161->181
[546.163s][info][gc,heap     ] GC(1191) Humongous regions: 14->13
[546.163s][info][gc,metaspace] GC(1191) Metaspace: 43163K(43520K)->43163K(43520K) NonClass: 40348K(40576K)->40348K(40576K) Class: 2815K(2944K)->2815K(2944K)
[546.163s][info][gc          ] GC(1191) Pause Young (Normal) (G1 Evacuation Pause) 565M->197M(707M) 21.694ms
[546.163s][info][gc,cpu      ] GC(1191) User=0.05s Sys=0.00s Real=0.02s
[547.534s][info][gc,start    ] GC(1192) Pause Young (Concurrent Start) (G1 Humongous Allocation)
[547.534s][info][gc,task     ] GC(1192) Using 2 workers of 2 for evacuation
[547.539s][info][gc,phases   ] GC(1192)   Pre Evacuate Collection Set: 0.24ms
[547.539s][info][gc,phases   ] GC(1192)   Merge Heap Roots: 0.10ms
[547.539s][info][gc,phases   ] GC(1192)   Evacuate Collection Set: 4.53ms
[547.539s][info][gc,phases   ] GC(1192)   Post Evacuate Collection Set: 0.47ms
[547.539s][info][gc,phases   ] GC(1192)   Other: 0.08ms
[547.539s][info][gc,heap     ] GC(1192) Eden regions: 270->0(399)
[547.539s][info][gc,heap     ] GC(1192) Survivor regions: 5->7(49)
[547.539s][info][gc,heap     ] GC(1192) Old regions: 181->181
[547.539s][info][gc,heap     ] GC(1192) Humongous regions: 13->13
[547.539s][info][gc,metaspace] GC(1192) Metaspace: 43163K(43520K)->43163K(43520K) NonClass: 40348K(40576K)->40348K(40576K) Class: 2815K(2944K)->2815K(2944K)
[547.540s][info][gc          ] GC(1192) Pause Young (Concurrent Start) (G1 Humongous Allocation) 466M->199M(707M) 5.585ms
[547.540s][info][gc,cpu      ] GC(1192) User=0.01s Sys=0.00s Real=0.01s
[547.540s][info][gc          ] GC(1193) Concurrent Mark Cycle
[547.541s][info][gc,marking  ] GC(1193) Concurrent Scan Root Regions
[547.546s][info][gc,marking  ] GC(1193) Concurrent Scan Root Regions 5.237ms
[547.546s][info][gc,marking  ] GC(1193) Concurrent Mark
[547.546s][info][gc,marking  ] GC(1193) Concurrent Mark From Roots
[547.546s][info][gc,task     ] GC(1193) Using 1 workers of 1 for marking
[547.591s][info][gc,marking  ] GC(1193) Concurrent Mark From Roots 45.331ms
[547.591s][info][gc,marking  ] GC(1193) Concurrent Preclean
[547.591s][info][gc,marking  ] GC(1193) Concurrent Preclean 0.053ms
[547.592s][info][gc,start    ] GC(1193) Pause Remark
[547.608s][info][gc          ] GC(1193) Pause Remark 216M->89M(256M) 16.687ms
[547.608s][info][gc,cpu      ] GC(1193) User=0.03s Sys=0.00s Real=0.02s
[547.608s][info][gc,marking  ] GC(1193) Concurrent Mark 62.336ms
[547.608s][info][gc,marking  ] GC(1193) Concurrent Rebuild Remembered Sets and Scrub Regions
[547.620s][info][gc,marking  ] GC(1193) Concurrent Rebuild Remembered Sets and Scrub Regions 11.138ms
[547.620s][info][gc,start    ] GC(1193) Pause Cleanup
[547.620s][info][gc          ] GC(1193) Pause Cleanup 94M->94M(256M) 0.040ms
[547.620s][info][gc,cpu      ] GC(1193) User=0.00s Sys=0.00s Real=0.00s
[547.620s][info][gc,marking  ] GC(1193) Concurrent Clear Claimed Marks
[547.620s][info][gc,marking  ] GC(1193) Concurrent Clear Claimed Marks 0.033ms
[547.620s][info][gc,marking  ] GC(1193) Concurrent Cleanup for Next Mark
[547.621s][info][gc,marking  ] GC(1193) Concurrent Cleanup for Next Mark 0.712ms
[547.621s][info][gc          ] GC(1193) Concurrent Mark Cycle 80.961ms
[547.910s][info][gc,start    ] GC(1194) Pause Young (Prepare Mixed) (G1 Evacuation Pause)
[547.910s][info][gc,task     ] GC(1194) Using 2 workers of 2 for evacuation
[547.930s][info][gc,phases   ] GC(1194)   Pre Evacuate Collection Set: 0.15ms
[547.930s][info][gc,phases   ] GC(1194)   Merge Heap Roots: 0.08ms
[547.930s][info][gc,phases   ] GC(1194)   Evacuate Collection Set: 19.65ms
[547.930s][info][gc,phases   ] GC(1194)   Post Evacuate Collection Set: 0.43ms
[547.930s][info][gc,phases   ] GC(1194)   Other: 0.10ms
[547.930s][info][gc,heap     ] GC(1194) Eden regions: 146->0(128)
[547.930s][info][gc,heap     ] GC(1194) Survivor regions: 7->20(20)
[547.930s][info][gc,heap     ] GC(1194) Old regions: 65->66
[547.930s][info][gc,heap     ] GC(1194) Humongous regions: 4->4
[547.930s][info][gc,metaspace] GC(1194) Metaspace: 43163K(43520K)->43163K(43520K) NonClass: 40348K(40576K)->40348K(40576K) Class: 2815K(2944K)->2815K(2944K)
[547.930s][info][gc          ] GC(1194) Pause Young (Prepare Mixed) (G1 Evacuation Pause) 221M->89M(256M) 20.609ms
[547.930s][info][gc,cpu      ] GC(1194) User=0.04s Sys=0.00s Real=0.02s
[548.226s][info][gc,start    ] GC(1195) Pause Young (Mixed) (G1 Evacuation Pause)
[548.226s][info][gc,task     ] GC(1195) Using 2 workers of 2 for evacuation
[548.261s][info][gc,phases   ] GC(1195)   Pre Evacuate Collection Set: 0.16ms
[548.261s][info][gc,phases   ] GC(1195)   Merge Heap Roots: 0.10ms
[548.261s][info][gc,phases   ] GC(1195)   Evacuate Collection Set: 34.13ms
[548.261s][info][gc,phases   ] GC(1195)   Post Evacuate Collection Set: 0.43ms
[548.261s][info][gc,phases   ] GC(1195)   Other: 0.07ms
[548.261s][info][gc,heap     ] GC(1195) Eden regions: 128->0(123)
[548.261s][info][gc,heap     ] GC(1195) Survivor regions: 20->16(19)
[548.261s][info][gc,heap     ] GC(1195) Old regions: 66->74
[548.261s][info][gc,heap     ] GC(1195) Humongous regions: 6->6
[548.261s][info][gc,metaspace] GC(1195) Metaspace: 43163K(43520K)->43163K(43520K) NonClass: 40348K(40576K)->40348K(40576K) Class: 2815K(2944K)->2815K(2944K)
[548.261s][info][gc          ] GC(1195) Pause Young (Mixed) (G1 Evacuation Pause) 219M->94M(257M) 35.094ms
[548.261s][info][gc,cpu      ] GC(1195) User=0.07s Sys=0.00s Real=0.04s
[548.525s][info][gc,start    ] GC(1196) Pause Young (Concurrent Start) (G1 Evacuation Pause)
[548.525s][info][gc,task     ] GC(1196) Using 2 workers of 2 for evacuation
[548.555s][info][gc,phases   ] GC(1196)   Pre Evacuate Collection Set: 0.19ms
[548.555s][info][gc,phases   ] GC(1196)   Merge Heap Roots: 0.07ms
[548.555s][info][gc,phases   ] GC(1196)   Evacuate Collection Set: 29.54ms
[548.555s][info][gc,phases   ] GC(1196)   Post Evacuate Collection Set: 0.40ms
[548.555s][info][gc,phases   ] GC(1196)   Other: 0.11ms
[548.555s][info][gc,heap     ] GC(1196) Eden regions: 123->0(112)
[548.555s][info][gc,heap     ] GC(1196) Survivor regions: 16->15(18)
[548.555s][info][gc,heap     ] GC(1196) Old regions: 74->89
[548.555s][info][gc,heap     ] GC(1196) Humongous regions: 6->6
[548.555s][info][gc,metaspace] GC(1196) Metaspace: 43163K(43520K)->43163K(43520K) NonClass: 40348K(40576K)->40348K(40576K) Class: 2815K(2944K)->2815K(2944K)
[548.555s][info][gc          ] GC(1196) Pause Young (Concurrent Start) (G1 Evacuation Pause) 217M->109M(257M) 30.505ms
[548.555s][info][gc          ] GC(1197) Concurrent Mark Cycle
[548.555s][info][gc,marking  ] GC(1197) Concurrent Scan Root Regions
[548.556s][info][gc,cpu      ] GC(1196) User=0.06s Sys=0.00s Real=0.03s
[548.576s][info][gc,marking  ] GC(1197) Concurrent Scan Root Regions 21.198ms
[548.576s][info][gc,marking  ] GC(1197) Concurrent Mark
[548.576s][info][gc,marking  ] GC(1197) Concurrent Mark From Roots
[548.576s][info][gc,task     ] GC(1197) Using 1 workers of 1 for marking
[548.634s][info][gc,marking  ] GC(1197) Concurrent Mark From Roots 57.150ms
[548.634s][info][gc,marking  ] GC(1197) Concurrent Preclean
[548.634s][info][gc,marking  ] GC(1197) Concurrent Preclean 0.035ms
[548.634s][info][gc,start    ] GC(1197) Pause Remark
[548.650s][info][gc          ] GC(1197) Pause Remark 145M->144M(257M) 16.791ms
[548.650s][info][gc,cpu      ] GC(1197) User=0.03s Sys=0.00s Real=0.02s
[548.651s][info][gc,marking  ] GC(1197) Concurrent Mark 74.162ms
[548.651s][info][gc,marking  ] GC(1197) Concurrent Rebuild Remembered Sets and Scrub Regions
[548.687s][info][gc,marking  ] GC(1197) Concurrent Rebuild Remembered Sets and Scrub Regions 36.954ms
[548.688s][info][gc,start    ] GC(1197) Pause Cleanup
[548.688s][info][gc          ] GC(1197) Pause Cleanup 160M->160M(257M) 0.046ms
[548.688s][info][gc,cpu      ] GC(1197) User=0.00s Sys=0.00s Real=0.00s
[548.688s][info][gc,marking  ] GC(1197) Concurrent Clear Claimed Marks
[548.688s][info][gc,marking  ] GC(1197) Concurrent Clear Claimed Marks 0.053ms
[548.688s][info][gc,marking  ] GC(1197) Concurrent Cleanup for Next Mark
[548.689s][info][gc,marking  ] GC(1197) Concurrent Cleanup for Next Mark 0.738ms
[548.689s][info][gc          ] GC(1197) Concurrent Mark Cycle 133.418ms
[548.813s][info][gc,start    ] GC(1198) Pause Young (Prepare Mixed) (G1 Evacuation Pause)
[548.813s][info][gc,task     ] GC(1198) Using 2 workers of 2 for evacuation
[548.841s][info][gc,phases   ] GC(1198)   Pre Evacuate Collection Set: 0.15ms
[548.841s][info][gc,phases   ] GC(1198)   Merge Heap Roots: 0.07ms
[548.841s][info][gc,phases   ] GC(1198)   Evacuate Collection Set: 26.90ms
[548.841s][info][gc,phases   ] GC(1198)   Post Evacuate Collection Set: 0.37ms
[548.841s][info][gc,phases   ] GC(1198)   Other: 0.08ms
[548.841s][info][gc,heap     ] GC(1198) Eden regions: 112->0(103)
[548.841s][info][gc,heap     ] GC(1198) Survivor regions: 15->13(16)
[548.841s][info][gc,heap     ] GC(1198) Old regions: 89->104
[548.841s][info][gc,heap     ] GC(1198) Humongous regions: 5->5
[548.841s][info][gc,metaspace] GC(1198) Metaspace: 43163K(43520K)->43163K(43520K) NonClass: 40348K(40576K)->40348K(40576K) Class: 2815K(2944K)->2815K(2944K)
[548.841s][info][gc          ] GC(1198) Pause Young (Prepare Mixed) (G1 Evacuation Pause) 220M->121M(257M) 27.743ms
[548.841s][info][gc,cpu      ] GC(1198) User=0.05s Sys=0.00s Real=0.03s
[549.104s][info][gc,start    ] GC(1199) Pause Young (Mixed) (G1 Evacuation Pause)
[549.104s][info][gc,task     ] GC(1199) Using 2 workers of 2 for evacuation
[549.137s][info][gc,phases   ] GC(1199)   Pre Evacuate Collection Set: 0.16ms
[549.137s][info][gc,phases   ] GC(1199)   Merge Heap Roots: 0.16ms
[549.137s][info][gc,phases   ] GC(1199)   Evacuate Collection Set: 32.70ms
[549.137s][info][gc,phases   ] GC(1199)   Post Evacuate Collection Set: 0.44ms
[549.137s][info][gc,phases   ] GC(1199)   Other: 0.08ms
[549.138s][info][gc,heap     ] GC(1199) Eden regions: 103->0(109)
[549.138s][info][gc,heap     ] GC(1199) Survivor regions: 13->12(15)
[549.138s][info][gc,heap     ] GC(1199) Old regions: 104->94
[549.138s][info][gc,heap     ] GC(1199) Humongous regions: 9->9
[549.138s][info][gc,metaspace] GC(1199) Metaspace: 43163K(43520K)->43163K(43520K) NonClass: 40348K(40576K)->40348K(40576K) Class: 2815K(2944K)->2815K(2944K)
[549.138s][info][gc          ] GC(1199) Pause Young (Mixed) (G1 Evacuation Pause) 228M->114M(257M) 33.767ms
[549.138s][info][gc,cpu      ] GC(1199) User=0.06s Sys=0.00s Real=0.04s
[549.511s][info][gc,start    ] GC(1200) Pause Young (Concurrent Start) (G1 Humongous Allocation)
[549.511s][info][gc,task     ] GC(1200) Using 2 workers of 2 for evacuation
[549.550s][info][gc,phases   ] GC(1200)   Pre Evacuate Collection Set: 0.19ms
[549.550s][info][gc,phases   ] GC(1200)   Merge Heap Roots: 0.11ms
[549.550s][info][gc,phases   ] GC(1200)   Evacuate Collection Set: 36.87ms
[549.550s][info][gc,phases   ] GC(1200)   Post Evacuate Collection Set: 1.50ms
[549.550s][info][gc,phases   ] GC(1200)   Other: 0.12ms
[549.550s][info][gc,heap     ] GC(1200) Eden regions: 102->0(193)
[549.550s][info][gc,heap     ] GC(1200) Survivor regions: 12->16(16)
[549.550s][info][gc,heap     ] GC(1200) Old regions: 94->111
[549.550s][info][gc,heap     ] GC(1200) Humongous regions: 9->9
[549.550s][info][gc,metaspace] GC(1200) Metaspace: 43163K(43520K)->43163K(43520K) NonClass: 40348K(40576K)->40348K(40576K) Class: 2815K(2944K)->2815K(2944K)
[549.550s][info][gc          ] GC(1200) Pause Young (Concurrent Start) (G1 Humongous Allocation) 215M->135M(399M) 39.013ms
[549.550s][info][gc          ] GC(1201) Concurrent Undo Cycle
[549.550s][info][gc,marking  ] GC(1201) Concurrent Clear Claimed Marks
[549.550s][info][gc,marking  ] GC(1201) Concurrent Clear Claimed Marks 0.037ms
[549.550s][info][gc,marking  ] GC(1201) Concurrent Cleanup for Next Mark
[549.550s][info][gc,cpu      ] GC(1200) User=0.07s Sys=0.00s Real=0.04s
[549.551s][info][gc,marking  ] GC(1201) Concurrent Cleanup for Next Mark 0.167ms
[549.551s][info][gc          ] GC(1201) Concurrent Undo Cycle 0.241ms
[549.553s][info][gc,start    ] GC(1202) Pause Young (Concurrent Start) (G1 Humongous Allocation)
[549.553s][info][gc,task     ] GC(1202) Using 2 workers of 2 for evacuation
[549.571s][info][gc,phases   ] GC(1202)   Pre Evacuate Collection Set: 0.20ms
[549.571s][info][gc,phases   ] GC(1202)   Merge Heap Roots: 0.08ms
[549.571s][info][gc,phases   ] GC(1202)   Evacuate Collection Set: 17.37ms
[549.571s][info][gc,phases   ] GC(1202)   Post Evacuate Collection Set: 0.25ms
[549.571s][info][gc,phases   ] GC(1202)   Other: 0.08ms
[549.571s][info][gc,heap     ] GC(1202) Eden regions: 0->0(192)
[549.571s][info][gc,heap     ] GC(1202) Survivor regions: 16->0(27)
[549.571s][info][gc,heap     ] GC(1202) Old regions: 111->128
[549.571s][info][gc,heap     ] GC(1202) Humongous regions: 10->10
[549.571s][info][gc,metaspace] GC(1202) Metaspace: 43163K(43520K)->43163K(43520K) NonClass: 40348K(40576K)->40348K(40576K) Class: 2815K(2944K)->2815K(2944K)
[549.571s][info][gc          ] GC(1202) Pause Young (Concurrent Start) (G1 Humongous Allocation) 136M->137M(399M) 18.126ms
[549.571s][info][gc          ] GC(1203) Concurrent Mark Cycle
[549.571s][info][gc,marking  ] GC(1203) Concurrent Scan Root Regions
[549.572s][info][gc,cpu      ] GC(1202) User=0.03s Sys=0.00s Real=0.02s
[549.596s][info][gc,marking  ] GC(1203) Concurrent Scan Root Regions 25.081ms
[549.596s][info][gc,marking  ] GC(1203) Concurrent Mark
[549.596s][info][gc,marking  ] GC(1203) Concurrent Mark From Roots
[549.596s][info][gc,task     ] GC(1203) Using 1 workers of 1 for marking
[549.737s][info][gc,marking  ] GC(1203) Concurrent Mark From Roots 140.364ms
[549.737s][info][gc,marking  ] GC(1203) Concurrent Preclean
[549.737s][info][gc,marking  ] GC(1203) Concurrent Preclean 0.055ms
[549.738s][info][gc,start    ] GC(1203) Pause Remark
[549.754s][info][gc          ] GC(1203) Pause Remark 150M->148M(399M) 16.143ms
[549.754s][info][gc,cpu      ] GC(1203) User=0.03s Sys=0.00s Real=0.01s
[549.754s][info][gc,marking  ] GC(1203) Concurrent Mark 157.836ms
[549.754s][info][gc,marking  ] GC(1203) Concurrent Rebuild Remembered Sets and Scrub Regions
[549.831s][info][gc,marking  ] GC(1203) Concurrent Rebuild Remembered Sets and Scrub Regions 76.975ms
[549.832s][info][gc,start    ] GC(1203) Pause Cleanup
[549.832s][info][gc          ] GC(1203) Pause Cleanup 157M->157M(399M) 0.075ms
[549.832s][info][gc,cpu      ] GC(1203) User=0.00s Sys=0.00s Real=0.00s
[549.832s][info][gc,marking  ] GC(1203) Concurrent Clear Claimed Marks
[549.832s][info][gc,marking  ] GC(1203) Concurrent Clear Claimed Marks 0.046ms
[549.832s][info][gc,marking  ] GC(1203) Concurrent Cleanup for Next Mark
[549.835s][info][gc,marking  ] GC(1203) Concurrent Cleanup for Next Mark 2.591ms
[549.835s][info][gc          ] GC(1203) Concurrent Mark Cycle 263.529ms
[550.994s][info][gc,start    ] GC(1204) Pause Young (Prepare Mixed) (G1 Evacuation Pause)
[550.994s][info][gc,task     ] GC(1204) Using 2 workers of 2 for evacuation
[551.032s][info][gc,phases   ] GC(1204)   Pre Evacuate Collection Set: 0.21ms
[551.032s][info][gc,phases   ] GC(1204)   Merge Heap Roots: 0.28ms
[551.032s][info][gc,phases   ] GC(1204)   Evacuate Collection Set: 36.47ms
[551.032s][info][gc,phases   ] GC(1204)   Post Evacuate Collection Set: 0.49ms
[551.032s][info][gc,phases   ] GC(1204)   Other: 0.08ms
[551.032s][info][gc,heap     ] GC(1204) Eden regions: 192->0(166)
[551.032s][info][gc,heap     ] GC(1204) Survivor regions: 0->24(24)
[551.032s][info][gc,heap     ] GC(1204) Old regions: 128->139
[551.032s][info][gc,heap     ] GC(1204) Humongous regions: 15->13
[551.032s][info][gc,metaspace] GC(1204) Metaspace: 43163K(43520K)->43163K(43520K) NonClass: 40348K(40576K)->40348K(40576K) Class: 2815K(2944K)->2815K(2944K)
[551.032s][info][gc          ] GC(1204) Pause Young (Prepare Mixed) (G1 Evacuation Pause) 334M->175M(399M) 37.742ms
[551.032s][info][gc,cpu      ] GC(1204) User=0.08s Sys=0.00s Real=0.04s
[551.788s][info][gc,start    ] GC(1205) Pause Young (Mixed) (G1 Evacuation Pause)
[551.788s][info][gc,task     ] GC(1205) Using 2 workers of 2 for evacuation
[551.822s][info][gc,phases   ] GC(1205)   Pre Evacuate Collection Set: 0.23ms
[551.822s][info][gc,phases   ] GC(1205)   Merge Heap Roots: 0.17ms
[551.822s][info][gc,phases   ] GC(1205)   Evacuate Collection Set: 33.45ms
[551.822s][info][gc,phases   ] GC(1205)   Post Evacuate Collection Set: 0.43ms
[551.822s][info][gc,phases   ] GC(1205)   Other: 0.07ms
[551.822s][info][gc,heap     ] GC(1205) Eden regions: 166->0(164)
[551.822s][info][gc,heap     ] GC(1205) Survivor regions: 24->14(24)
[551.822s][info][gc,heap     ] GC(1205) Old regions: 139->157
[551.822s][info][gc,heap     ] GC(1205) Humongous regions: 13->13
[551.822s][info][gc,metaspace] GC(1205) Metaspace: 43163K(43520K)->43163K(43520K) NonClass: 40348K(40576K)->40348K(40576K) Class: 2815K(2944K)->2815K(2944K)
[551.822s][info][gc          ] GC(1205) Pause Young (Mixed) (G1 Evacuation Pause) 341M->183M(399M) 34.538ms
[551.822s][info][gc,cpu      ] GC(1205) User=0.06s Sys=0.00s Real=0.03s
[552.718s][info][gc,start    ] GC(1206) Pause Young (Concurrent Start) (G1 Evacuation Pause)
[552.718s][info][gc,task     ] GC(1206) Using 2 workers of 2 for evacuation
[552.745s][info][gc,phases   ] GC(1206)   Pre Evacuate Collection Set: 0.21ms
[552.745s][info][gc,phases   ] GC(1206)   Merge Heap Roots: 0.08ms
[552.745s][info][gc,phases   ] GC(1206)   Evacuate Collection Set: 26.10ms
[552.745s][info][gc,phases   ] GC(1206)   Post Evacuate Collection Set: 0.44ms
[552.745s][info][gc,phases   ] GC(1206)   Other: 0.17ms
[552.745s][info][gc,heap     ] GC(1206) Eden regions: 164->0(150)
[552.745s][info][gc,heap     ] GC(1206) Survivor regions: 14->18(23)
[552.745s][info][gc,heap     ] GC(1206) Old regions: 157->171
[552.745s][info][gc,heap     ] GC(1206) Humongous regions: 13->13
[552.745s][info][gc,metaspace] GC(1206) Metaspace: 43163K(43520K)->43163K(43520K) NonClass: 40348K(40576K)->40348K(40576K) Class: 2815K(2944K)->2815K(2944K)
[552.745s][info][gc          ] GC(1206) Pause Young (Concurrent Start) (G1 Evacuation Pause) 347M->201M(399M) 27.207ms
[552.745s][info][gc,cpu      ] GC(1206) User=0.05s Sys=0.00s Real=0.02s
[552.745s][info][gc          ] GC(1207) Concurrent Mark Cycle
[552.745s][info][gc,marking  ] GC(1207) Concurrent Scan Root Regions
[552.767s][info][gc,marking  ] GC(1207) Concurrent Scan Root Regions 21.611ms
[552.767s][info][gc,marking  ] GC(1207) Concurrent Mark
[552.767s][info][gc,marking  ] GC(1207) Concurrent Mark From Roots
[552.767s][info][gc,task     ] GC(1207) Using 1 workers of 1 for marking
[552.802s][info][gc,marking  ] GC(1207) Concurrent Mark From Roots 35.440ms
[552.802s][info][gc,marking  ] GC(1207) Concurrent Preclean
[552.802s][info][gc,marking  ] GC(1207) Concurrent Preclean 0.033ms
[552.803s][info][gc,start    ] GC(1207) Pause Remark
[552.819s][info][gc          ] GC(1207) Pause Remark 211M->96M(290M) 16.223ms
[552.819s][info][gc,cpu      ] GC(1207) User=0.03s Sys=0.00s Real=0.02s
[552.819s][info][gc,marking  ] GC(1207) Concurrent Mark 51.945ms
[552.819s][info][gc,marking  ] GC(1207) Concurrent Rebuild Remembered Sets and Scrub Regions
[552.840s][info][gc,marking  ] GC(1207) Concurrent Rebuild Remembered Sets and Scrub Regions 21.060ms
[552.840s][info][gc,start    ] GC(1207) Pause Cleanup
[552.840s][info][gc          ] GC(1207) Pause Cleanup 100M->100M(290M) 0.042ms
[552.840s][info][gc,cpu      ] GC(1207) User=0.00s Sys=0.00s Real=0.00s
[552.840s][info][gc,marking  ] GC(1207) Concurrent Clear Claimed Marks
[552.840s][info][gc,marking  ] GC(1207) Concurrent Clear Claimed Marks 0.035ms
[552.840s][info][gc,marking  ] GC(1207) Concurrent Cleanup for Next Mark
[552.841s][info][gc,marking  ] GC(1207) Concurrent Cleanup for Next Mark 0.873ms
[552.841s][info][gc          ] GC(1207) Concurrent Mark Cycle 95.898ms
[553.519s][info][gc,start    ] GC(1208) Pause Young (Prepare Mixed) (G1 Evacuation Pause)
[553.519s][info][gc,task     ] GC(1208) Using 2 workers of 2 for evacuation
[553.536s][info][gc,phases   ] GC(1208)   Pre Evacuate Collection Set: 0.23ms
[553.536s][info][gc,phases   ] GC(1208)   Merge Heap Roots: 0.09ms
[553.536s][info][gc,phases   ] GC(1208)   Evacuate Collection Set: 15.86ms
[553.536s][info][gc,phases   ] GC(1208)   Post Evacuate Collection Set: 0.47ms
[553.536s][info][gc,phases   ] GC(1208)   Other: 0.07ms
[553.536s][info][gc,heap     ] GC(1208) Eden regions: 150->0(156)
[553.536s][info][gc,heap     ] GC(1208) Survivor regions: 18->15(21)
[553.536s][info][gc,heap     ] GC(1208) Old regions: 68->71
[553.536s][info][gc,heap     ] GC(1208) Humongous regions: 1->1
[553.536s][info][gc,metaspace] GC(1208) Metaspace: 43163K(43520K)->43163K(43520K) NonClass: 40348K(40576K)->40348K(40576K) Class: 2815K(2944K)->2815K(2944K)
[553.536s][info][gc          ] GC(1208) Pause Young (Prepare Mixed) (G1 Evacuation Pause) 236M->86M(290M) 16.926ms
[553.536s][info][gc,cpu      ] GC(1208) User=0.04s Sys=0.00s Real=0.01s
[554.387s][info][gc,start    ] GC(1209) Pause Young (Mixed) (G1 Evacuation Pause)
[554.387s][info][gc,task     ] GC(1209) Using 2 workers of 2 for evacuation
[554.414s][info][gc,phases   ] GC(1209)   Pre Evacuate Collection Set: 0.17ms
[554.414s][info][gc,phases   ] GC(1209)   Merge Heap Roots: 0.11ms
[554.414s][info][gc,phases   ] GC(1209)   Evacuate Collection Set: 25.73ms
[554.414s][info][gc,phases   ] GC(1209)   Post Evacuate Collection Set: 0.42ms
[554.414s][info][gc,phases   ] GC(1209)   Other: 0.09ms
[554.414s][info][gc,heap     ] GC(1209) Eden regions: 156->0(152)
[554.414s][info][gc,heap     ] GC(1209) Survivor regions: 15->15(22)
[554.414s][info][gc,heap     ] GC(1209) Old regions: 71->76
[554.414s][info][gc,heap     ] GC(1209) Humongous regions: 2->2
[554.414s][info][gc,metaspace] GC(1209) Metaspace: 43163K(43520K)->43163K(43520K) NonClass: 40348K(40576K)->40348K(40576K) Class: 2815K(2944K)->2815K(2944K)
[554.414s][info][gc          ] GC(1209) Pause Young (Mixed) (G1 Evacuation Pause) 243M->92M(290M) 26.695ms
[554.414s][info][gc,cpu      ] GC(1209) User=0.05s Sys=0.00s Real=0.02s
[555.216s][info][gc,start    ] GC(1210) Pause Young (Concurrent Start) (G1 Evacuation Pause)
[555.216s][info][gc,task     ] GC(1210) Using 2 workers of 2 for evacuation
[555.242s][info][gc,phases   ] GC(1210)   Pre Evacuate Collection Set: 0.18ms
[555.242s][info][gc,phases   ] GC(1210)   Merge Heap Roots: 0.10ms
[555.242s][info][gc,phases   ] GC(1210)   Evacuate Collection Set: 25.31ms
[555.242s][info][gc,phases   ] GC(1210)   Post Evacuate Collection Set: 0.44ms
[555.242s][info][gc,phases   ] GC(1210)   Other: 0.11ms
[555.242s][info][gc,heap     ] GC(1210) Eden regions: 152->0(142)
[555.242s][info][gc,heap     ] GC(1210) Survivor regions: 15->15(21)
[555.242s][info][gc,heap     ] GC(1210) Old regions: 76->90
[555.242s][info][gc,heap     ] GC(1210) Humongous regions: 2->2
[555.243s][info][gc,metaspace] GC(1210) Metaspace: 43163K(43520K)->43163K(43520K) NonClass: 40348K(40576K)->40348K(40576K) Class: 2815K(2944K)->2815K(2944K)
[555.243s][info][gc          ] GC(1210) Pause Young (Concurrent Start) (G1 Evacuation Pause) 244M->106M(290M) 26.345ms
[555.243s][info][gc,cpu      ] GC(1210) User=0.05s Sys=0.00s Real=0.03s
[555.243s][info][gc          ] GC(1211) Concurrent Mark Cycle
[555.243s][info][gc,marking  ] GC(1211) Concurrent Scan Root Regions
[555.260s][info][gc,marking  ] GC(1211) Concurrent Scan Root Regions 17.686ms
[555.260s][info][gc,marking  ] GC(1211) Concurrent Mark
[555.260s][info][gc,marking  ] GC(1211) Concurrent Mark From Roots
[555.260s][info][gc,task     ] GC(1211) Using 1 workers of 1 for marking
[555.300s][info][gc,marking  ] GC(1211) Concurrent Mark From Roots 39.746ms
[555.300s][info][gc,marking  ] GC(1211) Concurrent Preclean
[555.300s][info][gc,marking  ] GC(1211) Concurrent Preclean 0.035ms
[555.300s][info][gc,start    ] GC(1211) Pause Remark
[555.316s][info][gc          ] GC(1211) Pause Remark 113M->104M(290M) 16.261ms
[555.317s][info][gc,cpu      ] GC(1211) User=0.03s Sys=0.00s Real=0.01s
[555.317s][info][gc,marking  ] GC(1211) Concurrent Mark 56.233ms
[555.317s][info][gc,marking  ] GC(1211) Concurrent Rebuild Remembered Sets and Scrub Regions
[555.343s][info][gc,marking  ] GC(1211) Concurrent Rebuild Remembered Sets and Scrub Regions 26.619ms
[555.343s][info][gc,start    ] GC(1211) Pause Cleanup
[555.343s][info][gc          ] GC(1211) Pause Cleanup 110M->110M(290M) 0.048ms
[555.343s][info][gc,cpu      ] GC(1211) User=0.00s Sys=0.00s Real=0.00s
[555.343s][info][gc,marking  ] GC(1211) Concurrent Clear Claimed Marks
[555.343s][info][gc,marking  ] GC(1211) Concurrent Clear Claimed Marks 0.037ms
[555.343s][info][gc,marking  ] GC(1211) Concurrent Cleanup for Next Mark
[555.344s][info][gc,marking  ] GC(1211) Concurrent Cleanup for Next Mark 0.841ms
[555.344s][info][gc          ] GC(1211) Concurrent Mark Cycle 101.788ms
[555.852s][info][gc,start    ] GC(1212) Pause Young (Prepare Mixed) (G1 Evacuation Pause)
[555.852s][info][gc,task     ] GC(1212) Using 2 workers of 2 for evacuation
[555.866s][info][gc,phases   ] GC(1212)   Pre Evacuate Collection Set: 0.20ms
[555.866s][info][gc,phases   ] GC(1212)   Merge Heap Roots: 0.08ms
[555.866s][info][gc,phases   ] GC(1212)   Evacuate Collection Set: 13.26ms
[555.866s][info][gc,phases   ] GC(1212)   Post Evacuate Collection Set: 0.41ms
[555.866s][info][gc,phases   ] GC(1212)   Other: 0.07ms
[555.866s][info][gc,heap     ] GC(1212) Eden regions: 142->0(145)
[555.866s][info][gc,heap     ] GC(1212) Survivor regions: 15->12(20)
[555.866s][info][gc,heap     ] GC(1212) Old regions: 81->87
[555.866s][info][gc,heap     ] GC(1212) Humongous regions: 8->4
[555.866s][info][gc,metaspace] GC(1212) Metaspace: 43163K(43520K)->43163K(43520K) NonClass: 40348K(40576K)->40348K(40576K) Class: 2815K(2944K)->2815K(2944K)
[555.866s][info][gc          ] GC(1212) Pause Young (Prepare Mixed) (G1 Evacuation Pause) 245M->102M(290M) 14.192ms
[555.866s][info][gc,cpu      ] GC(1212) User=0.03s Sys=0.00s Real=0.01s
[556.366s][info][gc,start    ] GC(1213) Pause Young (Mixed) (G1 Evacuation Pause)
[556.366s][info][gc,task     ] GC(1213) Using 2 workers of 2 for evacuation
[556.387s][info][gc,phases   ] GC(1213)   Pre Evacuate Collection Set: 0.17ms
[556.387s][info][gc,phases   ] GC(1213)   Merge Heap Roots: 0.18ms
[556.387s][info][gc,phases   ] GC(1213)   Evacuate Collection Set: 20.07ms
[556.387s][info][gc,phases   ] GC(1213)   Post Evacuate Collection Set: 0.46ms
[556.387s][info][gc,phases   ] GC(1213)   Other: 0.07ms
[556.387s][info][gc,heap     ] GC(1213) Eden regions: 145->0(157)
[556.387s][info][gc,heap     ] GC(1213) Survivor regions: 12->13(20)
[556.387s][info][gc,heap     ] GC(1213) Old regions: 87->70
[556.387s][info][gc,heap     ] GC(1213) Humongous regions: 19->4
[556.387s][info][gc,metaspace] GC(1213) Metaspace: 43163K(43520K)->43163K(43520K) NonClass: 40348K(40576K)->40348K(40576K) Class: 2815K(2944K)->2815K(2944K)
[556.387s][info][gc          ] GC(1213) Pause Young (Mixed) (G1 Evacuation Pause) 262M->86M(290M) 21.149ms
[556.387s][info][gc,cpu      ] GC(1213) User=0.04s Sys=0.00s Real=0.03s
[556.666s][info][gc,start    ] GC(1214) Pause Young (Concurrent Start) (G1 Humongous Allocation)
[556.666s][info][gc,task     ] GC(1214) Using 2 workers of 2 for evacuation
[556.677s][info][gc,phases   ] GC(1214)   Pre Evacuate Collection Set: 0.18ms
[556.677s][info][gc,phases   ] GC(1214)   Merge Heap Roots: 0.04ms
[556.677s][info][gc,phases   ] GC(1214)   Evacuate Collection Set: 10.16ms
[556.677s][info][gc,phases   ] GC(1214)   Post Evacuate Collection Set: 0.37ms
[556.677s][info][gc,phases   ] GC(1214)   Other: 0.10ms
[556.677s][info][gc,heap     ] GC(1214) Eden regions: 72->0(161)
[556.677s][info][gc,heap     ] GC(1214) Survivor regions: 13->8(22)
[556.677s][info][gc,heap     ] GC(1214) Old regions: 70->75
[556.677s][info][gc,heap     ] GC(1214) Humongous regions: 4->4
[556.677s][info][gc,metaspace] GC(1214) Metaspace: 43163K(43520K)->43163K(43520K) NonClass: 40348K(40576K)->40348K(40576K) Class: 2815K(2944K)->2815K(2944K)
[556.677s][info][gc          ] GC(1214) Pause Young (Concurrent Start) (G1 Humongous Allocation) 157M->86M(290M) 11.016ms
[556.677s][info][gc,cpu      ] GC(1214) User=0.02s Sys=0.00s Real=0.02s
[556.677s][info][gc          ] GC(1215) Concurrent Mark Cycle
[556.677s][info][gc,marking  ] GC(1215) Concurrent Scan Root Regions
[556.688s][info][gc,marking  ] GC(1215) Concurrent Scan Root Regions 10.756ms
[556.688s][info][gc,marking  ] GC(1215) Concurrent Mark
[556.688s][info][gc,marking  ] GC(1215) Concurrent Mark From Roots
[556.688s][info][gc,task     ] GC(1215) Using 1 workers of 1 for marking
[556.739s][info][gc,marking  ] GC(1215) Concurrent Mark From Roots 51.248ms
[556.739s][info][gc,marking  ] GC(1215) Concurrent Preclean
[556.739s][info][gc,marking  ] GC(1215) Concurrent Preclean 0.037ms
[556.739s][info][gc,start    ] GC(1215) Pause Remark
[556.755s][info][gc          ] GC(1215) Pause Remark 98M->87M(257M) 16.054ms
[556.755s][info][gc,cpu      ] GC(1215) User=0.03s Sys=0.00s Real=0.01s
[556.755s][info][gc,marking  ] GC(1215) Concurrent Mark 67.514ms
[556.755s][info][gc,marking  ] GC(1215) Concurrent Rebuild Remembered Sets and Scrub Regions
[556.777s][info][gc,marking  ] GC(1215) Concurrent Rebuild Remembered Sets and Scrub Regions 21.965ms
[556.778s][info][gc,start    ] GC(1215) Pause Cleanup
[556.778s][info][gc          ] GC(1215) Pause Cleanup 93M->93M(257M) 0.047ms
[556.778s][info][gc,cpu      ] GC(1215) User=0.00s Sys=0.00s Real=0.00s
[556.778s][info][gc,marking  ] GC(1215) Concurrent Clear Claimed Marks
[556.778s][info][gc,marking  ] GC(1215) Concurrent Clear Claimed Marks 0.037ms
[556.778s][info][gc,marking  ] GC(1215) Concurrent Cleanup for Next Mark
[556.779s][info][gc,marking  ] GC(1215) Concurrent Cleanup for Next Mark 0.880ms
[556.779s][info][gc          ] GC(1215) Concurrent Mark Cycle 101.489ms
[557.254s][info][gc,start    ] GC(1216) Pause Young (Prepare Mixed) (G1 Evacuation Pause)
[557.254s][info][gc,task     ] GC(1216) Using 2 workers of 2 for evacuation
[557.266s][info][gc,phases   ] GC(1216)   Pre Evacuate Collection Set: 0.15ms
[557.266s][info][gc,phases   ] GC(1216)   Merge Heap Roots: 0.10ms
[557.266s][info][gc,phases   ] GC(1216)   Evacuate Collection Set: 11.16ms
[557.266s][info][gc,phases   ] GC(1216)   Post Evacuate Collection Set: 0.44ms
[557.266s][info][gc,phases   ] GC(1216)   Other: 0.07ms
[557.266s][info][gc,heap     ] GC(1216) Eden regions: 146->0(141)
[557.266s][info][gc,heap     ] GC(1216) Survivor regions: 8->13(20)
[557.266s][info][gc,heap     ] GC(1216) Old regions: 65->65
[557.266s][info][gc,heap     ] GC(1216) Humongous regions: 12->3
[557.266s][info][gc,metaspace] GC(1216) Metaspace: 43163K(43520K)->43163K(43520K) NonClass: 40348K(40576K)->40348K(40576K) Class: 2815K(2944K)->2815K(2944K)
[557.266s][info][gc          ] GC(1216) Pause Young (Prepare Mixed) (G1 Evacuation Pause) 230M->80M(257M) 12.104ms
[557.266s][info][gc,cpu      ] GC(1216) User=0.02s Sys=0.00s Real=0.01s
[557.754s][info][gc,start    ] GC(1217) Pause Young (Mixed) (G1 Evacuation Pause)
[557.754s][info][gc,task     ] GC(1217) Using 2 workers of 2 for evacuation
[557.786s][info][gc,phases   ] GC(1217)   Pre Evacuate Collection Set: 0.18ms
[557.786s][info][gc,phases   ] GC(1217)   Merge Heap Roots: 0.11ms
[557.786s][info][gc,phases   ] GC(1217)   Evacuate Collection Set: 31.16ms
[557.786s][info][gc,phases   ] GC(1217)   Post Evacuate Collection Set: 0.53ms
[557.786s][info][gc,phases   ] GC(1217)   Other: 0.09ms
[557.786s][info][gc,heap     ] GC(1217) Eden regions: 141->0(130)
[557.786s][info][gc,heap     ] GC(1217) Survivor regions: 13->20(20)
[557.786s][info][gc,heap     ] GC(1217) Old regions: 65->62
[557.786s][info][gc,heap     ] GC(1217) Humongous regions: 5->3
[557.786s][info][gc,metaspace] GC(1217) Metaspace: 43163K(43520K)->43163K(43520K) NonClass: 40348K(40576K)->40348K(40576K) Class: 2815K(2944K)->2815K(2944K)
[557.786s][info][gc          ] GC(1217) Pause Young (Mixed) (G1 Evacuation Pause) 223M->84M(257M) 32.233ms
[557.786s][info][gc,cpu      ] GC(1217) User=0.06s Sys=0.00s Real=0.03s
[558.025s][info][gc,start    ] GC(1218) Pause Young (Concurrent Start) (G1 Humongous Allocation)
[558.025s][info][gc,task     ] GC(1218) Using 2 workers of 2 for evacuation
[558.049s][info][gc,phases   ] GC(1218)   Pre Evacuate Collection Set: 0.16ms
[558.049s][info][gc,phases   ] GC(1218)   Merge Heap Roots: 0.17ms
[558.049s][info][gc,phases   ] GC(1218)   Evacuate Collection Set: 22.43ms
[558.049s][info][gc,phases   ] GC(1218)   Post Evacuate Collection Set: 0.35ms
[558.049s][info][gc,phases   ] GC(1218)   Other: 0.13ms
[558.049s][info][gc,heap     ] GC(1218) Eden regions: 61->0(132)
[558.049s][info][gc,heap     ] GC(1218) Survivor regions: 20->8(19)
[558.049s][info][gc,heap     ] GC(1218) Old regions: 62->77
[558.049s][info][gc,heap     ] GC(1218) Humongous regions: 3->1
[558.049s][info][gc,metaspace] GC(1218) Metaspace: 43165K(43520K)->43165K(43520K) NonClass: 40350K(40576K)->40350K(40576K) Class: 2815K(2944K)->2815K(2944K)
[558.049s][info][gc          ] GC(1218) Pause Young (Concurrent Start) (G1 Humongous Allocation) 145M->85M(257M) 23.429ms
[558.049s][info][gc,cpu      ] GC(1218) User=0.05s Sys=0.00s Real=0.03s
[558.049s][info][gc          ] GC(1219) Concurrent Mark Cycle
[558.049s][info][gc,marking  ] GC(1219) Concurrent Scan Root Regions
[558.070s][info][gc,marking  ] GC(1219) Concurrent Scan Root Regions 20.933ms
[558.070s][info][gc,marking  ] GC(1219) Concurrent Mark
[558.070s][info][gc,marking  ] GC(1219) Concurrent Mark From Roots
[558.070s][info][gc,task     ] GC(1219) Using 1 workers of 1 for marking
[558.131s][info][gc,marking  ] GC(1219) Concurrent Mark From Roots 60.912ms
[558.131s][info][gc,marking  ] GC(1219) Concurrent Preclean
[558.131s][info][gc,marking  ] GC(1219) Concurrent Preclean 0.037ms
[558.134s][info][gc,start    ] GC(1219) Pause Remark
[558.162s][info][gc          ] GC(1219) Pause Remark 108M->108M(257M) 27.982ms
[558.162s][info][gc,cpu      ] GC(1219) User=0.04s Sys=0.00s Real=0.03s
[558.162s][info][gc,marking  ] GC(1219) Concurrent Mark 92.639ms
[558.163s][info][gc,marking  ] GC(1219) Concurrent Rebuild Remembered Sets and Scrub Regions
[558.200s][info][gc,marking  ] GC(1219) Concurrent Rebuild Remembered Sets and Scrub Regions 37.674ms
[558.200s][info][gc,start    ] GC(1219) Pause Cleanup
[558.200s][info][gc          ] GC(1219) Pause Cleanup 108M->108M(257M) 0.056ms
[558.200s][info][gc,cpu      ] GC(1219) User=0.00s Sys=0.00s Real=0.00s
[558.200s][info][gc,marking  ] GC(1219) Concurrent Clear Claimed Marks
[558.200s][info][gc,marking  ] GC(1219) Concurrent Clear Claimed Marks 0.042ms
[558.201s][info][gc,marking  ] GC(1219) Concurrent Cleanup for Next Mark
[558.201s][info][gc,marking  ] GC(1219) Concurrent Cleanup for Next Mark 0.769ms
[558.201s][info][gc          ] GC(1219) Concurrent Mark Cycle 152.485ms
[558.627s][info][gc,start    ] GC(1220) Pause Young (Prepare Mixed) (G1 Evacuation Pause)
[558.627s][info][gc,task     ] GC(1220) Using 2 workers of 2 for evacuation
[558.641s][info][gc,phases   ] GC(1220)   Pre Evacuate Collection Set: 0.15ms
[558.641s][info][gc,phases   ] GC(1220)   Merge Heap Roots: 0.11ms
[558.641s][info][gc,phases   ] GC(1220)   Evacuate Collection Set: 13.01ms
[558.641s][info][gc,phases   ] GC(1220)   Post Evacuate Collection Set: 0.42ms
[558.641s][info][gc,phases   ] GC(1220)   Other: 0.07ms
[558.641s][info][gc,heap     ] GC(1220) Eden regions: 132->0(126)
[558.641s][info][gc,heap     ] GC(1220) Survivor regions: 8->16(18)
[558.641s][info][gc,heap     ] GC(1220) Old regions: 77->77
[558.641s][info][gc,heap     ] GC(1220) Humongous regions: 15->3
[558.641s][info][gc,metaspace] GC(1220) Metaspace: 43179K(43584K)->43179K(43584K) NonClass: 40363K(40640K)->40363K(40640K) Class: 2815K(2944K)->2815K(2944K)
[558.641s][info][gc          ] GC(1220) Pause Young (Prepare Mixed) (G1 Evacuation Pause) 231M->94M(257M) 13.919ms
[558.641s][info][gc,cpu      ] GC(1220) User=0.02s Sys=0.00s Real=0.01s
[559.040s][info][gc,start    ] GC(1221) Pause Young (Mixed) (G1 Evacuation Pause)
[559.040s][info][gc,task     ] GC(1221) Using 2 workers of 2 for evacuation
[559.061s][info][gc,phases   ] GC(1221)   Pre Evacuate Collection Set: 0.21ms
[559.061s][info][gc,phases   ] GC(1221)   Merge Heap Roots: 0.19ms
[559.061s][info][gc,phases   ] GC(1221)   Evacuate Collection Set: 20.27ms
[559.061s][info][gc,phases   ] GC(1221)   Post Evacuate Collection Set: 0.49ms
[559.061s][info][gc,phases   ] GC(1221)   Other: 0.08ms
[559.061s][info][gc,heap     ] GC(1221) Eden regions: 126->0(134)
[559.061s][info][gc,heap     ] GC(1221) Survivor regions: 16->8(18)
[559.061s][info][gc,heap     ] GC(1221) Old regions: 77->78
[559.061s][info][gc,heap     ] GC(1221) Humongous regions: 13->3
[559.061s][info][gc,metaspace] GC(1221) Metaspace: 43179K(43584K)->43179K(43584K) NonClass: 40363K(40640K)->40363K(40640K) Class: 2815K(2944K)->2815K(2944K)
[559.061s][info][gc          ] GC(1221) Pause Young (Mixed) (G1 Evacuation Pause) 230M->89M(257M) 21.435ms
[559.061s][info][gc,cpu      ] GC(1221) User=0.04s Sys=0.00s Real=0.02s
[559.203s][info][gc,start    ] GC(1222) Pause Young (Concurrent Start) (G1 Humongous Allocation)
[559.204s][info][gc,task     ] GC(1222) Using 2 workers of 2 for evacuation
[559.206s][info][gc,phases   ] GC(1222)   Pre Evacuate Collection Set: 0.19ms
[559.206s][info][gc,phases   ] GC(1222)   Merge Heap Roots: 0.05ms
[559.206s][info][gc,phases   ] GC(1222)   Evacuate Collection Set: 1.84ms
[559.206s][info][gc,phases   ] GC(1222)   Post Evacuate Collection Set: 0.33ms
[559.206s][info][gc,phases   ] GC(1222)   Other: 0.07ms
[559.206s][info][gc,heap     ] GC(1222) Eden regions: 36->0(146)
[559.206s][info][gc,heap     ] GC(1222) Survivor regions: 8->2(18)
[559.206s][info][gc,heap     ] GC(1222) Old regions: 78->78
[559.206s][info][gc,heap     ] GC(1222) Humongous regions: 3->1
[559.206s][info][gc,metaspace] GC(1222) Metaspace: 43179K(43584K)->43179K(43584K) NonClass: 40363K(40640K)->40363K(40640K) Class: 2815K(2944K)->2815K(2944K)
[559.206s][info][gc          ] GC(1222) Pause Young (Concurrent Start) (G1 Humongous Allocation) 125M->81M(257M) 2.633ms
[559.206s][info][gc,cpu      ] GC(1222) User=0.00s Sys=0.00s Real=0.00s
[559.206s][info][gc          ] GC(1223) Concurrent Mark Cycle
[559.206s][info][gc,marking  ] GC(1223) Concurrent Scan Root Regions
[559.211s][info][gc,marking  ] GC(1223) Concurrent Scan Root Regions 4.910ms
[559.211s][info][gc,marking  ] GC(1223) Concurrent Mark
[559.211s][info][gc,marking  ] GC(1223) Concurrent Mark From Roots
[559.211s][info][gc,task     ] GC(1223) Using 1 workers of 1 for marking
[559.258s][info][gc,marking  ] GC(1223) Concurrent Mark From Roots 46.914ms
[559.258s][info][gc,marking  ] GC(1223) Concurrent Preclean
[559.258s][info][gc,marking  ] GC(1223) Concurrent Preclean 0.036ms
[559.258s][info][gc,start    ] GC(1223) Pause Remark
[559.274s][info][gc          ] GC(1223) Pause Remark 96M->83M(256M) 16.022ms
[559.274s][info][gc,cpu      ] GC(1223) User=0.03s Sys=0.00s Real=0.01s
[559.274s][info][gc,marking  ] GC(1223) Concurrent Mark 63.226ms
[559.274s][info][gc,marking  ] GC(1223) Concurrent Rebuild Remembered Sets and Scrub Regions
[559.296s][info][gc,marking  ] GC(1223) Concurrent Rebuild Remembered Sets and Scrub Regions 21.608ms
[559.296s][info][gc,start    ] GC(1223) Pause Cleanup
[559.296s][info][gc          ] GC(1223) Pause Cleanup 88M->88M(256M) 0.047ms
[559.296s][info][gc,cpu      ] GC(1223) User=0.00s Sys=0.00s Real=0.00s
[559.296s][info][gc,marking  ] GC(1223) Concurrent Clear Claimed Marks
[559.296s][info][gc,marking  ] GC(1223) Concurrent Clear Claimed Marks 0.036ms
[559.296s][info][gc,marking  ] GC(1223) Concurrent Cleanup for Next Mark
[559.297s][info][gc,marking  ] GC(1223) Concurrent Cleanup for Next Mark 0.754ms
[559.297s][info][gc          ] GC(1223) Concurrent Mark Cycle 90.857ms
[559.746s][info][gc,start    ] GC(1224) Pause Young (Prepare Mixed) (G1 Evacuation Pause)
[559.746s][info][gc,task     ] GC(1224) Using 2 workers of 2 for evacuation
[559.753s][info][gc,phases   ] GC(1224)   Pre Evacuate Collection Set: 0.16ms
[559.753s][info][gc,phases   ] GC(1224)   Merge Heap Roots: 0.06ms
[559.753s][info][gc,phases   ] GC(1224)   Evacuate Collection Set: 6.05ms
[559.753s][info][gc,phases   ] GC(1224)   Post Evacuate Collection Set: 0.42ms
[559.753s][info][gc,phases   ] GC(1224)   Other: 0.07ms
[559.753s][info][gc,heap     ] GC(1224) Eden regions: 146->0(144)
[559.753s][info][gc,heap     ] GC(1224) Survivor regions: 2->9(19)
[559.753s][info][gc,heap     ] GC(1224) Old regions: 65->65
[559.753s][info][gc,heap     ] GC(1224) Humongous regions: 15->3
[559.753s][info][gc,metaspace] GC(1224) Metaspace: 43179K(43584K)->43179K(43584K) NonClass: 40363K(40640K)->40363K(40640K) Class: 2815K(2944K)->2815K(2944K)
[559.753s][info][gc          ] GC(1224) Pause Young (Prepare Mixed) (G1 Evacuation Pause) 227M->77M(256M) 6.916ms
[559.753s][info][gc,cpu      ] GC(1224) User=0.02s Sys=0.00s Real=0.01s
[560.261s][info][gc,start    ] GC(1225) Pause Young (Mixed) (G1 Evacuation Pause)
[560.261s][info][gc,task     ] GC(1225) Using 2 workers of 2 for evacuation
[560.288s][info][gc,phases   ] GC(1225)   Pre Evacuate Collection Set: 0.17ms
[560.288s][info][gc,phases   ] GC(1225)   Merge Heap Roots: 0.15ms
[560.288s][info][gc,phases   ] GC(1225)   Evacuate Collection Set: 25.59ms
[560.288s][info][gc,phases   ] GC(1225)   Post Evacuate Collection Set: 0.56ms
[560.288s][info][gc,phases   ] GC(1225)   Other: 0.07ms
[560.288s][info][gc,heap     ] GC(1225) Eden regions: 144->0(133)
[560.288s][info][gc,heap     ] GC(1225) Survivor regions: 9->20(20)
[560.288s][info][gc,heap     ] GC(1225) Old regions: 65->51
[560.288s][info][gc,heap     ] GC(1225) Humongous regions: 3->3
[560.288s][info][gc,metaspace] GC(1225) Metaspace: 43179K(43584K)->43179K(43584K) NonClass: 40363K(40640K)->40363K(40640K) Class: 2815K(2944K)->2815K(2944K)
[560.288s][info][gc          ] GC(1225) Pause Young (Mixed) (G1 Evacuation Pause) 221M->73M(256M) 26.721ms
[560.288s][info][gc,cpu      ] GC(1225) User=0.05s Sys=0.00s Real=0.03s
[560.818s][info][gc,start    ] GC(1226) Pause Young (Concurrent Start) (G1 Evacuation Pause)
[560.818s][info][gc,task     ] GC(1226) Using 2 workers of 2 for evacuation
[560.872s][info][gc,phases   ] GC(1226)   Pre Evacuate Collection Set: 0.19ms
[560.872s][info][gc,phases   ] GC(1226)   Merge Heap Roots: 0.18ms
[560.872s][info][gc,phases   ] GC(1226)   Evacuate Collection Set: 52.49ms
[560.872s][info][gc,phases   ] GC(1226)   Post Evacuate Collection Set: 0.60ms
[560.872s][info][gc,phases   ] GC(1226)   Other: 0.10ms
[560.872s][info][gc,heap     ] GC(1226) Eden regions: 133->0(140)
[560.872s][info][gc,heap     ] GC(1226) Survivor regions: 20->11(20)
[560.872s][info][gc,heap     ] GC(1226) Old regions: 51->62
[560.872s][info][gc,heap     ] GC(1226) Humongous regions: 3->3
[560.872s][info][gc,metaspace] GC(1226) Metaspace: 43179K(43584K)->43179K(43584K) NonClass: 40364K(40640K)->40364K(40640K) Class: 2815K(2944K)->2815K(2944K)
[560.872s][info][gc          ] GC(1226) Pause Young (Concurrent Start) (G1 Evacuation Pause) 206M->75M(256M) 53.782ms
[560.872s][info][gc,cpu      ] GC(1226) User=0.05s Sys=0.00s Real=0.05s
[560.872s][info][gc          ] GC(1227) Concurrent Mark Cycle
[560.872s][info][gc,marking  ] GC(1227) Concurrent Scan Root Regions
[560.907s][info][gc,marking  ] GC(1227) Concurrent Scan Root Regions 34.850ms
[560.907s][info][gc,marking  ] GC(1227) Concurrent Mark
[560.907s][info][gc,marking  ] GC(1227) Concurrent Mark From Roots
[560.907s][info][gc,task     ] GC(1227) Using 1 workers of 1 for marking
[560.975s][info][gc,marking  ] GC(1227) Concurrent Mark From Roots 67.689ms
[560.975s][info][gc,marking  ] GC(1227) Concurrent Preclean
[560.975s][info][gc,marking  ] GC(1227) Concurrent Preclean 0.038ms
[560.976s][info][gc,start    ] GC(1227) Pause Remark
[560.992s][info][gc          ] GC(1227) Pause Remark 93M->93M(256M) 15.918ms
[560.992s][info][gc,cpu      ] GC(1227) User=0.03s Sys=0.00s Real=0.02s
[560.992s][info][gc,marking  ] GC(1227) Concurrent Mark 84.759ms
[560.992s][info][gc,marking  ] GC(1227) Concurrent Rebuild Remembered Sets and Scrub Regions
[561.027s][info][gc,marking  ] GC(1227) Concurrent Rebuild Remembered Sets and Scrub Regions 35.073ms
[561.027s][info][gc,start    ] GC(1227) Pause Cleanup
[561.027s][info][gc          ] GC(1227) Pause Cleanup 101M->101M(256M) 0.045ms
[561.027s][info][gc,cpu      ] GC(1227) User=0.00s Sys=0.00s Real=0.00s
[561.027s][info][gc,marking  ] GC(1227) Concurrent Clear Claimed Marks
[561.027s][info][gc,marking  ] GC(1227) Concurrent Clear Claimed Marks 0.037ms
[561.027s][info][gc,marking  ] GC(1227) Concurrent Cleanup for Next Mark
[561.028s][info][gc,marking  ] GC(1227) Concurrent Cleanup for Next Mark 0.765ms
[561.028s][info][gc          ] GC(1227) Concurrent Mark Cycle 155.808ms
[561.402s][info][gc,start    ] GC(1228) Pause Young (Prepare Mixed) (G1 Evacuation Pause)
[561.403s][info][gc,task     ] GC(1228) Using 2 workers of 2 for evacuation
[561.429s][info][gc,phases   ] GC(1228)   Pre Evacuate Collection Set: 0.17ms
[561.429s][info][gc,phases   ] GC(1228)   Merge Heap Roots: 0.14ms
[561.429s][info][gc,phases   ] GC(1228)   Evacuate Collection Set: 25.69ms
[561.429s][info][gc,phases   ] GC(1228)   Post Evacuate Collection Set: 0.47ms
[561.429s][info][gc,phases   ] GC(1228)   Other: 0.08ms
[561.429s][info][gc,heap     ] GC(1228) Eden regions: 140->0(124)
[561.429s][info][gc,heap     ] GC(1228) Survivor regions: 11->17(19)
[561.429s][info][gc,heap     ] GC(1228) Old regions: 62->73
[561.429s][info][gc,heap     ] GC(1228) Humongous regions: 7->3
[561.429s][info][gc,metaspace] GC(1228) Metaspace: 43180K(43584K)->43180K(43584K) NonClass: 40364K(40640K)->40364K(40640K) Class: 2815K(2944K)->2815K(2944K)
[561.429s][info][gc          ] GC(1228) Pause Young (Prepare Mixed) (G1 Evacuation Pause) 219M->92M(256M) 26.716ms
[561.429s][info][gc,cpu      ] GC(1228) User=0.05s Sys=0.00s Real=0.03s
[561.835s][info][gc,start    ] GC(1229) Pause Young (Mixed) (G1 Evacuation Pause)
[561.835s][info][gc,task     ] GC(1229) Using 2 workers of 2 for evacuation
[561.854s][info][gc,phases   ] GC(1229)   Pre Evacuate Collection Set: 1.12ms
[561.854s][info][gc,phases   ] GC(1229)   Merge Heap Roots: 0.10ms
[561.854s][info][gc,phases   ] GC(1229)   Evacuate Collection Set: 16.96ms
[561.854s][info][gc,phases   ] GC(1229)   Post Evacuate Collection Set: 0.66ms
[561.854s][info][gc,phases   ] GC(1229)   Other: 0.08ms
[561.854s][info][gc,heap     ] GC(1229) Eden regions: 124->0(155)
[561.854s][info][gc,heap     ] GC(1229) Survivor regions: 17->7(18)
[561.854s][info][gc,heap     ] GC(1229) Old regions: 73->76
[561.854s][info][gc,heap     ] GC(1229) Humongous regions: 11->3
[561.854s][info][gc,metaspace] GC(1229) Metaspace: 43180K(43584K)->43180K(43584K) NonClass: 40364K(40640K)->40364K(40640K) Class: 2815K(2944K)->2815K(2944K)
[561.854s][info][gc          ] GC(1229) Pause Young (Mixed) (G1 Evacuation Pause) 224M->85M(288M) 19.105ms
[561.855s][info][gc,cpu      ] GC(1229) User=0.02s Sys=0.00s Real=0.02s
[561.960s][info][gc,start    ] GC(1230) Pause Young (Concurrent Start) (G1 Humongous Allocation)
[561.960s][info][gc,task     ] GC(1230) Using 2 workers of 2 for evacuation
[561.962s][info][gc,phases   ] GC(1230)   Pre Evacuate Collection Set: 0.17ms
[561.962s][info][gc,phases   ] GC(1230)   Merge Heap Roots: 0.04ms
[561.962s][info][gc,phases   ] GC(1230)   Evacuate Collection Set: 1.74ms
[561.962s][info][gc,phases   ] GC(1230)   Post Evacuate Collection Set: 0.28ms
[561.962s][info][gc,phases   ] GC(1230)   Other: 0.08ms
[561.962s][info][gc,heap     ] GC(1230) Eden regions: 23->0(167)
[561.962s][info][gc,heap     ] GC(1230) Survivor regions: 7->2(21)
[561.962s][info][gc,heap     ] GC(1230) Old regions: 76->76
[561.962s][info][gc,heap     ] GC(1230) Humongous regions: 3->1
[561.962s][info][gc,metaspace] GC(1230) Metaspace: 43180K(43584K)->43180K(43584K) NonClass: 40364K(40640K)->40364K(40640K) Class: 2815K(2944K)->2815K(2944K)
[561.962s][info][gc          ] GC(1230) Pause Young (Concurrent Start) (G1 Humongous Allocation) 108M->78M(288M) 2.459ms
[561.962s][info][gc,cpu      ] GC(1230) User=0.00s Sys=0.00s Real=0.00s
[561.962s][info][gc          ] GC(1231) Concurrent Mark Cycle
[561.962s][info][gc,marking  ] GC(1231) Concurrent Scan Root Regions
[561.964s][info][gc,marking  ] GC(1231) Concurrent Scan Root Regions 1.292ms
[561.964s][info][gc,marking  ] GC(1231) Concurrent Mark
[561.964s][info][gc,marking  ] GC(1231) Concurrent Mark From Roots
[561.964s][info][gc,task     ] GC(1231) Using 1 workers of 1 for marking
[562.020s][info][gc,marking  ] GC(1231) Concurrent Mark From Roots 56.044ms
[562.020s][info][gc,marking  ] GC(1231) Concurrent Preclean
[562.020s][info][gc,marking  ] GC(1231) Concurrent Preclean 0.032ms
[562.020s][info][gc,start    ] GC(1231) Pause Remark
[562.036s][info][gc          ] GC(1231) Pause Remark 98M->91M(256M) 15.798ms
[562.036s][info][gc,cpu      ] GC(1231) User=0.03s Sys=0.00s Real=0.01s
[562.036s][info][gc,marking  ] GC(1231) Concurrent Mark 72.150ms
[562.036s][info][gc,marking  ] GC(1231) Concurrent Rebuild Remembered Sets and Scrub Regions
[562.056s][info][gc,marking  ] GC(1231) Concurrent Rebuild Remembered Sets and Scrub Regions 20.089ms
[562.056s][info][gc,start    ] GC(1231) Pause Cleanup
[562.056s][info][gc          ] GC(1231) Pause Cleanup 95M->95M(256M) 0.047ms
[562.056s][info][gc,cpu      ] GC(1231) User=0.00s Sys=0.00s Real=0.00s
[562.056s][info][gc,marking  ] GC(1231) Concurrent Clear Claimed Marks
[562.056s][info][gc,marking  ] GC(1231) Concurrent Clear Claimed Marks 0.035ms
[562.056s][info][gc,marking  ] GC(1231) Concurrent Cleanup for Next Mark
[562.057s][info][gc,marking  ] GC(1231) Concurrent Cleanup for Next Mark 0.857ms
[562.057s][info][gc          ] GC(1231) Concurrent Mark Cycle 94.747ms
[562.527s][info][gc,start    ] GC(1232) Pause Young (Prepare Mixed) (G1 Evacuation Pause)
[562.527s][info][gc,task     ] GC(1232) Using 2 workers of 2 for evacuation
[562.541s][info][gc,phases   ] GC(1232)   Pre Evacuate Collection Set: 0.18ms
[562.541s][info][gc,phases   ] GC(1232)   Merge Heap Roots: 0.06ms
[562.541s][info][gc,phases   ] GC(1232)   Evacuate Collection Set: 13.26ms
[562.541s][info][gc,phases   ] GC(1232)   Post Evacuate Collection Set: 0.41ms
[562.541s][info][gc,phases   ] GC(1232)   Other: 0.07ms
[562.541s][info][gc,heap     ] GC(1232) Eden regions: 151->0(134)
[562.541s][info][gc,heap     ] GC(1232) Survivor regions: 2->14(20)
[562.541s][info][gc,heap     ] GC(1232) Old regions: 69->69
[562.541s][info][gc,heap     ] GC(1232) Humongous regions: 5->3
[562.541s][info][gc,metaspace] GC(1232) Metaspace: 43180K(43584K)->43180K(43584K) NonClass: 40364K(40640K)->40364K(40640K) Class: 2815K(2944K)->2815K(2944K)
[562.541s][info][gc          ] GC(1232) Pause Young (Prepare Mixed) (G1 Evacuation Pause) 226M->85M(256M) 14.190ms
[562.541s][info][gc,cpu      ] GC(1232) User=0.03s Sys=0.00s Real=0.02s
[562.996s][info][gc,start    ] GC(1233) Pause Young (Mixed) (G1 Evacuation Pause)
[562.996s][info][gc,task     ] GC(1233) Using 2 workers of 2 for evacuation
[563.001s][info][gc,phases   ] GC(1233)   Pre Evacuate Collection Set: 0.16ms
[563.001s][info][gc,phases   ] GC(1233)   Merge Heap Roots: 0.07ms
[563.001s][info][gc,phases   ] GC(1233)   Evacuate Collection Set: 4.00ms
[563.001s][info][gc,phases   ] GC(1233)   Post Evacuate Collection Set: 0.43ms
[563.001s][info][gc,phases   ] GC(1233)   Other: 0.10ms
[563.001s][info][gc,heap     ] GC(1233) Eden regions: 134->0(152)
[563.001s][info][gc,heap     ] GC(1233) Survivor regions: 14->1(19)
[563.001s][info][gc,heap     ] GC(1233) Old regions: 69->52
[563.001s][info][gc,heap     ] GC(1233) Humongous regions: 11->3
[563.001s][info][gc,metaspace] GC(1233) Metaspace: 43180K(43584K)->43180K(43584K) NonClass: 40364K(40640K)->40364K(40640K) Class: 2815K(2944K)->2815K(2944K)
[563.001s][info][gc          ] GC(1233) Pause Young (Mixed) (G1 Evacuation Pause) 227M->55M(256M) 4.910ms
[563.001s][info][gc,cpu      ] GC(1233) User=0.01s Sys=0.00s Real=0.01s
[563.195s][info][gc,start    ] GC(1234) Pause Young (Concurrent Start) (G1 Humongous Allocation)
[563.195s][info][gc,task     ] GC(1234) Using 2 workers of 2 for evacuation
[563.198s][info][gc,phases   ] GC(1234)   Pre Evacuate Collection Set: 0.22ms
[563.198s][info][gc,phases   ] GC(1234)   Merge Heap Roots: 0.07ms
[563.198s][info][gc,phases   ] GC(1234)   Evacuate Collection Set: 2.46ms
[563.198s][info][gc,phases   ] GC(1234)   Post Evacuate Collection Set: 0.31ms
[563.198s][info][gc,phases   ] GC(1234)   Other: 0.10ms
[563.198s][info][gc,heap     ] GC(1234) Eden regions: 63->0(151)
[563.198s][info][gc,heap     ] GC(1234) Survivor regions: 1->2(20)
[563.198s][info][gc,heap     ] GC(1234) Old regions: 52->52
[563.198s][info][gc,heap     ] GC(1234) Humongous regions: 3->1
[563.198s][info][gc,metaspace] GC(1234) Metaspace: 43180K(43584K)->43180K(43584K) NonClass: 40364K(40640K)->40364K(40640K) Class: 2815K(2944K)->2815K(2944K)
[563.198s][info][gc          ] GC(1234) Pause Young (Concurrent Start) (G1 Humongous Allocation) 118M->53M(256M) 3.316ms
[563.198s][info][gc,cpu      ] GC(1234) User=0.01s Sys=0.00s Real=0.01s
[563.198s][info][gc          ] GC(1235) Concurrent Mark Cycle
[563.198s][info][gc,marking  ] GC(1235) Concurrent Scan Root Regions
[563.200s][info][gc,marking  ] GC(1235) Concurrent Scan Root Regions 2.141ms
[563.200s][info][gc,marking  ] GC(1235) Concurrent Mark
[563.200s][info][gc,marking  ] GC(1235) Concurrent Mark From Roots
[563.200s][info][gc,task     ] GC(1235) Using 1 workers of 1 for marking
[563.267s][info][gc,marking  ] GC(1235) Concurrent Mark From Roots 66.762ms
[563.267s][info][gc,marking  ] GC(1235) Concurrent Preclean
[563.267s][info][gc,marking  ] GC(1235) Concurrent Preclean 0.032ms
[563.267s][info][gc,start    ] GC(1235) Pause Remark
[563.283s][info][gc          ] GC(1235) Pause Remark 81M->81M(256M) 16.059ms
[563.283s][info][gc,cpu      ] GC(1235) User=0.03s Sys=0.00s Real=0.01s
[563.283s][info][gc,marking  ] GC(1235) Concurrent Mark 83.124ms
[563.283s][info][gc,marking  ] GC(1235) Concurrent Rebuild Remembered Sets and Scrub Regions
[563.306s][info][gc,marking  ] GC(1235) Concurrent Rebuild Remembered Sets and Scrub Regions 22.660ms
[563.306s][info][gc,start    ] GC(1235) Pause Cleanup
[563.306s][info][gc          ] GC(1235) Pause Cleanup 87M->87M(256M) 0.041ms
[563.306s][info][gc,cpu      ] GC(1235) User=0.00s Sys=0.00s Real=0.00s
[563.306s][info][gc,marking  ] GC(1235) Concurrent Clear Claimed Marks
[563.306s][info][gc,marking  ] GC(1235) Concurrent Clear Claimed Marks 0.035ms
[563.306s][info][gc,marking  ] GC(1235) Concurrent Cleanup for Next Mark
[563.307s][info][gc,marking  ] GC(1235) Concurrent Cleanup for Next Mark 0.776ms
[563.307s][info][gc          ] GC(1235) Concurrent Mark Cycle 109.031ms
[563.737s][info][gc,start    ] GC(1236) Pause Young (Prepare Mixed) (G1 Evacuation Pause)
[563.737s][info][gc,task     ] GC(1236) Using 2 workers of 2 for evacuation
[563.747s][info][gc,phases   ] GC(1236)   Pre Evacuate Collection Set: 0.15ms
[563.747s][info][gc,phases   ] GC(1236)   Merge Heap Roots: 0.06ms
[563.747s][info][gc,phases   ] GC(1236)   Evacuate Collection Set: 8.96ms
[563.747s][info][gc,phases   ] GC(1236)   Post Evacuate Collection Set: 0.44ms
[563.747s][info][gc,phases   ] GC(1236)   Other: 0.07ms
[563.747s][info][gc,heap     ] GC(1236) Eden regions: 151->0(142)
[563.747s][info][gc,heap     ] GC(1236) Survivor regions: 2->11(20)
[563.747s][info][gc,heap     ] GC(1236) Old regions: 52->52
[563.747s][info][gc,heap     ] GC(1236) Humongous regions: 5->3
[563.747s][info][gc,metaspace] GC(1236) Metaspace: 43180K(43584K)->43180K(43584K) NonClass: 40364K(40640K)->40364K(40640K) Class: 2815K(2944K)->2815K(2944K)
[563.747s][info][gc          ] GC(1236) Pause Young (Prepare Mixed) (G1 Evacuation Pause) 208M->65M(256M) 9.838ms
[563.747s][info][gc,cpu      ] GC(1236) User=0.02s Sys=0.00s Real=0.01s
[564.260s][info][gc,start    ] GC(1237) Pause Young (Mixed) (G1 Evacuation Pause)
[564.260s][info][gc,task     ] GC(1237) Using 2 workers of 2 for evacuation
[564.274s][info][gc,phases   ] GC(1237)   Pre Evacuate Collection Set: 0.17ms
[564.274s][info][gc,phases   ] GC(1237)   Merge Heap Roots: 0.11ms
[564.274s][info][gc,phases   ] GC(1237)   Evacuate Collection Set: 13.94ms
[564.274s][info][gc,phases   ] GC(1237)   Post Evacuate Collection Set: 0.46ms
[564.274s][info][gc,phases   ] GC(1237)   Other: 0.07ms
[564.274s][info][gc,heap     ] GC(1237) Eden regions: 142->0(140)
[564.274s][info][gc,heap     ] GC(1237) Survivor regions: 11->13(20)
[564.274s][info][gc,heap     ] GC(1237) Old regions: 52->50
[564.274s][info][gc,heap     ] GC(1237) Humongous regions: 9->3
[564.274s][info][gc,metaspace] GC(1237) Metaspace: 43180K(43584K)->43180K(43584K) NonClass: 40364K(40640K)->40364K(40640K) Class: 2815K(2944K)->2815K(2944K)
[564.274s][info][gc          ] GC(1237) Pause Young (Mixed) (G1 Evacuation Pause) 213M->64M(256M) 14.913ms
[564.274s][info][gc,cpu      ] GC(1237) User=0.03s Sys=0.00s Real=0.01s
[564.626s][info][gc,start    ] GC(1238) Pause Young (Concurrent Start) (G1 Evacuation Pause)
[564.626s][info][gc,task     ] GC(1238) Using 2 workers of 2 for evacuation
[564.662s][info][gc,phases   ] GC(1238)   Pre Evacuate Collection Set: 0.17ms
[564.662s][info][gc,phases   ] GC(1238)   Merge Heap Roots: 0.06ms
[564.662s][info][gc,phases   ] GC(1238)   Evacuate Collection Set: 35.38ms
[564.662s][info][gc,phases   ] GC(1238)   Post Evacuate Collection Set: 0.45ms
[564.662s][info][gc,phases   ] GC(1238)   Other: 0.12ms
[564.662s][info][gc,heap     ] GC(1238) Eden regions: 140->0(119)
[564.662s][info][gc,heap     ] GC(1238) Survivor regions: 13->20(20)
[564.663s][info][gc,heap     ] GC(1238) Old regions: 50->71
[564.663s][info][gc,heap     ] GC(1238) Humongous regions: 3->3
[564.663s][info][gc,metaspace] GC(1238) Metaspace: 43180K(43584K)->43180K(43584K) NonClass: 40364K(40640K)->40364K(40640K) Class: 2815K(2944K)->2815K(2944K)
[564.663s][info][gc          ] GC(1238) Pause Young (Concurrent Start) (G1 Evacuation Pause) 204M->93M(256M) 36.338ms
[564.663s][info][gc,cpu      ] GC(1238) User=0.07s Sys=0.00s Real=0.04s
[564.663s][info][gc          ] GC(1239) Concurrent Mark Cycle
[564.663s][info][gc,marking  ] GC(1239) Concurrent Scan Root Regions
[564.696s][info][gc,marking  ] GC(1239) Concurrent Scan Root Regions 33.702ms
[564.696s][info][gc,marking  ] GC(1239) Concurrent Mark
[564.696s][info][gc,marking  ] GC(1239) Concurrent Mark From Roots
[564.696s][info][gc,task     ] GC(1239) Using 1 workers of 1 for marking
[564.774s][info][gc,marking  ] GC(1239) Concurrent Mark From Roots 77.187ms
[564.774s][info][gc,marking  ] GC(1239) Concurrent Preclean
[564.774s][info][gc,marking  ] GC(1239) Concurrent Preclean 0.051ms
[564.774s][info][gc,start    ] GC(1239) Pause Remark
[564.790s][info][gc          ] GC(1239) Pause Remark 116M->116M(256M) 16.069ms
[564.790s][info][gc,cpu      ] GC(1239) User=0.04s Sys=0.00s Real=0.02s
[564.792s][info][gc,marking  ] GC(1239) Concurrent Mark 95.395ms
[564.792s][info][gc,marking  ] GC(1239) Concurrent Rebuild Remembered Sets and Scrub Regions
[564.839s][info][gc,marking  ] GC(1239) Concurrent Rebuild Remembered Sets and Scrub Regions 47.633ms
[564.840s][info][gc,start    ] GC(1239) Pause Cleanup
[564.840s][info][gc          ] GC(1239) Pause Cleanup 126M->126M(256M) 0.045ms
[564.840s][info][gc,cpu      ] GC(1239) User=0.00s Sys=0.00s Real=0.00s
[564.841s][info][gc,marking  ] GC(1239) Concurrent Clear Claimed Marks
[564.841s][info][gc,marking  ] GC(1239) Concurrent Clear Claimed Marks 0.058ms
[564.841s][info][gc,marking  ] GC(1239) Concurrent Cleanup for Next Mark
[564.842s][info][gc,marking  ] GC(1239) Concurrent Cleanup for Next Mark 0.860ms
[564.842s][info][gc          ] GC(1239) Concurrent Mark Cycle 179.633ms
[565.205s][info][gc,start    ] GC(1240) Pause Young (Prepare Mixed) (G1 Evacuation Pause)
[565.205s][info][gc,task     ] GC(1240) Using 2 workers of 2 for evacuation
[565.266s][info][gc,phases   ] GC(1240)   Pre Evacuate Collection Set: 0.14ms
[565.266s][info][gc,phases   ] GC(1240)   Merge Heap Roots: 0.26ms
[565.266s][info][gc,phases   ] GC(1240)   Evacuate Collection Set: 59.64ms
[565.266s][info][gc,phases   ] GC(1240)   Post Evacuate Collection Set: 0.44ms
[565.266s][info][gc,phases   ] GC(1240)   Other: 0.07ms
[565.266s][info][gc,heap     ] GC(1240) Eden regions: 119->0(92)
[565.266s][info][gc,heap     ] GC(1240) Survivor regions: 20->18(18)
[565.266s][info][gc,heap     ] GC(1240) Old regions: 71->104
[565.266s][info][gc,heap     ] GC(1240) Humongous regions: 3->3
[565.266s][info][gc,metaspace] GC(1240) Metaspace: 43180K(43584K)->43180K(43584K) NonClass: 40364K(40640K)->40364K(40640K) Class: 2815K(2944K)->2815K(2944K)
[565.266s][info][gc          ] GC(1240) Pause Young (Prepare Mixed) (G1 Evacuation Pause) 212M->125M(264M) 60.758ms
[565.266s][info][gc,cpu      ] GC(1240) User=0.11s Sys=0.01s Real=0.06s
[565.685s][info][gc,start    ] GC(1241) Pause Young (Mixed) (G1 Evacuation Pause)
[565.685s][info][gc,task     ] GC(1241) Using 2 workers of 2 for evacuation
[565.738s][info][gc,phases   ] GC(1241)   Pre Evacuate Collection Set: 0.15ms
[565.738s][info][gc,phases   ] GC(1241)   Merge Heap Roots: 0.28ms
[565.738s][info][gc,phases   ] GC(1241)   Evacuate Collection Set: 52.06ms
[565.738s][info][gc,phases   ] GC(1241)   Post Evacuate Collection Set: 0.37ms
[565.738s][info][gc,phases   ] GC(1241)   Other: 0.07ms
[565.738s][info][gc,heap     ] GC(1241) Eden regions: 92->0(70)
[565.738s][info][gc,heap     ] GC(1241) Survivor regions: 18->14(14)
[565.738s][info][gc,heap     ] GC(1241) Old regions: 104->132
[565.738s][info][gc,heap     ] GC(1241) Humongous regions: 3->3
[565.739s][info][gc,metaspace] GC(1241) Metaspace: 43180K(43584K)->43180K(43584K) NonClass: 40364K(40640K)->40364K(40640K) Class: 2815K(2944K)->2815K(2944K)
[565.739s][info][gc          ] GC(1241) Pause Young (Mixed) (G1 Evacuation Pause) 217M->148M(264M) 53.105ms
[565.739s][info][gc,cpu      ] GC(1241) User=0.11s Sys=0.00s Real=0.06s
[566.067s][info][gc,start    ] GC(1242) Pause Young (Concurrent Start) (G1 Evacuation Pause)
[566.067s][info][gc,task     ] GC(1242) Using 2 workers of 2 for evacuation
[566.106s][info][gc,phases   ] GC(1242)   Pre Evacuate Collection Set: 0.16ms
[566.106s][info][gc,phases   ] GC(1242)   Merge Heap Roots: 0.20ms
[566.106s][info][gc,phases   ] GC(1242)   Evacuate Collection Set: 38.11ms
[566.106s][info][gc,phases   ] GC(1242)   Post Evacuate Collection Set: 0.35ms
[566.106s][info][gc,phases   ] GC(1242)   Other: 0.10ms
[566.106s][info][gc,heap     ] GC(1242) Eden regions: 70->0(55)
[566.106s][info][gc,heap     ] GC(1242) Survivor regions: 14->11(11)
[566.106s][info][gc,heap     ] GC(1242) Old regions: 132->155
[566.106s][info][gc,heap     ] GC(1242) Humongous regions: 3->3
[566.106s][info][gc,metaspace] GC(1242) Metaspace: 43180K(43584K)->43180K(43584K) NonClass: 40364K(40640K)->40364K(40640K) Class: 2815K(2944K)->2815K(2944K)
[566.106s][info][gc          ] GC(1242) Pause Young (Concurrent Start) (G1 Evacuation Pause) 218M->168M(264M) 39.129ms
[566.106s][info][gc,cpu      ] GC(1242) User=0.08s Sys=0.00s Real=0.03s
[566.106s][info][gc          ] GC(1243) Concurrent Mark Cycle
[566.106s][info][gc,marking  ] GC(1243) Concurrent Scan Root Regions
[566.151s][info][gc,marking  ] GC(1243) Concurrent Scan Root Regions 44.802ms
[566.151s][info][gc,marking  ] GC(1243) Concurrent Mark
[566.151s][info][gc,marking  ] GC(1243) Concurrent Mark From Roots
[566.151s][info][gc,task     ] GC(1243) Using 1 workers of 1 for marking
[566.310s][info][gc,marking  ] GC(1243) Concurrent Mark From Roots 158.680ms
[566.310s][info][gc,marking  ] GC(1243) Concurrent Preclean
[566.310s][info][gc,marking  ] GC(1243) Concurrent Preclean 0.043ms
[566.310s][info][gc,start    ] GC(1243) Pause Remark
[566.326s][info][gc          ] GC(1243) Pause Remark 203M->203M(285M) 16.239ms
[566.326s][info][gc,cpu      ] GC(1243) User=0.04s Sys=0.00s Real=0.01s
[566.329s][info][gc,marking  ] GC(1243) Concurrent Mark 177.778ms
[566.329s][info][gc,marking  ] GC(1243) Concurrent Rebuild Remembered Sets and Scrub Regions
[566.399s][info][gc,start    ] GC(1244) Pause Young (Normal) (G1 Evacuation Pause)
[566.399s][info][gc,task     ] GC(1244) Using 2 workers of 2 for evacuation
[566.425s][info][gc,phases   ] GC(1244)   Pre Evacuate Collection Set: 0.19ms
[566.425s][info][gc,phases   ] GC(1244)   Merge Heap Roots: 0.20ms
[566.425s][info][gc,phases   ] GC(1244)   Evacuate Collection Set: 25.82ms
[566.425s][info][gc,phases   ] GC(1244)   Post Evacuate Collection Set: 0.35ms
[566.425s][info][gc,phases   ] GC(1244)   Other: 0.07ms
[566.425s][info][gc,heap     ] GC(1244) Eden regions: 55->0(62)
[566.425s][info][gc,heap     ] GC(1244) Survivor regions: 11->9(9)
[566.425s][info][gc,heap     ] GC(1244) Old regions: 155->169
[566.425s][info][gc,heap     ] GC(1244) Humongous regions: 5->3
[566.425s][info][gc,metaspace] GC(1244) Metaspace: 43180K(43584K)->43180K(43584K) NonClass: 40364K(40640K)->40364K(40640K) Class: 2815K(2944K)->2815K(2944K)
[566.425s][info][gc          ] GC(1244) Pause Young (Normal) (G1 Evacuation Pause) 225M->180M(285M) 26.789ms
[566.425s][info][gc,cpu      ] GC(1244) User=0.05s Sys=0.00s Real=0.02s
[566.443s][info][gc,marking  ] GC(1243) Concurrent Rebuild Remembered Sets and Scrub Regions 114.187ms
[566.443s][info][gc,start    ] GC(1243) Pause Cleanup
[566.443s][info][gc          ] GC(1243) Pause Cleanup 187M->187M(285M) 0.064ms
[566.443s][info][gc,cpu      ] GC(1243) User=0.00s Sys=0.00s Real=0.00s
[566.444s][info][gc,marking  ] GC(1243) Concurrent Clear Claimed Marks
[566.444s][info][gc,marking  ] GC(1243) Concurrent Clear Claimed Marks 0.052ms
[566.444s][info][gc,marking  ] GC(1243) Concurrent Cleanup for Next Mark
[566.445s][info][gc,marking  ] GC(1243) Concurrent Cleanup for Next Mark 1.103ms
[566.445s][info][gc          ] GC(1243) Concurrent Mark Cycle 339.052ms
[566.666s][info][gc,start    ] GC(1245) Pause Young (Prepare Mixed) (G1 Evacuation Pause)
[566.666s][info][gc,task     ] GC(1245) Using 2 workers of 2 for evacuation
[566.688s][info][gc,phases   ] GC(1245)   Pre Evacuate Collection Set: 0.18ms
[566.688s][info][gc,phases   ] GC(1245)   Merge Heap Roots: 0.15ms
[566.688s][info][gc,phases   ] GC(1245)   Evacuate Collection Set: 20.99ms
[566.688s][info][gc,phases   ] GC(1245)   Post Evacuate Collection Set: 0.38ms
[566.688s][info][gc,phases   ] GC(1245)   Other: 0.07ms
[566.688s][info][gc,heap     ] GC(1245) Eden regions: 62->0(60)
[566.688s][info][gc,heap     ] GC(1245) Survivor regions: 9->9(9)
[566.688s][info][gc,heap     ] GC(1245) Old regions: 169->176
[566.688s][info][gc,heap     ] GC(1245) Humongous regions: 3->3
[566.688s][info][gc,metaspace] GC(1245) Metaspace: 43180K(43584K)->43180K(43584K) NonClass: 40364K(40640K)->40364K(40640K) Class: 2815K(2944K)->2815K(2944K)
[566.688s][info][gc          ] GC(1245) Pause Young (Prepare Mixed) (G1 Evacuation Pause) 242M->187M(285M) 21.945ms
[566.688s][info][gc,cpu      ] GC(1245) User=0.04s Sys=0.00s Real=0.03s
[566.903s][info][gc,start    ] GC(1246) Pause Young (Mixed) (G1 Evacuation Pause)
[566.903s][info][gc,task     ] GC(1246) Using 2 workers of 2 for evacuation
[566.933s][info][gc,phases   ] GC(1246)   Pre Evacuate Collection Set: 0.22ms
[566.933s][info][gc,phases   ] GC(1246)   Merge Heap Roots: 0.36ms
[566.933s][info][gc,phases   ] GC(1246)   Evacuate Collection Set: 27.89ms
[566.933s][info][gc,phases   ] GC(1246)   Post Evacuate Collection Set: 1.19ms
[566.933s][info][gc,phases   ] GC(1246)   Other: 0.07ms
[566.933s][info][gc,heap     ] GC(1246) Eden regions: 60->0(151)
[566.933s][info][gc,heap     ] GC(1246) Survivor regions: 9->9(9)
[566.933s][info][gc,heap     ] GC(1246) Old regions: 176->160
[566.933s][info][gc,heap     ] GC(1246) Humongous regions: 7->3
[566.933s][info][gc,metaspace] GC(1246) Metaspace: 43180K(43584K)->43180K(43584K) NonClass: 40364K(40640K)->40364K(40640K) Class: 2815K(2944K)->2815K(2944K)
[566.933s][info][gc          ] GC(1246) Pause Young (Mixed) (G1 Evacuation Pause) 251M->171M(392M) 29.903ms
[566.933s][info][gc,cpu      ] GC(1246) User=0.05s Sys=0.00s Real=0.03s
[567.479s][info][gc,start    ] GC(1247) Pause Young (Mixed) (G1 Evacuation Pause)
[567.479s][info][gc,task     ] GC(1247) Using 2 workers of 2 for evacuation
[567.527s][info][gc,phases   ] GC(1247)   Pre Evacuate Collection Set: 0.22ms
[567.527s][info][gc,phases   ] GC(1247)   Merge Heap Roots: 0.65ms
[567.527s][info][gc,phases   ] GC(1247)   Evacuate Collection Set: 45.69ms
[567.527s][info][gc,phases   ] GC(1247)   Post Evacuate Collection Set: 0.57ms
[567.527s][info][gc,phases   ] GC(1247)   Other: 0.09ms
[567.527s][info][gc,heap     ] GC(1247) Eden regions: 151->0(163)
[567.527s][info][gc,heap     ] GC(1247) Survivor regions: 9->18(20)
[567.527s][info][gc,heap     ] GC(1247) Old regions: 160->142
[567.527s][info][gc,heap     ] GC(1247) Humongous regions: 11->3
[567.527s][info][gc,metaspace] GC(1247) Metaspace: 43180K(43584K)->43180K(43584K) NonClass: 40364K(40640K)->40364K(40640K) Class: 2815K(2944K)->2815K(2944K)
[567.527s][info][gc          ] GC(1247) Pause Young (Mixed) (G1 Evacuation Pause) 330M->163M(392M) 47.409ms
[567.527s][info][gc,cpu      ] GC(1247) User=0.09s Sys=0.00s Real=0.04s
[567.738s][info][gc,start    ] GC(1248) Pause Young (Concurrent Start) (G1 Humongous Allocation)
[567.738s][info][gc,task     ] GC(1248) Using 2 workers of 2 for evacuation
[567.771s][info][gc,phases   ] GC(1248)   Pre Evacuate Collection Set: 0.23ms
[567.771s][info][gc,phases   ] GC(1248)   Merge Heap Roots: 0.09ms
[567.771s][info][gc,phases   ] GC(1248)   Evacuate Collection Set: 32.23ms
[567.771s][info][gc,phases   ] GC(1248)   Post Evacuate Collection Set: 0.37ms
[567.771s][info][gc,phases   ] GC(1248)   Other: 0.11ms
[567.771s][info][gc,heap     ] GC(1248) Eden regions: 81->0(134)
[567.771s][info][gc,heap     ] GC(1248) Survivor regions: 18->23(23)
[567.771s][info][gc,heap     ] GC(1248) Old regions: 142->164
[567.771s][info][gc,heap     ] GC(1248) Humongous regions: 3->3
[567.771s][info][gc,metaspace] GC(1248) Metaspace: 43180K(43584K)->43180K(43584K) NonClass: 40364K(40640K)->40364K(40640K) Class: 2815K(2944K)->2815K(2944K)
[567.771s][info][gc          ] GC(1248) Pause Young (Concurrent Start) (G1 Humongous Allocation) 243M->190M(392M) 33.230ms
[567.771s][info][gc,cpu      ] GC(1248) User=0.07s Sys=0.00s Real=0.03s
[567.771s][info][gc          ] GC(1249) Concurrent Mark Cycle
[567.771s][info][gc,marking  ] GC(1249) Concurrent Scan Root Regions
[567.795s][info][gc,marking  ] GC(1249) Concurrent Scan Root Regions 23.855ms
[567.795s][info][gc,marking  ] GC(1249) Concurrent Mark
[567.795s][info][gc,marking  ] GC(1249) Concurrent Mark From Roots
[567.795s][info][gc,task     ] GC(1249) Using 1 workers of 1 for marking
[567.871s][info][gc,marking  ] GC(1249) Concurrent Mark From Roots 75.190ms
[567.871s][info][gc,marking  ] GC(1249) Concurrent Preclean
[567.871s][info][gc,marking  ] GC(1249) Concurrent Preclean 0.059ms
[567.871s][info][gc,start    ] GC(1249) Pause Remark
[567.887s][info][gc          ] GC(1249) Pause Remark 217M->192M(392M) 16.274ms
[567.887s][info][gc,cpu      ] GC(1249) User=0.03s Sys=0.00s Real=0.02s
[567.887s][info][gc,marking  ] GC(1249) Concurrent Mark 91.852ms
[567.887s][info][gc,marking  ] GC(1249) Concurrent Rebuild Remembered Sets and Scrub Regions
[567.935s][info][gc,marking  ] GC(1249) Concurrent Rebuild Remembered Sets and Scrub Regions 47.518ms
[567.935s][info][gc,start    ] GC(1249) Pause Cleanup
[567.935s][info][gc          ] GC(1249) Pause Cleanup 204M->204M(392M) 0.060ms
[567.935s][info][gc,cpu      ] GC(1249) User=0.00s Sys=0.00s Real=0.00s
[567.935s][info][gc,marking  ] GC(1249) Concurrent Clear Claimed Marks
[567.935s][info][gc,marking  ] GC(1249) Concurrent Clear Claimed Marks 0.037ms
[567.935s][info][gc,marking  ] GC(1249) Concurrent Cleanup for Next Mark
[567.937s][info][gc,marking  ] GC(1249) Concurrent Cleanup for Next Mark 2.236ms
[567.937s][info][gc          ] GC(1249) Concurrent Mark Cycle 165.820ms
[568.228s][info][gc,start    ] GC(1250) Pause Young (Prepare Mixed) (G1 Evacuation Pause)
[568.228s][info][gc,task     ] GC(1250) Using 2 workers of 2 for evacuation
[568.257s][info][gc,phases   ] GC(1250)   Pre Evacuate Collection Set: 0.19ms
[568.257s][info][gc,phases   ] GC(1250)   Merge Heap Roots: 0.09ms
[568.257s][info][gc,phases   ] GC(1250)   Evacuate Collection Set: 28.42ms
[568.257s][info][gc,phases   ] GC(1250)   Post Evacuate Collection Set: 0.46ms
[568.257s][info][gc,phases   ] GC(1250)   Other: 0.09ms
[568.257s][info][gc,heap     ] GC(1250) Eden regions: 134->0(124)
[568.257s][info][gc,heap     ] GC(1250) Survivor regions: 23->20(20)
[568.257s][info][gc,heap     ] GC(1250) Old regions: 139->168
[568.257s][info][gc,heap     ] GC(1250) Humongous regions: 5->4
[568.257s][info][gc,metaspace] GC(1250) Metaspace: 43180K(43584K)->43180K(43584K) NonClass: 40364K(40640K)->40364K(40640K) Class: 2815K(2944K)->2815K(2944K)
[568.257s][info][gc          ] GC(1250) Pause Young (Prepare Mixed) (G1 Evacuation Pause) 301M->192M(392M) 29.458ms
[568.257s][info][gc,cpu      ] GC(1250) User=0.06s Sys=0.00s Real=0.03s
[568.628s][info][gc,start    ] GC(1251) Pause Young (Mixed) (G1 Evacuation Pause)
[568.628s][info][gc,task     ] GC(1251) Using 2 workers of 2 for evacuation
[568.658s][info][gc,phases   ] GC(1251)   Pre Evacuate Collection Set: 0.22ms
[568.658s][info][gc,phases   ] GC(1251)   Merge Heap Roots: 0.19ms
[568.658s][info][gc,phases   ] GC(1251)   Evacuate Collection Set: 28.36ms
[568.658s][info][gc,phases   ] GC(1251)   Post Evacuate Collection Set: 0.43ms
[568.658s][info][gc,phases   ] GC(1251)   Other: 0.08ms
[568.658s][info][gc,heap     ] GC(1251) Eden regions: 124->0(131)
[568.658s][info][gc,heap     ] GC(1251) Survivor regions: 20->18(18)
[568.658s][info][gc,heap     ] GC(1251) Old regions: 168->151
[568.658s][info][gc,heap     ] GC(1251) Humongous regions: 4->4
[568.658s][info][gc,metaspace] GC(1251) Metaspace: 43180K(43584K)->43180K(43584K) NonClass: 40364K(40640K)->40364K(40640K) Class: 2815K(2944K)->2815K(2944K)
[568.658s][info][gc          ] GC(1251) Pause Young (Mixed) (G1 Evacuation Pause) 316M->172M(392M) 29.502ms
[568.658s][info][gc,cpu      ] GC(1251) User=0.06s Sys=0.01s Real=0.03s
[569.059s][info][gc,start    ] GC(1252) Pause Young (Mixed) (G1 Evacuation Pause)
[569.059s][info][gc,task     ] GC(1252) Using 2 workers of 2 for evacuation
[569.101s][info][gc,phases   ] GC(1252)   Pre Evacuate Collection Set: 0.20ms
[569.101s][info][gc,phases   ] GC(1252)   Merge Heap Roots: 0.35ms
[569.101s][info][gc,phases   ] GC(1252)   Evacuate Collection Set: 40.23ms
[569.101s][info][gc,phases   ] GC(1252)   Post Evacuate Collection Set: 0.86ms
[569.101s][info][gc,phases   ] GC(1252)   Other: 0.09ms
[569.101s][info][gc,heap     ] GC(1252) Eden regions: 131->0(143)
[569.101s][info][gc,heap     ] GC(1252) Survivor regions: 18->19(19)
[569.101s][info][gc,heap     ] GC(1252) Old regions: 151->169
[569.101s][info][gc,heap     ] GC(1252) Humongous regions: 6->5
[569.101s][info][gc,metaspace] GC(1252) Metaspace: 43180K(43584K)->43180K(43584K) NonClass: 40364K(40640K)->40364K(40640K) Class: 2815K(2944K)->2815K(2944K)
[569.101s][info][gc          ] GC(1252) Pause Young (Mixed) (G1 Evacuation Pause) 305M->192M(437M) 41.941ms
[569.101s][info][gc,cpu      ] GC(1252) User=0.08s Sys=0.01s Real=0.04s
[569.589s][info][gc,start    ] GC(1253) Pause Young (Concurrent Start) (G1 Evacuation Pause)
[569.589s][info][gc,task     ] GC(1253) Using 2 workers of 2 for evacuation
[569.647s][info][gc,phases   ] GC(1253)   Pre Evacuate Collection Set: 0.22ms
[569.647s][info][gc,phases   ] GC(1253)   Merge Heap Roots: 0.17ms
[569.647s][info][gc,phases   ] GC(1253)   Evacuate Collection Set: 56.11ms
[569.647s][info][gc,phases   ] GC(1253)   Post Evacuate Collection Set: 0.54ms
[569.647s][info][gc,phases   ] GC(1253)   Other: 0.14ms
[569.647s][info][gc,heap     ] GC(1253) Eden regions: 143->0(85)
[569.647s][info][gc,heap     ] GC(1253) Survivor regions: 19->21(21)
[569.647s][info][gc,heap     ] GC(1253) Old regions: 169->229
[569.647s][info][gc,heap     ] GC(1253) Humongous regions: 5->5
[569.647s][info][gc,metaspace] GC(1253) Metaspace: 43180K(43584K)->43180K(43584K) NonClass: 40364K(40640K)->40364K(40640K) Class: 2815K(2944K)->2815K(2944K)
[569.647s][info][gc          ] GC(1253) Pause Young (Concurrent Start) (G1 Evacuation Pause) 335M->254M(437M) 57.408ms
[569.647s][info][gc          ] GC(1254) Concurrent Mark Cycle
[569.647s][info][gc,marking  ] GC(1254) Concurrent Scan Root Regions
[569.649s][info][gc,cpu      ] GC(1253) User=0.11s Sys=0.00s Real=0.06s
[569.679s][info][gc,marking  ] GC(1254) Concurrent Scan Root Regions 32.559ms
[569.679s][info][gc,marking  ] GC(1254) Concurrent Mark
[569.679s][info][gc,marking  ] GC(1254) Concurrent Mark From Roots
[569.679s][info][gc,task     ] GC(1254) Using 1 workers of 1 for marking
[569.781s][info][gc,marking  ] GC(1254) Concurrent Mark From Roots 101.840ms
[569.781s][info][gc,marking  ] GC(1254) Concurrent Preclean
[569.781s][info][gc,marking  ] GC(1254) Concurrent Preclean 0.050ms
[569.781s][info][gc,start    ] GC(1254) Pause Remark
[569.798s][info][gc          ] GC(1254) Pause Remark 283M->240M(437M) 16.952ms
[569.798s][info][gc,cpu      ] GC(1254) User=0.03s Sys=0.00s Real=0.02s
[569.799s][info][gc,marking  ] GC(1254) Concurrent Mark 119.163ms
[569.799s][info][gc,marking  ] GC(1254) Concurrent Rebuild Remembered Sets and Scrub Regions
[569.882s][info][gc,marking  ] GC(1254) Concurrent Rebuild Remembered Sets and Scrub Regions 83.529ms
[569.882s][info][gc,start    ] GC(1254) Pause Cleanup
[569.882s][info][gc          ] GC(1254) Pause Cleanup 266M->266M(437M) 0.060ms
[569.882s][info][gc,cpu      ] GC(1254) User=0.00s Sys=0.00s Real=0.00s
[569.882s][info][gc,marking  ] GC(1254) Concurrent Clear Claimed Marks
[569.882s][info][gc,marking  ] GC(1254) Concurrent Clear Claimed Marks 0.037ms
[569.882s][info][gc,marking  ] GC(1254) Concurrent Cleanup for Next Mark
[569.884s][info][gc,marking  ] GC(1254) Concurrent Cleanup for Next Mark 1.756ms
[569.884s][info][gc          ] GC(1254) Concurrent Mark Cycle 237.421ms
[569.997s][info][gc,start    ] GC(1255) Pause Young (Prepare Mixed) (G1 Evacuation Pause)
[569.997s][info][gc,task     ] GC(1255) Using 2 workers of 2 for evacuation
[570.052s][info][gc,phases   ] GC(1255)   Pre Evacuate Collection Set: 0.30ms
[570.052s][info][gc,phases   ] GC(1255)   Merge Heap Roots: 1.06ms
[570.052s][info][gc,phases   ] GC(1255)   Evacuate Collection Set: 52.36ms
[570.052s][info][gc,phases   ] GC(1255)   Post Evacuate Collection Set: 0.42ms
[570.052s][info][gc,phases   ] GC(1255)   Other: 0.08ms
[570.052s][info][gc,heap     ] GC(1255) Eden regions: 85->0(81)
[570.052s][info][gc,heap     ] GC(1255) Survivor regions: 21->14(14)
[570.052s][info][gc,heap     ] GC(1255) Old regions: 187->237
[570.052s][info][gc,heap     ] GC(1255) Humongous regions: 5->5
[570.052s][info][gc,metaspace] GC(1255) Metaspace: 43180K(43584K)->43180K(43584K) NonClass: 40364K(40640K)->40364K(40640K) Class: 2815K(2944K)->2815K(2944K)
[570.052s][info][gc          ] GC(1255) Pause Young (Prepare Mixed) (G1 Evacuation Pause) 297M->255M(437M) 54.433ms
[570.052s][info][gc,cpu      ] GC(1255) User=0.10s Sys=0.00s Real=0.05s
[570.327s][info][gc,start    ] GC(1256) Pause Young (Mixed) (G1 Evacuation Pause)
[570.327s][info][gc,task     ] GC(1256) Using 2 workers of 2 for evacuation
[570.365s][info][gc,phases   ] GC(1256)   Pre Evacuate Collection Set: 0.34ms
[570.365s][info][gc,phases   ] GC(1256)   Merge Heap Roots: 0.34ms
[570.365s][info][gc,phases   ] GC(1256)   Evacuate Collection Set: 37.60ms
[570.365s][info][gc,phases   ] GC(1256)   Post Evacuate Collection Set: 0.40ms
[570.365s][info][gc,phases   ] GC(1256)   Other: 0.07ms
[570.365s][info][gc,heap     ] GC(1256) Eden regions: 81->0(88)
[570.365s][info][gc,heap     ] GC(1256) Survivor regions: 14->12(12)
[570.365s][info][gc,heap     ] GC(1256) Old regions: 237->232
[570.365s][info][gc,heap     ] GC(1256) Humongous regions: 5->5
[570.366s][info][gc,metaspace] GC(1256) Metaspace: 43180K(43584K)->43180K(43584K) NonClass: 40364K(40640K)->40364K(40640K) Class: 2815K(2944K)->2815K(2944K)
[570.366s][info][gc          ] GC(1256) Pause Young (Mixed) (G1 Evacuation Pause) 336M->248M(437M) 38.955ms
[570.366s][info][gc,cpu      ] GC(1256) User=0.08s Sys=0.00s Real=0.04s
[570.637s][info][gc,start    ] GC(1257) Pause Young (Concurrent Start) (G1 Evacuation Pause)
[570.637s][info][gc,task     ] GC(1257) Using 2 workers of 2 for evacuation
[570.653s][info][gc,phases   ] GC(1257)   Pre Evacuate Collection Set: 0.27ms
[570.653s][info][gc,phases   ] GC(1257)   Merge Heap Roots: 0.11ms
[570.653s][info][gc,phases   ] GC(1257)   Evacuate Collection Set: 15.58ms
[570.653s][info][gc,phases   ] GC(1257)   Post Evacuate Collection Set: 0.42ms
[570.653s][info][gc,phases   ] GC(1257)   Other: 0.11ms
[570.653s][info][gc,heap     ] GC(1257) Eden regions: 88->0(88)
[570.653s][info][gc,heap     ] GC(1257) Survivor regions: 12->13(13)
[570.653s][info][gc,heap     ] GC(1257) Old regions: 232->243
[570.653s][info][gc,heap     ] GC(1257) Humongous regions: 5->5
[570.653s][info][gc,metaspace] GC(1257) Metaspace: 43180K(43584K)->43180K(43584K) NonClass: 40364K(40640K)->40364K(40640K) Class: 2815K(2944K)->2815K(2944K)
[570.653s][info][gc          ] GC(1257) Pause Young (Concurrent Start) (G1 Evacuation Pause) 336M->260M(437M) 16.674ms
[570.653s][info][gc          ] GC(1258) Concurrent Mark Cycle
[570.653s][info][gc,marking  ] GC(1258) Concurrent Scan Root Regions
[570.656s][info][gc,cpu      ] GC(1257) User=0.04s Sys=0.01s Real=0.02s
[570.662s][info][gc,marking  ] GC(1258) Concurrent Scan Root Regions 8.833ms
[570.662s][info][gc,marking  ] GC(1258) Concurrent Mark
[570.662s][info][gc,marking  ] GC(1258) Concurrent Mark From Roots
[570.662s][info][gc,task     ] GC(1258) Using 1 workers of 1 for marking
[570.774s][info][gc,marking  ] GC(1258) Concurrent Mark From Roots 111.824ms
[570.774s][info][gc,marking  ] GC(1258) Concurrent Preclean
[570.774s][info][gc,marking  ] GC(1258) Concurrent Preclean 0.042ms
[570.774s][info][gc,start    ] GC(1258) Pause Remark
[570.792s][info][gc          ] GC(1258) Pause Remark 294M->235M(437M) 17.433ms
[570.792s][info][gc,cpu      ] GC(1258) User=0.03s Sys=0.00s Real=0.02s
[570.794s][info][gc,marking  ] GC(1258) Concurrent Mark 131.555ms
[570.794s][info][gc,marking  ] GC(1258) Concurrent Rebuild Remembered Sets and Scrub Regions
[570.848s][info][gc,marking  ] GC(1258) Concurrent Rebuild Remembered Sets and Scrub Regions 54.201ms
[570.848s][info][gc,start    ] GC(1258) Pause Cleanup
[570.848s][info][gc          ] GC(1258) Pause Cleanup 252M->252M(437M) 0.067ms
[570.848s][info][gc,cpu      ] GC(1258) User=0.00s Sys=0.00s Real=0.00s
[570.848s][info][gc,marking  ] GC(1258) Concurrent Clear Claimed Marks
[570.848s][info][gc,marking  ] GC(1258) Concurrent Clear Claimed Marks 0.038ms
[570.848s][info][gc,marking  ] GC(1258) Concurrent Cleanup for Next Mark
[570.850s][info][gc,marking  ] GC(1258) Concurrent Cleanup for Next Mark 1.244ms
[570.850s][info][gc          ] GC(1258) Concurrent Mark Cycle 196.220ms
[570.963s][info][gc,start    ] GC(1259) Pause Young (Prepare Mixed) (G1 Evacuation Pause)
[570.963s][info][gc,task     ] GC(1259) Using 2 workers of 2 for evacuation
[571.004s][info][gc,phases   ] GC(1259)   Pre Evacuate Collection Set: 0.24ms
[571.004s][info][gc,phases   ] GC(1259)   Merge Heap Roots: 0.09ms
[571.004s][info][gc,phases   ] GC(1259)   Evacuate Collection Set: 40.32ms
[571.004s][info][gc,phases   ] GC(1259)   Post Evacuate Collection Set: 0.48ms
[571.004s][info][gc,phases   ] GC(1259)   Other: 0.10ms
[571.004s][info][gc,heap     ] GC(1259) Eden regions: 88->0(77)
[571.004s][info][gc,heap     ] GC(1259) Survivor regions: 13->13(13)
[571.004s][info][gc,heap     ] GC(1259) Old regions: 185->242
[571.004s][info][gc,heap     ] GC(1259) Humongous regions: 5->5
[571.004s][info][gc,metaspace] GC(1259) Metaspace: 43180K(43584K)->43180K(43584K) NonClass: 40364K(40640K)->40364K(40640K) Class: 2815K(2944K)->2815K(2944K)
[571.004s][info][gc          ] GC(1259) Pause Young (Prepare Mixed) (G1 Evacuation Pause) 290M->259M(437M) 41.457ms
[571.004s][info][gc,cpu      ] GC(1259) User=0.08s Sys=0.00s Real=0.04s
[571.282s][info][gc,start    ] GC(1260) Pause Young (Mixed) (G1 Evacuation Pause)
[571.282s][info][gc,task     ] GC(1260) Using 2 workers of 2 for evacuation
[571.328s][info][gc,phases   ] GC(1260)   Pre Evacuate Collection Set: 0.37ms
[571.328s][info][gc,phases   ] GC(1260)   Merge Heap Roots: 0.30ms
[571.328s][info][gc,phases   ] GC(1260)   Evacuate Collection Set: 44.09ms
[571.328s][info][gc,phases   ] GC(1260)   Post Evacuate Collection Set: 1.21ms
[571.328s][info][gc,phases   ] GC(1260)   Other: 0.07ms
[571.328s][info][gc,heap     ] GC(1260) Eden regions: 77->0(136)
[571.328s][info][gc,heap     ] GC(1260) Survivor regions: 13->12(12)
[571.328s][info][gc,heap     ] GC(1260) Old regions: 242->242
[571.328s][info][gc,heap     ] GC(1260) Humongous regions: 5->5
[571.328s][info][gc,metaspace] GC(1260) Metaspace: 43180K(43584K)->43180K(43584K) NonClass: 40364K(40640K)->40364K(40640K) Class: 2815K(2944K)->2815K(2944K)
[571.328s][info][gc          ] GC(1260) Pause Young (Mixed) (G1 Evacuation Pause) 336M->259M(557M) 46.279ms
[571.328s][info][gc,cpu      ] GC(1260) User=0.09s Sys=0.00s Real=0.05s
[571.888s][info][gc,start    ] GC(1261) Pause Young (Mixed) (G1 Evacuation Pause)
[571.888s][info][gc,task     ] GC(1261) Using 2 workers of 2 for evacuation
[571.965s][info][gc,phases   ] GC(1261)   Pre Evacuate Collection Set: 0.31ms
[571.965s][info][gc,phases   ] GC(1261)   Merge Heap Roots: 0.72ms
[571.965s][info][gc,phases   ] GC(1261)   Evacuate Collection Set: 75.23ms
[571.965s][info][gc,phases   ] GC(1261)   Post Evacuate Collection Set: 0.63ms
[571.965s][info][gc,phases   ] GC(1261)   Other: 0.07ms
[571.965s][info][gc,heap     ] GC(1261) Eden regions: 136->0(102)
[571.965s][info][gc,heap     ] GC(1261) Survivor regions: 12->19(19)
[571.965s][info][gc,heap     ] GC(1261) Old regions: 242->293
[571.965s][info][gc,heap     ] GC(1261) Humongous regions: 6->6
[571.965s][info][gc,metaspace] GC(1261) Metaspace: 43180K(43584K)->43180K(43584K) NonClass: 40364K(40640K)->40364K(40640K) Class: 2815K(2944K)->2815K(2944K)
[571.965s][info][gc          ] GC(1261) Pause Young (Mixed) (G1 Evacuation Pause) 396M->318M(557M) 77.232ms
[571.965s][info][gc,cpu      ] GC(1261) User=0.15s Sys=0.00s Real=0.07s
[572.164s][info][gc,start    ] GC(1262) Pause Young (Concurrent Start) (G1 Humongous Allocation)
[572.164s][info][gc,task     ] GC(1262) Using 2 workers of 2 for evacuation
[572.213s][info][gc,phases   ] GC(1262)   Pre Evacuate Collection Set: 0.27ms
[572.213s][info][gc,phases   ] GC(1262)   Merge Heap Roots: 0.33ms
[572.213s][info][gc,phases   ] GC(1262)   Evacuate Collection Set: 47.83ms
[572.213s][info][gc,phases   ] GC(1262)   Post Evacuate Collection Set: 0.41ms
[572.213s][info][gc,phases   ] GC(1262)   Other: 0.09ms
[572.213s][info][gc,heap     ] GC(1262) Eden regions: 65->0(76)
[572.213s][info][gc,heap     ] GC(1262) Survivor regions: 19->16(16)
[572.213s][info][gc,heap     ] GC(1262) Old regions: 293->341
[572.213s][info][gc,heap     ] GC(1262) Humongous regions: 6->6
[572.213s][info][gc,metaspace] GC(1262) Metaspace: 43180K(43584K)->43180K(43584K) NonClass: 40364K(40640K)->40364K(40640K) Class: 2815K(2944K)->2815K(2944K)
[572.213s][info][gc          ] GC(1262) Pause Young (Concurrent Start) (G1 Humongous Allocation) 382M->363M(557M) 49.189ms
[572.213s][info][gc,cpu      ] GC(1262) User=0.09s Sys=0.00s Real=0.05s
[572.213s][info][gc          ] GC(1263) Concurrent Mark Cycle
[572.213s][info][gc,marking  ] GC(1263) Concurrent Scan Root Regions
[572.236s][info][gc,marking  ] GC(1263) Concurrent Scan Root Regions 22.730ms
[572.236s][info][gc,marking  ] GC(1263) Concurrent Mark
[572.236s][info][gc,marking  ] GC(1263) Concurrent Mark From Roots
[572.236s][info][gc,task     ] GC(1263) Using 1 workers of 1 for marking
[572.365s][info][gc,marking  ] GC(1263) Concurrent Mark From Roots 128.833ms
[572.365s][info][gc,marking  ] GC(1263) Concurrent Preclean
[572.365s][info][gc,marking  ] GC(1263) Concurrent Preclean 0.046ms
[572.365s][info][gc,start    ] GC(1263) Pause Remark
[572.381s][info][gc          ] GC(1263) Pause Remark 399M->327M(557M) 16.058ms
[572.381s][info][gc,cpu      ] GC(1263) User=0.03s Sys=0.00s Real=0.02s
[572.381s][info][gc,marking  ] GC(1263) Concurrent Mark 145.232ms
[572.382s][info][gc,marking  ] GC(1263) Concurrent Rebuild Remembered Sets and Scrub Regions
[572.467s][info][gc,marking  ] GC(1263) Concurrent Rebuild Remembered Sets and Scrub Regions 85.002ms
[572.467s][info][gc,start    ] GC(1263) Pause Cleanup
[572.467s][info][gc          ] GC(1263) Pause Cleanup 348M->348M(557M) 0.113ms
[572.467s][info][gc,cpu      ] GC(1263) User=0.00s Sys=0.00s Real=0.00s
[572.467s][info][gc,marking  ] GC(1263) Concurrent Clear Claimed Marks
[572.467s][info][gc,marking  ] GC(1263) Concurrent Clear Claimed Marks 0.045ms
[572.467s][info][gc,marking  ] GC(1263) Concurrent Cleanup for Next Mark
[572.470s][info][gc,marking  ] GC(1263) Concurrent Cleanup for Next Mark 2.777ms
[572.470s][info][gc          ] GC(1263) Concurrent Mark Cycle 256.279ms
[572.523s][info][gc,start    ] GC(1264) Pause Young (Prepare Mixed) (G1 Evacuation Pause)
[572.523s][info][gc,task     ] GC(1264) Using 2 workers of 2 for evacuation
[572.567s][info][gc,phases   ] GC(1264)   Pre Evacuate Collection Set: 0.31ms
[572.567s][info][gc,phases   ] GC(1264)   Merge Heap Roots: 0.75ms
[572.567s][info][gc,phases   ] GC(1264)   Evacuate Collection Set: 42.20ms
[572.567s][info][gc,phases   ] GC(1264)   Post Evacuate Collection Set: 0.43ms
[572.567s][info][gc,phases   ] GC(1264)   Other: 0.07ms
[572.567s][info][gc,heap     ] GC(1264) Eden regions: 76->0(91)
[572.567s][info][gc,heap     ] GC(1264) Survivor regions: 16->12(12)
[572.567s][info][gc,heap     ] GC(1264) Old regions: 271->314
[572.567s][info][gc,heap     ] GC(1264) Humongous regions: 5->5
[572.567s][info][gc,metaspace] GC(1264) Metaspace: 43180K(43584K)->43180K(43584K) NonClass: 40364K(40640K)->40364K(40640K) Class: 2815K(2944K)->2815K(2944K)
[572.567s][info][gc          ] GC(1264) Pause Young (Prepare Mixed) (G1 Evacuation Pause) 368M->331M(557M) 43.974ms
[572.567s][info][gc,cpu      ] GC(1264) User=0.09s Sys=0.00s Real=0.05s
[572.864s][info][gc,start    ] GC(1265) Pause Young (Mixed) (G1 Evacuation Pause)
[572.864s][info][gc,task     ] GC(1265) Using 2 workers of 2 for evacuation
[572.892s][info][gc,phases   ] GC(1265)   Pre Evacuate Collection Set: 0.27ms
[572.892s][info][gc,phases   ] GC(1265)   Merge Heap Roots: 0.24ms
[572.892s][info][gc,phases   ] GC(1265)   Evacuate Collection Set: 27.71ms
[572.892s][info][gc,phases   ] GC(1265)   Post Evacuate Collection Set: 0.47ms
[572.893s][info][gc,phases   ] GC(1265)   Other: 0.13ms
[572.893s][info][gc,heap     ] GC(1265) Eden regions: 91->0(109)
[572.893s][info][gc,heap     ] GC(1265) Survivor regions: 12->13(13)
[572.893s][info][gc,heap     ] GC(1265) Old regions: 314->282
[572.893s][info][gc,heap     ] GC(1265) Humongous regions: 6->5
[572.893s][info][gc,metaspace] GC(1265) Metaspace: 43180K(43584K)->43180K(43584K) NonClass: 40364K(40640K)->40364K(40640K) Class: 2815K(2944K)->2815K(2944K)
[572.893s][info][gc          ] GC(1265) Pause Young (Mixed) (G1 Evacuation Pause) 423M->299M(557M) 29.008ms
[572.893s][info][gc,cpu      ] GC(1265) User=0.06s Sys=0.00s Real=0.03s
[573.242s][info][gc,start    ] GC(1266) Pause Young (Mixed) (G1 Evacuation Pause)
[573.242s][info][gc,task     ] GC(1266) Using 2 workers of 2 for evacuation
[573.274s][info][gc,phases   ] GC(1266)   Pre Evacuate Collection Set: 0.29ms
[573.274s][info][gc,phases   ] GC(1266)   Merge Heap Roots: 0.49ms
[573.274s][info][gc,phases   ] GC(1266)   Evacuate Collection Set: 30.21ms
[573.274s][info][gc,phases   ] GC(1266)   Post Evacuate Collection Set: 1.15ms
[573.274s][info][gc,phases   ] GC(1266)   Other: 0.09ms
[573.274s][info][gc,heap     ] GC(1266) Eden regions: 109->0(163)
[573.274s][info][gc,heap     ] GC(1266) Survivor regions: 13->16(16)
[573.274s][info][gc,heap     ] GC(1266) Old regions: 282->254
[573.274s][info][gc,heap     ] GC(1266) Humongous regions: 5->5
[573.274s][info][gc,metaspace] GC(1266) Metaspace: 43180K(43584K)->43180K(43584K) NonClass: 40364K(40640K)->40364K(40640K) Class: 2815K(2944K)->2815K(2944K)
[573.274s][info][gc          ] GC(1266) Pause Young (Mixed) (G1 Evacuation Pause) 408M->274M(644M) 32.426ms
[573.274s][info][gc,cpu      ] GC(1266) User=0.06s Sys=0.00s Real=0.03s
[573.746s][info][gc,start    ] GC(1267) Pause Young (Concurrent Start) (G1 Humongous Allocation)
[573.746s][info][gc,task     ] GC(1267) Using 2 workers of 2 for evacuation
[573.775s][info][gc,phases   ] GC(1267)   Pre Evacuate Collection Set: 0.24ms
[573.775s][info][gc,phases   ] GC(1267)   Merge Heap Roots: 0.13ms
[573.775s][info][gc,phases   ] GC(1267)   Evacuate Collection Set: 28.01ms
[573.775s][info][gc,phases   ] GC(1267)   Post Evacuate Collection Set: 0.47ms
[573.775s][info][gc,phases   ] GC(1267)   Other: 0.15ms
[573.775s][info][gc,heap     ] GC(1267) Eden regions: 125->0(159)
[573.775s][info][gc,heap     ] GC(1267) Survivor regions: 16->23(23)
[573.775s][info][gc,heap     ] GC(1267) Old regions: 254->276
[573.775s][info][gc,heap     ] GC(1267) Humongous regions: 5->5
[573.775s][info][gc,metaspace] GC(1267) Metaspace: 43180K(43584K)->43180K(43584K) NonClass: 40364K(40640K)->40364K(40640K) Class: 2815K(2944K)->2815K(2944K)
[573.775s][info][gc          ] GC(1267) Pause Young (Concurrent Start) (G1 Humongous Allocation) 398M->304M(644M) 29.206ms
[573.775s][info][gc,cpu      ] GC(1267) User=0.05s Sys=0.00s Real=0.03s
[573.776s][info][gc          ] GC(1268) Concurrent Mark Cycle
[573.776s][info][gc,marking  ] GC(1268) Concurrent Scan Root Regions
[573.794s][info][gc,marking  ] GC(1268) Concurrent Scan Root Regions 18.566ms
[573.794s][info][gc,marking  ] GC(1268) Concurrent Mark
[573.794s][info][gc,marking  ] GC(1268) Concurrent Mark From Roots
[573.794s][info][gc,task     ] GC(1268) Using 1 workers of 1 for marking
[573.877s][info][gc,marking  ] GC(1268) Concurrent Mark From Roots 82.903ms
[573.877s][info][gc,marking  ] GC(1268) Concurrent Preclean
[573.877s][info][gc,marking  ] GC(1268) Concurrent Preclean 0.045ms
[573.877s][info][gc,start    ] GC(1268) Pause Remark
[573.893s][info][gc          ] GC(1268) Pause Remark 329M->210M(620M) 16.023ms
[573.894s][info][gc,cpu      ] GC(1268) User=0.03s Sys=0.00s Real=0.01s
[573.894s][info][gc,marking  ] GC(1268) Concurrent Mark 99.293ms
[573.894s][info][gc,marking  ] GC(1268) Concurrent Rebuild Remembered Sets and Scrub Regions
[573.939s][info][gc,marking  ] GC(1268) Concurrent Rebuild Remembered Sets and Scrub Regions 45.273ms
[573.939s][info][gc,start    ] GC(1268) Pause Cleanup
[573.939s][info][gc          ] GC(1268) Pause Cleanup 223M->223M(620M) 0.073ms
[573.939s][info][gc,cpu      ] GC(1268) User=0.00s Sys=0.00s Real=0.00s
[573.939s][info][gc,marking  ] GC(1268) Concurrent Clear Claimed Marks
[573.939s][info][gc,marking  ] GC(1268) Concurrent Clear Claimed Marks 0.038ms
[573.939s][info][gc,marking  ] GC(1268) Concurrent Cleanup for Next Mark
[573.942s][info][gc,marking  ] GC(1268) Concurrent Cleanup for Next Mark 2.430ms
[573.942s][info][gc          ] GC(1268) Concurrent Mark Cycle 166.089ms
[574.337s][info][gc,start    ] GC(1269) Pause Young (Prepare Mixed) (G1 Evacuation Pause)
[574.337s][info][gc,task     ] GC(1269) Using 2 workers of 2 for evacuation
[574.370s][info][gc,phases   ] GC(1269)   Pre Evacuate Collection Set: 0.25ms
[574.370s][info][gc,phases   ] GC(1269)   Merge Heap Roots: 0.21ms
[574.370s][info][gc,phases   ] GC(1269)   Evacuate Collection Set: 31.45ms
[574.370s][info][gc,phases   ] GC(1269)   Post Evacuate Collection Set: 0.49ms
[574.370s][info][gc,phases   ] GC(1269)   Other: 0.08ms
[574.370s][info][gc,heap     ] GC(1269) Eden regions: 159->0(199)
[574.370s][info][gc,heap     ] GC(1269) Survivor regions: 23->23(23)
[574.370s][info][gc,heap     ] GC(1269) Old regions: 159->180
[574.370s][info][gc,heap     ] GC(1269) Humongous regions: 5->4
[574.370s][info][gc,metaspace] GC(1269) Metaspace: 43180K(43584K)->43180K(43584K) NonClass: 40364K(40640K)->40364K(40640K) Class: 2815K(2944K)->2815K(2944K)
[574.370s][info][gc          ] GC(1269) Pause Young (Prepare Mixed) (G1 Evacuation Pause) 346M->207M(620M) 32.705ms
[574.370s][info][gc,cpu      ] GC(1269) User=0.06s Sys=0.00s Real=0.03s
[574.991s][info][gc,start    ] GC(1270) Pause Young (Mixed) (G1 Evacuation Pause)
[574.991s][info][gc,task     ] GC(1270) Using 2 workers of 2 for evacuation
[575.019s][info][gc,phases   ] GC(1270)   Pre Evacuate Collection Set: 0.29ms
[575.019s][info][gc,phases   ] GC(1270)   Merge Heap Roots: 0.28ms
[575.019s][info][gc,phases   ] GC(1270)   Evacuate Collection Set: 26.99ms
[575.019s][info][gc,phases   ] GC(1270)   Post Evacuate Collection Set: 0.52ms
[575.020s][info][gc,phases   ] GC(1270)   Other: 0.08ms
[575.020s][info][gc,heap     ] GC(1270) Eden regions: 199->0(236)
[575.020s][info][gc,heap     ] GC(1270) Survivor regions: 23->10(28)
[575.020s][info][gc,heap     ] GC(1270) Old regions: 180->155
[575.020s][info][gc,heap     ] GC(1270) Humongous regions: 6->4
[575.020s][info][gc,metaspace] GC(1270) Metaspace: 43180K(43584K)->43180K(43584K) NonClass: 40364K(40640K)->40364K(40640K) Class: 2815K(2944K)->2815K(2944K)
[575.020s][info][gc          ] GC(1270) Pause Young (Mixed) (G1 Evacuation Pause) 408M->168M(620M) 28.360ms
[575.020s][info][gc,cpu      ] GC(1270) User=0.06s Sys=0.00s Real=0.03s
[575.254s][info][gc,start    ] GC(1271) Pause Young (Concurrent Start) (G1 Humongous Allocation)
[575.254s][info][gc,task     ] GC(1271) Using 2 workers of 2 for evacuation
[575.284s][info][gc,phases   ] GC(1271)   Pre Evacuate Collection Set: 0.24ms
[575.284s][info][gc,phases   ] GC(1271)   Merge Heap Roots: 0.13ms
[575.284s][info][gc,phases   ] GC(1271)   Evacuate Collection Set: 28.46ms
[575.284s][info][gc,phases   ] GC(1271)   Post Evacuate Collection Set: 0.43ms
[575.284s][info][gc,phases   ] GC(1271)   Other: 0.18ms
[575.284s][info][gc,heap     ] GC(1271) Eden regions: 74->0(228)
[575.284s][info][gc,heap     ] GC(1271) Survivor regions: 10->31(31)
[575.284s][info][gc,heap     ] GC(1271) Old regions: 155->169
[575.284s][info][gc,heap     ] GC(1271) Humongous regions: 4->4
[575.284s][info][gc,metaspace] GC(1271) Metaspace: 43180K(43584K)->43180K(43584K) NonClass: 40364K(40640K)->40364K(40640K) Class: 2815K(2944K)->2815K(2944K)
[575.284s][info][gc          ] GC(1271) Pause Young (Concurrent Start) (G1 Humongous Allocation) 242M->204M(620M) 29.627ms
[575.284s][info][gc,cpu      ] GC(1271) User=0.05s Sys=0.00s Real=0.03s
[575.284s][info][gc          ] GC(1272) Concurrent Mark Cycle
[575.284s][info][gc,marking  ] GC(1272) Concurrent Scan Root Regions
[575.303s][info][gc,marking  ] GC(1272) Concurrent Scan Root Regions 18.604ms
[575.303s][info][gc,marking  ] GC(1272) Concurrent Mark
[575.303s][info][gc,marking  ] GC(1272) Concurrent Mark From Roots
[575.303s][info][gc,task     ] GC(1272) Using 1 workers of 1 for marking
[575.404s][info][gc,marking  ] GC(1272) Concurrent Mark From Roots 100.920ms
[575.404s][info][gc,marking  ] GC(1272) Concurrent Preclean
[575.404s][info][gc,marking  ] GC(1272) Concurrent Preclean 0.047ms
[575.404s][info][gc,start    ] GC(1272) Pause Remark
[575.420s][info][gc          ] GC(1272) Pause Remark 237M->203M(570M) 16.287ms
[575.420s][info][gc,cpu      ] GC(1272) User=0.03s Sys=0.00s Real=0.02s
[575.420s][info][gc,marking  ] GC(1272) Concurrent Mark 117.608ms
[575.420s][info][gc,marking  ] GC(1272) Concurrent Rebuild Remembered Sets and Scrub Regions
[575.473s][info][gc,marking  ] GC(1272) Concurrent Rebuild Remembered Sets and Scrub Regions 52.336ms
[575.473s][info][gc,start    ] GC(1272) Pause Cleanup
[575.473s][info][gc          ] GC(1272) Pause Cleanup 219M->219M(570M) 0.059ms
[575.473s][info][gc,cpu      ] GC(1272) User=0.00s Sys=0.00s Real=0.00s
[575.473s][info][gc,marking  ] GC(1272) Concurrent Clear Claimed Marks
[575.473s][info][gc,marking  ] GC(1272) Concurrent Clear Claimed Marks 0.038ms
[575.473s][info][gc,marking  ] GC(1272) Concurrent Cleanup for Next Mark
[575.475s][info][gc,marking  ] GC(1272) Concurrent Cleanup for Next Mark 1.637ms
[575.475s][info][gc          ] GC(1272) Concurrent Mark Cycle 190.643ms
[576.048s][info][gc,start    ] GC(1273) Pause Young (Prepare Mixed) (G1 Evacuation Pause)
[576.048s][info][gc,task     ] GC(1273) Using 2 workers of 2 for evacuation
[576.073s][info][gc,phases   ] GC(1273)   Pre Evacuate Collection Set: 0.40ms
[576.073s][info][gc,phases   ] GC(1273)   Merge Heap Roots: 0.25ms
[576.073s][info][gc,phases   ] GC(1273)   Evacuate Collection Set: 24.27ms
[576.073s][info][gc,phases   ] GC(1273)   Post Evacuate Collection Set: 0.53ms
[576.073s][info][gc,phases   ] GC(1273)   Other: 0.07ms
[576.073s][info][gc,heap     ] GC(1273) Eden regions: 228->0(232)
[576.073s][info][gc,heap     ] GC(1273) Survivor regions: 31->16(33)
[576.073s][info][gc,heap     ] GC(1273) Old regions: 135->154
[576.073s][info][gc,heap     ] GC(1273) Humongous regions: 7->5
[576.073s][info][gc,metaspace] GC(1273) Metaspace: 43180K(43584K)->43180K(43584K) NonClass: 40364K(40640K)->40364K(40640K) Class: 2815K(2944K)->2815K(2944K)
[576.073s][info][gc          ] GC(1273) Pause Young (Prepare Mixed) (G1 Evacuation Pause) 401M->175M(570M) 25.731ms
[576.073s][info][gc,cpu      ] GC(1273) User=0.05s Sys=0.00s Real=0.02s
[576.741s][info][gc,start    ] GC(1274) Pause Young (Mixed) (G1 Evacuation Pause)
[576.741s][info][gc,task     ] GC(1274) Using 2 workers of 2 for evacuation
[576.765s][info][gc,phases   ] GC(1274)   Pre Evacuate Collection Set: 0.26ms
[576.765s][info][gc,phases   ] GC(1274)   Merge Heap Roots: 0.18ms
[576.765s][info][gc,phases   ] GC(1274)   Evacuate Collection Set: 22.25ms
[576.765s][info][gc,phases   ] GC(1274)   Post Evacuate Collection Set: 0.54ms
[576.765s][info][gc,phases   ] GC(1274)   Other: 0.07ms
[576.765s][info][gc,heap     ] GC(1274) Eden regions: 232->0(241)
[576.765s][info][gc,heap     ] GC(1274) Survivor regions: 16->31(31)
[576.765s][info][gc,heap     ] GC(1274) Old regions: 154->138
[576.765s][info][gc,heap     ] GC(1274) Humongous regions: 8->5
[576.765s][info][gc,metaspace] GC(1274) Metaspace: 43180K(43584K)->43180K(43584K) NonClass: 40364K(40640K)->40364K(40640K) Class: 2815K(2944K)->2815K(2944K)
[576.765s][info][gc          ] GC(1274) Pause Young (Mixed) (G1 Evacuation Pause) 410M->173M(570M) 23.476ms
[576.765s][info][gc,cpu      ] GC(1274) User=0.05s Sys=0.00s Real=0.02s
[577.454s][info][gc,start    ] GC(1275) Pause Young (Concurrent Start) (G1 Evacuation Pause)
[577.454s][info][gc,task     ] GC(1275) Using 2 workers of 2 for evacuation
[577.474s][info][gc,phases   ] GC(1275)   Pre Evacuate Collection Set: 0.29ms
[577.474s][info][gc,phases   ] GC(1275)   Merge Heap Roots: 0.16ms
[577.474s][info][gc,phases   ] GC(1275)   Evacuate Collection Set: 18.96ms
[577.474s][info][gc,phases   ] GC(1275)   Post Evacuate Collection Set: 0.48ms
[577.474s][info][gc,phases   ] GC(1275)   Other: 0.10ms
[577.474s][info][gc,heap     ] GC(1275) Eden regions: 241->0(257)
[577.474s][info][gc,heap     ] GC(1275) Survivor regions: 31->2(34)
[577.474s][info][gc,heap     ] GC(1275) Old regions: 138->168
[577.474s][info][gc,heap     ] GC(1275) Humongous regions: 5->5
[577.474s][info][gc,metaspace] GC(1275) Metaspace: 43180K(43584K)->43180K(43584K) NonClass: 40364K(40640K)->40364K(40640K) Class: 2815K(2944K)->2815K(2944K)
[577.474s][info][gc          ] GC(1275) Pause Young (Concurrent Start) (G1 Evacuation Pause) 414M->174M(570M) 20.207ms
[577.474s][info][gc,cpu      ] GC(1275) User=0.04s Sys=0.00s Real=0.02s
[577.474s][info][gc          ] GC(1276) Concurrent Mark Cycle
[577.474s][info][gc,marking  ] GC(1276) Concurrent Scan Root Regions
[577.489s][info][gc,marking  ] GC(1276) Concurrent Scan Root Regions 15.081ms
[577.489s][info][gc,marking  ] GC(1276) Concurrent Mark
[577.489s][info][gc,marking  ] GC(1276) Concurrent Mark From Roots
[577.489s][info][gc,task     ] GC(1276) Using 1 workers of 1 for marking
[577.585s][info][gc,marking  ] GC(1276) Concurrent Mark From Roots 96.473ms
[577.585s][info][gc,marking  ] GC(1276) Concurrent Preclean
[577.586s][info][gc,marking  ] GC(1276) Concurrent Preclean 0.036ms
[577.586s][info][gc,start    ] GC(1276) Pause Remark
[577.602s][info][gc          ] GC(1276) Pause Remark 210M->184M(500M) 16.099ms
[577.602s][info][gc,cpu      ] GC(1276) User=0.02s Sys=0.01s Real=0.02s
[577.604s][info][gc,marking  ] GC(1276) Concurrent Mark 114.788ms
[577.604s][info][gc,marking  ] GC(1276) Concurrent Rebuild Remembered Sets and Scrub Regions
[577.656s][info][gc,marking  ] GC(1276) Concurrent Rebuild Remembered Sets and Scrub Regions 51.779ms
[577.656s][info][gc,start    ] GC(1276) Pause Cleanup
[577.656s][info][gc          ] GC(1276) Pause Cleanup 204M->204M(500M) 0.049ms
[577.656s][info][gc,cpu      ] GC(1276) User=0.00s Sys=0.00s Real=0.00s
[577.656s][info][gc,marking  ] GC(1276) Concurrent Clear Claimed Marks
[577.656s][info][gc,marking  ] GC(1276) Concurrent Clear Claimed Marks 0.057ms
[577.656s][info][gc,marking  ] GC(1276) Concurrent Cleanup for Next Mark
[577.657s][info][gc,marking  ] GC(1276) Concurrent Cleanup for Next Mark 1.424ms
[577.657s][info][gc          ] GC(1276) Concurrent Mark Cycle 183.403ms
[578.126s][info][gc,start    ] GC(1277) Pause Young (Prepare Mixed) (G1 Evacuation Pause)
[578.126s][info][gc,task     ] GC(1277) Using 2 workers of 2 for evacuation
[578.130s][info][gc,phases   ] GC(1277)   Pre Evacuate Collection Set: 0.24ms
[578.130s][info][gc,phases   ] GC(1277)   Merge Heap Roots: 0.07ms
[578.130s][info][gc,phases   ] GC(1277)   Evacuate Collection Set: 3.06ms
[578.130s][info][gc,phases   ] GC(1277)   Post Evacuate Collection Set: 0.46ms
[578.130s][info][gc,phases   ] GC(1277)   Other: 0.09ms
[578.130s][info][gc,heap     ] GC(1277) Eden regions: 257->0(248)
[578.130s][info][gc,heap     ] GC(1277) Survivor regions: 2->4(33)
[578.130s][info][gc,heap     ] GC(1277) Old regions: 143->143
[578.130s][info][gc,heap     ] GC(1277) Humongous regions: 5->2
[578.130s][info][gc,metaspace] GC(1277) Metaspace: 43180K(43584K)->43180K(43584K) NonClass: 40364K(40640K)->40364K(40640K) Class: 2815K(2944K)->2815K(2944K)
[578.130s][info][gc          ] GC(1277) Pause Young (Prepare Mixed) (G1 Evacuation Pause) 406M->149M(500M) 4.096ms
[578.130s][info][gc,cpu      ] GC(1277) User=0.00s Sys=0.00s Real=0.01s
[578.511s][info][gc,start    ] GC(1278) Pause Young (Mixed) (G1 Evacuation Pause)
[578.511s][info][gc,task     ] GC(1278) Using 2 workers of 2 for evacuation
[578.520s][info][gc,phases   ] GC(1278)   Pre Evacuate Collection Set: 0.22ms
[578.520s][info][gc,phases   ] GC(1278)   Merge Heap Roots: 0.19ms
[578.520s][info][gc,phases   ] GC(1278)   Evacuate Collection Set: 7.63ms
[578.520s][info][gc,phases   ] GC(1278)   Post Evacuate Collection Set: 0.50ms
[578.520s][info][gc,phases   ] GC(1278)   Other: 0.10ms
[578.520s][info][gc,heap     ] GC(1278) Eden regions: 248->0(268)
[578.520s][info][gc,heap     ] GC(1278) Survivor regions: 4->6(32)
[578.520s][info][gc,heap     ] GC(1278) Old regions: 143->124
[578.520s][info][gc,heap     ] GC(1278) Humongous regions: 2->2
[578.520s][info][gc,metaspace] GC(1278) Metaspace: 43180K(43584K)->43180K(43584K) NonClass: 40364K(40640K)->40364K(40640K) Class: 2815K(2944K)->2815K(2944K)
[578.520s][info][gc          ] GC(1278) Pause Young (Mixed) (G1 Evacuation Pause) 397M->132M(500M) 8.838ms
[578.520s][info][gc,cpu      ] GC(1278) User=0.02s Sys=0.00s Real=0.01s
[578.700s][info][gc,start    ] GC(1279) Pause Young (Concurrent Start) (G1 Humongous Allocation)
[578.700s][info][gc,task     ] GC(1279) Using 2 workers of 2 for evacuation
[578.703s][info][gc,phases   ] GC(1279)   Pre Evacuate Collection Set: 0.25ms
[578.703s][info][gc,phases   ] GC(1279)   Merge Heap Roots: 0.07ms
[578.703s][info][gc,phases   ] GC(1279)   Evacuate Collection Set: 2.80ms
[578.703s][info][gc,phases   ] GC(1279)   Post Evacuate Collection Set: 0.38ms
[578.703s][info][gc,phases   ] GC(1279)   Other: 0.08ms
[578.703s][info][gc,heap     ] GC(1279) Eden regions: 116->0(282)
[578.703s][info][gc,heap     ] GC(1279) Survivor regions: 6->4(35)
[578.703s][info][gc,heap     ] GC(1279) Old regions: 124->124
[578.703s][info][gc,heap     ] GC(1279) Humongous regions: 2->2
[578.703s][info][gc,metaspace] GC(1279) Metaspace: 43180K(43584K)->43180K(43584K) NonClass: 40364K(40640K)->40364K(40640K) Class: 2815K(2944K)->2815K(2944K)
[578.704s][info][gc          ] GC(1279) Pause Young (Concurrent Start) (G1 Humongous Allocation) 248M->130M(500M) 3.791ms
[578.704s][info][gc          ] GC(1280) Concurrent Mark Cycle
[578.704s][info][gc,marking  ] GC(1280) Concurrent Scan Root Regions
[578.705s][info][gc,cpu      ] GC(1279) User=0.01s Sys=0.00s Real=0.00s
[578.705s][info][gc,marking  ] GC(1280) Concurrent Scan Root Regions 1.805ms
[578.705s][info][gc,marking  ] GC(1280) Concurrent Mark
[578.705s][info][gc,marking  ] GC(1280) Concurrent Mark From Roots
[578.705s][info][gc,task     ] GC(1280) Using 1 workers of 1 for marking
[578.779s][info][gc,marking  ] GC(1280) Concurrent Mark From Roots 73.524ms
[578.779s][info][gc,marking  ] GC(1280) Concurrent Preclean
[578.779s][info][gc,marking  ] GC(1280) Concurrent Preclean 0.033ms
[578.779s][info][gc,start    ] GC(1280) Pause Remark
[578.795s][info][gc          ] GC(1280) Pause Remark 153M->111M(300M) 16.085ms
[578.795s][info][gc,cpu      ] GC(1280) User=0.04s Sys=0.00s Real=0.01s
[578.797s][info][gc,marking  ] GC(1280) Concurrent Mark 91.763ms
[578.797s][info][gc,marking  ] GC(1280) Concurrent Rebuild Remembered Sets and Scrub Regions
[578.828s][info][gc,marking  ] GC(1280) Concurrent Rebuild Remembered Sets and Scrub Regions 30.752ms
[578.828s][info][gc,start    ] GC(1280) Pause Cleanup
[578.828s][info][gc          ] GC(1280) Pause Cleanup 123M->123M(300M) 0.046ms
[578.828s][info][gc,cpu      ] GC(1280) User=0.00s Sys=0.00s Real=0.00s
[578.828s][info][gc,marking  ] GC(1280) Concurrent Clear Claimed Marks
[578.828s][info][gc,marking  ] GC(1280) Concurrent Clear Claimed Marks 0.036ms
[578.828s][info][gc,marking  ] GC(1280) Concurrent Cleanup for Next Mark
[578.829s][info][gc,marking  ] GC(1280) Concurrent Cleanup for Next Mark 0.873ms
[578.829s][info][gc          ] GC(1280) Concurrent Mark Cycle 125.535ms
[579.254s][info][gc,start    ] GC(1281) Pause Young (Prepare Mixed) (G1 Evacuation Pause)
[579.254s][info][gc,task     ] GC(1281) Using 2 workers of 2 for evacuation
[579.266s][info][gc,phases   ] GC(1281)   Pre Evacuate Collection Set: 0.25ms
[579.266s][info][gc,phases   ] GC(1281)   Merge Heap Roots: 0.07ms
[579.266s][info][gc,phases   ] GC(1281)   Evacuate Collection Set: 10.83ms
[579.266s][info][gc,phases   ] GC(1281)   Post Evacuate Collection Set: 0.96ms
[579.266s][info][gc,phases   ] GC(1281)   Other: 0.08ms
[579.266s][info][gc,heap     ] GC(1281) Eden regions: 82->0(248)
[579.266s][info][gc,heap     ] GC(1281) Survivor regions: 4->9(31)
[579.266s][info][gc,heap     ] GC(1281) Old regions: 83->83
[579.266s][info][gc,heap     ] GC(1281) Humongous regions: 251->1
[579.266s][info][gc,metaspace] GC(1281) Metaspace: 43180K(43584K)->43180K(43584K) NonClass: 40364K(40640K)->40364K(40640K) Class: 2815K(2944K)->2815K(2944K)
[579.266s][info][gc          ] GC(1281) Pause Young (Prepare Mixed) (G1 Evacuation Pause) 420M->93M(429M) 12.377ms
[579.266s][info][gc,cpu      ] GC(1281) User=0.02s Sys=0.01s Real=0.01s
[579.841s][info][gc,start    ] GC(1282) Pause Young (Mixed) (G1 Evacuation Pause)
[579.841s][info][gc,task     ] GC(1282) Using 2 workers of 2 for evacuation
[579.861s][info][gc,phases   ] GC(1282)   Pre Evacuate Collection Set: 0.40ms
[579.861s][info][gc,phases   ] GC(1282)   Merge Heap Roots: 0.16ms
[579.861s][info][gc,phases   ] GC(1282)   Evacuate Collection Set: 18.37ms
[579.861s][info][gc,phases   ] GC(1282)   Post Evacuate Collection Set: 0.87ms
[579.861s][info][gc,phases   ] GC(1282)   Other: 0.07ms
[579.861s][info][gc,heap     ] GC(1282) Eden regions: 62->0(320)
[579.861s][info][gc,heap     ] GC(1282) Survivor regions: 9->13(35)
[579.861s][info][gc,heap     ] GC(1282) Old regions: 83->67
[579.861s][info][gc,heap     ] GC(1282) Humongous regions: 387->3
[579.861s][info][gc,metaspace] GC(1282) Metaspace: 43180K(43584K)->43180K(43584K) NonClass: 40364K(40640K)->40364K(40640K) Class: 2815K(2944K)->2815K(2944K)
[579.861s][info][gc          ] GC(1282) Pause Young (Mixed) (G1 Evacuation Pause) 540M->82M(556M) 20.082ms
[579.861s][info][gc,cpu      ] GC(1282) User=0.03s Sys=0.01s Real=0.02s
[579.864s][info][gc,start    ] GC(1283) Pause Young (Concurrent Start) (G1 Humongous Allocation)
[579.864s][info][gc,task     ] GC(1283) Using 2 workers of 2 for evacuation
[579.874s][info][gc,phases   ] GC(1283)   Pre Evacuate Collection Set: 0.26ms
[579.874s][info][gc,phases   ] GC(1283)   Merge Heap Roots: 0.05ms
[579.875s][info][gc,phases   ] GC(1283)   Evacuate Collection Set: 9.35ms
[579.875s][info][gc,phases   ] GC(1283)   Post Evacuate Collection Set: 0.29ms
[579.875s][info][gc,phases   ] GC(1283)   Other: 0.07ms
[579.875s][info][gc,heap     ] GC(1283) Eden regions: 1->0(320)
[579.875s][info][gc,heap     ] GC(1283) Survivor regions: 13->13(42)
[579.875s][info][gc,heap     ] GC(1283) Old regions: 67->67
[579.875s][info][gc,heap     ] GC(1283) Humongous regions: 3->1
[579.875s][info][gc,metaspace] GC(1283) Metaspace: 43180K(43584K)->43180K(43584K) NonClass: 40364K(40640K)->40364K(40640K) Class: 2815K(2944K)->2815K(2944K)
[579.875s][info][gc          ] GC(1283) Pause Young (Concurrent Start) (G1 Humongous Allocation) 82M->79M(556M) 10.172ms
[579.875s][info][gc,cpu      ] GC(1283) User=0.02s Sys=0.00s Real=0.01s
[579.875s][info][gc          ] GC(1284) Concurrent Mark Cycle
[579.875s][info][gc,marking  ] GC(1284) Concurrent Scan Root Regions
[579.882s][info][gc,marking  ] GC(1284) Concurrent Scan Root Regions 6.857ms
[579.882s][info][gc,marking  ] GC(1284) Concurrent Mark
[579.882s][info][gc,marking  ] GC(1284) Concurrent Mark From Roots
[579.882s][info][gc,task     ] GC(1284) Using 1 workers of 1 for marking
[579.951s][info][gc,marking  ] GC(1284) Concurrent Mark From Roots 69.505ms
[579.951s][info][gc,marking  ] GC(1284) Concurrent Preclean
[579.951s][info][gc,marking  ] GC(1284) Concurrent Preclean 0.043ms
[579.951s][info][gc,start    ] GC(1284) Pause Remark
[579.968s][info][gc          ] GC(1284) Pause Remark 150M->150M(477M) 16.603ms
[579.968s][info][gc,cpu      ] GC(1284) User=0.03s Sys=0.00s Real=0.02s
[579.971s][info][gc,marking  ] GC(1284) Concurrent Mark 89.229ms
[579.971s][info][gc,marking  ] GC(1284) Concurrent Rebuild Remembered Sets and Scrub Regions
[580.007s][info][gc,marking  ] GC(1284) Concurrent Rebuild Remembered Sets and Scrub Regions 36.420ms
[580.007s][info][gc,start    ] GC(1284) Pause Cleanup
[580.007s][info][gc          ] GC(1284) Pause Cleanup 182M->182M(477M) 0.060ms
[580.007s][info][gc,cpu      ] GC(1284) User=0.00s Sys=0.00s Real=0.00s
[580.007s][info][gc,marking  ] GC(1284) Concurrent Clear Claimed Marks
[580.007s][info][gc,marking  ] GC(1284) Concurrent Clear Claimed Marks 0.040ms
[580.007s][info][gc,marking  ] GC(1284) Concurrent Cleanup for Next Mark
[580.010s][info][gc,marking  ] GC(1284) Concurrent Cleanup for Next Mark 2.965ms
[580.010s][info][gc          ] GC(1284) Concurrent Mark Cycle 135.874ms
[580.557s][info][gc,start    ] GC(1285) Pause Young (Prepare Mixed) (G1 Evacuation Pause)
[580.558s][info][gc,task     ] GC(1285) Using 2 workers of 2 for evacuation
[580.590s][info][gc,phases   ] GC(1285)   Pre Evacuate Collection Set: 0.30ms
[580.591s][info][gc,phases   ] GC(1285)   Merge Heap Roots: 0.07ms
[580.591s][info][gc,phases   ] GC(1285)   Evacuate Collection Set: 31.30ms
[580.591s][info][gc,phases   ] GC(1285)   Post Evacuate Collection Set: 1.19ms
[580.591s][info][gc,phases   ] GC(1285)   Other: 0.07ms
[580.591s][info][gc,heap     ] GC(1285) Eden regions: 80->0(335)
[580.591s][info][gc,heap     ] GC(1285) Survivor regions: 13->25(40)
[580.591s][info][gc,heap     ] GC(1285) Old regions: 67->67
[580.591s][info][gc,heap     ] GC(1285) Humongous regions: 415->3
[580.591s][info][gc,metaspace] GC(1285) Metaspace: 43180K(43584K)->43180K(43584K) NonClass: 40364K(40640K)->40364K(40640K) Class: 2815K(2944K)->2815K(2944K)
[580.591s][info][gc          ] GC(1285) Pause Young (Prepare Mixed) (G1 Evacuation Pause) 573M->94M(600M) 33.161ms
[580.591s][info][gc,cpu      ] GC(1285) User=0.05s Sys=0.02s Real=0.03s
[581.417s][info][gc,start    ] GC(1286) Pause Young (Mixed) (G1 Evacuation Pause)
[581.417s][info][gc,task     ] GC(1286) Using 2 workers of 2 for evacuation
[581.444s][info][gc,phases   ] GC(1286)   Pre Evacuate Collection Set: 0.42ms
[581.444s][info][gc,phases   ] GC(1286)   Merge Heap Roots: 0.21ms
[581.444s][info][gc,phases   ] GC(1286)   Evacuate Collection Set: 24.60ms
[581.444s][info][gc,phases   ] GC(1286)   Post Evacuate Collection Set: 1.49ms
[581.444s][info][gc,phases   ] GC(1286)   Other: 0.08ms
[581.444s][info][gc,heap     ] GC(1286) Eden regions: 183->0(363)
[581.444s][info][gc,heap     ] GC(1286) Survivor regions: 25->8(45)
[581.444s][info][gc,heap     ] GC(1286) Old regions: 67->63
[581.444s][info][gc,heap     ] GC(1286) Humongous regions: 333->1
[581.444s][info][gc,metaspace] GC(1286) Metaspace: 43180K(43584K)->43180K(43584K) NonClass: 40364K(40640K)->40364K(40640K) Class: 2815K(2944K)->2815K(2944K)
[581.444s][info][gc          ] GC(1286) Pause Young (Mixed) (G1 Evacuation Pause) 607M->70M(619M) 26.991ms
[581.444s][info][gc,cpu      ] GC(1286) User=0.04s Sys=0.01s Real=0.02s
[581.500s][info][gc,start    ] GC(1287) Pause Young (Concurrent Start) (G1 Humongous Allocation)
[581.500s][info][gc,task     ] GC(1287) Using 2 workers of 2 for evacuation
[581.512s][info][gc,phases   ] GC(1287)   Pre Evacuate Collection Set: 0.30ms
[581.512s][info][gc,phases   ] GC(1287)   Merge Heap Roots: 0.05ms
[581.512s][info][gc,phases   ] GC(1287)   Evacuate Collection Set: 10.43ms
[581.512s][info][gc,phases   ] GC(1287)   Post Evacuate Collection Set: 0.66ms
[581.512s][info][gc,phases   ] GC(1287)   Other: 0.10ms
[581.512s][info][gc,heap     ] GC(1287) Eden regions: 27->0(362)
[581.512s][info][gc,heap     ] GC(1287) Survivor regions: 8->9(47)
[581.512s][info][gc,heap     ] GC(1287) Old regions: 63->63
[581.512s][info][gc,heap     ] GC(1287) Humongous regions: 1->1
[581.512s][info][gc,metaspace] GC(1287) Metaspace: 43180K(43584K)->43180K(43584K) NonClass: 40364K(40640K)->40364K(40640K) Class: 2815K(2944K)->2815K(2944K)
[581.512s][info][gc          ] GC(1287) Pause Young (Concurrent Start) (G1 Humongous Allocation) 97M->71M(619M) 11.751ms
[581.512s][info][gc,cpu      ] GC(1287) User=0.02s Sys=0.00s Real=0.01s
[581.512s][info][gc          ] GC(1288) Concurrent Mark Cycle
[581.515s][info][gc,marking  ] GC(1288) Concurrent Scan Root Regions
[581.523s][info][gc,marking  ] GC(1288) Concurrent Scan Root Regions 7.993ms
[581.523s][info][gc,marking  ] GC(1288) Concurrent Mark
[581.523s][info][gc,marking  ] GC(1288) Concurrent Mark From Roots
[581.523s][info][gc,task     ] GC(1288) Using 1 workers of 1 for marking
[581.652s][info][gc,marking  ] GC(1288) Concurrent Mark From Roots 129.029ms
[581.652s][info][gc,marking  ] GC(1288) Concurrent Preclean
[581.652s][info][gc,marking  ] GC(1288) Concurrent Preclean 0.046ms
[581.652s][info][gc,start    ] GC(1288) Pause Remark
[581.670s][info][gc          ] GC(1288) Pause Remark 129M->124M(256M) 17.664ms
[581.670s][info][gc,cpu      ] GC(1288) User=0.04s Sys=0.00s Real=0.02s
[581.671s][info][gc,marking  ] GC(1288) Concurrent Mark 147.774ms
[581.671s][info][gc,marking  ] GC(1288) Concurrent Rebuild Remembered Sets and Scrub Regions
[581.696s][info][gc,marking  ] GC(1288) Concurrent Rebuild Remembered Sets and Scrub Regions 25.708ms
[581.696s][info][gc,start    ] GC(1288) Pause Cleanup
[581.696s][info][gc          ] GC(1288) Pause Cleanup 132M->132M(256M) 0.039ms
[581.696s][info][gc,cpu      ] GC(1288) User=0.00s Sys=0.00s Real=0.00s
[581.696s][info][gc,marking  ] GC(1288) Concurrent Clear Claimed Marks
[581.697s][info][gc,marking  ] GC(1288) Concurrent Clear Claimed Marks 0.038ms
[581.697s][info][gc,marking  ] GC(1288) Concurrent Cleanup for Next Mark
[581.698s][info][gc,marking  ] GC(1288) Concurrent Cleanup for Next Mark 1.158ms
[581.698s][info][gc          ] GC(1288) Concurrent Mark Cycle 185.562ms
[581.870s][info][gc,start    ] GC(1289) Pause Young (Prepare Mixed) (G1 Evacuation Pause)
[581.870s][info][gc,task     ] GC(1289) Using 2 workers of 2 for evacuation
[581.883s][info][gc,phases   ] GC(1289)   Pre Evacuate Collection Set: 0.23ms
[581.883s][info][gc,phases   ] GC(1289)   Merge Heap Roots: 0.07ms
[581.883s][info][gc,phases   ] GC(1289)   Evacuate Collection Set: 12.08ms
[581.883s][info][gc,phases   ] GC(1289)   Post Evacuate Collection Set: 0.76ms
[581.883s][info][gc,phases   ] GC(1289)   Other: 0.08ms
[581.883s][info][gc,heap     ] GC(1289) Eden regions: 144->0(140)
[581.883s][info][gc,heap     ] GC(1289) Survivor regions: 9->13(20)
[581.883s][info][gc,heap     ] GC(1289) Old regions: 58->58
[581.883s][info][gc,heap     ] GC(1289) Humongous regions: 5->1
[581.883s][info][gc,metaspace] GC(1289) Metaspace: 43190K(43584K)->43190K(43584K) NonClass: 40375K(40640K)->40375K(40640K) Class: 2815K(2944K)->2815K(2944K)
[581.883s][info][gc          ] GC(1289) Pause Young (Prepare Mixed) (G1 Evacuation Pause) 214M->70M(256M) 13.416ms
[581.883s][info][gc,cpu      ] GC(1289) User=0.02s Sys=0.00s Real=0.01s
[582.179s][info][gc,start    ] GC(1290) Pause Young (Mixed) (G1 Evacuation Pause)
[582.179s][info][gc,task     ] GC(1290) Using 2 workers of 2 for evacuation
[582.188s][info][gc,phases   ] GC(1290)   Pre Evacuate Collection Set: 0.23ms
[582.188s][info][gc,phases   ] GC(1290)   Merge Heap Roots: 0.08ms
[582.188s][info][gc,phases   ] GC(1290)   Evacuate Collection Set: 7.78ms
[582.188s][info][gc,phases   ] GC(1290)   Post Evacuate Collection Set: 0.53ms
[582.188s][info][gc,phases   ] GC(1290)   Other: 0.08ms
[582.188s][info][gc,heap     ] GC(1290) Eden regions: 140->0(144)
[582.188s][info][gc,heap     ] GC(1290) Survivor regions: 13->9(20)
[582.188s][info][gc,heap     ] GC(1290) Old regions: 58->56
[582.188s][info][gc,heap     ] GC(1290) Humongous regions: 1->1
[582.188s][info][gc,metaspace] GC(1290) Metaspace: 43190K(43584K)->43190K(43584K) NonClass: 40375K(40640K)->40375K(40640K) Class: 2815K(2944K)->2815K(2944K)
[582.188s][info][gc          ] GC(1290) Pause Young (Mixed) (G1 Evacuation Pause) 210M->64M(256M) 8.899ms
[582.188s][info][gc,cpu      ] GC(1290) User=0.01s Sys=0.00s Real=0.01s
[582.488s][info][gc,start    ] GC(1291) Pause Young (Concurrent Start) (G1 Evacuation Pause)
[582.488s][info][gc,task     ] GC(1291) Using 2 workers of 2 for evacuation
[582.493s][info][gc,phases   ] GC(1291)   Pre Evacuate Collection Set: 0.17ms
[582.493s][info][gc,phases   ] GC(1291)   Merge Heap Roots: 0.07ms
[582.493s][info][gc,phases   ] GC(1291)   Evacuate Collection Set: 3.85ms
[582.493s][info][gc,phases   ] GC(1291)   Post Evacuate Collection Set: 0.56ms
[582.493s][info][gc,phases   ] GC(1291)   Other: 0.09ms
[582.493s][info][gc,heap     ] GC(1291) Eden regions: 144->0(146)
[582.493s][info][gc,heap     ] GC(1291) Survivor regions: 9->7(20)
[582.493s][info][gc,heap     ] GC(1291) Old regions: 56->56
[582.493s][info][gc,heap     ] GC(1291) Humongous regions: 1->1
[582.493s][info][gc,metaspace] GC(1291) Metaspace: 43190K(43584K)->43190K(43584K) NonClass: 40375K(40640K)->40375K(40640K) Class: 2815K(2944K)->2815K(2944K)
[582.493s][info][gc          ] GC(1291) Pause Young (Concurrent Start) (G1 Evacuation Pause) 208M->62M(256M) 4.939ms
[582.493s][info][gc,cpu      ] GC(1291) User=0.01s Sys=0.00s Real=0.00s
[582.493s][info][gc          ] GC(1292) Concurrent Mark Cycle
[582.493s][info][gc,marking  ] GC(1292) Concurrent Scan Root Regions
[582.498s][info][gc,marking  ] GC(1292) Concurrent Scan Root Regions 5.302ms
[582.498s][info][gc,marking  ] GC(1292) Concurrent Mark
[582.498s][info][gc,marking  ] GC(1292) Concurrent Mark From Roots
[582.498s][info][gc,task     ] GC(1292) Using 1 workers of 1 for marking
[582.575s][info][gc,marking  ] GC(1292) Concurrent Mark From Roots 76.947ms
[582.575s][info][gc,marking  ] GC(1292) Concurrent Preclean
[582.575s][info][gc,marking  ] GC(1292) Concurrent Preclean 0.062ms
[582.575s][info][gc,start    ] GC(1292) Pause Remark
[582.592s][info][gc          ] GC(1292) Pause Remark 97M->97M(256M) 16.224ms
[582.592s][info][gc,cpu      ] GC(1292) User=0.03s Sys=0.00s Real=0.02s
[582.592s][info][gc,marking  ] GC(1292) Concurrent Mark 93.559ms
[582.592s][info][gc,marking  ] GC(1292) Concurrent Rebuild Remembered Sets and Scrub Regions
[582.622s][info][gc,marking  ] GC(1292) Concurrent Rebuild Remembered Sets and Scrub Regions 30.073ms
[582.622s][info][gc,start    ] GC(1292) Pause Cleanup
[582.622s][info][gc          ] GC(1292) Pause Cleanup 109M->109M(256M) 0.044ms
[582.622s][info][gc,cpu      ] GC(1292) User=0.00s Sys=0.00s Real=0.00s
[582.622s][info][gc,marking  ] GC(1292) Concurrent Clear Claimed Marks
[582.622s][info][gc,marking  ] GC(1292) Concurrent Clear Claimed Marks 0.037ms
[582.622s][info][gc,marking  ] GC(1292) Concurrent Cleanup for Next Mark
[582.623s][info][gc,marking  ] GC(1292) Concurrent Cleanup for Next Mark 0.752ms
[582.623s][info][gc          ] GC(1292) Concurrent Mark Cycle 130.091ms
[582.834s][info][gc,start    ] GC(1293) Pause Young (Prepare Mixed) (G1 Evacuation Pause)
[582.834s][info][gc,task     ] GC(1293) Using 2 workers of 2 for evacuation
[582.841s][info][gc,phases   ] GC(1293)   Pre Evacuate Collection Set: 0.15ms
[582.841s][info][gc,phases   ] GC(1293)   Merge Heap Roots: 0.08ms
[582.841s][info][gc,phases   ] GC(1293)   Evacuate Collection Set: 6.33ms
[582.841s][info][gc,phases   ] GC(1293)   Post Evacuate Collection Set: 0.58ms
[582.841s][info][gc,phases   ] GC(1293)   Other: 0.10ms
[582.841s][info][gc,heap     ] GC(1293) Eden regions: 146->0(143)
[582.841s][info][gc,heap     ] GC(1293) Survivor regions: 7->10(20)
[582.841s][info][gc,heap     ] GC(1293) Old regions: 56->56
[582.841s][info][gc,heap     ] GC(1293) Humongous regions: 1->1
[582.841s][info][gc,metaspace] GC(1293) Metaspace: 43190K(43584K)->43190K(43584K) NonClass: 40375K(40640K)->40375K(40640K) Class: 2815K(2944K)->2815K(2944K)
[582.841s][info][gc          ] GC(1293) Pause Young (Prepare Mixed) (G1 Evacuation Pause) 208M->65M(256M) 7.428ms
[582.841s][info][gc,cpu      ] GC(1293) User=0.02s Sys=0.00s Real=0.01s
[583.132s][info][gc,start    ] GC(1294) Pause Young (Mixed) (G1 Evacuation Pause)
[583.132s][info][gc,task     ] GC(1294) Using 2 workers of 2 for evacuation
[583.147s][info][gc,phases   ] GC(1294)   Pre Evacuate Collection Set: 0.15ms
[583.147s][info][gc,phases   ] GC(1294)   Merge Heap Roots: 0.18ms
[583.147s][info][gc,phases   ] GC(1294)   Evacuate Collection Set: 14.23ms
[583.147s][info][gc,phases   ] GC(1294)   Post Evacuate Collection Set: 0.46ms
[583.147s][info][gc,phases   ] GC(1294)   Other: 0.07ms
[583.147s][info][gc,heap     ] GC(1294) Eden regions: 143->0(141)
[583.147s][info][gc,heap     ] GC(1294) Survivor regions: 10->12(20)
[583.147s][info][gc,heap     ] GC(1294) Old regions: 56->53
[583.147s][info][gc,heap     ] GC(1294) Humongous regions: 1->1
[583.147s][info][gc,metaspace] GC(1294) Metaspace: 43190K(43584K)->43190K(43584K) NonClass: 40375K(40640K)->40375K(40640K) Class: 2815K(2944K)->2815K(2944K)
[583.147s][info][gc          ] GC(1294) Pause Young (Mixed) (G1 Evacuation Pause) 208M->65M(256M) 15.311ms
[583.147s][info][gc,cpu      ] GC(1294) User=0.03s Sys=0.00s Real=0.02s
[583.461s][info][gc,start    ] GC(1295) Pause Young (Concurrent Start) (G1 Evacuation Pause)
[583.461s][info][gc,task     ] GC(1295) Using 2 workers of 2 for evacuation
[583.468s][info][gc,phases   ] GC(1295)   Pre Evacuate Collection Set: 0.15ms
[583.468s][info][gc,phases   ] GC(1295)   Merge Heap Roots: 0.07ms
[583.468s][info][gc,phases   ] GC(1295)   Evacuate Collection Set: 5.44ms
[583.468s][info][gc,phases   ] GC(1295)   Post Evacuate Collection Set: 0.43ms
[583.468s][info][gc,phases   ] GC(1295)   Other: 0.14ms
[583.468s][info][gc,heap     ] GC(1295) Eden regions: 141->0(149)
[583.468s][info][gc,heap     ] GC(1295) Survivor regions: 12->4(20)
[583.468s][info][gc,heap     ] GC(1295) Old regions: 53->58
[583.468s][info][gc,heap     ] GC(1295) Humongous regions: 1->1
[583.468s][info][gc,metaspace] GC(1295) Metaspace: 43190K(43584K)->43190K(43584K) NonClass: 40375K(40640K)->40375K(40640K) Class: 2815K(2944K)->2815K(2944K)
[583.468s][info][gc          ] GC(1295) Pause Young (Concurrent Start) (G1 Evacuation Pause) 206M->62M(256M) 6.468ms
[583.468s][info][gc,cpu      ] GC(1295) User=0.01s Sys=0.00s Real=0.01s
[583.468s][info][gc          ] GC(1296) Concurrent Mark Cycle
[583.470s][info][gc,marking  ] GC(1296) Concurrent Scan Root Regions
[583.473s][info][gc,marking  ] GC(1296) Concurrent Scan Root Regions 3.226ms
[583.473s][info][gc,marking  ] GC(1296) Concurrent Mark
[583.473s][info][gc,marking  ] GC(1296) Concurrent Mark From Roots
[583.473s][info][gc,task     ] GC(1296) Using 1 workers of 1 for marking
[583.545s][info][gc,marking  ] GC(1296) Concurrent Mark From Roots 71.587ms
[583.545s][info][gc,marking  ] GC(1296) Concurrent Preclean
[583.545s][info][gc,marking  ] GC(1296) Concurrent Preclean 0.088ms
[583.545s][info][gc,start    ] GC(1296) Pause Remark
[583.561s][info][gc          ] GC(1296) Pause Remark 89M->89M(256M) 16.095ms
[583.561s][info][gc,cpu      ] GC(1296) User=0.03s Sys=0.00s Real=0.02s
[583.561s][info][gc,marking  ] GC(1296) Concurrent Mark 88.081ms
[583.561s][info][gc,marking  ] GC(1296) Concurrent Rebuild Remembered Sets and Scrub Regions
[583.594s][info][gc,marking  ] GC(1296) Concurrent Rebuild Remembered Sets and Scrub Regions 33.209ms
[583.595s][info][gc,start    ] GC(1296) Pause Cleanup
[583.595s][info][gc          ] GC(1296) Pause Cleanup 101M->101M(256M) 0.060ms
[583.595s][info][gc,cpu      ] GC(1296) User=0.00s Sys=0.00s Real=0.00s
[583.595s][info][gc,marking  ] GC(1296) Concurrent Clear Claimed Marks
[583.595s][info][gc,marking  ] GC(1296) Concurrent Clear Claimed Marks 0.042ms
[583.595s][info][gc,marking  ] GC(1296) Concurrent Cleanup for Next Mark
[583.595s][info][gc,marking  ] GC(1296) Concurrent Cleanup for Next Mark 0.783ms
[583.595s][info][gc          ] GC(1296) Concurrent Mark Cycle 127.716ms
[583.832s][info][gc,start    ] GC(1297) Pause Young (Prepare Mixed) (G1 Evacuation Pause)
[583.832s][info][gc,task     ] GC(1297) Using 2 workers of 2 for evacuation
[583.837s][info][gc,phases   ] GC(1297)   Pre Evacuate Collection Set: 0.19ms
[583.837s][info][gc,phases   ] GC(1297)   Merge Heap Roots: 0.08ms
[583.837s][info][gc,phases   ] GC(1297)   Evacuate Collection Set: 4.40ms
[583.837s][info][gc,phases   ] GC(1297)   Post Evacuate Collection Set: 0.59ms
[583.837s][info][gc,phases   ] GC(1297)   Other: 0.09ms
[583.837s][info][gc,heap     ] GC(1297) Eden regions: 149->0(145)
[583.837s][info][gc,heap     ] GC(1297) Survivor regions: 4->8(20)
[583.837s][info][gc,heap     ] GC(1297) Old regions: 58->58
[583.837s][info][gc,heap     ] GC(1297) Humongous regions: 1->1
[583.837s][info][gc,metaspace] GC(1297) Metaspace: 43191K(43584K)->43191K(43584K) NonClass: 40375K(40640K)->40375K(40640K) Class: 2815K(2944K)->2815K(2944K)
[583.837s][info][gc          ] GC(1297) Pause Young (Prepare Mixed) (G1 Evacuation Pause) 211M->66M(256M) 5.536ms
[583.837s][info][gc,cpu      ] GC(1297) User=0.01s Sys=0.00s Real=0.01s
[584.144s][info][gc,start    ] GC(1298) Pause Young (Mixed) (G1 Evacuation Pause)
[584.144s][info][gc,task     ] GC(1298) Using 2 workers of 2 for evacuation
[584.153s][info][gc,phases   ] GC(1298)   Pre Evacuate Collection Set: 0.16ms
[584.153s][info][gc,phases   ] GC(1298)   Merge Heap Roots: 0.15ms
[584.153s][info][gc,phases   ] GC(1298)   Evacuate Collection Set: 8.09ms
[584.153s][info][gc,phases   ] GC(1298)   Post Evacuate Collection Set: 0.55ms
[584.153s][info][gc,phases   ] GC(1298)   Other: 0.07ms
[584.153s][info][gc,heap     ] GC(1298) Eden regions: 145->0(146)
[584.153s][info][gc,heap     ] GC(1298) Survivor regions: 8->7(20)
[584.153s][info][gc,heap     ] GC(1298) Old regions: 58->56
[584.153s][info][gc,heap     ] GC(1298) Humongous regions: 1->1
[584.153s][info][gc,metaspace] GC(1298) Metaspace: 43191K(43584K)->43191K(43584K) NonClass: 40375K(40640K)->40375K(40640K) Class: 2815K(2944K)->2815K(2944K)
[584.153s][info][gc          ] GC(1298) Pause Young (Mixed) (G1 Evacuation Pause) 211M->63M(256M) 9.230ms
[584.153s][info][gc,cpu      ] GC(1298) User=0.01s Sys=0.00s Real=0.01s
[584.902s][info][gc,start    ] GC(1299) Pause Young (Concurrent Start) (G1 Humongous Allocation)
[584.902s][info][gc,task     ] GC(1299) Using 2 workers of 2 for evacuation
[584.905s][info][gc,phases   ] GC(1299)   Pre Evacuate Collection Set: 0.16ms
[584.905s][info][gc,phases   ] GC(1299)   Merge Heap Roots: 0.11ms
[584.905s][info][gc,phases   ] GC(1299)   Evacuate Collection Set: 2.43ms
[584.905s][info][gc,phases   ] GC(1299)   Post Evacuate Collection Set: 0.47ms
[584.905s][info][gc,phases   ] GC(1299)   Other: 0.08ms
[584.905s][info][gc,heap     ] GC(1299) Eden regions: 141->0(152)
[584.905s][info][gc,heap     ] GC(1299) Survivor regions: 7->1(20)
[584.905s][info][gc,heap     ] GC(1299) Old regions: 56->56
[584.905s][info][gc,heap     ] GC(1299) Humongous regions: 1->1
[584.905s][info][gc,metaspace] GC(1299) Metaspace: 43191K(43584K)->43191K(43584K) NonClass: 40375K(40640K)->40375K(40640K) Class: 2815K(2944K)->2815K(2944K)
[584.905s][info][gc          ] GC(1299) Pause Young (Concurrent Start) (G1 Humongous Allocation) 204M->57M(256M) 3.437ms
[584.905s][info][gc          ] GC(1300) Concurrent Mark Cycle
[584.905s][info][gc,marking  ] GC(1300) Concurrent Scan Root Regions
[584.905s][info][gc,cpu      ] GC(1299) User=0.00s Sys=0.00s Real=0.00s
[584.907s][info][gc,marking  ] GC(1300) Concurrent Scan Root Regions 1.469ms
[584.907s][info][gc,marking  ] GC(1300) Concurrent Mark
[584.907s][info][gc,marking  ] GC(1300) Concurrent Mark From Roots
[584.907s][info][gc,task     ] GC(1300) Using 1 workers of 1 for marking
[584.990s][info][gc,marking  ] GC(1300) Concurrent Mark From Roots 83.011ms
[584.990s][info][gc,marking  ] GC(1300) Concurrent Preclean
[584.990s][info][gc,marking  ] GC(1300) Concurrent Preclean 0.239ms
[584.990s][info][gc,start    ] GC(1300) Pause Remark
[585.006s][info][gc          ] GC(1300) Pause Remark 76M->75M(256M) 16.131ms
[585.006s][info][gc,cpu      ] GC(1300) User=0.03s Sys=0.00s Real=0.01s
[585.007s][info][gc,marking  ] GC(1300) Concurrent Mark 100.351ms
[585.007s][info][gc,marking  ] GC(1300) Concurrent Rebuild Remembered Sets and Scrub Regions
[585.033s][info][gc,marking  ] GC(1300) Concurrent Rebuild Remembered Sets and Scrub Regions 25.602ms
[585.033s][info][gc,start    ] GC(1300) Pause Cleanup
[585.033s][info][gc          ] GC(1300) Pause Cleanup 79M->79M(256M) 0.041ms
[585.033s][info][gc,cpu      ] GC(1300) User=0.00s Sys=0.00s Real=0.00s
[585.033s][info][gc,marking  ] GC(1300) Concurrent Clear Claimed Marks
[585.033s][info][gc,marking  ] GC(1300) Concurrent Clear Claimed Marks 0.032ms
[585.033s][info][gc,marking  ] GC(1300) Concurrent Cleanup for Next Mark
[585.034s][info][gc,marking  ] GC(1300) Concurrent Cleanup for Next Mark 1.320ms
[585.034s][info][gc          ] GC(1300) Concurrent Mark Cycle 129.005ms
[585.791s][info][gc,start    ] GC(1301) Pause Young (Prepare Mixed) (G1 Evacuation Pause)
[585.791s][info][gc,task     ] GC(1301) Using 2 workers of 2 for evacuation
[585.803s][info][gc,phases   ] GC(1301)   Pre Evacuate Collection Set: 0.16ms
[585.803s][info][gc,phases   ] GC(1301)   Merge Heap Roots: 0.11ms
[585.803s][info][gc,phases   ] GC(1301)   Evacuate Collection Set: 11.11ms
[585.803s][info][gc,phases   ] GC(1301)   Post Evacuate Collection Set: 0.51ms
[585.803s][info][gc,phases   ] GC(1301)   Other: 0.09ms
[585.803s][info][gc,heap     ] GC(1301) Eden regions: 152->0(141)
[585.803s][info][gc,heap     ] GC(1301) Survivor regions: 1->12(20)
[585.803s][info][gc,heap     ] GC(1301) Old regions: 55->55
[585.803s][info][gc,heap     ] GC(1301) Humongous regions: 13->3
[585.803s][info][gc,metaspace] GC(1301) Metaspace: 43197K(43584K)->43197K(43584K) NonClass: 40382K(40640K)->40382K(40640K) Class: 2815K(2944K)->2815K(2944K)
[585.803s][info][gc          ] GC(1301) Pause Young (Prepare Mixed) (G1 Evacuation Pause) 220M->69M(256M) 12.150ms
[585.803s][info][gc,cpu      ] GC(1301) User=0.02s Sys=0.00s Real=0.01s
[586.086s][info][gc,start    ] GC(1302) Pause Young (Mixed) (G1 Evacuation Pause)
[586.086s][info][gc,task     ] GC(1302) Using 2 workers of 2 for evacuation
[586.116s][info][gc,phases   ] GC(1302)   Pre Evacuate Collection Set: 0.16ms
[586.116s][info][gc,phases   ] GC(1302)   Merge Heap Roots: 0.19ms
[586.116s][info][gc,phases   ] GC(1302)   Evacuate Collection Set: 29.21ms
[586.116s][info][gc,phases   ] GC(1302)   Post Evacuate Collection Set: 0.44ms
[586.116s][info][gc,phases   ] GC(1302)   Other: 0.08ms
[586.116s][info][gc,heap     ] GC(1302) Eden regions: 141->0(137)
[586.116s][info][gc,heap     ] GC(1302) Survivor regions: 12->16(20)
[586.116s][info][gc,heap     ] GC(1302) Old regions: 55->59
[586.116s][info][gc,heap     ] GC(1302) Humongous regions: 4->4
[586.116s][info][gc,metaspace] GC(1302) Metaspace: 43197K(43584K)->43197K(43584K) NonClass: 40382K(40640K)->40382K(40640K) Class: 2815K(2944K)->2815K(2944K)
[586.117s][info][gc          ] GC(1302) Pause Young (Mixed) (G1 Evacuation Pause) 211M->78M(256M) 30.261ms
[586.117s][info][gc,cpu      ] GC(1302) User=0.06s Sys=0.00s Real=0.03s
[586.370s][info][gc,start    ] GC(1303) Pause Young (Concurrent Start) (G1 Humongous Allocation)
[586.370s][info][gc,task     ] GC(1303) Using 2 workers of 2 for evacuation
[586.398s][info][gc,phases   ] GC(1303)   Pre Evacuate Collection Set: 0.18ms
[586.398s][info][gc,phases   ] GC(1303)   Merge Heap Roots: 0.08ms
[586.398s][info][gc,phases   ] GC(1303)   Evacuate Collection Set: 27.02ms
[586.398s][info][gc,phases   ] GC(1303)   Post Evacuate Collection Set: 0.41ms
[586.398s][info][gc,phases   ] GC(1303)   Other: 0.12ms
[586.398s][info][gc,heap     ] GC(1303) Eden regions: 125->0(130)
[586.398s][info][gc,heap     ] GC(1303) Survivor regions: 16->15(20)
[586.398s][info][gc,heap     ] GC(1303) Old regions: 59->75
[586.398s][info][gc,heap     ] GC(1303) Humongous regions: 4->4
[586.398s][info][gc,metaspace] GC(1303) Metaspace: 43197K(43584K)->43197K(43584K) NonClass: 40382K(40640K)->40382K(40640K) Class: 2815K(2944K)->2815K(2944K)
[586.398s][info][gc          ] GC(1303) Pause Young (Concurrent Start) (G1 Humongous Allocation) 202M->93M(256M) 27.979ms
[586.398s][info][gc,cpu      ] GC(1303) User=0.05s Sys=0.00s Real=0.03s
[586.398s][info][gc          ] GC(1304) Concurrent Mark Cycle
[586.398s][info][gc,marking  ] GC(1304) Concurrent Scan Root Regions
[586.437s][info][gc,marking  ] GC(1304) Concurrent Scan Root Regions 38.310ms
[586.437s][info][gc,marking  ] GC(1304) Concurrent Mark
[586.437s][info][gc,marking  ] GC(1304) Concurrent Mark From Roots
[586.437s][info][gc,task     ] GC(1304) Using 1 workers of 1 for marking
[586.563s][info][gc,marking  ] GC(1304) Concurrent Mark From Roots 125.853ms
[586.563s][info][gc,marking  ] GC(1304) Concurrent Preclean
[586.563s][info][gc,marking  ] GC(1304) Concurrent Preclean 0.141ms
[586.563s][info][gc,start    ] GC(1304) Pause Remark
[586.580s][info][gc          ] GC(1304) Pause Remark 160M->158M(256M) 17.431ms
[586.580s][info][gc,cpu      ] GC(1304) User=0.03s Sys=0.00s Real=0.02s
[586.583s][info][gc,marking  ] GC(1304) Concurrent Mark 145.957ms
[586.583s][info][gc,marking  ] GC(1304) Concurrent Rebuild Remembered Sets and Scrub Regions
[586.655s][info][gc,marking  ] GC(1304) Concurrent Rebuild Remembered Sets and Scrub Regions 72.187ms
[586.655s][info][gc,start    ] GC(1304) Pause Cleanup
[586.655s][info][gc          ] GC(1304) Pause Cleanup 177M->177M(256M) 0.043ms
[586.655s][info][gc,cpu      ] GC(1304) User=0.00s Sys=0.00s Real=0.00s
[586.655s][info][gc,marking  ] GC(1304) Concurrent Clear Claimed Marks
[586.655s][info][gc,marking  ] GC(1304) Concurrent Clear Claimed Marks 0.037ms
[586.655s][info][gc,marking  ] GC(1304) Concurrent Cleanup for Next Mark
[586.656s][info][gc,marking  ] GC(1304) Concurrent Cleanup for Next Mark 0.745ms
[586.656s][info][gc          ] GC(1304) Concurrent Mark Cycle 257.581ms
[586.763s][info][gc,start    ] GC(1305) Pause Young (Prepare Mixed) (G1 Evacuation Pause)
[586.763s][info][gc,task     ] GC(1305) Using 2 workers of 2 for evacuation
[586.794s][info][gc,phases   ] GC(1305)   Pre Evacuate Collection Set: 0.14ms
[586.794s][info][gc,phases   ] GC(1305)   Merge Heap Roots: 0.09ms
[586.794s][info][gc,phases   ] GC(1305)   Evacuate Collection Set: 30.21ms
[586.794s][info][gc,phases   ] GC(1305)   Post Evacuate Collection Set: 0.45ms
[586.794s][info][gc,phases   ] GC(1305)   Other: 0.07ms
[586.794s][info][gc,heap     ] GC(1305) Eden regions: 130->0(118)
[586.794s][info][gc,heap     ] GC(1305) Survivor regions: 15->14(19)
[586.794s][info][gc,heap     ] GC(1305) Old regions: 73->87
[586.794s][info][gc,heap     ] GC(1305) Humongous regions: 6->6
[586.794s][info][gc,metaspace] GC(1305) Metaspace: 43197K(43584K)->43197K(43584K) NonClass: 40382K(40640K)->40382K(40640K) Class: 2815K(2944K)->2815K(2944K)
[586.794s][info][gc          ] GC(1305) Pause Young (Prepare Mixed) (G1 Evacuation Pause) 223M->107M(256M) 31.131ms
[586.794s][info][gc,cpu      ] GC(1305) User=0.06s Sys=0.00s Real=0.03s
[587.030s][info][gc,start    ] GC(1306) Pause Young (Mixed) (G1 Evacuation Pause)
[587.030s][info][gc,task     ] GC(1306) Using 2 workers of 2 for evacuation
[587.059s][info][gc,phases   ] GC(1306)   Pre Evacuate Collection Set: 0.14ms
[587.059s][info][gc,phases   ] GC(1306)   Merge Heap Roots: 0.12ms
[587.059s][info][gc,phases   ] GC(1306)   Evacuate Collection Set: 28.17ms
[587.059s][info][gc,phases   ] GC(1306)   Post Evacuate Collection Set: 0.43ms
[587.059s][info][gc,phases   ] GC(1306)   Other: 0.08ms
[587.059s][info][gc,heap     ] GC(1306) Eden regions: 118->0(115)
[587.059s][info][gc,heap     ] GC(1306) Survivor regions: 14->13(17)
[587.059s][info][gc,heap     ] GC(1306) Old regions: 87->91
[587.059s][info][gc,heap     ] GC(1306) Humongous regions: 6->6
[587.059s][info][gc,metaspace] GC(1306) Metaspace: 43197K(43584K)->43197K(43584K) NonClass: 40382K(40640K)->40382K(40640K) Class: 2815K(2944K)->2815K(2944K)
[587.059s][info][gc          ] GC(1306) Pause Young (Mixed) (G1 Evacuation Pause) 225M->110M(256M) 29.120ms
[587.059s][info][gc,cpu      ] GC(1306) User=0.06s Sys=0.00s Real=0.03s
[587.166s][info][gc,start    ] GC(1307) Pause Young (Concurrent Start) (G1 Humongous Allocation)
[587.166s][info][gc,task     ] GC(1307) Using 2 workers of 2 for evacuation
[587.187s][info][gc,phases   ] GC(1307)   Pre Evacuate Collection Set: 0.16ms
[587.187s][info][gc,phases   ] GC(1307)   Merge Heap Roots: 0.10ms
[587.187s][info][gc,phases   ] GC(1307)   Evacuate Collection Set: 19.98ms
[587.187s][info][gc,phases   ] GC(1307)   Post Evacuate Collection Set: 0.35ms
[587.187s][info][gc,phases   ] GC(1307)   Other: 0.09ms
[587.187s][info][gc,heap     ] GC(1307) Eden regions: 53->0(112)
[587.187s][info][gc,heap     ] GC(1307) Survivor regions: 13->6(16)
[587.187s][info][gc,heap     ] GC(1307) Old regions: 91->104
[587.187s][info][gc,heap     ] GC(1307) Humongous regions: 6->6
[587.187s][info][gc,metaspace] GC(1307) Metaspace: 43197K(43584K)->43197K(43584K) NonClass: 40382K(40640K)->40382K(40640K) Class: 2815K(2944K)->2815K(2944K)
[587.187s][info][gc          ] GC(1307) Pause Young (Concurrent Start) (G1 Humongous Allocation) 162M->116M(256M) 20.853ms
[587.187s][info][gc,cpu      ] GC(1307) User=0.04s Sys=0.00s Real=0.02s
[587.187s][info][gc          ] GC(1308) Concurrent Mark Cycle
[587.187s][info][gc,marking  ] GC(1308) Concurrent Scan Root Regions
[587.202s][info][gc,marking  ] GC(1308) Concurrent Scan Root Regions 15.445ms
[587.202s][info][gc,marking  ] GC(1308) Concurrent Mark
[587.202s][info][gc,marking  ] GC(1308) Concurrent Mark From Roots
[587.202s][info][gc,task     ] GC(1308) Using 1 workers of 1 for marking
[587.335s][info][gc,marking  ] GC(1308) Concurrent Mark From Roots 132.575ms
[587.335s][info][gc,marking  ] GC(1308) Concurrent Preclean
[587.335s][info][gc,marking  ] GC(1308) Concurrent Preclean 0.043ms
[587.335s][info][gc,start    ] GC(1308) Pause Remark
[587.351s][info][gc          ] GC(1308) Pause Remark 142M->141M(256M) 16.296ms
[587.351s][info][gc,cpu      ] GC(1308) User=0.03s Sys=0.00s Real=0.02s
[587.352s][info][gc,marking  ] GC(1308) Concurrent Mark 149.943ms
[587.352s][info][gc,marking  ] GC(1308) Concurrent Rebuild Remembered Sets and Scrub Regions
[587.428s][info][gc,marking  ] GC(1308) Concurrent Rebuild Remembered Sets and Scrub Regions 75.734ms
[587.428s][info][gc,start    ] GC(1308) Pause Cleanup
[587.428s][info][gc          ] GC(1308) Pause Cleanup 172M->172M(256M) 0.042ms
[587.428s][info][gc,cpu      ] GC(1308) User=0.00s Sys=0.00s Real=0.00s
[587.428s][info][gc,marking  ] GC(1308) Concurrent Clear Claimed Marks
[587.428s][info][gc,marking  ] GC(1308) Concurrent Clear Claimed Marks 0.037ms
[587.428s][info][gc,marking  ] GC(1308) Concurrent Cleanup for Next Mark
[587.429s][info][gc,marking  ] GC(1308) Concurrent Cleanup for Next Mark 0.767ms
[587.429s][info][gc          ] GC(1308) Concurrent Mark Cycle 242.170ms
[587.554s][info][gc,start    ] GC(1309) Pause Young (Prepare Mixed) (G1 Evacuation Pause)
[587.554s][info][gc,task     ] GC(1309) Using 2 workers of 2 for evacuation
[587.576s][info][gc,phases   ] GC(1309)   Pre Evacuate Collection Set: 0.14ms
[587.576s][info][gc,phases   ] GC(1309)   Merge Heap Roots: 0.12ms
[587.577s][info][gc,phases   ] GC(1309)   Evacuate Collection Set: 21.84ms
[587.577s][info][gc,phases   ] GC(1309)   Post Evacuate Collection Set: 0.39ms
[587.577s][info][gc,phases   ] GC(1309)   Other: 0.08ms
[587.577s][info][gc,heap     ] GC(1309) Eden regions: 112->0(97)
[587.577s][info][gc,heap     ] GC(1309) Survivor regions: 6->15(15)
[587.577s][info][gc,heap     ] GC(1309) Old regions: 104->106
[587.577s][info][gc,heap     ] GC(1309) Humongous regions: 10->9
[587.577s][info][gc,metaspace] GC(1309) Metaspace: 43197K(43584K)->43197K(43584K) NonClass: 40382K(40640K)->40382K(40640K) Class: 2815K(2944K)->2815K(2944K)
[587.577s][info][gc          ] GC(1309) Pause Young (Prepare Mixed) (G1 Evacuation Pause) 232M->129M(256M) 22.763ms
[587.577s][info][gc,cpu      ] GC(1309) User=0.05s Sys=0.00s Real=0.02s
[587.727s][info][gc,heap,exit] Heap
[587.727s][info][gc,heap,exit]  garbage-first heap   total reserved 1001472K, committed 262144K, used 182605K [0x00000000c2e00000, 0x0000000100000000)
[587.727s][info][gc,heap,exit]   region size 1024K, 64 young (65536K), 15 survivors (15360K)
[587.727s][info][gc,heap,exit]  Metaspace       used 43333K, committed 43648K, reserved 1114112K
[587.727s][info][gc,heap,exit]   class space    used 2830K, committed 2944K, reserved 1048576K
